2021-05-28T14:06:14.4920702Z ##[section]Starting: Request a runner to run this job
2021-05-28T14:06:15.2119440Z Can't find any online and idle self-hosted runner in current repository that matches the required labels: 'ubuntu-latest'
2021-05-28T14:06:15.2119880Z Can't find any online and idle self-hosted runner in current repository's account/organization that matches the required labels: 'ubuntu-latest'
2021-05-28T14:06:15.2120151Z Found online and idle hosted runner in current repository's account/organization that matches the required labels: 'ubuntu-latest'
2021-05-28T14:06:15.3780456Z ##[section]Finishing: Request a runner to run this job
2021-05-28T14:06:24.6241089Z Current runner version: '2.278.0'
2021-05-28T14:06:24.6268075Z ##[group]Operating System
2021-05-28T14:06:24.6269023Z Ubuntu
2021-05-28T14:06:24.6269665Z 20.04.2
2021-05-28T14:06:24.6270070Z LTS
2021-05-28T14:06:24.6270686Z ##[endgroup]
2021-05-28T14:06:24.6271258Z ##[group]Virtual Environment
2021-05-28T14:06:24.6271839Z Environment: ubuntu-20.04
2021-05-28T14:06:24.6272373Z Version: 20210524.1
2021-05-28T14:06:24.6273266Z Included Software: https://github.com/actions/virtual-environments/blob/ubuntu20/20210524.1/images/linux/Ubuntu2004-README.md
2021-05-28T14:06:24.6274664Z Image Release: https://github.com/actions/virtual-environments/releases/tag/ubuntu20%2F20210524.1
2021-05-28T14:06:24.6275690Z ##[endgroup]
2021-05-28T14:06:24.6277443Z ##[group]GITHUB_TOKEN Permissions
2021-05-28T14:06:24.6278755Z Actions: write
2021-05-28T14:06:24.6279241Z Checks: write
2021-05-28T14:06:24.6279703Z Contents: write
2021-05-28T14:06:24.6280433Z Deployments: write
2021-05-28T14:06:24.6281031Z Issues: write
2021-05-28T14:06:24.6281541Z Metadata: read
2021-05-28T14:06:24.6281991Z Packages: write
2021-05-28T14:06:24.6283031Z PullRequests: write
2021-05-28T14:06:24.6283657Z RepositoryProjects: write
2021-05-28T14:06:24.6284289Z SecurityEvents: write
2021-05-28T14:06:24.6284796Z Statuses: write
2021-05-28T14:06:24.6293140Z ##[endgroup]
2021-05-28T14:06:24.6297743Z Prepare workflow directory
2021-05-28T14:06:24.6979395Z Prepare all required actions
2021-05-28T14:06:24.6989477Z Getting action download info
2021-05-28T14:06:25.0750966Z Download action repository 'actions/checkout@v2'
2021-05-28T14:06:27.1174989Z Download action repository 'actions/setup-python@v2'
2021-05-28T14:06:27.5590147Z Download action repository 'codecov/codecov-action@v1'
2021-05-28T14:06:28.2841639Z ##[group]Run actions/checkout@v2
2021-05-28T14:06:28.2842325Z with:
2021-05-28T14:06:28.2843136Z   fetch-depth: 0
2021-05-28T14:06:28.2843926Z   repository: con/tinuous
2021-05-28T14:06:28.2844821Z   token: ***
2021-05-28T14:06:28.2845210Z   ssh-strict: true
2021-05-28T14:06:28.2845765Z   persist-credentials: true
2021-05-28T14:06:28.2846560Z   clean: true
2021-05-28T14:06:28.2847031Z   lfs: false
2021-05-28T14:06:28.2847595Z   submodules: false
2021-05-28T14:06:28.2848047Z ##[endgroup]
2021-05-28T14:06:29.1282117Z Syncing repository: con/tinuous
2021-05-28T14:06:29.1283898Z ##[group]Getting Git version info
2021-05-28T14:06:29.1475234Z Working directory is '/home/runner/work/tinuous/tinuous'
2021-05-28T14:06:29.1475901Z [command]/usr/bin/git version
2021-05-28T14:06:29.1476293Z git version 2.31.1
2021-05-28T14:06:29.1477195Z ##[endgroup]
2021-05-28T14:06:29.1477904Z Deleting the contents of '/home/runner/work/tinuous/tinuous'
2021-05-28T14:06:29.1479096Z ##[group]Initializing the repository
2021-05-28T14:06:29.1479709Z [command]/usr/bin/git init /home/runner/work/tinuous/tinuous
2021-05-28T14:06:29.1480626Z hint: Using 'master' as the name for the initial branch. This default branch name
2021-05-28T14:06:29.1481354Z hint: is subject to change. To configure the initial branch name to use in all
2021-05-28T14:06:29.1482105Z hint: of your new repositories, which will suppress this warning, call:
2021-05-28T14:06:29.1482879Z hint: 
2021-05-28T14:06:29.1483595Z hint: 	git config --global init.defaultBranch <name>
2021-05-28T14:06:29.1484060Z hint: 
2021-05-28T14:06:29.1484708Z hint: Names commonly chosen instead of 'master' are 'main', 'trunk' and
2021-05-28T14:06:29.1485749Z hint: 'development'. The just-created branch can be renamed via this command:
2021-05-28T14:06:29.1486256Z hint: 
2021-05-28T14:06:29.1486978Z hint: 	git branch -m <name>
2021-05-28T14:06:29.1487564Z Initialized empty Git repository in /home/runner/work/tinuous/tinuous/.git/
2021-05-28T14:06:29.1488351Z [command]/usr/bin/git remote add origin https://github.com/con/tinuous
2021-05-28T14:06:29.1488942Z ##[endgroup]
2021-05-28T14:06:29.1489435Z ##[group]Disabling automatic garbage collection
2021-05-28T14:06:29.1490171Z [command]/usr/bin/git config --local gc.auto 0
2021-05-28T14:06:29.1490630Z ##[endgroup]
2021-05-28T14:06:29.1492441Z ##[group]Setting up auth
2021-05-28T14:06:29.1493466Z [command]/usr/bin/git config --local --name-only --get-regexp core\.sshCommand
2021-05-28T14:06:29.1495247Z [command]/usr/bin/git submodule foreach --recursive git config --local --name-only --get-regexp 'core\.sshCommand' && git config --local --unset-all 'core.sshCommand' || :
2021-05-28T14:06:29.1496652Z [command]/usr/bin/git config --local --name-only --get-regexp http\.https\:\/\/github\.com\/\.extraheader
2021-05-28T14:06:29.1498572Z [command]/usr/bin/git submodule foreach --recursive git config --local --name-only --get-regexp 'http\.https\:\/\/github\.com\/\.extraheader' && git config --local --unset-all 'http.https://github.com/.extraheader' || :
2021-05-28T14:06:29.1500255Z [command]/usr/bin/git config --local http.https://github.com/.extraheader AUTHORIZATION: basic ***
2021-05-28T14:06:29.1501515Z ##[endgroup]
2021-05-28T14:06:29.1502063Z ##[group]Fetching the repository
2021-05-28T14:06:29.1503776Z [command]/usr/bin/git -c protocol.version=2 fetch --prune --progress --no-recurse-submodules origin +refs/heads/*:refs/remotes/origin/* +refs/tags/*:refs/tags/*
2021-05-28T14:06:29.1504793Z remote: Enumerating objects: 353, done.        
2021-05-28T14:06:29.1505513Z remote: Counting objects:   0% (1/353)        
2021-05-28T14:06:29.1506004Z remote: Counting objects:   1% (4/353)        
2021-05-28T14:06:29.1506657Z remote: Counting objects:   2% (8/353)        
2021-05-28T14:06:29.1507131Z remote: Counting objects:   3% (11/353)        
2021-05-28T14:06:29.1507597Z remote: Counting objects:   4% (15/353)        
2021-05-28T14:06:29.1508238Z remote: Counting objects:   5% (18/353)        
2021-05-28T14:06:29.1508882Z remote: Counting objects:   6% (22/353)        
2021-05-28T14:06:29.1509392Z remote: Counting objects:   7% (25/353)        
2021-05-28T14:06:29.1510004Z remote: Counting objects:   8% (29/353)        
2021-05-28T14:06:29.1510446Z remote: Counting objects:   9% (32/353)        
2021-05-28T14:06:29.1510882Z remote: Counting objects:  10% (36/353)        
2021-05-28T14:06:29.1511337Z remote: Counting objects:  11% (39/353)        
2021-05-28T14:06:29.1512296Z remote: Counting objects:  12% (43/353)        
2021-05-28T14:06:29.1512763Z remote: Counting objects:  13% (46/353)        
2021-05-28T14:06:29.1513238Z remote: Counting objects:  14% (50/353)        
2021-05-28T14:06:29.1513711Z remote: Counting objects:  15% (53/353)        
2021-05-28T14:06:29.1514191Z remote: Counting objects:  16% (57/353)        
2021-05-28T14:06:29.1515215Z remote: Counting objects:  17% (61/353)        
2021-05-28T14:06:29.1515674Z remote: Counting objects:  18% (64/353)        
2021-05-28T14:06:29.1516139Z remote: Counting objects:  19% (68/353)        
2021-05-28T14:06:29.1516606Z remote: Counting objects:  20% (71/353)        
2021-05-28T14:06:29.1517070Z remote: Counting objects:  21% (75/353)        
2021-05-28T14:06:29.1517525Z remote: Counting objects:  22% (78/353)        
2021-05-28T14:06:29.1517984Z remote: Counting objects:  23% (82/353)        
2021-05-28T14:06:29.1518449Z remote: Counting objects:  24% (85/353)        
2021-05-28T14:06:29.1518922Z remote: Counting objects:  25% (89/353)        
2021-05-28T14:06:29.1519381Z remote: Counting objects:  26% (92/353)        
2021-05-28T14:06:29.1519855Z remote: Counting objects:  27% (96/353)        
2021-05-28T14:06:29.1520315Z remote: Counting objects:  28% (99/353)        
2021-05-28T14:06:29.1521022Z remote: Counting objects:  29% (103/353)        
2021-05-28T14:06:29.1521504Z remote: Counting objects:  30% (106/353)        
2021-05-28T14:06:29.1522004Z remote: Counting objects:  31% (110/353)        
2021-05-28T14:06:29.1523023Z remote: Counting objects:  32% (113/353)        
2021-05-28T14:06:29.1523707Z remote: Counting objects:  33% (117/353)        
2021-05-28T14:06:29.1524372Z remote: Counting objects:  34% (121/353)        
2021-05-28T14:06:29.1525216Z remote: Counting objects:  35% (124/353)        
2021-05-28T14:06:29.1525754Z remote: Counting objects:  36% (128/353)        
2021-05-28T14:06:29.1526454Z remote: Counting objects:  37% (131/353)        
2021-05-28T14:06:29.1526980Z remote: Counting objects:  38% (135/353)        
2021-05-28T14:06:29.1527496Z remote: Counting objects:  39% (138/353)        
2021-05-28T14:06:29.1528195Z remote: Counting objects:  40% (142/353)        
2021-05-28T14:06:29.1529294Z remote: Counting objects:  41% (145/353)        
2021-05-28T14:06:29.1531183Z remote: Counting objects:  42% (149/353)        
2021-05-28T14:06:29.1531763Z remote: Counting objects:  43% (152/353)        
2021-05-28T14:06:29.1532301Z remote: Counting objects:  44% (156/353)        
2021-05-28T14:06:29.1532855Z remote: Counting objects:  45% (159/353)        
2021-05-28T14:06:29.1533569Z remote: Counting objects:  46% (163/353)        
2021-05-28T14:06:29.1534019Z remote: Counting objects:  47% (166/353)        
2021-05-28T14:06:29.1534459Z remote: Counting objects:  48% (170/353)        
2021-05-28T14:06:29.1534901Z remote: Counting objects:  49% (173/353)        
2021-05-28T14:06:29.1535367Z remote: Counting objects:  50% (177/353)        
2021-05-28T14:06:29.1535814Z remote: Counting objects:  51% (181/353)        
2021-05-28T14:06:29.1536277Z remote: Counting objects:  52% (184/353)        
2021-05-28T14:06:29.1536719Z remote: Counting objects:  53% (188/353)        
2021-05-28T14:06:29.1537181Z remote: Counting objects:  54% (191/353)        
2021-05-28T14:06:29.1537628Z remote: Counting objects:  55% (195/353)        
2021-05-28T14:06:29.1538086Z remote: Counting objects:  56% (198/353)        
2021-05-28T14:06:29.1538530Z remote: Counting objects:  57% (202/353)        
2021-05-28T14:06:29.1538986Z remote: Counting objects:  58% (205/353)        
2021-05-28T14:06:29.1539593Z remote: Counting objects:  59% (209/353)        
2021-05-28T14:06:29.1540073Z remote: Counting objects:  60% (212/353)        
2021-05-28T14:06:29.1540534Z remote: Counting objects:  61% (216/353)        
2021-05-28T14:06:29.1540995Z remote: Counting objects:  62% (219/353)        
2021-05-28T14:06:29.1541465Z remote: Counting objects:  63% (223/353)        
2021-05-28T14:06:29.1541918Z remote: Counting objects:  64% (226/353)        
2021-05-28T14:06:29.1542361Z remote: Counting objects:  65% (230/353)        
2021-05-28T14:06:29.1542995Z remote: Counting objects:  66% (233/353)        
2021-05-28T14:06:29.1543848Z remote: Counting objects:  67% (237/353)        
2021-05-28T14:06:29.1544515Z remote: Counting objects:  68% (241/353)        
2021-05-28T14:06:29.1544987Z remote: Counting objects:  69% (244/353)        
2021-05-28T14:06:29.1545468Z remote: Counting objects:  70% (248/353)        
2021-05-28T14:06:29.1545937Z remote: Counting objects:  71% (251/353)        
2021-05-28T14:06:29.1546427Z remote: Counting objects:  72% (255/353)        
2021-05-28T14:06:29.1546915Z remote: Counting objects:  73% (258/353)        
2021-05-28T14:06:29.1547536Z remote: Counting objects:  74% (262/353)        
2021-05-28T14:06:29.1548201Z remote: Counting objects:  75% (265/353)        
2021-05-28T14:06:29.1548643Z remote: Counting objects:  76% (269/353)        
2021-05-28T14:06:29.1549093Z remote: Counting objects:  77% (272/353)        
2021-05-28T14:06:29.1549532Z remote: Counting objects:  78% (276/353)        
2021-05-28T14:06:29.1549994Z remote: Counting objects:  79% (279/353)        
2021-05-28T14:06:29.1550437Z remote: Counting objects:  80% (283/353)        
2021-05-28T14:06:29.1550890Z remote: Counting objects:  81% (286/353)        
2021-05-28T14:06:29.1551329Z remote: Counting objects:  82% (290/353)        
2021-05-28T14:06:29.1551782Z remote: Counting objects:  83% (293/353)        
2021-05-28T14:06:29.1552230Z remote: Counting objects:  84% (297/353)        
2021-05-28T14:06:29.1552680Z remote: Counting objects:  85% (301/353)        
2021-05-28T14:06:29.1553144Z remote: Counting objects:  86% (304/353)        
2021-05-28T14:06:29.1553589Z remote: Counting objects:  87% (308/353)        
2021-05-28T14:06:29.1554039Z remote: Counting objects:  88% (311/353)        
2021-05-28T14:06:29.1554633Z remote: Counting objects:  89% (315/353)        
2021-05-28T14:06:29.1555167Z remote: Counting objects:  90% (318/353)        
2021-05-28T14:06:29.1555592Z remote: Counting objects:  91% (322/353)        
2021-05-28T14:06:29.1556034Z remote: Counting objects:  92% (325/353)        
2021-05-28T14:06:29.1556474Z remote: Counting objects:  93% (329/353)        
2021-05-28T14:06:29.1557166Z remote: Counting objects:  94% (332/353)        
2021-05-28T14:06:29.1557776Z remote: Counting objects:  95% (336/353)        
2021-05-28T14:06:29.1558388Z remote: Counting objects:  96% (339/353)        
2021-05-28T14:06:29.1559263Z remote: Counting objects:  97% (343/353)        
2021-05-28T14:06:29.1559893Z remote: Counting objects:  98% (346/353)        
2021-05-28T14:06:29.1560362Z remote: Counting objects:  99% (350/353)        
2021-05-28T14:06:29.1560818Z remote: Counting objects: 100% (353/353)        
2021-05-28T14:06:29.1561297Z remote: Counting objects: 100% (353/353), done.        
2021-05-28T14:06:29.1561955Z remote: Compressing objects:   0% (1/194)        
2021-05-28T14:06:29.1562985Z remote: Compressing objects:   1% (2/194)        
2021-05-28T14:06:29.1563703Z remote: Compressing objects:   2% (4/194)        
2021-05-28T14:06:29.1564170Z remote: Compressing objects:   3% (6/194)        
2021-05-28T14:06:29.1564647Z remote: Compressing objects:   4% (8/194)        
2021-05-28T14:06:29.1565148Z remote: Compressing objects:   5% (10/194)        
2021-05-28T14:06:29.1565643Z remote: Compressing objects:   6% (12/194)        
2021-05-28T14:06:29.1566457Z remote: Compressing objects:   7% (14/194)        
2021-05-28T14:06:29.1567123Z remote: Compressing objects:   8% (16/194)        
2021-05-28T14:06:29.1567717Z remote: Compressing objects:   9% (18/194)        
2021-05-28T14:06:29.1568504Z remote: Compressing objects:  10% (20/194)        
2021-05-28T14:06:29.1569025Z remote: Compressing objects:  11% (22/194)        
2021-05-28T14:06:29.1569525Z remote: Compressing objects:  12% (24/194)        
2021-05-28T14:06:29.1570050Z remote: Compressing objects:  13% (26/194)        
2021-05-28T14:06:29.1570557Z remote: Compressing objects:  14% (28/194)        
2021-05-28T14:06:29.1571214Z remote: Compressing objects:  15% (30/194)        
2021-05-28T14:06:29.1571930Z remote: Compressing objects:  16% (32/194)        
2021-05-28T14:06:29.1572436Z remote: Compressing objects:  17% (33/194)        
2021-05-28T14:06:29.1572936Z remote: Compressing objects:  18% (35/194)        
2021-05-28T14:06:29.1573426Z remote: Compressing objects:  19% (37/194)        
2021-05-28T14:06:29.1574135Z remote: Compressing objects:  20% (39/194)        
2021-05-28T14:06:29.1574650Z remote: Compressing objects:  21% (41/194)        
2021-05-28T14:06:29.1575169Z remote: Compressing objects:  22% (43/194)        
2021-05-28T14:06:29.1575829Z remote: Compressing objects:  23% (45/194)        
2021-05-28T14:06:29.1576335Z remote: Compressing objects:  24% (47/194)        
2021-05-28T14:06:29.1576981Z remote: Compressing objects:  25% (49/194)        
2021-05-28T14:06:29.1577481Z remote: Compressing objects:  26% (51/194)        
2021-05-28T14:06:29.1577966Z remote: Compressing objects:  27% (53/194)        
2021-05-28T14:06:29.1578448Z remote: Compressing objects:  28% (55/194)        
2021-05-28T14:06:29.1578936Z remote: Compressing objects:  29% (57/194)        
2021-05-28T14:06:29.1579414Z remote: Compressing objects:  30% (59/194)        
2021-05-28T14:06:29.1579913Z remote: Compressing objects:  31% (61/194)        
2021-05-28T14:06:29.1580399Z remote: Compressing objects:  32% (63/194)        
2021-05-28T14:06:29.1580893Z remote: Compressing objects:  33% (65/194)        
2021-05-28T14:06:29.1581370Z remote: Compressing objects:  34% (66/194)        
2021-05-28T14:06:29.1581872Z remote: Compressing objects:  35% (68/194)        
2021-05-28T14:06:29.1582367Z remote: Compressing objects:  36% (70/194)        
2021-05-28T14:06:29.1582850Z remote: Compressing objects:  37% (72/194)        
2021-05-28T14:06:29.1583353Z remote: Compressing objects:  38% (74/194)        
2021-05-28T14:06:29.1583937Z remote: Compressing objects:  39% (76/194)        
2021-05-28T14:06:29.1584428Z remote: Compressing objects:  40% (78/194)        
2021-05-28T14:06:29.1584914Z remote: Compressing objects:  41% (80/194)        
2021-05-28T14:06:29.1585404Z remote: Compressing objects:  42% (82/194)        
2021-05-28T14:06:29.1585885Z remote: Compressing objects:  43% (84/194)        
2021-05-28T14:06:29.1586382Z remote: Compressing objects:  44% (86/194)        
2021-05-28T14:06:29.1586880Z remote: Compressing objects:  45% (88/194)        
2021-05-28T14:06:29.1587357Z remote: Compressing objects:  46% (90/194)        
2021-05-28T14:06:29.1587850Z remote: Compressing objects:  47% (92/194)        
2021-05-28T14:06:29.1588343Z remote: Compressing objects:  48% (94/194)        
2021-05-28T14:06:29.1588833Z remote: Compressing objects:  49% (96/194)        
2021-05-28T14:06:29.1589316Z remote: Compressing objects:  50% (97/194)        
2021-05-28T14:06:29.1589819Z remote: Compressing objects:  51% (99/194)        
2021-05-28T14:06:29.1590310Z remote: Compressing objects:  52% (101/194)        
2021-05-28T14:06:29.1591377Z remote: Compressing objects:  53% (103/194)        
2021-05-28T14:06:29.1591879Z remote: Compressing objects:  54% (105/194)        
2021-05-28T14:06:29.1592355Z remote: Compressing objects:  55% (107/194)        
2021-05-28T14:06:29.1593067Z remote: Compressing objects:  56% (109/194)        
2021-05-28T14:06:29.1593558Z remote: Compressing objects:  57% (111/194)        
2021-05-28T14:06:29.1594063Z remote: Compressing objects:  58% (113/194)        
2021-05-28T14:06:29.1594553Z remote: Compressing objects:  59% (115/194)        
2021-05-28T14:06:29.1595129Z remote: Compressing objects:  60% (117/194)        
2021-05-28T14:06:29.1595635Z remote: Compressing objects:  61% (119/194)        
2021-05-28T14:06:29.1596140Z remote: Compressing objects:  62% (121/194)        
2021-05-28T14:06:29.1596648Z remote: Compressing objects:  63% (123/194)        
2021-05-28T14:06:29.1597290Z remote: Compressing objects:  64% (125/194)        
2021-05-28T14:06:29.1597965Z remote: Compressing objects:  65% (127/194)        
2021-05-28T14:06:29.1598424Z remote: Compressing objects:  66% (129/194)        
2021-05-28T14:06:29.1598913Z remote: Compressing objects:  67% (130/194)        
2021-05-28T14:06:29.1599589Z remote: Compressing objects:  68% (132/194)        
2021-05-28T14:06:29.1600092Z remote: Compressing objects:  69% (134/194)        
2021-05-28T14:06:29.1600579Z remote: Compressing objects:  70% (136/194)        
2021-05-28T14:06:29.1601084Z remote: Compressing objects:  71% (138/194)        
2021-05-28T14:06:29.1601587Z remote: Compressing objects:  72% (140/194)        
2021-05-28T14:06:29.1602083Z remote: Compressing objects:  73% (142/194)        
2021-05-28T14:06:29.1603037Z remote: Compressing objects:  74% (144/194)        
2021-05-28T14:06:29.1603533Z remote: Compressing objects:  75% (146/194)        
2021-05-28T14:06:29.1604024Z remote: Compressing objects:  76% (148/194)        
2021-05-28T14:06:29.1604708Z remote: Compressing objects:  77% (150/194)        
2021-05-28T14:06:29.1605217Z remote: Compressing objects:  78% (152/194)        
2021-05-28T14:06:29.1605720Z remote: Compressing objects:  79% (154/194)        
2021-05-28T14:06:29.1606397Z remote: Compressing objects:  80% (156/194)        
2021-05-28T14:06:29.1606915Z remote: Compressing objects:  81% (158/194)        
2021-05-28T14:06:29.1607395Z remote: Compressing objects:  82% (160/194)        
2021-05-28T14:06:29.1607893Z remote: Compressing objects:  83% (162/194)        
2021-05-28T14:06:29.1608375Z remote: Compressing objects:  84% (163/194)        
2021-05-28T14:06:29.1608858Z remote: Compressing objects:  85% (165/194)        
2021-05-28T14:06:29.1609346Z remote: Compressing objects:  86% (167/194)        
2021-05-28T14:06:29.1609843Z remote: Compressing objects:  87% (169/194)        
2021-05-28T14:06:29.1610352Z remote: Compressing objects:  88% (171/194)        
2021-05-28T14:06:29.1610847Z remote: Compressing objects:  89% (173/194)        
2021-05-28T14:06:29.1611440Z remote: Compressing objects:  90% (175/194)        
2021-05-28T14:06:29.1612094Z remote: Compressing objects:  91% (177/194)        
2021-05-28T14:06:29.1612560Z remote: Compressing objects:  92% (179/194)        
2021-05-28T14:06:29.1613215Z remote: Compressing objects:  93% (181/194)        
2021-05-28T14:06:29.1613672Z remote: Compressing objects:  94% (183/194)        
2021-05-28T14:06:29.1614136Z remote: Compressing objects:  95% (185/194)        
2021-05-28T14:06:29.1614753Z remote: Compressing objects:  96% (187/194)        
2021-05-28T14:06:29.1615189Z remote: Compressing objects:  97% (189/194)        
2021-05-28T14:06:29.1615842Z remote: Compressing objects:  98% (191/194)        
2021-05-28T14:06:29.1616673Z remote: Compressing objects:  99% (193/194)        
2021-05-28T14:06:29.1617181Z remote: Compressing objects: 100% (194/194)        
2021-05-28T14:06:29.1617688Z remote: Compressing objects: 100% (194/194), done.        
2021-05-28T14:06:29.1618180Z Receiving objects:   0% (1/353)
2021-05-28T14:06:29.1618586Z Receiving objects:   1% (4/353)
2021-05-28T14:06:29.1619003Z Receiving objects:   2% (8/353)
2021-05-28T14:06:29.1619406Z Receiving objects:   3% (11/353)
2021-05-28T14:06:29.1619827Z Receiving objects:   4% (15/353)
2021-05-28T14:06:29.1620231Z Receiving objects:   5% (18/353)
2021-05-28T14:06:29.1620831Z Receiving objects:   6% (22/353)
2021-05-28T14:06:29.1621254Z Receiving objects:   7% (25/353)
2021-05-28T14:06:29.1622140Z Receiving objects:   8% (29/353)
2021-05-28T14:06:29.1622587Z Receiving objects:   9% (32/353)
2021-05-28T14:06:29.1623000Z Receiving objects:  10% (36/353)
2021-05-28T14:06:29.1623424Z Receiving objects:  11% (39/353)
2021-05-28T14:06:29.1623974Z Receiving objects:  12% (43/353)
2021-05-28T14:06:29.1698708Z Receiving objects:  13% (46/353)
2021-05-28T14:06:29.1699385Z Receiving objects:  14% (50/353)
2021-05-28T14:06:29.1700019Z Receiving objects:  15% (53/353)
2021-05-28T14:06:29.1700478Z Receiving objects:  16% (57/353)
2021-05-28T14:06:29.1701216Z Receiving objects:  17% (61/353)
2021-05-28T14:06:29.1701688Z Receiving objects:  18% (64/353)
2021-05-28T14:06:29.1702243Z Receiving objects:  19% (68/353)
2021-05-28T14:06:29.1717818Z Receiving objects:  20% (71/353)
2021-05-28T14:06:29.1718554Z Receiving objects:  21% (75/353)
2021-05-28T14:06:29.1719141Z Receiving objects:  22% (78/353)
2021-05-28T14:06:29.1719896Z Receiving objects:  23% (82/353)
2021-05-28T14:06:29.1720458Z Receiving objects:  24% (85/353)
2021-05-28T14:06:29.1720997Z Receiving objects:  25% (89/353)
2021-05-28T14:06:29.1721555Z Receiving objects:  26% (92/353)
2021-05-28T14:06:29.1722112Z Receiving objects:  27% (96/353)
2021-05-28T14:06:29.1722856Z Receiving objects:  28% (99/353)
2021-05-28T14:06:29.1723668Z Receiving objects:  29% (103/353)
2021-05-28T14:06:29.1724233Z Receiving objects:  30% (106/353)
2021-05-28T14:06:29.1725300Z Receiving objects:  31% (110/353)
2021-05-28T14:06:29.1755756Z Receiving objects:  32% (113/353)
2021-05-28T14:06:29.1756426Z Receiving objects:  33% (117/353)
2021-05-28T14:06:29.1756968Z Receiving objects:  34% (121/353)
2021-05-28T14:06:29.1767837Z Receiving objects:  35% (124/353)
2021-05-28T14:06:29.1768292Z Receiving objects:  36% (128/353)
2021-05-28T14:06:29.1768728Z Receiving objects:  37% (131/353)
2021-05-28T14:06:29.1769161Z Receiving objects:  38% (135/353)
2021-05-28T14:06:29.1769575Z Receiving objects:  39% (138/353)
2021-05-28T14:06:29.1770153Z Receiving objects:  40% (142/353)
2021-05-28T14:06:29.1770732Z Receiving objects:  41% (145/353)
2021-05-28T14:06:29.1771151Z Receiving objects:  42% (149/353)
2021-05-28T14:06:29.1771553Z Receiving objects:  43% (152/353)
2021-05-28T14:06:29.1771989Z Receiving objects:  44% (156/353)
2021-05-28T14:06:29.1784627Z Receiving objects:  45% (159/353)
2021-05-28T14:06:29.1785297Z Receiving objects:  46% (163/353)
2021-05-28T14:06:29.1786009Z Receiving objects:  47% (166/353)
2021-05-28T14:06:29.1786570Z Receiving objects:  48% (170/353)
2021-05-28T14:06:29.1787110Z Receiving objects:  49% (173/353)
2021-05-28T14:06:29.1788144Z Receiving objects:  50% (177/353)
2021-05-28T14:06:29.1788636Z Receiving objects:  51% (181/353)
2021-05-28T14:06:29.1789087Z Receiving objects:  52% (184/353)
2021-05-28T14:06:29.1789733Z Receiving objects:  53% (188/353)
2021-05-28T14:06:29.1790220Z Receiving objects:  54% (191/353)
2021-05-28T14:06:29.1790947Z Receiving objects:  55% (195/353)
2021-05-28T14:06:29.1791478Z Receiving objects:  56% (198/353)
2021-05-28T14:06:29.1792256Z Receiving objects:  57% (202/353)
2021-05-28T14:06:29.1792661Z Receiving objects:  58% (205/353)
2021-05-28T14:06:29.1793360Z Receiving objects:  59% (209/353)
2021-05-28T14:06:29.1793815Z Receiving objects:  60% (212/353)
2021-05-28T14:06:29.1794260Z Receiving objects:  61% (216/353)
2021-05-28T14:06:29.1794956Z Receiving objects:  62% (219/353)
2021-05-28T14:06:29.1795489Z Receiving objects:  63% (223/353)
2021-05-28T14:06:29.1795936Z Receiving objects:  64% (226/353)
2021-05-28T14:06:29.1796455Z Receiving objects:  65% (230/353)
2021-05-28T14:06:29.1797208Z Receiving objects:  66% (233/353)
2021-05-28T14:06:29.1798086Z Receiving objects:  67% (237/353)
2021-05-28T14:06:29.1798921Z Receiving objects:  68% (241/353)
2021-05-28T14:06:29.1799372Z Receiving objects:  69% (244/353)
2021-05-28T14:06:29.1799952Z Receiving objects:  70% (248/353)
2021-05-28T14:06:29.1800686Z Receiving objects:  71% (251/353)
2021-05-28T14:06:29.1801539Z Receiving objects:  72% (255/353)
2021-05-28T14:06:29.1801989Z Receiving objects:  73% (258/353)
2021-05-28T14:06:29.1802928Z Receiving objects:  74% (262/353)
2021-05-28T14:06:29.2024364Z Receiving objects:  75% (265/353)
2021-05-28T14:06:29.2024896Z Receiving objects:  76% (269/353)
2021-05-28T14:06:29.2025736Z Receiving objects:  77% (272/353)
2021-05-28T14:06:29.2026259Z Receiving objects:  78% (276/353)
2021-05-28T14:06:29.2126159Z Receiving objects:  79% (279/353)
2021-05-28T14:06:29.2132722Z remote: Total 353 (delta 183), reused 260 (delta 121), pack-reused 0        
2021-05-28T14:06:29.2133951Z Receiving objects:  80% (283/353)
2021-05-28T14:06:29.2134418Z Receiving objects:  81% (286/353)
2021-05-28T14:06:29.2134836Z Receiving objects:  82% (290/353)
2021-05-28T14:06:29.2135381Z Receiving objects:  83% (293/353)
2021-05-28T14:06:29.2135796Z Receiving objects:  84% (297/353)
2021-05-28T14:06:29.2136611Z Receiving objects:  85% (301/353)
2021-05-28T14:06:29.2138538Z Receiving objects:  86% (304/353)
2021-05-28T14:06:29.2139063Z Receiving objects:  87% (308/353)
2021-05-28T14:06:29.2139571Z Receiving objects:  88% (311/353)
2021-05-28T14:06:29.2140061Z Receiving objects:  89% (315/353)
2021-05-28T14:06:29.2141072Z Receiving objects:  90% (318/353)
2021-05-28T14:06:29.2141512Z Receiving objects:  91% (322/353)
2021-05-28T14:06:29.2142286Z Receiving objects:  92% (325/353)
2021-05-28T14:06:29.2143033Z Receiving objects:  93% (329/353)
2021-05-28T14:06:29.2143426Z Receiving objects:  94% (332/353)
2021-05-28T14:06:29.2143820Z Receiving objects:  95% (336/353)
2021-05-28T14:06:29.2144197Z Receiving objects:  96% (339/353)
2021-05-28T14:06:29.2144748Z Receiving objects:  97% (343/353)
2021-05-28T14:06:29.2145148Z Receiving objects:  98% (346/353)
2021-05-28T14:06:29.2145724Z Receiving objects:  99% (350/353)
2021-05-28T14:06:29.2146321Z Receiving objects: 100% (353/353)
2021-05-28T14:06:29.2147134Z Receiving objects: 100% (353/353), 98.35 KiB | 1.38 MiB/s, done.
2021-05-28T14:06:29.2147694Z Resolving deltas:   0% (0/183)
2021-05-28T14:06:29.2148481Z Resolving deltas:   1% (2/183)
2021-05-28T14:06:29.2149261Z Resolving deltas:   2% (4/183)
2021-05-28T14:06:29.2150481Z Resolving deltas:   3% (6/183)
2021-05-28T14:06:29.2150915Z Resolving deltas:   4% (8/183)
2021-05-28T14:06:29.2151706Z Resolving deltas:   5% (10/183)
2021-05-28T14:06:29.2153730Z Resolving deltas:   6% (11/183)
2021-05-28T14:06:29.2155767Z Resolving deltas:   7% (13/183)
2021-05-28T14:06:29.2157519Z Resolving deltas:   8% (15/183)
2021-05-28T14:06:29.2159734Z Resolving deltas:   9% (17/183)
2021-05-28T14:06:29.2161318Z Resolving deltas:  10% (19/183)
2021-05-28T14:06:29.2163099Z Resolving deltas:  11% (21/183)
2021-05-28T14:06:29.2164782Z Resolving deltas:  12% (22/183)
2021-05-28T14:06:29.2166097Z Resolving deltas:  13% (24/183)
2021-05-28T14:06:29.2167595Z Resolving deltas:  14% (26/183)
2021-05-28T14:06:29.2169151Z Resolving deltas:  15% (28/183)
2021-05-28T14:06:29.2172812Z Resolving deltas:  16% (30/183)
2021-05-28T14:06:29.2174004Z Resolving deltas:  17% (32/183)
2021-05-28T14:06:29.2176192Z Resolving deltas:  18% (33/183)
2021-05-28T14:06:29.2177605Z Resolving deltas:  19% (35/183)
2021-05-28T14:06:29.2178065Z Resolving deltas:  20% (37/183)
2021-05-28T14:06:29.2179443Z Resolving deltas:  21% (39/183)
2021-05-28T14:06:29.2179927Z Resolving deltas:  22% (41/183)
2021-05-28T14:06:29.2181474Z Resolving deltas:  23% (43/183)
2021-05-28T14:06:29.2181930Z Resolving deltas:  24% (44/183)
2021-05-28T14:06:29.2184196Z Resolving deltas:  25% (46/183)
2021-05-28T14:06:29.2184652Z Resolving deltas:  26% (48/183)
2021-05-28T14:06:29.2186055Z Resolving deltas:  27% (50/183)
2021-05-28T14:06:29.2186489Z Resolving deltas:  28% (52/183)
2021-05-28T14:06:29.2188023Z Resolving deltas:  29% (54/183)
2021-05-28T14:06:29.2188447Z Resolving deltas:  30% (55/183)
2021-05-28T14:06:29.2188861Z Resolving deltas:  31% (57/183)
2021-05-28T14:06:29.2191801Z Resolving deltas:  32% (59/183)
2021-05-28T14:06:29.2192490Z Resolving deltas:  33% (61/183)
2021-05-28T14:06:29.2192866Z Resolving deltas:  34% (63/183)
2021-05-28T14:06:29.2193259Z Resolving deltas:  35% (65/183)
2021-05-28T14:06:29.2193837Z Resolving deltas:  36% (66/183)
2021-05-28T14:06:29.2196198Z Resolving deltas:  37% (68/183)
2021-05-28T14:06:29.2196917Z Resolving deltas:  38% (70/183)
2021-05-28T14:06:29.2197441Z Resolving deltas:  39% (72/183)
2021-05-28T14:06:29.2197873Z Resolving deltas:  40% (74/183)
2021-05-28T14:06:29.2198260Z Resolving deltas:  41% (76/183)
2021-05-28T14:06:29.2198847Z Resolving deltas:  42% (77/183)
2021-05-28T14:06:29.2201220Z Resolving deltas:  43% (79/183)
2021-05-28T14:06:29.2201972Z Resolving deltas:  44% (81/183)
2021-05-28T14:06:29.2202873Z Resolving deltas:  45% (83/183)
2021-05-28T14:06:29.2203251Z Resolving deltas:  46% (85/183)
2021-05-28T14:06:29.2203645Z Resolving deltas:  47% (87/183)
2021-05-28T14:06:29.2204023Z Resolving deltas:  48% (88/183)
2021-05-28T14:06:29.2205439Z Resolving deltas:  49% (90/183)
2021-05-28T14:06:29.2205826Z Resolving deltas:  50% (92/183)
2021-05-28T14:06:29.2207693Z Resolving deltas:  51% (94/183)
2021-05-28T14:06:29.2209298Z Resolving deltas:  52% (96/183)
2021-05-28T14:06:29.2211906Z Resolving deltas:  53% (97/183)
2021-05-28T14:06:29.2214728Z Resolving deltas:  54% (99/183)
2021-05-28T14:06:29.2216461Z Resolving deltas:  55% (101/183)
2021-05-28T14:06:29.2217621Z Resolving deltas:  56% (103/183)
2021-05-28T14:06:29.2219856Z Resolving deltas:  57% (105/183)
2021-05-28T14:06:29.2221360Z Resolving deltas:  58% (107/183)
2021-05-28T14:06:29.2223122Z Resolving deltas:  59% (108/183)
2021-05-28T14:06:29.2224834Z Resolving deltas:  60% (110/183)
2021-05-28T14:06:29.2226587Z Resolving deltas:  61% (112/183)
2021-05-28T14:06:29.2228394Z Resolving deltas:  62% (114/183)
2021-05-28T14:06:29.2229804Z Resolving deltas:  63% (116/183)
2021-05-28T14:06:29.2245223Z Resolving deltas:  64% (118/183)
2021-05-28T14:06:29.2245687Z Resolving deltas:  65% (119/183)
2021-05-28T14:06:29.2246092Z Resolving deltas:  66% (121/183)
2021-05-28T14:06:29.2247812Z Resolving deltas:  67% (123/183)
2021-05-28T14:06:29.2248262Z Resolving deltas:  68% (125/183)
2021-05-28T14:06:29.2248682Z Resolving deltas:  69% (127/183)
2021-05-28T14:06:29.2249086Z Resolving deltas:  70% (129/183)
2021-05-28T14:06:29.2249635Z Resolving deltas:  71% (130/183)
2021-05-28T14:06:29.2250238Z Resolving deltas:  72% (132/183)
2021-05-28T14:06:29.2250829Z Resolving deltas:  73% (134/183)
2021-05-28T14:06:29.2251215Z Resolving deltas:  74% (136/183)
2021-05-28T14:06:29.2253005Z Resolving deltas:  75% (138/183)
2021-05-28T14:06:29.2254534Z Resolving deltas:  76% (140/183)
2021-05-28T14:06:29.2257903Z Resolving deltas:  77% (141/183)
2021-05-28T14:06:29.2259593Z Resolving deltas:  78% (143/183)
2021-05-28T14:06:29.2262803Z Resolving deltas:  79% (145/183)
2021-05-28T14:06:29.2264391Z Resolving deltas:  80% (147/183)
2021-05-28T14:06:29.2267147Z Resolving deltas:  81% (149/183)
2021-05-28T14:06:29.2269084Z Resolving deltas:  82% (151/183)
2021-05-28T14:06:29.2271757Z Resolving deltas:  83% (152/183)
2021-05-28T14:06:29.2314408Z Resolving deltas:  84% (154/183)
2021-05-28T14:06:29.2333417Z Resolving deltas:  85% (156/183)
2021-05-28T14:06:29.2334368Z Resolving deltas:  86% (158/183)
2021-05-28T14:06:29.2335567Z Resolving deltas:  87% (160/183)
2021-05-28T14:06:29.2336163Z Resolving deltas:  88% (162/183)
2021-05-28T14:06:29.2337192Z Resolving deltas:  89% (163/183)
2021-05-28T14:06:29.2337981Z Resolving deltas:  90% (165/183)
2021-05-28T14:06:29.2338890Z Resolving deltas:  91% (167/183)
2021-05-28T14:06:29.2341649Z Resolving deltas:  92% (169/183)
2021-05-28T14:06:29.2342372Z Resolving deltas:  93% (171/183)
2021-05-28T14:06:29.2343347Z Resolving deltas:  94% (173/183)
2021-05-28T14:06:29.2344082Z Resolving deltas:  95% (174/183)
2021-05-28T14:06:29.2344649Z Resolving deltas:  96% (176/183)
2021-05-28T14:06:29.2345949Z Resolving deltas:  97% (178/183)
2021-05-28T14:06:29.2346743Z Resolving deltas:  98% (180/183)
2021-05-28T14:06:29.2347535Z Resolving deltas:  99% (182/183)
2021-05-28T14:06:29.2348582Z Resolving deltas: 100% (183/183)
2021-05-28T14:06:29.2349555Z Resolving deltas: 100% (183/183), done.
2021-05-28T14:06:29.2613747Z From https://github.com/con/tinuous
2021-05-28T14:06:29.2615826Z  * [new branch]      gh-55         -> origin/gh-55
2021-05-28T14:06:29.2616775Z  * [new branch]      gh-55b        -> origin/gh-55b
2021-05-28T14:06:29.2617934Z  * [new branch]      master        -> origin/master
2021-05-28T14:06:29.2619031Z  * [new branch]      test-appveyor -> origin/test-appveyor
2021-05-28T14:06:29.2619940Z  * [new tag]         0.1.0         -> 0.1.0
2021-05-28T14:06:29.2620700Z  * [new tag]         0.2.0         -> 0.2.0
2021-05-28T14:06:29.2624289Z [command]/usr/bin/git branch --list --remote origin/master
2021-05-28T14:06:29.2669385Z   origin/master
2021-05-28T14:06:29.2679602Z [command]/usr/bin/git rev-parse refs/remotes/origin/master
2021-05-28T14:06:29.2711452Z 8e59b2d7f63026111d1683cb24cba203edea99c6
2021-05-28T14:06:29.2717267Z ##[endgroup]
2021-05-28T14:06:29.2717840Z ##[group]Determining the checkout info
2021-05-28T14:06:29.2722082Z ##[endgroup]
2021-05-28T14:06:29.2724284Z ##[group]Checking out the ref
2021-05-28T14:06:29.2730936Z [command]/usr/bin/git checkout --progress --force -B master refs/remotes/origin/master
2021-05-28T14:06:29.2794634Z Reset branch 'master'
2021-05-28T14:06:29.2799687Z Branch 'master' set up to track remote branch 'master' from 'origin'.
2021-05-28T14:06:29.2804359Z ##[endgroup]
2021-05-28T14:06:29.2850346Z [command]/usr/bin/git log -1 --format='%H'
2021-05-28T14:06:29.2884725Z '8e59b2d7f63026111d1683cb24cba203edea99c6'
2021-05-28T14:06:29.3035745Z ##[group]Run actions/setup-python@v2
2021-05-28T14:06:29.3036427Z with:
2021-05-28T14:06:29.3037005Z   python-version: 3.9
2021-05-28T14:06:29.3037873Z   token: ***
2021-05-28T14:06:29.3038391Z ##[endgroup]
2021-05-28T14:06:29.3752440Z Successfully setup CPython (3.9.5)
2021-05-28T14:06:29.3888967Z ##[group]Run python -m pip install --upgrade pip wheel
2021-05-28T14:06:29.3890055Z [36;1mpython -m pip install --upgrade pip wheel[0m
2021-05-28T14:06:29.3891137Z [36;1mpython -m pip install --upgrade --upgrade-strategy=eager tox[0m
2021-05-28T14:06:29.3937728Z shell: /usr/bin/bash -e {0}
2021-05-28T14:06:29.3938098Z env:
2021-05-28T14:06:29.3938606Z   pythonLocation: /opt/hostedtoolcache/Python/3.9.5/x64
2021-05-28T14:06:29.3939425Z   LD_LIBRARY_PATH: /opt/hostedtoolcache/Python/3.9.5/x64/lib
2021-05-28T14:06:29.3940064Z ##[endgroup]
2021-05-28T14:06:30.0405799Z Requirement already satisfied: pip in /opt/hostedtoolcache/Python/3.9.5/x64/lib/python3.9/site-packages (21.1.2)
2021-05-28T14:06:30.2796068Z Collecting wheel
2021-05-28T14:06:30.3231094Z   Downloading wheel-0.36.2-py2.py3-none-any.whl (35 kB)
2021-05-28T14:06:30.3874022Z Installing collected packages: wheel
2021-05-28T14:06:30.4238417Z Successfully installed wheel-0.36.2
2021-05-28T14:06:31.2106958Z Collecting tox
2021-05-28T14:06:31.2586827Z   Downloading tox-3.23.1-py2.py3-none-any.whl (85 kB)
2021-05-28T14:06:31.3467285Z Collecting toml>=0.9.4
2021-05-28T14:06:31.3586919Z   Downloading toml-0.10.2-py2.py3-none-any.whl (16 kB)
2021-05-28T14:06:31.4016461Z Collecting pluggy>=0.12.0
2021-05-28T14:06:31.4160506Z   Downloading pluggy-0.13.1-py2.py3-none-any.whl (18 kB)
2021-05-28T14:06:31.6641808Z Collecting virtualenv!=20.0.0,!=20.0.1,!=20.0.2,!=20.0.3,!=20.0.4,!=20.0.5,!=20.0.6,!=20.0.7,>=16.0.0
2021-05-28T14:06:31.6825683Z   Downloading virtualenv-20.4.7-py2.py3-none-any.whl (7.2 MB)
2021-05-28T14:06:32.0954579Z Collecting filelock>=3.0.0
2021-05-28T14:06:32.1070249Z   Downloading filelock-3.0.12-py3-none-any.whl (7.6 kB)
2021-05-28T14:06:32.1734624Z Collecting packaging>=14
2021-05-28T14:06:32.1880796Z   Downloading packaging-20.9-py2.py3-none-any.whl (40 kB)
2021-05-28T14:06:32.2298272Z Collecting six>=1.14.0
2021-05-28T14:06:32.2465946Z   Downloading six-1.16.0-py2.py3-none-any.whl (11 kB)
2021-05-28T14:06:32.3051489Z Collecting py>=1.4.17
2021-05-28T14:06:32.3243093Z   Downloading py-1.10.0-py2.py3-none-any.whl (97 kB)
2021-05-28T14:06:32.4293851Z Collecting pyparsing>=2.0.2
2021-05-28T14:06:32.4521375Z   Downloading pyparsing-2.4.7-py2.py3-none-any.whl (67 kB)
2021-05-28T14:06:32.5499886Z Collecting distlib<1,>=0.3.1
2021-05-28T14:06:32.5619532Z   Downloading distlib-0.3.1-py2.py3-none-any.whl (335 kB)
2021-05-28T14:06:32.5989355Z Collecting appdirs<2,>=1.4.3
2021-05-28T14:06:32.6119770Z   Downloading appdirs-1.4.4-py2.py3-none-any.whl (9.6 kB)
2021-05-28T14:06:32.7244073Z Installing collected packages: six, pyparsing, filelock, distlib, appdirs, virtualenv, toml, py, pluggy, packaging, tox
2021-05-28T14:06:33.3514395Z Successfully installed appdirs-1.4.4 distlib-0.3.1 filelock-3.0.12 packaging-20.9 pluggy-0.13.1 py-1.10.0 pyparsing-2.4.7 six-1.16.0 toml-0.10.2 tox-3.23.1 virtualenv-20.4.7
2021-05-28T14:06:33.4305785Z ##[group]Run tox -e py -- --cov-report=xml
2021-05-28T14:06:33.4306424Z [36;1mtox -e py -- --cov-report=xml[0m
2021-05-28T14:06:33.4350240Z shell: /usr/bin/bash -e {0}
2021-05-28T14:06:33.4350594Z env:
2021-05-28T14:06:33.4351302Z   pythonLocation: /opt/hostedtoolcache/Python/3.9.5/x64
2021-05-28T14:06:33.4352194Z   LD_LIBRARY_PATH: /opt/hostedtoolcache/Python/3.9.5/x64/lib
2021-05-28T14:06:33.4352732Z ##[endgroup]
2021-05-28T14:06:33.8970246Z .package create: /home/runner/work/tinuous/tinuous/.tox/.package
2021-05-28T14:06:34.7332729Z .package installdeps: setuptools >= 46.4.0, wheel ~= 0.32
2021-05-28T14:06:39.5589066Z py create: /home/runner/work/tinuous/tinuous/.tox/py
2021-05-28T14:06:39.8645457Z py installdeps: pytest~=6.0, pytest-cov~=2.0
2021-05-28T14:06:43.4453920Z py inst: /home/runner/work/tinuous/tinuous/.tox/.tmp/package/1/tinuous-0.2.0+14.g8e59b2d.tar.gz
2021-05-28T14:06:55.1728842Z py installed: attrs==21.2.0,certifi==2020.12.5,cffi==1.14.5,chardet==4.0.0,click==8.0.1,click-loglevel==0.3.0,coverage==5.5,Deprecated==1.2.12,idna==2.10,in-place==0.5.0,iniconfig==1.1.1,packaging==20.9,pluggy==0.13.1,py==1.10.0,pycparser==2.20,pydantic==1.8.2,PyGithub==1.55,PyJWT==2.1.0,PyNaCl==1.4.0,pyparsing==2.4.7,pytest==6.2.4,pytest-cov==2.12.0,python-dateutil==2.8.1,python-dotenv==0.17.1,PyYAML==5.4.1,requests==2.25.1,six==1.16.0,tinuous @ file:///home/runner/work/tinuous/tinuous/.tox/.tmp/package/1/tinuous-0.2.0%2B14.g8e59b2d.tar.gz,toml==0.10.2,typing-extensions==3.10.0.0,urllib3==1.26.5,wrapt==1.12.1
2021-05-28T14:06:55.1732906Z py run-test-pre: PYTHONHASHSEED='680708697'
2021-05-28T14:06:55.1733978Z py run-test: commands[0] | tinuous --help
2021-05-28T14:06:55.5072405Z Usage: tinuous [OPTIONS] COMMAND [ARGS]...
2021-05-28T14:06:55.5099601Z 
2021-05-28T14:06:55.5120190Z   Download build logs from GitHub Actions, Travis, and Appveyor
2021-05-28T14:06:55.5164139Z 
2021-05-28T14:06:55.5164800Z Options:
2021-05-28T14:06:55.5166052Z   -c, --config FILE               Read configuration from the given file
2021-05-28T14:06:55.5166706Z                                   [default: config.yml]
2021-05-28T14:06:55.5167551Z   -E, --env FILE                  Load environment variables from given .env
2021-05-28T14:06:55.5168115Z                                   file
2021-05-28T14:06:55.5169024Z   -l, --log-level [NOTSET|DEBUG|INFO|WARNING|ERROR|CRITICAL]
2021-05-28T14:06:55.5169863Z                                   Set logging level  [default: 20]
2021-05-28T14:06:55.5171207Z   --help                          Show this message and exit.
2021-05-28T14:06:55.5171730Z 
2021-05-28T14:06:55.5172222Z Commands:
2021-05-28T14:06:55.5172973Z   fetch     Download logs
2021-05-28T14:06:55.5173413Z   sanitize  Sanitize secrets in logs
2021-05-28T14:06:55.5395674Z py run-test: commands[1] | pytest --cov-report=xml test
2021-05-28T14:06:56.6546360Z ============================= test session starts ==============================
2021-05-28T14:06:56.6548067Z platform linux -- Python 3.9.5, pytest-6.2.4, py-1.10.0, pluggy-0.13.1
2021-05-28T14:06:56.6549212Z cachedir: .tox/py/.pytest_cache
2021-05-28T14:06:56.6549981Z rootdir: /home/runner/work/tinuous/tinuous, configfile: tox.ini
2021-05-28T14:06:56.6550835Z plugins: cov-2.12.0
2021-05-28T14:06:56.6551386Z collected 2 items
2021-05-28T14:06:56.6551776Z 
2021-05-28T14:06:56.9003714Z test/test_util.py ..                                                     [100%]
2021-05-28T14:06:56.9004118Z 
2021-05-28T14:06:56.9005372Z ----------- coverage: platform linux, python 3.9.5-final-0 -----------
2021-05-28T14:06:56.9006083Z Coverage XML written to file coverage.xml
2021-05-28T14:06:56.9006623Z 
2021-05-28T14:06:56.9006981Z 
2021-05-28T14:06:56.9007949Z ============================== 2 passed in 0.27s ===============================
2021-05-28T14:06:56.9444920Z ___________________________________ summary ____________________________________
2021-05-28T14:06:56.9445844Z   py: commands succeeded
2021-05-28T14:06:56.9446531Z   congratulations :)
2021-05-28T14:06:56.9732923Z ##[group]Run codecov/codecov-action@v1
2021-05-28T14:06:56.9733384Z with:
2021-05-28T14:06:56.9733738Z   fail_ci_if_error: false
2021-05-28T14:06:56.9734091Z env:
2021-05-28T14:06:56.9734565Z   pythonLocation: /opt/hostedtoolcache/Python/3.9.5/x64
2021-05-28T14:06:56.9735238Z   LD_LIBRARY_PATH: /opt/hostedtoolcache/Python/3.9.5/x64/lib
2021-05-28T14:06:56.9735726Z ##[endgroup]
2021-05-28T14:06:57.0435613Z [command]/usr/bin/bash codecov.sh -n  -F  -Q github-action
2021-05-28T14:06:57.0649259Z 
2021-05-28T14:06:57.0650194Z   _____          _
2021-05-28T14:06:57.0650675Z  / ____|        | |
2021-05-28T14:06:57.0651433Z | |     ___   __| | ___  ___ _____   __
2021-05-28T14:06:57.0651944Z | |    / _ \ / _` |/ _ \/ __/ _ \ \ / /
2021-05-28T14:06:57.0652427Z | |___| (_) | (_| |  __/ (_| (_) \ V /
2021-05-28T14:06:57.0652927Z  \_____\___/ \__,_|\___|\___\___/ \_/
2021-05-28T14:06:57.0654136Z                               Bash-1.0.2
2021-05-28T14:06:57.0655191Z 
2021-05-28T14:06:57.0656751Z 
2021-05-28T14:06:57.0709664Z [0;36m==>[0m git version 2.31.1 found
2021-05-28T14:06:57.0830299Z [0;36m==>[0m curl 7.68.0 (x86_64-pc-linux-gnu) libcurl/7.68.0 OpenSSL/1.1.1f zlib/1.2.11 brotli/1.0.7 libidn2/2.2.0 libpsl/0.21.0 (+libidn2/2.2.0) libssh/0.9.3/openssl/zlib nghttp2/1.40.0 librtmp/2.3
2021-05-28T14:06:57.0832449Z Release-Date: 2020-01-08
2021-05-28T14:06:57.0833789Z Protocols: dict file ftp ftps gopher http https imap imaps ldap ldaps pop3 pop3s rtmp rtsp scp sftp smb smbs smtp smtps telnet tftp 
2021-05-28T14:06:57.0835651Z Features: AsynchDNS brotli GSS-API HTTP2 HTTPS-proxy IDN IPv6 Kerberos Largefile libz NTLM NTLM_WB PSL SPNEGO SSL TLS-SRP UnixSockets
2021-05-28T14:06:57.0837247Z [0;90m==>[0m GitHub Actions detected.
2021-05-28T14:06:57.0837721Z     Env vars used:
2021-05-28T14:06:57.0838305Z       -> GITHUB_ACTIONS:    true
2021-05-28T14:06:57.0838910Z       -> GITHUB_HEAD_REF:   
2021-05-28T14:06:57.0840321Z       -> GITHUB_REF:        refs/heads/master
2021-05-28T14:06:57.0841194Z       -> GITHUB_REPOSITORY: con/tinuous
2021-05-28T14:06:57.0841793Z       -> GITHUB_RUN_ID:     885841154
2021-05-28T14:06:57.0842848Z       -> GITHUB_SHA:        8e59b2d7f63026111d1683cb24cba203edea99c6
2021-05-28T14:06:57.0843822Z       -> GITHUB_WORKFLOW:   Test
2021-05-28T14:06:57.1026305Z     [0;90mproject root:[0m .
2021-05-28T14:06:57.1108319Z     [0;32mYaml not found, that's ok! Learn more at[0m [0;36mhttp://docs.codecov.io/docs/codecov-yaml[0m
2021-05-28T14:06:57.1475124Z [0;90m==>[0m Running gcov in . [0;90m(disable via -X gcov)[0m
2021-05-28T14:06:57.1622024Z [0;90m==>[0m Searching for coverage reports in:
2021-05-28T14:06:57.1623422Z     [0;32m+[0m .
2021-05-28T14:06:57.1694105Z     [0;90m->[0m Found 1 reports
2021-05-28T14:06:57.1695281Z [0;90m==>[0m Detecting git/mercurial file structure
2021-05-28T14:06:57.1806970Z [0;90m==>[0m Reading reports
2021-05-28T14:06:57.1871002Z     [0;32m+[0m ./coverage.xml [0;90mbytes=31422[0m
2021-05-28T14:06:57.1909764Z [0;90m==>[0m Appending adjustments
2021-05-28T14:06:57.1911290Z     [0;36mhttps://docs.codecov.io/docs/fixing-reports[0m
2021-05-28T14:06:57.2015781Z     [0;90m->[0m No adjustments found
2021-05-28T14:06:57.2016908Z [0;90m==>[0m Gzipping contents
2021-05-28T14:06:57.2054648Z         4.0K	/tmp/codecov.XRN1Qa.gz
2021-05-28T14:06:57.2073933Z [0;90m==>[0m Uploading reports
2021-05-28T14:06:57.2075394Z     [0;90murl:[0m https://codecov.io
2021-05-28T14:06:57.2077318Z     [0;90mquery:[0m branch=master&commit=8e59b2d7f63026111d1683cb24cba203edea99c6&build=885841154&build_url=http%3A%2F%2Fgithub.com%2Fcon%2Ftinuous%2Factions%2Fruns%2F885841154&name=&tag=&slug=con%2Ftinuous&service=github-actions&flags=&pr=&job=Test&cmd_args=n,F,Q
2021-05-28T14:06:57.2121740Z [0;90m->[0m  Pinging Codecov
2021-05-28T14:06:57.2125795Z https://codecov.io/upload/v4?package=github-action-1.0.2&token=secret&branch=master&commit=8e59b2d7f63026111d1683cb24cba203edea99c6&build=885841154&build_url=http%3A%2F%2Fgithub.com%2Fcon%2Ftinuous%2Factions%2Fruns%2F885841154&name=&tag=&slug=con%2Ftinuous&service=github-actions&flags=&pr=&job=Test&cmd_args=n,F,Q
2021-05-28T14:06:57.7767682Z [0;90m->[0m  Uploading to
2021-05-28T14:06:57.7771963Z https://storage.googleapis.com/codecov/v4/raw/2021-05-28/0010CBA6D851417C00BB0BC3FC5895F9/8e59b2d7f63026111d1683cb24cba203edea99c6/33d5134d-63ce-4c59-a50d-2e150a5adb38.txt?X-Amz-Algorithm=AWS4-HMAC-SHA256&X-Amz-Credential=GOOG1EQM3VGPYSAFECJRMNAFIPCV2R3P2BOORCJC7NM537NPJQSFLHUDNIDWA%2F20210528%2FUS%2Fs3%2Faws4_request&X-Amz-Date=20210528T140657Z&X-Amz-Expires=10&X-Amz-SignedHeaders=host&X-Amz-Signature=acefb69f09f4c156a347ab22b8d506037e59e4f8b82a1f657eabb32fb1b55218
2021-05-28T14:06:57.7852514Z   % Total    % Received % Xferd  Average Speed   Time    Time     Time  Current
2021-05-28T14:06:57.7855328Z                                  Dload  Upload   Total   Spent    Left  Speed
2021-05-28T14:06:57.7857010Z 
2021-05-28T14:06:57.9150302Z   0     0    0     0    0     0      0      0 --:--:-- --:--:-- --:--:--     0
2021-05-28T14:06:57.9151262Z 100  3206    0     0  100  3206      0  24661 --:--:-- --:--:-- --:--:-- 24661
2021-05-28T14:06:57.9222579Z     [0;32m->[0m Reports have been successfully queued for processing at [0;36mhttps://codecov.io/github/con/tinuous/commit/8e59b2d7f63026111d1683cb24cba203edea99c6[0m
2021-05-28T14:06:57.9440952Z Post job cleanup.
2021-05-28T14:06:58.0757164Z [command]/usr/bin/git version
2021-05-28T14:06:58.0841230Z git version 2.31.1
2021-05-28T14:06:58.0890077Z [command]/usr/bin/git config --local --name-only --get-regexp core\.sshCommand
2021-05-28T14:06:58.0940258Z [command]/usr/bin/git submodule foreach --recursive git config --local --name-only --get-regexp 'core\.sshCommand' && git config --local --unset-all 'core.sshCommand' || :
2021-05-28T14:06:58.1245769Z [command]/usr/bin/git config --local --name-only --get-regexp http\.https\:\/\/github\.com\/\.extraheader
2021-05-28T14:06:58.1285153Z http.https://github.com/.extraheader
2021-05-28T14:06:58.1297537Z [command]/usr/bin/git config --local --unset-all http.https://github.com/.extraheader
2021-05-28T14:06:58.1341614Z [command]/usr/bin/git submodule foreach --recursive git config --local --name-only --get-regexp 'http\.https\:\/\/github\.com\/\.extraheader' && git config --local --unset-all 'http.https://github.com/.extraheader' || :
2021-05-28T14:06:58.1724848Z Cleaning up orphan processes
