2021-06-10T17:02:11.9825247Z ##[section]Starting: Request a runner to run this job
2021-06-10T17:02:12.5591855Z Can't find any online and idle self-hosted runner in current repository that matches the required labels: 'ubuntu-latest'
2021-06-10T17:02:12.5591953Z Can't find any online and idle self-hosted runner in current repository's account/organization that matches the required labels: 'ubuntu-latest'
2021-06-10T17:02:12.5592190Z Found online and idle hosted runner in current repository's account/organization that matches the required labels: 'ubuntu-latest'
2021-06-10T17:02:12.7093557Z ##[section]Finishing: Request a runner to run this job
2021-06-10T17:02:20.5616502Z Current runner version: '2.278.0'
2021-06-10T17:02:20.5642503Z ##[group]Operating System
2021-06-10T17:02:20.5643400Z Ubuntu
2021-06-10T17:02:20.5643868Z 20.04.2
2021-06-10T17:02:20.5644273Z LTS
2021-06-10T17:02:20.5644758Z ##[endgroup]
2021-06-10T17:02:20.5645274Z ##[group]Virtual Environment
2021-06-10T17:02:20.5645948Z Environment: ubuntu-20.04
2021-06-10T17:02:20.5646467Z Version: 20210606.1
2021-06-10T17:02:20.5647473Z Included Software: https://github.com/actions/virtual-environments/blob/ubuntu20/20210606.1/images/linux/Ubuntu2004-README.md
2021-06-10T17:02:20.5648784Z Image Release: https://github.com/actions/virtual-environments/releases/tag/ubuntu20%2F20210606.1
2021-06-10T17:02:20.5649613Z ##[endgroup]
2021-06-10T17:02:20.5651480Z ##[group]GITHUB_TOKEN Permissions
2021-06-10T17:02:20.5652694Z Actions: write
2021-06-10T17:02:20.5653177Z Checks: write
2021-06-10T17:02:20.5653710Z Contents: write
2021-06-10T17:02:20.5654212Z Deployments: write
2021-06-10T17:02:20.5654870Z Discussions: write
2021-06-10T17:02:20.5655411Z Issues: write
2021-06-10T17:02:20.5655934Z Metadata: read
2021-06-10T17:02:20.5656409Z Packages: write
2021-06-10T17:02:20.5656983Z PullRequests: write
2021-06-10T17:02:20.5657571Z RepositoryProjects: write
2021-06-10T17:02:20.5658211Z SecurityEvents: write
2021-06-10T17:02:20.5658732Z Statuses: write
2021-06-10T17:02:20.5659352Z ##[endgroup]
2021-06-10T17:02:20.5662230Z Prepare workflow directory
2021-06-10T17:02:20.6251672Z Prepare all required actions
2021-06-10T17:02:20.6262333Z Getting action download info
2021-06-10T17:02:20.9968244Z Download action repository 'actions/checkout@v2'
2021-06-10T17:02:22.7662037Z Download action repository 'actions/setup-python@v2'
2021-06-10T17:02:22.9496417Z Download action repository 'codecov/codecov-action@v1'
2021-06-10T17:02:23.2546457Z ##[group]Run actions/checkout@v2
2021-06-10T17:02:23.2547082Z with:
2021-06-10T17:02:23.2547513Z   fetch-depth: 0
2021-06-10T17:02:23.2547984Z   repository: con/tinuous
2021-06-10T17:02:23.2548917Z   token: ***
2021-06-10T17:02:23.2549375Z   ssh-strict: true
2021-06-10T17:02:23.2549891Z   persist-credentials: true
2021-06-10T17:02:23.2550398Z   clean: true
2021-06-10T17:02:23.2550784Z   lfs: false
2021-06-10T17:02:23.2551219Z   submodules: false
2021-06-10T17:02:23.2551653Z ##[endgroup]
2021-06-10T17:02:23.4566328Z Syncing repository: con/tinuous
2021-06-10T17:02:23.4570026Z ##[group]Getting Git version info
2021-06-10T17:02:23.4571391Z Working directory is '/home/runner/work/tinuous/tinuous'
2021-06-10T17:02:23.9654936Z [command]/usr/bin/git version
2021-06-10T17:02:23.9661908Z git version 2.31.1
2021-06-10T17:02:23.9663725Z ##[endgroup]
2021-06-10T17:02:23.9664811Z Deleting the contents of '/home/runner/work/tinuous/tinuous'
2021-06-10T17:02:23.9666457Z ##[group]Initializing the repository
2021-06-10T17:02:23.9667275Z [command]/usr/bin/git init /home/runner/work/tinuous/tinuous
2021-06-10T17:02:23.9668344Z hint: Using 'master' as the name for the initial branch. This default branch name
2021-06-10T17:02:23.9669266Z hint: is subject to change. To configure the initial branch name to use in all
2021-06-10T17:02:23.9670191Z hint: of your new repositories, which will suppress this warning, call:
2021-06-10T17:02:23.9670878Z hint: 
2021-06-10T17:02:23.9671727Z hint: 	git config --global init.defaultBranch <name>
2021-06-10T17:02:23.9672404Z hint: 
2021-06-10T17:02:23.9673257Z hint: Names commonly chosen instead of 'master' are 'main', 'trunk' and
2021-06-10T17:02:23.9674358Z hint: 'development'. The just-created branch can be renamed via this command:
2021-06-10T17:02:23.9675081Z hint: 
2021-06-10T17:02:23.9675802Z hint: 	git branch -m <name>
2021-06-10T17:02:23.9676579Z Initialized empty Git repository in /home/runner/work/tinuous/tinuous/.git/
2021-06-10T17:02:23.9677547Z [command]/usr/bin/git remote add origin https://github.com/con/tinuous
2021-06-10T17:02:23.9678311Z ##[endgroup]
2021-06-10T17:02:23.9678986Z ##[group]Disabling automatic garbage collection
2021-06-10T17:02:23.9679912Z [command]/usr/bin/git config --local gc.auto 0
2021-06-10T17:02:23.9680847Z ##[endgroup]
2021-06-10T17:02:23.9682650Z ##[group]Setting up auth
2021-06-10T17:02:23.9683674Z [command]/usr/bin/git config --local --name-only --get-regexp core\.sshCommand
2021-06-10T17:02:23.9685192Z [command]/usr/bin/git submodule foreach --recursive git config --local --name-only --get-regexp 'core\.sshCommand' && git config --local --unset-all 'core.sshCommand' || :
2021-06-10T17:02:23.9686758Z [command]/usr/bin/git config --local --name-only --get-regexp http\.https\:\/\/github\.com\/\.extraheader
2021-06-10T17:02:23.9688640Z [command]/usr/bin/git submodule foreach --recursive git config --local --name-only --get-regexp 'http\.https\:\/\/github\.com\/\.extraheader' && git config --local --unset-all 'http.https://github.com/.extraheader' || :
2021-06-10T17:02:23.9690474Z [command]/usr/bin/git config --local http.https://github.com/.extraheader AUTHORIZATION: basic ***
2021-06-10T17:02:23.9691399Z ##[endgroup]
2021-06-10T17:02:23.9692042Z ##[group]Fetching the repository
2021-06-10T17:02:23.9693459Z [command]/usr/bin/git -c protocol.version=2 fetch --prune --progress --no-recurse-submodules origin +refs/heads/*:refs/remotes/origin/* +refs/tags/*:refs/tags/*
2021-06-10T17:02:23.9694603Z remote: Enumerating objects: 549, done.        
2021-06-10T17:02:23.9695303Z remote: Counting objects:   0% (1/203)        
2021-06-10T17:02:23.9695958Z remote: Counting objects:   1% (3/203)        
2021-06-10T17:02:23.9696989Z remote: Counting objects:   2% (5/203)        
2021-06-10T17:02:23.9697699Z remote: Counting objects:   3% (7/203)        
2021-06-10T17:02:23.9698360Z remote: Counting objects:   4% (9/203)        
2021-06-10T17:02:23.9699009Z remote: Counting objects:   5% (11/203)        
2021-06-10T17:02:23.9699885Z remote: Counting objects:   6% (13/203)        
2021-06-10T17:02:23.9700557Z remote: Counting objects:   7% (15/203)        
2021-06-10T17:02:23.9701222Z remote: Counting objects:   8% (17/203)        
2021-06-10T17:02:23.9701890Z remote: Counting objects:   9% (19/203)        
2021-06-10T17:02:23.9702547Z remote: Counting objects:  10% (21/203)        
2021-06-10T17:02:23.9703206Z remote: Counting objects:  11% (23/203)        
2021-06-10T17:02:23.9705094Z remote: Counting objects:  12% (25/203)        
2021-06-10T17:02:23.9706077Z remote: Counting objects:  13% (27/203)        
2021-06-10T17:02:23.9706744Z remote: Counting objects:  14% (29/203)        
2021-06-10T17:02:23.9707381Z remote: Counting objects:  15% (31/203)        
2021-06-10T17:02:23.9708029Z remote: Counting objects:  16% (33/203)        
2021-06-10T17:02:23.9708693Z remote: Counting objects:  17% (35/203)        
2021-06-10T17:02:23.9709336Z remote: Counting objects:  18% (37/203)        
2021-06-10T17:02:23.9709998Z remote: Counting objects:  19% (39/203)        
2021-06-10T17:02:23.9710643Z remote: Counting objects:  20% (41/203)        
2021-06-10T17:02:23.9711300Z remote: Counting objects:  21% (43/203)        
2021-06-10T17:02:23.9711956Z remote: Counting objects:  22% (45/203)        
2021-06-10T17:02:23.9712610Z remote: Counting objects:  23% (47/203)        
2021-06-10T17:02:23.9713267Z remote: Counting objects:  24% (49/203)        
2021-06-10T17:02:23.9713906Z remote: Counting objects:  25% (51/203)        
2021-06-10T17:02:23.9714566Z remote: Counting objects:  26% (53/203)        
2021-06-10T17:02:23.9715229Z remote: Counting objects:  27% (55/203)        
2021-06-10T17:02:23.9715871Z remote: Counting objects:  28% (57/203)        
2021-06-10T17:02:23.9716530Z remote: Counting objects:  29% (59/203)        
2021-06-10T17:02:23.9717172Z remote: Counting objects:  30% (61/203)        
2021-06-10T17:02:23.9717824Z remote: Counting objects:  31% (63/203)        
2021-06-10T17:02:23.9718480Z remote: Counting objects:  32% (65/203)        
2021-06-10T17:02:23.9719132Z remote: Counting objects:  33% (67/203)        
2021-06-10T17:02:23.9719783Z remote: Counting objects:  34% (70/203)        
2021-06-10T17:02:23.9720425Z remote: Counting objects:  35% (72/203)        
2021-06-10T17:02:23.9721085Z remote: Counting objects:  36% (74/203)        
2021-06-10T17:02:23.9721888Z remote: Counting objects:  37% (76/203)        
2021-06-10T17:02:23.9722528Z remote: Counting objects:  38% (78/203)        
2021-06-10T17:02:23.9723183Z remote: Counting objects:  39% (80/203)        
2021-06-10T17:02:23.9723843Z remote: Counting objects:  40% (82/203)        
2021-06-10T17:02:23.9724492Z remote: Counting objects:  41% (84/203)        
2021-06-10T17:02:23.9725151Z remote: Counting objects:  42% (86/203)        
2021-06-10T17:02:23.9725793Z remote: Counting objects:  43% (88/203)        
2021-06-10T17:02:23.9726449Z remote: Counting objects:  44% (90/203)        
2021-06-10T17:02:23.9727105Z remote: Counting objects:  45% (92/203)        
2021-06-10T17:02:23.9727758Z remote: Counting objects:  46% (94/203)        
2021-06-10T17:02:23.9728415Z remote: Counting objects:  47% (96/203)        
2021-06-10T17:02:23.9729059Z remote: Counting objects:  48% (98/203)        
2021-06-10T17:02:23.9729716Z remote: Counting objects:  49% (100/203)        
2021-06-10T17:02:23.9730380Z remote: Counting objects:  50% (102/203)        
2021-06-10T17:02:23.9735646Z remote: Counting objects:  51% (104/203)        
2021-06-10T17:02:23.9736354Z remote: Counting objects:  52% (106/203)        
2021-06-10T17:02:23.9737029Z remote: Counting objects:  53% (108/203)        
2021-06-10T17:02:23.9737682Z remote: Counting objects:  54% (110/203)        
2021-06-10T17:02:23.9738337Z remote: Counting objects:  55% (112/203)        
2021-06-10T17:02:23.9738988Z remote: Counting objects:  56% (114/203)        
2021-06-10T17:02:23.9739646Z remote: Counting objects:  57% (116/203)        
2021-06-10T17:02:23.9740312Z remote: Counting objects:  58% (118/203)        
2021-06-10T17:02:23.9741072Z remote: Counting objects:  59% (120/203)        
2021-06-10T17:02:23.9741748Z remote: Counting objects:  60% (122/203)        
2021-06-10T17:02:23.9742398Z remote: Counting objects:  61% (124/203)        
2021-06-10T17:02:23.9743049Z remote: Counting objects:  62% (126/203)        
2021-06-10T17:02:23.9743724Z remote: Counting objects:  63% (128/203)        
2021-06-10T17:02:23.9744511Z remote: Counting objects:  64% (130/203)        
2021-06-10T17:02:23.9745179Z remote: Counting objects:  65% (132/203)        
2021-06-10T17:02:23.9746005Z remote: Counting objects:  66% (134/203)        
2021-06-10T17:02:23.9746651Z remote: Counting objects:  67% (137/203)        
2021-06-10T17:02:23.9747313Z remote: Counting objects:  68% (139/203)        
2021-06-10T17:02:23.9747975Z remote: Counting objects:  69% (141/203)        
2021-06-10T17:02:23.9748617Z remote: Counting objects:  70% (143/203)        
2021-06-10T17:02:23.9749269Z remote: Counting objects:  71% (145/203)        
2021-06-10T17:02:23.9749929Z remote: Counting objects:  72% (147/203)        
2021-06-10T17:02:23.9750589Z remote: Counting objects:  73% (149/203)        
2021-06-10T17:02:23.9751253Z remote: Counting objects:  74% (151/203)        
2021-06-10T17:02:23.9751894Z remote: Counting objects:  75% (153/203)        
2021-06-10T17:02:23.9752568Z remote: Counting objects:  76% (155/203)        
2021-06-10T17:02:23.9753225Z remote: Counting objects:  77% (157/203)        
2021-06-10T17:02:23.9753868Z remote: Counting objects:  78% (159/203)        
2021-06-10T17:02:23.9754522Z remote: Counting objects:  79% (161/203)        
2021-06-10T17:02:23.9755166Z remote: Counting objects:  80% (163/203)        
2021-06-10T17:02:23.9755821Z remote: Counting objects:  81% (165/203)        
2021-06-10T17:02:23.9756479Z remote: Counting objects:  82% (167/203)        
2021-06-10T17:02:23.9757126Z remote: Counting objects:  83% (169/203)        
2021-06-10T17:02:23.9757782Z remote: Counting objects:  84% (171/203)        
2021-06-10T17:02:23.9758434Z remote: Counting objects:  85% (173/203)        
2021-06-10T17:02:23.9759088Z remote: Counting objects:  86% (175/203)        
2021-06-10T17:02:23.9759745Z remote: Counting objects:  87% (177/203)        
2021-06-10T17:02:23.9760389Z remote: Counting objects:  88% (179/203)        
2021-06-10T17:02:23.9761175Z remote: Counting objects:  89% (181/203)        
2021-06-10T17:02:23.9761823Z remote: Counting objects:  90% (183/203)        
2021-06-10T17:02:23.9762487Z remote: Counting objects:  91% (185/203)        
2021-06-10T17:02:23.9763146Z remote: Counting objects:  92% (187/203)        
2021-06-10T17:02:23.9763795Z remote: Counting objects:  93% (189/203)        
2021-06-10T17:02:23.9764450Z remote: Counting objects:  94% (191/203)        
2021-06-10T17:02:23.9765144Z remote: Counting objects:  95% (193/203)        
2021-06-10T17:02:23.9765790Z remote: Counting objects:  96% (195/203)        
2021-06-10T17:02:23.9766451Z remote: Counting objects:  97% (197/203)        
2021-06-10T17:02:23.9767094Z remote: Counting objects:  98% (199/203)        
2021-06-10T17:02:23.9767756Z remote: Counting objects:  99% (201/203)        
2021-06-10T17:02:23.9768410Z remote: Counting objects: 100% (203/203)        
2021-06-10T17:02:23.9769078Z remote: Counting objects: 100% (203/203), done.        
2021-06-10T17:02:23.9769790Z remote: Compressing objects:   0% (1/108)        
2021-06-10T17:02:23.9770472Z remote: Compressing objects:   1% (2/108)        
2021-06-10T17:02:23.9771168Z remote: Compressing objects:   2% (3/108)        
2021-06-10T17:02:23.9771865Z remote: Compressing objects:   3% (4/108)        
2021-06-10T17:02:23.9772540Z remote: Compressing objects:   4% (5/108)        
2021-06-10T17:02:23.9773245Z remote: Compressing objects:   5% (6/108)        
2021-06-10T17:02:23.9773923Z remote: Compressing objects:   6% (7/108)        
2021-06-10T17:02:23.9774613Z remote: Compressing objects:   7% (8/108)        
2021-06-10T17:02:23.9775308Z remote: Compressing objects:   8% (9/108)        
2021-06-10T17:02:23.9776079Z remote: Compressing objects:   9% (10/108)        
2021-06-10T17:02:23.9776791Z remote: Compressing objects:  10% (11/108)        
2021-06-10T17:02:23.9777492Z remote: Compressing objects:  11% (12/108)        
2021-06-10T17:02:23.9778178Z remote: Compressing objects:  12% (13/108)        
2021-06-10T17:02:23.9778880Z remote: Compressing objects:  13% (15/108)        
2021-06-10T17:02:23.9779561Z remote: Compressing objects:  14% (16/108)        
2021-06-10T17:02:23.9780259Z remote: Compressing objects:  15% (17/108)        
2021-06-10T17:02:23.9780946Z remote: Compressing objects:  16% (18/108)        
2021-06-10T17:02:23.9781625Z remote: Compressing objects:  17% (19/108)        
2021-06-10T17:02:23.9782318Z remote: Compressing objects:  18% (20/108)        
2021-06-10T17:02:23.9782999Z remote: Compressing objects:  19% (21/108)        
2021-06-10T17:02:23.9783700Z remote: Compressing objects:  20% (22/108)        
2021-06-10T17:02:23.9784677Z remote: Compressing objects:  21% (23/108)        
2021-06-10T17:02:23.9785374Z remote: Compressing objects:  22% (24/108)        
2021-06-10T17:02:23.9786072Z remote: Compressing objects:  23% (25/108)        
2021-06-10T17:02:23.9786765Z remote: Compressing objects:  24% (26/108)        
2021-06-10T17:02:23.9787447Z remote: Compressing objects:  25% (27/108)        
2021-06-10T17:02:23.9788149Z remote: Compressing objects:  26% (29/108)        
2021-06-10T17:02:23.9788864Z remote: Compressing objects:  27% (30/108)        
2021-06-10T17:02:23.9789557Z remote: Compressing objects:  28% (31/108)        
2021-06-10T17:02:23.9790303Z remote: Compressing objects:  29% (32/108)        
2021-06-10T17:02:23.9790985Z remote: Compressing objects:  30% (33/108)        
2021-06-10T17:02:23.9791679Z remote: Compressing objects:  31% (34/108)        
2021-06-10T17:02:23.9792359Z remote: Compressing objects:  32% (35/108)        
2021-06-10T17:02:23.9793055Z remote: Compressing objects:  33% (36/108)        
2021-06-10T17:02:23.9793753Z remote: Compressing objects:  34% (37/108)        
2021-06-10T17:02:23.9794442Z remote: Compressing objects:  35% (38/108)        
2021-06-10T17:02:23.9795138Z remote: Compressing objects:  36% (39/108)        
2021-06-10T17:02:23.9795816Z remote: Compressing objects:  37% (40/108)        
2021-06-10T17:02:23.9796522Z remote: Compressing objects:  38% (42/108)        
2021-06-10T17:02:23.9797327Z remote: Compressing objects:  39% (43/108)        
2021-06-10T17:02:23.9798012Z remote: Compressing objects:  40% (44/108)        
2021-06-10T17:02:23.9798711Z remote: Compressing objects:  41% (45/108)        
2021-06-10T17:02:23.9799404Z remote: Compressing objects:  42% (46/108)        
2021-06-10T17:02:23.9800089Z remote: Compressing objects:  43% (47/108)        
2021-06-10T17:02:23.9800795Z remote: Compressing objects:  44% (48/108)        
2021-06-10T17:02:23.9801476Z remote: Compressing objects:  45% (49/108)        
2021-06-10T17:02:23.9802176Z remote: Compressing objects:  46% (50/108)        
2021-06-10T17:02:23.9802873Z remote: Compressing objects:  47% (51/108)        
2021-06-10T17:02:23.9803565Z remote: Compressing objects:  48% (52/108)        
2021-06-10T17:02:23.9804272Z remote: Compressing objects:  49% (53/108)        
2021-06-10T17:02:23.9804952Z remote: Compressing objects:  50% (54/108)        
2021-06-10T17:02:23.9805647Z remote: Compressing objects:  51% (56/108)        
2021-06-10T17:02:23.9806349Z remote: Compressing objects:  52% (57/108)        
2021-06-10T17:02:23.9807034Z remote: Compressing objects:  53% (58/108)        
2021-06-10T17:02:23.9807726Z remote: Compressing objects:  54% (59/108)        
2021-06-10T17:02:23.9808417Z remote: Compressing objects:  55% (60/108)        
2021-06-10T17:02:23.9809125Z remote: Compressing objects:  56% (61/108)        
2021-06-10T17:02:23.9809822Z remote: Compressing objects:  57% (62/108)        
2021-06-10T17:02:23.9810504Z remote: Compressing objects:  58% (63/108)        
2021-06-10T17:02:23.9811201Z remote: Compressing objects:  59% (64/108)        
2021-06-10T17:02:23.9811899Z remote: Compressing objects:  60% (65/108)        
2021-06-10T17:02:23.9812674Z remote: Compressing objects:  61% (66/108)        
2021-06-10T17:02:23.9813386Z remote: Compressing objects:  62% (67/108)        
2021-06-10T17:02:23.9814068Z remote: Compressing objects:  63% (69/108)        
2021-06-10T17:02:23.9814768Z remote: Compressing objects:  64% (70/108)        
2021-06-10T17:02:23.9815466Z remote: Compressing objects:  65% (71/108)        
2021-06-10T17:02:23.9816148Z remote: Compressing objects:  66% (72/108)        
2021-06-10T17:02:23.9816843Z remote: Compressing objects:  67% (73/108)        
2021-06-10T17:02:23.9817538Z remote: Compressing objects:  68% (74/108)        
2021-06-10T17:02:23.9818220Z remote: Compressing objects:  69% (75/108)        
2021-06-10T17:02:23.9818919Z remote: Compressing objects:  70% (76/108)        
2021-06-10T17:02:23.9819601Z remote: Compressing objects:  71% (77/108)        
2021-06-10T17:02:23.9820297Z remote: Compressing objects:  72% (78/108)        
2021-06-10T17:02:23.9821001Z remote: Compressing objects:  73% (79/108)        
2021-06-10T17:02:23.9821697Z remote: Compressing objects:  74% (80/108)        
2021-06-10T17:02:23.9822398Z remote: Compressing objects:  75% (81/108)        
2021-06-10T17:02:23.9823085Z remote: Compressing objects:  76% (83/108)        
2021-06-10T17:02:23.9823803Z remote: Compressing objects:  77% (84/108)        
2021-06-10T17:02:23.9824797Z remote: Compressing objects:  78% (85/108)        
2021-06-10T17:02:23.9825490Z remote: Compressing objects:  79% (86/108)        
2021-06-10T17:02:23.9826193Z remote: Compressing objects:  80% (87/108)        
2021-06-10T17:02:23.9826876Z remote: Compressing objects:  81% (88/108)        
2021-06-10T17:02:23.9827573Z remote: Compressing objects:  82% (89/108)        
2021-06-10T17:02:23.9828269Z remote: Compressing objects:  83% (90/108)        
2021-06-10T17:02:23.9828953Z remote: Compressing objects:  84% (91/108)        
2021-06-10T17:02:23.9829645Z remote: Compressing objects:  85% (92/108)        
2021-06-10T17:02:23.9830346Z remote: Compressing objects:  86% (93/108)        
2021-06-10T17:02:23.9831030Z remote: Compressing objects:  87% (94/108)        
2021-06-10T17:02:23.9831731Z remote: Compressing objects:  88% (96/108)        
2021-06-10T17:02:23.9832416Z remote: Compressing objects:  89% (97/108)        
2021-06-10T17:02:23.9833241Z remote: Compressing objects:  90% (98/108)        
2021-06-10T17:02:23.9833943Z remote: Compressing objects:  91% (99/108)        
2021-06-10T17:02:23.9834659Z remote: Compressing objects:  92% (100/108)        
2021-06-10T17:02:23.9835348Z remote: Compressing objects:  93% (101/108)        
2021-06-10T17:02:23.9836047Z remote: Compressing objects:  94% (102/108)        
2021-06-10T17:02:23.9836749Z remote: Compressing objects:  95% (103/108)        
2021-06-10T17:02:23.9837436Z remote: Compressing objects:  96% (104/108)        
2021-06-10T17:02:23.9838142Z remote: Compressing objects:  97% (105/108)        
2021-06-10T17:02:23.9838828Z remote: Compressing objects:  98% (106/108)        
2021-06-10T17:02:23.9839535Z remote: Compressing objects:  99% (107/108)        
2021-06-10T17:02:23.9840238Z remote: Compressing objects: 100% (108/108)        
2021-06-10T17:02:23.9840942Z remote: Compressing objects: 100% (108/108), done.        
2021-06-10T17:02:23.9841615Z Receiving objects:   0% (1/549)
2021-06-10T17:02:23.9842223Z Receiving objects:   1% (6/549)
2021-06-10T17:02:23.9842839Z Receiving objects:   2% (11/549)
2021-06-10T17:02:23.9843457Z Receiving objects:   3% (17/549)
2021-06-10T17:02:23.9844053Z Receiving objects:   4% (22/549)
2021-06-10T17:02:23.9844669Z Receiving objects:   5% (28/549)
2021-06-10T17:02:23.9845266Z Receiving objects:   6% (33/549)
2021-06-10T17:02:23.9845878Z Receiving objects:   7% (39/549)
2021-06-10T17:02:23.9846495Z Receiving objects:   8% (44/549)
2021-06-10T17:02:23.9847099Z Receiving objects:   9% (50/549)
2021-06-10T17:02:23.9847717Z Receiving objects:  10% (55/549)
2021-06-10T17:02:23.9848320Z Receiving objects:  11% (61/549)
2021-06-10T17:02:23.9848936Z Receiving objects:  12% (66/549)
2021-06-10T17:02:23.9849634Z Receiving objects:  13% (72/549)
2021-06-10T17:02:23.9850260Z Receiving objects:  14% (77/549)
2021-06-10T17:02:23.9850872Z Receiving objects:  15% (83/549)
2021-06-10T17:02:23.9851466Z Receiving objects:  16% (88/549)
2021-06-10T17:02:23.9852087Z Receiving objects:  17% (94/549)
2021-06-10T17:02:23.9852694Z Receiving objects:  18% (99/549)
2021-06-10T17:02:23.9853296Z Receiving objects:  19% (105/549)
2021-06-10T17:02:23.9853913Z Receiving objects:  20% (110/549)
2021-06-10T17:02:23.9854507Z Receiving objects:  21% (116/549)
2021-06-10T17:02:23.9855115Z Receiving objects:  22% (121/549)
2021-06-10T17:02:23.9855727Z Receiving objects:  23% (127/549)
2021-06-10T17:02:23.9856324Z Receiving objects:  24% (132/549)
2021-06-10T17:02:23.9856932Z Receiving objects:  25% (138/549)
2021-06-10T17:02:23.9857534Z Receiving objects:  26% (143/549)
2021-06-10T17:02:23.9858142Z Receiving objects:  27% (149/549)
2021-06-10T17:02:23.9858754Z Receiving objects:  28% (154/549)
2021-06-10T17:02:23.9859368Z Receiving objects:  29% (160/549)
2021-06-10T17:02:23.9859984Z Receiving objects:  30% (165/549)
2021-06-10T17:02:23.9860579Z Receiving objects:  31% (171/549)
2021-06-10T17:02:23.9861192Z Receiving objects:  32% (176/549)
2021-06-10T17:02:23.9861822Z Receiving objects:  33% (182/549)
2021-06-10T17:02:23.9862423Z Receiving objects:  34% (187/549)
2021-06-10T17:02:23.9863040Z Receiving objects:  35% (193/549)
2021-06-10T17:02:23.9863633Z Receiving objects:  36% (198/549)
2021-06-10T17:02:23.9864373Z Receiving objects:  37% (204/549)
2021-06-10T17:02:23.9864993Z Receiving objects:  38% (209/549)
2021-06-10T17:02:23.9865620Z Receiving objects:  39% (215/549)
2021-06-10T17:02:23.9866232Z Receiving objects:  40% (220/549)
2021-06-10T17:02:23.9866826Z Receiving objects:  41% (226/549)
2021-06-10T17:02:23.9867435Z Receiving objects:  42% (231/549)
2021-06-10T17:02:23.9868050Z Receiving objects:  43% (237/549)
2021-06-10T17:02:23.9868656Z Receiving objects:  44% (242/549)
2021-06-10T17:02:23.9869272Z Receiving objects:  45% (248/549)
2021-06-10T17:02:23.9869874Z Receiving objects:  46% (253/549)
2021-06-10T17:02:23.9870491Z Receiving objects:  47% (259/549)
2021-06-10T17:02:23.9871099Z Receiving objects:  48% (264/549)
2021-06-10T17:02:23.9871700Z Receiving objects:  49% (270/549)
2021-06-10T17:02:23.9872460Z Receiving objects:  50% (275/549)
2021-06-10T17:02:23.9873051Z Receiving objects:  51% (280/549)
2021-06-10T17:02:23.9873661Z Receiving objects:  52% (286/549)
2021-06-10T17:02:23.9874272Z Receiving objects:  53% (291/549)
2021-06-10T17:02:23.9874866Z Receiving objects:  54% (297/549)
2021-06-10T17:02:23.9875471Z Receiving objects:  55% (302/549)
2021-06-10T17:02:23.9876066Z Receiving objects:  56% (308/549)
2021-06-10T17:02:23.9876680Z Receiving objects:  57% (313/549)
2021-06-10T17:02:23.9877289Z Receiving objects:  58% (319/549)
2021-06-10T17:02:23.9877885Z Receiving objects:  59% (324/549)
2021-06-10T17:02:23.9878492Z Receiving objects:  60% (330/549)
2021-06-10T17:02:23.9879085Z Receiving objects:  61% (335/549)
2021-06-10T17:02:23.9879706Z Receiving objects:  62% (341/549)
2021-06-10T17:02:23.9880316Z Receiving objects:  63% (346/549)
2021-06-10T17:02:23.9880910Z Receiving objects:  64% (352/549)
2021-06-10T17:02:23.9881521Z Receiving objects:  65% (357/549)
2021-06-10T17:02:23.9882121Z Receiving objects:  66% (363/549)
2021-06-10T17:02:23.9882726Z Receiving objects:  67% (368/549)
2021-06-10T17:02:23.9883337Z Receiving objects:  68% (374/549)
2021-06-10T17:02:23.9883930Z Receiving objects:  69% (379/549)
2021-06-10T17:02:23.9884537Z Receiving objects:  70% (385/549)
2021-06-10T17:02:23.9885128Z Receiving objects:  71% (390/549)
2021-06-10T17:02:23.9885739Z Receiving objects:  72% (396/549)
2021-06-10T17:02:23.9886352Z Receiving objects:  73% (401/549)
2021-06-10T17:02:23.9886947Z Receiving objects:  74% (407/549)
2021-06-10T17:02:23.9887549Z Receiving objects:  75% (412/549)
2021-06-10T17:02:23.9888147Z Receiving objects:  76% (418/549)
2021-06-10T17:02:23.9888755Z Receiving objects:  77% (423/549)
2021-06-10T17:02:23.9889439Z Receiving objects:  78% (429/549)
2021-06-10T17:02:23.9890041Z Receiving objects:  79% (434/549)
2021-06-10T17:02:23.9890655Z Receiving objects:  80% (440/549)
2021-06-10T17:02:23.9891257Z Receiving objects:  81% (445/549)
2021-06-10T17:02:23.9891881Z Receiving objects:  82% (451/549)
2021-06-10T17:02:23.9892494Z Receiving objects:  83% (456/549)
2021-06-10T17:02:23.9893084Z Receiving objects:  84% (462/549)
2021-06-10T17:02:23.9893694Z Receiving objects:  85% (467/549)
2021-06-10T17:02:23.9894303Z Receiving objects:  86% (473/549)
2021-06-10T17:02:23.9894896Z Receiving objects:  87% (478/549)
2021-06-10T17:02:23.9895671Z Receiving objects:  88% (484/549)
2021-06-10T17:02:23.9896392Z Receiving objects:  89% (489/549)
2021-06-10T17:02:23.9897178Z Receiving objects:  90% (495/549)
2021-06-10T17:02:23.9897802Z Receiving objects:  91% (500/549)
2021-06-10T17:02:23.9898404Z Receiving objects:  92% (506/549)
2021-06-10T17:02:23.9899737Z remote: Total 549 (delta 102), reused 108 (delta 86), pack-reused 346        
2021-06-10T17:02:23.9900467Z Receiving objects:  93% (511/549)
2021-06-10T17:02:23.9901081Z Receiving objects:  94% (517/549)
2021-06-10T17:02:23.9901687Z Receiving objects:  95% (522/549)
2021-06-10T17:02:23.9902289Z Receiving objects:  96% (528/549)
2021-06-10T17:02:23.9902918Z Receiving objects:  97% (533/549)
2021-06-10T17:02:23.9903510Z Receiving objects:  98% (539/549)
2021-06-10T17:02:23.9904289Z Receiving objects:  99% (544/549)
2021-06-10T17:02:23.9904906Z Receiving objects: 100% (549/549)
2021-06-10T17:02:23.9905564Z Receiving objects: 100% (549/549), 157.11 KiB | 6.04 MiB/s, done.
2021-06-10T17:02:23.9906224Z Resolving deltas:   0% (0/282)
2021-06-10T17:02:23.9906817Z Resolving deltas:   1% (3/282)
2021-06-10T17:02:23.9907415Z Resolving deltas:   2% (6/282)
2021-06-10T17:02:23.9908007Z Resolving deltas:   3% (9/282)
2021-06-10T17:02:23.9908596Z Resolving deltas:   4% (12/282)
2021-06-10T17:02:23.9909195Z Resolving deltas:   5% (15/282)
2021-06-10T17:02:23.9909786Z Resolving deltas:   6% (17/282)
2021-06-10T17:02:23.9910388Z Resolving deltas:   7% (20/282)
2021-06-10T17:02:23.9910981Z Resolving deltas:   8% (23/282)
2021-06-10T17:02:23.9911564Z Resolving deltas:   9% (26/282)
2021-06-10T17:02:23.9912165Z Resolving deltas:  10% (29/282)
2021-06-10T17:02:23.9912890Z Resolving deltas:  11% (32/282)
2021-06-10T17:02:23.9913486Z Resolving deltas:  12% (34/282)
2021-06-10T17:02:23.9914085Z Resolving deltas:  13% (37/282)
2021-06-10T17:02:23.9914671Z Resolving deltas:  14% (40/282)
2021-06-10T17:02:23.9915273Z Resolving deltas:  15% (43/282)
2021-06-10T17:02:23.9915854Z Resolving deltas:  16% (46/282)
2021-06-10T17:02:23.9916455Z Resolving deltas:  17% (48/282)
2021-06-10T17:02:23.9917050Z Resolving deltas:  18% (51/282)
2021-06-10T17:02:23.9917639Z Resolving deltas:  19% (54/282)
2021-06-10T17:02:23.9918233Z Resolving deltas:  20% (57/282)
2021-06-10T17:02:23.9918813Z Resolving deltas:  21% (60/282)
2021-06-10T17:02:23.9919410Z Resolving deltas:  22% (63/282)
2021-06-10T17:02:23.9920009Z Resolving deltas:  23% (65/282)
2021-06-10T17:02:23.9920596Z Resolving deltas:  24% (68/282)
2021-06-10T17:02:23.9921195Z Resolving deltas:  25% (71/282)
2021-06-10T17:02:23.9921776Z Resolving deltas:  26% (74/282)
2021-06-10T17:02:23.9922370Z Resolving deltas:  27% (77/282)
2021-06-10T17:02:23.9922972Z Resolving deltas:  28% (79/282)
2021-06-10T17:02:23.9923561Z Resolving deltas:  29% (82/282)
2021-06-10T17:02:23.9924158Z Resolving deltas:  30% (85/282)
2021-06-10T17:02:23.9924742Z Resolving deltas:  31% (88/282)
2021-06-10T17:02:23.9925337Z Resolving deltas:  32% (91/282)
2021-06-10T17:02:23.9925932Z Resolving deltas:  33% (94/282)
2021-06-10T17:02:23.9926521Z Resolving deltas:  34% (96/282)
2021-06-10T17:02:23.9927121Z Resolving deltas:  35% (99/282)
2021-06-10T17:02:23.9927713Z Resolving deltas:  36% (102/282)
2021-06-10T17:02:23.9928317Z Resolving deltas:  37% (105/282)
2021-06-10T17:02:23.9928916Z Resolving deltas:  38% (108/282)
2021-06-10T17:02:23.9929504Z Resolving deltas:  39% (111/282)
2021-06-10T17:02:23.9930191Z Resolving deltas:  40% (113/282)
2021-06-10T17:02:23.9930789Z Resolving deltas:  41% (116/282)
2021-06-10T17:02:23.9931394Z Resolving deltas:  42% (119/282)
2021-06-10T17:02:23.9931996Z Resolving deltas:  43% (122/282)
2021-06-10T17:02:23.9932590Z Resolving deltas:  44% (125/282)
2021-06-10T17:02:23.9933194Z Resolving deltas:  45% (127/282)
2021-06-10T17:02:23.9933785Z Resolving deltas:  46% (130/282)
2021-06-10T17:02:23.9934382Z Resolving deltas:  47% (133/282)
2021-06-10T17:02:23.9934966Z Resolving deltas:  48% (136/282)
2021-06-10T17:02:23.9935567Z Resolving deltas:  49% (139/282)
2021-06-10T17:02:23.9936176Z Resolving deltas:  50% (141/282)
2021-06-10T17:02:23.9936765Z Resolving deltas:  51% (144/282)
2021-06-10T17:02:23.9937374Z Resolving deltas:  52% (147/282)
2021-06-10T17:02:23.9937964Z Resolving deltas:  53% (150/282)
2021-06-10T17:02:23.9938565Z Resolving deltas:  54% (153/282)
2021-06-10T17:02:23.9939164Z Resolving deltas:  55% (156/282)
2021-06-10T17:02:23.9939756Z Resolving deltas:  56% (158/282)
2021-06-10T17:02:23.9940363Z Resolving deltas:  57% (161/282)
2021-06-10T17:02:23.9940954Z Resolving deltas:  58% (164/282)
2021-06-10T17:02:23.9941555Z Resolving deltas:  59% (167/282)
2021-06-10T17:02:23.9942152Z Resolving deltas:  60% (170/282)
2021-06-10T17:02:23.9942747Z Resolving deltas:  61% (173/282)
2021-06-10T17:02:23.9943357Z Resolving deltas:  62% (175/282)
2021-06-10T17:02:23.9944046Z Resolving deltas:  63% (178/282)
2021-06-10T17:02:23.9960551Z Resolving deltas:  64% (181/282)
2021-06-10T17:02:24.0029787Z Resolving deltas:  65% (184/282)
2021-06-10T17:02:24.0030498Z Resolving deltas:  66% (187/282)
2021-06-10T17:02:24.0031125Z Resolving deltas:  67% (189/282)
2021-06-10T17:02:24.0031721Z Resolving deltas:  68% (192/282)
2021-06-10T17:02:24.0032323Z Resolving deltas:  69% (195/282)
2021-06-10T17:02:24.0032911Z Resolving deltas:  70% (198/282)
2021-06-10T17:02:24.0033512Z Resolving deltas:  71% (201/282)
2021-06-10T17:02:24.0034111Z Resolving deltas:  72% (204/282)
2021-06-10T17:02:24.0034729Z Resolving deltas:  73% (206/282)
2021-06-10T17:02:24.0035330Z Resolving deltas:  74% (209/282)
2021-06-10T17:02:24.0035914Z Resolving deltas:  75% (212/282)
2021-06-10T17:02:24.0036511Z Resolving deltas:  76% (215/282)
2021-06-10T17:02:24.0037289Z Resolving deltas:  77% (218/282)
2021-06-10T17:02:24.0037873Z Resolving deltas:  78% (220/282)
2021-06-10T17:02:24.0038477Z Resolving deltas:  79% (223/282)
2021-06-10T17:02:24.0039059Z Resolving deltas:  80% (226/282)
2021-06-10T17:02:24.0039658Z Resolving deltas:  81% (229/282)
2021-06-10T17:02:24.0040257Z Resolving deltas:  82% (232/282)
2021-06-10T17:02:24.0040844Z Resolving deltas:  83% (235/282)
2021-06-10T17:02:24.0041438Z Resolving deltas:  84% (237/282)
2021-06-10T17:02:24.0042023Z Resolving deltas:  85% (240/282)
2021-06-10T17:02:24.0042834Z Resolving deltas:  86% (243/282)
2021-06-10T17:02:24.0043718Z Resolving deltas:  87% (246/282)
2021-06-10T17:02:24.0044353Z Resolving deltas:  88% (249/282)
2021-06-10T17:02:24.0044976Z Resolving deltas:  89% (251/282)
2021-06-10T17:02:24.0045570Z Resolving deltas:  90% (254/282)
2021-06-10T17:02:24.0046179Z Resolving deltas:  91% (257/282)
2021-06-10T17:02:24.0046783Z Resolving deltas:  92% (260/282)
2021-06-10T17:02:24.0047373Z Resolving deltas:  93% (263/282)
2021-06-10T17:02:24.0047984Z Resolving deltas:  94% (266/282)
2021-06-10T17:02:24.0048568Z Resolving deltas:  95% (268/282)
2021-06-10T17:02:24.0049175Z Resolving deltas:  96% (271/282)
2021-06-10T17:02:24.0049781Z Resolving deltas:  97% (274/282)
2021-06-10T17:02:24.0050372Z Resolving deltas:  98% (277/282)
2021-06-10T17:02:24.0050981Z Resolving deltas:  99% (280/282)
2021-06-10T17:02:24.0051567Z Resolving deltas: 100% (282/282)
2021-06-10T17:02:24.0052187Z Resolving deltas: 100% (282/282), done.
2021-06-10T17:02:24.0052909Z From https://github.com/con/tinuous
2021-06-10T17:02:24.0054170Z  * [new branch]      gh-55         -> origin/gh-55
2021-06-10T17:02:24.0055049Z  * [new branch]      gh-88         -> origin/gh-88
2021-06-10T17:02:24.0056019Z  * [new branch]      master        -> origin/master
2021-06-10T17:02:24.0057012Z  * [new branch]      test-appveyor -> origin/test-appveyor
2021-06-10T17:02:24.0057908Z  * [new tag]         0.1.0         -> 0.1.0
2021-06-10T17:02:24.0058636Z  * [new tag]         0.2.0         -> 0.2.0
2021-06-10T17:02:24.0059513Z [command]/usr/bin/git branch --list --remote origin/gh-88
2021-06-10T17:02:24.0060306Z   origin/gh-88
2021-06-10T17:02:24.0061178Z [command]/usr/bin/git rev-parse refs/remotes/origin/gh-88
2021-06-10T17:02:24.0061993Z 2325be7158bf7706bf933820d22383aaac0a10d1
2021-06-10T17:02:24.0062732Z ##[endgroup]
2021-06-10T17:02:24.0063399Z ##[group]Determining the checkout info
2021-06-10T17:02:24.0064235Z ##[endgroup]
2021-06-10T17:02:24.0064826Z ##[group]Checking out the ref
2021-06-10T17:02:24.0065903Z [command]/usr/bin/git checkout --progress --force -B gh-88 refs/remotes/origin/gh-88
2021-06-10T17:02:24.0066872Z Switched to a new branch 'gh-88'
2021-06-10T17:02:24.0067828Z Branch 'gh-88' set up to track remote branch 'gh-88' from 'origin'.
2021-06-10T17:02:24.0068549Z ##[endgroup]
2021-06-10T17:02:24.0069322Z [command]/usr/bin/git log -1 --format='%H'
2021-06-10T17:02:24.0070241Z '2325be7158bf7706bf933820d22383aaac0a10d1'
2021-06-10T17:02:24.0139816Z ##[group]Run actions/setup-python@v2
2021-06-10T17:02:24.0140369Z with:
2021-06-10T17:02:24.0140816Z   python-version: 3.8
2021-06-10T17:02:24.0141713Z   token: ***
2021-06-10T17:02:24.0142141Z ##[endgroup]
2021-06-10T17:02:24.0788743Z Successfully setup CPython (3.8.10)
2021-06-10T17:02:24.0848818Z ##[group]Run python -m pip install --upgrade pip wheel
2021-06-10T17:02:24.0849613Z [36;1mpython -m pip install --upgrade pip wheel[0m
2021-06-10T17:02:24.0850426Z [36;1mpython -m pip install --upgrade --upgrade-strategy=eager tox[0m
2021-06-10T17:02:24.0894435Z shell: /usr/bin/bash -e {0}
2021-06-10T17:02:24.0894974Z env:
2021-06-10T17:02:24.0895585Z   pythonLocation: /opt/hostedtoolcache/Python/3.8.10/x64
2021-06-10T17:02:24.0896409Z   LD_LIBRARY_PATH: /opt/hostedtoolcache/Python/3.8.10/x64/lib
2021-06-10T17:02:24.0897096Z ##[endgroup]
2021-06-10T17:02:24.5960189Z Requirement already satisfied: pip in /opt/hostedtoolcache/Python/3.8.10/x64/lib/python3.8/site-packages (21.1.2)
2021-06-10T17:02:24.7796435Z Collecting wheel
2021-06-10T17:02:24.8400351Z   Downloading wheel-0.36.2-py2.py3-none-any.whl (35 kB)
2021-06-10T17:02:24.8954623Z Installing collected packages: wheel
2021-06-10T17:02:24.9294567Z Successfully installed wheel-0.36.2
2021-06-10T17:02:25.5939784Z Collecting tox
2021-06-10T17:02:25.6557181Z   Downloading tox-3.23.1-py2.py3-none-any.whl (85 kB)
2021-06-10T17:02:25.7138736Z Collecting filelock>=3.0.0
2021-06-10T17:02:25.7281696Z   Downloading filelock-3.0.12-py3-none-any.whl (7.6 kB)
2021-06-10T17:02:25.7760546Z Collecting six>=1.14.0
2021-06-10T17:02:25.7844075Z   Downloading six-1.16.0-py2.py3-none-any.whl (11 kB)
2021-06-10T17:02:25.8093047Z Collecting toml>=0.9.4
2021-06-10T17:02:25.8174278Z   Downloading toml-0.10.2-py2.py3-none-any.whl (16 kB)
2021-06-10T17:02:26.0002559Z Collecting virtualenv!=20.0.0,!=20.0.1,!=20.0.2,!=20.0.3,!=20.0.4,!=20.0.5,!=20.0.6,!=20.0.7,>=16.0.0
2021-06-10T17:02:26.0147717Z   Downloading virtualenv-20.4.7-py2.py3-none-any.whl (7.2 MB)
2021-06-10T17:02:26.3120050Z Collecting py>=1.4.17
2021-06-10T17:02:26.3197870Z   Downloading py-1.10.0-py2.py3-none-any.whl (97 kB)
2021-06-10T17:02:26.3543418Z Collecting pluggy>=0.12.0
2021-06-10T17:02:26.3714893Z   Downloading pluggy-0.13.1-py2.py3-none-any.whl (18 kB)
2021-06-10T17:02:26.4100979Z Collecting packaging>=14
2021-06-10T17:02:26.4187611Z   Downloading packaging-20.9-py2.py3-none-any.whl (40 kB)
2021-06-10T17:02:26.4946072Z Collecting pyparsing>=2.0.2
2021-06-10T17:02:26.5029466Z   Downloading pyparsing-2.4.7-py2.py3-none-any.whl (67 kB)
2021-06-10T17:02:26.5834042Z Collecting distlib<1,>=0.3.1
2021-06-10T17:02:26.5916726Z   Downloading distlib-0.3.2-py2.py3-none-any.whl (338 kB)
2021-06-10T17:02:26.6281950Z Collecting appdirs<2,>=1.4.3
2021-06-10T17:02:26.6382641Z   Downloading appdirs-1.4.4-py2.py3-none-any.whl (9.6 kB)
2021-06-10T17:02:26.7295655Z Installing collected packages: six, pyparsing, filelock, distlib, appdirs, virtualenv, toml, py, pluggy, packaging, tox
2021-06-10T17:02:27.2654423Z Successfully installed appdirs-1.4.4 distlib-0.3.2 filelock-3.0.12 packaging-20.9 pluggy-0.13.1 py-1.10.0 pyparsing-2.4.7 six-1.16.0 toml-0.10.2 tox-3.23.1 virtualenv-20.4.7
2021-06-10T17:02:27.3119954Z ##[group]Run tox -e lint
2021-06-10T17:02:27.3120449Z [36;1mtox -e lint[0m
2021-06-10T17:02:27.3161080Z shell: /usr/bin/bash -e {0}
2021-06-10T17:02:27.3161461Z env:
2021-06-10T17:02:27.3161970Z   pythonLocation: /opt/hostedtoolcache/Python/3.8.10/x64
2021-06-10T17:02:27.3162685Z   LD_LIBRARY_PATH: /opt/hostedtoolcache/Python/3.8.10/x64/lib
2021-06-10T17:02:27.3163191Z ##[endgroup]
2021-06-10T17:02:27.4981867Z lint create: /home/runner/work/tinuous/tinuous/.tox/lint
2021-06-10T17:02:28.0644727Z lint installdeps: flake8~=3.7, flake8-bugbear, flake8-builtins~=1.4, flake8-import-order-jwodder, flake8-unused-arguments
2021-06-10T17:02:31.8883876Z lint installed: attrs==21.2.0,flake8==3.9.2,flake8-bugbear==21.4.3,flake8-builtins==1.5.3,flake8-import-order==0.18.1,flake8-import-order-jwodder==0.1.0,flake8-unused-arguments==0.0.6,mccabe==0.6.1,pycodestyle==2.7.0,pyflakes==2.3.1
2021-06-10T17:02:31.8906356Z lint run-test-pre: PYTHONHASHSEED='737974552'
2021-06-10T17:02:31.8908067Z lint run-test: commands[0] | flake8 --config=tox.ini src test
2021-06-10T17:02:32.7302744Z ___________________________________ summary ____________________________________
2021-06-10T17:02:32.7321031Z   lint: commands succeeded
2021-06-10T17:02:32.7345736Z   congratulations :)
2021-06-10T17:02:32.7608702Z Post job cleanup.
2021-06-10T17:02:32.8561670Z [command]/usr/bin/git version
2021-06-10T17:02:32.8602272Z git version 2.31.1
2021-06-10T17:02:32.8633511Z [command]/usr/bin/git config --local --name-only --get-regexp core\.sshCommand
2021-06-10T17:02:32.8665204Z [command]/usr/bin/git submodule foreach --recursive git config --local --name-only --get-regexp 'core\.sshCommand' && git config --local --unset-all 'core.sshCommand' || :
2021-06-10T17:02:32.8899761Z [command]/usr/bin/git config --local --name-only --get-regexp http\.https\:\/\/github\.com\/\.extraheader
2021-06-10T17:02:32.8924204Z http.https://github.com/.extraheader
2021-06-10T17:02:32.8933832Z [command]/usr/bin/git config --local --unset-all http.https://github.com/.extraheader
2021-06-10T17:02:32.8964497Z [command]/usr/bin/git submodule foreach --recursive git config --local --name-only --get-regexp 'http\.https\:\/\/github\.com\/\.extraheader' && git config --local --unset-all 'http.https://github.com/.extraheader' || :
2021-06-10T17:02:32.9225559Z Cleaning up orphan processes
