2023-05-10T18:20:01.5723827Z Requested labels: ubuntu-latest
2023-05-10T18:20:01.5724177Z Job defined at: con/tinuous/.github/workflows/test.yml@refs/pull/168/merge
2023-05-10T18:20:01.5724265Z Waiting for a runner to pick up this job...
2023-05-10T18:20:02.4534438Z Job is waiting for a hosted runner to come online.
2023-05-10T18:20:05.1357297Z Job is about to start running on the hosted runner: GitHub Actions 12 (hosted)
2023-05-10T18:21:34.7960000Z Current runner version: '2.304.0'
2023-05-10T18:21:34.7995113Z ##[group]Operating System
2023-05-10T18:21:34.7996088Z Ubuntu
2023-05-10T18:21:34.7996605Z 22.04.2
2023-05-10T18:21:34.7997336Z LTS
2023-05-10T18:21:34.7997619Z ##[endgroup]
2023-05-10T18:21:34.7998157Z ##[group]Runner Image
2023-05-10T18:21:34.7998766Z Image: ubuntu-22.04
2023-05-10T18:21:34.7999090Z Version: 20230426.1
2023-05-10T18:21:34.7999728Z Included Software: https://github.com/actions/runner-images/blob/ubuntu22/20230426.1/images/linux/Ubuntu2204-Readme.md
2023-05-10T18:21:34.8000475Z Image Release: https://github.com/actions/runner-images/releases/tag/ubuntu22%2F20230426.1
2023-05-10T18:21:34.8001004Z ##[endgroup]
2023-05-10T18:21:34.8001357Z ##[group]Runner Image Provisioner
2023-05-10T18:21:34.8001946Z 2.0.171.1
2023-05-10T18:21:34.8002360Z ##[endgroup]
2023-05-10T18:21:34.8003488Z ##[group]GITHUB_TOKEN Permissions
2023-05-10T18:21:34.8004290Z Actions: write
2023-05-10T18:21:34.8004685Z Checks: write
2023-05-10T18:21:34.8005326Z Contents: write
2023-05-10T18:21:34.8005889Z Deployments: write
2023-05-10T18:21:34.8006369Z Discussions: write
2023-05-10T18:21:34.8006705Z Issues: write
2023-05-10T18:21:34.8007099Z Metadata: read
2023-05-10T18:21:34.8007478Z Packages: write
2023-05-10T18:21:34.8007800Z Pages: write
2023-05-10T18:21:34.8008316Z PullRequests: write
2023-05-10T18:21:34.8008777Z RepositoryProjects: write
2023-05-10T18:21:34.8009157Z SecurityEvents: write
2023-05-10T18:21:34.8009554Z Statuses: write
2023-05-10T18:21:34.8010274Z ##[endgroup]
2023-05-10T18:21:34.8015565Z Secret source: Actions
2023-05-10T18:21:34.8016367Z Prepare workflow directory
2023-05-10T18:21:34.9012996Z Prepare all required actions
2023-05-10T18:21:34.9266273Z Getting action download info
2023-05-10T18:21:35.2343348Z Download action repository 'actions/checkout@v3' (SHA:8e5e7e5ab8b370d6c329ec480221332ada57f0ab)
2023-05-10T18:21:35.6116454Z Download action repository 'actions/setup-python@v4' (SHA:57ded4d7d5e986d7296eab16560982c6dd7c923b)
2023-05-10T18:21:35.8881627Z Download action repository 'codecov/codecov-action@v3' (SHA:894ff025c7b54547a9a2a1e9f228beae737ad3c2)
2023-05-10T18:21:36.3068387Z Complete job name: test (3.8, lint)
2023-05-10T18:21:36.4662649Z ##[group]Run actions/checkout@v3
2023-05-10T18:21:36.4663058Z with:
2023-05-10T18:21:36.4663332Z   fetch-depth: 0
2023-05-10T18:21:36.4663631Z   repository: con/tinuous
2023-05-10T18:21:36.4664197Z   token: ***
2023-05-10T18:21:36.4664576Z   ssh-strict: true
2023-05-10T18:21:36.4664891Z   persist-credentials: true
2023-05-10T18:21:36.4665268Z   clean: true
2023-05-10T18:21:36.4665729Z   lfs: false
2023-05-10T18:21:36.4666003Z   submodules: false
2023-05-10T18:21:36.4666314Z   set-safe-directory: true
2023-05-10T18:21:36.4666611Z ##[endgroup]
2023-05-10T18:21:36.8718995Z Syncing repository: con/tinuous
2023-05-10T18:21:36.8721478Z ##[group]Getting Git version info
2023-05-10T18:21:36.8722214Z Working directory is '/home/runner/work/tinuous/tinuous'
2023-05-10T18:21:36.8722921Z [command]/usr/bin/git version
2023-05-10T18:21:36.9096948Z git version 2.40.1
2023-05-10T18:21:36.9133439Z ##[endgroup]
2023-05-10T18:21:36.9163675Z Temporarily overriding HOME='/home/runner/work/_temp/507af74d-af84-4746-8e8a-72e9ad848e18' before making global git config changes
2023-05-10T18:21:36.9164355Z Adding repository directory to the temporary git global config as a safe directory
2023-05-10T18:21:36.9167941Z [command]/usr/bin/git config --global --add safe.directory /home/runner/work/tinuous/tinuous
2023-05-10T18:21:36.9230053Z Deleting the contents of '/home/runner/work/tinuous/tinuous'
2023-05-10T18:21:36.9238273Z ##[group]Initializing the repository
2023-05-10T18:21:36.9242361Z [command]/usr/bin/git init /home/runner/work/tinuous/tinuous
2023-05-10T18:21:36.9339506Z hint: Using 'master' as the name for the initial branch. This default branch name
2023-05-10T18:21:36.9340708Z hint: is subject to change. To configure the initial branch name to use in all
2023-05-10T18:21:36.9341876Z hint: of your new repositories, which will suppress this warning, call:
2023-05-10T18:21:36.9342756Z hint: 
2023-05-10T18:21:36.9343347Z hint: 	git config --global init.defaultBranch <name>
2023-05-10T18:21:36.9343718Z hint: 
2023-05-10T18:21:36.9344185Z hint: Names commonly chosen instead of 'master' are 'main', 'trunk' and
2023-05-10T18:21:36.9344790Z hint: 'development'. The just-created branch can be renamed via this command:
2023-05-10T18:21:36.9345165Z hint: 
2023-05-10T18:21:36.9345931Z hint: 	git branch -m <name>
2023-05-10T18:21:36.9359372Z Initialized empty Git repository in /home/runner/work/tinuous/tinuous/.git/
2023-05-10T18:21:36.9379545Z [command]/usr/bin/git remote add origin https://github.com/con/tinuous
2023-05-10T18:21:36.9444199Z ##[endgroup]
2023-05-10T18:21:36.9444845Z ##[group]Disabling automatic garbage collection
2023-05-10T18:21:36.9452324Z [command]/usr/bin/git config --local gc.auto 0
2023-05-10T18:21:36.9493289Z ##[endgroup]
2023-05-10T18:21:36.9494297Z ##[group]Setting up auth
2023-05-10T18:21:36.9502881Z [command]/usr/bin/git config --local --name-only --get-regexp core\.sshCommand
2023-05-10T18:21:36.9546487Z [command]/usr/bin/git submodule foreach --recursive sh -c "git config --local --name-only --get-regexp 'core\.sshCommand' && git config --local --unset-all 'core.sshCommand' || :"
2023-05-10T18:21:37.0030062Z [command]/usr/bin/git config --local --name-only --get-regexp http\.https\:\/\/github\.com\/\.extraheader
2023-05-10T18:21:37.0072788Z [command]/usr/bin/git submodule foreach --recursive sh -c "git config --local --name-only --get-regexp 'http\.https\:\/\/github\.com\/\.extraheader' && git config --local --unset-all 'http.https://github.com/.extraheader' || :"
2023-05-10T18:21:37.0390019Z [command]/usr/bin/git config --local http.https://github.com/.extraheader AUTHORIZATION: basic ***
2023-05-10T18:21:37.0440534Z ##[endgroup]
2023-05-10T18:21:37.0441532Z ##[group]Fetching the repository
2023-05-10T18:21:37.0455845Z [command]/usr/bin/git -c protocol.version=2 fetch --prune --progress --no-recurse-submodules origin +refs/heads/*:refs/remotes/origin/* +refs/tags/*:refs/tags/* +38fbeefbec95dbf43fc325b1e0c9d48019332c2a:refs/remotes/pull/168/merge
2023-05-10T18:21:37.3335775Z remote: Enumerating objects: 1181, done.        
2023-05-10T18:21:37.3336861Z remote: Counting objects:   0% (1/403)        
2023-05-10T18:21:37.3337609Z remote: Counting objects:   1% (5/403)        
2023-05-10T18:21:37.3338567Z remote: Counting objects:   2% (9/403)        
2023-05-10T18:21:37.3339234Z remote: Counting objects:   3% (13/403)        
2023-05-10T18:21:37.3339820Z remote: Counting objects:   4% (17/403)        
2023-05-10T18:21:37.3340430Z remote: Counting objects:   5% (21/403)        
2023-05-10T18:21:37.3341111Z remote: Counting objects:   6% (25/403)        
2023-05-10T18:21:37.3342942Z remote: Counting objects:   7% (29/403)        
2023-05-10T18:21:37.3343415Z remote: Counting objects:   8% (33/403)        
2023-05-10T18:21:37.3343764Z remote: Counting objects:   9% (37/403)        
2023-05-10T18:21:37.3344121Z remote: Counting objects:  10% (41/403)        
2023-05-10T18:21:37.3344650Z remote: Counting objects:  11% (45/403)        
2023-05-10T18:21:37.3345166Z remote: Counting objects:  12% (49/403)        
2023-05-10T18:21:37.3345761Z remote: Counting objects:  13% (53/403)        
2023-05-10T18:21:37.3346121Z remote: Counting objects:  14% (57/403)        
2023-05-10T18:21:37.3346471Z remote: Counting objects:  15% (61/403)        
2023-05-10T18:21:37.3346807Z remote: Counting objects:  16% (65/403)        
2023-05-10T18:21:37.3347152Z remote: Counting objects:  17% (69/403)        
2023-05-10T18:21:37.3347497Z remote: Counting objects:  18% (73/403)        
2023-05-10T18:21:37.3347828Z remote: Counting objects:  19% (77/403)        
2023-05-10T18:21:37.3348175Z remote: Counting objects:  20% (81/403)        
2023-05-10T18:21:37.3348523Z remote: Counting objects:  21% (85/403)        
2023-05-10T18:21:37.3348854Z remote: Counting objects:  22% (89/403)        
2023-05-10T18:21:37.3349198Z remote: Counting objects:  23% (93/403)        
2023-05-10T18:21:37.3349964Z remote: Counting objects:  24% (97/403)        
2023-05-10T18:21:37.3350305Z remote: Counting objects:  25% (101/403)        
2023-05-10T18:21:37.3350673Z remote: Counting objects:  26% (105/403)        
2023-05-10T18:21:37.3351136Z remote: Counting objects:  27% (109/403)        
2023-05-10T18:21:37.3351535Z remote: Counting objects:  28% (113/403)        
2023-05-10T18:21:37.3351882Z remote: Counting objects:  29% (117/403)        
2023-05-10T18:21:37.3352238Z remote: Counting objects:  30% (121/403)        
2023-05-10T18:21:37.3352592Z remote: Counting objects:  31% (125/403)        
2023-05-10T18:21:37.3352927Z remote: Counting objects:  32% (129/403)        
2023-05-10T18:21:37.3353276Z remote: Counting objects:  33% (133/403)        
2023-05-10T18:21:37.3353629Z remote: Counting objects:  34% (138/403)        
2023-05-10T18:21:37.3353961Z remote: Counting objects:  35% (142/403)        
2023-05-10T18:21:37.3354306Z remote: Counting objects:  36% (146/403)        
2023-05-10T18:21:37.3354664Z remote: Counting objects:  37% (150/403)        
2023-05-10T18:21:37.3354996Z remote: Counting objects:  38% (154/403)        
2023-05-10T18:21:37.3355354Z remote: Counting objects:  39% (158/403)        
2023-05-10T18:21:37.3355709Z remote: Counting objects:  40% (162/403)        
2023-05-10T18:21:37.3356060Z remote: Counting objects:  41% (166/403)        
2023-05-10T18:21:37.3356394Z remote: Counting objects:  42% (170/403)        
2023-05-10T18:21:37.3356739Z remote: Counting objects:  43% (174/403)        
2023-05-10T18:21:37.3357086Z remote: Counting objects:  44% (178/403)        
2023-05-10T18:21:37.3357421Z remote: Counting objects:  45% (182/403)        
2023-05-10T18:21:37.3357769Z remote: Counting objects:  46% (186/403)        
2023-05-10T18:21:37.3358117Z remote: Counting objects:  47% (190/403)        
2023-05-10T18:21:37.3358727Z remote: Counting objects:  48% (194/403)        
2023-05-10T18:21:37.3359083Z remote: Counting objects:  49% (198/403)        
2023-05-10T18:21:37.3359443Z remote: Counting objects:  50% (202/403)        
2023-05-10T18:21:37.3359774Z remote: Counting objects:  51% (206/403)        
2023-05-10T18:21:37.3360559Z remote: Counting objects:  52% (210/403)        
2023-05-10T18:21:37.3360959Z remote: Counting objects:  53% (214/403)        
2023-05-10T18:21:37.3361307Z remote: Counting objects:  54% (218/403)        
2023-05-10T18:21:37.3361640Z remote: Counting objects:  55% (222/403)        
2023-05-10T18:21:37.3361985Z remote: Counting objects:  56% (226/403)        
2023-05-10T18:21:37.3362334Z remote: Counting objects:  57% (230/403)        
2023-05-10T18:21:37.3362663Z remote: Counting objects:  58% (234/403)        
2023-05-10T18:21:37.3363005Z remote: Counting objects:  59% (238/403)        
2023-05-10T18:21:37.3363351Z remote: Counting objects:  60% (242/403)        
2023-05-10T18:21:37.3363682Z remote: Counting objects:  61% (246/403)        
2023-05-10T18:21:37.3364028Z remote: Counting objects:  62% (250/403)        
2023-05-10T18:21:37.3364374Z remote: Counting objects:  63% (254/403)        
2023-05-10T18:21:37.3364769Z remote: Counting objects:  64% (258/403)        
2023-05-10T18:21:37.3365112Z remote: Counting objects:  65% (262/403)        
2023-05-10T18:21:37.3365459Z remote: Counting objects:  66% (266/403)        
2023-05-10T18:21:37.3365805Z remote: Counting objects:  67% (271/403)        
2023-05-10T18:21:37.3408638Z remote: Counting objects:  68% (275/403)        
2023-05-10T18:21:37.3409029Z remote: Counting objects:  69% (279/403)        
2023-05-10T18:21:37.3409391Z remote: Counting objects:  70% (283/403)        
2023-05-10T18:21:37.3409753Z remote: Counting objects:  71% (287/403)        
2023-05-10T18:21:37.3410093Z remote: Counting objects:  72% (291/403)        
2023-05-10T18:21:37.3410449Z remote: Counting objects:  73% (295/403)        
2023-05-10T18:21:37.3410801Z remote: Counting objects:  74% (299/403)        
2023-05-10T18:21:37.3411151Z remote: Counting objects:  75% (303/403)        
2023-05-10T18:21:37.3411489Z remote: Counting objects:  76% (307/403)        
2023-05-10T18:21:37.3412165Z remote: Counting objects:  77% (311/403)        
2023-05-10T18:21:37.3412529Z remote: Counting objects:  78% (315/403)        
2023-05-10T18:21:37.3412864Z remote: Counting objects:  79% (319/403)        
2023-05-10T18:21:37.3413208Z remote: Counting objects:  80% (323/403)        
2023-05-10T18:21:37.3413554Z remote: Counting objects:  81% (327/403)        
2023-05-10T18:21:37.3413890Z remote: Counting objects:  82% (331/403)        
2023-05-10T18:21:37.3414235Z remote: Counting objects:  83% (335/403)        
2023-05-10T18:21:37.3414583Z remote: Counting objects:  84% (339/403)        
2023-05-10T18:21:37.3414928Z remote: Counting objects:  85% (343/403)        
2023-05-10T18:21:37.3415261Z remote: Counting objects:  86% (347/403)        
2023-05-10T18:21:37.3415607Z remote: Counting objects:  87% (351/403)        
2023-05-10T18:21:37.3415953Z remote: Counting objects:  88% (355/403)        
2023-05-10T18:21:37.3416284Z remote: Counting objects:  89% (359/403)        
2023-05-10T18:21:37.3416636Z remote: Counting objects:  90% (363/403)        
2023-05-10T18:21:37.3416989Z remote: Counting objects:  91% (367/403)        
2023-05-10T18:21:37.3417320Z remote: Counting objects:  92% (371/403)        
2023-05-10T18:21:37.3417664Z remote: Counting objects:  93% (375/403)        
2023-05-10T18:21:37.3418009Z remote: Counting objects:  94% (379/403)        
2023-05-10T18:21:37.3418337Z remote: Counting objects:  95% (383/403)        
2023-05-10T18:21:37.3418682Z remote: Counting objects:  96% (387/403)        
2023-05-10T18:21:37.3419028Z remote: Counting objects:  97% (391/403)        
2023-05-10T18:21:37.3419371Z remote: Counting objects:  98% (395/403)        
2023-05-10T18:21:37.3419703Z remote: Counting objects:  99% (399/403)        
2023-05-10T18:21:37.3420048Z remote: Counting objects: 100% (403/403)        
2023-05-10T18:21:37.3420411Z remote: Counting objects: 100% (403/403), done.        
2023-05-10T18:21:37.3420788Z remote: Compressing objects:   0% (1/223)        
2023-05-10T18:21:37.3421175Z remote: Compressing objects:   1% (3/223)        
2023-05-10T18:21:37.3421715Z remote: Compressing objects:   2% (5/223)        
2023-05-10T18:21:37.3422104Z remote: Compressing objects:   3% (7/223)        
2023-05-10T18:21:37.3422470Z remote: Compressing objects:   4% (9/223)        
2023-05-10T18:21:37.3437870Z remote: Compressing objects:   5% (12/223)        
2023-05-10T18:21:37.3438320Z remote: Compressing objects:   6% (14/223)        
2023-05-10T18:21:37.3438688Z remote: Compressing objects:   7% (16/223)        
2023-05-10T18:21:37.3439076Z remote: Compressing objects:   8% (18/223)        
2023-05-10T18:21:37.3439449Z remote: Compressing objects:   9% (21/223)        
2023-05-10T18:21:37.3440371Z remote: Compressing objects:  10% (23/223)        
2023-05-10T18:21:37.3507554Z remote: Compressing objects:  11% (25/223)        
2023-05-10T18:21:37.3508545Z remote: Compressing objects:  12% (27/223)        
2023-05-10T18:21:37.3509903Z remote: Compressing objects:  13% (29/223)        
2023-05-10T18:21:37.3510317Z remote: Compressing objects:  14% (32/223)        
2023-05-10T18:21:37.3511215Z remote: Compressing objects:  15% (34/223)        
2023-05-10T18:21:37.3512056Z remote: Compressing objects:  16% (36/223)        
2023-05-10T18:21:37.3512436Z remote: Compressing objects:  17% (38/223)        
2023-05-10T18:21:37.3513299Z remote: Compressing objects:  18% (41/223)        
2023-05-10T18:21:37.3513683Z remote: Compressing objects:  19% (43/223)        
2023-05-10T18:21:37.3514065Z remote: Compressing objects:  20% (45/223)        
2023-05-10T18:21:37.3521004Z remote: Compressing objects:  21% (47/223)        
2023-05-10T18:21:37.3521393Z remote: Compressing objects:  22% (50/223)        
2023-05-10T18:21:37.3521773Z remote: Compressing objects:  23% (52/223)        
2023-05-10T18:21:37.3522151Z remote: Compressing objects:  24% (54/223)        
2023-05-10T18:21:37.3522514Z remote: Compressing objects:  25% (56/223)        
2023-05-10T18:21:37.3523245Z remote: Compressing objects:  26% (58/223)        
2023-05-10T18:21:37.3523624Z remote: Compressing objects:  27% (61/223)        
2023-05-10T18:21:37.3523992Z remote: Compressing objects:  28% (63/223)        
2023-05-10T18:21:37.3524371Z remote: Compressing objects:  29% (65/223)        
2023-05-10T18:21:37.3524744Z remote: Compressing objects:  30% (67/223)        
2023-05-10T18:21:37.3525116Z remote: Compressing objects:  31% (70/223)        
2023-05-10T18:21:37.3525467Z remote: Compressing objects:  32% (72/223)        
2023-05-10T18:21:37.3525996Z remote: Compressing objects:  33% (74/223)        
2023-05-10T18:21:37.3527271Z remote: Compressing objects:  34% (76/223)        
2023-05-10T18:21:37.3527631Z remote: Compressing objects:  35% (79/223)        
2023-05-10T18:21:37.3527980Z remote: Compressing objects:  36% (81/223)        
2023-05-10T18:21:37.3528328Z remote: Compressing objects:  37% (83/223)        
2023-05-10T18:21:37.3528660Z remote: Compressing objects:  38% (85/223)        
2023-05-10T18:21:37.3529017Z remote: Compressing objects:  39% (87/223)        
2023-05-10T18:21:37.3529359Z remote: Compressing objects:  40% (90/223)        
2023-05-10T18:21:37.3530060Z remote: Compressing objects:  41% (92/223)        
2023-05-10T18:21:37.3530428Z remote: Compressing objects:  42% (94/223)        
2023-05-10T18:21:37.3530792Z remote: Compressing objects:  43% (96/223)        
2023-05-10T18:21:37.3531159Z remote: Compressing objects:  44% (99/223)        
2023-05-10T18:21:37.3531513Z remote: Compressing objects:  45% (101/223)        
2023-05-10T18:21:37.3532394Z remote: Compressing objects:  46% (103/223)        
2023-05-10T18:21:37.3532789Z remote: Compressing objects:  47% (105/223)        
2023-05-10T18:21:37.3533148Z remote: Compressing objects:  48% (108/223)        
2023-05-10T18:21:37.3533520Z remote: Compressing objects:  49% (110/223)        
2023-05-10T18:21:37.3533894Z remote: Compressing objects:  50% (112/223)        
2023-05-10T18:21:37.3534250Z remote: Compressing objects:  51% (114/223)        
2023-05-10T18:21:37.3534635Z remote: Compressing objects:  52% (116/223)        
2023-05-10T18:21:37.3535279Z remote: Compressing objects:  53% (119/223)        
2023-05-10T18:21:37.3535700Z remote: Compressing objects:  54% (121/223)        
2023-05-10T18:21:37.3536057Z remote: Compressing objects:  55% (123/223)        
2023-05-10T18:21:37.3536426Z remote: Compressing objects:  56% (125/223)        
2023-05-10T18:21:37.3536798Z remote: Compressing objects:  57% (128/223)        
2023-05-10T18:21:37.3537148Z remote: Compressing objects:  58% (130/223)        
2023-05-10T18:21:37.3537517Z remote: Compressing objects:  59% (132/223)        
2023-05-10T18:21:37.3538206Z remote: Compressing objects:  60% (134/223)        
2023-05-10T18:21:37.3538881Z remote: Compressing objects:  61% (137/223)        
2023-05-10T18:21:37.3539409Z remote: Compressing objects:  62% (139/223)        
2023-05-10T18:21:37.3540084Z remote: Compressing objects:  63% (141/223)        
2023-05-10T18:21:37.3540426Z remote: Compressing objects:  64% (143/223)        
2023-05-10T18:21:37.3540971Z remote: Compressing objects:  65% (145/223)        
2023-05-10T18:21:37.3541345Z remote: Compressing objects:  66% (148/223)        
2023-05-10T18:21:37.3541712Z remote: Compressing objects:  67% (150/223)        
2023-05-10T18:21:37.3542060Z remote: Compressing objects:  68% (152/223)        
2023-05-10T18:21:37.3542426Z remote: Compressing objects:  69% (154/223)        
2023-05-10T18:21:37.3542791Z remote: Compressing objects:  70% (157/223)        
2023-05-10T18:21:37.3543143Z remote: Compressing objects:  71% (159/223)        
2023-05-10T18:21:37.3543510Z remote: Compressing objects:  72% (161/223)        
2023-05-10T18:21:37.3543876Z remote: Compressing objects:  73% (163/223)        
2023-05-10T18:21:37.3544380Z remote: Compressing objects:  74% (166/223)        
2023-05-10T18:21:37.3545073Z remote: Compressing objects:  75% (168/223)        
2023-05-10T18:21:37.3545775Z remote: Compressing objects:  76% (170/223)        
2023-05-10T18:21:37.3546487Z remote: Compressing objects:  77% (172/223)        
2023-05-10T18:21:37.3546995Z remote: Compressing objects:  78% (174/223)        
2023-05-10T18:21:37.3547357Z remote: Compressing objects:  79% (177/223)        
2023-05-10T18:21:37.3547711Z remote: Compressing objects:  80% (179/223)        
2023-05-10T18:21:37.3548049Z remote: Compressing objects:  81% (181/223)        
2023-05-10T18:21:37.3548558Z remote: Compressing objects:  82% (183/223)        
2023-05-10T18:21:37.3548899Z remote: Compressing objects:  83% (186/223)        
2023-05-10T18:21:37.3549226Z remote: Compressing objects:  84% (188/223)        
2023-05-10T18:21:37.3549567Z remote: Compressing objects:  85% (190/223)        
2023-05-10T18:21:37.3549910Z remote: Compressing objects:  86% (192/223)        
2023-05-10T18:21:37.3550253Z remote: Compressing objects:  87% (195/223)        
2023-05-10T18:21:37.3550582Z remote: Compressing objects:  88% (197/223)        
2023-05-10T18:21:37.3550926Z remote: Compressing objects:  89% (199/223)        
2023-05-10T18:21:37.3551940Z remote: Compressing objects:  90% (201/223)        
2023-05-10T18:21:37.3552322Z remote: Compressing objects:  91% (203/223)        
2023-05-10T18:21:37.3552692Z remote: Compressing objects:  92% (206/223)        
2023-05-10T18:21:37.3553197Z remote: Compressing objects:  93% (208/223)        
2023-05-10T18:21:37.3553548Z remote: Compressing objects:  94% (210/223)        
2023-05-10T18:21:37.3554058Z remote: Compressing objects:  95% (212/223)        
2023-05-10T18:21:37.3554385Z remote: Compressing objects:  96% (215/223)        
2023-05-10T18:21:37.3554728Z remote: Compressing objects:  97% (217/223)        
2023-05-10T18:21:37.3555067Z remote: Compressing objects:  98% (219/223)        
2023-05-10T18:21:37.3555547Z remote: Compressing objects:  99% (221/223)        
2023-05-10T18:21:37.3556100Z remote: Compressing objects: 100% (223/223)        
2023-05-10T18:21:37.3556619Z remote: Compressing objects: 100% (223/223), done.        
2023-05-10T18:21:37.3574287Z Receiving objects:   0% (1/1181)
2023-05-10T18:21:37.3575614Z Receiving objects:   1% (12/1181)
2023-05-10T18:21:37.3579530Z Receiving objects:   2% (24/1181)
2023-05-10T18:21:37.3588277Z Receiving objects:   3% (36/1181)
2023-05-10T18:21:37.3588656Z Receiving objects:   4% (48/1181)
2023-05-10T18:21:37.3592161Z Receiving objects:   5% (60/1181)
2023-05-10T18:21:37.3593544Z Receiving objects:   6% (71/1181)
2023-05-10T18:21:37.3603043Z Receiving objects:   7% (83/1181)
2023-05-10T18:21:37.3604878Z Receiving objects:   8% (95/1181)
2023-05-10T18:21:37.3614165Z Receiving objects:   9% (107/1181)
2023-05-10T18:21:37.3614535Z Receiving objects:  10% (119/1181)
2023-05-10T18:21:37.3621446Z Receiving objects:  11% (130/1181)
2023-05-10T18:21:37.3623206Z Receiving objects:  12% (142/1181)
2023-05-10T18:21:37.3624903Z Receiving objects:  13% (154/1181)
2023-05-10T18:21:37.3626395Z Receiving objects:  14% (166/1181)
2023-05-10T18:21:37.3626717Z Receiving objects:  15% (178/1181)
2023-05-10T18:21:37.3629619Z Receiving objects:  16% (189/1181)
2023-05-10T18:21:37.3636142Z Receiving objects:  17% (201/1181)
2023-05-10T18:21:37.3636495Z Receiving objects:  18% (213/1181)
2023-05-10T18:21:37.3639382Z Receiving objects:  19% (225/1181)
2023-05-10T18:21:37.3640863Z Receiving objects:  20% (237/1181)
2023-05-10T18:21:37.3644074Z Receiving objects:  21% (249/1181)
2023-05-10T18:21:37.3651547Z Receiving objects:  22% (260/1181)
2023-05-10T18:21:37.3653641Z Receiving objects:  23% (272/1181)
2023-05-10T18:21:37.3657033Z Receiving objects:  24% (284/1181)
2023-05-10T18:21:37.3658993Z Receiving objects:  25% (296/1181)
2023-05-10T18:21:37.3660213Z Receiving objects:  26% (308/1181)
2023-05-10T18:21:37.3662503Z Receiving objects:  27% (319/1181)
2023-05-10T18:21:37.3664057Z Receiving objects:  28% (331/1181)
2023-05-10T18:21:37.3667109Z Receiving objects:  29% (343/1181)
2023-05-10T18:21:37.3668706Z Receiving objects:  30% (355/1181)
2023-05-10T18:21:37.3670755Z Receiving objects:  31% (367/1181)
2023-05-10T18:21:37.3671921Z Receiving objects:  32% (378/1181)
2023-05-10T18:21:37.3673591Z Receiving objects:  33% (390/1181)
2023-05-10T18:21:37.3675142Z Receiving objects:  34% (402/1181)
2023-05-10T18:21:37.3676772Z Receiving objects:  35% (414/1181)
2023-05-10T18:21:37.3678419Z Receiving objects:  36% (426/1181)
2023-05-10T18:21:37.3679208Z Receiving objects:  37% (437/1181)
2023-05-10T18:21:37.3686658Z Receiving objects:  38% (449/1181)
2023-05-10T18:21:37.3688111Z Receiving objects:  39% (461/1181)
2023-05-10T18:21:37.3688580Z Receiving objects:  40% (473/1181)
2023-05-10T18:21:37.3689044Z Receiving objects:  41% (485/1181)
2023-05-10T18:21:37.3689508Z Receiving objects:  42% (497/1181)
2023-05-10T18:21:37.3691073Z Receiving objects:  43% (508/1181)
2023-05-10T18:21:37.3692562Z Receiving objects:  44% (520/1181)
2023-05-10T18:21:37.3708298Z Receiving objects:  45% (532/1181)
2023-05-10T18:21:37.3708674Z Receiving objects:  46% (544/1181)
2023-05-10T18:21:37.3712261Z Receiving objects:  47% (556/1181)
2023-05-10T18:21:37.3717809Z Receiving objects:  48% (567/1181)
2023-05-10T18:21:37.3723299Z Receiving objects:  49% (579/1181)
2023-05-10T18:21:37.3725394Z Receiving objects:  50% (591/1181)
2023-05-10T18:21:37.3726780Z Receiving objects:  51% (603/1181)
2023-05-10T18:21:37.3728222Z Receiving objects:  52% (615/1181)
2023-05-10T18:21:37.3729498Z Receiving objects:  53% (626/1181)
2023-05-10T18:21:37.3733404Z Receiving objects:  54% (638/1181)
2023-05-10T18:21:37.3734246Z Receiving objects:  55% (650/1181)
2023-05-10T18:21:37.3735977Z Receiving objects:  56% (662/1181)
2023-05-10T18:21:37.3737421Z Receiving objects:  57% (674/1181)
2023-05-10T18:21:37.3739219Z Receiving objects:  58% (685/1181)
2023-05-10T18:21:37.3746737Z Receiving objects:  59% (697/1181)
2023-05-10T18:21:37.3751206Z Receiving objects:  60% (709/1181)
2023-05-10T18:21:37.3753939Z Receiving objects:  61% (721/1181)
2023-05-10T18:21:37.3789710Z Receiving objects:  62% (733/1181)
2023-05-10T18:21:37.3791572Z Receiving objects:  63% (745/1181)
2023-05-10T18:21:37.3795221Z Receiving objects:  64% (756/1181)
2023-05-10T18:21:37.3797284Z Receiving objects:  65% (768/1181)
2023-05-10T18:21:37.3800147Z Receiving objects:  66% (780/1181)
2023-05-10T18:21:37.3802921Z Receiving objects:  67% (792/1181)
2023-05-10T18:21:37.3805135Z Receiving objects:  68% (804/1181)
2023-05-10T18:21:37.3808469Z Receiving objects:  69% (815/1181)
2023-05-10T18:21:37.3811116Z Receiving objects:  70% (827/1181)
2023-05-10T18:21:37.3813651Z Receiving objects:  71% (839/1181)
2023-05-10T18:21:37.3815824Z Receiving objects:  72% (851/1181)
2023-05-10T18:21:37.3818407Z Receiving objects:  73% (863/1181)
2023-05-10T18:21:37.3820422Z Receiving objects:  74% (874/1181)
2023-05-10T18:21:37.3822926Z Receiving objects:  75% (886/1181)
2023-05-10T18:21:37.3824875Z Receiving objects:  76% (898/1181)
2023-05-10T18:21:37.3828394Z Receiving objects:  77% (910/1181)
2023-05-10T18:21:37.3831265Z Receiving objects:  78% (922/1181)
2023-05-10T18:21:37.3833817Z Receiving objects:  79% (933/1181)
2023-05-10T18:21:37.3837144Z Receiving objects:  80% (945/1181)
2023-05-10T18:21:37.3838113Z remote: Total 1181 (delta 176), reused 250 (delta 156), pack-reused 778        
2023-05-10T18:21:37.3840248Z Receiving objects:  81% (957/1181)
2023-05-10T18:21:37.3841448Z Receiving objects:  82% (969/1181)
2023-05-10T18:21:37.3842614Z Receiving objects:  83% (981/1181)
2023-05-10T18:21:37.3845351Z Receiving objects:  84% (993/1181)
2023-05-10T18:21:37.3846192Z Receiving objects:  85% (1004/1181)
2023-05-10T18:21:37.3847181Z Receiving objects:  86% (1016/1181)
2023-05-10T18:21:37.3847963Z Receiving objects:  87% (1028/1181)
2023-05-10T18:21:37.3848799Z Receiving objects:  88% (1040/1181)
2023-05-10T18:21:37.3849113Z Receiving objects:  89% (1052/1181)
2023-05-10T18:21:37.3851751Z Receiving objects:  90% (1063/1181)
2023-05-10T18:21:37.3858984Z Receiving objects:  91% (1075/1181)
2023-05-10T18:21:37.3859339Z Receiving objects:  92% (1087/1181)
2023-05-10T18:21:37.3865144Z Receiving objects:  93% (1099/1181)
2023-05-10T18:21:37.3867405Z Receiving objects:  94% (1111/1181)
2023-05-10T18:21:37.3871675Z Receiving objects:  95% (1122/1181)
2023-05-10T18:21:37.3875827Z Receiving objects:  96% (1134/1181)
2023-05-10T18:21:37.3882586Z Receiving objects:  97% (1146/1181)
2023-05-10T18:21:37.3883966Z Receiving objects:  98% (1158/1181)
2023-05-10T18:21:37.3886429Z Receiving objects:  99% (1170/1181)
2023-05-10T18:21:37.3887272Z Receiving objects: 100% (1181/1181)
2023-05-10T18:21:37.3887657Z Receiving objects: 100% (1181/1181), 291.10 KiB | 8.82 MiB/s, done.
2023-05-10T18:21:37.3892883Z Resolving deltas:   0% (0/645)
2023-05-10T18:21:37.3898502Z Resolving deltas:   1% (7/645)
2023-05-10T18:21:37.3902748Z Resolving deltas:   2% (13/645)
2023-05-10T18:21:37.3916703Z Resolving deltas:   3% (20/645)
2023-05-10T18:21:37.3917416Z Resolving deltas:   4% (26/645)
2023-05-10T18:21:37.3918282Z Resolving deltas:   5% (33/645)
2023-05-10T18:21:37.3918983Z Resolving deltas:   6% (39/645)
2023-05-10T18:21:37.3919817Z Resolving deltas:   7% (46/645)
2023-05-10T18:21:37.3920381Z Resolving deltas:   8% (52/645)
2023-05-10T18:21:37.3922271Z Resolving deltas:   9% (59/645)
2023-05-10T18:21:37.3922919Z Resolving deltas:  10% (65/645)
2023-05-10T18:21:37.3923764Z Resolving deltas:  11% (71/645)
2023-05-10T18:21:37.3924345Z Resolving deltas:  12% (78/645)
2023-05-10T18:21:37.3925171Z Resolving deltas:  13% (84/645)
2023-05-10T18:21:37.3925794Z Resolving deltas:  14% (91/645)
2023-05-10T18:21:37.3927710Z Resolving deltas:  15% (97/645)
2023-05-10T18:21:37.3928368Z Resolving deltas:  16% (104/645)
2023-05-10T18:21:37.3929212Z Resolving deltas:  17% (110/645)
2023-05-10T18:21:37.3929806Z Resolving deltas:  18% (117/645)
2023-05-10T18:21:37.3931648Z Resolving deltas:  19% (123/645)
2023-05-10T18:21:37.3932289Z Resolving deltas:  20% (129/645)
2023-05-10T18:21:37.3933127Z Resolving deltas:  21% (136/645)
2023-05-10T18:21:37.3933790Z Resolving deltas:  22% (142/645)
2023-05-10T18:21:37.3934617Z Resolving deltas:  23% (149/645)
2023-05-10T18:21:37.3935234Z Resolving deltas:  24% (155/645)
2023-05-10T18:21:37.3938331Z Resolving deltas:  25% (162/645)
2023-05-10T18:21:37.3938986Z Resolving deltas:  26% (168/645)
2023-05-10T18:21:37.3941174Z Resolving deltas:  27% (175/645)
2023-05-10T18:21:37.3941916Z Resolving deltas:  28% (181/645)
2023-05-10T18:21:37.3942765Z Resolving deltas:  29% (188/645)
2023-05-10T18:21:37.3943452Z Resolving deltas:  30% (194/645)
2023-05-10T18:21:37.3946331Z Resolving deltas:  31% (200/645)
2023-05-10T18:21:37.3946990Z Resolving deltas:  32% (207/645)
2023-05-10T18:21:37.3948972Z Resolving deltas:  33% (213/645)
2023-05-10T18:21:37.3949634Z Resolving deltas:  34% (220/645)
2023-05-10T18:21:37.3951538Z Resolving deltas:  35% (226/645)
2023-05-10T18:21:37.3952266Z Resolving deltas:  36% (233/645)
2023-05-10T18:21:37.3954130Z Resolving deltas:  37% (239/645)
2023-05-10T18:21:37.3955849Z Resolving deltas:  38% (246/645)
2023-05-10T18:21:37.3956929Z Resolving deltas:  39% (252/645)
2023-05-10T18:21:37.3958529Z Resolving deltas:  40% (258/645)
2023-05-10T18:21:37.3962310Z Resolving deltas:  41% (265/645)
2023-05-10T18:21:37.3969454Z Resolving deltas:  42% (271/645)
2023-05-10T18:21:37.3974446Z Resolving deltas:  43% (278/645)
2023-05-10T18:21:37.3980348Z Resolving deltas:  44% (284/645)
2023-05-10T18:21:37.3984336Z Resolving deltas:  45% (291/645)
2023-05-10T18:21:37.3989100Z Resolving deltas:  46% (297/645)
2023-05-10T18:21:37.3993172Z Resolving deltas:  47% (304/645)
2023-05-10T18:21:37.3998432Z Resolving deltas:  48% (310/645)
2023-05-10T18:21:37.4019629Z Resolving deltas:  49% (317/645)
2023-05-10T18:21:37.4020369Z Resolving deltas:  50% (323/645)
2023-05-10T18:21:37.4022547Z Resolving deltas:  51% (329/645)
2023-05-10T18:21:37.4023775Z Resolving deltas:  52% (336/645)
2023-05-10T18:21:37.4029117Z Resolving deltas:  53% (342/645)
2023-05-10T18:21:37.4035962Z Resolving deltas:  54% (349/645)
2023-05-10T18:21:37.4041898Z Resolving deltas:  55% (355/645)
2023-05-10T18:21:37.4047305Z Resolving deltas:  56% (362/645)
2023-05-10T18:21:37.4055297Z Resolving deltas:  57% (368/645)
2023-05-10T18:21:37.4061164Z Resolving deltas:  58% (375/645)
2023-05-10T18:21:37.4067410Z Resolving deltas:  59% (381/645)
2023-05-10T18:21:37.4075680Z Resolving deltas:  60% (387/645)
2023-05-10T18:21:37.4079732Z Resolving deltas:  61% (394/645)
2023-05-10T18:21:37.4083915Z Resolving deltas:  62% (400/645)
2023-05-10T18:21:37.4084697Z Resolving deltas:  63% (407/645)
2023-05-10T18:21:37.4087867Z Resolving deltas:  64% (413/645)
2023-05-10T18:21:37.4089269Z Resolving deltas:  65% (420/645)
2023-05-10T18:21:37.4090876Z Resolving deltas:  66% (426/645)
2023-05-10T18:21:37.4091517Z Resolving deltas:  67% (433/645)
2023-05-10T18:21:37.4093652Z Resolving deltas:  68% (439/645)
2023-05-10T18:21:37.4094353Z Resolving deltas:  69% (446/645)
2023-05-10T18:21:37.4096067Z Resolving deltas:  70% (452/645)
2023-05-10T18:21:37.4099922Z Resolving deltas:  71% (458/645)
2023-05-10T18:21:37.4108451Z Resolving deltas:  72% (465/645)
2023-05-10T18:21:37.4112905Z Resolving deltas:  73% (471/645)
2023-05-10T18:21:37.4115331Z Resolving deltas:  74% (478/645)
2023-05-10T18:21:37.4116031Z Resolving deltas:  75% (484/645)
2023-05-10T18:21:37.4117890Z Resolving deltas:  76% (491/645)
2023-05-10T18:21:37.4118563Z Resolving deltas:  77% (497/645)
2023-05-10T18:21:37.4119416Z Resolving deltas:  78% (504/645)
2023-05-10T18:21:37.4119987Z Resolving deltas:  79% (510/645)
2023-05-10T18:21:37.4120811Z Resolving deltas:  80% (516/645)
2023-05-10T18:21:37.4121413Z Resolving deltas:  81% (523/645)
2023-05-10T18:21:37.4122228Z Resolving deltas:  82% (529/645)
2023-05-10T18:21:37.4122894Z Resolving deltas:  83% (536/645)
2023-05-10T18:21:37.4124805Z Resolving deltas:  84% (542/645)
2023-05-10T18:21:37.4125452Z Resolving deltas:  85% (549/645)
2023-05-10T18:21:37.4126364Z Resolving deltas:  86% (555/645)
2023-05-10T18:21:37.4126978Z Resolving deltas:  87% (562/645)
2023-05-10T18:21:37.4127897Z Resolving deltas:  88% (568/645)
2023-05-10T18:21:37.4131326Z Resolving deltas:  89% (575/645)
2023-05-10T18:21:37.4136584Z Resolving deltas:  90% (581/645)
2023-05-10T18:21:37.4140678Z Resolving deltas:  91% (587/645)
2023-05-10T18:21:37.4144272Z Resolving deltas:  92% (594/645)
2023-05-10T18:21:37.4149612Z Resolving deltas:  93% (600/645)
2023-05-10T18:21:37.4157943Z Resolving deltas:  94% (607/645)
2023-05-10T18:21:37.4160016Z Resolving deltas:  95% (613/645)
2023-05-10T18:21:37.4164508Z Resolving deltas:  96% (620/645)
2023-05-10T18:21:37.4167492Z Resolving deltas:  97% (626/645)
2023-05-10T18:21:37.4172480Z Resolving deltas:  98% (633/645)
2023-05-10T18:21:37.4176949Z Resolving deltas:  99% (639/645)
2023-05-10T18:21:37.4181278Z Resolving deltas: 100% (645/645)
2023-05-10T18:21:37.4181965Z Resolving deltas: 100% (645/645), done.
2023-05-10T18:21:37.4363754Z From https://github.com/con/tinuous
2023-05-10T18:21:37.4365027Z  * [new branch]      decoupled-ingestion                      -> origin/decoupled-ingestion
2023-05-10T18:21:37.4366328Z  * [new branch]      gh-55                                    -> origin/gh-55
2023-05-10T18:21:37.4367500Z  * [new branch]      master                                   -> origin/master
2023-05-10T18:21:37.4368675Z  * [new branch]      no-extra-search                          -> origin/no-extra-search
2023-05-10T18:21:37.4370323Z  * [new branch]      test-appveyor                            -> origin/test-appveyor
2023-05-10T18:21:37.4371713Z  * [new tag]         0.1.0                                    -> 0.1.0
2023-05-10T18:21:37.4377138Z  * [new tag]         0.2.0                                    -> 0.2.0
2023-05-10T18:21:37.4378057Z  * [new tag]         0.3.0                                    -> 0.3.0
2023-05-10T18:21:37.4379085Z  * [new tag]         0.4.0                                    -> 0.4.0
2023-05-10T18:21:37.4379839Z  * [new tag]         0.5.0                                    -> 0.5.0
2023-05-10T18:21:37.4380807Z  * [new tag]         0.5.1                                    -> 0.5.1
2023-05-10T18:21:37.4381540Z  * [new tag]         0.5.2                                    -> 0.5.2
2023-05-10T18:21:37.4382617Z  * [new tag]         0.5.3                                    -> 0.5.3
2023-05-10T18:21:37.4383771Z  * [new tag]         0.5.4                                    -> 0.5.4
2023-05-10T18:21:37.4384767Z  * [new tag]         0.6.0                                    -> 0.6.0
2023-05-10T18:21:37.4385814Z  * [new tag]         0.6.1                                    -> 0.6.1
2023-05-10T18:21:37.4387130Z  * [new ref]         38fbeefbec95dbf43fc325b1e0c9d48019332c2a -> pull/168/merge
2023-05-10T18:21:37.4419759Z ##[endgroup]
2023-05-10T18:21:37.4420742Z ##[group]Determining the checkout info
2023-05-10T18:21:37.4421898Z ##[endgroup]
2023-05-10T18:21:37.4422728Z ##[group]Checking out the ref
2023-05-10T18:21:37.4429038Z [command]/usr/bin/git checkout --progress --force refs/remotes/pull/168/merge
2023-05-10T18:21:37.4509787Z Note: switching to 'refs/remotes/pull/168/merge'.
2023-05-10T18:21:37.4510477Z 
2023-05-10T18:21:37.4511397Z You are in 'detached HEAD' state. You can look around, make experimental
2023-05-10T18:21:37.4512268Z changes and commit them, and you can discard any commits you make in this
2023-05-10T18:21:37.4513297Z state without impacting any branches by switching back to a branch.
2023-05-10T18:21:37.4513831Z 
2023-05-10T18:21:37.4514547Z If you want to create a new branch to retain commits you create, you may
2023-05-10T18:21:37.4515415Z do so (now or later) by using -c with the switch command. Example:
2023-05-10T18:21:37.4516178Z 
2023-05-10T18:21:37.4516648Z   git switch -c <new-branch-name>
2023-05-10T18:21:37.4517355Z 
2023-05-10T18:21:37.4517728Z Or undo this operation with:
2023-05-10T18:21:37.4518404Z 
2023-05-10T18:21:37.4518768Z   git switch -
2023-05-10T18:21:37.4519387Z 
2023-05-10T18:21:37.4519864Z Turn off this advice by setting config variable advice.detachedHead to false
2023-05-10T18:21:37.4520627Z 
2023-05-10T18:21:37.4521279Z HEAD is now at 38fbeef Merge 2602ace4576ea4d9ab1b5e50ec04c5b9a66ca560 into c5a095328e1ecd04751457044ae85f902fc867dd
2023-05-10T18:21:37.4523812Z ##[endgroup]
2023-05-10T18:21:37.4576012Z [command]/usr/bin/git log -1 --format='%H'
2023-05-10T18:21:37.4623166Z '38fbeefbec95dbf43fc325b1e0c9d48019332c2a'
2023-05-10T18:21:37.5085940Z ##[group]Run actions/setup-python@v4
2023-05-10T18:21:37.5086330Z with:
2023-05-10T18:21:37.5086604Z   python-version: 3.8
2023-05-10T18:21:37.5086892Z   check-latest: false
2023-05-10T18:21:37.5087363Z   token: ***
2023-05-10T18:21:37.5087657Z   update-environment: true
2023-05-10T18:21:37.5087993Z   allow-prereleases: false
2023-05-10T18:21:37.5088276Z ##[endgroup]
2023-05-10T18:21:37.7593087Z ##[group]Installed versions
2023-05-10T18:21:37.7707600Z Successfully set up CPython (3.8.16)
2023-05-10T18:21:37.7708903Z ##[endgroup]
2023-05-10T18:21:37.7913612Z ##[group]Run python -m pip install --upgrade pip wheel
2023-05-10T18:21:37.7914200Z [36;1mpython -m pip install --upgrade pip wheel[0m
2023-05-10T18:21:37.7914669Z [36;1mpython -m pip install --upgrade --upgrade-strategy=eager tox[0m
2023-05-10T18:21:37.8041146Z shell: /usr/bin/bash -e {0}
2023-05-10T18:21:37.8041493Z env:
2023-05-10T18:21:37.8041865Z   pythonLocation: /opt/hostedtoolcache/Python/3.8.16/x64
2023-05-10T18:21:37.8042500Z   PKG_CONFIG_PATH: /opt/hostedtoolcache/Python/3.8.16/x64/lib/pkgconfig
2023-05-10T18:21:37.8043046Z   Python_ROOT_DIR: /opt/hostedtoolcache/Python/3.8.16/x64
2023-05-10T18:21:37.8043606Z   Python2_ROOT_DIR: /opt/hostedtoolcache/Python/3.8.16/x64
2023-05-10T18:21:37.8044048Z   Python3_ROOT_DIR: /opt/hostedtoolcache/Python/3.8.16/x64
2023-05-10T18:21:37.8044475Z   LD_LIBRARY_PATH: /opt/hostedtoolcache/Python/3.8.16/x64/lib
2023-05-10T18:21:37.8044837Z ##[endgroup]
2023-05-10T18:21:38.9958299Z Requirement already satisfied: pip in /opt/hostedtoolcache/Python/3.8.16/x64/lib/python3.8/site-packages (22.0.4)
2023-05-10T18:21:39.2361337Z Collecting pip
2023-05-10T18:21:39.3488212Z   Downloading pip-23.1.2-py3-none-any.whl (2.1 MB)
2023-05-10T18:21:39.4420723Z      ━━━━━━━━━━━━━━━━━━━━━━━━━━━━━━━━━━━━━━━━ 2.1/2.1 MB 24.0 MB/s eta 0:00:00
2023-05-10T18:21:39.5161294Z Collecting wheel
2023-05-10T18:21:39.5250705Z   Downloading wheel-0.40.0-py3-none-any.whl (64 kB)
2023-05-10T18:21:39.5334267Z      ━━━━━━━━━━━━━━━━━━━━━━━━━━━━━━━━━━━━━━━━ 64.5/64.5 kB 11.1 MB/s eta 0:00:00
2023-05-10T18:21:39.5851208Z Installing collected packages: wheel, pip
2023-05-10T18:21:39.6485756Z   Attempting uninstall: pip
2023-05-10T18:21:39.6496204Z     Found existing installation: pip 22.0.4
2023-05-10T18:21:39.7321909Z     Uninstalling pip-22.0.4:
2023-05-10T18:21:39.8325671Z       Successfully uninstalled pip-22.0.4
2023-05-10T18:21:41.2972339Z Successfully installed pip-23.1.2 wheel-0.40.0
2023-05-10T18:21:42.6082584Z Collecting tox
2023-05-10T18:21:42.7174169Z   Downloading tox-4.5.1-py3-none-any.whl (148 kB)
2023-05-10T18:21:42.7742271Z      ━━━━━━━━━━━━━━━━━━━━━━━━━━━━━━━━━━━━━━━ 149.0/149.0 kB 2.7 MB/s eta 0:00:00
2023-05-10T18:21:42.8672500Z Collecting cachetools>=5.3 (from tox)
2023-05-10T18:21:42.8735199Z   Downloading cachetools-5.3.0-py3-none-any.whl (9.3 kB)
2023-05-10T18:21:42.9014629Z Collecting chardet>=5.1 (from tox)
2023-05-10T18:21:42.9093385Z   Downloading chardet-5.1.0-py3-none-any.whl (199 kB)
2023-05-10T18:21:42.9414435Z      ━━━━━━━━━━━━━━━━━━━━━━━━━━━━━━━━━━━━━━━ 199.1/199.1 kB 6.7 MB/s eta 0:00:00
2023-05-10T18:21:42.9820462Z Collecting colorama>=0.4.6 (from tox)
2023-05-10T18:21:42.9892017Z   Downloading colorama-0.4.6-py2.py3-none-any.whl (25 kB)
2023-05-10T18:21:43.0365876Z Collecting filelock>=3.11 (from tox)
2023-05-10T18:21:43.0423807Z   Downloading filelock-3.12.0-py3-none-any.whl (10 kB)
2023-05-10T18:21:43.0948739Z Collecting packaging>=23.1 (from tox)
2023-05-10T18:21:43.1023433Z   Downloading packaging-23.1-py3-none-any.whl (48 kB)
2023-05-10T18:21:43.1102096Z      ━━━━━━━━━━━━━━━━━━━━━━━━━━━━━━━━━━━━━━━━ 48.9/48.9 kB 9.3 MB/s eta 0:00:00
2023-05-10T18:21:43.1471565Z Collecting platformdirs>=3.2 (from tox)
2023-05-10T18:21:43.1530077Z   Downloading platformdirs-3.5.0-py3-none-any.whl (15 kB)
2023-05-10T18:21:43.1915473Z Collecting pluggy>=1 (from tox)
2023-05-10T18:21:43.1970174Z   Downloading pluggy-1.0.0-py2.py3-none-any.whl (13 kB)
2023-05-10T18:21:43.2274585Z Collecting pyproject-api>=1.5.1 (from tox)
2023-05-10T18:21:43.2335268Z   Downloading pyproject_api-1.5.1-py3-none-any.whl (12 kB)
2023-05-10T18:21:43.2760589Z Collecting tomli>=2.0.1 (from tox)
2023-05-10T18:21:43.2816837Z   Downloading tomli-2.0.1-py3-none-any.whl (12 kB)
2023-05-10T18:21:43.4562494Z Collecting virtualenv>=20.21 (from tox)
2023-05-10T18:21:43.4665221Z   Downloading virtualenv-20.23.0-py3-none-any.whl (3.3 MB)
2023-05-10T18:21:43.5280269Z      ━━━━━━━━━━━━━━━━━━━━━━━━━━━━━━━━━━━━━━━━ 3.3/3.3 MB 56.9 MB/s eta 0:00:00
2023-05-10T18:21:43.6795357Z Collecting distlib<1,>=0.3.6 (from virtualenv>=20.21->tox)
2023-05-10T18:21:43.6885300Z   Downloading distlib-0.3.6-py2.py3-none-any.whl (468 kB)
2023-05-10T18:21:43.7030582Z      ━━━━━━━━━━━━━━━━━━━━━━━━━━━━━━━━━━━━━━ 468.5/468.5 kB 44.8 MB/s eta 0:00:00
2023-05-10T18:21:43.9102773Z Installing collected packages: distlib, tomli, pluggy, platformdirs, packaging, filelock, colorama, chardet, cachetools, virtualenv, pyproject-api, tox
2023-05-10T18:21:44.7820724Z Successfully installed cachetools-5.3.0 chardet-5.1.0 colorama-0.4.6 distlib-0.3.6 filelock-3.12.0 packaging-23.1 platformdirs-3.5.0 pluggy-1.0.0 pyproject-api-1.5.1 tomli-2.0.1 tox-4.5.1 virtualenv-20.23.0
2023-05-10T18:21:44.9890479Z ##[error]The operation was canceled.
2023-05-10T18:21:44.9977888Z Post job cleanup.
2023-05-10T18:21:45.1297341Z [command]/usr/bin/git version
2023-05-10T18:21:45.1359007Z git version 2.40.1
2023-05-10T18:21:45.1433388Z Temporarily overriding HOME='/home/runner/work/_temp/e437b831-d89b-4224-a940-1be138d6186c' before making global git config changes
2023-05-10T18:21:45.1445930Z Adding repository directory to the temporary git global config as a safe directory
2023-05-10T18:21:45.1458007Z [command]/usr/bin/git config --global --add safe.directory /home/runner/work/tinuous/tinuous
2023-05-10T18:21:45.1523113Z [command]/usr/bin/git config --local --name-only --get-regexp core\.sshCommand
2023-05-10T18:21:45.1595135Z [command]/usr/bin/git submodule foreach --recursive sh -c "git config --local --name-only --get-regexp 'core\.sshCommand' && git config --local --unset-all 'core.sshCommand' || :"
2023-05-10T18:21:45.1950689Z [command]/usr/bin/git config --local --name-only --get-regexp http\.https\:\/\/github\.com\/\.extraheader
2023-05-10T18:21:45.1987209Z http.https://github.com/.extraheader
2023-05-10T18:21:45.2017930Z [command]/usr/bin/git config --local --unset-all http.https://github.com/.extraheader
2023-05-10T18:21:45.2078081Z [command]/usr/bin/git submodule foreach --recursive sh -c "git config --local --name-only --get-regexp 'http\.https\:\/\/github\.com\/\.extraheader' && git config --local --unset-all 'http.https://github.com/.extraheader' || :"
2023-05-10T18:21:45.2724014Z Cleaning up orphan processes
