2025-07-25T15:03:57.0845523Z Current runner version: '2.326.0'
2025-07-25T15:03:57.0872008Z ##[group]Runner Image Provisioner
2025-07-25T15:03:57.0872946Z Hosted Compute Agent
2025-07-25T15:03:57.0873497Z Version: 20250711.363
2025-07-25T15:03:57.0874066Z Commit: 6785254374ce925a23743850c1cb91912ce5c14c
2025-07-25T15:03:57.0874780Z Build Date: 2025-07-11T20:04:25Z
2025-07-25T15:03:57.0875365Z ##[endgroup]
2025-07-25T15:03:57.0875878Z ##[group]Operating System
2025-07-25T15:03:57.0876480Z Ubuntu
2025-07-25T15:03:57.0876935Z 24.04.2
2025-07-25T15:03:57.0877345Z LTS
2025-07-25T15:03:57.0877822Z ##[endgroup]
2025-07-25T15:03:57.0878263Z ##[group]Runner Image
2025-07-25T15:03:57.0878806Z Image: ubuntu-24.04
2025-07-25T15:03:57.0879471Z Version: 20250720.1.0
2025-07-25T15:03:57.0880430Z Included Software: https://github.com/actions/runner-images/blob/ubuntu24/20250720.1/images/ubuntu/Ubuntu2404-Readme.md
2025-07-25T15:03:57.0882163Z Image Release: https://github.com/actions/runner-images/releases/tag/ubuntu24%2F20250720.1
2025-07-25T15:03:57.0883170Z ##[endgroup]
2025-07-25T15:03:57.0885631Z ##[group]GITHUB_TOKEN Permissions
2025-07-25T15:03:57.0887860Z Actions: write
2025-07-25T15:03:57.0888396Z Attestations: write
2025-07-25T15:03:57.0889008Z Checks: write
2025-07-25T15:03:57.0889516Z Contents: write
2025-07-25T15:03:57.0889999Z Deployments: write
2025-07-25T15:03:57.0890543Z Discussions: write
2025-07-25T15:03:57.0891081Z Issues: write
2025-07-25T15:03:57.0891547Z Metadata: read
2025-07-25T15:03:57.0892228Z Models: read
2025-07-25T15:03:57.0892707Z Packages: write
2025-07-25T15:03:57.0893161Z Pages: write
2025-07-25T15:03:57.0893687Z PullRequests: write
2025-07-25T15:03:57.0894249Z RepositoryProjects: write
2025-07-25T15:03:57.0894771Z SecurityEvents: write
2025-07-25T15:03:57.0895455Z Statuses: write
2025-07-25T15:03:57.0895945Z ##[endgroup]
2025-07-25T15:03:57.0898248Z Secret source: Actions
2025-07-25T15:03:57.0899405Z Prepare workflow directory
2025-07-25T15:03:57.1222160Z Prepare all required actions
2025-07-25T15:03:57.1259462Z Getting action download info
2025-07-25T15:03:57.4725854Z ##[group]Download immutable action package 'actions/checkout@v4'
2025-07-25T15:03:57.4727016Z Version: 4.2.2
2025-07-25T15:03:57.4728000Z Digest: sha256:ccb2698953eaebd21c7bf6268a94f9c26518a7e38e27e0b83c1fe1ad049819b1
2025-07-25T15:03:57.4729098Z Source commit SHA: 11bd71901bbe5b1630ceea73d27597364c9af683
2025-07-25T15:03:57.4729913Z ##[endgroup]
2025-07-25T15:03:57.5999869Z ##[group]Download immutable action package 'actions/setup-python@v5'
2025-07-25T15:03:57.6000750Z Version: 5.6.0
2025-07-25T15:03:57.6001536Z Digest: sha256:0b35a0c11c97499e4e0576589036d450b9f5f9da74b7774225b3614b57324404
2025-07-25T15:03:57.6002711Z Source commit SHA: a26af69be951a213d495a4c3e4e4022e16d87065
2025-07-25T15:03:57.6003454Z ##[endgroup]
2025-07-25T15:03:57.8484533Z Download action repository 'codecov/codecov-action@v5' (SHA:18283e04ce6e62d37312384ff67231eb8fd56d24)
2025-07-25T15:03:58.1220232Z Getting action download info
2025-07-25T15:03:58.2530538Z ##[group]Download immutable action package 'actions/github-script@v7'
2025-07-25T15:03:58.2531373Z Version: 7.0.1
2025-07-25T15:03:58.2532250Z Digest: sha256:bce02966afe3a75123f766b765abe432fac5464b74976015dc06b811ac9054c7
2025-07-25T15:03:58.2533240Z Source commit SHA: 60a0d83039c74a4aee543508d2ffcb1c3799cdea
2025-07-25T15:03:58.2533921Z ##[endgroup]
2025-07-25T15:03:58.5369326Z Complete job name: test (3.9, py)
2025-07-25T15:03:58.6174603Z ##[group]Run actions/checkout@v4
2025-07-25T15:03:58.6175897Z with:
2025-07-25T15:03:58.6176642Z   fetch-depth: 0
2025-07-25T15:03:58.6177466Z   repository: con/tinuous
2025-07-25T15:03:58.6178605Z   token: ***
2025-07-25T15:03:58.6179358Z   ssh-strict: true
2025-07-25T15:03:58.6180156Z   ssh-user: git
2025-07-25T15:03:58.6180993Z   persist-credentials: true
2025-07-25T15:03:58.6182148Z   clean: true
2025-07-25T15:03:58.6182974Z   sparse-checkout-cone-mode: true
2025-07-25T15:03:58.6183957Z   fetch-tags: false
2025-07-25T15:03:58.6184764Z   show-progress: true
2025-07-25T15:03:58.6185596Z   lfs: false
2025-07-25T15:03:58.6186590Z   submodules: false
2025-07-25T15:03:58.6187405Z   set-safe-directory: true
2025-07-25T15:03:58.6188571Z ##[endgroup]
2025-07-25T15:03:58.7279824Z Syncing repository: con/tinuous
2025-07-25T15:03:58.7282517Z ##[group]Getting Git version info
2025-07-25T15:03:58.7283785Z Working directory is '/home/runner/work/tinuous/tinuous'
2025-07-25T15:03:58.7285841Z [command]/usr/bin/git version
2025-07-25T15:03:58.7364984Z git version 2.50.1
2025-07-25T15:03:58.7397480Z ##[endgroup]
2025-07-25T15:03:58.7411174Z Temporarily overriding HOME='/home/runner/work/_temp/2e751bec-2e5f-4017-b55a-8f11ef9ac908' before making global git config changes
2025-07-25T15:03:58.7414161Z Adding repository directory to the temporary git global config as a safe directory
2025-07-25T15:03:58.7416739Z [command]/usr/bin/git config --global --add safe.directory /home/runner/work/tinuous/tinuous
2025-07-25T15:03:58.7452852Z Deleting the contents of '/home/runner/work/tinuous/tinuous'
2025-07-25T15:03:58.7456395Z ##[group]Initializing the repository
2025-07-25T15:03:58.7459917Z [command]/usr/bin/git init /home/runner/work/tinuous/tinuous
2025-07-25T15:03:58.7533794Z hint: Using 'master' as the name for the initial branch. This default branch name
2025-07-25T15:03:58.7535802Z hint: is subject to change. To configure the initial branch name to use in all
2025-07-25T15:03:58.7537584Z hint: of your new repositories, which will suppress this warning, call:
2025-07-25T15:03:58.7539465Z hint:
2025-07-25T15:03:58.7540420Z hint: 	git config --global init.defaultBranch <name>
2025-07-25T15:03:58.7541554Z hint:
2025-07-25T15:03:58.7542775Z hint: Names commonly chosen instead of 'master' are 'main', 'trunk' and
2025-07-25T15:03:58.7544691Z hint: 'development'. The just-created branch can be renamed via this command:
2025-07-25T15:03:58.7546073Z hint:
2025-07-25T15:03:58.7546798Z hint: 	git branch -m <name>
2025-07-25T15:03:58.7547664Z hint:
2025-07-25T15:03:58.7548959Z hint: Disable this message with "git config set advice.defaultBranchName false"
2025-07-25T15:03:58.7551078Z Initialized empty Git repository in /home/runner/work/tinuous/tinuous/.git/
2025-07-25T15:03:58.7554194Z [command]/usr/bin/git remote add origin https://github.com/con/tinuous
2025-07-25T15:03:58.7583823Z ##[endgroup]
2025-07-25T15:03:58.7585180Z ##[group]Disabling automatic garbage collection
2025-07-25T15:03:58.7587125Z [command]/usr/bin/git config --local gc.auto 0
2025-07-25T15:03:58.7615183Z ##[endgroup]
2025-07-25T15:03:58.7616472Z ##[group]Setting up auth
2025-07-25T15:03:58.7621348Z [command]/usr/bin/git config --local --name-only --get-regexp core\.sshCommand
2025-07-25T15:03:58.7650087Z [command]/usr/bin/git submodule foreach --recursive sh -c "git config --local --name-only --get-regexp 'core\.sshCommand' && git config --local --unset-all 'core.sshCommand' || :"
2025-07-25T15:03:58.7994874Z [command]/usr/bin/git config --local --name-only --get-regexp http\.https\:\/\/github\.com\/\.extraheader
2025-07-25T15:03:58.8022743Z [command]/usr/bin/git submodule foreach --recursive sh -c "git config --local --name-only --get-regexp 'http\.https\:\/\/github\.com\/\.extraheader' && git config --local --unset-all 'http.https://github.com/.extraheader' || :"
2025-07-25T15:03:58.8240852Z [command]/usr/bin/git config --local http.https://github.com/.extraheader AUTHORIZATION: basic ***
2025-07-25T15:03:58.8283170Z ##[endgroup]
2025-07-25T15:03:58.8284817Z ##[group]Fetching the repository
2025-07-25T15:03:58.8292993Z [command]/usr/bin/git -c protocol.version=2 fetch --prune --no-recurse-submodules origin +refs/heads/*:refs/remotes/origin/* +refs/tags/*:refs/tags/* +081131b5da8bfd2105783bfdf83f7d80deefd9b7:refs/remotes/pull/212/merge
2025-07-25T15:03:59.1167617Z From https://github.com/con/tinuous
2025-07-25T15:03:59.1172058Z  * [new branch]      bf-ci                                    -> origin/bf-ci
2025-07-25T15:03:59.1174825Z  * [new branch]      bf-circleci                              -> origin/bf-circleci
2025-07-25T15:03:59.1177560Z  * [new branch]      gh-55                                    -> origin/gh-55
2025-07-25T15:03:59.1180637Z  * [new branch]      master                                   -> origin/master
2025-07-25T15:03:59.1183903Z  * [new branch]      no-extra-search                          -> origin/no-extra-search
2025-07-25T15:03:59.1186927Z  * [new branch]      pragmata                                 -> origin/pragmata
2025-07-25T15:03:59.1189940Z  * [new branch]      test-appveyor                            -> origin/test-appveyor
2025-07-25T15:03:59.1192862Z  * [new tag]         0.1.0                                    -> 0.1.0
2025-07-25T15:03:59.1195223Z  * [new tag]         0.2.0                                    -> 0.2.0
2025-07-25T15:03:59.1197437Z  * [new tag]         0.3.0                                    -> 0.3.0
2025-07-25T15:03:59.1199622Z  * [new tag]         0.4.0                                    -> 0.4.0
2025-07-25T15:03:59.1202055Z  * [new tag]         0.5.0                                    -> 0.5.0
2025-07-25T15:03:59.1204322Z  * [new tag]         0.5.1                                    -> 0.5.1
2025-07-25T15:03:59.1206544Z  * [new tag]         0.5.2                                    -> 0.5.2
2025-07-25T15:03:59.1208757Z  * [new tag]         0.5.3                                    -> 0.5.3
2025-07-25T15:03:59.1211006Z  * [new tag]         0.5.4                                    -> 0.5.4
2025-07-25T15:03:59.1213469Z  * [new tag]         0.6.0                                    -> 0.6.0
2025-07-25T15:03:59.1215806Z  * [new tag]         0.6.1                                    -> 0.6.1
2025-07-25T15:03:59.1218152Z  * [new tag]         0.7.0                                    -> 0.7.0
2025-07-25T15:03:59.1221061Z  * [new ref]         081131b5da8bfd2105783bfdf83f7d80deefd9b7 -> pull/212/merge
2025-07-25T15:03:59.1238282Z ##[endgroup]
2025-07-25T15:03:59.1240598Z ##[group]Determining the checkout info
2025-07-25T15:03:59.1243336Z ##[endgroup]
2025-07-25T15:03:59.1246655Z [command]/usr/bin/git sparse-checkout disable
2025-07-25T15:03:59.1289295Z [command]/usr/bin/git config --local --unset-all extensions.worktreeConfig
2025-07-25T15:03:59.1322111Z ##[group]Checking out the ref
2025-07-25T15:03:59.1324574Z [command]/usr/bin/git checkout --progress --force refs/remotes/pull/212/merge
2025-07-25T15:03:59.1370741Z Note: switching to 'refs/remotes/pull/212/merge'.
2025-07-25T15:03:59.1373339Z 
2025-07-25T15:03:59.1374650Z You are in 'detached HEAD' state. You can look around, make experimental
2025-07-25T15:03:59.1378108Z changes and commit them, and you can discard any commits you make in this
2025-07-25T15:03:59.1381131Z state without impacting any branches by switching back to a branch.
2025-07-25T15:03:59.1383140Z 
2025-07-25T15:03:59.1384304Z If you want to create a new branch to retain commits you create, you may
2025-07-25T15:03:59.1387094Z do so (now or later) by using -c with the switch command. Example:
2025-07-25T15:03:59.1388732Z 
2025-07-25T15:03:59.1389408Z   git switch -c <new-branch-name>
2025-07-25T15:03:59.1390554Z 
2025-07-25T15:03:59.1391259Z Or undo this operation with:
2025-07-25T15:03:59.1392552Z 
2025-07-25T15:03:59.1393190Z   git switch -
2025-07-25T15:03:59.1394040Z 
2025-07-25T15:03:59.1395351Z Turn off this advice by setting config variable advice.detachedHead to false
2025-07-25T15:03:59.1397301Z 
2025-07-25T15:03:59.1399759Z HEAD is now at 081131b Merge 39d6cc0b7af54a5669b6b6e4de94b4b70d09a895 into fe72f741cc1eb180020d3122eaff7b8c0fc3efab
2025-07-25T15:03:59.1406030Z ##[endgroup]
2025-07-25T15:03:59.1417882Z [command]/usr/bin/git log -1 --format=%H
2025-07-25T15:03:59.1440561Z 081131b5da8bfd2105783bfdf83f7d80deefd9b7
2025-07-25T15:03:59.1735937Z ##[group]Run actions/setup-python@v5
2025-07-25T15:03:59.1736932Z with:
2025-07-25T15:03:59.1737647Z   python-version: 3.9
2025-07-25T15:03:59.1738464Z   check-latest: false
2025-07-25T15:03:59.1739495Z   token: ***
2025-07-25T15:03:59.1740268Z   update-environment: true
2025-07-25T15:03:59.1741175Z   allow-prereleases: false
2025-07-25T15:03:59.1742241Z   freethreaded: false
2025-07-25T15:03:59.1743236Z ##[endgroup]
2025-07-25T15:03:59.3401263Z ##[group]Installed versions
2025-07-25T15:03:59.3516109Z Successfully set up CPython (3.9.23)
2025-07-25T15:03:59.3518790Z ##[endgroup]
2025-07-25T15:03:59.3663714Z ##[group]Run python -m pip install --upgrade pip wheel
2025-07-25T15:03:59.3665091Z [36;1mpython -m pip install --upgrade pip wheel[0m
2025-07-25T15:03:59.3666516Z [36;1mpython -m pip install --upgrade --upgrade-strategy=eager tox[0m
2025-07-25T15:03:59.3708846Z shell: /usr/bin/bash -e {0}
2025-07-25T15:03:59.3709741Z env:
2025-07-25T15:03:59.3710642Z   pythonLocation: /opt/hostedtoolcache/Python/3.9.23/x64
2025-07-25T15:03:59.3712518Z   PKG_CONFIG_PATH: /opt/hostedtoolcache/Python/3.9.23/x64/lib/pkgconfig
2025-07-25T15:03:59.3714003Z   Python_ROOT_DIR: /opt/hostedtoolcache/Python/3.9.23/x64
2025-07-25T15:03:59.3715342Z   Python2_ROOT_DIR: /opt/hostedtoolcache/Python/3.9.23/x64
2025-07-25T15:03:59.3716693Z   Python3_ROOT_DIR: /opt/hostedtoolcache/Python/3.9.23/x64
2025-07-25T15:03:59.3718073Z   LD_LIBRARY_PATH: /opt/hostedtoolcache/Python/3.9.23/x64/lib
2025-07-25T15:03:59.3719223Z ##[endgroup]
2025-07-25T15:04:03.2168435Z Requirement already satisfied: pip in /opt/hostedtoolcache/Python/3.9.23/x64/lib/python3.9/site-packages (25.1.1)
2025-07-25T15:04:03.3124171Z Collecting wheel
2025-07-25T15:04:03.3372740Z   Downloading wheel-0.45.1-py3-none-any.whl.metadata (2.3 kB)
2025-07-25T15:04:03.3764467Z Downloading wheel-0.45.1-py3-none-any.whl (72 kB)
2025-07-25T15:04:03.4222715Z Installing collected packages: wheel
2025-07-25T15:04:03.4700606Z Successfully installed wheel-0.45.1
2025-07-25T15:04:04.0164188Z Collecting tox
2025-07-25T15:04:04.0428663Z   Downloading tox-4.28.1-py3-none-any.whl.metadata (3.6 kB)
2025-07-25T15:04:04.0682457Z Collecting cachetools>=6.1 (from tox)
2025-07-25T15:04:04.0761204Z   Downloading cachetools-6.1.0-py3-none-any.whl.metadata (5.4 kB)
2025-07-25T15:04:04.0927813Z Collecting chardet>=5.2 (from tox)
2025-07-25T15:04:04.1003802Z   Downloading chardet-5.2.0-py3-none-any.whl.metadata (3.4 kB)
2025-07-25T15:04:04.1218138Z Collecting colorama>=0.4.6 (from tox)
2025-07-25T15:04:04.1295117Z   Downloading colorama-0.4.6-py2.py3-none-any.whl.metadata (17 kB)
2025-07-25T15:04:04.1549080Z Collecting filelock>=3.18 (from tox)
2025-07-25T15:04:04.1636781Z   Downloading filelock-3.18.0-py3-none-any.whl.metadata (2.9 kB)
2025-07-25T15:04:04.1888196Z Collecting packaging>=25 (from tox)
2025-07-25T15:04:04.1964618Z   Downloading packaging-25.0-py3-none-any.whl.metadata (3.3 kB)
2025-07-25T15:04:04.2219127Z Collecting platformdirs>=4.3.8 (from tox)
2025-07-25T15:04:04.2296566Z   Downloading platformdirs-4.3.8-py3-none-any.whl.metadata (12 kB)
2025-07-25T15:04:04.2508378Z Collecting pluggy>=1.6 (from tox)
2025-07-25T15:04:04.2584939Z   Downloading pluggy-1.6.0-py3-none-any.whl.metadata (4.8 kB)
2025-07-25T15:04:04.2776245Z Collecting pyproject-api>=1.9.1 (from tox)
2025-07-25T15:04:04.2857892Z   Downloading pyproject_api-1.9.1-py3-none-any.whl.metadata (2.7 kB)
2025-07-25T15:04:04.3091370Z Collecting tomli>=2.2.1 (from tox)
2025-07-25T15:04:04.3168375Z   Downloading tomli-2.2.1-py3-none-any.whl.metadata (10 kB)
2025-07-25T15:04:04.3406904Z Collecting typing-extensions>=4.14.1 (from tox)
2025-07-25T15:04:04.3484891Z   Downloading typing_extensions-4.14.1-py3-none-any.whl.metadata (3.0 kB)
2025-07-25T15:04:04.3986285Z Collecting virtualenv>=20.31.2 (from tox)
2025-07-25T15:04:04.4063788Z   Downloading virtualenv-20.32.0-py3-none-any.whl.metadata (4.5 kB)
2025-07-25T15:04:04.4373956Z Collecting distlib<1,>=0.3.7 (from virtualenv>=20.31.2->tox)
2025-07-25T15:04:04.4452450Z   Downloading distlib-0.4.0-py2.py3-none-any.whl.metadata (5.2 kB)
2025-07-25T15:04:04.4668355Z Downloading tox-4.28.1-py3-none-any.whl (173 kB)
2025-07-25T15:04:04.4889527Z Downloading cachetools-6.1.0-py3-none-any.whl (11 kB)
2025-07-25T15:04:04.4991819Z Downloading chardet-5.2.0-py3-none-any.whl (199 kB)
2025-07-25T15:04:04.5106667Z Downloading colorama-0.4.6-py2.py3-none-any.whl (25 kB)
2025-07-25T15:04:04.5203609Z Downloading filelock-3.18.0-py3-none-any.whl (16 kB)
2025-07-25T15:04:04.5302736Z Downloading packaging-25.0-py3-none-any.whl (66 kB)
2025-07-25T15:04:04.5404649Z Downloading platformdirs-4.3.8-py3-none-any.whl (18 kB)
2025-07-25T15:04:04.5503736Z Downloading pluggy-1.6.0-py3-none-any.whl (20 kB)
2025-07-25T15:04:04.5602983Z Downloading pyproject_api-1.9.1-py3-none-any.whl (13 kB)
2025-07-25T15:04:04.5702817Z Downloading tomli-2.2.1-py3-none-any.whl (14 kB)
2025-07-25T15:04:04.5802797Z Downloading typing_extensions-4.14.1-py3-none-any.whl (43 kB)
2025-07-25T15:04:04.5909151Z Downloading virtualenv-20.32.0-py3-none-any.whl (6.1 MB)
2025-07-25T15:04:04.6340118Z    ━━━━━━━━━━━━━━━━━━━━━━━━━━━━━━━━━━━━━━━━ 6.1/6.1 MB 147.3 MB/s eta 0:00:00
2025-07-25T15:04:04.6418613Z Downloading distlib-0.4.0-py2.py3-none-any.whl (469 kB)
2025-07-25T15:04:04.6935760Z Installing collected packages: distlib, typing-extensions, tomli, pluggy, platformdirs, packaging, filelock, colorama, chardet, cachetools, virtualenv, pyproject-api, tox
2025-07-25T15:04:05.3776011Z 
2025-07-25T15:04:05.3817986Z Successfully installed cachetools-6.1.0 chardet-5.2.0 colorama-0.4.6 distlib-0.4.0 filelock-3.18.0 packaging-25.0 platformdirs-4.3.8 pluggy-1.6.0 pyproject-api-1.9.1 tomli-2.2.1 tox-4.28.1 typing-extensions-4.14.1 virtualenv-20.32.0
2025-07-25T15:04:05.4396100Z ##[group]Run tox -e py -- --cov-report=xml
2025-07-25T15:04:05.4396435Z [36;1mtox -e py -- --cov-report=xml[0m
2025-07-25T15:04:05.4424091Z shell: /usr/bin/bash -e {0}
2025-07-25T15:04:05.4424310Z env:
2025-07-25T15:04:05.4424547Z   pythonLocation: /opt/hostedtoolcache/Python/3.9.23/x64
2025-07-25T15:04:05.4424943Z   PKG_CONFIG_PATH: /opt/hostedtoolcache/Python/3.9.23/x64/lib/pkgconfig
2025-07-25T15:04:05.4425335Z   Python_ROOT_DIR: /opt/hostedtoolcache/Python/3.9.23/x64
2025-07-25T15:04:05.4425674Z   Python2_ROOT_DIR: /opt/hostedtoolcache/Python/3.9.23/x64
2025-07-25T15:04:05.4426012Z   Python3_ROOT_DIR: /opt/hostedtoolcache/Python/3.9.23/x64
2025-07-25T15:04:05.4426351Z   LD_LIBRARY_PATH: /opt/hostedtoolcache/Python/3.9.23/x64/lib
2025-07-25T15:04:05.4426641Z ##[endgroup]
2025-07-25T15:04:06.4092738Z py: install_deps> python -I -m pip install pytest pytest-cov pytest-mock
2025-07-25T15:04:09.4136904Z .pkg: install_requires> python -I -m pip install 'setuptools>=46.4.0' versioningit
2025-07-25T15:04:10.6572732Z .pkg: _optional_hooks> python /opt/hostedtoolcache/Python/3.9.23/x64/lib/python3.9/site-packages/pyproject_api/_backend.py True setuptools.build_meta
2025-07-25T15:04:11.0801248Z .pkg: get_requires_for_build_sdist> python /opt/hostedtoolcache/Python/3.9.23/x64/lib/python3.9/site-packages/pyproject_api/_backend.py True setuptools.build_meta
2025-07-25T15:04:11.3383355Z .pkg: get_requires_for_build_wheel> python /opt/hostedtoolcache/Python/3.9.23/x64/lib/python3.9/site-packages/pyproject_api/_backend.py True setuptools.build_meta
2025-07-25T15:04:11.5695020Z .pkg: freeze> python -m pip freeze --all
2025-07-25T15:04:11.8019895Z .pkg: importlib_metadata==8.7.0,packaging==25.0,pip==25.1.1,setuptools==80.9.0,tomli==2.2.1,versioningit==3.3.0,zipp==3.23.0
2025-07-25T15:04:11.8026289Z .pkg: prepare_metadata_for_build_wheel> python /opt/hostedtoolcache/Python/3.9.23/x64/lib/python3.9/site-packages/pyproject_api/_backend.py True setuptools.build_meta
2025-07-25T15:04:12.0907751Z .pkg: build_sdist> python /opt/hostedtoolcache/Python/3.9.23/x64/lib/python3.9/site-packages/pyproject_api/_backend.py True setuptools.build_meta
2025-07-25T15:04:12.3561080Z py: install_package_deps> python -I -m pip install 'PyYAML>=5.0' 'click-loglevel~=0.2' 'click>=7.0' 'ghtoken~=0.1' 'in_place~=1.0' 'pydantic~=2.0' 'python-dateutil~=2.7' 'python-dotenv<2.0,>=0.11' 'requests~=2.20'
2025-07-25T15:04:15.8937238Z py: install_package> python -I -m pip install --force-reinstall --no-deps /home/runner/work/tinuous/tinuous/.tox/.tmp/package/1/tinuous-0.7.0.post15+g081131b.tar.gz
2025-07-25T15:04:18.2291421Z py: freeze> python -m pip freeze --all
2025-07-25T15:04:18.4822789Z py: annotated-types==0.7.0,certifi==2025.7.14,charset-normalizer==3.4.2,click==8.1.8,click-loglevel==0.6.1,coverage==7.10.0,exceptiongroup==1.3.0,ghtoken==0.1.2,idna==3.10,in_place==1.0.1,iniconfig==2.1.0,packaging==25.0,pip==25.1.1,pluggy==1.6.0,pydantic==2.11.7,pydantic_core==2.33.2,Pygments==2.19.2,pytest==8.4.1,pytest-cov==6.2.1,pytest-mock==3.14.1,python-dateutil==2.9.0.post0,python-dotenv==1.1.1,PyYAML==6.0.2,requests==2.32.4,ruamel.yaml==0.18.14,ruamel.yaml.clib==0.2.12,setuptools==80.9.0,six==1.17.0,tinuous @ file:///home/runner/work/tinuous/tinuous/.tox/.tmp/package/1/tinuous-0.7.0.post15%2Bg081131b.tar.gz#sha256=960e77decaf507cc3872671fe16368a38e087cb8aff5cf310e6a7d1cae8de1f1,tomli==2.2.1,typing-inspection==0.4.1,typing_extensions==4.14.1,urllib3==2.5.0
2025-07-25T15:04:18.4828149Z py: commands[0]> tinuous --help
2025-07-25T15:04:18.8569224Z Usage: tinuous [OPTIONS] COMMAND [ARGS]...
2025-07-25T15:04:18.8570736Z 
2025-07-25T15:04:18.8571102Z   Download build logs from GitHub Actions, Travis, Appveyor, and CircleCI
2025-07-25T15:04:18.8571568Z 
2025-07-25T15:04:18.8571909Z Options:
2025-07-25T15:04:18.8572285Z   -V, --version                   Show the version and exit.
2025-07-25T15:04:18.8572843Z   -c, --config FILE               Read configuration from the given file
2025-07-25T15:04:18.8573777Z                                   [default: tinuous.yaml]
2025-07-25T15:04:18.8574327Z   -E, --env FILE                  Load environment variables from given .env
2025-07-25T15:04:18.8574812Z                                   file
2025-07-25T15:04:18.8575247Z   -l, --log-level [NOTSET|DEBUG|INFO|WARNING|ERROR|CRITICAL]
2025-07-25T15:04:18.8575721Z                                   Set logging level  [default: INFO]
2025-07-25T15:04:18.8576173Z   --help                          Show this message and exit.
2025-07-25T15:04:18.8576471Z 
2025-07-25T15:04:18.8576570Z Commands:
2025-07-25T15:04:18.8576832Z   fetch         Download logs
2025-07-25T15:04:18.8577226Z   fetch-commit  Download logs for a specific commit
2025-07-25T15:04:18.8577665Z   sanitize      Sanitize secrets in logs
2025-07-25T15:04:18.8842319Z py: commands[1]> pytest --cov-report=xml test
2025-07-25T15:04:20.2532332Z ============================= test session starts ==============================
2025-07-25T15:04:20.2533059Z platform linux -- Python 3.9.23, pytest-8.4.1, pluggy-1.6.0
2025-07-25T15:04:20.2533664Z cachedir: .tox/py/.pytest_cache
2025-07-25T15:04:20.2534145Z rootdir: /home/runner/work/tinuous/tinuous
2025-07-25T15:04:20.2534598Z configfile: tox.ini
2025-07-25T15:04:20.2534932Z plugins: cov-6.2.1, mock-3.14.1
2025-07-25T15:04:20.2535314Z collected 64 items
2025-07-25T15:04:20.2535514Z 
2025-07-25T15:04:20.2907657Z test/test_base.py .........                                              [ 14%]
2025-07-25T15:04:20.3015705Z test/test_config.py ........                                             [ 26%]
2025-07-25T15:04:20.3204827Z test/test_state.py ........                                              [ 39%]
2025-07-25T15:04:20.6364908Z test/test_util.py .......................................                [100%]
2025-07-25T15:04:20.6365885Z 
2025-07-25T15:04:20.6366130Z ================================ tests coverage ================================
2025-07-25T15:04:20.6366785Z _______________ coverage: platform linux, python 3.9.23-final-0 ________________
2025-07-25T15:04:20.6367132Z 
2025-07-25T15:04:20.6367264Z Coverage XML written to file coverage.xml
2025-07-25T15:04:20.6367626Z ============================== 64 passed in 0.78s ==============================
2025-07-25T15:04:20.6871938Z   py: OK (14.69=setup[12.48]+cmd[0.40,1.80] seconds)
2025-07-25T15:04:20.6872298Z   congratulations :) (14.89 seconds)
2025-07-25T15:04:20.7421825Z ##[group]Run codecov/codecov-action@v5
2025-07-25T15:04:20.7422113Z with:
2025-07-25T15:04:20.7422289Z   fail_ci_if_error: false
2025-07-25T15:04:20.7422679Z   token: ***
2025-07-25T15:04:20.7422849Z   name: 3.9
2025-07-25T15:04:20.7423014Z   disable_file_fixes: false
2025-07-25T15:04:20.7423227Z   disable_search: false
2025-07-25T15:04:20.7423614Z   disable_safe_directory: false
2025-07-25T15:04:20.7423820Z   disable_telem: false
2025-07-25T15:04:20.7424004Z   dry_run: false
2025-07-25T15:04:20.7424173Z   git_service: github
2025-07-25T15:04:20.7424374Z   gcov_executable: gcov
2025-07-25T15:04:20.7424579Z   handle_no_reports_found: false
2025-07-25T15:04:20.7424799Z   recurse_submodules: false
2025-07-25T15:04:20.7425014Z   run_command: upload-coverage
2025-07-25T15:04:20.7425231Z   skip_validation: false
2025-07-25T15:04:20.7425436Z   use_legacy_upload_endpoint: false
2025-07-25T15:04:20.7425662Z   use_oidc: false
2025-07-25T15:04:20.7425834Z   use_pypi: false
2025-07-25T15:04:20.7426038Z   verbose: false
2025-07-25T15:04:20.7426204Z   version: latest
2025-07-25T15:04:20.7426371Z env:
2025-07-25T15:04:20.7426596Z   pythonLocation: /opt/hostedtoolcache/Python/3.9.23/x64
2025-07-25T15:04:20.7426970Z   PKG_CONFIG_PATH: /opt/hostedtoolcache/Python/3.9.23/x64/lib/pkgconfig
2025-07-25T15:04:20.7427343Z   Python_ROOT_DIR: /opt/hostedtoolcache/Python/3.9.23/x64
2025-07-25T15:04:20.7427670Z   Python2_ROOT_DIR: /opt/hostedtoolcache/Python/3.9.23/x64
2025-07-25T15:04:20.7427998Z   Python3_ROOT_DIR: /opt/hostedtoolcache/Python/3.9.23/x64
2025-07-25T15:04:20.7428327Z   LD_LIBRARY_PATH: /opt/hostedtoolcache/Python/3.9.23/x64/lib
2025-07-25T15:04:20.7428610Z ##[endgroup]
2025-07-25T15:04:20.7497665Z ##[group]Run CC_ACTION_VERSION=$(cat ${GITHUB_ACTION_PATH}/src/version)
2025-07-25T15:04:20.7498089Z [36;1mCC_ACTION_VERSION=$(cat ${GITHUB_ACTION_PATH}/src/version)[0m
2025-07-25T15:04:20.7498484Z [36;1mecho -e "\033[0;32m==>\033[0m Running Action version $CC_ACTION_VERSION"[0m
2025-07-25T15:04:20.7528015Z shell: /usr/bin/bash --noprofile --norc -e -o pipefail {0}
2025-07-25T15:04:20.7528354Z env:
2025-07-25T15:04:20.7528595Z   pythonLocation: /opt/hostedtoolcache/Python/3.9.23/x64
2025-07-25T15:04:20.7529000Z   PKG_CONFIG_PATH: /opt/hostedtoolcache/Python/3.9.23/x64/lib/pkgconfig
2025-07-25T15:04:20.7529394Z   Python_ROOT_DIR: /opt/hostedtoolcache/Python/3.9.23/x64
2025-07-25T15:04:20.7529735Z   Python2_ROOT_DIR: /opt/hostedtoolcache/Python/3.9.23/x64
2025-07-25T15:04:20.7530061Z   Python3_ROOT_DIR: /opt/hostedtoolcache/Python/3.9.23/x64
2025-07-25T15:04:20.7530399Z   LD_LIBRARY_PATH: /opt/hostedtoolcache/Python/3.9.23/x64/lib
2025-07-25T15:04:20.7530674Z ##[endgroup]
2025-07-25T15:04:20.7592022Z [0;32m==>[0m Running Action version 5.4.3
2025-07-25T15:04:20.7635700Z ##[group]Run git config --global --add safe.directory "/home/runner/work/tinuous/tinuous"
2025-07-25T15:04:20.7636238Z [36;1mgit config --global --add safe.directory "/home/runner/work/tinuous/tinuous"[0m
2025-07-25T15:04:20.7636688Z [36;1mgit config --global --add safe.directory "$GITHUB_WORKSPACE"[0m
2025-07-25T15:04:20.7661850Z shell: /usr/bin/bash --noprofile --norc -e -o pipefail {0}
2025-07-25T15:04:20.7662156Z env:
2025-07-25T15:04:20.7662396Z   pythonLocation: /opt/hostedtoolcache/Python/3.9.23/x64
2025-07-25T15:04:20.7662807Z   PKG_CONFIG_PATH: /opt/hostedtoolcache/Python/3.9.23/x64/lib/pkgconfig
2025-07-25T15:04:20.7663216Z   Python_ROOT_DIR: /opt/hostedtoolcache/Python/3.9.23/x64
2025-07-25T15:04:20.7663563Z   Python2_ROOT_DIR: /opt/hostedtoolcache/Python/3.9.23/x64
2025-07-25T15:04:20.7663898Z   Python3_ROOT_DIR: /opt/hostedtoolcache/Python/3.9.23/x64
2025-07-25T15:04:20.7664242Z   LD_LIBRARY_PATH: /opt/hostedtoolcache/Python/3.9.23/x64/lib
2025-07-25T15:04:20.7664529Z ##[endgroup]
2025-07-25T15:04:20.7759093Z ##[group]Run CC_FORK="false"
2025-07-25T15:04:20.7759432Z [36;1mCC_FORK="false"[0m
2025-07-25T15:04:20.7760195Z [36;1mif [ -n "$GITHUB_EVENT_PULL_REQUEST_HEAD_REPO_FULL_NAME" ] && [ "$GITHUB_EVENT_PULL_REQUEST_HEAD_REPO_FULL_NAME" != "$GITHUB_REPOSITORY" ];[0m
2025-07-25T15:04:20.7760709Z [36;1mthen[0m
2025-07-25T15:04:20.7761026Z [36;1m  echo -e "\033[0;32m==>\033[0m Fork detected"[0m
2025-07-25T15:04:20.7761361Z [36;1m  CC_FORK="true"[0m
2025-07-25T15:04:20.7761582Z [36;1mfi[0m
2025-07-25T15:04:20.7762027Z [36;1mecho "CC_FORK=$CC_FORK" >> "$GITHUB_ENV"[0m
2025-07-25T15:04:20.7787044Z shell: /usr/bin/bash --noprofile --norc -e -o pipefail {0}
2025-07-25T15:04:20.7787362Z env:
2025-07-25T15:04:20.7787604Z   pythonLocation: /opt/hostedtoolcache/Python/3.9.23/x64
2025-07-25T15:04:20.7787990Z   PKG_CONFIG_PATH: /opt/hostedtoolcache/Python/3.9.23/x64/lib/pkgconfig
2025-07-25T15:04:20.7788391Z   Python_ROOT_DIR: /opt/hostedtoolcache/Python/3.9.23/x64
2025-07-25T15:04:20.7788732Z   Python2_ROOT_DIR: /opt/hostedtoolcache/Python/3.9.23/x64
2025-07-25T15:04:20.7789064Z   Python3_ROOT_DIR: /opt/hostedtoolcache/Python/3.9.23/x64
2025-07-25T15:04:20.7789401Z   LD_LIBRARY_PATH: /opt/hostedtoolcache/Python/3.9.23/x64/lib
2025-07-25T15:04:20.7789731Z   GITHUB_EVENT_PULL_REQUEST_HEAD_LABEL: con:bf-ci
2025-07-25T15:04:20.7790045Z   GITHUB_EVENT_PULL_REQUEST_HEAD_REPO_FULL_NAME: con/tinuous
2025-07-25T15:04:20.7790343Z   GITHUB_REPOSITORY: con/tinuous
2025-07-25T15:04:20.7790562Z ##[endgroup]
2025-07-25T15:04:20.7886393Z ##[group]Run actions/github-script@v7
2025-07-25T15:04:20.7886625Z with:
2025-07-25T15:04:20.7887139Z   script: if (process.env.CC_USE_OIDC === 'true' && process.env.CC_FORK != 'true') {
  const id_token = await core.getIDToken(process.env.CC_OIDC_AUDIENCE)
  return id_token
}

2025-07-25T15:04:20.7887844Z   github-token: ***
2025-07-25T15:04:20.7888032Z   debug: false
2025-07-25T15:04:20.7888225Z   user-agent: actions/github-script
2025-07-25T15:04:20.7888473Z   result-encoding: json
2025-07-25T15:04:20.7888666Z   retries: 0
2025-07-25T15:04:20.7888872Z   retry-exempt-status-codes: 400,401,403,404,422
2025-07-25T15:04:20.7889124Z env:
2025-07-25T15:04:20.7889353Z   pythonLocation: /opt/hostedtoolcache/Python/3.9.23/x64
2025-07-25T15:04:20.7889742Z   PKG_CONFIG_PATH: /opt/hostedtoolcache/Python/3.9.23/x64/lib/pkgconfig
2025-07-25T15:04:20.7890111Z   Python_ROOT_DIR: /opt/hostedtoolcache/Python/3.9.23/x64
2025-07-25T15:04:20.7890435Z   Python2_ROOT_DIR: /opt/hostedtoolcache/Python/3.9.23/x64
2025-07-25T15:04:20.7890762Z   Python3_ROOT_DIR: /opt/hostedtoolcache/Python/3.9.23/x64
2025-07-25T15:04:20.7891093Z   LD_LIBRARY_PATH: /opt/hostedtoolcache/Python/3.9.23/x64/lib
2025-07-25T15:04:20.7891370Z   CC_FORK: false
2025-07-25T15:04:20.7891569Z   CC_OIDC_AUDIENCE: https://codecov.io
2025-07-25T15:04:20.7892086Z   CC_USE_OIDC: false
2025-07-25T15:04:20.7892271Z ##[endgroup]
2025-07-25T15:04:20.8830275Z ##[group]Run if [ "false" == 'true' ] && [ "$CC_FORK" != 'true' ];
2025-07-25T15:04:20.8830665Z [36;1mif [ "false" == 'true' ] && [ "$CC_FORK" != 'true' ];[0m
2025-07-25T15:04:20.8830939Z [36;1mthen[0m
2025-07-25T15:04:20.8831162Z [36;1m  echo "CC_TOKEN=$CC_OIDC_TOKEN" >> "$GITHUB_ENV"[0m
2025-07-25T15:04:20.8831461Z [36;1melif [ -n "" ];[0m
2025-07-25T15:04:20.8831878Z [36;1mthen[0m
2025-07-25T15:04:20.8832109Z [36;1m  echo -e "\033[0;32m==>\033[0m Token set from env"[0m
2025-07-25T15:04:20.8832401Z [36;1m    echo "CC_TOKEN=" >> "$GITHUB_ENV"[0m
2025-07-25T15:04:20.8832648Z [36;1melse[0m
2025-07-25T15:04:20.8832973Z [36;1m  if [ -n "***" ];[0m
2025-07-25T15:04:20.8833180Z [36;1m  then[0m
2025-07-25T15:04:20.8833413Z [36;1m    echo -e "\033[0;32m==>\033[0m Token set from input"[0m
2025-07-25T15:04:20.8833806Z [36;1m    CC_TOKEN=$(echo "***" | tr -d '\n')[0m
2025-07-25T15:04:20.8834091Z [36;1m    echo "CC_TOKEN=$CC_TOKEN" >> "$GITHUB_ENV"[0m
2025-07-25T15:04:20.8834333Z [36;1m  fi[0m
2025-07-25T15:04:20.8834498Z [36;1mfi[0m
2025-07-25T15:04:20.8862197Z shell: /usr/bin/bash --noprofile --norc -e -o pipefail {0}
2025-07-25T15:04:20.8862516Z env:
2025-07-25T15:04:20.8862752Z   pythonLocation: /opt/hostedtoolcache/Python/3.9.23/x64
2025-07-25T15:04:20.8863470Z   PKG_CONFIG_PATH: /opt/hostedtoolcache/Python/3.9.23/x64/lib/pkgconfig
2025-07-25T15:04:20.8863856Z   Python_ROOT_DIR: /opt/hostedtoolcache/Python/3.9.23/x64
2025-07-25T15:04:20.8864193Z   Python2_ROOT_DIR: /opt/hostedtoolcache/Python/3.9.23/x64
2025-07-25T15:04:20.8864528Z   Python3_ROOT_DIR: /opt/hostedtoolcache/Python/3.9.23/x64
2025-07-25T15:04:20.8864857Z   LD_LIBRARY_PATH: /opt/hostedtoolcache/Python/3.9.23/x64/lib
2025-07-25T15:04:20.8865263Z   CC_FORK: false
2025-07-25T15:04:20.8865437Z   CC_OIDC_TOKEN: 
2025-07-25T15:04:20.8865637Z   CC_OIDC_AUDIENCE: https://codecov.io
2025-07-25T15:04:20.8865871Z ##[endgroup]
2025-07-25T15:04:20.8913090Z [0;32m==>[0m Token set from input
2025-07-25T15:04:20.8951181Z ##[group]Run if [ -z "$CC_BRANCH" ] && [ -z "$CC_TOKEN" ] && [ "$CC_FORK" == 'true' ]
2025-07-25T15:04:20.8951801Z [36;1mif [ -z "$CC_BRANCH" ] && [ -z "$CC_TOKEN" ] && [ "$CC_FORK" == 'true' ][0m
2025-07-25T15:04:20.8952179Z [36;1mthen[0m
2025-07-25T15:04:20.8952539Z [36;1m  echo -e "\033[0;32m==>\033[0m Fork detected, setting branch to $GITHUB_EVENT_PULL_REQUEST_HEAD_LABEL"[0m
2025-07-25T15:04:20.8952992Z [36;1m  TOKENLESS="$GITHUB_EVENT_PULL_REQUEST_HEAD_LABEL"[0m
2025-07-25T15:04:20.8953312Z [36;1m  CC_BRANCH="$GITHUB_EVENT_PULL_REQUEST_HEAD_LABEL"[0m
2025-07-25T15:04:20.8953622Z [36;1m  echo "TOKENLESS=$TOKENLESS" >> "$GITHUB_ENV"[0m
2025-07-25T15:04:20.8953878Z [36;1mfi[0m
2025-07-25T15:04:20.8954040Z [36;1m[0m
2025-07-25T15:04:20.8954241Z [36;1mecho "CC_BRANCH=$CC_BRANCH" >> "$GITHUB_ENV"[0m
2025-07-25T15:04:20.8979030Z shell: /usr/bin/bash --noprofile --norc -e -o pipefail {0}
2025-07-25T15:04:20.8979338Z env:
2025-07-25T15:04:20.8979572Z   pythonLocation: /opt/hostedtoolcache/Python/3.9.23/x64
2025-07-25T15:04:20.8979967Z   PKG_CONFIG_PATH: /opt/hostedtoolcache/Python/3.9.23/x64/lib/pkgconfig
2025-07-25T15:04:20.8980349Z   Python_ROOT_DIR: /opt/hostedtoolcache/Python/3.9.23/x64
2025-07-25T15:04:20.8980679Z   Python2_ROOT_DIR: /opt/hostedtoolcache/Python/3.9.23/x64
2025-07-25T15:04:20.8981017Z   Python3_ROOT_DIR: /opt/hostedtoolcache/Python/3.9.23/x64
2025-07-25T15:04:20.8981360Z   LD_LIBRARY_PATH: /opt/hostedtoolcache/Python/3.9.23/x64/lib
2025-07-25T15:04:20.8981801Z   CC_FORK: false
2025-07-25T15:04:20.8982128Z   CC_TOKEN: ***
2025-07-25T15:04:20.8982298Z   CC_BRANCH: 
2025-07-25T15:04:20.8982503Z   GITHUB_EVENT_PULL_REQUEST_HEAD_LABEL: con:bf-ci
2025-07-25T15:04:20.8982836Z   GITHUB_EVENT_PULL_REQUEST_HEAD_REPO_FULL_NAME: con/tinuous
2025-07-25T15:04:20.8983137Z   GITHUB_REPOSITORY: con/tinuous
2025-07-25T15:04:20.8983352Z ##[endgroup]
2025-07-25T15:04:20.9048865Z ##[group]Run if [ -z "$CC_SHA" ];
2025-07-25T15:04:20.9049126Z [36;1mif [ -z "$CC_SHA" ];[0m
2025-07-25T15:04:20.9049333Z [36;1mthen[0m
2025-07-25T15:04:20.9049551Z [36;1m  CC_SHA="$GITHUB_EVENT_PULL_REQUEST_HEAD_SHA"[0m
2025-07-25T15:04:20.9049812Z [36;1mfi[0m
2025-07-25T15:04:20.9050066Z [36;1mif [ -z "$CC_PR" ] && [ "${GITHUB_EVENT_NAME}" == "pull_request_target" ];[0m
2025-07-25T15:04:20.9050373Z [36;1mthen[0m
2025-07-25T15:04:20.9050561Z [36;1m  CC_PR="$GITHUB_EVENT_NUMBER"[0m
2025-07-25T15:04:20.9050792Z [36;1mfi[0m
2025-07-25T15:04:20.9050948Z [36;1m[0m
2025-07-25T15:04:20.9051128Z [36;1mecho "CC_SHA=$CC_SHA" >> "$GITHUB_ENV"[0m
2025-07-25T15:04:20.9051398Z [36;1mecho "CC_PR=$CC_PR" >> "$GITHUB_ENV"[0m
2025-07-25T15:04:20.9076410Z shell: /usr/bin/bash --noprofile --norc -e -o pipefail {0}
2025-07-25T15:04:20.9076725Z env:
2025-07-25T15:04:20.9076957Z   pythonLocation: /opt/hostedtoolcache/Python/3.9.23/x64
2025-07-25T15:04:20.9077346Z   PKG_CONFIG_PATH: /opt/hostedtoolcache/Python/3.9.23/x64/lib/pkgconfig
2025-07-25T15:04:20.9077722Z   Python_ROOT_DIR: /opt/hostedtoolcache/Python/3.9.23/x64
2025-07-25T15:04:20.9078063Z   Python2_ROOT_DIR: /opt/hostedtoolcache/Python/3.9.23/x64
2025-07-25T15:04:20.9078405Z   Python3_ROOT_DIR: /opt/hostedtoolcache/Python/3.9.23/x64
2025-07-25T15:04:20.9078739Z   LD_LIBRARY_PATH: /opt/hostedtoolcache/Python/3.9.23/x64/lib
2025-07-25T15:04:20.9079028Z   CC_FORK: false
2025-07-25T15:04:20.9079439Z   CC_TOKEN: ***
2025-07-25T15:04:20.9079619Z   CC_BRANCH: 
2025-07-25T15:04:20.9079784Z   CC_PR: 
2025-07-25T15:04:20.9079940Z   CC_SHA: 
2025-07-25T15:04:20.9080109Z   GITHUB_EVENT_NAME: pull_request
2025-07-25T15:04:20.9080339Z   GITHUB_EVENT_NUMBER: 212
2025-07-25T15:04:20.9080651Z   GITHUB_EVENT_PULL_REQUEST_HEAD_SHA: 39d6cc0b7af54a5669b6b6e4de94b4b70d09a895
2025-07-25T15:04:20.9081107Z ##[endgroup]
2025-07-25T15:04:20.9154099Z ##[group]Run ${GITHUB_ACTION_PATH}/dist/codecov.sh
2025-07-25T15:04:20.9154431Z [36;1m${GITHUB_ACTION_PATH}/dist/codecov.sh[0m
2025-07-25T15:04:20.9179499Z shell: /usr/bin/bash --noprofile --norc -e -o pipefail {0}
2025-07-25T15:04:20.9179811Z env:
2025-07-25T15:04:20.9180043Z   pythonLocation: /opt/hostedtoolcache/Python/3.9.23/x64
2025-07-25T15:04:20.9180442Z   PKG_CONFIG_PATH: /opt/hostedtoolcache/Python/3.9.23/x64/lib/pkgconfig
2025-07-25T15:04:20.9180830Z   Python_ROOT_DIR: /opt/hostedtoolcache/Python/3.9.23/x64
2025-07-25T15:04:20.9181196Z   Python2_ROOT_DIR: /opt/hostedtoolcache/Python/3.9.23/x64
2025-07-25T15:04:20.9181544Z   Python3_ROOT_DIR: /opt/hostedtoolcache/Python/3.9.23/x64
2025-07-25T15:04:20.9182129Z   LD_LIBRARY_PATH: /opt/hostedtoolcache/Python/3.9.23/x64/lib
2025-07-25T15:04:20.9182409Z   CC_FORK: false
2025-07-25T15:04:20.9182665Z   CC_TOKEN: ***
2025-07-25T15:04:20.9182836Z   CC_BRANCH: 
2025-07-25T15:04:20.9183030Z   CC_SHA: 39d6cc0b7af54a5669b6b6e4de94b4b70d09a895
2025-07-25T15:04:20.9183291Z   CC_PR: 
2025-07-25T15:04:20.9183442Z   CC_BASE_SHA: 
2025-07-25T15:04:20.9183607Z   CC_BINARY: 
2025-07-25T15:04:20.9183768Z   CC_BUILD: 
2025-07-25T15:04:20.9183922Z   CC_BUILD_URL: 
2025-07-25T15:04:20.9184090Z   CC_CODE: 
2025-07-25T15:04:20.9184235Z   CC_DIR: 
2025-07-25T15:04:20.9184406Z   CC_DISABLE_FILE_FIXES: false
2025-07-25T15:04:20.9184619Z   CC_DISABLE_SEARCH: false
2025-07-25T15:04:20.9184814Z   CC_DISABLE_TELEM: false
2025-07-25T15:04:20.9185004Z   CC_DRY_RUN: false
2025-07-25T15:04:20.9185177Z   CC_ENTERPRISE_URL: 
2025-07-25T15:04:20.9185355Z   CC_ENV: 
2025-07-25T15:04:20.9185515Z   CC_EXCLUDES: 
2025-07-25T15:04:20.9185682Z   CC_FAIL_ON_ERROR: false
2025-07-25T15:04:20.9185869Z   CC_FILES: 
2025-07-25T15:04:20.9186019Z   CC_FLAGS: 
2025-07-25T15:04:20.9186172Z   CC_FORCE: 
2025-07-25T15:04:20.9186321Z   CC_GCOV_ARGS: 
2025-07-25T15:04:20.9186491Z   CC_GCOV_EXECUTABLE: gcov
2025-07-25T15:04:20.9186682Z   CC_GCOV_IGNORE: 
2025-07-25T15:04:20.9186852Z   CC_GCOV_INCLUDE: 
2025-07-25T15:04:20.9187027Z   CC_GIT_SERVICE: github
2025-07-25T15:04:20.9187233Z   CC_HANDLE_NO_REPORTS_FOUND: false
2025-07-25T15:04:20.9187457Z   CC_JOB_CODE: 
2025-07-25T15:04:20.9187624Z   CC_LEGACY: false
2025-07-25T15:04:20.9187785Z   CC_NAME: 3.9
2025-07-25T15:04:20.9187964Z   CC_NETWORK_FILTER: 
2025-07-25T15:04:20.9188152Z   CC_NETWORK_PREFIX: 
2025-07-25T15:04:20.9188334Z   CC_NETWORK_ROOT_FOLDER: 
2025-07-25T15:04:20.9188524Z   CC_OS: 
2025-07-25T15:04:20.9188673Z   CC_PARENT_SHA: 
2025-07-25T15:04:20.9188865Z   CC_PLUGINS: 
2025-07-25T15:04:20.9189047Z   CC_RECURSE_SUBMODULES: false
2025-07-25T15:04:20.9189260Z   CC_REPORT_TYPE: 
2025-07-25T15:04:20.9189437Z   CC_RUN_CMD: upload-coverage
2025-07-25T15:04:20.9189645Z   CC_SERVICE: github
2025-07-25T15:04:20.9189834Z   CC_SKIP_VALIDATION: false
2025-07-25T15:04:20.9190025Z   CC_SLUG: 
2025-07-25T15:04:20.9190185Z   CC_SWIFT_PROJECT: 
2025-07-25T15:04:20.9190360Z   CC_USE_PYPI: false
2025-07-25T15:04:20.9190540Z   CC_VERBOSE: false
2025-07-25T15:04:20.9190708Z   CC_VERSION: latest
2025-07-25T15:04:20.9190874Z   CC_YML_PATH: 
2025-07-25T15:04:20.9191040Z ##[endgroup]
2025-07-25T15:04:20.9256483Z      _____          _
2025-07-25T15:04:20.9256823Z     / ____|        | |
2025-07-25T15:04:20.9257135Z    | |     ___   __| | ___  ___ _____   __
2025-07-25T15:04:20.9257446Z    | |    / _ \ / _` |/ _ \/ __/ _ \ \ / /
2025-07-25T15:04:20.9257681Z    | |___| (_) | (_| |  __/ (_| (_) \ V /
2025-07-25T15:04:20.9257918Z     \_____\___/ \__,_|\___|\___\___/ \_/
2025-07-25T15:04:20.9258323Z                            [0;31m Wrapper-0.2.1[0m
2025-07-25T15:04:20.9258753Z                                   
2025-07-25T15:04:20.9311598Z [0;32m==>[0m Detected [0;36mlinux[0m
2025-07-25T15:04:20.9312721Z [0;32m ->[0m Downloading [0;36mhttps://cli.codecov.io/latest/linux/codecov[0m
2025-07-25T15:04:20.9365140Z   % Total    % Received % Xferd  Average Speed   Time    Time     Time  Current
2025-07-25T15:04:20.9365808Z                                  Dload  Upload   Total   Spent    Left  Speed
2025-07-25T15:04:20.9366373Z 
2025-07-25T15:04:21.1103098Z   0     0    0     0    0     0      0      0 --:--:-- --:--:-- --:--:--     0
2025-07-25T15:04:21.1103720Z 100 10.6M  100 10.6M    0     0  61.3M      0 --:--:-- --:--:-- --:--:-- 61.6M
2025-07-25T15:04:21.1127898Z [0;32m==>[0m Finishing downloading [0;36mlinux:latest[0m
2025-07-25T15:04:21.1646729Z       Version: [0;36mv11.0.3[0m
2025-07-25T15:04:21.1647160Z  
2025-07-25T15:04:21.2378688Z gpg: directory '/home/runner/.gnupg' created
2025-07-25T15:04:21.2382589Z gpg: keybox '/home/runner/.gnupg/pubring.kbx' created
2025-07-25T15:04:21.2402971Z gpg: /home/runner/.gnupg/trustdb.gpg: trustdb created
2025-07-25T15:04:21.2403973Z gpg: key 806BB28AED779869: public key "Codecov Uploader (Codecov Uploader Verification Key) <security@codecov.io>" imported
2025-07-25T15:04:21.2636137Z gpg: Total number processed: 1
2025-07-25T15:04:21.2636518Z gpg:               imported: 1
2025-07-25T15:04:21.2641398Z [0;32m==>[0m Verifying GPG signature integrity
2025-07-25T15:04:21.2642728Z [0;32m ->[0m Downloading [0;36mhttps://cli.codecov.io/latest/linux/codecov.SHA256SUM[0m
2025-07-25T15:04:21.2643770Z [0;32m ->[0m Downloading [0;36mhttps://cli.codecov.io/latest/linux/codecov.SHA256SUM.sig[0m
2025-07-25T15:04:21.2644175Z  
2025-07-25T15:04:21.3823451Z gpg: Signature made Thu May 29 21:23:31 2025 UTC
2025-07-25T15:04:21.3824158Z gpg:                using RSA key 27034E7FDB850E0BBC2C62FF806BB28AED779869
2025-07-25T15:04:21.3826779Z gpg: Good signature from "Codecov Uploader (Codecov Uploader Verification Key) <security@codecov.io>" [unknown]
2025-07-25T15:04:21.3827921Z gpg: WARNING: This key is not certified with a trusted signature!
2025-07-25T15:04:21.3828680Z gpg:          There is no indication that the signature belongs to the owner.
2025-07-25T15:04:21.3829479Z Primary key fingerprint: 2703 4E7F DB85 0E0B BC2C  62FF 806B B28A ED77 9869
2025-07-25T15:04:21.4467772Z codecov: OK
2025-07-25T15:04:21.4477238Z [0;32m==>[0m CLI integrity verified
2025-07-25T15:04:21.4477568Z 
2025-07-25T15:04:21.4560437Z [0;32m ->[0m Token of length 36 detected
2025-07-25T15:04:21.5126719Z [0;32m==>[0m Running upload-coverage
2025-07-25T15:04:21.5137942Z       [0;36m./codecov  upload-coverage -t <redacted> --git-service github --sha 39d6cc0b7af54a5669b6b6e4de94b4b70d09a895 --gcov-executable gcov --name 3.9[0m
2025-07-25T15:04:21.8618816Z info - 2025-07-25 15:04:21,861 -- ci service found: github-actions
2025-07-25T15:04:21.9029227Z warning - 2025-07-25 15:04:21,902 -- xcrun is not installed or can't be found.
2025-07-25T15:04:21.9731342Z warning - 2025-07-25 15:04:21,972 -- No gcov data found.
2025-07-25T15:04:21.9735284Z warning - 2025-07-25 15:04:21,973 -- coverage.py is not installed or can't be found.
2025-07-25T15:04:21.9896865Z info - 2025-07-25 15:04:21,989 -- Found 1 coverage files to report
2025-07-25T15:04:21.9897969Z info - 2025-07-25 15:04:21,989 -- > /home/runner/work/tinuous/tinuous/coverage.xml
2025-07-25T15:04:22.4202152Z info - 2025-07-25 15:04:22,419 -- Your upload is now processing. When finished, results will be available at: https://app.codecov.io/github/con/tinuous/commit/39d6cc0b7af54a5669b6b6e4de94b4b70d09a895
2025-07-25T15:04:22.5448511Z info - 2025-07-25 15:04:22,544 -- Process Upload complete
2025-07-25T15:04:22.6277881Z Post job cleanup.
2025-07-25T15:04:22.7856976Z Post job cleanup.
2025-07-25T15:04:22.8766301Z [command]/usr/bin/git version
2025-07-25T15:04:22.8801261Z git version 2.50.1
2025-07-25T15:04:22.8844041Z Copying '/home/runner/.gitconfig' to '/home/runner/work/_temp/049da0fe-f476-41c0-a1e3-e327705ff4a4/.gitconfig'
2025-07-25T15:04:22.8853600Z Temporarily overriding HOME='/home/runner/work/_temp/049da0fe-f476-41c0-a1e3-e327705ff4a4' before making global git config changes
2025-07-25T15:04:22.8854678Z Adding repository directory to the temporary git global config as a safe directory
2025-07-25T15:04:22.8858662Z [command]/usr/bin/git config --global --add safe.directory /home/runner/work/tinuous/tinuous
2025-07-25T15:04:22.8892123Z [command]/usr/bin/git config --local --name-only --get-regexp core\.sshCommand
2025-07-25T15:04:22.8923686Z [command]/usr/bin/git submodule foreach --recursive sh -c "git config --local --name-only --get-regexp 'core\.sshCommand' && git config --local --unset-all 'core.sshCommand' || :"
2025-07-25T15:04:22.9145777Z [command]/usr/bin/git config --local --name-only --get-regexp http\.https\:\/\/github\.com\/\.extraheader
2025-07-25T15:04:22.9165903Z http.https://github.com/.extraheader
2025-07-25T15:04:22.9178322Z [command]/usr/bin/git config --local --unset-all http.https://github.com/.extraheader
2025-07-25T15:04:22.9207995Z [command]/usr/bin/git submodule foreach --recursive sh -c "git config --local --name-only --get-regexp 'http\.https\:\/\/github\.com\/\.extraheader' && git config --local --unset-all 'http.https://github.com/.extraheader' || :"
2025-07-25T15:04:22.9526489Z Cleaning up orphan processes
