2025-07-25T15:03:54.3591955Z Current runner version: '2.326.0'
2025-07-25T15:03:54.3615184Z ##[group]Runner Image Provisioner
2025-07-25T15:03:54.3616111Z Hosted Compute Agent
2025-07-25T15:03:54.3616721Z Version: 20250711.363
2025-07-25T15:03:54.3617421Z Commit: 6785254374ce925a23743850c1cb91912ce5c14c
2025-07-25T15:03:54.3618083Z Build Date: 2025-07-11T20:04:25Z
2025-07-25T15:03:54.3618829Z ##[endgroup]
2025-07-25T15:03:54.3619456Z ##[group]Operating System
2025-07-25T15:03:54.3620025Z Ubuntu
2025-07-25T15:03:54.3620471Z 24.04.2
2025-07-25T15:03:54.3620953Z LTS
2025-07-25T15:03:54.3621467Z ##[endgroup]
2025-07-25T15:03:54.3621927Z ##[group]Runner Image
2025-07-25T15:03:54.3622540Z Image: ubuntu-24.04
2025-07-25T15:03:54.3623037Z Version: 20250720.1.0
2025-07-25T15:03:54.3624007Z Included Software: https://github.com/actions/runner-images/blob/ubuntu24/20250720.1/images/ubuntu/Ubuntu2404-Readme.md
2025-07-25T15:03:54.3625617Z Image Release: https://github.com/actions/runner-images/releases/tag/ubuntu24%2F20250720.1
2025-07-25T15:03:54.3626602Z ##[endgroup]
2025-07-25T15:03:54.3629465Z ##[group]GITHUB_TOKEN Permissions
2025-07-25T15:03:54.3631696Z Actions: write
2025-07-25T15:03:54.3632366Z Attestations: write
2025-07-25T15:03:54.3632891Z Checks: write
2025-07-25T15:03:54.3633401Z Contents: write
2025-07-25T15:03:54.3634026Z Deployments: write
2025-07-25T15:03:54.3634506Z Discussions: write
2025-07-25T15:03:54.3635044Z Issues: write
2025-07-25T15:03:54.3635597Z Metadata: read
2025-07-25T15:03:54.3636057Z Models: read
2025-07-25T15:03:54.3636543Z Packages: write
2025-07-25T15:03:54.3637092Z Pages: write
2025-07-25T15:03:54.3637549Z PullRequests: write
2025-07-25T15:03:54.3638112Z RepositoryProjects: write
2025-07-25T15:03:54.3638968Z SecurityEvents: write
2025-07-25T15:03:54.3639693Z Statuses: write
2025-07-25T15:03:54.3640204Z ##[endgroup]
2025-07-25T15:03:54.3642631Z Secret source: Actions
2025-07-25T15:03:54.3643417Z Prepare workflow directory
2025-07-25T15:03:54.3982296Z Prepare all required actions
2025-07-25T15:03:54.4019759Z Getting action download info
2025-07-25T15:03:54.8841005Z ##[group]Download immutable action package 'actions/checkout@v4'
2025-07-25T15:03:54.8842407Z Version: 4.2.2
2025-07-25T15:03:54.8843522Z Digest: sha256:ccb2698953eaebd21c7bf6268a94f9c26518a7e38e27e0b83c1fe1ad049819b1
2025-07-25T15:03:54.8844746Z Source commit SHA: 11bd71901bbe5b1630ceea73d27597364c9af683
2025-07-25T15:03:54.8845460Z ##[endgroup]
2025-07-25T15:03:54.9864255Z ##[group]Download immutable action package 'actions/setup-python@v5'
2025-07-25T15:03:54.9865110Z Version: 5.6.0
2025-07-25T15:03:54.9865815Z Digest: sha256:0b35a0c11c97499e4e0576589036d450b9f5f9da74b7774225b3614b57324404
2025-07-25T15:03:54.9866848Z Source commit SHA: a26af69be951a213d495a4c3e4e4022e16d87065
2025-07-25T15:03:54.9867527Z ##[endgroup]
2025-07-25T15:03:55.3911257Z Download action repository 'codecov/codecov-action@v5' (SHA:18283e04ce6e62d37312384ff67231eb8fd56d24)
2025-07-25T15:03:55.9716110Z Getting action download info
2025-07-25T15:03:56.1502525Z ##[group]Download immutable action package 'actions/github-script@v7'
2025-07-25T15:03:56.1503288Z Version: 7.0.1
2025-07-25T15:03:56.1503957Z Digest: sha256:bce02966afe3a75123f766b765abe432fac5464b74976015dc06b811ac9054c7
2025-07-25T15:03:56.1504858Z Source commit SHA: 60a0d83039c74a4aee543508d2ffcb1c3799cdea
2025-07-25T15:03:56.1505490Z ##[endgroup]
2025-07-25T15:03:56.5371632Z Complete job name: test (pypy-3.10, py)
2025-07-25T15:03:56.6151865Z ##[group]Run actions/checkout@v4
2025-07-25T15:03:56.6153151Z with:
2025-07-25T15:03:56.6153872Z   fetch-depth: 0
2025-07-25T15:03:56.6154683Z   repository: con/tinuous
2025-07-25T15:03:56.6155829Z   token: ***
2025-07-25T15:03:56.6156574Z   ssh-strict: true
2025-07-25T15:03:56.6157355Z   ssh-user: git
2025-07-25T15:03:56.6158168Z   persist-credentials: true
2025-07-25T15:03:56.6159225Z   clean: true
2025-07-25T15:03:56.6160022Z   sparse-checkout-cone-mode: true
2025-07-25T15:03:56.6160995Z   fetch-tags: false
2025-07-25T15:03:56.6161793Z   show-progress: true
2025-07-25T15:03:56.6162582Z   lfs: false
2025-07-25T15:03:56.6163584Z   submodules: false
2025-07-25T15:03:56.6164388Z   set-safe-directory: true
2025-07-25T15:03:56.6165522Z ##[endgroup]
2025-07-25T15:03:56.7235524Z Syncing repository: con/tinuous
2025-07-25T15:03:56.7237862Z ##[group]Getting Git version info
2025-07-25T15:03:56.7239454Z Working directory is '/home/runner/work/tinuous/tinuous'
2025-07-25T15:03:56.7242328Z [command]/usr/bin/git version
2025-07-25T15:03:56.7269347Z git version 2.50.1
2025-07-25T15:03:56.7294812Z ##[endgroup]
2025-07-25T15:03:56.7308782Z Temporarily overriding HOME='/home/runner/work/_temp/43c628db-6916-4826-b59b-cd1503f4aba4' before making global git config changes
2025-07-25T15:03:56.7311516Z Adding repository directory to the temporary git global config as a safe directory
2025-07-25T15:03:56.7314117Z [command]/usr/bin/git config --global --add safe.directory /home/runner/work/tinuous/tinuous
2025-07-25T15:03:56.7345314Z Deleting the contents of '/home/runner/work/tinuous/tinuous'
2025-07-25T15:03:56.7348944Z ##[group]Initializing the repository
2025-07-25T15:03:56.7352643Z [command]/usr/bin/git init /home/runner/work/tinuous/tinuous
2025-07-25T15:03:56.7432474Z hint: Using 'master' as the name for the initial branch. This default branch name
2025-07-25T15:03:56.7435593Z hint: is subject to change. To configure the initial branch name to use in all
2025-07-25T15:03:56.7437466Z hint: of your new repositories, which will suppress this warning, call:
2025-07-25T15:03:56.7439045Z hint:
2025-07-25T15:03:56.7440337Z hint: 	git config --global init.defaultBranch <name>
2025-07-25T15:03:56.7441553Z hint:
2025-07-25T15:03:56.7442613Z hint: Names commonly chosen instead of 'master' are 'main', 'trunk' and
2025-07-25T15:03:56.7444359Z hint: 'development'. The just-created branch can be renamed via this command:
2025-07-25T15:03:56.7446145Z hint:
2025-07-25T15:03:56.7446874Z hint: 	git branch -m <name>
2025-07-25T15:03:56.7447731Z hint:
2025-07-25T15:03:56.7449090Z hint: Disable this message with "git config set advice.defaultBranchName false"
2025-07-25T15:03:56.7450968Z Initialized empty Git repository in /home/runner/work/tinuous/tinuous/.git/
2025-07-25T15:03:56.7453808Z [command]/usr/bin/git remote add origin https://github.com/con/tinuous
2025-07-25T15:03:56.7481516Z ##[endgroup]
2025-07-25T15:03:56.7482986Z ##[group]Disabling automatic garbage collection
2025-07-25T15:03:56.7484228Z [command]/usr/bin/git config --local gc.auto 0
2025-07-25T15:03:56.7510866Z ##[endgroup]
2025-07-25T15:03:56.7512127Z ##[group]Setting up auth
2025-07-25T15:03:56.7516947Z [command]/usr/bin/git config --local --name-only --get-regexp core\.sshCommand
2025-07-25T15:03:56.7546484Z [command]/usr/bin/git submodule foreach --recursive sh -c "git config --local --name-only --get-regexp 'core\.sshCommand' && git config --local --unset-all 'core.sshCommand' || :"
2025-07-25T15:03:56.7808361Z [command]/usr/bin/git config --local --name-only --get-regexp http\.https\:\/\/github\.com\/\.extraheader
2025-07-25T15:03:56.7837160Z [command]/usr/bin/git submodule foreach --recursive sh -c "git config --local --name-only --get-regexp 'http\.https\:\/\/github\.com\/\.extraheader' && git config --local --unset-all 'http.https://github.com/.extraheader' || :"
2025-07-25T15:03:56.8051586Z [command]/usr/bin/git config --local http.https://github.com/.extraheader AUTHORIZATION: basic ***
2025-07-25T15:03:56.8085079Z ##[endgroup]
2025-07-25T15:03:56.8086682Z ##[group]Fetching the repository
2025-07-25T15:03:56.8095268Z [command]/usr/bin/git -c protocol.version=2 fetch --prune --no-recurse-submodules origin +refs/heads/*:refs/remotes/origin/* +refs/tags/*:refs/tags/* +081131b5da8bfd2105783bfdf83f7d80deefd9b7:refs/remotes/pull/212/merge
2025-07-25T15:03:57.5842857Z From https://github.com/con/tinuous
2025-07-25T15:03:57.5845046Z  * [new branch]      bf-ci                                    -> origin/bf-ci
2025-07-25T15:03:57.5847535Z  * [new branch]      bf-circleci                              -> origin/bf-circleci
2025-07-25T15:03:57.5850324Z  * [new branch]      gh-55                                    -> origin/gh-55
2025-07-25T15:03:57.5853176Z  * [new branch]      master                                   -> origin/master
2025-07-25T15:03:57.5855790Z  * [new branch]      no-extra-search                          -> origin/no-extra-search
2025-07-25T15:03:57.5858504Z  * [new branch]      pragmata                                 -> origin/pragmata
2025-07-25T15:03:57.5861354Z  * [new branch]      test-appveyor                            -> origin/test-appveyor
2025-07-25T15:03:57.5863813Z  * [new tag]         0.1.0                                    -> 0.1.0
2025-07-25T15:03:57.5865866Z  * [new tag]         0.2.0                                    -> 0.2.0
2025-07-25T15:03:57.5867912Z  * [new tag]         0.3.0                                    -> 0.3.0
2025-07-25T15:03:57.5870125Z  * [new tag]         0.4.0                                    -> 0.4.0
2025-07-25T15:03:57.5872228Z  * [new tag]         0.5.0                                    -> 0.5.0
2025-07-25T15:03:57.5874233Z  * [new tag]         0.5.1                                    -> 0.5.1
2025-07-25T15:03:57.5876251Z  * [new tag]         0.5.2                                    -> 0.5.2
2025-07-25T15:03:57.5877845Z  * [new tag]         0.5.3                                    -> 0.5.3
2025-07-25T15:03:57.5879305Z  * [new tag]         0.5.4                                    -> 0.5.4
2025-07-25T15:03:57.5880655Z  * [new tag]         0.6.0                                    -> 0.6.0
2025-07-25T15:03:57.5881837Z  * [new tag]         0.6.1                                    -> 0.6.1
2025-07-25T15:03:57.5882998Z  * [new tag]         0.7.0                                    -> 0.7.0
2025-07-25T15:03:57.5884356Z  * [new ref]         081131b5da8bfd2105783bfdf83f7d80deefd9b7 -> pull/212/merge
2025-07-25T15:03:57.5903809Z ##[endgroup]
2025-07-25T15:03:57.5905745Z ##[group]Determining the checkout info
2025-07-25T15:03:57.5907674Z ##[endgroup]
2025-07-25T15:03:57.5910770Z [command]/usr/bin/git sparse-checkout disable
2025-07-25T15:03:57.5948853Z [command]/usr/bin/git config --local --unset-all extensions.worktreeConfig
2025-07-25T15:03:57.5975714Z ##[group]Checking out the ref
2025-07-25T15:03:57.5977946Z [command]/usr/bin/git checkout --progress --force refs/remotes/pull/212/merge
2025-07-25T15:03:57.6026557Z Note: switching to 'refs/remotes/pull/212/merge'.
2025-07-25T15:03:57.6028511Z 
2025-07-25T15:03:57.6029900Z You are in 'detached HEAD' state. You can look around, make experimental
2025-07-25T15:03:57.6032258Z changes and commit them, and you can discard any commits you make in this
2025-07-25T15:03:57.6034051Z state without impacting any branches by switching back to a branch.
2025-07-25T15:03:57.6035314Z 
2025-07-25T15:03:57.6035928Z If you want to create a new branch to retain commits you create, you may
2025-07-25T15:03:57.6037458Z do so (now or later) by using -c with the switch command. Example:
2025-07-25T15:03:57.6038360Z 
2025-07-25T15:03:57.6038915Z   git switch -c <new-branch-name>
2025-07-25T15:03:57.6039521Z 
2025-07-25T15:03:57.6039865Z Or undo this operation with:
2025-07-25T15:03:57.6040395Z 
2025-07-25T15:03:57.6040686Z   git switch -
2025-07-25T15:03:57.6041076Z 
2025-07-25T15:03:57.6041746Z Turn off this advice by setting config variable advice.detachedHead to false
2025-07-25T15:03:57.6042749Z 
2025-07-25T15:03:57.6044099Z HEAD is now at 081131b Merge 39d6cc0b7af54a5669b6b6e4de94b4b70d09a895 into fe72f741cc1eb180020d3122eaff7b8c0fc3efab
2025-07-25T15:03:57.6047375Z ##[endgroup]
2025-07-25T15:03:57.6070046Z [command]/usr/bin/git log -1 --format=%H
2025-07-25T15:03:57.6091789Z 081131b5da8bfd2105783bfdf83f7d80deefd9b7
2025-07-25T15:03:57.6365532Z ##[group]Run actions/setup-python@v5
2025-07-25T15:03:57.6366437Z with:
2025-07-25T15:03:57.6367101Z   python-version: pypy-3.10
2025-07-25T15:03:57.6367899Z   check-latest: false
2025-07-25T15:03:57.6369044Z   token: ***
2025-07-25T15:03:57.6369767Z   update-environment: true
2025-07-25T15:03:57.6370568Z   allow-prereleases: false
2025-07-25T15:03:57.6371355Z   freethreaded: false
2025-07-25T15:03:57.6372244Z ##[endgroup]
2025-07-25T15:03:57.8016920Z ##[group]Installed versions
2025-07-25T15:03:57.9368442Z Successfully set up PyPy 7.3.19 with Python (3.10.16)
2025-07-25T15:03:57.9371302Z ##[endgroup]
2025-07-25T15:03:57.9515396Z ##[group]Run python -m pip install --upgrade pip wheel
2025-07-25T15:03:57.9516678Z [36;1mpython -m pip install --upgrade pip wheel[0m
2025-07-25T15:03:57.9517994Z [36;1mpython -m pip install --upgrade --upgrade-strategy=eager tox[0m
2025-07-25T15:03:57.9669010Z shell: /usr/bin/bash -e {0}
2025-07-25T15:03:57.9669815Z env:
2025-07-25T15:03:57.9670619Z   pythonLocation: /opt/hostedtoolcache/PyPy/3.10.16/x64
2025-07-25T15:03:57.9671854Z   Python_ROOT_DIR: /opt/hostedtoolcache/PyPy/3.10.16/x64
2025-07-25T15:03:57.9673128Z   Python2_ROOT_DIR: /opt/hostedtoolcache/PyPy/3.10.16/x64
2025-07-25T15:03:57.9674396Z   Python3_ROOT_DIR: /opt/hostedtoolcache/PyPy/3.10.16/x64
2025-07-25T15:03:57.9675780Z   PKG_CONFIG_PATH: /opt/hostedtoolcache/PyPy/3.10.16/x64/bin/lib/pkgconfig
2025-07-25T15:03:57.9676999Z ##[endgroup]
2025-07-25T15:04:03.6611678Z Requirement already satisfied: pip in /opt/hostedtoolcache/PyPy/3.10.16/x64/lib/pypy3.10/site-packages (23.0.1)
2025-07-25T15:04:03.8690343Z Collecting pip
2025-07-25T15:04:03.9276157Z   Downloading pip-25.1.1-py3-none-any.whl.metadata (3.6 kB)
2025-07-25T15:04:04.0030225Z Collecting wheel
2025-07-25T15:04:04.0157944Z   Downloading wheel-0.45.1-py3-none-any.whl.metadata (2.3 kB)
2025-07-25T15:04:04.0380716Z Downloading pip-25.1.1-py3-none-any.whl (1.8 MB)
2025-07-25T15:04:04.1257272Z    ━━━━━━━━━━━━━━━━━━━━━━━━━━━━━━━━━━━━━━━━ 1.8/1.8 MB 28.2 MB/s eta 0:00:00
2025-07-25T15:04:04.1407858Z Downloading wheel-0.45.1-py3-none-any.whl (72 kB)
2025-07-25T15:04:04.3052431Z Installing collected packages: wheel, pip
2025-07-25T15:04:04.3700760Z   Attempting uninstall: pip
2025-07-25T15:04:04.3713313Z     Found existing installation: pip 23.0.1
2025-07-25T15:04:04.5192086Z     Uninstalling pip-23.0.1:
2025-07-25T15:04:04.6286517Z       Successfully uninstalled pip-23.0.1
2025-07-25T15:04:05.8034419Z 
2025-07-25T15:04:05.8055989Z Successfully installed pip-25.1.1 wheel-0.45.1
2025-07-25T15:04:06.9253841Z Collecting tox
2025-07-25T15:04:06.9724391Z   Downloading tox-4.28.1-py3-none-any.whl.metadata (3.6 kB)
2025-07-25T15:04:07.0228393Z Collecting cachetools>=6.1 (from tox)
2025-07-25T15:04:07.0351026Z   Downloading cachetools-6.1.0-py3-none-any.whl.metadata (5.4 kB)
2025-07-25T15:04:07.0647973Z Collecting chardet>=5.2 (from tox)
2025-07-25T15:04:07.0787039Z   Downloading chardet-5.2.0-py3-none-any.whl.metadata (3.4 kB)
2025-07-25T15:04:07.1236019Z Collecting colorama>=0.4.6 (from tox)
2025-07-25T15:04:07.1375378Z   Downloading colorama-0.4.6-py2.py3-none-any.whl.metadata (17 kB)
2025-07-25T15:04:07.1938395Z Collecting filelock>=3.18 (from tox)
2025-07-25T15:04:07.2065726Z   Downloading filelock-3.18.0-py3-none-any.whl.metadata (2.9 kB)
2025-07-25T15:04:07.2570245Z Collecting packaging>=25 (from tox)
2025-07-25T15:04:07.2695520Z   Downloading packaging-25.0-py3-none-any.whl.metadata (3.3 kB)
2025-07-25T15:04:07.3085232Z Collecting platformdirs>=4.3.8 (from tox)
2025-07-25T15:04:07.3205577Z   Downloading platformdirs-4.3.8-py3-none-any.whl.metadata (12 kB)
2025-07-25T15:04:07.3590645Z Collecting pluggy>=1.6 (from tox)
2025-07-25T15:04:07.3755468Z   Downloading pluggy-1.6.0-py3-none-any.whl.metadata (4.8 kB)
2025-07-25T15:04:07.4149232Z Collecting pyproject-api>=1.9.1 (from tox)
2025-07-25T15:04:07.4268360Z   Downloading pyproject_api-1.9.1-py3-none-any.whl.metadata (2.7 kB)
2025-07-25T15:04:07.4648262Z Collecting tomli>=2.2.1 (from tox)
2025-07-25T15:04:07.4766753Z   Downloading tomli-2.2.1-py3-none-any.whl.metadata (10 kB)
2025-07-25T15:04:07.5180714Z Collecting typing-extensions>=4.14.1 (from tox)
2025-07-25T15:04:07.5320069Z   Downloading typing_extensions-4.14.1-py3-none-any.whl.metadata (3.0 kB)
2025-07-25T15:04:07.6551137Z Collecting virtualenv>=20.31.2 (from tox)
2025-07-25T15:04:07.6669434Z   Downloading virtualenv-20.32.0-py3-none-any.whl.metadata (4.5 kB)
2025-07-25T15:04:07.7291007Z Collecting distlib<1,>=0.3.7 (from virtualenv>=20.31.2->tox)
2025-07-25T15:04:07.7405720Z   Downloading distlib-0.4.0-py2.py3-none-any.whl.metadata (5.2 kB)
2025-07-25T15:04:07.7712050Z Downloading tox-4.28.1-py3-none-any.whl (173 kB)
2025-07-25T15:04:07.8044591Z Downloading cachetools-6.1.0-py3-none-any.whl (11 kB)
2025-07-25T15:04:07.8196415Z Downloading chardet-5.2.0-py3-none-any.whl (199 kB)
2025-07-25T15:04:07.8381996Z Downloading colorama-0.4.6-py2.py3-none-any.whl (25 kB)
2025-07-25T15:04:07.8531416Z Downloading filelock-3.18.0-py3-none-any.whl (16 kB)
2025-07-25T15:04:07.8678457Z Downloading packaging-25.0-py3-none-any.whl (66 kB)
2025-07-25T15:04:07.8826497Z Downloading platformdirs-4.3.8-py3-none-any.whl (18 kB)
2025-07-25T15:04:07.8975486Z Downloading pluggy-1.6.0-py3-none-any.whl (20 kB)
2025-07-25T15:04:07.9177014Z Downloading pyproject_api-1.9.1-py3-none-any.whl (13 kB)
2025-07-25T15:04:07.9323518Z Downloading tomli-2.2.1-py3-none-any.whl (14 kB)
2025-07-25T15:04:07.9476465Z Downloading typing_extensions-4.14.1-py3-none-any.whl (43 kB)
2025-07-25T15:04:07.9625826Z Downloading virtualenv-20.32.0-py3-none-any.whl (6.1 MB)
2025-07-25T15:04:08.0239738Z    ━━━━━━━━━━━━━━━━━━━━━━━━━━━━━━━━━━━━━━━━ 6.1/6.1 MB 109.3 MB/s eta 0:00:00
2025-07-25T15:04:08.0363284Z Downloading distlib-0.4.0-py2.py3-none-any.whl (469 kB)
2025-07-25T15:04:08.1962694Z Installing collected packages: distlib, typing-extensions, tomli, pluggy, platformdirs, packaging, filelock, colorama, chardet, cachetools, virtualenv, pyproject-api, tox
2025-07-25T15:04:09.2148839Z 
2025-07-25T15:04:09.2206444Z Successfully installed cachetools-6.1.0 chardet-5.2.0 colorama-0.4.6 distlib-0.4.0 filelock-3.18.0 packaging-25.0 platformdirs-4.3.8 pluggy-1.6.0 pyproject-api-1.9.1 tomli-2.2.1 tox-4.28.1 typing-extensions-4.14.1 virtualenv-20.32.0
2025-07-25T15:04:09.2462588Z ##[group]Run tox -e py -- --cov-report=xml
2025-07-25T15:04:09.2462913Z [36;1mtox -e py -- --cov-report=xml[0m
2025-07-25T15:04:09.2490650Z shell: /usr/bin/bash -e {0}
2025-07-25T15:04:09.2490870Z env:
2025-07-25T15:04:09.2491104Z   pythonLocation: /opt/hostedtoolcache/PyPy/3.10.16/x64
2025-07-25T15:04:09.2491451Z   Python_ROOT_DIR: /opt/hostedtoolcache/PyPy/3.10.16/x64
2025-07-25T15:04:09.2491781Z   Python2_ROOT_DIR: /opt/hostedtoolcache/PyPy/3.10.16/x64
2025-07-25T15:04:09.2492101Z   Python3_ROOT_DIR: /opt/hostedtoolcache/PyPy/3.10.16/x64
2025-07-25T15:04:09.2492482Z   PKG_CONFIG_PATH: /opt/hostedtoolcache/PyPy/3.10.16/x64/bin/lib/pkgconfig
2025-07-25T15:04:09.2492802Z ##[endgroup]
2025-07-25T15:04:11.5538129Z py: install_deps> python -I -m pip install pytest pytest-cov pytest-mock
2025-07-25T15:04:16.2270694Z .pkg: install_requires> python -I -m pip install 'setuptools>=46.4.0' versioningit
2025-07-25T15:04:18.1153156Z .pkg: _optional_hooks> python /opt/hostedtoolcache/PyPy/3.10.16/x64/lib/pypy3.10/site-packages/pyproject_api/_backend.py True setuptools.build_meta
2025-07-25T15:04:18.5306257Z .pkg: get_requires_for_build_sdist> python /opt/hostedtoolcache/PyPy/3.10.16/x64/lib/pypy3.10/site-packages/pyproject_api/_backend.py True setuptools.build_meta
2025-07-25T15:04:18.9752150Z .pkg: get_requires_for_build_wheel> python /opt/hostedtoolcache/PyPy/3.10.16/x64/lib/pypy3.10/site-packages/pyproject_api/_backend.py True setuptools.build_meta
2025-07-25T15:04:19.3869952Z .pkg: freeze> python -m pip freeze --all
2025-07-25T15:04:19.9090731Z .pkg: cffi==1.18.0.dev0,greenlet==0.4.13,hpy==0.9.0,packaging==25.0,pip==25.1.1,setuptools==80.9.0,tomli==2.2.1,versioningit==3.3.0
2025-07-25T15:04:19.9099962Z .pkg: prepare_metadata_for_build_wheel> python /opt/hostedtoolcache/PyPy/3.10.16/x64/lib/pypy3.10/site-packages/pyproject_api/_backend.py True setuptools.build_meta
2025-07-25T15:04:20.3666220Z .pkg: build_sdist> python /opt/hostedtoolcache/PyPy/3.10.16/x64/lib/pypy3.10/site-packages/pyproject_api/_backend.py True setuptools.build_meta
2025-07-25T15:04:20.8261325Z py: install_package_deps> python -I -m pip install 'PyYAML>=5.0' 'click-loglevel~=0.2' 'click>=7.0' 'ghtoken~=0.1' 'in_place~=1.0' 'pydantic~=2.0' 'python-dateutil~=2.7' 'python-dotenv<2.0,>=0.11' 'requests~=2.20'
2025-07-25T15:04:38.0698732Z py: install_package> python -I -m pip install --force-reinstall --no-deps /home/runner/work/tinuous/tinuous/.tox/.tmp/package/1/tinuous-0.7.0.post15+g081131b.tar.gz
2025-07-25T15:04:42.3620283Z py: freeze> python -m pip freeze --all
2025-07-25T15:04:42.9160601Z py: annotated-types==0.7.0,certifi==2025.7.14,cffi==1.18.0.dev0,charset-normalizer==3.4.2,click==8.2.1,click-loglevel==0.6.1,coverage==7.10.0,exceptiongroup==1.3.0,ghtoken==0.1.2,greenlet==0.4.13,hpy==0.9.0,idna==3.10,in_place==1.0.1,iniconfig==2.1.0,packaging==25.0,pip==25.1.1,pluggy==1.6.0,pydantic==2.11.7,pydantic_core==2.33.2,Pygments==2.19.2,pytest==8.4.1,pytest-cov==6.2.1,pytest-mock==3.14.1,python-dateutil==2.9.0.post0,python-dotenv==1.1.1,PyYAML==6.0.2,requests==2.32.4,ruamel.yaml==0.18.14,setuptools==80.9.0,six==1.17.0,tinuous @ file:///home/runner/work/tinuous/tinuous/.tox/.tmp/package/1/tinuous-0.7.0.post15%2Bg081131b.tar.gz#sha256=37c95fe41b3232860b49c442a671db4e495931af36e6bb57a0de2eeb072fcdc4,tomli==2.2.1,typing-inspection==0.4.1,typing_extensions==4.14.1,urllib3==2.5.0
2025-07-25T15:04:42.9170811Z py: commands[0]> tinuous --help
2025-07-25T15:04:43.6548778Z Usage: tinuous [OPTIONS] COMMAND [ARGS]...
2025-07-25T15:04:43.6549577Z 
2025-07-25T15:04:43.6549985Z   Download build logs from GitHub Actions, Travis, Appveyor, and CircleCI
2025-07-25T15:04:43.6550549Z 
2025-07-25T15:04:43.6550696Z Options:
2025-07-25T15:04:43.6551193Z   -V, --version                   Show the version and exit.
2025-07-25T15:04:43.6551920Z   -c, --config FILE               Read configuration from the given file
2025-07-25T15:04:43.6552348Z                                   [default: tinuous.yaml]
2025-07-25T15:04:43.6553172Z   -E, --env FILE                  Load environment variables from given .env
2025-07-25T15:04:43.6553572Z                                   file
2025-07-25T15:04:43.6553922Z   -l, --log-level [NOTSET|DEBUG|INFO|WARNING|ERROR|CRITICAL]
2025-07-25T15:04:43.6554328Z                                   Set logging level  [default: INFO]
2025-07-25T15:04:43.6554684Z   --help                          Show this message and exit.
2025-07-25T15:04:43.6554924Z 
2025-07-25T15:04:43.6555006Z Commands:
2025-07-25T15:04:43.6555223Z   fetch         Download logs
2025-07-25T15:04:43.6555507Z   fetch-commit  Download logs for a specific commit
2025-07-25T15:04:43.6555798Z   sanitize      Sanitize secrets in logs
2025-07-25T15:04:43.6633704Z py: commands[1]> pytest --cov-report=xml test
2025-07-25T15:04:47.5761392Z ============================= test session starts ==============================
2025-07-25T15:04:47.5762347Z platform linux -- Python 3.10.16[pypy-7.3.19-final], pytest-8.4.1, pluggy-1.6.0
2025-07-25T15:04:47.5763045Z cachedir: .tox/py/.pytest_cache
2025-07-25T15:04:47.5763494Z rootdir: /home/runner/work/tinuous/tinuous
2025-07-25T15:04:47.5763955Z configfile: tox.ini
2025-07-25T15:04:47.5764306Z plugins: cov-6.2.1, mock-3.14.1
2025-07-25T15:04:47.5764705Z collected 64 items
2025-07-25T15:04:47.5764903Z 
2025-07-25T15:04:47.6820170Z test/test_base.py .........                                              [ 14%]
2025-07-25T15:04:47.7681789Z test/test_config.py ........                                             [ 26%]
2025-07-25T15:04:47.9153339Z test/test_state.py ........                                              [ 39%]
2025-07-25T15:04:49.3897973Z test/test_util.py .......................................                [100%]
2025-07-25T15:04:49.3898806Z 
2025-07-25T15:04:49.3899061Z ================================ tests coverage ================================
2025-07-25T15:04:49.3899849Z _______________ coverage: platform linux, python 3.10.16-final-0 _______________
2025-07-25T15:04:49.3900434Z 
2025-07-25T15:04:49.3900700Z Coverage XML written to file coverage.xml
2025-07-25T15:04:49.3901341Z ============================== 64 passed in 4.34s ==============================
2025-07-25T15:04:49.4071803Z   py: OK (38.39=setup[31.91]+cmd[0.74,5.74] seconds)
2025-07-25T15:04:49.4072306Z   congratulations :) (39.57 seconds)
2025-07-25T15:04:49.4400191Z ##[group]Run codecov/codecov-action@v5
2025-07-25T15:04:49.4400464Z with:
2025-07-25T15:04:49.4400634Z   fail_ci_if_error: false
2025-07-25T15:04:49.4401010Z   token: ***
2025-07-25T15:04:49.4401185Z   name: pypy-3.10
2025-07-25T15:04:49.4401375Z   disable_file_fixes: false
2025-07-25T15:04:49.4401582Z   disable_search: false
2025-07-25T15:04:49.4401779Z   disable_safe_directory: false
2025-07-25T15:04:49.4401978Z   disable_telem: false
2025-07-25T15:04:49.4402162Z   dry_run: false
2025-07-25T15:04:49.4402326Z   git_service: github
2025-07-25T15:04:49.4402510Z   gcov_executable: gcov
2025-07-25T15:04:49.4402707Z   handle_no_reports_found: false
2025-07-25T15:04:49.4402921Z   recurse_submodules: false
2025-07-25T15:04:49.4403133Z   run_command: upload-coverage
2025-07-25T15:04:49.4403340Z   skip_validation: false
2025-07-25T15:04:49.4403550Z   use_legacy_upload_endpoint: false
2025-07-25T15:04:49.4403781Z   use_oidc: false
2025-07-25T15:04:49.4403944Z   use_pypi: false
2025-07-25T15:04:49.4404138Z   verbose: false
2025-07-25T15:04:49.4404298Z   version: latest
2025-07-25T15:04:49.4404460Z env:
2025-07-25T15:04:49.4404679Z   pythonLocation: /opt/hostedtoolcache/PyPy/3.10.16/x64
2025-07-25T15:04:49.4405022Z   Python_ROOT_DIR: /opt/hostedtoolcache/PyPy/3.10.16/x64
2025-07-25T15:04:49.4405342Z   Python2_ROOT_DIR: /opt/hostedtoolcache/PyPy/3.10.16/x64
2025-07-25T15:04:49.4405660Z   Python3_ROOT_DIR: /opt/hostedtoolcache/PyPy/3.10.16/x64
2025-07-25T15:04:49.4406033Z   PKG_CONFIG_PATH: /opt/hostedtoolcache/PyPy/3.10.16/x64/bin/lib/pkgconfig
2025-07-25T15:04:49.4406356Z ##[endgroup]
2025-07-25T15:04:49.4476721Z ##[group]Run CC_ACTION_VERSION=$(cat ${GITHUB_ACTION_PATH}/src/version)
2025-07-25T15:04:49.4477142Z [36;1mCC_ACTION_VERSION=$(cat ${GITHUB_ACTION_PATH}/src/version)[0m
2025-07-25T15:04:49.4477543Z [36;1mecho -e "\033[0;32m==>\033[0m Running Action version $CC_ACTION_VERSION"[0m
2025-07-25T15:04:49.4507465Z shell: /usr/bin/bash --noprofile --norc -e -o pipefail {0}
2025-07-25T15:04:49.4507790Z env:
2025-07-25T15:04:49.4508030Z   pythonLocation: /opt/hostedtoolcache/PyPy/3.10.16/x64
2025-07-25T15:04:49.4508393Z   Python_ROOT_DIR: /opt/hostedtoolcache/PyPy/3.10.16/x64
2025-07-25T15:04:49.4508839Z   Python2_ROOT_DIR: /opt/hostedtoolcache/PyPy/3.10.16/x64
2025-07-25T15:04:49.4509166Z   Python3_ROOT_DIR: /opt/hostedtoolcache/PyPy/3.10.16/x64
2025-07-25T15:04:49.4509542Z   PKG_CONFIG_PATH: /opt/hostedtoolcache/PyPy/3.10.16/x64/bin/lib/pkgconfig
2025-07-25T15:04:49.4509865Z ##[endgroup]
2025-07-25T15:04:49.4569771Z [0;32m==>[0m Running Action version 5.4.3
2025-07-25T15:04:49.4612310Z ##[group]Run git config --global --add safe.directory "/home/runner/work/tinuous/tinuous"
2025-07-25T15:04:49.4612853Z [36;1mgit config --global --add safe.directory "/home/runner/work/tinuous/tinuous"[0m
2025-07-25T15:04:49.4613301Z [36;1mgit config --global --add safe.directory "$GITHUB_WORKSPACE"[0m
2025-07-25T15:04:49.4637985Z shell: /usr/bin/bash --noprofile --norc -e -o pipefail {0}
2025-07-25T15:04:49.4638296Z env:
2025-07-25T15:04:49.4638697Z   pythonLocation: /opt/hostedtoolcache/PyPy/3.10.16/x64
2025-07-25T15:04:49.4639097Z   Python_ROOT_DIR: /opt/hostedtoolcache/PyPy/3.10.16/x64
2025-07-25T15:04:49.4639438Z   Python2_ROOT_DIR: /opt/hostedtoolcache/PyPy/3.10.16/x64
2025-07-25T15:04:49.4639784Z   Python3_ROOT_DIR: /opt/hostedtoolcache/PyPy/3.10.16/x64
2025-07-25T15:04:49.4640164Z   PKG_CONFIG_PATH: /opt/hostedtoolcache/PyPy/3.10.16/x64/bin/lib/pkgconfig
2025-07-25T15:04:49.4640499Z ##[endgroup]
2025-07-25T15:04:49.4732574Z ##[group]Run CC_FORK="false"
2025-07-25T15:04:49.4732803Z [36;1mCC_FORK="false"[0m
2025-07-25T15:04:49.4733279Z [36;1mif [ -n "$GITHUB_EVENT_PULL_REQUEST_HEAD_REPO_FULL_NAME" ] && [ "$GITHUB_EVENT_PULL_REQUEST_HEAD_REPO_FULL_NAME" != "$GITHUB_REPOSITORY" ];[0m
2025-07-25T15:04:49.4733773Z [36;1mthen[0m
2025-07-25T15:04:49.4733974Z [36;1m  echo -e "\033[0;32m==>\033[0m Fork detected"[0m
2025-07-25T15:04:49.4734375Z [36;1m  CC_FORK="true"[0m
2025-07-25T15:04:49.4734706Z [36;1mfi[0m
2025-07-25T15:04:49.4734908Z [36;1mecho "CC_FORK=$CC_FORK" >> "$GITHUB_ENV"[0m
2025-07-25T15:04:49.4759700Z shell: /usr/bin/bash --noprofile --norc -e -o pipefail {0}
2025-07-25T15:04:49.4760005Z env:
2025-07-25T15:04:49.4760236Z   pythonLocation: /opt/hostedtoolcache/PyPy/3.10.16/x64
2025-07-25T15:04:49.4760563Z   Python_ROOT_DIR: /opt/hostedtoolcache/PyPy/3.10.16/x64
2025-07-25T15:04:49.4760906Z   Python2_ROOT_DIR: /opt/hostedtoolcache/PyPy/3.10.16/x64
2025-07-25T15:04:49.4761240Z   Python3_ROOT_DIR: /opt/hostedtoolcache/PyPy/3.10.16/x64
2025-07-25T15:04:49.4761605Z   PKG_CONFIG_PATH: /opt/hostedtoolcache/PyPy/3.10.16/x64/bin/lib/pkgconfig
2025-07-25T15:04:49.4761967Z   GITHUB_EVENT_PULL_REQUEST_HEAD_LABEL: con:bf-ci
2025-07-25T15:04:49.4762287Z   GITHUB_EVENT_PULL_REQUEST_HEAD_REPO_FULL_NAME: con/tinuous
2025-07-25T15:04:49.4762581Z   GITHUB_REPOSITORY: con/tinuous
2025-07-25T15:04:49.4762803Z ##[endgroup]
2025-07-25T15:04:49.4853941Z ##[group]Run actions/github-script@v7
2025-07-25T15:04:49.4854175Z with:
2025-07-25T15:04:49.4854671Z   script: if (process.env.CC_USE_OIDC === 'true' && process.env.CC_FORK != 'true') {
  const id_token = await core.getIDToken(process.env.CC_OIDC_AUDIENCE)
  return id_token
}

2025-07-25T15:04:49.4855381Z   github-token: ***
2025-07-25T15:04:49.4855565Z   debug: false
2025-07-25T15:04:49.4855753Z   user-agent: actions/github-script
2025-07-25T15:04:49.4855988Z   result-encoding: json
2025-07-25T15:04:49.4856173Z   retries: 0
2025-07-25T15:04:49.4856374Z   retry-exempt-status-codes: 400,401,403,404,422
2025-07-25T15:04:49.4856618Z env:
2025-07-25T15:04:49.4856838Z   pythonLocation: /opt/hostedtoolcache/PyPy/3.10.16/x64
2025-07-25T15:04:49.4857178Z   Python_ROOT_DIR: /opt/hostedtoolcache/PyPy/3.10.16/x64
2025-07-25T15:04:49.4857498Z   Python2_ROOT_DIR: /opt/hostedtoolcache/PyPy/3.10.16/x64
2025-07-25T15:04:49.4857816Z   Python3_ROOT_DIR: /opt/hostedtoolcache/PyPy/3.10.16/x64
2025-07-25T15:04:49.4858199Z   PKG_CONFIG_PATH: /opt/hostedtoolcache/PyPy/3.10.16/x64/bin/lib/pkgconfig
2025-07-25T15:04:49.4858516Z   CC_FORK: false
2025-07-25T15:04:49.4858930Z   CC_OIDC_AUDIENCE: https://codecov.io
2025-07-25T15:04:49.4859168Z   CC_USE_OIDC: false
2025-07-25T15:04:49.4859348Z ##[endgroup]
2025-07-25T15:04:49.5782490Z ##[group]Run if [ "false" == 'true' ] && [ "$CC_FORK" != 'true' ];
2025-07-25T15:04:49.5782858Z [36;1mif [ "false" == 'true' ] && [ "$CC_FORK" != 'true' ];[0m
2025-07-25T15:04:49.5783131Z [36;1mthen[0m
2025-07-25T15:04:49.5783343Z [36;1m  echo "CC_TOKEN=$CC_OIDC_TOKEN" >> "$GITHUB_ENV"[0m
2025-07-25T15:04:49.5783617Z [36;1melif [ -n "" ];[0m
2025-07-25T15:04:49.5783810Z [36;1mthen[0m
2025-07-25T15:04:49.5784022Z [36;1m  echo -e "\033[0;32m==>\033[0m Token set from env"[0m
2025-07-25T15:04:49.5784313Z [36;1m    echo "CC_TOKEN=" >> "$GITHUB_ENV"[0m
2025-07-25T15:04:49.5784538Z [36;1melse[0m
2025-07-25T15:04:49.5784873Z [36;1m  if [ -n "***" ];[0m
2025-07-25T15:04:49.5785090Z [36;1m  then[0m
2025-07-25T15:04:49.5785310Z [36;1m    echo -e "\033[0;32m==>\033[0m Token set from input"[0m
2025-07-25T15:04:49.5785685Z [36;1m    CC_TOKEN=$(echo "***" | tr -d '\n')[0m
2025-07-25T15:04:49.5785972Z [36;1m    echo "CC_TOKEN=$CC_TOKEN" >> "$GITHUB_ENV"[0m
2025-07-25T15:04:49.5786225Z [36;1m  fi[0m
2025-07-25T15:04:49.5786415Z [36;1mfi[0m
2025-07-25T15:04:49.5814014Z shell: /usr/bin/bash --noprofile --norc -e -o pipefail {0}
2025-07-25T15:04:49.5814316Z env:
2025-07-25T15:04:49.5814546Z   pythonLocation: /opt/hostedtoolcache/PyPy/3.10.16/x64
2025-07-25T15:04:49.5814877Z   Python_ROOT_DIR: /opt/hostedtoolcache/PyPy/3.10.16/x64
2025-07-25T15:04:49.5815220Z   Python2_ROOT_DIR: /opt/hostedtoolcache/PyPy/3.10.16/x64
2025-07-25T15:04:49.5815554Z   Python3_ROOT_DIR: /opt/hostedtoolcache/PyPy/3.10.16/x64
2025-07-25T15:04:49.5815919Z   PKG_CONFIG_PATH: /opt/hostedtoolcache/PyPy/3.10.16/x64/bin/lib/pkgconfig
2025-07-25T15:04:49.5816240Z   CC_FORK: false
2025-07-25T15:04:49.5816572Z   CC_OIDC_TOKEN: 
2025-07-25T15:04:49.5816771Z   CC_OIDC_AUDIENCE: https://codecov.io
2025-07-25T15:04:49.5817132Z ##[endgroup]
2025-07-25T15:04:49.5863270Z [0;32m==>[0m Token set from input
2025-07-25T15:04:49.5899721Z ##[group]Run if [ -z "$CC_BRANCH" ] && [ -z "$CC_TOKEN" ] && [ "$CC_FORK" == 'true' ]
2025-07-25T15:04:49.5900148Z [36;1mif [ -z "$CC_BRANCH" ] && [ -z "$CC_TOKEN" ] && [ "$CC_FORK" == 'true' ][0m
2025-07-25T15:04:49.5900464Z [36;1mthen[0m
2025-07-25T15:04:49.5900822Z [36;1m  echo -e "\033[0;32m==>\033[0m Fork detected, setting branch to $GITHUB_EVENT_PULL_REQUEST_HEAD_LABEL"[0m
2025-07-25T15:04:49.5901271Z [36;1m  TOKENLESS="$GITHUB_EVENT_PULL_REQUEST_HEAD_LABEL"[0m
2025-07-25T15:04:49.5901590Z [36;1m  CC_BRANCH="$GITHUB_EVENT_PULL_REQUEST_HEAD_LABEL"[0m
2025-07-25T15:04:49.5901896Z [36;1m  echo "TOKENLESS=$TOKENLESS" >> "$GITHUB_ENV"[0m
2025-07-25T15:04:49.5902148Z [36;1mfi[0m
2025-07-25T15:04:49.5902301Z [36;1m[0m
2025-07-25T15:04:49.5902507Z [36;1mecho "CC_BRANCH=$CC_BRANCH" >> "$GITHUB_ENV"[0m
2025-07-25T15:04:49.5926914Z shell: /usr/bin/bash --noprofile --norc -e -o pipefail {0}
2025-07-25T15:04:49.5927219Z env:
2025-07-25T15:04:49.5927445Z   pythonLocation: /opt/hostedtoolcache/PyPy/3.10.16/x64
2025-07-25T15:04:49.5927801Z   Python_ROOT_DIR: /opt/hostedtoolcache/PyPy/3.10.16/x64
2025-07-25T15:04:49.5928126Z   Python2_ROOT_DIR: /opt/hostedtoolcache/PyPy/3.10.16/x64
2025-07-25T15:04:49.5928461Z   Python3_ROOT_DIR: /opt/hostedtoolcache/PyPy/3.10.16/x64
2025-07-25T15:04:49.5929066Z   PKG_CONFIG_PATH: /opt/hostedtoolcache/PyPy/3.10.16/x64/bin/lib/pkgconfig
2025-07-25T15:04:49.5929388Z   CC_FORK: false
2025-07-25T15:04:49.5929643Z   CC_TOKEN: ***
2025-07-25T15:04:49.5929812Z   CC_BRANCH: 
2025-07-25T15:04:49.5930009Z   GITHUB_EVENT_PULL_REQUEST_HEAD_LABEL: con:bf-ci
2025-07-25T15:04:49.5930336Z   GITHUB_EVENT_PULL_REQUEST_HEAD_REPO_FULL_NAME: con/tinuous
2025-07-25T15:04:49.5930635Z   GITHUB_REPOSITORY: con/tinuous
2025-07-25T15:04:49.5930849Z ##[endgroup]
2025-07-25T15:04:49.5994671Z ##[group]Run if [ -z "$CC_SHA" ];
2025-07-25T15:04:49.5994954Z [36;1mif [ -z "$CC_SHA" ];[0m
2025-07-25T15:04:49.5995173Z [36;1mthen[0m
2025-07-25T15:04:49.5995402Z [36;1m  CC_SHA="$GITHUB_EVENT_PULL_REQUEST_HEAD_SHA"[0m
2025-07-25T15:04:49.5995669Z [36;1mfi[0m
2025-07-25T15:04:49.5995925Z [36;1mif [ -z "$CC_PR" ] && [ "${GITHUB_EVENT_NAME}" == "pull_request_target" ];[0m
2025-07-25T15:04:49.5996235Z [36;1mthen[0m
2025-07-25T15:04:49.5996426Z [36;1m  CC_PR="$GITHUB_EVENT_NUMBER"[0m
2025-07-25T15:04:49.5996665Z [36;1mfi[0m
2025-07-25T15:04:49.5996830Z [36;1m[0m
2025-07-25T15:04:49.5997024Z [36;1mecho "CC_SHA=$CC_SHA" >> "$GITHUB_ENV"[0m
2025-07-25T15:04:49.5997304Z [36;1mecho "CC_PR=$CC_PR" >> "$GITHUB_ENV"[0m
2025-07-25T15:04:49.6021917Z shell: /usr/bin/bash --noprofile --norc -e -o pipefail {0}
2025-07-25T15:04:49.6022232Z env:
2025-07-25T15:04:49.6022477Z   pythonLocation: /opt/hostedtoolcache/PyPy/3.10.16/x64
2025-07-25T15:04:49.6022849Z   Python_ROOT_DIR: /opt/hostedtoolcache/PyPy/3.10.16/x64
2025-07-25T15:04:49.6023203Z   Python2_ROOT_DIR: /opt/hostedtoolcache/PyPy/3.10.16/x64
2025-07-25T15:04:49.6023547Z   Python3_ROOT_DIR: /opt/hostedtoolcache/PyPy/3.10.16/x64
2025-07-25T15:04:49.6023937Z   PKG_CONFIG_PATH: /opt/hostedtoolcache/PyPy/3.10.16/x64/bin/lib/pkgconfig
2025-07-25T15:04:49.6024272Z   CC_FORK: false
2025-07-25T15:04:49.6024544Z   CC_TOKEN: ***
2025-07-25T15:04:49.6024733Z   CC_BRANCH: 
2025-07-25T15:04:49.6024904Z   CC_PR: 
2025-07-25T15:04:49.6025071Z   CC_SHA: 
2025-07-25T15:04:49.6025251Z   GITHUB_EVENT_NAME: pull_request
2025-07-25T15:04:49.6025494Z   GITHUB_EVENT_NUMBER: 212
2025-07-25T15:04:49.6025821Z   GITHUB_EVENT_PULL_REQUEST_HEAD_SHA: 39d6cc0b7af54a5669b6b6e4de94b4b70d09a895
2025-07-25T15:04:49.6026164Z ##[endgroup]
2025-07-25T15:04:49.6095528Z ##[group]Run ${GITHUB_ACTION_PATH}/dist/codecov.sh
2025-07-25T15:04:49.6095857Z [36;1m${GITHUB_ACTION_PATH}/dist/codecov.sh[0m
2025-07-25T15:04:49.6120708Z shell: /usr/bin/bash --noprofile --norc -e -o pipefail {0}
2025-07-25T15:04:49.6121172Z env:
2025-07-25T15:04:49.6121513Z   pythonLocation: /opt/hostedtoolcache/PyPy/3.10.16/x64
2025-07-25T15:04:49.6121855Z   Python_ROOT_DIR: /opt/hostedtoolcache/PyPy/3.10.16/x64
2025-07-25T15:04:49.6122175Z   Python2_ROOT_DIR: /opt/hostedtoolcache/PyPy/3.10.16/x64
2025-07-25T15:04:49.6122494Z   Python3_ROOT_DIR: /opt/hostedtoolcache/PyPy/3.10.16/x64
2025-07-25T15:04:49.6122865Z   PKG_CONFIG_PATH: /opt/hostedtoolcache/PyPy/3.10.16/x64/bin/lib/pkgconfig
2025-07-25T15:04:49.6123187Z   CC_FORK: false
2025-07-25T15:04:49.6123432Z   CC_TOKEN: ***
2025-07-25T15:04:49.6123600Z   CC_BRANCH: 
2025-07-25T15:04:49.6123794Z   CC_SHA: 39d6cc0b7af54a5669b6b6e4de94b4b70d09a895
2025-07-25T15:04:49.6124043Z   CC_PR: 
2025-07-25T15:04:49.6124197Z   CC_BASE_SHA: 
2025-07-25T15:04:49.6124352Z   CC_BINARY: 
2025-07-25T15:04:49.6124509Z   CC_BUILD: 
2025-07-25T15:04:49.6124660Z   CC_BUILD_URL: 
2025-07-25T15:04:49.6124822Z   CC_CODE: 
2025-07-25T15:04:49.6124969Z   CC_DIR: 
2025-07-25T15:04:49.6125135Z   CC_DISABLE_FILE_FIXES: false
2025-07-25T15:04:49.6125344Z   CC_DISABLE_SEARCH: false
2025-07-25T15:04:49.6125542Z   CC_DISABLE_TELEM: false
2025-07-25T15:04:49.6125729Z   CC_DRY_RUN: false
2025-07-25T15:04:49.6125903Z   CC_ENTERPRISE_URL: 
2025-07-25T15:04:49.6126071Z   CC_ENV: 
2025-07-25T15:04:49.6126226Z   CC_EXCLUDES: 
2025-07-25T15:04:49.6126389Z   CC_FAIL_ON_ERROR: false
2025-07-25T15:04:49.6126569Z   CC_FILES: 
2025-07-25T15:04:49.6126721Z   CC_FLAGS: 
2025-07-25T15:04:49.6126863Z   CC_FORCE: 
2025-07-25T15:04:49.6127014Z   CC_GCOV_ARGS: 
2025-07-25T15:04:49.6127181Z   CC_GCOV_EXECUTABLE: gcov
2025-07-25T15:04:49.6127369Z   CC_GCOV_IGNORE: 
2025-07-25T15:04:49.6127536Z   CC_GCOV_INCLUDE: 
2025-07-25T15:04:49.6127703Z   CC_GIT_SERVICE: github
2025-07-25T15:04:49.6127904Z   CC_HANDLE_NO_REPORTS_FOUND: false
2025-07-25T15:04:49.6128119Z   CC_JOB_CODE: 
2025-07-25T15:04:49.6128279Z   CC_LEGACY: false
2025-07-25T15:04:49.6128451Z   CC_NAME: pypy-3.10
2025-07-25T15:04:49.6128905Z   CC_NETWORK_FILTER: 
2025-07-25T15:04:49.6129092Z   CC_NETWORK_PREFIX: 
2025-07-25T15:04:49.6129282Z   CC_NETWORK_ROOT_FOLDER: 
2025-07-25T15:04:49.6129461Z   CC_OS: 
2025-07-25T15:04:49.6129611Z   CC_PARENT_SHA: 
2025-07-25T15:04:49.6129769Z   CC_PLUGINS: 
2025-07-25T15:04:49.6129943Z   CC_RECURSE_SUBMODULES: false
2025-07-25T15:04:49.6130150Z   CC_REPORT_TYPE: 
2025-07-25T15:04:49.6130326Z   CC_RUN_CMD: upload-coverage
2025-07-25T15:04:49.6130527Z   CC_SERVICE: github
2025-07-25T15:04:49.6130704Z   CC_SKIP_VALIDATION: false
2025-07-25T15:04:49.6130897Z   CC_SLUG: 
2025-07-25T15:04:49.6131058Z   CC_SWIFT_PROJECT: 
2025-07-25T15:04:49.6131230Z   CC_USE_PYPI: false
2025-07-25T15:04:49.6131401Z   CC_VERBOSE: false
2025-07-25T15:04:49.6131569Z   CC_VERSION: latest
2025-07-25T15:04:49.6131733Z   CC_YML_PATH: 
2025-07-25T15:04:49.6131891Z ##[endgroup]
2025-07-25T15:04:49.6197428Z      _____          _
2025-07-25T15:04:49.6197720Z     / ____|        | |
2025-07-25T15:04:49.6198035Z    | |     ___   __| | ___  ___ _____   __
2025-07-25T15:04:49.6198450Z    | |    / _ \ / _` |/ _ \/ __/ _ \ \ / /
2025-07-25T15:04:49.6199089Z    | |___| (_) | (_| |  __/ (_| (_) \ V /
2025-07-25T15:04:49.6199514Z     \_____\___/ \__,_|\___|\___\___/ \_/
2025-07-25T15:04:49.6200114Z                            [0;31m Wrapper-0.2.1[0m
2025-07-25T15:04:49.6200533Z                                   
2025-07-25T15:04:49.6253494Z [0;32m==>[0m Detected [0;36mlinux[0m
2025-07-25T15:04:49.6304886Z   % Total    % Received % Xferd  Average Speed   Time    Time     Time  Current
2025-07-25T15:04:49.6305804Z [0;32m ->[0m Downloading [0;36mhttps://cli.codecov.io/latest/linux/codecov[0m
2025-07-25T15:04:49.6306458Z                                  Dload  Upload   Total   Spent    Left  Speed
2025-07-25T15:04:49.6306779Z 
2025-07-25T15:04:49.8870677Z   0     0    0     0    0     0      0      0 --:--:-- --:--:-- --:--:--     0
2025-07-25T15:04:49.8871294Z 100 10.6M  100 10.6M    0     0  41.5M      0 --:--:-- --:--:-- --:--:-- 41.6M
2025-07-25T15:04:49.8891858Z [0;32m==>[0m Finishing downloading [0;36mlinux:latest[0m
2025-07-25T15:04:49.9536289Z       Version: [0;36mv11.0.3[0m
2025-07-25T15:04:49.9536726Z  
2025-07-25T15:04:50.3082733Z gpg: directory '/home/runner/.gnupg' created
2025-07-25T15:04:50.3117893Z gpg: keybox '/home/runner/.gnupg/pubring.kbx' created
2025-07-25T15:04:50.3248910Z gpg: /home/runner/.gnupg/trustdb.gpg: trustdb created
2025-07-25T15:04:50.3249879Z gpg: key 806BB28AED779869: public key "Codecov Uploader (Codecov Uploader Verification Key) <security@codecov.io>" imported
2025-07-25T15:04:50.3591979Z gpg: Total number processed: 1
2025-07-25T15:04:50.3592324Z gpg:               imported: 1
2025-07-25T15:04:50.3597736Z [0;32m==>[0m Verifying GPG signature integrity
2025-07-25T15:04:50.3598822Z [0;32m ->[0m Downloading [0;36mhttps://cli.codecov.io/latest/linux/codecov.SHA256SUM[0m
2025-07-25T15:04:50.3599884Z [0;32m ->[0m Downloading [0;36mhttps://cli.codecov.io/latest/linux/codecov.SHA256SUM.sig[0m
2025-07-25T15:04:50.3600390Z  
2025-07-25T15:04:50.4771302Z gpg: Signature made Thu May 29 21:23:31 2025 UTC
2025-07-25T15:04:50.4771721Z gpg:                using RSA key 27034E7FDB850E0BBC2C62FF806BB28AED779869
2025-07-25T15:04:50.4774790Z gpg: Good signature from "Codecov Uploader (Codecov Uploader Verification Key) <security@codecov.io>" [unknown]
2025-07-25T15:04:50.4775799Z gpg: WARNING: This key is not certified with a trusted signature!
2025-07-25T15:04:50.4776501Z gpg:          There is no indication that the signature belongs to the owner.
2025-07-25T15:04:50.4777236Z Primary key fingerprint: 2703 4E7F DB85 0E0B BC2C  62FF 806B B28A ED77 9869
2025-07-25T15:04:50.5415387Z codecov: OK
2025-07-25T15:04:50.5424619Z [0;32m==>[0m CLI integrity verified
2025-07-25T15:04:50.5424864Z 
2025-07-25T15:04:50.5501721Z [0;32m ->[0m Token of length 36 detected
2025-07-25T15:04:50.6032704Z [0;32m==>[0m Running upload-coverage
2025-07-25T15:04:50.6042149Z       [0;36m./codecov  upload-coverage -t <redacted> --git-service github --sha 39d6cc0b7af54a5669b6b6e4de94b4b70d09a895 --gcov-executable gcov --name pypy-3.10[0m
2025-07-25T15:04:50.9486595Z info - 2025-07-25 15:04:50,948 -- ci service found: github-actions
2025-07-25T15:04:50.9890239Z warning - 2025-07-25 15:04:50,988 -- xcrun is not installed or can't be found.
2025-07-25T15:04:51.0589589Z warning - 2025-07-25 15:04:51,058 -- No gcov data found.
2025-07-25T15:04:51.0593402Z warning - 2025-07-25 15:04:51,059 -- coverage.py is not installed or can't be found.
2025-07-25T15:04:51.0755166Z info - 2025-07-25 15:04:51,075 -- Found 1 coverage files to report
2025-07-25T15:04:51.0756143Z info - 2025-07-25 15:04:51,075 -- > /home/runner/work/tinuous/tinuous/coverage.xml
2025-07-25T15:04:51.6366643Z info - 2025-07-25 15:04:51,636 -- Your upload is now processing. When finished, results will be available at: https://app.codecov.io/github/con/tinuous/commit/39d6cc0b7af54a5669b6b6e4de94b4b70d09a895
2025-07-25T15:04:51.8036266Z info - 2025-07-25 15:04:51,803 -- Process Upload complete
2025-07-25T15:04:51.9724146Z Post job cleanup.
2025-07-25T15:04:52.1307604Z Post job cleanup.
2025-07-25T15:04:52.2237220Z [command]/usr/bin/git version
2025-07-25T15:04:52.2272805Z git version 2.50.1
2025-07-25T15:04:52.2316472Z Copying '/home/runner/.gitconfig' to '/home/runner/work/_temp/05a3de06-41be-49f6-85d4-323d3fc7000f/.gitconfig'
2025-07-25T15:04:52.2326059Z Temporarily overriding HOME='/home/runner/work/_temp/05a3de06-41be-49f6-85d4-323d3fc7000f' before making global git config changes
2025-07-25T15:04:52.2327344Z Adding repository directory to the temporary git global config as a safe directory
2025-07-25T15:04:52.2331967Z [command]/usr/bin/git config --global --add safe.directory /home/runner/work/tinuous/tinuous
2025-07-25T15:04:52.2365209Z [command]/usr/bin/git config --local --name-only --get-regexp core\.sshCommand
2025-07-25T15:04:52.2397248Z [command]/usr/bin/git submodule foreach --recursive sh -c "git config --local --name-only --get-regexp 'core\.sshCommand' && git config --local --unset-all 'core.sshCommand' || :"
2025-07-25T15:04:52.2619143Z [command]/usr/bin/git config --local --name-only --get-regexp http\.https\:\/\/github\.com\/\.extraheader
2025-07-25T15:04:52.2639134Z http.https://github.com/.extraheader
2025-07-25T15:04:52.2652796Z [command]/usr/bin/git config --local --unset-all http.https://github.com/.extraheader
2025-07-25T15:04:52.2684919Z [command]/usr/bin/git submodule foreach --recursive sh -c "git config --local --name-only --get-regexp 'http\.https\:\/\/github\.com\/\.extraheader' && git config --local --unset-all 'http.https://github.com/.extraheader' || :"
2025-07-25T15:04:52.3036982Z Cleaning up orphan processes
