2025-07-25T15:03:57.9291304Z Current runner version: '2.326.0'
2025-07-25T15:03:57.9314894Z ##[group]Runner Image Provisioner
2025-07-25T15:03:57.9315702Z Hosted Compute Agent
2025-07-25T15:03:57.9316322Z Version: 20250711.363
2025-07-25T15:03:57.9316932Z Commit: 6785254374ce925a23743850c1cb91912ce5c14c
2025-07-25T15:03:57.9317568Z Build Date: 2025-07-11T20:04:25Z
2025-07-25T15:03:57.9318192Z ##[endgroup]
2025-07-25T15:03:57.9318768Z ##[group]Operating System
2025-07-25T15:03:57.9319565Z Ubuntu
2025-07-25T15:03:57.9320105Z 24.04.2
2025-07-25T15:03:57.9320532Z LTS
2025-07-25T15:03:57.9320980Z ##[endgroup]
2025-07-25T15:03:57.9321500Z ##[group]Runner Image
2025-07-25T15:03:57.9322049Z Image: ubuntu-24.04
2025-07-25T15:03:57.9322542Z Version: 20250720.1.0
2025-07-25T15:03:57.9323482Z Included Software: https://github.com/actions/runner-images/blob/ubuntu24/20250720.1/images/ubuntu/Ubuntu2404-Readme.md
2025-07-25T15:03:57.9325127Z Image Release: https://github.com/actions/runner-images/releases/tag/ubuntu24%2F20250720.1
2025-07-25T15:03:57.9326148Z ##[endgroup]
2025-07-25T15:03:57.9328599Z ##[group]GITHUB_TOKEN Permissions
2025-07-25T15:03:57.9331086Z Actions: write
2025-07-25T15:03:57.9331627Z Attestations: write
2025-07-25T15:03:57.9332142Z Checks: write
2025-07-25T15:03:57.9332583Z Contents: write
2025-07-25T15:03:57.9333153Z Deployments: write
2025-07-25T15:03:57.9333652Z Discussions: write
2025-07-25T15:03:57.9334124Z Issues: write
2025-07-25T15:03:57.9334709Z Metadata: read
2025-07-25T15:03:57.9335149Z Models: read
2025-07-25T15:03:57.9335609Z Packages: write
2025-07-25T15:03:57.9336158Z Pages: write
2025-07-25T15:03:57.9336610Z PullRequests: write
2025-07-25T15:03:57.9337150Z RepositoryProjects: write
2025-07-25T15:03:57.9337736Z SecurityEvents: write
2025-07-25T15:03:57.9338337Z Statuses: write
2025-07-25T15:03:57.9338820Z ##[endgroup]
2025-07-25T15:03:57.9341315Z Secret source: Actions
2025-07-25T15:03:57.9342075Z Prepare workflow directory
2025-07-25T15:03:57.9664200Z Prepare all required actions
2025-07-25T15:03:57.9701600Z Getting action download info
2025-07-25T15:03:58.4944554Z ##[group]Download immutable action package 'actions/checkout@v4'
2025-07-25T15:03:58.4945565Z Version: 4.2.2
2025-07-25T15:03:58.4946537Z Digest: sha256:ccb2698953eaebd21c7bf6268a94f9c26518a7e38e27e0b83c1fe1ad049819b1
2025-07-25T15:03:58.4947794Z Source commit SHA: 11bd71901bbe5b1630ceea73d27597364c9af683
2025-07-25T15:03:58.4948504Z ##[endgroup]
2025-07-25T15:03:58.5920760Z ##[group]Download immutable action package 'actions/setup-python@v5'
2025-07-25T15:03:58.5921683Z Version: 5.6.0
2025-07-25T15:03:58.5922468Z Digest: sha256:0b35a0c11c97499e4e0576589036d450b9f5f9da74b7774225b3614b57324404
2025-07-25T15:03:58.5923386Z Source commit SHA: a26af69be951a213d495a4c3e4e4022e16d87065
2025-07-25T15:03:58.5924138Z ##[endgroup]
2025-07-25T15:03:58.9893237Z Download action repository 'codecov/codecov-action@v5' (SHA:18283e04ce6e62d37312384ff67231eb8fd56d24)
2025-07-25T15:03:59.4899734Z Getting action download info
2025-07-25T15:03:59.7015551Z ##[group]Download immutable action package 'actions/github-script@v7'
2025-07-25T15:03:59.7016307Z Version: 7.0.1
2025-07-25T15:03:59.7016869Z Digest: sha256:bce02966afe3a75123f766b765abe432fac5464b74976015dc06b811ac9054c7
2025-07-25T15:03:59.7017574Z Source commit SHA: 60a0d83039c74a4aee543508d2ffcb1c3799cdea
2025-07-25T15:03:59.7018113Z ##[endgroup]
2025-07-25T15:03:59.9754167Z Complete job name: test (3.13, py)
2025-07-25T15:04:00.0433762Z ##[group]Run actions/checkout@v4
2025-07-25T15:04:00.0434492Z with:
2025-07-25T15:04:00.0434816Z   fetch-depth: 0
2025-07-25T15:04:00.0435159Z   repository: con/tinuous
2025-07-25T15:04:00.0435665Z   token: ***
2025-07-25T15:04:00.0435995Z   ssh-strict: true
2025-07-25T15:04:00.0436332Z   ssh-user: git
2025-07-25T15:04:00.0436699Z   persist-credentials: true
2025-07-25T15:04:00.0437075Z   clean: true
2025-07-25T15:04:00.0437433Z   sparse-checkout-cone-mode: true
2025-07-25T15:04:00.0437835Z   fetch-tags: false
2025-07-25T15:04:00.0438200Z   show-progress: true
2025-07-25T15:04:00.0438563Z   lfs: false
2025-07-25T15:04:00.0439326Z   submodules: false
2025-07-25T15:04:00.0439692Z   set-safe-directory: true
2025-07-25T15:04:00.0440339Z ##[endgroup]
2025-07-25T15:04:00.1497193Z Syncing repository: con/tinuous
2025-07-25T15:04:00.1498749Z ##[group]Getting Git version info
2025-07-25T15:04:00.1499569Z Working directory is '/home/runner/work/tinuous/tinuous'
2025-07-25T15:04:00.1500492Z [command]/usr/bin/git version
2025-07-25T15:04:00.1537708Z git version 2.50.1
2025-07-25T15:04:00.1563388Z ##[endgroup]
2025-07-25T15:04:00.1576550Z Temporarily overriding HOME='/home/runner/work/_temp/1fa8df20-089c-4009-b3d5-9400e9a654b0' before making global git config changes
2025-07-25T15:04:00.1577588Z Adding repository directory to the temporary git global config as a safe directory
2025-07-25T15:04:00.1581818Z [command]/usr/bin/git config --global --add safe.directory /home/runner/work/tinuous/tinuous
2025-07-25T15:04:00.1614924Z Deleting the contents of '/home/runner/work/tinuous/tinuous'
2025-07-25T15:04:00.1618474Z ##[group]Initializing the repository
2025-07-25T15:04:00.1622386Z [command]/usr/bin/git init /home/runner/work/tinuous/tinuous
2025-07-25T15:04:00.1681841Z hint: Using 'master' as the name for the initial branch. This default branch name
2025-07-25T15:04:00.1682749Z hint: is subject to change. To configure the initial branch name to use in all
2025-07-25T15:04:00.1683446Z hint: of your new repositories, which will suppress this warning, call:
2025-07-25T15:04:00.1683969Z hint:
2025-07-25T15:04:00.1684412Z hint: 	git config --global init.defaultBranch <name>
2025-07-25T15:04:00.1684886Z hint:
2025-07-25T15:04:00.1685338Z hint: Names commonly chosen instead of 'master' are 'main', 'trunk' and
2025-07-25T15:04:00.1686510Z hint: 'development'. The just-created branch can be renamed via this command:
2025-07-25T15:04:00.1687163Z hint:
2025-07-25T15:04:00.1687504Z hint: 	git branch -m <name>
2025-07-25T15:04:00.1687887Z hint:
2025-07-25T15:04:00.1688380Z hint: Disable this message with "git config set advice.defaultBranchName false"
2025-07-25T15:04:00.1689108Z Initialized empty Git repository in /home/runner/work/tinuous/tinuous/.git/
2025-07-25T15:04:00.1697001Z [command]/usr/bin/git remote add origin https://github.com/con/tinuous
2025-07-25T15:04:00.1726336Z ##[endgroup]
2025-07-25T15:04:00.1726969Z ##[group]Disabling automatic garbage collection
2025-07-25T15:04:00.1730721Z [command]/usr/bin/git config --local gc.auto 0
2025-07-25T15:04:00.1757366Z ##[endgroup]
2025-07-25T15:04:00.1757969Z ##[group]Setting up auth
2025-07-25T15:04:00.1764592Z [command]/usr/bin/git config --local --name-only --get-regexp core\.sshCommand
2025-07-25T15:04:00.1795419Z [command]/usr/bin/git submodule foreach --recursive sh -c "git config --local --name-only --get-regexp 'core\.sshCommand' && git config --local --unset-all 'core.sshCommand' || :"
2025-07-25T15:04:00.2070970Z [command]/usr/bin/git config --local --name-only --get-regexp http\.https\:\/\/github\.com\/\.extraheader
2025-07-25T15:04:00.2097564Z [command]/usr/bin/git submodule foreach --recursive sh -c "git config --local --name-only --get-regexp 'http\.https\:\/\/github\.com\/\.extraheader' && git config --local --unset-all 'http.https://github.com/.extraheader' || :"
2025-07-25T15:04:00.2311440Z [command]/usr/bin/git config --local http.https://github.com/.extraheader AUTHORIZATION: basic ***
2025-07-25T15:04:00.2345734Z ##[endgroup]
2025-07-25T15:04:00.2355030Z ##[group]Fetching the repository
2025-07-25T15:04:00.2357018Z [command]/usr/bin/git -c protocol.version=2 fetch --prune --no-recurse-submodules origin +refs/heads/*:refs/remotes/origin/* +refs/tags/*:refs/tags/* +081131b5da8bfd2105783bfdf83f7d80deefd9b7:refs/remotes/pull/212/merge
2025-07-25T15:04:00.8400917Z From https://github.com/con/tinuous
2025-07-25T15:04:00.8404255Z  * [new branch]      bf-ci                                    -> origin/bf-ci
2025-07-25T15:04:00.8405112Z  * [new branch]      bf-circleci                              -> origin/bf-circleci
2025-07-25T15:04:00.8405905Z  * [new branch]      gh-55                                    -> origin/gh-55
2025-07-25T15:04:00.8407083Z  * [new branch]      master                                   -> origin/master
2025-07-25T15:04:00.8407905Z  * [new branch]      no-extra-search                          -> origin/no-extra-search
2025-07-25T15:04:00.8410439Z  * [new branch]      pragmata                                 -> origin/pragmata
2025-07-25T15:04:00.8412179Z  * [new branch]      test-appveyor                            -> origin/test-appveyor
2025-07-25T15:04:00.8414597Z  * [new tag]         0.1.0                                    -> 0.1.0
2025-07-25T15:04:00.8415946Z  * [new tag]         0.2.0                                    -> 0.2.0
2025-07-25T15:04:00.8417024Z  * [new tag]         0.3.0                                    -> 0.3.0
2025-07-25T15:04:00.8418190Z  * [new tag]         0.4.0                                    -> 0.4.0
2025-07-25T15:04:00.8419878Z  * [new tag]         0.5.0                                    -> 0.5.0
2025-07-25T15:04:00.8421738Z  * [new tag]         0.5.1                                    -> 0.5.1
2025-07-25T15:04:00.8423934Z  * [new tag]         0.5.2                                    -> 0.5.2
2025-07-25T15:04:00.8424946Z  * [new tag]         0.5.3                                    -> 0.5.3
2025-07-25T15:04:00.8426271Z  * [new tag]         0.5.4                                    -> 0.5.4
2025-07-25T15:04:00.8427609Z  * [new tag]         0.6.0                                    -> 0.6.0
2025-07-25T15:04:00.8429012Z  * [new tag]         0.6.1                                    -> 0.6.1
2025-07-25T15:04:00.8438069Z  * [new tag]         0.7.0                                    -> 0.7.0
2025-07-25T15:04:00.8440773Z  * [new ref]         081131b5da8bfd2105783bfdf83f7d80deefd9b7 -> pull/212/merge
2025-07-25T15:04:00.8463960Z ##[endgroup]
2025-07-25T15:04:00.8464635Z ##[group]Determining the checkout info
2025-07-25T15:04:00.8465364Z ##[endgroup]
2025-07-25T15:04:00.8470776Z [command]/usr/bin/git sparse-checkout disable
2025-07-25T15:04:00.8506957Z [command]/usr/bin/git config --local --unset-all extensions.worktreeConfig
2025-07-25T15:04:00.8532676Z ##[group]Checking out the ref
2025-07-25T15:04:00.8537318Z [command]/usr/bin/git checkout --progress --force refs/remotes/pull/212/merge
2025-07-25T15:04:00.8584257Z Note: switching to 'refs/remotes/pull/212/merge'.
2025-07-25T15:04:00.8584923Z 
2025-07-25T15:04:00.8585559Z You are in 'detached HEAD' state. You can look around, make experimental
2025-07-25T15:04:00.8586519Z changes and commit them, and you can discard any commits you make in this
2025-07-25T15:04:00.8587408Z state without impacting any branches by switching back to a branch.
2025-07-25T15:04:00.8587935Z 
2025-07-25T15:04:00.8588300Z If you want to create a new branch to retain commits you create, you may
2025-07-25T15:04:00.8589075Z do so (now or later) by using -c with the switch command. Example:
2025-07-25T15:04:00.8589714Z 
2025-07-25T15:04:00.8589924Z   git switch -c <new-branch-name>
2025-07-25T15:04:00.8590234Z 
2025-07-25T15:04:00.8590441Z Or undo this operation with:
2025-07-25T15:04:00.8590728Z 
2025-07-25T15:04:00.8590862Z   git switch -
2025-07-25T15:04:00.8591010Z 
2025-07-25T15:04:00.8591239Z Turn off this advice by setting config variable advice.detachedHead to false
2025-07-25T15:04:00.8591531Z 
2025-07-25T15:04:00.8592124Z HEAD is now at 081131b Merge 39d6cc0b7af54a5669b6b6e4de94b4b70d09a895 into fe72f741cc1eb180020d3122eaff7b8c0fc3efab
2025-07-25T15:04:00.8593923Z ##[endgroup]
2025-07-25T15:04:00.8625829Z [command]/usr/bin/git log -1 --format=%H
2025-07-25T15:04:00.8646152Z 081131b5da8bfd2105783bfdf83f7d80deefd9b7
2025-07-25T15:04:00.8875850Z ##[group]Run actions/setup-python@v5
2025-07-25T15:04:00.8876181Z with:
2025-07-25T15:04:00.8876403Z   python-version: 3.13
2025-07-25T15:04:00.8876648Z   check-latest: false
2025-07-25T15:04:00.8877023Z   token: ***
2025-07-25T15:04:00.8877257Z   update-environment: true
2025-07-25T15:04:00.8877515Z   allow-prereleases: false
2025-07-25T15:04:00.8877767Z   freethreaded: false
2025-07-25T15:04:00.8878202Z ##[endgroup]
2025-07-25T15:04:01.0530693Z ##[group]Installed versions
2025-07-25T15:04:01.0655450Z Successfully set up CPython (3.13.5)
2025-07-25T15:04:01.0656352Z ##[endgroup]
2025-07-25T15:04:01.0782298Z ##[group]Run python -m pip install --upgrade pip wheel
2025-07-25T15:04:01.0782805Z [36;1mpython -m pip install --upgrade pip wheel[0m
2025-07-25T15:04:01.0783252Z [36;1mpython -m pip install --upgrade --upgrade-strategy=eager tox[0m
2025-07-25T15:04:01.0890462Z shell: /usr/bin/bash -e {0}
2025-07-25T15:04:01.0890772Z env:
2025-07-25T15:04:01.0891069Z   pythonLocation: /opt/hostedtoolcache/Python/3.13.5/x64
2025-07-25T15:04:01.0891527Z   PKG_CONFIG_PATH: /opt/hostedtoolcache/Python/3.13.5/x64/lib/pkgconfig
2025-07-25T15:04:01.0891977Z   Python_ROOT_DIR: /opt/hostedtoolcache/Python/3.13.5/x64
2025-07-25T15:04:01.0892375Z   Python2_ROOT_DIR: /opt/hostedtoolcache/Python/3.13.5/x64
2025-07-25T15:04:01.0892762Z   Python3_ROOT_DIR: /opt/hostedtoolcache/Python/3.13.5/x64
2025-07-25T15:04:01.0893208Z   LD_LIBRARY_PATH: /opt/hostedtoolcache/Python/3.13.5/x64/lib
2025-07-25T15:04:01.0893536Z ##[endgroup]
2025-07-25T15:04:03.1000003Z Requirement already satisfied: pip in /opt/hostedtoolcache/Python/3.13.5/x64/lib/python3.13/site-packages (25.1.1)
2025-07-25T15:04:03.2013747Z Collecting wheel
2025-07-25T15:04:03.2350772Z   Downloading wheel-0.45.1-py3-none-any.whl.metadata (2.3 kB)
2025-07-25T15:04:03.2458128Z Downloading wheel-0.45.1-py3-none-any.whl (72 kB)
2025-07-25T15:04:03.2658149Z Installing collected packages: wheel
2025-07-25T15:04:03.3164413Z Successfully installed wheel-0.45.1
2025-07-25T15:04:03.9233030Z Collecting tox
2025-07-25T15:04:03.9570155Z   Downloading tox-4.28.1-py3-none-any.whl.metadata (3.6 kB)
2025-07-25T15:04:03.9781246Z Collecting cachetools>=6.1 (from tox)
2025-07-25T15:04:03.9823615Z   Downloading cachetools-6.1.0-py3-none-any.whl.metadata (5.4 kB)
2025-07-25T15:04:03.9962208Z Collecting chardet>=5.2 (from tox)
2025-07-25T15:04:03.9991650Z   Downloading chardet-5.2.0-py3-none-any.whl.metadata (3.4 kB)
2025-07-25T15:04:04.0176526Z Collecting colorama>=0.4.6 (from tox)
2025-07-25T15:04:04.0211020Z   Downloading colorama-0.4.6-py2.py3-none-any.whl.metadata (17 kB)
2025-07-25T15:04:04.0436457Z Collecting filelock>=3.18 (from tox)
2025-07-25T15:04:04.0477512Z   Downloading filelock-3.18.0-py3-none-any.whl.metadata (2.9 kB)
2025-07-25T15:04:04.0682502Z Collecting packaging>=25 (from tox)
2025-07-25T15:04:04.0717818Z   Downloading packaging-25.0-py3-none-any.whl.metadata (3.3 kB)
2025-07-25T15:04:04.0901466Z Collecting platformdirs>=4.3.8 (from tox)
2025-07-25T15:04:04.0933010Z   Downloading platformdirs-4.3.8-py3-none-any.whl.metadata (12 kB)
2025-07-25T15:04:04.1101087Z Collecting pluggy>=1.6 (from tox)
2025-07-25T15:04:04.1129687Z   Downloading pluggy-1.6.0-py3-none-any.whl.metadata (4.8 kB)
2025-07-25T15:04:04.1370995Z Collecting pyproject-api>=1.9.1 (from tox)
2025-07-25T15:04:04.1400212Z   Downloading pyproject_api-1.9.1-py3-none-any.whl.metadata (2.7 kB)
2025-07-25T15:04:04.1859473Z Collecting virtualenv>=20.31.2 (from tox)
2025-07-25T15:04:04.1888825Z   Downloading virtualenv-20.32.0-py3-none-any.whl.metadata (4.5 kB)
2025-07-25T15:04:04.2124681Z Collecting distlib<1,>=0.3.7 (from virtualenv>=20.31.2->tox)
2025-07-25T15:04:04.2154353Z   Downloading distlib-0.4.0-py2.py3-none-any.whl.metadata (5.2 kB)
2025-07-25T15:04:04.2309992Z Downloading tox-4.28.1-py3-none-any.whl (173 kB)
2025-07-25T15:04:04.2415127Z Downloading cachetools-6.1.0-py3-none-any.whl (11 kB)
2025-07-25T15:04:04.2534241Z Downloading chardet-5.2.0-py3-none-any.whl (199 kB)
2025-07-25T15:04:04.2611224Z Downloading colorama-0.4.6-py2.py3-none-any.whl (25 kB)
2025-07-25T15:04:04.2676889Z Downloading filelock-3.18.0-py3-none-any.whl (16 kB)
2025-07-25T15:04:04.2741712Z Downloading packaging-25.0-py3-none-any.whl (66 kB)
2025-07-25T15:04:04.2809859Z Downloading platformdirs-4.3.8-py3-none-any.whl (18 kB)
2025-07-25T15:04:04.2872226Z Downloading pluggy-1.6.0-py3-none-any.whl (20 kB)
2025-07-25T15:04:04.2925107Z Downloading pyproject_api-1.9.1-py3-none-any.whl (13 kB)
2025-07-25T15:04:04.2978172Z Downloading virtualenv-20.32.0-py3-none-any.whl (6.1 MB)
2025-07-25T15:04:04.3462957Z    ━━━━━━━━━━━━━━━━━━━━━━━━━━━━━━━━━━━━━━━━ 6.1/6.1 MB 129.3 MB/s eta 0:00:00
2025-07-25T15:04:04.3495939Z Downloading distlib-0.4.0-py2.py3-none-any.whl (469 kB)
2025-07-25T15:04:04.3920149Z Installing collected packages: distlib, pluggy, platformdirs, packaging, filelock, colorama, chardet, cachetools, virtualenv, pyproject-api, tox
2025-07-25T15:04:05.0613577Z 
2025-07-25T15:04:05.0648902Z Successfully installed cachetools-6.1.0 chardet-5.2.0 colorama-0.4.6 distlib-0.4.0 filelock-3.18.0 packaging-25.0 platformdirs-4.3.8 pluggy-1.6.0 pyproject-api-1.9.1 tox-4.28.1 virtualenv-20.32.0
2025-07-25T15:04:05.1320635Z ##[group]Run tox -e py -- --cov-report=xml
2025-07-25T15:04:05.1320976Z [36;1mtox -e py -- --cov-report=xml[0m
2025-07-25T15:04:05.1348645Z shell: /usr/bin/bash -e {0}
2025-07-25T15:04:05.1348881Z env:
2025-07-25T15:04:05.1349135Z   pythonLocation: /opt/hostedtoolcache/Python/3.13.5/x64
2025-07-25T15:04:05.1349854Z   PKG_CONFIG_PATH: /opt/hostedtoolcache/Python/3.13.5/x64/lib/pkgconfig
2025-07-25T15:04:05.1350255Z   Python_ROOT_DIR: /opt/hostedtoolcache/Python/3.13.5/x64
2025-07-25T15:04:05.1350592Z   Python2_ROOT_DIR: /opt/hostedtoolcache/Python/3.13.5/x64
2025-07-25T15:04:05.1350952Z   Python3_ROOT_DIR: /opt/hostedtoolcache/Python/3.13.5/x64
2025-07-25T15:04:05.1351296Z   LD_LIBRARY_PATH: /opt/hostedtoolcache/Python/3.13.5/x64/lib
2025-07-25T15:04:05.1351577Z ##[endgroup]
2025-07-25T15:04:05.9634989Z py: install_deps> python -I -m pip install pytest pytest-cov pytest-mock
2025-07-25T15:04:08.6852405Z .pkg: install_requires> python -I -m pip install 'setuptools>=46.4.0' versioningit
2025-07-25T15:04:10.7286813Z .pkg: _optional_hooks> python /opt/hostedtoolcache/Python/3.13.5/x64/lib/python3.13/site-packages/pyproject_api/_backend.py True setuptools.build_meta
2025-07-25T15:04:10.9534546Z .pkg: get_requires_for_build_sdist> python /opt/hostedtoolcache/Python/3.13.5/x64/lib/python3.13/site-packages/pyproject_api/_backend.py True setuptools.build_meta
2025-07-25T15:04:11.1823998Z .pkg: get_requires_for_build_wheel> python /opt/hostedtoolcache/Python/3.13.5/x64/lib/python3.13/site-packages/pyproject_api/_backend.py True setuptools.build_meta
2025-07-25T15:04:11.4106382Z .pkg: freeze> python -m pip freeze --all
2025-07-25T15:04:11.6470597Z .pkg: packaging==25.0,pip==25.1.1,setuptools==80.9.0,versioningit==3.3.0
2025-07-25T15:04:11.6474989Z .pkg: prepare_metadata_for_build_wheel> python /opt/hostedtoolcache/Python/3.13.5/x64/lib/python3.13/site-packages/pyproject_api/_backend.py True setuptools.build_meta
2025-07-25T15:04:11.8967318Z .pkg: build_sdist> python /opt/hostedtoolcache/Python/3.13.5/x64/lib/python3.13/site-packages/pyproject_api/_backend.py True setuptools.build_meta
2025-07-25T15:04:12.1534832Z py: install_package_deps> python -I -m pip install 'PyYAML>=5.0' 'click-loglevel~=0.2' 'click>=7.0' 'ghtoken~=0.1' 'in_place~=1.0' 'pydantic~=2.0' 'python-dateutil~=2.7' 'python-dotenv<2.0,>=0.11' 'requests~=2.20'
2025-07-25T15:04:15.4616249Z py: install_package> python -I -m pip install --force-reinstall --no-deps /home/runner/work/tinuous/tinuous/.tox/.tmp/package/1/tinuous-0.7.0.post15+g081131b.tar.gz
2025-07-25T15:04:17.5432201Z py: freeze> python -m pip freeze --all
2025-07-25T15:04:17.7898323Z py: annotated-types==0.7.0,certifi==2025.7.14,charset-normalizer==3.4.2,click==8.2.1,click-loglevel==0.6.1,coverage==7.10.0,ghtoken==0.1.2,idna==3.10,in_place==1.0.1,iniconfig==2.1.0,packaging==25.0,pip==25.1.1,pluggy==1.6.0,pydantic==2.11.7,pydantic_core==2.33.2,Pygments==2.19.2,pytest==8.4.1,pytest-cov==6.2.1,pytest-mock==3.14.1,python-dateutil==2.9.0.post0,python-dotenv==1.1.1,PyYAML==6.0.2,requests==2.32.4,ruamel.yaml==0.18.14,ruamel.yaml.clib==0.2.12,six==1.17.0,tinuous @ file:///home/runner/work/tinuous/tinuous/.tox/.tmp/package/1/tinuous-0.7.0.post15%2Bg081131b.tar.gz#sha256=ee9111be1d43c7623ea2524885311b138db422e841ba2e05363720a2319832d6,typing-inspection==0.4.1,typing_extensions==4.14.1,urllib3==2.5.0
2025-07-25T15:04:17.7902238Z py: commands[0]> tinuous --help
2025-07-25T15:04:18.1329660Z Usage: tinuous [OPTIONS] COMMAND [ARGS]...
2025-07-25T15:04:18.1330052Z 
2025-07-25T15:04:18.1330349Z   Download build logs from GitHub Actions, Travis, Appveyor, and CircleCI
2025-07-25T15:04:18.1330792Z 
2025-07-25T15:04:18.1330903Z Options:
2025-07-25T15:04:18.1331268Z   -V, --version                   Show the version and exit.
2025-07-25T15:04:18.1331811Z   -c, --config FILE               Read configuration from the given file
2025-07-25T15:04:18.1332307Z                                   [default: tinuous.yaml]
2025-07-25T15:04:18.1333217Z   -E, --env FILE                  Load environment variables from given .env
2025-07-25T15:04:18.1333716Z                                   file
2025-07-25T15:04:18.1334155Z   -l, --log-level [NOTSET|DEBUG|INFO|WARNING|ERROR|CRITICAL]
2025-07-25T15:04:18.1334620Z                                   Set logging level  [default: INFO]
2025-07-25T15:04:18.1335083Z   --help                          Show this message and exit.
2025-07-25T15:04:18.1335370Z 
2025-07-25T15:04:18.1335478Z Commands:
2025-07-25T15:04:18.1335740Z   fetch         Download logs
2025-07-25T15:04:18.1336115Z   fetch-commit  Download logs for a specific commit
2025-07-25T15:04:18.1336544Z   sanitize      Sanitize secrets in logs
2025-07-25T15:04:18.1669456Z py: commands[1]> pytest --cov-report=xml test
2025-07-25T15:04:19.3585853Z ============================= test session starts ==============================
2025-07-25T15:04:19.3586611Z platform linux -- Python 3.13.5, pytest-8.4.1, pluggy-1.6.0
2025-07-25T15:04:19.3587148Z cachedir: .tox/py/.pytest_cache
2025-07-25T15:04:19.3587514Z rootdir: /home/runner/work/tinuous/tinuous
2025-07-25T15:04:19.3587797Z configfile: tox.ini
2025-07-25T15:04:19.3588009Z plugins: cov-6.2.1, mock-3.14.1
2025-07-25T15:04:19.3588247Z collected 64 items
2025-07-25T15:04:19.3588369Z 
2025-07-25T15:04:19.3743766Z test/test_base.py .........                                              [ 14%]
2025-07-25T15:04:19.3870074Z test/test_config.py ........                                             [ 26%]
2025-07-25T15:04:19.4097122Z test/test_state.py ........                                              [ 39%]
2025-07-25T15:04:19.6989956Z test/test_util.py .......................................                [100%]
2025-07-25T15:04:19.6990866Z 
2025-07-25T15:04:19.6991494Z ================================ tests coverage ================================
2025-07-25T15:04:19.6992043Z _______________ coverage: platform linux, python 3.13.5-final-0 ________________
2025-07-25T15:04:19.6992422Z 
2025-07-25T15:04:19.6992535Z Coverage XML written to file coverage.xml
2025-07-25T15:04:19.6992888Z ============================== 64 passed in 0.80s ==============================
2025-07-25T15:04:19.7708732Z   py: OK (13.98=setup[12.00]+cmd[0.38,1.60] seconds)
2025-07-25T15:04:19.7709104Z   congratulations :) (14.10 seconds)
2025-07-25T15:04:19.8180697Z ##[group]Run codecov/codecov-action@v5
2025-07-25T15:04:19.8180989Z with:
2025-07-25T15:04:19.8181170Z   fail_ci_if_error: false
2025-07-25T15:04:19.8181520Z   token: ***
2025-07-25T15:04:19.8181695Z   name: 3.13
2025-07-25T15:04:19.8181867Z   disable_file_fixes: false
2025-07-25T15:04:19.8182085Z   disable_search: false
2025-07-25T15:04:19.8182301Z   disable_safe_directory: false
2025-07-25T15:04:19.8182518Z   disable_telem: false
2025-07-25T15:04:19.8182711Z   dry_run: false
2025-07-25T15:04:19.8182895Z   git_service: github
2025-07-25T15:04:19.8183093Z   gcov_executable: gcov
2025-07-25T15:04:19.8183301Z   handle_no_reports_found: false
2025-07-25T15:04:19.8183525Z   recurse_submodules: false
2025-07-25T15:04:19.8183745Z   run_command: upload-coverage
2025-07-25T15:04:19.8183958Z   skip_validation: false
2025-07-25T15:04:19.8184171Z   use_legacy_upload_endpoint: false
2025-07-25T15:04:19.8184396Z   use_oidc: false
2025-07-25T15:04:19.8184570Z   use_pypi: false
2025-07-25T15:04:19.8184783Z   verbose: false
2025-07-25T15:04:19.8185152Z   version: latest
2025-07-25T15:04:19.8185331Z env:
2025-07-25T15:04:19.8185560Z   pythonLocation: /opt/hostedtoolcache/Python/3.13.5/x64
2025-07-25T15:04:19.8185957Z   PKG_CONFIG_PATH: /opt/hostedtoolcache/Python/3.13.5/x64/lib/pkgconfig
2025-07-25T15:04:19.8186338Z   Python_ROOT_DIR: /opt/hostedtoolcache/Python/3.13.5/x64
2025-07-25T15:04:19.8186668Z   Python2_ROOT_DIR: /opt/hostedtoolcache/Python/3.13.5/x64
2025-07-25T15:04:19.8187006Z   Python3_ROOT_DIR: /opt/hostedtoolcache/Python/3.13.5/x64
2025-07-25T15:04:19.8187347Z   LD_LIBRARY_PATH: /opt/hostedtoolcache/Python/3.13.5/x64/lib
2025-07-25T15:04:19.8187625Z ##[endgroup]
2025-07-25T15:04:19.8256814Z ##[group]Run CC_ACTION_VERSION=$(cat ${GITHUB_ACTION_PATH}/src/version)
2025-07-25T15:04:19.8257240Z [36;1mCC_ACTION_VERSION=$(cat ${GITHUB_ACTION_PATH}/src/version)[0m
2025-07-25T15:04:19.8257643Z [36;1mecho -e "\033[0;32m==>\033[0m Running Action version $CC_ACTION_VERSION"[0m
2025-07-25T15:04:19.8287024Z shell: /usr/bin/bash --noprofile --norc -e -o pipefail {0}
2025-07-25T15:04:19.8287340Z env:
2025-07-25T15:04:19.8287586Z   pythonLocation: /opt/hostedtoolcache/Python/3.13.5/x64
2025-07-25T15:04:19.8287968Z   PKG_CONFIG_PATH: /opt/hostedtoolcache/Python/3.13.5/x64/lib/pkgconfig
2025-07-25T15:04:19.8288359Z   Python_ROOT_DIR: /opt/hostedtoolcache/Python/3.13.5/x64
2025-07-25T15:04:19.8288699Z   Python2_ROOT_DIR: /opt/hostedtoolcache/Python/3.13.5/x64
2025-07-25T15:04:19.8289027Z   Python3_ROOT_DIR: /opt/hostedtoolcache/Python/3.13.5/x64
2025-07-25T15:04:19.8289483Z   LD_LIBRARY_PATH: /opt/hostedtoolcache/Python/3.13.5/x64/lib
2025-07-25T15:04:19.8289767Z ##[endgroup]
2025-07-25T15:04:19.8348759Z [0;32m==>[0m Running Action version 5.4.3
2025-07-25T15:04:19.8391016Z ##[group]Run git config --global --add safe.directory "/home/runner/work/tinuous/tinuous"
2025-07-25T15:04:19.8391549Z [36;1mgit config --global --add safe.directory "/home/runner/work/tinuous/tinuous"[0m
2025-07-25T15:04:19.8392018Z [36;1mgit config --global --add safe.directory "$GITHUB_WORKSPACE"[0m
2025-07-25T15:04:19.8417501Z shell: /usr/bin/bash --noprofile --norc -e -o pipefail {0}
2025-07-25T15:04:19.8417799Z env:
2025-07-25T15:04:19.8418037Z   pythonLocation: /opt/hostedtoolcache/Python/3.13.5/x64
2025-07-25T15:04:19.8418429Z   PKG_CONFIG_PATH: /opt/hostedtoolcache/Python/3.13.5/x64/lib/pkgconfig
2025-07-25T15:04:19.8418813Z   Python_ROOT_DIR: /opt/hostedtoolcache/Python/3.13.5/x64
2025-07-25T15:04:19.8419307Z   Python2_ROOT_DIR: /opt/hostedtoolcache/Python/3.13.5/x64
2025-07-25T15:04:19.8419667Z   Python3_ROOT_DIR: /opt/hostedtoolcache/Python/3.13.5/x64
2025-07-25T15:04:19.8420008Z   LD_LIBRARY_PATH: /opt/hostedtoolcache/Python/3.13.5/x64/lib
2025-07-25T15:04:19.8420292Z ##[endgroup]
2025-07-25T15:04:19.8514513Z ##[group]Run CC_FORK="false"
2025-07-25T15:04:19.8514758Z [36;1mCC_FORK="false"[0m
2025-07-25T15:04:19.8515424Z [36;1mif [ -n "$GITHUB_EVENT_PULL_REQUEST_HEAD_REPO_FULL_NAME" ] && [ "$GITHUB_EVENT_PULL_REQUEST_HEAD_REPO_FULL_NAME" != "$GITHUB_REPOSITORY" ];[0m
2025-07-25T15:04:19.8515941Z [36;1mthen[0m
2025-07-25T15:04:19.8516157Z [36;1m  echo -e "\033[0;32m==>\033[0m Fork detected"[0m
2025-07-25T15:04:19.8516434Z [36;1m  CC_FORK="true"[0m
2025-07-25T15:04:19.8516625Z [36;1mfi[0m
2025-07-25T15:04:19.8516825Z [36;1mecho "CC_FORK=$CC_FORK" >> "$GITHUB_ENV"[0m
2025-07-25T15:04:19.8542031Z shell: /usr/bin/bash --noprofile --norc -e -o pipefail {0}
2025-07-25T15:04:19.8542336Z env:
2025-07-25T15:04:19.8542567Z   pythonLocation: /opt/hostedtoolcache/Python/3.13.5/x64
2025-07-25T15:04:19.8542971Z   PKG_CONFIG_PATH: /opt/hostedtoolcache/Python/3.13.5/x64/lib/pkgconfig
2025-07-25T15:04:19.8543351Z   Python_ROOT_DIR: /opt/hostedtoolcache/Python/3.13.5/x64
2025-07-25T15:04:19.8543690Z   Python2_ROOT_DIR: /opt/hostedtoolcache/Python/3.13.5/x64
2025-07-25T15:04:19.8544024Z   Python3_ROOT_DIR: /opt/hostedtoolcache/Python/3.13.5/x64
2025-07-25T15:04:19.8544357Z   LD_LIBRARY_PATH: /opt/hostedtoolcache/Python/3.13.5/x64/lib
2025-07-25T15:04:19.8544840Z   GITHUB_EVENT_PULL_REQUEST_HEAD_LABEL: con:bf-ci
2025-07-25T15:04:19.8545165Z   GITHUB_EVENT_PULL_REQUEST_HEAD_REPO_FULL_NAME: con/tinuous
2025-07-25T15:04:19.8545461Z   GITHUB_REPOSITORY: con/tinuous
2025-07-25T15:04:19.8545673Z ##[endgroup]
2025-07-25T15:04:19.8629627Z ##[group]Run actions/github-script@v7
2025-07-25T15:04:19.8629867Z with:
2025-07-25T15:04:19.8630381Z   script: if (process.env.CC_USE_OIDC === 'true' && process.env.CC_FORK != 'true') {
  const id_token = await core.getIDToken(process.env.CC_OIDC_AUDIENCE)
  return id_token
}

2025-07-25T15:04:19.8631084Z   github-token: ***
2025-07-25T15:04:19.8631273Z   debug: false
2025-07-25T15:04:19.8631470Z   user-agent: actions/github-script
2025-07-25T15:04:19.8631718Z   result-encoding: json
2025-07-25T15:04:19.8631905Z   retries: 0
2025-07-25T15:04:19.8632113Z   retry-exempt-status-codes: 400,401,403,404,422
2025-07-25T15:04:19.8632365Z env:
2025-07-25T15:04:19.8632603Z   pythonLocation: /opt/hostedtoolcache/Python/3.13.5/x64
2025-07-25T15:04:19.8632995Z   PKG_CONFIG_PATH: /opt/hostedtoolcache/Python/3.13.5/x64/lib/pkgconfig
2025-07-25T15:04:19.8633368Z   Python_ROOT_DIR: /opt/hostedtoolcache/Python/3.13.5/x64
2025-07-25T15:04:19.8633705Z   Python2_ROOT_DIR: /opt/hostedtoolcache/Python/3.13.5/x64
2025-07-25T15:04:19.8634041Z   Python3_ROOT_DIR: /opt/hostedtoolcache/Python/3.13.5/x64
2025-07-25T15:04:19.8634372Z   LD_LIBRARY_PATH: /opt/hostedtoolcache/Python/3.13.5/x64/lib
2025-07-25T15:04:19.8634669Z   CC_FORK: false
2025-07-25T15:04:19.8634874Z   CC_OIDC_AUDIENCE: https://codecov.io
2025-07-25T15:04:19.8635118Z   CC_USE_OIDC: false
2025-07-25T15:04:19.8635303Z ##[endgroup]
2025-07-25T15:04:19.9571348Z ##[group]Run if [ "false" == 'true' ] && [ "$CC_FORK" != 'true' ];
2025-07-25T15:04:19.9571809Z [36;1mif [ "false" == 'true' ] && [ "$CC_FORK" != 'true' ];[0m
2025-07-25T15:04:19.9572096Z [36;1mthen[0m
2025-07-25T15:04:19.9572332Z [36;1m  echo "CC_TOKEN=$CC_OIDC_TOKEN" >> "$GITHUB_ENV"[0m
2025-07-25T15:04:19.9572623Z [36;1melif [ -n "" ];[0m
2025-07-25T15:04:19.9572837Z [36;1mthen[0m
2025-07-25T15:04:19.9573063Z [36;1m  echo -e "\033[0;32m==>\033[0m Token set from env"[0m
2025-07-25T15:04:19.9573353Z [36;1m    echo "CC_TOKEN=" >> "$GITHUB_ENV"[0m
2025-07-25T15:04:19.9573592Z [36;1melse[0m
2025-07-25T15:04:19.9573951Z [36;1m  if [ -n "***" ];[0m
2025-07-25T15:04:19.9574152Z [36;1m  then[0m
2025-07-25T15:04:19.9574379Z [36;1m    echo -e "\033[0;32m==>\033[0m Token set from input"[0m
2025-07-25T15:04:19.9574763Z [36;1m    CC_TOKEN=$(echo "***" | tr -d '\n')[0m
2025-07-25T15:04:19.9575044Z [36;1m    echo "CC_TOKEN=$CC_TOKEN" >> "$GITHUB_ENV"[0m
2025-07-25T15:04:19.9575293Z [36;1m  fi[0m
2025-07-25T15:04:19.9575452Z [36;1mfi[0m
2025-07-25T15:04:19.9602837Z shell: /usr/bin/bash --noprofile --norc -e -o pipefail {0}
2025-07-25T15:04:19.9603129Z env:
2025-07-25T15:04:19.9603366Z   pythonLocation: /opt/hostedtoolcache/Python/3.13.5/x64
2025-07-25T15:04:19.9603919Z   PKG_CONFIG_PATH: /opt/hostedtoolcache/Python/3.13.5/x64/lib/pkgconfig
2025-07-25T15:04:19.9604310Z   Python_ROOT_DIR: /opt/hostedtoolcache/Python/3.13.5/x64
2025-07-25T15:04:19.9604644Z   Python2_ROOT_DIR: /opt/hostedtoolcache/Python/3.13.5/x64
2025-07-25T15:04:19.9604966Z   Python3_ROOT_DIR: /opt/hostedtoolcache/Python/3.13.5/x64
2025-07-25T15:04:19.9605301Z   LD_LIBRARY_PATH: /opt/hostedtoolcache/Python/3.13.5/x64/lib
2025-07-25T15:04:19.9605583Z   CC_FORK: false
2025-07-25T15:04:19.9605838Z   CC_OIDC_TOKEN: 
2025-07-25T15:04:19.9606063Z   CC_OIDC_AUDIENCE: https://codecov.io
2025-07-25T15:04:19.9606308Z ##[endgroup]
2025-07-25T15:04:19.9652961Z [0;32m==>[0m Token set from input
2025-07-25T15:04:19.9690252Z ##[group]Run if [ -z "$CC_BRANCH" ] && [ -z "$CC_TOKEN" ] && [ "$CC_FORK" == 'true' ]
2025-07-25T15:04:19.9690695Z [36;1mif [ -z "$CC_BRANCH" ] && [ -z "$CC_TOKEN" ] && [ "$CC_FORK" == 'true' ][0m
2025-07-25T15:04:19.9691002Z [36;1mthen[0m
2025-07-25T15:04:19.9691359Z [36;1m  echo -e "\033[0;32m==>\033[0m Fork detected, setting branch to $GITHUB_EVENT_PULL_REQUEST_HEAD_LABEL"[0m
2025-07-25T15:04:19.9691973Z [36;1m  TOKENLESS="$GITHUB_EVENT_PULL_REQUEST_HEAD_LABEL"[0m
2025-07-25T15:04:19.9692313Z [36;1m  CC_BRANCH="$GITHUB_EVENT_PULL_REQUEST_HEAD_LABEL"[0m
2025-07-25T15:04:19.9692624Z [36;1m  echo "TOKENLESS=$TOKENLESS" >> "$GITHUB_ENV"[0m
2025-07-25T15:04:19.9692884Z [36;1mfi[0m
2025-07-25T15:04:19.9693044Z [36;1m[0m
2025-07-25T15:04:19.9693251Z [36;1mecho "CC_BRANCH=$CC_BRANCH" >> "$GITHUB_ENV"[0m
2025-07-25T15:04:19.9718043Z shell: /usr/bin/bash --noprofile --norc -e -o pipefail {0}
2025-07-25T15:04:19.9718363Z env:
2025-07-25T15:04:19.9718621Z   pythonLocation: /opt/hostedtoolcache/Python/3.13.5/x64
2025-07-25T15:04:19.9719012Z   PKG_CONFIG_PATH: /opt/hostedtoolcache/Python/3.13.5/x64/lib/pkgconfig
2025-07-25T15:04:19.9719624Z   Python_ROOT_DIR: /opt/hostedtoolcache/Python/3.13.5/x64
2025-07-25T15:04:19.9719955Z   Python2_ROOT_DIR: /opt/hostedtoolcache/Python/3.13.5/x64
2025-07-25T15:04:19.9720294Z   Python3_ROOT_DIR: /opt/hostedtoolcache/Python/3.13.5/x64
2025-07-25T15:04:19.9720635Z   LD_LIBRARY_PATH: /opt/hostedtoolcache/Python/3.13.5/x64/lib
2025-07-25T15:04:19.9720912Z   CC_FORK: false
2025-07-25T15:04:19.9721182Z   CC_TOKEN: ***
2025-07-25T15:04:19.9721355Z   CC_BRANCH: 
2025-07-25T15:04:19.9721558Z   GITHUB_EVENT_PULL_REQUEST_HEAD_LABEL: con:bf-ci
2025-07-25T15:04:19.9721887Z   GITHUB_EVENT_PULL_REQUEST_HEAD_REPO_FULL_NAME: con/tinuous
2025-07-25T15:04:19.9722182Z   GITHUB_REPOSITORY: con/tinuous
2025-07-25T15:04:19.9722403Z ##[endgroup]
2025-07-25T15:04:19.9786947Z ##[group]Run if [ -z "$CC_SHA" ];
2025-07-25T15:04:19.9787217Z [36;1mif [ -z "$CC_SHA" ];[0m
2025-07-25T15:04:19.9787432Z [36;1mthen[0m
2025-07-25T15:04:19.9787654Z [36;1m  CC_SHA="$GITHUB_EVENT_PULL_REQUEST_HEAD_SHA"[0m
2025-07-25T15:04:19.9787921Z [36;1mfi[0m
2025-07-25T15:04:19.9788176Z [36;1mif [ -z "$CC_PR" ] && [ "${GITHUB_EVENT_NAME}" == "pull_request_target" ];[0m
2025-07-25T15:04:19.9788480Z [36;1mthen[0m
2025-07-25T15:04:19.9788682Z [36;1m  CC_PR="$GITHUB_EVENT_NUMBER"[0m
2025-07-25T15:04:19.9788917Z [36;1mfi[0m
2025-07-25T15:04:19.9789079Z [36;1m[0m
2025-07-25T15:04:19.9789507Z [36;1mecho "CC_SHA=$CC_SHA" >> "$GITHUB_ENV"[0m
2025-07-25T15:04:19.9789782Z [36;1mecho "CC_PR=$CC_PR" >> "$GITHUB_ENV"[0m
2025-07-25T15:04:19.9814498Z shell: /usr/bin/bash --noprofile --norc -e -o pipefail {0}
2025-07-25T15:04:19.9814804Z env:
2025-07-25T15:04:19.9815055Z   pythonLocation: /opt/hostedtoolcache/Python/3.13.5/x64
2025-07-25T15:04:19.9815450Z   PKG_CONFIG_PATH: /opt/hostedtoolcache/Python/3.13.5/x64/lib/pkgconfig
2025-07-25T15:04:19.9815831Z   Python_ROOT_DIR: /opt/hostedtoolcache/Python/3.13.5/x64
2025-07-25T15:04:19.9816160Z   Python2_ROOT_DIR: /opt/hostedtoolcache/Python/3.13.5/x64
2025-07-25T15:04:19.9816491Z   Python3_ROOT_DIR: /opt/hostedtoolcache/Python/3.13.5/x64
2025-07-25T15:04:19.9816828Z   LD_LIBRARY_PATH: /opt/hostedtoolcache/Python/3.13.5/x64/lib
2025-07-25T15:04:19.9817102Z   CC_FORK: false
2025-07-25T15:04:19.9817524Z   CC_TOKEN: ***
2025-07-25T15:04:19.9817714Z   CC_BRANCH: 
2025-07-25T15:04:19.9817873Z   CC_PR: 
2025-07-25T15:04:19.9818026Z   CC_SHA: 
2025-07-25T15:04:19.9818193Z   GITHUB_EVENT_NAME: pull_request
2025-07-25T15:04:19.9818422Z   GITHUB_EVENT_NUMBER: 212
2025-07-25T15:04:19.9818739Z   GITHUB_EVENT_PULL_REQUEST_HEAD_SHA: 39d6cc0b7af54a5669b6b6e4de94b4b70d09a895
2025-07-25T15:04:19.9819074Z ##[endgroup]
2025-07-25T15:04:19.9889544Z ##[group]Run ${GITHUB_ACTION_PATH}/dist/codecov.sh
2025-07-25T15:04:19.9889946Z [36;1m${GITHUB_ACTION_PATH}/dist/codecov.sh[0m
2025-07-25T15:04:19.9914644Z shell: /usr/bin/bash --noprofile --norc -e -o pipefail {0}
2025-07-25T15:04:19.9914954Z env:
2025-07-25T15:04:19.9915184Z   pythonLocation: /opt/hostedtoolcache/Python/3.13.5/x64
2025-07-25T15:04:19.9915569Z   PKG_CONFIG_PATH: /opt/hostedtoolcache/Python/3.13.5/x64/lib/pkgconfig
2025-07-25T15:04:19.9915945Z   Python_ROOT_DIR: /opt/hostedtoolcache/Python/3.13.5/x64
2025-07-25T15:04:19.9916282Z   Python2_ROOT_DIR: /opt/hostedtoolcache/Python/3.13.5/x64
2025-07-25T15:04:19.9916790Z   Python3_ROOT_DIR: /opt/hostedtoolcache/Python/3.13.5/x64
2025-07-25T15:04:19.9917127Z   LD_LIBRARY_PATH: /opt/hostedtoolcache/Python/3.13.5/x64/lib
2025-07-25T15:04:19.9917406Z   CC_FORK: false
2025-07-25T15:04:19.9917710Z   CC_TOKEN: ***
2025-07-25T15:04:19.9917888Z   CC_BRANCH: 
2025-07-25T15:04:19.9918089Z   CC_SHA: 39d6cc0b7af54a5669b6b6e4de94b4b70d09a895
2025-07-25T15:04:19.9918351Z   CC_PR: 
2025-07-25T15:04:19.9918505Z   CC_BASE_SHA: 
2025-07-25T15:04:19.9918673Z   CC_BINARY: 
2025-07-25T15:04:19.9918834Z   CC_BUILD: 
2025-07-25T15:04:19.9918990Z   CC_BUILD_URL: 
2025-07-25T15:04:19.9919334Z   CC_CODE: 
2025-07-25T15:04:19.9919501Z   CC_DIR: 
2025-07-25T15:04:19.9919682Z   CC_DISABLE_FILE_FIXES: false
2025-07-25T15:04:19.9919899Z   CC_DISABLE_SEARCH: false
2025-07-25T15:04:19.9920099Z   CC_DISABLE_TELEM: false
2025-07-25T15:04:19.9920295Z   CC_DRY_RUN: false
2025-07-25T15:04:19.9920472Z   CC_ENTERPRISE_URL: 
2025-07-25T15:04:19.9920651Z   CC_ENV: 
2025-07-25T15:04:19.9920818Z   CC_EXCLUDES: 
2025-07-25T15:04:19.9920989Z   CC_FAIL_ON_ERROR: false
2025-07-25T15:04:19.9921172Z   CC_FILES: 
2025-07-25T15:04:19.9921322Z   CC_FLAGS: 
2025-07-25T15:04:19.9921477Z   CC_FORCE: 
2025-07-25T15:04:19.9921630Z   CC_GCOV_ARGS: 
2025-07-25T15:04:19.9921802Z   CC_GCOV_EXECUTABLE: gcov
2025-07-25T15:04:19.9921992Z   CC_GCOV_IGNORE: 
2025-07-25T15:04:19.9922160Z   CC_GCOV_INCLUDE: 
2025-07-25T15:04:19.9922337Z   CC_GIT_SERVICE: github
2025-07-25T15:04:19.9922544Z   CC_HANDLE_NO_REPORTS_FOUND: false
2025-07-25T15:04:19.9922760Z   CC_JOB_CODE: 
2025-07-25T15:04:19.9922925Z   CC_LEGACY: false
2025-07-25T15:04:19.9923089Z   CC_NAME: 3.13
2025-07-25T15:04:19.9923256Z   CC_NETWORK_FILTER: 
2025-07-25T15:04:19.9923441Z   CC_NETWORK_PREFIX: 
2025-07-25T15:04:19.9923618Z   CC_NETWORK_ROOT_FOLDER: 
2025-07-25T15:04:19.9923806Z   CC_OS: 
2025-07-25T15:04:19.9923957Z   CC_PARENT_SHA: 
2025-07-25T15:04:19.9924128Z   CC_PLUGINS: 
2025-07-25T15:04:19.9924307Z   CC_RECURSE_SUBMODULES: false
2025-07-25T15:04:19.9924518Z   CC_REPORT_TYPE: 
2025-07-25T15:04:19.9924704Z   CC_RUN_CMD: upload-coverage
2025-07-25T15:04:19.9924912Z   CC_SERVICE: github
2025-07-25T15:04:19.9925097Z   CC_SKIP_VALIDATION: false
2025-07-25T15:04:19.9925295Z   CC_SLUG: 
2025-07-25T15:04:19.9925451Z   CC_SWIFT_PROJECT: 
2025-07-25T15:04:19.9925632Z   CC_USE_PYPI: false
2025-07-25T15:04:19.9925814Z   CC_VERBOSE: false
2025-07-25T15:04:19.9925984Z   CC_VERSION: latest
2025-07-25T15:04:19.9926162Z   CC_YML_PATH: 
2025-07-25T15:04:19.9926326Z ##[endgroup]
2025-07-25T15:04:19.9993710Z      _____          _
2025-07-25T15:04:19.9994044Z     / ____|        | |
2025-07-25T15:04:19.9994369Z    | |     ___   __| | ___  ___ _____   __
2025-07-25T15:04:19.9994766Z    | |    / _ \ / _` |/ _ \/ __/ _ \ \ / /
2025-07-25T15:04:19.9995142Z    | |___| (_) | (_| |  __/ (_| (_) \ V /
2025-07-25T15:04:19.9995527Z     \_____\___/ \__,_|\___|\___\___/ \_/
2025-07-25T15:04:19.9996181Z                            [0;31m Wrapper-0.2.1[0m
2025-07-25T15:04:19.9996836Z                                   
2025-07-25T15:04:20.0047835Z [0;32m==>[0m Detected [0;36mlinux[0m
2025-07-25T15:04:20.0048433Z [0;32m ->[0m Downloading [0;36mhttps://cli.codecov.io/latest/linux/codecov[0m
2025-07-25T15:04:20.0099852Z   % Total    % Received % Xferd  Average Speed   Time    Time     Time  Current
2025-07-25T15:04:20.0100582Z                                  Dload  Upload   Total   Spent    Left  Speed
2025-07-25T15:04:20.0100930Z 
2025-07-25T15:04:20.1791691Z   0     0    0     0    0     0      0      0 --:--:-- --:--:-- --:--:--     0
2025-07-25T15:04:20.1792168Z 100 10.6M  100 10.6M    0     0  63.0M      0 --:--:-- --:--:-- --:--:-- 63.1M
2025-07-25T15:04:20.1815027Z [0;32m==>[0m Finishing downloading [0;36mlinux:latest[0m
2025-07-25T15:04:20.2362217Z       Version: [0;36mv11.0.3[0m
2025-07-25T15:04:20.2362644Z  
2025-07-25T15:04:20.4938815Z gpg: directory '/home/runner/.gnupg' created
2025-07-25T15:04:20.4941962Z gpg: keybox '/home/runner/.gnupg/pubring.kbx' created
2025-07-25T15:04:20.4967912Z gpg: /home/runner/.gnupg/trustdb.gpg: trustdb created
2025-07-25T15:04:20.4968971Z gpg: key 806BB28AED779869: public key "Codecov Uploader (Codecov Uploader Verification Key) <security@codecov.io>" imported
2025-07-25T15:04:20.5087920Z gpg: Total number processed: 1
2025-07-25T15:04:20.5088276Z gpg:               imported: 1
2025-07-25T15:04:20.5093604Z [0;32m==>[0m Verifying GPG signature integrity
2025-07-25T15:04:20.5094180Z [0;32m ->[0m Downloading [0;36mhttps://cli.codecov.io/latest/linux/codecov.SHA256SUM[0m
2025-07-25T15:04:20.5094822Z [0;32m ->[0m Downloading [0;36mhttps://cli.codecov.io/latest/linux/codecov.SHA256SUM.sig[0m
2025-07-25T15:04:20.5095467Z  
2025-07-25T15:04:20.5993343Z gpg: Signature made Thu May 29 21:23:31 2025 UTC
2025-07-25T15:04:20.5993950Z gpg:                using RSA key 27034E7FDB850E0BBC2C62FF806BB28AED779869
2025-07-25T15:04:20.5995661Z gpg: Good signature from "Codecov Uploader (Codecov Uploader Verification Key) <security@codecov.io>" [unknown]
2025-07-25T15:04:20.5996634Z gpg: WARNING: This key is not certified with a trusted signature!
2025-07-25T15:04:20.5997313Z gpg:          There is no indication that the signature belongs to the owner.
2025-07-25T15:04:20.5998042Z Primary key fingerprint: 2703 4E7F DB85 0E0B BC2C  62FF 806B B28A ED77 9869
2025-07-25T15:04:20.6729989Z codecov: OK
2025-07-25T15:04:20.6739774Z [0;32m==>[0m CLI integrity verified
2025-07-25T15:04:20.6740078Z 
2025-07-25T15:04:20.6816313Z [0;32m ->[0m Token of length 36 detected
2025-07-25T15:04:20.7363259Z [0;32m==>[0m Running upload-coverage
2025-07-25T15:04:20.7372518Z       [0;36m./codecov  upload-coverage -t <redacted> --git-service github --sha 39d6cc0b7af54a5669b6b6e4de94b4b70d09a895 --gcov-executable gcov --name 3.13[0m
2025-07-25T15:04:21.0818475Z info - 2025-07-25 15:04:21,081 -- ci service found: github-actions
2025-07-25T15:04:21.1232343Z warning - 2025-07-25 15:04:21,123 -- xcrun is not installed or can't be found.
2025-07-25T15:04:21.1887481Z warning - 2025-07-25 15:04:21,188 -- No gcov data found.
2025-07-25T15:04:21.1891742Z warning - 2025-07-25 15:04:21,189 -- coverage.py is not installed or can't be found.
2025-07-25T15:04:21.2060033Z info - 2025-07-25 15:04:21,205 -- Found 1 coverage files to report
2025-07-25T15:04:21.2061009Z info - 2025-07-25 15:04:21,205 -- > /home/runner/work/tinuous/tinuous/coverage.xml
2025-07-25T15:04:21.8116705Z info - 2025-07-25 15:04:21,811 -- Your upload is now processing. When finished, results will be available at: https://app.codecov.io/github/con/tinuous/commit/39d6cc0b7af54a5669b6b6e4de94b4b70d09a895
2025-07-25T15:04:21.9851005Z info - 2025-07-25 15:04:21,984 -- Process Upload complete
2025-07-25T15:04:22.1842416Z Post job cleanup.
2025-07-25T15:04:22.3440282Z Post job cleanup.
2025-07-25T15:04:22.4368031Z [command]/usr/bin/git version
2025-07-25T15:04:22.4405941Z git version 2.50.1
2025-07-25T15:04:22.4448225Z Copying '/home/runner/.gitconfig' to '/home/runner/work/_temp/809bde83-bef4-43c1-96a9-4197ae3c8384/.gitconfig'
2025-07-25T15:04:22.4458109Z Temporarily overriding HOME='/home/runner/work/_temp/809bde83-bef4-43c1-96a9-4197ae3c8384' before making global git config changes
2025-07-25T15:04:22.4459108Z Adding repository directory to the temporary git global config as a safe directory
2025-07-25T15:04:22.4463762Z [command]/usr/bin/git config --global --add safe.directory /home/runner/work/tinuous/tinuous
2025-07-25T15:04:22.4497133Z [command]/usr/bin/git config --local --name-only --get-regexp core\.sshCommand
2025-07-25T15:04:22.4528727Z [command]/usr/bin/git submodule foreach --recursive sh -c "git config --local --name-only --get-regexp 'core\.sshCommand' && git config --local --unset-all 'core.sshCommand' || :"
2025-07-25T15:04:22.4756300Z [command]/usr/bin/git config --local --name-only --get-regexp http\.https\:\/\/github\.com\/\.extraheader
2025-07-25T15:04:22.4777997Z http.https://github.com/.extraheader
2025-07-25T15:04:22.4791678Z [command]/usr/bin/git config --local --unset-all http.https://github.com/.extraheader
2025-07-25T15:04:22.4827303Z [command]/usr/bin/git submodule foreach --recursive sh -c "git config --local --name-only --get-regexp 'http\.https\:\/\/github\.com\/\.extraheader' && git config --local --unset-all 'http.https://github.com/.extraheader' || :"
2025-07-25T15:04:22.5182261Z Cleaning up orphan processes
