2024-11-18T16:23:20.8466749Z ##[group]Run codecov/codecov-action@v5
2024-11-18T16:23:20.8467321Z with:
2024-11-18T16:23:20.8467877Z   fail_ci_if_error: false
2024-11-18T16:23:20.8468453Z   token: ***
2024-11-18T16:23:20.8468788Z   name: pypy-3.10
2024-11-18T16:23:20.8469233Z   disable_file_fixes: false
2024-11-18T16:23:20.8469612Z   disable_search: false
2024-11-18T16:23:20.8469940Z   disable_safe_directory: false
2024-11-18T16:23:20.8470437Z   dry_run: false
2024-11-18T16:23:20.8470769Z   git_service: github
2024-11-18T16:23:20.8471096Z   gcov_executable: gcov
2024-11-18T16:23:20.8471641Z   handle_no_reports_found: false
2024-11-18T16:23:20.8472099Z   skip_validation: false
2024-11-18T16:23:20.8472557Z   use_legacy_upload_endpoint: false
2024-11-18T16:23:20.8473005Z   use_oidc: false
2024-11-18T16:23:20.8473329Z   verbose: false
2024-11-18T16:23:20.8473665Z   version: latest
2024-11-18T16:23:20.8474022Z env:
2024-11-18T16:23:20.8474418Z   pythonLocation: /opt/hostedtoolcache/PyPy/3.10.14/x64
2024-11-18T16:23:20.8474999Z   Python_ROOT_DIR: /opt/hostedtoolcache/PyPy/3.10.14/x64
2024-11-18T16:23:20.8475715Z   Python2_ROOT_DIR: /opt/hostedtoolcache/PyPy/3.10.14/x64
2024-11-18T16:23:20.8476276Z   Python3_ROOT_DIR: /opt/hostedtoolcache/PyPy/3.10.14/x64
2024-11-18T16:23:20.8476946Z   PKG_CONFIG_PATH: /opt/hostedtoolcache/PyPy/3.10.14/x64/bin/lib/pkgconfig
2024-11-18T16:23:20.8477510Z ##[endgroup]
2024-11-18T16:23:20.8812226Z ##[group]Run git config --global --add safe.directory /home/runner/work/tinuous/tinuous
2024-11-18T16:23:20.8813216Z [36;1mgit config --global --add safe.directory /home/runner/work/tinuous/tinuous[0m
2024-11-18T16:23:20.8874581Z shell: /usr/bin/bash --noprofile --norc -e -o pipefail {0}
2024-11-18T16:23:20.8875168Z env:
2024-11-18T16:23:20.8875652Z   pythonLocation: /opt/hostedtoolcache/PyPy/3.10.14/x64
2024-11-18T16:23:20.8876253Z   Python_ROOT_DIR: /opt/hostedtoolcache/PyPy/3.10.14/x64
2024-11-18T16:23:20.8876826Z   Python2_ROOT_DIR: /opt/hostedtoolcache/PyPy/3.10.14/x64
2024-11-18T16:23:20.8877380Z   Python3_ROOT_DIR: /opt/hostedtoolcache/PyPy/3.10.14/x64
2024-11-18T16:23:20.8878082Z   PKG_CONFIG_PATH: /opt/hostedtoolcache/PyPy/3.10.14/x64/bin/lib/pkgconfig
2024-11-18T16:23:20.8878622Z ##[endgroup]
2024-11-18T16:23:20.9026680Z ##[group]Run if [ false == 'true' ];
2024-11-18T16:23:20.9027176Z [36;1mif [ false == 'true' ];[0m
2024-11-18T16:23:20.9027615Z [36;1mthen[0m
2024-11-18T16:23:20.9028004Z [36;1m  # {"count":1984,"value":"***"}[0m
2024-11-18T16:23:20.9028971Z [36;1m  CC_TOKEN=$(curl -H "Authorization: bearer $ACTIONS_ID_TOKEN_REQUEST_TOKEN" "$ACTIONS_ID_TOKEN_REQUEST_URL&audience=api://AzureADTokenExchange" | cut -d\' -f6)[0m
2024-11-18T16:23:20.9030106Z [36;1m  echo "CC_TOKEN=$CC_TOKEN" >> "$GITHUB_ENV"[0m
2024-11-18T16:23:20.9030543Z [36;1melse[0m
2024-11-18T16:23:20.9031111Z [36;1m  if [ -n *** ];[0m
2024-11-18T16:23:20.9031562Z [36;1m  then[0m
2024-11-18T16:23:20.9032004Z [36;1m    CC_TOKEN=***[0m
2024-11-18T16:23:20.9032426Z [36;1m    echo "CC_TOKEN=$CC_TOKEN" >> "$GITHUB_ENV"[0m
2024-11-18T16:23:20.9032923Z [36;1m  fi[0m
2024-11-18T16:23:20.9033249Z [36;1mfi[0m
2024-11-18T16:23:20.9091517Z shell: /usr/bin/bash --noprofile --norc -e -o pipefail {0}
2024-11-18T16:23:20.9092006Z env:
2024-11-18T16:23:20.9092598Z   pythonLocation: /opt/hostedtoolcache/PyPy/3.10.14/x64
2024-11-18T16:23:20.9093170Z   Python_ROOT_DIR: /opt/hostedtoolcache/PyPy/3.10.14/x64
2024-11-18T16:23:20.9093707Z   Python2_ROOT_DIR: /opt/hostedtoolcache/PyPy/3.10.14/x64
2024-11-18T16:23:20.9094350Z   Python3_ROOT_DIR: /opt/hostedtoolcache/PyPy/3.10.14/x64
2024-11-18T16:23:20.9094965Z   PKG_CONFIG_PATH: /opt/hostedtoolcache/PyPy/3.10.14/x64/bin/lib/pkgconfig
2024-11-18T16:23:20.9095504Z ##[endgroup]
2024-11-18T16:23:20.9222230Z ##[group]Run if [ -z "$CC_BRANCH" ] && [ -z "$CC_TOKEN" ] && [ "${GITHUB_EVENT_PULL_REQUEST_REPO_FULL_NAME}" != "$GITHUB_REPOSITORY" ];
2024-11-18T16:23:20.9223357Z [36;1mif [ -z "$CC_BRANCH" ] && [ -z "$CC_TOKEN" ] && [ "${GITHUB_EVENT_PULL_REQUEST_REPO_FULL_NAME}" != "$GITHUB_REPOSITORY" ];[0m
2024-11-18T16:23:20.9224456Z [36;1mthen[0m
2024-11-18T16:23:20.9225064Z [36;1m  echo -e "\033[0;32m==>\033[0m Fork detected, tokenless uploading used"[0m
2024-11-18T16:23:20.9225837Z [36;1m  TOKENLESS="$GITHUB_EVENT_PULL_REQUEST_HEAD_LABEL"[0m
2024-11-18T16:23:20.9226809Z [36;1m  CC_BRANCH="$GITHUB_EVENT_PULL_REQUEST_HEAD_LABEL"[0m
2024-11-18T16:23:20.9227486Z [36;1m  echo "TOKENLESS=$TOKENLESS" >> "$GITHUB_ENV"[0m
2024-11-18T16:23:20.9227998Z [36;1mfi[0m
2024-11-18T16:23:20.9228307Z [36;1m[0m
2024-11-18T16:23:20.9228747Z [36;1mecho "CC_BRANCH=$CC_BRANCH" >> "$GITHUB_ENV"[0m
2024-11-18T16:23:20.9289465Z shell: /usr/bin/bash --noprofile --norc -e -o pipefail {0}
2024-11-18T16:23:20.9290138Z env:
2024-11-18T16:23:20.9290566Z   pythonLocation: /opt/hostedtoolcache/PyPy/3.10.14/x64
2024-11-18T16:23:20.9291140Z   Python_ROOT_DIR: /opt/hostedtoolcache/PyPy/3.10.14/x64
2024-11-18T16:23:20.9291756Z   Python2_ROOT_DIR: /opt/hostedtoolcache/PyPy/3.10.14/x64
2024-11-18T16:23:20.9292407Z   Python3_ROOT_DIR: /opt/hostedtoolcache/PyPy/3.10.14/x64
2024-11-18T16:23:20.9293072Z   PKG_CONFIG_PATH: /opt/hostedtoolcache/PyPy/3.10.14/x64/bin/lib/pkgconfig
2024-11-18T16:23:20.9293922Z   CC_TOKEN: ***
2024-11-18T16:23:20.9294257Z   CC_BRANCH: 
2024-11-18T16:23:20.9294773Z   GITHUB_EVENT_PULL_REQUEST_HEAD_LABEL: con:dependabot/github_actions/codecov/codecov-action-5
2024-11-18T16:23:20.9295806Z   GITHUB_EVENT_PULL_REQUEST_REPO_FULL_NAME: 
2024-11-18T16:23:20.9296292Z   GITHUB_REPOSITORY: con/tinuous
2024-11-18T16:23:20.9296694Z ##[endgroup]
2024-11-18T16:23:20.9427601Z ##[group]Run if [ -z "$CC_SHA" ];
2024-11-18T16:23:20.9428149Z [36;1mif [ -z "$CC_SHA" ];[0m
2024-11-18T16:23:20.9428506Z [36;1mthen[0m
2024-11-18T16:23:20.9428926Z [36;1m  CC_SHA="$GITHUB_EVENT_PULL_REQUEST_HEAD_SHA"[0m
2024-11-18T16:23:20.9429579Z [36;1mfi[0m
2024-11-18T16:23:20.9430078Z [36;1mif [ -z "$CC_PR" ] && [ "${GITHUB_EVENT_NAME}" == "pull_request_target" ];[0m
2024-11-18T16:23:20.9430585Z [36;1mthen[0m
2024-11-18T16:23:20.9430996Z [36;1m  CC_PR="$GITHUB_EVENT_NUMBER"[0m
2024-11-18T16:23:20.9431439Z [36;1mfi[0m
2024-11-18T16:23:20.9431741Z [36;1m[0m
2024-11-18T16:23:20.9432162Z [36;1mecho "CC_SHA=$CC_SHA" >> "$GITHUB_ENV"[0m
2024-11-18T16:23:20.9432664Z [36;1mecho "CC_PR=$CC_PR" >> "$GITHUB_ENV"[0m
2024-11-18T16:23:20.9490971Z shell: /usr/bin/bash --noprofile --norc -e -o pipefail {0}
2024-11-18T16:23:20.9491503Z env:
2024-11-18T16:23:20.9491898Z   pythonLocation: /opt/hostedtoolcache/PyPy/3.10.14/x64
2024-11-18T16:23:20.9492587Z   Python_ROOT_DIR: /opt/hostedtoolcache/PyPy/3.10.14/x64
2024-11-18T16:23:20.9493127Z   Python2_ROOT_DIR: /opt/hostedtoolcache/PyPy/3.10.14/x64
2024-11-18T16:23:20.9493684Z   Python3_ROOT_DIR: /opt/hostedtoolcache/PyPy/3.10.14/x64
2024-11-18T16:23:20.9494412Z   PKG_CONFIG_PATH: /opt/hostedtoolcache/PyPy/3.10.14/x64/bin/lib/pkgconfig
2024-11-18T16:23:20.9495238Z   CC_TOKEN: ***
2024-11-18T16:23:20.9495546Z   CC_BRANCH: 
2024-11-18T16:23:20.9495921Z   CC_PR: 
2024-11-18T16:23:20.9496211Z   CC_SHA: 
2024-11-18T16:23:20.9496616Z   GITHUB_EVENT_NAME: pull_request
2024-11-18T16:23:20.9496985Z   GITHUB_EVENT_NUMBER: 198
2024-11-18T16:23:20.9497500Z   GITHUB_EVENT_PULL_REQUEST_HEAD_SHA: aa318d398c215cff594609b657066e303defd562
2024-11-18T16:23:20.9498125Z ##[endgroup]
2024-11-18T16:23:20.9626036Z ##[group]Run ${GITHUB_ACTION_PATH}/dist/codecov.sh
2024-11-18T16:23:20.9626613Z [36;1m${GITHUB_ACTION_PATH}/dist/codecov.sh[0m
2024-11-18T16:23:20.9685607Z shell: /usr/bin/bash --noprofile --norc -e -o pipefail {0}
2024-11-18T16:23:20.9686181Z env:
2024-11-18T16:23:20.9686746Z   pythonLocation: /opt/hostedtoolcache/PyPy/3.10.14/x64
2024-11-18T16:23:20.9687289Z   Python_ROOT_DIR: /opt/hostedtoolcache/PyPy/3.10.14/x64
2024-11-18T16:23:20.9687873Z   Python2_ROOT_DIR: /opt/hostedtoolcache/PyPy/3.10.14/x64
2024-11-18T16:23:20.9688497Z   Python3_ROOT_DIR: /opt/hostedtoolcache/PyPy/3.10.14/x64
2024-11-18T16:23:20.9689133Z   PKG_CONFIG_PATH: /opt/hostedtoolcache/PyPy/3.10.14/x64/bin/lib/pkgconfig
2024-11-18T16:23:20.9690303Z   CC_TOKEN: ***
2024-11-18T16:23:20.9691340Z   CC_BRANCH: 
2024-11-18T16:23:20.9691830Z   CC_SHA: aa318d398c215cff594609b657066e303defd562
2024-11-18T16:23:20.9692367Z   CC_PR: 
2024-11-18T16:23:20.9692703Z   CC_BINARY: 
2024-11-18T16:23:20.9693028Z   CC_BUILD: 
2024-11-18T16:23:20.9693414Z   CC_BUILD_URL: 
2024-11-18T16:23:20.9693749Z   CC_CODE: 
2024-11-18T16:23:20.9694078Z   CC_DIR: 
2024-11-18T16:23:20.9694415Z   CC_DISABLE_FILE_FIXES: false
2024-11-18T16:23:20.9694953Z   CC_DISABLE_SEARCH: false
2024-11-18T16:23:20.9695313Z   CC_DRY_RUN: false
2024-11-18T16:23:20.9695628Z   CC_ENTERPRISE_URL: 
2024-11-18T16:23:20.9696028Z   CC_ENV: 
2024-11-18T16:23:20.9696327Z   CC_EXCLUDES: 
2024-11-18T16:23:20.9696633Z   CC_FAIL_ON_ERROR: false
2024-11-18T16:23:20.9697074Z   CC_FILES: 
2024-11-18T16:23:20.9697379Z   CC_FLAGS: 
2024-11-18T16:23:20.9697695Z   CC_GCOV_ARGS: 
2024-11-18T16:23:20.9698052Z   CC_GCOV_EXECUTABLE: gcov
2024-11-18T16:23:20.9698411Z   CC_GCOV_IGNORE: 
2024-11-18T16:23:20.9698748Z   CC_GCOV_INCLUDE: 
2024-11-18T16:23:20.9699145Z   CC_GIT_SERVICE: github
2024-11-18T16:23:20.9699496Z   CC_HANDLE_NO_REPORTS_FOUND: false
2024-11-18T16:23:20.9699888Z   CC_JOB_CODE: 
2024-11-18T16:23:20.9700264Z   CC_LEGACY: false
2024-11-18T16:23:20.9700577Z   CC_NAME: pypy-3.10
2024-11-18T16:23:20.9700923Z   CC_NETWORK_FILTER: 
2024-11-18T16:23:20.9701360Z   CC_NETWORK_PREFIX: 
2024-11-18T16:23:20.9701924Z   CC_NETWORK_ROOT_FOLDER: 
2024-11-18T16:23:20.9702237Z   CC_OS: 
2024-11-18T16:23:20.9702627Z   CC_PARENT_SHA: 
2024-11-18T16:23:20.9702958Z   CC_PLUGINS: 
2024-11-18T16:23:20.9703270Z   CC_REPORT_TYPE: 
2024-11-18T16:23:20.9703654Z   CC_SKIP_VALIDATION: false
2024-11-18T16:23:20.9704011Z   CC_SLUG: 
2024-11-18T16:23:20.9704316Z   CC_SWIFT_PROJECT: 
2024-11-18T16:23:20.9704697Z   CC_VERBOSE: false
2024-11-18T16:23:20.9705028Z   CC_VERSION: latest
2024-11-18T16:23:20.9705479Z   CC_YML_PATH: 
2024-11-18T16:23:20.9706021Z ##[endgroup]
2024-11-18T16:23:20.9826359Z      _____          _
2024-11-18T16:23:20.9827187Z     / ____|        | |
2024-11-18T16:23:20.9827822Z    | |     ___   __| | ___  ___ _____   __
2024-11-18T16:23:20.9828513Z    | |    / _ \ / _` |/ _ \/ __/ _ \ \ / /
2024-11-18T16:23:20.9829407Z    | |___| (_) | (_| |  __/ (_| (_) \ V /
2024-11-18T16:23:20.9829958Z     \_____\___/ \__,_|\___|\___\___/ \_/
2024-11-18T16:23:20.9830681Z                            [0;31m Wrapper-0.0.24[0m
2024-11-18T16:23:20.9831241Z                                   
2024-11-18T16:23:20.9885835Z [0;32m==>[0m Detected [0;36mlinux[0m
2024-11-18T16:23:20.9886799Z [0;32m ->[0m Downloading [0;36mhttps://cli.codecov.io/latest/linux/codecov[0m
2024-11-18T16:23:21.3992781Z [0;32m==>[0m Finishing downloading [0;36mlinux:latest[0m
2024-11-18T16:23:21.5228468Z       Version: [0;36mv9.0.4[0m
2024-11-18T16:23:21.5229481Z  
2024-11-18T16:23:21.6470659Z gpg: directory '/home/runner/.gnupg' created
2024-11-18T16:23:21.6514878Z gpg: keybox '/home/runner/.gnupg/pubring.kbx' created
2024-11-18T16:23:21.6632086Z gpg: /home/runner/.gnupg/trustdb.gpg: trustdb created
2024-11-18T16:23:21.6633302Z gpg: key 806BB28AED779869: public key "Codecov Uploader (Codecov Uploader Verification Key) <security@codecov.io>" imported
2024-11-18T16:23:21.7018805Z gpg: Total number processed: 1
2024-11-18T16:23:21.7023760Z gpg:               imported: 1
2024-11-18T16:23:21.7024794Z [0;32m==>[0m Verifying GPG signature integrity
2024-11-18T16:23:21.7026235Z [0;32m ->[0m Downloading [0;36mhttps://cli.codecov.io/latest/linux/codecov.SHA256SUM[0m
2024-11-18T16:23:21.7027613Z [0;32m ->[0m Downloading [0;36mhttps://cli.codecov.io/latest/linux/codecov.SHA256SUM.sig[0m
2024-11-18T16:23:21.7028324Z  
2024-11-18T16:23:21.9523344Z gpg: Signature made Fri Nov 15 18:59:14 2024 UTC
2024-11-18T16:23:21.9524196Z gpg:                using RSA key 27034E7FDB850E0BBC2C62FF806BB28AED779869
2024-11-18T16:23:21.9526481Z gpg: Good signature from "Codecov Uploader (Codecov Uploader Verification Key) <security@codecov.io>" [unknown]
2024-11-18T16:23:21.9527940Z gpg: WARNING: This key is not certified with a trusted signature!
2024-11-18T16:23:21.9529156Z gpg:          There is no indication that the signature belongs to the owner.
2024-11-18T16:23:21.9530785Z Primary key fingerprint: 2703 4E7F DB85 0E0B BC2C  62FF 806B B28A ED77 9869
2024-11-18T16:23:22.1006228Z codecov: OK
2024-11-18T16:23:22.1015945Z [0;32m==>[0m CLI integrity verified
2024-11-18T16:23:22.1016355Z 
2024-11-18T16:23:22.1760574Z [0;32m ->[0m Token of length 36 detected
2024-11-18T16:23:22.1761547Z [0;32m==>[0m Running create-commit
2024-11-18T16:23:22.1771814Z       [0;36m./codecov  create-commit -t <redacted> --git-service github --sha aa318d398c215cff594609b657066e303defd562[0m
2024-11-18T16:23:22.8548881Z info - 2024-11-18 16:23:22,854 -- ci service found: github-actions
2024-11-18T16:23:23.4648705Z info - 2024-11-18 16:23:23,464 -- Process Commit creating complete
2024-11-18T16:23:23.5428583Z  
2024-11-18T16:23:23.5429767Z [0;32m==>[0m Running create-report
2024-11-18T16:23:23.5440281Z       [0;36m./codecov  create-report -t <redacted> --git-service github --sha aa318d398c215cff594609b657066e303defd562[0m
2024-11-18T16:23:24.2294556Z info - 2024-11-18 16:23:24,229 -- ci service found: github-actions
2024-11-18T16:23:24.8622402Z info - 2024-11-18 16:23:24,861 -- Process Report creating complete
2024-11-18T16:23:24.8623558Z info - 2024-11-18 16:23:24,862 -- Finished creating report successfully --- {"response": "{\"status\":\"queued\"}\n"}
2024-11-18T16:23:24.9429831Z  
2024-11-18T16:23:24.9442744Z [0;32m==>[0m Running do-upload
2024-11-18T16:23:24.9444059Z       [0;36m./codecov  do-upload -t <redacted>  --gcov-executable gcov  --git-service github  --name pypy-3.10  --sha aa318d398c215cff594609b657066e303defd562[0m
2024-11-18T16:23:25.6277157Z info - 2024-11-18 16:23:25,627 -- ci service found: github-actions
2024-11-18T16:23:25.6391730Z warning - 2024-11-18 16:23:25,638 -- xcrun is not installed or can't be found.
2024-11-18T16:23:25.6842879Z warning - 2024-11-18 16:23:25,683 -- No gcov data found.
2024-11-18T16:23:25.6845013Z warning - 2024-11-18 16:23:25,684 -- coverage.py is not installed or can't be found.
2024-11-18T16:23:25.6941812Z info - 2024-11-18 16:23:25,693 -- Found 1 coverage files to report
2024-11-18T16:23:25.6943171Z info - 2024-11-18 16:23:25,694 -- > /home/runner/work/tinuous/tinuous/coverage.xml
2024-11-18T16:23:26.2809344Z info - 2024-11-18 16:23:26,280 -- Your upload is now processing. When finished, results will be available at: https://app.codecov.io/github/con/tinuous/commit/aa318d398c215cff594609b657066e303defd562
2024-11-18T16:23:26.4618143Z info - 2024-11-18 16:23:26,461 -- Process Upload complete
