2023-04-27T15:58:01.3942188Z Requested labels: ubuntu-latest
2023-04-27T15:58:01.3942564Z Job defined at: con/tinuous/.github/workflows/test.yml@refs/heads/enh-codespell
2023-04-27T15:58:01.3942661Z Waiting for a runner to pick up this job...
2023-04-27T15:58:01.7690570Z Job is waiting for a hosted runner to come online.
2023-04-27T15:58:04.6725207Z Job is about to start running on the hosted runner: GitHub Actions 15 (hosted)
2023-04-27T15:58:07.7420972Z Current runner version: '2.303.0'
2023-04-27T15:58:07.7447202Z ##[group]Operating System
2023-04-27T15:58:07.7447687Z Ubuntu
2023-04-27T15:58:07.7448057Z 22.04.2
2023-04-27T15:58:07.7448318Z LTS
2023-04-27T15:58:07.7448545Z ##[endgroup]
2023-04-27T15:58:07.7448858Z ##[group]Runner Image
2023-04-27T15:58:07.7449214Z Image: ubuntu-22.04
2023-04-27T15:58:07.7449472Z Version: 20230426.1
2023-04-27T15:58:07.7449944Z Included Software: https://github.com/actions/runner-images/blob/ubuntu22/20230426.1/images/linux/Ubuntu2204-Readme.md
2023-04-27T15:58:07.7450559Z Image Release: https://github.com/actions/runner-images/releases/tag/ubuntu22%2F20230426.1
2023-04-27T15:58:07.7450924Z ##[endgroup]
2023-04-27T15:58:07.7451275Z ##[group]Runner Image Provisioner
2023-04-27T15:58:07.7451594Z 2.0.161.1
2023-04-27T15:58:07.7451822Z ##[endgroup]
2023-04-27T15:58:07.7452725Z ##[group]GITHUB_TOKEN Permissions
2023-04-27T15:58:07.7453309Z Actions: write
2023-04-27T15:58:07.7453607Z Checks: write
2023-04-27T15:58:07.7454072Z Contents: write
2023-04-27T15:58:07.7454490Z Deployments: write
2023-04-27T15:58:07.7454758Z Discussions: write
2023-04-27T15:58:07.7455065Z Issues: write
2023-04-27T15:58:07.7455353Z Metadata: read
2023-04-27T15:58:07.7455664Z Packages: write
2023-04-27T15:58:07.7455912Z Pages: write
2023-04-27T15:58:07.7456222Z PullRequests: write
2023-04-27T15:58:07.7456555Z RepositoryProjects: write
2023-04-27T15:58:07.7456846Z SecurityEvents: write
2023-04-27T15:58:07.7457180Z Statuses: write
2023-04-27T15:58:07.7457481Z ##[endgroup]
2023-04-27T15:58:07.7461203Z Secret source: Actions
2023-04-27T15:58:07.7461670Z Prepare workflow directory
2023-04-27T15:58:07.8219667Z Prepare all required actions
2023-04-27T15:58:07.8406055Z Getting action download info
2023-04-27T15:58:08.0635692Z Download action repository 'actions/checkout@v3' (SHA:8e5e7e5ab8b370d6c329ec480221332ada57f0ab)
2023-04-27T15:58:08.7172098Z Download action repository 'actions/setup-python@v4' (SHA:57ded4d7d5e986d7296eab16560982c6dd7c923b)
2023-04-27T15:58:09.2380741Z Download action repository 'codecov/codecov-action@v3' (SHA:894ff025c7b54547a9a2a1e9f228beae737ad3c2)
2023-04-27T15:58:09.8774876Z Complete job name: test (3.8, typing)
2023-04-27T15:58:09.9919327Z ##[group]Run actions/checkout@v3
2023-04-27T15:58:09.9919604Z with:
2023-04-27T15:58:09.9919803Z   fetch-depth: 0
2023-04-27T15:58:09.9920010Z   repository: con/tinuous
2023-04-27T15:58:09.9920431Z   token: ***
2023-04-27T15:58:09.9920630Z   ssh-strict: true
2023-04-27T15:58:09.9920857Z   persist-credentials: true
2023-04-27T15:58:09.9921108Z   clean: true
2023-04-27T15:58:09.9921287Z   lfs: false
2023-04-27T15:58:09.9921473Z   submodules: false
2023-04-27T15:58:09.9921691Z   set-safe-directory: true
2023-04-27T15:58:09.9921915Z ##[endgroup]
2023-04-27T15:58:10.2262470Z Syncing repository: con/tinuous
2023-04-27T15:58:10.2264124Z ##[group]Getting Git version info
2023-04-27T15:58:10.2264592Z Working directory is '/home/runner/work/tinuous/tinuous'
2023-04-27T15:58:10.2265084Z [command]/usr/bin/git version
2023-04-27T15:58:10.2316749Z git version 2.40.1
2023-04-27T15:58:10.2344357Z ##[endgroup]
2023-04-27T15:58:10.2363416Z Temporarily overriding HOME='/home/runner/work/_temp/35c309b8-9b00-459b-8604-88a400c4538e' before making global git config changes
2023-04-27T15:58:10.2363883Z Adding repository directory to the temporary git global config as a safe directory
2023-04-27T15:58:10.2366932Z [command]/usr/bin/git config --global --add safe.directory /home/runner/work/tinuous/tinuous
2023-04-27T15:58:10.2411310Z Deleting the contents of '/home/runner/work/tinuous/tinuous'
2023-04-27T15:58:10.2416609Z ##[group]Initializing the repository
2023-04-27T15:58:10.2420250Z [command]/usr/bin/git init /home/runner/work/tinuous/tinuous
2023-04-27T15:58:10.2476949Z hint: Using 'master' as the name for the initial branch. This default branch name
2023-04-27T15:58:10.2478244Z hint: is subject to change. To configure the initial branch name to use in all
2023-04-27T15:58:10.2478698Z hint: of your new repositories, which will suppress this warning, call:
2023-04-27T15:58:10.2479289Z hint: 
2023-04-27T15:58:10.2479725Z hint: 	git config --global init.defaultBranch <name>
2023-04-27T15:58:10.2479978Z hint: 
2023-04-27T15:58:10.2480306Z hint: Names commonly chosen instead of 'master' are 'main', 'trunk' and
2023-04-27T15:58:10.2480719Z hint: 'development'. The just-created branch can be renamed via this command:
2023-04-27T15:58:10.2480988Z hint: 
2023-04-27T15:58:10.2481221Z hint: 	git branch -m <name>
2023-04-27T15:58:10.2488643Z Initialized empty Git repository in /home/runner/work/tinuous/tinuous/.git/
2023-04-27T15:58:10.2501728Z [command]/usr/bin/git remote add origin https://github.com/con/tinuous
2023-04-27T15:58:10.2541076Z ##[endgroup]
2023-04-27T15:58:10.2541668Z ##[group]Disabling automatic garbage collection
2023-04-27T15:58:10.2544676Z [command]/usr/bin/git config --local gc.auto 0
2023-04-27T15:58:10.2575923Z ##[endgroup]
2023-04-27T15:58:10.2576389Z ##[group]Setting up auth
2023-04-27T15:58:10.2582655Z [command]/usr/bin/git config --local --name-only --get-regexp core\.sshCommand
2023-04-27T15:58:10.2613491Z [command]/usr/bin/git submodule foreach --recursive sh -c "git config --local --name-only --get-regexp 'core\.sshCommand' && git config --local --unset-all 'core.sshCommand' || :"
2023-04-27T15:58:10.2924190Z [command]/usr/bin/git config --local --name-only --get-regexp http\.https\:\/\/github\.com\/\.extraheader
2023-04-27T15:58:10.2954823Z [command]/usr/bin/git submodule foreach --recursive sh -c "git config --local --name-only --get-regexp 'http\.https\:\/\/github\.com\/\.extraheader' && git config --local --unset-all 'http.https://github.com/.extraheader' || :"
2023-04-27T15:58:10.3179999Z [command]/usr/bin/git config --local http.https://github.com/.extraheader AUTHORIZATION: basic ***
2023-04-27T15:58:10.3217602Z ##[endgroup]
2023-04-27T15:58:10.3218136Z ##[group]Fetching the repository
2023-04-27T15:58:10.3228246Z [command]/usr/bin/git -c protocol.version=2 fetch --prune --progress --no-recurse-submodules origin +refs/heads/*:refs/remotes/origin/* +refs/tags/*:refs/tags/*
2023-04-27T15:58:10.8396070Z remote: Enumerating objects: 1155, done.        
2023-04-27T15:58:10.8396824Z remote: Counting objects:   0% (1/377)        
2023-04-27T15:58:10.8397279Z remote: Counting objects:   1% (4/377)        
2023-04-27T15:58:10.8397821Z remote: Counting objects:   2% (8/377)        
2023-04-27T15:58:10.8398153Z remote: Counting objects:   3% (12/377)        
2023-04-27T15:58:10.8398433Z remote: Counting objects:   4% (16/377)        
2023-04-27T15:58:10.8398678Z remote: Counting objects:   5% (19/377)        
2023-04-27T15:58:10.8398989Z remote: Counting objects:   6% (23/377)        
2023-04-27T15:58:10.8399295Z remote: Counting objects:   7% (27/377)        
2023-04-27T15:58:10.8399548Z remote: Counting objects:   8% (31/377)        
2023-04-27T15:58:10.8399846Z remote: Counting objects:   9% (34/377)        
2023-04-27T15:58:10.8400110Z remote: Counting objects:  10% (38/377)        
2023-04-27T15:58:10.8400423Z remote: Counting objects:  11% (42/377)        
2023-04-27T15:58:10.8400740Z remote: Counting objects:  12% (46/377)        
2023-04-27T15:58:10.8401025Z remote: Counting objects:  13% (50/377)        
2023-04-27T15:58:10.8401253Z remote: Counting objects:  14% (53/377)        
2023-04-27T15:58:10.8401559Z remote: Counting objects:  15% (57/377)        
2023-04-27T15:58:10.8401863Z remote: Counting objects:  16% (61/377)        
2023-04-27T15:58:10.8402149Z remote: Counting objects:  17% (65/377)        
2023-04-27T15:58:10.8402460Z remote: Counting objects:  18% (68/377)        
2023-04-27T15:58:10.8402708Z remote: Counting objects:  19% (72/377)        
2023-04-27T15:58:10.8403020Z remote: Counting objects:  20% (76/377)        
2023-04-27T15:58:10.8403264Z remote: Counting objects:  21% (80/377)        
2023-04-27T15:58:10.8403563Z remote: Counting objects:  22% (83/377)        
2023-04-27T15:58:10.8403850Z remote: Counting objects:  23% (87/377)        
2023-04-27T15:58:10.8404148Z remote: Counting objects:  24% (91/377)        
2023-04-27T15:58:10.8404885Z remote: Counting objects:  25% (95/377)        
2023-04-27T15:58:10.8405191Z remote: Counting objects:  26% (99/377)        
2023-04-27T15:58:10.8405459Z remote: Counting objects:  27% (102/377)        
2023-04-27T15:58:10.8405819Z remote: Counting objects:  28% (106/377)        
2023-04-27T15:58:10.8406131Z remote: Counting objects:  29% (110/377)        
2023-04-27T15:58:10.8406448Z remote: Counting objects:  30% (114/377)        
2023-04-27T15:58:10.8406758Z remote: Counting objects:  31% (117/377)        
2023-04-27T15:58:10.8407067Z remote: Counting objects:  32% (121/377)        
2023-04-27T15:58:10.8407389Z remote: Counting objects:  33% (125/377)        
2023-04-27T15:58:10.8407695Z remote: Counting objects:  34% (129/377)        
2023-04-27T15:58:10.8407996Z remote: Counting objects:  35% (132/377)        
2023-04-27T15:58:10.8408286Z remote: Counting objects:  36% (136/377)        
2023-04-27T15:58:10.8408602Z remote: Counting objects:  37% (140/377)        
2023-04-27T15:58:10.8408918Z remote: Counting objects:  38% (144/377)        
2023-04-27T15:58:10.8409222Z remote: Counting objects:  39% (148/377)        
2023-04-27T15:58:10.8409525Z remote: Counting objects:  40% (151/377)        
2023-04-27T15:58:10.8409822Z remote: Counting objects:  41% (155/377)        
2023-04-27T15:58:10.8410121Z remote: Counting objects:  42% (159/377)        
2023-04-27T15:58:10.8410425Z remote: Counting objects:  43% (163/377)        
2023-04-27T15:58:10.8410675Z remote: Counting objects:  44% (166/377)        
2023-04-27T15:58:10.8410908Z remote: Counting objects:  45% (170/377)        
2023-04-27T15:58:10.8411217Z remote: Counting objects:  46% (174/377)        
2023-04-27T15:58:10.8411517Z remote: Counting objects:  47% (178/377)        
2023-04-27T15:58:10.8411771Z remote: Counting objects:  48% (181/377)        
2023-04-27T15:58:10.8412078Z remote: Counting objects:  49% (185/377)        
2023-04-27T15:58:10.8412383Z remote: Counting objects:  50% (189/377)        
2023-04-27T15:58:10.8412631Z remote: Counting objects:  51% (193/377)        
2023-04-27T15:58:10.8412930Z remote: Counting objects:  52% (197/377)        
2023-04-27T15:58:10.8413378Z remote: Counting objects:  53% (200/377)        
2023-04-27T15:58:10.8413692Z remote: Counting objects:  54% (204/377)        
2023-04-27T15:58:10.8413981Z remote: Counting objects:  55% (208/377)        
2023-04-27T15:58:10.8414286Z remote: Counting objects:  56% (212/377)        
2023-04-27T15:58:10.8414585Z remote: Counting objects:  57% (215/377)        
2023-04-27T15:58:10.8414882Z remote: Counting objects:  58% (219/377)        
2023-04-27T15:58:10.8415175Z remote: Counting objects:  59% (223/377)        
2023-04-27T15:58:10.8415474Z remote: Counting objects:  60% (227/377)        
2023-04-27T15:58:10.8415727Z remote: Counting objects:  61% (230/377)        
2023-04-27T15:58:10.8416031Z remote: Counting objects:  62% (234/377)        
2023-04-27T15:58:10.8416339Z remote: Counting objects:  63% (238/377)        
2023-04-27T15:58:10.8416857Z remote: Counting objects:  64% (242/377)        
2023-04-27T15:58:10.8417164Z remote: Counting objects:  65% (246/377)        
2023-04-27T15:58:10.8417477Z remote: Counting objects:  66% (249/377)        
2023-04-27T15:58:10.8417791Z remote: Counting objects:  67% (253/377)        
2023-04-27T15:58:10.8418080Z remote: Counting objects:  68% (257/377)        
2023-04-27T15:58:10.8418404Z remote: Counting objects:  69% (261/377)        
2023-04-27T15:58:10.8418704Z remote: Counting objects:  70% (264/377)        
2023-04-27T15:58:10.8418999Z remote: Counting objects:  71% (268/377)        
2023-04-27T15:58:10.8419407Z remote: Counting objects:  72% (272/377)        
2023-04-27T15:58:10.8419670Z remote: Counting objects:  73% (276/377)        
2023-04-27T15:58:10.8419973Z remote: Counting objects:  74% (279/377)        
2023-04-27T15:58:10.8420265Z remote: Counting objects:  75% (283/377)        
2023-04-27T15:58:10.8420576Z remote: Counting objects:  76% (287/377)        
2023-04-27T15:58:10.8420881Z remote: Counting objects:  77% (291/377)        
2023-04-27T15:58:10.8421305Z remote: Counting objects:  78% (295/377)        
2023-04-27T15:58:10.8421605Z remote: Counting objects:  79% (298/377)        
2023-04-27T15:58:10.8421864Z remote: Counting objects:  80% (302/377)        
2023-04-27T15:58:10.8422099Z remote: Counting objects:  81% (306/377)        
2023-04-27T15:58:10.8422407Z remote: Counting objects:  82% (310/377)        
2023-04-27T15:58:10.8422696Z remote: Counting objects:  83% (313/377)        
2023-04-27T15:58:10.8422999Z remote: Counting objects:  84% (317/377)        
2023-04-27T15:58:10.8423298Z remote: Counting objects:  85% (321/377)        
2023-04-27T15:58:10.8423589Z remote: Counting objects:  86% (325/377)        
2023-04-27T15:58:10.8423843Z remote: Counting objects:  87% (328/377)        
2023-04-27T15:58:10.8424073Z remote: Counting objects:  88% (332/377)        
2023-04-27T15:58:10.8424371Z remote: Counting objects:  89% (336/377)        
2023-04-27T15:58:10.8424660Z remote: Counting objects:  90% (340/377)        
2023-04-27T15:58:10.8424972Z remote: Counting objects:  91% (344/377)        
2023-04-27T15:58:10.8425231Z remote: Counting objects:  92% (347/377)        
2023-04-27T15:58:10.8425533Z remote: Counting objects:  93% (351/377)        
2023-04-27T15:58:10.8425783Z remote: Counting objects:  94% (355/377)        
2023-04-27T15:58:10.8426012Z remote: Counting objects:  95% (359/377)        
2023-04-27T15:58:10.8426239Z remote: Counting objects:  96% (362/377)        
2023-04-27T15:58:10.8426540Z remote: Counting objects:  97% (366/377)        
2023-04-27T15:58:10.8426874Z remote: Counting objects:  98% (370/377)        
2023-04-27T15:58:10.8427180Z remote: Counting objects:  99% (374/377)        
2023-04-27T15:58:10.8427443Z remote: Counting objects: 100% (377/377)        
2023-04-27T15:58:10.8427758Z remote: Counting objects: 100% (377/377), done.        
2023-04-27T15:58:10.8428107Z remote: Compressing objects:   0% (1/242)        
2023-04-27T15:58:10.8428432Z remote: Compressing objects:   1% (3/242)        
2023-04-27T15:58:10.8428764Z remote: Compressing objects:   2% (5/242)        
2023-04-27T15:58:10.8429168Z remote: Compressing objects:   3% (8/242)        
2023-04-27T15:58:10.8429498Z remote: Compressing objects:   4% (10/242)        
2023-04-27T15:58:10.8429828Z remote: Compressing objects:   5% (13/242)        
2023-04-27T15:58:10.8430154Z remote: Compressing objects:   6% (15/242)        
2023-04-27T15:58:10.8430475Z remote: Compressing objects:   7% (17/242)        
2023-04-27T15:58:10.8430822Z remote: Compressing objects:   8% (20/242)        
2023-04-27T15:58:10.8431134Z remote: Compressing objects:   9% (22/242)        
2023-04-27T15:58:10.8431465Z remote: Compressing objects:  10% (25/242)        
2023-04-27T15:58:10.8431779Z remote: Compressing objects:  11% (27/242)        
2023-04-27T15:58:10.8432043Z remote: Compressing objects:  12% (30/242)        
2023-04-27T15:58:10.8551020Z remote: Compressing objects:  13% (32/242)        
2023-04-27T15:58:10.8551342Z remote: Compressing objects:  14% (34/242)        
2023-04-27T15:58:10.8551618Z remote: Compressing objects:  15% (37/242)        
2023-04-27T15:58:10.8551886Z remote: Compressing objects:  16% (39/242)        
2023-04-27T15:58:10.8552144Z remote: Compressing objects:  17% (42/242)        
2023-04-27T15:58:10.8552397Z remote: Compressing objects:  18% (44/242)        
2023-04-27T15:58:10.8552638Z remote: Compressing objects:  19% (46/242)        
2023-04-27T15:58:10.8552885Z remote: Compressing objects:  20% (49/242)        
2023-04-27T15:58:10.8553131Z remote: Compressing objects:  21% (51/242)        
2023-04-27T15:58:10.8553368Z remote: Compressing objects:  22% (54/242)        
2023-04-27T15:58:10.8553607Z remote: Compressing objects:  23% (56/242)        
2023-04-27T15:58:10.8553906Z remote: Compressing objects:  24% (59/242)        
2023-04-27T15:58:10.8554145Z remote: Compressing objects:  25% (61/242)        
2023-04-27T15:58:10.8554387Z remote: Compressing objects:  26% (63/242)        
2023-04-27T15:58:10.8554897Z remote: Compressing objects:  27% (66/242)        
2023-04-27T15:58:10.8555143Z remote: Compressing objects:  28% (68/242)        
2023-04-27T15:58:10.8555383Z remote: Compressing objects:  29% (71/242)        
2023-04-27T15:58:10.8555630Z remote: Compressing objects:  30% (73/242)        
2023-04-27T15:58:10.8555873Z remote: Compressing objects:  31% (76/242)        
2023-04-27T15:58:10.8556108Z remote: Compressing objects:  32% (78/242)        
2023-04-27T15:58:10.8556348Z remote: Compressing objects:  33% (80/242)        
2023-04-27T15:58:10.8556588Z remote: Compressing objects:  34% (83/242)        
2023-04-27T15:58:10.8556819Z remote: Compressing objects:  35% (85/242)        
2023-04-27T15:58:10.8557063Z remote: Compressing objects:  36% (88/242)        
2023-04-27T15:58:10.8557308Z remote: Compressing objects:  37% (90/242)        
2023-04-27T15:58:10.8557671Z remote: Compressing objects:  38% (92/242)        
2023-04-27T15:58:10.8557916Z remote: Compressing objects:  39% (95/242)        
2023-04-27T15:58:10.8558162Z remote: Compressing objects:  40% (97/242)        
2023-04-27T15:58:10.8558410Z remote: Compressing objects:  41% (100/242)        
2023-04-27T15:58:10.8558666Z remote: Compressing objects:  42% (102/242)        
2023-04-27T15:58:10.8558924Z remote: Compressing objects:  43% (105/242)        
2023-04-27T15:58:10.8559178Z remote: Compressing objects:  44% (107/242)        
2023-04-27T15:58:10.8559416Z remote: Compressing objects:  45% (109/242)        
2023-04-27T15:58:10.8559672Z remote: Compressing objects:  46% (112/242)        
2023-04-27T15:58:10.8559918Z remote: Compressing objects:  47% (114/242)        
2023-04-27T15:58:10.8560157Z remote: Compressing objects:  48% (117/242)        
2023-04-27T15:58:10.8560401Z remote: Compressing objects:  49% (119/242)        
2023-04-27T15:58:10.8560647Z remote: Compressing objects:  50% (121/242)        
2023-04-27T15:58:10.8560893Z remote: Compressing objects:  51% (124/242)        
2023-04-27T15:58:10.8561130Z remote: Compressing objects:  52% (126/242)        
2023-04-27T15:58:10.8561383Z remote: Compressing objects:  53% (129/242)        
2023-04-27T15:58:10.8561758Z remote: Compressing objects:  54% (131/242)        
2023-04-27T15:58:10.8561993Z remote: Compressing objects:  55% (134/242)        
2023-04-27T15:58:10.8562235Z remote: Compressing objects:  56% (136/242)        
2023-04-27T15:58:10.8562477Z remote: Compressing objects:  57% (138/242)        
2023-04-27T15:58:10.8562713Z remote: Compressing objects:  58% (141/242)        
2023-04-27T15:58:10.8562958Z remote: Compressing objects:  59% (143/242)        
2023-04-27T15:58:10.8563200Z remote: Compressing objects:  60% (146/242)        
2023-04-27T15:58:10.8563434Z remote: Compressing objects:  61% (148/242)        
2023-04-27T15:58:10.8563675Z remote: Compressing objects:  62% (151/242)        
2023-04-27T15:58:10.8563915Z remote: Compressing objects:  63% (153/242)        
2023-04-27T15:58:10.8564153Z remote: Compressing objects:  64% (155/242)        
2023-04-27T15:58:10.8564391Z remote: Compressing objects:  65% (158/242)        
2023-04-27T15:58:10.8564633Z remote: Compressing objects:  66% (160/242)        
2023-04-27T15:58:10.8564880Z remote: Compressing objects:  67% (163/242)        
2023-04-27T15:58:10.8565115Z remote: Compressing objects:  68% (165/242)        
2023-04-27T15:58:10.8565359Z remote: Compressing objects:  69% (167/242)        
2023-04-27T15:58:10.8565609Z remote: Compressing objects:  70% (170/242)        
2023-04-27T15:58:10.8565841Z remote: Compressing objects:  71% (172/242)        
2023-04-27T15:58:10.8566078Z remote: Compressing objects:  72% (175/242)        
2023-04-27T15:58:10.8566319Z remote: Compressing objects:  73% (177/242)        
2023-04-27T15:58:10.8566564Z remote: Compressing objects:  74% (180/242)        
2023-04-27T15:58:10.8566797Z remote: Compressing objects:  75% (182/242)        
2023-04-27T15:58:10.8567038Z remote: Compressing objects:  76% (184/242)        
2023-04-27T15:58:10.8567276Z remote: Compressing objects:  77% (187/242)        
2023-04-27T15:58:10.8567626Z remote: Compressing objects:  78% (189/242)        
2023-04-27T15:58:10.8567869Z remote: Compressing objects:  79% (192/242)        
2023-04-27T15:58:10.8568112Z remote: Compressing objects:  80% (194/242)        
2023-04-27T15:58:10.8568343Z remote: Compressing objects:  81% (197/242)        
2023-04-27T15:58:10.8568587Z remote: Compressing objects:  82% (199/242)        
2023-04-27T15:58:10.8568823Z remote: Compressing objects:  83% (201/242)        
2023-04-27T15:58:10.8569053Z remote: Compressing objects:  84% (204/242)        
2023-04-27T15:58:10.8569291Z remote: Compressing objects:  85% (206/242)        
2023-04-27T15:58:10.8569526Z remote: Compressing objects:  86% (209/242)        
2023-04-27T15:58:10.8569765Z remote: Compressing objects:  87% (211/242)        
2023-04-27T15:58:10.8569998Z remote: Compressing objects:  88% (213/242)        
2023-04-27T15:58:10.8570238Z remote: Compressing objects:  89% (216/242)        
2023-04-27T15:58:10.8570481Z remote: Compressing objects:  90% (218/242)        
2023-04-27T15:58:10.8570731Z remote: Compressing objects:  91% (221/242)        
2023-04-27T15:58:10.8570972Z remote: Compressing objects:  92% (223/242)        
2023-04-27T15:58:10.8571204Z remote: Compressing objects:  93% (226/242)        
2023-04-27T15:58:10.8571440Z remote: Compressing objects:  94% (228/242)        
2023-04-27T15:58:10.8571677Z remote: Compressing objects:  95% (230/242)        
2023-04-27T15:58:10.8571907Z remote: Compressing objects:  96% (233/242)        
2023-04-27T15:58:10.8572146Z remote: Compressing objects:  97% (235/242)        
2023-04-27T15:58:10.8572385Z remote: Compressing objects:  98% (238/242)        
2023-04-27T15:58:10.8573231Z remote: Compressing objects:  99% (240/242)        
2023-04-27T15:58:10.8574147Z remote: Compressing objects: 100% (242/242)        
2023-04-27T15:58:10.8575016Z remote: Compressing objects: 100% (242/242), done.        
2023-04-27T15:58:10.8768442Z Receiving objects:   0% (1/1155)
2023-04-27T15:58:10.8771194Z Receiving objects:   1% (12/1155)
2023-04-27T15:58:10.8771445Z Receiving objects:   2% (24/1155)
2023-04-27T15:58:10.8893810Z Receiving objects:   3% (35/1155)
2023-04-27T15:58:10.8894347Z Receiving objects:   4% (47/1155)
2023-04-27T15:58:10.8986953Z Receiving objects:   5% (58/1155)
2023-04-27T15:58:10.8987342Z Receiving objects:   6% (70/1155)
2023-04-27T15:58:10.9082172Z Receiving objects:   7% (81/1155)
2023-04-27T15:58:10.9082668Z Receiving objects:   8% (93/1155)
2023-04-27T15:58:10.9086255Z Receiving objects:   9% (104/1155)
2023-04-27T15:58:10.9087504Z Receiving objects:  10% (116/1155)
2023-04-27T15:58:10.9090569Z Receiving objects:  11% (128/1155)
2023-04-27T15:58:10.9091285Z Receiving objects:  12% (139/1155)
2023-04-27T15:58:10.9236907Z Receiving objects:  13% (151/1155)
2023-04-27T15:58:10.9237406Z Receiving objects:  14% (162/1155)
2023-04-27T15:58:10.9237919Z Receiving objects:  15% (174/1155)
2023-04-27T15:58:10.9257922Z Receiving objects:  16% (185/1155)
2023-04-27T15:58:10.9258744Z Receiving objects:  17% (197/1155)
2023-04-27T15:58:10.9259018Z Receiving objects:  18% (208/1155)
2023-04-27T15:58:10.9259241Z Receiving objects:  19% (220/1155)
2023-04-27T15:58:10.9259470Z Receiving objects:  20% (231/1155)
2023-04-27T15:58:10.9259683Z Receiving objects:  21% (243/1155)
2023-04-27T15:58:10.9259901Z Receiving objects:  22% (255/1155)
2023-04-27T15:58:10.9329548Z Receiving objects:  23% (266/1155)
2023-04-27T15:58:10.9329811Z Receiving objects:  24% (278/1155)
2023-04-27T15:58:10.9440408Z Receiving objects:  25% (289/1155)
2023-04-27T15:58:10.9440666Z Receiving objects:  26% (301/1155)
2023-04-27T15:58:10.9440879Z Receiving objects:  27% (312/1155)
2023-04-27T15:58:10.9441085Z Receiving objects:  28% (324/1155)
2023-04-27T15:58:10.9441300Z Receiving objects:  29% (335/1155)
2023-04-27T15:58:10.9441512Z Receiving objects:  30% (347/1155)
2023-04-27T15:58:10.9441717Z Receiving objects:  31% (359/1155)
2023-04-27T15:58:10.9441928Z Receiving objects:  32% (370/1155)
2023-04-27T15:58:10.9442135Z Receiving objects:  33% (382/1155)
2023-04-27T15:58:10.9442505Z Receiving objects:  34% (393/1155)
2023-04-27T15:58:10.9442707Z Receiving objects:  35% (405/1155)
2023-04-27T15:58:10.9442921Z Receiving objects:  36% (416/1155)
2023-04-27T15:58:10.9443123Z Receiving objects:  37% (428/1155)
2023-04-27T15:58:10.9443326Z Receiving objects:  38% (439/1155)
2023-04-27T15:58:10.9443535Z Receiving objects:  39% (451/1155)
2023-04-27T15:58:10.9443734Z Receiving objects:  40% (462/1155)
2023-04-27T15:58:10.9443937Z Receiving objects:  41% (474/1155)
2023-04-27T15:58:10.9444143Z Receiving objects:  42% (486/1155)
2023-04-27T15:58:10.9444336Z Receiving objects:  43% (497/1155)
2023-04-27T15:58:10.9582760Z Receiving objects:  44% (509/1155)
2023-04-27T15:58:10.9583030Z Receiving objects:  45% (520/1155)
2023-04-27T15:58:10.9600467Z Receiving objects:  46% (532/1155)
2023-04-27T15:58:10.9600713Z Receiving objects:  47% (543/1155)
2023-04-27T15:58:10.9600939Z Receiving objects:  48% (555/1155)
2023-04-27T15:58:10.9601161Z Receiving objects:  49% (566/1155)
2023-04-27T15:58:10.9601381Z Receiving objects:  50% (578/1155)
2023-04-27T15:58:10.9684735Z Receiving objects:  51% (590/1155)
2023-04-27T15:58:10.9686722Z Receiving objects:  52% (601/1155)
2023-04-27T15:58:10.9686932Z Receiving objects:  53% (613/1155)
2023-04-27T15:58:10.9687139Z Receiving objects:  54% (624/1155)
2023-04-27T15:58:10.9687355Z Receiving objects:  55% (636/1155)
2023-04-27T15:58:10.9687567Z Receiving objects:  56% (647/1155)
2023-04-27T15:58:10.9687765Z Receiving objects:  57% (659/1155)
2023-04-27T15:58:10.9687975Z Receiving objects:  58% (670/1155)
2023-04-27T15:58:10.9688181Z Receiving objects:  59% (682/1155)
2023-04-27T15:58:10.9688388Z Receiving objects:  60% (693/1155)
2023-04-27T15:58:10.9688601Z Receiving objects:  61% (705/1155)
2023-04-27T15:58:10.9768707Z Receiving objects:  62% (717/1155)
2023-04-27T15:58:10.9769579Z Receiving objects:  63% (728/1155)
2023-04-27T15:58:10.9776560Z Receiving objects:  64% (740/1155)
2023-04-27T15:58:10.9776793Z Receiving objects:  65% (751/1155)
2023-04-27T15:58:10.9777011Z Receiving objects:  66% (763/1155)
2023-04-27T15:58:10.9777438Z Receiving objects:  67% (774/1155)
2023-04-27T15:58:10.9779328Z Receiving objects:  68% (786/1155)
2023-04-27T15:58:10.9780926Z Receiving objects:  69% (797/1155)
2023-04-27T15:58:10.9782602Z Receiving objects:  70% (809/1155)
2023-04-27T15:58:10.9784432Z Receiving objects:  71% (821/1155)
2023-04-27T15:58:10.9786022Z Receiving objects:  72% (832/1155)
2023-04-27T15:58:10.9982587Z Receiving objects:  73% (844/1155)
2023-04-27T15:58:10.9982878Z Receiving objects:  74% (855/1155)
2023-04-27T15:58:10.9983090Z Receiving objects:  75% (867/1155)
2023-04-27T15:58:10.9983308Z Receiving objects:  76% (878/1155)
2023-04-27T15:58:10.9983526Z Receiving objects:  77% (890/1155)
2023-04-27T15:58:10.9983732Z Receiving objects:  78% (901/1155)
2023-04-27T15:58:10.9983945Z Receiving objects:  79% (913/1155)
2023-04-27T15:58:10.9984158Z Receiving objects:  80% (924/1155)
2023-04-27T15:58:10.9984364Z Receiving objects:  81% (936/1155)
2023-04-27T15:58:10.9984583Z Receiving objects:  82% (948/1155)
2023-04-27T15:58:10.9984788Z Receiving objects:  83% (959/1155)
2023-04-27T15:58:10.9985315Z remote: Total 1155 (delta 158), reused 198 (delta 114), pack-reused 778        
2023-04-27T15:58:10.9985586Z Receiving objects:  84% (971/1155)
2023-04-27T15:58:10.9985798Z Receiving objects:  85% (982/1155)
2023-04-27T15:58:10.9986020Z Receiving objects:  86% (994/1155)
2023-04-27T15:58:10.9986228Z Receiving objects:  87% (1005/1155)
2023-04-27T15:58:10.9986452Z Receiving objects:  88% (1017/1155)
2023-04-27T15:58:10.9986675Z Receiving objects:  89% (1028/1155)
2023-04-27T15:58:10.9986882Z Receiving objects:  90% (1040/1155)
2023-04-27T15:58:10.9987099Z Receiving objects:  91% (1052/1155)
2023-04-27T15:58:10.9987317Z Receiving objects:  92% (1063/1155)
2023-04-27T15:58:10.9987515Z Receiving objects:  93% (1075/1155)
2023-04-27T15:58:10.9988909Z Receiving objects:  94% (1086/1155)
2023-04-27T15:58:11.0026115Z Receiving objects:  95% (1098/1155)
2023-04-27T15:58:11.0026669Z Receiving objects:  96% (1109/1155)
2023-04-27T15:58:11.0032281Z Receiving objects:  97% (1121/1155)
2023-04-27T15:58:11.0032510Z Receiving objects:  98% (1132/1155)
2023-04-27T15:58:11.0032729Z Receiving objects:  99% (1144/1155)
2023-04-27T15:58:11.0032929Z Receiving objects: 100% (1155/1155)
2023-04-27T15:58:11.0033187Z Receiving objects: 100% (1155/1155), 294.60 KiB | 2.32 MiB/s, done.
2023-04-27T15:58:11.0033446Z Resolving deltas:   0% (0/627)
2023-04-27T15:58:11.0033655Z Resolving deltas:   1% (7/627)
2023-04-27T15:58:11.0035512Z Resolving deltas:   2% (13/627)
2023-04-27T15:58:11.0035725Z Resolving deltas:   3% (19/627)
2023-04-27T15:58:11.0035934Z Resolving deltas:   4% (26/627)
2023-04-27T15:58:11.0036132Z Resolving deltas:   5% (32/627)
2023-04-27T15:58:11.0036333Z Resolving deltas:   6% (38/627)
2023-04-27T15:58:11.0036543Z Resolving deltas:   7% (44/627)
2023-04-27T15:58:11.0036738Z Resolving deltas:   8% (51/627)
2023-04-27T15:58:11.0036935Z Resolving deltas:   9% (57/627)
2023-04-27T15:58:11.0037144Z Resolving deltas:  10% (63/627)
2023-04-27T15:58:11.0037340Z Resolving deltas:  11% (69/627)
2023-04-27T15:58:11.0037678Z Resolving deltas:  12% (76/627)
2023-04-27T15:58:11.0037885Z Resolving deltas:  13% (82/627)
2023-04-27T15:58:11.0038078Z Resolving deltas:  14% (88/627)
2023-04-27T15:58:11.0038274Z Resolving deltas:  15% (95/627)
2023-04-27T15:58:11.0038482Z Resolving deltas:  16% (101/627)
2023-04-27T15:58:11.0041455Z Resolving deltas:  17% (107/627)
2023-04-27T15:58:11.0044728Z Resolving deltas:  18% (113/627)
2023-04-27T15:58:11.0044947Z Resolving deltas:  19% (120/627)
2023-04-27T15:58:11.0045151Z Resolving deltas:  20% (126/627)
2023-04-27T15:58:11.0045357Z Resolving deltas:  21% (132/627)
2023-04-27T15:58:11.0045587Z Resolving deltas:  22% (138/627)
2023-04-27T15:58:11.0045787Z Resolving deltas:  23% (145/627)
2023-04-27T15:58:11.0048014Z Resolving deltas:  24% (151/627)
2023-04-27T15:58:11.0048218Z Resolving deltas:  25% (157/627)
2023-04-27T15:58:11.0048434Z Resolving deltas:  26% (164/627)
2023-04-27T15:58:11.0050259Z Resolving deltas:  27% (170/627)
2023-04-27T15:58:11.0050462Z Resolving deltas:  28% (176/627)
2023-04-27T15:58:11.0050858Z Resolving deltas:  29% (182/627)
2023-04-27T15:58:11.0052704Z Resolving deltas:  30% (189/627)
2023-04-27T15:58:11.0052910Z Resolving deltas:  31% (195/627)
2023-04-27T15:58:11.0053114Z Resolving deltas:  32% (201/627)
2023-04-27T15:58:11.0053310Z Resolving deltas:  33% (207/627)
2023-04-27T15:58:11.0054904Z Resolving deltas:  34% (214/627)
2023-04-27T15:58:11.0057729Z Resolving deltas:  35% (220/627)
2023-04-27T15:58:11.0059282Z Resolving deltas:  36% (226/627)
2023-04-27T15:58:11.0062202Z Resolving deltas:  37% (232/627)
2023-04-27T15:58:11.0062609Z Resolving deltas:  38% (239/627)
2023-04-27T15:58:11.0065000Z Resolving deltas:  39% (245/627)
2023-04-27T15:58:11.0073282Z Resolving deltas:  40% (251/627)
2023-04-27T15:58:11.0076878Z Resolving deltas:  41% (258/627)
2023-04-27T15:58:11.0081854Z Resolving deltas:  42% (264/627)
2023-04-27T15:58:11.0086753Z Resolving deltas:  43% (270/627)
2023-04-27T15:58:11.0094170Z Resolving deltas:  44% (276/627)
2023-04-27T15:58:11.0100438Z Resolving deltas:  45% (283/627)
2023-04-27T15:58:11.0105290Z Resolving deltas:  46% (289/627)
2023-04-27T15:58:11.0109662Z Resolving deltas:  47% (295/627)
2023-04-27T15:58:11.0114191Z Resolving deltas:  48% (301/627)
2023-04-27T15:58:11.0117340Z Resolving deltas:  49% (308/627)
2023-04-27T15:58:11.0120918Z Resolving deltas:  50% (314/627)
2023-04-27T15:58:11.0127302Z Resolving deltas:  51% (320/627)
2023-04-27T15:58:11.0133266Z Resolving deltas:  52% (327/627)
2023-04-27T15:58:11.0138663Z Resolving deltas:  53% (333/627)
2023-04-27T15:58:11.0139431Z Resolving deltas:  54% (339/627)
2023-04-27T15:58:11.0149863Z Resolving deltas:  55% (345/627)
2023-04-27T15:58:11.0152412Z Resolving deltas:  56% (352/627)
2023-04-27T15:58:11.0158072Z Resolving deltas:  57% (358/627)
2023-04-27T15:58:11.0168988Z Resolving deltas:  58% (364/627)
2023-04-27T15:58:11.0179093Z Resolving deltas:  59% (370/627)
2023-04-27T15:58:11.0186651Z Resolving deltas:  60% (377/627)
2023-04-27T15:58:11.0194025Z Resolving deltas:  61% (383/627)
2023-04-27T15:58:11.0199739Z Resolving deltas:  62% (389/627)
2023-04-27T15:58:11.0200607Z Resolving deltas:  63% (396/627)
2023-04-27T15:58:11.0203186Z Resolving deltas:  64% (402/627)
2023-04-27T15:58:11.0207331Z Resolving deltas:  65% (408/627)
2023-04-27T15:58:11.0209897Z Resolving deltas:  66% (414/627)
2023-04-27T15:58:11.0210922Z Resolving deltas:  67% (421/627)
2023-04-27T15:58:11.0211863Z Resolving deltas:  68% (427/627)
2023-04-27T15:58:11.0212597Z Resolving deltas:  69% (433/627)
2023-04-27T15:58:11.0213481Z Resolving deltas:  70% (439/627)
2023-04-27T15:58:11.0214273Z Resolving deltas:  71% (446/627)
2023-04-27T15:58:11.0214952Z Resolving deltas:  72% (452/627)
2023-04-27T15:58:11.0222199Z Resolving deltas:  73% (458/627)
2023-04-27T15:58:11.0224269Z Resolving deltas:  74% (464/627)
2023-04-27T15:58:11.0225124Z Resolving deltas:  75% (471/627)
2023-04-27T15:58:11.0225908Z Resolving deltas:  76% (477/627)
2023-04-27T15:58:11.0226633Z Resolving deltas:  77% (483/627)
2023-04-27T15:58:11.0227408Z Resolving deltas:  78% (490/627)
2023-04-27T15:58:11.0228168Z Resolving deltas:  79% (496/627)
2023-04-27T15:58:11.0229366Z Resolving deltas:  80% (502/627)
2023-04-27T15:58:11.0234008Z Resolving deltas:  81% (508/627)
2023-04-27T15:58:11.0240541Z Resolving deltas:  82% (515/627)
2023-04-27T15:58:11.0247230Z Resolving deltas:  83% (521/627)
2023-04-27T15:58:11.0252133Z Resolving deltas:  84% (527/627)
2023-04-27T15:58:11.0254926Z Resolving deltas:  85% (533/627)
2023-04-27T15:58:11.0255869Z Resolving deltas:  86% (540/627)
2023-04-27T15:58:11.0256746Z Resolving deltas:  87% (546/627)
2023-04-27T15:58:11.0257631Z Resolving deltas:  88% (552/627)
2023-04-27T15:58:11.0258427Z Resolving deltas:  89% (559/627)
2023-04-27T15:58:11.0259324Z Resolving deltas:  90% (565/627)
2023-04-27T15:58:11.0260238Z Resolving deltas:  91% (571/627)
2023-04-27T15:58:11.0261539Z Resolving deltas:  92% (577/627)
2023-04-27T15:58:11.0265425Z Resolving deltas:  93% (584/627)
2023-04-27T15:58:11.0273690Z Resolving deltas:  94% (590/627)
2023-04-27T15:58:11.0276659Z Resolving deltas:  95% (596/627)
2023-04-27T15:58:11.0281772Z Resolving deltas:  96% (602/627)
2023-04-27T15:58:11.0287282Z Resolving deltas:  97% (609/627)
2023-04-27T15:58:11.0290609Z Resolving deltas:  98% (615/627)
2023-04-27T15:58:11.0296023Z Resolving deltas:  99% (621/627)
2023-04-27T15:58:11.0303752Z Resolving deltas: 100% (627/627)
2023-04-27T15:58:11.0304013Z Resolving deltas: 100% (627/627), done.
2023-04-27T15:58:11.0461077Z From https://github.com/con/tinuous
2023-04-27T15:58:11.0461986Z  * [new branch]      cleanup         -> origin/cleanup
2023-04-27T15:58:11.0462648Z  * [new branch]      enh-codespell   -> origin/enh-codespell
2023-04-27T15:58:11.0463628Z  * [new branch]      gh-124          -> origin/gh-124
2023-04-27T15:58:11.0464004Z  * [new branch]      gh-55           -> origin/gh-55
2023-04-27T15:58:11.0464348Z  * [new branch]      master          -> origin/master
2023-04-27T15:58:11.0464711Z  * [new branch]      no-extra-search -> origin/no-extra-search
2023-04-27T15:58:11.0465106Z  * [new branch]      test-appveyor   -> origin/test-appveyor
2023-04-27T15:58:11.0465424Z  * [new tag]         0.1.0           -> 0.1.0
2023-04-27T15:58:11.0465710Z  * [new tag]         0.2.0           -> 0.2.0
2023-04-27T15:58:11.0465984Z  * [new tag]         0.3.0           -> 0.3.0
2023-04-27T15:58:11.0466249Z  * [new tag]         0.4.0           -> 0.4.0
2023-04-27T15:58:11.0466509Z  * [new tag]         0.5.0           -> 0.5.0
2023-04-27T15:58:11.0466779Z  * [new tag]         0.5.1           -> 0.5.1
2023-04-27T15:58:11.0467046Z  * [new tag]         0.5.2           -> 0.5.2
2023-04-27T15:58:11.0467303Z  * [new tag]         0.5.3           -> 0.5.3
2023-04-27T15:58:11.0467564Z  * [new tag]         0.5.4           -> 0.5.4
2023-04-27T15:58:11.0467819Z  * [new tag]         0.6.0           -> 0.6.0
2023-04-27T15:58:11.0468290Z  * [new tag]         0.6.1           -> 0.6.1
2023-04-27T15:58:11.0505969Z [command]/usr/bin/git branch --list --remote origin/enh-codespell
2023-04-27T15:58:11.0533920Z   origin/enh-codespell
2023-04-27T15:58:11.0551121Z [command]/usr/bin/git rev-parse refs/remotes/origin/enh-codespell
2023-04-27T15:58:11.0596512Z 8ba8c138c90981223883ffd71c2748078e1dc088
2023-04-27T15:58:11.0675522Z ##[endgroup]
2023-04-27T15:58:11.0676333Z ##[group]Determining the checkout info
2023-04-27T15:58:11.0681668Z ##[endgroup]
2023-04-27T15:58:11.0682359Z ##[group]Checking out the ref
2023-04-27T15:58:11.0683225Z [command]/usr/bin/git checkout --progress --force -B enh-codespell refs/remotes/origin/enh-codespell
2023-04-27T15:58:11.0698010Z branch 'enh-codespell' set up to track 'origin/enh-codespell'.
2023-04-27T15:58:11.0748207Z Switched to a new branch 'enh-codespell'
2023-04-27T15:58:11.0750612Z ##[endgroup]
2023-04-27T15:58:11.0769618Z [command]/usr/bin/git log -1 --format='%H'
2023-04-27T15:58:11.0797166Z '8ba8c138c90981223883ffd71c2748078e1dc088'
2023-04-27T15:58:11.1176404Z ##[group]Run actions/setup-python@v4
2023-04-27T15:58:11.1176635Z with:
2023-04-27T15:58:11.1176825Z   python-version: 3.8
2023-04-27T15:58:11.1177027Z   check-latest: false
2023-04-27T15:58:11.1177397Z   token: ***
2023-04-27T15:58:11.1177599Z   update-environment: true
2023-04-27T15:58:11.1177828Z   allow-prereleases: false
2023-04-27T15:58:11.1178019Z ##[endgroup]
2023-04-27T15:58:11.3004927Z ##[group]Installed versions
2023-04-27T15:58:11.3140620Z Successfully set up CPython (3.8.16)
2023-04-27T15:58:11.3142958Z ##[endgroup]
2023-04-27T15:58:11.3288401Z ##[group]Run python -m pip install --upgrade pip wheel
2023-04-27T15:58:11.3288800Z [36;1mpython -m pip install --upgrade pip wheel[0m
2023-04-27T15:58:11.3289209Z [36;1mpython -m pip install --upgrade --upgrade-strategy=eager tox[0m
2023-04-27T15:58:11.3347365Z shell: /usr/bin/bash -e {0}
2023-04-27T15:58:11.3347576Z env:
2023-04-27T15:58:11.3347839Z   pythonLocation: /opt/hostedtoolcache/Python/3.8.16/x64
2023-04-27T15:58:11.3348187Z   PKG_CONFIG_PATH: /opt/hostedtoolcache/Python/3.8.16/x64/lib/pkgconfig
2023-04-27T15:58:11.3348501Z   Python_ROOT_DIR: /opt/hostedtoolcache/Python/3.8.16/x64
2023-04-27T15:58:11.3348802Z   Python2_ROOT_DIR: /opt/hostedtoolcache/Python/3.8.16/x64
2023-04-27T15:58:11.3349085Z   Python3_ROOT_DIR: /opt/hostedtoolcache/Python/3.8.16/x64
2023-04-27T15:58:11.3349381Z   LD_LIBRARY_PATH: /opt/hostedtoolcache/Python/3.8.16/x64/lib
2023-04-27T15:58:11.3349616Z ##[endgroup]
2023-04-27T15:58:15.3772928Z Requirement already satisfied: pip in /opt/hostedtoolcache/Python/3.8.16/x64/lib/python3.8/site-packages (22.0.4)
2023-04-27T15:58:15.6384956Z Collecting pip
2023-04-27T15:58:15.7745248Z   Downloading pip-23.1.2-py3-none-any.whl (2.1 MB)
2023-04-27T15:58:15.8729022Z      ━━━━━━━━━━━━━━━━━━━━━━━━━━━━━━━━━━━━━━━━ 2.1/2.1 MB 22.1 MB/s eta 0:00:00
2023-04-27T15:58:15.9447373Z Collecting wheel
2023-04-27T15:58:15.9608340Z   Downloading wheel-0.40.0-py3-none-any.whl (64 kB)
2023-04-27T15:58:15.9658288Z      ━━━━━━━━━━━━━━━━━━━━━━━━━━━━━━━━━━━━━━━━ 64.5/64.5 kB 22.1 MB/s eta 0:00:00
2023-04-27T15:58:16.0154010Z Installing collected packages: wheel, pip
2023-04-27T15:58:16.0620744Z   Attempting uninstall: pip
2023-04-27T15:58:16.0631480Z     Found existing installation: pip 22.0.4
2023-04-27T15:58:16.1295728Z     Uninstalling pip-22.0.4:
2023-04-27T15:58:16.1972606Z       Successfully uninstalled pip-22.0.4
2023-04-27T15:58:17.2852833Z Successfully installed pip-23.1.2 wheel-0.40.0
2023-04-27T15:58:18.3182759Z Collecting tox
2023-04-27T15:58:18.4525011Z   Downloading tox-4.5.1-py3-none-any.whl (148 kB)
2023-04-27T15:58:18.4981983Z      ━━━━━━━━━━━━━━━━━━━━━━━━━━━━━━━━━━━━━━━ 149.0/149.0 kB 3.4 MB/s eta 0:00:00
2023-04-27T15:58:18.5748286Z Collecting cachetools>=5.3 (from tox)
2023-04-27T15:58:18.5911967Z   Downloading cachetools-5.3.0-py3-none-any.whl (9.3 kB)
2023-04-27T15:58:18.6229683Z Collecting chardet>=5.1 (from tox)
2023-04-27T15:58:18.6401163Z   Downloading chardet-5.1.0-py3-none-any.whl (199 kB)
2023-04-27T15:58:18.6653505Z      ━━━━━━━━━━━━━━━━━━━━━━━━━━━━━━━━━━━━━━━ 199.1/199.1 kB 8.5 MB/s eta 0:00:00
2023-04-27T15:58:18.7108090Z Collecting colorama>=0.4.6 (from tox)
2023-04-27T15:58:18.7273604Z   Downloading colorama-0.4.6-py2.py3-none-any.whl (25 kB)
2023-04-27T15:58:18.7748058Z Collecting filelock>=3.11 (from tox)
2023-04-27T15:58:18.7912793Z   Downloading filelock-3.12.0-py3-none-any.whl (10 kB)
2023-04-27T15:58:18.8399128Z Collecting packaging>=23.1 (from tox)
2023-04-27T15:58:18.8563076Z   Downloading packaging-23.1-py3-none-any.whl (48 kB)
2023-04-27T15:58:18.8640610Z      ━━━━━━━━━━━━━━━━━━━━━━━━━━━━━━━━━━━━━━━━ 48.9/48.9 kB 7.5 MB/s eta 0:00:00
2023-04-27T15:58:18.9026660Z Collecting platformdirs>=3.2 (from tox)
2023-04-27T15:58:18.9192608Z   Downloading platformdirs-3.4.0-py3-none-any.whl (15 kB)
2023-04-27T15:58:18.9572967Z Collecting pluggy>=1 (from tox)
2023-04-27T15:58:18.9734923Z   Downloading pluggy-1.0.0-py2.py3-none-any.whl (13 kB)
2023-04-27T15:58:19.0063965Z Collecting pyproject-api>=1.5.1 (from tox)
2023-04-27T15:58:19.0227430Z   Downloading pyproject_api-1.5.1-py3-none-any.whl (12 kB)
2023-04-27T15:58:19.0621968Z Collecting tomli>=2.0.1 (from tox)
2023-04-27T15:58:19.0785499Z   Downloading tomli-2.0.1-py3-none-any.whl (12 kB)
2023-04-27T15:58:19.2126186Z Collecting virtualenv>=20.21 (from tox)
2023-04-27T15:58:19.2311650Z   Downloading virtualenv-20.22.0-py3-none-any.whl (3.2 MB)
2023-04-27T15:58:19.4646215Z      ━━━━━━━━━━━━━━━━━━━━━━━━━━━━━━━━━━━━━━━━ 3.2/3.2 MB 14.0 MB/s eta 0:00:00
2023-04-27T15:58:19.5876903Z Collecting distlib<1,>=0.3.6 (from virtualenv>=20.21->tox)
2023-04-27T15:58:19.6078192Z   Downloading distlib-0.3.6-py2.py3-none-any.whl (468 kB)
2023-04-27T15:58:19.6323013Z      ━━━━━━━━━━━━━━━━━━━━━━━━━━━━━━━━━━━━━━ 468.5/468.5 kB 21.4 MB/s eta 0:00:00
2023-04-27T15:58:19.7798969Z Installing collected packages: distlib, tomli, pluggy, platformdirs, packaging, filelock, colorama, chardet, cachetools, virtualenv, pyproject-api, tox
2023-04-27T15:58:20.4045700Z Successfully installed cachetools-5.3.0 chardet-5.1.0 colorama-0.4.6 distlib-0.3.6 filelock-3.12.0 packaging-23.1 platformdirs-3.4.0 pluggy-1.0.0 pyproject-api-1.5.1 tomli-2.0.1 tox-4.5.1 virtualenv-20.22.0
2023-04-27T15:58:20.5655239Z ##[group]Run tox -e typing
2023-04-27T15:58:20.5655478Z [36;1mtox -e typing[0m
2023-04-27T15:58:20.5708064Z shell: /usr/bin/bash -e {0}
2023-04-27T15:58:20.5708267Z env:
2023-04-27T15:58:20.5708522Z   pythonLocation: /opt/hostedtoolcache/Python/3.8.16/x64
2023-04-27T15:58:20.5708862Z   PKG_CONFIG_PATH: /opt/hostedtoolcache/Python/3.8.16/x64/lib/pkgconfig
2023-04-27T15:58:20.5709176Z   Python_ROOT_DIR: /opt/hostedtoolcache/Python/3.8.16/x64
2023-04-27T15:58:20.5709478Z   Python2_ROOT_DIR: /opt/hostedtoolcache/Python/3.8.16/x64
2023-04-27T15:58:20.5709768Z   Python3_ROOT_DIR: /opt/hostedtoolcache/Python/3.8.16/x64
2023-04-27T15:58:20.5710058Z   LD_LIBRARY_PATH: /opt/hostedtoolcache/Python/3.8.16/x64/lib
2023-04-27T15:58:20.5710304Z ##[endgroup]
2023-04-27T15:58:21.2985437Z typing: install_deps> python -I -m pip install mypy pytest pytest-cov pytest-mock types-python-dateutil types-PyYAML types-requests
2023-04-27T15:58:26.5857184Z .pkg: install_requires> python -I -m pip install 'setuptools>=46.4.0' versioningit
2023-04-27T15:58:28.5227694Z .pkg: _optional_hooks> python /opt/hostedtoolcache/Python/3.8.16/x64/lib/python3.8/site-packages/pyproject_api/_backend.py True setuptools.build_meta
2023-04-27T15:58:28.8207362Z .pkg: get_requires_for_build_sdist> python /opt/hostedtoolcache/Python/3.8.16/x64/lib/python3.8/site-packages/pyproject_api/_backend.py True setuptools.build_meta
2023-04-27T15:58:28.9616100Z .pkg: freeze> python -m pip freeze --all
2023-04-27T15:58:29.3226121Z .pkg: importlib-metadata==6.6.0,packaging==23.1,pip==23.1,setuptools==67.6.1,tomli==2.0.1,versioningit==2.2.0,wheel==0.40.0,zipp==3.15.0
2023-04-27T15:58:29.3232356Z .pkg: prepare_metadata_for_build_wheel> python /opt/hostedtoolcache/Python/3.8.16/x64/lib/python3.8/site-packages/pyproject_api/_backend.py True setuptools.build_meta
2023-04-27T15:58:29.4721271Z .pkg: build_sdist> python /opt/hostedtoolcache/Python/3.8.16/x64/lib/python3.8/site-packages/pyproject_api/_backend.py True setuptools.build_meta
2023-04-27T15:58:29.5564983Z typing: install_package_deps> python -I -m pip install 'PyGithub~=1.55' 'PyYAML>=5.0' 'click-loglevel~=0.2' 'click>=7.0' 'in-place~=0.4' 'pydantic~=1.7' 'python-dateutil~=2.7' 'python-dotenv<2.0,>=0.11' 'requests~=2.20'
2023-04-27T15:58:34.9390020Z typing: install_package> python -I -m pip install --force-reinstall --no-deps /home/runner/work/tinuous/tinuous/.tox/.tmp/package/1/tinuous-0.6.1.post13+g8ba8c13.tar.gz
2023-04-27T15:58:39.5905998Z typing: freeze> python -m pip freeze --all
2023-04-27T15:58:39.9752305Z typing: certifi==2022.12.7,cffi==1.15.1,charset-normalizer==3.1.0,click==8.1.3,click-loglevel==0.4.0.post1,coverage==7.2.3,cryptography==40.0.2,Deprecated==1.2.13,exceptiongroup==1.1.1,idna==3.4,in-place==0.5.0,iniconfig==2.0.0,mypy==1.2.0,mypy-extensions==1.0.0,packaging==23.1,pip==23.1,pluggy==1.0.0,pycparser==2.21,pydantic==1.10.7,PyGithub==1.58.1,PyJWT==2.6.0,PyNaCl==1.5.0,pytest==7.3.1,pytest-cov==4.0.0,pytest-mock==3.10.0,python-dateutil==2.8.2,python-dotenv==1.0.0,PyYAML==6.0,requests==2.29.0,setuptools==67.6.1,six==1.16.0,tinuous @ file:///home/runner/work/tinuous/tinuous/.tox/.tmp/package/1/tinuous-0.6.1.post13%2Bg8ba8c13.tar.gz#sha256=e1b4343c0797b03c89985b87166e4f4320927f143c95de398ea2808b18130734,tomli==2.0.1,types-python-dateutil==2.8.19.12,types-PyYAML==6.0.12.9,types-requests==2.28.11.17,types-urllib3==1.26.25.11,typing_extensions==4.5.0,urllib3==1.26.15,wheel==0.40.0,wrapt==1.15.0
2023-04-27T15:58:39.9759857Z typing: commands[0]> mypy src test
2023-04-27T15:58:48.6217886Z Success: no issues found in 14 source files
2023-04-27T15:58:48.6338416Z .pkg: _exit> python /opt/hostedtoolcache/Python/3.8.16/x64/lib/python3.8/site-packages/pyproject_api/_backend.py True setuptools.build_meta
2023-04-27T15:58:48.6607610Z   typing: OK (27.63=setup[18.98]+cmd[8.66] seconds)
2023-04-27T15:58:48.6607930Z   congratulations :) (27.90 seconds)
2023-04-27T15:58:48.6955015Z Post job cleanup.
2023-04-27T15:58:48.8511463Z Post job cleanup.
2023-04-27T15:58:48.9523984Z [command]/usr/bin/git version
2023-04-27T15:58:48.9568397Z git version 2.40.1
2023-04-27T15:58:48.9610807Z Temporarily overriding HOME='/home/runner/work/_temp/133a9304-168e-44ce-86d4-fdf55e9591a1' before making global git config changes
2023-04-27T15:58:48.9611894Z Adding repository directory to the temporary git global config as a safe directory
2023-04-27T15:58:48.9617605Z [command]/usr/bin/git config --global --add safe.directory /home/runner/work/tinuous/tinuous
2023-04-27T15:58:48.9656855Z [command]/usr/bin/git config --local --name-only --get-regexp core\.sshCommand
2023-04-27T15:58:48.9691307Z [command]/usr/bin/git submodule foreach --recursive sh -c "git config --local --name-only --get-regexp 'core\.sshCommand' && git config --local --unset-all 'core.sshCommand' || :"
2023-04-27T15:58:48.9938288Z [command]/usr/bin/git config --local --name-only --get-regexp http\.https\:\/\/github\.com\/\.extraheader
2023-04-27T15:58:48.9966540Z http.https://github.com/.extraheader
2023-04-27T15:58:48.9980162Z [command]/usr/bin/git config --local --unset-all http.https://github.com/.extraheader
2023-04-27T15:58:49.0015274Z [command]/usr/bin/git submodule foreach --recursive sh -c "git config --local --name-only --get-regexp 'http\.https\:\/\/github\.com\/\.extraheader' && git config --local --unset-all 'http.https://github.com/.extraheader' || :"
2023-04-27T15:58:49.0428684Z Cleaning up orphan processes
