2023-11-09T17:10:38.8429900Z Requested labels: ubuntu-latest
2023-11-09T17:10:38.8430292Z Job defined at: con/tinuous/.github/workflows/test.yml@refs/pull/178/merge
2023-11-09T17:10:38.8430466Z Waiting for a runner to pick up this job...
2023-11-09T17:11:07.1532599Z Job is waiting for a hosted runner to come online.
2023-11-09T17:11:09.9129506Z Job is about to start running on the hosted runner: GitHub Actions 10 (hosted)
2023-11-09T17:11:12.8241031Z Current runner version: '2.311.0'
2023-11-09T17:11:12.8272603Z ##[group]Operating System
2023-11-09T17:11:12.8273398Z Ubuntu
2023-11-09T17:11:12.8273841Z 22.04.3
2023-11-09T17:11:12.8274363Z LTS
2023-11-09T17:11:12.8274754Z ##[endgroup]
2023-11-09T17:11:12.8275253Z ##[group]Runner Image
2023-11-09T17:11:12.8275904Z Image: ubuntu-22.04
2023-11-09T17:11:12.8276391Z Version: 20231030.2.0
2023-11-09T17:11:12.8278006Z Included Software: https://github.com/actions/runner-images/blob/ubuntu22/20231030.2/images/linux/Ubuntu2204-Readme.md
2023-11-09T17:11:12.8280050Z Image Release: https://github.com/actions/runner-images/releases/tag/ubuntu22%2F20231030.2
2023-11-09T17:11:12.8281188Z ##[endgroup]
2023-11-09T17:11:12.8281731Z ##[group]Runner Image Provisioner
2023-11-09T17:11:12.8282441Z 2.0.312.1
2023-11-09T17:11:12.8282858Z ##[endgroup]
2023-11-09T17:11:12.8285786Z ##[group]GITHUB_TOKEN Permissions
2023-11-09T17:11:12.8288090Z Actions: write
2023-11-09T17:11:12.8288606Z Checks: write
2023-11-09T17:11:12.8289477Z Contents: write
2023-11-09T17:11:12.8290118Z Deployments: write
2023-11-09T17:11:12.8290728Z Discussions: write
2023-11-09T17:11:12.8291203Z Issues: write
2023-11-09T17:11:12.8291709Z Metadata: read
2023-11-09T17:11:12.8292269Z Packages: write
2023-11-09T17:11:12.8292740Z Pages: write
2023-11-09T17:11:12.8293239Z PullRequests: write
2023-11-09T17:11:12.8293865Z RepositoryProjects: write
2023-11-09T17:11:12.8294444Z SecurityEvents: write
2023-11-09T17:11:12.8294999Z Statuses: write
2023-11-09T17:11:12.8295559Z ##[endgroup]
2023-11-09T17:11:12.8299615Z Secret source: Actions
2023-11-09T17:11:12.8300438Z Prepare workflow directory
2023-11-09T17:11:12.9082682Z Prepare all required actions
2023-11-09T17:11:12.9286034Z Getting action download info
2023-11-09T17:11:13.1393530Z Download action repository 'actions/checkout@v4' (SHA:b4ffde65f46336ab88eb53be808477a3936bae11)
2023-11-09T17:11:13.2866728Z Download action repository 'actions/setup-python@v4' (SHA:65d7f2d534ac1bc67fcd62888c5f4f3d2cb2b236)
2023-11-09T17:11:13.3605227Z Download action repository 'codecov/codecov-action@v3' (SHA:eaaf4bedf32dbdc6b720b63067d99c4d77d6047d)
2023-11-09T17:11:13.7626901Z Complete job name: test (3.8, typing)
2023-11-09T17:11:13.8748366Z ##[group]Run actions/checkout@v4
2023-11-09T17:11:13.8749023Z with:
2023-11-09T17:11:13.8749394Z   fetch-depth: 0
2023-11-09T17:11:13.8749810Z   repository: con/tinuous
2023-11-09T17:11:13.8750730Z   token: ***
2023-11-09T17:11:13.8751135Z   ssh-strict: true
2023-11-09T17:11:13.8751594Z   persist-credentials: true
2023-11-09T17:11:13.8752080Z   clean: true
2023-11-09T17:11:13.8752521Z   sparse-checkout-cone-mode: true
2023-11-09T17:11:13.8753096Z   fetch-tags: false
2023-11-09T17:11:13.8753531Z   show-progress: true
2023-11-09T17:11:13.8753961Z   lfs: false
2023-11-09T17:11:13.8754338Z   submodules: false
2023-11-09T17:11:13.8754791Z   set-safe-directory: true
2023-11-09T17:11:13.8755277Z ##[endgroup]
2023-11-09T17:11:14.1625635Z Syncing repository: con/tinuous
2023-11-09T17:11:14.1628160Z ##[group]Getting Git version info
2023-11-09T17:11:14.1629267Z Working directory is '/home/runner/work/tinuous/tinuous'
2023-11-09T17:11:14.1673478Z [command]/usr/bin/git version
2023-11-09T17:11:14.1762070Z git version 2.42.0
2023-11-09T17:11:14.1790640Z ##[endgroup]
2023-11-09T17:11:14.1835969Z Temporarily overriding HOME='/home/runner/work/_temp/6ca1d511-211c-4323-b825-e3031d393e95' before making global git config changes
2023-11-09T17:11:14.1838067Z Adding repository directory to the temporary git global config as a safe directory
2023-11-09T17:11:14.1840952Z [command]/usr/bin/git config --global --add safe.directory /home/runner/work/tinuous/tinuous
2023-11-09T17:11:14.1883892Z Deleting the contents of '/home/runner/work/tinuous/tinuous'
2023-11-09T17:11:14.1895555Z ##[group]Initializing the repository
2023-11-09T17:11:14.1899142Z [command]/usr/bin/git init /home/runner/work/tinuous/tinuous
2023-11-09T17:11:14.1998073Z hint: Using 'master' as the name for the initial branch. This default branch name
2023-11-09T17:11:14.2000204Z hint: is subject to change. To configure the initial branch name to use in all
2023-11-09T17:11:14.2001647Z hint: of your new repositories, which will suppress this warning, call:
2023-11-09T17:11:14.2002650Z hint: 
2023-11-09T17:11:14.2003372Z hint: 	git config --global init.defaultBranch <name>
2023-11-09T17:11:14.2004171Z hint: 
2023-11-09T17:11:14.2005016Z hint: Names commonly chosen instead of 'master' are 'main', 'trunk' and
2023-11-09T17:11:14.2006447Z hint: 'development'. The just-created branch can be renamed via this command:
2023-11-09T17:11:14.2007471Z hint: 
2023-11-09T17:11:14.2007984Z hint: 	git branch -m <name>
2023-11-09T17:11:14.2021701Z Initialized empty Git repository in /home/runner/work/tinuous/tinuous/.git/
2023-11-09T17:11:14.2034084Z [command]/usr/bin/git remote add origin https://github.com/con/tinuous
2023-11-09T17:11:14.2076137Z ##[endgroup]
2023-11-09T17:11:14.2077104Z ##[group]Disabling automatic garbage collection
2023-11-09T17:11:14.2079537Z [command]/usr/bin/git config --local gc.auto 0
2023-11-09T17:11:14.2112137Z ##[endgroup]
2023-11-09T17:11:14.2113003Z ##[group]Setting up auth
2023-11-09T17:11:14.2118604Z [command]/usr/bin/git config --local --name-only --get-regexp core\.sshCommand
2023-11-09T17:11:14.2151551Z [command]/usr/bin/git submodule foreach --recursive sh -c "git config --local --name-only --get-regexp 'core\.sshCommand' && git config --local --unset-all 'core.sshCommand' || :"
2023-11-09T17:11:14.2537504Z [command]/usr/bin/git config --local --name-only --get-regexp http\.https\:\/\/github\.com\/\.extraheader
2023-11-09T17:11:14.2569827Z [command]/usr/bin/git submodule foreach --recursive sh -c "git config --local --name-only --get-regexp 'http\.https\:\/\/github\.com\/\.extraheader' && git config --local --unset-all 'http.https://github.com/.extraheader' || :"
2023-11-09T17:11:14.2833832Z [command]/usr/bin/git config --local http.https://github.com/.extraheader AUTHORIZATION: basic ***
2023-11-09T17:11:14.2965714Z ##[endgroup]
2023-11-09T17:11:14.2967167Z ##[group]Fetching the repository
2023-11-09T17:11:14.2977806Z [command]/usr/bin/git -c protocol.version=2 fetch --prune --no-recurse-submodules origin +refs/heads/*:refs/remotes/origin/* +refs/tags/*:refs/tags/* +899460c6ee163943b0e9a3be699bf38f949de2be:refs/remotes/pull/178/merge
2023-11-09T17:11:14.8381717Z From https://github.com/con/tinuous
2023-11-09T17:11:14.8383380Z  * [new branch]      gh-55                                    -> origin/gh-55
2023-11-09T17:11:14.8384670Z  * [new branch]      ghtoken                                  -> origin/ghtoken
2023-11-09T17:11:14.8386249Z  * [new branch]      headers                                  -> origin/headers
2023-11-09T17:11:14.8387596Z  * [new branch]      limit-ci                                 -> origin/limit-ci
2023-11-09T17:11:14.8388866Z  * [new branch]      master                                   -> origin/master
2023-11-09T17:11:14.8390097Z  * [new branch]      mypy-import                              -> origin/mypy-import
2023-11-09T17:11:14.8391555Z  * [new branch]      no-extra-search                          -> origin/no-extra-search
2023-11-09T17:11:14.8392962Z  * [new branch]      pragmata                                 -> origin/pragmata
2023-11-09T17:11:14.8394207Z  * [new branch]      py312                                    -> origin/py312
2023-11-09T17:11:14.8395571Z  * [new branch]      test-appveyor                            -> origin/test-appveyor
2023-11-09T17:11:14.8396895Z  * [new branch]      unused                                   -> origin/unused
2023-11-09T17:11:14.8398282Z  * [new branch]      updates                                  -> origin/updates
2023-11-09T17:11:14.8400162Z  * [new tag]         0.1.0                                    -> 0.1.0
2023-11-09T17:11:14.8401136Z  * [new tag]         0.2.0                                    -> 0.2.0
2023-11-09T17:11:14.8402138Z  * [new tag]         0.3.0                                    -> 0.3.0
2023-11-09T17:11:14.8403246Z  * [new tag]         0.4.0                                    -> 0.4.0
2023-11-09T17:11:14.8404765Z  * [new tag]         0.5.0                                    -> 0.5.0
2023-11-09T17:11:14.8405863Z  * [new tag]         0.5.1                                    -> 0.5.1
2023-11-09T17:11:14.8407065Z  * [new tag]         0.5.2                                    -> 0.5.2
2023-11-09T17:11:14.8408150Z  * [new tag]         0.5.3                                    -> 0.5.3
2023-11-09T17:11:14.8409356Z  * [new tag]         0.5.4                                    -> 0.5.4
2023-11-09T17:11:14.8410420Z  * [new tag]         0.6.0                                    -> 0.6.0
2023-11-09T17:11:14.8411511Z  * [new tag]         0.6.1                                    -> 0.6.1
2023-11-09T17:11:14.8412812Z  * [new ref]         899460c6ee163943b0e9a3be699bf38f949de2be -> pull/178/merge
2023-11-09T17:11:14.8416633Z ##[endgroup]
2023-11-09T17:11:14.8417895Z ##[group]Determining the checkout info
2023-11-09T17:11:14.8419085Z ##[endgroup]
2023-11-09T17:11:14.8420117Z ##[group]Checking out the ref
2023-11-09T17:11:14.8421393Z [command]/usr/bin/git checkout --progress --force refs/remotes/pull/178/merge
2023-11-09T17:11:14.8422761Z Note: switching to 'refs/remotes/pull/178/merge'.
2023-11-09T17:11:14.8423407Z 
2023-11-09T17:11:14.8424513Z You are in 'detached HEAD' state. You can look around, make experimental
2023-11-09T17:11:14.8425705Z changes and commit them, and you can discard any commits you make in this
2023-11-09T17:11:14.8426969Z state without impacting any branches by switching back to a branch.
2023-11-09T17:11:14.8427700Z 
2023-11-09T17:11:14.8428289Z If you want to create a new branch to retain commits you create, you may
2023-11-09T17:11:14.8429644Z do so (now or later) by using -c with the switch command. Example:
2023-11-09T17:11:14.8430383Z 
2023-11-09T17:11:14.8430914Z   git switch -c <new-branch-name>
2023-11-09T17:11:14.8431331Z 
2023-11-09T17:11:14.8431540Z Or undo this operation with:
2023-11-09T17:11:14.8431954Z 
2023-11-09T17:11:14.8432242Z   git switch -
2023-11-09T17:11:14.8432614Z 
2023-11-09T17:11:14.8433368Z Turn off this advice by setting config variable advice.detachedHead to false
2023-11-09T17:11:14.8434112Z 
2023-11-09T17:11:14.8435565Z HEAD is now at 899460c Merge 59fe3fbbeed5791fac30a9b14106a8249dc7850e into ede2bc8495053966aa663cb1c72d56cd9bb5cee0
2023-11-09T17:11:14.8439754Z ##[endgroup]
2023-11-09T17:11:14.8442612Z [command]/usr/bin/git log -1 --format='%H'
2023-11-09T17:11:14.8443542Z '899460c6ee163943b0e9a3be699bf38f949de2be'
2023-11-09T17:11:14.8895276Z ##[group]Run actions/setup-python@v4
2023-11-09T17:11:14.8895803Z with:
2023-11-09T17:11:14.8896134Z   python-version: 3.8
2023-11-09T17:11:14.8896542Z   check-latest: false
2023-11-09T17:11:14.8897128Z   token: ***
2023-11-09T17:11:14.8897481Z   update-environment: true
2023-11-09T17:11:14.8897942Z   allow-prereleases: false
2023-11-09T17:11:14.8898369Z ##[endgroup]
2023-11-09T17:11:15.1979772Z ##[group]Installed versions
2023-11-09T17:11:15.2030817Z Successfully set up CPython (3.8.18)
2023-11-09T17:11:15.2031699Z ##[endgroup]
2023-11-09T17:11:15.2170190Z ##[group]Run python -m pip install --upgrade pip wheel
2023-11-09T17:11:15.2170973Z [36;1mpython -m pip install --upgrade pip wheel[0m
2023-11-09T17:11:15.2171758Z [36;1mpython -m pip install --upgrade --upgrade-strategy=eager tox[0m
2023-11-09T17:11:15.2231499Z shell: /usr/bin/bash -e {0}
2023-11-09T17:11:15.2231958Z env:
2023-11-09T17:11:15.2232387Z   pythonLocation: /opt/hostedtoolcache/Python/3.8.18/x64
2023-11-09T17:11:15.2233193Z   PKG_CONFIG_PATH: /opt/hostedtoolcache/Python/3.8.18/x64/lib/pkgconfig
2023-11-09T17:11:15.2233994Z   Python_ROOT_DIR: /opt/hostedtoolcache/Python/3.8.18/x64
2023-11-09T17:11:15.2234685Z   Python2_ROOT_DIR: /opt/hostedtoolcache/Python/3.8.18/x64
2023-11-09T17:11:15.2235393Z   Python3_ROOT_DIR: /opt/hostedtoolcache/Python/3.8.18/x64
2023-11-09T17:11:15.2236112Z   LD_LIBRARY_PATH: /opt/hostedtoolcache/Python/3.8.18/x64/lib
2023-11-09T17:11:15.2236702Z ##[endgroup]
2023-11-09T17:11:19.0824104Z Requirement already satisfied: pip in /opt/hostedtoolcache/Python/3.8.18/x64/lib/python3.8/site-packages (23.0.1)
2023-11-09T17:11:19.3016882Z Collecting pip
2023-11-09T17:11:19.3866945Z   Downloading pip-23.3.1-py3-none-any.whl.metadata (3.5 kB)
2023-11-09T17:11:19.4370810Z Collecting wheel
2023-11-09T17:11:19.4422931Z   Downloading wheel-0.41.3-py3-none-any.whl.metadata (2.2 kB)
2023-11-09T17:11:19.4559721Z Downloading pip-23.3.1-py3-none-any.whl (2.1 MB)
2023-11-09T17:11:19.5213582Z    ━━━━━━━━━━━━━━━━━━━━━━━━━━━━━━━━━━━━━━━━ 2.1/2.1 MB 34.1 MB/s eta 0:00:00
2023-11-09T17:11:19.5262397Z Downloading wheel-0.41.3-py3-none-any.whl (65 kB)
2023-11-09T17:11:19.5335524Z    ━━━━━━━━━━━━━━━━━━━━━━━━━━━━━━━━━━━━━━━━ 65.8/65.8 kB 13.3 MB/s eta 0:00:00
2023-11-09T17:11:19.6043880Z Installing collected packages: wheel, pip
2023-11-09T17:11:19.6555725Z   Attempting uninstall: pip
2023-11-09T17:11:19.6564921Z     Found existing installation: pip 23.0.1
2023-11-09T17:11:19.7506355Z     Uninstalling pip-23.0.1:
2023-11-09T17:11:19.8015835Z       Successfully uninstalled pip-23.0.1
2023-11-09T17:11:21.0653471Z Successfully installed pip-23.3.1 wheel-0.41.3
2023-11-09T17:11:22.0804942Z Collecting tox
2023-11-09T17:11:22.1608870Z   Downloading tox-4.11.3-py3-none-any.whl.metadata (5.0 kB)
2023-11-09T17:11:22.2301603Z Collecting cachetools>=5.3.1 (from tox)
2023-11-09T17:11:22.2353206Z   Downloading cachetools-5.3.2-py3-none-any.whl.metadata (5.2 kB)
2023-11-09T17:11:22.2595345Z Collecting chardet>=5.2 (from tox)
2023-11-09T17:11:22.2641859Z   Downloading chardet-5.2.0-py3-none-any.whl.metadata (3.4 kB)
2023-11-09T17:11:22.2972213Z Collecting colorama>=0.4.6 (from tox)
2023-11-09T17:11:22.3020376Z   Downloading colorama-0.4.6-py2.py3-none-any.whl (25 kB)
2023-11-09T17:11:22.3486155Z Collecting filelock>=3.12.3 (from tox)
2023-11-09T17:11:22.3533478Z   Downloading filelock-3.13.1-py3-none-any.whl.metadata (2.8 kB)
2023-11-09T17:11:22.3913638Z Collecting packaging>=23.1 (from tox)
2023-11-09T17:11:22.3965238Z   Downloading packaging-23.2-py3-none-any.whl.metadata (3.2 kB)
2023-11-09T17:11:22.4333593Z Collecting platformdirs>=3.10 (from tox)
2023-11-09T17:11:22.4389590Z   Downloading platformdirs-3.11.0-py3-none-any.whl.metadata (11 kB)
2023-11-09T17:11:22.4704009Z Collecting pluggy>=1.3 (from tox)
2023-11-09T17:11:22.4754363Z   Downloading pluggy-1.3.0-py3-none-any.whl.metadata (4.3 kB)
2023-11-09T17:11:22.5029509Z Collecting pyproject-api>=1.6.1 (from tox)
2023-11-09T17:11:22.5083003Z   Downloading pyproject_api-1.6.1-py3-none-any.whl.metadata (2.8 kB)
2023-11-09T17:11:22.5372676Z Collecting tomli>=2.0.1 (from tox)
2023-11-09T17:11:22.5423031Z   Downloading tomli-2.0.1-py3-none-any.whl (12 kB)
2023-11-09T17:11:22.6596604Z Collecting virtualenv>=20.24.3 (from tox)
2023-11-09T17:11:22.6648248Z   Downloading virtualenv-20.24.6-py3-none-any.whl.metadata (4.5 kB)
2023-11-09T17:11:22.7713360Z Collecting distlib<1,>=0.3.7 (from virtualenv>=20.24.3->tox)
2023-11-09T17:11:22.7757978Z   Downloading distlib-0.3.7-py2.py3-none-any.whl.metadata (5.1 kB)
2023-11-09T17:11:22.8009806Z Downloading tox-4.11.3-py3-none-any.whl (153 kB)
2023-11-09T17:11:22.8123082Z    ━━━━━━━━━━━━━━━━━━━━━━━━━━━━━━━━━━━━━━━━ 153.8/153.8 kB 18.0 MB/s eta 0:00:00
2023-11-09T17:11:22.8193637Z Downloading cachetools-5.3.2-py3-none-any.whl (9.3 kB)
2023-11-09T17:11:22.8311124Z Downloading chardet-5.2.0-py3-none-any.whl (199 kB)
2023-11-09T17:11:22.8383233Z    ━━━━━━━━━━━━━━━━━━━━━━━━━━━━━━━━━━━━━━━━ 199.4/199.4 kB 43.2 MB/s eta 0:00:00
2023-11-09T17:11:22.8427618Z Downloading filelock-3.13.1-py3-none-any.whl (11 kB)
2023-11-09T17:11:22.8505195Z Downloading packaging-23.2-py3-none-any.whl (53 kB)
2023-11-09T17:11:22.8565850Z    ━━━━━━━━━━━━━━━━━━━━━━━━━━━━━━━━━━━━━━━━ 53.0/53.0 kB 13.6 MB/s eta 0:00:00
2023-11-09T17:11:22.8609513Z Downloading platformdirs-3.11.0-py3-none-any.whl (17 kB)
2023-11-09T17:11:22.8690476Z Downloading pluggy-1.3.0-py3-none-any.whl (18 kB)
2023-11-09T17:11:22.8762668Z Downloading pyproject_api-1.6.1-py3-none-any.whl (12 kB)
2023-11-09T17:11:22.8840114Z Downloading virtualenv-20.24.6-py3-none-any.whl (3.8 MB)
2023-11-09T17:11:22.9236707Z    ━━━━━━━━━━━━━━━━━━━━━━━━━━━━━━━━━━━━━━━━ 3.8/3.8 MB 102.8 MB/s eta 0:00:00
2023-11-09T17:11:22.9286966Z Downloading distlib-0.3.7-py2.py3-none-any.whl (468 kB)
2023-11-09T17:11:22.9389171Z    ━━━━━━━━━━━━━━━━━━━━━━━━━━━━━━━━━━━━━━━━ 468.9/468.9 kB 63.7 MB/s eta 0:00:00
2023-11-09T17:11:23.1172726Z Installing collected packages: distlib, tomli, pluggy, platformdirs, packaging, filelock, colorama, chardet, cachetools, virtualenv, pyproject-api, tox
2023-11-09T17:11:23.8203394Z Successfully installed cachetools-5.3.2 chardet-5.2.0 colorama-0.4.6 distlib-0.3.7 filelock-3.13.1 packaging-23.2 platformdirs-3.11.0 pluggy-1.3.0 pyproject-api-1.6.1 tomli-2.0.1 tox-4.11.3 virtualenv-20.24.6
2023-11-09T17:11:23.9959941Z ##[group]Run tox -e typing
2023-11-09T17:11:23.9960376Z [36;1mtox -e typing[0m
2023-11-09T17:11:23.9998900Z shell: /usr/bin/bash -e {0}
2023-11-09T17:11:23.9999333Z env:
2023-11-09T17:11:23.9999756Z   pythonLocation: /opt/hostedtoolcache/Python/3.8.18/x64
2023-11-09T17:11:24.0000595Z   PKG_CONFIG_PATH: /opt/hostedtoolcache/Python/3.8.18/x64/lib/pkgconfig
2023-11-09T17:11:24.0001397Z   Python_ROOT_DIR: /opt/hostedtoolcache/Python/3.8.18/x64
2023-11-09T17:11:24.0002091Z   Python2_ROOT_DIR: /opt/hostedtoolcache/Python/3.8.18/x64
2023-11-09T17:11:24.0002797Z   Python3_ROOT_DIR: /opt/hostedtoolcache/Python/3.8.18/x64
2023-11-09T17:11:24.0003523Z   LD_LIBRARY_PATH: /opt/hostedtoolcache/Python/3.8.18/x64/lib
2023-11-09T17:11:24.0004101Z ##[endgroup]
2023-11-09T17:11:24.8925040Z typing: install_deps> python -I -m pip install mypy pytest pytest-cov pytest-mock types-python-dateutil types-PyYAML types-requests
2023-11-09T17:11:30.1401350Z .pkg: install_requires> python -I -m pip install 'setuptools>=46.4.0' versioningit
2023-11-09T17:11:32.1297296Z .pkg: _optional_hooks> python /opt/hostedtoolcache/Python/3.8.18/x64/lib/python3.8/site-packages/pyproject_api/_backend.py True setuptools.build_meta
2023-11-09T17:11:32.4810050Z .pkg: get_requires_for_build_sdist> python /opt/hostedtoolcache/Python/3.8.18/x64/lib/python3.8/site-packages/pyproject_api/_backend.py True setuptools.build_meta
2023-11-09T17:11:32.6117278Z .pkg: get_requires_for_build_wheel> python /opt/hostedtoolcache/Python/3.8.18/x64/lib/python3.8/site-packages/pyproject_api/_backend.py True setuptools.build_meta
2023-11-09T17:11:32.6857086Z .pkg: install_requires_for_build_wheel> python -I -m pip install wheel
2023-11-09T17:11:33.3608449Z .pkg: freeze> python -m pip freeze --all
2023-11-09T17:11:33.7620145Z .pkg: importlib-metadata==6.8.0,packaging==23.2,pip==23.3.1,setuptools==68.2.2,tomli==2.0.1,versioningit==2.2.1,wheel==0.41.2,zipp==3.17.0
2023-11-09T17:11:33.7627310Z .pkg: prepare_metadata_for_build_wheel> python /opt/hostedtoolcache/Python/3.8.18/x64/lib/python3.8/site-packages/pyproject_api/_backend.py True setuptools.build_meta
2023-11-09T17:11:33.9544316Z .pkg: build_sdist> python /opt/hostedtoolcache/Python/3.8.18/x64/lib/python3.8/site-packages/pyproject_api/_backend.py True setuptools.build_meta
2023-11-09T17:11:34.0495908Z typing: install_package_deps> python -I -m pip install 'PyYAML>=5.0' 'click-loglevel~=0.2' 'click>=7.0' 'in-place~=0.4' 'pydantic~=1.7' 'python-dateutil~=2.7' 'python-dotenv<2.0,>=0.11' 'requests~=2.20'
2023-11-09T17:11:36.5276243Z typing: install_package> python -I -m pip install --force-reinstall --no-deps /home/runner/work/tinuous/tinuous/.tox/.tmp/package/1/tinuous-0.6.1.post52+g899460c.tar.gz
2023-11-09T17:11:41.1933405Z typing: freeze> python -m pip freeze --all
2023-11-09T17:11:41.6173087Z typing: certifi==2023.7.22,charset-normalizer==3.3.2,click==8.1.7,click-loglevel==0.5.0,coverage==7.3.2,exceptiongroup==1.1.3,idna==3.4,in-place==0.5.0,iniconfig==2.0.0,mypy==1.6.1,mypy-extensions==1.0.0,packaging==23.2,pip==23.3.1,pluggy==1.3.0,pydantic==1.10.13,pytest==7.4.3,pytest-cov==4.1.0,pytest-mock==3.12.0,python-dateutil==2.8.2,python-dotenv==1.0.0,PyYAML==6.0.1,requests==2.31.0,setuptools==68.2.2,six==1.16.0,tinuous @ file:///home/runner/work/tinuous/tinuous/.tox/.tmp/package/1/tinuous-0.6.1.post52%2Bg899460c.tar.gz#sha256=a133c87735fc73e3b4f29fe124fc861391118c85d19a084ba0c4967a7b13fce9,tomli==2.0.1,types-python-dateutil==2.8.19.14,types-PyYAML==6.0.12.12,types-requests==2.31.0.10,typing_extensions==4.8.0,urllib3==2.0.7,wheel==0.41.2
2023-11-09T17:11:41.6179478Z typing: commands[0]> mypy src test
2023-11-09T17:11:48.5736340Z Success: no issues found in 15 source files
2023-11-09T17:11:48.5840404Z .pkg: _exit> python /opt/hostedtoolcache/Python/3.8.18/x64/lib/python3.8/site-packages/pyproject_api/_backend.py True setuptools.build_meta
2023-11-09T17:11:48.6171465Z   typing: OK (24.03=setup[17.07]+cmd[6.96] seconds)
2023-11-09T17:11:48.6172399Z   congratulations :) (24.23 seconds)
2023-11-09T17:11:48.6627619Z Post job cleanup.
2023-11-09T17:11:48.8362509Z Post job cleanup.
2023-11-09T17:11:48.9327319Z [command]/usr/bin/git version
2023-11-09T17:11:48.9382378Z git version 2.42.0
2023-11-09T17:11:48.9441589Z Temporarily overriding HOME='/home/runner/work/_temp/ef621632-db78-4aa9-9fad-63f9048d35fe' before making global git config changes
2023-11-09T17:11:48.9445277Z Adding repository directory to the temporary git global config as a safe directory
2023-11-09T17:11:48.9453840Z [command]/usr/bin/git config --global --add safe.directory /home/runner/work/tinuous/tinuous
2023-11-09T17:11:48.9506547Z [command]/usr/bin/git config --local --name-only --get-regexp core\.sshCommand
2023-11-09T17:11:48.9599030Z [command]/usr/bin/git submodule foreach --recursive sh -c "git config --local --name-only --get-regexp 'core\.sshCommand' && git config --local --unset-all 'core.sshCommand' || :"
2023-11-09T17:11:48.9870390Z [command]/usr/bin/git config --local --name-only --get-regexp http\.https\:\/\/github\.com\/\.extraheader
2023-11-09T17:11:48.9895123Z http.https://github.com/.extraheader
2023-11-09T17:11:48.9912476Z [command]/usr/bin/git config --local --unset-all http.https://github.com/.extraheader
2023-11-09T17:11:48.9951539Z [command]/usr/bin/git submodule foreach --recursive sh -c "git config --local --name-only --get-regexp 'http\.https\:\/\/github\.com\/\.extraheader' && git config --local --unset-all 'http.https://github.com/.extraheader' || :"
2023-11-09T17:11:49.0679041Z Cleaning up orphan processes
