2021-04-27T17:28:44.9565436Z ##[section]Starting: Request a runner to run this job
2021-04-27T17:28:45.3186030Z Can't find any online and idle self-hosted runner in current repository that matches the required labels: 'ubuntu-latest'
2021-04-27T17:28:45.3186132Z Can't find any online and idle self-hosted runner in current repository's account/organization that matches the required labels: 'ubuntu-latest'
2021-04-27T17:28:45.3186513Z Found online and idle hosted runner in current repository's account/organization that matches the required labels: 'ubuntu-latest'
2021-04-27T17:28:45.4636762Z ##[section]Finishing: Request a runner to run this job
2021-04-27T17:28:52.7027868Z Current runner version: '2.278.0'
2021-04-27T17:28:52.7054958Z ##[group]Operating System
2021-04-27T17:28:52.7055820Z Ubuntu
2021-04-27T17:28:52.7056245Z 20.04.2
2021-04-27T17:28:52.7056659Z LTS
2021-04-27T17:28:52.7057105Z ##[endgroup]
2021-04-27T17:28:52.7057581Z ##[group]Virtual Environment
2021-04-27T17:28:52.7058194Z Environment: ubuntu-20.04
2021-04-27T17:28:52.7058667Z Version: 20210425.1
2021-04-27T17:28:52.7059597Z Included Software: https://github.com/actions/virtual-environments/blob/ubuntu20/20210425.1/images/linux/Ubuntu2004-README.md
2021-04-27T17:28:52.7060831Z Image Release: https://github.com/actions/virtual-environments/releases/tag/ubuntu20%2F20210425.1
2021-04-27T17:28:52.7061581Z ##[endgroup]
2021-04-27T17:28:52.7063285Z ##[group]GITHUB_TOKEN Permissions
2021-04-27T17:28:52.7064950Z Actions: write
2021-04-27T17:28:52.7065696Z Checks: write
2021-04-27T17:28:52.7066307Z Contents: write
2021-04-27T17:28:52.7066896Z Deployments: write
2021-04-27T17:28:52.7067605Z Issues: write
2021-04-27T17:28:52.7068264Z Metadata: read
2021-04-27T17:28:52.7068872Z Packages: write
2021-04-27T17:28:52.7069476Z PullRequests: write
2021-04-27T17:28:52.7070208Z RepositoryProjects: write
2021-04-27T17:28:52.7070903Z SecurityEvents: write
2021-04-27T17:28:52.7071927Z Statuses: write
2021-04-27T17:28:52.7072487Z ##[endgroup]
2021-04-27T17:28:52.7075550Z Prepare workflow directory
2021-04-27T17:28:52.7734055Z Prepare all required actions
2021-04-27T17:28:52.7743634Z Getting action download info
2021-04-27T17:28:53.1749281Z Download action repository 'actions/checkout@v2'
2021-04-27T17:28:55.2410158Z Download action repository 'actions/setup-python@v2'
2021-04-27T17:28:55.8315958Z ##[group]Run actions/checkout@v2
2021-04-27T17:28:55.8316914Z with:
2021-04-27T17:28:55.8317336Z   repository: con/tinuous
2021-04-27T17:28:55.8318152Z   token: ***
2021-04-27T17:28:55.8318511Z   ssh-strict: true
2021-04-27T17:28:55.8319040Z   persist-credentials: true
2021-04-27T17:28:55.8319641Z   clean: true
2021-04-27T17:28:55.8320260Z   fetch-depth: 1
2021-04-27T17:28:55.8320630Z   lfs: false
2021-04-27T17:28:55.8321034Z   submodules: false
2021-04-27T17:28:55.8321419Z ##[endgroup]
2021-04-27T17:28:56.0537550Z Syncing repository: con/tinuous
2021-04-27T17:28:56.0538421Z ##[group]Getting Git version info
2021-04-27T17:28:56.0540720Z Working directory is '/home/runner/work/tinuous/tinuous'
2021-04-27T17:28:56.0544764Z [command]/usr/bin/git version
2021-04-27T17:28:56.0668949Z git version 2.31.1
2021-04-27T17:28:56.5619248Z ##[endgroup]
2021-04-27T17:28:56.5620379Z Deleting the contents of '/home/runner/work/tinuous/tinuous'
2021-04-27T17:28:56.5622084Z ##[group]Initializing the repository
2021-04-27T17:28:56.5622913Z [command]/usr/bin/git init /home/runner/work/tinuous/tinuous
2021-04-27T17:28:56.5623970Z hint: Using 'master' as the name for the initial branch. This default branch name
2021-04-27T17:28:56.5624937Z hint: is subject to change. To configure the initial branch name to use in all
2021-04-27T17:28:56.5625829Z hint: of your new repositories, which will suppress this warning, call:
2021-04-27T17:28:56.5626494Z hint: 
2021-04-27T17:28:56.5627560Z hint: 	git config --global init.defaultBranch <name>
2021-04-27T17:28:56.5628882Z hint: 
2021-04-27T17:28:56.5629884Z hint: Names commonly chosen instead of 'master' are 'main', 'trunk' and
2021-04-27T17:28:56.5631165Z hint: 'development'. The just-created branch can be renamed via this command:
2021-04-27T17:28:56.5632267Z hint: 
2021-04-27T17:28:56.5633147Z hint: 	git branch -m <name>
2021-04-27T17:28:56.5633901Z Initialized empty Git repository in /home/runner/work/tinuous/tinuous/.git/
2021-04-27T17:28:56.5634868Z [command]/usr/bin/git remote add origin https://github.com/con/tinuous
2021-04-27T17:28:56.5635618Z ##[endgroup]
2021-04-27T17:28:56.5637750Z ##[group]Disabling automatic garbage collection
2021-04-27T17:28:56.5638837Z [command]/usr/bin/git config --local gc.auto 0
2021-04-27T17:28:56.5639540Z ##[endgroup]
2021-04-27T17:28:56.5641559Z ##[group]Setting up auth
2021-04-27T17:28:56.5642868Z [command]/usr/bin/git config --local --name-only --get-regexp core\.sshCommand
2021-04-27T17:28:56.5644414Z [command]/usr/bin/git submodule foreach --recursive git config --local --name-only --get-regexp 'core\.sshCommand' && git config --local --unset-all 'core.sshCommand' || :
2021-04-27T17:28:56.5646036Z [command]/usr/bin/git config --local --name-only --get-regexp http\.https\:\/\/github\.com\/\.extraheader
2021-04-27T17:28:56.5648000Z [command]/usr/bin/git submodule foreach --recursive git config --local --name-only --get-regexp 'http\.https\:\/\/github\.com\/\.extraheader' && git config --local --unset-all 'http.https://github.com/.extraheader' || :
2021-04-27T17:28:56.5649907Z [command]/usr/bin/git config --local http.https://github.com/.extraheader AUTHORIZATION: basic ***
2021-04-27T17:28:56.5650838Z ##[endgroup]
2021-04-27T17:28:56.5651475Z ##[group]Fetching the repository
2021-04-27T17:28:56.5653775Z [command]/usr/bin/git -c protocol.version=2 fetch --no-tags --prune --progress --no-recurse-submodules --depth=1 origin +b93e0d234d52dee0aab18ba0d50932a65c984abf:refs/remotes/origin/master
2021-04-27T17:28:56.5655192Z remote: Enumerating objects: 12, done.        
2021-04-27T17:28:56.5656122Z remote: Counting objects:   8% (1/12)        
2021-04-27T17:28:56.5656807Z remote: Counting objects:  16% (2/12)        
2021-04-27T17:28:56.5657404Z remote: Counting objects:  25% (3/12)        
2021-04-27T17:28:56.5658218Z remote: Counting objects:  33% (4/12)        
2021-04-27T17:28:56.5658860Z remote: Counting objects:  41% (5/12)        
2021-04-27T17:28:56.5659439Z remote: Counting objects:  50% (6/12)        
2021-04-27T17:28:56.5660555Z remote: Counting objects:  58% (7/12)        
2021-04-27T17:28:56.5661245Z remote: Counting objects:  66% (8/12)        
2021-04-27T17:28:56.5661965Z remote: Counting objects:  75% (9/12)        
2021-04-27T17:28:56.5662630Z remote: Counting objects:  83% (10/12)        
2021-04-27T17:28:56.5663262Z remote: Counting objects:  91% (11/12)        
2021-04-27T17:28:56.5663907Z remote: Counting objects: 100% (12/12)        
2021-04-27T17:28:56.5664545Z remote: Counting objects: 100% (12/12), done.        
2021-04-27T17:28:56.5665542Z remote: Compressing objects:  10% (1/10)        
2021-04-27T17:28:56.5666110Z remote: Compressing objects:  20% (2/10)        
2021-04-27T17:28:56.5666816Z remote: Compressing objects:  30% (3/10)        
2021-04-27T17:28:56.5667642Z remote: Compressing objects:  40% (4/10)        
2021-04-27T17:28:56.5668253Z remote: Compressing objects:  50% (5/10)        
2021-04-27T17:28:56.5668952Z remote: Compressing objects:  60% (6/10)        
2021-04-27T17:28:56.5669637Z remote: Compressing objects:  70% (7/10)        
2021-04-27T17:28:56.5670260Z remote: Compressing objects:  80% (8/10)        
2021-04-27T17:28:56.5671101Z remote: Compressing objects:  90% (9/10)        
2021-04-27T17:28:56.5672138Z remote: Compressing objects: 100% (10/10)        
2021-04-27T17:28:56.5672918Z remote: Compressing objects: 100% (10/10), done.        
2021-04-27T17:28:56.5674245Z remote: Total 12 (delta 0), reused 5 (delta 0), pack-reused 0        
2021-04-27T17:28:56.5675075Z From https://github.com/con/tinuous
2021-04-27T17:28:56.5676614Z  * [new ref]         b93e0d234d52dee0aab18ba0d50932a65c984abf -> origin/master
2021-04-27T17:28:56.5677865Z ##[endgroup]
2021-04-27T17:28:56.5679125Z ##[group]Determining the checkout info
2021-04-27T17:28:56.5680075Z ##[endgroup]
2021-04-27T17:28:56.5680709Z ##[group]Checking out the ref
2021-04-27T17:28:56.5682447Z [command]/usr/bin/git checkout --progress --force -B master refs/remotes/origin/master
2021-04-27T17:28:56.5683563Z Reset branch 'master'
2021-04-27T17:28:56.5684580Z Branch 'master' set up to track remote branch 'master' from 'origin'.
2021-04-27T17:28:56.5685211Z ##[endgroup]
2021-04-27T17:28:56.5685835Z [command]/usr/bin/git log -1 --format='%H'
2021-04-27T17:28:56.5686751Z 'b93e0d234d52dee0aab18ba0d50932a65c984abf'
2021-04-27T17:28:56.5821243Z ##[group]Run actions/setup-python@v2
2021-04-27T17:28:56.5973792Z with:
2021-04-27T17:28:56.5974391Z   python-version: 3.8
2021-04-27T17:28:56.5975191Z   token: ***
2021-04-27T17:28:56.5975521Z ##[endgroup]
2021-04-27T17:28:56.6672224Z Successfully setup CPython (3.8.9)
2021-04-27T17:28:56.6731310Z ##[group]Run python -m pip install --upgrade pip wheel
2021-04-27T17:28:56.6732007Z [36;1mpython -m pip install --upgrade pip wheel[0m
2021-04-27T17:28:56.6732818Z [36;1mpython -m pip install -r requirements.txt[0m
2021-04-27T17:28:56.6771858Z shell: /usr/bin/bash -e {0}
2021-04-27T17:28:56.6772228Z env:
2021-04-27T17:28:56.6772714Z   pythonLocation: /opt/hostedtoolcache/Python/3.8.9/x64
2021-04-27T17:28:56.6773360Z   LD_LIBRARY_PATH: /opt/hostedtoolcache/Python/3.8.9/x64/lib
2021-04-27T17:28:56.6773852Z ##[endgroup]
2021-04-27T17:28:57.1530554Z WARNING: Value for scheme.headers does not match. Please report this to <https://github.com/pypa/pip/issues/9617>
2021-04-27T17:28:57.1540643Z distutils: /opt/hostedtoolcache/Python/3.8.9/x64/include/python3.8/UNKNOWN
2021-04-27T17:28:57.1543247Z sysconfig: /opt/hostedtoolcache/Python/3.8.9/x64/include/python3.8
2021-04-27T17:28:57.1545662Z WARNING: Additional context:
2021-04-27T17:28:57.1548538Z user = False
2021-04-27T17:28:57.1551328Z home = None
2021-04-27T17:28:57.1552198Z root = None
2021-04-27T17:28:57.1552872Z prefix = None
2021-04-27T17:28:57.2369639Z Requirement already satisfied: pip in /opt/hostedtoolcache/Python/3.8.9/x64/lib/python3.8/site-packages (21.1)
2021-04-27T17:28:57.4523525Z Collecting wheel
2021-04-27T17:28:57.5071902Z   Downloading wheel-0.36.2-py2.py3-none-any.whl (35 kB)
2021-04-27T17:28:57.5523926Z Installing collected packages: wheel
2021-04-27T17:28:57.5800109Z WARNING: Value for scheme.headers does not match. Please report this to <https://github.com/pypa/pip/issues/9617>
2021-04-27T17:28:57.5801039Z distutils: /opt/hostedtoolcache/Python/3.8.9/x64/include/python3.8/UNKNOWN
2021-04-27T17:28:57.5801768Z sysconfig: /opt/hostedtoolcache/Python/3.8.9/x64/include/python3.8
2021-04-27T17:28:57.5802342Z WARNING: Additional context:
2021-04-27T17:28:57.5802768Z user = False
2021-04-27T17:28:57.5803096Z home = None
2021-04-27T17:28:57.5803581Z root = None
2021-04-27T17:28:57.5804095Z prefix = None
2021-04-27T17:28:57.5813030Z Successfully installed wheel-0.36.2
2021-04-27T17:28:57.9931455Z WARNING: Value for scheme.headers does not match. Please report this to <https://github.com/pypa/pip/issues/9617>
2021-04-27T17:28:57.9933806Z distutils: /opt/hostedtoolcache/Python/3.8.9/x64/include/python3.8/UNKNOWN
2021-04-27T17:28:57.9935303Z sysconfig: /opt/hostedtoolcache/Python/3.8.9/x64/include/python3.8
2021-04-27T17:28:57.9936300Z WARNING: Additional context:
2021-04-27T17:28:57.9936972Z user = False
2021-04-27T17:28:57.9937539Z home = None
2021-04-27T17:28:57.9938560Z root = None
2021-04-27T17:28:57.9939075Z prefix = None
2021-04-27T17:28:58.1623445Z Collecting click~=7.0
2021-04-27T17:28:58.2044495Z   Downloading click-7.1.2-py2.py3-none-any.whl (82 kB)
2021-04-27T17:28:58.3585730Z Collecting click-loglevel~=0.2
2021-04-27T17:28:58.3697643Z   Downloading click_loglevel-0.3.0-py3-none-any.whl (5.0 kB)
2021-04-27T17:28:58.4449297Z Collecting datalad~=0.14
2021-04-27T17:28:58.4624640Z   Downloading datalad-0.14.2.tar.gz (1.6 MB)
2021-04-27T17:28:58.8863724Z   Installing build dependencies: started
2021-04-27T17:29:01.7407619Z   Installing build dependencies: finished with status 'done'
2021-04-27T17:29:01.7411263Z   Getting requirements to build wheel: started
2021-04-27T17:29:01.7413335Z   Getting requirements to build wheel: finished with status 'done'
2021-04-27T17:29:01.7413968Z     Preparing wheel metadata: started
2021-04-27T17:29:02.1111160Z     Preparing wheel metadata: finished with status 'done'
2021-04-27T17:29:02.1775444Z Collecting in_place~=0.4
2021-04-27T17:29:02.1888901Z   Downloading in_place-0.5.0-py3-none-any.whl (9.1 kB)
2021-04-27T17:29:02.3798086Z Collecting pydantic~=1.7
2021-04-27T17:29:02.3901810Z   Downloading pydantic-1.8.1-cp38-cp38-manylinux2014_x86_64.whl (13.7 MB)
2021-04-27T17:29:02.6712144Z Collecting PyGithub~=1.53
2021-04-27T17:29:02.6830212Z   Downloading PyGithub-1.55-py3-none-any.whl (291 kB)
2021-04-27T17:29:02.7307906Z Collecting python-dateutil~=2.7
2021-04-27T17:29:02.7479098Z   Downloading python_dateutil-2.8.1-py2.py3-none-any.whl (227 kB)
2021-04-27T17:29:02.8460264Z Collecting PyYAML~=5.0
2021-04-27T17:29:02.8611229Z   Downloading PyYAML-5.4.1-cp38-cp38-manylinux1_x86_64.whl (662 kB)
2021-04-27T17:29:02.9501802Z Collecting requests~=2.20
2021-04-27T17:29:02.9606570Z   Downloading requests-2.25.1-py2.py3-none-any.whl (61 kB)
2021-04-27T17:29:03.2234036Z Collecting tqdm
2021-04-27T17:29:03.2478557Z   Downloading tqdm-4.60.0-py2.py3-none-any.whl (75 kB)
2021-04-27T17:29:03.3117077Z Collecting boto
2021-04-27T17:29:03.3335355Z   Downloading boto-2.49.0-py2.py3-none-any.whl (1.4 MB)
2021-04-27T17:29:03.4632537Z Collecting keyring>=8.0
2021-04-27T17:29:03.4745569Z   Downloading keyring-23.0.1-py3-none-any.whl (33 kB)
2021-04-27T17:29:03.5007030Z Collecting patool>=1.7
2021-04-27T17:29:03.5121562Z   Downloading patool-1.12-py2.py3-none-any.whl (77 kB)
2021-04-27T17:29:03.6334313Z Collecting whoosh
2021-04-27T17:29:03.6458370Z   Downloading Whoosh-2.7.4-py2.py3-none-any.whl (468 kB)
2021-04-27T17:29:03.6824186Z Collecting jsmin
2021-04-27T17:29:03.6922843Z   Downloading jsmin-2.2.2.tar.gz (12 kB)
2021-04-27T17:29:04.3109906Z Collecting fasteners>=0.14
2021-04-27T17:29:04.3216060Z   Downloading fasteners-0.16-py2.py3-none-any.whl (28 kB)
2021-04-27T17:29:04.3633480Z Collecting humanize
2021-04-27T17:29:04.3893318Z   Downloading humanize-3.4.1-py3-none-any.whl (73 kB)
2021-04-27T17:29:04.4286790Z Collecting keyrings.alt
2021-04-27T17:29:04.4386140Z   Downloading keyrings.alt-4.0.2-py3-none-any.whl (20 kB)
2021-04-27T17:29:04.4679575Z Collecting wrapt
2021-04-27T17:29:04.4792269Z   Downloading wrapt-1.12.1.tar.gz (27 kB)
2021-04-27T17:29:04.7476912Z Collecting annexremote
2021-04-27T17:29:04.9885181Z   Downloading annexremote-1.5.0-py3-none-any.whl (25 kB)
2021-04-27T17:29:05.0177383Z Collecting appdirs
2021-04-27T17:29:05.0274188Z   Downloading appdirs-1.4.4-py2.py3-none-any.whl (9.6 kB)
2021-04-27T17:29:05.0575091Z Collecting iso8601
2021-04-27T17:29:05.0671142Z   Downloading iso8601-0.1.14-py2.py3-none-any.whl (9.5 kB)
2021-04-27T17:29:05.0952263Z Collecting chardet>=3.0.4
2021-04-27T17:29:05.1047191Z   Downloading chardet-4.0.0-py2.py3-none-any.whl (178 kB)
2021-04-27T17:29:05.1895015Z Collecting msgpack
2021-04-27T17:29:05.2020970Z   Downloading msgpack-1.0.2-cp38-cp38-manylinux1_x86_64.whl (302 kB)
2021-04-27T17:29:05.3181994Z Collecting simplejson
2021-04-27T17:29:05.3300656Z   Downloading simplejson-3.17.2-cp38-cp38-manylinux2010_x86_64.whl (137 kB)
2021-04-27T17:29:05.3607449Z Collecting distro
2021-04-27T17:29:05.3719073Z   Downloading distro-1.5.0-py2.py3-none-any.whl (18 kB)
2021-04-27T17:29:05.4169498Z Collecting typing-extensions>=3.7.4.3
2021-04-27T17:29:05.4266887Z   Downloading typing_extensions-3.7.4.3-py3-none-any.whl (22 kB)
2021-04-27T17:29:05.4824382Z Collecting pyjwt>=2.0
2021-04-27T17:29:05.4921503Z   Downloading PyJWT-2.0.1-py3-none-any.whl (15 kB)
2021-04-27T17:29:05.5459620Z Collecting deprecated
2021-04-27T17:29:05.5708268Z   Downloading Deprecated-1.2.12-py2.py3-none-any.whl (9.5 kB)
2021-04-27T17:29:05.6346794Z Collecting pynacl>=1.4.0
2021-04-27T17:29:05.6582306Z   Downloading PyNaCl-1.4.0-cp35-abi3-manylinux1_x86_64.whl (961 kB)
2021-04-27T17:29:05.7174917Z Collecting six>=1.5
2021-04-27T17:29:05.7269686Z   Downloading six-1.15.0-py2.py3-none-any.whl (10 kB)
2021-04-27T17:29:05.8143273Z Collecting urllib3<1.27,>=1.21.1
2021-04-27T17:29:05.8294680Z   Downloading urllib3-1.26.4-py2.py3-none-any.whl (153 kB)
2021-04-27T17:29:05.8874336Z Collecting certifi>=2017.4.17
2021-04-27T17:29:05.8985807Z   Downloading certifi-2020.12.5-py2.py3-none-any.whl (147 kB)
2021-04-27T17:29:05.9355980Z Collecting idna<3,>=2.5
2021-04-27T17:29:05.9456420Z   Downloading idna-2.10-py2.py3-none-any.whl (58 kB)
2021-04-27T17:29:06.0168087Z Collecting jeepney>=0.4.2
2021-04-27T17:29:06.0262240Z   Downloading jeepney-0.6.0-py3-none-any.whl (45 kB)
2021-04-27T17:29:06.0595956Z Collecting SecretStorage>=3.2
2021-04-27T17:29:06.0707272Z   Downloading SecretStorage-3.3.1-py3-none-any.whl (15 kB)
2021-04-27T17:29:06.1613258Z Collecting importlib-metadata>=3.6
2021-04-27T17:29:06.1716090Z   Downloading importlib_metadata-4.0.1-py3-none-any.whl (16 kB)
2021-04-27T17:29:06.2405921Z Collecting zipp>=0.5
2021-04-27T17:29:06.2503320Z   Downloading zipp-3.4.1-py3-none-any.whl (5.2 kB)
2021-04-27T17:29:06.6050944Z Collecting cffi>=1.4.1
2021-04-27T17:29:06.6162966Z   Downloading cffi-1.14.5-cp38-cp38-manylinux1_x86_64.whl (411 kB)
2021-04-27T17:29:06.6565129Z Collecting pycparser
2021-04-27T17:29:06.6685830Z   Downloading pycparser-2.20-py2.py3-none-any.whl (112 kB)
2021-04-27T17:29:07.1337136Z Collecting cryptography>=2.0
2021-04-27T17:29:07.1494104Z   Downloading cryptography-3.4.7-cp36-abi3-manylinux2014_x86_64.whl (3.2 MB)
2021-04-27T17:29:07.3297621Z Collecting future
2021-04-27T17:29:07.3430831Z   Downloading future-0.18.2.tar.gz (829 kB)
2021-04-27T17:29:07.7701412Z Requirement already satisfied: setuptools in /opt/hostedtoolcache/Python/3.8.9/x64/lib/python3.8/site-packages (from humanize->datalad~=0.14->-r requirements.txt (line 4)) (49.2.1)
2021-04-27T17:29:07.8828828Z Building wheels for collected packages: datalad, wrapt, future, jsmin
2021-04-27T17:29:07.8839895Z   Building wheel for datalad (PEP 517): started
2021-04-27T17:29:08.7216788Z   Building wheel for datalad (PEP 517): finished with status 'done'
2021-04-27T17:29:08.7272967Z   Created wheel for datalad: filename=datalad-0.14.2-py3-none-any.whl size=1603393 sha256=1122ffbd6803b09a6832d2fc26a3e2f463300c5515a733f9637a56591b141681
2021-04-27T17:29:08.7276399Z   Stored in directory: /home/runner/.cache/pip/wheels/5f/d3/15/1e36a77a4d222a134678396152e3b066be4d289e731045fa5a
2021-04-27T17:29:08.7331798Z   Building wheel for wrapt (setup.py): started
2021-04-27T17:29:10.0398160Z   Building wheel for wrapt (setup.py): finished with status 'done'
2021-04-27T17:29:10.0400212Z   Created wheel for wrapt: filename=wrapt-1.12.1-cp38-cp38-linux_x86_64.whl size=81810 sha256=9f66daba8886e82d4ee5873dd24bf1856826bf1d00de97f39239c5c2aabef1ef
2021-04-27T17:29:10.0402024Z   Stored in directory: /home/runner/.cache/pip/wheels/5f/fd/9e/b6cf5890494cb8ef0b5eaff72e5d55a70fb56316007d6dfe73
2021-04-27T17:29:10.0404686Z   Building wheel for future (setup.py): started
2021-04-27T17:29:10.5078763Z   Building wheel for future (setup.py): finished with status 'done'
2021-04-27T17:29:10.5081341Z   Created wheel for future: filename=future-0.18.2-py3-none-any.whl size=491059 sha256=67326ee90d27a9f0e620c82a678a4e2a343e10cceede0e6d143adc3096199fc5
2021-04-27T17:29:10.5083811Z   Stored in directory: /home/runner/.cache/pip/wheels/8e/70/28/3d6ccd6e315f65f245da085482a2e1c7d14b90b30f239e2cf4
2021-04-27T17:29:10.5112443Z   Building wheel for jsmin (setup.py): started
2021-04-27T17:29:11.6991993Z   Building wheel for jsmin (setup.py): finished with status 'done'
2021-04-27T17:29:11.6996927Z   Created wheel for jsmin: filename=jsmin-2.2.2-py3-none-any.whl size=13920 sha256=368e4d9dfd0c7866c0030d245bb43524cb1ade6b82fcafdc9ec40e85aa2588ec
2021-04-27T17:29:11.6998475Z   Stored in directory: /home/runner/.cache/pip/wheels/65/b7/04/fc4b059d177fd88f3ca362ad372a15e364b0c5433121c7b135
2021-04-27T17:29:11.7016919Z Successfully built datalad wrapt future jsmin
2021-04-27T17:29:12.0912214Z Installing collected packages: pycparser, cffi, zipp, wrapt, urllib3, six, jeepney, idna, cryptography, chardet, certifi, SecretStorage, requests, pynacl, pyjwt, importlib-metadata, future, deprecated, whoosh, typing-extensions, tqdm, simplejson, PyGithub, patool, msgpack, keyrings.alt, keyring, jsmin, iso8601, humanize, fasteners, distro, click, boto, appdirs, annexremote, PyYAML, python-dateutil, pydantic, in-place, datalad, click-loglevel
2021-04-27T17:29:15.9840482Z WARNING: Value for scheme.headers does not match. Please report this to <https://github.com/pypa/pip/issues/9617>
2021-04-27T17:29:15.9842427Z distutils: /opt/hostedtoolcache/Python/3.8.9/x64/include/python3.8/UNKNOWN
2021-04-27T17:29:15.9844120Z sysconfig: /opt/hostedtoolcache/Python/3.8.9/x64/include/python3.8
2021-04-27T17:29:15.9845145Z WARNING: Additional context:
2021-04-27T17:29:15.9846741Z user = False
2021-04-27T17:29:15.9847178Z home = None
2021-04-27T17:29:15.9847576Z root = None
2021-04-27T17:29:15.9847914Z prefix = None
2021-04-27T17:29:16.0018772Z Successfully installed PyGithub-1.55 PyYAML-5.4.1 SecretStorage-3.3.1 annexremote-1.5.0 appdirs-1.4.4 boto-2.49.0 certifi-2020.12.5 cffi-1.14.5 chardet-4.0.0 click-7.1.2 click-loglevel-0.3.0 cryptography-3.4.7 datalad-0.14.2 deprecated-1.2.12 distro-1.5.0 fasteners-0.16 future-0.18.2 humanize-3.4.1 idna-2.10 importlib-metadata-4.0.1 in-place-0.5.0 iso8601-0.1.14 jeepney-0.6.0 jsmin-2.2.2 keyring-23.0.1 keyrings.alt-4.0.2 msgpack-1.0.2 patool-1.12 pycparser-2.20 pydantic-1.8.1 pyjwt-2.0.1 pynacl-1.4.0 python-dateutil-2.8.1 requests-2.25.1 simplejson-3.17.2 six-1.15.0 tqdm-4.60.0 typing-extensions-3.7.4.3 urllib3-1.26.4 whoosh-2.7.4 wrapt-1.12.1 zipp-3.4.1
2021-04-27T17:29:16.1213275Z ##[group]Run python tinuous --help
2021-04-27T17:29:16.1213818Z [36;1mpython tinuous --help[0m
2021-04-27T17:29:16.1254095Z shell: /usr/bin/bash -e {0}
2021-04-27T17:29:16.1254433Z env:
2021-04-27T17:29:16.1254881Z   pythonLocation: /opt/hostedtoolcache/Python/3.8.9/x64
2021-04-27T17:29:16.1255509Z   LD_LIBRARY_PATH: /opt/hostedtoolcache/Python/3.8.9/x64/lib
2021-04-27T17:29:16.1256155Z ##[endgroup]
2021-04-27T17:29:16.2450904Z It is highly recommended to configure Git before using DataLad. Set both 'user.name' and 'user.email' configuration variables.
2021-04-27T17:29:16.2452679Z It is highly recommended to configure Git before using DataLad. Set both 'user.name' and 'user.email' configuration variables.
2021-04-27T17:29:16.7777084Z Usage: tinuous [OPTIONS] COMMAND [ARGS]...
2021-04-27T17:29:16.7777446Z 
2021-04-27T17:29:16.7777901Z   Download build logs from GitHub Actions, Travis, and Appveyor
2021-04-27T17:29:16.7778268Z 
2021-04-27T17:29:16.7778539Z Options:
2021-04-27T17:29:16.7779649Z   -c, --config FILE               Read configuration from the given file
2021-04-27T17:29:16.7780206Z                                   [default: config.yml]
2021-04-27T17:29:16.7780475Z 
2021-04-27T17:29:16.7781055Z   -l, --log-level [NOTSET|DEBUG|INFO|WARNING|ERROR|CRITICAL]
2021-04-27T17:29:16.7781614Z                                   Set logging level  [default: INFO]
2021-04-27T17:29:16.7782237Z   --help                          Show this message and exit.
2021-04-27T17:29:16.7782535Z 
2021-04-27T17:29:16.7782818Z Commands:
2021-04-27T17:29:16.7783148Z   fetch     Download logs
2021-04-27T17:29:16.7783569Z   sanitize  Sanitize secrets in logs
2021-04-27T17:29:16.8262631Z ##[group]Run python -m pip install mypy
2021-04-27T17:29:16.8263343Z [36;1mpython -m pip install mypy[0m
2021-04-27T17:29:16.8308270Z shell: /usr/bin/bash -e {0}
2021-04-27T17:29:16.8308607Z env:
2021-04-27T17:29:16.8309116Z   pythonLocation: /opt/hostedtoolcache/Python/3.8.9/x64
2021-04-27T17:29:16.8309777Z   LD_LIBRARY_PATH: /opt/hostedtoolcache/Python/3.8.9/x64/lib
2021-04-27T17:29:16.8310269Z ##[endgroup]
2021-04-27T17:29:17.1511192Z WARNING: Value for scheme.headers does not match. Please report this to <https://github.com/pypa/pip/issues/9617>
2021-04-27T17:29:17.1512600Z distutils: /opt/hostedtoolcache/Python/3.8.9/x64/include/python3.8/UNKNOWN
2021-04-27T17:29:17.1513554Z sysconfig: /opt/hostedtoolcache/Python/3.8.9/x64/include/python3.8
2021-04-27T17:29:17.1514426Z WARNING: Additional context:
2021-04-27T17:29:17.1515045Z user = False
2021-04-27T17:29:17.1515569Z home = None
2021-04-27T17:29:17.1516077Z root = None
2021-04-27T17:29:17.1516842Z prefix = None
2021-04-27T17:29:17.3865439Z Collecting mypy
2021-04-27T17:29:17.4351270Z   Downloading mypy-0.812-cp38-cp38-manylinux2010_x86_64.whl (22.5 MB)
2021-04-27T17:29:18.2810207Z Collecting typed-ast<1.5.0,>=1.4.0
2021-04-27T17:29:18.2940607Z   Downloading typed_ast-1.4.3-cp38-cp38-manylinux1_x86_64.whl (774 kB)
2021-04-27T17:29:18.3326895Z Collecting mypy-extensions<0.5.0,>=0.4.3
2021-04-27T17:29:18.3437540Z   Downloading mypy_extensions-0.4.3-py2.py3-none-any.whl (4.5 kB)
2021-04-27T17:29:18.3479388Z Requirement already satisfied: typing-extensions>=3.7.4 in /opt/hostedtoolcache/Python/3.8.9/x64/lib/python3.8/site-packages (from mypy) (3.7.4.3)
2021-04-27T17:29:18.6924770Z Installing collected packages: typed-ast, mypy-extensions, mypy
2021-04-27T17:29:20.1122149Z WARNING: Value for scheme.headers does not match. Please report this to <https://github.com/pypa/pip/issues/9617>
2021-04-27T17:29:20.1123529Z distutils: /opt/hostedtoolcache/Python/3.8.9/x64/include/python3.8/UNKNOWN
2021-04-27T17:29:20.1124721Z sysconfig: /opt/hostedtoolcache/Python/3.8.9/x64/include/python3.8
2021-04-27T17:29:20.1126051Z WARNING: Additional context:
2021-04-27T17:29:20.1126759Z user = False
2021-04-27T17:29:20.1127146Z home = None
2021-04-27T17:29:20.1127483Z root = None
2021-04-27T17:29:20.1127802Z prefix = None
2021-04-27T17:29:20.1247453Z Successfully installed mypy-0.812 mypy-extensions-0.4.3 typed-ast-1.4.3
2021-04-27T17:29:20.1834201Z ##[group]Run mypy tinuous
2021-04-27T17:29:20.1834687Z [36;1mmypy tinuous[0m
2021-04-27T17:29:20.1872729Z shell: /usr/bin/bash -e {0}
2021-04-27T17:29:20.1873063Z env:
2021-04-27T17:29:20.1873538Z   pythonLocation: /opt/hostedtoolcache/Python/3.8.9/x64
2021-04-27T17:29:20.1874168Z   LD_LIBRARY_PATH: /opt/hostedtoolcache/Python/3.8.9/x64/lib
2021-04-27T17:29:20.1874646Z ##[endgroup]
2021-04-27T17:29:24.3688568Z Success: no issues found in 1 source file
2021-04-27T17:29:24.6038852Z Post job cleanup.
2021-04-27T17:29:24.7007875Z [command]/usr/bin/git version
2021-04-27T17:29:24.7060254Z git version 2.31.1
2021-04-27T17:29:24.7095286Z [command]/usr/bin/git config --local --name-only --get-regexp core\.sshCommand
2021-04-27T17:29:24.7125853Z [command]/usr/bin/git submodule foreach --recursive git config --local --name-only --get-regexp 'core\.sshCommand' && git config --local --unset-all 'core.sshCommand' || :
2021-04-27T17:29:24.7342835Z [command]/usr/bin/git config --local --name-only --get-regexp http\.https\:\/\/github\.com\/\.extraheader
2021-04-27T17:29:24.7364620Z http.https://github.com/.extraheader
2021-04-27T17:29:24.7373686Z [command]/usr/bin/git config --local --unset-all http.https://github.com/.extraheader
2021-04-27T17:29:24.7404135Z [command]/usr/bin/git submodule foreach --recursive git config --local --name-only --get-regexp 'http\.https\:\/\/github\.com\/\.extraheader' && git config --local --unset-all 'http.https://github.com/.extraheader' || :
2021-04-27T17:29:24.7660066Z Cleaning up orphan processes
