2021-04-27T17:28:44.9570529Z ##[section]Starting: Request a runner to run this job
2021-04-27T17:28:45.4464558Z Can't find any online and idle self-hosted runner in current repository that matches the required labels: 'ubuntu-latest'
2021-04-27T17:28:45.4464665Z Can't find any online and idle self-hosted runner in current repository's account/organization that matches the required labels: 'ubuntu-latest'
2021-04-27T17:28:45.4464865Z Found online and idle hosted runner in current repository's account/organization that matches the required labels: 'ubuntu-latest'
2021-04-27T17:28:45.6844661Z ##[section]Finishing: Request a runner to run this job
2021-04-27T17:28:53.8141451Z Current runner version: '2.278.0'
2021-04-27T17:28:53.8173091Z ##[group]Operating System
2021-04-27T17:28:53.8174841Z Ubuntu
2021-04-27T17:28:53.8175538Z 20.04.2
2021-04-27T17:28:53.8176110Z LTS
2021-04-27T17:28:53.8176599Z ##[endgroup]
2021-04-27T17:28:53.8177242Z ##[group]Virtual Environment
2021-04-27T17:28:53.8177947Z Environment: ubuntu-20.04
2021-04-27T17:28:53.8178523Z Version: 20210425.1
2021-04-27T17:28:53.8179503Z Included Software: https://github.com/actions/virtual-environments/blob/ubuntu20/20210425.1/images/linux/Ubuntu2004-README.md
2021-04-27T17:28:53.8180877Z Image Release: https://github.com/actions/virtual-environments/releases/tag/ubuntu20%2F20210425.1
2021-04-27T17:28:53.8181750Z ##[endgroup]
2021-04-27T17:28:53.8183718Z ##[group]GITHUB_TOKEN Permissions
2021-04-27T17:28:53.8185253Z Actions: write
2021-04-27T17:28:53.8185770Z Checks: write
2021-04-27T17:28:53.8186743Z Contents: write
2021-04-27T17:28:53.8187280Z Deployments: write
2021-04-27T17:28:53.8187937Z Issues: write
2021-04-27T17:28:53.8188516Z Metadata: read
2021-04-27T17:28:53.8189072Z Packages: write
2021-04-27T17:28:53.8189658Z PullRequests: write
2021-04-27T17:28:53.8190482Z RepositoryProjects: write
2021-04-27T17:28:53.8191142Z SecurityEvents: write
2021-04-27T17:28:53.8191674Z Statuses: write
2021-04-27T17:28:53.8192343Z ##[endgroup]
2021-04-27T17:28:53.8195753Z Prepare workflow directory
2021-04-27T17:28:53.8908415Z Prepare all required actions
2021-04-27T17:28:53.8922175Z Getting action download info
2021-04-27T17:28:54.2614836Z Download action repository 'actions/checkout@v2'
2021-04-27T17:28:56.3107020Z Download action repository 'actions/setup-python@v2'
2021-04-27T17:28:56.9139109Z ##[group]Run actions/checkout@v2
2021-04-27T17:28:56.9139824Z with:
2021-04-27T17:28:56.9140327Z   repository: con/tinuous
2021-04-27T17:28:56.9141306Z   token: ***
2021-04-27T17:28:56.9141725Z   ssh-strict: true
2021-04-27T17:28:56.9142341Z   persist-credentials: true
2021-04-27T17:28:56.9142838Z   clean: true
2021-04-27T17:28:56.9144499Z   fetch-depth: 1
2021-04-27T17:28:56.9145047Z   lfs: false
2021-04-27T17:28:56.9145577Z   submodules: false
2021-04-27T17:28:56.9146054Z ##[endgroup]
2021-04-27T17:28:57.1399338Z Syncing repository: con/tinuous
2021-04-27T17:28:57.1400371Z ##[group]Getting Git version info
2021-04-27T17:28:57.1401769Z Working directory is '/home/runner/work/tinuous/tinuous'
2021-04-27T17:28:57.1471475Z [command]/usr/bin/git version
2021-04-27T17:28:57.1613786Z git version 2.31.1
2021-04-27T17:28:57.6443440Z ##[endgroup]
2021-04-27T17:28:57.6444586Z Deleting the contents of '/home/runner/work/tinuous/tinuous'
2021-04-27T17:28:57.6446477Z ##[group]Initializing the repository
2021-04-27T17:28:57.6447490Z [command]/usr/bin/git init /home/runner/work/tinuous/tinuous
2021-04-27T17:28:57.6448823Z hint: Using 'master' as the name for the initial branch. This default branch name
2021-04-27T17:28:57.6450036Z hint: is subject to change. To configure the initial branch name to use in all
2021-04-27T17:28:57.6451113Z hint: of your new repositories, which will suppress this warning, call:
2021-04-27T17:28:57.6451907Z hint: 
2021-04-27T17:28:57.6453179Z hint: 	git config --global init.defaultBranch <name>
2021-04-27T17:28:57.6454616Z hint: 
2021-04-27T17:28:57.6455698Z hint: Names commonly chosen instead of 'master' are 'main', 'trunk' and
2021-04-27T17:28:57.6457001Z hint: 'development'. The just-created branch can be renamed via this command:
2021-04-27T17:28:57.6458136Z hint: 
2021-04-27T17:28:57.6458916Z hint: 	git branch -m <name>
2021-04-27T17:28:57.6459740Z Initialized empty Git repository in /home/runner/work/tinuous/tinuous/.git/
2021-04-27T17:28:57.6460783Z [command]/usr/bin/git remote add origin https://github.com/con/tinuous
2021-04-27T17:28:57.6461696Z ##[endgroup]
2021-04-27T17:28:57.6462414Z ##[group]Disabling automatic garbage collection
2021-04-27T17:28:57.6463447Z [command]/usr/bin/git config --local gc.auto 0
2021-04-27T17:28:57.6464187Z ##[endgroup]
2021-04-27T17:28:57.6466233Z ##[group]Setting up auth
2021-04-27T17:28:57.6467590Z [command]/usr/bin/git config --local --name-only --get-regexp core\.sshCommand
2021-04-27T17:28:57.6469580Z [command]/usr/bin/git submodule foreach --recursive git config --local --name-only --get-regexp 'core\.sshCommand' && git config --local --unset-all 'core.sshCommand' || :
2021-04-27T17:28:57.6471819Z [command]/usr/bin/git config --local --name-only --get-regexp http\.https\:\/\/github\.com\/\.extraheader
2021-04-27T17:28:57.6474390Z [command]/usr/bin/git submodule foreach --recursive git config --local --name-only --get-regexp 'http\.https\:\/\/github\.com\/\.extraheader' && git config --local --unset-all 'http.https://github.com/.extraheader' || :
2021-04-27T17:28:57.6477337Z [command]/usr/bin/git config --local http.https://github.com/.extraheader AUTHORIZATION: basic ***
2021-04-27T17:28:57.6478362Z ##[endgroup]
2021-04-27T17:28:57.6479076Z ##[group]Fetching the repository
2021-04-27T17:28:57.6481396Z [command]/usr/bin/git -c protocol.version=2 fetch --no-tags --prune --progress --no-recurse-submodules --depth=1 origin +b93e0d234d52dee0aab18ba0d50932a65c984abf:refs/remotes/origin/master
2021-04-27T17:28:57.6483484Z remote: Enumerating objects: 12, done.        
2021-04-27T17:28:57.6484538Z remote: Counting objects:   8% (1/12)        
2021-04-27T17:28:57.6485268Z remote: Counting objects:  16% (2/12)        
2021-04-27T17:28:57.6486141Z remote: Counting objects:  25% (3/12)        
2021-04-27T17:28:57.6487053Z remote: Counting objects:  33% (4/12)        
2021-04-27T17:28:57.6488155Z remote: Counting objects:  41% (5/12)        
2021-04-27T17:28:57.6489057Z remote: Counting objects:  50% (6/12)        
2021-04-27T17:28:57.6490237Z remote: Counting objects:  58% (7/12)        
2021-04-27T17:28:57.6491003Z remote: Counting objects:  66% (8/12)        
2021-04-27T17:28:57.6491770Z remote: Counting objects:  75% (9/12)        
2021-04-27T17:28:57.6492579Z remote: Counting objects:  83% (10/12)        
2021-04-27T17:28:57.6493588Z remote: Counting objects:  91% (11/12)        
2021-04-27T17:28:57.6494836Z remote: Counting objects: 100% (12/12)        
2021-04-27T17:28:57.6495621Z remote: Counting objects: 100% (12/12), done.        
2021-04-27T17:28:57.6496455Z remote: Compressing objects:  10% (1/10)        
2021-04-27T17:28:57.6497376Z remote: Compressing objects:  20% (2/10)        
2021-04-27T17:28:57.6498146Z remote: Compressing objects:  30% (3/10)        
2021-04-27T17:28:57.6499158Z remote: Compressing objects:  40% (4/10)        
2021-04-27T17:28:57.6499961Z remote: Compressing objects:  50% (5/10)        
2021-04-27T17:28:57.6500693Z remote: Compressing objects:  60% (6/10)        
2021-04-27T17:28:57.6501515Z remote: Compressing objects:  70% (7/10)        
2021-04-27T17:28:57.6502248Z remote: Compressing objects:  80% (8/10)        
2021-04-27T17:28:57.6503033Z remote: Compressing objects:  90% (9/10)        
2021-04-27T17:28:57.6503821Z remote: Compressing objects: 100% (10/10)        
2021-04-27T17:28:57.6504578Z remote: Compressing objects: 100% (10/10), done.        
2021-04-27T17:28:57.6505800Z remote: Total 12 (delta 0), reused 5 (delta 0), pack-reused 0        
2021-04-27T17:28:57.6506674Z From https://github.com/con/tinuous
2021-04-27T17:28:57.6508070Z  * [new ref]         b93e0d234d52dee0aab18ba0d50932a65c984abf -> origin/master
2021-04-27T17:28:57.6510147Z ##[endgroup]
2021-04-27T17:28:57.6510937Z ##[group]Determining the checkout info
2021-04-27T17:28:57.6511944Z ##[endgroup]
2021-04-27T17:28:57.6512593Z ##[group]Checking out the ref
2021-04-27T17:28:57.6513732Z [command]/usr/bin/git checkout --progress --force -B master refs/remotes/origin/master
2021-04-27T17:28:57.6514833Z Reset branch 'master'
2021-04-27T17:28:57.6515814Z Branch 'master' set up to track remote branch 'master' from 'origin'.
2021-04-27T17:28:57.6516880Z ##[endgroup]
2021-04-27T17:28:57.6517790Z [command]/usr/bin/git log -1 --format='%H'
2021-04-27T17:28:57.6519074Z 'b93e0d234d52dee0aab18ba0d50932a65c984abf'
2021-04-27T17:28:57.6848979Z ##[group]Run actions/setup-python@v2
2021-04-27T17:28:57.6849446Z with:
2021-04-27T17:28:57.6850139Z   python-version: 3.9
2021-04-27T17:28:57.6850976Z   token: ***
2021-04-27T17:28:57.6851315Z ##[endgroup]
2021-04-27T17:28:57.7635034Z Successfully setup CPython (3.9.4)
2021-04-27T17:28:57.7698117Z ##[group]Run python -m pip install --upgrade pip wheel
2021-04-27T17:28:57.7698817Z [36;1mpython -m pip install --upgrade pip wheel[0m
2021-04-27T17:28:57.7699559Z [36;1mpython -m pip install -r requirements.txt[0m
2021-04-27T17:28:57.7746670Z shell: /usr/bin/bash -e {0}
2021-04-27T17:28:57.7747060Z env:
2021-04-27T17:28:57.7747558Z   pythonLocation: /opt/hostedtoolcache/Python/3.9.4/x64
2021-04-27T17:28:57.7748243Z   LD_LIBRARY_PATH: /opt/hostedtoolcache/Python/3.9.4/x64/lib
2021-04-27T17:28:57.7748742Z ##[endgroup]
2021-04-27T17:28:58.3536715Z WARNING: Value for scheme.headers does not match. Please report this to <https://github.com/pypa/pip/issues/9617>
2021-04-27T17:28:58.3539347Z distutils: /opt/hostedtoolcache/Python/3.9.4/x64/include/python3.9/UNKNOWN
2021-04-27T17:28:58.3541370Z sysconfig: /opt/hostedtoolcache/Python/3.9.4/x64/include/python3.9
2021-04-27T17:28:58.3543665Z WARNING: Additional context:
2021-04-27T17:28:58.3571608Z user = False
2021-04-27T17:28:58.3573012Z home = None
2021-04-27T17:28:58.3575285Z root = None
2021-04-27T17:28:58.3576274Z prefix = None
2021-04-27T17:28:58.4371009Z Requirement already satisfied: pip in /opt/hostedtoolcache/Python/3.9.4/x64/lib/python3.9/site-packages (21.1)
2021-04-27T17:28:58.6757491Z Collecting wheel
2021-04-27T17:28:58.7291006Z   Downloading wheel-0.36.2-py2.py3-none-any.whl (35 kB)
2021-04-27T17:28:58.7829922Z Installing collected packages: wheel
2021-04-27T17:28:58.8200946Z WARNING: Value for scheme.headers does not match. Please report this to <https://github.com/pypa/pip/issues/9617>
2021-04-27T17:28:58.8202362Z distutils: /opt/hostedtoolcache/Python/3.9.4/x64/include/python3.9/UNKNOWN
2021-04-27T17:28:58.8203355Z sysconfig: /opt/hostedtoolcache/Python/3.9.4/x64/include/python3.9
2021-04-27T17:28:58.8204217Z WARNING: Additional context:
2021-04-27T17:28:58.8204865Z user = False
2021-04-27T17:28:58.8205367Z home = None
2021-04-27T17:28:58.8205847Z root = None
2021-04-27T17:28:58.8206364Z prefix = None
2021-04-27T17:28:58.8216234Z Successfully installed wheel-0.36.2
2021-04-27T17:28:59.3227975Z WARNING: Value for scheme.headers does not match. Please report this to <https://github.com/pypa/pip/issues/9617>
2021-04-27T17:28:59.3231213Z distutils: /opt/hostedtoolcache/Python/3.9.4/x64/include/python3.9/UNKNOWN
2021-04-27T17:28:59.3248139Z sysconfig: /opt/hostedtoolcache/Python/3.9.4/x64/include/python3.9
2021-04-27T17:28:59.3282777Z WARNING: Additional context:
2021-04-27T17:28:59.3283545Z user = False
2021-04-27T17:28:59.3283906Z home = None
2021-04-27T17:28:59.3284454Z root = None
2021-04-27T17:28:59.3284828Z prefix = None
2021-04-27T17:28:59.5158376Z Collecting click~=7.0
2021-04-27T17:28:59.5558083Z   Downloading click-7.1.2-py2.py3-none-any.whl (82 kB)
2021-04-27T17:28:59.5972076Z Collecting click-loglevel~=0.2
2021-04-27T17:28:59.6076354Z   Downloading click_loglevel-0.3.0-py3-none-any.whl (5.0 kB)
2021-04-27T17:28:59.6551351Z Collecting datalad~=0.14
2021-04-27T17:28:59.6691035Z   Downloading datalad-0.14.2.tar.gz (1.6 MB)
2021-04-27T17:29:01.3534701Z   Installing build dependencies: started
2021-04-27T17:29:04.3099445Z   Installing build dependencies: finished with status 'done'
2021-04-27T17:29:04.3113575Z   Getting requirements to build wheel: started
2021-04-27T17:29:05.1346083Z   Getting requirements to build wheel: finished with status 'done'
2021-04-27T17:29:05.1370080Z     Preparing wheel metadata: started
2021-04-27T17:29:05.9042814Z     Preparing wheel metadata: finished with status 'done'
2021-04-27T17:29:05.9413948Z Collecting in_place~=0.4
2021-04-27T17:29:05.9511576Z   Downloading in_place-0.5.0-py3-none-any.whl (9.1 kB)
2021-04-27T17:29:06.1470604Z Collecting pydantic~=1.7
2021-04-27T17:29:06.1647953Z   Downloading pydantic-1.8.1-cp39-cp39-manylinux2014_x86_64.whl (11.3 MB)
2021-04-27T17:29:06.5327247Z Collecting PyGithub~=1.53
2021-04-27T17:29:06.5471879Z   Downloading PyGithub-1.55-py3-none-any.whl (291 kB)
2021-04-27T17:29:06.5996562Z Collecting python-dateutil~=2.7
2021-04-27T17:29:06.6143599Z   Downloading python_dateutil-2.8.1-py2.py3-none-any.whl (227 kB)
2021-04-27T17:29:06.7361721Z Collecting PyYAML~=5.0
2021-04-27T17:29:06.7532315Z   Downloading PyYAML-5.4.1-cp39-cp39-manylinux1_x86_64.whl (630 kB)
2021-04-27T17:29:06.8527842Z Collecting requests~=2.20
2021-04-27T17:29:06.8640223Z   Downloading requests-2.25.1-py2.py3-none-any.whl (61 kB)
2021-04-27T17:29:07.1002179Z Collecting keyrings.alt
2021-04-27T17:29:07.1125497Z   Downloading keyrings.alt-4.0.2-py3-none-any.whl (20 kB)
2021-04-27T17:29:07.1462663Z Collecting jsmin
2021-04-27T17:29:07.1563404Z   Downloading jsmin-2.2.2.tar.gz (12 kB)
2021-04-27T17:29:08.0717033Z Collecting appdirs
2021-04-27T17:29:08.1076306Z   Downloading appdirs-1.4.4-py2.py3-none-any.whl (9.6 kB)
2021-04-27T17:29:08.2287564Z Collecting whoosh
2021-04-27T17:29:08.2495283Z   Downloading Whoosh-2.7.4-py2.py3-none-any.whl (468 kB)
2021-04-27T17:29:08.3053027Z Collecting distro
2021-04-27T17:29:08.3164209Z   Downloading distro-1.5.0-py2.py3-none-any.whl (18 kB)
2021-04-27T17:29:08.3499099Z Collecting annexremote
2021-04-27T17:29:08.3615827Z   Downloading annexremote-1.5.0-py3-none-any.whl (25 kB)
2021-04-27T17:29:08.3967489Z Collecting chardet>=3.0.4
2021-04-27T17:29:08.4076043Z   Downloading chardet-4.0.0-py2.py3-none-any.whl (178 kB)
2021-04-27T17:29:08.4497816Z Collecting fasteners>=0.14
2021-04-27T17:29:08.4644798Z   Downloading fasteners-0.16-py2.py3-none-any.whl (28 kB)
2021-04-27T17:29:08.6317514Z Collecting tqdm
2021-04-27T17:29:08.6460244Z   Downloading tqdm-4.60.0-py2.py3-none-any.whl (75 kB)
2021-04-27T17:29:08.6924651Z Collecting humanize
2021-04-27T17:29:08.7059528Z   Downloading humanize-3.4.1-py3-none-any.whl (73 kB)
2021-04-27T17:29:08.8057306Z Collecting msgpack
2021-04-27T17:29:08.8196638Z   Downloading msgpack-1.0.2-cp39-cp39-manylinux1_x86_64.whl (294 kB)
2021-04-27T17:29:08.8825572Z Collecting iso8601
2021-04-27T17:29:08.8954034Z   Downloading iso8601-0.1.14-py2.py3-none-any.whl (9.5 kB)
2021-04-27T17:29:09.0265127Z Collecting keyring>=8.0
2021-04-27T17:29:09.0369126Z   Downloading keyring-23.0.1-py3-none-any.whl (33 kB)
2021-04-27T17:29:09.1498636Z Collecting simplejson
2021-04-27T17:29:09.1611812Z   Downloading simplejson-3.17.2.tar.gz (83 kB)
2021-04-27T17:29:09.4633336Z Collecting wrapt
2021-04-27T17:29:09.4754117Z   Downloading wrapt-1.12.1.tar.gz (27 kB)
2021-04-27T17:29:09.7304362Z Collecting patool>=1.7
2021-04-27T17:29:09.7429500Z   Downloading patool-1.12-py2.py3-none-any.whl (77 kB)
2021-04-27T17:29:09.8123704Z Collecting boto
2021-04-27T17:29:09.8229461Z   Downloading boto-2.49.0-py2.py3-none-any.whl (1.4 MB)
2021-04-27T17:29:09.8968691Z Collecting typing-extensions>=3.7.4.3
2021-04-27T17:29:09.9070810Z   Downloading typing_extensions-3.7.4.3-py3-none-any.whl (22 kB)
2021-04-27T17:29:09.9627235Z Collecting deprecated
2021-04-27T17:29:09.9736735Z   Downloading Deprecated-1.2.12-py2.py3-none-any.whl (9.5 kB)
2021-04-27T17:29:10.0239512Z Collecting pyjwt>=2.0
2021-04-27T17:29:10.0392724Z   Downloading PyJWT-2.0.1-py3-none-any.whl (15 kB)
2021-04-27T17:29:10.1232583Z Collecting pynacl>=1.4.0
2021-04-27T17:29:10.1365892Z   Downloading PyNaCl-1.4.0-cp35-abi3-manylinux1_x86_64.whl (961 kB)
2021-04-27T17:29:10.2118586Z Collecting six>=1.5
2021-04-27T17:29:10.2217417Z   Downloading six-1.15.0-py2.py3-none-any.whl (10 kB)
2021-04-27T17:29:10.3278429Z Collecting urllib3<1.27,>=1.21.1
2021-04-27T17:29:10.3382633Z   Downloading urllib3-1.26.4-py2.py3-none-any.whl (153 kB)
2021-04-27T17:29:10.4179701Z Collecting certifi>=2017.4.17
2021-04-27T17:29:10.4287987Z   Downloading certifi-2020.12.5-py2.py3-none-any.whl (147 kB)
2021-04-27T17:29:10.4777836Z Collecting idna<3,>=2.5
2021-04-27T17:29:10.4929490Z   Downloading idna-2.10-py2.py3-none-any.whl (58 kB)
2021-04-27T17:29:10.5900129Z Collecting SecretStorage>=3.2
2021-04-27T17:29:10.6005499Z   Downloading SecretStorage-3.3.1-py3-none-any.whl (15 kB)
2021-04-27T17:29:10.7096153Z Collecting importlib-metadata>=3.6
2021-04-27T17:29:10.7206272Z   Downloading importlib_metadata-4.0.1-py3-none-any.whl (16 kB)
2021-04-27T17:29:10.7622912Z Collecting jeepney>=0.4.2
2021-04-27T17:29:10.7739967Z   Downloading jeepney-0.6.0-py3-none-any.whl (45 kB)
2021-04-27T17:29:10.8569504Z Collecting zipp>=0.5
2021-04-27T17:29:10.8670619Z   Downloading zipp-3.4.1-py3-none-any.whl (5.2 kB)
2021-04-27T17:29:11.3017624Z Collecting cffi>=1.4.1
2021-04-27T17:29:11.3428565Z   Downloading cffi-1.14.5-cp39-cp39-manylinux1_x86_64.whl (406 kB)
2021-04-27T17:29:11.3928312Z Collecting pycparser
2021-04-27T17:29:11.4034248Z   Downloading pycparser-2.20-py2.py3-none-any.whl (112 kB)
2021-04-27T17:29:11.9299468Z Collecting cryptography>=2.0
2021-04-27T17:29:11.9489835Z   Downloading cryptography-3.4.7-cp36-abi3-manylinux2014_x86_64.whl (3.2 MB)
2021-04-27T17:29:12.1445452Z Collecting future
2021-04-27T17:29:12.1574685Z   Downloading future-0.18.2.tar.gz (829 kB)
2021-04-27T17:29:12.6459307Z Requirement already satisfied: setuptools in /opt/hostedtoolcache/Python/3.9.4/x64/lib/python3.9/site-packages (from humanize->datalad~=0.14->-r requirements.txt (line 4)) (49.2.1)
2021-04-27T17:29:12.7794844Z Building wheels for collected packages: datalad, wrapt, future, jsmin, simplejson
2021-04-27T17:29:12.7804922Z   Building wheel for datalad (PEP 517): started
2021-04-27T17:29:13.8789071Z   Building wheel for datalad (PEP 517): finished with status 'done'
2021-04-27T17:29:13.8858724Z   Created wheel for datalad: filename=datalad-0.14.2-py3-none-any.whl size=1603393 sha256=3e3ab18da6ba15f0d9e1f7b9a5358394882315cb64af145f656e098c8cba97a9
2021-04-27T17:29:13.8863118Z   Stored in directory: /home/runner/.cache/pip/wheels/d8/48/3f/12d27b732161b109efb697a979af55e8c1808ea87d68839bda
2021-04-27T17:29:13.8930639Z   Building wheel for wrapt (setup.py): started
2021-04-27T17:29:17.5237356Z   Building wheel for wrapt (setup.py): finished with status 'done'
2021-04-27T17:29:17.5246104Z   Created wheel for wrapt: filename=wrapt-1.12.1-cp39-cp39-linux_x86_64.whl size=78687 sha256=07d146422689700aa468fcba99a96dbd86de0694b8390c92c85a9b3b39e898ef
2021-04-27T17:29:17.5248079Z   Stored in directory: /home/runner/.cache/pip/wheels/98/23/68/efe259aaca055e93b08e74fbe512819c69a2155c11ba3c0f10
2021-04-27T17:29:17.5274488Z   Building wheel for future (setup.py): started
2021-04-27T17:29:18.0672498Z   Building wheel for future (setup.py): finished with status 'done'
2021-04-27T17:29:18.0700122Z   Created wheel for future: filename=future-0.18.2-py3-none-any.whl size=491059 sha256=c6d4c700a6d4fa65da79d8cc3e2565b976b1872e8e496e7b210d933a655c7693
2021-04-27T17:29:18.0704270Z   Stored in directory: /home/runner/.cache/pip/wheels/2f/a0/d3/4030d9f80e6b3be787f19fc911b8e7aa462986a40ab1e4bb94
2021-04-27T17:29:18.0759946Z   Building wheel for jsmin (setup.py): started
2021-04-27T17:29:19.3765501Z   Building wheel for jsmin (setup.py): finished with status 'done'
2021-04-27T17:29:19.3773760Z   Created wheel for jsmin: filename=jsmin-2.2.2-py3-none-any.whl size=13920 sha256=98994b08c01de88d3d2480fa2c98b8d8ddbab7acfce5e093d6f136c2119e51e9
2021-04-27T17:29:19.3776289Z   Stored in directory: /home/runner/.cache/pip/wheels/40/dd/1e/fa3c36f3dda73beb0d0d2cd44ca9bf5119ea8881e99fc45e6d
2021-04-27T17:29:19.3803517Z   Building wheel for simplejson (setup.py): started
2021-04-27T17:29:21.0277594Z   Building wheel for simplejson (setup.py): finished with status 'done'
2021-04-27T17:29:21.0288871Z   Created wheel for simplejson: filename=simplejson-3.17.2-cp39-cp39-linux_x86_64.whl size=135297 sha256=73137d93b7915449a34224e05a55f2bc1ed441f0abbc04cc203ec346e32118a8
2021-04-27T17:29:21.0291186Z   Stored in directory: /home/runner/.cache/pip/wheels/a2/c7/6a/2dabbded050716dd50faef2145e3ffa509b0d3895899c599f5
2021-04-27T17:29:21.0318873Z Successfully built datalad wrapt future jsmin simplejson
2021-04-27T17:29:21.4727676Z Installing collected packages: pycparser, cffi, zipp, wrapt, urllib3, six, jeepney, idna, cryptography, chardet, certifi, SecretStorage, requests, pynacl, pyjwt, importlib-metadata, future, deprecated, whoosh, typing-extensions, tqdm, simplejson, PyGithub, patool, msgpack, keyrings.alt, keyring, jsmin, iso8601, humanize, fasteners, distro, click, boto, appdirs, annexremote, PyYAML, python-dateutil, pydantic, in-place, datalad, click-loglevel
2021-04-27T17:29:26.0598741Z WARNING: Value for scheme.headers does not match. Please report this to <https://github.com/pypa/pip/issues/9617>
2021-04-27T17:29:26.0600445Z distutils: /opt/hostedtoolcache/Python/3.9.4/x64/include/python3.9/UNKNOWN
2021-04-27T17:29:26.0601637Z sysconfig: /opt/hostedtoolcache/Python/3.9.4/x64/include/python3.9
2021-04-27T17:29:26.0602677Z WARNING: Additional context:
2021-04-27T17:29:26.0603481Z user = False
2021-04-27T17:29:26.0604075Z home = None
2021-04-27T17:29:26.0604644Z root = None
2021-04-27T17:29:26.0605241Z prefix = None
2021-04-27T17:29:26.0779839Z Successfully installed PyGithub-1.55 PyYAML-5.4.1 SecretStorage-3.3.1 annexremote-1.5.0 appdirs-1.4.4 boto-2.49.0 certifi-2020.12.5 cffi-1.14.5 chardet-4.0.0 click-7.1.2 click-loglevel-0.3.0 cryptography-3.4.7 datalad-0.14.2 deprecated-1.2.12 distro-1.5.0 fasteners-0.16 future-0.18.2 humanize-3.4.1 idna-2.10 importlib-metadata-4.0.1 in-place-0.5.0 iso8601-0.1.14 jeepney-0.6.0 jsmin-2.2.2 keyring-23.0.1 keyrings.alt-4.0.2 msgpack-1.0.2 patool-1.12 pycparser-2.20 pydantic-1.8.1 pyjwt-2.0.1 pynacl-1.4.0 python-dateutil-2.8.1 requests-2.25.1 simplejson-3.17.2 six-1.15.0 tqdm-4.60.0 typing-extensions-3.7.4.3 urllib3-1.26.4 whoosh-2.7.4 wrapt-1.12.1 zipp-3.4.1
2021-04-27T17:29:26.2216002Z ##[group]Run python tinuous --help
2021-04-27T17:29:26.2216656Z [36;1mpython tinuous --help[0m
2021-04-27T17:29:26.2264604Z shell: /usr/bin/bash -e {0}
2021-04-27T17:29:26.2264968Z env:
2021-04-27T17:29:26.2265673Z   pythonLocation: /opt/hostedtoolcache/Python/3.9.4/x64
2021-04-27T17:29:26.2266399Z   LD_LIBRARY_PATH: /opt/hostedtoolcache/Python/3.9.4/x64/lib
2021-04-27T17:29:26.2267111Z ##[endgroup]
2021-04-27T17:29:26.4177379Z It is highly recommended to configure Git before using DataLad. Set both 'user.name' and 'user.email' configuration variables.
2021-04-27T17:29:26.4180161Z It is highly recommended to configure Git before using DataLad. Set both 'user.name' and 'user.email' configuration variables.
2021-04-27T17:29:27.3204472Z Usage: tinuous [OPTIONS] COMMAND [ARGS]...
2021-04-27T17:29:27.3204951Z 
2021-04-27T17:29:27.3205487Z   Download build logs from GitHub Actions, Travis, and Appveyor
2021-04-27T17:29:27.3205919Z 
2021-04-27T17:29:27.3206241Z Options:
2021-04-27T17:29:27.3207461Z   -c, --config FILE               Read configuration from the given file
2021-04-27T17:29:27.3208109Z                                   [default: config.yml]
2021-04-27T17:29:27.3208425Z 
2021-04-27T17:29:27.3209114Z   -l, --log-level [NOTSET|DEBUG|INFO|WARNING|ERROR|CRITICAL]
2021-04-27T17:29:27.3209765Z                                   Set logging level  [default: INFO]
2021-04-27T17:29:27.3210491Z   --help                          Show this message and exit.
2021-04-27T17:29:27.3210854Z 
2021-04-27T17:29:27.3211190Z Commands:
2021-04-27T17:29:27.3211573Z   fetch     Download logs
2021-04-27T17:29:27.3212058Z   sanitize  Sanitize secrets in logs
2021-04-27T17:29:27.3858384Z ##[group]Run python -m pip install mypy
2021-04-27T17:29:27.3858998Z [36;1mpython -m pip install mypy[0m
2021-04-27T17:29:27.3907313Z shell: /usr/bin/bash -e {0}
2021-04-27T17:29:27.3907700Z env:
2021-04-27T17:29:27.3908255Z   pythonLocation: /opt/hostedtoolcache/Python/3.9.4/x64
2021-04-27T17:29:27.3908957Z   LD_LIBRARY_PATH: /opt/hostedtoolcache/Python/3.9.4/x64/lib
2021-04-27T17:29:27.3909498Z ##[endgroup]
2021-04-27T17:29:27.7325127Z WARNING: Value for scheme.headers does not match. Please report this to <https://github.com/pypa/pip/issues/9617>
2021-04-27T17:29:27.7326463Z distutils: /opt/hostedtoolcache/Python/3.9.4/x64/include/python3.9/UNKNOWN
2021-04-27T17:29:27.7327241Z sysconfig: /opt/hostedtoolcache/Python/3.9.4/x64/include/python3.9
2021-04-27T17:29:27.7327834Z WARNING: Additional context:
2021-04-27T17:29:27.7328515Z user = False
2021-04-27T17:29:27.7328843Z home = None
2021-04-27T17:29:27.7329179Z root = None
2021-04-27T17:29:27.7329524Z prefix = None
2021-04-27T17:29:28.0142436Z Collecting mypy
2021-04-27T17:29:28.0799487Z   Downloading mypy-0.812-cp39-cp39-manylinux2010_x86_64.whl (22.7 MB)
2021-04-27T17:29:29.0053911Z Collecting typed-ast<1.5.0,>=1.4.0
2021-04-27T17:29:29.0199064Z   Downloading typed_ast-1.4.3-cp39-cp39-manylinux1_x86_64.whl (769 kB)
2021-04-27T17:29:29.0659993Z Collecting mypy-extensions<0.5.0,>=0.4.3
2021-04-27T17:29:29.0824461Z   Downloading mypy_extensions-0.4.3-py2.py3-none-any.whl (4.5 kB)
2021-04-27T17:29:29.0870498Z Requirement already satisfied: typing-extensions>=3.7.4 in /opt/hostedtoolcache/Python/3.9.4/x64/lib/python3.9/site-packages (from mypy) (3.7.4.3)
2021-04-27T17:29:29.4933687Z Installing collected packages: typed-ast, mypy-extensions, mypy
2021-04-27T17:29:31.2412654Z WARNING: Value for scheme.headers does not match. Please report this to <https://github.com/pypa/pip/issues/9617>
2021-04-27T17:29:31.2414569Z distutils: /opt/hostedtoolcache/Python/3.9.4/x64/include/python3.9/UNKNOWN
2021-04-27T17:29:31.2415792Z sysconfig: /opt/hostedtoolcache/Python/3.9.4/x64/include/python3.9
2021-04-27T17:29:31.2416809Z WARNING: Additional context:
2021-04-27T17:29:31.2417471Z user = False
2021-04-27T17:29:31.2418009Z home = None
2021-04-27T17:29:31.2418539Z root = None
2021-04-27T17:29:31.2419071Z prefix = None
2021-04-27T17:29:31.2543299Z Successfully installed mypy-0.812 mypy-extensions-0.4.3 typed-ast-1.4.3
2021-04-27T17:29:31.3207781Z ##[group]Run mypy tinuous
2021-04-27T17:29:31.3208319Z [36;1mmypy tinuous[0m
2021-04-27T17:29:31.3249843Z shell: /usr/bin/bash -e {0}
2021-04-27T17:29:31.3250230Z env:
2021-04-27T17:29:31.3250962Z   pythonLocation: /opt/hostedtoolcache/Python/3.9.4/x64
2021-04-27T17:29:31.3251788Z   LD_LIBRARY_PATH: /opt/hostedtoolcache/Python/3.9.4/x64/lib
2021-04-27T17:29:31.3252532Z ##[endgroup]
2021-04-27T17:29:36.3858074Z Success: no issues found in 1 source file
2021-04-27T17:29:36.6954522Z Post job cleanup.
2021-04-27T17:29:36.8233705Z [command]/usr/bin/git version
2021-04-27T17:29:36.8288880Z git version 2.31.1
2021-04-27T17:29:36.8327372Z [command]/usr/bin/git config --local --name-only --get-regexp core\.sshCommand
2021-04-27T17:29:36.8362317Z [command]/usr/bin/git submodule foreach --recursive git config --local --name-only --get-regexp 'core\.sshCommand' && git config --local --unset-all 'core.sshCommand' || :
2021-04-27T17:29:36.8611696Z [command]/usr/bin/git config --local --name-only --get-regexp http\.https\:\/\/github\.com\/\.extraheader
2021-04-27T17:29:36.8635699Z http.https://github.com/.extraheader
2021-04-27T17:29:36.8645629Z [command]/usr/bin/git config --local --unset-all http.https://github.com/.extraheader
2021-04-27T17:29:36.8684891Z [command]/usr/bin/git submodule foreach --recursive git config --local --name-only --get-regexp 'http\.https\:\/\/github\.com\/\.extraheader' && git config --local --unset-all 'http.https://github.com/.extraheader' || :
2021-04-27T17:29:36.9018506Z Cleaning up orphan processes
