2022-10-26T14:09:22.9461360Z Requested labels: ubuntu-latest
2022-10-26T14:09:22.9461409Z Job defined at: con/tinuous/.github/workflows/test.yml@refs/heads/py3.11
2022-10-26T14:09:22.9461427Z Waiting for a runner to pick up this job...
2022-10-26T14:09:26.5810801Z Job is waiting for a hosted runner to come online.
2022-10-26T14:09:27.8703101Z Job is about to start running on the hosted runner: GitHub Actions 2 (hosted)
2022-10-26T14:09:31.6845723Z Current runner version: '2.298.2'
2022-10-26T14:09:31.6871632Z ##[group]Operating System
2022-10-26T14:09:31.6872122Z Ubuntu
2022-10-26T14:09:31.6872486Z 20.04.5
2022-10-26T14:09:31.6872770Z LTS
2022-10-26T14:09:31.6873030Z ##[endgroup]
2022-10-26T14:09:31.6873354Z ##[group]Runner Image
2022-10-26T14:09:31.6873742Z Image: ubuntu-20.04
2022-10-26T14:09:31.6874027Z Version: 20221018.2
2022-10-26T14:09:31.6874540Z Included Software: https://github.com/actions/runner-images/blob/ubuntu20/20221018.2/images/linux/Ubuntu2004-Readme.md
2022-10-26T14:09:31.6875184Z Image Release: https://github.com/actions/runner-images/releases/tag/ubuntu20%2F20221018.2
2022-10-26T14:09:31.6875586Z ##[endgroup]
2022-10-26T14:09:31.6875969Z ##[group]Runner Image Provisioner
2022-10-26T14:09:31.6876312Z 2.0.91.1
2022-10-26T14:09:31.6876559Z ##[endgroup]
2022-10-26T14:09:31.6877533Z ##[group]GITHUB_TOKEN Permissions
2022-10-26T14:09:31.6878207Z Actions: write
2022-10-26T14:09:31.6878530Z Checks: write
2022-10-26T14:09:31.6878944Z Contents: write
2022-10-26T14:09:31.6879352Z Deployments: write
2022-10-26T14:09:31.6879719Z Discussions: write
2022-10-26T14:09:31.6879998Z Issues: write
2022-10-26T14:09:31.6880314Z Metadata: read
2022-10-26T14:09:31.6880647Z Packages: write
2022-10-26T14:09:31.6880919Z Pages: write
2022-10-26T14:09:31.6881276Z PullRequests: write
2022-10-26T14:09:31.6881637Z RepositoryProjects: write
2022-10-26T14:09:31.6881954Z SecurityEvents: write
2022-10-26T14:09:31.6882296Z Statuses: write
2022-10-26T14:09:31.6882637Z ##[endgroup]
2022-10-26T14:09:31.6886332Z Secret source: Actions
2022-10-26T14:09:31.6886861Z Prepare workflow directory
2022-10-26T14:09:31.7703967Z Prepare all required actions
2022-10-26T14:09:31.7883476Z Getting action download info
2022-10-26T14:09:32.0095727Z Download action repository 'actions/checkout@v3' (SHA:93ea575cb5d8a053eaa0ac8fa3b40d7e05a33cc8)
2022-10-26T14:09:32.3421755Z Download action repository 'actions/setup-python@v4' (SHA:13ae5bb136fac2878aff31522b9efb785519f984)
2022-10-26T14:09:32.6369179Z Download action repository 'codecov/codecov-action@v3' (SHA:d9f34f8cd5cb3b3eb79b3e4b5dae3a16df499a70)
2022-10-26T14:09:33.0639473Z ##[group]Run actions/checkout@v3
2022-10-26T14:09:33.0639807Z with:
2022-10-26T14:09:33.0640010Z   fetch-depth: 0
2022-10-26T14:09:33.0640243Z   repository: con/tinuous
2022-10-26T14:09:33.0640706Z   token: ***
2022-10-26T14:09:33.0640905Z   ssh-strict: true
2022-10-26T14:09:33.0641145Z   persist-credentials: true
2022-10-26T14:09:33.0641376Z   clean: true
2022-10-26T14:09:33.0641562Z   lfs: false
2022-10-26T14:09:33.0641764Z   submodules: false
2022-10-26T14:09:33.0642002Z   set-safe-directory: true
2022-10-26T14:09:33.0642228Z ##[endgroup]
2022-10-26T14:09:33.3705608Z Syncing repository: con/tinuous
2022-10-26T14:09:33.3707274Z ##[group]Getting Git version info
2022-10-26T14:09:33.3707812Z Working directory is '/home/runner/work/tinuous/tinuous'
2022-10-26T14:09:33.3708323Z [command]/usr/bin/git version
2022-10-26T14:09:33.3842564Z git version 2.38.1
2022-10-26T14:09:33.3869393Z ##[endgroup]
2022-10-26T14:09:33.3886228Z Temporarily overriding HOME='/home/runner/work/_temp/d501ced9-91ac-4ded-8fcb-17cfe72239e1' before making global git config changes
2022-10-26T14:09:33.3888835Z Adding repository directory to the temporary git global config as a safe directory
2022-10-26T14:09:33.3893103Z [command]/usr/bin/git config --global --add safe.directory /home/runner/work/tinuous/tinuous
2022-10-26T14:09:33.3941890Z Deleting the contents of '/home/runner/work/tinuous/tinuous'
2022-10-26T14:09:33.3947389Z ##[group]Initializing the repository
2022-10-26T14:09:33.3950833Z [command]/usr/bin/git init /home/runner/work/tinuous/tinuous
2022-10-26T14:09:33.4072551Z hint: Using 'master' as the name for the initial branch. This default branch name
2022-10-26T14:09:33.4073263Z hint: is subject to change. To configure the initial branch name to use in all
2022-10-26T14:09:33.4074166Z hint: of your new repositories, which will suppress this warning, call:
2022-10-26T14:09:33.4074543Z hint: 
2022-10-26T14:09:33.4075144Z hint: 	git config --global init.defaultBranch <name>
2022-10-26T14:09:33.4075398Z hint: 
2022-10-26T14:09:33.4075765Z hint: Names commonly chosen instead of 'master' are 'main', 'trunk' and
2022-10-26T14:09:33.4076233Z hint: 'development'. The just-created branch can be renamed via this command:
2022-10-26T14:09:33.4076505Z hint: 
2022-10-26T14:09:33.4076762Z hint: 	git branch -m <name>
2022-10-26T14:09:33.4091405Z Initialized empty Git repository in /home/runner/work/tinuous/tinuous/.git/
2022-10-26T14:09:33.4102100Z [command]/usr/bin/git remote add origin https://github.com/con/tinuous
2022-10-26T14:09:33.4142665Z ##[endgroup]
2022-10-26T14:09:33.4143146Z ##[group]Disabling automatic garbage collection
2022-10-26T14:09:33.4149271Z [command]/usr/bin/git config --local gc.auto 0
2022-10-26T14:09:33.4180371Z ##[endgroup]
2022-10-26T14:09:33.4181349Z ##[group]Setting up auth
2022-10-26T14:09:33.4189796Z [command]/usr/bin/git config --local --name-only --get-regexp core\.sshCommand
2022-10-26T14:09:33.4223853Z [command]/usr/bin/git submodule foreach --recursive git config --local --name-only --get-regexp 'core\.sshCommand' && git config --local --unset-all 'core.sshCommand' || :
2022-10-26T14:09:33.4627563Z [command]/usr/bin/git config --local --name-only --get-regexp http\.https\:\/\/github\.com\/\.extraheader
2022-10-26T14:09:33.4661570Z [command]/usr/bin/git submodule foreach --recursive git config --local --name-only --get-regexp 'http\.https\:\/\/github\.com\/\.extraheader' && git config --local --unset-all 'http.https://github.com/.extraheader' || :
2022-10-26T14:09:33.4884148Z [command]/usr/bin/git config --local http.https://github.com/.extraheader AUTHORIZATION: basic ***
2022-10-26T14:09:33.4921218Z ##[endgroup]
2022-10-26T14:09:33.4922054Z ##[group]Fetching the repository
2022-10-26T14:09:33.4932098Z [command]/usr/bin/git -c protocol.version=2 fetch --prune --progress --no-recurse-submodules origin +refs/heads/*:refs/remotes/origin/* +refs/tags/*:refs/tags/*
2022-10-26T14:09:33.7491584Z remote: Enumerating objects: 1025, done.        
2022-10-26T14:09:33.7492187Z remote: Counting objects:   0% (1/247)        
2022-10-26T14:09:33.7492467Z remote: Counting objects:   1% (3/247)        
2022-10-26T14:09:33.7492729Z remote: Counting objects:   2% (5/247)        
2022-10-26T14:09:33.7492996Z remote: Counting objects:   3% (8/247)        
2022-10-26T14:09:33.7493277Z remote: Counting objects:   4% (10/247)        
2022-10-26T14:09:33.7493535Z remote: Counting objects:   5% (13/247)        
2022-10-26T14:09:33.7493800Z remote: Counting objects:   6% (15/247)        
2022-10-26T14:09:33.7494066Z remote: Counting objects:   7% (18/247)        
2022-10-26T14:09:33.7494318Z remote: Counting objects:   8% (20/247)        
2022-10-26T14:09:33.7494581Z remote: Counting objects:   9% (23/247)        
2022-10-26T14:09:33.7494846Z remote: Counting objects:  10% (25/247)        
2022-10-26T14:09:33.7495095Z remote: Counting objects:  11% (28/247)        
2022-10-26T14:09:33.7495356Z remote: Counting objects:  12% (30/247)        
2022-10-26T14:09:33.7495636Z remote: Counting objects:  13% (33/247)        
2022-10-26T14:09:33.7495887Z remote: Counting objects:  14% (35/247)        
2022-10-26T14:09:33.7496150Z remote: Counting objects:  15% (38/247)        
2022-10-26T14:09:33.7496414Z remote: Counting objects:  16% (40/247)        
2022-10-26T14:09:33.7497148Z remote: Counting objects:  17% (42/247)        
2022-10-26T14:09:33.7497395Z remote: Counting objects:  18% (45/247)        
2022-10-26T14:09:33.7497653Z remote: Counting objects:  19% (47/247)        
2022-10-26T14:09:33.7497932Z remote: Counting objects:  20% (50/247)        
2022-10-26T14:09:33.7498174Z remote: Counting objects:  21% (52/247)        
2022-10-26T14:09:33.7498427Z remote: Counting objects:  22% (55/247)        
2022-10-26T14:09:33.7498685Z remote: Counting objects:  23% (57/247)        
2022-10-26T14:09:33.7498939Z remote: Counting objects:  24% (60/247)        
2022-10-26T14:09:33.7499185Z remote: Counting objects:  25% (62/247)        
2022-10-26T14:09:33.7499551Z remote: Counting objects:  26% (65/247)        
2022-10-26T14:09:33.7499818Z remote: Counting objects:  27% (67/247)        
2022-10-26T14:09:33.7500078Z remote: Counting objects:  28% (70/247)        
2022-10-26T14:09:33.7500338Z remote: Counting objects:  29% (72/247)        
2022-10-26T14:09:33.7500603Z remote: Counting objects:  30% (75/247)        
2022-10-26T14:09:33.7500853Z remote: Counting objects:  31% (77/247)        
2022-10-26T14:09:33.7501113Z remote: Counting objects:  32% (80/247)        
2022-10-26T14:09:33.7501375Z remote: Counting objects:  33% (82/247)        
2022-10-26T14:09:33.7501619Z remote: Counting objects:  34% (84/247)        
2022-10-26T14:09:33.7501884Z remote: Counting objects:  35% (87/247)        
2022-10-26T14:09:33.7502146Z remote: Counting objects:  36% (89/247)        
2022-10-26T14:09:33.7502404Z remote: Counting objects:  37% (92/247)        
2022-10-26T14:09:33.7502652Z remote: Counting objects:  38% (94/247)        
2022-10-26T14:09:33.7502920Z remote: Counting objects:  39% (97/247)        
2022-10-26T14:09:33.7503188Z remote: Counting objects:  40% (99/247)        
2022-10-26T14:09:33.7503471Z remote: Counting objects:  41% (102/247)        
2022-10-26T14:09:33.7503751Z remote: Counting objects:  42% (104/247)        
2022-10-26T14:09:33.7504017Z remote: Counting objects:  43% (107/247)        
2022-10-26T14:09:33.7504294Z remote: Counting objects:  44% (109/247)        
2022-10-26T14:09:33.7504549Z remote: Counting objects:  45% (112/247)        
2022-10-26T14:09:33.7504815Z remote: Counting objects:  46% (114/247)        
2022-10-26T14:09:33.7505083Z remote: Counting objects:  47% (117/247)        
2022-10-26T14:09:33.7505332Z remote: Counting objects:  48% (119/247)        
2022-10-26T14:09:33.7505596Z remote: Counting objects:  49% (122/247)        
2022-10-26T14:09:33.7505866Z remote: Counting objects:  50% (124/247)        
2022-10-26T14:09:33.7506116Z remote: Counting objects:  51% (126/247)        
2022-10-26T14:09:33.7506380Z remote: Counting objects:  52% (129/247)        
2022-10-26T14:09:33.7506713Z remote: Counting objects:  53% (131/247)        
2022-10-26T14:09:33.7506968Z remote: Counting objects:  54% (134/247)        
2022-10-26T14:09:33.7507234Z remote: Counting objects:  55% (136/247)        
2022-10-26T14:09:33.7507497Z remote: Counting objects:  56% (139/247)        
2022-10-26T14:09:33.7507760Z remote: Counting objects:  57% (141/247)        
2022-10-26T14:09:33.7508010Z remote: Counting objects:  58% (144/247)        
2022-10-26T14:09:33.7508272Z remote: Counting objects:  59% (146/247)        
2022-10-26T14:09:33.7508534Z remote: Counting objects:  60% (149/247)        
2022-10-26T14:09:33.7508784Z remote: Counting objects:  61% (151/247)        
2022-10-26T14:09:33.7509047Z remote: Counting objects:  62% (154/247)        
2022-10-26T14:09:33.7509309Z remote: Counting objects:  63% (156/247)        
2022-10-26T14:09:33.7509734Z remote: Counting objects:  64% (159/247)        
2022-10-26T14:09:33.7509984Z remote: Counting objects:  65% (161/247)        
2022-10-26T14:09:33.7510253Z remote: Counting objects:  66% (164/247)        
2022-10-26T14:09:33.7510517Z remote: Counting objects:  67% (166/247)        
2022-10-26T14:09:33.7510767Z remote: Counting objects:  68% (168/247)        
2022-10-26T14:09:33.7511031Z remote: Counting objects:  69% (171/247)        
2022-10-26T14:09:33.7511292Z remote: Counting objects:  70% (173/247)        
2022-10-26T14:09:33.7511556Z remote: Counting objects:  71% (176/247)        
2022-10-26T14:09:33.7511803Z remote: Counting objects:  72% (178/247)        
2022-10-26T14:09:33.7512063Z remote: Counting objects:  73% (181/247)        
2022-10-26T14:09:33.7512328Z remote: Counting objects:  74% (183/247)        
2022-10-26T14:09:33.7512580Z remote: Counting objects:  75% (186/247)        
2022-10-26T14:09:33.7512841Z remote: Counting objects:  76% (188/247)        
2022-10-26T14:09:33.7513104Z remote: Counting objects:  77% (191/247)        
2022-10-26T14:09:33.7513361Z remote: Counting objects:  78% (193/247)        
2022-10-26T14:09:33.7513699Z remote: Counting objects:  79% (196/247)        
2022-10-26T14:09:33.7513967Z remote: Counting objects:  80% (198/247)        
2022-10-26T14:09:33.7514236Z remote: Counting objects:  81% (201/247)        
2022-10-26T14:09:33.7517740Z remote: Counting objects:  82% (203/247)        
2022-10-26T14:09:33.7518272Z remote: Counting objects:  83% (206/247)        
2022-10-26T14:09:33.7530478Z remote: Counting objects:  84% (208/247)        
2022-10-26T14:09:33.7531652Z remote: Counting objects:  85% (210/247)        
2022-10-26T14:09:33.7531963Z remote: Counting objects:  86% (213/247)        
2022-10-26T14:09:33.7532238Z remote: Counting objects:  87% (215/247)        
2022-10-26T14:09:33.7532514Z remote: Counting objects:  88% (218/247)        
2022-10-26T14:09:33.7532784Z remote: Counting objects:  89% (220/247)        
2022-10-26T14:09:33.7533052Z remote: Counting objects:  90% (223/247)        
2022-10-26T14:09:33.7533323Z remote: Counting objects:  91% (225/247)        
2022-10-26T14:09:33.7533594Z remote: Counting objects:  92% (228/247)        
2022-10-26T14:09:33.7533869Z remote: Counting objects:  93% (230/247)        
2022-10-26T14:09:33.7534132Z remote: Counting objects:  94% (233/247)        
2022-10-26T14:09:33.7534399Z remote: Counting objects:  95% (235/247)        
2022-10-26T14:09:33.7534648Z remote: Counting objects:  96% (238/247)        
2022-10-26T14:09:33.7534909Z remote: Counting objects:  97% (240/247)        
2022-10-26T14:09:33.7535174Z remote: Counting objects:  98% (243/247)        
2022-10-26T14:09:33.7535421Z remote: Counting objects:  99% (245/247)        
2022-10-26T14:09:33.7535682Z remote: Counting objects: 100% (247/247)        
2022-10-26T14:09:33.7535966Z remote: Counting objects: 100% (247/247), done.        
2022-10-26T14:09:33.7536248Z remote: Compressing objects:   0% (1/170)        
2022-10-26T14:09:33.7536531Z remote: Compressing objects:   1% (2/170)        
2022-10-26T14:09:33.7536809Z remote: Compressing objects:   2% (4/170)        
2022-10-26T14:09:33.7537091Z remote: Compressing objects:   3% (6/170)        
2022-10-26T14:09:33.7537523Z remote: Compressing objects:   4% (7/170)        
2022-10-26T14:09:33.7537806Z remote: Compressing objects:   5% (9/170)        
2022-10-26T14:09:33.7538088Z remote: Compressing objects:   6% (11/170)        
2022-10-26T14:09:33.7538363Z remote: Compressing objects:   7% (12/170)        
2022-10-26T14:09:33.7538644Z remote: Compressing objects:   8% (14/170)        
2022-10-26T14:09:33.7538926Z remote: Compressing objects:   9% (16/170)        
2022-10-26T14:09:33.7539196Z remote: Compressing objects:  10% (17/170)        
2022-10-26T14:09:33.7539479Z remote: Compressing objects:  11% (19/170)        
2022-10-26T14:09:33.7576975Z remote: Compressing objects:  12% (21/170)        
2022-10-26T14:09:33.7577317Z remote: Compressing objects:  13% (23/170)        
2022-10-26T14:09:33.7596558Z remote: Compressing objects:  14% (24/170)        
2022-10-26T14:09:33.7596988Z remote: Compressing objects:  15% (26/170)        
2022-10-26T14:09:33.7597295Z remote: Compressing objects:  16% (28/170)        
2022-10-26T14:09:33.7597575Z remote: Compressing objects:  17% (29/170)        
2022-10-26T14:09:33.7597861Z remote: Compressing objects:  18% (31/170)        
2022-10-26T14:09:33.7598145Z remote: Compressing objects:  19% (33/170)        
2022-10-26T14:09:33.7598426Z remote: Compressing objects:  20% (34/170)        
2022-10-26T14:09:33.7598690Z remote: Compressing objects:  21% (36/170)        
2022-10-26T14:09:33.7598970Z remote: Compressing objects:  22% (38/170)        
2022-10-26T14:09:33.7599251Z remote: Compressing objects:  23% (40/170)        
2022-10-26T14:09:33.7599517Z remote: Compressing objects:  24% (41/170)        
2022-10-26T14:09:33.7599794Z remote: Compressing objects:  25% (43/170)        
2022-10-26T14:09:33.7600073Z remote: Compressing objects:  26% (45/170)        
2022-10-26T14:09:33.7600335Z remote: Compressing objects:  27% (46/170)        
2022-10-26T14:09:33.7600612Z remote: Compressing objects:  28% (48/170)        
2022-10-26T14:09:33.7601076Z remote: Compressing objects:  29% (50/170)        
2022-10-26T14:09:33.7601338Z remote: Compressing objects:  30% (51/170)        
2022-10-26T14:09:33.7601616Z remote: Compressing objects:  31% (53/170)        
2022-10-26T14:09:33.7601892Z remote: Compressing objects:  32% (55/170)        
2022-10-26T14:09:33.7602174Z remote: Compressing objects:  33% (57/170)        
2022-10-26T14:09:33.7602435Z remote: Compressing objects:  34% (58/170)        
2022-10-26T14:09:33.7602714Z remote: Compressing objects:  35% (60/170)        
2022-10-26T14:09:33.7602996Z remote: Compressing objects:  36% (62/170)        
2022-10-26T14:09:33.7603258Z remote: Compressing objects:  37% (63/170)        
2022-10-26T14:09:33.7603533Z remote: Compressing objects:  38% (65/170)        
2022-10-26T14:09:33.7603808Z remote: Compressing objects:  39% (67/170)        
2022-10-26T14:09:33.7604069Z remote: Compressing objects:  40% (68/170)        
2022-10-26T14:09:33.7604351Z remote: Compressing objects:  41% (70/170)        
2022-10-26T14:09:33.7604629Z remote: Compressing objects:  42% (72/170)        
2022-10-26T14:09:33.7604904Z remote: Compressing objects:  43% (74/170)        
2022-10-26T14:09:33.7605163Z remote: Compressing objects:  44% (75/170)        
2022-10-26T14:09:33.7605436Z remote: Compressing objects:  45% (77/170)        
2022-10-26T14:09:33.7605715Z remote: Compressing objects:  46% (79/170)        
2022-10-26T14:09:33.7605975Z remote: Compressing objects:  47% (80/170)        
2022-10-26T14:09:33.7606247Z remote: Compressing objects:  48% (82/170)        
2022-10-26T14:09:33.7606523Z remote: Compressing objects:  49% (84/170)        
2022-10-26T14:09:33.7606784Z remote: Compressing objects:  50% (85/170)        
2022-10-26T14:09:33.7607055Z remote: Compressing objects:  51% (87/170)        
2022-10-26T14:09:33.7607331Z remote: Compressing objects:  52% (89/170)        
2022-10-26T14:09:33.7607591Z remote: Compressing objects:  53% (91/170)        
2022-10-26T14:09:33.7607870Z remote: Compressing objects:  54% (92/170)        
2022-10-26T14:09:33.7608213Z remote: Compressing objects:  55% (94/170)        
2022-10-26T14:09:33.7608499Z remote: Compressing objects:  56% (96/170)        
2022-10-26T14:09:33.7608760Z remote: Compressing objects:  57% (97/170)        
2022-10-26T14:09:33.7609035Z remote: Compressing objects:  58% (99/170)        
2022-10-26T14:09:33.7609316Z remote: Compressing objects:  59% (101/170)        
2022-10-26T14:09:33.7609753Z remote: Compressing objects:  60% (102/170)        
2022-10-26T14:09:33.7610038Z remote: Compressing objects:  61% (104/170)        
2022-10-26T14:09:33.7610322Z remote: Compressing objects:  62% (106/170)        
2022-10-26T14:09:33.7610586Z remote: Compressing objects:  63% (108/170)        
2022-10-26T14:09:33.7610869Z remote: Compressing objects:  64% (109/170)        
2022-10-26T14:09:33.7611181Z remote: Compressing objects:  65% (111/170)        
2022-10-26T14:09:33.7611468Z remote: Compressing objects:  66% (113/170)        
2022-10-26T14:09:33.7611738Z remote: Compressing objects:  67% (114/170)        
2022-10-26T14:09:33.7612021Z remote: Compressing objects:  68% (116/170)        
2022-10-26T14:09:33.7612298Z remote: Compressing objects:  69% (118/170)        
2022-10-26T14:09:33.7612563Z remote: Compressing objects:  70% (119/170)        
2022-10-26T14:09:33.7612841Z remote: Compressing objects:  71% (121/170)        
2022-10-26T14:09:33.7613123Z remote: Compressing objects:  72% (123/170)        
2022-10-26T14:09:33.7613401Z remote: Compressing objects:  73% (125/170)        
2022-10-26T14:09:33.7613660Z remote: Compressing objects:  74% (126/170)        
2022-10-26T14:09:33.7613935Z remote: Compressing objects:  75% (128/170)        
2022-10-26T14:09:33.7614212Z remote: Compressing objects:  76% (130/170)        
2022-10-26T14:09:33.7614473Z remote: Compressing objects:  77% (131/170)        
2022-10-26T14:09:33.7614752Z remote: Compressing objects:  78% (133/170)        
2022-10-26T14:09:33.7615026Z remote: Compressing objects:  79% (135/170)        
2022-10-26T14:09:33.7615369Z remote: Compressing objects:  80% (136/170)        
2022-10-26T14:09:33.7615648Z remote: Compressing objects:  81% (138/170)        
2022-10-26T14:09:33.7615925Z remote: Compressing objects:  82% (140/170)        
2022-10-26T14:09:33.7616204Z remote: Compressing objects:  83% (142/170)        
2022-10-26T14:09:33.7616464Z remote: Compressing objects:  84% (143/170)        
2022-10-26T14:09:33.7616741Z remote: Compressing objects:  85% (145/170)        
2022-10-26T14:09:33.7617018Z remote: Compressing objects:  86% (147/170)        
2022-10-26T14:09:33.7617279Z remote: Compressing objects:  87% (148/170)        
2022-10-26T14:09:33.7617556Z remote: Compressing objects:  88% (150/170)        
2022-10-26T14:09:33.7617830Z remote: Compressing objects:  89% (152/170)        
2022-10-26T14:09:33.7618127Z remote: Compressing objects:  90% (153/170)        
2022-10-26T14:09:33.7618404Z remote: Compressing objects:  91% (155/170)        
2022-10-26T14:09:33.7618670Z remote: Compressing objects:  92% (157/170)        
2022-10-26T14:09:33.7618950Z remote: Compressing objects:  93% (159/170)        
2022-10-26T14:09:33.7619381Z remote: Compressing objects:  94% (160/170)        
2022-10-26T14:09:33.7619665Z remote: Compressing objects:  95% (162/170)        
2022-10-26T14:09:33.7619927Z remote: Compressing objects:  96% (164/170)        
2022-10-26T14:09:33.7620206Z remote: Compressing objects:  97% (165/170)        
2022-10-26T14:09:33.7620486Z remote: Compressing objects:  98% (167/170)        
2022-10-26T14:09:33.7620749Z remote: Compressing objects:  99% (169/170)        
2022-10-26T14:09:33.7621261Z remote: Compressing objects: 100% (170/170)        
2022-10-26T14:09:33.7621556Z remote: Compressing objects: 100% (170/170), done.        
2022-10-26T14:09:33.7642604Z Receiving objects:   0% (1/1025)
2022-10-26T14:09:33.7680026Z Receiving objects:   1% (11/1025)
2022-10-26T14:09:33.7680611Z Receiving objects:   2% (21/1025)
2022-10-26T14:09:33.7683464Z Receiving objects:   3% (31/1025)
2022-10-26T14:09:33.7683995Z Receiving objects:   4% (41/1025)
2022-10-26T14:09:33.7686866Z Receiving objects:   5% (52/1025)
2022-10-26T14:09:33.7692046Z Receiving objects:   6% (62/1025)
2022-10-26T14:09:33.7692554Z Receiving objects:   7% (72/1025)
2022-10-26T14:09:33.7698757Z Receiving objects:   8% (82/1025)
2022-10-26T14:09:33.7699376Z Receiving objects:   9% (93/1025)
2022-10-26T14:09:33.7700060Z Receiving objects:  10% (103/1025)
2022-10-26T14:09:33.7701301Z Receiving objects:  11% (113/1025)
2022-10-26T14:09:33.7701777Z Receiving objects:  12% (123/1025)
2022-10-26T14:09:33.7709605Z Receiving objects:  13% (134/1025)
2022-10-26T14:09:33.7710708Z Receiving objects:  14% (144/1025)
2022-10-26T14:09:33.7712631Z Receiving objects:  15% (154/1025)
2022-10-26T14:09:33.7713160Z Receiving objects:  16% (164/1025)
2022-10-26T14:09:33.7723099Z Receiving objects:  17% (175/1025)
2022-10-26T14:09:33.7723590Z Receiving objects:  18% (185/1025)
2022-10-26T14:09:33.7724331Z Receiving objects:  19% (195/1025)
2022-10-26T14:09:33.7725093Z Receiving objects:  20% (205/1025)
2022-10-26T14:09:33.7725852Z Receiving objects:  21% (216/1025)
2022-10-26T14:09:33.7726322Z Receiving objects:  22% (226/1025)
2022-10-26T14:09:33.7727018Z Receiving objects:  23% (236/1025)
2022-10-26T14:09:33.7727438Z Receiving objects:  24% (246/1025)
2022-10-26T14:09:33.7728131Z Receiving objects:  25% (257/1025)
2022-10-26T14:09:33.7730627Z Receiving objects:  26% (267/1025)
2022-10-26T14:09:33.7731474Z Receiving objects:  27% (277/1025)
2022-10-26T14:09:33.7732955Z Receiving objects:  28% (287/1025)
2022-10-26T14:09:33.7758873Z Receiving objects:  29% (298/1025)
2022-10-26T14:09:33.7759482Z Receiving objects:  30% (308/1025)
2022-10-26T14:09:33.7760222Z Receiving objects:  31% (318/1025)
2022-10-26T14:09:33.7760631Z Receiving objects:  32% (328/1025)
2022-10-26T14:09:33.7761253Z Receiving objects:  33% (339/1025)
2022-10-26T14:09:33.7761665Z Receiving objects:  34% (349/1025)
2022-10-26T14:09:33.7762279Z Receiving objects:  35% (359/1025)
2022-10-26T14:09:33.7762893Z Receiving objects:  36% (369/1025)
2022-10-26T14:09:33.7763526Z Receiving objects:  37% (380/1025)
2022-10-26T14:09:33.7763937Z Receiving objects:  38% (390/1025)
2022-10-26T14:09:33.7764532Z Receiving objects:  39% (400/1025)
2022-10-26T14:09:33.7764944Z Receiving objects:  40% (410/1025)
2022-10-26T14:09:33.7765550Z Receiving objects:  41% (421/1025)
2022-10-26T14:09:33.7765958Z Receiving objects:  42% (431/1025)
2022-10-26T14:09:33.7766565Z Receiving objects:  43% (441/1025)
2022-10-26T14:09:33.7766974Z Receiving objects:  44% (451/1025)
2022-10-26T14:09:33.7767580Z Receiving objects:  45% (462/1025)
2022-10-26T14:09:33.7767971Z Receiving objects:  46% (472/1025)
2022-10-26T14:09:33.7768591Z Receiving objects:  47% (482/1025)
2022-10-26T14:09:33.7768998Z Receiving objects:  48% (492/1025)
2022-10-26T14:09:33.7769842Z Receiving objects:  49% (503/1025)
2022-10-26T14:09:33.7770252Z Receiving objects:  50% (513/1025)
2022-10-26T14:09:33.7770953Z Receiving objects:  51% (523/1025)
2022-10-26T14:09:33.7771446Z Receiving objects:  52% (533/1025)
2022-10-26T14:09:33.7772061Z Receiving objects:  53% (544/1025)
2022-10-26T14:09:33.7772455Z Receiving objects:  54% (554/1025)
2022-10-26T14:09:33.7773082Z Receiving objects:  55% (564/1025)
2022-10-26T14:09:33.7773849Z Receiving objects:  56% (574/1025)
2022-10-26T14:09:33.7774854Z Receiving objects:  57% (585/1025)
2022-10-26T14:09:33.7775079Z Receiving objects:  58% (595/1025)
2022-10-26T14:09:33.7775317Z Receiving objects:  59% (605/1025)
2022-10-26T14:09:33.7775884Z Receiving objects:  60% (615/1025)
2022-10-26T14:09:33.7776107Z Receiving objects:  61% (626/1025)
2022-10-26T14:09:33.7776348Z Receiving objects:  62% (636/1025)
2022-10-26T14:09:33.7776583Z Receiving objects:  63% (646/1025)
2022-10-26T14:09:33.7776805Z Receiving objects:  64% (656/1025)
2022-10-26T14:09:33.7777039Z Receiving objects:  65% (667/1025)
2022-10-26T14:09:33.7777275Z Receiving objects:  66% (677/1025)
2022-10-26T14:09:33.7777497Z Receiving objects:  67% (687/1025)
2022-10-26T14:09:33.7777737Z Receiving objects:  68% (697/1025)
2022-10-26T14:09:33.7778095Z Receiving objects:  69% (708/1025)
2022-10-26T14:09:33.7778321Z Receiving objects:  70% (718/1025)
2022-10-26T14:09:33.7778557Z Receiving objects:  71% (728/1025)
2022-10-26T14:09:33.7778794Z Receiving objects:  72% (738/1025)
2022-10-26T14:09:33.7779017Z Receiving objects:  73% (749/1025)
2022-10-26T14:09:33.7779250Z Receiving objects:  74% (759/1025)
2022-10-26T14:09:33.7779483Z Receiving objects:  75% (769/1025)
2022-10-26T14:09:33.7779715Z Receiving objects:  76% (779/1025)
2022-10-26T14:09:33.7779936Z Receiving objects:  77% (790/1025)
2022-10-26T14:09:33.7780170Z Receiving objects:  78% (800/1025)
2022-10-26T14:09:33.7780770Z remote: Total 1025 (delta 90), reused 100 (delta 69), pack-reused 778        
2022-10-26T14:09:33.7781053Z Receiving objects:  79% (810/1025)
2022-10-26T14:09:33.7781299Z Receiving objects:  80% (820/1025)
2022-10-26T14:09:33.7781535Z Receiving objects:  81% (831/1025)
2022-10-26T14:09:33.7781759Z Receiving objects:  82% (841/1025)
2022-10-26T14:09:33.7781998Z Receiving objects:  83% (851/1025)
2022-10-26T14:09:33.7782235Z Receiving objects:  84% (861/1025)
2022-10-26T14:09:33.7782456Z Receiving objects:  85% (872/1025)
2022-10-26T14:09:33.7782693Z Receiving objects:  86% (882/1025)
2022-10-26T14:09:33.7782926Z Receiving objects:  87% (892/1025)
2022-10-26T14:09:33.7783143Z Receiving objects:  88% (902/1025)
2022-10-26T14:09:33.7783375Z Receiving objects:  89% (913/1025)
2022-10-26T14:09:33.7783609Z Receiving objects:  90% (923/1025)
2022-10-26T14:09:33.7783843Z Receiving objects:  91% (933/1025)
2022-10-26T14:09:33.7784063Z Receiving objects:  92% (943/1025)
2022-10-26T14:09:33.7784296Z Receiving objects:  93% (954/1025)
2022-10-26T14:09:33.7784530Z Receiving objects:  94% (964/1025)
2022-10-26T14:09:33.7785262Z Receiving objects:  95% (974/1025)
2022-10-26T14:09:33.7785503Z Receiving objects:  96% (984/1025)
2022-10-26T14:09:33.7785736Z Receiving objects:  97% (995/1025)
2022-10-26T14:09:33.7786071Z Receiving objects:  98% (1005/1025)
2022-10-26T14:09:33.7830601Z Receiving objects:  99% (1015/1025)
2022-10-26T14:09:33.7830962Z Receiving objects: 100% (1025/1025)
2022-10-26T14:09:33.7831243Z Receiving objects: 100% (1025/1025), 259.73 KiB | 16.23 MiB/s, done.
2022-10-26T14:09:33.7833495Z Resolving deltas:   0% (0/559)
2022-10-26T14:09:33.7834762Z Resolving deltas:   1% (6/559)
2022-10-26T14:09:33.7835037Z Resolving deltas:   2% (12/559)
2022-10-26T14:09:33.7835808Z Resolving deltas:   3% (17/559)
2022-10-26T14:09:33.7836055Z Resolving deltas:   4% (23/559)
2022-10-26T14:09:33.7836292Z Resolving deltas:   5% (28/559)
2022-10-26T14:09:33.7836513Z Resolving deltas:   6% (34/559)
2022-10-26T14:09:33.7836744Z Resolving deltas:   7% (40/559)
2022-10-26T14:09:33.7836975Z Resolving deltas:   8% (45/559)
2022-10-26T14:09:33.7837192Z Resolving deltas:   9% (51/559)
2022-10-26T14:09:33.7837424Z Resolving deltas:  10% (56/559)
2022-10-26T14:09:33.7837654Z Resolving deltas:  11% (62/559)
2022-10-26T14:09:33.7837901Z Resolving deltas:  12% (68/559)
2022-10-26T14:09:33.7838123Z Resolving deltas:  13% (73/559)
2022-10-26T14:09:33.7838351Z Resolving deltas:  14% (79/559)
2022-10-26T14:09:33.7838580Z Resolving deltas:  15% (84/559)
2022-10-26T14:09:33.7838796Z Resolving deltas:  16% (90/559)
2022-10-26T14:09:33.7839025Z Resolving deltas:  17% (96/559)
2022-10-26T14:09:33.7839264Z Resolving deltas:  18% (101/559)
2022-10-26T14:09:33.7839488Z Resolving deltas:  19% (107/559)
2022-10-26T14:09:33.7840293Z Resolving deltas:  20% (112/559)
2022-10-26T14:09:33.7840537Z Resolving deltas:  21% (118/559)
2022-10-26T14:09:33.7840760Z Resolving deltas:  22% (123/559)
2022-10-26T14:09:33.7840993Z Resolving deltas:  23% (129/559)
2022-10-26T14:09:33.7841230Z Resolving deltas:  24% (135/559)
2022-10-26T14:09:33.7841446Z Resolving deltas:  25% (140/559)
2022-10-26T14:09:33.7841676Z Resolving deltas:  26% (146/559)
2022-10-26T14:09:33.7841910Z Resolving deltas:  27% (151/559)
2022-10-26T14:09:33.7842135Z Resolving deltas:  28% (157/559)
2022-10-26T14:09:33.7842366Z Resolving deltas:  29% (163/559)
2022-10-26T14:09:33.7842769Z Resolving deltas:  30% (168/559)
2022-10-26T14:09:33.7842994Z Resolving deltas:  31% (174/559)
2022-10-26T14:09:33.7843237Z Resolving deltas:  32% (179/559)
2022-10-26T14:09:33.7843468Z Resolving deltas:  33% (185/559)
2022-10-26T14:09:33.7843707Z Resolving deltas:  34% (191/559)
2022-10-26T14:09:33.7843926Z Resolving deltas:  35% (196/559)
2022-10-26T14:09:33.7844157Z Resolving deltas:  36% (202/559)
2022-10-26T14:09:33.7844387Z Resolving deltas:  37% (207/559)
2022-10-26T14:09:33.7844606Z Resolving deltas:  38% (213/559)
2022-10-26T14:09:33.7844837Z Resolving deltas:  39% (219/559)
2022-10-26T14:09:33.7845064Z Resolving deltas:  40% (224/559)
2022-10-26T14:09:33.7845283Z Resolving deltas:  41% (230/559)
2022-10-26T14:09:33.7846140Z Resolving deltas:  42% (235/559)
2022-10-26T14:09:33.7846397Z Resolving deltas:  43% (241/559)
2022-10-26T14:09:33.7846615Z Resolving deltas:  44% (246/559)
2022-10-26T14:09:33.7846855Z Resolving deltas:  45% (252/559)
2022-10-26T14:09:33.7847877Z Resolving deltas:  46% (258/559)
2022-10-26T14:09:33.7848103Z Resolving deltas:  47% (263/559)
2022-10-26T14:09:33.7848337Z Resolving deltas:  48% (269/559)
2022-10-26T14:09:33.7848573Z Resolving deltas:  49% (274/559)
2022-10-26T14:09:33.7852724Z Resolving deltas:  50% (280/559)
2022-10-26T14:09:33.7856283Z Resolving deltas:  51% (286/559)
2022-10-26T14:09:33.7859161Z Resolving deltas:  52% (291/559)
2022-10-26T14:09:33.7862526Z Resolving deltas:  53% (297/559)
2022-10-26T14:09:33.7865344Z Resolving deltas:  54% (302/559)
2022-10-26T14:09:33.7881981Z Resolving deltas:  55% (308/559)
2022-10-26T14:09:33.7882269Z Resolving deltas:  56% (314/559)
2022-10-26T14:09:33.7882498Z Resolving deltas:  57% (319/559)
2022-10-26T14:09:33.7882739Z Resolving deltas:  58% (325/559)
2022-10-26T14:09:33.7882976Z Resolving deltas:  59% (331/559)
2022-10-26T14:09:33.7883214Z Resolving deltas:  60% (336/559)
2022-10-26T14:09:33.7883588Z Resolving deltas:  61% (341/559)
2022-10-26T14:09:33.7883823Z Resolving deltas:  62% (347/559)
2022-10-26T14:09:33.7886278Z Resolving deltas:  63% (353/559)
2022-10-26T14:09:33.7888694Z Resolving deltas:  64% (358/559)
2022-10-26T14:09:33.7891316Z Resolving deltas:  65% (364/559)
2022-10-26T14:09:33.7901835Z Resolving deltas:  66% (369/559)
2022-10-26T14:09:33.7907706Z Resolving deltas:  67% (375/559)
2022-10-26T14:09:33.7907979Z Resolving deltas:  68% (381/559)
2022-10-26T14:09:33.7910251Z Resolving deltas:  69% (386/559)
2022-10-26T14:09:33.7913667Z Resolving deltas:  70% (392/559)
2022-10-26T14:09:33.7917000Z Resolving deltas:  71% (397/559)
2022-10-26T14:09:33.7919971Z Resolving deltas:  72% (403/559)
2022-10-26T14:09:33.7922864Z Resolving deltas:  73% (409/559)
2022-10-26T14:09:33.7927023Z Resolving deltas:  74% (414/559)
2022-10-26T14:09:33.7929982Z Resolving deltas:  75% (420/559)
2022-10-26T14:09:33.7931240Z Resolving deltas:  76% (425/559)
2022-10-26T14:09:33.7934621Z Resolving deltas:  77% (431/559)
2022-10-26T14:09:33.7935232Z Resolving deltas:  78% (438/559)
2022-10-26T14:09:33.7935792Z Resolving deltas:  79% (442/559)
2022-10-26T14:09:33.7936393Z Resolving deltas:  80% (448/559)
2022-10-26T14:09:33.7936960Z Resolving deltas:  81% (453/559)
2022-10-26T14:09:33.7937533Z Resolving deltas:  82% (459/559)
2022-10-26T14:09:33.7939814Z Resolving deltas:  83% (464/559)
2022-10-26T14:09:33.7946019Z Resolving deltas:  84% (470/559)
2022-10-26T14:09:33.7946873Z Resolving deltas:  85% (476/559)
2022-10-26T14:09:33.7947403Z Resolving deltas:  86% (481/559)
2022-10-26T14:09:33.7947898Z Resolving deltas:  87% (487/559)
2022-10-26T14:09:33.7948399Z Resolving deltas:  88% (492/559)
2022-10-26T14:09:33.7948898Z Resolving deltas:  89% (498/559)
2022-10-26T14:09:33.7949449Z Resolving deltas:  90% (504/559)
2022-10-26T14:09:33.7949947Z Resolving deltas:  91% (509/559)
2022-10-26T14:09:33.7950450Z Resolving deltas:  92% (515/559)
2022-10-26T14:09:33.7952296Z Resolving deltas:  93% (520/559)
2022-10-26T14:09:33.7956069Z Resolving deltas:  94% (526/559)
2022-10-26T14:09:33.7958975Z Resolving deltas:  95% (532/559)
2022-10-26T14:09:33.7963216Z Resolving deltas:  96% (537/559)
2022-10-26T14:09:33.7965933Z Resolving deltas:  97% (543/559)
2022-10-26T14:09:33.7970614Z Resolving deltas:  98% (548/559)
2022-10-26T14:09:33.7978261Z Resolving deltas:  99% (554/559)
2022-10-26T14:09:33.7978791Z Resolving deltas: 100% (559/559)
2022-10-26T14:09:33.7979661Z Resolving deltas: 100% (559/559), done.
2022-10-26T14:09:33.9630972Z From https://github.com/con/tinuous
2022-10-26T14:09:33.9631662Z  * [new branch]      gh-55           -> origin/gh-55
2022-10-26T14:09:33.9632030Z  * [new branch]      master          -> origin/master
2022-10-26T14:09:33.9632412Z  * [new branch]      no-extra-search -> origin/no-extra-search
2022-10-26T14:09:33.9632806Z  * [new branch]      py3.11          -> origin/py3.11
2022-10-26T14:09:33.9633189Z  * [new branch]      test-appveyor   -> origin/test-appveyor
2022-10-26T14:09:33.9633528Z  * [new tag]         0.1.0           -> 0.1.0
2022-10-26T14:09:33.9633868Z  * [new tag]         0.2.0           -> 0.2.0
2022-10-26T14:09:33.9634180Z  * [new tag]         0.3.0           -> 0.3.0
2022-10-26T14:09:33.9634470Z  * [new tag]         0.4.0           -> 0.4.0
2022-10-26T14:09:33.9634775Z  * [new tag]         0.5.0           -> 0.5.0
2022-10-26T14:09:33.9635076Z  * [new tag]         0.5.1           -> 0.5.1
2022-10-26T14:09:33.9635375Z  * [new tag]         0.5.2           -> 0.5.2
2022-10-26T14:09:33.9635662Z  * [new tag]         0.5.3           -> 0.5.3
2022-10-26T14:09:33.9635959Z  * [new tag]         0.5.4           -> 0.5.4
2022-10-26T14:09:33.9636260Z  * [new tag]         0.6.0           -> 0.6.0
2022-10-26T14:09:33.9683691Z [command]/usr/bin/git branch --list --remote origin/py3.11
2022-10-26T14:09:33.9714220Z   origin/py3.11
2022-10-26T14:09:33.9731155Z [command]/usr/bin/git rev-parse refs/remotes/origin/py3.11
2022-10-26T14:09:33.9759944Z f8ed97aa5066bacf32704e6808cf9d1a7a36f6ba
2022-10-26T14:09:33.9782465Z ##[endgroup]
2022-10-26T14:09:33.9783399Z ##[group]Determining the checkout info
2022-10-26T14:09:33.9784475Z ##[endgroup]
2022-10-26T14:09:33.9785081Z ##[group]Checking out the ref
2022-10-26T14:09:33.9786264Z [command]/usr/bin/git checkout --progress --force -B py3.11 refs/remotes/origin/py3.11
2022-10-26T14:09:33.9851029Z Switched to a new branch 'py3.11'
2022-10-26T14:09:33.9855277Z branch 'py3.11' set up to track 'origin/py3.11'.
2022-10-26T14:09:33.9873269Z ##[endgroup]
2022-10-26T14:09:33.9915910Z [command]/usr/bin/git log -1 --format='%H'
2022-10-26T14:09:33.9942734Z 'f8ed97aa5066bacf32704e6808cf9d1a7a36f6ba'
2022-10-26T14:09:34.0259366Z ##[group]Run actions/setup-python@v4
2022-10-26T14:09:34.0259615Z with:
2022-10-26T14:09:34.0259820Z   python-version: 3.10
2022-10-26T14:09:34.0260046Z   check-latest: false
2022-10-26T14:09:34.0260433Z   token: ***
2022-10-26T14:09:34.0260653Z   update-environment: true
2022-10-26T14:09:34.0260877Z ##[endgroup]
2022-10-26T14:09:34.2007393Z Successfully set up CPython (3.10.8)
2022-10-26T14:09:34.2171732Z ##[group]Run python -m pip install --upgrade pip wheel
2022-10-26T14:09:34.2172131Z [36;1mpython -m pip install --upgrade pip wheel[0m
2022-10-26T14:09:34.2172472Z [36;1mpython -m pip install --upgrade --upgrade-strategy=eager tox[0m
2022-10-26T14:09:34.2231192Z shell: /usr/bin/bash -e {0}
2022-10-26T14:09:34.2231433Z env:
2022-10-26T14:09:34.2231708Z   pythonLocation: /opt/hostedtoolcache/Python/3.10.8/x64
2022-10-26T14:09:34.2232058Z   PKG_CONFIG_PATH: /opt/hostedtoolcache/Python/3.10.8/x64/lib/pkgconfig
2022-10-26T14:09:34.2232387Z   Python_ROOT_DIR: /opt/hostedtoolcache/Python/3.10.8/x64
2022-10-26T14:09:34.2232706Z   Python2_ROOT_DIR: /opt/hostedtoolcache/Python/3.10.8/x64
2022-10-26T14:09:34.2233022Z   Python3_ROOT_DIR: /opt/hostedtoolcache/Python/3.10.8/x64
2022-10-26T14:09:34.2233336Z   LD_LIBRARY_PATH: /opt/hostedtoolcache/Python/3.10.8/x64/lib
2022-10-26T14:09:34.2233594Z ##[endgroup]
2022-10-26T14:09:35.0469697Z Requirement already satisfied: pip in /opt/hostedtoolcache/Python/3.10.8/x64/lib/python3.10/site-packages (22.3)
2022-10-26T14:09:35.1698271Z Collecting wheel
2022-10-26T14:09:35.1894114Z   Downloading wheel-0.37.1-py2.py3-none-any.whl (35 kB)
2022-10-26T14:09:35.2398994Z Installing collected packages: wheel
2022-10-26T14:09:35.2709796Z Successfully installed wheel-0.37.1
2022-10-26T14:09:36.0300162Z Collecting tox
2022-10-26T14:09:36.0514255Z   Downloading tox-3.27.0-py2.py3-none-any.whl (86 kB)
2022-10-26T14:09:36.0590923Z      ━━━━━━━━━━━━━━━━━━━━━━━━━━━━━━━━━━━━━━━━ 86.6/86.6 kB 19.4 MB/s eta 0:00:00
2022-10-26T14:09:36.2495275Z Collecting virtualenv!=20.0.0,!=20.0.1,!=20.0.2,!=20.0.3,!=20.0.4,!=20.0.5,!=20.0.6,!=20.0.7,>=16.0.0
2022-10-26T14:09:36.2572590Z   Downloading virtualenv-20.16.6-py3-none-any.whl (8.8 MB)
2022-10-26T14:09:36.3521707Z      ━━━━━━━━━━━━━━━━━━━━━━━━━━━━━━━━━━━━━━━━ 8.8/8.8 MB 96.1 MB/s eta 0:00:00
2022-10-26T14:09:36.4086971Z Collecting py>=1.4.17
2022-10-26T14:09:36.4122028Z   Downloading py-1.11.0-py2.py3-none-any.whl (98 kB)
2022-10-26T14:09:36.4176036Z      ━━━━━━━━━━━━━━━━━━━━━━━━━━━━━━━━━━━━━━━━ 98.7/98.7 kB 32.3 MB/s eta 0:00:00
2022-10-26T14:09:36.4392109Z Collecting six>=1.14.0
2022-10-26T14:09:36.4444620Z   Downloading six-1.16.0-py2.py3-none-any.whl (11 kB)
2022-10-26T14:09:36.4704470Z Collecting pluggy>=0.12.0
2022-10-26T14:09:36.4739969Z   Downloading pluggy-1.0.0-py2.py3-none-any.whl (13 kB)
2022-10-26T14:09:36.5085876Z Collecting packaging>=14
2022-10-26T14:09:36.5117899Z   Downloading packaging-21.3-py3-none-any.whl (40 kB)
2022-10-26T14:09:36.5168832Z      ━━━━━━━━━━━━━━━━━━━━━━━━━━━━━━━━━━━━━━━━ 40.8/40.8 kB 11.3 MB/s eta 0:00:00
2022-10-26T14:09:36.5398370Z Collecting tomli>=2.0.1
2022-10-26T14:09:36.5429831Z   Downloading tomli-2.0.1-py3-none-any.whl (12 kB)
2022-10-26T14:09:36.5724524Z Collecting filelock>=3.0.0
2022-10-26T14:09:36.5766175Z   Downloading filelock-3.8.0-py3-none-any.whl (10 kB)
2022-10-26T14:09:36.6406768Z Collecting pyparsing!=3.0.5,>=2.0.2
2022-10-26T14:09:36.6437984Z   Downloading pyparsing-3.0.9-py3-none-any.whl (98 kB)
2022-10-26T14:09:36.6493053Z      ━━━━━━━━━━━━━━━━━━━━━━━━━━━━━━━━━━━━━━━━ 98.3/98.3 kB 33.5 MB/s eta 0:00:00
2022-10-26T14:09:36.6992235Z Collecting distlib<1,>=0.3.6
2022-10-26T14:09:36.7084159Z   Downloading distlib-0.3.6-py2.py3-none-any.whl (468 kB)
2022-10-26T14:09:36.7167346Z      ━━━━━━━━━━━━━━━━━━━━━━━━━━━━━━━━━━━━━━ 468.5/468.5 kB 88.7 MB/s eta 0:00:00
2022-10-26T14:09:36.7434979Z Collecting platformdirs<3,>=2.4
2022-10-26T14:09:36.7466874Z   Downloading platformdirs-2.5.2-py3-none-any.whl (14 kB)
2022-10-26T14:09:36.8751991Z Installing collected packages: distlib, tomli, six, pyparsing, py, pluggy, platformdirs, filelock, virtualenv, packaging, tox
2022-10-26T14:09:37.4126578Z Successfully installed distlib-0.3.6 filelock-3.8.0 packaging-21.3 platformdirs-2.5.2 pluggy-1.0.0 py-1.11.0 pyparsing-3.0.9 six-1.16.0 tomli-2.0.1 tox-3.27.0 virtualenv-20.16.6
2022-10-26T14:09:37.5537543Z ##[group]Run tox -e py -- --cov-report=xml
2022-10-26T14:09:37.5537847Z [36;1mtox -e py -- --cov-report=xml[0m
2022-10-26T14:09:37.5588375Z shell: /usr/bin/bash -e {0}
2022-10-26T14:09:37.5588594Z env:
2022-10-26T14:09:37.5588861Z   pythonLocation: /opt/hostedtoolcache/Python/3.10.8/x64
2022-10-26T14:09:37.5589208Z   PKG_CONFIG_PATH: /opt/hostedtoolcache/Python/3.10.8/x64/lib/pkgconfig
2022-10-26T14:09:37.5589528Z   Python_ROOT_DIR: /opt/hostedtoolcache/Python/3.10.8/x64
2022-10-26T14:09:37.5589847Z   Python2_ROOT_DIR: /opt/hostedtoolcache/Python/3.10.8/x64
2022-10-26T14:09:37.5590158Z   Python3_ROOT_DIR: /opt/hostedtoolcache/Python/3.10.8/x64
2022-10-26T14:09:37.5590471Z   LD_LIBRARY_PATH: /opt/hostedtoolcache/Python/3.10.8/x64/lib
2022-10-26T14:09:37.5590716Z ##[endgroup]
2022-10-26T14:09:37.7653595Z .package create: /home/runner/work/tinuous/tinuous/.tox/.package
2022-10-26T14:09:38.8479509Z .package installdeps: setuptools >= 46.4.0, wheel ~= 0.32
2022-10-26T14:09:42.8825186Z warning: no previously-included files matching '*.py[cod]' found anywhere in distribution
2022-10-26T14:09:43.1748431Z warning: no previously-included files matching '*.py[cod]' found anywhere in distribution
2022-10-26T14:09:43.2552570Z py create: /home/runner/work/tinuous/tinuous/.tox/py
2022-10-26T14:09:43.6462822Z py installdeps: pytest~=6.0, pytest-cov~=2.0, pytest-mock~=3.0
2022-10-26T14:09:46.7000476Z py inst: /home/runner/work/tinuous/tinuous/.tox/.tmp/package/1/tinuous-0.6.0+1.gf8ed97a.tar.gz
2022-10-26T14:09:59.6992852Z py installed: attrs==22.1.0,certifi==2022.9.24,cffi==1.15.1,charset-normalizer==2.1.1,click==8.1.3,click-loglevel==0.4.0.post1,coverage==6.5.0,Deprecated==1.2.13,idna==3.4,in-place==0.5.0,iniconfig==1.1.1,packaging==21.3,pluggy==1.0.0,py==1.11.0,pycparser==2.21,pydantic==1.10.2,PyGithub==1.56,PyJWT==2.6.0,PyNaCl==1.5.0,pyparsing==3.0.9,pytest==6.2.5,pytest-cov==2.12.1,pytest-mock==3.10.0,python-dateutil==2.8.2,python-dotenv==0.21.0,PyYAML==5.4.1,requests==2.28.1,six==1.16.0,tinuous @ file:///home/runner/work/tinuous/tinuous/.tox/.tmp/package/1/tinuous-0.6.0%2B1.gf8ed97a.tar.gz,toml==0.10.2,typing_extensions==4.4.0,urllib3==1.26.12,wrapt==1.14.1
2022-10-26T14:09:59.6994333Z py run-test-pre: PYTHONHASHSEED='2631116425'
2022-10-26T14:09:59.6995467Z py run-test: commands[0] | tinuous --help
2022-10-26T14:09:59.9789377Z Usage: tinuous [OPTIONS] COMMAND [ARGS]...
2022-10-26T14:09:59.9790008Z 
2022-10-26T14:09:59.9790542Z   Download build logs from GitHub Actions, Travis, and Appveyor
2022-10-26T14:09:59.9790956Z 
2022-10-26T14:09:59.9791242Z Options:
2022-10-26T14:09:59.9791995Z   -V, --version                   Show the version and exit.
2022-10-26T14:09:59.9792702Z   -c, --config FILE               Read configuration from the given file
2022-10-26T14:09:59.9793325Z                                   [default: tinuous.yaml]
2022-10-26T14:09:59.9793966Z   -E, --env FILE                  Load environment variables from given .env
2022-10-26T14:09:59.9794482Z                                   file
2022-10-26T14:09:59.9795056Z   -l, --log-level [NOTSET|DEBUG|INFO|WARNING|ERROR|CRITICAL]
2022-10-26T14:09:59.9845097Z                                   Set logging level  [default: INFO]
2022-10-26T14:09:59.9845937Z   --help                          Show this message and exit.
2022-10-26T14:09:59.9846135Z 
2022-10-26T14:09:59.9846225Z Commands:
2022-10-26T14:09:59.9846446Z   fetch     Download logs
2022-10-26T14:09:59.9846719Z   sanitize  Sanitize secrets in logs
2022-10-26T14:10:00.0168098Z py run-test: commands[1] | pytest --cov-report=xml test
2022-10-26T14:10:01.6833092Z ============================= test session starts ==============================
2022-10-26T14:10:01.6834240Z platform linux -- Python 3.10.8, pytest-6.2.5, py-1.11.0, pluggy-1.0.0
2022-10-26T14:10:01.6835510Z cachedir: .tox/py/.pytest_cache
2022-10-26T14:10:01.6836031Z rootdir: /home/runner/work/tinuous/tinuous, configfile: tox.ini
2022-10-26T14:10:01.6836611Z plugins: cov-2.12.1, mock-3.10.0
2022-10-26T14:10:01.6837339Z collected 63 items
2022-10-26T14:10:01.6883491Z 
2022-10-26T14:10:01.6979052Z test/test_base.py .........                                              [ 14%]
2022-10-26T14:10:01.7113446Z test/test_config.py ........                                             [ 26%]
2022-10-26T14:10:01.7312704Z test/test_state.py .......                                               [ 38%]
2022-10-26T14:10:01.9778413Z test/test_util.py .......................................                [100%]
2022-10-26T14:10:01.9778665Z 
2022-10-26T14:10:01.9779194Z ---------- coverage: platform linux, python 3.10.8-final-0 -----------
2022-10-26T14:10:01.9779564Z Coverage XML written to file coverage.xml
2022-10-26T14:10:01.9779756Z 
2022-10-26T14:10:01.9779763Z 
2022-10-26T14:10:01.9779916Z ============================== 63 passed in 0.66s ==============================
2022-10-26T14:10:02.0485304Z ___________________________________ summary ____________________________________
2022-10-26T14:10:02.0485622Z   py: commands succeeded
2022-10-26T14:10:02.0485863Z   congratulations :)
2022-10-26T14:10:02.0806015Z ##[group]Run codecov/codecov-action@v3
2022-10-26T14:10:02.0806390Z with:
2022-10-26T14:10:02.0806662Z   fail_ci_if_error: false
2022-10-26T14:10:02.0806910Z env:
2022-10-26T14:10:02.0807255Z   pythonLocation: /opt/hostedtoolcache/Python/3.10.8/x64
2022-10-26T14:10:02.0807674Z   PKG_CONFIG_PATH: /opt/hostedtoolcache/Python/3.10.8/x64/lib/pkgconfig
2022-10-26T14:10:02.0808066Z   Python_ROOT_DIR: /opt/hostedtoolcache/Python/3.10.8/x64
2022-10-26T14:10:02.0808457Z   Python2_ROOT_DIR: /opt/hostedtoolcache/Python/3.10.8/x64
2022-10-26T14:10:02.0808855Z   Python3_ROOT_DIR: /opt/hostedtoolcache/Python/3.10.8/x64
2022-10-26T14:10:02.0809246Z   LD_LIBRARY_PATH: /opt/hostedtoolcache/Python/3.10.8/x64/lib
2022-10-26T14:10:02.0809710Z ##[endgroup]
2022-10-26T14:10:02.2308609Z ==> linux OS detected
2022-10-26T14:10:02.9629476Z https://uploader.codecov.io/latest/linux/codecov.SHA256SUM
2022-10-26T14:10:03.0609699Z ==> SHASUM file signed by key id 806bb28aed779869
2022-10-26T14:10:03.2294425Z ==> Uploader SHASUM verified (20f9c9d78483fce977b6cc39e231a734a23bcd36f4d536bb7355222fb88d02bc  codecov)
2022-10-26T14:10:03.2295255Z ==> Running version latest
2022-10-26T14:10:03.3207650Z ==> Running version v0.3.2
2022-10-26T14:10:03.3233872Z [command]/home/runner/work/_actions/codecov/codecov-action/v3/dist/codecov -n  -Q github-action-3.1.1
2022-10-26T14:10:03.5437800Z [2022-10-26T14:10:03.541Z] ['info'] 
2022-10-26T14:10:03.5438470Z      _____          _
2022-10-26T14:10:03.5439057Z     / ____|        | |
2022-10-26T14:10:03.5439484Z    | |     ___   __| | ___  ___ _____   __
2022-10-26T14:10:03.5440014Z    | |    / _ \ / _` |/ _ \/ __/ _ \ \ / /
2022-10-26T14:10:03.5440543Z    | |___| (_) | (_| |  __/ (_| (_) \ V /
2022-10-26T14:10:03.5441510Z     \_____\___/ \__,_|\___|\___\___/ \_/
2022-10-26T14:10:03.5441851Z 
2022-10-26T14:10:03.5442151Z   Codecov report uploader 0.3.2
2022-10-26T14:10:03.5496160Z [2022-10-26T14:10:03.549Z] ['info'] => Project root located at: /home/runner/work/tinuous/tinuous
2022-10-26T14:10:03.5522072Z [2022-10-26T14:10:03.551Z] ['info'] -> No token specified or token is empty
2022-10-26T14:10:03.5594926Z [2022-10-26T14:10:03.559Z] ['info'] Searching for coverage files...
2022-10-26T14:10:03.6312144Z [2022-10-26T14:10:03.630Z] ['info'] Warning: Some files located via search were excluded from upload.
2022-10-26T14:10:03.6318458Z [2022-10-26T14:10:03.631Z] ['info'] If Codecov did not locate your files, please review https://docs.codecov.com/docs/supported-report-formats
2022-10-26T14:10:03.6324269Z [2022-10-26T14:10:03.632Z] ['info'] => Found 1 possible coverage files:
2022-10-26T14:10:03.6324871Z   coverage.xml
2022-10-26T14:10:03.6330394Z [2022-10-26T14:10:03.632Z] ['info'] Processing /home/runner/work/tinuous/tinuous/coverage.xml...
2022-10-26T14:10:03.6379194Z [2022-10-26T14:10:03.637Z] ['info'] Detected GitHub Actions as the CI provider.
2022-10-26T14:10:03.6398863Z [2022-10-26T14:10:03.639Z] ['info'] Pinging Codecov: https://codecov.io/upload/v4?package=github-action-3.1.1-uploader-0.3.2&token=*******&branch=py3.11&build=3329738065&build_url=https%3A%2F%2Fgithub.com%2Fcon%2Ftinuous%2Factions%2Fruns%2F3329738065&commit=f8ed97aa5066bacf32704e6808cf9d1a7a36f6ba&job=Test&pr=&service=github-actions&slug=con%2Ftinuous&name=&tag=&flags=&parent=
2022-10-26T14:10:04.3833738Z [2022-10-26T14:10:04.382Z] ['info'] https://app.codecov.io/github/con/tinuous/commit/f8ed97aa5066bacf32704e6808cf9d1a7a36f6ba
2022-10-26T14:10:04.3836079Z https://storage.googleapis.com/codecov/v4/raw/2022-10-26/0010CBA6D851417C00BB0BC3FC5895F9/f8ed97aa5066bacf32704e6808cf9d1a7a36f6ba/9e21358f-0843-4667-b9a0-443519a6a317.txt?X-Amz-Algorithm=AWS4-HMAC-SHA256&X-Amz-Credential=GOOG1EJOGFN2JQ4OCTGA2MU5AEIT7OT5Z7HTFOAN2SPG4NWSN2UJYOY5U6LZQ%2F20221026%2FUS%2Fs3%2Faws4_request&X-Amz-Date=20221026T141004Z&X-Amz-Expires=10&X-Amz-SignedHeaders=host&X-Amz-Signature=098909d3e07d7e252ad646cf01a947cdc04b4dd916ffa5470961fc0dd86e32f4
2022-10-26T14:10:04.3839398Z [2022-10-26T14:10:04.383Z] ['info'] Uploading...
2022-10-26T14:10:04.6013762Z [2022-10-26T14:10:04.598Z] ['info'] {"status":"success","resultURL":"https://app.codecov.io/github/con/tinuous/commit/f8ed97aa5066bacf32704e6808cf9d1a7a36f6ba"}
2022-10-26T14:10:04.6306943Z Post job cleanup.
2022-10-26T14:10:04.8176389Z Post job cleanup.
2022-10-26T14:10:04.9521993Z [command]/usr/bin/git version
2022-10-26T14:10:04.9585913Z git version 2.38.1
2022-10-26T14:10:04.9649024Z Temporarily overriding HOME='/home/runner/work/_temp/51beb6ad-e2b3-475d-8ef7-6927795e59f6' before making global git config changes
2022-10-26T14:10:04.9652779Z Adding repository directory to the temporary git global config as a safe directory
2022-10-26T14:10:04.9659204Z [command]/usr/bin/git config --global --add safe.directory /home/runner/work/tinuous/tinuous
2022-10-26T14:10:04.9739907Z [command]/usr/bin/git config --local --name-only --get-regexp core\.sshCommand
2022-10-26T14:10:04.9785554Z [command]/usr/bin/git submodule foreach --recursive git config --local --name-only --get-regexp 'core\.sshCommand' && git config --local --unset-all 'core.sshCommand' || :
2022-10-26T14:10:05.0069961Z [command]/usr/bin/git config --local --name-only --get-regexp http\.https\:\/\/github\.com\/\.extraheader
2022-10-26T14:10:05.0101944Z http.https://github.com/.extraheader
2022-10-26T14:10:05.0122428Z [command]/usr/bin/git config --local --unset-all http.https://github.com/.extraheader
2022-10-26T14:10:05.0168230Z [command]/usr/bin/git submodule foreach --recursive git config --local --name-only --get-regexp 'http\.https\:\/\/github\.com\/\.extraheader' && git config --local --unset-all 'http.https://github.com/.extraheader' || :
2022-10-26T14:10:05.0637347Z Cleaning up orphan processes
