2021-02-03T16:26:42.1226983Z ##[section]Starting: Request a runner to run this job
2021-02-03T16:26:42.4185999Z Can't find any online and idle self-hosted runner in current repository that matches the required labels: 'ubuntu-latest'
2021-02-03T16:26:42.4186114Z Can't find any online and idle self-hosted runner in current repository's account/organization that matches the required labels: 'ubuntu-latest'
2021-02-03T16:26:42.4186543Z Found online and idle hosted runner in current repository's account/organization that matches the required labels: 'ubuntu-latest'
2021-02-03T16:26:42.6148463Z ##[section]Finishing: Request a runner to run this job
2021-02-03T16:26:52.6344695Z Current runner version: '2.276.1'
2021-02-03T16:26:52.6376421Z ##[group]Operating System
2021-02-03T16:26:52.6377499Z Ubuntu
2021-02-03T16:26:52.6377972Z 20.04.2
2021-02-03T16:26:52.6378346Z LTS
2021-02-03T16:26:52.6378799Z ##[endgroup]
2021-02-03T16:26:52.6379292Z ##[group]Virtual Environment
2021-02-03T16:26:52.6379941Z Environment: ubuntu-20.04
2021-02-03T16:26:52.6380452Z Version: 20210131.1
2021-02-03T16:26:52.6381424Z Included Software: https://github.com/actions/virtual-environments/blob/ubuntu20/20210131.1/images/linux/Ubuntu2004-README.md
2021-02-03T16:26:52.6382382Z ##[endgroup]
2021-02-03T16:26:52.6386049Z Prepare workflow directory
2021-02-03T16:26:52.7180191Z Prepare all required actions
2021-02-03T16:26:52.7193344Z Getting action download info
2021-02-03T16:26:52.9562854Z Download action repository 'actions/checkout@v2'
2021-02-03T16:26:54.6225652Z Download action repository 'actions/setup-python@v2'
2021-02-03T16:26:54.9606724Z ##[group]Run actions/checkout@v2
2021-02-03T16:26:54.9607587Z with:
2021-02-03T16:26:54.9608294Z   repository: con/tinuous
2021-02-03T16:26:54.9609161Z   token: ***
2021-02-03T16:26:54.9609664Z   ssh-strict: true
2021-02-03T16:26:54.9610217Z   persist-credentials: true
2021-02-03T16:26:54.9610731Z   clean: true
2021-02-03T16:26:54.9611213Z   fetch-depth: 1
2021-02-03T16:26:54.9611646Z   lfs: false
2021-02-03T16:26:54.9612178Z   submodules: false
2021-02-03T16:26:54.9612958Z ##[endgroup]
2021-02-03T16:26:55.4008135Z Syncing repository: con/tinuous
2021-02-03T16:26:55.4010776Z ##[group]Getting Git version info
2021-02-03T16:26:55.4057907Z Working directory is '/home/runner/work/tinuous/tinuous'
2021-02-03T16:26:55.4104861Z [command]/usr/bin/git version
2021-02-03T16:26:55.4255056Z git version 2.30.0
2021-02-03T16:26:55.4281397Z ##[endgroup]
2021-02-03T16:26:55.4289446Z Deleting the contents of '/home/runner/work/tinuous/tinuous'
2021-02-03T16:26:55.4294294Z ##[group]Initializing the repository
2021-02-03T16:26:55.4298648Z [command]/usr/bin/git init /home/runner/work/tinuous/tinuous
2021-02-03T16:26:55.4397834Z hint: Using 'master' as the name for the initial branch. This default branch name
2021-02-03T16:26:55.4398805Z hint: is subject to change. To configure the initial branch name to use in all
2021-02-03T16:26:55.4399750Z hint: of your new repositories, which will suppress this warning, call:
2021-02-03T16:26:55.4400413Z hint: 
2021-02-03T16:26:55.4401493Z hint: 	git config --global init.defaultBranch <name>
2021-02-03T16:26:55.4402194Z hint: 
2021-02-03T16:26:55.4403227Z hint: Names commonly chosen instead of 'master' are 'main', 'trunk' and
2021-02-03T16:26:55.4404380Z hint: 'development'. The just-created branch can be renamed via this command:
2021-02-03T16:26:55.4405081Z hint: 
2021-02-03T16:26:55.4405792Z hint: 	git branch -m <name>
2021-02-03T16:26:55.4411746Z Initialized empty Git repository in /home/runner/work/tinuous/tinuous/.git/
2021-02-03T16:26:55.4423197Z [command]/usr/bin/git remote add origin https://github.com/con/tinuous
2021-02-03T16:26:55.4469972Z ##[endgroup]
2021-02-03T16:26:55.4470750Z ##[group]Disabling automatic garbage collection
2021-02-03T16:26:55.4478431Z [command]/usr/bin/git config --local gc.auto 0
2021-02-03T16:26:55.4517784Z ##[endgroup]
2021-02-03T16:26:55.4529074Z ##[group]Setting up auth
2021-02-03T16:26:55.4541021Z [command]/usr/bin/git config --local --name-only --get-regexp core\.sshCommand
2021-02-03T16:26:55.4580324Z [command]/usr/bin/git submodule foreach --recursive git config --local --name-only --get-regexp 'core\.sshCommand' && git config --local --unset-all 'core.sshCommand' || :
2021-02-03T16:26:55.4978103Z [command]/usr/bin/git config --local --name-only --get-regexp http\.https\:\/\/github\.com\/\.extraheader
2021-02-03T16:26:55.8674613Z [command]/usr/bin/git submodule foreach --recursive git config --local --name-only --get-regexp 'http\.https\:\/\/github\.com\/\.extraheader' && git config --local --unset-all 'http.https://github.com/.extraheader' || :
2021-02-03T16:26:55.8740555Z [command]/usr/bin/git config --local http.https://github.com/.extraheader AUTHORIZATION: basic ***
2021-02-03T16:26:55.8746785Z ##[endgroup]
2021-02-03T16:26:55.8747632Z ##[group]Fetching the repository
2021-02-03T16:26:55.8749927Z [command]/usr/bin/git -c protocol.version=2 fetch --no-tags --prune --progress --no-recurse-submodules --depth=1 origin +b6ebdc6de17ba0d0320ee9c080799ef1e36ee66c:refs/remotes/origin/gh-11
2021-02-03T16:26:55.8752203Z remote: Enumerating objects: 11, done.        
2021-02-03T16:26:55.8753250Z remote: Counting objects:   9% (1/11)        
2021-02-03T16:26:55.8754005Z remote: Counting objects:  18% (2/11)        
2021-02-03T16:26:55.8754839Z remote: Counting objects:  27% (3/11)        
2021-02-03T16:26:55.8755592Z remote: Counting objects:  36% (4/11)        
2021-02-03T16:26:55.8756461Z remote: Counting objects:  45% (5/11)        
2021-02-03T16:26:55.8757356Z remote: Counting objects:  54% (6/11)        
2021-02-03T16:26:55.8758351Z remote: Counting objects:  63% (7/11)        
2021-02-03T16:26:55.8759193Z remote: Counting objects:  72% (8/11)        
2021-02-03T16:26:55.8760112Z remote: Counting objects:  81% (9/11)        
2021-02-03T16:26:55.8760888Z remote: Counting objects:  90% (10/11)        
2021-02-03T16:26:55.8761887Z remote: Counting objects: 100% (11/11)        
2021-02-03T16:26:55.8762891Z remote: Counting objects: 100% (11/11), done.        
2021-02-03T16:26:55.8763890Z remote: Compressing objects:  11% (1/9)        
2021-02-03T16:26:55.8764828Z remote: Compressing objects:  22% (2/9)        
2021-02-03T16:26:55.8766036Z remote: Compressing objects:  33% (3/9)        
2021-02-03T16:26:55.8766821Z remote: Compressing objects:  44% (4/9)        
2021-02-03T16:26:55.8767647Z remote: Compressing objects:  55% (5/9)        
2021-02-03T16:26:55.8768415Z remote: Compressing objects:  66% (6/9)        
2021-02-03T16:26:55.8769260Z remote: Compressing objects:  77% (7/9)        
2021-02-03T16:26:55.8770081Z remote: Compressing objects:  88% (8/9)        
2021-02-03T16:26:55.8770922Z remote: Compressing objects: 100% (9/9)        
2021-02-03T16:26:55.8771725Z remote: Compressing objects: 100% (9/9), done.        
2021-02-03T16:26:55.8773311Z remote: Total 11 (delta 0), reused 8 (delta 0), pack-reused 0        
2021-02-03T16:26:55.8774047Z From https://github.com/con/tinuous
2021-02-03T16:26:55.8775273Z  * [new ref]         b6ebdc6de17ba0d0320ee9c080799ef1e36ee66c -> origin/gh-11
2021-02-03T16:26:55.8776355Z ##[endgroup]
2021-02-03T16:26:55.8776971Z ##[group]Determining the checkout info
2021-02-03T16:26:55.8777897Z ##[endgroup]
2021-02-03T16:26:55.8778486Z ##[group]Checking out the ref
2021-02-03T16:26:55.8779557Z [command]/usr/bin/git checkout --progress --force -B gh-11 refs/remotes/origin/gh-11
2021-02-03T16:26:55.8780513Z Switched to a new branch 'gh-11'
2021-02-03T16:26:55.8781351Z Branch 'gh-11' set up to track remote branch 'gh-11' from 'origin'.
2021-02-03T16:26:55.8782018Z ##[endgroup]
2021-02-03T16:26:55.8782786Z [command]/usr/bin/git log -1 --format='%H'
2021-02-03T16:26:55.8783830Z 'b6ebdc6de17ba0d0320ee9c080799ef1e36ee66c'
2021-02-03T16:26:55.8938383Z ##[group]Run actions/setup-python@v2
2021-02-03T16:26:55.8938957Z with:
2021-02-03T16:26:55.8939462Z   python-version: 3.9
2021-02-03T16:26:55.8940271Z   token: ***
2021-02-03T16:26:55.8941145Z ##[endgroup]
2021-02-03T16:26:55.9911448Z Successfully setup CPython (3.9.1)
2021-02-03T16:26:55.9981547Z ##[group]Run python -m pip install --upgrade pip wheel
2021-02-03T16:26:55.9982378Z [36;1mpython -m pip install --upgrade pip wheel[0m
2021-02-03T16:26:55.9983067Z [36;1mpython -m pip install -r requirements.txt[0m
2021-02-03T16:26:56.0033590Z shell: /usr/bin/bash -e {0}
2021-02-03T16:26:56.0034033Z env:
2021-02-03T16:26:56.0034602Z   pythonLocation: /opt/hostedtoolcache/Python/3.9.1/x64
2021-02-03T16:26:56.0035330Z   LD_LIBRARY_PATH: /opt/hostedtoolcache/Python/3.9.1/x64/lib
2021-02-03T16:26:56.0035898Z ##[endgroup]
2021-02-03T16:26:58.5010737Z Requirement already satisfied: pip in /opt/hostedtoolcache/Python/3.9.1/x64/lib/python3.9/site-packages (21.0.1)
2021-02-03T16:26:58.9529154Z Collecting wheel
2021-02-03T16:26:58.9957522Z   Downloading wheel-0.36.2-py2.py3-none-any.whl (35 kB)
2021-02-03T16:26:59.0534213Z Installing collected packages: wheel
2021-02-03T16:26:59.0954736Z Successfully installed wheel-0.36.2
2021-02-03T16:26:59.8798834Z Collecting cfgv~=3.0
2021-02-03T16:26:59.9169597Z   Downloading cfgv-3.2.0-py2.py3-none-any.whl (7.3 kB)
2021-02-03T16:26:59.9866853Z Collecting click~=7.0
2021-02-03T16:26:59.9960586Z   Downloading click-7.1.2-py2.py3-none-any.whl (82 kB)
2021-02-03T16:27:00.0327426Z Collecting click-loglevel~=0.2
2021-02-03T16:27:00.0428591Z   Downloading click_loglevel-0.2.0-py3-none-any.whl (4.2 kB)
2021-02-03T16:27:00.1039487Z Collecting PyGithub~=1.53
2021-02-03T16:27:00.1138267Z   Downloading PyGithub-1.54.1-py3-none-any.whl (289 kB)
2021-02-03T16:27:00.2051030Z Collecting python-dateutil~=2.7
2021-02-03T16:27:00.2202556Z   Downloading python_dateutil-2.8.1-py2.py3-none-any.whl (227 kB)
2021-02-03T16:27:00.3499820Z Collecting PyYAML~=5.0
2021-02-03T16:27:00.3583538Z   Downloading PyYAML-5.4.1-cp39-cp39-manylinux1_x86_64.whl (630 kB)
2021-02-03T16:27:00.5192845Z Collecting requests~=2.20
2021-02-03T16:27:00.5297681Z   Downloading requests-2.25.1-py2.py3-none-any.whl (61 kB)
2021-02-03T16:27:00.6575061Z Collecting pyjwt<2.0
2021-02-03T16:27:00.6665982Z   Downloading PyJWT-1.7.1-py2.py3-none-any.whl (18 kB)
2021-02-03T16:27:00.7701286Z Collecting deprecated
2021-02-03T16:27:00.7795561Z   Downloading Deprecated-1.2.11-py2.py3-none-any.whl (9.1 kB)
2021-02-03T16:27:00.8481682Z Collecting six>=1.5
2021-02-03T16:27:00.8566996Z   Downloading six-1.15.0-py2.py3-none-any.whl (10 kB)
2021-02-03T16:27:00.9555465Z Collecting certifi>=2017.4.17
2021-02-03T16:27:00.9690630Z   Downloading certifi-2020.12.5-py2.py3-none-any.whl (147 kB)
2021-02-03T16:27:01.0965995Z Collecting urllib3<1.27,>=1.21.1
2021-02-03T16:27:01.1053769Z   Downloading urllib3-1.26.3-py2.py3-none-any.whl (137 kB)
2021-02-03T16:27:01.1607665Z Collecting idna<3,>=2.5
2021-02-03T16:27:01.1693303Z   Downloading idna-2.10-py2.py3-none-any.whl (58 kB)
2021-02-03T16:27:01.2116366Z Collecting chardet<5,>=3.0.2
2021-02-03T16:27:01.2212606Z   Downloading chardet-4.0.0-py2.py3-none-any.whl (178 kB)
2021-02-03T16:27:02.1265924Z Collecting wrapt<2,>=1.10
2021-02-03T16:27:02.1285787Z   Downloading wrapt-1.12.1.tar.gz (27 kB)
2021-02-03T16:27:02.7687032Z Building wheels for collected packages: wrapt
2021-02-03T16:27:02.7743725Z   Building wheel for wrapt (setup.py): started
2021-02-03T16:27:04.5091383Z   Building wheel for wrapt (setup.py): finished with status 'done'
2021-02-03T16:27:04.5107355Z   Created wheel for wrapt: filename=wrapt-1.12.1-cp39-cp39-linux_x86_64.whl size=78689 sha256=bdf5c9cc7091b695e04b98ba2b38d3f86169be68c26b18a609ca033bbd0b7835
2021-02-03T16:27:04.5111780Z   Stored in directory: /home/runner/.cache/pip/wheels/98/23/68/efe259aaca055e93b08e74fbe512819c69a2155c11ba3c0f10
2021-02-03T16:27:04.5138482Z Successfully built wrapt
2021-02-03T16:27:04.6158483Z Installing collected packages: wrapt, urllib3, idna, chardet, certifi, six, requests, pyjwt, deprecated, click, PyYAML, python-dateutil, PyGithub, click-loglevel, cfgv
2021-02-03T16:27:05.6390893Z Successfully installed PyGithub-1.54.1 PyYAML-5.4.1 certifi-2020.12.5 cfgv-3.2.0 chardet-4.0.0 click-7.1.2 click-loglevel-0.2.0 deprecated-1.2.11 idna-2.10 pyjwt-1.7.1 python-dateutil-2.8.1 requests-2.25.1 six-1.15.0 urllib3-1.26.3 wrapt-1.12.1
2021-02-03T16:27:05.7258262Z ##[group]Run python tinuous --help
2021-02-03T16:27:05.7258897Z [36;1mpython tinuous --help[0m
2021-02-03T16:27:05.7306306Z shell: /usr/bin/bash -e {0}
2021-02-03T16:27:05.7306686Z env:
2021-02-03T16:27:05.7307192Z   pythonLocation: /opt/hostedtoolcache/Python/3.9.1/x64
2021-02-03T16:27:05.7307896Z   LD_LIBRARY_PATH: /opt/hostedtoolcache/Python/3.9.1/x64/lib
2021-02-03T16:27:05.7308405Z ##[endgroup]
2021-02-03T16:27:05.9986584Z Usage: tinuous [OPTIONS]
2021-02-03T16:27:05.9986914Z 
2021-02-03T16:27:05.9987210Z Options:
2021-02-03T16:27:05.9988342Z   -c, --config FILE               Read configuration from the given file
2021-02-03T16:27:05.9989218Z                                   [default: config.yml]
2021-02-03T16:27:05.9989511Z 
2021-02-03T16:27:05.9990225Z   -l, --log-level [NOTSET|DEBUG|INFO|WARNING|ERROR|CRITICAL]
2021-02-03T16:27:05.9990848Z                                   Set logging level  [default: INFO]
2021-02-03T16:27:05.9991710Z   -S, --state FILE                Store program state in the given file
2021-02-03T16:27:05.9992294Z                                   [default: .dlstate.json]
2021-02-03T16:27:05.9992603Z 
2021-02-03T16:27:05.9993218Z   --help                          Show this message and exit.
2021-02-03T16:27:06.0319654Z Post job cleanup.
2021-02-03T16:27:06.1386599Z [command]/usr/bin/git version
2021-02-03T16:27:06.1457645Z git version 2.30.0
2021-02-03T16:27:06.1506180Z [command]/usr/bin/git config --local --name-only --get-regexp core\.sshCommand
2021-02-03T16:27:06.1549173Z [command]/usr/bin/git submodule foreach --recursive git config --local --name-only --get-regexp 'core\.sshCommand' && git config --local --unset-all 'core.sshCommand' || :
2021-02-03T16:27:06.1820362Z [command]/usr/bin/git config --local --name-only --get-regexp http\.https\:\/\/github\.com\/\.extraheader
2021-02-03T16:27:06.1863997Z http.https://github.com/.extraheader
2021-02-03T16:27:06.1873638Z [command]/usr/bin/git config --local --unset-all http.https://github.com/.extraheader
2021-02-03T16:27:06.1913369Z [command]/usr/bin/git submodule foreach --recursive git config --local --name-only --get-regexp 'http\.https\:\/\/github\.com\/\.extraheader' && git config --local --unset-all 'http.https://github.com/.extraheader' || :
2021-02-03T16:27:06.2279306Z Cleaning up orphan processes
