2026-01-07T01:49:30.8498240Z Current runner version: '2.330.0'
2026-01-07T01:49:30.8521407Z ##[group]Runner Image Provisioner
2026-01-07T01:49:30.8522298Z Hosted Compute Agent
2026-01-07T01:49:30.8522890Z Version: 20251211.462
2026-01-07T01:49:30.8523508Z Commit: 6cbad8c2bb55d58165063d031ccabf57e2d2db61
2026-01-07T01:49:30.8524247Z Build Date: 2025-12-11T16:28:49Z
2026-01-07T01:49:30.8524901Z Worker ID: {5d8e6ab7-6c26-403e-ae78-23e1f908afc9}
2026-01-07T01:49:30.8525605Z ##[endgroup]
2026-01-07T01:49:30.8526192Z ##[group]Operating System
2026-01-07T01:49:30.8526754Z Ubuntu
2026-01-07T01:49:30.8527269Z 24.04.3
2026-01-07T01:49:30.8527781Z LTS
2026-01-07T01:49:30.8528255Z ##[endgroup]
2026-01-07T01:49:30.8528952Z ##[group]Runner Image
2026-01-07T01:49:30.8529463Z Image: ubuntu-24.04
2026-01-07T01:49:30.8530067Z Version: 20251215.174.1
2026-01-07T01:49:30.8531130Z Included Software: https://github.com/actions/runner-images/blob/ubuntu24/20251215.174/images/ubuntu/Ubuntu2404-Readme.md
2026-01-07T01:49:30.8532709Z Image Release: https://github.com/actions/runner-images/releases/tag/ubuntu24%2F20251215.174
2026-01-07T01:49:30.8533683Z ##[endgroup]
2026-01-07T01:49:30.8536243Z ##[group]GITHUB_TOKEN Permissions
2026-01-07T01:49:30.8538236Z Actions: write
2026-01-07T01:49:30.8539080Z ArtifactMetadata: write
2026-01-07T01:49:30.8539767Z Attestations: write
2026-01-07T01:49:30.8540306Z Checks: write
2026-01-07T01:49:30.8540775Z Contents: write
2026-01-07T01:49:30.8541368Z Deployments: write
2026-01-07T01:49:30.8541905Z Discussions: write
2026-01-07T01:49:30.8542424Z Issues: write
2026-01-07T01:49:30.8542992Z Metadata: read
2026-01-07T01:49:30.8543460Z Models: read
2026-01-07T01:49:30.8543965Z Packages: write
2026-01-07T01:49:30.8544559Z Pages: write
2026-01-07T01:49:30.8545121Z PullRequests: write
2026-01-07T01:49:30.8545761Z RepositoryProjects: write
2026-01-07T01:49:30.8546392Z SecurityEvents: write
2026-01-07T01:49:30.8546942Z Statuses: write
2026-01-07T01:49:30.8547447Z ##[endgroup]
2026-01-07T01:49:30.8549701Z Secret source: Actions
2026-01-07T01:49:30.8550454Z Prepare workflow directory
2026-01-07T01:49:30.8863799Z Prepare all required actions
2026-01-07T01:49:30.8920280Z Getting action download info
2026-01-07T01:49:31.3250466Z Download action repository 'actions/checkout@v4' (SHA:34e114876b0b11c390a56381ad16ebd13914f8d5)
2026-01-07T01:49:31.4611945Z Download action repository 'actions/setup-python@v5' (SHA:a26af69be951a213d495a4c3e4e4022e16d87065)
2026-01-07T01:49:31.8132361Z Download action repository 'codecov/codecov-action@v5' (SHA:671740ac38dd9b0130fbe1cec585b89eea48d3de)
2026-01-07T01:49:32.3585068Z Getting action download info
2026-01-07T01:49:32.5342827Z Download action repository 'actions/github-script@60a0d83039c74a4aee543508d2ffcb1c3799cdea' (SHA:60a0d83039c74a4aee543508d2ffcb1c3799cdea)
2026-01-07T01:49:33.0607357Z Complete job name: test (pypy-3.11, py)
2026-01-07T01:49:33.1276433Z ##[group]Run actions/checkout@v4
2026-01-07T01:49:33.1277039Z with:
2026-01-07T01:49:33.1277281Z   fetch-depth: 0
2026-01-07T01:49:33.1277540Z   repository: con/tinuous
2026-01-07T01:49:33.1277981Z   token: ***
2026-01-07T01:49:33.1278223Z   ssh-strict: true
2026-01-07T01:49:33.1278633Z   ssh-user: git
2026-01-07T01:49:33.1278894Z   persist-credentials: true
2026-01-07T01:49:33.1279169Z   clean: true
2026-01-07T01:49:33.1279423Z   sparse-checkout-cone-mode: true
2026-01-07T01:49:33.1279726Z   fetch-tags: false
2026-01-07T01:49:33.1279981Z   show-progress: true
2026-01-07T01:49:33.1280222Z   lfs: false
2026-01-07T01:49:33.1280444Z   submodules: false
2026-01-07T01:49:33.1280713Z   set-safe-directory: true
2026-01-07T01:49:33.1281228Z ##[endgroup]
2026-01-07T01:49:33.2334069Z Syncing repository: con/tinuous
2026-01-07T01:49:33.2335395Z ##[group]Getting Git version info
2026-01-07T01:49:33.2335846Z Working directory is '/home/runner/work/tinuous/tinuous'
2026-01-07T01:49:33.2336721Z [command]/usr/bin/git version
2026-01-07T01:49:33.2418986Z git version 2.52.0
2026-01-07T01:49:33.2444253Z ##[endgroup]
2026-01-07T01:49:33.2457674Z Temporarily overriding HOME='/home/runner/work/_temp/62dd85f7-39a5-43b1-ab06-1d397ca1e64a' before making global git config changes
2026-01-07T01:49:33.2462855Z Adding repository directory to the temporary git global config as a safe directory
2026-01-07T01:49:33.2463720Z [command]/usr/bin/git config --global --add safe.directory /home/runner/work/tinuous/tinuous
2026-01-07T01:49:33.2500205Z Deleting the contents of '/home/runner/work/tinuous/tinuous'
2026-01-07T01:49:33.2503598Z ##[group]Initializing the repository
2026-01-07T01:49:33.2507412Z [command]/usr/bin/git init /home/runner/work/tinuous/tinuous
2026-01-07T01:49:33.2622630Z hint: Using 'master' as the name for the initial branch. This default branch name
2026-01-07T01:49:33.2623565Z hint: will change to "main" in Git 3.0. To configure the initial branch name
2026-01-07T01:49:33.2624280Z hint: to use in all of your new repositories, which will suppress this warning,
2026-01-07T01:49:33.2624700Z hint: call:
2026-01-07T01:49:33.2624927Z hint:
2026-01-07T01:49:33.2625242Z hint: 	git config --global init.defaultBranch <name>
2026-01-07T01:49:33.2625643Z hint:
2026-01-07T01:49:33.2694268Z hint: Names commonly chosen instead of 'master' are 'main', 'trunk' and
2026-01-07T01:49:33.2695332Z hint: 'development'. The just-created branch can be renamed via this command:
2026-01-07T01:49:33.2696148Z hint:
2026-01-07T01:49:33.2696549Z hint: 	git branch -m <name>
2026-01-07T01:49:33.2697022Z hint:
2026-01-07T01:49:33.2697637Z hint: Disable this message with "git config set advice.defaultBranchName false"
2026-01-07T01:49:33.2698897Z Initialized empty Git repository in /home/runner/work/tinuous/tinuous/.git/
2026-01-07T01:49:33.2699983Z [command]/usr/bin/git remote add origin https://github.com/con/tinuous
2026-01-07T01:49:33.2700891Z ##[endgroup]
2026-01-07T01:49:33.2701327Z ##[group]Disabling automatic garbage collection
2026-01-07T01:49:33.2701736Z [command]/usr/bin/git config --local gc.auto 0
2026-01-07T01:49:33.2706753Z ##[endgroup]
2026-01-07T01:49:33.2707305Z ##[group]Setting up auth
2026-01-07T01:49:33.2714172Z [command]/usr/bin/git config --local --name-only --get-regexp core\.sshCommand
2026-01-07T01:49:33.2742980Z [command]/usr/bin/git submodule foreach --recursive sh -c "git config --local --name-only --get-regexp 'core\.sshCommand' && git config --local --unset-all 'core.sshCommand' || :"
2026-01-07T01:49:33.3084736Z [command]/usr/bin/git config --local --name-only --get-regexp http\.https\:\/\/github\.com\/\.extraheader
2026-01-07T01:49:33.3114174Z [command]/usr/bin/git submodule foreach --recursive sh -c "git config --local --name-only --get-regexp 'http\.https\:\/\/github\.com\/\.extraheader' && git config --local --unset-all 'http.https://github.com/.extraheader' || :"
2026-01-07T01:49:33.3334870Z [command]/usr/bin/git config --local --name-only --get-regexp ^includeIf\.gitdir:
2026-01-07T01:49:33.3364866Z [command]/usr/bin/git submodule foreach --recursive git config --local --show-origin --name-only --get-regexp remote.origin.url
2026-01-07T01:49:33.3580760Z [command]/usr/bin/git config --local http.https://github.com/.extraheader AUTHORIZATION: basic ***
2026-01-07T01:49:33.3612102Z ##[endgroup]
2026-01-07T01:49:33.3612713Z ##[group]Fetching the repository
2026-01-07T01:49:33.3620811Z [command]/usr/bin/git -c protocol.version=2 fetch --prune --no-recurse-submodules origin +refs/heads/*:refs/remotes/origin/* +refs/tags/*:refs/tags/* +822b76c5dde0b4d393e8528662bc9e51a6134f8b:refs/remotes/pull/222/merge
2026-01-07T01:49:33.9764004Z From https://github.com/con/tinuous
2026-01-07T01:49:33.9764719Z  * [new branch]      bf-circleci                              -> origin/bf-circleci
2026-01-07T01:49:33.9765625Z  * [new branch]      copilot/fix-workflow-overlap-issue       -> origin/copilot/fix-workflow-overlap-issue
2026-01-07T01:49:33.9766764Z  * [new branch]      copilot/make-travis-testing-optional     -> origin/copilot/make-travis-testing-optional
2026-01-07T01:49:33.9767875Z  * [new branch]      copilot/support-github-packages          -> origin/copilot/support-github-packages
2026-01-07T01:49:33.9769474Z  * [new branch]      dependabot/github_actions/actions/checkout-6 -> origin/dependabot/github_actions/actions/checkout-6
2026-01-07T01:49:33.9770531Z  * [new branch]      dependabot/github_actions/actions/setup-python-6 -> origin/dependabot/github_actions/actions/setup-python-6
2026-01-07T01:49:33.9771149Z  * [new branch]      enh-since                                -> origin/enh-since
2026-01-07T01:49:33.9771539Z  * [new branch]      gh-55                                    -> origin/gh-55
2026-01-07T01:49:33.9771919Z  * [new branch]      master                                   -> origin/master
2026-01-07T01:49:33.9772327Z  * [new branch]      no-extra-search                          -> origin/no-extra-search
2026-01-07T01:49:33.9772754Z  * [new branch]      pragmata                                 -> origin/pragmata
2026-01-07T01:49:33.9773177Z  * [new branch]      test-appveyor                            -> origin/test-appveyor
2026-01-07T01:49:33.9773565Z  * [new tag]         0.1.0                                    -> 0.1.0
2026-01-07T01:49:33.9773887Z  * [new tag]         0.2.0                                    -> 0.2.0
2026-01-07T01:49:33.9774197Z  * [new tag]         0.3.0                                    -> 0.3.0
2026-01-07T01:49:33.9774490Z  * [new tag]         0.4.0                                    -> 0.4.0
2026-01-07T01:49:33.9774793Z  * [new tag]         0.5.0                                    -> 0.5.0
2026-01-07T01:49:33.9775093Z  * [new tag]         0.5.1                                    -> 0.5.1
2026-01-07T01:49:33.9775388Z  * [new tag]         0.5.2                                    -> 0.5.2
2026-01-07T01:49:33.9775690Z  * [new tag]         0.5.3                                    -> 0.5.3
2026-01-07T01:49:33.9775991Z  * [new tag]         0.5.4                                    -> 0.5.4
2026-01-07T01:49:33.9776290Z  * [new tag]         0.6.0                                    -> 0.6.0
2026-01-07T01:49:33.9776621Z  * [new tag]         0.6.1                                    -> 0.6.1
2026-01-07T01:49:33.9776926Z  * [new tag]         0.7.0                                    -> 0.7.0
2026-01-07T01:49:33.9777218Z  * [new tag]         0.7.1                                    -> 0.7.1
2026-01-07T01:49:33.9777519Z  * [new tag]         0.7.2                                    -> 0.7.2
2026-01-07T01:49:33.9777885Z  * [new ref]         822b76c5dde0b4d393e8528662bc9e51a6134f8b -> pull/222/merge
2026-01-07T01:49:33.9827563Z ##[endgroup]
2026-01-07T01:49:33.9828241Z ##[group]Determining the checkout info
2026-01-07T01:49:33.9829288Z ##[endgroup]
2026-01-07T01:49:33.9834277Z [command]/usr/bin/git sparse-checkout disable
2026-01-07T01:49:33.9874150Z [command]/usr/bin/git config --local --unset-all extensions.worktreeConfig
2026-01-07T01:49:33.9898136Z ##[group]Checking out the ref
2026-01-07T01:49:33.9902289Z [command]/usr/bin/git checkout --progress --force refs/remotes/pull/222/merge
2026-01-07T01:49:33.9960567Z Note: switching to 'refs/remotes/pull/222/merge'.
2026-01-07T01:49:33.9961005Z 
2026-01-07T01:49:33.9961361Z You are in 'detached HEAD' state. You can look around, make experimental
2026-01-07T01:49:33.9962157Z changes and commit them, and you can discard any commits you make in this
2026-01-07T01:49:33.9962950Z state without impacting any branches by switching back to a branch.
2026-01-07T01:49:33.9963398Z 
2026-01-07T01:49:33.9963695Z If you want to create a new branch to retain commits you create, you may
2026-01-07T01:49:33.9964385Z do so (now or later) by using -c with the switch command. Example:
2026-01-07T01:49:33.9964813Z 
2026-01-07T01:49:33.9964980Z   git switch -c <new-branch-name>
2026-01-07T01:49:33.9965263Z 
2026-01-07T01:49:33.9965414Z Or undo this operation with:
2026-01-07T01:49:33.9965686Z 
2026-01-07T01:49:33.9965827Z   git switch -
2026-01-07T01:49:33.9965990Z 
2026-01-07T01:49:33.9966212Z Turn off this advice by setting config variable advice.detachedHead to false
2026-01-07T01:49:33.9966500Z 
2026-01-07T01:49:33.9966816Z HEAD is now at 822b76c Merge 754cf7877ed03128db9e2aa651a2397fd08f9d6e into 996b2b07ba111d746f412ad3e634e1eddc22c7b8
2026-01-07T01:49:33.9969845Z ##[endgroup]
2026-01-07T01:49:34.0002203Z [command]/usr/bin/git log -1 --format=%H
2026-01-07T01:49:34.0023256Z 822b76c5dde0b4d393e8528662bc9e51a6134f8b
2026-01-07T01:49:34.0249613Z ##[group]Run actions/setup-python@v5
2026-01-07T01:49:34.0249901Z with:
2026-01-07T01:49:34.0250094Z   python-version: pypy-3.11
2026-01-07T01:49:34.0250322Z   check-latest: false
2026-01-07T01:49:34.0250632Z   token: ***
2026-01-07T01:49:34.0250820Z   update-environment: true
2026-01-07T01:49:34.0251051Z   allow-prereleases: false
2026-01-07T01:49:34.0251258Z   freethreaded: false
2026-01-07T01:49:34.0251460Z ##[endgroup]
2026-01-07T01:49:34.1901795Z ##[group]Installed versions
2026-01-07T01:49:34.2559413Z Successfully set up PyPy 7.3.20 with Python (3.11.13)
2026-01-07T01:49:34.2560436Z ##[endgroup]
2026-01-07T01:49:34.2679635Z ##[group]Run python -m pip install --upgrade pip wheel
2026-01-07T01:49:34.2680095Z [36;1mpython -m pip install --upgrade pip wheel[0m
2026-01-07T01:49:34.2680504Z [36;1mpython -m pip install --upgrade --upgrade-strategy=eager tox[0m
2026-01-07T01:49:34.2774000Z shell: /usr/bin/bash -e {0}
2026-01-07T01:49:34.2774245Z env:
2026-01-07T01:49:34.2774491Z   pythonLocation: /opt/hostedtoolcache/PyPy/3.11.13/x64
2026-01-07T01:49:34.2774871Z   Python_ROOT_DIR: /opt/hostedtoolcache/PyPy/3.11.13/x64
2026-01-07T01:49:34.2775226Z   Python2_ROOT_DIR: /opt/hostedtoolcache/PyPy/3.11.13/x64
2026-01-07T01:49:34.2775572Z   Python3_ROOT_DIR: /opt/hostedtoolcache/PyPy/3.11.13/x64
2026-01-07T01:49:34.2775990Z   PKG_CONFIG_PATH: /opt/hostedtoolcache/PyPy/3.11.13/x64/bin/lib/pkgconfig
2026-01-07T01:49:34.2776328Z ##[endgroup]
2026-01-07T01:49:40.7566775Z Requirement already satisfied: pip in /opt/hostedtoolcache/PyPy/3.11.13/x64/lib/pypy3.11/site-packages (25.3)
2026-01-07T01:49:41.0318148Z Collecting wheel
2026-01-07T01:49:41.0733159Z   Downloading wheel-0.45.1-py3-none-any.whl.metadata (2.3 kB)
2026-01-07T01:49:41.0989553Z Downloading wheel-0.45.1-py3-none-any.whl (72 kB)
2026-01-07T01:49:41.2480741Z Installing collected packages: wheel
2026-01-07T01:49:41.3126103Z Successfully installed wheel-0.45.1
2026-01-07T01:49:42.3837430Z Collecting tox
2026-01-07T01:49:42.4245761Z   Downloading tox-4.33.0-py3-none-any.whl.metadata (3.5 kB)
2026-01-07T01:49:42.4760444Z Collecting cachetools>=6.2.4 (from tox)
2026-01-07T01:49:42.4840755Z   Downloading cachetools-6.2.4-py3-none-any.whl.metadata (5.6 kB)
2026-01-07T01:49:42.5112814Z Collecting chardet>=5.2 (from tox)
2026-01-07T01:49:42.5166125Z   Downloading chardet-5.2.0-py3-none-any.whl.metadata (3.4 kB)
2026-01-07T01:49:42.5648217Z Collecting colorama>=0.4.6 (from tox)
2026-01-07T01:49:42.5721237Z   Downloading colorama-0.4.6-py2.py3-none-any.whl.metadata (17 kB)
2026-01-07T01:49:42.6247203Z Collecting filelock>=3.20.2 (from tox)
2026-01-07T01:49:42.6300254Z   Downloading filelock-3.20.2-py3-none-any.whl.metadata (2.1 kB)
2026-01-07T01:49:42.6596499Z Collecting packaging>=25 (from tox)
2026-01-07T01:49:42.6654153Z   Downloading packaging-25.0-py3-none-any.whl.metadata (3.3 kB)
2026-01-07T01:49:42.6967173Z Collecting platformdirs>=4.5.1 (from tox)
2026-01-07T01:49:42.7013103Z   Downloading platformdirs-4.5.1-py3-none-any.whl.metadata (12 kB)
2026-01-07T01:49:42.7297554Z Collecting pluggy>=1.6 (from tox)
2026-01-07T01:49:42.7345222Z   Downloading pluggy-1.6.0-py3-none-any.whl.metadata (4.8 kB)
2026-01-07T01:49:42.7592017Z Collecting pyproject-api>=1.10 (from tox)
2026-01-07T01:49:42.7639757Z   Downloading pyproject_api-1.10.0-py3-none-any.whl.metadata (2.7 kB)
2026-01-07T01:49:42.8569021Z Collecting virtualenv>=20.35.4 (from tox)
2026-01-07T01:49:42.8616579Z   Downloading virtualenv-20.35.4-py3-none-any.whl.metadata (4.6 kB)
2026-01-07T01:49:42.9473832Z Collecting distlib<1,>=0.3.7 (from virtualenv>=20.35.4->tox)
2026-01-07T01:49:42.9521425Z   Downloading distlib-0.4.0-py2.py3-none-any.whl.metadata (5.2 kB)
2026-01-07T01:49:42.9787045Z Downloading tox-4.33.0-py3-none-any.whl (176 kB)
2026-01-07T01:49:42.9939781Z Downloading cachetools-6.2.4-py3-none-any.whl (11 kB)
2026-01-07T01:49:43.0061739Z Downloading chardet-5.2.0-py3-none-any.whl (199 kB)
2026-01-07T01:49:43.0198119Z Downloading colorama-0.4.6-py2.py3-none-any.whl (25 kB)
2026-01-07T01:49:43.0330204Z Downloading filelock-3.20.2-py3-none-any.whl (16 kB)
2026-01-07T01:49:43.0444833Z Downloading packaging-25.0-py3-none-any.whl (66 kB)
2026-01-07T01:49:43.0523501Z Downloading platformdirs-4.5.1-py3-none-any.whl (18 kB)
2026-01-07T01:49:43.0595347Z Downloading pluggy-1.6.0-py3-none-any.whl (20 kB)
2026-01-07T01:49:43.0672841Z Downloading pyproject_api-1.10.0-py3-none-any.whl (13 kB)
2026-01-07T01:49:43.0743512Z Downloading virtualenv-20.35.4-py3-none-any.whl (6.0 MB)
2026-01-07T01:49:43.1287515Z    ━━━━━━━━━━━━━━━━━━━━━━━━━━━━━━━━━━━━━━━━ 6.0/6.0 MB 128.5 MB/s  0:00:00
2026-01-07T01:49:43.1338056Z Downloading distlib-0.4.0-py2.py3-none-any.whl (469 kB)
2026-01-07T01:49:43.2429102Z Installing collected packages: distlib, pluggy, platformdirs, packaging, filelock, colorama, chardet, cachetools, virtualenv, pyproject-api, tox
2026-01-07T01:49:44.1806854Z 
2026-01-07T01:49:44.1837984Z Successfully installed cachetools-6.2.4 chardet-5.2.0 colorama-0.4.6 distlib-0.4.0 filelock-3.20.2 packaging-25.0 platformdirs-4.5.1 pluggy-1.6.0 pyproject-api-1.10.0 tox-4.33.0 virtualenv-20.35.4
2026-01-07T01:49:44.2102859Z ##[group]Run tox -e py -- --cov-report=xml
2026-01-07T01:49:44.2103196Z [36;1mtox -e py -- --cov-report=xml[0m
2026-01-07T01:49:44.2135469Z shell: /usr/bin/bash -e {0}
2026-01-07T01:49:44.2135705Z env:
2026-01-07T01:49:44.2135953Z   pythonLocation: /opt/hostedtoolcache/PyPy/3.11.13/x64
2026-01-07T01:49:44.2136324Z   Python_ROOT_DIR: /opt/hostedtoolcache/PyPy/3.11.13/x64
2026-01-07T01:49:44.2136674Z   Python2_ROOT_DIR: /opt/hostedtoolcache/PyPy/3.11.13/x64
2026-01-07T01:49:44.2137024Z   Python3_ROOT_DIR: /opt/hostedtoolcache/PyPy/3.11.13/x64
2026-01-07T01:49:44.2137408Z   PKG_CONFIG_PATH: /opt/hostedtoolcache/PyPy/3.11.13/x64/bin/lib/pkgconfig
2026-01-07T01:49:44.2137769Z ##[endgroup]
2026-01-07T01:49:45.7845073Z py: install_deps> python -I -m pip install pytest pytest-cov pytest-mock
2026-01-07T01:49:50.0197195Z .pkg: install_requires> python -I -m pip install 'setuptools>=46.4.0' versioningit
2026-01-07T01:49:51.6446696Z .pkg: _optional_hooks> python /opt/hostedtoolcache/PyPy/3.11.13/x64/lib/pypy3.11/site-packages/pyproject_api/_backend.py True setuptools.build_meta
2026-01-07T01:49:52.1410494Z .pkg: get_requires_for_build_sdist> python /opt/hostedtoolcache/PyPy/3.11.13/x64/lib/pypy3.11/site-packages/pyproject_api/_backend.py True setuptools.build_meta
2026-01-07T01:49:52.6069645Z .pkg: get_requires_for_build_wheel> python /opt/hostedtoolcache/PyPy/3.11.13/x64/lib/pypy3.11/site-packages/pyproject_api/_backend.py True setuptools.build_meta
2026-01-07T01:49:53.0267794Z .pkg: freeze> python -m pip freeze --all
2026-01-07T01:49:53.5069310Z .pkg: cffi==1.18.0.dev0,greenlet==0.4.13,hpy==0.9.1.dev61+g79fb330d,packaging==25.0,pip==25.3,setuptools==80.9.0,versioningit==3.3.0
2026-01-07T01:49:53.5079623Z .pkg: prepare_metadata_for_build_wheel> python /opt/hostedtoolcache/PyPy/3.11.13/x64/lib/pypy3.11/site-packages/pyproject_api/_backend.py True setuptools.build_meta
2026-01-07T01:49:53.9681182Z .pkg: build_sdist> python /opt/hostedtoolcache/PyPy/3.11.13/x64/lib/pypy3.11/site-packages/pyproject_api/_backend.py True setuptools.build_meta
2026-01-07T01:49:54.4527932Z py: install_package_deps> python -I -m pip install 'PyYAML>=5.0' 'click-loglevel~=0.2' 'click>=7.0' 'ghtoken~=0.1' 'in_place~=1.0' 'pydantic~=2.0' 'python-dateutil~=2.7' 'python-dotenv<2.0,>=0.11' 'requests~=2.20'
2026-01-07T01:50:11.4506238Z py: install_package> python -I -m pip install --force-reinstall --no-deps /home/runner/work/tinuous/tinuous/.tox/.tmp/package/1/tinuous-0.7.2.post8+g822b76c.tar.gz
2026-01-07T01:50:15.4427871Z py: freeze> python -m pip freeze --all
2026-01-07T01:50:15.9562609Z py: annotated-types==0.7.0,certifi==2026.1.4,cffi==1.18.0.dev0,charset-normalizer==3.4.4,click==8.3.1,click-loglevel==0.7.0,coverage==7.13.1,ghtoken==0.1.2,greenlet==0.4.13,hpy==0.9.1.dev61+g79fb330d,idna==3.11,in_place==1.0.1,iniconfig==2.3.0,packaging==25.0,pip==25.3,pluggy==1.6.0,pydantic==2.12.5,pydantic_core==2.41.5,Pygments==2.19.2,pytest==9.0.2,pytest-cov==7.0.0,pytest-mock==3.15.1,python-dateutil==2.9.0.post0,python-dotenv==1.2.1,PyYAML==6.0.3,requests==2.32.5,ruamel.yaml==0.19.1,setuptools==80.9.0,six==1.17.0,tinuous @ file:///home/runner/work/tinuous/tinuous/.tox/.tmp/package/1/tinuous-0.7.2.post8%2Bg822b76c.tar.gz#sha256=2305daf03cc085fd426a33e361118db4942fa80edb4549a90c76fe437c148ecb,typing-inspection==0.4.2,typing_extensions==4.15.0,urllib3==2.6.2
2026-01-07T01:50:15.9574205Z py: commands[0]> tinuous --help
2026-01-07T01:50:16.6874381Z Usage: tinuous [OPTIONS] COMMAND [ARGS]...
2026-01-07T01:50:16.6875085Z 
2026-01-07T01:50:16.6875500Z   Download build logs from GitHub Actions, Travis, Appveyor, and CircleCI
2026-01-07T01:50:16.6876284Z 
2026-01-07T01:50:16.6876435Z Options:
2026-01-07T01:50:16.6876952Z   -V, --version                   Show the version and exit.
2026-01-07T01:50:16.6877749Z   -c, --config FILE               Read configuration from the given file
2026-01-07T01:50:16.6878675Z                                   [default: tinuous.yaml]
2026-01-07T01:50:16.6879817Z   -E, --env FILE                  Load environment variables from given .env
2026-01-07T01:50:16.6880525Z                                   file
2026-01-07T01:50:16.6881234Z   -l, --log-level [NOTSET|DEBUG|INFO|WARNING|ERROR|CRITICAL]
2026-01-07T01:50:16.6881996Z                                   Set logging level  [default: INFO]
2026-01-07T01:50:16.6882619Z   --help                          Show this message and exit.
2026-01-07T01:50:16.6883056Z 
2026-01-07T01:50:16.6883224Z Commands:
2026-01-07T01:50:16.6883564Z   fetch         Download logs
2026-01-07T01:50:16.6884030Z   fetch-commit  Download logs for a specific commit
2026-01-07T01:50:16.6884553Z   sanitize      Sanitize secrets in logs
2026-01-07T01:50:16.6954943Z py: commands[1]> pytest --cov-report=xml test
2026-01-07T01:50:21.2022069Z ============================= test session starts ==============================
2026-01-07T01:50:21.2022995Z platform linux -- Python 3.11.13[pypy-7.3.20-final], pytest-9.0.2, pluggy-1.6.0
2026-01-07T01:50:21.2023823Z cachedir: .tox/py/.pytest_cache
2026-01-07T01:50:21.2024417Z rootdir: /home/runner/work/tinuous/tinuous
2026-01-07T01:50:21.2024754Z configfile: tox.ini
2026-01-07T01:50:21.2025021Z plugins: cov-7.0.0, mock-3.15.1
2026-01-07T01:50:21.2025308Z collected 69 items
2026-01-07T01:50:21.2025455Z 
2026-01-07T01:50:21.3197493Z test/test_base.py .........                                              [ 13%]
2026-01-07T01:50:21.4604396Z test/test_config.py ...........                                          [ 28%]
2026-01-07T01:50:21.4973663Z test/test_packages_integration.py s.                                     [ 31%]
2026-01-07T01:50:21.6373007Z test/test_state.py ........                                              [ 43%]
2026-01-07T01:50:23.3036578Z test/test_util.py .......................................                [100%]
2026-01-07T01:50:23.3037317Z 
2026-01-07T01:50:23.3038000Z ================================ tests coverage ================================
2026-01-07T01:50:23.3039053Z _______________ coverage: platform linux, python 3.11.13-final-0 _______________
2026-01-07T01:50:23.3039375Z 
2026-01-07T01:50:23.3039493Z Coverage XML written to file coverage.xml
2026-01-07T01:50:23.3039810Z ======================== 68 passed, 1 skipped in 4.97s =========================
2026-01-07T01:50:23.3213600Z   py: OK (38.16=setup[30.80]+cmd[0.74,6.62] seconds)
2026-01-07T01:50:23.3213938Z   congratulations :) (38.31 seconds)
2026-01-07T01:50:23.3498494Z ##[group]Run codecov/codecov-action@v5
2026-01-07T01:50:23.3498793Z with:
2026-01-07T01:50:23.3498978Z   fail_ci_if_error: false
2026-01-07T01:50:23.3499318Z   token: ***
2026-01-07T01:50:23.3499500Z   name: pypy-3.11
2026-01-07T01:50:23.3499706Z   disable_file_fixes: false
2026-01-07T01:50:23.3500118Z   disable_search: false
2026-01-07T01:50:23.3500337Z   disable_safe_directory: false
2026-01-07T01:50:23.3500558Z   disable_telem: false
2026-01-07T01:50:23.3500753Z   dry_run: false
2026-01-07T01:50:23.3500934Z   git_service: github
2026-01-07T01:50:23.3501135Z   gcov_executable: gcov
2026-01-07T01:50:23.3501346Z   handle_no_reports_found: false
2026-01-07T01:50:23.3501572Z   recurse_submodules: false
2026-01-07T01:50:23.3501797Z   run_command: upload-coverage
2026-01-07T01:50:23.3502011Z   skip_validation: false
2026-01-07T01:50:23.3502229Z   use_legacy_upload_endpoint: false
2026-01-07T01:50:23.3502458Z   use_oidc: false
2026-01-07T01:50:23.3502633Z   use_pypi: false
2026-01-07T01:50:23.3502854Z   verbose: false
2026-01-07T01:50:23.3503027Z   version: latest
2026-01-07T01:50:23.3503198Z env:
2026-01-07T01:50:23.3503424Z   pythonLocation: /opt/hostedtoolcache/PyPy/3.11.13/x64
2026-01-07T01:50:23.3503784Z   Python_ROOT_DIR: /opt/hostedtoolcache/PyPy/3.11.13/x64
2026-01-07T01:50:23.3504128Z   Python2_ROOT_DIR: /opt/hostedtoolcache/PyPy/3.11.13/x64
2026-01-07T01:50:23.3504484Z   Python3_ROOT_DIR: /opt/hostedtoolcache/PyPy/3.11.13/x64
2026-01-07T01:50:23.3504871Z   PKG_CONFIG_PATH: /opt/hostedtoolcache/PyPy/3.11.13/x64/bin/lib/pkgconfig
2026-01-07T01:50:23.3505205Z ##[endgroup]
2026-01-07T01:50:23.3597640Z ##[group]Run missing_deps=""
2026-01-07T01:50:23.3597903Z [36;1mmissing_deps=""[0m
2026-01-07T01:50:23.3598110Z [36;1m[0m
2026-01-07T01:50:23.3598487Z [36;1m# Check for always-required commands[0m
2026-01-07T01:50:23.3598768Z [36;1mfor cmd in bash git curl; do[0m
2026-01-07T01:50:23.3599048Z [36;1m  if ! command -v "$cmd" >/dev/null 2>&1; then[0m
2026-01-07T01:50:23.3599350Z [36;1m    missing_deps="$missing_deps $cmd"[0m
2026-01-07T01:50:23.3599601Z [36;1m  fi[0m
2026-01-07T01:50:23.3599776Z [36;1mdone[0m
2026-01-07T01:50:23.3599939Z [36;1m[0m
2026-01-07T01:50:23.3600178Z [36;1m# Check for gpg only if validation is not being skipped[0m
2026-01-07T01:50:23.3600499Z [36;1mif [ "false" != "true" ]; then[0m
2026-01-07T01:50:23.3600777Z [36;1m  if ! command -v gpg >/dev/null 2>&1; then[0m
2026-01-07T01:50:23.3601070Z [36;1m    missing_deps="$missing_deps gpg"[0m
2026-01-07T01:50:23.3601315Z [36;1m  fi[0m
2026-01-07T01:50:23.3601485Z [36;1mfi[0m
2026-01-07T01:50:23.3601651Z [36;1m[0m
2026-01-07T01:50:23.3601844Z [36;1m# Report missing required dependencies[0m
2026-01-07T01:50:23.3602123Z [36;1mif [ -n "$missing_deps" ]; then[0m
2026-01-07T01:50:23.3602495Z [36;1m  echo "Error: The following required dependencies are missing:$missing_deps"[0m
2026-01-07T01:50:23.3602961Z [36;1m  echo "Please install these dependencies before using this action."[0m
2026-01-07T01:50:23.3603297Z [36;1m  exit 1[0m
2026-01-07T01:50:23.3603470Z [36;1mfi[0m
2026-01-07T01:50:23.3603636Z [36;1m[0m
2026-01-07T01:50:23.3603873Z [36;1mecho "All required system dependencies are available."[0m
2026-01-07T01:50:23.3795212Z shell: /usr/bin/sh -e {0}
2026-01-07T01:50:23.3795446Z env:
2026-01-07T01:50:23.3795717Z   pythonLocation: /opt/hostedtoolcache/PyPy/3.11.13/x64
2026-01-07T01:50:23.3796122Z   Python_ROOT_DIR: /opt/hostedtoolcache/PyPy/3.11.13/x64
2026-01-07T01:50:23.3796503Z   Python2_ROOT_DIR: /opt/hostedtoolcache/PyPy/3.11.13/x64
2026-01-07T01:50:23.3796916Z   Python3_ROOT_DIR: /opt/hostedtoolcache/PyPy/3.11.13/x64
2026-01-07T01:50:23.3797390Z   PKG_CONFIG_PATH: /opt/hostedtoolcache/PyPy/3.11.13/x64/bin/lib/pkgconfig
2026-01-07T01:50:23.3797766Z ##[endgroup]
2026-01-07T01:50:23.3865347Z All required system dependencies are available.
2026-01-07T01:50:23.3891553Z ##[group]Run CC_ACTION_VERSION=$(cat ${GITHUB_ACTION_PATH}/src/version)
2026-01-07T01:50:23.3892141Z [36;1mCC_ACTION_VERSION=$(cat ${GITHUB_ACTION_PATH}/src/version)[0m
2026-01-07T01:50:23.3892561Z [36;1mecho -e "\033[0;32m==>\033[0m Running Action version $CC_ACTION_VERSION"[0m
2026-01-07T01:50:23.3922948Z shell: /usr/bin/bash --noprofile --norc -e -o pipefail {0}
2026-01-07T01:50:23.3923251Z env:
2026-01-07T01:50:23.3923488Z   pythonLocation: /opt/hostedtoolcache/PyPy/3.11.13/x64
2026-01-07T01:50:23.3923994Z   Python_ROOT_DIR: /opt/hostedtoolcache/PyPy/3.11.13/x64
2026-01-07T01:50:23.3924335Z   Python2_ROOT_DIR: /opt/hostedtoolcache/PyPy/3.11.13/x64
2026-01-07T01:50:23.3924667Z   Python3_ROOT_DIR: /opt/hostedtoolcache/PyPy/3.11.13/x64
2026-01-07T01:50:23.3925037Z   PKG_CONFIG_PATH: /opt/hostedtoolcache/PyPy/3.11.13/x64/bin/lib/pkgconfig
2026-01-07T01:50:23.3925367Z ##[endgroup]
2026-01-07T01:50:23.3985770Z [0;32m==>[0m Running Action version 5.5.2
2026-01-07T01:50:23.4006587Z ##[group]Run git config --global --add safe.directory "/home/runner/work/tinuous/tinuous"
2026-01-07T01:50:23.4007143Z [36;1mgit config --global --add safe.directory "/home/runner/work/tinuous/tinuous"[0m
2026-01-07T01:50:23.4007589Z [36;1mgit config --global --add safe.directory "$GITHUB_WORKSPACE"[0m
2026-01-07T01:50:23.4036814Z shell: /usr/bin/bash --noprofile --norc -e -o pipefail {0}
2026-01-07T01:50:23.4037114Z env:
2026-01-07T01:50:23.4037351Z   pythonLocation: /opt/hostedtoolcache/PyPy/3.11.13/x64
2026-01-07T01:50:23.4037701Z   Python_ROOT_DIR: /opt/hostedtoolcache/PyPy/3.11.13/x64
2026-01-07T01:50:23.4038035Z   Python2_ROOT_DIR: /opt/hostedtoolcache/PyPy/3.11.13/x64
2026-01-07T01:50:23.4038629Z   Python3_ROOT_DIR: /opt/hostedtoolcache/PyPy/3.11.13/x64
2026-01-07T01:50:23.4039017Z   PKG_CONFIG_PATH: /opt/hostedtoolcache/PyPy/3.11.13/x64/bin/lib/pkgconfig
2026-01-07T01:50:23.4039347Z ##[endgroup]
2026-01-07T01:50:23.4135530Z ##[group]Run CC_FORK="false"
2026-01-07T01:50:23.4135775Z [36;1mCC_FORK="false"[0m
2026-01-07T01:50:23.4136274Z [36;1mif [ -n "$GITHUB_EVENT_PULL_REQUEST_HEAD_REPO_FULL_NAME" ] && [ "$GITHUB_EVENT_PULL_REQUEST_HEAD_REPO_FULL_NAME" != "$GITHUB_REPOSITORY" ];[0m
2026-01-07T01:50:23.4136773Z [36;1mthen[0m
2026-01-07T01:50:23.4136996Z [36;1m  echo -e "\033[0;32m==>\033[0m Fork detected"[0m
2026-01-07T01:50:23.4137271Z [36;1m  CC_FORK="true"[0m
2026-01-07T01:50:23.4137468Z [36;1mfi[0m
2026-01-07T01:50:23.4137676Z [36;1mecho "CC_FORK=$CC_FORK" >> "$GITHUB_ENV"[0m
2026-01-07T01:50:23.4166501Z shell: /usr/bin/bash --noprofile --norc -e -o pipefail {0}
2026-01-07T01:50:23.4166808Z env:
2026-01-07T01:50:23.4167046Z   pythonLocation: /opt/hostedtoolcache/PyPy/3.11.13/x64
2026-01-07T01:50:23.4167404Z   Python_ROOT_DIR: /opt/hostedtoolcache/PyPy/3.11.13/x64
2026-01-07T01:50:23.4167742Z   Python2_ROOT_DIR: /opt/hostedtoolcache/PyPy/3.11.13/x64
2026-01-07T01:50:23.4168080Z   Python3_ROOT_DIR: /opt/hostedtoolcache/PyPy/3.11.13/x64
2026-01-07T01:50:23.4168661Z   PKG_CONFIG_PATH: /opt/hostedtoolcache/PyPy/3.11.13/x64/bin/lib/pkgconfig
2026-01-07T01:50:23.4169122Z   GITHUB_EVENT_PULL_REQUEST_HEAD_LABEL: con:copilot/support-github-packages
2026-01-07T01:50:23.4169533Z   GITHUB_EVENT_PULL_REQUEST_HEAD_REPO_FULL_NAME: con/tinuous
2026-01-07T01:50:23.4169839Z   GITHUB_REPOSITORY: con/tinuous
2026-01-07T01:50:23.4170055Z ##[endgroup]
2026-01-07T01:50:23.4259752Z ##[group]Run actions/github-script@60a0d83039c74a4aee543508d2ffcb1c3799cdea
2026-01-07T01:50:23.4260114Z with:
2026-01-07T01:50:23.4260625Z   script: if (process.env.CC_USE_OIDC === 'true' && process.env.CC_FORK != 'true') {
  const id_token = await core.getIDToken(process.env.CC_OIDC_AUDIENCE)
  return id_token
}

2026-01-07T01:50:23.4261366Z   github-token: ***
2026-01-07T01:50:23.4261571Z   debug: false
2026-01-07T01:50:23.4261766Z   user-agent: actions/github-script
2026-01-07T01:50:23.4262015Z   result-encoding: json
2026-01-07T01:50:23.4262212Z   retries: 0
2026-01-07T01:50:23.4262420Z   retry-exempt-status-codes: 400,401,403,404,422
2026-01-07T01:50:23.4262685Z env:
2026-01-07T01:50:23.4262908Z   pythonLocation: /opt/hostedtoolcache/PyPy/3.11.13/x64
2026-01-07T01:50:23.4263431Z   Python_ROOT_DIR: /opt/hostedtoolcache/PyPy/3.11.13/x64
2026-01-07T01:50:23.4263776Z   Python2_ROOT_DIR: /opt/hostedtoolcache/PyPy/3.11.13/x64
2026-01-07T01:50:23.4264103Z   Python3_ROOT_DIR: /opt/hostedtoolcache/PyPy/3.11.13/x64
2026-01-07T01:50:23.4264486Z   PKG_CONFIG_PATH: /opt/hostedtoolcache/PyPy/3.11.13/x64/bin/lib/pkgconfig
2026-01-07T01:50:23.4264934Z   CC_FORK: false
2026-01-07T01:50:23.4265135Z   CC_OIDC_AUDIENCE: https://codecov.io
2026-01-07T01:50:23.4265378Z   CC_USE_OIDC: false
2026-01-07T01:50:23.4265560Z ##[endgroup]
2026-01-07T01:50:23.5190934Z ##[group]Run if [ "false" == 'true' ] && [ "$CC_FORK" != 'true' ];
2026-01-07T01:50:23.5191536Z [36;1mif [ "false" == 'true' ] && [ "$CC_FORK" != 'true' ];[0m
2026-01-07T01:50:23.5191827Z [36;1mthen[0m
2026-01-07T01:50:23.5192052Z [36;1m  echo "CC_TOKEN=$CC_OIDC_TOKEN" >> "$GITHUB_ENV"[0m
2026-01-07T01:50:23.5192335Z [36;1melif [ -n "" ];[0m
2026-01-07T01:50:23.5192530Z [36;1mthen[0m
2026-01-07T01:50:23.5192764Z [36;1m  echo -e "\033[0;32m==>\033[0m Token set from env"[0m
2026-01-07T01:50:23.5193061Z [36;1m    echo "CC_TOKEN=" >> "$GITHUB_ENV"[0m
2026-01-07T01:50:23.5193298Z [36;1melse[0m
2026-01-07T01:50:23.5193637Z [36;1m  if [ -n "***" ];[0m
2026-01-07T01:50:23.5193851Z [36;1m  then[0m
2026-01-07T01:50:23.5194082Z [36;1m    echo -e "\033[0;32m==>\033[0m Token set from input"[0m
2026-01-07T01:50:23.5194490Z [36;1m    CC_TOKEN=$(echo "***" | tr -d '\n')[0m
2026-01-07T01:50:23.5194782Z [36;1m    echo "CC_TOKEN=$CC_TOKEN" >> "$GITHUB_ENV"[0m
2026-01-07T01:50:23.5195034Z [36;1m  fi[0m
2026-01-07T01:50:23.5195206Z [36;1mfi[0m
2026-01-07T01:50:23.5227645Z shell: /usr/bin/bash --noprofile --norc -e -o pipefail {0}
2026-01-07T01:50:23.5227957Z env:
2026-01-07T01:50:23.5228194Z   pythonLocation: /opt/hostedtoolcache/PyPy/3.11.13/x64
2026-01-07T01:50:23.5228834Z   Python_ROOT_DIR: /opt/hostedtoolcache/PyPy/3.11.13/x64
2026-01-07T01:50:23.5229181Z   Python2_ROOT_DIR: /opt/hostedtoolcache/PyPy/3.11.13/x64
2026-01-07T01:50:23.5229536Z   Python3_ROOT_DIR: /opt/hostedtoolcache/PyPy/3.11.13/x64
2026-01-07T01:50:23.5229918Z   PKG_CONFIG_PATH: /opt/hostedtoolcache/PyPy/3.11.13/x64/bin/lib/pkgconfig
2026-01-07T01:50:23.5230245Z   CC_FORK: false
2026-01-07T01:50:23.5230427Z   CC_OIDC_TOKEN: 
2026-01-07T01:50:23.5230643Z   CC_OIDC_AUDIENCE: https://codecov.io
2026-01-07T01:50:23.5230891Z ##[endgroup]
2026-01-07T01:50:23.5283757Z [0;32m==>[0m Token set from input
2026-01-07T01:50:23.5322573Z ##[group]Run if [ -z "$CC_BRANCH" ] && [ -z "$CC_TOKEN" ] && [ "$CC_FORK" == 'true' ]
2026-01-07T01:50:23.5323013Z [36;1mif [ -z "$CC_BRANCH" ] && [ -z "$CC_TOKEN" ] && [ "$CC_FORK" == 'true' ][0m
2026-01-07T01:50:23.5323336Z [36;1mthen[0m
2026-01-07T01:50:23.5323685Z [36;1m  echo -e "\033[0;32m==>\033[0m Fork detected, setting branch to $GITHUB_EVENT_PULL_REQUEST_HEAD_LABEL"[0m
2026-01-07T01:50:23.5324143Z [36;1m  TOKENLESS="$GITHUB_EVENT_PULL_REQUEST_HEAD_LABEL"[0m
2026-01-07T01:50:23.5324490Z [36;1m  CC_BRANCH="$GITHUB_EVENT_PULL_REQUEST_HEAD_LABEL"[0m
2026-01-07T01:50:23.5324806Z [36;1m  echo "TOKENLESS=$TOKENLESS" >> "$GITHUB_ENV"[0m
2026-01-07T01:50:23.5325069Z [36;1mfi[0m
2026-01-07T01:50:23.5325242Z [36;1m[0m
2026-01-07T01:50:23.5325447Z [36;1mecho "CC_BRANCH=$CC_BRANCH" >> "$GITHUB_ENV"[0m
2026-01-07T01:50:23.5355716Z shell: /usr/bin/bash --noprofile --norc -e -o pipefail {0}
2026-01-07T01:50:23.5356035Z env:
2026-01-07T01:50:23.5356267Z   pythonLocation: /opt/hostedtoolcache/PyPy/3.11.13/x64
2026-01-07T01:50:23.5356616Z   Python_ROOT_DIR: /opt/hostedtoolcache/PyPy/3.11.13/x64
2026-01-07T01:50:23.5356949Z   Python2_ROOT_DIR: /opt/hostedtoolcache/PyPy/3.11.13/x64
2026-01-07T01:50:23.5357277Z   Python3_ROOT_DIR: /opt/hostedtoolcache/PyPy/3.11.13/x64
2026-01-07T01:50:23.5357658Z   PKG_CONFIG_PATH: /opt/hostedtoolcache/PyPy/3.11.13/x64/bin/lib/pkgconfig
2026-01-07T01:50:23.5357989Z   CC_FORK: false
2026-01-07T01:50:23.5358251Z   CC_TOKEN: ***
2026-01-07T01:50:23.5358631Z   CC_BRANCH: 
2026-01-07T01:50:23.5359091Z   GITHUB_EVENT_PULL_REQUEST_HEAD_LABEL: con:copilot/support-github-packages
2026-01-07T01:50:23.5359508Z   GITHUB_EVENT_PULL_REQUEST_HEAD_REPO_FULL_NAME: con/tinuous
2026-01-07T01:50:23.5359812Z   GITHUB_REPOSITORY: con/tinuous
2026-01-07T01:50:23.5360027Z ##[endgroup]
2026-01-07T01:50:23.5449372Z ##[group]Run if [ -z "$CC_SHA" ];
2026-01-07T01:50:23.5449784Z [36;1mif [ -z "$CC_SHA" ];[0m
2026-01-07T01:50:23.5450006Z [36;1mthen[0m
2026-01-07T01:50:23.5450228Z [36;1m  CC_SHA="$GITHUB_EVENT_PULL_REQUEST_HEAD_SHA"[0m
2026-01-07T01:50:23.5450497Z [36;1mfi[0m
2026-01-07T01:50:23.5450717Z [36;1mif [ -z "$CC_PR" ] && [ "$CC_FORK" == 'true' ];[0m
2026-01-07T01:50:23.5450975Z [36;1mthen[0m
2026-01-07T01:50:23.5451172Z [36;1m  CC_PR="$GITHUB_EVENT_NUMBER"[0m
2026-01-07T01:50:23.5451407Z [36;1mfi[0m
2026-01-07T01:50:23.5451576Z [36;1m[0m
2026-01-07T01:50:23.5451772Z [36;1mecho "CC_SHA=$CC_SHA" >> "$GITHUB_ENV"[0m
2026-01-07T01:50:23.5452041Z [36;1mecho "CC_PR=$CC_PR" >> "$GITHUB_ENV"[0m
2026-01-07T01:50:23.5481568Z shell: /usr/bin/bash --noprofile --norc -e -o pipefail {0}
2026-01-07T01:50:23.5481879Z env:
2026-01-07T01:50:23.5482124Z   pythonLocation: /opt/hostedtoolcache/PyPy/3.11.13/x64
2026-01-07T01:50:23.5482463Z   Python_ROOT_DIR: /opt/hostedtoolcache/PyPy/3.11.13/x64
2026-01-07T01:50:23.5482797Z   Python2_ROOT_DIR: /opt/hostedtoolcache/PyPy/3.11.13/x64
2026-01-07T01:50:23.5483141Z   Python3_ROOT_DIR: /opt/hostedtoolcache/PyPy/3.11.13/x64
2026-01-07T01:50:23.5483531Z   PKG_CONFIG_PATH: /opt/hostedtoolcache/PyPy/3.11.13/x64/bin/lib/pkgconfig
2026-01-07T01:50:23.5483862Z   CC_FORK: false
2026-01-07T01:50:23.5484129Z   CC_TOKEN: ***
2026-01-07T01:50:23.5484301Z   CC_BRANCH: 
2026-01-07T01:50:23.5484469Z   CC_PR: 
2026-01-07T01:50:23.5484621Z   CC_SHA: 
2026-01-07T01:50:23.5484798Z   GITHUB_EVENT_NAME: pull_request
2026-01-07T01:50:23.5485028Z   GITHUB_EVENT_NUMBER: 222
2026-01-07T01:50:23.5485336Z   GITHUB_EVENT_PULL_REQUEST_HEAD_SHA: 754cf7877ed03128db9e2aa651a2397fd08f9d6e
2026-01-07T01:50:23.5485676Z ##[endgroup]
2026-01-07T01:50:23.5561650Z ##[group]Run ${GITHUB_ACTION_PATH}/dist/codecov.sh
2026-01-07T01:50:23.5561985Z [36;1m${GITHUB_ACTION_PATH}/dist/codecov.sh[0m
2026-01-07T01:50:23.5590978Z shell: /usr/bin/bash --noprofile --norc -e -o pipefail {0}
2026-01-07T01:50:23.5591293Z env:
2026-01-07T01:50:23.5591534Z   pythonLocation: /opt/hostedtoolcache/PyPy/3.11.13/x64
2026-01-07T01:50:23.5591899Z   Python_ROOT_DIR: /opt/hostedtoolcache/PyPy/3.11.13/x64
2026-01-07T01:50:23.5592233Z   Python2_ROOT_DIR: /opt/hostedtoolcache/PyPy/3.11.13/x64
2026-01-07T01:50:23.5592555Z   Python3_ROOT_DIR: /opt/hostedtoolcache/PyPy/3.11.13/x64
2026-01-07T01:50:23.5592924Z   PKG_CONFIG_PATH: /opt/hostedtoolcache/PyPy/3.11.13/x64/bin/lib/pkgconfig
2026-01-07T01:50:23.5593342Z   CC_FORK: false
2026-01-07T01:50:23.5593667Z   CC_TOKEN: ***
2026-01-07T01:50:23.5593847Z   CC_BRANCH: 
2026-01-07T01:50:23.5594145Z   CC_SHA: 754cf7877ed03128db9e2aa651a2397fd08f9d6e
2026-01-07T01:50:23.5594491Z   CC_PR: 
2026-01-07T01:50:23.5594658Z   CC_BASE_SHA: 
2026-01-07T01:50:23.5594837Z   CC_BINARY: 
2026-01-07T01:50:23.5594997Z   CC_BUILD: 
2026-01-07T01:50:23.5595162Z   CC_BUILD_URL: 
2026-01-07T01:50:23.5595402Z   CC_CODE: 
2026-01-07T01:50:23.5595581Z   CC_DIR: 
2026-01-07T01:50:23.5595841Z   CC_DISABLE_FILE_FIXES: false
2026-01-07T01:50:23.5596062Z   CC_DISABLE_SEARCH: false
2026-01-07T01:50:23.5596276Z   CC_DISABLE_TELEM: false
2026-01-07T01:50:23.5596468Z   CC_DRY_RUN: false
2026-01-07T01:50:23.5596654Z   CC_ENTERPRISE_URL: 
2026-01-07T01:50:23.5596837Z   CC_ENV: 
2026-01-07T01:50:23.5596994Z   CC_EXCLUDES: 
2026-01-07T01:50:23.5597172Z   CC_FAIL_ON_ERROR: false
2026-01-07T01:50:23.5597357Z   CC_FILES: 
2026-01-07T01:50:23.5597519Z   CC_FLAGS: 
2026-01-07T01:50:23.5597678Z   CC_FORCE: 
2026-01-07T01:50:23.5597833Z   CC_GCOV_ARGS: 
2026-01-07T01:50:23.5598017Z   CC_GCOV_EXECUTABLE: gcov
2026-01-07T01:50:23.5598219Z   CC_GCOV_IGNORE: 
2026-01-07T01:50:23.5598562Z   CC_GCOV_INCLUDE: 
2026-01-07T01:50:23.5598748Z   CC_GIT_SERVICE: github
2026-01-07T01:50:23.5599128Z   CC_HANDLE_NO_REPORTS_FOUND: false
2026-01-07T01:50:23.5599357Z   CC_JOB_CODE: 
2026-01-07T01:50:23.5599526Z   CC_LEGACY: false
2026-01-07T01:50:23.5599702Z   CC_NAME: pypy-3.11
2026-01-07T01:50:23.5599891Z   CC_NETWORK_FILTER: 
2026-01-07T01:50:23.5600079Z   CC_NETWORK_PREFIX: 
2026-01-07T01:50:23.5600261Z   CC_NETWORK_ROOT_FOLDER: 
2026-01-07T01:50:23.5600575Z   CC_OS: 
2026-01-07T01:50:23.5600730Z   CC_PARENT_SHA: 
2026-01-07T01:50:23.5600907Z   CC_PLUGINS: 
2026-01-07T01:50:23.5601091Z   CC_RECURSE_SUBMODULES: false
2026-01-07T01:50:23.5601292Z   CC_REPORT_TYPE: 
2026-01-07T01:50:23.5601478Z   CC_RUN_CMD: upload-coverage
2026-01-07T01:50:23.5601703Z   CC_SERVICE: github
2026-01-07T01:50:23.5601905Z   CC_SKIP_VALIDATION: false
2026-01-07T01:50:23.5602095Z   CC_SLUG: 
2026-01-07T01:50:23.5602358Z   CC_SWIFT_PROJECT: 
2026-01-07T01:50:23.5602730Z   CC_USE_PYPI: false
2026-01-07T01:50:23.5603028Z   CC_VERBOSE: false
2026-01-07T01:50:23.5603321Z   CC_VERSION: latest
2026-01-07T01:50:23.5603502Z   CC_YML_PATH: 
2026-01-07T01:50:23.5603677Z ##[endgroup]
2026-01-07T01:50:23.5672857Z      _____          _
2026-01-07T01:50:23.5673211Z     / ____|        | |
2026-01-07T01:50:23.5673536Z    | |     ___   __| | ___  ___ _____   __
2026-01-07T01:50:23.5673856Z    | |    / _ \ / _` |/ _ \/ __/ _ \ \ / /
2026-01-07T01:50:23.5674122Z    | |___| (_) | (_| |  __/ (_| (_) \ V /
2026-01-07T01:50:23.5674373Z     \_____\___/ \__,_|\___|\___\___/ \_/
2026-01-07T01:50:23.5674792Z                            [0;31m Wrapper-0.2.7[0m
2026-01-07T01:50:23.5675050Z                            
2026-01-07T01:50:23.5729280Z [0;32m==>[0m Detected [0;36mlinux[0m
2026-01-07T01:50:23.5730212Z [0;32m ->[0m Downloading [0;36mhttps://cli.codecov.io/latest/linux/codecov[0m
2026-01-07T01:50:23.5796389Z   % Total    % Received % Xferd  Average Speed   Time    Time     Time  Current
2026-01-07T01:50:23.5797071Z                                  Dload  Upload   Total   Spent    Left  Speed
2026-01-07T01:50:23.5797426Z 
2026-01-07T01:50:23.6822751Z   0     0    0     0    0     0      0      0 --:--:-- --:--:-- --:--:--     0
2026-01-07T01:50:23.6823385Z 100 10.6M  100 10.6M    0     0   103M      0 --:--:-- --:--:-- --:--:--  104M
2026-01-07T01:50:23.6843377Z [0;32m==>[0m Finishing downloading [0;36mlinux:latest[0m
2026-01-07T01:50:23.7287125Z       Version: [0;36mv11.2.6[0m
2026-01-07T01:50:23.7287578Z  
2026-01-07T01:50:23.7413410Z gpg: directory '/home/runner/.gnupg' created
2026-01-07T01:50:23.7419061Z gpg: keybox '/home/runner/.gnupg/pubring.kbx' created
2026-01-07T01:50:23.9721788Z gpg: /home/runner/.gnupg/trustdb.gpg: trustdb created
2026-01-07T01:50:23.9722827Z gpg: key 806BB28AED779869: public key "Codecov Uploader (Codecov Uploader Verification Key) <security@codecov.io>" imported
2026-01-07T01:50:23.9868803Z gpg: Total number processed: 1
2026-01-07T01:50:23.9869282Z gpg:               imported: 1
2026-01-07T01:50:23.9874944Z [0;32m==>[0m Verifying GPG signature integrity
2026-01-07T01:50:23.9875849Z [0;32m ->[0m Downloading [0;36mhttps://cli.codecov.io/latest/linux/codecov.SHA256SUM[0m
2026-01-07T01:50:23.9876622Z [0;32m ->[0m Downloading [0;36mhttps://cli.codecov.io/latest/linux/codecov.SHA256SUM.sig[0m
2026-01-07T01:50:23.9877023Z  
2026-01-07T01:50:24.0716568Z gpg: Signature made Fri Dec  5 15:31:48 2025 UTC
2026-01-07T01:50:24.0717092Z gpg:                using RSA key 27034E7FDB850E0BBC2C62FF806BB28AED779869
2026-01-07T01:50:24.0719621Z gpg: Good signature from "Codecov Uploader (Codecov Uploader Verification Key) <security@codecov.io>" [unknown]
2026-01-07T01:50:24.0720724Z gpg: WARNING: This key is not certified with a trusted signature!
2026-01-07T01:50:24.0721255Z gpg:          There is no indication that the signature belongs to the owner.
2026-01-07T01:50:24.0721823Z Primary key fingerprint: 2703 4E7F DB85 0E0B BC2C  62FF 806B B28A ED77 9869
2026-01-07T01:50:24.1586836Z codecov: OK
2026-01-07T01:50:24.1597922Z [0;32m==>[0m CLI integrity verified
2026-01-07T01:50:24.1598629Z 
2026-01-07T01:50:24.2210850Z [0;32m ->[0m Token length: 36
2026-01-07T01:50:24.2211506Z [0;32m==>[0m Running upload-coverage
2026-01-07T01:50:24.2222517Z       [0;36m./codecov  upload-coverage -t <redacted> --git-service github --sha 754cf7877ed03128db9e2aa651a2397fd08f9d6e --gcov-executable gcov --name pypy-3.11[0m
2026-01-07T01:50:24.5754573Z info - 2026-01-07 01:50:24,575 -- ci service found: github-actions
2026-01-07T01:50:24.6168301Z warning - 2026-01-07 01:50:24,616 -- xcrun is not installed or can't be found.
2026-01-07T01:50:24.6881690Z warning - 2026-01-07 01:50:24,688 -- No gcov data found.
2026-01-07T01:50:24.6885399Z warning - 2026-01-07 01:50:24,688 -- coverage.py is not installed or can't be found.
2026-01-07T01:50:24.7050111Z info - 2026-01-07 01:50:24,704 -- Found 1 coverage files to report
2026-01-07T01:50:24.7051193Z info - 2026-01-07 01:50:24,704 -- > /home/runner/work/tinuous/tinuous/coverage.xml
2026-01-07T01:50:25.2581383Z info - 2026-01-07 01:50:25,257 -- Your upload is now processing. When finished, results will be available at: https://app.codecov.io/github/con/tinuous/commit/754cf7877ed03128db9e2aa651a2397fd08f9d6e
2026-01-07T01:50:25.4102120Z info - 2026-01-07 01:50:25,409 -- Process Upload complete
2026-01-07T01:50:25.5854580Z Post job cleanup.
2026-01-07T01:50:25.7441353Z Post job cleanup.
2026-01-07T01:50:25.8374564Z [command]/usr/bin/git version
2026-01-07T01:50:25.8416852Z git version 2.52.0
2026-01-07T01:50:25.8454578Z Copying '/home/runner/.gitconfig' to '/home/runner/work/_temp/d5d16fa2-bbf8-4e45-995e-17b45071ffcc/.gitconfig'
2026-01-07T01:50:25.8464019Z Temporarily overriding HOME='/home/runner/work/_temp/d5d16fa2-bbf8-4e45-995e-17b45071ffcc' before making global git config changes
2026-01-07T01:50:25.8465326Z Adding repository directory to the temporary git global config as a safe directory
2026-01-07T01:50:25.8469717Z [command]/usr/bin/git config --global --add safe.directory /home/runner/work/tinuous/tinuous
2026-01-07T01:50:25.8503813Z [command]/usr/bin/git config --local --name-only --get-regexp core\.sshCommand
2026-01-07T01:50:25.8535951Z [command]/usr/bin/git submodule foreach --recursive sh -c "git config --local --name-only --get-regexp 'core\.sshCommand' && git config --local --unset-all 'core.sshCommand' || :"
2026-01-07T01:50:25.8764691Z [command]/usr/bin/git config --local --name-only --get-regexp http\.https\:\/\/github\.com\/\.extraheader
2026-01-07T01:50:25.8785344Z http.https://github.com/.extraheader
2026-01-07T01:50:25.8800056Z [command]/usr/bin/git config --local --unset-all http.https://github.com/.extraheader
2026-01-07T01:50:25.8833046Z [command]/usr/bin/git submodule foreach --recursive sh -c "git config --local --name-only --get-regexp 'http\.https\:\/\/github\.com\/\.extraheader' && git config --local --unset-all 'http.https://github.com/.extraheader' || :"
2026-01-07T01:50:25.9073265Z [command]/usr/bin/git config --local --name-only --get-regexp ^includeIf\.gitdir:
2026-01-07T01:50:25.9106729Z [command]/usr/bin/git submodule foreach --recursive git config --local --show-origin --name-only --get-regexp remote.origin.url
2026-01-07T01:50:25.9433016Z Cleaning up orphan processes
