2021-06-11T14:02:19.1510941Z ##[section]Starting: Request a runner to run this job
2021-06-11T14:02:19.7321595Z Can't find any online and idle self-hosted runner in current repository that matches the required labels: 'ubuntu-latest'
2021-06-11T14:02:19.7321713Z Can't find any online and idle self-hosted runner in current repository's account/organization that matches the required labels: 'ubuntu-latest'
2021-06-11T14:02:19.7321917Z Found online and idle hosted runner in current repository's account/organization that matches the required labels: 'ubuntu-latest'
2021-06-11T14:02:19.8647259Z ##[section]Finishing: Request a runner to run this job
2021-06-11T14:02:28.5982114Z Current runner version: '2.278.0'
2021-06-11T14:02:28.6016100Z ##[group]Operating System
2021-06-11T14:02:28.6017115Z Ubuntu
2021-06-11T14:02:28.6017677Z 20.04.2
2021-06-11T14:02:28.6018169Z LTS
2021-06-11T14:02:28.6018720Z ##[endgroup]
2021-06-11T14:02:28.6019341Z ##[group]Virtual Environment
2021-06-11T14:02:28.6020338Z Environment: ubuntu-20.04
2021-06-11T14:02:28.6020988Z Version: 20210606.1
2021-06-11T14:02:28.6022122Z Included Software: https://github.com/actions/virtual-environments/blob/ubuntu20/20210606.1/images/linux/Ubuntu2004-README.md
2021-06-11T14:02:28.6023686Z Image Release: https://github.com/actions/virtual-environments/releases/tag/ubuntu20%2F20210606.1
2021-06-11T14:02:28.6024660Z ##[endgroup]
2021-06-11T14:02:28.6026922Z ##[group]GITHUB_TOKEN Permissions
2021-06-11T14:02:28.6028347Z Actions: write
2021-06-11T14:02:28.6029741Z Checks: write
2021-06-11T14:02:28.6030379Z Contents: write
2021-06-11T14:02:28.6030970Z Deployments: write
2021-06-11T14:02:28.6031742Z Discussions: write
2021-06-11T14:02:28.6032420Z Issues: write
2021-06-11T14:02:28.6033029Z Metadata: read
2021-06-11T14:02:28.6033590Z Packages: write
2021-06-11T14:02:28.6034238Z PullRequests: write
2021-06-11T14:02:28.6034997Z RepositoryProjects: write
2021-06-11T14:02:28.6035720Z SecurityEvents: write
2021-06-11T14:02:28.6036392Z Statuses: write
2021-06-11T14:02:28.6037107Z ##[endgroup]
2021-06-11T14:02:28.6042014Z Prepare workflow directory
2021-06-11T14:02:28.6942981Z Prepare all required actions
2021-06-11T14:02:28.6959359Z Getting action download info
2021-06-11T14:02:29.1143354Z Download action repository 'actions/checkout@v2'
2021-06-11T14:02:30.9135714Z Download action repository 'actions/setup-python@v2'
2021-06-11T14:02:31.0670862Z Download action repository 'codecov/codecov-action@v1'
2021-06-11T14:02:31.4015733Z ##[group]Run actions/checkout@v2
2021-06-11T14:02:31.4016483Z with:
2021-06-11T14:02:31.4016997Z   fetch-depth: 0
2021-06-11T14:02:31.4017563Z   repository: con/tinuous
2021-06-11T14:02:31.4018682Z   token: ***
2021-06-11T14:02:31.4019228Z   ssh-strict: true
2021-06-11T14:02:31.4020076Z   persist-credentials: true
2021-06-11T14:02:31.4021724Z   clean: true
2021-06-11T14:02:31.4022208Z   lfs: false
2021-06-11T14:02:31.4022728Z   submodules: false
2021-06-11T14:02:31.4023256Z ##[endgroup]
2021-06-11T14:02:32.1563896Z Syncing repository: con/tinuous
2021-06-11T14:02:32.1646346Z ##[group]Getting Git version info
2021-06-11T14:02:32.1648085Z Working directory is '/home/runner/work/tinuous/tinuous'
2021-06-11T14:02:32.1649120Z [command]/usr/bin/git version
2021-06-11T14:02:32.1649702Z git version 2.31.1
2021-06-11T14:02:32.1650816Z ##[endgroup]
2021-06-11T14:02:32.1651726Z Deleting the contents of '/home/runner/work/tinuous/tinuous'
2021-06-11T14:02:32.1653148Z ##[group]Initializing the repository
2021-06-11T14:02:32.1657381Z [command]/usr/bin/git init /home/runner/work/tinuous/tinuous
2021-06-11T14:02:32.1660045Z hint: Using 'master' as the name for the initial branch. This default branch name
2021-06-11T14:02:32.1661907Z hint: is subject to change. To configure the initial branch name to use in all
2021-06-11T14:02:32.1663162Z hint: of your new repositories, which will suppress this warning, call:
2021-06-11T14:02:32.1664043Z hint: 
2021-06-11T14:02:32.1665144Z hint: 	git config --global init.defaultBranch <name>
2021-06-11T14:02:32.1665946Z hint: 
2021-06-11T14:02:32.1666964Z hint: Names commonly chosen instead of 'master' are 'main', 'trunk' and
2021-06-11T14:02:32.1668261Z hint: 'development'. The just-created branch can be renamed via this command:
2021-06-11T14:02:32.1669151Z hint: 
2021-06-11T14:02:32.1669954Z hint: 	git branch -m <name>
2021-06-11T14:02:32.1670881Z Initialized empty Git repository in /home/runner/work/tinuous/tinuous/.git/
2021-06-11T14:02:32.1672052Z [command]/usr/bin/git remote add origin https://github.com/con/tinuous
2021-06-11T14:02:32.1673027Z ##[endgroup]
2021-06-11T14:02:32.1673840Z ##[group]Disabling automatic garbage collection
2021-06-11T14:02:32.1674937Z [command]/usr/bin/git config --local gc.auto 0
2021-06-11T14:02:32.1676093Z ##[endgroup]
2021-06-11T14:02:32.1679151Z ##[group]Setting up auth
2021-06-11T14:02:32.1681117Z [command]/usr/bin/git config --local --name-only --get-regexp core\.sshCommand
2021-06-11T14:02:32.1683108Z [command]/usr/bin/git submodule foreach --recursive git config --local --name-only --get-regexp 'core\.sshCommand' && git config --local --unset-all 'core.sshCommand' || :
2021-06-11T14:02:32.1684978Z [command]/usr/bin/git config --local --name-only --get-regexp http\.https\:\/\/github\.com\/\.extraheader
2021-06-11T14:02:32.1687225Z [command]/usr/bin/git submodule foreach --recursive git config --local --name-only --get-regexp 'http\.https\:\/\/github\.com\/\.extraheader' && git config --local --unset-all 'http.https://github.com/.extraheader' || :
2021-06-11T14:02:32.1689397Z [command]/usr/bin/git config --local http.https://github.com/.extraheader AUTHORIZATION: basic ***
2021-06-11T14:02:32.1691247Z ##[endgroup]
2021-06-11T14:02:32.1692030Z ##[group]Fetching the repository
2021-06-11T14:02:32.1694100Z [command]/usr/bin/git -c protocol.version=2 fetch --prune --progress --no-recurse-submodules origin +refs/heads/*:refs/remotes/origin/* +refs/tags/*:refs/tags/* +61013114d554d325cd17064ececce393ae517bd3:refs/remotes/pull/97/merge
2021-06-11T14:02:32.1696191Z remote: Enumerating objects: 595, done.        
2021-06-11T14:02:32.1697035Z remote: Counting objects:   0% (1/249)        
2021-06-11T14:02:32.1697824Z remote: Counting objects:   1% (3/249)        
2021-06-11T14:02:32.1698592Z remote: Counting objects:   2% (5/249)        
2021-06-11T14:02:32.1699375Z remote: Counting objects:   3% (8/249)        
2021-06-11T14:02:32.1700356Z remote: Counting objects:   4% (10/249)        
2021-06-11T14:02:32.1702215Z remote: Counting objects:   5% (13/249)        
2021-06-11T14:02:32.1703059Z remote: Counting objects:   6% (15/249)        
2021-06-11T14:02:32.1703829Z remote: Counting objects:   7% (18/249)        
2021-06-11T14:02:32.1704725Z remote: Counting objects:   8% (20/249)        
2021-06-11T14:02:32.1705524Z remote: Counting objects:   9% (23/249)        
2021-06-11T14:02:32.1706293Z remote: Counting objects:  10% (25/249)        
2021-06-11T14:02:32.1727306Z remote: Counting objects:  11% (28/249)        
2021-06-11T14:02:32.1728329Z remote: Counting objects:  12% (30/249)        
2021-06-11T14:02:32.1729135Z remote: Counting objects:  13% (33/249)        
2021-06-11T14:02:32.1729939Z remote: Counting objects:  14% (35/249)        
2021-06-11T14:02:32.1730714Z remote: Counting objects:  15% (38/249)        
2021-06-11T14:02:32.1731499Z remote: Counting objects:  16% (40/249)        
2021-06-11T14:02:32.1732981Z remote: Counting objects:  17% (43/249)        
2021-06-11T14:02:32.1733899Z remote: Counting objects:  18% (45/249)        
2021-06-11T14:02:32.1734721Z remote: Counting objects:  19% (48/249)        
2021-06-11T14:02:32.1735497Z remote: Counting objects:  20% (50/249)        
2021-06-11T14:02:32.1736276Z remote: Counting objects:  21% (53/249)        
2021-06-11T14:02:32.1737071Z remote: Counting objects:  22% (55/249)        
2021-06-11T14:02:32.1737767Z remote: Counting objects:  23% (58/249)        
2021-06-11T14:02:32.1738547Z remote: Counting objects:  24% (60/249)        
2021-06-11T14:02:32.1739306Z remote: Counting objects:  25% (63/249)        
2021-06-11T14:02:32.1740291Z remote: Counting objects:  26% (65/249)        
2021-06-11T14:02:32.1741067Z remote: Counting objects:  27% (68/249)        
2021-06-11T14:02:32.1741839Z remote: Counting objects:  28% (70/249)        
2021-06-11T14:02:32.1742623Z remote: Counting objects:  29% (73/249)        
2021-06-11T14:02:32.1743386Z remote: Counting objects:  30% (75/249)        
2021-06-11T14:02:32.1744554Z remote: Counting objects:  31% (78/249)        
2021-06-11T14:02:32.1745469Z remote: Counting objects:  32% (80/249)        
2021-06-11T14:02:32.1746247Z remote: Counting objects:  33% (83/249)        
2021-06-11T14:02:32.1747034Z remote: Counting objects:  34% (85/249)        
2021-06-11T14:02:32.1747814Z remote: Counting objects:  35% (88/249)        
2021-06-11T14:02:32.1748876Z remote: Counting objects:  36% (90/249)        
2021-06-11T14:02:32.1749664Z remote: Counting objects:  37% (93/249)        
2021-06-11T14:02:32.1750431Z remote: Counting objects:  38% (95/249)        
2021-06-11T14:02:32.1751211Z remote: Counting objects:  39% (98/249)        
2021-06-11T14:02:32.1751995Z remote: Counting objects:  40% (100/249)        
2021-06-11T14:02:32.1752776Z remote: Counting objects:  41% (103/249)        
2021-06-11T14:02:32.1753569Z remote: Counting objects:  42% (105/249)        
2021-06-11T14:02:32.1754337Z remote: Counting objects:  43% (108/249)        
2021-06-11T14:02:32.1755120Z remote: Counting objects:  44% (110/249)        
2021-06-11T14:02:32.1755913Z remote: Counting objects:  45% (113/249)        
2021-06-11T14:02:32.1756687Z remote: Counting objects:  46% (115/249)        
2021-06-11T14:02:32.1757475Z remote: Counting objects:  47% (118/249)        
2021-06-11T14:02:32.1758244Z remote: Counting objects:  48% (120/249)        
2021-06-11T14:02:32.1759041Z remote: Counting objects:  49% (123/249)        
2021-06-11T14:02:32.1759750Z remote: Counting objects:  50% (125/249)        
2021-06-11T14:02:32.1760519Z remote: Counting objects:  51% (127/249)        
2021-06-11T14:02:32.1761306Z remote: Counting objects:  52% (130/249)        
2021-06-11T14:02:32.1762078Z remote: Counting objects:  53% (132/249)        
2021-06-11T14:02:32.1762858Z remote: Counting objects:  54% (135/249)        
2021-06-11T14:02:32.1763637Z remote: Counting objects:  55% (137/249)        
2021-06-11T14:02:32.1770204Z remote: Counting objects:  56% (140/249)        
2021-06-11T14:02:32.1771052Z remote: Counting objects:  57% (142/249)        
2021-06-11T14:02:32.1771970Z remote: Counting objects:  58% (145/249)        
2021-06-11T14:02:32.1772779Z remote: Counting objects:  59% (147/249)        
2021-06-11T14:02:32.1773574Z remote: Counting objects:  60% (150/249)        
2021-06-11T14:02:32.1774944Z remote: Counting objects:  61% (152/249)        
2021-06-11T14:02:32.1775778Z remote: Counting objects:  62% (155/249)        
2021-06-11T14:02:32.1776795Z remote: Counting objects:  63% (157/249)        
2021-06-11T14:02:32.1777589Z remote: Counting objects:  64% (160/249)        
2021-06-11T14:02:32.1779786Z remote: Counting objects:  65% (162/249)        
2021-06-11T14:02:32.1780915Z remote: Counting objects:  66% (165/249)        
2021-06-11T14:02:32.1781695Z remote: Counting objects:  67% (167/249)        
2021-06-11T14:02:32.1782491Z remote: Counting objects:  68% (170/249)        
2021-06-11T14:02:32.1783288Z remote: Counting objects:  69% (172/249)        
2021-06-11T14:02:32.1784062Z remote: Counting objects:  70% (175/249)        
2021-06-11T14:02:32.1784869Z remote: Counting objects:  71% (177/249)        
2021-06-11T14:02:32.1785643Z remote: Counting objects:  72% (180/249)        
2021-06-11T14:02:32.1786435Z remote: Counting objects:  73% (182/249)        
2021-06-11T14:02:32.1787224Z remote: Counting objects:  74% (185/249)        
2021-06-11T14:02:32.1788012Z remote: Counting objects:  75% (187/249)        
2021-06-11T14:02:32.1788796Z remote: Counting objects:  76% (190/249)        
2021-06-11T14:02:32.1789586Z remote: Counting objects:  77% (192/249)        
2021-06-11T14:02:32.1790361Z remote: Counting objects:  78% (195/249)        
2021-06-11T14:02:32.1791146Z remote: Counting objects:  79% (197/249)        
2021-06-11T14:02:32.1791925Z remote: Counting objects:  80% (200/249)        
2021-06-11T14:02:32.1792712Z remote: Counting objects:  81% (202/249)        
2021-06-11T14:02:32.1793501Z remote: Counting objects:  82% (205/249)        
2021-06-11T14:02:32.1794271Z remote: Counting objects:  83% (207/249)        
2021-06-11T14:02:32.1795067Z remote: Counting objects:  84% (210/249)        
2021-06-11T14:02:32.1795840Z remote: Counting objects:  85% (212/249)        
2021-06-11T14:02:32.1796620Z remote: Counting objects:  86% (215/249)        
2021-06-11T14:02:32.1797406Z remote: Counting objects:  87% (217/249)        
2021-06-11T14:02:32.1798402Z remote: Counting objects:  88% (220/249)        
2021-06-11T14:02:32.1799193Z remote: Counting objects:  89% (222/249)        
2021-06-11T14:02:32.1799967Z remote: Counting objects:  90% (225/249)        
2021-06-11T14:02:32.1800757Z remote: Counting objects:  91% (227/249)        
2021-06-11T14:02:32.1801543Z remote: Counting objects:  92% (230/249)        
2021-06-11T14:02:32.1802241Z remote: Counting objects:  93% (232/249)        
2021-06-11T14:02:32.1889349Z remote: Counting objects:  94% (235/249)        
2021-06-11T14:02:32.1890338Z remote: Counting objects:  95% (237/249)        
2021-06-11T14:02:32.1891156Z remote: Counting objects:  96% (240/249)        
2021-06-11T14:02:32.1891943Z remote: Counting objects:  97% (242/249)        
2021-06-11T14:02:32.1892780Z remote: Counting objects:  98% (245/249)        
2021-06-11T14:02:32.1893575Z remote: Counting objects:  99% (247/249)        
2021-06-11T14:02:32.1894372Z remote: Counting objects: 100% (249/249)        
2021-06-11T14:02:32.1895205Z remote: Counting objects: 100% (249/249), done.        
2021-06-11T14:02:32.1896036Z remote: Compressing objects:   0% (1/126)        
2021-06-11T14:02:32.1896880Z remote: Compressing objects:   1% (2/126)        
2021-06-11T14:02:32.1897719Z remote: Compressing objects:   2% (3/126)        
2021-06-11T14:02:32.1898534Z remote: Compressing objects:   3% (4/126)        
2021-06-11T14:02:32.1899368Z remote: Compressing objects:   4% (6/126)        
2021-06-11T14:02:32.1900374Z remote: Compressing objects:   5% (7/126)        
2021-06-11T14:02:32.1901213Z remote: Compressing objects:   6% (8/126)        
2021-06-11T14:02:32.1902052Z remote: Compressing objects:   7% (9/126)        
2021-06-11T14:02:32.1903121Z remote: Compressing objects:   8% (11/126)        
2021-06-11T14:02:32.1903980Z remote: Compressing objects:   9% (12/126)        
2021-06-11T14:02:32.1905357Z remote: Compressing objects:  10% (13/126)        
2021-06-11T14:02:32.1906329Z remote: Compressing objects:  11% (14/126)        
2021-06-11T14:02:32.1907207Z remote: Compressing objects:  12% (16/126)        
2021-06-11T14:02:32.1908029Z remote: Compressing objects:  13% (17/126)        
2021-06-11T14:02:32.1908868Z remote: Compressing objects:  14% (18/126)        
2021-06-11T14:02:32.1909696Z remote: Compressing objects:  15% (19/126)        
2021-06-11T14:02:32.1910518Z remote: Compressing objects:  16% (21/126)        
2021-06-11T14:02:32.1911360Z remote: Compressing objects:  17% (22/126)        
2021-06-11T14:02:32.1912178Z remote: Compressing objects:  18% (23/126)        
2021-06-11T14:02:32.1913018Z remote: Compressing objects:  19% (24/126)        
2021-06-11T14:02:32.1913856Z remote: Compressing objects:  20% (26/126)        
2021-06-11T14:02:32.1914680Z remote: Compressing objects:  21% (27/126)        
2021-06-11T14:02:32.1915513Z remote: Compressing objects:  22% (28/126)        
2021-06-11T14:02:32.1916337Z remote: Compressing objects:  23% (29/126)        
2021-06-11T14:02:32.1917170Z remote: Compressing objects:  24% (31/126)        
2021-06-11T14:02:32.1918021Z remote: Compressing objects:  25% (32/126)        
2021-06-11T14:02:32.1918849Z remote: Compressing objects:  26% (33/126)        
2021-06-11T14:02:32.1919688Z remote: Compressing objects:  27% (35/126)        
2021-06-11T14:02:32.1920451Z remote: Compressing objects:  28% (36/126)        
2021-06-11T14:02:32.1921270Z remote: Compressing objects:  29% (37/126)        
2021-06-11T14:02:32.1922107Z remote: Compressing objects:  30% (38/126)        
2021-06-11T14:02:32.1922929Z remote: Compressing objects:  31% (40/126)        
2021-06-11T14:02:32.1923766Z remote: Compressing objects:  32% (41/126)        
2021-06-11T14:02:32.1924601Z remote: Compressing objects:  33% (42/126)        
2021-06-11T14:02:32.1925433Z remote: Compressing objects:  34% (43/126)        
2021-06-11T14:02:32.1926275Z remote: Compressing objects:  35% (45/126)        
2021-06-11T14:02:32.1927091Z remote: Compressing objects:  36% (46/126)        
2021-06-11T14:02:32.1927921Z remote: Compressing objects:  37% (47/126)        
2021-06-11T14:02:32.1928990Z remote: Compressing objects:  38% (48/126)        
2021-06-11T14:02:32.1929815Z remote: Compressing objects:  39% (50/126)        
2021-06-11T14:02:32.1930659Z remote: Compressing objects:  40% (51/126)        
2021-06-11T14:02:32.1932066Z remote: Compressing objects:  41% (52/126)        
2021-06-11T14:02:32.1932951Z remote: Compressing objects:  42% (53/126)        
2021-06-11T14:02:32.1933794Z remote: Compressing objects:  43% (55/126)        
2021-06-11T14:02:32.1934621Z remote: Compressing objects:  44% (56/126)        
2021-06-11T14:02:32.1935462Z remote: Compressing objects:  45% (57/126)        
2021-06-11T14:02:32.1936296Z remote: Compressing objects:  46% (58/126)        
2021-06-11T14:02:32.1937133Z remote: Compressing objects:  47% (60/126)        
2021-06-11T14:02:32.1937975Z remote: Compressing objects:  48% (61/126)        
2021-06-11T14:02:32.1938796Z remote: Compressing objects:  49% (62/126)        
2021-06-11T14:02:32.1939722Z remote: Compressing objects:  50% (63/126)        
2021-06-11T14:02:32.1940466Z remote: Compressing objects:  51% (65/126)        
2021-06-11T14:02:32.1941302Z remote: Compressing objects:  52% (66/126)        
2021-06-11T14:02:32.1942132Z remote: Compressing objects:  53% (67/126)        
2021-06-11T14:02:32.1942906Z remote: Compressing objects:  54% (69/126)        
2021-06-11T14:02:32.1943631Z remote: Compressing objects:  55% (70/126)        
2021-06-11T14:02:32.1944331Z remote: Compressing objects:  56% (71/126)        
2021-06-11T14:02:32.1945050Z remote: Compressing objects:  57% (72/126)        
2021-06-11T14:02:32.1945768Z remote: Compressing objects:  58% (74/126)        
2021-06-11T14:02:32.1946615Z remote: Compressing objects:  59% (75/126)        
2021-06-11T14:02:32.1947608Z remote: Compressing objects:  60% (76/126)        
2021-06-11T14:02:32.1948447Z remote: Compressing objects:  61% (77/126)        
2021-06-11T14:02:32.1949258Z remote: Compressing objects:  62% (79/126)        
2021-06-11T14:02:32.1950110Z remote: Compressing objects:  63% (80/126)        
2021-06-11T14:02:32.1950935Z remote: Compressing objects:  64% (81/126)        
2021-06-11T14:02:32.1951777Z remote: Compressing objects:  65% (82/126)        
2021-06-11T14:02:32.1952618Z remote: Compressing objects:  66% (84/126)        
2021-06-11T14:02:32.1953442Z remote: Compressing objects:  67% (85/126)        
2021-06-11T14:02:32.1954284Z remote: Compressing objects:  68% (86/126)        
2021-06-11T14:02:32.1955107Z remote: Compressing objects:  69% (87/126)        
2021-06-11T14:02:32.1955939Z remote: Compressing objects:  70% (89/126)        
2021-06-11T14:02:32.1956775Z remote: Compressing objects:  71% (90/126)        
2021-06-11T14:02:32.1957637Z remote: Compressing objects:  72% (91/126)        
2021-06-11T14:02:32.1958469Z remote: Compressing objects:  73% (92/126)        
2021-06-11T14:02:32.1959295Z remote: Compressing objects:  74% (94/126)        
2021-06-11T14:02:32.1960132Z remote: Compressing objects:  75% (95/126)        
2021-06-11T14:02:32.1960977Z remote: Compressing objects:  76% (96/126)        
2021-06-11T14:02:32.1961798Z remote: Compressing objects:  77% (98/126)        
2021-06-11T14:02:32.1962631Z remote: Compressing objects:  78% (99/126)        
2021-06-11T14:02:32.1963451Z remote: Compressing objects:  79% (100/126)        
2021-06-11T14:02:32.1964278Z remote: Compressing objects:  80% (101/126)        
2021-06-11T14:02:32.1965113Z remote: Compressing objects:  81% (103/126)        
2021-06-11T14:02:32.1965939Z remote: Compressing objects:  82% (104/126)        
2021-06-11T14:02:32.1966776Z remote: Compressing objects:  83% (105/126)        
2021-06-11T14:02:32.1967602Z remote: Compressing objects:  84% (106/126)        
2021-06-11T14:02:32.1968437Z remote: Compressing objects:  85% (108/126)        
2021-06-11T14:02:32.1969270Z remote: Compressing objects:  86% (109/126)        
2021-06-11T14:02:32.1970091Z remote: Compressing objects:  87% (110/126)        
2021-06-11T14:02:32.1970928Z remote: Compressing objects:  88% (111/126)        
2021-06-11T14:02:32.1971921Z remote: Compressing objects:  89% (113/126)        
2021-06-11T14:02:32.1972754Z remote: Compressing objects:  90% (114/126)        
2021-06-11T14:02:32.1973578Z remote: Compressing objects:  91% (115/126)        
2021-06-11T14:02:32.1974856Z remote: Compressing objects:  92% (116/126)        
2021-06-11T14:02:32.1975818Z remote: Compressing objects:  93% (118/126)        
2021-06-11T14:02:32.1976652Z remote: Compressing objects:  94% (119/126)        
2021-06-11T14:02:32.1977493Z remote: Compressing objects:  95% (120/126)        
2021-06-11T14:02:32.1978321Z remote: Compressing objects:  96% (121/126)        
2021-06-11T14:02:32.1979159Z remote: Compressing objects:  97% (123/126)        
2021-06-11T14:02:32.1980731Z remote: Compressing objects:  98% (124/126)        
2021-06-11T14:02:32.1982424Z remote: Compressing objects:  99% (125/126)        
2021-06-11T14:02:32.1983292Z remote: Compressing objects: 100% (126/126)        
2021-06-11T14:02:32.1984170Z remote: Compressing objects: 100% (126/126), done.        
2021-06-11T14:02:32.1984980Z Receiving objects:   0% (1/595)
2021-06-11T14:02:32.1985708Z Receiving objects:   1% (6/595)
2021-06-11T14:02:32.1986431Z Receiving objects:   2% (12/595)
2021-06-11T14:02:32.1987918Z Receiving objects:   3% (18/595)
2021-06-11T14:02:32.1988801Z Receiving objects:   4% (24/595)
2021-06-11T14:02:32.1989537Z Receiving objects:   5% (30/595)
2021-06-11T14:02:32.1990273Z Receiving objects:   6% (36/595)
2021-06-11T14:02:32.1990995Z Receiving objects:   7% (42/595)
2021-06-11T14:02:32.1991728Z Receiving objects:   8% (48/595)
2021-06-11T14:02:32.1992469Z Receiving objects:   9% (54/595)
2021-06-11T14:02:32.1993185Z Receiving objects:  10% (60/595)
2021-06-11T14:02:32.1994100Z Receiving objects:  11% (66/595)
2021-06-11T14:02:32.1994840Z Receiving objects:  12% (72/595)
2021-06-11T14:02:32.1995572Z Receiving objects:  13% (78/595)
2021-06-11T14:02:32.1996307Z Receiving objects:  14% (84/595)
2021-06-11T14:02:32.1997022Z Receiving objects:  15% (90/595)
2021-06-11T14:02:32.1997761Z Receiving objects:  16% (96/595)
2021-06-11T14:02:32.1998477Z Receiving objects:  17% (102/595)
2021-06-11T14:02:32.1999211Z Receiving objects:  18% (108/595)
2021-06-11T14:02:32.1999946Z Receiving objects:  19% (114/595)
2021-06-11T14:02:32.2000662Z Receiving objects:  20% (119/595)
2021-06-11T14:02:32.2001436Z Receiving objects:  21% (125/595)
2021-06-11T14:02:32.2002892Z Receiving objects:  22% (131/595)
2021-06-11T14:02:32.2003657Z Receiving objects:  23% (137/595)
2021-06-11T14:02:32.2004396Z Receiving objects:  24% (143/595)
2021-06-11T14:02:32.2005120Z Receiving objects:  25% (149/595)
2021-06-11T14:02:32.2005857Z Receiving objects:  26% (155/595)
2021-06-11T14:02:32.2006585Z Receiving objects:  27% (161/595)
2021-06-11T14:02:32.2007333Z Receiving objects:  28% (167/595)
2021-06-11T14:02:32.2008070Z Receiving objects:  29% (173/595)
2021-06-11T14:02:32.2008789Z Receiving objects:  30% (179/595)
2021-06-11T14:02:32.2009524Z Receiving objects:  31% (185/595)
2021-06-11T14:02:32.2010253Z Receiving objects:  32% (191/595)
2021-06-11T14:02:32.2010981Z Receiving objects:  33% (197/595)
2021-06-11T14:02:32.2011721Z Receiving objects:  34% (203/595)
2021-06-11T14:02:32.2012450Z Receiving objects:  35% (209/595)
2021-06-11T14:02:32.2013181Z Receiving objects:  36% (215/595)
2021-06-11T14:02:32.2013902Z Receiving objects:  37% (221/595)
2021-06-11T14:02:32.2014642Z Receiving objects:  38% (227/595)
2021-06-11T14:02:32.2015383Z Receiving objects:  39% (233/595)
2021-06-11T14:02:32.2016101Z Receiving objects:  40% (238/595)
2021-06-11T14:02:32.2017622Z Receiving objects:  41% (244/595)
2021-06-11T14:02:32.2018938Z Receiving objects:  42% (250/595)
2021-06-11T14:02:32.2020098Z Receiving objects:  43% (256/595)
2021-06-11T14:02:32.2021075Z Receiving objects:  44% (262/595)
2021-06-11T14:02:32.2021800Z Receiving objects:  45% (268/595)
2021-06-11T14:02:32.2023069Z Receiving objects:  46% (274/595)
2021-06-11T14:02:32.2023908Z Receiving objects:  47% (280/595)
2021-06-11T14:02:32.2024855Z Receiving objects:  48% (286/595)
2021-06-11T14:02:32.2025591Z Receiving objects:  49% (292/595)
2021-06-11T14:02:32.2026312Z Receiving objects:  50% (298/595)
2021-06-11T14:02:32.2027653Z Receiving objects:  51% (304/595)
2021-06-11T14:02:32.2028397Z Receiving objects:  52% (310/595)
2021-06-11T14:02:32.2030358Z Receiving objects:  53% (316/595)
2021-06-11T14:02:32.2031145Z Receiving objects:  54% (322/595)
2021-06-11T14:02:32.2031882Z Receiving objects:  55% (328/595)
2021-06-11T14:02:32.2032615Z Receiving objects:  56% (334/595)
2021-06-11T14:02:32.2033338Z Receiving objects:  57% (340/595)
2021-06-11T14:02:32.2034073Z Receiving objects:  58% (346/595)
2021-06-11T14:02:32.2034804Z Receiving objects:  59% (352/595)
2021-06-11T14:02:32.2035538Z Receiving objects:  60% (357/595)
2021-06-11T14:02:32.2036275Z Receiving objects:  61% (363/595)
2021-06-11T14:02:32.2036998Z Receiving objects:  62% (369/595)
2021-06-11T14:02:32.2037729Z Receiving objects:  63% (375/595)
2021-06-11T14:02:32.2038473Z Receiving objects:  64% (381/595)
2021-06-11T14:02:32.2039183Z Receiving objects:  65% (387/595)
2021-06-11T14:02:32.2039912Z Receiving objects:  66% (393/595)
2021-06-11T14:02:32.2040643Z Receiving objects:  67% (399/595)
2021-06-11T14:02:32.2041763Z Receiving objects:  68% (405/595)
2021-06-11T14:02:32.2042730Z Receiving objects:  69% (411/595)
2021-06-11T14:02:32.2043451Z Receiving objects:  70% (417/595)
2021-06-11T14:02:32.2044184Z Receiving objects:  71% (423/595)
2021-06-11T14:02:32.2044905Z Receiving objects:  72% (429/595)
2021-06-11T14:02:32.2046462Z Receiving objects:  73% (435/595)
2021-06-11T14:02:32.2047361Z Receiving objects:  74% (441/595)
2021-06-11T14:02:32.2048084Z Receiving objects:  75% (447/595)
2021-06-11T14:02:32.2048992Z Receiving objects:  76% (453/595)
2021-06-11T14:02:32.2049733Z Receiving objects:  77% (459/595)
2021-06-11T14:02:32.2050467Z Receiving objects:  78% (465/595)
2021-06-11T14:02:32.2051204Z Receiving objects:  79% (471/595)
2021-06-11T14:02:32.2051915Z Receiving objects:  80% (476/595)
2021-06-11T14:02:32.2052588Z Receiving objects:  81% (482/595)
2021-06-11T14:02:32.2054051Z Receiving objects:  82% (488/595)
2021-06-11T14:02:32.2054926Z Receiving objects:  83% (494/595)
2021-06-11T14:02:32.2055648Z Receiving objects:  84% (500/595)
2021-06-11T14:02:32.2056377Z Receiving objects:  85% (506/595)
2021-06-11T14:02:32.2057113Z Receiving objects:  86% (512/595)
2021-06-11T14:02:32.2057823Z Receiving objects:  87% (518/595)
2021-06-11T14:02:32.2058554Z Receiving objects:  88% (524/595)
2021-06-11T14:02:32.2060218Z remote: Total 595 (delta 129), reused 147 (delta 109), pack-reused 346        
2021-06-11T14:02:32.2061138Z Receiving objects:  89% (530/595)
2021-06-11T14:02:32.2061888Z Receiving objects:  90% (536/595)
2021-06-11T14:02:32.2062624Z Receiving objects:  91% (542/595)
2021-06-11T14:02:32.2063355Z Receiving objects:  92% (548/595)
2021-06-11T14:02:32.2064083Z Receiving objects:  93% (554/595)
2021-06-11T14:02:32.2064802Z Receiving objects:  94% (560/595)
2021-06-11T14:02:32.2066045Z Receiving objects:  95% (566/595)
2021-06-11T14:02:32.2066672Z Receiving objects:  96% (572/595)
2021-06-11T14:02:32.2067296Z Receiving objects:  97% (578/595)
2021-06-11T14:02:32.2067916Z Receiving objects:  98% (584/595)
2021-06-11T14:02:32.2068510Z Receiving objects:  99% (590/595)
2021-06-11T14:02:32.2069120Z Receiving objects: 100% (595/595)
2021-06-11T14:02:32.2069795Z Receiving objects: 100% (595/595), 174.95 KiB | 19.44 MiB/s, done.
2021-06-11T14:02:32.2070472Z Resolving deltas:   0% (0/309)
2021-06-11T14:02:32.2071060Z Resolving deltas:   1% (4/309)
2021-06-11T14:02:32.2071659Z Resolving deltas:   2% (7/309)
2021-06-11T14:02:32.2072238Z Resolving deltas:   3% (10/309)
2021-06-11T14:02:32.2072836Z Resolving deltas:   4% (13/309)
2021-06-11T14:02:32.2073444Z Resolving deltas:   5% (16/309)
2021-06-11T14:02:32.2074055Z Resolving deltas:   6% (19/309)
2021-06-11T14:02:32.2074667Z Resolving deltas:   7% (22/309)
2021-06-11T14:02:32.2075619Z Resolving deltas:   8% (25/309)
2021-06-11T14:02:32.2076434Z Resolving deltas:   9% (28/309)
2021-06-11T14:02:32.2077029Z Resolving deltas:  10% (31/309)
2021-06-11T14:02:32.2077630Z Resolving deltas:  11% (34/309)
2021-06-11T14:02:32.2078222Z Resolving deltas:  12% (38/309)
2021-06-11T14:02:32.2078825Z Resolving deltas:  13% (41/309)
2021-06-11T14:02:32.2079406Z Resolving deltas:  14% (44/309)
2021-06-11T14:02:32.2080007Z Resolving deltas:  15% (47/309)
2021-06-11T14:02:32.2080593Z Resolving deltas:  16% (50/309)
2021-06-11T14:02:32.2081195Z Resolving deltas:  17% (53/309)
2021-06-11T14:02:32.2082846Z Resolving deltas:  18% (56/309)
2021-06-11T14:02:32.2083467Z Resolving deltas:  19% (59/309)
2021-06-11T14:02:32.2084067Z Resolving deltas:  20% (62/309)
2021-06-11T14:02:32.2084651Z Resolving deltas:  21% (65/309)
2021-06-11T14:02:32.2085268Z Resolving deltas:  22% (68/309)
2021-06-11T14:02:32.2085858Z Resolving deltas:  23% (72/309)
2021-06-11T14:02:32.2086453Z Resolving deltas:  24% (75/309)
2021-06-11T14:02:32.2087604Z Resolving deltas:  25% (78/309)
2021-06-11T14:02:32.2088953Z Resolving deltas:  26% (81/309)
2021-06-11T14:02:32.2090053Z Resolving deltas:  27% (84/309)
2021-06-11T14:02:32.2090789Z Resolving deltas:  28% (87/309)
2021-06-11T14:02:32.2091500Z Resolving deltas:  29% (90/309)
2021-06-11T14:02:32.2092203Z Resolving deltas:  30% (93/309)
2021-06-11T14:02:32.2092918Z Resolving deltas:  31% (96/309)
2021-06-11T14:02:32.2093619Z Resolving deltas:  32% (99/309)
2021-06-11T14:02:32.2094341Z Resolving deltas:  33% (102/309)
2021-06-11T14:02:32.2095064Z Resolving deltas:  34% (106/309)
2021-06-11T14:02:32.2096395Z Resolving deltas:  35% (109/309)
2021-06-11T14:02:32.2097248Z Resolving deltas:  36% (112/309)
2021-06-11T14:02:32.2097967Z Resolving deltas:  37% (115/309)
2021-06-11T14:02:32.2098872Z Resolving deltas:  38% (118/309)
2021-06-11T14:02:32.2099751Z Resolving deltas:  39% (121/309)
2021-06-11T14:02:32.2100468Z Resolving deltas:  40% (124/309)
2021-06-11T14:02:32.2101194Z Resolving deltas:  41% (127/309)
2021-06-11T14:02:32.2101890Z Resolving deltas:  42% (130/309)
2021-06-11T14:02:32.2102625Z Resolving deltas:  43% (133/309)
2021-06-11T14:02:32.2103342Z Resolving deltas:  44% (136/309)
2021-06-11T14:02:32.2104038Z Resolving deltas:  45% (140/309)
2021-06-11T14:02:32.2105615Z Resolving deltas:  46% (143/309)
2021-06-11T14:02:32.2106726Z Resolving deltas:  47% (146/309)
2021-06-11T14:02:32.2107457Z Resolving deltas:  48% (149/309)
2021-06-11T14:02:32.2108176Z Resolving deltas:  49% (152/309)
2021-06-11T14:02:32.2108883Z Resolving deltas:  50% (155/309)
2021-06-11T14:02:32.2109598Z Resolving deltas:  51% (158/309)
2021-06-11T14:02:32.2110303Z Resolving deltas:  52% (161/309)
2021-06-11T14:02:32.2111021Z Resolving deltas:  53% (164/309)
2021-06-11T14:02:32.2112538Z Resolving deltas:  54% (167/309)
2021-06-11T14:02:32.2113309Z Resolving deltas:  55% (170/309)
2021-06-11T14:02:32.2114045Z Resolving deltas:  56% (174/309)
2021-06-11T14:02:32.2114753Z Resolving deltas:  57% (177/309)
2021-06-11T14:02:32.2115476Z Resolving deltas:  58% (180/309)
2021-06-11T14:02:32.2116233Z Resolving deltas:  59% (183/309)
2021-06-11T14:02:32.2116936Z Resolving deltas:  60% (186/309)
2021-06-11T14:02:32.2117651Z Resolving deltas:  61% (189/309)
2021-06-11T14:02:32.2118360Z Resolving deltas:  62% (192/309)
2021-06-11T14:02:32.2119072Z Resolving deltas:  63% (195/309)
2021-06-11T14:02:32.2119786Z Resolving deltas:  64% (198/309)
2021-06-11T14:02:32.2120484Z Resolving deltas:  65% (201/309)
2021-06-11T14:02:32.2121195Z Resolving deltas:  66% (204/309)
2021-06-11T14:02:32.2121902Z Resolving deltas:  67% (208/309)
2021-06-11T14:02:32.2122754Z Resolving deltas:  68% (211/309)
2021-06-11T14:02:32.2123567Z Resolving deltas:  69% (214/309)
2021-06-11T14:02:32.2124315Z Resolving deltas:  70% (217/309)
2021-06-11T14:02:32.2125158Z Resolving deltas:  71% (220/309)
2021-06-11T14:02:32.2126021Z Resolving deltas:  72% (223/309)
2021-06-11T14:02:32.2126823Z Resolving deltas:  73% (226/309)
2021-06-11T14:02:32.2127572Z Resolving deltas:  74% (229/309)
2021-06-11T14:02:32.2128366Z Resolving deltas:  75% (232/309)
2021-06-11T14:02:32.2129315Z Resolving deltas:  76% (235/309)
2021-06-11T14:02:32.2130170Z Resolving deltas:  77% (238/309)
2021-06-11T14:02:32.2130980Z Resolving deltas:  78% (242/309)
2021-06-11T14:02:32.2131729Z Resolving deltas:  79% (245/309)
2021-06-11T14:02:32.2132554Z Resolving deltas:  80% (248/309)
2021-06-11T14:02:32.2134045Z Resolving deltas:  81% (251/309)
2021-06-11T14:02:32.2135053Z Resolving deltas:  82% (254/309)
2021-06-11T14:02:32.2135866Z Resolving deltas:  83% (257/309)
2021-06-11T14:02:32.2136615Z Resolving deltas:  84% (260/309)
2021-06-11T14:02:32.2137438Z Resolving deltas:  85% (263/309)
2021-06-11T14:02:32.2138265Z Resolving deltas:  86% (266/309)
2021-06-11T14:02:32.2139102Z Resolving deltas:  87% (269/309)
2021-06-11T14:02:32.2140147Z Resolving deltas:  88% (272/309)
2021-06-11T14:02:32.2140906Z Resolving deltas:  89% (276/309)
2021-06-11T14:02:32.2141726Z Resolving deltas:  90% (279/309)
2021-06-11T14:02:32.2142476Z Resolving deltas:  91% (282/309)
2021-06-11T14:02:32.2143302Z Resolving deltas:  92% (285/309)
2021-06-11T14:02:32.2144682Z Resolving deltas:  93% (288/309)
2021-06-11T14:02:32.2145565Z Resolving deltas:  94% (291/309)
2021-06-11T14:02:32.2146398Z Resolving deltas:  95% (294/309)
2021-06-11T14:02:32.2147154Z Resolving deltas:  96% (297/309)
2021-06-11T14:02:32.2148004Z Resolving deltas:  97% (300/309)
2021-06-11T14:02:32.2148802Z Resolving deltas:  98% (303/309)
2021-06-11T14:02:32.2149553Z Resolving deltas:  99% (306/309)
2021-06-11T14:02:32.2150380Z Resolving deltas: 100% (309/309)
2021-06-11T14:02:32.2151148Z Resolving deltas: 100% (309/309), done.
2021-06-11T14:02:32.2152678Z From https://github.com/con/tinuous
2021-06-11T14:02:32.2154530Z  * [new branch]      gh-55                                    -> origin/gh-55
2021-06-11T14:02:32.2156477Z  * [new branch]      gh-93                                    -> origin/gh-93
2021-06-11T14:02:32.2158307Z  * [new branch]      gh-94                                    -> origin/gh-94
2021-06-11T14:02:32.2159489Z  * [new branch]      manual                                   -> origin/manual
2021-06-11T14:02:32.2161330Z  * [new branch]      master                                   -> origin/master
2021-06-11T14:02:32.2162836Z  * [new branch]      optional-types                           -> origin/optional-types
2021-06-11T14:02:32.2164195Z  * [new branch]      test-appveyor                            -> origin/test-appveyor
2021-06-11T14:02:32.2165411Z  * [new tag]         0.1.0                                    -> 0.1.0
2021-06-11T14:02:32.2166481Z  * [new tag]         0.2.0                                    -> 0.2.0
2021-06-11T14:02:32.2167673Z  * [new ref]         61013114d554d325cd17064ececce393ae517bd3 -> pull/97/merge
2021-06-11T14:02:32.2168813Z ##[endgroup]
2021-06-11T14:02:32.2169708Z ##[group]Determining the checkout info
2021-06-11T14:02:32.2170506Z ##[endgroup]
2021-06-11T14:02:32.2171330Z ##[group]Checking out the ref
2021-06-11T14:02:32.2172542Z [command]/usr/bin/git checkout --progress --force refs/remotes/pull/97/merge
2021-06-11T14:02:32.2173861Z Note: switching to 'refs/remotes/pull/97/merge'.
2021-06-11T14:02:32.2174485Z 
2021-06-11T14:02:32.2175493Z You are in 'detached HEAD' state. You can look around, make experimental
2021-06-11T14:02:32.2176527Z changes and commit them, and you can discard any commits you make in this
2021-06-11T14:02:32.2177550Z state without impacting any branches by switching back to a branch.
2021-06-11T14:02:32.2178067Z 
2021-06-11T14:02:32.2178989Z If you want to create a new branch to retain commits you create, you may
2021-06-11T14:02:32.2180442Z do so (now or later) by using -c with the switch command. Example:
2021-06-11T14:02:32.2181104Z 
2021-06-11T14:02:32.2182034Z   git switch -c <new-branch-name>
2021-06-11T14:02:32.2193689Z 
2021-06-11T14:02:32.2200750Z Or undo this operation with:
2021-06-11T14:02:32.2201200Z 
2021-06-11T14:02:32.2202169Z   git switch -
2021-06-11T14:02:32.2204246Z 
2021-06-11T14:02:32.2240883Z Turn off this advice by setting config variable advice.detachedHead to false
2021-06-11T14:02:32.2242242Z 
2021-06-11T14:02:32.2243923Z HEAD is now at 6101311 Merge 6160002676a19aa147f6f9888b84dd5d7255330a into 0f13cf6c84ed09599e0fb7da7803e2febaaa532e
2021-06-11T14:02:32.2245348Z ##[endgroup]
2021-06-11T14:02:32.2246600Z [command]/usr/bin/git log -1 --format='%H'
2021-06-11T14:02:32.2247770Z '61013114d554d325cd17064ececce393ae517bd3'
2021-06-11T14:02:32.2356174Z ##[group]Run actions/setup-python@v2
2021-06-11T14:02:32.2357047Z with:
2021-06-11T14:02:32.2357629Z   python-version: 3.8
2021-06-11T14:02:32.2358838Z   token: ***
2021-06-11T14:02:32.2359393Z ##[endgroup]
2021-06-11T14:02:32.3233989Z Successfully setup CPython (3.8.10)
2021-06-11T14:02:32.3305366Z ##[group]Run python -m pip install --upgrade pip wheel
2021-06-11T14:02:32.3306374Z [36;1mpython -m pip install --upgrade pip wheel[0m
2021-06-11T14:02:32.3307298Z [36;1mpython -m pip install --upgrade --upgrade-strategy=eager tox[0m
2021-06-11T14:02:32.3356528Z shell: /usr/bin/bash -e {0}
2021-06-11T14:02:32.3357199Z env:
2021-06-11T14:02:32.3358000Z   pythonLocation: /opt/hostedtoolcache/Python/3.8.10/x64
2021-06-11T14:02:32.3358989Z   LD_LIBRARY_PATH: /opt/hostedtoolcache/Python/3.8.10/x64/lib
2021-06-11T14:02:32.3359803Z ##[endgroup]
2021-06-11T14:02:33.0051233Z Requirement already satisfied: pip in /opt/hostedtoolcache/Python/3.8.10/x64/lib/python3.8/site-packages (21.1.2)
2021-06-11T14:02:33.2632439Z Collecting wheel
2021-06-11T14:02:33.2921196Z   Downloading wheel-0.36.2-py2.py3-none-any.whl (35 kB)
2021-06-11T14:02:33.3706372Z Installing collected packages: wheel
2021-06-11T14:02:33.4141706Z Successfully installed wheel-0.36.2
2021-06-11T14:02:34.2000711Z Collecting tox
2021-06-11T14:02:34.2354903Z   Downloading tox-3.23.1-py2.py3-none-any.whl (85 kB)
2021-06-11T14:02:34.3191780Z Collecting pluggy>=0.12.0
2021-06-11T14:02:34.3275000Z   Downloading pluggy-0.13.1-py2.py3-none-any.whl (18 kB)
2021-06-11T14:02:34.3881656Z Collecting six>=1.14.0
2021-06-11T14:02:34.3935886Z   Downloading six-1.16.0-py2.py3-none-any.whl (11 kB)
2021-06-11T14:02:34.4177626Z Collecting toml>=0.9.4
2021-06-11T14:02:34.4235343Z   Downloading toml-0.10.2-py2.py3-none-any.whl (16 kB)
2021-06-11T14:02:34.6849151Z Collecting virtualenv!=20.0.0,!=20.0.1,!=20.0.2,!=20.0.3,!=20.0.4,!=20.0.5,!=20.0.6,!=20.0.7,>=16.0.0
2021-06-11T14:02:34.6906885Z   Downloading virtualenv-20.4.7-py2.py3-none-any.whl (7.2 MB)
2021-06-11T14:02:34.9039878Z Collecting py>=1.4.17
2021-06-11T14:02:34.9106520Z   Downloading py-1.10.0-py2.py3-none-any.whl (97 kB)
2021-06-11T14:02:34.9748446Z Collecting packaging>=14
2021-06-11T14:02:34.9809698Z   Downloading packaging-20.9-py2.py3-none-any.whl (40 kB)
2021-06-11T14:02:35.0103050Z Collecting filelock>=3.0.0
2021-06-11T14:02:35.0152138Z   Downloading filelock-3.0.12-py3-none-any.whl (7.6 kB)
2021-06-11T14:02:35.1067987Z Collecting pyparsing>=2.0.2
2021-06-11T14:02:35.1140315Z   Downloading pyparsing-2.4.7-py2.py3-none-any.whl (67 kB)
2021-06-11T14:02:35.2064992Z Collecting distlib<1,>=0.3.1
2021-06-11T14:02:35.2127998Z   Downloading distlib-0.3.2-py2.py3-none-any.whl (338 kB)
2021-06-11T14:02:35.2584194Z Collecting appdirs<2,>=1.4.3
2021-06-11T14:02:35.2639215Z   Downloading appdirs-1.4.4-py2.py3-none-any.whl (9.6 kB)
2021-06-11T14:02:35.3917568Z Installing collected packages: six, pyparsing, filelock, distlib, appdirs, virtualenv, toml, py, pluggy, packaging, tox
2021-06-11T14:02:36.9128605Z Successfully installed appdirs-1.4.4 distlib-0.3.2 filelock-3.0.12 packaging-20.9 pluggy-0.13.1 py-1.10.0 pyparsing-2.4.7 six-1.16.0 toml-0.10.2 tox-3.23.1 virtualenv-20.4.7
2021-06-11T14:02:36.9290570Z ##[group]Run tox -e typing
2021-06-11T14:02:36.9291154Z [36;1mtox -e typing[0m
2021-06-11T14:02:36.9337428Z shell: /usr/bin/bash -e {0}
2021-06-11T14:02:36.9337888Z env:
2021-06-11T14:02:36.9338494Z   pythonLocation: /opt/hostedtoolcache/Python/3.8.10/x64
2021-06-11T14:02:36.9339325Z   LD_LIBRARY_PATH: /opt/hostedtoolcache/Python/3.8.10/x64/lib
2021-06-11T14:02:36.9340219Z ##[endgroup]
2021-06-11T14:02:37.2078265Z .package create: /home/runner/work/tinuous/tinuous/.tox/.package
2021-06-11T14:02:37.9246639Z .package installdeps: setuptools >= 46.4.0, wheel ~= 0.32
2021-06-11T14:02:41.9432697Z typing create: /home/runner/work/tinuous/tinuous/.tox/typing
2021-06-11T14:02:42.2503444Z typing installdeps: mypy~=0.900, types-python-dateutil, types-PyYAML, types-requests, pytest~=6.0, pytest-cov~=2.0, pytest-mock~=3.0
2021-06-11T14:02:48.8248198Z typing inst: /home/runner/work/tinuous/tinuous/.tox/.tmp/package/1/tinuous-0.2.0+56.g6101311.tar.gz
2021-06-11T14:03:00.4721664Z typing installed: attrs==21.2.0,certifi==2021.5.30,cffi==1.14.5,chardet==4.0.0,click==8.0.1,click-loglevel==0.4.0.post1,coverage==5.5,Deprecated==1.2.12,idna==2.10,in-place==0.5.0,iniconfig==1.1.1,mypy==0.902,mypy-extensions==0.4.3,packaging==20.9,pluggy==0.13.1,py==1.10.0,pycparser==2.20,pydantic==1.8.2,PyGithub==1.55,PyJWT==2.1.0,PyNaCl==1.4.0,pyparsing==2.4.7,pytest==6.2.4,pytest-cov==2.12.1,pytest-mock==3.6.1,python-dateutil==2.8.1,python-dotenv==0.17.1,PyYAML==5.4.1,requests==2.25.1,six==1.16.0,tinuous @ file:///home/runner/work/tinuous/tinuous/.tox/.tmp/package/1/tinuous-0.2.0%2B56.g6101311.tar.gz,toml==0.10.2,types-python-dateutil==0.1.2,types-PyYAML==0.1.6,types-requests==0.1.9,typing-extensions==3.10.0.0,urllib3==1.26.5,wrapt==1.12.1
2021-06-11T14:03:00.4767227Z typing run-test-pre: PYTHONHASHSEED='2991734208'
2021-06-11T14:03:00.4781490Z typing run-test: commands[0] | mypy src test
2021-06-11T14:03:10.0099629Z Success: no issues found in 10 source files
2021-06-11T14:03:10.7663797Z ___________________________________ summary ____________________________________
2021-06-11T14:03:10.7664420Z   typing: commands succeeded
2021-06-11T14:03:10.7664977Z   congratulations :)
2021-06-11T14:03:10.8057295Z Post job cleanup.
2021-06-11T14:03:10.9303199Z [command]/usr/bin/git version
2021-06-11T14:03:10.9355711Z git version 2.31.1
2021-06-11T14:03:10.9393155Z [command]/usr/bin/git config --local --name-only --get-regexp core\.sshCommand
2021-06-11T14:03:10.9437407Z [command]/usr/bin/git submodule foreach --recursive git config --local --name-only --get-regexp 'core\.sshCommand' && git config --local --unset-all 'core.sshCommand' || :
2021-06-11T14:03:10.9707887Z [command]/usr/bin/git config --local --name-only --get-regexp http\.https\:\/\/github\.com\/\.extraheader
2021-06-11T14:03:10.9736054Z http.https://github.com/.extraheader
2021-06-11T14:03:10.9747587Z [command]/usr/bin/git config --local --unset-all http.https://github.com/.extraheader
2021-06-11T14:03:10.9790158Z [command]/usr/bin/git submodule foreach --recursive git config --local --name-only --get-regexp 'http\.https\:\/\/github\.com\/\.extraheader' && git config --local --unset-all 'http.https://github.com/.extraheader' || :
2021-06-11T14:03:11.0151519Z Cleaning up orphan processes
