2023-05-15T16:59:55.4874369Z Requested labels: ubuntu-latest
2023-05-15T16:59:55.4874820Z Job defined at: con/tinuous/.github/workflows/test.yml@refs/heads/dependabot/github_actions/codespell-project/actions-codespell-2
2023-05-15T16:59:55.4874992Z Waiting for a runner to pick up this job...
2023-05-15T16:59:58.2971414Z Job is waiting for a hosted runner to come online.
2023-05-15T17:00:01.6721739Z Job is about to start running on the hosted runner: GitHub Actions 4 (hosted)
2023-05-15T17:00:05.2902076Z Current runner version: '2.304.0'
2023-05-15T17:00:05.2930043Z ##[group]Operating System
2023-05-15T17:00:05.2930551Z Ubuntu
2023-05-15T17:00:05.2930953Z 22.04.2
2023-05-15T17:00:05.2931523Z LTS
2023-05-15T17:00:05.2931782Z ##[endgroup]
2023-05-15T17:00:05.2932104Z ##[group]Runner Image
2023-05-15T17:00:05.2932497Z Image: ubuntu-22.04
2023-05-15T17:00:05.2932788Z Version: 20230507.1
2023-05-15T17:00:05.2933300Z Included Software: https://github.com/actions/runner-images/blob/ubuntu22/20230507.1/images/linux/Ubuntu2204-Readme.md
2023-05-15T17:00:05.2933939Z Image Release: https://github.com/actions/runner-images/releases/tag/ubuntu22%2F20230507.1
2023-05-15T17:00:05.2934383Z ##[endgroup]
2023-05-15T17:00:05.2934722Z ##[group]Runner Image Provisioner
2023-05-15T17:00:05.2935078Z 2.0.171.1
2023-05-15T17:00:05.2935367Z ##[endgroup]
2023-05-15T17:00:05.2936287Z ##[group]GITHUB_TOKEN Permissions
2023-05-15T17:00:05.2936953Z Actions: read
2023-05-15T17:00:05.2937268Z Checks: read
2023-05-15T17:00:05.2937743Z Contents: read
2023-05-15T17:00:05.2938225Z Deployments: read
2023-05-15T17:00:05.2938558Z Discussions: read
2023-05-15T17:00:05.2938829Z Issues: read
2023-05-15T17:00:05.2939141Z Metadata: read
2023-05-15T17:00:05.2939498Z Packages: read
2023-05-15T17:00:05.2939763Z Pages: read
2023-05-15T17:00:05.2940085Z PullRequests: read
2023-05-15T17:00:05.2940439Z RepositoryProjects: read
2023-05-15T17:00:05.2940756Z SecurityEvents: read
2023-05-15T17:00:05.2941114Z Statuses: read
2023-05-15T17:00:05.2941441Z ##[endgroup]
2023-05-15T17:00:05.2945159Z Secret source: Dependabot
2023-05-15T17:00:05.2945670Z Prepare workflow directory
2023-05-15T17:00:05.3683155Z Prepare all required actions
2023-05-15T17:00:05.3869562Z Getting action download info
2023-05-15T17:00:05.7162906Z Download action repository 'actions/checkout@v3' (SHA:8e5e7e5ab8b370d6c329ec480221332ada57f0ab)
2023-05-15T17:00:06.0989426Z Download action repository 'actions/setup-python@v4' (SHA:57ded4d7d5e986d7296eab16560982c6dd7c923b)
2023-05-15T17:00:06.3536400Z Download action repository 'codecov/codecov-action@v3' (SHA:894ff025c7b54547a9a2a1e9f228beae737ad3c2)
2023-05-15T17:00:06.7172284Z Complete job name: test (3.8, lint)
2023-05-15T17:00:06.8151575Z ##[group]Run actions/checkout@v3
2023-05-15T17:00:06.8151875Z with:
2023-05-15T17:00:06.8152094Z   fetch-depth: 0
2023-05-15T17:00:06.8152322Z   repository: con/tinuous
2023-05-15T17:00:06.8152788Z   token: ***
2023-05-15T17:00:06.8153000Z   ssh-strict: true
2023-05-15T17:00:06.8153232Z   persist-credentials: true
2023-05-15T17:00:06.8153448Z   clean: true
2023-05-15T17:00:06.8153641Z   lfs: false
2023-05-15T17:00:06.8153854Z   submodules: false
2023-05-15T17:00:06.8154081Z   set-safe-directory: true
2023-05-15T17:00:06.8154306Z ##[endgroup]
2023-05-15T17:00:07.1015475Z Syncing repository: con/tinuous
2023-05-15T17:00:07.1019181Z ##[group]Getting Git version info
2023-05-15T17:00:07.1019762Z Working directory is '/home/runner/work/tinuous/tinuous'
2023-05-15T17:00:07.1020307Z [command]/usr/bin/git version
2023-05-15T17:00:07.1187969Z git version 2.40.1
2023-05-15T17:00:07.1216807Z ##[endgroup]
2023-05-15T17:00:07.1236098Z Temporarily overriding HOME='/home/runner/work/_temp/f65b7b02-9b3c-4547-95c7-ccdbafdc96e2' before making global git config changes
2023-05-15T17:00:07.1237007Z Adding repository directory to the temporary git global config as a safe directory
2023-05-15T17:00:07.1240948Z [command]/usr/bin/git config --global --add safe.directory /home/runner/work/tinuous/tinuous
2023-05-15T17:00:07.1292025Z Deleting the contents of '/home/runner/work/tinuous/tinuous'
2023-05-15T17:00:07.1297259Z ##[group]Initializing the repository
2023-05-15T17:00:07.1301024Z [command]/usr/bin/git init /home/runner/work/tinuous/tinuous
2023-05-15T17:00:07.1389957Z hint: Using 'master' as the name for the initial branch. This default branch name
2023-05-15T17:00:07.1390899Z hint: is subject to change. To configure the initial branch name to use in all
2023-05-15T17:00:07.1391922Z hint: of your new repositories, which will suppress this warning, call:
2023-05-15T17:00:07.1392713Z hint: 
2023-05-15T17:00:07.1393184Z hint: 	git config --global init.defaultBranch <name>
2023-05-15T17:00:07.1393458Z hint: 
2023-05-15T17:00:07.1393807Z hint: Names commonly chosen instead of 'master' are 'main', 'trunk' and
2023-05-15T17:00:07.1394258Z hint: 'development'. The just-created branch can be renamed via this command:
2023-05-15T17:00:07.1394537Z hint: 
2023-05-15T17:00:07.1394767Z hint: 	git branch -m <name>
2023-05-15T17:00:07.1404395Z Initialized empty Git repository in /home/runner/work/tinuous/tinuous/.git/
2023-05-15T17:00:07.1418756Z [command]/usr/bin/git remote add origin https://github.com/con/tinuous
2023-05-15T17:00:07.1466052Z ##[endgroup]
2023-05-15T17:00:07.1466753Z ##[group]Disabling automatic garbage collection
2023-05-15T17:00:07.1469400Z [command]/usr/bin/git config --local gc.auto 0
2023-05-15T17:00:07.1503266Z ##[endgroup]
2023-05-15T17:00:07.1503873Z ##[group]Setting up auth
2023-05-15T17:00:07.1509959Z [command]/usr/bin/git config --local --name-only --get-regexp core\.sshCommand
2023-05-15T17:00:07.1544290Z [command]/usr/bin/git submodule foreach --recursive sh -c "git config --local --name-only --get-regexp 'core\.sshCommand' && git config --local --unset-all 'core.sshCommand' || :"
2023-05-15T17:00:07.1984030Z [command]/usr/bin/git config --local --name-only --get-regexp http\.https\:\/\/github\.com\/\.extraheader
2023-05-15T17:00:07.2014540Z [command]/usr/bin/git submodule foreach --recursive sh -c "git config --local --name-only --get-regexp 'http\.https\:\/\/github\.com\/\.extraheader' && git config --local --unset-all 'http.https://github.com/.extraheader' || :"
2023-05-15T17:00:07.2258708Z [command]/usr/bin/git config --local http.https://github.com/.extraheader AUTHORIZATION: basic ***
2023-05-15T17:00:07.2341774Z ##[endgroup]
2023-05-15T17:00:07.2342238Z ##[group]Fetching the repository
2023-05-15T17:00:07.2350130Z [command]/usr/bin/git -c protocol.version=2 fetch --prune --progress --no-recurse-submodules origin +refs/heads/*:refs/remotes/origin/* +refs/tags/*:refs/tags/*
2023-05-15T17:00:07.5804173Z remote: Enumerating objects: 1215, done.        
2023-05-15T17:00:07.5810470Z remote: Counting objects:   0% (1/437)        
2023-05-15T17:00:07.5817624Z remote: Counting objects:   1% (5/437)        
2023-05-15T17:00:07.5822061Z remote: Counting objects:   2% (9/437)        
2023-05-15T17:00:07.5825081Z remote: Counting objects:   3% (14/437)        
2023-05-15T17:00:07.5828155Z remote: Counting objects:   4% (18/437)        
2023-05-15T17:00:07.5830721Z remote: Counting objects:   5% (22/437)        
2023-05-15T17:00:07.5833287Z remote: Counting objects:   6% (27/437)        
2023-05-15T17:00:07.5835972Z remote: Counting objects:   7% (31/437)        
2023-05-15T17:00:07.5838579Z remote: Counting objects:   8% (35/437)        
2023-05-15T17:00:07.5842263Z remote: Counting objects:   9% (40/437)        
2023-05-15T17:00:07.5845112Z remote: Counting objects:  10% (44/437)        
2023-05-15T17:00:07.5846739Z remote: Counting objects:  11% (49/437)        
2023-05-15T17:00:07.5848719Z remote: Counting objects:  12% (53/437)        
2023-05-15T17:00:07.5850529Z remote: Counting objects:  13% (57/437)        
2023-05-15T17:00:07.5852587Z remote: Counting objects:  14% (62/437)        
2023-05-15T17:00:07.5854293Z remote: Counting objects:  15% (66/437)        
2023-05-15T17:00:07.5856096Z remote: Counting objects:  16% (70/437)        
2023-05-15T17:00:07.5857895Z remote: Counting objects:  17% (75/437)        
2023-05-15T17:00:07.5860941Z remote: Counting objects:  18% (79/437)        
2023-05-15T17:00:07.5862837Z remote: Counting objects:  19% (84/437)        
2023-05-15T17:00:07.5864616Z remote: Counting objects:  20% (88/437)        
2023-05-15T17:00:07.5866383Z remote: Counting objects:  21% (92/437)        
2023-05-15T17:00:07.5868089Z remote: Counting objects:  22% (97/437)        
2023-05-15T17:00:07.5869848Z remote: Counting objects:  23% (101/437)        
2023-05-15T17:00:07.5871573Z remote: Counting objects:  24% (105/437)        
2023-05-15T17:00:07.5873282Z remote: Counting objects:  25% (110/437)        
2023-05-15T17:00:07.5875096Z remote: Counting objects:  26% (114/437)        
2023-05-15T17:00:07.5876610Z remote: Counting objects:  27% (118/437)        
2023-05-15T17:00:07.5878245Z remote: Counting objects:  28% (123/437)        
2023-05-15T17:00:07.5879714Z remote: Counting objects:  29% (127/437)        
2023-05-15T17:00:07.5881235Z remote: Counting objects:  30% (132/437)        
2023-05-15T17:00:07.5882745Z remote: Counting objects:  31% (136/437)        
2023-05-15T17:00:07.5883967Z remote: Counting objects:  32% (140/437)        
2023-05-15T17:00:07.5886619Z remote: Counting objects:  33% (145/437)        
2023-05-15T17:00:07.5889182Z remote: Counting objects:  34% (149/437)        
2023-05-15T17:00:07.5891897Z remote: Counting objects:  35% (153/437)        
2023-05-15T17:00:07.5894525Z remote: Counting objects:  36% (158/437)        
2023-05-15T17:00:07.5895142Z remote: Counting objects:  37% (162/437)        
2023-05-15T17:00:07.5895725Z remote: Counting objects:  38% (167/437)        
2023-05-15T17:00:07.5896741Z remote: Counting objects:  39% (171/437)        
2023-05-15T17:00:07.5897906Z remote: Counting objects:  40% (175/437)        
2023-05-15T17:00:07.5899013Z remote: Counting objects:  41% (180/437)        
2023-05-15T17:00:07.5900412Z remote: Counting objects:  42% (184/437)        
2023-05-15T17:00:07.5901389Z remote: Counting objects:  43% (188/437)        
2023-05-15T17:00:07.5902489Z remote: Counting objects:  44% (193/437)        
2023-05-15T17:00:07.5903488Z remote: Counting objects:  45% (197/437)        
2023-05-15T17:00:07.5904547Z remote: Counting objects:  46% (202/437)        
2023-05-15T17:00:07.5905573Z remote: Counting objects:  47% (206/437)        
2023-05-15T17:00:07.5906537Z remote: Counting objects:  48% (210/437)        
2023-05-15T17:00:07.5907592Z remote: Counting objects:  49% (215/437)        
2023-05-15T17:00:07.5908626Z remote: Counting objects:  50% (219/437)        
2023-05-15T17:00:07.5909553Z remote: Counting objects:  51% (223/437)        
2023-05-15T17:00:07.5910541Z remote: Counting objects:  52% (228/437)        
2023-05-15T17:00:07.5911970Z remote: Counting objects:  53% (232/437)        
2023-05-15T17:00:07.5912647Z remote: Counting objects:  54% (236/437)        
2023-05-15T17:00:07.5913663Z remote: Counting objects:  55% (241/437)        
2023-05-15T17:00:07.5914661Z remote: Counting objects:  56% (245/437)        
2023-05-15T17:00:07.5923050Z remote: Counting objects:  57% (250/437)        
2023-05-15T17:00:07.5923364Z remote: Counting objects:  58% (254/437)        
2023-05-15T17:00:07.5923624Z remote: Counting objects:  59% (258/437)        
2023-05-15T17:00:07.5923891Z remote: Counting objects:  60% (263/437)        
2023-05-15T17:00:07.5924161Z remote: Counting objects:  61% (267/437)        
2023-05-15T17:00:07.5924413Z remote: Counting objects:  62% (271/437)        
2023-05-15T17:00:07.5924678Z remote: Counting objects:  63% (276/437)        
2023-05-15T17:00:07.5924956Z remote: Counting objects:  64% (280/437)        
2023-05-15T17:00:07.5925232Z remote: Counting objects:  65% (285/437)        
2023-05-15T17:00:07.5925491Z remote: Counting objects:  66% (289/437)        
2023-05-15T17:00:07.5925751Z remote: Counting objects:  67% (293/437)        
2023-05-15T17:00:07.5926010Z remote: Counting objects:  68% (298/437)        
2023-05-15T17:00:07.5926261Z remote: Counting objects:  69% (302/437)        
2023-05-15T17:00:07.5926524Z remote: Counting objects:  70% (306/437)        
2023-05-15T17:00:07.5926789Z remote: Counting objects:  71% (311/437)        
2023-05-15T17:00:07.5927047Z remote: Counting objects:  72% (315/437)        
2023-05-15T17:00:07.5927292Z remote: Counting objects:  73% (320/437)        
2023-05-15T17:00:07.5927548Z remote: Counting objects:  74% (324/437)        
2023-05-15T17:00:07.5927874Z remote: Counting objects:  75% (328/437)        
2023-05-15T17:00:07.5928124Z remote: Counting objects:  76% (333/437)        
2023-05-15T17:00:07.5928386Z remote: Counting objects:  77% (337/437)        
2023-05-15T17:00:07.5928902Z remote: Counting objects:  78% (341/437)        
2023-05-15T17:00:07.5929155Z remote: Counting objects:  79% (346/437)        
2023-05-15T17:00:07.5929415Z remote: Counting objects:  80% (350/437)        
2023-05-15T17:00:07.5929677Z remote: Counting objects:  81% (354/437)        
2023-05-15T17:00:07.5929923Z remote: Counting objects:  82% (359/437)        
2023-05-15T17:00:07.5930188Z remote: Counting objects:  83% (363/437)        
2023-05-15T17:00:07.5930449Z remote: Counting objects:  84% (368/437)        
2023-05-15T17:00:07.5930708Z remote: Counting objects:  85% (372/437)        
2023-05-15T17:00:07.5930955Z remote: Counting objects:  86% (376/437)        
2023-05-15T17:00:07.5931362Z remote: Counting objects:  87% (381/437)        
2023-05-15T17:00:07.5931625Z remote: Counting objects:  88% (385/437)        
2023-05-15T17:00:07.5931873Z remote: Counting objects:  89% (389/437)        
2023-05-15T17:00:07.5932134Z remote: Counting objects:  90% (394/437)        
2023-05-15T17:00:07.5932405Z remote: Counting objects:  91% (398/437)        
2023-05-15T17:00:07.5932667Z remote: Counting objects:  92% (403/437)        
2023-05-15T17:00:07.5932929Z remote: Counting objects:  93% (407/437)        
2023-05-15T17:00:07.5933190Z remote: Counting objects:  94% (411/437)        
2023-05-15T17:00:07.5933437Z remote: Counting objects:  95% (416/437)        
2023-05-15T17:00:07.5933698Z remote: Counting objects:  96% (420/437)        
2023-05-15T17:00:07.5933955Z remote: Counting objects:  97% (424/437)        
2023-05-15T17:00:07.5934217Z remote: Counting objects:  98% (429/437)        
2023-05-15T17:00:07.5934461Z remote: Counting objects:  99% (433/437)        
2023-05-15T17:00:07.5934716Z remote: Counting objects: 100% (437/437)        
2023-05-15T17:00:07.5934988Z remote: Counting objects: 100% (437/437), done.        
2023-05-15T17:00:07.5935266Z remote: Compressing objects:   0% (1/240)        
2023-05-15T17:00:07.5935544Z remote: Compressing objects:   1% (3/240)        
2023-05-15T17:00:07.5935825Z remote: Compressing objects:   2% (5/240)        
2023-05-15T17:00:07.5936254Z remote: Compressing objects:   3% (8/240)        
2023-05-15T17:00:07.5936543Z remote: Compressing objects:   4% (10/240)        
2023-05-15T17:00:07.5936827Z remote: Compressing objects:   5% (12/240)        
2023-05-15T17:00:07.5939523Z remote: Compressing objects:   6% (15/240)        
2023-05-15T17:00:07.5941850Z remote: Compressing objects:   7% (17/240)        
2023-05-15T17:00:07.5942153Z remote: Compressing objects:   8% (20/240)        
2023-05-15T17:00:07.5942438Z remote: Compressing objects:   9% (22/240)        
2023-05-15T17:00:07.5942701Z remote: Compressing objects:  10% (24/240)        
2023-05-15T17:00:07.5942980Z remote: Compressing objects:  11% (27/240)        
2023-05-15T17:00:07.5943257Z remote: Compressing objects:  12% (29/240)        
2023-05-15T17:00:07.5943521Z remote: Compressing objects:  13% (32/240)        
2023-05-15T17:00:07.5943795Z remote: Compressing objects:  14% (34/240)        
2023-05-15T17:00:07.5971460Z remote: Compressing objects:  15% (36/240)        
2023-05-15T17:00:07.5971806Z remote: Compressing objects:  16% (39/240)        
2023-05-15T17:00:07.5972078Z remote: Compressing objects:  17% (41/240)        
2023-05-15T17:00:07.5972361Z remote: Compressing objects:  18% (44/240)        
2023-05-15T17:00:07.5972644Z remote: Compressing objects:  19% (46/240)        
2023-05-15T17:00:07.5972906Z remote: Compressing objects:  20% (48/240)        
2023-05-15T17:00:07.5973184Z remote: Compressing objects:  21% (51/240)        
2023-05-15T17:00:07.5973462Z remote: Compressing objects:  22% (53/240)        
2023-05-15T17:00:07.5973721Z remote: Compressing objects:  23% (56/240)        
2023-05-15T17:00:07.5973996Z remote: Compressing objects:  24% (58/240)        
2023-05-15T17:00:07.5974270Z remote: Compressing objects:  25% (60/240)        
2023-05-15T17:00:07.5974546Z remote: Compressing objects:  26% (63/240)        
2023-05-15T17:00:07.6001523Z remote: Compressing objects:  27% (65/240)        
2023-05-15T17:00:07.6001838Z remote: Compressing objects:  28% (68/240)        
2023-05-15T17:00:07.6002141Z remote: Compressing objects:  29% (70/240)        
2023-05-15T17:00:07.6002430Z remote: Compressing objects:  30% (72/240)        
2023-05-15T17:00:07.6002699Z remote: Compressing objects:  31% (75/240)        
2023-05-15T17:00:07.6002978Z remote: Compressing objects:  32% (77/240)        
2023-05-15T17:00:07.6003257Z remote: Compressing objects:  33% (80/240)        
2023-05-15T17:00:07.6003520Z remote: Compressing objects:  34% (82/240)        
2023-05-15T17:00:07.6003798Z remote: Compressing objects:  35% (84/240)        
2023-05-15T17:00:07.6004150Z remote: Compressing objects:  36% (87/240)        
2023-05-15T17:00:07.6004432Z remote: Compressing objects:  37% (89/240)        
2023-05-15T17:00:07.6004691Z remote: Compressing objects:  38% (92/240)        
2023-05-15T17:00:07.6004969Z remote: Compressing objects:  39% (94/240)        
2023-05-15T17:00:07.6005256Z remote: Compressing objects:  40% (96/240)        
2023-05-15T17:00:07.6005516Z remote: Compressing objects:  41% (99/240)        
2023-05-15T17:00:07.6005803Z remote: Compressing objects:  42% (101/240)        
2023-05-15T17:00:07.6006087Z remote: Compressing objects:  43% (104/240)        
2023-05-15T17:00:07.6006353Z remote: Compressing objects:  44% (106/240)        
2023-05-15T17:00:07.6006634Z remote: Compressing objects:  45% (108/240)        
2023-05-15T17:00:07.6006910Z remote: Compressing objects:  46% (111/240)        
2023-05-15T17:00:07.6007186Z remote: Compressing objects:  47% (113/240)        
2023-05-15T17:00:07.6007451Z remote: Compressing objects:  48% (116/240)        
2023-05-15T17:00:07.6007727Z remote: Compressing objects:  49% (118/240)        
2023-05-15T17:00:07.6007998Z remote: Compressing objects:  50% (120/240)        
2023-05-15T17:00:07.6008256Z remote: Compressing objects:  51% (123/240)        
2023-05-15T17:00:07.6008530Z remote: Compressing objects:  52% (125/240)        
2023-05-15T17:00:07.6008810Z remote: Compressing objects:  53% (128/240)        
2023-05-15T17:00:07.6009292Z remote: Compressing objects:  54% (130/240)        
2023-05-15T17:00:07.6009582Z remote: Compressing objects:  55% (132/240)        
2023-05-15T17:00:07.6010827Z remote: Compressing objects:  56% (135/240)        
2023-05-15T17:00:07.6012152Z remote: Compressing objects:  57% (137/240)        
2023-05-15T17:00:07.6012460Z remote: Compressing objects:  58% (140/240)        
2023-05-15T17:00:07.6012742Z remote: Compressing objects:  59% (142/240)        
2023-05-15T17:00:07.6014210Z remote: Compressing objects:  60% (144/240)        
2023-05-15T17:00:07.6014503Z remote: Compressing objects:  61% (147/240)        
2023-05-15T17:00:07.6014784Z remote: Compressing objects:  62% (149/240)        
2023-05-15T17:00:07.6015058Z remote: Compressing objects:  63% (152/240)        
2023-05-15T17:00:07.6015316Z remote: Compressing objects:  64% (154/240)        
2023-05-15T17:00:07.6015592Z remote: Compressing objects:  65% (156/240)        
2023-05-15T17:00:07.6015881Z remote: Compressing objects:  66% (159/240)        
2023-05-15T17:00:07.6016147Z remote: Compressing objects:  67% (161/240)        
2023-05-15T17:00:07.6016426Z remote: Compressing objects:  68% (164/240)        
2023-05-15T17:00:07.6016698Z remote: Compressing objects:  69% (166/240)        
2023-05-15T17:00:07.6016969Z remote: Compressing objects:  70% (168/240)        
2023-05-15T17:00:07.6017229Z remote: Compressing objects:  71% (171/240)        
2023-05-15T17:00:07.6017503Z remote: Compressing objects:  72% (173/240)        
2023-05-15T17:00:07.6017773Z remote: Compressing objects:  73% (176/240)        
2023-05-15T17:00:07.6018032Z remote: Compressing objects:  74% (178/240)        
2023-05-15T17:00:07.6018302Z remote: Compressing objects:  75% (180/240)        
2023-05-15T17:00:07.6018572Z remote: Compressing objects:  76% (183/240)        
2023-05-15T17:00:07.6018828Z remote: Compressing objects:  77% (185/240)        
2023-05-15T17:00:07.6019309Z remote: Compressing objects:  78% (188/240)        
2023-05-15T17:00:07.6019586Z remote: Compressing objects:  79% (190/240)        
2023-05-15T17:00:07.6019865Z remote: Compressing objects:  80% (192/240)        
2023-05-15T17:00:07.6020126Z remote: Compressing objects:  81% (195/240)        
2023-05-15T17:00:07.6021352Z remote: Compressing objects:  82% (197/240)        
2023-05-15T17:00:07.6021674Z remote: Compressing objects:  83% (200/240)        
2023-05-15T17:00:07.6021934Z remote: Compressing objects:  84% (202/240)        
2023-05-15T17:00:07.6022211Z remote: Compressing objects:  85% (204/240)        
2023-05-15T17:00:07.6022487Z remote: Compressing objects:  86% (207/240)        
2023-05-15T17:00:07.6022747Z remote: Compressing objects:  87% (209/240)        
2023-05-15T17:00:07.6023022Z remote: Compressing objects:  88% (212/240)        
2023-05-15T17:00:07.6023298Z remote: Compressing objects:  89% (214/240)        
2023-05-15T17:00:07.6024320Z remote: Compressing objects:  90% (216/240)        
2023-05-15T17:00:07.6024644Z remote: Compressing objects:  91% (219/240)        
2023-05-15T17:00:07.6025747Z remote: Compressing objects:  92% (221/240)        
2023-05-15T17:00:07.6026027Z remote: Compressing objects:  93% (224/240)        
2023-05-15T17:00:07.6026304Z remote: Compressing objects:  94% (226/240)        
2023-05-15T17:00:07.6026564Z remote: Compressing objects:  95% (228/240)        
2023-05-15T17:00:07.6026842Z remote: Compressing objects:  96% (231/240)        
2023-05-15T17:00:07.6027115Z remote: Compressing objects:  97% (233/240)        
2023-05-15T17:00:07.6027386Z remote: Compressing objects:  98% (236/240)        
2023-05-15T17:00:07.6027644Z remote: Compressing objects:  99% (238/240)        
2023-05-15T17:00:07.6027913Z remote: Compressing objects: 100% (240/240)        
2023-05-15T17:00:07.6028200Z remote: Compressing objects: 100% (240/240), done.        
2023-05-15T17:00:07.6070941Z Receiving objects:   0% (1/1215)
2023-05-15T17:00:07.6071267Z Receiving objects:   1% (13/1215)
2023-05-15T17:00:07.6071534Z Receiving objects:   2% (25/1215)
2023-05-15T17:00:07.6071761Z Receiving objects:   3% (37/1215)
2023-05-15T17:00:07.6072201Z Receiving objects:   4% (49/1215)
2023-05-15T17:00:07.6072448Z Receiving objects:   5% (61/1215)
2023-05-15T17:00:07.6072688Z Receiving objects:   6% (73/1215)
2023-05-15T17:00:07.6072915Z Receiving objects:   7% (86/1215)
2023-05-15T17:00:07.6073144Z Receiving objects:   8% (98/1215)
2023-05-15T17:00:07.6081463Z Receiving objects:   9% (110/1215)
2023-05-15T17:00:07.6084559Z Receiving objects:  10% (122/1215)
2023-05-15T17:00:07.6089099Z Receiving objects:  11% (134/1215)
2023-05-15T17:00:07.6092598Z Receiving objects:  12% (146/1215)
2023-05-15T17:00:07.6094691Z Receiving objects:  13% (158/1215)
2023-05-15T17:00:07.6096887Z Receiving objects:  14% (171/1215)
2023-05-15T17:00:07.6099607Z Receiving objects:  15% (183/1215)
2023-05-15T17:00:07.6104335Z Receiving objects:  16% (195/1215)
2023-05-15T17:00:07.6107980Z Receiving objects:  17% (207/1215)
2023-05-15T17:00:07.6110271Z Receiving objects:  18% (219/1215)
2023-05-15T17:00:07.6113671Z Receiving objects:  19% (231/1215)
2023-05-15T17:00:07.6118081Z Receiving objects:  20% (243/1215)
2023-05-15T17:00:07.6123081Z Receiving objects:  21% (256/1215)
2023-05-15T17:00:07.6127158Z Receiving objects:  22% (268/1215)
2023-05-15T17:00:07.6131642Z Receiving objects:  23% (280/1215)
2023-05-15T17:00:07.6134471Z Receiving objects:  24% (292/1215)
2023-05-15T17:00:07.6136744Z Receiving objects:  25% (304/1215)
2023-05-15T17:00:07.6139542Z Receiving objects:  26% (316/1215)
2023-05-15T17:00:07.6142042Z Receiving objects:  27% (329/1215)
2023-05-15T17:00:07.6145486Z Receiving objects:  28% (341/1215)
2023-05-15T17:00:07.6147722Z Receiving objects:  29% (353/1215)
2023-05-15T17:00:07.6149920Z Receiving objects:  30% (365/1215)
2023-05-15T17:00:07.6152004Z Receiving objects:  31% (377/1215)
2023-05-15T17:00:07.6154138Z Receiving objects:  32% (389/1215)
2023-05-15T17:00:07.6156913Z Receiving objects:  33% (401/1215)
2023-05-15T17:00:07.6159465Z Receiving objects:  34% (414/1215)
2023-05-15T17:00:07.6161601Z Receiving objects:  35% (426/1215)
2023-05-15T17:00:07.6163765Z Receiving objects:  36% (438/1215)
2023-05-15T17:00:07.6166732Z Receiving objects:  37% (450/1215)
2023-05-15T17:00:07.6168734Z Receiving objects:  38% (462/1215)
2023-05-15T17:00:07.6172131Z Receiving objects:  39% (474/1215)
2023-05-15T17:00:07.6174641Z Receiving objects:  40% (486/1215)
2023-05-15T17:00:07.6177273Z Receiving objects:  41% (499/1215)
2023-05-15T17:00:07.6179680Z Receiving objects:  42% (511/1215)
2023-05-15T17:00:07.6182334Z Receiving objects:  43% (523/1215)
2023-05-15T17:00:07.6194282Z Receiving objects:  44% (535/1215)
2023-05-15T17:00:07.6196800Z Receiving objects:  45% (547/1215)
2023-05-15T17:00:07.6200992Z Receiving objects:  46% (559/1215)
2023-05-15T17:00:07.6206244Z Receiving objects:  47% (572/1215)
2023-05-15T17:00:07.6211488Z Receiving objects:  48% (584/1215)
2023-05-15T17:00:07.6214012Z Receiving objects:  49% (596/1215)
2023-05-15T17:00:07.6216368Z Receiving objects:  50% (608/1215)
2023-05-15T17:00:07.6218728Z Receiving objects:  51% (620/1215)
2023-05-15T17:00:07.6222125Z Receiving objects:  52% (632/1215)
2023-05-15T17:00:07.6224652Z Receiving objects:  53% (644/1215)
2023-05-15T17:00:07.6227402Z Receiving objects:  54% (657/1215)
2023-05-15T17:00:07.6229376Z Receiving objects:  55% (669/1215)
2023-05-15T17:00:07.6231893Z Receiving objects:  56% (681/1215)
2023-05-15T17:00:07.6235897Z Receiving objects:  57% (693/1215)
2023-05-15T17:00:07.6241758Z Receiving objects:  58% (705/1215)
2023-05-15T17:00:07.6245316Z Receiving objects:  59% (717/1215)
2023-05-15T17:00:07.6249516Z Receiving objects:  60% (729/1215)
2023-05-15T17:00:07.6253411Z Receiving objects:  61% (742/1215)
2023-05-15T17:00:07.6280834Z Receiving objects:  62% (754/1215)
2023-05-15T17:00:07.6284674Z Receiving objects:  63% (766/1215)
2023-05-15T17:00:07.6288443Z Receiving objects:  64% (778/1215)
2023-05-15T17:00:07.6291787Z Receiving objects:  65% (790/1215)
2023-05-15T17:00:07.6295409Z Receiving objects:  66% (802/1215)
2023-05-15T17:00:07.6298515Z Receiving objects:  67% (815/1215)
2023-05-15T17:00:07.6302315Z Receiving objects:  68% (827/1215)
2023-05-15T17:00:07.6305702Z Receiving objects:  69% (839/1215)
2023-05-15T17:00:07.6308700Z Receiving objects:  70% (851/1215)
2023-05-15T17:00:07.6312158Z Receiving objects:  71% (863/1215)
2023-05-15T17:00:07.6315050Z Receiving objects:  72% (875/1215)
2023-05-15T17:00:07.6318438Z Receiving objects:  73% (887/1215)
2023-05-15T17:00:07.6321190Z Receiving objects:  74% (900/1215)
2023-05-15T17:00:07.6325553Z Receiving objects:  75% (912/1215)
2023-05-15T17:00:07.6329190Z Receiving objects:  76% (924/1215)
2023-05-15T17:00:07.6333213Z Receiving objects:  77% (936/1215)
2023-05-15T17:00:07.6336661Z Receiving objects:  78% (948/1215)
2023-05-15T17:00:07.6339961Z Receiving objects:  79% (960/1215)
2023-05-15T17:00:07.6342758Z Receiving objects:  80% (972/1215)
2023-05-15T17:00:07.6344987Z Receiving objects:  81% (985/1215)
2023-05-15T17:00:07.6347188Z Receiving objects:  82% (997/1215)
2023-05-15T17:00:07.6349141Z Receiving objects:  83% (1009/1215)
2023-05-15T17:00:07.6351065Z Receiving objects:  84% (1021/1215)
2023-05-15T17:00:07.6354374Z Receiving objects:  85% (1033/1215)
2023-05-15T17:00:07.6355029Z remote: Total 1215 (delta 195), reused 271 (delta 171), pack-reused 778        
2023-05-15T17:00:07.6357942Z Receiving objects:  86% (1045/1215)
2023-05-15T17:00:07.6359859Z Receiving objects:  87% (1058/1215)
2023-05-15T17:00:07.6361761Z Receiving objects:  88% (1070/1215)
2023-05-15T17:00:07.6365113Z Receiving objects:  89% (1082/1215)
2023-05-15T17:00:07.6371823Z Receiving objects:  90% (1094/1215)
2023-05-15T17:00:07.6374909Z Receiving objects:  91% (1106/1215)
2023-05-15T17:00:07.6378146Z Receiving objects:  92% (1118/1215)
2023-05-15T17:00:07.6384781Z Receiving objects:  93% (1130/1215)
2023-05-15T17:00:07.6389507Z Receiving objects:  94% (1143/1215)
2023-05-15T17:00:07.6394375Z Receiving objects:  95% (1155/1215)
2023-05-15T17:00:07.6399922Z Receiving objects:  96% (1167/1215)
2023-05-15T17:00:07.6405990Z Receiving objects:  97% (1179/1215)
2023-05-15T17:00:07.6409873Z Receiving objects:  98% (1191/1215)
2023-05-15T17:00:07.6413462Z Receiving objects:  99% (1203/1215)
2023-05-15T17:00:07.6416282Z Receiving objects: 100% (1215/1215)
2023-05-15T17:00:07.6416808Z Receiving objects: 100% (1215/1215), 297.89 KiB | 7.64 MiB/s, done.
2023-05-15T17:00:07.6422283Z Resolving deltas:   0% (0/664)
2023-05-15T17:00:07.6425526Z Resolving deltas:   1% (7/664)
2023-05-15T17:00:07.6428520Z Resolving deltas:   2% (14/664)
2023-05-15T17:00:07.6431401Z Resolving deltas:   3% (20/664)
2023-05-15T17:00:07.6434238Z Resolving deltas:   4% (27/664)
2023-05-15T17:00:07.6436997Z Resolving deltas:   5% (34/664)
2023-05-15T17:00:07.6439818Z Resolving deltas:   6% (40/664)
2023-05-15T17:00:07.6442587Z Resolving deltas:   7% (47/664)
2023-05-15T17:00:07.6445309Z Resolving deltas:   8% (54/664)
2023-05-15T17:00:07.6448139Z Resolving deltas:   9% (60/664)
2023-05-15T17:00:07.6450942Z Resolving deltas:  10% (67/664)
2023-05-15T17:00:07.6454198Z Resolving deltas:  11% (74/664)
2023-05-15T17:00:07.6457176Z Resolving deltas:  12% (80/664)
2023-05-15T17:00:07.6460093Z Resolving deltas:  13% (87/664)
2023-05-15T17:00:07.6463026Z Resolving deltas:  14% (93/664)
2023-05-15T17:00:07.6465812Z Resolving deltas:  15% (100/664)
2023-05-15T17:00:07.6468701Z Resolving deltas:  16% (107/664)
2023-05-15T17:00:07.6471531Z Resolving deltas:  17% (113/664)
2023-05-15T17:00:07.6474407Z Resolving deltas:  18% (120/664)
2023-05-15T17:00:07.6477220Z Resolving deltas:  19% (127/664)
2023-05-15T17:00:07.6481689Z Resolving deltas:  20% (133/664)
2023-05-15T17:00:07.6485802Z Resolving deltas:  21% (140/664)
2023-05-15T17:00:07.6488787Z Resolving deltas:  22% (147/664)
2023-05-15T17:00:07.6492028Z Resolving deltas:  23% (153/664)
2023-05-15T17:00:07.6494854Z Resolving deltas:  24% (160/664)
2023-05-15T17:00:07.6503450Z Resolving deltas:  25% (166/664)
2023-05-15T17:00:07.6509574Z Resolving deltas:  26% (173/664)
2023-05-15T17:00:07.6513738Z Resolving deltas:  27% (180/664)
2023-05-15T17:00:07.6519160Z Resolving deltas:  28% (186/664)
2023-05-15T17:00:07.6519736Z Resolving deltas:  29% (193/664)
2023-05-15T17:00:07.6520383Z Resolving deltas:  30% (200/664)
2023-05-15T17:00:07.6521787Z Resolving deltas:  31% (206/664)
2023-05-15T17:00:07.6525268Z Resolving deltas:  32% (213/664)
2023-05-15T17:00:07.6529598Z Resolving deltas:  33% (220/664)
2023-05-15T17:00:07.6533572Z Resolving deltas:  34% (226/664)
2023-05-15T17:00:07.6536915Z Resolving deltas:  35% (233/664)
2023-05-15T17:00:07.6540519Z Resolving deltas:  36% (240/664)
2023-05-15T17:00:07.6544606Z Resolving deltas:  37% (246/664)
2023-05-15T17:00:07.6547961Z Resolving deltas:  38% (253/664)
2023-05-15T17:00:07.6549574Z Resolving deltas:  39% (259/664)
2023-05-15T17:00:07.6552238Z Resolving deltas:  40% (266/664)
2023-05-15T17:00:07.6559426Z Resolving deltas:  41% (273/664)
2023-05-15T17:00:07.6564572Z Resolving deltas:  42% (279/664)
2023-05-15T17:00:07.6568673Z Resolving deltas:  43% (286/664)
2023-05-15T17:00:07.6572897Z Resolving deltas:  44% (293/664)
2023-05-15T17:00:07.6579251Z Resolving deltas:  45% (299/664)
2023-05-15T17:00:07.6585383Z Resolving deltas:  46% (306/664)
2023-05-15T17:00:07.6590569Z Resolving deltas:  47% (313/664)
2023-05-15T17:00:07.6598304Z Resolving deltas:  48% (319/664)
2023-05-15T17:00:07.6601763Z Resolving deltas:  49% (326/664)
2023-05-15T17:00:07.6606623Z Resolving deltas:  50% (332/664)
2023-05-15T17:00:07.6610531Z Resolving deltas:  51% (339/664)
2023-05-15T17:00:07.6615141Z Resolving deltas:  52% (346/664)
2023-05-15T17:00:07.6621323Z Resolving deltas:  53% (352/664)
2023-05-15T17:00:07.6623778Z Resolving deltas:  54% (359/664)
2023-05-15T17:00:07.6630951Z Resolving deltas:  55% (366/664)
2023-05-15T17:00:07.6635482Z Resolving deltas:  56% (372/664)
2023-05-15T17:00:07.6646419Z Resolving deltas:  57% (379/664)
2023-05-15T17:00:07.6655886Z Resolving deltas:  58% (386/664)
2023-05-15T17:00:07.6661224Z Resolving deltas:  59% (392/664)
2023-05-15T17:00:07.6663257Z Resolving deltas:  60% (399/664)
2023-05-15T17:00:07.6665648Z Resolving deltas:  61% (406/664)
2023-05-15T17:00:07.6670571Z Resolving deltas:  62% (412/664)
2023-05-15T17:00:07.6671971Z Resolving deltas:  63% (419/664)
2023-05-15T17:00:07.6672701Z Resolving deltas:  64% (425/664)
2023-05-15T17:00:07.6673165Z Resolving deltas:  65% (432/664)
2023-05-15T17:00:07.6673773Z Resolving deltas:  66% (439/664)
2023-05-15T17:00:07.6674187Z Resolving deltas:  67% (445/664)
2023-05-15T17:00:07.6674773Z Resolving deltas:  68% (452/664)
2023-05-15T17:00:07.6678181Z Resolving deltas:  69% (459/664)
2023-05-15T17:00:07.6681915Z Resolving deltas:  70% (465/664)
2023-05-15T17:00:07.6687431Z Resolving deltas:  71% (472/664)
2023-05-15T17:00:07.6689403Z Resolving deltas:  72% (479/664)
2023-05-15T17:00:07.6690759Z Resolving deltas:  73% (485/664)
2023-05-15T17:00:07.6691517Z Resolving deltas:  74% (492/664)
2023-05-15T17:00:07.6692968Z Resolving deltas:  75% (498/664)
2023-05-15T17:00:07.6693440Z Resolving deltas:  76% (505/664)
2023-05-15T17:00:07.6694069Z Resolving deltas:  77% (512/664)
2023-05-15T17:00:07.6694489Z Resolving deltas:  78% (518/664)
2023-05-15T17:00:07.6695245Z Resolving deltas:  79% (525/664)
2023-05-15T17:00:07.6695745Z Resolving deltas:  80% (532/664)
2023-05-15T17:00:07.6696452Z Resolving deltas:  81% (538/664)
2023-05-15T17:00:07.6697563Z Resolving deltas:  82% (545/664)
2023-05-15T17:00:07.6698342Z Resolving deltas:  83% (552/664)
2023-05-15T17:00:07.6698919Z Resolving deltas:  84% (558/664)
2023-05-15T17:00:07.6699555Z Resolving deltas:  85% (565/664)
2023-05-15T17:00:07.6700118Z Resolving deltas:  86% (572/664)
2023-05-15T17:00:07.6700802Z Resolving deltas:  87% (578/664)
2023-05-15T17:00:07.6704106Z Resolving deltas:  88% (585/664)
2023-05-15T17:00:07.6708483Z Resolving deltas:  89% (591/664)
2023-05-15T17:00:07.6711734Z Resolving deltas:  90% (598/664)
2023-05-15T17:00:07.6715095Z Resolving deltas:  91% (605/664)
2023-05-15T17:00:07.6720378Z Resolving deltas:  92% (612/664)
2023-05-15T17:00:07.6725877Z Resolving deltas:  93% (618/664)
2023-05-15T17:00:07.6734451Z Resolving deltas:  94% (626/664)
2023-05-15T17:00:07.6740951Z Resolving deltas:  95% (631/664)
2023-05-15T17:00:07.6748932Z Resolving deltas:  96% (638/664)
2023-05-15T17:00:07.6754612Z Resolving deltas:  97% (645/664)
2023-05-15T17:00:07.6762892Z Resolving deltas:  98% (651/664)
2023-05-15T17:00:07.6777192Z Resolving deltas:  99% (658/664)
2023-05-15T17:00:07.6777886Z Resolving deltas: 100% (664/664)
2023-05-15T17:00:07.6778614Z Resolving deltas: 100% (664/664), done.
2023-05-15T17:00:07.6948835Z From https://github.com/con/tinuous
2023-05-15T17:00:07.6950124Z  * [new branch]      dependabot/github_actions/codespell-project/actions-codespell-2 -> origin/dependabot/github_actions/codespell-project/actions-codespell-2
2023-05-15T17:00:07.6951222Z  * [new branch]      gh-162          -> origin/gh-162
2023-05-15T17:00:07.6952007Z  * [new branch]      gh-55           -> origin/gh-55
2023-05-15T17:00:07.6952873Z  * [new branch]      master          -> origin/master
2023-05-15T17:00:07.6953488Z  * [new branch]      no-extra-search -> origin/no-extra-search
2023-05-15T17:00:07.6954362Z  * [new branch]      test-appveyor   -> origin/test-appveyor
2023-05-15T17:00:07.6954966Z  * [new tag]         0.1.0           -> 0.1.0
2023-05-15T17:00:07.6955974Z  * [new tag]         0.2.0           -> 0.2.0
2023-05-15T17:00:07.6956491Z  * [new tag]         0.3.0           -> 0.3.0
2023-05-15T17:00:07.6957310Z  * [new tag]         0.4.0           -> 0.4.0
2023-05-15T17:00:07.6957875Z  * [new tag]         0.5.0           -> 0.5.0
2023-05-15T17:00:07.6958666Z  * [new tag]         0.5.1           -> 0.5.1
2023-05-15T17:00:07.6959185Z  * [new tag]         0.5.2           -> 0.5.2
2023-05-15T17:00:07.6959947Z  * [new tag]         0.5.3           -> 0.5.3
2023-05-15T17:00:07.6960510Z  * [new tag]         0.5.4           -> 0.5.4
2023-05-15T17:00:07.6961204Z  * [new tag]         0.6.0           -> 0.6.0
2023-05-15T17:00:07.6962113Z  * [new tag]         0.6.1           -> 0.6.1
2023-05-15T17:00:07.7004529Z [command]/usr/bin/git branch --list --remote origin/dependabot/github_actions/codespell-project/actions-codespell-2
2023-05-15T17:00:07.7035344Z   origin/dependabot/github_actions/codespell-project/actions-codespell-2
2023-05-15T17:00:07.7059523Z [command]/usr/bin/git rev-parse refs/remotes/origin/dependabot/github_actions/codespell-project/actions-codespell-2
2023-05-15T17:00:07.7085240Z e923f5afb83c033a5cfcf37f0d8bf793e8b82660
2023-05-15T17:00:07.7109562Z ##[endgroup]
2023-05-15T17:00:07.7110422Z ##[group]Determining the checkout info
2023-05-15T17:00:07.7111068Z ##[endgroup]
2023-05-15T17:00:07.7111983Z ##[group]Checking out the ref
2023-05-15T17:00:07.7113139Z [command]/usr/bin/git checkout --progress --force -B dependabot/github_actions/codespell-project/actions-codespell-2 refs/remotes/origin/dependabot/github_actions/codespell-project/actions-codespell-2
2023-05-15T17:00:07.7177009Z Switched to a new branch 'dependabot/github_actions/codespell-project/actions-codespell-2'
2023-05-15T17:00:07.7181743Z branch 'dependabot/github_actions/codespell-project/actions-codespell-2' set up to track 'origin/dependabot/github_actions/codespell-project/actions-codespell-2'.
2023-05-15T17:00:07.7203546Z ##[endgroup]
2023-05-15T17:00:07.7253744Z [command]/usr/bin/git log -1 --format='%H'
2023-05-15T17:00:07.7281828Z 'e923f5afb83c033a5cfcf37f0d8bf793e8b82660'
2023-05-15T17:00:07.7616669Z ##[group]Run actions/setup-python@v4
2023-05-15T17:00:07.7616965Z with:
2023-05-15T17:00:07.7617287Z   python-version: 3.8
2023-05-15T17:00:07.7617585Z   check-latest: false
2023-05-15T17:00:07.7618020Z   token: ***
2023-05-15T17:00:07.7618325Z   update-environment: true
2023-05-15T17:00:07.7618643Z   allow-prereleases: false
2023-05-15T17:00:07.7618928Z ##[endgroup]
2023-05-15T17:00:07.9246770Z ##[group]Installed versions
2023-05-15T17:00:07.9323669Z Successfully set up CPython (3.8.16)
2023-05-15T17:00:07.9324513Z ##[endgroup]
2023-05-15T17:00:07.9459798Z ##[group]Run python -m pip install --upgrade pip wheel
2023-05-15T17:00:07.9460394Z [36;1mpython -m pip install --upgrade pip wheel[0m
2023-05-15T17:00:07.9460766Z [36;1mpython -m pip install --upgrade --upgrade-strategy=eager tox[0m
2023-05-15T17:00:07.9523099Z shell: /usr/bin/bash -e {0}
2023-05-15T17:00:07.9641940Z env:
2023-05-15T17:00:07.9642326Z   pythonLocation: /opt/hostedtoolcache/Python/3.8.16/x64
2023-05-15T17:00:07.9642671Z   PKG_CONFIG_PATH: /opt/hostedtoolcache/Python/3.8.16/x64/lib/pkgconfig
2023-05-15T17:00:07.9643002Z   Python_ROOT_DIR: /opt/hostedtoolcache/Python/3.8.16/x64
2023-05-15T17:00:07.9643300Z   Python2_ROOT_DIR: /opt/hostedtoolcache/Python/3.8.16/x64
2023-05-15T17:00:07.9643598Z   Python3_ROOT_DIR: /opt/hostedtoolcache/Python/3.8.16/x64
2023-05-15T17:00:07.9643900Z   LD_LIBRARY_PATH: /opt/hostedtoolcache/Python/3.8.16/x64/lib
2023-05-15T17:00:07.9644151Z ##[endgroup]
2023-05-15T17:00:08.8847124Z Requirement already satisfied: pip in /opt/hostedtoolcache/Python/3.8.16/x64/lib/python3.8/site-packages (22.0.4)
2023-05-15T17:00:09.0531453Z Collecting pip
2023-05-15T17:00:09.1496186Z   Downloading pip-23.1.2-py3-none-any.whl (2.1 MB)
2023-05-15T17:00:09.2146380Z      ‚îÅ‚îÅ‚îÅ‚îÅ‚îÅ‚îÅ‚îÅ‚îÅ‚îÅ‚îÅ‚îÅ‚îÅ‚îÅ‚îÅ‚îÅ‚îÅ‚îÅ‚îÅ‚îÅ‚îÅ‚îÅ‚îÅ‚îÅ‚îÅ‚îÅ‚îÅ‚îÅ‚îÅ‚îÅ‚îÅ‚îÅ‚îÅ‚îÅ‚îÅ‚îÅ‚îÅ‚îÅ‚îÅ‚îÅ‚îÅ 2.1/2.1 MB 29.3 MB/s eta 0:00:00
2023-05-15T17:00:09.2721784Z Collecting wheel
2023-05-15T17:00:09.2755301Z   Downloading wheel-0.40.0-py3-none-any.whl (64 kB)
2023-05-15T17:00:09.2814662Z      ‚îÅ‚îÅ‚îÅ‚îÅ‚îÅ‚îÅ‚îÅ‚îÅ‚îÅ‚îÅ‚îÅ‚îÅ‚îÅ‚îÅ‚îÅ‚îÅ‚îÅ‚îÅ‚îÅ‚îÅ‚îÅ‚îÅ‚îÅ‚îÅ‚îÅ‚îÅ‚îÅ‚îÅ‚îÅ‚îÅ‚îÅ‚îÅ‚îÅ‚îÅ‚îÅ‚îÅ‚îÅ‚îÅ‚îÅ‚îÅ 64.5/64.5 kB 17.2 MB/s eta 0:00:00
2023-05-15T17:00:09.3214651Z Installing collected packages: wheel, pip
2023-05-15T17:00:09.3687605Z   Attempting uninstall: pip
2023-05-15T17:00:09.3696856Z     Found existing installation: pip 22.0.4
2023-05-15T17:00:09.4251711Z     Uninstalling pip-22.0.4:
2023-05-15T17:00:09.4953547Z       Successfully uninstalled pip-22.0.4
2023-05-15T17:00:10.6179856Z Successfully installed pip-23.1.2 wheel-0.40.0
2023-05-15T17:00:11.6033876Z Collecting tox
2023-05-15T17:00:11.6816357Z   Downloading tox-4.5.1-py3-none-any.whl (148 kB)
2023-05-15T17:00:11.7279881Z      ‚îÅ‚îÅ‚îÅ‚îÅ‚îÅ‚îÅ‚îÅ‚îÅ‚îÅ‚îÅ‚îÅ‚îÅ‚îÅ‚îÅ‚îÅ‚îÅ‚îÅ‚îÅ‚îÅ‚îÅ‚îÅ‚îÅ‚îÅ‚îÅ‚îÅ‚îÅ‚îÅ‚îÅ‚îÅ‚îÅ‚îÅ‚îÅ‚îÅ‚îÅ‚îÅ‚îÅ‚îÅ‚îÅ‚îÅ 149.0/149.0 kB 3.3 MB/s eta 0:00:00
2023-05-15T17:00:11.7953452Z Collecting cachetools>=5.3 (from tox)
2023-05-15T17:00:11.7997428Z   Downloading cachetools-5.3.0-py3-none-any.whl (9.3 kB)
2023-05-15T17:00:11.8221434Z Collecting chardet>=5.1 (from tox)
2023-05-15T17:00:11.8267938Z   Downloading chardet-5.1.0-py3-none-any.whl (199 kB)
2023-05-15T17:00:11.8440914Z      ‚îÅ‚îÅ‚îÅ‚îÅ‚îÅ‚îÅ‚îÅ‚îÅ‚îÅ‚îÅ‚îÅ‚îÅ‚îÅ‚îÅ‚îÅ‚îÅ‚îÅ‚îÅ‚îÅ‚îÅ‚îÅ‚îÅ‚îÅ‚îÅ‚îÅ‚îÅ‚îÅ‚îÅ‚îÅ‚îÅ‚îÅ‚îÅ‚îÅ‚îÅ‚îÅ‚îÅ‚îÅ‚îÅ 199.1/199.1 kB 13.7 MB/s eta 0:00:00
2023-05-15T17:00:11.8767092Z Collecting colorama>=0.4.6 (from tox)
2023-05-15T17:00:11.8812083Z   Downloading colorama-0.4.6-py2.py3-none-any.whl (25 kB)
2023-05-15T17:00:11.9184726Z Collecting filelock>=3.11 (from tox)
2023-05-15T17:00:11.9228785Z   Downloading filelock-3.12.0-py3-none-any.whl (10 kB)
2023-05-15T17:00:11.9603060Z Collecting packaging>=23.1 (from tox)
2023-05-15T17:00:11.9646926Z   Downloading packaging-23.1-py3-none-any.whl (48 kB)
2023-05-15T17:00:11.9702504Z      ‚îÅ‚îÅ‚îÅ‚îÅ‚îÅ‚îÅ‚îÅ‚îÅ‚îÅ‚îÅ‚îÅ‚îÅ‚îÅ‚îÅ‚îÅ‚îÅ‚îÅ‚îÅ‚îÅ‚îÅ‚îÅ‚îÅ‚îÅ‚îÅ‚îÅ‚îÅ‚îÅ‚îÅ‚îÅ‚îÅ‚îÅ‚îÅ‚îÅ‚îÅ‚îÅ‚îÅ‚îÅ‚îÅ‚îÅ‚îÅ 48.9/48.9 kB 14.1 MB/s eta 0:00:00
2023-05-15T17:00:11.9987919Z Collecting platformdirs>=3.2 (from tox)
2023-05-15T17:00:12.0028041Z   Downloading platformdirs-3.5.1-py3-none-any.whl (15 kB)
2023-05-15T17:00:12.0302510Z Collecting pluggy>=1 (from tox)
2023-05-15T17:00:12.0345144Z   Downloading pluggy-1.0.0-py2.py3-none-any.whl (13 kB)
2023-05-15T17:00:12.0565850Z Collecting pyproject-api>=1.5.1 (from tox)
2023-05-15T17:00:12.0605228Z   Downloading pyproject_api-1.5.1-py3-none-any.whl (12 kB)
2023-05-15T17:00:12.0889336Z Collecting tomli>=2.0.1 (from tox)
2023-05-15T17:00:12.0997836Z   Downloading tomli-2.0.1-py3-none-any.whl (12 kB)
2023-05-15T17:00:12.2265554Z Collecting virtualenv>=20.21 (from tox)
2023-05-15T17:00:12.2313013Z   Downloading virtualenv-20.23.0-py3-none-any.whl (3.3 MB)
2023-05-15T17:00:12.2699275Z      ‚îÅ‚îÅ‚îÅ‚îÅ‚îÅ‚îÅ‚îÅ‚îÅ‚îÅ‚îÅ‚îÅ‚îÅ‚îÅ‚îÅ‚îÅ‚îÅ‚îÅ‚îÅ‚îÅ‚îÅ‚îÅ‚îÅ‚îÅ‚îÅ‚îÅ‚îÅ‚îÅ‚îÅ‚îÅ‚îÅ‚îÅ‚îÅ‚îÅ‚îÅ‚îÅ‚îÅ‚îÅ‚îÅ‚îÅ‚îÅ 3.3/3.3 MB 91.5 MB/s eta 0:00:00
2023-05-15T17:00:12.3858097Z Collecting distlib<1,>=0.3.6 (from virtualenv>=20.21->tox)
2023-05-15T17:00:12.3915646Z   Downloading distlib-0.3.6-py2.py3-none-any.whl (468 kB)
2023-05-15T17:00:12.4022068Z      ‚îÅ‚îÅ‚îÅ‚îÅ‚îÅ‚îÅ‚îÅ‚îÅ‚îÅ‚îÅ‚îÅ‚îÅ‚îÅ‚îÅ‚îÅ‚îÅ‚îÅ‚îÅ‚îÅ‚îÅ‚îÅ‚îÅ‚îÅ‚îÅ‚îÅ‚îÅ‚îÅ‚îÅ‚îÅ‚îÅ‚îÅ‚îÅ‚îÅ‚îÅ‚îÅ‚îÅ‚îÅ‚îÅ 468.5/468.5 kB 62.5 MB/s eta 0:00:00
2023-05-15T17:00:12.5654229Z Installing collected packages: distlib, tomli, pluggy, platformdirs, packaging, filelock, colorama, chardet, cachetools, virtualenv, pyproject-api, tox
2023-05-15T17:00:13.2162061Z Successfully installed cachetools-5.3.0 chardet-5.1.0 colorama-0.4.6 distlib-0.3.6 filelock-3.12.0 packaging-23.1 platformdirs-3.5.1 pluggy-1.0.0 pyproject-api-1.5.1 tomli-2.0.1 tox-4.5.1 virtualenv-20.23.0
2023-05-15T17:00:13.3802115Z ##[group]Run tox -e lint
2023-05-15T17:00:13.3802363Z [36;1mtox -e lint[0m
2023-05-15T17:00:13.3855496Z shell: /usr/bin/bash -e {0}
2023-05-15T17:00:13.3855713Z env:
2023-05-15T17:00:13.3855989Z   pythonLocation: /opt/hostedtoolcache/Python/3.8.16/x64
2023-05-15T17:00:13.3856339Z   PKG_CONFIG_PATH: /opt/hostedtoolcache/Python/3.8.16/x64/lib/pkgconfig
2023-05-15T17:00:13.3856705Z   Python_ROOT_DIR: /opt/hostedtoolcache/Python/3.8.16/x64
2023-05-15T17:00:13.3857006Z   Python2_ROOT_DIR: /opt/hostedtoolcache/Python/3.8.16/x64
2023-05-15T17:00:13.3857317Z   Python3_ROOT_DIR: /opt/hostedtoolcache/Python/3.8.16/x64
2023-05-15T17:00:13.3857631Z   LD_LIBRARY_PATH: /opt/hostedtoolcache/Python/3.8.16/x64/lib
2023-05-15T17:00:13.3857875Z ##[endgroup]
2023-05-15T17:00:13.9213993Z lint: install_deps> python -I -m pip install flake8 flake8-bugbear flake8-builtins flake8-unused-arguments
2023-05-15T17:00:15.8860674Z lint: freeze> python -m pip freeze --all
2023-05-15T17:00:16.2778041Z lint: attrs==23.1.0,flake8==6.0.0,flake8-bugbear==23.5.9,flake8-builtins==2.1.0,flake8-unused-arguments==0.0.13,mccabe==0.7.0,pip==23.1.2,pycodestyle==2.10.0,pyflakes==3.0.1,setuptools==67.7.2,wheel==0.40.0
2023-05-15T17:00:16.2784879Z lint: commands[0]> flake8 --config=tox.ini src test
2023-05-15T17:00:16.9662989Z   lint: OK (3.34=setup[2.66]+cmd[0.69] seconds)
2023-05-15T17:00:16.9664124Z   congratulations :) (3.43 seconds)
2023-05-15T17:00:17.0047288Z Post job cleanup.
2023-05-15T17:00:17.1634195Z Post job cleanup.
2023-05-15T17:00:17.2676082Z [command]/usr/bin/git version
2023-05-15T17:00:17.2725556Z git version 2.40.1
2023-05-15T17:00:17.2780873Z Temporarily overriding HOME='/home/runner/work/_temp/33e12f2c-3505-4652-9ce7-cf88418ac81e' before making global git config changes
2023-05-15T17:00:17.2785726Z Adding repository directory to the temporary git global config as a safe directory
2023-05-15T17:00:17.2794887Z [command]/usr/bin/git config --global --add safe.directory /home/runner/work/tinuous/tinuous
2023-05-15T17:00:17.2846602Z [command]/usr/bin/git config --local --name-only --get-regexp core\.sshCommand
2023-05-15T17:00:17.2893837Z [command]/usr/bin/git submodule foreach --recursive sh -c "git config --local --name-only --get-regexp 'core\.sshCommand' && git config --local --unset-all 'core.sshCommand' || :"
2023-05-15T17:00:17.3152357Z [command]/usr/bin/git config --local --name-only --get-regexp http\.https\:\/\/github\.com\/\.extraheader
2023-05-15T17:00:17.3182824Z http.https://github.com/.extraheader
2023-05-15T17:00:17.3196771Z [command]/usr/bin/git config --local --unset-all http.https://github.com/.extraheader
2023-05-15T17:00:17.3234800Z [command]/usr/bin/git submodule foreach --recursive sh -c "git config --local --name-only --get-regexp 'http\.https\:\/\/github\.com\/\.extraheader' && git config --local --unset-all 'http.https://github.com/.extraheader' || :"
2023-05-15T17:00:17.3661212Z Cleaning up orphan processes
