2024-06-12T11:41:49.8021709Z Requested labels: ubuntu-latest
2024-06-12T11:41:49.8021901Z Job defined at: con/tinuous/.github/workflows/test.yml@refs/pull/190/merge
2024-06-12T11:41:49.8022002Z Waiting for a runner to pick up this job...
2024-06-12T11:41:51.4116003Z Job is waiting for a hosted runner to come online.
2024-06-12T11:41:52.7403822Z Job is about to start running on the hosted runner: GitHub Actions 15 (hosted)
2024-06-12T11:41:56.0286308Z Current runner version: '2.317.0'
2024-06-12T11:41:56.0312615Z ##[group]Operating System
2024-06-12T11:41:56.0313282Z Ubuntu
2024-06-12T11:41:56.0313750Z 22.04.4
2024-06-12T11:41:56.0314095Z LTS
2024-06-12T11:41:56.0314398Z ##[endgroup]
2024-06-12T11:41:56.0314847Z ##[group]Runner Image
2024-06-12T11:41:56.0315292Z Image: ubuntu-22.04
2024-06-12T11:41:56.0315768Z Version: 20240609.1.0
2024-06-12T11:41:56.0316731Z Included Software: https://github.com/actions/runner-images/blob/ubuntu22/20240609.1/images/ubuntu/Ubuntu2204-Readme.md
2024-06-12T11:41:56.0318234Z Image Release: https://github.com/actions/runner-images/releases/tag/ubuntu22%2F20240609.1
2024-06-12T11:41:56.0319168Z ##[endgroup]
2024-06-12T11:41:56.0319699Z ##[group]Runner Image Provisioner
2024-06-12T11:41:56.0320196Z 2.0.370.1
2024-06-12T11:41:56.0320625Z ##[endgroup]
2024-06-12T11:41:56.0323201Z ##[group]GITHUB_TOKEN Permissions
2024-06-12T11:41:56.0324863Z Actions: write
2024-06-12T11:41:56.0325621Z Attestations: write
2024-06-12T11:41:56.0326160Z Checks: write
2024-06-12T11:41:56.0326562Z Contents: write
2024-06-12T11:41:56.0326949Z Deployments: write
2024-06-12T11:41:56.0327446Z Discussions: write
2024-06-12T11:41:56.0327804Z Issues: write
2024-06-12T11:41:56.0328174Z Metadata: read
2024-06-12T11:41:56.0328640Z Packages: write
2024-06-12T11:41:56.0328985Z Pages: write
2024-06-12T11:41:56.0329357Z PullRequests: write
2024-06-12T11:41:56.0330000Z RepositoryProjects: write
2024-06-12T11:41:56.0330457Z SecurityEvents: write
2024-06-12T11:41:56.0330830Z Statuses: write
2024-06-12T11:41:56.0331289Z ##[endgroup]
2024-06-12T11:41:56.0334297Z Secret source: Actions
2024-06-12T11:41:56.0334979Z Prepare workflow directory
2024-06-12T11:41:56.0952818Z Prepare all required actions
2024-06-12T11:41:56.1108585Z Getting action download info
2024-06-12T11:41:56.3196681Z Download action repository 'actions/checkout@v4' (SHA:a5ac7e51b41094c92402da3b24376905380afc29)
2024-06-12T11:41:56.4270290Z Download action repository 'actions/setup-python@v5' (SHA:82c7e631bb3cdc910f68e0081d67478d79c6982d)
2024-06-12T11:41:56.5093026Z Download action repository 'codecov/codecov-action@v4' (SHA:125fc84a9a348dbcf27191600683ec096ec9021c)
2024-06-12T11:41:57.0576156Z Complete job name: test (3.11, py)
2024-06-12T11:41:57.1533014Z ##[group]Run actions/checkout@v4
2024-06-12T11:41:57.1533689Z with:
2024-06-12T11:41:57.1534098Z   fetch-depth: 0
2024-06-12T11:41:57.1534516Z   repository: con/tinuous
2024-06-12T11:41:57.1535276Z   token: ***
2024-06-12T11:41:57.1535655Z   ssh-strict: true
2024-06-12T11:41:57.1536047Z   ssh-user: git
2024-06-12T11:41:57.1536595Z   persist-credentials: true
2024-06-12T11:41:57.1537050Z   clean: true
2024-06-12T11:41:57.1537458Z   sparse-checkout-cone-mode: true
2024-06-12T11:41:57.1538040Z   fetch-tags: false
2024-06-12T11:41:57.1538459Z   show-progress: true
2024-06-12T11:41:57.1538828Z   lfs: false
2024-06-12T11:41:57.1539287Z   submodules: false
2024-06-12T11:41:57.1539694Z   set-safe-directory: true
2024-06-12T11:41:57.1540207Z ##[endgroup]
2024-06-12T11:41:57.3454454Z Syncing repository: con/tinuous
2024-06-12T11:41:57.3456359Z ##[group]Getting Git version info
2024-06-12T11:41:57.3457417Z Working directory is '/home/runner/work/tinuous/tinuous'
2024-06-12T11:41:57.3458602Z [command]/usr/bin/git version
2024-06-12T11:41:57.3459166Z git version 2.45.2
2024-06-12T11:41:57.3468089Z ##[endgroup]
2024-06-12T11:41:57.3481467Z Temporarily overriding HOME='/home/runner/work/_temp/e8651fbe-9fd9-4f25-8003-cdce5545dbcc' before making global git config changes
2024-06-12T11:41:57.3483438Z Adding repository directory to the temporary git global config as a safe directory
2024-06-12T11:41:57.3487099Z [command]/usr/bin/git config --global --add safe.directory /home/runner/work/tinuous/tinuous
2024-06-12T11:41:57.3521344Z Deleting the contents of '/home/runner/work/tinuous/tinuous'
2024-06-12T11:41:57.3525381Z ##[group]Initializing the repository
2024-06-12T11:41:57.3529005Z [command]/usr/bin/git init /home/runner/work/tinuous/tinuous
2024-06-12T11:41:57.3605610Z hint: Using 'master' as the name for the initial branch. This default branch name
2024-06-12T11:41:57.3607083Z hint: is subject to change. To configure the initial branch name to use in all
2024-06-12T11:41:57.3608283Z hint: of your new repositories, which will suppress this warning, call:
2024-06-12T11:41:57.3608994Z hint:
2024-06-12T11:41:57.3609540Z hint: 	git config --global init.defaultBranch <name>
2024-06-12T11:41:57.3610249Z hint:
2024-06-12T11:41:57.3610842Z hint: Names commonly chosen instead of 'master' are 'main', 'trunk' and
2024-06-12T11:41:57.3611879Z hint: 'development'. The just-created branch can be renamed via this command:
2024-06-12T11:41:57.3612716Z hint:
2024-06-12T11:41:57.3613107Z hint: 	git branch -m <name>
2024-06-12T11:41:57.3617293Z Initialized empty Git repository in /home/runner/work/tinuous/tinuous/.git/
2024-06-12T11:41:57.3627734Z [command]/usr/bin/git remote add origin https://github.com/con/tinuous
2024-06-12T11:41:57.3665251Z ##[endgroup]
2024-06-12T11:41:57.3666074Z ##[group]Disabling automatic garbage collection
2024-06-12T11:41:57.3669401Z [command]/usr/bin/git config --local gc.auto 0
2024-06-12T11:41:57.3699133Z ##[endgroup]
2024-06-12T11:41:57.3699949Z ##[group]Setting up auth
2024-06-12T11:41:57.3705821Z [command]/usr/bin/git config --local --name-only --get-regexp core\.sshCommand
2024-06-12T11:41:57.3737116Z [command]/usr/bin/git submodule foreach --recursive sh -c "git config --local --name-only --get-regexp 'core\.sshCommand' && git config --local --unset-all 'core.sshCommand' || :"
2024-06-12T11:41:57.4033533Z [command]/usr/bin/git config --local --name-only --get-regexp http\.https\:\/\/github\.com\/\.extraheader
2024-06-12T11:41:57.4066028Z [command]/usr/bin/git submodule foreach --recursive sh -c "git config --local --name-only --get-regexp 'http\.https\:\/\/github\.com\/\.extraheader' && git config --local --unset-all 'http.https://github.com/.extraheader' || :"
2024-06-12T11:41:57.4304609Z [command]/usr/bin/git config --local http.https://github.com/.extraheader AUTHORIZATION: basic ***
2024-06-12T11:41:57.4347837Z ##[endgroup]
2024-06-12T11:41:57.4349299Z ##[group]Fetching the repository
2024-06-12T11:41:57.4359584Z [command]/usr/bin/git -c protocol.version=2 fetch --prune --no-recurse-submodules origin +refs/heads/*:refs/remotes/origin/* +refs/tags/*:refs/tags/* +c7167a90c060360fa90870087b2dddca74b9f939:refs/remotes/pull/190/merge
2024-06-12T11:41:57.8389231Z From https://github.com/con/tinuous
2024-06-12T11:41:57.8391600Z  * [new branch]      gh-189                                   -> origin/gh-189
2024-06-12T11:41:57.8393283Z  * [new branch]      gh-55                                    -> origin/gh-55
2024-06-12T11:41:57.8394986Z  * [new branch]      master                                   -> origin/master
2024-06-12T11:41:57.8401572Z  * [new branch]      no-extra-search                          -> origin/no-extra-search
2024-06-12T11:41:57.8403929Z  * [new branch]      pragmata                                 -> origin/pragmata
2024-06-12T11:41:57.8406406Z  * [new branch]      test-appveyor                            -> origin/test-appveyor
2024-06-12T11:41:57.8408272Z  * [new tag]         0.1.0                                    -> 0.1.0
2024-06-12T11:41:57.8409734Z  * [new tag]         0.2.0                                    -> 0.2.0
2024-06-12T11:41:57.8411349Z  * [new tag]         0.3.0                                    -> 0.3.0
2024-06-12T11:41:57.8412970Z  * [new tag]         0.4.0                                    -> 0.4.0
2024-06-12T11:41:57.8414417Z  * [new tag]         0.5.0                                    -> 0.5.0
2024-06-12T11:41:57.8416018Z  * [new tag]         0.5.1                                    -> 0.5.1
2024-06-12T11:41:57.8418323Z  * [new tag]         0.5.2                                    -> 0.5.2
2024-06-12T11:41:57.8419872Z  * [new tag]         0.5.3                                    -> 0.5.3
2024-06-12T11:41:57.8421538Z  * [new tag]         0.5.4                                    -> 0.5.4
2024-06-12T11:41:57.8423020Z  * [new tag]         0.6.0                                    -> 0.6.0
2024-06-12T11:41:57.8424794Z  * [new tag]         0.6.1                                    -> 0.6.1
2024-06-12T11:41:57.8426563Z  * [new ref]         c7167a90c060360fa90870087b2dddca74b9f939 -> pull/190/merge
2024-06-12T11:41:57.8445994Z ##[endgroup]
2024-06-12T11:41:57.8447186Z ##[group]Determining the checkout info
2024-06-12T11:41:57.8448635Z ##[endgroup]
2024-06-12T11:41:57.8451003Z [command]/usr/bin/git sparse-checkout disable
2024-06-12T11:41:57.8490743Z [command]/usr/bin/git config --local --unset-all extensions.worktreeConfig
2024-06-12T11:41:57.8521414Z ##[group]Checking out the ref
2024-06-12T11:41:57.8524419Z [command]/usr/bin/git checkout --progress --force refs/remotes/pull/190/merge
2024-06-12T11:41:57.8578795Z Note: switching to 'refs/remotes/pull/190/merge'.
2024-06-12T11:41:57.8579690Z 
2024-06-12T11:41:57.8580405Z You are in 'detached HEAD' state. You can look around, make experimental
2024-06-12T11:41:57.8581784Z changes and commit them, and you can discard any commits you make in this
2024-06-12T11:41:57.8583037Z state without impacting any branches by switching back to a branch.
2024-06-12T11:41:57.8583998Z 
2024-06-12T11:41:57.8584341Z If you want to create a new branch to retain commits you create, you may
2024-06-12T11:41:57.8585244Z do so (now or later) by using -c with the switch command. Example:
2024-06-12T11:41:57.8585643Z 
2024-06-12T11:41:57.8585862Z   git switch -c <new-branch-name>
2024-06-12T11:41:57.8586207Z 
2024-06-12T11:41:57.8586493Z Or undo this operation with:
2024-06-12T11:41:57.8586913Z 
2024-06-12T11:41:57.8587115Z   git switch -
2024-06-12T11:41:57.8587445Z 
2024-06-12T11:41:57.8587876Z Turn off this advice by setting config variable advice.detachedHead to false
2024-06-12T11:41:57.8588476Z 
2024-06-12T11:41:57.8588957Z HEAD is now at c7167a9 Merge 97fcd4030767106a50cc40e38d547e9a0aa95f65 into 9ca71bcc2e4b6129c9e37629014a0d350a033669
2024-06-12T11:41:57.8590985Z ##[endgroup]
2024-06-12T11:41:57.8623704Z [command]/usr/bin/git log -1 --format='%H'
2024-06-12T11:41:57.8646654Z 'c7167a90c060360fa90870087b2dddca74b9f939'
2024-06-12T11:41:57.8952524Z ##[group]Run actions/setup-python@v5
2024-06-12T11:41:57.8953115Z with:
2024-06-12T11:41:57.8953429Z   python-version: 3.11
2024-06-12T11:41:57.8953798Z   check-latest: false
2024-06-12T11:41:57.8954392Z   token: ***
2024-06-12T11:41:57.8954765Z   update-environment: true
2024-06-12T11:41:57.8955127Z   allow-prereleases: false
2024-06-12T11:41:57.8955573Z ##[endgroup]
2024-06-12T11:41:58.0618775Z ##[group]Installed versions
2024-06-12T11:41:58.0680866Z Successfully set up CPython (3.11.9)
2024-06-12T11:41:58.0682432Z ##[endgroup]
2024-06-12T11:41:58.0838744Z ##[group]Run python -m pip install --upgrade pip wheel
2024-06-12T11:41:58.0839513Z [36;1mpython -m pip install --upgrade pip wheel[0m
2024-06-12T11:41:58.0840156Z [36;1mpython -m pip install --upgrade --upgrade-strategy=eager tox[0m
2024-06-12T11:41:58.0926572Z shell: /usr/bin/bash -e {0}
2024-06-12T11:41:58.0927185Z env:
2024-06-12T11:41:58.0927636Z   pythonLocation: /opt/hostedtoolcache/Python/3.11.9/x64
2024-06-12T11:41:58.0928320Z   PKG_CONFIG_PATH: /opt/hostedtoolcache/Python/3.11.9/x64/lib/pkgconfig
2024-06-12T11:41:58.0929274Z   Python_ROOT_DIR: /opt/hostedtoolcache/Python/3.11.9/x64
2024-06-12T11:41:58.0929889Z   Python2_ROOT_DIR: /opt/hostedtoolcache/Python/3.11.9/x64
2024-06-12T11:41:58.0930479Z   Python3_ROOT_DIR: /opt/hostedtoolcache/Python/3.11.9/x64
2024-06-12T11:41:58.0931136Z   LD_LIBRARY_PATH: /opt/hostedtoolcache/Python/3.11.9/x64/lib
2024-06-12T11:41:58.0931652Z ##[endgroup]
2024-06-12T11:42:01.2274983Z Requirement already satisfied: pip in /opt/hostedtoolcache/Python/3.11.9/x64/lib/python3.11/site-packages (24.0)
2024-06-12T11:42:01.3842610Z Collecting wheel
2024-06-12T11:42:01.4551511Z   Downloading wheel-0.43.0-py3-none-any.whl.metadata (2.2 kB)
2024-06-12T11:42:01.4758050Z Downloading wheel-0.43.0-py3-none-any.whl (65 kB)
2024-06-12T11:42:01.4987105Z    ━━━━━━━━━━━━━━━━━━━━━━━━━━━━━━━━━━━━━━━━ 65.8/65.8 kB 3.1 MB/s eta 0:00:00
2024-06-12T11:42:01.5336949Z Installing collected packages: wheel
2024-06-12T11:42:01.5781390Z Successfully installed wheel-0.43.0
2024-06-12T11:42:02.2481161Z Collecting tox
2024-06-12T11:42:02.3165563Z   Downloading tox-4.15.1-py3-none-any.whl.metadata (5.0 kB)
2024-06-12T11:42:02.3628591Z Collecting cachetools>=5.3.2 (from tox)
2024-06-12T11:42:02.3774225Z   Downloading cachetools-5.3.3-py3-none-any.whl.metadata (5.3 kB)
2024-06-12T11:42:02.3959306Z Collecting chardet>=5.2 (from tox)
2024-06-12T11:42:02.4102544Z   Downloading chardet-5.2.0-py3-none-any.whl.metadata (3.4 kB)
2024-06-12T11:42:02.4336807Z Collecting colorama>=0.4.6 (from tox)
2024-06-12T11:42:02.4485296Z   Downloading colorama-0.4.6-py2.py3-none-any.whl.metadata (17 kB)
2024-06-12T11:42:02.4807437Z Collecting filelock>=3.13.1 (from tox)
2024-06-12T11:42:02.4949940Z   Downloading filelock-3.14.0-py3-none-any.whl.metadata (2.8 kB)
2024-06-12T11:42:02.5218505Z Collecting packaging>=23.2 (from tox)
2024-06-12T11:42:02.5362428Z   Downloading packaging-24.1-py3-none-any.whl.metadata (3.2 kB)
2024-06-12T11:42:02.5622697Z Collecting platformdirs>=4.1 (from tox)
2024-06-12T11:42:02.5766987Z   Downloading platformdirs-4.2.2-py3-none-any.whl.metadata (11 kB)
2024-06-12T11:42:02.6018573Z Collecting pluggy>=1.3 (from tox)
2024-06-12T11:42:02.6161173Z   Downloading pluggy-1.5.0-py3-none-any.whl.metadata (4.8 kB)
2024-06-12T11:42:02.6355585Z Collecting pyproject-api>=1.6.1 (from tox)
2024-06-12T11:42:02.6504663Z   Downloading pyproject_api-1.6.1-py3-none-any.whl.metadata (2.8 kB)
2024-06-12T11:42:02.7305480Z Collecting virtualenv>=20.25 (from tox)
2024-06-12T11:42:02.7451945Z   Downloading virtualenv-20.26.2-py3-none-any.whl.metadata (4.4 kB)
2024-06-12T11:42:02.8146838Z Collecting distlib<1,>=0.3.7 (from virtualenv>=20.25->tox)
2024-06-12T11:42:02.8289736Z   Downloading distlib-0.3.8-py2.py3-none-any.whl.metadata (5.1 kB)
2024-06-12T11:42:02.8554759Z Downloading tox-4.15.1-py3-none-any.whl (156 kB)
2024-06-12T11:42:02.8857613Z    ━━━━━━━━━━━━━━━━━━━━━━━━━━━━━━━━━━━━━━━━ 156.0/156.0 kB 5.5 MB/s eta 0:00:00
2024-06-12T11:42:02.9002636Z Downloading cachetools-5.3.3-py3-none-any.whl (9.3 kB)
2024-06-12T11:42:02.9167607Z Downloading chardet-5.2.0-py3-none-any.whl (199 kB)
2024-06-12T11:42:02.9261386Z    ━━━━━━━━━━━━━━━━━━━━━━━━━━━━━━━━━━━━━━━━ 199.4/199.4 kB 25.3 MB/s eta 0:00:00
2024-06-12T11:42:02.9403897Z Downloading colorama-0.4.6-py2.py3-none-any.whl (25 kB)
2024-06-12T11:42:02.9577790Z Downloading filelock-3.14.0-py3-none-any.whl (12 kB)
2024-06-12T11:42:02.9746849Z Downloading packaging-24.1-py3-none-any.whl (53 kB)
2024-06-12T11:42:02.9795292Z    ━━━━━━━━━━━━━━━━━━━━━━━━━━━━━━━━━━━━━━━━ 54.0/54.0 kB 14.9 MB/s eta 0:00:00
2024-06-12T11:42:02.9938763Z Downloading platformdirs-4.2.2-py3-none-any.whl (18 kB)
2024-06-12T11:42:03.0107741Z Downloading pluggy-1.5.0-py3-none-any.whl (20 kB)
2024-06-12T11:42:03.0289722Z Downloading pyproject_api-1.6.1-py3-none-any.whl (12 kB)
2024-06-12T11:42:03.0457903Z Downloading virtualenv-20.26.2-py3-none-any.whl (3.9 MB)
2024-06-12T11:42:03.1019089Z    ━━━━━━━━━━━━━━━━━━━━━━━━━━━━━━━━━━━━━━━━ 3.9/3.9 MB 72.3 MB/s eta 0:00:00
2024-06-12T11:42:03.1163134Z Downloading distlib-0.3.8-py2.py3-none-any.whl (468 kB)
2024-06-12T11:42:03.1236934Z    ━━━━━━━━━━━━━━━━━━━━━━━━━━━━━━━━━━━━━━━━ 468.9/468.9 kB 82.8 MB/s eta 0:00:00
2024-06-12T11:42:03.2434519Z Installing collected packages: distlib, pluggy, platformdirs, packaging, filelock, colorama, chardet, cachetools, virtualenv, pyproject-api, tox
2024-06-12T11:42:03.8675121Z Successfully installed cachetools-5.3.3 chardet-5.2.0 colorama-0.4.6 distlib-0.3.8 filelock-3.14.0 packaging-24.1 platformdirs-4.2.2 pluggy-1.5.0 pyproject-api-1.6.1 tox-4.15.1 virtualenv-20.26.2
2024-06-12T11:42:03.9884392Z ##[group]Run tox -e py -- --cov-report=xml
2024-06-12T11:42:03.9884929Z [36;1mtox -e py -- --cov-report=xml[0m
2024-06-12T11:42:03.9944041Z shell: /usr/bin/bash -e {0}
2024-06-12T11:42:03.9944527Z env:
2024-06-12T11:42:03.9944924Z   pythonLocation: /opt/hostedtoolcache/Python/3.11.9/x64
2024-06-12T11:42:03.9945800Z   PKG_CONFIG_PATH: /opt/hostedtoolcache/Python/3.11.9/x64/lib/pkgconfig
2024-06-12T11:42:03.9946533Z   Python_ROOT_DIR: /opt/hostedtoolcache/Python/3.11.9/x64
2024-06-12T11:42:03.9947126Z   Python2_ROOT_DIR: /opt/hostedtoolcache/Python/3.11.9/x64
2024-06-12T11:42:03.9947664Z   Python3_ROOT_DIR: /opt/hostedtoolcache/Python/3.11.9/x64
2024-06-12T11:42:03.9948339Z   LD_LIBRARY_PATH: /opt/hostedtoolcache/Python/3.11.9/x64/lib
2024-06-12T11:42:03.9948833Z ##[endgroup]
2024-06-12T11:42:04.8236929Z py: install_deps> python -I -m pip install pytest pytest-cov pytest-mock
2024-06-12T11:42:07.3668503Z .pkg: install_requires> python -I -m pip install 'setuptools>=46.4.0' versioningit
2024-06-12T11:42:08.8221864Z .pkg: _optional_hooks> python /opt/hostedtoolcache/Python/3.11.9/x64/lib/python3.11/site-packages/pyproject_api/_backend.py True setuptools.build_meta
2024-06-12T11:42:09.2083368Z .pkg: get_requires_for_build_sdist> python /opt/hostedtoolcache/Python/3.11.9/x64/lib/python3.11/site-packages/pyproject_api/_backend.py True setuptools.build_meta
2024-06-12T11:42:09.4541551Z .pkg: get_requires_for_build_wheel> python /opt/hostedtoolcache/Python/3.11.9/x64/lib/python3.11/site-packages/pyproject_api/_backend.py True setuptools.build_meta
2024-06-12T11:42:09.6797304Z .pkg: install_requires_for_build_wheel> python -I -m pip install wheel
2024-06-12T11:42:10.1329596Z .pkg: freeze> python -m pip freeze --all
2024-06-12T11:42:10.4244829Z .pkg: packaging==24.1,pip==24.0,setuptools==69.5.1,versioningit==3.1.1,wheel==0.43.0
2024-06-12T11:42:10.4249326Z .pkg: prepare_metadata_for_build_wheel> python /opt/hostedtoolcache/Python/3.11.9/x64/lib/python3.11/site-packages/pyproject_api/_backend.py True setuptools.build_meta
2024-06-12T11:42:10.7640065Z .pkg: build_sdist> python /opt/hostedtoolcache/Python/3.11.9/x64/lib/python3.11/site-packages/pyproject_api/_backend.py True setuptools.build_meta
2024-06-12T11:42:11.0102242Z py: install_package_deps> python -I -m pip install 'PyYAML>=5.0' 'click-loglevel~=0.2' 'click>=7.0' 'ghtoken~=0.1' 'in-place~=1.0' 'pydantic~=2.0' 'python-dateutil~=2.7' 'python-dotenv<2.0,>=0.11' 'requests~=2.20' 'typing-extensions; python_version < "3.9"'
2024-06-12T11:42:14.7695257Z py: install_package> python -I -m pip install --force-reinstall --no-deps /home/runner/work/tinuous/tinuous/.tox/.tmp/package/1/tinuous-0.6.1.post75+gc7167a9.tar.gz
2024-06-12T11:42:18.1189642Z py: freeze> python -m pip freeze --all
2024-06-12T11:42:18.4401370Z py: annotated-types==0.7.0,certifi==2024.6.2,charset-normalizer==3.3.2,click==8.1.7,click-loglevel==0.5.0,coverage==7.5.3,ghtoken==0.1.0,idna==3.7,in-place==1.0.0,iniconfig==2.0.0,packaging==24.1,pip==24.0,pluggy==1.5.0,pydantic==2.7.3,pydantic_core==2.18.4,pytest==8.2.2,pytest-cov==5.0.0,pytest-mock==3.14.0,python-dateutil==2.9.0.post0,python-dotenv==1.0.1,PyYAML==6.0.1,requests==2.32.3,ruamel.yaml==0.18.6,ruamel.yaml.clib==0.2.8,setuptools==69.5.1,six==1.16.0,tinuous @ file:///home/runner/work/tinuous/tinuous/.tox/.tmp/package/1/tinuous-0.6.1.post75%2Bgc7167a9.tar.gz#sha256=47cedede5f18f6966383e17daef295daa0a7ca63727186e781805d3537ed1a27,typing_extensions==4.12.2,urllib3==2.2.1,wheel==0.43.0
2024-06-12T11:42:18.4405664Z py: commands[0]> tinuous --help
2024-06-12T11:42:18.7638212Z Usage: tinuous [OPTIONS] COMMAND [ARGS]...
2024-06-12T11:42:18.7638832Z 
2024-06-12T11:42:18.7640219Z   Download build logs from GitHub Actions, Travis, Appveyor, and CircleCI
2024-06-12T11:42:18.7642159Z 
2024-06-12T11:42:18.7642810Z Options:
2024-06-12T11:42:18.7644318Z   -V, --version                   Show the version and exit.
2024-06-12T11:42:18.7646087Z   -c, --config FILE               Read configuration from the given file
2024-06-12T11:42:18.7647975Z                                   [default: tinuous.yaml]
2024-06-12T11:42:18.7649212Z   -E, --env FILE                  Load environment variables from given .env
2024-06-12T11:42:18.7650251Z                                   file
2024-06-12T11:42:18.7651144Z   -l, --log-level [NOTSET|DEBUG|INFO|WARNING|ERROR|CRITICAL]
2024-06-12T11:42:18.7652296Z                                   Set logging level  [default: INFO]
2024-06-12T11:42:18.7653365Z   --help                          Show this message and exit.
2024-06-12T11:42:18.7653907Z 
2024-06-12T11:42:18.7654155Z Commands:
2024-06-12T11:42:18.7654739Z   fetch         Download logs
2024-06-12T11:42:18.7655502Z   fetch-commit  Download logs for a specific commit
2024-06-12T11:42:18.7656340Z   sanitize      Sanitize secrets in logs
2024-06-12T11:42:18.7995560Z py: commands[1]> pytest --cov-report=xml test
2024-06-12T11:42:20.2160240Z ============================= test session starts ==============================
2024-06-12T11:42:20.2161941Z platform linux -- Python 3.11.9, pytest-8.2.2, pluggy-1.5.0
2024-06-12T11:42:20.2163547Z cachedir: .tox/py/.pytest_cache
2024-06-12T11:42:20.2164458Z rootdir: /home/runner/work/tinuous/tinuous
2024-06-12T11:42:20.2165345Z configfile: tox.ini
2024-06-12T11:42:20.2166261Z plugins: mock-3.14.0, cov-5.0.0
2024-06-12T11:42:20.2166650Z collected 64 items
2024-06-12T11:42:20.2166898Z 
2024-06-12T11:42:20.2282690Z test/test_base.py .........                                              [ 14%]
2024-06-12T11:42:20.2384842Z test/test_config.py ........                                             [ 26%]
2024-06-12T11:42:20.2571017Z test/test_state.py ........                                              [ 39%]
2024-06-12T11:42:20.4924391Z test/test_util.py .......................................                [100%]
2024-06-12T11:42:20.4925012Z 
2024-06-12T11:42:20.4925645Z ---------- coverage: platform linux, python 3.11.9-final-0 -----------
2024-06-12T11:42:20.4926610Z Coverage XML written to file coverage.xml
2024-06-12T11:42:20.4928628Z 
2024-06-12T11:42:20.4928998Z 
2024-06-12T11:42:20.4929701Z ============================== 64 passed in 0.76s ==============================
2024-06-12T11:42:20.5721439Z   py: OK (16.07=setup[13.94]+cmd[0.36,1.77] seconds)
2024-06-12T11:42:20.5722504Z   congratulations :) (16.31 seconds)
2024-06-12T11:42:20.6089618Z ##[group]Run codecov/codecov-action@v4
2024-06-12T11:42:20.6090456Z with:
2024-06-12T11:42:20.6090988Z   fail_ci_if_error: false
2024-06-12T11:42:20.6091854Z   token: ***
2024-06-12T11:42:20.6092490Z   name: 3.11
2024-06-12T11:42:20.6092973Z env:
2024-06-12T11:42:20.6093693Z   pythonLocation: /opt/hostedtoolcache/Python/3.11.9/x64
2024-06-12T11:42:20.6094701Z   PKG_CONFIG_PATH: /opt/hostedtoolcache/Python/3.11.9/x64/lib/pkgconfig
2024-06-12T11:42:20.6095819Z   Python_ROOT_DIR: /opt/hostedtoolcache/Python/3.11.9/x64
2024-06-12T11:42:20.6096743Z   Python2_ROOT_DIR: /opt/hostedtoolcache/Python/3.11.9/x64
2024-06-12T11:42:20.6097405Z   Python3_ROOT_DIR: /opt/hostedtoolcache/Python/3.11.9/x64
2024-06-12T11:42:20.6098198Z   LD_LIBRARY_PATH: /opt/hostedtoolcache/Python/3.11.9/x64/lib
2024-06-12T11:42:20.6098700Z ##[endgroup]
2024-06-12T11:42:20.6945265Z evenName: pull_request
2024-06-12T11:42:20.6946626Z baseRef: con:master | headRef: con:gh-189
2024-06-12T11:42:20.6951010Z evenName: pull_request
2024-06-12T11:42:20.6951939Z baseRef: con:master | headRef: con:gh-189
2024-06-12T11:42:20.6956039Z evenName: pull_request
2024-06-12T11:42:20.6957115Z baseRef: con:master | headRef: con:gh-189
2024-06-12T11:42:20.6958305Z ==> linux OS detected
2024-06-12T11:42:21.1446846Z https://cli.codecov.io/latest/linux/codecov.SHA256SUM
2024-06-12T11:42:21.3537969Z gpg: directory '/home/runner/.gnupg' created
2024-06-12T11:42:21.3539961Z gpg: keybox '/home/runner/.gnupg/pubring.kbx' created
2024-06-12T11:42:21.3558552Z gpg: /home/runner/.gnupg/trustdb.gpg: trustdb created
2024-06-12T11:42:21.3560041Z gpg: key 806BB28AED779869: public key "Codecov Uploader (Codecov Uploader Verification Key) <security@codecov.io>" imported
2024-06-12T11:42:21.3864421Z gpg: Total number processed: 1
2024-06-12T11:42:21.3865285Z gpg:               imported: 1
2024-06-12T11:42:21.3921456Z gpg: Signature made Wed May  8 17:49:27 2024 UTC
2024-06-12T11:42:21.3922443Z gpg:                using RSA key 27034E7FDB850E0BBC2C62FF806BB28AED779869
2024-06-12T11:42:21.3926048Z gpg: Good signature from "Codecov Uploader (Codecov Uploader Verification Key) <security@codecov.io>" [unknown]
2024-06-12T11:42:21.3927610Z gpg: WARNING: This key is not certified with a trusted signature!
2024-06-12T11:42:21.3928790Z gpg:          There is no indication that the signature belongs to the owner.
2024-06-12T11:42:21.3929976Z Primary key fingerprint: 2703 4E7F DB85 0E0B BC2C  62FF 806B B28A ED77 9869
2024-06-12T11:42:21.4447865Z ==> Uploader SHASUM verified (209d13481be406d6a2aa9519fa61c84883e3213308b5628c43a5e94cae75b8e6  codecov)
2024-06-12T11:42:21.4449396Z ==> Running version latest
2024-06-12T11:42:21.5082154Z ==> Running version v0.6.0
2024-06-12T11:42:21.5085472Z ==> Running git config --global --add safe.directory /home/runner/work/tinuous/tinuous
2024-06-12T11:42:21.5119274Z [command]/usr/bin/git config --global --add safe.directory /home/runner/work/tinuous/tinuous
2024-06-12T11:42:21.5172790Z ==> Running command '/home/runner/work/_actions/codecov/codecov-action/v4/dist/codecov create-commit'
2024-06-12T11:42:21.5175066Z [command]/home/runner/work/_actions/codecov/codecov-action/v4/dist/codecov create-commit --git-service github -C 97fcd4030767106a50cc40e38d547e9a0aa95f65
2024-06-12T11:42:22.2006273Z info - 2024-06-12 11:42:22,199 -- ci service found: github-actions
2024-06-12T11:42:22.3675567Z info - 2024-06-12 11:42:22,366 -- Process Commit creating complete
2024-06-12T11:42:22.4288974Z ==> Running command '/home/runner/work/_actions/codecov/codecov-action/v4/dist/codecov create-report'
2024-06-12T11:42:22.4291671Z [command]/home/runner/work/_actions/codecov/codecov-action/v4/dist/codecov create-report --git-service github -C 97fcd4030767106a50cc40e38d547e9a0aa95f65
2024-06-12T11:42:23.1215754Z info - 2024-06-12 11:42:23,121 -- ci service found: github-actions
2024-06-12T11:42:23.2147806Z info - 2024-06-12 11:42:23,214 -- Process Report creating complete
2024-06-12T11:42:23.2150090Z info - 2024-06-12 11:42:23,214 -- Finished creating report successfully --- {"response": "{\"external_id\":\"fa7df1b9-983c-41e2-8979-cbbb3f7587e1\",\"created_at\":\"2024-06-12T11:42:23.184170Z\",\"commit_sha\":\"97fcd4030767106a50cc40e38d547e9a0aa95f65\",\"code\":null}"}
2024-06-12T11:42:23.2740309Z ==> Running command '/home/runner/work/_actions/codecov/codecov-action/v4/dist/codecov do-upload'
2024-06-12T11:42:23.2742359Z [command]/home/runner/work/_actions/codecov/codecov-action/v4/dist/codecov do-upload --git-service github -n 3.11 -C 97fcd4030767106a50cc40e38d547e9a0aa95f65
2024-06-12T11:42:23.9550589Z info - 2024-06-12 11:42:23,954 -- ci service found: github-actions
2024-06-12T11:42:23.9657576Z warning - 2024-06-12 11:42:23,965 -- xcrun is not installed or can't be found.
2024-06-12T11:42:24.0036244Z warning - 2024-06-12 11:42:24,003 -- No gcov data found.
2024-06-12T11:42:24.0037268Z warning - 2024-06-12 11:42:24,003 -- coverage.py is not installed or can't be found.
2024-06-12T11:42:24.0130019Z info - 2024-06-12 11:42:24,012 -- Found 1 coverage files to report
2024-06-12T11:42:24.0131118Z info - 2024-06-12 11:42:24,012 -- > /home/runner/work/tinuous/tinuous/coverage.xml
2024-06-12T11:42:24.2272055Z info - 2024-06-12 11:42:24,226 -- Your upload is now processing. When finished, results will be available at: https://app.codecov.io/github/con/tinuous/commit/97fcd4030767106a50cc40e38d547e9a0aa95f65
2024-06-12T11:42:24.4627602Z info - 2024-06-12 11:42:24,462 -- Process Upload complete
2024-06-12T11:42:24.5439975Z Post job cleanup.
2024-06-12T11:42:24.6954594Z Post job cleanup.
2024-06-12T11:42:24.7899472Z [command]/usr/bin/git version
2024-06-12T11:42:24.7939181Z git version 2.45.2
2024-06-12T11:42:24.7981669Z Copying '/home/runner/.gitconfig' to '/home/runner/work/_temp/3d05f56f-299a-426d-b6a2-521992455670/.gitconfig'
2024-06-12T11:42:24.7992035Z Temporarily overriding HOME='/home/runner/work/_temp/3d05f56f-299a-426d-b6a2-521992455670' before making global git config changes
2024-06-12T11:42:24.7993232Z Adding repository directory to the temporary git global config as a safe directory
2024-06-12T11:42:24.7997774Z [command]/usr/bin/git config --global --add safe.directory /home/runner/work/tinuous/tinuous
2024-06-12T11:42:24.8035177Z [command]/usr/bin/git config --local --name-only --get-regexp core\.sshCommand
2024-06-12T11:42:24.8068505Z [command]/usr/bin/git submodule foreach --recursive sh -c "git config --local --name-only --get-regexp 'core\.sshCommand' && git config --local --unset-all 'core.sshCommand' || :"
2024-06-12T11:42:24.8312410Z [command]/usr/bin/git config --local --name-only --get-regexp http\.https\:\/\/github\.com\/\.extraheader
2024-06-12T11:42:24.8335361Z http.https://github.com/.extraheader
2024-06-12T11:42:24.8350390Z [command]/usr/bin/git config --local --unset-all http.https://github.com/.extraheader
2024-06-12T11:42:24.8386500Z [command]/usr/bin/git submodule foreach --recursive sh -c "git config --local --name-only --get-regexp 'http\.https\:\/\/github\.com\/\.extraheader' && git config --local --unset-all 'http.https://github.com/.extraheader' || :"
2024-06-12T11:42:24.8844112Z Cleaning up orphan processes
