2021-05-14T12:44:09.9372153Z ##[section]Starting: Request a runner to run this job
2021-05-14T12:44:10.3285513Z Can't find any online and idle self-hosted runner in current repository that matches the required labels: 'ubuntu-latest'
2021-05-14T12:44:10.3285594Z Can't find any online and idle self-hosted runner in current repository's account/organization that matches the required labels: 'ubuntu-latest'
2021-05-14T12:44:10.3285804Z Found online and idle hosted runner in current repository's account/organization that matches the required labels: 'ubuntu-latest'
2021-05-14T12:44:10.4685177Z ##[section]Finishing: Request a runner to run this job
2021-05-14T12:44:18.1302099Z Current runner version: '2.278.0'
2021-05-14T12:44:18.1330500Z ##[group]Operating System
2021-05-14T12:44:18.1331672Z Ubuntu
2021-05-14T12:44:18.1332109Z 20.04.2
2021-05-14T12:44:18.1332565Z LTS
2021-05-14T12:44:18.1333011Z ##[endgroup]
2021-05-14T12:44:18.1333609Z ##[group]Virtual Environment
2021-05-14T12:44:18.1334314Z Environment: ubuntu-20.04
2021-05-14T12:44:18.1335003Z Version: 20210510.0
2021-05-14T12:44:18.1336141Z Included Software: https://github.com/actions/virtual-environments/blob/ubuntu20/20210510.0/images/linux/Ubuntu2004-README.md
2021-05-14T12:44:18.1337395Z Image Release: https://github.com/actions/virtual-environments/releases/tag/ubuntu20%2F20210510.0
2021-05-14T12:44:18.1338422Z ##[endgroup]
2021-05-14T12:44:18.1340569Z ##[group]GITHUB_TOKEN Permissions
2021-05-14T12:44:18.1342000Z Actions: write
2021-05-14T12:44:18.1343092Z Checks: write
2021-05-14T12:44:18.1343859Z Contents: write
2021-05-14T12:44:18.1344487Z Deployments: write
2021-05-14T12:44:18.1345155Z Issues: write
2021-05-14T12:44:18.1345733Z Metadata: read
2021-05-14T12:44:18.1346687Z Packages: write
2021-05-14T12:44:18.1347200Z PullRequests: write
2021-05-14T12:44:18.1348125Z RepositoryProjects: write
2021-05-14T12:44:18.1348730Z SecurityEvents: write
2021-05-14T12:44:18.1349296Z Statuses: write
2021-05-14T12:44:18.1349939Z ##[endgroup]
2021-05-14T12:44:18.1353186Z Prepare workflow directory
2021-05-14T12:44:18.2054057Z Prepare all required actions
2021-05-14T12:44:18.2066415Z Getting action download info
2021-05-14T12:44:18.5445814Z Download action repository 'actions/checkout@v2'
2021-05-14T12:44:20.5807808Z Download action repository 'actions/setup-python@v2'
2021-05-14T12:44:22.1025630Z ##[group]Run actions/checkout@v2
2021-05-14T12:44:22.1026772Z with:
2021-05-14T12:44:22.1027225Z   repository: con/tinuous
2021-05-14T12:44:22.1028412Z   token: ***
2021-05-14T12:44:22.1029045Z   ssh-strict: true
2021-05-14T12:44:22.1029898Z   persist-credentials: true
2021-05-14T12:44:22.1030457Z   clean: true
2021-05-14T12:44:22.1030871Z   fetch-depth: 1
2021-05-14T12:44:22.1031361Z   lfs: false
2021-05-14T12:44:22.1031782Z   submodules: false
2021-05-14T12:44:22.1032286Z ##[endgroup]
2021-05-14T12:44:22.3534918Z Syncing repository: con/tinuous
2021-05-14T12:44:22.3580136Z ##[group]Getting Git version info
2021-05-14T12:44:22.3585671Z Working directory is '/home/runner/work/tinuous/tinuous'
2021-05-14T12:44:22.3586590Z [command]/usr/bin/git version
2021-05-14T12:44:22.8371179Z git version 2.31.1
2021-05-14T12:44:22.8378892Z ##[endgroup]
2021-05-14T12:44:22.8380026Z Deleting the contents of '/home/runner/work/tinuous/tinuous'
2021-05-14T12:44:22.8381892Z ##[group]Initializing the repository
2021-05-14T12:44:22.8382782Z [command]/usr/bin/git init /home/runner/work/tinuous/tinuous
2021-05-14T12:44:22.8384074Z hint: Using 'master' as the name for the initial branch. This default branch name
2021-05-14T12:44:22.8385129Z hint: is subject to change. To configure the initial branch name to use in all
2021-05-14T12:44:22.8386102Z hint: of your new repositories, which will suppress this warning, call:
2021-05-14T12:44:22.8386952Z hint: 
2021-05-14T12:44:22.8388337Z hint: 	git config --global init.defaultBranch <name>
2021-05-14T12:44:22.8389114Z hint: 
2021-05-14T12:44:22.8390275Z hint: Names commonly chosen instead of 'master' are 'main', 'trunk' and
2021-05-14T12:44:22.8391662Z hint: 'development'. The just-created branch can be renamed via this command:
2021-05-14T12:44:22.8392562Z hint: 
2021-05-14T12:44:22.8393602Z hint: 	git branch -m <name>
2021-05-14T12:44:22.8394444Z Initialized empty Git repository in /home/runner/work/tinuous/tinuous/.git/
2021-05-14T12:44:22.8395487Z [command]/usr/bin/git remote add origin https://github.com/con/tinuous
2021-05-14T12:44:22.8396286Z ##[endgroup]
2021-05-14T12:44:22.8397070Z ##[group]Disabling automatic garbage collection
2021-05-14T12:44:22.8398137Z [command]/usr/bin/git config --local gc.auto 0
2021-05-14T12:44:22.8398822Z ##[endgroup]
2021-05-14T12:44:22.8400921Z ##[group]Setting up auth
2021-05-14T12:44:22.8402628Z [command]/usr/bin/git config --local --name-only --get-regexp core\.sshCommand
2021-05-14T12:44:22.8405203Z [command]/usr/bin/git submodule foreach --recursive git config --local --name-only --get-regexp 'core\.sshCommand' && git config --local --unset-all 'core.sshCommand' || :
2021-05-14T12:44:22.8406947Z [command]/usr/bin/git config --local --name-only --get-regexp http\.https\:\/\/github\.com\/\.extraheader
2021-05-14T12:44:22.8409048Z [command]/usr/bin/git submodule foreach --recursive git config --local --name-only --get-regexp 'http\.https\:\/\/github\.com\/\.extraheader' && git config --local --unset-all 'http.https://github.com/.extraheader' || :
2021-05-14T12:44:22.8411063Z [command]/usr/bin/git config --local http.https://github.com/.extraheader AUTHORIZATION: basic ***
2021-05-14T12:44:22.8412198Z ##[endgroup]
2021-05-14T12:44:22.8413064Z ##[group]Fetching the repository
2021-05-14T12:44:22.8415022Z [command]/usr/bin/git -c protocol.version=2 fetch --no-tags --prune --progress --no-recurse-submodules --depth=1 origin +12ecc5baa5b4e7efe0d70ff18a4f99a45dc96c78:refs/remotes/origin/gh-43
2021-05-14T12:44:22.8416764Z remote: Enumerating objects: 24, done.        
2021-05-14T12:44:22.8417469Z remote: Counting objects:   4% (1/24)        
2021-05-14T12:44:22.8418128Z remote: Counting objects:   8% (2/24)        
2021-05-14T12:44:22.8419381Z remote: Counting objects:  12% (3/24)        
2021-05-14T12:44:22.8420094Z remote: Counting objects:  16% (4/24)        
2021-05-14T12:44:22.8420746Z remote: Counting objects:  20% (5/24)        
2021-05-14T12:44:22.8421647Z remote: Counting objects:  25% (6/24)        
2021-05-14T12:44:22.8422525Z remote: Counting objects:  29% (7/24)        
2021-05-14T12:44:22.8423681Z remote: Counting objects:  33% (8/24)        
2021-05-14T12:44:22.8424622Z remote: Counting objects:  37% (9/24)        
2021-05-14T12:44:22.8425333Z remote: Counting objects:  41% (10/24)        
2021-05-14T12:44:22.8426127Z remote: Counting objects:  45% (11/24)        
2021-05-14T12:44:22.8427024Z remote: Counting objects:  50% (12/24)        
2021-05-14T12:44:22.8429105Z remote: Counting objects:  54% (13/24)        
2021-05-14T12:44:22.8429823Z remote: Counting objects:  58% (14/24)        
2021-05-14T12:44:22.8430462Z remote: Counting objects:  62% (15/24)        
2021-05-14T12:44:22.8431211Z remote: Counting objects:  66% (16/24)        
2021-05-14T12:44:22.8431895Z remote: Counting objects:  70% (17/24)        
2021-05-14T12:44:22.8433218Z remote: Counting objects:  75% (18/24)        
2021-05-14T12:44:22.8434997Z remote: Counting objects:  79% (19/24)        
2021-05-14T12:44:22.8435889Z remote: Counting objects:  83% (20/24)        
2021-05-14T12:44:22.8436645Z remote: Counting objects:  87% (21/24)        
2021-05-14T12:44:22.8437406Z remote: Counting objects:  91% (22/24)        
2021-05-14T12:44:22.8438549Z remote: Counting objects:  95% (23/24)        
2021-05-14T12:44:22.8439431Z remote: Counting objects: 100% (24/24)        
2021-05-14T12:44:22.8440189Z remote: Counting objects: 100% (24/24), done.        
2021-05-14T12:44:22.8440929Z remote: Compressing objects:   5% (1/19)        
2021-05-14T12:44:22.8441696Z remote: Compressing objects:  10% (2/19)        
2021-05-14T12:44:22.8442402Z remote: Compressing objects:  15% (3/19)        
2021-05-14T12:44:22.8443155Z remote: Compressing objects:  21% (4/19)        
2021-05-14T12:44:22.8443910Z remote: Compressing objects:  26% (5/19)        
2021-05-14T12:44:22.8444775Z remote: Compressing objects:  31% (6/19)        
2021-05-14T12:44:22.8445523Z remote: Compressing objects:  36% (7/19)        
2021-05-14T12:44:22.8447235Z remote: Compressing objects:  42% (8/19)        
2021-05-14T12:44:22.8448006Z remote: Compressing objects:  47% (9/19)        
2021-05-14T12:44:22.8448787Z remote: Compressing objects:  52% (10/19)        
2021-05-14T12:44:22.8449661Z remote: Compressing objects:  57% (11/19)        
2021-05-14T12:44:22.8450403Z remote: Compressing objects:  63% (12/19)        
2021-05-14T12:44:22.8451153Z remote: Compressing objects:  68% (13/19)        
2021-05-14T12:44:22.8452042Z remote: Compressing objects:  73% (14/19)        
2021-05-14T12:44:22.8452815Z remote: Compressing objects:  78% (15/19)        
2021-05-14T12:44:22.8453500Z remote: Compressing objects:  84% (16/19)        
2021-05-14T12:44:22.8454262Z remote: Compressing objects:  89% (17/19)        
2021-05-14T12:44:22.8455189Z remote: Compressing objects:  94% (18/19)        
2021-05-14T12:44:22.8455885Z remote: Compressing objects: 100% (19/19)        
2021-05-14T12:44:22.8456701Z remote: Compressing objects: 100% (19/19), done.        
2021-05-14T12:44:22.8457879Z remote: Total 24 (delta 1), reused 17 (delta 1), pack-reused 0        
2021-05-14T12:44:22.8458839Z From https://github.com/con/tinuous
2021-05-14T12:44:22.8460172Z  * [new ref]         12ecc5baa5b4e7efe0d70ff18a4f99a45dc96c78 -> origin/gh-43
2021-05-14T12:44:22.8461152Z ##[endgroup]
2021-05-14T12:44:22.8461745Z ##[group]Determining the checkout info
2021-05-14T12:44:22.8462261Z ##[endgroup]
2021-05-14T12:44:22.8462779Z ##[group]Checking out the ref
2021-05-14T12:44:22.8463972Z [command]/usr/bin/git checkout --progress --force -B gh-43 refs/remotes/origin/gh-43
2021-05-14T12:44:22.8464808Z Switched to a new branch 'gh-43'
2021-05-14T12:44:22.8465657Z Branch 'gh-43' set up to track remote branch 'gh-43' from 'origin'.
2021-05-14T12:44:22.8466228Z ##[endgroup]
2021-05-14T12:44:22.8467159Z [command]/usr/bin/git log -1 --format='%H'
2021-05-14T12:44:23.5857312Z '12ecc5baa5b4e7efe0d70ff18a4f99a45dc96c78'
2021-05-14T12:44:23.6253318Z ##[group]Run actions/setup-python@v2
2021-05-14T12:44:23.6253880Z with:
2021-05-14T12:44:23.6254301Z   python-version: 3.8
2021-05-14T12:44:23.6255214Z   token: ***
2021-05-14T12:44:23.6255621Z ##[endgroup]
2021-05-14T12:44:23.7006956Z Successfully setup CPython (3.8.10)
2021-05-14T12:44:23.7070620Z ##[group]Run python -m pip install --upgrade pip wheel
2021-05-14T12:44:23.7071444Z [36;1mpython -m pip install --upgrade pip wheel[0m
2021-05-14T12:44:23.7072020Z [36;1mpython -m pip install .[0m
2021-05-14T12:44:23.7118437Z shell: /usr/bin/bash -e {0}
2021-05-14T12:44:23.7118864Z env:
2021-05-14T12:44:23.7119454Z   pythonLocation: /opt/hostedtoolcache/Python/3.8.10/x64
2021-05-14T12:44:23.7120240Z   LD_LIBRARY_PATH: /opt/hostedtoolcache/Python/3.8.10/x64/lib
2021-05-14T12:44:23.7120833Z ##[endgroup]
2021-05-14T12:44:25.6670788Z Requirement already satisfied: pip in /opt/hostedtoolcache/Python/3.8.10/x64/lib/python3.8/site-packages (21.1.1)
2021-05-14T12:44:25.9164751Z Collecting wheel
2021-05-14T12:44:25.9880455Z   Downloading wheel-0.36.2-py2.py3-none-any.whl (35 kB)
2021-05-14T12:44:26.0610561Z Installing collected packages: wheel
2021-05-14T12:44:26.0968094Z Successfully installed wheel-0.36.2
2021-05-14T12:44:26.6768898Z Processing /home/runner/work/tinuous/tinuous
2021-05-14T12:44:26.6778892Z   DEPRECATION: A future pip version will change local packages to be built in-place without first copying to a temporary directory. We recommend you use --use-feature=in-tree-build to test your packages with this new behavior before it becomes the default.
2021-05-14T12:44:26.6781322Z    pip 21.3 will remove support for this functionality. You can find discussion regarding this at https://github.com/pypa/pip/issues/7555.
2021-05-14T12:44:27.7106075Z   Installing build dependencies: started
2021-05-14T12:44:30.4134517Z   Installing build dependencies: finished with status 'done'
2021-05-14T12:44:30.4163777Z   Getting requirements to build wheel: started
2021-05-14T12:44:30.9506606Z   Getting requirements to build wheel: finished with status 'done'
2021-05-14T12:44:30.9544257Z     Preparing wheel metadata: started
2021-05-14T12:44:31.2563334Z     Preparing wheel metadata: finished with status 'done'
2021-05-14T12:44:31.3755025Z Collecting PyGithub~=1.53
2021-05-14T12:44:31.4337172Z   Downloading PyGithub-1.55-py3-none-any.whl (291 kB)
2021-05-14T12:44:31.5176608Z Collecting in-place~=0.4
2021-05-14T12:44:31.5326226Z   Downloading in_place-0.5.0-py3-none-any.whl (9.1 kB)
2021-05-14T12:44:31.5801098Z Collecting datalad~=0.14
2021-05-14T12:44:31.5988798Z   Downloading datalad-0.14.4.tar.gz (1.6 MB)
2021-05-14T12:44:32.5815441Z   Installing build dependencies: started
2021-05-14T12:44:34.6615432Z   Installing build dependencies: finished with status 'done'
2021-05-14T12:44:34.6668698Z   Getting requirements to build wheel: started
2021-05-14T12:44:35.1233053Z   Getting requirements to build wheel: finished with status 'done'
2021-05-14T12:44:35.1294624Z     Preparing wheel metadata: started
2021-05-14T12:44:35.6502395Z     Preparing wheel metadata: finished with status 'done'
2021-05-14T12:44:35.8709112Z Collecting pydantic~=1.7
2021-05-14T12:44:35.8832734Z   Downloading pydantic-1.8.2-cp38-cp38-manylinux2014_x86_64.whl (13.7 MB)
2021-05-14T12:44:36.4234840Z Collecting python-dateutil~=2.7
2021-05-14T12:44:36.4396494Z   Downloading python_dateutil-2.8.1-py2.py3-none-any.whl (227 kB)
2021-05-14T12:44:36.5374436Z Collecting requests~=2.20
2021-05-14T12:44:36.5525620Z   Downloading requests-2.25.1-py2.py3-none-any.whl (61 kB)
2021-05-14T12:44:36.6593370Z Collecting PyYAML~=5.0
2021-05-14T12:44:36.6762436Z   Downloading PyYAML-5.4.1-cp38-cp38-manylinux1_x86_64.whl (662 kB)
2021-05-14T12:44:36.7179430Z Collecting click-loglevel~=0.2
2021-05-14T12:44:36.7331258Z   Downloading click_loglevel-0.3.0-py3-none-any.whl (5.0 kB)
2021-05-14T12:44:36.7937619Z Collecting click~=7.0
2021-05-14T12:44:36.8088931Z   Downloading click-7.1.2-py2.py3-none-any.whl (82 kB)
2021-05-14T12:44:37.0364083Z Collecting appdirs
2021-05-14T12:44:37.0514919Z   Downloading appdirs-1.4.4-py2.py3-none-any.whl (9.6 kB)
2021-05-14T12:44:37.0954245Z Collecting humanize
2021-05-14T12:44:37.1097166Z   Downloading humanize-3.5.0-py3-none-any.whl (73 kB)
2021-05-14T12:44:37.1751479Z Collecting boto
2021-05-14T12:44:37.1959469Z   Downloading boto-2.49.0-py2.py3-none-any.whl (1.4 MB)
2021-05-14T12:44:37.3344390Z Collecting whoosh
2021-05-14T12:44:37.3523869Z   Downloading Whoosh-2.7.4-py2.py3-none-any.whl (468 kB)
2021-05-14T12:44:37.3870230Z Collecting chardet>=3.0.4
2021-05-14T12:44:37.4011272Z   Downloading chardet-4.0.0-py2.py3-none-any.whl (178 kB)
2021-05-14T12:44:37.4316761Z Collecting iso8601
2021-05-14T12:44:37.4458781Z   Downloading iso8601-0.1.14-py2.py3-none-any.whl (9.5 kB)
2021-05-14T12:44:37.4738161Z Collecting wrapt
2021-05-14T12:44:37.4874270Z   Downloading wrapt-1.12.1.tar.gz (27 kB)
2021-05-14T12:44:38.1557914Z Collecting keyrings.alt
2021-05-14T12:44:38.1713151Z   Downloading keyrings.alt-4.0.2-py3-none-any.whl (20 kB)
2021-05-14T12:44:38.2596006Z Collecting msgpack
2021-05-14T12:44:38.2743250Z   Downloading msgpack-1.0.2-cp38-cp38-manylinux1_x86_64.whl (302 kB)
2021-05-14T12:44:38.3048308Z Collecting patool>=1.7
2021-05-14T12:44:38.3197911Z   Downloading patool-1.12-py2.py3-none-any.whl (77 kB)
2021-05-14T12:44:38.4370053Z Collecting simplejson
2021-05-14T12:44:38.4516418Z   Downloading simplejson-3.17.2-cp38-cp38-manylinux2010_x86_64.whl (137 kB)
2021-05-14T12:44:38.4807429Z Collecting jsmin
2021-05-14T12:44:38.4980437Z   Downloading jsmin-2.2.2.tar.gz (12 kB)
2021-05-14T12:44:38.7726400Z Collecting fasteners>=0.14
2021-05-14T12:44:38.7870201Z   Downloading fasteners-0.16-py2.py3-none-any.whl (28 kB)
2021-05-14T12:44:38.8182898Z Collecting distro
2021-05-14T12:44:38.8323883Z   Downloading distro-1.5.0-py2.py3-none-any.whl (18 kB)
2021-05-14T12:44:38.8619286Z Collecting annexremote
2021-05-14T12:44:38.8768090Z   Downloading annexremote-1.5.0-py3-none-any.whl (25 kB)
2021-05-14T12:44:39.0044383Z Collecting keyring>=8.0
2021-05-14T12:44:39.1048525Z   Downloading keyring-23.0.1-py3-none-any.whl (33 kB)
2021-05-14T12:44:39.2518403Z Collecting tqdm
2021-05-14T12:44:39.2672829Z   Downloading tqdm-4.60.0-py2.py3-none-any.whl (75 kB)
2021-05-14T12:44:39.3182462Z Collecting six
2021-05-14T12:44:39.3328609Z   Downloading six-1.16.0-py2.py3-none-any.whl (11 kB)
2021-05-14T12:44:39.3899577Z Collecting jeepney>=0.4.2
2021-05-14T12:44:39.4040118Z   Downloading jeepney-0.6.0-py3-none-any.whl (45 kB)
2021-05-14T12:44:39.4375143Z Collecting SecretStorage>=3.2
2021-05-14T12:44:39.4522116Z   Downloading SecretStorage-3.3.1-py3-none-any.whl (15 kB)
2021-05-14T12:44:39.5507946Z Collecting importlib-metadata>=3.6
2021-05-14T12:44:39.5650288Z   Downloading importlib_metadata-4.0.1-py3-none-any.whl (16 kB)
2021-05-14T12:44:39.6402080Z Collecting zipp>=0.5
2021-05-14T12:44:39.6561288Z   Downloading zipp-3.4.1-py3-none-any.whl (5.2 kB)
2021-05-14T12:44:39.7071054Z Collecting typing-extensions>=3.7.4.3
2021-05-14T12:44:39.7208766Z   Downloading typing_extensions-3.10.0.0-py3-none-any.whl (26 kB)
2021-05-14T12:44:39.8257445Z Collecting pynacl>=1.4.0
2021-05-14T12:44:39.8429154Z   Downloading PyNaCl-1.4.0-cp35-abi3-manylinux1_x86_64.whl (961 kB)
2021-05-14T12:44:39.9092560Z Collecting deprecated
2021-05-14T12:44:39.9232294Z   Downloading Deprecated-1.2.12-py2.py3-none-any.whl (9.5 kB)
2021-05-14T12:44:39.9728209Z Collecting pyjwt>=2.0
2021-05-14T12:44:39.9886276Z   Downloading PyJWT-2.1.0-py3-none-any.whl (16 kB)
2021-05-14T12:44:40.3885469Z Collecting cffi>=1.4.1
2021-05-14T12:44:40.4040580Z   Downloading cffi-1.14.5-cp38-cp38-manylinux1_x86_64.whl (411 kB)
2021-05-14T12:44:40.4438410Z Collecting pycparser
2021-05-14T12:44:40.4653675Z   Downloading pycparser-2.20-py2.py3-none-any.whl (112 kB)
2021-05-14T12:44:40.5706099Z Collecting urllib3<1.27,>=1.21.1
2021-05-14T12:44:40.5859080Z   Downloading urllib3-1.26.4-py2.py3-none-any.whl (153 kB)
2021-05-14T12:44:40.6270720Z Collecting idna<3,>=2.5
2021-05-14T12:44:40.6410006Z   Downloading idna-2.10-py2.py3-none-any.whl (58 kB)
2021-05-14T12:44:40.6843156Z Collecting certifi>=2017.4.17
2021-05-14T12:44:40.6988141Z   Downloading certifi-2020.12.5-py2.py3-none-any.whl (147 kB)
2021-05-14T12:44:41.2465135Z Collecting cryptography>=2.0
2021-05-14T12:44:41.2658045Z   Downloading cryptography-3.4.7-cp36-abi3-manylinux2014_x86_64.whl (3.2 MB)
2021-05-14T12:44:41.4640361Z Collecting future
2021-05-14T12:44:41.4802108Z   Downloading future-0.18.2.tar.gz (829 kB)
2021-05-14T12:44:41.9924501Z Requirement already satisfied: setuptools in /opt/hostedtoolcache/Python/3.8.10/x64/lib/python3.8/site-packages (from humanize->datalad~=0.14->tinuous==0+untagged.1.g12ecc5b) (56.0.0)
2021-05-14T12:44:42.1416112Z Building wheels for collected packages: tinuous, datalad, wrapt, future, jsmin
2021-05-14T12:44:42.1425945Z   Building wheel for tinuous (PEP 517): started
2021-05-14T12:44:42.5053068Z   Building wheel for tinuous (PEP 517): finished with status 'done'
2021-05-14T12:44:42.5061694Z   Created wheel for tinuous: filename=tinuous-0+untagged.1.g12ecc5b-py3-none-any.whl size=14919 sha256=b88c556a95ee3f67f4a0a3d8c67dd8b902dab754acc59e17166e8ab3d007336c
2021-05-14T12:44:42.5064772Z   Stored in directory: /tmp/pip-ephem-wheel-cache-ykagqx9g/wheels/c3/66/fd/aa40fe57fc56b6eafce6be9c19ebd0e1315c64984fda7c47af
2021-05-14T12:44:42.5096547Z   Building wheel for datalad (PEP 517): started
2021-05-14T12:44:43.4950035Z   Building wheel for datalad (PEP 517): finished with status 'done'
2021-05-14T12:44:43.5014899Z   Created wheel for datalad: filename=datalad-0.14.4-py3-none-any.whl size=1609958 sha256=a21f44eb387c4334c2ec2bee5dcfb1cf5603c1ae35e0574b64d5ffff3244fd7c
2021-05-14T12:44:43.5017503Z   Stored in directory: /home/runner/.cache/pip/wheels/34/c1/81/3bb458a421d4285e47451d1e18d29134133d1a64a24c38e78f
2021-05-14T12:44:43.5080652Z   Building wheel for wrapt (setup.py): started
2021-05-14T12:44:45.3884024Z   Building wheel for wrapt (setup.py): finished with status 'done'
2021-05-14T12:44:45.3891504Z   Created wheel for wrapt: filename=wrapt-1.12.1-cp38-cp38-linux_x86_64.whl size=81805 sha256=e671c6057ca0d49953a48b206203f471308c433a1fb5427ec7e4db3654994786
2021-05-14T12:44:45.3894123Z   Stored in directory: /home/runner/.cache/pip/wheels/5f/fd/9e/b6cf5890494cb8ef0b5eaff72e5d55a70fb56316007d6dfe73
2021-05-14T12:44:45.3919071Z   Building wheel for future (setup.py): started
2021-05-14T12:44:45.9058614Z   Building wheel for future (setup.py): finished with status 'done'
2021-05-14T12:44:45.9081336Z   Created wheel for future: filename=future-0.18.2-py3-none-any.whl size=491059 sha256=dff52dd8cdbd28948def925be19d895df8a24c2225632cd2e1a61d14aa3f8825
2021-05-14T12:44:45.9083843Z   Stored in directory: /home/runner/.cache/pip/wheels/8e/70/28/3d6ccd6e315f65f245da085482a2e1c7d14b90b30f239e2cf4
2021-05-14T12:44:45.9130997Z   Building wheel for jsmin (setup.py): started
2021-05-14T12:44:47.2079767Z   Building wheel for jsmin (setup.py): finished with status 'done'
2021-05-14T12:44:47.2085134Z   Created wheel for jsmin: filename=jsmin-2.2.2-py3-none-any.whl size=13920 sha256=6fbb5719504fba878c662cb218cd194a326bca4d86654eee0cfc428a92b9f329
2021-05-14T12:44:47.2087622Z   Stored in directory: /home/runner/.cache/pip/wheels/65/b7/04/fc4b059d177fd88f3ca362ad372a15e364b0c5433121c7b135
2021-05-14T12:44:47.2110676Z Successfully built tinuous datalad wrapt future jsmin
2021-05-14T12:44:47.6451505Z Installing collected packages: pycparser, cffi, zipp, wrapt, urllib3, six, jeepney, idna, cryptography, chardet, certifi, SecretStorage, requests, pynacl, pyjwt, importlib-metadata, future, deprecated, whoosh, typing-extensions, tqdm, simplejson, PyGithub, patool, msgpack, keyrings.alt, keyring, jsmin, iso8601, humanize, fasteners, distro, click, boto, appdirs, annexremote, PyYAML, python-dateutil, pydantic, in-place, datalad, click-loglevel, tinuous
2021-05-14T12:44:52.1641941Z Successfully installed PyGithub-1.55 PyYAML-5.4.1 SecretStorage-3.3.1 annexremote-1.5.0 appdirs-1.4.4 boto-2.49.0 certifi-2020.12.5 cffi-1.14.5 chardet-4.0.0 click-7.1.2 click-loglevel-0.3.0 cryptography-3.4.7 datalad-0.14.4 deprecated-1.2.12 distro-1.5.0 fasteners-0.16 future-0.18.2 humanize-3.5.0 idna-2.10 importlib-metadata-4.0.1 in-place-0.5.0 iso8601-0.1.14 jeepney-0.6.0 jsmin-2.2.2 keyring-23.0.1 keyrings.alt-4.0.2 msgpack-1.0.2 patool-1.12 pycparser-2.20 pydantic-1.8.2 pyjwt-2.1.0 pynacl-1.4.0 python-dateutil-2.8.1 requests-2.25.1 simplejson-3.17.2 six-1.16.0 tinuous-0+untagged.1.g12ecc5b tqdm-4.60.0 typing-extensions-3.10.0.0 urllib3-1.26.4 whoosh-2.7.4 wrapt-1.12.1 zipp-3.4.1
2021-05-14T12:44:52.3147731Z ##[group]Run tinuous --help
2021-05-14T12:44:52.3148344Z [36;1mtinuous --help[0m
2021-05-14T12:44:52.3190224Z shell: /usr/bin/bash -e {0}
2021-05-14T12:44:52.3190609Z env:
2021-05-14T12:44:52.3191502Z   pythonLocation: /opt/hostedtoolcache/Python/3.8.10/x64
2021-05-14T12:44:52.3192203Z   LD_LIBRARY_PATH: /opt/hostedtoolcache/Python/3.8.10/x64/lib
2021-05-14T12:44:52.3192712Z ##[endgroup]
2021-05-14T12:44:52.4692845Z It is highly recommended to configure Git before using DataLad. Set both 'user.name' and 'user.email' configuration variables.
2021-05-14T12:44:52.4695414Z It is highly recommended to configure Git before using DataLad. Set both 'user.name' and 'user.email' configuration variables.
2021-05-14T12:44:53.2238489Z Usage: tinuous [OPTIONS] COMMAND [ARGS]...
2021-05-14T12:44:53.2239643Z 
2021-05-14T12:44:53.2240252Z   Download build logs from GitHub Actions, Travis, and Appveyor
2021-05-14T12:44:53.2240733Z 
2021-05-14T12:44:53.2241083Z Options:
2021-05-14T12:44:53.2242502Z   -c, --config FILE               Read configuration from the given file
2021-05-14T12:44:53.2243103Z                                   [default: config.yml]
2021-05-14T12:44:53.2243386Z 
2021-05-14T12:44:53.2244000Z   -l, --log-level [NOTSET|DEBUG|INFO|WARNING|ERROR|CRITICAL]
2021-05-14T12:44:53.2244598Z                                   Set logging level  [default: INFO]
2021-05-14T12:44:53.2245248Z   --help                          Show this message and exit.
2021-05-14T12:44:53.2245565Z 
2021-05-14T12:44:53.2245981Z Commands:
2021-05-14T12:44:53.2246338Z   fetch     Download logs
2021-05-14T12:44:53.2246991Z   sanitize  Sanitize secrets in logs
2021-05-14T12:44:53.2847600Z ##[group]Run python -m pip install mypy
2021-05-14T12:44:53.2848285Z [36;1mpython -m pip install mypy[0m
2021-05-14T12:44:53.2895574Z shell: /usr/bin/bash -e {0}
2021-05-14T12:44:53.2895980Z env:
2021-05-14T12:44:53.2896577Z   pythonLocation: /opt/hostedtoolcache/Python/3.8.10/x64
2021-05-14T12:44:53.2897368Z   LD_LIBRARY_PATH: /opt/hostedtoolcache/Python/3.8.10/x64/lib
2021-05-14T12:44:53.2898094Z ##[endgroup]
2021-05-14T12:44:53.9341357Z Collecting mypy
2021-05-14T12:44:53.9976165Z   Downloading mypy-0.812-cp38-cp38-manylinux2010_x86_64.whl (22.5 MB)
2021-05-14T12:44:54.8799527Z Requirement already satisfied: typing-extensions>=3.7.4 in /opt/hostedtoolcache/Python/3.8.10/x64/lib/python3.8/site-packages (from mypy) (3.10.0.0)
2021-05-14T12:44:54.9017472Z Collecting mypy-extensions<0.5.0,>=0.4.3
2021-05-14T12:44:54.9156772Z   Downloading mypy_extensions-0.4.3-py2.py3-none-any.whl (4.5 kB)
2021-05-14T12:44:55.0684710Z Collecting typed-ast<1.5.0,>=1.4.0
2021-05-14T12:44:55.0847397Z   Downloading typed_ast-1.4.3-cp38-cp38-manylinux1_x86_64.whl (774 kB)
2021-05-14T12:44:55.5284290Z Installing collected packages: typed-ast, mypy-extensions, mypy
2021-05-14T12:44:57.3226015Z Successfully installed mypy-0.812 mypy-extensions-0.4.3 typed-ast-1.4.3
2021-05-14T12:44:57.3896436Z ##[group]Run mypy src
2021-05-14T12:44:57.3896995Z [36;1mmypy src[0m
2021-05-14T12:44:57.3950370Z shell: /usr/bin/bash -e {0}
2021-05-14T12:44:57.3950919Z env:
2021-05-14T12:44:57.3951524Z   pythonLocation: /opt/hostedtoolcache/Python/3.8.10/x64
2021-05-14T12:44:57.3954998Z   LD_LIBRARY_PATH: /opt/hostedtoolcache/Python/3.8.10/x64/lib
2021-05-14T12:44:57.3955686Z ##[endgroup]
2021-05-14T12:45:02.3934296Z Success: no issues found in 2 source files
2021-05-14T12:45:02.6598207Z Post job cleanup.
2021-05-14T12:45:02.7692762Z [command]/usr/bin/git version
2021-05-14T12:45:02.7757987Z git version 2.31.1
2021-05-14T12:45:02.7800195Z [command]/usr/bin/git config --local --name-only --get-regexp core\.sshCommand
2021-05-14T12:45:02.7846259Z [command]/usr/bin/git submodule foreach --recursive git config --local --name-only --get-regexp 'core\.sshCommand' && git config --local --unset-all 'core.sshCommand' || :
2021-05-14T12:45:02.8146260Z [command]/usr/bin/git config --local --name-only --get-regexp http\.https\:\/\/github\.com\/\.extraheader
2021-05-14T12:45:02.8176421Z http.https://github.com/.extraheader
2021-05-14T12:45:02.8190210Z [command]/usr/bin/git config --local --unset-all http.https://github.com/.extraheader
2021-05-14T12:45:02.8227063Z [command]/usr/bin/git submodule foreach --recursive git config --local --name-only --get-regexp 'http\.https\:\/\/github\.com\/\.extraheader' && git config --local --unset-all 'http.https://github.com/.extraheader' || :
2021-05-14T12:45:02.8584406Z Cleaning up orphan processes
