2025-03-14T15:04:56.8527035Z Current runner version: '2.322.0'
2025-03-14T15:04:56.8561695Z ##[group]Operating System
2025-03-14T15:04:56.8562836Z Ubuntu
2025-03-14T15:04:56.8563673Z 24.04.2
2025-03-14T15:04:56.8564456Z LTS
2025-03-14T15:04:56.8565220Z ##[endgroup]
2025-03-14T15:04:56.8566188Z ##[group]Runner Image
2025-03-14T15:04:56.8567311Z Image: ubuntu-24.04
2025-03-14T15:04:56.8568180Z Version: 20250309.1.0
2025-03-14T15:04:56.8569831Z Included Software: https://github.com/actions/runner-images/blob/ubuntu24/20250309.1/images/ubuntu/Ubuntu2404-Readme.md
2025-03-14T15:04:56.8572311Z Image Release: https://github.com/actions/runner-images/releases/tag/ubuntu24%2F20250309.1
2025-03-14T15:04:56.8573885Z ##[endgroup]
2025-03-14T15:04:56.8574682Z ##[group]Runner Image Provisioner
2025-03-14T15:04:56.8575902Z 2.0.422.1
2025-03-14T15:04:56.8576615Z ##[endgroup]
2025-03-14T15:04:56.8580697Z ##[group]GITHUB_TOKEN Permissions
2025-03-14T15:04:56.8583428Z Actions: write
2025-03-14T15:04:56.8584596Z Attestations: write
2025-03-14T15:04:56.8585484Z Checks: write
2025-03-14T15:04:56.8586579Z Contents: write
2025-03-14T15:04:56.8587479Z Deployments: write
2025-03-14T15:04:56.8588268Z Discussions: write
2025-03-14T15:04:56.8589138Z Issues: write
2025-03-14T15:04:56.8589879Z Metadata: read
2025-03-14T15:04:56.8590735Z Packages: write
2025-03-14T15:04:56.8591576Z Pages: write
2025-03-14T15:04:56.8592319Z PullRequests: write
2025-03-14T15:04:56.8593189Z RepositoryProjects: write
2025-03-14T15:04:56.8594149Z SecurityEvents: write
2025-03-14T15:04:56.8595025Z Statuses: write
2025-03-14T15:04:56.8595999Z ##[endgroup]
2025-03-14T15:04:56.8598810Z Secret source: Actions
2025-03-14T15:04:56.8599930Z Prepare workflow directory
2025-03-14T15:04:56.8918438Z Prepare all required actions
2025-03-14T15:04:56.8954992Z Getting action download info
2025-03-14T15:04:57.2361143Z Download action repository 'actions/checkout@v4' (SHA:11bd71901bbe5b1630ceea73d27597364c9af683)
2025-03-14T15:04:57.3367935Z Download action repository 'actions/setup-python@v5' (SHA:42375524e23c412d93fb67b49958b491fce71c38)
2025-03-14T15:04:57.4270945Z Download action repository 'codecov/codecov-action@v5' (SHA:0565863a31f2c772f9f0395002a31e3f06189574)
2025-03-14T15:04:57.7170163Z Complete job name: test (3.8, typing)
2025-03-14T15:04:57.7839396Z ##[group]Run actions/checkout@v4
2025-03-14T15:04:57.7840198Z with:
2025-03-14T15:04:57.7840570Z   fetch-depth: 0
2025-03-14T15:04:57.7840973Z   repository: con/tinuous
2025-03-14T15:04:57.7841548Z   token: ***
2025-03-14T15:04:57.7841915Z   ssh-strict: true
2025-03-14T15:04:57.7842297Z   ssh-user: git
2025-03-14T15:04:57.7842672Z   persist-credentials: true
2025-03-14T15:04:57.7843110Z   clean: true
2025-03-14T15:04:57.7843497Z   sparse-checkout-cone-mode: true
2025-03-14T15:04:57.7843969Z   fetch-tags: false
2025-03-14T15:04:57.7844351Z   show-progress: true
2025-03-14T15:04:57.7844736Z   lfs: false
2025-03-14T15:04:57.7845092Z   submodules: false
2025-03-14T15:04:57.7845482Z   set-safe-directory: true
2025-03-14T15:04:57.7846377Z ##[endgroup]
2025-03-14T15:04:57.9781481Z Syncing repository: con/tinuous
2025-03-14T15:04:57.9783057Z ##[group]Getting Git version info
2025-03-14T15:04:57.9783716Z Working directory is '/home/runner/work/tinuous/tinuous'
2025-03-14T15:04:57.9784655Z [command]/usr/bin/git version
2025-03-14T15:04:57.9846638Z git version 2.48.1
2025-03-14T15:04:57.9874263Z ##[endgroup]
2025-03-14T15:04:57.9888829Z Temporarily overriding HOME='/home/runner/work/_temp/f053cbef-8f89-45cd-94a5-e2807ca839e8' before making global git config changes
2025-03-14T15:04:57.9890220Z Adding repository directory to the temporary git global config as a safe directory
2025-03-14T15:04:57.9893825Z [command]/usr/bin/git config --global --add safe.directory /home/runner/work/tinuous/tinuous
2025-03-14T15:04:57.9929114Z Deleting the contents of '/home/runner/work/tinuous/tinuous'
2025-03-14T15:04:57.9932881Z ##[group]Initializing the repository
2025-03-14T15:04:57.9936895Z [command]/usr/bin/git init /home/runner/work/tinuous/tinuous
2025-03-14T15:04:57.9995689Z hint: Using 'master' as the name for the initial branch. This default branch name
2025-03-14T15:04:57.9997490Z hint: is subject to change. To configure the initial branch name to use in all
2025-03-14T15:04:57.9998966Z hint: of your new repositories, which will suppress this warning, call:
2025-03-14T15:04:58.0000115Z hint:
2025-03-14T15:04:58.0000869Z hint: 	git config --global init.defaultBranch <name>
2025-03-14T15:04:58.0001776Z hint:
2025-03-14T15:04:58.0002637Z hint: Names commonly chosen instead of 'master' are 'main', 'trunk' and
2025-03-14T15:04:58.0003674Z hint: 'development'. The just-created branch can be renamed via this command:
2025-03-14T15:04:58.0004361Z hint:
2025-03-14T15:04:58.0004712Z hint: 	git branch -m <name>
2025-03-14T15:04:58.0005396Z Initialized empty Git repository in /home/runner/work/tinuous/tinuous/.git/
2025-03-14T15:04:58.0012761Z [command]/usr/bin/git remote add origin https://github.com/con/tinuous
2025-03-14T15:04:58.0045054Z ##[endgroup]
2025-03-14T15:04:58.0045942Z ##[group]Disabling automatic garbage collection
2025-03-14T15:04:58.0049623Z [command]/usr/bin/git config --local gc.auto 0
2025-03-14T15:04:58.0078600Z ##[endgroup]
2025-03-14T15:04:58.0079242Z ##[group]Setting up auth
2025-03-14T15:04:58.0085045Z [command]/usr/bin/git config --local --name-only --get-regexp core\.sshCommand
2025-03-14T15:04:58.0114955Z [command]/usr/bin/git submodule foreach --recursive sh -c "git config --local --name-only --get-regexp 'core\.sshCommand' && git config --local --unset-all 'core.sshCommand' || :"
2025-03-14T15:04:58.0396274Z [command]/usr/bin/git config --local --name-only --get-regexp http\.https\:\/\/github\.com\/\.extraheader
2025-03-14T15:04:58.0424897Z [command]/usr/bin/git submodule foreach --recursive sh -c "git config --local --name-only --get-regexp 'http\.https\:\/\/github\.com\/\.extraheader' && git config --local --unset-all 'http.https://github.com/.extraheader' || :"
2025-03-14T15:04:58.0652316Z [command]/usr/bin/git config --local http.https://github.com/.extraheader AUTHORIZATION: basic ***
2025-03-14T15:04:58.0695134Z ##[endgroup]
2025-03-14T15:04:58.0696218Z ##[group]Fetching the repository
2025-03-14T15:04:58.0706083Z [command]/usr/bin/git -c protocol.version=2 fetch --prune --no-recurse-submodules origin +refs/heads/*:refs/remotes/origin/* +refs/tags/*:refs/tags/* +f5d97bdfb746aaa328314cc80d8d8b47df53d956:refs/remotes/pull/199/merge
2025-03-14T15:04:58.3819497Z From https://github.com/con/tinuous
2025-03-14T15:04:58.3899828Z  * [new branch]      gh-193                                   -> origin/gh-193
2025-03-14T15:04:58.3901994Z  * [new branch]      gh-55                                    -> origin/gh-55
2025-03-14T15:04:58.3903799Z  * [new branch]      master                                   -> origin/master
2025-03-14T15:04:58.3905184Z  * [new branch]      no-extra-search                          -> origin/no-extra-search
2025-03-14T15:04:58.3906712Z  * [new branch]      pragmata                                 -> origin/pragmata
2025-03-14T15:04:58.3907971Z  * [new branch]      test-appveyor                            -> origin/test-appveyor
2025-03-14T15:04:58.3909159Z  * [new tag]         0.1.0                                    -> 0.1.0
2025-03-14T15:04:58.3910229Z  * [new tag]         0.2.0                                    -> 0.2.0
2025-03-14T15:04:58.3911236Z  * [new tag]         0.3.0                                    -> 0.3.0
2025-03-14T15:04:58.3912261Z  * [new tag]         0.4.0                                    -> 0.4.0
2025-03-14T15:04:58.3913276Z  * [new tag]         0.5.0                                    -> 0.5.0
2025-03-14T15:04:58.3914276Z  * [new tag]         0.5.1                                    -> 0.5.1
2025-03-14T15:04:58.3915504Z  * [new tag]         0.5.2                                    -> 0.5.2
2025-03-14T15:04:58.3917597Z  * [new tag]         0.5.3                                    -> 0.5.3
2025-03-14T15:04:58.3918876Z  * [new tag]         0.5.4                                    -> 0.5.4
2025-03-14T15:04:58.3920048Z  * [new tag]         0.6.0                                    -> 0.6.0
2025-03-14T15:04:58.3921582Z  * [new tag]         0.6.1                                    -> 0.6.1
2025-03-14T15:04:58.3922861Z  * [new tag]         0.7.0                                    -> 0.7.0
2025-03-14T15:04:58.3925120Z  * [new ref]         f5d97bdfb746aaa328314cc80d8d8b47df53d956 -> pull/199/merge
2025-03-14T15:04:58.3928529Z ##[endgroup]
2025-03-14T15:04:58.3929807Z ##[group]Determining the checkout info
2025-03-14T15:04:58.3931114Z ##[endgroup]
2025-03-14T15:04:58.3931946Z [command]/usr/bin/git sparse-checkout disable
2025-03-14T15:04:58.3934682Z [command]/usr/bin/git config --local --unset-all extensions.worktreeConfig
2025-03-14T15:04:58.3958592Z ##[group]Checking out the ref
2025-03-14T15:04:58.3961246Z [command]/usr/bin/git checkout --progress --force refs/remotes/pull/199/merge
2025-03-14T15:04:58.4016568Z Note: switching to 'refs/remotes/pull/199/merge'.
2025-03-14T15:04:58.4018104Z 
2025-03-14T15:04:58.4019349Z You are in 'detached HEAD' state. You can look around, make experimental
2025-03-14T15:04:58.4021999Z changes and commit them, and you can discard any commits you make in this
2025-03-14T15:04:58.4024335Z state without impacting any branches by switching back to a branch.
2025-03-14T15:04:58.4025970Z 
2025-03-14T15:04:58.4026828Z If you want to create a new branch to retain commits you create, you may
2025-03-14T15:04:58.4028846Z do so (now or later) by using -c with the switch command. Example:
2025-03-14T15:04:58.4029961Z 
2025-03-14T15:04:58.4030409Z   git switch -c <new-branch-name>
2025-03-14T15:04:58.4031166Z 
2025-03-14T15:04:58.4031584Z Or undo this operation with:
2025-03-14T15:04:58.4032277Z 
2025-03-14T15:04:58.4032651Z   git switch -
2025-03-14T15:04:58.4033188Z 
2025-03-14T15:04:58.4034074Z Turn off this advice by setting config variable advice.detachedHead to false
2025-03-14T15:04:58.4035516Z 
2025-03-14T15:04:58.4037422Z HEAD is now at f5d97bd Merge 40b4351bf98a4a7a3d1f2b881ab49e3eb666239b into 8d2b28b5f38d35f8cafee877df79a69630a67570
2025-03-14T15:04:58.4041614Z ##[endgroup]
2025-03-14T15:04:58.4061071Z [command]/usr/bin/git log -1 --format=%H
2025-03-14T15:04:58.4083521Z f5d97bdfb746aaa328314cc80d8d8b47df53d956
2025-03-14T15:04:58.4363170Z ##[group]Run actions/setup-python@v5
2025-03-14T15:04:58.4364247Z with:
2025-03-14T15:04:58.4364979Z   python-version: 3.8
2025-03-14T15:04:58.4365984Z   check-latest: false
2025-03-14T15:04:58.4367079Z   token: ***
2025-03-14T15:04:58.4367843Z   update-environment: true
2025-03-14T15:04:58.4368776Z   allow-prereleases: false
2025-03-14T15:04:58.4369671Z ##[endgroup]
2025-03-14T15:04:58.6087100Z ##[group]Installed versions
2025-03-14T15:04:58.6133840Z Version 3.8 was not found in the local cache
2025-03-14T15:04:58.9219326Z Version 3.8 is available for downloading
2025-03-14T15:04:58.9221228Z Download from "https://github.com/actions/python-versions/releases/download/3.8.18-12303122501/python-3.8.18-linux-24.04-x64.tar.gz"
2025-03-14T15:04:59.4856391Z Extract downloaded archive
2025-03-14T15:04:59.4960733Z [command]/usr/bin/tar xz --warning=no-unknown-keyword --overwrite -C /home/runner/work/_temp/546dba38-410a-4991-8f9e-64501b431472 -f /home/runner/work/_temp/3d6b1cf6-0059-424d-a9bb-ad5cfa3e373c
2025-03-14T15:05:00.7890317Z Execute installation script
2025-03-14T15:05:00.7982886Z Check if Python hostedtoolcache folder exist...
2025-03-14T15:05:00.7983507Z Create Python 3.8.18 folder
2025-03-14T15:05:00.7997721Z Copy Python binaries to hostedtoolcache folder
2025-03-14T15:05:01.2648127Z Create additional symlinks (Required for the UsePythonVersion Azure Pipelines task and the setup-python GitHub Action)
2025-03-14T15:05:01.2693408Z Upgrading pip...
2025-03-14T15:05:02.8845223Z Looking in links: /tmp/tmpba_8gzvc
2025-03-14T15:05:02.8849624Z Requirement already satisfied: setuptools in /opt/hostedtoolcache/Python/3.8.18/x64/lib/python3.8/site-packages (56.0.0)
2025-03-14T15:05:02.8854352Z Requirement already satisfied: pip in /opt/hostedtoolcache/Python/3.8.18/x64/lib/python3.8/site-packages (23.0.1)
2025-03-14T15:05:03.9026030Z Collecting pip
2025-03-14T15:05:03.9481210Z Downloading pip-25.0.1-py3-none-any.whl (1.8 MB)
2025-03-14T15:05:04.0323558Z ━━━━━━━━━━━━━━━━━━━━━━━━━━━━━━━━━━━━━━━━ 1.8/1.8 MB 22.6 MB/s eta 0:00:00
2025-03-14T15:05:04.0324115Z 
2025-03-14T15:05:04.0696070Z Installing collected packages: pip
2025-03-14T15:05:04.0698303Z Attempting uninstall: pip
2025-03-14T15:05:04.0706022Z Found existing installation: pip 23.0.1
2025-03-14T15:05:04.2506736Z Uninstalling pip-23.0.1:
2025-03-14T15:05:04.2580516Z Successfully uninstalled pip-23.0.1
2025-03-14T15:05:04.9588004Z Successfully installed pip-25.0.1
2025-03-14T15:05:05.0087574Z Create complete file
2025-03-14T15:05:05.0136690Z Successfully set up CPython (3.8.18)
2025-03-14T15:05:05.0138551Z ##[endgroup]
2025-03-14T15:05:05.0288105Z ##[group]Run python -m pip install --upgrade pip wheel
2025-03-14T15:05:05.0288572Z [36;1mpython -m pip install --upgrade pip wheel[0m
2025-03-14T15:05:05.0288971Z [36;1mpython -m pip install --upgrade --upgrade-strategy=eager tox[0m
2025-03-14T15:05:05.0342569Z shell: /usr/bin/bash -e {0}
2025-03-14T15:05:05.0342819Z env:
2025-03-14T15:05:05.0343091Z   pythonLocation: /opt/hostedtoolcache/Python/3.8.18/x64
2025-03-14T15:05:05.0343515Z   PKG_CONFIG_PATH: /opt/hostedtoolcache/Python/3.8.18/x64/lib/pkgconfig
2025-03-14T15:05:05.0343907Z   Python_ROOT_DIR: /opt/hostedtoolcache/Python/3.8.18/x64
2025-03-14T15:05:05.0344256Z   Python2_ROOT_DIR: /opt/hostedtoolcache/Python/3.8.18/x64
2025-03-14T15:05:05.0344588Z   Python3_ROOT_DIR: /opt/hostedtoolcache/Python/3.8.18/x64
2025-03-14T15:05:05.0344932Z   LD_LIBRARY_PATH: /opt/hostedtoolcache/Python/3.8.18/x64/lib
2025-03-14T15:05:05.0345218Z ##[endgroup]
2025-03-14T15:05:05.3655484Z Requirement already satisfied: pip in /opt/hostedtoolcache/Python/3.8.18/x64/lib/python3.8/site-packages (25.0.1)
2025-03-14T15:05:05.4495866Z Collecting wheel
2025-03-14T15:05:05.4719899Z   Downloading wheel-0.45.1-py3-none-any.whl.metadata (2.3 kB)
2025-03-14T15:05:05.4851426Z Downloading wheel-0.45.1-py3-none-any.whl (72 kB)
2025-03-14T15:05:05.5059913Z Installing collected packages: wheel
2025-03-14T15:05:05.5479755Z Successfully installed wheel-0.45.1
2025-03-14T15:05:06.0557669Z Collecting tox
2025-03-14T15:05:06.0778541Z   Downloading tox-4.24.2-py3-none-any.whl.metadata (3.7 kB)
2025-03-14T15:05:06.1152562Z Collecting cachetools>=5.5.1 (from tox)
2025-03-14T15:05:06.1231137Z   Downloading cachetools-5.5.2-py3-none-any.whl.metadata (5.4 kB)
2025-03-14T15:05:06.1389463Z Collecting chardet>=5.2 (from tox)
2025-03-14T15:05:06.1468230Z   Downloading chardet-5.2.0-py3-none-any.whl.metadata (3.4 kB)
2025-03-14T15:05:06.1686733Z Collecting colorama>=0.4.6 (from tox)
2025-03-14T15:05:06.1762839Z   Downloading colorama-0.4.6-py2.py3-none-any.whl.metadata (17 kB)
2025-03-14T15:05:06.2000756Z Collecting filelock>=3.16.1 (from tox)
2025-03-14T15:05:06.2077757Z   Downloading filelock-3.16.1-py3-none-any.whl.metadata (2.9 kB)
2025-03-14T15:05:06.2313193Z Collecting packaging>=24.2 (from tox)
2025-03-14T15:05:06.2392642Z   Downloading packaging-24.2-py3-none-any.whl.metadata (3.2 kB)
2025-03-14T15:05:06.2613199Z Collecting platformdirs>=4.3.6 (from tox)
2025-03-14T15:05:06.2691513Z   Downloading platformdirs-4.3.6-py3-none-any.whl.metadata (11 kB)
2025-03-14T15:05:06.2893958Z Collecting pluggy>=1.5 (from tox)
2025-03-14T15:05:06.2971801Z   Downloading pluggy-1.5.0-py3-none-any.whl.metadata (4.8 kB)
2025-03-14T15:05:06.3148402Z Collecting pyproject-api>=1.8 (from tox)
2025-03-14T15:05:06.3225942Z   Downloading pyproject_api-1.8.0-py3-none-any.whl.metadata (2.7 kB)
2025-03-14T15:05:06.3468712Z Collecting tomli>=2.2.1 (from tox)
2025-03-14T15:05:06.3547094Z   Downloading tomli-2.2.1-py3-none-any.whl.metadata (10 kB)
2025-03-14T15:05:06.3761601Z Collecting typing-extensions>=4.12.2 (from tox)
2025-03-14T15:05:06.3840883Z   Downloading typing_extensions-4.12.2-py3-none-any.whl.metadata (3.0 kB)
2025-03-14T15:05:06.4327298Z Collecting virtualenv>=20.29.1 (from tox)
2025-03-14T15:05:06.4414189Z   Downloading virtualenv-20.29.3-py3-none-any.whl.metadata (4.5 kB)
2025-03-14T15:05:06.5022530Z Collecting distlib<1,>=0.3.7 (from virtualenv>=20.29.1->tox)
2025-03-14T15:05:06.5101796Z   Downloading distlib-0.3.9-py2.py3-none-any.whl.metadata (5.2 kB)
2025-03-14T15:05:06.5325381Z Downloading tox-4.24.2-py3-none-any.whl (172 kB)
2025-03-14T15:05:06.5542482Z Downloading cachetools-5.5.2-py3-none-any.whl (10 kB)
2025-03-14T15:05:06.5668003Z Downloading chardet-5.2.0-py3-none-any.whl (199 kB)
2025-03-14T15:05:06.5789351Z Downloading colorama-0.4.6-py2.py3-none-any.whl (25 kB)
2025-03-14T15:05:06.5889920Z Downloading filelock-3.16.1-py3-none-any.whl (16 kB)
2025-03-14T15:05:06.5988047Z Downloading packaging-24.2-py3-none-any.whl (65 kB)
2025-03-14T15:05:06.6093116Z Downloading platformdirs-4.3.6-py3-none-any.whl (18 kB)
2025-03-14T15:05:06.6196414Z Downloading pluggy-1.5.0-py3-none-any.whl (20 kB)
2025-03-14T15:05:06.6297801Z Downloading pyproject_api-1.8.0-py3-none-any.whl (13 kB)
2025-03-14T15:05:06.6399886Z Downloading tomli-2.2.1-py3-none-any.whl (14 kB)
2025-03-14T15:05:06.6497026Z Downloading typing_extensions-4.12.2-py3-none-any.whl (37 kB)
2025-03-14T15:05:06.6597133Z Downloading virtualenv-20.29.3-py3-none-any.whl (4.3 MB)
2025-03-14T15:05:06.6935228Z    ━━━━━━━━━━━━━━━━━━━━━━━━━━━━━━━━━━━━━━━━ 4.3/4.3 MB 134.1 MB/s eta 0:00:00
2025-03-14T15:05:06.7013454Z Downloading distlib-0.3.9-py2.py3-none-any.whl (468 kB)
2025-03-14T15:05:06.7541618Z Installing collected packages: distlib, typing-extensions, tomli, pluggy, platformdirs, packaging, filelock, colorama, chardet, cachetools, virtualenv, pyproject-api, tox
2025-03-14T15:05:07.3076368Z Successfully installed cachetools-5.5.2 chardet-5.2.0 colorama-0.4.6 distlib-0.3.9 filelock-3.16.1 packaging-24.2 platformdirs-4.3.6 pluggy-1.5.0 pyproject-api-1.8.0 tomli-2.2.1 tox-4.24.2 typing-extensions-4.12.2 virtualenv-20.29.3
2025-03-14T15:05:07.3665038Z ##[group]Run tox -e typing
2025-03-14T15:05:07.3665310Z [36;1mtox -e typing[0m
2025-03-14T15:05:07.3714640Z shell: /usr/bin/bash -e {0}
2025-03-14T15:05:07.3714874Z env:
2025-03-14T15:05:07.3715110Z   pythonLocation: /opt/hostedtoolcache/Python/3.8.18/x64
2025-03-14T15:05:07.3715506Z   PKG_CONFIG_PATH: /opt/hostedtoolcache/Python/3.8.18/x64/lib/pkgconfig
2025-03-14T15:05:07.3715994Z   Python_ROOT_DIR: /opt/hostedtoolcache/Python/3.8.18/x64
2025-03-14T15:05:07.3716325Z   Python2_ROOT_DIR: /opt/hostedtoolcache/Python/3.8.18/x64
2025-03-14T15:05:07.3716651Z   Python3_ROOT_DIR: /opt/hostedtoolcache/Python/3.8.18/x64
2025-03-14T15:05:07.3716983Z   LD_LIBRARY_PATH: /opt/hostedtoolcache/Python/3.8.18/x64/lib
2025-03-14T15:05:07.3717266Z ##[endgroup]
2025-03-14T15:05:07.9739792Z typing: install_deps> python -I -m pip install mypy pytest pytest-cov pytest-mock types-python-dateutil types-PyYAML types-requests
2025-03-14T15:05:11.4775604Z .pkg: install_requires> python -I -m pip install 'setuptools>=46.4.0' versioningit
2025-03-14T15:05:12.5546069Z .pkg: _optional_hooks> python /opt/hostedtoolcache/Python/3.8.18/x64/lib/python3.8/site-packages/pyproject_api/_backend.py True setuptools.build_meta
2025-03-14T15:05:12.8260853Z .pkg: get_requires_for_build_sdist> python /opt/hostedtoolcache/Python/3.8.18/x64/lib/python3.8/site-packages/pyproject_api/_backend.py True setuptools.build_meta
2025-03-14T15:05:13.1611207Z .pkg: get_requires_for_build_wheel> python /opt/hostedtoolcache/Python/3.8.18/x64/lib/python3.8/site-packages/pyproject_api/_backend.py True setuptools.build_meta
2025-03-14T15:05:13.4506245Z .pkg: freeze> python -m pip freeze --all
2025-03-14T15:05:13.6862181Z .pkg: importlib_metadata==8.5.0,packaging==24.2,pip==25.0.1,setuptools==75.3.0,tomli==2.2.1,versioningit==3.1.2,wheel==0.45.1,zipp==3.20.2
2025-03-14T15:05:13.6868727Z .pkg: prepare_metadata_for_build_wheel> python /opt/hostedtoolcache/Python/3.8.18/x64/lib/python3.8/site-packages/pyproject_api/_backend.py True setuptools.build_meta
2025-03-14T15:05:13.9902418Z .pkg: build_sdist> python /opt/hostedtoolcache/Python/3.8.18/x64/lib/python3.8/site-packages/pyproject_api/_backend.py True setuptools.build_meta
2025-03-14T15:05:14.2809520Z typing: install_package_deps> python -I -m pip install 'PyYAML>=5.0' 'click-loglevel~=0.2' 'click>=7.0' 'ghtoken~=0.1' 'in-place~=1.0' 'pydantic~=2.0' 'python-dateutil~=2.7' 'python-dotenv<2.0,>=0.11' 'requests~=2.20' 'typing-extensions; python_version < "3.9"'
2025-03-14T15:05:17.0088415Z typing: install_package> python -I -m pip install --force-reinstall --no-deps /home/runner/work/tinuous/tinuous/.tox/.tmp/package/1/tinuous-0.7.0.post4+gf5d97bd.tar.gz
2025-03-14T15:05:19.6977087Z typing: freeze> python -m pip freeze --all
2025-03-14T15:05:19.9481303Z typing: annotated-types==0.7.0,certifi==2025.1.31,charset-normalizer==3.4.1,click==8.1.8,click-loglevel==0.6.0,coverage==7.6.1,exceptiongroup==1.2.2,ghtoken==0.1.2,idna==3.10,in_place==1.0.1,iniconfig==2.0.0,mypy==1.14.1,mypy-extensions==1.0.0,packaging==24.2,pip==25.0.1,pluggy==1.5.0,pydantic==2.10.6,pydantic_core==2.27.2,pytest==8.3.5,pytest-cov==5.0.0,pytest-mock==3.14.0,python-dateutil==2.9.0.post0,python-dotenv==1.0.1,PyYAML==6.0.2,requests==2.32.3,ruamel.yaml==0.18.10,ruamel.yaml.clib==0.2.8,setuptools==75.3.0,six==1.17.0,tinuous @ file:///home/runner/work/tinuous/tinuous/.tox/.tmp/package/1/tinuous-0.7.0.post4%2Bgf5d97bd.tar.gz#sha256=0335ecf265527ccac1e62fa44b59d26b1896924305e8b6a65c37dc767b761da3,tomli==2.2.1,types-python-dateutil==2.9.0.20241206,types-PyYAML==6.0.12.20241230,types-requests==2.32.0.20241016,typing_extensions==4.12.2,urllib3==2.2.3,wheel==0.45.1
2025-03-14T15:05:19.9484591Z typing: commands[0]> mypy src test
2025-03-14T15:05:26.6886364Z Success: no issues found in 15 source files
2025-03-14T15:05:26.7067216Z   typing: OK (19.11=setup[12.35]+cmd[6.76] seconds)
2025-03-14T15:05:26.7067561Z   congratulations :) (19.19 seconds)
2025-03-14T15:05:26.7422207Z Post job cleanup.
2025-03-14T15:05:26.9129297Z Post job cleanup.
2025-03-14T15:05:27.0067928Z [command]/usr/bin/git version
2025-03-14T15:05:27.0104306Z git version 2.48.1
2025-03-14T15:05:27.0153841Z Temporarily overriding HOME='/home/runner/work/_temp/287b2307-95ab-4d2f-aba0-153ce8bcce21' before making global git config changes
2025-03-14T15:05:27.0155150Z Adding repository directory to the temporary git global config as a safe directory
2025-03-14T15:05:27.0160073Z [command]/usr/bin/git config --global --add safe.directory /home/runner/work/tinuous/tinuous
2025-03-14T15:05:27.0195385Z [command]/usr/bin/git config --local --name-only --get-regexp core\.sshCommand
2025-03-14T15:05:27.0228104Z [command]/usr/bin/git submodule foreach --recursive sh -c "git config --local --name-only --get-regexp 'core\.sshCommand' && git config --local --unset-all 'core.sshCommand' || :"
2025-03-14T15:05:27.0463053Z [command]/usr/bin/git config --local --name-only --get-regexp http\.https\:\/\/github\.com\/\.extraheader
2025-03-14T15:05:27.0483999Z http.https://github.com/.extraheader
2025-03-14T15:05:27.0496542Z [command]/usr/bin/git config --local --unset-all http.https://github.com/.extraheader
2025-03-14T15:05:27.0530653Z [command]/usr/bin/git submodule foreach --recursive sh -c "git config --local --name-only --get-regexp 'http\.https\:\/\/github\.com\/\.extraheader' && git config --local --unset-all 'http.https://github.com/.extraheader' || :"
2025-03-14T15:05:27.0861233Z Cleaning up orphan processes
