2023-04-27T14:23:55.0076393Z Requested labels: ubuntu-latest
2023-04-27T14:23:55.0076739Z Job defined at: con/tinuous/.github/workflows/test.yml@refs/heads/gh-124
2023-04-27T14:23:55.0076859Z Waiting for a runner to pick up this job...
2023-04-27T14:23:58.1037438Z Job is waiting for a hosted runner to come online.
2023-04-27T14:24:00.7577661Z Job is about to start running on the hosted runner: GitHub Actions 5 (hosted)
2023-04-27T14:24:05.2675059Z Current runner version: '2.303.0'
2023-04-27T14:24:05.2708082Z ##[group]Operating System
2023-04-27T14:24:05.2708689Z Ubuntu
2023-04-27T14:24:05.2709132Z 22.04.2
2023-04-27T14:24:05.2709472Z LTS
2023-04-27T14:24:05.2709769Z ##[endgroup]
2023-04-27T14:24:05.2710131Z ##[group]Runner Image
2023-04-27T14:24:05.2710527Z Image: ubuntu-22.04
2023-04-27T14:24:05.2710894Z Version: 20230426.1
2023-04-27T14:24:05.2711487Z Included Software: https://github.com/actions/runner-images/blob/ubuntu22/20230426.1/images/linux/Ubuntu2204-Readme.md
2023-04-27T14:24:05.2712212Z Image Release: https://github.com/actions/runner-images/releases/tag/ubuntu22%2F20230426.1
2023-04-27T14:24:05.2712720Z ##[endgroup]
2023-04-27T14:24:05.2713057Z ##[group]Runner Image Provisioner
2023-04-27T14:24:05.2713671Z 2.0.161.1
2023-04-27T14:24:05.2714012Z ##[endgroup]
2023-04-27T14:24:05.2715055Z ##[group]GITHUB_TOKEN Permissions
2023-04-27T14:24:05.2715788Z Actions: write
2023-04-27T14:24:05.2716254Z Checks: write
2023-04-27T14:24:05.2716785Z Contents: write
2023-04-27T14:24:05.2717348Z Deployments: write
2023-04-27T14:24:05.2719256Z Discussions: write
2023-04-27T14:24:05.2719624Z Issues: write
2023-04-27T14:24:05.2720014Z Metadata: read
2023-04-27T14:24:05.2720429Z Packages: write
2023-04-27T14:24:05.2720866Z Pages: write
2023-04-27T14:24:05.2721280Z PullRequests: write
2023-04-27T14:24:05.2722259Z RepositoryProjects: write
2023-04-27T14:24:05.2722624Z SecurityEvents: write
2023-04-27T14:24:05.2723003Z Statuses: write
2023-04-27T14:24:05.2723412Z ##[endgroup]
2023-04-27T14:24:05.2728072Z Secret source: Actions
2023-04-27T14:24:05.2728746Z Prepare workflow directory
2023-04-27T14:24:05.3690978Z Prepare all required actions
2023-04-27T14:24:05.3945195Z Getting action download info
2023-04-27T14:24:05.6632167Z Download action repository 'actions/checkout@v3' (SHA:8e5e7e5ab8b370d6c329ec480221332ada57f0ab)
2023-04-27T14:24:06.3592490Z Download action repository 'actions/setup-python@v4' (SHA:57ded4d7d5e986d7296eab16560982c6dd7c923b)
2023-04-27T14:24:06.9132509Z Download action repository 'codecov/codecov-action@v3' (SHA:894ff025c7b54547a9a2a1e9f228beae737ad3c2)
2023-04-27T14:24:07.6071208Z Complete job name: test (3.8, lint)
2023-04-27T14:24:07.7374560Z ##[group]Run actions/checkout@v3
2023-04-27T14:24:07.7375271Z with:
2023-04-27T14:24:07.7375721Z   fetch-depth: 0
2023-04-27T14:24:07.7375992Z   repository: con/tinuous
2023-04-27T14:24:07.7376511Z   token: ***
2023-04-27T14:24:07.7376840Z   ssh-strict: true
2023-04-27T14:24:07.7377115Z   persist-credentials: true
2023-04-27T14:24:07.7377498Z   clean: true
2023-04-27T14:24:07.7377785Z   lfs: false
2023-04-27T14:24:07.7378024Z   submodules: false
2023-04-27T14:24:07.7378362Z   set-safe-directory: true
2023-04-27T14:24:07.7378732Z ##[endgroup]
2023-04-27T14:24:08.1008394Z Syncing repository: con/tinuous
2023-04-27T14:24:08.1011396Z ##[group]Getting Git version info
2023-04-27T14:24:08.1012492Z Working directory is '/home/runner/work/tinuous/tinuous'
2023-04-27T14:24:08.1013923Z [command]/usr/bin/git version
2023-04-27T14:24:08.1213544Z git version 2.40.1
2023-04-27T14:24:08.1250480Z ##[endgroup]
2023-04-27T14:24:08.1276449Z Temporarily overriding HOME='/home/runner/work/_temp/c56c2021-0816-41b3-bab7-1e478b90e769' before making global git config changes
2023-04-27T14:24:08.1277017Z Adding repository directory to the temporary git global config as a safe directory
2023-04-27T14:24:08.1283458Z [command]/usr/bin/git config --global --add safe.directory /home/runner/work/tinuous/tinuous
2023-04-27T14:24:08.1344529Z Deleting the contents of '/home/runner/work/tinuous/tinuous'
2023-04-27T14:24:08.1353133Z ##[group]Initializing the repository
2023-04-27T14:24:08.1357046Z [command]/usr/bin/git init /home/runner/work/tinuous/tinuous
2023-04-27T14:24:08.1466021Z hint: Using 'master' as the name for the initial branch. This default branch name
2023-04-27T14:24:08.1467065Z hint: is subject to change. To configure the initial branch name to use in all
2023-04-27T14:24:08.1468116Z hint: of your new repositories, which will suppress this warning, call:
2023-04-27T14:24:08.1469184Z hint: 
2023-04-27T14:24:08.1470407Z hint: 	git config --global init.defaultBranch <name>
2023-04-27T14:24:08.1471198Z hint: 
2023-04-27T14:24:08.1472129Z hint: Names commonly chosen instead of 'master' are 'main', 'trunk' and
2023-04-27T14:24:08.1472979Z hint: 'development'. The just-created branch can be renamed via this command:
2023-04-27T14:24:08.1473806Z hint: 
2023-04-27T14:24:08.1474373Z hint: 	git branch -m <name>
2023-04-27T14:24:08.1488545Z Initialized empty Git repository in /home/runner/work/tinuous/tinuous/.git/
2023-04-27T14:24:08.1502051Z [command]/usr/bin/git remote add origin https://github.com/con/tinuous
2023-04-27T14:24:08.1556361Z ##[endgroup]
2023-04-27T14:24:08.1557228Z ##[group]Disabling automatic garbage collection
2023-04-27T14:24:08.1560793Z [command]/usr/bin/git config --local gc.auto 0
2023-04-27T14:24:08.1605349Z ##[endgroup]
2023-04-27T14:24:08.1606223Z ##[group]Setting up auth
2023-04-27T14:24:08.1614293Z [command]/usr/bin/git config --local --name-only --get-regexp core\.sshCommand
2023-04-27T14:24:08.1654145Z [command]/usr/bin/git submodule foreach --recursive sh -c "git config --local --name-only --get-regexp 'core\.sshCommand' && git config --local --unset-all 'core.sshCommand' || :"
2023-04-27T14:24:08.2204548Z [command]/usr/bin/git config --local --name-only --get-regexp http\.https\:\/\/github\.com\/\.extraheader
2023-04-27T14:24:08.2236995Z [command]/usr/bin/git submodule foreach --recursive sh -c "git config --local --name-only --get-regexp 'http\.https\:\/\/github\.com\/\.extraheader' && git config --local --unset-all 'http.https://github.com/.extraheader' || :"
2023-04-27T14:24:08.2552181Z [command]/usr/bin/git config --local http.https://github.com/.extraheader AUTHORIZATION: basic ***
2023-04-27T14:24:08.2602715Z ##[endgroup]
2023-04-27T14:24:08.2603193Z ##[group]Fetching the repository
2023-04-27T14:24:08.2619259Z [command]/usr/bin/git -c protocol.version=2 fetch --prune --progress --no-recurse-submodules origin +refs/heads/*:refs/remotes/origin/* +refs/tags/*:refs/tags/*
2023-04-27T14:24:08.8528948Z remote: Enumerating objects: 1092, done.        
2023-04-27T14:24:08.8539878Z remote: Counting objects:   0% (1/314)        
2023-04-27T14:24:08.8547631Z remote: Counting objects:   1% (4/314)        
2023-04-27T14:24:08.8552189Z remote: Counting objects:   2% (7/314)        
2023-04-27T14:24:08.8554431Z remote: Counting objects:   3% (10/314)        
2023-04-27T14:24:08.8556778Z remote: Counting objects:   4% (13/314)        
2023-04-27T14:24:08.8560049Z remote: Counting objects:   5% (16/314)        
2023-04-27T14:24:08.8562605Z remote: Counting objects:   6% (19/314)        
2023-04-27T14:24:08.8564753Z remote: Counting objects:   7% (22/314)        
2023-04-27T14:24:08.8568252Z remote: Counting objects:   8% (26/314)        
2023-04-27T14:24:08.8571879Z remote: Counting objects:   9% (29/314)        
2023-04-27T14:24:08.8574069Z remote: Counting objects:  10% (32/314)        
2023-04-27T14:24:08.8576362Z remote: Counting objects:  11% (35/314)        
2023-04-27T14:24:08.8578504Z remote: Counting objects:  12% (38/314)        
2023-04-27T14:24:08.8580373Z remote: Counting objects:  13% (41/314)        
2023-04-27T14:24:08.8581740Z remote: Counting objects:  14% (44/314)        
2023-04-27T14:24:08.8583150Z remote: Counting objects:  15% (48/314)        
2023-04-27T14:24:08.8584526Z remote: Counting objects:  16% (51/314)        
2023-04-27T14:24:08.8586120Z remote: Counting objects:  17% (54/314)        
2023-04-27T14:24:08.8588991Z remote: Counting objects:  18% (57/314)        
2023-04-27T14:24:08.8594101Z remote: Counting objects:  19% (60/314)        
2023-04-27T14:24:08.8597823Z remote: Counting objects:  20% (63/314)        
2023-04-27T14:24:08.8601476Z remote: Counting objects:  21% (66/314)        
2023-04-27T14:24:08.8604558Z remote: Counting objects:  22% (70/314)        
2023-04-27T14:24:08.8608543Z remote: Counting objects:  23% (73/314)        
2023-04-27T14:24:08.8611706Z remote: Counting objects:  24% (76/314)        
2023-04-27T14:24:08.8614442Z remote: Counting objects:  25% (79/314)        
2023-04-27T14:24:08.8617085Z remote: Counting objects:  26% (82/314)        
2023-04-27T14:24:08.8619726Z remote: Counting objects:  27% (85/314)        
2023-04-27T14:24:08.8622193Z remote: Counting objects:  28% (88/314)        
2023-04-27T14:24:08.8624688Z remote: Counting objects:  29% (92/314)        
2023-04-27T14:24:08.8627250Z remote: Counting objects:  30% (95/314)        
2023-04-27T14:24:08.8633330Z remote: Counting objects:  31% (98/314)        
2023-04-27T14:24:08.8633677Z remote: Counting objects:  32% (101/314)        
2023-04-27T14:24:08.8633999Z remote: Counting objects:  33% (104/314)        
2023-04-27T14:24:08.8634386Z remote: Counting objects:  34% (107/314)        
2023-04-27T14:24:08.8634697Z remote: Counting objects:  35% (110/314)        
2023-04-27T14:24:08.8635050Z remote: Counting objects:  36% (114/314)        
2023-04-27T14:24:08.8635347Z remote: Counting objects:  37% (117/314)        
2023-04-27T14:24:08.8635676Z remote: Counting objects:  38% (120/314)        
2023-04-27T14:24:08.8635984Z remote: Counting objects:  39% (123/314)        
2023-04-27T14:24:08.8636469Z remote: Counting objects:  40% (126/314)        
2023-04-27T14:24:08.8637365Z remote: Counting objects:  41% (129/314)        
2023-04-27T14:24:08.8640609Z remote: Counting objects:  42% (132/314)        
2023-04-27T14:24:08.8640943Z remote: Counting objects:  43% (136/314)        
2023-04-27T14:24:08.8641388Z remote: Counting objects:  44% (139/314)        
2023-04-27T14:24:08.8641686Z remote: Counting objects:  45% (142/314)        
2023-04-27T14:24:08.8641991Z remote: Counting objects:  46% (145/314)        
2023-04-27T14:24:08.8642272Z remote: Counting objects:  47% (148/314)        
2023-04-27T14:24:08.8642566Z remote: Counting objects:  48% (151/314)        
2023-04-27T14:24:08.8642912Z remote: Counting objects:  49% (154/314)        
2023-04-27T14:24:08.8643215Z remote: Counting objects:  50% (157/314)        
2023-04-27T14:24:08.8643510Z remote: Counting objects:  51% (161/314)        
2023-04-27T14:24:08.8643806Z remote: Counting objects:  52% (164/314)        
2023-04-27T14:24:08.8644669Z remote: Counting objects:  53% (167/314)        
2023-04-27T14:24:08.8645028Z remote: Counting objects:  54% (170/314)        
2023-04-27T14:24:08.8645335Z remote: Counting objects:  55% (173/314)        
2023-04-27T14:24:08.8645707Z remote: Counting objects:  56% (176/314)        
2023-04-27T14:24:08.8645996Z remote: Counting objects:  57% (179/314)        
2023-04-27T14:24:08.8646303Z remote: Counting objects:  58% (183/314)        
2023-04-27T14:24:08.8646610Z remote: Counting objects:  59% (186/314)        
2023-04-27T14:24:08.8646898Z remote: Counting objects:  60% (189/314)        
2023-04-27T14:24:08.8647202Z remote: Counting objects:  61% (192/314)        
2023-04-27T14:24:08.8647510Z remote: Counting objects:  62% (195/314)        
2023-04-27T14:24:08.8647816Z remote: Counting objects:  63% (198/314)        
2023-04-27T14:24:08.8648268Z remote: Counting objects:  64% (201/314)        
2023-04-27T14:24:08.8648590Z remote: Counting objects:  65% (205/314)        
2023-04-27T14:24:08.8648902Z remote: Counting objects:  66% (208/314)        
2023-04-27T14:24:08.8649211Z remote: Counting objects:  67% (211/314)        
2023-04-27T14:24:08.8649500Z remote: Counting objects:  68% (214/314)        
2023-04-27T14:24:08.8649803Z remote: Counting objects:  69% (217/314)        
2023-04-27T14:24:08.8650109Z remote: Counting objects:  70% (220/314)        
2023-04-27T14:24:08.8650395Z remote: Counting objects:  71% (223/314)        
2023-04-27T14:24:08.8650703Z remote: Counting objects:  72% (227/314)        
2023-04-27T14:24:08.8651008Z remote: Counting objects:  73% (230/314)        
2023-04-27T14:24:08.8651297Z remote: Counting objects:  74% (233/314)        
2023-04-27T14:24:08.8651600Z remote: Counting objects:  75% (236/314)        
2023-04-27T14:24:08.8651904Z remote: Counting objects:  76% (239/314)        
2023-04-27T14:24:08.8652209Z remote: Counting objects:  77% (242/314)        
2023-04-27T14:24:08.8652685Z remote: Counting objects:  78% (245/314)        
2023-04-27T14:24:08.8652997Z remote: Counting objects:  79% (249/314)        
2023-04-27T14:24:08.8653303Z remote: Counting objects:  80% (252/314)        
2023-04-27T14:24:08.8653592Z remote: Counting objects:  81% (255/314)        
2023-04-27T14:24:08.8653899Z remote: Counting objects:  82% (258/314)        
2023-04-27T14:24:08.8654206Z remote: Counting objects:  83% (261/314)        
2023-04-27T14:24:08.8654495Z remote: Counting objects:  84% (264/314)        
2023-04-27T14:24:08.8654800Z remote: Counting objects:  85% (267/314)        
2023-04-27T14:24:08.8660822Z remote: Counting objects:  86% (271/314)        
2023-04-27T14:24:08.8661124Z remote: Counting objects:  87% (274/314)        
2023-04-27T14:24:08.8661421Z remote: Counting objects:  88% (277/314)        
2023-04-27T14:24:08.8661721Z remote: Counting objects:  89% (280/314)        
2023-04-27T14:24:08.8662022Z remote: Counting objects:  90% (283/314)        
2023-04-27T14:24:08.8662314Z remote: Counting objects:  91% (286/314)        
2023-04-27T14:24:08.8662619Z remote: Counting objects:  92% (289/314)        
2023-04-27T14:24:08.8662918Z remote: Counting objects:  93% (293/314)        
2023-04-27T14:24:08.8663199Z remote: Counting objects:  94% (296/314)        
2023-04-27T14:24:08.8663498Z remote: Counting objects:  95% (299/314)        
2023-04-27T14:24:08.8663798Z remote: Counting objects:  96% (302/314)        
2023-04-27T14:24:08.8664076Z remote: Counting objects:  97% (305/314)        
2023-04-27T14:24:08.8664369Z remote: Counting objects:  98% (308/314)        
2023-04-27T14:24:08.8664665Z remote: Counting objects:  99% (311/314)        
2023-04-27T14:24:08.8664942Z remote: Counting objects: 100% (314/314)        
2023-04-27T14:24:08.8665257Z remote: Counting objects: 100% (314/314), done.        
2023-04-27T14:24:08.8665594Z remote: Compressing objects:   0% (1/210)        
2023-04-27T14:24:08.8665914Z remote: Compressing objects:   1% (3/210)        
2023-04-27T14:24:08.8666219Z remote: Compressing objects:   2% (5/210)        
2023-04-27T14:24:08.8666785Z remote: Compressing objects:   3% (7/210)        
2023-04-27T14:24:08.8667118Z remote: Compressing objects:   4% (9/210)        
2023-04-27T14:24:08.8668186Z remote: Compressing objects:   5% (11/210)        
2023-04-27T14:24:08.8668533Z remote: Compressing objects:   6% (13/210)        
2023-04-27T14:24:08.8668861Z remote: Compressing objects:   7% (15/210)        
2023-04-27T14:24:08.8669165Z remote: Compressing objects:   8% (17/210)        
2023-04-27T14:24:08.8669494Z remote: Compressing objects:   9% (19/210)        
2023-04-27T14:24:08.8669824Z remote: Compressing objects:  10% (21/210)        
2023-04-27T14:24:08.8670171Z remote: Compressing objects:  11% (24/210)        
2023-04-27T14:24:08.8670476Z remote: Compressing objects:  12% (26/210)        
2023-04-27T14:24:08.8670798Z remote: Compressing objects:  13% (28/210)        
2023-04-27T14:24:08.8671277Z remote: Compressing objects:  14% (30/210)        
2023-04-27T14:24:08.8671580Z remote: Compressing objects:  15% (32/210)        
2023-04-27T14:24:08.8671901Z remote: Compressing objects:  16% (34/210)        
2023-04-27T14:24:08.8672211Z remote: Compressing objects:  17% (36/210)        
2023-04-27T14:24:08.8712365Z remote: Compressing objects:  18% (38/210)        
2023-04-27T14:24:08.8712733Z remote: Compressing objects:  19% (40/210)        
2023-04-27T14:24:08.8724986Z remote: Compressing objects:  20% (42/210)        
2023-04-27T14:24:08.8725329Z remote: Compressing objects:  21% (45/210)        
2023-04-27T14:24:08.8725624Z remote: Compressing objects:  22% (47/210)        
2023-04-27T14:24:08.8725977Z remote: Compressing objects:  23% (49/210)        
2023-04-27T14:24:08.8726285Z remote: Compressing objects:  24% (51/210)        
2023-04-27T14:24:08.8726571Z remote: Compressing objects:  25% (53/210)        
2023-04-27T14:24:08.8726876Z remote: Compressing objects:  26% (55/210)        
2023-04-27T14:24:08.8727480Z remote: Compressing objects:  27% (57/210)        
2023-04-27T14:24:08.8727997Z remote: Compressing objects:  28% (59/210)        
2023-04-27T14:24:08.8728484Z remote: Compressing objects:  29% (61/210)        
2023-04-27T14:24:08.8728791Z remote: Compressing objects:  30% (63/210)        
2023-04-27T14:24:08.8729097Z remote: Compressing objects:  31% (66/210)        
2023-04-27T14:24:08.8745394Z remote: Compressing objects:  32% (68/210)        
2023-04-27T14:24:08.8745914Z remote: Compressing objects:  33% (70/210)        
2023-04-27T14:24:08.8746227Z remote: Compressing objects:  34% (72/210)        
2023-04-27T14:24:08.8746692Z remote: Compressing objects:  35% (74/210)        
2023-04-27T14:24:08.8747142Z remote: Compressing objects:  36% (76/210)        
2023-04-27T14:24:08.8747456Z remote: Compressing objects:  37% (78/210)        
2023-04-27T14:24:08.8747759Z remote: Compressing objects:  38% (80/210)        
2023-04-27T14:24:08.8748044Z remote: Compressing objects:  39% (82/210)        
2023-04-27T14:24:08.8748453Z remote: Compressing objects:  40% (84/210)        
2023-04-27T14:24:08.8748755Z remote: Compressing objects:  41% (87/210)        
2023-04-27T14:24:08.8749230Z remote: Compressing objects:  42% (89/210)        
2023-04-27T14:24:08.8755222Z remote: Compressing objects:  43% (91/210)        
2023-04-27T14:24:08.8755617Z remote: Compressing objects:  44% (93/210)        
2023-04-27T14:24:08.8755935Z remote: Compressing objects:  45% (95/210)        
2023-04-27T14:24:08.8756227Z remote: Compressing objects:  46% (97/210)        
2023-04-27T14:24:08.8756539Z remote: Compressing objects:  47% (99/210)        
2023-04-27T14:24:08.8756846Z remote: Compressing objects:  48% (101/210)        
2023-04-27T14:24:08.8757142Z remote: Compressing objects:  49% (103/210)        
2023-04-27T14:24:08.8757450Z remote: Compressing objects:  50% (105/210)        
2023-04-27T14:24:08.8757759Z remote: Compressing objects:  51% (108/210)        
2023-04-27T14:24:08.8758047Z remote: Compressing objects:  52% (110/210)        
2023-04-27T14:24:08.8758373Z remote: Compressing objects:  53% (112/210)        
2023-04-27T14:24:08.8759370Z remote: Compressing objects:  54% (114/210)        
2023-04-27T14:24:08.8759693Z remote: Compressing objects:  55% (116/210)        
2023-04-27T14:24:08.8760001Z remote: Compressing objects:  56% (118/210)        
2023-04-27T14:24:08.8760304Z remote: Compressing objects:  57% (120/210)        
2023-04-27T14:24:08.8760787Z remote: Compressing objects:  58% (122/210)        
2023-04-27T14:24:08.8761371Z remote: Compressing objects:  59% (124/210)        
2023-04-27T14:24:08.8761696Z remote: Compressing objects:  60% (126/210)        
2023-04-27T14:24:08.8762019Z remote: Compressing objects:  61% (129/210)        
2023-04-27T14:24:08.8762324Z remote: Compressing objects:  62% (131/210)        
2023-04-27T14:24:08.8762648Z remote: Compressing objects:  63% (133/210)        
2023-04-27T14:24:08.8762969Z remote: Compressing objects:  64% (135/210)        
2023-04-27T14:24:08.8763273Z remote: Compressing objects:  65% (137/210)        
2023-04-27T14:24:08.8763604Z remote: Compressing objects:  66% (139/210)        
2023-04-27T14:24:08.8763934Z remote: Compressing objects:  67% (141/210)        
2023-04-27T14:24:08.8764258Z remote: Compressing objects:  68% (143/210)        
2023-04-27T14:24:08.8764710Z remote: Compressing objects:  69% (145/210)        
2023-04-27T14:24:08.8765011Z remote: Compressing objects:  70% (147/210)        
2023-04-27T14:24:08.8765309Z remote: Compressing objects:  71% (150/210)        
2023-04-27T14:24:08.8765592Z remote: Compressing objects:  72% (152/210)        
2023-04-27T14:24:08.8766161Z remote: Compressing objects:  73% (154/210)        
2023-04-27T14:24:08.8766858Z remote: Compressing objects:  74% (156/210)        
2023-04-27T14:24:08.8767151Z remote: Compressing objects:  75% (158/210)        
2023-04-27T14:24:08.8767460Z remote: Compressing objects:  76% (160/210)        
2023-04-27T14:24:08.8768571Z remote: Compressing objects:  77% (162/210)        
2023-04-27T14:24:08.8782708Z remote: Compressing objects:  78% (164/210)        
2023-04-27T14:24:08.8783065Z remote: Compressing objects:  79% (166/210)        
2023-04-27T14:24:08.8783418Z remote: Compressing objects:  80% (168/210)        
2023-04-27T14:24:08.8783750Z remote: Compressing objects:  81% (171/210)        
2023-04-27T14:24:08.8784056Z remote: Compressing objects:  82% (173/210)        
2023-04-27T14:24:08.8784385Z remote: Compressing objects:  83% (175/210)        
2023-04-27T14:24:08.8784717Z remote: Compressing objects:  84% (177/210)        
2023-04-27T14:24:08.8785029Z remote: Compressing objects:  85% (179/210)        
2023-04-27T14:24:08.8785356Z remote: Compressing objects:  86% (181/210)        
2023-04-27T14:24:08.8785679Z remote: Compressing objects:  87% (183/210)        
2023-04-27T14:24:08.8786005Z remote: Compressing objects:  88% (185/210)        
2023-04-27T14:24:08.8786309Z remote: Compressing objects:  89% (187/210)        
2023-04-27T14:24:08.8786653Z remote: Compressing objects:  90% (189/210)        
2023-04-27T14:24:08.8787150Z remote: Compressing objects:  91% (192/210)        
2023-04-27T14:24:08.8787469Z remote: Compressing objects:  92% (194/210)        
2023-04-27T14:24:08.8787785Z remote: Compressing objects:  93% (196/210)        
2023-04-27T14:24:08.8788079Z remote: Compressing objects:  94% (198/210)        
2023-04-27T14:24:08.8788388Z remote: Compressing objects:  95% (200/210)        
2023-04-27T14:24:08.8789084Z remote: Compressing objects:  96% (202/210)        
2023-04-27T14:24:08.8789383Z remote: Compressing objects:  97% (204/210)        
2023-04-27T14:24:08.8789696Z remote: Compressing objects:  98% (206/210)        
2023-04-27T14:24:08.8790008Z remote: Compressing objects:  99% (208/210)        
2023-04-27T14:24:08.8790300Z remote: Compressing objects: 100% (210/210)        
2023-04-27T14:24:08.8790628Z remote: Compressing objects: 100% (210/210), done.        
2023-04-27T14:24:08.8803543Z Receiving objects:   0% (1/1092)
2023-04-27T14:24:08.8808852Z Receiving objects:   1% (11/1092)
2023-04-27T14:24:08.8812735Z Receiving objects:   2% (22/1092)
2023-04-27T14:24:08.8845770Z Receiving objects:   3% (33/1092)
2023-04-27T14:24:08.8849155Z Receiving objects:   4% (44/1092)
2023-04-27T14:24:08.8853108Z Receiving objects:   5% (55/1092)
2023-04-27T14:24:08.8899869Z Receiving objects:   6% (66/1092)
2023-04-27T14:24:08.8940250Z Receiving objects:   7% (77/1092)
2023-04-27T14:24:08.8943994Z Receiving objects:   8% (88/1092)
2023-04-27T14:24:08.8948156Z Receiving objects:   9% (99/1092)
2023-04-27T14:24:08.8957706Z Receiving objects:  10% (110/1092)
2023-04-27T14:24:08.8963279Z Receiving objects:  11% (121/1092)
2023-04-27T14:24:08.8970090Z Receiving objects:  12% (132/1092)
2023-04-27T14:24:08.8975706Z Receiving objects:  13% (142/1092)
2023-04-27T14:24:08.8978622Z Receiving objects:  14% (153/1092)
2023-04-27T14:24:08.8981437Z Receiving objects:  15% (164/1092)
2023-04-27T14:24:08.8984858Z Receiving objects:  16% (175/1092)
2023-04-27T14:24:08.8989253Z Receiving objects:  17% (186/1092)
2023-04-27T14:24:08.8994406Z Receiving objects:  18% (197/1092)
2023-04-27T14:24:08.8998956Z Receiving objects:  19% (208/1092)
2023-04-27T14:24:08.9002459Z Receiving objects:  20% (219/1092)
2023-04-27T14:24:08.9006091Z Receiving objects:  21% (230/1092)
2023-04-27T14:24:08.9009841Z Receiving objects:  22% (241/1092)
2023-04-27T14:24:08.9014950Z Receiving objects:  23% (252/1092)
2023-04-27T14:24:08.9021171Z Receiving objects:  24% (263/1092)
2023-04-27T14:24:08.9034273Z Receiving objects:  25% (273/1092)
2023-04-27T14:24:08.9038956Z Receiving objects:  26% (284/1092)
2023-04-27T14:24:08.9082708Z Receiving objects:  27% (295/1092)
2023-04-27T14:24:08.9086292Z Receiving objects:  28% (306/1092)
2023-04-27T14:24:08.9090248Z Receiving objects:  29% (317/1092)
2023-04-27T14:24:08.9093425Z Receiving objects:  30% (328/1092)
2023-04-27T14:24:08.9099318Z Receiving objects:  31% (339/1092)
2023-04-27T14:24:08.9100164Z Receiving objects:  32% (350/1092)
2023-04-27T14:24:08.9100803Z Receiving objects:  33% (361/1092)
2023-04-27T14:24:08.9101588Z Receiving objects:  34% (372/1092)
2023-04-27T14:24:08.9102293Z Receiving objects:  35% (383/1092)
2023-04-27T14:24:08.9103033Z Receiving objects:  36% (394/1092)
2023-04-27T14:24:08.9126943Z Receiving objects:  37% (405/1092)
2023-04-27T14:24:08.9128038Z Receiving objects:  38% (415/1092)
2023-04-27T14:24:08.9133878Z Receiving objects:  39% (426/1092)
2023-04-27T14:24:08.9134561Z Receiving objects:  40% (437/1092)
2023-04-27T14:24:08.9136020Z Receiving objects:  41% (448/1092)
2023-04-27T14:24:08.9136622Z Receiving objects:  42% (459/1092)
2023-04-27T14:24:08.9137711Z Receiving objects:  43% (470/1092)
2023-04-27T14:24:08.9138481Z Receiving objects:  44% (481/1092)
2023-04-27T14:24:08.9139475Z Receiving objects:  45% (492/1092)
2023-04-27T14:24:08.9139996Z Receiving objects:  46% (503/1092)
2023-04-27T14:24:08.9141001Z Receiving objects:  47% (514/1092)
2023-04-27T14:24:08.9141624Z Receiving objects:  48% (525/1092)
2023-04-27T14:24:08.9146799Z Receiving objects:  49% (536/1092)
2023-04-27T14:24:08.9148412Z Receiving objects:  50% (546/1092)
2023-04-27T14:24:08.9150893Z Receiving objects:  51% (557/1092)
2023-04-27T14:24:08.9151593Z Receiving objects:  52% (568/1092)
2023-04-27T14:24:08.9160072Z Receiving objects:  53% (579/1092)
2023-04-27T14:24:08.9160702Z Receiving objects:  54% (590/1092)
2023-04-27T14:24:08.9161756Z Receiving objects:  55% (601/1092)
2023-04-27T14:24:08.9162669Z Receiving objects:  56% (612/1092)
2023-04-27T14:24:08.9163653Z Receiving objects:  57% (623/1092)
2023-04-27T14:24:08.9164589Z Receiving objects:  58% (634/1092)
2023-04-27T14:24:08.9165992Z Receiving objects:  59% (645/1092)
2023-04-27T14:24:08.9166511Z Receiving objects:  60% (656/1092)
2023-04-27T14:24:08.9167443Z Receiving objects:  61% (667/1092)
2023-04-27T14:24:08.9168036Z Receiving objects:  62% (678/1092)
2023-04-27T14:24:08.9169882Z Receiving objects:  63% (688/1092)
2023-04-27T14:24:08.9170402Z Receiving objects:  64% (699/1092)
2023-04-27T14:24:08.9171428Z Receiving objects:  65% (710/1092)
2023-04-27T14:24:08.9175625Z Receiving objects:  66% (721/1092)
2023-04-27T14:24:08.9179694Z Receiving objects:  67% (732/1092)
2023-04-27T14:24:08.9180652Z Receiving objects:  68% (743/1092)
2023-04-27T14:24:08.9181834Z Receiving objects:  69% (754/1092)
2023-04-27T14:24:08.9188729Z Receiving objects:  70% (765/1092)
2023-04-27T14:24:08.9189458Z Receiving objects:  71% (776/1092)
2023-04-27T14:24:08.9190662Z Receiving objects:  72% (787/1092)
2023-04-27T14:24:08.9219852Z Receiving objects:  73% (798/1092)
2023-04-27T14:24:08.9223492Z Receiving objects:  74% (809/1092)
2023-04-27T14:24:08.9227868Z Receiving objects:  75% (819/1092)
2023-04-27T14:24:08.9228441Z Receiving objects:  76% (830/1092)
2023-04-27T14:24:08.9228903Z Receiving objects:  77% (841/1092)
2023-04-27T14:24:08.9234005Z Receiving objects:  78% (852/1092)
2023-04-27T14:24:08.9234635Z Receiving objects:  79% (863/1092)
2023-04-27T14:24:08.9236269Z Receiving objects:  80% (874/1092)
2023-04-27T14:24:08.9238235Z Receiving objects:  81% (885/1092)
2023-04-27T14:24:08.9239497Z Receiving objects:  82% (896/1092)
2023-04-27T14:24:08.9267224Z Receiving objects:  83% (907/1092)
2023-04-27T14:24:08.9277678Z Receiving objects:  84% (918/1092)
2023-04-27T14:24:08.9278575Z Receiving objects:  85% (929/1092)
2023-04-27T14:24:08.9279663Z Receiving objects:  86% (940/1092)
2023-04-27T14:24:08.9281944Z Receiving objects:  87% (951/1092)
2023-04-27T14:24:08.9283867Z Receiving objects:  88% (961/1092)
2023-04-27T14:24:08.9343662Z Receiving objects:  89% (972/1092)
2023-04-27T14:24:08.9343970Z Receiving objects:  90% (983/1092)
2023-04-27T14:24:08.9344257Z Receiving objects:  91% (994/1092)
2023-04-27T14:24:08.9344767Z Receiving objects:  92% (1005/1092)
2023-04-27T14:24:08.9345035Z Receiving objects:  93% (1016/1092)
2023-04-27T14:24:08.9345314Z Receiving objects:  94% (1027/1092)
2023-04-27T14:24:08.9346011Z remote: Total 1092 (delta 122), reused 147 (delta 87), pack-reused 778        
2023-04-27T14:24:08.9346366Z Receiving objects:  95% (1038/1092)
2023-04-27T14:24:08.9346951Z Receiving objects:  96% (1049/1092)
2023-04-27T14:24:08.9347228Z Receiving objects:  97% (1060/1092)
2023-04-27T14:24:08.9348179Z Receiving objects:  98% (1071/1092)
2023-04-27T14:24:08.9348949Z Receiving objects:  99% (1082/1092)
2023-04-27T14:24:08.9349700Z Receiving objects: 100% (1092/1092)
2023-04-27T14:24:08.9350031Z Receiving objects: 100% (1092/1092), 281.79 KiB | 5.03 MiB/s, done.
2023-04-27T14:24:08.9364212Z Resolving deltas:   0% (0/591)
2023-04-27T14:24:08.9365058Z Resolving deltas:   1% (6/591)
2023-04-27T14:24:08.9366108Z Resolving deltas:   2% (12/591)
2023-04-27T14:24:08.9366602Z Resolving deltas:   3% (18/591)
2023-04-27T14:24:08.9367498Z Resolving deltas:   4% (24/591)
2023-04-27T14:24:08.9368042Z Resolving deltas:   5% (30/591)
2023-04-27T14:24:08.9368759Z Resolving deltas:   6% (36/591)
2023-04-27T14:24:08.9369282Z Resolving deltas:   7% (42/591)
2023-04-27T14:24:08.9370090Z Resolving deltas:   8% (48/591)
2023-04-27T14:24:08.9370620Z Resolving deltas:   9% (54/591)
2023-04-27T14:24:08.9371348Z Resolving deltas:  10% (60/591)
2023-04-27T14:24:08.9371881Z Resolving deltas:  11% (66/591)
2023-04-27T14:24:08.9372592Z Resolving deltas:  12% (71/591)
2023-04-27T14:24:08.9373124Z Resolving deltas:  13% (77/591)
2023-04-27T14:24:08.9373829Z Resolving deltas:  14% (83/591)
2023-04-27T14:24:08.9374360Z Resolving deltas:  15% (89/591)
2023-04-27T14:24:08.9375262Z Resolving deltas:  16% (95/591)
2023-04-27T14:24:08.9376847Z Resolving deltas:  17% (101/591)
2023-04-27T14:24:08.9377665Z Resolving deltas:  18% (107/591)
2023-04-27T14:24:08.9378227Z Resolving deltas:  19% (113/591)
2023-04-27T14:24:08.9378965Z Resolving deltas:  20% (119/591)
2023-04-27T14:24:08.9379496Z Resolving deltas:  21% (125/591)
2023-04-27T14:24:08.9380390Z Resolving deltas:  22% (131/591)
2023-04-27T14:24:08.9380922Z Resolving deltas:  23% (136/591)
2023-04-27T14:24:08.9381722Z Resolving deltas:  24% (142/591)
2023-04-27T14:24:08.9382256Z Resolving deltas:  25% (148/591)
2023-04-27T14:24:08.9382971Z Resolving deltas:  26% (154/591)
2023-04-27T14:24:08.9383524Z Resolving deltas:  27% (160/591)
2023-04-27T14:24:08.9384276Z Resolving deltas:  28% (166/591)
2023-04-27T14:24:08.9389029Z Resolving deltas:  29% (172/591)
2023-04-27T14:24:08.9392393Z Resolving deltas:  30% (178/591)
2023-04-27T14:24:08.9397043Z Resolving deltas:  31% (184/591)
2023-04-27T14:24:08.9398815Z Resolving deltas:  32% (190/591)
2023-04-27T14:24:08.9400813Z Resolving deltas:  33% (196/591)
2023-04-27T14:24:08.9402703Z Resolving deltas:  34% (201/591)
2023-04-27T14:24:08.9404464Z Resolving deltas:  35% (207/591)
2023-04-27T14:24:08.9407554Z Resolving deltas:  36% (213/591)
2023-04-27T14:24:08.9410181Z Resolving deltas:  37% (219/591)
2023-04-27T14:24:08.9412755Z Resolving deltas:  38% (225/591)
2023-04-27T14:24:08.9416591Z Resolving deltas:  39% (231/591)
2023-04-27T14:24:08.9418383Z Resolving deltas:  40% (237/591)
2023-04-27T14:24:08.9421505Z Resolving deltas:  41% (243/591)
2023-04-27T14:24:08.9425322Z Resolving deltas:  42% (249/591)
2023-04-27T14:24:08.9427058Z Resolving deltas:  43% (255/591)
2023-04-27T14:24:08.9430574Z Resolving deltas:  44% (261/591)
2023-04-27T14:24:08.9433953Z Resolving deltas:  45% (266/591)
2023-04-27T14:24:08.9440750Z Resolving deltas:  46% (272/591)
2023-04-27T14:24:08.9446941Z Resolving deltas:  47% (278/591)
2023-04-27T14:24:08.9451599Z Resolving deltas:  48% (284/591)
2023-04-27T14:24:08.9456577Z Resolving deltas:  49% (290/591)
2023-04-27T14:24:08.9461138Z Resolving deltas:  50% (296/591)
2023-04-27T14:24:08.9465139Z Resolving deltas:  51% (302/591)
2023-04-27T14:24:08.9470593Z Resolving deltas:  52% (308/591)
2023-04-27T14:24:08.9473643Z Resolving deltas:  53% (314/591)
2023-04-27T14:24:08.9478527Z Resolving deltas:  54% (320/591)
2023-04-27T14:24:08.9482804Z Resolving deltas:  55% (326/591)
2023-04-27T14:24:08.9487426Z Resolving deltas:  56% (331/591)
2023-04-27T14:24:08.9490489Z Resolving deltas:  57% (337/591)
2023-04-27T14:24:08.9493089Z Resolving deltas:  58% (343/591)
2023-04-27T14:24:08.9503086Z Resolving deltas:  59% (349/591)
2023-04-27T14:24:08.9505999Z Resolving deltas:  60% (355/591)
2023-04-27T14:24:08.9509027Z Resolving deltas:  61% (361/591)
2023-04-27T14:24:08.9517015Z Resolving deltas:  62% (367/591)
2023-04-27T14:24:08.9523110Z Resolving deltas:  63% (373/591)
2023-04-27T14:24:08.9525736Z Resolving deltas:  64% (379/591)
2023-04-27T14:24:08.9526463Z Resolving deltas:  65% (385/591)
2023-04-27T14:24:08.9531288Z Resolving deltas:  66% (391/591)
2023-04-27T14:24:08.9534704Z Resolving deltas:  67% (396/591)
2023-04-27T14:24:08.9541173Z Resolving deltas:  68% (403/591)
2023-04-27T14:24:08.9546924Z Resolving deltas:  69% (408/591)
2023-04-27T14:24:08.9551924Z Resolving deltas:  70% (414/591)
2023-04-27T14:24:08.9554918Z Resolving deltas:  71% (421/591)
2023-04-27T14:24:08.9557793Z Resolving deltas:  72% (426/591)
2023-04-27T14:24:08.9560584Z Resolving deltas:  73% (432/591)
2023-04-27T14:24:08.9564560Z Resolving deltas:  74% (438/591)
2023-04-27T14:24:08.9565320Z Resolving deltas:  75% (444/591)
2023-04-27T14:24:08.9565999Z Resolving deltas:  76% (450/591)
2023-04-27T14:24:08.9566694Z Resolving deltas:  77% (456/591)
2023-04-27T14:24:08.9568948Z Resolving deltas:  78% (461/591)
2023-04-27T14:24:08.9576889Z Resolving deltas:  79% (467/591)
2023-04-27T14:24:08.9578280Z Resolving deltas:  80% (473/591)
2023-04-27T14:24:08.9579651Z Resolving deltas:  81% (479/591)
2023-04-27T14:24:08.9580249Z Resolving deltas:  82% (485/591)
2023-04-27T14:24:08.9581763Z Resolving deltas:  83% (491/591)
2023-04-27T14:24:08.9582315Z Resolving deltas:  84% (497/591)
2023-04-27T14:24:08.9584930Z Resolving deltas:  85% (503/591)
2023-04-27T14:24:08.9588045Z Resolving deltas:  86% (509/591)
2023-04-27T14:24:08.9596460Z Resolving deltas:  87% (515/591)
2023-04-27T14:24:08.9604869Z Resolving deltas:  88% (521/591)
2023-04-27T14:24:08.9605456Z Resolving deltas:  89% (526/591)
2023-04-27T14:24:08.9606589Z Resolving deltas:  90% (532/591)
2023-04-27T14:24:08.9607539Z Resolving deltas:  91% (538/591)
2023-04-27T14:24:08.9608642Z Resolving deltas:  92% (544/591)
2023-04-27T14:24:08.9609642Z Resolving deltas:  93% (550/591)
2023-04-27T14:24:08.9610972Z Resolving deltas:  94% (556/591)
2023-04-27T14:24:08.9614343Z Resolving deltas:  95% (562/591)
2023-04-27T14:24:08.9620310Z Resolving deltas:  96% (568/591)
2023-04-27T14:24:08.9627808Z Resolving deltas:  97% (574/591)
2023-04-27T14:24:08.9634457Z Resolving deltas:  98% (580/591)
2023-04-27T14:24:08.9644369Z Resolving deltas:  99% (586/591)
2023-04-27T14:24:08.9644894Z Resolving deltas: 100% (591/591)
2023-04-27T14:24:08.9645184Z Resolving deltas: 100% (591/591), done.
2023-04-27T14:24:08.9804658Z From https://github.com/con/tinuous
2023-04-27T14:24:08.9805927Z  * [new branch]      gh-124          -> origin/gh-124
2023-04-27T14:24:08.9807629Z  * [new branch]      gh-55           -> origin/gh-55
2023-04-27T14:24:08.9808325Z  * [new branch]      master          -> origin/master
2023-04-27T14:24:08.9808897Z  * [new branch]      no-extra-search -> origin/no-extra-search
2023-04-27T14:24:08.9809496Z  * [new branch]      test-appveyor   -> origin/test-appveyor
2023-04-27T14:24:08.9810321Z  * [new tag]         0.1.0           -> 0.1.0
2023-04-27T14:24:08.9810793Z  * [new tag]         0.2.0           -> 0.2.0
2023-04-27T14:24:08.9811234Z  * [new tag]         0.3.0           -> 0.3.0
2023-04-27T14:24:08.9811692Z  * [new tag]         0.4.0           -> 0.4.0
2023-04-27T14:24:08.9812148Z  * [new tag]         0.5.0           -> 0.5.0
2023-04-27T14:24:08.9812597Z  * [new tag]         0.5.1           -> 0.5.1
2023-04-27T14:24:08.9813034Z  * [new tag]         0.5.2           -> 0.5.2
2023-04-27T14:24:08.9813480Z  * [new tag]         0.5.3           -> 0.5.3
2023-04-27T14:24:08.9813932Z  * [new tag]         0.5.4           -> 0.5.4
2023-04-27T14:24:08.9814308Z  * [new tag]         0.6.0           -> 0.6.0
2023-04-27T14:24:08.9814622Z  * [new tag]         0.6.1           -> 0.6.1
2023-04-27T14:24:08.9849213Z [command]/usr/bin/git branch --list --remote origin/gh-124
2023-04-27T14:24:08.9887840Z   origin/gh-124
2023-04-27T14:24:08.9903789Z [command]/usr/bin/git rev-parse refs/remotes/origin/gh-124
2023-04-27T14:24:08.9958874Z 89072707c93e8559e96d94459503caad9c78a749
2023-04-27T14:24:08.9964985Z ##[endgroup]
2023-04-27T14:24:08.9965777Z ##[group]Determining the checkout info
2023-04-27T14:24:08.9966815Z ##[endgroup]
2023-04-27T14:24:08.9967550Z ##[group]Checking out the ref
2023-04-27T14:24:08.9972743Z [command]/usr/bin/git checkout --progress --force -B gh-124 refs/remotes/origin/gh-124
2023-04-27T14:24:09.0075203Z Switched to a new branch 'gh-124'
2023-04-27T14:24:09.0081221Z branch 'gh-124' set up to track 'origin/gh-124'.
2023-04-27T14:24:09.0087150Z ##[endgroup]
2023-04-27T14:24:09.0138861Z [command]/usr/bin/git log -1 --format='%H'
2023-04-27T14:24:09.0171190Z '89072707c93e8559e96d94459503caad9c78a749'
2023-04-27T14:24:09.0587133Z ##[group]Run actions/setup-python@v4
2023-04-27T14:24:09.0587871Z with:
2023-04-27T14:24:09.0588166Z   python-version: 3.8
2023-04-27T14:24:09.0588412Z   check-latest: false
2023-04-27T14:24:09.0589341Z   token: ***
2023-04-27T14:24:09.0590140Z   update-environment: true
2023-04-27T14:24:09.0590424Z   allow-prereleases: false
2023-04-27T14:24:09.0590685Z ##[endgroup]
2023-04-27T14:24:09.2719381Z ##[group]Installed versions
2023-04-27T14:24:09.2847817Z Successfully set up CPython (3.8.16)
2023-04-27T14:24:09.2848900Z ##[endgroup]
2023-04-27T14:24:09.3004038Z ##[group]Run python -m pip install --upgrade pip wheel
2023-04-27T14:24:09.3004493Z [36;1mpython -m pip install --upgrade pip wheel[0m
2023-04-27T14:24:09.3004854Z [36;1mpython -m pip install --upgrade --upgrade-strategy=eager tox[0m
2023-04-27T14:24:09.3081498Z shell: /usr/bin/bash -e {0}
2023-04-27T14:24:09.3081763Z env:
2023-04-27T14:24:09.3082054Z   pythonLocation: /opt/hostedtoolcache/Python/3.8.16/x64
2023-04-27T14:24:09.3082428Z   PKG_CONFIG_PATH: /opt/hostedtoolcache/Python/3.8.16/x64/lib/pkgconfig
2023-04-27T14:24:09.3082773Z   Python_ROOT_DIR: /opt/hostedtoolcache/Python/3.8.16/x64
2023-04-27T14:24:09.3083108Z   Python2_ROOT_DIR: /opt/hostedtoolcache/Python/3.8.16/x64
2023-04-27T14:24:09.3083461Z   Python3_ROOT_DIR: /opt/hostedtoolcache/Python/3.8.16/x64
2023-04-27T14:24:09.3083779Z   LD_LIBRARY_PATH: /opt/hostedtoolcache/Python/3.8.16/x64/lib
2023-04-27T14:24:09.3084059Z ##[endgroup]
2023-04-27T14:24:14.4225963Z Requirement already satisfied: pip in /opt/hostedtoolcache/Python/3.8.16/x64/lib/python3.8/site-packages (22.0.4)
2023-04-27T14:24:14.6836981Z Collecting pip
2023-04-27T14:24:14.7872385Z   Downloading pip-23.1.2-py3-none-any.whl (2.1 MB)
2023-04-27T14:24:14.8785302Z      ━━━━━━━━━━━━━━━━━━━━━━━━━━━━━━━━━━━━━━━━ 2.1/2.1 MB 23.7 MB/s eta 0:00:00
2023-04-27T14:24:14.9521931Z Collecting wheel
2023-04-27T14:24:14.9580962Z   Downloading wheel-0.40.0-py3-none-any.whl (64 kB)
2023-04-27T14:24:14.9652128Z      ━━━━━━━━━━━━━━━━━━━━━━━━━━━━━━━━━━━━━━━━ 64.5/64.5 kB 14.3 MB/s eta 0:00:00
2023-04-27T14:24:15.0274476Z Installing collected packages: wheel, pip
2023-04-27T14:24:15.0917637Z   Attempting uninstall: pip
2023-04-27T14:24:15.0927943Z     Found existing installation: pip 22.0.4
2023-04-27T14:24:15.2033574Z     Uninstalling pip-22.0.4:
2023-04-27T14:24:15.3034245Z       Successfully uninstalled pip-22.0.4
2023-04-27T14:24:16.7187538Z Successfully installed pip-23.1.2 wheel-0.40.0
2023-04-27T14:24:18.9044760Z Collecting tox
2023-04-27T14:24:19.0042422Z   Downloading tox-4.5.1-py3-none-any.whl (148 kB)
2023-04-27T14:24:19.0616154Z      ━━━━━━━━━━━━━━━━━━━━━━━━━━━━━━━━━━━━━━━ 149.0/149.0 kB 2.7 MB/s eta 0:00:00
2023-04-27T14:24:19.1550799Z Collecting cachetools>=5.3 (from tox)
2023-04-27T14:24:19.1675932Z   Downloading cachetools-5.3.0-py3-none-any.whl (9.3 kB)
2023-04-27T14:24:19.1963967Z Collecting chardet>=5.1 (from tox)
2023-04-27T14:24:19.2121886Z   Downloading chardet-5.1.0-py3-none-any.whl (199 kB)
2023-04-27T14:24:19.2269051Z      ━━━━━━━━━━━━━━━━━━━━━━━━━━━━━━━━━━━━━━ 199.1/199.1 kB 18.3 MB/s eta 0:00:00
2023-04-27T14:24:19.2694716Z Collecting colorama>=0.4.6 (from tox)
2023-04-27T14:24:19.2754982Z   Downloading colorama-0.4.6-py2.py3-none-any.whl (25 kB)
2023-04-27T14:24:19.3266646Z Collecting filelock>=3.11 (from tox)
2023-04-27T14:24:19.3317318Z   Downloading filelock-3.12.0-py3-none-any.whl (10 kB)
2023-04-27T14:24:19.3923395Z Collecting packaging>=23.1 (from tox)
2023-04-27T14:24:19.3975595Z   Downloading packaging-23.1-py3-none-any.whl (48 kB)
2023-04-27T14:24:19.4051825Z      ━━━━━━━━━━━━━━━━━━━━━━━━━━━━━━━━━━━━━━━━ 48.9/48.9 kB 9.1 MB/s eta 0:00:00
2023-04-27T14:24:19.4453022Z Collecting platformdirs>=3.2 (from tox)
2023-04-27T14:24:19.4505245Z   Downloading platformdirs-3.4.0-py3-none-any.whl (15 kB)
2023-04-27T14:24:19.4893135Z Collecting pluggy>=1 (from tox)
2023-04-27T14:24:19.4948904Z   Downloading pluggy-1.0.0-py2.py3-none-any.whl (13 kB)
2023-04-27T14:24:19.5251730Z Collecting pyproject-api>=1.5.1 (from tox)
2023-04-27T14:24:19.5305914Z   Downloading pyproject_api-1.5.1-py3-none-any.whl (12 kB)
2023-04-27T14:24:19.5691360Z Collecting tomli>=2.0.1 (from tox)
2023-04-27T14:24:19.5753255Z   Downloading tomli-2.0.1-py3-none-any.whl (12 kB)
2023-04-27T14:24:19.7445868Z Collecting virtualenv>=20.21 (from tox)
2023-04-27T14:24:19.7505642Z   Downloading virtualenv-20.22.0-py3-none-any.whl (3.2 MB)
2023-04-27T14:24:19.8030520Z      ━━━━━━━━━━━━━━━━━━━━━━━━━━━━━━━━━━━━━━━━ 3.2/3.2 MB 68.5 MB/s eta 0:00:00
2023-04-27T14:24:19.9738421Z Collecting distlib<1,>=0.3.6 (from virtualenv>=20.21->tox)
2023-04-27T14:24:19.9793322Z   Downloading distlib-0.3.6-py2.py3-none-any.whl (468 kB)
2023-04-27T14:24:19.9915889Z      ━━━━━━━━━━━━━━━━━━━━━━━━━━━━━━━━━━━━━━ 468.5/468.5 kB 55.8 MB/s eta 0:00:00
2023-04-27T14:24:20.2038549Z Installing collected packages: distlib, tomli, pluggy, platformdirs, packaging, filelock, colorama, chardet, cachetools, virtualenv, pyproject-api, tox
2023-04-27T14:24:21.0400048Z Successfully installed cachetools-5.3.0 chardet-5.1.0 colorama-0.4.6 distlib-0.3.6 filelock-3.12.0 packaging-23.1 platformdirs-3.4.0 pluggy-1.0.0 pyproject-api-1.5.1 tomli-2.0.1 tox-4.5.1 virtualenv-20.22.0
2023-04-27T14:24:21.6911178Z ##[group]Run tox -e lint
2023-04-27T14:24:21.6911502Z [36;1mtox -e lint[0m
2023-04-27T14:24:21.6977870Z shell: /usr/bin/bash -e {0}
2023-04-27T14:24:21.6978109Z env:
2023-04-27T14:24:21.6978375Z   pythonLocation: /opt/hostedtoolcache/Python/3.8.16/x64
2023-04-27T14:24:21.6978746Z   PKG_CONFIG_PATH: /opt/hostedtoolcache/Python/3.8.16/x64/lib/pkgconfig
2023-04-27T14:24:21.6979108Z   Python_ROOT_DIR: /opt/hostedtoolcache/Python/3.8.16/x64
2023-04-27T14:24:21.6979442Z   Python2_ROOT_DIR: /opt/hostedtoolcache/Python/3.8.16/x64
2023-04-27T14:24:21.6979754Z   Python3_ROOT_DIR: /opt/hostedtoolcache/Python/3.8.16/x64
2023-04-27T14:24:21.6980082Z   LD_LIBRARY_PATH: /opt/hostedtoolcache/Python/3.8.16/x64/lib
2023-04-27T14:24:21.6980351Z ##[endgroup]
2023-04-27T14:24:22.7135379Z lint: install_deps> python -I -m pip install flake8-bugbear 'flake8-builtins~=1.4' flake8-unused-arguments 'flake8~=3.7'
2023-04-27T14:24:25.8167862Z lint: freeze> python -m pip freeze --all
2023-04-27T14:24:26.3370677Z lint: attrs==23.1.0,flake8==3.9.2,flake8-bugbear==23.3.12,flake8-builtins==1.5.3,flake8-unused-arguments==0.0.13,mccabe==0.6.1,pip==23.1,pycodestyle==2.7.0,pyflakes==2.3.1,setuptools==67.6.1,wheel==0.40.0
2023-04-27T14:24:26.3380091Z lint: commands[0]> flake8 --config=tox.ini src test
2023-04-27T14:24:28.0783137Z   lint: OK (5.82=setup[4.08]+cmd[1.74] seconds)
2023-04-27T14:24:28.0784114Z   congratulations :) (6.09 seconds)
2023-04-27T14:24:28.1258313Z Post job cleanup.
2023-04-27T14:24:28.3416918Z Post job cleanup.
2023-04-27T14:24:28.4701950Z [command]/usr/bin/git version
2023-04-27T14:24:28.4759489Z git version 2.40.1
2023-04-27T14:24:28.4835296Z Temporarily overriding HOME='/home/runner/work/_temp/0d415c2e-763a-41c4-9ddf-0073814ea3e4' before making global git config changes
2023-04-27T14:24:28.4837173Z Adding repository directory to the temporary git global config as a safe directory
2023-04-27T14:24:28.4845221Z [command]/usr/bin/git config --global --add safe.directory /home/runner/work/tinuous/tinuous
2023-04-27T14:24:28.4897295Z [command]/usr/bin/git config --local --name-only --get-regexp core\.sshCommand
2023-04-27T14:24:28.4941058Z [command]/usr/bin/git submodule foreach --recursive sh -c "git config --local --name-only --get-regexp 'core\.sshCommand' && git config --local --unset-all 'core.sshCommand' || :"
2023-04-27T14:24:28.5245377Z [command]/usr/bin/git config --local --name-only --get-regexp http\.https\:\/\/github\.com\/\.extraheader
2023-04-27T14:24:28.5280232Z http.https://github.com/.extraheader
2023-04-27T14:24:28.5301945Z [command]/usr/bin/git config --local --unset-all http.https://github.com/.extraheader
2023-04-27T14:24:28.5352904Z [command]/usr/bin/git submodule foreach --recursive sh -c "git config --local --name-only --get-regexp 'http\.https\:\/\/github\.com\/\.extraheader' && git config --local --unset-all 'http.https://github.com/.extraheader' || :"
2023-04-27T14:24:28.5886382Z Cleaning up orphan processes
