2023-04-27T16:19:52.6983111Z Requested labels: ubuntu-latest
2023-04-27T16:19:52.6983312Z Job defined at: con/tinuous/.github/workflows/test.yml@refs/heads/fix-codespell
2023-04-27T16:19:52.6983391Z Waiting for a runner to pick up this job...
2023-04-27T16:19:53.0715174Z Job is waiting for a hosted runner to come online.
2023-04-27T16:19:55.9880706Z Job is about to start running on the hosted runner: GitHub Actions 7 (hosted)
2023-04-27T16:19:57.8953406Z Current runner version: '2.303.0'
2023-04-27T16:19:57.8980779Z ##[group]Operating System
2023-04-27T16:19:57.8981269Z Ubuntu
2023-04-27T16:19:57.8981658Z 22.04.2
2023-04-27T16:19:57.8981945Z LTS
2023-04-27T16:19:57.8982218Z ##[endgroup]
2023-04-27T16:19:57.8982556Z ##[group]Runner Image
2023-04-27T16:19:57.8982939Z Image: ubuntu-22.04
2023-04-27T16:19:57.8983220Z Version: 20230426.1
2023-04-27T16:19:57.8983727Z Included Software: https://github.com/actions/runner-images/blob/ubuntu22/20230426.1/images/linux/Ubuntu2204-Readme.md
2023-04-27T16:19:57.8984374Z Image Release: https://github.com/actions/runner-images/releases/tag/ubuntu22%2F20230426.1
2023-04-27T16:19:57.8984769Z ##[endgroup]
2023-04-27T16:19:57.8985147Z ##[group]Runner Image Provisioner
2023-04-27T16:19:57.8985488Z 2.0.161.1
2023-04-27T16:19:57.8985731Z ##[endgroup]
2023-04-27T16:19:57.8986699Z ##[group]GITHUB_TOKEN Permissions
2023-04-27T16:19:57.8987337Z Actions: write
2023-04-27T16:19:57.8987660Z Checks: write
2023-04-27T16:19:57.8988159Z Contents: write
2023-04-27T16:19:57.8988604Z Deployments: write
2023-04-27T16:19:57.8988892Z Discussions: write
2023-04-27T16:19:57.8989249Z Issues: write
2023-04-27T16:19:57.8989625Z Metadata: read
2023-04-27T16:19:57.8989968Z Packages: write
2023-04-27T16:19:57.8990239Z Pages: write
2023-04-27T16:19:57.8990575Z PullRequests: write
2023-04-27T16:19:57.8990926Z RepositoryProjects: write
2023-04-27T16:19:57.8991238Z SecurityEvents: write
2023-04-27T16:19:57.8991595Z Statuses: write
2023-04-27T16:19:57.8991925Z ##[endgroup]
2023-04-27T16:19:57.8995455Z Secret source: Actions
2023-04-27T16:19:57.8995991Z Prepare workflow directory
2023-04-27T16:19:57.9714331Z Prepare all required actions
2023-04-27T16:19:57.9896067Z Getting action download info
2023-04-27T16:19:58.2171581Z Download action repository 'actions/checkout@v3' (SHA:8e5e7e5ab8b370d6c329ec480221332ada57f0ab)
2023-04-27T16:19:58.5202179Z Download action repository 'actions/setup-python@v4' (SHA:57ded4d7d5e986d7296eab16560982c6dd7c923b)
2023-04-27T16:19:58.7551852Z Download action repository 'codecov/codecov-action@v3' (SHA:894ff025c7b54547a9a2a1e9f228beae737ad3c2)
2023-04-27T16:19:59.0769004Z Complete job name: test (3.8, typing)
2023-04-27T16:19:59.1754588Z ##[group]Run actions/checkout@v3
2023-04-27T16:19:59.1755006Z with:
2023-04-27T16:19:59.1755277Z   fetch-depth: 0
2023-04-27T16:19:59.1755580Z   repository: con/tinuous
2023-04-27T16:19:59.1756171Z   token: ***
2023-04-27T16:19:59.1756445Z   ssh-strict: true
2023-04-27T16:19:59.1756747Z   persist-credentials: true
2023-04-27T16:19:59.1757052Z   clean: true
2023-04-27T16:19:59.1757316Z   lfs: false
2023-04-27T16:19:59.1757571Z   submodules: false
2023-04-27T16:19:59.1757882Z   set-safe-directory: true
2023-04-27T16:19:59.1758197Z ##[endgroup]
2023-04-27T16:19:59.4108659Z Syncing repository: con/tinuous
2023-04-27T16:19:59.4110414Z ##[group]Getting Git version info
2023-04-27T16:19:59.4110969Z Working directory is '/home/runner/work/tinuous/tinuous'
2023-04-27T16:19:59.4112562Z [command]/usr/bin/git version
2023-04-27T16:19:59.4159356Z git version 2.40.1
2023-04-27T16:19:59.4186495Z ##[endgroup]
2023-04-27T16:19:59.4205043Z Temporarily overriding HOME='/home/runner/work/_temp/49078eb4-b561-4b09-941b-b6cd2acc5c72' before making global git config changes
2023-04-27T16:19:59.4205645Z Adding repository directory to the temporary git global config as a safe directory
2023-04-27T16:19:59.4209666Z [command]/usr/bin/git config --global --add safe.directory /home/runner/work/tinuous/tinuous
2023-04-27T16:19:59.4257894Z Deleting the contents of '/home/runner/work/tinuous/tinuous'
2023-04-27T16:19:59.4263337Z ##[group]Initializing the repository
2023-04-27T16:19:59.4266905Z [command]/usr/bin/git init /home/runner/work/tinuous/tinuous
2023-04-27T16:19:59.4333342Z hint: Using 'master' as the name for the initial branch. This default branch name
2023-04-27T16:19:59.4334113Z hint: is subject to change. To configure the initial branch name to use in all
2023-04-27T16:19:59.4335011Z hint: of your new repositories, which will suppress this warning, call:
2023-04-27T16:19:59.4335898Z hint: 
2023-04-27T16:19:59.4336773Z hint: 	git config --global init.defaultBranch <name>
2023-04-27T16:19:59.4337294Z hint: 
2023-04-27T16:19:59.4338104Z hint: Names commonly chosen instead of 'master' are 'main', 'trunk' and
2023-04-27T16:19:59.4338831Z hint: 'development'. The just-created branch can be renamed via this command:
2023-04-27T16:19:59.4339563Z hint: 
2023-04-27T16:19:59.4340030Z hint: 	git branch -m <name>
2023-04-27T16:19:59.4343475Z Initialized empty Git repository in /home/runner/work/tinuous/tinuous/.git/
2023-04-27T16:19:59.4354556Z [command]/usr/bin/git remote add origin https://github.com/con/tinuous
2023-04-27T16:19:59.4408916Z ##[endgroup]
2023-04-27T16:19:59.4409660Z ##[group]Disabling automatic garbage collection
2023-04-27T16:19:59.4410589Z [command]/usr/bin/git config --local gc.auto 0
2023-04-27T16:19:59.4438620Z ##[endgroup]
2023-04-27T16:19:59.4439323Z ##[group]Setting up auth
2023-04-27T16:19:59.4445649Z [command]/usr/bin/git config --local --name-only --get-regexp core\.sshCommand
2023-04-27T16:19:59.4478716Z [command]/usr/bin/git submodule foreach --recursive sh -c "git config --local --name-only --get-regexp 'core\.sshCommand' && git config --local --unset-all 'core.sshCommand' || :"
2023-04-27T16:19:59.4833850Z [command]/usr/bin/git config --local --name-only --get-regexp http\.https\:\/\/github\.com\/\.extraheader
2023-04-27T16:19:59.4869700Z [command]/usr/bin/git submodule foreach --recursive sh -c "git config --local --name-only --get-regexp 'http\.https\:\/\/github\.com\/\.extraheader' && git config --local --unset-all 'http.https://github.com/.extraheader' || :"
2023-04-27T16:19:59.5087100Z [command]/usr/bin/git config --local http.https://github.com/.extraheader AUTHORIZATION: basic ***
2023-04-27T16:19:59.5127493Z ##[endgroup]
2023-04-27T16:19:59.5128309Z ##[group]Fetching the repository
2023-04-27T16:19:59.5137646Z [command]/usr/bin/git -c protocol.version=2 fetch --prune --progress --no-recurse-submodules origin +refs/heads/*:refs/remotes/origin/* +refs/tags/*:refs/tags/*
2023-04-27T16:19:59.7857534Z remote: Enumerating objects: 1159, done.        
2023-04-27T16:19:59.7909411Z remote: Counting objects:   0% (1/381)        
2023-04-27T16:19:59.7909783Z remote: Counting objects:   1% (4/381)        
2023-04-27T16:19:59.7910118Z remote: Counting objects:   2% (8/381)        
2023-04-27T16:19:59.7910521Z remote: Counting objects:   3% (12/381)        
2023-04-27T16:19:59.7910820Z remote: Counting objects:   4% (16/381)        
2023-04-27T16:19:59.7911087Z remote: Counting objects:   5% (20/381)        
2023-04-27T16:19:59.7911357Z remote: Counting objects:   6% (23/381)        
2023-04-27T16:19:59.7911622Z remote: Counting objects:   7% (27/381)        
2023-04-27T16:19:59.7911878Z remote: Counting objects:   8% (31/381)        
2023-04-27T16:19:59.7912141Z remote: Counting objects:   9% (35/381)        
2023-04-27T16:19:59.7912400Z remote: Counting objects:  10% (39/381)        
2023-04-27T16:19:59.7912651Z remote: Counting objects:  11% (42/381)        
2023-04-27T16:19:59.7912935Z remote: Counting objects:  12% (46/381)        
2023-04-27T16:19:59.7913203Z remote: Counting objects:  13% (50/381)        
2023-04-27T16:19:59.7913451Z remote: Counting objects:  14% (54/381)        
2023-04-27T16:19:59.7913710Z remote: Counting objects:  15% (58/381)        
2023-04-27T16:19:59.7913972Z remote: Counting objects:  16% (61/381)        
2023-04-27T16:19:59.7914220Z remote: Counting objects:  17% (65/381)        
2023-04-27T16:19:59.7914479Z remote: Counting objects:  18% (69/381)        
2023-04-27T16:19:59.7914736Z remote: Counting objects:  19% (73/381)        
2023-04-27T16:19:59.7915001Z remote: Counting objects:  20% (77/381)        
2023-04-27T16:19:59.7915250Z remote: Counting objects:  21% (81/381)        
2023-04-27T16:19:59.7915506Z remote: Counting objects:  22% (84/381)        
2023-04-27T16:19:59.7915766Z remote: Counting objects:  23% (88/381)        
2023-04-27T16:19:59.7916011Z remote: Counting objects:  24% (92/381)        
2023-04-27T16:19:59.7916475Z remote: Counting objects:  25% (96/381)        
2023-04-27T16:19:59.7916743Z remote: Counting objects:  26% (100/381)        
2023-04-27T16:19:59.7917146Z remote: Counting objects:  27% (103/381)        
2023-04-27T16:19:59.7917420Z remote: Counting objects:  28% (107/381)        
2023-04-27T16:19:59.7917687Z remote: Counting objects:  29% (111/381)        
2023-04-27T16:19:59.7917957Z remote: Counting objects:  30% (115/381)        
2023-04-27T16:19:59.7918209Z remote: Counting objects:  31% (119/381)        
2023-04-27T16:19:59.7918470Z remote: Counting objects:  32% (122/381)        
2023-04-27T16:19:59.7918733Z remote: Counting objects:  33% (126/381)        
2023-04-27T16:19:59.7918999Z remote: Counting objects:  34% (130/381)        
2023-04-27T16:19:59.7919255Z remote: Counting objects:  35% (134/381)        
2023-04-27T16:19:59.7919520Z remote: Counting objects:  36% (138/381)        
2023-04-27T16:19:59.7919784Z remote: Counting objects:  37% (141/381)        
2023-04-27T16:19:59.7920040Z remote: Counting objects:  38% (145/381)        
2023-04-27T16:19:59.7920301Z remote: Counting objects:  39% (149/381)        
2023-04-27T16:19:59.7920571Z remote: Counting objects:  40% (153/381)        
2023-04-27T16:19:59.7920820Z remote: Counting objects:  41% (157/381)        
2023-04-27T16:19:59.7921079Z remote: Counting objects:  42% (161/381)        
2023-04-27T16:19:59.7921341Z remote: Counting objects:  43% (164/381)        
2023-04-27T16:19:59.7921589Z remote: Counting objects:  44% (168/381)        
2023-04-27T16:19:59.7921851Z remote: Counting objects:  45% (172/381)        
2023-04-27T16:19:59.7922110Z remote: Counting objects:  46% (176/381)        
2023-04-27T16:19:59.7922369Z remote: Counting objects:  47% (180/381)        
2023-04-27T16:19:59.7922619Z remote: Counting objects:  48% (183/381)        
2023-04-27T16:19:59.7923109Z remote: Counting objects:  49% (187/381)        
2023-04-27T16:19:59.7923375Z remote: Counting objects:  50% (191/381)        
2023-04-27T16:19:59.7923632Z remote: Counting objects:  51% (195/381)        
2023-04-27T16:19:59.7923890Z remote: Counting objects:  52% (199/381)        
2023-04-27T16:19:59.7924314Z remote: Counting objects:  53% (202/381)        
2023-04-27T16:19:59.7924569Z remote: Counting objects:  54% (206/381)        
2023-04-27T16:19:59.7924831Z remote: Counting objects:  55% (210/381)        
2023-04-27T16:19:59.7925096Z remote: Counting objects:  56% (214/381)        
2023-04-27T16:19:59.7925340Z remote: Counting objects:  57% (218/381)        
2023-04-27T16:19:59.7925604Z remote: Counting objects:  58% (221/381)        
2023-04-27T16:19:59.7925863Z remote: Counting objects:  59% (225/381)        
2023-04-27T16:19:59.7926121Z remote: Counting objects:  60% (229/381)        
2023-04-27T16:19:59.7926369Z remote: Counting objects:  61% (233/381)        
2023-04-27T16:19:59.7926626Z remote: Counting objects:  62% (237/381)        
2023-04-27T16:19:59.7926887Z remote: Counting objects:  63% (241/381)        
2023-04-27T16:19:59.7927142Z remote: Counting objects:  64% (244/381)        
2023-04-27T16:19:59.7927404Z remote: Counting objects:  65% (248/381)        
2023-04-27T16:19:59.7927667Z remote: Counting objects:  66% (252/381)        
2023-04-27T16:19:59.7927913Z remote: Counting objects:  67% (256/381)        
2023-04-27T16:19:59.7928174Z remote: Counting objects:  68% (260/381)        
2023-04-27T16:19:59.7928433Z remote: Counting objects:  69% (263/381)        
2023-04-27T16:19:59.7928686Z remote: Counting objects:  70% (267/381)        
2023-04-27T16:19:59.7928954Z remote: Counting objects:  71% (271/381)        
2023-04-27T16:19:59.7929215Z remote: Counting objects:  72% (275/381)        
2023-04-27T16:19:59.7929474Z remote: Counting objects:  73% (279/381)        
2023-04-27T16:19:59.7929720Z remote: Counting objects:  74% (282/381)        
2023-04-27T16:19:59.7929977Z remote: Counting objects:  75% (286/381)        
2023-04-27T16:19:59.7930237Z remote: Counting objects:  76% (290/381)        
2023-04-27T16:19:59.7930485Z remote: Counting objects:  77% (294/381)        
2023-04-27T16:19:59.7930895Z remote: Counting objects:  78% (298/381)        
2023-04-27T16:19:59.7931164Z remote: Counting objects:  79% (301/381)        
2023-04-27T16:19:59.7931413Z remote: Counting objects:  80% (305/381)        
2023-04-27T16:19:59.7931672Z remote: Counting objects:  81% (309/381)        
2023-04-27T16:19:59.7931937Z remote: Counting objects:  82% (313/381)        
2023-04-27T16:19:59.7932182Z remote: Counting objects:  83% (317/381)        
2023-04-27T16:19:59.7932457Z remote: Counting objects:  84% (321/381)        
2023-04-27T16:19:59.7932719Z remote: Counting objects:  85% (324/381)        
2023-04-27T16:19:59.7932981Z remote: Counting objects:  86% (328/381)        
2023-04-27T16:19:59.7933231Z remote: Counting objects:  87% (332/381)        
2023-04-27T16:19:59.7933493Z remote: Counting objects:  88% (336/381)        
2023-04-27T16:19:59.7933753Z remote: Counting objects:  89% (340/381)        
2023-04-27T16:19:59.7934000Z remote: Counting objects:  90% (343/381)        
2023-04-27T16:19:59.7934262Z remote: Counting objects:  91% (347/381)        
2023-04-27T16:19:59.7934524Z remote: Counting objects:  92% (351/381)        
2023-04-27T16:19:59.7934774Z remote: Counting objects:  93% (355/381)        
2023-04-27T16:19:59.7935108Z remote: Counting objects:  94% (359/381)        
2023-04-27T16:19:59.7935371Z remote: Counting objects:  95% (362/381)        
2023-04-27T16:19:59.7935631Z remote: Counting objects:  96% (366/381)        
2023-04-27T16:19:59.7935879Z remote: Counting objects:  97% (370/381)        
2023-04-27T16:19:59.7936145Z remote: Counting objects:  98% (374/381)        
2023-04-27T16:19:59.7936407Z remote: Counting objects:  99% (378/381)        
2023-04-27T16:19:59.7936657Z remote: Counting objects: 100% (381/381)        
2023-04-27T16:19:59.7936932Z remote: Counting objects: 100% (381/381), done.        
2023-04-27T16:19:59.7937236Z remote: Compressing objects:   0% (1/213)        
2023-04-27T16:19:59.7937509Z remote: Compressing objects:   1% (3/213)        
2023-04-27T16:19:59.7937791Z remote: Compressing objects:   2% (5/213)        
2023-04-27T16:19:59.7938164Z remote: Compressing objects:   3% (7/213)        
2023-04-27T16:19:59.7938470Z remote: Compressing objects:   4% (9/213)        
2023-04-27T16:19:59.7939203Z remote: Compressing objects:   5% (11/213)        
2023-04-27T16:19:59.7939518Z remote: Compressing objects:   6% (13/213)        
2023-04-27T16:19:59.7950721Z remote: Compressing objects:   7% (15/213)        
2023-04-27T16:19:59.7956718Z remote: Compressing objects:   8% (18/213)        
2023-04-27T16:19:59.7963355Z remote: Compressing objects:   9% (20/213)        
2023-04-27T16:19:59.7968229Z remote: Compressing objects:  10% (22/213)        
2023-04-27T16:19:59.7968588Z remote: Compressing objects:  11% (24/213)        
2023-04-27T16:19:59.7969452Z remote: Compressing objects:  12% (26/213)        
2023-04-27T16:19:59.7976142Z remote: Compressing objects:  13% (28/213)        
2023-04-27T16:19:59.7976742Z remote: Compressing objects:  14% (30/213)        
2023-04-27T16:19:59.8018650Z remote: Compressing objects:  15% (32/213)        
2023-04-27T16:19:59.8018990Z remote: Compressing objects:  16% (35/213)        
2023-04-27T16:19:59.8027213Z remote: Compressing objects:  17% (37/213)        
2023-04-27T16:19:59.8027565Z remote: Compressing objects:  18% (39/213)        
2023-04-27T16:19:59.8027835Z remote: Compressing objects:  19% (41/213)        
2023-04-27T16:19:59.8028122Z remote: Compressing objects:  20% (43/213)        
2023-04-27T16:19:59.8028406Z remote: Compressing objects:  21% (45/213)        
2023-04-27T16:19:59.8028670Z remote: Compressing objects:  22% (47/213)        
2023-04-27T16:19:59.8028950Z remote: Compressing objects:  23% (49/213)        
2023-04-27T16:19:59.8029229Z remote: Compressing objects:  24% (52/213)        
2023-04-27T16:19:59.8030194Z remote: Compressing objects:  25% (54/213)        
2023-04-27T16:19:59.8030503Z remote: Compressing objects:  26% (56/213)        
2023-04-27T16:19:59.8031066Z remote: Compressing objects:  27% (58/213)        
2023-04-27T16:19:59.8031376Z remote: Compressing objects:  28% (60/213)        
2023-04-27T16:19:59.8033843Z remote: Compressing objects:  29% (62/213)        
2023-04-27T16:19:59.8034696Z remote: Compressing objects:  30% (64/213)        
2023-04-27T16:19:59.8034978Z remote: Compressing objects:  31% (67/213)        
2023-04-27T16:19:59.8035244Z remote: Compressing objects:  32% (69/213)        
2023-04-27T16:19:59.8035522Z remote: Compressing objects:  33% (71/213)        
2023-04-27T16:19:59.8035803Z remote: Compressing objects:  34% (73/213)        
2023-04-27T16:19:59.8036064Z remote: Compressing objects:  35% (75/213)        
2023-04-27T16:19:59.8036341Z remote: Compressing objects:  36% (77/213)        
2023-04-27T16:19:59.8036616Z remote: Compressing objects:  37% (79/213)        
2023-04-27T16:19:59.8036877Z remote: Compressing objects:  38% (81/213)        
2023-04-27T16:19:59.8037152Z remote: Compressing objects:  39% (84/213)        
2023-04-27T16:19:59.8037435Z remote: Compressing objects:  40% (86/213)        
2023-04-27T16:19:59.8037711Z remote: Compressing objects:  41% (88/213)        
2023-04-27T16:19:59.8038852Z remote: Compressing objects:  42% (90/213)        
2023-04-27T16:19:59.8039879Z remote: Compressing objects:  43% (92/213)        
2023-04-27T16:19:59.8041285Z remote: Compressing objects:  44% (94/213)        
2023-04-27T16:19:59.8041567Z remote: Compressing objects:  45% (96/213)        
2023-04-27T16:19:59.8041847Z remote: Compressing objects:  46% (98/213)        
2023-04-27T16:19:59.8042127Z remote: Compressing objects:  47% (101/213)        
2023-04-27T16:19:59.8042400Z remote: Compressing objects:  48% (103/213)        
2023-04-27T16:19:59.8042794Z remote: Compressing objects:  49% (105/213)        
2023-04-27T16:19:59.8043084Z remote: Compressing objects:  50% (107/213)        
2023-04-27T16:19:59.8043366Z remote: Compressing objects:  51% (109/213)        
2023-04-27T16:19:59.8043634Z remote: Compressing objects:  52% (111/213)        
2023-04-27T16:19:59.8043925Z remote: Compressing objects:  53% (113/213)        
2023-04-27T16:19:59.8044432Z remote: Compressing objects:  54% (116/213)        
2023-04-27T16:19:59.8044910Z remote: Compressing objects:  55% (118/213)        
2023-04-27T16:19:59.8045195Z remote: Compressing objects:  56% (120/213)        
2023-04-27T16:19:59.8045480Z remote: Compressing objects:  57% (122/213)        
2023-04-27T16:19:59.8045748Z remote: Compressing objects:  58% (124/213)        
2023-04-27T16:19:59.8047511Z remote: Compressing objects:  59% (126/213)        
2023-04-27T16:19:59.8047816Z remote: Compressing objects:  60% (128/213)        
2023-04-27T16:19:59.8048098Z remote: Compressing objects:  61% (130/213)        
2023-04-27T16:19:59.8048494Z remote: Compressing objects:  62% (133/213)        
2023-04-27T16:19:59.8048777Z remote: Compressing objects:  63% (135/213)        
2023-04-27T16:19:59.8049056Z remote: Compressing objects:  64% (137/213)        
2023-04-27T16:19:59.8050434Z remote: Compressing objects:  65% (139/213)        
2023-04-27T16:19:59.8051693Z remote: Compressing objects:  66% (141/213)        
2023-04-27T16:19:59.8051992Z remote: Compressing objects:  67% (143/213)        
2023-04-27T16:19:59.8052256Z remote: Compressing objects:  68% (145/213)        
2023-04-27T16:19:59.8052535Z remote: Compressing objects:  69% (147/213)        
2023-04-27T16:19:59.8052815Z remote: Compressing objects:  70% (150/213)        
2023-04-27T16:19:59.8053078Z remote: Compressing objects:  71% (152/213)        
2023-04-27T16:19:59.8072267Z remote: Compressing objects:  72% (154/213)        
2023-04-27T16:19:59.8072726Z remote: Compressing objects:  73% (156/213)        
2023-04-27T16:19:59.8073014Z remote: Compressing objects:  74% (158/213)        
2023-04-27T16:19:59.8073283Z remote: Compressing objects:  75% (160/213)        
2023-04-27T16:19:59.8073567Z remote: Compressing objects:  76% (162/213)        
2023-04-27T16:19:59.8077664Z remote: Compressing objects:  77% (165/213)        
2023-04-27T16:19:59.8086073Z remote: Compressing objects:  78% (167/213)        
2023-04-27T16:19:59.8086360Z remote: Compressing objects:  79% (169/213)        
2023-04-27T16:19:59.8086648Z remote: Compressing objects:  80% (171/213)        
2023-04-27T16:19:59.8089018Z remote: Compressing objects:  81% (173/213)        
2023-04-27T16:19:59.8097040Z remote: Compressing objects:  82% (175/213)        
2023-04-27T16:19:59.8097347Z remote: Compressing objects:  83% (177/213)        
2023-04-27T16:19:59.8097636Z remote: Compressing objects:  84% (179/213)        
2023-04-27T16:19:59.8097901Z remote: Compressing objects:  85% (182/213)        
2023-04-27T16:19:59.8100621Z remote: Compressing objects:  86% (184/213)        
2023-04-27T16:19:59.8100906Z remote: Compressing objects:  87% (186/213)        
2023-04-27T16:19:59.8103443Z remote: Compressing objects:  88% (188/213)        
2023-04-27T16:19:59.8103726Z remote: Compressing objects:  89% (190/213)        
2023-04-27T16:19:59.8110679Z remote: Compressing objects:  90% (192/213)        
2023-04-27T16:19:59.8129396Z remote: Compressing objects:  91% (194/213)        
2023-04-27T16:19:59.8129704Z remote: Compressing objects:  92% (196/213)        
2023-04-27T16:19:59.8129987Z remote: Compressing objects:  93% (199/213)        
2023-04-27T16:19:59.8130251Z remote: Compressing objects:  94% (201/213)        
2023-04-27T16:19:59.8130529Z remote: Compressing objects:  95% (203/213)        
2023-04-27T16:19:59.8130809Z remote: Compressing objects:  96% (205/213)        
2023-04-27T16:19:59.8131088Z remote: Compressing objects:  97% (207/213)        
2023-04-27T16:19:59.8131350Z remote: Compressing objects:  98% (209/213)        
2023-04-27T16:19:59.8131627Z remote: Compressing objects:  99% (211/213)        
2023-04-27T16:19:59.8131933Z remote: Compressing objects: 100% (213/213)        
2023-04-27T16:19:59.8132224Z remote: Compressing objects: 100% (213/213), done.        
2023-04-27T16:19:59.8132485Z Receiving objects:   0% (1/1159)
2023-04-27T16:19:59.8132734Z Receiving objects:   1% (12/1159)
2023-04-27T16:19:59.8132982Z Receiving objects:   2% (24/1159)
2023-04-27T16:19:59.8133209Z Receiving objects:   3% (35/1159)
2023-04-27T16:19:59.8133633Z Receiving objects:   4% (47/1159)
2023-04-27T16:19:59.8133881Z Receiving objects:   5% (58/1159)
2023-04-27T16:19:59.8134105Z Receiving objects:   6% (70/1159)
2023-04-27T16:19:59.8134341Z Receiving objects:   7% (82/1159)
2023-04-27T16:19:59.8134578Z Receiving objects:   8% (93/1159)
2023-04-27T16:19:59.8134802Z Receiving objects:   9% (105/1159)
2023-04-27T16:19:59.8135049Z Receiving objects:  10% (116/1159)
2023-04-27T16:19:59.8135292Z Receiving objects:  11% (128/1159)
2023-04-27T16:19:59.8135517Z Receiving objects:  12% (140/1159)
2023-04-27T16:19:59.8135757Z Receiving objects:  13% (151/1159)
2023-04-27T16:19:59.8135996Z Receiving objects:  14% (163/1159)
2023-04-27T16:19:59.8136221Z Receiving objects:  15% (174/1159)
2023-04-27T16:19:59.8136456Z Receiving objects:  16% (186/1159)
2023-04-27T16:19:59.8136693Z Receiving objects:  17% (198/1159)
2023-04-27T16:19:59.8136938Z Receiving objects:  18% (209/1159)
2023-04-27T16:19:59.8137162Z Receiving objects:  19% (221/1159)
2023-04-27T16:19:59.8137402Z Receiving objects:  20% (232/1159)
2023-04-27T16:19:59.8137905Z Receiving objects:  21% (244/1159)
2023-04-27T16:19:59.8138209Z Receiving objects:  22% (255/1159)
2023-04-27T16:19:59.8138549Z Receiving objects:  23% (267/1159)
2023-04-27T16:19:59.8138992Z Receiving objects:  24% (279/1159)
2023-04-27T16:19:59.8139218Z Receiving objects:  25% (290/1159)
2023-04-27T16:19:59.8139454Z Receiving objects:  26% (302/1159)
2023-04-27T16:19:59.8139801Z Receiving objects:  27% (313/1159)
2023-04-27T16:19:59.8140021Z Receiving objects:  28% (325/1159)
2023-04-27T16:19:59.8140256Z Receiving objects:  29% (337/1159)
2023-04-27T16:19:59.8140490Z Receiving objects:  30% (348/1159)
2023-04-27T16:19:59.8140836Z Receiving objects:  31% (360/1159)
2023-04-27T16:19:59.8141075Z Receiving objects:  32% (371/1159)
2023-04-27T16:19:59.8141307Z Receiving objects:  33% (383/1159)
2023-04-27T16:19:59.8141715Z Receiving objects:  34% (395/1159)
2023-04-27T16:19:59.8141951Z Receiving objects:  35% (406/1159)
2023-04-27T16:19:59.8142178Z Receiving objects:  36% (418/1159)
2023-04-27T16:19:59.8142418Z Receiving objects:  37% (429/1159)
2023-04-27T16:19:59.8142657Z Receiving objects:  38% (441/1159)
2023-04-27T16:19:59.8142880Z Receiving objects:  39% (453/1159)
2023-04-27T16:19:59.8143117Z Receiving objects:  40% (464/1159)
2023-04-27T16:19:59.8143502Z Receiving objects:  41% (476/1159)
2023-04-27T16:19:59.8143744Z Receiving objects:  42% (487/1159)
2023-04-27T16:19:59.8143964Z Receiving objects:  43% (499/1159)
2023-04-27T16:19:59.8144201Z Receiving objects:  44% (510/1159)
2023-04-27T16:19:59.8144438Z Receiving objects:  45% (522/1159)
2023-04-27T16:19:59.8147717Z Receiving objects:  46% (534/1159)
2023-04-27T16:19:59.8147967Z Receiving objects:  47% (545/1159)
2023-04-27T16:19:59.8148206Z Receiving objects:  48% (557/1159)
2023-04-27T16:19:59.8148431Z Receiving objects:  49% (568/1159)
2023-04-27T16:19:59.8150131Z Receiving objects:  50% (580/1159)
2023-04-27T16:19:59.8156232Z Receiving objects:  51% (592/1159)
2023-04-27T16:19:59.8156473Z Receiving objects:  52% (603/1159)
2023-04-27T16:19:59.8163157Z Receiving objects:  53% (615/1159)
2023-04-27T16:19:59.8163398Z Receiving objects:  54% (626/1159)
2023-04-27T16:19:59.8165749Z Receiving objects:  55% (638/1159)
2023-04-27T16:19:59.8165982Z Receiving objects:  56% (650/1159)
2023-04-27T16:19:59.8166220Z Receiving objects:  57% (661/1159)
2023-04-27T16:19:59.8166457Z Receiving objects:  58% (673/1159)
2023-04-27T16:19:59.8166679Z Receiving objects:  59% (684/1159)
2023-04-27T16:19:59.8166916Z Receiving objects:  60% (696/1159)
2023-04-27T16:19:59.8189729Z Receiving objects:  61% (707/1159)
2023-04-27T16:19:59.8192032Z Receiving objects:  62% (719/1159)
2023-04-27T16:19:59.8193704Z Receiving objects:  63% (731/1159)
2023-04-27T16:19:59.8195606Z Receiving objects:  64% (742/1159)
2023-04-27T16:19:59.8197935Z Receiving objects:  65% (754/1159)
2023-04-27T16:19:59.8199752Z Receiving objects:  66% (765/1159)
2023-04-27T16:19:59.8201763Z Receiving objects:  67% (777/1159)
2023-04-27T16:19:59.8202990Z Receiving objects:  68% (789/1159)
2023-04-27T16:19:59.8204648Z Receiving objects:  69% (800/1159)
2023-04-27T16:19:59.8206126Z Receiving objects:  70% (812/1159)
2023-04-27T16:19:59.8208099Z Receiving objects:  71% (823/1159)
2023-04-27T16:19:59.8209649Z Receiving objects:  72% (835/1159)
2023-04-27T16:19:59.8211375Z Receiving objects:  73% (847/1159)
2023-04-27T16:19:59.8212797Z Receiving objects:  74% (858/1159)
2023-04-27T16:19:59.8214699Z Receiving objects:  75% (870/1159)
2023-04-27T16:19:59.8216103Z Receiving objects:  76% (881/1159)
2023-04-27T16:19:59.8217836Z Receiving objects:  77% (893/1159)
2023-04-27T16:19:59.8219179Z Receiving objects:  78% (905/1159)
2023-04-27T16:19:59.8222053Z Receiving objects:  79% (916/1159)
2023-04-27T16:19:59.8223318Z Receiving objects:  80% (928/1159)
2023-04-27T16:19:59.8225020Z Receiving objects:  81% (939/1159)
2023-04-27T16:19:59.8225640Z remote: Total 1159 (delta 163), reused 232 (delta 147), pack-reused 778        
2023-04-27T16:19:59.8227250Z Receiving objects:  82% (951/1159)
2023-04-27T16:19:59.8228569Z Receiving objects:  83% (962/1159)
2023-04-27T16:19:59.8229420Z Receiving objects:  84% (974/1159)
2023-04-27T16:19:59.8230111Z Receiving objects:  85% (986/1159)
2023-04-27T16:19:59.8230827Z Receiving objects:  86% (997/1159)
2023-04-27T16:19:59.8231487Z Receiving objects:  87% (1009/1159)
2023-04-27T16:19:59.8232599Z Receiving objects:  88% (1020/1159)
2023-04-27T16:19:59.8233321Z Receiving objects:  89% (1032/1159)
2023-04-27T16:19:59.8235252Z Receiving objects:  90% (1044/1159)
2023-04-27T16:19:59.8240085Z Receiving objects:  91% (1055/1159)
2023-04-27T16:19:59.8243301Z Receiving objects:  92% (1067/1159)
2023-04-27T16:19:59.8244196Z Receiving objects:  93% (1078/1159)
2023-04-27T16:19:59.8249824Z Receiving objects:  94% (1090/1159)
2023-04-27T16:19:59.8252933Z Receiving objects:  95% (1102/1159)
2023-04-27T16:19:59.8257266Z Receiving objects:  96% (1113/1159)
2023-04-27T16:19:59.8260692Z Receiving objects:  97% (1125/1159)
2023-04-27T16:19:59.8264837Z Receiving objects:  98% (1136/1159)
2023-04-27T16:19:59.8266481Z Receiving objects:  99% (1148/1159)
2023-04-27T16:19:59.8267711Z Receiving objects: 100% (1159/1159)
2023-04-27T16:19:59.8270189Z Receiving objects: 100% (1159/1159), 287.30 KiB | 13.06 MiB/s, done.
2023-04-27T16:19:59.8292459Z Resolving deltas:   0% (0/632)
2023-04-27T16:19:59.8299248Z Resolving deltas:   1% (7/632)
2023-04-27T16:19:59.8299495Z Resolving deltas:   2% (13/632)
2023-04-27T16:19:59.8299745Z Resolving deltas:   3% (19/632)
2023-04-27T16:19:59.8300047Z Resolving deltas:   4% (26/632)
2023-04-27T16:19:59.8300272Z Resolving deltas:   5% (32/632)
2023-04-27T16:19:59.8300507Z Resolving deltas:   6% (38/632)
2023-04-27T16:19:59.8300743Z Resolving deltas:   7% (45/632)
2023-04-27T16:19:59.8300964Z Resolving deltas:   8% (51/632)
2023-04-27T16:19:59.8301197Z Resolving deltas:   9% (57/632)
2023-04-27T16:19:59.8301444Z Resolving deltas:  10% (64/632)
2023-04-27T16:19:59.8301662Z Resolving deltas:  11% (70/632)
2023-04-27T16:19:59.8301897Z Resolving deltas:  12% (76/632)
2023-04-27T16:19:59.8302240Z Resolving deltas:  13% (83/632)
2023-04-27T16:19:59.8302462Z Resolving deltas:  14% (89/632)
2023-04-27T16:19:59.8302694Z Resolving deltas:  15% (95/632)
2023-04-27T16:19:59.8334161Z Resolving deltas:  16% (102/632)
2023-04-27T16:19:59.8334473Z Resolving deltas:  17% (108/632)
2023-04-27T16:19:59.8334714Z Resolving deltas:  18% (114/632)
2023-04-27T16:19:59.8334957Z Resolving deltas:  19% (121/632)
2023-04-27T16:19:59.8335182Z Resolving deltas:  20% (127/632)
2023-04-27T16:19:59.8335446Z Resolving deltas:  21% (133/632)
2023-04-27T16:19:59.8335681Z Resolving deltas:  22% (140/632)
2023-04-27T16:19:59.8335918Z Resolving deltas:  23% (146/632)
2023-04-27T16:19:59.8336142Z Resolving deltas:  24% (152/632)
2023-04-27T16:19:59.8336377Z Resolving deltas:  25% (158/632)
2023-04-27T16:19:59.8336627Z Resolving deltas:  26% (165/632)
2023-04-27T16:19:59.8336850Z Resolving deltas:  27% (171/632)
2023-04-27T16:19:59.8337081Z Resolving deltas:  28% (177/632)
2023-04-27T16:19:59.8337549Z Resolving deltas:  29% (184/632)
2023-04-27T16:19:59.8337778Z Resolving deltas:  30% (190/632)
2023-04-27T16:19:59.8338010Z Resolving deltas:  31% (196/632)
2023-04-27T16:19:59.8338246Z Resolving deltas:  32% (203/632)
2023-04-27T16:19:59.8338469Z Resolving deltas:  33% (209/632)
2023-04-27T16:19:59.8338701Z Resolving deltas:  34% (215/632)
2023-04-27T16:19:59.8338937Z Resolving deltas:  35% (222/632)
2023-04-27T16:19:59.8339158Z Resolving deltas:  36% (228/632)
2023-04-27T16:19:59.8339397Z Resolving deltas:  37% (234/632)
2023-04-27T16:19:59.8372481Z Resolving deltas:  38% (241/632)
2023-04-27T16:19:59.8372775Z Resolving deltas:  39% (247/632)
2023-04-27T16:19:59.8373024Z Resolving deltas:  40% (253/632)
2023-04-27T16:19:59.8373248Z Resolving deltas:  41% (260/632)
2023-04-27T16:19:59.8373483Z Resolving deltas:  42% (266/632)
2023-04-27T16:19:59.8373729Z Resolving deltas:  43% (272/632)
2023-04-27T16:19:59.8373951Z Resolving deltas:  44% (279/632)
2023-04-27T16:19:59.8376977Z Resolving deltas:  45% (285/632)
2023-04-27T16:19:59.8382136Z Resolving deltas:  46% (291/632)
2023-04-27T16:19:59.8388180Z Resolving deltas:  47% (298/632)
2023-04-27T16:19:59.8390759Z Resolving deltas:  48% (304/632)
2023-04-27T16:19:59.8393775Z Resolving deltas:  49% (310/632)
2023-04-27T16:19:59.8397981Z Resolving deltas:  50% (316/632)
2023-04-27T16:19:59.8403300Z Resolving deltas:  51% (323/632)
2023-04-27T16:19:59.8410111Z Resolving deltas:  52% (329/632)
2023-04-27T16:19:59.8413494Z Resolving deltas:  53% (335/632)
2023-04-27T16:19:59.8418664Z Resolving deltas:  54% (342/632)
2023-04-27T16:19:59.8424249Z Resolving deltas:  55% (348/632)
2023-04-27T16:19:59.8427053Z Resolving deltas:  56% (354/632)
2023-04-27T16:19:59.8435717Z Resolving deltas:  57% (361/632)
2023-04-27T16:19:59.8447507Z Resolving deltas:  58% (367/632)
2023-04-27T16:19:59.8451948Z Resolving deltas:  59% (373/632)
2023-04-27T16:19:59.8458983Z Resolving deltas:  60% (380/632)
2023-04-27T16:19:59.8462706Z Resolving deltas:  61% (386/632)
2023-04-27T16:19:59.8465163Z Resolving deltas:  62% (392/632)
2023-04-27T16:19:59.8467410Z Resolving deltas:  63% (399/632)
2023-04-27T16:19:59.8471147Z Resolving deltas:  64% (405/632)
2023-04-27T16:19:59.8480436Z Resolving deltas:  65% (411/632)
2023-04-27T16:19:59.8480675Z Resolving deltas:  66% (418/632)
2023-04-27T16:19:59.8480909Z Resolving deltas:  67% (424/632)
2023-04-27T16:19:59.8481143Z Resolving deltas:  68% (430/632)
2023-04-27T16:19:59.8481363Z Resolving deltas:  69% (437/632)
2023-04-27T16:19:59.8481595Z Resolving deltas:  70% (443/632)
2023-04-27T16:19:59.8481831Z Resolving deltas:  71% (449/632)
2023-04-27T16:19:59.8486952Z Resolving deltas:  72% (456/632)
2023-04-27T16:19:59.8565300Z Resolving deltas:  73% (462/632)
2023-04-27T16:19:59.8565594Z Resolving deltas:  74% (468/632)
2023-04-27T16:19:59.8569149Z Resolving deltas:  75% (474/632)
2023-04-27T16:19:59.8569457Z Resolving deltas:  76% (481/632)
2023-04-27T16:19:59.8569700Z Resolving deltas:  77% (487/632)
2023-04-27T16:19:59.8569948Z Resolving deltas:  78% (493/632)
2023-04-27T16:19:59.8570173Z Resolving deltas:  79% (500/632)
2023-04-27T16:19:59.8570475Z Resolving deltas:  80% (506/632)
2023-04-27T16:19:59.8570715Z Resolving deltas:  81% (512/632)
2023-04-27T16:19:59.8570940Z Resolving deltas:  82% (519/632)
2023-04-27T16:19:59.8571175Z Resolving deltas:  83% (525/632)
2023-04-27T16:19:59.8571411Z Resolving deltas:  84% (531/632)
2023-04-27T16:19:59.8571631Z Resolving deltas:  85% (538/632)
2023-04-27T16:19:59.8571867Z Resolving deltas:  86% (544/632)
2023-04-27T16:19:59.8572104Z Resolving deltas:  87% (550/632)
2023-04-27T16:19:59.8572326Z Resolving deltas:  88% (557/632)
2023-04-27T16:19:59.8572561Z Resolving deltas:  89% (563/632)
2023-04-27T16:19:59.8572793Z Resolving deltas:  90% (569/632)
2023-04-27T16:19:59.8573033Z Resolving deltas:  91% (576/632)
2023-04-27T16:19:59.8573256Z Resolving deltas:  92% (582/632)
2023-04-27T16:19:59.8573544Z Resolving deltas:  93% (588/632)
2023-04-27T16:19:59.8573808Z Resolving deltas:  94% (595/632)
2023-04-27T16:19:59.8574449Z Resolving deltas:  95% (601/632)
2023-04-27T16:19:59.8574772Z Resolving deltas:  96% (607/632)
2023-04-27T16:19:59.8575032Z Resolving deltas:  97% (614/632)
2023-04-27T16:19:59.8575354Z Resolving deltas:  98% (620/632)
2023-04-27T16:19:59.8575698Z Resolving deltas:  99% (626/632)
2023-04-27T16:19:59.8576712Z Resolving deltas: 100% (632/632)
2023-04-27T16:19:59.8576991Z Resolving deltas: 100% (632/632), done.
2023-04-27T16:19:59.8709048Z From https://github.com/con/tinuous
2023-04-27T16:19:59.8710393Z  * [new branch]      fix-codespell   -> origin/fix-codespell
2023-04-27T16:19:59.8711589Z  * [new branch]      gh-124          -> origin/gh-124
2023-04-27T16:19:59.8715226Z  * [new branch]      gh-55           -> origin/gh-55
2023-04-27T16:19:59.8716249Z  * [new branch]      master          -> origin/master
2023-04-27T16:19:59.8717764Z  * [new branch]      no-extra-search -> origin/no-extra-search
2023-04-27T16:19:59.8719271Z  * [new branch]      test-appveyor   -> origin/test-appveyor
2023-04-27T16:19:59.8722000Z  * [new tag]         0.1.0           -> 0.1.0
2023-04-27T16:19:59.8722362Z  * [new tag]         0.2.0           -> 0.2.0
2023-04-27T16:19:59.8722936Z  * [new tag]         0.3.0           -> 0.3.0
2023-04-27T16:19:59.8723318Z  * [new tag]         0.4.0           -> 0.4.0
2023-04-27T16:19:59.8723654Z  * [new tag]         0.5.0           -> 0.5.0
2023-04-27T16:19:59.8724089Z  * [new tag]         0.5.1           -> 0.5.1
2023-04-27T16:19:59.8724447Z  * [new tag]         0.5.2           -> 0.5.2
2023-04-27T16:19:59.8724762Z  * [new tag]         0.5.3           -> 0.5.3
2023-04-27T16:19:59.8725132Z  * [new tag]         0.5.4           -> 0.5.4
2023-04-27T16:19:59.8725519Z  * [new tag]         0.6.0           -> 0.6.0
2023-04-27T16:19:59.8725873Z  * [new tag]         0.6.1           -> 0.6.1
2023-04-27T16:19:59.8765124Z [command]/usr/bin/git branch --list --remote origin/fix-codespell
2023-04-27T16:19:59.8803773Z   origin/fix-codespell
2023-04-27T16:19:59.8805897Z [command]/usr/bin/git rev-parse refs/remotes/origin/fix-codespell
2023-04-27T16:19:59.8823272Z f2b0d7a679f3d8c10a9d8977539266c79a2a739e
2023-04-27T16:19:59.8846284Z ##[endgroup]
2023-04-27T16:19:59.8846798Z ##[group]Determining the checkout info
2023-04-27T16:19:59.8847310Z ##[endgroup]
2023-04-27T16:19:59.8847750Z ##[group]Checking out the ref
2023-04-27T16:19:59.8848451Z [command]/usr/bin/git checkout --progress --force -B fix-codespell refs/remotes/origin/fix-codespell
2023-04-27T16:19:59.8897264Z Switched to a new branch 'fix-codespell'
2023-04-27T16:19:59.8900259Z branch 'fix-codespell' set up to track 'origin/fix-codespell'.
2023-04-27T16:19:59.8908068Z ##[endgroup]
2023-04-27T16:19:59.8950560Z [command]/usr/bin/git log -1 --format='%H'
2023-04-27T16:19:59.8977875Z 'f2b0d7a679f3d8c10a9d8977539266c79a2a739e'
2023-04-27T16:19:59.9286842Z ##[group]Run actions/setup-python@v4
2023-04-27T16:19:59.9287213Z with:
2023-04-27T16:19:59.9287446Z   python-version: 3.8
2023-04-27T16:19:59.9287992Z   check-latest: false
2023-04-27T16:19:59.9288472Z   token: ***
2023-04-27T16:19:59.9288776Z   update-environment: true
2023-04-27T16:19:59.9289047Z   allow-prereleases: false
2023-04-27T16:19:59.9289336Z ##[endgroup]
2023-04-27T16:20:00.0919939Z ##[group]Installed versions
2023-04-27T16:20:00.1033576Z Successfully set up CPython (3.8.16)
2023-04-27T16:20:00.1036407Z ##[endgroup]
2023-04-27T16:20:00.1229843Z ##[group]Run python -m pip install --upgrade pip wheel
2023-04-27T16:20:00.1230355Z [36;1mpython -m pip install --upgrade pip wheel[0m
2023-04-27T16:20:00.1230792Z [36;1mpython -m pip install --upgrade --upgrade-strategy=eager tox[0m
2023-04-27T16:20:00.1290809Z shell: /usr/bin/bash -e {0}
2023-04-27T16:20:00.1291147Z env:
2023-04-27T16:20:00.1291521Z   pythonLocation: /opt/hostedtoolcache/Python/3.8.16/x64
2023-04-27T16:20:00.1291900Z   PKG_CONFIG_PATH: /opt/hostedtoolcache/Python/3.8.16/x64/lib/pkgconfig
2023-04-27T16:20:00.1292392Z   Python_ROOT_DIR: /opt/hostedtoolcache/Python/3.8.16/x64
2023-04-27T16:20:00.1292786Z   Python2_ROOT_DIR: /opt/hostedtoolcache/Python/3.8.16/x64
2023-04-27T16:20:00.1293182Z   Python3_ROOT_DIR: /opt/hostedtoolcache/Python/3.8.16/x64
2023-04-27T16:20:00.1293533Z   LD_LIBRARY_PATH: /opt/hostedtoolcache/Python/3.8.16/x64/lib
2023-04-27T16:20:00.1293891Z ##[endgroup]
2023-04-27T16:20:04.9771810Z Requirement already satisfied: pip in /opt/hostedtoolcache/Python/3.8.16/x64/lib/python3.8/site-packages (22.0.4)
2023-04-27T16:20:05.1912042Z Collecting pip
2023-04-27T16:20:05.2704798Z   Downloading pip-23.1.2-py3-none-any.whl (2.1 MB)
2023-04-27T16:20:05.3487766Z      ‚îÅ‚îÅ‚îÅ‚îÅ‚îÅ‚îÅ‚îÅ‚îÅ‚îÅ‚îÅ‚îÅ‚îÅ‚îÅ‚îÅ‚îÅ‚îÅ‚îÅ‚îÅ‚îÅ‚îÅ‚îÅ‚îÅ‚îÅ‚îÅ‚îÅ‚îÅ‚îÅ‚îÅ‚îÅ‚îÅ‚îÅ‚îÅ‚îÅ‚îÅ‚îÅ‚îÅ‚îÅ‚îÅ‚îÅ‚îÅ 2.1/2.1 MB 27.4 MB/s eta 0:00:00
2023-04-27T16:20:05.4051487Z Collecting wheel
2023-04-27T16:20:05.4094899Z   Downloading wheel-0.40.0-py3-none-any.whl (64 kB)
2023-04-27T16:20:05.4148730Z      ‚îÅ‚îÅ‚îÅ‚îÅ‚îÅ‚îÅ‚îÅ‚îÅ‚îÅ‚îÅ‚îÅ‚îÅ‚îÅ‚îÅ‚îÅ‚îÅ‚îÅ‚îÅ‚îÅ‚îÅ‚îÅ‚îÅ‚îÅ‚îÅ‚îÅ‚îÅ‚îÅ‚îÅ‚îÅ‚îÅ‚îÅ‚îÅ‚îÅ‚îÅ‚îÅ‚îÅ‚îÅ‚îÅ‚îÅ‚îÅ 64.5/64.5 kB 19.6 MB/s eta 0:00:00
2023-04-27T16:20:05.4624189Z Installing collected packages: wheel, pip
2023-04-27T16:20:05.5104396Z   Attempting uninstall: pip
2023-04-27T16:20:05.5113317Z     Found existing installation: pip 22.0.4
2023-04-27T16:20:05.5792509Z     Uninstalling pip-22.0.4:
2023-04-27T16:20:05.6480003Z       Successfully uninstalled pip-22.0.4
2023-04-27T16:20:06.7513573Z Successfully installed pip-23.1.2 wheel-0.40.0
2023-04-27T16:20:08.6179861Z Collecting tox
2023-04-27T16:20:08.6963201Z   Downloading tox-4.5.1-py3-none-any.whl (148 kB)
2023-04-27T16:20:08.7385206Z      ‚îÅ‚îÅ‚îÅ‚îÅ‚îÅ‚îÅ‚îÅ‚îÅ‚îÅ‚îÅ‚îÅ‚îÅ‚îÅ‚îÅ‚îÅ‚îÅ‚îÅ‚îÅ‚îÅ‚îÅ‚îÅ‚îÅ‚îÅ‚îÅ‚îÅ‚îÅ‚îÅ‚îÅ‚îÅ‚îÅ‚îÅ‚îÅ‚îÅ‚îÅ‚îÅ‚îÅ‚îÅ‚îÅ‚îÅ 149.0/149.0 kB 3.7 MB/s eta 0:00:00
2023-04-27T16:20:08.8074107Z Collecting cachetools>=5.3 (from tox)
2023-04-27T16:20:08.8118398Z   Downloading cachetools-5.3.0-py3-none-any.whl (9.3 kB)
2023-04-27T16:20:08.8359459Z Collecting chardet>=5.1 (from tox)
2023-04-27T16:20:08.8418544Z   Downloading chardet-5.1.0-py3-none-any.whl (199 kB)
2023-04-27T16:20:08.8507886Z      ‚îÅ‚îÅ‚îÅ‚îÅ‚îÅ‚îÅ‚îÅ‚îÅ‚îÅ‚îÅ‚îÅ‚îÅ‚îÅ‚îÅ‚îÅ‚îÅ‚îÅ‚îÅ‚îÅ‚îÅ‚îÅ‚îÅ‚îÅ‚îÅ‚îÅ‚îÅ‚îÅ‚îÅ‚îÅ‚îÅ‚îÅ‚îÅ‚îÅ‚îÅ‚îÅ‚îÅ‚îÅ‚îÅ 199.1/199.1 kB 32.5 MB/s eta 0:00:00
2023-04-27T16:20:08.8954305Z Collecting colorama>=0.4.6 (from tox)
2023-04-27T16:20:08.9008836Z   Downloading colorama-0.4.6-py2.py3-none-any.whl (25 kB)
2023-04-27T16:20:08.9372188Z Collecting filelock>=3.11 (from tox)
2023-04-27T16:20:08.9432446Z   Downloading filelock-3.12.0-py3-none-any.whl (10 kB)
2023-04-27T16:20:08.9797798Z Collecting packaging>=23.1 (from tox)
2023-04-27T16:20:08.9838935Z   Downloading packaging-23.1-py3-none-any.whl (48 kB)
2023-04-27T16:20:08.9890677Z      ‚îÅ‚îÅ‚îÅ‚îÅ‚îÅ‚îÅ‚îÅ‚îÅ‚îÅ‚îÅ‚îÅ‚îÅ‚îÅ‚îÅ‚îÅ‚îÅ‚îÅ‚îÅ‚îÅ‚îÅ‚îÅ‚îÅ‚îÅ‚îÅ‚îÅ‚îÅ‚îÅ‚îÅ‚îÅ‚îÅ‚îÅ‚îÅ‚îÅ‚îÅ‚îÅ‚îÅ‚îÅ‚îÅ‚îÅ‚îÅ 48.9/48.9 kB 15.6 MB/s eta 0:00:00
2023-04-27T16:20:09.0164362Z Collecting platformdirs>=3.2 (from tox)
2023-04-27T16:20:09.0204251Z   Downloading platformdirs-3.4.0-py3-none-any.whl (15 kB)
2023-04-27T16:20:09.0463505Z Collecting pluggy>=1 (from tox)
2023-04-27T16:20:09.0502454Z   Downloading pluggy-1.0.0-py2.py3-none-any.whl (13 kB)
2023-04-27T16:20:09.0718687Z Collecting pyproject-api>=1.5.1 (from tox)
2023-04-27T16:20:09.0757873Z   Downloading pyproject_api-1.5.1-py3-none-any.whl (12 kB)
2023-04-27T16:20:09.1027161Z Collecting tomli>=2.0.1 (from tox)
2023-04-27T16:20:09.1069783Z   Downloading tomli-2.0.1-py3-none-any.whl (12 kB)
2023-04-27T16:20:09.2285718Z Collecting virtualenv>=20.21 (from tox)
2023-04-27T16:20:09.2334156Z   Downloading virtualenv-20.22.0-py3-none-any.whl (3.2 MB)
2023-04-27T16:20:09.2700269Z      ‚îÅ‚îÅ‚îÅ‚îÅ‚îÅ‚îÅ‚îÅ‚îÅ‚îÅ‚îÅ‚îÅ‚îÅ‚îÅ‚îÅ‚îÅ‚îÅ‚îÅ‚îÅ‚îÅ‚îÅ‚îÅ‚îÅ‚îÅ‚îÅ‚îÅ‚îÅ‚îÅ‚îÅ‚îÅ‚îÅ‚îÅ‚îÅ‚îÅ‚îÅ‚îÅ‚îÅ‚îÅ‚îÅ‚îÅ‚îÅ 3.2/3.2 MB 97.3 MB/s eta 0:00:00
2023-04-27T16:20:09.3818862Z Collecting distlib<1,>=0.3.6 (from virtualenv>=20.21->tox)
2023-04-27T16:20:09.3860543Z   Downloading distlib-0.3.6-py2.py3-none-any.whl (468 kB)
2023-04-27T16:20:09.3949566Z      ‚îÅ‚îÅ‚îÅ‚îÅ‚îÅ‚îÅ‚îÅ‚îÅ‚îÅ‚îÅ‚îÅ‚îÅ‚îÅ‚îÅ‚îÅ‚îÅ‚îÅ‚îÅ‚îÅ‚îÅ‚îÅ‚îÅ‚îÅ‚îÅ‚îÅ‚îÅ‚îÅ‚îÅ‚îÅ‚îÅ‚îÅ‚îÅ‚îÅ‚îÅ‚îÅ‚îÅ‚îÅ‚îÅ 468.5/468.5 kB 78.2 MB/s eta 0:00:00
2023-04-27T16:20:09.5475898Z Installing collected packages: distlib, tomli, pluggy, platformdirs, packaging, filelock, colorama, chardet, cachetools, virtualenv, pyproject-api, tox
2023-04-27T16:20:10.2182872Z Successfully installed cachetools-5.3.0 chardet-5.1.0 colorama-0.4.6 distlib-0.3.6 filelock-3.12.0 packaging-23.1 platformdirs-3.4.0 pluggy-1.0.0 pyproject-api-1.5.1 tomli-2.0.1 tox-4.5.1 virtualenv-20.22.0
2023-04-27T16:20:10.8593207Z ##[group]Run tox -e typing
2023-04-27T16:20:10.8593456Z [36;1mtox -e typing[0m
2023-04-27T16:20:10.8646034Z shell: /usr/bin/bash -e {0}
2023-04-27T16:20:10.8646251Z env:
2023-04-27T16:20:10.8646523Z   pythonLocation: /opt/hostedtoolcache/Python/3.8.16/x64
2023-04-27T16:20:10.8646879Z   PKG_CONFIG_PATH: /opt/hostedtoolcache/Python/3.8.16/x64/lib/pkgconfig
2023-04-27T16:20:10.8647219Z   Python_ROOT_DIR: /opt/hostedtoolcache/Python/3.8.16/x64
2023-04-27T16:20:10.8647523Z   Python2_ROOT_DIR: /opt/hostedtoolcache/Python/3.8.16/x64
2023-04-27T16:20:10.8647840Z   Python3_ROOT_DIR: /opt/hostedtoolcache/Python/3.8.16/x64
2023-04-27T16:20:10.8648159Z   LD_LIBRARY_PATH: /opt/hostedtoolcache/Python/3.8.16/x64/lib
2023-04-27T16:20:10.8648415Z ##[endgroup]
2023-04-27T16:20:11.8889413Z typing: install_deps> python -I -m pip install mypy pytest pytest-cov pytest-mock types-python-dateutil types-PyYAML types-requests
2023-04-27T16:20:16.8223632Z .pkg: install_requires> python -I -m pip install 'setuptools>=46.4.0' versioningit
2023-04-27T16:20:18.5554088Z .pkg: _optional_hooks> python /opt/hostedtoolcache/Python/3.8.16/x64/lib/python3.8/site-packages/pyproject_api/_backend.py True setuptools.build_meta
2023-04-27T16:20:18.8749256Z .pkg: get_requires_for_build_sdist> python /opt/hostedtoolcache/Python/3.8.16/x64/lib/python3.8/site-packages/pyproject_api/_backend.py True setuptools.build_meta
2023-04-27T16:20:19.0533889Z .pkg: freeze> python -m pip freeze --all
2023-04-27T16:20:19.4176303Z .pkg: importlib-metadata==6.6.0,packaging==23.1,pip==23.1,setuptools==67.6.1,tomli==2.0.1,versioningit==2.2.0,wheel==0.40.0,zipp==3.15.0
2023-04-27T16:20:19.4182573Z .pkg: prepare_metadata_for_build_wheel> python /opt/hostedtoolcache/Python/3.8.16/x64/lib/python3.8/site-packages/pyproject_api/_backend.py True setuptools.build_meta
2023-04-27T16:20:19.5730297Z .pkg: build_sdist> python /opt/hostedtoolcache/Python/3.8.16/x64/lib/python3.8/site-packages/pyproject_api/_backend.py True setuptools.build_meta
2023-04-27T16:20:19.6573113Z typing: install_package_deps> python -I -m pip install 'PyGithub~=1.55' 'PyYAML>=5.0' 'click-loglevel~=0.2' 'click>=7.0' 'in-place~=0.4' 'pydantic~=1.7' 'python-dateutil~=2.7' 'python-dotenv<2.0,>=0.11' 'requests~=2.20'
2023-04-27T16:20:24.1595767Z typing: install_package> python -I -m pip install --force-reinstall --no-deps /home/runner/work/tinuous/tinuous/.tox/.tmp/package/1/tinuous-0.6.1.post16+gf2b0d7a.tar.gz
2023-04-27T16:20:28.5839664Z typing: freeze> python -m pip freeze --all
2023-04-27T16:20:28.9721639Z typing: certifi==2022.12.7,cffi==1.15.1,charset-normalizer==3.1.0,click==8.1.3,click-loglevel==0.4.0.post1,coverage==7.2.3,cryptography==40.0.2,Deprecated==1.2.13,exceptiongroup==1.1.1,idna==3.4,in-place==0.5.0,iniconfig==2.0.0,mypy==1.2.0,mypy-extensions==1.0.0,packaging==23.1,pip==23.1,pluggy==1.0.0,pycparser==2.21,pydantic==1.10.7,PyGithub==1.58.1,PyJWT==2.6.0,PyNaCl==1.5.0,pytest==7.3.1,pytest-cov==4.0.0,pytest-mock==3.10.0,python-dateutil==2.8.2,python-dotenv==1.0.0,PyYAML==6.0,requests==2.29.0,setuptools==67.6.1,six==1.16.0,tinuous @ file:///home/runner/work/tinuous/tinuous/.tox/.tmp/package/1/tinuous-0.6.1.post16%2Bgf2b0d7a.tar.gz#sha256=24edee644737779c83efbabf7afde2a5e7ae51597a58a145319e1e73eb77e2d4,tomli==2.0.1,types-python-dateutil==2.8.19.12,types-PyYAML==6.0.12.9,types-requests==2.28.11.17,types-urllib3==1.26.25.11,typing_extensions==4.5.0,urllib3==1.26.15,wheel==0.40.0,wrapt==1.15.0
2023-04-27T16:20:28.9727309Z typing: commands[0]> mypy src test
2023-04-27T16:20:37.9112052Z Success: no issues found in 14 source files
2023-04-27T16:20:37.9250686Z .pkg: _exit> python /opt/hostedtoolcache/Python/3.8.16/x64/lib/python3.8/site-packages/pyproject_api/_backend.py True setuptools.build_meta
2023-04-27T16:20:37.9524576Z   typing: OK (26.40=setup[17.46]+cmd[8.95] seconds)
2023-04-27T16:20:37.9525252Z   congratulations :) (26.86 seconds)
2023-04-27T16:20:37.9864071Z Post job cleanup.
2023-04-27T16:20:38.1426284Z Post job cleanup.
2023-04-27T16:20:38.2426398Z [command]/usr/bin/git version
2023-04-27T16:20:38.2472798Z git version 2.40.1
2023-04-27T16:20:38.2515188Z Temporarily overriding HOME='/home/runner/work/_temp/8579b47b-7234-4410-bac7-349f5ce4babc' before making global git config changes
2023-04-27T16:20:38.2516110Z Adding repository directory to the temporary git global config as a safe directory
2023-04-27T16:20:38.2521686Z [command]/usr/bin/git config --global --add safe.directory /home/runner/work/tinuous/tinuous
2023-04-27T16:20:38.2566886Z [command]/usr/bin/git config --local --name-only --get-regexp core\.sshCommand
2023-04-27T16:20:38.2603447Z [command]/usr/bin/git submodule foreach --recursive sh -c "git config --local --name-only --get-regexp 'core\.sshCommand' && git config --local --unset-all 'core.sshCommand' || :"
2023-04-27T16:20:38.2851741Z [command]/usr/bin/git config --local --name-only --get-regexp http\.https\:\/\/github\.com\/\.extraheader
2023-04-27T16:20:38.2871312Z http.https://github.com/.extraheader
2023-04-27T16:20:38.2887839Z [command]/usr/bin/git config --local --unset-all http.https://github.com/.extraheader
2023-04-27T16:20:38.2928615Z [command]/usr/bin/git submodule foreach --recursive sh -c "git config --local --name-only --get-regexp 'http\.https\:\/\/github\.com\/\.extraheader' && git config --local --unset-all 'http.https://github.com/.extraheader' || :"
2023-04-27T16:20:38.3348235Z Cleaning up orphan processes
