2023-04-26T19:16:45.1040893Z Requested labels: ubuntu-latest
2023-04-26T19:16:45.1041215Z Job defined at: con/tinuous/.github/workflows/test.yml@refs/heads/gh-124
2023-04-26T19:16:45.1041353Z Waiting for a runner to pick up this job...
2023-04-26T19:16:51.6773631Z Job is waiting for a hosted runner to come online.
2023-04-26T19:16:51.7393745Z Job is about to start running on the hosted runner: GitHub Actions 2 (hosted)
2023-04-26T19:16:55.5791182Z Current runner version: '2.303.0'
2023-04-26T19:16:55.5826482Z ##[group]Operating System
2023-04-26T19:16:55.5827126Z Ubuntu
2023-04-26T19:16:55.5827601Z 22.04.2
2023-04-26T19:16:55.5827938Z LTS
2023-04-26T19:16:55.5828233Z ##[endgroup]
2023-04-26T19:16:55.5828631Z ##[group]Runner Image
2023-04-26T19:16:55.5829096Z Image: ubuntu-22.04
2023-04-26T19:16:55.5829456Z Version: 20230426.1
2023-04-26T19:16:55.5830069Z Included Software: https://github.com/actions/runner-images/blob/ubuntu22/20230426.1/images/linux/Ubuntu2204-Readme.md
2023-04-26T19:16:55.5830993Z Image Release: https://github.com/actions/runner-images/releases/tag/ubuntu22%2F20230426.1
2023-04-26T19:16:55.5831666Z ##[endgroup]
2023-04-26T19:16:55.5832051Z ##[group]Runner Image Provisioner
2023-04-26T19:16:55.5832427Z 2.0.159.1
2023-04-26T19:16:55.5832941Z ##[endgroup]
2023-04-26T19:16:55.5834197Z ##[group]GITHUB_TOKEN Permissions
2023-04-26T19:16:55.5835000Z Actions: write
2023-04-26T19:16:55.5835389Z Checks: write
2023-04-26T19:16:55.5836027Z Contents: write
2023-04-26T19:16:55.5836582Z Deployments: write
2023-04-26T19:16:55.5836993Z Discussions: write
2023-04-26T19:16:55.5837312Z Issues: write
2023-04-26T19:16:55.5837675Z Metadata: read
2023-04-26T19:16:55.5838117Z Packages: write
2023-04-26T19:16:55.5838443Z Pages: write
2023-04-26T19:16:55.5838994Z PullRequests: write
2023-04-26T19:16:55.5839583Z RepositoryProjects: write
2023-04-26T19:16:55.5839951Z SecurityEvents: write
2023-04-26T19:16:55.5840546Z Statuses: write
2023-04-26T19:16:55.5840930Z ##[endgroup]
2023-04-26T19:16:55.5845272Z Secret source: Actions
2023-04-26T19:16:55.5845930Z Prepare workflow directory
2023-04-26T19:16:55.6823082Z Prepare all required actions
2023-04-26T19:16:55.7076493Z Getting action download info
2023-04-26T19:16:55.9704446Z Download action repository 'actions/checkout@v3' (SHA:8e5e7e5ab8b370d6c329ec480221332ada57f0ab)
2023-04-26T19:16:56.6574528Z Download action repository 'actions/setup-python@v4' (SHA:57ded4d7d5e986d7296eab16560982c6dd7c923b)
2023-04-26T19:16:57.2367224Z Download action repository 'codecov/codecov-action@v3' (SHA:894ff025c7b54547a9a2a1e9f228beae737ad3c2)
2023-04-26T19:16:57.9611271Z Complete job name: test (3.8, lint)
2023-04-26T19:16:58.0902170Z ##[group]Run actions/checkout@v3
2023-04-26T19:16:58.0902822Z with:
2023-04-26T19:16:58.0903170Z   fetch-depth: 0
2023-04-26T19:16:58.0903674Z   repository: con/tinuous
2023-04-26T19:16:58.0904325Z   token: ***
2023-04-26T19:16:58.0904595Z   ssh-strict: true
2023-04-26T19:16:58.0904946Z   persist-credentials: true
2023-04-26T19:16:58.0905274Z   clean: true
2023-04-26T19:16:58.0905513Z   lfs: false
2023-04-26T19:16:58.0905887Z   submodules: false
2023-04-26T19:16:58.0906232Z   set-safe-directory: true
2023-04-26T19:16:58.0906533Z ##[endgroup]
2023-04-26T19:16:58.4747743Z Syncing repository: con/tinuous
2023-04-26T19:16:58.4749933Z ##[group]Getting Git version info
2023-04-26T19:16:58.4750580Z Working directory is '/home/runner/work/tinuous/tinuous'
2023-04-26T19:16:58.4751197Z [command]/usr/bin/git version
2023-04-26T19:16:58.4878341Z git version 2.40.1
2023-04-26T19:16:58.4941551Z ##[endgroup]
2023-04-26T19:16:58.5026229Z Temporarily overriding HOME='/home/runner/work/_temp/766553e5-f210-48ed-85af-9360e89d3d05' before making global git config changes
2023-04-26T19:16:58.5026769Z Adding repository directory to the temporary git global config as a safe directory
2023-04-26T19:16:58.5027347Z [command]/usr/bin/git config --global --add safe.directory /home/runner/work/tinuous/tinuous
2023-04-26T19:16:58.5083114Z Deleting the contents of '/home/runner/work/tinuous/tinuous'
2023-04-26T19:16:58.5090228Z ##[group]Initializing the repository
2023-04-26T19:16:58.5094983Z [command]/usr/bin/git init /home/runner/work/tinuous/tinuous
2023-04-26T19:16:58.5197552Z hint: Using 'master' as the name for the initial branch. This default branch name
2023-04-26T19:16:58.5198743Z hint: is subject to change. To configure the initial branch name to use in all
2023-04-26T19:16:58.5199331Z hint: of your new repositories, which will suppress this warning, call:
2023-04-26T19:16:58.5200278Z hint: 
2023-04-26T19:16:58.5200796Z hint: 	git config --global init.defaultBranch <name>
2023-04-26T19:16:58.5201088Z hint: 
2023-04-26T19:16:58.5201668Z hint: Names commonly chosen instead of 'master' are 'main', 'trunk' and
2023-04-26T19:16:58.5202428Z hint: 'development'. The just-created branch can be renamed via this command:
2023-04-26T19:16:58.5202776Z hint: 
2023-04-26T19:16:58.5203062Z hint: 	git branch -m <name>
2023-04-26T19:16:58.5219882Z Initialized empty Git repository in /home/runner/work/tinuous/tinuous/.git/
2023-04-26T19:16:58.5233793Z [command]/usr/bin/git remote add origin https://github.com/con/tinuous
2023-04-26T19:16:58.5293961Z ##[endgroup]
2023-04-26T19:16:58.5294930Z ##[group]Disabling automatic garbage collection
2023-04-26T19:16:58.5309170Z [command]/usr/bin/git config --local gc.auto 0
2023-04-26T19:16:58.5354072Z ##[endgroup]
2023-04-26T19:16:58.5354909Z ##[group]Setting up auth
2023-04-26T19:16:58.5363164Z [command]/usr/bin/git config --local --name-only --get-regexp core\.sshCommand
2023-04-26T19:16:58.5406796Z [command]/usr/bin/git submodule foreach --recursive sh -c "git config --local --name-only --get-regexp 'core\.sshCommand' && git config --local --unset-all 'core.sshCommand' || :"
2023-04-26T19:16:58.5901850Z [command]/usr/bin/git config --local --name-only --get-regexp http\.https\:\/\/github\.com\/\.extraheader
2023-04-26T19:16:58.5941902Z [command]/usr/bin/git submodule foreach --recursive sh -c "git config --local --name-only --get-regexp 'http\.https\:\/\/github\.com\/\.extraheader' && git config --local --unset-all 'http.https://github.com/.extraheader' || :"
2023-04-26T19:16:58.6221589Z [command]/usr/bin/git config --local http.https://github.com/.extraheader AUTHORIZATION: basic ***
2023-04-26T19:16:58.6271045Z ##[endgroup]
2023-04-26T19:16:58.6272349Z ##[group]Fetching the repository
2023-04-26T19:16:58.6285039Z [command]/usr/bin/git -c protocol.version=2 fetch --prune --progress --no-recurse-submodules origin +refs/heads/*:refs/remotes/origin/* +refs/tags/*:refs/tags/*
2023-04-26T19:16:59.2269778Z remote: Enumerating objects: 1068, done.        
2023-04-26T19:16:59.2272792Z remote: Counting objects:   0% (1/290)        
2023-04-26T19:16:59.2275989Z remote: Counting objects:   1% (3/290)        
2023-04-26T19:16:59.2277508Z remote: Counting objects:   2% (6/290)        
2023-04-26T19:16:59.2278801Z remote: Counting objects:   3% (9/290)        
2023-04-26T19:16:59.2280395Z remote: Counting objects:   4% (12/290)        
2023-04-26T19:16:59.2282755Z remote: Counting objects:   5% (15/290)        
2023-04-26T19:16:59.2284188Z remote: Counting objects:   6% (18/290)        
2023-04-26T19:16:59.2286235Z remote: Counting objects:   7% (21/290)        
2023-04-26T19:16:59.2287800Z remote: Counting objects:   8% (24/290)        
2023-04-26T19:16:59.2290340Z remote: Counting objects:   9% (27/290)        
2023-04-26T19:16:59.2292210Z remote: Counting objects:  10% (29/290)        
2023-04-26T19:16:59.2293514Z remote: Counting objects:  11% (32/290)        
2023-04-26T19:16:59.2294990Z remote: Counting objects:  12% (35/290)        
2023-04-26T19:16:59.2296172Z remote: Counting objects:  13% (38/290)        
2023-04-26T19:16:59.2297312Z remote: Counting objects:  14% (41/290)        
2023-04-26T19:16:59.2298257Z remote: Counting objects:  15% (44/290)        
2023-04-26T19:16:59.2299539Z remote: Counting objects:  16% (47/290)        
2023-04-26T19:16:59.2300535Z remote: Counting objects:  17% (50/290)        
2023-04-26T19:16:59.2301087Z remote: Counting objects:  18% (53/290)        
2023-04-26T19:16:59.2302073Z remote: Counting objects:  19% (56/290)        
2023-04-26T19:16:59.2303075Z remote: Counting objects:  20% (58/290)        
2023-04-26T19:16:59.2305615Z remote: Counting objects:  21% (61/290)        
2023-04-26T19:16:59.2307196Z remote: Counting objects:  22% (64/290)        
2023-04-26T19:16:59.2308171Z remote: Counting objects:  23% (67/290)        
2023-04-26T19:16:59.2309034Z remote: Counting objects:  24% (70/290)        
2023-04-26T19:16:59.2309879Z remote: Counting objects:  25% (73/290)        
2023-04-26T19:16:59.2310717Z remote: Counting objects:  26% (76/290)        
2023-04-26T19:16:59.2311540Z remote: Counting objects:  27% (79/290)        
2023-04-26T19:16:59.2313112Z remote: Counting objects:  28% (82/290)        
2023-04-26T19:16:59.2314248Z remote: Counting objects:  29% (85/290)        
2023-04-26T19:16:59.2315124Z remote: Counting objects:  30% (87/290)        
2023-04-26T19:16:59.2315961Z remote: Counting objects:  31% (90/290)        
2023-04-26T19:16:59.2316982Z remote: Counting objects:  32% (93/290)        
2023-04-26T19:16:59.2317922Z remote: Counting objects:  33% (96/290)        
2023-04-26T19:16:59.2318761Z remote: Counting objects:  34% (99/290)        
2023-04-26T19:16:59.2319949Z remote: Counting objects:  35% (102/290)        
2023-04-26T19:16:59.2321756Z remote: Counting objects:  36% (105/290)        
2023-04-26T19:16:59.2322685Z remote: Counting objects:  37% (108/290)        
2023-04-26T19:16:59.2323516Z remote: Counting objects:  38% (111/290)        
2023-04-26T19:16:59.2324320Z remote: Counting objects:  39% (114/290)        
2023-04-26T19:16:59.2325133Z remote: Counting objects:  40% (116/290)        
2023-04-26T19:16:59.2326004Z remote: Counting objects:  41% (119/290)        
2023-04-26T19:16:59.2330137Z remote: Counting objects:  42% (122/290)        
2023-04-26T19:16:59.2330610Z remote: Counting objects:  43% (125/290)        
2023-04-26T19:16:59.2331551Z remote: Counting objects:  44% (128/290)        
2023-04-26T19:16:59.2332479Z remote: Counting objects:  45% (131/290)        
2023-04-26T19:16:59.2333634Z remote: Counting objects:  46% (134/290)        
2023-04-26T19:16:59.2337665Z remote: Counting objects:  47% (137/290)        
2023-04-26T19:16:59.2337939Z remote: Counting objects:  48% (140/290)        
2023-04-26T19:16:59.2338367Z remote: Counting objects:  49% (143/290)        
2023-04-26T19:16:59.2338815Z remote: Counting objects:  50% (145/290)        
2023-04-26T19:16:59.2339121Z remote: Counting objects:  51% (148/290)        
2023-04-26T19:16:59.2339383Z remote: Counting objects:  52% (151/290)        
2023-04-26T19:16:59.2340046Z remote: Counting objects:  53% (154/290)        
2023-04-26T19:16:59.2340556Z remote: Counting objects:  54% (157/290)        
2023-04-26T19:16:59.2340884Z remote: Counting objects:  55% (160/290)        
2023-04-26T19:16:59.2341256Z remote: Counting objects:  56% (163/290)        
2023-04-26T19:16:59.2341625Z remote: Counting objects:  57% (166/290)        
2023-04-26T19:16:59.2341964Z remote: Counting objects:  58% (169/290)        
2023-04-26T19:16:59.2342317Z remote: Counting objects:  59% (172/290)        
2023-04-26T19:16:59.2342623Z remote: Counting objects:  60% (174/290)        
2023-04-26T19:16:59.2342907Z remote: Counting objects:  61% (177/290)        
2023-04-26T19:16:59.2343273Z remote: Counting objects:  62% (180/290)        
2023-04-26T19:16:59.2343672Z remote: Counting objects:  63% (183/290)        
2023-04-26T19:16:59.2344076Z remote: Counting objects:  64% (186/290)        
2023-04-26T19:16:59.2344634Z remote: Counting objects:  65% (189/290)        
2023-04-26T19:16:59.2344972Z remote: Counting objects:  66% (192/290)        
2023-04-26T19:16:59.2345333Z remote: Counting objects:  67% (195/290)        
2023-04-26T19:16:59.2345613Z remote: Counting objects:  68% (198/290)        
2023-04-26T19:16:59.2346007Z remote: Counting objects:  69% (201/290)        
2023-04-26T19:16:59.2346469Z remote: Counting objects:  70% (203/290)        
2023-04-26T19:16:59.2346783Z remote: Counting objects:  71% (206/290)        
2023-04-26T19:16:59.2347475Z remote: Counting objects:  72% (209/290)        
2023-04-26T19:16:59.2347891Z remote: Counting objects:  73% (212/290)        
2023-04-26T19:16:59.2348241Z remote: Counting objects:  74% (215/290)        
2023-04-26T19:16:59.2348602Z remote: Counting objects:  75% (218/290)        
2023-04-26T19:16:59.2348919Z remote: Counting objects:  76% (221/290)        
2023-04-26T19:16:59.2349453Z remote: Counting objects:  77% (224/290)        
2023-04-26T19:16:59.2350039Z remote: Counting objects:  78% (227/290)        
2023-04-26T19:16:59.2350399Z remote: Counting objects:  79% (230/290)        
2023-04-26T19:16:59.2350926Z remote: Counting objects:  80% (232/290)        
2023-04-26T19:16:59.2351221Z remote: Counting objects:  81% (235/290)        
2023-04-26T19:16:59.2351493Z remote: Counting objects:  82% (238/290)        
2023-04-26T19:16:59.2351869Z remote: Counting objects:  83% (241/290)        
2023-04-26T19:16:59.2352227Z remote: Counting objects:  84% (244/290)        
2023-04-26T19:16:59.2352520Z remote: Counting objects:  85% (247/290)        
2023-04-26T19:16:59.2352863Z remote: Counting objects:  86% (250/290)        
2023-04-26T19:16:59.2353218Z remote: Counting objects:  87% (253/290)        
2023-04-26T19:16:59.2353574Z remote: Counting objects:  88% (256/290)        
2023-04-26T19:16:59.2353866Z remote: Counting objects:  89% (259/290)        
2023-04-26T19:16:59.2354206Z remote: Counting objects:  90% (261/290)        
2023-04-26T19:16:59.2354574Z remote: Counting objects:  91% (264/290)        
2023-04-26T19:16:59.2354936Z remote: Counting objects:  92% (267/290)        
2023-04-26T19:16:59.2355534Z remote: Counting objects:  93% (270/290)        
2023-04-26T19:16:59.2355823Z remote: Counting objects:  94% (273/290)        
2023-04-26T19:16:59.2356269Z remote: Counting objects:  95% (276/290)        
2023-04-26T19:16:59.2356570Z remote: Counting objects:  96% (279/290)        
2023-04-26T19:16:59.2356938Z remote: Counting objects:  97% (282/290)        
2023-04-26T19:16:59.2357291Z remote: Counting objects:  98% (285/290)        
2023-04-26T19:16:59.2357593Z remote: Counting objects:  99% (288/290)        
2023-04-26T19:16:59.2357957Z remote: Counting objects: 100% (290/290)        
2023-04-26T19:16:59.2358339Z remote: Counting objects: 100% (290/290), done.        
2023-04-26T19:16:59.2358833Z remote: Compressing objects:   0% (1/196)        
2023-04-26T19:16:59.2359305Z remote: Compressing objects:   1% (2/196)        
2023-04-26T19:16:59.2359701Z remote: Compressing objects:   2% (4/196)        
2023-04-26T19:16:59.2360284Z remote: Compressing objects:   3% (6/196)        
2023-04-26T19:16:59.2360707Z remote: Compressing objects:   4% (8/196)        
2023-04-26T19:16:59.2361097Z remote: Compressing objects:   5% (10/196)        
2023-04-26T19:16:59.2361463Z remote: Compressing objects:   6% (12/196)        
2023-04-26T19:16:59.2361851Z remote: Compressing objects:   7% (14/196)        
2023-04-26T19:16:59.2362230Z remote: Compressing objects:   8% (16/196)        
2023-04-26T19:16:59.2362775Z remote: Compressing objects:   9% (18/196)        
2023-04-26T19:16:59.2363150Z remote: Compressing objects:  10% (20/196)        
2023-04-26T19:16:59.2363457Z remote: Compressing objects:  11% (22/196)        
2023-04-26T19:16:59.2363744Z remote: Compressing objects:  12% (24/196)        
2023-04-26T19:16:59.2364029Z remote: Compressing objects:  13% (26/196)        
2023-04-26T19:16:59.2364315Z remote: Compressing objects:  14% (28/196)        
2023-04-26T19:16:59.2364695Z remote: Compressing objects:  15% (30/196)        
2023-04-26T19:16:59.2365078Z remote: Compressing objects:  16% (32/196)        
2023-04-26T19:16:59.2365462Z remote: Compressing objects:  17% (34/196)        
2023-04-26T19:16:59.2365835Z remote: Compressing objects:  18% (36/196)        
2023-04-26T19:16:59.2366174Z remote: Compressing objects:  19% (38/196)        
2023-04-26T19:16:59.2366546Z remote: Compressing objects:  20% (40/196)        
2023-04-26T19:16:59.2366920Z remote: Compressing objects:  21% (42/196)        
2023-04-26T19:16:59.2367232Z remote: Compressing objects:  22% (44/196)        
2023-04-26T19:16:59.2367503Z remote: Compressing objects:  23% (46/196)        
2023-04-26T19:16:59.2367903Z remote: Compressing objects:  24% (48/196)        
2023-04-26T19:16:59.2368279Z remote: Compressing objects:  25% (49/196)        
2023-04-26T19:16:59.2368637Z remote: Compressing objects:  26% (51/196)        
2023-04-26T19:16:59.2369207Z remote: Compressing objects:  27% (53/196)        
2023-04-26T19:16:59.2369519Z remote: Compressing objects:  28% (55/196)        
2023-04-26T19:16:59.2370076Z remote: Compressing objects:  29% (57/196)        
2023-04-26T19:16:59.2370444Z remote: Compressing objects:  30% (59/196)        
2023-04-26T19:16:59.2389158Z remote: Compressing objects:  31% (61/196)        
2023-04-26T19:16:59.2390265Z remote: Compressing objects:  32% (63/196)        
2023-04-26T19:16:59.2395043Z remote: Compressing objects:  33% (65/196)        
2023-04-26T19:16:59.2406486Z remote: Compressing objects:  34% (67/196)        
2023-04-26T19:16:59.2406815Z remote: Compressing objects:  35% (69/196)        
2023-04-26T19:16:59.2407283Z remote: Compressing objects:  36% (71/196)        
2023-04-26T19:16:59.2407818Z remote: Compressing objects:  37% (73/196)        
2023-04-26T19:16:59.2408117Z remote: Compressing objects:  38% (75/196)        
2023-04-26T19:16:59.2408394Z remote: Compressing objects:  39% (77/196)        
2023-04-26T19:16:59.2408700Z remote: Compressing objects:  40% (79/196)        
2023-04-26T19:16:59.2408994Z remote: Compressing objects:  41% (81/196)        
2023-04-26T19:16:59.2409460Z remote: Compressing objects:  42% (83/196)        
2023-04-26T19:16:59.2409768Z remote: Compressing objects:  43% (85/196)        
2023-04-26T19:16:59.2410248Z remote: Compressing objects:  44% (87/196)        
2023-04-26T19:16:59.2410561Z remote: Compressing objects:  45% (89/196)        
2023-04-26T19:16:59.2410857Z remote: Compressing objects:  46% (91/196)        
2023-04-26T19:16:59.2411167Z remote: Compressing objects:  47% (93/196)        
2023-04-26T19:16:59.2411480Z remote: Compressing objects:  48% (95/196)        
2023-04-26T19:16:59.2411779Z remote: Compressing objects:  49% (97/196)        
2023-04-26T19:16:59.2412088Z remote: Compressing objects:  50% (98/196)        
2023-04-26T19:16:59.2412402Z remote: Compressing objects:  51% (100/196)        
2023-04-26T19:16:59.2412709Z remote: Compressing objects:  52% (102/196)        
2023-04-26T19:16:59.2413040Z remote: Compressing objects:  53% (104/196)        
2023-04-26T19:16:59.2413360Z remote: Compressing objects:  54% (106/196)        
2023-04-26T19:16:59.2414002Z remote: Compressing objects:  55% (108/196)        
2023-04-26T19:16:59.2414354Z remote: Compressing objects:  56% (110/196)        
2023-04-26T19:16:59.2415016Z remote: Compressing objects:  57% (112/196)        
2023-04-26T19:16:59.2415336Z remote: Compressing objects:  58% (114/196)        
2023-04-26T19:16:59.2415635Z remote: Compressing objects:  59% (116/196)        
2023-04-26T19:16:59.2415951Z remote: Compressing objects:  60% (118/196)        
2023-04-26T19:16:59.2416265Z remote: Compressing objects:  61% (120/196)        
2023-04-26T19:16:59.2416563Z remote: Compressing objects:  62% (122/196)        
2023-04-26T19:16:59.2417037Z remote: Compressing objects:  63% (124/196)        
2023-04-26T19:16:59.2417341Z remote: Compressing objects:  64% (126/196)        
2023-04-26T19:16:59.2417628Z remote: Compressing objects:  65% (128/196)        
2023-04-26T19:16:59.2417938Z remote: Compressing objects:  66% (130/196)        
2023-04-26T19:16:59.2418246Z remote: Compressing objects:  67% (132/196)        
2023-04-26T19:16:59.2418549Z remote: Compressing objects:  68% (134/196)        
2023-04-26T19:16:59.2419028Z remote: Compressing objects:  69% (136/196)        
2023-04-26T19:16:59.2419332Z remote: Compressing objects:  70% (138/196)        
2023-04-26T19:16:59.2419635Z remote: Compressing objects:  71% (140/196)        
2023-04-26T19:16:59.2419922Z remote: Compressing objects:  72% (142/196)        
2023-04-26T19:16:59.2420224Z remote: Compressing objects:  73% (144/196)        
2023-04-26T19:16:59.2420526Z remote: Compressing objects:  74% (146/196)        
2023-04-26T19:16:59.2420812Z remote: Compressing objects:  75% (147/196)        
2023-04-26T19:16:59.2421114Z remote: Compressing objects:  76% (149/196)        
2023-04-26T19:16:59.2421414Z remote: Compressing objects:  77% (151/196)        
2023-04-26T19:16:59.2421896Z remote: Compressing objects:  78% (153/196)        
2023-04-26T19:16:59.2422181Z remote: Compressing objects:  79% (155/196)        
2023-04-26T19:16:59.2422491Z remote: Compressing objects:  80% (157/196)        
2023-04-26T19:16:59.2422794Z remote: Compressing objects:  81% (159/196)        
2023-04-26T19:16:59.2423077Z remote: Compressing objects:  82% (161/196)        
2023-04-26T19:16:59.2423383Z remote: Compressing objects:  83% (163/196)        
2023-04-26T19:16:59.2423684Z remote: Compressing objects:  84% (165/196)        
2023-04-26T19:16:59.2423967Z remote: Compressing objects:  85% (167/196)        
2023-04-26T19:16:59.2424269Z remote: Compressing objects:  86% (169/196)        
2023-04-26T19:16:59.2424569Z remote: Compressing objects:  87% (171/196)        
2023-04-26T19:16:59.2424859Z remote: Compressing objects:  88% (173/196)        
2023-04-26T19:16:59.2425161Z remote: Compressing objects:  89% (175/196)        
2023-04-26T19:16:59.2425484Z remote: Compressing objects:  90% (177/196)        
2023-04-26T19:16:59.2425799Z remote: Compressing objects:  91% (179/196)        
2023-04-26T19:16:59.2426282Z remote: Compressing objects:  92% (181/196)        
2023-04-26T19:16:59.2426561Z remote: Compressing objects:  93% (183/196)        
2023-04-26T19:16:59.2426849Z remote: Compressing objects:  94% (185/196)        
2023-04-26T19:16:59.2427142Z remote: Compressing objects:  95% (187/196)        
2023-04-26T19:16:59.2427433Z remote: Compressing objects:  96% (189/196)        
2023-04-26T19:16:59.2427712Z remote: Compressing objects:  97% (191/196)        
2023-04-26T19:16:59.2428001Z remote: Compressing objects:  98% (193/196)        
2023-04-26T19:16:59.2428290Z remote: Compressing objects:  99% (195/196)        
2023-04-26T19:16:59.2428565Z remote: Compressing objects: 100% (196/196)        
2023-04-26T19:16:59.2428873Z remote: Compressing objects: 100% (196/196), done.        
2023-04-26T19:16:59.2492043Z Receiving objects:   0% (1/1068)
2023-04-26T19:16:59.2493913Z Receiving objects:   1% (11/1068)
2023-04-26T19:16:59.2495506Z Receiving objects:   2% (22/1068)
2023-04-26T19:16:59.2580094Z Receiving objects:   3% (33/1068)
2023-04-26T19:16:59.2580738Z Receiving objects:   4% (43/1068)
2023-04-26T19:16:59.2581046Z Receiving objects:   5% (54/1068)
2023-04-26T19:16:59.2582807Z Receiving objects:   6% (65/1068)
2023-04-26T19:16:59.2643546Z Receiving objects:   7% (75/1068)
2023-04-26T19:16:59.2643855Z Receiving objects:   8% (86/1068)
2023-04-26T19:16:59.2647094Z Receiving objects:   9% (97/1068)
2023-04-26T19:16:59.2655073Z Receiving objects:  10% (107/1068)
2023-04-26T19:16:59.2657265Z Receiving objects:  11% (118/1068)
2023-04-26T19:16:59.2660814Z Receiving objects:  12% (129/1068)
2023-04-26T19:16:59.2663380Z Receiving objects:  13% (139/1068)
2023-04-26T19:16:59.2702913Z Receiving objects:  14% (150/1068)
2023-04-26T19:16:59.2703204Z Receiving objects:  15% (161/1068)
2023-04-26T19:16:59.2703477Z Receiving objects:  16% (171/1068)
2023-04-26T19:16:59.2703748Z Receiving objects:  17% (182/1068)
2023-04-26T19:16:59.2704029Z Receiving objects:  18% (193/1068)
2023-04-26T19:16:59.2772187Z Receiving objects:  19% (203/1068)
2023-04-26T19:16:59.2772509Z Receiving objects:  20% (214/1068)
2023-04-26T19:16:59.2772756Z Receiving objects:  21% (225/1068)
2023-04-26T19:16:59.2773019Z Receiving objects:  22% (235/1068)
2023-04-26T19:16:59.2773324Z Receiving objects:  23% (246/1068)
2023-04-26T19:16:59.2773564Z Receiving objects:  24% (257/1068)
2023-04-26T19:16:59.2773921Z Receiving objects:  25% (267/1068)
2023-04-26T19:16:59.2774178Z Receiving objects:  26% (278/1068)
2023-04-26T19:16:59.2774437Z Receiving objects:  27% (289/1068)
2023-04-26T19:16:59.2838373Z Receiving objects:  28% (300/1068)
2023-04-26T19:16:59.2838674Z Receiving objects:  29% (310/1068)
2023-04-26T19:16:59.2838938Z Receiving objects:  30% (321/1068)
2023-04-26T19:16:59.2839180Z Receiving objects:  31% (332/1068)
2023-04-26T19:16:59.2839440Z Receiving objects:  32% (342/1068)
2023-04-26T19:16:59.2839696Z Receiving objects:  33% (353/1068)
2023-04-26T19:16:59.2840324Z Receiving objects:  34% (364/1068)
2023-04-26T19:16:59.2840583Z Receiving objects:  35% (374/1068)
2023-04-26T19:16:59.2840852Z Receiving objects:  36% (385/1068)
2023-04-26T19:16:59.2841091Z Receiving objects:  37% (396/1068)
2023-04-26T19:16:59.2841348Z Receiving objects:  38% (406/1068)
2023-04-26T19:16:59.2841602Z Receiving objects:  39% (417/1068)
2023-04-26T19:16:59.2841855Z Receiving objects:  40% (428/1068)
2023-04-26T19:16:59.2842092Z Receiving objects:  41% (438/1068)
2023-04-26T19:16:59.2842344Z Receiving objects:  42% (449/1068)
2023-04-26T19:16:59.2842595Z Receiving objects:  43% (460/1068)
2023-04-26T19:16:59.2842833Z Receiving objects:  44% (470/1068)
2023-04-26T19:16:59.2843085Z Receiving objects:  45% (481/1068)
2023-04-26T19:16:59.2843339Z Receiving objects:  46% (492/1068)
2023-04-26T19:16:59.2843575Z Receiving objects:  47% (502/1068)
2023-04-26T19:16:59.2843826Z Receiving objects:  48% (513/1068)
2023-04-26T19:16:59.2844077Z Receiving objects:  49% (524/1068)
2023-04-26T19:16:59.2888852Z Receiving objects:  50% (534/1068)
2023-04-26T19:16:59.2891161Z Receiving objects:  51% (545/1068)
2023-04-26T19:16:59.2973152Z Receiving objects:  52% (556/1068)
2023-04-26T19:16:59.2973441Z Receiving objects:  53% (567/1068)
2023-04-26T19:16:59.2973705Z Receiving objects:  54% (577/1068)
2023-04-26T19:16:59.2973946Z Receiving objects:  55% (588/1068)
2023-04-26T19:16:59.2974392Z Receiving objects:  56% (599/1068)
2023-04-26T19:16:59.2974654Z Receiving objects:  57% (609/1068)
2023-04-26T19:16:59.2975062Z Receiving objects:  58% (620/1068)
2023-04-26T19:16:59.2975315Z Receiving objects:  59% (631/1068)
2023-04-26T19:16:59.2975566Z Receiving objects:  60% (641/1068)
2023-04-26T19:16:59.2975801Z Receiving objects:  61% (652/1068)
2023-04-26T19:16:59.2976051Z Receiving objects:  62% (663/1068)
2023-04-26T19:16:59.2976301Z Receiving objects:  63% (673/1068)
2023-04-26T19:16:59.2976552Z Receiving objects:  64% (684/1068)
2023-04-26T19:16:59.2976787Z Receiving objects:  65% (695/1068)
2023-04-26T19:16:59.2977049Z Receiving objects:  66% (705/1068)
2023-04-26T19:16:59.2977481Z Receiving objects:  67% (716/1068)
2023-04-26T19:16:59.2978138Z Receiving objects:  68% (727/1068)
2023-04-26T19:16:59.2978416Z Receiving objects:  69% (737/1068)
2023-04-26T19:16:59.2978954Z Receiving objects:  70% (748/1068)
2023-04-26T19:16:59.2979215Z Receiving objects:  71% (759/1068)
2023-04-26T19:16:59.2979464Z Receiving objects:  72% (769/1068)
2023-04-26T19:16:59.2979713Z Receiving objects:  73% (780/1068)
2023-04-26T19:16:59.2979947Z Receiving objects:  74% (791/1068)
2023-04-26T19:16:59.3043051Z Receiving objects:  75% (801/1068)
2023-04-26T19:16:59.3043336Z Receiving objects:  76% (812/1068)
2023-04-26T19:16:59.3043594Z Receiving objects:  77% (823/1068)
2023-04-26T19:16:59.3043832Z Receiving objects:  78% (834/1068)
2023-04-26T19:16:59.3044085Z Receiving objects:  79% (844/1068)
2023-04-26T19:16:59.3044338Z Receiving objects:  80% (855/1068)
2023-04-26T19:16:59.3044575Z Receiving objects:  81% (866/1068)
2023-04-26T19:16:59.3044844Z Receiving objects:  82% (876/1068)
2023-04-26T19:16:59.3045096Z Receiving objects:  83% (887/1068)
2023-04-26T19:16:59.3045344Z Receiving objects:  84% (898/1068)
2023-04-26T19:16:59.3045597Z Receiving objects:  85% (908/1068)
2023-04-26T19:16:59.3045848Z Receiving objects:  86% (919/1068)
2023-04-26T19:16:59.3046083Z Receiving objects:  87% (930/1068)
2023-04-26T19:16:59.3046333Z Receiving objects:  88% (940/1068)
2023-04-26T19:16:59.3046581Z Receiving objects:  89% (951/1068)
2023-04-26T19:16:59.3046815Z Receiving objects:  90% (962/1068)
2023-04-26T19:16:59.3047063Z Receiving objects:  91% (972/1068)
2023-04-26T19:16:59.3047312Z Receiving objects:  92% (983/1068)
2023-04-26T19:16:59.3047545Z Receiving objects:  93% (994/1068)
2023-04-26T19:16:59.3047800Z Receiving objects:  94% (1004/1068)
2023-04-26T19:16:59.3048059Z Receiving objects:  95% (1015/1068)
2023-04-26T19:16:59.3048315Z Receiving objects:  96% (1026/1068)
2023-04-26T19:16:59.3097537Z Receiving objects:  97% (1036/1068)
2023-04-26T19:16:59.3101313Z Receiving objects:  98% (1047/1068)
2023-04-26T19:16:59.3102688Z remote: Total 1068 (delta 109), reused 132 (delta 81), pack-reused 778        
2023-04-26T19:16:59.3103241Z Receiving objects:  99% (1058/1068)
2023-04-26T19:16:59.3103696Z Receiving objects: 100% (1068/1068)
2023-04-26T19:16:59.3104186Z Receiving objects: 100% (1068/1068), 275.78 KiB | 4.60 MiB/s, done.
2023-04-26T19:16:59.3104702Z Resolving deltas:   0% (0/578)
2023-04-26T19:16:59.3105174Z Resolving deltas:   1% (6/578)
2023-04-26T19:16:59.3105608Z Resolving deltas:   2% (12/578)
2023-04-26T19:16:59.3106035Z Resolving deltas:   3% (18/578)
2023-04-26T19:16:59.3106640Z Resolving deltas:   4% (24/578)
2023-04-26T19:16:59.3107390Z Resolving deltas:   5% (29/578)
2023-04-26T19:16:59.3107805Z Resolving deltas:   6% (35/578)
2023-04-26T19:16:59.3108218Z Resolving deltas:   7% (41/578)
2023-04-26T19:16:59.3108636Z Resolving deltas:   8% (47/578)
2023-04-26T19:16:59.3109053Z Resolving deltas:   9% (53/578)
2023-04-26T19:16:59.3109462Z Resolving deltas:  10% (58/578)
2023-04-26T19:16:59.3109952Z Resolving deltas:  11% (64/578)
2023-04-26T19:16:59.3110375Z Resolving deltas:  12% (70/578)
2023-04-26T19:16:59.3110821Z Resolving deltas:  13% (76/578)
2023-04-26T19:16:59.3111301Z Resolving deltas:  14% (81/578)
2023-04-26T19:16:59.3113844Z Resolving deltas:  15% (87/578)
2023-04-26T19:16:59.3114554Z Resolving deltas:  16% (93/578)
2023-04-26T19:16:59.3118317Z Resolving deltas:  17% (99/578)
2023-04-26T19:16:59.3121082Z Resolving deltas:  18% (105/578)
2023-04-26T19:16:59.3123746Z Resolving deltas:  19% (110/578)
2023-04-26T19:16:59.3126329Z Resolving deltas:  20% (116/578)
2023-04-26T19:16:59.3126828Z Resolving deltas:  21% (122/578)
2023-04-26T19:16:59.3127269Z Resolving deltas:  22% (128/578)
2023-04-26T19:16:59.3127699Z Resolving deltas:  23% (133/578)
2023-04-26T19:16:59.3128122Z Resolving deltas:  24% (139/578)
2023-04-26T19:16:59.3128805Z Resolving deltas:  25% (145/578)
2023-04-26T19:16:59.3131267Z Resolving deltas:  26% (151/578)
2023-04-26T19:16:59.3133807Z Resolving deltas:  27% (157/578)
2023-04-26T19:16:59.3134463Z Resolving deltas:  28% (162/578)
2023-04-26T19:16:59.3142253Z Resolving deltas:  29% (168/578)
2023-04-26T19:16:59.3142819Z Resolving deltas:  30% (174/578)
2023-04-26T19:16:59.3143328Z Resolving deltas:  31% (180/578)
2023-04-26T19:16:59.3145921Z Resolving deltas:  32% (185/578)
2023-04-26T19:16:59.3146362Z Resolving deltas:  33% (191/578)
2023-04-26T19:16:59.3148851Z Resolving deltas:  34% (197/578)
2023-04-26T19:16:59.3149262Z Resolving deltas:  35% (203/578)
2023-04-26T19:16:59.3151665Z Resolving deltas:  36% (209/578)
2023-04-26T19:16:59.3242902Z Resolving deltas:  37% (214/578)
2023-04-26T19:16:59.3243200Z Resolving deltas:  38% (220/578)
2023-04-26T19:16:59.3243770Z Resolving deltas:  39% (226/578)
2023-04-26T19:16:59.3244254Z Resolving deltas:  40% (232/578)
2023-04-26T19:16:59.3244524Z Resolving deltas:  41% (237/578)
2023-04-26T19:16:59.3244759Z Resolving deltas:  42% (243/578)
2023-04-26T19:16:59.3245023Z Resolving deltas:  43% (249/578)
2023-04-26T19:16:59.3245270Z Resolving deltas:  44% (255/578)
2023-04-26T19:16:59.3245686Z Resolving deltas:  45% (261/578)
2023-04-26T19:16:59.3245937Z Resolving deltas:  46% (266/578)
2023-04-26T19:16:59.3246381Z Resolving deltas:  47% (272/578)
2023-04-26T19:16:59.3246615Z Resolving deltas:  48% (278/578)
2023-04-26T19:16:59.3246863Z Resolving deltas:  49% (284/578)
2023-04-26T19:16:59.3247108Z Resolving deltas:  50% (289/578)
2023-04-26T19:16:59.3247340Z Resolving deltas:  51% (295/578)
2023-04-26T19:16:59.3247583Z Resolving deltas:  52% (301/578)
2023-04-26T19:16:59.3247828Z Resolving deltas:  53% (307/578)
2023-04-26T19:16:59.3248060Z Resolving deltas:  54% (313/578)
2023-04-26T19:16:59.3248309Z Resolving deltas:  55% (318/578)
2023-04-26T19:16:59.3248552Z Resolving deltas:  56% (324/578)
2023-04-26T19:16:59.3248798Z Resolving deltas:  57% (330/578)
2023-04-26T19:16:59.3249027Z Resolving deltas:  58% (336/578)
2023-04-26T19:16:59.3249270Z Resolving deltas:  59% (342/578)
2023-04-26T19:16:59.3250023Z Resolving deltas:  60% (347/578)
2023-04-26T19:16:59.3250245Z Resolving deltas:  61% (353/578)
2023-04-26T19:16:59.3250489Z Resolving deltas:  62% (359/578)
2023-04-26T19:16:59.3250729Z Resolving deltas:  63% (365/578)
2023-04-26T19:16:59.3250952Z Resolving deltas:  64% (370/578)
2023-04-26T19:16:59.3251188Z Resolving deltas:  65% (376/578)
2023-04-26T19:16:59.3251425Z Resolving deltas:  66% (382/578)
2023-04-26T19:16:59.3251647Z Resolving deltas:  67% (388/578)
2023-04-26T19:16:59.3251884Z Resolving deltas:  68% (394/578)
2023-04-26T19:16:59.3252123Z Resolving deltas:  69% (399/578)
2023-04-26T19:16:59.3252345Z Resolving deltas:  70% (405/578)
2023-04-26T19:16:59.3252581Z Resolving deltas:  71% (411/578)
2023-04-26T19:16:59.3252821Z Resolving deltas:  72% (417/578)
2023-04-26T19:16:59.3253227Z Resolving deltas:  73% (422/578)
2023-04-26T19:16:59.3253889Z Resolving deltas:  74% (428/578)
2023-04-26T19:16:59.3254138Z Resolving deltas:  75% (434/578)
2023-04-26T19:16:59.3254390Z Resolving deltas:  76% (440/578)
2023-04-26T19:16:59.3258285Z Resolving deltas:  77% (446/578)
2023-04-26T19:16:59.3259052Z Resolving deltas:  78% (451/578)
2023-04-26T19:16:59.3261425Z Resolving deltas:  79% (457/578)
2023-04-26T19:16:59.3268141Z Resolving deltas:  80% (463/578)
2023-04-26T19:16:59.3269883Z Resolving deltas:  81% (469/578)
2023-04-26T19:16:59.3272689Z Resolving deltas:  82% (474/578)
2023-04-26T19:16:59.3273820Z Resolving deltas:  83% (481/578)
2023-04-26T19:16:59.3279018Z Resolving deltas:  84% (486/578)
2023-04-26T19:16:59.3279813Z Resolving deltas:  85% (493/578)
2023-04-26T19:16:59.3280444Z Resolving deltas:  86% (498/578)
2023-04-26T19:16:59.3280744Z Resolving deltas:  87% (503/578)
2023-04-26T19:16:59.3281014Z Resolving deltas:  88% (509/578)
2023-04-26T19:16:59.3281269Z Resolving deltas:  89% (515/578)
2023-04-26T19:16:59.3281534Z Resolving deltas:  90% (521/578)
2023-04-26T19:16:59.3290021Z Resolving deltas:  91% (526/578)
2023-04-26T19:16:59.3295887Z Resolving deltas:  92% (532/578)
2023-04-26T19:16:59.3300431Z Resolving deltas:  93% (538/578)
2023-04-26T19:16:59.3307026Z Resolving deltas:  94% (544/578)
2023-04-26T19:16:59.3307552Z Resolving deltas:  95% (550/578)
2023-04-26T19:16:59.3310962Z Resolving deltas:  96% (555/578)
2023-04-26T19:16:59.3315832Z Resolving deltas:  97% (561/578)
2023-04-26T19:16:59.3322398Z Resolving deltas:  98% (567/578)
2023-04-26T19:16:59.3332169Z Resolving deltas:  99% (573/578)
2023-04-26T19:16:59.3332465Z Resolving deltas: 100% (578/578)
2023-04-26T19:16:59.3332724Z Resolving deltas: 100% (578/578), done.
2023-04-26T19:16:59.3454599Z From https://github.com/con/tinuous
2023-04-26T19:16:59.3455847Z  * [new branch]      gh-124          -> origin/gh-124
2023-04-26T19:16:59.3456814Z  * [new branch]      gh-55           -> origin/gh-55
2023-04-26T19:16:59.3472690Z  * [new branch]      master          -> origin/master
2023-04-26T19:16:59.3475736Z  * [new branch]      no-extra-search -> origin/no-extra-search
2023-04-26T19:16:59.3480778Z  * [new branch]      test-appveyor   -> origin/test-appveyor
2023-04-26T19:16:59.3483846Z  * [new tag]         0.1.0           -> 0.1.0
2023-04-26T19:16:59.3484204Z  * [new tag]         0.2.0           -> 0.2.0
2023-04-26T19:16:59.3488163Z  * [new tag]         0.3.0           -> 0.3.0
2023-04-26T19:16:59.3489854Z  * [new tag]         0.4.0           -> 0.4.0
2023-04-26T19:16:59.3490202Z  * [new tag]         0.5.0           -> 0.5.0
2023-04-26T19:16:59.3490544Z  * [new tag]         0.5.1           -> 0.5.1
2023-04-26T19:16:59.3490900Z  * [new tag]         0.5.2           -> 0.5.2
2023-04-26T19:16:59.3491267Z  * [new tag]         0.5.3           -> 0.5.3
2023-04-26T19:16:59.3491589Z  * [new tag]         0.5.4           -> 0.5.4
2023-04-26T19:16:59.3491925Z  * [new tag]         0.6.0           -> 0.6.0
2023-04-26T19:16:59.3492258Z  * [new tag]         0.6.1           -> 0.6.1
2023-04-26T19:16:59.3537583Z [command]/usr/bin/git branch --list --remote origin/gh-124
2023-04-26T19:16:59.3570951Z   origin/gh-124
2023-04-26T19:16:59.3587856Z [command]/usr/bin/git rev-parse refs/remotes/origin/gh-124
2023-04-26T19:16:59.3629812Z d5708f0d26d50373691b6dde9edb3ba4d7a107fb
2023-04-26T19:16:59.3638917Z ##[endgroup]
2023-04-26T19:16:59.3639361Z ##[group]Determining the checkout info
2023-04-26T19:16:59.3643818Z ##[endgroup]
2023-04-26T19:16:59.3644750Z ##[group]Checking out the ref
2023-04-26T19:16:59.3650575Z [command]/usr/bin/git checkout --progress --force -B gh-124 refs/remotes/origin/gh-124
2023-04-26T19:16:59.3756945Z Switched to a new branch 'gh-124'
2023-04-26T19:16:59.3757398Z branch 'gh-124' set up to track 'origin/gh-124'.
2023-04-26T19:16:59.3760328Z ##[endgroup]
2023-04-26T19:16:59.3818380Z [command]/usr/bin/git log -1 --format='%H'
2023-04-26T19:16:59.3850816Z 'd5708f0d26d50373691b6dde9edb3ba4d7a107fb'
2023-04-26T19:16:59.4236859Z ##[group]Run actions/setup-python@v4
2023-04-26T19:16:59.4237167Z with:
2023-04-26T19:16:59.4237404Z   python-version: 3.8
2023-04-26T19:16:59.4237663Z   check-latest: false
2023-04-26T19:16:59.4238100Z   token: ***
2023-04-26T19:16:59.4238381Z   update-environment: true
2023-04-26T19:16:59.4238819Z   allow-prereleases: false
2023-04-26T19:16:59.4239210Z ##[endgroup]
2023-04-26T19:16:59.6319695Z ##[group]Installed versions
2023-04-26T19:16:59.6460319Z Successfully set up CPython (3.8.16)
2023-04-26T19:16:59.6463203Z ##[endgroup]
2023-04-26T19:16:59.6672140Z ##[group]Run python -m pip install --upgrade pip wheel
2023-04-26T19:16:59.6672593Z [36;1mpython -m pip install --upgrade pip wheel[0m
2023-04-26T19:16:59.6672936Z [36;1mpython -m pip install --upgrade --upgrade-strategy=eager tox[0m
2023-04-26T19:16:59.6742925Z shell: /usr/bin/bash -e {0}
2023-04-26T19:16:59.6743176Z env:
2023-04-26T19:16:59.6743453Z   pythonLocation: /opt/hostedtoolcache/Python/3.8.16/x64
2023-04-26T19:16:59.6743823Z   PKG_CONFIG_PATH: /opt/hostedtoolcache/Python/3.8.16/x64/lib/pkgconfig
2023-04-26T19:16:59.6744183Z   Python_ROOT_DIR: /opt/hostedtoolcache/Python/3.8.16/x64
2023-04-26T19:16:59.6744503Z   Python2_ROOT_DIR: /opt/hostedtoolcache/Python/3.8.16/x64
2023-04-26T19:16:59.6744856Z   Python3_ROOT_DIR: /opt/hostedtoolcache/Python/3.8.16/x64
2023-04-26T19:16:59.6745183Z   LD_LIBRARY_PATH: /opt/hostedtoolcache/Python/3.8.16/x64/lib
2023-04-26T19:16:59.6745462Z ##[endgroup]
2023-04-26T19:17:05.0685349Z Requirement already satisfied: pip in /opt/hostedtoolcache/Python/3.8.16/x64/lib/python3.8/site-packages (22.0.4)
2023-04-26T19:17:05.4223068Z Collecting pip
2023-04-26T19:17:05.5293655Z   Downloading pip-23.1.2-py3-none-any.whl (2.1 MB)
2023-04-26T19:17:05.6367853Z      ━━━━━━━━━━━━━━━━━━━━━━━━━━━━━━━━━━━━━━━━ 2.1/2.1 MB 20.0 MB/s eta 0:00:00
2023-04-26T19:17:05.7119425Z Collecting wheel
2023-04-26T19:17:05.7175784Z   Downloading wheel-0.40.0-py3-none-any.whl (64 kB)
2023-04-26T19:17:05.7253221Z      ━━━━━━━━━━━━━━━━━━━━━━━━━━━━━━━━━━━━━━━━ 64.5/64.5 kB 13.7 MB/s eta 0:00:00
2023-04-26T19:17:05.8132869Z Installing collected packages: wheel, pip
2023-04-26T19:17:05.8755583Z   Attempting uninstall: pip
2023-04-26T19:17:05.8767798Z     Found existing installation: pip 22.0.4
2023-04-26T19:17:05.9773797Z     Uninstalling pip-22.0.4:
2023-04-26T19:17:06.0773084Z       Successfully uninstalled pip-22.0.4
2023-04-26T19:17:07.5410937Z Successfully installed pip-23.1.2 wheel-0.40.0
2023-04-26T19:17:09.7075173Z Collecting tox
2023-04-26T19:17:09.8126874Z   Downloading tox-4.5.1-py3-none-any.whl (148 kB)
2023-04-26T19:17:09.8663384Z      ━━━━━━━━━━━━━━━━━━━━━━━━━━━━━━━━━━━━━━━ 149.0/149.0 kB 2.9 MB/s eta 0:00:00
2023-04-26T19:17:09.9500295Z Collecting cachetools>=5.3 (from tox)
2023-04-26T19:17:09.9563453Z   Downloading cachetools-5.3.0-py3-none-any.whl (9.3 kB)
2023-04-26T19:17:09.9827705Z Collecting chardet>=5.1 (from tox)
2023-04-26T19:17:09.9910274Z   Downloading chardet-5.1.0-py3-none-any.whl (199 kB)
2023-04-26T19:17:10.0037828Z      ━━━━━━━━━━━━━━━━━━━━━━━━━━━━━━━━━━━━━━ 199.1/199.1 kB 22.1 MB/s eta 0:00:00
2023-04-26T19:17:10.0427123Z Collecting colorama>=0.4.6 (from tox)
2023-04-26T19:17:10.0488117Z   Downloading colorama-0.4.6-py2.py3-none-any.whl (25 kB)
2023-04-26T19:17:10.0986836Z Collecting filelock>=3.11 (from tox)
2023-04-26T19:17:10.1105236Z   Downloading filelock-3.12.0-py3-none-any.whl (10 kB)
2023-04-26T19:17:10.1617004Z Collecting packaging>=23.1 (from tox)
2023-04-26T19:17:10.1673462Z   Downloading packaging-23.1-py3-none-any.whl (48 kB)
2023-04-26T19:17:10.1746754Z      ━━━━━━━━━━━━━━━━━━━━━━━━━━━━━━━━━━━━━━━━ 48.9/48.9 kB 11.0 MB/s eta 0:00:00
2023-04-26T19:17:10.2132547Z Collecting platformdirs>=3.2 (from tox)
2023-04-26T19:17:10.2189905Z   Downloading platformdirs-3.4.0-py3-none-any.whl (15 kB)
2023-04-26T19:17:10.2568733Z Collecting pluggy>=1 (from tox)
2023-04-26T19:17:10.2641448Z   Downloading pluggy-1.0.0-py2.py3-none-any.whl (13 kB)
2023-04-26T19:17:10.2965588Z Collecting pyproject-api>=1.5.1 (from tox)
2023-04-26T19:17:10.3034544Z   Downloading pyproject_api-1.5.1-py3-none-any.whl (12 kB)
2023-04-26T19:17:10.3409741Z Collecting tomli>=2.0.1 (from tox)
2023-04-26T19:17:10.3527898Z   Downloading tomli-2.0.1-py3-none-any.whl (12 kB)
2023-04-26T19:17:10.5160897Z Collecting virtualenv>=20.21 (from tox)
2023-04-26T19:17:10.5236192Z   Downloading virtualenv-20.22.0-py3-none-any.whl (3.2 MB)
2023-04-26T19:17:10.5716268Z      ━━━━━━━━━━━━━━━━━━━━━━━━━━━━━━━━━━━━━━━━ 3.2/3.2 MB 72.5 MB/s eta 0:00:00
2023-04-26T19:17:10.7118465Z Collecting distlib<1,>=0.3.6 (from virtualenv>=20.21->tox)
2023-04-26T19:17:10.7187669Z   Downloading distlib-0.3.6-py2.py3-none-any.whl (468 kB)
2023-04-26T19:17:10.7341586Z      ━━━━━━━━━━━━━━━━━━━━━━━━━━━━━━━━━━━━━━ 468.5/468.5 kB 40.8 MB/s eta 0:00:00
2023-04-26T19:17:10.9284689Z Installing collected packages: distlib, tomli, pluggy, platformdirs, packaging, filelock, colorama, chardet, cachetools, virtualenv, pyproject-api, tox
2023-04-26T19:17:11.8021097Z Successfully installed cachetools-5.3.0 chardet-5.1.0 colorama-0.4.6 distlib-0.3.6 filelock-3.12.0 packaging-23.1 platformdirs-3.4.0 pluggy-1.0.0 pyproject-api-1.5.1 tomli-2.0.1 tox-4.5.1 virtualenv-20.22.0
2023-04-26T19:17:12.4599084Z ##[group]Run tox -e lint
2023-04-26T19:17:12.4599461Z [36;1mtox -e lint[0m
2023-04-26T19:17:12.4663770Z shell: /usr/bin/bash -e {0}
2023-04-26T19:17:12.4663989Z env:
2023-04-26T19:17:12.4664268Z   pythonLocation: /opt/hostedtoolcache/Python/3.8.16/x64
2023-04-26T19:17:12.4664634Z   PKG_CONFIG_PATH: /opt/hostedtoolcache/Python/3.8.16/x64/lib/pkgconfig
2023-04-26T19:17:12.4664974Z   Python_ROOT_DIR: /opt/hostedtoolcache/Python/3.8.16/x64
2023-04-26T19:17:12.4665585Z   Python2_ROOT_DIR: /opt/hostedtoolcache/Python/3.8.16/x64
2023-04-26T19:17:12.4665976Z   Python3_ROOT_DIR: /opt/hostedtoolcache/Python/3.8.16/x64
2023-04-26T19:17:12.4666321Z   LD_LIBRARY_PATH: /opt/hostedtoolcache/Python/3.8.16/x64/lib
2023-04-26T19:17:12.4666585Z ##[endgroup]
2023-04-26T19:17:13.5220539Z lint: install_deps> python -I -m pip install flake8-bugbear 'flake8-builtins~=1.4' flake8-unused-arguments 'flake8~=3.7'
2023-04-26T19:17:16.4316020Z lint: freeze> python -m pip freeze --all
2023-04-26T19:17:16.8920376Z lint: attrs==23.1.0,flake8==3.9.2,flake8-bugbear==23.3.12,flake8-builtins==1.5.3,flake8-unused-arguments==0.0.13,mccabe==0.6.1,pip==23.1,pycodestyle==2.7.0,pyflakes==2.3.1,setuptools==67.6.1,wheel==0.40.0
2023-04-26T19:17:16.8928873Z lint: commands[0]> flake8 --config=tox.ini src test
2023-04-26T19:17:18.5145020Z   lint: OK (5.45=setup[3.83]+cmd[1.62] seconds)
2023-04-26T19:17:18.5145652Z   congratulations :) (5.75 seconds)
2023-04-26T19:17:18.5548933Z Post job cleanup.
2023-04-26T19:17:18.7442103Z Post job cleanup.
2023-04-26T19:17:18.8817504Z [command]/usr/bin/git version
2023-04-26T19:17:18.8877354Z git version 2.40.1
2023-04-26T19:17:18.8946686Z Temporarily overriding HOME='/home/runner/work/_temp/e2fe9fb2-195d-4d13-af42-be94caa12e9f' before making global git config changes
2023-04-26T19:17:18.8949502Z Adding repository directory to the temporary git global config as a safe directory
2023-04-26T19:17:18.8958456Z [command]/usr/bin/git config --global --add safe.directory /home/runner/work/tinuous/tinuous
2023-04-26T19:17:18.9009813Z [command]/usr/bin/git config --local --name-only --get-regexp core\.sshCommand
2023-04-26T19:17:18.9056898Z [command]/usr/bin/git submodule foreach --recursive sh -c "git config --local --name-only --get-regexp 'core\.sshCommand' && git config --local --unset-all 'core.sshCommand' || :"
2023-04-26T19:17:18.9342934Z [command]/usr/bin/git config --local --name-only --get-regexp http\.https\:\/\/github\.com\/\.extraheader
2023-04-26T19:17:18.9391267Z http.https://github.com/.extraheader
2023-04-26T19:17:18.9392466Z [command]/usr/bin/git config --local --unset-all http.https://github.com/.extraheader
2023-04-26T19:17:18.9438054Z [command]/usr/bin/git submodule foreach --recursive sh -c "git config --local --name-only --get-regexp 'http\.https\:\/\/github\.com\/\.extraheader' && git config --local --unset-all 'http.https://github.com/.extraheader' || :"
2023-04-26T19:17:18.9997572Z Cleaning up orphan processes
