2021-06-14T12:25:58.5687308Z ##[section]Starting: Request a runner to run this job
2021-06-14T12:25:58.9877444Z Can't find any online and idle self-hosted runner in current repository that matches the required labels: 'ubuntu-latest'
2021-06-14T12:25:58.9877549Z Can't find any online and idle self-hosted runner in current repository's account/organization that matches the required labels: 'ubuntu-latest'
2021-06-14T12:25:58.9877793Z Found online and idle hosted runner in current repository's account/organization that matches the required labels: 'ubuntu-latest'
2021-06-14T12:25:59.1671752Z ##[section]Finishing: Request a runner to run this job
2021-06-14T12:26:06.5289246Z Current runner version: '2.278.0'
2021-06-14T12:26:06.5318606Z ##[group]Operating System
2021-06-14T12:26:06.5319602Z Ubuntu
2021-06-14T12:26:06.5320175Z 20.04.2
2021-06-14T12:26:06.5320651Z LTS
2021-06-14T12:26:06.5321226Z ##[endgroup]
2021-06-14T12:26:06.5321840Z ##[group]Virtual Environment
2021-06-14T12:26:06.5322611Z Environment: ubuntu-20.04
2021-06-14T12:26:06.5323300Z Version: 20210606.1
2021-06-14T12:26:06.5324409Z Included Software: https://github.com/actions/virtual-environments/blob/ubuntu20/20210606.1/images/linux/Ubuntu2004-README.md
2021-06-14T12:26:06.5325975Z Image Release: https://github.com/actions/virtual-environments/releases/tag/ubuntu20%2F20210606.1
2021-06-14T12:26:06.5326957Z ##[endgroup]
2021-06-14T12:26:06.5329199Z ##[group]GITHUB_TOKEN Permissions
2021-06-14T12:26:06.5330552Z Actions: write
2021-06-14T12:26:06.5331118Z Checks: write
2021-06-14T12:26:06.5331747Z Contents: write
2021-06-14T12:26:06.5332340Z Deployments: write
2021-06-14T12:26:06.5333089Z Discussions: write
2021-06-14T12:26:06.5333781Z Issues: write
2021-06-14T12:26:06.5334403Z Metadata: read
2021-06-14T12:26:06.5335023Z Packages: write
2021-06-14T12:26:06.5335634Z PullRequests: write
2021-06-14T12:26:06.5336400Z RepositoryProjects: write
2021-06-14T12:26:06.5337111Z SecurityEvents: write
2021-06-14T12:26:06.5337925Z Statuses: write
2021-06-14T12:26:06.5338532Z ##[endgroup]
2021-06-14T12:26:06.5341615Z Prepare workflow directory
2021-06-14T12:26:06.6007322Z Prepare all required actions
2021-06-14T12:26:06.6018837Z Getting action download info
2021-06-14T12:26:07.0418251Z Download action repository 'actions/checkout@v2'
2021-06-14T12:26:09.0523438Z Download action repository 'actions/setup-python@v2'
2021-06-14T12:26:09.6231452Z Download action repository 'codecov/codecov-action@v1'
2021-06-14T12:26:10.3704178Z ##[group]Run actions/checkout@v2
2021-06-14T12:26:10.3704797Z with:
2021-06-14T12:26:10.3705207Z   fetch-depth: 0
2021-06-14T12:26:10.3705673Z   repository: con/tinuous
2021-06-14T12:26:10.3706659Z   token: ***
2021-06-14T12:26:10.3707074Z   ssh-strict: true
2021-06-14T12:26:10.3707609Z   persist-credentials: true
2021-06-14T12:26:10.3708106Z   clean: true
2021-06-14T12:26:10.3708489Z   lfs: false
2021-06-14T12:26:10.3708992Z   submodules: false
2021-06-14T12:26:10.3709355Z ##[endgroup]
2021-06-14T12:26:11.0659367Z Syncing repository: con/tinuous
2021-06-14T12:26:11.0660391Z ##[group]Getting Git version info
2021-06-14T12:26:11.0661633Z Working directory is '/home/runner/work/tinuous/tinuous'
2021-06-14T12:26:11.0722475Z [command]/usr/bin/git version
2021-06-14T12:26:11.0723142Z git version 2.31.1
2021-06-14T12:26:11.0724477Z ##[endgroup]
2021-06-14T12:26:11.0725399Z Deleting the contents of '/home/runner/work/tinuous/tinuous'
2021-06-14T12:26:11.0726937Z ##[group]Initializing the repository
2021-06-14T12:26:11.0727754Z [command]/usr/bin/git init /home/runner/work/tinuous/tinuous
2021-06-14T12:26:11.0728875Z hint: Using 'master' as the name for the initial branch. This default branch name
2021-06-14T12:26:11.0730070Z hint: is subject to change. To configure the initial branch name to use in all
2021-06-14T12:26:11.0731142Z hint: of your new repositories, which will suppress this warning, call:
2021-06-14T12:26:11.0732006Z hint: 
2021-06-14T12:26:11.0732934Z hint: 	git config --global init.defaultBranch <name>
2021-06-14T12:26:11.0733656Z hint: 
2021-06-14T12:26:11.0734586Z hint: Names commonly chosen instead of 'master' are 'main', 'trunk' and
2021-06-14T12:26:11.0735856Z hint: 'development'. The just-created branch can be renamed via this command:
2021-06-14T12:26:11.0736645Z hint: 
2021-06-14T12:26:11.0737360Z hint: 	git branch -m <name>
2021-06-14T12:26:11.0738248Z Initialized empty Git repository in /home/runner/work/tinuous/tinuous/.git/
2021-06-14T12:26:11.0739347Z [command]/usr/bin/git remote add origin https://github.com/con/tinuous
2021-06-14T12:26:11.0740201Z ##[endgroup]
2021-06-14T12:26:11.0740917Z ##[group]Disabling automatic garbage collection
2021-06-14T12:26:11.0741942Z [command]/usr/bin/git config --local gc.auto 0
2021-06-14T12:26:11.0742939Z ##[endgroup]
2021-06-14T12:26:11.0744833Z ##[group]Setting up auth
2021-06-14T12:26:11.0745965Z [command]/usr/bin/git config --local --name-only --get-regexp core\.sshCommand
2021-06-14T12:26:11.0747767Z [command]/usr/bin/git submodule foreach --recursive git config --local --name-only --get-regexp 'core\.sshCommand' && git config --local --unset-all 'core.sshCommand' || :
2021-06-14T12:26:11.0749660Z [command]/usr/bin/git config --local --name-only --get-regexp http\.https\:\/\/github\.com\/\.extraheader
2021-06-14T12:26:11.0751770Z [command]/usr/bin/git submodule foreach --recursive git config --local --name-only --get-regexp 'http\.https\:\/\/github\.com\/\.extraheader' && git config --local --unset-all 'http.https://github.com/.extraheader' || :
2021-06-14T12:26:11.0753736Z [command]/usr/bin/git config --local http.https://github.com/.extraheader AUTHORIZATION: basic ***
2021-06-14T12:26:11.0755349Z ##[endgroup]
2021-06-14T12:26:11.0755983Z ##[group]Fetching the repository
2021-06-14T12:26:11.0758103Z [command]/usr/bin/git -c protocol.version=2 fetch --prune --progress --no-recurse-submodules origin +refs/heads/*:refs/remotes/origin/* +refs/tags/*:refs/tags/*
2021-06-14T12:26:11.1918944Z remote: Enumerating objects: 689, done.        
2021-06-14T12:26:11.1922079Z remote: Counting objects:   0% (1/343)        
2021-06-14T12:26:11.1923537Z remote: Counting objects:   1% (4/343)        
2021-06-14T12:26:11.1925052Z remote: Counting objects:   2% (7/343)        
2021-06-14T12:26:11.1926374Z remote: Counting objects:   3% (11/343)        
2021-06-14T12:26:11.1927701Z remote: Counting objects:   4% (14/343)        
2021-06-14T12:26:11.1929004Z remote: Counting objects:   5% (18/343)        
2021-06-14T12:26:11.1930637Z remote: Counting objects:   6% (21/343)        
2021-06-14T12:26:11.1932019Z remote: Counting objects:   7% (25/343)        
2021-06-14T12:26:11.1933318Z remote: Counting objects:   8% (28/343)        
2021-06-14T12:26:11.1934586Z remote: Counting objects:   9% (31/343)        
2021-06-14T12:26:11.1935898Z remote: Counting objects:  10% (35/343)        
2021-06-14T12:26:11.1937171Z remote: Counting objects:  11% (38/343)        
2021-06-14T12:26:11.1938493Z remote: Counting objects:  12% (42/343)        
2021-06-14T12:26:11.1939788Z remote: Counting objects:  13% (45/343)        
2021-06-14T12:26:11.1941059Z remote: Counting objects:  14% (49/343)        
2021-06-14T12:26:11.1942342Z remote: Counting objects:  15% (52/343)        
2021-06-14T12:26:11.1944747Z remote: Counting objects:  16% (55/343)        
2021-06-14T12:26:11.1945828Z remote: Counting objects:  17% (59/343)        
2021-06-14T12:26:11.1946881Z remote: Counting objects:  18% (62/343)        
2021-06-14T12:26:11.1947955Z remote: Counting objects:  19% (66/343)        
2021-06-14T12:26:11.1949008Z remote: Counting objects:  20% (69/343)        
2021-06-14T12:26:11.1950043Z remote: Counting objects:  21% (73/343)        
2021-06-14T12:26:11.1951090Z remote: Counting objects:  22% (76/343)        
2021-06-14T12:26:11.1952135Z remote: Counting objects:  23% (79/343)        
2021-06-14T12:26:11.1953181Z remote: Counting objects:  24% (83/343)        
2021-06-14T12:26:11.1955223Z remote: Counting objects:  25% (86/343)        
2021-06-14T12:26:11.1956309Z remote: Counting objects:  26% (90/343)        
2021-06-14T12:26:11.1957351Z remote: Counting objects:  27% (93/343)        
2021-06-14T12:26:11.1959738Z remote: Counting objects:  28% (97/343)        
2021-06-14T12:26:11.1960822Z remote: Counting objects:  29% (100/343)        
2021-06-14T12:26:11.1961869Z remote: Counting objects:  30% (103/343)        
2021-06-14T12:26:11.1962929Z remote: Counting objects:  31% (107/343)        
2021-06-14T12:26:11.1963977Z remote: Counting objects:  32% (110/343)        
2021-06-14T12:26:11.1966455Z remote: Counting objects:  33% (114/343)        
2021-06-14T12:26:11.1967503Z remote: Counting objects:  34% (117/343)        
2021-06-14T12:26:11.1968677Z remote: Counting objects:  35% (121/343)        
2021-06-14T12:26:11.1969979Z remote: Counting objects:  36% (124/343)        
2021-06-14T12:26:11.1971020Z remote: Counting objects:  37% (127/343)        
2021-06-14T12:26:11.1972077Z remote: Counting objects:  38% (131/343)        
2021-06-14T12:26:11.1973123Z remote: Counting objects:  39% (134/343)        
2021-06-14T12:26:11.1974174Z remote: Counting objects:  40% (138/343)        
2021-06-14T12:26:11.1975212Z remote: Counting objects:  41% (141/343)        
2021-06-14T12:26:11.1976274Z remote: Counting objects:  42% (145/343)        
2021-06-14T12:26:11.1977320Z remote: Counting objects:  43% (148/343)        
2021-06-14T12:26:11.1978378Z remote: Counting objects:  44% (151/343)        
2021-06-14T12:26:11.1979427Z remote: Counting objects:  45% (155/343)        
2021-06-14T12:26:11.1980473Z remote: Counting objects:  46% (158/343)        
2021-06-14T12:26:11.1981995Z remote: Counting objects:  47% (162/343)        
2021-06-14T12:26:11.1983336Z remote: Counting objects:  48% (165/343)        
2021-06-14T12:26:11.1984575Z remote: Counting objects:  49% (169/343)        
2021-06-14T12:26:11.1985688Z remote: Counting objects:  50% (172/343)        
2021-06-14T12:26:11.1988425Z remote: Counting objects:  51% (175/343)        
2021-06-14T12:26:11.1989504Z remote: Counting objects:  52% (179/343)        
2021-06-14T12:26:11.1990566Z remote: Counting objects:  53% (182/343)        
2021-06-14T12:26:11.1992163Z remote: Counting objects:  54% (186/343)        
2021-06-14T12:26:11.1993296Z remote: Counting objects:  55% (189/343)        
2021-06-14T12:26:11.1994510Z remote: Counting objects:  56% (193/343)        
2021-06-14T12:26:11.1995558Z remote: Counting objects:  57% (196/343)        
2021-06-14T12:26:11.1996582Z remote: Counting objects:  58% (199/343)        
2021-06-14T12:26:11.1997818Z remote: Counting objects:  59% (203/343)        
2021-06-14T12:26:11.1998856Z remote: Counting objects:  60% (206/343)        
2021-06-14T12:26:11.1999908Z remote: Counting objects:  61% (210/343)        
2021-06-14T12:26:11.2001080Z remote: Counting objects:  62% (213/343)        
2021-06-14T12:26:11.2002124Z remote: Counting objects:  63% (217/343)        
2021-06-14T12:26:11.2003178Z remote: Counting objects:  64% (220/343)        
2021-06-14T12:26:11.2004213Z remote: Counting objects:  65% (223/343)        
2021-06-14T12:26:11.2005274Z remote: Counting objects:  66% (227/343)        
2021-06-14T12:26:11.2006336Z remote: Counting objects:  67% (230/343)        
2021-06-14T12:26:11.2007377Z remote: Counting objects:  68% (234/343)        
2021-06-14T12:26:11.2008507Z remote: Counting objects:  69% (237/343)        
2021-06-14T12:26:11.2009599Z remote: Counting objects:  70% (241/343)        
2021-06-14T12:26:11.2010649Z remote: Counting objects:  71% (244/343)        
2021-06-14T12:26:11.2011697Z remote: Counting objects:  72% (247/343)        
2021-06-14T12:26:11.2012822Z remote: Counting objects:  73% (251/343)        
2021-06-14T12:26:11.2013866Z remote: Counting objects:  74% (254/343)        
2021-06-14T12:26:11.2014919Z remote: Counting objects:  75% (258/343)        
2021-06-14T12:26:11.2016035Z remote: Counting objects:  76% (261/343)        
2021-06-14T12:26:11.2017100Z remote: Counting objects:  77% (265/343)        
2021-06-14T12:26:11.2018148Z remote: Counting objects:  78% (268/343)        
2021-06-14T12:26:11.2019188Z remote: Counting objects:  79% (271/343)        
2021-06-14T12:26:11.2020250Z remote: Counting objects:  80% (275/343)        
2021-06-14T12:26:11.2021107Z remote: Counting objects:  81% (278/343)        
2021-06-14T12:26:11.2021707Z remote: Counting objects:  82% (282/343)        
2021-06-14T12:26:11.2022291Z remote: Counting objects:  83% (285/343)        
2021-06-14T12:26:11.2022930Z remote: Counting objects:  84% (289/343)        
2021-06-14T12:26:11.2023520Z remote: Counting objects:  85% (292/343)        
2021-06-14T12:26:11.2024124Z remote: Counting objects:  86% (295/343)        
2021-06-14T12:26:11.2024764Z remote: Counting objects:  87% (299/343)        
2021-06-14T12:26:11.2025356Z remote: Counting objects:  88% (302/343)        
2021-06-14T12:26:11.2026060Z remote: Counting objects:  89% (306/343)        
2021-06-14T12:26:11.2026723Z remote: Counting objects:  90% (309/343)        
2021-06-14T12:26:11.2027325Z remote: Counting objects:  91% (313/343)        
2021-06-14T12:26:11.2027914Z remote: Counting objects:  92% (316/343)        
2021-06-14T12:26:11.2028556Z remote: Counting objects:  93% (319/343)        
2021-06-14T12:26:11.2029141Z remote: Counting objects:  94% (323/343)        
2021-06-14T12:26:11.2029779Z remote: Counting objects:  95% (326/343)        
2021-06-14T12:26:11.2030422Z remote: Counting objects:  96% (330/343)        
2021-06-14T12:26:11.2031014Z remote: Counting objects:  97% (333/343)        
2021-06-14T12:26:11.2031621Z remote: Counting objects:  98% (337/343)        
2021-06-14T12:26:11.2032247Z remote: Counting objects:  99% (340/343)        
2021-06-14T12:26:11.2032843Z remote: Counting objects: 100% (343/343)        
2021-06-14T12:26:11.2033462Z remote: Counting objects: 100% (343/343), done.        
2021-06-14T12:26:11.2034289Z remote: Compressing objects:   0% (1/180)        
2021-06-14T12:26:11.2034980Z remote: Compressing objects:   1% (2/180)        
2021-06-14T12:26:11.2035644Z remote: Compressing objects:   2% (4/180)        
2021-06-14T12:26:11.2036303Z remote: Compressing objects:   3% (6/180)        
2021-06-14T12:26:11.2037030Z remote: Compressing objects:   4% (8/180)        
2021-06-14T12:26:11.2037638Z remote: Compressing objects:   5% (9/180)        
2021-06-14T12:26:11.2038238Z remote: Compressing objects:   6% (11/180)        
2021-06-14T12:26:11.2038924Z remote: Compressing objects:   7% (13/180)        
2021-06-14T12:26:11.2039563Z remote: Compressing objects:   8% (15/180)        
2021-06-14T12:26:11.2040287Z remote: Compressing objects:   9% (17/180)        
2021-06-14T12:26:11.2040898Z remote: Compressing objects:  10% (18/180)        
2021-06-14T12:26:11.2041516Z remote: Compressing objects:  11% (20/180)        
2021-06-14T12:26:11.2042207Z remote: Compressing objects:  12% (22/180)        
2021-06-14T12:26:11.2042809Z remote: Compressing objects:  13% (24/180)        
2021-06-14T12:26:11.2045094Z remote: Compressing objects:  14% (26/180)        
2021-06-14T12:26:11.2045828Z remote: Compressing objects:  15% (27/180)        
2021-06-14T12:26:11.2046566Z remote: Compressing objects:  16% (29/180)        
2021-06-14T12:26:11.2047282Z remote: Compressing objects:  17% (31/180)        
2021-06-14T12:26:11.2048355Z remote: Compressing objects:  18% (33/180)        
2021-06-14T12:26:11.2086015Z remote: Compressing objects:  19% (35/180)        
2021-06-14T12:26:11.2119025Z remote: Compressing objects:  20% (36/180)        
2021-06-14T12:26:11.2120050Z remote: Compressing objects:  21% (38/180)        
2021-06-14T12:26:11.2120901Z remote: Compressing objects:  22% (40/180)        
2021-06-14T12:26:11.2121832Z remote: Compressing objects:  23% (42/180)        
2021-06-14T12:26:11.2122628Z remote: Compressing objects:  24% (44/180)        
2021-06-14T12:26:11.2123433Z remote: Compressing objects:  25% (45/180)        
2021-06-14T12:26:11.2124251Z remote: Compressing objects:  26% (47/180)        
2021-06-14T12:26:11.2125039Z remote: Compressing objects:  27% (49/180)        
2021-06-14T12:26:11.2125837Z remote: Compressing objects:  28% (51/180)        
2021-06-14T12:26:11.2126618Z remote: Compressing objects:  29% (53/180)        
2021-06-14T12:26:11.2127406Z remote: Compressing objects:  30% (54/180)        
2021-06-14T12:26:11.2128208Z remote: Compressing objects:  31% (56/180)        
2021-06-14T12:26:11.2128990Z remote: Compressing objects:  32% (58/180)        
2021-06-14T12:26:11.2129785Z remote: Compressing objects:  33% (60/180)        
2021-06-14T12:26:11.2130566Z remote: Compressing objects:  34% (62/180)        
2021-06-14T12:26:11.2131364Z remote: Compressing objects:  35% (63/180)        
2021-06-14T12:26:11.2132222Z remote: Compressing objects:  36% (65/180)        
2021-06-14T12:26:11.2133037Z remote: Compressing objects:  37% (67/180)        
2021-06-14T12:26:11.2134072Z remote: Compressing objects:  38% (69/180)        
2021-06-14T12:26:11.2134871Z remote: Compressing objects:  39% (71/180)        
2021-06-14T12:26:11.2135712Z remote: Compressing objects:  40% (72/180)        
2021-06-14T12:26:11.2136491Z remote: Compressing objects:  41% (74/180)        
2021-06-14T12:26:11.2137547Z remote: Compressing objects:  42% (76/180)        
2021-06-14T12:26:11.2138351Z remote: Compressing objects:  43% (78/180)        
2021-06-14T12:26:11.2139150Z remote: Compressing objects:  44% (80/180)        
2021-06-14T12:26:11.2139928Z remote: Compressing objects:  45% (81/180)        
2021-06-14T12:26:11.2140805Z remote: Compressing objects:  46% (83/180)        
2021-06-14T12:26:11.2141595Z remote: Compressing objects:  47% (85/180)        
2021-06-14T12:26:11.2142423Z remote: Compressing objects:  48% (87/180)        
2021-06-14T12:26:11.2143218Z remote: Compressing objects:  49% (89/180)        
2021-06-14T12:26:11.2143990Z remote: Compressing objects:  50% (90/180)        
2021-06-14T12:26:11.2144798Z remote: Compressing objects:  51% (92/180)        
2021-06-14T12:26:11.2145580Z remote: Compressing objects:  52% (94/180)        
2021-06-14T12:26:11.2146519Z remote: Compressing objects:  53% (96/180)        
2021-06-14T12:26:11.2147315Z remote: Compressing objects:  54% (98/180)        
2021-06-14T12:26:11.2148099Z remote: Compressing objects:  55% (99/180)        
2021-06-14T12:26:11.2148890Z remote: Compressing objects:  56% (101/180)        
2021-06-14T12:26:11.2149675Z remote: Compressing objects:  57% (103/180)        
2021-06-14T12:26:11.2150484Z remote: Compressing objects:  58% (105/180)        
2021-06-14T12:26:11.2151373Z remote: Compressing objects:  59% (107/180)        
2021-06-14T12:26:11.2152628Z remote: Compressing objects:  60% (108/180)        
2021-06-14T12:26:11.2153432Z remote: Compressing objects:  61% (110/180)        
2021-06-14T12:26:11.2155306Z remote: Compressing objects:  62% (112/180)        
2021-06-14T12:26:11.2156253Z remote: Compressing objects:  63% (114/180)        
2021-06-14T12:26:11.2162579Z remote: Compressing objects:  64% (116/180)        
2021-06-14T12:26:11.2163263Z remote: Compressing objects:  65% (117/180)        
2021-06-14T12:26:11.2163922Z remote: Compressing objects:  66% (119/180)        
2021-06-14T12:26:11.2164565Z remote: Compressing objects:  67% (121/180)        
2021-06-14T12:26:11.2165635Z remote: Compressing objects:  68% (123/180)        
2021-06-14T12:26:11.2166280Z remote: Compressing objects:  69% (125/180)        
2021-06-14T12:26:11.2166935Z remote: Compressing objects:  70% (126/180)        
2021-06-14T12:26:11.2167574Z remote: Compressing objects:  71% (128/180)        
2021-06-14T12:26:11.2168228Z remote: Compressing objects:  72% (130/180)        
2021-06-14T12:26:11.2168894Z remote: Compressing objects:  73% (132/180)        
2021-06-14T12:26:11.2169537Z remote: Compressing objects:  74% (134/180)        
2021-06-14T12:26:11.2170235Z remote: Compressing objects:  75% (135/180)        
2021-06-14T12:26:11.2170875Z remote: Compressing objects:  76% (137/180)        
2021-06-14T12:26:11.2171532Z remote: Compressing objects:  77% (139/180)        
2021-06-14T12:26:11.2172175Z remote: Compressing objects:  78% (141/180)        
2021-06-14T12:26:11.2172827Z remote: Compressing objects:  79% (143/180)        
2021-06-14T12:26:11.2173465Z remote: Compressing objects:  80% (144/180)        
2021-06-14T12:26:11.2174119Z remote: Compressing objects:  81% (146/180)        
2021-06-14T12:26:11.2174775Z remote: Compressing objects:  82% (148/180)        
2021-06-14T12:26:11.2175416Z remote: Compressing objects:  83% (150/180)        
2021-06-14T12:26:11.2176068Z remote: Compressing objects:  84% (152/180)        
2021-06-14T12:26:11.2176706Z remote: Compressing objects:  85% (153/180)        
2021-06-14T12:26:11.2177363Z remote: Compressing objects:  86% (155/180)        
2021-06-14T12:26:11.2178005Z remote: Compressing objects:  87% (157/180)        
2021-06-14T12:26:11.2178680Z remote: Compressing objects:  88% (159/180)        
2021-06-14T12:26:11.2179475Z remote: Compressing objects:  89% (161/180)        
2021-06-14T12:26:11.2180235Z remote: Compressing objects:  90% (162/180)        
2021-06-14T12:26:11.2180827Z remote: Compressing objects:  91% (164/180)        
2021-06-14T12:26:11.2181436Z remote: Compressing objects:  92% (166/180)        
2021-06-14T12:26:11.2182216Z remote: Compressing objects:  93% (168/180)        
2021-06-14T12:26:11.2182918Z remote: Compressing objects:  94% (170/180)        
2021-06-14T12:26:11.2183556Z remote: Compressing objects:  95% (171/180)        
2021-06-14T12:26:11.2184211Z remote: Compressing objects:  96% (173/180)        
2021-06-14T12:26:11.2184894Z remote: Compressing objects:  97% (175/180)        
2021-06-14T12:26:11.2185554Z remote: Compressing objects:  98% (177/180)        
2021-06-14T12:26:11.2186210Z remote: Compressing objects:  99% (179/180)        
2021-06-14T12:26:11.2186847Z remote: Compressing objects: 100% (180/180)        
2021-06-14T12:26:11.2187532Z remote: Compressing objects: 100% (180/180), done.        
2021-06-14T12:26:11.2188152Z Receiving objects:   0% (1/689)
2021-06-14T12:26:11.2188700Z Receiving objects:   1% (7/689)
2021-06-14T12:26:11.2189230Z Receiving objects:   2% (14/689)
2021-06-14T12:26:11.2189772Z Receiving objects:   3% (21/689)
2021-06-14T12:26:11.2191366Z Receiving objects:   4% (28/689)
2021-06-14T12:26:11.2191961Z Receiving objects:   5% (35/689)
2021-06-14T12:26:11.2192492Z Receiving objects:   6% (42/689)
2021-06-14T12:26:11.2219147Z Receiving objects:   7% (49/689)
2021-06-14T12:26:11.2219816Z Receiving objects:   8% (56/689)
2021-06-14T12:26:11.2225911Z Receiving objects:   9% (63/689)
2021-06-14T12:26:11.2227408Z Receiving objects:  10% (69/689)
2021-06-14T12:26:11.2227955Z Receiving objects:  11% (76/689)
2021-06-14T12:26:11.2228618Z Receiving objects:  12% (83/689)
2021-06-14T12:26:11.2230134Z Receiving objects:  13% (90/689)
2021-06-14T12:26:11.2230658Z Receiving objects:  14% (97/689)
2021-06-14T12:26:11.2231196Z Receiving objects:  15% (104/689)
2021-06-14T12:26:11.2231735Z Receiving objects:  16% (111/689)
2021-06-14T12:26:11.2232273Z Receiving objects:  17% (118/689)
2021-06-14T12:26:11.2232795Z Receiving objects:  18% (125/689)
2021-06-14T12:26:11.2233336Z Receiving objects:  19% (131/689)
2021-06-14T12:26:11.2233878Z Receiving objects:  20% (138/689)
2021-06-14T12:26:11.2235624Z Receiving objects:  21% (145/689)
2021-06-14T12:26:11.2238048Z Receiving objects:  22% (152/689)
2021-06-14T12:26:11.2238548Z Receiving objects:  23% (159/689)
2021-06-14T12:26:11.2241660Z Receiving objects:  24% (166/689)
2021-06-14T12:26:11.2242161Z Receiving objects:  25% (173/689)
2021-06-14T12:26:11.2243547Z Receiving objects:  26% (180/689)
2021-06-14T12:26:11.2244038Z Receiving objects:  27% (187/689)
2021-06-14T12:26:11.2245472Z Receiving objects:  28% (193/689)
2021-06-14T12:26:11.2247899Z Receiving objects:  29% (200/689)
2021-06-14T12:26:11.2254316Z Receiving objects:  30% (207/689)
2021-06-14T12:26:11.2254822Z Receiving objects:  31% (214/689)
2021-06-14T12:26:11.2255575Z Receiving objects:  32% (221/689)
2021-06-14T12:26:11.2256074Z Receiving objects:  33% (228/689)
2021-06-14T12:26:11.2256596Z Receiving objects:  34% (235/689)
2021-06-14T12:26:11.2257095Z Receiving objects:  35% (242/689)
2021-06-14T12:26:11.2257579Z Receiving objects:  36% (249/689)
2021-06-14T12:26:11.2258079Z Receiving objects:  37% (255/689)
2021-06-14T12:26:11.2258564Z Receiving objects:  38% (262/689)
2021-06-14T12:26:11.2259178Z Receiving objects:  39% (269/689)
2021-06-14T12:26:11.2259679Z Receiving objects:  40% (276/689)
2021-06-14T12:26:11.2260169Z Receiving objects:  41% (283/689)
2021-06-14T12:26:11.2260664Z Receiving objects:  42% (290/689)
2021-06-14T12:26:11.2261152Z Receiving objects:  43% (297/689)
2021-06-14T12:26:11.2261654Z Receiving objects:  44% (304/689)
2021-06-14T12:26:11.2262143Z Receiving objects:  45% (311/689)
2021-06-14T12:26:11.2262639Z Receiving objects:  46% (317/689)
2021-06-14T12:26:11.2263127Z Receiving objects:  47% (324/689)
2021-06-14T12:26:11.2263625Z Receiving objects:  48% (331/689)
2021-06-14T12:26:11.2264236Z Receiving objects:  49% (338/689)
2021-06-14T12:26:11.2264735Z Receiving objects:  50% (345/689)
2021-06-14T12:26:11.2265222Z Receiving objects:  51% (352/689)
2021-06-14T12:26:11.2265723Z Receiving objects:  52% (359/689)
2021-06-14T12:26:11.2266221Z Receiving objects:  53% (366/689)
2021-06-14T12:26:11.2266895Z Receiving objects:  54% (373/689)
2021-06-14T12:26:11.2267546Z Receiving objects:  55% (379/689)
2021-06-14T12:26:11.2269366Z Receiving objects:  56% (386/689)
2021-06-14T12:26:11.2274735Z Receiving objects:  57% (393/689)
2021-06-14T12:26:11.2275242Z Receiving objects:  58% (400/689)
2021-06-14T12:26:11.2275745Z Receiving objects:  59% (407/689)
2021-06-14T12:26:11.2276237Z Receiving objects:  60% (414/689)
2021-06-14T12:26:11.2276740Z Receiving objects:  61% (421/689)
2021-06-14T12:26:11.2277223Z Receiving objects:  62% (428/689)
2021-06-14T12:26:11.2277726Z Receiving objects:  63% (435/689)
2021-06-14T12:26:11.2278224Z Receiving objects:  64% (441/689)
2021-06-14T12:26:11.2278712Z Receiving objects:  65% (448/689)
2021-06-14T12:26:11.2279209Z Receiving objects:  66% (455/689)
2021-06-14T12:26:11.2279693Z Receiving objects:  67% (462/689)
2021-06-14T12:26:11.2280192Z Receiving objects:  68% (469/689)
2021-06-14T12:26:11.2280709Z Receiving objects:  69% (476/689)
2021-06-14T12:26:11.2281205Z Receiving objects:  70% (483/689)
2021-06-14T12:26:11.2281689Z Receiving objects:  71% (490/689)
2021-06-14T12:26:11.2282187Z Receiving objects:  72% (497/689)
2021-06-14T12:26:11.2282670Z Receiving objects:  73% (503/689)
2021-06-14T12:26:11.2288180Z Receiving objects:  74% (510/689)
2021-06-14T12:26:11.2291136Z Receiving objects:  75% (517/689)
2021-06-14T12:26:11.2293778Z Receiving objects:  76% (524/689)
2021-06-14T12:26:11.2296906Z Receiving objects:  77% (531/689)
2021-06-14T12:26:11.2299263Z Receiving objects:  78% (538/689)
2021-06-14T12:26:11.2302201Z Receiving objects:  79% (545/689)
2021-06-14T12:26:11.2302773Z Receiving objects:  80% (552/689)
2021-06-14T12:26:11.2305478Z Receiving objects:  81% (559/689)
2021-06-14T12:26:11.2305984Z Receiving objects:  82% (565/689)
2021-06-14T12:26:11.2312318Z Receiving objects:  83% (572/689)
2021-06-14T12:26:11.2312878Z Receiving objects:  84% (579/689)
2021-06-14T12:26:11.2313424Z Receiving objects:  85% (586/689)
2021-06-14T12:26:11.2313949Z Receiving objects:  86% (593/689)
2021-06-14T12:26:11.2314654Z Receiving objects:  87% (600/689)
2021-06-14T12:26:11.2315179Z Receiving objects:  88% (607/689)
2021-06-14T12:26:11.2325845Z Receiving objects:  89% (614/689)
2021-06-14T12:26:11.2326431Z Receiving objects:  90% (621/689)
2021-06-14T12:26:11.2326967Z Receiving objects:  91% (627/689)
2021-06-14T12:26:11.2327509Z Receiving objects:  92% (634/689)
2021-06-14T12:26:11.2328048Z Receiving objects:  93% (641/689)
2021-06-14T12:26:11.2328587Z Receiving objects:  94% (648/689)
2021-06-14T12:26:11.2342693Z Receiving objects:  95% (655/689)
2021-06-14T12:26:11.2344320Z remote: Total 689 (delta 180), reused 209 (delta 140), pack-reused 346        
2021-06-14T12:26:11.2348195Z Receiving objects:  96% (662/689)
2021-06-14T12:26:11.2351732Z Receiving objects:  97% (669/689)
2021-06-14T12:26:11.2353655Z Receiving objects:  98% (676/689)
2021-06-14T12:26:11.2354313Z Receiving objects:  99% (683/689)
2021-06-14T12:26:11.2354823Z Receiving objects: 100% (689/689)
2021-06-14T12:26:11.2355385Z Receiving objects: 100% (689/689), 196.69 KiB | 9.37 MiB/s, done.
2021-06-14T12:26:11.2359601Z Resolving deltas:   0% (0/360)
2021-06-14T12:26:11.2360355Z Resolving deltas:   1% (4/360)
2021-06-14T12:26:11.2361002Z Resolving deltas:   2% (8/360)
2021-06-14T12:26:11.2361628Z Resolving deltas:   3% (11/360)
2021-06-14T12:26:11.2363379Z Resolving deltas:   4% (15/360)
2021-06-14T12:26:11.2364206Z Resolving deltas:   5% (18/360)
2021-06-14T12:26:11.2369030Z Resolving deltas:   6% (22/360)
2021-06-14T12:26:11.2369426Z Resolving deltas:   7% (27/360)
2021-06-14T12:26:11.2369788Z Resolving deltas:   8% (29/360)
2021-06-14T12:26:11.2370155Z Resolving deltas:   9% (33/360)
2021-06-14T12:26:11.2370632Z Resolving deltas:  10% (36/360)
2021-06-14T12:26:11.2371501Z Resolving deltas:  11% (40/360)
2021-06-14T12:26:11.2371873Z Resolving deltas:  12% (44/360)
2021-06-14T12:26:11.2372273Z Resolving deltas:  13% (47/360)
2021-06-14T12:26:11.2375383Z Resolving deltas:  14% (51/360)
2021-06-14T12:26:11.2380154Z Resolving deltas:  15% (54/360)
2021-06-14T12:26:11.2381899Z Resolving deltas:  16% (58/360)
2021-06-14T12:26:11.2385956Z Resolving deltas:  17% (62/360)
2021-06-14T12:26:11.2387502Z Resolving deltas:  18% (65/360)
2021-06-14T12:26:11.2390053Z Resolving deltas:  19% (69/360)
2021-06-14T12:26:11.2390811Z Resolving deltas:  20% (72/360)
2021-06-14T12:26:11.2394360Z Resolving deltas:  21% (76/360)
2021-06-14T12:26:11.2395286Z Resolving deltas:  22% (80/360)
2021-06-14T12:26:11.2396392Z Resolving deltas:  23% (83/360)
2021-06-14T12:26:11.2402539Z Resolving deltas:  24% (87/360)
2021-06-14T12:26:11.2405472Z Resolving deltas:  25% (90/360)
2021-06-14T12:26:11.2411276Z Resolving deltas:  26% (94/360)
2021-06-14T12:26:11.2413254Z Resolving deltas:  27% (98/360)
2021-06-14T12:26:11.2420595Z Resolving deltas:  28% (101/360)
2021-06-14T12:26:11.2425162Z Resolving deltas:  29% (105/360)
2021-06-14T12:26:11.2429934Z Resolving deltas:  30% (108/360)
2021-06-14T12:26:11.2434657Z Resolving deltas:  31% (112/360)
2021-06-14T12:26:11.2437721Z Resolving deltas:  32% (116/360)
2021-06-14T12:26:11.2443509Z Resolving deltas:  33% (119/360)
2021-06-14T12:26:11.2444949Z Resolving deltas:  34% (123/360)
2021-06-14T12:26:11.2447227Z Resolving deltas:  35% (126/360)
2021-06-14T12:26:11.2448590Z Resolving deltas:  36% (130/360)
2021-06-14T12:26:11.2451777Z Resolving deltas:  37% (134/360)
2021-06-14T12:26:11.2453328Z Resolving deltas:  38% (137/360)
2021-06-14T12:26:11.2457318Z Resolving deltas:  39% (141/360)
2021-06-14T12:26:11.2458016Z Resolving deltas:  40% (144/360)
2021-06-14T12:26:11.2460551Z Resolving deltas:  41% (148/360)
2021-06-14T12:26:11.2461534Z Resolving deltas:  42% (152/360)
2021-06-14T12:26:11.2462450Z Resolving deltas:  43% (155/360)
2021-06-14T12:26:11.2463378Z Resolving deltas:  44% (159/360)
2021-06-14T12:26:11.2464258Z Resolving deltas:  45% (162/360)
2021-06-14T12:26:11.2470790Z Resolving deltas:  46% (166/360)
2021-06-14T12:26:11.2471321Z Resolving deltas:  47% (170/360)
2021-06-14T12:26:11.2471910Z Resolving deltas:  48% (173/360)
2021-06-14T12:26:11.2474637Z Resolving deltas:  49% (177/360)
2021-06-14T12:26:11.2477471Z Resolving deltas:  50% (180/360)
2021-06-14T12:26:11.2479459Z Resolving deltas:  51% (184/360)
2021-06-14T12:26:11.2479998Z Resolving deltas:  52% (188/360)
2021-06-14T12:26:11.2480780Z Resolving deltas:  53% (191/360)
2021-06-14T12:26:11.2483501Z Resolving deltas:  54% (195/360)
2021-06-14T12:26:11.2484676Z Resolving deltas:  55% (198/360)
2021-06-14T12:26:11.2486902Z Resolving deltas:  56% (202/360)
2021-06-14T12:26:11.2488213Z Resolving deltas:  57% (206/360)
2021-06-14T12:26:11.2488712Z Resolving deltas:  58% (209/360)
2021-06-14T12:26:11.2489183Z Resolving deltas:  59% (213/360)
2021-06-14T12:26:11.2489684Z Resolving deltas:  60% (216/360)
2021-06-14T12:26:11.2491778Z Resolving deltas:  61% (220/360)
2021-06-14T12:26:11.2493905Z Resolving deltas:  62% (224/360)
2021-06-14T12:26:11.2495846Z Resolving deltas:  63% (227/360)
2021-06-14T12:26:11.2496344Z Resolving deltas:  64% (231/360)
2021-06-14T12:26:11.2496828Z Resolving deltas:  65% (234/360)
2021-06-14T12:26:11.2497302Z Resolving deltas:  66% (238/360)
2021-06-14T12:26:11.2497869Z Resolving deltas:  67% (242/360)
2021-06-14T12:26:11.2499998Z Resolving deltas:  68% (245/360)
2021-06-14T12:26:11.2501873Z Resolving deltas:  69% (249/360)
2021-06-14T12:26:11.2502920Z Resolving deltas:  70% (252/360)
2021-06-14T12:26:11.2503341Z Resolving deltas:  71% (256/360)
2021-06-14T12:26:11.2503882Z Resolving deltas:  72% (260/360)
2021-06-14T12:26:11.2504307Z Resolving deltas:  73% (263/360)
2021-06-14T12:26:11.2506527Z Resolving deltas:  74% (267/360)
2021-06-14T12:26:11.2507778Z Resolving deltas:  75% (270/360)
2021-06-14T12:26:11.2509868Z Resolving deltas:  76% (274/360)
2021-06-14T12:26:11.2512331Z Resolving deltas:  77% (278/360)
2021-06-14T12:26:11.2519080Z Resolving deltas:  78% (281/360)
2021-06-14T12:26:11.2521903Z Resolving deltas:  79% (285/360)
2021-06-14T12:26:11.2527472Z Resolving deltas:  80% (288/360)
2021-06-14T12:26:11.2530090Z Resolving deltas:  81% (292/360)
2021-06-14T12:26:11.2536727Z Resolving deltas:  82% (296/360)
2021-06-14T12:26:11.2537367Z Resolving deltas:  83% (299/360)
2021-06-14T12:26:11.2537852Z Resolving deltas:  84% (303/360)
2021-06-14T12:26:11.2538324Z Resolving deltas:  85% (306/360)
2021-06-14T12:26:11.2538814Z Resolving deltas:  86% (310/360)
2021-06-14T12:26:11.2539287Z Resolving deltas:  87% (314/360)
2021-06-14T12:26:11.2540351Z Resolving deltas:  88% (317/360)
2021-06-14T12:26:11.2545563Z Resolving deltas:  89% (321/360)
2021-06-14T12:26:11.2549905Z Resolving deltas:  90% (324/360)
2021-06-14T12:26:11.2554403Z Resolving deltas:  91% (328/360)
2021-06-14T12:26:11.2557554Z Resolving deltas:  92% (332/360)
2021-06-14T12:26:11.2561185Z Resolving deltas:  93% (335/360)
2021-06-14T12:26:11.2561868Z Resolving deltas:  94% (339/360)
2021-06-14T12:26:11.2566653Z Resolving deltas:  95% (342/360)
2021-06-14T12:26:11.2568373Z Resolving deltas:  96% (346/360)
2021-06-14T12:26:11.2572144Z Resolving deltas:  97% (350/360)
2021-06-14T12:26:11.2575836Z Resolving deltas:  98% (353/360)
2021-06-14T12:26:11.2578059Z Resolving deltas:  99% (357/360)
2021-06-14T12:26:11.2582404Z Resolving deltas: 100% (360/360)
2021-06-14T12:26:11.2582974Z Resolving deltas: 100% (360/360), done.
2021-06-14T12:26:11.2686600Z From https://github.com/con/tinuous
2021-06-14T12:26:11.2687885Z  * [new branch]      conda-badge   -> origin/conda-badge
2021-06-14T12:26:11.2696730Z  * [new branch]      doc-cron      -> origin/doc-cron
2021-06-14T12:26:11.2697706Z  * [new branch]      gh-55         -> origin/gh-55
2021-06-14T12:26:11.2698698Z  * [new branch]      master        -> origin/master
2021-06-14T12:26:11.2699636Z  * [new branch]      test-appveyor -> origin/test-appveyor
2021-06-14T12:26:11.2700528Z  * [new tag]         0.1.0         -> 0.1.0
2021-06-14T12:26:11.2701243Z  * [new tag]         0.2.0         -> 0.2.0
2021-06-14T12:26:11.2702175Z  * [new tag]         0.3.0         -> 0.3.0
2021-06-14T12:26:11.2728047Z [command]/usr/bin/git branch --list --remote origin/doc-cron
2021-06-14T12:26:11.2755954Z   origin/doc-cron
2021-06-14T12:26:11.2765749Z [command]/usr/bin/git rev-parse refs/remotes/origin/doc-cron
2021-06-14T12:26:11.2788515Z fdff73b47f3ac04902a569d9bf6ba7b7a0441106
2021-06-14T12:26:11.2791558Z ##[endgroup]
2021-06-14T12:26:11.2792402Z ##[group]Determining the checkout info
2021-06-14T12:26:11.2793569Z ##[endgroup]
2021-06-14T12:26:11.2794064Z ##[group]Checking out the ref
2021-06-14T12:26:11.2800168Z [command]/usr/bin/git checkout --progress --force -B doc-cron refs/remotes/origin/doc-cron
2021-06-14T12:26:11.2853614Z Switched to a new branch 'doc-cron'
2021-06-14T12:26:11.2855181Z Branch 'doc-cron' set up to track remote branch 'doc-cron' from 'origin'.
2021-06-14T12:26:11.2861015Z ##[endgroup]
2021-06-14T12:26:11.2906882Z [command]/usr/bin/git log -1 --format='%H'
2021-06-14T12:26:11.2932723Z 'fdff73b47f3ac04902a569d9bf6ba7b7a0441106'
2021-06-14T12:26:11.3088410Z ##[group]Run actions/setup-python@v2
2021-06-14T12:26:11.3088920Z with:
2021-06-14T12:26:11.3089333Z   python-version: 3.9
2021-06-14T12:26:11.3090302Z   token: ***
2021-06-14T12:26:11.3090684Z ##[endgroup]
2021-06-14T12:26:11.3671683Z Successfully setup CPython (3.9.5)
2021-06-14T12:26:11.3836530Z ##[group]Run python -m pip install --upgrade pip wheel
2021-06-14T12:26:11.3837463Z [36;1mpython -m pip install --upgrade pip wheel[0m
2021-06-14T12:26:11.3838329Z [36;1mpython -m pip install --upgrade --upgrade-strategy=eager tox[0m
2021-06-14T12:26:11.3886249Z shell: /usr/bin/bash -e {0}
2021-06-14T12:26:11.3886650Z env:
2021-06-14T12:26:11.3887213Z   pythonLocation: /opt/hostedtoolcache/Python/3.9.5/x64
2021-06-14T12:26:11.3887937Z   LD_LIBRARY_PATH: /opt/hostedtoolcache/Python/3.9.5/x64/lib
2021-06-14T12:26:11.3888647Z ##[endgroup]
2021-06-14T12:26:11.9695487Z Requirement already satisfied: pip in /opt/hostedtoolcache/Python/3.9.5/x64/lib/python3.9/site-packages (21.1.2)
2021-06-14T12:26:12.1569900Z Collecting wheel
2021-06-14T12:26:12.1943266Z   Downloading wheel-0.36.2-py2.py3-none-any.whl (35 kB)
2021-06-14T12:26:12.2551697Z Installing collected packages: wheel
2021-06-14T12:26:12.2913081Z Successfully installed wheel-0.36.2
2021-06-14T12:26:12.9624981Z Collecting tox
2021-06-14T12:26:12.9943236Z   Downloading tox-3.23.1-py2.py3-none-any.whl (85 kB)
2021-06-14T12:26:13.0720477Z Collecting six>=1.14.0
2021-06-14T12:26:13.0793021Z   Downloading six-1.16.0-py2.py3-none-any.whl (11 kB)
2021-06-14T12:26:13.1058021Z Collecting filelock>=3.0.0
2021-06-14T12:26:13.1140466Z   Downloading filelock-3.0.12-py3-none-any.whl (7.6 kB)
2021-06-14T12:26:13.1631913Z Collecting packaging>=14
2021-06-14T12:26:13.1705164Z   Downloading packaging-20.9-py2.py3-none-any.whl (40 kB)
2021-06-14T12:26:13.2193893Z Collecting py>=1.4.17
2021-06-14T12:26:13.2270244Z   Downloading py-1.10.0-py2.py3-none-any.whl (97 kB)
2021-06-14T12:26:13.2742537Z Collecting pluggy>=0.12.0
2021-06-14T12:26:13.2823877Z   Downloading pluggy-0.13.1-py2.py3-none-any.whl (18 kB)
2021-06-14T12:26:13.4568505Z Collecting virtualenv!=20.0.0,!=20.0.1,!=20.0.2,!=20.0.3,!=20.0.4,!=20.0.5,!=20.0.6,!=20.0.7,>=16.0.0
2021-06-14T12:26:13.4648355Z   Downloading virtualenv-20.4.7-py2.py3-none-any.whl (7.2 MB)
2021-06-14T12:26:13.7289237Z Collecting toml>=0.9.4
2021-06-14T12:26:13.7373346Z   Downloading toml-0.10.2-py2.py3-none-any.whl (16 kB)
2021-06-14T12:26:13.8134643Z Collecting pyparsing>=2.0.2
2021-06-14T12:26:13.8294630Z   Downloading pyparsing-2.4.7-py2.py3-none-any.whl (67 kB)
2021-06-14T12:26:13.8947281Z Collecting appdirs<2,>=1.4.3
2021-06-14T12:26:13.9021336Z   Downloading appdirs-1.4.4-py2.py3-none-any.whl (9.6 kB)
2021-06-14T12:26:13.9371373Z Collecting distlib<1,>=0.3.1
2021-06-14T12:26:13.9537551Z   Downloading distlib-0.3.2-py2.py3-none-any.whl (338 kB)
2021-06-14T12:26:14.0470983Z Installing collected packages: six, pyparsing, filelock, distlib, appdirs, virtualenv, toml, py, pluggy, packaging, tox
2021-06-14T12:26:14.5855050Z Successfully installed appdirs-1.4.4 distlib-0.3.2 filelock-3.0.12 packaging-20.9 pluggy-0.13.1 py-1.10.0 pyparsing-2.4.7 six-1.16.0 toml-0.10.2 tox-3.23.1 virtualenv-20.4.7
2021-06-14T12:26:14.6586515Z ##[group]Run tox -e py -- --cov-report=xml
2021-06-14T12:26:14.6587236Z [36;1mtox -e py -- --cov-report=xml[0m
2021-06-14T12:26:14.6627234Z shell: /usr/bin/bash -e {0}
2021-06-14T12:26:14.6627644Z env:
2021-06-14T12:26:14.6628239Z   pythonLocation: /opt/hostedtoolcache/Python/3.9.5/x64
2021-06-14T12:26:14.6629015Z   LD_LIBRARY_PATH: /opt/hostedtoolcache/Python/3.9.5/x64/lib
2021-06-14T12:26:14.6629604Z ##[endgroup]
2021-06-14T12:26:14.8884908Z .package create: /home/runner/work/tinuous/tinuous/.tox/.package
2021-06-14T12:26:15.4757936Z .package installdeps: setuptools >= 46.4.0, wheel ~= 0.32
2021-06-14T12:26:19.1077168Z py create: /home/runner/work/tinuous/tinuous/.tox/py
2021-06-14T12:26:19.3595765Z py installdeps: pytest~=6.0, pytest-cov~=2.0, pytest-mock~=3.0
2021-06-14T12:26:22.4377872Z py inst: /home/runner/work/tinuous/tinuous/.tox/.tmp/package/1/tinuous-0.2.0+75.gfdff73b.tar.gz
2021-06-14T12:26:32.1143110Z py installed: attrs==21.2.0,certifi==2021.5.30,cffi==1.14.5,chardet==4.0.0,click==8.0.1,click-loglevel==0.4.0.post1,coverage==5.5,Deprecated==1.2.12,idna==2.10,in-place==0.5.0,iniconfig==1.1.1,packaging==20.9,pluggy==0.13.1,py==1.10.0,pycparser==2.20,pydantic==1.8.2,PyGithub==1.55,PyJWT==2.1.0,PyNaCl==1.4.0,pyparsing==2.4.7,pytest==6.2.4,pytest-cov==2.12.1,pytest-mock==3.6.1,python-dateutil==2.8.1,python-dotenv==0.17.1,PyYAML==5.4.1,requests==2.25.1,six==1.16.0,tinuous @ file:///home/runner/work/tinuous/tinuous/.tox/.tmp/package/1/tinuous-0.2.0%2B75.gfdff73b.tar.gz,toml==0.10.2,typing-extensions==3.10.0.0,urllib3==1.26.5,wrapt==1.12.1
2021-06-14T12:26:32.1150364Z py run-test-pre: PYTHONHASHSEED='3790858033'
2021-06-14T12:26:32.1155843Z py run-test: commands[0] | tinuous --help
2021-06-14T12:26:32.3897060Z Usage: tinuous [OPTIONS] COMMAND [ARGS]...
2021-06-14T12:26:32.3925153Z 
2021-06-14T12:26:32.3926032Z   Download build logs from GitHub Actions, Travis, and Appveyor
2021-06-14T12:26:32.3926596Z 
2021-06-14T12:26:32.3926986Z Options:
2021-06-14T12:26:32.3928092Z   -V, --version                   Show the version and exit.
2021-06-14T12:26:32.3928987Z   -c, --config FILE               Read configuration from the given file
2021-06-14T12:26:32.3929688Z                                   [default: tinuous.yaml]
2021-06-14T12:26:32.3930543Z   -E, --env FILE                  Load environment variables from given .env
2021-06-14T12:26:32.3931157Z                                   file
2021-06-14T12:26:32.3932094Z   -l, --log-level [NOTSET|DEBUG|INFO|WARNING|ERROR|CRITICAL]
2021-06-14T12:26:32.3932835Z                                   Set logging level  [default: 20]
2021-06-14T12:26:32.3933656Z   --help                          Show this message and exit.
2021-06-14T12:26:32.3934053Z 
2021-06-14T12:26:32.3934429Z Commands:
2021-06-14T12:26:32.3934869Z   fetch     Download logs
2021-06-14T12:26:32.3935434Z   sanitize  Sanitize secrets in logs
2021-06-14T12:26:32.4220958Z py run-test: commands[1] | pytest --cov-report=xml test
2021-06-14T12:26:33.4798406Z ============================= test session starts ==============================
2021-06-14T12:26:33.4801570Z platform linux -- Python 3.9.5, pytest-6.2.4, py-1.10.0, pluggy-0.13.1
2021-06-14T12:26:33.4803501Z cachedir: .tox/py/.pytest_cache
2021-06-14T12:26:33.4805199Z rootdir: /home/runner/work/tinuous/tinuous, configfile: tox.ini
2021-06-14T12:26:33.4807176Z plugins: cov-2.12.1, mock-3.6.1
2021-06-14T12:26:33.4808543Z collected 37 items
2021-06-14T12:26:33.4809458Z 
2021-06-14T12:26:33.4959517Z test/test_config.py ........                                             [ 21%]
2021-06-14T12:26:33.5174965Z test/test_state.py .......                                               [ 40%]
2021-06-14T12:26:33.7266388Z test/test_util.py ......................                                 [100%]
2021-06-14T12:26:33.7269604Z 
2021-06-14T12:26:33.7273653Z ----------- coverage: platform linux, python 3.9.5-final-0 -----------
2021-06-14T12:26:33.7274904Z Coverage XML written to file coverage.xml
2021-06-14T12:26:33.7275481Z 
2021-06-14T12:26:33.7276148Z 
2021-06-14T12:26:33.7276742Z ============================== 37 passed in 0.71s ==============================
2021-06-14T12:26:33.7829637Z ___________________________________ summary ____________________________________
2021-06-14T12:26:33.7830204Z   py: commands succeeded
2021-06-14T12:26:33.7830717Z   congratulations :)
2021-06-14T12:26:33.8212060Z ##[group]Run codecov/codecov-action@v1
2021-06-14T12:26:33.8212517Z with:
2021-06-14T12:26:33.8212857Z   fail_ci_if_error: false
2021-06-14T12:26:33.8213209Z env:
2021-06-14T12:26:33.8213712Z   pythonLocation: /opt/hostedtoolcache/Python/3.9.5/x64
2021-06-14T12:26:33.8214396Z   LD_LIBRARY_PATH: /opt/hostedtoolcache/Python/3.9.5/x64/lib
2021-06-14T12:26:33.8214909Z ##[endgroup]
2021-06-14T12:26:33.8814881Z [command]/usr/bin/bash codecov.sh -n  -F  -Q github-action-v1.5.2
2021-06-14T12:26:33.8895639Z 
2021-06-14T12:26:33.8896155Z   _____          _
2021-06-14T12:26:33.8896519Z  / ____|        | |
2021-06-14T12:26:33.8896870Z | |     ___   __| | ___  ___ _____   __
2021-06-14T12:26:33.8897260Z | |    / _ \ / _` |/ _ \/ __/ _ \ \ / /
2021-06-14T12:26:33.8897628Z | |___| (_) | (_| |  __/ (_| (_) \ V /
2021-06-14T12:26:33.8898129Z  \_____\___/ \__,_|\___|\___\___/ \_/
2021-06-14T12:26:33.8898869Z                               Bash-1.0.3
2021-06-14T12:26:33.8899123Z 
2021-06-14T12:26:33.8899392Z 
2021-06-14T12:26:33.8925712Z [0;36m==>[0m git version 2.31.1 found
2021-06-14T12:26:33.9043137Z [0;36m==>[0m curl 7.68.0 (x86_64-pc-linux-gnu) libcurl/7.68.0 OpenSSL/1.1.1f zlib/1.2.11 brotli/1.0.7 libidn2/2.2.0 libpsl/0.21.0 (+libidn2/2.2.0) libssh/0.9.3/openssl/zlib nghttp2/1.40.0 librtmp/2.3
2021-06-14T12:26:33.9061878Z Release-Date: 2020-01-08
2021-06-14T12:26:33.9063051Z Protocols: dict file ftp ftps gopher http https imap imaps ldap ldaps pop3 pop3s rtmp rtsp scp sftp smb smbs smtp smtps telnet tftp 
2021-06-14T12:26:33.9064904Z Features: AsynchDNS brotli GSS-API HTTP2 HTTPS-proxy IDN IPv6 Kerberos Largefile libz NTLM NTLM_WB PSL SPNEGO SSL TLS-SRP UnixSockets
2021-06-14T12:26:33.9066262Z [0;90m==>[0m GitHub Actions detected.
2021-06-14T12:26:33.9066892Z     Env vars used:
2021-06-14T12:26:33.9067648Z       -> GITHUB_ACTIONS:    true
2021-06-14T12:26:33.9068396Z       -> GITHUB_HEAD_REF:   
2021-06-14T12:26:33.9069239Z       -> GITHUB_REF:        refs/heads/doc-cron
2021-06-14T12:26:33.9070128Z       -> GITHUB_REPOSITORY: con/tinuous
2021-06-14T12:26:33.9070960Z       -> GITHUB_RUN_ID:     935754515
2021-06-14T12:26:33.9072175Z       -> GITHUB_SHA:        fdff73b47f3ac04902a569d9bf6ba7b7a0441106
2021-06-14T12:26:33.9073230Z       -> GITHUB_WORKFLOW:   Test
2021-06-14T12:26:33.9271136Z     [0;90mproject root:[0m .
2021-06-14T12:26:33.9344178Z     [0;90mYaml found at:[0m codecov.yml
2021-06-14T12:26:33.9785638Z [0;90m==>[0m Running gcov in . [0;90m(disable via -X gcov)[0m
2021-06-14T12:26:33.9927333Z [0;90m==>[0m Searching for coverage reports in:
2021-06-14T12:26:33.9928411Z     [0;32m+[0m .
2021-06-14T12:26:33.9997668Z     [0;90m->[0m Found 1 reports
2021-06-14T12:26:34.0000197Z [0;90m==>[0m Detecting git/mercurial file structure
2021-06-14T12:26:34.0079624Z [0;90m==>[0m Reading reports
2021-06-14T12:26:34.0138574Z     [0;32m+[0m ./coverage.xml [0;90mbytes=42717[0m
2021-06-14T12:26:34.0170291Z [0;90m==>[0m Appending adjustments
2021-06-14T12:26:34.0171507Z     [0;36mhttps://docs.codecov.io/docs/fixing-reports[0m
2021-06-14T12:26:34.0268033Z     [0;90m->[0m No adjustments found
2021-06-14T12:26:34.0272358Z [0;90m==>[0m Gzipping contents
2021-06-14T12:26:34.0329320Z         4.0K	/tmp/codecov.YMta1X.gz
2021-06-14T12:26:34.0350755Z [0;90m==>[0m Uploading reports
2021-06-14T12:26:34.0351603Z     [0;90murl:[0m https://codecov.io
2021-06-14T12:26:34.0353492Z     [0;90mquery:[0m branch=doc-cron&commit=fdff73b47f3ac04902a569d9bf6ba7b7a0441106&build=935754515&build_url=http%3A%2F%2Fgithub.com%2Fcon%2Ftinuous%2Factions%2Fruns%2F935754515&name=&tag=&slug=con%2Ftinuous&service=github-actions&flags=&pr=&job=Test&cmd_args=n,F,Q
2021-06-14T12:26:34.0392418Z [0;90m->[0m  Pinging Codecov
2021-06-14T12:26:34.0395760Z https://codecov.io/upload/v4?package=github-action-v1.5.2-1.0.3&token=secret&branch=doc-cron&commit=fdff73b47f3ac04902a569d9bf6ba7b7a0441106&build=935754515&build_url=http%3A%2F%2Fgithub.com%2Fcon%2Ftinuous%2Factions%2Fruns%2F935754515&name=&tag=&slug=con%2Ftinuous&service=github-actions&flags=&pr=&job=Test&cmd_args=n,F,Q
2021-06-14T12:26:34.5810116Z [0;90m->[0m  Uploading to
2021-06-14T12:26:34.5814807Z https://storage.googleapis.com/codecov/v4/raw/2021-06-14/0010CBA6D851417C00BB0BC3FC5895F9/fdff73b47f3ac04902a569d9bf6ba7b7a0441106/d00022dd-87b6-4bcb-bce4-edb8bf4d7efd.txt?X-Amz-Algorithm=AWS4-HMAC-SHA256&X-Amz-Credential=GOOG1EKKHVKCKHW7KBCGM7IHR55T63V2PAVJWLVFNITJHDU5G6R5IRN3LMWJA%2F20210614%2FUS%2Fs3%2Faws4_request&X-Amz-Date=20210614T122634Z&X-Amz-Expires=10&X-Amz-SignedHeaders=host&X-Amz-Signature=4d214c9c099f1fec68946f0a0eb315faa14d4af7a80219c7773267737e830a7e
2021-06-14T12:26:34.5905281Z   % Total    % Received % Xferd  Average Speed   Time    Time     Time  Current
2021-06-14T12:26:34.5909456Z                                  Dload  Upload   Total   Spent    Left  Speed
2021-06-14T12:26:34.5910119Z 
2021-06-14T12:26:34.7682900Z   0     0    0     0    0     0      0      0 --:--:-- --:--:-- --:--:--     0
2021-06-14T12:26:34.7684337Z 100  3570    0     0  100  3570      0  20169 --:--:-- --:--:-- --:--:-- 20169
2021-06-14T12:26:34.7742031Z     [0;32m->[0m Reports have been successfully queued for processing at [0;36mhttps://codecov.io/github/con/tinuous/commit/fdff73b47f3ac04902a569d9bf6ba7b7a0441106[0m
2021-06-14T12:26:34.7899620Z Post job cleanup.
2021-06-14T12:26:34.8927068Z [command]/usr/bin/git version
2021-06-14T12:26:34.8968875Z git version 2.31.1
2021-06-14T12:26:34.9002552Z [command]/usr/bin/git config --local --name-only --get-regexp core\.sshCommand
2021-06-14T12:26:34.9033473Z [command]/usr/bin/git submodule foreach --recursive git config --local --name-only --get-regexp 'core\.sshCommand' && git config --local --unset-all 'core.sshCommand' || :
2021-06-14T12:26:34.9267527Z [command]/usr/bin/git config --local --name-only --get-regexp http\.https\:\/\/github\.com\/\.extraheader
2021-06-14T12:26:34.9290630Z http.https://github.com/.extraheader
2021-06-14T12:26:34.9300792Z [command]/usr/bin/git config --local --unset-all http.https://github.com/.extraheader
2021-06-14T12:26:34.9333514Z [command]/usr/bin/git submodule foreach --recursive git config --local --name-only --get-regexp 'http\.https\:\/\/github\.com\/\.extraheader' && git config --local --unset-all 'http.https://github.com/.extraheader' || :
2021-06-14T12:26:34.9595208Z Cleaning up orphan processes
