2023-04-26T19:19:33.0515734Z Requested labels: ubuntu-latest
2023-04-26T19:19:33.0516080Z Job defined at: con/tinuous/.github/workflows/test.yml@refs/pull/164/merge
2023-04-26T19:19:33.0516254Z Waiting for a runner to pick up this job...
2023-04-26T19:19:33.2789406Z Job is waiting for a hosted runner to come online.
2023-04-26T19:19:37.1699652Z Job is about to start running on the hosted runner: GitHub Actions 16 (hosted)
2023-04-26T19:19:39.9505945Z Current runner version: '2.303.0'
2023-04-26T19:19:39.9540371Z ##[group]Operating System
2023-04-26T19:19:39.9541226Z Ubuntu
2023-04-26T19:19:39.9541580Z 22.04.2
2023-04-26T19:19:39.9542027Z LTS
2023-04-26T19:19:39.9542485Z ##[endgroup]
2023-04-26T19:19:39.9542860Z ##[group]Runner Image
2023-04-26T19:19:39.9543207Z Image: ubuntu-22.04
2023-04-26T19:19:39.9543579Z Version: 20230426.1
2023-04-26T19:19:39.9544156Z Included Software: https://github.com/actions/runner-images/blob/ubuntu22/20230426.1/images/linux/Ubuntu2204-Readme.md
2023-04-26T19:19:39.9545106Z Image Release: https://github.com/actions/runner-images/releases/tag/ubuntu22%2F20230426.1
2023-04-26T19:19:39.9545543Z ##[endgroup]
2023-04-26T19:19:39.9545949Z ##[group]Runner Image Provisioner
2023-04-26T19:19:39.9546503Z 2.0.159.1
2023-04-26T19:19:39.9547125Z ##[endgroup]
2023-04-26T19:19:39.9548450Z ##[group]GITHUB_TOKEN Permissions
2023-04-26T19:19:39.9549179Z Actions: write
2023-04-26T19:19:39.9549556Z Checks: write
2023-04-26T19:19:39.9550219Z Contents: write
2023-04-26T19:19:39.9550708Z Deployments: write
2023-04-26T19:19:39.9551118Z Discussions: write
2023-04-26T19:19:39.9551518Z Issues: write
2023-04-26T19:19:39.9551889Z Metadata: read
2023-04-26T19:19:39.9552209Z Packages: write
2023-04-26T19:19:39.9552577Z Pages: write
2023-04-26T19:19:39.9552978Z PullRequests: write
2023-04-26T19:19:39.9553388Z RepositoryProjects: write
2023-04-26T19:19:39.9553814Z SecurityEvents: write
2023-04-26T19:19:39.9554226Z Statuses: write
2023-04-26T19:19:39.9554566Z ##[endgroup]
2023-04-26T19:19:39.9560087Z Secret source: Actions
2023-04-26T19:19:39.9560760Z Prepare workflow directory
2023-04-26T19:19:40.0454601Z Prepare all required actions
2023-04-26T19:19:40.0718281Z Getting action download info
2023-04-26T19:19:40.3006771Z Download action repository 'actions/checkout@v3' (SHA:8e5e7e5ab8b370d6c329ec480221332ada57f0ab)
2023-04-26T19:19:41.0564247Z Download action repository 'actions/setup-python@v4' (SHA:57ded4d7d5e986d7296eab16560982c6dd7c923b)
2023-04-26T19:19:41.6570928Z Download action repository 'codecov/codecov-action@v3' (SHA:894ff025c7b54547a9a2a1e9f228beae737ad3c2)
2023-04-26T19:19:42.3658308Z Complete job name: test (3.8, typing)
2023-04-26T19:19:42.5100911Z ##[group]Run actions/checkout@v3
2023-04-26T19:19:42.5101266Z with:
2023-04-26T19:19:42.5101473Z   fetch-depth: 0
2023-04-26T19:19:42.5101712Z   repository: con/tinuous
2023-04-26T19:19:42.5102152Z   token: ***
2023-04-26T19:19:42.5102368Z   ssh-strict: true
2023-04-26T19:19:42.5102620Z   persist-credentials: true
2023-04-26T19:19:42.5102863Z   clean: true
2023-04-26T19:19:42.5103059Z   lfs: false
2023-04-26T19:19:42.5103294Z   submodules: false
2023-04-26T19:19:42.5103545Z   set-safe-directory: true
2023-04-26T19:19:42.5103777Z ##[endgroup]
2023-04-26T19:19:42.8508773Z Syncing repository: con/tinuous
2023-04-26T19:19:42.8510908Z ##[group]Getting Git version info
2023-04-26T19:19:42.8511492Z Working directory is '/home/runner/work/tinuous/tinuous'
2023-04-26T19:19:42.8512029Z [command]/usr/bin/git version
2023-04-26T19:19:42.8721711Z git version 2.40.1
2023-04-26T19:19:42.8779747Z ##[endgroup]
2023-04-26T19:19:42.8812831Z Temporarily overriding HOME='/home/runner/work/_temp/0598de67-bb8b-4771-ab1c-70600270e7c8' before making global git config changes
2023-04-26T19:19:42.8813401Z Adding repository directory to the temporary git global config as a safe directory
2023-04-26T19:19:42.8813972Z [command]/usr/bin/git config --global --add safe.directory /home/runner/work/tinuous/tinuous
2023-04-26T19:19:42.8865083Z Deleting the contents of '/home/runner/work/tinuous/tinuous'
2023-04-26T19:19:42.8871665Z ##[group]Initializing the repository
2023-04-26T19:19:42.8876806Z [command]/usr/bin/git init /home/runner/work/tinuous/tinuous
2023-04-26T19:19:42.8973697Z hint: Using 'master' as the name for the initial branch. This default branch name
2023-04-26T19:19:42.8974668Z hint: is subject to change. To configure the initial branch name to use in all
2023-04-26T19:19:42.8975224Z hint: of your new repositories, which will suppress this warning, call:
2023-04-26T19:19:42.8976193Z hint: 
2023-04-26T19:19:42.8976700Z hint: 	git config --global init.defaultBranch <name>
2023-04-26T19:19:42.8977560Z hint: 
2023-04-26T19:19:42.8977994Z hint: Names commonly chosen instead of 'master' are 'main', 'trunk' and
2023-04-26T19:19:42.8978492Z hint: 'development'. The just-created branch can be renamed via this command:
2023-04-26T19:19:42.8978814Z hint: 
2023-04-26T19:19:42.8979097Z hint: 	git branch -m <name>
2023-04-26T19:19:42.8993813Z Initialized empty Git repository in /home/runner/work/tinuous/tinuous/.git/
2023-04-26T19:19:42.9012083Z [command]/usr/bin/git remote add origin https://github.com/con/tinuous
2023-04-26T19:19:42.9068781Z ##[endgroup]
2023-04-26T19:19:42.9070827Z ##[group]Disabling automatic garbage collection
2023-04-26T19:19:42.9078447Z [command]/usr/bin/git config --local gc.auto 0
2023-04-26T19:19:42.9120010Z ##[endgroup]
2023-04-26T19:19:42.9122465Z ##[group]Setting up auth
2023-04-26T19:19:42.9134783Z [command]/usr/bin/git config --local --name-only --get-regexp core\.sshCommand
2023-04-26T19:19:42.9178190Z [command]/usr/bin/git submodule foreach --recursive sh -c "git config --local --name-only --get-regexp 'core\.sshCommand' && git config --local --unset-all 'core.sshCommand' || :"
2023-04-26T19:19:42.9675179Z [command]/usr/bin/git config --local --name-only --get-regexp http\.https\:\/\/github\.com\/\.extraheader
2023-04-26T19:19:42.9702356Z [command]/usr/bin/git submodule foreach --recursive sh -c "git config --local --name-only --get-regexp 'http\.https\:\/\/github\.com\/\.extraheader' && git config --local --unset-all 'http.https://github.com/.extraheader' || :"
2023-04-26T19:19:42.9969454Z [command]/usr/bin/git config --local http.https://github.com/.extraheader AUTHORIZATION: basic ***
2023-04-26T19:19:43.0038735Z ##[endgroup]
2023-04-26T19:19:43.0039386Z ##[group]Fetching the repository
2023-04-26T19:19:43.0049270Z [command]/usr/bin/git -c protocol.version=2 fetch --prune --progress --no-recurse-submodules origin +refs/heads/*:refs/remotes/origin/* +refs/tags/*:refs/tags/* +e3770e85ca0025b3812e7f68e64357c85b6f112b:refs/remotes/pull/164/merge
2023-04-26T19:19:43.4679299Z remote: Enumerating objects: 1074, done.        
2023-04-26T19:19:43.4679855Z remote: Counting objects:   0% (1/296)        
2023-04-26T19:19:43.4682648Z remote: Counting objects:   1% (3/296)        
2023-04-26T19:19:43.4684597Z remote: Counting objects:   2% (6/296)        
2023-04-26T19:19:43.4689282Z remote: Counting objects:   3% (9/296)        
2023-04-26T19:19:43.4692799Z remote: Counting objects:   4% (12/296)        
2023-04-26T19:19:43.4696729Z remote: Counting objects:   5% (15/296)        
2023-04-26T19:19:43.4699745Z remote: Counting objects:   6% (18/296)        
2023-04-26T19:19:43.4703076Z remote: Counting objects:   7% (21/296)        
2023-04-26T19:19:43.4706064Z remote: Counting objects:   8% (24/296)        
2023-04-26T19:19:43.4709147Z remote: Counting objects:   9% (27/296)        
2023-04-26T19:19:43.4713633Z remote: Counting objects:  10% (30/296)        
2023-04-26T19:19:43.4717270Z remote: Counting objects:  11% (33/296)        
2023-04-26T19:19:43.4721232Z remote: Counting objects:  12% (36/296)        
2023-04-26T19:19:43.4724587Z remote: Counting objects:  13% (39/296)        
2023-04-26T19:19:43.4727357Z remote: Counting objects:  14% (42/296)        
2023-04-26T19:19:43.4730298Z remote: Counting objects:  15% (45/296)        
2023-04-26T19:19:43.4733263Z remote: Counting objects:  16% (48/296)        
2023-04-26T19:19:43.4736235Z remote: Counting objects:  17% (51/296)        
2023-04-26T19:19:43.4739462Z remote: Counting objects:  18% (54/296)        
2023-04-26T19:19:43.4743698Z remote: Counting objects:  19% (57/296)        
2023-04-26T19:19:43.4747252Z remote: Counting objects:  20% (60/296)        
2023-04-26T19:19:43.4751081Z remote: Counting objects:  21% (63/296)        
2023-04-26T19:19:43.4754917Z remote: Counting objects:  22% (66/296)        
2023-04-26T19:19:43.4758258Z remote: Counting objects:  23% (69/296)        
2023-04-26T19:19:43.4761598Z remote: Counting objects:  24% (72/296)        
2023-04-26T19:19:43.4764837Z remote: Counting objects:  25% (74/296)        
2023-04-26T19:19:43.4767945Z remote: Counting objects:  26% (77/296)        
2023-04-26T19:19:43.4770871Z remote: Counting objects:  27% (80/296)        
2023-04-26T19:19:43.4774318Z remote: Counting objects:  28% (83/296)        
2023-04-26T19:19:43.4776846Z remote: Counting objects:  29% (86/296)        
2023-04-26T19:19:43.4779154Z remote: Counting objects:  30% (89/296)        
2023-04-26T19:19:43.4781862Z remote: Counting objects:  31% (92/296)        
2023-04-26T19:19:43.4784734Z remote: Counting objects:  32% (95/296)        
2023-04-26T19:19:43.4787348Z remote: Counting objects:  33% (98/296)        
2023-04-26T19:19:43.4792957Z remote: Counting objects:  34% (101/296)        
2023-04-26T19:19:43.4793286Z remote: Counting objects:  35% (104/296)        
2023-04-26T19:19:43.4793576Z remote: Counting objects:  36% (107/296)        
2023-04-26T19:19:43.4793892Z remote: Counting objects:  37% (110/296)        
2023-04-26T19:19:43.4794194Z remote: Counting objects:  38% (113/296)        
2023-04-26T19:19:43.4794488Z remote: Counting objects:  39% (116/296)        
2023-04-26T19:19:43.4794787Z remote: Counting objects:  40% (119/296)        
2023-04-26T19:19:43.4795307Z remote: Counting objects:  41% (122/296)        
2023-04-26T19:19:43.4795591Z remote: Counting objects:  42% (125/296)        
2023-04-26T19:19:43.4795884Z remote: Counting objects:  43% (128/296)        
2023-04-26T19:19:43.4796183Z remote: Counting objects:  44% (131/296)        
2023-04-26T19:19:43.4796463Z remote: Counting objects:  45% (134/296)        
2023-04-26T19:19:43.4796758Z remote: Counting objects:  46% (137/296)        
2023-04-26T19:19:43.4797228Z remote: Counting objects:  47% (140/296)        
2023-04-26T19:19:43.4797736Z remote: Counting objects:  48% (143/296)        
2023-04-26T19:19:43.4798192Z remote: Counting objects:  49% (146/296)        
2023-04-26T19:19:43.4798497Z remote: Counting objects:  50% (148/296)        
2023-04-26T19:19:43.4798810Z remote: Counting objects:  51% (151/296)        
2023-04-26T19:19:43.4799412Z remote: Counting objects:  52% (154/296)        
2023-04-26T19:19:43.4799750Z remote: Counting objects:  53% (157/296)        
2023-04-26T19:19:43.4800059Z remote: Counting objects:  54% (160/296)        
2023-04-26T19:19:43.4800350Z remote: Counting objects:  55% (163/296)        
2023-04-26T19:19:43.4800653Z remote: Counting objects:  56% (166/296)        
2023-04-26T19:19:43.4800959Z remote: Counting objects:  57% (169/296)        
2023-04-26T19:19:43.4801248Z remote: Counting objects:  58% (172/296)        
2023-04-26T19:19:43.4801554Z remote: Counting objects:  59% (175/296)        
2023-04-26T19:19:43.4801857Z remote: Counting objects:  60% (178/296)        
2023-04-26T19:19:43.4802160Z remote: Counting objects:  61% (181/296)        
2023-04-26T19:19:43.4802448Z remote: Counting objects:  62% (184/296)        
2023-04-26T19:19:43.4803075Z remote: Counting objects:  63% (187/296)        
2023-04-26T19:19:43.4803410Z remote: Counting objects:  64% (190/296)        
2023-04-26T19:19:43.4803729Z remote: Counting objects:  65% (193/296)        
2023-04-26T19:19:43.4804020Z remote: Counting objects:  66% (196/296)        
2023-04-26T19:19:43.4804324Z remote: Counting objects:  67% (199/296)        
2023-04-26T19:19:43.4804628Z remote: Counting objects:  68% (202/296)        
2023-04-26T19:19:43.4804918Z remote: Counting objects:  69% (205/296)        
2023-04-26T19:19:43.4805221Z remote: Counting objects:  70% (208/296)        
2023-04-26T19:19:43.4805523Z remote: Counting objects:  71% (211/296)        
2023-04-26T19:19:43.4805810Z remote: Counting objects:  72% (214/296)        
2023-04-26T19:19:43.4806113Z remote: Counting objects:  73% (217/296)        
2023-04-26T19:19:43.4806415Z remote: Counting objects:  74% (220/296)        
2023-04-26T19:19:43.4806716Z remote: Counting objects:  75% (222/296)        
2023-04-26T19:19:43.4807005Z remote: Counting objects:  76% (225/296)        
2023-04-26T19:19:43.4807481Z remote: Counting objects:  77% (228/296)        
2023-04-26T19:19:43.4807792Z remote: Counting objects:  78% (231/296)        
2023-04-26T19:19:43.4808079Z remote: Counting objects:  79% (234/296)        
2023-04-26T19:19:43.4808554Z remote: Counting objects:  80% (237/296)        
2023-04-26T19:19:43.4808850Z remote: Counting objects:  81% (240/296)        
2023-04-26T19:19:43.4809130Z remote: Counting objects:  82% (243/296)        
2023-04-26T19:19:43.4809422Z remote: Counting objects:  83% (246/296)        
2023-04-26T19:19:43.4809901Z remote: Counting objects:  84% (249/296)        
2023-04-26T19:19:43.4810188Z remote: Counting objects:  85% (252/296)        
2023-04-26T19:19:43.4810493Z remote: Counting objects:  86% (255/296)        
2023-04-26T19:19:43.4810796Z remote: Counting objects:  87% (258/296)        
2023-04-26T19:19:43.4811100Z remote: Counting objects:  88% (261/296)        
2023-04-26T19:19:43.4811387Z remote: Counting objects:  89% (264/296)        
2023-04-26T19:19:43.4811696Z remote: Counting objects:  90% (267/296)        
2023-04-26T19:19:43.4811998Z remote: Counting objects:  91% (270/296)        
2023-04-26T19:19:43.4812444Z remote: Counting objects:  92% (273/296)        
2023-04-26T19:19:43.4812735Z remote: Counting objects:  93% (276/296)        
2023-04-26T19:19:43.4813024Z remote: Counting objects:  94% (279/296)        
2023-04-26T19:19:43.4813302Z remote: Counting objects:  95% (282/296)        
2023-04-26T19:19:43.4813597Z remote: Counting objects:  96% (285/296)        
2023-04-26T19:19:43.4813894Z remote: Counting objects:  97% (288/296)        
2023-04-26T19:19:43.4814170Z remote: Counting objects:  98% (291/296)        
2023-04-26T19:19:43.4814468Z remote: Counting objects:  99% (294/296)        
2023-04-26T19:19:43.4814757Z remote: Counting objects: 100% (296/296)        
2023-04-26T19:19:43.4815069Z remote: Counting objects: 100% (296/296), done.        
2023-04-26T19:19:43.4838009Z remote: Compressing objects:   0% (1/198)        
2023-04-26T19:19:43.4838694Z remote: Compressing objects:   1% (2/198)        
2023-04-26T19:19:43.4839395Z remote: Compressing objects:   2% (4/198)        
2023-04-26T19:19:43.4840791Z remote: Compressing objects:   3% (6/198)        
2023-04-26T19:19:43.4841573Z remote: Compressing objects:   4% (8/198)        
2023-04-26T19:19:43.4842239Z remote: Compressing objects:   5% (10/198)        
2023-04-26T19:19:43.4842895Z remote: Compressing objects:   6% (12/198)        
2023-04-26T19:19:43.4843519Z remote: Compressing objects:   7% (14/198)        
2023-04-26T19:19:43.4844164Z remote: Compressing objects:   8% (16/198)        
2023-04-26T19:19:43.4844807Z remote: Compressing objects:   9% (18/198)        
2023-04-26T19:19:43.4845492Z remote: Compressing objects:  10% (20/198)        
2023-04-26T19:19:43.4846334Z remote: Compressing objects:  11% (22/198)        
2023-04-26T19:19:43.4847005Z remote: Compressing objects:  12% (24/198)        
2023-04-26T19:19:43.4847661Z remote: Compressing objects:  13% (26/198)        
2023-04-26T19:19:43.4848355Z remote: Compressing objects:  14% (28/198)        
2023-04-26T19:19:43.4849176Z remote: Compressing objects:  15% (30/198)        
2023-04-26T19:19:43.4849826Z remote: Compressing objects:  16% (32/198)        
2023-04-26T19:19:43.4850817Z remote: Compressing objects:  17% (34/198)        
2023-04-26T19:19:43.4851625Z remote: Compressing objects:  18% (36/198)        
2023-04-26T19:19:43.4852262Z remote: Compressing objects:  19% (38/198)        
2023-04-26T19:19:43.4853072Z remote: Compressing objects:  20% (40/198)        
2023-04-26T19:19:43.4853706Z remote: Compressing objects:  21% (42/198)        
2023-04-26T19:19:43.4854343Z remote: Compressing objects:  22% (44/198)        
2023-04-26T19:19:43.4854961Z remote: Compressing objects:  23% (46/198)        
2023-04-26T19:19:43.4855560Z remote: Compressing objects:  24% (48/198)        
2023-04-26T19:19:43.4856668Z remote: Compressing objects:  25% (50/198)        
2023-04-26T19:19:43.4857358Z remote: Compressing objects:  26% (52/198)        
2023-04-26T19:19:43.4858456Z remote: Compressing objects:  27% (54/198)        
2023-04-26T19:19:43.4859283Z remote: Compressing objects:  28% (56/198)        
2023-04-26T19:19:43.4859927Z remote: Compressing objects:  29% (58/198)        
2023-04-26T19:19:43.4860571Z remote: Compressing objects:  30% (60/198)        
2023-04-26T19:19:43.4861193Z remote: Compressing objects:  31% (62/198)        
2023-04-26T19:19:43.4861826Z remote: Compressing objects:  32% (64/198)        
2023-04-26T19:19:43.4862456Z remote: Compressing objects:  33% (66/198)        
2023-04-26T19:19:43.4863102Z remote: Compressing objects:  34% (68/198)        
2023-04-26T19:19:43.4863727Z remote: Compressing objects:  35% (70/198)        
2023-04-26T19:19:43.4864363Z remote: Compressing objects:  36% (72/198)        
2023-04-26T19:19:43.4864999Z remote: Compressing objects:  37% (74/198)        
2023-04-26T19:19:43.4865637Z remote: Compressing objects:  38% (76/198)        
2023-04-26T19:19:43.4866275Z remote: Compressing objects:  39% (78/198)        
2023-04-26T19:19:43.4867132Z remote: Compressing objects:  40% (80/198)        
2023-04-26T19:19:43.4868027Z remote: Compressing objects:  41% (82/198)        
2023-04-26T19:19:43.4868716Z remote: Compressing objects:  42% (84/198)        
2023-04-26T19:19:43.4869372Z remote: Compressing objects:  43% (86/198)        
2023-04-26T19:19:43.4870038Z remote: Compressing objects:  44% (88/198)        
2023-04-26T19:19:43.4870719Z remote: Compressing objects:  45% (90/198)        
2023-04-26T19:19:43.4871393Z remote: Compressing objects:  46% (92/198)        
2023-04-26T19:19:43.4873501Z remote: Compressing objects:  47% (94/198)        
2023-04-26T19:19:43.4876214Z remote: Compressing objects:  48% (96/198)        
2023-04-26T19:19:43.4876580Z remote: Compressing objects:  49% (98/198)        
2023-04-26T19:19:43.4876896Z remote: Compressing objects:  50% (99/198)        
2023-04-26T19:19:43.4877232Z remote: Compressing objects:  51% (101/198)        
2023-04-26T19:19:43.4877581Z remote: Compressing objects:  52% (103/198)        
2023-04-26T19:19:43.4910795Z remote: Compressing objects:  53% (105/198)        
2023-04-26T19:19:43.4912901Z remote: Compressing objects:  54% (107/198)        
2023-04-26T19:19:43.4914300Z remote: Compressing objects:  55% (109/198)        
2023-04-26T19:19:43.4916016Z remote: Compressing objects:  56% (111/198)        
2023-04-26T19:19:43.4918020Z remote: Compressing objects:  57% (113/198)        
2023-04-26T19:19:43.4919567Z remote: Compressing objects:  58% (115/198)        
2023-04-26T19:19:43.4921272Z remote: Compressing objects:  59% (117/198)        
2023-04-26T19:19:43.4924680Z remote: Compressing objects:  60% (119/198)        
2023-04-26T19:19:43.4925509Z remote: Compressing objects:  61% (121/198)        
2023-04-26T19:19:43.4926049Z remote: Compressing objects:  62% (123/198)        
2023-04-26T19:19:43.4927001Z remote: Compressing objects:  63% (125/198)        
2023-04-26T19:19:43.4927671Z remote: Compressing objects:  64% (127/198)        
2023-04-26T19:19:43.4928334Z remote: Compressing objects:  65% (129/198)        
2023-04-26T19:19:43.4929175Z remote: Compressing objects:  66% (131/198)        
2023-04-26T19:19:43.4930008Z remote: Compressing objects:  67% (133/198)        
2023-04-26T19:19:43.4930672Z remote: Compressing objects:  68% (135/198)        
2023-04-26T19:19:43.4931473Z remote: Compressing objects:  69% (137/198)        
2023-04-26T19:19:43.4932457Z remote: Compressing objects:  70% (139/198)        
2023-04-26T19:19:43.4933097Z remote: Compressing objects:  71% (141/198)        
2023-04-26T19:19:43.4933924Z remote: Compressing objects:  72% (143/198)        
2023-04-26T19:19:43.4934763Z remote: Compressing objects:  73% (145/198)        
2023-04-26T19:19:43.4935771Z remote: Compressing objects:  74% (147/198)        
2023-04-26T19:19:43.4936775Z remote: Compressing objects:  75% (149/198)        
2023-04-26T19:19:43.4937761Z remote: Compressing objects:  76% (151/198)        
2023-04-26T19:19:43.4939118Z remote: Compressing objects:  77% (153/198)        
2023-04-26T19:19:43.4939801Z remote: Compressing objects:  78% (155/198)        
2023-04-26T19:19:43.4940481Z remote: Compressing objects:  79% (157/198)        
2023-04-26T19:19:43.4941158Z remote: Compressing objects:  80% (159/198)        
2023-04-26T19:19:43.4941825Z remote: Compressing objects:  81% (161/198)        
2023-04-26T19:19:43.4942499Z remote: Compressing objects:  82% (163/198)        
2023-04-26T19:19:43.4943173Z remote: Compressing objects:  83% (165/198)        
2023-04-26T19:19:43.4943855Z remote: Compressing objects:  84% (167/198)        
2023-04-26T19:19:43.4944519Z remote: Compressing objects:  85% (169/198)        
2023-04-26T19:19:43.4945567Z remote: Compressing objects:  86% (171/198)        
2023-04-26T19:19:43.4946206Z remote: Compressing objects:  87% (173/198)        
2023-04-26T19:19:43.4947052Z remote: Compressing objects:  88% (175/198)        
2023-04-26T19:19:43.4947715Z remote: Compressing objects:  89% (177/198)        
2023-04-26T19:19:43.4948414Z remote: Compressing objects:  90% (179/198)        
2023-04-26T19:19:43.4949056Z remote: Compressing objects:  91% (181/198)        
2023-04-26T19:19:43.4949711Z remote: Compressing objects:  92% (183/198)        
2023-04-26T19:19:43.4950374Z remote: Compressing objects:  93% (185/198)        
2023-04-26T19:19:43.4951034Z remote: Compressing objects:  94% (187/198)        
2023-04-26T19:19:43.4951678Z remote: Compressing objects:  95% (189/198)        
2023-04-26T19:19:43.4952338Z remote: Compressing objects:  96% (191/198)        
2023-04-26T19:19:43.4953000Z remote: Compressing objects:  97% (193/198)        
2023-04-26T19:19:43.4953655Z remote: Compressing objects:  98% (195/198)        
2023-04-26T19:19:43.4954297Z remote: Compressing objects:  99% (197/198)        
2023-04-26T19:19:43.4955090Z remote: Compressing objects: 100% (198/198)        
2023-04-26T19:19:43.4955914Z remote: Compressing objects: 100% (198/198), done.        
2023-04-26T19:19:43.5023635Z Receiving objects:   0% (1/1074)
2023-04-26T19:19:43.5030031Z Receiving objects:   1% (11/1074)
2023-04-26T19:19:43.5030445Z Receiving objects:   2% (22/1074)
2023-04-26T19:19:43.5151663Z Receiving objects:   3% (33/1074)
2023-04-26T19:19:43.5152715Z Receiving objects:   4% (43/1074)
2023-04-26T19:19:43.5153253Z Receiving objects:   5% (54/1074)
2023-04-26T19:19:43.5227755Z Receiving objects:   6% (65/1074)
2023-04-26T19:19:43.5301116Z Receiving objects:   7% (76/1074)
2023-04-26T19:19:43.5305862Z Receiving objects:   8% (86/1074)
2023-04-26T19:19:43.5307568Z Receiving objects:   9% (97/1074)
2023-04-26T19:19:43.5314920Z Receiving objects:  10% (108/1074)
2023-04-26T19:19:43.5316869Z Receiving objects:  11% (119/1074)
2023-04-26T19:19:43.5317973Z Receiving objects:  12% (129/1074)
2023-04-26T19:19:43.5318747Z Receiving objects:  13% (140/1074)
2023-04-26T19:19:43.5321762Z Receiving objects:  14% (151/1074)
2023-04-26T19:19:43.5322437Z Receiving objects:  15% (162/1074)
2023-04-26T19:19:43.5323194Z Receiving objects:  16% (172/1074)
2023-04-26T19:19:43.5323877Z Receiving objects:  17% (183/1074)
2023-04-26T19:19:43.5325858Z Receiving objects:  18% (194/1074)
2023-04-26T19:19:43.5327316Z Receiving objects:  19% (205/1074)
2023-04-26T19:19:43.5330924Z Receiving objects:  20% (215/1074)
2023-04-26T19:19:43.5332272Z Receiving objects:  21% (226/1074)
2023-04-26T19:19:43.5333011Z Receiving objects:  22% (237/1074)
2023-04-26T19:19:43.5464199Z Receiving objects:  23% (248/1074)
2023-04-26T19:19:43.5467016Z Receiving objects:  24% (258/1074)
2023-04-26T19:19:43.5538667Z Receiving objects:  25% (269/1074)
2023-04-26T19:19:43.5539716Z Receiving objects:  26% (280/1074)
2023-04-26T19:19:43.5621231Z Receiving objects:  27% (290/1074)
2023-04-26T19:19:43.5622050Z Receiving objects:  28% (301/1074)
2023-04-26T19:19:43.5624443Z Receiving objects:  29% (312/1074)
2023-04-26T19:19:43.5626012Z Receiving objects:  30% (323/1074)
2023-04-26T19:19:43.5627417Z Receiving objects:  31% (333/1074)
2023-04-26T19:19:43.5629665Z Receiving objects:  32% (344/1074)
2023-04-26T19:19:43.5631848Z Receiving objects:  33% (355/1074)
2023-04-26T19:19:43.5636277Z Receiving objects:  34% (366/1074)
2023-04-26T19:19:43.5639960Z Receiving objects:  35% (376/1074)
2023-04-26T19:19:43.5645876Z Receiving objects:  36% (387/1074)
2023-04-26T19:19:43.5648603Z Receiving objects:  37% (398/1074)
2023-04-26T19:19:43.5650924Z Receiving objects:  38% (409/1074)
2023-04-26T19:19:43.5653633Z Receiving objects:  39% (419/1074)
2023-04-26T19:19:43.5655882Z Receiving objects:  40% (430/1074)
2023-04-26T19:19:43.5657065Z Receiving objects:  41% (441/1074)
2023-04-26T19:19:43.5658782Z Receiving objects:  42% (452/1074)
2023-04-26T19:19:43.5659822Z Receiving objects:  43% (462/1074)
2023-04-26T19:19:43.5660548Z Receiving objects:  44% (473/1074)
2023-04-26T19:19:43.5661408Z Receiving objects:  45% (484/1074)
2023-04-26T19:19:43.5662086Z Receiving objects:  46% (495/1074)
2023-04-26T19:19:43.5662769Z Receiving objects:  47% (505/1074)
2023-04-26T19:19:43.5663567Z Receiving objects:  48% (516/1074)
2023-04-26T19:19:43.5664373Z Receiving objects:  49% (527/1074)
2023-04-26T19:19:43.5665313Z Receiving objects:  50% (537/1074)
2023-04-26T19:19:43.5666085Z Receiving objects:  51% (548/1074)
2023-04-26T19:19:43.5666859Z Receiving objects:  52% (559/1074)
2023-04-26T19:19:43.5667620Z Receiving objects:  53% (570/1074)
2023-04-26T19:19:43.5668444Z Receiving objects:  54% (580/1074)
2023-04-26T19:19:43.5669147Z Receiving objects:  55% (591/1074)
2023-04-26T19:19:43.5670008Z Receiving objects:  56% (602/1074)
2023-04-26T19:19:43.5670688Z Receiving objects:  57% (613/1074)
2023-04-26T19:19:43.5671563Z Receiving objects:  58% (623/1074)
2023-04-26T19:19:43.5672293Z Receiving objects:  59% (634/1074)
2023-04-26T19:19:43.5673130Z Receiving objects:  60% (645/1074)
2023-04-26T19:19:43.5673788Z Receiving objects:  61% (656/1074)
2023-04-26T19:19:43.5674652Z Receiving objects:  62% (666/1074)
2023-04-26T19:19:43.5675565Z Receiving objects:  63% (677/1074)
2023-04-26T19:19:43.5676266Z Receiving objects:  64% (688/1074)
2023-04-26T19:19:43.5677144Z Receiving objects:  65% (699/1074)
2023-04-26T19:19:43.5677933Z Receiving objects:  66% (709/1074)
2023-04-26T19:19:43.5679007Z Receiving objects:  67% (720/1074)
2023-04-26T19:19:43.5679639Z Receiving objects:  68% (731/1074)
2023-04-26T19:19:43.5683708Z Receiving objects:  69% (742/1074)
2023-04-26T19:19:43.5687771Z Receiving objects:  70% (752/1074)
2023-04-26T19:19:43.5778172Z Receiving objects:  71% (763/1074)
2023-04-26T19:19:43.5781315Z Receiving objects:  72% (774/1074)
2023-04-26T19:19:43.5783473Z Receiving objects:  73% (785/1074)
2023-04-26T19:19:43.5785847Z Receiving objects:  74% (795/1074)
2023-04-26T19:19:43.5786802Z Receiving objects:  75% (806/1074)
2023-04-26T19:19:43.5787510Z Receiving objects:  76% (817/1074)
2023-04-26T19:19:43.5788091Z Receiving objects:  77% (827/1074)
2023-04-26T19:19:43.5788817Z Receiving objects:  78% (838/1074)
2023-04-26T19:19:43.5853270Z Receiving objects:  79% (849/1074)
2023-04-26T19:19:43.5854620Z Receiving objects:  80% (860/1074)
2023-04-26T19:19:43.5855206Z Receiving objects:  81% (870/1074)
2023-04-26T19:19:43.5858616Z Receiving objects:  82% (881/1074)
2023-04-26T19:19:43.5859611Z Receiving objects:  83% (892/1074)
2023-04-26T19:19:43.5958083Z Receiving objects:  84% (903/1074)
2023-04-26T19:19:43.5958832Z Receiving objects:  85% (913/1074)
2023-04-26T19:19:43.5959874Z Receiving objects:  86% (924/1074)
2023-04-26T19:19:43.5960942Z remote: Total 1074 (delta 112), reused 137 (delta 84), pack-reused 778        
2023-04-26T19:19:43.5961772Z Receiving objects:  87% (935/1074)
2023-04-26T19:19:43.5962277Z Receiving objects:  88% (946/1074)
2023-04-26T19:19:43.5963148Z Receiving objects:  89% (956/1074)
2023-04-26T19:19:43.5963665Z Receiving objects:  90% (967/1074)
2023-04-26T19:19:43.5964714Z Receiving objects:  91% (978/1074)
2023-04-26T19:19:43.5965216Z Receiving objects:  92% (989/1074)
2023-04-26T19:19:43.5965920Z Receiving objects:  93% (999/1074)
2023-04-26T19:19:43.5966583Z Receiving objects:  94% (1010/1074)
2023-04-26T19:19:43.5968184Z Receiving objects:  95% (1021/1074)
2023-04-26T19:19:43.5968671Z Receiving objects:  96% (1032/1074)
2023-04-26T19:19:43.5969694Z Receiving objects:  97% (1042/1074)
2023-04-26T19:19:43.5970195Z Receiving objects:  98% (1053/1074)
2023-04-26T19:19:43.5971081Z Receiving objects:  99% (1064/1074)
2023-04-26T19:19:43.5971561Z Receiving objects: 100% (1074/1074)
2023-04-26T19:19:43.5972323Z Receiving objects: 100% (1074/1074), 276.67 KiB | 2.88 MiB/s, done.
2023-04-26T19:19:43.5973960Z Resolving deltas:   0% (0/581)
2023-04-26T19:19:43.5974823Z Resolving deltas:   1% (6/581)
2023-04-26T19:19:43.5975332Z Resolving deltas:   2% (12/581)
2023-04-26T19:19:43.5976061Z Resolving deltas:   3% (18/581)
2023-04-26T19:19:43.5976723Z Resolving deltas:   4% (24/581)
2023-04-26T19:19:43.5977407Z Resolving deltas:   5% (30/581)
2023-04-26T19:19:43.5977905Z Resolving deltas:   6% (35/581)
2023-04-26T19:19:43.5978598Z Resolving deltas:   7% (41/581)
2023-04-26T19:19:43.5979093Z Resolving deltas:   8% (47/581)
2023-04-26T19:19:43.5979799Z Resolving deltas:   9% (53/581)
2023-04-26T19:19:43.5980646Z Resolving deltas:  10% (59/581)
2023-04-26T19:19:43.5981570Z Resolving deltas:  11% (64/581)
2023-04-26T19:19:43.5982090Z Resolving deltas:  12% (70/581)
2023-04-26T19:19:43.5982855Z Resolving deltas:  13% (76/581)
2023-04-26T19:19:43.5983373Z Resolving deltas:  14% (82/581)
2023-04-26T19:19:43.5984473Z Resolving deltas:  15% (88/581)
2023-04-26T19:19:43.5985217Z Resolving deltas:  16% (93/581)
2023-04-26T19:19:43.5986007Z Resolving deltas:  17% (99/581)
2023-04-26T19:19:43.5986553Z Resolving deltas:  18% (105/581)
2023-04-26T19:19:43.5988875Z Resolving deltas:  19% (111/581)
2023-04-26T19:19:43.5989658Z Resolving deltas:  20% (117/581)
2023-04-26T19:19:43.5993116Z Resolving deltas:  21% (123/581)
2023-04-26T19:19:43.5993762Z Resolving deltas:  22% (128/581)
2023-04-26T19:19:43.5994695Z Resolving deltas:  23% (134/581)
2023-04-26T19:19:43.5995485Z Resolving deltas:  24% (140/581)
2023-04-26T19:19:43.5996454Z Resolving deltas:  25% (146/581)
2023-04-26T19:19:43.5997236Z Resolving deltas:  26% (152/581)
2023-04-26T19:19:43.5999536Z Resolving deltas:  27% (157/581)
2023-04-26T19:19:43.6000390Z Resolving deltas:  28% (163/581)
2023-04-26T19:19:43.6001324Z Resolving deltas:  29% (169/581)
2023-04-26T19:19:43.6001837Z Resolving deltas:  30% (175/581)
2023-04-26T19:19:43.6004173Z Resolving deltas:  31% (181/581)
2023-04-26T19:19:43.6004797Z Resolving deltas:  32% (186/581)
2023-04-26T19:19:43.6005565Z Resolving deltas:  33% (192/581)
2023-04-26T19:19:43.6006215Z Resolving deltas:  34% (198/581)
2023-04-26T19:19:43.6008245Z Resolving deltas:  35% (204/581)
2023-04-26T19:19:43.6008803Z Resolving deltas:  36% (210/581)
2023-04-26T19:19:43.6009515Z Resolving deltas:  37% (215/581)
2023-04-26T19:19:43.6010071Z Resolving deltas:  38% (221/581)
2023-04-26T19:19:43.6010795Z Resolving deltas:  39% (227/581)
2023-04-26T19:19:43.6012324Z Resolving deltas:  40% (233/581)
2023-04-26T19:19:43.6013198Z Resolving deltas:  41% (239/581)
2023-04-26T19:19:43.6014677Z Resolving deltas:  42% (245/581)
2023-04-26T19:19:43.6015966Z Resolving deltas:  43% (250/581)
2023-04-26T19:19:43.6017757Z Resolving deltas:  44% (256/581)
2023-04-26T19:19:43.6019532Z Resolving deltas:  45% (262/581)
2023-04-26T19:19:43.6027902Z Resolving deltas:  46% (268/581)
2023-04-26T19:19:43.6028486Z Resolving deltas:  47% (274/581)
2023-04-26T19:19:43.6036497Z Resolving deltas:  48% (279/581)
2023-04-26T19:19:43.6037125Z Resolving deltas:  49% (285/581)
2023-04-26T19:19:43.6045745Z Resolving deltas:  50% (291/581)
2023-04-26T19:19:43.6046311Z Resolving deltas:  51% (297/581)
2023-04-26T19:19:43.6047048Z Resolving deltas:  52% (303/581)
2023-04-26T19:19:43.6059676Z Resolving deltas:  53% (308/581)
2023-04-26T19:19:43.6060405Z Resolving deltas:  54% (314/581)
2023-04-26T19:19:43.6061119Z Resolving deltas:  55% (320/581)
2023-04-26T19:19:43.6061608Z Resolving deltas:  56% (326/581)
2023-04-26T19:19:43.6062295Z Resolving deltas:  57% (332/581)
2023-04-26T19:19:43.6062757Z Resolving deltas:  58% (337/581)
2023-04-26T19:19:43.6064243Z Resolving deltas:  59% (343/581)
2023-04-26T19:19:43.6066093Z Resolving deltas:  60% (349/581)
2023-04-26T19:19:43.6076525Z Resolving deltas:  61% (355/581)
2023-04-26T19:19:43.6077268Z Resolving deltas:  62% (361/581)
2023-04-26T19:19:43.6078222Z Resolving deltas:  63% (367/581)
2023-04-26T19:19:43.6084812Z Resolving deltas:  64% (372/581)
2023-04-26T19:19:43.6086019Z Resolving deltas:  65% (378/581)
2023-04-26T19:19:43.6089955Z Resolving deltas:  66% (384/581)
2023-04-26T19:19:43.6103511Z Resolving deltas:  67% (390/581)
2023-04-26T19:19:43.6104220Z Resolving deltas:  68% (396/581)
2023-04-26T19:19:43.6105033Z Resolving deltas:  69% (401/581)
2023-04-26T19:19:43.6108654Z Resolving deltas:  70% (407/581)
2023-04-26T19:19:43.6111895Z Resolving deltas:  71% (413/581)
2023-04-26T19:19:43.6113381Z Resolving deltas:  72% (419/581)
2023-04-26T19:19:43.6114632Z Resolving deltas:  73% (425/581)
2023-04-26T19:19:43.6116408Z Resolving deltas:  74% (430/581)
2023-04-26T19:19:43.6117131Z Resolving deltas:  75% (436/581)
2023-04-26T19:19:43.6119167Z Resolving deltas:  76% (442/581)
2023-04-26T19:19:43.6119776Z Resolving deltas:  77% (448/581)
2023-04-26T19:19:43.6121227Z Resolving deltas:  78% (454/581)
2023-04-26T19:19:43.6124318Z Resolving deltas:  79% (459/581)
2023-04-26T19:19:43.6129412Z Resolving deltas:  80% (465/581)
2023-04-26T19:19:43.6131931Z Resolving deltas:  81% (471/581)
2023-04-26T19:19:43.6132495Z Resolving deltas:  82% (477/581)
2023-04-26T19:19:43.6134780Z Resolving deltas:  83% (483/581)
2023-04-26T19:19:43.6135354Z Resolving deltas:  84% (489/581)
2023-04-26T19:19:43.6137140Z Resolving deltas:  85% (494/581)
2023-04-26T19:19:43.6138422Z Resolving deltas:  86% (500/581)
2023-04-26T19:19:43.6139776Z Resolving deltas:  87% (506/581)
2023-04-26T19:19:43.6141156Z Resolving deltas:  88% (512/581)
2023-04-26T19:19:43.6141710Z Resolving deltas:  89% (518/581)
2023-04-26T19:19:43.6144185Z Resolving deltas:  90% (523/581)
2023-04-26T19:19:43.6149200Z Resolving deltas:  91% (529/581)
2023-04-26T19:19:43.6151211Z Resolving deltas:  92% (535/581)
2023-04-26T19:19:43.6155456Z Resolving deltas:  93% (541/581)
2023-04-26T19:19:43.6159713Z Resolving deltas:  94% (547/581)
2023-04-26T19:19:43.6164312Z Resolving deltas:  95% (552/581)
2023-04-26T19:19:43.6170492Z Resolving deltas:  96% (558/581)
2023-04-26T19:19:43.6175058Z Resolving deltas:  97% (564/581)
2023-04-26T19:19:43.6180512Z Resolving deltas:  98% (570/581)
2023-04-26T19:19:43.6184656Z Resolving deltas:  99% (576/581)
2023-04-26T19:19:43.6192039Z Resolving deltas: 100% (581/581)
2023-04-26T19:19:43.6192607Z Resolving deltas: 100% (581/581), done.
2023-04-26T19:19:43.6358231Z From https://github.com/con/tinuous
2023-04-26T19:19:43.6359503Z  * [new branch]      gh-124                                   -> origin/gh-124
2023-04-26T19:19:43.6360117Z  * [new branch]      gh-55                                    -> origin/gh-55
2023-04-26T19:19:43.6360662Z  * [new branch]      master                                   -> origin/master
2023-04-26T19:19:43.6361306Z  * [new branch]      no-extra-search                          -> origin/no-extra-search
2023-04-26T19:19:43.6361935Z  * [new branch]      test-appveyor                            -> origin/test-appveyor
2023-04-26T19:19:43.6362493Z  * [new tag]         0.1.0                                    -> 0.1.0
2023-04-26T19:19:43.6362998Z  * [new tag]         0.2.0                                    -> 0.2.0
2023-04-26T19:19:43.6363671Z  * [new tag]         0.3.0                                    -> 0.3.0
2023-04-26T19:19:43.6364170Z  * [new tag]         0.4.0                                    -> 0.4.0
2023-04-26T19:19:43.6364664Z  * [new tag]         0.5.0                                    -> 0.5.0
2023-04-26T19:19:43.6365445Z  * [new tag]         0.5.1                                    -> 0.5.1
2023-04-26T19:19:43.6365944Z  * [new tag]         0.5.2                                    -> 0.5.2
2023-04-26T19:19:43.6366433Z  * [new tag]         0.5.3                                    -> 0.5.3
2023-04-26T19:19:43.6367283Z  * [new tag]         0.5.4                                    -> 0.5.4
2023-04-26T19:19:43.6367794Z  * [new tag]         0.6.0                                    -> 0.6.0
2023-04-26T19:19:43.6368623Z  * [new tag]         0.6.1                                    -> 0.6.1
2023-04-26T19:19:43.6369260Z  * [new ref]         e3770e85ca0025b3812e7f68e64357c85b6f112b -> pull/164/merge
2023-04-26T19:19:43.6402000Z ##[endgroup]
2023-04-26T19:19:43.6402450Z ##[group]Determining the checkout info
2023-04-26T19:19:43.6403723Z ##[endgroup]
2023-04-26T19:19:43.6404127Z ##[group]Checking out the ref
2023-04-26T19:19:43.6410471Z [command]/usr/bin/git checkout --progress --force refs/remotes/pull/164/merge
2023-04-26T19:19:43.6485671Z Note: switching to 'refs/remotes/pull/164/merge'.
2023-04-26T19:19:43.6486370Z 
2023-04-26T19:19:43.6487018Z You are in 'detached HEAD' state. You can look around, make experimental
2023-04-26T19:19:43.6488738Z changes and commit them, and you can discard any commits you make in this
2023-04-26T19:19:43.6489787Z state without impacting any branches by switching back to a branch.
2023-04-26T19:19:43.6490015Z 
2023-04-26T19:19:43.6490215Z If you want to create a new branch to retain commits you create, you may
2023-04-26T19:19:43.6491109Z do so (now or later) by using -c with the switch command. Example:
2023-04-26T19:19:43.6491449Z 
2023-04-26T19:19:43.6492018Z   git switch -c <new-branch-name>
2023-04-26T19:19:43.6492200Z 
2023-04-26T19:19:43.6492318Z Or undo this operation with:
2023-04-26T19:19:43.6492481Z 
2023-04-26T19:19:43.6492577Z   git switch -
2023-04-26T19:19:43.6492695Z 
2023-04-26T19:19:43.6493195Z Turn off this advice by setting config variable advice.detachedHead to false
2023-04-26T19:19:43.6493526Z 
2023-04-26T19:19:43.6493963Z HEAD is now at e3770e8 Merge 8dc68e13411b0233c0219051c7782f4964366389 into 3deb066da94165e75d6893a090a8788a5a81a925
2023-04-26T19:19:43.6502762Z ##[endgroup]
2023-04-26T19:19:43.6544830Z [command]/usr/bin/git log -1 --format='%H'
2023-04-26T19:19:43.6576699Z 'e3770e85ca0025b3812e7f68e64357c85b6f112b'
2023-04-26T19:19:43.6953972Z ##[group]Run actions/setup-python@v4
2023-04-26T19:19:43.6954357Z with:
2023-04-26T19:19:43.6954586Z   python-version: 3.8
2023-04-26T19:19:43.6955165Z   check-latest: false
2023-04-26T19:19:43.6955767Z   token: ***
2023-04-26T19:19:43.6956157Z   update-environment: true
2023-04-26T19:19:43.6956583Z   allow-prereleases: false
2023-04-26T19:19:43.6956795Z ##[endgroup]
2023-04-26T19:19:43.8917783Z ##[group]Installed versions
2023-04-26T19:19:43.9050050Z Successfully set up CPython (3.8.16)
2023-04-26T19:19:43.9051501Z ##[endgroup]
2023-04-26T19:19:43.9211933Z ##[group]Run python -m pip install --upgrade pip wheel
2023-04-26T19:19:43.9212382Z [36;1mpython -m pip install --upgrade pip wheel[0m
2023-04-26T19:19:43.9212770Z [36;1mpython -m pip install --upgrade --upgrade-strategy=eager tox[0m
2023-04-26T19:19:43.9281471Z shell: /usr/bin/bash -e {0}
2023-04-26T19:19:43.9281730Z env:
2023-04-26T19:19:43.9282076Z   pythonLocation: /opt/hostedtoolcache/Python/3.8.16/x64
2023-04-26T19:19:43.9282485Z   PKG_CONFIG_PATH: /opt/hostedtoolcache/Python/3.8.16/x64/lib/pkgconfig
2023-04-26T19:19:43.9282864Z   Python_ROOT_DIR: /opt/hostedtoolcache/Python/3.8.16/x64
2023-04-26T19:19:43.9283240Z   Python2_ROOT_DIR: /opt/hostedtoolcache/Python/3.8.16/x64
2023-04-26T19:19:43.9283610Z   Python3_ROOT_DIR: /opt/hostedtoolcache/Python/3.8.16/x64
2023-04-26T19:19:43.9283984Z   LD_LIBRARY_PATH: /opt/hostedtoolcache/Python/3.8.16/x64/lib
2023-04-26T19:19:43.9284277Z ##[endgroup]
2023-04-26T19:19:48.8143044Z Requirement already satisfied: pip in /opt/hostedtoolcache/Python/3.8.16/x64/lib/python3.8/site-packages (22.0.4)
2023-04-26T19:19:49.0863380Z Collecting pip
2023-04-26T19:19:49.2357683Z   Downloading pip-23.1.2-py3-none-any.whl (2.1 MB)
2023-04-26T19:19:49.4418280Z      ━━━━━━━━━━━━━━━━━━━━━━━━━━━━━━━━━━━━━━━━ 2.1/2.1 MB 10.2 MB/s eta 0:00:00
2023-04-26T19:19:49.5266220Z Collecting wheel
2023-04-26T19:19:49.5390673Z   Downloading wheel-0.40.0-py3-none-any.whl (64 kB)
2023-04-26T19:19:49.5466659Z      ━━━━━━━━━━━━━━━━━━━━━━━━━━━━━━━━━━━━━━━━ 64.5/64.5 kB 12.4 MB/s eta 0:00:00
2023-04-26T19:19:49.6165179Z Installing collected packages: wheel, pip
2023-04-26T19:19:49.6773197Z   Attempting uninstall: pip
2023-04-26T19:19:49.6784312Z     Found existing installation: pip 22.0.4
2023-04-26T19:19:49.8230449Z     Uninstalling pip-22.0.4:
2023-04-26T19:19:49.9201545Z       Successfully uninstalled pip-22.0.4
2023-04-26T19:19:51.2746277Z Successfully installed pip-23.1.2 wheel-0.40.0
2023-04-26T19:19:52.4796216Z Collecting tox
2023-04-26T19:19:52.6117873Z   Downloading tox-4.5.1-py3-none-any.whl (148 kB)
2023-04-26T19:19:52.6596836Z      ━━━━━━━━━━━━━━━━━━━━━━━━━━━━━━━━━━━━━━━ 149.0/149.0 kB 3.3 MB/s eta 0:00:00
2023-04-26T19:19:52.7546911Z Collecting cachetools>=5.3 (from tox)
2023-04-26T19:19:52.7725666Z   Downloading cachetools-5.3.0-py3-none-any.whl (9.3 kB)
2023-04-26T19:19:52.8094499Z Collecting chardet>=5.1 (from tox)
2023-04-26T19:19:52.8271460Z   Downloading chardet-5.1.0-py3-none-any.whl (199 kB)
2023-04-26T19:19:52.8572065Z      ━━━━━━━━━━━━━━━━━━━━━━━━━━━━━━━━━━━━━━━ 199.1/199.1 kB 7.6 MB/s eta 0:00:00
2023-04-26T19:19:52.9039155Z Collecting colorama>=0.4.6 (from tox)
2023-04-26T19:19:52.9179204Z   Downloading colorama-0.4.6-py2.py3-none-any.whl (25 kB)
2023-04-26T19:19:52.9759733Z Collecting filelock>=3.11 (from tox)
2023-04-26T19:19:52.9894011Z   Downloading filelock-3.12.0-py3-none-any.whl (10 kB)
2023-04-26T19:19:53.0424480Z Collecting packaging>=23.1 (from tox)
2023-04-26T19:19:53.0565943Z   Downloading packaging-23.1-py3-none-any.whl (48 kB)
2023-04-26T19:19:53.0670313Z      ━━━━━━━━━━━━━━━━━━━━━━━━━━━━━━━━━━━━━━━━ 48.9/48.9 kB 6.0 MB/s eta 0:00:00
2023-04-26T19:19:53.1081747Z Collecting platformdirs>=3.2 (from tox)
2023-04-26T19:19:53.1216565Z   Downloading platformdirs-3.4.0-py3-none-any.whl (15 kB)
2023-04-26T19:19:53.1638840Z Collecting pluggy>=1 (from tox)
2023-04-26T19:19:53.1772633Z   Downloading pluggy-1.0.0-py2.py3-none-any.whl (13 kB)
2023-04-26T19:19:53.2140816Z Collecting pyproject-api>=1.5.1 (from tox)
2023-04-26T19:19:53.2280619Z   Downloading pyproject_api-1.5.1-py3-none-any.whl (12 kB)
2023-04-26T19:19:53.2733741Z Collecting tomli>=2.0.1 (from tox)
2023-04-26T19:19:53.2870012Z   Downloading tomli-2.0.1-py3-none-any.whl (12 kB)
2023-04-26T19:19:53.4507912Z Collecting virtualenv>=20.21 (from tox)
2023-04-26T19:19:53.4689935Z   Downloading virtualenv-20.22.0-py3-none-any.whl (3.2 MB)
2023-04-26T19:19:53.7113974Z      ━━━━━━━━━━━━━━━━━━━━━━━━━━━━━━━━━━━━━━━━ 3.2/3.2 MB 13.6 MB/s eta 0:00:00
2023-04-26T19:19:53.8486430Z Collecting distlib<1,>=0.3.6 (from virtualenv>=20.21->tox)
2023-04-26T19:19:53.8641142Z   Downloading distlib-0.3.6-py2.py3-none-any.whl (468 kB)
2023-04-26T19:19:53.8942156Z      ━━━━━━━━━━━━━━━━━━━━━━━━━━━━━━━━━━━━━━ 468.5/468.5 kB 20.0 MB/s eta 0:00:00
2023-04-26T19:19:54.0926174Z Installing collected packages: distlib, tomli, pluggy, platformdirs, packaging, filelock, colorama, chardet, cachetools, virtualenv, pyproject-api, tox
2023-04-26T19:19:54.8714300Z Successfully installed cachetools-5.3.0 chardet-5.1.0 colorama-0.4.6 distlib-0.3.6 filelock-3.12.0 packaging-23.1 platformdirs-3.4.0 pluggy-1.0.0 pyproject-api-1.5.1 tomli-2.0.1 tox-4.5.1 virtualenv-20.22.0
2023-04-26T19:19:55.0526399Z ##[group]Run tox -e typing
2023-04-26T19:19:55.0526668Z [36;1mtox -e typing[0m
2023-04-26T19:19:55.0590708Z shell: /usr/bin/bash -e {0}
2023-04-26T19:19:55.0590906Z env:
2023-04-26T19:19:55.0591165Z   pythonLocation: /opt/hostedtoolcache/Python/3.8.16/x64
2023-04-26T19:19:55.0591495Z   PKG_CONFIG_PATH: /opt/hostedtoolcache/Python/3.8.16/x64/lib/pkgconfig
2023-04-26T19:19:55.0591802Z   Python_ROOT_DIR: /opt/hostedtoolcache/Python/3.8.16/x64
2023-04-26T19:19:55.0592102Z   Python2_ROOT_DIR: /opt/hostedtoolcache/Python/3.8.16/x64
2023-04-26T19:19:55.0592403Z   Python3_ROOT_DIR: /opt/hostedtoolcache/Python/3.8.16/x64
2023-04-26T19:19:55.0592690Z   LD_LIBRARY_PATH: /opt/hostedtoolcache/Python/3.8.16/x64/lib
2023-04-26T19:19:55.0593172Z ##[endgroup]
2023-04-26T19:19:56.2045490Z typing: install_deps> python -I -m pip install 'mypy~=0.900' 'pytest-cov~=2.0' 'pytest-mock~=3.0' 'pytest~=6.0' types-python-dateutil types-PyYAML types-requests
2023-04-26T19:20:03.3429124Z .pkg: install_requires> python -I -m pip install 'setuptools>=46.4.0' 'wheel~=0.32'
2023-04-26T19:20:04.7407804Z .pkg: _optional_hooks> python /opt/hostedtoolcache/Python/3.8.16/x64/lib/python3.8/site-packages/pyproject_api/_backend.py True setuptools.build_meta
2023-04-26T19:20:05.3542381Z .pkg: get_requires_for_build_sdist> python /opt/hostedtoolcache/Python/3.8.16/x64/lib/python3.8/site-packages/pyproject_api/_backend.py True setuptools.build_meta
2023-04-26T19:20:05.5105245Z .pkg: freeze> python -m pip freeze --all
2023-04-26T19:20:05.9326873Z .pkg: pip==23.1,setuptools==67.6.1,wheel==0.40.0
2023-04-26T19:20:05.9335745Z .pkg: prepare_metadata_for_build_wheel> python /opt/hostedtoolcache/Python/3.8.16/x64/lib/python3.8/site-packages/pyproject_api/_backend.py True setuptools.build_meta
2023-04-26T19:20:06.0962547Z .pkg: build_sdist> python /opt/hostedtoolcache/Python/3.8.16/x64/lib/python3.8/site-packages/pyproject_api/_backend.py True setuptools.build_meta
2023-04-26T19:20:06.2251318Z typing: install_package_deps> python -I -m pip install 'PyGithub~=1.55' 'PyYAML~=5.0' 'click-loglevel~=0.2' 'click>=7.0' 'in-place~=0.4' 'pydantic~=1.7' 'python-dateutil~=2.7' 'python-dotenv~=0.11' 'requests~=2.20'
2023-04-26T19:20:12.6120607Z typing: install_package> python -I -m pip install --force-reinstall --no-deps /home/runner/work/tinuous/tinuous/.tox/.tmp/package/1/tinuous-0.6.1+6.ge3770e8.tar.gz
2023-04-26T19:20:16.7328179Z typing: freeze> python -m pip freeze --all
2023-04-26T19:20:17.2717423Z typing: attrs==23.1.0,certifi==2022.12.7,cffi==1.15.1,charset-normalizer==3.1.0,click==8.1.3,click-loglevel==0.4.0.post1,coverage==7.2.3,cryptography==40.0.2,Deprecated==1.2.13,idna==3.4,in-place==0.5.0,iniconfig==2.0.0,mypy==0.991,mypy-extensions==1.0.0,packaging==23.1,pip==23.1,pluggy==1.0.0,py==1.11.0,pycparser==2.21,pydantic==1.10.7,PyGithub==1.58.1,PyJWT==2.6.0,PyNaCl==1.5.0,pytest==6.2.5,pytest-cov==2.12.1,pytest-mock==3.10.0,python-dateutil==2.8.2,python-dotenv==0.21.1,PyYAML==5.4.1,requests==2.29.0,setuptools==67.6.1,six==1.16.0,tinuous @ file:///home/runner/work/tinuous/tinuous/.tox/.tmp/package/1/tinuous-0.6.1%2B6.ge3770e8.tar.gz#sha256=42a489f0924851e814f237478176bab727d0678bf8b3719c3f233846d77996e4,toml==0.10.2,tomli==2.0.1,types-python-dateutil==2.8.19.12,types-PyYAML==6.0.12.9,types-requests==2.28.11.17,types-urllib3==1.26.25.10,typing_extensions==4.5.0,urllib3==1.26.15,wheel==0.40.0,wrapt==1.15.0
2023-04-26T19:20:17.2723300Z typing: commands[0]> mypy src test
2023-04-26T19:20:32.5582012Z Success: no issues found in 14 source files
2023-04-26T19:20:32.5722023Z .pkg: _exit> python /opt/hostedtoolcache/Python/3.8.16/x64/lib/python3.8/site-packages/pyproject_api/_backend.py True setuptools.build_meta
2023-04-26T19:20:32.6016769Z   typing: OK (36.82=setup[21.52]+cmd[15.30] seconds)
2023-04-26T19:20:32.6017519Z   congratulations :) (37.01 seconds)
2023-04-26T19:20:32.6427327Z Post job cleanup.
2023-04-26T19:20:32.8357464Z Post job cleanup.
2023-04-26T19:20:32.9686815Z [command]/usr/bin/git version
2023-04-26T19:20:32.9756212Z git version 2.40.1
2023-04-26T19:20:32.9821441Z Temporarily overriding HOME='/home/runner/work/_temp/f5cd466f-86ad-40ee-b6fb-0b4161c99c2c' before making global git config changes
2023-04-26T19:20:32.9822893Z Adding repository directory to the temporary git global config as a safe directory
2023-04-26T19:20:32.9832678Z [command]/usr/bin/git config --global --add safe.directory /home/runner/work/tinuous/tinuous
2023-04-26T19:20:32.9904377Z [command]/usr/bin/git config --local --name-only --get-regexp core\.sshCommand
2023-04-26T19:20:32.9949973Z [command]/usr/bin/git submodule foreach --recursive sh -c "git config --local --name-only --get-regexp 'core\.sshCommand' && git config --local --unset-all 'core.sshCommand' || :"
2023-04-26T19:20:33.0264861Z [command]/usr/bin/git config --local --name-only --get-regexp http\.https\:\/\/github\.com\/\.extraheader
2023-04-26T19:20:33.0297757Z http.https://github.com/.extraheader
2023-04-26T19:20:33.0313792Z [command]/usr/bin/git config --local --unset-all http.https://github.com/.extraheader
2023-04-26T19:20:33.0367105Z [command]/usr/bin/git submodule foreach --recursive sh -c "git config --local --name-only --get-regexp 'http\.https\:\/\/github\.com\/\.extraheader' && git config --local --unset-all 'http.https://github.com/.extraheader' || :"
2023-04-26T19:20:33.1003960Z Cleaning up orphan processes
