2021-02-04T21:35:18.1901264Z ##[section]Starting: Request a runner to run this job
2021-02-04T21:35:18.6678900Z Can't find any online and idle self-hosted runner in current repository that matches the required labels: 'ubuntu-latest'
2021-02-04T21:35:18.6679024Z Can't find any online and idle self-hosted runner in current repository's account/organization that matches the required labels: 'ubuntu-latest'
2021-02-04T21:35:18.6679224Z Found online and idle hosted runner in current repository's account/organization that matches the required labels: 'ubuntu-latest'
2021-02-04T21:35:18.9436150Z ##[section]Finishing: Request a runner to run this job
2021-02-04T21:35:27.7780291Z Current runner version: '2.276.1'
2021-02-04T21:35:27.7816176Z ##[group]Operating System
2021-02-04T21:35:27.7817204Z Ubuntu
2021-02-04T21:35:27.7817716Z 20.04.2
2021-02-04T21:35:27.7818112Z LTS
2021-02-04T21:35:27.7818585Z ##[endgroup]
2021-02-04T21:35:27.7819102Z ##[group]Virtual Environment
2021-02-04T21:35:27.7819797Z Environment: ubuntu-20.04
2021-02-04T21:35:27.7820309Z Version: 20210131.1
2021-02-04T21:35:27.7821251Z Included Software: https://github.com/actions/virtual-environments/blob/ubuntu20/20210131.1/images/linux/Ubuntu2004-README.md
2021-02-04T21:35:27.7822218Z ##[endgroup]
2021-02-04T21:35:27.7825634Z Prepare workflow directory
2021-02-04T21:35:27.8671306Z Prepare all required actions
2021-02-04T21:35:27.8683640Z Getting action download info
2021-02-04T21:35:28.1801484Z Download action repository 'actions/checkout@v2'
2021-02-04T21:35:30.1203630Z Download action repository 'actions/setup-python@v2'
2021-02-04T21:35:30.7035654Z ##[group]Run actions/checkout@v2
2021-02-04T21:35:30.7036416Z with:
2021-02-04T21:35:30.7037032Z   repository: con/tinuous
2021-02-04T21:35:30.7038113Z   token: ***
2021-02-04T21:35:30.7038712Z   ssh-strict: true
2021-02-04T21:35:30.7039321Z   persist-credentials: true
2021-02-04T21:35:30.7039834Z   clean: true
2021-02-04T21:35:30.7040406Z   fetch-depth: 1
2021-02-04T21:35:30.7041065Z   lfs: false
2021-02-04T21:35:30.7041463Z   submodules: false
2021-02-04T21:35:30.7041928Z ##[endgroup]
2021-02-04T21:35:31.1573325Z Syncing repository: con/tinuous
2021-02-04T21:35:31.1578543Z ##[group]Getting Git version info
2021-02-04T21:35:31.1579949Z Working directory is '/home/runner/work/tinuous/tinuous'
2021-02-04T21:35:31.1620852Z [command]/usr/bin/git version
2021-02-04T21:35:31.6759549Z git version 2.30.0
2021-02-04T21:35:31.6771730Z ##[endgroup]
2021-02-04T21:35:31.6772840Z Deleting the contents of '/home/runner/work/tinuous/tinuous'
2021-02-04T21:35:31.6781999Z ##[group]Initializing the repository
2021-02-04T21:35:31.6783541Z [command]/usr/bin/git init /home/runner/work/tinuous/tinuous
2021-02-04T21:35:31.6784859Z hint: Using 'master' as the name for the initial branch. This default branch name
2021-02-04T21:35:31.6785841Z hint: is subject to change. To configure the initial branch name to use in all
2021-02-04T21:35:31.6786879Z hint: of your new repositories, which will suppress this warning, call:
2021-02-04T21:35:31.6787816Z hint: 
2021-02-04T21:35:31.6791417Z hint: 	git config --global init.defaultBranch <name>
2021-02-04T21:35:31.6792183Z hint: 
2021-02-04T21:35:31.6793148Z hint: Names commonly chosen instead of 'master' are 'main', 'trunk' and
2021-02-04T21:35:31.6794364Z hint: 'development'. The just-created branch can be renamed via this command:
2021-02-04T21:35:31.6795193Z hint: 
2021-02-04T21:35:31.6795899Z hint: 	git branch -m <name>
2021-02-04T21:35:31.6796748Z Initialized empty Git repository in /home/runner/work/tinuous/tinuous/.git/
2021-02-04T21:35:31.6797713Z [command]/usr/bin/git remote add origin https://github.com/con/tinuous
2021-02-04T21:35:31.6798581Z ##[endgroup]
2021-02-04T21:35:31.6799293Z ##[group]Disabling automatic garbage collection
2021-02-04T21:35:31.6800331Z [command]/usr/bin/git config --local gc.auto 0
2021-02-04T21:35:31.6801083Z ##[endgroup]
2021-02-04T21:35:31.6803160Z ##[group]Setting up auth
2021-02-04T21:35:31.6804247Z [command]/usr/bin/git config --local --name-only --get-regexp core\.sshCommand
2021-02-04T21:35:31.6805876Z [command]/usr/bin/git submodule foreach --recursive git config --local --name-only --get-regexp 'core\.sshCommand' && git config --local --unset-all 'core.sshCommand' || :
2021-02-04T21:35:31.6807737Z [command]/usr/bin/git config --local --name-only --get-regexp http\.https\:\/\/github\.com\/\.extraheader
2021-02-04T21:35:31.6809521Z [command]/usr/bin/git submodule foreach --recursive git config --local --name-only --get-regexp 'http\.https\:\/\/github\.com\/\.extraheader' && git config --local --unset-all 'http.https://github.com/.extraheader' || :
2021-02-04T21:35:31.6811501Z [command]/usr/bin/git config --local http.https://github.com/.extraheader AUTHORIZATION: basic ***
2021-02-04T21:35:31.6842609Z ##[endgroup]
2021-02-04T21:35:31.6843343Z ##[group]Fetching the repository
2021-02-04T21:35:31.6844954Z [command]/usr/bin/git -c protocol.version=2 fetch --no-tags --prune --progress --no-recurse-submodules --depth=1 origin +265e58212ff7b7023c003241c9bfcb174e923e62:refs/remotes/origin/gh-11
2021-02-04T21:35:31.6846152Z remote: Enumerating objects: 11, done.        
2021-02-04T21:35:31.6846685Z remote: Counting objects:   9% (1/11)        
2021-02-04T21:35:31.6847710Z remote: Counting objects:  18% (2/11)        
2021-02-04T21:35:31.6849331Z remote: Counting objects:  27% (3/11)        
2021-02-04T21:35:31.6850089Z remote: Counting objects:  36% (4/11)        
2021-02-04T21:35:31.6850761Z remote: Counting objects:  45% (5/11)        
2021-02-04T21:35:31.6851723Z remote: Counting objects:  54% (6/11)        
2021-02-04T21:35:31.6852928Z remote: Counting objects:  63% (7/11)        
2021-02-04T21:35:31.6853891Z remote: Counting objects:  72% (8/11)        
2021-02-04T21:35:31.6854546Z remote: Counting objects:  81% (9/11)        
2021-02-04T21:35:31.6855251Z remote: Counting objects:  90% (10/11)        
2021-02-04T21:35:31.6856083Z remote: Counting objects: 100% (11/11)        
2021-02-04T21:35:31.6856876Z remote: Counting objects: 100% (11/11), done.        
2021-02-04T21:35:31.6857587Z remote: Compressing objects:  11% (1/9)        
2021-02-04T21:35:31.6858347Z remote: Compressing objects:  22% (2/9)        
2021-02-04T21:35:31.6859201Z remote: Compressing objects:  33% (3/9)        
2021-02-04T21:35:31.6859943Z remote: Compressing objects:  44% (4/9)        
2021-02-04T21:35:31.6861089Z remote: Compressing objects:  55% (5/9)        
2021-02-04T21:35:31.6861799Z remote: Compressing objects:  66% (6/9)        
2021-02-04T21:35:31.6862529Z remote: Compressing objects:  77% (7/9)        
2021-02-04T21:35:31.6863256Z remote: Compressing objects:  88% (8/9)        
2021-02-04T21:35:31.6864183Z remote: Compressing objects: 100% (9/9)        
2021-02-04T21:35:31.6864918Z remote: Compressing objects: 100% (9/9), done.        
2021-02-04T21:35:31.6866753Z remote: Total 11 (delta 0), reused 7 (delta 0), pack-reused 0        
2021-02-04T21:35:31.6881373Z From https://github.com/con/tinuous
2021-02-04T21:35:31.6882841Z  * [new ref]         265e58212ff7b7023c003241c9bfcb174e923e62 -> origin/gh-11
2021-02-04T21:35:31.6883755Z ##[endgroup]
2021-02-04T21:35:31.6884629Z ##[group]Determining the checkout info
2021-02-04T21:35:31.6885685Z ##[endgroup]
2021-02-04T21:35:31.6886468Z ##[group]Checking out the ref
2021-02-04T21:35:31.6888326Z [command]/usr/bin/git checkout --progress --force -B gh-11 refs/remotes/origin/gh-11
2021-02-04T21:35:31.6890012Z Switched to a new branch 'gh-11'
2021-02-04T21:35:31.6891814Z Branch 'gh-11' set up to track remote branch 'gh-11' from 'origin'.
2021-02-04T21:35:31.6892576Z ##[endgroup]
2021-02-04T21:35:31.6893859Z [command]/usr/bin/git log -1 --format='%H'
2021-02-04T21:35:31.6894852Z '265e58212ff7b7023c003241c9bfcb174e923e62'
2021-02-04T21:35:31.7050188Z ##[group]Run actions/setup-python@v2
2021-02-04T21:35:31.7050715Z with:
2021-02-04T21:35:31.7051136Z   python-version: 3.8
2021-02-04T21:35:31.7051945Z   token: ***
2021-02-04T21:35:31.7052330Z ##[endgroup]
2021-02-04T21:35:31.7842022Z Successfully setup CPython (3.8.7)
2021-02-04T21:35:31.7911595Z ##[group]Run python -m pip install --upgrade pip wheel
2021-02-04T21:35:31.7912469Z [36;1mpython -m pip install --upgrade pip wheel[0m
2021-02-04T21:35:31.7913394Z [36;1mpython -m pip install -r requirements.txt[0m
2021-02-04T21:35:31.7958166Z shell: /usr/bin/bash -e {0}
2021-02-04T21:35:31.7958515Z env:
2021-02-04T21:35:31.7958999Z   pythonLocation: /opt/hostedtoolcache/Python/3.8.7/x64
2021-02-04T21:35:31.7959644Z   LD_LIBRARY_PATH: /opt/hostedtoolcache/Python/3.8.7/x64/lib
2021-02-04T21:35:31.7960134Z ##[endgroup]
2021-02-04T21:35:32.3937872Z Requirement already satisfied: pip in /opt/hostedtoolcache/Python/3.8.7/x64/lib/python3.8/site-packages (21.0.1)
2021-02-04T21:35:32.8010276Z Collecting wheel
2021-02-04T21:35:32.8759816Z   Downloading wheel-0.36.2-py2.py3-none-any.whl (35 kB)
2021-02-04T21:35:32.9190858Z Installing collected packages: wheel
2021-02-04T21:35:32.9567658Z Successfully installed wheel-0.36.2
2021-02-04T21:35:33.7521770Z Collecting cfgv~=3.0
2021-02-04T21:35:33.8118830Z   Downloading cfgv-3.2.0-py2.py3-none-any.whl (7.3 kB)
2021-02-04T21:35:33.8745297Z Collecting click~=7.0
2021-02-04T21:35:33.8907812Z   Downloading click-7.1.2-py2.py3-none-any.whl (82 kB)
2021-02-04T21:35:33.9576472Z Collecting click-loglevel~=0.2
2021-02-04T21:35:34.0174202Z   Downloading click_loglevel-0.2.0-py3-none-any.whl (4.2 kB)
2021-02-04T21:35:34.0839276Z Collecting PyGithub~=1.53
2021-02-04T21:35:34.1025667Z   Downloading PyGithub-1.54.1-py3-none-any.whl (289 kB)
2021-02-04T21:35:34.2270270Z Collecting python-dateutil~=2.7
2021-02-04T21:35:34.2448875Z   Downloading python_dateutil-2.8.1-py2.py3-none-any.whl (227 kB)
2021-02-04T21:35:34.4113028Z Collecting PyYAML~=5.0
2021-02-04T21:35:34.4268966Z   Downloading PyYAML-5.4.1-cp38-cp38-manylinux1_x86_64.whl (662 kB)
2021-02-04T21:35:34.6278490Z Collecting requests~=2.20
2021-02-04T21:35:34.6429066Z   Downloading requests-2.25.1-py2.py3-none-any.whl (61 kB)
2021-02-04T21:35:35.6207061Z Collecting deprecated
2021-02-04T21:35:35.6221318Z   Downloading Deprecated-1.2.11-py2.py3-none-any.whl (9.1 kB)
2021-02-04T21:35:35.6222982Z Collecting pyjwt<2.0
2021-02-04T21:35:35.6224667Z   Downloading PyJWT-1.7.1-py2.py3-none-any.whl (18 kB)
2021-02-04T21:35:35.6226055Z Collecting six>=1.5
2021-02-04T21:35:35.6234140Z   Downloading six-1.15.0-py2.py3-none-any.whl (10 kB)
2021-02-04T21:35:35.6275365Z Collecting urllib3<1.27,>=1.21.1
2021-02-04T21:35:35.6277253Z   Downloading urllib3-1.26.3-py2.py3-none-any.whl (137 kB)
2021-02-04T21:35:35.6278531Z Collecting chardet<5,>=3.0.2
2021-02-04T21:35:35.6280492Z   Downloading chardet-4.0.0-py2.py3-none-any.whl (178 kB)
2021-02-04T21:35:35.6281835Z Collecting certifi>=2017.4.17
2021-02-04T21:35:35.6283503Z   Downloading certifi-2020.12.5-py2.py3-none-any.whl (147 kB)
2021-02-04T21:35:35.6284773Z Collecting idna<3,>=2.5
2021-02-04T21:35:35.6286085Z   Downloading idna-2.10-py2.py3-none-any.whl (58 kB)
2021-02-04T21:35:35.6287172Z Collecting wrapt<2,>=1.10
2021-02-04T21:35:35.6288527Z   Downloading wrapt-1.12.1.tar.gz (27 kB)
2021-02-04T21:35:36.1102262Z Building wheels for collected packages: wrapt
2021-02-04T21:35:36.1121861Z   Building wheel for wrapt (setup.py): started
2021-02-04T21:35:37.6539425Z   Building wheel for wrapt (setup.py): finished with status 'done'
2021-02-04T21:35:37.6591197Z   Created wheel for wrapt: filename=wrapt-1.12.1-cp38-cp38-linux_x86_64.whl size=81798 sha256=95198361703610dc2d29249bd5de77408b9d1c10b54e33a6033ebc28c9cd58bd
2021-02-04T21:35:37.6593480Z   Stored in directory: /home/runner/.cache/pip/wheels/5f/fd/9e/b6cf5890494cb8ef0b5eaff72e5d55a70fb56316007d6dfe73
2021-02-04T21:35:37.6594517Z Successfully built wrapt
2021-02-04T21:35:37.7567226Z Installing collected packages: wrapt, urllib3, idna, chardet, certifi, six, requests, pyjwt, deprecated, click, PyYAML, python-dateutil, PyGithub, click-loglevel, cfgv
2021-02-04T21:35:38.6942317Z Successfully installed PyGithub-1.54.1 PyYAML-5.4.1 certifi-2020.12.5 cfgv-3.2.0 chardet-4.0.0 click-7.1.2 click-loglevel-0.2.0 deprecated-1.2.11 idna-2.10 pyjwt-1.7.1 python-dateutil-2.8.1 requests-2.25.1 six-1.15.0 urllib3-1.26.3 wrapt-1.12.1
2021-02-04T21:35:38.7791157Z ##[group]Run python tinuous --help
2021-02-04T21:35:38.7791747Z [36;1mpython tinuous --help[0m
2021-02-04T21:35:38.7836973Z shell: /usr/bin/bash -e {0}
2021-02-04T21:35:38.7837542Z env:
2021-02-04T21:35:38.7838080Z   pythonLocation: /opt/hostedtoolcache/Python/3.8.7/x64
2021-02-04T21:35:38.7838820Z   LD_LIBRARY_PATH: /opt/hostedtoolcache/Python/3.8.7/x64/lib
2021-02-04T21:35:38.7839378Z ##[endgroup]
2021-02-04T21:35:39.0479963Z Usage: tinuous [OPTIONS]
2021-02-04T21:35:39.0480704Z 
2021-02-04T21:35:39.0481213Z Options:
2021-02-04T21:35:39.0482851Z   -c, --config FILE               Read configuration from the given file
2021-02-04T21:35:39.0483883Z                                   [default: config.yml]
2021-02-04T21:35:39.0484366Z 
2021-02-04T21:35:39.0485454Z   -l, --log-level [NOTSET|DEBUG|INFO|WARNING|ERROR|CRITICAL]
2021-02-04T21:35:39.0486380Z                                   Set logging level  [default: INFO]
2021-02-04T21:35:39.0488101Z   -S, --state FILE                Store program state in the given file
2021-02-04T21:35:39.0488924Z                                   [default: .dlstate.json]
2021-02-04T21:35:39.0489258Z 
2021-02-04T21:35:39.0489880Z   --help                          Show this message and exit.
2021-02-04T21:35:39.0774526Z Post job cleanup.
2021-02-04T21:35:39.1931005Z [command]/usr/bin/git version
2021-02-04T21:35:39.1996451Z git version 2.30.0
2021-02-04T21:35:39.2035062Z [command]/usr/bin/git config --local --name-only --get-regexp core\.sshCommand
2021-02-04T21:35:39.2075747Z [command]/usr/bin/git submodule foreach --recursive git config --local --name-only --get-regexp 'core\.sshCommand' && git config --local --unset-all 'core.sshCommand' || :
2021-02-04T21:35:39.2340708Z [command]/usr/bin/git config --local --name-only --get-regexp http\.https\:\/\/github\.com\/\.extraheader
2021-02-04T21:35:39.2373150Z http.https://github.com/.extraheader
2021-02-04T21:35:39.2388942Z [command]/usr/bin/git config --local --unset-all http.https://github.com/.extraheader
2021-02-04T21:35:39.2421870Z [command]/usr/bin/git submodule foreach --recursive git config --local --name-only --get-regexp 'http\.https\:\/\/github\.com\/\.extraheader' && git config --local --unset-all 'http.https://github.com/.extraheader' || :
2021-02-04T21:35:39.2744354Z Cleaning up orphan processes
