2023-11-09T17:02:11.5774957Z Requested labels: ubuntu-latest
2023-11-09T17:02:11.5775208Z Job defined at: con/tinuous/.github/workflows/test.yml@refs/heads/mypy-import
2023-11-09T17:02:11.5775317Z Waiting for a runner to pick up this job...
2023-11-09T17:02:12.7107883Z Job is waiting for a hosted runner to come online.
2023-11-09T17:02:15.1696822Z Job is about to start running on the hosted runner: GitHub Actions 7 (hosted)
2023-11-09T17:02:18.2759535Z Current runner version: '2.311.0'
2023-11-09T17:02:18.2797790Z ##[group]Operating System
2023-11-09T17:02:18.2798967Z Ubuntu
2023-11-09T17:02:18.2799518Z 22.04.3
2023-11-09T17:02:18.2800027Z LTS
2023-11-09T17:02:18.2800653Z ##[endgroup]
2023-11-09T17:02:18.2801298Z ##[group]Runner Image
2023-11-09T17:02:18.2801958Z Image: ubuntu-22.04
2023-11-09T17:02:18.2802696Z Version: 20231030.2.0
2023-11-09T17:02:18.2804341Z Included Software: https://github.com/actions/runner-images/blob/ubuntu22/20231030.2/images/linux/Ubuntu2204-Readme.md
2023-11-09T17:02:18.2806725Z Image Release: https://github.com/actions/runner-images/releases/tag/ubuntu22%2F20231030.2
2023-11-09T17:02:18.2808179Z ##[endgroup]
2023-11-09T17:02:18.2808853Z ##[group]Runner Image Provisioner
2023-11-09T17:02:18.2809634Z 2.0.312.1
2023-11-09T17:02:18.2810248Z ##[endgroup]
2023-11-09T17:02:18.2813813Z ##[group]GITHUB_TOKEN Permissions
2023-11-09T17:02:18.2816403Z Actions: write
2023-11-09T17:02:18.2817264Z Checks: write
2023-11-09T17:02:18.2818155Z Contents: write
2023-11-09T17:02:18.2819011Z Deployments: write
2023-11-09T17:02:18.2819630Z Discussions: write
2023-11-09T17:02:18.2820321Z Issues: write
2023-11-09T17:02:18.2820937Z Metadata: read
2023-11-09T17:02:18.2821559Z Packages: write
2023-11-09T17:02:18.2822211Z Pages: write
2023-11-09T17:02:18.2823054Z PullRequests: write
2023-11-09T17:02:18.2823765Z RepositoryProjects: write
2023-11-09T17:02:18.2824572Z SecurityEvents: write
2023-11-09T17:02:18.2825296Z Statuses: write
2023-11-09T17:02:18.2825926Z ##[endgroup]
2023-11-09T17:02:18.2830756Z Secret source: Actions
2023-11-09T17:02:18.2831708Z Prepare workflow directory
2023-11-09T17:02:18.3734602Z Prepare all required actions
2023-11-09T17:02:18.3964605Z Getting action download info
2023-11-09T17:02:18.6750846Z Download action repository 'actions/checkout@v4' (SHA:b4ffde65f46336ab88eb53be808477a3936bae11)
2023-11-09T17:02:18.8684116Z Download action repository 'actions/setup-python@v4' (SHA:65d7f2d534ac1bc67fcd62888c5f4f3d2cb2b236)
2023-11-09T17:02:18.9923406Z Download action repository 'codecov/codecov-action@v3' (SHA:eaaf4bedf32dbdc6b720b63067d99c4d77d6047d)
2023-11-09T17:02:19.7341021Z Complete job name: test (3.8, typing)
2023-11-09T17:02:19.8584930Z ##[group]Run actions/checkout@v4
2023-11-09T17:02:19.8585663Z with:
2023-11-09T17:02:19.8586072Z   fetch-depth: 0
2023-11-09T17:02:19.8586579Z   repository: con/tinuous
2023-11-09T17:02:19.8587492Z   token: ***
2023-11-09T17:02:19.8587954Z   ssh-strict: true
2023-11-09T17:02:19.8588496Z   persist-credentials: true
2023-11-09T17:02:19.8589077Z   clean: true
2023-11-09T17:02:19.8589570Z   sparse-checkout-cone-mode: true
2023-11-09T17:02:19.8590224Z   fetch-tags: false
2023-11-09T17:02:19.8590738Z   show-progress: true
2023-11-09T17:02:19.8591227Z   lfs: false
2023-11-09T17:02:19.8591683Z   submodules: false
2023-11-09T17:02:19.8592203Z   set-safe-directory: true
2023-11-09T17:02:19.8592748Z ##[endgroup]
2023-11-09T17:02:20.2809084Z Syncing repository: con/tinuous
2023-11-09T17:02:20.2811423Z ##[group]Getting Git version info
2023-11-09T17:02:20.2812439Z Working directory is '/home/runner/work/tinuous/tinuous'
2023-11-09T17:02:20.2813517Z [command]/usr/bin/git version
2023-11-09T17:02:20.3069272Z git version 2.42.0
2023-11-09T17:02:20.3071503Z ##[endgroup]
2023-11-09T17:02:20.3221419Z Temporarily overriding HOME='/home/runner/work/_temp/63e36df7-9c33-4b3a-b82f-b15665a79d6e' before making global git config changes
2023-11-09T17:02:20.3223475Z Adding repository directory to the temporary git global config as a safe directory
2023-11-09T17:02:20.3224950Z [command]/usr/bin/git config --global --add safe.directory /home/runner/work/tinuous/tinuous
2023-11-09T17:02:20.3264166Z Deleting the contents of '/home/runner/work/tinuous/tinuous'
2023-11-09T17:02:20.3272471Z ##[group]Initializing the repository
2023-11-09T17:02:20.3276284Z [command]/usr/bin/git init /home/runner/work/tinuous/tinuous
2023-11-09T17:02:20.3460576Z hint: Using 'master' as the name for the initial branch. This default branch name
2023-11-09T17:02:20.3462207Z hint: is subject to change. To configure the initial branch name to use in all
2023-11-09T17:02:20.3463539Z hint: of your new repositories, which will suppress this warning, call:
2023-11-09T17:02:20.3464346Z hint: 
2023-11-09T17:02:20.3464953Z hint: 	git config --global init.defaultBranch <name>
2023-11-09T17:02:20.3465582Z hint: 
2023-11-09T17:02:20.3466302Z hint: Names commonly chosen instead of 'master' are 'main', 'trunk' and
2023-11-09T17:02:20.3467528Z hint: 'development'. The just-created branch can be renamed via this command:
2023-11-09T17:02:20.3468343Z hint: 
2023-11-09T17:02:20.3468762Z hint: 	git branch -m <name>
2023-11-09T17:02:20.3469552Z Initialized empty Git repository in /home/runner/work/tinuous/tinuous/.git/
2023-11-09T17:02:20.3471398Z [command]/usr/bin/git remote add origin https://github.com/con/tinuous
2023-11-09T17:02:20.3500620Z ##[endgroup]
2023-11-09T17:02:20.3501408Z ##[group]Disabling automatic garbage collection
2023-11-09T17:02:20.3504879Z [command]/usr/bin/git config --local gc.auto 0
2023-11-09T17:02:20.3539873Z ##[endgroup]
2023-11-09T17:02:20.3540859Z ##[group]Setting up auth
2023-11-09T17:02:20.3546610Z [command]/usr/bin/git config --local --name-only --get-regexp core\.sshCommand
2023-11-09T17:02:20.3581388Z [command]/usr/bin/git submodule foreach --recursive sh -c "git config --local --name-only --get-regexp 'core\.sshCommand' && git config --local --unset-all 'core.sshCommand' || :"
2023-11-09T17:02:20.4241894Z [command]/usr/bin/git config --local --name-only --get-regexp http\.https\:\/\/github\.com\/\.extraheader
2023-11-09T17:02:20.4246652Z [command]/usr/bin/git submodule foreach --recursive sh -c "git config --local --name-only --get-regexp 'http\.https\:\/\/github\.com\/\.extraheader' && git config --local --unset-all 'http.https://github.com/.extraheader' || :"
2023-11-09T17:02:20.4543378Z [command]/usr/bin/git config --local http.https://github.com/.extraheader AUTHORIZATION: basic ***
2023-11-09T17:02:20.4546897Z ##[endgroup]
2023-11-09T17:02:20.4547747Z ##[group]Fetching the repository
2023-11-09T17:02:20.4549963Z [command]/usr/bin/git -c protocol.version=2 fetch --prune --no-recurse-submodules origin +refs/heads/*:refs/remotes/origin/* +refs/tags/*:refs/tags/*
2023-11-09T17:02:21.2103569Z From https://github.com/con/tinuous
2023-11-09T17:02:21.2154113Z  * [new branch]      gh-55           -> origin/gh-55
2023-11-09T17:02:21.2154994Z  * [new branch]      ghtoken         -> origin/ghtoken
2023-11-09T17:02:21.2155837Z  * [new branch]      headers         -> origin/headers
2023-11-09T17:02:21.2156655Z  * [new branch]      limit-ci        -> origin/limit-ci
2023-11-09T17:02:21.2157478Z  * [new branch]      master          -> origin/master
2023-11-09T17:02:21.2158341Z  * [new branch]      mypy-import     -> origin/mypy-import
2023-11-09T17:02:21.2159263Z  * [new branch]      no-extra-search -> origin/no-extra-search
2023-11-09T17:02:21.2160160Z  * [new branch]      pragmata        -> origin/pragmata
2023-11-09T17:02:21.2160993Z  * [new branch]      py312           -> origin/py312
2023-11-09T17:02:21.2161800Z  * [new branch]      pypy            -> origin/pypy
2023-11-09T17:02:21.2162681Z  * [new branch]      test-appveyor   -> origin/test-appveyor
2023-11-09T17:02:21.2163547Z  * [new branch]      unused          -> origin/unused
2023-11-09T17:02:21.2164352Z  * [new branch]      updates         -> origin/updates
2023-11-09T17:02:21.2165111Z  * [new tag]         0.1.0           -> 0.1.0
2023-11-09T17:02:21.2165800Z  * [new tag]         0.2.0           -> 0.2.0
2023-11-09T17:02:21.2166474Z  * [new tag]         0.3.0           -> 0.3.0
2023-11-09T17:02:21.2167157Z  * [new tag]         0.4.0           -> 0.4.0
2023-11-09T17:02:21.2167834Z  * [new tag]         0.5.0           -> 0.5.0
2023-11-09T17:02:21.2168500Z  * [new tag]         0.5.1           -> 0.5.1
2023-11-09T17:02:21.2169184Z  * [new tag]         0.5.2           -> 0.5.2
2023-11-09T17:02:21.2169857Z  * [new tag]         0.5.3           -> 0.5.3
2023-11-09T17:02:21.2170532Z  * [new tag]         0.5.4           -> 0.5.4
2023-11-09T17:02:21.2171566Z  * [new tag]         0.6.0           -> 0.6.0
2023-11-09T17:02:21.2172245Z  * [new tag]         0.6.1           -> 0.6.1
2023-11-09T17:02:21.2174228Z [command]/usr/bin/git branch --list --remote origin/mypy-import
2023-11-09T17:02:21.2175186Z   origin/mypy-import
2023-11-09T17:02:21.2176887Z [command]/usr/bin/git rev-parse refs/remotes/origin/mypy-import
2023-11-09T17:02:21.2185259Z e06c87ca1ac34486f062c4325192b482bbe1f7f7
2023-11-09T17:02:21.2210496Z ##[endgroup]
2023-11-09T17:02:21.2211516Z ##[group]Determining the checkout info
2023-11-09T17:02:21.2212542Z ##[endgroup]
2023-11-09T17:02:21.2213621Z ##[group]Checking out the ref
2023-11-09T17:02:21.2214972Z [command]/usr/bin/git checkout --progress --force -B mypy-import refs/remotes/origin/mypy-import
2023-11-09T17:02:21.2297578Z Switched to a new branch 'mypy-import'
2023-11-09T17:02:21.2298914Z branch 'mypy-import' set up to track 'origin/mypy-import'.
2023-11-09T17:02:21.2307117Z ##[endgroup]
2023-11-09T17:02:21.2344351Z [command]/usr/bin/git log -1 --format='%H'
2023-11-09T17:02:21.2371678Z 'e06c87ca1ac34486f062c4325192b482bbe1f7f7'
2023-11-09T17:02:21.2973370Z ##[group]Run actions/setup-python@v4
2023-11-09T17:02:21.2974091Z with:
2023-11-09T17:02:21.2974597Z   python-version: 3.8
2023-11-09T17:02:21.2975194Z   check-latest: false
2023-11-09T17:02:21.2976026Z   token: ***
2023-11-09T17:02:21.2976563Z   update-environment: true
2023-11-09T17:02:21.2977241Z   allow-prereleases: false
2023-11-09T17:02:21.2977826Z ##[endgroup]
2023-11-09T17:02:21.7195801Z ##[group]Installed versions
2023-11-09T17:02:21.7339325Z Successfully set up CPython (3.8.18)
2023-11-09T17:02:21.7349255Z ##[endgroup]
2023-11-09T17:02:21.7683082Z ##[group]Run python -m pip install --upgrade pip wheel
2023-11-09T17:02:21.7684002Z [36;1mpython -m pip install --upgrade pip wheel[0m
2023-11-09T17:02:21.7684888Z [36;1mpython -m pip install --upgrade --upgrade-strategy=eager tox[0m
2023-11-09T17:02:21.7752811Z shell: /usr/bin/bash -e {0}
2023-11-09T17:02:21.7753345Z env:
2023-11-09T17:02:21.7753850Z   pythonLocation: /opt/hostedtoolcache/Python/3.8.18/x64
2023-11-09T17:02:21.7754795Z   PKG_CONFIG_PATH: /opt/hostedtoolcache/Python/3.8.18/x64/lib/pkgconfig
2023-11-09T17:02:21.7756314Z   Python_ROOT_DIR: /opt/hostedtoolcache/Python/3.8.18/x64
2023-11-09T17:02:21.7757145Z   Python2_ROOT_DIR: /opt/hostedtoolcache/Python/3.8.18/x64
2023-11-09T17:02:21.7757960Z   Python3_ROOT_DIR: /opt/hostedtoolcache/Python/3.8.18/x64
2023-11-09T17:02:21.7758808Z   LD_LIBRARY_PATH: /opt/hostedtoolcache/Python/3.8.18/x64/lib
2023-11-09T17:02:21.7759511Z ##[endgroup]
2023-11-09T17:02:22.9722346Z Requirement already satisfied: pip in /opt/hostedtoolcache/Python/3.8.18/x64/lib/python3.8/site-packages (23.0.1)
2023-11-09T17:02:23.1907474Z Collecting pip
2023-11-09T17:02:23.2895909Z   Downloading pip-23.3.1-py3-none-any.whl.metadata (3.5 kB)
2023-11-09T17:02:23.3504394Z Collecting wheel
2023-11-09T17:02:23.3577323Z   Downloading wheel-0.41.3-py3-none-any.whl.metadata (2.2 kB)
2023-11-09T17:02:23.3732125Z Downloading pip-23.3.1-py3-none-any.whl (2.1 MB)
2023-11-09T17:02:23.4618805Z    â”â”â”â”â”â”â”â”â”â”â”â”â”â”â”â”â”â”â”â”â”â”â”â”â”â”â”â”â”â”â”â”â”â”â”â”â”â”â”â” 2.1/2.1 MB 24.9 MB/s eta 0:00:00
2023-11-09T17:02:23.4669125Z Downloading wheel-0.41.3-py3-none-any.whl (65 kB)
2023-11-09T17:02:23.4769656Z    â”â”â”â”â”â”â”â”â”â”â”â”â”â”â”â”â”â”â”â”â”â”â”â”â”â”â”â”â”â”â”â”â”â”â”â”â”â”â”â” 65.8/65.8 kB 8.6 MB/s eta 0:00:00
2023-11-09T17:02:23.5510270Z Installing collected packages: wheel, pip
2023-11-09T17:02:23.6159918Z   Attempting uninstall: pip
2023-11-09T17:02:23.6173548Z     Found existing installation: pip 23.0.1
2023-11-09T17:02:23.6978815Z     Uninstalling pip-23.0.1:
2023-11-09T17:02:23.7566153Z       Successfully uninstalled pip-23.0.1
2023-11-09T17:02:25.1556213Z Successfully installed pip-23.3.1 wheel-0.41.3
2023-11-09T17:02:26.3409594Z Collecting tox
2023-11-09T17:02:26.4384708Z   Downloading tox-4.11.3-py3-none-any.whl.metadata (5.0 kB)
2023-11-09T17:02:26.5366407Z Collecting cachetools>=5.3.1 (from tox)
2023-11-09T17:02:26.5418774Z   Downloading cachetools-5.3.2-py3-none-any.whl.metadata (5.2 kB)
2023-11-09T17:02:26.5696033Z Collecting chardet>=5.2 (from tox)
2023-11-09T17:02:26.5746966Z   Downloading chardet-5.2.0-py3-none-any.whl.metadata (3.4 kB)
2023-11-09T17:02:26.6154094Z Collecting colorama>=0.4.6 (from tox)
2023-11-09T17:02:26.6205187Z   Downloading colorama-0.4.6-py2.py3-none-any.whl (25 kB)
2023-11-09T17:02:26.6787800Z Collecting filelock>=3.12.3 (from tox)
2023-11-09T17:02:26.6837009Z   Downloading filelock-3.13.1-py3-none-any.whl.metadata (2.8 kB)
2023-11-09T17:02:26.7319194Z Collecting packaging>=23.1 (from tox)
2023-11-09T17:02:26.7372721Z   Downloading packaging-23.2-py3-none-any.whl.metadata (3.2 kB)
2023-11-09T17:02:26.7801738Z Collecting platformdirs>=3.10 (from tox)
2023-11-09T17:02:26.7853611Z   Downloading platformdirs-3.11.0-py3-none-any.whl.metadata (11 kB)
2023-11-09T17:02:26.8223869Z Collecting pluggy>=1.3 (from tox)
2023-11-09T17:02:26.8272784Z   Downloading pluggy-1.3.0-py3-none-any.whl.metadata (4.3 kB)
2023-11-09T17:02:26.8574080Z Collecting pyproject-api>=1.6.1 (from tox)
2023-11-09T17:02:26.8623944Z   Downloading pyproject_api-1.6.1-py3-none-any.whl.metadata (2.8 kB)
2023-11-09T17:02:26.8949692Z Collecting tomli>=2.0.1 (from tox)
2023-11-09T17:02:26.8994540Z   Downloading tomli-2.0.1-py3-none-any.whl (12 kB)
2023-11-09T17:02:27.0412544Z Collecting virtualenv>=20.24.3 (from tox)
2023-11-09T17:02:27.0463970Z   Downloading virtualenv-20.24.6-py3-none-any.whl.metadata (4.5 kB)
2023-11-09T17:02:27.1730345Z Collecting distlib<1,>=0.3.7 (from virtualenv>=20.24.3->tox)
2023-11-09T17:02:27.1784148Z   Downloading distlib-0.3.7-py2.py3-none-any.whl.metadata (5.1 kB)
2023-11-09T17:02:27.2104814Z Downloading tox-4.11.3-py3-none-any.whl (153 kB)
2023-11-09T17:02:27.2249972Z    â”â”â”â”â”â”â”â”â”â”â”â”â”â”â”â”â”â”â”â”â”â”â”â”â”â”â”â”â”â”â”â”â”â”â”â”â”â”â”â” 153.8/153.8 kB 13.8 MB/s eta 0:00:00
2023-11-09T17:02:27.2302038Z Downloading cachetools-5.3.2-py3-none-any.whl (9.3 kB)
2023-11-09T17:02:27.2403551Z Downloading chardet-5.2.0-py3-none-any.whl (199 kB)
2023-11-09T17:02:27.2504163Z    â”â”â”â”â”â”â”â”â”â”â”â”â”â”â”â”â”â”â”â”â”â”â”â”â”â”â”â”â”â”â”â”â”â”â”â”â”â”â”â” 199.4/199.4 kB 29.4 MB/s eta 0:00:00
2023-11-09T17:02:27.2550404Z Downloading filelock-3.13.1-py3-none-any.whl (11 kB)
2023-11-09T17:02:27.2643696Z Downloading packaging-23.2-py3-none-any.whl (53 kB)
2023-11-09T17:02:27.2744492Z    â”â”â”â”â”â”â”â”â”â”â”â”â”â”â”â”â”â”â”â”â”â”â”â”â”â”â”â”â”â”â”â”â”â”â”â”â”â”â”â” 53.0/53.0 kB 6.7 MB/s eta 0:00:00
2023-11-09T17:02:27.2793473Z Downloading platformdirs-3.11.0-py3-none-any.whl (17 kB)
2023-11-09T17:02:27.2893863Z Downloading pluggy-1.3.0-py3-none-any.whl (18 kB)
2023-11-09T17:02:27.2985083Z Downloading pyproject_api-1.6.1-py3-none-any.whl (12 kB)
2023-11-09T17:02:27.3112932Z Downloading virtualenv-20.24.6-py3-none-any.whl (3.8 MB)
2023-11-09T17:02:27.3583156Z    â”â”â”â”â”â”â”â”â”â”â”â”â”â”â”â”â”â”â”â”â”â”â”â”â”â”â”â”â”â”â”â”â”â”â”â”â”â”â”â” 3.8/3.8 MB 87.9 MB/s eta 0:00:00
2023-11-09T17:02:27.3640141Z Downloading distlib-0.3.7-py2.py3-none-any.whl (468 kB)
2023-11-09T17:02:27.3766880Z    â”â”â”â”â”â”â”â”â”â”â”â”â”â”â”â”â”â”â”â”â”â”â”â”â”â”â”â”â”â”â”â”â”â”â”â”â”â”â”â” 468.9/468.9 kB 48.5 MB/s eta 0:00:00
2023-11-09T17:02:27.5852961Z Installing collected packages: distlib, tomli, pluggy, platformdirs, packaging, filelock, colorama, chardet, cachetools, virtualenv, pyproject-api, tox
2023-11-09T17:02:28.4386707Z Successfully installed cachetools-5.3.2 chardet-5.2.0 colorama-0.4.6 distlib-0.3.7 filelock-3.13.1 packaging-23.2 platformdirs-3.11.0 pluggy-1.3.0 pyproject-api-1.6.1 tomli-2.0.1 tox-4.11.3 virtualenv-20.24.6
2023-11-09T17:02:28.6149175Z ##[group]Run tox -e typing
2023-11-09T17:02:28.6149959Z [36;1mtox -e typing[0m
2023-11-09T17:02:28.6196125Z shell: /usr/bin/bash -e {0}
2023-11-09T17:02:28.6196593Z env:
2023-11-09T17:02:28.6197108Z   pythonLocation: /opt/hostedtoolcache/Python/3.8.18/x64
2023-11-09T17:02:28.6198054Z   PKG_CONFIG_PATH: /opt/hostedtoolcache/Python/3.8.18/x64/lib/pkgconfig
2023-11-09T17:02:28.6198987Z   Python_ROOT_DIR: /opt/hostedtoolcache/Python/3.8.18/x64
2023-11-09T17:02:28.6199802Z   Python2_ROOT_DIR: /opt/hostedtoolcache/Python/3.8.18/x64
2023-11-09T17:02:28.6200629Z   Python3_ROOT_DIR: /opt/hostedtoolcache/Python/3.8.18/x64
2023-11-09T17:02:28.6201673Z   LD_LIBRARY_PATH: /opt/hostedtoolcache/Python/3.8.18/x64/lib
2023-11-09T17:02:28.6202349Z ##[endgroup]
2023-11-09T17:02:29.3716375Z typing: install_deps> python -I -m pip install mypy pytest pytest-cov pytest-mock types-python-dateutil types-PyYAML types-requests
2023-11-09T17:02:35.4659681Z .pkg: install_requires> python -I -m pip install 'setuptools>=46.4.0' versioningit
2023-11-09T17:02:37.7142471Z .pkg: _optional_hooks> python /opt/hostedtoolcache/Python/3.8.18/x64/lib/python3.8/site-packages/pyproject_api/_backend.py True setuptools.build_meta
2023-11-09T17:02:38.0243809Z .pkg: get_requires_for_build_sdist> python /opt/hostedtoolcache/Python/3.8.18/x64/lib/python3.8/site-packages/pyproject_api/_backend.py True setuptools.build_meta
2023-11-09T17:02:38.1767032Z .pkg: get_requires_for_build_wheel> python /opt/hostedtoolcache/Python/3.8.18/x64/lib/python3.8/site-packages/pyproject_api/_backend.py True setuptools.build_meta
2023-11-09T17:02:38.2634380Z .pkg: install_requires_for_build_wheel> python -I -m pip install wheel
2023-11-09T17:02:39.0443898Z .pkg: freeze> python -m pip freeze --all
2023-11-09T17:02:39.4933182Z .pkg: importlib-metadata==6.8.0,packaging==23.2,pip==23.3.1,setuptools==68.2.2,tomli==2.0.1,versioningit==2.2.1,wheel==0.41.2,zipp==3.17.0
2023-11-09T17:02:39.4947904Z .pkg: prepare_metadata_for_build_wheel> python /opt/hostedtoolcache/Python/3.8.18/x64/lib/python3.8/site-packages/pyproject_api/_backend.py True setuptools.build_meta
2023-11-09T17:02:39.6770045Z .pkg: build_sdist> python /opt/hostedtoolcache/Python/3.8.18/x64/lib/python3.8/site-packages/pyproject_api/_backend.py True setuptools.build_meta
2023-11-09T17:02:39.7916745Z typing: install_package_deps> python -I -m pip install 'PyYAML>=5.0' 'click-loglevel~=0.2' 'click>=7.0' 'in-place~=1.0' 'pydantic~=2.0' 'python-dateutil~=2.7' 'python-dotenv<2.0,>=0.11' 'requests~=2.20' 'typing-extensions; python_version < "3.9"'
2023-11-09T17:02:43.8497018Z typing: install_package> python -I -m pip install --force-reinstall --no-deps /home/runner/work/tinuous/tinuous/.tox/.tmp/package/1/tinuous-0.6.1.post49+ge06c87c.tar.gz
2023-11-09T17:02:49.2911987Z typing: freeze> python -m pip freeze --all
2023-11-09T17:02:49.7688250Z typing: annotated-types==0.6.0,certifi==2023.7.22,charset-normalizer==3.3.2,click==8.1.7,click-loglevel==0.5.0,coverage==7.3.2,exceptiongroup==1.1.3,idna==3.4,in-place==1.0.0,iniconfig==2.0.0,mypy==1.6.1,mypy-extensions==1.0.0,packaging==23.2,pip==23.3.1,pluggy==1.3.0,pydantic==2.4.2,pydantic_core==2.10.1,pytest==7.4.3,pytest-cov==4.1.0,pytest-mock==3.12.0,python-dateutil==2.8.2,python-dotenv==1.0.0,PyYAML==6.0.1,requests==2.31.0,setuptools==68.2.2,six==1.16.0,tinuous @ file:///home/runner/work/tinuous/tinuous/.tox/.tmp/package/1/tinuous-0.6.1.post49%2Bge06c87c.tar.gz#sha256=ddcb907f63559fc4a2754f0e8ae5c6cc59357822b70a9f03d532351525e13d2e,tomli==2.0.1,types-python-dateutil==2.8.19.14,types-PyYAML==6.0.12.12,types-requests==2.31.0.10,typing_extensions==4.8.0,urllib3==2.0.7,wheel==0.41.2
2023-11-09T17:02:49.7697360Z typing: commands[0]> mypy src test
2023-11-09T17:02:58.3108892Z Success: no issues found in 15 source files
2023-11-09T17:02:58.3234883Z .pkg: _exit> python /opt/hostedtoolcache/Python/3.8.18/x64/lib/python3.8/site-packages/pyproject_api/_backend.py True setuptools.build_meta
2023-11-09T17:02:58.3673183Z   typing: OK (29.38=setup[20.83]+cmd[8.55] seconds)
2023-11-09T17:02:58.3674839Z   congratulations :) (29.50 seconds)
2023-11-09T17:02:58.4132149Z Post job cleanup.
2023-11-09T17:02:58.6128810Z Post job cleanup.
2023-11-09T17:02:58.7302635Z [command]/usr/bin/git version
2023-11-09T17:02:58.7374809Z git version 2.42.0
2023-11-09T17:02:58.7451164Z Temporarily overriding HOME='/home/runner/work/_temp/13ccbc63-8467-4f3b-89fe-c47e513c7bae' before making global git config changes
2023-11-09T17:02:58.7456535Z Adding repository directory to the temporary git global config as a safe directory
2023-11-09T17:02:58.7467778Z [command]/usr/bin/git config --global --add safe.directory /home/runner/work/tinuous/tinuous
2023-11-09T17:02:58.7530241Z [command]/usr/bin/git config --local --name-only --get-regexp core\.sshCommand
2023-11-09T17:02:58.7579445Z [command]/usr/bin/git submodule foreach --recursive sh -c "git config --local --name-only --get-regexp 'core\.sshCommand' && git config --local --unset-all 'core.sshCommand' || :"
2023-11-09T17:02:58.7896608Z [command]/usr/bin/git config --local --name-only --get-regexp http\.https\:\/\/github\.com\/\.extraheader
2023-11-09T17:02:58.7913704Z http.https://github.com/.extraheader
2023-11-09T17:02:58.7933859Z [command]/usr/bin/git config --local --unset-all http.https://github.com/.extraheader
2023-11-09T17:02:58.7980783Z [command]/usr/bin/git submodule foreach --recursive sh -c "git config --local --name-only --get-regexp 'http\.https\:\/\/github\.com\/\.extraheader' && git config --local --unset-all 'http.https://github.com/.extraheader' || :"
2023-11-09T17:02:58.8741807Z Cleaning up orphan processes
