2025-12-02T19:39:11.5379045Z Current runner version: '2.329.0'
2025-12-02T19:39:11.5403388Z ##[group]Runner Image Provisioner
2025-12-02T19:39:11.5404534Z Hosted Compute Agent
2025-12-02T19:39:11.5405133Z Version: 20251016.436
2025-12-02T19:39:11.5405727Z Commit: 8ab8ac8bfd662a3739dab9fe09456aba92132568
2025-12-02T19:39:11.5406482Z Build Date: 2025-10-15T20:44:12Z
2025-12-02T19:39:11.5407110Z ##[endgroup]
2025-12-02T19:39:11.5407681Z ##[group]Operating System
2025-12-02T19:39:11.5408297Z Ubuntu
2025-12-02T19:39:11.5408786Z 24.04.3
2025-12-02T19:39:11.5409204Z LTS
2025-12-02T19:39:11.5409698Z ##[endgroup]
2025-12-02T19:39:11.5410185Z ##[group]Runner Image
2025-12-02T19:39:11.5410758Z Image: ubuntu-24.04
2025-12-02T19:39:11.5411314Z Version: 20251112.124.1
2025-12-02T19:39:11.5412316Z Included Software: https://github.com/actions/runner-images/blob/ubuntu24/20251112.124/images/ubuntu/Ubuntu2404-Readme.md
2025-12-02T19:39:11.5414150Z Image Release: https://github.com/actions/runner-images/releases/tag/ubuntu24%2F20251112.124
2025-12-02T19:39:11.5415249Z ##[endgroup]
2025-12-02T19:39:11.5417850Z ##[group]GITHUB_TOKEN Permissions
2025-12-02T19:39:11.5420135Z Actions: write
2025-12-02T19:39:11.5420755Z ArtifactMetadata: write
2025-12-02T19:39:11.5421412Z Attestations: write
2025-12-02T19:39:11.5421916Z Checks: write
2025-12-02T19:39:11.5422408Z Contents: write
2025-12-02T19:39:11.5423067Z Deployments: write
2025-12-02T19:39:11.5423661Z Discussions: write
2025-12-02T19:39:11.5424161Z Issues: write
2025-12-02T19:39:11.5424659Z Metadata: read
2025-12-02T19:39:11.5425167Z Models: read
2025-12-02T19:39:11.5425620Z Packages: write
2025-12-02T19:39:11.5426163Z Pages: write
2025-12-02T19:39:11.5426711Z PullRequests: write
2025-12-02T19:39:11.5427212Z RepositoryProjects: write
2025-12-02T19:39:11.5427934Z SecurityEvents: write
2025-12-02T19:39:11.5428499Z Statuses: write
2025-12-02T19:39:11.5428974Z ##[endgroup]
2025-12-02T19:39:11.5431465Z Secret source: Actions
2025-12-02T19:39:11.5432499Z Prepare workflow directory
2025-12-02T19:39:11.5768374Z Prepare all required actions
2025-12-02T19:39:11.5807431Z Getting action download info
2025-12-02T19:39:11.9170384Z Download action repository 'actions/checkout@v4' (SHA:34e114876b0b11c390a56381ad16ebd13914f8d5)
2025-12-02T19:39:12.2029784Z Download action repository 'actions/setup-python@v5' (SHA:a26af69be951a213d495a4c3e4e4022e16d87065)
2025-12-02T19:39:12.2886449Z Download action repository 'codecov/codecov-action@v5' (SHA:5a1091511ad55cbe89839c7260b706298ca349f7)
2025-12-02T19:39:12.5940293Z Getting action download info
2025-12-02T19:39:12.7147232Z Download action repository 'actions/github-script@60a0d83039c74a4aee543508d2ffcb1c3799cdea' (SHA:60a0d83039c74a4aee543508d2ffcb1c3799cdea)
2025-12-02T19:39:12.9897927Z Complete job name: test (3.11, py)
2025-12-02T19:39:13.0684495Z ##[group]Run actions/checkout@v4
2025-12-02T19:39:13.0685772Z with:
2025-12-02T19:39:13.0686486Z   fetch-depth: 0
2025-12-02T19:39:13.0687273Z   repository: con/tinuous
2025-12-02T19:39:13.0688380Z   token: ***
2025-12-02T19:39:13.0689107Z   ssh-strict: true
2025-12-02T19:39:13.0689885Z   ssh-user: git
2025-12-02T19:39:13.0690649Z   persist-credentials: true
2025-12-02T19:39:13.0691511Z   clean: true
2025-12-02T19:39:13.0692270Z   sparse-checkout-cone-mode: true
2025-12-02T19:39:13.0693358Z   fetch-tags: false
2025-12-02T19:39:13.0694140Z   show-progress: true
2025-12-02T19:39:13.0694913Z   lfs: false
2025-12-02T19:39:13.0695603Z   submodules: false
2025-12-02T19:39:13.0696367Z   set-safe-directory: true
2025-12-02T19:39:13.0697421Z ##[endgroup]
2025-12-02T19:39:13.1785105Z Syncing repository: con/tinuous
2025-12-02T19:39:13.1787746Z ##[group]Getting Git version info
2025-12-02T19:39:13.1789017Z Working directory is '/home/runner/work/tinuous/tinuous'
2025-12-02T19:39:13.1790870Z [command]/usr/bin/git version
2025-12-02T19:39:13.1842308Z git version 2.51.2
2025-12-02T19:39:13.1868630Z ##[endgroup]
2025-12-02T19:39:13.1883222Z Temporarily overriding HOME='/home/runner/work/_temp/b505c33a-8d97-49a6-b72f-ca74b719415d' before making global git config changes
2025-12-02T19:39:13.1886136Z Adding repository directory to the temporary git global config as a safe directory
2025-12-02T19:39:13.1888740Z [command]/usr/bin/git config --global --add safe.directory /home/runner/work/tinuous/tinuous
2025-12-02T19:39:13.1923081Z Deleting the contents of '/home/runner/work/tinuous/tinuous'
2025-12-02T19:39:13.1926967Z ##[group]Initializing the repository
2025-12-02T19:39:13.1930830Z [command]/usr/bin/git init /home/runner/work/tinuous/tinuous
2025-12-02T19:39:13.2022765Z hint: Using 'master' as the name for the initial branch. This default branch name
2025-12-02T19:39:13.2026138Z hint: is subject to change. To configure the initial branch name to use in all
2025-12-02T19:39:13.2028369Z hint: of your new repositories, which will suppress this warning, call:
2025-12-02T19:39:13.2029632Z hint:
2025-12-02T19:39:13.2030472Z hint: 	git config --global init.defaultBranch <name>
2025-12-02T19:39:13.2031812Z hint:
2025-12-02T19:39:13.2033796Z hint: Names commonly chosen instead of 'master' are 'main', 'trunk' and
2025-12-02T19:39:13.2035578Z hint: 'development'. The just-created branch can be renamed via this command:
2025-12-02T19:39:13.2036959Z hint:
2025-12-02T19:39:13.2037983Z hint: 	git branch -m <name>
2025-12-02T19:39:13.2038812Z hint:
2025-12-02T19:39:13.2039904Z hint: Disable this message with "git config set advice.defaultBranchName false"
2025-12-02T19:39:13.2041650Z Initialized empty Git repository in /home/runner/work/tinuous/tinuous/.git/
2025-12-02T19:39:13.2044674Z [command]/usr/bin/git remote add origin https://github.com/con/tinuous
2025-12-02T19:39:13.2074242Z ##[endgroup]
2025-12-02T19:39:13.2075531Z ##[group]Disabling automatic garbage collection
2025-12-02T19:39:13.2077445Z [command]/usr/bin/git config --local gc.auto 0
2025-12-02T19:39:13.2107252Z ##[endgroup]
2025-12-02T19:39:13.2108477Z ##[group]Setting up auth
2025-12-02T19:39:13.2114205Z [command]/usr/bin/git config --local --name-only --get-regexp core\.sshCommand
2025-12-02T19:39:13.2145072Z [command]/usr/bin/git submodule foreach --recursive sh -c "git config --local --name-only --get-regexp 'core\.sshCommand' && git config --local --unset-all 'core.sshCommand' || :"
2025-12-02T19:39:13.2459087Z [command]/usr/bin/git config --local --name-only --get-regexp http\.https\:\/\/github\.com\/\.extraheader
2025-12-02T19:39:13.2492242Z [command]/usr/bin/git submodule foreach --recursive sh -c "git config --local --name-only --get-regexp 'http\.https\:\/\/github\.com\/\.extraheader' && git config --local --unset-all 'http.https://github.com/.extraheader' || :"
2025-12-02T19:39:13.2720050Z [command]/usr/bin/git config --local --name-only --get-regexp ^includeIf\.gitdir:
2025-12-02T19:39:13.2754146Z [command]/usr/bin/git submodule foreach --recursive git config --local --show-origin --name-only --get-regexp remote.origin.url
2025-12-02T19:39:13.2978074Z [command]/usr/bin/git config --local http.https://github.com/.extraheader AUTHORIZATION: basic ***
2025-12-02T19:39:13.3011944Z ##[endgroup]
2025-12-02T19:39:13.3014445Z ##[group]Fetching the repository
2025-12-02T19:39:13.3024893Z [command]/usr/bin/git -c protocol.version=2 fetch --prune --no-recurse-submodules origin +refs/heads/*:refs/remotes/origin/* +refs/tags/*:refs/tags/* +1e8896d0a554092b8af066a0fdf0c5024f36b87d:refs/remotes/pull/221/merge
2025-12-02T19:39:13.9577695Z From https://github.com/con/tinuous
2025-12-02T19:39:13.9580645Z  * [new branch]      bf-circleci                              -> origin/bf-circleci
2025-12-02T19:39:13.9585295Z  * [new branch]      copilot/fix-workflow-overlap-issue       -> origin/copilot/fix-workflow-overlap-issue
2025-12-02T19:39:13.9589447Z  * [new branch]      copilot/make-travis-testing-optional     -> origin/copilot/make-travis-testing-optional
2025-12-02T19:39:13.9593731Z  * [new branch]      copilot/support-github-packages          -> origin/copilot/support-github-packages
2025-12-02T19:39:13.9597976Z  * [new branch]      dependabot/github_actions/actions/checkout-6 -> origin/dependabot/github_actions/actions/checkout-6
2025-12-02T19:39:13.9603394Z  * [new branch]      dependabot/github_actions/actions/setup-python-6 -> origin/dependabot/github_actions/actions/setup-python-6
2025-12-02T19:39:13.9607202Z  * [new branch]      gh-55                                    -> origin/gh-55
2025-12-02T19:39:13.9609652Z  * [new branch]      master                                   -> origin/master
2025-12-02T19:39:13.9612302Z  * [new branch]      no-extra-search                          -> origin/no-extra-search
2025-12-02T19:39:13.9615323Z  * [new branch]      pragmata                                 -> origin/pragmata
2025-12-02T19:39:13.9617607Z  * [new branch]      test-appveyor                            -> origin/test-appveyor
2025-12-02T19:39:13.9619103Z  * [new tag]         0.1.0                                    -> 0.1.0
2025-12-02T19:39:13.9620509Z  * [new tag]         0.2.0                                    -> 0.2.0
2025-12-02T19:39:13.9621806Z  * [new tag]         0.3.0                                    -> 0.3.0
2025-12-02T19:39:13.9623381Z  * [new tag]         0.4.0                                    -> 0.4.0
2025-12-02T19:39:13.9624653Z  * [new tag]         0.5.0                                    -> 0.5.0
2025-12-02T19:39:13.9625902Z  * [new tag]         0.5.1                                    -> 0.5.1
2025-12-02T19:39:13.9627134Z  * [new tag]         0.5.2                                    -> 0.5.2
2025-12-02T19:39:13.9628356Z  * [new tag]         0.5.3                                    -> 0.5.3
2025-12-02T19:39:13.9629595Z  * [new tag]         0.5.4                                    -> 0.5.4
2025-12-02T19:39:13.9630815Z  * [new tag]         0.6.0                                    -> 0.6.0
2025-12-02T19:39:13.9632182Z  * [new tag]         0.6.1                                    -> 0.6.1
2025-12-02T19:39:13.9633737Z  * [new tag]         0.7.0                                    -> 0.7.0
2025-12-02T19:39:13.9635014Z  * [new tag]         0.7.1                                    -> 0.7.1
2025-12-02T19:39:13.9636298Z  * [new tag]         0.7.2                                    -> 0.7.2
2025-12-02T19:39:13.9638601Z  * [new ref]         1e8896d0a554092b8af066a0fdf0c5024f36b87d -> pull/221/merge
2025-12-02T19:39:13.9649475Z ##[endgroup]
2025-12-02T19:39:13.9651263Z ##[group]Determining the checkout info
2025-12-02T19:39:13.9652757Z ##[endgroup]
2025-12-02T19:39:13.9655797Z [command]/usr/bin/git sparse-checkout disable
2025-12-02T19:39:13.9696674Z [command]/usr/bin/git config --local --unset-all extensions.worktreeConfig
2025-12-02T19:39:13.9724393Z ##[group]Checking out the ref
2025-12-02T19:39:13.9727518Z [command]/usr/bin/git checkout --progress --force refs/remotes/pull/221/merge
2025-12-02T19:39:13.9777804Z Note: switching to 'refs/remotes/pull/221/merge'.
2025-12-02T19:39:13.9779098Z 
2025-12-02T19:39:13.9779819Z You are in 'detached HEAD' state. You can look around, make experimental
2025-12-02T19:39:13.9781788Z changes and commit them, and you can discard any commits you make in this
2025-12-02T19:39:13.9785115Z state without impacting any branches by switching back to a branch.
2025-12-02T19:39:13.9786988Z 
2025-12-02T19:39:13.9788133Z If you want to create a new branch to retain commits you create, you may
2025-12-02T19:39:13.9790888Z do so (now or later) by using -c with the switch command. Example:
2025-12-02T19:39:13.9792544Z 
2025-12-02T19:39:13.9793384Z   git switch -c <new-branch-name>
2025-12-02T19:39:13.9794471Z 
2025-12-02T19:39:13.9795074Z Or undo this operation with:
2025-12-02T19:39:13.9796039Z 
2025-12-02T19:39:13.9796557Z   git switch -
2025-12-02T19:39:13.9797265Z 
2025-12-02T19:39:13.9798427Z Turn off this advice by setting config variable advice.detachedHead to false
2025-12-02T19:39:13.9799549Z 
2025-12-02T19:39:13.9800848Z HEAD is now at 1e8896d Merge 74dd9ed4fbd5851c49e788db796fb81ca8ac7f37 into 996b2b07ba111d746f412ad3e634e1eddc22c7b8
2025-12-02T19:39:13.9805805Z ##[endgroup]
2025-12-02T19:39:13.9823890Z [command]/usr/bin/git log -1 --format=%H
2025-12-02T19:39:13.9845654Z 1e8896d0a554092b8af066a0fdf0c5024f36b87d
2025-12-02T19:39:14.0173888Z ##[group]Run actions/setup-python@v5
2025-12-02T19:39:14.0174947Z with:
2025-12-02T19:39:14.0175641Z   python-version: 3.11
2025-12-02T19:39:14.0176455Z   check-latest: false
2025-12-02T19:39:14.0177950Z   token: ***
2025-12-02T19:39:14.0179172Z   update-environment: true
2025-12-02T19:39:14.0180538Z   allow-prereleases: false
2025-12-02T19:39:14.0181902Z   freethreaded: false
2025-12-02T19:39:14.0183419Z ##[endgroup]
2025-12-02T19:39:14.1872236Z ##[group]Installed versions
2025-12-02T19:39:14.1980207Z Successfully set up CPython (3.11.14)
2025-12-02T19:39:14.1982604Z ##[endgroup]
2025-12-02T19:39:14.2131280Z ##[group]Run python -m pip install --upgrade pip wheel
2025-12-02T19:39:14.2132689Z [36;1mpython -m pip install --upgrade pip wheel[0m
2025-12-02T19:39:14.2134335Z [36;1mpython -m pip install --upgrade --upgrade-strategy=eager tox[0m
2025-12-02T19:39:14.2232109Z shell: /usr/bin/bash -e {0}
2025-12-02T19:39:14.2233217Z env:
2025-12-02T19:39:14.2234147Z   pythonLocation: /opt/hostedtoolcache/Python/3.11.14/x64
2025-12-02T19:39:14.2235671Z   PKG_CONFIG_PATH: /opt/hostedtoolcache/Python/3.11.14/x64/lib/pkgconfig
2025-12-02T19:39:14.2237153Z   Python_ROOT_DIR: /opt/hostedtoolcache/Python/3.11.14/x64
2025-12-02T19:39:14.2238486Z   Python2_ROOT_DIR: /opt/hostedtoolcache/Python/3.11.14/x64
2025-12-02T19:39:14.2239856Z   Python3_ROOT_DIR: /opt/hostedtoolcache/Python/3.11.14/x64
2025-12-02T19:39:14.2241210Z   LD_LIBRARY_PATH: /opt/hostedtoolcache/Python/3.11.14/x64/lib
2025-12-02T19:39:14.2242355Z ##[endgroup]
2025-12-02T19:39:16.2478862Z Requirement already satisfied: pip in /opt/hostedtoolcache/Python/3.11.14/x64/lib/python3.11/site-packages (25.3)
2025-12-02T19:39:16.3823791Z Collecting wheel
2025-12-02T19:39:16.4583979Z   Downloading wheel-0.45.1-py3-none-any.whl.metadata (2.3 kB)
2025-12-02T19:39:16.4754018Z Downloading wheel-0.45.1-py3-none-any.whl (72 kB)
2025-12-02T19:39:16.5148236Z Installing collected packages: wheel
2025-12-02T19:39:16.5586787Z Successfully installed wheel-0.45.1
2025-12-02T19:39:17.1285520Z Collecting tox
2025-12-02T19:39:17.1946524Z   Downloading tox-4.32.0-py3-none-any.whl.metadata (3.5 kB)
2025-12-02T19:39:17.2175511Z Collecting cachetools>=6.2 (from tox)
2025-12-02T19:39:17.2251142Z   Downloading cachetools-6.2.2-py3-none-any.whl.metadata (5.6 kB)
2025-12-02T19:39:17.2407644Z Collecting chardet>=5.2 (from tox)
2025-12-02T19:39:17.2481036Z   Downloading chardet-5.2.0-py3-none-any.whl.metadata (3.4 kB)
2025-12-02T19:39:17.2672416Z Collecting colorama>=0.4.6 (from tox)
2025-12-02T19:39:17.2746061Z   Downloading colorama-0.4.6-py2.py3-none-any.whl.metadata (17 kB)
2025-12-02T19:39:17.3018419Z Collecting filelock>=3.20 (from tox)
2025-12-02T19:39:17.3090883Z   Downloading filelock-3.20.0-py3-none-any.whl.metadata (2.1 kB)
2025-12-02T19:39:17.3282106Z Collecting packaging>=25 (from tox)
2025-12-02T19:39:17.3361192Z   Downloading packaging-25.0-py3-none-any.whl.metadata (3.3 kB)
2025-12-02T19:39:17.3649956Z Collecting platformdirs>=4.5 (from tox)
2025-12-02T19:39:17.3726346Z   Downloading platformdirs-4.5.0-py3-none-any.whl.metadata (12 kB)
2025-12-02T19:39:17.3912493Z Collecting pluggy>=1.6 (from tox)
2025-12-02T19:39:17.3988786Z   Downloading pluggy-1.6.0-py3-none-any.whl.metadata (4.8 kB)
2025-12-02T19:39:17.4154585Z Collecting pyproject-api>=1.9.1 (from tox)
2025-12-02T19:39:17.4227715Z   Downloading pyproject_api-1.10.0-py3-none-any.whl.metadata (2.7 kB)
2025-12-02T19:39:17.4697277Z Collecting virtualenv>=20.34 (from tox)
2025-12-02T19:39:17.4777342Z   Downloading virtualenv-20.35.4-py3-none-any.whl.metadata (4.6 kB)
2025-12-02T19:39:17.5018148Z Collecting distlib<1,>=0.3.7 (from virtualenv>=20.34->tox)
2025-12-02T19:39:17.5088849Z   Downloading distlib-0.4.0-py2.py3-none-any.whl.metadata (5.2 kB)
2025-12-02T19:39:17.5275842Z Downloading tox-4.32.0-py3-none-any.whl (175 kB)
2025-12-02T19:39:17.5490631Z Downloading cachetools-6.2.2-py3-none-any.whl (11 kB)
2025-12-02T19:39:17.5595221Z Downloading chardet-5.2.0-py3-none-any.whl (199 kB)
2025-12-02T19:39:17.5715903Z Downloading colorama-0.4.6-py2.py3-none-any.whl (25 kB)
2025-12-02T19:39:17.5819851Z Downloading filelock-3.20.0-py3-none-any.whl (16 kB)
2025-12-02T19:39:17.5924371Z Downloading packaging-25.0-py3-none-any.whl (66 kB)
2025-12-02T19:39:17.6023032Z Downloading platformdirs-4.5.0-py3-none-any.whl (18 kB)
2025-12-02T19:39:17.6121492Z Downloading pluggy-1.6.0-py3-none-any.whl (20 kB)
2025-12-02T19:39:17.6210978Z Downloading pyproject_api-1.10.0-py3-none-any.whl (13 kB)
2025-12-02T19:39:17.6303307Z Downloading virtualenv-20.35.4-py3-none-any.whl (6.0 MB)
2025-12-02T19:39:17.6657368Z    ━━━━━━━━━━━━━━━━━━━━━━━━━━━━━━━━━━━━━━━━ 6.0/6.0 MB 178.6 MB/s  0:00:00
2025-12-02T19:39:17.6738815Z Downloading distlib-0.4.0-py2.py3-none-any.whl (469 kB)
2025-12-02T19:39:17.7127970Z Installing collected packages: distlib, pluggy, platformdirs, packaging, filelock, colorama, chardet, cachetools, virtualenv, pyproject-api, tox
2025-12-02T19:39:18.3366161Z 
2025-12-02T19:39:18.3379462Z Successfully installed cachetools-6.2.2 chardet-5.2.0 colorama-0.4.6 distlib-0.4.0 filelock-3.20.0 packaging-25.0 platformdirs-4.5.0 pluggy-1.6.0 pyproject-api-1.10.0 tox-4.32.0 virtualenv-20.35.4
2025-12-02T19:39:18.3910167Z ##[group]Run tox -e py -- --cov-report=xml
2025-12-02T19:39:18.3910501Z [36;1mtox -e py -- --cov-report=xml[0m
2025-12-02T19:39:18.3943424Z shell: /usr/bin/bash -e {0}
2025-12-02T19:39:18.3943649Z env:
2025-12-02T19:39:18.3943885Z   pythonLocation: /opt/hostedtoolcache/Python/3.11.14/x64
2025-12-02T19:39:18.3944297Z   PKG_CONFIG_PATH: /opt/hostedtoolcache/Python/3.11.14/x64/lib/pkgconfig
2025-12-02T19:39:18.3944686Z   Python_ROOT_DIR: /opt/hostedtoolcache/Python/3.11.14/x64
2025-12-02T19:39:18.3945027Z   Python2_ROOT_DIR: /opt/hostedtoolcache/Python/3.11.14/x64
2025-12-02T19:39:18.3945370Z   Python3_ROOT_DIR: /opt/hostedtoolcache/Python/3.11.14/x64
2025-12-02T19:39:18.3945714Z   LD_LIBRARY_PATH: /opt/hostedtoolcache/Python/3.11.14/x64/lib
2025-12-02T19:39:18.3945997Z ##[endgroup]
2025-12-02T19:39:19.1639790Z py: install_deps> python -I -m pip install pytest pytest-cov pytest-mock
2025-12-02T19:39:22.2058811Z .pkg: install_requires> python -I -m pip install 'setuptools>=46.4.0' versioningit
2025-12-02T19:39:23.2587665Z .pkg: _optional_hooks> python /opt/hostedtoolcache/Python/3.11.14/x64/lib/python3.11/site-packages/pyproject_api/_backend.py True setuptools.build_meta
2025-12-02T19:39:23.5541918Z .pkg: get_requires_for_build_sdist> python /opt/hostedtoolcache/Python/3.11.14/x64/lib/python3.11/site-packages/pyproject_api/_backend.py True setuptools.build_meta
2025-12-02T19:39:23.7859793Z .pkg: get_requires_for_build_wheel> python /opt/hostedtoolcache/Python/3.11.14/x64/lib/python3.11/site-packages/pyproject_api/_backend.py True setuptools.build_meta
2025-12-02T19:39:23.9884142Z .pkg: freeze> python -m pip freeze --all
2025-12-02T19:39:24.1874530Z .pkg: packaging==25.0,pip==25.3,setuptools==80.9.0,versioningit==3.3.0
2025-12-02T19:39:24.1878657Z .pkg: prepare_metadata_for_build_wheel> python /opt/hostedtoolcache/Python/3.11.14/x64/lib/python3.11/site-packages/pyproject_api/_backend.py True setuptools.build_meta
2025-12-02T19:39:24.4169621Z .pkg: build_sdist> python /opt/hostedtoolcache/Python/3.11.14/x64/lib/python3.11/site-packages/pyproject_api/_backend.py True setuptools.build_meta
2025-12-02T19:39:24.6514679Z py: install_package_deps> python -I -m pip install 'PyYAML>=5.0' 'click-loglevel~=0.2' 'click>=7.0' 'ghtoken~=0.1' 'in_place~=1.0' 'pydantic~=2.0' 'python-dateutil~=2.7' 'python-dotenv<2.0,>=0.11' 'requests~=2.20'
2025-12-02T19:39:28.0317140Z py: install_package> python -I -m pip install --force-reinstall --no-deps /home/runner/work/tinuous/tinuous/.tox/.tmp/package/1/tinuous-0.7.2.post2+g1e8896d.tar.gz
2025-12-02T19:39:30.1373269Z py: freeze> python -m pip freeze --all
2025-12-02T19:39:30.3545312Z py: annotated-types==0.7.0,certifi==2025.11.12,charset-normalizer==3.4.4,click==8.3.1,click-loglevel==0.7.0,coverage==7.12.0,ghtoken==0.1.2,idna==3.11,in_place==1.0.1,iniconfig==2.3.0,packaging==25.0,pip==25.3,pluggy==1.6.0,pydantic==2.12.5,pydantic_core==2.41.5,Pygments==2.19.2,pytest==9.0.1,pytest-cov==7.0.0,pytest-mock==3.15.1,python-dateutil==2.9.0.post0,python-dotenv==1.2.1,PyYAML==6.0.3,requests==2.32.5,ruamel.yaml==0.18.16,ruamel.yaml.clib==0.2.15,setuptools==80.9.0,six==1.17.0,tinuous @ file:///home/runner/work/tinuous/tinuous/.tox/.tmp/package/1/tinuous-0.7.2.post2%2Bg1e8896d.tar.gz#sha256=cc50da4330c0eef25d3e761345e25f6b1d8138676d7033c29b52321cbf53fc87,typing-inspection==0.4.2,typing_extensions==4.15.0,urllib3==2.5.0
2025-12-02T19:39:30.3549592Z py: commands[0]> tinuous --help
2025-12-02T19:39:30.6509228Z Usage: tinuous [OPTIONS] COMMAND [ARGS]...
2025-12-02T19:39:30.6509706Z 
2025-12-02T19:39:30.6509977Z   Download build logs from GitHub Actions, Travis, Appveyor, and CircleCI
2025-12-02T19:39:30.6510322Z 
2025-12-02T19:39:30.6510407Z Options:
2025-12-02T19:39:30.6510700Z   -V, --version                   Show the version and exit.
2025-12-02T19:39:30.6511139Z   -c, --config FILE               Read configuration from the given file
2025-12-02T19:39:30.6511573Z                                   [default: tinuous.yaml]
2025-12-02T19:39:30.6512690Z   -E, --env FILE                  Load environment variables from given .env
2025-12-02T19:39:30.6513787Z                                   file
2025-12-02T19:39:30.6514370Z   -l, --log-level [NOTSET|DEBUG|INFO|WARNING|ERROR|CRITICAL]
2025-12-02T19:39:30.6515022Z                                   Set logging level  [default: INFO]
2025-12-02T19:39:30.6515589Z   --help                          Show this message and exit.
2025-12-02T19:39:30.6515919Z 
2025-12-02T19:39:30.6516032Z Commands:
2025-12-02T19:39:30.6516311Z   fetch         Download logs
2025-12-02T19:39:30.6516708Z   fetch-commit  Download logs for a specific commit
2025-12-02T19:39:30.6517202Z   sanitize      Sanitize secrets in logs
2025-12-02T19:39:30.6851177Z py: commands[1]> pytest --cov-report=xml test
2025-12-02T19:39:32.0858784Z ============================= test session starts ==============================
2025-12-02T19:39:32.0859616Z platform linux -- Python 3.11.14, pytest-9.0.1, pluggy-1.6.0
2025-12-02T19:39:32.0860394Z cachedir: .tox/py/.pytest_cache
2025-12-02T19:39:32.0860919Z rootdir: /home/runner/work/tinuous/tinuous
2025-12-02T19:39:32.0861432Z configfile: tox.ini
2025-12-02T19:39:32.0861817Z plugins: cov-7.0.0, mock-3.15.1
2025-12-02T19:39:32.0862252Z collected 64 items
2025-12-02T19:39:32.0862490Z 
2025-12-02T19:39:32.1010610Z test/test_base.py .........                                              [ 14%]
2025-12-02T19:39:32.1130496Z test/test_config.py ........                                             [ 26%]
2025-12-02T19:39:32.1338182Z test/test_state.py ........                                              [ 39%]
2025-12-02T19:39:32.4210617Z test/test_util.py .......................................                [100%]
2025-12-02T19:39:32.4211934Z 
2025-12-02T19:39:32.4212373Z ================================ tests coverage ================================
2025-12-02T19:39:32.4212791Z _______________ coverage: platform linux, python 3.11.14-final-0 _______________
2025-12-02T19:39:32.4213399Z 
2025-12-02T19:39:32.4213518Z Coverage XML written to file coverage.xml
2025-12-02T19:39:32.4213817Z ============================== 64 passed in 0.69s ==============================
2025-12-02T19:39:32.4821684Z   py: OK (13.65=setup[11.52]+cmd[0.33,1.80] seconds)
2025-12-02T19:39:32.4822201Z   congratulations :) (13.68 seconds)
2025-12-02T19:39:32.5407905Z ##[group]Run codecov/codecov-action@v5
2025-12-02T19:39:32.5408176Z with:
2025-12-02T19:39:32.5408353Z   fail_ci_if_error: false
2025-12-02T19:39:32.5408726Z   token: ***
2025-12-02T19:39:32.5408892Z   name: 3.11
2025-12-02T19:39:32.5409061Z   disable_file_fixes: false
2025-12-02T19:39:32.5409265Z   disable_search: false
2025-12-02T19:39:32.5409465Z   disable_safe_directory: false
2025-12-02T19:39:32.5409675Z   disable_telem: false
2025-12-02T19:39:32.5409851Z   dry_run: false
2025-12-02T19:39:32.5410023Z   git_service: github
2025-12-02T19:39:32.5410202Z   gcov_executable: gcov
2025-12-02T19:39:32.5410594Z   handle_no_reports_found: false
2025-12-02T19:39:32.5410821Z   recurse_submodules: false
2025-12-02T19:39:32.5411029Z   run_command: upload-coverage
2025-12-02T19:39:32.5411240Z   skip_validation: false
2025-12-02T19:39:32.5411442Z   use_legacy_upload_endpoint: false
2025-12-02T19:39:32.5411666Z   use_oidc: false
2025-12-02T19:39:32.5411888Z   use_pypi: false
2025-12-02T19:39:32.5412078Z   verbose: false
2025-12-02T19:39:32.5412238Z   version: latest
2025-12-02T19:39:32.5412400Z env:
2025-12-02T19:39:32.5412627Z   pythonLocation: /opt/hostedtoolcache/Python/3.11.14/x64
2025-12-02T19:39:32.5413210Z   PKG_CONFIG_PATH: /opt/hostedtoolcache/Python/3.11.14/x64/lib/pkgconfig
2025-12-02T19:39:32.5413601Z   Python_ROOT_DIR: /opt/hostedtoolcache/Python/3.11.14/x64
2025-12-02T19:39:32.5413942Z   Python2_ROOT_DIR: /opt/hostedtoolcache/Python/3.11.14/x64
2025-12-02T19:39:32.5414276Z   Python3_ROOT_DIR: /opt/hostedtoolcache/Python/3.11.14/x64
2025-12-02T19:39:32.5414614Z   LD_LIBRARY_PATH: /opt/hostedtoolcache/Python/3.11.14/x64/lib
2025-12-02T19:39:32.5414897Z ##[endgroup]
2025-12-02T19:39:32.5482193Z ##[group]Run missing_deps=""
2025-12-02T19:39:32.5482450Z [36;1mmissing_deps=""[0m
2025-12-02T19:39:32.5482639Z [36;1m[0m
2025-12-02T19:39:32.5482813Z [36;1m# Check for required commands[0m
2025-12-02T19:39:32.5483233Z [36;1mfor cmd in bash git curl gpg; do[0m
2025-12-02T19:39:32.5483520Z [36;1m  if ! command -v "$cmd" >/dev/null 2>&1; then[0m
2025-12-02T19:39:32.5483808Z [36;1m    missing_deps="$missing_deps $cmd"[0m
2025-12-02T19:39:32.5484038Z [36;1m  fi[0m
2025-12-02T19:39:32.5484194Z [36;1mdone[0m
2025-12-02T19:39:32.5484344Z [36;1m[0m
2025-12-02T19:39:32.5484525Z [36;1m# Report missing required dependencies[0m
2025-12-02T19:39:32.5484791Z [36;1mif [ -n "$missing_deps" ]; then[0m
2025-12-02T19:39:32.5485147Z [36;1m  echo "Error: The following required dependencies are missing:$missing_deps"[0m
2025-12-02T19:39:32.5485602Z [36;1m  echo "Please install these dependencies before using this action."[0m
2025-12-02T19:39:32.5485927Z [36;1m  exit 1[0m
2025-12-02T19:39:32.5486084Z [36;1mfi[0m
2025-12-02T19:39:32.5486235Z [36;1m[0m
2025-12-02T19:39:32.5486460Z [36;1mecho "All required system dependencies are available."[0m
2025-12-02T19:39:32.5642694Z shell: /usr/bin/sh -e {0}
2025-12-02T19:39:32.5643090Z env:
2025-12-02T19:39:32.5643345Z   pythonLocation: /opt/hostedtoolcache/Python/3.11.14/x64
2025-12-02T19:39:32.5643751Z   PKG_CONFIG_PATH: /opt/hostedtoolcache/Python/3.11.14/x64/lib/pkgconfig
2025-12-02T19:39:32.5644135Z   Python_ROOT_DIR: /opt/hostedtoolcache/Python/3.11.14/x64
2025-12-02T19:39:32.5644477Z   Python2_ROOT_DIR: /opt/hostedtoolcache/Python/3.11.14/x64
2025-12-02T19:39:32.5644822Z   Python3_ROOT_DIR: /opt/hostedtoolcache/Python/3.11.14/x64
2025-12-02T19:39:32.5645161Z   LD_LIBRARY_PATH: /opt/hostedtoolcache/Python/3.11.14/x64/lib
2025-12-02T19:39:32.5645447Z ##[endgroup]
2025-12-02T19:39:32.5712102Z All required system dependencies are available.
2025-12-02T19:39:32.5737291Z ##[group]Run CC_ACTION_VERSION=$(cat ${GITHUB_ACTION_PATH}/src/version)
2025-12-02T19:39:32.5737705Z [36;1mCC_ACTION_VERSION=$(cat ${GITHUB_ACTION_PATH}/src/version)[0m
2025-12-02T19:39:32.5738101Z [36;1mecho -e "\033[0;32m==>\033[0m Running Action version $CC_ACTION_VERSION"[0m
2025-12-02T19:39:32.5767058Z shell: /usr/bin/bash --noprofile --norc -e -o pipefail {0}
2025-12-02T19:39:32.5767541Z env:
2025-12-02T19:39:32.5767799Z   pythonLocation: /opt/hostedtoolcache/Python/3.11.14/x64
2025-12-02T19:39:32.5768204Z   PKG_CONFIG_PATH: /opt/hostedtoolcache/Python/3.11.14/x64/lib/pkgconfig
2025-12-02T19:39:32.5768598Z   Python_ROOT_DIR: /opt/hostedtoolcache/Python/3.11.14/x64
2025-12-02T19:39:32.5768961Z   Python2_ROOT_DIR: /opt/hostedtoolcache/Python/3.11.14/x64
2025-12-02T19:39:32.5769350Z   Python3_ROOT_DIR: /opt/hostedtoolcache/Python/3.11.14/x64
2025-12-02T19:39:32.5769700Z   LD_LIBRARY_PATH: /opt/hostedtoolcache/Python/3.11.14/x64/lib
2025-12-02T19:39:32.5769987Z ##[endgroup]
2025-12-02T19:39:32.5831288Z [0;32m==>[0m Running Action version 5.5.1
2025-12-02T19:39:32.5867842Z ##[group]Run git config --global --add safe.directory "/home/runner/work/tinuous/tinuous"
2025-12-02T19:39:32.5868377Z [36;1mgit config --global --add safe.directory "/home/runner/work/tinuous/tinuous"[0m
2025-12-02T19:39:32.5868814Z [36;1mgit config --global --add safe.directory "$GITHUB_WORKSPACE"[0m
2025-12-02T19:39:32.5897837Z shell: /usr/bin/bash --noprofile --norc -e -o pipefail {0}
2025-12-02T19:39:32.5898141Z env:
2025-12-02T19:39:32.5898380Z   pythonLocation: /opt/hostedtoolcache/Python/3.11.14/x64
2025-12-02T19:39:32.5898764Z   PKG_CONFIG_PATH: /opt/hostedtoolcache/Python/3.11.14/x64/lib/pkgconfig
2025-12-02T19:39:32.5899172Z   Python_ROOT_DIR: /opt/hostedtoolcache/Python/3.11.14/x64
2025-12-02T19:39:32.5899521Z   Python2_ROOT_DIR: /opt/hostedtoolcache/Python/3.11.14/x64
2025-12-02T19:39:32.5899867Z   Python3_ROOT_DIR: /opt/hostedtoolcache/Python/3.11.14/x64
2025-12-02T19:39:32.5900227Z   LD_LIBRARY_PATH: /opt/hostedtoolcache/Python/3.11.14/x64/lib
2025-12-02T19:39:32.5900522Z ##[endgroup]
2025-12-02T19:39:32.5996523Z ##[group]Run CC_FORK="false"
2025-12-02T19:39:32.5996765Z [36;1mCC_FORK="false"[0m
2025-12-02T19:39:32.5997246Z [36;1mif [ -n "$GITHUB_EVENT_PULL_REQUEST_HEAD_REPO_FULL_NAME" ] && [ "$GITHUB_EVENT_PULL_REQUEST_HEAD_REPO_FULL_NAME" != "$GITHUB_REPOSITORY" ];[0m
2025-12-02T19:39:32.5997755Z [36;1mthen[0m
2025-12-02T19:39:32.5997967Z [36;1m  echo -e "\033[0;32m==>\033[0m Fork detected"[0m
2025-12-02T19:39:32.5998272Z [36;1m  CC_FORK="true"[0m
2025-12-02T19:39:32.5998459Z [36;1mfi[0m
2025-12-02T19:39:32.5998646Z [36;1mecho "CC_FORK=$CC_FORK" >> "$GITHUB_ENV"[0m
2025-12-02T19:39:32.6027660Z shell: /usr/bin/bash --noprofile --norc -e -o pipefail {0}
2025-12-02T19:39:32.6027980Z env:
2025-12-02T19:39:32.6028227Z   pythonLocation: /opt/hostedtoolcache/Python/3.11.14/x64
2025-12-02T19:39:32.6028635Z   PKG_CONFIG_PATH: /opt/hostedtoolcache/Python/3.11.14/x64/lib/pkgconfig
2025-12-02T19:39:32.6029024Z   Python_ROOT_DIR: /opt/hostedtoolcache/Python/3.11.14/x64
2025-12-02T19:39:32.6029364Z   Python2_ROOT_DIR: /opt/hostedtoolcache/Python/3.11.14/x64
2025-12-02T19:39:32.6029713Z   Python3_ROOT_DIR: /opt/hostedtoolcache/Python/3.11.14/x64
2025-12-02T19:39:32.6030064Z   LD_LIBRARY_PATH: /opt/hostedtoolcache/Python/3.11.14/x64/lib
2025-12-02T19:39:32.6030482Z   GITHUB_EVENT_PULL_REQUEST_HEAD_LABEL: con:copilot/fix-workflow-overlap-issue
2025-12-02T19:39:32.6030895Z   GITHUB_EVENT_PULL_REQUEST_HEAD_REPO_FULL_NAME: con/tinuous
2025-12-02T19:39:32.6031195Z   GITHUB_REPOSITORY: con/tinuous
2025-12-02T19:39:32.6031408Z ##[endgroup]
2025-12-02T19:39:32.6129434Z ##[group]Run actions/github-script@60a0d83039c74a4aee543508d2ffcb1c3799cdea
2025-12-02T19:39:32.6129777Z with:
2025-12-02T19:39:32.6130279Z   script: if (process.env.CC_USE_OIDC === 'true' && process.env.CC_FORK != 'true') {
  const id_token = await core.getIDToken(process.env.CC_OIDC_AUDIENCE)
  return id_token
}

2025-12-02T19:39:32.6130992Z   github-token: ***
2025-12-02T19:39:32.6131182Z   debug: false
2025-12-02T19:39:32.6131374Z   user-agent: actions/github-script
2025-12-02T19:39:32.6131608Z   result-encoding: json
2025-12-02T19:39:32.6131799Z   retries: 0
2025-12-02T19:39:32.6131999Z   retry-exempt-status-codes: 400,401,403,404,422
2025-12-02T19:39:32.6132254Z env:
2025-12-02T19:39:32.6132639Z   pythonLocation: /opt/hostedtoolcache/Python/3.11.14/x64
2025-12-02T19:39:32.6133385Z   PKG_CONFIG_PATH: /opt/hostedtoolcache/Python/3.11.14/x64/lib/pkgconfig
2025-12-02T19:39:32.6133831Z   Python_ROOT_DIR: /opt/hostedtoolcache/Python/3.11.14/x64
2025-12-02T19:39:32.6134172Z   Python2_ROOT_DIR: /opt/hostedtoolcache/Python/3.11.14/x64
2025-12-02T19:39:32.6134508Z   Python3_ROOT_DIR: /opt/hostedtoolcache/Python/3.11.14/x64
2025-12-02T19:39:32.6134846Z   LD_LIBRARY_PATH: /opt/hostedtoolcache/Python/3.11.14/x64/lib
2025-12-02T19:39:32.6135129Z   CC_FORK: false
2025-12-02T19:39:32.6135325Z   CC_OIDC_AUDIENCE: https://codecov.io
2025-12-02T19:39:32.6135706Z   CC_USE_OIDC: false
2025-12-02T19:39:32.6135882Z ##[endgroup]
2025-12-02T19:39:32.7061794Z ##[group]Run if [ "false" == 'true' ] && [ "$CC_FORK" != 'true' ];
2025-12-02T19:39:32.7062201Z [36;1mif [ "false" == 'true' ] && [ "$CC_FORK" != 'true' ];[0m
2025-12-02T19:39:32.7062473Z [36;1mthen[0m
2025-12-02T19:39:32.7062694Z [36;1m  echo "CC_TOKEN=$CC_OIDC_TOKEN" >> "$GITHUB_ENV"[0m
2025-12-02T19:39:32.7063290Z [36;1melif [ -n "" ];[0m
2025-12-02T19:39:32.7063492Z [36;1mthen[0m
2025-12-02T19:39:32.7063714Z [36;1m  echo -e "\033[0;32m==>\033[0m Token set from env"[0m
2025-12-02T19:39:32.7064004Z [36;1m    echo "CC_TOKEN=" >> "$GITHUB_ENV"[0m
2025-12-02T19:39:32.7064242Z [36;1melse[0m
2025-12-02T19:39:32.7064568Z [36;1m  if [ -n "***" ];[0m
2025-12-02T19:39:32.7064766Z [36;1m  then[0m
2025-12-02T19:39:32.7064994Z [36;1m    echo -e "\033[0;32m==>\033[0m Token set from input"[0m
2025-12-02T19:39:32.7065385Z [36;1m    CC_TOKEN=$(echo "***" | tr -d '\n')[0m
2025-12-02T19:39:32.7065676Z [36;1m    echo "CC_TOKEN=$CC_TOKEN" >> "$GITHUB_ENV"[0m
2025-12-02T19:39:32.7065929Z [36;1m  fi[0m
2025-12-02T19:39:32.7066098Z [36;1mfi[0m
2025-12-02T19:39:32.7098606Z shell: /usr/bin/bash --noprofile --norc -e -o pipefail {0}
2025-12-02T19:39:32.7098909Z env:
2025-12-02T19:39:32.7099150Z   pythonLocation: /opt/hostedtoolcache/Python/3.11.14/x64
2025-12-02T19:39:32.7099553Z   PKG_CONFIG_PATH: /opt/hostedtoolcache/Python/3.11.14/x64/lib/pkgconfig
2025-12-02T19:39:32.7099934Z   Python_ROOT_DIR: /opt/hostedtoolcache/Python/3.11.14/x64
2025-12-02T19:39:32.7100274Z   Python2_ROOT_DIR: /opt/hostedtoolcache/Python/3.11.14/x64
2025-12-02T19:39:32.7100622Z   Python3_ROOT_DIR: /opt/hostedtoolcache/Python/3.11.14/x64
2025-12-02T19:39:32.7100962Z   LD_LIBRARY_PATH: /opt/hostedtoolcache/Python/3.11.14/x64/lib
2025-12-02T19:39:32.7101264Z   CC_FORK: false
2025-12-02T19:39:32.7101436Z   CC_OIDC_TOKEN: 
2025-12-02T19:39:32.7101645Z   CC_OIDC_AUDIENCE: https://codecov.io
2025-12-02T19:39:32.7101887Z ##[endgroup]
2025-12-02T19:39:32.7152398Z [0;32m==>[0m Token set from input
2025-12-02T19:39:32.7188780Z ##[group]Run if [ -z "$CC_BRANCH" ] && [ -z "$CC_TOKEN" ] && [ "$CC_FORK" == 'true' ]
2025-12-02T19:39:32.7189217Z [36;1mif [ -z "$CC_BRANCH" ] && [ -z "$CC_TOKEN" ] && [ "$CC_FORK" == 'true' ][0m
2025-12-02T19:39:32.7189531Z [36;1mthen[0m
2025-12-02T19:39:32.7189887Z [36;1m  echo -e "\033[0;32m==>\033[0m Fork detected, setting branch to $GITHUB_EVENT_PULL_REQUEST_HEAD_LABEL"[0m
2025-12-02T19:39:32.7190343Z [36;1m  TOKENLESS="$GITHUB_EVENT_PULL_REQUEST_HEAD_LABEL"[0m
2025-12-02T19:39:32.7190670Z [36;1m  CC_BRANCH="$GITHUB_EVENT_PULL_REQUEST_HEAD_LABEL"[0m
2025-12-02T19:39:32.7190985Z [36;1m  echo "TOKENLESS=$TOKENLESS" >> "$GITHUB_ENV"[0m
2025-12-02T19:39:32.7191239Z [36;1mfi[0m
2025-12-02T19:39:32.7191395Z [36;1m[0m
2025-12-02T19:39:32.7191596Z [36;1mecho "CC_BRANCH=$CC_BRANCH" >> "$GITHUB_ENV"[0m
2025-12-02T19:39:32.7220608Z shell: /usr/bin/bash --noprofile --norc -e -o pipefail {0}
2025-12-02T19:39:32.7220924Z env:
2025-12-02T19:39:32.7221156Z   pythonLocation: /opt/hostedtoolcache/Python/3.11.14/x64
2025-12-02T19:39:32.7221550Z   PKG_CONFIG_PATH: /opt/hostedtoolcache/Python/3.11.14/x64/lib/pkgconfig
2025-12-02T19:39:32.7221949Z   Python_ROOT_DIR: /opt/hostedtoolcache/Python/3.11.14/x64
2025-12-02T19:39:32.7222291Z   Python2_ROOT_DIR: /opt/hostedtoolcache/Python/3.11.14/x64
2025-12-02T19:39:32.7222796Z   Python3_ROOT_DIR: /opt/hostedtoolcache/Python/3.11.14/x64
2025-12-02T19:39:32.7223379Z   LD_LIBRARY_PATH: /opt/hostedtoolcache/Python/3.11.14/x64/lib
2025-12-02T19:39:32.7223671Z   CC_FORK: false
2025-12-02T19:39:32.7223930Z   CC_TOKEN: ***
2025-12-02T19:39:32.7224093Z   CC_BRANCH: 
2025-12-02T19:39:32.7224391Z   GITHUB_EVENT_PULL_REQUEST_HEAD_LABEL: con:copilot/fix-workflow-overlap-issue
2025-12-02T19:39:32.7224814Z   GITHUB_EVENT_PULL_REQUEST_HEAD_REPO_FULL_NAME: con/tinuous
2025-12-02T19:39:32.7225109Z   GITHUB_REPOSITORY: con/tinuous
2025-12-02T19:39:32.7225325Z ##[endgroup]
2025-12-02T19:39:32.7314936Z ##[group]Run if [ -z "$CC_SHA" ];
2025-12-02T19:39:32.7315210Z [36;1mif [ -z "$CC_SHA" ];[0m
2025-12-02T19:39:32.7315417Z [36;1mthen[0m
2025-12-02T19:39:32.7315641Z [36;1m  CC_SHA="$GITHUB_EVENT_PULL_REQUEST_HEAD_SHA"[0m
2025-12-02T19:39:32.7315904Z [36;1mfi[0m
2025-12-02T19:39:32.7316108Z [36;1mif [ -z "$CC_PR" ] && [ "$CC_FORK" == 'true' ];[0m
2025-12-02T19:39:32.7316370Z [36;1mthen[0m
2025-12-02T19:39:32.7316565Z [36;1m  CC_PR="$GITHUB_EVENT_NUMBER"[0m
2025-12-02T19:39:32.7316790Z [36;1mfi[0m
2025-12-02T19:39:32.7316947Z [36;1m[0m
2025-12-02T19:39:32.7317128Z [36;1mecho "CC_SHA=$CC_SHA" >> "$GITHUB_ENV"[0m
2025-12-02T19:39:32.7317400Z [36;1mecho "CC_PR=$CC_PR" >> "$GITHUB_ENV"[0m
2025-12-02T19:39:32.7346586Z shell: /usr/bin/bash --noprofile --norc -e -o pipefail {0}
2025-12-02T19:39:32.7346897Z env:
2025-12-02T19:39:32.7347140Z   pythonLocation: /opt/hostedtoolcache/Python/3.11.14/x64
2025-12-02T19:39:32.7347538Z   PKG_CONFIG_PATH: /opt/hostedtoolcache/Python/3.11.14/x64/lib/pkgconfig
2025-12-02T19:39:32.7347927Z   Python_ROOT_DIR: /opt/hostedtoolcache/Python/3.11.14/x64
2025-12-02T19:39:32.7348282Z   Python2_ROOT_DIR: /opt/hostedtoolcache/Python/3.11.14/x64
2025-12-02T19:39:32.7348631Z   Python3_ROOT_DIR: /opt/hostedtoolcache/Python/3.11.14/x64
2025-12-02T19:39:32.7348970Z   LD_LIBRARY_PATH: /opt/hostedtoolcache/Python/3.11.14/x64/lib
2025-12-02T19:39:32.7349256Z   CC_FORK: false
2025-12-02T19:39:32.7349505Z   CC_TOKEN: ***
2025-12-02T19:39:32.7349675Z   CC_BRANCH: 
2025-12-02T19:39:32.7349833Z   CC_PR: 
2025-12-02T19:39:32.7349974Z   CC_SHA: 
2025-12-02T19:39:32.7350144Z   GITHUB_EVENT_NAME: pull_request
2025-12-02T19:39:32.7350362Z   GITHUB_EVENT_NUMBER: 221
2025-12-02T19:39:32.7350672Z   GITHUB_EVENT_PULL_REQUEST_HEAD_SHA: 74dd9ed4fbd5851c49e788db796fb81ca8ac7f37
2025-12-02T19:39:32.7351008Z ##[endgroup]
2025-12-02T19:39:32.7425361Z ##[group]Run ${GITHUB_ACTION_PATH}/dist/codecov.sh
2025-12-02T19:39:32.7425695Z [36;1m${GITHUB_ACTION_PATH}/dist/codecov.sh[0m
2025-12-02T19:39:32.7454645Z shell: /usr/bin/bash --noprofile --norc -e -o pipefail {0}
2025-12-02T19:39:32.7454949Z env:
2025-12-02T19:39:32.7455186Z   pythonLocation: /opt/hostedtoolcache/Python/3.11.14/x64
2025-12-02T19:39:32.7455587Z   PKG_CONFIG_PATH: /opt/hostedtoolcache/Python/3.11.14/x64/lib/pkgconfig
2025-12-02T19:39:32.7455981Z   Python_ROOT_DIR: /opt/hostedtoolcache/Python/3.11.14/x64
2025-12-02T19:39:32.7456330Z   Python2_ROOT_DIR: /opt/hostedtoolcache/Python/3.11.14/x64
2025-12-02T19:39:32.7456682Z   Python3_ROOT_DIR: /opt/hostedtoolcache/Python/3.11.14/x64
2025-12-02T19:39:32.7457026Z   LD_LIBRARY_PATH: /opt/hostedtoolcache/Python/3.11.14/x64/lib
2025-12-02T19:39:32.7457304Z   CC_FORK: false
2025-12-02T19:39:32.7457563Z   CC_TOKEN: ***
2025-12-02T19:39:32.7457735Z   CC_BRANCH: 
2025-12-02T19:39:32.7457926Z   CC_SHA: 74dd9ed4fbd5851c49e788db796fb81ca8ac7f37
2025-12-02T19:39:32.7458182Z   CC_PR: 
2025-12-02T19:39:32.7458331Z   CC_BASE_SHA: 
2025-12-02T19:39:32.7458498Z   CC_BINARY: 
2025-12-02T19:39:32.7458655Z   CC_BUILD: 
2025-12-02T19:39:32.7458814Z   CC_BUILD_URL: 
2025-12-02T19:39:32.7458980Z   CC_CODE: 
2025-12-02T19:39:32.7459135Z   CC_DIR: 
2025-12-02T19:39:32.7459308Z   CC_DISABLE_FILE_FIXES: false
2025-12-02T19:39:32.7459524Z   CC_DISABLE_SEARCH: false
2025-12-02T19:39:32.7459719Z   CC_DISABLE_TELEM: false
2025-12-02T19:39:32.7459909Z   CC_DRY_RUN: false
2025-12-02T19:39:32.7460087Z   CC_ENTERPRISE_URL: 
2025-12-02T19:39:32.7460419Z   CC_ENV: 
2025-12-02T19:39:32.7460586Z   CC_EXCLUDES: 
2025-12-02T19:39:32.7460763Z   CC_FAIL_ON_ERROR: false
2025-12-02T19:39:32.7460947Z   CC_FILES: 
2025-12-02T19:39:32.7461101Z   CC_FLAGS: 
2025-12-02T19:39:32.7461254Z   CC_FORCE: 
2025-12-02T19:39:32.7461404Z   CC_GCOV_ARGS: 
2025-12-02T19:39:32.7461580Z   CC_GCOV_EXECUTABLE: gcov
2025-12-02T19:39:32.7461771Z   CC_GCOV_IGNORE: 
2025-12-02T19:39:32.7461940Z   CC_GCOV_INCLUDE: 
2025-12-02T19:39:32.7462117Z   CC_GIT_SERVICE: github
2025-12-02T19:39:32.7462320Z   CC_HANDLE_NO_REPORTS_FOUND: false
2025-12-02T19:39:32.7462537Z   CC_JOB_CODE: 
2025-12-02T19:39:32.7462978Z   CC_LEGACY: false
2025-12-02T19:39:32.7463201Z   CC_NAME: 3.11
2025-12-02T19:39:32.7463368Z   CC_NETWORK_FILTER: 
2025-12-02T19:39:32.7463543Z   CC_NETWORK_PREFIX: 
2025-12-02T19:39:32.7463724Z   CC_NETWORK_ROOT_FOLDER: 
2025-12-02T19:39:32.7463910Z   CC_OS: 
2025-12-02T19:39:32.7464056Z   CC_PARENT_SHA: 
2025-12-02T19:39:32.7464223Z   CC_PLUGINS: 
2025-12-02T19:39:32.7464397Z   CC_RECURSE_SUBMODULES: false
2025-12-02T19:39:32.7464599Z   CC_REPORT_TYPE: 
2025-12-02T19:39:32.7464778Z   CC_RUN_CMD: upload-coverage
2025-12-02T19:39:32.7464975Z   CC_SERVICE: github
2025-12-02T19:39:32.7465158Z   CC_SKIP_VALIDATION: false
2025-12-02T19:39:32.7465343Z   CC_SLUG: 
2025-12-02T19:39:32.7465501Z   CC_SWIFT_PROJECT: 
2025-12-02T19:39:32.7465682Z   CC_USE_PYPI: false
2025-12-02T19:39:32.7465846Z   CC_VERBOSE: false
2025-12-02T19:39:32.7466017Z   CC_VERSION: latest
2025-12-02T19:39:32.7466181Z   CC_YML_PATH: 
2025-12-02T19:39:32.7466344Z ##[endgroup]
2025-12-02T19:39:32.7534945Z      _____          _
2025-12-02T19:39:32.7535288Z     / ____|        | |
2025-12-02T19:39:32.7535604Z    | |     ___   __| | ___  ___ _____   __
2025-12-02T19:39:32.7535938Z    | |    / _ \ / _` |/ _ \/ __/ _ \ \ / /
2025-12-02T19:39:32.7536177Z    | |___| (_) | (_| |  __/ (_| (_) \ V /
2025-12-02T19:39:32.7536414Z     \_____\___/ \__,_|\___|\___\___/ \_/
2025-12-02T19:39:32.7536968Z                            [0;31m Wrapper-0.2.7[0m
2025-12-02T19:39:32.7537232Z                            
2025-12-02T19:39:32.7588632Z [0;32m==>[0m Detected [0;36mlinux[0m
2025-12-02T19:39:32.7589203Z [0;32m ->[0m Downloading [0;36mhttps://cli.codecov.io/latest/linux/codecov[0m
2025-12-02T19:39:32.7650542Z   % Total    % Received % Xferd  Average Speed   Time    Time     Time  Current
2025-12-02T19:39:32.7651167Z                                  Dload  Upload   Total   Spent    Left  Speed
2025-12-02T19:39:32.7651486Z 
2025-12-02T19:39:32.9174623Z   0     0    0     0    0     0      0      0 --:--:-- --:--:-- --:--:--     0
2025-12-02T19:39:33.0213174Z   0     0    0     0    0     0      0      0 --:--:-- --:--:-- --:--:--     0
2025-12-02T19:39:33.0213818Z 100 10.6M  100 10.6M    0     0  41.5M      0 --:--:-- --:--:-- --:--:-- 41.4M
2025-12-02T19:39:33.0235038Z [0;32m==>[0m Finishing downloading [0;36mlinux:latest[0m
2025-12-02T19:39:33.0968397Z       Version: [0;36mv11.2.5[0m
2025-12-02T19:39:33.0968815Z  
2025-12-02T19:39:33.1025043Z gpg: directory '/home/runner/.gnupg' created
2025-12-02T19:39:33.1030178Z gpg: keybox '/home/runner/.gnupg/pubring.kbx' created
2025-12-02T19:39:33.2071829Z gpg: /home/runner/.gnupg/trustdb.gpg: trustdb created
2025-12-02T19:39:33.2073200Z gpg: key 806BB28AED779869: public key "Codecov Uploader (Codecov Uploader Verification Key) <security@codecov.io>" imported
2025-12-02T19:39:33.2198649Z gpg: Total number processed: 1
2025-12-02T19:39:33.2199075Z gpg:               imported: 1
2025-12-02T19:39:33.2204741Z [0;32m==>[0m Verifying GPG signature integrity
2025-12-02T19:39:33.2206119Z [0;32m ->[0m Downloading [0;36mhttps://cli.codecov.io/latest/linux/codecov.SHA256SUM[0m
2025-12-02T19:39:33.2207083Z [0;32m ->[0m Downloading [0;36mhttps://cli.codecov.io/latest/linux/codecov.SHA256SUM.sig[0m
2025-12-02T19:39:33.2207716Z  
2025-12-02T19:39:33.3261289Z gpg: Signature made Mon Nov 10 14:58:43 2025 UTC
2025-12-02T19:39:33.3262212Z gpg:                using RSA key 27034E7FDB850E0BBC2C62FF806BB28AED779869
2025-12-02T19:39:33.3265070Z gpg: Good signature from "Codecov Uploader (Codecov Uploader Verification Key) <security@codecov.io>" [unknown]
2025-12-02T19:39:33.3266061Z gpg: WARNING: This key is not certified with a trusted signature!
2025-12-02T19:39:33.3266753Z gpg:          There is no indication that the signature belongs to the owner.
2025-12-02T19:39:33.3267504Z Primary key fingerprint: 2703 4E7F DB85 0E0B BC2C  62FF 806B B28A ED77 9869
2025-12-02T19:39:33.3897221Z codecov: OK
2025-12-02T19:39:33.3906367Z [0;32m==>[0m CLI integrity verified
2025-12-02T19:39:33.3906724Z 
2025-12-02T19:39:33.4505571Z [0;32m ->[0m Token length: 36
2025-12-02T19:39:33.4506123Z [0;32m==>[0m Running upload-coverage
2025-12-02T19:39:33.4515752Z       [0;36m./codecov  upload-coverage -t <redacted> --git-service github --sha 74dd9ed4fbd5851c49e788db796fb81ca8ac7f37 --gcov-executable gcov --name 3.11[0m
2025-12-02T19:39:33.7945937Z info - 2025-12-02 19:39:33,794 -- ci service found: github-actions
2025-12-02T19:39:33.8356288Z warning - 2025-12-02 19:39:33,835 -- xcrun is not installed or can't be found.
2025-12-02T19:39:33.9056470Z warning - 2025-12-02 19:39:33,905 -- No gcov data found.
2025-12-02T19:39:33.9059505Z warning - 2025-12-02 19:39:33,905 -- coverage.py is not installed or can't be found.
2025-12-02T19:39:33.9219357Z info - 2025-12-02 19:39:33,921 -- Found 1 coverage files to report
2025-12-02T19:39:33.9220415Z info - 2025-12-02 19:39:33,921 -- > /home/runner/work/tinuous/tinuous/coverage.xml
2025-12-02T19:39:34.4303748Z info - 2025-12-02 19:39:34,430 -- Your upload is now processing. When finished, results will be available at: https://app.codecov.io/github/con/tinuous/commit/74dd9ed4fbd5851c49e788db796fb81ca8ac7f37
2025-12-02T19:39:34.5313507Z info - 2025-12-02 19:39:34,531 -- Process Upload complete
2025-12-02T19:39:34.6259026Z Post job cleanup.
2025-12-02T19:39:34.7840946Z Post job cleanup.
2025-12-02T19:39:34.8772097Z [command]/usr/bin/git version
2025-12-02T19:39:34.8813517Z git version 2.51.2
2025-12-02T19:39:34.8848981Z Copying '/home/runner/.gitconfig' to '/home/runner/work/_temp/ae618cae-6844-4ebe-9d05-8a3d8e5a3545/.gitconfig'
2025-12-02T19:39:34.8858742Z Temporarily overriding HOME='/home/runner/work/_temp/ae618cae-6844-4ebe-9d05-8a3d8e5a3545' before making global git config changes
2025-12-02T19:39:34.8859721Z Adding repository directory to the temporary git global config as a safe directory
2025-12-02T19:39:34.8864143Z [command]/usr/bin/git config --global --add safe.directory /home/runner/work/tinuous/tinuous
2025-12-02T19:39:34.8897277Z [command]/usr/bin/git config --local --name-only --get-regexp core\.sshCommand
2025-12-02T19:39:34.8928302Z [command]/usr/bin/git submodule foreach --recursive sh -c "git config --local --name-only --get-regexp 'core\.sshCommand' && git config --local --unset-all 'core.sshCommand' || :"
2025-12-02T19:39:34.9155399Z [command]/usr/bin/git config --local --name-only --get-regexp http\.https\:\/\/github\.com\/\.extraheader
2025-12-02T19:39:34.9175594Z http.https://github.com/.extraheader
2025-12-02T19:39:34.9188840Z [command]/usr/bin/git config --local --unset-all http.https://github.com/.extraheader
2025-12-02T19:39:34.9222716Z [command]/usr/bin/git submodule foreach --recursive sh -c "git config --local --name-only --get-regexp 'http\.https\:\/\/github\.com\/\.extraheader' && git config --local --unset-all 'http.https://github.com/.extraheader' || :"
2025-12-02T19:39:34.9470895Z [command]/usr/bin/git config --local --name-only --get-regexp ^includeIf\.gitdir:
2025-12-02T19:39:34.9506136Z [command]/usr/bin/git submodule foreach --recursive git config --local --show-origin --name-only --get-regexp remote.origin.url
2025-12-02T19:39:34.9897061Z Cleaning up orphan processes
