2023-02-18T01:33:59.4408288Z Requested labels: ubuntu-latest
2023-02-18T01:33:59.4408333Z Job defined at: con/tinuous/.github/workflows/test.yml@refs/heads/master
2023-02-18T01:33:59.4408364Z Waiting for a runner to pick up this job...
2023-02-18T01:34:01.2797641Z Job is waiting for a hosted runner to come online.
2023-02-18T01:34:03.1201566Z Job is about to start running on the hosted runner: GitHub Actions 7 (hosted)
2023-02-18T01:34:06.2430756Z Current runner version: '2.301.1'
2023-02-18T01:34:06.2467490Z ##[group]Operating System
2023-02-18T01:34:06.2468693Z Ubuntu
2023-02-18T01:34:06.2469054Z 22.04.1
2023-02-18T01:34:06.2469312Z LTS
2023-02-18T01:34:06.2469644Z ##[endgroup]
2023-02-18T01:34:06.2470201Z ##[group]Runner Image
2023-02-18T01:34:06.2470803Z Image: ubuntu-22.04
2023-02-18T01:34:06.2471171Z Version: 20230217.1
2023-02-18T01:34:06.2471734Z Included Software: https://github.com/actions/runner-images/blob/ubuntu22/20230217.1/images/linux/Ubuntu2204-Readme.md
2023-02-18T01:34:06.2472391Z Image Release: https://github.com/actions/runner-images/releases/tag/ubuntu22%2F20230217.1
2023-02-18T01:34:06.2472886Z ##[endgroup]
2023-02-18T01:34:06.2473336Z ##[group]Runner Image Provisioner
2023-02-18T01:34:06.2473663Z 2.0.117.1
2023-02-18T01:34:06.2473994Z ##[endgroup]
2023-02-18T01:34:06.2475084Z ##[group]GITHUB_TOKEN Permissions
2023-02-18T01:34:06.2475874Z Actions: write
2023-02-18T01:34:06.2476345Z Checks: write
2023-02-18T01:34:06.2476840Z Contents: write
2023-02-18T01:34:06.2477350Z Deployments: write
2023-02-18T01:34:06.2477678Z Discussions: write
2023-02-18T01:34:06.2478035Z Issues: write
2023-02-18T01:34:06.2478378Z Metadata: read
2023-02-18T01:34:06.2478720Z Packages: write
2023-02-18T01:34:06.2479473Z Pages: write
2023-02-18T01:34:06.2479852Z PullRequests: write
2023-02-18T01:34:06.2480211Z RepositoryProjects: write
2023-02-18T01:34:06.2480626Z SecurityEvents: write
2023-02-18T01:34:06.2481025Z Statuses: write
2023-02-18T01:34:06.2481396Z ##[endgroup]
2023-02-18T01:34:06.2485851Z Secret source: Actions
2023-02-18T01:34:06.2486438Z Prepare workflow directory
2023-02-18T01:34:06.3572090Z Prepare all required actions
2023-02-18T01:34:06.3807260Z Getting action download info
2023-02-18T01:34:06.6372634Z Download action repository 'actions/checkout@v3' (SHA:ac593985615ec2ede58e132d2e21d2b1cbd6127c)
2023-02-18T01:34:07.3203303Z Download action repository 'actions/setup-python@v4' (SHA:d27e3f3d7c64b4bbf8e4abfb9b63b83e846e0435)
2023-02-18T01:34:07.8659666Z Download action repository 'codecov/codecov-action@v3' (SHA:d9f34f8cd5cb3b3eb79b3e4b5dae3a16df499a70)
2023-02-18T01:34:08.5583477Z Complete job name: test (3.8, typing)
2023-02-18T01:34:08.6800731Z ##[group]Run actions/checkout@v3
2023-02-18T01:34:08.6801190Z with:
2023-02-18T01:34:08.6801436Z   fetch-depth: 0
2023-02-18T01:34:08.6801892Z   repository: con/tinuous
2023-02-18T01:34:08.6802586Z   token: ***
2023-02-18T01:34:08.6802908Z   ssh-strict: true
2023-02-18T01:34:08.6803201Z   persist-credentials: true
2023-02-18T01:34:08.6803479Z   clean: true
2023-02-18T01:34:08.6803679Z   lfs: false
2023-02-18T01:34:08.6803951Z   submodules: false
2023-02-18T01:34:08.6804295Z   set-safe-directory: true
2023-02-18T01:34:08.6804535Z ##[endgroup]
2023-02-18T01:34:09.1244240Z Syncing repository: con/tinuous
2023-02-18T01:34:09.1246984Z ##[group]Getting Git version info
2023-02-18T01:34:09.1247599Z Working directory is '/home/runner/work/tinuous/tinuous'
2023-02-18T01:34:09.1248143Z [command]/usr/bin/git version
2023-02-18T01:34:09.1248412Z git version 2.39.2
2023-02-18T01:34:09.1249648Z ##[endgroup]
2023-02-18T01:34:09.1275671Z Temporarily overriding HOME='/home/runner/work/_temp/a8d076aa-15ea-471d-b50f-d376c8f9d95f' before making global git config changes
2023-02-18T01:34:09.1276185Z Adding repository directory to the temporary git global config as a safe directory
2023-02-18T01:34:09.1276740Z [command]/usr/bin/git config --global --add safe.directory /home/runner/work/tinuous/tinuous
2023-02-18T01:34:09.1277653Z Deleting the contents of '/home/runner/work/tinuous/tinuous'
2023-02-18T01:34:09.1280860Z ##[group]Initializing the repository
2023-02-18T01:34:09.1284445Z [command]/usr/bin/git init /home/runner/work/tinuous/tinuous
2023-02-18T01:34:09.1414719Z hint: Using 'master' as the name for the initial branch. This default branch name
2023-02-18T01:34:09.1416746Z hint: is subject to change. To configure the initial branch name to use in all
2023-02-18T01:34:09.1417665Z hint: of your new repositories, which will suppress this warning, call:
2023-02-18T01:34:09.1418429Z hint: 
2023-02-18T01:34:09.1419282Z hint: 	git config --global init.defaultBranch <name>
2023-02-18T01:34:09.1420111Z hint: 
2023-02-18T01:34:09.1420771Z hint: Names commonly chosen instead of 'master' are 'main', 'trunk' and
2023-02-18T01:34:09.1421790Z hint: 'development'. The just-created branch can be renamed via this command:
2023-02-18T01:34:09.1426331Z hint: 
2023-02-18T01:34:09.1427718Z hint: 	git branch -m <name>
2023-02-18T01:34:09.1431426Z Initialized empty Git repository in /home/runner/work/tinuous/tinuous/.git/
2023-02-18T01:34:09.1448512Z [command]/usr/bin/git remote add origin https://github.com/con/tinuous
2023-02-18T01:34:09.1504590Z ##[endgroup]
2023-02-18T01:34:09.1506729Z ##[group]Disabling automatic garbage collection
2023-02-18T01:34:09.1514397Z [command]/usr/bin/git config --local gc.auto 0
2023-02-18T01:34:09.1558475Z ##[endgroup]
2023-02-18T01:34:09.1560505Z ##[group]Setting up auth
2023-02-18T01:34:09.1571066Z [command]/usr/bin/git config --local --name-only --get-regexp core\.sshCommand
2023-02-18T01:34:09.1667031Z [command]/usr/bin/git submodule foreach --recursive sh -c "git config --local --name-only --get-regexp 'core\.sshCommand' && git config --local --unset-all 'core.sshCommand' || :"
2023-02-18T01:34:09.2140573Z [command]/usr/bin/git config --local --name-only --get-regexp http\.https\:\/\/github\.com\/\.extraheader
2023-02-18T01:34:09.2165635Z [command]/usr/bin/git submodule foreach --recursive sh -c "git config --local --name-only --get-regexp 'http\.https\:\/\/github\.com\/\.extraheader' && git config --local --unset-all 'http.https://github.com/.extraheader' || :"
2023-02-18T01:34:09.2524420Z [command]/usr/bin/git config --local http.https://github.com/.extraheader AUTHORIZATION: basic ***
2023-02-18T01:34:09.2528192Z ##[endgroup]
2023-02-18T01:34:09.2528818Z ##[group]Fetching the repository
2023-02-18T01:34:09.2529724Z [command]/usr/bin/git -c protocol.version=2 fetch --prune --progress --no-recurse-submodules origin +refs/heads/*:refs/remotes/origin/* +refs/tags/*:refs/tags/*
2023-02-18T01:34:09.7793841Z remote: Enumerating objects: 1046, done.        
2023-02-18T01:34:09.7794471Z remote: Counting objects:   0% (1/268)        
2023-02-18T01:34:09.7795783Z remote: Counting objects:   1% (3/268)        
2023-02-18T01:34:09.7808663Z remote: Counting objects:   2% (6/268)        
2023-02-18T01:34:09.7810264Z remote: Counting objects:   3% (9/268)        
2023-02-18T01:34:09.7810898Z remote: Counting objects:   4% (11/268)        
2023-02-18T01:34:09.7811165Z remote: Counting objects:   5% (14/268)        
2023-02-18T01:34:09.7811425Z remote: Counting objects:   6% (17/268)        
2023-02-18T01:34:09.7811818Z remote: Counting objects:   7% (19/268)        
2023-02-18T01:34:09.7812085Z remote: Counting objects:   8% (22/268)        
2023-02-18T01:34:09.7812453Z remote: Counting objects:   9% (25/268)        
2023-02-18T01:34:09.7813478Z remote: Counting objects:  10% (27/268)        
2023-02-18T01:34:09.7813744Z remote: Counting objects:  11% (30/268)        
2023-02-18T01:34:09.7814189Z remote: Counting objects:  12% (33/268)        
2023-02-18T01:34:09.7815178Z remote: Counting objects:  13% (35/268)        
2023-02-18T01:34:09.7816086Z remote: Counting objects:  14% (38/268)        
2023-02-18T01:34:09.7816535Z remote: Counting objects:  15% (41/268)        
2023-02-18T01:34:09.7816798Z remote: Counting objects:  16% (43/268)        
2023-02-18T01:34:09.7817043Z remote: Counting objects:  17% (46/268)        
2023-02-18T01:34:09.7817305Z remote: Counting objects:  18% (49/268)        
2023-02-18T01:34:09.7817570Z remote: Counting objects:  19% (51/268)        
2023-02-18T01:34:09.7818348Z remote: Counting objects:  20% (54/268)        
2023-02-18T01:34:09.7818718Z remote: Counting objects:  21% (57/268)        
2023-02-18T01:34:09.7818979Z remote: Counting objects:  22% (59/268)        
2023-02-18T01:34:09.7819265Z remote: Counting objects:  23% (62/268)        
2023-02-18T01:34:09.7819515Z remote: Counting objects:  24% (65/268)        
2023-02-18T01:34:09.7820974Z remote: Counting objects:  25% (67/268)        
2023-02-18T01:34:09.7822568Z remote: Counting objects:  26% (70/268)        
2023-02-18T01:34:09.7823233Z remote: Counting objects:  27% (73/268)        
2023-02-18T01:34:09.7823518Z remote: Counting objects:  28% (76/268)        
2023-02-18T01:34:09.7823789Z remote: Counting objects:  29% (78/268)        
2023-02-18T01:34:09.7824220Z remote: Counting objects:  30% (81/268)        
2023-02-18T01:34:09.7825507Z remote: Counting objects:  31% (84/268)        
2023-02-18T01:34:09.7826340Z remote: Counting objects:  32% (86/268)        
2023-02-18T01:34:09.7826800Z remote: Counting objects:  33% (89/268)        
2023-02-18T01:34:09.7827691Z remote: Counting objects:  34% (92/268)        
2023-02-18T01:34:09.7828197Z remote: Counting objects:  35% (94/268)        
2023-02-18T01:34:09.7830516Z remote: Counting objects:  36% (97/268)        
2023-02-18T01:34:09.7832410Z remote: Counting objects:  37% (100/268)        
2023-02-18T01:34:09.7836033Z remote: Counting objects:  38% (102/268)        
2023-02-18T01:34:09.7836385Z remote: Counting objects:  39% (105/268)        
2023-02-18T01:34:09.7836671Z remote: Counting objects:  40% (108/268)        
2023-02-18T01:34:09.7836934Z remote: Counting objects:  41% (110/268)        
2023-02-18T01:34:09.7840402Z remote: Counting objects:  42% (113/268)        
2023-02-18T01:34:09.7842466Z remote: Counting objects:  43% (116/268)        
2023-02-18T01:34:09.7843702Z remote: Counting objects:  44% (118/268)        
2023-02-18T01:34:09.7844205Z remote: Counting objects:  45% (121/268)        
2023-02-18T01:34:09.7844473Z remote: Counting objects:  46% (124/268)        
2023-02-18T01:34:09.7844746Z remote: Counting objects:  47% (126/268)        
2023-02-18T01:34:09.7845003Z remote: Counting objects:  48% (129/268)        
2023-02-18T01:34:09.7845270Z remote: Counting objects:  49% (132/268)        
2023-02-18T01:34:09.7845660Z remote: Counting objects:  50% (134/268)        
2023-02-18T01:34:09.7845920Z remote: Counting objects:  51% (137/268)        
2023-02-18T01:34:09.7846188Z remote: Counting objects:  52% (140/268)        
2023-02-18T01:34:09.7846647Z remote: Counting objects:  53% (143/268)        
2023-02-18T01:34:09.7846929Z remote: Counting objects:  54% (145/268)        
2023-02-18T01:34:09.7847199Z remote: Counting objects:  55% (148/268)        
2023-02-18T01:34:09.7847469Z remote: Counting objects:  56% (151/268)        
2023-02-18T01:34:09.7848921Z remote: Counting objects:  57% (153/268)        
2023-02-18T01:34:09.7849185Z remote: Counting objects:  58% (156/268)        
2023-02-18T01:34:09.7849507Z remote: Counting objects:  59% (159/268)        
2023-02-18T01:34:09.7849779Z remote: Counting objects:  60% (161/268)        
2023-02-18T01:34:09.7850031Z remote: Counting objects:  61% (164/268)        
2023-02-18T01:34:09.7850302Z remote: Counting objects:  62% (167/268)        
2023-02-18T01:34:09.7850576Z remote: Counting objects:  63% (169/268)        
2023-02-18T01:34:09.7850968Z remote: Counting objects:  64% (172/268)        
2023-02-18T01:34:09.7851428Z remote: Counting objects:  65% (175/268)        
2023-02-18T01:34:09.7851698Z remote: Counting objects:  66% (177/268)        
2023-02-18T01:34:09.7852375Z remote: Counting objects:  67% (180/268)        
2023-02-18T01:34:09.7852900Z remote: Counting objects:  68% (183/268)        
2023-02-18T01:34:09.7853171Z remote: Counting objects:  69% (185/268)        
2023-02-18T01:34:09.7853803Z remote: Counting objects:  70% (188/268)        
2023-02-18T01:34:09.7854095Z remote: Counting objects:  71% (191/268)        
2023-02-18T01:34:09.7859932Z remote: Counting objects:  72% (193/268)        
2023-02-18T01:34:09.7860256Z remote: Counting objects:  73% (196/268)        
2023-02-18T01:34:09.7860544Z remote: Counting objects:  74% (199/268)        
2023-02-18T01:34:09.7860809Z remote: Counting objects:  75% (201/268)        
2023-02-18T01:34:09.7861089Z remote: Counting objects:  76% (204/268)        
2023-02-18T01:34:09.7861375Z remote: Counting objects:  77% (207/268)        
2023-02-18T01:34:09.7861892Z remote: Counting objects:  78% (210/268)        
2023-02-18T01:34:09.7862350Z remote: Counting objects:  79% (212/268)        
2023-02-18T01:34:09.7862633Z remote: Counting objects:  80% (215/268)        
2023-02-18T01:34:09.7862911Z remote: Counting objects:  81% (218/268)        
2023-02-18T01:34:09.7863356Z remote: Counting objects:  82% (220/268)        
2023-02-18T01:34:09.7863634Z remote: Counting objects:  83% (223/268)        
2023-02-18T01:34:09.7863903Z remote: Counting objects:  84% (226/268)        
2023-02-18T01:34:09.7864158Z remote: Counting objects:  85% (228/268)        
2023-02-18T01:34:09.7864428Z remote: Counting objects:  86% (231/268)        
2023-02-18T01:34:09.7864699Z remote: Counting objects:  87% (234/268)        
2023-02-18T01:34:09.7864954Z remote: Counting objects:  88% (236/268)        
2023-02-18T01:34:09.7865228Z remote: Counting objects:  89% (239/268)        
2023-02-18T01:34:09.7865497Z remote: Counting objects:  90% (242/268)        
2023-02-18T01:34:09.7865773Z remote: Counting objects:  91% (244/268)        
2023-02-18T01:34:09.7866031Z remote: Counting objects:  92% (247/268)        
2023-02-18T01:34:09.7866301Z remote: Counting objects:  93% (250/268)        
2023-02-18T01:34:09.7866569Z remote: Counting objects:  94% (252/268)        
2023-02-18T01:34:09.7867214Z remote: Counting objects:  95% (255/268)        
2023-02-18T01:34:09.7867495Z remote: Counting objects:  96% (258/268)        
2023-02-18T01:34:09.7867827Z remote: Counting objects:  97% (260/268)        
2023-02-18T01:34:09.7868175Z remote: Counting objects:  98% (263/268)        
2023-02-18T01:34:09.7868439Z remote: Counting objects:  99% (266/268)        
2023-02-18T01:34:09.7868706Z remote: Counting objects: 100% (268/268)        
2023-02-18T01:34:09.7869152Z remote: Counting objects: 100% (268/268), done.        
2023-02-18T01:34:09.7869491Z remote: Compressing objects:   0% (1/184)        
2023-02-18T01:34:09.7869898Z remote: Compressing objects:   1% (2/184)        
2023-02-18T01:34:09.7870219Z remote: Compressing objects:   2% (4/184)        
2023-02-18T01:34:09.7870696Z remote: Compressing objects:   3% (6/184)        
2023-02-18T01:34:09.7871039Z remote: Compressing objects:   4% (8/184)        
2023-02-18T01:34:09.7871357Z remote: Compressing objects:   5% (10/184)        
2023-02-18T01:34:09.7871819Z remote: Compressing objects:   6% (12/184)        
2023-02-18T01:34:09.7872128Z remote: Compressing objects:   7% (13/184)        
2023-02-18T01:34:09.7872788Z remote: Compressing objects:   8% (15/184)        
2023-02-18T01:34:09.7873222Z remote: Compressing objects:   9% (17/184)        
2023-02-18T01:34:09.7873518Z remote: Compressing objects:  10% (19/184)        
2023-02-18T01:34:09.7873810Z remote: Compressing objects:  11% (21/184)        
2023-02-18T01:34:09.7874102Z remote: Compressing objects:  12% (23/184)        
2023-02-18T01:34:09.7874882Z remote: Compressing objects:  13% (24/184)        
2023-02-18T01:34:09.7886940Z remote: Compressing objects:  14% (26/184)        
2023-02-18T01:34:09.7887264Z remote: Compressing objects:  15% (28/184)        
2023-02-18T01:34:09.7887551Z remote: Compressing objects:  16% (30/184)        
2023-02-18T01:34:09.7887847Z remote: Compressing objects:  17% (32/184)        
2023-02-18T01:34:09.7888139Z remote: Compressing objects:  18% (34/184)        
2023-02-18T01:34:09.7888429Z remote: Compressing objects:  19% (35/184)        
2023-02-18T01:34:09.7888888Z remote: Compressing objects:  20% (37/184)        
2023-02-18T01:34:09.7889350Z remote: Compressing objects:  21% (39/184)        
2023-02-18T01:34:09.7889645Z remote: Compressing objects:  22% (41/184)        
2023-02-18T01:34:09.7889919Z remote: Compressing objects:  23% (43/184)        
2023-02-18T01:34:09.7890210Z remote: Compressing objects:  24% (45/184)        
2023-02-18T01:34:09.7890505Z remote: Compressing objects:  25% (46/184)        
2023-02-18T01:34:09.7890779Z remote: Compressing objects:  26% (48/184)        
2023-02-18T01:34:09.7891270Z remote: Compressing objects:  27% (50/184)        
2023-02-18T01:34:09.7891565Z remote: Compressing objects:  28% (52/184)        
2023-02-18T01:34:09.7891858Z remote: Compressing objects:  29% (54/184)        
2023-02-18T01:34:09.7892135Z remote: Compressing objects:  30% (56/184)        
2023-02-18T01:34:09.7892425Z remote: Compressing objects:  31% (58/184)        
2023-02-18T01:34:09.7892717Z remote: Compressing objects:  32% (59/184)        
2023-02-18T01:34:09.7892993Z remote: Compressing objects:  33% (61/184)        
2023-02-18T01:34:09.7893283Z remote: Compressing objects:  34% (63/184)        
2023-02-18T01:34:09.7893572Z remote: Compressing objects:  35% (65/184)        
2023-02-18T01:34:09.7893845Z remote: Compressing objects:  36% (67/184)        
2023-02-18T01:34:09.7894136Z remote: Compressing objects:  37% (69/184)        
2023-02-18T01:34:09.7894427Z remote: Compressing objects:  38% (70/184)        
2023-02-18T01:34:09.7894701Z remote: Compressing objects:  39% (72/184)        
2023-02-18T01:34:09.7894998Z remote: Compressing objects:  40% (74/184)        
2023-02-18T01:34:09.7896492Z remote: Compressing objects:  41% (76/184)        
2023-02-18T01:34:09.7896938Z remote: Compressing objects:  42% (78/184)        
2023-02-18T01:34:09.7897236Z remote: Compressing objects:  43% (80/184)        
2023-02-18T01:34:09.7897552Z remote: Compressing objects:  44% (81/184)        
2023-02-18T01:34:09.7897865Z remote: Compressing objects:  45% (83/184)        
2023-02-18T01:34:09.7898159Z remote: Compressing objects:  46% (85/184)        
2023-02-18T01:34:09.7898470Z remote: Compressing objects:  47% (87/184)        
2023-02-18T01:34:09.7898780Z remote: Compressing objects:  48% (89/184)        
2023-02-18T01:34:09.7899074Z remote: Compressing objects:  49% (91/184)        
2023-02-18T01:34:09.7899537Z remote: Compressing objects:  50% (92/184)        
2023-02-18T01:34:09.7899991Z remote: Compressing objects:  51% (94/184)        
2023-02-18T01:34:09.7900285Z remote: Compressing objects:  52% (96/184)        
2023-02-18T01:34:09.7900564Z remote: Compressing objects:  53% (98/184)        
2023-02-18T01:34:09.7900856Z remote: Compressing objects:  54% (100/184)        
2023-02-18T01:34:09.7901320Z remote: Compressing objects:  55% (102/184)        
2023-02-18T01:34:09.7901633Z remote: Compressing objects:  56% (104/184)        
2023-02-18T01:34:09.7902307Z remote: Compressing objects:  57% (105/184)        
2023-02-18T01:34:09.7902659Z remote: Compressing objects:  58% (107/184)        
2023-02-18T01:34:09.7902938Z remote: Compressing objects:  59% (109/184)        
2023-02-18T01:34:09.7903233Z remote: Compressing objects:  60% (111/184)        
2023-02-18T01:34:09.7903534Z remote: Compressing objects:  61% (113/184)        
2023-02-18T01:34:09.7903828Z remote: Compressing objects:  62% (115/184)        
2023-02-18T01:34:09.7904108Z remote: Compressing objects:  63% (116/184)        
2023-02-18T01:34:09.7904401Z remote: Compressing objects:  64% (118/184)        
2023-02-18T01:34:09.7904694Z remote: Compressing objects:  65% (120/184)        
2023-02-18T01:34:09.7958449Z remote: Compressing objects:  66% (122/184)        
2023-02-18T01:34:09.7958804Z remote: Compressing objects:  67% (124/184)        
2023-02-18T01:34:09.7959278Z remote: Compressing objects:  68% (126/184)        
2023-02-18T01:34:09.7959588Z remote: Compressing objects:  69% (127/184)        
2023-02-18T01:34:09.7959878Z remote: Compressing objects:  70% (129/184)        
2023-02-18T01:34:09.7960183Z remote: Compressing objects:  71% (131/184)        
2023-02-18T01:34:09.7960647Z remote: Compressing objects:  72% (133/184)        
2023-02-18T01:34:09.7961098Z remote: Compressing objects:  73% (135/184)        
2023-02-18T01:34:09.7961385Z remote: Compressing objects:  74% (137/184)        
2023-02-18T01:34:09.7961855Z remote: Compressing objects:  75% (138/184)        
2023-02-18T01:34:09.7962131Z remote: Compressing objects:  76% (140/184)        
2023-02-18T01:34:09.7962424Z remote: Compressing objects:  77% (142/184)        
2023-02-18T01:34:09.7963181Z remote: Compressing objects:  78% (144/184)        
2023-02-18T01:34:09.7963487Z remote: Compressing objects:  79% (146/184)        
2023-02-18T01:34:09.7963777Z remote: Compressing objects:  80% (148/184)        
2023-02-18T01:34:09.7964083Z remote: Compressing objects:  81% (150/184)        
2023-02-18T01:34:09.7964384Z remote: Compressing objects:  82% (151/184)        
2023-02-18T01:34:09.7965017Z remote: Compressing objects:  83% (153/184)        
2023-02-18T01:34:09.7965477Z remote: Compressing objects:  84% (155/184)        
2023-02-18T01:34:09.7965772Z remote: Compressing objects:  85% (157/184)        
2023-02-18T01:34:09.7966242Z remote: Compressing objects:  86% (159/184)        
2023-02-18T01:34:09.7966527Z remote: Compressing objects:  87% (161/184)        
2023-02-18T01:34:09.7966809Z remote: Compressing objects:  88% (162/184)        
2023-02-18T01:34:09.7967075Z remote: Compressing objects:  89% (164/184)        
2023-02-18T01:34:09.7967387Z remote: Compressing objects:  90% (166/184)        
2023-02-18T01:34:09.7967660Z remote: Compressing objects:  91% (168/184)        
2023-02-18T01:34:09.7967945Z remote: Compressing objects:  92% (170/184)        
2023-02-18T01:34:09.7968232Z remote: Compressing objects:  93% (172/184)        
2023-02-18T01:34:09.7968500Z remote: Compressing objects:  94% (173/184)        
2023-02-18T01:34:09.7968781Z remote: Compressing objects:  95% (175/184)        
2023-02-18T01:34:09.7969061Z remote: Compressing objects:  96% (177/184)        
2023-02-18T01:34:09.7969345Z remote: Compressing objects:  97% (179/184)        
2023-02-18T01:34:09.7969612Z remote: Compressing objects:  98% (181/184)        
2023-02-18T01:34:09.7969894Z remote: Compressing objects:  99% (183/184)        
2023-02-18T01:34:09.7970176Z remote: Compressing objects: 100% (184/184)        
2023-02-18T01:34:09.7970457Z remote: Compressing objects: 100% (184/184), done.        
2023-02-18T01:34:09.8015184Z Receiving objects:   0% (1/1046)
2023-02-18T01:34:09.8018236Z Receiving objects:   1% (11/1046)
2023-02-18T01:34:09.8020582Z Receiving objects:   2% (21/1046)
2023-02-18T01:34:09.8023246Z Receiving objects:   3% (32/1046)
2023-02-18T01:34:09.8025632Z Receiving objects:   4% (42/1046)
2023-02-18T01:34:09.8027749Z Receiving objects:   5% (53/1046)
2023-02-18T01:34:09.8146543Z Receiving objects:   6% (63/1046)
2023-02-18T01:34:09.8156131Z Receiving objects:   7% (74/1046)
2023-02-18T01:34:09.8158185Z Receiving objects:   8% (84/1046)
2023-02-18T01:34:09.8162472Z Receiving objects:   9% (95/1046)
2023-02-18T01:34:09.8171528Z Receiving objects:  10% (105/1046)
2023-02-18T01:34:09.8173269Z Receiving objects:  11% (116/1046)
2023-02-18T01:34:09.8174520Z Receiving objects:  12% (126/1046)
2023-02-18T01:34:09.8176737Z Receiving objects:  13% (136/1046)
2023-02-18T01:34:09.8179510Z Receiving objects:  14% (147/1046)
2023-02-18T01:34:09.8180344Z Receiving objects:  15% (157/1046)
2023-02-18T01:34:09.8181307Z Receiving objects:  16% (168/1046)
2023-02-18T01:34:09.8184467Z Receiving objects:  17% (178/1046)
2023-02-18T01:34:09.8185651Z Receiving objects:  18% (189/1046)
2023-02-18T01:34:09.8188634Z Receiving objects:  19% (199/1046)
2023-02-18T01:34:09.8192152Z Receiving objects:  20% (210/1046)
2023-02-18T01:34:09.8194923Z Receiving objects:  21% (220/1046)
2023-02-18T01:34:09.8196479Z Receiving objects:  22% (231/1046)
2023-02-18T01:34:09.8197917Z Receiving objects:  23% (241/1046)
2023-02-18T01:34:09.8202045Z Receiving objects:  24% (252/1046)
2023-02-18T01:34:09.8205129Z Receiving objects:  25% (262/1046)
2023-02-18T01:34:09.8272656Z Receiving objects:  26% (272/1046)
2023-02-18T01:34:09.8272986Z Receiving objects:  27% (283/1046)
2023-02-18T01:34:09.8336987Z Receiving objects:  28% (293/1046)
2023-02-18T01:34:09.8337275Z Receiving objects:  29% (304/1046)
2023-02-18T01:34:09.8337529Z Receiving objects:  30% (314/1046)
2023-02-18T01:34:09.8346436Z Receiving objects:  31% (325/1046)
2023-02-18T01:34:09.8346735Z Receiving objects:  32% (335/1046)
2023-02-18T01:34:09.8346983Z Receiving objects:  33% (346/1046)
2023-02-18T01:34:09.8347520Z Receiving objects:  34% (356/1046)
2023-02-18T01:34:09.8347747Z Receiving objects:  35% (367/1046)
2023-02-18T01:34:09.8348099Z Receiving objects:  36% (377/1046)
2023-02-18T01:34:09.8348514Z Receiving objects:  37% (388/1046)
2023-02-18T01:34:09.8348742Z Receiving objects:  38% (398/1046)
2023-02-18T01:34:09.8349121Z Receiving objects:  39% (408/1046)
2023-02-18T01:34:09.8349364Z Receiving objects:  40% (419/1046)
2023-02-18T01:34:09.8349591Z Receiving objects:  41% (429/1046)
2023-02-18T01:34:09.8349990Z Receiving objects:  42% (440/1046)
2023-02-18T01:34:09.8350224Z Receiving objects:  43% (450/1046)
2023-02-18T01:34:09.8350439Z Receiving objects:  44% (461/1046)
2023-02-18T01:34:09.8350674Z Receiving objects:  45% (471/1046)
2023-02-18T01:34:09.8350909Z Receiving objects:  46% (482/1046)
2023-02-18T01:34:09.8351124Z Receiving objects:  47% (492/1046)
2023-02-18T01:34:09.8351357Z Receiving objects:  48% (503/1046)
2023-02-18T01:34:09.8351888Z Receiving objects:  49% (513/1046)
2023-02-18T01:34:09.8352457Z Receiving objects:  50% (523/1046)
2023-02-18T01:34:09.8368595Z Receiving objects:  51% (534/1046)
2023-02-18T01:34:09.8370312Z Receiving objects:  52% (544/1046)
2023-02-18T01:34:09.8371783Z Receiving objects:  53% (555/1046)
2023-02-18T01:34:09.8384867Z Receiving objects:  54% (565/1046)
2023-02-18T01:34:09.8386829Z Receiving objects:  55% (576/1046)
2023-02-18T01:34:09.8388410Z Receiving objects:  56% (586/1046)
2023-02-18T01:34:09.8388679Z Receiving objects:  57% (597/1046)
2023-02-18T01:34:09.8388942Z Receiving objects:  58% (607/1046)
2023-02-18T01:34:09.8390231Z Receiving objects:  59% (618/1046)
2023-02-18T01:34:09.8390495Z Receiving objects:  60% (628/1046)
2023-02-18T01:34:09.8395294Z Receiving objects:  61% (639/1046)
2023-02-18T01:34:09.8396006Z Receiving objects:  62% (649/1046)
2023-02-18T01:34:09.8397930Z Receiving objects:  63% (659/1046)
2023-02-18T01:34:09.8398177Z Receiving objects:  64% (670/1046)
2023-02-18T01:34:09.8398927Z Receiving objects:  65% (680/1046)
2023-02-18T01:34:09.8399180Z Receiving objects:  66% (691/1046)
2023-02-18T01:34:09.8399406Z Receiving objects:  67% (701/1046)
2023-02-18T01:34:09.8399824Z Receiving objects:  68% (712/1046)
2023-02-18T01:34:09.8400099Z Receiving objects:  69% (722/1046)
2023-02-18T01:34:09.8400322Z Receiving objects:  70% (733/1046)
2023-02-18T01:34:09.8400564Z Receiving objects:  71% (743/1046)
2023-02-18T01:34:09.8400807Z Receiving objects:  72% (754/1046)
2023-02-18T01:34:09.8401032Z Receiving objects:  73% (764/1046)
2023-02-18T01:34:09.8401271Z Receiving objects:  74% (775/1046)
2023-02-18T01:34:09.8402372Z Receiving objects:  75% (785/1046)
2023-02-18T01:34:09.8460338Z Receiving objects:  76% (795/1046)
2023-02-18T01:34:09.8460634Z Receiving objects:  77% (806/1046)
2023-02-18T01:34:09.8460888Z Receiving objects:  78% (816/1046)
2023-02-18T01:34:09.8461799Z Receiving objects:  79% (827/1046)
2023-02-18T01:34:09.8463437Z Receiving objects:  80% (837/1046)
2023-02-18T01:34:09.8545275Z Receiving objects:  81% (848/1046)
2023-02-18T01:34:09.8545567Z Receiving objects:  82% (858/1046)
2023-02-18T01:34:09.8545798Z Receiving objects:  83% (869/1046)
2023-02-18T01:34:09.8546045Z Receiving objects:  84% (879/1046)
2023-02-18T01:34:09.8546288Z Receiving objects:  85% (890/1046)
2023-02-18T01:34:09.8546525Z Receiving objects:  86% (900/1046)
2023-02-18T01:34:09.8546747Z Receiving objects:  87% (911/1046)
2023-02-18T01:34:09.8546984Z Receiving objects:  88% (921/1046)
2023-02-18T01:34:09.8547219Z Receiving objects:  89% (931/1046)
2023-02-18T01:34:09.8547437Z Receiving objects:  90% (942/1046)
2023-02-18T01:34:09.8547670Z Receiving objects:  91% (952/1046)
2023-02-18T01:34:09.8547905Z Receiving objects:  92% (963/1046)
2023-02-18T01:34:09.8548122Z Receiving objects:  93% (973/1046)
2023-02-18T01:34:09.8548356Z Receiving objects:  94% (984/1046)
2023-02-18T01:34:09.8548589Z Receiving objects:  95% (994/1046)
2023-02-18T01:34:09.8548808Z Receiving objects:  96% (1005/1046)
2023-02-18T01:34:09.8549046Z Receiving objects:  97% (1015/1046)
2023-02-18T01:34:09.8549851Z remote: Total 1046 (delta 98), reused 113 (delta 73), pack-reused 778        
2023-02-18T01:34:09.8564250Z Receiving objects:  98% (1026/1046)
2023-02-18T01:34:09.8620037Z Receiving objects:  99% (1036/1046)
2023-02-18T01:34:09.8620540Z Receiving objects: 100% (1046/1046)
2023-02-18T01:34:09.8620854Z Receiving objects: 100% (1046/1046), 264.92 KiB | 4.57 MiB/s, done.
2023-02-18T01:34:09.8621140Z Resolving deltas:   0% (0/567)
2023-02-18T01:34:09.8621567Z Resolving deltas:   1% (6/567)
2023-02-18T01:34:09.8621815Z Resolving deltas:   2% (12/567)
2023-02-18T01:34:09.8622614Z Resolving deltas:   3% (18/567)
2023-02-18T01:34:09.8622841Z Resolving deltas:   4% (23/567)
2023-02-18T01:34:09.8623071Z Resolving deltas:   5% (29/567)
2023-02-18T01:34:09.8623466Z Resolving deltas:   6% (35/567)
2023-02-18T01:34:09.8623675Z Resolving deltas:   7% (40/567)
2023-02-18T01:34:09.8623898Z Resolving deltas:   8% (46/567)
2023-02-18T01:34:09.8624123Z Resolving deltas:   9% (52/567)
2023-02-18T01:34:09.8624338Z Resolving deltas:  10% (57/567)
2023-02-18T01:34:09.8624561Z Resolving deltas:  11% (63/567)
2023-02-18T01:34:09.8624786Z Resolving deltas:  12% (69/567)
2023-02-18T01:34:09.8624998Z Resolving deltas:  13% (74/567)
2023-02-18T01:34:09.8625224Z Resolving deltas:  14% (80/567)
2023-02-18T01:34:09.8625453Z Resolving deltas:  15% (86/567)
2023-02-18T01:34:09.8625659Z Resolving deltas:  16% (91/567)
2023-02-18T01:34:09.8625879Z Resolving deltas:  17% (97/567)
2023-02-18T01:34:09.8626106Z Resolving deltas:  18% (103/567)
2023-02-18T01:34:09.8626322Z Resolving deltas:  19% (108/567)
2023-02-18T01:34:09.8626603Z Resolving deltas:  20% (114/567)
2023-02-18T01:34:09.8626832Z Resolving deltas:  21% (120/567)
2023-02-18T01:34:09.8627042Z Resolving deltas:  22% (125/567)
2023-02-18T01:34:09.8627271Z Resolving deltas:  23% (131/567)
2023-02-18T01:34:09.8627498Z Resolving deltas:  24% (137/567)
2023-02-18T01:34:09.8627897Z Resolving deltas:  25% (142/567)
2023-02-18T01:34:09.8628116Z Resolving deltas:  26% (148/567)
2023-02-18T01:34:09.8628353Z Resolving deltas:  27% (154/567)
2023-02-18T01:34:09.8628586Z Resolving deltas:  28% (159/567)
2023-02-18T01:34:09.8628987Z Resolving deltas:  29% (165/567)
2023-02-18T01:34:09.8629252Z Resolving deltas:  30% (171/567)
2023-02-18T01:34:09.8629484Z Resolving deltas:  31% (176/567)
2023-02-18T01:34:09.8629917Z Resolving deltas:  32% (182/567)
2023-02-18T01:34:09.8630165Z Resolving deltas:  33% (188/567)
2023-02-18T01:34:09.8630406Z Resolving deltas:  34% (193/567)
2023-02-18T01:34:09.8630630Z Resolving deltas:  35% (199/567)
2023-02-18T01:34:09.8630867Z Resolving deltas:  36% (205/567)
2023-02-18T01:34:09.8631269Z Resolving deltas:  37% (210/567)
2023-02-18T01:34:09.8631485Z Resolving deltas:  38% (216/567)
2023-02-18T01:34:09.8631717Z Resolving deltas:  39% (222/567)
2023-02-18T01:34:09.8643428Z Resolving deltas:  40% (227/567)
2023-02-18T01:34:09.8643869Z Resolving deltas:  41% (233/567)
2023-02-18T01:34:09.8644109Z Resolving deltas:  42% (239/567)
2023-02-18T01:34:09.8644338Z Resolving deltas:  43% (244/567)
2023-02-18T01:34:09.8644572Z Resolving deltas:  44% (250/567)
2023-02-18T01:34:09.8644807Z Resolving deltas:  45% (256/567)
2023-02-18T01:34:09.8645029Z Resolving deltas:  46% (261/567)
2023-02-18T01:34:09.8645261Z Resolving deltas:  47% (267/567)
2023-02-18T01:34:09.8645497Z Resolving deltas:  48% (273/567)
2023-02-18T01:34:09.8649345Z Resolving deltas:  49% (278/567)
2023-02-18T01:34:09.8653015Z Resolving deltas:  50% (284/567)
2023-02-18T01:34:09.8660493Z Resolving deltas:  51% (290/567)
2023-02-18T01:34:09.8660745Z Resolving deltas:  52% (295/567)
2023-02-18T01:34:09.8664403Z Resolving deltas:  53% (301/567)
2023-02-18T01:34:09.8667790Z Resolving deltas:  54% (307/567)
2023-02-18T01:34:09.8670778Z Resolving deltas:  55% (312/567)
2023-02-18T01:34:09.8673506Z Resolving deltas:  56% (318/567)
2023-02-18T01:34:09.8677130Z Resolving deltas:  57% (324/567)
2023-02-18T01:34:09.8680816Z Resolving deltas:  58% (329/567)
2023-02-18T01:34:09.8683978Z Resolving deltas:  59% (336/567)
2023-02-18T01:34:09.8684590Z Resolving deltas:  60% (341/567)
2023-02-18T01:34:09.8685860Z Resolving deltas:  61% (346/567)
2023-02-18T01:34:09.8688747Z Resolving deltas:  62% (352/567)
2023-02-18T01:34:09.8692357Z Resolving deltas:  63% (358/567)
2023-02-18T01:34:09.8696532Z Resolving deltas:  64% (363/567)
2023-02-18T01:34:09.8700225Z Resolving deltas:  65% (369/567)
2023-02-18T01:34:09.8702624Z Resolving deltas:  66% (375/567)
2023-02-18T01:34:09.8711816Z Resolving deltas:  67% (380/567)
2023-02-18T01:34:09.8752412Z Resolving deltas:  68% (386/567)
2023-02-18T01:34:09.8753372Z Resolving deltas:  69% (392/567)
2023-02-18T01:34:09.8754074Z Resolving deltas:  70% (397/567)
2023-02-18T01:34:09.8754572Z Resolving deltas:  71% (403/567)
2023-02-18T01:34:09.8755205Z Resolving deltas:  72% (409/567)
2023-02-18T01:34:09.8755680Z Resolving deltas:  73% (414/567)
2023-02-18T01:34:09.8756289Z Resolving deltas:  74% (420/567)
2023-02-18T01:34:09.8756757Z Resolving deltas:  75% (426/567)
2023-02-18T01:34:09.8757413Z Resolving deltas:  76% (431/567)
2023-02-18T01:34:09.8757871Z Resolving deltas:  77% (437/567)
2023-02-18T01:34:09.8758488Z Resolving deltas:  78% (443/567)
2023-02-18T01:34:09.8758958Z Resolving deltas:  79% (448/567)
2023-02-18T01:34:09.8759626Z Resolving deltas:  80% (454/567)
2023-02-18T01:34:09.8760103Z Resolving deltas:  81% (460/567)
2023-02-18T01:34:09.8760718Z Resolving deltas:  82% (465/567)
2023-02-18T01:34:09.8761185Z Resolving deltas:  83% (471/567)
2023-02-18T01:34:09.8761779Z Resolving deltas:  84% (477/567)
2023-02-18T01:34:09.8762250Z Resolving deltas:  85% (482/567)
2023-02-18T01:34:09.8762903Z Resolving deltas:  86% (488/567)
2023-02-18T01:34:09.8763376Z Resolving deltas:  87% (494/567)
2023-02-18T01:34:09.8763973Z Resolving deltas:  88% (499/567)
2023-02-18T01:34:09.8766616Z Resolving deltas:  89% (505/567)
2023-02-18T01:34:09.8768739Z Resolving deltas:  90% (511/567)
2023-02-18T01:34:09.8773545Z Resolving deltas:  91% (516/567)
2023-02-18T01:34:09.8778904Z Resolving deltas:  92% (522/567)
2023-02-18T01:34:09.8783657Z Resolving deltas:  93% (528/567)
2023-02-18T01:34:09.8790199Z Resolving deltas:  94% (533/567)
2023-02-18T01:34:09.8791242Z Resolving deltas:  95% (539/567)
2023-02-18T01:34:09.8793523Z Resolving deltas:  96% (545/567)
2023-02-18T01:34:09.8798227Z Resolving deltas:  97% (550/567)
2023-02-18T01:34:09.8804412Z Resolving deltas:  98% (556/567)
2023-02-18T01:34:09.8812586Z Resolving deltas:  99% (562/567)
2023-02-18T01:34:09.8819310Z Resolving deltas: 100% (567/567)
2023-02-18T01:34:09.8821055Z Resolving deltas: 100% (567/567), done.
2023-02-18T01:34:09.8951098Z From https://github.com/con/tinuous
2023-02-18T01:34:09.8952218Z  * [new branch]      gh-55           -> origin/gh-55
2023-02-18T01:34:09.8957717Z  * [new branch]      master          -> origin/master
2023-02-18T01:34:09.8958797Z  * [new branch]      no-extra-search -> origin/no-extra-search
2023-02-18T01:34:09.8976583Z  * [new branch]      test-appveyor   -> origin/test-appveyor
2023-02-18T01:34:09.8979323Z  * [new tag]         0.1.0           -> 0.1.0
2023-02-18T01:34:09.8980181Z  * [new tag]         0.2.0           -> 0.2.0
2023-02-18T01:34:09.8981019Z  * [new tag]         0.3.0           -> 0.3.0
2023-02-18T01:34:09.8981594Z  * [new tag]         0.4.0           -> 0.4.0
2023-02-18T01:34:09.8982833Z  * [new tag]         0.5.0           -> 0.5.0
2023-02-18T01:34:09.8983441Z  * [new tag]         0.5.1           -> 0.5.1
2023-02-18T01:34:09.8984248Z  * [new tag]         0.5.2           -> 0.5.2
2023-02-18T01:34:09.8984822Z  * [new tag]         0.5.3           -> 0.5.3
2023-02-18T01:34:09.8985700Z  * [new tag]         0.5.4           -> 0.5.4
2023-02-18T01:34:09.8986252Z  * [new tag]         0.6.0           -> 0.6.0
2023-02-18T01:34:09.8986992Z  * [new tag]         0.6.1           -> 0.6.1
2023-02-18T01:34:09.9007404Z [command]/usr/bin/git branch --list --remote origin/master
2023-02-18T01:34:09.9044006Z   origin/master
2023-02-18T01:34:09.9054371Z [command]/usr/bin/git rev-parse refs/remotes/origin/master
2023-02-18T01:34:09.9083488Z 3deb066da94165e75d6893a090a8788a5a81a925
2023-02-18T01:34:09.9088599Z ##[endgroup]
2023-02-18T01:34:09.9089285Z ##[group]Determining the checkout info
2023-02-18T01:34:09.9090197Z ##[endgroup]
2023-02-18T01:34:09.9090993Z ##[group]Checking out the ref
2023-02-18T01:34:09.9094853Z [command]/usr/bin/git checkout --progress --force -B master refs/remotes/origin/master
2023-02-18T01:34:09.9172101Z Reset branch 'master'
2023-02-18T01:34:09.9176793Z branch 'master' set up to track 'origin/master'.
2023-02-18T01:34:09.9181239Z ##[endgroup]
2023-02-18T01:34:09.9234544Z [command]/usr/bin/git log -1 --format='%H'
2023-02-18T01:34:09.9266371Z '3deb066da94165e75d6893a090a8788a5a81a925'
2023-02-18T01:34:09.9757842Z ##[group]Run actions/setup-python@v4
2023-02-18T01:34:09.9758149Z with:
2023-02-18T01:34:09.9758348Z   python-version: 3.8
2023-02-18T01:34:09.9758585Z   check-latest: false
2023-02-18T01:34:09.9758984Z   token: ***
2023-02-18T01:34:09.9759220Z   update-environment: true
2023-02-18T01:34:09.9759436Z ##[endgroup]
2023-02-18T01:34:10.2009915Z ##[group]Installed versions
2023-02-18T01:34:10.2152167Z Successfully set up CPython (3.8.16)
2023-02-18T01:34:10.2154926Z ##[endgroup]
2023-02-18T01:34:10.2387534Z ##[group]Run python -m pip install --upgrade pip wheel
2023-02-18T01:34:10.2388064Z [36;1mpython -m pip install --upgrade pip wheel[0m
2023-02-18T01:34:10.2388406Z [36;1mpython -m pip install --upgrade --upgrade-strategy=eager tox[0m
2023-02-18T01:34:10.2454432Z shell: /usr/bin/bash -e {0}
2023-02-18T01:34:10.2454716Z env:
2023-02-18T01:34:10.2455030Z   pythonLocation: /opt/hostedtoolcache/Python/3.8.16/x64
2023-02-18T01:34:10.2455416Z   PKG_CONFIG_PATH: /opt/hostedtoolcache/Python/3.8.16/x64/lib/pkgconfig
2023-02-18T01:34:10.2455968Z   Python_ROOT_DIR: /opt/hostedtoolcache/Python/3.8.16/x64
2023-02-18T01:34:10.2456324Z   Python2_ROOT_DIR: /opt/hostedtoolcache/Python/3.8.16/x64
2023-02-18T01:34:10.2456656Z   Python3_ROOT_DIR: /opt/hostedtoolcache/Python/3.8.16/x64
2023-02-18T01:34:10.2457350Z   LD_LIBRARY_PATH: /opt/hostedtoolcache/Python/3.8.16/x64/lib
2023-02-18T01:34:10.2457970Z ##[endgroup]
2023-02-18T01:34:11.5951345Z Requirement already satisfied: pip in /opt/hostedtoolcache/Python/3.8.16/x64/lib/python3.8/site-packages (23.0)
2023-02-18T01:34:11.8076723Z Collecting pip
2023-02-18T01:34:11.9137841Z   Downloading pip-23.0.1-py3-none-any.whl (2.1 MB)
2023-02-18T01:34:11.9966908Z      â”â”â”â”â”â”â”â”â”â”â”â”â”â”â”â”â”â”â”â”â”â”â”â”â”â”â”â”â”â”â”â”â”â”â”â”â”â”â”â” 2.1/2.1 MB 27.2 MB/s eta 0:00:00
2023-02-18T01:34:12.0691080Z Collecting wheel
2023-02-18T01:34:12.0765655Z   Downloading wheel-0.38.4-py3-none-any.whl (36 kB)
2023-02-18T01:34:12.1456229Z Installing collected packages: wheel, pip
2023-02-18T01:34:12.1837618Z   Attempting uninstall: pip
2023-02-18T01:34:12.1845554Z     Found existing installation: pip 23.0
2023-02-18T01:34:12.4415836Z     Uninstalling pip-23.0:
2023-02-18T01:34:12.5192384Z       Successfully uninstalled pip-23.0
2023-02-18T01:34:13.8549608Z Successfully installed pip-23.0.1 wheel-0.38.4
2023-02-18T01:34:15.9802362Z Collecting tox
2023-02-18T01:34:16.0808579Z   Downloading tox-4.4.5-py3-none-any.whl (148 kB)
2023-02-18T01:34:16.1327177Z      â”â”â”â”â”â”â”â”â”â”â”â”â”â”â”â”â”â”â”â”â”â”â”â”â”â”â”â”â”â”â”â”â”â”â”â”â”â”â” 148.8/148.8 kB 2.9 MB/s eta 0:00:00
2023-02-18T01:34:16.2203164Z Collecting colorama>=0.4.6
2023-02-18T01:34:16.2257123Z   Downloading colorama-0.4.6-py2.py3-none-any.whl (25 kB)
2023-02-18T01:34:16.3975412Z Collecting virtualenv>=20.17.1
2023-02-18T01:34:16.4047895Z   Downloading virtualenv-20.19.0-py3-none-any.whl (8.7 MB)
2023-02-18T01:34:16.5344142Z      â”â”â”â”â”â”â”â”â”â”â”â”â”â”â”â”â”â”â”â”â”â”â”â”â”â”â”â”â”â”â”â”â”â”â”â”â”â”â”â” 8.7/8.7 MB 69.1 MB/s eta 0:00:00
2023-02-18T01:34:16.5894722Z Collecting chardet>=5.1
2023-02-18T01:34:16.5952025Z   Downloading chardet-5.1.0-py3-none-any.whl (199 kB)
2023-02-18T01:34:16.6060097Z      â”â”â”â”â”â”â”â”â”â”â”â”â”â”â”â”â”â”â”â”â”â”â”â”â”â”â”â”â”â”â”â”â”â”â”â”â”â” 199.1/199.1 kB 26.2 MB/s eta 0:00:00
2023-02-18T01:34:16.6452332Z Collecting cachetools>=5.3
2023-02-18T01:34:16.6504720Z   Downloading cachetools-5.3.0-py3-none-any.whl (9.3 kB)
2023-02-18T01:34:16.6895507Z Collecting filelock>=3.9
2023-02-18T01:34:16.6961842Z   Downloading filelock-3.9.0-py3-none-any.whl (9.7 kB)
2023-02-18T01:34:16.7486361Z Collecting packaging>=23
2023-02-18T01:34:16.7640071Z   Downloading packaging-23.0-py3-none-any.whl (42 kB)
2023-02-18T01:34:16.7708704Z      â”â”â”â”â”â”â”â”â”â”â”â”â”â”â”â”â”â”â”â”â”â”â”â”â”â”â”â”â”â”â”â”â”â”â”â”â”â”â”â” 42.7/42.7 kB 8.9 MB/s eta 0:00:00
2023-02-18T01:34:16.8024603Z Collecting pluggy>=1
2023-02-18T01:34:16.8109720Z   Downloading pluggy-1.0.0-py2.py3-none-any.whl (13 kB)
2023-02-18T01:34:16.8471810Z Collecting platformdirs>=2.6.2
2023-02-18T01:34:16.8534521Z   Downloading platformdirs-3.0.0-py3-none-any.whl (14 kB)
2023-02-18T01:34:16.8901137Z Collecting pyproject-api>=1.5
2023-02-18T01:34:16.8977003Z   Downloading pyproject_api-1.5.0-py3-none-any.whl (12 kB)
2023-02-18T01:34:16.9370433Z Collecting tomli>=2.0.1
2023-02-18T01:34:16.9424633Z   Downloading tomli-2.0.1-py3-none-any.whl (12 kB)
2023-02-18T01:34:17.0713423Z Collecting distlib<1,>=0.3.6
2023-02-18T01:34:17.0808889Z   Downloading distlib-0.3.6-py2.py3-none-any.whl (468 kB)
2023-02-18T01:34:17.0931981Z      â”â”â”â”â”â”â”â”â”â”â”â”â”â”â”â”â”â”â”â”â”â”â”â”â”â”â”â”â”â”â”â”â”â”â”â”â”â” 468.5/468.5 kB 51.7 MB/s eta 0:00:00
2023-02-18T01:34:17.2668870Z Installing collected packages: distlib, tomli, pluggy, platformdirs, packaging, filelock, colorama, chardet, cachetools, virtualenv, pyproject-api, tox
2023-02-18T01:34:18.1310864Z Successfully installed cachetools-5.3.0 chardet-5.1.0 colorama-0.4.6 distlib-0.3.6 filelock-3.9.0 packaging-23.0 platformdirs-3.0.0 pluggy-1.0.0 pyproject-api-1.5.0 tomli-2.0.1 tox-4.4.5 virtualenv-20.19.0
2023-02-18T01:34:18.7460136Z ##[group]Run tox -e typing
2023-02-18T01:34:18.7460446Z [36;1mtox -e typing[0m
2023-02-18T01:34:18.7516811Z shell: /usr/bin/bash -e {0}
2023-02-18T01:34:18.7517028Z env:
2023-02-18T01:34:18.7517272Z   pythonLocation: /opt/hostedtoolcache/Python/3.8.16/x64
2023-02-18T01:34:18.7517610Z   PKG_CONFIG_PATH: /opt/hostedtoolcache/Python/3.8.16/x64/lib/pkgconfig
2023-02-18T01:34:18.7517942Z   Python_ROOT_DIR: /opt/hostedtoolcache/Python/3.8.16/x64
2023-02-18T01:34:18.7518278Z   Python2_ROOT_DIR: /opt/hostedtoolcache/Python/3.8.16/x64
2023-02-18T01:34:18.7518567Z   Python3_ROOT_DIR: /opt/hostedtoolcache/Python/3.8.16/x64
2023-02-18T01:34:18.7518878Z   LD_LIBRARY_PATH: /opt/hostedtoolcache/Python/3.8.16/x64/lib
2023-02-18T01:34:18.7519124Z ##[endgroup]
2023-02-18T01:34:19.6626009Z typing: install_deps> python -I -m pip install 'mypy~=0.900' 'pytest-cov~=2.0' 'pytest-mock~=3.0' 'pytest~=6.0' types-python-dateutil types-PyYAML types-requests
2023-02-18T01:34:26.6973182Z .pkg: install_requires> python -I -m pip install 'setuptools>=46.4.0' 'wheel~=0.32'
2023-02-18T01:34:28.1762588Z .pkg: _optional_hooks> python /opt/hostedtoolcache/Python/3.8.16/x64/lib/python3.8/site-packages/pyproject_api/_backend.py True setuptools.build_meta
2023-02-18T01:34:28.6892129Z .pkg: get_requires_for_build_sdist> python /opt/hostedtoolcache/Python/3.8.16/x64/lib/python3.8/site-packages/pyproject_api/_backend.py True setuptools.build_meta
2023-02-18T01:34:28.8523306Z .pkg: freeze> python -m pip freeze --all
2023-02-18T01:34:29.3049057Z .pkg: pip==23.0,setuptools==67.1.0,wheel==0.38.4
2023-02-18T01:34:29.3058368Z .pkg: prepare_metadata_for_build_wheel> python /opt/hostedtoolcache/Python/3.8.16/x64/lib/python3.8/site-packages/pyproject_api/_backend.py True setuptools.build_meta
2023-02-18T01:34:29.4783430Z .pkg: build_sdist> python /opt/hostedtoolcache/Python/3.8.16/x64/lib/python3.8/site-packages/pyproject_api/_backend.py True setuptools.build_meta
2023-02-18T01:34:29.6130195Z typing: install_package_deps> python -I -m pip install 'PyGithub~=1.55' 'PyYAML~=5.0' 'click-loglevel~=0.2' 'click>=7.0' 'in-place~=0.4' 'pydantic~=1.7' 'python-dateutil~=2.7' 'python-dotenv~=0.11' 'requests~=2.20'
2023-02-18T01:34:34.5592390Z typing: install_package> python -I -m pip install --force-reinstall --no-deps /home/runner/work/tinuous/tinuous/.tox/.tmp/package/1/tinuous-0.6.1+2.g3deb066.tar.gz
2023-02-18T01:34:38.7852519Z typing: freeze> python -m pip freeze --all
2023-02-18T01:34:39.3085366Z typing: attrs==22.2.0,certifi==2022.12.7,cffi==1.15.1,charset-normalizer==3.0.1,click==8.1.3,click-loglevel==0.4.0.post1,coverage==7.1.0,Deprecated==1.2.13,idna==3.4,in-place==0.5.0,iniconfig==2.0.0,mypy==0.991,mypy-extensions==1.0.0,packaging==23.0,pip==23.0,pluggy==1.0.0,py==1.11.0,pycparser==2.21,pydantic==1.10.5,PyGithub==1.57,PyJWT==2.6.0,PyNaCl==1.5.0,pytest==6.2.5,pytest-cov==2.12.1,pytest-mock==3.10.0,python-dateutil==2.8.2,python-dotenv==0.21.1,PyYAML==5.4.1,requests==2.28.2,setuptools==67.1.0,six==1.16.0,tinuous @ file:///home/runner/work/tinuous/tinuous/.tox/.tmp/package/1/tinuous-0.6.1%2B2.g3deb066.tar.gz,toml==0.10.2,tomli==2.0.1,types-python-dateutil==2.8.19.7,types-PyYAML==6.0.12.6,types-requests==2.28.11.13,types-urllib3==1.26.25.6,typing_extensions==4.5.0,urllib3==1.26.14,wheel==0.38.4,wrapt==1.14.1
2023-02-18T01:34:39.3092461Z typing: commands[0]> mypy src test
2023-02-18T01:34:54.7612015Z Success: no issues found in 13 source files
2023-02-18T01:34:54.7738602Z .pkg: _exit> python /opt/hostedtoolcache/Python/3.8.16/x64/lib/python3.8/site-packages/pyproject_api/_backend.py True setuptools.build_meta
2023-02-18T01:34:54.8157984Z   typing: OK (35.60=setup[20.14]+cmd[15.46] seconds)
2023-02-18T01:34:54.8158745Z   congratulations :) (35.77 seconds)
2023-02-18T01:34:54.8593181Z Post job cleanup.
2023-02-18T01:34:55.0801028Z Post job cleanup.
2023-02-18T01:34:55.2362134Z [command]/usr/bin/git version
2023-02-18T01:34:55.2420701Z git version 2.39.2
2023-02-18T01:34:55.2493808Z Temporarily overriding HOME='/home/runner/work/_temp/8c2d4028-a49f-4044-9e96-87cb98b82349' before making global git config changes
2023-02-18T01:34:55.2497405Z Adding repository directory to the temporary git global config as a safe directory
2023-02-18T01:34:55.2506016Z [command]/usr/bin/git config --global --add safe.directory /home/runner/work/tinuous/tinuous
2023-02-18T01:34:55.2562436Z [command]/usr/bin/git config --local --name-only --get-regexp core\.sshCommand
2023-02-18T01:34:55.2619422Z [command]/usr/bin/git submodule foreach --recursive sh -c "git config --local --name-only --get-regexp 'core\.sshCommand' && git config --local --unset-all 'core.sshCommand' || :"
2023-02-18T01:34:55.2938286Z [command]/usr/bin/git config --local --name-only --get-regexp http\.https\:\/\/github\.com\/\.extraheader
2023-02-18T01:34:55.2970516Z http.https://github.com/.extraheader
2023-02-18T01:34:55.2990524Z [command]/usr/bin/git config --local --unset-all http.https://github.com/.extraheader
2023-02-18T01:34:55.3038306Z [command]/usr/bin/git submodule foreach --recursive sh -c "git config --local --name-only --get-regexp 'http\.https\:\/\/github\.com\/\.extraheader' && git config --local --unset-all 'http.https://github.com/.extraheader' || :"
2023-02-18T01:34:55.3573754Z Cleaning up orphan processes
