2025-03-17T12:17:47.8573264Z Current runner version: '2.322.0'
2025-03-17T12:17:47.8600498Z ##[group]Operating System
2025-03-17T12:17:47.8601306Z Ubuntu
2025-03-17T12:17:47.8601903Z 24.04.2
2025-03-17T12:17:47.8602409Z LTS
2025-03-17T12:17:47.8602837Z ##[endgroup]
2025-03-17T12:17:47.8603433Z ##[group]Runner Image
2025-03-17T12:17:47.8604040Z Image: ubuntu-24.04
2025-03-17T12:17:47.8604524Z Version: 20250309.1.0
2025-03-17T12:17:47.8605655Z Included Software: https://github.com/actions/runner-images/blob/ubuntu24/20250309.1/images/ubuntu/Ubuntu2404-Readme.md
2025-03-17T12:17:47.8607083Z Image Release: https://github.com/actions/runner-images/releases/tag/ubuntu24%2F20250309.1
2025-03-17T12:17:47.8607991Z ##[endgroup]
2025-03-17T12:17:47.8608586Z ##[group]Runner Image Provisioner
2025-03-17T12:17:47.8609311Z 2.0.422.1
2025-03-17T12:17:47.8609782Z ##[endgroup]
2025-03-17T12:17:47.8612250Z ##[group]GITHUB_TOKEN Permissions
2025-03-17T12:17:47.8614313Z Actions: write
2025-03-17T12:17:47.8615108Z Attestations: write
2025-03-17T12:17:47.8615732Z Checks: write
2025-03-17T12:17:47.8616275Z Contents: write
2025-03-17T12:17:47.8616806Z Deployments: write
2025-03-17T12:17:47.8617298Z Discussions: write
2025-03-17T12:17:47.8617823Z Issues: write
2025-03-17T12:17:47.8618315Z Metadata: read
2025-03-17T12:17:47.8618784Z Packages: write
2025-03-17T12:17:47.8619496Z Pages: write
2025-03-17T12:17:47.8620013Z PullRequests: write
2025-03-17T12:17:47.8620516Z RepositoryProjects: write
2025-03-17T12:17:47.8621178Z SecurityEvents: write
2025-03-17T12:17:47.8621760Z Statuses: write
2025-03-17T12:17:47.8622239Z ##[endgroup]
2025-03-17T12:17:47.8624515Z Secret source: Actions
2025-03-17T12:17:47.8625381Z Prepare workflow directory
2025-03-17T12:17:47.8944686Z Prepare all required actions
2025-03-17T12:17:47.8981416Z Getting action download info
2025-03-17T12:17:48.4677229Z Download action repository 'actions/checkout@v4' (SHA:11bd71901bbe5b1630ceea73d27597364c9af683)
2025-03-17T12:17:48.5614156Z Download action repository 'actions/setup-python@v5' (SHA:42375524e23c412d93fb67b49958b491fce71c38)
2025-03-17T12:17:48.6544170Z Download action repository 'codecov/codecov-action@v5' (SHA:0565863a31f2c772f9f0395002a31e3f06189574)
2025-03-17T12:17:49.1482110Z Complete job name: test (3.9, py)
2025-03-17T12:17:49.2175965Z ##[group]Run actions/checkout@v4
2025-03-17T12:17:49.2176800Z with:
2025-03-17T12:17:49.2177174Z   fetch-depth: 0
2025-03-17T12:17:49.2177573Z   repository: con/tinuous
2025-03-17T12:17:49.2178237Z   token: ***
2025-03-17T12:17:49.2178623Z   ssh-strict: true
2025-03-17T12:17:49.2179003Z   ssh-user: git
2025-03-17T12:17:49.2179639Z   persist-credentials: true
2025-03-17T12:17:49.2180076Z   clean: true
2025-03-17T12:17:49.2180468Z   sparse-checkout-cone-mode: true
2025-03-17T12:17:49.2180956Z   fetch-tags: false
2025-03-17T12:17:49.2181347Z   show-progress: true
2025-03-17T12:17:49.2181760Z   lfs: false
2025-03-17T12:17:49.2182123Z   submodules: false
2025-03-17T12:17:49.2182519Z   set-safe-directory: true
2025-03-17T12:17:49.2183208Z ##[endgroup]
2025-03-17T12:17:49.3977013Z Syncing repository: con/tinuous
2025-03-17T12:17:49.3978794Z ##[group]Getting Git version info
2025-03-17T12:17:49.3979813Z Working directory is '/home/runner/work/tinuous/tinuous'
2025-03-17T12:17:49.3980911Z [command]/usr/bin/git version
2025-03-17T12:17:49.4043927Z git version 2.48.1
2025-03-17T12:17:49.4071114Z ##[endgroup]
2025-03-17T12:17:49.4084564Z Temporarily overriding HOME='/home/runner/work/_temp/c6eda361-56d2-46aa-a6dc-7f1aecf65612' before making global git config changes
2025-03-17T12:17:49.4086335Z Adding repository directory to the temporary git global config as a safe directory
2025-03-17T12:17:49.4089505Z [command]/usr/bin/git config --global --add safe.directory /home/runner/work/tinuous/tinuous
2025-03-17T12:17:49.4123321Z Deleting the contents of '/home/runner/work/tinuous/tinuous'
2025-03-17T12:17:49.4127167Z ##[group]Initializing the repository
2025-03-17T12:17:49.4131148Z [command]/usr/bin/git init /home/runner/work/tinuous/tinuous
2025-03-17T12:17:49.4205439Z hint: Using 'master' as the name for the initial branch. This default branch name
2025-03-17T12:17:49.4207088Z hint: is subject to change. To configure the initial branch name to use in all
2025-03-17T12:17:49.4208326Z hint: of your new repositories, which will suppress this warning, call:
2025-03-17T12:17:49.4209511Z hint:
2025-03-17T12:17:49.4210373Z hint: 	git config --global init.defaultBranch <name>
2025-03-17T12:17:49.4211268Z hint:
2025-03-17T12:17:49.4211988Z hint: Names commonly chosen instead of 'master' are 'main', 'trunk' and
2025-03-17T12:17:49.4213192Z hint: 'development'. The just-created branch can be renamed via this command:
2025-03-17T12:17:49.4214141Z hint:
2025-03-17T12:17:49.4214612Z hint: 	git branch -m <name>
2025-03-17T12:17:49.4215806Z Initialized empty Git repository in /home/runner/work/tinuous/tinuous/.git/
2025-03-17T12:17:49.4221787Z [command]/usr/bin/git remote add origin https://github.com/con/tinuous
2025-03-17T12:17:49.4253637Z ##[endgroup]
2025-03-17T12:17:49.4254493Z ##[group]Disabling automatic garbage collection
2025-03-17T12:17:49.4257657Z [command]/usr/bin/git config --local gc.auto 0
2025-03-17T12:17:49.4285792Z ##[endgroup]
2025-03-17T12:17:49.4286562Z ##[group]Setting up auth
2025-03-17T12:17:49.4292884Z [command]/usr/bin/git config --local --name-only --get-regexp core\.sshCommand
2025-03-17T12:17:49.4322268Z [command]/usr/bin/git submodule foreach --recursive sh -c "git config --local --name-only --get-regexp 'core\.sshCommand' && git config --local --unset-all 'core.sshCommand' || :"
2025-03-17T12:17:49.4638028Z [command]/usr/bin/git config --local --name-only --get-regexp http\.https\:\/\/github\.com\/\.extraheader
2025-03-17T12:17:49.4667858Z [command]/usr/bin/git submodule foreach --recursive sh -c "git config --local --name-only --get-regexp 'http\.https\:\/\/github\.com\/\.extraheader' && git config --local --unset-all 'http.https://github.com/.extraheader' || :"
2025-03-17T12:17:49.4900397Z [command]/usr/bin/git config --local http.https://github.com/.extraheader AUTHORIZATION: basic ***
2025-03-17T12:17:49.4936173Z ##[endgroup]
2025-03-17T12:17:49.4945029Z ##[group]Fetching the repository
2025-03-17T12:17:49.4947735Z [command]/usr/bin/git -c protocol.version=2 fetch --prune --no-recurse-submodules origin +refs/heads/*:refs/remotes/origin/* +refs/tags/*:refs/tags/* +90d160e3c7750a8b88c13e4de3651e367258e993:refs/remotes/pull/201/merge
2025-03-17T12:17:50.1448509Z From https://github.com/con/tinuous
2025-03-17T12:17:50.1458744Z  * [new branch]      circleci-scheduled                       -> origin/circleci-scheduled
2025-03-17T12:17:50.1461769Z  * [new branch]      gh-55                                    -> origin/gh-55
2025-03-17T12:17:50.1464051Z  * [new branch]      master                                   -> origin/master
2025-03-17T12:17:50.1466528Z  * [new branch]      no-extra-search                          -> origin/no-extra-search
2025-03-17T12:17:50.1536399Z  * [new branch]      pragmata                                 -> origin/pragmata
2025-03-17T12:17:50.1539438Z  * [new branch]      test-appveyor                            -> origin/test-appveyor
2025-03-17T12:17:50.1542218Z  * [new tag]         0.1.0                                    -> 0.1.0
2025-03-17T12:17:50.1544230Z  * [new tag]         0.2.0                                    -> 0.2.0
2025-03-17T12:17:50.1545603Z  * [new tag]         0.3.0                                    -> 0.3.0
2025-03-17T12:17:50.1546890Z  * [new tag]         0.4.0                                    -> 0.4.0
2025-03-17T12:17:50.1548205Z  * [new tag]         0.5.0                                    -> 0.5.0
2025-03-17T12:17:50.1549751Z  * [new tag]         0.5.1                                    -> 0.5.1
2025-03-17T12:17:50.1551153Z  * [new tag]         0.5.2                                    -> 0.5.2
2025-03-17T12:17:50.1552575Z  * [new tag]         0.5.3                                    -> 0.5.3
2025-03-17T12:17:50.1553989Z  * [new tag]         0.5.4                                    -> 0.5.4
2025-03-17T12:17:50.1555361Z  * [new tag]         0.6.0                                    -> 0.6.0
2025-03-17T12:17:50.1557137Z  * [new tag]         0.6.1                                    -> 0.6.1
2025-03-17T12:17:50.1558665Z  * [new tag]         0.7.0                                    -> 0.7.0
2025-03-17T12:17:50.1560821Z  * [new ref]         90d160e3c7750a8b88c13e4de3651e367258e993 -> pull/201/merge
2025-03-17T12:17:50.1564607Z ##[endgroup]
2025-03-17T12:17:50.1566194Z ##[group]Determining the checkout info
2025-03-17T12:17:50.1567920Z ##[endgroup]
2025-03-17T12:17:50.1568881Z [command]/usr/bin/git sparse-checkout disable
2025-03-17T12:17:50.1578289Z [command]/usr/bin/git config --local --unset-all extensions.worktreeConfig
2025-03-17T12:17:50.1608429Z ##[group]Checking out the ref
2025-03-17T12:17:50.1611719Z [command]/usr/bin/git checkout --progress --force refs/remotes/pull/201/merge
2025-03-17T12:17:50.1666758Z Note: switching to 'refs/remotes/pull/201/merge'.
2025-03-17T12:17:50.1668330Z 
2025-03-17T12:17:50.1669803Z You are in 'detached HEAD' state. You can look around, make experimental
2025-03-17T12:17:50.1672758Z changes and commit them, and you can discard any commits you make in this
2025-03-17T12:17:50.1675452Z state without impacting any branches by switching back to a branch.
2025-03-17T12:17:50.1676823Z 
2025-03-17T12:17:50.1677807Z If you want to create a new branch to retain commits you create, you may
2025-03-17T12:17:50.1680150Z do so (now or later) by using -c with the switch command. Example:
2025-03-17T12:17:50.1681316Z 
2025-03-17T12:17:50.1681802Z   git switch -c <new-branch-name>
2025-03-17T12:17:50.1682601Z 
2025-03-17T12:17:50.1683066Z Or undo this operation with:
2025-03-17T12:17:50.1683796Z 
2025-03-17T12:17:50.1684224Z   git switch -
2025-03-17T12:17:50.1684781Z 
2025-03-17T12:17:50.1685704Z Turn off this advice by setting config variable advice.detachedHead to false
2025-03-17T12:17:50.1687094Z 
2025-03-17T12:17:50.1688677Z HEAD is now at 90d160e Merge ce9025bf06373c375052cca5b527956e079f6c3f into 92ed7d177713fe164af900e50f300c16c2a8968d
2025-03-17T12:17:50.1693327Z ##[endgroup]
2025-03-17T12:17:50.1711730Z [command]/usr/bin/git log -1 --format=%H
2025-03-17T12:17:50.1733951Z 90d160e3c7750a8b88c13e4de3651e367258e993
2025-03-17T12:17:50.2042232Z ##[group]Run actions/setup-python@v5
2025-03-17T12:17:50.2043332Z with:
2025-03-17T12:17:50.2044085Z   python-version: 3.9
2025-03-17T12:17:50.2044978Z   check-latest: false
2025-03-17T12:17:50.2046099Z   token: ***
2025-03-17T12:17:50.2046895Z   update-environment: true
2025-03-17T12:17:50.2047854Z   allow-prereleases: false
2025-03-17T12:17:50.2048758Z ##[endgroup]
2025-03-17T12:17:50.3783175Z ##[group]Installed versions
2025-03-17T12:17:50.3844812Z Successfully set up CPython (3.9.21)
2025-03-17T12:17:50.3847242Z ##[endgroup]
2025-03-17T12:17:50.3992667Z ##[group]Run python -m pip install --upgrade pip wheel
2025-03-17T12:17:50.3994253Z [36;1mpython -m pip install --upgrade pip wheel[0m
2025-03-17T12:17:50.3995851Z [36;1mpython -m pip install --upgrade --upgrade-strategy=eager tox[0m
2025-03-17T12:17:50.4051739Z shell: /usr/bin/bash -e {0}
2025-03-17T12:17:50.4052680Z env:
2025-03-17T12:17:50.4053644Z   pythonLocation: /opt/hostedtoolcache/Python/3.9.21/x64
2025-03-17T12:17:50.4055357Z   PKG_CONFIG_PATH: /opt/hostedtoolcache/Python/3.9.21/x64/lib/pkgconfig
2025-03-17T12:17:50.4057005Z   Python_ROOT_DIR: /opt/hostedtoolcache/Python/3.9.21/x64
2025-03-17T12:17:50.4058506Z   Python2_ROOT_DIR: /opt/hostedtoolcache/Python/3.9.21/x64
2025-03-17T12:17:50.4060189Z   Python3_ROOT_DIR: /opt/hostedtoolcache/Python/3.9.21/x64
2025-03-17T12:17:50.4061707Z   LD_LIBRARY_PATH: /opt/hostedtoolcache/Python/3.9.21/x64/lib
2025-03-17T12:17:50.4062978Z ##[endgroup]
2025-03-17T12:17:50.9584954Z Requirement already satisfied: pip in /opt/hostedtoolcache/Python/3.9.21/x64/lib/python3.9/site-packages (25.0.1)
2025-03-17T12:17:51.0319003Z Collecting wheel
2025-03-17T12:17:51.0427296Z   Downloading wheel-0.45.1-py3-none-any.whl.metadata (2.3 kB)
2025-03-17T12:17:51.0570167Z Downloading wheel-0.45.1-py3-none-any.whl (72 kB)
2025-03-17T12:17:51.0873488Z Installing collected packages: wheel
2025-03-17T12:17:51.1360212Z Successfully installed wheel-0.45.1
2025-03-17T12:17:51.6024220Z Collecting tox
2025-03-17T12:17:51.6245929Z   Downloading tox-4.24.2-py3-none-any.whl.metadata (3.7 kB)
2025-03-17T12:17:51.6467294Z Collecting cachetools>=5.5.1 (from tox)
2025-03-17T12:17:51.6505792Z   Downloading cachetools-5.5.2-py3-none-any.whl.metadata (5.4 kB)
2025-03-17T12:17:51.6696222Z Collecting chardet>=5.2 (from tox)
2025-03-17T12:17:51.6762287Z   Downloading chardet-5.2.0-py3-none-any.whl.metadata (3.4 kB)
2025-03-17T12:17:51.7022761Z Collecting colorama>=0.4.6 (from tox)
2025-03-17T12:17:51.7104084Z   Downloading colorama-0.4.6-py2.py3-none-any.whl.metadata (17 kB)
2025-03-17T12:17:51.7329758Z Collecting filelock>=3.16.1 (from tox)
2025-03-17T12:17:51.7367320Z   Downloading filelock-3.18.0-py3-none-any.whl.metadata (2.9 kB)
2025-03-17T12:17:51.7618147Z Collecting packaging>=24.2 (from tox)
2025-03-17T12:17:51.7656170Z   Downloading packaging-24.2-py3-none-any.whl.metadata (3.2 kB)
2025-03-17T12:17:51.7829956Z Collecting platformdirs>=4.3.6 (from tox)
2025-03-17T12:17:51.7868245Z   Downloading platformdirs-4.3.6-py3-none-any.whl.metadata (11 kB)
2025-03-17T12:17:51.8048452Z Collecting pluggy>=1.5 (from tox)
2025-03-17T12:17:51.8083607Z   Downloading pluggy-1.5.0-py3-none-any.whl.metadata (4.8 kB)
2025-03-17T12:17:51.8236773Z Collecting pyproject-api>=1.8 (from tox)
2025-03-17T12:17:51.8271842Z   Downloading pyproject_api-1.9.0-py3-none-any.whl.metadata (2.7 kB)
2025-03-17T12:17:51.8438802Z Collecting tomli>=2.2.1 (from tox)
2025-03-17T12:17:51.8474736Z   Downloading tomli-2.2.1-py3-none-any.whl.metadata (10 kB)
2025-03-17T12:17:51.8657624Z Collecting typing-extensions>=4.12.2 (from tox)
2025-03-17T12:17:51.8693358Z   Downloading typing_extensions-4.12.2-py3-none-any.whl.metadata (3.0 kB)
2025-03-17T12:17:51.9127531Z Collecting virtualenv>=20.29.1 (from tox)
2025-03-17T12:17:51.9174894Z   Downloading virtualenv-20.29.3-py3-none-any.whl.metadata (4.5 kB)
2025-03-17T12:17:51.9482858Z Collecting distlib<1,>=0.3.7 (from virtualenv>=20.29.1->tox)
2025-03-17T12:17:51.9532374Z   Downloading distlib-0.3.9-py2.py3-none-any.whl.metadata (5.2 kB)
2025-03-17T12:17:51.9704930Z Downloading tox-4.24.2-py3-none-any.whl (172 kB)
2025-03-17T12:17:51.9890897Z Downloading cachetools-5.5.2-py3-none-any.whl (10 kB)
2025-03-17T12:17:51.9956916Z Downloading chardet-5.2.0-py3-none-any.whl (199 kB)
2025-03-17T12:17:52.0057300Z Downloading colorama-0.4.6-py2.py3-none-any.whl (25 kB)
2025-03-17T12:17:52.0132358Z Downloading filelock-3.18.0-py3-none-any.whl (16 kB)
2025-03-17T12:17:52.0207814Z Downloading packaging-24.2-py3-none-any.whl (65 kB)
2025-03-17T12:17:52.0275649Z Downloading platformdirs-4.3.6-py3-none-any.whl (18 kB)
2025-03-17T12:17:52.0387061Z Downloading pluggy-1.5.0-py3-none-any.whl (20 kB)
2025-03-17T12:17:52.0449393Z Downloading pyproject_api-1.9.0-py3-none-any.whl (13 kB)
2025-03-17T12:17:52.0512100Z Downloading tomli-2.2.1-py3-none-any.whl (14 kB)
2025-03-17T12:17:52.0613767Z Downloading typing_extensions-4.12.2-py3-none-any.whl (37 kB)
2025-03-17T12:17:52.0720356Z Downloading virtualenv-20.29.3-py3-none-any.whl (4.3 MB)
2025-03-17T12:17:52.1024227Z    ━━━━━━━━━━━━━━━━━━━━━━━━━━━━━━━━━━━━━━━━ 4.3/4.3 MB 149.8 MB/s eta 0:00:00
2025-03-17T12:17:52.1062199Z Downloading distlib-0.3.9-py2.py3-none-any.whl (468 kB)
2025-03-17T12:17:52.1592768Z Installing collected packages: distlib, typing-extensions, tomli, pluggy, platformdirs, packaging, filelock, colorama, chardet, cachetools, virtualenv, pyproject-api, tox
2025-03-17T12:17:52.8301887Z Successfully installed cachetools-5.5.2 chardet-5.2.0 colorama-0.4.6 distlib-0.3.9 filelock-3.18.0 packaging-24.2 platformdirs-4.3.6 pluggy-1.5.0 pyproject-api-1.9.0 tomli-2.2.1 tox-4.24.2 typing-extensions-4.12.2 virtualenv-20.29.3
2025-03-17T12:17:52.8907223Z ##[group]Run tox -e py -- --cov-report=xml
2025-03-17T12:17:52.8907571Z [36;1mtox -e py -- --cov-report=xml[0m
2025-03-17T12:17:52.8957497Z shell: /usr/bin/bash -e {0}
2025-03-17T12:17:52.8957902Z env:
2025-03-17T12:17:52.8958146Z   pythonLocation: /opt/hostedtoolcache/Python/3.9.21/x64
2025-03-17T12:17:52.8958553Z   PKG_CONFIG_PATH: /opt/hostedtoolcache/Python/3.9.21/x64/lib/pkgconfig
2025-03-17T12:17:52.8958928Z   Python_ROOT_DIR: /opt/hostedtoolcache/Python/3.9.21/x64
2025-03-17T12:17:52.8959491Z   Python2_ROOT_DIR: /opt/hostedtoolcache/Python/3.9.21/x64
2025-03-17T12:17:52.8959828Z   Python3_ROOT_DIR: /opt/hostedtoolcache/Python/3.9.21/x64
2025-03-17T12:17:52.8960156Z   LD_LIBRARY_PATH: /opt/hostedtoolcache/Python/3.9.21/x64/lib
2025-03-17T12:17:52.8960437Z ##[endgroup]
2025-03-17T12:17:53.5262268Z py: install_deps> python -I -m pip install pytest pytest-cov pytest-mock
2025-03-17T12:17:55.4789918Z .pkg: install_requires> python -I -m pip install 'setuptools>=46.4.0' versioningit
2025-03-17T12:17:56.6177366Z .pkg: _optional_hooks> python /opt/hostedtoolcache/Python/3.9.21/x64/lib/python3.9/site-packages/pyproject_api/_backend.py True setuptools.build_meta
2025-03-17T12:17:56.8896171Z .pkg: get_requires_for_build_sdist> python /opt/hostedtoolcache/Python/3.9.21/x64/lib/python3.9/site-packages/pyproject_api/_backend.py True setuptools.build_meta
2025-03-17T12:17:57.1967951Z .pkg: get_requires_for_build_wheel> python /opt/hostedtoolcache/Python/3.9.21/x64/lib/python3.9/site-packages/pyproject_api/_backend.py True setuptools.build_meta
2025-03-17T12:17:57.4810953Z .pkg: freeze> python -m pip freeze --all
2025-03-17T12:17:57.7144129Z .pkg: importlib_metadata==8.6.1,packaging==24.2,pip==25.0.1,setuptools==75.8.0,tomli==2.2.1,versioningit==3.1.2,wheel==0.45.1,zipp==3.21.0
2025-03-17T12:17:57.7150890Z .pkg: prepare_metadata_for_build_wheel> python /opt/hostedtoolcache/Python/3.9.21/x64/lib/python3.9/site-packages/pyproject_api/_backend.py True setuptools.build_meta
2025-03-17T12:17:57.9964161Z .pkg: build_sdist> python /opt/hostedtoolcache/Python/3.9.21/x64/lib/python3.9/site-packages/pyproject_api/_backend.py True setuptools.build_meta
2025-03-17T12:17:58.2915035Z py: install_package_deps> python -I -m pip install 'PyYAML>=5.0' 'click-loglevel~=0.2' 'click>=7.0' 'ghtoken~=0.1' 'in_place~=1.0' 'pydantic~=2.0' 'python-dateutil~=2.7' 'python-dotenv<2.0,>=0.11' 'requests~=2.20' 'typing_extensions; python_version < "3.9"'
2025-03-17T12:18:01.1768933Z py: install_package> python -I -m pip install --force-reinstall --no-deps /home/runner/work/tinuous/tinuous/.tox/.tmp/package/1/tinuous-0.7.0.post6+g90d160e.tar.gz
2025-03-17T12:18:03.9431040Z py: freeze> python -m pip freeze --all
2025-03-17T12:18:04.1939857Z py: annotated-types==0.7.0,certifi==2025.1.31,charset-normalizer==3.4.1,click==8.1.8,click-loglevel==0.6.0,coverage==7.7.0,exceptiongroup==1.2.2,ghtoken==0.1.2,idna==3.10,in_place==1.0.1,iniconfig==2.0.0,packaging==24.2,pip==25.0.1,pluggy==1.5.0,pydantic==2.10.6,pydantic_core==2.27.2,pytest==8.3.5,pytest-cov==6.0.0,pytest-mock==3.14.0,python-dateutil==2.9.0.post0,python-dotenv==1.0.1,PyYAML==6.0.2,requests==2.32.3,ruamel.yaml==0.18.10,ruamel.yaml.clib==0.2.12,setuptools==75.8.0,six==1.17.0,tinuous @ file:///home/runner/work/tinuous/tinuous/.tox/.tmp/package/1/tinuous-0.7.0.post6%2Bg90d160e.tar.gz#sha256=8610957ea0c9a870e5c79981d2b3cef2049d20189764a4004730498432265cef,tomli==2.2.1,typing_extensions==4.12.2,urllib3==2.3.0,wheel==0.45.1
2025-03-17T12:18:04.1945596Z py: commands[0]> tinuous --help
2025-03-17T12:18:04.5382253Z Usage: tinuous [OPTIONS] COMMAND [ARGS]...
2025-03-17T12:18:04.5383134Z 
2025-03-17T12:18:04.5383497Z   Download build logs from GitHub Actions, Travis, Appveyor, and CircleCI
2025-03-17T12:18:04.5383887Z 
2025-03-17T12:18:04.5383987Z Options:
2025-03-17T12:18:04.5384316Z   -V, --version                   Show the version and exit.
2025-03-17T12:18:04.5384816Z   -c, --config FILE               Read configuration from the given file
2025-03-17T12:18:04.5385721Z                                   [default: tinuous.yaml]
2025-03-17T12:18:04.5386185Z   -E, --env FILE                  Load environment variables from given .env
2025-03-17T12:18:04.5386623Z                                   file
2025-03-17T12:18:04.5387186Z   -l, --log-level [NOTSET|DEBUG|INFO|WARNING|ERROR|CRITICAL]
2025-03-17T12:18:04.5387634Z                                   Set logging level  [default: INFO]
2025-03-17T12:18:04.5388055Z   --help                          Show this message and exit.
2025-03-17T12:18:04.5388336Z 
2025-03-17T12:18:04.5388428Z Commands:
2025-03-17T12:18:04.5388675Z   fetch         Download logs
2025-03-17T12:18:04.5389034Z   fetch-commit  Download logs for a specific commit
2025-03-17T12:18:04.5389634Z   sanitize      Sanitize secrets in logs
2025-03-17T12:18:04.5683475Z py: commands[1]> pytest --cov-report=xml test
2025-03-17T12:18:05.4282054Z ============================= test session starts ==============================
2025-03-17T12:18:05.4282744Z platform linux -- Python 3.9.21, pytest-8.3.5, pluggy-1.5.0
2025-03-17T12:18:05.4283281Z cachedir: .tox/py/.pytest_cache
2025-03-17T12:18:05.4283699Z rootdir: /home/runner/work/tinuous/tinuous
2025-03-17T12:18:05.4284125Z configfile: tox.ini
2025-03-17T12:18:05.4284444Z plugins: cov-6.0.0, mock-3.14.0
2025-03-17T12:18:05.4284829Z collected 64 items
2025-03-17T12:18:05.4285024Z 
2025-03-17T12:18:05.4415548Z test/test_base.py .........                                              [ 14%]
2025-03-17T12:18:05.4519978Z test/test_config.py ........                                             [ 26%]
2025-03-17T12:18:05.4800081Z test/test_state.py ........                                              [ 39%]
2025-03-17T12:18:05.7481364Z test/test_util.py .......................................                [100%]
2025-03-17T12:18:05.7481781Z 
2025-03-17T12:18:05.7481987Z ---------- coverage: platform linux, python 3.9.21-final-0 -----------
2025-03-17T12:18:05.7482379Z Coverage XML written to file coverage.xml
2025-03-17T12:18:05.7482578Z 
2025-03-17T12:18:05.7482605Z 
2025-03-17T12:18:05.7482731Z ============================== 64 passed in 0.81s ==============================
2025-03-17T12:18:05.8191175Z   py: OK (12.67=setup[11.05]+cmd[0.37,1.25] seconds)
2025-03-17T12:18:05.8191691Z   congratulations :) (12.76 seconds)
2025-03-17T12:18:05.8745503Z ##[group]Run codecov/codecov-action@v5
2025-03-17T12:18:05.8745778Z with:
2025-03-17T12:18:05.8745955Z   fail_ci_if_error: false
2025-03-17T12:18:05.8746305Z   token: ***
2025-03-17T12:18:05.8746469Z   name: 3.9
2025-03-17T12:18:05.8746640Z   disable_file_fixes: false
2025-03-17T12:18:05.8746847Z   disable_search: false
2025-03-17T12:18:05.8747046Z   disable_safe_directory: false
2025-03-17T12:18:05.8747256Z   disable_telem: false
2025-03-17T12:18:05.8747429Z   dry_run: false
2025-03-17T12:18:05.8747605Z   git_service: github
2025-03-17T12:18:05.8747785Z   gcov_executable: gcov
2025-03-17T12:18:05.8747984Z   handle_no_reports_found: false
2025-03-17T12:18:05.8748203Z   recurse_submodules: false
2025-03-17T12:18:05.8748406Z   run_command: upload-coverage
2025-03-17T12:18:05.8748616Z   skip_validation: false
2025-03-17T12:18:05.8748824Z   use_legacy_upload_endpoint: false
2025-03-17T12:18:05.8749062Z   use_oidc: false
2025-03-17T12:18:05.8749423Z   use_pypi: false
2025-03-17T12:18:05.8749632Z   verbose: false
2025-03-17T12:18:05.8749797Z   version: latest
2025-03-17T12:18:05.8749959Z env:
2025-03-17T12:18:05.8750183Z   pythonLocation: /opt/hostedtoolcache/Python/3.9.21/x64
2025-03-17T12:18:05.8750586Z   PKG_CONFIG_PATH: /opt/hostedtoolcache/Python/3.9.21/x64/lib/pkgconfig
2025-03-17T12:18:05.8750973Z   Python_ROOT_DIR: /opt/hostedtoolcache/Python/3.9.21/x64
2025-03-17T12:18:05.8751342Z   Python2_ROOT_DIR: /opt/hostedtoolcache/Python/3.9.21/x64
2025-03-17T12:18:05.8751675Z   Python3_ROOT_DIR: /opt/hostedtoolcache/Python/3.9.21/x64
2025-03-17T12:18:05.8752011Z   LD_LIBRARY_PATH: /opt/hostedtoolcache/Python/3.9.21/x64/lib
2025-03-17T12:18:05.8752287Z ##[endgroup]
2025-03-17T12:18:05.8844040Z ##[group]Run CC_ACTION_VERSION=$(cat ${GITHUB_ACTION_PATH}/src/version)
2025-03-17T12:18:05.8844472Z [36;1mCC_ACTION_VERSION=$(cat ${GITHUB_ACTION_PATH}/src/version)[0m
2025-03-17T12:18:05.8844884Z [36;1mecho -e "\033[0;32m==>\033[0m Running Action version $CC_ACTION_VERSION"[0m
2025-03-17T12:18:05.8894746Z shell: /usr/bin/bash --noprofile --norc -e -o pipefail {0}
2025-03-17T12:18:05.8895069Z env:
2025-03-17T12:18:05.8895313Z   pythonLocation: /opt/hostedtoolcache/Python/3.9.21/x64
2025-03-17T12:18:05.8895729Z   PKG_CONFIG_PATH: /opt/hostedtoolcache/Python/3.9.21/x64/lib/pkgconfig
2025-03-17T12:18:05.8896122Z   Python_ROOT_DIR: /opt/hostedtoolcache/Python/3.9.21/x64
2025-03-17T12:18:05.8896471Z   Python2_ROOT_DIR: /opt/hostedtoolcache/Python/3.9.21/x64
2025-03-17T12:18:05.8896823Z   Python3_ROOT_DIR: /opt/hostedtoolcache/Python/3.9.21/x64
2025-03-17T12:18:05.8897176Z   LD_LIBRARY_PATH: /opt/hostedtoolcache/Python/3.9.21/x64/lib
2025-03-17T12:18:05.8897464Z ##[endgroup]
2025-03-17T12:18:05.8981083Z [0;32m==>[0m Running Action version 5.4.0
2025-03-17T12:18:05.9030054Z ##[group]Run git config --global --add safe.directory "/home/runner/work/tinuous/tinuous"
2025-03-17T12:18:05.9030609Z [36;1mgit config --global --add safe.directory "/home/runner/work/tinuous/tinuous"[0m
2025-03-17T12:18:05.9031080Z [36;1mgit config --global --add safe.directory "$GITHUB_WORKSPACE"[0m
2025-03-17T12:18:05.9076847Z shell: /usr/bin/bash --noprofile --norc -e -o pipefail {0}
2025-03-17T12:18:05.9077150Z env:
2025-03-17T12:18:05.9077392Z   pythonLocation: /opt/hostedtoolcache/Python/3.9.21/x64
2025-03-17T12:18:05.9077788Z   PKG_CONFIG_PATH: /opt/hostedtoolcache/Python/3.9.21/x64/lib/pkgconfig
2025-03-17T12:18:05.9078175Z   Python_ROOT_DIR: /opt/hostedtoolcache/Python/3.9.21/x64
2025-03-17T12:18:05.9078532Z   Python2_ROOT_DIR: /opt/hostedtoolcache/Python/3.9.21/x64
2025-03-17T12:18:05.9078879Z   Python3_ROOT_DIR: /opt/hostedtoolcache/Python/3.9.21/x64
2025-03-17T12:18:05.9079401Z   LD_LIBRARY_PATH: /opt/hostedtoolcache/Python/3.9.21/x64/lib
2025-03-17T12:18:05.9079703Z ##[endgroup]
2025-03-17T12:18:05.9199785Z ##[group]Run CC_FORK="false"
2025-03-17T12:18:05.9200030Z [36;1mCC_FORK="false"[0m
2025-03-17T12:18:05.9200699Z [36;1mif [ -n "$GITHUB_EVENT_PULL_REQUEST_HEAD_REPO_FULL_NAME" ] && [ "$GITHUB_EVENT_PULL_REQUEST_HEAD_REPO_FULL_NAME" != "$GITHUB_REPOSITORY" ];[0m
2025-03-17T12:18:05.9201216Z [36;1mthen[0m
2025-03-17T12:18:05.9201425Z [36;1m  echo -e "\033[0;32m==>\033[0m Fork detected"[0m
2025-03-17T12:18:05.9201711Z [36;1m  CC_FORK="true"[0m
2025-03-17T12:18:05.9201944Z [36;1mfi[0m
2025-03-17T12:18:05.9202132Z [36;1mecho "CC_FORK=$CC_FORK" >> "$GITHUB_ENV"[0m
2025-03-17T12:18:05.9246466Z shell: /usr/bin/bash --noprofile --norc -e -o pipefail {0}
2025-03-17T12:18:05.9246781Z env:
2025-03-17T12:18:05.9247023Z   pythonLocation: /opt/hostedtoolcache/Python/3.9.21/x64
2025-03-17T12:18:05.9247414Z   PKG_CONFIG_PATH: /opt/hostedtoolcache/Python/3.9.21/x64/lib/pkgconfig
2025-03-17T12:18:05.9247778Z   Python_ROOT_DIR: /opt/hostedtoolcache/Python/3.9.21/x64
2025-03-17T12:18:05.9248107Z   Python2_ROOT_DIR: /opt/hostedtoolcache/Python/3.9.21/x64
2025-03-17T12:18:05.9248441Z   Python3_ROOT_DIR: /opt/hostedtoolcache/Python/3.9.21/x64
2025-03-17T12:18:05.9248784Z   LD_LIBRARY_PATH: /opt/hostedtoolcache/Python/3.9.21/x64/lib
2025-03-17T12:18:05.9249347Z   GITHUB_EVENT_PULL_REQUEST_HEAD_LABEL: con:circleci-scheduled
2025-03-17T12:18:05.9249727Z   GITHUB_EVENT_PULL_REQUEST_HEAD_REPO_FULL_NAME: con/tinuous
2025-03-17T12:18:05.9250020Z   GITHUB_REPOSITORY: con/tinuous
2025-03-17T12:18:05.9250231Z ##[endgroup]
2025-03-17T12:18:05.9340599Z ##[group]Run if [ "false" == 'true' ] && [ "$CC_FORK" != 'true' ];
2025-03-17T12:18:05.9340970Z [36;1mif [ "false" == 'true' ] && [ "$CC_FORK" != 'true' ];[0m
2025-03-17T12:18:05.9341245Z [36;1mthen[0m
2025-03-17T12:18:05.9341433Z [36;1m  # {"count":1984,"value":"***"}[0m
2025-03-17T12:18:05.9341806Z [36;1m  echo -e "\033[0;32m==>\033[0m Requesting OIDC token from '$ACTIONS_ID_TOKEN_REQUEST_URL'"[0m
2025-03-17T12:18:05.9342495Z [36;1m  CC_TOKEN=$(curl -H "Authorization: bearer $ACTIONS_ID_TOKEN_REQUEST_TOKEN" "$ACTIONS_ID_TOKEN_REQUEST_URL&audience=$CC_OIDC_AUDIENCE" | cut -d\" -f6)[0m
2025-03-17T12:18:05.9343243Z [36;1m  echo "CC_TOKEN=$CC_TOKEN" >> "$GITHUB_ENV"[0m
2025-03-17T12:18:05.9343518Z [36;1melif [ -n "" ];[0m
2025-03-17T12:18:05.9343715Z [36;1mthen[0m
2025-03-17T12:18:05.9343931Z [36;1m  echo -e "\033[0;32m==>\033[0m Token set from env"[0m
2025-03-17T12:18:05.9344214Z [36;1m    echo "CC_TOKEN=" >> "$GITHUB_ENV"[0m
2025-03-17T12:18:05.9344456Z [36;1melse[0m
2025-03-17T12:18:05.9344768Z [36;1m  if [ -n "***" ];[0m
2025-03-17T12:18:05.9344968Z [36;1m  then[0m
2025-03-17T12:18:05.9345205Z [36;1m    echo -e "\033[0;32m==>\033[0m Token set from input"[0m
2025-03-17T12:18:05.9345608Z [36;1m    CC_TOKEN=$(echo "***" | tr -d '\n')[0m
2025-03-17T12:18:05.9345892Z [36;1m    echo "CC_TOKEN=$CC_TOKEN" >> "$GITHUB_ENV"[0m
2025-03-17T12:18:05.9346148Z [36;1m  fi[0m
2025-03-17T12:18:05.9346309Z [36;1mfi[0m
2025-03-17T12:18:05.9389992Z shell: /usr/bin/bash --noprofile --norc -e -o pipefail {0}
2025-03-17T12:18:05.9390291Z env:
2025-03-17T12:18:05.9390528Z   pythonLocation: /opt/hostedtoolcache/Python/3.9.21/x64
2025-03-17T12:18:05.9390931Z   PKG_CONFIG_PATH: /opt/hostedtoolcache/Python/3.9.21/x64/lib/pkgconfig
2025-03-17T12:18:05.9391312Z   Python_ROOT_DIR: /opt/hostedtoolcache/Python/3.9.21/x64
2025-03-17T12:18:05.9391641Z   Python2_ROOT_DIR: /opt/hostedtoolcache/Python/3.9.21/x64
2025-03-17T12:18:05.9391969Z   Python3_ROOT_DIR: /opt/hostedtoolcache/Python/3.9.21/x64
2025-03-17T12:18:05.9392314Z   LD_LIBRARY_PATH: /opt/hostedtoolcache/Python/3.9.21/x64/lib
2025-03-17T12:18:05.9392606Z   CC_FORK: false
2025-03-17T12:18:05.9392813Z   CC_OIDC_AUDIENCE: https://codecov.io
2025-03-17T12:18:05.9393056Z ##[endgroup]
2025-03-17T12:18:05.9461481Z [0;32m==>[0m Token set from input
2025-03-17T12:18:05.9504093Z ##[group]Run if [ -z "$CC_BRANCH" ] && [ -z "$CC_TOKEN" ] && [ "$CC_FORK" == 'true' ]
2025-03-17T12:18:05.9504522Z [36;1mif [ -z "$CC_BRANCH" ] && [ -z "$CC_TOKEN" ] && [ "$CC_FORK" == 'true' ][0m
2025-03-17T12:18:05.9504829Z [36;1mthen[0m
2025-03-17T12:18:05.9505350Z [36;1m  echo -e "\033[0;32m==>\033[0m Fork detected, setting branch to $GITHUB_EVENT_PULL_REQUEST_HEAD_LABEL"[0m
2025-03-17T12:18:05.9505817Z [36;1m  TOKENLESS="$GITHUB_EVENT_PULL_REQUEST_HEAD_LABEL"[0m
2025-03-17T12:18:05.9506139Z [36;1m  CC_BRANCH="$GITHUB_EVENT_PULL_REQUEST_HEAD_LABEL"[0m
2025-03-17T12:18:05.9506454Z [36;1m  echo "TOKENLESS=$TOKENLESS" >> "$GITHUB_ENV"[0m
2025-03-17T12:18:05.9506708Z [36;1mfi[0m
2025-03-17T12:18:05.9506864Z [36;1m[0m
2025-03-17T12:18:05.9507064Z [36;1mecho "CC_BRANCH=$CC_BRANCH" >> "$GITHUB_ENV"[0m
2025-03-17T12:18:05.9551181Z shell: /usr/bin/bash --noprofile --norc -e -o pipefail {0}
2025-03-17T12:18:05.9551487Z env:
2025-03-17T12:18:05.9551715Z   pythonLocation: /opt/hostedtoolcache/Python/3.9.21/x64
2025-03-17T12:18:05.9552103Z   PKG_CONFIG_PATH: /opt/hostedtoolcache/Python/3.9.21/x64/lib/pkgconfig
2025-03-17T12:18:05.9552472Z   Python_ROOT_DIR: /opt/hostedtoolcache/Python/3.9.21/x64
2025-03-17T12:18:05.9552797Z   Python2_ROOT_DIR: /opt/hostedtoolcache/Python/3.9.21/x64
2025-03-17T12:18:05.9553144Z   Python3_ROOT_DIR: /opt/hostedtoolcache/Python/3.9.21/x64
2025-03-17T12:18:05.9553483Z   LD_LIBRARY_PATH: /opt/hostedtoolcache/Python/3.9.21/x64/lib
2025-03-17T12:18:05.9553758Z   CC_FORK: false
2025-03-17T12:18:05.9554050Z   CC_TOKEN: ***
2025-03-17T12:18:05.9554214Z   CC_BRANCH: 
2025-03-17T12:18:05.9554453Z   GITHUB_EVENT_PULL_REQUEST_HEAD_LABEL: con:circleci-scheduled
2025-03-17T12:18:05.9554811Z   GITHUB_EVENT_PULL_REQUEST_HEAD_REPO_FULL_NAME: con/tinuous
2025-03-17T12:18:05.9555099Z   GITHUB_REPOSITORY: con/tinuous
2025-03-17T12:18:05.9555310Z ##[endgroup]
2025-03-17T12:18:05.9644785Z ##[group]Run if [ -z "$CC_SHA" ];
2025-03-17T12:18:05.9645042Z [36;1mif [ -z "$CC_SHA" ];[0m
2025-03-17T12:18:05.9645248Z [36;1mthen[0m
2025-03-17T12:18:05.9645470Z [36;1m  CC_SHA="$GITHUB_EVENT_PULL_REQUEST_HEAD_SHA"[0m
2025-03-17T12:18:05.9645731Z [36;1mfi[0m
2025-03-17T12:18:05.9645981Z [36;1mif [ -z "$CC_PR" ] && [ "${GITHUB_EVENT_NAME}" == "pull_request_target" ];[0m
2025-03-17T12:18:05.9646456Z [36;1mthen[0m
2025-03-17T12:18:05.9646646Z [36;1m  CC_PR="$GITHUB_EVENT_NUMBER"[0m
2025-03-17T12:18:05.9646879Z [36;1mfi[0m
2025-03-17T12:18:05.9647034Z [36;1m[0m
2025-03-17T12:18:05.9647212Z [36;1mecho "CC_SHA=$CC_SHA" >> "$GITHUB_ENV"[0m
2025-03-17T12:18:05.9647481Z [36;1mecho "CC_PR=$CC_PR" >> "$GITHUB_ENV"[0m
2025-03-17T12:18:05.9691119Z shell: /usr/bin/bash --noprofile --norc -e -o pipefail {0}
2025-03-17T12:18:05.9691417Z env:
2025-03-17T12:18:05.9691649Z   pythonLocation: /opt/hostedtoolcache/Python/3.9.21/x64
2025-03-17T12:18:05.9692035Z   PKG_CONFIG_PATH: /opt/hostedtoolcache/Python/3.9.21/x64/lib/pkgconfig
2025-03-17T12:18:05.9692409Z   Python_ROOT_DIR: /opt/hostedtoolcache/Python/3.9.21/x64
2025-03-17T12:18:05.9692735Z   Python2_ROOT_DIR: /opt/hostedtoolcache/Python/3.9.21/x64
2025-03-17T12:18:05.9693064Z   Python3_ROOT_DIR: /opt/hostedtoolcache/Python/3.9.21/x64
2025-03-17T12:18:05.9693390Z   LD_LIBRARY_PATH: /opt/hostedtoolcache/Python/3.9.21/x64/lib
2025-03-17T12:18:05.9693687Z   CC_FORK: false
2025-03-17T12:18:05.9693970Z   CC_TOKEN: ***
2025-03-17T12:18:05.9694138Z   CC_BRANCH: 
2025-03-17T12:18:05.9694297Z   CC_PR: 
2025-03-17T12:18:05.9694445Z   CC_SHA: 
2025-03-17T12:18:05.9694611Z   GITHUB_EVENT_NAME: pull_request
2025-03-17T12:18:05.9694834Z   GITHUB_EVENT_NUMBER: 201
2025-03-17T12:18:05.9695134Z   GITHUB_EVENT_PULL_REQUEST_HEAD_SHA: ce9025bf06373c375052cca5b527956e079f6c3f
2025-03-17T12:18:05.9695468Z ##[endgroup]
2025-03-17T12:18:05.9791119Z ##[group]Run ${GITHUB_ACTION_PATH}/dist/codecov.sh
2025-03-17T12:18:05.9791481Z [36;1m${GITHUB_ACTION_PATH}/dist/codecov.sh[0m
2025-03-17T12:18:05.9836475Z shell: /usr/bin/bash --noprofile --norc -e -o pipefail {0}
2025-03-17T12:18:05.9836779Z env:
2025-03-17T12:18:05.9837016Z   pythonLocation: /opt/hostedtoolcache/Python/3.9.21/x64
2025-03-17T12:18:05.9837404Z   PKG_CONFIG_PATH: /opt/hostedtoolcache/Python/3.9.21/x64/lib/pkgconfig
2025-03-17T12:18:05.9837776Z   Python_ROOT_DIR: /opt/hostedtoolcache/Python/3.9.21/x64
2025-03-17T12:18:05.9838122Z   Python2_ROOT_DIR: /opt/hostedtoolcache/Python/3.9.21/x64
2025-03-17T12:18:05.9838638Z   Python3_ROOT_DIR: /opt/hostedtoolcache/Python/3.9.21/x64
2025-03-17T12:18:05.9838973Z   LD_LIBRARY_PATH: /opt/hostedtoolcache/Python/3.9.21/x64/lib
2025-03-17T12:18:05.9839454Z   CC_FORK: false
2025-03-17T12:18:05.9839754Z   CC_TOKEN: ***
2025-03-17T12:18:05.9839920Z   CC_BRANCH: 
2025-03-17T12:18:05.9840117Z   CC_SHA: ce9025bf06373c375052cca5b527956e079f6c3f
2025-03-17T12:18:05.9840357Z   CC_PR: 
2025-03-17T12:18:05.9840533Z   CC_BASE_SHA: 
2025-03-17T12:18:05.9840698Z   CC_BINARY: 
2025-03-17T12:18:05.9840856Z   CC_BUILD: 
2025-03-17T12:18:05.9841014Z   CC_BUILD_URL: 
2025-03-17T12:18:05.9841178Z   CC_CODE: 
2025-03-17T12:18:05.9841321Z   CC_DIR: 
2025-03-17T12:18:05.9841490Z   CC_DISABLE_FILE_FIXES: false
2025-03-17T12:18:05.9841709Z   CC_DISABLE_SEARCH: false
2025-03-17T12:18:05.9841904Z   CC_DISABLE_TELEM: false
2025-03-17T12:18:05.9842097Z   CC_DRY_RUN: false
2025-03-17T12:18:05.9842276Z   CC_ENTERPRISE_URL: 
2025-03-17T12:18:05.9842455Z   CC_ENV: 
2025-03-17T12:18:05.9842614Z   CC_EXCLUDES: 
2025-03-17T12:18:05.9842776Z   CC_FAIL_ON_ERROR: false
2025-03-17T12:18:05.9842960Z   CC_FILES: 
2025-03-17T12:18:05.9843116Z   CC_FLAGS: 
2025-03-17T12:18:05.9843260Z   CC_FORCE: 
2025-03-17T12:18:05.9843415Z   CC_GCOV_ARGS: 
2025-03-17T12:18:05.9843583Z   CC_GCOV_EXECUTABLE: gcov
2025-03-17T12:18:05.9843773Z   CC_GCOV_IGNORE: 
2025-03-17T12:18:05.9843942Z   CC_GCOV_INCLUDE: 
2025-03-17T12:18:05.9844114Z   CC_GIT_SERVICE: github
2025-03-17T12:18:05.9844321Z   CC_HANDLE_NO_REPORTS_FOUND: false
2025-03-17T12:18:05.9844534Z   CC_JOB_CODE: 
2025-03-17T12:18:05.9844697Z   CC_LEGACY: false
2025-03-17T12:18:05.9844860Z   CC_NAME: 3.9
2025-03-17T12:18:05.9845016Z   CC_NETWORK_FILTER: 
2025-03-17T12:18:05.9845198Z   CC_NETWORK_PREFIX: 
2025-03-17T12:18:05.9845374Z   CC_NETWORK_ROOT_FOLDER: 
2025-03-17T12:18:05.9845562Z   CC_OS: 
2025-03-17T12:18:05.9845714Z   CC_PARENT_SHA: 
2025-03-17T12:18:05.9845875Z   CC_PLUGINS: 
2025-03-17T12:18:05.9846215Z   CC_RECURSE_SUBMODULES: false
2025-03-17T12:18:05.9846422Z   CC_REPORT_TYPE: 
2025-03-17T12:18:05.9846607Z   CC_RUN_CMD: upload-coverage
2025-03-17T12:18:05.9846810Z   CC_SERVICE: github
2025-03-17T12:18:05.9846992Z   CC_SKIP_VALIDATION: false
2025-03-17T12:18:05.9847185Z   CC_SLUG: 
2025-03-17T12:18:05.9847335Z   CC_SWIFT_PROJECT: 
2025-03-17T12:18:05.9847511Z   CC_USE_PYPI: false
2025-03-17T12:18:05.9847684Z   CC_VERBOSE: false
2025-03-17T12:18:05.9847849Z   CC_VERSION: latest
2025-03-17T12:18:05.9848017Z   CC_YML_PATH: 
2025-03-17T12:18:05.9848178Z ##[endgroup]
2025-03-17T12:18:05.9941599Z      _____          _
2025-03-17T12:18:05.9941920Z     / ____|        | |
2025-03-17T12:18:05.9942237Z    | |     ___   __| | ___  ___ _____   __
2025-03-17T12:18:05.9942543Z    | |    / _ \ / _` |/ _ \/ __/ _ \ \ / /
2025-03-17T12:18:05.9942789Z    | |___| (_) | (_| |  __/ (_| (_) \ V /
2025-03-17T12:18:05.9943041Z     \_____\___/ \__,_|\___|\___\___/ \_/
2025-03-17T12:18:05.9943550Z                            [0;31m Wrapper-0.2.0[0m
2025-03-17T12:18:05.9943843Z                                   
2025-03-17T12:18:06.0002496Z [0;32m==>[0m Detected [0;36mlinux[0m
2025-03-17T12:18:06.0003026Z [0;32m ->[0m Downloading [0;36mhttps://cli.codecov.io/latest/linux/codecov[0m
2025-03-17T12:18:06.0073463Z   % Total    % Received % Xferd  Average Speed   Time    Time     Time  Current
2025-03-17T12:18:06.0074129Z                                  Dload  Upload   Total   Spent    Left  Speed
2025-03-17T12:18:06.0074460Z 
2025-03-17T12:18:06.1613260Z   0     0    0     0    0     0      0      0 --:--:-- --:--:-- --:--:--     0
2025-03-17T12:18:06.1613957Z 100 27.5M  100 27.5M    0     0   178M      0 --:--:-- --:--:-- --:--:--  179M
2025-03-17T12:18:06.1637367Z [0;32m==>[0m Finishing downloading [0;36mlinux:latest[0m
2025-03-17T12:18:06.2137358Z       Version: [0;36mv10.2.1[0m
2025-03-17T12:18:06.2137830Z  
2025-03-17T12:18:06.4781208Z gpg: directory '/home/runner/.gnupg' created
2025-03-17T12:18:06.4784575Z gpg: keybox '/home/runner/.gnupg/pubring.kbx' created
2025-03-17T12:18:06.4802407Z gpg: /home/runner/.gnupg/trustdb.gpg: trustdb created
2025-03-17T12:18:06.4804536Z gpg: key 806BB28AED779869: public key "Codecov Uploader (Codecov Uploader Verification Key) <security@codecov.io>" imported
2025-03-17T12:18:06.4941088Z gpg: Total number processed: 1
2025-03-17T12:18:06.4941556Z gpg:               imported: 1
2025-03-17T12:18:06.4947301Z [0;32m==>[0m Verifying GPG signature integrity
2025-03-17T12:18:06.4948331Z [0;32m ->[0m Downloading [0;36mhttps://cli.codecov.io/latest/linux/codecov.SHA256SUM[0m
2025-03-17T12:18:06.4949531Z [0;32m ->[0m Downloading [0;36mhttps://cli.codecov.io/latest/linux/codecov.SHA256SUM.sig[0m
2025-03-17T12:18:06.4950177Z  
2025-03-17T12:18:06.6063030Z gpg: Signature made Wed Mar 12 16:00:55 2025 UTC
2025-03-17T12:18:06.6063763Z gpg:                using RSA key 27034E7FDB850E0BBC2C62FF806BB28AED779869
2025-03-17T12:18:06.6066581Z gpg: Good signature from "Codecov Uploader (Codecov Uploader Verification Key) <security@codecov.io>" [unknown]
2025-03-17T12:18:06.6067611Z gpg: WARNING: This key is not certified with a trusted signature!
2025-03-17T12:18:06.6068316Z gpg:          There is no indication that the signature belongs to the owner.
2025-03-17T12:18:06.6069057Z Primary key fingerprint: 2703 4E7F DB85 0E0B BC2C  62FF 806B B28A ED77 9869
2025-03-17T12:18:06.7416263Z codecov: OK
2025-03-17T12:18:06.7427011Z [0;32m==>[0m CLI integrity verified
2025-03-17T12:18:06.7427346Z 
2025-03-17T12:18:06.7512569Z [0;32m ->[0m Token of length 36 detected
2025-03-17T12:18:06.8078401Z [0;32m==>[0m Running upload-coverage
2025-03-17T12:18:06.8088003Z       [0;36m./codecov  upload-coverage -t <redacted> --git-service github --sha ce9025bf06373c375052cca5b527956e079f6c3f --gcov-executable gcov --name 3.9[0m
2025-03-17T12:18:07.4500640Z info - 2025-03-17 12:18:07,449 -- ci service found: github-actions
2025-03-17T12:18:07.4756163Z warning - 2025-03-17 12:18:07,475 -- xcrun is not installed or can't be found.
2025-03-17T12:18:07.5178918Z warning - 2025-03-17 12:18:07,517 -- No gcov data found.
2025-03-17T12:18:07.5182427Z warning - 2025-03-17 12:18:07,518 -- coverage.py is not installed or can't be found.
2025-03-17T12:18:07.5282062Z info - 2025-03-17 12:18:07,528 -- Found 1 coverage files to report
2025-03-17T12:18:07.5282973Z info - 2025-03-17 12:18:07,528 -- > /home/runner/work/tinuous/tinuous/coverage.xml
2025-03-17T12:18:08.0121436Z info - 2025-03-17 12:18:08,011 -- Your upload is now processing. When finished, results will be available at: https://app.codecov.io/github/con/tinuous/commit/ce9025bf06373c375052cca5b527956e079f6c3f
2025-03-17T12:18:08.1878905Z info - 2025-03-17 12:18:08,187 -- Process Upload complete
2025-03-17T12:18:08.3626939Z Post job cleanup.
2025-03-17T12:18:08.5302137Z Post job cleanup.
2025-03-17T12:18:08.6270834Z [command]/usr/bin/git version
2025-03-17T12:18:08.6308517Z git version 2.48.1
2025-03-17T12:18:08.6356823Z Copying '/home/runner/.gitconfig' to '/home/runner/work/_temp/c15d971b-8464-4035-9d52-87647414c52f/.gitconfig'
2025-03-17T12:18:08.6366492Z Temporarily overriding HOME='/home/runner/work/_temp/c15d971b-8464-4035-9d52-87647414c52f' before making global git config changes
2025-03-17T12:18:08.6367617Z Adding repository directory to the temporary git global config as a safe directory
2025-03-17T12:18:08.6372388Z [command]/usr/bin/git config --global --add safe.directory /home/runner/work/tinuous/tinuous
2025-03-17T12:18:08.6409357Z [command]/usr/bin/git config --local --name-only --get-regexp core\.sshCommand
2025-03-17T12:18:08.6442337Z [command]/usr/bin/git submodule foreach --recursive sh -c "git config --local --name-only --get-regexp 'core\.sshCommand' && git config --local --unset-all 'core.sshCommand' || :"
2025-03-17T12:18:08.6695658Z [command]/usr/bin/git config --local --name-only --get-regexp http\.https\:\/\/github\.com\/\.extraheader
2025-03-17T12:18:08.6722443Z http.https://github.com/.extraheader
2025-03-17T12:18:08.6736663Z [command]/usr/bin/git config --local --unset-all http.https://github.com/.extraheader
2025-03-17T12:18:08.6773207Z [command]/usr/bin/git submodule foreach --recursive sh -c "git config --local --name-only --get-regexp 'http\.https\:\/\/github\.com\/\.extraheader' && git config --local --unset-all 'http.https://github.com/.extraheader' || :"
2025-03-17T12:18:08.7140064Z Cleaning up orphan processes
