2025-03-17T12:17:46.5641183Z Current runner version: '2.322.0'
2025-03-17T12:17:46.5668234Z ##[group]Operating System
2025-03-17T12:17:46.5669104Z Ubuntu
2025-03-17T12:17:46.5669609Z 24.04.2
2025-03-17T12:17:46.5670096Z LTS
2025-03-17T12:17:46.5670587Z ##[endgroup]
2025-03-17T12:17:46.5671113Z ##[group]Runner Image
2025-03-17T12:17:46.5671982Z Image: ubuntu-24.04
2025-03-17T12:17:46.5672538Z Version: 20250309.1.0
2025-03-17T12:17:46.5673612Z Included Software: https://github.com/actions/runner-images/blob/ubuntu24/20250309.1/images/ubuntu/Ubuntu2404-Readme.md
2025-03-17T12:17:46.5675010Z Image Release: https://github.com/actions/runner-images/releases/tag/ubuntu24%2F20250309.1
2025-03-17T12:17:46.5675960Z ##[endgroup]
2025-03-17T12:17:46.5676507Z ##[group]Runner Image Provisioner
2025-03-17T12:17:46.5677054Z 2.0.422.1
2025-03-17T12:17:46.5677541Z ##[endgroup]
2025-03-17T12:17:46.5680033Z ##[group]GITHUB_TOKEN Permissions
2025-03-17T12:17:46.5682441Z Actions: write
2025-03-17T12:17:46.5683247Z Attestations: write
2025-03-17T12:17:46.5683927Z Checks: write
2025-03-17T12:17:46.5684392Z Contents: write
2025-03-17T12:17:46.5684900Z Deployments: write
2025-03-17T12:17:46.5685429Z Discussions: write
2025-03-17T12:17:46.5685985Z Issues: write
2025-03-17T12:17:46.5686482Z Metadata: read
2025-03-17T12:17:46.5686998Z Packages: write
2025-03-17T12:17:46.5687474Z Pages: write
2025-03-17T12:17:46.5687975Z PullRequests: write
2025-03-17T12:17:46.5688459Z RepositoryProjects: write
2025-03-17T12:17:46.5689074Z SecurityEvents: write
2025-03-17T12:17:46.5689610Z Statuses: write
2025-03-17T12:17:46.5690044Z ##[endgroup]
2025-03-17T12:17:46.5692534Z Secret source: Actions
2025-03-17T12:17:46.5693222Z Prepare workflow directory
2025-03-17T12:17:46.6029631Z Prepare all required actions
2025-03-17T12:17:46.6068791Z Getting action download info
2025-03-17T12:17:47.0550533Z Download action repository 'actions/checkout@v4' (SHA:11bd71901bbe5b1630ceea73d27597364c9af683)
2025-03-17T12:17:47.1861001Z Download action repository 'actions/setup-python@v5' (SHA:42375524e23c412d93fb67b49958b491fce71c38)
2025-03-17T12:17:47.5346026Z Download action repository 'codecov/codecov-action@v5' (SHA:0565863a31f2c772f9f0395002a31e3f06189574)
2025-03-17T12:17:47.9191847Z Complete job name: test (pypy-3.8, py)
2025-03-17T12:17:47.9909409Z ##[group]Run actions/checkout@v4
2025-03-17T12:17:47.9910316Z with:
2025-03-17T12:17:47.9910722Z   fetch-depth: 0
2025-03-17T12:17:47.9911154Z   repository: con/tinuous
2025-03-17T12:17:47.9912056Z   token: ***
2025-03-17T12:17:47.9912463Z   ssh-strict: true
2025-03-17T12:17:47.9912890Z   ssh-user: git
2025-03-17T12:17:47.9913315Z   persist-credentials: true
2025-03-17T12:17:47.9913791Z   clean: true
2025-03-17T12:17:47.9914213Z   sparse-checkout-cone-mode: true
2025-03-17T12:17:47.9914734Z   fetch-tags: false
2025-03-17T12:17:47.9915166Z   show-progress: true
2025-03-17T12:17:47.9915615Z   lfs: false
2025-03-17T12:17:47.9915999Z   submodules: false
2025-03-17T12:17:47.9916431Z   set-safe-directory: true
2025-03-17T12:17:47.9917170Z ##[endgroup]
2025-03-17T12:17:48.1687627Z Syncing repository: con/tinuous
2025-03-17T12:17:48.1689802Z ##[group]Getting Git version info
2025-03-17T12:17:48.1690761Z Working directory is '/home/runner/work/tinuous/tinuous'
2025-03-17T12:17:48.1692060Z [command]/usr/bin/git version
2025-03-17T12:17:48.3792187Z git version 2.48.1
2025-03-17T12:17:48.3824138Z ##[endgroup]
2025-03-17T12:17:48.3838510Z Temporarily overriding HOME='/home/runner/work/_temp/56817c64-5bc2-4bde-9efb-2600c6626045' before making global git config changes
2025-03-17T12:17:48.3839997Z Adding repository directory to the temporary git global config as a safe directory
2025-03-17T12:17:48.3844472Z [command]/usr/bin/git config --global --add safe.directory /home/runner/work/tinuous/tinuous
2025-03-17T12:17:48.3954990Z Deleting the contents of '/home/runner/work/tinuous/tinuous'
2025-03-17T12:17:48.3959325Z ##[group]Initializing the repository
2025-03-17T12:17:48.3964020Z [command]/usr/bin/git init /home/runner/work/tinuous/tinuous
2025-03-17T12:17:48.5025631Z hint: Using 'master' as the name for the initial branch. This default branch name
2025-03-17T12:17:48.5027346Z hint: is subject to change. To configure the initial branch name to use in all
2025-03-17T12:17:48.5028447Z hint: of your new repositories, which will suppress this warning, call:
2025-03-17T12:17:48.5029280Z hint:
2025-03-17T12:17:48.5029894Z hint: 	git config --global init.defaultBranch <name>
2025-03-17T12:17:48.5030611Z hint:
2025-03-17T12:17:48.5031528Z hint: Names commonly chosen instead of 'master' are 'main', 'trunk' and
2025-03-17T12:17:48.5032627Z hint: 'development'. The just-created branch can be renamed via this command:
2025-03-17T12:17:48.5033501Z hint:
2025-03-17T12:17:48.5033994Z hint: 	git branch -m <name>
2025-03-17T12:17:48.5217065Z Initialized empty Git repository in /home/runner/work/tinuous/tinuous/.git/
2025-03-17T12:17:48.5229368Z [command]/usr/bin/git remote add origin https://github.com/con/tinuous
2025-03-17T12:17:48.5354924Z ##[endgroup]
2025-03-17T12:17:48.5356653Z ##[group]Disabling automatic garbage collection
2025-03-17T12:17:48.5359082Z [command]/usr/bin/git config --local gc.auto 0
2025-03-17T12:17:48.5395024Z ##[endgroup]
2025-03-17T12:17:48.5396692Z ##[group]Setting up auth
2025-03-17T12:17:48.5402649Z [command]/usr/bin/git config --local --name-only --get-regexp core\.sshCommand
2025-03-17T12:17:48.5438224Z [command]/usr/bin/git submodule foreach --recursive sh -c "git config --local --name-only --get-regexp 'core\.sshCommand' && git config --local --unset-all 'core.sshCommand' || :"
2025-03-17T12:17:48.9053248Z [command]/usr/bin/git config --local --name-only --get-regexp http\.https\:\/\/github\.com\/\.extraheader
2025-03-17T12:17:48.9084373Z [command]/usr/bin/git submodule foreach --recursive sh -c "git config --local --name-only --get-regexp 'http\.https\:\/\/github\.com\/\.extraheader' && git config --local --unset-all 'http.https://github.com/.extraheader' || :"
2025-03-17T12:17:48.9320436Z [command]/usr/bin/git config --local http.https://github.com/.extraheader AUTHORIZATION: basic ***
2025-03-17T12:17:48.9356572Z ##[endgroup]
2025-03-17T12:17:48.9357771Z ##[group]Fetching the repository
2025-03-17T12:17:48.9368706Z [command]/usr/bin/git -c protocol.version=2 fetch --prune --no-recurse-submodules origin +refs/heads/*:refs/remotes/origin/* +refs/tags/*:refs/tags/* +90d160e3c7750a8b88c13e4de3651e367258e993:refs/remotes/pull/201/merge
2025-03-17T12:17:49.6897504Z From https://github.com/con/tinuous
2025-03-17T12:17:49.6900562Z  * [new branch]      circleci-scheduled                       -> origin/circleci-scheduled
2025-03-17T12:17:49.6902814Z  * [new branch]      gh-55                                    -> origin/gh-55
2025-03-17T12:17:49.6904648Z  * [new branch]      master                                   -> origin/master
2025-03-17T12:17:49.6906794Z  * [new branch]      no-extra-search                          -> origin/no-extra-search
2025-03-17T12:17:49.6908994Z  * [new branch]      pragmata                                 -> origin/pragmata
2025-03-17T12:17:49.6911224Z  * [new branch]      test-appveyor                            -> origin/test-appveyor
2025-03-17T12:17:49.6913385Z  * [new tag]         0.1.0                                    -> 0.1.0
2025-03-17T12:17:49.6915167Z  * [new tag]         0.2.0                                    -> 0.2.0
2025-03-17T12:17:49.6916876Z  * [new tag]         0.3.0                                    -> 0.3.0
2025-03-17T12:17:49.6918823Z  * [new tag]         0.4.0                                    -> 0.4.0
2025-03-17T12:17:49.6920661Z  * [new tag]         0.5.0                                    -> 0.5.0
2025-03-17T12:17:49.6922513Z  * [new tag]         0.5.1                                    -> 0.5.1
2025-03-17T12:17:49.6923806Z  * [new tag]         0.5.2                                    -> 0.5.2
2025-03-17T12:17:49.6925652Z  * [new tag]         0.5.3                                    -> 0.5.3
2025-03-17T12:17:49.6927093Z  * [new tag]         0.5.4                                    -> 0.5.4
2025-03-17T12:17:49.6928462Z  * [new tag]         0.6.0                                    -> 0.6.0
2025-03-17T12:17:49.6930420Z  * [new tag]         0.6.1                                    -> 0.6.1
2025-03-17T12:17:49.6932070Z  * [new tag]         0.7.0                                    -> 0.7.0
2025-03-17T12:17:49.6934050Z  * [new ref]         90d160e3c7750a8b88c13e4de3651e367258e993 -> pull/201/merge
2025-03-17T12:17:49.7110459Z ##[endgroup]
2025-03-17T12:17:49.7112328Z ##[group]Determining the checkout info
2025-03-17T12:17:49.7114047Z ##[endgroup]
2025-03-17T12:17:49.7117847Z [command]/usr/bin/git sparse-checkout disable
2025-03-17T12:17:49.7267861Z [command]/usr/bin/git config --local --unset-all extensions.worktreeConfig
2025-03-17T12:17:49.7300580Z ##[group]Checking out the ref
2025-03-17T12:17:49.7303637Z [command]/usr/bin/git checkout --progress --force refs/remotes/pull/201/merge
2025-03-17T12:17:49.7532581Z Note: switching to 'refs/remotes/pull/201/merge'.
2025-03-17T12:17:49.7533967Z 
2025-03-17T12:17:49.7535044Z You are in 'detached HEAD' state. You can look around, make experimental
2025-03-17T12:17:49.7538021Z changes and commit them, and you can discard any commits you make in this
2025-03-17T12:17:49.7540585Z state without impacting any branches by switching back to a branch.
2025-03-17T12:17:49.7542185Z 
2025-03-17T12:17:49.7543065Z If you want to create a new branch to retain commits you create, you may
2025-03-17T12:17:49.7545352Z do so (now or later) by using -c with the switch command. Example:
2025-03-17T12:17:49.7546594Z 
2025-03-17T12:17:49.7547069Z   git switch -c <new-branch-name>
2025-03-17T12:17:49.7547904Z 
2025-03-17T12:17:49.7548365Z Or undo this operation with:
2025-03-17T12:17:49.7549116Z 
2025-03-17T12:17:49.7549512Z   git switch -
2025-03-17T12:17:49.7550068Z 
2025-03-17T12:17:49.7551047Z Turn off this advice by setting config variable advice.detachedHead to false
2025-03-17T12:17:49.7552938Z 
2025-03-17T12:17:49.7554632Z HEAD is now at 90d160e Merge ce9025bf06373c375052cca5b527956e079f6c3f into 92ed7d177713fe164af900e50f300c16c2a8968d
2025-03-17T12:17:49.7559390Z ##[endgroup]
2025-03-17T12:17:49.7622601Z [command]/usr/bin/git log -1 --format=%H
2025-03-17T12:17:49.7651116Z 90d160e3c7750a8b88c13e4de3651e367258e993
2025-03-17T12:17:49.7964505Z ##[group]Run actions/setup-python@v5
2025-03-17T12:17:49.7965645Z with:
2025-03-17T12:17:49.7966440Z   python-version: pypy-3.8
2025-03-17T12:17:49.7967414Z   check-latest: false
2025-03-17T12:17:49.7968593Z   token: ***
2025-03-17T12:17:49.7969420Z   update-environment: true
2025-03-17T12:17:49.7970418Z   allow-prereleases: false
2025-03-17T12:17:49.7971567Z ##[endgroup]
2025-03-17T12:17:49.9704130Z ##[group]Installed versions
2025-03-17T12:17:49.9753027Z PyPy version 3.8 (x) was not found in the local cache
2025-03-17T12:17:50.1457688Z Downloading PyPy from "https://downloads.python.org/pypy/pypy3.8-v7.3.11-linux64.tar.bz2" ...
2025-03-17T12:17:50.3666285Z Extracting downloaded archive...
2025-03-17T12:17:50.3781521Z [command]/usr/bin/tar x --warning=no-unknown-keyword --overwrite -C /home/runner/work/_temp/9b58865b-8688-4c9d-9720-eb19d0bf0a1a -f /home/runner/work/_temp/ad6ea2c5-3122-48dc-b5bd-6118ccd38513
2025-03-17T12:17:55.1628722Z Creating symlinks...
2025-03-17T12:17:55.1630924Z Installing and updating pip
2025-03-17T12:17:55.1633783Z [command]/opt/hostedtoolcache/PyPy/3.8.16/x64/bin/python -m ensurepip
2025-03-17T12:17:59.0803321Z Looking in links: /tmp/tmp_t73snb3
2025-03-17T12:17:59.1524672Z Processing /tmp/tmp_t73snb3/setuptools-58.1.0-py3-none-any.whl
2025-03-17T12:17:59.2289879Z Processing /tmp/tmp_t73snb3/pip-22.0.4-py3-none-any.whl
2025-03-17T12:17:59.4160947Z Installing collected packages: setuptools, pip
2025-03-17T12:18:01.4446113Z Successfully installed pip-22.0.4 setuptools-58.1.0
2025-03-17T12:18:01.4631810Z [command]/opt/hostedtoolcache/PyPy/3.8.16/x64/bin/python -m pip install --ignore-installed pip
2025-03-17T12:18:03.2248145Z Collecting pip
2025-03-17T12:18:03.2574076Z   Downloading pip-25.0.1-py3-none-any.whl (1.8 MB)
2025-03-17T12:18:03.3052742Z      ━━━━━━━━━━━━━━━━━━━━━━━━━━━━━━━━━━━━━━━━ 1.8/1.8 MB 45.9 MB/s eta 0:00:00
2025-03-17T12:18:03.4102588Z Installing collected packages: pip
2025-03-17T12:18:04.6533535Z Successfully installed pip-25.0.1
2025-03-17T12:18:05.3233502Z WARNING: You are using pip version 22.0.4; however, version 25.0.1 is available.
2025-03-17T12:18:05.3388199Z You should consider upgrading via the '/opt/hostedtoolcache/PyPy/3.8.16/x64/bin/python -m pip install --upgrade pip' command.
2025-03-17T12:18:05.3389035Z Successfully set up PyPy 7.3.11 with Python (3.8.16)
2025-03-17T12:18:05.3389796Z ##[endgroup]
2025-03-17T12:18:05.3511803Z ##[group]Run python -m pip install --upgrade pip wheel
2025-03-17T12:18:05.3512267Z [36;1mpython -m pip install --upgrade pip wheel[0m
2025-03-17T12:18:05.3512691Z [36;1mpython -m pip install --upgrade --upgrade-strategy=eager tox[0m
2025-03-17T12:18:05.3567302Z shell: /usr/bin/bash -e {0}
2025-03-17T12:18:05.3567549Z env:
2025-03-17T12:18:05.3567794Z   pythonLocation: /opt/hostedtoolcache/PyPy/3.8.16/x64
2025-03-17T12:18:05.3568181Z   Python_ROOT_DIR: /opt/hostedtoolcache/PyPy/3.8.16/x64
2025-03-17T12:18:05.3568520Z   Python2_ROOT_DIR: /opt/hostedtoolcache/PyPy/3.8.16/x64
2025-03-17T12:18:05.3568843Z   Python3_ROOT_DIR: /opt/hostedtoolcache/PyPy/3.8.16/x64
2025-03-17T12:18:05.3569259Z   PKG_CONFIG_PATH: /opt/hostedtoolcache/PyPy/3.8.16/x64/bin/lib/pkgconfig
2025-03-17T12:18:05.3569621Z ##[endgroup]
2025-03-17T12:18:06.5671138Z Requirement already satisfied: pip in /opt/hostedtoolcache/PyPy/3.8.16/x64/lib/pypy3.8/site-packages (22.0.4)
2025-03-17T12:18:06.6978046Z Collecting pip
2025-03-17T12:18:06.7500228Z   Downloading pip-25.0.1-py3-none-any.whl.metadata (3.7 kB)
2025-03-17T12:18:06.8182743Z Collecting wheel
2025-03-17T12:18:06.8361015Z   Downloading wheel-0.45.1-py3-none-any.whl.metadata (2.3 kB)
2025-03-17T12:18:06.8958280Z Downloading pip-25.0.1-py3-none-any.whl (1.8 MB)
2025-03-17T12:18:06.9800404Z    ━━━━━━━━━━━━━━━━━━━━━━━━━━━━━━━━━━━━━━━━ 1.8/1.8 MB 37.1 MB/s eta 0:00:00
2025-03-17T12:18:07.0060672Z Downloading wheel-0.45.1-py3-none-any.whl (72 kB)
2025-03-17T12:18:07.0653476Z Installing collected packages: wheel, pip
2025-03-17T12:18:07.1342254Z   Attempting uninstall: pip
2025-03-17T12:18:07.1356622Z     Found existing installation: pip 22.0.4
2025-03-17T12:18:07.3394276Z     Uninstalling pip-22.0.4:
2025-03-17T12:18:07.4597653Z       Successfully uninstalled pip-22.0.4
2025-03-17T12:18:08.6917609Z Successfully installed pip-25.0.1 wheel-0.45.1
2025-03-17T12:18:10.1007205Z Collecting tox
2025-03-17T12:18:10.1499482Z   Downloading tox-4.24.2-py3-none-any.whl.metadata (3.7 kB)
2025-03-17T12:18:10.2421706Z Collecting cachetools>=5.5.1 (from tox)
2025-03-17T12:18:10.2601137Z   Downloading cachetools-5.5.2-py3-none-any.whl.metadata (5.4 kB)
2025-03-17T12:18:10.2895092Z Collecting chardet>=5.2 (from tox)
2025-03-17T12:18:10.3068308Z   Downloading chardet-5.2.0-py3-none-any.whl.metadata (3.4 kB)
2025-03-17T12:18:10.3595750Z Collecting colorama>=0.4.6 (from tox)
2025-03-17T12:18:10.3820306Z   Downloading colorama-0.4.6-py2.py3-none-any.whl.metadata (17 kB)
2025-03-17T12:18:10.4325134Z Collecting filelock>=3.16.1 (from tox)
2025-03-17T12:18:10.4498367Z   Downloading filelock-3.16.1-py3-none-any.whl.metadata (2.9 kB)
2025-03-17T12:18:10.4995895Z Collecting packaging>=24.2 (from tox)
2025-03-17T12:18:10.5166080Z   Downloading packaging-24.2-py3-none-any.whl.metadata (3.2 kB)
2025-03-17T12:18:10.5596877Z Collecting platformdirs>=4.3.6 (from tox)
2025-03-17T12:18:10.5774563Z   Downloading platformdirs-4.3.6-py3-none-any.whl.metadata (11 kB)
2025-03-17T12:18:10.6110088Z Collecting pluggy>=1.5 (from tox)
2025-03-17T12:18:10.6282457Z   Downloading pluggy-1.5.0-py3-none-any.whl.metadata (4.8 kB)
2025-03-17T12:18:10.6559008Z Collecting pyproject-api>=1.8 (from tox)
2025-03-17T12:18:10.6734251Z   Downloading pyproject_api-1.8.0-py3-none-any.whl.metadata (2.7 kB)
2025-03-17T12:18:10.7081625Z Collecting tomli>=2.2.1 (from tox)
2025-03-17T12:18:10.7257277Z   Downloading tomli-2.2.1-py3-none-any.whl.metadata (10 kB)
2025-03-17T12:18:10.7579379Z Collecting typing-extensions>=4.12.2 (from tox)
2025-03-17T12:18:10.7752669Z   Downloading typing_extensions-4.12.2-py3-none-any.whl.metadata (3.0 kB)
2025-03-17T12:18:10.8556816Z Collecting virtualenv>=20.29.1 (from tox)
2025-03-17T12:18:10.8728038Z   Downloading virtualenv-20.29.3-py3-none-any.whl.metadata (4.5 kB)
2025-03-17T12:18:10.9441583Z Collecting distlib<1,>=0.3.7 (from virtualenv>=20.29.1->tox)
2025-03-17T12:18:10.9642727Z   Downloading distlib-0.3.9-py2.py3-none-any.whl.metadata (5.2 kB)
2025-03-17T12:18:11.0063866Z Downloading tox-4.24.2-py3-none-any.whl (172 kB)
2025-03-17T12:18:11.0548557Z Downloading cachetools-5.5.2-py3-none-any.whl (10 kB)
2025-03-17T12:18:11.0770895Z Downloading chardet-5.2.0-py3-none-any.whl (199 kB)
2025-03-17T12:18:11.1014888Z Downloading colorama-0.4.6-py2.py3-none-any.whl (25 kB)
2025-03-17T12:18:11.1589144Z Downloading filelock-3.16.1-py3-none-any.whl (16 kB)
2025-03-17T12:18:11.1802066Z Downloading packaging-24.2-py3-none-any.whl (65 kB)
2025-03-17T12:18:11.2000865Z Downloading platformdirs-4.3.6-py3-none-any.whl (18 kB)
2025-03-17T12:18:11.2260150Z Downloading pluggy-1.5.0-py3-none-any.whl (20 kB)
2025-03-17T12:18:11.2459486Z Downloading pyproject_api-1.8.0-py3-none-any.whl (13 kB)
2025-03-17T12:18:11.2886688Z Downloading tomli-2.2.1-py3-none-any.whl (14 kB)
2025-03-17T12:18:11.3095303Z Downloading typing_extensions-4.12.2-py3-none-any.whl (37 kB)
2025-03-17T12:18:11.3292114Z Downloading virtualenv-20.29.3-py3-none-any.whl (4.3 MB)
2025-03-17T12:18:11.4197463Z    ━━━━━━━━━━━━━━━━━━━━━━━━━━━━━━━━━━━━━━━━ 4.3/4.3 MB 50.0 MB/s eta 0:00:00
2025-03-17T12:18:11.4446807Z Downloading distlib-0.3.9-py2.py3-none-any.whl (468 kB)
2025-03-17T12:18:11.5976618Z Installing collected packages: distlib, typing-extensions, tomli, pluggy, platformdirs, packaging, filelock, colorama, chardet, cachetools, virtualenv, pyproject-api, tox
2025-03-17T12:18:12.6453802Z Successfully installed cachetools-5.5.2 chardet-5.2.0 colorama-0.4.6 distlib-0.3.9 filelock-3.16.1 packaging-24.2 platformdirs-4.3.6 pluggy-1.5.0 pyproject-api-1.8.0 tomli-2.2.1 tox-4.24.2 typing-extensions-4.12.2 virtualenv-20.29.3
2025-03-17T12:18:12.6658590Z ##[group]Run tox -e py -- --cov-report=xml
2025-03-17T12:18:12.6658916Z [36;1mtox -e py -- --cov-report=xml[0m
2025-03-17T12:18:12.6706822Z shell: /usr/bin/bash -e {0}
2025-03-17T12:18:12.6707043Z env:
2025-03-17T12:18:12.6707271Z   pythonLocation: /opt/hostedtoolcache/PyPy/3.8.16/x64
2025-03-17T12:18:12.6707624Z   Python_ROOT_DIR: /opt/hostedtoolcache/PyPy/3.8.16/x64
2025-03-17T12:18:12.6707961Z   Python2_ROOT_DIR: /opt/hostedtoolcache/PyPy/3.8.16/x64
2025-03-17T12:18:12.6708284Z   Python3_ROOT_DIR: /opt/hostedtoolcache/PyPy/3.8.16/x64
2025-03-17T12:18:12.6708661Z   PKG_CONFIG_PATH: /opt/hostedtoolcache/PyPy/3.8.16/x64/bin/lib/pkgconfig
2025-03-17T12:18:12.6708980Z ##[endgroup]
2025-03-17T12:18:13.9185941Z py: install_deps> python -I -m pip install pytest pytest-cov pytest-mock
2025-03-17T12:18:17.9516071Z .pkg: install_requires> python -I -m pip install 'setuptools>=46.4.0' versioningit
2025-03-17T12:18:20.7361217Z .pkg: _optional_hooks> python /opt/hostedtoolcache/PyPy/3.8.16/x64/lib/pypy3.8/site-packages/pyproject_api/_backend.py True setuptools.build_meta
2025-03-17T12:18:21.1828974Z .pkg: get_requires_for_build_sdist> python /opt/hostedtoolcache/PyPy/3.8.16/x64/lib/pypy3.8/site-packages/pyproject_api/_backend.py True setuptools.build_meta
2025-03-17T12:18:21.8177503Z .pkg: get_requires_for_build_wheel> python /opt/hostedtoolcache/PyPy/3.8.16/x64/lib/pypy3.8/site-packages/pyproject_api/_backend.py True setuptools.build_meta
2025-03-17T12:18:22.4271782Z .pkg: freeze> python -m pip freeze --all
2025-03-17T12:18:22.9599188Z .pkg: cffi==1.15.1,greenlet==0.4.13,hpy==0.0.4.dev179+g9b5d200,importlib_metadata==8.5.0,packaging==24.2,pip==25.0.1,readline==6.2.4.1,setuptools==75.3.0,tomli==2.2.1,versioningit==3.1.2,wheel==0.45.1,zipp==3.20.2
2025-03-17T12:18:22.9609468Z .pkg: prepare_metadata_for_build_wheel> python /opt/hostedtoolcache/PyPy/3.8.16/x64/lib/pypy3.8/site-packages/pyproject_api/_backend.py True setuptools.build_meta
2025-03-17T12:18:23.6249570Z .pkg: build_sdist> python /opt/hostedtoolcache/PyPy/3.8.16/x64/lib/pypy3.8/site-packages/pyproject_api/_backend.py True setuptools.build_meta
2025-03-17T12:18:24.2838004Z py: install_package_deps> python -I -m pip install 'PyYAML>=5.0' 'click-loglevel~=0.2' 'click>=7.0' 'ghtoken~=0.1' 'in-place~=1.0' 'pydantic~=2.0' 'python-dateutil~=2.7' 'python-dotenv<2.0,>=0.11' 'requests~=2.20' 'typing-extensions; python_version < "3.9"'
2025-03-17T12:20:34.2485784Z py: install_package> python -I -m pip install --force-reinstall --no-deps /home/runner/work/tinuous/tinuous/.tox/.tmp/package/1/tinuous-0.7.0.post6+g90d160e.tar.gz
2025-03-17T12:20:39.9265556Z py: freeze> python -m pip freeze --all
2025-03-17T12:20:40.4993008Z py: annotated-types==0.7.0,certifi==2025.1.31,cffi==1.15.1,charset-normalizer==3.4.1,click==8.1.8,click-loglevel==0.6.0,coverage==7.6.1,exceptiongroup==1.2.2,ghtoken==0.1.2,greenlet==0.4.13,hpy==0.0.4.dev179+g9b5d200,idna==3.10,in_place==1.0.1,iniconfig==2.0.0,packaging==24.2,pip==25.0.1,pluggy==1.5.0,pydantic==2.10.6,pydantic_core==2.27.2,pytest==8.3.5,pytest-cov==5.0.0,pytest-mock==3.14.0,python-dateutil==2.9.0.post0,python-dotenv==1.0.1,PyYAML==6.0.2,readline==6.2.4.1,requests==2.32.3,ruamel.yaml==0.18.10,setuptools==75.3.0,six==1.17.0,tinuous @ file:///home/runner/work/tinuous/tinuous/.tox/.tmp/package/1/tinuous-0.7.0.post6%2Bg90d160e.tar.gz#sha256=05611a50a8aecf187b0f119fd4471c8a24c354bfd2b3deacd9da12c6c7bae07a,tomli==2.2.1,typing_extensions==4.12.2,urllib3==2.2.3,wheel==0.45.1
2025-03-17T12:20:40.5005437Z py: commands[0]> tinuous --help
2025-03-17T12:20:41.3452115Z Usage: tinuous [OPTIONS] COMMAND [ARGS]...
2025-03-17T12:20:41.3452455Z 
2025-03-17T12:20:41.3452759Z   Download build logs from GitHub Actions, Travis, Appveyor, and CircleCI
2025-03-17T12:20:41.3454756Z 
2025-03-17T12:20:41.3455204Z Options:
2025-03-17T12:20:41.3455684Z   -V, --version                   Show the version and exit.
2025-03-17T12:20:41.3456155Z   -c, --config FILE               Read configuration from the given file
2025-03-17T12:20:41.3456926Z                                   [default: tinuous.yaml]
2025-03-17T12:20:41.3457316Z   -E, --env FILE                  Load environment variables from given .env
2025-03-17T12:20:41.3457672Z                                   file
2025-03-17T12:20:41.3457998Z   -l, --log-level [NOTSET|DEBUG|INFO|WARNING|ERROR|CRITICAL]
2025-03-17T12:20:41.3458363Z                                   Set logging level  [default: INFO]
2025-03-17T12:20:41.3458708Z   --help                          Show this message and exit.
2025-03-17T12:20:41.3458935Z 
2025-03-17T12:20:41.3459012Z Commands:
2025-03-17T12:20:41.3459210Z   fetch         Download logs
2025-03-17T12:20:41.3459498Z   fetch-commit  Download logs for a specific commit
2025-03-17T12:20:41.3459877Z   sanitize      Sanitize secrets in logs
2025-03-17T12:20:41.3548484Z py: commands[1]> pytest --cov-report=xml test
2025-03-17T12:20:45.9871122Z ============================= test session starts ==============================
2025-03-17T12:20:45.9872466Z platform linux -- Python 3.8.16[pypy-7.3.11-final], pytest-8.3.5, pluggy-1.5.0
2025-03-17T12:20:45.9873141Z cachedir: .tox/py/.pytest_cache
2025-03-17T12:20:45.9873556Z rootdir: /home/runner/work/tinuous/tinuous
2025-03-17T12:20:45.9873995Z configfile: tox.ini
2025-03-17T12:20:45.9874346Z plugins: cov-5.0.0, mock-3.14.0
2025-03-17T12:20:45.9874685Z collected 64 items
2025-03-17T12:20:45.9874855Z 
2025-03-17T12:20:46.1215445Z test/test_base.py .........                                              [ 14%]
2025-03-17T12:20:46.2238787Z test/test_config.py ........                                             [ 26%]
2025-03-17T12:20:46.4254805Z test/test_state.py ........                                              [ 39%]
2025-03-17T12:20:47.8349604Z test/test_util.py .......................................                [100%]
2025-03-17T12:20:47.8350152Z 
2025-03-17T12:20:47.8350431Z ---------- coverage: platform linux, python 3.8.16-final-0 -----------
2025-03-17T12:20:47.8351232Z Coverage XML written to file coverage.xml
2025-03-17T12:20:47.8351800Z 
2025-03-17T12:20:47.8351807Z 
2025-03-17T12:20:47.8351966Z ============================== 64 passed in 5.49s ==============================
2025-03-17T12:20:47.8499941Z   py: OK (154.62=setup[147.27]+cmd[0.85,6.49] seconds)
2025-03-17T12:20:47.8500462Z   congratulations :) (154.83 seconds)
2025-03-17T12:20:47.8815194Z ##[group]Run codecov/codecov-action@v5
2025-03-17T12:20:47.8815478Z with:
2025-03-17T12:20:47.8815659Z   fail_ci_if_error: false
2025-03-17T12:20:47.8816114Z   token: ***
2025-03-17T12:20:47.8816293Z   name: pypy-3.8
2025-03-17T12:20:47.8816496Z   disable_file_fixes: false
2025-03-17T12:20:47.8816790Z   disable_search: false
2025-03-17T12:20:47.8817012Z   disable_safe_directory: false
2025-03-17T12:20:47.8817225Z   disable_telem: false
2025-03-17T12:20:47.8817400Z   dry_run: false
2025-03-17T12:20:47.8817664Z   git_service: github
2025-03-17T12:20:47.8817862Z   gcov_executable: gcov
2025-03-17T12:20:47.8818063Z   handle_no_reports_found: false
2025-03-17T12:20:47.8818300Z   recurse_submodules: false
2025-03-17T12:20:47.8818587Z   run_command: upload-coverage
2025-03-17T12:20:47.8818798Z   skip_validation: false
2025-03-17T12:20:47.8818999Z   use_legacy_upload_endpoint: false
2025-03-17T12:20:47.8819308Z   use_oidc: false
2025-03-17T12:20:47.8819483Z   use_pypi: false
2025-03-17T12:20:47.8819679Z   verbose: false
2025-03-17T12:20:47.8819842Z   version: latest
2025-03-17T12:20:47.8820101Z env:
2025-03-17T12:20:47.8820330Z   pythonLocation: /opt/hostedtoolcache/PyPy/3.8.16/x64
2025-03-17T12:20:47.8820666Z   Python_ROOT_DIR: /opt/hostedtoolcache/PyPy/3.8.16/x64
2025-03-17T12:20:47.8821088Z   Python2_ROOT_DIR: /opt/hostedtoolcache/PyPy/3.8.16/x64
2025-03-17T12:20:47.8821618Z   Python3_ROOT_DIR: /opt/hostedtoolcache/PyPy/3.8.16/x64
2025-03-17T12:20:47.8822072Z   PKG_CONFIG_PATH: /opt/hostedtoolcache/PyPy/3.8.16/x64/bin/lib/pkgconfig
2025-03-17T12:20:47.8822426Z ##[endgroup]
2025-03-17T12:20:47.8899020Z ##[group]Run CC_ACTION_VERSION=$(cat ${GITHUB_ACTION_PATH}/src/version)
2025-03-17T12:20:47.8899464Z [36;1mCC_ACTION_VERSION=$(cat ${GITHUB_ACTION_PATH}/src/version)[0m
2025-03-17T12:20:47.8899865Z [36;1mecho -e "\033[0;32m==>\033[0m Running Action version $CC_ACTION_VERSION"[0m
2025-03-17T12:20:47.8947966Z shell: /usr/bin/bash --noprofile --norc -e -o pipefail {0}
2025-03-17T12:20:47.8948278Z env:
2025-03-17T12:20:47.8948506Z   pythonLocation: /opt/hostedtoolcache/PyPy/3.8.16/x64
2025-03-17T12:20:47.8948831Z   Python_ROOT_DIR: /opt/hostedtoolcache/PyPy/3.8.16/x64
2025-03-17T12:20:47.8949170Z   Python2_ROOT_DIR: /opt/hostedtoolcache/PyPy/3.8.16/x64
2025-03-17T12:20:47.8949519Z   Python3_ROOT_DIR: /opt/hostedtoolcache/PyPy/3.8.16/x64
2025-03-17T12:20:47.8949895Z   PKG_CONFIG_PATH: /opt/hostedtoolcache/PyPy/3.8.16/x64/bin/lib/pkgconfig
2025-03-17T12:20:47.8950221Z ##[endgroup]
2025-03-17T12:20:47.9031050Z [0;32m==>[0m Running Action version 5.4.0
2025-03-17T12:20:47.9077075Z ##[group]Run git config --global --add safe.directory "/home/runner/work/tinuous/tinuous"
2025-03-17T12:20:47.9077596Z [36;1mgit config --global --add safe.directory "/home/runner/work/tinuous/tinuous"[0m
2025-03-17T12:20:47.9078038Z [36;1mgit config --global --add safe.directory "$GITHUB_WORKSPACE"[0m
2025-03-17T12:20:47.9119844Z shell: /usr/bin/bash --noprofile --norc -e -o pipefail {0}
2025-03-17T12:20:47.9120149Z env:
2025-03-17T12:20:47.9120383Z   pythonLocation: /opt/hostedtoolcache/PyPy/3.8.16/x64
2025-03-17T12:20:47.9120724Z   Python_ROOT_DIR: /opt/hostedtoolcache/PyPy/3.8.16/x64
2025-03-17T12:20:47.9121046Z   Python2_ROOT_DIR: /opt/hostedtoolcache/PyPy/3.8.16/x64
2025-03-17T12:20:47.9121584Z   Python3_ROOT_DIR: /opt/hostedtoolcache/PyPy/3.8.16/x64
2025-03-17T12:20:47.9121971Z   PKG_CONFIG_PATH: /opt/hostedtoolcache/PyPy/3.8.16/x64/bin/lib/pkgconfig
2025-03-17T12:20:47.9122297Z ##[endgroup]
2025-03-17T12:20:47.9242272Z ##[group]Run CC_FORK="false"
2025-03-17T12:20:47.9242662Z [36;1mCC_FORK="false"[0m
2025-03-17T12:20:47.9243692Z [36;1mif [ -n "$GITHUB_EVENT_PULL_REQUEST_HEAD_REPO_FULL_NAME" ] && [ "$GITHUB_EVENT_PULL_REQUEST_HEAD_REPO_FULL_NAME" != "$GITHUB_REPOSITORY" ];[0m
2025-03-17T12:20:47.9244553Z [36;1mthen[0m
2025-03-17T12:20:47.9244881Z [36;1m  echo -e "\033[0;32m==>\033[0m Fork detected"[0m
2025-03-17T12:20:47.9245308Z [36;1m  CC_FORK="true"[0m
2025-03-17T12:20:47.9245614Z [36;1mfi[0m
2025-03-17T12:20:47.9246171Z [36;1mecho "CC_FORK=$CC_FORK" >> "$GITHUB_ENV"[0m
2025-03-17T12:20:47.9290463Z shell: /usr/bin/bash --noprofile --norc -e -o pipefail {0}
2025-03-17T12:20:47.9290808Z env:
2025-03-17T12:20:47.9291045Z   pythonLocation: /opt/hostedtoolcache/PyPy/3.8.16/x64
2025-03-17T12:20:47.9291557Z   Python_ROOT_DIR: /opt/hostedtoolcache/PyPy/3.8.16/x64
2025-03-17T12:20:47.9291890Z   Python2_ROOT_DIR: /opt/hostedtoolcache/PyPy/3.8.16/x64
2025-03-17T12:20:47.9292213Z   Python3_ROOT_DIR: /opt/hostedtoolcache/PyPy/3.8.16/x64
2025-03-17T12:20:47.9292584Z   PKG_CONFIG_PATH: /opt/hostedtoolcache/PyPy/3.8.16/x64/bin/lib/pkgconfig
2025-03-17T12:20:47.9292988Z   GITHUB_EVENT_PULL_REQUEST_HEAD_LABEL: con:circleci-scheduled
2025-03-17T12:20:47.9293344Z   GITHUB_EVENT_PULL_REQUEST_HEAD_REPO_FULL_NAME: con/tinuous
2025-03-17T12:20:47.9293641Z   GITHUB_REPOSITORY: con/tinuous
2025-03-17T12:20:47.9293854Z ##[endgroup]
2025-03-17T12:20:47.9382740Z ##[group]Run if [ "false" == 'true' ] && [ "$CC_FORK" != 'true' ];
2025-03-17T12:20:47.9383216Z [36;1mif [ "false" == 'true' ] && [ "$CC_FORK" != 'true' ];[0m
2025-03-17T12:20:47.9383499Z [36;1mthen[0m
2025-03-17T12:20:47.9383681Z [36;1m  # {"count":1984,"value":"***"}[0m
2025-03-17T12:20:47.9384166Z [36;1m  echo -e "\033[0;32m==>\033[0m Requesting OIDC token from '$ACTIONS_ID_TOKEN_REQUEST_URL'"[0m
2025-03-17T12:20:47.9384910Z [36;1m  CC_TOKEN=$(curl -H "Authorization: bearer $ACTIONS_ID_TOKEN_REQUEST_TOKEN" "$ACTIONS_ID_TOKEN_REQUEST_URL&audience=$CC_OIDC_AUDIENCE" | cut -d\" -f6)[0m
2025-03-17T12:20:47.9385528Z [36;1m  echo "CC_TOKEN=$CC_TOKEN" >> "$GITHUB_ENV"[0m
2025-03-17T12:20:47.9385791Z [36;1melif [ -n "" ];[0m
2025-03-17T12:20:47.9385978Z [36;1mthen[0m
2025-03-17T12:20:47.9386182Z [36;1m  echo -e "\033[0;32m==>\033[0m Token set from env"[0m
2025-03-17T12:20:47.9386565Z [36;1m    echo "CC_TOKEN=" >> "$GITHUB_ENV"[0m
2025-03-17T12:20:47.9386801Z [36;1melse[0m
2025-03-17T12:20:47.9387109Z [36;1m  if [ -n "***" ];[0m
2025-03-17T12:20:47.9387312Z [36;1m  then[0m
2025-03-17T12:20:47.9387534Z [36;1m    echo -e "\033[0;32m==>\033[0m Token set from input"[0m
2025-03-17T12:20:47.9387915Z [36;1m    CC_TOKEN=$(echo "***" | tr -d '\n')[0m
2025-03-17T12:20:47.9388190Z [36;1m    echo "CC_TOKEN=$CC_TOKEN" >> "$GITHUB_ENV"[0m
2025-03-17T12:20:47.9388467Z [36;1m  fi[0m
2025-03-17T12:20:47.9388680Z [36;1mfi[0m
2025-03-17T12:20:47.9430810Z shell: /usr/bin/bash --noprofile --norc -e -o pipefail {0}
2025-03-17T12:20:47.9431119Z env:
2025-03-17T12:20:47.9431532Z   pythonLocation: /opt/hostedtoolcache/PyPy/3.8.16/x64
2025-03-17T12:20:47.9431883Z   Python_ROOT_DIR: /opt/hostedtoolcache/PyPy/3.8.16/x64
2025-03-17T12:20:47.9432216Z   Python2_ROOT_DIR: /opt/hostedtoolcache/PyPy/3.8.16/x64
2025-03-17T12:20:47.9432540Z   Python3_ROOT_DIR: /opt/hostedtoolcache/PyPy/3.8.16/x64
2025-03-17T12:20:47.9432906Z   PKG_CONFIG_PATH: /opt/hostedtoolcache/PyPy/3.8.16/x64/bin/lib/pkgconfig
2025-03-17T12:20:47.9433228Z   CC_FORK: false
2025-03-17T12:20:47.9433439Z   CC_OIDC_AUDIENCE: https://codecov.io
2025-03-17T12:20:47.9433669Z ##[endgroup]
2025-03-17T12:20:47.9496552Z [0;32m==>[0m Token set from input
2025-03-17T12:20:47.9533665Z ##[group]Run if [ -z "$CC_BRANCH" ] && [ -z "$CC_TOKEN" ] && [ "$CC_FORK" == 'true' ]
2025-03-17T12:20:47.9534101Z [36;1mif [ -z "$CC_BRANCH" ] && [ -z "$CC_TOKEN" ] && [ "$CC_FORK" == 'true' ][0m
2025-03-17T12:20:47.9534407Z [36;1mthen[0m
2025-03-17T12:20:47.9534756Z [36;1m  echo -e "\033[0;32m==>\033[0m Fork detected, setting branch to $GITHUB_EVENT_PULL_REQUEST_HEAD_LABEL"[0m
2025-03-17T12:20:47.9535197Z [36;1m  TOKENLESS="$GITHUB_EVENT_PULL_REQUEST_HEAD_LABEL"[0m
2025-03-17T12:20:47.9535693Z [36;1m  CC_BRANCH="$GITHUB_EVENT_PULL_REQUEST_HEAD_LABEL"[0m
2025-03-17T12:20:47.9536010Z [36;1m  echo "TOKENLESS=$TOKENLESS" >> "$GITHUB_ENV"[0m
2025-03-17T12:20:47.9536259Z [36;1mfi[0m
2025-03-17T12:20:47.9536422Z [36;1m[0m
2025-03-17T12:20:47.9536623Z [36;1mecho "CC_BRANCH=$CC_BRANCH" >> "$GITHUB_ENV"[0m
2025-03-17T12:20:47.9578797Z shell: /usr/bin/bash --noprofile --norc -e -o pipefail {0}
2025-03-17T12:20:47.9579106Z env:
2025-03-17T12:20:47.9579342Z   pythonLocation: /opt/hostedtoolcache/PyPy/3.8.16/x64
2025-03-17T12:20:47.9579675Z   Python_ROOT_DIR: /opt/hostedtoolcache/PyPy/3.8.16/x64
2025-03-17T12:20:47.9579998Z   Python2_ROOT_DIR: /opt/hostedtoolcache/PyPy/3.8.16/x64
2025-03-17T12:20:47.9580326Z   Python3_ROOT_DIR: /opt/hostedtoolcache/PyPy/3.8.16/x64
2025-03-17T12:20:47.9580699Z   PKG_CONFIG_PATH: /opt/hostedtoolcache/PyPy/3.8.16/x64/bin/lib/pkgconfig
2025-03-17T12:20:47.9581024Z   CC_FORK: false
2025-03-17T12:20:47.9581459Z   CC_TOKEN: ***
2025-03-17T12:20:47.9581635Z   CC_BRANCH: 
2025-03-17T12:20:47.9581904Z   GITHUB_EVENT_PULL_REQUEST_HEAD_LABEL: con:circleci-scheduled
2025-03-17T12:20:47.9582262Z   GITHUB_EVENT_PULL_REQUEST_HEAD_REPO_FULL_NAME: con/tinuous
2025-03-17T12:20:47.9582549Z   GITHUB_REPOSITORY: con/tinuous
2025-03-17T12:20:47.9582759Z ##[endgroup]
2025-03-17T12:20:47.9666179Z ##[group]Run if [ -z "$CC_SHA" ];
2025-03-17T12:20:47.9666449Z [36;1mif [ -z "$CC_SHA" ];[0m
2025-03-17T12:20:47.9666659Z [36;1mthen[0m
2025-03-17T12:20:47.9666875Z [36;1m  CC_SHA="$GITHUB_EVENT_PULL_REQUEST_HEAD_SHA"[0m
2025-03-17T12:20:47.9667134Z [36;1mfi[0m
2025-03-17T12:20:47.9667385Z [36;1mif [ -z "$CC_PR" ] && [ "${GITHUB_EVENT_NAME}" == "pull_request_target" ];[0m
2025-03-17T12:20:47.9667696Z [36;1mthen[0m
2025-03-17T12:20:47.9667877Z [36;1m  CC_PR="$GITHUB_EVENT_NUMBER"[0m
2025-03-17T12:20:47.9668114Z [36;1mfi[0m
2025-03-17T12:20:47.9668268Z [36;1m[0m
2025-03-17T12:20:47.9668444Z [36;1mecho "CC_SHA=$CC_SHA" >> "$GITHUB_ENV"[0m
2025-03-17T12:20:47.9668720Z [36;1mecho "CC_PR=$CC_PR" >> "$GITHUB_ENV"[0m
2025-03-17T12:20:47.9710237Z shell: /usr/bin/bash --noprofile --norc -e -o pipefail {0}
2025-03-17T12:20:47.9710534Z env:
2025-03-17T12:20:47.9710754Z   pythonLocation: /opt/hostedtoolcache/PyPy/3.8.16/x64
2025-03-17T12:20:47.9711094Z   Python_ROOT_DIR: /opt/hostedtoolcache/PyPy/3.8.16/x64
2025-03-17T12:20:47.9711624Z   Python2_ROOT_DIR: /opt/hostedtoolcache/PyPy/3.8.16/x64
2025-03-17T12:20:47.9711962Z   Python3_ROOT_DIR: /opt/hostedtoolcache/PyPy/3.8.16/x64
2025-03-17T12:20:47.9712328Z   PKG_CONFIG_PATH: /opt/hostedtoolcache/PyPy/3.8.16/x64/bin/lib/pkgconfig
2025-03-17T12:20:47.9712643Z   CC_FORK: false
2025-03-17T12:20:47.9712912Z   CC_TOKEN: ***
2025-03-17T12:20:47.9713082Z   CC_BRANCH: 
2025-03-17T12:20:47.9713235Z   CC_PR: 
2025-03-17T12:20:47.9713391Z   CC_SHA: 
2025-03-17T12:20:47.9713559Z   GITHUB_EVENT_NAME: pull_request
2025-03-17T12:20:47.9713794Z   GITHUB_EVENT_NUMBER: 201
2025-03-17T12:20:47.9714112Z   GITHUB_EVENT_PULL_REQUEST_HEAD_SHA: ce9025bf06373c375052cca5b527956e079f6c3f
2025-03-17T12:20:47.9714446Z ##[endgroup]
2025-03-17T12:20:47.9806350Z ##[group]Run ${GITHUB_ACTION_PATH}/dist/codecov.sh
2025-03-17T12:20:47.9806701Z [36;1m${GITHUB_ACTION_PATH}/dist/codecov.sh[0m
2025-03-17T12:20:47.9851200Z shell: /usr/bin/bash --noprofile --norc -e -o pipefail {0}
2025-03-17T12:20:47.9851698Z env:
2025-03-17T12:20:47.9851941Z   pythonLocation: /opt/hostedtoolcache/PyPy/3.8.16/x64
2025-03-17T12:20:47.9852278Z   Python_ROOT_DIR: /opt/hostedtoolcache/PyPy/3.8.16/x64
2025-03-17T12:20:47.9852607Z   Python2_ROOT_DIR: /opt/hostedtoolcache/PyPy/3.8.16/x64
2025-03-17T12:20:47.9852927Z   Python3_ROOT_DIR: /opt/hostedtoolcache/PyPy/3.8.16/x64
2025-03-17T12:20:47.9853304Z   PKG_CONFIG_PATH: /opt/hostedtoolcache/PyPy/3.8.16/x64/bin/lib/pkgconfig
2025-03-17T12:20:47.9853624Z   CC_FORK: false
2025-03-17T12:20:47.9853947Z   CC_TOKEN: ***
2025-03-17T12:20:47.9854121Z   CC_BRANCH: 
2025-03-17T12:20:47.9854314Z   CC_SHA: ce9025bf06373c375052cca5b527956e079f6c3f
2025-03-17T12:20:47.9854778Z   CC_PR: 
2025-03-17T12:20:47.9854930Z   CC_BASE_SHA: 
2025-03-17T12:20:47.9855084Z   CC_BINARY: 
2025-03-17T12:20:47.9855237Z   CC_BUILD: 
2025-03-17T12:20:47.9855385Z   CC_BUILD_URL: 
2025-03-17T12:20:47.9855547Z   CC_CODE: 
2025-03-17T12:20:47.9855694Z   CC_DIR: 
2025-03-17T12:20:47.9855857Z   CC_DISABLE_FILE_FIXES: false
2025-03-17T12:20:47.9856198Z   CC_DISABLE_SEARCH: false
2025-03-17T12:20:47.9856401Z   CC_DISABLE_TELEM: false
2025-03-17T12:20:47.9856588Z   CC_DRY_RUN: false
2025-03-17T12:20:47.9856764Z   CC_ENTERPRISE_URL: 
2025-03-17T12:20:47.9856935Z   CC_ENV: 
2025-03-17T12:20:47.9857091Z   CC_EXCLUDES: 
2025-03-17T12:20:47.9857254Z   CC_FAIL_ON_ERROR: false
2025-03-17T12:20:47.9857435Z   CC_FILES: 
2025-03-17T12:20:47.9857588Z   CC_FLAGS: 
2025-03-17T12:20:47.9857734Z   CC_FORCE: 
2025-03-17T12:20:47.9857887Z   CC_GCOV_ARGS: 
2025-03-17T12:20:47.9858057Z   CC_GCOV_EXECUTABLE: gcov
2025-03-17T12:20:47.9858249Z   CC_GCOV_IGNORE: 
2025-03-17T12:20:47.9858425Z   CC_GCOV_INCLUDE: 
2025-03-17T12:20:47.9858621Z   CC_GIT_SERVICE: github
2025-03-17T12:20:47.9858822Z   CC_HANDLE_NO_REPORTS_FOUND: false
2025-03-17T12:20:47.9859044Z   CC_JOB_CODE: 
2025-03-17T12:20:47.9859205Z   CC_LEGACY: false
2025-03-17T12:20:47.9859372Z   CC_NAME: pypy-3.8
2025-03-17T12:20:47.9859545Z   CC_NETWORK_FILTER: 
2025-03-17T12:20:47.9859719Z   CC_NETWORK_PREFIX: 
2025-03-17T12:20:47.9859909Z   CC_NETWORK_ROOT_FOLDER: 
2025-03-17T12:20:47.9860093Z   CC_OS: 
2025-03-17T12:20:47.9860238Z   CC_PARENT_SHA: 
2025-03-17T12:20:47.9860406Z   CC_PLUGINS: 
2025-03-17T12:20:47.9860573Z   CC_RECURSE_SUBMODULES: false
2025-03-17T12:20:47.9860777Z   CC_REPORT_TYPE: 
2025-03-17T12:20:47.9860959Z   CC_RUN_CMD: upload-coverage
2025-03-17T12:20:47.9861157Z   CC_SERVICE: github
2025-03-17T12:20:47.9861505Z   CC_SKIP_VALIDATION: false
2025-03-17T12:20:47.9861699Z   CC_SLUG: 
2025-03-17T12:20:47.9861855Z   CC_SWIFT_PROJECT: 
2025-03-17T12:20:47.9862031Z   CC_USE_PYPI: false
2025-03-17T12:20:47.9862203Z   CC_VERBOSE: false
2025-03-17T12:20:47.9862372Z   CC_VERSION: latest
2025-03-17T12:20:47.9862536Z   CC_YML_PATH: 
2025-03-17T12:20:47.9862702Z ##[endgroup]
2025-03-17T12:20:47.9957993Z      _____          _
2025-03-17T12:20:47.9958226Z     / ____|        | |
2025-03-17T12:20:47.9958426Z    | |     ___   __| | ___  ___ _____   __
2025-03-17T12:20:47.9958660Z    | |    / _ \ / _` |/ _ \/ __/ _ \ \ / /
2025-03-17T12:20:47.9958906Z    | |___| (_) | (_| |  __/ (_| (_) \ V /
2025-03-17T12:20:47.9959296Z     \_____\___/ \__,_|\___|\___\___/ \_/
2025-03-17T12:20:47.9959810Z                            [0;31m Wrapper-0.2.0[0m
2025-03-17T12:20:47.9960073Z                                   
2025-03-17T12:20:48.0298031Z [0;32m==>[0m Detected [0;36mlinux[0m
2025-03-17T12:20:48.0298688Z [0;32m ->[0m Downloading [0;36mhttps://cli.codecov.io/latest/linux/codecov[0m
2025-03-17T12:20:48.2010869Z   % Total    % Received % Xferd  Average Speed   Time    Time     Time  Current
2025-03-17T12:20:48.2012036Z                                  Dload  Upload   Total   Spent    Left  Speed
2025-03-17T12:20:48.2012417Z 
2025-03-17T12:20:48.4930512Z   0     0    0     0    0     0      0      0 --:--:-- --:--:-- --:--:--     0
2025-03-17T12:20:48.4931203Z 100 27.5M  100 27.5M    0     0  94.2M      0 --:--:-- --:--:-- --:--:-- 94.6M
2025-03-17T12:20:48.4955291Z [0;32m==>[0m Finishing downloading [0;36mlinux:latest[0m
2025-03-17T12:20:48.5468240Z       Version: [0;36mv10.2.1[0m
2025-03-17T12:20:48.5468536Z  
2025-03-17T12:20:48.8370522Z gpg: directory '/home/runner/.gnupg' created
2025-03-17T12:20:48.8373503Z gpg: keybox '/home/runner/.gnupg/pubring.kbx' created
2025-03-17T12:20:48.8526327Z gpg: /home/runner/.gnupg/trustdb.gpg: trustdb created
2025-03-17T12:20:48.8527342Z gpg: key 806BB28AED779869: public key "Codecov Uploader (Codecov Uploader Verification Key) <security@codecov.io>" imported
2025-03-17T12:20:48.9521188Z gpg: Total number processed: 1
2025-03-17T12:20:48.9521797Z gpg:               imported: 1
2025-03-17T12:20:48.9527670Z [0;32m==>[0m Verifying GPG signature integrity
2025-03-17T12:20:48.9528522Z [0;32m ->[0m Downloading [0;36mhttps://cli.codecov.io/latest/linux/codecov.SHA256SUM[0m
2025-03-17T12:20:48.9529372Z [0;32m ->[0m Downloading [0;36mhttps://cli.codecov.io/latest/linux/codecov.SHA256SUM.sig[0m
2025-03-17T12:20:48.9529765Z  
2025-03-17T12:20:49.0509915Z gpg: Signature made Wed Mar 12 16:00:55 2025 UTC
2025-03-17T12:20:49.0510408Z gpg:                using RSA key 27034E7FDB850E0BBC2C62FF806BB28AED779869
2025-03-17T12:20:49.0512736Z gpg: Good signature from "Codecov Uploader (Codecov Uploader Verification Key) <security@codecov.io>" [unknown]
2025-03-17T12:20:49.0513659Z gpg: WARNING: This key is not certified with a trusted signature!
2025-03-17T12:20:49.0514421Z gpg:          There is no indication that the signature belongs to the owner.
2025-03-17T12:20:49.0515027Z Primary key fingerprint: 2703 4E7F DB85 0E0B BC2C  62FF 806B B28A ED77 9869
2025-03-17T12:20:49.3665968Z codecov: OK
2025-03-17T12:20:49.3676864Z [0;32m==>[0m CLI integrity verified
2025-03-17T12:20:49.3677211Z 
2025-03-17T12:20:49.3758742Z [0;32m ->[0m Token of length 36 detected
2025-03-17T12:20:49.4306924Z [0;32m==>[0m Running upload-coverage
2025-03-17T12:20:49.4316522Z       [0;36m./codecov  upload-coverage -t <redacted> --git-service github --sha ce9025bf06373c375052cca5b527956e079f6c3f --gcov-executable gcov --name pypy-3.8[0m
2025-03-17T12:20:50.0790270Z info - 2025-03-17 12:20:50,078 -- ci service found: github-actions
2025-03-17T12:20:50.1050436Z warning - 2025-03-17 12:20:50,104 -- xcrun is not installed or can't be found.
2025-03-17T12:20:50.1490691Z warning - 2025-03-17 12:20:50,148 -- No gcov data found.
2025-03-17T12:20:50.1494396Z warning - 2025-03-17 12:20:50,149 -- coverage.py is not installed or can't be found.
2025-03-17T12:20:50.1590405Z info - 2025-03-17 12:20:50,158 -- Found 1 coverage files to report
2025-03-17T12:20:50.1591163Z info - 2025-03-17 12:20:50,159 -- > /home/runner/work/tinuous/tinuous/coverage.xml
2025-03-17T12:20:50.7024681Z info - 2025-03-17 12:20:50,702 -- Your upload is now processing. When finished, results will be available at: https://app.codecov.io/github/con/tinuous/commit/ce9025bf06373c375052cca5b527956e079f6c3f
2025-03-17T12:20:50.8193751Z info - 2025-03-17 12:20:50,819 -- Process Upload complete
2025-03-17T12:20:50.9882699Z Post job cleanup.
2025-03-17T12:20:51.1527578Z Post job cleanup.
2025-03-17T12:20:51.2476170Z [command]/usr/bin/git version
2025-03-17T12:20:51.2513908Z git version 2.48.1
2025-03-17T12:20:51.2559344Z Copying '/home/runner/.gitconfig' to '/home/runner/work/_temp/0290a8dc-1d0a-471c-85e9-eeeb1d65b4de/.gitconfig'
2025-03-17T12:20:51.2568710Z Temporarily overriding HOME='/home/runner/work/_temp/0290a8dc-1d0a-471c-85e9-eeeb1d65b4de' before making global git config changes
2025-03-17T12:20:51.2569976Z Adding repository directory to the temporary git global config as a safe directory
2025-03-17T12:20:51.2574711Z [command]/usr/bin/git config --global --add safe.directory /home/runner/work/tinuous/tinuous
2025-03-17T12:20:51.2611569Z [command]/usr/bin/git config --local --name-only --get-regexp core\.sshCommand
2025-03-17T12:20:51.2645863Z [command]/usr/bin/git submodule foreach --recursive sh -c "git config --local --name-only --get-regexp 'core\.sshCommand' && git config --local --unset-all 'core.sshCommand' || :"
2025-03-17T12:20:51.2971710Z [command]/usr/bin/git config --local --name-only --get-regexp http\.https\:\/\/github\.com\/\.extraheader
2025-03-17T12:20:51.2997312Z http.https://github.com/.extraheader
2025-03-17T12:20:51.3011055Z [command]/usr/bin/git config --local --unset-all http.https://github.com/.extraheader
2025-03-17T12:20:51.3046259Z [command]/usr/bin/git submodule foreach --recursive sh -c "git config --local --name-only --get-regexp 'http\.https\:\/\/github\.com\/\.extraheader' && git config --local --unset-all 'http.https://github.com/.extraheader' || :"
2025-03-17T12:20:51.3425685Z Cleaning up orphan processes
