2023-11-09T16:12:50.8006080Z Requested labels: ubuntu-latest
2023-11-09T16:12:50.8006387Z Job defined at: con/tinuous/.github/workflows/test.yml@refs/heads/pragmata
2023-11-09T16:12:50.8006468Z Waiting for a runner to pick up this job...
2023-11-09T16:17:21.1613071Z Job is waiting for a hosted runner to come online.
2023-11-09T16:17:24.5678207Z Job is about to start running on the hosted runner: GitHub Actions 14 (hosted)
2023-11-09T16:17:27.3985720Z Current runner version: '2.311.0'
2023-11-09T16:17:27.4023755Z ##[group]Operating System
2023-11-09T16:17:27.4024803Z Ubuntu
2023-11-09T16:17:27.4025428Z 22.04.3
2023-11-09T16:17:27.4025934Z LTS
2023-11-09T16:17:27.4026378Z ##[endgroup]
2023-11-09T16:17:27.4027038Z ##[group]Runner Image
2023-11-09T16:17:27.4027786Z Image: ubuntu-22.04
2023-11-09T16:17:27.4028333Z Version: 20231030.2.0
2023-11-09T16:17:27.4029742Z Included Software: https://github.com/actions/runner-images/blob/ubuntu22/20231030.2/images/linux/Ubuntu2204-Readme.md
2023-11-09T16:17:27.4031882Z Image Release: https://github.com/actions/runner-images/releases/tag/ubuntu22%2F20231030.2
2023-11-09T16:17:27.4033132Z ##[endgroup]
2023-11-09T16:17:27.4033765Z ##[group]Runner Image Provisioner
2023-11-09T16:17:27.4034574Z 2.0.312.1
2023-11-09T16:17:27.4035049Z ##[endgroup]
2023-11-09T16:17:27.4038683Z ##[group]GITHUB_TOKEN Permissions
2023-11-09T16:17:27.4041436Z Actions: write
2023-11-09T16:17:27.4042223Z Checks: write
2023-11-09T16:17:27.4043072Z Contents: write
2023-11-09T16:17:27.4043896Z Deployments: write
2023-11-09T16:17:27.4044496Z Discussions: write
2023-11-09T16:17:27.4045175Z Issues: write
2023-11-09T16:17:27.4045738Z Metadata: read
2023-11-09T16:17:27.4046261Z Packages: write
2023-11-09T16:17:27.4046922Z Pages: write
2023-11-09T16:17:27.4047536Z PullRequests: write
2023-11-09T16:17:27.4048161Z RepositoryProjects: write
2023-11-09T16:17:27.4048853Z SecurityEvents: write
2023-11-09T16:17:27.4049621Z Statuses: write
2023-11-09T16:17:27.4050156Z ##[endgroup]
2023-11-09T16:17:27.4055610Z Secret source: Actions
2023-11-09T16:17:27.4056805Z Prepare workflow directory
2023-11-09T16:17:27.5065431Z Prepare all required actions
2023-11-09T16:17:27.5296471Z Getting action download info
2023-11-09T16:17:27.7405946Z Download action repository 'actions/checkout@v4' (SHA:b4ffde65f46336ab88eb53be808477a3936bae11)
2023-11-09T16:17:27.9320321Z Download action repository 'actions/setup-python@v4' (SHA:65d7f2d534ac1bc67fcd62888c5f4f3d2cb2b236)
2023-11-09T16:17:28.0318040Z Download action repository 'codecov/codecov-action@v3' (SHA:eaaf4bedf32dbdc6b720b63067d99c4d77d6047d)
2023-11-09T16:17:28.9327611Z Complete job name: test (3.9, py)
2023-11-09T16:17:29.0749895Z ##[group]Run actions/checkout@v4
2023-11-09T16:17:29.0751150Z with:
2023-11-09T16:17:29.0751738Z   fetch-depth: 0
2023-11-09T16:17:29.0752308Z   repository: con/tinuous
2023-11-09T16:17:29.0753423Z   token: ***
2023-11-09T16:17:29.0754025Z   ssh-strict: true
2023-11-09T16:17:29.0754689Z   persist-credentials: true
2023-11-09T16:17:29.0755458Z   clean: true
2023-11-09T16:17:29.0756080Z   sparse-checkout-cone-mode: true
2023-11-09T16:17:29.0756773Z   fetch-tags: false
2023-11-09T16:17:29.0757479Z   show-progress: true
2023-11-09T16:17:29.0758104Z   lfs: false
2023-11-09T16:17:29.0758600Z   submodules: false
2023-11-09T16:17:29.0759286Z   set-safe-directory: true
2023-11-09T16:17:29.0759970Z ##[endgroup]
2023-11-09T16:17:29.4651056Z Syncing repository: con/tinuous
2023-11-09T16:17:29.4653930Z ##[group]Getting Git version info
2023-11-09T16:17:29.4655050Z Working directory is '/home/runner/work/tinuous/tinuous'
2023-11-09T16:17:29.4656244Z [command]/usr/bin/git version
2023-11-09T16:17:29.4771228Z git version 2.42.0
2023-11-09T16:17:29.4773853Z ##[endgroup]
2023-11-09T16:17:29.4792596Z Temporarily overriding HOME='/home/runner/work/_temp/4e071c60-b533-4e71-bb15-971fe07cac37' before making global git config changes
2023-11-09T16:17:29.4794263Z Adding repository directory to the temporary git global config as a safe directory
2023-11-09T16:17:29.4795818Z [command]/usr/bin/git config --global --add safe.directory /home/runner/work/tinuous/tinuous
2023-11-09T16:17:29.4918825Z Deleting the contents of '/home/runner/work/tinuous/tinuous'
2023-11-09T16:17:29.4969408Z ##[group]Initializing the repository
2023-11-09T16:17:29.4970117Z [command]/usr/bin/git init /home/runner/work/tinuous/tinuous
2023-11-09T16:17:29.4971369Z hint: Using 'master' as the name for the initial branch. This default branch name
2023-11-09T16:17:29.5139484Z hint: is subject to change. To configure the initial branch name to use in all
2023-11-09T16:17:29.5159692Z hint: of your new repositories, which will suppress this warning, call:
2023-11-09T16:17:29.5160957Z hint: 
2023-11-09T16:17:29.5162343Z hint: 	git config --global init.defaultBranch <name>
2023-11-09T16:17:29.5163645Z hint: 
2023-11-09T16:17:29.5164289Z hint: Names commonly chosen instead of 'master' are 'main', 'trunk' and
2023-11-09T16:17:29.5165633Z hint: 'development'. The just-created branch can be renamed via this command:
2023-11-09T16:17:29.5166311Z hint: 
2023-11-09T16:17:29.5166666Z hint: 	git branch -m <name>
2023-11-09T16:17:29.5167347Z Initialized empty Git repository in /home/runner/work/tinuous/tinuous/.git/
2023-11-09T16:17:29.5168954Z [command]/usr/bin/git remote add origin https://github.com/con/tinuous
2023-11-09T16:17:29.5170442Z ##[endgroup]
2023-11-09T16:17:29.5171377Z ##[group]Disabling automatic garbage collection
2023-11-09T16:17:29.5172080Z [command]/usr/bin/git config --local gc.auto 0
2023-11-09T16:17:29.5174246Z ##[endgroup]
2023-11-09T16:17:29.5174841Z ##[group]Setting up auth
2023-11-09T16:17:29.5175653Z [command]/usr/bin/git config --local --name-only --get-regexp core\.sshCommand
2023-11-09T16:17:29.5178388Z [command]/usr/bin/git submodule foreach --recursive sh -c "git config --local --name-only --get-regexp 'core\.sshCommand' && git config --local --unset-all 'core.sshCommand' || :"
2023-11-09T16:17:29.5421488Z [command]/usr/bin/git config --local --name-only --get-regexp http\.https\:\/\/github\.com\/\.extraheader
2023-11-09T16:17:29.5450003Z [command]/usr/bin/git submodule foreach --recursive sh -c "git config --local --name-only --get-regexp 'http\.https\:\/\/github\.com\/\.extraheader' && git config --local --unset-all 'http.https://github.com/.extraheader' || :"
2023-11-09T16:17:29.5899141Z [command]/usr/bin/git config --local http.https://github.com/.extraheader AUTHORIZATION: basic ***
2023-11-09T16:17:29.5903806Z ##[endgroup]
2023-11-09T16:17:29.5905308Z ##[group]Fetching the repository
2023-11-09T16:17:29.5908222Z [command]/usr/bin/git -c protocol.version=2 fetch --prune --no-recurse-submodules origin +refs/heads/*:refs/remotes/origin/* +refs/tags/*:refs/tags/*
2023-11-09T16:17:30.3424364Z From https://github.com/con/tinuous
2023-11-09T16:17:30.3425898Z  * [new branch]      gh-55           -> origin/gh-55
2023-11-09T16:17:30.3426670Z  * [new branch]      ghtoken         -> origin/ghtoken
2023-11-09T16:17:30.3427754Z  * [new branch]      headers         -> origin/headers
2023-11-09T16:17:30.3428490Z  * [new branch]      master          -> origin/master
2023-11-09T16:17:30.3429244Z  * [new branch]      mypy-import     -> origin/mypy-import
2023-11-09T16:17:30.3430076Z  * [new branch]      no-extra-search -> origin/no-extra-search
2023-11-09T16:17:30.3430882Z  * [new branch]      pragmata        -> origin/pragmata
2023-11-09T16:17:30.3431612Z  * [new branch]      py312           -> origin/py312
2023-11-09T16:17:30.3432326Z  * [new branch]      pypy            -> origin/pypy
2023-11-09T16:17:30.3433138Z  * [new branch]      test-appveyor   -> origin/test-appveyor
2023-11-09T16:17:30.3433925Z  * [new branch]      unused          -> origin/unused
2023-11-09T16:17:30.3434646Z  * [new branch]      updates         -> origin/updates
2023-11-09T16:17:30.3435329Z  * [new tag]         0.1.0           -> 0.1.0
2023-11-09T16:17:30.3435949Z  * [new tag]         0.2.0           -> 0.2.0
2023-11-09T16:17:30.3436553Z  * [new tag]         0.3.0           -> 0.3.0
2023-11-09T16:17:30.3437167Z  * [new tag]         0.4.0           -> 0.4.0
2023-11-09T16:17:30.3437775Z  * [new tag]         0.5.0           -> 0.5.0
2023-11-09T16:17:30.3439012Z  * [new tag]         0.5.1           -> 0.5.1
2023-11-09T16:17:30.3439644Z  * [new tag]         0.5.2           -> 0.5.2
2023-11-09T16:17:30.3440256Z  * [new tag]         0.5.3           -> 0.5.3
2023-11-09T16:17:30.3440851Z  * [new tag]         0.5.4           -> 0.5.4
2023-11-09T16:17:30.3441458Z  * [new tag]         0.6.0           -> 0.6.0
2023-11-09T16:17:30.3443813Z  * [new tag]         0.6.1           -> 0.6.1
2023-11-09T16:17:30.3445346Z [command]/usr/bin/git branch --list --remote origin/pragmata
2023-11-09T16:17:30.3446005Z   origin/pragmata
2023-11-09T16:17:30.3448021Z [command]/usr/bin/git rev-parse refs/remotes/origin/pragmata
2023-11-09T16:17:30.3466532Z 94a74153a23dcd15295b302b112311bee0597c13
2023-11-09T16:17:30.3468876Z ##[endgroup]
2023-11-09T16:17:30.3469579Z ##[group]Determining the checkout info
2023-11-09T16:17:30.3470334Z ##[endgroup]
2023-11-09T16:17:30.3470951Z ##[group]Checking out the ref
2023-11-09T16:17:30.3474731Z [command]/usr/bin/git checkout --progress --force -B pragmata refs/remotes/origin/pragmata
2023-11-09T16:17:30.3569768Z Switched to a new branch 'pragmata'
2023-11-09T16:17:30.3571063Z branch 'pragmata' set up to track 'origin/pragmata'.
2023-11-09T16:17:30.3580403Z ##[endgroup]
2023-11-09T16:17:30.3627960Z [command]/usr/bin/git log -1 --format='%H'
2023-11-09T16:17:30.3655553Z '94a74153a23dcd15295b302b112311bee0597c13'
2023-11-09T16:17:30.4358997Z ##[group]Run actions/setup-python@v4
2023-11-09T16:17:30.4359570Z with:
2023-11-09T16:17:30.4359892Z   python-version: 3.9
2023-11-09T16:17:30.4360301Z   check-latest: false
2023-11-09T16:17:30.4360929Z   token: ***
2023-11-09T16:17:30.4361289Z   update-environment: true
2023-11-09T16:17:30.4361742Z   allow-prereleases: false
2023-11-09T16:17:30.4362168Z ##[endgroup]
2023-11-09T16:17:30.8224662Z ##[group]Installed versions
2023-11-09T16:17:30.8372374Z Successfully set up CPython (3.9.18)
2023-11-09T16:17:30.8375402Z ##[endgroup]
2023-11-09T16:17:30.8580371Z ##[group]Run python -m pip install --upgrade pip wheel
2023-11-09T16:17:30.8582646Z [36;1mpython -m pip install --upgrade pip wheel[0m
2023-11-09T16:17:30.8583395Z [36;1mpython -m pip install --upgrade --upgrade-strategy=eager tox[0m
2023-11-09T16:17:30.8644174Z shell: /usr/bin/bash -e {0}
2023-11-09T16:17:30.8644615Z env:
2023-11-09T16:17:30.8645183Z   pythonLocation: /opt/hostedtoolcache/Python/3.9.18/x64
2023-11-09T16:17:30.8646285Z   PKG_CONFIG_PATH: /opt/hostedtoolcache/Python/3.9.18/x64/lib/pkgconfig
2023-11-09T16:17:30.8647079Z   Python_ROOT_DIR: /opt/hostedtoolcache/Python/3.9.18/x64
2023-11-09T16:17:30.8647778Z   Python2_ROOT_DIR: /opt/hostedtoolcache/Python/3.9.18/x64
2023-11-09T16:17:30.8648570Z   Python3_ROOT_DIR: /opt/hostedtoolcache/Python/3.9.18/x64
2023-11-09T16:17:30.8649366Z   LD_LIBRARY_PATH: /opt/hostedtoolcache/Python/3.9.18/x64/lib
2023-11-09T16:17:30.8649906Z ##[endgroup]
2023-11-09T16:17:33.4264706Z Requirement already satisfied: pip in /opt/hostedtoolcache/Python/3.9.18/x64/lib/python3.9/site-packages (23.0.1)
2023-11-09T16:17:33.6507789Z Collecting pip
2023-11-09T16:17:33.7760827Z   Downloading pip-23.3.1-py3-none-any.whl.metadata (3.5 kB)
2023-11-09T16:17:33.8406598Z Collecting wheel
2023-11-09T16:17:33.8520472Z   Downloading wheel-0.41.3-py3-none-any.whl.metadata (2.2 kB)
2023-11-09T16:17:33.8735782Z Downloading pip-23.3.1-py3-none-any.whl (2.1 MB)
2023-11-09T16:17:34.0658246Z    â”â”â”â”â”â”â”â”â”â”â”â”â”â”â”â”â”â”â”â”â”â”â”â”â”â”â”â”â”â”â”â”â”â”â”â”â”â”â”â” 2.1/2.1 MB 11.6 MB/s eta 0:00:00
2023-11-09T16:17:34.0776994Z Downloading wheel-0.41.3-py3-none-any.whl (65 kB)
2023-11-09T16:17:34.0865547Z    â”â”â”â”â”â”â”â”â”â”â”â”â”â”â”â”â”â”â”â”â”â”â”â”â”â”â”â”â”â”â”â”â”â”â”â”â”â”â”â” 65.8/65.8 kB 9.6 MB/s eta 0:00:00
2023-11-09T16:17:34.1511728Z Installing collected packages: wheel, pip
2023-11-09T16:17:34.2128582Z   Attempting uninstall: pip
2023-11-09T16:17:34.2136197Z     Found existing installation: pip 23.0.1
2023-11-09T16:17:34.2862141Z     Uninstalling pip-23.0.1:
2023-11-09T16:17:34.3464901Z       Successfully uninstalled pip-23.0.1
2023-11-09T16:17:35.7788195Z Successfully installed pip-23.3.1 wheel-0.41.3
2023-11-09T16:17:36.9164409Z Collecting tox
2023-11-09T16:17:37.0350297Z   Downloading tox-4.11.3-py3-none-any.whl.metadata (5.0 kB)
2023-11-09T16:17:37.1273512Z Collecting cachetools>=5.3.1 (from tox)
2023-11-09T16:17:37.1451890Z   Downloading cachetools-5.3.2-py3-none-any.whl.metadata (5.2 kB)
2023-11-09T16:17:37.1798940Z Collecting chardet>=5.2 (from tox)
2023-11-09T16:17:37.1919449Z   Downloading chardet-5.2.0-py3-none-any.whl.metadata (3.4 kB)
2023-11-09T16:17:37.2380469Z Collecting colorama>=0.4.6 (from tox)
2023-11-09T16:17:37.2516270Z   Downloading colorama-0.4.6-py2.py3-none-any.whl (25 kB)
2023-11-09T16:17:37.3123768Z Collecting filelock>=3.12.3 (from tox)
2023-11-09T16:17:37.3239806Z   Downloading filelock-3.13.1-py3-none-any.whl.metadata (2.8 kB)
2023-11-09T16:17:37.3760766Z Collecting packaging>=23.1 (from tox)
2023-11-09T16:17:37.3880719Z   Downloading packaging-23.2-py3-none-any.whl.metadata (3.2 kB)
2023-11-09T16:17:37.4342803Z Collecting platformdirs>=3.10 (from tox)
2023-11-09T16:17:37.4458789Z   Downloading platformdirs-3.11.0-py3-none-any.whl.metadata (11 kB)
2023-11-09T16:17:37.4878648Z Collecting pluggy>=1.3 (from tox)
2023-11-09T16:17:37.4993829Z   Downloading pluggy-1.3.0-py3-none-any.whl.metadata (4.3 kB)
2023-11-09T16:17:37.5360053Z Collecting pyproject-api>=1.6.1 (from tox)
2023-11-09T16:17:37.5475780Z   Downloading pyproject_api-1.6.1-py3-none-any.whl.metadata (2.8 kB)
2023-11-09T16:17:37.5856470Z Collecting tomli>=2.0.1 (from tox)
2023-11-09T16:17:37.6018933Z   Downloading tomli-2.0.1-py3-none-any.whl (12 kB)
2023-11-09T16:17:37.7563167Z Collecting virtualenv>=20.24.3 (from tox)
2023-11-09T16:17:37.7682803Z   Downloading virtualenv-20.24.6-py3-none-any.whl.metadata (4.5 kB)
2023-11-09T16:17:37.8997232Z Collecting distlib<1,>=0.3.7 (from virtualenv>=20.24.3->tox)
2023-11-09T16:17:37.9109925Z   Downloading distlib-0.3.7-py2.py3-none-any.whl.metadata (5.1 kB)
2023-11-09T16:17:37.9462179Z Downloading tox-4.11.3-py3-none-any.whl (153 kB)
2023-11-09T16:17:37.9751181Z    â”â”â”â”â”â”â”â”â”â”â”â”â”â”â”â”â”â”â”â”â”â”â”â”â”â”â”â”â”â”â”â”â”â”â”â”â”â”â”â” 153.8/153.8 kB 5.9 MB/s eta 0:00:00
2023-11-09T16:17:37.9871608Z Downloading cachetools-5.3.2-py3-none-any.whl (9.3 kB)
2023-11-09T16:17:38.0036406Z Downloading chardet-5.2.0-py3-none-any.whl (199 kB)
2023-11-09T16:17:38.0354688Z    â”â”â”â”â”â”â”â”â”â”â”â”â”â”â”â”â”â”â”â”â”â”â”â”â”â”â”â”â”â”â”â”â”â”â”â”â”â”â”â” 199.4/199.4 kB 6.7 MB/s eta 0:00:00
2023-11-09T16:17:38.0470417Z Downloading filelock-3.13.1-py3-none-any.whl (11 kB)
2023-11-09T16:17:38.0627648Z Downloading packaging-23.2-py3-none-any.whl (53 kB)
2023-11-09T16:17:38.0725867Z    â”â”â”â”â”â”â”â”â”â”â”â”â”â”â”â”â”â”â”â”â”â”â”â”â”â”â”â”â”â”â”â”â”â”â”â”â”â”â”â” 53.0/53.0 kB 6.4 MB/s eta 0:00:00
2023-11-09T16:17:38.0839718Z Downloading platformdirs-3.11.0-py3-none-any.whl (17 kB)
2023-11-09T16:17:38.0993101Z Downloading pluggy-1.3.0-py3-none-any.whl (18 kB)
2023-11-09T16:17:38.1151574Z Downloading pyproject_api-1.6.1-py3-none-any.whl (12 kB)
2023-11-09T16:17:38.1314859Z Downloading virtualenv-20.24.6-py3-none-any.whl (3.8 MB)
2023-11-09T16:17:38.3904239Z    â”â”â”â”â”â”â”â”â”â”â”â”â”â”â”â”â”â”â”â”â”â”â”â”â”â”â”â”â”â”â”â”â”â”â”â”â”â”â”â” 3.8/3.8 MB 14.7 MB/s eta 0:00:00
2023-11-09T16:17:38.4021621Z Downloading distlib-0.3.7-py2.py3-none-any.whl (468 kB)
2023-11-09T16:17:38.4239835Z    â”â”â”â”â”â”â”â”â”â”â”â”â”â”â”â”â”â”â”â”â”â”â”â”â”â”â”â”â”â”â”â”â”â”â”â”â”â”â”â” 468.9/468.9 kB 24.2 MB/s eta 0:00:00
2023-11-09T16:17:38.6243777Z Installing collected packages: distlib, tomli, pluggy, platformdirs, packaging, filelock, colorama, chardet, cachetools, virtualenv, pyproject-api, tox
2023-11-09T16:17:39.4708544Z Successfully installed cachetools-5.3.2 chardet-5.2.0 colorama-0.4.6 distlib-0.3.7 filelock-3.13.1 packaging-23.2 platformdirs-3.11.0 pluggy-1.3.0 pyproject-api-1.6.1 tomli-2.0.1 tox-4.11.3 virtualenv-20.24.6
2023-11-09T16:17:39.6287038Z ##[group]Run tox -e py -- --cov-report=xml
2023-11-09T16:17:39.6287688Z [36;1mtox -e py -- --cov-report=xml[0m
2023-11-09T16:17:39.6331555Z shell: /usr/bin/bash -e {0}
2023-11-09T16:17:39.6331991Z env:
2023-11-09T16:17:39.6332446Z   pythonLocation: /opt/hostedtoolcache/Python/3.9.18/x64
2023-11-09T16:17:39.6333238Z   PKG_CONFIG_PATH: /opt/hostedtoolcache/Python/3.9.18/x64/lib/pkgconfig
2023-11-09T16:17:39.6334041Z   Python_ROOT_DIR: /opt/hostedtoolcache/Python/3.9.18/x64
2023-11-09T16:17:39.6335584Z   Python2_ROOT_DIR: /opt/hostedtoolcache/Python/3.9.18/x64
2023-11-09T16:17:39.6336348Z   Python3_ROOT_DIR: /opt/hostedtoolcache/Python/3.9.18/x64
2023-11-09T16:17:39.6337107Z   LD_LIBRARY_PATH: /opt/hostedtoolcache/Python/3.9.18/x64/lib
2023-11-09T16:17:39.6338044Z ##[endgroup]
2023-11-09T16:17:40.4787072Z py: install_deps> python -I -m pip install pytest pytest-cov pytest-mock
2023-11-09T16:17:44.0945115Z .pkg: install_requires> python -I -m pip install 'setuptools>=46.4.0' versioningit
2023-11-09T16:17:46.4166211Z .pkg: _optional_hooks> python /opt/hostedtoolcache/Python/3.9.18/x64/lib/python3.9/site-packages/pyproject_api/_backend.py True setuptools.build_meta
2023-11-09T16:17:46.7573130Z .pkg: get_requires_for_build_sdist> python /opt/hostedtoolcache/Python/3.9.18/x64/lib/python3.9/site-packages/pyproject_api/_backend.py True setuptools.build_meta
2023-11-09T16:17:46.9136202Z .pkg: get_requires_for_build_wheel> python /opt/hostedtoolcache/Python/3.9.18/x64/lib/python3.9/site-packages/pyproject_api/_backend.py True setuptools.build_meta
2023-11-09T16:17:47.0068660Z .pkg: install_requires_for_build_wheel> python -I -m pip install wheel
2023-11-09T16:17:47.7322515Z .pkg: freeze> python -m pip freeze --all
2023-11-09T16:17:48.1738836Z .pkg: importlib-metadata==6.8.0,packaging==23.2,pip==23.3.1,setuptools==68.2.2,tomli==2.0.1,versioningit==2.2.1,wheel==0.41.2,zipp==3.17.0
2023-11-09T16:17:48.1746415Z .pkg: prepare_metadata_for_build_wheel> python /opt/hostedtoolcache/Python/3.9.18/x64/lib/python3.9/site-packages/pyproject_api/_backend.py True setuptools.build_meta
2023-11-09T16:17:48.3417768Z .pkg: build_sdist> python /opt/hostedtoolcache/Python/3.9.18/x64/lib/python3.9/site-packages/pyproject_api/_backend.py True setuptools.build_meta
2023-11-09T16:17:48.4571255Z py: install_package_deps> python -I -m pip install 'PyYAML>=5.0' 'click-loglevel~=0.2' 'click>=7.0' 'in-place~=0.4' 'pydantic~=1.7' 'python-dateutil~=2.7' 'python-dotenv<2.0,>=0.11' 'requests~=2.20'
2023-11-09T16:17:51.7083434Z py: install_package> python -I -m pip install --force-reinstall --no-deps /home/runner/work/tinuous/tinuous/.tox/.tmp/package/1/tinuous-0.6.1.post45+g94a7415.tar.gz
2023-11-09T16:17:57.1989900Z py: freeze> python -m pip freeze --all
2023-11-09T16:17:57.7045163Z py: certifi==2023.7.22,charset-normalizer==3.3.2,click==8.1.7,click-loglevel==0.5.0,coverage==7.3.2,exceptiongroup==1.1.3,idna==3.4,in-place==0.5.0,iniconfig==2.0.0,packaging==23.2,pip==23.3.1,pluggy==1.3.0,pydantic==1.10.13,pytest==7.4.3,pytest-cov==4.1.0,pytest-mock==3.12.0,python-dateutil==2.8.2,python-dotenv==1.0.0,PyYAML==6.0.1,requests==2.31.0,setuptools==68.2.2,six==1.16.0,tinuous @ file:///home/runner/work/tinuous/tinuous/.tox/.tmp/package/1/tinuous-0.6.1.post45%2Bg94a7415.tar.gz#sha256=be67a808fb8405713e4ace392df0d94a1b83a095b278ece760da5872b38069de,tomli==2.0.1,typing_extensions==4.8.0,urllib3==2.0.7,wheel==0.41.2
2023-11-09T16:17:57.7050730Z py: commands[0]> tinuous --help
2023-11-09T16:17:58.0121509Z Usage: tinuous [OPTIONS] COMMAND [ARGS]...
2023-11-09T16:17:58.0122637Z 
2023-11-09T16:17:58.0123332Z   Download build logs from GitHub Actions, Travis, Appveyor, and CircleCI
2023-11-09T16:17:58.0124039Z 
2023-11-09T16:17:58.0124504Z Options:
2023-11-09T16:17:58.0219278Z   -V, --version                   Show the version and exit.
2023-11-09T16:17:58.0220172Z   -c, --config FILE               Read configuration from the given file
2023-11-09T16:17:58.0221050Z                                   [default: tinuous.yaml]
2023-11-09T16:17:58.0222365Z   -E, --env FILE                  Load environment variables from given .env
2023-11-09T16:17:58.0223021Z                                   file
2023-11-09T16:17:58.0223634Z   -l, --log-level [NOTSET|DEBUG|INFO|WARNING|ERROR|CRITICAL]
2023-11-09T16:17:58.0224259Z                                   Set logging level  [default: INFO]
2023-11-09T16:17:58.0225130Z   --help                          Show this message and exit.
2023-11-09T16:17:58.0225548Z 
2023-11-09T16:17:58.0225666Z Commands:
2023-11-09T16:17:58.0225998Z   fetch         Download logs
2023-11-09T16:17:58.0226575Z   fetch-commit  Download logs for a specific commit
2023-11-09T16:17:58.0227274Z   sanitize      Sanitize secrets in logs
2023-11-09T16:17:58.0489367Z py: commands[1]> pytest --cov-report=xml test
2023-11-09T16:17:59.2604342Z ============================= test session starts ==============================
2023-11-09T16:17:59.2605993Z platform linux -- Python 3.9.18, pytest-7.4.3, pluggy-1.3.0
2023-11-09T16:17:59.2607121Z cachedir: .tox/py/.pytest_cache
2023-11-09T16:17:59.2607737Z rootdir: /home/runner/work/tinuous/tinuous
2023-11-09T16:17:59.2608605Z configfile: tox.ini
2023-11-09T16:17:59.2610787Z plugins: mock-3.12.0, cov-4.1.0
2023-11-09T16:17:59.2611437Z collected 64 items
2023-11-09T16:17:59.2616235Z 
2023-11-09T16:17:59.2819352Z test/test_base.py .........                                              [ 14%]
2023-11-09T16:17:59.2995806Z test/test_config.py ........                                             [ 26%]
2023-11-09T16:17:59.3301993Z test/test_state.py ........                                              [ 39%]
2023-11-09T16:17:59.6929504Z test/test_util.py .......................................                [100%]
2023-11-09T16:17:59.6934202Z 
2023-11-09T16:17:59.6935608Z ---------- coverage: platform linux, python 3.9.18-final-0 -----------
2023-11-09T16:17:59.6936744Z Coverage XML written to file coverage.xml
2023-11-09T16:17:59.6937593Z 
2023-11-09T16:17:59.6937777Z 
2023-11-09T16:17:59.6938507Z ============================== 64 passed in 0.91s ==============================
2023-11-09T16:17:59.7467427Z .pkg: _exit> python /opt/hostedtoolcache/Python/3.9.18/x64/lib/python3.9/site-packages/pyproject_api/_backend.py True setuptools.build_meta
2023-11-09T16:17:59.7907045Z   py: OK (19.72=setup[17.68]+cmd[0.34,1.70] seconds)
2023-11-09T16:17:59.7907998Z   congratulations :) (19.89 seconds)
2023-11-09T16:17:59.8443768Z ##[group]Run codecov/codecov-action@v3
2023-11-09T16:17:59.8444394Z with:
2023-11-09T16:17:59.8444717Z   fail_ci_if_error: false
2023-11-09T16:17:59.8445125Z env:
2023-11-09T16:17:59.8445677Z   pythonLocation: /opt/hostedtoolcache/Python/3.9.18/x64
2023-11-09T16:17:59.8446593Z   PKG_CONFIG_PATH: /opt/hostedtoolcache/Python/3.9.18/x64/lib/pkgconfig
2023-11-09T16:17:59.8447338Z   Python_ROOT_DIR: /opt/hostedtoolcache/Python/3.9.18/x64
2023-11-09T16:17:59.8447965Z   Python2_ROOT_DIR: /opt/hostedtoolcache/Python/3.9.18/x64
2023-11-09T16:17:59.8448609Z   Python3_ROOT_DIR: /opt/hostedtoolcache/Python/3.9.18/x64
2023-11-09T16:17:59.8449266Z   LD_LIBRARY_PATH: /opt/hostedtoolcache/Python/3.9.18/x64/lib
2023-11-09T16:17:59.8449785Z ##[endgroup]
2023-11-09T16:18:00.0317953Z ==> linux OS detected
2023-11-09T16:18:00.6103084Z https://uploader.codecov.io/latest/linux/codecov.SHA256SUM
2023-11-09T16:18:00.7622391Z ==> SHASUM file signed by key id 806bb28aed779869
2023-11-09T16:18:01.0207508Z ==> Uploader SHASUM verified (b9282b8b43eef83f722646d8992c4dd36563046afe0806722184e7e9923a6d7b  codecov)
2023-11-09T16:18:01.0208801Z ==> Running version latest
2023-11-09T16:18:01.1573629Z ==> Running version v0.7.1
2023-11-09T16:18:01.1585089Z [command]/home/runner/work/_actions/codecov/codecov-action/v3/dist/codecov -n  -Q github-action-3.1.4
2023-11-09T16:18:01.4868764Z [2023-11-09T16:18:01.484Z] ['info'] 
2023-11-09T16:18:01.4869990Z      _____          _
2023-11-09T16:18:01.4870420Z     / ____|        | |
2023-11-09T16:18:01.4870820Z    | |     ___   __| | ___  ___ _____   __
2023-11-09T16:18:01.4871342Z    | |    / _ \ / _` |/ _ \/ __/ _ \ \ / /
2023-11-09T16:18:01.4871980Z    | |___| (_) | (_| |  __/ (_| (_) \ V /
2023-11-09T16:18:01.4872481Z     \_____\___/ \__,_|\___|\___\___/ \_/
2023-11-09T16:18:01.4872839Z 
2023-11-09T16:18:01.4873009Z   Codecov report uploader 0.7.1
2023-11-09T16:18:01.4973982Z [2023-11-09T16:18:01.496Z] ['info'] => Project root located at: /home/runner/work/tinuous/tinuous
2023-11-09T16:18:01.5007078Z [2023-11-09T16:18:01.500Z] ['info'] -> No token specified or token is empty
2023-11-09T16:18:01.5094316Z [2023-11-09T16:18:01.509Z] ['info'] Searching for coverage files...
2023-11-09T16:18:01.6009422Z [2023-11-09T16:18:01.600Z] ['info'] Warning: Some files located via search were excluded from upload.
2023-11-09T16:18:01.6011576Z [2023-11-09T16:18:01.600Z] ['info'] If Codecov did not locate your files, please review https://docs.codecov.com/docs/supported-report-formats
2023-11-09T16:18:01.6015265Z [2023-11-09T16:18:01.600Z] ['info'] => Found 1 possible coverage files:
2023-11-09T16:18:01.6016298Z   coverage.xml
2023-11-09T16:18:01.6017703Z [2023-11-09T16:18:01.600Z] ['info'] Processing /home/runner/work/tinuous/tinuous/coverage.xml...
2023-11-09T16:18:01.6060926Z [2023-11-09T16:18:01.605Z] ['info'] Detected GitHub Actions as the CI provider.
2023-11-09T16:18:02.0748065Z [2023-11-09T16:18:02.074Z] ['info'] Pinging Codecov: https://codecov.io/upload/v4?package=github-action-3.1.4-uploader-0.7.1&token=*******&branch=pragmata&build=6814453316&build_url=https%3A%2F%2Fgithub.com%2Fcon%2Ftinuous%2Factions%2Fruns%2F6814453316&commit=94a74153a23dcd15295b302b112311bee0597c13&job=Test&pr=&service=github-actions&slug=con%2Ftinuous&name=&tag=&flags=&parent=
2023-11-09T16:18:02.4890867Z [2023-11-09T16:18:02.488Z] ['info'] https://app.codecov.io/github/con/tinuous/commit/94a74153a23dcd15295b302b112311bee0597c13
2023-11-09T16:18:02.4895835Z https://storage.googleapis.com/codecov/v4/raw/2023-11-09/0010CBA6D851417C00BB0BC3FC5895F9/94a74153a23dcd15295b302b112311bee0597c13/dbb83b63-b554-4140-b2e5-ab340f201b03.txt?X-Amz-Algorithm=AWS4-HMAC-SHA256&X-Amz-Credential=GOOG1EJOGFN2JQ4OCTGA2MU5AEIT7OT5Z7HTFOAN2SPG4NWSN2UJYOY5U6LZQ%2F20231109%2FUS%2Fs3%2Faws4_request&X-Amz-Date=20231109T161802Z&X-Amz-Expires=10&X-Amz-SignedHeaders=host&X-Amz-Signature=9572fde223f52e9c4cfc197dcd19317dc25cf7b8b528c7267801417633e347c1
2023-11-09T16:18:02.4900015Z [2023-11-09T16:18:02.488Z] ['info'] Uploading...
2023-11-09T16:18:02.8918173Z [2023-11-09T16:18:02.890Z] ['info'] {"status":"processing","resultURL":"https://app.codecov.io/github/con/tinuous/commit/94a74153a23dcd15295b302b112311bee0597c13"}
2023-11-09T16:18:02.9308282Z Post job cleanup.
2023-11-09T16:18:03.1229973Z Post job cleanup.
2023-11-09T16:18:03.2313501Z [command]/usr/bin/git version
2023-11-09T16:18:03.2375135Z git version 2.42.0
2023-11-09T16:18:03.2453762Z Temporarily overriding HOME='/home/runner/work/_temp/fc909905-ee5a-45bf-b489-0a695b2f22be' before making global git config changes
2023-11-09T16:18:03.2455212Z Adding repository directory to the temporary git global config as a safe directory
2023-11-09T16:18:03.2527832Z [command]/usr/bin/git config --global --add safe.directory /home/runner/work/tinuous/tinuous
2023-11-09T16:18:03.2581533Z [command]/usr/bin/git config --local --name-only --get-regexp core\.sshCommand
2023-11-09T16:18:03.2615509Z [command]/usr/bin/git submodule foreach --recursive sh -c "git config --local --name-only --get-regexp 'core\.sshCommand' && git config --local --unset-all 'core.sshCommand' || :"
2023-11-09T16:18:03.2915840Z [command]/usr/bin/git config --local --name-only --get-regexp http\.https\:\/\/github\.com\/\.extraheader
2023-11-09T16:18:03.2932023Z http.https://github.com/.extraheader
2023-11-09T16:18:03.2952771Z [command]/usr/bin/git config --local --unset-all http.https://github.com/.extraheader
2023-11-09T16:18:03.2992796Z [command]/usr/bin/git submodule foreach --recursive sh -c "git config --local --name-only --get-regexp 'http\.https\:\/\/github\.com\/\.extraheader' && git config --local --unset-all 'http.https://github.com/.extraheader' || :"
2023-11-09T16:18:03.3728514Z Cleaning up orphan processes
