2021-06-10T14:59:16.4717633Z ##[section]Starting: Request a runner to run this job
2021-06-10T14:59:16.7724471Z Can't find any online and idle self-hosted runner in current repository that matches the required labels: 'ubuntu-latest'
2021-06-10T14:59:16.7724600Z Can't find any online and idle self-hosted runner in current repository's account/organization that matches the required labels: 'ubuntu-latest'
2021-06-10T14:59:16.7724986Z Found online and idle hosted runner in current repository's account/organization that matches the required labels: 'ubuntu-latest'
2021-06-10T14:59:17.0967717Z ##[section]Finishing: Request a runner to run this job
2021-06-10T14:59:25.6876199Z Current runner version: '2.278.0'
2021-06-10T14:59:25.6904165Z ##[group]Operating System
2021-06-10T14:59:25.6905098Z Ubuntu
2021-06-10T14:59:25.6905601Z 20.04.2
2021-06-10T14:59:25.6906027Z LTS
2021-06-10T14:59:25.6906574Z ##[endgroup]
2021-06-10T14:59:25.6907132Z ##[group]Virtual Environment
2021-06-10T14:59:25.6907833Z Environment: ubuntu-20.04
2021-06-10T14:59:25.6908449Z Version: 20210606.1
2021-06-10T14:59:25.6909476Z Included Software: https://github.com/actions/virtual-environments/blob/ubuntu20/20210606.1/images/linux/Ubuntu2004-README.md
2021-06-10T14:59:25.6910935Z Image Release: https://github.com/actions/virtual-environments/releases/tag/ubuntu20%2F20210606.1
2021-06-10T14:59:25.6911829Z ##[endgroup]
2021-06-10T14:59:25.6957619Z ##[group]GITHUB_TOKEN Permissions
2021-06-10T14:59:25.6960307Z Actions: write
2021-06-10T14:59:25.6961297Z Checks: write
2021-06-10T14:59:25.6962437Z Contents: write
2021-06-10T14:59:25.6963524Z Deployments: write
2021-06-10T14:59:25.6964827Z Discussions: write
2021-06-10T14:59:25.6965930Z Issues: write
2021-06-10T14:59:25.6966997Z Metadata: read
2021-06-10T14:59:25.6968182Z Packages: write
2021-06-10T14:59:25.6969289Z PullRequests: write
2021-06-10T14:59:25.6970591Z RepositoryProjects: write
2021-06-10T14:59:25.6971818Z SecurityEvents: write
2021-06-10T14:59:25.6972986Z Statuses: write
2021-06-10T14:59:25.6974194Z ##[endgroup]
2021-06-10T14:59:25.6979420Z Prepare workflow directory
2021-06-10T14:59:25.7700054Z Prepare all required actions
2021-06-10T14:59:25.7711382Z Getting action download info
2021-06-10T14:59:26.2535573Z Download action repository 'actions/checkout@v2'
2021-06-10T14:59:28.1863977Z Download action repository 'actions/setup-python@v2'
2021-06-10T14:59:28.5265115Z Download action repository 'codecov/codecov-action@v1'
2021-06-10T14:59:29.0403835Z ##[group]Run actions/checkout@v2
2021-06-10T14:59:29.0404431Z with:
2021-06-10T14:59:29.0404839Z   fetch-depth: 0
2021-06-10T14:59:29.0405300Z   repository: con/tinuous
2021-06-10T14:59:29.0406279Z   token: ***
2021-06-10T14:59:29.0406696Z   ssh-strict: true
2021-06-10T14:59:29.0407228Z   persist-credentials: true
2021-06-10T14:59:29.0407721Z   clean: true
2021-06-10T14:59:29.0408098Z   lfs: false
2021-06-10T14:59:29.0408499Z   submodules: false
2021-06-10T14:59:29.0408928Z ##[endgroup]
2021-06-10T14:59:29.9875192Z Syncing repository: con/tinuous
2021-06-10T14:59:29.9966658Z ##[group]Getting Git version info
2021-06-10T14:59:29.9968275Z Working directory is '/home/runner/work/tinuous/tinuous'
2021-06-10T14:59:29.9969212Z [command]/usr/bin/git version
2021-06-10T14:59:29.9969703Z git version 2.31.1
2021-06-10T14:59:29.9970699Z ##[endgroup]
2021-06-10T14:59:29.9973942Z Deleting the contents of '/home/runner/work/tinuous/tinuous'
2021-06-10T14:59:29.9975852Z ##[group]Initializing the repository
2021-06-10T14:59:29.9976771Z [command]/usr/bin/git init /home/runner/work/tinuous/tinuous
2021-06-10T14:59:29.9977996Z hint: Using 'master' as the name for the initial branch. This default branch name
2021-06-10T14:59:29.9979048Z hint: is subject to change. To configure the initial branch name to use in all
2021-06-10T14:59:29.9980098Z hint: of your new repositories, which will suppress this warning, call:
2021-06-10T14:59:29.9980861Z hint: 
2021-06-10T14:59:29.9981770Z hint: 	git config --global init.defaultBranch <name>
2021-06-10T14:59:29.9982499Z hint: 
2021-06-10T14:59:29.9983423Z hint: Names commonly chosen instead of 'master' are 'main', 'trunk' and
2021-06-10T14:59:29.9984656Z hint: 'development'. The just-created branch can be renamed via this command:
2021-06-10T14:59:29.9985460Z hint: 
2021-06-10T14:59:29.9986156Z hint: 	git branch -m <name>
2021-06-10T14:59:29.9987029Z Initialized empty Git repository in /home/runner/work/tinuous/tinuous/.git/
2021-06-10T14:59:29.9988136Z [command]/usr/bin/git remote add origin https://github.com/con/tinuous
2021-06-10T14:59:29.9988976Z ##[endgroup]
2021-06-10T14:59:29.9989705Z ##[group]Disabling automatic garbage collection
2021-06-10T14:59:29.9990728Z [command]/usr/bin/git config --local gc.auto 0
2021-06-10T14:59:29.9991666Z ##[endgroup]
2021-06-10T14:59:29.9993549Z ##[group]Setting up auth
2021-06-10T14:59:29.9995671Z [command]/usr/bin/git config --local --name-only --get-regexp core\.sshCommand
2021-06-10T14:59:29.9997506Z [command]/usr/bin/git submodule foreach --recursive git config --local --name-only --get-regexp 'core\.sshCommand' && git config --local --unset-all 'core.sshCommand' || :
2021-06-10T14:59:29.9999353Z [command]/usr/bin/git config --local --name-only --get-regexp http\.https\:\/\/github\.com\/\.extraheader
2021-06-10T14:59:30.0001590Z [command]/usr/bin/git submodule foreach --recursive git config --local --name-only --get-regexp 'http\.https\:\/\/github\.com\/\.extraheader' && git config --local --unset-all 'http.https://github.com/.extraheader' || :
2021-06-10T14:59:30.0003813Z [command]/usr/bin/git config --local http.https://github.com/.extraheader AUTHORIZATION: basic ***
2021-06-10T14:59:30.0004889Z ##[endgroup]
2021-06-10T14:59:30.0005559Z ##[group]Fetching the repository
2021-06-10T14:59:30.0007563Z [command]/usr/bin/git -c protocol.version=2 fetch --prune --progress --no-recurse-submodules origin +refs/heads/*:refs/remotes/origin/* +refs/tags/*:refs/tags/*
2021-06-10T14:59:30.0008922Z remote: Enumerating objects: 530, done.        
2021-06-10T14:59:30.0009677Z remote: Counting objects:   0% (1/184)        
2021-06-10T14:59:30.0010368Z remote: Counting objects:   1% (2/184)        
2021-06-10T14:59:30.0011074Z remote: Counting objects:   2% (4/184)        
2021-06-10T14:59:30.0011773Z remote: Counting objects:   3% (6/184)        
2021-06-10T14:59:30.0012454Z remote: Counting objects:   4% (8/184)        
2021-06-10T14:59:30.0013215Z remote: Counting objects:   5% (10/184)        
2021-06-10T14:59:30.0014110Z remote: Counting objects:   6% (12/184)        
2021-06-10T14:59:30.0014842Z remote: Counting objects:   7% (13/184)        
2021-06-10T14:59:30.0015547Z remote: Counting objects:   8% (15/184)        
2021-06-10T14:59:30.0016228Z remote: Counting objects:   9% (17/184)        
2021-06-10T14:59:30.0016940Z remote: Counting objects:  10% (19/184)        
2021-06-10T14:59:30.0017625Z remote: Counting objects:  11% (21/184)        
2021-06-10T14:59:30.0018324Z remote: Counting objects:  12% (23/184)        
2021-06-10T14:59:30.0019022Z remote: Counting objects:  13% (24/184)        
2021-06-10T14:59:30.0019709Z remote: Counting objects:  14% (26/184)        
2021-06-10T14:59:30.0020408Z remote: Counting objects:  15% (28/184)        
2021-06-10T14:59:30.0021106Z remote: Counting objects:  16% (30/184)        
2021-06-10T14:59:30.0021800Z remote: Counting objects:  17% (32/184)        
2021-06-10T14:59:30.0022497Z remote: Counting objects:  18% (34/184)        
2021-06-10T14:59:30.0023185Z remote: Counting objects:  19% (35/184)        
2021-06-10T14:59:30.0023886Z remote: Counting objects:  20% (37/184)        
2021-06-10T14:59:30.0024582Z remote: Counting objects:  21% (39/184)        
2021-06-10T14:59:30.0025258Z remote: Counting objects:  22% (41/184)        
2021-06-10T14:59:30.0025966Z remote: Counting objects:  23% (43/184)        
2021-06-10T14:59:30.0026646Z remote: Counting objects:  24% (45/184)        
2021-06-10T14:59:30.0027439Z remote: Counting objects:  25% (46/184)        
2021-06-10T14:59:30.0028093Z remote: Counting objects:  26% (48/184)        
2021-06-10T14:59:30.0028902Z remote: Counting objects:  27% (50/184)        
2021-06-10T14:59:30.0030237Z remote: Counting objects:  28% (52/184)        
2021-06-10T14:59:30.0030976Z remote: Counting objects:  29% (54/184)        
2021-06-10T14:59:30.0031678Z remote: Counting objects:  30% (56/184)        
2021-06-10T14:59:30.0032378Z remote: Counting objects:  31% (58/184)        
2021-06-10T14:59:30.0033061Z remote: Counting objects:  32% (59/184)        
2021-06-10T14:59:30.0033779Z remote: Counting objects:  33% (61/184)        
2021-06-10T14:59:30.0034626Z remote: Counting objects:  34% (63/184)        
2021-06-10T14:59:30.0035314Z remote: Counting objects:  35% (65/184)        
2021-06-10T14:59:30.0036013Z remote: Counting objects:  36% (67/184)        
2021-06-10T14:59:30.0036953Z remote: Counting objects:  37% (69/184)        
2021-06-10T14:59:30.0037655Z remote: Counting objects:  38% (70/184)        
2021-06-10T14:59:30.0038354Z remote: Counting objects:  39% (72/184)        
2021-06-10T14:59:30.0039038Z remote: Counting objects:  40% (74/184)        
2021-06-10T14:59:30.0039750Z remote: Counting objects:  41% (76/184)        
2021-06-10T14:59:30.0040437Z remote: Counting objects:  42% (78/184)        
2021-06-10T14:59:30.0041136Z remote: Counting objects:  43% (80/184)        
2021-06-10T14:59:30.0041919Z remote: Counting objects:  44% (81/184)        
2021-06-10T14:59:30.0042556Z remote: Counting objects:  45% (83/184)        
2021-06-10T14:59:30.0043215Z remote: Counting objects:  46% (85/184)        
2021-06-10T14:59:30.0043855Z remote: Counting objects:  47% (87/184)        
2021-06-10T14:59:30.0044507Z remote: Counting objects:  48% (89/184)        
2021-06-10T14:59:30.0045157Z remote: Counting objects:  49% (91/184)        
2021-06-10T14:59:30.0045797Z remote: Counting objects:  50% (92/184)        
2021-06-10T14:59:30.0046444Z remote: Counting objects:  51% (94/184)        
2021-06-10T14:59:30.0047079Z remote: Counting objects:  52% (96/184)        
2021-06-10T14:59:30.0047733Z remote: Counting objects:  53% (98/184)        
2021-06-10T14:59:30.0048386Z remote: Counting objects:  54% (100/184)        
2021-06-10T14:59:30.0049027Z remote: Counting objects:  55% (102/184)        
2021-06-10T14:59:30.0049686Z remote: Counting objects:  56% (104/184)        
2021-06-10T14:59:30.0050340Z remote: Counting objects:  57% (105/184)        
2021-06-10T14:59:30.0050977Z remote: Counting objects:  58% (107/184)        
2021-06-10T14:59:30.0051717Z remote: Counting objects:  59% (109/184)        
2021-06-10T14:59:30.0052366Z remote: Counting objects:  60% (111/184)        
2021-06-10T14:59:30.0053021Z remote: Counting objects:  61% (113/184)        
2021-06-10T14:59:30.0053833Z remote: Counting objects:  62% (115/184)        
2021-06-10T14:59:30.0054485Z remote: Counting objects:  63% (116/184)        
2021-06-10T14:59:30.0055142Z remote: Counting objects:  64% (118/184)        
2021-06-10T14:59:30.0055794Z remote: Counting objects:  65% (120/184)        
2021-06-10T14:59:30.0056428Z remote: Counting objects:  66% (122/184)        
2021-06-10T14:59:30.0057075Z remote: Counting objects:  67% (124/184)        
2021-06-10T14:59:30.0057725Z remote: Counting objects:  68% (126/184)        
2021-06-10T14:59:30.0058357Z remote: Counting objects:  69% (127/184)        
2021-06-10T14:59:30.0059008Z remote: Counting objects:  70% (129/184)        
2021-06-10T14:59:30.0059649Z remote: Counting objects:  71% (131/184)        
2021-06-10T14:59:30.0060309Z remote: Counting objects:  72% (133/184)        
2021-06-10T14:59:30.0060966Z remote: Counting objects:  73% (135/184)        
2021-06-10T14:59:30.0061606Z remote: Counting objects:  74% (137/184)        
2021-06-10T14:59:30.0062252Z remote: Counting objects:  75% (138/184)        
2021-06-10T14:59:30.0062896Z remote: Counting objects:  76% (140/184)        
2021-06-10T14:59:30.0063549Z remote: Counting objects:  77% (142/184)        
2021-06-10T14:59:30.0064202Z remote: Counting objects:  78% (144/184)        
2021-06-10T14:59:30.0064841Z remote: Counting objects:  79% (146/184)        
2021-06-10T14:59:30.0065494Z remote: Counting objects:  80% (148/184)        
2021-06-10T14:59:30.0066305Z remote: Counting objects:  81% (150/184)        
2021-06-10T14:59:30.0067010Z remote: Counting objects:  82% (151/184)        
2021-06-10T14:59:30.0067713Z remote: Counting objects:  83% (153/184)        
2021-06-10T14:59:30.0068388Z remote: Counting objects:  84% (155/184)        
2021-06-10T14:59:30.0069083Z remote: Counting objects:  85% (157/184)        
2021-06-10T14:59:30.0069789Z remote: Counting objects:  86% (159/184)        
2021-06-10T14:59:30.0070467Z remote: Counting objects:  87% (161/184)        
2021-06-10T14:59:30.0071164Z remote: Counting objects:  88% (162/184)        
2021-06-10T14:59:30.0071948Z remote: Counting objects:  89% (164/184)        
2021-06-10T14:59:30.0072645Z remote: Counting objects:  90% (166/184)        
2021-06-10T14:59:30.0073341Z remote: Counting objects:  91% (168/184)        
2021-06-10T14:59:30.0074295Z remote: Counting objects:  92% (170/184)        
2021-06-10T14:59:30.0075348Z remote: Counting objects:  93% (172/184)        
2021-06-10T14:59:30.0076035Z remote: Counting objects:  94% (173/184)        
2021-06-10T14:59:30.0076740Z remote: Counting objects:  95% (175/184)        
2021-06-10T14:59:30.0077436Z remote: Counting objects:  96% (177/184)        
2021-06-10T14:59:30.0078118Z remote: Counting objects:  97% (179/184)        
2021-06-10T14:59:30.0078820Z remote: Counting objects:  98% (181/184)        
2021-06-10T14:59:30.0079517Z remote: Counting objects:  99% (183/184)        
2021-06-10T14:59:30.0080217Z remote: Counting objects: 100% (184/184)        
2021-06-10T14:59:30.0080951Z remote: Counting objects: 100% (184/184), done.        
2021-06-10T14:59:30.0081703Z remote: Compressing objects:   1% (1/99)        
2021-06-10T14:59:30.0082459Z remote: Compressing objects:   2% (2/99)        
2021-06-10T14:59:30.0083296Z remote: Compressing objects:   3% (3/99)        
2021-06-10T14:59:30.0083973Z remote: Compressing objects:   4% (4/99)        
2021-06-10T14:59:30.0084668Z remote: Compressing objects:   5% (5/99)        
2021-06-10T14:59:30.0085348Z remote: Compressing objects:   6% (6/99)        
2021-06-10T14:59:30.0086042Z remote: Compressing objects:   7% (7/99)        
2021-06-10T14:59:30.0086740Z remote: Compressing objects:   8% (8/99)        
2021-06-10T14:59:30.0087419Z remote: Compressing objects:   9% (9/99)        
2021-06-10T14:59:30.0088123Z remote: Compressing objects:  10% (10/99)        
2021-06-10T14:59:30.0089122Z remote: Compressing objects:  11% (11/99)        
2021-06-10T14:59:30.0089899Z remote: Compressing objects:  12% (12/99)        
2021-06-10T14:59:30.0090655Z remote: Compressing objects:  13% (13/99)        
2021-06-10T14:59:30.0091397Z remote: Compressing objects:  14% (14/99)        
2021-06-10T14:59:30.0092151Z remote: Compressing objects:  15% (15/99)        
2021-06-10T14:59:30.0092882Z remote: Compressing objects:  16% (16/99)        
2021-06-10T14:59:30.0093627Z remote: Compressing objects:  17% (17/99)        
2021-06-10T14:59:30.0094379Z remote: Compressing objects:  18% (18/99)        
2021-06-10T14:59:30.0095110Z remote: Compressing objects:  19% (19/99)        
2021-06-10T14:59:30.0095868Z remote: Compressing objects:  20% (20/99)        
2021-06-10T14:59:30.0096617Z remote: Compressing objects:  21% (21/99)        
2021-06-10T14:59:30.0097345Z remote: Compressing objects:  22% (22/99)        
2021-06-10T14:59:30.0098097Z remote: Compressing objects:  23% (23/99)        
2021-06-10T14:59:30.0098840Z remote: Compressing objects:  24% (24/99)        
2021-06-10T14:59:30.0099677Z remote: Compressing objects:  25% (25/99)        
2021-06-10T14:59:30.0100400Z remote: Compressing objects:  26% (26/99)        
2021-06-10T14:59:30.0101087Z remote: Compressing objects:  27% (27/99)        
2021-06-10T14:59:30.0101788Z remote: Compressing objects:  28% (28/99)        
2021-06-10T14:59:30.0102465Z remote: Compressing objects:  29% (29/99)        
2021-06-10T14:59:30.0103161Z remote: Compressing objects:  30% (30/99)        
2021-06-10T14:59:30.0103856Z remote: Compressing objects:  31% (31/99)        
2021-06-10T14:59:30.0104536Z remote: Compressing objects:  32% (32/99)        
2021-06-10T14:59:30.0105233Z remote: Compressing objects:  33% (33/99)        
2021-06-10T14:59:30.0105912Z remote: Compressing objects:  34% (34/99)        
2021-06-10T14:59:30.0106607Z remote: Compressing objects:  35% (35/99)        
2021-06-10T14:59:30.0107305Z remote: Compressing objects:  36% (36/99)        
2021-06-10T14:59:30.0107988Z remote: Compressing objects:  37% (37/99)        
2021-06-10T14:59:30.0108683Z remote: Compressing objects:  38% (38/99)        
2021-06-10T14:59:30.0109387Z remote: Compressing objects:  39% (39/99)        
2021-06-10T14:59:30.0110165Z remote: Compressing objects:  40% (40/99)        
2021-06-10T14:59:30.0110861Z remote: Compressing objects:  41% (41/99)        
2021-06-10T14:59:30.0111544Z remote: Compressing objects:  42% (42/99)        
2021-06-10T14:59:30.0112244Z remote: Compressing objects:  43% (43/99)        
2021-06-10T14:59:30.0112942Z remote: Compressing objects:  44% (44/99)        
2021-06-10T14:59:30.0113618Z remote: Compressing objects:  45% (45/99)        
2021-06-10T14:59:30.0114468Z remote: Compressing objects:  46% (46/99)        
2021-06-10T14:59:30.0115156Z remote: Compressing objects:  47% (47/99)        
2021-06-10T14:59:30.0115857Z remote: Compressing objects:  48% (48/99)        
2021-06-10T14:59:30.0116772Z remote: Compressing objects:  49% (49/99)        
2021-06-10T14:59:30.0117510Z remote: Compressing objects:  50% (50/99)        
2021-06-10T14:59:30.0118262Z remote: Compressing objects:  51% (51/99)        
2021-06-10T14:59:30.0119007Z remote: Compressing objects:  52% (52/99)        
2021-06-10T14:59:30.0119740Z remote: Compressing objects:  53% (53/99)        
2021-06-10T14:59:30.0120489Z remote: Compressing objects:  54% (54/99)        
2021-06-10T14:59:30.0121217Z remote: Compressing objects:  55% (55/99)        
2021-06-10T14:59:30.0121965Z remote: Compressing objects:  56% (56/99)        
2021-06-10T14:59:30.0122717Z remote: Compressing objects:  57% (57/99)        
2021-06-10T14:59:30.0123443Z remote: Compressing objects:  58% (58/99)        
2021-06-10T14:59:30.0124196Z remote: Compressing objects:  59% (59/99)        
2021-06-10T14:59:30.0124928Z remote: Compressing objects:  60% (60/99)        
2021-06-10T14:59:30.0125677Z remote: Compressing objects:  61% (61/99)        
2021-06-10T14:59:30.0126420Z remote: Compressing objects:  62% (62/99)        
2021-06-10T14:59:30.0127240Z remote: Compressing objects:  63% (63/99)        
2021-06-10T14:59:30.0128008Z remote: Compressing objects:  64% (64/99)        
2021-06-10T14:59:30.0128737Z remote: Compressing objects:  65% (65/99)        
2021-06-10T14:59:30.0129494Z remote: Compressing objects:  66% (66/99)        
2021-06-10T14:59:30.0130513Z remote: Compressing objects:  67% (67/99)        
2021-06-10T14:59:30.0131655Z remote: Compressing objects:  68% (68/99)        
2021-06-10T14:59:30.0132815Z remote: Compressing objects:  69% (69/99)        
2021-06-10T14:59:30.0133588Z remote: Compressing objects:  70% (70/99)        
2021-06-10T14:59:30.0134327Z remote: Compressing objects:  71% (71/99)        
2021-06-10T14:59:30.0135084Z remote: Compressing objects:  72% (72/99)        
2021-06-10T14:59:30.0135819Z remote: Compressing objects:  73% (73/99)        
2021-06-10T14:59:30.0136568Z remote: Compressing objects:  74% (74/99)        
2021-06-10T14:59:30.0137330Z remote: Compressing objects:  75% (75/99)        
2021-06-10T14:59:30.0138061Z remote: Compressing objects:  76% (76/99)        
2021-06-10T14:59:30.0138807Z remote: Compressing objects:  77% (77/99)        
2021-06-10T14:59:30.0139540Z remote: Compressing objects:  78% (78/99)        
2021-06-10T14:59:30.0140311Z remote: Compressing objects:  79% (79/99)        
2021-06-10T14:59:30.0141061Z remote: Compressing objects:  80% (80/99)        
2021-06-10T14:59:30.0141795Z remote: Compressing objects:  81% (81/99)        
2021-06-10T14:59:30.0142545Z remote: Compressing objects:  82% (82/99)        
2021-06-10T14:59:30.0143277Z remote: Compressing objects:  83% (83/99)        
2021-06-10T14:59:30.0144023Z remote: Compressing objects:  84% (84/99)        
2021-06-10T14:59:30.0144778Z remote: Compressing objects:  85% (85/99)        
2021-06-10T14:59:30.0145508Z remote: Compressing objects:  86% (86/99)        
2021-06-10T14:59:30.0146259Z remote: Compressing objects:  87% (87/99)        
2021-06-10T14:59:30.0147015Z remote: Compressing objects:  88% (88/99)        
2021-06-10T14:59:30.0147777Z remote: Compressing objects:  89% (89/99)        
2021-06-10T14:59:30.0148504Z remote: Compressing objects:  90% (90/99)        
2021-06-10T14:59:30.0149252Z remote: Compressing objects:  91% (91/99)        
2021-06-10T14:59:30.0150163Z remote: Compressing objects:  92% (92/99)        
2021-06-10T14:59:30.0150994Z remote: Compressing objects:  93% (93/99)        
2021-06-10T14:59:30.0151691Z remote: Compressing objects:  94% (94/99)        
2021-06-10T14:59:30.0152370Z remote: Compressing objects:  95% (95/99)        
2021-06-10T14:59:30.0153071Z remote: Compressing objects:  96% (96/99)        
2021-06-10T14:59:30.0153769Z remote: Compressing objects:  97% (97/99)        
2021-06-10T14:59:30.0154772Z remote: Compressing objects:  98% (98/99)        
2021-06-10T14:59:30.0155478Z remote: Compressing objects: 100% (99/99)        
2021-06-10T14:59:30.0156191Z remote: Compressing objects: 100% (99/99), done.        
2021-06-10T14:59:30.0156870Z Receiving objects:   0% (1/530)
2021-06-10T14:59:30.0157487Z Receiving objects:   1% (6/530)
2021-06-10T14:59:30.0158270Z Receiving objects:   2% (11/530)
2021-06-10T14:59:30.0158919Z Receiving objects:   3% (16/530)
2021-06-10T14:59:30.0159548Z Receiving objects:   4% (22/530)
2021-06-10T14:59:30.0160204Z Receiving objects:   5% (27/530)
2021-06-10T14:59:30.0160850Z Receiving objects:   6% (32/530)
2021-06-10T14:59:30.0161478Z Receiving objects:   7% (38/530)
2021-06-10T14:59:30.0162124Z Receiving objects:   8% (43/530)
2021-06-10T14:59:30.0162752Z Receiving objects:   9% (48/530)
2021-06-10T14:59:30.0163398Z Receiving objects:  10% (53/530)
2021-06-10T14:59:30.0164048Z Receiving objects:  11% (59/530)
2021-06-10T14:59:30.0164681Z Receiving objects:  12% (64/530)
2021-06-10T14:59:30.0165326Z Receiving objects:  13% (69/530)
2021-06-10T14:59:30.0165950Z Receiving objects:  14% (75/530)
2021-06-10T14:59:30.0166590Z Receiving objects:  15% (80/530)
2021-06-10T14:59:30.0167240Z Receiving objects:  16% (85/530)
2021-06-10T14:59:30.0167972Z Receiving objects:  17% (91/530)
2021-06-10T14:59:30.0168632Z Receiving objects:  18% (96/530)
2021-06-10T14:59:30.0169261Z Receiving objects:  19% (101/530)
2021-06-10T14:59:30.0169907Z Receiving objects:  20% (106/530)
2021-06-10T14:59:30.0170553Z Receiving objects:  21% (112/530)
2021-06-10T14:59:30.0171193Z Receiving objects:  22% (117/530)
2021-06-10T14:59:30.0171835Z Receiving objects:  23% (122/530)
2021-06-10T14:59:30.0172492Z Receiving objects:  24% (128/530)
2021-06-10T14:59:30.0173150Z Receiving objects:  25% (133/530)
2021-06-10T14:59:30.0173790Z Receiving objects:  26% (138/530)
2021-06-10T14:59:30.0174413Z Receiving objects:  27% (144/530)
2021-06-10T14:59:30.0175064Z Receiving objects:  28% (149/530)
2021-06-10T14:59:30.0175686Z Receiving objects:  29% (154/530)
2021-06-10T14:59:30.0176326Z Receiving objects:  30% (159/530)
2021-06-10T14:59:30.0176968Z Receiving objects:  31% (165/530)
2021-06-10T14:59:30.0177667Z Receiving objects:  32% (170/530)
2021-06-10T14:59:30.0178271Z Receiving objects:  33% (175/530)
2021-06-10T14:59:30.0178857Z Receiving objects:  34% (181/530)
2021-06-10T14:59:30.0179456Z Receiving objects:  35% (186/530)
2021-06-10T14:59:30.0180053Z Receiving objects:  36% (191/530)
2021-06-10T14:59:30.0180635Z Receiving objects:  37% (197/530)
2021-06-10T14:59:30.0181243Z Receiving objects:  38% (202/530)
2021-06-10T14:59:30.0181828Z Receiving objects:  39% (207/530)
2021-06-10T14:59:30.0182432Z Receiving objects:  40% (212/530)
2021-06-10T14:59:30.0183025Z Receiving objects:  41% (218/530)
2021-06-10T14:59:30.0183607Z Receiving objects:  42% (223/530)
2021-06-10T14:59:30.0184206Z Receiving objects:  43% (228/530)
2021-06-10T14:59:30.0184784Z Receiving objects:  44% (234/530)
2021-06-10T14:59:30.0185382Z Receiving objects:  45% (239/530)
2021-06-10T14:59:30.0185978Z Receiving objects:  46% (244/530)
2021-06-10T14:59:30.0186553Z Receiving objects:  47% (250/530)
2021-06-10T14:59:30.0187154Z Receiving objects:  48% (255/530)
2021-06-10T14:59:30.0187734Z Receiving objects:  49% (260/530)
2021-06-10T14:59:30.0188337Z Receiving objects:  50% (265/530)
2021-06-10T14:59:30.0188933Z Receiving objects:  51% (271/530)
2021-06-10T14:59:30.0189516Z Receiving objects:  52% (276/530)
2021-06-10T14:59:30.0190113Z Receiving objects:  53% (281/530)
2021-06-10T14:59:30.0190796Z Receiving objects:  54% (287/530)
2021-06-10T14:59:30.0191401Z Receiving objects:  55% (292/530)
2021-06-10T14:59:30.0191995Z Receiving objects:  56% (297/530)
2021-06-10T14:59:30.0192577Z Receiving objects:  57% (303/530)
2021-06-10T14:59:30.0193187Z Receiving objects:  58% (308/530)
2021-06-10T14:59:30.0193769Z Receiving objects:  59% (313/530)
2021-06-10T14:59:30.0194509Z Receiving objects:  60% (318/530)
2021-06-10T14:59:30.0195113Z Receiving objects:  61% (324/530)
2021-06-10T14:59:30.0195696Z Receiving objects:  62% (329/530)
2021-06-10T14:59:30.0196297Z Receiving objects:  63% (334/530)
2021-06-10T14:59:30.0196887Z Receiving objects:  64% (340/530)
2021-06-10T14:59:30.0197484Z Receiving objects:  65% (345/530)
2021-06-10T14:59:30.0198094Z Receiving objects:  66% (350/530)
2021-06-10T14:59:30.0198683Z Receiving objects:  67% (356/530)
2021-06-10T14:59:30.0199289Z Receiving objects:  68% (361/530)
2021-06-10T14:59:30.0199870Z Receiving objects:  69% (366/530)
2021-06-10T14:59:30.0200476Z Receiving objects:  70% (371/530)
2021-06-10T14:59:30.0201073Z Receiving objects:  71% (377/530)
2021-06-10T14:59:30.0201654Z Receiving objects:  72% (382/530)
2021-06-10T14:59:30.0202258Z Receiving objects:  73% (387/530)
2021-06-10T14:59:30.0202844Z Receiving objects:  74% (393/530)
2021-06-10T14:59:30.0203444Z Receiving objects:  75% (398/530)
2021-06-10T14:59:30.0204041Z Receiving objects:  76% (403/530)
2021-06-10T14:59:30.0204625Z Receiving objects:  77% (409/530)
2021-06-10T14:59:30.0205402Z Receiving objects:  78% (414/530)
2021-06-10T14:59:30.0206104Z Receiving objects:  79% (419/530)
2021-06-10T14:59:30.0206836Z Receiving objects:  80% (424/530)
2021-06-10T14:59:30.0207432Z Receiving objects:  81% (430/530)
2021-06-10T14:59:30.0208133Z Receiving objects:  82% (435/530)
2021-06-10T14:59:30.0208753Z Receiving objects:  83% (440/530)
2021-06-10T14:59:30.0209336Z Receiving objects:  84% (446/530)
2021-06-10T14:59:30.0209937Z Receiving objects:  85% (451/530)
2021-06-10T14:59:30.0210533Z Receiving objects:  86% (456/530)
2021-06-10T14:59:30.0211126Z Receiving objects:  87% (462/530)
2021-06-10T14:59:30.0211726Z Receiving objects:  88% (467/530)
2021-06-10T14:59:30.0212306Z Receiving objects:  89% (472/530)
2021-06-10T14:59:30.0212908Z Receiving objects:  90% (477/530)
2021-06-10T14:59:30.0213504Z Receiving objects:  91% (483/530)
2021-06-10T14:59:30.0214644Z remote: Total 530 (delta 94), reused 89 (delta 80), pack-reused 346        
2021-06-10T14:59:30.0215395Z Receiving objects:  92% (488/530)
2021-06-10T14:59:30.0215980Z Receiving objects:  93% (493/530)
2021-06-10T14:59:30.0216787Z Receiving objects:  94% (499/530)
2021-06-10T14:59:30.0217429Z Receiving objects:  95% (504/530)
2021-06-10T14:59:30.0218058Z Receiving objects:  96% (509/530)
2021-06-10T14:59:30.0218706Z Receiving objects:  97% (515/530)
2021-06-10T14:59:30.0219334Z Receiving objects:  98% (520/530)
2021-06-10T14:59:30.0219977Z Receiving objects:  99% (525/530)
2021-06-10T14:59:30.0220620Z Receiving objects: 100% (530/530)
2021-06-10T14:59:30.0221330Z Receiving objects: 100% (530/530), 154.23 KiB | 6.71 MiB/s, done.
2021-06-10T14:59:30.0222040Z Resolving deltas:   0% (0/274)
2021-06-10T14:59:30.0222667Z Resolving deltas:   1% (3/274)
2021-06-10T14:59:30.0223277Z Resolving deltas:   2% (6/274)
2021-06-10T14:59:30.0223904Z Resolving deltas:   3% (9/274)
2021-06-10T14:59:30.0224515Z Resolving deltas:   4% (11/274)
2021-06-10T14:59:30.0225146Z Resolving deltas:   5% (14/274)
2021-06-10T14:59:30.0225755Z Resolving deltas:   6% (17/274)
2021-06-10T14:59:30.0226388Z Resolving deltas:   7% (20/274)
2021-06-10T14:59:30.0227010Z Resolving deltas:   8% (22/274)
2021-06-10T14:59:30.0227623Z Resolving deltas:   9% (25/274)
2021-06-10T14:59:30.0228323Z Resolving deltas:  10% (28/274)
2021-06-10T14:59:30.0228908Z Resolving deltas:  11% (31/274)
2021-06-10T14:59:30.0229496Z Resolving deltas:  12% (33/274)
2021-06-10T14:59:30.0230074Z Resolving deltas:  13% (36/274)
2021-06-10T14:59:30.0230637Z Resolving deltas:  14% (39/274)
2021-06-10T14:59:30.0231348Z Resolving deltas:  15% (42/274)
2021-06-10T14:59:30.0231917Z Resolving deltas:  16% (44/274)
2021-06-10T14:59:30.0232683Z Resolving deltas:  17% (47/274)
2021-06-10T14:59:30.0234359Z Resolving deltas:  18% (50/274)
2021-06-10T14:59:30.0234882Z Resolving deltas:  19% (53/274)
2021-06-10T14:59:30.0235401Z Resolving deltas:  20% (55/274)
2021-06-10T14:59:30.0235912Z Resolving deltas:  21% (58/274)
2021-06-10T14:59:30.0236411Z Resolving deltas:  22% (61/274)
2021-06-10T14:59:30.0236923Z Resolving deltas:  23% (64/274)
2021-06-10T14:59:30.0237416Z Resolving deltas:  24% (66/274)
2021-06-10T14:59:30.0237925Z Resolving deltas:  25% (69/274)
2021-06-10T14:59:30.0238420Z Resolving deltas:  26% (72/274)
2021-06-10T14:59:30.0238927Z Resolving deltas:  27% (74/274)
2021-06-10T14:59:30.0239435Z Resolving deltas:  28% (77/274)
2021-06-10T14:59:30.0239940Z Resolving deltas:  29% (80/274)
2021-06-10T14:59:30.0240436Z Resolving deltas:  30% (83/274)
2021-06-10T14:59:30.0240940Z Resolving deltas:  31% (85/274)
2021-06-10T14:59:30.0241460Z Resolving deltas:  32% (88/274)
2021-06-10T14:59:30.0241954Z Resolving deltas:  33% (91/274)
2021-06-10T14:59:30.0242457Z Resolving deltas:  34% (94/274)
2021-06-10T14:59:30.0242949Z Resolving deltas:  35% (96/274)
2021-06-10T14:59:30.0243456Z Resolving deltas:  36% (99/274)
2021-06-10T14:59:30.0243951Z Resolving deltas:  37% (102/274)
2021-06-10T14:59:30.0244470Z Resolving deltas:  38% (105/274)
2021-06-10T14:59:30.0245083Z Resolving deltas:  39% (107/274)
2021-06-10T14:59:30.0245562Z Resolving deltas:  40% (110/274)
2021-06-10T14:59:30.0246024Z Resolving deltas:  41% (113/274)
2021-06-10T14:59:30.0246499Z Resolving deltas:  42% (116/274)
2021-06-10T14:59:30.0246962Z Resolving deltas:  43% (118/274)
2021-06-10T14:59:30.0247570Z Resolving deltas:  44% (121/274)
2021-06-10T14:59:30.0248057Z Resolving deltas:  45% (124/274)
2021-06-10T14:59:30.0248521Z Resolving deltas:  46% (127/274)
2021-06-10T14:59:30.0248997Z Resolving deltas:  47% (129/274)
2021-06-10T14:59:30.0249460Z Resolving deltas:  48% (132/274)
2021-06-10T14:59:30.0249947Z Resolving deltas:  49% (135/274)
2021-06-10T14:59:30.0250410Z Resolving deltas:  50% (137/274)
2021-06-10T14:59:30.0250889Z Resolving deltas:  51% (140/274)
2021-06-10T14:59:30.0251355Z Resolving deltas:  52% (143/274)
2021-06-10T14:59:30.0251833Z Resolving deltas:  53% (146/274)
2021-06-10T14:59:30.0252295Z Resolving deltas:  54% (148/274)
2021-06-10T14:59:30.0252769Z Resolving deltas:  55% (151/274)
2021-06-10T14:59:30.0253230Z Resolving deltas:  56% (154/274)
2021-06-10T14:59:30.0253707Z Resolving deltas:  57% (157/274)
2021-06-10T14:59:30.0254179Z Resolving deltas:  58% (159/274)
2021-06-10T14:59:30.0254639Z Resolving deltas:  59% (162/274)
2021-06-10T14:59:30.0255110Z Resolving deltas:  60% (165/274)
2021-06-10T14:59:30.0255576Z Resolving deltas:  61% (168/274)
2021-06-10T14:59:30.0256045Z Resolving deltas:  62% (170/274)
2021-06-10T14:59:30.0256507Z Resolving deltas:  63% (173/274)
2021-06-10T14:59:30.0256981Z Resolving deltas:  64% (176/274)
2021-06-10T14:59:30.0257448Z Resolving deltas:  65% (179/274)
2021-06-10T14:59:30.0257923Z Resolving deltas:  66% (181/274)
2021-06-10T14:59:30.0258385Z Resolving deltas:  67% (184/274)
2021-06-10T14:59:30.0258858Z Resolving deltas:  68% (187/274)
2021-06-10T14:59:30.0259334Z Resolving deltas:  69% (190/274)
2021-06-10T14:59:30.0259793Z Resolving deltas:  70% (192/274)
2021-06-10T14:59:30.0260266Z Resolving deltas:  71% (195/274)
2021-06-10T14:59:30.0260728Z Resolving deltas:  72% (198/274)
2021-06-10T14:59:30.0261201Z Resolving deltas:  73% (201/274)
2021-06-10T14:59:30.0261665Z Resolving deltas:  74% (203/274)
2021-06-10T14:59:30.0262136Z Resolving deltas:  75% (206/274)
2021-06-10T14:59:30.0262594Z Resolving deltas:  76% (209/274)
2021-06-10T14:59:30.0263072Z Resolving deltas:  77% (211/274)
2021-06-10T14:59:30.0263534Z Resolving deltas:  78% (214/274)
2021-06-10T14:59:30.0264007Z Resolving deltas:  79% (217/274)
2021-06-10T14:59:30.0264469Z Resolving deltas:  80% (220/274)
2021-06-10T14:59:30.0264943Z Resolving deltas:  81% (222/274)
2021-06-10T14:59:30.0265491Z Resolving deltas:  82% (225/274)
2021-06-10T14:59:30.0265948Z Resolving deltas:  83% (228/274)
2021-06-10T14:59:30.0266425Z Resolving deltas:  84% (231/274)
2021-06-10T14:59:30.0267025Z Resolving deltas:  85% (233/274)
2021-06-10T14:59:30.0267693Z Resolving deltas:  86% (236/274)
2021-06-10T14:59:30.0268163Z Resolving deltas:  87% (239/274)
2021-06-10T14:59:30.0268639Z Resolving deltas:  88% (242/274)
2021-06-10T14:59:30.0269105Z Resolving deltas:  89% (244/274)
2021-06-10T14:59:30.0269579Z Resolving deltas:  90% (247/274)
2021-06-10T14:59:30.0270040Z Resolving deltas:  91% (250/274)
2021-06-10T14:59:30.0271028Z Resolving deltas:  92% (253/274)
2021-06-10T14:59:30.0271999Z Resolving deltas:  93% (255/274)
2021-06-10T14:59:30.0272519Z Resolving deltas:  94% (258/274)
2021-06-10T14:59:30.0273035Z Resolving deltas:  95% (261/274)
2021-06-10T14:59:30.0273538Z Resolving deltas:  96% (264/274)
2021-06-10T14:59:30.0274204Z Resolving deltas:  97% (266/274)
2021-06-10T14:59:30.0274722Z Resolving deltas:  98% (269/274)
2021-06-10T14:59:30.0275233Z Resolving deltas:  99% (272/274)
2021-06-10T14:59:30.0275902Z Resolving deltas: 100% (274/274)
2021-06-10T14:59:30.0276559Z Resolving deltas: 100% (274/274), done.
2021-06-10T14:59:30.0277391Z From https://github.com/con/tinuous
2021-06-10T14:59:30.0278543Z  * [new branch]      gh-55         -> origin/gh-55
2021-06-10T14:59:30.0279542Z  * [new branch]      gh-82         -> origin/gh-82
2021-06-10T14:59:30.0280462Z  * [new branch]      master        -> origin/master
2021-06-10T14:59:30.0281526Z  * [new branch]      test-appveyor -> origin/test-appveyor
2021-06-10T14:59:30.0282493Z  * [new tag]         0.1.0         -> 0.1.0
2021-06-10T14:59:30.0283246Z  * [new tag]         0.2.0         -> 0.2.0
2021-06-10T14:59:30.0284320Z [command]/usr/bin/git branch --list --remote origin/master
2021-06-10T14:59:30.0285118Z   origin/master
2021-06-10T14:59:30.0286052Z [command]/usr/bin/git rev-parse refs/remotes/origin/master
2021-06-10T14:59:30.0286928Z 816502c8f63f2772c9458d24c7113590a6dc4d58
2021-06-10T14:59:30.0287664Z ##[endgroup]
2021-06-10T14:59:30.0288361Z ##[group]Determining the checkout info
2021-06-10T14:59:30.0289139Z ##[endgroup]
2021-06-10T14:59:30.0289700Z ##[group]Checking out the ref
2021-06-10T14:59:30.0290766Z [command]/usr/bin/git checkout --progress --force -B master refs/remotes/origin/master
2021-06-10T14:59:30.0291730Z Reset branch 'master'
2021-06-10T14:59:30.0292665Z Branch 'master' set up to track remote branch 'master' from 'origin'.
2021-06-10T14:59:30.0293386Z ##[endgroup]
2021-06-10T14:59:30.0294136Z [command]/usr/bin/git log -1 --format='%H'
2021-06-10T14:59:30.0295025Z '816502c8f63f2772c9458d24c7113590a6dc4d58'
2021-06-10T14:59:30.0373158Z ##[group]Run actions/setup-python@v2
2021-06-10T14:59:30.0373780Z with:
2021-06-10T14:59:30.0374201Z   python-version: 3.8
2021-06-10T14:59:30.0375484Z   token: ***
2021-06-10T14:59:30.0375861Z ##[endgroup]
2021-06-10T14:59:30.1111627Z Successfully setup CPython (3.8.10)
2021-06-10T14:59:30.1180075Z ##[group]Run python -m pip install --upgrade pip wheel
2021-06-10T14:59:30.1180975Z [36;1mpython -m pip install --upgrade pip wheel[0m
2021-06-10T14:59:30.1181824Z [36;1mpython -m pip install --upgrade --upgrade-strategy=eager tox[0m
2021-06-10T14:59:30.1228969Z shell: /usr/bin/bash -e {0}
2021-06-10T14:59:30.1229460Z env:
2021-06-10T14:59:30.1230164Z   pythonLocation: /opt/hostedtoolcache/Python/3.8.10/x64
2021-06-10T14:59:30.1231033Z   LD_LIBRARY_PATH: /opt/hostedtoolcache/Python/3.8.10/x64/lib
2021-06-10T14:59:30.1231757Z ##[endgroup]
2021-06-10T14:59:30.6859410Z Requirement already satisfied: pip in /opt/hostedtoolcache/Python/3.8.10/x64/lib/python3.8/site-packages (21.1.2)
2021-06-10T14:59:30.8827568Z Collecting wheel
2021-06-10T14:59:30.9256569Z   Downloading wheel-0.36.2-py2.py3-none-any.whl (35 kB)
2021-06-10T14:59:30.9828277Z Installing collected packages: wheel
2021-06-10T14:59:31.0328535Z Successfully installed wheel-0.36.2
2021-06-10T14:59:31.7510408Z Collecting tox
2021-06-10T14:59:31.7901125Z   Downloading tox-3.23.1-py2.py3-none-any.whl (85 kB)
2021-06-10T14:59:31.8560491Z Collecting filelock>=3.0.0
2021-06-10T14:59:31.8642911Z   Downloading filelock-3.0.12-py3-none-any.whl (7.6 kB)
2021-06-10T14:59:31.9117589Z Collecting six>=1.14.0
2021-06-10T14:59:31.9199711Z   Downloading six-1.16.0-py2.py3-none-any.whl (11 kB)
2021-06-10T14:59:31.9456475Z Collecting toml>=0.9.4
2021-06-10T14:59:31.9533323Z   Downloading toml-0.10.2-py2.py3-none-any.whl (16 kB)
2021-06-10T14:59:31.9896186Z Collecting pluggy>=0.12.0
2021-06-10T14:59:31.9971841Z   Downloading pluggy-0.13.1-py2.py3-none-any.whl (18 kB)
2021-06-10T14:59:32.0464480Z Collecting py>=1.4.17
2021-06-10T14:59:32.0545729Z   Downloading py-1.10.0-py2.py3-none-any.whl (97 kB)
2021-06-10T14:59:32.1137040Z Collecting packaging>=14
2021-06-10T14:59:32.1216841Z   Downloading packaging-20.9-py2.py3-none-any.whl (40 kB)
2021-06-10T14:59:32.3360029Z Collecting virtualenv!=20.0.0,!=20.0.1,!=20.0.2,!=20.0.3,!=20.0.4,!=20.0.5,!=20.0.6,!=20.0.7,>=16.0.0
2021-06-10T14:59:32.3442469Z   Downloading virtualenv-20.4.7-py2.py3-none-any.whl (7.2 MB)
2021-06-10T14:59:32.6647863Z Collecting pyparsing>=2.0.2
2021-06-10T14:59:32.6732592Z   Downloading pyparsing-2.4.7-py2.py3-none-any.whl (67 kB)
2021-06-10T14:59:32.7533288Z Collecting distlib<1,>=0.3.1
2021-06-10T14:59:32.7632872Z   Downloading distlib-0.3.2-py2.py3-none-any.whl (338 kB)
2021-06-10T14:59:32.7994599Z Collecting appdirs<2,>=1.4.3
2021-06-10T14:59:32.8072698Z   Downloading appdirs-1.4.4-py2.py3-none-any.whl (9.6 kB)
2021-06-10T14:59:32.9138861Z Installing collected packages: six, pyparsing, filelock, distlib, appdirs, virtualenv, toml, py, pluggy, packaging, tox
2021-06-10T14:59:33.4987086Z Successfully installed appdirs-1.4.4 distlib-0.3.2 filelock-3.0.12 packaging-20.9 pluggy-0.13.1 py-1.10.0 pyparsing-2.4.7 six-1.16.0 toml-0.10.2 tox-3.23.1 virtualenv-20.4.7
2021-06-10T14:59:33.5910548Z ##[group]Run tox -e lint
2021-06-10T14:59:33.5911107Z [36;1mtox -e lint[0m
2021-06-10T14:59:33.5952605Z shell: /usr/bin/bash -e {0}
2021-06-10T14:59:33.5953033Z env:
2021-06-10T14:59:33.5953598Z   pythonLocation: /opt/hostedtoolcache/Python/3.8.10/x64
2021-06-10T14:59:33.5954594Z   LD_LIBRARY_PATH: /opt/hostedtoolcache/Python/3.8.10/x64/lib
2021-06-10T14:59:33.5955168Z ##[endgroup]
2021-06-10T14:59:33.8445996Z lint create: /home/runner/work/tinuous/tinuous/.tox/lint
2021-06-10T14:59:34.5088762Z lint installdeps: flake8~=3.7, flake8-bugbear, flake8-builtins~=1.4, flake8-import-order-jwodder, flake8-unused-arguments
2021-06-10T14:59:38.7805476Z lint installed: attrs==21.2.0,flake8==3.9.2,flake8-bugbear==21.4.3,flake8-builtins==1.5.3,flake8-import-order==0.18.1,flake8-import-order-jwodder==0.1.0,flake8-unused-arguments==0.0.6,mccabe==0.6.1,pycodestyle==2.7.0,pyflakes==2.3.1
2021-06-10T14:59:38.7809335Z lint run-test-pre: PYTHONHASHSEED='3757630053'
2021-06-10T14:59:38.7827427Z lint run-test: commands[0] | flake8 --config=tox.ini src test
2021-06-10T14:59:39.9630501Z ___________________________________ summary ____________________________________
2021-06-10T14:59:39.9669091Z   lint: commands succeeded
2021-06-10T14:59:39.9678035Z   congratulations :)
2021-06-10T14:59:39.9941946Z Post job cleanup.
2021-06-10T14:59:40.0995901Z [command]/usr/bin/git version
2021-06-10T14:59:40.1039115Z git version 2.31.1
2021-06-10T14:59:40.1072175Z [command]/usr/bin/git config --local --name-only --get-regexp core\.sshCommand
2021-06-10T14:59:40.1107547Z [command]/usr/bin/git submodule foreach --recursive git config --local --name-only --get-regexp 'core\.sshCommand' && git config --local --unset-all 'core.sshCommand' || :
2021-06-10T14:59:40.1356561Z [command]/usr/bin/git config --local --name-only --get-regexp http\.https\:\/\/github\.com\/\.extraheader
2021-06-10T14:59:40.1388174Z http.https://github.com/.extraheader
2021-06-10T14:59:40.1390083Z [command]/usr/bin/git config --local --unset-all http.https://github.com/.extraheader
2021-06-10T14:59:40.1417331Z [command]/usr/bin/git submodule foreach --recursive git config --local --name-only --get-regexp 'http\.https\:\/\/github\.com\/\.extraheader' && git config --local --unset-all 'http.https://github.com/.extraheader' || :
2021-06-10T14:59:40.1755386Z Cleaning up orphan processes
