2021-06-10T15:32:25.8943269Z ##[section]Starting: Request a runner to run this job
2021-06-10T15:32:26.1073496Z Can't find any online and idle self-hosted runner in current repository that matches the required labels: 'ubuntu-latest'
2021-06-10T15:32:26.1074186Z Can't find any online and idle self-hosted runner in current repository's account/organization that matches the required labels: 'ubuntu-latest'
2021-06-10T15:32:26.1074477Z Found online and idle hosted runner in current repository's account/organization that matches the required labels: 'ubuntu-latest'
2021-06-10T15:32:26.2552927Z ##[section]Finishing: Request a runner to run this job
2021-06-10T15:32:35.2599114Z Current runner version: '2.278.0'
2021-06-10T15:32:35.2636023Z ##[group]Operating System
2021-06-10T15:32:35.2637029Z Ubuntu
2021-06-10T15:32:35.2637662Z 20.04.2
2021-06-10T15:32:35.2638092Z LTS
2021-06-10T15:32:35.2638599Z ##[endgroup]
2021-06-10T15:32:35.2639158Z ##[group]Virtual Environment
2021-06-10T15:32:35.2639873Z Environment: ubuntu-20.04
2021-06-10T15:32:35.2640502Z Version: 20210606.1
2021-06-10T15:32:35.2641510Z Included Software: https://github.com/actions/virtual-environments/blob/ubuntu20/20210606.1/images/linux/Ubuntu2004-README.md
2021-06-10T15:32:35.2643081Z Image Release: https://github.com/actions/virtual-environments/releases/tag/ubuntu20%2F20210606.1
2021-06-10T15:32:35.2643936Z ##[endgroup]
2021-06-10T15:32:35.2646019Z ##[group]GITHUB_TOKEN Permissions
2021-06-10T15:32:35.2647600Z Actions: write
2021-06-10T15:32:35.2648307Z Checks: write
2021-06-10T15:32:35.2648892Z Contents: write
2021-06-10T15:32:35.2649772Z Deployments: write
2021-06-10T15:32:35.2650483Z Discussions: write
2021-06-10T15:32:35.2651078Z Issues: write
2021-06-10T15:32:35.2651612Z Metadata: read
2021-06-10T15:32:35.2652129Z Packages: write
2021-06-10T15:32:35.2652921Z PullRequests: write
2021-06-10T15:32:35.2653652Z RepositoryProjects: write
2021-06-10T15:32:35.2654278Z SecurityEvents: write
2021-06-10T15:32:35.2654882Z Statuses: write
2021-06-10T15:32:35.2655525Z ##[endgroup]
2021-06-10T15:32:35.2659488Z Prepare workflow directory
2021-06-10T15:32:35.3380626Z Prepare all required actions
2021-06-10T15:32:35.3393435Z Getting action download info
2021-06-10T15:32:35.7806055Z Download action repository 'actions/checkout@v2'
2021-06-10T15:32:37.4298862Z Download action repository 'actions/setup-python@v2'
2021-06-10T15:32:37.7341396Z Download action repository 'codecov/codecov-action@v1'
2021-06-10T15:32:38.2548113Z ##[group]Run actions/checkout@v2
2021-06-10T15:32:38.2548804Z with:
2021-06-10T15:32:38.2549198Z   fetch-depth: 0
2021-06-10T15:32:38.2549657Z   repository: con/tinuous
2021-06-10T15:32:38.2550561Z   token: ***
2021-06-10T15:32:38.2550973Z   ssh-strict: true
2021-06-10T15:32:38.2551473Z   persist-credentials: true
2021-06-10T15:32:38.2551963Z   clean: true
2021-06-10T15:32:38.2552307Z   lfs: false
2021-06-10T15:32:38.2552697Z   submodules: false
2021-06-10T15:32:38.2553098Z ##[endgroup]
2021-06-10T15:32:38.9461140Z Syncing repository: con/tinuous
2021-06-10T15:32:38.9469430Z ##[group]Getting Git version info
2021-06-10T15:32:38.9471397Z Working directory is '/home/runner/work/tinuous/tinuous'
2021-06-10T15:32:38.9473544Z [command]/usr/bin/git version
2021-06-10T15:32:38.9474644Z git version 2.31.1
2021-06-10T15:32:38.9475906Z ##[endgroup]
2021-06-10T15:32:38.9476835Z Deleting the contents of '/home/runner/work/tinuous/tinuous'
2021-06-10T15:32:38.9478574Z ##[group]Initializing the repository
2021-06-10T15:32:38.9479201Z [command]/usr/bin/git init /home/runner/work/tinuous/tinuous
2021-06-10T15:32:38.9480999Z hint: Using 'master' as the name for the initial branch. This default branch name
2021-06-10T15:32:38.9482177Z hint: is subject to change. To configure the initial branch name to use in all
2021-06-10T15:32:38.9483371Z hint: of your new repositories, which will suppress this warning, call:
2021-06-10T15:32:38.9484090Z hint: 
2021-06-10T15:32:38.9484770Z hint: 	git config --global init.defaultBranch <name>
2021-06-10T15:32:38.9485285Z hint: 
2021-06-10T15:32:38.9486236Z hint: Names commonly chosen instead of 'master' are 'main', 'trunk' and
2021-06-10T15:32:38.9488464Z hint: 'development'. The just-created branch can be renamed via this command:
2021-06-10T15:32:38.9489804Z hint: 
2021-06-10T15:32:38.9490832Z hint: 	git branch -m <name>
2021-06-10T15:32:38.9524554Z Initialized empty Git repository in /home/runner/work/tinuous/tinuous/.git/
2021-06-10T15:32:38.9526850Z [command]/usr/bin/git remote add origin https://github.com/con/tinuous
2021-06-10T15:32:38.9528127Z ##[endgroup]
2021-06-10T15:32:38.9528819Z ##[group]Disabling automatic garbage collection
2021-06-10T15:32:38.9529905Z [command]/usr/bin/git config --local gc.auto 0
2021-06-10T15:32:38.9531032Z ##[endgroup]
2021-06-10T15:32:38.9534053Z ##[group]Setting up auth
2021-06-10T15:32:38.9535174Z [command]/usr/bin/git config --local --name-only --get-regexp core\.sshCommand
2021-06-10T15:32:38.9536877Z [command]/usr/bin/git submodule foreach --recursive git config --local --name-only --get-regexp 'core\.sshCommand' && git config --local --unset-all 'core.sshCommand' || :
2021-06-10T15:32:38.9538648Z [command]/usr/bin/git config --local --name-only --get-regexp http\.https\:\/\/github\.com\/\.extraheader
2021-06-10T15:32:38.9540985Z [command]/usr/bin/git submodule foreach --recursive git config --local --name-only --get-regexp 'http\.https\:\/\/github\.com\/\.extraheader' && git config --local --unset-all 'http.https://github.com/.extraheader' || :
2021-06-10T15:32:38.9544774Z [command]/usr/bin/git config --local http.https://github.com/.extraheader AUTHORIZATION: basic ***
2021-06-10T15:32:38.9547038Z ##[endgroup]
2021-06-10T15:32:38.9548080Z ##[group]Fetching the repository
2021-06-10T15:32:38.9551929Z [command]/usr/bin/git -c protocol.version=2 fetch --prune --progress --no-recurse-submodules origin +refs/heads/*:refs/remotes/origin/* +refs/tags/*:refs/tags/* +c58959504f83602705e1c9f62f07b513f0f81978:refs/remotes/pull/89/merge
2021-06-10T15:32:39.1777144Z remote: Enumerating objects: 546, done.        
2021-06-10T15:32:39.1778035Z remote: Counting objects:   0% (1/200)        
2021-06-10T15:32:39.1778510Z remote: Counting objects:   1% (2/200)        
2021-06-10T15:32:39.1779060Z remote: Counting objects:   2% (4/200)        
2021-06-10T15:32:39.1779527Z remote: Counting objects:   3% (6/200)        
2021-06-10T15:32:39.1780414Z remote: Counting objects:   4% (8/200)        
2021-06-10T15:32:39.1781348Z remote: Counting objects:   5% (10/200)        
2021-06-10T15:32:39.1782098Z remote: Counting objects:   6% (12/200)        
2021-06-10T15:32:39.1782656Z remote: Counting objects:   7% (14/200)        
2021-06-10T15:32:39.1783188Z remote: Counting objects:   8% (16/200)        
2021-06-10T15:32:39.1783976Z remote: Counting objects:   9% (18/200)        
2021-06-10T15:32:39.1784783Z remote: Counting objects:  10% (20/200)        
2021-06-10T15:32:39.1785452Z remote: Counting objects:  11% (22/200)        
2021-06-10T15:32:39.1794580Z remote: Counting objects:  12% (24/200)        
2021-06-10T15:32:39.1800642Z remote: Counting objects:  13% (26/200)        
2021-06-10T15:32:39.1801565Z remote: Counting objects:  14% (28/200)        
2021-06-10T15:32:39.1802281Z remote: Counting objects:  15% (30/200)        
2021-06-10T15:32:39.1802994Z remote: Counting objects:  16% (32/200)        
2021-06-10T15:32:39.1804036Z remote: Counting objects:  17% (34/200)        
2021-06-10T15:32:39.1805173Z remote: Counting objects:  18% (36/200)        
2021-06-10T15:32:39.1805839Z remote: Counting objects:  19% (38/200)        
2021-06-10T15:32:39.1806477Z remote: Counting objects:  20% (40/200)        
2021-06-10T15:32:39.1807121Z remote: Counting objects:  21% (42/200)        
2021-06-10T15:32:39.1807767Z remote: Counting objects:  22% (44/200)        
2021-06-10T15:32:39.1808415Z remote: Counting objects:  23% (46/200)        
2021-06-10T15:32:39.1809060Z remote: Counting objects:  24% (48/200)        
2021-06-10T15:32:39.1809697Z remote: Counting objects:  25% (50/200)        
2021-06-10T15:32:39.1810512Z remote: Counting objects:  26% (52/200)        
2021-06-10T15:32:39.1811356Z remote: Counting objects:  27% (54/200)        
2021-06-10T15:32:39.1812171Z remote: Counting objects:  28% (56/200)        
2021-06-10T15:32:39.1813483Z remote: Counting objects:  29% (58/200)        
2021-06-10T15:32:39.1814124Z remote: Counting objects:  30% (60/200)        
2021-06-10T15:32:39.1814770Z remote: Counting objects:  31% (62/200)        
2021-06-10T15:32:39.1815413Z remote: Counting objects:  32% (64/200)        
2021-06-10T15:32:39.1816063Z remote: Counting objects:  33% (66/200)        
2021-06-10T15:32:39.1816707Z remote: Counting objects:  34% (68/200)        
2021-06-10T15:32:39.1817417Z remote: Counting objects:  35% (70/200)        
2021-06-10T15:32:39.1818275Z remote: Counting objects:  36% (72/200)        
2021-06-10T15:32:39.1819009Z remote: Counting objects:  37% (74/200)        
2021-06-10T15:32:39.1819689Z remote: Counting objects:  38% (76/200)        
2021-06-10T15:32:39.1820339Z remote: Counting objects:  39% (78/200)        
2021-06-10T15:32:39.1820980Z remote: Counting objects:  40% (80/200)        
2021-06-10T15:32:39.1821622Z remote: Counting objects:  41% (82/200)        
2021-06-10T15:32:39.1822435Z remote: Counting objects:  42% (84/200)        
2021-06-10T15:32:39.1823496Z remote: Counting objects:  43% (86/200)        
2021-06-10T15:32:39.1825742Z remote: Counting objects:  44% (88/200)        
2021-06-10T15:32:39.1826431Z remote: Counting objects:  45% (90/200)        
2021-06-10T15:32:39.1838584Z remote: Counting objects:  46% (92/200)        
2021-06-10T15:32:39.1839116Z remote: Counting objects:  47% (94/200)        
2021-06-10T15:32:39.1839638Z remote: Counting objects:  48% (96/200)        
2021-06-10T15:32:39.1840149Z remote: Counting objects:  49% (98/200)        
2021-06-10T15:32:39.1840666Z remote: Counting objects:  50% (100/200)        
2021-06-10T15:32:39.1841172Z remote: Counting objects:  51% (102/200)        
2021-06-10T15:32:39.1842072Z remote: Counting objects:  52% (104/200)        
2021-06-10T15:32:39.1843809Z remote: Counting objects:  53% (106/200)        
2021-06-10T15:32:39.1844337Z remote: Counting objects:  54% (108/200)        
2021-06-10T15:32:39.1844855Z remote: Counting objects:  55% (110/200)        
2021-06-10T15:32:39.1845355Z remote: Counting objects:  56% (112/200)        
2021-06-10T15:32:39.1845870Z remote: Counting objects:  57% (114/200)        
2021-06-10T15:32:39.1846563Z remote: Counting objects:  58% (116/200)        
2021-06-10T15:32:39.1847102Z remote: Counting objects:  59% (118/200)        
2021-06-10T15:32:39.1847600Z remote: Counting objects:  60% (120/200)        
2021-06-10T15:32:39.1848113Z remote: Counting objects:  61% (122/200)        
2021-06-10T15:32:39.1848752Z remote: Counting objects:  62% (124/200)        
2021-06-10T15:32:39.1849252Z remote: Counting objects:  63% (126/200)        
2021-06-10T15:32:39.1849828Z remote: Counting objects:  64% (128/200)        
2021-06-10T15:32:39.1850328Z remote: Counting objects:  65% (130/200)        
2021-06-10T15:32:39.1851175Z remote: Counting objects:  66% (132/200)        
2021-06-10T15:32:39.1851672Z remote: Counting objects:  67% (134/200)        
2021-06-10T15:32:39.1852214Z remote: Counting objects:  68% (136/200)        
2021-06-10T15:32:39.1853148Z remote: Counting objects:  69% (138/200)        
2021-06-10T15:32:39.1853822Z remote: Counting objects:  70% (140/200)        
2021-06-10T15:32:39.1854327Z remote: Counting objects:  71% (142/200)        
2021-06-10T15:32:39.1854811Z remote: Counting objects:  72% (144/200)        
2021-06-10T15:32:39.1855303Z remote: Counting objects:  73% (146/200)        
2021-06-10T15:32:39.1855786Z remote: Counting objects:  74% (148/200)        
2021-06-10T15:32:39.1856288Z remote: Counting objects:  75% (150/200)        
2021-06-10T15:32:39.1856770Z remote: Counting objects:  76% (152/200)        
2021-06-10T15:32:39.1857751Z remote: Counting objects:  77% (154/200)        
2021-06-10T15:32:39.1858289Z remote: Counting objects:  78% (156/200)        
2021-06-10T15:32:39.1858771Z remote: Counting objects:  79% (158/200)        
2021-06-10T15:32:39.1859332Z remote: Counting objects:  80% (160/200)        
2021-06-10T15:32:39.1859815Z remote: Counting objects:  81% (162/200)        
2021-06-10T15:32:39.1860425Z remote: Counting objects:  82% (164/200)        
2021-06-10T15:32:39.1860906Z remote: Counting objects:  83% (166/200)        
2021-06-10T15:32:39.1861401Z remote: Counting objects:  84% (168/200)        
2021-06-10T15:32:39.1861891Z remote: Counting objects:  85% (170/200)        
2021-06-10T15:32:39.1862392Z remote: Counting objects:  86% (172/200)        
2021-06-10T15:32:39.1863095Z remote: Counting objects:  87% (174/200)        
2021-06-10T15:32:39.1864166Z remote: Counting objects:  88% (176/200)        
2021-06-10T15:32:39.1864861Z remote: Counting objects:  89% (178/200)        
2021-06-10T15:32:39.1865516Z remote: Counting objects:  90% (180/200)        
2021-06-10T15:32:39.1866016Z remote: Counting objects:  91% (182/200)        
2021-06-10T15:32:39.1866501Z remote: Counting objects:  92% (184/200)        
2021-06-10T15:32:39.1866996Z remote: Counting objects:  93% (186/200)        
2021-06-10T15:32:39.1867480Z remote: Counting objects:  94% (188/200)        
2021-06-10T15:32:39.1867979Z remote: Counting objects:  95% (190/200)        
2021-06-10T15:32:39.1868616Z remote: Counting objects:  96% (192/200)        
2021-06-10T15:32:39.1869119Z remote: Counting objects:  97% (194/200)        
2021-06-10T15:32:39.1869623Z remote: Counting objects:  98% (196/200)        
2021-06-10T15:32:39.1870293Z remote: Counting objects:  99% (198/200)        
2021-06-10T15:32:39.1870989Z remote: Counting objects: 100% (200/200)        
2021-06-10T15:32:39.1871599Z remote: Counting objects: 100% (200/200), done.        
2021-06-10T15:32:39.1872244Z remote: Compressing objects:   0% (1/107)        
2021-06-10T15:32:39.1873011Z remote: Compressing objects:   1% (2/107)        
2021-06-10T15:32:39.1873618Z remote: Compressing objects:   2% (3/107)        
2021-06-10T15:32:39.1874315Z remote: Compressing objects:   3% (4/107)        
2021-06-10T15:32:39.1875247Z remote: Compressing objects:   4% (5/107)        
2021-06-10T15:32:39.1875790Z remote: Compressing objects:   5% (6/107)        
2021-06-10T15:32:39.1876330Z remote: Compressing objects:   6% (7/107)        
2021-06-10T15:32:39.1877019Z remote: Compressing objects:   7% (8/107)        
2021-06-10T15:32:39.1877557Z remote: Compressing objects:   8% (9/107)        
2021-06-10T15:32:39.1878195Z remote: Compressing objects:   9% (10/107)        
2021-06-10T15:32:39.1878762Z remote: Compressing objects:  10% (11/107)        
2021-06-10T15:32:39.1879290Z remote: Compressing objects:  11% (12/107)        
2021-06-10T15:32:39.1879842Z remote: Compressing objects:  12% (13/107)        
2021-06-10T15:32:39.1880366Z remote: Compressing objects:  13% (14/107)        
2021-06-10T15:32:39.1880908Z remote: Compressing objects:  14% (15/107)        
2021-06-10T15:32:39.1881633Z remote: Compressing objects:  15% (17/107)        
2021-06-10T15:32:39.1882256Z remote: Compressing objects:  16% (18/107)        
2021-06-10T15:32:39.1882823Z remote: Compressing objects:  17% (19/107)        
2021-06-10T15:32:39.1883368Z remote: Compressing objects:  18% (20/107)        
2021-06-10T15:32:39.1883924Z remote: Compressing objects:  19% (21/107)        
2021-06-10T15:32:39.1884468Z remote: Compressing objects:  20% (22/107)        
2021-06-10T15:32:39.1885032Z remote: Compressing objects:  21% (23/107)        
2021-06-10T15:32:39.1885578Z remote: Compressing objects:  22% (24/107)        
2021-06-10T15:32:39.1886144Z remote: Compressing objects:  23% (25/107)        
2021-06-10T15:32:39.1886687Z remote: Compressing objects:  24% (26/107)        
2021-06-10T15:32:39.1887253Z remote: Compressing objects:  25% (27/107)        
2021-06-10T15:32:39.1887813Z remote: Compressing objects:  26% (28/107)        
2021-06-10T15:32:39.1888355Z remote: Compressing objects:  27% (29/107)        
2021-06-10T15:32:39.1888914Z remote: Compressing objects:  28% (30/107)        
2021-06-10T15:32:39.1889454Z remote: Compressing objects:  29% (32/107)        
2021-06-10T15:32:39.1890012Z remote: Compressing objects:  30% (33/107)        
2021-06-10T15:32:39.1891112Z remote: Compressing objects:  31% (34/107)        
2021-06-10T15:32:39.1891694Z remote: Compressing objects:  32% (35/107)        
2021-06-10T15:32:39.1892791Z remote: Compressing objects:  33% (36/107)        
2021-06-10T15:32:39.1893531Z remote: Compressing objects:  34% (37/107)        
2021-06-10T15:32:39.1894095Z remote: Compressing objects:  35% (38/107)        
2021-06-10T15:32:39.1894639Z remote: Compressing objects:  36% (39/107)        
2021-06-10T15:32:39.1895684Z remote: Compressing objects:  37% (40/107)        
2021-06-10T15:32:39.1896450Z remote: Compressing objects:  38% (41/107)        
2021-06-10T15:32:39.1897010Z remote: Compressing objects:  39% (42/107)        
2021-06-10T15:32:39.1899258Z remote: Compressing objects:  40% (43/107)        
2021-06-10T15:32:39.1899880Z remote: Compressing objects:  41% (44/107)        
2021-06-10T15:32:39.1900462Z remote: Compressing objects:  42% (45/107)        
2021-06-10T15:32:39.1901064Z remote: Compressing objects:  43% (47/107)        
2021-06-10T15:32:39.1901664Z remote: Compressing objects:  44% (48/107)        
2021-06-10T15:32:39.1902248Z remote: Compressing objects:  45% (49/107)        
2021-06-10T15:32:39.1902847Z remote: Compressing objects:  46% (50/107)        
2021-06-10T15:32:39.1903579Z remote: Compressing objects:  47% (51/107)        
2021-06-10T15:32:39.1904167Z remote: Compressing objects:  48% (52/107)        
2021-06-10T15:32:39.1904730Z remote: Compressing objects:  49% (53/107)        
2021-06-10T15:32:39.1905310Z remote: Compressing objects:  50% (54/107)        
2021-06-10T15:32:39.1905877Z remote: Compressing objects:  51% (55/107)        
2021-06-10T15:32:39.1906455Z remote: Compressing objects:  52% (56/107)        
2021-06-10T15:32:39.1907034Z remote: Compressing objects:  53% (57/107)        
2021-06-10T15:32:39.1907594Z remote: Compressing objects:  54% (58/107)        
2021-06-10T15:32:39.1908174Z remote: Compressing objects:  55% (59/107)        
2021-06-10T15:32:39.1908736Z remote: Compressing objects:  56% (60/107)        
2021-06-10T15:32:39.1909310Z remote: Compressing objects:  57% (61/107)        
2021-06-10T15:32:39.1909873Z remote: Compressing objects:  58% (63/107)        
2021-06-10T15:32:39.1910448Z remote: Compressing objects:  59% (64/107)        
2021-06-10T15:32:39.1911175Z remote: Compressing objects:  60% (65/107)        
2021-06-10T15:32:39.1911763Z remote: Compressing objects:  61% (66/107)        
2021-06-10T15:32:39.1912337Z remote: Compressing objects:  62% (67/107)        
2021-06-10T15:32:39.1913070Z remote: Compressing objects:  63% (68/107)        
2021-06-10T15:32:39.1913630Z remote: Compressing objects:  64% (69/107)        
2021-06-10T15:32:39.1914169Z remote: Compressing objects:  65% (70/107)        
2021-06-10T15:32:39.1914724Z remote: Compressing objects:  66% (71/107)        
2021-06-10T15:32:39.1915631Z remote: Compressing objects:  67% (72/107)        
2021-06-10T15:32:39.1916181Z remote: Compressing objects:  68% (73/107)        
2021-06-10T15:32:39.1916722Z remote: Compressing objects:  69% (74/107)        
2021-06-10T15:32:39.1917281Z remote: Compressing objects:  70% (75/107)        
2021-06-10T15:32:39.1917837Z remote: Compressing objects:  71% (76/107)        
2021-06-10T15:32:39.1918378Z remote: Compressing objects:  72% (78/107)        
2021-06-10T15:32:39.1918940Z remote: Compressing objects:  73% (79/107)        
2021-06-10T15:32:39.1919482Z remote: Compressing objects:  74% (80/107)        
2021-06-10T15:32:39.1920040Z remote: Compressing objects:  75% (81/107)        
2021-06-10T15:32:39.1920587Z remote: Compressing objects:  76% (82/107)        
2021-06-10T15:32:39.1921496Z remote: Compressing objects:  77% (83/107)        
2021-06-10T15:32:39.1922035Z remote: Compressing objects:  78% (84/107)        
2021-06-10T15:32:39.1922954Z remote: Compressing objects:  79% (85/107)        
2021-06-10T15:32:39.1923635Z remote: Compressing objects:  80% (86/107)        
2021-06-10T15:32:39.1924220Z remote: Compressing objects:  81% (87/107)        
2021-06-10T15:32:39.1924816Z remote: Compressing objects:  82% (88/107)        
2021-06-10T15:32:39.1925396Z remote: Compressing objects:  83% (89/107)        
2021-06-10T15:32:39.1926148Z remote: Compressing objects:  84% (90/107)        
2021-06-10T15:32:39.1926714Z remote: Compressing objects:  85% (91/107)        
2021-06-10T15:32:39.1927290Z remote: Compressing objects:  86% (93/107)        
2021-06-10T15:32:39.1927850Z remote: Compressing objects:  87% (94/107)        
2021-06-10T15:32:39.1928459Z remote: Compressing objects:  88% (95/107)        
2021-06-10T15:32:39.1929111Z remote: Compressing objects:  89% (96/107)        
2021-06-10T15:32:39.1929687Z remote: Compressing objects:  90% (97/107)        
2021-06-10T15:32:39.1930248Z remote: Compressing objects:  91% (98/107)        
2021-06-10T15:32:39.1930821Z remote: Compressing objects:  92% (99/107)        
2021-06-10T15:32:39.1931383Z remote: Compressing objects:  93% (100/107)        
2021-06-10T15:32:39.1931962Z remote: Compressing objects:  94% (101/107)        
2021-06-10T15:32:39.1938169Z remote: Compressing objects:  95% (102/107)        
2021-06-10T15:32:39.1938811Z remote: Compressing objects:  96% (103/107)        
2021-06-10T15:32:39.1939373Z remote: Compressing objects:  97% (104/107)        
2021-06-10T15:32:39.1939927Z remote: Compressing objects:  98% (105/107)        
2021-06-10T15:32:39.1940491Z remote: Compressing objects:  99% (106/107)        
2021-06-10T15:32:39.1941040Z remote: Compressing objects: 100% (107/107)        
2021-06-10T15:32:39.1941623Z remote: Compressing objects: 100% (107/107), done.        
2021-06-10T15:32:39.1942201Z Receiving objects:   0% (1/546)
2021-06-10T15:32:39.1942665Z Receiving objects:   1% (6/546)
2021-06-10T15:32:39.1943127Z Receiving objects:   2% (11/546)
2021-06-10T15:32:39.1959560Z Receiving objects:   3% (17/546)
2021-06-10T15:32:39.1960065Z Receiving objects:   4% (22/546)
2021-06-10T15:32:39.1960536Z Receiving objects:   5% (28/546)
2021-06-10T15:32:39.1960985Z Receiving objects:   6% (33/546)
2021-06-10T15:32:39.1961449Z Receiving objects:   7% (39/546)
2021-06-10T15:32:39.1961894Z Receiving objects:   8% (44/546)
2021-06-10T15:32:39.1962350Z Receiving objects:   9% (50/546)
2021-06-10T15:32:39.1962796Z Receiving objects:  10% (55/546)
2021-06-10T15:32:39.1963254Z Receiving objects:  11% (61/546)
2021-06-10T15:32:39.1963853Z Receiving objects:  12% (66/546)
2021-06-10T15:32:39.1964343Z Receiving objects:  13% (71/546)
2021-06-10T15:32:39.1964805Z Receiving objects:  14% (77/546)
2021-06-10T15:32:39.1965247Z Receiving objects:  15% (82/546)
2021-06-10T15:32:39.1965713Z Receiving objects:  16% (88/546)
2021-06-10T15:32:39.1966159Z Receiving objects:  17% (93/546)
2021-06-10T15:32:39.1966617Z Receiving objects:  18% (99/546)
2021-06-10T15:32:39.1967066Z Receiving objects:  19% (104/546)
2021-06-10T15:32:39.1967533Z Receiving objects:  20% (110/546)
2021-06-10T15:32:39.1967983Z Receiving objects:  21% (115/546)
2021-06-10T15:32:39.1968447Z Receiving objects:  22% (121/546)
2021-06-10T15:32:39.1968890Z Receiving objects:  23% (126/546)
2021-06-10T15:32:39.1969351Z Receiving objects:  24% (132/546)
2021-06-10T15:32:39.1969794Z Receiving objects:  25% (137/546)
2021-06-10T15:32:39.1970478Z Receiving objects:  26% (142/546)
2021-06-10T15:32:39.1970928Z Receiving objects:  27% (148/546)
2021-06-10T15:32:39.1971796Z Receiving objects:  28% (153/546)
2021-06-10T15:32:39.1972280Z Receiving objects:  29% (159/546)
2021-06-10T15:32:39.1972852Z Receiving objects:  30% (164/546)
2021-06-10T15:32:39.1973301Z Receiving objects:  31% (170/546)
2021-06-10T15:32:39.1973739Z Receiving objects:  32% (175/546)
2021-06-10T15:32:39.1974186Z Receiving objects:  33% (181/546)
2021-06-10T15:32:39.1974981Z Receiving objects:  34% (186/546)
2021-06-10T15:32:39.1997934Z Receiving objects:  35% (192/546)
2021-06-10T15:32:39.1998495Z Receiving objects:  36% (197/546)
2021-06-10T15:32:39.2001590Z Receiving objects:  37% (203/546)
2021-06-10T15:32:39.2003133Z Receiving objects:  38% (208/546)
2021-06-10T15:32:39.2003592Z Receiving objects:  39% (213/546)
2021-06-10T15:32:39.2004054Z Receiving objects:  40% (219/546)
2021-06-10T15:32:39.2004500Z Receiving objects:  41% (224/546)
2021-06-10T15:32:39.2004963Z Receiving objects:  42% (230/546)
2021-06-10T15:32:39.2005412Z Receiving objects:  43% (235/546)
2021-06-10T15:32:39.2005883Z Receiving objects:  44% (241/546)
2021-06-10T15:32:39.2006351Z Receiving objects:  45% (246/546)
2021-06-10T15:32:39.2006798Z Receiving objects:  46% (252/546)
2021-06-10T15:32:39.2007257Z Receiving objects:  47% (257/546)
2021-06-10T15:32:39.2007704Z Receiving objects:  48% (263/546)
2021-06-10T15:32:39.2008347Z Receiving objects:  49% (268/546)
2021-06-10T15:32:39.2008872Z Receiving objects:  50% (273/546)
2021-06-10T15:32:39.2009333Z Receiving objects:  51% (279/546)
2021-06-10T15:32:39.2009777Z Receiving objects:  52% (284/546)
2021-06-10T15:32:39.2010455Z Receiving objects:  53% (290/546)
2021-06-10T15:32:39.2011228Z Receiving objects:  54% (295/546)
2021-06-10T15:32:39.2011676Z Receiving objects:  55% (301/546)
2021-06-10T15:32:39.2012106Z Receiving objects:  56% (306/546)
2021-06-10T15:32:39.2012841Z Receiving objects:  57% (312/546)
2021-06-10T15:32:39.2013306Z Receiving objects:  58% (317/546)
2021-06-10T15:32:39.2013741Z Receiving objects:  59% (323/546)
2021-06-10T15:32:39.2014198Z Receiving objects:  60% (328/546)
2021-06-10T15:32:39.2014632Z Receiving objects:  61% (334/546)
2021-06-10T15:32:39.2015927Z remote: Total 546 (delta 101), reused 104 (delta 85), pack-reused 346        
2021-06-10T15:32:39.2016493Z Receiving objects:  62% (339/546)
2021-06-10T15:32:39.2016952Z Receiving objects:  63% (344/546)
2021-06-10T15:32:39.2017383Z Receiving objects:  64% (350/546)
2021-06-10T15:32:39.2017828Z Receiving objects:  65% (355/546)
2021-06-10T15:32:39.2018273Z Receiving objects:  66% (361/546)
2021-06-10T15:32:39.2018702Z Receiving objects:  67% (366/546)
2021-06-10T15:32:39.2019150Z Receiving objects:  68% (372/546)
2021-06-10T15:32:39.2019578Z Receiving objects:  69% (377/546)
2021-06-10T15:32:39.2020024Z Receiving objects:  70% (383/546)
2021-06-10T15:32:39.2020456Z Receiving objects:  71% (388/546)
2021-06-10T15:32:39.2020902Z Receiving objects:  72% (394/546)
2021-06-10T15:32:39.2021334Z Receiving objects:  73% (399/546)
2021-06-10T15:32:39.2021788Z Receiving objects:  74% (405/546)
2021-06-10T15:32:39.2022341Z Receiving objects:  75% (410/546)
2021-06-10T15:32:39.2022814Z Receiving objects:  76% (415/546)
2021-06-10T15:32:39.2023259Z Receiving objects:  77% (421/546)
2021-06-10T15:32:39.2023689Z Receiving objects:  78% (426/546)
2021-06-10T15:32:39.2024144Z Receiving objects:  79% (432/546)
2021-06-10T15:32:39.2024572Z Receiving objects:  80% (437/546)
2021-06-10T15:32:39.2025014Z Receiving objects:  81% (443/546)
2021-06-10T15:32:39.2025444Z Receiving objects:  82% (448/546)
2021-06-10T15:32:39.2025888Z Receiving objects:  83% (454/546)
2021-06-10T15:32:39.2026316Z Receiving objects:  84% (459/546)
2021-06-10T15:32:39.2026819Z Receiving objects:  85% (465/546)
2021-06-10T15:32:39.2027249Z Receiving objects:  86% (470/546)
2021-06-10T15:32:39.2027696Z Receiving objects:  87% (476/546)
2021-06-10T15:32:39.2038930Z Receiving objects:  88% (481/546)
2021-06-10T15:32:39.2039379Z Receiving objects:  89% (486/546)
2021-06-10T15:32:39.2039816Z Receiving objects:  90% (492/546)
2021-06-10T15:32:39.2040247Z Receiving objects:  91% (497/546)
2021-06-10T15:32:39.2040687Z Receiving objects:  92% (503/546)
2021-06-10T15:32:39.2045338Z Receiving objects:  93% (508/546)
2021-06-10T15:32:39.2045862Z Receiving objects:  94% (514/546)
2021-06-10T15:32:39.2046282Z Receiving objects:  95% (519/546)
2021-06-10T15:32:39.2046731Z Receiving objects:  96% (525/546)
2021-06-10T15:32:39.2048093Z Receiving objects:  97% (530/546)
2021-06-10T15:32:39.2048520Z Receiving objects:  98% (536/546)
2021-06-10T15:32:39.2048953Z Receiving objects:  99% (541/546)
2021-06-10T15:32:39.2049367Z Receiving objects: 100% (546/546)
2021-06-10T15:32:39.2049864Z Receiving objects: 100% (546/546), 157.30 KiB | 11.24 MiB/s, done.
2021-06-10T15:32:39.2050741Z Resolving deltas:   0% (0/281)
2021-06-10T15:32:39.2051190Z Resolving deltas:   1% (3/281)
2021-06-10T15:32:39.2051618Z Resolving deltas:   2% (6/281)
2021-06-10T15:32:39.2056454Z Resolving deltas:   3% (9/281)
2021-06-10T15:32:39.2056920Z Resolving deltas:   4% (12/281)
2021-06-10T15:32:39.2057370Z Resolving deltas:   5% (15/281)
2021-06-10T15:32:39.2058116Z Resolving deltas:   6% (17/281)
2021-06-10T15:32:39.2058504Z Resolving deltas:   7% (20/281)
2021-06-10T15:32:39.2062366Z Resolving deltas:   8% (23/281)
2021-06-10T15:32:39.2064441Z Resolving deltas:   9% (26/281)
2021-06-10T15:32:39.2065029Z Resolving deltas:  10% (29/281)
2021-06-10T15:32:39.2065432Z Resolving deltas:  11% (31/281)
2021-06-10T15:32:39.2065848Z Resolving deltas:  12% (34/281)
2021-06-10T15:32:39.2066253Z Resolving deltas:  13% (37/281)
2021-06-10T15:32:39.2066670Z Resolving deltas:  14% (40/281)
2021-06-10T15:32:39.2069037Z Resolving deltas:  15% (43/281)
2021-06-10T15:32:39.2069468Z Resolving deltas:  16% (45/281)
2021-06-10T15:32:39.2071037Z Resolving deltas:  17% (48/281)
2021-06-10T15:32:39.2071719Z Resolving deltas:  18% (51/281)
2021-06-10T15:32:39.2072163Z Resolving deltas:  19% (54/281)
2021-06-10T15:32:39.2072592Z Resolving deltas:  20% (57/281)
2021-06-10T15:32:39.2073035Z Resolving deltas:  21% (60/281)
2021-06-10T15:32:39.2073477Z Resolving deltas:  22% (62/281)
2021-06-10T15:32:39.2078814Z Resolving deltas:  23% (65/281)
2021-06-10T15:32:39.2079233Z Resolving deltas:  24% (68/281)
2021-06-10T15:32:39.2080873Z Resolving deltas:  25% (71/281)
2021-06-10T15:32:39.2081288Z Resolving deltas:  26% (74/281)
2021-06-10T15:32:39.2081719Z Resolving deltas:  27% (76/281)
2021-06-10T15:32:39.2082124Z Resolving deltas:  28% (79/281)
2021-06-10T15:32:39.2082542Z Resolving deltas:  29% (82/281)
2021-06-10T15:32:39.2082961Z Resolving deltas:  30% (85/281)
2021-06-10T15:32:39.2112846Z Resolving deltas:  31% (88/281)
2021-06-10T15:32:39.2113573Z Resolving deltas:  32% (90/281)
2021-06-10T15:32:39.2115771Z Resolving deltas:  33% (93/281)
2021-06-10T15:32:39.2116402Z Resolving deltas:  34% (96/281)
2021-06-10T15:32:39.2119104Z Resolving deltas:  35% (99/281)
2021-06-10T15:32:39.2119609Z Resolving deltas:  36% (102/281)
2021-06-10T15:32:39.2124732Z Resolving deltas:  37% (104/281)
2021-06-10T15:32:39.2127074Z Resolving deltas:  38% (107/281)
2021-06-10T15:32:39.2133267Z Resolving deltas:  39% (110/281)
2021-06-10T15:32:39.2134090Z Resolving deltas:  40% (113/281)
2021-06-10T15:32:39.2134716Z Resolving deltas:  41% (116/281)
2021-06-10T15:32:39.2135309Z Resolving deltas:  42% (119/281)
2021-06-10T15:32:39.2135838Z Resolving deltas:  43% (121/281)
2021-06-10T15:32:39.2136259Z Resolving deltas:  44% (124/281)
2021-06-10T15:32:39.2136692Z Resolving deltas:  45% (127/281)
2021-06-10T15:32:39.2137110Z Resolving deltas:  46% (130/281)
2021-06-10T15:32:39.2137621Z Resolving deltas:  47% (133/281)
2021-06-10T15:32:39.2138054Z Resolving deltas:  48% (135/281)
2021-06-10T15:32:39.2138471Z Resolving deltas:  49% (138/281)
2021-06-10T15:32:39.2139275Z Resolving deltas:  50% (141/281)
2021-06-10T15:32:39.2139902Z Resolving deltas:  51% (144/281)
2021-06-10T15:32:39.2140384Z Resolving deltas:  52% (147/281)
2021-06-10T15:32:39.2141177Z Resolving deltas:  53% (149/281)
2021-06-10T15:32:39.2141774Z Resolving deltas:  54% (152/281)
2021-06-10T15:32:39.2142198Z Resolving deltas:  55% (155/281)
2021-06-10T15:32:39.2142806Z Resolving deltas:  56% (158/281)
2021-06-10T15:32:39.2143394Z Resolving deltas:  57% (161/281)
2021-06-10T15:32:39.2143825Z Resolving deltas:  58% (163/281)
2021-06-10T15:32:39.2144244Z Resolving deltas:  59% (166/281)
2021-06-10T15:32:39.2144684Z Resolving deltas:  60% (169/281)
2021-06-10T15:32:39.2145118Z Resolving deltas:  61% (172/281)
2021-06-10T15:32:39.2145539Z Resolving deltas:  62% (175/281)
2021-06-10T15:32:39.2146121Z Resolving deltas:  63% (178/281)
2021-06-10T15:32:39.2146556Z Resolving deltas:  64% (180/281)
2021-06-10T15:32:39.2147002Z Resolving deltas:  65% (183/281)
2021-06-10T15:32:39.2147633Z Resolving deltas:  66% (186/281)
2021-06-10T15:32:39.2148312Z Resolving deltas:  67% (189/281)
2021-06-10T15:32:39.2148808Z Resolving deltas:  68% (192/281)
2021-06-10T15:32:39.2149647Z Resolving deltas:  69% (194/281)
2021-06-10T15:32:39.2150115Z Resolving deltas:  70% (197/281)
2021-06-10T15:32:39.2150620Z Resolving deltas:  71% (200/281)
2021-06-10T15:32:39.2151090Z Resolving deltas:  72% (203/281)
2021-06-10T15:32:39.2151580Z Resolving deltas:  73% (206/281)
2021-06-10T15:32:39.2152061Z Resolving deltas:  74% (208/281)
2021-06-10T15:32:39.2152528Z Resolving deltas:  75% (211/281)
2021-06-10T15:32:39.2153158Z Resolving deltas:  76% (214/281)
2021-06-10T15:32:39.2153774Z Resolving deltas:  77% (217/281)
2021-06-10T15:32:39.2154221Z Resolving deltas:  78% (220/281)
2021-06-10T15:32:39.2154657Z Resolving deltas:  79% (222/281)
2021-06-10T15:32:39.2155104Z Resolving deltas:  80% (225/281)
2021-06-10T15:32:39.2155539Z Resolving deltas:  81% (228/281)
2021-06-10T15:32:39.2155989Z Resolving deltas:  82% (231/281)
2021-06-10T15:32:39.2156420Z Resolving deltas:  83% (234/281)
2021-06-10T15:32:39.2156863Z Resolving deltas:  84% (237/281)
2021-06-10T15:32:39.2157366Z Resolving deltas:  85% (239/281)
2021-06-10T15:32:39.2157839Z Resolving deltas:  86% (242/281)
2021-06-10T15:32:39.2158286Z Resolving deltas:  87% (245/281)
2021-06-10T15:32:39.2158723Z Resolving deltas:  88% (248/281)
2021-06-10T15:32:39.2159168Z Resolving deltas:  89% (251/281)
2021-06-10T15:32:39.2159599Z Resolving deltas:  90% (253/281)
2021-06-10T15:32:39.2160044Z Resolving deltas:  91% (256/281)
2021-06-10T15:32:39.2160473Z Resolving deltas:  92% (259/281)
2021-06-10T15:32:39.2160925Z Resolving deltas:  93% (262/281)
2021-06-10T15:32:39.2161535Z Resolving deltas:  94% (265/281)
2021-06-10T15:32:39.2162157Z Resolving deltas:  95% (267/281)
2021-06-10T15:32:39.2162589Z Resolving deltas:  96% (270/281)
2021-06-10T15:32:39.2163038Z Resolving deltas:  97% (273/281)
2021-06-10T15:32:39.2163481Z Resolving deltas:  98% (276/281)
2021-06-10T15:32:39.2163955Z Resolving deltas:  99% (279/281)
2021-06-10T15:32:39.2169655Z Resolving deltas: 100% (281/281)
2021-06-10T15:32:39.2170171Z Resolving deltas: 100% (281/281), done.
2021-06-10T15:32:39.2318307Z From https://github.com/con/tinuous
2021-06-10T15:32:39.2320291Z  * [new branch]      gh-55                                    -> origin/gh-55
2021-06-10T15:32:39.2321840Z  * [new branch]      gh-88                                    -> origin/gh-88
2021-06-10T15:32:39.2325867Z  * [new branch]      master                                   -> origin/master
2021-06-10T15:32:39.2327254Z  * [new branch]      test-appveyor                            -> origin/test-appveyor
2021-06-10T15:32:39.2329611Z  * [new tag]         0.1.0                                    -> 0.1.0
2021-06-10T15:32:39.2330721Z  * [new tag]         0.2.0                                    -> 0.2.0
2021-06-10T15:32:39.2331956Z  * [new ref]         c58959504f83602705e1c9f62f07b513f0f81978 -> pull/89/merge
2021-06-10T15:32:39.2356069Z ##[endgroup]
2021-06-10T15:32:39.2357001Z ##[group]Determining the checkout info
2021-06-10T15:32:39.2357833Z ##[endgroup]
2021-06-10T15:32:39.2358554Z ##[group]Checking out the ref
2021-06-10T15:32:39.2363682Z [command]/usr/bin/git checkout --progress --force refs/remotes/pull/89/merge
2021-06-10T15:32:39.2425014Z Note: switching to 'refs/remotes/pull/89/merge'.
2021-06-10T15:32:39.2426090Z 
2021-06-10T15:32:39.2427665Z You are in 'detached HEAD' state. You can look around, make experimental
2021-06-10T15:32:39.2428558Z changes and commit them, and you can discard any commits you make in this
2021-06-10T15:32:39.2429375Z state without impacting any branches by switching back to a branch.
2021-06-10T15:32:39.2429905Z 
2021-06-10T15:32:39.2430429Z If you want to create a new branch to retain commits you create, you may
2021-06-10T15:32:39.2431416Z do so (now or later) by using -c with the switch command. Example:
2021-06-10T15:32:39.2432028Z 
2021-06-10T15:32:39.2432635Z   git switch -c <new-branch-name>
2021-06-10T15:32:39.2434302Z 
2021-06-10T15:32:39.2434749Z Or undo this operation with:
2021-06-10T15:32:39.2435324Z 
2021-06-10T15:32:39.2436179Z   git switch -
2021-06-10T15:32:39.2436621Z 
2021-06-10T15:32:39.2437241Z Turn off this advice by setting config variable advice.detachedHead to false
2021-06-10T15:32:39.2437785Z 
2021-06-10T15:32:39.2438592Z HEAD is now at c589595 Merge 68bf5cdd38e796d4910e57514964e51a6dd7a6b1 into 89024374b4ed8b45c9d3b7b826f3196e4872b7c3
2021-06-10T15:32:39.2439852Z ##[endgroup]
2021-06-10T15:32:39.2480486Z [command]/usr/bin/git log -1 --format='%H'
2021-06-10T15:32:39.2508350Z 'c58959504f83602705e1c9f62f07b513f0f81978'
2021-06-10T15:32:39.2652897Z ##[group]Run actions/setup-python@v2
2021-06-10T15:32:39.2653419Z with:
2021-06-10T15:32:39.2653839Z   python-version: 3.8
2021-06-10T15:32:39.2654793Z   token: ***
2021-06-10T15:32:39.2655324Z ##[endgroup]
2021-06-10T15:32:39.3348353Z Successfully setup CPython (3.8.10)
2021-06-10T15:32:39.3530975Z ##[group]Run python -m pip install --upgrade pip wheel
2021-06-10T15:32:39.3531776Z [36;1mpython -m pip install --upgrade pip wheel[0m
2021-06-10T15:32:39.3532796Z [36;1mpython -m pip install --upgrade --upgrade-strategy=eager tox[0m
2021-06-10T15:32:39.3581118Z shell: /usr/bin/bash -e {0}
2021-06-10T15:32:39.3581529Z env:
2021-06-10T15:32:39.3582075Z   pythonLocation: /opt/hostedtoolcache/Python/3.8.10/x64
2021-06-10T15:32:39.3582838Z   LD_LIBRARY_PATH: /opt/hostedtoolcache/Python/3.8.10/x64/lib
2021-06-10T15:32:39.3583384Z ##[endgroup]
2021-06-10T15:32:40.1241868Z Requirement already satisfied: pip in /opt/hostedtoolcache/Python/3.8.10/x64/lib/python3.8/site-packages (21.1.2)
2021-06-10T15:32:40.3734030Z Collecting wheel
2021-06-10T15:32:40.4167029Z   Downloading wheel-0.36.2-py2.py3-none-any.whl (35 kB)
2021-06-10T15:32:40.4874934Z Installing collected packages: wheel
2021-06-10T15:32:40.5283248Z Successfully installed wheel-0.36.2
2021-06-10T15:32:41.3749898Z Collecting tox
2021-06-10T15:32:41.4122816Z   Downloading tox-3.23.1-py2.py3-none-any.whl (85 kB)
2021-06-10T15:32:41.4947275Z Collecting pluggy>=0.12.0
2021-06-10T15:32:41.5044180Z   Downloading pluggy-0.13.1-py2.py3-none-any.whl (18 kB)
2021-06-10T15:32:41.5798044Z Collecting packaging>=14
2021-06-10T15:32:41.5891284Z   Downloading packaging-20.9-py2.py3-none-any.whl (40 kB)
2021-06-10T15:32:41.6528293Z Collecting py>=1.4.17
2021-06-10T15:32:41.6620921Z   Downloading py-1.10.0-py2.py3-none-any.whl (97 kB)
2021-06-10T15:32:41.6989372Z Collecting toml>=0.9.4
2021-06-10T15:32:41.7071104Z   Downloading toml-0.10.2-py2.py3-none-any.whl (16 kB)
2021-06-10T15:32:41.7482774Z Collecting six>=1.14.0
2021-06-10T15:32:41.7798532Z   Downloading six-1.16.0-py2.py3-none-any.whl (11 kB)
2021-06-10T15:32:42.0242754Z Collecting virtualenv!=20.0.0,!=20.0.1,!=20.0.2,!=20.0.3,!=20.0.4,!=20.0.5,!=20.0.6,!=20.0.7,>=16.0.0
2021-06-10T15:32:42.0341826Z   Downloading virtualenv-20.4.7-py2.py3-none-any.whl (7.2 MB)
2021-06-10T15:32:42.3242007Z Collecting filelock>=3.0.0
2021-06-10T15:32:42.3318322Z   Downloading filelock-3.0.12-py3-none-any.whl (7.6 kB)
2021-06-10T15:32:42.4314150Z Collecting pyparsing>=2.0.2
2021-06-10T15:32:42.4400149Z   Downloading pyparsing-2.4.7-py2.py3-none-any.whl (67 kB)
2021-06-10T15:32:42.5413039Z Collecting appdirs<2,>=1.4.3
2021-06-10T15:32:42.5496364Z   Downloading appdirs-1.4.4-py2.py3-none-any.whl (9.6 kB)
2021-06-10T15:32:42.5908657Z Collecting distlib<1,>=0.3.1
2021-06-10T15:32:42.6131671Z   Downloading distlib-0.3.2-py2.py3-none-any.whl (338 kB)
2021-06-10T15:32:42.7541855Z Installing collected packages: six, pyparsing, filelock, distlib, appdirs, virtualenv, toml, py, pluggy, packaging, tox
2021-06-10T15:32:43.4531324Z Successfully installed appdirs-1.4.4 distlib-0.3.2 filelock-3.0.12 packaging-20.9 pluggy-0.13.1 py-1.10.0 pyparsing-2.4.7 six-1.16.0 toml-0.10.2 tox-3.23.1 virtualenv-20.4.7
2021-06-10T15:32:43.5348192Z ##[group]Run tox -e lint
2021-06-10T15:32:43.5348782Z [36;1mtox -e lint[0m
2021-06-10T15:32:43.5409151Z shell: /usr/bin/bash -e {0}
2021-06-10T15:32:43.5409582Z env:
2021-06-10T15:32:43.5410164Z   pythonLocation: /opt/hostedtoolcache/Python/3.8.10/x64
2021-06-10T15:32:43.5411085Z   LD_LIBRARY_PATH: /opt/hostedtoolcache/Python/3.8.10/x64/lib
2021-06-10T15:32:43.5411831Z ##[endgroup]
2021-06-10T15:32:43.8329727Z lint create: /home/runner/work/tinuous/tinuous/.tox/lint
2021-06-10T15:32:44.5896980Z lint installdeps: flake8~=3.7, flake8-bugbear, flake8-builtins~=1.4, flake8-import-order-jwodder, flake8-unused-arguments
2021-06-10T15:32:49.3470459Z lint installed: attrs==21.2.0,flake8==3.9.2,flake8-bugbear==21.4.3,flake8-builtins==1.5.3,flake8-import-order==0.18.1,flake8-import-order-jwodder==0.1.0,flake8-unused-arguments==0.0.6,mccabe==0.6.1,pycodestyle==2.7.0,pyflakes==2.3.1
2021-06-10T15:32:49.3477276Z lint run-test-pre: PYTHONHASHSEED='994797782'
2021-06-10T15:32:49.3534109Z lint run-test: commands[0] | flake8 --config=tox.ini src test
2021-06-10T15:32:50.4281801Z ___________________________________ summary ____________________________________
2021-06-10T15:32:50.4318611Z   lint: commands succeeded
2021-06-10T15:32:50.4319299Z   congratulations :)
2021-06-10T15:32:50.4599110Z Post job cleanup.
2021-06-10T15:32:50.5882091Z [command]/usr/bin/git version
2021-06-10T15:32:50.5942089Z git version 2.31.1
2021-06-10T15:32:50.5986571Z [command]/usr/bin/git config --local --name-only --get-regexp core\.sshCommand
2021-06-10T15:32:50.6028643Z [command]/usr/bin/git submodule foreach --recursive git config --local --name-only --get-regexp 'core\.sshCommand' && git config --local --unset-all 'core.sshCommand' || :
2021-06-10T15:32:50.6291069Z [command]/usr/bin/git config --local --name-only --get-regexp http\.https\:\/\/github\.com\/\.extraheader
2021-06-10T15:32:50.6310786Z http.https://github.com/.extraheader
2021-06-10T15:32:50.6325623Z [command]/usr/bin/git config --local --unset-all http.https://github.com/.extraheader
2021-06-10T15:32:50.6359647Z [command]/usr/bin/git submodule foreach --recursive git config --local --name-only --get-regexp 'http\.https\:\/\/github\.com\/\.extraheader' && git config --local --unset-all 'http.https://github.com/.extraheader' || :
2021-06-10T15:32:50.6696908Z Cleaning up orphan processes
