2021-02-11T13:31:59.5441907Z ##[section]Starting: Request a runner to run this job
2021-02-11T13:31:59.8799233Z Can't find any online and idle self-hosted runner in current repository that matches the required labels: 'ubuntu-latest'
2021-02-11T13:31:59.8799342Z Can't find any online and idle self-hosted runner in current repository's account/organization that matches the required labels: 'ubuntu-latest'
2021-02-11T13:31:59.8799545Z Found online and idle hosted runner in current repository's account/organization that matches the required labels: 'ubuntu-latest'
2021-02-11T13:32:00.0876688Z ##[section]Finishing: Request a runner to run this job
2021-02-11T13:32:07.8286514Z Current runner version: '2.277.1'
2021-02-11T13:32:07.8321669Z ##[group]Operating System
2021-02-11T13:32:07.8323017Z Ubuntu
2021-02-11T13:32:07.8323438Z 20.04.2
2021-02-11T13:32:07.8324068Z LTS
2021-02-11T13:32:07.8324609Z ##[endgroup]
2021-02-11T13:32:07.8325161Z ##[group]Virtual Environment
2021-02-11T13:32:07.8325847Z Environment: ubuntu-20.04
2021-02-11T13:32:07.8326410Z Version: 20210208.0
2021-02-11T13:32:07.8327769Z Included Software: https://github.com/actions/virtual-environments/blob/ubuntu20/20210208.0/images/linux/Ubuntu2004-README.md
2021-02-11T13:32:07.8328708Z ##[endgroup]
2021-02-11T13:32:07.8330817Z ##[group]GITHUB_TOKEN Permissions
2021-02-11T13:32:07.8332275Z Actions: write
2021-02-11T13:32:07.8332838Z Checks: write
2021-02-11T13:32:07.8333360Z Contents: write
2021-02-11T13:32:07.8333996Z Deployments: write
2021-02-11T13:32:07.8334499Z Issues: write
2021-02-11T13:32:07.8334994Z Metadata: read
2021-02-11T13:32:07.8335642Z OrganizationPackages: write
2021-02-11T13:32:07.8336403Z Packages: write
2021-02-11T13:32:07.8337011Z PullRequests: write
2021-02-11T13:32:07.8337618Z RepositoryProjects: write
2021-02-11T13:32:07.8338298Z SecurityEvents: write
2021-02-11T13:32:07.8338837Z Statuses: write
2021-02-11T13:32:07.8339443Z ##[endgroup]
2021-02-11T13:32:07.8342823Z Prepare workflow directory
2021-02-11T13:32:07.9035178Z Prepare all required actions
2021-02-11T13:32:07.9046943Z Getting action download info
2021-02-11T13:32:08.0921453Z Download action repository 'actions/checkout@v2'
2021-02-11T13:32:09.8285516Z Download action repository 'actions/setup-python@v2'
2021-02-11T13:32:10.1568026Z ##[group]Run actions/checkout@v2
2021-02-11T13:32:10.1568755Z with:
2021-02-11T13:32:10.1569284Z   repository: con/tinuous
2021-02-11T13:32:10.1570160Z   token: ***
2021-02-11T13:32:10.1570732Z   ssh-strict: true
2021-02-11T13:32:10.1571315Z   persist-credentials: true
2021-02-11T13:32:10.1571887Z   clean: true
2021-02-11T13:32:10.1572335Z   fetch-depth: 1
2021-02-11T13:32:10.1572826Z   lfs: false
2021-02-11T13:32:10.1573296Z   submodules: false
2021-02-11T13:32:10.1573795Z ##[endgroup]
2021-02-11T13:32:10.5607662Z Syncing repository: con/tinuous
2021-02-11T13:32:10.5630088Z ##[group]Getting Git version info
2021-02-11T13:32:10.5631430Z Working directory is '/home/runner/work/tinuous/tinuous'
2021-02-11T13:32:10.5693898Z [command]/usr/bin/git version
2021-02-11T13:32:10.6024480Z git version 2.30.0
2021-02-11T13:32:10.6065405Z ##[endgroup]
2021-02-11T13:32:10.6075841Z Deleting the contents of '/home/runner/work/tinuous/tinuous'
2021-02-11T13:32:10.6085420Z ##[group]Initializing the repository
2021-02-11T13:32:10.6092366Z [command]/usr/bin/git init /home/runner/work/tinuous/tinuous
2021-02-11T13:32:10.6184038Z hint: Using 'master' as the name for the initial branch. This default branch name
2021-02-11T13:32:10.6185039Z hint: is subject to change. To configure the initial branch name to use in all
2021-02-11T13:32:10.6186084Z hint: of your new repositories, which will suppress this warning, call:
2021-02-11T13:32:10.6186953Z hint: 
2021-02-11T13:32:10.6187769Z hint: 	git config --global init.defaultBranch <name>
2021-02-11T13:32:10.6188383Z hint: 
2021-02-11T13:32:10.6189268Z hint: Names commonly chosen instead of 'master' are 'main', 'trunk' and
2021-02-11T13:32:10.6190300Z hint: 'development'. The just-created branch can be renamed via this command:
2021-02-11T13:32:10.6191008Z hint: 
2021-02-11T13:32:10.6191618Z hint: 	git branch -m <name>
2021-02-11T13:32:10.6207215Z Initialized empty Git repository in /home/runner/work/tinuous/tinuous/.git/
2021-02-11T13:32:10.6218551Z [command]/usr/bin/git remote add origin https://github.com/con/tinuous
2021-02-11T13:32:10.6260300Z ##[endgroup]
2021-02-11T13:32:10.6261020Z ##[group]Disabling automatic garbage collection
2021-02-11T13:32:10.6268532Z [command]/usr/bin/git config --local gc.auto 0
2021-02-11T13:32:10.6305993Z ##[endgroup]
2021-02-11T13:32:10.6316780Z ##[group]Setting up auth
2021-02-11T13:32:10.6328830Z [command]/usr/bin/git config --local --name-only --get-regexp core\.sshCommand
2021-02-11T13:32:10.6368142Z [command]/usr/bin/git submodule foreach --recursive git config --local --name-only --get-regexp 'core\.sshCommand' && git config --local --unset-all 'core.sshCommand' || :
2021-02-11T13:32:10.6797741Z [command]/usr/bin/git config --local --name-only --get-regexp http\.https\:\/\/github\.com\/\.extraheader
2021-02-11T13:32:10.6837975Z [command]/usr/bin/git submodule foreach --recursive git config --local --name-only --get-regexp 'http\.https\:\/\/github\.com\/\.extraheader' && git config --local --unset-all 'http.https://github.com/.extraheader' || :
2021-02-11T13:32:10.7080297Z [command]/usr/bin/git config --local http.https://github.com/.extraheader AUTHORIZATION: basic ***
2021-02-11T13:32:10.7142274Z ##[endgroup]
2021-02-11T13:32:10.7143737Z ##[group]Fetching the repository
2021-02-11T13:32:10.7156312Z [command]/usr/bin/git -c protocol.version=2 fetch --no-tags --prune --progress --no-recurse-submodules --depth=1 origin +f54bf15b3d4f7a13fe3a7fa46a67419796056fd4:refs/remotes/pull/14/merge
2021-02-11T13:32:11.0253823Z remote: Enumerating objects: 11, done.        
2021-02-11T13:32:11.0258240Z remote: Counting objects:   9% (1/11)        
2021-02-11T13:32:11.0261642Z remote: Counting objects:  18% (2/11)        
2021-02-11T13:32:11.0262928Z remote: Counting objects:  27% (3/11)        
2021-02-11T13:32:11.0267385Z remote: Counting objects:  36% (4/11)        
2021-02-11T13:32:11.0268309Z remote: Counting objects:  45% (5/11)        
2021-02-11T13:32:11.0457050Z remote: Counting objects:  54% (6/11)        
2021-02-11T13:32:11.0459199Z remote: Counting objects:  63% (7/11)        
2021-02-11T13:32:11.0558412Z remote: Counting objects:  72% (8/11)        
2021-02-11T13:32:11.0559233Z remote: Counting objects:  81% (9/11)        
2021-02-11T13:32:11.0560209Z remote: Counting objects:  90% (10/11)        
2021-02-11T13:32:11.0561094Z remote: Counting objects: 100% (11/11)        
2021-02-11T13:32:11.0561818Z remote: Counting objects: 100% (11/11), done.        
2021-02-11T13:32:11.0562606Z remote: Compressing objects:  11% (1/9)        
2021-02-11T13:32:11.0563349Z remote: Compressing objects:  22% (2/9)        
2021-02-11T13:32:11.0564096Z remote: Compressing objects:  33% (3/9)        
2021-02-11T13:32:11.0564843Z remote: Compressing objects:  44% (4/9)        
2021-02-11T13:32:11.0565592Z remote: Compressing objects:  55% (5/9)        
2021-02-11T13:32:11.0566732Z remote: Compressing objects:  66% (6/9)        
2021-02-11T13:32:11.0575822Z remote: Compressing objects:  77% (7/9)        
2021-02-11T13:32:11.0576626Z remote: Compressing objects:  88% (8/9)        
2021-02-11T13:32:11.0577379Z remote: Compressing objects: 100% (9/9)        
2021-02-11T13:32:11.0578132Z remote: Compressing objects: 100% (9/9), done.        
2021-02-11T13:32:11.0579547Z remote: Total 11 (delta 0), reused 6 (delta 0), pack-reused 0        
2021-02-11T13:32:11.0580430Z From https://github.com/con/tinuous
2021-02-11T13:32:11.0581685Z  * [new ref]         f54bf15b3d4f7a13fe3a7fa46a67419796056fd4 -> pull/14/merge
2021-02-11T13:32:11.0582879Z ##[endgroup]
2021-02-11T13:32:11.0583617Z ##[group]Determining the checkout info
2021-02-11T13:32:11.0584309Z ##[endgroup]
2021-02-11T13:32:11.0584804Z ##[group]Checking out the ref
2021-02-11T13:32:11.0585764Z [command]/usr/bin/git checkout --progress --force refs/remotes/pull/14/merge
2021-02-11T13:32:11.0586686Z Note: switching to 'refs/remotes/pull/14/merge'.
2021-02-11T13:32:11.0587231Z 
2021-02-11T13:32:11.0587991Z You are in 'detached HEAD' state. You can look around, make experimental
2021-02-11T13:32:11.0588778Z changes and commit them, and you can discard any commits you make in this
2021-02-11T13:32:11.0589546Z state without impacting any branches by switching back to a branch.
2021-02-11T13:32:11.0589990Z 
2021-02-11T13:32:11.0590522Z If you want to create a new branch to retain commits you create, you may
2021-02-11T13:32:11.0591420Z do so (now or later) by using -c with the switch command. Example:
2021-02-11T13:32:11.0591839Z 
2021-02-11T13:32:11.0592449Z   git switch -c <new-branch-name>
2021-02-11T13:32:11.0593012Z 
2021-02-11T13:32:11.0593450Z Or undo this operation with:
2021-02-11T13:32:11.0593769Z 
2021-02-11T13:32:11.0594294Z   git switch -
2021-02-11T13:32:11.0594570Z 
2021-02-11T13:32:11.0595192Z Turn off this advice by setting config variable advice.detachedHead to false
2021-02-11T13:32:11.0595711Z 
2021-02-11T13:32:11.0596525Z HEAD is now at f54bf15 Merge d408683a33de5a3a84f3c338b73ebfefdf3c397f into c0639f3f27b8182e6c412439cd7c2106e58411d2
2021-02-11T13:32:11.0597415Z ##[endgroup]
2021-02-11T13:32:11.0598102Z [command]/usr/bin/git log -1 --format='%H'
2021-02-11T13:32:11.0598965Z 'f54bf15b3d4f7a13fe3a7fa46a67419796056fd4'
2021-02-11T13:32:11.0755030Z ##[group]Run actions/setup-python@v2
2021-02-11T13:32:11.0755579Z with:
2021-02-11T13:32:11.0755997Z   python-version: 3.9
2021-02-11T13:32:11.0757277Z   token: ***
2021-02-11T13:32:11.0757941Z ##[endgroup]
2021-02-11T13:32:11.1535183Z Successfully setup CPython (3.9.1)
2021-02-11T13:32:11.1606481Z ##[group]Run python -m pip install --upgrade pip wheel
2021-02-11T13:32:11.1607306Z [36;1mpython -m pip install --upgrade pip wheel[0m
2021-02-11T13:32:11.1607951Z [36;1mpython -m pip install -r requirements.txt[0m
2021-02-11T13:32:11.1656643Z shell: /usr/bin/bash -e {0}
2021-02-11T13:32:11.1657088Z env:
2021-02-11T13:32:11.1657635Z   pythonLocation: /opt/hostedtoolcache/Python/3.9.1/x64
2021-02-11T13:32:11.1658373Z   LD_LIBRARY_PATH: /opt/hostedtoolcache/Python/3.9.1/x64/lib
2021-02-11T13:32:11.1658917Z ##[endgroup]
2021-02-11T13:32:13.0051500Z Requirement already satisfied: pip in /opt/hostedtoolcache/Python/3.9.1/x64/lib/python3.9/site-packages (21.0.1)
2021-02-11T13:32:13.4254759Z Collecting wheel
2021-02-11T13:32:13.4601663Z   Downloading wheel-0.36.2-py2.py3-none-any.whl (35 kB)
2021-02-11T13:32:13.5077207Z Installing collected packages: wheel
2021-02-11T13:32:13.5469605Z Successfully installed wheel-0.36.2
2021-02-11T13:32:14.2956147Z Collecting cfgv~=3.0
2021-02-11T13:32:14.3295731Z   Downloading cfgv-3.2.0-py2.py3-none-any.whl (7.3 kB)
2021-02-11T13:32:14.3881139Z Collecting click~=7.0
2021-02-11T13:32:14.3965033Z   Downloading click-7.1.2-py2.py3-none-any.whl (82 kB)
2021-02-11T13:32:14.4372193Z Collecting click-loglevel~=0.2
2021-02-11T13:32:14.4456720Z   Downloading click_loglevel-0.3.0-py3-none-any.whl (5.0 kB)
2021-02-11T13:32:14.4984829Z Collecting PyGithub~=1.53
2021-02-11T13:32:14.5078938Z   Downloading PyGithub-1.54.1-py3-none-any.whl (289 kB)
2021-02-11T13:32:14.5888748Z Collecting python-dateutil~=2.7
2021-02-11T13:32:14.5975681Z   Downloading python_dateutil-2.8.1-py2.py3-none-any.whl (227 kB)
2021-02-11T13:32:14.7133425Z Collecting PyYAML~=5.0
2021-02-11T13:32:14.7224228Z   Downloading PyYAML-5.4.1-cp39-cp39-manylinux1_x86_64.whl (630 kB)
2021-02-11T13:32:14.8671314Z Collecting requests~=2.20
2021-02-11T13:32:14.8784985Z   Downloading requests-2.25.1-py2.py3-none-any.whl (61 kB)
2021-02-11T13:32:15.8289683Z Collecting pyjwt<2.0
2021-02-11T13:32:15.8293272Z   Downloading PyJWT-1.7.1-py2.py3-none-any.whl (18 kB)
2021-02-11T13:32:15.8294156Z Collecting deprecated
2021-02-11T13:32:15.8295744Z   Downloading Deprecated-1.2.11-py2.py3-none-any.whl (9.1 kB)
2021-02-11T13:32:15.8297116Z Collecting six>=1.5
2021-02-11T13:32:15.8298603Z   Downloading six-1.15.0-py2.py3-none-any.whl (10 kB)
2021-02-11T13:32:15.8299816Z Collecting idna<3,>=2.5
2021-02-11T13:32:15.8301184Z   Downloading idna-2.10-py2.py3-none-any.whl (58 kB)
2021-02-11T13:32:15.8302406Z Collecting chardet<5,>=3.0.2
2021-02-11T13:32:15.8303746Z   Downloading chardet-4.0.0-py2.py3-none-any.whl (178 kB)
2021-02-11T13:32:15.8305988Z Collecting urllib3<1.27,>=1.21.1
2021-02-11T13:32:15.8307466Z   Downloading urllib3-1.26.3-py2.py3-none-any.whl (137 kB)
2021-02-11T13:32:15.8308874Z Collecting certifi>=2017.4.17
2021-02-11T13:32:15.8310142Z   Downloading certifi-2020.12.5-py2.py3-none-any.whl (147 kB)
2021-02-11T13:32:15.8311055Z Collecting wrapt<2,>=1.10
2021-02-11T13:32:15.8312057Z   Downloading wrapt-1.12.1.tar.gz (27 kB)
2021-02-11T13:32:16.5865142Z Building wheels for collected packages: wrapt
2021-02-11T13:32:16.5871845Z   Building wheel for wrapt (setup.py): started
2021-02-11T13:32:20.2071219Z   Building wheel for wrapt (setup.py): finished with status 'done'
2021-02-11T13:32:20.2078751Z   Created wheel for wrapt: filename=wrapt-1.12.1-cp39-cp39-linux_x86_64.whl size=78689 sha256=61f88082c640c40691e6b1f7034b49ee6f590ae3e013dd98553b2c472db82cbe
2021-02-11T13:32:20.2080882Z   Stored in directory: /home/runner/.cache/pip/wheels/98/23/68/efe259aaca055e93b08e74fbe512819c69a2155c11ba3c0f10
2021-02-11T13:32:20.2103073Z Successfully built wrapt
2021-02-11T13:32:20.3058737Z Installing collected packages: wrapt, urllib3, idna, chardet, certifi, six, requests, pyjwt, deprecated, click, PyYAML, python-dateutil, PyGithub, click-loglevel, cfgv
2021-02-11T13:32:21.2199053Z Successfully installed PyGithub-1.54.1 PyYAML-5.4.1 certifi-2020.12.5 cfgv-3.2.0 chardet-4.0.0 click-7.1.2 click-loglevel-0.3.0 deprecated-1.2.11 idna-2.10 pyjwt-1.7.1 python-dateutil-2.8.1 requests-2.25.1 six-1.15.0 urllib3-1.26.3 wrapt-1.12.1
2021-02-11T13:32:21.3096542Z ##[group]Run python tinuous --help
2021-02-11T13:32:21.3097476Z [36;1mpython tinuous --help[0m
2021-02-11T13:32:21.3140546Z shell: /usr/bin/bash -e {0}
2021-02-11T13:32:21.3140889Z env:
2021-02-11T13:32:21.3141386Z   pythonLocation: /opt/hostedtoolcache/Python/3.9.1/x64
2021-02-11T13:32:21.3142040Z   LD_LIBRARY_PATH: /opt/hostedtoolcache/Python/3.9.1/x64/lib
2021-02-11T13:32:21.3142526Z ##[endgroup]
2021-02-11T13:32:21.5823872Z Usage: tinuous [OPTIONS]
2021-02-11T13:32:21.5824547Z 
2021-02-11T13:32:21.5825177Z Options:
2021-02-11T13:32:21.5826515Z   -c, --config FILE               Read configuration from the given file
2021-02-11T13:32:21.5827434Z                                   [default: config.yml]
2021-02-11T13:32:21.5827813Z 
2021-02-11T13:32:21.5828550Z   -l, --log-level [NOTSET|DEBUG|INFO|WARNING|ERROR|CRITICAL]
2021-02-11T13:32:21.5829256Z                                   Set logging level  [default: INFO]
2021-02-11T13:32:21.5830178Z   -S, --state FILE                Store program state in the given file
2021-02-11T13:32:21.5830847Z                                   [default: .dlstate.json]
2021-02-11T13:32:21.5831234Z 
2021-02-11T13:32:21.5831898Z   --help                          Show this message and exit.
2021-02-11T13:32:21.6132205Z Post job cleanup.
2021-02-11T13:32:21.7120264Z [command]/usr/bin/git version
2021-02-11T13:32:21.7167257Z git version 2.30.0
2021-02-11T13:32:21.7205626Z [command]/usr/bin/git config --local --name-only --get-regexp core\.sshCommand
2021-02-11T13:32:21.7246494Z [command]/usr/bin/git submodule foreach --recursive git config --local --name-only --get-regexp 'core\.sshCommand' && git config --local --unset-all 'core.sshCommand' || :
2021-02-11T13:32:21.7507591Z [command]/usr/bin/git config --local --name-only --get-regexp http\.https\:\/\/github\.com\/\.extraheader
2021-02-11T13:32:21.7536447Z http.https://github.com/.extraheader
2021-02-11T13:32:21.7546682Z [command]/usr/bin/git config --local --unset-all http.https://github.com/.extraheader
2021-02-11T13:32:21.7581095Z [command]/usr/bin/git submodule foreach --recursive git config --local --name-only --get-regexp 'http\.https\:\/\/github\.com\/\.extraheader' && git config --local --unset-all 'http.https://github.com/.extraheader' || :
2021-02-11T13:32:21.7853617Z Cleaning up orphan processes
