2023-11-09T15:59:27.5392830Z Requested labels: ubuntu-latest
2023-11-09T15:59:27.5393177Z Job defined at: con/tinuous/.github/workflows/test.yml@refs/pull/183/merge
2023-11-09T15:59:27.5393272Z Waiting for a runner to pick up this job...
2023-11-09T15:59:29.2246418Z Job is waiting for a hosted runner to come online.
2023-11-09T15:59:32.3975103Z Job is about to start running on the hosted runner: GitHub Actions 14 (hosted)
2023-11-09T15:59:34.7569247Z Current runner version: '2.311.0'
2023-11-09T15:59:34.7591788Z ##[group]Operating System
2023-11-09T15:59:34.7592414Z Ubuntu
2023-11-09T15:59:34.7592745Z 22.04.3
2023-11-09T15:59:34.7593139Z LTS
2023-11-09T15:59:34.7593466Z ##[endgroup]
2023-11-09T15:59:34.7593799Z ##[group]Runner Image
2023-11-09T15:59:34.7594303Z Image: ubuntu-22.04
2023-11-09T15:59:34.7594696Z Version: 20231030.2.0
2023-11-09T15:59:34.7595674Z Included Software: https://github.com/actions/runner-images/blob/ubuntu22/20231030.2/images/linux/Ubuntu2204-Readme.md
2023-11-09T15:59:34.7597135Z Image Release: https://github.com/actions/runner-images/releases/tag/ubuntu22%2F20231030.2
2023-11-09T15:59:34.7598021Z ##[endgroup]
2023-11-09T15:59:34.7598424Z ##[group]Runner Image Provisioner
2023-11-09T15:59:34.7598928Z 2.0.312.1
2023-11-09T15:59:34.7599268Z ##[endgroup]
2023-11-09T15:59:34.7601398Z ##[group]GITHUB_TOKEN Permissions
2023-11-09T15:59:34.7603047Z Actions: write
2023-11-09T15:59:34.7603484Z Checks: write
2023-11-09T15:59:34.7604103Z Contents: write
2023-11-09T15:59:34.7604565Z Deployments: write
2023-11-09T15:59:34.7605016Z Discussions: write
2023-11-09T15:59:34.7605426Z Issues: write
2023-11-09T15:59:34.7605798Z Metadata: read
2023-11-09T15:59:34.7606194Z Packages: write
2023-11-09T15:59:34.7606566Z Pages: write
2023-11-09T15:59:34.7606944Z PullRequests: write
2023-11-09T15:59:34.7607374Z RepositoryProjects: write
2023-11-09T15:59:34.7607871Z SecurityEvents: write
2023-11-09T15:59:34.7608267Z Statuses: write
2023-11-09T15:59:34.7608661Z ##[endgroup]
2023-11-09T15:59:34.7611570Z Secret source: Actions
2023-11-09T15:59:34.7612129Z Prepare workflow directory
2023-11-09T15:59:34.8222194Z Prepare all required actions
2023-11-09T15:59:34.8379466Z Getting action download info
2023-11-09T15:59:35.1093462Z Download action repository 'actions/checkout@v4' (SHA:b4ffde65f46336ab88eb53be808477a3936bae11)
2023-11-09T15:59:35.2287220Z Download action repository 'actions/setup-python@v4' (SHA:65d7f2d534ac1bc67fcd62888c5f4f3d2cb2b236)
2023-11-09T15:59:35.2977023Z Download action repository 'codecov/codecov-action@v3' (SHA:eaaf4bedf32dbdc6b720b63067d99c4d77d6047d)
2023-11-09T15:59:35.9702965Z Complete job name: test (3.8, lint)
2023-11-09T15:59:36.0617160Z ##[group]Run actions/checkout@v4
2023-11-09T15:59:36.0617615Z with:
2023-11-09T15:59:36.0618079Z   fetch-depth: 0
2023-11-09T15:59:36.0618438Z   repository: con/tinuous
2023-11-09T15:59:36.0619070Z   token: ***
2023-11-09T15:59:36.0619383Z   ssh-strict: true
2023-11-09T15:59:36.0619781Z   persist-credentials: true
2023-11-09T15:59:36.0620249Z   clean: true
2023-11-09T15:59:36.0620568Z   sparse-checkout-cone-mode: true
2023-11-09T15:59:36.0620971Z   fetch-tags: false
2023-11-09T15:59:36.0621407Z   show-progress: true
2023-11-09T15:59:36.0621724Z   lfs: false
2023-11-09T15:59:36.0622037Z   submodules: false
2023-11-09T15:59:36.0622491Z   set-safe-directory: true
2023-11-09T15:59:36.0622826Z ##[endgroup]
2023-11-09T15:59:36.2376293Z Syncing repository: con/tinuous
2023-11-09T15:59:36.2378646Z ##[group]Getting Git version info
2023-11-09T15:59:36.2379652Z Working directory is '/home/runner/work/tinuous/tinuous'
2023-11-09T15:59:36.2381037Z [command]/usr/bin/git version
2023-11-09T15:59:36.2381729Z git version 2.42.0
2023-11-09T15:59:36.2383763Z ##[endgroup]
2023-11-09T15:59:36.2398123Z Temporarily overriding HOME='/home/runner/work/_temp/a43ec708-0448-4434-8871-c766ae4d1b52' before making global git config changes
2023-11-09T15:59:36.2399834Z Adding repository directory to the temporary git global config as a safe directory
2023-11-09T15:59:36.2401534Z [command]/usr/bin/git config --global --add safe.directory /home/runner/work/tinuous/tinuous
2023-11-09T15:59:36.2419072Z Deleting the contents of '/home/runner/work/tinuous/tinuous'
2023-11-09T15:59:36.2425045Z ##[group]Initializing the repository
2023-11-09T15:59:36.2427802Z [command]/usr/bin/git init /home/runner/work/tinuous/tinuous
2023-11-09T15:59:36.2491302Z hint: Using 'master' as the name for the initial branch. This default branch name
2023-11-09T15:59:36.2492921Z hint: is subject to change. To configure the initial branch name to use in all
2023-11-09T15:59:36.2494171Z hint: of your new repositories, which will suppress this warning, call:
2023-11-09T15:59:36.2495148Z hint: 
2023-11-09T15:59:36.2495854Z hint: 	git config --global init.defaultBranch <name>
2023-11-09T15:59:36.2496572Z hint: 
2023-11-09T15:59:36.2497473Z hint: Names commonly chosen instead of 'master' are 'main', 'trunk' and
2023-11-09T15:59:36.2498797Z hint: 'development'. The just-created branch can be renamed via this command:
2023-11-09T15:59:36.2499708Z hint: 
2023-11-09T15:59:36.2500288Z hint: 	git branch -m <name>
2023-11-09T15:59:36.2503606Z Initialized empty Git repository in /home/runner/work/tinuous/tinuous/.git/
2023-11-09T15:59:36.2512912Z [command]/usr/bin/git remote add origin https://github.com/con/tinuous
2023-11-09T15:59:36.2544262Z ##[endgroup]
2023-11-09T15:59:36.2545307Z ##[group]Disabling automatic garbage collection
2023-11-09T15:59:36.2547277Z [command]/usr/bin/git config --local gc.auto 0
2023-11-09T15:59:36.2579329Z ##[endgroup]
2023-11-09T15:59:36.2580484Z ##[group]Setting up auth
2023-11-09T15:59:36.2585278Z [command]/usr/bin/git config --local --name-only --get-regexp core\.sshCommand
2023-11-09T15:59:36.2613522Z [command]/usr/bin/git submodule foreach --recursive sh -c "git config --local --name-only --get-regexp 'core\.sshCommand' && git config --local --unset-all 'core.sshCommand' || :"
2023-11-09T15:59:36.2919433Z [command]/usr/bin/git config --local --name-only --get-regexp http\.https\:\/\/github\.com\/\.extraheader
2023-11-09T15:59:36.2946041Z [command]/usr/bin/git submodule foreach --recursive sh -c "git config --local --name-only --get-regexp 'http\.https\:\/\/github\.com\/\.extraheader' && git config --local --unset-all 'http.https://github.com/.extraheader' || :"
2023-11-09T15:59:36.3172732Z [command]/usr/bin/git config --local http.https://github.com/.extraheader AUTHORIZATION: basic ***
2023-11-09T15:59:36.3205571Z ##[endgroup]
2023-11-09T15:59:36.3207031Z ##[group]Fetching the repository
2023-11-09T15:59:36.3216093Z [command]/usr/bin/git -c protocol.version=2 fetch --prune --no-recurse-submodules origin +refs/heads/*:refs/remotes/origin/* +refs/tags/*:refs/tags/* +f533cd59c3c972ee90dd4b99e996ea950c6b6154:refs/remotes/pull/183/merge
2023-11-09T15:59:37.0117013Z From https://github.com/con/tinuous
2023-11-09T15:59:37.0118429Z  * [new branch]      fix-typing                               -> origin/fix-typing
2023-11-09T15:59:37.0119916Z  * [new branch]      gh-55                                    -> origin/gh-55
2023-11-09T15:59:37.0121002Z  * [new branch]      headers                                  -> origin/headers
2023-11-09T15:59:37.0122161Z  * [new branch]      master                                   -> origin/master
2023-11-09T15:59:37.0123765Z  * [new branch]      mypy-import                              -> origin/mypy-import
2023-11-09T15:59:37.0126085Z  * [new branch]      no-extra-search                          -> origin/no-extra-search
2023-11-09T15:59:37.0128153Z  * [new branch]      pragmata                                 -> origin/pragmata
2023-11-09T15:59:37.0129889Z  * [new branch]      py312                                    -> origin/py312
2023-11-09T15:59:37.0132008Z  * [new branch]      pypy                                     -> origin/pypy
2023-11-09T15:59:37.0134352Z  * [new branch]      status-enum                              -> origin/status-enum
2023-11-09T15:59:37.0136660Z  * [new branch]      test-appveyor                            -> origin/test-appveyor
2023-11-09T15:59:37.0138577Z  * [new branch]      unused                                   -> origin/unused
2023-11-09T15:59:37.0140676Z  * [new branch]      updates                                  -> origin/updates
2023-11-09T15:59:37.0142404Z  * [new tag]         0.1.0                                    -> 0.1.0
2023-11-09T15:59:37.0143668Z  * [new tag]         0.2.0                                    -> 0.2.0
2023-11-09T15:59:37.0145234Z  * [new tag]         0.3.0                                    -> 0.3.0
2023-11-09T15:59:37.0146709Z  * [new tag]         0.4.0                                    -> 0.4.0
2023-11-09T15:59:37.0148127Z  * [new tag]         0.5.0                                    -> 0.5.0
2023-11-09T15:59:37.0149538Z  * [new tag]         0.5.1                                    -> 0.5.1
2023-11-09T15:59:37.0150939Z  * [new tag]         0.5.2                                    -> 0.5.2
2023-11-09T15:59:37.0152286Z  * [new tag]         0.5.3                                    -> 0.5.3
2023-11-09T15:59:37.0153698Z  * [new tag]         0.5.4                                    -> 0.5.4
2023-11-09T15:59:37.0155056Z  * [new tag]         0.6.0                                    -> 0.6.0
2023-11-09T15:59:37.0156458Z  * [new tag]         0.6.1                                    -> 0.6.1
2023-11-09T15:59:37.0160364Z  * [new ref]         f533cd59c3c972ee90dd4b99e996ea950c6b6154 -> pull/183/merge
2023-11-09T15:59:37.0191269Z ##[endgroup]
2023-11-09T15:59:37.0192006Z ##[group]Determining the checkout info
2023-11-09T15:59:37.0193117Z ##[endgroup]
2023-11-09T15:59:37.0193950Z ##[group]Checking out the ref
2023-11-09T15:59:37.0197317Z [command]/usr/bin/git checkout --progress --force refs/remotes/pull/183/merge
2023-11-09T15:59:37.0250833Z Note: switching to 'refs/remotes/pull/183/merge'.
2023-11-09T15:59:37.0251590Z 
2023-11-09T15:59:37.0252296Z You are in 'detached HEAD' state. You can look around, make experimental
2023-11-09T15:59:37.0253261Z changes and commit them, and you can discard any commits you make in this
2023-11-09T15:59:37.0254130Z state without impacting any branches by switching back to a branch.
2023-11-09T15:59:37.0254612Z 
2023-11-09T15:59:37.0255055Z If you want to create a new branch to retain commits you create, you may
2023-11-09T15:59:37.0256035Z do so (now or later) by using -c with the switch command. Example:
2023-11-09T15:59:37.0256712Z 
2023-11-09T15:59:37.0257155Z   git switch -c <new-branch-name>
2023-11-09T15:59:37.0257929Z 
2023-11-09T15:59:37.0258313Z Or undo this operation with:
2023-11-09T15:59:37.0258795Z 
2023-11-09T15:59:37.0259020Z   git switch -
2023-11-09T15:59:37.0259397Z 
2023-11-09T15:59:37.0260300Z Turn off this advice by setting config variable advice.detachedHead to false
2023-11-09T15:59:37.0261139Z 
2023-11-09T15:59:37.0262086Z HEAD is now at f533cd5 Merge f0ad188274a74964db45e378c069e651ad73b16b into e0ad333d939ebc7bdd0131684b3bb9606b6c2435
2023-11-09T15:59:37.0264558Z ##[endgroup]
2023-11-09T15:59:37.0293924Z [command]/usr/bin/git log -1 --format='%H'
2023-11-09T15:59:37.0316827Z 'f533cd59c3c972ee90dd4b99e996ea950c6b6154'
2023-11-09T15:59:37.0617461Z ##[group]Run actions/setup-python@v4
2023-11-09T15:59:37.0617913Z with:
2023-11-09T15:59:37.0618336Z   python-version: 3.8
2023-11-09T15:59:37.0618653Z   check-latest: false
2023-11-09T15:59:37.0619129Z   token: ***
2023-11-09T15:59:37.0619552Z   update-environment: true
2023-11-09T15:59:37.0619895Z   allow-prereleases: false
2023-11-09T15:59:37.0620249Z ##[endgroup]
2023-11-09T15:59:37.2510114Z ##[group]Installed versions
2023-11-09T15:59:37.2587729Z Successfully set up CPython (3.8.18)
2023-11-09T15:59:37.2589000Z ##[endgroup]
2023-11-09T15:59:37.2726139Z ##[group]Run python -m pip install --upgrade pip wheel
2023-11-09T15:59:37.2726834Z [36;1mpython -m pip install --upgrade pip wheel[0m
2023-11-09T15:59:37.2727470Z [36;1mpython -m pip install --upgrade --upgrade-strategy=eager tox[0m
2023-11-09T15:59:37.2787469Z shell: /usr/bin/bash -e {0}
2023-11-09T15:59:37.2788008Z env:
2023-11-09T15:59:37.2788409Z   pythonLocation: /opt/hostedtoolcache/Python/3.8.18/x64
2023-11-09T15:59:37.2789052Z   PKG_CONFIG_PATH: /opt/hostedtoolcache/Python/3.8.18/x64/lib/pkgconfig
2023-11-09T15:59:37.2789751Z   Python_ROOT_DIR: /opt/hostedtoolcache/Python/3.8.18/x64
2023-11-09T15:59:37.2790323Z   Python2_ROOT_DIR: /opt/hostedtoolcache/Python/3.8.18/x64
2023-11-09T15:59:37.2790837Z   Python3_ROOT_DIR: /opt/hostedtoolcache/Python/3.8.18/x64
2023-11-09T15:59:37.2791475Z   LD_LIBRARY_PATH: /opt/hostedtoolcache/Python/3.8.18/x64/lib
2023-11-09T15:59:37.2792205Z ##[endgroup]
2023-11-09T15:59:37.8758723Z Requirement already satisfied: pip in /opt/hostedtoolcache/Python/3.8.18/x64/lib/python3.8/site-packages (23.0.1)
2023-11-09T15:59:37.9892717Z Collecting pip
2023-11-09T15:59:38.0492789Z   Downloading pip-23.3.1-py3-none-any.whl.metadata (3.5 kB)
2023-11-09T15:59:38.0865896Z Collecting wheel
2023-11-09T15:59:38.0915590Z   Downloading wheel-0.41.3-py3-none-any.whl.metadata (2.2 kB)
2023-11-09T15:59:38.1015815Z Downloading pip-23.3.1-py3-none-any.whl (2.1 MB)
2023-11-09T15:59:38.1440308Z    ━━━━━━━━━━━━━━━━━━━━━━━━━━━━━━━━━━━━━━━━ 2.1/2.1 MB 52.9 MB/s eta 0:00:00
2023-11-09T15:59:38.1477706Z Downloading wheel-0.41.3-py3-none-any.whl (65 kB)
2023-11-09T15:59:38.1528686Z    ━━━━━━━━━━━━━━━━━━━━━━━━━━━━━━━━━━━━━━━━ 65.8/65.8 kB 19.0 MB/s eta 0:00:00
2023-11-09T15:59:38.1915073Z Installing collected packages: wheel, pip
2023-11-09T15:59:38.2306665Z   Attempting uninstall: pip
2023-11-09T15:59:38.2312837Z     Found existing installation: pip 23.0.1
2023-11-09T15:59:38.2803576Z     Uninstalling pip-23.0.1:
2023-11-09T15:59:38.3271930Z       Successfully uninstalled pip-23.0.1
2023-11-09T15:59:39.2340540Z Successfully installed pip-23.3.1 wheel-0.41.3
2023-11-09T15:59:39.9684036Z Collecting tox
2023-11-09T15:59:40.0150537Z   Downloading tox-4.11.3-py3-none-any.whl.metadata (5.0 kB)
2023-11-09T15:59:40.0681486Z Collecting cachetools>=5.3.1 (from tox)
2023-11-09T15:59:40.0719788Z   Downloading cachetools-5.3.2-py3-none-any.whl.metadata (5.2 kB)
2023-11-09T15:59:40.0885094Z Collecting chardet>=5.2 (from tox)
2023-11-09T15:59:40.0919389Z   Downloading chardet-5.2.0-py3-none-any.whl.metadata (3.4 kB)
2023-11-09T15:59:40.1166204Z Collecting colorama>=0.4.6 (from tox)
2023-11-09T15:59:40.1202585Z   Downloading colorama-0.4.6-py2.py3-none-any.whl (25 kB)
2023-11-09T15:59:40.1542549Z Collecting filelock>=3.12.3 (from tox)
2023-11-09T15:59:40.1580209Z   Downloading filelock-3.13.1-py3-none-any.whl.metadata (2.8 kB)
2023-11-09T15:59:40.1862249Z Collecting packaging>=23.1 (from tox)
2023-11-09T15:59:40.1902580Z   Downloading packaging-23.2-py3-none-any.whl.metadata (3.2 kB)
2023-11-09T15:59:40.2162255Z Collecting platformdirs>=3.10 (from tox)
2023-11-09T15:59:40.2199958Z   Downloading platformdirs-3.11.0-py3-none-any.whl.metadata (11 kB)
2023-11-09T15:59:40.2426769Z Collecting pluggy>=1.3 (from tox)
2023-11-09T15:59:40.2464012Z   Downloading pluggy-1.3.0-py3-none-any.whl.metadata (4.3 kB)
2023-11-09T15:59:40.2663406Z Collecting pyproject-api>=1.6.1 (from tox)
2023-11-09T15:59:40.2703241Z   Downloading pyproject_api-1.6.1-py3-none-any.whl.metadata (2.8 kB)
2023-11-09T15:59:40.2920941Z Collecting tomli>=2.0.1 (from tox)
2023-11-09T15:59:40.2957927Z   Downloading tomli-2.0.1-py3-none-any.whl (12 kB)
2023-11-09T15:59:40.3896422Z Collecting virtualenv>=20.24.3 (from tox)
2023-11-09T15:59:40.3938067Z   Downloading virtualenv-20.24.6-py3-none-any.whl.metadata (4.5 kB)
2023-11-09T15:59:40.4745439Z Collecting distlib<1,>=0.3.7 (from virtualenv>=20.24.3->tox)
2023-11-09T15:59:40.4784090Z   Downloading distlib-0.3.7-py2.py3-none-any.whl.metadata (5.1 kB)
2023-11-09T15:59:40.4993851Z Downloading tox-4.11.3-py3-none-any.whl (153 kB)
2023-11-09T15:59:40.5079150Z    ━━━━━━━━━━━━━━━━━━━━━━━━━━━━━━━━━━━━━━━━ 153.8/153.8 kB 25.4 MB/s eta 0:00:00
2023-11-09T15:59:40.5115911Z Downloading cachetools-5.3.2-py3-none-any.whl (9.3 kB)
2023-11-09T15:59:40.5170589Z Downloading chardet-5.2.0-py3-none-any.whl (199 kB)
2023-11-09T15:59:40.5232390Z    ━━━━━━━━━━━━━━━━━━━━━━━━━━━━━━━━━━━━━━━━ 199.4/199.4 kB 48.1 MB/s eta 0:00:00
2023-11-09T15:59:40.5272996Z Downloading filelock-3.13.1-py3-none-any.whl (11 kB)
2023-11-09T15:59:40.5394676Z Downloading packaging-23.2-py3-none-any.whl (53 kB)
2023-11-09T15:59:40.5442211Z    ━━━━━━━━━━━━━━━━━━━━━━━━━━━━━━━━━━━━━━━━ 53.0/53.0 kB 16.2 MB/s eta 0:00:00
2023-11-09T15:59:40.5477306Z Downloading platformdirs-3.11.0-py3-none-any.whl (17 kB)
2023-11-09T15:59:40.5535394Z Downloading pluggy-1.3.0-py3-none-any.whl (18 kB)
2023-11-09T15:59:40.5599721Z Downloading pyproject_api-1.6.1-py3-none-any.whl (12 kB)
2023-11-09T15:59:40.5664869Z Downloading virtualenv-20.24.6-py3-none-any.whl (3.8 MB)
2023-11-09T15:59:40.6020615Z    ━━━━━━━━━━━━━━━━━━━━━━━━━━━━━━━━━━━━━━━━ 3.8/3.8 MB 113.3 MB/s eta 0:00:00
2023-11-09T15:59:40.6057185Z Downloading distlib-0.3.7-py2.py3-none-any.whl (468 kB)
2023-11-09T15:59:40.6138316Z    ━━━━━━━━━━━━━━━━━━━━━━━━━━━━━━━━━━━━━━━━ 468.9/468.9 kB 77.3 MB/s eta 0:00:00
2023-11-09T15:59:40.7404499Z Installing collected packages: distlib, tomli, pluggy, platformdirs, packaging, filelock, colorama, chardet, cachetools, virtualenv, pyproject-api, tox
2023-11-09T15:59:41.2700476Z Successfully installed cachetools-5.3.2 chardet-5.2.0 colorama-0.4.6 distlib-0.3.7 filelock-3.13.1 packaging-23.2 platformdirs-3.11.0 pluggy-1.3.0 pyproject-api-1.6.1 tomli-2.0.1 tox-4.11.3 virtualenv-20.24.6
2023-11-09T15:59:41.3863667Z ##[group]Run tox -e lint
2023-11-09T15:59:41.3864123Z [36;1mtox -e lint[0m
2023-11-09T15:59:41.3909069Z shell: /usr/bin/bash -e {0}
2023-11-09T15:59:41.3909612Z env:
2023-11-09T15:59:41.3910028Z   pythonLocation: /opt/hostedtoolcache/Python/3.8.18/x64
2023-11-09T15:59:41.3910628Z   PKG_CONFIG_PATH: /opt/hostedtoolcache/Python/3.8.18/x64/lib/pkgconfig
2023-11-09T15:59:41.3911352Z   Python_ROOT_DIR: /opt/hostedtoolcache/Python/3.8.18/x64
2023-11-09T15:59:41.3911916Z   Python2_ROOT_DIR: /opt/hostedtoolcache/Python/3.8.18/x64
2023-11-09T15:59:41.3912485Z   Python3_ROOT_DIR: /opt/hostedtoolcache/Python/3.8.18/x64
2023-11-09T15:59:41.3913077Z   LD_LIBRARY_PATH: /opt/hostedtoolcache/Python/3.8.18/x64/lib
2023-11-09T15:59:41.3913564Z ##[endgroup]
2023-11-09T15:59:41.8916511Z lint: install_deps> python -I -m pip install flake8 flake8-bugbear flake8-builtins flake8-unused-arguments
2023-11-09T15:59:43.4566430Z lint: freeze> python -m pip freeze --all
2023-11-09T15:59:43.7660703Z lint: attrs==23.1.0,flake8==6.1.0,flake8-bugbear==23.9.16,flake8-builtins==2.2.0,flake8-unused-arguments==0.0.13,mccabe==0.7.0,pip==23.3.1,pycodestyle==2.11.1,pyflakes==3.1.0,setuptools==68.2.2,wheel==0.41.2
2023-11-09T15:59:43.7663655Z lint: commands[0]> flake8 --config=tox.ini src test
2023-11-09T15:59:44.2914991Z   lint: OK (2.69=setup[2.17]+cmd[0.52] seconds)
2023-11-09T15:59:44.2915701Z   congratulations :) (2.76 seconds)
2023-11-09T15:59:44.3267879Z Post job cleanup.
2023-11-09T15:59:44.4591791Z Post job cleanup.
2023-11-09T15:59:44.5328498Z [command]/usr/bin/git version
2023-11-09T15:59:44.5368337Z git version 2.42.0
2023-11-09T15:59:44.5410072Z Temporarily overriding HOME='/home/runner/work/_temp/69f020b2-a985-42e5-b50f-cd329d07cada' before making global git config changes
2023-11-09T15:59:44.5412035Z Adding repository directory to the temporary git global config as a safe directory
2023-11-09T15:59:44.5414347Z [command]/usr/bin/git config --global --add safe.directory /home/runner/work/tinuous/tinuous
2023-11-09T15:59:44.5448759Z [command]/usr/bin/git config --local --name-only --get-regexp core\.sshCommand
2023-11-09T15:59:44.5480823Z [command]/usr/bin/git submodule foreach --recursive sh -c "git config --local --name-only --get-regexp 'core\.sshCommand' && git config --local --unset-all 'core.sshCommand' || :"
2023-11-09T15:59:44.5731477Z [command]/usr/bin/git config --local --name-only --get-regexp http\.https\:\/\/github\.com\/\.extraheader
2023-11-09T15:59:44.5751818Z http.https://github.com/.extraheader
2023-11-09T15:59:44.5762386Z [command]/usr/bin/git config --local --unset-all http.https://github.com/.extraheader
2023-11-09T15:59:44.5791920Z [command]/usr/bin/git submodule foreach --recursive sh -c "git config --local --name-only --get-regexp 'http\.https\:\/\/github\.com\/\.extraheader' && git config --local --unset-all 'http.https://github.com/.extraheader' || :"
2023-11-09T15:59:44.6249216Z Cleaning up orphan processes
