2025-08-12T00:01:28.3778968Z Current runner version: '2.327.1'
2025-08-12T00:01:28.3813765Z ##[group]Runner Image Provisioner
2025-08-12T00:01:28.3815208Z Hosted Compute Agent
2025-08-12T00:01:28.3816101Z Version: 20250711.363
2025-08-12T00:01:28.3817067Z Commit: 6785254374ce925a23743850c1cb91912ce5c14c
2025-08-12T00:01:28.3818108Z Build Date: 2025-07-11T20:04:25Z
2025-08-12T00:01:28.3819245Z ##[endgroup]
2025-08-12T00:01:28.3820194Z ##[group]Operating System
2025-08-12T00:01:28.3821150Z Ubuntu
2025-08-12T00:01:28.3821929Z 24.04.2
2025-08-12T00:01:28.3822639Z LTS
2025-08-12T00:01:28.3823565Z ##[endgroup]
2025-08-12T00:01:28.3824760Z ##[group]Runner Image
2025-08-12T00:01:28.3825724Z Image: ubuntu-24.04
2025-08-12T00:01:28.3826785Z Version: 20250804.2.0
2025-08-12T00:01:28.3828546Z Included Software: https://github.com/actions/runner-images/blob/ubuntu24/20250804.2/images/ubuntu/Ubuntu2404-Readme.md
2025-08-12T00:01:28.3831442Z Image Release: https://github.com/actions/runner-images/releases/tag/ubuntu24%2F20250804.2
2025-08-12T00:01:28.3833234Z ##[endgroup]
2025-08-12T00:01:28.3837760Z ##[group]GITHUB_TOKEN Permissions
2025-08-12T00:01:28.3840876Z Actions: read
2025-08-12T00:01:28.3841895Z Attestations: read
2025-08-12T00:01:28.3842863Z Checks: read
2025-08-12T00:01:28.3843749Z Contents: read
2025-08-12T00:01:28.3844925Z Deployments: read
2025-08-12T00:01:28.3845886Z Discussions: read
2025-08-12T00:01:28.3846956Z Issues: read
2025-08-12T00:01:28.3847814Z Metadata: read
2025-08-12T00:01:28.3848699Z Models: read
2025-08-12T00:01:28.3849492Z Packages: read
2025-08-12T00:01:28.3850491Z Pages: read
2025-08-12T00:01:28.3851361Z PullRequests: read
2025-08-12T00:01:28.3852286Z RepositoryProjects: read
2025-08-12T00:01:28.3853260Z SecurityEvents: read
2025-08-12T00:01:28.3854530Z Statuses: read
2025-08-12T00:01:28.3855393Z ##[endgroup]
2025-08-12T00:01:28.3858484Z Secret source: Dependabot
2025-08-12T00:01:28.3859689Z Prepare workflow directory
2025-08-12T00:01:28.4333750Z Prepare all required actions
2025-08-12T00:01:28.4392505Z Getting action download info
2025-08-12T00:01:28.8656799Z ##[group]Download immutable action package 'actions/checkout@v5'
2025-08-12T00:01:28.8658439Z Version: 5.0.0
2025-08-12T00:01:28.8660482Z Digest: sha256:eeadcabaea84f68a89a9500d1086e01d075caee2c0a47357f94466f88cfc0693
2025-08-12T00:01:28.8662195Z Source commit SHA: 08c6903cd8c0fde910a37f88322edcfb5dd907a8
2025-08-12T00:01:28.8662958Z ##[endgroup]
2025-08-12T00:01:29.8849831Z ##[group]Download immutable action package 'actions/setup-python@v5'
2025-08-12T00:01:29.8850415Z Version: 5.6.0
2025-08-12T00:01:29.8851039Z Digest: sha256:0b35a0c11c97499e4e0576589036d450b9f5f9da74b7774225b3614b57324404
2025-08-12T00:01:29.8851763Z Source commit SHA: a26af69be951a213d495a4c3e4e4022e16d87065
2025-08-12T00:01:29.8852198Z ##[endgroup]
2025-08-12T00:01:30.0570494Z Download action repository 'codecov/codecov-action@v5' (SHA:18283e04ce6e62d37312384ff67231eb8fd56d24)
2025-08-12T00:01:30.2816966Z Getting action download info
2025-08-12T00:01:30.4252233Z ##[group]Download immutable action package 'actions/github-script@v7'
2025-08-12T00:01:30.4252844Z Version: 7.0.1
2025-08-12T00:01:30.4253367Z Digest: sha256:bce02966afe3a75123f766b765abe432fac5464b74976015dc06b811ac9054c7
2025-08-12T00:01:30.4254245Z Source commit SHA: 60a0d83039c74a4aee543508d2ffcb1c3799cdea
2025-08-12T00:01:30.4254740Z ##[endgroup]
2025-08-12T00:01:30.5968086Z Complete job name: test (pypy-3.11, py)
2025-08-12T00:01:30.6662297Z ##[group]Run actions/checkout@v5
2025-08-12T00:01:30.6663219Z with:
2025-08-12T00:01:30.6663598Z   fetch-depth: 0
2025-08-12T00:01:30.6664157Z   repository: con/tinuous
2025-08-12T00:01:30.6664863Z   token: ***
2025-08-12T00:01:30.6665270Z   ssh-strict: true
2025-08-12T00:01:30.6665816Z   ssh-user: git
2025-08-12T00:01:30.6666162Z   persist-credentials: true
2025-08-12T00:01:30.6666662Z   clean: true
2025-08-12T00:01:30.6667056Z   sparse-checkout-cone-mode: true
2025-08-12T00:01:30.6667454Z   fetch-tags: false
2025-08-12T00:01:30.6667953Z   show-progress: true
2025-08-12T00:01:30.6668372Z   lfs: false
2025-08-12T00:01:30.6668948Z   submodules: false
2025-08-12T00:01:30.6669425Z   set-safe-directory: true
2025-08-12T00:01:30.6670144Z ##[endgroup]
2025-08-12T00:01:30.7602291Z Syncing repository: con/tinuous
2025-08-12T00:01:30.7604195Z ##[group]Getting Git version info
2025-08-12T00:01:30.7604911Z Working directory is '/home/runner/work/tinuous/tinuous'
2025-08-12T00:01:30.7605851Z [command]/usr/bin/git version
2025-08-12T00:01:30.7622085Z git version 2.50.1
2025-08-12T00:01:30.7642985Z ##[endgroup]
2025-08-12T00:01:30.7656737Z Temporarily overriding HOME='/home/runner/work/_temp/d916a367-e2ff-4db3-b3a5-8225f19074e4' before making global git config changes
2025-08-12T00:01:30.7657839Z Adding repository directory to the temporary git global config as a safe directory
2025-08-12T00:01:30.7661732Z [command]/usr/bin/git config --global --add safe.directory /home/runner/work/tinuous/tinuous
2025-08-12T00:01:30.7697228Z Deleting the contents of '/home/runner/work/tinuous/tinuous'
2025-08-12T00:01:30.7700361Z ##[group]Initializing the repository
2025-08-12T00:01:30.7705396Z [command]/usr/bin/git init /home/runner/work/tinuous/tinuous
2025-08-12T00:01:30.7783767Z hint: Using 'master' as the name for the initial branch. This default branch name
2025-08-12T00:01:30.7785318Z hint: is subject to change. To configure the initial branch name to use in all
2025-08-12T00:01:30.7786462Z hint: of your new repositories, which will suppress this warning, call:
2025-08-12T00:01:30.7787430Z hint:
2025-08-12T00:01:30.7787946Z hint: 	git config --global init.defaultBranch <name>
2025-08-12T00:01:30.7788668Z hint:
2025-08-12T00:01:30.7789502Z hint: Names commonly chosen instead of 'master' are 'main', 'trunk' and
2025-08-12T00:01:30.7790703Z hint: 'development'. The just-created branch can be renamed via this command:
2025-08-12T00:01:30.7791744Z hint:
2025-08-12T00:01:30.7792233Z hint: 	git branch -m <name>
2025-08-12T00:01:30.7792644Z hint:
2025-08-12T00:01:30.7793256Z hint: Disable this message with "git config set advice.defaultBranchName false"
2025-08-12T00:01:30.7794382Z Initialized empty Git repository in /home/runner/work/tinuous/tinuous/.git/
2025-08-12T00:01:30.7797197Z [command]/usr/bin/git remote add origin https://github.com/con/tinuous
2025-08-12T00:01:30.7829982Z ##[endgroup]
2025-08-12T00:01:30.7831217Z ##[group]Disabling automatic garbage collection
2025-08-12T00:01:30.7834333Z [command]/usr/bin/git config --local gc.auto 0
2025-08-12T00:01:30.7862274Z ##[endgroup]
2025-08-12T00:01:30.7863422Z ##[group]Setting up auth
2025-08-12T00:01:30.7869250Z [command]/usr/bin/git config --local --name-only --get-regexp core\.sshCommand
2025-08-12T00:01:30.7899325Z [command]/usr/bin/git submodule foreach --recursive sh -c "git config --local --name-only --get-regexp 'core\.sshCommand' && git config --local --unset-all 'core.sshCommand' || :"
2025-08-12T00:01:30.8154914Z [command]/usr/bin/git config --local --name-only --get-regexp http\.https\:\/\/github\.com\/\.extraheader
2025-08-12T00:01:30.8186351Z [command]/usr/bin/git submodule foreach --recursive sh -c "git config --local --name-only --get-regexp 'http\.https\:\/\/github\.com\/\.extraheader' && git config --local --unset-all 'http.https://github.com/.extraheader' || :"
2025-08-12T00:01:30.8402839Z [command]/usr/bin/git config --local http.https://github.com/.extraheader AUTHORIZATION: basic ***
2025-08-12T00:01:30.8437650Z ##[endgroup]
2025-08-12T00:01:30.8438908Z ##[group]Fetching the repository
2025-08-12T00:01:30.8448452Z [command]/usr/bin/git -c protocol.version=2 fetch --prune --no-recurse-submodules origin +refs/heads/*:refs/remotes/origin/* +refs/tags/*:refs/tags/* +afdbbf7d991ae5aad7f94df8a646062332252760:refs/remotes/pull/213/merge
2025-08-12T00:01:31.0721859Z From https://github.com/con/tinuous
2025-08-12T00:01:31.0724842Z  * [new branch]      bf-circleci                              -> origin/bf-circleci
2025-08-12T00:01:31.0726124Z  * [new branch]      dependabot/github_actions/actions/checkout-5 -> origin/dependabot/github_actions/actions/checkout-5
2025-08-12T00:01:31.0727763Z  * [new branch]      gh-55                                    -> origin/gh-55
2025-08-12T00:01:31.0728937Z  * [new branch]      master                                   -> origin/master
2025-08-12T00:01:31.0731726Z  * [new branch]      no-extra-search                          -> origin/no-extra-search
2025-08-12T00:01:31.0733549Z  * [new branch]      pragmata                                 -> origin/pragmata
2025-08-12T00:01:31.0737179Z  * [new branch]      test-appveyor                            -> origin/test-appveyor
2025-08-12T00:01:31.0740791Z  * [new tag]         0.1.0                                    -> 0.1.0
2025-08-12T00:01:31.0743288Z  * [new tag]         0.2.0                                    -> 0.2.0
2025-08-12T00:01:31.0744404Z  * [new tag]         0.3.0                                    -> 0.3.0
2025-08-12T00:01:31.0745280Z  * [new tag]         0.4.0                                    -> 0.4.0
2025-08-12T00:01:31.0746170Z  * [new tag]         0.5.0                                    -> 0.5.0
2025-08-12T00:01:31.0747118Z  * [new tag]         0.5.1                                    -> 0.5.1
2025-08-12T00:01:31.0748563Z  * [new tag]         0.5.2                                    -> 0.5.2
2025-08-12T00:01:31.0784357Z  * [new tag]         0.5.3                                    -> 0.5.3
2025-08-12T00:01:31.0785275Z  * [new tag]         0.5.4                                    -> 0.5.4
2025-08-12T00:01:31.0786129Z  * [new tag]         0.6.0                                    -> 0.6.0
2025-08-12T00:01:31.0786890Z  * [new tag]         0.6.1                                    -> 0.6.1
2025-08-12T00:01:31.0787636Z  * [new tag]         0.7.0                                    -> 0.7.0
2025-08-12T00:01:31.0788439Z  * [new ref]         afdbbf7d991ae5aad7f94df8a646062332252760 -> pull/213/merge
2025-08-12T00:01:31.0792623Z ##[endgroup]
2025-08-12T00:01:31.0793927Z ##[group]Determining the checkout info
2025-08-12T00:01:31.0795172Z ##[endgroup]
2025-08-12T00:01:31.0799704Z [command]/usr/bin/git sparse-checkout disable
2025-08-12T00:01:31.0841777Z [command]/usr/bin/git config --local --unset-all extensions.worktreeConfig
2025-08-12T00:01:31.0871206Z ##[group]Checking out the ref
2025-08-12T00:01:31.0874812Z [command]/usr/bin/git checkout --progress --force refs/remotes/pull/213/merge
2025-08-12T00:01:31.0924597Z Note: switching to 'refs/remotes/pull/213/merge'.
2025-08-12T00:01:31.0925221Z 
2025-08-12T00:01:31.0925676Z You are in 'detached HEAD' state. You can look around, make experimental
2025-08-12T00:01:31.0926699Z changes and commit them, and you can discard any commits you make in this
2025-08-12T00:01:31.0927714Z state without impacting any branches by switching back to a branch.
2025-08-12T00:01:31.0928321Z 
2025-08-12T00:01:31.0928764Z If you want to create a new branch to retain commits you create, you may
2025-08-12T00:01:31.0929696Z do so (now or later) by using -c with the switch command. Example:
2025-08-12T00:01:31.0930267Z 
2025-08-12T00:01:31.0930526Z   git switch -c <new-branch-name>
2025-08-12T00:01:31.0931002Z 
2025-08-12T00:01:31.0931238Z Or undo this operation with:
2025-08-12T00:01:31.0931619Z 
2025-08-12T00:01:31.0931841Z   git switch -
2025-08-12T00:01:31.0932154Z 
2025-08-12T00:01:31.0932615Z Turn off this advice by setting config variable advice.detachedHead to false
2025-08-12T00:01:31.0933287Z 
2025-08-12T00:01:31.0934501Z HEAD is now at afdbbf7 Merge 0a1811e0b834e5fac280304efa98ba2ae7c254aa into 5635a3eddf0b7c0528dcd621f6f0d2cb8bfcf790
2025-08-12T00:01:31.0936724Z ##[endgroup]
2025-08-12T00:01:31.0970969Z [command]/usr/bin/git log -1 --format=%H
2025-08-12T00:01:31.0994726Z afdbbf7d991ae5aad7f94df8a646062332252760
2025-08-12T00:01:31.1216229Z ##[group]Run actions/setup-python@v5
2025-08-12T00:01:31.1216618Z with:
2025-08-12T00:01:31.1216902Z   python-version: pypy-3.11
2025-08-12T00:01:31.1217221Z   check-latest: false
2025-08-12T00:01:31.1217657Z   token: ***
2025-08-12T00:01:31.1217949Z   update-environment: true
2025-08-12T00:01:31.1218282Z   allow-prereleases: false
2025-08-12T00:01:31.1218785Z   freethreaded: false
2025-08-12T00:01:31.1219074Z ##[endgroup]
2025-08-12T00:01:31.2869765Z ##[group]Installed versions
2025-08-12T00:01:31.3755180Z Successfully set up PyPy 7.3.20 with Python (3.11.13)
2025-08-12T00:01:31.3756341Z ##[endgroup]
2025-08-12T00:01:31.3886836Z ##[group]Run python -m pip install --upgrade pip wheel
2025-08-12T00:01:31.3887398Z [36;1mpython -m pip install --upgrade pip wheel[0m
2025-08-12T00:01:31.3887914Z [36;1mpython -m pip install --upgrade --upgrade-strategy=eager tox[0m
2025-08-12T00:01:31.3962105Z shell: /usr/bin/bash -e {0}
2025-08-12T00:01:31.3962457Z env:
2025-08-12T00:01:31.3962797Z   pythonLocation: /opt/hostedtoolcache/PyPy/3.11.13/x64
2025-08-12T00:01:31.3963296Z   Python_ROOT_DIR: /opt/hostedtoolcache/PyPy/3.11.13/x64
2025-08-12T00:01:31.3963761Z   Python2_ROOT_DIR: /opt/hostedtoolcache/PyPy/3.11.13/x64
2025-08-12T00:01:31.3964503Z   Python3_ROOT_DIR: /opt/hostedtoolcache/PyPy/3.11.13/x64
2025-08-12T00:01:31.3965035Z   PKG_CONFIG_PATH: /opt/hostedtoolcache/PyPy/3.11.13/x64/bin/lib/pkgconfig
2025-08-12T00:01:31.3965515Z ##[endgroup]
2025-08-12T00:01:46.1850654Z Requirement already satisfied: pip in /opt/hostedtoolcache/PyPy/3.11.13/x64/lib/pypy3.11/site-packages (25.2)
2025-08-12T00:01:46.5888141Z Collecting wheel
2025-08-12T00:01:46.6215885Z   Downloading wheel-0.45.1-py3-none-any.whl.metadata (2.3 kB)
2025-08-12T00:01:46.7202250Z Downloading wheel-0.45.1-py3-none-any.whl (72 kB)
2025-08-12T00:01:47.0262865Z Installing collected packages: wheel
2025-08-12T00:01:47.0923258Z Successfully installed wheel-0.45.1
2025-08-12T00:01:48.1420707Z Collecting tox
2025-08-12T00:01:48.1760982Z   Downloading tox-4.28.4-py3-none-any.whl.metadata (3.6 kB)
2025-08-12T00:01:48.2267641Z Collecting cachetools>=6.1 (from tox)
2025-08-12T00:01:48.2366456Z   Downloading cachetools-6.1.0-py3-none-any.whl.metadata (5.4 kB)
2025-08-12T00:01:48.2694250Z Collecting chardet>=5.2 (from tox)
2025-08-12T00:01:48.2800815Z   Downloading chardet-5.2.0-py3-none-any.whl.metadata (3.4 kB)
2025-08-12T00:01:48.3324787Z Collecting colorama>=0.4.6 (from tox)
2025-08-12T00:01:48.3413457Z   Downloading colorama-0.4.6-py2.py3-none-any.whl.metadata (17 kB)
2025-08-12T00:01:48.3960434Z Collecting filelock>=3.18 (from tox)
2025-08-12T00:01:48.4030468Z   Downloading filelock-3.18.0-py3-none-any.whl.metadata (2.9 kB)
2025-08-12T00:01:48.4419532Z Collecting packaging>=25 (from tox)
2025-08-12T00:01:48.4481588Z   Downloading packaging-25.0-py3-none-any.whl.metadata (3.3 kB)
2025-08-12T00:01:48.4807523Z Collecting platformdirs>=4.3.8 (from tox)
2025-08-12T00:01:48.4866245Z   Downloading platformdirs-4.3.8-py3-none-any.whl.metadata (12 kB)
2025-08-12T00:01:48.5141840Z Collecting pluggy>=1.6 (from tox)
2025-08-12T00:01:48.5206849Z   Downloading pluggy-1.6.0-py3-none-any.whl.metadata (4.8 kB)
2025-08-12T00:01:48.5449140Z Collecting pyproject-api>=1.9.1 (from tox)
2025-08-12T00:01:48.5522878Z   Downloading pyproject_api-1.9.1-py3-none-any.whl.metadata (2.7 kB)
2025-08-12T00:01:48.6529058Z Collecting virtualenv>=20.31.2 (from tox)
2025-08-12T00:01:48.6708157Z   Downloading virtualenv-20.33.1-py3-none-any.whl.metadata (4.5 kB)
2025-08-12T00:01:48.7444376Z Collecting distlib<1,>=0.3.7 (from virtualenv>=20.31.2->tox)
2025-08-12T00:01:48.7503808Z   Downloading distlib-0.4.0-py2.py3-none-any.whl.metadata (5.2 kB)
2025-08-12T00:01:48.7841121Z Downloading tox-4.28.4-py3-none-any.whl (174 kB)
2025-08-12T00:01:48.7993051Z Downloading cachetools-6.1.0-py3-none-any.whl (11 kB)
2025-08-12T00:01:48.8090435Z Downloading chardet-5.2.0-py3-none-any.whl (199 kB)
2025-08-12T00:01:48.8208492Z Downloading colorama-0.4.6-py2.py3-none-any.whl (25 kB)
2025-08-12T00:01:48.8338894Z Downloading filelock-3.18.0-py3-none-any.whl (16 kB)
2025-08-12T00:01:48.8471053Z Downloading packaging-25.0-py3-none-any.whl (66 kB)
2025-08-12T00:01:48.8566630Z Downloading platformdirs-4.3.8-py3-none-any.whl (18 kB)
2025-08-12T00:01:48.8661981Z Downloading pluggy-1.6.0-py3-none-any.whl (20 kB)
2025-08-12T00:01:48.8762416Z Downloading pyproject_api-1.9.1-py3-none-any.whl (13 kB)
2025-08-12T00:01:48.8867139Z Downloading virtualenv-20.33.1-py3-none-any.whl (6.1 MB)
2025-08-12T00:01:48.9382797Z    ━━━━━━━━━━━━━━━━━━━━━━━━━━━━━━━━━━━━━━━━ 6.1/6.1 MB 143.4 MB/s  0:00:00
2025-08-12T00:01:48.9444546Z Downloading distlib-0.4.0-py2.py3-none-any.whl (469 kB)
2025-08-12T00:01:49.0534457Z Installing collected packages: distlib, pluggy, platformdirs, packaging, filelock, colorama, chardet, cachetools, virtualenv, pyproject-api, tox
2025-08-12T00:01:50.0423252Z 
2025-08-12T00:01:50.0460796Z Successfully installed cachetools-6.1.0 chardet-5.2.0 colorama-0.4.6 distlib-0.4.0 filelock-3.18.0 packaging-25.0 platformdirs-4.3.8 pluggy-1.6.0 pyproject-api-1.9.1 tox-4.28.4 virtualenv-20.33.1
2025-08-12T00:01:50.0729120Z ##[group]Run tox -e py -- --cov-report=xml
2025-08-12T00:01:50.0729496Z [36;1mtox -e py -- --cov-report=xml[0m
2025-08-12T00:01:50.0772463Z shell: /usr/bin/bash -e {0}
2025-08-12T00:01:50.0772708Z env:
2025-08-12T00:01:50.0772948Z   pythonLocation: /opt/hostedtoolcache/PyPy/3.11.13/x64
2025-08-12T00:01:50.0773348Z   Python_ROOT_DIR: /opt/hostedtoolcache/PyPy/3.11.13/x64
2025-08-12T00:01:50.0773695Z   Python2_ROOT_DIR: /opt/hostedtoolcache/PyPy/3.11.13/x64
2025-08-12T00:01:50.0774215Z   Python3_ROOT_DIR: /opt/hostedtoolcache/PyPy/3.11.13/x64
2025-08-12T00:01:50.0774642Z   PKG_CONFIG_PATH: /opt/hostedtoolcache/PyPy/3.11.13/x64/bin/lib/pkgconfig
2025-08-12T00:01:50.0774987Z ##[endgroup]
2025-08-12T00:01:51.9517739Z py: install_deps> python -I -m pip install pytest pytest-cov pytest-mock
2025-08-12T00:01:56.2919130Z .pkg: install_requires> python -I -m pip install 'setuptools>=46.4.0' versioningit
2025-08-12T00:01:58.0207561Z .pkg: _optional_hooks> python /opt/hostedtoolcache/PyPy/3.11.13/x64/lib/pypy3.11/site-packages/pyproject_api/_backend.py True setuptools.build_meta
2025-08-12T00:01:58.5972858Z .pkg: get_requires_for_build_sdist> python /opt/hostedtoolcache/PyPy/3.11.13/x64/lib/pypy3.11/site-packages/pyproject_api/_backend.py True setuptools.build_meta
2025-08-12T00:01:59.0577140Z .pkg: get_requires_for_build_wheel> python /opt/hostedtoolcache/PyPy/3.11.13/x64/lib/pypy3.11/site-packages/pyproject_api/_backend.py True setuptools.build_meta
2025-08-12T00:01:59.4800115Z .pkg: freeze> python -m pip freeze --all
2025-08-12T00:01:59.9809436Z .pkg: cffi==1.18.0.dev0,greenlet==0.4.13,hpy==0.9.1.dev61+g79fb330d,packaging==25.0,pip==25.1.1,setuptools==80.9.0,versioningit==3.3.0
2025-08-12T00:01:59.9819590Z .pkg: prepare_metadata_for_build_wheel> python /opt/hostedtoolcache/PyPy/3.11.13/x64/lib/pypy3.11/site-packages/pyproject_api/_backend.py True setuptools.build_meta
2025-08-12T00:02:00.4419771Z .pkg: build_sdist> python /opt/hostedtoolcache/PyPy/3.11.13/x64/lib/pypy3.11/site-packages/pyproject_api/_backend.py True setuptools.build_meta
2025-08-12T00:02:00.9179669Z py: install_package_deps> python -I -m pip install 'PyYAML>=5.0' 'click-loglevel~=0.2' 'click>=7.0' 'ghtoken~=0.1' 'in_place~=1.0' 'pydantic~=2.0' 'python-dateutil~=2.7' 'python-dotenv<2.0,>=0.11' 'requests~=2.20'
2025-08-12T00:02:20.6053211Z py: install_package> python -I -m pip install --force-reinstall --no-deps /home/runner/work/tinuous/tinuous/.tox/.tmp/package/1/tinuous-0.7.0.post17+gafdbbf7.tar.gz
2025-08-12T00:02:24.8542987Z py: freeze> python -m pip freeze --all
2025-08-12T00:02:25.4171157Z py: annotated-types==0.7.0,certifi==2025.8.3,cffi==1.18.0.dev0,charset-normalizer==3.4.3,click==8.2.1,click-loglevel==0.6.1,coverage==7.10.3,ghtoken==0.1.2,greenlet==0.4.13,hpy==0.9.1.dev61+g79fb330d,idna==3.10,in_place==1.0.1,iniconfig==2.1.0,packaging==25.0,pip==25.1.1,pluggy==1.6.0,pydantic==2.11.7,pydantic_core==2.33.2,Pygments==2.19.2,pytest==8.4.1,pytest-cov==6.2.1,pytest-mock==3.14.1,python-dateutil==2.9.0.post0,python-dotenv==1.1.1,PyYAML==6.0.2,requests==2.32.4,ruamel.yaml==0.18.14,setuptools==80.9.0,six==1.17.0,tinuous @ file:///home/runner/work/tinuous/tinuous/.tox/.tmp/package/1/tinuous-0.7.0.post17%2Bgafdbbf7.tar.gz#sha256=68f1b33bb5b60367c6daeb44b3536ef505eabd43bc1fdcc3bee79dcd346d5eb7,typing-inspection==0.4.1,typing_extensions==4.14.1,urllib3==2.5.0
2025-08-12T00:02:25.4180764Z py: commands[0]> tinuous --help
2025-08-12T00:02:26.2699144Z Usage: tinuous [OPTIONS] COMMAND [ARGS]...
2025-08-12T00:02:26.2699709Z 
2025-08-12T00:02:26.2700043Z   Download build logs from GitHub Actions, Travis, Appveyor, and CircleCI
2025-08-12T00:02:26.2700618Z 
2025-08-12T00:02:26.2700798Z Options:
2025-08-12T00:02:26.2703352Z   -V, --version                   Show the version and exit.
2025-08-12T00:02:26.2705741Z   -c, --config FILE               Read configuration from the given file
2025-08-12T00:02:26.2707434Z                                   [default: tinuous.yaml]
2025-08-12T00:02:26.2708610Z   -E, --env FILE                  Load environment variables from given .env
2025-08-12T00:02:26.2709363Z                                   file
2025-08-12T00:02:26.2710013Z   -l, --log-level [NOTSET|DEBUG|INFO|WARNING|ERROR|CRITICAL]
2025-08-12T00:02:26.2710660Z                                   Set logging level  [default: INFO]
2025-08-12T00:02:26.2711313Z   --help                          Show this message and exit.
2025-08-12T00:02:26.2711733Z 
2025-08-12T00:02:26.2711870Z Commands:
2025-08-12T00:02:26.2712122Z   fetch         Download logs
2025-08-12T00:02:26.2712458Z   fetch-commit  Download logs for a specific commit
2025-08-12T00:02:26.2712997Z   sanitize      Sanitize secrets in logs
2025-08-12T00:02:26.2788980Z py: commands[1]> pytest --cov-report=xml test
2025-08-12T00:02:30.8615371Z ============================= test session starts ==============================
2025-08-12T00:02:30.8616368Z platform linux -- Python 3.11.13[pypy-7.3.20-final], pytest-8.4.1, pluggy-1.6.0
2025-08-12T00:02:30.8617534Z cachedir: .tox/py/.pytest_cache
2025-08-12T00:02:30.8618116Z rootdir: /home/runner/work/tinuous/tinuous
2025-08-12T00:02:30.8618591Z configfile: tox.ini
2025-08-12T00:02:30.8618925Z plugins: cov-6.2.1, mock-3.14.1
2025-08-12T00:02:30.8619298Z collected 64 items
2025-08-12T00:02:30.8619496Z 
2025-08-12T00:02:30.9713186Z test/test_base.py .........                                              [ 14%]
2025-08-12T00:02:31.0592030Z test/test_config.py ........                                             [ 26%]
2025-08-12T00:02:31.2099504Z test/test_state.py ........                                              [ 39%]
2025-08-12T00:02:32.8605851Z test/test_util.py .......................................                [100%]
2025-08-12T00:02:32.8606362Z 
2025-08-12T00:02:32.8606786Z ================================ tests coverage ================================
2025-08-12T00:02:32.8607487Z _______________ coverage: platform linux, python 3.11.13-final-0 _______________
2025-08-12T00:02:32.8607976Z 
2025-08-12T00:02:32.8608197Z Coverage XML written to file coverage.xml
2025-08-12T00:02:32.8608771Z ============================== 64 passed in 4.49s ==============================
2025-08-12T00:02:32.8781056Z   py: OK (41.54=setup[34.09]+cmd[0.86,6.60] seconds)
2025-08-12T00:02:32.8781477Z   congratulations :) (41.98 seconds)
2025-08-12T00:02:32.9118834Z ##[group]Run codecov/codecov-action@v5
2025-08-12T00:02:32.9119114Z with:
2025-08-12T00:02:32.9119297Z   fail_ci_if_error: false
2025-08-12T00:02:32.9119788Z   token: ***
2025-08-12T00:02:32.9119972Z   name: pypy-3.11
2025-08-12T00:02:32.9120173Z   disable_file_fixes: false
2025-08-12T00:02:32.9120392Z   disable_search: false
2025-08-12T00:02:32.9120595Z   disable_safe_directory: false
2025-08-12T00:02:32.9120813Z   disable_telem: false
2025-08-12T00:02:32.9120999Z   dry_run: false
2025-08-12T00:02:32.9121179Z   git_service: github
2025-08-12T00:02:32.9121373Z   gcov_executable: gcov
2025-08-12T00:02:32.9121575Z   handle_no_reports_found: false
2025-08-12T00:02:32.9121808Z   recurse_submodules: false
2025-08-12T00:02:32.9122031Z   run_command: upload-coverage
2025-08-12T00:02:32.9122262Z   skip_validation: false
2025-08-12T00:02:32.9122481Z   use_legacy_upload_endpoint: false
2025-08-12T00:02:32.9122703Z   use_oidc: false
2025-08-12T00:02:32.9122885Z   use_pypi: false
2025-08-12T00:02:32.9123095Z   verbose: false
2025-08-12T00:02:32.9123458Z   version: latest
2025-08-12T00:02:32.9123829Z env:
2025-08-12T00:02:32.9146474Z   pythonLocation: /opt/hostedtoolcache/PyPy/3.11.13/x64
2025-08-12T00:02:32.9147060Z   Python_ROOT_DIR: /opt/hostedtoolcache/PyPy/3.11.13/x64
2025-08-12T00:02:32.9147623Z   Python2_ROOT_DIR: /opt/hostedtoolcache/PyPy/3.11.13/x64
2025-08-12T00:02:32.9148187Z   Python3_ROOT_DIR: /opt/hostedtoolcache/PyPy/3.11.13/x64
2025-08-12T00:02:32.9148807Z   PKG_CONFIG_PATH: /opt/hostedtoolcache/PyPy/3.11.13/x64/bin/lib/pkgconfig
2025-08-12T00:02:32.9149359Z ##[endgroup]
2025-08-12T00:02:32.9225221Z ##[group]Run CC_ACTION_VERSION=$(cat ${GITHUB_ACTION_PATH}/src/version)
2025-08-12T00:02:32.9225663Z [36;1mCC_ACTION_VERSION=$(cat ${GITHUB_ACTION_PATH}/src/version)[0m
2025-08-12T00:02:32.9226073Z [36;1mecho -e "\033[0;32m==>\033[0m Running Action version $CC_ACTION_VERSION"[0m
2025-08-12T00:02:32.9267807Z shell: /usr/bin/bash --noprofile --norc -e -o pipefail {0}
2025-08-12T00:02:32.9268129Z env:
2025-08-12T00:02:32.9268380Z   pythonLocation: /opt/hostedtoolcache/PyPy/3.11.13/x64
2025-08-12T00:02:32.9268729Z   Python_ROOT_DIR: /opt/hostedtoolcache/PyPy/3.11.13/x64
2025-08-12T00:02:32.9269082Z   Python2_ROOT_DIR: /opt/hostedtoolcache/PyPy/3.11.13/x64
2025-08-12T00:02:32.9269418Z   Python3_ROOT_DIR: /opt/hostedtoolcache/PyPy/3.11.13/x64
2025-08-12T00:02:32.9269796Z   PKG_CONFIG_PATH: /opt/hostedtoolcache/PyPy/3.11.13/x64/bin/lib/pkgconfig
2025-08-12T00:02:32.9270127Z ##[endgroup]
2025-08-12T00:02:32.9343624Z [0;32m==>[0m Running Action version 5.4.3
2025-08-12T00:02:32.9392145Z ##[group]Run git config --global --add safe.directory "/home/runner/work/tinuous/tinuous"
2025-08-12T00:02:32.9392682Z [36;1mgit config --global --add safe.directory "/home/runner/work/tinuous/tinuous"[0m
2025-08-12T00:02:32.9393128Z [36;1mgit config --global --add safe.directory "$GITHUB_WORKSPACE"[0m
2025-08-12T00:02:32.9433055Z shell: /usr/bin/bash --noprofile --norc -e -o pipefail {0}
2025-08-12T00:02:32.9433372Z env:
2025-08-12T00:02:32.9433622Z   pythonLocation: /opt/hostedtoolcache/PyPy/3.11.13/x64
2025-08-12T00:02:32.9433967Z   Python_ROOT_DIR: /opt/hostedtoolcache/PyPy/3.11.13/x64
2025-08-12T00:02:32.9434627Z   Python2_ROOT_DIR: /opt/hostedtoolcache/PyPy/3.11.13/x64
2025-08-12T00:02:32.9434963Z   Python3_ROOT_DIR: /opt/hostedtoolcache/PyPy/3.11.13/x64
2025-08-12T00:02:32.9435330Z   PKG_CONFIG_PATH: /opt/hostedtoolcache/PyPy/3.11.13/x64/bin/lib/pkgconfig
2025-08-12T00:02:32.9435653Z ##[endgroup]
2025-08-12T00:02:32.9549225Z ##[group]Run CC_FORK="false"
2025-08-12T00:02:32.9549469Z [36;1mCC_FORK="false"[0m
2025-08-12T00:02:32.9549952Z [36;1mif [ -n "$GITHUB_EVENT_PULL_REQUEST_HEAD_REPO_FULL_NAME" ] && [ "$GITHUB_EVENT_PULL_REQUEST_HEAD_REPO_FULL_NAME" != "$GITHUB_REPOSITORY" ];[0m
2025-08-12T00:02:32.9550454Z [36;1mthen[0m
2025-08-12T00:02:32.9550670Z [36;1m  echo -e "\033[0;32m==>\033[0m Fork detected"[0m
2025-08-12T00:02:32.9550934Z [36;1m  CC_FORK="true"[0m
2025-08-12T00:02:32.9551314Z [36;1mfi[0m
2025-08-12T00:02:32.9551520Z [36;1mecho "CC_FORK=$CC_FORK" >> "$GITHUB_ENV"[0m
2025-08-12T00:02:32.9590688Z shell: /usr/bin/bash --noprofile --norc -e -o pipefail {0}
2025-08-12T00:02:32.9590988Z env:
2025-08-12T00:02:32.9591220Z   pythonLocation: /opt/hostedtoolcache/PyPy/3.11.13/x64
2025-08-12T00:02:32.9591571Z   Python_ROOT_DIR: /opt/hostedtoolcache/PyPy/3.11.13/x64
2025-08-12T00:02:32.9591920Z   Python2_ROOT_DIR: /opt/hostedtoolcache/PyPy/3.11.13/x64
2025-08-12T00:02:32.9592369Z   Python3_ROOT_DIR: /opt/hostedtoolcache/PyPy/3.11.13/x64
2025-08-12T00:02:32.9593135Z   PKG_CONFIG_PATH: /opt/hostedtoolcache/PyPy/3.11.13/x64/bin/lib/pkgconfig
2025-08-12T00:02:32.9594202Z   GITHUB_EVENT_PULL_REQUEST_HEAD_LABEL: con:dependabot/github_actions/actions/checkout-5
2025-08-12T00:02:32.9594670Z   GITHUB_EVENT_PULL_REQUEST_HEAD_REPO_FULL_NAME: con/tinuous
2025-08-12T00:02:32.9595002Z   GITHUB_REPOSITORY: con/tinuous
2025-08-12T00:02:32.9595237Z ##[endgroup]
2025-08-12T00:02:32.9712201Z ##[group]Run actions/github-script@v7
2025-08-12T00:02:32.9712627Z with:
2025-08-12T00:02:32.9713138Z   script: if (process.env.CC_USE_OIDC === 'true' && process.env.CC_FORK != 'true') {
  const id_token = await core.getIDToken(process.env.CC_OIDC_AUDIENCE)
  return id_token
}

2025-08-12T00:02:32.9713872Z   github-token: ***
2025-08-12T00:02:32.9714236Z   debug: false
2025-08-12T00:02:32.9714437Z   user-agent: actions/github-script
2025-08-12T00:02:32.9714681Z   result-encoding: json
2025-08-12T00:02:32.9714868Z   retries: 0
2025-08-12T00:02:32.9715072Z   retry-exempt-status-codes: 400,401,403,404,422
2025-08-12T00:02:32.9715323Z env:
2025-08-12T00:02:32.9715553Z   pythonLocation: /opt/hostedtoolcache/PyPy/3.11.13/x64
2025-08-12T00:02:32.9715893Z   Python_ROOT_DIR: /opt/hostedtoolcache/PyPy/3.11.13/x64
2025-08-12T00:02:32.9716213Z   Python2_ROOT_DIR: /opt/hostedtoolcache/PyPy/3.11.13/x64
2025-08-12T00:02:32.9716535Z   Python3_ROOT_DIR: /opt/hostedtoolcache/PyPy/3.11.13/x64
2025-08-12T00:02:32.9716914Z   PKG_CONFIG_PATH: /opt/hostedtoolcache/PyPy/3.11.13/x64/bin/lib/pkgconfig
2025-08-12T00:02:32.9717240Z   CC_FORK: false
2025-08-12T00:02:32.9717448Z   CC_OIDC_AUDIENCE: https://codecov.io
2025-08-12T00:02:32.9717693Z   CC_USE_OIDC: false
2025-08-12T00:02:32.9717871Z ##[endgroup]
2025-08-12T00:02:33.0657552Z ##[group]Run if [ "false" == 'true' ] && [ "$CC_FORK" != 'true' ];
2025-08-12T00:02:33.0657949Z [36;1mif [ "false" == 'true' ] && [ "$CC_FORK" != 'true' ];[0m
2025-08-12T00:02:33.0658223Z [36;1mthen[0m
2025-08-12T00:02:33.0658448Z [36;1m  echo "CC_TOKEN=$CC_OIDC_TOKEN" >> "$GITHUB_ENV"[0m
2025-08-12T00:02:33.0658727Z [36;1melif [ -n "" ];[0m
2025-08-12T00:02:33.0658923Z [36;1mthen[0m
2025-08-12T00:02:33.0659142Z [36;1m  echo -e "\033[0;32m==>\033[0m Token set from env"[0m
2025-08-12T00:02:33.0659435Z [36;1m    echo "CC_TOKEN=" >> "$GITHUB_ENV"[0m
2025-08-12T00:02:33.0659675Z [36;1melse[0m
2025-08-12T00:02:33.0659962Z [36;1m  if [ -n "***" ];[0m
2025-08-12T00:02:33.0660166Z [36;1m  then[0m
2025-08-12T00:02:33.0660406Z [36;1m    echo -e "\033[0;32m==>\033[0m Token set from input"[0m
2025-08-12T00:02:33.0660809Z [36;1m    CC_TOKEN=$(echo "***" | tr -d '\n')[0m
2025-08-12T00:02:33.0661089Z [36;1m    echo "CC_TOKEN=$CC_TOKEN" >> "$GITHUB_ENV"[0m
2025-08-12T00:02:33.0661338Z [36;1m  fi[0m
2025-08-12T00:02:33.0661493Z [36;1mfi[0m
2025-08-12T00:02:33.0702699Z shell: /usr/bin/bash --noprofile --norc -e -o pipefail {0}
2025-08-12T00:02:33.0703017Z env:
2025-08-12T00:02:33.0703258Z   pythonLocation: /opt/hostedtoolcache/PyPy/3.11.13/x64
2025-08-12T00:02:33.0703596Z   Python_ROOT_DIR: /opt/hostedtoolcache/PyPy/3.11.13/x64
2025-08-12T00:02:33.0703944Z   Python2_ROOT_DIR: /opt/hostedtoolcache/PyPy/3.11.13/x64
2025-08-12T00:02:33.0704703Z   Python3_ROOT_DIR: /opt/hostedtoolcache/PyPy/3.11.13/x64
2025-08-12T00:02:33.0705087Z   PKG_CONFIG_PATH: /opt/hostedtoolcache/PyPy/3.11.13/x64/bin/lib/pkgconfig
2025-08-12T00:02:33.0705416Z   CC_FORK: false
2025-08-12T00:02:33.0705585Z   CC_OIDC_TOKEN: 
2025-08-12T00:02:33.0705982Z   CC_OIDC_AUDIENCE: https://codecov.io
2025-08-12T00:02:33.0706246Z ##[endgroup]
2025-08-12T00:02:33.0766036Z [0;32m==>[0m Token set from input
2025-08-12T00:02:33.0805300Z ##[group]Run if [ -z "$CC_BRANCH" ] && [ -z "$CC_TOKEN" ] && [ "$CC_FORK" == 'true' ]
2025-08-12T00:02:33.0805739Z [36;1mif [ -z "$CC_BRANCH" ] && [ -z "$CC_TOKEN" ] && [ "$CC_FORK" == 'true' ][0m
2025-08-12T00:02:33.0806042Z [36;1mthen[0m
2025-08-12T00:02:33.0806390Z [36;1m  echo -e "\033[0;32m==>\033[0m Fork detected, setting branch to $GITHUB_EVENT_PULL_REQUEST_HEAD_LABEL"[0m
2025-08-12T00:02:33.0806843Z [36;1m  TOKENLESS="$GITHUB_EVENT_PULL_REQUEST_HEAD_LABEL"[0m
2025-08-12T00:02:33.0807169Z [36;1m  CC_BRANCH="$GITHUB_EVENT_PULL_REQUEST_HEAD_LABEL"[0m
2025-08-12T00:02:33.0807497Z [36;1m  echo "TOKENLESS=$TOKENLESS" >> "$GITHUB_ENV"[0m
2025-08-12T00:02:33.0807759Z [36;1mfi[0m
2025-08-12T00:02:33.0807916Z [36;1m[0m
2025-08-12T00:02:33.0808122Z [36;1mecho "CC_BRANCH=$CC_BRANCH" >> "$GITHUB_ENV"[0m
2025-08-12T00:02:33.0845704Z shell: /usr/bin/bash --noprofile --norc -e -o pipefail {0}
2025-08-12T00:02:33.0846178Z env:
2025-08-12T00:02:33.0846409Z   pythonLocation: /opt/hostedtoolcache/PyPy/3.11.13/x64
2025-08-12T00:02:33.0846774Z   Python_ROOT_DIR: /opt/hostedtoolcache/PyPy/3.11.13/x64
2025-08-12T00:02:33.0847110Z   Python2_ROOT_DIR: /opt/hostedtoolcache/PyPy/3.11.13/x64
2025-08-12T00:02:33.0847460Z   Python3_ROOT_DIR: /opt/hostedtoolcache/PyPy/3.11.13/x64
2025-08-12T00:02:33.0847841Z   PKG_CONFIG_PATH: /opt/hostedtoolcache/PyPy/3.11.13/x64/bin/lib/pkgconfig
2025-08-12T00:02:33.0848172Z   CC_FORK: false
2025-08-12T00:02:33.0848441Z   CC_TOKEN: ***
2025-08-12T00:02:33.0848620Z   CC_BRANCH: 
2025-08-12T00:02:33.0848931Z   GITHUB_EVENT_PULL_REQUEST_HEAD_LABEL: con:dependabot/github_actions/actions/checkout-5
2025-08-12T00:02:33.0849375Z   GITHUB_EVENT_PULL_REQUEST_HEAD_REPO_FULL_NAME: con/tinuous
2025-08-12T00:02:33.0849679Z   GITHUB_REPOSITORY: con/tinuous
2025-08-12T00:02:33.0849893Z ##[endgroup]
2025-08-12T00:02:33.0930829Z ##[group]Run if [ -z "$CC_SHA" ];
2025-08-12T00:02:33.0931114Z [36;1mif [ -z "$CC_SHA" ];[0m
2025-08-12T00:02:33.0931320Z [36;1mthen[0m
2025-08-12T00:02:33.0931536Z [36;1m  CC_SHA="$GITHUB_EVENT_PULL_REQUEST_HEAD_SHA"[0m
2025-08-12T00:02:33.0931803Z [36;1mfi[0m
2025-08-12T00:02:33.0932047Z [36;1mif [ -z "$CC_PR" ] && [ "${GITHUB_EVENT_NAME}" == "pull_request_target" ];[0m
2025-08-12T00:02:33.0932352Z [36;1mthen[0m
2025-08-12T00:02:33.0932530Z [36;1m  CC_PR="$GITHUB_EVENT_NUMBER"[0m
2025-08-12T00:02:33.0932760Z [36;1mfi[0m
2025-08-12T00:02:33.0932916Z [36;1m[0m
2025-08-12T00:02:33.0933099Z [36;1mecho "CC_SHA=$CC_SHA" >> "$GITHUB_ENV"[0m
2025-08-12T00:02:33.0933371Z [36;1mecho "CC_PR=$CC_PR" >> "$GITHUB_ENV"[0m
2025-08-12T00:02:33.0970491Z shell: /usr/bin/bash --noprofile --norc -e -o pipefail {0}
2025-08-12T00:02:33.0970801Z env:
2025-08-12T00:02:33.0971033Z   pythonLocation: /opt/hostedtoolcache/PyPy/3.11.13/x64
2025-08-12T00:02:33.0971391Z   Python_ROOT_DIR: /opt/hostedtoolcache/PyPy/3.11.13/x64
2025-08-12T00:02:33.0971717Z   Python2_ROOT_DIR: /opt/hostedtoolcache/PyPy/3.11.13/x64
2025-08-12T00:02:33.0972053Z   Python3_ROOT_DIR: /opt/hostedtoolcache/PyPy/3.11.13/x64
2025-08-12T00:02:33.0972427Z   PKG_CONFIG_PATH: /opt/hostedtoolcache/PyPy/3.11.13/x64/bin/lib/pkgconfig
2025-08-12T00:02:33.0972747Z   CC_FORK: false
2025-08-12T00:02:33.0973011Z   CC_TOKEN: ***
2025-08-12T00:02:33.0973189Z   CC_BRANCH: 
2025-08-12T00:02:33.0973350Z   CC_PR: 
2025-08-12T00:02:33.0973506Z   CC_SHA: 
2025-08-12T00:02:33.0973672Z   GITHUB_EVENT_NAME: pull_request
2025-08-12T00:02:33.0973904Z   GITHUB_EVENT_NUMBER: 213
2025-08-12T00:02:33.0974433Z   GITHUB_EVENT_PULL_REQUEST_HEAD_SHA: 0a1811e0b834e5fac280304efa98ba2ae7c254aa
2025-08-12T00:02:33.0974774Z ##[endgroup]
2025-08-12T00:02:33.1062191Z ##[group]Run ${GITHUB_ACTION_PATH}/dist/codecov.sh
2025-08-12T00:02:33.1062529Z [36;1m${GITHUB_ACTION_PATH}/dist/codecov.sh[0m
2025-08-12T00:02:33.1098863Z shell: /usr/bin/bash --noprofile --norc -e -o pipefail {0}
2025-08-12T00:02:33.1099324Z env:
2025-08-12T00:02:33.1099610Z   pythonLocation: /opt/hostedtoolcache/PyPy/3.11.13/x64
2025-08-12T00:02:33.1099965Z   Python_ROOT_DIR: /opt/hostedtoolcache/PyPy/3.11.13/x64
2025-08-12T00:02:33.1100325Z   Python2_ROOT_DIR: /opt/hostedtoolcache/PyPy/3.11.13/x64
2025-08-12T00:02:33.1100657Z   Python3_ROOT_DIR: /opt/hostedtoolcache/PyPy/3.11.13/x64
2025-08-12T00:02:33.1101033Z   PKG_CONFIG_PATH: /opt/hostedtoolcache/PyPy/3.11.13/x64/bin/lib/pkgconfig
2025-08-12T00:02:33.1101363Z   CC_FORK: false
2025-08-12T00:02:33.1101633Z   CC_TOKEN: ***
2025-08-12T00:02:33.1101811Z   CC_BRANCH: 
2025-08-12T00:02:33.1102009Z   CC_SHA: 0a1811e0b834e5fac280304efa98ba2ae7c254aa
2025-08-12T00:02:33.1102264Z   CC_PR: 
2025-08-12T00:02:33.1102419Z   CC_BASE_SHA: 
2025-08-12T00:02:33.1102575Z   CC_BINARY: 
2025-08-12T00:02:33.1102730Z   CC_BUILD: 
2025-08-12T00:02:33.1102880Z   CC_BUILD_URL: 
2025-08-12T00:02:33.1103042Z   CC_CODE: 
2025-08-12T00:02:33.1103193Z   CC_DIR: 
2025-08-12T00:02:33.1103363Z   CC_DISABLE_FILE_FIXES: false
2025-08-12T00:02:33.1103887Z   CC_DISABLE_SEARCH: false
2025-08-12T00:02:33.1104298Z   CC_DISABLE_TELEM: false
2025-08-12T00:02:33.1104506Z   CC_DRY_RUN: false
2025-08-12T00:02:33.1104721Z   CC_ENTERPRISE_URL: 
2025-08-12T00:02:33.1104904Z   CC_ENV: 
2025-08-12T00:02:33.1105057Z   CC_EXCLUDES: 
2025-08-12T00:02:33.1105232Z   CC_FAIL_ON_ERROR: false
2025-08-12T00:02:33.1105422Z   CC_FILES: 
2025-08-12T00:02:33.1105570Z   CC_FLAGS: 
2025-08-12T00:02:33.1105725Z   CC_FORCE: 
2025-08-12T00:02:33.1105875Z   CC_GCOV_ARGS: 
2025-08-12T00:02:33.1106052Z   CC_GCOV_EXECUTABLE: gcov
2025-08-12T00:02:33.1106246Z   CC_GCOV_IGNORE: 
2025-08-12T00:02:33.1106412Z   CC_GCOV_INCLUDE: 
2025-08-12T00:02:33.1106593Z   CC_GIT_SERVICE: github
2025-08-12T00:02:33.1106798Z   CC_HANDLE_NO_REPORTS_FOUND: false
2025-08-12T00:02:33.1107019Z   CC_JOB_CODE: 
2025-08-12T00:02:33.1107181Z   CC_LEGACY: false
2025-08-12T00:02:33.1107354Z   CC_NAME: pypy-3.11
2025-08-12T00:02:33.1107541Z   CC_NETWORK_FILTER: 
2025-08-12T00:02:33.1107726Z   CC_NETWORK_PREFIX: 
2025-08-12T00:02:33.1107917Z   CC_NETWORK_ROOT_FOLDER: 
2025-08-12T00:02:33.1108214Z   CC_OS: 
2025-08-12T00:02:33.1108462Z   CC_PARENT_SHA: 
2025-08-12T00:02:33.1108689Z   CC_PLUGINS: 
2025-08-12T00:02:33.1109086Z   CC_RECURSE_SUBMODULES: false
2025-08-12T00:02:33.1109396Z   CC_REPORT_TYPE: 
2025-08-12T00:02:33.1109640Z   CC_RUN_CMD: upload-coverage
2025-08-12T00:02:33.1110003Z   CC_SERVICE: github
2025-08-12T00:02:33.1110284Z   CC_SKIP_VALIDATION: false
2025-08-12T00:02:33.1110536Z   CC_SLUG: 
2025-08-12T00:02:33.1110868Z   CC_SWIFT_PROJECT: 
2025-08-12T00:02:33.1111136Z   CC_USE_PYPI: false
2025-08-12T00:02:33.1111366Z   CC_VERBOSE: false
2025-08-12T00:02:33.1111676Z   CC_VERSION: latest
2025-08-12T00:02:33.1126322Z   CC_YML_PATH: 
2025-08-12T00:02:33.1126565Z ##[endgroup]
2025-08-12T00:02:33.1205281Z      _____          _
2025-08-12T00:02:33.1205647Z     / ____|        | |
2025-08-12T00:02:33.1205981Z    | |     ___   __| | ___  ___ _____   __
2025-08-12T00:02:33.1206401Z    | |    / _ \ / _` |/ _ \/ __/ _ \ \ / /
2025-08-12T00:02:33.1206815Z    | |___| (_) | (_| |  __/ (_| (_) \ V /
2025-08-12T00:02:33.1207209Z     \_____\___/ \__,_|\___|\___\___/ \_/
2025-08-12T00:02:33.1207909Z                            [0;31m Wrapper-0.2.1[0m
2025-08-12T00:02:33.1208346Z                                   
2025-08-12T00:02:33.1264620Z [0;32m==>[0m Detected [0;36mlinux[0m
2025-08-12T00:02:33.1265453Z [0;32m ->[0m Downloading [0;36mhttps://cli.codecov.io/latest/linux/codecov[0m
2025-08-12T00:02:33.1315374Z   % Total    % Received % Xferd  Average Speed   Time    Time     Time  Current
2025-08-12T00:02:33.1315987Z                                  Dload  Upload   Total   Spent    Left  Speed
2025-08-12T00:02:33.1316306Z 
2025-08-12T00:02:33.2194969Z   0     0    0     0    0     0      0      0 --:--:-- --:--:-- --:--:--     0
2025-08-12T00:02:33.2195619Z 100 10.6M  100 10.6M    0     0   121M      0 --:--:-- --:--:-- --:--:--  122M
2025-08-12T00:02:33.2220205Z [0;32m==>[0m Finishing downloading [0;36mlinux:latest[0m
2025-08-12T00:02:33.2712899Z       Version: [0;36mv11.1.0[0m
2025-08-12T00:02:33.2713312Z  
2025-08-12T00:02:33.4355689Z gpg: directory '/home/runner/.gnupg' created
2025-08-12T00:02:33.4358799Z gpg: keybox '/home/runner/.gnupg/pubring.kbx' created
2025-08-12T00:02:33.4492858Z gpg: /home/runner/.gnupg/trustdb.gpg: trustdb created
2025-08-12T00:02:33.4494420Z gpg: key 806BB28AED779869: public key "Codecov Uploader (Codecov Uploader Verification Key) <security@codecov.io>" imported
2025-08-12T00:02:33.4840298Z gpg: Total number processed: 1
2025-08-12T00:02:33.4840774Z gpg:               imported: 1
2025-08-12T00:02:33.4847186Z [0;32m==>[0m Verifying GPG signature integrity
2025-08-12T00:02:33.4848295Z [0;32m ->[0m Downloading [0;36mhttps://cli.codecov.io/latest/linux/codecov.SHA256SUM[0m
2025-08-12T00:02:33.4849380Z [0;32m ->[0m Downloading [0;36mhttps://cli.codecov.io/latest/linux/codecov.SHA256SUM.sig[0m
2025-08-12T00:02:33.4850029Z  
2025-08-12T00:02:33.5726221Z gpg: Signature made Wed Jul 30 21:03:11 2025 UTC
2025-08-12T00:02:33.5727262Z gpg:                using RSA key 27034E7FDB850E0BBC2C62FF806BB28AED779869
2025-08-12T00:02:33.5730372Z gpg: Good signature from "Codecov Uploader (Codecov Uploader Verification Key) <security@codecov.io>" [unknown]
2025-08-12T00:02:33.5731462Z gpg: WARNING: This key is not certified with a trusted signature!
2025-08-12T00:02:33.5732237Z gpg:          There is no indication that the signature belongs to the owner.
2025-08-12T00:02:33.5733026Z Primary key fingerprint: 2703 4E7F DB85 0E0B BC2C  62FF 806B B28A ED77 9869
2025-08-12T00:02:33.6507731Z codecov: OK
2025-08-12T00:02:33.6518226Z [0;32m==>[0m CLI integrity verified
2025-08-12T00:02:33.6518574Z 
2025-08-12T00:02:33.6595598Z [0;32m ->[0m Token of length 36 detected
2025-08-12T00:02:33.7125126Z [0;32m==>[0m Running upload-coverage
2025-08-12T00:02:33.7134826Z       [0;36m./codecov  upload-coverage -t <redacted> --git-service github --sha 0a1811e0b834e5fac280304efa98ba2ae7c254aa --gcov-executable gcov --name pypy-3.11[0m
2025-08-12T00:02:34.0729243Z info - 2025-08-12 00:02:34,072 -- ci service found: github-actions
2025-08-12T00:02:34.1245098Z warning - 2025-08-12 00:02:34,124 -- xcrun is not installed or can't be found.
2025-08-12T00:02:34.1930024Z warning - 2025-08-12 00:02:34,192 -- No gcov data found.
2025-08-12T00:02:34.1933599Z warning - 2025-08-12 00:02:34,193 -- coverage.py is not installed or can't be found.
2025-08-12T00:02:34.2098848Z info - 2025-08-12 00:02:34,209 -- Found 1 coverage files to report
2025-08-12T00:02:34.2099711Z info - 2025-08-12 00:02:34,209 -- > /home/runner/work/tinuous/tinuous/coverage.xml
2025-08-12T00:02:34.6929364Z info - 2025-08-12 00:02:34,692 -- Your upload is now processing. When finished, results will be available at: https://app.codecov.io/github/con/tinuous/commit/0a1811e0b834e5fac280304efa98ba2ae7c254aa
2025-08-12T00:02:34.7713335Z info - 2025-08-12 00:02:34,771 -- Process Upload complete
2025-08-12T00:02:34.8701410Z Post job cleanup.
2025-08-12T00:02:35.0273945Z Post job cleanup.
2025-08-12T00:02:35.1054767Z [command]/usr/bin/git version
2025-08-12T00:02:35.1089651Z git version 2.50.1
2025-08-12T00:02:35.1119452Z Copying '/home/runner/.gitconfig' to '/home/runner/work/_temp/ffbf358b-b919-4574-8f47-8461b420b7bd/.gitconfig'
2025-08-12T00:02:35.1127937Z Temporarily overriding HOME='/home/runner/work/_temp/ffbf358b-b919-4574-8f47-8461b420b7bd' before making global git config changes
2025-08-12T00:02:35.1129176Z Adding repository directory to the temporary git global config as a safe directory
2025-08-12T00:02:35.1133039Z [command]/usr/bin/git config --global --add safe.directory /home/runner/work/tinuous/tinuous
2025-08-12T00:02:35.1167010Z [command]/usr/bin/git config --local --name-only --get-regexp core\.sshCommand
2025-08-12T00:02:35.1198364Z [command]/usr/bin/git submodule foreach --recursive sh -c "git config --local --name-only --get-regexp 'core\.sshCommand' && git config --local --unset-all 'core.sshCommand' || :"
2025-08-12T00:02:35.1418886Z [command]/usr/bin/git config --local --name-only --get-regexp http\.https\:\/\/github\.com\/\.extraheader
2025-08-12T00:02:35.1440358Z http.https://github.com/.extraheader
2025-08-12T00:02:35.1449690Z [command]/usr/bin/git config --local --unset-all http.https://github.com/.extraheader
2025-08-12T00:02:35.1480191Z [command]/usr/bin/git submodule foreach --recursive sh -c "git config --local --name-only --get-regexp 'http\.https\:\/\/github\.com\/\.extraheader' && git config --local --unset-all 'http.https://github.com/.extraheader' || :"
2025-08-12T00:02:35.1826143Z Cleaning up orphan processes
