2021-08-17T21:22:43.3276178Z Found online and idle hosted runner(s) in the current repository's organization account that matches the required labels: 'ubuntu-latest'
2021-08-17T21:22:43.3276259Z Waiting for a hosted runner in 'organization' to pick this job...
2021-08-17T21:22:51.0317668Z Current runner version: '2.280.2'
2021-08-17T21:22:51.0349509Z ##[group]Operating System
2021-08-17T21:22:51.0350447Z Ubuntu
2021-08-17T21:22:51.0350848Z 20.04.2
2021-08-17T21:22:51.0351449Z LTS
2021-08-17T21:22:51.0352506Z ##[endgroup]
2021-08-17T21:22:51.0353127Z ##[group]Virtual Environment
2021-08-17T21:22:51.0353742Z Environment: ubuntu-20.04
2021-08-17T21:22:51.0354459Z Version: 20210816.1
2021-08-17T21:22:51.0371115Z Included Software: https://github.com/actions/virtual-environments/blob/ubuntu20/20210816.1/images/linux/Ubuntu2004-README.md
2021-08-17T21:22:51.0373047Z Image Release: https://github.com/actions/virtual-environments/releases/tag/ubuntu20%2F20210816.1
2021-08-17T21:22:51.0373973Z ##[endgroup]
2021-08-17T21:22:51.0374761Z ##[group]Virtual Environment Provisioner
2021-08-17T21:22:51.0375921Z 1.0.0.0-master-20210802-2
2021-08-17T21:22:51.0376410Z ##[endgroup]
2021-08-17T21:22:51.0378606Z ##[group]GITHUB_TOKEN Permissions
2021-08-17T21:22:51.0380217Z Actions: write
2021-08-17T21:22:51.0380755Z Checks: write
2021-08-17T21:22:51.0381245Z Contents: write
2021-08-17T21:22:51.0381711Z Deployments: write
2021-08-17T21:22:51.0382294Z Discussions: write
2021-08-17T21:22:51.0382745Z Issues: write
2021-08-17T21:22:51.0383234Z Metadata: read
2021-08-17T21:22:51.0383729Z Packages: write
2021-08-17T21:22:51.0384210Z PullRequests: write
2021-08-17T21:22:51.0384847Z RepositoryProjects: write
2021-08-17T21:22:51.0385401Z SecurityEvents: write
2021-08-17T21:22:51.0385968Z Statuses: write
2021-08-17T21:22:51.0386547Z ##[endgroup]
2021-08-17T21:22:51.0389735Z Prepare workflow directory
2021-08-17T21:22:51.1102332Z Prepare all required actions
2021-08-17T21:22:51.1116095Z Getting action download info
2021-08-17T21:22:51.4050403Z Download action repository 'actions/checkout@v2' (SHA:5a4ac9002d0be2fb38bd78e4b4dbde5606d7042f)
2021-08-17T21:22:53.4191550Z Download action repository 'actions/setup-python@v2' (SHA:dc73133d4da04e56a135ae2246682783cc7c7cb6)
2021-08-17T21:22:53.8683993Z Download action repository 'codecov/codecov-action@v1' (SHA:29386c70ef20e286228c72b668a06fd0e8399192)
2021-08-17T21:22:54.5039381Z ##[group]Run actions/checkout@v2
2021-08-17T21:22:54.5040078Z with:
2021-08-17T21:22:54.5040519Z   fetch-depth: 0
2021-08-17T21:22:54.5041003Z   repository: con/tinuous
2021-08-17T21:22:54.5041817Z   token: ***
2021-08-17T21:22:54.5042256Z   ssh-strict: true
2021-08-17T21:22:54.5042899Z   persist-credentials: true
2021-08-17T21:22:54.5043436Z   clean: true
2021-08-17T21:22:54.5043783Z   lfs: false
2021-08-17T21:22:54.5044191Z   submodules: false
2021-08-17T21:22:54.5044576Z ##[endgroup]
2021-08-17T21:22:55.4490196Z Syncing repository: con/tinuous
2021-08-17T21:22:55.4491446Z ##[group]Getting Git version info
2021-08-17T21:22:55.4492773Z Working directory is '/home/runner/work/tinuous/tinuous'
2021-08-17T21:22:55.4493948Z [command]/usr/bin/git version
2021-08-17T21:22:55.4494327Z git version 2.32.0
2021-08-17T21:22:55.4496177Z ##[endgroup]
2021-08-17T21:22:55.4496905Z Deleting the contents of '/home/runner/work/tinuous/tinuous'
2021-08-17T21:22:55.4499143Z ##[group]Initializing the repository
2021-08-17T21:22:55.4499730Z [command]/usr/bin/git init /home/runner/work/tinuous/tinuous
2021-08-17T21:22:55.4500636Z hint: Using 'master' as the name for the initial branch. This default branch name
2021-08-17T21:22:55.4501347Z hint: is subject to change. To configure the initial branch name to use in all
2021-08-17T21:22:55.4502069Z hint: of your new repositories, which will suppress this warning, call:
2021-08-17T21:22:55.4502571Z hint: 
2021-08-17T21:22:55.4503214Z hint: 	git config --global init.defaultBranch <name>
2021-08-17T21:22:55.4503686Z hint: 
2021-08-17T21:22:55.4504335Z hint: Names commonly chosen instead of 'master' are 'main', 'trunk' and
2021-08-17T21:22:55.4505223Z hint: 'development'. The just-created branch can be renamed via this command:
2021-08-17T21:22:55.4505753Z hint: 
2021-08-17T21:22:55.4506242Z hint: 	git branch -m <name>
2021-08-17T21:22:55.4506822Z Initialized empty Git repository in /home/runner/work/tinuous/tinuous/.git/
2021-08-17T21:22:55.4508028Z [command]/usr/bin/git remote add origin https://github.com/con/tinuous
2021-08-17T21:22:55.4509021Z ##[endgroup]
2021-08-17T21:22:55.4509911Z ##[group]Disabling automatic garbage collection
2021-08-17T21:22:55.4510684Z [command]/usr/bin/git config --local gc.auto 0
2021-08-17T21:22:55.4511545Z ##[endgroup]
2021-08-17T21:22:55.4514189Z ##[group]Setting up auth
2021-08-17T21:22:55.4515220Z [command]/usr/bin/git config --local --name-only --get-regexp core\.sshCommand
2021-08-17T21:22:55.4516515Z [command]/usr/bin/git submodule foreach --recursive git config --local --name-only --get-regexp 'core\.sshCommand' && git config --local --unset-all 'core.sshCommand' || :
2021-08-17T21:22:55.4517846Z [command]/usr/bin/git config --local --name-only --get-regexp http\.https\:\/\/github\.com\/\.extraheader
2021-08-17T21:22:55.4519481Z [command]/usr/bin/git submodule foreach --recursive git config --local --name-only --get-regexp 'http\.https\:\/\/github\.com\/\.extraheader' && git config --local --unset-all 'http.https://github.com/.extraheader' || :
2021-08-17T21:22:55.4521284Z [command]/usr/bin/git config --local http.https://github.com/.extraheader AUTHORIZATION: basic ***
2021-08-17T21:22:55.4522856Z ##[endgroup]
2021-08-17T21:22:55.4523778Z ##[group]Fetching the repository
2021-08-17T21:22:55.4525452Z [command]/usr/bin/git -c protocol.version=2 fetch --prune --progress --no-recurse-submodules origin +refs/heads/*:refs/remotes/origin/* +refs/tags/*:refs/tags/*
2021-08-17T21:22:55.4526536Z remote: Enumerating objects: 874, done.        
2021-08-17T21:22:55.4527103Z remote: Counting objects:   0% (1/528)        
2021-08-17T21:22:55.4527633Z remote: Counting objects:   1% (6/528)        
2021-08-17T21:22:55.4528315Z remote: Counting objects:   2% (11/528)        
2021-08-17T21:22:55.4529015Z remote: Counting objects:   3% (16/528)        
2021-08-17T21:22:55.4529529Z remote: Counting objects:   4% (22/528)        
2021-08-17T21:22:55.4530060Z remote: Counting objects:   5% (27/528)        
2021-08-17T21:22:55.4530773Z remote: Counting objects:   6% (32/528)        
2021-08-17T21:22:55.4531316Z remote: Counting objects:   7% (37/528)        
2021-08-17T21:22:55.4531987Z remote: Counting objects:   8% (43/528)        
2021-08-17T21:22:55.4532476Z remote: Counting objects:   9% (48/528)        
2021-08-17T21:22:55.4533131Z remote: Counting objects:  10% (53/528)        
2021-08-17T21:22:55.4533607Z remote: Counting objects:  11% (59/528)        
2021-08-17T21:22:55.4534099Z remote: Counting objects:  12% (64/528)        
2021-08-17T21:22:55.4534575Z remote: Counting objects:  13% (69/528)        
2021-08-17T21:22:55.4535245Z remote: Counting objects:  14% (74/528)        
2021-08-17T21:22:55.4535738Z remote: Counting objects:  15% (80/528)        
2021-08-17T21:22:55.4536254Z remote: Counting objects:  16% (85/528)        
2021-08-17T21:22:55.4536754Z remote: Counting objects:  17% (90/528)        
2021-08-17T21:22:55.4537246Z remote: Counting objects:  18% (96/528)        
2021-08-17T21:22:55.4537775Z remote: Counting objects:  19% (101/528)        
2021-08-17T21:22:55.4538275Z remote: Counting objects:  20% (106/528)        
2021-08-17T21:22:55.4539135Z remote: Counting objects:  21% (111/528)        
2021-08-17T21:22:55.4539835Z remote: Counting objects:  22% (117/528)        
2021-08-17T21:22:55.4540359Z remote: Counting objects:  23% (122/528)        
2021-08-17T21:22:55.4540877Z remote: Counting objects:  24% (127/528)        
2021-08-17T21:22:55.4541402Z remote: Counting objects:  25% (132/528)        
2021-08-17T21:22:55.4542089Z remote: Counting objects:  26% (138/528)        
2021-08-17T21:22:55.4542589Z remote: Counting objects:  27% (143/528)        
2021-08-17T21:22:55.4543256Z remote: Counting objects:  28% (148/528)        
2021-08-17T21:22:55.4543741Z remote: Counting objects:  29% (154/528)        
2021-08-17T21:22:55.4544240Z remote: Counting objects:  30% (159/528)        
2021-08-17T21:22:55.4544726Z remote: Counting objects:  31% (164/528)        
2021-08-17T21:22:55.4545350Z remote: Counting objects:  32% (169/528)        
2021-08-17T21:22:55.4545839Z remote: Counting objects:  33% (175/528)        
2021-08-17T21:22:55.4546337Z remote: Counting objects:  34% (180/528)        
2021-08-17T21:22:55.4546835Z remote: Counting objects:  35% (185/528)        
2021-08-17T21:22:55.4547686Z remote: Counting objects:  36% (191/528)        
2021-08-17T21:22:55.4548212Z remote: Counting objects:  37% (196/528)        
2021-08-17T21:22:55.4548917Z remote: Counting objects:  38% (201/528)        
2021-08-17T21:22:55.4549461Z remote: Counting objects:  39% (206/528)        
2021-08-17T21:22:55.4549993Z remote: Counting objects:  40% (212/528)        
2021-08-17T21:22:55.4550545Z remote: Counting objects:  41% (217/528)        
2021-08-17T21:22:55.4551265Z remote: Counting objects:  42% (222/528)        
2021-08-17T21:22:55.4552857Z remote: Counting objects:  43% (228/528)        
2021-08-17T21:22:55.4553518Z remote: Counting objects:  44% (233/528)        
2021-08-17T21:22:55.4554250Z remote: Counting objects:  45% (238/528)        
2021-08-17T21:22:55.4554833Z remote: Counting objects:  46% (243/528)        
2021-08-17T21:22:55.4555382Z remote: Counting objects:  47% (249/528)        
2021-08-17T21:22:55.4555943Z remote: Counting objects:  48% (254/528)        
2021-08-17T21:22:55.4556495Z remote: Counting objects:  49% (259/528)        
2021-08-17T21:22:55.4557051Z remote: Counting objects:  50% (264/528)        
2021-08-17T21:22:55.4557603Z remote: Counting objects:  51% (270/528)        
2021-08-17T21:22:55.4558172Z remote: Counting objects:  52% (275/528)        
2021-08-17T21:22:55.4558722Z remote: Counting objects:  53% (280/528)        
2021-08-17T21:22:55.4559293Z remote: Counting objects:  54% (286/528)        
2021-08-17T21:22:55.4559864Z remote: Counting objects:  55% (291/528)        
2021-08-17T21:22:55.4560416Z remote: Counting objects:  56% (296/528)        
2021-08-17T21:22:55.4560988Z remote: Counting objects:  57% (301/528)        
2021-08-17T21:22:55.4561588Z remote: Counting objects:  58% (307/528)        
2021-08-17T21:22:55.4562288Z remote: Counting objects:  59% (312/528)        
2021-08-17T21:22:55.4563524Z remote: Counting objects:  60% (317/528)        
2021-08-17T21:22:55.4564485Z remote: Counting objects:  61% (323/528)        
2021-08-17T21:22:55.4565015Z remote: Counting objects:  62% (328/528)        
2021-08-17T21:22:55.4565513Z remote: Counting objects:  63% (333/528)        
2021-08-17T21:22:55.4566020Z remote: Counting objects:  64% (338/528)        
2021-08-17T21:22:55.4566511Z remote: Counting objects:  65% (344/528)        
2021-08-17T21:22:55.4567018Z remote: Counting objects:  66% (349/528)        
2021-08-17T21:22:55.4567530Z remote: Counting objects:  67% (354/528)        
2021-08-17T21:22:55.4568027Z remote: Counting objects:  68% (360/528)        
2021-08-17T21:22:55.4568711Z remote: Counting objects:  69% (365/528)        
2021-08-17T21:22:55.4569587Z remote: Counting objects:  70% (370/528)        
2021-08-17T21:22:55.4570285Z remote: Counting objects:  71% (375/528)        
2021-08-17T21:22:55.4570837Z remote: Counting objects:  72% (381/528)        
2021-08-17T21:22:55.4571427Z remote: Counting objects:  73% (386/528)        
2021-08-17T21:22:55.4571958Z remote: Counting objects:  74% (391/528)        
2021-08-17T21:22:55.4572814Z remote: Counting objects:  75% (396/528)        
2021-08-17T21:22:55.4573314Z remote: Counting objects:  76% (402/528)        
2021-08-17T21:22:55.4573836Z remote: Counting objects:  77% (407/528)        
2021-08-17T21:22:55.4574505Z remote: Counting objects:  78% (412/528)        
2021-08-17T21:22:55.4574985Z remote: Counting objects:  79% (418/528)        
2021-08-17T21:22:55.4576743Z remote: Counting objects:  80% (423/528)        
2021-08-17T21:22:55.4577414Z remote: Counting objects:  81% (428/528)        
2021-08-17T21:22:55.4577987Z remote: Counting objects:  82% (433/528)        
2021-08-17T21:22:55.4578535Z remote: Counting objects:  83% (439/528)        
2021-08-17T21:22:55.4579103Z remote: Counting objects:  84% (444/528)        
2021-08-17T21:22:55.4580171Z remote: Counting objects:  85% (449/528)        
2021-08-17T21:22:55.4580708Z remote: Counting objects:  86% (455/528)        
2021-08-17T21:22:55.4581396Z remote: Counting objects:  87% (460/528)        
2021-08-17T21:22:55.4582045Z remote: Counting objects:  88% (465/528)        
2021-08-17T21:22:55.4582698Z remote: Counting objects:  89% (470/528)        
2021-08-17T21:22:55.4583170Z remote: Counting objects:  90% (476/528)        
2021-08-17T21:22:55.4583649Z remote: Counting objects:  91% (481/528)        
2021-08-17T21:22:55.4584116Z remote: Counting objects:  92% (486/528)        
2021-08-17T21:22:55.4584595Z remote: Counting objects:  93% (492/528)        
2021-08-17T21:22:55.4585053Z remote: Counting objects:  94% (497/528)        
2021-08-17T21:22:55.4585527Z remote: Counting objects:  95% (502/528)        
2021-08-17T21:22:55.4586002Z remote: Counting objects:  96% (507/528)        
2021-08-17T21:22:55.4586462Z remote: Counting objects:  97% (513/528)        
2021-08-17T21:22:55.4587146Z remote: Counting objects:  98% (518/528)        
2021-08-17T21:22:55.4587631Z remote: Counting objects:  99% (523/528)        
2021-08-17T21:22:55.4588119Z remote: Counting objects: 100% (528/528)        
2021-08-17T21:22:55.4588814Z remote: Counting objects: 100% (528/528), done.        
2021-08-17T21:22:55.4589439Z remote: Compressing objects:   0% (1/277)        
2021-08-17T21:22:55.4590003Z remote: Compressing objects:   1% (3/277)        
2021-08-17T21:22:55.4590726Z remote: Compressing objects:   2% (6/277)        
2021-08-17T21:22:55.4591280Z remote: Compressing objects:   3% (9/277)        
2021-08-17T21:22:55.4592321Z remote: Compressing objects:   4% (12/277)        
2021-08-17T21:22:55.4592855Z remote: Compressing objects:   5% (14/277)        
2021-08-17T21:22:55.4593436Z remote: Compressing objects:   6% (17/277)        
2021-08-17T21:22:55.4593961Z remote: Compressing objects:   7% (20/277)        
2021-08-17T21:22:55.4594472Z remote: Compressing objects:   8% (23/277)        
2021-08-17T21:22:55.4595260Z remote: Compressing objects:   9% (25/277)        
2021-08-17T21:22:55.4595773Z remote: Compressing objects:  10% (28/277)        
2021-08-17T21:22:55.4596287Z remote: Compressing objects:  11% (31/277)        
2021-08-17T21:22:55.4596795Z remote: Compressing objects:  12% (34/277)        
2021-08-17T21:22:55.4597291Z remote: Compressing objects:  13% (37/277)        
2021-08-17T21:22:55.4597802Z remote: Compressing objects:  14% (39/277)        
2021-08-17T21:22:55.4598297Z remote: Compressing objects:  15% (42/277)        
2021-08-17T21:22:55.4599027Z remote: Compressing objects:  16% (45/277)        
2021-08-17T21:22:55.4599548Z remote: Compressing objects:  17% (48/277)        
2021-08-17T21:22:55.4600084Z remote: Compressing objects:  18% (50/277)        
2021-08-17T21:22:55.4600612Z remote: Compressing objects:  19% (53/277)        
2021-08-17T21:22:55.4601154Z remote: Compressing objects:  20% (56/277)        
2021-08-17T21:22:55.4601698Z remote: Compressing objects:  21% (59/277)        
2021-08-17T21:22:55.4602382Z remote: Compressing objects:  22% (61/277)        
2021-08-17T21:22:55.4602890Z remote: Compressing objects:  23% (64/277)        
2021-08-17T21:22:55.4603383Z remote: Compressing objects:  24% (67/277)        
2021-08-17T21:22:55.4603893Z remote: Compressing objects:  25% (70/277)        
2021-08-17T21:22:55.4604389Z remote: Compressing objects:  26% (73/277)        
2021-08-17T21:22:55.4604898Z remote: Compressing objects:  27% (75/277)        
2021-08-17T21:22:55.4605386Z remote: Compressing objects:  28% (78/277)        
2021-08-17T21:22:55.4605892Z remote: Compressing objects:  29% (81/277)        
2021-08-17T21:22:55.4606383Z remote: Compressing objects:  30% (84/277)        
2021-08-17T21:22:55.4606896Z remote: Compressing objects:  31% (86/277)        
2021-08-17T21:22:55.4607404Z remote: Compressing objects:  32% (89/277)        
2021-08-17T21:22:55.4607895Z remote: Compressing objects:  33% (92/277)        
2021-08-17T21:22:55.4608508Z remote: Compressing objects:  34% (95/277)        
2021-08-17T21:22:55.4609012Z remote: Compressing objects:  35% (97/277)        
2021-08-17T21:22:55.4609523Z remote: Compressing objects:  36% (100/277)        
2021-08-17T21:22:55.4610023Z remote: Compressing objects:  37% (103/277)        
2021-08-17T21:22:55.4610535Z remote: Compressing objects:  38% (106/277)        
2021-08-17T21:22:55.4611032Z remote: Compressing objects:  39% (109/277)        
2021-08-17T21:22:55.4611542Z remote: Compressing objects:  40% (111/277)        
2021-08-17T21:22:55.4612238Z remote: Compressing objects:  41% (114/277)        
2021-08-17T21:22:55.4613126Z remote: Compressing objects:  42% (117/277)        
2021-08-17T21:22:55.4613683Z remote: Compressing objects:  43% (120/277)        
2021-08-17T21:22:55.4614220Z remote: Compressing objects:  44% (122/277)        
2021-08-17T21:22:55.4614778Z remote: Compressing objects:  45% (125/277)        
2021-08-17T21:22:55.4615505Z remote: Compressing objects:  46% (128/277)        
2021-08-17T21:22:55.4616102Z remote: Compressing objects:  47% (131/277)        
2021-08-17T21:22:55.4616663Z remote: Compressing objects:  48% (133/277)        
2021-08-17T21:22:55.4617392Z remote: Compressing objects:  49% (136/277)        
2021-08-17T21:22:55.4617951Z remote: Compressing objects:  50% (139/277)        
2021-08-17T21:22:55.4618495Z remote: Compressing objects:  51% (142/277)        
2021-08-17T21:22:55.4619243Z remote: Compressing objects:  52% (145/277)        
2021-08-17T21:22:55.4619806Z remote: Compressing objects:  53% (147/277)        
2021-08-17T21:22:55.4620380Z remote: Compressing objects:  54% (150/277)        
2021-08-17T21:22:55.4620991Z remote: Compressing objects:  55% (153/277)        
2021-08-17T21:22:55.4621569Z remote: Compressing objects:  56% (156/277)        
2021-08-17T21:22:55.4622292Z remote: Compressing objects:  57% (158/277)        
2021-08-17T21:22:55.4622851Z remote: Compressing objects:  58% (161/277)        
2021-08-17T21:22:55.4623410Z remote: Compressing objects:  59% (164/277)        
2021-08-17T21:22:55.4624220Z remote: Compressing objects:  60% (167/277)        
2021-08-17T21:22:55.4624942Z remote: Compressing objects:  61% (169/277)        
2021-08-17T21:22:55.4625456Z remote: Compressing objects:  62% (172/277)        
2021-08-17T21:22:55.4625982Z remote: Compressing objects:  63% (175/277)        
2021-08-17T21:22:55.4626487Z remote: Compressing objects:  64% (178/277)        
2021-08-17T21:22:55.4627007Z remote: Compressing objects:  65% (181/277)        
2021-08-17T21:22:55.4627512Z remote: Compressing objects:  66% (183/277)        
2021-08-17T21:22:55.4628039Z remote: Compressing objects:  67% (186/277)        
2021-08-17T21:22:55.4628566Z remote: Compressing objects:  68% (189/277)        
2021-08-17T21:22:55.4629074Z remote: Compressing objects:  69% (192/277)        
2021-08-17T21:22:55.4629600Z remote: Compressing objects:  70% (194/277)        
2021-08-17T21:22:55.4630106Z remote: Compressing objects:  71% (197/277)        
2021-08-17T21:22:55.4630639Z remote: Compressing objects:  72% (200/277)        
2021-08-17T21:22:55.4631157Z remote: Compressing objects:  73% (203/277)        
2021-08-17T21:22:55.4632046Z remote: Compressing objects:  74% (205/277)        
2021-08-17T21:22:55.4632590Z remote: Compressing objects:  75% (208/277)        
2021-08-17T21:22:55.4633133Z remote: Compressing objects:  76% (211/277)        
2021-08-17T21:22:55.4633677Z remote: Compressing objects:  77% (214/277)        
2021-08-17T21:22:55.4634206Z remote: Compressing objects:  78% (217/277)        
2021-08-17T21:22:55.4634746Z remote: Compressing objects:  79% (219/277)        
2021-08-17T21:22:55.4635610Z remote: Compressing objects:  80% (222/277)        
2021-08-17T21:22:55.4636122Z remote: Compressing objects:  81% (225/277)        
2021-08-17T21:22:55.4636618Z remote: Compressing objects:  82% (228/277)        
2021-08-17T21:22:55.4637128Z remote: Compressing objects:  83% (230/277)        
2021-08-17T21:22:55.4637621Z remote: Compressing objects:  84% (233/277)        
2021-08-17T21:22:55.4638253Z remote: Compressing objects:  85% (236/277)        
2021-08-17T21:22:55.4638768Z remote: Compressing objects:  86% (239/277)        
2021-08-17T21:22:55.4639260Z remote: Compressing objects:  87% (241/277)        
2021-08-17T21:22:55.4639788Z remote: Compressing objects:  88% (244/277)        
2021-08-17T21:22:55.4640295Z remote: Compressing objects:  89% (247/277)        
2021-08-17T21:22:55.4640787Z remote: Compressing objects:  90% (250/277)        
2021-08-17T21:22:55.4641299Z remote: Compressing objects:  91% (253/277)        
2021-08-17T21:22:55.4641791Z remote: Compressing objects:  92% (255/277)        
2021-08-17T21:22:55.4642311Z remote: Compressing objects:  93% (258/277)        
2021-08-17T21:22:55.4642818Z remote: Compressing objects:  94% (261/277)        
2021-08-17T21:22:55.4643307Z remote: Compressing objects:  95% (264/277)        
2021-08-17T21:22:55.4643819Z remote: Compressing objects:  96% (266/277)        
2021-08-17T21:22:55.4644313Z remote: Compressing objects:  97% (269/277)        
2021-08-17T21:22:55.4644844Z remote: Compressing objects:  98% (272/277)        
2021-08-17T21:22:55.4645337Z remote: Compressing objects:  99% (275/277)        
2021-08-17T21:22:55.4645918Z remote: Compressing objects: 100% (277/277)        
2021-08-17T21:22:55.4646441Z remote: Compressing objects: 100% (277/277), done.        
2021-08-17T21:22:55.4646931Z Receiving objects:   0% (1/874)
2021-08-17T21:22:55.4647362Z Receiving objects:   1% (9/874)
2021-08-17T21:22:55.4647776Z Receiving objects:   2% (18/874)
2021-08-17T21:22:55.4719029Z Receiving objects:   3% (27/874)
2021-08-17T21:22:55.4727524Z Receiving objects:   4% (35/874)
2021-08-17T21:22:55.4728553Z Receiving objects:   5% (44/874)
2021-08-17T21:22:55.4729136Z Receiving objects:   6% (53/874)
2021-08-17T21:22:55.4729704Z Receiving objects:   7% (62/874)
2021-08-17T21:22:55.4730339Z Receiving objects:   8% (70/874)
2021-08-17T21:22:55.4730912Z Receiving objects:   9% (79/874)
2021-08-17T21:22:55.4731479Z Receiving objects:  10% (88/874)
2021-08-17T21:22:55.4732360Z Receiving objects:  11% (97/874)
2021-08-17T21:22:55.4733159Z Receiving objects:  12% (105/874)
2021-08-17T21:22:55.4733894Z Receiving objects:  13% (114/874)
2021-08-17T21:22:55.4734483Z Receiving objects:  14% (123/874)
2021-08-17T21:22:55.4735068Z Receiving objects:  15% (132/874)
2021-08-17T21:22:55.4735626Z Receiving objects:  16% (140/874)
2021-08-17T21:22:55.4736213Z Receiving objects:  17% (149/874)
2021-08-17T21:22:55.4736781Z Receiving objects:  18% (158/874)
2021-08-17T21:22:55.4737364Z Receiving objects:  19% (167/874)
2021-08-17T21:22:55.4737943Z Receiving objects:  20% (175/874)
2021-08-17T21:22:55.4738667Z Receiving objects:  21% (184/874)
2021-08-17T21:22:55.4739213Z Receiving objects:  22% (193/874)
2021-08-17T21:22:55.4739741Z Receiving objects:  23% (202/874)
2021-08-17T21:22:55.4920708Z Receiving objects:  24% (210/874)
2021-08-17T21:22:55.4921427Z Receiving objects:  25% (219/874)
2021-08-17T21:22:55.4922369Z Receiving objects:  26% (228/874)
2021-08-17T21:22:55.4922885Z Receiving objects:  27% (236/874)
2021-08-17T21:22:55.4923447Z Receiving objects:  28% (245/874)
2021-08-17T21:22:55.4923999Z Receiving objects:  29% (254/874)
2021-08-17T21:22:55.4924693Z Receiving objects:  30% (263/874)
2021-08-17T21:22:55.4925631Z Receiving objects:  31% (271/874)
2021-08-17T21:22:55.4926096Z Receiving objects:  32% (280/874)
2021-08-17T21:22:55.4926662Z Receiving objects:  33% (289/874)
2021-08-17T21:22:55.4927224Z Receiving objects:  34% (298/874)
2021-08-17T21:22:55.4928074Z Receiving objects:  35% (306/874)
2021-08-17T21:22:55.4928851Z Receiving objects:  36% (315/874)
2021-08-17T21:22:55.4930030Z Receiving objects:  37% (324/874)
2021-08-17T21:22:55.4930589Z Receiving objects:  38% (333/874)
2021-08-17T21:22:55.4931136Z Receiving objects:  39% (341/874)
2021-08-17T21:22:55.4931640Z Receiving objects:  40% (350/874)
2021-08-17T21:22:55.4932525Z Receiving objects:  41% (359/874)
2021-08-17T21:22:55.4934461Z Receiving objects:  42% (368/874)
2021-08-17T21:22:55.4938384Z Receiving objects:  43% (376/874)
2021-08-17T21:22:55.4938850Z Receiving objects:  44% (385/874)
2021-08-17T21:22:55.4941189Z Receiving objects:  45% (394/874)
2021-08-17T21:22:55.4949066Z Receiving objects:  46% (403/874)
2021-08-17T21:22:55.4950222Z Receiving objects:  47% (411/874)
2021-08-17T21:22:55.4950843Z Receiving objects:  48% (420/874)
2021-08-17T21:22:55.4951250Z Receiving objects:  49% (429/874)
2021-08-17T21:22:55.4951866Z Receiving objects:  50% (437/874)
2021-08-17T21:22:55.4952311Z Receiving objects:  51% (446/874)
2021-08-17T21:22:55.4952714Z Receiving objects:  52% (455/874)
2021-08-17T21:22:55.4953135Z Receiving objects:  53% (464/874)
2021-08-17T21:22:55.4953723Z Receiving objects:  54% (472/874)
2021-08-17T21:22:55.4954158Z Receiving objects:  55% (481/874)
2021-08-17T21:22:55.4954570Z Receiving objects:  56% (490/874)
2021-08-17T21:22:55.4954998Z Receiving objects:  57% (499/874)
2021-08-17T21:22:55.4956191Z Receiving objects:  58% (507/874)
2021-08-17T21:22:55.4956668Z Receiving objects:  59% (516/874)
2021-08-17T21:22:55.4957255Z Receiving objects:  60% (525/874)
2021-08-17T21:22:55.4958057Z Receiving objects:  61% (534/874)
2021-08-17T21:22:55.4958481Z Receiving objects:  62% (542/874)
2021-08-17T21:22:55.5272989Z Receiving objects:  63% (551/874)
2021-08-17T21:22:55.5273604Z Receiving objects:  64% (560/874)
2021-08-17T21:22:55.5274013Z Receiving objects:  65% (569/874)
2021-08-17T21:22:55.5275400Z remote: Total 874 (delta 292), reused 323 (delta 206), pack-reused 346        
2021-08-17T21:22:55.5276350Z Receiving objects:  66% (577/874)
2021-08-17T21:22:55.5277613Z Receiving objects:  67% (586/874)
2021-08-17T21:22:55.5278893Z Receiving objects:  68% (595/874)
2021-08-17T21:22:55.5279856Z Receiving objects:  69% (604/874)
2021-08-17T21:22:55.5280305Z Receiving objects:  70% (612/874)
2021-08-17T21:22:55.5281744Z Receiving objects:  71% (621/874)
2021-08-17T21:22:55.5283388Z Receiving objects:  72% (630/874)
2021-08-17T21:22:55.5285889Z Receiving objects:  73% (639/874)
2021-08-17T21:22:55.5287086Z Receiving objects:  74% (647/874)
2021-08-17T21:22:55.5288180Z Receiving objects:  75% (656/874)
2021-08-17T21:22:55.5289744Z Receiving objects:  76% (665/874)
2021-08-17T21:22:55.5290207Z Receiving objects:  77% (673/874)
2021-08-17T21:22:55.5291269Z Receiving objects:  78% (682/874)
2021-08-17T21:22:55.5293673Z Receiving objects:  79% (691/874)
2021-08-17T21:22:55.5299470Z Receiving objects:  80% (700/874)
2021-08-17T21:22:55.5300235Z Receiving objects:  81% (708/874)
2021-08-17T21:22:55.5300666Z Receiving objects:  82% (717/874)
2021-08-17T21:22:55.5301643Z Receiving objects:  83% (726/874)
2021-08-17T21:22:55.5302247Z Receiving objects:  84% (735/874)
2021-08-17T21:22:55.5303853Z Receiving objects:  85% (743/874)
2021-08-17T21:22:55.5305077Z Receiving objects:  86% (752/874)
2021-08-17T21:22:55.5309313Z Receiving objects:  87% (761/874)
2021-08-17T21:22:55.5310086Z Receiving objects:  88% (770/874)
2021-08-17T21:22:55.5311049Z Receiving objects:  89% (778/874)
2021-08-17T21:22:55.5312412Z Receiving objects:  90% (787/874)
2021-08-17T21:22:55.5314608Z Receiving objects:  91% (796/874)
2021-08-17T21:22:55.5315409Z Receiving objects:  92% (805/874)
2021-08-17T21:22:55.5316073Z Receiving objects:  93% (813/874)
2021-08-17T21:22:55.5316845Z Receiving objects:  94% (822/874)
2021-08-17T21:22:55.5317531Z Receiving objects:  95% (831/874)
2021-08-17T21:22:55.5318716Z Receiving objects:  96% (840/874)
2021-08-17T21:22:55.5319147Z Receiving objects:  97% (848/874)
2021-08-17T21:22:55.5319919Z Receiving objects:  98% (857/874)
2021-08-17T21:22:55.5320345Z Receiving objects:  99% (866/874)
2021-08-17T21:22:55.5320752Z Receiving objects: 100% (874/874)
2021-08-17T21:22:55.5321234Z Receiving objects: 100% (874/874), 230.62 KiB | 2.00 MiB/s, done.
2021-08-17T21:22:55.5324711Z Resolving deltas:   0% (0/472)
2021-08-17T21:22:55.5325747Z Resolving deltas:   1% (5/472)
2021-08-17T21:22:55.5327994Z Resolving deltas:   2% (10/472)
2021-08-17T21:22:55.5328916Z Resolving deltas:   3% (15/472)
2021-08-17T21:22:55.5329969Z Resolving deltas:   4% (19/472)
2021-08-17T21:22:55.5330694Z Resolving deltas:   5% (24/472)
2021-08-17T21:22:55.5331639Z Resolving deltas:   6% (29/472)
2021-08-17T21:22:55.5332189Z Resolving deltas:   7% (34/472)
2021-08-17T21:22:55.5333146Z Resolving deltas:   8% (38/472)
2021-08-17T21:22:55.5335403Z Resolving deltas:   9% (43/472)
2021-08-17T21:22:55.5337311Z Resolving deltas:  10% (48/472)
2021-08-17T21:22:55.5339729Z Resolving deltas:  11% (52/472)
2021-08-17T21:22:55.5342240Z Resolving deltas:  12% (57/472)
2021-08-17T21:22:55.5344220Z Resolving deltas:  13% (62/472)
2021-08-17T21:22:55.5346215Z Resolving deltas:  14% (67/472)
2021-08-17T21:22:55.5350271Z Resolving deltas:  15% (71/472)
2021-08-17T21:22:55.5353926Z Resolving deltas:  16% (76/472)
2021-08-17T21:22:55.5356473Z Resolving deltas:  17% (81/472)
2021-08-17T21:22:55.5361338Z Resolving deltas:  18% (85/472)
2021-08-17T21:22:55.5366461Z Resolving deltas:  19% (90/472)
2021-08-17T21:22:55.5368880Z Resolving deltas:  20% (95/472)
2021-08-17T21:22:55.5370944Z Resolving deltas:  21% (100/472)
2021-08-17T21:22:55.5373493Z Resolving deltas:  22% (104/472)
2021-08-17T21:22:55.5377605Z Resolving deltas:  23% (109/472)
2021-08-17T21:22:55.5380974Z Resolving deltas:  24% (114/472)
2021-08-17T21:22:55.5386159Z Resolving deltas:  25% (118/472)
2021-08-17T21:22:55.5390430Z Resolving deltas:  26% (123/472)
2021-08-17T21:22:55.5391227Z Resolving deltas:  27% (128/472)
2021-08-17T21:22:55.5394371Z Resolving deltas:  28% (133/472)
2021-08-17T21:22:55.5396839Z Resolving deltas:  29% (137/472)
2021-08-17T21:22:55.5399133Z Resolving deltas:  30% (142/472)
2021-08-17T21:22:55.5400769Z Resolving deltas:  31% (147/472)
2021-08-17T21:22:55.5401809Z Resolving deltas:  32% (152/472)
2021-08-17T21:22:55.5402220Z Resolving deltas:  33% (156/472)
2021-08-17T21:22:55.5403193Z Resolving deltas:  34% (161/472)
2021-08-17T21:22:55.5404168Z Resolving deltas:  35% (166/472)
2021-08-17T21:22:55.5406175Z Resolving deltas:  36% (170/472)
2021-08-17T21:22:55.5407981Z Resolving deltas:  37% (175/472)
2021-08-17T21:22:55.5409906Z Resolving deltas:  38% (180/472)
2021-08-17T21:22:55.5410763Z Resolving deltas:  39% (185/472)
2021-08-17T21:22:55.5411177Z Resolving deltas:  40% (189/472)
2021-08-17T21:22:55.5412411Z Resolving deltas:  41% (194/472)
2021-08-17T21:22:55.5413160Z Resolving deltas:  42% (199/472)
2021-08-17T21:22:55.5413552Z Resolving deltas:  43% (203/472)
2021-08-17T21:22:55.5414517Z Resolving deltas:  44% (208/472)
2021-08-17T21:22:55.5415736Z Resolving deltas:  45% (213/472)
2021-08-17T21:22:55.5416686Z Resolving deltas:  46% (218/472)
2021-08-17T21:22:55.5417422Z Resolving deltas:  47% (222/472)
2021-08-17T21:22:55.5417813Z Resolving deltas:  48% (227/472)
2021-08-17T21:22:55.5418770Z Resolving deltas:  49% (232/472)
2021-08-17T21:22:55.5419723Z Resolving deltas:  50% (236/472)
2021-08-17T21:22:55.5420950Z Resolving deltas:  51% (241/472)
2021-08-17T21:22:55.5421706Z Resolving deltas:  52% (246/472)
2021-08-17T21:22:55.5422096Z Resolving deltas:  53% (251/472)
2021-08-17T21:22:55.5423086Z Resolving deltas:  54% (255/472)
2021-08-17T21:22:55.5424318Z Resolving deltas:  55% (260/472)
2021-08-17T21:22:55.5425058Z Resolving deltas:  56% (265/472)
2021-08-17T21:22:55.5425470Z Resolving deltas:  57% (270/472)
2021-08-17T21:22:55.5426411Z Resolving deltas:  58% (274/472)
2021-08-17T21:22:55.5427631Z Resolving deltas:  59% (279/472)
2021-08-17T21:22:55.5428579Z Resolving deltas:  60% (284/472)
2021-08-17T21:22:55.5429318Z Resolving deltas:  61% (288/472)
2021-08-17T21:22:55.5429713Z Resolving deltas:  62% (293/472)
2021-08-17T21:22:55.5430925Z Resolving deltas:  63% (298/472)
2021-08-17T21:22:55.5431854Z Resolving deltas:  64% (303/472)
2021-08-17T21:22:55.5432260Z Resolving deltas:  65% (307/472)
2021-08-17T21:22:55.5434578Z Resolving deltas:  66% (312/472)
2021-08-17T21:22:55.5437036Z Resolving deltas:  67% (317/472)
2021-08-17T21:22:55.5439802Z Resolving deltas:  68% (321/472)
2021-08-17T21:22:55.5441060Z Resolving deltas:  69% (326/472)
2021-08-17T21:22:55.5442012Z Resolving deltas:  70% (331/472)
2021-08-17T21:22:55.5442836Z Resolving deltas:  71% (336/472)
2021-08-17T21:22:55.5447610Z Resolving deltas:  72% (340/472)
2021-08-17T21:22:55.5448332Z Resolving deltas:  73% (345/472)
2021-08-17T21:22:55.5448745Z Resolving deltas:  74% (350/472)
2021-08-17T21:22:55.5449144Z Resolving deltas:  75% (354/472)
2021-08-17T21:22:55.5449528Z Resolving deltas:  76% (359/472)
2021-08-17T21:22:55.5449925Z Resolving deltas:  77% (364/472)
2021-08-17T21:22:55.5450322Z Resolving deltas:  78% (369/472)
2021-08-17T21:22:55.5451079Z Resolving deltas:  79% (373/472)
2021-08-17T21:22:55.5453264Z Resolving deltas:  80% (378/472)
2021-08-17T21:22:55.5455596Z Resolving deltas:  81% (383/472)
2021-08-17T21:22:55.5458475Z Resolving deltas:  82% (388/472)
2021-08-17T21:22:55.5461098Z Resolving deltas:  83% (392/472)
2021-08-17T21:22:55.5464426Z Resolving deltas:  84% (397/472)
2021-08-17T21:22:55.5466473Z Resolving deltas:  85% (402/472)
2021-08-17T21:22:55.5469318Z Resolving deltas:  86% (406/472)
2021-08-17T21:22:55.5472765Z Resolving deltas:  87% (411/472)
2021-08-17T21:22:55.5474869Z Resolving deltas:  88% (416/472)
2021-08-17T21:22:55.5477451Z Resolving deltas:  89% (421/472)
2021-08-17T21:22:55.5479140Z Resolving deltas:  90% (425/472)
2021-08-17T21:22:55.5481735Z Resolving deltas:  91% (430/472)
2021-08-17T21:22:55.5483466Z Resolving deltas:  92% (435/472)
2021-08-17T21:22:55.5488619Z Resolving deltas:  93% (439/472)
2021-08-17T21:22:55.5492268Z Resolving deltas:  94% (444/472)
2021-08-17T21:22:55.5494581Z Resolving deltas:  95% (449/472)
2021-08-17T21:22:55.5497003Z Resolving deltas:  96% (454/472)
2021-08-17T21:22:55.5498829Z Resolving deltas:  97% (458/472)
2021-08-17T21:22:55.5501078Z Resolving deltas:  98% (463/472)
2021-08-17T21:22:55.5503049Z Resolving deltas:  99% (468/472)
2021-08-17T21:22:55.5508347Z Resolving deltas: 100% (472/472)
2021-08-17T21:22:55.5509408Z Resolving deltas: 100% (472/472), done.
2021-08-17T21:22:55.5664401Z From https://github.com/con/tinuous
2021-08-17T21:22:55.5666359Z  * [new branch]      gh-131          -> origin/gh-131
2021-08-17T21:22:55.5667668Z  * [new branch]      gh-55           -> origin/gh-55
2021-08-17T21:22:55.5669414Z  * [new branch]      master          -> origin/master
2021-08-17T21:22:55.5670600Z  * [new branch]      no-extra-search -> origin/no-extra-search
2021-08-17T21:22:55.5672266Z  * [new branch]      test-appveyor   -> origin/test-appveyor
2021-08-17T21:22:55.5674168Z  * [new tag]         0.1.0           -> 0.1.0
2021-08-17T21:22:55.5675044Z  * [new tag]         0.2.0           -> 0.2.0
2021-08-17T21:22:55.5675845Z  * [new tag]         0.3.0           -> 0.3.0
2021-08-17T21:22:55.5676573Z  * [new tag]         0.4.0           -> 0.4.0
2021-08-17T21:22:55.5677277Z  * [new tag]         0.5.0           -> 0.5.0
2021-08-17T21:22:55.5705971Z [command]/usr/bin/git branch --list --remote origin/gh-131
2021-08-17T21:22:55.5735026Z   origin/gh-131
2021-08-17T21:22:55.5743781Z [command]/usr/bin/git rev-parse refs/remotes/origin/gh-131
2021-08-17T21:22:55.5767129Z d8f2d433f4a6536ff9d73fecd7f764776fa19fba
2021-08-17T21:22:55.5770836Z ##[endgroup]
2021-08-17T21:22:55.5772075Z ##[group]Determining the checkout info
2021-08-17T21:22:55.5773233Z ##[endgroup]
2021-08-17T21:22:55.5774285Z ##[group]Checking out the ref
2021-08-17T21:22:55.5777363Z [command]/usr/bin/git checkout --progress --force -B gh-131 refs/remotes/origin/gh-131
2021-08-17T21:22:55.5843941Z Switched to a new branch 'gh-131'
2021-08-17T21:22:55.5845113Z Branch 'gh-131' set up to track remote branch 'gh-131' from 'origin'.
2021-08-17T21:22:55.5852468Z ##[endgroup]
2021-08-17T21:22:55.5910323Z [command]/usr/bin/git log -1 --format='%H'
2021-08-17T21:22:55.5938680Z 'd8f2d433f4a6536ff9d73fecd7f764776fa19fba'
2021-08-17T21:22:55.6069620Z ##[group]Run actions/setup-python@v2
2021-08-17T21:22:55.6070110Z with:
2021-08-17T21:22:55.6070481Z   python-version: 3.8
2021-08-17T21:22:55.6071424Z   token: ***
2021-08-17T21:22:55.6072388Z ##[endgroup]
2021-08-17T21:22:55.6646775Z Successfully setup CPython (3.8.11)
2021-08-17T21:22:55.6821545Z ##[group]Run python -m pip install --upgrade pip wheel
2021-08-17T21:22:55.6822239Z [36;1mpython -m pip install --upgrade pip wheel[0m
2021-08-17T21:22:55.6822912Z [36;1mpython -m pip install --upgrade --upgrade-strategy=eager tox[0m
2021-08-17T21:22:55.6866443Z shell: /usr/bin/bash -e {0}
2021-08-17T21:22:55.6866807Z env:
2021-08-17T21:22:55.6867271Z   pythonLocation: /opt/hostedtoolcache/Python/3.8.11/x64
2021-08-17T21:22:55.6867947Z   LD_LIBRARY_PATH: /opt/hostedtoolcache/Python/3.8.11/x64/lib
2021-08-17T21:22:55.6868588Z ##[endgroup]
2021-08-17T21:22:56.7979576Z Requirement already satisfied: pip in /opt/hostedtoolcache/Python/3.8.11/x64/lib/python3.8/site-packages (21.2.4)
2021-08-17T21:22:57.0531978Z Collecting wheel
2021-08-17T21:22:57.1134985Z   Downloading wheel-0.37.0-py2.py3-none-any.whl (35 kB)
2021-08-17T21:22:57.1742806Z Installing collected packages: wheel
2021-08-17T21:22:57.2174333Z Successfully installed wheel-0.37.0
2021-08-17T21:22:58.2407122Z Collecting tox
2021-08-17T21:22:58.2849747Z   Downloading tox-3.24.1-py2.py3-none-any.whl (85 kB)
2021-08-17T21:22:58.3690371Z Collecting toml>=0.9.4
2021-08-17T21:22:58.3808129Z   Downloading toml-0.10.2-py2.py3-none-any.whl (16 kB)
2021-08-17T21:22:58.4256521Z Collecting pluggy>=0.12.0
2021-08-17T21:22:58.4575171Z   Downloading pluggy-0.13.1-py2.py3-none-any.whl (18 kB)
2021-08-17T21:22:58.5002025Z Collecting six>=1.14.0
2021-08-17T21:22:58.5135116Z   Downloading six-1.16.0-py2.py3-none-any.whl (11 kB)
2021-08-17T21:22:58.5787028Z Collecting packaging>=14
2021-08-17T21:22:58.5903796Z   Downloading packaging-21.0-py3-none-any.whl (40 kB)
2021-08-17T21:22:58.6327411Z Collecting filelock>=3.0.0
2021-08-17T21:22:58.6464020Z   Downloading filelock-3.0.12-py3-none-any.whl (7.6 kB)
2021-08-17T21:22:58.8920678Z Collecting virtualenv!=20.0.0,!=20.0.1,!=20.0.2,!=20.0.3,!=20.0.4,!=20.0.5,!=20.0.6,!=20.0.7,>=16.0.0
2021-08-17T21:22:58.9039636Z   Downloading virtualenv-20.7.2-py2.py3-none-any.whl (5.3 MB)
2021-08-17T21:22:59.0657368Z Collecting py>=1.4.17
2021-08-17T21:22:59.0784264Z   Downloading py-1.10.0-py2.py3-none-any.whl (97 kB)
2021-08-17T21:22:59.1815740Z Collecting pyparsing>=2.0.2
2021-08-17T21:22:59.1930608Z   Downloading pyparsing-2.4.7-py2.py3-none-any.whl (67 kB)
2021-08-17T21:22:59.2873149Z Collecting backports.entry-points-selectable>=1.0.4
2021-08-17T21:22:59.2994925Z   Downloading backports.entry_points_selectable-1.1.0-py2.py3-none-any.whl (6.2 kB)
2021-08-17T21:22:59.3387302Z Collecting distlib<1,>=0.3.1
2021-08-17T21:22:59.3499989Z   Downloading distlib-0.3.2-py2.py3-none-any.whl (338 kB)
2021-08-17T21:22:59.3938696Z Collecting platformdirs<3,>=2
2021-08-17T21:22:59.4048305Z   Downloading platformdirs-2.2.0-py3-none-any.whl (13 kB)
2021-08-17T21:22:59.5739222Z Installing collected packages: six, pyparsing, platformdirs, filelock, distlib, backports.entry-points-selectable, virtualenv, toml, py, pluggy, packaging, tox
2021-08-17T21:23:00.2162436Z Successfully installed backports.entry-points-selectable-1.1.0 distlib-0.3.2 filelock-3.0.12 packaging-21.0 platformdirs-2.2.0 pluggy-0.13.1 py-1.10.0 pyparsing-2.4.7 six-1.16.0 toml-0.10.2 tox-3.24.1 virtualenv-20.7.2
2021-08-17T21:23:00.4206370Z ##[group]Run tox -e py -- --cov-report=xml
2021-08-17T21:23:00.4207040Z [36;1mtox -e py -- --cov-report=xml[0m
2021-08-17T21:23:00.4253230Z shell: /usr/bin/bash -e {0}
2021-08-17T21:23:00.4253612Z env:
2021-08-17T21:23:00.4254133Z   pythonLocation: /opt/hostedtoolcache/Python/3.8.11/x64
2021-08-17T21:23:00.4254848Z   LD_LIBRARY_PATH: /opt/hostedtoolcache/Python/3.8.11/x64/lib
2021-08-17T21:23:00.4255364Z ##[endgroup]
2021-08-17T21:23:00.7599844Z .package create: /home/runner/work/tinuous/tinuous/.tox/.package
2021-08-17T21:23:02.4191984Z .package installdeps: setuptools >= 46.4.0, wheel ~= 0.32
2021-08-17T21:23:06.3486614Z py create: /home/runner/work/tinuous/tinuous/.tox/py
2021-08-17T21:23:06.6834882Z py installdeps: pytest~=6.0, pytest-cov~=2.0, pytest-mock~=3.0
2021-08-17T21:23:10.8482888Z py inst: /home/runner/work/tinuous/tinuous/.tox/.tmp/package/1/tinuous-0.5.0+4.gd8f2d43.tar.gz
2021-08-17T21:23:23.4250934Z py installed: attrs==21.2.0,certifi==2021.5.30,cffi==1.14.6,charset-normalizer==2.0.4,click==8.0.1,click-loglevel==0.4.0.post1,coverage==5.5,Deprecated==1.2.12,idna==3.2,in-place==0.5.0,iniconfig==1.1.1,packaging==21.0,pluggy==0.13.1,py==1.10.0,pycparser==2.20,pydantic==1.8.2,PyGithub==1.55,PyJWT==2.1.0,PyNaCl==1.4.0,pyparsing==2.4.7,pytest==6.2.4,pytest-cov==2.12.1,pytest-mock==3.6.1,python-dateutil==2.8.2,python-dotenv==0.19.0,PyYAML==5.4.1,requests==2.26.0,six==1.16.0,tinuous @ file:///home/runner/work/tinuous/tinuous/.tox/.tmp/package/1/tinuous-0.5.0%2B4.gd8f2d43.tar.gz,toml==0.10.2,typing-extensions==3.10.0.0,urllib3==1.26.6,wrapt==1.12.1
2021-08-17T21:23:23.4269946Z py run-test-pre: PYTHONHASHSEED='1450581082'
2021-08-17T21:23:23.4271424Z py run-test: commands[0] | tinuous --help
2021-08-17T21:23:23.4272877Z Usage: tinuous [OPTIONS] COMMAND [ARGS]...
2021-08-17T21:23:23.4274017Z 
2021-08-17T21:23:23.4274917Z   Download build logs from GitHub Actions, Travis, and Appveyor
2021-08-17T21:23:23.4275467Z 
2021-08-17T21:23:23.4275897Z Options:
2021-08-17T21:23:23.4277210Z   -V, --version                   Show the version and exit.
2021-08-17T21:23:23.4278654Z   -c, --config FILE               Read configuration from the given file
2021-08-17T21:23:23.4279515Z                                   [default: tinuous.yaml]
2021-08-17T21:23:23.4280756Z   -E, --env FILE                  Load environment variables from given .env
2021-08-17T21:23:23.4281810Z                                   file
2021-08-17T21:23:23.4282646Z   -l, --log-level [NOTSET|DEBUG|INFO|WARNING|ERROR|CRITICAL]
2021-08-17T21:23:23.4283446Z                                   Set logging level  [default: 20]
2021-08-17T21:23:23.4284283Z   --help                          Show this message and exit.
2021-08-17T21:23:23.4284758Z 
2021-08-17T21:23:23.4285240Z Commands:
2021-08-17T21:23:23.4285735Z   fetch     Download logs
2021-08-17T21:23:23.4286323Z   sanitize  Sanitize secrets in logs
2021-08-17T21:23:23.4421103Z py run-test: commands[1] | pytest --cov-report=xml test
2021-08-17T21:23:24.4093048Z ============================= test session starts ==============================
2021-08-17T21:23:24.4094787Z platform linux -- Python 3.8.11, pytest-6.2.4, py-1.10.0, pluggy-0.13.1
2021-08-17T21:23:24.4095688Z cachedir: .tox/py/.pytest_cache
2021-08-17T21:23:24.4096605Z rootdir: /home/runner/work/tinuous/tinuous, configfile: tox.ini
2021-08-17T21:23:24.4097506Z plugins: cov-2.12.1, mock-3.6.1
2021-08-17T21:23:24.4098136Z collected 64 items
2021-08-17T21:23:24.4098518Z 
2021-08-17T21:23:24.4310429Z test/test_base.py .........                                              [ 14%]
2021-08-17T21:23:24.4481831Z test/test_config.py ........                                             [ 26%]
2021-08-17T21:23:24.4782305Z test/test_state.py ........                                              [ 39%]
2021-08-17T21:23:24.7749995Z test/test_util.py .......................................                [100%]
2021-08-17T21:23:24.7750417Z 
2021-08-17T21:23:24.7751556Z ---------- coverage: platform linux, python 3.8.11-final-0 -----------
2021-08-17T21:23:24.7752691Z Coverage XML written to file coverage.xml
2021-08-17T21:23:24.7753107Z 
2021-08-17T21:23:24.7753301Z 
2021-08-17T21:23:24.7753694Z ============================== 64 passed in 0.85s ==============================
2021-08-17T21:23:24.8313077Z ___________________________________ summary ____________________________________
2021-08-17T21:23:24.8313590Z   py: commands succeeded
2021-08-17T21:23:24.8314046Z   congratulations :)
2021-08-17T21:23:24.8704618Z ##[group]Run codecov/codecov-action@v1
2021-08-17T21:23:24.8705093Z with:
2021-08-17T21:23:24.8705419Z   fail_ci_if_error: false
2021-08-17T21:23:24.8705761Z env:
2021-08-17T21:23:24.8706231Z   pythonLocation: /opt/hostedtoolcache/Python/3.8.11/x64
2021-08-17T21:23:24.8706896Z   LD_LIBRARY_PATH: /opt/hostedtoolcache/Python/3.8.11/x64/lib
2021-08-17T21:23:24.8707572Z ##[endgroup]
2021-08-17T21:23:24.9431212Z [command]/usr/bin/bash codecov.sh -n  -F  -Q github-action-v1.5.2
2021-08-17T21:23:24.9513868Z 
2021-08-17T21:23:24.9514543Z   _____          _
2021-08-17T21:23:24.9514942Z  / ____|        | |
2021-08-17T21:23:24.9515391Z | |     ___   __| | ___  ___ _____   __
2021-08-17T21:23:24.9516529Z | |    / _ \ / _` |/ _ \/ __/ _ \ \ / /
2021-08-17T21:23:24.9517150Z | |___| (_) | (_| |  __/ (_| (_) \ V /
2021-08-17T21:23:24.9517616Z  \_____\___/ \__,_|\___|\___\___/ \_/
2021-08-17T21:23:24.9518647Z                               Bash-1.0.3
2021-08-17T21:23:24.9519393Z 
2021-08-17T21:23:24.9519832Z 
2021-08-17T21:23:24.9545121Z [0;36m==>[0m git version 2.32.0 found
2021-08-17T21:23:24.9713902Z [0;36m==>[0m curl 7.68.0 (x86_64-pc-linux-gnu) libcurl/7.68.0 OpenSSL/1.1.1f zlib/1.2.11 brotli/1.0.7 libidn2/2.2.0 libpsl/0.21.0 (+libidn2/2.2.0) libssh/0.9.3/openssl/zlib nghttp2/1.40.0 librtmp/2.3
2021-08-17T21:23:24.9715383Z Release-Date: 2020-01-08
2021-08-17T21:23:24.9716256Z Protocols: dict file ftp ftps gopher http https imap imaps ldap ldaps pop3 pop3s rtmp rtsp scp sftp smb smbs smtp smtps telnet tftp 
2021-08-17T21:23:24.9717744Z Features: AsynchDNS brotli GSS-API HTTP2 HTTPS-proxy IDN IPv6 Kerberos Largefile libz NTLM NTLM_WB PSL SPNEGO SSL TLS-SRP UnixSockets
2021-08-17T21:23:24.9718991Z [0;90m==>[0m GitHub Actions detected.
2021-08-17T21:23:24.9719499Z     Env vars used:
2021-08-17T21:23:24.9720127Z       -> GITHUB_ACTIONS:    true
2021-08-17T21:23:24.9734088Z       -> GITHUB_HEAD_REF:   
2021-08-17T21:23:24.9734915Z       -> GITHUB_REF:        refs/heads/gh-131
2021-08-17T21:23:24.9735691Z       -> GITHUB_REPOSITORY: con/tinuous
2021-08-17T21:23:24.9736393Z       -> GITHUB_RUN_ID:     1140888813
2021-08-17T21:23:24.9737438Z       -> GITHUB_SHA:        d8f2d433f4a6536ff9d73fecd7f764776fa19fba
2021-08-17T21:23:24.9738276Z       -> GITHUB_WORKFLOW:   Test
2021-08-17T21:23:24.9940621Z     [0;90mproject root:[0m .
2021-08-17T21:23:25.0078981Z     [0;90mYaml found at:[0m codecov.yml
2021-08-17T21:23:25.0595269Z [0;90m==>[0m Running gcov in . [0;90m(disable via -X gcov)[0m
2021-08-17T21:23:25.0745607Z [0;90m==>[0m Searching for coverage reports in:
2021-08-17T21:23:25.0746818Z     [0;32m+[0m .
2021-08-17T21:23:25.0833075Z     [0;90m->[0m Found 1 reports
2021-08-17T21:23:25.0835410Z [0;90m==>[0m Detecting git/mercurial file structure
2021-08-17T21:23:25.0927256Z [0;90m==>[0m Reading reports
2021-08-17T21:23:25.1062574Z     [0;32m+[0m ./coverage.xml [0;90mbytes=45516[0m
2021-08-17T21:23:25.1098714Z [0;90m==>[0m Appending adjustments
2021-08-17T21:23:25.1100300Z     [0;36mhttps://docs.codecov.io/docs/fixing-reports[0m
2021-08-17T21:23:25.1203373Z     [0;90m->[0m No adjustments found
2021-08-17T21:23:25.1207572Z [0;90m==>[0m Gzipping contents
2021-08-17T21:23:25.1264177Z         4.0K	/tmp/codecov.ey1Cmy.gz
2021-08-17T21:23:25.1291402Z [0;90m==>[0m Uploading reports
2021-08-17T21:23:25.1292481Z     [0;90murl:[0m https://codecov.io
2021-08-17T21:23:25.1294678Z     [0;90mquery:[0m branch=gh-131&commit=d8f2d433f4a6536ff9d73fecd7f764776fa19fba&build=1140888813&build_url=http%3A%2F%2Fgithub.com%2Fcon%2Ftinuous%2Factions%2Fruns%2F1140888813&name=&tag=&slug=con%2Ftinuous&service=github-actions&flags=&pr=&job=Test&cmd_args=n,F,Q
2021-08-17T21:23:25.1343137Z [0;90m->[0m  Pinging Codecov
2021-08-17T21:23:25.1345739Z https://codecov.io/upload/v4?package=github-action-v1.5.2-1.0.3&token=secret&branch=gh-131&commit=d8f2d433f4a6536ff9d73fecd7f764776fa19fba&build=1140888813&build_url=http%3A%2F%2Fgithub.com%2Fcon%2Ftinuous%2Factions%2Fruns%2F1140888813&name=&tag=&slug=con%2Ftinuous&service=github-actions&flags=&pr=&job=Test&cmd_args=n,F,Q
2021-08-17T21:23:25.5214426Z [0;90m->[0m  Uploading to
2021-08-17T21:23:25.5218882Z https://storage.googleapis.com/codecov/v4/raw/2021-08-17/0010CBA6D851417C00BB0BC3FC5895F9/d8f2d433f4a6536ff9d73fecd7f764776fa19fba/530494cb-551e-4f01-af71-3ec967d89cf0.txt?X-Amz-Algorithm=AWS4-HMAC-SHA256&X-Amz-Credential=GOOG1EKKHVKCKHW7KBCGM7IHR55T63V2PAVJWLVFNITJHDU5G6R5IRN3LMWJA%2F20210817%2FUS%2Fs3%2Faws4_request&X-Amz-Date=20210817T212325Z&X-Amz-Expires=10&X-Amz-SignedHeaders=host&X-Amz-Signature=11bbf9a43daa54b961838bf29c264c798518f4fe2d2208f29fb05354cb4a1b5d
2021-08-17T21:23:25.5293915Z   % Total    % Received % Xferd  Average Speed   Time    Time     Time  Current
2021-08-17T21:23:25.5295602Z                                  Dload  Upload   Total   Spent    Left  Speed
2021-08-17T21:23:25.5300252Z 
2021-08-17T21:23:25.7410938Z   0     0    0     0    0     0      0      0 --:--:-- --:--:-- --:--:--     0
2021-08-17T21:23:25.7411948Z 100  3767    0     0  100  3767      0  17853 --:--:-- --:--:-- --:--:-- 17853
2021-08-17T21:23:25.7514246Z     [0;32m->[0m Reports have been successfully queued for processing at [0;36mhttps://codecov.io/github/con/tinuous/commit/d8f2d433f4a6536ff9d73fecd7f764776fa19fba[0m
2021-08-17T21:23:25.7630639Z Post job cleanup.
2021-08-17T21:23:25.9116001Z [command]/usr/bin/git version
2021-08-17T21:23:25.9166890Z git version 2.32.0
2021-08-17T21:23:25.9215801Z [command]/usr/bin/git config --local --name-only --get-regexp core\.sshCommand
2021-08-17T21:23:25.9251968Z [command]/usr/bin/git submodule foreach --recursive git config --local --name-only --get-regexp 'core\.sshCommand' && git config --local --unset-all 'core.sshCommand' || :
2021-08-17T21:23:25.9494100Z [command]/usr/bin/git config --local --name-only --get-regexp http\.https\:\/\/github\.com\/\.extraheader
2021-08-17T21:23:25.9510086Z http.https://github.com/.extraheader
2021-08-17T21:23:25.9527463Z [command]/usr/bin/git config --local --unset-all http.https://github.com/.extraheader
2021-08-17T21:23:25.9554095Z [command]/usr/bin/git submodule foreach --recursive git config --local --name-only --get-regexp 'http\.https\:\/\/github\.com\/\.extraheader' && git config --local --unset-all 'http.https://github.com/.extraheader' || :
2021-08-17T21:23:25.9868110Z Cleaning up orphan processes
