2021-06-11T16:51:30.7743017Z ##[section]Starting: Request a runner to run this job
2021-06-11T16:51:30.9339586Z Can't find any online and idle self-hosted runner in current repository that matches the required labels: 'ubuntu-latest'
2021-06-11T16:51:30.9339695Z Can't find any online and idle self-hosted runner in current repository's account/organization that matches the required labels: 'ubuntu-latest'
2021-06-11T16:51:30.9339906Z Found online and idle hosted runner in current repository's account/organization that matches the required labels: 'ubuntu-latest'
2021-06-11T16:51:31.0512056Z ##[section]Finishing: Request a runner to run this job
2021-06-11T16:51:38.8386861Z Current runner version: '2.278.0'
2021-06-11T16:51:38.8415875Z ##[group]Operating System
2021-06-11T16:51:38.8416923Z Ubuntu
2021-06-11T16:51:38.8417399Z 20.04.2
2021-06-11T16:51:38.8417906Z LTS
2021-06-11T16:51:38.8418401Z ##[endgroup]
2021-06-11T16:51:38.8419109Z ##[group]Virtual Environment
2021-06-11T16:51:38.8419839Z Environment: ubuntu-20.04
2021-06-11T16:51:38.8420434Z Version: 20210606.1
2021-06-11T16:51:38.8421580Z Included Software: https://github.com/actions/virtual-environments/blob/ubuntu20/20210606.1/images/linux/Ubuntu2004-README.md
2021-06-11T16:51:38.8423079Z Image Release: https://github.com/actions/virtual-environments/releases/tag/ubuntu20%2F20210606.1
2021-06-11T16:51:38.8424114Z ##[endgroup]
2021-06-11T16:51:38.8426259Z ##[group]GITHUB_TOKEN Permissions
2021-06-11T16:51:38.8427593Z Actions: write
2021-06-11T16:51:38.8428231Z Checks: write
2021-06-11T16:51:38.8428793Z Contents: write
2021-06-11T16:51:38.8429421Z Deployments: write
2021-06-11T16:51:38.8430150Z Discussions: write
2021-06-11T16:51:38.8430774Z Issues: write
2021-06-11T16:51:38.8431386Z Metadata: read
2021-06-11T16:51:38.8431933Z Packages: write
2021-06-11T16:51:38.8432568Z PullRequests: write
2021-06-11T16:51:38.8433248Z RepositoryProjects: write
2021-06-11T16:51:38.8434008Z SecurityEvents: write
2021-06-11T16:51:38.8434603Z Statuses: write
2021-06-11T16:51:38.8435302Z ##[endgroup]
2021-06-11T16:51:38.8438515Z Prepare workflow directory
2021-06-11T16:51:38.9127636Z Prepare all required actions
2021-06-11T16:51:38.9139703Z Getting action download info
2021-06-11T16:51:39.3080315Z Download action repository 'actions/checkout@v2'
2021-06-11T16:51:41.3684650Z Download action repository 'actions/setup-python@v2'
2021-06-11T16:51:41.5611222Z Download action repository 'codecov/codecov-action@v1'
2021-06-11T16:51:41.9075586Z ##[group]Run actions/checkout@v2
2021-06-11T16:51:41.9076521Z with:
2021-06-11T16:51:41.9077096Z   fetch-depth: 0
2021-06-11T16:51:41.9077777Z   repository: con/tinuous
2021-06-11T16:51:41.9078871Z   token: ***
2021-06-11T16:51:41.9079544Z   ssh-strict: true
2021-06-11T16:51:41.9080178Z   persist-credentials: true
2021-06-11T16:51:41.9080767Z   clean: true
2021-06-11T16:51:41.9081243Z   lfs: false
2021-06-11T16:51:41.9081733Z   submodules: false
2021-06-11T16:51:41.9082255Z ##[endgroup]
2021-06-11T16:51:42.1696012Z Syncing repository: con/tinuous
2021-06-11T16:51:42.1697014Z ##[group]Getting Git version info
2021-06-11T16:51:42.1698278Z Working directory is '/home/runner/work/tinuous/tinuous'
2021-06-11T16:51:42.7523142Z [command]/usr/bin/git version
2021-06-11T16:51:42.7529559Z git version 2.31.1
2021-06-11T16:51:42.7531362Z ##[endgroup]
2021-06-11T16:51:42.7532348Z Deleting the contents of '/home/runner/work/tinuous/tinuous'
2021-06-11T16:51:42.7534039Z ##[group]Initializing the repository
2021-06-11T16:51:42.7535301Z [command]/usr/bin/git init /home/runner/work/tinuous/tinuous
2021-06-11T16:51:42.7543739Z hint: Using 'master' as the name for the initial branch. This default branch name
2021-06-11T16:51:42.7544831Z hint: is subject to change. To configure the initial branch name to use in all
2021-06-11T16:51:42.7546204Z hint: of your new repositories, which will suppress this warning, call:
2021-06-11T16:51:42.7547043Z hint: 
2021-06-11T16:51:42.7548004Z hint: 	git config --global init.defaultBranch <name>
2021-06-11T16:51:42.7548714Z hint: 
2021-06-11T16:51:42.7549606Z hint: Names commonly chosen instead of 'master' are 'main', 'trunk' and
2021-06-11T16:51:42.7550815Z hint: 'development'. The just-created branch can be renamed via this command:
2021-06-11T16:51:42.7551957Z hint: 
2021-06-11T16:51:42.7552709Z hint: 	git branch -m <name>
2021-06-11T16:51:42.7553572Z Initialized empty Git repository in /home/runner/work/tinuous/tinuous/.git/
2021-06-11T16:51:42.7554648Z [command]/usr/bin/git remote add origin https://github.com/con/tinuous
2021-06-11T16:51:42.7555517Z ##[endgroup]
2021-06-11T16:51:42.7556327Z ##[group]Disabling automatic garbage collection
2021-06-11T16:51:42.7557236Z [command]/usr/bin/git config --local gc.auto 0
2021-06-11T16:51:42.7558276Z ##[endgroup]
2021-06-11T16:51:42.7560434Z ##[group]Setting up auth
2021-06-11T16:51:42.7598741Z [command]/usr/bin/git config --local --name-only --get-regexp core\.sshCommand
2021-06-11T16:51:42.7602851Z [command]/usr/bin/git submodule foreach --recursive git config --local --name-only --get-regexp 'core\.sshCommand' && git config --local --unset-all 'core.sshCommand' || :
2021-06-11T16:51:42.7604767Z [command]/usr/bin/git config --local --name-only --get-regexp http\.https\:\/\/github\.com\/\.extraheader
2021-06-11T16:51:42.7607089Z [command]/usr/bin/git submodule foreach --recursive git config --local --name-only --get-regexp 'http\.https\:\/\/github\.com\/\.extraheader' && git config --local --unset-all 'http.https://github.com/.extraheader' || :
2021-06-11T16:51:42.7609249Z [command]/usr/bin/git config --local http.https://github.com/.extraheader AUTHORIZATION: basic ***
2021-06-11T16:51:42.7610311Z ##[endgroup]
2021-06-11T16:51:42.7610983Z ##[group]Fetching the repository
2021-06-11T16:51:42.7613035Z [command]/usr/bin/git -c protocol.version=2 fetch --prune --progress --no-recurse-submodules origin +refs/heads/*:refs/remotes/origin/* +refs/tags/*:refs/tags/* +6ef6e54b1075eab1841163d7d8bedf6c530fcb44:refs/remotes/pull/103/merge
2021-06-11T16:51:42.7614679Z remote: Enumerating objects: 662, done.        
2021-06-11T16:51:42.7615411Z remote: Counting objects:   0% (1/316)        
2021-06-11T16:51:42.7617064Z remote: Counting objects:   1% (4/316)        
2021-06-11T16:51:42.7634568Z remote: Counting objects:   2% (7/316)        
2021-06-11T16:51:42.7635996Z remote: Counting objects:   3% (10/316)        
2021-06-11T16:51:42.7636714Z remote: Counting objects:   4% (13/316)        
2021-06-11T16:51:42.7637626Z remote: Counting objects:   5% (16/316)        
2021-06-11T16:51:42.7638346Z remote: Counting objects:   6% (19/316)        
2021-06-11T16:51:42.7639161Z remote: Counting objects:   7% (23/316)        
2021-06-11T16:51:42.7640144Z remote: Counting objects:   8% (26/316)        
2021-06-11T16:51:42.7640853Z remote: Counting objects:   9% (29/316)        
2021-06-11T16:51:42.7641518Z remote: Counting objects:  10% (32/316)        
2021-06-11T16:51:42.7642190Z remote: Counting objects:  11% (35/316)        
2021-06-11T16:51:42.7642867Z remote: Counting objects:  12% (38/316)        
2021-06-11T16:51:42.7643525Z remote: Counting objects:  13% (42/316)        
2021-06-11T16:51:42.7644204Z remote: Counting objects:  14% (45/316)        
2021-06-11T16:51:42.7644865Z remote: Counting objects:  15% (48/316)        
2021-06-11T16:51:42.7645540Z remote: Counting objects:  16% (51/316)        
2021-06-11T16:51:42.7646218Z remote: Counting objects:  17% (54/316)        
2021-06-11T16:51:42.7646876Z remote: Counting objects:  18% (57/316)        
2021-06-11T16:51:42.7647555Z remote: Counting objects:  19% (61/316)        
2021-06-11T16:51:42.7648215Z remote: Counting objects:  20% (64/316)        
2021-06-11T16:51:42.7648893Z remote: Counting objects:  21% (67/316)        
2021-06-11T16:51:42.7649578Z remote: Counting objects:  22% (70/316)        
2021-06-11T16:51:42.7650237Z remote: Counting objects:  23% (73/316)        
2021-06-11T16:51:42.7650912Z remote: Counting objects:  24% (76/316)        
2021-06-11T16:51:42.7651568Z remote: Counting objects:  25% (79/316)        
2021-06-11T16:51:42.7652244Z remote: Counting objects:  26% (83/316)        
2021-06-11T16:51:42.7652917Z remote: Counting objects:  27% (86/316)        
2021-06-11T16:51:42.7653570Z remote: Counting objects:  28% (89/316)        
2021-06-11T16:51:42.7654245Z remote: Counting objects:  29% (92/316)        
2021-06-11T16:51:42.7654907Z remote: Counting objects:  30% (95/316)        
2021-06-11T16:51:42.7655579Z remote: Counting objects:  31% (98/316)        
2021-06-11T16:51:42.7656268Z remote: Counting objects:  32% (102/316)        
2021-06-11T16:51:42.7656999Z remote: Counting objects:  33% (105/316)        
2021-06-11T16:51:42.7657686Z remote: Counting objects:  34% (108/316)        
2021-06-11T16:51:42.7658373Z remote: Counting objects:  35% (111/316)        
2021-06-11T16:51:42.7659185Z remote: Counting objects:  36% (114/316)        
2021-06-11T16:51:42.7659872Z remote: Counting objects:  37% (117/316)        
2021-06-11T16:51:42.7660536Z remote: Counting objects:  38% (121/316)        
2021-06-11T16:51:42.7661214Z remote: Counting objects:  39% (124/316)        
2021-06-11T16:51:42.7661894Z remote: Counting objects:  40% (127/316)        
2021-06-11T16:51:42.7662558Z remote: Counting objects:  41% (130/316)        
2021-06-11T16:51:42.7663237Z remote: Counting objects:  42% (133/316)        
2021-06-11T16:51:42.7663901Z remote: Counting objects:  43% (136/316)        
2021-06-11T16:51:42.7665701Z remote: Counting objects:  44% (140/316)        
2021-06-11T16:51:42.7666423Z remote: Counting objects:  45% (143/316)        
2021-06-11T16:51:42.7667499Z remote: Counting objects:  46% (146/316)        
2021-06-11T16:51:42.7668202Z remote: Counting objects:  47% (149/316)        
2021-06-11T16:51:42.7668875Z remote: Counting objects:  48% (152/316)        
2021-06-11T16:51:42.7669572Z remote: Counting objects:  49% (155/316)        
2021-06-11T16:51:42.7670257Z remote: Counting objects:  50% (158/316)        
2021-06-11T16:51:42.7670995Z remote: Counting objects:  51% (162/316)        
2021-06-11T16:51:42.7671679Z remote: Counting objects:  52% (165/316)        
2021-06-11T16:51:42.7672357Z remote: Counting objects:  53% (168/316)        
2021-06-11T16:51:42.7673020Z remote: Counting objects:  54% (171/316)        
2021-06-11T16:51:42.7673700Z remote: Counting objects:  55% (174/316)        
2021-06-11T16:51:42.7674366Z remote: Counting objects:  56% (177/316)        
2021-06-11T16:51:42.7675042Z remote: Counting objects:  57% (181/316)        
2021-06-11T16:51:42.7675921Z remote: Counting objects:  58% (184/316)        
2021-06-11T16:51:42.7676609Z remote: Counting objects:  59% (187/316)        
2021-06-11T16:51:42.7677295Z remote: Counting objects:  60% (190/316)        
2021-06-11T16:51:42.7677965Z remote: Counting objects:  61% (193/316)        
2021-06-11T16:51:42.7678662Z remote: Counting objects:  62% (196/316)        
2021-06-11T16:51:42.7679502Z remote: Counting objects:  63% (200/316)        
2021-06-11T16:51:42.7680170Z remote: Counting objects:  64% (203/316)        
2021-06-11T16:51:42.7681030Z remote: Counting objects:  65% (206/316)        
2021-06-11T16:51:42.7681717Z remote: Counting objects:  66% (209/316)        
2021-06-11T16:51:42.7682384Z remote: Counting objects:  67% (212/316)        
2021-06-11T16:51:42.7683059Z remote: Counting objects:  68% (215/316)        
2021-06-11T16:51:42.7685727Z remote: Counting objects:  69% (219/316)        
2021-06-11T16:51:42.7686604Z remote: Counting objects:  70% (222/316)        
2021-06-11T16:51:42.7687320Z remote: Counting objects:  71% (225/316)        
2021-06-11T16:51:42.7687996Z remote: Counting objects:  72% (228/316)        
2021-06-11T16:51:42.7688681Z remote: Counting objects:  73% (231/316)        
2021-06-11T16:51:42.7689359Z remote: Counting objects:  74% (234/316)        
2021-06-11T16:51:42.7690034Z remote: Counting objects:  75% (237/316)        
2021-06-11T16:51:42.7690718Z remote: Counting objects:  76% (241/316)        
2021-06-11T16:51:42.7691383Z remote: Counting objects:  77% (244/316)        
2021-06-11T16:51:42.7694332Z remote: Counting objects:  78% (247/316)        
2021-06-11T16:51:42.7695041Z remote: Counting objects:  79% (250/316)        
2021-06-11T16:51:42.7695709Z remote: Counting objects:  80% (253/316)        
2021-06-11T16:51:42.7696392Z remote: Counting objects:  81% (256/316)        
2021-06-11T16:51:42.7697074Z remote: Counting objects:  82% (260/316)        
2021-06-11T16:51:42.7699577Z remote: Counting objects:  83% (263/316)        
2021-06-11T16:51:42.7700316Z remote: Counting objects:  84% (266/316)        
2021-06-11T16:51:42.7700984Z remote: Counting objects:  85% (269/316)        
2021-06-11T16:51:42.7701670Z remote: Counting objects:  86% (272/316)        
2021-06-11T16:51:42.7702354Z remote: Counting objects:  87% (275/316)        
2021-06-11T16:51:42.7703202Z remote: Counting objects:  88% (279/316)        
2021-06-11T16:51:42.7703885Z remote: Counting objects:  89% (282/316)        
2021-06-11T16:51:42.7704550Z remote: Counting objects:  90% (285/316)        
2021-06-11T16:51:42.7705234Z remote: Counting objects:  91% (288/316)        
2021-06-11T16:51:42.7705922Z remote: Counting objects:  92% (291/316)        
2021-06-11T16:51:42.7706592Z remote: Counting objects:  93% (294/316)        
2021-06-11T16:51:42.7709480Z remote: Counting objects:  94% (298/316)        
2021-06-11T16:51:42.7710175Z remote: Counting objects:  95% (301/316)        
2021-06-11T16:51:42.7710873Z remote: Counting objects:  96% (304/316)        
2021-06-11T16:51:42.7711573Z remote: Counting objects:  97% (307/316)        
2021-06-11T16:51:42.7712241Z remote: Counting objects:  98% (310/316)        
2021-06-11T16:51:42.7712918Z remote: Counting objects:  99% (313/316)        
2021-06-11T16:51:42.7713598Z remote: Counting objects: 100% (316/316)        
2021-06-11T16:51:42.7714297Z remote: Counting objects: 100% (316/316), done.        
2021-06-11T16:51:42.7715109Z remote: Compressing objects:   0% (1/160)        
2021-06-11T16:51:42.7716867Z remote: Compressing objects:   1% (2/160)        
2021-06-11T16:51:42.7717749Z remote: Compressing objects:   2% (4/160)        
2021-06-11T16:51:42.7718498Z remote: Compressing objects:   3% (5/160)        
2021-06-11T16:51:42.7719445Z remote: Compressing objects:   4% (7/160)        
2021-06-11T16:51:42.7738535Z remote: Compressing objects:   5% (8/160)        
2021-06-11T16:51:42.7739402Z remote: Compressing objects:   6% (10/160)        
2021-06-11T16:51:42.7740186Z remote: Compressing objects:   7% (12/160)        
2021-06-11T16:51:42.7741104Z remote: Compressing objects:   8% (13/160)        
2021-06-11T16:51:42.7741859Z remote: Compressing objects:   9% (15/160)        
2021-06-11T16:51:42.7742602Z remote: Compressing objects:  10% (16/160)        
2021-06-11T16:51:42.7743335Z remote: Compressing objects:  11% (18/160)        
2021-06-11T16:51:42.7744068Z remote: Compressing objects:  12% (20/160)        
2021-06-11T16:51:42.7744804Z remote: Compressing objects:  13% (21/160)        
2021-06-11T16:51:42.7745522Z remote: Compressing objects:  14% (23/160)        
2021-06-11T16:51:42.7746251Z remote: Compressing objects:  15% (24/160)        
2021-06-11T16:51:42.7746986Z remote: Compressing objects:  16% (26/160)        
2021-06-11T16:51:42.7748709Z remote: Compressing objects:  17% (28/160)        
2021-06-11T16:51:42.7749592Z remote: Compressing objects:  18% (29/160)        
2021-06-11T16:51:42.7750318Z remote: Compressing objects:  19% (31/160)        
2021-06-11T16:51:42.7751059Z remote: Compressing objects:  20% (32/160)        
2021-06-11T16:51:42.7751807Z remote: Compressing objects:  21% (34/160)        
2021-06-11T16:51:42.7752534Z remote: Compressing objects:  22% (36/160)        
2021-06-11T16:51:42.7753269Z remote: Compressing objects:  23% (37/160)        
2021-06-11T16:51:42.7754006Z remote: Compressing objects:  24% (39/160)        
2021-06-11T16:51:42.7754728Z remote: Compressing objects:  25% (40/160)        
2021-06-11T16:51:42.7755467Z remote: Compressing objects:  26% (42/160)        
2021-06-11T16:51:42.7756187Z remote: Compressing objects:  27% (44/160)        
2021-06-11T16:51:42.7756921Z remote: Compressing objects:  28% (45/160)        
2021-06-11T16:51:42.7757652Z remote: Compressing objects:  29% (47/160)        
2021-06-11T16:51:42.7758367Z remote: Compressing objects:  30% (48/160)        
2021-06-11T16:51:42.7759274Z remote: Compressing objects:  31% (50/160)        
2021-06-11T16:51:42.7760013Z remote: Compressing objects:  32% (52/160)        
2021-06-11T16:51:42.7760745Z remote: Compressing objects:  33% (53/160)        
2021-06-11T16:51:42.7761479Z remote: Compressing objects:  34% (55/160)        
2021-06-11T16:51:42.7762193Z remote: Compressing objects:  35% (56/160)        
2021-06-11T16:51:42.7762919Z remote: Compressing objects:  36% (58/160)        
2021-06-11T16:51:42.7763629Z remote: Compressing objects:  37% (60/160)        
2021-06-11T16:51:42.7764521Z remote: Compressing objects:  38% (61/160)        
2021-06-11T16:51:42.7765254Z remote: Compressing objects:  39% (63/160)        
2021-06-11T16:51:42.7765971Z remote: Compressing objects:  40% (64/160)        
2021-06-11T16:51:42.7767417Z remote: Compressing objects:  41% (66/160)        
2021-06-11T16:51:42.7768169Z remote: Compressing objects:  42% (68/160)        
2021-06-11T16:51:42.7768890Z remote: Compressing objects:  43% (69/160)        
2021-06-11T16:51:42.7769622Z remote: Compressing objects:  44% (71/160)        
2021-06-11T16:51:42.7770305Z remote: Compressing objects:  45% (72/160)        
2021-06-11T16:51:42.7771032Z remote: Compressing objects:  46% (74/160)        
2021-06-11T16:51:42.7771782Z remote: Compressing objects:  47% (76/160)        
2021-06-11T16:51:42.7772507Z remote: Compressing objects:  48% (77/160)        
2021-06-11T16:51:42.7773240Z remote: Compressing objects:  49% (79/160)        
2021-06-11T16:51:42.7773964Z remote: Compressing objects:  50% (80/160)        
2021-06-11T16:51:42.7774697Z remote: Compressing objects:  51% (82/160)        
2021-06-11T16:51:42.7775422Z remote: Compressing objects:  52% (84/160)        
2021-06-11T16:51:42.7776136Z remote: Compressing objects:  53% (85/160)        
2021-06-11T16:51:42.7776862Z remote: Compressing objects:  54% (87/160)        
2021-06-11T16:51:42.7777592Z remote: Compressing objects:  55% (88/160)        
2021-06-11T16:51:42.7778307Z remote: Compressing objects:  56% (90/160)        
2021-06-11T16:51:42.7779037Z remote: Compressing objects:  57% (92/160)        
2021-06-11T16:51:42.7779755Z remote: Compressing objects:  58% (93/160)        
2021-06-11T16:51:42.7781138Z remote: Compressing objects:  59% (95/160)        
2021-06-11T16:51:42.7782613Z remote: Compressing objects:  60% (96/160)        
2021-06-11T16:51:42.7783369Z remote: Compressing objects:  61% (98/160)        
2021-06-11T16:51:42.7784115Z remote: Compressing objects:  62% (100/160)        
2021-06-11T16:51:42.7784899Z remote: Compressing objects:  63% (101/160)        
2021-06-11T16:51:42.7785636Z remote: Compressing objects:  64% (103/160)        
2021-06-11T16:51:42.7786372Z remote: Compressing objects:  65% (104/160)        
2021-06-11T16:51:42.7787095Z remote: Compressing objects:  66% (106/160)        
2021-06-11T16:51:42.7787829Z remote: Compressing objects:  67% (108/160)        
2021-06-11T16:51:42.7788550Z remote: Compressing objects:  68% (109/160)        
2021-06-11T16:51:42.7789880Z remote: Compressing objects:  69% (111/160)        
2021-06-11T16:51:42.7790636Z remote: Compressing objects:  70% (112/160)        
2021-06-11T16:51:42.7791360Z remote: Compressing objects:  71% (114/160)        
2021-06-11T16:51:42.7792114Z remote: Compressing objects:  72% (116/160)        
2021-06-11T16:51:42.7792850Z remote: Compressing objects:  73% (117/160)        
2021-06-11T16:51:42.7793572Z remote: Compressing objects:  74% (119/160)        
2021-06-11T16:51:42.7794309Z remote: Compressing objects:  75% (120/160)        
2021-06-11T16:51:42.7795036Z remote: Compressing objects:  76% (122/160)        
2021-06-11T16:51:42.7795768Z remote: Compressing objects:  77% (124/160)        
2021-06-11T16:51:42.7796506Z remote: Compressing objects:  78% (125/160)        
2021-06-11T16:51:42.7797779Z remote: Compressing objects:  79% (127/160)        
2021-06-11T16:51:42.7798532Z remote: Compressing objects:  80% (128/160)        
2021-06-11T16:51:42.7799457Z remote: Compressing objects:  81% (130/160)        
2021-06-11T16:51:42.7800208Z remote: Compressing objects:  82% (132/160)        
2021-06-11T16:51:42.7800942Z remote: Compressing objects:  83% (133/160)        
2021-06-11T16:51:42.7801660Z remote: Compressing objects:  84% (135/160)        
2021-06-11T16:51:42.7803960Z remote: Compressing objects:  85% (136/160)        
2021-06-11T16:51:42.7804860Z remote: Compressing objects:  86% (138/160)        
2021-06-11T16:51:42.7818130Z remote: Compressing objects:  87% (140/160)        
2021-06-11T16:51:42.7911763Z remote: Compressing objects:  88% (141/160)        
2021-06-11T16:51:42.7913166Z remote: Compressing objects:  89% (143/160)        
2021-06-11T16:51:42.7916006Z remote: Compressing objects:  90% (144/160)        
2021-06-11T16:51:42.7917233Z remote: Compressing objects:  91% (146/160)        
2021-06-11T16:51:42.7917989Z remote: Compressing objects:  92% (148/160)        
2021-06-11T16:51:42.7919171Z remote: Compressing objects:  93% (149/160)        
2021-06-11T16:51:42.7919943Z remote: Compressing objects:  94% (151/160)        
2021-06-11T16:51:42.7920975Z remote: Compressing objects:  95% (152/160)        
2021-06-11T16:51:42.7921933Z remote: Compressing objects:  96% (154/160)        
2021-06-11T16:51:42.7925368Z remote: Compressing objects:  97% (156/160)        
2021-06-11T16:51:42.7926575Z remote: Compressing objects:  98% (157/160)        
2021-06-11T16:51:42.7928438Z remote: Compressing objects:  99% (159/160)        
2021-06-11T16:51:42.7929425Z remote: Compressing objects: 100% (160/160)        
2021-06-11T16:51:42.7930301Z remote: Compressing objects: 100% (160/160), done.        
2021-06-11T16:51:42.7931241Z Receiving objects:   0% (1/662)
2021-06-11T16:51:42.7931959Z Receiving objects:   1% (7/662)
2021-06-11T16:51:42.7933041Z Receiving objects:   2% (14/662)
2021-06-11T16:51:42.7933756Z Receiving objects:   3% (20/662)
2021-06-11T16:51:42.7934383Z Receiving objects:   4% (27/662)
2021-06-11T16:51:42.7937504Z Receiving objects:   5% (34/662)
2021-06-11T16:51:42.7938576Z Receiving objects:   6% (40/662)
2021-06-11T16:51:42.7939221Z Receiving objects:   7% (47/662)
2021-06-11T16:51:42.7940118Z Receiving objects:   8% (53/662)
2021-06-11T16:51:42.7940792Z Receiving objects:   9% (60/662)
2021-06-11T16:51:42.7941708Z Receiving objects:  10% (67/662)
2021-06-11T16:51:42.7942517Z Receiving objects:  11% (73/662)
2021-06-11T16:51:42.7944376Z Receiving objects:  12% (80/662)
2021-06-11T16:51:42.7945101Z Receiving objects:  13% (87/662)
2021-06-11T16:51:42.7945732Z Receiving objects:  14% (93/662)
2021-06-11T16:51:42.7946681Z Receiving objects:  15% (100/662)
2021-06-11T16:51:42.7947302Z Receiving objects:  16% (106/662)
2021-06-11T16:51:42.7948218Z Receiving objects:  17% (113/662)
2021-06-11T16:51:42.7948839Z Receiving objects:  18% (120/662)
2021-06-11T16:51:42.7949465Z Receiving objects:  19% (126/662)
2021-06-11T16:51:42.7950087Z Receiving objects:  20% (133/662)
2021-06-11T16:51:42.7950694Z Receiving objects:  21% (140/662)
2021-06-11T16:51:42.7951316Z Receiving objects:  22% (146/662)
2021-06-11T16:51:42.7951919Z Receiving objects:  23% (153/662)
2021-06-11T16:51:42.7952541Z Receiving objects:  24% (159/662)
2021-06-11T16:51:42.7953160Z Receiving objects:  25% (166/662)
2021-06-11T16:51:42.7953764Z Receiving objects:  26% (173/662)
2021-06-11T16:51:42.7954398Z Receiving objects:  27% (179/662)
2021-06-11T16:51:42.7955002Z Receiving objects:  28% (186/662)
2021-06-11T16:51:42.7955624Z Receiving objects:  29% (192/662)
2021-06-11T16:51:42.7956238Z Receiving objects:  30% (199/662)
2021-06-11T16:51:42.7956850Z Receiving objects:  31% (206/662)
2021-06-11T16:51:42.7957468Z Receiving objects:  32% (212/662)
2021-06-11T16:51:42.7958076Z Receiving objects:  33% (219/662)
2021-06-11T16:51:42.7958693Z Receiving objects:  34% (226/662)
2021-06-11T16:51:42.7959466Z Receiving objects:  35% (232/662)
2021-06-11T16:51:42.7960069Z Receiving objects:  36% (239/662)
2021-06-11T16:51:42.7960688Z Receiving objects:  37% (245/662)
2021-06-11T16:51:42.7961294Z Receiving objects:  38% (252/662)
2021-06-11T16:51:42.7961913Z Receiving objects:  39% (259/662)
2021-06-11T16:51:42.7962531Z Receiving objects:  40% (265/662)
2021-06-11T16:51:42.7963223Z Receiving objects:  41% (272/662)
2021-06-11T16:51:42.7963843Z Receiving objects:  42% (279/662)
2021-06-11T16:51:42.7964458Z Receiving objects:  43% (285/662)
2021-06-11T16:51:42.7965079Z Receiving objects:  44% (292/662)
2021-06-11T16:51:42.7965696Z Receiving objects:  45% (298/662)
2021-06-11T16:51:42.7966294Z Receiving objects:  46% (305/662)
2021-06-11T16:51:42.7966914Z Receiving objects:  47% (312/662)
2021-06-11T16:51:42.7967686Z Receiving objects:  48% (318/662)
2021-06-11T16:51:42.7968305Z Receiving objects:  49% (325/662)
2021-06-11T16:51:42.7968917Z Receiving objects:  50% (331/662)
2021-06-11T16:51:42.7969551Z Receiving objects:  51% (338/662)
2021-06-11T16:51:42.7970168Z Receiving objects:  52% (345/662)
2021-06-11T16:51:42.7970770Z Receiving objects:  53% (351/662)
2021-06-11T16:51:42.7971813Z Receiving objects:  54% (358/662)
2021-06-11T16:51:42.7972548Z Receiving objects:  55% (365/662)
2021-06-11T16:51:42.7973152Z Receiving objects:  56% (371/662)
2021-06-11T16:51:42.7973842Z Receiving objects:  57% (378/662)
2021-06-11T16:51:42.7974444Z Receiving objects:  58% (384/662)
2021-06-11T16:51:42.7975096Z Receiving objects:  59% (391/662)
2021-06-11T16:51:42.7975723Z Receiving objects:  60% (398/662)
2021-06-11T16:51:42.7976326Z Receiving objects:  61% (404/662)
2021-06-11T16:51:42.7976946Z Receiving objects:  62% (411/662)
2021-06-11T16:51:42.7977551Z Receiving objects:  63% (418/662)
2021-06-11T16:51:42.7978175Z Receiving objects:  64% (424/662)
2021-06-11T16:51:42.7978788Z Receiving objects:  65% (431/662)
2021-06-11T16:51:42.7979389Z Receiving objects:  66% (437/662)
2021-06-11T16:51:42.7980006Z Receiving objects:  67% (444/662)
2021-06-11T16:51:42.7980608Z Receiving objects:  68% (451/662)
2021-06-11T16:51:42.7981227Z Receiving objects:  69% (457/662)
2021-06-11T16:51:42.7981844Z Receiving objects:  70% (464/662)
2021-06-11T16:51:42.7982445Z Receiving objects:  71% (471/662)
2021-06-11T16:51:42.7983062Z Receiving objects:  72% (477/662)
2021-06-11T16:51:42.7983660Z Receiving objects:  73% (484/662)
2021-06-11T16:51:42.7984274Z Receiving objects:  74% (490/662)
2021-06-11T16:51:42.7984890Z Receiving objects:  75% (497/662)
2021-06-11T16:51:42.7985602Z Receiving objects:  76% (504/662)
2021-06-11T16:51:42.7986242Z Receiving objects:  77% (510/662)
2021-06-11T16:51:42.7986843Z Receiving objects:  78% (517/662)
2021-06-11T16:51:42.7987462Z Receiving objects:  79% (523/662)
2021-06-11T16:51:42.7988086Z Receiving objects:  80% (530/662)
2021-06-11T16:51:42.7988690Z Receiving objects:  81% (537/662)
2021-06-11T16:51:42.7989310Z Receiving objects:  82% (543/662)
2021-06-11T16:51:42.7989914Z Receiving objects:  83% (550/662)
2021-06-11T16:51:42.7991242Z remote: Total 662 (delta 164), reused 194 (delta 133), pack-reused 346        
2021-06-11T16:51:42.7992117Z Receiving objects:  84% (557/662)
2021-06-11T16:51:42.7992735Z Receiving objects:  85% (563/662)
2021-06-11T16:51:42.7993353Z Receiving objects:  86% (570/662)
2021-06-11T16:51:42.7993969Z Receiving objects:  87% (576/662)
2021-06-11T16:51:42.7994569Z Receiving objects:  88% (583/662)
2021-06-11T16:51:42.7995188Z Receiving objects:  89% (590/662)
2021-06-11T16:51:42.7995799Z Receiving objects:  90% (596/662)
2021-06-11T16:51:42.7996417Z Receiving objects:  91% (603/662)
2021-06-11T16:51:42.7997031Z Receiving objects:  92% (610/662)
2021-06-11T16:51:42.7997630Z Receiving objects:  93% (616/662)
2021-06-11T16:51:42.7998250Z Receiving objects:  94% (623/662)
2021-06-11T16:51:42.7998863Z Receiving objects:  95% (629/662)
2021-06-11T16:51:42.7999625Z Receiving objects:  96% (636/662)
2021-06-11T16:51:42.8000243Z Receiving objects:  97% (643/662)
2021-06-11T16:51:42.8000844Z Receiving objects:  98% (649/662)
2021-06-11T16:51:42.8001464Z Receiving objects:  99% (656/662)
2021-06-11T16:51:42.8002068Z Receiving objects: 100% (662/662)
2021-06-11T16:51:42.8002765Z Receiving objects: 100% (662/662), 188.44 KiB | 8.19 MiB/s, done.
2021-06-11T16:51:42.8003446Z Resolving deltas:   0% (0/344)
2021-06-11T16:51:42.8004037Z Resolving deltas:   1% (4/344)
2021-06-11T16:51:42.8004638Z Resolving deltas:   2% (7/344)
2021-06-11T16:51:42.8005232Z Resolving deltas:   3% (11/344)
2021-06-11T16:51:42.8005976Z Resolving deltas:   4% (14/344)
2021-06-11T16:51:42.8006538Z Resolving deltas:   5% (18/344)
2021-06-11T16:51:42.8007085Z Resolving deltas:   6% (21/344)
2021-06-11T16:51:42.8007645Z Resolving deltas:   7% (25/344)
2021-06-11T16:51:42.8008195Z Resolving deltas:   8% (28/344)
2021-06-11T16:51:42.8009080Z Resolving deltas:   9% (31/344)
2021-06-11T16:51:42.8009706Z Resolving deltas:  10% (35/344)
2021-06-11T16:51:42.8010296Z Resolving deltas:  11% (38/344)
2021-06-11T16:51:42.8010899Z Resolving deltas:  12% (42/344)
2021-06-11T16:51:42.8011486Z Resolving deltas:  13% (45/344)
2021-06-11T16:51:42.8012092Z Resolving deltas:  14% (49/344)
2021-06-11T16:51:42.8012694Z Resolving deltas:  15% (52/344)
2021-06-11T16:51:42.8013285Z Resolving deltas:  16% (56/344)
2021-06-11T16:51:42.8013885Z Resolving deltas:  17% (59/344)
2021-06-11T16:51:42.8014470Z Resolving deltas:  18% (62/344)
2021-06-11T16:51:42.8015069Z Resolving deltas:  19% (66/344)
2021-06-11T16:51:42.8015669Z Resolving deltas:  20% (69/344)
2021-06-11T16:51:42.8016341Z Resolving deltas:  21% (73/344)
2021-06-11T16:51:42.8016942Z Resolving deltas:  22% (76/344)
2021-06-11T16:51:42.8017528Z Resolving deltas:  23% (80/344)
2021-06-11T16:51:42.8018130Z Resolving deltas:  24% (83/344)
2021-06-11T16:51:42.8018729Z Resolving deltas:  25% (86/344)
2021-06-11T16:51:42.8019326Z Resolving deltas:  26% (90/344)
2021-06-11T16:51:42.8019928Z Resolving deltas:  27% (93/344)
2021-06-11T16:51:42.8020510Z Resolving deltas:  28% (97/344)
2021-06-11T16:51:42.8021114Z Resolving deltas:  29% (100/344)
2021-06-11T16:51:42.8021706Z Resolving deltas:  30% (104/344)
2021-06-11T16:51:42.8022315Z Resolving deltas:  31% (107/344)
2021-06-11T16:51:42.8022922Z Resolving deltas:  32% (111/344)
2021-06-11T16:51:42.8023509Z Resolving deltas:  33% (114/344)
2021-06-11T16:51:42.8024114Z Resolving deltas:  34% (117/344)
2021-06-11T16:51:42.8024704Z Resolving deltas:  35% (121/344)
2021-06-11T16:51:42.8025308Z Resolving deltas:  36% (124/344)
2021-06-11T16:51:42.8025912Z Resolving deltas:  37% (128/344)
2021-06-11T16:51:42.8026590Z Resolving deltas:  38% (131/344)
2021-06-11T16:51:42.8027216Z Resolving deltas:  39% (135/344)
2021-06-11T16:51:42.8039252Z Resolving deltas:  40% (138/344)
2021-06-11T16:51:42.8040319Z Resolving deltas:  41% (142/344)
2021-06-11T16:51:42.8041163Z Resolving deltas:  42% (145/344)
2021-06-11T16:51:42.8041656Z Resolving deltas:  43% (148/344)
2021-06-11T16:51:42.8044410Z Resolving deltas:  44% (152/344)
2021-06-11T16:51:42.8045042Z Resolving deltas:  45% (155/344)
2021-06-11T16:51:42.8045683Z Resolving deltas:  46% (159/344)
2021-06-11T16:51:42.8046300Z Resolving deltas:  47% (162/344)
2021-06-11T16:51:42.8046897Z Resolving deltas:  48% (166/344)
2021-06-11T16:51:42.8047505Z Resolving deltas:  49% (169/344)
2021-06-11T16:51:42.8048097Z Resolving deltas:  50% (172/344)
2021-06-11T16:51:42.8051035Z Resolving deltas:  51% (176/344)
2021-06-11T16:51:42.8051669Z Resolving deltas:  52% (179/344)
2021-06-11T16:51:42.8052262Z Resolving deltas:  53% (183/344)
2021-06-11T16:51:42.8052948Z Resolving deltas:  54% (186/344)
2021-06-11T16:51:42.8055218Z Resolving deltas:  55% (190/344)
2021-06-11T16:51:42.8056111Z Resolving deltas:  56% (193/344)
2021-06-11T16:51:42.8056858Z Resolving deltas:  57% (197/344)
2021-06-11T16:51:42.8057579Z Resolving deltas:  58% (200/344)
2021-06-11T16:51:42.8058294Z Resolving deltas:  59% (203/344)
2021-06-11T16:51:42.8061159Z Resolving deltas:  60% (207/344)
2021-06-11T16:51:42.8061904Z Resolving deltas:  61% (210/344)
2021-06-11T16:51:42.8062548Z Resolving deltas:  62% (214/344)
2021-06-11T16:51:42.8063313Z Resolving deltas:  63% (217/344)
2021-06-11T16:51:42.8064027Z Resolving deltas:  64% (221/344)
2021-06-11T16:51:42.8064662Z Resolving deltas:  65% (224/344)
2021-06-11T16:51:42.8065449Z Resolving deltas:  66% (228/344)
2021-06-11T16:51:42.8066089Z Resolving deltas:  67% (231/344)
2021-06-11T16:51:42.8066804Z Resolving deltas:  68% (234/344)
2021-06-11T16:51:42.8067502Z Resolving deltas:  69% (238/344)
2021-06-11T16:51:42.8068134Z Resolving deltas:  70% (241/344)
2021-06-11T16:51:42.8068851Z Resolving deltas:  71% (245/344)
2021-06-11T16:51:42.8069486Z Resolving deltas:  72% (248/344)
2021-06-11T16:51:42.8070192Z Resolving deltas:  73% (252/344)
2021-06-11T16:51:42.8070883Z Resolving deltas:  74% (255/344)
2021-06-11T16:51:42.8071709Z Resolving deltas:  75% (258/344)
2021-06-11T16:51:42.8072401Z Resolving deltas:  76% (262/344)
2021-06-11T16:51:42.8073040Z Resolving deltas:  77% (265/344)
2021-06-11T16:51:42.8073756Z Resolving deltas:  78% (269/344)
2021-06-11T16:51:42.8074449Z Resolving deltas:  79% (272/344)
2021-06-11T16:51:42.8075100Z Resolving deltas:  80% (276/344)
2021-06-11T16:51:42.8075790Z Resolving deltas:  81% (279/344)
2021-06-11T16:51:42.8076475Z Resolving deltas:  82% (283/344)
2021-06-11T16:51:42.8077182Z Resolving deltas:  83% (286/344)
2021-06-11T16:51:42.8077891Z Resolving deltas:  84% (289/344)
2021-06-11T16:51:42.8078593Z Resolving deltas:  85% (293/344)
2021-06-11T16:51:42.8079424Z Resolving deltas:  86% (296/344)
2021-06-11T16:51:42.8080080Z Resolving deltas:  87% (300/344)
2021-06-11T16:51:42.8080827Z Resolving deltas:  88% (303/344)
2021-06-11T16:51:42.8081538Z Resolving deltas:  89% (307/344)
2021-06-11T16:51:42.8082177Z Resolving deltas:  90% (310/344)
2021-06-11T16:51:42.8082868Z Resolving deltas:  91% (314/344)
2021-06-11T16:51:42.8083509Z Resolving deltas:  92% (317/344)
2021-06-11T16:51:42.8084232Z Resolving deltas:  93% (320/344)
2021-06-11T16:51:42.8084941Z Resolving deltas:  94% (324/344)
2021-06-11T16:51:42.8085579Z Resolving deltas:  95% (327/344)
2021-06-11T16:51:42.8086274Z Resolving deltas:  96% (331/344)
2021-06-11T16:51:42.8086907Z Resolving deltas:  97% (334/344)
2021-06-11T16:51:42.8087623Z Resolving deltas:  98% (338/344)
2021-06-11T16:51:42.8088330Z Resolving deltas:  99% (341/344)
2021-06-11T16:51:42.8088960Z Resolving deltas: 100% (344/344)
2021-06-11T16:51:42.8089677Z Resolving deltas: 100% (344/344), done.
2021-06-11T16:51:42.8090463Z From https://github.com/con/tinuous
2021-06-11T16:51:42.8092024Z  * [new branch]      fix-ci                                   -> origin/fix-ci
2021-06-11T16:51:42.8093218Z  * [new branch]      gh-55                                    -> origin/gh-55
2021-06-11T16:51:42.8094246Z  * [new branch]      master                                   -> origin/master
2021-06-11T16:51:42.8095381Z  * [new branch]      new-since                                -> origin/new-since
2021-06-11T16:51:42.8096641Z  * [new branch]      test-appveyor                            -> origin/test-appveyor
2021-06-11T16:51:42.8097691Z  * [new tag]         0.1.0                                    -> 0.1.0
2021-06-11T16:51:42.8099665Z  * [new tag]         0.2.0                                    -> 0.2.0
2021-06-11T16:51:42.8100850Z  * [new ref]         6ef6e54b1075eab1841163d7d8bedf6c530fcb44 -> pull/103/merge
2021-06-11T16:51:42.8101961Z ##[endgroup]
2021-06-11T16:51:42.8102795Z ##[group]Determining the checkout info
2021-06-11T16:51:42.8103490Z ##[endgroup]
2021-06-11T16:51:42.8104179Z ##[group]Checking out the ref
2021-06-11T16:51:42.8105363Z [command]/usr/bin/git checkout --progress --force refs/remotes/pull/103/merge
2021-06-11T16:51:42.8106512Z Note: switching to 'refs/remotes/pull/103/merge'.
2021-06-11T16:51:42.8107110Z 
2021-06-11T16:51:42.8108170Z You are in 'detached HEAD' state. You can look around, make experimental
2021-06-11T16:51:42.8109207Z changes and commit them, and you can discard any commits you make in this
2021-06-11T16:51:42.8110236Z state without impacting any branches by switching back to a branch.
2021-06-11T16:51:42.8110876Z 
2021-06-11T16:51:42.8111522Z If you want to create a new branch to retain commits you create, you may
2021-06-11T16:51:42.8112654Z do so (now or later) by using -c with the switch command. Example:
2021-06-11T16:51:42.8113276Z 
2021-06-11T16:51:42.8114124Z   git switch -c <new-branch-name>
2021-06-11T16:51:42.8114673Z 
2021-06-11T16:51:42.8115292Z Or undo this operation with:
2021-06-11T16:51:42.8115801Z 
2021-06-11T16:51:42.8116481Z   git switch -
2021-06-11T16:51:42.8116930Z 
2021-06-11T16:51:42.8117807Z Turn off this advice by setting config variable advice.detachedHead to false
2021-06-11T16:51:42.8118531Z 
2021-06-11T16:51:42.8119617Z HEAD is now at 6ef6e54 Merge 9a444dd935194ec5a2e335de7b0617b12b021e75 into 3bce3d1841a982857172429c0b685b8e860ad834
2021-06-11T16:51:42.8120839Z ##[endgroup]
2021-06-11T16:51:42.8121835Z [command]/usr/bin/git log -1 --format='%H'
2021-06-11T16:51:42.8122918Z '6ef6e54b1075eab1841163d7d8bedf6c530fcb44'
2021-06-11T16:51:42.8236160Z ##[group]Run actions/setup-python@v2
2021-06-11T16:51:42.8236770Z with:
2021-06-11T16:51:42.8237258Z   python-version: 3.8
2021-06-11T16:51:42.8238337Z   token: ***
2021-06-11T16:51:42.8238854Z ##[endgroup]
2021-06-11T16:51:42.8958539Z Successfully setup CPython (3.8.10)
2021-06-11T16:51:42.9030906Z ##[group]Run python -m pip install --upgrade pip wheel
2021-06-11T16:51:42.9031724Z [36;1mpython -m pip install --upgrade pip wheel[0m
2021-06-11T16:51:42.9032639Z [36;1mpython -m pip install --upgrade --upgrade-strategy=eager tox[0m
2021-06-11T16:51:42.9079927Z shell: /usr/bin/bash -e {0}
2021-06-11T16:51:42.9080524Z env:
2021-06-11T16:51:42.9081212Z   pythonLocation: /opt/hostedtoolcache/Python/3.8.10/x64
2021-06-11T16:51:42.9082141Z   LD_LIBRARY_PATH: /opt/hostedtoolcache/Python/3.8.10/x64/lib
2021-06-11T16:51:42.9082789Z ##[endgroup]
2021-06-11T16:51:43.5371976Z Requirement already satisfied: pip in /opt/hostedtoolcache/Python/3.8.10/x64/lib/python3.8/site-packages (21.1.2)
2021-06-11T16:51:43.7519778Z Collecting wheel
2021-06-11T16:51:43.7873982Z   Downloading wheel-0.36.2-py2.py3-none-any.whl (35 kB)
2021-06-11T16:51:43.8516317Z Installing collected packages: wheel
2021-06-11T16:51:43.8867790Z Successfully installed wheel-0.36.2
2021-06-11T16:51:44.6450849Z Collecting tox
2021-06-11T16:51:44.6966415Z   Downloading tox-3.23.1-py2.py3-none-any.whl (85 kB)
2021-06-11T16:51:44.7672272Z Collecting six>=1.14.0
2021-06-11T16:51:44.7755767Z   Downloading six-1.16.0-py2.py3-none-any.whl (11 kB)
2021-06-11T16:51:44.8289118Z Collecting pluggy>=0.12.0
2021-06-11T16:51:44.8362638Z   Downloading pluggy-0.13.1-py2.py3-none-any.whl (18 kB)
2021-06-11T16:51:44.8700581Z Collecting toml>=0.9.4
2021-06-11T16:51:44.8781648Z   Downloading toml-0.10.2-py2.py3-none-any.whl (16 kB)
2021-06-11T16:51:44.9437886Z Collecting py>=1.4.17
2021-06-11T16:51:44.9527021Z   Downloading py-1.10.0-py2.py3-none-any.whl (97 kB)
2021-06-11T16:51:44.9903878Z Collecting filelock>=3.0.0
2021-06-11T16:51:44.9992143Z   Downloading filelock-3.0.12-py3-none-any.whl (7.6 kB)
2021-06-11T16:51:45.2157085Z Collecting virtualenv!=20.0.0,!=20.0.1,!=20.0.2,!=20.0.3,!=20.0.4,!=20.0.5,!=20.0.6,!=20.0.7,>=16.0.0
2021-06-11T16:51:45.2251013Z   Downloading virtualenv-20.4.7-py2.py3-none-any.whl (7.2 MB)
2021-06-11T16:51:45.5527871Z Collecting packaging>=14
2021-06-11T16:51:45.5615253Z   Downloading packaging-20.9-py2.py3-none-any.whl (40 kB)
2021-06-11T16:51:45.6622692Z Collecting pyparsing>=2.0.2
2021-06-11T16:51:45.6719797Z   Downloading pyparsing-2.4.7-py2.py3-none-any.whl (67 kB)
2021-06-11T16:51:45.7538723Z Collecting distlib<1,>=0.3.1
2021-06-11T16:51:45.7688854Z   Downloading distlib-0.3.2-py2.py3-none-any.whl (338 kB)
2021-06-11T16:51:45.7986138Z Collecting appdirs<2,>=1.4.3
2021-06-11T16:51:45.8138885Z   Downloading appdirs-1.4.4-py2.py3-none-any.whl (9.6 kB)
2021-06-11T16:51:45.9220771Z Installing collected packages: six, pyparsing, filelock, distlib, appdirs, virtualenv, toml, py, pluggy, packaging, tox
2021-06-11T16:51:47.3677891Z Successfully installed appdirs-1.4.4 distlib-0.3.2 filelock-3.0.12 packaging-20.9 pluggy-0.13.1 py-1.10.0 pyparsing-2.4.7 six-1.16.0 toml-0.10.2 tox-3.23.1 virtualenv-20.4.7
2021-06-11T16:51:47.3853164Z ##[group]Run tox -e lint
2021-06-11T16:51:47.3853732Z [36;1mtox -e lint[0m
2021-06-11T16:51:47.3894853Z shell: /usr/bin/bash -e {0}
2021-06-11T16:51:47.3895276Z env:
2021-06-11T16:51:47.3895887Z   pythonLocation: /opt/hostedtoolcache/Python/3.8.10/x64
2021-06-11T16:51:47.3896705Z   LD_LIBRARY_PATH: /opt/hostedtoolcache/Python/3.8.10/x64/lib
2021-06-11T16:51:47.3897313Z ##[endgroup]
2021-06-11T16:51:47.6304816Z lint create: /home/runner/work/tinuous/tinuous/.tox/lint
2021-06-11T16:51:48.2870278Z lint installdeps: flake8~=3.7, flake8-bugbear, flake8-builtins~=1.4, flake8-import-order-jwodder, flake8-unused-arguments
2021-06-11T16:51:52.6449391Z lint installed: attrs==21.2.0,flake8==3.9.2,flake8-bugbear==21.4.3,flake8-builtins==1.5.3,flake8-import-order==0.18.1,flake8-import-order-jwodder==0.1.0,flake8-unused-arguments==0.0.6,mccabe==0.6.1,pycodestyle==2.7.0,pyflakes==2.3.1
2021-06-11T16:51:52.6483466Z lint run-test-pre: PYTHONHASHSEED='2593945526'
2021-06-11T16:51:52.6484664Z lint run-test: commands[0] | flake8 --config=tox.ini src test
2021-06-11T16:51:53.7194019Z ___________________________________ summary ____________________________________
2021-06-11T16:51:53.7213434Z   lint: commands succeeded
2021-06-11T16:51:53.7215465Z   congratulations :)
2021-06-11T16:51:53.7528185Z Post job cleanup.
2021-06-11T16:51:53.8631050Z [command]/usr/bin/git version
2021-06-11T16:51:53.8677230Z git version 2.31.1
2021-06-11T16:51:53.8717253Z [command]/usr/bin/git config --local --name-only --get-regexp core\.sshCommand
2021-06-11T16:51:53.8754313Z [command]/usr/bin/git submodule foreach --recursive git config --local --name-only --get-regexp 'core\.sshCommand' && git config --local --unset-all 'core.sshCommand' || :
2021-06-11T16:51:53.9013598Z [command]/usr/bin/git config --local --name-only --get-regexp http\.https\:\/\/github\.com\/\.extraheader
2021-06-11T16:51:53.9040398Z http.https://github.com/.extraheader
2021-06-11T16:51:53.9051875Z [command]/usr/bin/git config --local --unset-all http.https://github.com/.extraheader
2021-06-11T16:51:53.9090985Z [command]/usr/bin/git submodule foreach --recursive git config --local --name-only --get-regexp 'http\.https\:\/\/github\.com\/\.extraheader' && git config --local --unset-all 'http.https://github.com/.extraheader' || :
2021-06-11T16:51:53.9441310Z Cleaning up orphan processes
