2021-04-27T21:04:21.7419350Z ##[section]Starting: Request a runner to run this job
2021-04-27T21:04:21.8947649Z Can't find any online and idle self-hosted runner in current repository that matches the required labels: 'ubuntu-latest'
2021-04-27T21:04:21.8947780Z Can't find any online and idle self-hosted runner in current repository's account/organization that matches the required labels: 'ubuntu-latest'
2021-04-27T21:04:21.8948254Z Found online and idle hosted runner in current repository's account/organization that matches the required labels: 'ubuntu-latest'
2021-04-27T21:04:22.0304119Z ##[section]Finishing: Request a runner to run this job
2021-04-27T21:04:30.1380048Z Current runner version: '2.278.0'
2021-04-27T21:04:30.1413486Z ##[group]Operating System
2021-04-27T21:04:30.1414571Z Ubuntu
2021-04-27T21:04:30.1415104Z 20.04.2
2021-04-27T21:04:30.1415602Z LTS
2021-04-27T21:04:30.1416092Z ##[endgroup]
2021-04-27T21:04:30.1416930Z ##[group]Virtual Environment
2021-04-27T21:04:30.1417621Z Environment: ubuntu-20.04
2021-04-27T21:04:30.1418243Z Version: 20210425.1
2021-04-27T21:04:30.1419284Z Included Software: https://github.com/actions/virtual-environments/blob/ubuntu20/20210425.1/images/linux/Ubuntu2004-README.md
2021-04-27T21:04:30.1420759Z Image Release: https://github.com/actions/virtual-environments/releases/tag/ubuntu20%2F20210425.1
2021-04-27T21:04:30.1421672Z ##[endgroup]
2021-04-27T21:04:30.1424066Z ##[group]GITHUB_TOKEN Permissions
2021-04-27T21:04:30.1425487Z Actions: write
2021-04-27T21:04:30.1426037Z Checks: write
2021-04-27T21:04:30.1427033Z Contents: write
2021-04-27T21:04:30.1428097Z Deployments: write
2021-04-27T21:04:30.1428792Z Issues: write
2021-04-27T21:04:30.1429384Z Metadata: read
2021-04-27T21:04:30.1429903Z Packages: write
2021-04-27T21:04:30.1430705Z PullRequests: write
2021-04-27T21:04:30.1431401Z RepositoryProjects: write
2021-04-27T21:04:30.1432135Z SecurityEvents: write
2021-04-27T21:04:30.1432722Z Statuses: write
2021-04-27T21:04:30.1433478Z ##[endgroup]
2021-04-27T21:04:30.1436967Z Prepare workflow directory
2021-04-27T21:04:30.2207311Z Prepare all required actions
2021-04-27T21:04:30.2219878Z Getting action download info
2021-04-27T21:04:30.6485763Z Download action repository 'actions/checkout@v2'
2021-04-27T21:04:32.5886226Z Download action repository 'actions/setup-python@v2'
2021-04-27T21:04:32.8933472Z ##[group]Run actions/checkout@v2
2021-04-27T21:04:32.8934255Z with:
2021-04-27T21:04:32.8934928Z   repository: con/tinuous
2021-04-27T21:04:32.8935995Z   token: ***
2021-04-27T21:04:32.8936513Z   ssh-strict: true
2021-04-27T21:04:32.8937359Z   persist-credentials: true
2021-04-27T21:04:32.8938141Z   clean: true
2021-04-27T21:04:32.8938737Z   fetch-depth: 1
2021-04-27T21:04:32.8939273Z   lfs: false
2021-04-27T21:04:32.8939817Z   submodules: false
2021-04-27T21:04:32.8940346Z ##[endgroup]
2021-04-27T21:04:33.1654777Z Syncing repository: con/tinuous
2021-04-27T21:04:33.1658680Z ##[group]Getting Git version info
2021-04-27T21:04:33.1659998Z Working directory is '/home/runner/work/tinuous/tinuous'
2021-04-27T21:04:33.1660837Z [command]/usr/bin/git version
2021-04-27T21:04:33.1811102Z git version 2.31.1
2021-04-27T21:04:33.1838976Z ##[endgroup]
2021-04-27T21:04:33.1849098Z Deleting the contents of '/home/runner/work/tinuous/tinuous'
2021-04-27T21:04:33.1853860Z ##[group]Initializing the repository
2021-04-27T21:04:33.1858324Z [command]/usr/bin/git init /home/runner/work/tinuous/tinuous
2021-04-27T21:04:33.1943176Z hint: Using 'master' as the name for the initial branch. This default branch name
2021-04-27T21:04:33.1944738Z hint: is subject to change. To configure the initial branch name to use in all
2021-04-27T21:04:33.1946109Z hint: of your new repositories, which will suppress this warning, call:
2021-04-27T21:04:33.1947414Z hint: 
2021-04-27T21:04:33.1948549Z hint: 	git config --global init.defaultBranch <name>
2021-04-27T21:04:33.2216402Z hint: 
2021-04-27T21:04:33.2218119Z hint: Names commonly chosen instead of 'master' are 'main', 'trunk' and
2021-04-27T21:04:33.2219274Z hint: 'development'. The just-created branch can be renamed via this command:
2021-04-27T21:04:33.2220003Z hint: 
2021-04-27T21:04:33.2220655Z hint: 	git branch -m <name>
2021-04-27T21:04:33.2221422Z Initialized empty Git repository in /home/runner/work/tinuous/tinuous/.git/
2021-04-27T21:04:33.2222417Z [command]/usr/bin/git remote add origin https://github.com/con/tinuous
2021-04-27T21:04:33.2223286Z ##[endgroup]
2021-04-27T21:04:33.2223932Z ##[group]Disabling automatic garbage collection
2021-04-27T21:04:33.2224884Z [command]/usr/bin/git config --local gc.auto 0
2021-04-27T21:04:33.2225477Z ##[endgroup]
2021-04-27T21:04:33.2227507Z ##[group]Setting up auth
2021-04-27T21:04:33.2228794Z [command]/usr/bin/git config --local --name-only --get-regexp core\.sshCommand
2021-04-27T21:04:33.2230402Z [command]/usr/bin/git submodule foreach --recursive git config --local --name-only --get-regexp 'core\.sshCommand' && git config --local --unset-all 'core.sshCommand' || :
2021-04-27T21:04:33.5429027Z [command]/usr/bin/git config --local --name-only --get-regexp http\.https\:\/\/github\.com\/\.extraheader
2021-04-27T21:04:33.5431562Z [command]/usr/bin/git submodule foreach --recursive git config --local --name-only --get-regexp 'http\.https\:\/\/github\.com\/\.extraheader' && git config --local --unset-all 'http.https://github.com/.extraheader' || :
2021-04-27T21:04:33.5433835Z [command]/usr/bin/git config --local http.https://github.com/.extraheader AUTHORIZATION: basic ***
2021-04-27T21:04:33.5435090Z ##[endgroup]
2021-04-27T21:04:33.5435894Z ##[group]Fetching the repository
2021-04-27T21:04:33.5438625Z [command]/usr/bin/git -c protocol.version=2 fetch --no-tags --prune --progress --no-recurse-submodules --depth=1 origin +2e6a0c031cdbd2551dc7ed3eb73d27f059cdddba:refs/remotes/pull/31/merge
2021-04-27T21:04:33.5440353Z remote: Enumerating objects: 20, done.        
2021-04-27T21:04:33.5452917Z remote: Counting objects:   5% (1/20)        
2021-04-27T21:04:33.5454897Z remote: Counting objects:  10% (2/20)        
2021-04-27T21:04:33.5455757Z remote: Counting objects:  15% (3/20)        
2021-04-27T21:04:33.5456596Z remote: Counting objects:  20% (4/20)        
2021-04-27T21:04:33.5457392Z remote: Counting objects:  25% (5/20)        
2021-04-27T21:04:33.5458212Z remote: Counting objects:  30% (6/20)        
2021-04-27T21:04:33.5459245Z remote: Counting objects:  35% (7/20)        
2021-04-27T21:04:33.5460265Z remote: Counting objects:  40% (8/20)        
2021-04-27T21:04:33.5461050Z remote: Counting objects:  45% (9/20)        
2021-04-27T21:04:33.5461816Z remote: Counting objects:  50% (10/20)        
2021-04-27T21:04:33.5464423Z remote: Counting objects:  55% (11/20)        
2021-04-27T21:04:33.5465065Z remote: Counting objects:  60% (12/20)        
2021-04-27T21:04:33.5465689Z remote: Counting objects:  65% (13/20)        
2021-04-27T21:04:33.5466309Z remote: Counting objects:  70% (14/20)        
2021-04-27T21:04:33.5466912Z remote: Counting objects:  75% (15/20)        
2021-04-27T21:04:33.5469439Z remote: Counting objects:  80% (16/20)        
2021-04-27T21:04:33.5470094Z remote: Counting objects:  85% (17/20)        
2021-04-27T21:04:33.5470746Z remote: Counting objects:  90% (18/20)        
2021-04-27T21:04:33.5471387Z remote: Counting objects:  95% (19/20)        
2021-04-27T21:04:33.5472060Z remote: Counting objects: 100% (20/20)        
2021-04-27T21:04:33.5472727Z remote: Counting objects: 100% (20/20), done.        
2021-04-27T21:04:33.5473408Z remote: Compressing objects:   6% (1/15)        
2021-04-27T21:04:33.5474111Z remote: Compressing objects:  13% (2/15)        
2021-04-27T21:04:33.5474789Z remote: Compressing objects:  20% (3/15)        
2021-04-27T21:04:33.5475477Z remote: Compressing objects:  26% (4/15)        
2021-04-27T21:04:33.5476166Z remote: Compressing objects:  33% (5/15)        
2021-04-27T21:04:33.5476860Z remote: Compressing objects:  40% (6/15)        
2021-04-27T21:04:33.5477597Z remote: Compressing objects:  46% (7/15)        
2021-04-27T21:04:33.5478267Z remote: Compressing objects:  53% (8/15)        
2021-04-27T21:04:33.5478954Z remote: Compressing objects:  60% (9/15)        
2021-04-27T21:04:33.5479636Z remote: Compressing objects:  66% (10/15)        
2021-04-27T21:04:33.5480482Z remote: Compressing objects:  73% (11/15)        
2021-04-27T21:04:33.5481325Z remote: Compressing objects:  80% (12/15)        
2021-04-27T21:04:33.5482224Z remote: Compressing objects:  86% (13/15)        
2021-04-27T21:04:33.5482914Z remote: Compressing objects:  93% (14/15)        
2021-04-27T21:04:33.5483609Z remote: Compressing objects: 100% (15/15)        
2021-04-27T21:04:33.5484323Z remote: Compressing objects: 100% (15/15), done.        
2021-04-27T21:04:33.5485497Z remote: Total 20 (delta 1), reused 13 (delta 1), pack-reused 0        
2021-04-27T21:04:33.5488891Z From https://github.com/con/tinuous
2021-04-27T21:04:33.5490192Z  * [new ref]         2e6a0c031cdbd2551dc7ed3eb73d27f059cdddba -> pull/31/merge
2021-04-27T21:04:33.5491078Z ##[endgroup]
2021-04-27T21:04:33.5491694Z ##[group]Determining the checkout info
2021-04-27T21:04:33.5492269Z ##[endgroup]
2021-04-27T21:04:33.5492819Z ##[group]Checking out the ref
2021-04-27T21:04:33.5493806Z [command]/usr/bin/git checkout --progress --force refs/remotes/pull/31/merge
2021-04-27T21:04:33.5494815Z Note: switching to 'refs/remotes/pull/31/merge'.
2021-04-27T21:04:33.5495269Z 
2021-04-27T21:04:33.5496115Z You are in 'detached HEAD' state. You can look around, make experimental
2021-04-27T21:04:33.5497012Z changes and commit them, and you can discard any commits you make in this
2021-04-27T21:04:33.5497856Z state without impacting any branches by switching back to a branch.
2021-04-27T21:04:33.5498360Z 
2021-04-27T21:04:33.5498982Z If you want to create a new branch to retain commits you create, you may
2021-04-27T21:04:33.5499998Z do so (now or later) by using -c with the switch command. Example:
2021-04-27T21:04:33.5500521Z 
2021-04-27T21:04:33.5501376Z   git switch -c <new-branch-name>
2021-04-27T21:04:33.5501752Z 
2021-04-27T21:04:33.5502232Z Or undo this operation with:
2021-04-27T21:04:33.5502584Z 
2021-04-27T21:04:33.5503125Z   git switch -
2021-04-27T21:04:33.5503426Z 
2021-04-27T21:04:33.5504109Z Turn off this advice by setting config variable advice.detachedHead to false
2021-04-27T21:04:33.5504645Z 
2021-04-27T21:04:33.5505623Z HEAD is now at 2e6a0c0 Merge 52f70b274cb6b6440ebef5c083520c57c291156e into 97538692451f968607a2c289e0ad80fb9d2e1e32
2021-04-27T21:04:33.5506551Z ##[endgroup]
2021-04-27T21:04:33.5507308Z [command]/usr/bin/git log -1 --format='%H'
2021-04-27T21:04:33.5508391Z '2e6a0c031cdbd2551dc7ed3eb73d27f059cdddba'
2021-04-27T21:04:33.5660104Z ##[group]Run actions/setup-python@v2
2021-04-27T21:04:33.5660711Z with:
2021-04-27T21:04:33.5661354Z   python-version: 3.8
2021-04-27T21:04:33.5662293Z   token: ***
2021-04-27T21:04:33.5662735Z ##[endgroup]
2021-04-27T21:04:33.6422244Z Successfully setup CPython (3.8.9)
2021-04-27T21:04:33.6492950Z ##[group]Run python -m pip install --upgrade pip wheel
2021-04-27T21:04:33.6493826Z [36;1mpython -m pip install --upgrade pip wheel[0m
2021-04-27T21:04:33.6494481Z [36;1mpython -m pip install .[0m
2021-04-27T21:04:33.6541357Z shell: /usr/bin/bash -e {0}
2021-04-27T21:04:33.6541855Z env:
2021-04-27T21:04:33.6542472Z   pythonLocation: /opt/hostedtoolcache/Python/3.8.9/x64
2021-04-27T21:04:33.6543456Z   LD_LIBRARY_PATH: /opt/hostedtoolcache/Python/3.8.9/x64/lib
2021-04-27T21:04:33.6544049Z ##[endgroup]
2021-04-27T21:04:35.9693501Z WARNING: Value for scheme.headers does not match. Please report this to <https://github.com/pypa/pip/issues/9617>
2021-04-27T21:04:35.9698776Z distutils: /opt/hostedtoolcache/Python/3.8.9/x64/include/python3.8/UNKNOWN
2021-04-27T21:04:35.9719897Z sysconfig: /opt/hostedtoolcache/Python/3.8.9/x64/include/python3.8
2021-04-27T21:04:35.9721372Z WARNING: Additional context:
2021-04-27T21:04:35.9722515Z user = False
2021-04-27T21:04:35.9723549Z home = None
2021-04-27T21:04:35.9726134Z root = None
2021-04-27T21:04:35.9727207Z prefix = None
2021-04-27T21:04:36.0790343Z Requirement already satisfied: pip in /opt/hostedtoolcache/Python/3.8.9/x64/lib/python3.8/site-packages (21.1)
2021-04-27T21:04:36.3390964Z Collecting wheel
2021-04-27T21:04:36.3634587Z   Downloading wheel-0.36.2-py2.py3-none-any.whl (35 kB)
2021-04-27T21:04:36.4307775Z Installing collected packages: wheel
2021-04-27T21:04:36.4680638Z WARNING: Value for scheme.headers does not match. Please report this to <https://github.com/pypa/pip/issues/9617>
2021-04-27T21:04:36.4681809Z distutils: /opt/hostedtoolcache/Python/3.8.9/x64/include/python3.8/UNKNOWN
2021-04-27T21:04:36.4682717Z sysconfig: /opt/hostedtoolcache/Python/3.8.9/x64/include/python3.8
2021-04-27T21:04:36.4683793Z WARNING: Additional context:
2021-04-27T21:04:36.4684621Z user = False
2021-04-27T21:04:36.4685106Z home = None
2021-04-27T21:04:36.4685486Z root = None
2021-04-27T21:04:36.4685868Z prefix = None
2021-04-27T21:04:36.4696269Z Successfully installed wheel-0.36.2
2021-04-27T21:04:36.9712328Z WARNING: Value for scheme.headers does not match. Please report this to <https://github.com/pypa/pip/issues/9617>
2021-04-27T21:04:36.9715075Z distutils: /opt/hostedtoolcache/Python/3.8.9/x64/include/python3.8/UNKNOWN
2021-04-27T21:04:36.9752767Z sysconfig: /opt/hostedtoolcache/Python/3.8.9/x64/include/python3.8
2021-04-27T21:04:36.9753566Z WARNING: Additional context:
2021-04-27T21:04:36.9754078Z user = False
2021-04-27T21:04:36.9754704Z home = None
2021-04-27T21:04:36.9755134Z root = None
2021-04-27T21:04:36.9755629Z prefix = None
2021-04-27T21:04:37.0659860Z Processing /home/runner/work/tinuous/tinuous
2021-04-27T21:04:37.0665163Z   DEPRECATION: A future pip version will change local packages to be built in-place without first copying to a temporary directory. We recommend you use --use-feature=in-tree-build to test your packages with this new behavior before it becomes the default.
2021-04-27T21:04:37.0668310Z    pip 21.3 will remove support for this functionality. You can find discussion regarding this at https://github.com/pypa/pip/issues/7555.
2021-04-27T21:04:38.1885818Z   Installing build dependencies: started
2021-04-27T21:04:40.9860337Z   Installing build dependencies: finished with status 'done'
2021-04-27T21:04:40.9893825Z   Getting requirements to build wheel: started
2021-04-27T21:04:41.6535272Z   Getting requirements to build wheel: finished with status 'done'
2021-04-27T21:04:41.6568644Z     Preparing wheel metadata: started
2021-04-27T21:04:41.9719207Z     Preparing wheel metadata: finished with status 'done'
2021-04-27T21:04:42.0474784Z Collecting in-place~=0.4
2021-04-27T21:04:42.0954492Z   Downloading in_place-0.5.0-py3-none-any.whl (9.1 kB)
2021-04-27T21:04:42.2048454Z Collecting PyYAML~=5.0
2021-04-27T21:04:42.2163238Z   Downloading PyYAML-5.4.1-cp38-cp38-manylinux1_x86_64.whl (662 kB)
2021-04-27T21:04:43.0893549Z Collecting datalad~=0.14
2021-04-27T21:04:43.0924213Z   Downloading datalad-0.14.2.tar.gz (1.6 MB)
2021-04-27T21:04:43.0925993Z   Installing build dependencies: started
2021-04-27T21:04:45.4763887Z   Installing build dependencies: finished with status 'done'
2021-04-27T21:04:45.4835896Z   Getting requirements to build wheel: started
2021-04-27T21:04:45.9529499Z   Getting requirements to build wheel: finished with status 'done'
2021-04-27T21:04:45.9570405Z     Preparing wheel metadata: started
2021-04-27T21:04:46.5174878Z     Preparing wheel metadata: finished with status 'done'
2021-04-27T21:04:46.6091072Z Collecting requests~=2.20
2021-04-27T21:04:46.6193015Z   Downloading requests-2.25.1-py2.py3-none-any.whl (61 kB)
2021-04-27T21:04:46.6780292Z Collecting PyGithub~=1.53
2021-04-27T21:04:46.6887165Z   Downloading PyGithub-1.55-py3-none-any.whl (291 kB)
2021-04-27T21:04:46.7271512Z Collecting click-loglevel~=0.2
2021-04-27T21:04:46.7381363Z   Downloading click_loglevel-0.3.0-py3-none-any.whl (5.0 kB)
2021-04-27T21:04:46.9370780Z Collecting pydantic~=1.7
2021-04-27T21:04:46.9484197Z   Downloading pydantic-1.8.1-cp38-cp38-manylinux2014_x86_64.whl (13.7 MB)
2021-04-27T21:04:47.3864475Z Collecting click~=7.0
2021-04-27T21:04:47.3971117Z   Downloading click-7.1.2-py2.py3-none-any.whl (82 kB)
2021-04-27T21:04:47.4357138Z Collecting python-dateutil~=2.7
2021-04-27T21:04:47.4501422Z   Downloading python_dateutil-2.8.1-py2.py3-none-any.whl (227 kB)
2021-04-27T21:04:47.6490309Z Collecting fasteners>=0.14
2021-04-27T21:04:47.6594742Z   Downloading fasteners-0.16-py2.py3-none-any.whl (28 kB)
2021-04-27T21:04:47.6861052Z Collecting wrapt
2021-04-27T21:04:47.6970638Z   Downloading wrapt-1.12.1.tar.gz (27 kB)
2021-04-27T21:04:48.5168800Z Collecting jsmin
2021-04-27T21:04:48.5313174Z   Downloading jsmin-2.2.2.tar.gz (12 kB)
2021-04-27T21:04:48.8016316Z Collecting chardet>=3.0.4
2021-04-27T21:04:48.8128627Z   Downloading chardet-4.0.0-py2.py3-none-any.whl (178 kB)
2021-04-27T21:04:48.9292728Z Collecting whoosh
2021-04-27T21:04:48.9456045Z   Downloading Whoosh-2.7.4-py2.py3-none-any.whl (468 kB)
2021-04-27T21:04:48.9884507Z Collecting humanize
2021-04-27T21:04:48.9995353Z   Downloading humanize-3.4.1-py3-none-any.whl (73 kB)
2021-04-27T21:04:49.0953698Z Collecting msgpack
2021-04-27T21:04:49.1062225Z   Downloading msgpack-1.0.2-cp38-cp38-manylinux1_x86_64.whl (302 kB)
2021-04-27T21:04:49.2709202Z Collecting tqdm
2021-04-27T21:04:49.2836397Z   Downloading tqdm-4.60.0-py2.py3-none-any.whl (75 kB)
2021-04-27T21:04:49.4102557Z Collecting keyring>=8.0
2021-04-27T21:04:49.4210344Z   Downloading keyring-23.0.1-py3-none-any.whl (33 kB)
2021-04-27T21:04:49.4481145Z Collecting distro
2021-04-27T21:04:49.4587534Z   Downloading distro-1.5.0-py2.py3-none-any.whl (18 kB)
2021-04-27T21:04:49.4987906Z Collecting keyrings.alt
2021-04-27T21:04:49.5092927Z   Downloading keyrings.alt-4.0.2-py3-none-any.whl (20 kB)
2021-04-27T21:04:49.5380422Z Collecting annexremote
2021-04-27T21:04:49.5485439Z   Downloading annexremote-1.5.0-py3-none-any.whl (25 kB)
2021-04-27T21:04:49.5704826Z Collecting appdirs
2021-04-27T21:04:49.5807753Z   Downloading appdirs-1.4.4-py2.py3-none-any.whl (9.6 kB)
2021-04-27T21:04:49.7110500Z Collecting simplejson
2021-04-27T21:04:49.7233315Z   Downloading simplejson-3.17.2-cp38-cp38-manylinux2010_x86_64.whl (137 kB)
2021-04-27T21:04:49.7883761Z Collecting boto
2021-04-27T21:04:49.7999194Z   Downloading boto-2.49.0-py2.py3-none-any.whl (1.4 MB)
2021-04-27T21:04:49.8561863Z Collecting iso8601
2021-04-27T21:04:49.8668685Z   Downloading iso8601-0.1.14-py2.py3-none-any.whl (9.5 kB)
2021-04-27T21:04:49.8932353Z Collecting patool>=1.7
2021-04-27T21:04:49.9041987Z   Downloading patool-1.12-py2.py3-none-any.whl (77 kB)
2021-04-27T21:04:49.9533443Z Collecting six
2021-04-27T21:04:49.9640743Z   Downloading six-1.15.0-py2.py3-none-any.whl (10 kB)
2021-04-27T21:04:50.0238331Z Collecting jeepney>=0.4.2
2021-04-27T21:04:50.0349153Z   Downloading jeepney-0.6.0-py3-none-any.whl (45 kB)
2021-04-27T21:04:50.1344337Z Collecting importlib-metadata>=3.6
2021-04-27T21:04:50.1453364Z   Downloading importlib_metadata-4.0.1-py3-none-any.whl (16 kB)
2021-04-27T21:04:50.1750013Z Collecting SecretStorage>=3.2
2021-04-27T21:04:50.1859600Z   Downloading SecretStorage-3.3.1-py3-none-any.whl (15 kB)
2021-04-27T21:04:50.2644221Z Collecting zipp>=0.5
2021-04-27T21:04:50.2756782Z   Downloading zipp-3.4.1-py3-none-any.whl (5.2 kB)
2021-04-27T21:04:50.3258376Z Collecting typing-extensions>=3.7.4.3
2021-04-27T21:04:50.3361321Z   Downloading typing_extensions-3.7.4.3-py3-none-any.whl (22 kB)
2021-04-27T21:04:50.4169825Z Collecting pynacl>=1.4.0
2021-04-27T21:04:50.4285409Z   Downloading PyNaCl-1.4.0-cp35-abi3-manylinux1_x86_64.whl (961 kB)
2021-04-27T21:04:50.5139636Z Collecting deprecated
2021-04-27T21:04:50.5296447Z   Downloading Deprecated-1.2.12-py2.py3-none-any.whl (9.5 kB)
2021-04-27T21:04:50.5778720Z Collecting pyjwt>=2.0
2021-04-27T21:04:50.5884354Z   Downloading PyJWT-2.0.1-py3-none-any.whl (15 kB)
2021-04-27T21:04:51.0001252Z Collecting cffi>=1.4.1
2021-04-27T21:04:51.0116790Z   Downloading cffi-1.14.5-cp38-cp38-manylinux1_x86_64.whl (411 kB)
2021-04-27T21:04:51.0655217Z Collecting pycparser
2021-04-27T21:04:51.0764792Z   Downloading pycparser-2.20-py2.py3-none-any.whl (112 kB)
2021-04-27T21:04:51.1493233Z Collecting idna<3,>=2.5
2021-04-27T21:04:51.1621381Z   Downloading idna-2.10-py2.py3-none-any.whl (58 kB)
2021-04-27T21:04:51.2056215Z Collecting certifi>=2017.4.17
2021-04-27T21:04:51.2193819Z   Downloading certifi-2020.12.5-py2.py3-none-any.whl (147 kB)
2021-04-27T21:04:51.2993953Z Collecting urllib3<1.27,>=1.21.1
2021-04-27T21:04:51.3104156Z   Downloading urllib3-1.26.4-py2.py3-none-any.whl (153 kB)
2021-04-27T21:04:51.8550625Z Collecting cryptography>=2.0
2021-04-27T21:04:51.8694319Z   Downloading cryptography-3.4.7-cp36-abi3-manylinux2014_x86_64.whl (3.2 MB)
2021-04-27T21:04:52.0705371Z Collecting future
2021-04-27T21:04:52.0824009Z   Downloading future-0.18.2.tar.gz (829 kB)
2021-04-27T21:04:52.5852101Z Requirement already satisfied: setuptools in /opt/hostedtoolcache/Python/3.8.9/x64/lib/python3.8/site-packages (from humanize->datalad~=0.14->tinuous==0+untagged.1.g2e6a0c0) (49.2.1)
2021-04-27T21:04:52.7168730Z Building wheels for collected packages: tinuous, datalad, wrapt, future, jsmin
2021-04-27T21:04:52.7182242Z   Building wheel for tinuous (PEP 517): started
2021-04-27T21:04:53.0779942Z   Building wheel for tinuous (PEP 517): finished with status 'done'
2021-04-27T21:04:53.0791108Z   Created wheel for tinuous: filename=tinuous-0+untagged.1.g2e6a0c0-py3-none-any.whl size=14225 sha256=f090e71fd1186888ef83819ca54a5f4d14d9ce9d8ddfeb6d2336e4351eb135e2
2021-04-27T21:04:53.0794480Z   Stored in directory: /tmp/pip-ephem-wheel-cache-p4gz7x19/wheels/c3/66/fd/aa40fe57fc56b6eafce6be9c19ebd0e1315c64984fda7c47af
2021-04-27T21:04:53.0829393Z   Building wheel for datalad (PEP 517): started
2021-04-27T21:04:54.1175085Z   Building wheel for datalad (PEP 517): finished with status 'done'
2021-04-27T21:04:54.1244495Z   Created wheel for datalad: filename=datalad-0.14.2-py3-none-any.whl size=1603393 sha256=9992d7a4565ce8b0665051c53c69b18e5f3510894bdad65d9ffdfa47fbf260cb
2021-04-27T21:04:54.1246812Z   Stored in directory: /home/runner/.cache/pip/wheels/5f/d3/15/1e36a77a4d222a134678396152e3b066be4d289e731045fa5a
2021-04-27T21:04:54.1303966Z   Building wheel for wrapt (setup.py): started
2021-04-27T21:04:55.6764780Z   Building wheel for wrapt (setup.py): finished with status 'done'
2021-04-27T21:04:55.6776646Z   Created wheel for wrapt: filename=wrapt-1.12.1-cp38-cp38-linux_x86_64.whl size=81807 sha256=936b2c5fd2cf00b6fc8620e230b88eb495493e28bc82e2378d16d8115f06b6f2
2021-04-27T21:04:55.6779691Z   Stored in directory: /home/runner/.cache/pip/wheels/5f/fd/9e/b6cf5890494cb8ef0b5eaff72e5d55a70fb56316007d6dfe73
2021-04-27T21:04:55.6809963Z   Building wheel for future (setup.py): started
2021-04-27T21:04:56.2231502Z   Building wheel for future (setup.py): finished with status 'done'
2021-04-27T21:04:56.2256238Z   Created wheel for future: filename=future-0.18.2-py3-none-any.whl size=491059 sha256=64575a47cc8bb6f36c1b128796ec07ed14efc4caf5469095fa39dd78d586648c
2021-04-27T21:04:56.2258809Z   Stored in directory: /home/runner/.cache/pip/wheels/8e/70/28/3d6ccd6e315f65f245da085482a2e1c7d14b90b30f239e2cf4
2021-04-27T21:04:56.2304207Z   Building wheel for jsmin (setup.py): started
2021-04-27T21:04:58.5936721Z   Building wheel for jsmin (setup.py): finished with status 'done'
2021-04-27T21:04:58.5946921Z   Created wheel for jsmin: filename=jsmin-2.2.2-py3-none-any.whl size=13920 sha256=0c9253f35f4a37c450d54b681f4ae90e78b0ecdeba7fea54c60d73e94fa130a1
2021-04-27T21:04:58.5948985Z   Stored in directory: /home/runner/.cache/pip/wheels/65/b7/04/fc4b059d177fd88f3ca362ad372a15e364b0c5433121c7b135
2021-04-27T21:04:58.5950116Z Successfully built tinuous datalad wrapt future jsmin
2021-04-27T21:04:58.5953134Z Installing collected packages: pycparser, cffi, zipp, wrapt, urllib3, six, jeepney, idna, cryptography, chardet, certifi, SecretStorage, requests, pynacl, pyjwt, importlib-metadata, future, deprecated, whoosh, typing-extensions, tqdm, simplejson, PyGithub, patool, msgpack, keyrings.alt, keyring, jsmin, iso8601, humanize, fasteners, distro, click, boto, appdirs, annexremote, PyYAML, python-dateutil, pydantic, in-place, datalad, click-loglevel, tinuous
2021-04-27T21:05:02.6932596Z WARNING: Value for scheme.headers does not match. Please report this to <https://github.com/pypa/pip/issues/9617>
2021-04-27T21:05:02.6933677Z distutils: /opt/hostedtoolcache/Python/3.8.9/x64/include/python3.8/UNKNOWN
2021-04-27T21:05:02.6934488Z sysconfig: /opt/hostedtoolcache/Python/3.8.9/x64/include/python3.8
2021-04-27T21:05:02.6935108Z WARNING: Additional context:
2021-04-27T21:05:02.6935534Z user = False
2021-04-27T21:05:02.6935867Z home = None
2021-04-27T21:05:02.6936206Z root = None
2021-04-27T21:05:02.6936539Z prefix = None
2021-04-27T21:05:02.7251422Z Successfully installed PyGithub-1.55 PyYAML-5.4.1 SecretStorage-3.3.1 annexremote-1.5.0 appdirs-1.4.4 boto-2.49.0 certifi-2020.12.5 cffi-1.14.5 chardet-4.0.0 click-7.1.2 click-loglevel-0.3.0 cryptography-3.4.7 datalad-0.14.2 deprecated-1.2.12 distro-1.5.0 fasteners-0.16 future-0.18.2 humanize-3.4.1 idna-2.10 importlib-metadata-4.0.1 in-place-0.5.0 iso8601-0.1.14 jeepney-0.6.0 jsmin-2.2.2 keyring-23.0.1 keyrings.alt-4.0.2 msgpack-1.0.2 patool-1.12 pycparser-2.20 pydantic-1.8.1 pyjwt-2.0.1 pynacl-1.4.0 python-dateutil-2.8.1 requests-2.25.1 simplejson-3.17.2 six-1.15.0 tinuous-0+untagged.1.g2e6a0c0 tqdm-4.60.0 typing-extensions-3.7.4.3 urllib3-1.26.4 whoosh-2.7.4 wrapt-1.12.1 zipp-3.4.1
2021-04-27T21:05:02.8729357Z ##[group]Run tinuous --help
2021-04-27T21:05:02.8729872Z [36;1mtinuous --help[0m
2021-04-27T21:05:02.8774437Z shell: /usr/bin/bash -e {0}
2021-04-27T21:05:02.8774793Z env:
2021-04-27T21:05:02.8775264Z   pythonLocation: /opt/hostedtoolcache/Python/3.8.9/x64
2021-04-27T21:05:02.8776544Z   LD_LIBRARY_PATH: /opt/hostedtoolcache/Python/3.8.9/x64/lib
2021-04-27T21:05:02.8777280Z ##[endgroup]
2021-04-27T21:05:03.0313602Z It is highly recommended to configure Git before using DataLad. Set both 'user.name' and 'user.email' configuration variables.
2021-04-27T21:05:03.0315885Z It is highly recommended to configure Git before using DataLad. Set both 'user.name' and 'user.email' configuration variables.
2021-04-27T21:05:03.8236898Z Usage: tinuous [OPTIONS] COMMAND [ARGS]...
2021-04-27T21:05:03.8237606Z 
2021-04-27T21:05:03.8238085Z   Download build logs from GitHub Actions, Travis, and Appveyor
2021-04-27T21:05:03.8238660Z 
2021-04-27T21:05:03.8240237Z Options:
2021-04-27T21:05:03.8241562Z   -c, --config FILE               Read configuration from the given file
2021-04-27T21:05:03.8242245Z                                   [default: config.yml]
2021-04-27T21:05:03.8242581Z 
2021-04-27T21:05:03.8243417Z   -l, --log-level [NOTSET|DEBUG|INFO|WARNING|ERROR|CRITICAL]
2021-04-27T21:05:03.8244027Z                                   Set logging level  [default: INFO]
2021-04-27T21:05:03.8244716Z   --help                          Show this message and exit.
2021-04-27T21:05:03.8245035Z 
2021-04-27T21:05:03.8245343Z Commands:
2021-04-27T21:05:03.8245698Z   fetch     Download logs
2021-04-27T21:05:03.8246154Z   sanitize  Sanitize secrets in logs
2021-04-27T21:05:03.8814277Z ##[group]Run python -m pip install mypy
2021-04-27T21:05:03.8814861Z [36;1mpython -m pip install mypy[0m
2021-04-27T21:05:03.8867185Z shell: /usr/bin/bash -e {0}
2021-04-27T21:05:03.8867542Z env:
2021-04-27T21:05:03.8868042Z   pythonLocation: /opt/hostedtoolcache/Python/3.8.9/x64
2021-04-27T21:05:03.8869319Z   LD_LIBRARY_PATH: /opt/hostedtoolcache/Python/3.8.9/x64/lib
2021-04-27T21:05:03.8870011Z ##[endgroup]
2021-04-27T21:05:04.2541590Z WARNING: Value for scheme.headers does not match. Please report this to <https://github.com/pypa/pip/issues/9617>
2021-04-27T21:05:04.2543153Z distutils: /opt/hostedtoolcache/Python/3.8.9/x64/include/python3.8/UNKNOWN
2021-04-27T21:05:04.2544183Z sysconfig: /opt/hostedtoolcache/Python/3.8.9/x64/include/python3.8
2021-04-27T21:05:04.2545065Z WARNING: Additional context:
2021-04-27T21:05:04.2545704Z user = False
2021-04-27T21:05:04.2546234Z home = None
2021-04-27T21:05:04.2546729Z root = None
2021-04-27T21:05:04.2547264Z prefix = None
2021-04-27T21:05:04.4963433Z Collecting mypy
2021-04-27T21:05:04.5517513Z   Downloading mypy-0.812-cp38-cp38-manylinux2010_x86_64.whl (22.5 MB)
2021-04-27T21:05:05.0526214Z Collecting mypy-extensions<0.5.0,>=0.4.3
2021-04-27T21:05:05.0573518Z   Downloading mypy_extensions-0.4.3-py2.py3-none-any.whl (4.5 kB)
2021-04-27T21:05:05.0624731Z Requirement already satisfied: typing-extensions>=3.7.4 in /opt/hostedtoolcache/Python/3.8.9/x64/lib/python3.8/site-packages (from mypy) (3.7.4.3)
2021-04-27T21:05:05.2073007Z Collecting typed-ast<1.5.0,>=1.4.0
2021-04-27T21:05:05.2129003Z   Downloading typed_ast-1.4.3-cp38-cp38-manylinux1_x86_64.whl (774 kB)
2021-04-27T21:05:05.6495758Z Installing collected packages: typed-ast, mypy-extensions, mypy
2021-04-27T21:05:07.4404346Z WARNING: Value for scheme.headers does not match. Please report this to <https://github.com/pypa/pip/issues/9617>
2021-04-27T21:05:07.4406193Z distutils: /opt/hostedtoolcache/Python/3.8.9/x64/include/python3.8/UNKNOWN
2021-04-27T21:05:07.4407447Z sysconfig: /opt/hostedtoolcache/Python/3.8.9/x64/include/python3.8
2021-04-27T21:05:07.4408324Z WARNING: Additional context:
2021-04-27T21:05:07.4408884Z user = False
2021-04-27T21:05:07.4409368Z home = None
2021-04-27T21:05:07.4409851Z root = None
2021-04-27T21:05:07.4410318Z prefix = None
2021-04-27T21:05:07.4532809Z Successfully installed mypy-0.812 mypy-extensions-0.4.3 typed-ast-1.4.3
2021-04-27T21:05:07.5152319Z ##[group]Run mypy src
2021-04-27T21:05:07.5152787Z [36;1mmypy src[0m
2021-04-27T21:05:07.5196090Z shell: /usr/bin/bash -e {0}
2021-04-27T21:05:07.5196476Z env:
2021-04-27T21:05:07.5196995Z   pythonLocation: /opt/hostedtoolcache/Python/3.8.9/x64
2021-04-27T21:05:07.5197714Z   LD_LIBRARY_PATH: /opt/hostedtoolcache/Python/3.8.9/x64/lib
2021-04-27T21:05:07.5198250Z ##[endgroup]
2021-04-27T21:05:11.8019113Z src/tinuous/_version.py:20: error: Function is missing a return type annotation
2021-04-27T21:05:11.8020318Z  [no-untyped-def]
2021-04-27T21:05:11.8020740Z     def get_keywords():
2021-04-27T21:05:11.8021209Z     ^
2021-04-27T21:05:11.8021717Z src/tinuous/_version.py:37: error: Function is missing a return type annotation
2021-04-27T21:05:11.8022401Z  [no-untyped-def]
2021-04-27T21:05:11.8022784Z     def get_config():
2021-04-27T21:05:11.8023095Z     ^
2021-04-27T21:05:11.8023749Z src/tinuous/_version.py:55: error: Need type annotation for 'LONG_VERSION_PY'
2021-04-27T21:05:11.8024631Z (hint: "LONG_VERSION_PY: Dict[<type>, <type>] = ...")  [var-annotated]
2021-04-27T21:05:11.8025132Z     LONG_VERSION_PY = {}
2021-04-27T21:05:11.8025437Z     ^
2021-04-27T21:05:11.8026439Z src/tinuous/_version.py:56: error: Need type annotation for 'HANDLERS' (hint:
2021-04-27T21:05:11.8027388Z "HANDLERS: Dict[<type>, <type>] = ...")  [var-annotated]
2021-04-27T21:05:11.8027850Z     HANDLERS = {}
2021-04-27T21:05:11.8028145Z     ^
2021-04-27T21:05:11.8028662Z src/tinuous/_version.py:59: error: Function is missing a type annotation 
2021-04-27T21:05:11.8029467Z [no-untyped-def]
2021-04-27T21:05:11.8029962Z     def register_vcs_handler(vcs, method):  # decorator
2021-04-27T21:05:11.8030375Z     ^
2021-04-27T21:05:11.8030844Z src/tinuous/_version.py:61: error: Function is missing a type annotation 
2021-04-27T21:05:11.8031511Z [no-untyped-def]
2021-04-27T21:05:11.8031881Z         def decorate(f):
2021-04-27T21:05:11.8032203Z         ^
2021-04-27T21:05:11.8032688Z src/tinuous/_version.py:70: error: Function is missing a type annotation 
2021-04-27T21:05:11.8033346Z [no-untyped-def]
2021-04-27T21:05:11.8033890Z     def run_command(commands, args, cwd=None, verbose=False, hide_stderr=F...
2021-04-27T21:05:11.8034368Z     ^
2021-04-27T21:05:11.8034840Z src/tinuous/_version.py:105: error: Function is missing a type annotation 
2021-04-27T21:05:11.8035505Z [no-untyped-def]
2021-04-27T21:05:11.8036214Z     def versions_from_parentdir(parentdir_prefix, root, verbose):
2021-04-27T21:05:11.8036661Z     ^
2021-04-27T21:05:11.8037135Z src/tinuous/_version.py:131: error: Function is missing a type annotation 
2021-04-27T21:05:11.8037763Z [no-untyped-def]
2021-04-27T21:05:11.8038208Z     def git_get_keywords(versionfile_abs):
2021-04-27T21:05:11.8038568Z     ^
2021-04-27T21:05:11.8039043Z src/tinuous/_version.py:160: error: Function is missing a type annotation 
2021-04-27T21:05:11.8039671Z [no-untyped-def]
2021-04-27T21:05:11.8040398Z     def git_versions_from_keywords(keywords, tag_prefix, verbose):
2021-04-27T21:05:11.8040879Z     ^
2021-04-27T21:05:11.8041403Z src/tinuous/_version.py:219: error: Function is missing a type annotation 
2021-04-27T21:05:11.8042265Z [no-untyped-def]
2021-04-27T21:05:11.8042811Z     def git_pieces_from_vcs(tag_prefix, root, verbose, run_command=run_com...
2021-04-27T21:05:11.8043491Z     ^
2021-04-27T21:05:11.8043951Z src/tinuous/_version.py:313: error: Function is missing a type annotation 
2021-04-27T21:05:11.8044594Z [no-untyped-def]
2021-04-27T21:05:11.8045210Z     def plus_or_dot(pieces):
2021-04-27T21:05:11.8045537Z     ^
2021-04-27T21:05:11.8045997Z src/tinuous/_version.py:320: error: Function is missing a type annotation 
2021-04-27T21:05:11.8046964Z [no-untyped-def]
2021-04-27T21:05:11.8047369Z     def render_pep440(pieces):
2021-04-27T21:05:11.8047709Z     ^
2021-04-27T21:05:11.8048179Z src/tinuous/_version.py:345: error: Function is missing a type annotation 
2021-04-27T21:05:11.8048812Z [no-untyped-def]
2021-04-27T21:05:11.8049238Z     def render_pep440_pre(pieces):
2021-04-27T21:05:11.8049727Z     ^
2021-04-27T21:05:11.8050227Z src/tinuous/_version.py:361: error: Function is missing a type annotation 
2021-04-27T21:05:11.8050894Z [no-untyped-def]
2021-04-27T21:05:11.8051318Z     def render_pep440_post(pieces):
2021-04-27T21:05:11.8051656Z     ^
2021-04-27T21:05:11.8052133Z src/tinuous/_version.py:388: error: Function is missing a type annotation 
2021-04-27T21:05:11.8052759Z [no-untyped-def]
2021-04-27T21:05:11.8053176Z     def render_pep440_old(pieces):
2021-04-27T21:05:11.8053531Z     ^
2021-04-27T21:05:11.8053988Z src/tinuous/_version.py:410: error: Function is missing a type annotation 
2021-04-27T21:05:11.8054630Z [no-untyped-def]
2021-04-27T21:05:11.8055047Z     def render_git_describe(pieces):
2021-04-27T21:05:11.8055407Z     ^
2021-04-27T21:05:11.8055864Z src/tinuous/_version.py:430: error: Function is missing a type annotation 
2021-04-27T21:05:11.8056501Z [no-untyped-def]
2021-04-27T21:05:11.8056928Z     def render_git_describe_long(pieces):
2021-04-27T21:05:11.8057467Z     ^
2021-04-27T21:05:11.8058104Z src/tinuous/_version.py:450: error: Function is missing a type annotation 
2021-04-27T21:05:11.8058742Z [no-untyped-def]
2021-04-27T21:05:11.8059132Z     def render(pieces, style):
2021-04-27T21:05:11.8059472Z     ^
2021-04-27T21:05:11.8059925Z src/tinuous/_version.py:482: error: Function is missing a return type
2021-04-27T21:05:11.8060580Z annotation  [no-untyped-def]
2021-04-27T21:05:11.8061336Z     def get_versions():
2021-04-27T21:05:11.8061634Z     ^
2021-04-27T21:05:12.5121376Z Found 20 errors in 1 file (checked 2 source files)
2021-04-27T21:05:12.8084816Z ##[error]Process completed with exit code 1.
2021-04-27T21:05:12.8188846Z Post job cleanup.
2021-04-27T21:05:12.9518582Z [command]/usr/bin/git version
2021-04-27T21:05:12.9574399Z git version 2.31.1
2021-04-27T21:05:12.9633931Z [command]/usr/bin/git config --local --name-only --get-regexp core\.sshCommand
2021-04-27T21:05:12.9676145Z [command]/usr/bin/git submodule foreach --recursive git config --local --name-only --get-regexp 'core\.sshCommand' && git config --local --unset-all 'core.sshCommand' || :
2021-04-27T21:05:12.9919199Z [command]/usr/bin/git config --local --name-only --get-regexp http\.https\:\/\/github\.com\/\.extraheader
2021-04-27T21:05:12.9948578Z http.https://github.com/.extraheader
2021-04-27T21:05:12.9957095Z [command]/usr/bin/git config --local --unset-all http.https://github.com/.extraheader
2021-04-27T21:05:12.9993499Z [command]/usr/bin/git submodule foreach --recursive git config --local --name-only --get-regexp 'http\.https\:\/\/github\.com\/\.extraheader' && git config --local --unset-all 'http.https://github.com/.extraheader' || :
2021-04-27T21:05:13.0315614Z Cleaning up orphan processes
