2022-01-11T15:45:19.8841323Z Found online and idle hosted runner in the current repository's organization account that matches the required labels: 'ubuntu-latest'
2022-01-11T15:45:20.0013325Z Waiting for a Hosted runner in the 'organization' to pick this job...
2022-01-11T15:45:20.3938151Z Job is waiting for a hosted runner to come online.
2022-01-11T15:45:24.9647367Z Job is about to start running on the hosted runner: GitHub Actions 16 (hosted)
2022-01-11T15:45:28.5792418Z Current runner version: '2.285.1'
2022-01-11T15:45:28.5820119Z ##[group]Operating System
2022-01-11T15:45:28.5820984Z Ubuntu
2022-01-11T15:45:28.5821449Z 20.04.3
2022-01-11T15:45:28.5821857Z LTS
2022-01-11T15:45:28.5822400Z ##[endgroup]
2022-01-11T15:45:28.5822991Z ##[group]Virtual Environment
2022-01-11T15:45:28.5823583Z Environment: ubuntu-20.04
2022-01-11T15:45:28.5824147Z Version: 20211219.1
2022-01-11T15:45:28.5825083Z Included Software: https://github.com/actions/virtual-environments/blob/ubuntu20/20211219.1/images/linux/Ubuntu2004-README.md
2022-01-11T15:45:28.5826439Z Image Release: https://github.com/actions/virtual-environments/releases/tag/ubuntu20%2F20211219.1
2022-01-11T15:45:28.5827550Z ##[endgroup]
2022-01-11T15:45:28.5828126Z ##[group]Virtual Environment Provisioner
2022-01-11T15:45:28.5828768Z 1.0.0.0-main-20211214-1
2022-01-11T15:45:28.5829248Z ##[endgroup]
2022-01-11T15:45:28.5831242Z ##[group]GITHUB_TOKEN Permissions
2022-01-11T15:45:28.5832483Z Actions: write
2022-01-11T15:45:28.5833098Z Checks: write
2022-01-11T15:45:28.5833683Z Contents: write
2022-01-11T15:45:28.5834261Z Deployments: write
2022-01-11T15:45:28.5834782Z Discussions: write
2022-01-11T15:45:28.5835320Z Issues: write
2022-01-11T15:45:28.5835783Z Metadata: read
2022-01-11T15:45:28.5836344Z Packages: write
2022-01-11T15:45:28.5836815Z Pages: write
2022-01-11T15:45:28.5837365Z PullRequests: write
2022-01-11T15:45:28.5837949Z RepositoryProjects: write
2022-01-11T15:45:28.5838596Z SecurityEvents: write
2022-01-11T15:45:28.5839198Z Statuses: write
2022-01-11T15:45:28.5839764Z ##[endgroup]
2022-01-11T15:45:28.5842671Z Secret source: Actions
2022-01-11T15:45:28.5843520Z Prepare workflow directory
2022-01-11T15:45:28.6420697Z Prepare all required actions
2022-01-11T15:45:28.6431145Z Getting action download info
2022-01-11T15:45:28.8703719Z Download action repository 'actions/checkout@v2' (SHA:ec3a7ce113134d7a93b817d10a8272cb61118579)
2022-01-11T15:45:30.7582735Z Download action repository 'actions/setup-python@v2' (SHA:f38219332975fe8f9c04cca981d674bf22aea1d3)
2022-01-11T15:45:31.0540534Z Download action repository 'codecov/codecov-action@v2' (SHA:f32b3a3741e1053eb607407145bc9619351dc93b)
2022-01-11T15:45:46.5437619Z ##[group]Run actions/checkout@v2
2022-01-11T15:45:46.5438212Z with:
2022-01-11T15:45:46.5438589Z   fetch-depth: 0
2022-01-11T15:45:46.5439034Z   repository: con/tinuous
2022-01-11T15:45:46.5439965Z   token: ***
2022-01-11T15:45:46.5440350Z   ssh-strict: true
2022-01-11T15:45:46.5440835Z   persist-credentials: true
2022-01-11T15:45:46.5441301Z   clean: true
2022-01-11T15:45:46.5441651Z   lfs: false
2022-01-11T15:45:46.5442016Z   submodules: false
2022-01-11T15:45:46.5442414Z ##[endgroup]
2022-01-11T15:45:46.7772078Z Syncing repository: con/tinuous
2022-01-11T15:45:46.7782247Z ##[group]Getting Git version info
2022-01-11T15:45:46.7783462Z Working directory is '/home/runner/work/tinuous/tinuous'
2022-01-11T15:45:46.7816469Z [command]/usr/bin/git version
2022-01-11T15:45:46.7989380Z git version 2.34.1
2022-01-11T15:45:46.8010430Z ##[endgroup]
2022-01-11T15:45:46.8015010Z Deleting the contents of '/home/runner/work/tinuous/tinuous'
2022-01-11T15:45:46.8020652Z ##[group]Initializing the repository
2022-01-11T15:45:46.8023169Z [command]/usr/bin/git init /home/runner/work/tinuous/tinuous
2022-01-11T15:45:46.8093435Z hint: Using 'master' as the name for the initial branch. This default branch name
2022-01-11T15:45:46.8094706Z hint: is subject to change. To configure the initial branch name to use in all
2022-01-11T15:45:46.8095750Z hint: of your new repositories, which will suppress this warning, call:
2022-01-11T15:45:46.8096536Z hint: 
2022-01-11T15:45:46.8098107Z hint: 	git config --global init.defaultBranch <name>
2022-01-11T15:45:46.8098714Z hint: 
2022-01-11T15:45:46.8099422Z hint: Names commonly chosen instead of 'master' are 'main', 'trunk' and
2022-01-11T15:45:46.8100409Z hint: 'development'. The just-created branch can be renamed via this command:
2022-01-11T15:45:46.8100986Z hint: 
2022-01-11T15:45:46.8101486Z hint: 	git branch -m <name>
2022-01-11T15:45:46.8108972Z Initialized empty Git repository in /home/runner/work/tinuous/tinuous/.git/
2022-01-11T15:45:46.8120352Z [command]/usr/bin/git remote add origin https://github.com/con/tinuous
2022-01-11T15:45:46.8163590Z ##[endgroup]
2022-01-11T15:45:46.8165004Z ##[group]Disabling automatic garbage collection
2022-01-11T15:45:46.8168232Z [command]/usr/bin/git config --local gc.auto 0
2022-01-11T15:45:46.8204775Z ##[endgroup]
2022-01-11T15:45:46.8210387Z ##[group]Setting up auth
2022-01-11T15:45:46.8216425Z [command]/usr/bin/git config --local --name-only --get-regexp core\.sshCommand
2022-01-11T15:45:46.8251618Z [command]/usr/bin/git submodule foreach --recursive git config --local --name-only --get-regexp 'core\.sshCommand' && git config --local --unset-all 'core.sshCommand' || :
2022-01-11T15:45:48.2623584Z [command]/usr/bin/git config --local --name-only --get-regexp http\.https\:\/\/github\.com\/\.extraheader
2022-01-11T15:45:48.2628752Z [command]/usr/bin/git submodule foreach --recursive git config --local --name-only --get-regexp 'http\.https\:\/\/github\.com\/\.extraheader' && git config --local --unset-all 'http.https://github.com/.extraheader' || :
2022-01-11T15:45:48.2631660Z [command]/usr/bin/git config --local http.https://github.com/.extraheader AUTHORIZATION: basic ***
2022-01-11T15:45:48.2633478Z ##[endgroup]
2022-01-11T15:45:48.2634730Z ##[group]Fetching the repository
2022-01-11T15:45:48.2636410Z [command]/usr/bin/git -c protocol.version=2 fetch --prune --progress --no-recurse-submodules origin +refs/heads/*:refs/remotes/origin/* +refs/tags/*:refs/tags/*
2022-01-11T15:45:48.2641629Z remote: Enumerating objects: 917, done.        
2022-01-11T15:45:48.2642566Z remote: Counting objects:   0% (1/571)        
2022-01-11T15:45:48.2643547Z remote: Counting objects:   1% (6/571)        
2022-01-11T15:45:48.2644332Z remote: Counting objects:   2% (12/571)        
2022-01-11T15:45:48.2644933Z remote: Counting objects:   3% (18/571)        
2022-01-11T15:45:48.2645514Z remote: Counting objects:   4% (23/571)        
2022-01-11T15:45:48.2646156Z remote: Counting objects:   5% (29/571)        
2022-01-11T15:45:48.2647043Z remote: Counting objects:   6% (35/571)        
2022-01-11T15:45:48.2647643Z remote: Counting objects:   7% (40/571)        
2022-01-11T15:45:48.2648228Z remote: Counting objects:   8% (46/571)        
2022-01-11T15:45:48.2648802Z remote: Counting objects:   9% (52/571)        
2022-01-11T15:45:48.2649377Z remote: Counting objects:  10% (58/571)        
2022-01-11T15:45:48.2649949Z remote: Counting objects:  11% (63/571)        
2022-01-11T15:45:48.2650528Z remote: Counting objects:  12% (69/571)        
2022-01-11T15:45:48.2651095Z remote: Counting objects:  13% (75/571)        
2022-01-11T15:45:48.2651671Z remote: Counting objects:  14% (80/571)        
2022-01-11T15:45:48.2652251Z remote: Counting objects:  15% (86/571)        
2022-01-11T15:45:48.2652814Z remote: Counting objects:  16% (92/571)        
2022-01-11T15:45:48.2653392Z remote: Counting objects:  17% (98/571)        
2022-01-11T15:45:48.2653976Z remote: Counting objects:  18% (103/571)        
2022-01-11T15:45:48.2654571Z remote: Counting objects:  19% (109/571)        
2022-01-11T15:45:48.2655155Z remote: Counting objects:  20% (115/571)        
2022-01-11T15:45:48.2655733Z remote: Counting objects:  21% (120/571)        
2022-01-11T15:45:48.2656315Z remote: Counting objects:  22% (126/571)        
2022-01-11T15:45:48.2656882Z remote: Counting objects:  23% (132/571)        
2022-01-11T15:45:48.2657459Z remote: Counting objects:  24% (138/571)        
2022-01-11T15:45:48.2658030Z remote: Counting objects:  25% (143/571)        
2022-01-11T15:45:48.2658608Z remote: Counting objects:  26% (149/571)        
2022-01-11T15:45:48.2659188Z remote: Counting objects:  27% (155/571)        
2022-01-11T15:45:48.2659759Z remote: Counting objects:  28% (160/571)        
2022-01-11T15:45:48.2660339Z remote: Counting objects:  29% (166/571)        
2022-01-11T15:45:48.2660906Z remote: Counting objects:  30% (172/571)        
2022-01-11T15:45:48.2661617Z remote: Counting objects:  31% (178/571)        
2022-01-11T15:45:48.2662198Z remote: Counting objects:  32% (183/571)        
2022-01-11T15:45:48.2662777Z remote: Counting objects:  33% (189/571)        
2022-01-11T15:45:48.2663355Z remote: Counting objects:  34% (195/571)        
2022-01-11T15:45:48.2663926Z remote: Counting objects:  35% (200/571)        
2022-01-11T15:45:48.2664516Z remote: Counting objects:  36% (206/571)        
2022-01-11T15:45:48.2665146Z remote: Counting objects:  37% (212/571)        
2022-01-11T15:45:48.2665780Z remote: Counting objects:  38% (217/571)        
2022-01-11T15:45:48.2666288Z remote: Counting objects:  39% (223/571)        
2022-01-11T15:45:48.2666952Z remote: Counting objects:  40% (229/571)        
2022-01-11T15:45:48.2667469Z remote: Counting objects:  41% (235/571)        
2022-01-11T15:45:48.2667964Z remote: Counting objects:  42% (240/571)        
2022-01-11T15:45:48.2668468Z remote: Counting objects:  43% (246/571)        
2022-01-11T15:45:48.2668979Z remote: Counting objects:  44% (252/571)        
2022-01-11T15:45:48.2669475Z remote: Counting objects:  45% (257/571)        
2022-01-11T15:45:48.2670015Z remote: Counting objects:  46% (263/571)        
2022-01-11T15:45:48.2670508Z remote: Counting objects:  47% (269/571)        
2022-01-11T15:45:48.2671009Z remote: Counting objects:  48% (275/571)        
2022-01-11T15:45:48.2671502Z remote: Counting objects:  49% (280/571)        
2022-01-11T15:45:48.2672010Z remote: Counting objects:  50% (286/571)        
2022-01-11T15:45:48.2672514Z remote: Counting objects:  51% (292/571)        
2022-01-11T15:45:48.2673012Z remote: Counting objects:  52% (297/571)        
2022-01-11T15:45:48.2673514Z remote: Counting objects:  53% (303/571)        
2022-01-11T15:45:48.2674006Z remote: Counting objects:  54% (309/571)        
2022-01-11T15:45:48.2674508Z remote: Counting objects:  55% (315/571)        
2022-01-11T15:45:48.2675015Z remote: Counting objects:  56% (320/571)        
2022-01-11T15:45:48.2675513Z remote: Counting objects:  57% (326/571)        
2022-01-11T15:45:48.2676142Z remote: Counting objects:  58% (332/571)        
2022-01-11T15:45:48.2676770Z remote: Counting objects:  59% (337/571)        
2022-01-11T15:45:48.2677276Z remote: Counting objects:  60% (343/571)        
2022-01-11T15:45:48.2677779Z remote: Counting objects:  61% (349/571)        
2022-01-11T15:45:48.2678280Z remote: Counting objects:  62% (355/571)        
2022-01-11T15:45:48.2678782Z remote: Counting objects:  63% (360/571)        
2022-01-11T15:45:48.2679276Z remote: Counting objects:  64% (366/571)        
2022-01-11T15:45:48.2679785Z remote: Counting objects:  65% (372/571)        
2022-01-11T15:45:48.2680294Z remote: Counting objects:  66% (377/571)        
2022-01-11T15:45:48.2680785Z remote: Counting objects:  67% (383/571)        
2022-01-11T15:45:48.2681291Z remote: Counting objects:  68% (389/571)        
2022-01-11T15:45:48.2681785Z remote: Counting objects:  69% (394/571)        
2022-01-11T15:45:48.2682292Z remote: Counting objects:  70% (400/571)        
2022-01-11T15:45:48.2682804Z remote: Counting objects:  71% (406/571)        
2022-01-11T15:45:48.2683301Z remote: Counting objects:  72% (412/571)        
2022-01-11T15:45:48.2683809Z remote: Counting objects:  73% (417/571)        
2022-01-11T15:45:48.2684303Z remote: Counting objects:  74% (423/571)        
2022-01-11T15:45:48.2684808Z remote: Counting objects:  75% (429/571)        
2022-01-11T15:45:48.2685305Z remote: Counting objects:  76% (434/571)        
2022-01-11T15:45:48.2685813Z remote: Counting objects:  77% (440/571)        
2022-01-11T15:45:48.2686317Z remote: Counting objects:  78% (446/571)        
2022-01-11T15:45:48.2686815Z remote: Counting objects:  79% (452/571)        
2022-01-11T15:45:48.2687322Z remote: Counting objects:  80% (457/571)        
2022-01-11T15:45:48.2687817Z remote: Counting objects:  81% (463/571)        
2022-01-11T15:45:48.2688326Z remote: Counting objects:  82% (469/571)        
2022-01-11T15:45:48.2688832Z remote: Counting objects:  83% (474/571)        
2022-01-11T15:45:48.2689426Z remote: Counting objects:  84% (480/571)        
2022-01-11T15:45:48.2689939Z remote: Counting objects:  85% (486/571)        
2022-01-11T15:45:48.2690439Z remote: Counting objects:  86% (492/571)        
2022-01-11T15:45:48.2690945Z remote: Counting objects:  87% (497/571)        
2022-01-11T15:45:48.2691435Z remote: Counting objects:  88% (503/571)        
2022-01-11T15:45:48.2691946Z remote: Counting objects:  89% (509/571)        
2022-01-11T15:45:48.2692455Z remote: Counting objects:  90% (514/571)        
2022-01-11T15:45:48.2692951Z remote: Counting objects:  91% (520/571)        
2022-01-11T15:45:48.2693457Z remote: Counting objects:  92% (526/571)        
2022-01-11T15:45:48.2693950Z remote: Counting objects:  93% (532/571)        
2022-01-11T15:45:48.2694459Z remote: Counting objects:  94% (537/571)        
2022-01-11T15:45:48.2694967Z remote: Counting objects:  95% (543/571)        
2022-01-11T15:45:48.2695461Z remote: Counting objects:  96% (549/571)        
2022-01-11T15:45:48.2695975Z remote: Counting objects:  97% (554/571)        
2022-01-11T15:45:48.2696471Z remote: Counting objects:  98% (560/571)        
2022-01-11T15:45:48.2696979Z remote: Counting objects:  99% (566/571)        
2022-01-11T15:45:48.2697492Z remote: Counting objects: 100% (571/571)        
2022-01-11T15:45:48.2698014Z remote: Counting objects: 100% (571/571), done.        
2022-01-11T15:45:48.2698578Z remote: Compressing objects:   0% (1/310)        
2022-01-11T15:45:48.2699127Z remote: Compressing objects:   1% (4/310)        
2022-01-11T15:45:48.2699691Z remote: Compressing objects:   2% (7/310)        
2022-01-11T15:45:48.2700408Z remote: Compressing objects:   3% (10/310)        
2022-01-11T15:45:48.2700957Z remote: Compressing objects:   4% (13/310)        
2022-01-11T15:45:48.2701517Z remote: Compressing objects:   5% (16/310)        
2022-01-11T15:45:48.2702069Z remote: Compressing objects:   6% (19/310)        
2022-01-11T15:45:48.2702663Z remote: Compressing objects:   7% (22/310)        
2022-01-11T15:45:48.2703408Z remote: Compressing objects:   8% (25/310)        
2022-01-11T15:45:48.2704057Z remote: Compressing objects:   9% (28/310)        
2022-01-11T15:45:48.2704623Z remote: Compressing objects:  10% (31/310)        
2022-01-11T15:45:48.2705169Z remote: Compressing objects:  11% (35/310)        
2022-01-11T15:45:48.2705726Z remote: Compressing objects:  12% (38/310)        
2022-01-11T15:45:48.2706282Z remote: Compressing objects:  13% (41/310)        
2022-01-11T15:45:48.2706992Z remote: Compressing objects:  14% (44/310)        
2022-01-11T15:45:48.2707556Z remote: Compressing objects:  15% (47/310)        
2022-01-11T15:45:48.2708101Z remote: Compressing objects:  16% (50/310)        
2022-01-11T15:45:48.2708653Z remote: Compressing objects:  17% (53/310)        
2022-01-11T15:45:48.2709200Z remote: Compressing objects:  18% (56/310)        
2022-01-11T15:45:48.2709757Z remote: Compressing objects:  19% (59/310)        
2022-01-11T15:45:48.2710319Z remote: Compressing objects:  20% (62/310)        
2022-01-11T15:45:48.2710863Z remote: Compressing objects:  21% (66/310)        
2022-01-11T15:45:48.2711425Z remote: Compressing objects:  22% (69/310)        
2022-01-11T15:45:48.2711970Z remote: Compressing objects:  23% (72/310)        
2022-01-11T15:45:48.2712526Z remote: Compressing objects:  24% (75/310)        
2022-01-11T15:45:48.2713080Z remote: Compressing objects:  25% (78/310)        
2022-01-11T15:45:48.2713622Z remote: Compressing objects:  26% (81/310)        
2022-01-11T15:45:48.2714181Z remote: Compressing objects:  27% (84/310)        
2022-01-11T15:45:48.2714728Z remote: Compressing objects:  28% (87/310)        
2022-01-11T15:45:48.2715281Z remote: Compressing objects:  29% (90/310)        
2022-01-11T15:45:48.2715822Z remote: Compressing objects:  30% (93/310)        
2022-01-11T15:45:48.2716380Z remote: Compressing objects:  31% (97/310)        
2022-01-11T15:45:48.2716940Z remote: Compressing objects:  32% (100/310)        
2022-01-11T15:45:48.2717583Z remote: Compressing objects:  33% (103/310)        
2022-01-11T15:45:48.2718142Z remote: Compressing objects:  34% (106/310)        
2022-01-11T15:45:48.2718694Z remote: Compressing objects:  35% (109/310)        
2022-01-11T15:45:48.2719259Z remote: Compressing objects:  36% (112/310)        
2022-01-11T15:45:48.2719822Z remote: Compressing objects:  37% (115/310)        
2022-01-11T15:45:48.2720369Z remote: Compressing objects:  38% (118/310)        
2022-01-11T15:45:48.2720926Z remote: Compressing objects:  39% (121/310)        
2022-01-11T15:45:48.2721473Z remote: Compressing objects:  40% (124/310)        
2022-01-11T15:45:48.2722025Z remote: Compressing objects:  41% (128/310)        
2022-01-11T15:45:48.2722587Z remote: Compressing objects:  42% (131/310)        
2022-01-11T15:45:48.2723130Z remote: Compressing objects:  43% (134/310)        
2022-01-11T15:45:48.2723686Z remote: Compressing objects:  44% (137/310)        
2022-01-11T15:45:48.2724231Z remote: Compressing objects:  45% (140/310)        
2022-01-11T15:45:48.2724793Z remote: Compressing objects:  46% (143/310)        
2022-01-11T15:45:48.2725343Z remote: Compressing objects:  47% (146/310)        
2022-01-11T15:45:48.2725899Z remote: Compressing objects:  48% (149/310)        
2022-01-11T15:45:48.2726452Z remote: Compressing objects:  49% (152/310)        
2022-01-11T15:45:48.2726998Z remote: Compressing objects:  50% (155/310)        
2022-01-11T15:45:48.2727554Z remote: Compressing objects:  51% (159/310)        
2022-01-11T15:45:48.2728099Z remote: Compressing objects:  52% (162/310)        
2022-01-11T15:45:48.2728656Z remote: Compressing objects:  53% (165/310)        
2022-01-11T15:45:48.2729213Z remote: Compressing objects:  54% (168/310)        
2022-01-11T15:45:48.2729755Z remote: Compressing objects:  55% (171/310)        
2022-01-11T15:45:48.2730313Z remote: Compressing objects:  56% (174/310)        
2022-01-11T15:45:48.2730860Z remote: Compressing objects:  57% (177/310)        
2022-01-11T15:45:48.2731416Z remote: Compressing objects:  58% (180/310)        
2022-01-11T15:45:48.2731978Z remote: Compressing objects:  59% (183/310)        
2022-01-11T15:45:48.2732599Z remote: Compressing objects:  60% (186/310)        
2022-01-11T15:45:48.2733168Z remote: Compressing objects:  61% (190/310)        
2022-01-11T15:45:48.2733713Z remote: Compressing objects:  62% (193/310)        
2022-01-11T15:45:48.2734265Z remote: Compressing objects:  63% (196/310)        
2022-01-11T15:45:48.2734807Z remote: Compressing objects:  64% (199/310)        
2022-01-11T15:45:48.2735361Z remote: Compressing objects:  65% (202/310)        
2022-01-11T15:45:48.2735915Z remote: Compressing objects:  66% (205/310)        
2022-01-11T15:45:48.2736458Z remote: Compressing objects:  67% (208/310)        
2022-01-11T15:45:48.2737014Z remote: Compressing objects:  68% (211/310)        
2022-01-11T15:45:48.2737559Z remote: Compressing objects:  69% (214/310)        
2022-01-11T15:45:48.2738118Z remote: Compressing objects:  70% (217/310)        
2022-01-11T15:45:48.2738677Z remote: Compressing objects:  71% (221/310)        
2022-01-11T15:45:48.2739224Z remote: Compressing objects:  72% (224/310)        
2022-01-11T15:45:48.2739782Z remote: Compressing objects:  73% (227/310)        
2022-01-11T15:45:48.2740324Z remote: Compressing objects:  74% (230/310)        
2022-01-11T15:45:48.2740880Z remote: Compressing objects:  75% (233/310)        
2022-01-11T15:45:48.2741425Z remote: Compressing objects:  76% (236/310)        
2022-01-11T15:45:48.2741980Z remote: Compressing objects:  77% (239/310)        
2022-01-11T15:45:48.2742537Z remote: Compressing objects:  78% (242/310)        
2022-01-11T15:45:48.2743083Z remote: Compressing objects:  79% (245/310)        
2022-01-11T15:45:48.2743639Z remote: Compressing objects:  80% (248/310)        
2022-01-11T15:45:48.2744182Z remote: Compressing objects:  81% (252/310)        
2022-01-11T15:45:48.2744904Z remote: Compressing objects:  82% (255/310)        
2022-01-11T15:45:48.2745450Z remote: Compressing objects:  83% (258/310)        
2022-01-11T15:45:48.2746134Z remote: Compressing objects:  84% (261/310)        
2022-01-11T15:45:48.2746815Z remote: Compressing objects:  85% (264/310)        
2022-01-11T15:45:48.2747364Z remote: Compressing objects:  86% (267/310)        
2022-01-11T15:45:48.2747918Z remote: Compressing objects:  87% (270/310)        
2022-01-11T15:45:48.2748478Z remote: Compressing objects:  88% (273/310)        
2022-01-11T15:45:48.2749018Z remote: Compressing objects:  89% (276/310)        
2022-01-11T15:45:48.2749572Z remote: Compressing objects:  90% (279/310)        
2022-01-11T15:45:48.2750113Z remote: Compressing objects:  91% (283/310)        
2022-01-11T15:45:48.2750665Z remote: Compressing objects:  92% (286/310)        
2022-01-11T15:45:48.2751222Z remote: Compressing objects:  93% (289/310)        
2022-01-11T15:45:48.2751764Z remote: Compressing objects:  94% (292/310)        
2022-01-11T15:45:48.2752319Z remote: Compressing objects:  95% (295/310)        
2022-01-11T15:45:48.2752868Z remote: Compressing objects:  96% (298/310)        
2022-01-11T15:45:48.2753424Z remote: Compressing objects:  97% (301/310)        
2022-01-11T15:45:48.2753972Z remote: Compressing objects:  98% (304/310)        
2022-01-11T15:45:48.2754527Z remote: Compressing objects:  99% (307/310)        
2022-01-11T15:45:48.2755085Z remote: Compressing objects: 100% (310/310)        
2022-01-11T15:45:48.2755658Z remote: Compressing objects: 100% (310/310), done.        
2022-01-11T15:45:48.2756613Z Receiving objects:   0% (1/917)
2022-01-11T15:45:48.2757171Z Receiving objects:   1% (10/917)
2022-01-11T15:45:48.2757640Z Receiving objects:   2% (19/917)
2022-01-11T15:45:48.2758098Z Receiving objects:   3% (28/917)
2022-01-11T15:45:48.2758550Z Receiving objects:   4% (37/917)
2022-01-11T15:45:48.2759007Z Receiving objects:   5% (46/917)
2022-01-11T15:45:48.2759454Z Receiving objects:   6% (56/917)
2022-01-11T15:45:48.2759907Z Receiving objects:   7% (65/917)
2022-01-11T15:45:48.2760354Z Receiving objects:   8% (74/917)
2022-01-11T15:45:48.2760819Z Receiving objects:   9% (83/917)
2022-01-11T15:45:48.2761276Z Receiving objects:  10% (92/917)
2022-01-11T15:45:48.2761845Z Receiving objects:  11% (101/917)
2022-01-11T15:45:48.2762315Z Receiving objects:  12% (111/917)
2022-01-11T15:45:48.2762765Z Receiving objects:  13% (120/917)
2022-01-11T15:45:48.2763223Z Receiving objects:  14% (129/917)
2022-01-11T15:45:48.2763672Z Receiving objects:  15% (138/917)
2022-01-11T15:45:48.2764133Z Receiving objects:  16% (147/917)
2022-01-11T15:45:48.2764588Z Receiving objects:  17% (156/917)
2022-01-11T15:45:48.2765033Z Receiving objects:  18% (166/917)
2022-01-11T15:45:48.2765491Z Receiving objects:  19% (175/917)
2022-01-11T15:45:48.2765969Z Receiving objects:  20% (184/917)
2022-01-11T15:45:48.2766429Z Receiving objects:  21% (193/917)
2022-01-11T15:45:48.2766873Z Receiving objects:  22% (202/917)
2022-01-11T15:45:48.2767328Z Receiving objects:  23% (211/917)
2022-01-11T15:45:48.2767787Z Receiving objects:  24% (221/917)
2022-01-11T15:45:48.2768236Z Receiving objects:  25% (230/917)
2022-01-11T15:45:48.2768693Z Receiving objects:  26% (239/917)
2022-01-11T15:45:48.2769138Z Receiving objects:  27% (248/917)
2022-01-11T15:45:48.2769625Z Receiving objects:  28% (257/917)
2022-01-11T15:45:48.2770071Z Receiving objects:  29% (266/917)
2022-01-11T15:45:48.2770528Z Receiving objects:  30% (276/917)
2022-01-11T15:45:48.2770985Z Receiving objects:  31% (285/917)
2022-01-11T15:45:48.2771429Z Receiving objects:  32% (294/917)
2022-01-11T15:45:48.2771884Z Receiving objects:  33% (303/917)
2022-01-11T15:45:48.2772331Z Receiving objects:  34% (312/917)
2022-01-11T15:45:48.2772787Z Receiving objects:  35% (321/917)
2022-01-11T15:45:48.2773232Z Receiving objects:  36% (331/917)
2022-01-11T15:45:48.2773686Z Receiving objects:  37% (340/917)
2022-01-11T15:45:48.2774139Z Receiving objects:  38% (349/917)
2022-01-11T15:45:48.2774582Z Receiving objects:  39% (358/917)
2022-01-11T15:45:48.2775040Z Receiving objects:  40% (367/917)
2022-01-11T15:45:48.2775480Z Receiving objects:  41% (376/917)
2022-01-11T15:45:48.2776020Z Receiving objects:  42% (386/917)
2022-01-11T15:45:48.2776468Z Receiving objects:  43% (395/917)
2022-01-11T15:45:48.2776928Z Receiving objects:  44% (404/917)
2022-01-11T15:45:48.2777383Z Receiving objects:  45% (413/917)
2022-01-11T15:45:48.2777829Z Receiving objects:  46% (422/917)
2022-01-11T15:45:48.2778285Z Receiving objects:  47% (431/917)
2022-01-11T15:45:48.2778725Z Receiving objects:  48% (441/917)
2022-01-11T15:45:48.2779178Z Receiving objects:  49% (450/917)
2022-01-11T15:45:48.2779620Z Receiving objects:  50% (459/917)
2022-01-11T15:45:48.2780076Z Receiving objects:  51% (468/917)
2022-01-11T15:45:48.2780535Z Receiving objects:  52% (477/917)
2022-01-11T15:45:48.2780980Z Receiving objects:  53% (487/917)
2022-01-11T15:45:48.2781437Z Receiving objects:  54% (496/917)
2022-01-11T15:45:48.2781878Z Receiving objects:  55% (505/917)
2022-01-11T15:45:48.2782336Z Receiving objects:  56% (514/917)
2022-01-11T15:45:48.2782795Z Receiving objects:  57% (523/917)
2022-01-11T15:45:48.2783242Z Receiving objects:  58% (532/917)
2022-01-11T15:45:48.2783701Z Receiving objects:  59% (542/917)
2022-01-11T15:45:48.2784151Z Receiving objects:  60% (551/917)
2022-01-11T15:45:48.2784608Z Receiving objects:  61% (560/917)
2022-01-11T15:45:48.2785053Z Receiving objects:  62% (569/917)
2022-01-11T15:45:48.2785513Z Receiving objects:  63% (578/917)
2022-01-11T15:45:48.2785971Z Receiving objects:  64% (587/917)
2022-01-11T15:45:48.2786413Z Receiving objects:  65% (597/917)
2022-01-11T15:45:48.2787059Z Receiving objects:  66% (606/917)
2022-01-11T15:45:48.2787508Z Receiving objects:  67% (615/917)
2022-01-11T15:45:48.2787966Z Receiving objects:  68% (624/917)
2022-01-11T15:45:48.2788411Z Receiving objects:  69% (633/917)
2022-01-11T15:45:48.2788866Z Receiving objects:  70% (642/917)
2022-01-11T15:45:48.2789323Z Receiving objects:  71% (652/917)
2022-01-11T15:45:48.2789763Z Receiving objects:  72% (661/917)
2022-01-11T15:45:48.2790218Z Receiving objects:  73% (670/917)
2022-01-11T15:45:48.2790665Z Receiving objects:  74% (679/917)
2022-01-11T15:45:48.2791124Z Receiving objects:  75% (688/917)
2022-01-11T15:45:48.2791652Z Receiving objects:  76% (697/917)
2022-01-11T15:45:48.2792118Z Receiving objects:  77% (707/917)
2022-01-11T15:45:48.2792580Z Receiving objects:  78% (716/917)
2022-01-11T15:45:48.2793025Z Receiving objects:  79% (725/917)
2022-01-11T15:45:48.2793480Z Receiving objects:  80% (734/917)
2022-01-11T15:45:48.2793923Z Receiving objects:  81% (743/917)
2022-01-11T15:45:48.2794380Z Receiving objects:  82% (752/917)
2022-01-11T15:45:48.2794822Z Receiving objects:  83% (762/917)
2022-01-11T15:45:48.2795277Z Receiving objects:  84% (771/917)
2022-01-11T15:45:48.2795737Z Receiving objects:  85% (780/917)
2022-01-11T15:45:48.2796180Z Receiving objects:  86% (789/917)
2022-01-11T15:45:48.2796637Z Receiving objects:  87% (798/917)
2022-01-11T15:45:48.2797080Z Receiving objects:  88% (807/917)
2022-01-11T15:45:48.2797536Z Receiving objects:  89% (817/917)
2022-01-11T15:45:48.2797984Z Receiving objects:  90% (826/917)
2022-01-11T15:45:48.2799145Z remote: Total 917 (delta 315), reused 341 (delta 211), pack-reused 346        
2022-01-11T15:45:48.2799738Z Receiving objects:  91% (835/917)
2022-01-11T15:45:48.2800192Z Receiving objects:  92% (844/917)
2022-01-11T15:45:48.2800650Z Receiving objects:  93% (853/917)
2022-01-11T15:45:48.2801095Z Receiving objects:  94% (862/917)
2022-01-11T15:45:48.2801554Z Receiving objects:  95% (872/917)
2022-01-11T15:45:48.2802015Z Receiving objects:  96% (881/917)
2022-01-11T15:45:48.2802459Z Receiving objects:  97% (890/917)
2022-01-11T15:45:48.2802916Z Receiving objects:  98% (899/917)
2022-01-11T15:45:48.2803364Z Receiving objects:  99% (908/917)
2022-01-11T15:45:48.2803819Z Receiving objects: 100% (917/917)
2022-01-11T15:45:48.2804325Z Receiving objects: 100% (917/917), 238.74 KiB | 4.68 MiB/s, done.
2022-01-11T15:45:48.2804838Z Resolving deltas:   0% (0/495)
2022-01-11T15:45:48.2805280Z Resolving deltas:   1% (5/495)
2022-01-11T15:45:48.2805827Z Resolving deltas:   2% (10/495)
2022-01-11T15:45:48.2806273Z Resolving deltas:   3% (15/495)
2022-01-11T15:45:48.2806709Z Resolving deltas:   4% (20/495)
2022-01-11T15:45:48.2807156Z Resolving deltas:   5% (25/495)
2022-01-11T15:45:48.2807586Z Resolving deltas:   6% (30/495)
2022-01-11T15:45:48.2808033Z Resolving deltas:   7% (35/495)
2022-01-11T15:45:48.2808477Z Resolving deltas:   8% (40/495)
2022-01-11T15:45:48.2808909Z Resolving deltas:   9% (45/495)
2022-01-11T15:45:48.2809354Z Resolving deltas:  10% (50/495)
2022-01-11T15:45:48.2809781Z Resolving deltas:  11% (55/495)
2022-01-11T15:45:48.2810222Z Resolving deltas:  12% (60/495)
2022-01-11T15:45:48.2810651Z Resolving deltas:  13% (65/495)
2022-01-11T15:45:48.2811092Z Resolving deltas:  14% (70/495)
2022-01-11T15:45:48.2811533Z Resolving deltas:  15% (75/495)
2022-01-11T15:45:48.2811961Z Resolving deltas:  16% (80/495)
2022-01-11T15:45:48.2812400Z Resolving deltas:  17% (85/495)
2022-01-11T15:45:48.2812829Z Resolving deltas:  18% (90/495)
2022-01-11T15:45:48.2813271Z Resolving deltas:  19% (95/495)
2022-01-11T15:45:48.2813698Z Resolving deltas:  20% (99/495)
2022-01-11T15:45:48.2814152Z Resolving deltas:  21% (104/495)
2022-01-11T15:45:48.2814600Z Resolving deltas:  22% (109/495)
2022-01-11T15:45:48.2815038Z Resolving deltas:  23% (114/495)
2022-01-11T15:45:48.2815480Z Resolving deltas:  24% (119/495)
2022-01-11T15:45:48.2815911Z Resolving deltas:  25% (124/495)
2022-01-11T15:45:48.2816356Z Resolving deltas:  26% (129/495)
2022-01-11T15:45:48.2816788Z Resolving deltas:  27% (134/495)
2022-01-11T15:45:48.2817237Z Resolving deltas:  28% (139/495)
2022-01-11T15:45:48.2817682Z Resolving deltas:  29% (144/495)
2022-01-11T15:45:48.2818115Z Resolving deltas:  30% (149/495)
2022-01-11T15:45:48.2818560Z Resolving deltas:  31% (154/495)
2022-01-11T15:45:48.2818994Z Resolving deltas:  32% (159/495)
2022-01-11T15:45:48.2819437Z Resolving deltas:  33% (165/495)
2022-01-11T15:45:48.2819869Z Resolving deltas:  34% (169/495)
2022-01-11T15:45:48.2820318Z Resolving deltas:  35% (174/495)
2022-01-11T15:45:48.2820768Z Resolving deltas:  36% (179/495)
2022-01-11T15:45:48.2821199Z Resolving deltas:  37% (184/495)
2022-01-11T15:45:48.2821708Z Resolving deltas:  38% (189/495)
2022-01-11T15:45:48.2822148Z Resolving deltas:  39% (194/495)
2022-01-11T15:45:48.2822589Z Resolving deltas:  40% (198/495)
2022-01-11T15:45:48.2823020Z Resolving deltas:  41% (203/495)
2022-01-11T15:45:48.2823465Z Resolving deltas:  42% (208/495)
2022-01-11T15:45:48.2823906Z Resolving deltas:  43% (213/495)
2022-01-11T15:45:48.2824335Z Resolving deltas:  44% (218/495)
2022-01-11T15:45:48.2824773Z Resolving deltas:  45% (223/495)
2022-01-11T15:45:48.2825204Z Resolving deltas:  46% (228/495)
2022-01-11T15:45:48.2825644Z Resolving deltas:  47% (233/495)
2022-01-11T15:45:48.2826074Z Resolving deltas:  48% (238/495)
2022-01-11T15:45:48.2826521Z Resolving deltas:  49% (243/495)
2022-01-11T15:45:48.2827095Z Resolving deltas:  50% (248/495)
2022-01-11T15:45:48.2827524Z Resolving deltas:  51% (253/495)
2022-01-11T15:45:48.2827976Z Resolving deltas:  52% (258/495)
2022-01-11T15:45:48.2828409Z Resolving deltas:  53% (263/495)
2022-01-11T15:45:48.2828862Z Resolving deltas:  54% (268/495)
2022-01-11T15:45:48.2829313Z Resolving deltas:  55% (273/495)
2022-01-11T15:45:48.2829746Z Resolving deltas:  56% (278/495)
2022-01-11T15:45:48.2830188Z Resolving deltas:  57% (283/495)
2022-01-11T15:45:48.2830628Z Resolving deltas:  58% (288/495)
2022-01-11T15:45:48.2831068Z Resolving deltas:  59% (293/495)
2022-01-11T15:45:48.2831503Z Resolving deltas:  60% (297/495)
2022-01-11T15:45:48.2831944Z Resolving deltas:  61% (302/495)
2022-01-11T15:45:48.2832387Z Resolving deltas:  62% (307/495)
2022-01-11T15:45:48.2832822Z Resolving deltas:  63% (312/495)
2022-01-11T15:45:48.2833261Z Resolving deltas:  64% (317/495)
2022-01-11T15:45:48.2833693Z Resolving deltas:  65% (322/495)
2022-01-11T15:45:48.2834137Z Resolving deltas:  66% (327/495)
2022-01-11T15:45:48.2834567Z Resolving deltas:  67% (332/495)
2022-01-11T15:45:48.2835010Z Resolving deltas:  68% (337/495)
2022-01-11T15:45:48.2835559Z Resolving deltas:  69% (342/495)
2022-01-11T15:45:48.2835991Z Resolving deltas:  70% (347/495)
2022-01-11T15:45:48.2836437Z Resolving deltas:  71% (352/495)
2022-01-11T15:45:48.2836870Z Resolving deltas:  72% (357/495)
2022-01-11T15:45:48.2837316Z Resolving deltas:  73% (362/495)
2022-01-11T15:45:48.2837755Z Resolving deltas:  74% (367/495)
2022-01-11T15:45:48.2838194Z Resolving deltas:  75% (372/495)
2022-01-11T15:45:48.2838635Z Resolving deltas:  76% (377/495)
2022-01-11T15:45:48.2839064Z Resolving deltas:  77% (382/495)
2022-01-11T15:45:48.2839509Z Resolving deltas:  78% (387/495)
2022-01-11T15:45:48.2839940Z Resolving deltas:  79% (392/495)
2022-01-11T15:45:48.2840384Z Resolving deltas:  80% (396/495)
2022-01-11T15:45:48.2840817Z Resolving deltas:  81% (401/495)
2022-01-11T15:45:48.2841263Z Resolving deltas:  82% (406/495)
2022-01-11T15:45:48.2841710Z Resolving deltas:  83% (411/495)
2022-01-11T15:45:48.2842142Z Resolving deltas:  84% (416/495)
2022-01-11T15:45:48.2842593Z Resolving deltas:  85% (421/495)
2022-01-11T15:45:48.2843025Z Resolving deltas:  86% (426/495)
2022-01-11T15:45:48.2843476Z Resolving deltas:  87% (431/495)
2022-01-11T15:45:48.2843908Z Resolving deltas:  88% (436/495)
2022-01-11T15:45:48.2844361Z Resolving deltas:  89% (441/495)
2022-01-11T15:45:48.2844807Z Resolving deltas:  90% (446/495)
2022-01-11T15:45:48.2845239Z Resolving deltas:  91% (451/495)
2022-01-11T15:45:48.2845684Z Resolving deltas:  92% (456/495)
2022-01-11T15:45:48.2846118Z Resolving deltas:  93% (461/495)
2022-01-11T15:45:48.2846560Z Resolving deltas:  94% (466/495)
2022-01-11T15:45:48.2846992Z Resolving deltas:  95% (471/495)
2022-01-11T15:45:48.2847435Z Resolving deltas:  96% (476/495)
2022-01-11T15:45:48.2847878Z Resolving deltas:  97% (481/495)
2022-01-11T15:45:48.2848319Z Resolving deltas:  98% (486/495)
2022-01-11T15:45:48.2848765Z Resolving deltas:  99% (491/495)
2022-01-11T15:45:48.2849196Z Resolving deltas: 100% (495/495)
2022-01-11T15:45:48.2849658Z Resolving deltas: 100% (495/495), done.
2022-01-11T15:45:48.2850216Z From https://github.com/con/tinuous
2022-01-11T15:45:48.2851209Z  * [new branch]      gh-131          -> origin/gh-131
2022-01-11T15:45:48.2851901Z  * [new branch]      gh-55           -> origin/gh-55
2022-01-11T15:45:48.2852562Z  * [new branch]      master          -> origin/master
2022-01-11T15:45:48.2853376Z  * [new branch]      no-extra-search -> origin/no-extra-search
2022-01-11T15:45:48.2854157Z  * [new branch]      py3.10          -> origin/py3.10
2022-01-11T15:45:48.2854925Z  * [new branch]      test-appveyor   -> origin/test-appveyor
2022-01-11T15:45:48.2855631Z  * [new tag]         0.1.0           -> 0.1.0
2022-01-11T15:45:48.2856162Z  * [new tag]         0.2.0           -> 0.2.0
2022-01-11T15:45:48.2856696Z  * [new tag]         0.3.0           -> 0.3.0
2022-01-11T15:45:48.2857210Z  * [new tag]         0.4.0           -> 0.4.0
2022-01-11T15:45:48.2857739Z  * [new tag]         0.5.0           -> 0.5.0
2022-01-11T15:45:48.2858400Z [command]/usr/bin/git branch --list --remote origin/master
2022-01-11T15:45:48.2858981Z   origin/master
2022-01-11T15:45:48.2859785Z [command]/usr/bin/git rev-parse refs/remotes/origin/master
2022-01-11T15:45:48.2860675Z cf33cec09c150d8041a266097e6cbe7cc2eecd66
2022-01-11T15:45:48.2861965Z ##[endgroup]
2022-01-11T15:45:48.2863011Z ##[group]Determining the checkout info
2022-01-11T15:45:48.2864089Z ##[endgroup]
2022-01-11T15:45:48.2865099Z ##[group]Checking out the ref
2022-01-11T15:45:48.2866070Z [command]/usr/bin/git checkout --progress --force -B master refs/remotes/origin/master
2022-01-11T15:45:48.2867020Z Reset branch 'master'
2022-01-11T15:45:48.2867879Z Branch 'master' set up to track remote branch 'master' from 'origin'.
2022-01-11T15:45:48.2869011Z ##[endgroup]
2022-01-11T15:45:48.2869716Z [command]/usr/bin/git log -1 --format='%H'
2022-01-11T15:45:48.2870609Z 'cf33cec09c150d8041a266097e6cbe7cc2eecd66'
2022-01-11T15:45:48.2966670Z ##[group]Run actions/setup-python@v2
2022-01-11T15:45:48.2967202Z with:
2022-01-11T15:45:48.2967800Z   python-version: 3.8
2022-01-11T15:45:48.2968752Z   token: ***
2022-01-11T15:45:48.2969185Z ##[endgroup]
2022-01-11T15:45:48.4399439Z Successfully setup CPython (3.8.12)
2022-01-11T15:45:48.4498638Z ##[group]Run python -m pip install --upgrade pip wheel
2022-01-11T15:45:48.4499549Z [36;1mpython -m pip install --upgrade pip wheel[0m
2022-01-11T15:45:48.4500295Z [36;1mpython -m pip install --upgrade --upgrade-strategy=eager tox[0m
2022-01-11T15:45:48.4543173Z shell: /usr/bin/bash -e {0}
2022-01-11T15:45:48.4543597Z env:
2022-01-11T15:45:48.4544269Z   pythonLocation: /opt/hostedtoolcache/Python/3.8.12/x64
2022-01-11T15:45:48.4545083Z   LD_LIBRARY_PATH: /opt/hostedtoolcache/Python/3.8.12/x64/lib
2022-01-11T15:45:48.4545648Z ##[endgroup]
2022-01-11T15:45:49.3230711Z Requirement already satisfied: pip in /opt/hostedtoolcache/Python/3.8.12/x64/lib/python3.8/site-packages (21.3.1)
2022-01-11T15:45:49.6310744Z Collecting wheel
2022-01-11T15:45:49.6922181Z   Downloading wheel-0.37.1-py2.py3-none-any.whl (35 kB)
2022-01-11T15:45:49.7492804Z Installing collected packages: wheel
2022-01-11T15:45:49.7841767Z Successfully installed wheel-0.37.1
2022-01-11T15:45:50.6677780Z Collecting tox
2022-01-11T15:45:50.7280553Z   Downloading tox-3.24.5-py2.py3-none-any.whl (85 kB)
2022-01-11T15:45:50.8379124Z Collecting packaging>=14
2022-01-11T15:45:50.8537390Z   Downloading packaging-21.3-py3-none-any.whl (40 kB)
2022-01-11T15:45:50.8908175Z Collecting pluggy>=0.12.0
2022-01-11T15:45:50.9070116Z   Downloading pluggy-1.0.0-py2.py3-none-any.whl (13 kB)
2022-01-11T15:45:50.9555997Z Collecting py>=1.4.17
2022-01-11T15:45:50.9708787Z   Downloading py-1.11.0-py2.py3-none-any.whl (98 kB)
2022-01-11T15:45:51.0112344Z Collecting filelock>=3.0.0
2022-01-11T15:45:51.0262368Z   Downloading filelock-3.4.2-py3-none-any.whl (9.9 kB)
2022-01-11T15:45:51.0600990Z Collecting six>=1.14.0
2022-01-11T15:45:51.0753978Z   Downloading six-1.16.0-py2.py3-none-any.whl (11 kB)
2022-01-11T15:45:51.1011281Z Collecting toml>=0.9.4
2022-01-11T15:45:51.1161748Z   Downloading toml-0.10.2-py2.py3-none-any.whl (16 kB)
2022-01-11T15:45:51.3197523Z Collecting virtualenv!=20.0.0,!=20.0.1,!=20.0.2,!=20.0.3,!=20.0.4,!=20.0.5,!=20.0.6,!=20.0.7,>=16.0.0
2022-01-11T15:45:51.3359937Z   Downloading virtualenv-20.13.0-py2.py3-none-any.whl (6.5 MB)
2022-01-11T15:45:51.5489091Z Collecting pyparsing!=3.0.5,>=2.0.2
2022-01-11T15:45:51.5643895Z   Downloading pyparsing-3.0.6-py3-none-any.whl (97 kB)
2022-01-11T15:45:51.6328860Z Collecting distlib<1,>=0.3.1
2022-01-11T15:45:51.6486110Z   Downloading distlib-0.3.4-py2.py3-none-any.whl (461 kB)
2022-01-11T15:45:51.6913458Z Collecting platformdirs<3,>=2
2022-01-11T15:45:51.7065839Z   Downloading platformdirs-2.4.1-py3-none-any.whl (14 kB)
2022-01-11T15:45:51.8336701Z Installing collected packages: six, pyparsing, platformdirs, filelock, distlib, virtualenv, toml, py, pluggy, packaging, tox
2022-01-11T15:45:52.3563686Z Successfully installed distlib-0.3.4 filelock-3.4.2 packaging-21.3 platformdirs-2.4.1 pluggy-1.0.0 py-1.11.0 pyparsing-3.0.6 six-1.16.0 toml-0.10.2 tox-3.24.5 virtualenv-20.13.0
2022-01-11T15:45:52.5547425Z ##[group]Run tox -e typing
2022-01-11T15:45:52.5547966Z [36;1mtox -e typing[0m
2022-01-11T15:45:52.5589700Z shell: /usr/bin/bash -e {0}
2022-01-11T15:45:52.5590893Z env:
2022-01-11T15:45:52.5591441Z   pythonLocation: /opt/hostedtoolcache/Python/3.8.12/x64
2022-01-11T15:45:52.5592431Z   LD_LIBRARY_PATH: /opt/hostedtoolcache/Python/3.8.12/x64/lib
2022-01-11T15:45:52.5592985Z ##[endgroup]
2022-01-11T15:45:52.8208610Z .package create: /home/runner/work/tinuous/tinuous/.tox/.package
2022-01-11T15:45:53.3811364Z .package installdeps: setuptools >= 46.4.0, wheel ~= 0.32
2022-01-11T15:45:57.1457459Z typing create: /home/runner/work/tinuous/tinuous/.tox/typing
2022-01-11T15:45:57.3951210Z typing installdeps: mypy~=0.900, types-python-dateutil, types-PyYAML, types-requests, pytest~=6.0, pytest-cov~=2.0, pytest-mock~=3.0
2022-01-11T15:46:02.9613546Z typing inst: /home/runner/work/tinuous/tinuous/.tox/.tmp/package/1/tinuous-0.5.0+13.gcf33cec.tar.gz
2022-01-11T15:46:11.6003158Z typing installed: attrs==21.4.0,certifi==2021.10.8,cffi==1.15.0,charset-normalizer==2.0.10,click==8.0.3,click-loglevel==0.4.0.post1,coverage==6.2,Deprecated==1.2.13,idna==3.3,in-place==0.5.0,iniconfig==1.1.1,mypy==0.931,mypy-extensions==0.4.3,packaging==21.3,pluggy==1.0.0,py==1.11.0,pycparser==2.21,pydantic==1.9.0,PyGithub==1.55,PyJWT==2.3.0,PyNaCl==1.5.0,pyparsing==3.0.6,pytest==6.2.5,pytest-cov==2.12.1,pytest-mock==3.6.1,python-dateutil==2.8.2,python-dotenv==0.19.2,PyYAML==5.4.1,requests==2.27.1,six==1.16.0,tinuous @ file:///home/runner/work/tinuous/tinuous/.tox/.tmp/package/1/tinuous-0.5.0%2B13.gcf33cec.tar.gz,toml==0.10.2,tomli==2.0.0,types-python-dateutil==2.8.6,types-PyYAML==6.0.3,types-requests==2.27.5,types-urllib3==1.26.4,typing_extensions==4.0.1,urllib3==1.26.8,wrapt==1.13.3
2022-01-11T15:46:11.6049599Z typing run-test-pre: PYTHONHASHSEED='2213140268'
2022-01-11T15:46:11.6051371Z typing run-test: commands[0] | mypy src test
2022-01-11T15:46:19.0153170Z test/test_state.py:60: error: Statement is unreachable  [unreachable]
2022-01-11T15:46:19.0166832Z         assert statefile.modified
2022-01-11T15:46:19.0179518Z         ^
2022-01-11T15:46:19.0188136Z test/test_state.py:88: error: Statement is unreachable  [unreachable]
2022-01-11T15:46:19.0189225Z         with open(STATE_FILE) as fp:
2022-01-11T15:46:19.0190030Z         ^
2022-01-11T15:46:19.0190933Z test/test_state.py:127: error: Statement is unreachable  [unreachable]
2022-01-11T15:46:19.0191982Z         with f.open() as fp:
2022-01-11T15:46:19.0192796Z         ^
2022-01-11T15:46:19.0193607Z test/test_state.py:164: error: Statement is unreachable  [unreachable]
2022-01-11T15:46:19.0194487Z         with f.open() as fp:
2022-01-11T15:46:19.0195148Z         ^
2022-01-11T15:46:19.1250087Z Found 4 errors in 1 file (checked 13 source files)
2022-01-11T15:46:19.1345566Z ERROR: InvocationError for command /home/runner/work/tinuous/tinuous/.tox/typing/bin/mypy src test (exited with code 1)
2022-01-11T15:46:19.1346470Z ___________________________________ summary ____________________________________
2022-01-11T15:46:19.1347147Z ERROR:   typing: commands failed
2022-01-11T15:46:19.1586981Z ##[error]Process completed with exit code 1.
2022-01-11T15:46:19.1688186Z Post job cleanup.
2022-01-11T15:46:19.2906940Z [command]/usr/bin/git version
2022-01-11T15:46:19.2954386Z git version 2.34.1
2022-01-11T15:46:19.3004302Z [command]/usr/bin/git config --local --name-only --get-regexp core\.sshCommand
2022-01-11T15:46:19.3029753Z [command]/usr/bin/git submodule foreach --recursive git config --local --name-only --get-regexp 'core\.sshCommand' && git config --local --unset-all 'core.sshCommand' || :
2022-01-11T15:46:19.3269425Z [command]/usr/bin/git config --local --name-only --get-regexp http\.https\:\/\/github\.com\/\.extraheader
2022-01-11T15:46:19.3294434Z http.https://github.com/.extraheader
2022-01-11T15:46:19.3304658Z [command]/usr/bin/git config --local --unset-all http.https://github.com/.extraheader
2022-01-11T15:46:19.3343803Z [command]/usr/bin/git submodule foreach --recursive git config --local --name-only --get-regexp 'http\.https\:\/\/github\.com\/\.extraheader' && git config --local --unset-all 'http.https://github.com/.extraheader' || :
2022-01-11T15:46:19.3636309Z Cleaning up orphan processes
