2023-11-09T16:11:00.1974980Z Requested labels: ubuntu-latest
2023-11-09T16:11:00.1975224Z Job defined at: con/tinuous/.github/workflows/test.yml@refs/heads/master
2023-11-09T16:11:00.1975301Z Waiting for a runner to pick up this job...
2023-11-09T16:11:00.6656112Z Job is waiting for a hosted runner to come online.
2023-11-09T16:11:03.4379574Z Job is about to start running on the hosted runner: GitHub Actions 14 (hosted)
2023-11-09T16:11:05.9715316Z Current runner version: '2.311.0'
2023-11-09T16:11:05.9742030Z ##[group]Operating System
2023-11-09T16:11:05.9742674Z Ubuntu
2023-11-09T16:11:05.9743119Z 22.04.3
2023-11-09T16:11:05.9743426Z LTS
2023-11-09T16:11:05.9743749Z ##[endgroup]
2023-11-09T16:11:05.9744212Z ##[group]Runner Image
2023-11-09T16:11:05.9744602Z Image: ubuntu-22.04
2023-11-09T16:11:05.9744985Z Version: 20231030.2.0
2023-11-09T16:11:05.9746039Z Included Software: https://github.com/actions/runner-images/blob/ubuntu22/20231030.2/images/linux/Ubuntu2204-Readme.md
2023-11-09T16:11:05.9747634Z Image Release: https://github.com/actions/runner-images/releases/tag/ubuntu22%2F20231030.2
2023-11-09T16:11:05.9748522Z ##[endgroup]
2023-11-09T16:11:05.9749005Z ##[group]Runner Image Provisioner
2023-11-09T16:11:05.9749447Z 2.0.312.1
2023-11-09T16:11:05.9749779Z ##[endgroup]
2023-11-09T16:11:05.9751970Z ##[group]GITHUB_TOKEN Permissions
2023-11-09T16:11:05.9753567Z Actions: write
2023-11-09T16:11:05.9754113Z Checks: write
2023-11-09T16:11:05.9754637Z Contents: write
2023-11-09T16:11:05.9755191Z Deployments: write
2023-11-09T16:11:05.9755567Z Discussions: write
2023-11-09T16:11:05.9755988Z Issues: write
2023-11-09T16:11:05.9756413Z Metadata: read
2023-11-09T16:11:05.9756747Z Packages: write
2023-11-09T16:11:05.9757136Z Pages: write
2023-11-09T16:11:05.9757574Z PullRequests: write
2023-11-09T16:11:05.9757962Z RepositoryProjects: write
2023-11-09T16:11:05.9758427Z SecurityEvents: write
2023-11-09T16:11:05.9758893Z Statuses: write
2023-11-09T16:11:05.9759230Z ##[endgroup]
2023-11-09T16:11:05.9762275Z Secret source: Actions
2023-11-09T16:11:05.9762989Z Prepare workflow directory
2023-11-09T16:11:06.0382359Z Prepare all required actions
2023-11-09T16:11:06.0538196Z Getting action download info
2023-11-09T16:11:06.3222088Z Download action repository 'actions/checkout@v4' (SHA:b4ffde65f46336ab88eb53be808477a3936bae11)
2023-11-09T16:11:06.4577946Z Download action repository 'actions/setup-python@v4' (SHA:65d7f2d534ac1bc67fcd62888c5f4f3d2cb2b236)
2023-11-09T16:11:06.5265619Z Download action repository 'codecov/codecov-action@v3' (SHA:eaaf4bedf32dbdc6b720b63067d99c4d77d6047d)
2023-11-09T16:11:07.4766346Z Complete job name: test (3.8, lint)
2023-11-09T16:11:07.5671092Z ##[group]Run actions/checkout@v4
2023-11-09T16:11:07.5671722Z with:
2023-11-09T16:11:07.5672009Z   fetch-depth: 0
2023-11-09T16:11:07.5672358Z   repository: con/tinuous
2023-11-09T16:11:07.5672990Z   token: ***
2023-11-09T16:11:07.5673289Z   ssh-strict: true
2023-11-09T16:11:07.5673647Z   persist-credentials: true
2023-11-09T16:11:07.5674136Z   clean: true
2023-11-09T16:11:07.5674446Z   sparse-checkout-cone-mode: true
2023-11-09T16:11:07.5674843Z   fetch-tags: false
2023-11-09T16:11:07.5675270Z   show-progress: true
2023-11-09T16:11:07.5675573Z   lfs: false
2023-11-09T16:11:07.5675887Z   submodules: false
2023-11-09T16:11:07.5676303Z   set-safe-directory: true
2023-11-09T16:11:07.5676640Z ##[endgroup]
2023-11-09T16:11:07.7658475Z Syncing repository: con/tinuous
2023-11-09T16:11:07.7660422Z ##[group]Getting Git version info
2023-11-09T16:11:07.7661224Z Working directory is '/home/runner/work/tinuous/tinuous'
2023-11-09T16:11:07.7662036Z [command]/usr/bin/git version
2023-11-09T16:11:07.7662628Z git version 2.42.0
2023-11-09T16:11:07.7681675Z ##[endgroup]
2023-11-09T16:11:07.7699058Z Temporarily overriding HOME='/home/runner/work/_temp/2f674fb4-ab72-4963-a2af-c8ff192abf6c' before making global git config changes
2023-11-09T16:11:07.7700147Z Adding repository directory to the temporary git global config as a safe directory
2023-11-09T16:11:07.7703835Z [command]/usr/bin/git config --global --add safe.directory /home/runner/work/tinuous/tinuous
2023-11-09T16:11:07.7741637Z Deleting the contents of '/home/runner/work/tinuous/tinuous'
2023-11-09T16:11:07.7747823Z ##[group]Initializing the repository
2023-11-09T16:11:07.7751359Z [command]/usr/bin/git init /home/runner/work/tinuous/tinuous
2023-11-09T16:11:07.7821983Z hint: Using 'master' as the name for the initial branch. This default branch name
2023-11-09T16:11:07.7823362Z hint: is subject to change. To configure the initial branch name to use in all
2023-11-09T16:11:07.7824156Z hint: of your new repositories, which will suppress this warning, call:
2023-11-09T16:11:07.7824739Z hint: 
2023-11-09T16:11:07.7825272Z hint: 	git config --global init.defaultBranch <name>
2023-11-09T16:11:07.7825757Z hint: 
2023-11-09T16:11:07.7826297Z hint: Names commonly chosen instead of 'master' are 'main', 'trunk' and
2023-11-09T16:11:07.7827625Z hint: 'development'. The just-created branch can be renamed via this command:
2023-11-09T16:11:07.7828335Z hint: 
2023-11-09T16:11:07.7828771Z hint: 	git branch -m <name>
2023-11-09T16:11:07.7832464Z Initialized empty Git repository in /home/runner/work/tinuous/tinuous/.git/
2023-11-09T16:11:07.7841278Z [command]/usr/bin/git remote add origin https://github.com/con/tinuous
2023-11-09T16:11:07.7874188Z ##[endgroup]
2023-11-09T16:11:07.7874954Z ##[group]Disabling automatic garbage collection
2023-11-09T16:11:07.7876962Z [command]/usr/bin/git config --local gc.auto 0
2023-11-09T16:11:07.7905330Z ##[endgroup]
2023-11-09T16:11:07.7906375Z ##[group]Setting up auth
2023-11-09T16:11:07.7911636Z [command]/usr/bin/git config --local --name-only --get-regexp core\.sshCommand
2023-11-09T16:11:07.7940841Z [command]/usr/bin/git submodule foreach --recursive sh -c "git config --local --name-only --get-regexp 'core\.sshCommand' && git config --local --unset-all 'core.sshCommand' || :"
2023-11-09T16:11:07.8301779Z [command]/usr/bin/git config --local --name-only --get-regexp http\.https\:\/\/github\.com\/\.extraheader
2023-11-09T16:11:07.8328471Z [command]/usr/bin/git submodule foreach --recursive sh -c "git config --local --name-only --get-regexp 'http\.https\:\/\/github\.com\/\.extraheader' && git config --local --unset-all 'http.https://github.com/.extraheader' || :"
2023-11-09T16:11:07.8561169Z [command]/usr/bin/git config --local http.https://github.com/.extraheader AUTHORIZATION: basic ***
2023-11-09T16:11:07.8594124Z ##[endgroup]
2023-11-09T16:11:07.8595079Z ##[group]Fetching the repository
2023-11-09T16:11:07.8605048Z [command]/usr/bin/git -c protocol.version=2 fetch --prune --no-recurse-submodules origin +refs/heads/*:refs/remotes/origin/* +refs/tags/*:refs/tags/*
2023-11-09T16:11:08.7286037Z From https://github.com/con/tinuous
2023-11-09T16:11:08.7287752Z  * [new branch]      gh-55           -> origin/gh-55
2023-11-09T16:11:08.7288891Z  * [new branch]      ghtoken         -> origin/ghtoken
2023-11-09T16:11:08.7289959Z  * [new branch]      headers         -> origin/headers
2023-11-09T16:11:08.7291201Z  * [new branch]      master          -> origin/master
2023-11-09T16:11:08.7292270Z  * [new branch]      mypy-import     -> origin/mypy-import
2023-11-09T16:11:08.7293629Z  * [new branch]      no-extra-search -> origin/no-extra-search
2023-11-09T16:11:08.7295928Z  * [new branch]      pragmata        -> origin/pragmata
2023-11-09T16:11:08.7297771Z  * [new branch]      py312           -> origin/py312
2023-11-09T16:11:08.7299983Z  * [new branch]      pypy            -> origin/pypy
2023-11-09T16:11:08.7302172Z  * [new branch]      test-appveyor   -> origin/test-appveyor
2023-11-09T16:11:08.7304754Z  * [new branch]      unused          -> origin/unused
2023-11-09T16:11:08.7306431Z  * [new branch]      updates         -> origin/updates
2023-11-09T16:11:08.7308223Z  * [new tag]         0.1.0           -> 0.1.0
2023-11-09T16:11:08.7309748Z  * [new tag]         0.2.0           -> 0.2.0
2023-11-09T16:11:08.7311513Z  * [new tag]         0.3.0           -> 0.3.0
2023-11-09T16:11:08.7312535Z  * [new tag]         0.4.0           -> 0.4.0
2023-11-09T16:11:08.7313847Z  * [new tag]         0.5.0           -> 0.5.0
2023-11-09T16:11:08.7315516Z  * [new tag]         0.5.1           -> 0.5.1
2023-11-09T16:11:08.7316691Z  * [new tag]         0.5.2           -> 0.5.2
2023-11-09T16:11:08.7318421Z  * [new tag]         0.5.3           -> 0.5.3
2023-11-09T16:11:08.7320095Z  * [new tag]         0.5.4           -> 0.5.4
2023-11-09T16:11:08.7321329Z  * [new tag]         0.6.0           -> 0.6.0
2023-11-09T16:11:08.7322645Z  * [new tag]         0.6.1           -> 0.6.1
2023-11-09T16:11:08.7356677Z [command]/usr/bin/git branch --list --remote origin/master
2023-11-09T16:11:08.7380199Z   origin/master
2023-11-09T16:11:08.7387816Z [command]/usr/bin/git rev-parse refs/remotes/origin/master
2023-11-09T16:11:08.7408632Z 643b7a2ed662a0bc6add3bbccac1f9b6801bf320
2023-11-09T16:11:08.7412791Z ##[endgroup]
2023-11-09T16:11:08.7413618Z ##[group]Determining the checkout info
2023-11-09T16:11:08.7414532Z ##[endgroup]
2023-11-09T16:11:08.7415152Z ##[group]Checking out the ref
2023-11-09T16:11:08.7417753Z [command]/usr/bin/git checkout --progress --force -B master refs/remotes/origin/master
2023-11-09T16:11:08.7479767Z Reset branch 'master'
2023-11-09T16:11:08.7480720Z branch 'master' set up to track 'origin/master'.
2023-11-09T16:11:08.7486643Z ##[endgroup]
2023-11-09T16:11:08.7520020Z [command]/usr/bin/git log -1 --format='%H'
2023-11-09T16:11:08.7542047Z '643b7a2ed662a0bc6add3bbccac1f9b6801bf320'
2023-11-09T16:11:08.7850439Z ##[group]Run actions/setup-python@v4
2023-11-09T16:11:08.7851018Z with:
2023-11-09T16:11:08.7851301Z   python-version: 3.8
2023-11-09T16:11:08.7851680Z   check-latest: false
2023-11-09T16:11:08.7852312Z   token: ***
2023-11-09T16:11:08.7852676Z   update-environment: true
2023-11-09T16:11:08.7853025Z   allow-prereleases: false
2023-11-09T16:11:08.7853443Z ##[endgroup]
2023-11-09T16:11:09.0098760Z ##[group]Installed versions
2023-11-09T16:11:09.0171623Z Successfully set up CPython (3.8.18)
2023-11-09T16:11:09.0172915Z ##[endgroup]
2023-11-09T16:11:09.0304071Z ##[group]Run python -m pip install --upgrade pip wheel
2023-11-09T16:11:09.0304754Z [36;1mpython -m pip install --upgrade pip wheel[0m
2023-11-09T16:11:09.0305504Z [36;1mpython -m pip install --upgrade --upgrade-strategy=eager tox[0m
2023-11-09T16:11:09.0366176Z shell: /usr/bin/bash -e {0}
2023-11-09T16:11:09.0366617Z env:
2023-11-09T16:11:09.0367001Z   pythonLocation: /opt/hostedtoolcache/Python/3.8.18/x64
2023-11-09T16:11:09.0367737Z   PKG_CONFIG_PATH: /opt/hostedtoolcache/Python/3.8.18/x64/lib/pkgconfig
2023-11-09T16:11:09.0368407Z   Python_ROOT_DIR: /opt/hostedtoolcache/Python/3.8.18/x64
2023-11-09T16:11:09.0368948Z   Python2_ROOT_DIR: /opt/hostedtoolcache/Python/3.8.18/x64
2023-11-09T16:11:09.0369576Z   Python3_ROOT_DIR: /opt/hostedtoolcache/Python/3.8.18/x64
2023-11-09T16:11:09.0370172Z   LD_LIBRARY_PATH: /opt/hostedtoolcache/Python/3.8.18/x64/lib
2023-11-09T16:11:09.0370630Z ##[endgroup]
2023-11-09T16:11:09.7666650Z Requirement already satisfied: pip in /opt/hostedtoolcache/Python/3.8.18/x64/lib/python3.8/site-packages (23.0.1)
2023-11-09T16:11:09.9053033Z Collecting pip
2023-11-09T16:11:09.9851625Z   Downloading pip-23.3.1-py3-none-any.whl.metadata (3.5 kB)
2023-11-09T16:11:10.0328160Z Collecting wheel
2023-11-09T16:11:10.0456404Z   Downloading wheel-0.41.3-py3-none-any.whl.metadata (2.2 kB)
2023-11-09T16:11:10.0714670Z Downloading pip-23.3.1-py3-none-any.whl (2.1 MB)
2023-11-09T16:11:10.2437311Z    â”â”â”â”â”â”â”â”â”â”â”â”â”â”â”â”â”â”â”â”â”â”â”â”â”â”â”â”â”â”â”â”â”â”â”â”â”â”â”â” 2.1/2.1 MB 12.7 MB/s eta 0:00:00
2023-11-09T16:11:10.2556081Z Downloading wheel-0.41.3-py3-none-any.whl (65 kB)
2023-11-09T16:11:10.2642894Z    â”â”â”â”â”â”â”â”â”â”â”â”â”â”â”â”â”â”â”â”â”â”â”â”â”â”â”â”â”â”â”â”â”â”â”â”â”â”â”â” 65.8/65.8 kB 8.8 MB/s eta 0:00:00
2023-11-09T16:11:10.3035060Z Installing collected packages: wheel, pip
2023-11-09T16:11:10.3437352Z   Attempting uninstall: pip
2023-11-09T16:11:10.3444091Z     Found existing installation: pip 23.0.1
2023-11-09T16:11:10.3941303Z     Uninstalling pip-23.0.1:
2023-11-09T16:11:10.4418461Z       Successfully uninstalled pip-23.0.1
2023-11-09T16:11:11.4075220Z Successfully installed pip-23.3.1 wheel-0.41.3
2023-11-09T16:11:12.2025622Z Collecting tox
2023-11-09T16:11:12.2704343Z   Downloading tox-4.11.3-py3-none-any.whl.metadata (5.0 kB)
2023-11-09T16:11:12.3361071Z Collecting cachetools>=5.3.1 (from tox)
2023-11-09T16:11:12.3472818Z   Downloading cachetools-5.3.2-py3-none-any.whl.metadata (5.2 kB)
2023-11-09T16:11:12.3741797Z Collecting chardet>=5.2 (from tox)
2023-11-09T16:11:12.3851823Z   Downloading chardet-5.2.0-py3-none-any.whl.metadata (3.4 kB)
2023-11-09T16:11:12.4187950Z Collecting colorama>=0.4.6 (from tox)
2023-11-09T16:11:12.4299574Z   Downloading colorama-0.4.6-py2.py3-none-any.whl (25 kB)
2023-11-09T16:11:12.4754510Z Collecting filelock>=3.12.3 (from tox)
2023-11-09T16:11:12.4867950Z   Downloading filelock-3.13.1-py3-none-any.whl.metadata (2.8 kB)
2023-11-09T16:11:12.5263485Z Collecting packaging>=23.1 (from tox)
2023-11-09T16:11:12.5373488Z   Downloading packaging-23.2-py3-none-any.whl.metadata (3.2 kB)
2023-11-09T16:11:12.5725677Z Collecting platformdirs>=3.10 (from tox)
2023-11-09T16:11:12.5839696Z   Downloading platformdirs-3.11.0-py3-none-any.whl.metadata (11 kB)
2023-11-09T16:11:12.6157388Z Collecting pluggy>=1.3 (from tox)
2023-11-09T16:11:12.6268021Z   Downloading pluggy-1.3.0-py3-none-any.whl.metadata (4.3 kB)
2023-11-09T16:11:12.6544884Z Collecting pyproject-api>=1.6.1 (from tox)
2023-11-09T16:11:12.6653598Z   Downloading pyproject_api-1.6.1-py3-none-any.whl.metadata (2.8 kB)
2023-11-09T16:11:12.6955615Z Collecting tomli>=2.0.1 (from tox)
2023-11-09T16:11:12.7065450Z   Downloading tomli-2.0.1-py3-none-any.whl (12 kB)
2023-11-09T16:11:12.8102593Z Collecting virtualenv>=20.24.3 (from tox)
2023-11-09T16:11:12.8214282Z   Downloading virtualenv-20.24.6-py3-none-any.whl.metadata (4.5 kB)
2023-11-09T16:11:12.9096143Z Collecting distlib<1,>=0.3.7 (from virtualenv>=20.24.3->tox)
2023-11-09T16:11:12.9203827Z   Downloading distlib-0.3.7-py2.py3-none-any.whl.metadata (5.1 kB)
2023-11-09T16:11:12.9487457Z Downloading tox-4.11.3-py3-none-any.whl (153 kB)
2023-11-09T16:11:12.9645709Z    â”â”â”â”â”â”â”â”â”â”â”â”â”â”â”â”â”â”â”â”â”â”â”â”â”â”â”â”â”â”â”â”â”â”â”â”â”â”â”â” 153.8/153.8 kB 11.1 MB/s eta 0:00:00
2023-11-09T16:11:12.9763316Z Downloading cachetools-5.3.2-py3-none-any.whl (9.3 kB)
2023-11-09T16:11:12.9902169Z Downloading chardet-5.2.0-py3-none-any.whl (199 kB)
2023-11-09T16:11:12.9969896Z    â”â”â”â”â”â”â”â”â”â”â”â”â”â”â”â”â”â”â”â”â”â”â”â”â”â”â”â”â”â”â”â”â”â”â”â”â”â”â”â” 199.4/199.4 kB 42.5 MB/s eta 0:00:00
2023-11-09T16:11:13.0080209Z Downloading filelock-3.13.1-py3-none-any.whl (11 kB)
2023-11-09T16:11:13.0210439Z Downloading packaging-23.2-py3-none-any.whl (53 kB)
2023-11-09T16:11:13.0266762Z    â”â”â”â”â”â”â”â”â”â”â”â”â”â”â”â”â”â”â”â”â”â”â”â”â”â”â”â”â”â”â”â”â”â”â”â”â”â”â”â” 53.0/53.0 kB 13.0 MB/s eta 0:00:00
2023-11-09T16:11:13.0384729Z Downloading platformdirs-3.11.0-py3-none-any.whl (17 kB)
2023-11-09T16:11:13.0519106Z Downloading pluggy-1.3.0-py3-none-any.whl (18 kB)
2023-11-09T16:11:13.0662182Z Downloading pyproject_api-1.6.1-py3-none-any.whl (12 kB)
2023-11-09T16:11:13.0908117Z Downloading virtualenv-20.24.6-py3-none-any.whl (3.8 MB)
2023-11-09T16:11:13.1349596Z    â”â”â”â”â”â”â”â”â”â”â”â”â”â”â”â”â”â”â”â”â”â”â”â”â”â”â”â”â”â”â”â”â”â”â”â”â”â”â”â” 3.8/3.8 MB 90.4 MB/s eta 0:00:00
2023-11-09T16:11:13.1474192Z Downloading distlib-0.3.7-py2.py3-none-any.whl (468 kB)
2023-11-09T16:11:13.1561357Z    â”â”â”â”â”â”â”â”â”â”â”â”â”â”â”â”â”â”â”â”â”â”â”â”â”â”â”â”â”â”â”â”â”â”â”â”â”â”â”â” 468.9/468.9 kB 75.0 MB/s eta 0:00:00
2023-11-09T16:11:13.2899028Z Installing collected packages: distlib, tomli, pluggy, platformdirs, packaging, filelock, colorama, chardet, cachetools, virtualenv, pyproject-api, tox
2023-11-09T16:11:13.8309284Z Successfully installed cachetools-5.3.2 chardet-5.2.0 colorama-0.4.6 distlib-0.3.7 filelock-3.13.1 packaging-23.2 platformdirs-3.11.0 pluggy-1.3.0 pyproject-api-1.6.1 tomli-2.0.1 tox-4.11.3 virtualenv-20.24.6
2023-11-09T16:11:13.9568836Z ##[group]Run tox -e lint
2023-11-09T16:11:13.9569227Z [36;1mtox -e lint[0m
2023-11-09T16:11:13.9613769Z shell: /usr/bin/bash -e {0}
2023-11-09T16:11:13.9614149Z env:
2023-11-09T16:11:13.9614655Z   pythonLocation: /opt/hostedtoolcache/Python/3.8.18/x64
2023-11-09T16:11:13.9615287Z   PKG_CONFIG_PATH: /opt/hostedtoolcache/Python/3.8.18/x64/lib/pkgconfig
2023-11-09T16:11:13.9615927Z   Python_ROOT_DIR: /opt/hostedtoolcache/Python/3.8.18/x64
2023-11-09T16:11:13.9616564Z   Python2_ROOT_DIR: /opt/hostedtoolcache/Python/3.8.18/x64
2023-11-09T16:11:13.9617112Z   Python3_ROOT_DIR: /opt/hostedtoolcache/Python/3.8.18/x64
2023-11-09T16:11:13.9617689Z   LD_LIBRARY_PATH: /opt/hostedtoolcache/Python/3.8.18/x64/lib
2023-11-09T16:11:13.9618235Z ##[endgroup]
2023-11-09T16:11:14.4789175Z lint: install_deps> python -I -m pip install flake8 flake8-bugbear flake8-builtins flake8-unused-arguments
2023-11-09T16:11:16.2908754Z lint: freeze> python -m pip freeze --all
2023-11-09T16:11:16.6202494Z lint: attrs==23.1.0,flake8==6.1.0,flake8-bugbear==23.9.16,flake8-builtins==2.2.0,flake8-unused-arguments==0.0.13,mccabe==0.7.0,pip==23.3.1,pycodestyle==2.11.1,pyflakes==3.1.0,setuptools==68.2.2,wheel==0.41.2
2023-11-09T16:11:16.6205581Z lint: commands[0]> flake8 --config=tox.ini src test
2023-11-09T16:11:17.1526519Z   lint: OK (2.98=setup[2.45]+cmd[0.53] seconds)
2023-11-09T16:11:17.1527174Z   congratulations :) (3.05 seconds)
2023-11-09T16:11:17.1877931Z Post job cleanup.
2023-11-09T16:11:17.3247920Z Post job cleanup.
2023-11-09T16:11:17.4001502Z [command]/usr/bin/git version
2023-11-09T16:11:17.4043635Z git version 2.42.0
2023-11-09T16:11:17.4086538Z Temporarily overriding HOME='/home/runner/work/_temp/786b9bbe-c011-4de2-b20f-473dc2220cc6' before making global git config changes
2023-11-09T16:11:17.4088317Z Adding repository directory to the temporary git global config as a safe directory
2023-11-09T16:11:17.4092070Z [command]/usr/bin/git config --global --add safe.directory /home/runner/work/tinuous/tinuous
2023-11-09T16:11:17.4127092Z [command]/usr/bin/git config --local --name-only --get-regexp core\.sshCommand
2023-11-09T16:11:17.4162883Z [command]/usr/bin/git submodule foreach --recursive sh -c "git config --local --name-only --get-regexp 'core\.sshCommand' && git config --local --unset-all 'core.sshCommand' || :"
2023-11-09T16:11:17.4409246Z [command]/usr/bin/git config --local --name-only --get-regexp http\.https\:\/\/github\.com\/\.extraheader
2023-11-09T16:11:17.4429529Z http.https://github.com/.extraheader
2023-11-09T16:11:17.4440247Z [command]/usr/bin/git config --local --unset-all http.https://github.com/.extraheader
2023-11-09T16:11:17.4471379Z [command]/usr/bin/git submodule foreach --recursive sh -c "git config --local --name-only --get-regexp 'http\.https\:\/\/github\.com\/\.extraheader' && git config --local --unset-all 'http.https://github.com/.extraheader' || :"
2023-11-09T16:11:17.4955061Z Cleaning up orphan processes
