2023-04-26T18:48:21.8908835Z Requested labels: ubuntu-latest
2023-04-26T18:48:21.8909157Z Job defined at: con/tinuous/.github/workflows/test.yml@refs/pull/164/merge
2023-04-26T18:48:21.8909281Z Waiting for a runner to pick up this job...
2023-04-26T18:48:24.7471278Z Job is waiting for a hosted runner to come online.
2023-04-26T18:48:26.2050002Z Job is about to start running on the hosted runner: GitHub Actions 8 (hosted)
2023-04-26T18:48:28.7529003Z Current runner version: '2.303.0'
2023-04-26T18:48:28.7556148Z ##[group]Operating System
2023-04-26T18:48:28.7556709Z Ubuntu
2023-04-26T18:48:28.7556963Z 22.04.2
2023-04-26T18:48:28.7557245Z LTS
2023-04-26T18:48:28.7557637Z ##[endgroup]
2023-04-26T18:48:28.7557945Z ##[group]Runner Image
2023-04-26T18:48:28.7558305Z Image: ubuntu-22.04
2023-04-26T18:48:28.7558652Z Version: 20230426.1
2023-04-26T18:48:28.7559133Z Included Software: https://github.com/actions/runner-images/blob/ubuntu22/20230426.1/images/linux/Ubuntu2204-Readme.md
2023-04-26T18:48:28.7559825Z Image Release: https://github.com/actions/runner-images/releases/tag/ubuntu22%2F20230426.1
2023-04-26T18:48:28.7560276Z ##[endgroup]
2023-04-26T18:48:28.7560634Z ##[group]Runner Image Provisioner
2023-04-26T18:48:28.7560947Z 2.0.159.1
2023-04-26T18:48:28.7561283Z ##[endgroup]
2023-04-26T18:48:28.7562232Z ##[group]GITHUB_TOKEN Permissions
2023-04-26T18:48:28.7562925Z Actions: write
2023-04-26T18:48:28.7563202Z Checks: write
2023-04-26T18:48:28.7563787Z Contents: write
2023-04-26T18:48:28.7564179Z Deployments: write
2023-04-26T18:48:28.7564521Z Discussions: write
2023-04-26T18:48:28.7564880Z Issues: write
2023-04-26T18:48:28.7565152Z Metadata: read
2023-04-26T18:48:28.7565468Z Packages: write
2023-04-26T18:48:28.7565787Z Pages: write
2023-04-26T18:48:28.7566080Z PullRequests: write
2023-04-26T18:48:28.7566466Z RepositoryProjects: write
2023-04-26T18:48:28.7566833Z SecurityEvents: write
2023-04-26T18:48:28.7567132Z Statuses: write
2023-04-26T18:48:28.7567442Z ##[endgroup]
2023-04-26T18:48:28.7571087Z Secret source: Actions
2023-04-26T18:48:28.7571542Z Prepare workflow directory
2023-04-26T18:48:28.8323655Z Prepare all required actions
2023-04-26T18:48:28.8508905Z Getting action download info
2023-04-26T18:48:29.1327263Z Download action repository 'actions/checkout@v3' (SHA:8e5e7e5ab8b370d6c329ec480221332ada57f0ab)
2023-04-26T18:48:29.9830097Z Download action repository 'actions/setup-python@v4' (SHA:57ded4d7d5e986d7296eab16560982c6dd7c923b)
2023-04-26T18:48:30.8093981Z Download action repository 'codecov/codecov-action@v3' (SHA:894ff025c7b54547a9a2a1e9f228beae737ad3c2)
2023-04-26T18:48:31.7212421Z Complete job name: test (3.9, py)
2023-04-26T18:48:31.8353290Z ##[group]Run actions/checkout@v3
2023-04-26T18:48:31.8353572Z with:
2023-04-26T18:48:31.8353783Z   fetch-depth: 0
2023-04-26T18:48:31.8354009Z   repository: con/tinuous
2023-04-26T18:48:31.8354456Z   token: ***
2023-04-26T18:48:31.8354652Z   ssh-strict: true
2023-04-26T18:48:31.8354880Z   persist-credentials: true
2023-04-26T18:48:31.8355102Z   clean: true
2023-04-26T18:48:31.8355283Z   lfs: false
2023-04-26T18:48:31.8355481Z   submodules: false
2023-04-26T18:48:31.8355703Z   set-safe-directory: true
2023-04-26T18:48:31.8355916Z ##[endgroup]
2023-04-26T18:48:32.0860768Z Syncing repository: con/tinuous
2023-04-26T18:48:32.0862406Z ##[group]Getting Git version info
2023-04-26T18:48:32.0862860Z Working directory is '/home/runner/work/tinuous/tinuous'
2023-04-26T18:48:32.0863344Z [command]/usr/bin/git version
2023-04-26T18:48:32.0985236Z git version 2.40.1
2023-04-26T18:48:32.1011622Z ##[endgroup]
2023-04-26T18:48:32.1030149Z Temporarily overriding HOME='/home/runner/work/_temp/0f3fffad-06f6-4498-a929-cf5c6145abc9' before making global git config changes
2023-04-26T18:48:32.1030862Z Adding repository directory to the temporary git global config as a safe directory
2023-04-26T18:48:32.1036713Z [command]/usr/bin/git config --global --add safe.directory /home/runner/work/tinuous/tinuous
2023-04-26T18:48:32.1089951Z Deleting the contents of '/home/runner/work/tinuous/tinuous'
2023-04-26T18:48:32.1095295Z ##[group]Initializing the repository
2023-04-26T18:48:32.1099159Z [command]/usr/bin/git init /home/runner/work/tinuous/tinuous
2023-04-26T18:48:32.1185941Z hint: Using 'master' as the name for the initial branch. This default branch name
2023-04-26T18:48:32.1186635Z hint: is subject to change. To configure the initial branch name to use in all
2023-04-26T18:48:32.1187283Z hint: of your new repositories, which will suppress this warning, call:
2023-04-26T18:48:32.1188197Z hint: 
2023-04-26T18:48:32.1188758Z hint: 	git config --global init.defaultBranch <name>
2023-04-26T18:48:32.1189041Z hint: 
2023-04-26T18:48:32.1189384Z hint: Names commonly chosen instead of 'master' are 'main', 'trunk' and
2023-04-26T18:48:32.1189837Z hint: 'development'. The just-created branch can be renamed via this command:
2023-04-26T18:48:32.1190113Z hint: 
2023-04-26T18:48:32.1190339Z hint: 	git branch -m <name>
2023-04-26T18:48:32.1201042Z Initialized empty Git repository in /home/runner/work/tinuous/tinuous/.git/
2023-04-26T18:48:32.1220529Z [command]/usr/bin/git remote add origin https://github.com/con/tinuous
2023-04-26T18:48:32.1259151Z ##[endgroup]
2023-04-26T18:48:32.1260614Z ##[group]Disabling automatic garbage collection
2023-04-26T18:48:32.1265318Z [command]/usr/bin/git config --local gc.auto 0
2023-04-26T18:48:32.1294756Z ##[endgroup]
2023-04-26T18:48:32.1295315Z ##[group]Setting up auth
2023-04-26T18:48:32.1304387Z [command]/usr/bin/git config --local --name-only --get-regexp core\.sshCommand
2023-04-26T18:48:32.1334906Z [command]/usr/bin/git submodule foreach --recursive sh -c "git config --local --name-only --get-regexp 'core\.sshCommand' && git config --local --unset-all 'core.sshCommand' || :"
2023-04-26T18:48:32.1709556Z [command]/usr/bin/git config --local --name-only --get-regexp http\.https\:\/\/github\.com\/\.extraheader
2023-04-26T18:48:32.1740053Z [command]/usr/bin/git submodule foreach --recursive sh -c "git config --local --name-only --get-regexp 'http\.https\:\/\/github\.com\/\.extraheader' && git config --local --unset-all 'http.https://github.com/.extraheader' || :"
2023-04-26T18:48:32.1951990Z [command]/usr/bin/git config --local http.https://github.com/.extraheader AUTHORIZATION: basic ***
2023-04-26T18:48:32.1988220Z ##[endgroup]
2023-04-26T18:48:32.1988927Z ##[group]Fetching the repository
2023-04-26T18:48:32.1999639Z [command]/usr/bin/git -c protocol.version=2 fetch --prune --progress --no-recurse-submodules origin +refs/heads/*:refs/remotes/origin/* +refs/tags/*:refs/tags/* +4bd9b82d19d23c1cf6d156ffeeffd25e0ca0a5ed:refs/remotes/pull/164/merge
2023-04-26T18:48:32.6966756Z remote: Enumerating objects: 1063, done.        
2023-04-26T18:48:32.6967123Z remote: Counting objects:   0% (1/285)        
2023-04-26T18:48:32.6967401Z remote: Counting objects:   1% (3/285)        
2023-04-26T18:48:32.6967662Z remote: Counting objects:   2% (6/285)        
2023-04-26T18:48:32.6967919Z remote: Counting objects:   3% (9/285)        
2023-04-26T18:48:32.6968177Z remote: Counting objects:   4% (12/285)        
2023-04-26T18:48:32.6968438Z remote: Counting objects:   5% (15/285)        
2023-04-26T18:48:32.6968692Z remote: Counting objects:   6% (18/285)        
2023-04-26T18:48:32.6968940Z remote: Counting objects:   7% (20/285)        
2023-04-26T18:48:32.6969182Z remote: Counting objects:   8% (23/285)        
2023-04-26T18:48:32.6969428Z remote: Counting objects:   9% (26/285)        
2023-04-26T18:48:32.6969661Z remote: Counting objects:  10% (29/285)        
2023-04-26T18:48:32.6972470Z remote: Counting objects:  11% (32/285)        
2023-04-26T18:48:32.6973982Z remote: Counting objects:  12% (35/285)        
2023-04-26T18:48:32.6979314Z remote: Counting objects:  13% (38/285)        
2023-04-26T18:48:32.6979613Z remote: Counting objects:  14% (40/285)        
2023-04-26T18:48:32.6979877Z remote: Counting objects:  15% (43/285)        
2023-04-26T18:48:32.6980120Z remote: Counting objects:  16% (46/285)        
2023-04-26T18:48:32.6980375Z remote: Counting objects:  17% (49/285)        
2023-04-26T18:48:32.6980623Z remote: Counting objects:  18% (52/285)        
2023-04-26T18:48:32.6980867Z remote: Counting objects:  19% (55/285)        
2023-04-26T18:48:32.6981101Z remote: Counting objects:  20% (57/285)        
2023-04-26T18:48:32.6981335Z remote: Counting objects:  21% (60/285)        
2023-04-26T18:48:32.6981581Z remote: Counting objects:  22% (63/285)        
2023-04-26T18:48:32.6981813Z remote: Counting objects:  23% (66/285)        
2023-04-26T18:48:32.6982308Z remote: Counting objects:  24% (69/285)        
2023-04-26T18:48:32.6982552Z remote: Counting objects:  25% (72/285)        
2023-04-26T18:48:32.6982797Z remote: Counting objects:  26% (75/285)        
2023-04-26T18:48:32.6983034Z remote: Counting objects:  27% (77/285)        
2023-04-26T18:48:32.6983299Z remote: Counting objects:  28% (80/285)        
2023-04-26T18:48:32.6983576Z remote: Counting objects:  29% (83/285)        
2023-04-26T18:48:32.6983806Z remote: Counting objects:  30% (86/285)        
2023-04-26T18:48:32.6984042Z remote: Counting objects:  31% (89/285)        
2023-04-26T18:48:32.6984278Z remote: Counting objects:  32% (92/285)        
2023-04-26T18:48:32.6984510Z remote: Counting objects:  33% (95/285)        
2023-04-26T18:48:32.6984739Z remote: Counting objects:  34% (97/285)        
2023-04-26T18:48:32.6984982Z remote: Counting objects:  35% (100/285)        
2023-04-26T18:48:32.6985239Z remote: Counting objects:  36% (103/285)        
2023-04-26T18:48:32.6985490Z remote: Counting objects:  37% (106/285)        
2023-04-26T18:48:32.6985729Z remote: Counting objects:  38% (109/285)        
2023-04-26T18:48:32.6985982Z remote: Counting objects:  39% (112/285)        
2023-04-26T18:48:32.6986231Z remote: Counting objects:  40% (114/285)        
2023-04-26T18:48:32.6986475Z remote: Counting objects:  41% (117/285)        
2023-04-26T18:48:32.6986719Z remote: Counting objects:  42% (120/285)        
2023-04-26T18:48:32.6986952Z remote: Counting objects:  43% (123/285)        
2023-04-26T18:48:32.6987196Z remote: Counting objects:  44% (126/285)        
2023-04-26T18:48:32.6987436Z remote: Counting objects:  45% (129/285)        
2023-04-26T18:48:32.6987674Z remote: Counting objects:  46% (132/285)        
2023-04-26T18:48:32.6987905Z remote: Counting objects:  47% (134/285)        
2023-04-26T18:48:32.6988142Z remote: Counting objects:  48% (137/285)        
2023-04-26T18:48:32.6988383Z remote: Counting objects:  49% (140/285)        
2023-04-26T18:48:32.6988616Z remote: Counting objects:  50% (143/285)        
2023-04-26T18:48:32.6988858Z remote: Counting objects:  51% (146/285)        
2023-04-26T18:48:32.6989202Z remote: Counting objects:  52% (149/285)        
2023-04-26T18:48:32.6989440Z remote: Counting objects:  53% (152/285)        
2023-04-26T18:48:32.6989678Z remote: Counting objects:  54% (154/285)        
2023-04-26T18:48:32.6989921Z remote: Counting objects:  55% (157/285)        
2023-04-26T18:48:32.6990149Z remote: Counting objects:  56% (160/285)        
2023-04-26T18:48:32.6990392Z remote: Counting objects:  57% (163/285)        
2023-04-26T18:48:32.6990630Z remote: Counting objects:  58% (166/285)        
2023-04-26T18:48:32.6990868Z remote: Counting objects:  59% (169/285)        
2023-04-26T18:48:32.6991101Z remote: Counting objects:  60% (171/285)        
2023-04-26T18:48:32.6991340Z remote: Counting objects:  61% (174/285)        
2023-04-26T18:48:32.6991577Z remote: Counting objects:  62% (177/285)        
2023-04-26T18:48:32.6991809Z remote: Counting objects:  63% (180/285)        
2023-04-26T18:48:32.6992076Z remote: Counting objects:  64% (183/285)        
2023-04-26T18:48:32.6992323Z remote: Counting objects:  65% (186/285)        
2023-04-26T18:48:32.6992567Z remote: Counting objects:  66% (189/285)        
2023-04-26T18:48:32.6992803Z remote: Counting objects:  67% (191/285)        
2023-04-26T18:48:32.6993037Z remote: Counting objects:  68% (194/285)        
2023-04-26T18:48:32.6993277Z remote: Counting objects:  69% (197/285)        
2023-04-26T18:48:32.6993509Z remote: Counting objects:  70% (200/285)        
2023-04-26T18:48:32.6993749Z remote: Counting objects:  71% (203/285)        
2023-04-26T18:48:32.6993988Z remote: Counting objects:  72% (206/285)        
2023-04-26T18:48:32.6994223Z remote: Counting objects:  73% (209/285)        
2023-04-26T18:48:32.6994453Z remote: Counting objects:  74% (211/285)        
2023-04-26T18:48:32.6994689Z remote: Counting objects:  75% (214/285)        
2023-04-26T18:48:32.6994938Z remote: Counting objects:  76% (217/285)        
2023-04-26T18:48:32.6995261Z remote: Counting objects:  77% (220/285)        
2023-04-26T18:48:32.6995501Z remote: Counting objects:  78% (223/285)        
2023-04-26T18:48:32.6995740Z remote: Counting objects:  79% (226/285)        
2023-04-26T18:48:32.6995975Z remote: Counting objects:  80% (228/285)        
2023-04-26T18:48:32.6996216Z remote: Counting objects:  81% (231/285)        
2023-04-26T18:48:32.6996458Z remote: Counting objects:  82% (234/285)        
2023-04-26T18:48:32.6996689Z remote: Counting objects:  83% (237/285)        
2023-04-26T18:48:32.6996927Z remote: Counting objects:  84% (240/285)        
2023-04-26T18:48:32.6997165Z remote: Counting objects:  85% (243/285)        
2023-04-26T18:48:32.6997404Z remote: Counting objects:  86% (246/285)        
2023-04-26T18:48:32.6997636Z remote: Counting objects:  87% (248/285)        
2023-04-26T18:48:32.6997873Z remote: Counting objects:  88% (251/285)        
2023-04-26T18:48:32.6998111Z remote: Counting objects:  89% (254/285)        
2023-04-26T18:48:32.6998348Z remote: Counting objects:  90% (257/285)        
2023-04-26T18:48:32.6998581Z remote: Counting objects:  91% (260/285)        
2023-04-26T18:48:32.6998825Z remote: Counting objects:  92% (263/285)        
2023-04-26T18:48:32.6999059Z remote: Counting objects:  93% (266/285)        
2023-04-26T18:48:32.6999292Z remote: Counting objects:  94% (268/285)        
2023-04-26T18:48:32.6999529Z remote: Counting objects:  95% (271/285)        
2023-04-26T18:48:32.6999760Z remote: Counting objects:  96% (274/285)        
2023-04-26T18:48:32.7000001Z remote: Counting objects:  97% (277/285)        
2023-04-26T18:48:32.7000246Z remote: Counting objects:  98% (280/285)        
2023-04-26T18:48:32.7000487Z remote: Counting objects:  99% (283/285)        
2023-04-26T18:48:32.7000720Z remote: Counting objects: 100% (285/285)        
2023-04-26T18:48:32.7000979Z remote: Counting objects: 100% (285/285), done.        
2023-04-26T18:48:32.7001264Z remote: Compressing objects:   0% (1/195)        
2023-04-26T18:48:32.7001529Z remote: Compressing objects:   1% (2/195)        
2023-04-26T18:48:32.7001784Z remote: Compressing objects:   2% (4/195)        
2023-04-26T18:48:32.7066568Z remote: Compressing objects:   3% (6/195)        
2023-04-26T18:48:32.7067228Z remote: Compressing objects:   4% (8/195)        
2023-04-26T18:48:32.7067769Z remote: Compressing objects:   5% (10/195)        
2023-04-26T18:48:32.7068297Z remote: Compressing objects:   6% (12/195)        
2023-04-26T18:48:32.7068574Z remote: Compressing objects:   7% (14/195)        
2023-04-26T18:48:32.7071194Z remote: Compressing objects:   8% (16/195)        
2023-04-26T18:48:32.7072097Z remote: Compressing objects:   9% (18/195)        
2023-04-26T18:48:32.7072373Z remote: Compressing objects:  10% (20/195)        
2023-04-26T18:48:32.7072728Z remote: Compressing objects:  11% (22/195)        
2023-04-26T18:48:32.7073005Z remote: Compressing objects:  12% (24/195)        
2023-04-26T18:48:32.7073336Z remote: Compressing objects:  13% (26/195)        
2023-04-26T18:48:32.7073682Z remote: Compressing objects:  14% (28/195)        
2023-04-26T18:48:32.7074014Z remote: Compressing objects:  15% (30/195)        
2023-04-26T18:48:32.7074335Z remote: Compressing objects:  16% (32/195)        
2023-04-26T18:48:32.7074661Z remote: Compressing objects:  17% (34/195)        
2023-04-26T18:48:32.7075003Z remote: Compressing objects:  18% (36/195)        
2023-04-26T18:48:32.7075328Z remote: Compressing objects:  19% (38/195)        
2023-04-26T18:48:32.7075638Z remote: Compressing objects:  20% (39/195)        
2023-04-26T18:48:32.7075969Z remote: Compressing objects:  21% (41/195)        
2023-04-26T18:48:32.7076293Z remote: Compressing objects:  22% (43/195)        
2023-04-26T18:48:32.7076615Z remote: Compressing objects:  23% (45/195)        
2023-04-26T18:48:32.7076932Z remote: Compressing objects:  24% (47/195)        
2023-04-26T18:48:32.7077205Z remote: Compressing objects:  25% (49/195)        
2023-04-26T18:48:32.7077548Z remote: Compressing objects:  26% (51/195)        
2023-04-26T18:48:32.7078092Z remote: Compressing objects:  27% (53/195)        
2023-04-26T18:48:32.7078418Z remote: Compressing objects:  28% (55/195)        
2023-04-26T18:48:32.7078740Z remote: Compressing objects:  29% (57/195)        
2023-04-26T18:48:32.7079061Z remote: Compressing objects:  30% (59/195)        
2023-04-26T18:48:32.7079386Z remote: Compressing objects:  31% (61/195)        
2023-04-26T18:48:32.7079699Z remote: Compressing objects:  32% (63/195)        
2023-04-26T18:48:32.7080020Z remote: Compressing objects:  33% (65/195)        
2023-04-26T18:48:32.7080348Z remote: Compressing objects:  34% (67/195)        
2023-04-26T18:48:32.7080660Z remote: Compressing objects:  35% (69/195)        
2023-04-26T18:48:32.7327639Z remote: Compressing objects:  36% (71/195)        
2023-04-26T18:48:32.7327959Z remote: Compressing objects:  37% (73/195)        
2023-04-26T18:48:32.7328232Z remote: Compressing objects:  38% (75/195)        
2023-04-26T18:48:32.7328525Z remote: Compressing objects:  39% (77/195)        
2023-04-26T18:48:32.7328778Z remote: Compressing objects:  40% (78/195)        
2023-04-26T18:48:32.7329057Z remote: Compressing objects:  41% (80/195)        
2023-04-26T18:48:32.7329326Z remote: Compressing objects:  42% (82/195)        
2023-04-26T18:48:32.7329572Z remote: Compressing objects:  43% (84/195)        
2023-04-26T18:48:32.7329828Z remote: Compressing objects:  44% (86/195)        
2023-04-26T18:48:32.7330083Z remote: Compressing objects:  45% (88/195)        
2023-04-26T18:48:32.7330324Z remote: Compressing objects:  46% (90/195)        
2023-04-26T18:48:32.7330580Z remote: Compressing objects:  47% (92/195)        
2023-04-26T18:48:32.7330833Z remote: Compressing objects:  48% (94/195)        
2023-04-26T18:48:32.7331089Z remote: Compressing objects:  49% (96/195)        
2023-04-26T18:48:32.7331329Z remote: Compressing objects:  50% (98/195)        
2023-04-26T18:48:32.7331589Z remote: Compressing objects:  51% (100/195)        
2023-04-26T18:48:32.7331867Z remote: Compressing objects:  52% (102/195)        
2023-04-26T18:48:32.7332127Z remote: Compressing objects:  53% (104/195)        
2023-04-26T18:48:32.7332682Z remote: Compressing objects:  54% (106/195)        
2023-04-26T18:48:32.7332961Z remote: Compressing objects:  55% (108/195)        
2023-04-26T18:48:32.7333218Z remote: Compressing objects:  56% (110/195)        
2023-04-26T18:48:32.7333479Z remote: Compressing objects:  57% (112/195)        
2023-04-26T18:48:32.7333735Z remote: Compressing objects:  58% (114/195)        
2023-04-26T18:48:32.7333981Z remote: Compressing objects:  59% (116/195)        
2023-04-26T18:48:32.7334232Z remote: Compressing objects:  60% (117/195)        
2023-04-26T18:48:32.7334489Z remote: Compressing objects:  61% (119/195)        
2023-04-26T18:48:32.7334749Z remote: Compressing objects:  62% (121/195)        
2023-04-26T18:48:32.7334992Z remote: Compressing objects:  63% (123/195)        
2023-04-26T18:48:32.7335247Z remote: Compressing objects:  64% (125/195)        
2023-04-26T18:48:32.7335510Z remote: Compressing objects:  65% (127/195)        
2023-04-26T18:48:32.7335764Z remote: Compressing objects:  66% (129/195)        
2023-04-26T18:48:32.7336188Z remote: Compressing objects:  67% (131/195)        
2023-04-26T18:48:32.7336440Z remote: Compressing objects:  68% (133/195)        
2023-04-26T18:48:32.7336686Z remote: Compressing objects:  69% (135/195)        
2023-04-26T18:48:32.7336938Z remote: Compressing objects:  70% (137/195)        
2023-04-26T18:48:32.7337192Z remote: Compressing objects:  71% (139/195)        
2023-04-26T18:48:32.7337446Z remote: Compressing objects:  72% (141/195)        
2023-04-26T18:48:32.7337694Z remote: Compressing objects:  73% (143/195)        
2023-04-26T18:48:32.7337951Z remote: Compressing objects:  74% (145/195)        
2023-04-26T18:48:32.7338207Z remote: Compressing objects:  75% (147/195)        
2023-04-26T18:48:32.7338450Z remote: Compressing objects:  76% (149/195)        
2023-04-26T18:48:32.7338706Z remote: Compressing objects:  77% (151/195)        
2023-04-26T18:48:32.7339072Z remote: Compressing objects:  78% (153/195)        
2023-04-26T18:48:32.7384689Z remote: Compressing objects:  79% (155/195)        
2023-04-26T18:48:32.7384942Z remote: Compressing objects:  80% (156/195)        
2023-04-26T18:48:32.7385196Z remote: Compressing objects:  81% (158/195)        
2023-04-26T18:48:32.7385454Z remote: Compressing objects:  82% (160/195)        
2023-04-26T18:48:32.7385700Z remote: Compressing objects:  83% (162/195)        
2023-04-26T18:48:32.7385953Z remote: Compressing objects:  84% (164/195)        
2023-04-26T18:48:32.7386211Z remote: Compressing objects:  85% (166/195)        
2023-04-26T18:48:32.7386455Z remote: Compressing objects:  86% (168/195)        
2023-04-26T18:48:32.7386749Z remote: Compressing objects:  87% (170/195)        
2023-04-26T18:48:32.7387000Z remote: Compressing objects:  88% (172/195)        
2023-04-26T18:48:32.7387243Z remote: Compressing objects:  89% (174/195)        
2023-04-26T18:48:32.7387529Z remote: Compressing objects:  90% (176/195)        
2023-04-26T18:48:32.7387773Z remote: Compressing objects:  91% (178/195)        
2023-04-26T18:48:32.7388032Z remote: Compressing objects:  92% (180/195)        
2023-04-26T18:48:32.7388282Z remote: Compressing objects:  93% (182/195)        
2023-04-26T18:48:32.7388534Z remote: Compressing objects:  94% (184/195)        
2023-04-26T18:48:32.7388776Z remote: Compressing objects:  95% (186/195)        
2023-04-26T18:48:32.7389031Z remote: Compressing objects:  96% (188/195)        
2023-04-26T18:48:32.7389287Z remote: Compressing objects:  97% (190/195)        
2023-04-26T18:48:32.7389532Z remote: Compressing objects:  98% (192/195)        
2023-04-26T18:48:32.7389789Z remote: Compressing objects:  99% (194/195)        
2023-04-26T18:48:32.7390045Z remote: Compressing objects: 100% (195/195)        
2023-04-26T18:48:32.7390312Z remote: Compressing objects: 100% (195/195), done.        
2023-04-26T18:48:32.7492108Z Receiving objects:   0% (1/1063)
2023-04-26T18:48:32.7495002Z Receiving objects:   1% (11/1063)
2023-04-26T18:48:32.7496155Z Receiving objects:   2% (22/1063)
2023-04-26T18:48:32.7553843Z Receiving objects:   3% (32/1063)
2023-04-26T18:48:32.7555582Z Receiving objects:   4% (43/1063)
2023-04-26T18:48:32.7558556Z Receiving objects:   5% (54/1063)
2023-04-26T18:48:32.7814687Z Receiving objects:   6% (64/1063)
2023-04-26T18:48:32.7936549Z Receiving objects:   7% (75/1063)
2023-04-26T18:48:32.7936931Z Receiving objects:   8% (86/1063)
2023-04-26T18:48:32.7939185Z Receiving objects:   9% (96/1063)
2023-04-26T18:48:32.7948222Z Receiving objects:  10% (107/1063)
2023-04-26T18:48:32.7950664Z Receiving objects:  11% (117/1063)
2023-04-26T18:48:32.7951011Z Receiving objects:  12% (128/1063)
2023-04-26T18:48:32.7953738Z Receiving objects:  13% (139/1063)
2023-04-26T18:48:32.7955659Z Receiving objects:  14% (149/1063)
2023-04-26T18:48:32.7955979Z Receiving objects:  15% (160/1063)
2023-04-26T18:48:32.7957542Z Receiving objects:  16% (171/1063)
2023-04-26T18:48:32.7957895Z Receiving objects:  17% (181/1063)
2023-04-26T18:48:32.7960204Z Receiving objects:  18% (192/1063)
2023-04-26T18:48:32.7963471Z Receiving objects:  19% (202/1063)
2023-04-26T18:48:32.7965028Z Receiving objects:  20% (213/1063)
2023-04-26T18:48:32.7966797Z Receiving objects:  21% (224/1063)
2023-04-26T18:48:32.7968388Z Receiving objects:  22% (234/1063)
2023-04-26T18:48:32.8039353Z Receiving objects:  23% (245/1063)
2023-04-26T18:48:32.8042288Z Receiving objects:  24% (256/1063)
2023-04-26T18:48:32.8302247Z Receiving objects:  25% (266/1063)
2023-04-26T18:48:32.8304514Z Receiving objects:  26% (277/1063)
2023-04-26T18:48:32.8306182Z Receiving objects:  27% (288/1063)
2023-04-26T18:48:32.8425255Z Receiving objects:  28% (298/1063)
2023-04-26T18:48:32.8425596Z Receiving objects:  29% (309/1063)
2023-04-26T18:48:32.8425923Z Receiving objects:  30% (319/1063)
2023-04-26T18:48:32.8427848Z Receiving objects:  31% (330/1063)
2023-04-26T18:48:32.8429863Z Receiving objects:  32% (341/1063)
2023-04-26T18:48:32.8430375Z Receiving objects:  33% (351/1063)
2023-04-26T18:48:32.8431948Z Receiving objects:  34% (362/1063)
2023-04-26T18:48:32.8432500Z Receiving objects:  35% (373/1063)
2023-04-26T18:48:32.8435087Z Receiving objects:  36% (383/1063)
2023-04-26T18:48:32.8435775Z Receiving objects:  37% (394/1063)
2023-04-26T18:48:32.8437654Z Receiving objects:  38% (404/1063)
2023-04-26T18:48:32.8438172Z Receiving objects:  39% (415/1063)
2023-04-26T18:48:32.8438585Z Receiving objects:  40% (426/1063)
2023-04-26T18:48:32.8438813Z Receiving objects:  41% (436/1063)
2023-04-26T18:48:32.8440535Z Receiving objects:  42% (447/1063)
2023-04-26T18:48:32.8442111Z Receiving objects:  43% (458/1063)
2023-04-26T18:48:32.8443656Z Receiving objects:  44% (468/1063)
2023-04-26T18:48:32.8444117Z Receiving objects:  45% (479/1063)
2023-04-26T18:48:32.8444336Z Receiving objects:  46% (489/1063)
2023-04-26T18:48:32.8446275Z Receiving objects:  47% (500/1063)
2023-04-26T18:48:32.8446711Z Receiving objects:  48% (511/1063)
2023-04-26T18:48:32.8448638Z Receiving objects:  49% (521/1063)
2023-04-26T18:48:32.8457971Z Receiving objects:  50% (532/1063)
2023-04-26T18:48:32.8458435Z Receiving objects:  51% (543/1063)
2023-04-26T18:48:32.8460555Z Receiving objects:  52% (553/1063)
2023-04-26T18:48:32.8464359Z Receiving objects:  53% (564/1063)
2023-04-26T18:48:32.8467197Z Receiving objects:  54% (575/1063)
2023-04-26T18:48:32.8470279Z Receiving objects:  55% (585/1063)
2023-04-26T18:48:32.8470690Z Receiving objects:  56% (596/1063)
2023-04-26T18:48:32.8472410Z Receiving objects:  57% (606/1063)
2023-04-26T18:48:32.8473920Z Receiving objects:  58% (617/1063)
2023-04-26T18:48:32.8474350Z Receiving objects:  59% (628/1063)
2023-04-26T18:48:32.8476548Z Receiving objects:  60% (638/1063)
2023-04-26T18:48:32.8478174Z Receiving objects:  61% (649/1063)
2023-04-26T18:48:32.8479869Z Receiving objects:  62% (660/1063)
2023-04-26T18:48:32.8480110Z Receiving objects:  63% (670/1063)
2023-04-26T18:48:32.8481806Z Receiving objects:  64% (681/1063)
2023-04-26T18:48:32.8483376Z Receiving objects:  65% (691/1063)
2023-04-26T18:48:32.8487506Z Receiving objects:  66% (702/1063)
2023-04-26T18:48:32.8490209Z Receiving objects:  67% (713/1063)
2023-04-26T18:48:32.8492600Z Receiving objects:  68% (723/1063)
2023-04-26T18:48:32.8495087Z Receiving objects:  69% (734/1063)
2023-04-26T18:48:32.8531346Z Receiving objects:  70% (745/1063)
2023-04-26T18:48:32.8534376Z Receiving objects:  71% (755/1063)
2023-04-26T18:48:32.8536886Z Receiving objects:  72% (766/1063)
2023-04-26T18:48:32.8539208Z Receiving objects:  73% (776/1063)
2023-04-26T18:48:32.8541297Z Receiving objects:  74% (787/1063)
2023-04-26T18:48:32.8543513Z Receiving objects:  75% (798/1063)
2023-04-26T18:48:32.8545539Z Receiving objects:  76% (808/1063)
2023-04-26T18:48:32.8547883Z Receiving objects:  77% (819/1063)
2023-04-26T18:48:32.8549968Z Receiving objects:  78% (830/1063)
2023-04-26T18:48:32.8787814Z Receiving objects:  79% (840/1063)
2023-04-26T18:48:32.8789739Z Receiving objects:  80% (851/1063)
2023-04-26T18:48:32.8791582Z Receiving objects:  81% (862/1063)
2023-04-26T18:48:32.8793983Z Receiving objects:  82% (872/1063)
2023-04-26T18:48:32.8794439Z Receiving objects:  83% (883/1063)
2023-04-26T18:48:32.8794668Z Receiving objects:  84% (893/1063)
2023-04-26T18:48:32.8844639Z Receiving objects:  85% (904/1063)
2023-04-26T18:48:32.8845116Z Receiving objects:  86% (915/1063)
2023-04-26T18:48:32.8970038Z Receiving objects:  87% (925/1063)
2023-04-26T18:48:32.8970684Z remote: Total 1063 (delta 105), reused 127 (delta 78), pack-reused 778        
2023-04-26T18:48:32.8971066Z Receiving objects:  88% (936/1063)
2023-04-26T18:48:32.8971405Z Receiving objects:  89% (947/1063)
2023-04-26T18:48:32.8971651Z Receiving objects:  90% (957/1063)
2023-04-26T18:48:32.8971960Z Receiving objects:  91% (968/1063)
2023-04-26T18:48:32.8972182Z Receiving objects:  92% (978/1063)
2023-04-26T18:48:32.8972387Z Receiving objects:  93% (989/1063)
2023-04-26T18:48:32.8972615Z Receiving objects:  94% (1000/1063)
2023-04-26T18:48:32.8973082Z Receiving objects:  95% (1010/1063)
2023-04-26T18:48:32.8973311Z Receiving objects:  96% (1021/1063)
2023-04-26T18:48:32.8973537Z Receiving objects:  97% (1032/1063)
2023-04-26T18:48:32.8973855Z Receiving objects:  98% (1042/1063)
2023-04-26T18:48:32.8974093Z Receiving objects:  99% (1053/1063)
2023-04-26T18:48:32.8974311Z Receiving objects: 100% (1063/1063)
2023-04-26T18:48:32.8974649Z Receiving objects: 100% (1063/1063), 274.83 KiB | 1.82 MiB/s, done.
2023-04-26T18:48:32.8974990Z Resolving deltas:   0% (0/574)
2023-04-26T18:48:32.8975242Z Resolving deltas:   1% (6/574)
2023-04-26T18:48:32.8975458Z Resolving deltas:   2% (12/574)
2023-04-26T18:48:32.8976343Z Resolving deltas:   3% (18/574)
2023-04-26T18:48:32.8977596Z Resolving deltas:   4% (23/574)
2023-04-26T18:48:32.8978599Z Resolving deltas:   5% (29/574)
2023-04-26T18:48:32.8979371Z Resolving deltas:   6% (36/574)
2023-04-26T18:48:32.8982291Z Resolving deltas:   7% (41/574)
2023-04-26T18:48:32.8982540Z Resolving deltas:   8% (46/574)
2023-04-26T18:48:32.8982838Z Resolving deltas:   9% (52/574)
2023-04-26T18:48:32.8983079Z Resolving deltas:  10% (58/574)
2023-04-26T18:48:32.8983302Z Resolving deltas:  11% (64/574)
2023-04-26T18:48:32.8983577Z Resolving deltas:  12% (69/574)
2023-04-26T18:48:32.8984594Z Resolving deltas:  13% (75/574)
2023-04-26T18:48:32.8986916Z Resolving deltas:  14% (81/574)
2023-04-26T18:48:32.8987153Z Resolving deltas:  15% (87/574)
2023-04-26T18:48:32.8987436Z Resolving deltas:  16% (92/574)
2023-04-26T18:48:32.8987734Z Resolving deltas:  17% (98/574)
2023-04-26T18:48:32.8988016Z Resolving deltas:  18% (104/574)
2023-04-26T18:48:32.8989966Z Resolving deltas:  19% (110/574)
2023-04-26T18:48:32.8990219Z Resolving deltas:  20% (115/574)
2023-04-26T18:48:32.8990516Z Resolving deltas:  21% (121/574)
2023-04-26T18:48:32.8990747Z Resolving deltas:  22% (127/574)
2023-04-26T18:48:32.8993599Z Resolving deltas:  23% (133/574)
2023-04-26T18:48:32.8993845Z Resolving deltas:  24% (138/574)
2023-04-26T18:48:32.8998362Z Resolving deltas:  25% (144/574)
2023-04-26T18:48:32.8998615Z Resolving deltas:  26% (150/574)
2023-04-26T18:48:32.8998839Z Resolving deltas:  27% (155/574)
2023-04-26T18:48:32.8999307Z Resolving deltas:  28% (161/574)
2023-04-26T18:48:32.8999599Z Resolving deltas:  29% (167/574)
2023-04-26T18:48:32.9001538Z Resolving deltas:  30% (173/574)
2023-04-26T18:48:32.9004118Z Resolving deltas:  31% (178/574)
2023-04-26T18:48:32.9006801Z Resolving deltas:  32% (184/574)
2023-04-26T18:48:32.9009523Z Resolving deltas:  33% (190/574)
2023-04-26T18:48:32.9010826Z Resolving deltas:  34% (197/574)
2023-04-26T18:48:32.9012209Z Resolving deltas:  35% (201/574)
2023-04-26T18:48:32.9013136Z Resolving deltas:  36% (207/574)
2023-04-26T18:48:32.9015213Z Resolving deltas:  37% (213/574)
2023-04-26T18:48:32.9016824Z Resolving deltas:  38% (219/574)
2023-04-26T18:48:32.9018479Z Resolving deltas:  39% (224/574)
2023-04-26T18:48:32.9020311Z Resolving deltas:  40% (230/574)
2023-04-26T18:48:32.9021486Z Resolving deltas:  41% (236/574)
2023-04-26T18:48:32.9025032Z Resolving deltas:  42% (242/574)
2023-04-26T18:48:32.9025290Z Resolving deltas:  43% (247/574)
2023-04-26T18:48:32.9025994Z Resolving deltas:  44% (253/574)
2023-04-26T18:48:32.9031265Z Resolving deltas:  45% (259/574)
2023-04-26T18:48:32.9031564Z Resolving deltas:  46% (265/574)
2023-04-26T18:48:32.9031857Z Resolving deltas:  47% (270/574)
2023-04-26T18:48:32.9036724Z Resolving deltas:  48% (276/574)
2023-04-26T18:48:32.9039847Z Resolving deltas:  49% (282/574)
2023-04-26T18:48:32.9044477Z Resolving deltas:  50% (287/574)
2023-04-26T18:48:32.9047303Z Resolving deltas:  51% (293/574)
2023-04-26T18:48:32.9050047Z Resolving deltas:  52% (299/574)
2023-04-26T18:48:32.9055219Z Resolving deltas:  53% (305/574)
2023-04-26T18:48:32.9060006Z Resolving deltas:  54% (310/574)
2023-04-26T18:48:32.9063851Z Resolving deltas:  55% (316/574)
2023-04-26T18:48:32.9067800Z Resolving deltas:  56% (322/574)
2023-04-26T18:48:32.9070190Z Resolving deltas:  57% (328/574)
2023-04-26T18:48:32.9073459Z Resolving deltas:  58% (333/574)
2023-04-26T18:48:32.9075712Z Resolving deltas:  59% (339/574)
2023-04-26T18:48:32.9079906Z Resolving deltas:  60% (345/574)
2023-04-26T18:48:32.9082747Z Resolving deltas:  61% (351/574)
2023-04-26T18:48:32.9086257Z Resolving deltas:  62% (356/574)
2023-04-26T18:48:32.9091036Z Resolving deltas:  63% (362/574)
2023-04-26T18:48:32.9096375Z Resolving deltas:  64% (368/574)
2023-04-26T18:48:32.9098450Z Resolving deltas:  65% (374/574)
2023-04-26T18:48:32.9099858Z Resolving deltas:  66% (379/574)
2023-04-26T18:48:32.9102577Z Resolving deltas:  67% (385/574)
2023-04-26T18:48:32.9105669Z Resolving deltas:  68% (391/574)
2023-04-26T18:48:32.9108900Z Resolving deltas:  69% (397/574)
2023-04-26T18:48:32.9111539Z Resolving deltas:  70% (402/574)
2023-04-26T18:48:32.9115014Z Resolving deltas:  71% (408/574)
2023-04-26T18:48:32.9119815Z Resolving deltas:  72% (414/574)
2023-04-26T18:48:32.9122256Z Resolving deltas:  73% (420/574)
2023-04-26T18:48:32.9126005Z Resolving deltas:  74% (425/574)
2023-04-26T18:48:32.9126338Z Resolving deltas:  75% (431/574)
2023-04-26T18:48:32.9126628Z Resolving deltas:  76% (437/574)
2023-04-26T18:48:32.9126928Z Resolving deltas:  77% (442/574)
2023-04-26T18:48:32.9127229Z Resolving deltas:  78% (448/574)
2023-04-26T18:48:32.9127518Z Resolving deltas:  79% (454/574)
2023-04-26T18:48:32.9133602Z Resolving deltas:  80% (460/574)
2023-04-26T18:48:32.9136199Z Resolving deltas:  81% (465/574)
2023-04-26T18:48:32.9137345Z Resolving deltas:  82% (471/574)
2023-04-26T18:48:32.9138309Z Resolving deltas:  83% (477/574)
2023-04-26T18:48:32.9138616Z Resolving deltas:  84% (483/574)
2023-04-26T18:48:32.9138909Z Resolving deltas:  85% (488/574)
2023-04-26T18:48:32.9139206Z Resolving deltas:  86% (494/574)
2023-04-26T18:48:32.9139510Z Resolving deltas:  87% (500/574)
2023-04-26T18:48:32.9140221Z Resolving deltas:  88% (506/574)
2023-04-26T18:48:32.9140908Z Resolving deltas:  89% (511/574)
2023-04-26T18:48:32.9141130Z Resolving deltas:  90% (517/574)
2023-04-26T18:48:32.9142667Z Resolving deltas:  91% (523/574)
2023-04-26T18:48:32.9145058Z Resolving deltas:  92% (529/574)
2023-04-26T18:48:32.9149854Z Resolving deltas:  93% (534/574)
2023-04-26T18:48:32.9152989Z Resolving deltas:  94% (540/574)
2023-04-26T18:48:32.9155807Z Resolving deltas:  95% (546/574)
2023-04-26T18:48:32.9158690Z Resolving deltas:  96% (552/574)
2023-04-26T18:48:32.9162852Z Resolving deltas:  97% (557/574)
2023-04-26T18:48:32.9169716Z Resolving deltas:  98% (563/574)
2023-04-26T18:48:32.9174679Z Resolving deltas:  99% (569/574)
2023-04-26T18:48:32.9175036Z Resolving deltas: 100% (574/574)
2023-04-26T18:48:32.9175347Z Resolving deltas: 100% (574/574), done.
2023-04-26T18:48:32.9288090Z From https://github.com/con/tinuous
2023-04-26T18:48:32.9288864Z  * [new branch]      gh-124                                   -> origin/gh-124
2023-04-26T18:48:32.9289906Z  * [new branch]      gh-55                                    -> origin/gh-55
2023-04-26T18:48:32.9290283Z  * [new branch]      master                                   -> origin/master
2023-04-26T18:48:32.9290722Z  * [new branch]      no-extra-search                          -> origin/no-extra-search
2023-04-26T18:48:32.9291169Z  * [new branch]      test-appveyor                            -> origin/test-appveyor
2023-04-26T18:48:32.9291557Z  * [new tag]         0.1.0                                    -> 0.1.0
2023-04-26T18:48:32.9291887Z  * [new tag]         0.2.0                                    -> 0.2.0
2023-04-26T18:48:32.9292219Z  * [new tag]         0.3.0                                    -> 0.3.0
2023-04-26T18:48:32.9292549Z  * [new tag]         0.4.0                                    -> 0.4.0
2023-04-26T18:48:32.9292856Z  * [new tag]         0.5.0                                    -> 0.5.0
2023-04-26T18:48:32.9293168Z  * [new tag]         0.5.1                                    -> 0.5.1
2023-04-26T18:48:32.9293476Z  * [new tag]         0.5.2                                    -> 0.5.2
2023-04-26T18:48:32.9293789Z  * [new tag]         0.5.3                                    -> 0.5.3
2023-04-26T18:48:32.9294304Z  * [new tag]         0.5.4                                    -> 0.5.4
2023-04-26T18:48:32.9294616Z  * [new tag]         0.6.0                                    -> 0.6.0
2023-04-26T18:48:32.9294920Z  * [new tag]         0.6.1                                    -> 0.6.1
2023-04-26T18:48:32.9295310Z  * [new ref]         4bd9b82d19d23c1cf6d156ffeeffd25e0ca0a5ed -> pull/164/merge
2023-04-26T18:48:32.9312354Z ##[endgroup]
2023-04-26T18:48:32.9312741Z ##[group]Determining the checkout info
2023-04-26T18:48:32.9314383Z ##[endgroup]
2023-04-26T18:48:32.9314723Z ##[group]Checking out the ref
2023-04-26T18:48:32.9318550Z [command]/usr/bin/git checkout --progress --force refs/remotes/pull/164/merge
2023-04-26T18:48:32.9374933Z Note: switching to 'refs/remotes/pull/164/merge'.
2023-04-26T18:48:32.9375260Z 
2023-04-26T18:48:32.9375739Z You are in 'detached HEAD' state. You can look around, make experimental
2023-04-26T18:48:32.9376332Z changes and commit them, and you can discard any commits you make in this
2023-04-26T18:48:32.9376787Z state without impacting any branches by switching back to a branch.
2023-04-26T18:48:32.9377060Z 
2023-04-26T18:48:32.9377311Z If you want to create a new branch to retain commits you create, you may
2023-04-26T18:48:32.9377805Z do so (now or later) by using -c with the switch command. Example:
2023-04-26T18:48:32.9378074Z 
2023-04-26T18:48:32.9378295Z   git switch -c <new-branch-name>
2023-04-26T18:48:32.9378527Z 
2023-04-26T18:48:32.9378700Z Or undo this operation with:
2023-04-26T18:48:32.9378918Z 
2023-04-26T18:48:32.9379108Z   git switch -
2023-04-26T18:48:32.9379306Z 
2023-04-26T18:48:32.9379556Z Turn off this advice by setting config variable advice.detachedHead to false
2023-04-26T18:48:32.9379835Z 
2023-04-26T18:48:32.9380113Z HEAD is now at 4bd9b82 Merge 9b9d1937c93464c42617651615e7aad2a05b5ef3 into 3deb066da94165e75d6893a090a8788a5a81a925
2023-04-26T18:48:32.9388334Z ##[endgroup]
2023-04-26T18:48:32.9431397Z [command]/usr/bin/git log -1 --format='%H'
2023-04-26T18:48:32.9457838Z '4bd9b82d19d23c1cf6d156ffeeffd25e0ca0a5ed'
2023-04-26T18:48:32.9743786Z ##[group]Run actions/setup-python@v4
2023-04-26T18:48:32.9744032Z with:
2023-04-26T18:48:32.9744230Z   python-version: 3.9
2023-04-26T18:48:32.9744438Z   check-latest: false
2023-04-26T18:48:32.9744766Z   token: ***
2023-04-26T18:48:32.9744976Z   update-environment: true
2023-04-26T18:48:32.9745207Z   allow-prereleases: false
2023-04-26T18:48:32.9745409Z ##[endgroup]
2023-04-26T18:48:33.1374249Z ##[group]Installed versions
2023-04-26T18:48:33.1461185Z Successfully set up CPython (3.9.16)
2023-04-26T18:48:33.1461607Z ##[endgroup]
2023-04-26T18:48:33.1583274Z ##[group]Run python -m pip install --upgrade pip wheel
2023-04-26T18:48:33.1583656Z [36;1mpython -m pip install --upgrade pip wheel[0m
2023-04-26T18:48:33.1584001Z [36;1mpython -m pip install --upgrade --upgrade-strategy=eager tox[0m
2023-04-26T18:48:33.1642767Z shell: /usr/bin/bash -e {0}
2023-04-26T18:48:33.1642992Z env:
2023-04-26T18:48:33.1643283Z   pythonLocation: /opt/hostedtoolcache/Python/3.9.16/x64
2023-04-26T18:48:33.1643636Z   PKG_CONFIG_PATH: /opt/hostedtoolcache/Python/3.9.16/x64/lib/pkgconfig
2023-04-26T18:48:33.1643974Z   Python_ROOT_DIR: /opt/hostedtoolcache/Python/3.9.16/x64
2023-04-26T18:48:33.1644274Z   Python2_ROOT_DIR: /opt/hostedtoolcache/Python/3.9.16/x64
2023-04-26T18:48:33.1644574Z   Python3_ROOT_DIR: /opt/hostedtoolcache/Python/3.9.16/x64
2023-04-26T18:48:33.1644884Z   LD_LIBRARY_PATH: /opt/hostedtoolcache/Python/3.9.16/x64/lib
2023-04-26T18:48:33.1645132Z ##[endgroup]
2023-04-26T18:48:36.6709150Z Requirement already satisfied: pip in /opt/hostedtoolcache/Python/3.9.16/x64/lib/python3.9/site-packages (22.0.4)
2023-04-26T18:48:36.8739405Z Collecting pip
2023-04-26T18:48:36.9941742Z   Downloading pip-23.1.2-py3-none-any.whl (2.1 MB)
2023-04-26T18:48:37.1284688Z      ‚îÅ‚îÅ‚îÅ‚îÅ‚îÅ‚îÅ‚îÅ‚îÅ‚îÅ‚îÅ‚îÅ‚îÅ‚îÅ‚îÅ‚îÅ‚îÅ‚îÅ‚îÅ‚îÅ‚îÅ‚îÅ‚îÅ‚îÅ‚îÅ‚îÅ‚îÅ‚îÅ‚îÅ‚îÅ‚îÅ‚îÅ‚îÅ‚îÅ‚îÅ‚îÅ‚îÅ‚îÅ‚îÅ‚îÅ‚îÅ 2.1/2.1 MB 15.9 MB/s eta 0:00:00
2023-04-26T18:48:37.1933906Z Collecting wheel
2023-04-26T18:48:37.2047052Z   Downloading wheel-0.40.0-py3-none-any.whl (64 kB)
2023-04-26T18:48:37.2101371Z      ‚îÅ‚îÅ‚îÅ‚îÅ‚îÅ‚îÅ‚îÅ‚îÅ‚îÅ‚îÅ‚îÅ‚îÅ‚îÅ‚îÅ‚îÅ‚îÅ‚îÅ‚îÅ‚îÅ‚îÅ‚îÅ‚îÅ‚îÅ‚îÅ‚îÅ‚îÅ‚îÅ‚îÅ‚îÅ‚îÅ‚îÅ‚îÅ‚îÅ‚îÅ‚îÅ‚îÅ‚îÅ‚îÅ‚îÅ‚îÅ 64.5/64.5 kB 19.5 MB/s eta 0:00:00
2023-04-26T18:48:37.2508037Z Installing collected packages: wheel, pip
2023-04-26T18:48:37.3021024Z   Attempting uninstall: pip
2023-04-26T18:48:37.3027636Z     Found existing installation: pip 22.0.4
2023-04-26T18:48:37.3784410Z     Uninstalling pip-22.0.4:
2023-04-26T18:48:37.4433057Z       Successfully uninstalled pip-22.0.4
2023-04-26T18:48:38.6175358Z Successfully installed pip-23.1.2 wheel-0.40.0
2023-04-26T18:48:39.5890062Z Collecting tox
2023-04-26T18:48:39.7045653Z   Downloading tox-4.5.1-py3-none-any.whl (148 kB)
2023-04-26T18:48:39.7425880Z      ‚îÅ‚îÅ‚îÅ‚îÅ‚îÅ‚îÅ‚îÅ‚îÅ‚îÅ‚îÅ‚îÅ‚îÅ‚îÅ‚îÅ‚îÅ‚îÅ‚îÅ‚îÅ‚îÅ‚îÅ‚îÅ‚îÅ‚îÅ‚îÅ‚îÅ‚îÅ‚îÅ‚îÅ‚îÅ‚îÅ‚îÅ‚îÅ‚îÅ‚îÅ‚îÅ‚îÅ‚îÅ‚îÅ‚îÅ 149.0/149.0 kB 4.2 MB/s eta 0:00:00
2023-04-26T18:48:39.8138084Z Collecting cachetools>=5.3 (from tox)
2023-04-26T18:48:39.8256243Z   Downloading cachetools-5.3.0-py3-none-any.whl (9.3 kB)
2023-04-26T18:48:39.8520834Z Collecting chardet>=5.1 (from tox)
2023-04-26T18:48:39.8642861Z   Downloading chardet-5.1.0-py3-none-any.whl (199 kB)
2023-04-26T18:48:39.8787308Z      ‚îÅ‚îÅ‚îÅ‚îÅ‚îÅ‚îÅ‚îÅ‚îÅ‚îÅ‚îÅ‚îÅ‚îÅ‚îÅ‚îÅ‚îÅ‚îÅ‚îÅ‚îÅ‚îÅ‚îÅ‚îÅ‚îÅ‚îÅ‚îÅ‚îÅ‚îÅ‚îÅ‚îÅ‚îÅ‚îÅ‚îÅ‚îÅ‚îÅ‚îÅ‚îÅ‚îÅ‚îÅ‚îÅ 199.1/199.1 kB 16.2 MB/s eta 0:00:00
2023-04-26T18:48:39.9160789Z Collecting colorama>=0.4.6 (from tox)
2023-04-26T18:48:39.9302010Z   Downloading colorama-0.4.6-py2.py3-none-any.whl (25 kB)
2023-04-26T18:48:39.9708447Z Collecting filelock>=3.11 (from tox)
2023-04-26T18:48:39.9822964Z   Downloading filelock-3.12.0-py3-none-any.whl (10 kB)
2023-04-26T18:48:40.0246770Z Collecting packaging>=23.1 (from tox)
2023-04-26T18:48:40.0387812Z   Downloading packaging-23.1-py3-none-any.whl (48 kB)
2023-04-26T18:48:40.0435168Z      ‚îÅ‚îÅ‚îÅ‚îÅ‚îÅ‚îÅ‚îÅ‚îÅ‚îÅ‚îÅ‚îÅ‚îÅ‚îÅ‚îÅ‚îÅ‚îÅ‚îÅ‚îÅ‚îÅ‚îÅ‚îÅ‚îÅ‚îÅ‚îÅ‚îÅ‚îÅ‚îÅ‚îÅ‚îÅ‚îÅ‚îÅ‚îÅ‚îÅ‚îÅ‚îÅ‚îÅ‚îÅ‚îÅ‚îÅ‚îÅ 48.9/48.9 kB 17.5 MB/s eta 0:00:00
2023-04-26T18:48:40.0778239Z Collecting platformdirs>=3.2 (from tox)
2023-04-26T18:48:40.0897047Z   Downloading platformdirs-3.4.0-py3-none-any.whl (15 kB)
2023-04-26T18:48:40.1227949Z Collecting pluggy>=1 (from tox)
2023-04-26T18:48:40.1342678Z   Downloading pluggy-1.0.0-py2.py3-none-any.whl (13 kB)
2023-04-26T18:48:40.1617028Z Collecting pyproject-api>=1.5.1 (from tox)
2023-04-26T18:48:40.1736274Z   Downloading pyproject_api-1.5.1-py3-none-any.whl (12 kB)
2023-04-26T18:48:40.2059579Z Collecting tomli>=2.0.1 (from tox)
2023-04-26T18:48:40.2179599Z   Downloading tomli-2.0.1-py3-none-any.whl (12 kB)
2023-04-26T18:48:40.3415114Z Collecting virtualenv>=20.21 (from tox)
2023-04-26T18:48:40.3671802Z   Downloading virtualenv-20.22.0-py3-none-any.whl (3.2 MB)
2023-04-26T18:48:40.5040770Z      ‚îÅ‚îÅ‚îÅ‚îÅ‚îÅ‚îÅ‚îÅ‚îÅ‚îÅ‚îÅ‚îÅ‚îÅ‚îÅ‚îÅ‚îÅ‚îÅ‚îÅ‚îÅ‚îÅ‚îÅ‚îÅ‚îÅ‚îÅ‚îÅ‚îÅ‚îÅ‚îÅ‚îÅ‚îÅ‚îÅ‚îÅ‚îÅ‚îÅ‚îÅ‚îÅ‚îÅ‚îÅ‚îÅ‚îÅ‚îÅ 3.2/3.2 MB 24.2 MB/s eta 0:00:00
2023-04-26T18:48:40.6186073Z Collecting distlib<1,>=0.3.6 (from virtualenv>=20.21->tox)
2023-04-26T18:48:40.6906783Z   Downloading distlib-0.3.6-py2.py3-none-any.whl (468 kB)
2023-04-26T18:48:40.7090303Z      ‚îÅ‚îÅ‚îÅ‚îÅ‚îÅ‚îÅ‚îÅ‚îÅ‚îÅ‚îÅ‚îÅ‚îÅ‚îÅ‚îÅ‚îÅ‚îÅ‚îÅ‚îÅ‚îÅ‚îÅ‚îÅ‚îÅ‚îÅ‚îÅ‚îÅ‚îÅ‚îÅ‚îÅ‚îÅ‚îÅ‚îÅ‚îÅ‚îÅ‚îÅ‚îÅ‚îÅ‚îÅ‚îÅ 468.5/468.5 kB 30.5 MB/s eta 0:00:00
2023-04-26T18:48:40.8532489Z Installing collected packages: distlib, tomli, pluggy, platformdirs, packaging, filelock, colorama, chardet, cachetools, virtualenv, pyproject-api, tox
2023-04-26T18:48:41.5174934Z Successfully installed cachetools-5.3.0 chardet-5.1.0 colorama-0.4.6 distlib-0.3.6 filelock-3.12.0 packaging-23.1 platformdirs-3.4.0 pluggy-1.0.0 pyproject-api-1.5.1 tomli-2.0.1 tox-4.5.1 virtualenv-20.22.0
2023-04-26T18:48:41.6797119Z ##[group]Run tox -e py -- --cov-report=xml
2023-04-26T18:48:41.6797422Z [36;1mtox -e py -- --cov-report=xml[0m
2023-04-26T18:48:41.6849646Z shell: /usr/bin/bash -e {0}
2023-04-26T18:48:41.6849865Z env:
2023-04-26T18:48:41.6850120Z   pythonLocation: /opt/hostedtoolcache/Python/3.9.16/x64
2023-04-26T18:48:41.6850466Z   PKG_CONFIG_PATH: /opt/hostedtoolcache/Python/3.9.16/x64/lib/pkgconfig
2023-04-26T18:48:41.6850803Z   Python_ROOT_DIR: /opt/hostedtoolcache/Python/3.9.16/x64
2023-04-26T18:48:41.6851104Z   Python2_ROOT_DIR: /opt/hostedtoolcache/Python/3.9.16/x64
2023-04-26T18:48:41.6851409Z   Python3_ROOT_DIR: /opt/hostedtoolcache/Python/3.9.16/x64
2023-04-26T18:48:41.6851717Z   LD_LIBRARY_PATH: /opt/hostedtoolcache/Python/3.9.16/x64/lib
2023-04-26T18:48:41.6852167Z ##[endgroup]
2023-04-26T18:48:42.3645080Z py: install_deps> python -I -m pip install 'pytest-cov~=2.0' 'pytest-mock~=3.0' 'pytest~=6.0'
2023-04-26T18:48:45.6926239Z .pkg: install_requires> python -I -m pip install 'setuptools>=46.4.0' 'wheel~=0.32'
2023-04-26T18:48:46.9202904Z .pkg: _optional_hooks> python /opt/hostedtoolcache/Python/3.9.16/x64/lib/python3.9/site-packages/pyproject_api/_backend.py True setuptools.build_meta
2023-04-26T18:48:47.2477819Z .pkg: get_requires_for_build_sdist> python /opt/hostedtoolcache/Python/3.9.16/x64/lib/python3.9/site-packages/pyproject_api/_backend.py True setuptools.build_meta
2023-04-26T18:48:47.3769851Z .pkg: freeze> python -m pip freeze --all
2023-04-26T18:48:47.7237598Z .pkg: pip==23.1,setuptools==67.6.1,wheel==0.40.0
2023-04-26T18:48:47.7244421Z .pkg: prepare_metadata_for_build_wheel> python /opt/hostedtoolcache/Python/3.9.16/x64/lib/python3.9/site-packages/pyproject_api/_backend.py True setuptools.build_meta
2023-04-26T18:48:47.8598324Z .pkg: build_sdist> python /opt/hostedtoolcache/Python/3.9.16/x64/lib/python3.9/site-packages/pyproject_api/_backend.py True setuptools.build_meta
2023-04-26T18:48:47.9657770Z py: install_package_deps> python -I -m pip install 'PyGithub~=1.55' 'PyYAML~=5.0' 'click-loglevel~=0.2' 'click>=7.0' 'in-place~=0.4' 'pydantic~=1.7' 'python-dateutil~=2.7' 'python-dotenv~=0.11' 'requests~=2.20'
2023-04-26T18:48:53.0673358Z py: install_package> python -I -m pip install --force-reinstall --no-deps /home/runner/work/tinuous/tinuous/.tox/.tmp/package/1/tinuous-0.6.1+4.g4bd9b82.tar.gz
2023-04-26T18:48:56.3673077Z py: freeze> python -m pip freeze --all
2023-04-26T18:48:56.7492236Z py: attrs==23.1.0,certifi==2022.12.7,cffi==1.15.1,charset-normalizer==3.1.0,click==8.1.3,click-loglevel==0.4.0.post1,coverage==7.2.3,cryptography==40.0.2,Deprecated==1.2.13,idna==3.4,in-place==0.5.0,iniconfig==2.0.0,packaging==23.1,pip==23.1,pluggy==1.0.0,py==1.11.0,pycparser==2.21,pydantic==1.10.7,PyGithub==1.58.1,PyJWT==2.6.0,PyNaCl==1.5.0,pytest==6.2.5,pytest-cov==2.12.1,pytest-mock==3.10.0,python-dateutil==2.8.2,python-dotenv==0.21.1,PyYAML==5.4.1,requests==2.29.0,setuptools==67.6.1,six==1.16.0,tinuous @ file:///home/runner/work/tinuous/tinuous/.tox/.tmp/package/1/tinuous-0.6.1%2B4.g4bd9b82.tar.gz#sha256=b3db20c23fa215736f97a95de4b47015c6d76e2ad61713f23c43bb4bd32777e5,toml==0.10.2,typing_extensions==4.5.0,urllib3==1.26.15,wheel==0.40.0,wrapt==1.15.0
2023-04-26T18:48:56.7493370Z py: commands[0]> tinuous --help
2023-04-26T18:48:57.0627383Z Usage: tinuous [OPTIONS] COMMAND [ARGS]...
2023-04-26T18:48:57.0627738Z 
2023-04-26T18:48:57.0632885Z   Download build logs from GitHub Actions, Travis, Appveyor, and CircleCI
2023-04-26T18:48:57.0633604Z 
2023-04-26T18:48:57.0633869Z Options:
2023-04-26T18:48:57.0634708Z   -V, --version                   Show the version and exit.
2023-04-26T18:48:57.0635535Z   -c, --config FILE               Read configuration from the given file
2023-04-26T18:48:57.0636267Z                                   [default: tinuous.yaml]
2023-04-26T18:48:57.0636829Z   -E, --env FILE                  Load environment variables from given .env
2023-04-26T18:48:57.0637475Z                                   file
2023-04-26T18:48:57.0638349Z   -l, --log-level [NOTSET|DEBUG|INFO|WARNING|ERROR|CRITICAL]
2023-04-26T18:48:57.0639056Z                                   Set logging level  [default: INFO]
2023-04-26T18:48:57.0639574Z   --help                          Show this message and exit.
2023-04-26T18:48:57.0640330Z 
2023-04-26T18:48:57.0640574Z Commands:
2023-04-26T18:48:57.0641136Z   fetch     Download logs
2023-04-26T18:48:57.0641533Z   sanitize  Sanitize secrets in logs
2023-04-26T18:48:57.0959078Z py: commands[1]> pytest --cov-report=xml test
2023-04-26T18:48:58.5653952Z ============================= test session starts ==============================
2023-04-26T18:48:58.5654829Z platform linux -- Python 3.9.16, pytest-6.2.5, py-1.11.0, pluggy-1.0.0
2023-04-26T18:48:58.5655696Z cachedir: .tox/py/.pytest_cache
2023-04-26T18:48:58.5656503Z rootdir: /home/runner/work/tinuous/tinuous, configfile: tox.ini
2023-04-26T18:48:58.5656972Z plugins: cov-2.12.1, mock-3.10.0
2023-04-26T18:48:58.5657204Z collected 64 items
2023-04-26T18:48:58.5657339Z 
2023-04-26T18:48:58.5789790Z test/test_base.py .........                                              [ 14%]
2023-04-26T18:48:58.5907294Z test/test_config.py ........                                             [ 26%]
2023-04-26T18:48:58.6116458Z test/test_state.py ........                                              [ 39%]
2023-04-26T18:48:58.9029624Z test/test_util.py .......................................                [100%]
2023-04-26T18:48:58.9030086Z 
2023-04-26T18:48:58.9031112Z ---------- coverage: platform linux, python 3.9.16-final-0 -----------
2023-04-26T18:48:58.9031575Z Coverage XML written to file coverage.xml
2023-04-26T18:48:58.9126285Z 
2023-04-26T18:48:58.9126297Z 
2023-04-26T18:48:58.9126596Z ============================== 64 passed in 0.82s ==============================
2023-04-26T18:48:58.9583108Z .pkg: _exit> python /opt/hostedtoolcache/Python/3.9.16/x64/lib/python3.9/site-packages/pyproject_api/_backend.py True setuptools.build_meta
2023-04-26T18:48:58.9857106Z   py: OK (16.88=setup[14.68]+cmd[0.35,1.86] seconds)
2023-04-26T18:48:58.9857471Z   congratulations :) (17.10 seconds)
2023-04-26T18:48:59.0220173Z ##[group]Run codecov/codecov-action@v3
2023-04-26T18:48:59.0220487Z with:
2023-04-26T18:48:59.0220743Z   fail_ci_if_error: false
2023-04-26T18:48:59.0221031Z env:
2023-04-26T18:48:59.0221349Z   pythonLocation: /opt/hostedtoolcache/Python/3.9.16/x64
2023-04-26T18:48:59.0221725Z   PKG_CONFIG_PATH: /opt/hostedtoolcache/Python/3.9.16/x64/lib/pkgconfig
2023-04-26T18:48:59.0222137Z   Python_ROOT_DIR: /opt/hostedtoolcache/Python/3.9.16/x64
2023-04-26T18:48:59.0222540Z   Python2_ROOT_DIR: /opt/hostedtoolcache/Python/3.9.16/x64
2023-04-26T18:48:59.0222877Z   Python3_ROOT_DIR: /opt/hostedtoolcache/Python/3.9.16/x64
2023-04-26T18:48:59.0223251Z   LD_LIBRARY_PATH: /opt/hostedtoolcache/Python/3.9.16/x64/lib
2023-04-26T18:48:59.0223602Z ##[endgroup]
2023-04-26T18:48:59.1752525Z ==> linux OS detected
2023-04-26T18:48:59.6086262Z https://uploader.codecov.io/latest/linux/codecov.SHA256SUM
2023-04-26T18:48:59.7295175Z ==> SHASUM file signed by key id 806bb28aed779869
2023-04-26T18:48:59.9421118Z ==> Uploader SHASUM verified (02b055414cc124203ab061ffc45f5497ca39ede5e63a06717a6981c32d7b425f  codecov)
2023-04-26T18:48:59.9421895Z ==> Running version latest
2023-04-26T18:49:00.0903203Z ==> Running version v0.5.0
2023-04-26T18:49:00.0922713Z [command]/home/runner/work/_actions/codecov/codecov-action/v3/dist/codecov -n  -Q github-action-3.1.3 -C 9b9d1937c93464c42617651615e7aad2a05b5ef3
2023-04-26T18:49:00.3082223Z [2023-04-26T18:49:00.306Z] ['info'] 
2023-04-26T18:49:00.3082944Z      _____          _
2023-04-26T18:49:00.3083608Z     / ____|        | |
2023-04-26T18:49:00.3084056Z    | |     ___   __| | ___  ___ _____   __
2023-04-26T18:49:00.3084524Z    | |    / _ \ / _` |/ _ \/ __/ _ \ \ / /
2023-04-26T18:49:00.3085104Z    | |___| (_) | (_| |  __/ (_| (_) \ V /
2023-04-26T18:49:00.3085800Z     \_____\___/ \__,_|\___|\___\___/ \_/
2023-04-26T18:49:00.3086101Z 
2023-04-26T18:49:00.3086275Z   Codecov report uploader 0.5.0
2023-04-26T18:49:00.3141973Z [2023-04-26T18:49:00.313Z] ['info'] => Project root located at: /home/runner/work/tinuous/tinuous
2023-04-26T18:49:00.3168819Z [2023-04-26T18:49:00.316Z] ['info'] -> No token specified or token is empty
2023-04-26T18:49:00.3239069Z [2023-04-26T18:49:00.323Z] ['info'] Searching for coverage files...
2023-04-26T18:49:00.4194437Z [2023-04-26T18:49:00.418Z] ['info'] Warning: Some files located via search were excluded from upload.
2023-04-26T18:49:00.4195554Z [2023-04-26T18:49:00.419Z] ['info'] If Codecov did not locate your files, please review https://docs.codecov.com/docs/supported-report-formats
2023-04-26T18:49:00.4196398Z [2023-04-26T18:49:00.419Z] ['info'] => Found 1 possible coverage files:
2023-04-26T18:49:00.4197283Z   coverage.xml
2023-04-26T18:49:00.4205383Z [2023-04-26T18:49:00.419Z] ['info'] Processing /home/runner/work/tinuous/tinuous/coverage.xml...
2023-04-26T18:49:00.4236271Z [2023-04-26T18:49:00.423Z] ['info'] Detected GitHub Actions as the CI provider.
2023-04-26T18:49:01.0948932Z [2023-04-26T18:49:01.094Z] ['info'] Pinging Codecov: https://codecov.io/upload/v4?package=github-action-3.1.3-uploader-0.5.0&token=*******&branch=gh-124&build=4812280273&build_url=https%3A%2F%2Fgithub.com%2Fcon%2Ftinuous%2Factions%2Fruns%2F4812280273&commit=9b9d1937c93464c42617651615e7aad2a05b5ef3&job=Test&pr=164&service=github-actions&slug=con%2Ftinuous&name=&tag=&flags=&parent=
2023-04-26T18:49:01.6913867Z [2023-04-26T18:49:01.690Z] ['info'] https://app.codecov.io/github/con/tinuous/commit/9b9d1937c93464c42617651615e7aad2a05b5ef3
2023-04-26T18:49:01.6915489Z https://storage.googleapis.com/codecov/v4/raw/2023-04-26/0010CBA6D851417C00BB0BC3FC5895F9/9b9d1937c93464c42617651615e7aad2a05b5ef3/513cad09-281e-481c-9d5b-6d5b23a65c11.txt?X-Amz-Algorithm=AWS4-HMAC-SHA256&X-Amz-Credential=GOOG1EJOGFN2JQ4OCTGA2MU5AEIT7OT5Z7HTFOAN2SPG4NWSN2UJYOY5U6LZQ%2F20230426%2FUS%2Fs3%2Faws4_request&X-Amz-Date=20230426T184901Z&X-Amz-Expires=10&X-Amz-SignedHeaders=host&X-Amz-Signature=cbfa72cc001324bab84d6abdda973ceb15baba59b70770451a30c9d20cb9788c
2023-04-26T18:49:01.6920539Z [2023-04-26T18:49:01.691Z] ['info'] Uploading...
2023-04-26T18:49:01.9984733Z [2023-04-26T18:49:01.998Z] ['info'] {"status":"success","resultURL":"https://app.codecov.io/github/con/tinuous/commit/9b9d1937c93464c42617651615e7aad2a05b5ef3"}
2023-04-26T18:49:02.0326733Z Post job cleanup.
2023-04-26T18:49:02.1875251Z Post job cleanup.
2023-04-26T18:49:02.2899183Z [command]/usr/bin/git version
2023-04-26T18:49:02.2942662Z git version 2.40.1
2023-04-26T18:49:02.2984592Z Temporarily overriding HOME='/home/runner/work/_temp/29816adb-f4a6-4926-9789-df6110d299eb' before making global git config changes
2023-04-26T18:49:02.2985665Z Adding repository directory to the temporary git global config as a safe directory
2023-04-26T18:49:02.2991386Z [command]/usr/bin/git config --global --add safe.directory /home/runner/work/tinuous/tinuous
2023-04-26T18:49:02.3028895Z [command]/usr/bin/git config --local --name-only --get-regexp core\.sshCommand
2023-04-26T18:49:02.3061681Z [command]/usr/bin/git submodule foreach --recursive sh -c "git config --local --name-only --get-regexp 'core\.sshCommand' && git config --local --unset-all 'core.sshCommand' || :"
2023-04-26T18:49:02.3344009Z [command]/usr/bin/git config --local --name-only --get-regexp http\.https\:\/\/github\.com\/\.extraheader
2023-04-26T18:49:02.3375242Z http.https://github.com/.extraheader
2023-04-26T18:49:02.3387440Z [command]/usr/bin/git config --local --unset-all http.https://github.com/.extraheader
2023-04-26T18:49:02.3427744Z [command]/usr/bin/git submodule foreach --recursive sh -c "git config --local --name-only --get-regexp 'http\.https\:\/\/github\.com\/\.extraheader' && git config --local --unset-all 'http.https://github.com/.extraheader' || :"
2023-04-26T18:49:02.3860900Z Cleaning up orphan processes
