2021-06-08T16:12:35.5546275Z ##[section]Starting: Request a runner to run this job
2021-06-08T16:12:36.2789588Z Can't find any online and idle self-hosted runner in current repository that matches the required labels: 'ubuntu-latest'
2021-06-08T16:12:36.2789709Z Can't find any online and idle self-hosted runner in current repository's account/organization that matches the required labels: 'ubuntu-latest'
2021-06-08T16:12:36.2789874Z Found online and idle hosted runner in current repository's account/organization that matches the required labels: 'ubuntu-latest'
2021-06-08T16:12:36.4330186Z ##[section]Finishing: Request a runner to run this job
2021-06-08T16:12:43.1369679Z Current runner version: '2.278.0'
2021-06-08T16:12:43.1397661Z ##[group]Operating System
2021-06-08T16:12:43.1398595Z Ubuntu
2021-06-08T16:12:43.1399140Z 20.04.2
2021-06-08T16:12:43.1399562Z LTS
2021-06-08T16:12:43.1400193Z ##[endgroup]
2021-06-08T16:12:43.1400785Z ##[group]Virtual Environment
2021-06-08T16:12:43.1401501Z Environment: ubuntu-20.04
2021-06-08T16:12:43.1402069Z Version: 20210606.1
2021-06-08T16:12:43.1403181Z Included Software: https://github.com/actions/virtual-environments/blob/ubuntu20/20210606.1/images/linux/Ubuntu2004-README.md
2021-06-08T16:12:43.1404751Z Image Release: https://github.com/actions/virtual-environments/releases/tag/ubuntu20%2F20210606.1
2021-06-08T16:12:43.1405627Z ##[endgroup]
2021-06-08T16:12:43.1408008Z ##[group]GITHUB_TOKEN Permissions
2021-06-08T16:12:43.1409394Z Actions: write
2021-06-08T16:12:43.1409919Z Checks: write
2021-06-08T16:12:43.1410482Z Contents: write
2021-06-08T16:12:43.1411013Z Deployments: write
2021-06-08T16:12:43.1411687Z Discussions: write
2021-06-08T16:12:43.1412320Z Issues: write
2021-06-08T16:12:43.1412872Z Metadata: read
2021-06-08T16:12:43.1413382Z Packages: write
2021-06-08T16:12:43.1413965Z PullRequests: write
2021-06-08T16:12:43.1414607Z RepositoryProjects: write
2021-06-08T16:12:43.1415382Z SecurityEvents: write
2021-06-08T16:12:43.1415997Z Statuses: write
2021-06-08T16:12:43.1416632Z ##[endgroup]
2021-06-08T16:12:43.1419996Z Prepare workflow directory
2021-06-08T16:12:43.2114835Z Prepare all required actions
2021-06-08T16:12:43.2126568Z Getting action download info
2021-06-08T16:12:43.6482653Z Download action repository 'actions/checkout@v2'
2021-06-08T16:12:45.6696233Z Download action repository 'actions/setup-python@v2'
2021-06-08T16:12:46.1315174Z Download action repository 'codecov/codecov-action@v1'
2021-06-08T16:12:46.7803791Z ##[group]Run actions/checkout@v2
2021-06-08T16:12:46.7804452Z with:
2021-06-08T16:12:46.7804826Z   fetch-depth: 0
2021-06-08T16:12:46.7805273Z   repository: con/tinuous
2021-06-08T16:12:46.7806531Z   token: ***
2021-06-08T16:12:46.7806973Z   ssh-strict: true
2021-06-08T16:12:46.7807497Z   persist-credentials: true
2021-06-08T16:12:46.7807983Z   clean: true
2021-06-08T16:12:46.7808353Z   lfs: false
2021-06-08T16:12:46.7808744Z   submodules: false
2021-06-08T16:12:46.7809165Z ##[endgroup]
2021-06-08T16:12:47.6856105Z Syncing repository: con/tinuous
2021-06-08T16:12:47.6856917Z ##[group]Getting Git version info
2021-06-08T16:12:47.6857966Z Working directory is '/home/runner/work/tinuous/tinuous'
2021-06-08T16:12:47.6858651Z [command]/usr/bin/git version
2021-06-08T16:12:47.6859477Z git version 2.31.1
2021-06-08T16:12:47.6864522Z ##[endgroup]
2021-06-08T16:12:47.6865617Z Deleting the contents of '/home/runner/work/tinuous/tinuous'
2021-06-08T16:12:47.6867269Z ##[group]Initializing the repository
2021-06-08T16:12:47.6867984Z [command]/usr/bin/git init /home/runner/work/tinuous/tinuous
2021-06-08T16:12:47.6869289Z hint: Using 'master' as the name for the initial branch. This default branch name
2021-06-08T16:12:47.6870417Z hint: is subject to change. To configure the initial branch name to use in all
2021-06-08T16:12:47.6871457Z hint: of your new repositories, which will suppress this warning, call:
2021-06-08T16:12:47.6872855Z hint: 
2021-06-08T16:12:47.6873687Z hint: 	git config --global init.defaultBranch <name>
2021-06-08T16:12:47.6874245Z hint: 
2021-06-08T16:12:47.6874990Z hint: Names commonly chosen instead of 'master' are 'main', 'trunk' and
2021-06-08T16:12:47.6876308Z hint: 'development'. The just-created branch can be renamed via this command:
2021-06-08T16:12:47.6877120Z hint: 
2021-06-08T16:12:47.6877883Z hint: 	git branch -m <name>
2021-06-08T16:12:47.6878788Z Initialized empty Git repository in /home/runner/work/tinuous/tinuous/.git/
2021-06-08T16:12:47.6879751Z [command]/usr/bin/git remote add origin https://github.com/con/tinuous
2021-06-08T16:12:47.6880596Z ##[endgroup]
2021-06-08T16:12:47.6881204Z ##[group]Disabling automatic garbage collection
2021-06-08T16:12:47.6882229Z [command]/usr/bin/git config --local gc.auto 0
2021-06-08T16:12:47.6883345Z ##[endgroup]
2021-06-08T16:12:47.6885356Z ##[group]Setting up auth
2021-06-08T16:12:47.6887092Z [command]/usr/bin/git config --local --name-only --get-regexp core\.sshCommand
2021-06-08T16:12:47.6888972Z [command]/usr/bin/git submodule foreach --recursive git config --local --name-only --get-regexp 'core\.sshCommand' && git config --local --unset-all 'core.sshCommand' || :
2021-06-08T16:12:47.6922214Z [command]/usr/bin/git config --local --name-only --get-regexp http\.https\:\/\/github\.com\/\.extraheader
2021-06-08T16:12:47.6924500Z [command]/usr/bin/git submodule foreach --recursive git config --local --name-only --get-regexp 'http\.https\:\/\/github\.com\/\.extraheader' && git config --local --unset-all 'http.https://github.com/.extraheader' || :
2021-06-08T16:12:47.6927232Z [command]/usr/bin/git config --local http.https://github.com/.extraheader AUTHORIZATION: basic ***
2021-06-08T16:12:47.6928393Z ##[endgroup]
2021-06-08T16:12:47.6929096Z ##[group]Fetching the repository
2021-06-08T16:12:47.6931169Z [command]/usr/bin/git -c protocol.version=2 fetch --prune --progress --no-recurse-submodules origin +refs/heads/*:refs/remotes/origin/* +refs/tags/*:refs/tags/*
2021-06-08T16:12:47.7292229Z remote: Enumerating objects: 457, done.        
2021-06-08T16:12:47.7293375Z remote: Counting objects:   0% (1/457)        
2021-06-08T16:12:47.7294609Z remote: Counting objects:   1% (5/457)        
2021-06-08T16:12:47.7295586Z remote: Counting objects:   2% (10/457)        
2021-06-08T16:12:47.7296387Z remote: Counting objects:   3% (14/457)        
2021-06-08T16:12:47.7296955Z remote: Counting objects:   4% (19/457)        
2021-06-08T16:12:47.7299504Z remote: Counting objects:   5% (23/457)        
2021-06-08T16:12:47.7305360Z remote: Counting objects:   6% (28/457)        
2021-06-08T16:12:47.7308730Z remote: Counting objects:   7% (32/457)        
2021-06-08T16:12:47.7309282Z remote: Counting objects:   8% (37/457)        
2021-06-08T16:12:47.7309824Z remote: Counting objects:   9% (42/457)        
2021-06-08T16:12:47.7313742Z remote: Counting objects:  10% (46/457)        
2021-06-08T16:12:47.7314316Z remote: Counting objects:  11% (51/457)        
2021-06-08T16:12:47.7314867Z remote: Counting objects:  12% (55/457)        
2021-06-08T16:12:47.7315394Z remote: Counting objects:  13% (60/457)        
2021-06-08T16:12:47.7315931Z remote: Counting objects:  14% (64/457)        
2021-06-08T16:12:47.7316460Z remote: Counting objects:  15% (69/457)        
2021-06-08T16:12:47.7317003Z remote: Counting objects:  16% (74/457)        
2021-06-08T16:12:47.7317541Z remote: Counting objects:  17% (78/457)        
2021-06-08T16:12:47.7318068Z remote: Counting objects:  18% (83/457)        
2021-06-08T16:12:47.7318625Z remote: Counting objects:  19% (87/457)        
2021-06-08T16:12:47.7319153Z remote: Counting objects:  20% (92/457)        
2021-06-08T16:12:47.7320153Z remote: Counting objects:  21% (96/457)        
2021-06-08T16:12:47.7320695Z remote: Counting objects:  22% (101/457)        
2021-06-08T16:12:47.7321544Z remote: Counting objects:  23% (106/457)        
2021-06-08T16:12:47.7322106Z remote: Counting objects:  24% (110/457)        
2021-06-08T16:12:47.7322653Z remote: Counting objects:  25% (115/457)        
2021-06-08T16:12:47.7323195Z remote: Counting objects:  26% (119/457)        
2021-06-08T16:12:47.7323723Z remote: Counting objects:  27% (124/457)        
2021-06-08T16:12:47.7324261Z remote: Counting objects:  28% (128/457)        
2021-06-08T16:12:47.7324789Z remote: Counting objects:  29% (133/457)        
2021-06-08T16:12:47.7325326Z remote: Counting objects:  30% (138/457)        
2021-06-08T16:12:47.7325853Z remote: Counting objects:  31% (142/457)        
2021-06-08T16:12:47.7326639Z remote: Counting objects:  32% (147/457)        
2021-06-08T16:12:47.7327187Z remote: Counting objects:  33% (151/457)        
2021-06-08T16:12:47.7327728Z remote: Counting objects:  34% (156/457)        
2021-06-08T16:12:47.7328267Z remote: Counting objects:  35% (160/457)        
2021-06-08T16:12:47.7328991Z remote: Counting objects:  36% (165/457)        
2021-06-08T16:12:47.7329530Z remote: Counting objects:  37% (170/457)        
2021-06-08T16:12:47.7330057Z remote: Counting objects:  38% (174/457)        
2021-06-08T16:12:47.7330644Z remote: Counting objects:  39% (179/457)        
2021-06-08T16:12:47.7331170Z remote: Counting objects:  40% (183/457)        
2021-06-08T16:12:47.7331709Z remote: Counting objects:  41% (188/457)        
2021-06-08T16:12:47.7333352Z remote: Counting objects:  42% (192/457)        
2021-06-08T16:12:47.7335001Z remote: Counting objects:  43% (197/457)        
2021-06-08T16:12:47.7335982Z remote: Counting objects:  44% (202/457)        
2021-06-08T16:12:47.7336548Z remote: Counting objects:  45% (206/457)        
2021-06-08T16:12:47.7338184Z remote: Counting objects:  46% (211/457)        
2021-06-08T16:12:47.7338717Z remote: Counting objects:  47% (215/457)        
2021-06-08T16:12:47.7339255Z remote: Counting objects:  48% (220/457)        
2021-06-08T16:12:47.7339797Z remote: Counting objects:  49% (224/457)        
2021-06-08T16:12:47.7340335Z remote: Counting objects:  50% (229/457)        
2021-06-08T16:12:47.7340866Z remote: Counting objects:  51% (234/457)        
2021-06-08T16:12:47.7341407Z remote: Counting objects:  52% (238/457)        
2021-06-08T16:12:47.7341936Z remote: Counting objects:  53% (243/457)        
2021-06-08T16:12:47.7342476Z remote: Counting objects:  54% (247/457)        
2021-06-08T16:12:47.7343012Z remote: Counting objects:  55% (252/457)        
2021-06-08T16:12:47.7343708Z remote: Counting objects:  56% (256/457)        
2021-06-08T16:12:47.7345117Z remote: Counting objects:  57% (261/457)        
2021-06-08T16:12:47.7345667Z remote: Counting objects:  58% (266/457)        
2021-06-08T16:12:47.7346358Z remote: Counting objects:  59% (270/457)        
2021-06-08T16:12:47.7346930Z remote: Counting objects:  60% (275/457)        
2021-06-08T16:12:47.7347470Z remote: Counting objects:  61% (279/457)        
2021-06-08T16:12:47.7348161Z remote: Counting objects:  62% (284/457)        
2021-06-08T16:12:47.7348699Z remote: Counting objects:  63% (288/457)        
2021-06-08T16:12:47.7349235Z remote: Counting objects:  64% (293/457)        
2021-06-08T16:12:47.7349762Z remote: Counting objects:  65% (298/457)        
2021-06-08T16:12:47.7350296Z remote: Counting objects:  66% (302/457)        
2021-06-08T16:12:47.7350822Z remote: Counting objects:  67% (307/457)        
2021-06-08T16:12:47.7351356Z remote: Counting objects:  68% (311/457)        
2021-06-08T16:12:47.7351879Z remote: Counting objects:  69% (316/457)        
2021-06-08T16:12:47.7352418Z remote: Counting objects:  70% (320/457)        
2021-06-08T16:12:47.7352951Z remote: Counting objects:  71% (325/457)        
2021-06-08T16:12:47.7353484Z remote: Counting objects:  72% (330/457)        
2021-06-08T16:12:47.7354021Z remote: Counting objects:  73% (334/457)        
2021-06-08T16:12:47.7354545Z remote: Counting objects:  74% (339/457)        
2021-06-08T16:12:47.7355079Z remote: Counting objects:  75% (343/457)        
2021-06-08T16:12:47.7355613Z remote: Counting objects:  76% (348/457)        
2021-06-08T16:12:47.7356154Z remote: Counting objects:  77% (352/457)        
2021-06-08T16:12:47.7356675Z remote: Counting objects:  78% (357/457)        
2021-06-08T16:12:47.7357217Z remote: Counting objects:  79% (362/457)        
2021-06-08T16:12:47.7358411Z remote: Counting objects:  80% (366/457)        
2021-06-08T16:12:47.7359021Z remote: Counting objects:  81% (371/457)        
2021-06-08T16:12:47.7359557Z remote: Counting objects:  82% (375/457)        
2021-06-08T16:12:47.7360086Z remote: Counting objects:  83% (380/457)        
2021-06-08T16:12:47.7361366Z remote: Counting objects:  84% (384/457)        
2021-06-08T16:12:47.7361927Z remote: Counting objects:  85% (389/457)        
2021-06-08T16:12:47.7362468Z remote: Counting objects:  86% (394/457)        
2021-06-08T16:12:47.7362997Z remote: Counting objects:  87% (398/457)        
2021-06-08T16:12:47.7363532Z remote: Counting objects:  88% (403/457)        
2021-06-08T16:12:47.7364242Z remote: Counting objects:  89% (407/457)        
2021-06-08T16:12:47.7364770Z remote: Counting objects:  90% (412/457)        
2021-06-08T16:12:47.7365309Z remote: Counting objects:  91% (416/457)        
2021-06-08T16:12:47.7366902Z remote: Counting objects:  92% (421/457)        
2021-06-08T16:12:47.7367534Z remote: Counting objects:  93% (426/457)        
2021-06-08T16:12:47.7368069Z remote: Counting objects:  94% (430/457)        
2021-06-08T16:12:47.7368817Z remote: Counting objects:  95% (435/457)        
2021-06-08T16:12:47.7371004Z remote: Counting objects:  96% (439/457)        
2021-06-08T16:12:47.7371966Z remote: Counting objects:  97% (444/457)        
2021-06-08T16:12:47.7372596Z remote: Counting objects:  98% (448/457)        
2021-06-08T16:12:47.7373261Z remote: Counting objects:  99% (453/457)        
2021-06-08T16:12:47.7373870Z remote: Counting objects: 100% (457/457)        
2021-06-08T16:12:47.7374533Z remote: Counting objects: 100% (457/457), done.        
2021-06-08T16:12:47.7375169Z remote: Compressing objects:   0% (1/244)        
2021-06-08T16:12:47.7375864Z remote: Compressing objects:   1% (3/244)        
2021-06-08T16:12:47.7376559Z remote: Compressing objects:   2% (5/244)        
2021-06-08T16:12:47.7377297Z remote: Compressing objects:   3% (8/244)        
2021-06-08T16:12:47.7379848Z remote: Compressing objects:   4% (10/244)        
2021-06-08T16:12:47.7380542Z remote: Compressing objects:   5% (13/244)        
2021-06-08T16:12:47.7381824Z remote: Compressing objects:   6% (15/244)        
2021-06-08T16:12:47.7383343Z remote: Compressing objects:   7% (18/244)        
2021-06-08T16:12:47.7384048Z remote: Compressing objects:   8% (20/244)        
2021-06-08T16:12:47.7384872Z remote: Compressing objects:   9% (22/244)        
2021-06-08T16:12:47.7385568Z remote: Compressing objects:  10% (25/244)        
2021-06-08T16:12:47.7386186Z remote: Compressing objects:  11% (27/244)        
2021-06-08T16:12:47.7386863Z remote: Compressing objects:  12% (30/244)        
2021-06-08T16:12:47.7538115Z remote: Compressing objects:  13% (32/244)        
2021-06-08T16:12:47.7538796Z remote: Compressing objects:  14% (35/244)        
2021-06-08T16:12:47.7539492Z remote: Compressing objects:  15% (37/244)        
2021-06-08T16:12:47.7540114Z remote: Compressing objects:  16% (40/244)        
2021-06-08T16:12:47.7540832Z remote: Compressing objects:  17% (42/244)        
2021-06-08T16:12:47.7541461Z remote: Compressing objects:  18% (44/244)        
2021-06-08T16:12:47.7542124Z remote: Compressing objects:  19% (47/244)        
2021-06-08T16:12:47.7542754Z remote: Compressing objects:  20% (49/244)        
2021-06-08T16:12:47.7543420Z remote: Compressing objects:  21% (52/244)        
2021-06-08T16:12:47.7544126Z remote: Compressing objects:  22% (54/244)        
2021-06-08T16:12:47.7544755Z remote: Compressing objects:  23% (57/244)        
2021-06-08T16:12:47.7545448Z remote: Compressing objects:  24% (59/244)        
2021-06-08T16:12:47.7546062Z remote: Compressing objects:  25% (61/244)        
2021-06-08T16:12:47.7546732Z remote: Compressing objects:  26% (64/244)        
2021-06-08T16:12:47.7547349Z remote: Compressing objects:  27% (66/244)        
2021-06-08T16:12:47.7548039Z remote: Compressing objects:  28% (69/244)        
2021-06-08T16:12:47.7548656Z remote: Compressing objects:  29% (71/244)        
2021-06-08T16:12:47.7549332Z remote: Compressing objects:  30% (74/244)        
2021-06-08T16:12:47.7549992Z remote: Compressing objects:  31% (76/244)        
2021-06-08T16:12:47.7550606Z remote: Compressing objects:  32% (79/244)        
2021-06-08T16:12:47.7551295Z remote: Compressing objects:  33% (81/244)        
2021-06-08T16:12:47.7551921Z remote: Compressing objects:  34% (83/244)        
2021-06-08T16:12:47.7553455Z remote: Compressing objects:  35% (86/244)        
2021-06-08T16:12:47.7554097Z remote: Compressing objects:  36% (88/244)        
2021-06-08T16:12:47.7554758Z remote: Compressing objects:  37% (91/244)        
2021-06-08T16:12:47.7555607Z remote: Compressing objects:  38% (93/244)        
2021-06-08T16:12:47.7556292Z remote: Compressing objects:  39% (96/244)        
2021-06-08T16:12:47.7556954Z remote: Compressing objects:  40% (98/244)        
2021-06-08T16:12:47.7557569Z remote: Compressing objects:  41% (101/244)        
2021-06-08T16:12:47.7558239Z remote: Compressing objects:  42% (103/244)        
2021-06-08T16:12:47.7558887Z remote: Compressing objects:  43% (105/244)        
2021-06-08T16:12:47.7559594Z remote: Compressing objects:  44% (108/244)        
2021-06-08T16:12:47.7560217Z remote: Compressing objects:  45% (110/244)        
2021-06-08T16:12:47.7560881Z remote: Compressing objects:  46% (113/244)        
2021-06-08T16:12:47.7561508Z remote: Compressing objects:  47% (115/244)        
2021-06-08T16:12:47.7562218Z remote: Compressing objects:  48% (118/244)        
2021-06-08T16:12:47.7562887Z remote: Compressing objects:  49% (120/244)        
2021-06-08T16:12:47.7563500Z remote: Compressing objects:  50% (122/244)        
2021-06-08T16:12:47.7564170Z remote: Compressing objects:  51% (125/244)        
2021-06-08T16:12:47.7564791Z remote: Compressing objects:  52% (127/244)        
2021-06-08T16:12:47.7565495Z remote: Compressing objects:  53% (130/244)        
2021-06-08T16:12:47.7590465Z remote: Compressing objects:  54% (132/244)        
2021-06-08T16:12:47.7591132Z remote: Compressing objects:  55% (135/244)        
2021-06-08T16:12:47.7591806Z remote: Compressing objects:  56% (137/244)        
2021-06-08T16:12:47.7592656Z remote: Compressing objects:  57% (140/244)        
2021-06-08T16:12:47.7593400Z remote: Compressing objects:  58% (142/244)        
2021-06-08T16:12:47.7594072Z remote: Compressing objects:  59% (144/244)        
2021-06-08T16:12:47.7594844Z remote: Compressing objects:  60% (147/244)        
2021-06-08T16:12:47.7595561Z remote: Compressing objects:  61% (149/244)        
2021-06-08T16:12:47.7596199Z remote: Compressing objects:  62% (152/244)        
2021-06-08T16:12:47.7596899Z remote: Compressing objects:  63% (154/244)        
2021-06-08T16:12:47.7597533Z remote: Compressing objects:  64% (157/244)        
2021-06-08T16:12:47.7598202Z remote: Compressing objects:  65% (159/244)        
2021-06-08T16:12:47.7598836Z remote: Compressing objects:  66% (162/244)        
2021-06-08T16:12:47.7599510Z remote: Compressing objects:  67% (164/244)        
2021-06-08T16:12:47.7600226Z remote: Compressing objects:  68% (166/244)        
2021-06-08T16:12:47.7600847Z remote: Compressing objects:  69% (169/244)        
2021-06-08T16:12:47.7601526Z remote: Compressing objects:  70% (171/244)        
2021-06-08T16:12:47.7602141Z remote: Compressing objects:  71% (174/244)        
2021-06-08T16:12:47.7602806Z remote: Compressing objects:  72% (176/244)        
2021-06-08T16:12:47.7603453Z remote: Compressing objects:  73% (179/244)        
2021-06-08T16:12:47.7604116Z remote: Compressing objects:  74% (181/244)        
2021-06-08T16:12:47.7604729Z remote: Compressing objects:  75% (183/244)        
2021-06-08T16:12:47.7605421Z remote: Compressing objects:  76% (186/244)        
2021-06-08T16:12:47.7606275Z remote: Compressing objects:  77% (188/244)        
2021-06-08T16:12:47.7606941Z remote: Compressing objects:  78% (191/244)        
2021-06-08T16:12:47.7607605Z remote: Compressing objects:  79% (193/244)        
2021-06-08T16:12:47.7608868Z remote: Compressing objects:  80% (196/244)        
2021-06-08T16:12:47.7609563Z remote: Compressing objects:  81% (198/244)        
2021-06-08T16:12:47.7610194Z remote: Compressing objects:  82% (201/244)        
2021-06-08T16:12:47.7610902Z remote: Compressing objects:  83% (203/244)        
2021-06-08T16:12:47.7611522Z remote: Compressing objects:  84% (205/244)        
2021-06-08T16:12:47.7612218Z remote: Compressing objects:  85% (208/244)        
2021-06-08T16:12:47.7612892Z remote: Compressing objects:  86% (210/244)        
2021-06-08T16:12:47.7613506Z remote: Compressing objects:  87% (213/244)        
2021-06-08T16:12:47.7614236Z remote: Compressing objects:  88% (215/244)        
2021-06-08T16:12:47.7615088Z remote: Compressing objects:  89% (218/244)        
2021-06-08T16:12:47.7615759Z remote: Compressing objects:  90% (220/244)        
2021-06-08T16:12:47.7618782Z remote: Compressing objects:  91% (223/244)        
2021-06-08T16:12:47.7619433Z remote: Compressing objects:  92% (225/244)        
2021-06-08T16:12:47.7620150Z remote: Compressing objects:  93% (227/244)        
2021-06-08T16:12:47.7620789Z remote: Compressing objects:  94% (230/244)        
2021-06-08T16:12:47.7621459Z remote: Compressing objects:  95% (232/244)        
2021-06-08T16:12:47.7622128Z remote: Compressing objects:  96% (235/244)        
2021-06-08T16:12:47.7622744Z remote: Compressing objects:  97% (237/244)        
2021-06-08T16:12:47.7623449Z remote: Compressing objects:  98% (240/244)        
2021-06-08T16:12:47.7624092Z remote: Compressing objects:  99% (242/244)        
2021-06-08T16:12:47.7624756Z remote: Compressing objects: 100% (244/244)        
2021-06-08T16:12:47.7625399Z remote: Compressing objects: 100% (244/244), done.        
2021-06-08T16:12:47.7686154Z Receiving objects:   0% (1/457)
2021-06-08T16:12:47.7686864Z Receiving objects:   1% (5/457)
2021-06-08T16:12:47.7687392Z Receiving objects:   2% (10/457)
2021-06-08T16:12:47.7687977Z Receiving objects:   3% (14/457)
2021-06-08T16:12:47.7700888Z Receiving objects:   4% (19/457)
2021-06-08T16:12:47.7701606Z Receiving objects:   5% (23/457)
2021-06-08T16:12:47.7702192Z Receiving objects:   6% (28/457)
2021-06-08T16:12:47.7702763Z Receiving objects:   7% (32/457)
2021-06-08T16:12:47.7703276Z Receiving objects:   8% (37/457)
2021-06-08T16:12:47.7703853Z Receiving objects:   9% (42/457)
2021-06-08T16:12:47.7899665Z Receiving objects:  10% (46/457)
2021-06-08T16:12:47.7900425Z Receiving objects:  11% (51/457)
2021-06-08T16:12:47.7901146Z Receiving objects:  12% (55/457)
2021-06-08T16:12:47.7901682Z Receiving objects:  13% (60/457)
2021-06-08T16:12:47.7902244Z Receiving objects:  14% (64/457)
2021-06-08T16:12:47.7958862Z Receiving objects:  15% (69/457)
2021-06-08T16:12:47.7959599Z Receiving objects:  16% (74/457)
2021-06-08T16:12:47.7961210Z Receiving objects:  17% (78/457)
2021-06-08T16:12:47.7961778Z Receiving objects:  18% (83/457)
2021-06-08T16:12:47.7963263Z Receiving objects:  19% (87/457)
2021-06-08T16:12:47.7963768Z Receiving objects:  20% (92/457)
2021-06-08T16:12:47.8022825Z Receiving objects:  21% (96/457)
2021-06-08T16:12:47.8024372Z Receiving objects:  22% (101/457)
2021-06-08T16:12:47.8024949Z Receiving objects:  23% (106/457)
2021-06-08T16:12:47.8025449Z Receiving objects:  24% (110/457)
2021-06-08T16:12:47.8025993Z Receiving objects:  25% (115/457)
2021-06-08T16:12:47.8026595Z Receiving objects:  26% (119/457)
2021-06-08T16:12:47.8027090Z Receiving objects:  27% (124/457)
2021-06-08T16:12:47.8027646Z Receiving objects:  28% (128/457)
2021-06-08T16:12:47.8028139Z Receiving objects:  29% (133/457)
2021-06-08T16:12:47.8028692Z Receiving objects:  30% (138/457)
2021-06-08T16:12:47.8029213Z Receiving objects:  31% (142/457)
2021-06-08T16:12:47.8029765Z Receiving objects:  32% (147/457)
2021-06-08T16:12:47.8030254Z Receiving objects:  33% (151/457)
2021-06-08T16:12:47.8030794Z Receiving objects:  34% (156/457)
2021-06-08T16:12:47.8031285Z Receiving objects:  35% (160/457)
2021-06-08T16:12:47.8031883Z Receiving objects:  36% (165/457)
2021-06-08T16:12:47.8032428Z Receiving objects:  37% (170/457)
2021-06-08T16:12:47.8033042Z Receiving objects:  38% (174/457)
2021-06-08T16:12:47.8033602Z Receiving objects:  39% (179/457)
2021-06-08T16:12:47.8034123Z Receiving objects:  40% (183/457)
2021-06-08T16:12:47.8034702Z Receiving objects:  41% (188/457)
2021-06-08T16:12:47.8035264Z Receiving objects:  42% (192/457)
2021-06-08T16:12:47.8035821Z Receiving objects:  43% (197/457)
2021-06-08T16:12:47.8036340Z Receiving objects:  44% (202/457)
2021-06-08T16:12:47.8037022Z Receiving objects:  45% (206/457)
2021-06-08T16:12:47.8037517Z Receiving objects:  46% (211/457)
2021-06-08T16:12:47.8038079Z Receiving objects:  47% (215/457)
2021-06-08T16:12:47.8038731Z Receiving objects:  48% (220/457)
2021-06-08T16:12:47.8039274Z Receiving objects:  49% (224/457)
2021-06-08T16:12:47.8039825Z Receiving objects:  50% (229/457)
2021-06-08T16:12:47.8040316Z Receiving objects:  51% (234/457)
2021-06-08T16:12:47.8040881Z Receiving objects:  52% (238/457)
2021-06-08T16:12:47.8041372Z Receiving objects:  53% (243/457)
2021-06-08T16:12:47.8041924Z Receiving objects:  54% (247/457)
2021-06-08T16:12:47.8042416Z Receiving objects:  55% (252/457)
2021-06-08T16:12:47.8083536Z Receiving objects:  56% (256/457)
2021-06-08T16:12:47.8088926Z Receiving objects:  57% (261/457)
2021-06-08T16:12:47.8091474Z Receiving objects:  58% (266/457)
2021-06-08T16:12:47.8092124Z Receiving objects:  59% (270/457)
2021-06-08T16:12:47.8092683Z Receiving objects:  60% (275/457)
2021-06-08T16:12:47.8093253Z Receiving objects:  61% (279/457)
2021-06-08T16:12:47.8093806Z Receiving objects:  62% (284/457)
2021-06-08T16:12:47.8094439Z Receiving objects:  63% (288/457)
2021-06-08T16:12:47.8094954Z Receiving objects:  64% (293/457)
2021-06-08T16:12:47.8095543Z Receiving objects:  65% (298/457)
2021-06-08T16:12:47.8096051Z Receiving objects:  66% (302/457)
2021-06-08T16:12:47.8096627Z Receiving objects:  67% (307/457)
2021-06-08T16:12:47.8256898Z Receiving objects:  68% (311/457)
2021-06-08T16:12:47.8257940Z Receiving objects:  69% (316/457)
2021-06-08T16:12:47.8259235Z Receiving objects:  70% (320/457)
2021-06-08T16:12:47.8261118Z Receiving objects:  71% (325/457)
2021-06-08T16:12:47.8262216Z Receiving objects:  72% (330/457)
2021-06-08T16:12:47.8263275Z Receiving objects:  73% (334/457)
2021-06-08T16:12:47.8264310Z Receiving objects:  74% (339/457)
2021-06-08T16:12:47.8265239Z Receiving objects:  75% (343/457)
2021-06-08T16:12:47.8266263Z Receiving objects:  76% (348/457)
2021-06-08T16:12:47.8267340Z Receiving objects:  77% (352/457)
2021-06-08T16:12:47.8268259Z Receiving objects:  78% (357/457)
2021-06-08T16:12:47.8317047Z Receiving objects:  79% (362/457)
2021-06-08T16:12:47.8378553Z Receiving objects:  80% (366/457)
2021-06-08T16:12:47.8381191Z remote: Total 457 (delta 242), reused 338 (delta 161), pack-reused 0        
2021-06-08T16:12:47.8381942Z Receiving objects:  81% (371/457)
2021-06-08T16:12:47.8383767Z Receiving objects:  82% (375/457)
2021-06-08T16:12:47.8385478Z Receiving objects:  83% (380/457)
2021-06-08T16:12:47.8390527Z Receiving objects:  84% (384/457)
2021-06-08T16:12:47.8391126Z Receiving objects:  85% (389/457)
2021-06-08T16:12:47.8391626Z Receiving objects:  86% (394/457)
2021-06-08T16:12:47.8398944Z Receiving objects:  87% (398/457)
2021-06-08T16:12:47.8403613Z Receiving objects:  88% (403/457)
2021-06-08T16:12:47.8404259Z Receiving objects:  89% (407/457)
2021-06-08T16:12:47.8404758Z Receiving objects:  90% (412/457)
2021-06-08T16:12:47.8405318Z Receiving objects:  91% (416/457)
2021-06-08T16:12:47.8408029Z Receiving objects:  92% (421/457)
2021-06-08T16:12:47.8408716Z Receiving objects:  93% (426/457)
2021-06-08T16:12:47.8409280Z Receiving objects:  94% (430/457)
2021-06-08T16:12:47.8409853Z Receiving objects:  95% (435/457)
2021-06-08T16:12:47.8410434Z Receiving objects:  96% (439/457)
2021-06-08T16:12:47.8411090Z Receiving objects:  97% (444/457)
2021-06-08T16:12:47.8411632Z Receiving objects:  98% (448/457)
2021-06-08T16:12:47.8413050Z Receiving objects:  99% (453/457)
2021-06-08T16:12:47.8415327Z Receiving objects: 100% (457/457)
2021-06-08T16:12:47.8417599Z Receiving objects: 100% (457/457), 127.90 KiB | 1.73 MiB/s, done.
2021-06-08T16:12:47.8420280Z Resolving deltas:   0% (0/242)
2021-06-08T16:12:47.8421788Z Resolving deltas:   1% (3/242)
2021-06-08T16:12:47.8424118Z Resolving deltas:   2% (5/242)
2021-06-08T16:12:47.8428648Z Resolving deltas:   3% (8/242)
2021-06-08T16:12:47.8430059Z Resolving deltas:   4% (10/242)
2021-06-08T16:12:47.8432525Z Resolving deltas:   5% (13/242)
2021-06-08T16:12:47.8434825Z Resolving deltas:   6% (15/242)
2021-06-08T16:12:47.8563008Z Resolving deltas:   7% (17/242)
2021-06-08T16:12:47.8563505Z Resolving deltas:   8% (20/242)
2021-06-08T16:12:47.8563970Z Resolving deltas:   9% (22/242)
2021-06-08T16:12:47.8564658Z Resolving deltas:  10% (25/242)
2021-06-08T16:12:47.8565115Z Resolving deltas:  11% (27/242)
2021-06-08T16:12:47.8565577Z Resolving deltas:  12% (30/242)
2021-06-08T16:12:47.8566280Z Resolving deltas:  13% (32/242)
2021-06-08T16:12:47.8566768Z Resolving deltas:  14% (34/242)
2021-06-08T16:12:47.8567227Z Resolving deltas:  15% (37/242)
2021-06-08T16:12:47.8567759Z Resolving deltas:  16% (39/242)
2021-06-08T16:12:47.8568254Z Resolving deltas:  17% (42/242)
2021-06-08T16:12:47.8568713Z Resolving deltas:  18% (44/242)
2021-06-08T16:12:47.8569170Z Resolving deltas:  19% (46/242)
2021-06-08T16:12:47.8610579Z Resolving deltas:  20% (49/242)
2021-06-08T16:12:47.8611602Z Resolving deltas:  21% (51/242)
2021-06-08T16:12:47.8612174Z Resolving deltas:  22% (54/242)
2021-06-08T16:12:47.8612646Z Resolving deltas:  23% (56/242)
2021-06-08T16:12:47.8613117Z Resolving deltas:  24% (59/242)
2021-06-08T16:12:47.8614275Z Resolving deltas:  25% (61/242)
2021-06-08T16:12:47.8614814Z Resolving deltas:  26% (63/242)
2021-06-08T16:12:47.8615777Z Resolving deltas:  27% (66/242)
2021-06-08T16:12:47.8616250Z Resolving deltas:  28% (68/242)
2021-06-08T16:12:47.8616725Z Resolving deltas:  29% (71/242)
2021-06-08T16:12:47.8617183Z Resolving deltas:  30% (73/242)
2021-06-08T16:12:47.8618898Z Resolving deltas:  31% (76/242)
2021-06-08T16:12:47.8619378Z Resolving deltas:  32% (78/242)
2021-06-08T16:12:47.8619853Z Resolving deltas:  33% (80/242)
2021-06-08T16:12:47.8620314Z Resolving deltas:  34% (83/242)
2021-06-08T16:12:47.8620781Z Resolving deltas:  35% (85/242)
2021-06-08T16:12:47.8622343Z Resolving deltas:  36% (88/242)
2021-06-08T16:12:47.8623152Z Resolving deltas:  37% (90/242)
2021-06-08T16:12:47.8623651Z Resolving deltas:  38% (92/242)
2021-06-08T16:12:47.8624293Z Resolving deltas:  39% (95/242)
2021-06-08T16:12:47.8624907Z Resolving deltas:  40% (97/242)
2021-06-08T16:12:47.8625352Z Resolving deltas:  41% (100/242)
2021-06-08T16:12:47.8625810Z Resolving deltas:  42% (102/242)
2021-06-08T16:12:47.8626272Z Resolving deltas:  43% (105/242)
2021-06-08T16:12:47.8626730Z Resolving deltas:  44% (107/242)
2021-06-08T16:12:47.8627299Z Resolving deltas:  45% (109/242)
2021-06-08T16:12:47.8628380Z Resolving deltas:  46% (112/242)
2021-06-08T16:12:47.8628921Z Resolving deltas:  47% (114/242)
2021-06-08T16:12:47.8629866Z Resolving deltas:  48% (117/242)
2021-06-08T16:12:47.8630359Z Resolving deltas:  49% (119/242)
2021-06-08T16:12:47.8630818Z Resolving deltas:  50% (121/242)
2021-06-08T16:12:47.8631282Z Resolving deltas:  51% (124/242)
2021-06-08T16:12:47.8631737Z Resolving deltas:  52% (126/242)
2021-06-08T16:12:47.8632201Z Resolving deltas:  53% (129/242)
2021-06-08T16:12:47.8632660Z Resolving deltas:  54% (131/242)
2021-06-08T16:12:47.8633140Z Resolving deltas:  55% (134/242)
2021-06-08T16:12:47.8633601Z Resolving deltas:  56% (136/242)
2021-06-08T16:12:47.8634063Z Resolving deltas:  57% (138/242)
2021-06-08T16:12:47.8634520Z Resolving deltas:  58% (141/242)
2021-06-08T16:12:47.8634984Z Resolving deltas:  59% (143/242)
2021-06-08T16:12:47.8635453Z Resolving deltas:  60% (146/242)
2021-06-08T16:12:47.8635919Z Resolving deltas:  61% (148/242)
2021-06-08T16:12:47.8636385Z Resolving deltas:  62% (151/242)
2021-06-08T16:12:47.8636847Z Resolving deltas:  63% (153/242)
2021-06-08T16:12:47.8640619Z Resolving deltas:  64% (155/242)
2021-06-08T16:12:47.8641112Z Resolving deltas:  65% (158/242)
2021-06-08T16:12:47.8641592Z Resolving deltas:  66% (160/242)
2021-06-08T16:12:47.8642057Z Resolving deltas:  67% (163/242)
2021-06-08T16:12:47.8642528Z Resolving deltas:  68% (165/242)
2021-06-08T16:12:47.8642989Z Resolving deltas:  69% (167/242)
2021-06-08T16:12:47.8643461Z Resolving deltas:  70% (170/242)
2021-06-08T16:12:47.8643924Z Resolving deltas:  71% (172/242)
2021-06-08T16:12:47.8644411Z Resolving deltas:  72% (175/242)
2021-06-08T16:12:47.8644880Z Resolving deltas:  73% (177/242)
2021-06-08T16:12:47.8645357Z Resolving deltas:  74% (180/242)
2021-06-08T16:12:47.8645826Z Resolving deltas:  75% (182/242)
2021-06-08T16:12:47.8646757Z Resolving deltas:  76% (184/242)
2021-06-08T16:12:47.8647214Z Resolving deltas:  77% (187/242)
2021-06-08T16:12:47.8647658Z Resolving deltas:  78% (189/242)
2021-06-08T16:12:47.8648109Z Resolving deltas:  79% (192/242)
2021-06-08T16:12:47.8648556Z Resolving deltas:  80% (194/242)
2021-06-08T16:12:47.8649012Z Resolving deltas:  81% (197/242)
2021-06-08T16:12:47.8649457Z Resolving deltas:  82% (199/242)
2021-06-08T16:12:47.8649911Z Resolving deltas:  83% (201/242)
2021-06-08T16:12:47.8650358Z Resolving deltas:  84% (204/242)
2021-06-08T16:12:47.8650814Z Resolving deltas:  85% (206/242)
2021-06-08T16:12:47.8651269Z Resolving deltas:  86% (209/242)
2021-06-08T16:12:47.8651715Z Resolving deltas:  87% (212/242)
2021-06-08T16:12:47.8652183Z Resolving deltas:  88% (213/242)
2021-06-08T16:12:47.8652630Z Resolving deltas:  89% (216/242)
2021-06-08T16:12:47.8653087Z Resolving deltas:  90% (218/242)
2021-06-08T16:12:47.8653533Z Resolving deltas:  91% (221/242)
2021-06-08T16:12:47.8653989Z Resolving deltas:  92% (223/242)
2021-06-08T16:12:47.8654443Z Resolving deltas:  93% (226/242)
2021-06-08T16:12:47.8654898Z Resolving deltas:  94% (228/242)
2021-06-08T16:12:47.8655343Z Resolving deltas:  95% (230/242)
2021-06-08T16:12:47.8655796Z Resolving deltas:  96% (233/242)
2021-06-08T16:12:47.8656242Z Resolving deltas:  97% (235/242)
2021-06-08T16:12:47.8656699Z Resolving deltas:  98% (238/242)
2021-06-08T16:12:47.8657153Z Resolving deltas:  99% (240/242)
2021-06-08T16:12:47.8657594Z Resolving deltas: 100% (242/242)
2021-06-08T16:12:47.8658069Z Resolving deltas: 100% (242/242), done.
2021-06-08T16:12:47.8720497Z From https://github.com/con/tinuous
2021-06-08T16:12:47.8723495Z  * [new branch]      gh-55         -> origin/gh-55
2021-06-08T16:12:47.8737666Z  * [new branch]      gh-72         -> origin/gh-72
2021-06-08T16:12:47.8738964Z  * [new branch]      master        -> origin/master
2021-06-08T16:12:47.8740233Z  * [new branch]      test-appveyor -> origin/test-appveyor
2021-06-08T16:12:47.8741398Z  * [new tag]         0.1.0         -> 0.1.0
2021-06-08T16:12:47.8742407Z  * [new tag]         0.2.0         -> 0.2.0
2021-06-08T16:12:47.8758100Z [command]/usr/bin/git branch --list --remote origin/master
2021-06-08T16:12:47.8784151Z   origin/master
2021-06-08T16:12:47.8793987Z [command]/usr/bin/git rev-parse refs/remotes/origin/master
2021-06-08T16:12:47.8816471Z 690ef2379f142489907cf37fd8a7e30fc01c0a36
2021-06-08T16:12:47.8823175Z ##[endgroup]
2021-06-08T16:12:47.8824048Z ##[group]Determining the checkout info
2021-06-08T16:12:47.8825060Z ##[endgroup]
2021-06-08T16:12:47.8825660Z ##[group]Checking out the ref
2021-06-08T16:12:47.8832091Z [command]/usr/bin/git checkout --progress --force -B master refs/remotes/origin/master
2021-06-08T16:12:47.8890968Z Reset branch 'master'
2021-06-08T16:12:47.8897006Z Branch 'master' set up to track remote branch 'master' from 'origin'.
2021-06-08T16:12:47.8898352Z ##[endgroup]
2021-06-08T16:12:47.8941485Z [command]/usr/bin/git log -1 --format='%H'
2021-06-08T16:12:47.8964506Z '690ef2379f142489907cf37fd8a7e30fc01c0a36'
2021-06-08T16:12:47.9096597Z ##[group]Run actions/setup-python@v2
2021-06-08T16:12:47.9097113Z with:
2021-06-08T16:12:47.9097535Z   python-version: 3.8
2021-06-08T16:12:47.9098425Z   token: ***
2021-06-08T16:12:47.9098806Z ##[endgroup]
2021-06-08T16:12:47.9704394Z Successfully setup CPython (3.8.10)
2021-06-08T16:12:47.9877485Z ##[group]Run python -m pip install --upgrade pip wheel
2021-06-08T16:12:47.9878283Z [36;1mpython -m pip install --upgrade pip wheel[0m
2021-06-08T16:12:47.9879010Z [36;1mpython -m pip install --upgrade --upgrade-strategy=eager tox[0m
2021-06-08T16:12:47.9921750Z shell: /usr/bin/bash -e {0}
2021-06-08T16:12:47.9922155Z env:
2021-06-08T16:12:47.9922838Z   pythonLocation: /opt/hostedtoolcache/Python/3.8.10/x64
2021-06-08T16:12:47.9923687Z   LD_LIBRARY_PATH: /opt/hostedtoolcache/Python/3.8.10/x64/lib
2021-06-08T16:12:47.9924235Z ##[endgroup]
2021-06-08T16:12:48.6394612Z Requirement already satisfied: pip in /opt/hostedtoolcache/Python/3.8.10/x64/lib/python3.8/site-packages (21.1.2)
2021-06-08T16:12:48.8825128Z Collecting wheel
2021-06-08T16:12:48.9276508Z   Downloading wheel-0.36.2-py2.py3-none-any.whl (35 kB)
2021-06-08T16:12:48.9859114Z Installing collected packages: wheel
2021-06-08T16:12:49.0248214Z Successfully installed wheel-0.36.2
2021-06-08T16:12:49.7692990Z Collecting tox
2021-06-08T16:12:49.8152621Z   Downloading tox-3.23.1-py2.py3-none-any.whl (85 kB)
2021-06-08T16:12:49.8882346Z Collecting toml>=0.9.4
2021-06-08T16:12:49.8978381Z   Downloading toml-0.10.2-py2.py3-none-any.whl (16 kB)
2021-06-08T16:12:49.9768522Z Collecting packaging>=14
2021-06-08T16:12:49.9874334Z   Downloading packaging-20.9-py2.py3-none-any.whl (40 kB)
2021-06-08T16:12:50.0397646Z Collecting pluggy>=0.12.0
2021-06-08T16:12:50.0510387Z   Downloading pluggy-0.13.1-py2.py3-none-any.whl (18 kB)
2021-06-08T16:12:50.0898419Z Collecting filelock>=3.0.0
2021-06-08T16:12:50.1005296Z   Downloading filelock-3.0.12-py3-none-any.whl (7.6 kB)
2021-06-08T16:12:50.1581906Z Collecting py>=1.4.17
2021-06-08T16:12:50.1684617Z   Downloading py-1.10.0-py2.py3-none-any.whl (97 kB)
2021-06-08T16:12:50.2179698Z Collecting six>=1.14.0
2021-06-08T16:12:50.2317629Z   Downloading six-1.16.0-py2.py3-none-any.whl (11 kB)
2021-06-08T16:12:50.4705201Z Collecting virtualenv!=20.0.0,!=20.0.1,!=20.0.2,!=20.0.3,!=20.0.4,!=20.0.5,!=20.0.6,!=20.0.7,>=16.0.0
2021-06-08T16:12:50.4808862Z   Downloading virtualenv-20.4.7-py2.py3-none-any.whl (7.2 MB)
2021-06-08T16:12:50.8917172Z Collecting pyparsing>=2.0.2
2021-06-08T16:12:50.9024143Z   Downloading pyparsing-2.4.7-py2.py3-none-any.whl (67 kB)
2021-06-08T16:12:50.9917475Z Collecting distlib<1,>=0.3.1
2021-06-08T16:12:51.0037451Z   Downloading distlib-0.3.2-py2.py3-none-any.whl (338 kB)
2021-06-08T16:12:51.0402477Z Collecting appdirs<2,>=1.4.3
2021-06-08T16:12:51.0507575Z   Downloading appdirs-1.4.4-py2.py3-none-any.whl (9.6 kB)
2021-06-08T16:12:51.1772208Z Installing collected packages: six, pyparsing, filelock, distlib, appdirs, virtualenv, toml, py, pluggy, packaging, tox
2021-06-08T16:12:51.7836137Z Successfully installed appdirs-1.4.4 distlib-0.3.2 filelock-3.0.12 packaging-20.9 pluggy-0.13.1 py-1.10.0 pyparsing-2.4.7 six-1.16.0 toml-0.10.2 tox-3.23.1 virtualenv-20.4.7
2021-06-08T16:12:51.8591951Z ##[group]Run tox -e typing
2021-06-08T16:12:51.8592521Z [36;1mtox -e typing[0m
2021-06-08T16:12:51.8631254Z shell: /usr/bin/bash -e {0}
2021-06-08T16:12:51.8631646Z env:
2021-06-08T16:12:51.8632169Z   pythonLocation: /opt/hostedtoolcache/Python/3.8.10/x64
2021-06-08T16:12:51.8632893Z   LD_LIBRARY_PATH: /opt/hostedtoolcache/Python/3.8.10/x64/lib
2021-06-08T16:12:51.8633419Z ##[endgroup]
2021-06-08T16:12:52.0887591Z .package create: /home/runner/work/tinuous/tinuous/.tox/.package
2021-06-08T16:12:52.7926782Z .package installdeps: setuptools >= 46.4.0, wheel ~= 0.32
2021-06-08T16:12:56.3602596Z typing create: /home/runner/work/tinuous/tinuous/.tox/typing
2021-06-08T16:12:56.6660719Z typing installdeps: mypy~=0.570, pytest~=6.0, pytest-cov~=2.0
2021-06-08T16:13:03.0295966Z typing inst: /home/runner/work/tinuous/tinuous/.tox/.tmp/package/1/tinuous-0.2.0+32.g690ef23.tar.gz
2021-06-08T16:13:13.9863180Z typing installed: attrs==21.2.0,certifi==2021.5.30,cffi==1.14.5,chardet==4.0.0,click==8.0.1,click-loglevel==0.4.0.post1,coverage==5.5,Deprecated==1.2.12,idna==2.10,in-place==0.5.0,iniconfig==1.1.1,mypy==0.812,mypy-extensions==0.4.3,packaging==20.9,pluggy==0.13.1,py==1.10.0,pycparser==2.20,pydantic==1.8.2,PyGithub==1.55,PyJWT==2.1.0,PyNaCl==1.4.0,pyparsing==2.4.7,pytest==6.2.4,pytest-cov==2.12.1,python-dateutil==2.8.1,python-dotenv==0.17.1,PyYAML==5.4.1,requests==2.25.1,six==1.16.0,tinuous @ file:///home/runner/work/tinuous/tinuous/.tox/.tmp/package/1/tinuous-0.2.0%2B32.g690ef23.tar.gz,toml==0.10.2,typed-ast==1.4.3,typing-extensions==3.10.0.0,urllib3==1.26.5,wrapt==1.12.1
2021-06-08T16:13:13.9914816Z typing run-test-pre: PYTHONHASHSEED='2579962071'
2021-06-08T16:13:13.9916377Z typing run-test: commands[0] | mypy src test
2021-06-08T16:13:19.7929402Z Success: no issues found in 9 source files
2021-06-08T16:13:20.1585990Z ___________________________________ summary ____________________________________
2021-06-08T16:13:20.1586572Z   typing: commands succeeded
2021-06-08T16:13:20.1587116Z   congratulations :)
2021-06-08T16:13:20.1911572Z Post job cleanup.
2021-06-08T16:13:20.3042536Z [command]/usr/bin/git version
2021-06-08T16:13:20.3091345Z git version 2.31.1
2021-06-08T16:13:20.3141094Z [command]/usr/bin/git config --local --name-only --get-regexp core\.sshCommand
2021-06-08T16:13:20.3177459Z [command]/usr/bin/git submodule foreach --recursive git config --local --name-only --get-regexp 'core\.sshCommand' && git config --local --unset-all 'core.sshCommand' || :
2021-06-08T16:13:20.3422457Z [command]/usr/bin/git config --local --name-only --get-regexp http\.https\:\/\/github\.com\/\.extraheader
2021-06-08T16:13:20.3439995Z http.https://github.com/.extraheader
2021-06-08T16:13:20.3452419Z [command]/usr/bin/git config --local --unset-all http.https://github.com/.extraheader
2021-06-08T16:13:20.3492991Z [command]/usr/bin/git submodule foreach --recursive git config --local --name-only --get-regexp 'http\.https\:\/\/github\.com\/\.extraheader' && git config --local --unset-all 'http.https://github.com/.extraheader' || :
2021-06-08T16:13:20.3845050Z Cleaning up orphan processes
