2023-11-09T17:21:19.2881359Z Requested labels: ubuntu-latest
2023-11-09T17:21:19.2881683Z Job defined at: con/tinuous/.github/workflows/test.yml@refs/heads/master
2023-11-09T17:21:19.2881835Z Waiting for a runner to pick up this job...
2023-11-09T17:21:35.6755746Z Job is waiting for a hosted runner to come online.
2023-11-09T17:21:38.3354132Z Job is about to start running on the hosted runner: GitHub Actions 6 (hosted)
2023-11-09T17:21:41.9167794Z Current runner version: '2.311.0'
2023-11-09T17:21:41.9191523Z ##[group]Operating System
2023-11-09T17:21:41.9192277Z Ubuntu
2023-11-09T17:21:41.9192622Z 22.04.3
2023-11-09T17:21:41.9192929Z LTS
2023-11-09T17:21:41.9193348Z ##[endgroup]
2023-11-09T17:21:41.9193728Z ##[group]Runner Image
2023-11-09T17:21:41.9194138Z Image: ubuntu-22.04
2023-11-09T17:21:41.9194605Z Version: 20231030.2.0
2023-11-09T17:21:41.9195594Z Included Software: https://github.com/actions/runner-images/blob/ubuntu22/20231030.2/images/linux/Ubuntu2204-Readme.md
2023-11-09T17:21:41.9196998Z Image Release: https://github.com/actions/runner-images/releases/tag/ubuntu22%2F20231030.2
2023-11-09T17:21:41.9197919Z ##[endgroup]
2023-11-09T17:21:41.9198333Z ##[group]Runner Image Provisioner
2023-11-09T17:21:41.9198782Z 2.0.312.1
2023-11-09T17:21:41.9199188Z ##[endgroup]
2023-11-09T17:21:41.9201325Z ##[group]GITHUB_TOKEN Permissions
2023-11-09T17:21:41.9202987Z Actions: write
2023-11-09T17:21:41.9203426Z Checks: write
2023-11-09T17:21:41.9204043Z Contents: write
2023-11-09T17:21:41.9204536Z Deployments: write
2023-11-09T17:21:41.9204980Z Discussions: write
2023-11-09T17:21:41.9205446Z Issues: write
2023-11-09T17:21:41.9205826Z Metadata: read
2023-11-09T17:21:41.9206175Z Packages: write
2023-11-09T17:21:41.9206645Z Pages: write
2023-11-09T17:21:41.9207022Z PullRequests: write
2023-11-09T17:21:41.9207412Z RepositoryProjects: write
2023-11-09T17:21:41.9207958Z SecurityEvents: write
2023-11-09T17:21:41.9208372Z Statuses: write
2023-11-09T17:21:41.9208715Z ##[endgroup]
2023-11-09T17:21:41.9211783Z Secret source: Actions
2023-11-09T17:21:41.9212379Z Prepare workflow directory
2023-11-09T17:21:41.9832007Z Prepare all required actions
2023-11-09T17:21:41.9990887Z Getting action download info
2023-11-09T17:21:42.2175938Z Download action repository 'actions/checkout@v4' (SHA:b4ffde65f46336ab88eb53be808477a3936bae11)
2023-11-09T17:21:42.3419348Z Download action repository 'actions/setup-python@v4' (SHA:65d7f2d534ac1bc67fcd62888c5f4f3d2cb2b236)
2023-11-09T17:21:42.4212311Z Download action repository 'codecov/codecov-action@v3' (SHA:eaaf4bedf32dbdc6b720b63067d99c4d77d6047d)
2023-11-09T17:21:43.0092376Z Complete job name: test (pypy-3.10, py)
2023-11-09T17:21:43.1037681Z ##[group]Run actions/checkout@v4
2023-11-09T17:21:43.1038302Z with:
2023-11-09T17:21:43.1038684Z   fetch-depth: 0
2023-11-09T17:21:43.1039218Z   repository: con/tinuous
2023-11-09T17:21:43.1039880Z   token: ***
2023-11-09T17:21:43.1040291Z   ssh-strict: true
2023-11-09T17:21:43.1040806Z   persist-credentials: true
2023-11-09T17:21:43.1041324Z   clean: true
2023-11-09T17:21:43.1041772Z   sparse-checkout-cone-mode: true
2023-11-09T17:21:43.1042281Z   fetch-tags: false
2023-11-09T17:21:43.1042786Z   show-progress: true
2023-11-09T17:21:43.1043156Z   lfs: false
2023-11-09T17:21:43.1043519Z   submodules: false
2023-11-09T17:21:43.1044026Z   set-safe-directory: true
2023-11-09T17:21:43.1044437Z ##[endgroup]
2023-11-09T17:21:43.2592184Z Syncing repository: con/tinuous
2023-11-09T17:21:43.2594680Z ##[group]Getting Git version info
2023-11-09T17:21:43.2595775Z Working directory is '/home/runner/work/tinuous/tinuous'
2023-11-09T17:21:43.2597695Z [command]/usr/bin/git version
2023-11-09T17:21:43.2598874Z git version 2.42.0
2023-11-09T17:21:43.2601932Z ##[endgroup]
2023-11-09T17:21:43.2619631Z Temporarily overriding HOME='/home/runner/work/_temp/d12f4109-72a6-4782-b4e7-bfc8f42b0f5f' before making global git config changes
2023-11-09T17:21:43.2622131Z Adding repository directory to the temporary git global config as a safe directory
2023-11-09T17:21:43.2623808Z [command]/usr/bin/git config --global --add safe.directory /home/runner/work/tinuous/tinuous
2023-11-09T17:21:43.2658843Z Deleting the contents of '/home/runner/work/tinuous/tinuous'
2023-11-09T17:21:43.2664539Z ##[group]Initializing the repository
2023-11-09T17:21:43.2668235Z [command]/usr/bin/git init /home/runner/work/tinuous/tinuous
2023-11-09T17:21:43.2735364Z hint: Using 'master' as the name for the initial branch. This default branch name
2023-11-09T17:21:43.2737584Z hint: is subject to change. To configure the initial branch name to use in all
2023-11-09T17:21:43.2739693Z hint: of your new repositories, which will suppress this warning, call:
2023-11-09T17:21:43.2740864Z hint: 
2023-11-09T17:21:43.2741854Z hint: 	git config --global init.defaultBranch <name>
2023-11-09T17:21:43.2743002Z hint: 
2023-11-09T17:21:43.2743953Z hint: Names commonly chosen instead of 'master' are 'main', 'trunk' and
2023-11-09T17:21:43.2745739Z hint: 'development'. The just-created branch can be renamed via this command:
2023-11-09T17:21:43.2747078Z hint: 
2023-11-09T17:21:43.2747726Z hint: 	git branch -m <name>
2023-11-09T17:21:43.2748855Z Initialized empty Git repository in /home/runner/work/tinuous/tinuous/.git/
2023-11-09T17:21:43.2756990Z [command]/usr/bin/git remote add origin https://github.com/con/tinuous
2023-11-09T17:21:43.2788348Z ##[endgroup]
2023-11-09T17:21:43.2789463Z ##[group]Disabling automatic garbage collection
2023-11-09T17:21:43.2790886Z [command]/usr/bin/git config --local gc.auto 0
2023-11-09T17:21:43.2818946Z ##[endgroup]
2023-11-09T17:21:43.2820120Z ##[group]Setting up auth
2023-11-09T17:21:43.2824126Z [command]/usr/bin/git config --local --name-only --get-regexp core\.sshCommand
2023-11-09T17:21:43.2852049Z [command]/usr/bin/git submodule foreach --recursive sh -c "git config --local --name-only --get-regexp 'core\.sshCommand' && git config --local --unset-all 'core.sshCommand' || :"
2023-11-09T17:21:43.3152201Z [command]/usr/bin/git config --local --name-only --get-regexp http\.https\:\/\/github\.com\/\.extraheader
2023-11-09T17:21:43.3179738Z [command]/usr/bin/git submodule foreach --recursive sh -c "git config --local --name-only --get-regexp 'http\.https\:\/\/github\.com\/\.extraheader' && git config --local --unset-all 'http.https://github.com/.extraheader' || :"
2023-11-09T17:21:43.3411764Z [command]/usr/bin/git config --local http.https://github.com/.extraheader AUTHORIZATION: basic ***
2023-11-09T17:21:43.3447085Z ##[endgroup]
2023-11-09T17:21:43.3448509Z ##[group]Fetching the repository
2023-11-09T17:21:43.3457199Z [command]/usr/bin/git -c protocol.version=2 fetch --prune --no-recurse-submodules origin +refs/heads/*:refs/remotes/origin/* +refs/tags/*:refs/tags/*
2023-11-09T17:21:43.8790333Z From https://github.com/con/tinuous
2023-11-09T17:21:43.8792052Z  * [new branch]      gh-55           -> origin/gh-55
2023-11-09T17:21:43.8793462Z  * [new branch]      ghtoken         -> origin/ghtoken
2023-11-09T17:21:43.8794965Z  * [new branch]      headers         -> origin/headers
2023-11-09T17:21:43.8797162Z  * [new branch]      master          -> origin/master
2023-11-09T17:21:43.8798602Z  * [new branch]      mypy-import     -> origin/mypy-import
2023-11-09T17:21:43.8799932Z  * [new branch]      no-extra-search -> origin/no-extra-search
2023-11-09T17:21:43.8801296Z  * [new branch]      pragmata        -> origin/pragmata
2023-11-09T17:21:43.8803323Z  * [new branch]      test-appveyor   -> origin/test-appveyor
2023-11-09T17:21:43.8807636Z  * [new branch]      updates         -> origin/updates
2023-11-09T17:21:43.8809037Z  * [new tag]         0.1.0           -> 0.1.0
2023-11-09T17:21:43.8810346Z  * [new tag]         0.2.0           -> 0.2.0
2023-11-09T17:21:43.8811781Z  * [new tag]         0.3.0           -> 0.3.0
2023-11-09T17:21:43.8813001Z  * [new tag]         0.4.0           -> 0.4.0
2023-11-09T17:21:43.8814287Z  * [new tag]         0.5.0           -> 0.5.0
2023-11-09T17:21:43.8815667Z  * [new tag]         0.5.1           -> 0.5.1
2023-11-09T17:21:43.8816907Z  * [new tag]         0.5.2           -> 0.5.2
2023-11-09T17:21:43.8818340Z  * [new tag]         0.5.3           -> 0.5.3
2023-11-09T17:21:43.8819705Z  * [new tag]         0.5.4           -> 0.5.4
2023-11-09T17:21:43.8820939Z  * [new tag]         0.6.0           -> 0.6.0
2023-11-09T17:21:43.8822076Z  * [new tag]         0.6.1           -> 0.6.1
2023-11-09T17:21:43.8854039Z [command]/usr/bin/git branch --list --remote origin/master
2023-11-09T17:21:43.8876960Z   origin/master
2023-11-09T17:21:43.8886433Z [command]/usr/bin/git rev-parse refs/remotes/origin/master
2023-11-09T17:21:43.8907665Z f0341e9c3097754fda583bb84996a1bcf02ee4d0
2023-11-09T17:21:43.8914147Z ##[endgroup]
2023-11-09T17:21:43.8915764Z ##[group]Determining the checkout info
2023-11-09T17:21:43.8917247Z ##[endgroup]
2023-11-09T17:21:43.8918738Z ##[group]Checking out the ref
2023-11-09T17:21:43.8920463Z [command]/usr/bin/git checkout --progress --force -B master refs/remotes/origin/master
2023-11-09T17:21:43.8981261Z Reset branch 'master'
2023-11-09T17:21:43.8983327Z branch 'master' set up to track 'origin/master'.
2023-11-09T17:21:43.8990310Z ##[endgroup]
2023-11-09T17:21:43.9029463Z [command]/usr/bin/git log -1 --format='%H'
2023-11-09T17:21:43.9053215Z 'f0341e9c3097754fda583bb84996a1bcf02ee4d0'
2023-11-09T17:21:43.9412758Z ##[group]Run actions/setup-python@v4
2023-11-09T17:21:43.9413385Z with:
2023-11-09T17:21:43.9413862Z   python-version: pypy-3.10
2023-11-09T17:21:43.9414403Z   check-latest: false
2023-11-09T17:21:43.9415056Z   token: ***
2023-11-09T17:21:43.9415567Z   update-environment: true
2023-11-09T17:21:43.9416086Z   allow-prereleases: false
2023-11-09T17:21:43.9416564Z ##[endgroup]
2023-11-09T17:21:44.1373858Z ##[group]Installed versions
2023-11-09T17:21:44.1704373Z Successfully set up PyPy 7.3.13 with Python (3.10.13)
2023-11-09T17:21:44.1705973Z ##[endgroup]
2023-11-09T17:21:44.1841212Z ##[group]Run python -m pip install --upgrade pip wheel
2023-11-09T17:21:44.1842159Z [36;1mpython -m pip install --upgrade pip wheel[0m
2023-11-09T17:21:44.1843185Z [36;1mpython -m pip install --upgrade --upgrade-strategy=eager tox[0m
2023-11-09T17:21:44.1904352Z shell: /usr/bin/bash -e {0}
2023-11-09T17:21:44.1904896Z env:
2023-11-09T17:21:44.1905410Z   pythonLocation: /opt/hostedtoolcache/PyPy/3.10.13/x64
2023-11-09T17:21:44.1906396Z   Python_ROOT_DIR: /opt/hostedtoolcache/PyPy/3.10.13/x64
2023-11-09T17:21:44.1907224Z   Python2_ROOT_DIR: /opt/hostedtoolcache/PyPy/3.10.13/x64
2023-11-09T17:21:44.1907998Z   Python3_ROOT_DIR: /opt/hostedtoolcache/PyPy/3.10.13/x64
2023-11-09T17:21:44.1909061Z   PKG_CONFIG_PATH: /opt/hostedtoolcache/PyPy/3.10.13/x64/bin/lib/pkgconfig
2023-11-09T17:21:44.1909867Z ##[endgroup]
2023-11-09T17:21:49.0912276Z Requirement already satisfied: pip in /opt/hostedtoolcache/PyPy/3.10.13/x64/lib/pypy3.10/site-packages (23.0.1)
2023-11-09T17:21:49.3816457Z /opt/hostedtoolcache/PyPy/3.10.13/x64/lib/pypy3.10/site-packages/pip/_vendor/certifi/cacert.pem None
2023-11-09T17:21:49.3818389Z Collecting pip
2023-11-09T17:21:49.4149468Z /opt/hostedtoolcache/PyPy/3.10.13/x64/lib/pypy3.10/site-packages/pip/_vendor/certifi/cacert.pem None
2023-11-09T17:21:49.4151105Z   Downloading pip-23.3.1-py3-none-any.whl.metadata (3.5 kB)
2023-11-09T17:21:49.5022610Z Collecting wheel
2023-11-09T17:21:49.5093513Z   Downloading wheel-0.41.3-py3-none-any.whl.metadata (2.2 kB)
2023-11-09T17:21:49.5302849Z Downloading pip-23.3.1-py3-none-any.whl (2.1 MB)
2023-11-09T17:21:49.5757316Z    ━━━━━━━━━━━━━━━━━━━━━━━━━━━━━━━━━━━━━━━━ 2.1/2.1 MB 55.7 MB/s eta 0:00:00
2023-11-09T17:21:49.5822299Z Downloading wheel-0.41.3-py3-none-any.whl (65 kB)
2023-11-09T17:21:49.5928493Z    ━━━━━━━━━━━━━━━━━━━━━━━━━━━━━━━━━━━━━━━━ 65.8/65.8 kB 12.7 MB/s eta 0:00:00
2023-11-09T17:21:49.8043891Z Installing collected packages: wheel, pip
2023-11-09T17:21:49.9106205Z   Attempting uninstall: pip
2023-11-09T17:21:49.9129263Z     Found existing installation: pip 23.0.1
2023-11-09T17:21:50.0663040Z     Uninstalling pip-23.0.1:
2023-11-09T17:21:50.1463583Z       Successfully uninstalled pip-23.0.1
2023-11-09T17:21:51.7827488Z Successfully installed pip-23.3.1 wheel-0.41.3
2023-11-09T17:21:51.9988572Z /opt/hostedtoolcache/PyPy/3.10.13/x64/lib/pypy3.10/site-packages/pip/_vendor/certifi/cacert.pem None
2023-11-09T17:21:53.2569723Z /opt/hostedtoolcache/PyPy/3.10.13/x64/lib/pypy3.10/site-packages/pip/_vendor/certifi/cacert.pem None
2023-11-09T17:21:53.2571066Z Collecting tox
2023-11-09T17:21:53.3048999Z /opt/hostedtoolcache/PyPy/3.10.13/x64/lib/pypy3.10/site-packages/pip/_vendor/certifi/cacert.pem None
2023-11-09T17:21:53.3051420Z   Downloading tox-4.11.3-py3-none-any.whl.metadata (5.0 kB)
2023-11-09T17:21:53.4472942Z Collecting cachetools>=5.3.1 (from tox)
2023-11-09T17:21:53.4537104Z   Downloading cachetools-5.3.2-py3-none-any.whl.metadata (5.2 kB)
2023-11-09T17:21:53.4868641Z Collecting chardet>=5.2 (from tox)
2023-11-09T17:21:53.4939644Z   Downloading chardet-5.2.0-py3-none-any.whl.metadata (3.4 kB)
2023-11-09T17:21:53.5424737Z Collecting colorama>=0.4.6 (from tox)
2023-11-09T17:21:53.5483976Z   Downloading colorama-0.4.6-py2.py3-none-any.whl (25 kB)
2023-11-09T17:21:53.5968741Z Collecting filelock>=3.12.3 (from tox)
2023-11-09T17:21:53.6028314Z   Downloading filelock-3.13.1-py3-none-any.whl.metadata (2.8 kB)
2023-11-09T17:21:53.6595979Z Collecting packaging>=23.1 (from tox)
2023-11-09T17:21:53.6652915Z   Downloading packaging-23.2-py3-none-any.whl.metadata (3.2 kB)
2023-11-09T17:21:53.7109501Z Collecting platformdirs>=3.10 (from tox)
2023-11-09T17:21:53.7164471Z   Downloading platformdirs-3.11.0-py3-none-any.whl.metadata (11 kB)
2023-11-09T17:21:53.7517020Z Collecting pluggy>=1.3 (from tox)
2023-11-09T17:21:53.7594493Z   Downloading pluggy-1.3.0-py3-none-any.whl.metadata (4.3 kB)
2023-11-09T17:21:53.8267455Z Collecting pyproject-api>=1.6.1 (from tox)
2023-11-09T17:21:53.8355316Z   Downloading pyproject_api-1.6.1-py3-none-any.whl.metadata (2.8 kB)
2023-11-09T17:21:53.8748428Z Collecting tomli>=2.0.1 (from tox)
2023-11-09T17:21:53.8805323Z   Downloading tomli-2.0.1-py3-none-any.whl (12 kB)
2023-11-09T17:21:54.0297783Z Collecting virtualenv>=20.24.3 (from tox)
2023-11-09T17:21:54.0433590Z   Downloading virtualenv-20.24.6-py3-none-any.whl.metadata (4.5 kB)
2023-11-09T17:21:54.2227477Z Collecting distlib<1,>=0.3.7 (from virtualenv>=20.24.3->tox)
2023-11-09T17:21:54.2286709Z   Downloading distlib-0.3.7-py2.py3-none-any.whl.metadata (5.1 kB)
2023-11-09T17:21:54.2500587Z Downloading tox-4.11.3-py3-none-any.whl (153 kB)
2023-11-09T17:21:54.2626298Z    ━━━━━━━━━━━━━━━━━━━━━━━━━━━━━━━━━━━━━━━━ 153.8/153.8 kB 27.2 MB/s eta 0:00:00
2023-11-09T17:21:54.2680708Z Downloading cachetools-5.3.2-py3-none-any.whl (9.3 kB)
2023-11-09T17:21:54.2782641Z Downloading chardet-5.2.0-py3-none-any.whl (199 kB)
2023-11-09T17:21:54.2896496Z    ━━━━━━━━━━━━━━━━━━━━━━━━━━━━━━━━━━━━━━━━ 199.4/199.4 kB 34.0 MB/s eta 0:00:00
2023-11-09T17:21:54.2953182Z Downloading filelock-3.13.1-py3-none-any.whl (11 kB)
2023-11-09T17:21:54.3034212Z Downloading packaging-23.2-py3-none-any.whl (53 kB)
2023-11-09T17:21:54.3124564Z    ━━━━━━━━━━━━━━━━━━━━━━━━━━━━━━━━━━━━━━━━ 53.0/53.0 kB 12.6 MB/s eta 0:00:00
2023-11-09T17:21:54.3173830Z Downloading platformdirs-3.11.0-py3-none-any.whl (17 kB)
2023-11-09T17:21:54.3255740Z Downloading pluggy-1.3.0-py3-none-any.whl (18 kB)
2023-11-09T17:21:54.3336448Z Downloading pyproject_api-1.6.1-py3-none-any.whl (12 kB)
2023-11-09T17:21:54.3431445Z Downloading virtualenv-20.24.6-py3-none-any.whl (3.8 MB)
2023-11-09T17:21:54.4092728Z    ━━━━━━━━━━━━━━━━━━━━━━━━━━━━━━━━━━━━━━━━ 3.8/3.8 MB 64.8 MB/s eta 0:00:00
2023-11-09T17:21:54.4159577Z Downloading distlib-0.3.7-py2.py3-none-any.whl (468 kB)
2023-11-09T17:21:54.4339976Z    ━━━━━━━━━━━━━━━━━━━━━━━━━━━━━━━━━━━━━━━━ 468.9/468.9 kB 44.2 MB/s eta 0:00:00
2023-11-09T17:21:54.7647090Z Installing collected packages: distlib, tomli, pluggy, platformdirs, packaging, filelock, colorama, chardet, cachetools, virtualenv, pyproject-api, tox
2023-11-09T17:21:55.7296827Z Successfully installed cachetools-5.3.2 chardet-5.2.0 colorama-0.4.6 distlib-0.3.7 filelock-3.13.1 packaging-23.2 platformdirs-3.11.0 pluggy-1.3.0 pyproject-api-1.6.1 tomli-2.0.1 tox-4.11.3 virtualenv-20.24.6
2023-11-09T17:21:55.8065070Z ##[group]Run tox -e py -- --cov-report=xml
2023-11-09T17:21:55.8065704Z [36;1mtox -e py -- --cov-report=xml[0m
2023-11-09T17:21:55.8110465Z shell: /usr/bin/bash -e {0}
2023-11-09T17:21:55.8110806Z env:
2023-11-09T17:21:55.8111197Z   pythonLocation: /opt/hostedtoolcache/PyPy/3.10.13/x64
2023-11-09T17:21:55.8111865Z   Python_ROOT_DIR: /opt/hostedtoolcache/PyPy/3.10.13/x64
2023-11-09T17:21:55.8112381Z   Python2_ROOT_DIR: /opt/hostedtoolcache/PyPy/3.10.13/x64
2023-11-09T17:21:55.8113139Z   Python3_ROOT_DIR: /opt/hostedtoolcache/PyPy/3.10.13/x64
2023-11-09T17:21:55.8113835Z   PKG_CONFIG_PATH: /opt/hostedtoolcache/PyPy/3.10.13/x64/bin/lib/pkgconfig
2023-11-09T17:21:55.8114337Z ##[endgroup]
2023-11-09T17:21:57.8669457Z py: install_deps> python -I -m pip install pytest pytest-cov pytest-mock
2023-11-09T17:22:02.0186213Z .pkg: install_requires> python -I -m pip install 'setuptools>=46.4.0' versioningit
2023-11-09T17:22:04.4926457Z .pkg: _optional_hooks> python /opt/hostedtoolcache/PyPy/3.10.13/x64/lib/pypy3.10/site-packages/pyproject_api/_backend.py True setuptools.build_meta
2023-11-09T17:22:04.8934786Z .pkg: get_requires_for_build_sdist> python /opt/hostedtoolcache/PyPy/3.10.13/x64/lib/pypy3.10/site-packages/pyproject_api/_backend.py True setuptools.build_meta
2023-11-09T17:22:05.1145969Z .pkg: get_requires_for_build_wheel> python /opt/hostedtoolcache/PyPy/3.10.13/x64/lib/pypy3.10/site-packages/pyproject_api/_backend.py True setuptools.build_meta
2023-11-09T17:22:05.2292135Z .pkg: install_requires_for_build_wheel> python -I -m pip install wheel
2023-11-09T17:22:06.3975177Z .pkg: freeze> python -m pip freeze --all
2023-11-09T17:22:07.2203488Z .pkg: cffi==1.15.1,greenlet==0.4.13,hpy==0.0.4,packaging==23.2,pip==23.3.1,readline==6.2.4.1,setuptools==68.2.2,tomli==2.0.1,versioningit==2.2.1,wheel==0.41.2
2023-11-09T17:22:07.2213414Z .pkg: prepare_metadata_for_build_wheel> python /opt/hostedtoolcache/PyPy/3.10.13/x64/lib/pypy3.10/site-packages/pyproject_api/_backend.py True setuptools.build_meta
2023-11-09T17:22:07.4478192Z .pkg: build_sdist> python /opt/hostedtoolcache/PyPy/3.10.13/x64/lib/pypy3.10/site-packages/pyproject_api/_backend.py True setuptools.build_meta
2023-11-09T17:22:07.6214734Z py: install_package_deps> python -I -m pip install 'PyYAML>=5.0' 'click-loglevel~=0.2' 'click>=7.0' 'in-place~=0.4' 'pydantic~=1.7' 'python-dateutil~=2.7' 'python-dotenv<2.0,>=0.11' 'requests~=2.20'
2023-11-09T17:22:25.7801757Z py: install_package> python -I -m pip install --force-reinstall --no-deps /home/runner/work/tinuous/tinuous/.tox/.tmp/package/1/tinuous-0.6.1.post57+gf0341e9.tar.gz
2023-11-09T17:22:32.9086946Z py: freeze> python -m pip freeze --all
2023-11-09T17:22:33.7511639Z py: certifi==2023.7.22,cffi==1.15.1,charset-normalizer==3.3.2,click==8.1.7,click-loglevel==0.5.0,coverage==7.3.2,exceptiongroup==1.1.3,greenlet==0.4.13,hpy==0.0.4,idna==3.4,in-place==0.5.0,iniconfig==2.0.0,packaging==23.2,pip==23.3.1,pluggy==1.3.0,pydantic==1.10.13,pytest==7.4.3,pytest-cov==4.1.0,pytest-mock==3.12.0,python-dateutil==2.8.2,python-dotenv==1.0.0,PyYAML==6.0.1,readline==6.2.4.1,requests==2.31.0,setuptools==68.2.2,six==1.16.0,tinuous @ file:///home/runner/work/tinuous/tinuous/.tox/.tmp/package/1/tinuous-0.6.1.post57%2Bgf0341e9.tar.gz#sha256=ba523037312ffbe3385e7af64aa61f164b955e34958b21b261004fec4d53af6f,tomli==2.0.1,typing_extensions==4.8.0,urllib3==2.0.7,wheel==0.41.2
2023-11-09T17:22:33.7519926Z py: commands[0]> tinuous --help
2023-11-09T17:22:34.4149868Z Usage: tinuous [OPTIONS] COMMAND [ARGS]...
2023-11-09T17:22:34.4150493Z 
2023-11-09T17:22:34.4150931Z   Download build logs from GitHub Actions, Travis, Appveyor, and CircleCI
2023-11-09T17:22:34.4151795Z 
2023-11-09T17:22:34.4153922Z Options:
2023-11-09T17:22:34.4154801Z   -V, --version                   Show the version and exit.
2023-11-09T17:22:34.4155858Z   -c, --config FILE               Read configuration from the given file
2023-11-09T17:22:34.4156905Z                                   [default: tinuous.yaml]
2023-11-09T17:22:34.4158281Z   -E, --env FILE                  Load environment variables from given .env
2023-11-09T17:22:34.4164827Z                                   file
2023-11-09T17:22:34.4165695Z   -l, --log-level [NOTSET|DEBUG|INFO|WARNING|ERROR|CRITICAL]
2023-11-09T17:22:34.4176137Z                                   Set logging level  [default: INFO]
2023-11-09T17:22:34.4177183Z   --help                          Show this message and exit.
2023-11-09T17:22:34.4177715Z 
2023-11-09T17:22:34.4178560Z Commands:
2023-11-09T17:22:34.4179145Z   fetch         Download logs
2023-11-09T17:22:34.4180023Z   fetch-commit  Download logs for a specific commit
2023-11-09T17:22:34.4181032Z   sanitize      Sanitize secrets in logs
2023-11-09T17:22:34.4224747Z py: commands[1]> pytest --cov-report=xml test
2023-11-09T17:22:38.1781154Z ============================= test session starts ==============================
2023-11-09T17:22:38.1782846Z platform linux -- Python 3.10.13[pypy-7.3.13-final], pytest-7.4.3, pluggy-1.3.0
2023-11-09T17:22:38.1783914Z cachedir: .tox/py/.pytest_cache
2023-11-09T17:22:38.1784988Z rootdir: /home/runner/work/tinuous/tinuous
2023-11-09T17:22:38.1785773Z configfile: tox.ini
2023-11-09T17:22:38.1786503Z plugins: mock-3.12.0, cov-4.1.0
2023-11-09T17:22:38.1787326Z collected 64 items
2023-11-09T17:22:38.1787624Z 
2023-11-09T17:22:38.3118342Z test/test_base.py .........                                              [ 14%]
2023-11-09T17:22:38.4464767Z test/test_config.py ........                                             [ 26%]
2023-11-09T17:22:38.6977753Z test/test_state.py ........                                              [ 39%]
2023-11-09T17:22:40.1255006Z test/test_util.py .......................................                [100%]
2023-11-09T17:22:40.1255846Z 
2023-11-09T17:22:40.1256694Z ---------- coverage: platform linux, python 3.10.13-final-0 ----------
2023-11-09T17:22:40.1258232Z Coverage XML written to file coverage.xml
2023-11-09T17:22:40.1258795Z 
2023-11-09T17:22:40.1258806Z 
2023-11-09T17:22:40.1259211Z ============================== 64 passed in 4.49s ==============================
2023-11-09T17:22:40.1413491Z .pkg: _exit> python /opt/hostedtoolcache/PyPy/3.10.13/x64/lib/pypy3.10/site-packages/pyproject_api/_backend.py True setuptools.build_meta
2023-11-09T17:22:40.1496329Z   py: OK (42.85=setup[36.46]+cmd[0.67,5.71] seconds)
2023-11-09T17:22:40.1497033Z   congratulations :) (43.86 seconds)
2023-11-09T17:22:40.1685042Z ##[group]Run codecov/codecov-action@v3
2023-11-09T17:22:40.1685534Z with:
2023-11-09T17:22:40.1685936Z   fail_ci_if_error: false
2023-11-09T17:22:40.1686270Z env:
2023-11-09T17:22:40.1686677Z   pythonLocation: /opt/hostedtoolcache/PyPy/3.10.13/x64
2023-11-09T17:22:40.1687299Z   Python_ROOT_DIR: /opt/hostedtoolcache/PyPy/3.10.13/x64
2023-11-09T17:22:40.1687826Z   Python2_ROOT_DIR: /opt/hostedtoolcache/PyPy/3.10.13/x64
2023-11-09T17:22:40.1688384Z   Python3_ROOT_DIR: /opt/hostedtoolcache/PyPy/3.10.13/x64
2023-11-09T17:22:40.1689066Z   PKG_CONFIG_PATH: /opt/hostedtoolcache/PyPy/3.10.13/x64/bin/lib/pkgconfig
2023-11-09T17:22:40.1689617Z ##[endgroup]
2023-11-09T17:22:40.2917481Z ==> linux OS detected
2023-11-09T17:22:40.6495832Z https://uploader.codecov.io/latest/linux/codecov.SHA256SUM
2023-11-09T17:22:40.7362453Z ==> SHASUM file signed by key id 806bb28aed779869
2023-11-09T17:22:40.8399068Z ==> Uploader SHASUM verified (b9282b8b43eef83f722646d8992c4dd36563046afe0806722184e7e9923a6d7b  codecov)
2023-11-09T17:22:40.8400360Z ==> Running version latest
2023-11-09T17:22:40.9469982Z ==> Running version v0.7.1
2023-11-09T17:22:40.9486848Z [command]/home/runner/work/_actions/codecov/codecov-action/v3/dist/codecov -n  -Q github-action-3.1.4
2023-11-09T17:22:41.1605259Z [2023-11-09T17:22:41.159Z] ['info'] 
2023-11-09T17:22:41.1606013Z      _____          _
2023-11-09T17:22:41.1606352Z     / ____|        | |
2023-11-09T17:22:41.1606830Z    | |     ___   __| | ___  ___ _____   __
2023-11-09T17:22:41.1607303Z    | |    / _ \ / _` |/ _ \/ __/ _ \ \ / /
2023-11-09T17:22:41.1607723Z    | |___| (_) | (_| |  __/ (_| (_) \ V /
2023-11-09T17:22:41.1608250Z     \_____\___/ \__,_|\___|\___\___/ \_/
2023-11-09T17:22:41.1608514Z 
2023-11-09T17:22:41.1608693Z   Codecov report uploader 0.7.1
2023-11-09T17:22:41.1670641Z [2023-11-09T17:22:41.166Z] ['info'] => Project root located at: /home/runner/work/tinuous/tinuous
2023-11-09T17:22:41.1691732Z [2023-11-09T17:22:41.168Z] ['info'] -> No token specified or token is empty
2023-11-09T17:22:41.1779587Z [2023-11-09T17:22:41.177Z] ['info'] Searching for coverage files...
2023-11-09T17:22:41.2300510Z [2023-11-09T17:22:41.229Z] ['info'] Warning: Some files located via search were excluded from upload.
2023-11-09T17:22:41.2303619Z [2023-11-09T17:22:41.229Z] ['info'] If Codecov did not locate your files, please review https://docs.codecov.com/docs/supported-report-formats
2023-11-09T17:22:41.2305865Z [2023-11-09T17:22:41.229Z] ['info'] => Found 1 possible coverage files:
2023-11-09T17:22:41.2306489Z   coverage.xml
2023-11-09T17:22:41.2307286Z [2023-11-09T17:22:41.229Z] ['info'] Processing /home/runner/work/tinuous/tinuous/coverage.xml...
2023-11-09T17:22:41.2336241Z [2023-11-09T17:22:41.233Z] ['info'] Detected GitHub Actions as the CI provider.
2023-11-09T17:22:41.7698612Z [2023-11-09T17:22:41.769Z] ['info'] Pinging Codecov: https://codecov.io/upload/v4?package=github-action-3.1.4-uploader-0.7.1&token=*******&branch=master&build=6815244484&build_url=https%3A%2F%2Fgithub.com%2Fcon%2Ftinuous%2Factions%2Fruns%2F6815244484&commit=f0341e9c3097754fda583bb84996a1bcf02ee4d0&job=Test&pr=&service=github-actions&slug=con%2Ftinuous&name=&tag=&flags=&parent=
2023-11-09T17:22:42.0707437Z [2023-11-09T17:22:42.070Z] ['info'] https://app.codecov.io/github/con/tinuous/commit/f0341e9c3097754fda583bb84996a1bcf02ee4d0
2023-11-09T17:22:42.0712960Z https://storage.googleapis.com/codecov/v4/raw/2023-11-09/0010CBA6D851417C00BB0BC3FC5895F9/f0341e9c3097754fda583bb84996a1bcf02ee4d0/ca5d3cc5-ca5f-4881-a012-81205ae7241b.txt?X-Amz-Algorithm=AWS4-HMAC-SHA256&X-Amz-Credential=GOOG1EJOGFN2JQ4OCTGA2MU5AEIT7OT5Z7HTFOAN2SPG4NWSN2UJYOY5U6LZQ%2F20231109%2FUS%2Fs3%2Faws4_request&X-Amz-Date=20231109T172242Z&X-Amz-Expires=10&X-Amz-SignedHeaders=host&X-Amz-Signature=4fe9b41c79db2cca3bc42c55c800c2e0a23603531c39fd612328503fe7ec79a0
2023-11-09T17:22:42.0717326Z [2023-11-09T17:22:42.070Z] ['info'] Uploading...
2023-11-09T17:22:42.2930781Z [2023-11-09T17:22:42.292Z] ['info'] {"status":"processing","resultURL":"https://app.codecov.io/github/con/tinuous/commit/f0341e9c3097754fda583bb84996a1bcf02ee4d0"}
2023-11-09T17:22:42.3300475Z Post job cleanup.
2023-11-09T17:22:42.4608677Z Post job cleanup.
2023-11-09T17:22:42.5357885Z [command]/usr/bin/git version
2023-11-09T17:22:42.5398865Z git version 2.42.0
2023-11-09T17:22:42.5441129Z Temporarily overriding HOME='/home/runner/work/_temp/68b7a24e-ca68-44e8-9b0b-8028512f1f1c' before making global git config changes
2023-11-09T17:22:42.5443011Z Adding repository directory to the temporary git global config as a safe directory
2023-11-09T17:22:42.5446727Z [command]/usr/bin/git config --global --add safe.directory /home/runner/work/tinuous/tinuous
2023-11-09T17:22:42.5482216Z [command]/usr/bin/git config --local --name-only --get-regexp core\.sshCommand
2023-11-09T17:22:42.5515688Z [command]/usr/bin/git submodule foreach --recursive sh -c "git config --local --name-only --get-regexp 'core\.sshCommand' && git config --local --unset-all 'core.sshCommand' || :"
2023-11-09T17:22:42.5758203Z [command]/usr/bin/git config --local --name-only --get-regexp http\.https\:\/\/github\.com\/\.extraheader
2023-11-09T17:22:42.5780734Z http.https://github.com/.extraheader
2023-11-09T17:22:42.5790927Z [command]/usr/bin/git config --local --unset-all http.https://github.com/.extraheader
2023-11-09T17:22:42.5821836Z [command]/usr/bin/git submodule foreach --recursive sh -c "git config --local --name-only --get-regexp 'http\.https\:\/\/github\.com\/\.extraheader' && git config --local --unset-all 'http.https://github.com/.extraheader' || :"
2023-11-09T17:22:42.6311251Z Cleaning up orphan processes
