2023-11-09T17:21:19.1767678Z Requested labels: ubuntu-latest
2023-11-09T17:21:19.1767990Z Job defined at: con/tinuous/.github/workflows/test.yml@refs/heads/master
2023-11-09T17:21:19.1768129Z Waiting for a runner to pick up this job...
2023-11-09T17:21:29.5962142Z Job is waiting for a hosted runner to come online.
2023-11-09T17:21:33.1633062Z Job is about to start running on the hosted runner: GitHub Actions 15 (hosted)
2023-11-09T17:21:35.6909449Z Current runner version: '2.311.0'
2023-11-09T17:21:35.6933969Z ##[group]Operating System
2023-11-09T17:21:35.6934739Z Ubuntu
2023-11-09T17:21:35.6935121Z 22.04.3
2023-11-09T17:21:35.6935433Z LTS
2023-11-09T17:21:35.6935860Z ##[endgroup]
2023-11-09T17:21:35.6936447Z ##[group]Runner Image
2023-11-09T17:21:35.6936965Z Image: ubuntu-22.04
2023-11-09T17:21:35.6937440Z Version: 20231030.2.0
2023-11-09T17:21:35.6938435Z Included Software: https://github.com/actions/runner-images/blob/ubuntu22/20231030.2/images/linux/Ubuntu2204-Readme.md
2023-11-09T17:21:35.6939842Z Image Release: https://github.com/actions/runner-images/releases/tag/ubuntu22%2F20231030.2
2023-11-09T17:21:35.6940770Z ##[endgroup]
2023-11-09T17:21:35.6941191Z ##[group]Runner Image Provisioner
2023-11-09T17:21:35.6941648Z 2.0.312.1
2023-11-09T17:21:35.6942055Z ##[endgroup]
2023-11-09T17:21:35.6944246Z ##[group]GITHUB_TOKEN Permissions
2023-11-09T17:21:35.6945910Z Actions: write
2023-11-09T17:21:35.6946507Z Checks: write
2023-11-09T17:21:35.6947036Z Contents: write
2023-11-09T17:21:35.6947627Z Deployments: write
2023-11-09T17:21:35.6948007Z Discussions: write
2023-11-09T17:21:35.6948475Z Issues: write
2023-11-09T17:21:35.6948843Z Metadata: read
2023-11-09T17:21:35.6949186Z Packages: write
2023-11-09T17:21:35.6949644Z Pages: write
2023-11-09T17:21:35.6950051Z PullRequests: write
2023-11-09T17:21:35.6950435Z RepositoryProjects: write
2023-11-09T17:21:35.6950967Z SecurityEvents: write
2023-11-09T17:21:35.6951373Z Statuses: write
2023-11-09T17:21:35.6951711Z ##[endgroup]
2023-11-09T17:21:35.6955006Z Secret source: Actions
2023-11-09T17:21:35.6955612Z Prepare workflow directory
2023-11-09T17:21:35.7583792Z Prepare all required actions
2023-11-09T17:21:35.7747927Z Getting action download info
2023-11-09T17:21:36.0597996Z Download action repository 'actions/checkout@v4' (SHA:b4ffde65f46336ab88eb53be808477a3936bae11)
2023-11-09T17:21:36.1721701Z Download action repository 'actions/setup-python@v4' (SHA:65d7f2d534ac1bc67fcd62888c5f4f3d2cb2b236)
2023-11-09T17:21:36.2471914Z Download action repository 'codecov/codecov-action@v3' (SHA:eaaf4bedf32dbdc6b720b63067d99c4d77d6047d)
2023-11-09T17:21:36.9240917Z Complete job name: test (3.8, lint)
2023-11-09T17:21:37.0246980Z ##[group]Run actions/checkout@v4
2023-11-09T17:21:37.0247731Z with:
2023-11-09T17:21:37.0248152Z   fetch-depth: 0
2023-11-09T17:21:37.0248671Z   repository: con/tinuous
2023-11-09T17:21:37.0249440Z   token: ***
2023-11-09T17:21:37.0249895Z   ssh-strict: true
2023-11-09T17:21:37.0250413Z   persist-credentials: true
2023-11-09T17:21:37.0250952Z   clean: true
2023-11-09T17:21:37.0251399Z   sparse-checkout-cone-mode: true
2023-11-09T17:21:37.0251994Z   fetch-tags: false
2023-11-09T17:21:37.0252510Z   show-progress: true
2023-11-09T17:21:37.0252957Z   lfs: false
2023-11-09T17:21:37.0253402Z   submodules: false
2023-11-09T17:21:37.0253903Z   set-safe-directory: true
2023-11-09T17:21:37.0254392Z ##[endgroup]
2023-11-09T17:21:37.1851843Z Syncing repository: con/tinuous
2023-11-09T17:21:37.1854020Z ##[group]Getting Git version info
2023-11-09T17:21:37.1855209Z Working directory is '/home/runner/work/tinuous/tinuous'
2023-11-09T17:21:37.1856658Z [command]/usr/bin/git version
2023-11-09T17:21:37.1857439Z git version 2.42.0
2023-11-09T17:21:37.1875124Z ##[endgroup]
2023-11-09T17:21:37.1893004Z Temporarily overriding HOME='/home/runner/work/_temp/ec7b2ccb-8490-43a0-8e19-43817d593931' before making global git config changes
2023-11-09T17:21:37.1894707Z Adding repository directory to the temporary git global config as a safe directory
2023-11-09T17:21:37.1897546Z [command]/usr/bin/git config --global --add safe.directory /home/runner/work/tinuous/tinuous
2023-11-09T17:21:37.1934713Z Deleting the contents of '/home/runner/work/tinuous/tinuous'
2023-11-09T17:21:37.1941662Z ##[group]Initializing the repository
2023-11-09T17:21:37.1944892Z [command]/usr/bin/git init /home/runner/work/tinuous/tinuous
2023-11-09T17:21:37.2008146Z hint: Using 'master' as the name for the initial branch. This default branch name
2023-11-09T17:21:37.2011327Z hint: is subject to change. To configure the initial branch name to use in all
2023-11-09T17:21:37.2014127Z hint: of your new repositories, which will suppress this warning, call:
2023-11-09T17:21:37.2015876Z hint: 
2023-11-09T17:21:37.2017539Z hint: 	git config --global init.defaultBranch <name>
2023-11-09T17:21:37.2018973Z hint: 
2023-11-09T17:21:37.2019805Z hint: Names commonly chosen instead of 'master' are 'main', 'trunk' and
2023-11-09T17:21:37.2021123Z hint: 'development'. The just-created branch can be renamed via this command:
2023-11-09T17:21:37.2021947Z hint: 
2023-11-09T17:21:37.2022373Z hint: 	git branch -m <name>
2023-11-09T17:21:37.2023672Z Initialized empty Git repository in /home/runner/work/tinuous/tinuous/.git/
2023-11-09T17:21:37.2028760Z [command]/usr/bin/git remote add origin https://github.com/con/tinuous
2023-11-09T17:21:37.2063636Z ##[endgroup]
2023-11-09T17:21:37.2065169Z ##[group]Disabling automatic garbage collection
2023-11-09T17:21:37.2066894Z [command]/usr/bin/git config --local gc.auto 0
2023-11-09T17:21:37.2097323Z ##[endgroup]
2023-11-09T17:21:37.2098761Z ##[group]Setting up auth
2023-11-09T17:21:37.2103880Z [command]/usr/bin/git config --local --name-only --get-regexp core\.sshCommand
2023-11-09T17:21:37.2134323Z [command]/usr/bin/git submodule foreach --recursive sh -c "git config --local --name-only --get-regexp 'core\.sshCommand' && git config --local --unset-all 'core.sshCommand' || :"
2023-11-09T17:21:37.2424462Z [command]/usr/bin/git config --local --name-only --get-regexp http\.https\:\/\/github\.com\/\.extraheader
2023-11-09T17:21:37.2452514Z [command]/usr/bin/git submodule foreach --recursive sh -c "git config --local --name-only --get-regexp 'http\.https\:\/\/github\.com\/\.extraheader' && git config --local --unset-all 'http.https://github.com/.extraheader' || :"
2023-11-09T17:21:37.2694330Z [command]/usr/bin/git config --local http.https://github.com/.extraheader AUTHORIZATION: basic ***
2023-11-09T17:21:37.2730465Z ##[endgroup]
2023-11-09T17:21:37.2731905Z ##[group]Fetching the repository
2023-11-09T17:21:37.2742684Z [command]/usr/bin/git -c protocol.version=2 fetch --prune --no-recurse-submodules origin +refs/heads/*:refs/remotes/origin/* +refs/tags/*:refs/tags/*
2023-11-09T17:21:37.9869263Z From https://github.com/con/tinuous
2023-11-09T17:21:37.9870543Z  * [new branch]      gh-55           -> origin/gh-55
2023-11-09T17:21:37.9871523Z  * [new branch]      ghtoken         -> origin/ghtoken
2023-11-09T17:21:37.9872329Z  * [new branch]      headers         -> origin/headers
2023-11-09T17:21:37.9873764Z  * [new branch]      master          -> origin/master
2023-11-09T17:21:37.9876148Z  * [new branch]      mypy-import     -> origin/mypy-import
2023-11-09T17:21:37.9878375Z  * [new branch]      no-extra-search -> origin/no-extra-search
2023-11-09T17:21:37.9880137Z  * [new branch]      pragmata        -> origin/pragmata
2023-11-09T17:21:37.9882280Z  * [new branch]      test-appveyor   -> origin/test-appveyor
2023-11-09T17:21:37.9884385Z  * [new branch]      updates         -> origin/updates
2023-11-09T17:21:37.9885730Z  * [new tag]         0.1.0           -> 0.1.0
2023-11-09T17:21:37.9888023Z  * [new tag]         0.2.0           -> 0.2.0
2023-11-09T17:21:37.9889338Z  * [new tag]         0.3.0           -> 0.3.0
2023-11-09T17:21:37.9890387Z  * [new tag]         0.4.0           -> 0.4.0
2023-11-09T17:21:37.9891739Z  * [new tag]         0.5.0           -> 0.5.0
2023-11-09T17:21:37.9893311Z  * [new tag]         0.5.1           -> 0.5.1
2023-11-09T17:21:37.9894676Z  * [new tag]         0.5.2           -> 0.5.2
2023-11-09T17:21:37.9896256Z  * [new tag]         0.5.3           -> 0.5.3
2023-11-09T17:21:37.9897818Z  * [new tag]         0.5.4           -> 0.5.4
2023-11-09T17:21:37.9899195Z  * [new tag]         0.6.0           -> 0.6.0
2023-11-09T17:21:37.9900697Z  * [new tag]         0.6.1           -> 0.6.1
2023-11-09T17:21:37.9933639Z [command]/usr/bin/git branch --list --remote origin/master
2023-11-09T17:21:37.9958441Z   origin/master
2023-11-09T17:21:37.9967698Z [command]/usr/bin/git rev-parse refs/remotes/origin/master
2023-11-09T17:21:37.9987878Z f0341e9c3097754fda583bb84996a1bcf02ee4d0
2023-11-09T17:21:37.9993307Z ##[endgroup]
2023-11-09T17:21:37.9994593Z ##[group]Determining the checkout info
2023-11-09T17:21:37.9995738Z ##[endgroup]
2023-11-09T17:21:37.9996847Z ##[group]Checking out the ref
2023-11-09T17:21:37.9999065Z [command]/usr/bin/git checkout --progress --force -B master refs/remotes/origin/master
2023-11-09T17:21:38.0058708Z Reset branch 'master'
2023-11-09T17:21:38.0059778Z branch 'master' set up to track 'origin/master'.
2023-11-09T17:21:38.0067569Z ##[endgroup]
2023-11-09T17:21:38.0107128Z [command]/usr/bin/git log -1 --format='%H'
2023-11-09T17:21:38.0129997Z 'f0341e9c3097754fda583bb84996a1bcf02ee4d0'
2023-11-09T17:21:38.0436112Z ##[group]Run actions/setup-python@v4
2023-11-09T17:21:38.0436595Z with:
2023-11-09T17:21:38.0436987Z   python-version: 3.8
2023-11-09T17:21:38.0437371Z   check-latest: false
2023-11-09T17:21:38.0437887Z   token: ***
2023-11-09T17:21:38.0438338Z   update-environment: true
2023-11-09T17:21:38.0438688Z   allow-prereleases: false
2023-11-09T17:21:38.0439042Z ##[endgroup]
2023-11-09T17:21:38.2372659Z ##[group]Installed versions
2023-11-09T17:21:38.2449100Z Successfully set up CPython (3.8.18)
2023-11-09T17:21:38.2450439Z ##[endgroup]
2023-11-09T17:21:38.2580365Z ##[group]Run python -m pip install --upgrade pip wheel
2023-11-09T17:21:38.2581226Z [36;1mpython -m pip install --upgrade pip wheel[0m
2023-11-09T17:21:38.2581890Z [36;1mpython -m pip install --upgrade --upgrade-strategy=eager tox[0m
2023-11-09T17:21:38.2643587Z shell: /usr/bin/bash -e {0}
2023-11-09T17:21:38.2643979Z env:
2023-11-09T17:21:38.2644500Z   pythonLocation: /opt/hostedtoolcache/Python/3.8.18/x64
2023-11-09T17:21:38.2645160Z   PKG_CONFIG_PATH: /opt/hostedtoolcache/Python/3.8.18/x64/lib/pkgconfig
2023-11-09T17:21:38.2645795Z   Python_ROOT_DIR: /opt/hostedtoolcache/Python/3.8.18/x64
2023-11-09T17:21:38.2646410Z   Python2_ROOT_DIR: /opt/hostedtoolcache/Python/3.8.18/x64
2023-11-09T17:21:38.2646987Z   Python3_ROOT_DIR: /opt/hostedtoolcache/Python/3.8.18/x64
2023-11-09T17:21:38.2647554Z   LD_LIBRARY_PATH: /opt/hostedtoolcache/Python/3.8.18/x64/lib
2023-11-09T17:21:38.2648092Z ##[endgroup]
2023-11-09T17:21:38.9391469Z Requirement already satisfied: pip in /opt/hostedtoolcache/Python/3.8.18/x64/lib/python3.8/site-packages (23.0.1)
2023-11-09T17:21:39.0543422Z Collecting pip
2023-11-09T17:21:39.1429846Z   Downloading pip-23.3.1-py3-none-any.whl.metadata (3.5 kB)
2023-11-09T17:21:39.2126986Z Collecting wheel
2023-11-09T17:21:39.2188277Z   Downloading wheel-0.41.3-py3-none-any.whl.metadata (2.2 kB)
2023-11-09T17:21:39.2300145Z Downloading pip-23.3.1-py3-none-any.whl (2.1 MB)
2023-11-09T17:21:39.2960509Z    ━━━━━━━━━━━━━━━━━━━━━━━━━━━━━━━━━━━━━━━━ 2.1/2.1 MB 33.5 MB/s eta 0:00:00
2023-11-09T17:21:39.3004254Z Downloading wheel-0.41.3-py3-none-any.whl (65 kB)
2023-11-09T17:21:39.3063438Z    ━━━━━━━━━━━━━━━━━━━━━━━━━━━━━━━━━━━━━━━━ 65.8/65.8 kB 17.4 MB/s eta 0:00:00
2023-11-09T17:21:39.3490240Z Installing collected packages: wheel, pip
2023-11-09T17:21:39.3912299Z   Attempting uninstall: pip
2023-11-09T17:21:39.3919955Z     Found existing installation: pip 23.0.1
2023-11-09T17:21:39.4417543Z     Uninstalling pip-23.0.1:
2023-11-09T17:21:39.4896925Z       Successfully uninstalled pip-23.0.1
2023-11-09T17:21:40.4379891Z Successfully installed pip-23.3.1 wheel-0.41.3
2023-11-09T17:21:41.2342436Z Collecting tox
2023-11-09T17:21:41.2815400Z   Downloading tox-4.11.3-py3-none-any.whl.metadata (5.0 kB)
2023-11-09T17:21:41.3395202Z Collecting cachetools>=5.3.1 (from tox)
2023-11-09T17:21:41.3435612Z   Downloading cachetools-5.3.2-py3-none-any.whl.metadata (5.2 kB)
2023-11-09T17:21:41.3608079Z Collecting chardet>=5.2 (from tox)
2023-11-09T17:21:41.3649931Z   Downloading chardet-5.2.0-py3-none-any.whl.metadata (3.4 kB)
2023-11-09T17:21:41.3908287Z Collecting colorama>=0.4.6 (from tox)
2023-11-09T17:21:41.3951329Z   Downloading colorama-0.4.6-py2.py3-none-any.whl (25 kB)
2023-11-09T17:21:41.4300669Z Collecting filelock>=3.12.3 (from tox)
2023-11-09T17:21:41.4342691Z   Downloading filelock-3.13.1-py3-none-any.whl.metadata (2.8 kB)
2023-11-09T17:21:41.4644094Z Collecting packaging>=23.1 (from tox)
2023-11-09T17:21:41.4690397Z   Downloading packaging-23.2-py3-none-any.whl.metadata (3.2 kB)
2023-11-09T17:21:41.4971454Z Collecting platformdirs>=3.10 (from tox)
2023-11-09T17:21:41.5013052Z   Downloading platformdirs-3.11.0-py3-none-any.whl.metadata (11 kB)
2023-11-09T17:21:41.5254513Z Collecting pluggy>=1.3 (from tox)
2023-11-09T17:21:41.5294054Z   Downloading pluggy-1.3.0-py3-none-any.whl.metadata (4.3 kB)
2023-11-09T17:21:41.5501102Z Collecting pyproject-api>=1.6.1 (from tox)
2023-11-09T17:21:41.5546620Z   Downloading pyproject_api-1.6.1-py3-none-any.whl.metadata (2.8 kB)
2023-11-09T17:21:41.5781487Z Collecting tomli>=2.0.1 (from tox)
2023-11-09T17:21:41.5827412Z   Downloading tomli-2.0.1-py3-none-any.whl (12 kB)
2023-11-09T17:21:41.6777852Z Collecting virtualenv>=20.24.3 (from tox)
2023-11-09T17:21:41.6820301Z   Downloading virtualenv-20.24.6-py3-none-any.whl.metadata (4.5 kB)
2023-11-09T17:21:41.7646830Z Collecting distlib<1,>=0.3.7 (from virtualenv>=20.24.3->tox)
2023-11-09T17:21:41.7687982Z   Downloading distlib-0.3.7-py2.py3-none-any.whl.metadata (5.1 kB)
2023-11-09T17:21:41.7875722Z Downloading tox-4.11.3-py3-none-any.whl (153 kB)
2023-11-09T17:21:41.7963828Z    ━━━━━━━━━━━━━━━━━━━━━━━━━━━━━━━━━━━━━━━━ 153.8/153.8 kB 23.7 MB/s eta 0:00:00
2023-11-09T17:21:41.8003666Z Downloading cachetools-5.3.2-py3-none-any.whl (9.3 kB)
2023-11-09T17:21:41.8078438Z Downloading chardet-5.2.0-py3-none-any.whl (199 kB)
2023-11-09T17:21:41.8138946Z    ━━━━━━━━━━━━━━━━━━━━━━━━━━━━━━━━━━━━━━━━ 199.4/199.4 kB 50.9 MB/s eta 0:00:00
2023-11-09T17:21:41.8182520Z Downloading filelock-3.13.1-py3-none-any.whl (11 kB)
2023-11-09T17:21:41.8252045Z Downloading packaging-23.2-py3-none-any.whl (53 kB)
2023-11-09T17:21:41.8297376Z    ━━━━━━━━━━━━━━━━━━━━━━━━━━━━━━━━━━━━━━━━ 53.0/53.0 kB 18.4 MB/s eta 0:00:00
2023-11-09T17:21:41.8338546Z Downloading platformdirs-3.11.0-py3-none-any.whl (17 kB)
2023-11-09T17:21:41.8397821Z Downloading pluggy-1.3.0-py3-none-any.whl (18 kB)
2023-11-09T17:21:41.8459494Z Downloading pyproject_api-1.6.1-py3-none-any.whl (12 kB)
2023-11-09T17:21:41.8519181Z Downloading virtualenv-20.24.6-py3-none-any.whl (3.8 MB)
2023-11-09T17:21:41.8883857Z    ━━━━━━━━━━━━━━━━━━━━━━━━━━━━━━━━━━━━━━━━ 3.8/3.8 MB 110.6 MB/s eta 0:00:00
2023-11-09T17:21:41.8929951Z Downloading distlib-0.3.7-py2.py3-none-any.whl (468 kB)
2023-11-09T17:21:41.9019527Z    ━━━━━━━━━━━━━━━━━━━━━━━━━━━━━━━━━━━━━━━━ 468.9/468.9 kB 71.9 MB/s eta 0:00:00
2023-11-09T17:21:42.0396950Z Installing collected packages: distlib, tomli, pluggy, platformdirs, packaging, filelock, colorama, chardet, cachetools, virtualenv, pyproject-api, tox
2023-11-09T17:21:42.5847784Z Successfully installed cachetools-5.3.2 chardet-5.2.0 colorama-0.4.6 distlib-0.3.7 filelock-3.13.1 packaging-23.2 platformdirs-3.11.0 pluggy-1.3.0 pyproject-api-1.6.1 tomli-2.0.1 tox-4.11.3 virtualenv-20.24.6
2023-11-09T17:21:42.7235314Z ##[group]Run tox -e lint
2023-11-09T17:21:42.7235881Z [36;1mtox -e lint[0m
2023-11-09T17:21:42.7281043Z shell: /usr/bin/bash -e {0}
2023-11-09T17:21:42.7281455Z env:
2023-11-09T17:21:42.7281855Z   pythonLocation: /opt/hostedtoolcache/Python/3.8.18/x64
2023-11-09T17:21:42.7282605Z   PKG_CONFIG_PATH: /opt/hostedtoolcache/Python/3.8.18/x64/lib/pkgconfig
2023-11-09T17:21:42.7283200Z   Python_ROOT_DIR: /opt/hostedtoolcache/Python/3.8.18/x64
2023-11-09T17:21:42.7283763Z   Python2_ROOT_DIR: /opt/hostedtoolcache/Python/3.8.18/x64
2023-11-09T17:21:42.7284408Z   Python3_ROOT_DIR: /opt/hostedtoolcache/Python/3.8.18/x64
2023-11-09T17:21:42.7284939Z   LD_LIBRARY_PATH: /opt/hostedtoolcache/Python/3.8.18/x64/lib
2023-11-09T17:21:42.7285432Z ##[endgroup]
2023-11-09T17:21:43.2364395Z lint: install_deps> python -I -m pip install flake8 flake8-bugbear flake8-builtins flake8-unused-arguments
2023-11-09T17:21:44.9080153Z lint: freeze> python -m pip freeze --all
2023-11-09T17:21:45.2651317Z lint: attrs==23.1.0,flake8==6.1.0,flake8-bugbear==23.9.16,flake8-builtins==2.2.0,flake8-unused-arguments==0.0.13,mccabe==0.7.0,pip==23.3.1,pycodestyle==2.11.1,pyflakes==3.1.0,setuptools==68.2.2,wheel==0.41.2
2023-11-09T17:21:45.2657272Z lint: commands[0]> flake8 --config=tox.ini src test
2023-11-09T17:21:45.7949628Z   lint: OK (2.85=setup[2.32]+cmd[0.53] seconds)
2023-11-09T17:21:45.7950196Z   congratulations :) (2.92 seconds)
2023-11-09T17:21:45.8279287Z Post job cleanup.
2023-11-09T17:21:45.9684803Z Post job cleanup.
2023-11-09T17:21:46.0448587Z [command]/usr/bin/git version
2023-11-09T17:21:46.0489390Z git version 2.42.0
2023-11-09T17:21:46.0535327Z Temporarily overriding HOME='/home/runner/work/_temp/79a3a686-8610-4c3d-9636-fcd4e50b7e7f' before making global git config changes
2023-11-09T17:21:46.0537409Z Adding repository directory to the temporary git global config as a safe directory
2023-11-09T17:21:46.0540206Z [command]/usr/bin/git config --global --add safe.directory /home/runner/work/tinuous/tinuous
2023-11-09T17:21:46.0574421Z [command]/usr/bin/git config --local --name-only --get-regexp core\.sshCommand
2023-11-09T17:21:46.0608137Z [command]/usr/bin/git submodule foreach --recursive sh -c "git config --local --name-only --get-regexp 'core\.sshCommand' && git config --local --unset-all 'core.sshCommand' || :"
2023-11-09T17:21:46.0861633Z [command]/usr/bin/git config --local --name-only --get-regexp http\.https\:\/\/github\.com\/\.extraheader
2023-11-09T17:21:46.0883797Z http.https://github.com/.extraheader
2023-11-09T17:21:46.0894968Z [command]/usr/bin/git config --local --unset-all http.https://github.com/.extraheader
2023-11-09T17:21:46.0928265Z [command]/usr/bin/git submodule foreach --recursive sh -c "git config --local --name-only --get-regexp 'http\.https\:\/\/github\.com\/\.extraheader' && git config --local --unset-all 'http.https://github.com/.extraheader' || :"
2023-11-09T17:21:46.1395621Z Cleaning up orphan processes
