2023-05-11T20:55:38.4722769Z Requested labels: ubuntu-latest
2023-05-11T20:55:38.4723028Z Job defined at: con/tinuous/.github/workflows/test.yml@refs/heads/gh-162
2023-05-11T20:55:38.4723171Z Waiting for a runner to pick up this job...
2023-05-11T20:55:38.9283763Z Job is waiting for a hosted runner to come online.
2023-05-11T20:55:42.6373950Z Job is about to start running on the hosted runner: GitHub Actions 5 (hosted)
2023-05-11T20:55:45.3888115Z Current runner version: '2.304.0'
2023-05-11T20:55:45.3919023Z ##[group]Operating System
2023-05-11T20:55:45.3919753Z Ubuntu
2023-05-11T20:55:45.3920061Z 22.04.2
2023-05-11T20:55:45.3920522Z LTS
2023-05-11T20:55:45.3920893Z ##[endgroup]
2023-05-11T20:55:45.3921253Z ##[group]Runner Image
2023-05-11T20:55:45.3921686Z Image: ubuntu-22.04
2023-05-11T20:55:45.3922133Z Version: 20230507.1
2023-05-11T20:55:45.3923024Z Included Software: https://github.com/actions/runner-images/blob/ubuntu22/20230507.1/images/linux/Ubuntu2204-Readme.md
2023-05-11T20:55:45.3923868Z Image Release: https://github.com/actions/runner-images/releases/tag/ubuntu22%2F20230507.1
2023-05-11T20:55:45.3924408Z ##[endgroup]
2023-05-11T20:55:45.3924821Z ##[group]Runner Image Provisioner
2023-05-11T20:55:45.3925270Z 2.0.171.1
2023-05-11T20:55:45.3925645Z ##[endgroup]
2023-05-11T20:55:45.3926795Z ##[group]GITHUB_TOKEN Permissions
2023-05-11T20:55:45.3927656Z Actions: write
2023-05-11T20:55:45.3929073Z Checks: write
2023-05-11T20:55:45.3929958Z Contents: write
2023-05-11T20:55:45.3930446Z Deployments: write
2023-05-11T20:55:45.3930956Z Discussions: write
2023-05-11T20:55:45.3931363Z Issues: write
2023-05-11T20:55:45.3931683Z Metadata: read
2023-05-11T20:55:45.3932071Z Packages: write
2023-05-11T20:55:45.3932497Z Pages: write
2023-05-11T20:55:45.3932861Z PullRequests: write
2023-05-11T20:55:45.3933294Z RepositoryProjects: write
2023-05-11T20:55:45.3933745Z SecurityEvents: write
2023-05-11T20:55:45.3934097Z Statuses: write
2023-05-11T20:55:45.3934545Z ##[endgroup]
2023-05-11T20:55:45.3939282Z Secret source: Actions
2023-05-11T20:55:45.3939853Z Prepare workflow directory
2023-05-11T20:55:45.4839315Z Prepare all required actions
2023-05-11T20:55:45.5072002Z Getting action download info
2023-05-11T20:55:45.7100179Z Download action repository 'actions/checkout@v3' (SHA:8e5e7e5ab8b370d6c329ec480221332ada57f0ab)
2023-05-11T20:55:46.3643658Z Download action repository 'actions/setup-python@v4' (SHA:57ded4d7d5e986d7296eab16560982c6dd7c923b)
2023-05-11T20:55:46.9463323Z Download action repository 'codecov/codecov-action@v3' (SHA:894ff025c7b54547a9a2a1e9f228beae737ad3c2)
2023-05-11T20:55:47.6511308Z Complete job name: test (3.8, lint)
2023-05-11T20:55:47.7738465Z ##[group]Run actions/checkout@v3
2023-05-11T20:55:47.7738829Z with:
2023-05-11T20:55:47.7739069Z   fetch-depth: 0
2023-05-11T20:55:47.7739324Z   repository: con/tinuous
2023-05-11T20:55:47.7739779Z   token: ***
2023-05-11T20:55:47.7740022Z   ssh-strict: true
2023-05-11T20:55:47.7740286Z   persist-credentials: true
2023-05-11T20:55:47.7740544Z   clean: true
2023-05-11T20:55:47.7740753Z   lfs: false
2023-05-11T20:55:47.7740977Z   submodules: false
2023-05-11T20:55:47.7741234Z   set-safe-directory: true
2023-05-11T20:55:47.7741480Z ##[endgroup]
2023-05-11T20:55:48.0901741Z Syncing repository: con/tinuous
2023-05-11T20:55:48.0903695Z ##[group]Getting Git version info
2023-05-11T20:55:48.0904290Z Working directory is '/home/runner/work/tinuous/tinuous'
2023-05-11T20:55:48.0906662Z [command]/usr/bin/git version
2023-05-11T20:55:48.1016089Z git version 2.40.1
2023-05-11T20:55:48.1054323Z ##[endgroup]
2023-05-11T20:55:48.1091398Z Temporarily overriding HOME='/home/runner/work/_temp/89ac7ced-f8c3-4ff5-895c-fa997fdb08b3' before making global git config changes
2023-05-11T20:55:48.1091979Z Adding repository directory to the temporary git global config as a safe directory
2023-05-11T20:55:48.1092579Z [command]/usr/bin/git config --global --add safe.directory /home/runner/work/tinuous/tinuous
2023-05-11T20:55:48.1142925Z Deleting the contents of '/home/runner/work/tinuous/tinuous'
2023-05-11T20:55:48.1149854Z ##[group]Initializing the repository
2023-05-11T20:55:48.1154071Z [command]/usr/bin/git init /home/runner/work/tinuous/tinuous
2023-05-11T20:55:48.1239642Z hint: Using 'master' as the name for the initial branch. This default branch name
2023-05-11T20:55:48.1240575Z hint: is subject to change. To configure the initial branch name to use in all
2023-05-11T20:55:48.1241861Z hint: of your new repositories, which will suppress this warning, call:
2023-05-11T20:55:48.1243306Z hint: 
2023-05-11T20:55:48.1244343Z hint: 	git config --global init.defaultBranch <name>
2023-05-11T20:55:48.1245070Z hint: 
2023-05-11T20:55:48.1246118Z hint: Names commonly chosen instead of 'master' are 'main', 'trunk' and
2023-05-11T20:55:48.1246999Z hint: 'development'. The just-created branch can be renamed via this command:
2023-05-11T20:55:48.1247875Z hint: 
2023-05-11T20:55:48.1248794Z hint: 	git branch -m <name>
2023-05-11T20:55:48.1254996Z Initialized empty Git repository in /home/runner/work/tinuous/tinuous/.git/
2023-05-11T20:55:48.1266436Z [command]/usr/bin/git remote add origin https://github.com/con/tinuous
2023-05-11T20:55:48.1328613Z ##[endgroup]
2023-05-11T20:55:48.1329508Z ##[group]Disabling automatic garbage collection
2023-05-11T20:55:48.1331247Z [command]/usr/bin/git config --local gc.auto 0
2023-05-11T20:55:48.1367903Z ##[endgroup]
2023-05-11T20:55:48.1368679Z ##[group]Setting up auth
2023-05-11T20:55:48.1377566Z [command]/usr/bin/git config --local --name-only --get-regexp core\.sshCommand
2023-05-11T20:55:48.1414714Z [command]/usr/bin/git submodule foreach --recursive sh -c "git config --local --name-only --get-regexp 'core\.sshCommand' && git config --local --unset-all 'core.sshCommand' || :"
2023-05-11T20:55:48.1866868Z [command]/usr/bin/git config --local --name-only --get-regexp http\.https\:\/\/github\.com\/\.extraheader
2023-05-11T20:55:48.1895176Z [command]/usr/bin/git submodule foreach --recursive sh -c "git config --local --name-only --get-regexp 'http\.https\:\/\/github\.com\/\.extraheader' && git config --local --unset-all 'http.https://github.com/.extraheader' || :"
2023-05-11T20:55:48.2186723Z [command]/usr/bin/git config --local http.https://github.com/.extraheader AUTHORIZATION: basic ***
2023-05-11T20:55:48.2212479Z ##[endgroup]
2023-05-11T20:55:48.2213156Z ##[group]Fetching the repository
2023-05-11T20:55:48.2228893Z [command]/usr/bin/git -c protocol.version=2 fetch --prune --progress --no-recurse-submodules origin +refs/heads/*:refs/remotes/origin/* +refs/tags/*:refs/tags/*
2023-05-11T20:55:48.6313873Z remote: Enumerating objects: 1210, done.        
2023-05-11T20:55:48.6324131Z remote: Counting objects:   0% (1/432)        
2023-05-11T20:55:48.6363838Z remote: Counting objects:   1% (5/432)        
2023-05-11T20:55:48.6397836Z remote: Counting objects:   2% (9/432)        
2023-05-11T20:55:48.6398729Z remote: Counting objects:   3% (13/432)        
2023-05-11T20:55:48.6399449Z remote: Counting objects:   4% (18/432)        
2023-05-11T20:55:48.6407234Z remote: Counting objects:   5% (22/432)        
2023-05-11T20:55:48.6409019Z remote: Counting objects:   6% (26/432)        
2023-05-11T20:55:48.6409460Z remote: Counting objects:   7% (31/432)        
2023-05-11T20:55:48.6409843Z remote: Counting objects:   8% (35/432)        
2023-05-11T20:55:48.6410271Z remote: Counting objects:   9% (39/432)        
2023-05-11T20:55:48.6410679Z remote: Counting objects:  10% (44/432)        
2023-05-11T20:55:48.6411054Z remote: Counting objects:  11% (48/432)        
2023-05-11T20:55:48.6411408Z remote: Counting objects:  12% (52/432)        
2023-05-11T20:55:48.6411794Z remote: Counting objects:  13% (57/432)        
2023-05-11T20:55:48.6412235Z remote: Counting objects:  14% (61/432)        
2023-05-11T20:55:48.6412557Z remote: Counting objects:  15% (65/432)        
2023-05-11T20:55:48.6412927Z remote: Counting objects:  16% (70/432)        
2023-05-11T20:55:48.6413297Z remote: Counting objects:  17% (74/432)        
2023-05-11T20:55:48.6413630Z remote: Counting objects:  18% (78/432)        
2023-05-11T20:55:48.6414051Z remote: Counting objects:  19% (83/432)        
2023-05-11T20:55:48.6414426Z remote: Counting objects:  20% (87/432)        
2023-05-11T20:55:48.6414795Z remote: Counting objects:  21% (91/432)        
2023-05-11T20:55:48.6415112Z remote: Counting objects:  22% (96/432)        
2023-05-11T20:55:48.6415542Z remote: Counting objects:  23% (100/432)        
2023-05-11T20:55:48.6415928Z remote: Counting objects:  24% (104/432)        
2023-05-11T20:55:48.6416588Z remote: Counting objects:  25% (108/432)        
2023-05-11T20:55:48.6416982Z remote: Counting objects:  26% (113/432)        
2023-05-11T20:55:48.6417389Z remote: Counting objects:  27% (117/432)        
2023-05-11T20:55:48.6417797Z remote: Counting objects:  28% (121/432)        
2023-05-11T20:55:48.6418180Z remote: Counting objects:  29% (126/432)        
2023-05-11T20:55:48.6418559Z remote: Counting objects:  30% (130/432)        
2023-05-11T20:55:48.6418896Z remote: Counting objects:  31% (134/432)        
2023-05-11T20:55:48.6419272Z remote: Counting objects:  32% (139/432)        
2023-05-11T20:55:48.6419691Z remote: Counting objects:  33% (143/432)        
2023-05-11T20:55:48.6420066Z remote: Counting objects:  34% (147/432)        
2023-05-11T20:55:48.6420402Z remote: Counting objects:  35% (152/432)        
2023-05-11T20:55:48.6420774Z remote: Counting objects:  36% (156/432)        
2023-05-11T20:55:48.6421184Z remote: Counting objects:  37% (160/432)        
2023-05-11T20:55:48.6421516Z remote: Counting objects:  38% (165/432)        
2023-05-11T20:55:48.6421883Z remote: Counting objects:  39% (169/432)        
2023-05-11T20:55:48.6422283Z remote: Counting objects:  40% (173/432)        
2023-05-11T20:55:48.6422604Z remote: Counting objects:  41% (178/432)        
2023-05-11T20:55:48.6423018Z remote: Counting objects:  42% (182/432)        
2023-05-11T20:55:48.6423399Z remote: Counting objects:  43% (186/432)        
2023-05-11T20:55:48.6423729Z remote: Counting objects:  44% (191/432)        
2023-05-11T20:55:48.6424103Z remote: Counting objects:  45% (195/432)        
2023-05-11T20:55:48.6424489Z remote: Counting objects:  46% (199/432)        
2023-05-11T20:55:48.6424902Z remote: Counting objects:  47% (204/432)        
2023-05-11T20:55:48.6425226Z remote: Counting objects:  48% (208/432)        
2023-05-11T20:55:48.6425616Z remote: Counting objects:  49% (212/432)        
2023-05-11T20:55:48.6425987Z remote: Counting objects:  50% (216/432)        
2023-05-11T20:55:48.6426317Z remote: Counting objects:  51% (221/432)        
2023-05-11T20:55:48.6426729Z remote: Counting objects:  52% (225/432)        
2023-05-11T20:55:48.6427286Z remote: Counting objects:  53% (229/432)        
2023-05-11T20:55:48.6427633Z remote: Counting objects:  54% (234/432)        
2023-05-11T20:55:48.6428003Z remote: Counting objects:  55% (238/432)        
2023-05-11T20:55:48.6428734Z remote: Counting objects:  56% (242/432)        
2023-05-11T20:55:48.6429123Z remote: Counting objects:  57% (247/432)        
2023-05-11T20:55:48.6429445Z remote: Counting objects:  58% (251/432)        
2023-05-11T20:55:48.6429815Z remote: Counting objects:  59% (255/432)        
2023-05-11T20:55:48.6430197Z remote: Counting objects:  60% (260/432)        
2023-05-11T20:55:48.6430560Z remote: Counting objects:  61% (264/432)        
2023-05-11T20:55:48.6430932Z remote: Counting objects:  62% (268/432)        
2023-05-11T20:55:48.6431320Z remote: Counting objects:  63% (273/432)        
2023-05-11T20:55:48.6431656Z remote: Counting objects:  64% (277/432)        
2023-05-11T20:55:48.6432184Z remote: Counting objects:  65% (281/432)        
2023-05-11T20:55:48.6432645Z remote: Counting objects:  66% (286/432)        
2023-05-11T20:55:48.6433020Z remote: Counting objects:  67% (290/432)        
2023-05-11T20:55:48.6433339Z remote: Counting objects:  68% (294/432)        
2023-05-11T20:55:48.6433724Z remote: Counting objects:  69% (299/432)        
2023-05-11T20:55:48.6434138Z remote: Counting objects:  70% (303/432)        
2023-05-11T20:55:48.6434515Z remote: Counting objects:  71% (307/432)        
2023-05-11T20:55:48.6434837Z remote: Counting objects:  72% (312/432)        
2023-05-11T20:55:48.6435205Z remote: Counting objects:  73% (316/432)        
2023-05-11T20:55:48.6435588Z remote: Counting objects:  74% (320/432)        
2023-05-11T20:55:48.6435942Z remote: Counting objects:  75% (324/432)        
2023-05-11T20:55:48.6436316Z remote: Counting objects:  76% (329/432)        
2023-05-11T20:55:48.6436747Z remote: Counting objects:  77% (333/432)        
2023-05-11T20:55:48.6437285Z remote: Counting objects:  78% (337/432)        
2023-05-11T20:55:48.6437665Z remote: Counting objects:  79% (342/432)        
2023-05-11T20:55:48.6438095Z remote: Counting objects:  80% (346/432)        
2023-05-11T20:55:48.6438417Z remote: Counting objects:  81% (350/432)        
2023-05-11T20:55:48.6438818Z remote: Counting objects:  82% (355/432)        
2023-05-11T20:55:48.6439191Z remote: Counting objects:  83% (359/432)        
2023-05-11T20:55:48.6439599Z remote: Counting objects:  84% (363/432)        
2023-05-11T20:55:48.6439932Z remote: Counting objects:  85% (368/432)        
2023-05-11T20:55:48.6440315Z remote: Counting objects:  86% (372/432)        
2023-05-11T20:55:48.6440684Z remote: Counting objects:  87% (376/432)        
2023-05-11T20:55:48.6441002Z remote: Counting objects:  88% (381/432)        
2023-05-11T20:55:48.6441410Z remote: Counting objects:  89% (385/432)        
2023-05-11T20:55:48.6441783Z remote: Counting objects:  90% (389/432)        
2023-05-11T20:55:48.6442127Z remote: Counting objects:  91% (394/432)        
2023-05-11T20:55:48.6442652Z remote: Counting objects:  92% (398/432)        
2023-05-11T20:55:48.6443061Z remote: Counting objects:  93% (402/432)        
2023-05-11T20:55:48.6443436Z remote: Counting objects:  94% (407/432)        
2023-05-11T20:55:48.6443824Z remote: Counting objects:  95% (411/432)        
2023-05-11T20:55:48.6444194Z remote: Counting objects:  96% (415/432)        
2023-05-11T20:55:48.6444562Z remote: Counting objects:  97% (420/432)        
2023-05-11T20:55:48.6444884Z remote: Counting objects:  98% (424/432)        
2023-05-11T20:55:48.6445294Z remote: Counting objects:  99% (428/432)        
2023-05-11T20:55:48.6445697Z remote: Counting objects: 100% (432/432)        
2023-05-11T20:55:48.6446030Z remote: Counting objects: 100% (432/432), done.        
2023-05-11T20:55:48.6446432Z remote: Compressing objects:   0% (1/238)        
2023-05-11T20:55:48.6446862Z remote: Compressing objects:   1% (3/238)        
2023-05-11T20:55:48.6447233Z remote: Compressing objects:   2% (5/238)        
2023-05-11T20:55:48.6447782Z remote: Compressing objects:   3% (8/238)        
2023-05-11T20:55:48.6543896Z remote: Compressing objects:   4% (10/238)        
2023-05-11T20:55:48.6544444Z remote: Compressing objects:   5% (12/238)        
2023-05-11T20:55:48.6544792Z remote: Compressing objects:   6% (15/238)        
2023-05-11T20:55:48.6545185Z remote: Compressing objects:   7% (17/238)        
2023-05-11T20:55:48.6545576Z remote: Compressing objects:   8% (20/238)        
2023-05-11T20:55:48.6545934Z remote: Compressing objects:   9% (22/238)        
2023-05-11T20:55:48.6546369Z remote: Compressing objects:  10% (24/238)        
2023-05-11T20:55:48.6546765Z remote: Compressing objects:  11% (27/238)        
2023-05-11T20:55:48.6547154Z remote: Compressing objects:  12% (29/238)        
2023-05-11T20:55:48.6547492Z remote: Compressing objects:  13% (31/238)        
2023-05-11T20:55:48.6547934Z remote: Compressing objects:  14% (34/238)        
2023-05-11T20:55:48.6548362Z remote: Compressing objects:  15% (36/238)        
2023-05-11T20:55:48.6548708Z remote: Compressing objects:  16% (39/238)        
2023-05-11T20:55:48.6549096Z remote: Compressing objects:  17% (41/238)        
2023-05-11T20:55:48.6549498Z remote: Compressing objects:  18% (43/238)        
2023-05-11T20:55:48.6549872Z remote: Compressing objects:  19% (46/238)        
2023-05-11T20:55:48.6550262Z remote: Compressing objects:  20% (48/238)        
2023-05-11T20:55:48.6550649Z remote: Compressing objects:  21% (50/238)        
2023-05-11T20:55:48.6550984Z remote: Compressing objects:  22% (53/238)        
2023-05-11T20:55:48.6551382Z remote: Compressing objects:  23% (55/238)        
2023-05-11T20:55:48.6551807Z remote: Compressing objects:  24% (58/238)        
2023-05-11T20:55:48.6552197Z remote: Compressing objects:  25% (60/238)        
2023-05-11T20:55:48.6552529Z remote: Compressing objects:  26% (62/238)        
2023-05-11T20:55:48.6553166Z remote: Compressing objects:  27% (65/238)        
2023-05-11T20:55:48.6553602Z remote: Compressing objects:  28% (67/238)        
2023-05-11T20:55:48.6553947Z remote: Compressing objects:  29% (70/238)        
2023-05-11T20:55:48.6554332Z remote: Compressing objects:  30% (72/238)        
2023-05-11T20:55:48.6554729Z remote: Compressing objects:  31% (74/238)        
2023-05-11T20:55:48.6555061Z remote: Compressing objects:  32% (77/238)        
2023-05-11T20:55:48.6555501Z remote: Compressing objects:  33% (79/238)        
2023-05-11T20:55:48.6555890Z remote: Compressing objects:  34% (81/238)        
2023-05-11T20:55:48.6556289Z remote: Compressing objects:  35% (84/238)        
2023-05-11T20:55:48.6556621Z remote: Compressing objects:  36% (86/238)        
2023-05-11T20:55:48.6557006Z remote: Compressing objects:  37% (89/238)        
2023-05-11T20:55:48.6557432Z remote: Compressing objects:  38% (91/238)        
2023-05-11T20:55:48.6557767Z remote: Compressing objects:  39% (93/238)        
2023-05-11T20:55:48.6558178Z remote: Compressing objects:  40% (96/238)        
2023-05-11T20:55:48.6558562Z remote: Compressing objects:  41% (98/238)        
2023-05-11T20:55:48.6558904Z remote: Compressing objects:  42% (100/238)        
2023-05-11T20:55:48.6559347Z remote: Compressing objects:  43% (103/238)        
2023-05-11T20:55:48.6559757Z remote: Compressing objects:  44% (105/238)        
2023-05-11T20:55:48.6560149Z remote: Compressing objects:  45% (108/238)        
2023-05-11T20:55:48.6560488Z remote: Compressing objects:  46% (110/238)        
2023-05-11T20:55:48.6560918Z remote: Compressing objects:  47% (112/238)        
2023-05-11T20:55:48.6561328Z remote: Compressing objects:  48% (115/238)        
2023-05-11T20:55:48.6561665Z remote: Compressing objects:  49% (117/238)        
2023-05-11T20:55:48.6562052Z remote: Compressing objects:  50% (119/238)        
2023-05-11T20:55:48.6562453Z remote: Compressing objects:  51% (122/238)        
2023-05-11T20:55:48.6574164Z remote: Compressing objects:  52% (124/238)        
2023-05-11T20:55:48.6574539Z remote: Compressing objects:  53% (127/238)        
2023-05-11T20:55:48.6575142Z remote: Compressing objects:  54% (129/238)        
2023-05-11T20:55:48.6575573Z remote: Compressing objects:  55% (131/238)        
2023-05-11T20:55:48.6576010Z remote: Compressing objects:  56% (134/238)        
2023-05-11T20:55:48.6576405Z remote: Compressing objects:  57% (136/238)        
2023-05-11T20:55:48.6576791Z remote: Compressing objects:  58% (139/238)        
2023-05-11T20:55:48.6577126Z remote: Compressing objects:  59% (141/238)        
2023-05-11T20:55:48.6577531Z remote: Compressing objects:  60% (143/238)        
2023-05-11T20:55:48.6577966Z remote: Compressing objects:  61% (146/238)        
2023-05-11T20:55:48.6578360Z remote: Compressing objects:  62% (148/238)        
2023-05-11T20:55:48.6578697Z remote: Compressing objects:  63% (150/238)        
2023-05-11T20:55:48.6579091Z remote: Compressing objects:  64% (153/238)        
2023-05-11T20:55:48.6579546Z remote: Compressing objects:  65% (155/238)        
2023-05-11T20:55:48.6579887Z remote: Compressing objects:  66% (158/238)        
2023-05-11T20:55:48.6580278Z remote: Compressing objects:  67% (160/238)        
2023-05-11T20:55:48.6580683Z remote: Compressing objects:  68% (162/238)        
2023-05-11T20:55:48.6581034Z remote: Compressing objects:  69% (165/238)        
2023-05-11T20:55:48.6581462Z remote: Compressing objects:  70% (167/238)        
2023-05-11T20:55:48.6581847Z remote: Compressing objects:  71% (169/238)        
2023-05-11T20:55:48.6582180Z remote: Compressing objects:  72% (172/238)        
2023-05-11T20:55:48.6582566Z remote: Compressing objects:  73% (174/238)        
2023-05-11T20:55:48.6582964Z remote: Compressing objects:  74% (177/238)        
2023-05-11T20:55:48.6583391Z remote: Compressing objects:  75% (179/238)        
2023-05-11T20:55:48.6583726Z remote: Compressing objects:  76% (181/238)        
2023-05-11T20:55:48.6584114Z remote: Compressing objects:  77% (184/238)        
2023-05-11T20:55:48.6584683Z remote: Compressing objects:  78% (186/238)        
2023-05-11T20:55:48.6585016Z remote: Compressing objects:  79% (189/238)        
2023-05-11T20:55:48.6585456Z remote: Compressing objects:  80% (191/238)        
2023-05-11T20:55:48.6585847Z remote: Compressing objects:  81% (193/238)        
2023-05-11T20:55:48.6586196Z remote: Compressing objects:  82% (196/238)        
2023-05-11T20:55:48.6586582Z remote: Compressing objects:  83% (198/238)        
2023-05-11T20:55:48.6587004Z remote: Compressing objects:  84% (200/238)        
2023-05-11T20:55:48.6587393Z remote: Compressing objects:  85% (203/238)        
2023-05-11T20:55:48.6587743Z remote: Compressing objects:  86% (205/238)        
2023-05-11T20:55:48.6588146Z remote: Compressing objects:  87% (208/238)        
2023-05-11T20:55:48.6588532Z remote: Compressing objects:  88% (210/238)        
2023-05-11T20:55:48.6588903Z remote: Compressing objects:  89% (212/238)        
2023-05-11T20:55:48.6589289Z remote: Compressing objects:  90% (215/238)        
2023-05-11T20:55:48.6589714Z remote: Compressing objects:  91% (217/238)        
2023-05-11T20:55:48.6590106Z remote: Compressing objects:  92% (219/238)        
2023-05-11T20:55:48.6596794Z remote: Compressing objects:  93% (222/238)        
2023-05-11T20:55:48.6597163Z remote: Compressing objects:  94% (224/238)        
2023-05-11T20:55:48.6597900Z remote: Compressing objects:  95% (227/238)        
2023-05-11T20:55:48.6598346Z remote: Compressing objects:  96% (229/238)        
2023-05-11T20:55:48.6598682Z remote: Compressing objects:  97% (231/238)        
2023-05-11T20:55:48.6599145Z remote: Compressing objects:  98% (234/238)        
2023-05-11T20:55:48.6599562Z remote: Compressing objects:  99% (236/238)        
2023-05-11T20:55:48.6599949Z remote: Compressing objects: 100% (238/238)        
2023-05-11T20:55:48.6600303Z remote: Compressing objects: 100% (238/238), done.        
2023-05-11T20:55:48.6656223Z Receiving objects:   0% (1/1210)
2023-05-11T20:55:48.6660230Z Receiving objects:   1% (13/1210)
2023-05-11T20:55:48.6664801Z Receiving objects:   2% (25/1210)
2023-05-11T20:55:48.6853570Z Receiving objects:   3% (37/1210)
2023-05-11T20:55:48.6856745Z Receiving objects:   4% (49/1210)
2023-05-11T20:55:48.6882800Z Receiving objects:   5% (61/1210)
2023-05-11T20:55:48.6931178Z Receiving objects:   6% (73/1210)
2023-05-11T20:55:48.6934168Z Receiving objects:   7% (85/1210)
2023-05-11T20:55:48.6937440Z Receiving objects:   8% (97/1210)
2023-05-11T20:55:48.6945989Z Receiving objects:   9% (109/1210)
2023-05-11T20:55:48.6948895Z Receiving objects:  10% (121/1210)
2023-05-11T20:55:48.6952437Z Receiving objects:  11% (134/1210)
2023-05-11T20:55:48.6955563Z Receiving objects:  12% (146/1210)
2023-05-11T20:55:48.6956445Z Receiving objects:  13% (158/1210)
2023-05-11T20:55:48.6956879Z Receiving objects:  14% (170/1210)
2023-05-11T20:55:48.6959978Z Receiving objects:  15% (182/1210)
2023-05-11T20:55:48.7080695Z Receiving objects:  16% (194/1210)
2023-05-11T20:55:48.7081347Z Receiving objects:  17% (206/1210)
2023-05-11T20:55:48.7084836Z Receiving objects:  18% (218/1210)
2023-05-11T20:55:48.7085391Z Receiving objects:  19% (230/1210)
2023-05-11T20:55:48.7165361Z Receiving objects:  20% (242/1210)
2023-05-11T20:55:48.7168677Z Receiving objects:  21% (255/1210)
2023-05-11T20:55:48.7192705Z Receiving objects:  22% (267/1210)
2023-05-11T20:55:48.7195351Z Receiving objects:  23% (279/1210)
2023-05-11T20:55:48.7242175Z Receiving objects:  24% (291/1210)
2023-05-11T20:55:48.7242894Z Receiving objects:  25% (303/1210)
2023-05-11T20:55:48.7246084Z Receiving objects:  26% (315/1210)
2023-05-11T20:55:48.7248018Z Receiving objects:  27% (327/1210)
2023-05-11T20:55:48.7252019Z Receiving objects:  28% (339/1210)
2023-05-11T20:55:48.7252562Z Receiving objects:  29% (351/1210)
2023-05-11T20:55:48.7253144Z Receiving objects:  30% (363/1210)
2023-05-11T20:55:48.7253460Z Receiving objects:  31% (376/1210)
2023-05-11T20:55:48.7253722Z Receiving objects:  32% (388/1210)
2023-05-11T20:55:48.7254005Z Receiving objects:  33% (400/1210)
2023-05-11T20:55:48.7261934Z Receiving objects:  34% (412/1210)
2023-05-11T20:55:48.7262601Z Receiving objects:  35% (424/1210)
2023-05-11T20:55:48.7262928Z Receiving objects:  36% (436/1210)
2023-05-11T20:55:48.7263209Z Receiving objects:  37% (448/1210)
2023-05-11T20:55:48.7263468Z Receiving objects:  38% (460/1210)
2023-05-11T20:55:48.7263739Z Receiving objects:  39% (472/1210)
2023-05-11T20:55:48.7264011Z Receiving objects:  40% (484/1210)
2023-05-11T20:55:48.7264264Z Receiving objects:  41% (497/1210)
2023-05-11T20:55:48.7265222Z Receiving objects:  42% (509/1210)
2023-05-11T20:55:48.7268123Z Receiving objects:  43% (521/1210)
2023-05-11T20:55:48.7281959Z Receiving objects:  44% (533/1210)
2023-05-11T20:55:48.7282263Z Receiving objects:  45% (545/1210)
2023-05-11T20:55:48.7282790Z Receiving objects:  46% (557/1210)
2023-05-11T20:55:48.7284909Z Receiving objects:  47% (569/1210)
2023-05-11T20:55:48.7299858Z Receiving objects:  48% (581/1210)
2023-05-11T20:55:48.7300932Z Receiving objects:  49% (593/1210)
2023-05-11T20:55:48.7301220Z Receiving objects:  50% (605/1210)
2023-05-11T20:55:48.7313644Z Receiving objects:  51% (618/1210)
2023-05-11T20:55:48.7314052Z Receiving objects:  52% (630/1210)
2023-05-11T20:55:48.7314322Z Receiving objects:  53% (642/1210)
2023-05-11T20:55:48.7314600Z Receiving objects:  54% (654/1210)
2023-05-11T20:55:48.7314874Z Receiving objects:  55% (666/1210)
2023-05-11T20:55:48.7315127Z Receiving objects:  56% (678/1210)
2023-05-11T20:55:48.7315405Z Receiving objects:  57% (690/1210)
2023-05-11T20:55:48.7315698Z Receiving objects:  58% (702/1210)
2023-05-11T20:55:48.7315967Z Receiving objects:  59% (714/1210)
2023-05-11T20:55:48.7316217Z Receiving objects:  60% (726/1210)
2023-05-11T20:55:48.7316489Z Receiving objects:  61% (739/1210)
2023-05-11T20:55:48.7316757Z Receiving objects:  62% (751/1210)
2023-05-11T20:55:48.7477082Z Receiving objects:  63% (763/1210)
2023-05-11T20:55:48.7480215Z Receiving objects:  64% (775/1210)
2023-05-11T20:55:48.7483527Z Receiving objects:  65% (787/1210)
2023-05-11T20:55:48.7503995Z Receiving objects:  66% (799/1210)
2023-05-11T20:55:48.7506403Z Receiving objects:  67% (811/1210)
2023-05-11T20:55:48.7509124Z Receiving objects:  68% (823/1210)
2023-05-11T20:55:48.7511174Z Receiving objects:  69% (835/1210)
2023-05-11T20:55:48.7531077Z Receiving objects:  70% (847/1210)
2023-05-11T20:55:48.7532128Z Receiving objects:  71% (860/1210)
2023-05-11T20:55:48.7532968Z Receiving objects:  72% (872/1210)
2023-05-11T20:55:48.7585241Z Receiving objects:  73% (884/1210)
2023-05-11T20:55:48.7589572Z Receiving objects:  74% (896/1210)
2023-05-11T20:55:48.7607858Z Receiving objects:  75% (908/1210)
2023-05-11T20:55:48.7608253Z Receiving objects:  76% (920/1210)
2023-05-11T20:55:48.7608519Z Receiving objects:  77% (932/1210)
2023-05-11T20:55:48.7608796Z Receiving objects:  78% (944/1210)
2023-05-11T20:55:48.7609066Z Receiving objects:  79% (956/1210)
2023-05-11T20:55:48.7609319Z Receiving objects:  80% (968/1210)
2023-05-11T20:55:48.7609592Z Receiving objects:  81% (981/1210)
2023-05-11T20:55:48.7609887Z Receiving objects:  82% (993/1210)
2023-05-11T20:55:48.7610145Z Receiving objects:  83% (1005/1210)
2023-05-11T20:55:48.7610435Z Receiving objects:  84% (1017/1210)
2023-05-11T20:55:48.7610711Z Receiving objects:  85% (1029/1210)
2023-05-11T20:55:48.7610966Z Receiving objects:  86% (1041/1210)
2023-05-11T20:55:48.7613549Z Receiving objects:  87% (1053/1210)
2023-05-11T20:55:48.7613883Z Receiving objects:  88% (1065/1210)
2023-05-11T20:55:48.7614142Z Receiving objects:  89% (1077/1210)
2023-05-11T20:55:48.7614420Z Receiving objects:  90% (1089/1210)
2023-05-11T20:55:48.7615073Z remote: Total 1210 (delta 192), reused 273 (delta 168), pack-reused 778        
2023-05-11T20:55:48.7615395Z Receiving objects:  91% (1102/1210)
2023-05-11T20:55:48.7615669Z Receiving objects:  92% (1114/1210)
2023-05-11T20:55:48.7615943Z Receiving objects:  93% (1126/1210)
2023-05-11T20:55:48.7616213Z Receiving objects:  94% (1138/1210)
2023-05-11T20:55:48.7616464Z Receiving objects:  95% (1150/1210)
2023-05-11T20:55:48.7617060Z Receiving objects:  96% (1162/1210)
2023-05-11T20:55:48.7617338Z Receiving objects:  97% (1174/1210)
2023-05-11T20:55:48.7617605Z Receiving objects:  98% (1186/1210)
2023-05-11T20:55:48.7619819Z Receiving objects:  99% (1198/1210)
2023-05-11T20:55:48.7620113Z Receiving objects: 100% (1210/1210)
2023-05-11T20:55:48.7620410Z Receiving objects: 100% (1210/1210), 300.54 KiB | 3.13 MiB/s, done.
2023-05-11T20:55:48.7620721Z Resolving deltas:   0% (0/661)
2023-05-11T20:55:48.7620990Z Resolving deltas:   1% (7/661)
2023-05-11T20:55:48.7621257Z Resolving deltas:   2% (14/661)
2023-05-11T20:55:48.7621508Z Resolving deltas:   3% (20/661)
2023-05-11T20:55:48.7621768Z Resolving deltas:   4% (27/661)
2023-05-11T20:55:48.7622100Z Resolving deltas:   5% (34/661)
2023-05-11T20:55:48.7622359Z Resolving deltas:   6% (40/661)
2023-05-11T20:55:48.7622622Z Resolving deltas:   7% (47/661)
2023-05-11T20:55:48.7622888Z Resolving deltas:   8% (53/661)
2023-05-11T20:55:48.7624759Z Resolving deltas:   9% (60/661)
2023-05-11T20:55:48.7625092Z Resolving deltas:  10% (67/661)
2023-05-11T20:55:48.7625358Z Resolving deltas:  11% (73/661)
2023-05-11T20:55:48.7625614Z Resolving deltas:  12% (80/661)
2023-05-11T20:55:48.7625873Z Resolving deltas:  13% (86/661)
2023-05-11T20:55:48.7626132Z Resolving deltas:  14% (93/661)
2023-05-11T20:55:48.7626381Z Resolving deltas:  15% (100/661)
2023-05-11T20:55:48.7626649Z Resolving deltas:  16% (106/661)
2023-05-11T20:55:48.7626917Z Resolving deltas:  17% (113/661)
2023-05-11T20:55:48.7627168Z Resolving deltas:  18% (119/661)
2023-05-11T20:55:48.7627433Z Resolving deltas:  19% (126/661)
2023-05-11T20:55:48.7627698Z Resolving deltas:  20% (133/661)
2023-05-11T20:55:48.7628870Z Resolving deltas:  21% (139/661)
2023-05-11T20:55:48.7629200Z Resolving deltas:  22% (146/661)
2023-05-11T20:55:48.7629466Z Resolving deltas:  23% (153/661)
2023-05-11T20:55:48.7629731Z Resolving deltas:  24% (159/661)
2023-05-11T20:55:48.7629984Z Resolving deltas:  25% (166/661)
2023-05-11T20:55:48.7630998Z Resolving deltas:  26% (172/661)
2023-05-11T20:55:48.7631275Z Resolving deltas:  27% (179/661)
2023-05-11T20:55:48.7636060Z Resolving deltas:  28% (186/661)
2023-05-11T20:55:48.7636385Z Resolving deltas:  29% (192/661)
2023-05-11T20:55:48.7636652Z Resolving deltas:  30% (199/661)
2023-05-11T20:55:48.7638437Z Resolving deltas:  31% (205/661)
2023-05-11T20:55:48.7639394Z Resolving deltas:  32% (212/661)
2023-05-11T20:55:48.7676493Z Resolving deltas:  33% (219/661)
2023-05-11T20:55:48.7676775Z Resolving deltas:  34% (225/661)
2023-05-11T20:55:48.7679401Z Resolving deltas:  35% (232/661)
2023-05-11T20:55:48.7684122Z Resolving deltas:  36% (238/661)
2023-05-11T20:55:48.7687580Z Resolving deltas:  37% (245/661)
2023-05-11T20:55:48.7688285Z Resolving deltas:  38% (252/661)
2023-05-11T20:55:48.7690538Z Resolving deltas:  39% (258/661)
2023-05-11T20:55:48.7694141Z Resolving deltas:  40% (265/661)
2023-05-11T20:55:48.7701458Z Resolving deltas:  41% (272/661)
2023-05-11T20:55:48.7708460Z Resolving deltas:  42% (278/661)
2023-05-11T20:55:48.7715287Z Resolving deltas:  43% (285/661)
2023-05-11T20:55:48.7743658Z Resolving deltas:  44% (291/661)
2023-05-11T20:55:48.7744294Z Resolving deltas:  45% (298/661)
2023-05-11T20:55:48.7745117Z Resolving deltas:  46% (305/661)
2023-05-11T20:55:48.7745655Z Resolving deltas:  47% (311/661)
2023-05-11T20:55:48.7746491Z Resolving deltas:  48% (318/661)
2023-05-11T20:55:48.7751875Z Resolving deltas:  49% (324/661)
2023-05-11T20:55:48.7758680Z Resolving deltas:  50% (331/661)
2023-05-11T20:55:48.7762234Z Resolving deltas:  51% (338/661)
2023-05-11T20:55:48.7764536Z Resolving deltas:  52% (344/661)
2023-05-11T20:55:48.7767832Z Resolving deltas:  53% (351/661)
2023-05-11T20:55:48.7774730Z Resolving deltas:  54% (357/661)
2023-05-11T20:55:48.7778729Z Resolving deltas:  55% (364/661)
2023-05-11T20:55:48.7782846Z Resolving deltas:  56% (371/661)
2023-05-11T20:55:48.7790661Z Resolving deltas:  57% (377/661)
2023-05-11T20:55:48.7793143Z Resolving deltas:  58% (384/661)
2023-05-11T20:55:48.7797765Z Resolving deltas:  59% (390/661)
2023-05-11T20:55:48.7801652Z Resolving deltas:  60% (397/661)
2023-05-11T20:55:48.7803685Z Resolving deltas:  61% (404/661)
2023-05-11T20:55:48.7805521Z Resolving deltas:  62% (410/661)
2023-05-11T20:55:48.7806128Z Resolving deltas:  63% (417/661)
2023-05-11T20:55:48.7807733Z Resolving deltas:  64% (424/661)
2023-05-11T20:55:48.7810792Z Resolving deltas:  65% (430/661)
2023-05-11T20:55:48.7811433Z Resolving deltas:  66% (437/661)
2023-05-11T20:55:48.7815925Z Resolving deltas:  67% (443/661)
2023-05-11T20:55:48.7824800Z Resolving deltas:  68% (450/661)
2023-05-11T20:55:48.7828829Z Resolving deltas:  69% (457/661)
2023-05-11T20:55:48.7835251Z Resolving deltas:  70% (463/661)
2023-05-11T20:55:48.7835919Z Resolving deltas:  71% (471/661)
2023-05-11T20:55:48.7837824Z Resolving deltas:  72% (476/661)
2023-05-11T20:55:48.7838470Z Resolving deltas:  73% (483/661)
2023-05-11T20:55:48.7840031Z Resolving deltas:  74% (490/661)
2023-05-11T20:55:48.7841457Z Resolving deltas:  75% (496/661)
2023-05-11T20:55:48.7843150Z Resolving deltas:  76% (503/661)
2023-05-11T20:55:48.7844603Z Resolving deltas:  77% (509/661)
2023-05-11T20:55:48.7846053Z Resolving deltas:  78% (516/661)
2023-05-11T20:55:48.7847286Z Resolving deltas:  79% (523/661)
2023-05-11T20:55:48.7848717Z Resolving deltas:  80% (529/661)
2023-05-11T20:55:48.7850122Z Resolving deltas:  81% (536/661)
2023-05-11T20:55:48.7851370Z Resolving deltas:  82% (543/661)
2023-05-11T20:55:48.7852695Z Resolving deltas:  83% (549/661)
2023-05-11T20:55:48.7853948Z Resolving deltas:  84% (556/661)
2023-05-11T20:55:48.7855659Z Resolving deltas:  85% (562/661)
2023-05-11T20:55:48.7858637Z Resolving deltas:  86% (569/661)
2023-05-11T20:55:48.7861484Z Resolving deltas:  87% (576/661)
2023-05-11T20:55:48.7870615Z Resolving deltas:  88% (582/661)
2023-05-11T20:55:48.7878700Z Resolving deltas:  89% (589/661)
2023-05-11T20:55:48.7885620Z Resolving deltas:  90% (595/661)
2023-05-11T20:55:48.7890759Z Resolving deltas:  91% (602/661)
2023-05-11T20:55:48.7895077Z Resolving deltas:  92% (609/661)
2023-05-11T20:55:48.7899073Z Resolving deltas:  93% (615/661)
2023-05-11T20:55:48.7902974Z Resolving deltas:  94% (622/661)
2023-05-11T20:55:48.7906705Z Resolving deltas:  95% (628/661)
2023-05-11T20:55:48.7942982Z Resolving deltas:  96% (635/661)
2023-05-11T20:55:48.7943658Z Resolving deltas:  97% (642/661)
2023-05-11T20:55:48.7944485Z Resolving deltas:  98% (648/661)
2023-05-11T20:55:48.7945112Z Resolving deltas:  99% (655/661)
2023-05-11T20:55:48.7953389Z Resolving deltas: 100% (661/661)
2023-05-11T20:55:48.7953956Z Resolving deltas: 100% (661/661), done.
2023-05-11T20:55:48.8095815Z From https://github.com/con/tinuous
2023-05-11T20:55:48.8096931Z  * [new branch]      gh-162          -> origin/gh-162
2023-05-11T20:55:48.8097949Z  * [new branch]      gh-55           -> origin/gh-55
2023-05-11T20:55:48.8121994Z  * [new branch]      master          -> origin/master
2023-05-11T20:55:48.8123472Z  * [new branch]      no-extra-search -> origin/no-extra-search
2023-05-11T20:55:48.8124209Z  * [new branch]      test-appveyor   -> origin/test-appveyor
2023-05-11T20:55:48.8124748Z  * [new tag]         0.1.0           -> 0.1.0
2023-05-11T20:55:48.8125246Z  * [new tag]         0.2.0           -> 0.2.0
2023-05-11T20:55:48.8125702Z  * [new tag]         0.3.0           -> 0.3.0
2023-05-11T20:55:48.8126161Z  * [new tag]         0.4.0           -> 0.4.0
2023-05-11T20:55:48.8126614Z  * [new tag]         0.5.0           -> 0.5.0
2023-05-11T20:55:48.8127074Z  * [new tag]         0.5.1           -> 0.5.1
2023-05-11T20:55:48.8127521Z  * [new tag]         0.5.2           -> 0.5.2
2023-05-11T20:55:48.8127970Z  * [new tag]         0.5.3           -> 0.5.3
2023-05-11T20:55:48.8128420Z  * [new tag]         0.5.4           -> 0.5.4
2023-05-11T20:55:48.8128875Z  * [new tag]         0.6.0           -> 0.6.0
2023-05-11T20:55:48.8129314Z  * [new tag]         0.6.1           -> 0.6.1
2023-05-11T20:55:48.8174651Z [command]/usr/bin/git branch --list --remote origin/gh-162
2023-05-11T20:55:48.8196135Z   origin/gh-162
2023-05-11T20:55:48.8211082Z [command]/usr/bin/git rev-parse refs/remotes/origin/gh-162
2023-05-11T20:55:48.8241886Z 87f63173a94f5fd3f2ace68b61a6734227b9911d
2023-05-11T20:55:48.8250320Z ##[endgroup]
2023-05-11T20:55:48.8250814Z ##[group]Determining the checkout info
2023-05-11T20:55:48.8254117Z ##[endgroup]
2023-05-11T20:55:48.8254720Z ##[group]Checking out the ref
2023-05-11T20:55:48.8261041Z [command]/usr/bin/git checkout --progress --force -B gh-162 refs/remotes/origin/gh-162
2023-05-11T20:55:48.8336752Z Switched to a new branch 'gh-162'
2023-05-11T20:55:48.8340163Z branch 'gh-162' set up to track 'origin/gh-162'.
2023-05-11T20:55:48.8345999Z ##[endgroup]
2023-05-11T20:55:48.8398804Z [command]/usr/bin/git log -1 --format='%H'
2023-05-11T20:55:48.8430201Z '87f63173a94f5fd3f2ace68b61a6734227b9911d'
2023-05-11T20:55:48.8863299Z ##[group]Run actions/setup-python@v4
2023-05-11T20:55:48.8863612Z with:
2023-05-11T20:55:48.8863848Z   python-version: 3.8
2023-05-11T20:55:48.8864089Z   check-latest: false
2023-05-11T20:55:48.8864544Z   token: ***
2023-05-11T20:55:48.8864797Z   update-environment: true
2023-05-11T20:55:48.8865074Z   allow-prereleases: false
2023-05-11T20:55:48.8865310Z ##[endgroup]
2023-05-11T20:55:49.0878124Z ##[group]Installed versions
2023-05-11T20:55:49.1003353Z Successfully set up CPython (3.8.16)
2023-05-11T20:55:49.1005274Z ##[endgroup]
2023-05-11T20:55:49.1154720Z ##[group]Run python -m pip install --upgrade pip wheel
2023-05-11T20:55:49.1155201Z [36;1mpython -m pip install --upgrade pip wheel[0m
2023-05-11T20:55:49.1155571Z [36;1mpython -m pip install --upgrade --upgrade-strategy=eager tox[0m
2023-05-11T20:55:49.1218469Z shell: /usr/bin/bash -e {0}
2023-05-11T20:55:49.1218743Z env:
2023-05-11T20:55:49.1219033Z   pythonLocation: /opt/hostedtoolcache/Python/3.8.16/x64
2023-05-11T20:55:49.1219426Z   PKG_CONFIG_PATH: /opt/hostedtoolcache/Python/3.8.16/x64/lib/pkgconfig
2023-05-11T20:55:49.1219808Z   Python_ROOT_DIR: /opt/hostedtoolcache/Python/3.8.16/x64
2023-05-11T20:55:49.1220170Z   Python2_ROOT_DIR: /opt/hostedtoolcache/Python/3.8.16/x64
2023-05-11T20:55:49.1220516Z   Python3_ROOT_DIR: /opt/hostedtoolcache/Python/3.8.16/x64
2023-05-11T20:55:49.1220874Z   LD_LIBRARY_PATH: /opt/hostedtoolcache/Python/3.8.16/x64/lib
2023-05-11T20:55:49.1221172Z ##[endgroup]
2023-05-11T20:55:52.5350831Z Requirement already satisfied: pip in /opt/hostedtoolcache/Python/3.8.16/x64/lib/python3.8/site-packages (22.0.4)
2023-05-11T20:55:52.7843878Z Collecting pip
2023-05-11T20:55:52.9320131Z   Downloading pip-23.1.2-py3-none-any.whl (2.1 MB)
2023-05-11T20:55:53.0901034Z      ‚îÅ‚îÅ‚îÅ‚îÅ‚îÅ‚îÅ‚îÅ‚îÅ‚îÅ‚îÅ‚îÅ‚îÅ‚îÅ‚îÅ‚îÅ‚îÅ‚îÅ‚îÅ‚îÅ‚îÅ‚îÅ‚îÅ‚îÅ‚îÅ‚îÅ‚îÅ‚îÅ‚îÅ‚îÅ‚îÅ‚îÅ‚îÅ‚îÅ‚îÅ‚îÅ‚îÅ‚îÅ‚îÅ‚îÅ‚îÅ 2.1/2.1 MB 13.5 MB/s eta 0:00:00
2023-05-11T20:55:53.1708686Z Collecting wheel
2023-05-11T20:55:53.1848283Z   Downloading wheel-0.40.0-py3-none-any.whl (64 kB)
2023-05-11T20:55:53.1921764Z      ‚îÅ‚îÅ‚îÅ‚îÅ‚îÅ‚îÅ‚îÅ‚îÅ‚îÅ‚îÅ‚îÅ‚îÅ‚îÅ‚îÅ‚îÅ‚îÅ‚îÅ‚îÅ‚îÅ‚îÅ‚îÅ‚îÅ‚îÅ‚îÅ‚îÅ‚îÅ‚îÅ‚îÅ‚îÅ‚îÅ‚îÅ‚îÅ‚îÅ‚îÅ‚îÅ‚îÅ‚îÅ‚îÅ‚îÅ‚îÅ 64.5/64.5 kB 14.2 MB/s eta 0:00:00
2023-05-11T20:55:53.2509199Z Installing collected packages: wheel, pip
2023-05-11T20:55:53.3130022Z   Attempting uninstall: pip
2023-05-11T20:55:53.3139517Z     Found existing installation: pip 22.0.4
2023-05-11T20:55:53.3951922Z     Uninstalling pip-22.0.4:
2023-05-11T20:55:53.4901174Z       Successfully uninstalled pip-22.0.4
2023-05-11T20:55:54.8879890Z Successfully installed pip-23.1.2 wheel-0.40.0
2023-05-11T20:55:56.1093216Z Collecting tox
2023-05-11T20:55:56.2303621Z   Downloading tox-4.5.1-py3-none-any.whl (148 kB)
2023-05-11T20:55:56.2719251Z      ‚îÅ‚îÅ‚îÅ‚îÅ‚îÅ‚îÅ‚îÅ‚îÅ‚îÅ‚îÅ‚îÅ‚îÅ‚îÅ‚îÅ‚îÅ‚îÅ‚îÅ‚îÅ‚îÅ‚îÅ‚îÅ‚îÅ‚îÅ‚îÅ‚îÅ‚îÅ‚îÅ‚îÅ‚îÅ‚îÅ‚îÅ‚îÅ‚îÅ‚îÅ‚îÅ‚îÅ‚îÅ‚îÅ‚îÅ 149.0/149.0 kB 4.2 MB/s eta 0:00:00
2023-05-11T20:55:56.3629445Z Collecting cachetools>=5.3 (from tox)
2023-05-11T20:55:56.3760684Z   Downloading cachetools-5.3.0-py3-none-any.whl (9.3 kB)
2023-05-11T20:55:56.4104068Z Collecting chardet>=5.1 (from tox)
2023-05-11T20:55:56.4223640Z   Downloading chardet-5.1.0-py3-none-any.whl (199 kB)
2023-05-11T20:55:56.4388667Z      ‚îÅ‚îÅ‚îÅ‚îÅ‚îÅ‚îÅ‚îÅ‚îÅ‚îÅ‚îÅ‚îÅ‚îÅ‚îÅ‚îÅ‚îÅ‚îÅ‚îÅ‚îÅ‚îÅ‚îÅ‚îÅ‚îÅ‚îÅ‚îÅ‚îÅ‚îÅ‚îÅ‚îÅ‚îÅ‚îÅ‚îÅ‚îÅ‚îÅ‚îÅ‚îÅ‚îÅ‚îÅ‚îÅ 199.1/199.1 kB 15.2 MB/s eta 0:00:00
2023-05-11T20:55:56.4869084Z Collecting colorama>=0.4.6 (from tox)
2023-05-11T20:55:56.4980664Z   Downloading colorama-0.4.6-py2.py3-none-any.whl (25 kB)
2023-05-11T20:55:56.5528751Z Collecting filelock>=3.11 (from tox)
2023-05-11T20:55:56.5632454Z   Downloading filelock-3.12.0-py3-none-any.whl (10 kB)
2023-05-11T20:55:56.6176837Z Collecting packaging>=23.1 (from tox)
2023-05-11T20:55:56.6282322Z   Downloading packaging-23.1-py3-none-any.whl (48 kB)
2023-05-11T20:55:56.6347525Z      ‚îÅ‚îÅ‚îÅ‚îÅ‚îÅ‚îÅ‚îÅ‚îÅ‚îÅ‚îÅ‚îÅ‚îÅ‚îÅ‚îÅ‚îÅ‚îÅ‚îÅ‚îÅ‚îÅ‚îÅ‚îÅ‚îÅ‚îÅ‚îÅ‚îÅ‚îÅ‚îÅ‚îÅ‚îÅ‚îÅ‚îÅ‚îÅ‚îÅ‚îÅ‚îÅ‚îÅ‚îÅ‚îÅ‚îÅ‚îÅ 48.9/48.9 kB 11.2 MB/s eta 0:00:00
2023-05-11T20:55:56.6801780Z Collecting platformdirs>=3.2 (from tox)
2023-05-11T20:55:56.6909659Z   Downloading platformdirs-3.5.1-py3-none-any.whl (15 kB)
2023-05-11T20:55:56.7315319Z Collecting pluggy>=1 (from tox)
2023-05-11T20:55:56.7430602Z   Downloading pluggy-1.0.0-py2.py3-none-any.whl (13 kB)
2023-05-11T20:55:56.7769304Z Collecting pyproject-api>=1.5.1 (from tox)
2023-05-11T20:55:56.7919770Z   Downloading pyproject_api-1.5.1-py3-none-any.whl (12 kB)
2023-05-11T20:55:56.8357634Z Collecting tomli>=2.0.1 (from tox)
2023-05-11T20:55:56.8479018Z   Downloading tomli-2.0.1-py3-none-any.whl (12 kB)
2023-05-11T20:55:57.0173418Z Collecting virtualenv>=20.21 (from tox)
2023-05-11T20:55:57.0299329Z   Downloading virtualenv-20.23.0-py3-none-any.whl (3.3 MB)
2023-05-11T20:55:57.1710747Z      ‚îÅ‚îÅ‚îÅ‚îÅ‚îÅ‚îÅ‚îÅ‚îÅ‚îÅ‚îÅ‚îÅ‚îÅ‚îÅ‚îÅ‚îÅ‚îÅ‚îÅ‚îÅ‚îÅ‚îÅ‚îÅ‚îÅ‚îÅ‚îÅ‚îÅ‚îÅ‚îÅ‚îÅ‚îÅ‚îÅ‚îÅ‚îÅ‚îÅ‚îÅ‚îÅ‚îÅ‚îÅ‚îÅ‚îÅ‚îÅ 3.3/3.3 MB 23.6 MB/s eta 0:00:00
2023-05-11T20:55:57.3196292Z Collecting distlib<1,>=0.3.6 (from virtualenv>=20.21->tox)
2023-05-11T20:55:57.3297231Z   Downloading distlib-0.3.6-py2.py3-none-any.whl (468 kB)
2023-05-11T20:55:57.3470689Z      ‚îÅ‚îÅ‚îÅ‚îÅ‚îÅ‚îÅ‚îÅ‚îÅ‚îÅ‚îÅ‚îÅ‚îÅ‚îÅ‚îÅ‚îÅ‚îÅ‚îÅ‚îÅ‚îÅ‚îÅ‚îÅ‚îÅ‚îÅ‚îÅ‚îÅ‚îÅ‚îÅ‚îÅ‚îÅ‚îÅ‚îÅ‚îÅ‚îÅ‚îÅ‚îÅ‚îÅ‚îÅ‚îÅ 468.5/468.5 kB 32.7 MB/s eta 0:00:00
2023-05-11T20:55:57.5403707Z Installing collected packages: distlib, tomli, pluggy, platformdirs, packaging, filelock, colorama, chardet, cachetools, virtualenv, pyproject-api, tox
2023-05-11T20:55:58.3490672Z Successfully installed cachetools-5.3.0 chardet-5.1.0 colorama-0.4.6 distlib-0.3.6 filelock-3.12.0 packaging-23.1 platformdirs-3.5.1 pluggy-1.0.0 pyproject-api-1.5.1 tomli-2.0.1 tox-4.5.1 virtualenv-20.23.0
2023-05-11T20:55:58.5242149Z ##[group]Run tox -e lint
2023-05-11T20:55:58.5242471Z [36;1mtox -e lint[0m
2023-05-11T20:55:58.5299982Z shell: /usr/bin/bash -e {0}
2023-05-11T20:55:58.5300239Z env:
2023-05-11T20:55:58.5300912Z   pythonLocation: /opt/hostedtoolcache/Python/3.8.16/x64
2023-05-11T20:55:58.5301418Z   PKG_CONFIG_PATH: /opt/hostedtoolcache/Python/3.8.16/x64/lib/pkgconfig
2023-05-11T20:55:58.5301806Z   Python_ROOT_DIR: /opt/hostedtoolcache/Python/3.8.16/x64
2023-05-11T20:55:58.5302172Z   Python2_ROOT_DIR: /opt/hostedtoolcache/Python/3.8.16/x64
2023-05-11T20:55:58.5302531Z   Python3_ROOT_DIR: /opt/hostedtoolcache/Python/3.8.16/x64
2023-05-11T20:55:58.5302894Z   LD_LIBRARY_PATH: /opt/hostedtoolcache/Python/3.8.16/x64/lib
2023-05-11T20:55:58.5303171Z ##[endgroup]
2023-05-11T20:55:59.3855923Z lint: install_deps> python -I -m pip install flake8 flake8-bugbear flake8-builtins flake8-unused-arguments
2023-05-11T20:56:02.0947780Z lint: freeze> python -m pip freeze --all
2023-05-11T20:56:02.5804787Z lint: attrs==23.1.0,flake8==6.0.0,flake8-bugbear==23.5.9,flake8-builtins==2.1.0,flake8-unused-arguments==0.0.13,mccabe==0.7.0,pip==23.1.2,pycodestyle==2.10.0,pyflakes==3.0.1,setuptools==67.7.2,wheel==0.40.0
2023-05-11T20:56:02.5812890Z lint: commands[0]> flake8 --config=tox.ini src test
2023-05-11T20:56:03.6945198Z   lint: OK (4.74=setup[3.63]+cmd[1.11] seconds)
2023-05-11T20:56:03.6945934Z   congratulations :) (4.90 seconds)
2023-05-11T20:56:03.7331891Z Post job cleanup.
2023-05-11T20:56:03.9270690Z Post job cleanup.
2023-05-11T20:56:04.0508069Z [command]/usr/bin/git version
2023-05-11T20:56:04.0566941Z git version 2.40.1
2023-05-11T20:56:04.0635928Z Temporarily overriding HOME='/home/runner/work/_temp/78ebaa05-736d-4fae-b9f0-1e42407e77bc' before making global git config changes
2023-05-11T20:56:04.0637347Z Adding repository directory to the temporary git global config as a safe directory
2023-05-11T20:56:04.0649080Z [command]/usr/bin/git config --global --add safe.directory /home/runner/work/tinuous/tinuous
2023-05-11T20:56:04.0691852Z [command]/usr/bin/git config --local --name-only --get-regexp core\.sshCommand
2023-05-11T20:56:04.0732978Z [command]/usr/bin/git submodule foreach --recursive sh -c "git config --local --name-only --get-regexp 'core\.sshCommand' && git config --local --unset-all 'core.sshCommand' || :"
2023-05-11T20:56:04.1013397Z [command]/usr/bin/git config --local --name-only --get-regexp http\.https\:\/\/github\.com\/\.extraheader
2023-05-11T20:56:04.1062881Z http.https://github.com/.extraheader
2023-05-11T20:56:04.1079881Z [command]/usr/bin/git config --local --unset-all http.https://github.com/.extraheader
2023-05-11T20:56:04.1128228Z [command]/usr/bin/git submodule foreach --recursive sh -c "git config --local --name-only --get-regexp 'http\.https\:\/\/github\.com\/\.extraheader' && git config --local --unset-all 'http.https://github.com/.extraheader' || :"
2023-05-11T20:56:04.1634953Z Cleaning up orphan processes
