2021-04-27T16:16:58.6705019Z ##[section]Starting: Request a runner to run this job
2021-04-27T16:16:58.8644777Z Can't find any online and idle self-hosted runner in current repository that matches the required labels: 'ubuntu-latest'
2021-04-27T16:16:58.8644878Z Can't find any online and idle self-hosted runner in current repository's account/organization that matches the required labels: 'ubuntu-latest'
2021-04-27T16:16:58.8645066Z Found online and idle hosted runner in current repository's account/organization that matches the required labels: 'ubuntu-latest'
2021-04-27T16:16:59.0004652Z ##[section]Finishing: Request a runner to run this job
2021-04-27T16:17:07.2473331Z Current runner version: '2.278.0'
2021-04-27T16:17:07.2504681Z ##[group]Operating System
2021-04-27T16:17:07.2505761Z Ubuntu
2021-04-27T16:17:07.2506243Z 20.04.2
2021-04-27T16:17:07.2506760Z LTS
2021-04-27T16:17:07.2507371Z ##[endgroup]
2021-04-27T16:17:07.2508045Z ##[group]Virtual Environment
2021-04-27T16:17:07.2508692Z Environment: ubuntu-20.04
2021-04-27T16:17:07.2509298Z Version: 20210425.1
2021-04-27T16:17:07.2510340Z Included Software: https://github.com/actions/virtual-environments/blob/ubuntu20/20210425.1/images/linux/Ubuntu2004-README.md
2021-04-27T16:17:07.2512003Z Image Release: https://github.com/actions/virtual-environments/releases/tag/ubuntu20%2F20210425.1
2021-04-27T16:17:07.2513051Z ##[endgroup]
2021-04-27T16:17:07.2515155Z ##[group]GITHUB_TOKEN Permissions
2021-04-27T16:17:07.2516507Z Actions: write
2021-04-27T16:17:07.2517110Z Checks: write
2021-04-27T16:17:07.2517704Z Contents: write
2021-04-27T16:17:07.2518340Z Deployments: write
2021-04-27T16:17:07.2519040Z Issues: write
2021-04-27T16:17:07.2519650Z Metadata: read
2021-04-27T16:17:07.2520229Z Packages: write
2021-04-27T16:17:07.2520908Z PullRequests: write
2021-04-27T16:17:07.2521594Z RepositoryProjects: write
2021-04-27T16:17:07.2522346Z SecurityEvents: write
2021-04-27T16:17:07.2522951Z Statuses: write
2021-04-27T16:17:07.2523669Z ##[endgroup]
2021-04-27T16:17:07.2527010Z Prepare workflow directory
2021-04-27T16:17:07.3213002Z Prepare all required actions
2021-04-27T16:17:07.3225197Z Getting action download info
2021-04-27T16:17:07.7257473Z Download action repository 'actions/checkout@v2'
2021-04-27T16:17:09.2067352Z Download action repository 'actions/setup-python@v2'
2021-04-27T16:17:09.6990864Z ##[group]Run actions/checkout@v2
2021-04-27T16:17:09.6991838Z with:
2021-04-27T16:17:09.6992625Z   repository: con/tinuous
2021-04-27T16:17:09.6993714Z   token: ***
2021-04-27T16:17:09.6994240Z   ssh-strict: true
2021-04-27T16:17:09.6994869Z   persist-credentials: true
2021-04-27T16:17:09.6995482Z   clean: true
2021-04-27T16:17:09.6995986Z   fetch-depth: 1
2021-04-27T16:17:09.6996523Z   lfs: false
2021-04-27T16:17:09.6997043Z   submodules: false
2021-04-27T16:17:09.6997573Z ##[endgroup]
2021-04-27T16:17:10.6157097Z Syncing repository: con/tinuous
2021-04-27T16:17:10.6162409Z ##[group]Getting Git version info
2021-04-27T16:17:10.6164035Z Working directory is '/home/runner/work/tinuous/tinuous'
2021-04-27T16:17:10.6165803Z [command]/usr/bin/git version
2021-04-27T16:17:10.6166507Z git version 2.31.1
2021-04-27T16:17:10.6167791Z ##[endgroup]
2021-04-27T16:17:10.6169017Z Deleting the contents of '/home/runner/work/tinuous/tinuous'
2021-04-27T16:17:10.6170676Z ##[group]Initializing the repository
2021-04-27T16:17:10.6171605Z [command]/usr/bin/git init /home/runner/work/tinuous/tinuous
2021-04-27T16:17:10.6172855Z hint: Using 'master' as the name for the initial branch. This default branch name
2021-04-27T16:17:10.6173919Z hint: is subject to change. To configure the initial branch name to use in all
2021-04-27T16:17:10.6175024Z hint: of your new repositories, which will suppress this warning, call:
2021-04-27T16:17:10.6175867Z hint: 
2021-04-27T16:17:10.6176842Z hint: 	git config --global init.defaultBranch <name>
2021-04-27T16:17:10.6177634Z hint: 
2021-04-27T16:17:10.6178592Z hint: Names commonly chosen instead of 'master' are 'main', 'trunk' and
2021-04-27T16:17:10.6211153Z hint: 'development'. The just-created branch can be renamed via this command:
2021-04-27T16:17:10.6212254Z hint: 
2021-04-27T16:17:10.6213267Z hint: 	git branch -m <name>
2021-04-27T16:17:10.6214189Z Initialized empty Git repository in /home/runner/work/tinuous/tinuous/.git/
2021-04-27T16:17:10.6215350Z [command]/usr/bin/git remote add origin https://github.com/con/tinuous
2021-04-27T16:17:10.6216279Z ##[endgroup]
2021-04-27T16:17:10.6217071Z ##[group]Disabling automatic garbage collection
2021-04-27T16:17:10.6218158Z [command]/usr/bin/git config --local gc.auto 0
2021-04-27T16:17:10.6218904Z ##[endgroup]
2021-04-27T16:17:10.6220923Z ##[group]Setting up auth
2021-04-27T16:17:10.6222361Z [command]/usr/bin/git config --local --name-only --get-regexp core\.sshCommand
2021-04-27T16:17:10.6224153Z [command]/usr/bin/git submodule foreach --recursive git config --local --name-only --get-regexp 'core\.sshCommand' && git config --local --unset-all 'core.sshCommand' || :
2021-04-27T16:17:10.6225987Z [command]/usr/bin/git config --local --name-only --get-regexp http\.https\:\/\/github\.com\/\.extraheader
2021-04-27T16:17:10.6228219Z [command]/usr/bin/git submodule foreach --recursive git config --local --name-only --get-regexp 'http\.https\:\/\/github\.com\/\.extraheader' && git config --local --unset-all 'http.https://github.com/.extraheader' || :
2021-04-27T16:17:10.6230452Z [command]/usr/bin/git config --local http.https://github.com/.extraheader AUTHORIZATION: basic ***
2021-04-27T16:17:10.6241974Z ##[endgroup]
2021-04-27T16:17:10.6242815Z ##[group]Fetching the repository
2021-04-27T16:17:10.6245309Z [command]/usr/bin/git -c protocol.version=2 fetch --no-tags --prune --progress --no-recurse-submodules --depth=1 origin +fcb1e2f0db444859edfd91d449471162c4ff69c9:refs/remotes/pull/23/merge
2021-04-27T16:17:10.6246974Z remote: Enumerating objects: 12, done.        
2021-04-27T16:17:10.6247824Z remote: Counting objects:   8% (1/12)        
2021-04-27T16:17:11.5983478Z remote: Counting objects:  16% (2/12)        
2021-04-27T16:17:11.6082935Z remote: Counting objects:  25% (3/12)        
2021-04-27T16:17:11.6083818Z remote: Counting objects:  33% (4/12)        
2021-04-27T16:17:11.6084607Z remote: Counting objects:  41% (5/12)        
2021-04-27T16:17:11.6085380Z remote: Counting objects:  50% (6/12)        
2021-04-27T16:17:11.6086416Z remote: Counting objects:  58% (7/12)        
2021-04-27T16:17:11.6087211Z remote: Counting objects:  66% (8/12)        
2021-04-27T16:17:11.6088135Z remote: Counting objects:  75% (9/12)        
2021-04-27T16:17:11.6088955Z remote: Counting objects:  83% (10/12)        
2021-04-27T16:17:11.6089712Z remote: Counting objects:  91% (11/12)        
2021-04-27T16:17:11.6090853Z remote: Counting objects: 100% (12/12)        
2021-04-27T16:17:11.6091550Z remote: Counting objects: 100% (12/12), done.        
2021-04-27T16:17:11.6094593Z remote: Compressing objects:  10% (1/10)        
2021-04-27T16:17:11.6095491Z remote: Compressing objects:  20% (2/10)        
2021-04-27T16:17:11.6096308Z remote: Compressing objects:  30% (3/10)        
2021-04-27T16:17:11.6097117Z remote: Compressing objects:  40% (4/10)        
2021-04-27T16:17:11.6097928Z remote: Compressing objects:  50% (5/10)        
2021-04-27T16:17:11.6098750Z remote: Compressing objects:  60% (6/10)        
2021-04-27T16:17:11.6099591Z remote: Compressing objects:  70% (7/10)        
2021-04-27T16:17:11.6100390Z remote: Compressing objects:  80% (8/10)        
2021-04-27T16:17:11.6101201Z remote: Compressing objects:  90% (9/10)        
2021-04-27T16:17:11.6102025Z remote: Compressing objects: 100% (10/10)        
2021-04-27T16:17:11.6102857Z remote: Compressing objects: 100% (10/10), done.        
2021-04-27T16:17:11.6104478Z remote: Total 12 (delta 0), reused 6 (delta 0), pack-reused 0        
2021-04-27T16:17:11.6105430Z From https://github.com/con/tinuous
2021-04-27T16:17:11.6106786Z  * [new ref]         fcb1e2f0db444859edfd91d449471162c4ff69c9 -> pull/23/merge
2021-04-27T16:17:11.6107880Z ##[endgroup]
2021-04-27T16:17:11.6108638Z ##[group]Determining the checkout info
2021-04-27T16:17:11.6109388Z ##[endgroup]
2021-04-27T16:17:11.6110082Z ##[group]Checking out the ref
2021-04-27T16:17:11.6111228Z [command]/usr/bin/git checkout --progress --force refs/remotes/pull/23/merge
2021-04-27T16:17:11.6112419Z Note: switching to 'refs/remotes/pull/23/merge'.
2021-04-27T16:17:11.6113008Z 
2021-04-27T16:17:11.6113967Z You are in 'detached HEAD' state. You can look around, make experimental
2021-04-27T16:17:11.6114902Z changes and commit them, and you can discard any commits you make in this
2021-04-27T16:17:11.6115929Z state without impacting any branches by switching back to a branch.
2021-04-27T16:17:11.6116554Z 
2021-04-27T16:17:11.6117557Z If you want to create a new branch to retain commits you create, you may
2021-04-27T16:17:11.6118864Z do so (now or later) by using -c with the switch command. Example:
2021-04-27T16:17:11.6119477Z 
2021-04-27T16:17:11.6120304Z   git switch -c <new-branch-name>
2021-04-27T16:17:11.6120847Z 
2021-04-27T16:17:11.6121485Z Or undo this operation with:
2021-04-27T16:17:11.6121963Z 
2021-04-27T16:17:11.6122681Z   git switch -
2021-04-27T16:17:11.6123128Z 
2021-04-27T16:17:11.6123983Z Turn off this advice by setting config variable advice.detachedHead to false
2021-04-27T16:17:11.6124695Z 
2021-04-27T16:17:11.6125774Z HEAD is now at fcb1e2f Merge c862385823a13eef36bb11e556daa0b15c53277d into 000d540ff4467d8c93cf0a2214fa0ef667f434e3
2021-04-27T16:17:11.6126947Z ##[endgroup]
2021-04-27T16:17:11.6127846Z [command]/usr/bin/git log -1 --format='%H'
2021-04-27T16:17:11.6129262Z 'fcb1e2f0db444859edfd91d449471162c4ff69c9'
2021-04-27T16:17:11.6257474Z ##[group]Run actions/setup-python@v2
2021-04-27T16:17:11.6258092Z with:
2021-04-27T16:17:11.6258624Z   python-version: 3.8
2021-04-27T16:17:11.6259674Z   token: ***
2021-04-27T16:17:11.6260156Z ##[endgroup]
2021-04-27T16:17:11.6878419Z Successfully setup CPython (3.8.9)
2021-04-27T16:17:11.6968835Z ##[group]Run python -m pip install --upgrade pip wheel
2021-04-27T16:17:11.6969727Z [36;1mpython -m pip install --upgrade pip wheel[0m
2021-04-27T16:17:11.6970529Z [36;1mpython -m pip install -r requirements.txt[0m
2021-04-27T16:17:11.7022811Z shell: /usr/bin/bash -e {0}
2021-04-27T16:17:11.7023352Z env:
2021-04-27T16:17:11.7024050Z   pythonLocation: /opt/hostedtoolcache/Python/3.8.9/x64
2021-04-27T16:17:11.7024936Z   LD_LIBRARY_PATH: /opt/hostedtoolcache/Python/3.8.9/x64/lib
2021-04-27T16:17:11.7025639Z ##[endgroup]
2021-04-27T16:17:12.2617887Z WARNING: Value for scheme.headers does not match. Please report this to <https://github.com/pypa/pip/issues/9617>
2021-04-27T16:17:12.2622731Z distutils: /opt/hostedtoolcache/Python/3.8.9/x64/include/python3.8/UNKNOWN
2021-04-27T16:17:12.2623810Z sysconfig: /opt/hostedtoolcache/Python/3.8.9/x64/include/python3.8
2021-04-27T16:17:12.2624733Z WARNING: Additional context:
2021-04-27T16:17:12.2625238Z user = False
2021-04-27T16:17:12.2625731Z home = None
2021-04-27T16:17:12.2626138Z root = None
2021-04-27T16:17:12.2626538Z prefix = None
2021-04-27T16:17:12.3484246Z Requirement already satisfied: pip in /opt/hostedtoolcache/Python/3.8.9/x64/lib/python3.8/site-packages (21.1)
2021-04-27T16:17:12.5688392Z Collecting wheel
2021-04-27T16:17:12.6085826Z   Downloading wheel-0.36.2-py2.py3-none-any.whl (35 kB)
2021-04-27T16:17:12.6656682Z Installing collected packages: wheel
2021-04-27T16:17:12.6991921Z WARNING: Value for scheme.headers does not match. Please report this to <https://github.com/pypa/pip/issues/9617>
2021-04-27T16:17:12.7050640Z distutils: /opt/hostedtoolcache/Python/3.8.9/x64/include/python3.8/UNKNOWN
2021-04-27T16:17:12.7052719Z Successfully installed wheel-0.36.2
2021-04-27T16:17:12.7056550Z sysconfig: /opt/hostedtoolcache/Python/3.8.9/x64/include/python3.8
2021-04-27T16:17:12.7058765Z WARNING: Additional context:
2021-04-27T16:17:12.7060236Z user = False
2021-04-27T16:17:12.7062315Z home = None
2021-04-27T16:17:12.7063762Z root = None
2021-04-27T16:17:12.7065090Z prefix = None
2021-04-27T16:17:13.1749236Z WARNING: Value for scheme.headers does not match. Please report this to <https://github.com/pypa/pip/issues/9617>
2021-04-27T16:17:13.1752917Z distutils: /opt/hostedtoolcache/Python/3.8.9/x64/include/python3.8/UNKNOWN
2021-04-27T16:17:13.1755215Z sysconfig: /opt/hostedtoolcache/Python/3.8.9/x64/include/python3.8
2021-04-27T16:17:13.1757127Z WARNING: Additional context:
2021-04-27T16:17:13.1758390Z user = False
2021-04-27T16:17:13.1759441Z home = None
2021-04-27T16:17:13.1760481Z root = None
2021-04-27T16:17:13.1761519Z prefix = None
2021-04-27T16:17:13.3602146Z Collecting click~=7.0
2021-04-27T16:17:13.3940000Z   Downloading click-7.1.2-py2.py3-none-any.whl (82 kB)
2021-04-27T16:17:13.4934368Z Collecting click-loglevel~=0.2
2021-04-27T16:17:13.5048282Z   Downloading click_loglevel-0.3.0-py3-none-any.whl (5.0 kB)
2021-04-27T16:17:13.6038023Z Collecting in_place~=0.4
2021-04-27T16:17:13.6138832Z   Downloading in_place-0.5.0-py3-none-any.whl (9.1 kB)
2021-04-27T16:17:13.8365947Z Collecting pydantic~=1.7
2021-04-27T16:17:13.8448084Z   Downloading pydantic-1.8.1-cp38-cp38-manylinux2014_x86_64.whl (13.7 MB)
2021-04-27T16:17:14.2808213Z Collecting PyGithub~=1.53
2021-04-27T16:17:14.2905852Z   Downloading PyGithub-1.55-py3-none-any.whl (291 kB)
2021-04-27T16:17:14.3410754Z Collecting python-dateutil~=2.7
2021-04-27T16:17:14.3497283Z   Downloading python_dateutil-2.8.1-py2.py3-none-any.whl (227 kB)
2021-04-27T16:17:14.4533751Z Collecting PyYAML~=5.0
2021-04-27T16:17:14.4655659Z   Downloading PyYAML-5.4.1-cp38-cp38-manylinux1_x86_64.whl (662 kB)
2021-04-27T16:17:14.5574081Z Collecting requests~=2.20
2021-04-27T16:17:14.5664961Z   Downloading requests-2.25.1-py2.py3-none-any.whl (61 kB)
2021-04-27T16:17:14.6219843Z Collecting typing-extensions>=3.7.4.3
2021-04-27T16:17:14.6298362Z   Downloading typing_extensions-3.7.4.3-py3-none-any.whl (22 kB)
2021-04-27T16:17:14.6825798Z Collecting pyjwt>=2.0
2021-04-27T16:17:14.6908127Z   Downloading PyJWT-2.0.1-py3-none-any.whl (15 kB)
2021-04-27T16:17:14.7460801Z Collecting deprecated
2021-04-27T16:17:14.7557777Z   Downloading Deprecated-1.2.12-py2.py3-none-any.whl (9.5 kB)
2021-04-27T16:17:14.8293358Z Collecting pynacl>=1.4.0
2021-04-27T16:17:14.8380402Z   Downloading PyNaCl-1.4.0-cp35-abi3-manylinux1_x86_64.whl (961 kB)
2021-04-27T16:17:14.8941709Z Collecting six>=1.5
2021-04-27T16:17:14.9042797Z   Downloading six-1.15.0-py2.py3-none-any.whl (10 kB)
2021-04-27T16:17:14.9744942Z Collecting idna<3,>=2.5
2021-04-27T16:17:14.9850774Z   Downloading idna-2.10-py2.py3-none-any.whl (58 kB)
2021-04-27T16:17:15.0568555Z Collecting urllib3<1.27,>=1.21.1
2021-04-27T16:17:15.0652517Z   Downloading urllib3-1.26.4-py2.py3-none-any.whl (153 kB)
2021-04-27T16:17:15.1238489Z Collecting certifi>=2017.4.17
2021-04-27T16:17:15.1240329Z   Downloading certifi-2020.12.5-py2.py3-none-any.whl (147 kB)
2021-04-27T16:17:15.1523263Z Collecting chardet<5,>=3.0.2
2021-04-27T16:17:15.1616569Z   Downloading chardet-4.0.0-py2.py3-none-any.whl (178 kB)
2021-04-27T16:17:15.5467153Z Collecting cffi>=1.4.1
2021-04-27T16:17:15.5564085Z   Downloading cffi-1.14.5-cp38-cp38-manylinux1_x86_64.whl (411 kB)
2021-04-27T16:17:15.5946494Z Collecting pycparser
2021-04-27T16:17:15.6024721Z   Downloading pycparser-2.20-py2.py3-none-any.whl (112 kB)
2021-04-27T16:17:15.6850440Z Collecting wrapt<2,>=1.10
2021-04-27T16:17:15.6930382Z   Downloading wrapt-1.12.1.tar.gz (27 kB)
2021-04-27T16:17:16.8852576Z Building wheels for collected packages: wrapt
2021-04-27T16:17:16.8862337Z   Building wheel for wrapt (setup.py): started
2021-04-27T16:17:18.5450608Z   Building wheel for wrapt (setup.py): finished with status 'done'
2021-04-27T16:17:18.5473179Z   Created wheel for wrapt: filename=wrapt-1.12.1-cp38-cp38-linux_x86_64.whl size=81809 sha256=e77b03ecad14daec9c3f18eb23495efd7a6826ccf81d11f41b0393b5a86950b7
2021-04-27T16:17:18.5475413Z   Stored in directory: /home/runner/.cache/pip/wheels/5f/fd/9e/b6cf5890494cb8ef0b5eaff72e5d55a70fb56316007d6dfe73
2021-04-27T16:17:18.5502035Z Successfully built wrapt
2021-04-27T16:17:18.6985627Z Installing collected packages: pycparser, wrapt, urllib3, six, idna, chardet, cffi, certifi, typing-extensions, requests, pynacl, pyjwt, deprecated, click, PyYAML, python-dateutil, PyGithub, pydantic, in-place, click-loglevel
2021-04-27T16:17:20.4687320Z WARNING: Value for scheme.headers does not match. Please report this to <https://github.com/pypa/pip/issues/9617>
2021-04-27T16:17:20.4690711Z distutils: /opt/hostedtoolcache/Python/3.8.9/x64/include/python3.8/UNKNOWN
2021-04-27T16:17:20.4692252Z sysconfig: /opt/hostedtoolcache/Python/3.8.9/x64/include/python3.8
2021-04-27T16:17:20.4693940Z WARNING: Additional context:
2021-04-27T16:17:20.4694795Z user = False
2021-04-27T16:17:20.4695465Z home = None
2021-04-27T16:17:20.4696176Z root = None
2021-04-27T16:17:20.4697225Z prefix = None
2021-04-27T16:17:20.4767588Z Successfully installed PyGithub-1.55 PyYAML-5.4.1 certifi-2020.12.5 cffi-1.14.5 chardet-4.0.0 click-7.1.2 click-loglevel-0.3.0 deprecated-1.2.12 idna-2.10 in-place-0.5.0 pycparser-2.20 pydantic-1.8.1 pyjwt-2.0.1 pynacl-1.4.0 python-dateutil-2.8.1 requests-2.25.1 six-1.15.0 typing-extensions-3.7.4.3 urllib3-1.26.4 wrapt-1.12.1
2021-04-27T16:17:20.6261910Z ##[group]Run python tinuous --help
2021-04-27T16:17:20.6262661Z [36;1mpython tinuous --help[0m
2021-04-27T16:17:20.6309147Z shell: /usr/bin/bash -e {0}
2021-04-27T16:17:20.6309617Z env:
2021-04-27T16:17:20.6310315Z   pythonLocation: /opt/hostedtoolcache/Python/3.8.9/x64
2021-04-27T16:17:20.6311182Z   LD_LIBRARY_PATH: /opt/hostedtoolcache/Python/3.8.9/x64/lib
2021-04-27T16:17:20.6311891Z ##[endgroup]
2021-04-27T16:17:20.9805598Z Usage: tinuous [OPTIONS] COMMAND [ARGS]...
2021-04-27T16:17:20.9806401Z 
2021-04-27T16:17:20.9807568Z   Download build logs from GitHub Actions, Travis, and Appveyor
2021-04-27T16:17:20.9808749Z 
2021-04-27T16:17:20.9809505Z Options:
2021-04-27T16:17:20.9811376Z   -c, --config FILE               Read configuration from the given file
2021-04-27T16:17:20.9812825Z                                   [default: config.yml]
2021-04-27T16:17:20.9813479Z 
2021-04-27T16:17:20.9814790Z   -l, --log-level [NOTSET|DEBUG|INFO|WARNING|ERROR|CRITICAL]
2021-04-27T16:17:20.9816286Z                                   Set logging level  [default: INFO]
2021-04-27T16:17:20.9817797Z   --help                          Show this message and exit.
2021-04-27T16:17:20.9818569Z 
2021-04-27T16:17:20.9819232Z Commands:
2021-04-27T16:17:20.9820125Z   fetch     Download logs
2021-04-27T16:17:20.9821098Z   sanitize  Sanitize secrets in logs
2021-04-27T16:17:21.0184107Z ##[group]Run python -m pip install mypy
2021-04-27T16:17:21.0184868Z [36;1mpython -m pip install mypy[0m
2021-04-27T16:17:21.0227788Z shell: /usr/bin/bash -e {0}
2021-04-27T16:17:21.0228233Z env:
2021-04-27T16:17:21.0229116Z   pythonLocation: /opt/hostedtoolcache/Python/3.8.9/x64
2021-04-27T16:17:21.0229998Z   LD_LIBRARY_PATH: /opt/hostedtoolcache/Python/3.8.9/x64/lib
2021-04-27T16:17:21.0230689Z ##[endgroup]
2021-04-27T16:17:21.3422246Z WARNING: Value for scheme.headers does not match. Please report this to <https://github.com/pypa/pip/issues/9617>
2021-04-27T16:17:21.3424494Z distutils: /opt/hostedtoolcache/Python/3.8.9/x64/include/python3.8/UNKNOWN
2021-04-27T16:17:21.3426345Z sysconfig: /opt/hostedtoolcache/Python/3.8.9/x64/include/python3.8
2021-04-27T16:17:21.3427794Z WARNING: Additional context:
2021-04-27T16:17:21.3428819Z user = False
2021-04-27T16:17:21.3429790Z home = None
2021-04-27T16:17:21.3430532Z root = None
2021-04-27T16:17:21.3431377Z prefix = None
2021-04-27T16:17:21.6079379Z Collecting mypy
2021-04-27T16:17:21.6415876Z   Downloading mypy-0.812-cp38-cp38-manylinux2010_x86_64.whl (22.5 MB)
2021-04-27T16:17:22.2276249Z Requirement already satisfied: typing-extensions>=3.7.4 in /opt/hostedtoolcache/Python/3.8.9/x64/lib/python3.8/site-packages (from mypy) (3.7.4.3)
2021-04-27T16:17:22.3684850Z Collecting typed-ast<1.5.0,>=1.4.0
2021-04-27T16:17:22.3787930Z   Downloading typed_ast-1.4.3-cp38-cp38-manylinux1_x86_64.whl (774 kB)
2021-04-27T16:17:22.4178563Z Collecting mypy-extensions<0.5.0,>=0.4.3
2021-04-27T16:17:22.4258532Z   Downloading mypy_extensions-0.4.3-py2.py3-none-any.whl (4.5 kB)
2021-04-27T16:17:22.5574985Z Installing collected packages: typed-ast, mypy-extensions, mypy
2021-04-27T16:17:24.2321379Z WARNING: Value for scheme.headers does not match. Please report this to <https://github.com/pypa/pip/issues/9617>
2021-04-27T16:17:24.2323108Z distutils: /opt/hostedtoolcache/Python/3.8.9/x64/include/python3.8/UNKNOWN
2021-04-27T16:17:24.2324453Z sysconfig: /opt/hostedtoolcache/Python/3.8.9/x64/include/python3.8
2021-04-27T16:17:24.2325485Z WARNING: Additional context:
2021-04-27T16:17:24.2326154Z user = False
2021-04-27T16:17:24.2326703Z home = None
2021-04-27T16:17:24.2327223Z root = None
2021-04-27T16:17:24.2327776Z prefix = None
2021-04-27T16:17:24.2386891Z Successfully installed mypy-0.812 mypy-extensions-0.4.3 typed-ast-1.4.3
2021-04-27T16:17:24.3066330Z ##[group]Run mypy tinuous
2021-04-27T16:17:24.3066904Z [36;1mmypy tinuous[0m
2021-04-27T16:17:24.3118604Z shell: /usr/bin/bash -e {0}
2021-04-27T16:17:24.3119072Z env:
2021-04-27T16:17:24.3119742Z   pythonLocation: /opt/hostedtoolcache/Python/3.8.9/x64
2021-04-27T16:17:24.3120627Z   LD_LIBRARY_PATH: /opt/hostedtoolcache/Python/3.8.9/x64/lib
2021-04-27T16:17:24.3121275Z ##[endgroup]
2021-04-27T16:17:28.6110929Z Success: no issues found in 1 source file
2021-04-27T16:17:28.9319892Z Post job cleanup.
2021-04-27T16:17:29.0419740Z [command]/usr/bin/git version
2021-04-27T16:17:29.0472015Z git version 2.31.1
2021-04-27T16:17:29.0508447Z [command]/usr/bin/git config --local --name-only --get-regexp core\.sshCommand
2021-04-27T16:17:29.0548365Z [command]/usr/bin/git submodule foreach --recursive git config --local --name-only --get-regexp 'core\.sshCommand' && git config --local --unset-all 'core.sshCommand' || :
2021-04-27T16:17:29.0917736Z [command]/usr/bin/git config --local --name-only --get-regexp http\.https\:\/\/github\.com\/\.extraheader
2021-04-27T16:17:29.0951013Z http.https://github.com/.extraheader
2021-04-27T16:17:29.0963283Z [command]/usr/bin/git config --local --unset-all http.https://github.com/.extraheader
2021-04-27T16:17:29.1004243Z [command]/usr/bin/git submodule foreach --recursive git config --local --name-only --get-regexp 'http\.https\:\/\/github\.com\/\.extraheader' && git config --local --unset-all 'http.https://github.com/.extraheader' || :
2021-04-27T16:17:29.1329343Z Cleaning up orphan processes
