2023-05-10T18:22:26.0969885Z Requested labels: ubuntu-latest
2023-05-10T18:22:26.0970321Z Job defined at: con/tinuous/.github/workflows/test.yml@refs/heads/decoupled-ingestion
2023-05-10T18:22:26.0970455Z Waiting for a runner to pick up this job...
2023-05-10T18:22:31.7024849Z Job is waiting for a hosted runner to come online.
2023-05-10T18:22:32.2197254Z Job is about to start running on the hosted runner: GitHub Actions 12 (hosted)
2023-05-10T18:23:32.1288280Z Current runner version: '2.304.0'
2023-05-10T18:23:32.1320462Z ##[group]Operating System
2023-05-10T18:23:32.1321648Z Ubuntu
2023-05-10T18:23:32.1321996Z 22.04.2
2023-05-10T18:23:32.1322365Z LTS
2023-05-10T18:23:32.1322705Z ##[endgroup]
2023-05-10T18:23:32.1323182Z ##[group]Runner Image
2023-05-10T18:23:32.1323616Z Image: ubuntu-22.04
2023-05-10T18:23:32.1323974Z Version: 20230426.1
2023-05-10T18:23:32.1324718Z Included Software: https://github.com/actions/runner-images/blob/ubuntu22/20230426.1/images/linux/Ubuntu2204-Readme.md
2023-05-10T18:23:32.1325400Z Image Release: https://github.com/actions/runner-images/releases/tag/ubuntu22%2F20230426.1
2023-05-10T18:23:32.1325817Z ##[endgroup]
2023-05-10T18:23:32.1326173Z ##[group]Runner Image Provisioner
2023-05-10T18:23:32.1326568Z 2.0.171.1
2023-05-10T18:23:32.1326830Z ##[endgroup]
2023-05-10T18:23:32.1327859Z ##[group]GITHUB_TOKEN Permissions
2023-05-10T18:23:32.1328527Z Actions: write
2023-05-10T18:23:32.1328924Z Checks: write
2023-05-10T18:23:32.1330177Z Contents: write
2023-05-10T18:23:32.1330696Z Deployments: write
2023-05-10T18:23:32.1331128Z Discussions: write
2023-05-10T18:23:32.1331501Z Issues: write
2023-05-10T18:23:32.1331849Z Metadata: read
2023-05-10T18:23:32.1332155Z Packages: write
2023-05-10T18:23:32.1332507Z Pages: write
2023-05-10T18:23:32.1333049Z PullRequests: write
2023-05-10T18:23:32.1333476Z RepositoryProjects: write
2023-05-10T18:23:32.1333829Z SecurityEvents: write
2023-05-10T18:23:32.1334154Z Statuses: write
2023-05-10T18:23:32.1334550Z ##[endgroup]
2023-05-10T18:23:32.1338865Z Secret source: Actions
2023-05-10T18:23:32.1339407Z Prepare workflow directory
2023-05-10T18:23:32.2210438Z Prepare all required actions
2023-05-10T18:23:32.2434118Z Getting action download info
2023-05-10T18:23:32.5007967Z Download action repository 'actions/checkout@v3' (SHA:8e5e7e5ab8b370d6c329ec480221332ada57f0ab)
2023-05-10T18:23:33.2544037Z Download action repository 'actions/setup-python@v4' (SHA:57ded4d7d5e986d7296eab16560982c6dd7c923b)
2023-05-10T18:23:33.9015116Z Download action repository 'codecov/codecov-action@v3' (SHA:894ff025c7b54547a9a2a1e9f228beae737ad3c2)
2023-05-10T18:23:34.6213057Z Complete job name: test (3.9, py)
2023-05-10T18:23:34.7439300Z ##[group]Run actions/checkout@v3
2023-05-10T18:23:34.7439647Z with:
2023-05-10T18:23:34.7439856Z   fetch-depth: 0
2023-05-10T18:23:34.7440098Z   repository: con/tinuous
2023-05-10T18:23:34.7440705Z   token: ***
2023-05-10T18:23:34.7440981Z   ssh-strict: true
2023-05-10T18:23:34.7441238Z   persist-credentials: true
2023-05-10T18:23:34.7441514Z   clean: true
2023-05-10T18:23:34.7441727Z   lfs: false
2023-05-10T18:23:34.7442331Z   submodules: false
2023-05-10T18:23:34.7442624Z   set-safe-directory: true
2023-05-10T18:23:34.7442903Z ##[endgroup]
2023-05-10T18:23:35.0985046Z Syncing repository: con/tinuous
2023-05-10T18:23:35.0986999Z ##[group]Getting Git version info
2023-05-10T18:23:35.0987862Z Working directory is '/home/runner/work/tinuous/tinuous'
2023-05-10T18:23:35.0988513Z [command]/usr/bin/git version
2023-05-10T18:23:35.1002321Z git version 2.40.1
2023-05-10T18:23:35.1042045Z ##[endgroup]
2023-05-10T18:23:35.1063194Z Temporarily overriding HOME='/home/runner/work/_temp/38503d95-defa-4ba6-b580-bb965d527997' before making global git config changes
2023-05-10T18:23:35.1064285Z Adding repository directory to the temporary git global config as a safe directory
2023-05-10T18:23:35.1071450Z [command]/usr/bin/git config --global --add safe.directory /home/runner/work/tinuous/tinuous
2023-05-10T18:23:35.1131512Z Deleting the contents of '/home/runner/work/tinuous/tinuous'
2023-05-10T18:23:35.1137032Z ##[group]Initializing the repository
2023-05-10T18:23:35.1141658Z [command]/usr/bin/git init /home/runner/work/tinuous/tinuous
2023-05-10T18:23:35.1238280Z hint: Using 'master' as the name for the initial branch. This default branch name
2023-05-10T18:23:35.1239258Z hint: is subject to change. To configure the initial branch name to use in all
2023-05-10T18:23:35.1239760Z hint: of your new repositories, which will suppress this warning, call:
2023-05-10T18:23:35.1240509Z hint: 
2023-05-10T18:23:35.1241010Z hint: 	git config --global init.defaultBranch <name>
2023-05-10T18:23:35.1241316Z hint: 
2023-05-10T18:23:35.1241700Z hint: Names commonly chosen instead of 'master' are 'main', 'trunk' and
2023-05-10T18:23:35.1242206Z hint: 'development'. The just-created branch can be renamed via this command:
2023-05-10T18:23:35.1242512Z hint: 
2023-05-10T18:23:35.1242773Z hint: 	git branch -m <name>
2023-05-10T18:23:35.1255064Z Initialized empty Git repository in /home/runner/work/tinuous/tinuous/.git/
2023-05-10T18:23:35.1269694Z [command]/usr/bin/git remote add origin https://github.com/con/tinuous
2023-05-10T18:23:35.1320931Z ##[endgroup]
2023-05-10T18:23:35.1321901Z ##[group]Disabling automatic garbage collection
2023-05-10T18:23:35.1325036Z [command]/usr/bin/git config --local gc.auto 0
2023-05-10T18:23:35.1362572Z ##[endgroup]
2023-05-10T18:23:35.1363513Z ##[group]Setting up auth
2023-05-10T18:23:35.1371197Z [command]/usr/bin/git config --local --name-only --get-regexp core\.sshCommand
2023-05-10T18:23:35.1410637Z [command]/usr/bin/git submodule foreach --recursive sh -c "git config --local --name-only --get-regexp 'core\.sshCommand' && git config --local --unset-all 'core.sshCommand' || :"
2023-05-10T18:23:35.1874885Z [command]/usr/bin/git config --local --name-only --get-regexp http\.https\:\/\/github\.com\/\.extraheader
2023-05-10T18:23:35.1916703Z [command]/usr/bin/git submodule foreach --recursive sh -c "git config --local --name-only --get-regexp 'http\.https\:\/\/github\.com\/\.extraheader' && git config --local --unset-all 'http.https://github.com/.extraheader' || :"
2023-05-10T18:23:35.2183131Z [command]/usr/bin/git config --local http.https://github.com/.extraheader AUTHORIZATION: basic ***
2023-05-10T18:23:35.2223379Z ##[endgroup]
2023-05-10T18:23:35.2225226Z ##[group]Fetching the repository
2023-05-10T18:23:35.2238748Z [command]/usr/bin/git -c protocol.version=2 fetch --prune --progress --no-recurse-submodules origin +refs/heads/*:refs/remotes/origin/* +refs/tags/*:refs/tags/*
2023-05-10T18:23:35.6449032Z remote: Enumerating objects: 1180, done.        
2023-05-10T18:23:35.6467359Z remote: Counting objects:   0% (1/402)        
2023-05-10T18:23:35.6470395Z remote: Counting objects:   1% (5/402)        
2023-05-10T18:23:35.6471127Z remote: Counting objects:   2% (9/402)        
2023-05-10T18:23:35.6472464Z remote: Counting objects:   3% (13/402)        
2023-05-10T18:23:35.6473512Z remote: Counting objects:   4% (17/402)        
2023-05-10T18:23:35.6475204Z remote: Counting objects:   5% (21/402)        
2023-05-10T18:23:35.6475554Z remote: Counting objects:   6% (25/402)        
2023-05-10T18:23:35.6475964Z remote: Counting objects:   7% (29/402)        
2023-05-10T18:23:35.6476430Z remote: Counting objects:   8% (33/402)        
2023-05-10T18:23:35.6476813Z remote: Counting objects:   9% (37/402)        
2023-05-10T18:23:35.6477133Z remote: Counting objects:  10% (41/402)        
2023-05-10T18:23:35.6477502Z remote: Counting objects:  11% (45/402)        
2023-05-10T18:23:35.6477916Z remote: Counting objects:  12% (49/402)        
2023-05-10T18:23:35.6478320Z remote: Counting objects:  13% (53/402)        
2023-05-10T18:23:35.6478696Z remote: Counting objects:  14% (57/402)        
2023-05-10T18:23:35.6479067Z remote: Counting objects:  15% (61/402)        
2023-05-10T18:23:35.6479401Z remote: Counting objects:  16% (65/402)        
2023-05-10T18:23:35.6479773Z remote: Counting objects:  17% (69/402)        
2023-05-10T18:23:35.6480210Z remote: Counting objects:  18% (73/402)        
2023-05-10T18:23:35.6480530Z remote: Counting objects:  19% (77/402)        
2023-05-10T18:23:35.6480902Z remote: Counting objects:  20% (81/402)        
2023-05-10T18:23:35.6481533Z remote: Counting objects:  21% (85/402)        
2023-05-10T18:23:35.6483206Z remote: Counting objects:  22% (89/402)        
2023-05-10T18:23:35.6483559Z remote: Counting objects:  23% (93/402)        
2023-05-10T18:23:35.6483930Z remote: Counting objects:  24% (97/402)        
2023-05-10T18:23:35.6484634Z remote: Counting objects:  25% (101/402)        
2023-05-10T18:23:35.6484964Z remote: Counting objects:  26% (105/402)        
2023-05-10T18:23:35.6485407Z remote: Counting objects:  27% (109/402)        
2023-05-10T18:23:35.6485818Z remote: Counting objects:  28% (113/402)        
2023-05-10T18:23:35.6486488Z remote: Counting objects:  29% (117/402)        
2023-05-10T18:23:35.6487472Z remote: Counting objects:  30% (121/402)        
2023-05-10T18:23:35.6488219Z remote: Counting objects:  31% (125/402)        
2023-05-10T18:23:35.6488890Z remote: Counting objects:  32% (129/402)        
2023-05-10T18:23:35.6490693Z remote: Counting objects:  33% (133/402)        
2023-05-10T18:23:35.6494384Z remote: Counting objects:  34% (137/402)        
2023-05-10T18:23:35.6496098Z remote: Counting objects:  35% (141/402)        
2023-05-10T18:23:35.6498063Z remote: Counting objects:  36% (145/402)        
2023-05-10T18:23:35.6499768Z remote: Counting objects:  37% (149/402)        
2023-05-10T18:23:35.6501852Z remote: Counting objects:  38% (153/402)        
2023-05-10T18:23:35.6503716Z remote: Counting objects:  39% (157/402)        
2023-05-10T18:23:35.6505601Z remote: Counting objects:  40% (161/402)        
2023-05-10T18:23:35.6507446Z remote: Counting objects:  41% (165/402)        
2023-05-10T18:23:35.6509285Z remote: Counting objects:  42% (169/402)        
2023-05-10T18:23:35.6511087Z remote: Counting objects:  43% (173/402)        
2023-05-10T18:23:35.6513067Z remote: Counting objects:  44% (177/402)        
2023-05-10T18:23:35.6515127Z remote: Counting objects:  45% (181/402)        
2023-05-10T18:23:35.6516947Z remote: Counting objects:  46% (185/402)        
2023-05-10T18:23:35.6518766Z remote: Counting objects:  47% (189/402)        
2023-05-10T18:23:35.6522060Z remote: Counting objects:  48% (193/402)        
2023-05-10T18:23:35.6522912Z remote: Counting objects:  49% (197/402)        
2023-05-10T18:23:35.6523550Z remote: Counting objects:  50% (201/402)        
2023-05-10T18:23:35.6524083Z remote: Counting objects:  51% (206/402)        
2023-05-10T18:23:35.6524533Z remote: Counting objects:  52% (210/402)        
2023-05-10T18:23:35.6525587Z remote: Counting objects:  53% (214/402)        
2023-05-10T18:23:35.6526419Z remote: Counting objects:  54% (218/402)        
2023-05-10T18:23:35.6526964Z remote: Counting objects:  55% (222/402)        
2023-05-10T18:23:35.6527396Z remote: Counting objects:  56% (226/402)        
2023-05-10T18:23:35.6528298Z remote: Counting objects:  57% (230/402)        
2023-05-10T18:23:35.6528831Z remote: Counting objects:  58% (234/402)        
2023-05-10T18:23:35.6529420Z remote: Counting objects:  59% (238/402)        
2023-05-10T18:23:35.6529929Z remote: Counting objects:  60% (242/402)        
2023-05-10T18:23:35.6530605Z remote: Counting objects:  61% (246/402)        
2023-05-10T18:23:35.6531123Z remote: Counting objects:  62% (250/402)        
2023-05-10T18:23:35.6531834Z remote: Counting objects:  63% (254/402)        
2023-05-10T18:23:35.6532315Z remote: Counting objects:  64% (258/402)        
2023-05-10T18:23:35.6533415Z remote: Counting objects:  65% (262/402)        
2023-05-10T18:23:35.6533967Z remote: Counting objects:  66% (266/402)        
2023-05-10T18:23:35.6534534Z remote: Counting objects:  67% (270/402)        
2023-05-10T18:23:35.6535040Z remote: Counting objects:  68% (274/402)        
2023-05-10T18:23:35.6535520Z remote: Counting objects:  69% (278/402)        
2023-05-10T18:23:35.6536027Z remote: Counting objects:  70% (282/402)        
2023-05-10T18:23:35.6536544Z remote: Counting objects:  71% (286/402)        
2023-05-10T18:23:35.6537103Z remote: Counting objects:  72% (290/402)        
2023-05-10T18:23:35.6537974Z remote: Counting objects:  73% (294/402)        
2023-05-10T18:23:35.6538482Z remote: Counting objects:  74% (298/402)        
2023-05-10T18:23:35.6538983Z remote: Counting objects:  75% (302/402)        
2023-05-10T18:23:35.6539692Z remote: Counting objects:  76% (306/402)        
2023-05-10T18:23:35.6540317Z remote: Counting objects:  77% (310/402)        
2023-05-10T18:23:35.6541090Z remote: Counting objects:  78% (314/402)        
2023-05-10T18:23:35.6541613Z remote: Counting objects:  79% (318/402)        
2023-05-10T18:23:35.6542047Z remote: Counting objects:  80% (322/402)        
2023-05-10T18:23:35.6542893Z remote: Counting objects:  81% (326/402)        
2023-05-10T18:23:35.6543424Z remote: Counting objects:  82% (330/402)        
2023-05-10T18:23:35.6543936Z remote: Counting objects:  83% (334/402)        
2023-05-10T18:23:35.6544364Z remote: Counting objects:  84% (338/402)        
2023-05-10T18:23:35.6545257Z remote: Counting objects:  85% (342/402)        
2023-05-10T18:23:35.6545851Z remote: Counting objects:  86% (346/402)        
2023-05-10T18:23:35.6546288Z remote: Counting objects:  87% (350/402)        
2023-05-10T18:23:35.6546717Z remote: Counting objects:  88% (354/402)        
2023-05-10T18:23:35.6547610Z remote: Counting objects:  89% (358/402)        
2023-05-10T18:23:35.6548198Z remote: Counting objects:  90% (362/402)        
2023-05-10T18:23:35.6643260Z remote: Counting objects:  91% (366/402)        
2023-05-10T18:23:35.6644084Z remote: Counting objects:  92% (370/402)        
2023-05-10T18:23:35.6644762Z remote: Counting objects:  93% (374/402)        
2023-05-10T18:23:35.6645273Z remote: Counting objects:  94% (378/402)        
2023-05-10T18:23:35.6646305Z remote: Counting objects:  95% (382/402)        
2023-05-10T18:23:35.6646993Z remote: Counting objects:  96% (386/402)        
2023-05-10T18:23:35.6647436Z remote: Counting objects:  97% (390/402)        
2023-05-10T18:23:35.6647926Z remote: Counting objects:  98% (394/402)        
2023-05-10T18:23:35.6648476Z remote: Counting objects:  99% (398/402)        
2023-05-10T18:23:35.6649252Z remote: Counting objects: 100% (402/402)        
2023-05-10T18:23:35.6649769Z remote: Counting objects: 100% (402/402), done.        
2023-05-10T18:23:35.6650523Z remote: Compressing objects:   0% (1/223)        
2023-05-10T18:23:35.6650994Z remote: Compressing objects:   1% (3/223)        
2023-05-10T18:23:35.6651655Z remote: Compressing objects:   2% (5/223)        
2023-05-10T18:23:35.6652313Z remote: Compressing objects:   3% (7/223)        
2023-05-10T18:23:35.6652922Z remote: Compressing objects:   4% (9/223)        
2023-05-10T18:23:35.6653304Z remote: Compressing objects:   5% (12/223)        
2023-05-10T18:23:35.6653867Z remote: Compressing objects:   6% (14/223)        
2023-05-10T18:23:35.6657215Z remote: Compressing objects:   7% (16/223)        
2023-05-10T18:23:35.6657727Z remote: Compressing objects:   8% (18/223)        
2023-05-10T18:23:35.6658153Z remote: Compressing objects:   9% (21/223)        
2023-05-10T18:23:35.6658702Z remote: Compressing objects:  10% (23/223)        
2023-05-10T18:23:35.6659350Z remote: Compressing objects:  11% (25/223)        
2023-05-10T18:23:35.6659780Z remote: Compressing objects:  12% (27/223)        
2023-05-10T18:23:35.6660226Z remote: Compressing objects:  13% (29/223)        
2023-05-10T18:23:35.6661285Z remote: Compressing objects:  14% (32/223)        
2023-05-10T18:23:35.6661941Z remote: Compressing objects:  15% (34/223)        
2023-05-10T18:23:35.6662481Z remote: Compressing objects:  16% (36/223)        
2023-05-10T18:23:35.6663079Z remote: Compressing objects:  17% (38/223)        
2023-05-10T18:23:35.6663595Z remote: Compressing objects:  18% (41/223)        
2023-05-10T18:23:35.6664481Z remote: Compressing objects:  19% (43/223)        
2023-05-10T18:23:35.6665101Z remote: Compressing objects:  20% (45/223)        
2023-05-10T18:23:35.6665911Z remote: Compressing objects:  21% (47/223)        
2023-05-10T18:23:35.6666383Z remote: Compressing objects:  22% (50/223)        
2023-05-10T18:23:35.6667199Z remote: Compressing objects:  23% (52/223)        
2023-05-10T18:23:35.6667812Z remote: Compressing objects:  24% (54/223)        
2023-05-10T18:23:35.6668631Z remote: Compressing objects:  25% (56/223)        
2023-05-10T18:23:35.6669072Z remote: Compressing objects:  26% (58/223)        
2023-05-10T18:23:35.6670256Z remote: Compressing objects:  27% (61/223)        
2023-05-10T18:23:35.6670994Z remote: Compressing objects:  28% (63/223)        
2023-05-10T18:23:35.6671629Z remote: Compressing objects:  29% (65/223)        
2023-05-10T18:23:35.6672116Z remote: Compressing objects:  30% (67/223)        
2023-05-10T18:23:35.6672568Z remote: Compressing objects:  31% (70/223)        
2023-05-10T18:23:35.6673195Z remote: Compressing objects:  32% (72/223)        
2023-05-10T18:23:35.6673762Z remote: Compressing objects:  33% (74/223)        
2023-05-10T18:23:35.6674282Z remote: Compressing objects:  34% (76/223)        
2023-05-10T18:23:35.6675084Z remote: Compressing objects:  35% (79/223)        
2023-05-10T18:23:35.6675838Z remote: Compressing objects:  36% (81/223)        
2023-05-10T18:23:35.6734642Z remote: Compressing objects:  37% (83/223)        
2023-05-10T18:23:35.6736627Z remote: Compressing objects:  38% (85/223)        
2023-05-10T18:23:35.6738412Z remote: Compressing objects:  39% (87/223)        
2023-05-10T18:23:35.6740079Z remote: Compressing objects:  40% (90/223)        
2023-05-10T18:23:35.6741826Z remote: Compressing objects:  41% (92/223)        
2023-05-10T18:23:35.6744468Z remote: Compressing objects:  42% (94/223)        
2023-05-10T18:23:35.6746258Z remote: Compressing objects:  43% (96/223)        
2023-05-10T18:23:35.6747937Z remote: Compressing objects:  44% (99/223)        
2023-05-10T18:23:35.6749657Z remote: Compressing objects:  45% (101/223)        
2023-05-10T18:23:35.6751354Z remote: Compressing objects:  46% (103/223)        
2023-05-10T18:23:35.6753740Z remote: Compressing objects:  47% (105/223)        
2023-05-10T18:23:35.6754666Z remote: Compressing objects:  48% (108/223)        
2023-05-10T18:23:35.6755206Z remote: Compressing objects:  49% (110/223)        
2023-05-10T18:23:35.6755709Z remote: Compressing objects:  50% (112/223)        
2023-05-10T18:23:35.6756332Z remote: Compressing objects:  51% (114/223)        
2023-05-10T18:23:35.6756782Z remote: Compressing objects:  52% (116/223)        
2023-05-10T18:23:35.6757758Z remote: Compressing objects:  53% (119/223)        
2023-05-10T18:23:35.6759493Z remote: Compressing objects:  54% (121/223)        
2023-05-10T18:23:35.6760284Z remote: Compressing objects:  55% (123/223)        
2023-05-10T18:23:35.6760746Z remote: Compressing objects:  56% (125/223)        
2023-05-10T18:23:35.6761258Z remote: Compressing objects:  57% (128/223)        
2023-05-10T18:23:35.6761718Z remote: Compressing objects:  58% (130/223)        
2023-05-10T18:23:35.6762175Z remote: Compressing objects:  59% (132/223)        
2023-05-10T18:23:35.6763113Z remote: Compressing objects:  60% (134/223)        
2023-05-10T18:23:35.6763672Z remote: Compressing objects:  61% (137/223)        
2023-05-10T18:23:35.6764122Z remote: Compressing objects:  62% (139/223)        
2023-05-10T18:23:35.6764565Z remote: Compressing objects:  63% (141/223)        
2023-05-10T18:23:35.6765318Z remote: Compressing objects:  64% (143/223)        
2023-05-10T18:23:35.6765919Z remote: Compressing objects:  65% (145/223)        
2023-05-10T18:23:35.6766365Z remote: Compressing objects:  66% (148/223)        
2023-05-10T18:23:35.6766842Z remote: Compressing objects:  67% (150/223)        
2023-05-10T18:23:35.6767643Z remote: Compressing objects:  68% (152/223)        
2023-05-10T18:23:35.6768194Z remote: Compressing objects:  69% (154/223)        
2023-05-10T18:23:35.6768720Z remote: Compressing objects:  70% (157/223)        
2023-05-10T18:23:35.6769172Z remote: Compressing objects:  71% (159/223)        
2023-05-10T18:23:35.6770208Z remote: Compressing objects:  72% (161/223)        
2023-05-10T18:23:35.6770942Z remote: Compressing objects:  73% (163/223)        
2023-05-10T18:23:35.6771568Z remote: Compressing objects:  74% (166/223)        
2023-05-10T18:23:35.6772325Z remote: Compressing objects:  75% (168/223)        
2023-05-10T18:23:35.6773464Z remote: Compressing objects:  76% (170/223)        
2023-05-10T18:23:35.6774263Z remote: Compressing objects:  77% (172/223)        
2023-05-10T18:23:35.6775479Z remote: Compressing objects:  78% (174/223)        
2023-05-10T18:23:35.6776142Z remote: Compressing objects:  79% (177/223)        
2023-05-10T18:23:35.6777023Z remote: Compressing objects:  80% (179/223)        
2023-05-10T18:23:35.6777828Z remote: Compressing objects:  81% (181/223)        
2023-05-10T18:23:35.6778770Z remote: Compressing objects:  82% (183/223)        
2023-05-10T18:23:35.6779413Z remote: Compressing objects:  83% (186/223)        
2023-05-10T18:23:35.6780313Z remote: Compressing objects:  84% (188/223)        
2023-05-10T18:23:35.6781087Z remote: Compressing objects:  85% (190/223)        
2023-05-10T18:23:35.6781863Z remote: Compressing objects:  86% (192/223)        
2023-05-10T18:23:35.6782577Z remote: Compressing objects:  87% (195/223)        
2023-05-10T18:23:35.6783451Z remote: Compressing objects:  88% (197/223)        
2023-05-10T18:23:35.6784266Z remote: Compressing objects:  89% (199/223)        
2023-05-10T18:23:35.6785041Z remote: Compressing objects:  90% (201/223)        
2023-05-10T18:23:35.6785945Z remote: Compressing objects:  91% (203/223)        
2023-05-10T18:23:35.6786771Z remote: Compressing objects:  92% (206/223)        
2023-05-10T18:23:35.6787402Z remote: Compressing objects:  93% (208/223)        
2023-05-10T18:23:35.6788275Z remote: Compressing objects:  94% (210/223)        
2023-05-10T18:23:35.6789050Z remote: Compressing objects:  95% (212/223)        
2023-05-10T18:23:35.6789921Z remote: Compressing objects:  96% (215/223)        
2023-05-10T18:23:35.6790565Z remote: Compressing objects:  97% (217/223)        
2023-05-10T18:23:35.6791431Z remote: Compressing objects:  98% (219/223)        
2023-05-10T18:23:35.6792207Z remote: Compressing objects:  99% (221/223)        
2023-05-10T18:23:35.6793199Z remote: Compressing objects: 100% (223/223)        
2023-05-10T18:23:35.6793918Z remote: Compressing objects: 100% (223/223), done.        
2023-05-10T18:23:35.6844194Z Receiving objects:   0% (1/1180)
2023-05-10T18:23:35.6845774Z Receiving objects:   1% (12/1180)
2023-05-10T18:23:35.6849438Z Receiving objects:   2% (24/1180)
2023-05-10T18:23:35.7011615Z Receiving objects:   3% (36/1180)
2023-05-10T18:23:35.7012277Z Receiving objects:   4% (48/1180)
2023-05-10T18:23:35.7092259Z Receiving objects:   5% (59/1180)
2023-05-10T18:23:35.7092663Z Receiving objects:   6% (71/1180)
2023-05-10T18:23:35.7167234Z Receiving objects:   7% (83/1180)
2023-05-10T18:23:35.7167621Z Receiving objects:   8% (95/1180)
2023-05-10T18:23:35.7177482Z Receiving objects:   9% (107/1180)
2023-05-10T18:23:35.7177896Z Receiving objects:  10% (118/1180)
2023-05-10T18:23:35.7178197Z Receiving objects:  11% (130/1180)
2023-05-10T18:23:35.7178568Z Receiving objects:  12% (142/1180)
2023-05-10T18:23:35.7178916Z Receiving objects:  13% (154/1180)
2023-05-10T18:23:35.7179266Z Receiving objects:  14% (166/1180)
2023-05-10T18:23:35.7293956Z Receiving objects:  15% (177/1180)
2023-05-10T18:23:35.7294932Z Receiving objects:  16% (189/1180)
2023-05-10T18:23:35.7362879Z Receiving objects:  17% (201/1180)
2023-05-10T18:23:35.7363214Z Receiving objects:  18% (213/1180)
2023-05-10T18:23:35.7363473Z Receiving objects:  19% (225/1180)
2023-05-10T18:23:35.7363754Z Receiving objects:  20% (236/1180)
2023-05-10T18:23:35.7365118Z Receiving objects:  21% (248/1180)
2023-05-10T18:23:35.7369067Z Receiving objects:  22% (260/1180)
2023-05-10T18:23:35.7449849Z Receiving objects:  23% (272/1180)
2023-05-10T18:23:35.7452982Z Receiving objects:  24% (284/1180)
2023-05-10T18:23:35.7531354Z Receiving objects:  25% (295/1180)
2023-05-10T18:23:35.7531654Z Receiving objects:  26% (307/1180)
2023-05-10T18:23:35.7531927Z Receiving objects:  27% (319/1180)
2023-05-10T18:23:35.7532198Z Receiving objects:  28% (331/1180)
2023-05-10T18:23:35.7532452Z Receiving objects:  29% (343/1180)
2023-05-10T18:23:35.7532721Z Receiving objects:  30% (354/1180)
2023-05-10T18:23:35.7532988Z Receiving objects:  31% (366/1180)
2023-05-10T18:23:35.7533235Z Receiving objects:  32% (378/1180)
2023-05-10T18:23:35.7533500Z Receiving objects:  33% (390/1180)
2023-05-10T18:23:35.7534129Z Receiving objects:  34% (402/1180)
2023-05-10T18:23:35.7534381Z Receiving objects:  35% (413/1180)
2023-05-10T18:23:35.7534660Z Receiving objects:  36% (425/1180)
2023-05-10T18:23:35.7534928Z Receiving objects:  37% (437/1180)
2023-05-10T18:23:35.7535196Z Receiving objects:  38% (449/1180)
2023-05-10T18:23:35.7535446Z Receiving objects:  39% (461/1180)
2023-05-10T18:23:35.7535708Z Receiving objects:  40% (472/1180)
2023-05-10T18:23:35.7535969Z Receiving objects:  41% (484/1180)
2023-05-10T18:23:35.7536216Z Receiving objects:  42% (496/1180)
2023-05-10T18:23:35.7536480Z Receiving objects:  43% (508/1180)
2023-05-10T18:23:35.7536740Z Receiving objects:  44% (520/1180)
2023-05-10T18:23:35.7540900Z Receiving objects:  45% (531/1180)
2023-05-10T18:23:35.7541724Z Receiving objects:  46% (543/1180)
2023-05-10T18:23:35.7726534Z Receiving objects:  47% (555/1180)
2023-05-10T18:23:35.7732703Z Receiving objects:  48% (567/1180)
2023-05-10T18:23:35.7733771Z Receiving objects:  49% (579/1180)
2023-05-10T18:23:35.7734090Z Receiving objects:  50% (590/1180)
2023-05-10T18:23:35.7735825Z Receiving objects:  51% (602/1180)
2023-05-10T18:23:35.7737164Z Receiving objects:  52% (614/1180)
2023-05-10T18:23:35.7737479Z Receiving objects:  53% (626/1180)
2023-05-10T18:23:35.7737744Z Receiving objects:  54% (638/1180)
2023-05-10T18:23:35.7737988Z Receiving objects:  55% (649/1180)
2023-05-10T18:23:35.7738250Z Receiving objects:  56% (661/1180)
2023-05-10T18:23:35.7738505Z Receiving objects:  57% (673/1180)
2023-05-10T18:23:35.7738749Z Receiving objects:  58% (685/1180)
2023-05-10T18:23:35.7739275Z Receiving objects:  59% (697/1180)
2023-05-10T18:23:35.7739612Z Receiving objects:  60% (708/1180)
2023-05-10T18:23:35.7806730Z Receiving objects:  61% (720/1180)
2023-05-10T18:23:35.7809322Z Receiving objects:  62% (732/1180)
2023-05-10T18:23:35.7811662Z Receiving objects:  63% (744/1180)
2023-05-10T18:23:35.7814634Z Receiving objects:  64% (756/1180)
2023-05-10T18:23:35.7842136Z Receiving objects:  65% (767/1180)
2023-05-10T18:23:35.7842518Z Receiving objects:  66% (779/1180)
2023-05-10T18:23:35.7842800Z Receiving objects:  67% (791/1180)
2023-05-10T18:23:35.7843366Z Receiving objects:  68% (803/1180)
2023-05-10T18:23:35.7843930Z Receiving objects:  69% (815/1180)
2023-05-10T18:23:35.7844238Z Receiving objects:  70% (826/1180)
2023-05-10T18:23:35.7910502Z Receiving objects:  71% (838/1180)
2023-05-10T18:23:35.7910800Z Receiving objects:  72% (850/1180)
2023-05-10T18:23:35.7911075Z Receiving objects:  73% (862/1180)
2023-05-10T18:23:35.7911347Z Receiving objects:  74% (874/1180)
2023-05-10T18:23:35.7911777Z Receiving objects:  75% (885/1180)
2023-05-10T18:23:35.7912055Z Receiving objects:  76% (897/1180)
2023-05-10T18:23:35.7912325Z Receiving objects:  77% (909/1180)
2023-05-10T18:23:35.7912595Z Receiving objects:  78% (921/1180)
2023-05-10T18:23:35.7913055Z Receiving objects:  79% (933/1180)
2023-05-10T18:23:35.7913341Z Receiving objects:  80% (944/1180)
2023-05-10T18:23:35.7913609Z Receiving objects:  81% (956/1180)
2023-05-10T18:23:35.7913877Z Receiving objects:  82% (968/1180)
2023-05-10T18:23:35.7914142Z Receiving objects:  83% (980/1180)
2023-05-10T18:23:35.7914412Z Receiving objects:  84% (992/1180)
2023-05-10T18:23:35.7914666Z Receiving objects:  85% (1003/1180)
2023-05-10T18:23:35.7915457Z Receiving objects:  86% (1015/1180)
2023-05-10T18:23:35.7915775Z Receiving objects:  87% (1027/1180)
2023-05-10T18:23:35.7916035Z Receiving objects:  88% (1039/1180)
2023-05-10T18:23:35.7916307Z Receiving objects:  89% (1051/1180)
2023-05-10T18:23:35.7916575Z Receiving objects:  90% (1062/1180)
2023-05-10T18:23:35.7916828Z Receiving objects:  91% (1074/1180)
2023-05-10T18:23:35.7917095Z Receiving objects:  92% (1086/1180)
2023-05-10T18:23:35.7917358Z Receiving objects:  93% (1098/1180)
2023-05-10T18:23:35.7918008Z remote: Total 1180 (delta 175), reused 248 (delta 156), pack-reused 778        
2023-05-10T18:23:35.7918901Z Receiving objects:  94% (1110/1180)
2023-05-10T18:23:35.7919766Z Receiving objects:  95% (1121/1180)
2023-05-10T18:23:35.7922070Z Receiving objects:  96% (1133/1180)
2023-05-10T18:23:35.7925442Z Receiving objects:  97% (1145/1180)
2023-05-10T18:23:35.7959052Z Receiving objects:  98% (1157/1180)
2023-05-10T18:23:35.7962901Z Receiving objects:  99% (1169/1180)
2023-05-10T18:23:35.7963254Z Receiving objects: 100% (1180/1180)
2023-05-10T18:23:35.7992226Z Receiving objects: 100% (1180/1180), 290.73 KiB | 2.60 MiB/s, done.
2023-05-10T18:23:35.7992557Z Resolving deltas:   0% (0/644)
2023-05-10T18:23:35.7993052Z Resolving deltas:   1% (7/644)
2023-05-10T18:23:35.7993344Z Resolving deltas:   2% (13/644)
2023-05-10T18:23:35.7993610Z Resolving deltas:   3% (20/644)
2023-05-10T18:23:35.7993877Z Resolving deltas:   4% (26/644)
2023-05-10T18:23:35.7994124Z Resolving deltas:   5% (33/644)
2023-05-10T18:23:35.7994389Z Resolving deltas:   6% (39/644)
2023-05-10T18:23:35.7994649Z Resolving deltas:   7% (46/644)
2023-05-10T18:23:35.7994907Z Resolving deltas:   8% (52/644)
2023-05-10T18:23:35.7995152Z Resolving deltas:   9% (58/644)
2023-05-10T18:23:35.7995419Z Resolving deltas:  10% (65/644)
2023-05-10T18:23:35.7995676Z Resolving deltas:  11% (71/644)
2023-05-10T18:23:35.7999542Z Resolving deltas:  12% (78/644)
2023-05-10T18:23:35.7999822Z Resolving deltas:  13% (84/644)
2023-05-10T18:23:35.8000084Z Resolving deltas:  14% (91/644)
2023-05-10T18:23:35.8003802Z Resolving deltas:  15% (97/644)
2023-05-10T18:23:35.8004116Z Resolving deltas:  16% (104/644)
2023-05-10T18:23:35.8004386Z Resolving deltas:  17% (110/644)
2023-05-10T18:23:35.8004636Z Resolving deltas:  18% (116/644)
2023-05-10T18:23:35.8004898Z Resolving deltas:  19% (123/644)
2023-05-10T18:23:35.8005162Z Resolving deltas:  20% (129/644)
2023-05-10T18:23:35.8005411Z Resolving deltas:  21% (136/644)
2023-05-10T18:23:35.8005669Z Resolving deltas:  22% (142/644)
2023-05-10T18:23:35.8005930Z Resolving deltas:  23% (149/644)
2023-05-10T18:23:35.8012586Z Resolving deltas:  24% (155/644)
2023-05-10T18:23:35.8012933Z Resolving deltas:  25% (161/644)
2023-05-10T18:23:35.8013207Z Resolving deltas:  26% (168/644)
2023-05-10T18:23:35.8013493Z Resolving deltas:  27% (174/644)
2023-05-10T18:23:35.8013743Z Resolving deltas:  28% (181/644)
2023-05-10T18:23:35.8014245Z Resolving deltas:  29% (187/644)
2023-05-10T18:23:35.8014542Z Resolving deltas:  30% (194/644)
2023-05-10T18:23:35.8014788Z Resolving deltas:  31% (200/644)
2023-05-10T18:23:35.8015051Z Resolving deltas:  32% (207/644)
2023-05-10T18:23:35.8015310Z Resolving deltas:  33% (213/644)
2023-05-10T18:23:35.8015556Z Resolving deltas:  34% (219/644)
2023-05-10T18:23:35.8019436Z Resolving deltas:  35% (226/644)
2023-05-10T18:23:35.8019723Z Resolving deltas:  36% (232/644)
2023-05-10T18:23:35.8019969Z Resolving deltas:  37% (239/644)
2023-05-10T18:23:35.8020230Z Resolving deltas:  38% (245/644)
2023-05-10T18:23:35.8020488Z Resolving deltas:  39% (252/644)
2023-05-10T18:23:35.8020729Z Resolving deltas:  40% (258/644)
2023-05-10T18:23:35.8020993Z Resolving deltas:  41% (265/644)
2023-05-10T18:23:35.8021249Z Resolving deltas:  42% (271/644)
2023-05-10T18:23:35.8021506Z Resolving deltas:  43% (277/644)
2023-05-10T18:23:35.8021766Z Resolving deltas:  44% (284/644)
2023-05-10T18:23:35.8022031Z Resolving deltas:  45% (290/644)
2023-05-10T18:23:35.8022305Z Resolving deltas:  46% (297/644)
2023-05-10T18:23:35.8026956Z Resolving deltas:  47% (303/644)
2023-05-10T18:23:35.8034570Z Resolving deltas:  48% (310/644)
2023-05-10T18:23:35.8040607Z Resolving deltas:  49% (316/644)
2023-05-10T18:23:35.8057687Z Resolving deltas:  50% (322/644)
2023-05-10T18:23:35.8059131Z Resolving deltas:  51% (329/644)
2023-05-10T18:23:35.8059411Z Resolving deltas:  52% (335/644)
2023-05-10T18:23:35.8059683Z Resolving deltas:  53% (342/644)
2023-05-10T18:23:35.8063734Z Resolving deltas:  54% (348/644)
2023-05-10T18:23:35.8067256Z Resolving deltas:  55% (355/644)
2023-05-10T18:23:35.8071995Z Resolving deltas:  56% (361/644)
2023-05-10T18:23:35.8077407Z Resolving deltas:  57% (368/644)
2023-05-10T18:23:35.8082419Z Resolving deltas:  58% (374/644)
2023-05-10T18:23:35.8091981Z Resolving deltas:  59% (380/644)
2023-05-10T18:23:35.8098247Z Resolving deltas:  60% (387/644)
2023-05-10T18:23:35.8098560Z Resolving deltas:  61% (393/644)
2023-05-10T18:23:35.8101295Z Resolving deltas:  62% (400/644)
2023-05-10T18:23:35.8105744Z Resolving deltas:  63% (406/644)
2023-05-10T18:23:35.8108742Z Resolving deltas:  64% (413/644)
2023-05-10T18:23:35.8110859Z Resolving deltas:  65% (419/644)
2023-05-10T18:23:35.8112667Z Resolving deltas:  66% (426/644)
2023-05-10T18:23:35.8114700Z Resolving deltas:  67% (432/644)
2023-05-10T18:23:35.8117057Z Resolving deltas:  68% (438/644)
2023-05-10T18:23:35.8118588Z Resolving deltas:  69% (445/644)
2023-05-10T18:23:35.8120316Z Resolving deltas:  70% (451/644)
2023-05-10T18:23:35.8132479Z Resolving deltas:  71% (458/644)
2023-05-10T18:23:35.8133744Z Resolving deltas:  72% (464/644)
2023-05-10T18:23:35.8134032Z Resolving deltas:  73% (471/644)
2023-05-10T18:23:35.8134302Z Resolving deltas:  74% (477/644)
2023-05-10T18:23:35.8134553Z Resolving deltas:  75% (483/644)
2023-05-10T18:23:35.8134828Z Resolving deltas:  76% (490/644)
2023-05-10T18:23:35.8135092Z Resolving deltas:  77% (496/644)
2023-05-10T18:23:35.8135348Z Resolving deltas:  78% (503/644)
2023-05-10T18:23:35.8135607Z Resolving deltas:  79% (509/644)
2023-05-10T18:23:35.8135866Z Resolving deltas:  80% (516/644)
2023-05-10T18:23:35.8136111Z Resolving deltas:  81% (522/644)
2023-05-10T18:23:35.8136366Z Resolving deltas:  82% (529/644)
2023-05-10T18:23:35.8136628Z Resolving deltas:  83% (535/644)
2023-05-10T18:23:35.8136872Z Resolving deltas:  84% (541/644)
2023-05-10T18:23:35.8137130Z Resolving deltas:  85% (548/644)
2023-05-10T18:23:35.8137389Z Resolving deltas:  86% (554/644)
2023-05-10T18:23:35.8141164Z Resolving deltas:  87% (561/644)
2023-05-10T18:23:35.8152625Z Resolving deltas:  88% (567/644)
2023-05-10T18:23:35.8162209Z Resolving deltas:  89% (574/644)
2023-05-10T18:23:35.8166750Z Resolving deltas:  90% (580/644)
2023-05-10T18:23:35.8174530Z Resolving deltas:  91% (587/644)
2023-05-10T18:23:35.8180559Z Resolving deltas:  92% (593/644)
2023-05-10T18:23:35.8186739Z Resolving deltas:  93% (599/644)
2023-05-10T18:23:35.8194990Z Resolving deltas:  94% (606/644)
2023-05-10T18:23:35.8198094Z Resolving deltas:  95% (612/644)
2023-05-10T18:23:35.8202835Z Resolving deltas:  96% (619/644)
2023-05-10T18:23:35.8217084Z Resolving deltas:  97% (625/644)
2023-05-10T18:23:35.8217378Z Resolving deltas:  98% (632/644)
2023-05-10T18:23:35.8217647Z Resolving deltas:  99% (638/644)
2023-05-10T18:23:35.8223034Z Resolving deltas: 100% (644/644)
2023-05-10T18:23:35.8223660Z Resolving deltas: 100% (644/644), done.
2023-05-10T18:23:35.8356840Z From https://github.com/con/tinuous
2023-05-10T18:23:35.8357795Z  * [new branch]      decoupled-ingestion -> origin/decoupled-ingestion
2023-05-10T18:23:35.8358559Z  * [new branch]      gh-55               -> origin/gh-55
2023-05-10T18:23:35.8359241Z  * [new branch]      master              -> origin/master
2023-05-10T18:23:35.8360068Z  * [new branch]      more-codespell      -> origin/more-codespell
2023-05-10T18:23:35.8360759Z  * [new branch]      no-extra-search     -> origin/no-extra-search
2023-05-10T18:23:35.8361413Z  * [new branch]      test-appveyor       -> origin/test-appveyor
2023-05-10T18:23:35.8361992Z  * [new tag]         0.1.0               -> 0.1.0
2023-05-10T18:23:35.8362475Z  * [new tag]         0.2.0               -> 0.2.0
2023-05-10T18:23:35.8362949Z  * [new tag]         0.3.0               -> 0.3.0
2023-05-10T18:23:35.8368579Z  * [new tag]         0.4.0               -> 0.4.0
2023-05-10T18:23:35.8369351Z  * [new tag]         0.5.0               -> 0.5.0
2023-05-10T18:23:35.8370132Z  * [new tag]         0.5.1               -> 0.5.1
2023-05-10T18:23:35.8370517Z  * [new tag]         0.5.2               -> 0.5.2
2023-05-10T18:23:35.8370866Z  * [new tag]         0.5.3               -> 0.5.3
2023-05-10T18:23:35.8371223Z  * [new tag]         0.5.4               -> 0.5.4
2023-05-10T18:23:35.8371548Z  * [new tag]         0.6.0               -> 0.6.0
2023-05-10T18:23:35.8371887Z  * [new tag]         0.6.1               -> 0.6.1
2023-05-10T18:23:35.8409797Z [command]/usr/bin/git branch --list --remote origin/decoupled-ingestion
2023-05-10T18:23:35.8441414Z   origin/decoupled-ingestion
2023-05-10T18:23:35.8456933Z [command]/usr/bin/git rev-parse refs/remotes/origin/decoupled-ingestion
2023-05-10T18:23:35.8485301Z f1bb3056921c46aa949f307d8769f21641c98c02
2023-05-10T18:23:35.8493086Z ##[endgroup]
2023-05-10T18:23:35.8495394Z ##[group]Determining the checkout info
2023-05-10T18:23:35.8497866Z ##[endgroup]
2023-05-10T18:23:35.8498304Z ##[group]Checking out the ref
2023-05-10T18:23:35.8507649Z [command]/usr/bin/git checkout --progress --force -B decoupled-ingestion refs/remotes/origin/decoupled-ingestion
2023-05-10T18:23:35.8591967Z Switched to a new branch 'decoupled-ingestion'
2023-05-10T18:23:35.8597888Z branch 'decoupled-ingestion' set up to track 'origin/decoupled-ingestion'.
2023-05-10T18:23:35.8608446Z ##[endgroup]
2023-05-10T18:23:35.8660242Z [command]/usr/bin/git log -1 --format='%H'
2023-05-10T18:23:35.8692387Z 'f1bb3056921c46aa949f307d8769f21641c98c02'
2023-05-10T18:23:35.9125211Z ##[group]Run actions/setup-python@v4
2023-05-10T18:23:35.9125540Z with:
2023-05-10T18:23:35.9125773Z   python-version: 3.9
2023-05-10T18:23:35.9126018Z   check-latest: false
2023-05-10T18:23:35.9126451Z   token: ***
2023-05-10T18:23:35.9126706Z   update-environment: true
2023-05-10T18:23:35.9126967Z   allow-prereleases: false
2023-05-10T18:23:35.9127218Z ##[endgroup]
2023-05-10T18:23:36.1143383Z ##[group]Installed versions
2023-05-10T18:23:36.1261809Z Successfully set up CPython (3.9.16)
2023-05-10T18:23:36.1263166Z ##[endgroup]
2023-05-10T18:23:36.1408389Z ##[group]Run python -m pip install --upgrade pip wheel
2023-05-10T18:23:36.1408849Z [36;1mpython -m pip install --upgrade pip wheel[0m
2023-05-10T18:23:36.1409197Z [36;1mpython -m pip install --upgrade --upgrade-strategy=eager tox[0m
2023-05-10T18:23:36.1475518Z shell: /usr/bin/bash -e {0}
2023-05-10T18:23:36.1475777Z env:
2023-05-10T18:23:36.1476049Z   pythonLocation: /opt/hostedtoolcache/Python/3.9.16/x64
2023-05-10T18:23:36.1476438Z   PKG_CONFIG_PATH: /opt/hostedtoolcache/Python/3.9.16/x64/lib/pkgconfig
2023-05-10T18:23:36.1476794Z   Python_ROOT_DIR: /opt/hostedtoolcache/Python/3.9.16/x64
2023-05-10T18:23:36.1477132Z   Python2_ROOT_DIR: /opt/hostedtoolcache/Python/3.9.16/x64
2023-05-10T18:23:36.1477448Z   Python3_ROOT_DIR: /opt/hostedtoolcache/Python/3.9.16/x64
2023-05-10T18:23:36.1477779Z   LD_LIBRARY_PATH: /opt/hostedtoolcache/Python/3.9.16/x64/lib
2023-05-10T18:23:36.1478057Z ##[endgroup]
2023-05-10T18:23:37.1608247Z Requirement already satisfied: pip in /opt/hostedtoolcache/Python/3.9.16/x64/lib/python3.9/site-packages (22.0.4)
2023-05-10T18:23:37.4000371Z Collecting pip
2023-05-10T18:23:37.5290535Z   Downloading pip-23.1.2-py3-none-any.whl (2.1 MB)
2023-05-10T18:23:37.7331263Z      ‚îÅ‚îÅ‚îÅ‚îÅ‚îÅ‚îÅ‚îÅ‚îÅ‚îÅ‚îÅ‚îÅ‚îÅ‚îÅ‚îÅ‚îÅ‚îÅ‚îÅ‚îÅ‚îÅ‚îÅ‚îÅ‚îÅ‚îÅ‚îÅ‚îÅ‚îÅ‚îÅ‚îÅ‚îÅ‚îÅ‚îÅ‚îÅ‚îÅ‚îÅ‚îÅ‚îÅ‚îÅ‚îÅ‚îÅ‚îÅ 2.1/2.1 MB 10.5 MB/s eta 0:00:00
2023-05-10T18:23:37.8152598Z Collecting wheel
2023-05-10T18:23:37.8313193Z   Downloading wheel-0.40.0-py3-none-any.whl (64 kB)
2023-05-10T18:23:37.8383942Z      ‚îÅ‚îÅ‚îÅ‚îÅ‚îÅ‚îÅ‚îÅ‚îÅ‚îÅ‚îÅ‚îÅ‚îÅ‚îÅ‚îÅ‚îÅ‚îÅ‚îÅ‚îÅ‚îÅ‚îÅ‚îÅ‚îÅ‚îÅ‚îÅ‚îÅ‚îÅ‚îÅ‚îÅ‚îÅ‚îÅ‚îÅ‚îÅ‚îÅ‚îÅ‚îÅ‚îÅ‚îÅ‚îÅ‚îÅ‚îÅ 64.5/64.5 kB 14.5 MB/s eta 0:00:00
2023-05-10T18:23:37.8830470Z Installing collected packages: wheel, pip
2023-05-10T18:23:37.9500763Z   Attempting uninstall: pip
2023-05-10T18:23:37.9509724Z     Found existing installation: pip 22.0.4
2023-05-10T18:23:38.0705397Z     Uninstalling pip-22.0.4:
2023-05-10T18:23:38.1633802Z       Successfully uninstalled pip-22.0.4
2023-05-10T18:23:39.6174604Z Successfully installed pip-23.1.2 wheel-0.40.0
2023-05-10T18:23:40.8398027Z Collecting tox
2023-05-10T18:23:40.9786049Z   Downloading tox-4.5.1-py3-none-any.whl (148 kB)
2023-05-10T18:23:41.0226357Z      ‚îÅ‚îÅ‚îÅ‚îÅ‚îÅ‚îÅ‚îÅ‚îÅ‚îÅ‚îÅ‚îÅ‚îÅ‚îÅ‚îÅ‚îÅ‚îÅ‚îÅ‚îÅ‚îÅ‚îÅ‚îÅ‚îÅ‚îÅ‚îÅ‚îÅ‚îÅ‚îÅ‚îÅ‚îÅ‚îÅ‚îÅ‚îÅ‚îÅ‚îÅ‚îÅ‚îÅ‚îÅ‚îÅ‚îÅ 149.0/149.0 kB 3.5 MB/s eta 0:00:00
2023-05-10T18:23:41.1130549Z Collecting cachetools>=5.3 (from tox)
2023-05-10T18:23:41.1262790Z   Downloading cachetools-5.3.0-py3-none-any.whl (9.3 kB)
2023-05-10T18:23:41.1570549Z Collecting chardet>=5.1 (from tox)
2023-05-10T18:23:41.1703942Z   Downloading chardet-5.1.0-py3-none-any.whl (199 kB)
2023-05-10T18:23:41.1924517Z      ‚îÅ‚îÅ‚îÅ‚îÅ‚îÅ‚îÅ‚îÅ‚îÅ‚îÅ‚îÅ‚îÅ‚îÅ‚îÅ‚îÅ‚îÅ‚îÅ‚îÅ‚îÅ‚îÅ‚îÅ‚îÅ‚îÅ‚îÅ‚îÅ‚îÅ‚îÅ‚îÅ‚îÅ‚îÅ‚îÅ‚îÅ‚îÅ‚îÅ‚îÅ‚îÅ‚îÅ‚îÅ‚îÅ 199.1/199.1 kB 10.6 MB/s eta 0:00:00
2023-05-10T18:23:41.2365269Z Collecting colorama>=0.4.6 (from tox)
2023-05-10T18:23:41.2501048Z   Downloading colorama-0.4.6-py2.py3-none-any.whl (25 kB)
2023-05-10T18:23:41.3023871Z Collecting filelock>=3.11 (from tox)
2023-05-10T18:23:41.3161488Z   Downloading filelock-3.12.0-py3-none-any.whl (10 kB)
2023-05-10T18:23:41.3775774Z Collecting packaging>=23.1 (from tox)
2023-05-10T18:23:41.3909890Z   Downloading packaging-23.1-py3-none-any.whl (48 kB)
2023-05-10T18:23:41.3977804Z      ‚îÅ‚îÅ‚îÅ‚îÅ‚îÅ‚îÅ‚îÅ‚îÅ‚îÅ‚îÅ‚îÅ‚îÅ‚îÅ‚îÅ‚îÅ‚îÅ‚îÅ‚îÅ‚îÅ‚îÅ‚îÅ‚îÅ‚îÅ‚îÅ‚îÅ‚îÅ‚îÅ‚îÅ‚îÅ‚îÅ‚îÅ‚îÅ‚îÅ‚îÅ‚îÅ‚îÅ‚îÅ‚îÅ‚îÅ‚îÅ 48.9/48.9 kB 11.2 MB/s eta 0:00:00
2023-05-10T18:23:41.4461768Z Collecting platformdirs>=3.2 (from tox)
2023-05-10T18:23:41.4613818Z   Downloading platformdirs-3.5.0-py3-none-any.whl (15 kB)
2023-05-10T18:23:41.5038704Z Collecting pluggy>=1 (from tox)
2023-05-10T18:23:41.5201136Z   Downloading pluggy-1.0.0-py2.py3-none-any.whl (13 kB)
2023-05-10T18:23:41.5579386Z Collecting pyproject-api>=1.5.1 (from tox)
2023-05-10T18:23:41.5728276Z   Downloading pyproject_api-1.5.1-py3-none-any.whl (12 kB)
2023-05-10T18:23:41.6114089Z Collecting tomli>=2.0.1 (from tox)
2023-05-10T18:23:41.6247742Z   Downloading tomli-2.0.1-py3-none-any.whl (12 kB)
2023-05-10T18:23:41.7937400Z Collecting virtualenv>=20.21 (from tox)
2023-05-10T18:23:41.8071432Z   Downloading virtualenv-20.23.0-py3-none-any.whl (3.3 MB)
2023-05-10T18:23:42.0028049Z      ‚îÅ‚îÅ‚îÅ‚îÅ‚îÅ‚îÅ‚îÅ‚îÅ‚îÅ‚îÅ‚îÅ‚îÅ‚îÅ‚îÅ‚îÅ‚îÅ‚îÅ‚îÅ‚îÅ‚îÅ‚îÅ‚îÅ‚îÅ‚îÅ‚îÅ‚îÅ‚îÅ‚îÅ‚îÅ‚îÅ‚îÅ‚îÅ‚îÅ‚îÅ‚îÅ‚îÅ‚îÅ‚îÅ‚îÅ‚îÅ 3.3/3.3 MB 16.9 MB/s eta 0:00:00
2023-05-10T18:23:42.1538049Z Collecting distlib<1,>=0.3.6 (from virtualenv>=20.21->tox)
2023-05-10T18:23:42.1666676Z   Downloading distlib-0.3.6-py2.py3-none-any.whl (468 kB)
2023-05-10T18:23:42.1886242Z      ‚îÅ‚îÅ‚îÅ‚îÅ‚îÅ‚îÅ‚îÅ‚îÅ‚îÅ‚îÅ‚îÅ‚îÅ‚îÅ‚îÅ‚îÅ‚îÅ‚îÅ‚îÅ‚îÅ‚îÅ‚îÅ‚îÅ‚îÅ‚îÅ‚îÅ‚îÅ‚îÅ‚îÅ‚îÅ‚îÅ‚îÅ‚îÅ‚îÅ‚îÅ‚îÅ‚îÅ‚îÅ‚îÅ 468.5/468.5 kB 25.0 MB/s eta 0:00:00
2023-05-10T18:23:42.3867993Z Installing collected packages: distlib, tomli, pluggy, platformdirs, packaging, filelock, colorama, chardet, cachetools, virtualenv, pyproject-api, tox
2023-05-10T18:23:43.2281668Z Successfully installed cachetools-5.3.0 chardet-5.1.0 colorama-0.4.6 distlib-0.3.6 filelock-3.12.0 packaging-23.1 platformdirs-3.5.0 pluggy-1.0.0 pyproject-api-1.5.1 tomli-2.0.1 tox-4.5.1 virtualenv-20.23.0
2023-05-10T18:23:43.3945739Z ##[group]Run tox -e py -- --cov-report=xml
2023-05-10T18:23:43.3946093Z [36;1mtox -e py -- --cov-report=xml[0m
2023-05-10T18:23:43.4004394Z shell: /usr/bin/bash -e {0}
2023-05-10T18:23:43.4004622Z env:
2023-05-10T18:23:43.4004907Z   pythonLocation: /opt/hostedtoolcache/Python/3.9.16/x64
2023-05-10T18:23:43.4005284Z   PKG_CONFIG_PATH: /opt/hostedtoolcache/Python/3.9.16/x64/lib/pkgconfig
2023-05-10T18:23:43.4005651Z   Python_ROOT_DIR: /opt/hostedtoolcache/Python/3.9.16/x64
2023-05-10T18:23:43.4005981Z   Python2_ROOT_DIR: /opt/hostedtoolcache/Python/3.9.16/x64
2023-05-10T18:23:43.4006328Z   Python3_ROOT_DIR: /opt/hostedtoolcache/Python/3.9.16/x64
2023-05-10T18:23:43.4006674Z   LD_LIBRARY_PATH: /opt/hostedtoolcache/Python/3.9.16/x64/lib
2023-05-10T18:23:43.4006962Z ##[endgroup]
2023-05-10T18:23:44.1074180Z py: install_deps> python -I -m pip install pytest pytest-cov pytest-mock
2023-05-10T18:23:47.9745488Z .pkg: install_requires> python -I -m pip install 'setuptools>=46.4.0' versioningit
2023-05-10T18:23:50.3388801Z .pkg: _optional_hooks> python /opt/hostedtoolcache/Python/3.9.16/x64/lib/python3.9/site-packages/pyproject_api/_backend.py True setuptools.build_meta
2023-05-10T18:23:50.6576985Z .pkg: get_requires_for_build_sdist> python /opt/hostedtoolcache/Python/3.9.16/x64/lib/python3.9/site-packages/pyproject_api/_backend.py True setuptools.build_meta
2023-05-10T18:23:50.8267277Z .pkg: freeze> python -m pip freeze --all
2023-05-10T18:23:51.2445693Z .pkg: importlib-metadata==6.6.0,packaging==23.1,pip==23.1.2,setuptools==67.7.2,tomli==2.0.1,versioningit==2.2.0,wheel==0.40.0,zipp==3.15.0
2023-05-10T18:23:51.2452635Z .pkg: prepare_metadata_for_build_wheel> python /opt/hostedtoolcache/Python/3.9.16/x64/lib/python3.9/site-packages/pyproject_api/_backend.py True setuptools.build_meta
2023-05-10T18:23:51.3800201Z .pkg: build_sdist> python /opt/hostedtoolcache/Python/3.9.16/x64/lib/python3.9/site-packages/pyproject_api/_backend.py True setuptools.build_meta
2023-05-10T18:23:51.4868896Z py: install_package_deps> python -I -m pip install 'PyGithub~=1.55' 'PyYAML>=5.0' 'click-loglevel~=0.2' 'click>=7.0' 'in-place~=0.4' 'pydantic~=1.7' 'python-dateutil~=2.7' 'python-dotenv<2.0,>=0.11' 'requests~=2.20'
2023-05-10T18:23:57.8684851Z py: install_package> python -I -m pip install --force-reinstall --no-deps /home/runner/work/tinuous/tinuous/.tox/.tmp/package/1/tinuous-0.6.1.post28+gf1bb305.tar.gz
2023-05-10T18:24:03.2934653Z py: freeze> python -m pip freeze --all
2023-05-10T18:24:03.7456805Z py: certifi==2023.5.7,cffi==1.15.1,charset-normalizer==3.1.0,click==8.1.3,click-loglevel==0.4.0.post1,coverage==7.2.5,cryptography==40.0.2,Deprecated==1.2.13,exceptiongroup==1.1.1,idna==3.4,in-place==0.5.0,iniconfig==2.0.0,packaging==23.1,pip==23.1.2,pluggy==1.0.0,pycparser==2.21,pydantic==1.10.7,PyGithub==1.58.2,PyJWT==2.7.0,PyNaCl==1.5.0,pytest==7.3.1,pytest-cov==4.0.0,pytest-mock==3.10.0,python-dateutil==2.8.2,python-dotenv==1.0.0,PyYAML==6.0,requests==2.30.0,setuptools==67.7.2,six==1.16.0,tinuous @ file:///home/runner/work/tinuous/tinuous/.tox/.tmp/package/1/tinuous-0.6.1.post28%2Bgf1bb305.tar.gz#sha256=bfd15415dc197dc7ae8e7502aa8cbef9068034e95d3582dd7bee84d8dccde7b9,tomli==2.0.1,typing_extensions==4.5.0,urllib3==2.0.2,wheel==0.40.0,wrapt==1.15.0
2023-05-10T18:24:03.7465107Z py: commands[0]> tinuous --help
2023-05-10T18:24:04.0843141Z Usage: tinuous [OPTIONS] COMMAND [ARGS]...
2023-05-10T18:24:04.0843385Z 
2023-05-10T18:24:04.0843589Z   Download build logs from GitHub Actions, Travis, Appveyor, and CircleCI
2023-05-10T18:24:04.0843815Z 
2023-05-10T18:24:04.0843903Z Options:
2023-05-10T18:24:04.0844450Z   -V, --version                   Show the version and exit.
2023-05-10T18:24:04.0844901Z   -c, --config FILE               Read configuration from the given file
2023-05-10T18:24:04.0845262Z                                   [default: tinuous.yaml]
2023-05-10T18:24:04.0845690Z   -E, --env FILE                  Load environment variables from given .env
2023-05-10T18:24:04.0846006Z                                   file
2023-05-10T18:24:04.0846810Z   -l, --log-level [NOTSET|DEBUG|INFO|WARNING|ERROR|CRITICAL]
2023-05-10T18:24:04.0847311Z                                   Set logging level  [default: INFO]
2023-05-10T18:24:04.0847729Z   --help                          Show this message and exit.
2023-05-10T18:24:04.0847915Z 
2023-05-10T18:24:04.0848003Z Commands:
2023-05-10T18:24:04.0848214Z   fetch     Download logs
2023-05-10T18:24:04.0848475Z   sanitize  Sanitize secrets in logs
2023-05-10T18:24:04.1175191Z py: commands[1]> pytest --cov-report=xml test
2023-05-10T18:24:05.2029640Z ============================= test session starts ==============================
2023-05-10T18:24:05.2030690Z platform linux -- Python 3.9.16, pytest-7.3.1, pluggy-1.0.0
2023-05-10T18:24:05.2031128Z cachedir: .tox/py/.pytest_cache
2023-05-10T18:24:05.2031557Z rootdir: /home/runner/work/tinuous/tinuous
2023-05-10T18:24:05.2031916Z configfile: tox.ini
2023-05-10T18:24:05.2032519Z plugins: cov-4.0.0, mock-3.10.0
2023-05-10T18:24:05.2033049Z collected 64 items
2023-05-10T18:24:05.2033243Z 
2023-05-10T18:24:05.2227880Z test/test_base.py .........                                              [ 14%]
2023-05-10T18:24:05.2406128Z test/test_config.py ........                                             [ 26%]
2023-05-10T18:24:05.2711122Z test/test_state.py ........                                              [ 39%]
2023-05-10T18:24:05.6246696Z test/test_util.py .......................................                [100%]
2023-05-10T18:24:05.6246968Z 
2023-05-10T18:24:05.6247569Z ---------- coverage: platform linux, python 3.9.16-final-0 -----------
2023-05-10T18:24:05.6298175Z Coverage XML written to file coverage.xml
2023-05-10T18:24:05.6298418Z 
2023-05-10T18:24:05.6298427Z 
2023-05-10T18:24:05.6298583Z ============================== 64 passed in 1.01s ==============================
2023-05-10T18:24:05.6950884Z .pkg: _exit> python /opt/hostedtoolcache/Python/3.9.16/x64/lib/python3.9/site-packages/pyproject_api/_backend.py True setuptools.build_meta
2023-05-10T18:24:05.7376385Z   py: OK (22.04=setup[20.09]+cmd[0.37,1.57] seconds)
2023-05-10T18:24:05.7376731Z   congratulations :) (22.15 seconds)
2023-05-10T18:24:05.7801207Z ##[group]Run codecov/codecov-action@v3
2023-05-10T18:24:05.7801490Z with:
2023-05-10T18:24:05.7801699Z   fail_ci_if_error: false
2023-05-10T18:24:05.7801922Z env:
2023-05-10T18:24:05.7802194Z   pythonLocation: /opt/hostedtoolcache/Python/3.9.16/x64
2023-05-10T18:24:05.7802557Z   PKG_CONFIG_PATH: /opt/hostedtoolcache/Python/3.9.16/x64/lib/pkgconfig
2023-05-10T18:24:05.7802910Z   Python_ROOT_DIR: /opt/hostedtoolcache/Python/3.9.16/x64
2023-05-10T18:24:05.7803229Z   Python2_ROOT_DIR: /opt/hostedtoolcache/Python/3.9.16/x64
2023-05-10T18:24:05.7803560Z   Python3_ROOT_DIR: /opt/hostedtoolcache/Python/3.9.16/x64
2023-05-10T18:24:05.7803909Z   LD_LIBRARY_PATH: /opt/hostedtoolcache/Python/3.9.16/x64/lib
2023-05-10T18:24:05.7804169Z ##[endgroup]
2023-05-10T18:24:05.9547641Z ==> linux OS detected
2023-05-10T18:24:06.5283281Z https://uploader.codecov.io/latest/linux/codecov.SHA256SUM
2023-05-10T18:24:06.6678551Z ==> SHASUM file signed by key id 806bb28aed779869
2023-05-10T18:24:06.8951476Z ==> Uploader SHASUM verified (02b055414cc124203ab061ffc45f5497ca39ede5e63a06717a6981c32d7b425f  codecov)
2023-05-10T18:24:06.8952800Z ==> Running version latest
2023-05-10T18:24:07.0120163Z ==> Running version v0.5.0
2023-05-10T18:24:07.0149039Z [command]/home/runner/work/_actions/codecov/codecov-action/v3/dist/codecov -n  -Q github-action-3.1.3
2023-05-10T18:24:07.3070528Z [2023-05-10T18:24:07.305Z] ['info'] 
2023-05-10T18:24:07.3071065Z      _____          _
2023-05-10T18:24:07.3071413Z     / ____|        | |
2023-05-10T18:24:07.3071736Z    | |     ___   __| | ___  ___ _____   __
2023-05-10T18:24:07.3072080Z    | |    / _ \ / _` |/ _ \/ __/ _ \ \ / /
2023-05-10T18:24:07.3072452Z    | |___| (_) | (_| |  __/ (_| (_) \ V /
2023-05-10T18:24:07.3072794Z     \_____\___/ \__,_|\___|\___\___/ \_/
2023-05-10T18:24:07.3073411Z 
2023-05-10T18:24:07.3073671Z   Codecov report uploader 0.5.0
2023-05-10T18:24:07.3135639Z [2023-05-10T18:24:07.313Z] ['info'] => Project root located at: /home/runner/work/tinuous/tinuous
2023-05-10T18:24:07.3170312Z [2023-05-10T18:24:07.316Z] ['info'] -> No token specified or token is empty
2023-05-10T18:24:07.3257146Z [2023-05-10T18:24:07.325Z] ['info'] Searching for coverage files...
2023-05-10T18:24:07.4486226Z [2023-05-10T18:24:07.448Z] ['info'] Warning: Some files located via search were excluded from upload.
2023-05-10T18:24:07.4487310Z [2023-05-10T18:24:07.448Z] ['info'] If Codecov did not locate your files, please review https://docs.codecov.com/docs/supported-report-formats
2023-05-10T18:24:07.4488187Z [2023-05-10T18:24:07.448Z] ['info'] => Found 1 possible coverage files:
2023-05-10T18:24:07.4488944Z   coverage.xml
2023-05-10T18:24:07.4490072Z [2023-05-10T18:24:07.448Z] ['info'] Processing /home/runner/work/tinuous/tinuous/coverage.xml...
2023-05-10T18:24:07.4532631Z [2023-05-10T18:24:07.453Z] ['info'] Detected GitHub Actions as the CI provider.
2023-05-10T18:24:07.9085219Z [2023-05-10T18:24:07.907Z] ['info'] Pinging Codecov: https://codecov.io/upload/v4?package=github-action-3.1.3-uploader-0.5.0&token=*******&branch=decoupled-ingestion&build=4940105266&build_url=https%3A%2F%2Fgithub.com%2Fcon%2Ftinuous%2Factions%2Fruns%2F4940105266&commit=f1bb3056921c46aa949f307d8769f21641c98c02&job=Test&pr=&service=github-actions&slug=con%2Ftinuous&name=&tag=&flags=&parent=
2023-05-10T18:24:08.2592046Z [2023-05-10T18:24:08.258Z] ['info'] https://app.codecov.io/github/con/tinuous/commit/f1bb3056921c46aa949f307d8769f21641c98c02
2023-05-10T18:24:08.2594388Z https://storage.googleapis.com/codecov/v4/raw/2023-05-10/0010CBA6D851417C00BB0BC3FC5895F9/f1bb3056921c46aa949f307d8769f21641c98c02/81f1828c-43fd-4392-86a3-ee3331786109.txt?X-Amz-Algorithm=AWS4-HMAC-SHA256&X-Amz-Credential=GOOG1EJOGFN2JQ4OCTGA2MU5AEIT7OT5Z7HTFOAN2SPG4NWSN2UJYOY5U6LZQ%2F20230510%2FUS%2Fs3%2Faws4_request&X-Amz-Date=20230510T182408Z&X-Amz-Expires=10&X-Amz-SignedHeaders=host&X-Amz-Signature=198392a5da4687caebc5ac931c1d686349493c5a6f3f13d2180d9eb7f4a30937
2023-05-10T18:24:08.2629985Z [2023-05-10T18:24:08.259Z] ['info'] Uploading...
2023-05-10T18:24:08.4540561Z [2023-05-10T18:24:08.453Z] ['info'] {"status":"success","resultURL":"https://app.codecov.io/github/con/tinuous/commit/f1bb3056921c46aa949f307d8769f21641c98c02"}
2023-05-10T18:24:08.4897248Z Post job cleanup.
2023-05-10T18:24:08.6699183Z Post job cleanup.
2023-05-10T18:24:08.7876051Z [command]/usr/bin/git version
2023-05-10T18:24:08.7945358Z git version 2.40.1
2023-05-10T18:24:08.8002629Z Temporarily overriding HOME='/home/runner/work/_temp/28d390d5-d3ea-4dd6-8da2-664a3c844af9' before making global git config changes
2023-05-10T18:24:08.8006132Z Adding repository directory to the temporary git global config as a safe directory
2023-05-10T18:24:08.8012008Z [command]/usr/bin/git config --global --add safe.directory /home/runner/work/tinuous/tinuous
2023-05-10T18:24:08.8058658Z [command]/usr/bin/git config --local --name-only --get-regexp core\.sshCommand
2023-05-10T18:24:08.8098991Z [command]/usr/bin/git submodule foreach --recursive sh -c "git config --local --name-only --get-regexp 'core\.sshCommand' && git config --local --unset-all 'core.sshCommand' || :"
2023-05-10T18:24:08.8378955Z [command]/usr/bin/git config --local --name-only --get-regexp http\.https\:\/\/github\.com\/\.extraheader
2023-05-10T18:24:08.8405275Z http.https://github.com/.extraheader
2023-05-10T18:24:08.8427522Z [command]/usr/bin/git config --local --unset-all http.https://github.com/.extraheader
2023-05-10T18:24:08.8471627Z [command]/usr/bin/git submodule foreach --recursive sh -c "git config --local --name-only --get-regexp 'http\.https\:\/\/github\.com\/\.extraheader' && git config --local --unset-all 'http.https://github.com/.extraheader' || :"
2023-05-10T18:24:08.8981627Z Cleaning up orphan processes
