2021-05-27T16:35:31.2599395Z ##[section]Starting: Request a runner to run this job
2021-05-27T16:35:31.5047479Z Can't find any online and idle self-hosted runner in current repository that matches the required labels: 'ubuntu-latest'
2021-05-27T16:35:31.5047592Z Can't find any online and idle self-hosted runner in current repository's account/organization that matches the required labels: 'ubuntu-latest'
2021-05-27T16:35:31.5047826Z Found online and idle hosted runner in current repository's account/organization that matches the required labels: 'ubuntu-latest'
2021-05-27T16:35:31.6501099Z ##[section]Finishing: Request a runner to run this job
2021-05-27T16:35:39.9998332Z Current runner version: '2.278.0'
2021-05-27T16:35:40.0031298Z ##[group]Operating System
2021-05-27T16:35:40.0032474Z Ubuntu
2021-05-27T16:35:40.0032972Z 20.04.2
2021-05-27T16:35:40.0033496Z LTS
2021-05-27T16:35:40.0034005Z ##[endgroup]
2021-05-27T16:35:40.0034736Z ##[group]Virtual Environment
2021-05-27T16:35:40.0035446Z Environment: ubuntu-20.04
2021-05-27T16:35:40.0036109Z Version: 20210524.1
2021-05-27T16:35:40.0037227Z Included Software: https://github.com/actions/virtual-environments/blob/ubuntu20/20210524.1/images/linux/Ubuntu2004-README.md
2021-05-27T16:35:40.0038781Z Image Release: https://github.com/actions/virtual-environments/releases/tag/ubuntu20%2F20210524.1
2021-05-27T16:35:40.0039915Z ##[endgroup]
2021-05-27T16:35:40.0042116Z ##[group]GITHUB_TOKEN Permissions
2021-05-27T16:35:40.0043634Z Actions: write
2021-05-27T16:35:40.0044258Z Checks: write
2021-05-27T16:35:40.0044888Z Contents: write
2021-05-27T16:35:40.0045535Z Deployments: write
2021-05-27T16:35:40.0046286Z Issues: write
2021-05-27T16:35:40.0046930Z Metadata: read
2021-05-27T16:35:40.0047519Z Packages: write
2021-05-27T16:35:40.0048284Z PullRequests: write
2021-05-27T16:35:40.0048975Z RepositoryProjects: write
2021-05-27T16:35:40.0049733Z SecurityEvents: write
2021-05-27T16:35:40.0050344Z Statuses: write
2021-05-27T16:35:40.0051176Z ##[endgroup]
2021-05-27T16:35:40.0055103Z Prepare workflow directory
2021-05-27T16:35:40.0860293Z Prepare all required actions
2021-05-27T16:35:40.0873653Z Getting action download info
2021-05-27T16:35:40.5389724Z Download action repository 'actions/checkout@v2'
2021-05-27T16:35:42.3583599Z Download action repository 'actions/setup-python@v2'
2021-05-27T16:35:42.6558679Z Download action repository 'codecov/codecov-action@v1'
2021-05-27T16:35:43.1670691Z ##[group]Run actions/checkout@v2
2021-05-27T16:35:43.1671546Z with:
2021-05-27T16:35:43.1672064Z   fetch-depth: 0
2021-05-27T16:35:43.1672631Z   repository: con/tinuous
2021-05-27T16:35:43.1673656Z   token: ***
2021-05-27T16:35:43.1674166Z   ssh-strict: true
2021-05-27T16:35:43.1674785Z   persist-credentials: true
2021-05-27T16:35:43.1675519Z   clean: true
2021-05-27T16:35:43.1676031Z   lfs: false
2021-05-27T16:35:43.1676484Z   submodules: false
2021-05-27T16:35:43.1677026Z ##[endgroup]
2021-05-27T16:35:44.2225867Z Syncing repository: con/tinuous
2021-05-27T16:35:44.2227241Z ##[group]Getting Git version info
2021-05-27T16:35:44.2229380Z Working directory is '/home/runner/work/tinuous/tinuous'
2021-05-27T16:35:44.2230485Z [command]/usr/bin/git version
2021-05-27T16:35:44.2231143Z git version 2.31.1
2021-05-27T16:35:44.2232560Z ##[endgroup]
2021-05-27T16:35:44.2233623Z Deleting the contents of '/home/runner/work/tinuous/tinuous'
2021-05-27T16:35:44.2235499Z ##[group]Initializing the repository
2021-05-27T16:35:44.2236533Z [command]/usr/bin/git init /home/runner/work/tinuous/tinuous
2021-05-27T16:35:44.2237950Z hint: Using 'master' as the name for the initial branch. This default branch name
2021-05-27T16:35:44.2239016Z hint: is subject to change. To configure the initial branch name to use in all
2021-05-27T16:35:44.2240079Z hint: of your new repositories, which will suppress this warning, call:
2021-05-27T16:35:44.2240850Z hint: 
2021-05-27T16:35:44.2241805Z hint: 	git config --global init.defaultBranch <name>
2021-05-27T16:35:44.2242569Z hint: 
2021-05-27T16:35:44.2243539Z hint: Names commonly chosen instead of 'master' are 'main', 'trunk' and
2021-05-27T16:35:44.2244816Z hint: 'development'. The just-created branch can be renamed via this command:
2021-05-27T16:35:44.2245645Z hint: 
2021-05-27T16:35:44.2246395Z hint: 	git branch -m <name>
2021-05-27T16:35:44.2247433Z Initialized empty Git repository in /home/runner/work/tinuous/tinuous/.git/
2021-05-27T16:35:44.2248692Z [command]/usr/bin/git remote add origin https://github.com/con/tinuous
2021-05-27T16:35:44.2249851Z ##[endgroup]
2021-05-27T16:35:44.2250588Z ##[group]Disabling automatic garbage collection
2021-05-27T16:35:44.2251642Z [command]/usr/bin/git config --local gc.auto 0
2021-05-27T16:35:44.2252364Z ##[endgroup]
2021-05-27T16:35:44.2255093Z ##[group]Setting up auth
2021-05-27T16:35:44.2256281Z [command]/usr/bin/git config --local --name-only --get-regexp core\.sshCommand
2021-05-27T16:35:44.2258696Z [command]/usr/bin/git submodule foreach --recursive git config --local --name-only --get-regexp 'core\.sshCommand' && git config --local --unset-all 'core.sshCommand' || :
2021-05-27T16:35:44.2260593Z [command]/usr/bin/git config --local --name-only --get-regexp http\.https\:\/\/github\.com\/\.extraheader
2021-05-27T16:35:44.2262808Z [command]/usr/bin/git submodule foreach --recursive git config --local --name-only --get-regexp 'http\.https\:\/\/github\.com\/\.extraheader' && git config --local --unset-all 'http.https://github.com/.extraheader' || :
2021-05-27T16:35:44.2265043Z [command]/usr/bin/git config --local http.https://github.com/.extraheader AUTHORIZATION: basic ***
2021-05-27T16:35:44.2266131Z ##[endgroup]
2021-05-27T16:35:44.2266815Z ##[group]Fetching the repository
2021-05-27T16:35:44.2268852Z [command]/usr/bin/git -c protocol.version=2 fetch --prune --progress --no-recurse-submodules origin +refs/heads/*:refs/remotes/origin/* +refs/tags/*:refs/tags/*
2021-05-27T16:35:44.2270225Z remote: Enumerating objects: 314, done.        
2021-05-27T16:35:44.2270986Z remote: Counting objects:   0% (1/314)        
2021-05-27T16:35:44.2271682Z remote: Counting objects:   1% (4/314)        
2021-05-27T16:35:44.2272392Z remote: Counting objects:   2% (7/314)        
2021-05-27T16:35:44.2273107Z remote: Counting objects:   3% (10/314)        
2021-05-27T16:35:44.2273808Z remote: Counting objects:   4% (13/314)        
2021-05-27T16:35:44.2274516Z remote: Counting objects:   5% (16/314)        
2021-05-27T16:35:44.2275398Z remote: Counting objects:   6% (19/314)        
2021-05-27T16:35:44.2276283Z remote: Counting objects:   7% (22/314)        
2021-05-27T16:35:44.2276997Z remote: Counting objects:   8% (26/314)        
2021-05-27T16:35:44.2277772Z remote: Counting objects:   9% (29/314)        
2021-05-27T16:35:44.2278478Z remote: Counting objects:  10% (32/314)        
2021-05-27T16:35:44.2279179Z remote: Counting objects:  11% (35/314)        
2021-05-27T16:35:44.2279885Z remote: Counting objects:  12% (38/314)        
2021-05-27T16:35:44.2280592Z remote: Counting objects:  13% (41/314)        
2021-05-27T16:35:44.2281282Z remote: Counting objects:  14% (44/314)        
2021-05-27T16:35:44.2281985Z remote: Counting objects:  15% (48/314)        
2021-05-27T16:35:44.2282673Z remote: Counting objects:  16% (51/314)        
2021-05-27T16:35:44.2283422Z remote: Counting objects:  17% (54/314)        
2021-05-27T16:35:44.2284131Z remote: Counting objects:  18% (57/314)        
2021-05-27T16:35:44.2284855Z remote: Counting objects:  19% (60/314)        
2021-05-27T16:35:44.2285565Z remote: Counting objects:  20% (63/314)        
2021-05-27T16:35:44.2286270Z remote: Counting objects:  21% (66/314)        
2021-05-27T16:35:44.2286965Z remote: Counting objects:  22% (70/314)        
2021-05-27T16:35:44.2287677Z remote: Counting objects:  23% (73/314)        
2021-05-27T16:35:44.2288397Z remote: Counting objects:  24% (76/314)        
2021-05-27T16:35:44.2289106Z remote: Counting objects:  25% (79/314)        
2021-05-27T16:35:44.2289810Z remote: Counting objects:  26% (82/314)        
2021-05-27T16:35:44.2290504Z remote: Counting objects:  27% (85/314)        
2021-05-27T16:35:44.2291206Z remote: Counting objects:  28% (88/314)        
2021-05-27T16:35:44.2291901Z remote: Counting objects:  29% (92/314)        
2021-05-27T16:35:44.2292624Z remote: Counting objects:  30% (95/314)        
2021-05-27T16:35:44.2293332Z remote: Counting objects:  31% (98/314)        
2021-05-27T16:35:44.2294024Z remote: Counting objects:  32% (101/314)        
2021-05-27T16:35:44.2294745Z remote: Counting objects:  33% (104/314)        
2021-05-27T16:35:44.2295447Z remote: Counting objects:  34% (107/314)        
2021-05-27T16:35:44.2296159Z remote: Counting objects:  35% (110/314)        
2021-05-27T16:35:44.2296867Z remote: Counting objects:  36% (114/314)        
2021-05-27T16:35:44.2297935Z remote: Counting objects:  37% (117/314)        
2021-05-27T16:35:44.2298676Z remote: Counting objects:  38% (120/314)        
2021-05-27T16:35:44.2299391Z remote: Counting objects:  39% (123/314)        
2021-05-27T16:35:44.2300088Z remote: Counting objects:  40% (126/314)        
2021-05-27T16:35:44.2300793Z remote: Counting objects:  41% (129/314)        
2021-05-27T16:35:44.2301479Z remote: Counting objects:  42% (132/314)        
2021-05-27T16:35:44.2302184Z remote: Counting objects:  43% (136/314)        
2021-05-27T16:35:44.2302881Z remote: Counting objects:  44% (139/314)        
2021-05-27T16:35:44.2303473Z remote: Counting objects:  45% (142/314)        
2021-05-27T16:35:44.2304032Z remote: Counting objects:  46% (145/314)        
2021-05-27T16:35:44.2304736Z remote: Counting objects:  47% (148/314)        
2021-05-27T16:35:44.2305448Z remote: Counting objects:  48% (151/314)        
2021-05-27T16:35:44.2306220Z remote: Counting objects:  49% (154/314)        
2021-05-27T16:35:44.2306780Z remote: Counting objects:  50% (157/314)        
2021-05-27T16:35:44.2307608Z remote: Counting objects:  51% (161/314)        
2021-05-27T16:35:44.2308301Z remote: Counting objects:  52% (164/314)        
2021-05-27T16:35:44.2309010Z remote: Counting objects:  53% (167/314)        
2021-05-27T16:35:44.2309719Z remote: Counting objects:  54% (170/314)        
2021-05-27T16:35:44.2310413Z remote: Counting objects:  55% (173/314)        
2021-05-27T16:35:44.2311123Z remote: Counting objects:  56% (176/314)        
2021-05-27T16:35:44.2311718Z remote: Counting objects:  57% (179/314)        
2021-05-27T16:35:44.2312414Z remote: Counting objects:  58% (183/314)        
2021-05-27T16:35:44.2313245Z remote: Counting objects:  59% (186/314)        
2021-05-27T16:35:44.2313997Z remote: Counting objects:  60% (189/314)        
2021-05-27T16:35:44.2314711Z remote: Counting objects:  61% (192/314)        
2021-05-27T16:35:44.2315787Z remote: Counting objects:  62% (195/314)        
2021-05-27T16:35:44.2316653Z remote: Counting objects:  63% (198/314)        
2021-05-27T16:35:44.2317359Z remote: Counting objects:  64% (201/314)        
2021-05-27T16:35:44.2318062Z remote: Counting objects:  65% (205/314)        
2021-05-27T16:35:44.2318752Z remote: Counting objects:  66% (208/314)        
2021-05-27T16:35:44.2319458Z remote: Counting objects:  67% (211/314)        
2021-05-27T16:35:44.2320148Z remote: Counting objects:  68% (214/314)        
2021-05-27T16:35:44.2320856Z remote: Counting objects:  69% (217/314)        
2021-05-27T16:35:44.2321553Z remote: Counting objects:  70% (220/314)        
2021-05-27T16:35:44.2322249Z remote: Counting objects:  71% (223/314)        
2021-05-27T16:35:44.2323115Z remote: Counting objects:  72% (227/314)        
2021-05-27T16:35:44.2323971Z remote: Counting objects:  73% (230/314)        
2021-05-27T16:35:44.2324683Z remote: Counting objects:  74% (233/314)        
2021-05-27T16:35:44.2325428Z remote: Counting objects:  75% (236/314)        
2021-05-27T16:35:44.2326129Z remote: Counting objects:  76% (239/314)        
2021-05-27T16:35:44.2326833Z remote: Counting objects:  77% (242/314)        
2021-05-27T16:35:44.2327522Z remote: Counting objects:  78% (245/314)        
2021-05-27T16:35:44.2328235Z remote: Counting objects:  79% (249/314)        
2021-05-27T16:35:44.2331034Z remote: Counting objects:  80% (252/314)        
2021-05-27T16:35:44.2332943Z remote: Counting objects:  81% (255/314)        
2021-05-27T16:35:44.2333747Z remote: Counting objects:  82% (258/314)        
2021-05-27T16:35:44.2334460Z remote: Counting objects:  83% (261/314)        
2021-05-27T16:35:44.2335170Z remote: Counting objects:  84% (264/314)        
2021-05-27T16:35:44.2335892Z remote: Counting objects:  85% (267/314)        
2021-05-27T16:35:44.2336586Z remote: Counting objects:  86% (271/314)        
2021-05-27T16:35:44.2337289Z remote: Counting objects:  87% (274/314)        
2021-05-27T16:35:44.8578062Z remote: Counting objects:  88% (277/314)        
2021-05-27T16:35:44.8609326Z remote: Counting objects:  89% (280/314)        
2021-05-27T16:35:44.8611379Z remote: Counting objects:  90% (283/314)        
2021-05-27T16:35:44.8612164Z remote: Counting objects:  91% (286/314)        
2021-05-27T16:35:44.8612892Z remote: Counting objects:  92% (289/314)        
2021-05-27T16:35:44.8613622Z remote: Counting objects:  93% (293/314)        
2021-05-27T16:35:44.8614316Z remote: Counting objects:  94% (296/314)        
2021-05-27T16:35:44.8615035Z remote: Counting objects:  95% (299/314)        
2021-05-27T16:35:44.8615725Z remote: Counting objects:  96% (302/314)        
2021-05-27T16:35:44.8616450Z remote: Counting objects:  97% (305/314)        
2021-05-27T16:35:44.8617180Z remote: Counting objects:  98% (308/314)        
2021-05-27T16:35:44.8618352Z remote: Counting objects:  99% (311/314)        
2021-05-27T16:35:44.8619099Z remote: Counting objects: 100% (314/314)        
2021-05-27T16:35:44.8619836Z remote: Counting objects: 100% (314/314), done.        
2021-05-27T16:35:44.8620595Z remote: Compressing objects:   0% (1/175)        
2021-05-27T16:35:44.8621375Z remote: Compressing objects:   1% (2/175)        
2021-05-27T16:35:44.8622119Z remote: Compressing objects:   2% (4/175)        
2021-05-27T16:35:44.8622882Z remote: Compressing objects:   3% (6/175)        
2021-05-27T16:35:44.8623641Z remote: Compressing objects:   4% (7/175)        
2021-05-27T16:35:44.8624382Z remote: Compressing objects:   5% (9/175)        
2021-05-27T16:35:44.8625148Z remote: Compressing objects:   6% (11/175)        
2021-05-27T16:35:44.8625905Z remote: Compressing objects:   7% (13/175)        
2021-05-27T16:35:44.8626651Z remote: Compressing objects:   8% (14/175)        
2021-05-27T16:35:44.8627610Z remote: Compressing objects:   9% (16/175)        
2021-05-27T16:35:44.8628426Z remote: Compressing objects:  10% (18/175)        
2021-05-27T16:35:44.8629196Z remote: Compressing objects:  11% (20/175)        
2021-05-27T16:35:44.8630059Z remote: Compressing objects:  12% (21/175)        
2021-05-27T16:35:44.8630802Z remote: Compressing objects:  13% (23/175)        
2021-05-27T16:35:44.8631619Z remote: Compressing objects:  14% (25/175)        
2021-05-27T16:35:44.8632366Z remote: Compressing objects:  15% (27/175)        
2021-05-27T16:35:44.8633122Z remote: Compressing objects:  16% (28/175)        
2021-05-27T16:35:44.8633881Z remote: Compressing objects:  17% (30/175)        
2021-05-27T16:35:44.8634622Z remote: Compressing objects:  18% (32/175)        
2021-05-27T16:35:44.8635376Z remote: Compressing objects:  19% (34/175)        
2021-05-27T16:35:44.8636111Z remote: Compressing objects:  20% (35/175)        
2021-05-27T16:35:44.8636869Z remote: Compressing objects:  21% (37/175)        
2021-05-27T16:35:44.8637638Z remote: Compressing objects:  22% (39/175)        
2021-05-27T16:35:44.8638377Z remote: Compressing objects:  23% (41/175)        
2021-05-27T16:35:44.8639145Z remote: Compressing objects:  24% (42/175)        
2021-05-27T16:35:44.8639905Z remote: Compressing objects:  25% (44/175)        
2021-05-27T16:35:44.8640656Z remote: Compressing objects:  26% (46/175)        
2021-05-27T16:35:44.8641425Z remote: Compressing objects:  27% (48/175)        
2021-05-27T16:35:44.8642160Z remote: Compressing objects:  28% (49/175)        
2021-05-27T16:35:44.8642918Z remote: Compressing objects:  29% (51/175)        
2021-05-27T16:35:44.8643705Z remote: Compressing objects:  30% (53/175)        
2021-05-27T16:35:44.8644456Z remote: Compressing objects:  31% (55/175)        
2021-05-27T16:35:44.8645212Z remote: Compressing objects:  32% (56/175)        
2021-05-27T16:35:44.8645960Z remote: Compressing objects:  33% (58/175)        
2021-05-27T16:35:44.8646712Z remote: Compressing objects:  34% (60/175)        
2021-05-27T16:35:44.8647474Z remote: Compressing objects:  35% (62/175)        
2021-05-27T16:35:44.8648232Z remote: Compressing objects:  36% (63/175)        
2021-05-27T16:35:44.8648990Z remote: Compressing objects:  37% (65/175)        
2021-05-27T16:35:44.8649744Z remote: Compressing objects:  38% (67/175)        
2021-05-27T16:35:44.8650663Z remote: Compressing objects:  39% (69/175)        
2021-05-27T16:35:44.8651417Z remote: Compressing objects:  40% (70/175)        
2021-05-27T16:35:44.8652156Z remote: Compressing objects:  41% (72/175)        
2021-05-27T16:35:44.8652918Z remote: Compressing objects:  42% (74/175)        
2021-05-27T16:35:44.8653677Z remote: Compressing objects:  43% (76/175)        
2021-05-27T16:35:44.8654412Z remote: Compressing objects:  44% (77/175)        
2021-05-27T16:35:44.8655167Z remote: Compressing objects:  45% (79/175)        
2021-05-27T16:35:44.8655903Z remote: Compressing objects:  46% (81/175)        
2021-05-27T16:35:44.8656662Z remote: Compressing objects:  47% (83/175)        
2021-05-27T16:35:44.8657477Z remote: Compressing objects:  48% (84/175)        
2021-05-27T16:35:44.8658415Z remote: Compressing objects:  49% (86/175)        
2021-05-27T16:35:44.8659179Z remote: Compressing objects:  50% (88/175)        
2021-05-27T16:35:44.8659956Z remote: Compressing objects:  51% (90/175)        
2021-05-27T16:35:44.8660735Z remote: Compressing objects:  52% (91/175)        
2021-05-27T16:35:44.8661497Z remote: Compressing objects:  53% (93/175)        
2021-05-27T16:35:44.8662235Z remote: Compressing objects:  54% (95/175)        
2021-05-27T16:35:44.8663088Z remote: Compressing objects:  55% (97/175)        
2021-05-27T16:35:44.8672851Z remote: Compressing objects:  56% (98/175)        
2021-05-27T16:35:44.8673476Z remote: Compressing objects:  57% (100/175)        
2021-05-27T16:35:44.8674178Z remote: Compressing objects:  58% (102/175)        
2021-05-27T16:35:44.8757046Z remote: Compressing objects:  59% (104/175)        
2021-05-27T16:35:44.8758246Z remote: Compressing objects:  60% (105/175)        
2021-05-27T16:35:44.8758930Z remote: Compressing objects:  61% (107/175)        
2021-05-27T16:35:44.8759646Z remote: Compressing objects:  62% (109/175)        
2021-05-27T16:35:44.8760269Z remote: Compressing objects:  63% (111/175)        
2021-05-27T16:35:44.8760866Z remote: Compressing objects:  64% (112/175)        
2021-05-27T16:35:44.8761528Z remote: Compressing objects:  65% (114/175)        
2021-05-27T16:35:44.8762135Z remote: Compressing objects:  66% (116/175)        
2021-05-27T16:35:44.8762751Z remote: Compressing objects:  67% (118/175)        
2021-05-27T16:35:44.8763349Z remote: Compressing objects:  68% (119/175)        
2021-05-27T16:35:44.8763963Z remote: Compressing objects:  69% (121/175)        
2021-05-27T16:35:44.8764556Z remote: Compressing objects:  70% (123/175)        
2021-05-27T16:35:44.8765168Z remote: Compressing objects:  71% (125/175)        
2021-05-27T16:35:44.8765762Z remote: Compressing objects:  72% (126/175)        
2021-05-27T16:35:44.8766384Z remote: Compressing objects:  73% (128/175)        
2021-05-27T16:35:44.8766999Z remote: Compressing objects:  74% (130/175)        
2021-05-27T16:35:44.8767594Z remote: Compressing objects:  75% (132/175)        
2021-05-27T16:35:44.8768264Z remote: Compressing objects:  76% (133/175)        
2021-05-27T16:35:44.8768867Z remote: Compressing objects:  77% (135/175)        
2021-05-27T16:35:44.8769477Z remote: Compressing objects:  78% (137/175)        
2021-05-27T16:35:44.8770659Z remote: Compressing objects:  79% (139/175)        
2021-05-27T16:35:44.8771284Z remote: Compressing objects:  80% (140/175)        
2021-05-27T16:35:44.8774535Z remote: Compressing objects:  81% (142/175)        
2021-05-27T16:35:44.8776543Z remote: Compressing objects:  82% (144/175)        
2021-05-27T16:35:44.8777173Z remote: Compressing objects:  83% (146/175)        
2021-05-27T16:35:44.8778030Z remote: Compressing objects:  84% (147/175)        
2021-05-27T16:35:44.8784646Z remote: Compressing objects:  85% (149/175)        
2021-05-27T16:35:44.8785729Z remote: Compressing objects:  86% (151/175)        
2021-05-27T16:35:44.8786720Z remote: Compressing objects:  87% (153/175)        
2021-05-27T16:35:44.8790105Z remote: Compressing objects:  88% (154/175)        
2021-05-27T16:35:44.8790778Z remote: Compressing objects:  89% (156/175)        
2021-05-27T16:35:44.8791627Z remote: Compressing objects:  90% (158/175)        
2021-05-27T16:35:44.8792503Z remote: Compressing objects:  91% (160/175)        
2021-05-27T16:35:44.8796048Z remote: Compressing objects:  92% (161/175)        
2021-05-27T16:35:44.8796672Z remote: Compressing objects:  93% (163/175)        
2021-05-27T16:35:44.8797291Z remote: Compressing objects:  94% (165/175)        
2021-05-27T16:35:44.8797890Z remote: Compressing objects:  95% (167/175)        
2021-05-27T16:35:44.8798504Z remote: Compressing objects:  96% (168/175)        
2021-05-27T16:35:44.8799099Z remote: Compressing objects:  97% (170/175)        
2021-05-27T16:35:44.8799767Z remote: Compressing objects:  98% (172/175)        
2021-05-27T16:35:44.8800408Z remote: Compressing objects:  99% (174/175)        
2021-05-27T16:35:44.8801021Z remote: Compressing objects: 100% (175/175)        
2021-05-27T16:35:44.8801660Z remote: Compressing objects: 100% (175/175), done.        
2021-05-27T16:35:44.8802244Z Receiving objects:   0% (1/314)
2021-05-27T16:35:44.8802757Z Receiving objects:   1% (4/314)
2021-05-27T16:35:44.8803242Z Receiving objects:   2% (7/314)
2021-05-27T16:35:44.8803749Z Receiving objects:   3% (10/314)
2021-05-27T16:35:44.8804235Z Receiving objects:   4% (13/314)
2021-05-27T16:35:44.8804734Z Receiving objects:   5% (16/314)
2021-05-27T16:35:44.8805218Z Receiving objects:   6% (19/314)
2021-05-27T16:35:44.8805719Z Receiving objects:   7% (22/314)
2021-05-27T16:35:44.8806206Z Receiving objects:   8% (26/314)
2021-05-27T16:35:44.8806714Z Receiving objects:   9% (29/314)
2021-05-27T16:35:44.8807215Z Receiving objects:  10% (32/314)
2021-05-27T16:35:44.8807794Z Receiving objects:  11% (35/314)
2021-05-27T16:35:44.8808532Z Receiving objects:  12% (38/314)
2021-05-27T16:35:44.8809107Z Receiving objects:  13% (41/314)
2021-05-27T16:35:44.8809629Z Receiving objects:  14% (44/314)
2021-05-27T16:35:44.8810127Z Receiving objects:  15% (48/314)
2021-05-27T16:35:44.8810612Z Receiving objects:  16% (51/314)
2021-05-27T16:35:44.8811216Z Receiving objects:  17% (54/314)
2021-05-27T16:35:44.8811715Z Receiving objects:  18% (57/314)
2021-05-27T16:35:44.8812216Z Receiving objects:  19% (60/314)
2021-05-27T16:35:44.8812703Z Receiving objects:  20% (63/314)
2021-05-27T16:35:44.8813202Z Receiving objects:  21% (66/314)
2021-05-27T16:35:44.8813704Z Receiving objects:  22% (70/314)
2021-05-27T16:35:44.8814188Z Receiving objects:  23% (73/314)
2021-05-27T16:35:44.8814785Z Receiving objects:  24% (76/314)
2021-05-27T16:35:44.8815269Z Receiving objects:  25% (79/314)
2021-05-27T16:35:44.8815768Z Receiving objects:  26% (82/314)
2021-05-27T16:35:44.8816254Z Receiving objects:  27% (85/314)
2021-05-27T16:35:44.8816761Z Receiving objects:  28% (88/314)
2021-05-27T16:35:44.8817248Z Receiving objects:  29% (92/314)
2021-05-27T16:35:44.8818143Z Receiving objects:  30% (95/314)
2021-05-27T16:35:44.8818649Z Receiving objects:  31% (98/314)
2021-05-27T16:35:44.8819149Z Receiving objects:  32% (101/314)
2021-05-27T16:35:44.8819661Z Receiving objects:  33% (104/314)
2021-05-27T16:35:44.8820160Z Receiving objects:  34% (107/314)
2021-05-27T16:35:44.8820667Z Receiving objects:  35% (110/314)
2021-05-27T16:35:44.8821152Z Receiving objects:  36% (114/314)
2021-05-27T16:35:44.8821684Z Receiving objects:  37% (117/314)
2021-05-27T16:35:44.8822175Z Receiving objects:  38% (120/314)
2021-05-27T16:35:44.8822677Z Receiving objects:  39% (123/314)
2021-05-27T16:35:44.8823161Z Receiving objects:  40% (126/314)
2021-05-27T16:35:44.8823690Z Receiving objects:  41% (129/314)
2021-05-27T16:35:44.8824174Z Receiving objects:  42% (132/314)
2021-05-27T16:35:44.8824683Z Receiving objects:  43% (136/314)
2021-05-27T16:35:44.8825169Z Receiving objects:  44% (139/314)
2021-05-27T16:35:44.8825677Z Receiving objects:  45% (142/314)
2021-05-27T16:35:44.8826184Z Receiving objects:  46% (145/314)
2021-05-27T16:35:44.8826671Z Receiving objects:  47% (148/314)
2021-05-27T16:35:44.8827173Z Receiving objects:  48% (151/314)
2021-05-27T16:35:44.8827662Z Receiving objects:  49% (154/314)
2021-05-27T16:35:44.8828330Z Receiving objects:  50% (157/314)
2021-05-27T16:35:44.8828816Z Receiving objects:  51% (161/314)
2021-05-27T16:35:44.8829322Z Receiving objects:  52% (164/314)
2021-05-27T16:35:44.8829808Z Receiving objects:  53% (167/314)
2021-05-27T16:35:44.8830473Z Receiving objects:  54% (170/314)
2021-05-27T16:35:44.8830980Z Receiving objects:  55% (173/314)
2021-05-27T16:35:44.8831486Z Receiving objects:  56% (176/314)
2021-05-27T16:35:44.8831971Z Receiving objects:  57% (179/314)
2021-05-27T16:35:44.8832473Z Receiving objects:  58% (183/314)
2021-05-27T16:35:44.8832961Z Receiving objects:  59% (186/314)
2021-05-27T16:35:44.8833459Z Receiving objects:  60% (189/314)
2021-05-27T16:35:44.8833947Z Receiving objects:  61% (192/314)
2021-05-27T16:35:44.8834449Z Receiving objects:  62% (195/314)
2021-05-27T16:35:44.8834932Z Receiving objects:  63% (198/314)
2021-05-27T16:35:44.8835432Z Receiving objects:  64% (201/314)
2021-05-27T16:35:44.8835915Z Receiving objects:  65% (205/314)
2021-05-27T16:35:44.8836462Z Receiving objects:  66% (208/314)
2021-05-27T16:35:44.8836973Z Receiving objects:  67% (211/314)
2021-05-27T16:35:44.8837455Z Receiving objects:  68% (214/314)
2021-05-27T16:35:44.8837958Z Receiving objects:  69% (217/314)
2021-05-27T16:35:44.8838443Z Receiving objects:  70% (220/314)
2021-05-27T16:35:44.8838944Z Receiving objects:  71% (223/314)
2021-05-27T16:35:44.8839426Z Receiving objects:  72% (227/314)
2021-05-27T16:35:44.8839925Z Receiving objects:  73% (230/314)
2021-05-27T16:35:44.8840409Z Receiving objects:  74% (233/314)
2021-05-27T16:35:44.8840912Z Receiving objects:  75% (236/314)
2021-05-27T16:35:44.8841396Z Receiving objects:  76% (239/314)
2021-05-27T16:35:44.8841990Z Receiving objects:  77% (242/314)
2021-05-27T16:35:44.8842498Z Receiving objects:  78% (245/314)
2021-05-27T16:35:44.8842999Z Receiving objects:  79% (249/314)
2021-05-27T16:35:44.8843534Z Receiving objects:  80% (252/314)
2021-05-27T16:35:44.8844020Z Receiving objects:  81% (255/314)
2021-05-27T16:35:44.8844528Z Receiving objects:  82% (258/314)
2021-05-27T16:35:44.8845013Z Receiving objects:  83% (261/314)
2021-05-27T16:35:44.8845516Z Receiving objects:  84% (264/314)
2021-05-27T16:35:44.8845998Z Receiving objects:  85% (267/314)
2021-05-27T16:35:44.8846498Z Receiving objects:  86% (271/314)
2021-05-27T16:35:44.8846982Z Receiving objects:  87% (274/314)
2021-05-27T16:35:44.8848468Z remote: Total 314 (delta 158), reused 242 (delta 107), pack-reused 0        
2021-05-27T16:35:44.8849101Z Receiving objects:  88% (277/314)
2021-05-27T16:35:44.8849611Z Receiving objects:  89% (280/314)
2021-05-27T16:35:44.8850115Z Receiving objects:  90% (283/314)
2021-05-27T16:35:44.8850657Z Receiving objects:  91% (286/314)
2021-05-27T16:35:44.8851164Z Receiving objects:  92% (289/314)
2021-05-27T16:35:44.8851651Z Receiving objects:  93% (293/314)
2021-05-27T16:35:44.8852262Z Receiving objects:  94% (296/314)
2021-05-27T16:35:44.8852748Z Receiving objects:  95% (299/314)
2021-05-27T16:35:44.8853246Z Receiving objects:  96% (302/314)
2021-05-27T16:35:44.8853738Z Receiving objects:  97% (305/314)
2021-05-27T16:35:44.8854234Z Receiving objects:  98% (308/314)
2021-05-27T16:35:44.8854718Z Receiving objects:  99% (311/314)
2021-05-27T16:35:44.8855219Z Receiving objects: 100% (314/314)
2021-05-27T16:35:44.8855798Z Receiving objects: 100% (314/314), 87.12 KiB | 6.22 MiB/s, done.
2021-05-27T16:35:44.8856338Z Resolving deltas:   0% (0/158)
2021-05-27T16:35:44.8856821Z Resolving deltas:   1% (2/158)
2021-05-27T16:35:44.8857378Z Resolving deltas:   2% (4/158)
2021-05-27T16:35:44.8858213Z Resolving deltas:   3% (5/158)
2021-05-27T16:35:44.8858687Z Resolving deltas:   4% (7/158)
2021-05-27T16:35:44.8859170Z Resolving deltas:   5% (8/158)
2021-05-27T16:35:44.8859649Z Resolving deltas:   6% (10/158)
2021-05-27T16:35:44.8860139Z Resolving deltas:   7% (12/158)
2021-05-27T16:35:44.8860610Z Resolving deltas:   8% (13/158)
2021-05-27T16:35:44.8861093Z Resolving deltas:   9% (15/158)
2021-05-27T16:35:44.8861578Z Resolving deltas:  10% (16/158)
2021-05-27T16:35:44.8862228Z Resolving deltas:  11% (18/158)
2021-05-27T16:35:44.8862713Z Resolving deltas:  12% (19/158)
2021-05-27T16:35:44.8863182Z Resolving deltas:  13% (21/158)
2021-05-27T16:35:44.8863668Z Resolving deltas:  14% (23/158)
2021-05-27T16:35:44.8864139Z Resolving deltas:  15% (24/158)
2021-05-27T16:35:44.8864621Z Resolving deltas:  16% (26/158)
2021-05-27T16:35:44.8865092Z Resolving deltas:  17% (27/158)
2021-05-27T16:35:44.8865572Z Resolving deltas:  18% (29/158)
2021-05-27T16:35:44.8866038Z Resolving deltas:  19% (31/158)
2021-05-27T16:35:44.8866518Z Resolving deltas:  20% (32/158)
2021-05-27T16:35:44.8866984Z Resolving deltas:  21% (34/158)
2021-05-27T16:35:44.8867468Z Resolving deltas:  22% (35/158)
2021-05-27T16:35:44.8867959Z Resolving deltas:  23% (37/158)
2021-05-27T16:35:44.8868430Z Resolving deltas:  24% (38/158)
2021-05-27T16:35:44.8868912Z Resolving deltas:  25% (40/158)
2021-05-27T16:35:44.8869378Z Resolving deltas:  26% (42/158)
2021-05-27T16:35:44.8869859Z Resolving deltas:  27% (43/158)
2021-05-27T16:35:44.8870335Z Resolving deltas:  28% (45/158)
2021-05-27T16:35:44.8870814Z Resolving deltas:  29% (46/158)
2021-05-27T16:35:44.8871280Z Resolving deltas:  30% (48/158)
2021-05-27T16:35:44.8871761Z Resolving deltas:  31% (49/158)
2021-05-27T16:35:44.8872230Z Resolving deltas:  32% (51/158)
2021-05-27T16:35:44.8872716Z Resolving deltas:  33% (53/158)
2021-05-27T16:35:44.8873186Z Resolving deltas:  34% (54/158)
2021-05-27T16:35:44.8873675Z Resolving deltas:  35% (56/158)
2021-05-27T16:35:44.8874156Z Resolving deltas:  36% (57/158)
2021-05-27T16:35:44.8874624Z Resolving deltas:  37% (59/158)
2021-05-27T16:35:44.8875104Z Resolving deltas:  38% (61/158)
2021-05-27T16:35:44.8875662Z Resolving deltas:  39% (62/158)
2021-05-27T16:35:44.8876169Z Resolving deltas:  40% (64/158)
2021-05-27T16:35:44.8876642Z Resolving deltas:  41% (65/158)
2021-05-27T16:35:44.8877128Z Resolving deltas:  42% (67/158)
2021-05-27T16:35:44.8877595Z Resolving deltas:  43% (68/158)
2021-05-27T16:35:44.8878078Z Resolving deltas:  44% (70/158)
2021-05-27T16:35:44.8878554Z Resolving deltas:  45% (72/158)
2021-05-27T16:35:44.8879038Z Resolving deltas:  46% (73/158)
2021-05-27T16:35:44.8879523Z Resolving deltas:  47% (75/158)
2021-05-27T16:35:44.8879990Z Resolving deltas:  48% (76/158)
2021-05-27T16:35:44.8880473Z Resolving deltas:  49% (78/158)
2021-05-27T16:35:44.8880941Z Resolving deltas:  50% (79/158)
2021-05-27T16:35:44.8881423Z Resolving deltas:  51% (81/158)
2021-05-27T16:35:44.8881889Z Resolving deltas:  52% (83/158)
2021-05-27T16:35:44.8882370Z Resolving deltas:  53% (84/158)
2021-05-27T16:35:44.8882841Z Resolving deltas:  54% (86/158)
2021-05-27T16:35:44.8883323Z Resolving deltas:  55% (87/158)
2021-05-27T16:35:44.8883793Z Resolving deltas:  56% (89/158)
2021-05-27T16:35:44.8884274Z Resolving deltas:  57% (91/158)
2021-05-27T16:35:44.8884742Z Resolving deltas:  58% (92/158)
2021-05-27T16:35:44.8885228Z Resolving deltas:  59% (94/158)
2021-05-27T16:35:44.8885710Z Resolving deltas:  60% (95/158)
2021-05-27T16:35:44.8886187Z Resolving deltas:  61% (97/158)
2021-05-27T16:35:44.8886670Z Resolving deltas:  62% (98/158)
2021-05-27T16:35:44.8887139Z Resolving deltas:  63% (100/158)
2021-05-27T16:35:44.8887630Z Resolving deltas:  64% (102/158)
2021-05-27T16:35:44.8888167Z Resolving deltas:  65% (103/158)
2021-05-27T16:35:44.8888657Z Resolving deltas:  66% (105/158)
2021-05-27T16:35:44.8889128Z Resolving deltas:  67% (106/158)
2021-05-27T16:35:44.8889614Z Resolving deltas:  68% (108/158)
2021-05-27T16:35:44.8890086Z Resolving deltas:  69% (110/158)
2021-05-27T16:35:44.8890576Z Resolving deltas:  70% (111/158)
2021-05-27T16:35:44.8891065Z Resolving deltas:  71% (113/158)
2021-05-27T16:35:44.8891537Z Resolving deltas:  72% (114/158)
2021-05-27T16:35:44.8892031Z Resolving deltas:  73% (116/158)
2021-05-27T16:35:44.8892508Z Resolving deltas:  74% (117/158)
2021-05-27T16:35:44.8892999Z Resolving deltas:  75% (119/158)
2021-05-27T16:35:44.8893472Z Resolving deltas:  76% (121/158)
2021-05-27T16:35:44.8898658Z Resolving deltas:  77% (122/158)
2021-05-27T16:35:44.8899452Z Resolving deltas:  78% (124/158)
2021-05-27T16:35:44.8899985Z Resolving deltas:  79% (125/158)
2021-05-27T16:35:44.8900461Z Resolving deltas:  80% (127/158)
2021-05-27T16:35:44.8900947Z Resolving deltas:  81% (128/158)
2021-05-27T16:35:44.8901420Z Resolving deltas:  82% (130/158)
2021-05-27T16:35:44.8901905Z Resolving deltas:  83% (132/158)
2021-05-27T16:35:44.8902394Z Resolving deltas:  84% (133/158)
2021-05-27T16:35:44.8902865Z Resolving deltas:  85% (135/158)
2021-05-27T16:35:44.8903350Z Resolving deltas:  86% (136/158)
2021-05-27T16:35:44.8903819Z Resolving deltas:  87% (138/158)
2021-05-27T16:35:44.8904301Z Resolving deltas:  88% (140/158)
2021-05-27T16:35:44.8904776Z Resolving deltas:  89% (141/158)
2021-05-27T16:35:44.8905265Z Resolving deltas:  90% (143/158)
2021-05-27T16:35:44.8905737Z Resolving deltas:  91% (144/158)
2021-05-27T16:35:44.8906223Z Resolving deltas:  92% (146/158)
2021-05-27T16:35:44.8906693Z Resolving deltas:  93% (147/158)
2021-05-27T16:35:44.8907187Z Resolving deltas:  94% (149/158)
2021-05-27T16:35:44.8907656Z Resolving deltas:  95% (151/158)
2021-05-27T16:35:44.8908147Z Resolving deltas:  96% (152/158)
2021-05-27T16:35:44.8908632Z Resolving deltas:  97% (154/158)
2021-05-27T16:35:44.8909101Z Resolving deltas:  98% (155/158)
2021-05-27T16:35:44.8909588Z Resolving deltas:  99% (157/158)
2021-05-27T16:35:44.8910057Z Resolving deltas: 100% (158/158)
2021-05-27T16:35:44.8910564Z Resolving deltas: 100% (158/158), done.
2021-05-27T16:35:44.8911172Z From https://github.com/con/tinuous
2021-05-27T16:35:44.8912357Z  * [new branch]      dotenv        -> origin/dotenv
2021-05-27T16:35:44.8913133Z  * [new branch]      gh-55         -> origin/gh-55
2021-05-27T16:35:44.8914018Z  * [new branch]      master        -> origin/master
2021-05-27T16:35:44.8914948Z  * [new branch]      test-appveyor -> origin/test-appveyor
2021-05-27T16:35:44.8915776Z  * [new tag]         0.1.0         -> 0.1.0
2021-05-27T16:35:44.8916395Z  * [new tag]         0.2.0         -> 0.2.0
2021-05-27T16:35:44.8917144Z [command]/usr/bin/git branch --list --remote origin/gh-55
2021-05-27T16:35:44.8917844Z   origin/gh-55
2021-05-27T16:35:44.8918592Z [command]/usr/bin/git rev-parse refs/remotes/origin/gh-55
2021-05-27T16:35:44.8919308Z b4672159d998e2b26c8e3445518d4c585a78b5a2
2021-05-27T16:35:44.8920022Z ##[endgroup]
2021-05-27T16:35:44.8920632Z ##[group]Determining the checkout info
2021-05-27T16:35:44.8921144Z ##[endgroup]
2021-05-27T16:35:44.8921627Z ##[group]Checking out the ref
2021-05-27T16:35:44.8922613Z [command]/usr/bin/git checkout --progress --force -B gh-55 refs/remotes/origin/gh-55
2021-05-27T16:35:44.8923611Z Switched to a new branch 'gh-55'
2021-05-27T16:35:44.8924558Z Branch 'gh-55' set up to track remote branch 'gh-55' from 'origin'.
2021-05-27T16:35:44.8925155Z ##[endgroup]
2021-05-27T16:35:44.8925888Z [command]/usr/bin/git log -1 --format='%H'
2021-05-27T16:35:44.8926677Z 'b4672159d998e2b26c8e3445518d4c585a78b5a2'
2021-05-27T16:35:44.9035775Z ##[group]Run actions/setup-python@v2
2021-05-27T16:35:44.9036351Z with:
2021-05-27T16:35:44.9036770Z   python-version: 3.8
2021-05-27T16:35:44.9037688Z   token: ***
2021-05-27T16:35:44.9038072Z ##[endgroup]
2021-05-27T16:35:44.9810867Z Successfully setup CPython (3.8.10)
2021-05-27T16:35:44.9913840Z ##[group]Run python -m pip install --upgrade pip wheel
2021-05-27T16:35:44.9914671Z [36;1mpython -m pip install --upgrade pip wheel[0m
2021-05-27T16:35:44.9915462Z [36;1mpython -m pip install --upgrade --upgrade-strategy=eager tox[0m
2021-05-27T16:35:44.9965278Z shell: /usr/bin/bash -e {0}
2021-05-27T16:35:44.9965849Z env:
2021-05-27T16:35:44.9966447Z   pythonLocation: /opt/hostedtoolcache/Python/3.8.10/x64
2021-05-27T16:35:44.9967234Z   LD_LIBRARY_PATH: /opt/hostedtoolcache/Python/3.8.10/x64/lib
2021-05-27T16:35:44.9967828Z ##[endgroup]
2021-05-27T16:35:45.7411483Z Requirement already satisfied: pip in /opt/hostedtoolcache/Python/3.8.10/x64/lib/python3.8/site-packages (21.1.2)
2021-05-27T16:35:46.0068756Z Collecting wheel
2021-05-27T16:35:46.0448616Z   Downloading wheel-0.36.2-py2.py3-none-any.whl (35 kB)
2021-05-27T16:35:46.1189332Z Installing collected packages: wheel
2021-05-27T16:35:46.1610930Z Successfully installed wheel-0.36.2
2021-05-27T16:35:47.0041930Z Collecting tox
2021-05-27T16:35:47.0915837Z   Downloading tox-3.23.1-py2.py3-none-any.whl (85 kB)
2021-05-27T16:35:47.1592926Z Collecting toml>=0.9.4
2021-05-27T16:35:47.1741401Z   Downloading toml-0.10.2-py2.py3-none-any.whl (16 kB)
2021-05-27T16:35:47.2534860Z Collecting py>=1.4.17
2021-05-27T16:35:47.2695424Z   Downloading py-1.10.0-py2.py3-none-any.whl (97 kB)
2021-05-27T16:35:47.3263093Z Collecting pluggy>=0.12.0
2021-05-27T16:35:47.3420671Z   Downloading pluggy-0.13.1-py2.py3-none-any.whl (18 kB)
2021-05-27T16:35:47.3877552Z Collecting filelock>=3.0.0
2021-05-27T16:35:47.4019166Z   Downloading filelock-3.0.12-py3-none-any.whl (7.6 kB)
2021-05-27T16:35:47.4414833Z Collecting six>=1.14.0
2021-05-27T16:35:47.4518414Z   Downloading six-1.16.0-py2.py3-none-any.whl (11 kB)
2021-05-27T16:35:47.7081226Z Collecting virtualenv!=20.0.0,!=20.0.1,!=20.0.2,!=20.0.3,!=20.0.4,!=20.0.5,!=20.0.6,!=20.0.7,>=16.0.0
2021-05-27T16:35:47.7176187Z   Downloading virtualenv-20.4.7-py2.py3-none-any.whl (7.2 MB)
2021-05-27T16:35:48.0269828Z Collecting packaging>=14
2021-05-27T16:35:48.0360738Z   Downloading packaging-20.9-py2.py3-none-any.whl (40 kB)
2021-05-27T16:35:48.1396890Z Collecting pyparsing>=2.0.2
2021-05-27T16:35:48.1492483Z   Downloading pyparsing-2.4.7-py2.py3-none-any.whl (67 kB)
2021-05-27T16:35:48.2469498Z Collecting distlib<1,>=0.3.1
2021-05-27T16:35:48.2646753Z   Downloading distlib-0.3.1-py2.py3-none-any.whl (335 kB)
2021-05-27T16:35:48.2979040Z Collecting appdirs<2,>=1.4.3
2021-05-27T16:35:48.3084280Z   Downloading appdirs-1.4.4-py2.py3-none-any.whl (9.6 kB)
2021-05-27T16:35:48.4597862Z Installing collected packages: six, pyparsing, filelock, distlib, appdirs, virtualenv, toml, py, pluggy, packaging, tox
2021-05-27T16:35:49.1340810Z Successfully installed appdirs-1.4.4 distlib-0.3.1 filelock-3.0.12 packaging-20.9 pluggy-0.13.1 py-1.10.0 pyparsing-2.4.7 six-1.16.0 toml-0.10.2 tox-3.23.1 virtualenv-20.4.7
2021-05-27T16:35:49.2267530Z ##[group]Run tox -e lint
2021-05-27T16:35:49.2268258Z [36;1mtox -e lint[0m
2021-05-27T16:35:49.2313403Z shell: /usr/bin/bash -e {0}
2021-05-27T16:35:49.2313837Z env:
2021-05-27T16:35:49.2314537Z   pythonLocation: /opt/hostedtoolcache/Python/3.8.10/x64
2021-05-27T16:35:49.2315321Z   LD_LIBRARY_PATH: /opt/hostedtoolcache/Python/3.8.10/x64/lib
2021-05-27T16:35:49.2315913Z ##[endgroup]
2021-05-27T16:35:49.5346716Z lint create: /home/runner/work/tinuous/tinuous/.tox/lint
2021-05-27T16:35:50.3168002Z lint installdeps: flake8~=3.7, flake8-bugbear, flake8-builtins~=1.4, flake8-import-order-jwodder, flake8-unused-arguments
2021-05-27T16:35:55.1826358Z lint installed: attrs==21.2.0,flake8==3.9.2,flake8-bugbear==21.4.3,flake8-builtins==1.5.3,flake8-import-order==0.18.1,flake8-import-order-jwodder==0.1.0,flake8-unused-arguments==0.0.6,mccabe==0.6.1,pycodestyle==2.7.0,pyflakes==2.3.1
2021-05-27T16:35:55.1836443Z lint run-test-pre: PYTHONHASHSEED='1290891731'
2021-05-27T16:35:55.1859424Z lint run-test: commands[0] | flake8 --config=tox.ini src test
2021-05-27T16:35:56.5524077Z ___________________________________ summary ____________________________________
2021-05-27T16:35:56.5525098Z   lint: commands succeeded
2021-05-27T16:35:56.5525872Z   congratulations :)
2021-05-27T16:35:56.5893793Z Post job cleanup.
2021-05-27T16:35:56.7166018Z [command]/usr/bin/git version
2021-05-27T16:35:56.7237369Z git version 2.31.1
2021-05-27T16:35:56.7291912Z [command]/usr/bin/git config --local --name-only --get-regexp core\.sshCommand
2021-05-27T16:35:56.7352889Z [command]/usr/bin/git submodule foreach --recursive git config --local --name-only --get-regexp 'core\.sshCommand' && git config --local --unset-all 'core.sshCommand' || :
2021-05-27T16:35:56.7658279Z [command]/usr/bin/git config --local --name-only --get-regexp http\.https\:\/\/github\.com\/\.extraheader
2021-05-27T16:35:56.7706397Z http.https://github.com/.extraheader
2021-05-27T16:35:56.7717966Z [command]/usr/bin/git config --local --unset-all http.https://github.com/.extraheader
2021-05-27T16:35:56.7768821Z [command]/usr/bin/git submodule foreach --recursive git config --local --name-only --get-regexp 'http\.https\:\/\/github\.com\/\.extraheader' && git config --local --unset-all 'http.https://github.com/.extraheader' || :
2021-05-27T16:35:56.8140965Z Cleaning up orphan processes
