2023-11-09T15:14:01.3922263Z Requested labels: ubuntu-latest
2023-11-09T15:14:01.3922542Z Job defined at: con/tinuous/.github/workflows/test.yml@refs/pull/180/merge
2023-11-09T15:14:01.3922647Z Waiting for a runner to pick up this job...
2023-11-09T15:14:01.8928877Z Job is waiting for a hosted runner to come online.
2023-11-09T15:14:04.8308428Z Job is about to start running on the hosted runner: GitHub Actions 9 (hosted)
2023-11-09T15:14:06.6768089Z Current runner version: '2.311.0'
2023-11-09T15:14:06.6791531Z ##[group]Operating System
2023-11-09T15:14:06.6792253Z Ubuntu
2023-11-09T15:14:06.6792592Z 22.04.3
2023-11-09T15:14:06.6792933Z LTS
2023-11-09T15:14:06.6793351Z ##[endgroup]
2023-11-09T15:14:06.6793726Z ##[group]Runner Image
2023-11-09T15:14:06.6794167Z Image: ubuntu-22.04
2023-11-09T15:14:06.6794593Z Version: 20231030.2.0
2023-11-09T15:14:06.6795578Z Included Software: https://github.com/actions/runner-images/blob/ubuntu22/20231030.2/images/linux/Ubuntu2204-Readme.md
2023-11-09T15:14:06.6796991Z Image Release: https://github.com/actions/runner-images/releases/tag/ubuntu22%2F20231030.2
2023-11-09T15:14:06.6797887Z ##[endgroup]
2023-11-09T15:14:06.6798302Z ##[group]Runner Image Provisioner
2023-11-09T15:14:06.6798783Z 2.0.312.1
2023-11-09T15:14:06.6799143Z ##[endgroup]
2023-11-09T15:14:06.6801270Z ##[group]GITHUB_TOKEN Permissions
2023-11-09T15:14:06.6803037Z Actions: write
2023-11-09T15:14:06.6803452Z Checks: write
2023-11-09T15:14:06.6804062Z Contents: write
2023-11-09T15:14:06.6804527Z Deployments: write
2023-11-09T15:14:06.6804947Z Discussions: write
2023-11-09T15:14:06.6805359Z Issues: write
2023-11-09T15:14:06.6805741Z Metadata: read
2023-11-09T15:14:06.6806116Z Packages: write
2023-11-09T15:14:06.6806586Z Pages: write
2023-11-09T15:14:06.6806956Z PullRequests: write
2023-11-09T15:14:06.6807373Z RepositoryProjects: write
2023-11-09T15:14:06.6807889Z SecurityEvents: write
2023-11-09T15:14:06.6808294Z Statuses: write
2023-11-09T15:14:06.6808658Z ##[endgroup]
2023-11-09T15:14:06.6811652Z Secret source: Actions
2023-11-09T15:14:06.6812240Z Prepare workflow directory
2023-11-09T15:14:06.7437854Z Prepare all required actions
2023-11-09T15:14:06.7595671Z Getting action download info
2023-11-09T15:14:06.9713429Z Download action repository 'actions/checkout@v4' (SHA:b4ffde65f46336ab88eb53be808477a3936bae11)
2023-11-09T15:14:07.0813784Z Download action repository 'actions/setup-python@v4' (SHA:65d7f2d534ac1bc67fcd62888c5f4f3d2cb2b236)
2023-11-09T15:14:07.1548139Z Download action repository 'codecov/codecov-action@v3' (SHA:eaaf4bedf32dbdc6b720b63067d99c4d77d6047d)
2023-11-09T15:14:07.5259312Z Complete job name: test (3.8, lint)
2023-11-09T15:14:07.6194836Z ##[group]Run actions/checkout@v4
2023-11-09T15:14:07.6195639Z with:
2023-11-09T15:14:07.6196204Z   fetch-depth: 0
2023-11-09T15:14:07.6196925Z   repository: con/tinuous
2023-11-09T15:14:07.6198180Z   token: ***
2023-11-09T15:14:07.6199112Z   ssh-strict: true
2023-11-09T15:14:07.6199917Z   persist-credentials: true
2023-11-09T15:14:07.6200921Z   clean: true
2023-11-09T15:14:07.6201787Z   sparse-checkout-cone-mode: true
2023-11-09T15:14:07.6202615Z   fetch-tags: false
2023-11-09T15:14:07.6203489Z   show-progress: true
2023-11-09T15:14:07.6204311Z   lfs: false
2023-11-09T15:14:07.6204905Z   submodules: false
2023-11-09T15:14:07.6205792Z   set-safe-directory: true
2023-11-09T15:14:07.6206576Z ##[endgroup]
2023-11-09T15:14:07.8289743Z Syncing repository: con/tinuous
2023-11-09T15:14:07.8292246Z ##[group]Getting Git version info
2023-11-09T15:14:07.8293369Z Working directory is '/home/runner/work/tinuous/tinuous'
2023-11-09T15:14:07.8294967Z [command]/usr/bin/git version
2023-11-09T15:14:07.8295800Z git version 2.42.0
2023-11-09T15:14:07.8298262Z ##[endgroup]
2023-11-09T15:14:07.8313040Z Temporarily overriding HOME='/home/runner/work/_temp/55719faa-9b1f-41aa-814e-85ee7890db89' before making global git config changes
2023-11-09T15:14:07.8315290Z Adding repository directory to the temporary git global config as a safe directory
2023-11-09T15:14:07.8317304Z [command]/usr/bin/git config --global --add safe.directory /home/runner/work/tinuous/tinuous
2023-11-09T15:14:07.8342162Z Deleting the contents of '/home/runner/work/tinuous/tinuous'
2023-11-09T15:14:07.8347895Z ##[group]Initializing the repository
2023-11-09T15:14:07.8350888Z [command]/usr/bin/git init /home/runner/work/tinuous/tinuous
2023-11-09T15:14:07.8416158Z hint: Using 'master' as the name for the initial branch. This default branch name
2023-11-09T15:14:07.8418020Z hint: is subject to change. To configure the initial branch name to use in all
2023-11-09T15:14:07.8419596Z hint: of your new repositories, which will suppress this warning, call:
2023-11-09T15:14:07.8420799Z hint: 
2023-11-09T15:14:07.8421554Z hint: 	git config --global init.defaultBranch <name>
2023-11-09T15:14:07.8422462Z hint: 
2023-11-09T15:14:07.8423500Z hint: Names commonly chosen instead of 'master' are 'main', 'trunk' and
2023-11-09T15:14:07.8425066Z hint: 'development'. The just-created branch can be renamed via this command:
2023-11-09T15:14:07.8426184Z hint: 
2023-11-09T15:14:07.8426869Z hint: 	git branch -m <name>
2023-11-09T15:14:07.8451123Z Initialized empty Git repository in /home/runner/work/tinuous/tinuous/.git/
2023-11-09T15:14:07.8462537Z [command]/usr/bin/git remote add origin https://github.com/con/tinuous
2023-11-09T15:14:07.8495482Z ##[endgroup]
2023-11-09T15:14:07.8497008Z ##[group]Disabling automatic garbage collection
2023-11-09T15:14:07.8499286Z [command]/usr/bin/git config --local gc.auto 0
2023-11-09T15:14:07.8528685Z ##[endgroup]
2023-11-09T15:14:07.8530068Z ##[group]Setting up auth
2023-11-09T15:14:07.8534749Z [command]/usr/bin/git config --local --name-only --get-regexp core\.sshCommand
2023-11-09T15:14:07.8566415Z [command]/usr/bin/git submodule foreach --recursive sh -c "git config --local --name-only --get-regexp 'core\.sshCommand' && git config --local --unset-all 'core.sshCommand' || :"
2023-11-09T15:14:07.8864290Z [command]/usr/bin/git config --local --name-only --get-regexp http\.https\:\/\/github\.com\/\.extraheader
2023-11-09T15:14:07.8891355Z [command]/usr/bin/git submodule foreach --recursive sh -c "git config --local --name-only --get-regexp 'http\.https\:\/\/github\.com\/\.extraheader' && git config --local --unset-all 'http.https://github.com/.extraheader' || :"
2023-11-09T15:14:07.9123084Z [command]/usr/bin/git config --local http.https://github.com/.extraheader AUTHORIZATION: basic ***
2023-11-09T15:14:07.9157686Z ##[endgroup]
2023-11-09T15:14:07.9158891Z ##[group]Fetching the repository
2023-11-09T15:14:07.9169479Z [command]/usr/bin/git -c protocol.version=2 fetch --prune --no-recurse-submodules origin +refs/heads/*:refs/remotes/origin/* +refs/tags/*:refs/tags/* +8d4e085777eac956a3bf1691d95285b33459c57d:refs/remotes/pull/180/merge
2023-11-09T15:14:08.3270033Z From https://github.com/con/tinuous
2023-11-09T15:14:08.3271852Z  * [new branch]      fix-typing                               -> origin/fix-typing
2023-11-09T15:14:08.3273499Z  * [new branch]      gh-55                                    -> origin/gh-55
2023-11-09T15:14:08.3274663Z  * [new branch]      master                                   -> origin/master
2023-11-09T15:14:08.3275597Z  * [new branch]      mypy-import                              -> origin/mypy-import
2023-11-09T15:14:08.3276936Z  * [new branch]      no-extra-search                          -> origin/no-extra-search
2023-11-09T15:14:08.3277860Z  * [new branch]      pragmata                                 -> origin/pragmata
2023-11-09T15:14:08.3279210Z  * [new branch]      py312                                    -> origin/py312
2023-11-09T15:14:08.3280923Z  * [new branch]      pypy                                     -> origin/pypy
2023-11-09T15:14:08.3283389Z  * [new branch]      test-appveyor                            -> origin/test-appveyor
2023-11-09T15:14:08.3285744Z  * [new branch]      unused                                   -> origin/unused
2023-11-09T15:14:08.3287617Z  * [new branch]      updates                                  -> origin/updates
2023-11-09T15:14:08.3289059Z  * [new tag]         0.1.0                                    -> 0.1.0
2023-11-09T15:14:08.3290471Z  * [new tag]         0.2.0                                    -> 0.2.0
2023-11-09T15:14:08.3292314Z  * [new tag]         0.3.0                                    -> 0.3.0
2023-11-09T15:14:08.3293507Z  * [new tag]         0.4.0                                    -> 0.4.0
2023-11-09T15:14:08.3294790Z  * [new tag]         0.5.0                                    -> 0.5.0
2023-11-09T15:14:08.3296480Z  * [new tag]         0.5.1                                    -> 0.5.1
2023-11-09T15:14:08.3297694Z  * [new tag]         0.5.2                                    -> 0.5.2
2023-11-09T15:14:08.3299035Z  * [new tag]         0.5.3                                    -> 0.5.3
2023-11-09T15:14:08.3300598Z  * [new tag]         0.5.4                                    -> 0.5.4
2023-11-09T15:14:08.3302110Z  * [new tag]         0.6.0                                    -> 0.6.0
2023-11-09T15:14:08.3303406Z  * [new tag]         0.6.1                                    -> 0.6.1
2023-11-09T15:14:08.3306886Z  * [new ref]         8d4e085777eac956a3bf1691d95285b33459c57d -> pull/180/merge
2023-11-09T15:14:08.3336826Z ##[endgroup]
2023-11-09T15:14:08.3337661Z ##[group]Determining the checkout info
2023-11-09T15:14:08.3338692Z ##[endgroup]
2023-11-09T15:14:08.3339291Z ##[group]Checking out the ref
2023-11-09T15:14:08.3342565Z [command]/usr/bin/git checkout --progress --force refs/remotes/pull/180/merge
2023-11-09T15:14:08.3395754Z Note: switching to 'refs/remotes/pull/180/merge'.
2023-11-09T15:14:08.3397198Z 
2023-11-09T15:14:08.3398147Z You are in 'detached HEAD' state. You can look around, make experimental
2023-11-09T15:14:08.3400120Z changes and commit them, and you can discard any commits you make in this
2023-11-09T15:14:08.3401737Z state without impacting any branches by switching back to a branch.
2023-11-09T15:14:08.3402584Z 
2023-11-09T15:14:08.3403247Z If you want to create a new branch to retain commits you create, you may
2023-11-09T15:14:08.3404867Z do so (now or later) by using -c with the switch command. Example:
2023-11-09T15:14:08.3405663Z 
2023-11-09T15:14:08.3406036Z   git switch -c <new-branch-name>
2023-11-09T15:14:08.3406509Z 
2023-11-09T15:14:08.3406819Z Or undo this operation with:
2023-11-09T15:14:08.3407255Z 
2023-11-09T15:14:08.3407672Z   git switch -
2023-11-09T15:14:08.3408025Z 
2023-11-09T15:14:08.3408648Z Turn off this advice by setting config variable advice.detachedHead to false
2023-11-09T15:14:08.3409574Z 
2023-11-09T15:14:08.3410662Z HEAD is now at 8d4e085 Merge 29624962537c1db46bdd501e370325b0ea608f59 into e0ad333d939ebc7bdd0131684b3bb9606b6c2435
2023-11-09T15:14:08.3413367Z ##[endgroup]
2023-11-09T15:14:08.3440247Z [command]/usr/bin/git log -1 --format='%H'
2023-11-09T15:14:08.3463357Z '8d4e085777eac956a3bf1691d95285b33459c57d'
2023-11-09T15:14:08.3781220Z ##[group]Run actions/setup-python@v4
2023-11-09T15:14:08.3781792Z with:
2023-11-09T15:14:08.3782155Z   python-version: 3.8
2023-11-09T15:14:08.3782506Z   check-latest: false
2023-11-09T15:14:08.3783119Z   token: ***
2023-11-09T15:14:08.3783503Z   update-environment: true
2023-11-09T15:14:08.3783993Z   allow-prereleases: false
2023-11-09T15:14:08.3784334Z ##[endgroup]
2023-11-09T15:14:08.5777486Z ##[group]Installed versions
2023-11-09T15:14:08.5850462Z Successfully set up CPython (3.8.18)
2023-11-09T15:14:08.5851936Z ##[endgroup]
2023-11-09T15:14:08.5982245Z ##[group]Run python -m pip install --upgrade pip wheel
2023-11-09T15:14:08.5982921Z [36;1mpython -m pip install --upgrade pip wheel[0m
2023-11-09T15:14:08.5983726Z [36;1mpython -m pip install --upgrade --upgrade-strategy=eager tox[0m
2023-11-09T15:14:08.6044935Z shell: /usr/bin/bash -e {0}
2023-11-09T15:14:08.6045353Z env:
2023-11-09T15:14:08.6045748Z   pythonLocation: /opt/hostedtoolcache/Python/3.8.18/x64
2023-11-09T15:14:08.6046568Z   PKG_CONFIG_PATH: /opt/hostedtoolcache/Python/3.8.18/x64/lib/pkgconfig
2023-11-09T15:14:08.6047218Z   Python_ROOT_DIR: /opt/hostedtoolcache/Python/3.8.18/x64
2023-11-09T15:14:08.6047800Z   Python2_ROOT_DIR: /opt/hostedtoolcache/Python/3.8.18/x64
2023-11-09T15:14:08.6048429Z   Python3_ROOT_DIR: /opt/hostedtoolcache/Python/3.8.18/x64
2023-11-09T15:14:08.6049007Z   LD_LIBRARY_PATH: /opt/hostedtoolcache/Python/3.8.18/x64/lib
2023-11-09T15:14:08.6049518Z ##[endgroup]
2023-11-09T15:14:09.2558575Z Requirement already satisfied: pip in /opt/hostedtoolcache/Python/3.8.18/x64/lib/python3.8/site-packages (23.0.1)
2023-11-09T15:14:09.3721594Z Collecting pip
2023-11-09T15:14:09.4211671Z   Downloading pip-23.3.1-py3-none-any.whl.metadata (3.5 kB)
2023-11-09T15:14:09.4593949Z Collecting wheel
2023-11-09T15:14:09.4634165Z   Downloading wheel-0.41.3-py3-none-any.whl.metadata (2.2 kB)
2023-11-09T15:14:09.4884963Z Downloading pip-23.3.1-py3-none-any.whl (2.1 MB)
2023-11-09T15:14:09.5366275Z    ━━━━━━━━━━━━━━━━━━━━━━━━━━━━━━━━━━━━━━━━ 2.1/2.1 MB 46.2 MB/s eta 0:00:00
2023-11-09T15:14:09.5403089Z Downloading wheel-0.41.3-py3-none-any.whl (65 kB)
2023-11-09T15:14:09.5455457Z    ━━━━━━━━━━━━━━━━━━━━━━━━━━━━━━━━━━━━━━━━ 65.8/65.8 kB 18.1 MB/s eta 0:00:00
2023-11-09T15:14:09.5837520Z Installing collected packages: wheel, pip
2023-11-09T15:14:09.6239712Z   Attempting uninstall: pip
2023-11-09T15:14:09.6245922Z     Found existing installation: pip 23.0.1
2023-11-09T15:14:09.6839070Z     Uninstalling pip-23.0.1:
2023-11-09T15:14:09.7302825Z       Successfully uninstalled pip-23.0.1
2023-11-09T15:14:10.6449896Z Successfully installed pip-23.3.1 wheel-0.41.3
2023-11-09T15:14:11.4133472Z Collecting tox
2023-11-09T15:14:11.4590516Z   Downloading tox-4.11.3-py3-none-any.whl.metadata (5.0 kB)
2023-11-09T15:14:11.5136054Z Collecting cachetools>=5.3.1 (from tox)
2023-11-09T15:14:11.5177801Z   Downloading cachetools-5.3.2-py3-none-any.whl.metadata (5.2 kB)
2023-11-09T15:14:11.5396017Z Collecting chardet>=5.2 (from tox)
2023-11-09T15:14:11.5431263Z   Downloading chardet-5.2.0-py3-none-any.whl.metadata (3.4 kB)
2023-11-09T15:14:11.5693536Z Collecting colorama>=0.4.6 (from tox)
2023-11-09T15:14:11.5728539Z   Downloading colorama-0.4.6-py2.py3-none-any.whl (25 kB)
2023-11-09T15:14:11.6115158Z Collecting filelock>=3.12.3 (from tox)
2023-11-09T15:14:11.6160447Z   Downloading filelock-3.13.1-py3-none-any.whl.metadata (2.8 kB)
2023-11-09T15:14:11.6594934Z Collecting packaging>=23.1 (from tox)
2023-11-09T15:14:11.6637341Z   Downloading packaging-23.2-py3-none-any.whl.metadata (3.2 kB)
2023-11-09T15:14:11.6909072Z Collecting platformdirs>=3.10 (from tox)
2023-11-09T15:14:11.6946803Z   Downloading platformdirs-3.11.0-py3-none-any.whl.metadata (11 kB)
2023-11-09T15:14:11.7230086Z Collecting pluggy>=1.3 (from tox)
2023-11-09T15:14:11.7267652Z   Downloading pluggy-1.3.0-py3-none-any.whl.metadata (4.3 kB)
2023-11-09T15:14:11.7534084Z Collecting pyproject-api>=1.6.1 (from tox)
2023-11-09T15:14:11.7570558Z   Downloading pyproject_api-1.6.1-py3-none-any.whl.metadata (2.8 kB)
2023-11-09T15:14:11.7855042Z Collecting tomli>=2.0.1 (from tox)
2023-11-09T15:14:11.7891456Z   Downloading tomli-2.0.1-py3-none-any.whl (12 kB)
2023-11-09T15:14:11.8872519Z Collecting virtualenv>=20.24.3 (from tox)
2023-11-09T15:14:11.8912276Z   Downloading virtualenv-20.24.6-py3-none-any.whl.metadata (4.5 kB)
2023-11-09T15:14:11.9750116Z Collecting distlib<1,>=0.3.7 (from virtualenv>=20.24.3->tox)
2023-11-09T15:14:11.9788879Z   Downloading distlib-0.3.7-py2.py3-none-any.whl.metadata (5.1 kB)
2023-11-09T15:14:11.9997615Z Downloading tox-4.11.3-py3-none-any.whl (153 kB)
2023-11-09T15:14:12.0076614Z    ━━━━━━━━━━━━━━━━━━━━━━━━━━━━━━━━━━━━━━━━ 153.8/153.8 kB 27.8 MB/s eta 0:00:00
2023-11-09T15:14:12.0112824Z Downloading cachetools-5.3.2-py3-none-any.whl (9.3 kB)
2023-11-09T15:14:12.0191664Z Downloading chardet-5.2.0-py3-none-any.whl (199 kB)
2023-11-09T15:14:12.0252878Z    ━━━━━━━━━━━━━━━━━━━━━━━━━━━━━━━━━━━━━━━━ 199.4/199.4 kB 48.7 MB/s eta 0:00:00
2023-11-09T15:14:12.0292973Z Downloading filelock-3.13.1-py3-none-any.whl (11 kB)
2023-11-09T15:14:12.0351300Z Downloading packaging-23.2-py3-none-any.whl (53 kB)
2023-11-09T15:14:12.0397992Z    ━━━━━━━━━━━━━━━━━━━━━━━━━━━━━━━━━━━━━━━━ 53.0/53.0 kB 16.5 MB/s eta 0:00:00
2023-11-09T15:14:12.0436770Z Downloading platformdirs-3.11.0-py3-none-any.whl (17 kB)
2023-11-09T15:14:12.0501317Z Downloading pluggy-1.3.0-py3-none-any.whl (18 kB)
2023-11-09T15:14:12.0564519Z Downloading pyproject_api-1.6.1-py3-none-any.whl (12 kB)
2023-11-09T15:14:12.0624511Z Downloading virtualenv-20.24.6-py3-none-any.whl (3.8 MB)
2023-11-09T15:14:12.0996964Z    ━━━━━━━━━━━━━━━━━━━━━━━━━━━━━━━━━━━━━━━━ 3.8/3.8 MB 108.6 MB/s eta 0:00:00
2023-11-09T15:14:12.1035983Z Downloading distlib-0.3.7-py2.py3-none-any.whl (468 kB)
2023-11-09T15:14:12.1123932Z    ━━━━━━━━━━━━━━━━━━━━━━━━━━━━━━━━━━━━━━━━ 468.9/468.9 kB 71.5 MB/s eta 0:00:00
2023-11-09T15:14:12.2442430Z Installing collected packages: distlib, tomli, pluggy, platformdirs, packaging, filelock, colorama, chardet, cachetools, virtualenv, pyproject-api, tox
2023-11-09T15:14:12.7736922Z Successfully installed cachetools-5.3.2 chardet-5.2.0 colorama-0.4.6 distlib-0.3.7 filelock-3.13.1 packaging-23.2 platformdirs-3.11.0 pluggy-1.3.0 pyproject-api-1.6.1 tomli-2.0.1 tox-4.11.3 virtualenv-20.24.6
2023-11-09T15:14:12.8926340Z ##[group]Run tox -e lint
2023-11-09T15:14:12.8926803Z [36;1mtox -e lint[0m
2023-11-09T15:14:12.8971930Z shell: /usr/bin/bash -e {0}
2023-11-09T15:14:12.8972451Z env:
2023-11-09T15:14:12.8972864Z   pythonLocation: /opt/hostedtoolcache/Python/3.8.18/x64
2023-11-09T15:14:12.8973506Z   PKG_CONFIG_PATH: /opt/hostedtoolcache/Python/3.8.18/x64/lib/pkgconfig
2023-11-09T15:14:12.8974281Z   Python_ROOT_DIR: /opt/hostedtoolcache/Python/3.8.18/x64
2023-11-09T15:14:12.8974852Z   Python2_ROOT_DIR: /opt/hostedtoolcache/Python/3.8.18/x64
2023-11-09T15:14:12.8975431Z   Python3_ROOT_DIR: /opt/hostedtoolcache/Python/3.8.18/x64
2023-11-09T15:14:12.8976036Z   LD_LIBRARY_PATH: /opt/hostedtoolcache/Python/3.8.18/x64/lib
2023-11-09T15:14:12.8976523Z ##[endgroup]
2023-11-09T15:14:13.4143135Z lint: install_deps> python -I -m pip install flake8 flake8-bugbear flake8-builtins flake8-unused-arguments
2023-11-09T15:14:15.0072649Z lint: freeze> python -m pip freeze --all
2023-11-09T15:14:15.3187035Z lint: attrs==23.1.0,flake8==6.1.0,flake8-bugbear==23.9.16,flake8-builtins==2.2.0,flake8-unused-arguments==0.0.13,mccabe==0.7.0,pip==23.3.1,pycodestyle==2.11.1,pyflakes==3.1.0,setuptools==68.2.2,wheel==0.41.2
2023-11-09T15:14:15.3193103Z lint: commands[0]> flake8 --config=tox.ini src test
2023-11-09T15:14:15.9085653Z   lint: OK (2.81=setup[2.22]+cmd[0.59] seconds)
2023-11-09T15:14:15.9086716Z   congratulations :) (2.87 seconds)
2023-11-09T15:14:15.9407025Z Post job cleanup.
2023-11-09T15:14:16.0837826Z Post job cleanup.
2023-11-09T15:14:16.1568293Z [command]/usr/bin/git version
2023-11-09T15:14:16.1608675Z git version 2.42.0
2023-11-09T15:14:16.1650103Z Temporarily overriding HOME='/home/runner/work/_temp/2364ccdb-a521-4d52-959b-cdb8a100d82a' before making global git config changes
2023-11-09T15:14:16.1651968Z Adding repository directory to the temporary git global config as a safe directory
2023-11-09T15:14:16.1655435Z [command]/usr/bin/git config --global --add safe.directory /home/runner/work/tinuous/tinuous
2023-11-09T15:14:16.1690453Z [command]/usr/bin/git config --local --name-only --get-regexp core\.sshCommand
2023-11-09T15:14:16.1722767Z [command]/usr/bin/git submodule foreach --recursive sh -c "git config --local --name-only --get-regexp 'core\.sshCommand' && git config --local --unset-all 'core.sshCommand' || :"
2023-11-09T15:14:16.1970176Z [command]/usr/bin/git config --local --name-only --get-regexp http\.https\:\/\/github\.com\/\.extraheader
2023-11-09T15:14:16.1992541Z http.https://github.com/.extraheader
2023-11-09T15:14:16.2004119Z [command]/usr/bin/git config --local --unset-all http.https://github.com/.extraheader
2023-11-09T15:14:16.2036508Z [command]/usr/bin/git submodule foreach --recursive sh -c "git config --local --name-only --get-regexp 'http\.https\:\/\/github\.com\/\.extraheader' && git config --local --unset-all 'http.https://github.com/.extraheader' || :"
2023-11-09T15:14:16.2544526Z Cleaning up orphan processes
