2023-11-09T15:14:01.4432354Z Requested labels: ubuntu-latest
2023-11-09T15:14:01.4432767Z Job defined at: con/tinuous/.github/workflows/test.yml@refs/pull/180/merge
2023-11-09T15:14:01.4432878Z Waiting for a runner to pick up this job...
2023-11-09T15:14:01.9293863Z Job is waiting for a hosted runner to come online.
2023-11-09T15:14:04.6143584Z Job is about to start running on the hosted runner: GitHub Actions 11 (hosted)
2023-11-09T15:14:07.3767701Z Current runner version: '2.311.0'
2023-11-09T15:14:07.3799378Z ##[group]Operating System
2023-11-09T15:14:07.3800442Z Ubuntu
2023-11-09T15:14:07.3800842Z 22.04.3
2023-11-09T15:14:07.3801297Z LTS
2023-11-09T15:14:07.3801818Z ##[endgroup]
2023-11-09T15:14:07.3802274Z ##[group]Runner Image
2023-11-09T15:14:07.3802849Z Image: ubuntu-22.04
2023-11-09T15:14:07.3803448Z Version: 20231030.2.0
2023-11-09T15:14:07.3804679Z Included Software: https://github.com/actions/runner-images/blob/ubuntu22/20231030.2/images/linux/Ubuntu2204-Readme.md
2023-11-09T15:14:07.3806568Z Image Release: https://github.com/actions/runner-images/releases/tag/ubuntu22%2F20231030.2
2023-11-09T15:14:07.3807752Z ##[endgroup]
2023-11-09T15:14:07.3808286Z ##[group]Runner Image Provisioner
2023-11-09T15:14:07.3808877Z 2.0.312.1
2023-11-09T15:14:07.3809394Z ##[endgroup]
2023-11-09T15:14:07.3812163Z ##[group]GITHUB_TOKEN Permissions
2023-11-09T15:14:07.3814438Z Actions: write
2023-11-09T15:14:07.3815004Z Checks: write
2023-11-09T15:14:07.3815857Z Contents: write
2023-11-09T15:14:07.3816479Z Deployments: write
2023-11-09T15:14:07.3817030Z Discussions: write
2023-11-09T15:14:07.3817627Z Issues: write
2023-11-09T15:14:07.3818118Z Metadata: read
2023-11-09T15:14:07.3818578Z Packages: write
2023-11-09T15:14:07.3819164Z Pages: write
2023-11-09T15:14:07.3819661Z PullRequests: write
2023-11-09T15:14:07.3820177Z RepositoryProjects: write
2023-11-09T15:14:07.3820852Z SecurityEvents: write
2023-11-09T15:14:07.3821400Z Statuses: write
2023-11-09T15:14:07.3821863Z ##[endgroup]
2023-11-09T15:14:07.3826191Z Secret source: Actions
2023-11-09T15:14:07.3826969Z Prepare workflow directory
2023-11-09T15:14:07.4612626Z Prepare all required actions
2023-11-09T15:14:07.4817912Z Getting action download info
2023-11-09T15:14:07.7187798Z Download action repository 'actions/checkout@v4' (SHA:b4ffde65f46336ab88eb53be808477a3936bae11)
2023-11-09T15:14:07.8851108Z Download action repository 'actions/setup-python@v4' (SHA:65d7f2d534ac1bc67fcd62888c5f4f3d2cb2b236)
2023-11-09T15:14:07.9576804Z Download action repository 'codecov/codecov-action@v3' (SHA:eaaf4bedf32dbdc6b720b63067d99c4d77d6047d)
2023-11-09T15:14:08.6842639Z Complete job name: test (3.8, typing)
2023-11-09T15:14:08.7964838Z ##[group]Run actions/checkout@v4
2023-11-09T15:14:08.7965473Z with:
2023-11-09T15:14:08.7965841Z   fetch-depth: 0
2023-11-09T15:14:08.7966256Z   repository: con/tinuous
2023-11-09T15:14:08.7967074Z   token: ***
2023-11-09T15:14:08.7967478Z   ssh-strict: true
2023-11-09T15:14:08.7967919Z   persist-credentials: true
2023-11-09T15:14:08.7968394Z   clean: true
2023-11-09T15:14:08.7968825Z   sparse-checkout-cone-mode: true
2023-11-09T15:14:08.7969377Z   fetch-tags: false
2023-11-09T15:14:08.7969792Z   show-progress: true
2023-11-09T15:14:08.7970218Z   lfs: false
2023-11-09T15:14:08.7970593Z   submodules: false
2023-11-09T15:14:08.7971017Z   set-safe-directory: true
2023-11-09T15:14:08.7971493Z ##[endgroup]
2023-11-09T15:14:09.0899481Z Syncing repository: con/tinuous
2023-11-09T15:14:09.0902068Z ##[group]Getting Git version info
2023-11-09T15:14:09.0903305Z Working directory is '/home/runner/work/tinuous/tinuous'
2023-11-09T15:14:09.0904570Z [command]/usr/bin/git version
2023-11-09T15:14:09.1062099Z git version 2.42.0
2023-11-09T15:14:09.1103438Z ##[endgroup]
2023-11-09T15:14:09.1144808Z Temporarily overriding HOME='/home/runner/work/_temp/8c82b561-9893-4e8a-a57a-9802554dafa6' before making global git config changes
2023-11-09T15:14:09.1161968Z Adding repository directory to the temporary git global config as a safe directory
2023-11-09T15:14:09.1163800Z [command]/usr/bin/git config --global --add safe.directory /home/runner/work/tinuous/tinuous
2023-11-09T15:14:09.1235690Z Deleting the contents of '/home/runner/work/tinuous/tinuous'
2023-11-09T15:14:09.1256220Z ##[group]Initializing the repository
2023-11-09T15:14:09.1257443Z [command]/usr/bin/git init /home/runner/work/tinuous/tinuous
2023-11-09T15:14:09.1340317Z hint: Using 'master' as the name for the initial branch. This default branch name
2023-11-09T15:14:09.1346832Z hint: is subject to change. To configure the initial branch name to use in all
2023-11-09T15:14:09.1352190Z hint: of your new repositories, which will suppress this warning, call:
2023-11-09T15:14:09.1355974Z hint: 
2023-11-09T15:14:09.1359569Z hint: 	git config --global init.defaultBranch <name>
2023-11-09T15:14:09.1362933Z hint: 
2023-11-09T15:14:09.1366353Z hint: Names commonly chosen instead of 'master' are 'main', 'trunk' and
2023-11-09T15:14:09.1370334Z hint: 'development'. The just-created branch can be renamed via this command:
2023-11-09T15:14:09.1374755Z hint: 
2023-11-09T15:14:09.1378025Z hint: 	git branch -m <name>
2023-11-09T15:14:09.1418041Z Initialized empty Git repository in /home/runner/work/tinuous/tinuous/.git/
2023-11-09T15:14:09.1434098Z [command]/usr/bin/git remote add origin https://github.com/con/tinuous
2023-11-09T15:14:09.1481476Z ##[endgroup]
2023-11-09T15:14:09.1482665Z ##[group]Disabling automatic garbage collection
2023-11-09T15:14:09.1484249Z [command]/usr/bin/git config --local gc.auto 0
2023-11-09T15:14:09.1518763Z ##[endgroup]
2023-11-09T15:14:09.1519788Z ##[group]Setting up auth
2023-11-09T15:14:09.1524944Z [command]/usr/bin/git config --local --name-only --get-regexp core\.sshCommand
2023-11-09T15:14:09.1559049Z [command]/usr/bin/git submodule foreach --recursive sh -c "git config --local --name-only --get-regexp 'core\.sshCommand' && git config --local --unset-all 'core.sshCommand' || :"
2023-11-09T15:14:09.1974184Z [command]/usr/bin/git config --local --name-only --get-regexp http\.https\:\/\/github\.com\/\.extraheader
2023-11-09T15:14:09.2008499Z [command]/usr/bin/git submodule foreach --recursive sh -c "git config --local --name-only --get-regexp 'http\.https\:\/\/github\.com\/\.extraheader' && git config --local --unset-all 'http.https://github.com/.extraheader' || :"
2023-11-09T15:14:09.2276765Z [command]/usr/bin/git config --local http.https://github.com/.extraheader AUTHORIZATION: basic ***
2023-11-09T15:14:09.2329266Z ##[endgroup]
2023-11-09T15:14:09.2330528Z ##[group]Fetching the repository
2023-11-09T15:14:09.2334621Z [command]/usr/bin/git -c protocol.version=2 fetch --prune --no-recurse-submodules origin +refs/heads/*:refs/remotes/origin/* +refs/tags/*:refs/tags/* +8d4e085777eac956a3bf1691d95285b33459c57d:refs/remotes/pull/180/merge
2023-11-09T15:14:09.8547652Z From https://github.com/con/tinuous
2023-11-09T15:14:09.8658854Z  * [new branch]      fix-typing                               -> origin/fix-typing
2023-11-09T15:14:09.8660177Z  * [new branch]      gh-55                                    -> origin/gh-55
2023-11-09T15:14:09.8661185Z  * [new branch]      master                                   -> origin/master
2023-11-09T15:14:09.8662184Z  * [new branch]      mypy-import                              -> origin/mypy-import
2023-11-09T15:14:09.8663406Z  * [new branch]      no-extra-search                          -> origin/no-extra-search
2023-11-09T15:14:09.8664503Z  * [new branch]      pragmata                                 -> origin/pragmata
2023-11-09T15:14:09.8665491Z  * [new branch]      py312                                    -> origin/py312
2023-11-09T15:14:09.8666581Z  * [new branch]      pypy                                     -> origin/pypy
2023-11-09T15:14:09.8667626Z  * [new branch]      test-appveyor                            -> origin/test-appveyor
2023-11-09T15:14:09.8668869Z  * [new branch]      unused                                   -> origin/unused
2023-11-09T15:14:09.8670279Z  * [new branch]      updates                                  -> origin/updates
2023-11-09T15:14:09.8671245Z  * [new tag]         0.1.0                                    -> 0.1.0
2023-11-09T15:14:09.8672159Z  * [new tag]         0.2.0                                    -> 0.2.0
2023-11-09T15:14:09.8673071Z  * [new tag]         0.3.0                                    -> 0.3.0
2023-11-09T15:14:09.8673964Z  * [new tag]         0.4.0                                    -> 0.4.0
2023-11-09T15:14:09.8674860Z  * [new tag]         0.5.0                                    -> 0.5.0
2023-11-09T15:14:09.8676148Z  * [new tag]         0.5.1                                    -> 0.5.1
2023-11-09T15:14:09.8677068Z  * [new tag]         0.5.2                                    -> 0.5.2
2023-11-09T15:14:09.8677949Z  * [new tag]         0.5.3                                    -> 0.5.3
2023-11-09T15:14:09.8678848Z  * [new tag]         0.5.4                                    -> 0.5.4
2023-11-09T15:14:09.8679739Z  * [new tag]         0.6.0                                    -> 0.6.0
2023-11-09T15:14:09.8680841Z  * [new tag]         0.6.1                                    -> 0.6.1
2023-11-09T15:14:09.8681899Z  * [new ref]         8d4e085777eac956a3bf1691d95285b33459c57d -> pull/180/merge
2023-11-09T15:14:09.8684136Z ##[endgroup]
2023-11-09T15:14:09.8684987Z ##[group]Determining the checkout info
2023-11-09T15:14:09.8685843Z ##[endgroup]
2023-11-09T15:14:09.8686629Z ##[group]Checking out the ref
2023-11-09T15:14:09.8687514Z [command]/usr/bin/git checkout --progress --force refs/remotes/pull/180/merge
2023-11-09T15:14:09.8688600Z Note: switching to 'refs/remotes/pull/180/merge'.
2023-11-09T15:14:09.8689044Z 
2023-11-09T15:14:09.8689614Z You are in 'detached HEAD' state. You can look around, make experimental
2023-11-09T15:14:09.8690621Z changes and commit them, and you can discard any commits you make in this
2023-11-09T15:14:09.8691660Z state without impacting any branches by switching back to a branch.
2023-11-09T15:14:09.8692230Z 
2023-11-09T15:14:09.8692759Z If you want to create a new branch to retain commits you create, you may
2023-11-09T15:14:09.8693860Z do so (now or later) by using -c with the switch command. Example:
2023-11-09T15:14:09.8694406Z 
2023-11-09T15:14:09.8694658Z   git switch -c <new-branch-name>
2023-11-09T15:14:09.8695067Z 
2023-11-09T15:14:09.8695314Z Or undo this operation with:
2023-11-09T15:14:09.8695697Z 
2023-11-09T15:14:09.8695957Z   git switch -
2023-11-09T15:14:09.8696193Z 
2023-11-09T15:14:09.8696628Z Turn off this advice by setting config variable advice.detachedHead to false
2023-11-09T15:14:09.8697405Z 
2023-11-09T15:14:09.8698369Z HEAD is now at 8d4e085 Merge 29624962537c1db46bdd501e370325b0ea608f59 into e0ad333d939ebc7bdd0131684b3bb9606b6c2435
2023-11-09T15:14:09.8700458Z ##[endgroup]
2023-11-09T15:14:09.8747727Z [command]/usr/bin/git log -1 --format='%H'
2023-11-09T15:14:09.8777377Z '8d4e085777eac956a3bf1691d95285b33459c57d'
2023-11-09T15:14:09.9475217Z ##[group]Run actions/setup-python@v4
2023-11-09T15:14:09.9475712Z with:
2023-11-09T15:14:09.9476009Z   python-version: 3.8
2023-11-09T15:14:09.9476391Z   check-latest: false
2023-11-09T15:14:09.9477101Z   token: ***
2023-11-09T15:14:09.9477428Z   update-environment: true
2023-11-09T15:14:09.9477855Z   allow-prereleases: false
2023-11-09T15:14:09.9478249Z ##[endgroup]
2023-11-09T15:14:10.2554933Z ##[group]Installed versions
2023-11-09T15:14:10.2642936Z Successfully set up CPython (3.8.18)
2023-11-09T15:14:10.2644273Z ##[endgroup]
2023-11-09T15:14:10.2793352Z ##[group]Run python -m pip install --upgrade pip wheel
2023-11-09T15:14:10.2794180Z [36;1mpython -m pip install --upgrade pip wheel[0m
2023-11-09T15:14:10.2794938Z [36;1mpython -m pip install --upgrade --upgrade-strategy=eager tox[0m
2023-11-09T15:14:10.2856723Z shell: /usr/bin/bash -e {0}
2023-11-09T15:14:10.2857167Z env:
2023-11-09T15:14:10.2857618Z   pythonLocation: /opt/hostedtoolcache/Python/3.8.18/x64
2023-11-09T15:14:10.2858407Z   PKG_CONFIG_PATH: /opt/hostedtoolcache/Python/3.8.18/x64/lib/pkgconfig
2023-11-09T15:14:10.2859193Z   Python_ROOT_DIR: /opt/hostedtoolcache/Python/3.8.18/x64
2023-11-09T15:14:10.2859900Z   Python2_ROOT_DIR: /opt/hostedtoolcache/Python/3.8.18/x64
2023-11-09T15:14:10.2860584Z   Python3_ROOT_DIR: /opt/hostedtoolcache/Python/3.8.18/x64
2023-11-09T15:14:10.2861290Z   LD_LIBRARY_PATH: /opt/hostedtoolcache/Python/3.8.18/x64/lib
2023-11-09T15:14:10.2861878Z ##[endgroup]
2023-11-09T15:14:13.4955434Z Requirement already satisfied: pip in /opt/hostedtoolcache/Python/3.8.18/x64/lib/python3.8/site-packages (23.0.1)
2023-11-09T15:14:13.7285872Z Collecting pip
2023-11-09T15:14:13.8485502Z   Downloading pip-23.3.1-py3-none-any.whl.metadata (3.5 kB)
2023-11-09T15:14:13.9172253Z Collecting wheel
2023-11-09T15:14:13.9351175Z   Downloading wheel-0.41.3-py3-none-any.whl.metadata (2.2 kB)
2023-11-09T15:14:13.9617634Z Downloading pip-23.3.1-py3-none-any.whl (2.1 MB)
2023-11-09T15:14:14.0587952Z    ━━━━━━━━━━━━━━━━━━━━━━━━━━━━━━━━━━━━━━━━ 2.1/2.1 MB 23.3 MB/s eta 0:00:00
2023-11-09T15:14:14.0760535Z Downloading wheel-0.41.3-py3-none-any.whl (65 kB)
2023-11-09T15:14:14.0837542Z    ━━━━━━━━━━━━━━━━━━━━━━━━━━━━━━━━━━━━━━━━ 65.8/65.8 kB 13.0 MB/s eta 0:00:00
2023-11-09T15:14:14.1484626Z Installing collected packages: wheel, pip
2023-11-09T15:14:14.2018720Z   Attempting uninstall: pip
2023-11-09T15:14:14.2026910Z     Found existing installation: pip 23.0.1
2023-11-09T15:14:14.2676425Z     Uninstalling pip-23.0.1:
2023-11-09T15:14:14.3195175Z       Successfully uninstalled pip-23.0.1
2023-11-09T15:14:15.5999841Z Successfully installed pip-23.3.1 wheel-0.41.3
2023-11-09T15:14:16.7534425Z Collecting tox
2023-11-09T15:14:16.8866465Z   Downloading tox-4.11.3-py3-none-any.whl.metadata (5.0 kB)
2023-11-09T15:14:16.9718594Z Collecting cachetools>=5.3.1 (from tox)
2023-11-09T15:14:16.9897930Z   Downloading cachetools-5.3.2-py3-none-any.whl.metadata (5.2 kB)
2023-11-09T15:14:17.0272685Z Collecting chardet>=5.2 (from tox)
2023-11-09T15:14:17.0451660Z   Downloading chardet-5.2.0-py3-none-any.whl.metadata (3.4 kB)
2023-11-09T15:14:17.0920891Z Collecting colorama>=0.4.6 (from tox)
2023-11-09T15:14:17.1094948Z   Downloading colorama-0.4.6-py2.py3-none-any.whl (25 kB)
2023-11-09T15:14:17.1858895Z Collecting filelock>=3.12.3 (from tox)
2023-11-09T15:14:17.2039160Z   Downloading filelock-3.13.1-py3-none-any.whl.metadata (2.8 kB)
2023-11-09T15:14:17.2566921Z Collecting packaging>=23.1 (from tox)
2023-11-09T15:14:17.2740797Z   Downloading packaging-23.2-py3-none-any.whl.metadata (3.2 kB)
2023-11-09T15:14:17.3245052Z Collecting platformdirs>=3.10 (from tox)
2023-11-09T15:14:17.3425314Z   Downloading platformdirs-3.11.0-py3-none-any.whl.metadata (11 kB)
2023-11-09T15:14:17.3876722Z Collecting pluggy>=1.3 (from tox)
2023-11-09T15:14:17.4070462Z   Downloading pluggy-1.3.0-py3-none-any.whl.metadata (4.3 kB)
2023-11-09T15:14:17.4499408Z Collecting pyproject-api>=1.6.1 (from tox)
2023-11-09T15:14:17.4673758Z   Downloading pyproject_api-1.6.1-py3-none-any.whl.metadata (2.8 kB)
2023-11-09T15:14:17.5098132Z Collecting tomli>=2.0.1 (from tox)
2023-11-09T15:14:17.5278876Z   Downloading tomli-2.0.1-py3-none-any.whl (12 kB)
2023-11-09T15:14:17.6633800Z Collecting virtualenv>=20.24.3 (from tox)
2023-11-09T15:14:17.6809362Z   Downloading virtualenv-20.24.6-py3-none-any.whl.metadata (4.5 kB)
2023-11-09T15:14:17.7993602Z Collecting distlib<1,>=0.3.7 (from virtualenv>=20.24.3->tox)
2023-11-09T15:14:17.8168013Z   Downloading distlib-0.3.7-py2.py3-none-any.whl.metadata (5.1 kB)
2023-11-09T15:14:17.8700166Z Downloading tox-4.11.3-py3-none-any.whl (153 kB)
2023-11-09T15:14:17.8952468Z    ━━━━━━━━━━━━━━━━━━━━━━━━━━━━━━━━━━━━━━━━ 153.8/153.8 kB 6.7 MB/s eta 0:00:00
2023-11-09T15:14:17.9144123Z Downloading cachetools-5.3.2-py3-none-any.whl (9.3 kB)
2023-11-09T15:14:17.9412861Z Downloading chardet-5.2.0-py3-none-any.whl (199 kB)
2023-11-09T15:14:17.9503165Z    ━━━━━━━━━━━━━━━━━━━━━━━━━━━━━━━━━━━━━━━━ 199.4/199.4 kB 32.7 MB/s eta 0:00:00
2023-11-09T15:14:17.9680485Z Downloading filelock-3.13.1-py3-none-any.whl (11 kB)
2023-11-09T15:14:17.9890879Z Downloading packaging-23.2-py3-none-any.whl (53 kB)
2023-11-09T15:14:17.9969248Z    ━━━━━━━━━━━━━━━━━━━━━━━━━━━━━━━━━━━━━━━━ 53.0/53.0 kB 10.3 MB/s eta 0:00:00
2023-11-09T15:14:18.0149843Z Downloading platformdirs-3.11.0-py3-none-any.whl (17 kB)
2023-11-09T15:14:18.0373118Z Downloading pluggy-1.3.0-py3-none-any.whl (18 kB)
2023-11-09T15:14:18.0595474Z Downloading pyproject_api-1.6.1-py3-none-any.whl (12 kB)
2023-11-09T15:14:18.0805885Z Downloading virtualenv-20.24.6-py3-none-any.whl (3.8 MB)
2023-11-09T15:14:18.1410680Z    ━━━━━━━━━━━━━━━━━━━━━━━━━━━━━━━━━━━━━━━━ 3.8/3.8 MB 66.0 MB/s eta 0:00:00
2023-11-09T15:14:18.1590758Z Downloading distlib-0.3.7-py2.py3-none-any.whl (468 kB)
2023-11-09T15:14:18.1695524Z    ━━━━━━━━━━━━━━━━━━━━━━━━━━━━━━━━━━━━━━━━ 468.9/468.9 kB 64.2 MB/s eta 0:00:00
2023-11-09T15:14:18.3625500Z Installing collected packages: distlib, tomli, pluggy, platformdirs, packaging, filelock, colorama, chardet, cachetools, virtualenv, pyproject-api, tox
2023-11-09T15:14:19.0932100Z Successfully installed cachetools-5.3.2 chardet-5.2.0 colorama-0.4.6 distlib-0.3.7 filelock-3.13.1 packaging-23.2 platformdirs-3.11.0 pluggy-1.3.0 pyproject-api-1.6.1 tomli-2.0.1 tox-4.11.3 virtualenv-20.24.6
2023-11-09T15:14:19.3001712Z ##[group]Run tox -e typing
2023-11-09T15:14:19.3002160Z [36;1mtox -e typing[0m
2023-11-09T15:14:19.3041574Z shell: /usr/bin/bash -e {0}
2023-11-09T15:14:19.3041992Z env:
2023-11-09T15:14:19.3042435Z   pythonLocation: /opt/hostedtoolcache/Python/3.8.18/x64
2023-11-09T15:14:19.3043243Z   PKG_CONFIG_PATH: /opt/hostedtoolcache/Python/3.8.18/x64/lib/pkgconfig
2023-11-09T15:14:19.3044056Z   Python_ROOT_DIR: /opt/hostedtoolcache/Python/3.8.18/x64
2023-11-09T15:14:19.3044752Z   Python2_ROOT_DIR: /opt/hostedtoolcache/Python/3.8.18/x64
2023-11-09T15:14:19.3045455Z   Python3_ROOT_DIR: /opt/hostedtoolcache/Python/3.8.18/x64
2023-11-09T15:14:19.3046154Z   LD_LIBRARY_PATH: /opt/hostedtoolcache/Python/3.8.18/x64/lib
2023-11-09T15:14:19.3046742Z ##[endgroup]
2023-11-09T15:14:20.0886321Z typing: install_deps> python -I -m pip install mypy pytest pytest-cov pytest-mock types-python-dateutil types-PyYAML types-requests
2023-11-09T15:14:26.1684938Z .pkg: install_requires> python -I -m pip install 'setuptools>=46.4.0' versioningit
2023-11-09T15:14:28.5569139Z .pkg: _optional_hooks> python /opt/hostedtoolcache/Python/3.8.18/x64/lib/python3.8/site-packages/pyproject_api/_backend.py True setuptools.build_meta
2023-11-09T15:14:28.8779952Z .pkg: get_requires_for_build_sdist> python /opt/hostedtoolcache/Python/3.8.18/x64/lib/python3.8/site-packages/pyproject_api/_backend.py True setuptools.build_meta
2023-11-09T15:14:29.0146034Z .pkg: get_requires_for_build_wheel> python /opt/hostedtoolcache/Python/3.8.18/x64/lib/python3.8/site-packages/pyproject_api/_backend.py True setuptools.build_meta
2023-11-09T15:14:29.0915874Z .pkg: install_requires_for_build_wheel> python -I -m pip install wheel
2023-11-09T15:14:29.8208235Z .pkg: freeze> python -m pip freeze --all
2023-11-09T15:14:30.2525031Z .pkg: importlib-metadata==6.8.0,packaging==23.2,pip==23.3.1,setuptools==68.2.2,tomli==2.0.1,versioningit==2.2.1,wheel==0.41.2,zipp==3.17.0
2023-11-09T15:14:30.2531647Z .pkg: prepare_metadata_for_build_wheel> python /opt/hostedtoolcache/Python/3.8.18/x64/lib/python3.8/site-packages/pyproject_api/_backend.py True setuptools.build_meta
2023-11-09T15:14:30.4228342Z .pkg: build_sdist> python /opt/hostedtoolcache/Python/3.8.18/x64/lib/python3.8/site-packages/pyproject_api/_backend.py True setuptools.build_meta
2023-11-09T15:14:30.5227866Z typing: install_package_deps> python -I -m pip install 'PyYAML>=5.0' 'click-loglevel~=0.2' 'click>=7.0' 'in-place~=0.4' 'pydantic~=1.7' 'python-dateutil~=2.7' 'python-dotenv<2.0,>=0.11' 'requests~=2.20'
2023-11-09T15:14:33.9120831Z typing: install_package> python -I -m pip install --force-reinstall --no-deps /home/runner/work/tinuous/tinuous/.tox/.tmp/package/1/tinuous-0.6.1.post42+g8d4e085.tar.gz
2023-11-09T15:14:39.0649212Z typing: freeze> python -m pip freeze --all
2023-11-09T15:14:39.5301448Z typing: certifi==2023.7.22,charset-normalizer==3.3.2,click==8.1.7,click-loglevel==0.5.0,coverage==7.3.2,exceptiongroup==1.1.3,idna==3.4,in-place==0.5.0,iniconfig==2.0.0,mypy==1.6.1,mypy-extensions==1.0.0,packaging==23.2,pip==23.3.1,pluggy==1.3.0,pydantic==1.10.13,pytest==7.4.3,pytest-cov==4.1.0,pytest-mock==3.12.0,python-dateutil==2.8.2,python-dotenv==1.0.0,PyYAML==6.0.1,requests==2.31.0,setuptools==68.2.2,six==1.16.0,tinuous @ file:///home/runner/work/tinuous/tinuous/.tox/.tmp/package/1/tinuous-0.6.1.post42%2Bg8d4e085.tar.gz#sha256=7717c26ae48ae93592bff282c4a87324129f84c7d9e3315a157b3108bcdd7bab,tomli==2.0.1,types-python-dateutil==2.8.19.14,types-PyYAML==6.0.12.12,types-requests==2.31.0.10,typing_extensions==4.8.0,urllib3==2.0.7,wheel==0.41.2
2023-11-09T15:14:39.5307762Z typing: commands[0]> mypy src test
2023-11-09T15:14:46.0331830Z src/tinuous/travis.py:71: error: Item "None" of "Optional[Response]" has no
2023-11-09T15:14:46.0333518Z attribute "status_code"  [union-attr]
2023-11-09T15:14:46.0334481Z                 if e.response.status_code == 404:
2023-11-09T15:14:46.0385074Z                    ^~~~~~~~~~~~~~~~~~~~~~
2023-11-09T15:14:46.0768079Z src/tinuous/github.py:330: error: Item "None" of "Optional[Response]" has no
2023-11-09T15:14:46.0769714Z attribute "status_code"  [union-attr]
2023-11-09T15:14:46.0770553Z                 if e.response.status_code in (404, 410):
2023-11-09T15:14:46.0771312Z                    ^~~~~~~~~~~~~~~~~~~~~~
2023-11-09T15:14:46.0772501Z src/tinuous/github.py:334: error: Item "None" of "Optional[Response]" has no
2023-11-09T15:14:46.0773472Z attribute "status_code"  [union-attr]
2023-11-09T15:14:46.0836660Z     ...       "Request for logs returned %d; skipping", e.response.status_cod...
2023-11-09T15:14:46.0837473Z                                                         ^~~~~~~~~~~~~~~~~~~~~~
2023-11-09T15:14:46.8908468Z Found 3 errors in 2 files (checked 15 source files)
2023-11-09T15:14:46.9032039Z typing: exit 1 (7.37 seconds) /home/runner/work/tinuous/tinuous> mypy src test pid=1943
2023-11-09T15:14:46.9042895Z .pkg: _exit> python /opt/hostedtoolcache/Python/3.8.18/x64/lib/python3.8/site-packages/pyproject_api/_backend.py True setuptools.build_meta
2023-11-09T15:14:46.9493865Z   typing: FAIL code 1 (27.20=setup[19.83]+cmd[7.37] seconds)
2023-11-09T15:14:46.9494649Z   evaluation failed :( (27.38 seconds)
2023-11-09T15:14:47.0002994Z ##[error]Process completed with exit code 1.
2023-11-09T15:14:47.0123231Z Post job cleanup.
2023-11-09T15:14:47.1146085Z [command]/usr/bin/git version
2023-11-09T15:14:47.1203173Z git version 2.42.0
2023-11-09T15:14:47.1257429Z Temporarily overriding HOME='/home/runner/work/_temp/a152975d-eafd-4d15-8932-51398d47aa07' before making global git config changes
2023-11-09T15:14:47.1259126Z Adding repository directory to the temporary git global config as a safe directory
2023-11-09T15:14:47.1264260Z [command]/usr/bin/git config --global --add safe.directory /home/runner/work/tinuous/tinuous
2023-11-09T15:14:47.1316963Z [command]/usr/bin/git config --local --name-only --get-regexp core\.sshCommand
2023-11-09T15:14:47.1355886Z [command]/usr/bin/git submodule foreach --recursive sh -c "git config --local --name-only --get-regexp 'core\.sshCommand' && git config --local --unset-all 'core.sshCommand' || :"
2023-11-09T15:14:47.1641887Z [command]/usr/bin/git config --local --name-only --get-regexp http\.https\:\/\/github\.com\/\.extraheader
2023-11-09T15:14:47.1667104Z http.https://github.com/.extraheader
2023-11-09T15:14:47.1684148Z [command]/usr/bin/git config --local --unset-all http.https://github.com/.extraheader
2023-11-09T15:14:47.1719164Z [command]/usr/bin/git submodule foreach --recursive sh -c "git config --local --name-only --get-regexp 'http\.https\:\/\/github\.com\/\.extraheader' && git config --local --unset-all 'http.https://github.com/.extraheader' || :"
2023-11-09T15:14:47.2532292Z Cleaning up orphan processes
