2022-10-26T14:19:58.4534243Z Requested labels: ubuntu-latest
2022-10-26T14:19:58.4534278Z Job defined at: con/tinuous/.github/workflows/test.yml@refs/pull/156/merge
2022-10-26T14:19:58.4534298Z Waiting for a runner to pick up this job...
2022-10-26T14:19:59.6007385Z Job is waiting for a hosted runner to come online.
2022-10-26T14:20:03.1830819Z Job is about to start running on the hosted runner: GitHub Actions 10 (hosted)
2022-10-26T14:20:05.9159960Z Current runner version: '2.298.2'
2022-10-26T14:20:05.9192103Z ##[group]Operating System
2022-10-26T14:20:05.9192841Z Ubuntu
2022-10-26T14:20:05.9193175Z 20.04.5
2022-10-26T14:20:05.9193549Z LTS
2022-10-26T14:20:05.9193906Z ##[endgroup]
2022-10-26T14:20:05.9194268Z ##[group]Runner Image
2022-10-26T14:20:05.9194677Z Image: ubuntu-20.04
2022-10-26T14:20:05.9194987Z Version: 20221018.2
2022-10-26T14:20:05.9195625Z Included Software: https://github.com/actions/runner-images/blob/ubuntu20/20221018.2/images/linux/Ubuntu2004-Readme.md
2022-10-26T14:20:05.9196337Z Image Release: https://github.com/actions/runner-images/releases/tag/ubuntu20%2F20221018.2
2022-10-26T14:20:05.9196781Z ##[endgroup]
2022-10-26T14:20:05.9197193Z ##[group]Runner Image Provisioner
2022-10-26T14:20:05.9197622Z 2.0.91.1
2022-10-26T14:20:05.9197914Z ##[endgroup]
2022-10-26T14:20:05.9199080Z ##[group]GITHUB_TOKEN Permissions
2022-10-26T14:20:05.9199797Z Actions: write
2022-10-26T14:20:05.9200240Z Checks: write
2022-10-26T14:20:05.9200758Z Contents: write
2022-10-26T14:20:05.9201153Z Deployments: write
2022-10-26T14:20:05.9338396Z Discussions: write
2022-10-26T14:20:05.9338732Z Issues: write
2022-10-26T14:20:05.9338986Z Metadata: read
2022-10-26T14:20:05.9339254Z Packages: write
2022-10-26T14:20:05.9339507Z Pages: write
2022-10-26T14:20:05.9339766Z PullRequests: write
2022-10-26T14:20:05.9340068Z RepositoryProjects: write
2022-10-26T14:20:05.9340372Z SecurityEvents: write
2022-10-26T14:20:05.9340637Z Statuses: write
2022-10-26T14:20:05.9340928Z ##[endgroup]
2022-10-26T14:20:05.9346672Z Secret source: Actions
2022-10-26T14:20:05.9347142Z Prepare workflow directory
2022-10-26T14:20:06.0393693Z Prepare all required actions
2022-10-26T14:20:06.0625979Z Getting action download info
2022-10-26T14:20:06.3825664Z Download action repository 'actions/checkout@v3' (SHA:93ea575cb5d8a053eaa0ac8fa3b40d7e05a33cc8)
2022-10-26T14:20:07.1973157Z Download action repository 'actions/setup-python@v4' (SHA:13ae5bb136fac2878aff31522b9efb785519f984)
2022-10-26T14:20:07.7809818Z Download action repository 'codecov/codecov-action@v3' (SHA:d9f34f8cd5cb3b3eb79b3e4b5dae3a16df499a70)
2022-10-26T14:20:08.6590485Z ##[group]Run actions/checkout@v3
2022-10-26T14:20:08.6590857Z with:
2022-10-26T14:20:08.6591089Z   fetch-depth: 0
2022-10-26T14:20:08.6591320Z   repository: con/tinuous
2022-10-26T14:20:08.6591786Z   token: ***
2022-10-26T14:20:08.6592021Z   ssh-strict: true
2022-10-26T14:20:08.6592264Z   persist-credentials: true
2022-10-26T14:20:08.6592512Z   clean: true
2022-10-26T14:20:08.6592726Z   lfs: false
2022-10-26T14:20:08.6592933Z   submodules: false
2022-10-26T14:20:08.6593200Z   set-safe-directory: true
2022-10-26T14:20:08.6593469Z ##[endgroup]
2022-10-26T14:20:09.0776792Z Syncing repository: con/tinuous
2022-10-26T14:20:09.0779015Z ##[group]Getting Git version info
2022-10-26T14:20:09.0779705Z Working directory is '/home/runner/work/tinuous/tinuous'
2022-10-26T14:20:09.0780282Z [command]/usr/bin/git version
2022-10-26T14:20:09.0949446Z git version 2.38.1
2022-10-26T14:20:09.0989764Z ##[endgroup]
2022-10-26T14:20:09.1018917Z Temporarily overriding HOME='/home/runner/work/_temp/0956d069-84e1-4f6e-82b9-28ab6bc3ffa7' before making global git config changes
2022-10-26T14:20:09.1019471Z Adding repository directory to the temporary git global config as a safe directory
2022-10-26T14:20:09.1020050Z [command]/usr/bin/git config --global --add safe.directory /home/runner/work/tinuous/tinuous
2022-10-26T14:20:09.1072699Z Deleting the contents of '/home/runner/work/tinuous/tinuous'
2022-10-26T14:20:09.1080265Z ##[group]Initializing the repository
2022-10-26T14:20:09.1085153Z [command]/usr/bin/git init /home/runner/work/tinuous/tinuous
2022-10-26T14:20:09.1203959Z hint: Using 'master' as the name for the initial branch. This default branch name
2022-10-26T14:20:09.1205086Z hint: is subject to change. To configure the initial branch name to use in all
2022-10-26T14:20:09.1206015Z hint: of your new repositories, which will suppress this warning, call:
2022-10-26T14:20:09.1206438Z hint: 
2022-10-26T14:20:09.1207337Z hint: 	git config --global init.defaultBranch <name>
2022-10-26T14:20:09.1208094Z hint: 
2022-10-26T14:20:09.1208622Z hint: Names commonly chosen instead of 'master' are 'main', 'trunk' and
2022-10-26T14:20:09.1209153Z hint: 'development'. The just-created branch can be renamed via this command:
2022-10-26T14:20:09.1209453Z hint: 
2022-10-26T14:20:09.1209745Z hint: 	git branch -m <name>
2022-10-26T14:20:09.1222189Z Initialized empty Git repository in /home/runner/work/tinuous/tinuous/.git/
2022-10-26T14:20:09.1235579Z [command]/usr/bin/git remote add origin https://github.com/con/tinuous
2022-10-26T14:20:09.1327074Z ##[endgroup]
2022-10-26T14:20:09.1328343Z ##[group]Disabling automatic garbage collection
2022-10-26T14:20:09.1333365Z [command]/usr/bin/git config --local gc.auto 0
2022-10-26T14:20:09.1404390Z ##[endgroup]
2022-10-26T14:20:09.1404922Z ##[group]Setting up auth
2022-10-26T14:20:09.1405572Z [command]/usr/bin/git config --local --name-only --get-regexp core\.sshCommand
2022-10-26T14:20:09.1451486Z [command]/usr/bin/git submodule foreach --recursive git config --local --name-only --get-regexp 'core\.sshCommand' && git config --local --unset-all 'core.sshCommand' || :
2022-10-26T14:20:09.1948425Z [command]/usr/bin/git config --local --name-only --get-regexp http\.https\:\/\/github\.com\/\.extraheader
2022-10-26T14:20:09.1989485Z [command]/usr/bin/git submodule foreach --recursive git config --local --name-only --get-regexp 'http\.https\:\/\/github\.com\/\.extraheader' && git config --local --unset-all 'http.https://github.com/.extraheader' || :
2022-10-26T14:20:09.2266128Z [command]/usr/bin/git config --local http.https://github.com/.extraheader AUTHORIZATION: basic ***
2022-10-26T14:20:09.2315828Z ##[endgroup]
2022-10-26T14:20:09.2316926Z ##[group]Fetching the repository
2022-10-26T14:20:09.2330870Z [command]/usr/bin/git -c protocol.version=2 fetch --prune --progress --no-recurse-submodules origin +refs/heads/*:refs/remotes/origin/* +refs/tags/*:refs/tags/* +44eb5248c03560dece03fa0f2beb272047ce3b8a:refs/remotes/pull/156/merge
2022-10-26T14:20:09.8543305Z remote: Enumerating objects: 1030, done.        
2022-10-26T14:20:09.8556278Z remote: Counting objects:   0% (1/252)        
2022-10-26T14:20:09.8558176Z remote: Counting objects:   1% (3/252)        
2022-10-26T14:20:09.8558825Z remote: Counting objects:   2% (6/252)        
2022-10-26T14:20:09.8559254Z remote: Counting objects:   3% (8/252)        
2022-10-26T14:20:09.8559659Z remote: Counting objects:   4% (11/252)        
2022-10-26T14:20:09.8560067Z remote: Counting objects:   5% (13/252)        
2022-10-26T14:20:09.8560587Z remote: Counting objects:   6% (16/252)        
2022-10-26T14:20:09.8560991Z remote: Counting objects:   7% (18/252)        
2022-10-26T14:20:09.8561457Z remote: Counting objects:   8% (21/252)        
2022-10-26T14:20:09.8562680Z remote: Counting objects:   9% (23/252)        
2022-10-26T14:20:09.8563557Z remote: Counting objects:  10% (26/252)        
2022-10-26T14:20:09.8565796Z remote: Counting objects:  11% (28/252)        
2022-10-26T14:20:09.8567855Z remote: Counting objects:  12% (31/252)        
2022-10-26T14:20:09.8569766Z remote: Counting objects:  13% (33/252)        
2022-10-26T14:20:09.8571926Z remote: Counting objects:  14% (36/252)        
2022-10-26T14:20:09.8573097Z remote: Counting objects:  15% (38/252)        
2022-10-26T14:20:09.8573932Z remote: Counting objects:  16% (41/252)        
2022-10-26T14:20:09.8574237Z remote: Counting objects:  17% (43/252)        
2022-10-26T14:20:09.8576194Z remote: Counting objects:  18% (46/252)        
2022-10-26T14:20:09.8577004Z remote: Counting objects:  19% (48/252)        
2022-10-26T14:20:09.8577313Z remote: Counting objects:  20% (51/252)        
2022-10-26T14:20:09.8578808Z remote: Counting objects:  21% (53/252)        
2022-10-26T14:20:09.8580427Z remote: Counting objects:  22% (56/252)        
2022-10-26T14:20:09.8581194Z remote: Counting objects:  23% (58/252)        
2022-10-26T14:20:09.8581498Z remote: Counting objects:  24% (61/252)        
2022-10-26T14:20:09.8583047Z remote: Counting objects:  25% (63/252)        
2022-10-26T14:20:09.8583338Z remote: Counting objects:  26% (66/252)        
2022-10-26T14:20:09.8585355Z remote: Counting objects:  27% (69/252)        
2022-10-26T14:20:09.8586210Z remote: Counting objects:  28% (71/252)        
2022-10-26T14:20:09.8586511Z remote: Counting objects:  29% (74/252)        
2022-10-26T14:20:09.8587631Z remote: Counting objects:  30% (76/252)        
2022-10-26T14:20:09.8589165Z remote: Counting objects:  31% (79/252)        
2022-10-26T14:20:09.8589928Z remote: Counting objects:  32% (81/252)        
2022-10-26T14:20:09.8591017Z remote: Counting objects:  33% (84/252)        
2022-10-26T14:20:09.8593215Z remote: Counting objects:  34% (86/252)        
2022-10-26T14:20:09.8594065Z remote: Counting objects:  35% (89/252)        
2022-10-26T14:20:09.8594368Z remote: Counting objects:  36% (91/252)        
2022-10-26T14:20:09.8598289Z remote: Counting objects:  37% (94/252)        
2022-10-26T14:20:09.8598655Z remote: Counting objects:  38% (96/252)        
2022-10-26T14:20:09.8599578Z remote: Counting objects:  39% (99/252)        
2022-10-26T14:20:09.8600395Z remote: Counting objects:  40% (101/252)        
2022-10-26T14:20:09.8601749Z remote: Counting objects:  41% (104/252)        
2022-10-26T14:20:09.8602396Z remote: Counting objects:  42% (106/252)        
2022-10-26T14:20:09.8603264Z remote: Counting objects:  43% (109/252)        
2022-10-26T14:20:09.8603605Z remote: Counting objects:  44% (111/252)        
2022-10-26T14:20:09.8603899Z remote: Counting objects:  45% (114/252)        
2022-10-26T14:20:09.8604201Z remote: Counting objects:  46% (116/252)        
2022-10-26T14:20:09.8604507Z remote: Counting objects:  47% (119/252)        
2022-10-26T14:20:09.8604799Z remote: Counting objects:  48% (121/252)        
2022-10-26T14:20:09.8605101Z remote: Counting objects:  49% (124/252)        
2022-10-26T14:20:09.8605435Z remote: Counting objects:  50% (126/252)        
2022-10-26T14:20:09.8605735Z remote: Counting objects:  51% (129/252)        
2022-10-26T14:20:09.8606344Z remote: Counting objects:  52% (132/252)        
2022-10-26T14:20:09.8606697Z remote: Counting objects:  53% (134/252)        
2022-10-26T14:20:09.8606997Z remote: Counting objects:  54% (137/252)        
2022-10-26T14:20:09.8607281Z remote: Counting objects:  55% (139/252)        
2022-10-26T14:20:09.8607576Z remote: Counting objects:  56% (142/252)        
2022-10-26T14:20:09.8607875Z remote: Counting objects:  57% (144/252)        
2022-10-26T14:20:09.8608162Z remote: Counting objects:  58% (147/252)        
2022-10-26T14:20:09.8608458Z remote: Counting objects:  59% (149/252)        
2022-10-26T14:20:09.8608754Z remote: Counting objects:  60% (152/252)        
2022-10-26T14:20:09.8609037Z remote: Counting objects:  61% (154/252)        
2022-10-26T14:20:09.8609332Z remote: Counting objects:  62% (157/252)        
2022-10-26T14:20:09.8609629Z remote: Counting objects:  63% (159/252)        
2022-10-26T14:20:09.8610140Z remote: Counting objects:  64% (162/252)        
2022-10-26T14:20:09.8610439Z remote: Counting objects:  65% (164/252)        
2022-10-26T14:20:09.8610742Z remote: Counting objects:  66% (167/252)        
2022-10-26T14:20:09.8611038Z remote: Counting objects:  67% (169/252)        
2022-10-26T14:20:09.8611335Z remote: Counting objects:  68% (172/252)        
2022-10-26T14:20:09.8611618Z remote: Counting objects:  69% (174/252)        
2022-10-26T14:20:09.8611912Z remote: Counting objects:  70% (177/252)        
2022-10-26T14:20:09.8612209Z remote: Counting objects:  71% (179/252)        
2022-10-26T14:20:09.8612490Z remote: Counting objects:  72% (182/252)        
2022-10-26T14:20:09.8612783Z remote: Counting objects:  73% (184/252)        
2022-10-26T14:20:09.8613079Z remote: Counting objects:  74% (187/252)        
2022-10-26T14:20:09.8613358Z remote: Counting objects:  75% (189/252)        
2022-10-26T14:20:09.8613653Z remote: Counting objects:  76% (192/252)        
2022-10-26T14:20:09.8613950Z remote: Counting objects:  77% (195/252)        
2022-10-26T14:20:09.8614455Z remote: Counting objects:  78% (197/252)        
2022-10-26T14:20:09.8614743Z remote: Counting objects:  79% (200/252)        
2022-10-26T14:20:09.8615037Z remote: Counting objects:  80% (202/252)        
2022-10-26T14:20:09.8615330Z remote: Counting objects:  81% (205/252)        
2022-10-26T14:20:09.8615613Z remote: Counting objects:  82% (207/252)        
2022-10-26T14:20:09.8615905Z remote: Counting objects:  83% (210/252)        
2022-10-26T14:20:09.8616199Z remote: Counting objects:  84% (212/252)        
2022-10-26T14:20:09.8616480Z remote: Counting objects:  85% (215/252)        
2022-10-26T14:20:09.8616774Z remote: Counting objects:  86% (217/252)        
2022-10-26T14:20:09.8617068Z remote: Counting objects:  87% (220/252)        
2022-10-26T14:20:09.8617350Z remote: Counting objects:  88% (222/252)        
2022-10-26T14:20:09.8617643Z remote: Counting objects:  89% (225/252)        
2022-10-26T14:20:09.8617937Z remote: Counting objects:  90% (227/252)        
2022-10-26T14:20:09.8618238Z remote: Counting objects:  91% (230/252)        
2022-10-26T14:20:09.8618525Z remote: Counting objects:  92% (232/252)        
2022-10-26T14:20:09.8618818Z remote: Counting objects:  93% (235/252)        
2022-10-26T14:20:09.8619112Z remote: Counting objects:  94% (237/252)        
2022-10-26T14:20:09.8619393Z remote: Counting objects:  95% (240/252)        
2022-10-26T14:20:09.8619691Z remote: Counting objects:  96% (242/252)        
2022-10-26T14:20:09.8619986Z remote: Counting objects:  97% (245/252)        
2022-10-26T14:20:09.8620268Z remote: Counting objects:  98% (247/252)        
2022-10-26T14:20:09.8620562Z remote: Counting objects:  99% (250/252)        
2022-10-26T14:20:09.8620857Z remote: Counting objects: 100% (252/252)        
2022-10-26T14:20:09.8621155Z remote: Counting objects: 100% (252/252), done.        
2022-10-26T14:20:09.8621493Z remote: Compressing objects:   0% (1/173)        
2022-10-26T14:20:09.8621817Z remote: Compressing objects:   1% (2/173)        
2022-10-26T14:20:09.8622662Z remote: Compressing objects:   2% (4/173)        
2022-10-26T14:20:09.8623151Z remote: Compressing objects:   3% (6/173)        
2022-10-26T14:20:09.8623794Z remote: Compressing objects:   4% (7/173)        
2022-10-26T14:20:09.8624636Z remote: Compressing objects:   5% (9/173)        
2022-10-26T14:20:09.8625167Z remote: Compressing objects:   6% (11/173)        
2022-10-26T14:20:09.8625770Z remote: Compressing objects:   7% (13/173)        
2022-10-26T14:20:09.8626480Z remote: Compressing objects:   8% (14/173)        
2022-10-26T14:20:09.8626992Z remote: Compressing objects:   9% (16/173)        
2022-10-26T14:20:09.8667278Z remote: Compressing objects:  10% (18/173)        
2022-10-26T14:20:09.8667615Z remote: Compressing objects:  11% (20/173)        
2022-10-26T14:20:09.8667931Z remote: Compressing objects:  12% (21/173)        
2022-10-26T14:20:09.8668247Z remote: Compressing objects:  13% (23/173)        
2022-10-26T14:20:09.8668543Z remote: Compressing objects:  14% (25/173)        
2022-10-26T14:20:09.8669230Z remote: Compressing objects:  15% (26/173)        
2022-10-26T14:20:09.8669746Z remote: Compressing objects:  16% (28/173)        
2022-10-26T14:20:09.8670083Z remote: Compressing objects:  17% (30/173)        
2022-10-26T14:20:09.8670374Z remote: Compressing objects:  18% (32/173)        
2022-10-26T14:20:09.8670681Z remote: Compressing objects:  19% (33/173)        
2022-10-26T14:20:09.8670989Z remote: Compressing objects:  20% (35/173)        
2022-10-26T14:20:09.8671282Z remote: Compressing objects:  21% (37/173)        
2022-10-26T14:20:09.8671642Z remote: Compressing objects:  22% (39/173)        
2022-10-26T14:20:09.8671946Z remote: Compressing objects:  23% (40/173)        
2022-10-26T14:20:09.8672234Z remote: Compressing objects:  24% (42/173)        
2022-10-26T14:20:09.8672538Z remote: Compressing objects:  25% (44/173)        
2022-10-26T14:20:09.8672841Z remote: Compressing objects:  26% (45/173)        
2022-10-26T14:20:09.8673129Z remote: Compressing objects:  27% (47/173)        
2022-10-26T14:20:09.8673669Z remote: Compressing objects:  28% (49/173)        
2022-10-26T14:20:09.8673973Z remote: Compressing objects:  29% (51/173)        
2022-10-26T14:20:09.8674281Z remote: Compressing objects:  30% (52/173)        
2022-10-26T14:20:09.8674571Z remote: Compressing objects:  31% (54/173)        
2022-10-26T14:20:09.8674872Z remote: Compressing objects:  32% (56/173)        
2022-10-26T14:20:09.8675177Z remote: Compressing objects:  33% (58/173)        
2022-10-26T14:20:09.8675467Z remote: Compressing objects:  34% (59/173)        
2022-10-26T14:20:09.8675768Z remote: Compressing objects:  35% (61/173)        
2022-10-26T14:20:09.8676072Z remote: Compressing objects:  36% (63/173)        
2022-10-26T14:20:09.8676360Z remote: Compressing objects:  37% (65/173)        
2022-10-26T14:20:09.8676667Z remote: Compressing objects:  38% (66/173)        
2022-10-26T14:20:09.8676972Z remote: Compressing objects:  39% (68/173)        
2022-10-26T14:20:09.8677276Z remote: Compressing objects:  40% (70/173)        
2022-10-26T14:20:09.8677578Z remote: Compressing objects:  41% (71/173)        
2022-10-26T14:20:09.8677882Z remote: Compressing objects:  42% (73/173)        
2022-10-26T14:20:09.8678182Z remote: Compressing objects:  43% (75/173)        
2022-10-26T14:20:09.8678469Z remote: Compressing objects:  44% (77/173)        
2022-10-26T14:20:09.8678772Z remote: Compressing objects:  45% (78/173)        
2022-10-26T14:20:09.8679076Z remote: Compressing objects:  46% (80/173)        
2022-10-26T14:20:09.8679364Z remote: Compressing objects:  47% (82/173)        
2022-10-26T14:20:09.8679665Z remote: Compressing objects:  48% (84/173)        
2022-10-26T14:20:09.8679968Z remote: Compressing objects:  49% (85/173)        
2022-10-26T14:20:09.8680255Z remote: Compressing objects:  50% (87/173)        
2022-10-26T14:20:09.8680564Z remote: Compressing objects:  51% (89/173)        
2022-10-26T14:20:09.8680867Z remote: Compressing objects:  52% (90/173)        
2022-10-26T14:20:09.8681174Z remote: Compressing objects:  53% (92/173)        
2022-10-26T14:20:09.8681560Z remote: Compressing objects:  54% (94/173)        
2022-10-26T14:20:09.8681880Z remote: Compressing objects:  55% (96/173)        
2022-10-26T14:20:09.8682186Z remote: Compressing objects:  56% (97/173)        
2022-10-26T14:20:09.8682474Z remote: Compressing objects:  57% (99/173)        
2022-10-26T14:20:09.8683037Z remote: Compressing objects:  58% (101/173)        
2022-10-26T14:20:09.8683371Z remote: Compressing objects:  59% (103/173)        
2022-10-26T14:20:09.8683672Z remote: Compressing objects:  60% (104/173)        
2022-10-26T14:20:09.8683985Z remote: Compressing objects:  61% (106/173)        
2022-10-26T14:20:09.8684296Z remote: Compressing objects:  62% (108/173)        
2022-10-26T14:20:09.8684605Z remote: Compressing objects:  63% (109/173)        
2022-10-26T14:20:09.8684898Z remote: Compressing objects:  64% (111/173)        
2022-10-26T14:20:09.8685209Z remote: Compressing objects:  65% (113/173)        
2022-10-26T14:20:09.8685524Z remote: Compressing objects:  66% (115/173)        
2022-10-26T14:20:09.8685820Z remote: Compressing objects:  67% (116/173)        
2022-10-26T14:20:09.8686131Z remote: Compressing objects:  68% (118/173)        
2022-10-26T14:20:09.8686439Z remote: Compressing objects:  69% (120/173)        
2022-10-26T14:20:09.8718691Z remote: Compressing objects:  70% (122/173)        
2022-10-26T14:20:09.8719026Z remote: Compressing objects:  71% (123/173)        
2022-10-26T14:20:09.8719391Z remote: Compressing objects:  72% (125/173)        
2022-10-26T14:20:09.8719701Z remote: Compressing objects:  73% (127/173)        
2022-10-26T14:20:09.8719993Z remote: Compressing objects:  74% (129/173)        
2022-10-26T14:20:09.8720301Z remote: Compressing objects:  75% (130/173)        
2022-10-26T14:20:09.8720608Z remote: Compressing objects:  76% (132/173)        
2022-10-26T14:20:09.8720995Z remote: Compressing objects:  77% (134/173)        
2022-10-26T14:20:09.8721578Z remote: Compressing objects:  78% (135/173)        
2022-10-26T14:20:09.8722208Z remote: Compressing objects:  79% (137/173)        
2022-10-26T14:20:09.8722547Z remote: Compressing objects:  80% (139/173)        
2022-10-26T14:20:09.8723123Z remote: Compressing objects:  81% (141/173)        
2022-10-26T14:20:09.8723521Z remote: Compressing objects:  82% (142/173)        
2022-10-26T14:20:09.8723947Z remote: Compressing objects:  83% (144/173)        
2022-10-26T14:20:09.8724341Z remote: Compressing objects:  84% (146/173)        
2022-10-26T14:20:09.8724729Z remote: Compressing objects:  85% (148/173)        
2022-10-26T14:20:09.8725113Z remote: Compressing objects:  86% (149/173)        
2022-10-26T14:20:09.8725456Z remote: Compressing objects:  87% (151/173)        
2022-10-26T14:20:09.8725907Z remote: Compressing objects:  88% (153/173)        
2022-10-26T14:20:09.8726348Z remote: Compressing objects:  89% (154/173)        
2022-10-26T14:20:09.8726791Z remote: Compressing objects:  90% (156/173)        
2022-10-26T14:20:09.8727217Z remote: Compressing objects:  91% (158/173)        
2022-10-26T14:20:09.8727610Z remote: Compressing objects:  92% (160/173)        
2022-10-26T14:20:09.8728024Z remote: Compressing objects:  93% (161/173)        
2022-10-26T14:20:09.8728408Z remote: Compressing objects:  94% (163/173)        
2022-10-26T14:20:09.8728744Z remote: Compressing objects:  95% (165/173)        
2022-10-26T14:20:09.8729146Z remote: Compressing objects:  96% (167/173)        
2022-10-26T14:20:09.8729579Z remote: Compressing objects:  97% (168/173)        
2022-10-26T14:20:09.8729923Z remote: Compressing objects:  98% (170/173)        
2022-10-26T14:20:09.8730662Z remote: Compressing objects:  99% (172/173)        
2022-10-26T14:20:09.8731282Z remote: Compressing objects: 100% (173/173)        
2022-10-26T14:20:09.8731751Z remote: Compressing objects: 100% (173/173), done.        
2022-10-26T14:20:09.8806400Z Receiving objects:   0% (1/1030)
2022-10-26T14:20:09.8809855Z Receiving objects:   1% (11/1030)
2022-10-26T14:20:09.8812413Z Receiving objects:   2% (21/1030)
2022-10-26T14:20:09.8887245Z Receiving objects:   3% (31/1030)
2022-10-26T14:20:09.8889580Z Receiving objects:   4% (42/1030)
2022-10-26T14:20:09.8892000Z Receiving objects:   5% (52/1030)
2022-10-26T14:20:09.8941069Z Receiving objects:   6% (62/1030)
2022-10-26T14:20:09.8941814Z Receiving objects:   7% (73/1030)
2022-10-26T14:20:09.8979597Z Receiving objects:   8% (83/1030)
2022-10-26T14:20:09.8981519Z Receiving objects:   9% (93/1030)
2022-10-26T14:20:09.8989341Z Receiving objects:  10% (103/1030)
2022-10-26T14:20:09.8989681Z Receiving objects:  11% (114/1030)
2022-10-26T14:20:09.8990059Z Receiving objects:  12% (124/1030)
2022-10-26T14:20:09.8990512Z Receiving objects:  13% (134/1030)
2022-10-26T14:20:09.8998196Z Receiving objects:  14% (145/1030)
2022-10-26T14:20:09.9001389Z Receiving objects:  15% (155/1030)
2022-10-26T14:20:09.9001830Z Receiving objects:  16% (165/1030)
2022-10-26T14:20:09.9002895Z Receiving objects:  17% (176/1030)
2022-10-26T14:20:09.9003426Z Receiving objects:  18% (186/1030)
2022-10-26T14:20:09.9007157Z Receiving objects:  19% (196/1030)
2022-10-26T14:20:09.9007595Z Receiving objects:  20% (206/1030)
2022-10-26T14:20:09.9011872Z Receiving objects:  21% (217/1030)
2022-10-26T14:20:09.9012941Z Receiving objects:  22% (227/1030)
2022-10-26T14:20:09.9013501Z Receiving objects:  23% (237/1030)
2022-10-26T14:20:09.9111895Z Receiving objects:  24% (248/1030)
2022-10-26T14:20:09.9114823Z Receiving objects:  25% (258/1030)
2022-10-26T14:20:09.9160191Z Receiving objects:  26% (268/1030)
2022-10-26T14:20:09.9163222Z Receiving objects:  27% (279/1030)
2022-10-26T14:20:09.9163986Z Receiving objects:  28% (289/1030)
2022-10-26T14:20:09.9201801Z Receiving objects:  29% (299/1030)
2022-10-26T14:20:09.9202451Z Receiving objects:  30% (309/1030)
2022-10-26T14:20:09.9204986Z Receiving objects:  31% (320/1030)
2022-10-26T14:20:09.9205510Z Receiving objects:  32% (330/1030)
2022-10-26T14:20:09.9206471Z Receiving objects:  33% (340/1030)
2022-10-26T14:20:09.9208767Z Receiving objects:  34% (351/1030)
2022-10-26T14:20:09.9210406Z Receiving objects:  35% (361/1030)
2022-10-26T14:20:09.9211899Z Receiving objects:  36% (371/1030)
2022-10-26T14:20:09.9213795Z Receiving objects:  37% (382/1030)
2022-10-26T14:20:09.9215674Z Receiving objects:  38% (392/1030)
2022-10-26T14:20:09.9227501Z Receiving objects:  39% (402/1030)
2022-10-26T14:20:09.9228015Z Receiving objects:  40% (412/1030)
2022-10-26T14:20:09.9228378Z Receiving objects:  41% (423/1030)
2022-10-26T14:20:09.9228676Z Receiving objects:  42% (433/1030)
2022-10-26T14:20:09.9229046Z Receiving objects:  43% (443/1030)
2022-10-26T14:20:09.9229391Z Receiving objects:  44% (454/1030)
2022-10-26T14:20:09.9229744Z Receiving objects:  45% (464/1030)
2022-10-26T14:20:09.9230103Z Receiving objects:  46% (474/1030)
2022-10-26T14:20:09.9230461Z Receiving objects:  47% (485/1030)
2022-10-26T14:20:09.9230822Z Receiving objects:  48% (495/1030)
2022-10-26T14:20:09.9232134Z Receiving objects:  49% (505/1030)
2022-10-26T14:20:09.9232638Z Receiving objects:  50% (515/1030)
2022-10-26T14:20:09.9233009Z Receiving objects:  51% (526/1030)
2022-10-26T14:20:09.9239962Z Receiving objects:  52% (536/1030)
2022-10-26T14:20:09.9240400Z Receiving objects:  53% (546/1030)
2022-10-26T14:20:09.9241872Z Receiving objects:  54% (557/1030)
2022-10-26T14:20:09.9248761Z Receiving objects:  55% (567/1030)
2022-10-26T14:20:09.9249197Z Receiving objects:  56% (577/1030)
2022-10-26T14:20:09.9252000Z Receiving objects:  57% (588/1030)
2022-10-26T14:20:09.9252467Z Receiving objects:  58% (598/1030)
2022-10-26T14:20:09.9252867Z Receiving objects:  59% (608/1030)
2022-10-26T14:20:09.9253221Z Receiving objects:  60% (618/1030)
2022-10-26T14:20:09.9253564Z Receiving objects:  61% (629/1030)
2022-10-26T14:20:09.9253871Z Receiving objects:  62% (639/1030)
2022-10-26T14:20:09.9254224Z Receiving objects:  63% (649/1030)
2022-10-26T14:20:09.9254622Z Receiving objects:  64% (660/1030)
2022-10-26T14:20:09.9254914Z Receiving objects:  65% (670/1030)
2022-10-26T14:20:09.9255265Z Receiving objects:  66% (680/1030)
2022-10-26T14:20:09.9255620Z Receiving objects:  67% (691/1030)
2022-10-26T14:20:09.9256457Z Receiving objects:  68% (701/1030)
2022-10-26T14:20:09.9257642Z Receiving objects:  69% (711/1030)
2022-10-26T14:20:09.9339073Z Receiving objects:  70% (721/1030)
2022-10-26T14:20:09.9340500Z Receiving objects:  71% (732/1030)
2022-10-26T14:20:09.9340819Z Receiving objects:  72% (742/1030)
2022-10-26T14:20:09.9341315Z Receiving objects:  73% (752/1030)
2022-10-26T14:20:09.9342237Z Receiving objects:  74% (763/1030)
2022-10-26T14:20:09.9343001Z Receiving objects:  75% (773/1030)
2022-10-26T14:20:09.9343758Z Receiving objects:  76% (783/1030)
2022-10-26T14:20:09.9344523Z Receiving objects:  77% (794/1030)
2022-10-26T14:20:09.9382227Z Receiving objects:  78% (804/1030)
2022-10-26T14:20:09.9384495Z Receiving objects:  79% (814/1030)
2022-10-26T14:20:09.9387743Z Receiving objects:  80% (824/1030)
2022-10-26T14:20:09.9388673Z Receiving objects:  81% (835/1030)
2022-10-26T14:20:09.9461764Z Receiving objects:  82% (845/1030)
2022-10-26T14:20:09.9462110Z Receiving objects:  83% (855/1030)
2022-10-26T14:20:09.9462609Z Receiving objects:  84% (866/1030)
2022-10-26T14:20:09.9462968Z Receiving objects:  85% (876/1030)
2022-10-26T14:20:09.9463262Z Receiving objects:  86% (886/1030)
2022-10-26T14:20:09.9463612Z Receiving objects:  87% (897/1030)
2022-10-26T14:20:09.9463972Z Receiving objects:  88% (907/1030)
2022-10-26T14:20:09.9464740Z remote: Total 1030 (delta 91), reused 102 (delta 70), pack-reused 778        
2022-10-26T14:20:09.9465799Z Receiving objects:  89% (917/1030)
2022-10-26T14:20:09.9466163Z Receiving objects:  90% (927/1030)
2022-10-26T14:20:09.9466533Z Receiving objects:  91% (938/1030)
2022-10-26T14:20:09.9466824Z Receiving objects:  92% (948/1030)
2022-10-26T14:20:09.9467246Z Receiving objects:  93% (958/1030)
2022-10-26T14:20:09.9467589Z Receiving objects:  94% (969/1030)
2022-10-26T14:20:09.9467879Z Receiving objects:  95% (979/1030)
2022-10-26T14:20:09.9468238Z Receiving objects:  96% (989/1030)
2022-10-26T14:20:09.9468883Z Receiving objects:  97% (1000/1030)
2022-10-26T14:20:09.9469198Z Receiving objects:  98% (1010/1030)
2022-10-26T14:20:09.9470305Z Receiving objects:  99% (1020/1030)
2022-10-26T14:20:09.9470698Z Receiving objects: 100% (1030/1030)
2022-10-26T14:20:09.9471034Z Receiving objects: 100% (1030/1030), 260.79 KiB | 3.78 MiB/s, done.
2022-10-26T14:20:09.9472769Z Resolving deltas:   0% (0/560)
2022-10-26T14:20:09.9474086Z Resolving deltas:   1% (6/560)
2022-10-26T14:20:09.9475633Z Resolving deltas:   2% (12/560)
2022-10-26T14:20:09.9477056Z Resolving deltas:   3% (17/560)
2022-10-26T14:20:09.9478313Z Resolving deltas:   4% (23/560)
2022-10-26T14:20:09.9479759Z Resolving deltas:   5% (28/560)
2022-10-26T14:20:09.9523429Z Resolving deltas:   6% (34/560)
2022-10-26T14:20:09.9523773Z Resolving deltas:   7% (40/560)
2022-10-26T14:20:09.9524151Z Resolving deltas:   8% (45/560)
2022-10-26T14:20:09.9524606Z Resolving deltas:   9% (51/560)
2022-10-26T14:20:09.9524898Z Resolving deltas:  10% (56/560)
2022-10-26T14:20:09.9525256Z Resolving deltas:  11% (62/560)
2022-10-26T14:20:09.9525619Z Resolving deltas:  12% (68/560)
2022-10-26T14:20:09.9525904Z Resolving deltas:  13% (73/560)
2022-10-26T14:20:09.9526296Z Resolving deltas:  14% (79/560)
2022-10-26T14:20:09.9526632Z Resolving deltas:  15% (84/560)
2022-10-26T14:20:09.9526917Z Resolving deltas:  16% (90/560)
2022-10-26T14:20:09.9527271Z Resolving deltas:  17% (96/560)
2022-10-26T14:20:09.9527648Z Resolving deltas:  18% (101/560)
2022-10-26T14:20:09.9528002Z Resolving deltas:  19% (107/560)
2022-10-26T14:20:09.9528292Z Resolving deltas:  20% (112/560)
2022-10-26T14:20:09.9528641Z Resolving deltas:  21% (118/560)
2022-10-26T14:20:09.9528980Z Resolving deltas:  22% (124/560)
2022-10-26T14:20:09.9529311Z Resolving deltas:  23% (129/560)
2022-10-26T14:20:09.9529652Z Resolving deltas:  24% (135/560)
2022-10-26T14:20:09.9530002Z Resolving deltas:  25% (140/560)
2022-10-26T14:20:09.9530293Z Resolving deltas:  26% (146/560)
2022-10-26T14:20:09.9530634Z Resolving deltas:  27% (152/560)
2022-10-26T14:20:09.9531195Z Resolving deltas:  28% (157/560)
2022-10-26T14:20:09.9531517Z Resolving deltas:  29% (163/560)
2022-10-26T14:20:09.9531874Z Resolving deltas:  30% (168/560)
2022-10-26T14:20:09.9532230Z Resolving deltas:  31% (174/560)
2022-10-26T14:20:09.9532514Z Resolving deltas:  32% (180/560)
2022-10-26T14:20:09.9532907Z Resolving deltas:  33% (185/560)
2022-10-26T14:20:09.9533264Z Resolving deltas:  34% (191/560)
2022-10-26T14:20:09.9533549Z Resolving deltas:  35% (196/560)
2022-10-26T14:20:09.9533881Z Resolving deltas:  36% (202/560)
2022-10-26T14:20:09.9534253Z Resolving deltas:  37% (208/560)
2022-10-26T14:20:09.9534539Z Resolving deltas:  38% (213/560)
2022-10-26T14:20:09.9534889Z Resolving deltas:  39% (219/560)
2022-10-26T14:20:09.9535233Z Resolving deltas:  40% (224/560)
2022-10-26T14:20:09.9535563Z Resolving deltas:  41% (230/560)
2022-10-26T14:20:09.9538609Z Resolving deltas:  42% (236/560)
2022-10-26T14:20:09.9543452Z Resolving deltas:  43% (242/560)
2022-10-26T14:20:09.9546856Z Resolving deltas:  44% (247/560)
2022-10-26T14:20:09.9551527Z Resolving deltas:  45% (252/560)
2022-10-26T14:20:09.9554775Z Resolving deltas:  46% (258/560)
2022-10-26T14:20:09.9556380Z Resolving deltas:  47% (264/560)
2022-10-26T14:20:09.9558926Z Resolving deltas:  48% (269/560)
2022-10-26T14:20:09.9565995Z Resolving deltas:  49% (275/560)
2022-10-26T14:20:09.9571000Z Resolving deltas:  50% (280/560)
2022-10-26T14:20:09.9575814Z Resolving deltas:  51% (286/560)
2022-10-26T14:20:09.9580964Z Resolving deltas:  52% (292/560)
2022-10-26T14:20:09.9585375Z Resolving deltas:  53% (297/560)
2022-10-26T14:20:09.9588724Z Resolving deltas:  54% (303/560)
2022-10-26T14:20:09.9592607Z Resolving deltas:  55% (308/560)
2022-10-26T14:20:09.9596063Z Resolving deltas:  56% (314/560)
2022-10-26T14:20:09.9599069Z Resolving deltas:  57% (320/560)
2022-10-26T14:20:09.9603708Z Resolving deltas:  58% (325/560)
2022-10-26T14:20:09.9606646Z Resolving deltas:  59% (331/560)
2022-10-26T14:20:09.9611505Z Resolving deltas:  60% (336/560)
2022-10-26T14:20:09.9617069Z Resolving deltas:  61% (342/560)
2022-10-26T14:20:09.9621336Z Resolving deltas:  62% (348/560)
2022-10-26T14:20:09.9627168Z Resolving deltas:  63% (353/560)
2022-10-26T14:20:09.9629661Z Resolving deltas:  64% (359/560)
2022-10-26T14:20:09.9635972Z Resolving deltas:  65% (364/560)
2022-10-26T14:20:09.9641228Z Resolving deltas:  66% (370/560)
2022-10-26T14:20:09.9642070Z Resolving deltas:  67% (376/560)
2022-10-26T14:20:09.9646993Z Resolving deltas:  68% (381/560)
2022-10-26T14:20:09.9649512Z Resolving deltas:  69% (387/560)
2022-10-26T14:20:09.9653910Z Resolving deltas:  70% (392/560)
2022-10-26T14:20:09.9658698Z Resolving deltas:  71% (398/560)
2022-10-26T14:20:09.9659509Z Resolving deltas:  72% (404/560)
2022-10-26T14:20:09.9660511Z Resolving deltas:  73% (409/560)
2022-10-26T14:20:09.9661300Z Resolving deltas:  74% (415/560)
2022-10-26T14:20:09.9662953Z Resolving deltas:  75% (420/560)
2022-10-26T14:20:09.9664329Z Resolving deltas:  76% (426/560)
2022-10-26T14:20:09.9664971Z Resolving deltas:  77% (432/560)
2022-10-26T14:20:09.9666468Z Resolving deltas:  78% (437/560)
2022-10-26T14:20:09.9667331Z Resolving deltas:  79% (443/560)
2022-10-26T14:20:09.9675826Z Resolving deltas:  80% (448/560)
2022-10-26T14:20:09.9681961Z Resolving deltas:  81% (454/560)
2022-10-26T14:20:09.9686294Z Resolving deltas:  82% (460/560)
2022-10-26T14:20:09.9688368Z Resolving deltas:  83% (465/560)
2022-10-26T14:20:09.9689073Z Resolving deltas:  84% (471/560)
2022-10-26T14:20:09.9691228Z Resolving deltas:  85% (476/560)
2022-10-26T14:20:09.9693446Z Resolving deltas:  86% (482/560)
2022-10-26T14:20:09.9694812Z Resolving deltas:  87% (488/560)
2022-10-26T14:20:09.9695558Z Resolving deltas:  88% (493/560)
2022-10-26T14:20:09.9697391Z Resolving deltas:  89% (499/560)
2022-10-26T14:20:09.9698840Z Resolving deltas:  90% (504/560)
2022-10-26T14:20:09.9700868Z Resolving deltas:  91% (510/560)
2022-10-26T14:20:09.9703028Z Resolving deltas:  92% (516/560)
2022-10-26T14:20:09.9708483Z Resolving deltas:  93% (521/560)
2022-10-26T14:20:09.9711601Z Resolving deltas:  94% (527/560)
2022-10-26T14:20:09.9713637Z Resolving deltas:  95% (532/560)
2022-10-26T14:20:09.9719402Z Resolving deltas:  96% (538/560)
2022-10-26T14:20:09.9724065Z Resolving deltas:  97% (544/560)
2022-10-26T14:20:09.9730854Z Resolving deltas:  98% (549/560)
2022-10-26T14:20:09.9735286Z Resolving deltas:  99% (555/560)
2022-10-26T14:20:09.9736090Z Resolving deltas: 100% (560/560)
2022-10-26T14:20:09.9737454Z Resolving deltas: 100% (560/560), done.
2022-10-26T14:20:10.0303496Z From https://github.com/con/tinuous
2022-10-26T14:20:10.0304956Z  * [new branch]      gh-55                                    -> origin/gh-55
2022-10-26T14:20:10.0307202Z  * [new branch]      master                                   -> origin/master
2022-10-26T14:20:10.0311000Z  * [new branch]      no-extra-search                          -> origin/no-extra-search
2022-10-26T14:20:10.0312173Z  * [new branch]      py3.11                                   -> origin/py3.11
2022-10-26T14:20:10.0316575Z  * [new branch]      test-appveyor                            -> origin/test-appveyor
2022-10-26T14:20:10.0319678Z  * [new tag]         0.1.0                                    -> 0.1.0
2022-10-26T14:20:10.0325018Z  * [new tag]         0.2.0                                    -> 0.2.0
2022-10-26T14:20:10.0325938Z  * [new tag]         0.3.0                                    -> 0.3.0
2022-10-26T14:20:10.0329775Z  * [new tag]         0.4.0                                    -> 0.4.0
2022-10-26T14:20:10.0330804Z  * [new tag]         0.5.0                                    -> 0.5.0
2022-10-26T14:20:10.0333726Z  * [new tag]         0.5.1                                    -> 0.5.1
2022-10-26T14:20:10.0334583Z  * [new tag]         0.5.2                                    -> 0.5.2
2022-10-26T14:20:10.0336962Z  * [new tag]         0.5.3                                    -> 0.5.3
2022-10-26T14:20:10.0338002Z  * [new tag]         0.5.4                                    -> 0.5.4
2022-10-26T14:20:10.0340599Z  * [new tag]         0.6.0                                    -> 0.6.0
2022-10-26T14:20:10.0341691Z  * [new ref]         44eb5248c03560dece03fa0f2beb272047ce3b8a -> pull/156/merge
2022-10-26T14:20:10.0378154Z ##[endgroup]
2022-10-26T14:20:10.0379379Z ##[group]Determining the checkout info
2022-10-26T14:20:10.0380599Z ##[endgroup]
2022-10-26T14:20:10.0381664Z ##[group]Checking out the ref
2022-10-26T14:20:10.0384794Z [command]/usr/bin/git checkout --progress --force refs/remotes/pull/156/merge
2022-10-26T14:20:10.0460966Z Note: switching to 'refs/remotes/pull/156/merge'.
2022-10-26T14:20:10.0461486Z 
2022-10-26T14:20:10.0462086Z You are in 'detached HEAD' state. You can look around, make experimental
2022-10-26T14:20:10.0462749Z changes and commit them, and you can discard any commits you make in this
2022-10-26T14:20:10.0463417Z state without impacting any branches by switching back to a branch.
2022-10-26T14:20:10.0463855Z 
2022-10-26T14:20:10.0464220Z If you want to create a new branch to retain commits you create, you may
2022-10-26T14:20:10.0464891Z do so (now or later) by using -c with the switch command. Example:
2022-10-26T14:20:10.0465309Z 
2022-10-26T14:20:10.0465705Z   git switch -c <new-branch-name>
2022-10-26T14:20:10.0466014Z 
2022-10-26T14:20:10.0466364Z Or undo this operation with:
2022-10-26T14:20:10.0467161Z 
2022-10-26T14:20:10.0468546Z   git switch -
2022-10-26T14:20:10.0468940Z 
2022-10-26T14:20:10.0469380Z Turn off this advice by setting config variable advice.detachedHead to false
2022-10-26T14:20:10.0469680Z 
2022-10-26T14:20:10.0469973Z HEAD is now at 44eb524 Merge fe5a158b2d32d3dc8ac3282af328a6ce7cf285c0 into b78f1d86239a49cce34b751b92df1667161fe9e7
2022-10-26T14:20:10.0475744Z ##[endgroup]
2022-10-26T14:20:10.0544632Z [command]/usr/bin/git log -1 --format='%H'
2022-10-26T14:20:10.0580696Z '44eb5248c03560dece03fa0f2beb272047ce3b8a'
2022-10-26T14:20:10.1059820Z ##[group]Run actions/setup-python@v4
2022-10-26T14:20:10.1060129Z with:
2022-10-26T14:20:10.1060370Z   python-version: 3.11
2022-10-26T14:20:10.1060624Z   check-latest: false
2022-10-26T14:20:10.1061058Z   token: ***
2022-10-26T14:20:10.1061311Z   update-environment: true
2022-10-26T14:20:10.1061569Z ##[endgroup]
2022-10-26T14:20:10.3300904Z Version 3.11 was not found in the local cache
2022-10-26T14:20:11.0112458Z Version 3.11 is available for downloading
2022-10-26T14:20:11.0114455Z Download from "https://github.com/actions/python-versions/releases/download/3.11.0-3328127706/python-3.11.0-linux-20.04-x64.tar.gz"
2022-10-26T14:20:12.3541984Z Extract downloaded archive
2022-10-26T14:20:12.3684131Z [command]/usr/bin/tar xz --warning=no-unknown-keyword -C /home/runner/work/_temp/e6688e99-06db-48b7-ab88-0a841549b783 -f /home/runner/work/_temp/ff7c0d52-cdb7-4aff-9023-c5339e4517d8
2022-10-26T14:20:15.5951974Z Execute installation script
2022-10-26T14:20:15.6062365Z Check if Python hostedtoolcache folder exist...
2022-10-26T14:20:15.6062706Z Create Python 3.11.0 folder
2022-10-26T14:20:15.6086663Z Copy Python binaries to hostedtoolcache folder
2022-10-26T14:20:16.6185164Z Create additional symlinks (Required for the UsePythonVersion Azure Pipelines task and the setup-python GitHub Action)
2022-10-26T14:20:16.6229051Z Upgrading pip...
2022-10-26T14:20:20.7798247Z Looking in links: /tmp/tmp0ui5qx91
2022-10-26T14:20:20.7811679Z Requirement already satisfied: setuptools in /opt/hostedtoolcache/Python/3.11.0/x64/lib/python3.11/site-packages (65.5.0)
2022-10-26T14:20:20.7838660Z Requirement already satisfied: pip in /opt/hostedtoolcache/Python/3.11.0/x64/lib/python3.11/site-packages (22.3)
2022-10-26T14:20:22.5892208Z Collecting pip
2022-10-26T14:20:22.6116373Z Downloading pip-22.3-py3-none-any.whl (2.1 MB)
2022-10-26T14:20:22.6700056Z ‚îÅ‚îÅ‚îÅ‚îÅ‚îÅ‚îÅ‚îÅ‚îÅ‚îÅ‚îÅ‚îÅ‚îÅ‚îÅ‚îÅ‚îÅ‚îÅ‚îÅ‚îÅ‚îÅ‚îÅ‚îÅ‚îÅ‚îÅ‚îÅ‚îÅ‚îÅ‚îÅ‚îÅ‚îÅ‚îÅ‚îÅ‚îÅ‚îÅ‚îÅ‚îÅ‚îÅ‚îÅ‚îÅ‚îÅ‚îÅ 2.1/2.1 MB 37.7 MB/s eta 0:00:00
2022-10-26T14:20:22.6706624Z 
2022-10-26T14:20:22.7503778Z Installing collected packages: pip
2022-10-26T14:20:25.9420390Z Successfully installed pip-22.3
2022-10-26T14:20:26.0277485Z Create complete file
2022-10-26T14:20:26.0361955Z Successfully set up CPython (3.11.0)
2022-10-26T14:20:26.0557799Z ##[group]Run python -m pip install --upgrade pip wheel
2022-10-26T14:20:26.0558276Z [36;1mpython -m pip install --upgrade pip wheel[0m
2022-10-26T14:20:26.0558660Z [36;1mpython -m pip install --upgrade --upgrade-strategy=eager tox[0m
2022-10-26T14:20:26.0652476Z shell: /usr/bin/bash -e {0}
2022-10-26T14:20:26.0652763Z env:
2022-10-26T14:20:26.0653079Z   pythonLocation: /opt/hostedtoolcache/Python/3.11.0/x64
2022-10-26T14:20:26.0653468Z   PKG_CONFIG_PATH: /opt/hostedtoolcache/Python/3.11.0/x64/lib/pkgconfig
2022-10-26T14:20:26.0653831Z   Python_ROOT_DIR: /opt/hostedtoolcache/Python/3.11.0/x64
2022-10-26T14:20:26.0654187Z   Python2_ROOT_DIR: /opt/hostedtoolcache/Python/3.11.0/x64
2022-10-26T14:20:26.0654537Z   Python3_ROOT_DIR: /opt/hostedtoolcache/Python/3.11.0/x64
2022-10-26T14:20:26.0654877Z   LD_LIBRARY_PATH: /opt/hostedtoolcache/Python/3.11.0/x64/lib
2022-10-26T14:20:26.0655170Z ##[endgroup]
2022-10-26T14:20:26.6534868Z Requirement already satisfied: pip in /opt/hostedtoolcache/Python/3.11.0/x64/lib/python3.11/site-packages (22.3)
2022-10-26T14:20:26.8009257Z Collecting wheel
2022-10-26T14:20:26.8203612Z   Downloading wheel-0.37.1-py2.py3-none-any.whl (35 kB)
2022-10-26T14:20:26.8883474Z Installing collected packages: wheel
2022-10-26T14:20:26.9276812Z Successfully installed wheel-0.37.1
2022-10-26T14:20:27.8445775Z Collecting tox
2022-10-26T14:20:27.8639844Z   Downloading tox-3.27.0-py2.py3-none-any.whl (86 kB)
2022-10-26T14:20:27.8737044Z      ‚îÅ‚îÅ‚îÅ‚îÅ‚îÅ‚îÅ‚îÅ‚îÅ‚îÅ‚îÅ‚îÅ‚îÅ‚îÅ‚îÅ‚îÅ‚îÅ‚îÅ‚îÅ‚îÅ‚îÅ‚îÅ‚îÅ‚îÅ‚îÅ‚îÅ‚îÅ‚îÅ‚îÅ‚îÅ‚îÅ‚îÅ‚îÅ‚îÅ‚îÅ‚îÅ‚îÅ‚îÅ‚îÅ‚îÅ‚îÅ 86.6/86.6 kB 13.9 MB/s eta 0:00:00
2022-10-26T14:20:27.9341244Z Collecting filelock>=3.0.0
2022-10-26T14:20:27.9384239Z   Downloading filelock-3.8.0-py3-none-any.whl (10 kB)
2022-10-26T14:20:27.9824197Z Collecting packaging>=14
2022-10-26T14:20:27.9868386Z   Downloading packaging-21.3-py3-none-any.whl (40 kB)
2022-10-26T14:20:27.9929305Z      ‚îÅ‚îÅ‚îÅ‚îÅ‚îÅ‚îÅ‚îÅ‚îÅ‚îÅ‚îÅ‚îÅ‚îÅ‚îÅ‚îÅ‚îÅ‚îÅ‚îÅ‚îÅ‚îÅ‚îÅ‚îÅ‚îÅ‚îÅ‚îÅ‚îÅ‚îÅ‚îÅ‚îÅ‚îÅ‚îÅ‚îÅ‚îÅ‚îÅ‚îÅ‚îÅ‚îÅ‚îÅ‚îÅ‚îÅ‚îÅ 40.8/40.8 kB 10.9 MB/s eta 0:00:00
2022-10-26T14:20:28.0196636Z Collecting pluggy>=0.12.0
2022-10-26T14:20:28.0240995Z   Downloading pluggy-1.0.0-py2.py3-none-any.whl (13 kB)
2022-10-26T14:20:28.0678396Z Collecting py>=1.4.17
2022-10-26T14:20:28.0721818Z   Downloading py-1.11.0-py2.py3-none-any.whl (98 kB)
2022-10-26T14:20:28.0844074Z      ‚îÅ‚îÅ‚îÅ‚îÅ‚îÅ‚îÅ‚îÅ‚îÅ‚îÅ‚îÅ‚îÅ‚îÅ‚îÅ‚îÅ‚îÅ‚îÅ‚îÅ‚îÅ‚îÅ‚îÅ‚îÅ‚îÅ‚îÅ‚îÅ‚îÅ‚îÅ‚îÅ‚îÅ‚îÅ‚îÅ‚îÅ‚îÅ‚îÅ‚îÅ‚îÅ‚îÅ‚îÅ‚îÅ‚îÅ‚îÅ 98.7/98.7 kB 16.3 MB/s eta 0:00:00
2022-10-26T14:20:28.1090211Z Collecting six>=1.14.0
2022-10-26T14:20:28.1128504Z   Downloading six-1.16.0-py2.py3-none-any.whl (11 kB)
2022-10-26T14:20:28.3114030Z Collecting virtualenv!=20.0.0,!=20.0.1,!=20.0.2,!=20.0.3,!=20.0.4,!=20.0.5,!=20.0.6,!=20.0.7,>=16.0.0
2022-10-26T14:20:28.3179028Z   Downloading virtualenv-20.16.6-py3-none-any.whl (8.8 MB)
2022-10-26T14:20:28.4278851Z      ‚îÅ‚îÅ‚îÅ‚îÅ‚îÅ‚îÅ‚îÅ‚îÅ‚îÅ‚îÅ‚îÅ‚îÅ‚îÅ‚îÅ‚îÅ‚îÅ‚îÅ‚îÅ‚îÅ‚îÅ‚îÅ‚îÅ‚îÅ‚îÅ‚îÅ‚îÅ‚îÅ‚îÅ‚îÅ‚îÅ‚îÅ‚îÅ‚îÅ‚îÅ‚îÅ‚îÅ‚îÅ‚îÅ‚îÅ‚îÅ 8.8/8.8 MB 82.7 MB/s eta 0:00:00
2022-10-26T14:20:28.5243926Z Collecting pyparsing!=3.0.5,>=2.0.2
2022-10-26T14:20:28.5337790Z   Downloading pyparsing-3.0.9-py3-none-any.whl (98 kB)
2022-10-26T14:20:28.5397424Z      ‚îÅ‚îÅ‚îÅ‚îÅ‚îÅ‚îÅ‚îÅ‚îÅ‚îÅ‚îÅ‚îÅ‚îÅ‚îÅ‚îÅ‚îÅ‚îÅ‚îÅ‚îÅ‚îÅ‚îÅ‚îÅ‚îÅ‚îÅ‚îÅ‚îÅ‚îÅ‚îÅ‚îÅ‚îÅ‚îÅ‚îÅ‚îÅ‚îÅ‚îÅ‚îÅ‚îÅ‚îÅ‚îÅ‚îÅ‚îÅ 98.3/98.3 kB 26.5 MB/s eta 0:00:00
2022-10-26T14:20:28.5919288Z Collecting distlib<1,>=0.3.6
2022-10-26T14:20:28.5964255Z   Downloading distlib-0.3.6-py2.py3-none-any.whl (468 kB)
2022-10-26T14:20:28.6070654Z      ‚îÅ‚îÅ‚îÅ‚îÅ‚îÅ‚îÅ‚îÅ‚îÅ‚îÅ‚îÅ‚îÅ‚îÅ‚îÅ‚îÅ‚îÅ‚îÅ‚îÅ‚îÅ‚îÅ‚îÅ‚îÅ‚îÅ‚îÅ‚îÅ‚îÅ‚îÅ‚îÅ‚îÅ‚îÅ‚îÅ‚îÅ‚îÅ‚îÅ‚îÅ‚îÅ‚îÅ‚îÅ‚îÅ 468.5/468.5 kB 63.7 MB/s eta 0:00:00
2022-10-26T14:20:28.6370326Z Collecting platformdirs<3,>=2.4
2022-10-26T14:20:28.6414708Z   Downloading platformdirs-2.5.2-py3-none-any.whl (14 kB)
2022-10-26T14:20:28.8075677Z Installing collected packages: distlib, six, pyparsing, py, pluggy, platformdirs, filelock, virtualenv, packaging, tox
2022-10-26T14:20:29.5230495Z Successfully installed distlib-0.3.6 filelock-3.8.0 packaging-21.3 platformdirs-2.5.2 pluggy-1.0.0 py-1.11.0 pyparsing-3.0.9 six-1.16.0 tox-3.27.0 virtualenv-20.16.6
2022-10-26T14:20:29.7161863Z ##[group]Run tox -e py -- --cov-report=xml
2022-10-26T14:20:29.7162234Z [36;1mtox -e py -- --cov-report=xml[0m
2022-10-26T14:20:29.7222354Z shell: /usr/bin/bash -e {0}
2022-10-26T14:20:29.7223221Z env:
2022-10-26T14:20:29.7224112Z   pythonLocation: /opt/hostedtoolcache/Python/3.11.0/x64
2022-10-26T14:20:29.7224510Z   PKG_CONFIG_PATH: /opt/hostedtoolcache/Python/3.11.0/x64/lib/pkgconfig
2022-10-26T14:20:29.7224870Z   Python_ROOT_DIR: /opt/hostedtoolcache/Python/3.11.0/x64
2022-10-26T14:20:29.7225223Z   Python2_ROOT_DIR: /opt/hostedtoolcache/Python/3.11.0/x64
2022-10-26T14:20:29.7225575Z   Python3_ROOT_DIR: /opt/hostedtoolcache/Python/3.11.0/x64
2022-10-26T14:20:29.7225920Z   LD_LIBRARY_PATH: /opt/hostedtoolcache/Python/3.11.0/x64/lib
2022-10-26T14:20:29.7226209Z ##[endgroup]
2022-10-26T14:20:29.9567169Z .package create: /home/runner/work/tinuous/tinuous/.tox/.package
2022-10-26T14:20:30.7441972Z .package installdeps: setuptools >= 46.4.0, wheel ~= 0.32
2022-10-26T14:20:36.0745098Z warning: no previously-included files matching '*.py[cod]' found anywhere in distribution
2022-10-26T14:20:36.4372118Z warning: no previously-included files matching '*.py[cod]' found anywhere in distribution
2022-10-26T14:20:36.5361389Z py create: /home/runner/work/tinuous/tinuous/.tox/py
2022-10-26T14:20:36.8930889Z py installdeps: pytest~=6.0, pytest-cov~=2.0, pytest-mock~=3.0
2022-10-26T14:20:40.6468798Z py inst: /home/runner/work/tinuous/tinuous/.tox/.tmp/package/1/tinuous-0.6.0+2.g44eb524.tar.gz
2022-10-26T14:20:58.0280063Z py installed: attrs==22.1.0,certifi==2022.9.24,cffi==1.15.1,charset-normalizer==2.1.1,click==8.1.3,click-loglevel==0.4.0.post1,coverage==6.5.0,Deprecated==1.2.13,idna==3.4,in-place==0.5.0,iniconfig==1.1.1,packaging==21.3,pluggy==1.0.0,py==1.11.0,pycparser==2.21,pydantic==1.10.2,PyGithub==1.56,PyJWT==2.6.0,PyNaCl==1.5.0,pyparsing==3.0.9,pytest==6.2.5,pytest-cov==2.12.1,pytest-mock==3.10.0,python-dateutil==2.8.2,python-dotenv==0.21.0,PyYAML==5.4.1,requests==2.28.1,six==1.16.0,tinuous @ file:///home/runner/work/tinuous/tinuous/.tox/.tmp/package/1/tinuous-0.6.0%2B2.g44eb524.tar.gz,toml==0.10.2,typing_extensions==4.4.0,urllib3==1.26.12,wrapt==1.14.1
2022-10-26T14:20:58.0281832Z py run-test-pre: PYTHONHASHSEED='3637276469'
2022-10-26T14:20:58.0283621Z py run-test: commands[0] | tinuous --help
2022-10-26T14:20:58.3401948Z Usage: tinuous [OPTIONS] COMMAND [ARGS]...
2022-10-26T14:20:58.3402533Z 
2022-10-26T14:20:58.3470260Z   Download build logs from GitHub Actions, Travis, and Appveyor
2022-10-26T14:20:58.3470520Z 
2022-10-26T14:20:58.3470595Z Options:
2022-10-26T14:20:58.3471194Z   -V, --version                   Show the version and exit.
2022-10-26T14:20:58.3471663Z   -c, --config FILE               Read configuration from the given file
2022-10-26T14:20:58.3472001Z                                   [default: tinuous.yaml]
2022-10-26T14:20:58.3472455Z   -E, --env FILE                  Load environment variables from given .env
2022-10-26T14:20:58.3472800Z                                   file
2022-10-26T14:20:58.3473201Z   -l, --log-level [NOTSET|DEBUG|INFO|WARNING|ERROR|CRITICAL]
2022-10-26T14:20:58.3473540Z                                   Set logging level  [default: INFO]
2022-10-26T14:20:58.3473970Z   --help                          Show this message and exit.
2022-10-26T14:20:58.3474158Z 
2022-10-26T14:20:58.3474245Z Commands:
2022-10-26T14:20:58.3474458Z   fetch     Download logs
2022-10-26T14:20:58.3474724Z   sanitize  Sanitize secrets in logs
2022-10-26T14:20:58.3886814Z py run-test: commands[1] | pytest --cov-report=xml test
2022-10-26T14:20:59.4009145Z ============================= test session starts ==============================
2022-10-26T14:20:59.4010577Z platform linux -- Python 3.11.0, pytest-6.2.5, py-1.11.0, pluggy-1.0.0
2022-10-26T14:20:59.4010940Z cachedir: .tox/py/.pytest_cache
2022-10-26T14:20:59.4011276Z rootdir: /home/runner/work/tinuous/tinuous, configfile: tox.ini
2022-10-26T14:20:59.4011676Z plugins: cov-2.12.1, mock-3.10.0
2022-10-26T14:20:59.4012321Z collected 63 items
2022-10-26T14:20:59.4012501Z 
2022-10-26T14:20:59.4206895Z test/test_base.py .........                                              [ 14%]
2022-10-26T14:20:59.4382494Z test/test_config.py ........                                             [ 26%]
2022-10-26T14:20:59.4687592Z test/test_state.py .......                                               [ 38%]
2022-10-26T14:20:59.7535575Z test/test_util.py .......................................                [100%]
2022-10-26T14:20:59.7535826Z 
2022-10-26T14:20:59.7536370Z ---------- coverage: platform linux, python 3.11.0-final-0 -----------
2022-10-26T14:20:59.7536734Z Coverage XML written to file coverage.xml
2022-10-26T14:20:59.7536923Z 
2022-10-26T14:20:59.7536931Z 
2022-10-26T14:20:59.7537079Z ============================== 63 passed in 0.87s ==============================
2022-10-26T14:20:59.8460681Z ___________________________________ summary ____________________________________
2022-10-26T14:20:59.8461020Z   py: commands succeeded
2022-10-26T14:20:59.8461305Z   congratulations :)
2022-10-26T14:20:59.8847804Z ##[group]Run codecov/codecov-action@v3
2022-10-26T14:20:59.8848090Z with:
2022-10-26T14:20:59.8848306Z   fail_ci_if_error: false
2022-10-26T14:20:59.8848568Z env:
2022-10-26T14:20:59.8848845Z   pythonLocation: /opt/hostedtoolcache/Python/3.11.0/x64
2022-10-26T14:20:59.8849715Z   PKG_CONFIG_PATH: /opt/hostedtoolcache/Python/3.11.0/x64/lib/pkgconfig
2022-10-26T14:20:59.8850120Z   Python_ROOT_DIR: /opt/hostedtoolcache/Python/3.11.0/x64
2022-10-26T14:20:59.8850460Z   Python2_ROOT_DIR: /opt/hostedtoolcache/Python/3.11.0/x64
2022-10-26T14:20:59.8850811Z   Python3_ROOT_DIR: /opt/hostedtoolcache/Python/3.11.0/x64
2022-10-26T14:20:59.8851168Z   LD_LIBRARY_PATH: /opt/hostedtoolcache/Python/3.11.0/x64/lib
2022-10-26T14:20:59.8851443Z ##[endgroup]
2022-10-26T14:21:00.0857624Z ==> linux OS detected
2022-10-26T14:21:00.6027402Z https://uploader.codecov.io/latest/linux/codecov.SHA256SUM
2022-10-26T14:21:00.7413616Z ==> SHASUM file signed by key id 806bb28aed779869
2022-10-26T14:21:01.0321649Z ==> Uploader SHASUM verified (20f9c9d78483fce977b6cc39e231a734a23bcd36f4d536bb7355222fb88d02bc  codecov)
2022-10-26T14:21:01.0325606Z ==> Running version latest
2022-10-26T14:21:01.1341747Z ==> Running version v0.3.2
2022-10-26T14:21:01.1370090Z [command]/home/runner/work/_actions/codecov/codecov-action/v3/dist/codecov -n  -Q github-action-3.1.1 -C fe5a158b2d32d3dc8ac3282af328a6ce7cf285c0
2022-10-26T14:21:01.4403999Z [2022-10-26T14:21:01.436Z] ['info'] 
2022-10-26T14:21:01.4404655Z      _____          _
2022-10-26T14:21:01.4405441Z     / ____|        | |
2022-10-26T14:21:01.4405917Z    | |     ___   __| | ___  ___ _____   __
2022-10-26T14:21:01.4406628Z    | |    / _ \ / _` |/ _ \/ __/ _ \ \ / /
2022-10-26T14:21:01.4407092Z    | |___| (_) | (_| |  __/ (_| (_) \ V /
2022-10-26T14:21:01.4407811Z     \_____\___/ \__,_|\___|\___\___/ \_/
2022-10-26T14:21:01.4408177Z 
2022-10-26T14:21:01.4408732Z   Codecov report uploader 0.3.2
2022-10-26T14:21:01.4472361Z [2022-10-26T14:21:01.446Z] ['info'] => Project root located at: /home/runner/work/tinuous/tinuous
2022-10-26T14:21:01.4506544Z [2022-10-26T14:21:01.450Z] ['info'] -> No token specified or token is empty
2022-10-26T14:21:01.4599728Z [2022-10-26T14:21:01.459Z] ['info'] Searching for coverage files...
2022-10-26T14:21:01.5708018Z [2022-10-26T14:21:01.570Z] ['info'] Warning: Some files located via search were excluded from upload.
2022-10-26T14:21:01.5709262Z [2022-10-26T14:21:01.570Z] ['info'] If Codecov did not locate your files, please review https://docs.codecov.com/docs/supported-report-formats
2022-10-26T14:21:01.5710518Z [2022-10-26T14:21:01.570Z] ['info'] => Found 1 possible coverage files:
2022-10-26T14:21:01.5711095Z   coverage.xml
2022-10-26T14:21:01.5712108Z [2022-10-26T14:21:01.570Z] ['info'] Processing /home/runner/work/tinuous/tinuous/coverage.xml...
2022-10-26T14:21:01.5755078Z [2022-10-26T14:21:01.575Z] ['info'] Detected GitHub Actions as the CI provider.
2022-10-26T14:21:01.5788945Z [2022-10-26T14:21:01.578Z] ['info'] Pinging Codecov: https://codecov.io/upload/v4?package=github-action-3.1.1-uploader-0.3.2&token=*******&branch=py3.11&build=3329824476&build_url=https%3A%2F%2Fgithub.com%2Fcon%2Ftinuous%2Factions%2Fruns%2F3329824476&commit=fe5a158b2d32d3dc8ac3282af328a6ce7cf285c0&job=Test&pr=156&service=github-actions&slug=con%2Ftinuous&name=&tag=&flags=&parent=
2022-10-26T14:21:02.5076959Z [2022-10-26T14:21:02.507Z] ['info'] https://app.codecov.io/github/con/tinuous/commit/fe5a158b2d32d3dc8ac3282af328a6ce7cf285c0
2022-10-26T14:21:02.5079043Z https://storage.googleapis.com/codecov/v4/raw/2022-10-26/0010CBA6D851417C00BB0BC3FC5895F9/fe5a158b2d32d3dc8ac3282af328a6ce7cf285c0/38a1ce7e-c93a-477e-b154-f6a4702cd1f2.txt?X-Amz-Algorithm=AWS4-HMAC-SHA256&X-Amz-Credential=GOOG1EJOGFN2JQ4OCTGA2MU5AEIT7OT5Z7HTFOAN2SPG4NWSN2UJYOY5U6LZQ%2F20221026%2FUS%2Fs3%2Faws4_request&X-Amz-Date=20221026T142102Z&X-Amz-Expires=10&X-Amz-SignedHeaders=host&X-Amz-Signature=635afe867b72f2a084f88f48165cf2e2fe2becbda0e2c18db2ab819300991754
2022-10-26T14:21:02.5082566Z [2022-10-26T14:21:02.507Z] ['info'] Uploading...
2022-10-26T14:21:02.7501402Z [2022-10-26T14:21:02.749Z] ['info'] {"status":"success","resultURL":"https://app.codecov.io/github/con/tinuous/commit/fe5a158b2d32d3dc8ac3282af328a6ce7cf285c0"}
2022-10-26T14:21:02.7861955Z Post job cleanup.
2022-10-26T14:21:02.9916995Z Post job cleanup.
2022-10-26T14:21:03.1548019Z [command]/usr/bin/git version
2022-10-26T14:21:03.1667393Z git version 2.38.1
2022-10-26T14:21:03.1699794Z Temporarily overriding HOME='/home/runner/work/_temp/94061e41-001b-4adf-81c4-3d5773eac4ed' before making global git config changes
2022-10-26T14:21:03.1702849Z Adding repository directory to the temporary git global config as a safe directory
2022-10-26T14:21:03.1714368Z [command]/usr/bin/git config --global --add safe.directory /home/runner/work/tinuous/tinuous
2022-10-26T14:21:03.1780446Z [command]/usr/bin/git config --local --name-only --get-regexp core\.sshCommand
2022-10-26T14:21:03.1834635Z [command]/usr/bin/git submodule foreach --recursive git config --local --name-only --get-regexp 'core\.sshCommand' && git config --local --unset-all 'core.sshCommand' || :
2022-10-26T14:21:03.2179946Z [command]/usr/bin/git config --local --name-only --get-regexp http\.https\:\/\/github\.com\/\.extraheader
2022-10-26T14:21:03.2215509Z http.https://github.com/.extraheader
2022-10-26T14:21:03.2244111Z [command]/usr/bin/git config --local --unset-all http.https://github.com/.extraheader
2022-10-26T14:21:03.2308155Z [command]/usr/bin/git submodule foreach --recursive git config --local --name-only --get-regexp 'http\.https\:\/\/github\.com\/\.extraheader' && git config --local --unset-all 'http.https://github.com/.extraheader' || :
2022-10-26T14:21:03.2918683Z Cleaning up orphan processes
