2023-04-26T18:50:09.5662661Z Requested labels: ubuntu-latest
2023-04-26T18:50:09.5662912Z Job defined at: con/tinuous/.github/workflows/test.yml@refs/pull/164/merge
2023-04-26T18:50:09.5663018Z Waiting for a runner to pick up this job...
2023-04-26T18:50:13.3721986Z Job is waiting for a hosted runner to come online.
2023-04-26T18:50:13.4279235Z Job is about to start running on the hosted runner: GitHub Actions 13 (hosted)
2023-04-26T18:50:17.4940659Z Current runner version: '2.303.0'
2023-04-26T18:50:17.4968749Z ##[group]Operating System
2023-04-26T18:50:17.4969234Z Ubuntu
2023-04-26T18:50:17.4969529Z 22.04.2
2023-04-26T18:50:17.4969804Z LTS
2023-04-26T18:50:17.4970044Z ##[endgroup]
2023-04-26T18:50:17.4970393Z ##[group]Runner Image
2023-04-26T18:50:17.4970796Z Image: ubuntu-22.04
2023-04-26T18:50:17.4971073Z Version: 20230426.1
2023-04-26T18:50:17.4971573Z Included Software: https://github.com/actions/runner-images/blob/ubuntu22/20230426.1/images/linux/Ubuntu2204-Readme.md
2023-04-26T18:50:17.4972190Z Image Release: https://github.com/actions/runner-images/releases/tag/ubuntu22%2F20230426.1
2023-04-26T18:50:17.4972644Z ##[endgroup]
2023-04-26T18:50:17.4972945Z ##[group]Runner Image Provisioner
2023-04-26T18:50:17.4973280Z 2.0.159.1
2023-04-26T18:50:17.4973581Z ##[endgroup]
2023-04-26T18:50:17.4974484Z ##[group]GITHUB_TOKEN Permissions
2023-04-26T18:50:17.4975112Z Actions: write
2023-04-26T18:50:17.4975426Z Checks: write
2023-04-26T18:50:17.4975876Z Contents: write
2023-04-26T18:50:17.4976360Z Deployments: write
2023-04-26T18:50:17.4976637Z Discussions: write
2023-04-26T18:50:17.4976941Z Issues: write
2023-04-26T18:50:17.4977257Z Metadata: read
2023-04-26T18:50:17.4977561Z Packages: write
2023-04-26T18:50:17.4977817Z Pages: write
2023-04-26T18:50:17.4978126Z PullRequests: write
2023-04-26T18:50:17.4978467Z RepositoryProjects: write
2023-04-26T18:50:17.4978805Z SecurityEvents: write
2023-04-26T18:50:17.4979122Z Statuses: write
2023-04-26T18:50:17.4979419Z ##[endgroup]
2023-04-26T18:50:17.4983028Z Secret source: Actions
2023-04-26T18:50:17.4983520Z Prepare workflow directory
2023-04-26T18:50:17.5731371Z Prepare all required actions
2023-04-26T18:50:17.5915982Z Getting action download info
2023-04-26T18:50:17.8473872Z Download action repository 'actions/checkout@v3' (SHA:8e5e7e5ab8b370d6c329ec480221332ada57f0ab)
2023-04-26T18:50:18.6667651Z Download action repository 'actions/setup-python@v4' (SHA:57ded4d7d5e986d7296eab16560982c6dd7c923b)
2023-04-26T18:50:19.4455928Z Download action repository 'codecov/codecov-action@v3' (SHA:894ff025c7b54547a9a2a1e9f228beae737ad3c2)
2023-04-26T18:50:20.3668076Z Complete job name: test (3.8, lint)
2023-04-26T18:50:20.4790820Z ##[group]Run actions/checkout@v3
2023-04-26T18:50:20.4791097Z with:
2023-04-26T18:50:20.4791283Z   fetch-depth: 0
2023-04-26T18:50:20.4791495Z   repository: con/tinuous
2023-04-26T18:50:20.4791849Z   token: ***
2023-04-26T18:50:20.4792038Z   ssh-strict: true
2023-04-26T18:50:20.4792248Z   persist-credentials: true
2023-04-26T18:50:20.4792456Z   clean: true
2023-04-26T18:50:20.4792630Z   lfs: false
2023-04-26T18:50:20.4792803Z   submodules: false
2023-04-26T18:50:20.4793012Z   set-safe-directory: true
2023-04-26T18:50:20.4793224Z ##[endgroup]
2023-04-26T18:50:20.7030079Z Syncing repository: con/tinuous
2023-04-26T18:50:20.7031738Z ##[group]Getting Git version info
2023-04-26T18:50:20.7032214Z Working directory is '/home/runner/work/tinuous/tinuous'
2023-04-26T18:50:20.7078958Z [command]/usr/bin/git version
2023-04-26T18:50:20.7079236Z git version 2.40.1
2023-04-26T18:50:20.7087430Z ##[endgroup]
2023-04-26T18:50:20.7105687Z Temporarily overriding HOME='/home/runner/work/_temp/9b75d8c2-7ad5-4c47-83ee-9a04319f1ea2' before making global git config changes
2023-04-26T18:50:20.7106167Z Adding repository directory to the temporary git global config as a safe directory
2023-04-26T18:50:20.7119277Z [command]/usr/bin/git config --global --add safe.directory /home/runner/work/tinuous/tinuous
2023-04-26T18:50:20.7157746Z Deleting the contents of '/home/runner/work/tinuous/tinuous'
2023-04-26T18:50:20.7163410Z ##[group]Initializing the repository
2023-04-26T18:50:20.7168007Z [command]/usr/bin/git init /home/runner/work/tinuous/tinuous
2023-04-26T18:50:20.7232375Z hint: Using 'master' as the name for the initial branch. This default branch name
2023-04-26T18:50:20.7233026Z hint: is subject to change. To configure the initial branch name to use in all
2023-04-26T18:50:20.7234098Z hint: of your new repositories, which will suppress this warning, call:
2023-04-26T18:50:20.7234791Z hint: 
2023-04-26T18:50:20.7235674Z hint: 	git config --global init.defaultBranch <name>
2023-04-26T18:50:20.7236101Z hint: 
2023-04-26T18:50:20.7236948Z hint: Names commonly chosen instead of 'master' are 'main', 'trunk' and
2023-04-26T18:50:20.7237546Z hint: 'development'. The just-created branch can be renamed via this command:
2023-04-26T18:50:20.7238330Z hint: 
2023-04-26T18:50:20.7238736Z hint: 	git branch -m <name>
2023-04-26T18:50:20.7244350Z Initialized empty Git repository in /home/runner/work/tinuous/tinuous/.git/
2023-04-26T18:50:20.7254583Z [command]/usr/bin/git remote add origin https://github.com/con/tinuous
2023-04-26T18:50:20.7292595Z ##[endgroup]
2023-04-26T18:50:20.7293192Z ##[group]Disabling automatic garbage collection
2023-04-26T18:50:20.7296741Z [command]/usr/bin/git config --local gc.auto 0
2023-04-26T18:50:20.7326491Z ##[endgroup]
2023-04-26T18:50:20.7327711Z ##[group]Setting up auth
2023-04-26T18:50:20.7334412Z [command]/usr/bin/git config --local --name-only --get-regexp core\.sshCommand
2023-04-26T18:50:20.7365661Z [command]/usr/bin/git submodule foreach --recursive sh -c "git config --local --name-only --get-regexp 'core\.sshCommand' && git config --local --unset-all 'core.sshCommand' || :"
2023-04-26T18:50:20.7699556Z [command]/usr/bin/git config --local --name-only --get-regexp http\.https\:\/\/github\.com\/\.extraheader
2023-04-26T18:50:20.7729846Z [command]/usr/bin/git submodule foreach --recursive sh -c "git config --local --name-only --get-regexp 'http\.https\:\/\/github\.com\/\.extraheader' && git config --local --unset-all 'http.https://github.com/.extraheader' || :"
2023-04-26T18:50:20.7931224Z [command]/usr/bin/git config --local http.https://github.com/.extraheader AUTHORIZATION: basic ***
2023-04-26T18:50:20.7965538Z ##[endgroup]
2023-04-26T18:50:20.7966184Z ##[group]Fetching the repository
2023-04-26T18:50:20.7976244Z [command]/usr/bin/git -c protocol.version=2 fetch --prune --progress --no-recurse-submodules origin +refs/heads/*:refs/remotes/origin/* +refs/tags/*:refs/tags/* +b1102a674f2279acf481bcdaaa98e91634a30899:refs/remotes/pull/164/merge
2023-04-26T18:50:21.3230141Z remote: Enumerating objects: 1063, done.        
2023-04-26T18:50:21.3230523Z remote: Counting objects:   0% (1/285)        
2023-04-26T18:50:21.3241995Z remote: Counting objects:   1% (3/285)        
2023-04-26T18:50:21.3242275Z remote: Counting objects:   2% (6/285)        
2023-04-26T18:50:21.3242530Z remote: Counting objects:   3% (9/285)        
2023-04-26T18:50:21.3242783Z remote: Counting objects:   4% (12/285)        
2023-04-26T18:50:21.3243032Z remote: Counting objects:   5% (15/285)        
2023-04-26T18:50:21.3243274Z remote: Counting objects:   6% (18/285)        
2023-04-26T18:50:21.3243517Z remote: Counting objects:   7% (20/285)        
2023-04-26T18:50:21.3243752Z remote: Counting objects:   8% (23/285)        
2023-04-26T18:50:21.3243983Z remote: Counting objects:   9% (26/285)        
2023-04-26T18:50:21.3244225Z remote: Counting objects:  10% (29/285)        
2023-04-26T18:50:21.3244474Z remote: Counting objects:  11% (32/285)        
2023-04-26T18:50:21.3244717Z remote: Counting objects:  12% (35/285)        
2023-04-26T18:50:21.3244947Z remote: Counting objects:  13% (38/285)        
2023-04-26T18:50:21.3245181Z remote: Counting objects:  14% (40/285)        
2023-04-26T18:50:21.3245405Z remote: Counting objects:  15% (43/285)        
2023-04-26T18:50:21.3245636Z remote: Counting objects:  16% (46/285)        
2023-04-26T18:50:21.3245865Z remote: Counting objects:  17% (49/285)        
2023-04-26T18:50:21.3246087Z remote: Counting objects:  18% (52/285)        
2023-04-26T18:50:21.3246313Z remote: Counting objects:  19% (55/285)        
2023-04-26T18:50:21.3246702Z remote: Counting objects:  20% (57/285)        
2023-04-26T18:50:21.3247103Z remote: Counting objects:  21% (60/285)        
2023-04-26T18:50:21.3247359Z remote: Counting objects:  22% (63/285)        
2023-04-26T18:50:21.3247604Z remote: Counting objects:  23% (66/285)        
2023-04-26T18:50:21.3248177Z remote: Counting objects:  24% (69/285)        
2023-04-26T18:50:21.3248421Z remote: Counting objects:  25% (72/285)        
2023-04-26T18:50:21.3248680Z remote: Counting objects:  26% (75/285)        
2023-04-26T18:50:21.3248912Z remote: Counting objects:  27% (77/285)        
2023-04-26T18:50:21.3249215Z remote: Counting objects:  28% (80/285)        
2023-04-26T18:50:21.3249454Z remote: Counting objects:  29% (83/285)        
2023-04-26T18:50:21.3249720Z remote: Counting objects:  30% (86/285)        
2023-04-26T18:50:21.3249964Z remote: Counting objects:  31% (89/285)        
2023-04-26T18:50:21.3250197Z remote: Counting objects:  32% (92/285)        
2023-04-26T18:50:21.3250442Z remote: Counting objects:  33% (95/285)        
2023-04-26T18:50:21.3250687Z remote: Counting objects:  34% (97/285)        
2023-04-26T18:50:21.3250938Z remote: Counting objects:  35% (100/285)        
2023-04-26T18:50:21.3251198Z remote: Counting objects:  36% (103/285)        
2023-04-26T18:50:21.3251473Z remote: Counting objects:  37% (106/285)        
2023-04-26T18:50:21.3251735Z remote: Counting objects:  38% (109/285)        
2023-04-26T18:50:21.3251994Z remote: Counting objects:  39% (112/285)        
2023-04-26T18:50:21.3252250Z remote: Counting objects:  40% (114/285)        
2023-04-26T18:50:21.3252502Z remote: Counting objects:  41% (117/285)        
2023-04-26T18:50:21.3252757Z remote: Counting objects:  42% (120/285)        
2023-04-26T18:50:21.3253013Z remote: Counting objects:  43% (123/285)        
2023-04-26T18:50:21.3253257Z remote: Counting objects:  44% (126/285)        
2023-04-26T18:50:21.3253509Z remote: Counting objects:  45% (129/285)        
2023-04-26T18:50:21.3253769Z remote: Counting objects:  46% (132/285)        
2023-04-26T18:50:21.3254012Z remote: Counting objects:  47% (134/285)        
2023-04-26T18:50:21.3254265Z remote: Counting objects:  48% (137/285)        
2023-04-26T18:50:21.3254516Z remote: Counting objects:  49% (140/285)        
2023-04-26T18:50:21.3254771Z remote: Counting objects:  50% (143/285)        
2023-04-26T18:50:21.3255021Z remote: Counting objects:  51% (146/285)        
2023-04-26T18:50:21.3255407Z remote: Counting objects:  52% (149/285)        
2023-04-26T18:50:21.3255669Z remote: Counting objects:  53% (152/285)        
2023-04-26T18:50:21.3255921Z remote: Counting objects:  54% (154/285)        
2023-04-26T18:50:21.3256163Z remote: Counting objects:  55% (157/285)        
2023-04-26T18:50:21.3256409Z remote: Counting objects:  56% (160/285)        
2023-04-26T18:50:21.3256659Z remote: Counting objects:  57% (163/285)        
2023-04-26T18:50:21.3256898Z remote: Counting objects:  58% (166/285)        
2023-04-26T18:50:21.3257147Z remote: Counting objects:  59% (169/285)        
2023-04-26T18:50:21.3257393Z remote: Counting objects:  60% (171/285)        
2023-04-26T18:50:21.3257637Z remote: Counting objects:  61% (174/285)        
2023-04-26T18:50:21.3257876Z remote: Counting objects:  62% (177/285)        
2023-04-26T18:50:21.3258123Z remote: Counting objects:  63% (180/285)        
2023-04-26T18:50:21.3258394Z remote: Counting objects:  64% (183/285)        
2023-04-26T18:50:21.3258643Z remote: Counting objects:  65% (186/285)        
2023-04-26T18:50:21.3258888Z remote: Counting objects:  66% (189/285)        
2023-04-26T18:50:21.3259128Z remote: Counting objects:  67% (191/285)        
2023-04-26T18:50:21.3259374Z remote: Counting objects:  68% (194/285)        
2023-04-26T18:50:21.3259619Z remote: Counting objects:  69% (197/285)        
2023-04-26T18:50:21.3259865Z remote: Counting objects:  70% (200/285)        
2023-04-26T18:50:21.3260102Z remote: Counting objects:  71% (203/285)        
2023-04-26T18:50:21.3260346Z remote: Counting objects:  72% (206/285)        
2023-04-26T18:50:21.3260592Z remote: Counting objects:  73% (209/285)        
2023-04-26T18:50:21.3260829Z remote: Counting objects:  74% (211/285)        
2023-04-26T18:50:21.3261080Z remote: Counting objects:  75% (214/285)        
2023-04-26T18:50:21.3261309Z remote: Counting objects:  76% (217/285)        
2023-04-26T18:50:21.3261758Z remote: Counting objects:  77% (220/285)        
2023-04-26T18:50:21.3264377Z remote: Counting objects:  78% (223/285)        
2023-04-26T18:50:21.3264643Z remote: Counting objects:  79% (226/285)        
2023-04-26T18:50:21.3264875Z remote: Counting objects:  80% (228/285)        
2023-04-26T18:50:21.3265104Z remote: Counting objects:  81% (231/285)        
2023-04-26T18:50:21.3265435Z remote: Counting objects:  82% (234/285)        
2023-04-26T18:50:21.3265785Z remote: Counting objects:  83% (237/285)        
2023-04-26T18:50:21.3266103Z remote: Counting objects:  84% (240/285)        
2023-04-26T18:50:21.3266399Z remote: Counting objects:  85% (243/285)        
2023-04-26T18:50:21.3266706Z remote: Counting objects:  86% (246/285)        
2023-04-26T18:50:21.3267017Z remote: Counting objects:  87% (248/285)        
2023-04-26T18:50:21.3267320Z remote: Counting objects:  88% (251/285)        
2023-04-26T18:50:21.3267612Z remote: Counting objects:  89% (254/285)        
2023-04-26T18:50:21.3267939Z remote: Counting objects:  90% (257/285)        
2023-04-26T18:50:21.3268244Z remote: Counting objects:  91% (260/285)        
2023-04-26T18:50:21.3268553Z remote: Counting objects:  92% (263/285)        
2023-04-26T18:50:21.3268796Z remote: Counting objects:  93% (266/285)        
2023-04-26T18:50:21.3269252Z remote: Counting objects:  94% (268/285)        
2023-04-26T18:50:21.3269568Z remote: Counting objects:  95% (271/285)        
2023-04-26T18:50:21.3269875Z remote: Counting objects:  96% (274/285)        
2023-04-26T18:50:21.3270174Z remote: Counting objects:  97% (277/285)        
2023-04-26T18:50:21.3270479Z remote: Counting objects:  98% (280/285)        
2023-04-26T18:50:21.3270727Z remote: Counting objects:  99% (283/285)        
2023-04-26T18:50:21.3270983Z remote: Counting objects: 100% (285/285)        
2023-04-26T18:50:21.3271249Z remote: Counting objects: 100% (285/285), done.        
2023-04-26T18:50:21.3271548Z remote: Compressing objects:   0% (1/195)        
2023-04-26T18:50:21.3271837Z remote: Compressing objects:   1% (2/195)        
2023-04-26T18:50:21.3272098Z remote: Compressing objects:   2% (4/195)        
2023-04-26T18:50:21.3272749Z remote: Compressing objects:   3% (6/195)        
2023-04-26T18:50:21.3273069Z remote: Compressing objects:   4% (8/195)        
2023-04-26T18:50:21.3414378Z remote: Compressing objects:   5% (10/195)        
2023-04-26T18:50:21.3414677Z remote: Compressing objects:   6% (12/195)        
2023-04-26T18:50:21.3414939Z remote: Compressing objects:   7% (14/195)        
2023-04-26T18:50:21.3415196Z remote: Compressing objects:   8% (16/195)        
2023-04-26T18:50:21.3415438Z remote: Compressing objects:   9% (18/195)        
2023-04-26T18:50:21.3415692Z remote: Compressing objects:  10% (20/195)        
2023-04-26T18:50:21.3415941Z remote: Compressing objects:  11% (22/195)        
2023-04-26T18:50:21.3416192Z remote: Compressing objects:  12% (24/195)        
2023-04-26T18:50:21.3416429Z remote: Compressing objects:  13% (26/195)        
2023-04-26T18:50:21.3416692Z remote: Compressing objects:  14% (28/195)        
2023-04-26T18:50:21.3416949Z remote: Compressing objects:  15% (30/195)        
2023-04-26T18:50:21.3417187Z remote: Compressing objects:  16% (32/195)        
2023-04-26T18:50:21.3417435Z remote: Compressing objects:  17% (34/195)        
2023-04-26T18:50:21.3417681Z remote: Compressing objects:  18% (36/195)        
2023-04-26T18:50:21.3417915Z remote: Compressing objects:  19% (38/195)        
2023-04-26T18:50:21.3418161Z remote: Compressing objects:  20% (39/195)        
2023-04-26T18:50:21.3418405Z remote: Compressing objects:  21% (41/195)        
2023-04-26T18:50:21.3418642Z remote: Compressing objects:  22% (43/195)        
2023-04-26T18:50:21.3418880Z remote: Compressing objects:  23% (45/195)        
2023-04-26T18:50:21.3419120Z remote: Compressing objects:  24% (47/195)        
2023-04-26T18:50:21.3419364Z remote: Compressing objects:  25% (49/195)        
2023-04-26T18:50:21.3419600Z remote: Compressing objects:  26% (51/195)        
2023-04-26T18:50:21.3420114Z remote: Compressing objects:  27% (53/195)        
2023-04-26T18:50:21.3420375Z remote: Compressing objects:  28% (55/195)        
2023-04-26T18:50:21.3420619Z remote: Compressing objects:  29% (57/195)        
2023-04-26T18:50:21.3420870Z remote: Compressing objects:  30% (59/195)        
2023-04-26T18:50:21.3421120Z remote: Compressing objects:  31% (61/195)        
2023-04-26T18:50:21.3421355Z remote: Compressing objects:  32% (63/195)        
2023-04-26T18:50:21.3421598Z remote: Compressing objects:  33% (65/195)        
2023-04-26T18:50:21.3421841Z remote: Compressing objects:  34% (67/195)        
2023-04-26T18:50:21.3422089Z remote: Compressing objects:  35% (69/195)        
2023-04-26T18:50:21.3422324Z remote: Compressing objects:  36% (71/195)        
2023-04-26T18:50:21.3422570Z remote: Compressing objects:  37% (73/195)        
2023-04-26T18:50:21.3422813Z remote: Compressing objects:  38% (75/195)        
2023-04-26T18:50:21.3423053Z remote: Compressing objects:  39% (77/195)        
2023-04-26T18:50:21.3423305Z remote: Compressing objects:  40% (78/195)        
2023-04-26T18:50:21.3423557Z remote: Compressing objects:  41% (80/195)        
2023-04-26T18:50:21.3423795Z remote: Compressing objects:  42% (82/195)        
2023-04-26T18:50:21.3424041Z remote: Compressing objects:  43% (84/195)        
2023-04-26T18:50:21.3424461Z remote: Compressing objects:  44% (86/195)        
2023-04-26T18:50:21.3424697Z remote: Compressing objects:  45% (88/195)        
2023-04-26T18:50:21.3424947Z remote: Compressing objects:  46% (90/195)        
2023-04-26T18:50:21.3425197Z remote: Compressing objects:  47% (92/195)        
2023-04-26T18:50:21.3425450Z remote: Compressing objects:  48% (94/195)        
2023-04-26T18:50:21.3425693Z remote: Compressing objects:  49% (96/195)        
2023-04-26T18:50:21.3425935Z remote: Compressing objects:  50% (98/195)        
2023-04-26T18:50:21.3426187Z remote: Compressing objects:  51% (100/195)        
2023-04-26T18:50:21.3426458Z remote: Compressing objects:  52% (102/195)        
2023-04-26T18:50:21.3426729Z remote: Compressing objects:  53% (104/195)        
2023-04-26T18:50:21.3427093Z remote: Compressing objects:  54% (106/195)        
2023-04-26T18:50:21.3621176Z remote: Compressing objects:  55% (108/195)        
2023-04-26T18:50:21.3621436Z remote: Compressing objects:  56% (110/195)        
2023-04-26T18:50:21.3621790Z remote: Compressing objects:  57% (112/195)        
2023-04-26T18:50:21.3622042Z remote: Compressing objects:  58% (114/195)        
2023-04-26T18:50:21.3622284Z remote: Compressing objects:  59% (116/195)        
2023-04-26T18:50:21.3622537Z remote: Compressing objects:  60% (117/195)        
2023-04-26T18:50:21.3622787Z remote: Compressing objects:  61% (119/195)        
2023-04-26T18:50:21.3623037Z remote: Compressing objects:  62% (121/195)        
2023-04-26T18:50:21.3623279Z remote: Compressing objects:  63% (123/195)        
2023-04-26T18:50:21.3623526Z remote: Compressing objects:  64% (125/195)        
2023-04-26T18:50:21.3623788Z remote: Compressing objects:  65% (127/195)        
2023-04-26T18:50:21.3624035Z remote: Compressing objects:  66% (129/195)        
2023-04-26T18:50:21.3624285Z remote: Compressing objects:  67% (131/195)        
2023-04-26T18:50:21.3624530Z remote: Compressing objects:  68% (133/195)        
2023-04-26T18:50:21.3624766Z remote: Compressing objects:  69% (135/195)        
2023-04-26T18:50:21.3625016Z remote: Compressing objects:  70% (137/195)        
2023-04-26T18:50:21.3625266Z remote: Compressing objects:  71% (139/195)        
2023-04-26T18:50:21.3625502Z remote: Compressing objects:  72% (141/195)        
2023-04-26T18:50:21.3625744Z remote: Compressing objects:  73% (143/195)        
2023-04-26T18:50:21.3625988Z remote: Compressing objects:  74% (145/195)        
2023-04-26T18:50:21.3626237Z remote: Compressing objects:  75% (147/195)        
2023-04-26T18:50:21.3626473Z remote: Compressing objects:  76% (149/195)        
2023-04-26T18:50:21.3626892Z remote: Compressing objects:  77% (151/195)        
2023-04-26T18:50:21.3627142Z remote: Compressing objects:  78% (153/195)        
2023-04-26T18:50:21.3627384Z remote: Compressing objects:  79% (155/195)        
2023-04-26T18:50:21.3627636Z remote: Compressing objects:  80% (156/195)        
2023-04-26T18:50:21.3627881Z remote: Compressing objects:  81% (158/195)        
2023-04-26T18:50:21.3628116Z remote: Compressing objects:  82% (160/195)        
2023-04-26T18:50:21.3628362Z remote: Compressing objects:  83% (162/195)        
2023-04-26T18:50:21.3628610Z remote: Compressing objects:  84% (164/195)        
2023-04-26T18:50:21.3628859Z remote: Compressing objects:  85% (166/195)        
2023-04-26T18:50:21.3629096Z remote: Compressing objects:  86% (168/195)        
2023-04-26T18:50:21.3629343Z remote: Compressing objects:  87% (170/195)        
2023-04-26T18:50:21.3629596Z remote: Compressing objects:  88% (172/195)        
2023-04-26T18:50:21.3629833Z remote: Compressing objects:  89% (174/195)        
2023-04-26T18:50:21.3630127Z remote: Compressing objects:  90% (176/195)        
2023-04-26T18:50:21.3630362Z remote: Compressing objects:  91% (178/195)        
2023-04-26T18:50:21.3630617Z remote: Compressing objects:  92% (180/195)        
2023-04-26T18:50:21.3630864Z remote: Compressing objects:  93% (182/195)        
2023-04-26T18:50:21.3631102Z remote: Compressing objects:  94% (184/195)        
2023-04-26T18:50:21.3631351Z remote: Compressing objects:  95% (186/195)        
2023-04-26T18:50:21.3631599Z remote: Compressing objects:  96% (188/195)        
2023-04-26T18:50:21.3631834Z remote: Compressing objects:  97% (190/195)        
2023-04-26T18:50:21.3632078Z remote: Compressing objects:  98% (192/195)        
2023-04-26T18:50:21.3632318Z remote: Compressing objects:  99% (194/195)        
2023-04-26T18:50:21.3632562Z remote: Compressing objects: 100% (195/195)        
2023-04-26T18:50:21.3632818Z remote: Compressing objects: 100% (195/195), done.        
2023-04-26T18:50:21.3727178Z Receiving objects:   0% (1/1063)
2023-04-26T18:50:21.3731381Z Receiving objects:   1% (11/1063)
2023-04-26T18:50:21.3733968Z Receiving objects:   2% (22/1063)
2023-04-26T18:50:21.3934060Z Receiving objects:   3% (32/1063)
2023-04-26T18:50:21.3935203Z Receiving objects:   4% (43/1063)
2023-04-26T18:50:21.3935767Z Receiving objects:   5% (54/1063)
2023-04-26T18:50:21.4143513Z Receiving objects:   6% (64/1063)
2023-04-26T18:50:21.4238819Z Receiving objects:   7% (75/1063)
2023-04-26T18:50:21.4239095Z Receiving objects:   8% (86/1063)
2023-04-26T18:50:21.4239320Z Receiving objects:   9% (96/1063)
2023-04-26T18:50:21.4239543Z Receiving objects:  10% (107/1063)
2023-04-26T18:50:21.4239768Z Receiving objects:  11% (117/1063)
2023-04-26T18:50:21.4239991Z Receiving objects:  12% (128/1063)
2023-04-26T18:50:21.4240195Z Receiving objects:  13% (139/1063)
2023-04-26T18:50:21.4240410Z Receiving objects:  14% (149/1063)
2023-04-26T18:50:21.4240629Z Receiving objects:  15% (160/1063)
2023-04-26T18:50:21.4240831Z Receiving objects:  16% (171/1063)
2023-04-26T18:50:21.4241071Z Receiving objects:  17% (181/1063)
2023-04-26T18:50:21.4241281Z Receiving objects:  18% (192/1063)
2023-04-26T18:50:21.4241502Z Receiving objects:  19% (202/1063)
2023-04-26T18:50:21.4241712Z Receiving objects:  20% (213/1063)
2023-04-26T18:50:21.4241918Z Receiving objects:  21% (224/1063)
2023-04-26T18:50:21.4242116Z Receiving objects:  22% (234/1063)
2023-04-26T18:50:21.4455028Z Receiving objects:  23% (245/1063)
2023-04-26T18:50:21.4456090Z Receiving objects:  24% (256/1063)
2023-04-26T18:50:21.4665477Z Receiving objects:  25% (266/1063)
2023-04-26T18:50:21.4665729Z Receiving objects:  26% (277/1063)
2023-04-26T18:50:21.4665955Z Receiving objects:  27% (288/1063)
2023-04-26T18:50:21.4692049Z Receiving objects:  28% (298/1063)
2023-04-26T18:50:21.4692273Z Receiving objects:  29% (309/1063)
2023-04-26T18:50:21.4692503Z Receiving objects:  30% (319/1063)
2023-04-26T18:50:21.4692717Z Receiving objects:  31% (330/1063)
2023-04-26T18:50:21.4692925Z Receiving objects:  32% (341/1063)
2023-04-26T18:50:21.4693396Z Receiving objects:  33% (351/1063)
2023-04-26T18:50:21.4693611Z Receiving objects:  34% (362/1063)
2023-04-26T18:50:21.4693839Z Receiving objects:  35% (373/1063)
2023-04-26T18:50:21.4694039Z Receiving objects:  36% (383/1063)
2023-04-26T18:50:21.4694250Z Receiving objects:  37% (394/1063)
2023-04-26T18:50:21.4738722Z Receiving objects:  38% (404/1063)
2023-04-26T18:50:21.4738940Z Receiving objects:  39% (415/1063)
2023-04-26T18:50:21.4739152Z Receiving objects:  40% (426/1063)
2023-04-26T18:50:21.4739368Z Receiving objects:  41% (436/1063)
2023-04-26T18:50:21.4740950Z Receiving objects:  42% (447/1063)
2023-04-26T18:50:21.4747944Z Receiving objects:  43% (458/1063)
2023-04-26T18:50:21.4749098Z Receiving objects:  44% (468/1063)
2023-04-26T18:50:21.4749341Z Receiving objects:  45% (479/1063)
2023-04-26T18:50:21.4749557Z Receiving objects:  46% (489/1063)
2023-04-26T18:50:21.4749767Z Receiving objects:  47% (500/1063)
2023-04-26T18:50:21.4749983Z Receiving objects:  48% (511/1063)
2023-04-26T18:50:21.4750214Z Receiving objects:  49% (521/1063)
2023-04-26T18:50:21.4761069Z Receiving objects:  50% (532/1063)
2023-04-26T18:50:21.4762520Z Receiving objects:  51% (543/1063)
2023-04-26T18:50:21.4762749Z Receiving objects:  52% (553/1063)
2023-04-26T18:50:21.4766937Z Receiving objects:  53% (564/1063)
2023-04-26T18:50:21.4769377Z Receiving objects:  54% (575/1063)
2023-04-26T18:50:21.4773754Z Receiving objects:  55% (585/1063)
2023-04-26T18:50:21.4773977Z Receiving objects:  56% (596/1063)
2023-04-26T18:50:21.4774180Z Receiving objects:  57% (606/1063)
2023-04-26T18:50:21.4774392Z Receiving objects:  58% (617/1063)
2023-04-26T18:50:21.4775402Z Receiving objects:  59% (628/1063)
2023-04-26T18:50:21.4775620Z Receiving objects:  60% (638/1063)
2023-04-26T18:50:21.4775840Z Receiving objects:  61% (649/1063)
2023-04-26T18:50:21.4778115Z Receiving objects:  62% (660/1063)
2023-04-26T18:50:21.4778333Z Receiving objects:  63% (670/1063)
2023-04-26T18:50:21.4778532Z Receiving objects:  64% (681/1063)
2023-04-26T18:50:21.4778759Z Receiving objects:  65% (691/1063)
2023-04-26T18:50:21.4782354Z Receiving objects:  66% (702/1063)
2023-04-26T18:50:21.4784613Z Receiving objects:  67% (713/1063)
2023-04-26T18:50:21.4786459Z Receiving objects:  68% (723/1063)
2023-04-26T18:50:21.4789131Z Receiving objects:  69% (734/1063)
2023-04-26T18:50:21.4789341Z Receiving objects:  70% (745/1063)
2023-04-26T18:50:21.4792831Z Receiving objects:  71% (755/1063)
2023-04-26T18:50:21.4974132Z Receiving objects:  72% (766/1063)
2023-04-26T18:50:21.4975646Z Receiving objects:  73% (776/1063)
2023-04-26T18:50:21.4977129Z Receiving objects:  74% (787/1063)
2023-04-26T18:50:21.4978629Z Receiving objects:  75% (798/1063)
2023-04-26T18:50:21.4980089Z Receiving objects:  76% (808/1063)
2023-04-26T18:50:21.4983763Z Receiving objects:  77% (819/1063)
2023-04-26T18:50:21.4984806Z Receiving objects:  78% (830/1063)
2023-04-26T18:50:21.5185800Z Receiving objects:  79% (840/1063)
2023-04-26T18:50:21.5206272Z Receiving objects:  80% (851/1063)
2023-04-26T18:50:21.5207389Z Receiving objects:  81% (862/1063)
2023-04-26T18:50:21.5207612Z Receiving objects:  82% (872/1063)
2023-04-26T18:50:21.5207833Z Receiving objects:  83% (883/1063)
2023-04-26T18:50:21.5208051Z Receiving objects:  84% (893/1063)
2023-04-26T18:50:21.5215738Z Receiving objects:  85% (904/1063)
2023-04-26T18:50:21.5215980Z Receiving objects:  86% (915/1063)
2023-04-26T18:50:21.5284317Z Receiving objects:  87% (925/1063)
2023-04-26T18:50:21.5285549Z Receiving objects:  88% (936/1063)
2023-04-26T18:50:21.5285787Z Receiving objects:  89% (947/1063)
2023-04-26T18:50:21.5286002Z Receiving objects:  90% (957/1063)
2023-04-26T18:50:21.5290967Z remote: Total 1063 (delta 105), reused 127 (delta 78), pack-reused 778        
2023-04-26T18:50:21.5314981Z Receiving objects:  91% (968/1063)
2023-04-26T18:50:21.5317759Z Receiving objects:  92% (978/1063)
2023-04-26T18:50:21.5317987Z Receiving objects:  93% (989/1063)
2023-04-26T18:50:21.5318211Z Receiving objects:  94% (1000/1063)
2023-04-26T18:50:21.5318625Z Receiving objects:  95% (1010/1063)
2023-04-26T18:50:21.5318849Z Receiving objects:  96% (1021/1063)
2023-04-26T18:50:21.5319085Z Receiving objects:  97% (1032/1063)
2023-04-26T18:50:21.5319309Z Receiving objects:  98% (1042/1063)
2023-04-26T18:50:21.5319515Z Receiving objects:  99% (1053/1063)
2023-04-26T18:50:21.5323670Z Receiving objects: 100% (1063/1063)
2023-04-26T18:50:21.5324161Z Receiving objects: 100% (1063/1063), 274.89 KiB | 1.69 MiB/s, done.
2023-04-26T18:50:21.5328184Z Resolving deltas:   0% (0/574)
2023-04-26T18:50:21.5329937Z Resolving deltas:   1% (6/574)
2023-04-26T18:50:21.5330541Z Resolving deltas:   2% (12/574)
2023-04-26T18:50:21.5331086Z Resolving deltas:   3% (18/574)
2023-04-26T18:50:21.5331294Z Resolving deltas:   4% (23/574)
2023-04-26T18:50:21.5332356Z Resolving deltas:   5% (29/574)
2023-04-26T18:50:21.5333158Z Resolving deltas:   6% (35/574)
2023-04-26T18:50:21.5333932Z Resolving deltas:   7% (41/574)
2023-04-26T18:50:21.5334711Z Resolving deltas:   8% (46/574)
2023-04-26T18:50:21.5335835Z Resolving deltas:   9% (52/574)
2023-04-26T18:50:21.5336627Z Resolving deltas:  10% (58/574)
2023-04-26T18:50:21.5337406Z Resolving deltas:  11% (64/574)
2023-04-26T18:50:21.5338244Z Resolving deltas:  12% (69/574)
2023-04-26T18:50:21.5339177Z Resolving deltas:  13% (75/574)
2023-04-26T18:50:21.5340122Z Resolving deltas:  14% (81/574)
2023-04-26T18:50:21.5340907Z Resolving deltas:  15% (87/574)
2023-04-26T18:50:21.5341775Z Resolving deltas:  16% (92/574)
2023-04-26T18:50:21.5342610Z Resolving deltas:  17% (98/574)
2023-04-26T18:50:21.5343557Z Resolving deltas:  18% (104/574)
2023-04-26T18:50:21.5344356Z Resolving deltas:  19% (110/574)
2023-04-26T18:50:21.5345129Z Resolving deltas:  20% (115/574)
2023-04-26T18:50:21.5346181Z Resolving deltas:  21% (121/574)
2023-04-26T18:50:21.5347049Z Resolving deltas:  22% (127/574)
2023-04-26T18:50:21.5347914Z Resolving deltas:  23% (133/574)
2023-04-26T18:50:21.5351213Z Resolving deltas:  24% (138/574)
2023-04-26T18:50:21.5352264Z Resolving deltas:  25% (144/574)
2023-04-26T18:50:21.5353081Z Resolving deltas:  26% (150/574)
2023-04-26T18:50:21.5353872Z Resolving deltas:  27% (155/574)
2023-04-26T18:50:21.5354921Z Resolving deltas:  28% (161/574)
2023-04-26T18:50:21.5361555Z Resolving deltas:  29% (167/574)
2023-04-26T18:50:21.5365612Z Resolving deltas:  30% (173/574)
2023-04-26T18:50:21.5370839Z Resolving deltas:  31% (178/574)
2023-04-26T18:50:21.5375098Z Resolving deltas:  32% (184/574)
2023-04-26T18:50:21.5376103Z Resolving deltas:  33% (190/574)
2023-04-26T18:50:21.5377230Z Resolving deltas:  34% (196/574)
2023-04-26T18:50:21.5378728Z Resolving deltas:  35% (201/574)
2023-04-26T18:50:21.5380118Z Resolving deltas:  36% (207/574)
2023-04-26T18:50:21.5383083Z Resolving deltas:  37% (213/574)
2023-04-26T18:50:21.5385155Z Resolving deltas:  38% (219/574)
2023-04-26T18:50:21.5387000Z Resolving deltas:  39% (224/574)
2023-04-26T18:50:21.5389510Z Resolving deltas:  40% (230/574)
2023-04-26T18:50:21.5392859Z Resolving deltas:  41% (236/574)
2023-04-26T18:50:21.5394466Z Resolving deltas:  42% (242/574)
2023-04-26T18:50:21.5397124Z Resolving deltas:  43% (247/574)
2023-04-26T18:50:21.5398520Z Resolving deltas:  44% (253/574)
2023-04-26T18:50:21.5401061Z Resolving deltas:  45% (259/574)
2023-04-26T18:50:21.5402409Z Resolving deltas:  46% (265/574)
2023-04-26T18:50:21.5411746Z Resolving deltas:  47% (270/574)
2023-04-26T18:50:21.5417842Z Resolving deltas:  48% (276/574)
2023-04-26T18:50:21.5422446Z Resolving deltas:  49% (282/574)
2023-04-26T18:50:21.5428060Z Resolving deltas:  50% (287/574)
2023-04-26T18:50:21.5432665Z Resolving deltas:  51% (293/574)
2023-04-26T18:50:21.5436878Z Resolving deltas:  52% (299/574)
2023-04-26T18:50:21.5440227Z Resolving deltas:  53% (305/574)
2023-04-26T18:50:21.5443354Z Resolving deltas:  54% (310/574)
2023-04-26T18:50:21.5447211Z Resolving deltas:  55% (316/574)
2023-04-26T18:50:21.5453602Z Resolving deltas:  56% (322/574)
2023-04-26T18:50:21.5458709Z Resolving deltas:  57% (328/574)
2023-04-26T18:50:21.5464079Z Resolving deltas:  58% (333/574)
2023-04-26T18:50:21.5464773Z Resolving deltas:  59% (339/574)
2023-04-26T18:50:21.5472871Z Resolving deltas:  60% (345/574)
2023-04-26T18:50:21.5476687Z Resolving deltas:  61% (351/574)
2023-04-26T18:50:21.5478968Z Resolving deltas:  62% (356/574)
2023-04-26T18:50:21.5487422Z Resolving deltas:  63% (362/574)
2023-04-26T18:50:21.5493992Z Resolving deltas:  64% (368/574)
2023-04-26T18:50:21.5494829Z Resolving deltas:  65% (374/574)
2023-04-26T18:50:21.5497429Z Resolving deltas:  66% (379/574)
2023-04-26T18:50:21.5499633Z Resolving deltas:  67% (385/574)
2023-04-26T18:50:21.5503353Z Resolving deltas:  68% (391/574)
2023-04-26T18:50:21.5508654Z Resolving deltas:  69% (397/574)
2023-04-26T18:50:21.5509198Z Resolving deltas:  70% (402/574)
2023-04-26T18:50:21.5509808Z Resolving deltas:  71% (408/574)
2023-04-26T18:50:21.5510208Z Resolving deltas:  72% (414/574)
2023-04-26T18:50:21.5510772Z Resolving deltas:  73% (420/574)
2023-04-26T18:50:21.5511153Z Resolving deltas:  74% (425/574)
2023-04-26T18:50:21.5511732Z Resolving deltas:  75% (431/574)
2023-04-26T18:50:21.5512104Z Resolving deltas:  76% (437/574)
2023-04-26T18:50:21.5513144Z Resolving deltas:  77% (442/574)
2023-04-26T18:50:21.5518007Z Resolving deltas:  78% (449/574)
2023-04-26T18:50:21.5523296Z Resolving deltas:  79% (454/574)
2023-04-26T18:50:21.5527159Z Resolving deltas:  80% (460/574)
2023-04-26T18:50:21.5529095Z Resolving deltas:  81% (465/574)
2023-04-26T18:50:21.5530549Z Resolving deltas:  82% (471/574)
2023-04-26T18:50:21.5531913Z Resolving deltas:  83% (477/574)
2023-04-26T18:50:21.5537866Z Resolving deltas:  84% (483/574)
2023-04-26T18:50:21.5539492Z Resolving deltas:  85% (488/574)
2023-04-26T18:50:21.5540992Z Resolving deltas:  86% (494/574)
2023-04-26T18:50:21.5542570Z Resolving deltas:  87% (500/574)
2023-04-26T18:50:21.5544091Z Resolving deltas:  88% (506/574)
2023-04-26T18:50:21.5545529Z Resolving deltas:  89% (511/574)
2023-04-26T18:50:21.5547099Z Resolving deltas:  90% (517/574)
2023-04-26T18:50:21.5551983Z Resolving deltas:  91% (523/574)
2023-04-26T18:50:21.5554155Z Resolving deltas:  92% (529/574)
2023-04-26T18:50:21.5557013Z Resolving deltas:  93% (534/574)
2023-04-26T18:50:21.5560876Z Resolving deltas:  94% (540/574)
2023-04-26T18:50:21.5563705Z Resolving deltas:  95% (546/574)
2023-04-26T18:50:21.5568296Z Resolving deltas:  96% (552/574)
2023-04-26T18:50:21.5573492Z Resolving deltas:  97% (557/574)
2023-04-26T18:50:21.5578183Z Resolving deltas:  98% (563/574)
2023-04-26T18:50:21.5583242Z Resolving deltas:  99% (569/574)
2023-04-26T18:50:21.5589158Z Resolving deltas: 100% (574/574)
2023-04-26T18:50:21.5589551Z Resolving deltas: 100% (574/574), done.
2023-04-26T18:50:21.5706717Z From https://github.com/con/tinuous
2023-04-26T18:50:21.5707548Z  * [new branch]      gh-124                                   -> origin/gh-124
2023-04-26T18:50:21.5708452Z  * [new branch]      gh-55                                    -> origin/gh-55
2023-04-26T18:50:21.5708997Z  * [new branch]      master                                   -> origin/master
2023-04-26T18:50:21.5709779Z  * [new branch]      no-extra-search                          -> origin/no-extra-search
2023-04-26T18:50:21.5710369Z  * [new branch]      test-appveyor                            -> origin/test-appveyor
2023-04-26T18:50:21.5711100Z  * [new tag]         0.1.0                                    -> 0.1.0
2023-04-26T18:50:21.5711588Z  * [new tag]         0.2.0                                    -> 0.2.0
2023-04-26T18:50:21.5712267Z  * [new tag]         0.3.0                                    -> 0.3.0
2023-04-26T18:50:21.5712729Z  * [new tag]         0.4.0                                    -> 0.4.0
2023-04-26T18:50:21.5715528Z  * [new tag]         0.5.0                                    -> 0.5.0
2023-04-26T18:50:21.5716496Z  * [new tag]         0.5.1                                    -> 0.5.1
2023-04-26T18:50:21.5716995Z  * [new tag]         0.5.2                                    -> 0.5.2
2023-04-26T18:50:21.5717384Z  * [new tag]         0.5.3                                    -> 0.5.3
2023-04-26T18:50:21.5717960Z  * [new tag]         0.5.4                                    -> 0.5.4
2023-04-26T18:50:21.5718350Z  * [new tag]         0.6.0                                    -> 0.6.0
2023-04-26T18:50:21.5718740Z  * [new tag]         0.6.1                                    -> 0.6.1
2023-04-26T18:50:21.5719190Z  * [new ref]         b1102a674f2279acf481bcdaaa98e91634a30899 -> pull/164/merge
2023-04-26T18:50:21.5723598Z ##[endgroup]
2023-04-26T18:50:21.5724142Z ##[group]Determining the checkout info
2023-04-26T18:50:21.5724860Z ##[endgroup]
2023-04-26T18:50:21.5725345Z ##[group]Checking out the ref
2023-04-26T18:50:21.5730075Z [command]/usr/bin/git checkout --progress --force refs/remotes/pull/164/merge
2023-04-26T18:50:21.5786722Z Note: switching to 'refs/remotes/pull/164/merge'.
2023-04-26T18:50:21.5787006Z 
2023-04-26T18:50:21.5787386Z You are in 'detached HEAD' state. You can look around, make experimental
2023-04-26T18:50:21.5787742Z changes and commit them, and you can discard any commits you make in this
2023-04-26T18:50:21.5788300Z state without impacting any branches by switching back to a branch.
2023-04-26T18:50:21.5788562Z 
2023-04-26T18:50:21.5788897Z If you want to create a new branch to retain commits you create, you may
2023-04-26T18:50:21.5789859Z do so (now or later) by using -c with the switch command. Example:
2023-04-26T18:50:21.5790251Z 
2023-04-26T18:50:21.5791055Z   git switch -c <new-branch-name>
2023-04-26T18:50:21.5791546Z 
2023-04-26T18:50:21.5791730Z Or undo this operation with:
2023-04-26T18:50:21.5791878Z 
2023-04-26T18:50:21.5792383Z   git switch -
2023-04-26T18:50:21.5792692Z 
2023-04-26T18:50:21.5793218Z Turn off this advice by setting config variable advice.detachedHead to false
2023-04-26T18:50:21.5793632Z 
2023-04-26T18:50:21.5794201Z HEAD is now at b1102a6 Merge 9ce9746a76bf9bdcae16da7b895a8e3fc7773802 into 3deb066da94165e75d6893a090a8788a5a81a925
2023-04-26T18:50:21.5797605Z ##[endgroup]
2023-04-26T18:50:21.5832821Z [command]/usr/bin/git log -1 --format='%H'
2023-04-26T18:50:21.5859735Z 'b1102a674f2279acf481bcdaaa98e91634a30899'
2023-04-26T18:50:21.6143276Z ##[group]Run actions/setup-python@v4
2023-04-26T18:50:21.6143508Z with:
2023-04-26T18:50:21.6143694Z   python-version: 3.8
2023-04-26T18:50:21.6143891Z   check-latest: false
2023-04-26T18:50:21.6144202Z   token: ***
2023-04-26T18:50:21.6144404Z   update-environment: true
2023-04-26T18:50:21.6144637Z   allow-prereleases: false
2023-04-26T18:50:21.6144835Z ##[endgroup]
2023-04-26T18:50:21.7778153Z ##[group]Installed versions
2023-04-26T18:50:21.7859460Z Successfully set up CPython (3.8.16)
2023-04-26T18:50:21.7860166Z ##[endgroup]
2023-04-26T18:50:21.7988722Z ##[group]Run python -m pip install --upgrade pip wheel
2023-04-26T18:50:21.7989097Z [36;1mpython -m pip install --upgrade pip wheel[0m
2023-04-26T18:50:21.7989426Z [36;1mpython -m pip install --upgrade --upgrade-strategy=eager tox[0m
2023-04-26T18:50:21.8047291Z shell: /usr/bin/bash -e {0}
2023-04-26T18:50:21.8047511Z env:
2023-04-26T18:50:21.8047788Z   pythonLocation: /opt/hostedtoolcache/Python/3.8.16/x64
2023-04-26T18:50:21.8048132Z   PKG_CONFIG_PATH: /opt/hostedtoolcache/Python/3.8.16/x64/lib/pkgconfig
2023-04-26T18:50:21.8048455Z   Python_ROOT_DIR: /opt/hostedtoolcache/Python/3.8.16/x64
2023-04-26T18:50:21.8048757Z   Python2_ROOT_DIR: /opt/hostedtoolcache/Python/3.8.16/x64
2023-04-26T18:50:21.8049045Z   Python3_ROOT_DIR: /opt/hostedtoolcache/Python/3.8.16/x64
2023-04-26T18:50:21.8049338Z   LD_LIBRARY_PATH: /opt/hostedtoolcache/Python/3.8.16/x64/lib
2023-04-26T18:50:21.8049586Z ##[endgroup]
2023-04-26T18:50:25.9015033Z Requirement already satisfied: pip in /opt/hostedtoolcache/Python/3.8.16/x64/lib/python3.8/site-packages (22.0.4)
2023-04-26T18:50:26.1292929Z Collecting pip
2023-04-26T18:50:26.2536258Z   Downloading pip-23.1.2-py3-none-any.whl (2.1 MB)
2023-04-26T18:50:26.4364182Z      ‚îÅ‚îÅ‚îÅ‚îÅ‚îÅ‚îÅ‚îÅ‚îÅ‚îÅ‚îÅ‚îÅ‚îÅ‚îÅ‚îÅ‚îÅ‚îÅ‚îÅ‚îÅ‚îÅ‚îÅ‚îÅ‚îÅ‚îÅ‚îÅ‚îÅ‚îÅ‚îÅ‚îÅ‚îÅ‚îÅ‚îÅ‚îÅ‚îÅ‚îÅ‚îÅ‚îÅ‚îÅ‚îÅ‚îÅ‚îÅ 2.1/2.1 MB 11.5 MB/s eta 0:00:00
2023-04-26T18:50:26.5050851Z Collecting wheel
2023-04-26T18:50:26.5174059Z   Downloading wheel-0.40.0-py3-none-any.whl (64 kB)
2023-04-26T18:50:26.5224938Z      ‚îÅ‚îÅ‚îÅ‚îÅ‚îÅ‚îÅ‚îÅ‚îÅ‚îÅ‚îÅ‚îÅ‚îÅ‚îÅ‚îÅ‚îÅ‚îÅ‚îÅ‚îÅ‚îÅ‚îÅ‚îÅ‚îÅ‚îÅ‚îÅ‚îÅ‚îÅ‚îÅ‚îÅ‚îÅ‚îÅ‚îÅ‚îÅ‚îÅ‚îÅ‚îÅ‚îÅ‚îÅ‚îÅ‚îÅ‚îÅ 64.5/64.5 kB 22.0 MB/s eta 0:00:00
2023-04-26T18:50:26.5657712Z Installing collected packages: wheel, pip
2023-04-26T18:50:26.6123357Z   Attempting uninstall: pip
2023-04-26T18:50:26.6130484Z     Found existing installation: pip 22.0.4
2023-04-26T18:50:26.6807134Z     Uninstalling pip-22.0.4:
2023-04-26T18:50:26.7479128Z       Successfully uninstalled pip-22.0.4
2023-04-26T18:50:27.8941341Z Successfully installed pip-23.1.2 wheel-0.40.0
2023-04-26T18:50:28.9187871Z Collecting tox
2023-04-26T18:50:29.0428406Z   Downloading tox-4.5.1-py3-none-any.whl (148 kB)
2023-04-26T18:50:29.0827489Z      ‚îÅ‚îÅ‚îÅ‚îÅ‚îÅ‚îÅ‚îÅ‚îÅ‚îÅ‚îÅ‚îÅ‚îÅ‚îÅ‚îÅ‚îÅ‚îÅ‚îÅ‚îÅ‚îÅ‚îÅ‚îÅ‚îÅ‚îÅ‚îÅ‚îÅ‚îÅ‚îÅ‚îÅ‚îÅ‚îÅ‚îÅ‚îÅ‚îÅ‚îÅ‚îÅ‚îÅ‚îÅ‚îÅ‚îÅ 149.0/149.0 kB 4.0 MB/s eta 0:00:00
2023-04-26T18:50:29.1532796Z Collecting cachetools>=5.3 (from tox)
2023-04-26T18:50:29.1644843Z   Downloading cachetools-5.3.0-py3-none-any.whl (9.3 kB)
2023-04-26T18:50:29.1907408Z Collecting chardet>=5.1 (from tox)
2023-04-26T18:50:29.2111819Z   Downloading chardet-5.1.0-py3-none-any.whl (199 kB)
2023-04-26T18:50:29.2335818Z      ‚îÅ‚îÅ‚îÅ‚îÅ‚îÅ‚îÅ‚îÅ‚îÅ‚îÅ‚îÅ‚îÅ‚îÅ‚îÅ‚îÅ‚îÅ‚îÅ‚îÅ‚îÅ‚îÅ‚îÅ‚îÅ‚îÅ‚îÅ‚îÅ‚îÅ‚îÅ‚îÅ‚îÅ‚îÅ‚îÅ‚îÅ‚îÅ‚îÅ‚îÅ‚îÅ‚îÅ‚îÅ‚îÅ‚îÅ 199.1/199.1 kB 9.6 MB/s eta 0:00:00
2023-04-26T18:50:29.2714346Z Collecting colorama>=0.4.6 (from tox)
2023-04-26T18:50:29.2842261Z   Downloading colorama-0.4.6-py2.py3-none-any.whl (25 kB)
2023-04-26T18:50:29.3246213Z Collecting filelock>=3.11 (from tox)
2023-04-26T18:50:29.3442006Z   Downloading filelock-3.12.0-py3-none-any.whl (10 kB)
2023-04-26T18:50:29.3868499Z Collecting packaging>=23.1 (from tox)
2023-04-26T18:50:29.3982607Z   Downloading packaging-23.1-py3-none-any.whl (48 kB)
2023-04-26T18:50:29.4036389Z      ‚îÅ‚îÅ‚îÅ‚îÅ‚îÅ‚îÅ‚îÅ‚îÅ‚îÅ‚îÅ‚îÅ‚îÅ‚îÅ‚îÅ‚îÅ‚îÅ‚îÅ‚îÅ‚îÅ‚îÅ‚îÅ‚îÅ‚îÅ‚îÅ‚îÅ‚îÅ‚îÅ‚îÅ‚îÅ‚îÅ‚îÅ‚îÅ‚îÅ‚îÅ‚îÅ‚îÅ‚îÅ‚îÅ‚îÅ‚îÅ 48.9/48.9 kB 14.3 MB/s eta 0:00:00
2023-04-26T18:50:29.4372127Z Collecting platformdirs>=3.2 (from tox)
2023-04-26T18:50:29.4496867Z   Downloading platformdirs-3.4.0-py3-none-any.whl (15 kB)
2023-04-26T18:50:29.4816751Z Collecting pluggy>=1 (from tox)
2023-04-26T18:50:29.4926841Z   Downloading pluggy-1.0.0-py2.py3-none-any.whl (13 kB)
2023-04-26T18:50:29.5196552Z Collecting pyproject-api>=1.5.1 (from tox)
2023-04-26T18:50:29.5355439Z   Downloading pyproject_api-1.5.1-py3-none-any.whl (12 kB)
2023-04-26T18:50:29.5694103Z Collecting tomli>=2.0.1 (from tox)
2023-04-26T18:50:29.5806731Z   Downloading tomli-2.0.1-py3-none-any.whl (12 kB)
2023-04-26T18:50:29.7102804Z Collecting virtualenv>=20.21 (from tox)
2023-04-26T18:50:29.7215296Z   Downloading virtualenv-20.22.0-py3-none-any.whl (3.2 MB)
2023-04-26T18:50:29.9136993Z      ‚îÅ‚îÅ‚îÅ‚îÅ‚îÅ‚îÅ‚îÅ‚îÅ‚îÅ‚îÅ‚îÅ‚îÅ‚îÅ‚îÅ‚îÅ‚îÅ‚îÅ‚îÅ‚îÅ‚îÅ‚îÅ‚îÅ‚îÅ‚îÅ‚îÅ‚îÅ‚îÅ‚îÅ‚îÅ‚îÅ‚îÅ‚îÅ‚îÅ‚îÅ‚îÅ‚îÅ‚îÅ‚îÅ‚îÅ‚îÅ 3.2/3.2 MB 17.1 MB/s eta 0:00:00
2023-04-26T18:50:30.0299824Z Collecting distlib<1,>=0.3.6 (from virtualenv>=20.21->tox)
2023-04-26T18:50:30.0433291Z   Downloading distlib-0.3.6-py2.py3-none-any.whl (468 kB)
2023-04-26T18:50:30.0620015Z      ‚îÅ‚îÅ‚îÅ‚îÅ‚îÅ‚îÅ‚îÅ‚îÅ‚îÅ‚îÅ‚îÅ‚îÅ‚îÅ‚îÅ‚îÅ‚îÅ‚îÅ‚îÅ‚îÅ‚îÅ‚îÅ‚îÅ‚îÅ‚îÅ‚îÅ‚îÅ‚îÅ‚îÅ‚îÅ‚îÅ‚îÅ‚îÅ‚îÅ‚îÅ‚îÅ‚îÅ‚îÅ‚îÅ 468.5/468.5 kB 29.3 MB/s eta 0:00:00
2023-04-26T18:50:30.2082395Z Installing collected packages: distlib, tomli, pluggy, platformdirs, packaging, filelock, colorama, chardet, cachetools, virtualenv, pyproject-api, tox
2023-04-26T18:50:30.8198164Z Successfully installed cachetools-5.3.0 chardet-5.1.0 colorama-0.4.6 distlib-0.3.6 filelock-3.12.0 packaging-23.1 platformdirs-3.4.0 pluggy-1.0.0 pyproject-api-1.5.1 tomli-2.0.1 tox-4.5.1 virtualenv-20.22.0
2023-04-26T18:50:30.9896730Z ##[group]Run tox -e lint
2023-04-26T18:50:30.9896960Z [36;1mtox -e lint[0m
2023-04-26T18:50:30.9949199Z shell: /usr/bin/bash -e {0}
2023-04-26T18:50:30.9949397Z env:
2023-04-26T18:50:30.9949652Z   pythonLocation: /opt/hostedtoolcache/Python/3.8.16/x64
2023-04-26T18:50:30.9949990Z   PKG_CONFIG_PATH: /opt/hostedtoolcache/Python/3.8.16/x64/lib/pkgconfig
2023-04-26T18:50:30.9950310Z   Python_ROOT_DIR: /opt/hostedtoolcache/Python/3.8.16/x64
2023-04-26T18:50:30.9950618Z   Python2_ROOT_DIR: /opt/hostedtoolcache/Python/3.8.16/x64
2023-04-26T18:50:30.9950913Z   Python3_ROOT_DIR: /opt/hostedtoolcache/Python/3.8.16/x64
2023-04-26T18:50:30.9951204Z   LD_LIBRARY_PATH: /opt/hostedtoolcache/Python/3.8.16/x64/lib
2023-04-26T18:50:30.9951631Z ##[endgroup]
2023-04-26T18:50:31.7822175Z lint: install_deps> python -I -m pip install flake8-bugbear 'flake8-builtins~=1.4' flake8-unused-arguments 'flake8~=3.7'
2023-04-26T18:50:34.0547595Z lint: freeze> python -m pip freeze --all
2023-04-26T18:50:34.4209883Z lint: attrs==23.1.0,flake8==3.9.2,flake8-bugbear==23.3.12,flake8-builtins==1.5.3,flake8-unused-arguments==0.0.13,mccabe==0.6.1,pip==23.1,pycodestyle==2.7.0,pyflakes==2.3.1,setuptools==67.6.1,wheel==0.40.0
2023-04-26T18:50:34.4217035Z lint: commands[0]> flake8 --config=tox.ini src test
2023-04-26T18:50:35.6328068Z   lint: OK (4.14=setup[2.93]+cmd[1.21] seconds)
2023-04-26T18:50:35.6328653Z   congratulations :) (4.45 seconds)
2023-04-26T18:50:35.6630932Z Post job cleanup.
2023-04-26T18:50:35.8177514Z Post job cleanup.
2023-04-26T18:50:35.9172676Z [command]/usr/bin/git version
2023-04-26T18:50:35.9215258Z git version 2.40.1
2023-04-26T18:50:35.9257276Z Temporarily overriding HOME='/home/runner/work/_temp/cf681a9a-2a9c-4094-824d-2ca4daaee4eb' before making global git config changes
2023-04-26T18:50:35.9258478Z Adding repository directory to the temporary git global config as a safe directory
2023-04-26T18:50:35.9264368Z [command]/usr/bin/git config --global --add safe.directory /home/runner/work/tinuous/tinuous
2023-04-26T18:50:35.9305197Z [command]/usr/bin/git config --local --name-only --get-regexp core\.sshCommand
2023-04-26T18:50:35.9336518Z [command]/usr/bin/git submodule foreach --recursive sh -c "git config --local --name-only --get-regexp 'core\.sshCommand' && git config --local --unset-all 'core.sshCommand' || :"
2023-04-26T18:50:35.9575564Z [command]/usr/bin/git config --local --name-only --get-regexp http\.https\:\/\/github\.com\/\.extraheader
2023-04-26T18:50:35.9595594Z http.https://github.com/.extraheader
2023-04-26T18:50:35.9608659Z [command]/usr/bin/git config --local --unset-all http.https://github.com/.extraheader
2023-04-26T18:50:35.9641827Z [command]/usr/bin/git submodule foreach --recursive sh -c "git config --local --name-only --get-regexp 'http\.https\:\/\/github\.com\/\.extraheader' && git config --local --unset-all 'http.https://github.com/.extraheader' || :"
2023-04-26T18:50:36.0044684Z Cleaning up orphan processes
