2023-04-26T18:50:09.6904436Z Requested labels: ubuntu-latest
2023-04-26T18:50:09.6904676Z Job defined at: con/tinuous/.github/workflows/test.yml@refs/pull/164/merge
2023-04-26T18:50:09.6904794Z Waiting for a runner to pick up this job...
2023-04-26T18:50:13.3727793Z Job is waiting for a hosted runner to come online.
2023-04-26T18:50:13.4280996Z Job is about to start running on the hosted runner: GitHub Actions 14 (hosted)
2023-04-26T18:50:16.8609266Z Current runner version: '2.303.0'
2023-04-26T18:50:16.8637487Z ##[group]Operating System
2023-04-26T18:50:16.8638020Z Ubuntu
2023-04-26T18:50:16.8638320Z 22.04.2
2023-04-26T18:50:16.8638606Z LTS
2023-04-26T18:50:16.8638856Z ##[endgroup]
2023-04-26T18:50:16.8639237Z ##[group]Runner Image
2023-04-26T18:50:16.8639591Z Image: ubuntu-22.04
2023-04-26T18:50:16.8639914Z Version: 20230426.1
2023-04-26T18:50:16.8640381Z Included Software: https://github.com/actions/runner-images/blob/ubuntu22/20230426.1/images/linux/Ubuntu2204-Readme.md
2023-04-26T18:50:16.8641040Z Image Release: https://github.com/actions/runner-images/releases/tag/ubuntu22%2F20230426.1
2023-04-26T18:50:16.8641513Z ##[endgroup]
2023-04-26T18:50:16.8641810Z ##[group]Runner Image Provisioner
2023-04-26T18:50:16.8642143Z 2.0.159.1
2023-04-26T18:50:16.8642447Z ##[endgroup]
2023-04-26T18:50:16.8643410Z ##[group]GITHUB_TOKEN Permissions
2023-04-26T18:50:16.8644010Z Actions: write
2023-04-26T18:50:16.8644329Z Checks: write
2023-04-26T18:50:16.8644929Z Contents: write
2023-04-26T18:50:16.8645349Z Deployments: write
2023-04-26T18:50:16.8645635Z Discussions: write
2023-04-26T18:50:16.8645968Z Issues: write
2023-04-26T18:50:16.8646295Z Metadata: read
2023-04-26T18:50:16.8646618Z Packages: write
2023-04-26T18:50:16.8646889Z Pages: write
2023-04-26T18:50:16.8647221Z PullRequests: write
2023-04-26T18:50:16.8647581Z RepositoryProjects: write
2023-04-26T18:50:16.8647924Z SecurityEvents: write
2023-04-26T18:50:16.8648258Z Statuses: write
2023-04-26T18:50:16.8648593Z ##[endgroup]
2023-04-26T18:50:16.8652443Z Secret source: Actions
2023-04-26T18:50:16.8652990Z Prepare workflow directory
2023-04-26T18:50:16.9389893Z Prepare all required actions
2023-04-26T18:50:16.9580649Z Getting action download info
2023-04-26T18:50:17.2048273Z Download action repository 'actions/checkout@v3' (SHA:8e5e7e5ab8b370d6c329ec480221332ada57f0ab)
2023-04-26T18:50:17.8657714Z Download action repository 'actions/setup-python@v4' (SHA:57ded4d7d5e986d7296eab16560982c6dd7c923b)
2023-04-26T18:50:18.4440728Z Download action repository 'codecov/codecov-action@v3' (SHA:894ff025c7b54547a9a2a1e9f228beae737ad3c2)
2023-04-26T18:50:19.1707181Z Complete job name: test (3.8, typing)
2023-04-26T18:50:19.2776473Z ##[group]Run actions/checkout@v3
2023-04-26T18:50:19.2776795Z with:
2023-04-26T18:50:19.2776990Z   fetch-depth: 0
2023-04-26T18:50:19.2777397Z   repository: con/tinuous
2023-04-26T18:50:19.2777912Z   token: ***
2023-04-26T18:50:19.2778120Z   ssh-strict: true
2023-04-26T18:50:19.2778337Z   persist-credentials: true
2023-04-26T18:50:19.2778564Z   clean: true
2023-04-26T18:50:19.2778759Z   lfs: false
2023-04-26T18:50:19.2778944Z   submodules: false
2023-04-26T18:50:19.2779181Z   set-safe-directory: true
2023-04-26T18:50:19.2779417Z ##[endgroup]
2023-04-26T18:50:19.5482463Z Syncing repository: con/tinuous
2023-04-26T18:50:19.5484168Z ##[group]Getting Git version info
2023-04-26T18:50:19.5484700Z Working directory is '/home/runner/work/tinuous/tinuous'
2023-04-26T18:50:19.5485488Z [command]/usr/bin/git version
2023-04-26T18:50:19.5588750Z git version 2.40.1
2023-04-26T18:50:19.5608829Z ##[endgroup]
2023-04-26T18:50:19.5626374Z Temporarily overriding HOME='/home/runner/work/_temp/6595af56-50da-49b4-ba29-1ecda2b5382c' before making global git config changes
2023-04-26T18:50:19.5626873Z Adding repository directory to the temporary git global config as a safe directory
2023-04-26T18:50:19.5633682Z [command]/usr/bin/git config --global --add safe.directory /home/runner/work/tinuous/tinuous
2023-04-26T18:50:19.5681617Z Deleting the contents of '/home/runner/work/tinuous/tinuous'
2023-04-26T18:50:19.5686603Z ##[group]Initializing the repository
2023-04-26T18:50:19.5690224Z [command]/usr/bin/git init /home/runner/work/tinuous/tinuous
2023-04-26T18:50:19.5762155Z hint: Using 'master' as the name for the initial branch. This default branch name
2023-04-26T18:50:19.5762565Z hint: is subject to change. To configure the initial branch name to use in all
2023-04-26T18:50:19.5762968Z hint: of your new repositories, which will suppress this warning, call:
2023-04-26T18:50:19.5763518Z hint: 
2023-04-26T18:50:19.5763896Z hint: 	git config --global init.defaultBranch <name>
2023-04-26T18:50:19.5764160Z hint: 
2023-04-26T18:50:19.5764491Z hint: Names commonly chosen instead of 'master' are 'main', 'trunk' and
2023-04-26T18:50:19.5764934Z hint: 'development'. The just-created branch can be renamed via this command:
2023-04-26T18:50:19.5765210Z hint: 
2023-04-26T18:50:19.5765452Z hint: 	git branch -m <name>
2023-04-26T18:50:19.5779136Z Initialized empty Git repository in /home/runner/work/tinuous/tinuous/.git/
2023-04-26T18:50:19.5789103Z [command]/usr/bin/git remote add origin https://github.com/con/tinuous
2023-04-26T18:50:19.5833385Z ##[endgroup]
2023-04-26T18:50:19.5834023Z ##[group]Disabling automatic garbage collection
2023-04-26T18:50:19.5836072Z [command]/usr/bin/git config --local gc.auto 0
2023-04-26T18:50:19.5869272Z ##[endgroup]
2023-04-26T18:50:19.5870167Z ##[group]Setting up auth
2023-04-26T18:50:19.5876335Z [command]/usr/bin/git config --local --name-only --get-regexp core\.sshCommand
2023-04-26T18:50:19.5910344Z [command]/usr/bin/git submodule foreach --recursive sh -c "git config --local --name-only --get-regexp 'core\.sshCommand' && git config --local --unset-all 'core.sshCommand' || :"
2023-04-26T18:50:19.6293844Z [command]/usr/bin/git config --local --name-only --get-regexp http\.https\:\/\/github\.com\/\.extraheader
2023-04-26T18:50:19.6320585Z [command]/usr/bin/git submodule foreach --recursive sh -c "git config --local --name-only --get-regexp 'http\.https\:\/\/github\.com\/\.extraheader' && git config --local --unset-all 'http.https://github.com/.extraheader' || :"
2023-04-26T18:50:19.6551057Z [command]/usr/bin/git config --local http.https://github.com/.extraheader AUTHORIZATION: basic ***
2023-04-26T18:50:19.6582167Z ##[endgroup]
2023-04-26T18:50:19.6582725Z ##[group]Fetching the repository
2023-04-26T18:50:19.6594222Z [command]/usr/bin/git -c protocol.version=2 fetch --prune --progress --no-recurse-submodules origin +refs/heads/*:refs/remotes/origin/* +refs/tags/*:refs/tags/* +b1102a674f2279acf481bcdaaa98e91634a30899:refs/remotes/pull/164/merge
2023-04-26T18:50:20.0839677Z remote: Enumerating objects: 1063, done.        
2023-04-26T18:50:20.0843267Z remote: Counting objects:   0% (1/285)        
2023-04-26T18:50:20.0843729Z remote: Counting objects:   1% (3/285)        
2023-04-26T18:50:20.0844417Z remote: Counting objects:   2% (6/285)        
2023-04-26T18:50:20.0845383Z remote: Counting objects:   3% (9/285)        
2023-04-26T18:50:20.0845981Z remote: Counting objects:   4% (12/285)        
2023-04-26T18:50:20.0846596Z remote: Counting objects:   5% (15/285)        
2023-04-26T18:50:20.0847188Z remote: Counting objects:   6% (18/285)        
2023-04-26T18:50:20.0847721Z remote: Counting objects:   7% (20/285)        
2023-04-26T18:50:20.0848286Z remote: Counting objects:   8% (23/285)        
2023-04-26T18:50:20.0848846Z remote: Counting objects:   9% (26/285)        
2023-04-26T18:50:20.0849394Z remote: Counting objects:  10% (29/285)        
2023-04-26T18:50:20.0849945Z remote: Counting objects:  11% (32/285)        
2023-04-26T18:50:20.0850497Z remote: Counting objects:  12% (35/285)        
2023-04-26T18:50:20.0851056Z remote: Counting objects:  13% (38/285)        
2023-04-26T18:50:20.0851626Z remote: Counting objects:  14% (40/285)        
2023-04-26T18:50:20.0852182Z remote: Counting objects:  15% (43/285)        
2023-04-26T18:50:20.0852736Z remote: Counting objects:  16% (46/285)        
2023-04-26T18:50:20.0853292Z remote: Counting objects:  17% (49/285)        
2023-04-26T18:50:20.0853861Z remote: Counting objects:  18% (52/285)        
2023-04-26T18:50:20.0854412Z remote: Counting objects:  19% (55/285)        
2023-04-26T18:50:20.0854980Z remote: Counting objects:  20% (57/285)        
2023-04-26T18:50:20.0855563Z remote: Counting objects:  21% (60/285)        
2023-04-26T18:50:20.0856120Z remote: Counting objects:  22% (63/285)        
2023-04-26T18:50:20.0856660Z remote: Counting objects:  23% (66/285)        
2023-04-26T18:50:20.0857537Z remote: Counting objects:  24% (69/285)        
2023-04-26T18:50:20.0858131Z remote: Counting objects:  25% (72/285)        
2023-04-26T18:50:20.0858723Z remote: Counting objects:  26% (75/285)        
2023-04-26T18:50:20.0859284Z remote: Counting objects:  27% (77/285)        
2023-04-26T18:50:20.0859949Z remote: Counting objects:  28% (80/285)        
2023-04-26T18:50:20.0860517Z remote: Counting objects:  29% (83/285)        
2023-04-26T18:50:20.0861095Z remote: Counting objects:  30% (86/285)        
2023-04-26T18:50:20.0861668Z remote: Counting objects:  31% (89/285)        
2023-04-26T18:50:20.0862239Z remote: Counting objects:  32% (92/285)        
2023-04-26T18:50:20.0862814Z remote: Counting objects:  33% (95/285)        
2023-04-26T18:50:20.0863394Z remote: Counting objects:  34% (97/285)        
2023-04-26T18:50:20.0864014Z remote: Counting objects:  35% (100/285)        
2023-04-26T18:50:20.0864592Z remote: Counting objects:  36% (103/285)        
2023-04-26T18:50:20.0865163Z remote: Counting objects:  37% (106/285)        
2023-04-26T18:50:20.0865724Z remote: Counting objects:  38% (109/285)        
2023-04-26T18:50:20.0866347Z remote: Counting objects:  39% (112/285)        
2023-04-26T18:50:20.0866831Z remote: Counting objects:  40% (114/285)        
2023-04-26T18:50:20.0867428Z remote: Counting objects:  41% (117/285)        
2023-04-26T18:50:20.0867983Z remote: Counting objects:  42% (120/285)        
2023-04-26T18:50:20.0868582Z remote: Counting objects:  43% (123/285)        
2023-04-26T18:50:20.0869156Z remote: Counting objects:  44% (126/285)        
2023-04-26T18:50:20.0869745Z remote: Counting objects:  45% (129/285)        
2023-04-26T18:50:20.0870318Z remote: Counting objects:  46% (132/285)        
2023-04-26T18:50:20.0870887Z remote: Counting objects:  47% (134/285)        
2023-04-26T18:50:20.0871456Z remote: Counting objects:  48% (137/285)        
2023-04-26T18:50:20.0872012Z remote: Counting objects:  49% (140/285)        
2023-04-26T18:50:20.0872603Z remote: Counting objects:  50% (143/285)        
2023-04-26T18:50:20.0873181Z remote: Counting objects:  51% (146/285)        
2023-04-26T18:50:20.0873987Z remote: Counting objects:  52% (149/285)        
2023-04-26T18:50:20.0874339Z remote: Counting objects:  53% (152/285)        
2023-04-26T18:50:20.0874929Z remote: Counting objects:  54% (154/285)        
2023-04-26T18:50:20.0875494Z remote: Counting objects:  55% (157/285)        
2023-04-26T18:50:20.0876063Z remote: Counting objects:  56% (160/285)        
2023-04-26T18:50:20.0876640Z remote: Counting objects:  57% (163/285)        
2023-04-26T18:50:20.0877215Z remote: Counting objects:  58% (166/285)        
2023-04-26T18:50:20.0877792Z remote: Counting objects:  59% (169/285)        
2023-04-26T18:50:20.0878360Z remote: Counting objects:  60% (171/285)        
2023-04-26T18:50:20.0878929Z remote: Counting objects:  61% (174/285)        
2023-04-26T18:50:20.0879508Z remote: Counting objects:  62% (177/285)        
2023-04-26T18:50:20.0880074Z remote: Counting objects:  63% (180/285)        
2023-04-26T18:50:20.0880745Z remote: Counting objects:  64% (183/285)        
2023-04-26T18:50:20.0881305Z remote: Counting objects:  65% (186/285)        
2023-04-26T18:50:20.0881896Z remote: Counting objects:  66% (189/285)        
2023-04-26T18:50:20.0882463Z remote: Counting objects:  67% (191/285)        
2023-04-26T18:50:20.0883037Z remote: Counting objects:  68% (194/285)        
2023-04-26T18:50:20.0883669Z remote: Counting objects:  69% (197/285)        
2023-04-26T18:50:20.0884278Z remote: Counting objects:  70% (200/285)        
2023-04-26T18:50:20.0884852Z remote: Counting objects:  71% (203/285)        
2023-04-26T18:50:20.0885423Z remote: Counting objects:  72% (206/285)        
2023-04-26T18:50:20.0885994Z remote: Counting objects:  73% (209/285)        
2023-04-26T18:50:20.0886572Z remote: Counting objects:  74% (211/285)        
2023-04-26T18:50:20.0887144Z remote: Counting objects:  75% (214/285)        
2023-04-26T18:50:20.0887850Z remote: Counting objects:  76% (217/285)        
2023-04-26T18:50:20.0888416Z remote: Counting objects:  77% (220/285)        
2023-04-26T18:50:20.0889016Z remote: Counting objects:  78% (223/285)        
2023-04-26T18:50:20.0889613Z remote: Counting objects:  79% (226/285)        
2023-04-26T18:50:20.0890177Z remote: Counting objects:  80% (228/285)        
2023-04-26T18:50:20.0890781Z remote: Counting objects:  81% (231/285)        
2023-04-26T18:50:20.0891360Z remote: Counting objects:  82% (234/285)        
2023-04-26T18:50:20.0891938Z remote: Counting objects:  83% (237/285)        
2023-04-26T18:50:20.0892576Z remote: Counting objects:  84% (240/285)        
2023-04-26T18:50:20.0893226Z remote: Counting objects:  85% (243/285)        
2023-04-26T18:50:20.0893805Z remote: Counting objects:  86% (246/285)        
2023-04-26T18:50:20.0894386Z remote: Counting objects:  87% (248/285)        
2023-04-26T18:50:20.0894963Z remote: Counting objects:  88% (251/285)        
2023-04-26T18:50:20.0895545Z remote: Counting objects:  89% (254/285)        
2023-04-26T18:50:20.0896117Z remote: Counting objects:  90% (257/285)        
2023-04-26T18:50:20.0896699Z remote: Counting objects:  91% (260/285)        
2023-04-26T18:50:20.0897386Z remote: Counting objects:  92% (263/285)        
2023-04-26T18:50:20.0898423Z remote: Counting objects:  93% (266/285)        
2023-04-26T18:50:20.0898850Z remote: Counting objects:  94% (268/285)        
2023-04-26T18:50:20.0899405Z remote: Counting objects:  95% (271/285)        
2023-04-26T18:50:20.0899970Z remote: Counting objects:  96% (274/285)        
2023-04-26T18:50:20.0900512Z remote: Counting objects:  97% (277/285)        
2023-04-26T18:50:20.0901053Z remote: Counting objects:  98% (280/285)        
2023-04-26T18:50:20.0901574Z remote: Counting objects:  99% (283/285)        
2023-04-26T18:50:20.0902273Z remote: Counting objects: 100% (285/285)        
2023-04-26T18:50:20.0902821Z remote: Counting objects: 100% (285/285), done.        
2023-04-26T18:50:20.0937739Z remote: Compressing objects:   0% (1/195)        
2023-04-26T18:50:20.0938185Z remote: Compressing objects:   1% (2/195)        
2023-04-26T18:50:20.0939213Z remote: Compressing objects:   2% (4/195)        
2023-04-26T18:50:20.0939894Z remote: Compressing objects:   3% (6/195)        
2023-04-26T18:50:20.0940279Z remote: Compressing objects:   4% (8/195)        
2023-04-26T18:50:20.0941018Z remote: Compressing objects:   5% (10/195)        
2023-04-26T18:50:20.0941756Z remote: Compressing objects:   6% (12/195)        
2023-04-26T18:50:20.0942404Z remote: Compressing objects:   7% (14/195)        
2023-04-26T18:50:20.0943080Z remote: Compressing objects:   8% (16/195)        
2023-04-26T18:50:20.0943898Z remote: Compressing objects:   9% (18/195)        
2023-04-26T18:50:20.0944659Z remote: Compressing objects:  10% (20/195)        
2023-04-26T18:50:20.0945347Z remote: Compressing objects:  11% (22/195)        
2023-04-26T18:50:20.0946032Z remote: Compressing objects:  12% (24/195)        
2023-04-26T18:50:20.0946747Z remote: Compressing objects:  13% (26/195)        
2023-04-26T18:50:20.0947324Z remote: Compressing objects:  14% (28/195)        
2023-04-26T18:50:20.0947971Z remote: Compressing objects:  15% (30/195)        
2023-04-26T18:50:20.0948672Z remote: Compressing objects:  16% (32/195)        
2023-04-26T18:50:20.0949416Z remote: Compressing objects:  17% (34/195)        
2023-04-26T18:50:20.0950069Z remote: Compressing objects:  18% (36/195)        
2023-04-26T18:50:20.0950786Z remote: Compressing objects:  19% (38/195)        
2023-04-26T18:50:20.0951483Z remote: Compressing objects:  20% (39/195)        
2023-04-26T18:50:20.0952190Z remote: Compressing objects:  21% (41/195)        
2023-04-26T18:50:20.0952876Z remote: Compressing objects:  22% (43/195)        
2023-04-26T18:50:20.0953607Z remote: Compressing objects:  23% (45/195)        
2023-04-26T18:50:20.0954316Z remote: Compressing objects:  24% (47/195)        
2023-04-26T18:50:20.0955014Z remote: Compressing objects:  25% (49/195)        
2023-04-26T18:50:20.0955708Z remote: Compressing objects:  26% (51/195)        
2023-04-26T18:50:20.0956355Z remote: Compressing objects:  27% (53/195)        
2023-04-26T18:50:20.0957657Z remote: Compressing objects:  28% (55/195)        
2023-04-26T18:50:20.0960788Z remote: Compressing objects:  29% (57/195)        
2023-04-26T18:50:20.0961188Z remote: Compressing objects:  30% (59/195)        
2023-04-26T18:50:20.0962029Z remote: Compressing objects:  31% (61/195)        
2023-04-26T18:50:20.0962768Z remote: Compressing objects:  32% (63/195)        
2023-04-26T18:50:20.0963514Z remote: Compressing objects:  33% (65/195)        
2023-04-26T18:50:20.0964289Z remote: Compressing objects:  34% (67/195)        
2023-04-26T18:50:20.0964919Z remote: Compressing objects:  35% (69/195)        
2023-04-26T18:50:20.0965620Z remote: Compressing objects:  36% (71/195)        
2023-04-26T18:50:20.0966298Z remote: Compressing objects:  37% (73/195)        
2023-04-26T18:50:20.0967000Z remote: Compressing objects:  38% (75/195)        
2023-04-26T18:50:20.0967643Z remote: Compressing objects:  39% (77/195)        
2023-04-26T18:50:20.0968338Z remote: Compressing objects:  40% (78/195)        
2023-04-26T18:50:20.0969076Z remote: Compressing objects:  41% (80/195)        
2023-04-26T18:50:20.0969790Z remote: Compressing objects:  42% (82/195)        
2023-04-26T18:50:20.0970432Z remote: Compressing objects:  43% (84/195)        
2023-04-26T18:50:20.0971130Z remote: Compressing objects:  44% (86/195)        
2023-04-26T18:50:20.0971835Z remote: Compressing objects:  45% (88/195)        
2023-04-26T18:50:20.0972523Z remote: Compressing objects:  46% (90/195)        
2023-04-26T18:50:20.0973164Z remote: Compressing objects:  47% (92/195)        
2023-04-26T18:50:20.0973870Z remote: Compressing objects:  48% (94/195)        
2023-04-26T18:50:20.0974507Z remote: Compressing objects:  49% (96/195)        
2023-04-26T18:50:20.0975201Z remote: Compressing objects:  50% (98/195)        
2023-04-26T18:50:20.0975879Z remote: Compressing objects:  51% (100/195)        
2023-04-26T18:50:20.0976608Z remote: Compressing objects:  52% (102/195)        
2023-04-26T18:50:20.0977426Z remote: Compressing objects:  53% (104/195)        
2023-04-26T18:50:20.0978152Z remote: Compressing objects:  54% (106/195)        
2023-04-26T18:50:20.0978682Z remote: Compressing objects:  55% (108/195)        
2023-04-26T18:50:20.0979661Z remote: Compressing objects:  56% (110/195)        
2023-04-26T18:50:20.0980437Z remote: Compressing objects:  57% (112/195)        
2023-04-26T18:50:20.0981225Z remote: Compressing objects:  58% (114/195)        
2023-04-26T18:50:20.0982008Z remote: Compressing objects:  59% (116/195)        
2023-04-26T18:50:20.0982787Z remote: Compressing objects:  60% (117/195)        
2023-04-26T18:50:20.0983553Z remote: Compressing objects:  61% (119/195)        
2023-04-26T18:50:20.0984338Z remote: Compressing objects:  62% (121/195)        
2023-04-26T18:50:20.0985113Z remote: Compressing objects:  63% (123/195)        
2023-04-26T18:50:20.0985890Z remote: Compressing objects:  64% (125/195)        
2023-04-26T18:50:20.0986647Z remote: Compressing objects:  65% (127/195)        
2023-04-26T18:50:20.0987449Z remote: Compressing objects:  66% (129/195)        
2023-04-26T18:50:20.0988291Z remote: Compressing objects:  67% (131/195)        
2023-04-26T18:50:20.0989068Z remote: Compressing objects:  68% (133/195)        
2023-04-26T18:50:20.0989861Z remote: Compressing objects:  69% (135/195)        
2023-04-26T18:50:20.0990636Z remote: Compressing objects:  70% (137/195)        
2023-04-26T18:50:20.0991403Z remote: Compressing objects:  71% (139/195)        
2023-04-26T18:50:20.0992179Z remote: Compressing objects:  72% (141/195)        
2023-04-26T18:50:20.0992949Z remote: Compressing objects:  73% (143/195)        
2023-04-26T18:50:20.0993727Z remote: Compressing objects:  74% (145/195)        
2023-04-26T18:50:20.0994496Z remote: Compressing objects:  75% (147/195)        
2023-04-26T18:50:20.0995251Z remote: Compressing objects:  76% (149/195)        
2023-04-26T18:50:20.0996045Z remote: Compressing objects:  77% (151/195)        
2023-04-26T18:50:20.0996808Z remote: Compressing objects:  78% (153/195)        
2023-04-26T18:50:20.0997589Z remote: Compressing objects:  79% (155/195)        
2023-04-26T18:50:20.0998345Z remote: Compressing objects:  80% (156/195)        
2023-04-26T18:50:20.0999134Z remote: Compressing objects:  81% (158/195)        
2023-04-26T18:50:20.0999912Z remote: Compressing objects:  82% (160/195)        
2023-04-26T18:50:20.1000678Z remote: Compressing objects:  83% (162/195)        
2023-04-26T18:50:20.1001455Z remote: Compressing objects:  84% (164/195)        
2023-04-26T18:50:20.1002225Z remote: Compressing objects:  85% (166/195)        
2023-04-26T18:50:20.1003006Z remote: Compressing objects:  86% (168/195)        
2023-04-26T18:50:20.1003780Z remote: Compressing objects:  87% (170/195)        
2023-04-26T18:50:20.1004555Z remote: Compressing objects:  88% (172/195)        
2023-04-26T18:50:20.1005326Z remote: Compressing objects:  89% (174/195)        
2023-04-26T18:50:20.1006101Z remote: Compressing objects:  90% (176/195)        
2023-04-26T18:50:20.1006885Z remote: Compressing objects:  91% (178/195)        
2023-04-26T18:50:20.1007670Z remote: Compressing objects:  92% (180/195)        
2023-04-26T18:50:20.1008423Z remote: Compressing objects:  93% (182/195)        
2023-04-26T18:50:20.1009212Z remote: Compressing objects:  94% (184/195)        
2023-04-26T18:50:20.1013462Z remote: Compressing objects:  95% (186/195)        
2023-04-26T18:50:20.1013770Z remote: Compressing objects:  96% (188/195)        
2023-04-26T18:50:20.1014043Z remote: Compressing objects:  97% (190/195)        
2023-04-26T18:50:20.1014307Z remote: Compressing objects:  98% (192/195)        
2023-04-26T18:50:20.1014578Z remote: Compressing objects:  99% (194/195)        
2023-04-26T18:50:20.1014850Z remote: Compressing objects: 100% (195/195)        
2023-04-26T18:50:20.1015136Z remote: Compressing objects: 100% (195/195), done.        
2023-04-26T18:50:20.1116809Z Receiving objects:   0% (1/1063)
2023-04-26T18:50:20.1119994Z Receiving objects:   1% (11/1063)
2023-04-26T18:50:20.1122967Z Receiving objects:   2% (22/1063)
2023-04-26T18:50:20.1248931Z Receiving objects:   3% (32/1063)
2023-04-26T18:50:20.1253553Z Receiving objects:   4% (43/1063)
2023-04-26T18:50:20.1253841Z Receiving objects:   5% (54/1063)
2023-04-26T18:50:20.1274738Z Receiving objects:   6% (64/1063)
2023-04-26T18:50:20.1399360Z Receiving objects:   7% (75/1063)
2023-04-26T18:50:20.1402192Z Receiving objects:   8% (86/1063)
2023-04-26T18:50:20.1405144Z Receiving objects:   9% (96/1063)
2023-04-26T18:50:20.1409432Z Receiving objects:  10% (107/1063)
2023-04-26T18:50:20.1413116Z Receiving objects:  11% (117/1063)
2023-04-26T18:50:20.1414273Z Receiving objects:  12% (128/1063)
2023-04-26T18:50:20.1415397Z Receiving objects:  13% (139/1063)
2023-04-26T18:50:20.1418376Z Receiving objects:  14% (149/1063)
2023-04-26T18:50:20.1419521Z Receiving objects:  15% (160/1063)
2023-04-26T18:50:20.1420588Z Receiving objects:  16% (171/1063)
2023-04-26T18:50:20.1421684Z Receiving objects:  17% (181/1063)
2023-04-26T18:50:20.1422786Z Receiving objects:  18% (192/1063)
2023-04-26T18:50:20.1425401Z Receiving objects:  19% (202/1063)
2023-04-26T18:50:20.1428313Z Receiving objects:  20% (213/1063)
2023-04-26T18:50:20.1429415Z Receiving objects:  21% (224/1063)
2023-04-26T18:50:20.1431835Z Receiving objects:  22% (234/1063)
2023-04-26T18:50:20.1561104Z Receiving objects:  23% (245/1063)
2023-04-26T18:50:20.1565019Z Receiving objects:  24% (256/1063)
2023-04-26T18:50:20.1586127Z Receiving objects:  25% (266/1063)
2023-04-26T18:50:20.1589683Z Receiving objects:  26% (277/1063)
2023-04-26T18:50:20.1590228Z Receiving objects:  27% (288/1063)
2023-04-26T18:50:20.1715156Z Receiving objects:  28% (298/1063)
2023-04-26T18:50:20.1721350Z Receiving objects:  29% (309/1063)
2023-04-26T18:50:20.1723854Z Receiving objects:  30% (319/1063)
2023-04-26T18:50:20.1726219Z Receiving objects:  31% (330/1063)
2023-04-26T18:50:20.1728869Z Receiving objects:  32% (341/1063)
2023-04-26T18:50:20.1731563Z Receiving objects:  33% (351/1063)
2023-04-26T18:50:20.1734010Z Receiving objects:  34% (362/1063)
2023-04-26T18:50:20.1736395Z Receiving objects:  35% (373/1063)
2023-04-26T18:50:20.1740483Z Receiving objects:  36% (383/1063)
2023-04-26T18:50:20.1742949Z Receiving objects:  37% (394/1063)
2023-04-26T18:50:20.1745318Z Receiving objects:  38% (404/1063)
2023-04-26T18:50:20.1747748Z Receiving objects:  39% (415/1063)
2023-04-26T18:50:20.1750196Z Receiving objects:  40% (426/1063)
2023-04-26T18:50:20.1752663Z Receiving objects:  41% (436/1063)
2023-04-26T18:50:20.1755598Z Receiving objects:  42% (447/1063)
2023-04-26T18:50:20.1756241Z Receiving objects:  43% (458/1063)
2023-04-26T18:50:20.1757017Z Receiving objects:  44% (468/1063)
2023-04-26T18:50:20.1757891Z Receiving objects:  45% (479/1063)
2023-04-26T18:50:20.1758582Z Receiving objects:  46% (489/1063)
2023-04-26T18:50:20.1759353Z Receiving objects:  47% (500/1063)
2023-04-26T18:50:20.1760152Z Receiving objects:  48% (511/1063)
2023-04-26T18:50:20.1760927Z Receiving objects:  49% (521/1063)
2023-04-26T18:50:20.1761869Z Receiving objects:  50% (532/1063)
2023-04-26T18:50:20.1762653Z Receiving objects:  51% (543/1063)
2023-04-26T18:50:20.1763414Z Receiving objects:  52% (553/1063)
2023-04-26T18:50:20.1764189Z Receiving objects:  53% (564/1063)
2023-04-26T18:50:20.1765006Z Receiving objects:  54% (575/1063)
2023-04-26T18:50:20.1765754Z Receiving objects:  55% (585/1063)
2023-04-26T18:50:20.1766462Z Receiving objects:  56% (596/1063)
2023-04-26T18:50:20.1767289Z Receiving objects:  57% (606/1063)
2023-04-26T18:50:20.1768073Z Receiving objects:  58% (617/1063)
2023-04-26T18:50:20.1768862Z Receiving objects:  59% (628/1063)
2023-04-26T18:50:20.1769580Z Receiving objects:  60% (638/1063)
2023-04-26T18:50:20.1770405Z Receiving objects:  61% (649/1063)
2023-04-26T18:50:20.1771182Z Receiving objects:  62% (660/1063)
2023-04-26T18:50:20.1771987Z Receiving objects:  63% (670/1063)
2023-04-26T18:50:20.1772747Z Receiving objects:  64% (681/1063)
2023-04-26T18:50:20.1773514Z Receiving objects:  65% (691/1063)
2023-04-26T18:50:20.1774307Z Receiving objects:  66% (702/1063)
2023-04-26T18:50:20.1775228Z Receiving objects:  67% (713/1063)
2023-04-26T18:50:20.1775887Z Receiving objects:  68% (723/1063)
2023-04-26T18:50:20.1776630Z Receiving objects:  69% (734/1063)
2023-04-26T18:50:20.1777552Z Receiving objects:  70% (745/1063)
2023-04-26T18:50:20.1778319Z Receiving objects:  71% (755/1063)
2023-04-26T18:50:20.1873822Z Receiving objects:  72% (766/1063)
2023-04-26T18:50:20.1875319Z Receiving objects:  73% (776/1063)
2023-04-26T18:50:20.1876465Z Receiving objects:  74% (787/1063)
2023-04-26T18:50:20.1877671Z Receiving objects:  75% (798/1063)
2023-04-26T18:50:20.1878848Z Receiving objects:  76% (808/1063)
2023-04-26T18:50:20.1880092Z Receiving objects:  77% (819/1063)
2023-04-26T18:50:20.1881268Z Receiving objects:  78% (830/1063)
2023-04-26T18:50:20.1899638Z Receiving objects:  79% (840/1063)
2023-04-26T18:50:20.1900282Z Receiving objects:  80% (851/1063)
2023-04-26T18:50:20.1901020Z Receiving objects:  81% (862/1063)
2023-04-26T18:50:20.1901396Z Receiving objects:  82% (872/1063)
2023-04-26T18:50:20.1903333Z Receiving objects:  83% (883/1063)
2023-04-26T18:50:20.1903631Z Receiving objects:  84% (893/1063)
2023-04-26T18:50:20.1957845Z Receiving objects:  85% (904/1063)
2023-04-26T18:50:20.1961482Z Receiving objects:  86% (915/1063)
2023-04-26T18:50:20.2052073Z Receiving objects:  87% (925/1063)
2023-04-26T18:50:20.2052828Z Receiving objects:  88% (936/1063)
2023-04-26T18:50:20.2053382Z Receiving objects:  89% (947/1063)
2023-04-26T18:50:20.2053941Z Receiving objects:  90% (957/1063)
2023-04-26T18:50:20.2054856Z remote: Total 1063 (delta 105), reused 127 (delta 78), pack-reused 778        
2023-04-26T18:50:20.2055323Z Receiving objects:  91% (968/1063)
2023-04-26T18:50:20.2055697Z Receiving objects:  92% (978/1063)
2023-04-26T18:50:20.2056111Z Receiving objects:  93% (989/1063)
2023-04-26T18:50:20.2056537Z Receiving objects:  94% (1000/1063)
2023-04-26T18:50:20.2057465Z Receiving objects:  95% (1010/1063)
2023-04-26T18:50:20.2057892Z Receiving objects:  96% (1021/1063)
2023-04-26T18:50:20.2058347Z Receiving objects:  97% (1032/1063)
2023-04-26T18:50:20.2058762Z Receiving objects:  98% (1042/1063)
2023-04-26T18:50:20.2059116Z Receiving objects:  99% (1053/1063)
2023-04-26T18:50:20.2059557Z Receiving objects: 100% (1063/1063)
2023-04-26T18:50:20.2059954Z Receiving objects: 100% (1063/1063), 274.86 KiB | 2.89 MiB/s, done.
2023-04-26T18:50:20.2060406Z Resolving deltas:   0% (0/574)
2023-04-26T18:50:20.2060817Z Resolving deltas:   1% (6/574)
2023-04-26T18:50:20.2061250Z Resolving deltas:   2% (12/574)
2023-04-26T18:50:20.2061604Z Resolving deltas:   3% (18/574)
2023-04-26T18:50:20.2061949Z Resolving deltas:   4% (23/574)
2023-04-26T18:50:20.2062362Z Resolving deltas:   5% (29/574)
2023-04-26T18:50:20.2062753Z Resolving deltas:   6% (35/574)
2023-04-26T18:50:20.2063176Z Resolving deltas:   7% (41/574)
2023-04-26T18:50:20.2063586Z Resolving deltas:   8% (46/574)
2023-04-26T18:50:20.2069852Z Resolving deltas:   9% (52/574)
2023-04-26T18:50:20.2070343Z Resolving deltas:  10% (58/574)
2023-04-26T18:50:20.2070858Z Resolving deltas:  11% (64/574)
2023-04-26T18:50:20.2071230Z Resolving deltas:  12% (69/574)
2023-04-26T18:50:20.2071659Z Resolving deltas:  13% (75/574)
2023-04-26T18:50:20.2072052Z Resolving deltas:  14% (81/574)
2023-04-26T18:50:20.2072444Z Resolving deltas:  15% (87/574)
2023-04-26T18:50:20.2072884Z Resolving deltas:  16% (92/574)
2023-04-26T18:50:20.2073234Z Resolving deltas:  17% (98/574)
2023-04-26T18:50:20.2073579Z Resolving deltas:  18% (104/574)
2023-04-26T18:50:20.2073985Z Resolving deltas:  19% (110/574)
2023-04-26T18:50:20.2074335Z Resolving deltas:  20% (115/574)
2023-04-26T18:50:20.2074761Z Resolving deltas:  21% (121/574)
2023-04-26T18:50:20.2075173Z Resolving deltas:  22% (127/574)
2023-04-26T18:50:20.2075525Z Resolving deltas:  23% (133/574)
2023-04-26T18:50:20.2075925Z Resolving deltas:  24% (138/574)
2023-04-26T18:50:20.2076322Z Resolving deltas:  25% (144/574)
2023-04-26T18:50:20.2076772Z Resolving deltas:  26% (150/574)
2023-04-26T18:50:20.2077165Z Resolving deltas:  27% (155/574)
2023-04-26T18:50:20.2077761Z Resolving deltas:  28% (161/574)
2023-04-26T18:50:20.2078192Z Resolving deltas:  29% (167/574)
2023-04-26T18:50:20.2078618Z Resolving deltas:  30% (173/574)
2023-04-26T18:50:20.2085384Z Resolving deltas:  31% (178/574)
2023-04-26T18:50:20.2085858Z Resolving deltas:  32% (184/574)
2023-04-26T18:50:20.2086403Z Resolving deltas:  33% (190/574)
2023-04-26T18:50:20.2086782Z Resolving deltas:  34% (196/574)
2023-04-26T18:50:20.2087224Z Resolving deltas:  35% (201/574)
2023-04-26T18:50:20.2087624Z Resolving deltas:  36% (207/574)
2023-04-26T18:50:20.2088021Z Resolving deltas:  37% (213/574)
2023-04-26T18:50:20.2088417Z Resolving deltas:  38% (219/574)
2023-04-26T18:50:20.2088754Z Resolving deltas:  39% (224/574)
2023-04-26T18:50:20.2095484Z Resolving deltas:  40% (230/574)
2023-04-26T18:50:20.2095942Z Resolving deltas:  41% (236/574)
2023-04-26T18:50:20.2096408Z Resolving deltas:  42% (242/574)
2023-04-26T18:50:20.2096918Z Resolving deltas:  43% (247/574)
2023-04-26T18:50:20.2097568Z Resolving deltas:  44% (253/574)
2023-04-26T18:50:20.2097969Z Resolving deltas:  45% (259/574)
2023-04-26T18:50:20.2098378Z Resolving deltas:  46% (265/574)
2023-04-26T18:50:20.2104696Z Resolving deltas:  47% (270/574)
2023-04-26T18:50:20.2107505Z Resolving deltas:  48% (276/574)
2023-04-26T18:50:20.2111672Z Resolving deltas:  49% (282/574)
2023-04-26T18:50:20.2116048Z Resolving deltas:  50% (287/574)
2023-04-26T18:50:20.2120696Z Resolving deltas:  51% (293/574)
2023-04-26T18:50:20.2124499Z Resolving deltas:  52% (299/574)
2023-04-26T18:50:20.2128072Z Resolving deltas:  53% (305/574)
2023-04-26T18:50:20.2131440Z Resolving deltas:  54% (310/574)
2023-04-26T18:50:20.2134475Z Resolving deltas:  55% (316/574)
2023-04-26T18:50:20.2138569Z Resolving deltas:  56% (322/574)
2023-04-26T18:50:20.2142229Z Resolving deltas:  57% (328/574)
2023-04-26T18:50:20.2146816Z Resolving deltas:  58% (333/574)
2023-04-26T18:50:20.2148430Z Resolving deltas:  59% (339/574)
2023-04-26T18:50:20.2150419Z Resolving deltas:  60% (345/574)
2023-04-26T18:50:20.2152381Z Resolving deltas:  61% (351/574)
2023-04-26T18:50:20.2157618Z Resolving deltas:  62% (356/574)
2023-04-26T18:50:20.2162014Z Resolving deltas:  63% (362/574)
2023-04-26T18:50:20.2165030Z Resolving deltas:  64% (368/574)
2023-04-26T18:50:20.2170556Z Resolving deltas:  65% (374/574)
2023-04-26T18:50:20.2176552Z Resolving deltas:  66% (379/574)
2023-04-26T18:50:20.2182223Z Resolving deltas:  67% (385/574)
2023-04-26T18:50:20.2187314Z Resolving deltas:  68% (391/574)
2023-04-26T18:50:20.2192177Z Resolving deltas:  69% (397/574)
2023-04-26T18:50:20.2193910Z Resolving deltas:  70% (403/574)
2023-04-26T18:50:20.2197242Z Resolving deltas:  71% (408/574)
2023-04-26T18:50:20.2199644Z Resolving deltas:  72% (414/574)
2023-04-26T18:50:20.2200224Z Resolving deltas:  73% (420/574)
2023-04-26T18:50:20.2203399Z Resolving deltas:  74% (425/574)
2023-04-26T18:50:20.2203968Z Resolving deltas:  75% (431/574)
2023-04-26T18:50:20.2204973Z Resolving deltas:  76% (437/574)
2023-04-26T18:50:20.2205406Z Resolving deltas:  77% (442/574)
2023-04-26T18:50:20.2206323Z Resolving deltas:  78% (448/574)
2023-04-26T18:50:20.2206871Z Resolving deltas:  79% (454/574)
2023-04-26T18:50:20.2207701Z Resolving deltas:  80% (460/574)
2023-04-26T18:50:20.2208282Z Resolving deltas:  81% (465/574)
2023-04-26T18:50:20.2208713Z Resolving deltas:  82% (471/574)
2023-04-26T18:50:20.2209851Z Resolving deltas:  83% (477/574)
2023-04-26T18:50:20.2210355Z Resolving deltas:  84% (483/574)
2023-04-26T18:50:20.2211862Z Resolving deltas:  85% (488/574)
2023-04-26T18:50:20.2212499Z Resolving deltas:  86% (494/574)
2023-04-26T18:50:20.2214145Z Resolving deltas:  87% (500/574)
2023-04-26T18:50:20.2214867Z Resolving deltas:  88% (506/574)
2023-04-26T18:50:20.2216521Z Resolving deltas:  89% (511/574)
2023-04-26T18:50:20.2221013Z Resolving deltas:  90% (517/574)
2023-04-26T18:50:20.2223619Z Resolving deltas:  91% (523/574)
2023-04-26T18:50:20.2227372Z Resolving deltas:  92% (529/574)
2023-04-26T18:50:20.2229374Z Resolving deltas:  93% (534/574)
2023-04-26T18:50:20.2233605Z Resolving deltas:  94% (540/574)
2023-04-26T18:50:20.2237728Z Resolving deltas:  95% (546/574)
2023-04-26T18:50:20.2240966Z Resolving deltas:  96% (552/574)
2023-04-26T18:50:20.2246603Z Resolving deltas:  97% (557/574)
2023-04-26T18:50:20.2251685Z Resolving deltas:  98% (563/574)
2023-04-26T18:50:20.2257992Z Resolving deltas:  99% (569/574)
2023-04-26T18:50:20.2258563Z Resolving deltas: 100% (574/574)
2023-04-26T18:50:20.2259280Z Resolving deltas: 100% (574/574), done.
2023-04-26T18:50:20.2368970Z From https://github.com/con/tinuous
2023-04-26T18:50:20.2370082Z  * [new branch]      gh-124                                   -> origin/gh-124
2023-04-26T18:50:20.2389976Z  * [new branch]      gh-55                                    -> origin/gh-55
2023-04-26T18:50:20.2390789Z  * [new branch]      master                                   -> origin/master
2023-04-26T18:50:20.2391980Z  * [new branch]      no-extra-search                          -> origin/no-extra-search
2023-04-26T18:50:20.2392760Z  * [new branch]      test-appveyor                            -> origin/test-appveyor
2023-04-26T18:50:20.2393961Z  * [new tag]         0.1.0                                    -> 0.1.0
2023-04-26T18:50:20.2394597Z  * [new tag]         0.2.0                                    -> 0.2.0
2023-04-26T18:50:20.2395545Z  * [new tag]         0.3.0                                    -> 0.3.0
2023-04-26T18:50:20.2396240Z  * [new tag]         0.4.0                                    -> 0.4.0
2023-04-26T18:50:20.2397307Z  * [new tag]         0.5.0                                    -> 0.5.0
2023-04-26T18:50:20.2397935Z  * [new tag]         0.5.1                                    -> 0.5.1
2023-04-26T18:50:20.2398906Z  * [new tag]         0.5.2                                    -> 0.5.2
2023-04-26T18:50:20.2399520Z  * [new tag]         0.5.3                                    -> 0.5.3
2023-04-26T18:50:20.2400809Z  * [new tag]         0.5.4                                    -> 0.5.4
2023-04-26T18:50:20.2401440Z  * [new tag]         0.6.0                                    -> 0.6.0
2023-04-26T18:50:20.2402373Z  * [new tag]         0.6.1                                    -> 0.6.1
2023-04-26T18:50:20.2403047Z  * [new ref]         b1102a674f2279acf481bcdaaa98e91634a30899 -> pull/164/merge
2023-04-26T18:50:20.2433302Z ##[endgroup]
2023-04-26T18:50:20.2433956Z ##[group]Determining the checkout info
2023-04-26T18:50:20.2434527Z ##[endgroup]
2023-04-26T18:50:20.2435099Z ##[group]Checking out the ref
2023-04-26T18:50:20.2435782Z [command]/usr/bin/git checkout --progress --force refs/remotes/pull/164/merge
2023-04-26T18:50:20.2488831Z Note: switching to 'refs/remotes/pull/164/merge'.
2023-04-26T18:50:20.2489207Z 
2023-04-26T18:50:20.2489766Z You are in 'detached HEAD' state. You can look around, make experimental
2023-04-26T18:50:20.2490304Z changes and commit them, and you can discard any commits you make in this
2023-04-26T18:50:20.2490861Z state without impacting any branches by switching back to a branch.
2023-04-26T18:50:20.2491187Z 
2023-04-26T18:50:20.2491538Z If you want to create a new branch to retain commits you create, you may
2023-04-26T18:50:20.2492000Z do so (now or later) by using -c with the switch command. Example:
2023-04-26T18:50:20.2492231Z 
2023-04-26T18:50:20.2492531Z   git switch -c <new-branch-name>
2023-04-26T18:50:20.2492849Z 
2023-04-26T18:50:20.2493091Z Or undo this operation with:
2023-04-26T18:50:20.2493284Z 
2023-04-26T18:50:20.2493499Z   git switch -
2023-04-26T18:50:20.2493920Z 
2023-04-26T18:50:20.2494260Z Turn off this advice by setting config variable advice.detachedHead to false
2023-04-26T18:50:20.2494512Z 
2023-04-26T18:50:20.2494806Z HEAD is now at b1102a6 Merge 9ce9746a76bf9bdcae16da7b895a8e3fc7773802 into 3deb066da94165e75d6893a090a8788a5a81a925
2023-04-26T18:50:20.2503150Z ##[endgroup]
2023-04-26T18:50:20.2545323Z [command]/usr/bin/git log -1 --format='%H'
2023-04-26T18:50:20.2575225Z 'b1102a674f2279acf481bcdaaa98e91634a30899'
2023-04-26T18:50:20.3054187Z ##[group]Run actions/setup-python@v4
2023-04-26T18:50:20.3054438Z with:
2023-04-26T18:50:20.3054640Z   python-version: 3.8
2023-04-26T18:50:20.3054894Z   check-latest: false
2023-04-26T18:50:20.3055299Z   token: ***
2023-04-26T18:50:20.3055506Z   update-environment: true
2023-04-26T18:50:20.3055751Z   allow-prereleases: false
2023-04-26T18:50:20.3055977Z ##[endgroup]
2023-04-26T18:50:20.4703839Z ##[group]Installed versions
2023-04-26T18:50:20.4830055Z Successfully set up CPython (3.8.16)
2023-04-26T18:50:20.4831077Z ##[endgroup]
2023-04-26T18:50:20.4962589Z ##[group]Run python -m pip install --upgrade pip wheel
2023-04-26T18:50:20.4963004Z [36;1mpython -m pip install --upgrade pip wheel[0m
2023-04-26T18:50:20.4963337Z [36;1mpython -m pip install --upgrade --upgrade-strategy=eager tox[0m
2023-04-26T18:50:20.5024251Z shell: /usr/bin/bash -e {0}
2023-04-26T18:50:20.5024484Z env:
2023-04-26T18:50:20.5024784Z   pythonLocation: /opt/hostedtoolcache/Python/3.8.16/x64
2023-04-26T18:50:20.5025136Z   PKG_CONFIG_PATH: /opt/hostedtoolcache/Python/3.8.16/x64/lib/pkgconfig
2023-04-26T18:50:20.5025476Z   Python_ROOT_DIR: /opt/hostedtoolcache/Python/3.8.16/x64
2023-04-26T18:50:20.5025783Z   Python2_ROOT_DIR: /opt/hostedtoolcache/Python/3.8.16/x64
2023-04-26T18:50:20.5026097Z   Python3_ROOT_DIR: /opt/hostedtoolcache/Python/3.8.16/x64
2023-04-26T18:50:20.5026415Z   LD_LIBRARY_PATH: /opt/hostedtoolcache/Python/3.8.16/x64/lib
2023-04-26T18:50:20.5026666Z ##[endgroup]
2023-04-26T18:50:24.1928395Z Requirement already satisfied: pip in /opt/hostedtoolcache/Python/3.8.16/x64/lib/python3.8/site-packages (22.0.4)
2023-04-26T18:50:24.4299792Z Collecting pip
2023-04-26T18:50:24.5334129Z   Downloading pip-23.1.2-py3-none-any.whl (2.1 MB)
2023-04-26T18:50:24.6944216Z      ━━━━━━━━━━━━━━━━━━━━━━━━━━━━━━━━━━━━━━━━ 2.1/2.1 MB 13.3 MB/s eta 0:00:00
2023-04-26T18:50:24.7645353Z Collecting wheel
2023-04-26T18:50:24.7767286Z   Downloading wheel-0.40.0-py3-none-any.whl (64 kB)
2023-04-26T18:50:24.7825859Z      ━━━━━━━━━━━━━━━━━━━━━━━━━━━━━━━━━━━━━━━━ 64.5/64.5 kB 17.0 MB/s eta 0:00:00
2023-04-26T18:50:24.8282754Z Installing collected packages: wheel, pip
2023-04-26T18:50:24.8764707Z   Attempting uninstall: pip
2023-04-26T18:50:24.8771739Z     Found existing installation: pip 22.0.4
2023-04-26T18:50:24.9560045Z     Uninstalling pip-22.0.4:
2023-04-26T18:50:25.0258652Z       Successfully uninstalled pip-22.0.4
2023-04-26T18:50:26.1155646Z Successfully installed pip-23.1.2 wheel-0.40.0
2023-04-26T18:50:27.1329711Z Collecting tox
2023-04-26T18:50:27.2340394Z   Downloading tox-4.5.1-py3-none-any.whl (148 kB)
2023-04-26T18:50:27.2706237Z      ━━━━━━━━━━━━━━━━━━━━━━━━━━━━━━━━━━━━━━━ 149.0/149.0 kB 4.4 MB/s eta 0:00:00
2023-04-26T18:50:27.3475548Z Collecting cachetools>=5.3 (from tox)
2023-04-26T18:50:27.3585699Z   Downloading cachetools-5.3.0-py3-none-any.whl (9.3 kB)
2023-04-26T18:50:27.3879820Z Collecting chardet>=5.1 (from tox)
2023-04-26T18:50:27.4003722Z   Downloading chardet-5.1.0-py3-none-any.whl (199 kB)
2023-04-26T18:50:27.4205427Z      ━━━━━━━━━━━━━━━━━━━━━━━━━━━━━━━━━━━━━━ 199.1/199.1 kB 11.3 MB/s eta 0:00:00
2023-04-26T18:50:27.4601073Z Collecting colorama>=0.4.6 (from tox)
2023-04-26T18:50:27.4706755Z   Downloading colorama-0.4.6-py2.py3-none-any.whl (25 kB)
2023-04-26T18:50:27.5134519Z Collecting filelock>=3.11 (from tox)
2023-04-26T18:50:27.5232833Z   Downloading filelock-3.12.0-py3-none-any.whl (10 kB)
2023-04-26T18:50:27.5690236Z Collecting packaging>=23.1 (from tox)
2023-04-26T18:50:27.5794449Z   Downloading packaging-23.1-py3-none-any.whl (48 kB)
2023-04-26T18:50:27.5851204Z      ━━━━━━━━━━━━━━━━━━━━━━━━━━━━━━━━━━━━━━━━ 48.9/48.9 kB 13.2 MB/s eta 0:00:00
2023-04-26T18:50:27.6197516Z Collecting platformdirs>=3.2 (from tox)
2023-04-26T18:50:27.6305708Z   Downloading platformdirs-3.4.0-py3-none-any.whl (15 kB)
2023-04-26T18:50:27.6680588Z Collecting pluggy>=1 (from tox)
2023-04-26T18:50:27.6784513Z   Downloading pluggy-1.0.0-py2.py3-none-any.whl (13 kB)
2023-04-26T18:50:27.7081561Z Collecting pyproject-api>=1.5.1 (from tox)
2023-04-26T18:50:27.7186057Z   Downloading pyproject_api-1.5.1-py3-none-any.whl (12 kB)
2023-04-26T18:50:27.7545363Z Collecting tomli>=2.0.1 (from tox)
2023-04-26T18:50:27.7767875Z   Downloading tomli-2.0.1-py3-none-any.whl (12 kB)
2023-04-26T18:50:27.9089626Z Collecting virtualenv>=20.21 (from tox)
2023-04-26T18:50:27.9252386Z   Downloading virtualenv-20.22.0-py3-none-any.whl (3.2 MB)
2023-04-26T18:50:28.1052370Z      ━━━━━━━━━━━━━━━━━━━━━━━━━━━━━━━━━━━━━━━━ 3.2/3.2 MB 18.3 MB/s eta 0:00:00
2023-04-26T18:50:28.2229012Z Collecting distlib<1,>=0.3.6 (from virtualenv>=20.21->tox)
2023-04-26T18:50:28.2337502Z   Downloading distlib-0.3.6-py2.py3-none-any.whl (468 kB)
2023-04-26T18:50:28.2528333Z      ━━━━━━━━━━━━━━━━━━━━━━━━━━━━━━━━━━━━━━ 468.5/468.5 kB 30.5 MB/s eta 0:00:00
2023-04-26T18:50:28.4102508Z Installing collected packages: distlib, tomli, pluggy, platformdirs, packaging, filelock, colorama, chardet, cachetools, virtualenv, pyproject-api, tox
2023-04-26T18:50:29.0479477Z Successfully installed cachetools-5.3.0 chardet-5.1.0 colorama-0.4.6 distlib-0.3.6 filelock-3.12.0 packaging-23.1 platformdirs-3.4.0 pluggy-1.0.0 pyproject-api-1.5.1 tomli-2.0.1 tox-4.5.1 virtualenv-20.22.0
2023-04-26T18:50:29.2413480Z ##[group]Run tox -e typing
2023-04-26T18:50:29.2413743Z [36;1mtox -e typing[0m
2023-04-26T18:50:29.2468310Z shell: /usr/bin/bash -e {0}
2023-04-26T18:50:29.2468517Z env:
2023-04-26T18:50:29.2468781Z   pythonLocation: /opt/hostedtoolcache/Python/3.8.16/x64
2023-04-26T18:50:29.2469123Z   PKG_CONFIG_PATH: /opt/hostedtoolcache/Python/3.8.16/x64/lib/pkgconfig
2023-04-26T18:50:29.2469454Z   Python_ROOT_DIR: /opt/hostedtoolcache/Python/3.8.16/x64
2023-04-26T18:50:29.2469772Z   Python2_ROOT_DIR: /opt/hostedtoolcache/Python/3.8.16/x64
2023-04-26T18:50:29.2470085Z   Python3_ROOT_DIR: /opt/hostedtoolcache/Python/3.8.16/x64
2023-04-26T18:50:29.2470386Z   LD_LIBRARY_PATH: /opt/hostedtoolcache/Python/3.8.16/x64/lib
2023-04-26T18:50:29.2470835Z ##[endgroup]
2023-04-26T18:50:29.9160393Z typing: install_deps> python -I -m pip install 'mypy~=0.900' 'pytest-cov~=2.0' 'pytest-mock~=3.0' 'pytest~=6.0' types-python-dateutil types-PyYAML types-requests
2023-04-26T18:50:35.6381178Z .pkg: install_requires> python -I -m pip install 'setuptools>=46.4.0' 'wheel~=0.32'
2023-04-26T18:50:36.7971502Z .pkg: _optional_hooks> python /opt/hostedtoolcache/Python/3.8.16/x64/lib/python3.8/site-packages/pyproject_api/_backend.py True setuptools.build_meta
2023-04-26T18:50:37.1262432Z .pkg: get_requires_for_build_sdist> python /opt/hostedtoolcache/Python/3.8.16/x64/lib/python3.8/site-packages/pyproject_api/_backend.py True setuptools.build_meta
2023-04-26T18:50:37.2491524Z .pkg: freeze> python -m pip freeze --all
2023-04-26T18:50:37.6183152Z .pkg: pip==23.1,setuptools==67.6.1,wheel==0.40.0
2023-04-26T18:50:37.6190210Z .pkg: prepare_metadata_for_build_wheel> python /opt/hostedtoolcache/Python/3.8.16/x64/lib/python3.8/site-packages/pyproject_api/_backend.py True setuptools.build_meta
2023-04-26T18:50:37.7733788Z .pkg: build_sdist> python /opt/hostedtoolcache/Python/3.8.16/x64/lib/python3.8/site-packages/pyproject_api/_backend.py True setuptools.build_meta
2023-04-26T18:50:37.8799660Z typing: install_package_deps> python -I -m pip install 'PyGithub~=1.55' 'PyYAML~=5.0' 'click-loglevel~=0.2' 'click>=7.0' 'in-place~=0.4' 'pydantic~=1.7' 'python-dateutil~=2.7' 'python-dotenv~=0.11' 'requests~=2.20'
2023-04-26T18:50:43.1111979Z typing: install_package> python -I -m pip install --force-reinstall --no-deps /home/runner/work/tinuous/tinuous/.tox/.tmp/package/1/tinuous-0.6.1+4.gb1102a6.tar.gz
2023-04-26T18:50:46.5236185Z typing: freeze> python -m pip freeze --all
2023-04-26T18:50:46.9433416Z typing: attrs==23.1.0,certifi==2022.12.7,cffi==1.15.1,charset-normalizer==3.1.0,click==8.1.3,click-loglevel==0.4.0.post1,coverage==7.2.3,cryptography==40.0.2,Deprecated==1.2.13,idna==3.4,in-place==0.5.0,iniconfig==2.0.0,mypy==0.991,mypy-extensions==1.0.0,packaging==23.1,pip==23.1,pluggy==1.0.0,py==1.11.0,pycparser==2.21,pydantic==1.10.7,PyGithub==1.58.1,PyJWT==2.6.0,PyNaCl==1.5.0,pytest==6.2.5,pytest-cov==2.12.1,pytest-mock==3.10.0,python-dateutil==2.8.2,python-dotenv==0.21.1,PyYAML==5.4.1,requests==2.29.0,setuptools==67.6.1,six==1.16.0,tinuous @ file:///home/runner/work/tinuous/tinuous/.tox/.tmp/package/1/tinuous-0.6.1%2B4.gb1102a6.tar.gz#sha256=38a06adc6cb17b83c4887e22fe0c69c7d96f7bdd49c01f9fbeb0e980710bce82,toml==0.10.2,tomli==2.0.1,types-python-dateutil==2.8.19.12,types-PyYAML==6.0.12.9,types-requests==2.28.11.17,types-urllib3==1.26.25.10,typing_extensions==4.5.0,urllib3==1.26.15,wheel==0.40.0,wrapt==1.15.0
2023-04-26T18:50:46.9439049Z typing: commands[0]> mypy src test
2023-04-26T18:50:58.1199057Z Success: no issues found in 14 source files
2023-04-26T18:50:58.1318407Z .pkg: _exit> python /opt/hostedtoolcache/Python/3.8.16/x64/lib/python3.8/site-packages/pyproject_api/_backend.py True setuptools.build_meta
2023-04-26T18:50:58.1753146Z   typing: OK (28.55=setup[17.36]+cmd[11.19] seconds)
2023-04-26T18:50:58.1753817Z   congratulations :) (28.74 seconds)
2023-04-26T18:50:58.2162461Z Post job cleanup.
2023-04-26T18:50:58.3707762Z Post job cleanup.
2023-04-26T18:50:58.4758656Z [command]/usr/bin/git version
2023-04-26T18:50:58.4807588Z git version 2.40.1
2023-04-26T18:50:58.4853125Z Temporarily overriding HOME='/home/runner/work/_temp/4e6977cf-1642-4bbb-8bfa-689896db0788' before making global git config changes
2023-04-26T18:50:58.4854625Z Adding repository directory to the temporary git global config as a safe directory
2023-04-26T18:50:58.4860754Z [command]/usr/bin/git config --global --add safe.directory /home/runner/work/tinuous/tinuous
2023-04-26T18:50:58.4904954Z [command]/usr/bin/git config --local --name-only --get-regexp core\.sshCommand
2023-04-26T18:50:58.4942546Z [command]/usr/bin/git submodule foreach --recursive sh -c "git config --local --name-only --get-regexp 'core\.sshCommand' && git config --local --unset-all 'core.sshCommand' || :"
2023-04-26T18:50:58.5251939Z [command]/usr/bin/git config --local --name-only --get-regexp http\.https\:\/\/github\.com\/\.extraheader
2023-04-26T18:50:58.5253063Z http.https://github.com/.extraheader
2023-04-26T18:50:58.5254835Z [command]/usr/bin/git config --local --unset-all http.https://github.com/.extraheader
2023-04-26T18:50:58.5280592Z [command]/usr/bin/git submodule foreach --recursive sh -c "git config --local --name-only --get-regexp 'http\.https\:\/\/github\.com\/\.extraheader' && git config --local --unset-all 'http.https://github.com/.extraheader' || :"
2023-04-26T18:50:58.5739481Z Cleaning up orphan processes
