2021-06-08T17:47:14.7907090Z ##[section]Starting: Request a runner to run this job
2021-06-08T17:47:15.4631270Z Can't find any online and idle self-hosted runner in current repository that matches the required labels: 'ubuntu-latest'
2021-06-08T17:47:15.4631388Z Can't find any online and idle self-hosted runner in current repository's account/organization that matches the required labels: 'ubuntu-latest'
2021-06-08T17:47:15.4631641Z Found online and idle hosted runner in current repository's account/organization that matches the required labels: 'ubuntu-latest'
2021-06-08T17:47:15.6192815Z ##[section]Finishing: Request a runner to run this job
2021-06-08T17:47:23.9473385Z Current runner version: '2.278.0'
2021-06-08T17:47:23.9505967Z ##[group]Operating System
2021-06-08T17:47:23.9507125Z Ubuntu
2021-06-08T17:47:23.9507713Z 20.04.2
2021-06-08T17:47:23.9508178Z LTS
2021-06-08T17:47:23.9508623Z ##[endgroup]
2021-06-08T17:47:23.9509347Z ##[group]Virtual Environment
2021-06-08T17:47:23.9510262Z Environment: ubuntu-20.04
2021-06-08T17:47:23.9510832Z Version: 20210606.1
2021-06-08T17:47:23.9511926Z Included Software: https://github.com/actions/virtual-environments/blob/ubuntu20/20210606.1/images/linux/Ubuntu2004-README.md
2021-06-08T17:47:23.9513346Z Image Release: https://github.com/actions/virtual-environments/releases/tag/ubuntu20%2F20210606.1
2021-06-08T17:47:23.9514304Z ##[endgroup]
2021-06-08T17:47:23.9516465Z ##[group]GITHUB_TOKEN Permissions
2021-06-08T17:47:23.9517875Z Actions: write
2021-06-08T17:47:23.9518486Z Checks: write
2021-06-08T17:47:23.9519103Z Contents: write
2021-06-08T17:47:23.9519836Z Deployments: write
2021-06-08T17:47:23.9520701Z Discussions: write
2021-06-08T17:47:23.9521302Z Issues: write
2021-06-08T17:47:23.9521985Z Metadata: read
2021-06-08T17:47:23.9522531Z Packages: write
2021-06-08T17:47:23.9523180Z PullRequests: write
2021-06-08T17:47:23.9524076Z RepositoryProjects: write
2021-06-08T17:47:23.9524811Z SecurityEvents: write
2021-06-08T17:47:23.9525381Z Statuses: write
2021-06-08T17:47:23.9526141Z ##[endgroup]
2021-06-08T17:47:23.9530059Z Prepare workflow directory
2021-06-08T17:47:24.0244977Z Prepare all required actions
2021-06-08T17:47:24.0257192Z Getting action download info
2021-06-08T17:47:24.4770166Z Download action repository 'actions/checkout@v2'
2021-06-08T17:47:26.3038197Z Download action repository 'actions/setup-python@v2'
2021-06-08T17:47:26.7445798Z Download action repository 'codecov/codecov-action@v1'
2021-06-08T17:47:27.3720598Z ##[group]Run actions/checkout@v2
2021-06-08T17:47:27.3721376Z with:
2021-06-08T17:47:27.3721751Z   fetch-depth: 0
2021-06-08T17:47:27.3722195Z   repository: con/tinuous
2021-06-08T17:47:27.3723095Z   token: ***
2021-06-08T17:47:27.3723499Z   ssh-strict: true
2021-06-08T17:47:27.3724450Z   persist-credentials: true
2021-06-08T17:47:27.3724917Z   clean: true
2021-06-08T17:47:27.3725276Z   lfs: false
2021-06-08T17:47:27.3725646Z   submodules: false
2021-06-08T17:47:27.3726048Z ##[endgroup]
2021-06-08T17:47:28.3154811Z Syncing repository: con/tinuous
2021-06-08T17:47:28.3156247Z ##[group]Getting Git version info
2021-06-08T17:47:28.3157273Z Working directory is '/home/runner/work/tinuous/tinuous'
2021-06-08T17:47:28.3157943Z [command]/usr/bin/git version
2021-06-08T17:47:28.3158385Z git version 2.31.1
2021-06-08T17:47:28.3159299Z ##[endgroup]
2021-06-08T17:47:28.3160089Z Deleting the contents of '/home/runner/work/tinuous/tinuous'
2021-06-08T17:47:28.3161430Z ##[group]Initializing the repository
2021-06-08T17:47:28.3162084Z [command]/usr/bin/git init /home/runner/work/tinuous/tinuous
2021-06-08T17:47:28.3163066Z hint: Using 'master' as the name for the initial branch. This default branch name
2021-06-08T17:47:28.3164190Z hint: is subject to change. To configure the initial branch name to use in all
2021-06-08T17:47:28.3165074Z hint: of your new repositories, which will suppress this warning, call:
2021-06-08T17:47:28.3165753Z hint: 
2021-06-08T17:47:28.3166534Z hint: 	git config --global init.defaultBranch <name>
2021-06-08T17:47:28.3167308Z hint: 
2021-06-08T17:47:28.3168008Z hint: Names commonly chosen instead of 'master' are 'main', 'trunk' and
2021-06-08T17:47:28.3168990Z hint: 'development'. The just-created branch can be renamed via this command:
2021-06-08T17:47:28.3169712Z hint: 
2021-06-08T17:47:28.3170259Z hint: 	git branch -m <name>
2021-06-08T17:47:28.3170924Z Initialized empty Git repository in /home/runner/work/tinuous/tinuous/.git/
2021-06-08T17:47:28.3171824Z [command]/usr/bin/git remote add origin https://github.com/con/tinuous
2021-06-08T17:47:28.3172503Z ##[endgroup]
2021-06-08T17:47:28.3173160Z ##[group]Disabling automatic garbage collection
2021-06-08T17:47:28.3173975Z [command]/usr/bin/git config --local gc.auto 0
2021-06-08T17:47:28.3174846Z ##[endgroup]
2021-06-08T17:47:28.3176283Z ##[group]Setting up auth
2021-06-08T17:47:28.3177174Z [command]/usr/bin/git config --local --name-only --get-regexp core\.sshCommand
2021-06-08T17:47:28.3178892Z [command]/usr/bin/git submodule foreach --recursive git config --local --name-only --get-regexp 'core\.sshCommand' && git config --local --unset-all 'core.sshCommand' || :
2021-06-08T17:47:28.3180418Z [command]/usr/bin/git config --local --name-only --get-regexp http\.https\:\/\/github\.com\/\.extraheader
2021-06-08T17:47:28.3182345Z [command]/usr/bin/git submodule foreach --recursive git config --local --name-only --get-regexp 'http\.https\:\/\/github\.com\/\.extraheader' && git config --local --unset-all 'http.https://github.com/.extraheader' || :
2021-06-08T17:47:28.3184402Z [command]/usr/bin/git config --local http.https://github.com/.extraheader AUTHORIZATION: basic ***
2021-06-08T17:47:28.3185199Z ##[endgroup]
2021-06-08T17:47:28.3185660Z ##[group]Fetching the repository
2021-06-08T17:47:28.3187261Z [command]/usr/bin/git -c protocol.version=2 fetch --prune --progress --no-recurse-submodules origin +refs/heads/*:refs/remotes/origin/* +refs/tags/*:refs/tags/*
2021-06-08T17:47:28.3188315Z remote: Enumerating objects: 472, done.        
2021-06-08T17:47:28.3188874Z remote: Counting objects:   0% (1/472)        
2021-06-08T17:47:28.3189388Z remote: Counting objects:   1% (5/472)        
2021-06-08T17:47:28.3189892Z remote: Counting objects:   2% (10/472)        
2021-06-08T17:47:28.3190406Z remote: Counting objects:   3% (15/472)        
2021-06-08T17:47:28.3190906Z remote: Counting objects:   4% (19/472)        
2021-06-08T17:47:28.3191416Z remote: Counting objects:   5% (24/472)        
2021-06-08T17:47:28.3192079Z remote: Counting objects:   6% (29/472)        
2021-06-08T17:47:28.3192633Z remote: Counting objects:   7% (34/472)        
2021-06-08T17:47:28.3193150Z remote: Counting objects:   8% (38/472)        
2021-06-08T17:47:28.3193649Z remote: Counting objects:   9% (43/472)        
2021-06-08T17:47:28.3194172Z remote: Counting objects:  10% (48/472)        
2021-06-08T17:47:28.3194668Z remote: Counting objects:  11% (52/472)        
2021-06-08T17:47:28.3195179Z remote: Counting objects:  12% (57/472)        
2021-06-08T17:47:28.3195794Z remote: Counting objects:  13% (62/472)        
2021-06-08T17:47:28.3196284Z remote: Counting objects:  14% (67/472)        
2021-06-08T17:47:28.3196765Z remote: Counting objects:  15% (71/472)        
2021-06-08T17:47:28.3197390Z remote: Counting objects:  16% (76/472)        
2021-06-08T17:47:28.3198026Z remote: Counting objects:  17% (81/472)        
2021-06-08T17:47:28.3198557Z remote: Counting objects:  18% (85/472)        
2021-06-08T17:47:28.3199092Z remote: Counting objects:  19% (90/472)        
2021-06-08T17:47:28.3199610Z remote: Counting objects:  20% (95/472)        
2021-06-08T17:47:28.3200142Z remote: Counting objects:  21% (100/472)        
2021-06-08T17:47:28.3200663Z remote: Counting objects:  22% (104/472)        
2021-06-08T17:47:28.3201205Z remote: Counting objects:  23% (109/472)        
2021-06-08T17:47:28.3201723Z remote: Counting objects:  24% (114/472)        
2021-06-08T17:47:28.3202358Z remote: Counting objects:  25% (118/472)        
2021-06-08T17:47:28.3202970Z remote: Counting objects:  26% (123/472)        
2021-06-08T17:47:28.3203467Z remote: Counting objects:  27% (128/472)        
2021-06-08T17:47:28.3204171Z remote: Counting objects:  28% (133/472)        
2021-06-08T17:47:28.3204657Z remote: Counting objects:  29% (137/472)        
2021-06-08T17:47:28.3205150Z remote: Counting objects:  30% (142/472)        
2021-06-08T17:47:28.3205763Z remote: Counting objects:  31% (147/472)        
2021-06-08T17:47:28.3206272Z remote: Counting objects:  32% (152/472)        
2021-06-08T17:47:28.3206786Z remote: Counting objects:  33% (156/472)        
2021-06-08T17:47:28.3207300Z remote: Counting objects:  34% (161/472)        
2021-06-08T17:47:28.3207798Z remote: Counting objects:  35% (166/472)        
2021-06-08T17:47:28.3208455Z remote: Counting objects:  36% (170/472)        
2021-06-08T17:47:28.3208968Z remote: Counting objects:  37% (175/472)        
2021-06-08T17:47:28.3209468Z remote: Counting objects:  38% (180/472)        
2021-06-08T17:47:28.3209975Z remote: Counting objects:  39% (185/472)        
2021-06-08T17:47:28.3210473Z remote: Counting objects:  40% (189/472)        
2021-06-08T17:47:28.3211102Z remote: Counting objects:  41% (194/472)        
2021-06-08T17:47:28.3211582Z remote: Counting objects:  42% (199/472)        
2021-06-08T17:47:28.3212076Z remote: Counting objects:  43% (203/472)        
2021-06-08T17:47:28.3212681Z remote: Counting objects:  44% (208/472)        
2021-06-08T17:47:28.3213193Z remote: Counting objects:  45% (213/472)        
2021-06-08T17:47:28.3213831Z remote: Counting objects:  46% (218/472)        
2021-06-08T17:47:28.3214351Z remote: Counting objects:  47% (222/472)        
2021-06-08T17:47:28.3214888Z remote: Counting objects:  48% (227/472)        
2021-06-08T17:47:28.3215417Z remote: Counting objects:  49% (232/472)        
2021-06-08T17:47:28.3216052Z remote: Counting objects:  50% (236/472)        
2021-06-08T17:47:28.3216551Z remote: Counting objects:  51% (241/472)        
2021-06-08T17:47:28.3217060Z remote: Counting objects:  52% (246/472)        
2021-06-08T17:47:28.3217557Z remote: Counting objects:  53% (251/472)        
2021-06-08T17:47:28.3218066Z remote: Counting objects:  54% (255/472)        
2021-06-08T17:47:28.3218562Z remote: Counting objects:  55% (260/472)        
2021-06-08T17:47:28.3219071Z remote: Counting objects:  56% (265/472)        
2021-06-08T17:47:28.3219719Z remote: Counting objects:  57% (270/472)        
2021-06-08T17:47:28.3220236Z remote: Counting objects:  58% (274/472)        
2021-06-08T17:47:28.3220963Z remote: Counting objects:  59% (279/472)        
2021-06-08T17:47:28.3221487Z remote: Counting objects:  60% (284/472)        
2021-06-08T17:47:28.3221997Z remote: Counting objects:  61% (288/472)        
2021-06-08T17:47:28.3222522Z remote: Counting objects:  62% (293/472)        
2021-06-08T17:47:28.3223161Z remote: Counting objects:  63% (298/472)        
2021-06-08T17:47:28.3223693Z remote: Counting objects:  64% (303/472)        
2021-06-08T17:47:28.3224208Z remote: Counting objects:  65% (307/472)        
2021-06-08T17:47:28.3224735Z remote: Counting objects:  66% (312/472)        
2021-06-08T17:47:28.3225255Z remote: Counting objects:  67% (317/472)        
2021-06-08T17:47:28.3225786Z remote: Counting objects:  68% (321/472)        
2021-06-08T17:47:28.3226308Z remote: Counting objects:  69% (326/472)        
2021-06-08T17:47:28.3226839Z remote: Counting objects:  70% (331/472)        
2021-06-08T17:47:28.3227366Z remote: Counting objects:  71% (336/472)        
2021-06-08T17:47:28.3227888Z remote: Counting objects:  72% (340/472)        
2021-06-08T17:47:28.3228419Z remote: Counting objects:  73% (345/472)        
2021-06-08T17:47:28.3228937Z remote: Counting objects:  74% (350/472)        
2021-06-08T17:47:28.3229465Z remote: Counting objects:  75% (354/472)        
2021-06-08T17:47:28.3229989Z remote: Counting objects:  76% (359/472)        
2021-06-08T17:47:28.3230615Z remote: Counting objects:  77% (364/472)        
2021-06-08T17:47:28.3231217Z remote: Counting objects:  78% (369/472)        
2021-06-08T17:47:28.3231888Z remote: Counting objects:  79% (373/472)        
2021-06-08T17:47:28.3232403Z remote: Counting objects:  80% (378/472)        
2021-06-08T17:47:28.3233034Z remote: Counting objects:  81% (383/472)        
2021-06-08T17:47:28.3233562Z remote: Counting objects:  82% (388/472)        
2021-06-08T17:47:28.3234077Z remote: Counting objects:  83% (392/472)        
2021-06-08T17:47:28.3234605Z remote: Counting objects:  84% (397/472)        
2021-06-08T17:47:28.3235128Z remote: Counting objects:  85% (402/472)        
2021-06-08T17:47:28.3235658Z remote: Counting objects:  86% (406/472)        
2021-06-08T17:47:28.3236172Z remote: Counting objects:  87% (411/472)        
2021-06-08T17:47:28.3236699Z remote: Counting objects:  88% (416/472)        
2021-06-08T17:47:28.3237351Z remote: Counting objects:  89% (421/472)        
2021-06-08T17:47:28.3237869Z remote: Counting objects:  90% (425/472)        
2021-06-08T17:47:28.3238397Z remote: Counting objects:  91% (430/472)        
2021-06-08T17:47:28.3239072Z remote: Counting objects:  92% (435/472)        
2021-06-08T17:47:28.3239776Z remote: Counting objects:  93% (439/472)        
2021-06-08T17:47:28.3240300Z remote: Counting objects:  94% (444/472)        
2021-06-08T17:47:28.3240952Z remote: Counting objects:  95% (449/472)        
2021-06-08T17:47:28.3241609Z remote: Counting objects:  96% (454/472)        
2021-06-08T17:47:28.3242194Z remote: Counting objects:  97% (458/472)        
2021-06-08T17:47:28.3242886Z remote: Counting objects:  98% (463/472)        
2021-06-08T17:47:28.3243497Z remote: Counting objects:  99% (468/472)        
2021-06-08T17:47:28.3244269Z remote: Counting objects: 100% (472/472)        
2021-06-08T17:47:28.3244948Z remote: Counting objects: 100% (472/472), done.        
2021-06-08T17:47:28.3246110Z remote: Compressing objects:   0% (1/226)        
2021-06-08T17:47:28.3246733Z remote: Compressing objects:   1% (3/226)        
2021-06-08T17:47:28.3247399Z remote: Compressing objects:   2% (5/226)        
2021-06-08T17:47:28.3249367Z remote: Compressing objects:   3% (7/226)        
2021-06-08T17:47:28.3250059Z remote: Compressing objects:   4% (10/226)        
2021-06-08T17:47:28.3250676Z remote: Compressing objects:   5% (12/226)        
2021-06-08T17:47:28.3251339Z remote: Compressing objects:   6% (14/226)        
2021-06-08T17:47:28.3251949Z remote: Compressing objects:   7% (16/226)        
2021-06-08T17:47:28.3252658Z remote: Compressing objects:   8% (19/226)        
2021-06-08T17:47:28.3253468Z remote: Compressing objects:   9% (21/226)        
2021-06-08T17:47:28.3254110Z remote: Compressing objects:  10% (23/226)        
2021-06-08T17:47:28.3254773Z remote: Compressing objects:  11% (25/226)        
2021-06-08T17:47:28.3255386Z remote: Compressing objects:  12% (28/226)        
2021-06-08T17:47:28.3256112Z remote: Compressing objects:  13% (30/226)        
2021-06-08T17:47:28.3257096Z remote: Compressing objects:  14% (32/226)        
2021-06-08T17:47:28.3257766Z remote: Compressing objects:  15% (34/226)        
2021-06-08T17:47:28.3258378Z remote: Compressing objects:  16% (37/226)        
2021-06-08T17:47:28.3259054Z remote: Compressing objects:  17% (39/226)        
2021-06-08T17:47:28.3259753Z remote: Compressing objects:  18% (41/226)        
2021-06-08T17:47:28.3260386Z remote: Compressing objects:  19% (43/226)        
2021-06-08T17:47:28.3261141Z remote: Compressing objects:  20% (46/226)        
2021-06-08T17:47:28.3261972Z remote: Compressing objects:  21% (48/226)        
2021-06-08T17:47:28.3262634Z remote: Compressing objects:  22% (50/226)        
2021-06-08T17:47:28.3263357Z remote: Compressing objects:  23% (52/226)        
2021-06-08T17:47:28.3264086Z remote: Compressing objects:  24% (55/226)        
2021-06-08T17:47:28.3264708Z remote: Compressing objects:  25% (57/226)        
2021-06-08T17:47:28.3265379Z remote: Compressing objects:  26% (59/226)        
2021-06-08T17:47:28.3266050Z remote: Compressing objects:  27% (62/226)        
2021-06-08T17:47:28.3266755Z remote: Compressing objects:  28% (64/226)        
2021-06-08T17:47:28.3267420Z remote: Compressing objects:  29% (66/226)        
2021-06-08T17:47:28.3268008Z remote: Compressing objects:  30% (68/226)        
2021-06-08T17:47:28.3268785Z remote: Compressing objects:  31% (71/226)        
2021-06-08T17:47:28.3269413Z remote: Compressing objects:  32% (73/226)        
2021-06-08T17:47:28.3270180Z remote: Compressing objects:  33% (75/226)        
2021-06-08T17:47:28.3270800Z remote: Compressing objects:  34% (77/226)        
2021-06-08T17:47:28.3271443Z remote: Compressing objects:  35% (80/226)        
2021-06-08T17:47:28.3272097Z remote: Compressing objects:  36% (82/226)        
2021-06-08T17:47:28.3273050Z remote: Compressing objects:  37% (84/226)        
2021-06-08T17:47:28.3273855Z remote: Compressing objects:  38% (86/226)        
2021-06-08T17:47:28.3274513Z remote: Compressing objects:  39% (89/226)        
2021-06-08T17:47:28.3275172Z remote: Compressing objects:  40% (91/226)        
2021-06-08T17:47:28.3275799Z remote: Compressing objects:  41% (93/226)        
2021-06-08T17:47:28.3276455Z remote: Compressing objects:  42% (95/226)        
2021-06-08T17:47:28.3277065Z remote: Compressing objects:  43% (98/226)        
2021-06-08T17:47:28.3277755Z remote: Compressing objects:  44% (100/226)        
2021-06-08T17:47:28.3278424Z remote: Compressing objects:  45% (102/226)        
2021-06-08T17:47:28.3279051Z remote: Compressing objects:  46% (104/226)        
2021-06-08T17:47:28.3279823Z remote: Compressing objects:  47% (107/226)        
2021-06-08T17:47:28.3280653Z remote: Compressing objects:  48% (109/226)        
2021-06-08T17:47:28.3281318Z remote: Compressing objects:  49% (111/226)        
2021-06-08T17:47:28.3281912Z remote: Compressing objects:  50% (113/226)        
2021-06-08T17:47:28.3282570Z remote: Compressing objects:  51% (116/226)        
2021-06-08T17:47:28.3283334Z remote: Compressing objects:  52% (118/226)        
2021-06-08T17:47:28.3284166Z remote: Compressing objects:  53% (120/226)        
2021-06-08T17:47:28.3284865Z remote: Compressing objects:  54% (123/226)        
2021-06-08T17:47:28.3285483Z remote: Compressing objects:  55% (125/226)        
2021-06-08T17:47:28.3286161Z remote: Compressing objects:  56% (127/226)        
2021-06-08T17:47:28.3286771Z remote: Compressing objects:  57% (129/226)        
2021-06-08T17:47:28.3287430Z remote: Compressing objects:  58% (132/226)        
2021-06-08T17:47:28.3288158Z remote: Compressing objects:  59% (134/226)        
2021-06-08T17:47:28.3289063Z remote: Compressing objects:  60% (136/226)        
2021-06-08T17:47:28.3289696Z remote: Compressing objects:  61% (138/226)        
2021-06-08T17:47:28.3290359Z remote: Compressing objects:  62% (141/226)        
2021-06-08T17:47:28.3291110Z remote: Compressing objects:  63% (143/226)        
2021-06-08T17:47:28.3291752Z remote: Compressing objects:  64% (145/226)        
2021-06-08T17:47:28.3292451Z remote: Compressing objects:  65% (147/226)        
2021-06-08T17:47:28.3293387Z remote: Compressing objects:  66% (150/226)        
2021-06-08T17:47:28.3294162Z remote: Compressing objects:  67% (152/226)        
2021-06-08T17:47:28.3294769Z remote: Compressing objects:  68% (154/226)        
2021-06-08T17:47:28.3295440Z remote: Compressing objects:  69% (156/226)        
2021-06-08T17:47:28.3296084Z remote: Compressing objects:  70% (159/226)        
2021-06-08T17:47:28.3296742Z remote: Compressing objects:  71% (161/226)        
2021-06-08T17:47:28.3297405Z remote: Compressing objects:  72% (163/226)        
2021-06-08T17:47:28.3298025Z remote: Compressing objects:  73% (165/226)        
2021-06-08T17:47:28.3298723Z remote: Compressing objects:  74% (168/226)        
2021-06-08T17:47:28.3299455Z remote: Compressing objects:  75% (170/226)        
2021-06-08T17:47:28.3300108Z remote: Compressing objects:  76% (172/226)        
2021-06-08T17:47:28.3300699Z remote: Compressing objects:  77% (175/226)        
2021-06-08T17:47:28.3301351Z remote: Compressing objects:  78% (177/226)        
2021-06-08T17:47:28.3302081Z remote: Compressing objects:  79% (179/226)        
2021-06-08T17:47:28.3302773Z remote: Compressing objects:  80% (181/226)        
2021-06-08T17:47:28.3303437Z remote: Compressing objects:  81% (184/226)        
2021-06-08T17:47:28.3304049Z remote: Compressing objects:  82% (186/226)        
2021-06-08T17:47:28.3304733Z remote: Compressing objects:  83% (188/226)        
2021-06-08T17:47:28.3305341Z remote: Compressing objects:  84% (190/226)        
2021-06-08T17:47:28.3306031Z remote: Compressing objects:  85% (193/226)        
2021-06-08T17:47:28.3306645Z remote: Compressing objects:  86% (195/226)        
2021-06-08T17:47:28.3307302Z remote: Compressing objects:  87% (197/226)        
2021-06-08T17:47:28.3307989Z remote: Compressing objects:  88% (199/226)        
2021-06-08T17:47:28.3308726Z remote: Compressing objects:  89% (202/226)        
2021-06-08T17:47:28.3309419Z remote: Compressing objects:  90% (204/226)        
2021-06-08T17:47:28.3310185Z remote: Compressing objects:  91% (206/226)        
2021-06-08T17:47:28.3310776Z remote: Compressing objects:  92% (208/226)        
2021-06-08T17:47:28.3311429Z remote: Compressing objects:  93% (211/226)        
2021-06-08T17:47:28.3312017Z remote: Compressing objects:  94% (213/226)        
2021-06-08T17:47:28.3313036Z remote: Compressing objects:  95% (215/226)        
2021-06-08T17:47:28.3313648Z remote: Compressing objects:  96% (217/226)        
2021-06-08T17:47:28.3314322Z remote: Compressing objects:  97% (220/226)        
2021-06-08T17:47:28.3314956Z remote: Compressing objects:  98% (222/226)        
2021-06-08T17:47:28.3315616Z remote: Compressing objects:  99% (224/226)        
2021-06-08T17:47:28.3316302Z remote: Compressing objects: 100% (226/226)        
2021-06-08T17:47:28.3316944Z remote: Compressing objects: 100% (226/226), done.        
2021-06-08T17:47:28.3317606Z Receiving objects:   0% (1/472)
2021-06-08T17:47:28.3318116Z Receiving objects:   1% (5/472)
2021-06-08T17:47:28.3318675Z Receiving objects:   2% (10/472)
2021-06-08T17:47:28.3319188Z Receiving objects:   3% (15/472)
2021-06-08T17:47:28.3319777Z Receiving objects:   4% (19/472)
2021-06-08T17:47:28.3320402Z Receiving objects:   5% (24/472)
2021-06-08T17:47:28.3321063Z Receiving objects:   6% (29/472)
2021-06-08T17:47:28.3321539Z Receiving objects:   7% (34/472)
2021-06-08T17:47:28.3322191Z Receiving objects:   8% (38/472)
2021-06-08T17:47:28.3322758Z Receiving objects:   9% (43/472)
2021-06-08T17:47:28.3323447Z Receiving objects:  10% (48/472)
2021-06-08T17:47:28.3324257Z Receiving objects:  11% (52/472)
2021-06-08T17:47:28.3324795Z Receiving objects:  12% (57/472)
2021-06-08T17:47:28.3325355Z Receiving objects:  13% (62/472)
2021-06-08T17:47:28.3325904Z Receiving objects:  14% (67/472)
2021-06-08T17:47:28.3326585Z Receiving objects:  15% (71/472)
2021-06-08T17:47:28.3327098Z Receiving objects:  16% (76/472)
2021-06-08T17:47:28.3327634Z Receiving objects:  17% (81/472)
2021-06-08T17:47:28.3328252Z Receiving objects:  18% (85/472)
2021-06-08T17:47:28.3328851Z Receiving objects:  19% (90/472)
2021-06-08T17:47:28.3329586Z Receiving objects:  20% (95/472)
2021-06-08T17:47:28.3330083Z Receiving objects:  21% (100/472)
2021-06-08T17:47:28.3330627Z Receiving objects:  22% (104/472)
2021-06-08T17:47:28.3331123Z Receiving objects:  23% (109/472)
2021-06-08T17:47:28.3331703Z Receiving objects:  24% (114/472)
2021-06-08T17:47:28.3332195Z Receiving objects:  25% (118/472)
2021-06-08T17:47:28.3333098Z Receiving objects:  26% (123/472)
2021-06-08T17:47:28.3333610Z Receiving objects:  27% (128/472)
2021-06-08T17:47:28.3334174Z Receiving objects:  28% (133/472)
2021-06-08T17:47:28.3334699Z Receiving objects:  29% (137/472)
2021-06-08T17:47:28.3335285Z Receiving objects:  30% (142/472)
2021-06-08T17:47:28.3335792Z Receiving objects:  31% (147/472)
2021-06-08T17:47:28.3336368Z Receiving objects:  32% (152/472)
2021-06-08T17:47:28.3336927Z Receiving objects:  33% (156/472)
2021-06-08T17:47:28.3337449Z Receiving objects:  34% (161/472)
2021-06-08T17:47:28.3338037Z Receiving objects:  35% (166/472)
2021-06-08T17:47:28.3338544Z Receiving objects:  36% (170/472)
2021-06-08T17:47:28.3339116Z Receiving objects:  37% (175/472)
2021-06-08T17:47:28.3339625Z Receiving objects:  38% (180/472)
2021-06-08T17:47:28.3340289Z Receiving objects:  39% (185/472)
2021-06-08T17:47:28.3340807Z Receiving objects:  40% (189/472)
2021-06-08T17:47:28.3341342Z Receiving objects:  41% (194/472)
2021-06-08T17:47:28.3341833Z Receiving objects:  42% (199/472)
2021-06-08T17:47:28.3342371Z Receiving objects:  43% (203/472)
2021-06-08T17:47:28.3343054Z Receiving objects:  44% (208/472)
2021-06-08T17:47:28.3343593Z Receiving objects:  45% (213/472)
2021-06-08T17:47:28.3344152Z Receiving objects:  46% (218/472)
2021-06-08T17:47:28.3344655Z Receiving objects:  47% (222/472)
2021-06-08T17:47:28.3345345Z Receiving objects:  48% (227/472)
2021-06-08T17:47:28.3345854Z Receiving objects:  49% (232/472)
2021-06-08T17:47:28.3346549Z Receiving objects:  50% (236/472)
2021-06-08T17:47:28.3347043Z Receiving objects:  51% (241/472)
2021-06-08T17:47:28.3347713Z Receiving objects:  52% (246/472)
2021-06-08T17:47:28.3348230Z Receiving objects:  53% (251/472)
2021-06-08T17:47:28.3349326Z Receiving objects:  54% (255/472)
2021-06-08T17:47:28.3349974Z Receiving objects:  55% (260/472)
2021-06-08T17:47:28.3350491Z Receiving objects:  56% (265/472)
2021-06-08T17:47:28.3351068Z Receiving objects:  57% (270/472)
2021-06-08T17:47:28.3351591Z Receiving objects:  58% (274/472)
2021-06-08T17:47:28.3352151Z Receiving objects:  59% (279/472)
2021-06-08T17:47:28.3352673Z Receiving objects:  60% (284/472)
2021-06-08T17:47:28.3353265Z Receiving objects:  61% (288/472)
2021-06-08T17:47:28.3353777Z Receiving objects:  62% (293/472)
2021-06-08T17:47:28.3354350Z Receiving objects:  63% (298/472)
2021-06-08T17:47:28.3354856Z Receiving objects:  64% (303/472)
2021-06-08T17:47:28.3355424Z Receiving objects:  65% (307/472)
2021-06-08T17:47:28.3355960Z Receiving objects:  66% (312/472)
2021-06-08T17:47:28.3356519Z Receiving objects:  67% (317/472)
2021-06-08T17:47:28.3357092Z Receiving objects:  68% (321/472)
2021-06-08T17:47:28.3357596Z Receiving objects:  69% (326/472)
2021-06-08T17:47:28.3358153Z Receiving objects:  70% (331/472)
2021-06-08T17:47:28.3358690Z Receiving objects:  71% (336/472)
2021-06-08T17:47:28.3359471Z Receiving objects:  72% (340/472)
2021-06-08T17:47:28.3359944Z Receiving objects:  73% (345/472)
2021-06-08T17:47:28.3360465Z Receiving objects:  74% (350/472)
2021-06-08T17:47:28.3361069Z Receiving objects:  75% (354/472)
2021-06-08T17:47:28.3361930Z Receiving objects:  76% (359/472)
2021-06-08T17:47:28.3365146Z Receiving objects:  77% (364/472)
2021-06-08T17:47:28.3365686Z Receiving objects:  78% (369/472)
2021-06-08T17:47:28.3366246Z Receiving objects:  79% (373/472)
2021-06-08T17:47:28.3366805Z Receiving objects:  80% (378/472)
2021-06-08T17:47:28.3368012Z remote: Total 472 (delta 252), reused 384 (delta 191), pack-reused 0        
2021-06-08T17:47:28.3368922Z Receiving objects:  81% (383/472)
2021-06-08T17:47:28.3369415Z Receiving objects:  82% (388/472)
2021-06-08T17:47:28.3369959Z Receiving objects:  83% (392/472)
2021-06-08T17:47:28.3370504Z Receiving objects:  84% (397/472)
2021-06-08T17:47:28.3371051Z Receiving objects:  85% (402/472)
2021-06-08T17:47:28.3371539Z Receiving objects:  86% (406/472)
2021-06-08T17:47:28.3372076Z Receiving objects:  87% (411/472)
2021-06-08T17:47:28.3372917Z Receiving objects:  88% (416/472)
2021-06-08T17:47:28.3373518Z Receiving objects:  89% (421/472)
2021-06-08T17:47:28.3374027Z Receiving objects:  90% (425/472)
2021-06-08T17:47:28.3374602Z Receiving objects:  91% (430/472)
2021-06-08T17:47:28.3375112Z Receiving objects:  92% (435/472)
2021-06-08T17:47:28.3375669Z Receiving objects:  93% (439/472)
2021-06-08T17:47:28.3376291Z Receiving objects:  94% (444/472)
2021-06-08T17:47:28.3376811Z Receiving objects:  95% (449/472)
2021-06-08T17:47:28.3377368Z Receiving objects:  96% (454/472)
2021-06-08T17:47:28.3377874Z Receiving objects:  97% (458/472)
2021-06-08T17:47:28.3378657Z Receiving objects:  98% (463/472)
2021-06-08T17:47:28.3379147Z Receiving objects:  99% (468/472)
2021-06-08T17:47:28.3379695Z Receiving objects: 100% (472/472)
2021-06-08T17:47:28.3380233Z Receiving objects: 100% (472/472), 124.46 KiB | 1.70 MiB/s, done.
2021-06-08T17:47:28.3380809Z Resolving deltas:   0% (0/252)
2021-06-08T17:47:28.3381397Z Resolving deltas:   1% (3/252)
2021-06-08T17:47:28.3382082Z Resolving deltas:   2% (6/252)
2021-06-08T17:47:28.3382655Z Resolving deltas:   3% (8/252)
2021-06-08T17:47:28.3383148Z Resolving deltas:   4% (11/252)
2021-06-08T17:47:28.3383699Z Resolving deltas:   5% (13/252)
2021-06-08T17:47:28.3384193Z Resolving deltas:   6% (16/252)
2021-06-08T17:47:28.3384752Z Resolving deltas:   7% (18/252)
2021-06-08T17:47:28.3385272Z Resolving deltas:   8% (21/252)
2021-06-08T17:47:28.3385817Z Resolving deltas:   9% (23/252)
2021-06-08T17:47:28.3386477Z Resolving deltas:  10% (26/252)
2021-06-08T17:47:28.3387134Z Resolving deltas:  11% (28/252)
2021-06-08T17:47:28.3387596Z Resolving deltas:  12% (31/252)
2021-06-08T17:47:28.3388155Z Resolving deltas:  13% (33/252)
2021-06-08T17:47:28.3388747Z Resolving deltas:  14% (36/252)
2021-06-08T17:47:28.3389274Z Resolving deltas:  15% (38/252)
2021-06-08T17:47:28.3389811Z Resolving deltas:  16% (41/252)
2021-06-08T17:47:28.3390284Z Resolving deltas:  17% (43/252)
2021-06-08T17:47:28.3390832Z Resolving deltas:  18% (46/252)
2021-06-08T17:47:28.3391310Z Resolving deltas:  19% (48/252)
2021-06-08T17:47:28.3391831Z Resolving deltas:  20% (51/252)
2021-06-08T17:47:28.3506038Z Resolving deltas:  21% (53/252)
2021-06-08T17:47:28.3507005Z Resolving deltas:  22% (56/252)
2021-06-08T17:47:28.3507475Z Resolving deltas:  23% (58/252)
2021-06-08T17:47:28.3507927Z Resolving deltas:  24% (61/252)
2021-06-08T17:47:28.3508377Z Resolving deltas:  25% (63/252)
2021-06-08T17:47:28.3508839Z Resolving deltas:  26% (66/252)
2021-06-08T17:47:28.3509283Z Resolving deltas:  27% (69/252)
2021-06-08T17:47:28.3509732Z Resolving deltas:  28% (71/252)
2021-06-08T17:47:28.3510176Z Resolving deltas:  29% (74/252)
2021-06-08T17:47:28.3510630Z Resolving deltas:  30% (76/252)
2021-06-08T17:47:28.3511075Z Resolving deltas:  31% (79/252)
2021-06-08T17:47:28.3511525Z Resolving deltas:  32% (81/252)
2021-06-08T17:47:28.3511971Z Resolving deltas:  33% (84/252)
2021-06-08T17:47:28.3512547Z Resolving deltas:  34% (86/252)
2021-06-08T17:47:28.3513010Z Resolving deltas:  35% (89/252)
2021-06-08T17:47:28.3513473Z Resolving deltas:  36% (91/252)
2021-06-08T17:47:28.3513925Z Resolving deltas:  37% (94/252)
2021-06-08T17:47:28.3514388Z Resolving deltas:  38% (96/252)
2021-06-08T17:47:28.3515056Z Resolving deltas:  39% (99/252)
2021-06-08T17:47:28.3515551Z Resolving deltas:  40% (101/252)
2021-06-08T17:47:28.3516018Z Resolving deltas:  41% (104/252)
2021-06-08T17:47:28.3516466Z Resolving deltas:  42% (106/252)
2021-06-08T17:47:28.3517408Z Resolving deltas:  43% (109/252)
2021-06-08T17:47:28.3518038Z Resolving deltas:  44% (111/252)
2021-06-08T17:47:28.3518521Z Resolving deltas:  45% (114/252)
2021-06-08T17:47:28.3518976Z Resolving deltas:  46% (116/252)
2021-06-08T17:47:28.3519435Z Resolving deltas:  47% (119/252)
2021-06-08T17:47:28.3519994Z Resolving deltas:  48% (121/252)
2021-06-08T17:47:28.3520458Z Resolving deltas:  49% (124/252)
2021-06-08T17:47:28.3520908Z Resolving deltas:  50% (126/252)
2021-06-08T17:47:28.3521378Z Resolving deltas:  51% (129/252)
2021-06-08T17:47:28.3521839Z Resolving deltas:  52% (132/252)
2021-06-08T17:47:28.3522289Z Resolving deltas:  53% (134/252)
2021-06-08T17:47:28.3522861Z Resolving deltas:  54% (137/252)
2021-06-08T17:47:28.3523316Z Resolving deltas:  55% (139/252)
2021-06-08T17:47:28.3524005Z Resolving deltas:  56% (142/252)
2021-06-08T17:47:28.3524441Z Resolving deltas:  57% (144/252)
2021-06-08T17:47:28.3524871Z Resolving deltas:  58% (147/252)
2021-06-08T17:47:28.3525431Z Resolving deltas:  59% (149/252)
2021-06-08T17:47:28.3525911Z Resolving deltas:  60% (152/252)
2021-06-08T17:47:28.3527838Z Resolving deltas:  61% (154/252)
2021-06-08T17:47:28.3528307Z Resolving deltas:  62% (157/252)
2021-06-08T17:47:28.3528758Z Resolving deltas:  63% (159/252)
2021-06-08T17:47:28.3529205Z Resolving deltas:  64% (162/252)
2021-06-08T17:47:28.3529666Z Resolving deltas:  65% (164/252)
2021-06-08T17:47:28.3530122Z Resolving deltas:  66% (167/252)
2021-06-08T17:47:28.3530574Z Resolving deltas:  67% (169/252)
2021-06-08T17:47:28.3531019Z Resolving deltas:  68% (172/252)
2021-06-08T17:47:28.3531471Z Resolving deltas:  69% (174/252)
2021-06-08T17:47:28.3532016Z Resolving deltas:  70% (177/252)
2021-06-08T17:47:28.3532453Z Resolving deltas:  71% (179/252)
2021-06-08T17:47:28.3532901Z Resolving deltas:  72% (182/252)
2021-06-08T17:47:28.3533334Z Resolving deltas:  73% (184/252)
2021-06-08T17:47:28.3533772Z Resolving deltas:  74% (187/252)
2021-06-08T17:47:28.3534200Z Resolving deltas:  75% (189/252)
2021-06-08T17:47:28.3534818Z Resolving deltas:  76% (192/252)
2021-06-08T17:47:28.3535379Z Resolving deltas:  77% (195/252)
2021-06-08T17:47:28.3535838Z Resolving deltas:  78% (197/252)
2021-06-08T17:47:28.3536284Z Resolving deltas:  79% (200/252)
2021-06-08T17:47:28.3536746Z Resolving deltas:  80% (202/252)
2021-06-08T17:47:28.3537197Z Resolving deltas:  81% (205/252)
2021-06-08T17:47:28.3537665Z Resolving deltas:  82% (207/252)
2021-06-08T17:47:28.3538134Z Resolving deltas:  83% (210/252)
2021-06-08T17:47:28.3538692Z Resolving deltas:  84% (212/252)
2021-06-08T17:47:28.3539143Z Resolving deltas:  85% (215/252)
2021-06-08T17:47:28.3539574Z Resolving deltas:  86% (217/252)
2021-06-08T17:47:28.3540163Z Resolving deltas:  87% (220/252)
2021-06-08T17:47:28.3540626Z Resolving deltas:  88% (222/252)
2021-06-08T17:47:28.3541095Z Resolving deltas:  89% (225/252)
2021-06-08T17:47:28.3541541Z Resolving deltas:  90% (227/252)
2021-06-08T17:47:28.3541999Z Resolving deltas:  91% (230/252)
2021-06-08T17:47:28.3542448Z Resolving deltas:  92% (232/252)
2021-06-08T17:47:28.3542912Z Resolving deltas:  93% (235/252)
2021-06-08T17:47:28.3543364Z Resolving deltas:  94% (237/252)
2021-06-08T17:47:28.3543836Z Resolving deltas:  95% (240/252)
2021-06-08T17:47:28.3544303Z Resolving deltas:  96% (242/252)
2021-06-08T17:47:28.3544752Z Resolving deltas:  97% (245/252)
2021-06-08T17:47:28.3545217Z Resolving deltas:  98% (247/252)
2021-06-08T17:47:28.3545671Z Resolving deltas:  99% (250/252)
2021-06-08T17:47:28.3546133Z Resolving deltas: 100% (252/252)
2021-06-08T17:47:28.3546610Z Resolving deltas: 100% (252/252), done.
2021-06-08T17:47:28.3604578Z From https://github.com/con/tinuous
2021-06-08T17:47:28.3606207Z  * [new branch]      gh-55         -> origin/gh-55
2021-06-08T17:47:28.3609336Z  * [new branch]      gh-78         -> origin/gh-78
2021-06-08T17:47:28.3610498Z  * [new branch]      master        -> origin/master
2021-06-08T17:47:28.3611643Z  * [new branch]      test-appveyor -> origin/test-appveyor
2021-06-08T17:47:28.3614605Z  * [new tag]         0.1.0         -> 0.1.0
2021-06-08T17:47:28.3615557Z  * [new tag]         0.2.0         -> 0.2.0
2021-06-08T17:47:28.3641278Z [command]/usr/bin/git branch --list --remote origin/gh-78
2021-06-08T17:47:28.3710739Z   origin/gh-78
2021-06-08T17:47:28.3718309Z [command]/usr/bin/git rev-parse refs/remotes/origin/gh-78
2021-06-08T17:47:28.3788960Z 8ae70814e2ba3d481551d6791cec4c99676649cd
2021-06-08T17:47:28.3791876Z ##[endgroup]
2021-06-08T17:47:28.3792861Z ##[group]Determining the checkout info
2021-06-08T17:47:28.3794170Z ##[endgroup]
2021-06-08T17:47:28.3794872Z ##[group]Checking out the ref
2021-06-08T17:47:28.3799713Z [command]/usr/bin/git checkout --progress --force -B gh-78 refs/remotes/origin/gh-78
2021-06-08T17:47:28.3871489Z Switched to a new branch 'gh-78'
2021-06-08T17:47:28.3872842Z Branch 'gh-78' set up to track remote branch 'gh-78' from 'origin'.
2021-06-08T17:47:28.3879285Z ##[endgroup]
2021-06-08T17:47:28.3919493Z [command]/usr/bin/git log -1 --format='%H'
2021-06-08T17:47:28.3944934Z '8ae70814e2ba3d481551d6791cec4c99676649cd'
2021-06-08T17:47:28.4080119Z ##[group]Run actions/setup-python@v2
2021-06-08T17:47:28.4080663Z with:
2021-06-08T17:47:28.4081065Z   python-version: 3.8
2021-06-08T17:47:28.4082009Z   token: ***
2021-06-08T17:47:28.4082397Z ##[endgroup]
2021-06-08T17:47:28.4770767Z Successfully setup CPython (3.8.10)
2021-06-08T17:47:28.4918087Z ##[group]Run python -m pip install --upgrade pip wheel
2021-06-08T17:47:28.4918909Z [36;1mpython -m pip install --upgrade pip wheel[0m
2021-06-08T17:47:28.4919652Z [36;1mpython -m pip install --upgrade --upgrade-strategy=eager tox[0m
2021-06-08T17:47:28.4969067Z shell: /usr/bin/bash -e {0}
2021-06-08T17:47:28.4969487Z env:
2021-06-08T17:47:28.4970062Z   pythonLocation: /opt/hostedtoolcache/Python/3.8.10/x64
2021-06-08T17:47:28.4971033Z   LD_LIBRARY_PATH: /opt/hostedtoolcache/Python/3.8.10/x64/lib
2021-06-08T17:47:28.4971550Z ##[endgroup]
2021-06-08T17:47:29.1286832Z Requirement already satisfied: pip in /opt/hostedtoolcache/Python/3.8.10/x64/lib/python3.8/site-packages (21.1.2)
2021-06-08T17:47:29.3527938Z Collecting wheel
2021-06-08T17:47:29.4026261Z   Downloading wheel-0.36.2-py2.py3-none-any.whl (35 kB)
2021-06-08T17:47:29.4651129Z Installing collected packages: wheel
2021-06-08T17:47:29.5024925Z Successfully installed wheel-0.36.2
2021-06-08T17:47:30.2788998Z Collecting tox
2021-06-08T17:47:30.3197694Z   Downloading tox-3.23.1-py2.py3-none-any.whl (85 kB)
2021-06-08T17:47:30.4328321Z Collecting py>=1.4.17
2021-06-08T17:47:30.4422245Z   Downloading py-1.10.0-py2.py3-none-any.whl (97 kB)
2021-06-08T17:47:30.7002549Z Collecting virtualenv!=20.0.0,!=20.0.1,!=20.0.2,!=20.0.3,!=20.0.4,!=20.0.5,!=20.0.6,!=20.0.7,>=16.0.0
2021-06-08T17:47:30.7112761Z   Downloading virtualenv-20.4.7-py2.py3-none-any.whl (7.2 MB)
2021-06-08T17:47:31.0857526Z Collecting packaging>=14
2021-06-08T17:47:31.0995940Z   Downloading packaging-20.9-py2.py3-none-any.whl (40 kB)
2021-06-08T17:47:31.1415163Z Collecting pluggy>=0.12.0
2021-06-08T17:47:31.1533980Z   Downloading pluggy-0.13.1-py2.py3-none-any.whl (18 kB)
2021-06-08T17:47:31.1962024Z Collecting toml>=0.9.4
2021-06-08T17:47:31.2062519Z   Downloading toml-0.10.2-py2.py3-none-any.whl (16 kB)
2021-06-08T17:47:31.2397828Z Collecting filelock>=3.0.0
2021-06-08T17:47:31.2513899Z   Downloading filelock-3.0.12-py3-none-any.whl (7.6 kB)
2021-06-08T17:47:31.2896751Z Collecting six>=1.14.0
2021-06-08T17:47:31.3003226Z   Downloading six-1.16.0-py2.py3-none-any.whl (11 kB)
2021-06-08T17:47:31.3929878Z Collecting pyparsing>=2.0.2
2021-06-08T17:47:31.4044527Z   Downloading pyparsing-2.4.7-py2.py3-none-any.whl (67 kB)
2021-06-08T17:47:31.4905446Z Collecting distlib<1,>=0.3.1
2021-06-08T17:47:31.5008777Z   Downloading distlib-0.3.2-py2.py3-none-any.whl (338 kB)
2021-06-08T17:47:31.5376793Z Collecting appdirs<2,>=1.4.3
2021-06-08T17:47:31.5477320Z   Downloading appdirs-1.4.4-py2.py3-none-any.whl (9.6 kB)
2021-06-08T17:47:31.6691414Z Installing collected packages: six, pyparsing, filelock, distlib, appdirs, virtualenv, toml, py, pluggy, packaging, tox
2021-06-08T17:47:32.2692156Z Successfully installed appdirs-1.4.4 distlib-0.3.2 filelock-3.0.12 packaging-20.9 pluggy-0.13.1 py-1.10.0 pyparsing-2.4.7 six-1.16.0 toml-0.10.2 tox-3.23.1 virtualenv-20.4.7
2021-06-08T17:47:32.3498089Z ##[group]Run tox -e typing
2021-06-08T17:47:32.3498658Z [36;1mtox -e typing[0m
2021-06-08T17:47:32.3542297Z shell: /usr/bin/bash -e {0}
2021-06-08T17:47:32.3542712Z env:
2021-06-08T17:47:32.3543276Z   pythonLocation: /opt/hostedtoolcache/Python/3.8.10/x64
2021-06-08T17:47:32.3544056Z   LD_LIBRARY_PATH: /opt/hostedtoolcache/Python/3.8.10/x64/lib
2021-06-08T17:47:32.3544618Z ##[endgroup]
2021-06-08T17:47:33.3052474Z .package create: /home/runner/work/tinuous/tinuous/.tox/.package
2021-06-08T17:47:33.3220998Z .package installdeps: setuptools >= 46.4.0, wheel ~= 0.32
2021-06-08T17:47:37.0510182Z typing create: /home/runner/work/tinuous/tinuous/.tox/typing
2021-06-08T17:47:37.3666382Z typing installdeps: mypy~=0.570, pytest~=6.0, pytest-cov~=2.0
2021-06-08T17:47:43.8240564Z typing inst: /home/runner/work/tinuous/tinuous/.tox/.tmp/package/1/tinuous-0.2.0+35.g8ae7081.tar.gz
2021-06-08T17:47:55.3474077Z typing installed: attrs==21.2.0,certifi==2021.5.30,cffi==1.14.5,chardet==4.0.0,click==8.0.1,click-loglevel==0.4.0.post1,coverage==5.5,Deprecated==1.2.12,idna==2.10,in-place==0.5.0,iniconfig==1.1.1,mypy==0.812,mypy-extensions==0.4.3,packaging==20.9,pluggy==0.13.1,py==1.10.0,pycparser==2.20,pydantic==1.8.2,PyGithub==1.55,PyJWT==2.1.0,PyNaCl==1.4.0,pyparsing==2.4.7,pytest==6.2.4,pytest-cov==2.12.1,python-dateutil==2.8.1,python-dotenv==0.17.1,PyYAML==5.4.1,requests==2.25.1,six==1.16.0,tinuous @ file:///home/runner/work/tinuous/tinuous/.tox/.tmp/package/1/tinuous-0.2.0%2B35.g8ae7081.tar.gz,toml==0.10.2,typed-ast==1.4.3,typing-extensions==3.10.0.0,urllib3==1.26.5,wrapt==1.12.1
2021-06-08T17:47:55.3485356Z typing run-test-pre: PYTHONHASHSEED='118964174'
2021-06-08T17:47:55.3486840Z typing run-test: commands[0] | mypy src test
2021-06-08T17:48:05.2003880Z Success: no issues found in 9 source files
2021-06-08T17:48:05.8646992Z ___________________________________ summary ____________________________________
2021-06-08T17:48:05.8647584Z   typing: commands succeeded
2021-06-08T17:48:05.8648111Z   congratulations :)
2021-06-08T17:48:05.8953503Z Post job cleanup.
2021-06-08T17:48:06.0106624Z [command]/usr/bin/git version
2021-06-08T17:48:06.0155546Z git version 2.31.1
2021-06-08T17:48:06.0207410Z [command]/usr/bin/git config --local --name-only --get-regexp core\.sshCommand
2021-06-08T17:48:06.0244260Z [command]/usr/bin/git submodule foreach --recursive git config --local --name-only --get-regexp 'core\.sshCommand' && git config --local --unset-all 'core.sshCommand' || :
2021-06-08T17:48:06.0545597Z [command]/usr/bin/git config --local --name-only --get-regexp http\.https\:\/\/github\.com\/\.extraheader
2021-06-08T17:48:06.0565380Z http.https://github.com/.extraheader
2021-06-08T17:48:06.0584634Z [command]/usr/bin/git config --local --unset-all http.https://github.com/.extraheader
2021-06-08T17:48:06.0614000Z [command]/usr/bin/git submodule foreach --recursive git config --local --name-only --get-regexp 'http\.https\:\/\/github\.com\/\.extraheader' && git config --local --unset-all 'http.https://github.com/.extraheader' || :
2021-06-08T17:48:06.0902691Z Cleaning up orphan processes
