2021-06-10T15:09:53.5237167Z ##[section]Starting: Request a runner to run this job
2021-06-10T15:09:53.9428089Z Can't find any online and idle self-hosted runner in current repository that matches the required labels: 'ubuntu-latest'
2021-06-10T15:09:53.9428170Z Can't find any online and idle self-hosted runner in current repository's account/organization that matches the required labels: 'ubuntu-latest'
2021-06-10T15:09:53.9428355Z Found online and idle hosted runner in current repository's account/organization that matches the required labels: 'ubuntu-latest'
2021-06-10T15:09:54.0874242Z ##[section]Finishing: Request a runner to run this job
2021-06-10T15:10:03.0869561Z Current runner version: '2.278.0'
2021-06-10T15:10:03.0901809Z ##[group]Operating System
2021-06-10T15:10:03.0902870Z Ubuntu
2021-06-10T15:10:03.0903379Z 20.04.2
2021-06-10T15:10:03.0903859Z LTS
2021-06-10T15:10:03.0904387Z ##[endgroup]
2021-06-10T15:10:03.0905075Z ##[group]Virtual Environment
2021-06-10T15:10:03.0905823Z Environment: ubuntu-20.04
2021-06-10T15:10:03.0906409Z Version: 20210606.1
2021-06-10T15:10:03.0907578Z Included Software: https://github.com/actions/virtual-environments/blob/ubuntu20/20210606.1/images/linux/Ubuntu2004-README.md
2021-06-10T15:10:03.0909130Z Image Release: https://github.com/actions/virtual-environments/releases/tag/ubuntu20%2F20210606.1
2021-06-10T15:10:03.0910096Z ##[endgroup]
2021-06-10T15:10:03.0912183Z ##[group]GITHUB_TOKEN Permissions
2021-06-10T15:10:03.0913781Z Actions: write
2021-06-10T15:10:03.0914454Z Checks: write
2021-06-10T15:10:03.0915037Z Contents: write
2021-06-10T15:10:03.0915588Z Deployments: write
2021-06-10T15:10:03.0916288Z Discussions: write
2021-06-10T15:10:03.0916936Z Issues: write
2021-06-10T15:10:03.0917516Z Metadata: read
2021-06-10T15:10:03.0918041Z Packages: write
2021-06-10T15:10:03.0918646Z PullRequests: write
2021-06-10T15:10:03.0919290Z RepositoryProjects: write
2021-06-10T15:10:03.0920023Z SecurityEvents: write
2021-06-10T15:10:03.0920593Z Statuses: write
2021-06-10T15:10:03.0921310Z ##[endgroup]
2021-06-10T15:10:03.0924505Z Prepare workflow directory
2021-06-10T15:10:03.1602413Z Prepare all required actions
2021-06-10T15:10:03.1616521Z Getting action download info
2021-06-10T15:10:03.6151903Z Download action repository 'actions/checkout@v2'
2021-06-10T15:10:05.6489561Z Download action repository 'actions/setup-python@v2'
2021-06-10T15:10:06.1056021Z Download action repository 'codecov/codecov-action@v1'
2021-06-10T15:10:06.7266453Z ##[group]Run actions/checkout@v2
2021-06-10T15:10:06.7267086Z with:
2021-06-10T15:10:06.7267446Z   fetch-depth: 0
2021-06-10T15:10:06.7267984Z   repository: con/tinuous
2021-06-10T15:10:06.7268800Z   token: ***
2021-06-10T15:10:06.7269184Z   ssh-strict: true
2021-06-10T15:10:06.7269635Z   persist-credentials: true
2021-06-10T15:10:06.7270054Z   clean: true
2021-06-10T15:10:06.7270376Z   lfs: false
2021-06-10T15:10:06.7270712Z   submodules: false
2021-06-10T15:10:06.7271075Z ##[endgroup]
2021-06-10T15:10:07.6593418Z Syncing repository: con/tinuous
2021-06-10T15:10:07.6594777Z ##[group]Getting Git version info
2021-06-10T15:10:07.6596017Z Working directory is '/home/runner/work/tinuous/tinuous'
2021-06-10T15:10:07.6596962Z [command]/usr/bin/git version
2021-06-10T15:10:07.6597419Z git version 2.31.1
2021-06-10T15:10:07.6598353Z ##[endgroup]
2021-06-10T15:10:07.6599152Z Deleting the contents of '/home/runner/work/tinuous/tinuous'
2021-06-10T15:10:07.6600515Z ##[group]Initializing the repository
2021-06-10T15:10:07.6601566Z [command]/usr/bin/git init /home/runner/work/tinuous/tinuous
2021-06-10T15:10:07.6602775Z hint: Using 'master' as the name for the initial branch. This default branch name
2021-06-10T15:10:07.6603791Z hint: is subject to change. To configure the initial branch name to use in all
2021-06-10T15:10:07.6604803Z hint: of your new repositories, which will suppress this warning, call:
2021-06-10T15:10:07.6605523Z hint: 
2021-06-10T15:10:07.6606447Z hint: 	git config --global init.defaultBranch <name>
2021-06-10T15:10:07.6607160Z hint: 
2021-06-10T15:10:07.6608100Z hint: Names commonly chosen instead of 'master' are 'main', 'trunk' and
2021-06-10T15:10:07.6609339Z hint: 'development'. The just-created branch can be renamed via this command:
2021-06-10T15:10:07.6610119Z hint: 
2021-06-10T15:10:07.6610869Z hint: 	git branch -m <name>
2021-06-10T15:10:07.6611709Z Initialized empty Git repository in /home/runner/work/tinuous/tinuous/.git/
2021-06-10T15:10:07.6612746Z [command]/usr/bin/git remote add origin https://github.com/con/tinuous
2021-06-10T15:10:07.6613569Z ##[endgroup]
2021-06-10T15:10:07.6614267Z ##[group]Disabling automatic garbage collection
2021-06-10T15:10:07.6615295Z [command]/usr/bin/git config --local gc.auto 0
2021-06-10T15:10:07.6616376Z ##[endgroup]
2021-06-10T15:10:07.6618329Z ##[group]Setting up auth
2021-06-10T15:10:07.6619485Z [command]/usr/bin/git config --local --name-only --get-regexp core\.sshCommand
2021-06-10T15:10:07.6621198Z [command]/usr/bin/git submodule foreach --recursive git config --local --name-only --get-regexp 'core\.sshCommand' && git config --local --unset-all 'core.sshCommand' || :
2021-06-10T15:10:07.6622958Z [command]/usr/bin/git config --local --name-only --get-regexp http\.https\:\/\/github\.com\/\.extraheader
2021-06-10T15:10:07.6625209Z [command]/usr/bin/git submodule foreach --recursive git config --local --name-only --get-regexp 'http\.https\:\/\/github\.com\/\.extraheader' && git config --local --unset-all 'http.https://github.com/.extraheader' || :
2021-06-10T15:10:07.6627370Z [command]/usr/bin/git config --local http.https://github.com/.extraheader AUTHORIZATION: basic ***
2021-06-10T15:10:07.6628524Z ##[endgroup]
2021-06-10T15:10:07.6629183Z ##[group]Fetching the repository
2021-06-10T15:10:07.6631144Z [command]/usr/bin/git -c protocol.version=2 fetch --prune --progress --no-recurse-submodules origin +refs/heads/*:refs/remotes/origin/* +refs/tags/*:refs/tags/*
2021-06-10T15:10:08.3474475Z remote: Enumerating objects: 539, done.        
2021-06-10T15:10:08.3481015Z remote: Counting objects:   0% (1/193)        
2021-06-10T15:10:08.3481557Z remote: Counting objects:   1% (2/193)        
2021-06-10T15:10:08.3482049Z remote: Counting objects:   2% (4/193)        
2021-06-10T15:10:08.3482547Z remote: Counting objects:   3% (6/193)        
2021-06-10T15:10:08.3483034Z remote: Counting objects:   4% (8/193)        
2021-06-10T15:10:08.3483535Z remote: Counting objects:   5% (10/193)        
2021-06-10T15:10:08.3484563Z remote: Counting objects:   6% (12/193)        
2021-06-10T15:10:08.3485219Z remote: Counting objects:   7% (14/193)        
2021-06-10T15:10:08.3485689Z remote: Counting objects:   8% (16/193)        
2021-06-10T15:10:08.3486144Z remote: Counting objects:   9% (18/193)        
2021-06-10T15:10:08.3486636Z remote: Counting objects:  10% (20/193)        
2021-06-10T15:10:08.3487091Z remote: Counting objects:  11% (22/193)        
2021-06-10T15:10:08.3487555Z remote: Counting objects:  12% (24/193)        
2021-06-10T15:10:08.3488011Z remote: Counting objects:  13% (26/193)        
2021-06-10T15:10:08.3488477Z remote: Counting objects:  14% (28/193)        
2021-06-10T15:10:08.3488943Z remote: Counting objects:  15% (29/193)        
2021-06-10T15:10:08.3489395Z remote: Counting objects:  16% (31/193)        
2021-06-10T15:10:08.3489863Z remote: Counting objects:  17% (33/193)        
2021-06-10T15:10:08.3490314Z remote: Counting objects:  18% (35/193)        
2021-06-10T15:10:08.3490787Z remote: Counting objects:  19% (37/193)        
2021-06-10T15:10:08.3491244Z remote: Counting objects:  20% (39/193)        
2021-06-10T15:10:08.3491711Z remote: Counting objects:  21% (41/193)        
2021-06-10T15:10:08.3492230Z remote: Counting objects:  22% (43/193)        
2021-06-10T15:10:08.3492707Z remote: Counting objects:  23% (45/193)        
2021-06-10T15:10:08.3493160Z remote: Counting objects:  24% (47/193)        
2021-06-10T15:10:08.3493629Z remote: Counting objects:  25% (49/193)        
2021-06-10T15:10:08.3494096Z remote: Counting objects:  26% (51/193)        
2021-06-10T15:10:08.3494551Z remote: Counting objects:  27% (53/193)        
2021-06-10T15:10:08.3495017Z remote: Counting objects:  28% (55/193)        
2021-06-10T15:10:08.3495470Z remote: Counting objects:  29% (56/193)        
2021-06-10T15:10:08.3495937Z remote: Counting objects:  30% (58/193)        
2021-06-10T15:10:08.3496393Z remote: Counting objects:  31% (60/193)        
2021-06-10T15:10:08.3496859Z remote: Counting objects:  32% (62/193)        
2021-06-10T15:10:08.3497319Z remote: Counting objects:  33% (64/193)        
2021-06-10T15:10:08.3497790Z remote: Counting objects:  34% (66/193)        
2021-06-10T15:10:08.3498254Z remote: Counting objects:  35% (68/193)        
2021-06-10T15:10:08.3498706Z remote: Counting objects:  36% (70/193)        
2021-06-10T15:10:08.3499317Z remote: Counting objects:  37% (72/193)        
2021-06-10T15:10:08.3499774Z remote: Counting objects:  38% (74/193)        
2021-06-10T15:10:08.3500238Z remote: Counting objects:  39% (76/193)        
2021-06-10T15:10:08.3500691Z remote: Counting objects:  40% (78/193)        
2021-06-10T15:10:08.3501156Z remote: Counting objects:  41% (80/193)        
2021-06-10T15:10:08.3501611Z remote: Counting objects:  42% (82/193)        
2021-06-10T15:10:08.3502076Z remote: Counting objects:  43% (83/193)        
2021-06-10T15:10:08.3502545Z remote: Counting objects:  44% (85/193)        
2021-06-10T15:10:08.3502996Z remote: Counting objects:  45% (87/193)        
2021-06-10T15:10:08.3503468Z remote: Counting objects:  46% (89/193)        
2021-06-10T15:10:08.3503923Z remote: Counting objects:  47% (91/193)        
2021-06-10T15:10:08.3504388Z remote: Counting objects:  48% (93/193)        
2021-06-10T15:10:08.3504842Z remote: Counting objects:  49% (95/193)        
2021-06-10T15:10:08.3505314Z remote: Counting objects:  50% (97/193)        
2021-06-10T15:10:08.3505771Z remote: Counting objects:  51% (99/193)        
2021-06-10T15:10:08.3506238Z remote: Counting objects:  52% (101/193)        
2021-06-10T15:10:08.3506714Z remote: Counting objects:  53% (103/193)        
2021-06-10T15:10:08.3507174Z remote: Counting objects:  54% (105/193)        
2021-06-10T15:10:08.3507642Z remote: Counting objects:  55% (107/193)        
2021-06-10T15:10:08.3509421Z remote: Counting objects:  56% (109/193)        
2021-06-10T15:10:08.3509982Z remote: Counting objects:  57% (111/193)        
2021-06-10T15:10:08.3510501Z remote: Counting objects:  58% (112/193)        
2021-06-10T15:10:08.3511189Z remote: Counting objects:  59% (114/193)        
2021-06-10T15:10:08.3511743Z remote: Counting objects:  60% (116/193)        
2021-06-10T15:10:08.3512359Z remote: Counting objects:  61% (118/193)        
2021-06-10T15:10:08.3513407Z remote: Counting objects:  62% (120/193)        
2021-06-10T15:10:08.3514002Z remote: Counting objects:  63% (122/193)        
2021-06-10T15:10:08.3515031Z remote: Counting objects:  64% (124/193)        
2021-06-10T15:10:08.3515639Z remote: Counting objects:  65% (126/193)        
2021-06-10T15:10:08.3516324Z remote: Counting objects:  66% (128/193)        
2021-06-10T15:10:08.3516969Z remote: Counting objects:  67% (130/193)        
2021-06-10T15:10:08.3517546Z remote: Counting objects:  68% (132/193)        
2021-06-10T15:10:08.3518174Z remote: Counting objects:  69% (134/193)        
2021-06-10T15:10:08.3518738Z remote: Counting objects:  70% (136/193)        
2021-06-10T15:10:08.3519666Z remote: Counting objects:  71% (138/193)        
2021-06-10T15:10:08.3520171Z remote: Counting objects:  72% (139/193)        
2021-06-10T15:10:08.3520742Z remote: Counting objects:  73% (141/193)        
2021-06-10T15:10:08.3521255Z remote: Counting objects:  74% (143/193)        
2021-06-10T15:10:08.3521798Z remote: Counting objects:  75% (145/193)        
2021-06-10T15:10:08.3522343Z remote: Counting objects:  76% (147/193)        
2021-06-10T15:10:08.3522834Z remote: Counting objects:  77% (149/193)        
2021-06-10T15:10:08.3523407Z remote: Counting objects:  78% (151/193)        
2021-06-10T15:10:08.3523907Z remote: Counting objects:  79% (153/193)        
2021-06-10T15:10:08.3524445Z remote: Counting objects:  80% (155/193)        
2021-06-10T15:10:08.3524939Z remote: Counting objects:  81% (157/193)        
2021-06-10T15:10:08.3525474Z remote: Counting objects:  82% (159/193)        
2021-06-10T15:10:08.3525991Z remote: Counting objects:  83% (161/193)        
2021-06-10T15:10:08.3526548Z remote: Counting objects:  84% (163/193)        
2021-06-10T15:10:08.3527092Z remote: Counting objects:  85% (165/193)        
2021-06-10T15:10:08.3527593Z remote: Counting objects:  86% (166/193)        
2021-06-10T15:10:08.3528131Z remote: Counting objects:  87% (168/193)        
2021-06-10T15:10:08.3528659Z remote: Counting objects:  88% (170/193)        
2021-06-10T15:10:08.3529337Z remote: Counting objects:  89% (172/193)        
2021-06-10T15:10:08.3529832Z remote: Counting objects:  90% (174/193)        
2021-06-10T15:10:08.3530370Z remote: Counting objects:  91% (176/193)        
2021-06-10T15:10:08.3530896Z remote: Counting objects:  92% (178/193)        
2021-06-10T15:10:08.3531472Z remote: Counting objects:  93% (180/193)        
2021-06-10T15:10:08.3532016Z remote: Counting objects:  94% (182/193)        
2021-06-10T15:10:08.3532510Z remote: Counting objects:  95% (184/193)        
2021-06-10T15:10:08.3533046Z remote: Counting objects:  96% (186/193)        
2021-06-10T15:10:08.3533537Z remote: Counting objects:  97% (188/193)        
2021-06-10T15:10:08.3534109Z remote: Counting objects:  98% (190/193)        
2021-06-10T15:10:08.3534618Z remote: Counting objects:  99% (192/193)        
2021-06-10T15:10:08.3535154Z remote: Counting objects: 100% (193/193)        
2021-06-10T15:10:08.3535667Z remote: Counting objects: 100% (193/193), done.        
2021-06-10T15:10:08.3536279Z remote: Compressing objects:   0% (1/104)        
2021-06-10T15:10:08.3536887Z remote: Compressing objects:   1% (2/104)        
2021-06-10T15:10:08.3537428Z remote: Compressing objects:   2% (3/104)        
2021-06-10T15:10:08.3538005Z remote: Compressing objects:   3% (4/104)        
2021-06-10T15:10:08.3538533Z remote: Compressing objects:   4% (5/104)        
2021-06-10T15:10:08.3784271Z remote: Compressing objects:   5% (6/104)        
2021-06-10T15:10:08.3784952Z remote: Compressing objects:   6% (7/104)        
2021-06-10T15:10:08.3785672Z remote: Compressing objects:   7% (8/104)        
2021-06-10T15:10:08.3786330Z remote: Compressing objects:   8% (9/104)        
2021-06-10T15:10:08.3786943Z remote: Compressing objects:   9% (10/104)        
2021-06-10T15:10:08.3787769Z remote: Compressing objects:  10% (11/104)        
2021-06-10T15:10:08.3788533Z remote: Compressing objects:  11% (12/104)        
2021-06-10T15:10:08.3789156Z remote: Compressing objects:  12% (13/104)        
2021-06-10T15:10:08.3789757Z remote: Compressing objects:  13% (14/104)        
2021-06-10T15:10:08.3790385Z remote: Compressing objects:  14% (15/104)        
2021-06-10T15:10:08.3791031Z remote: Compressing objects:  15% (16/104)        
2021-06-10T15:10:08.3791610Z remote: Compressing objects:  16% (17/104)        
2021-06-10T15:10:08.3792228Z remote: Compressing objects:  17% (18/104)        
2021-06-10T15:10:08.3792809Z remote: Compressing objects:  18% (19/104)        
2021-06-10T15:10:08.3793832Z remote: Compressing objects:  19% (20/104)        
2021-06-10T15:10:08.3794414Z remote: Compressing objects:  20% (21/104)        
2021-06-10T15:10:08.3795074Z remote: Compressing objects:  21% (22/104)        
2021-06-10T15:10:08.3795659Z remote: Compressing objects:  22% (23/104)        
2021-06-10T15:10:08.3796390Z remote: Compressing objects:  23% (24/104)        
2021-06-10T15:10:08.3796972Z remote: Compressing objects:  24% (25/104)        
2021-06-10T15:10:08.3797507Z remote: Compressing objects:  25% (26/104)        
2021-06-10T15:10:08.3798118Z remote: Compressing objects:  26% (28/104)        
2021-06-10T15:10:08.3798651Z remote: Compressing objects:  27% (29/104)        
2021-06-10T15:10:08.3799238Z remote: Compressing objects:  28% (30/104)        
2021-06-10T15:10:08.3799782Z remote: Compressing objects:  29% (31/104)        
2021-06-10T15:10:08.3800670Z remote: Compressing objects:  30% (32/104)        
2021-06-10T15:10:08.3801311Z remote: Compressing objects:  31% (33/104)        
2021-06-10T15:10:08.3801945Z remote: Compressing objects:  32% (34/104)        
2021-06-10T15:10:08.3802561Z remote: Compressing objects:  33% (35/104)        
2021-06-10T15:10:08.3803131Z remote: Compressing objects:  34% (36/104)        
2021-06-10T15:10:08.3804299Z remote: Compressing objects:  35% (37/104)        
2021-06-10T15:10:08.3804889Z remote: Compressing objects:  36% (38/104)        
2021-06-10T15:10:08.3806913Z remote: Compressing objects:  37% (39/104)        
2021-06-10T15:10:08.3807520Z remote: Compressing objects:  38% (40/104)        
2021-06-10T15:10:08.3808353Z remote: Compressing objects:  39% (41/104)        
2021-06-10T15:10:08.3808931Z remote: Compressing objects:  40% (42/104)        
2021-06-10T15:10:08.3809560Z remote: Compressing objects:  41% (43/104)        
2021-06-10T15:10:08.3810180Z remote: Compressing objects:  42% (44/104)        
2021-06-10T15:10:08.3811794Z remote: Compressing objects:  43% (45/104)        
2021-06-10T15:10:08.3812525Z remote: Compressing objects:  44% (46/104)        
2021-06-10T15:10:08.3813144Z remote: Compressing objects:  45% (47/104)        
2021-06-10T15:10:08.3813825Z remote: Compressing objects:  46% (48/104)        
2021-06-10T15:10:08.3814623Z remote: Compressing objects:  47% (49/104)        
2021-06-10T15:10:08.3815229Z remote: Compressing objects:  48% (50/104)        
2021-06-10T15:10:08.3815768Z remote: Compressing objects:  49% (51/104)        
2021-06-10T15:10:08.3816373Z remote: Compressing objects:  50% (52/104)        
2021-06-10T15:10:08.3816965Z remote: Compressing objects:  51% (54/104)        
2021-06-10T15:10:08.3817507Z remote: Compressing objects:  52% (55/104)        
2021-06-10T15:10:08.3818242Z remote: Compressing objects:  53% (56/104)        
2021-06-10T15:10:08.3818808Z remote: Compressing objects:  54% (57/104)        
2021-06-10T15:10:08.3819462Z remote: Compressing objects:  55% (58/104)        
2021-06-10T15:10:08.3820029Z remote: Compressing objects:  56% (59/104)        
2021-06-10T15:10:08.3820644Z remote: Compressing objects:  57% (60/104)        
2021-06-10T15:10:08.3821210Z remote: Compressing objects:  58% (61/104)        
2021-06-10T15:10:08.3821822Z remote: Compressing objects:  59% (62/104)        
2021-06-10T15:10:08.3822470Z remote: Compressing objects:  60% (63/104)        
2021-06-10T15:10:08.3823168Z remote: Compressing objects:  61% (64/104)        
2021-06-10T15:10:08.3823817Z remote: Compressing objects:  62% (65/104)        
2021-06-10T15:10:08.3824387Z remote: Compressing objects:  63% (66/104)        
2021-06-10T15:10:08.3825092Z remote: Compressing objects:  64% (67/104)        
2021-06-10T15:10:08.3825712Z remote: Compressing objects:  65% (68/104)        
2021-06-10T15:10:08.3826331Z remote: Compressing objects:  66% (69/104)        
2021-06-10T15:10:08.3826945Z remote: Compressing objects:  67% (70/104)        
2021-06-10T15:10:08.3827528Z remote: Compressing objects:  68% (71/104)        
2021-06-10T15:10:08.3828155Z remote: Compressing objects:  69% (72/104)        
2021-06-10T15:10:08.3828747Z remote: Compressing objects:  70% (73/104)        
2021-06-10T15:10:08.3829361Z remote: Compressing objects:  71% (74/104)        
2021-06-10T15:10:08.3829930Z remote: Compressing objects:  72% (75/104)        
2021-06-10T15:10:08.3830546Z remote: Compressing objects:  73% (76/104)        
2021-06-10T15:10:08.3831125Z remote: Compressing objects:  74% (77/104)        
2021-06-10T15:10:08.3831914Z remote: Compressing objects:  75% (78/104)        
2021-06-10T15:10:08.3832611Z remote: Compressing objects:  76% (80/104)        
2021-06-10T15:10:08.3833385Z remote: Compressing objects:  77% (81/104)        
2021-06-10T15:10:08.3834025Z remote: Compressing objects:  78% (82/104)        
2021-06-10T15:10:08.3834629Z remote: Compressing objects:  79% (83/104)        
2021-06-10T15:10:08.3835298Z remote: Compressing objects:  80% (84/104)        
2021-06-10T15:10:08.3835891Z remote: Compressing objects:  81% (85/104)        
2021-06-10T15:10:08.3836523Z remote: Compressing objects:  82% (86/104)        
2021-06-10T15:10:08.3837111Z remote: Compressing objects:  83% (87/104)        
2021-06-10T15:10:08.3837767Z remote: Compressing objects:  84% (88/104)        
2021-06-10T15:10:08.3838426Z remote: Compressing objects:  85% (89/104)        
2021-06-10T15:10:08.3839025Z remote: Compressing objects:  86% (90/104)        
2021-06-10T15:10:08.3839663Z remote: Compressing objects:  87% (91/104)        
2021-06-10T15:10:08.3840276Z remote: Compressing objects:  88% (92/104)        
2021-06-10T15:10:08.3840929Z remote: Compressing objects:  89% (93/104)        
2021-06-10T15:10:08.3841759Z remote: Compressing objects:  90% (94/104)        
2021-06-10T15:10:08.3842352Z remote: Compressing objects:  91% (95/104)        
2021-06-10T15:10:08.3842987Z remote: Compressing objects:  92% (96/104)        
2021-06-10T15:10:08.3843644Z remote: Compressing objects:  93% (97/104)        
2021-06-10T15:10:08.3844231Z remote: Compressing objects:  94% (98/104)        
2021-06-10T15:10:08.3844890Z remote: Compressing objects:  95% (99/104)        
2021-06-10T15:10:08.3845485Z remote: Compressing objects:  96% (100/104)        
2021-06-10T15:10:08.3846128Z remote: Compressing objects:  97% (101/104)        
2021-06-10T15:10:08.3846738Z remote: Compressing objects:  98% (102/104)        
2021-06-10T15:10:08.3847385Z remote: Compressing objects:  99% (103/104)        
2021-06-10T15:10:08.3847979Z remote: Compressing objects: 100% (104/104)        
2021-06-10T15:10:08.3848670Z remote: Compressing objects: 100% (104/104), done.        
2021-06-10T15:10:08.3873985Z Receiving objects:   0% (1/539)
2021-06-10T15:10:08.3874564Z Receiving objects:   1% (6/539)
2021-06-10T15:10:08.3875119Z Receiving objects:   2% (11/539)
2021-06-10T15:10:08.3875676Z Receiving objects:   3% (17/539)
2021-06-10T15:10:08.3876335Z Receiving objects:   4% (22/539)
2021-06-10T15:10:08.4150436Z Receiving objects:   5% (27/539)
2021-06-10T15:10:08.4177883Z Receiving objects:   6% (33/539)
2021-06-10T15:10:08.4215864Z Receiving objects:   7% (38/539)
2021-06-10T15:10:08.4216510Z Receiving objects:   8% (44/539)
2021-06-10T15:10:08.4217089Z Receiving objects:   9% (49/539)
2021-06-10T15:10:08.4217725Z Receiving objects:  10% (54/539)
2021-06-10T15:10:08.4218268Z Receiving objects:  11% (60/539)
2021-06-10T15:10:08.4218873Z Receiving objects:  12% (65/539)
2021-06-10T15:10:08.4219607Z Receiving objects:  13% (71/539)
2021-06-10T15:10:08.4220127Z Receiving objects:  14% (76/539)
2021-06-10T15:10:08.4220653Z Receiving objects:  15% (81/539)
2021-06-10T15:10:08.4222107Z Receiving objects:  16% (87/539)
2021-06-10T15:10:08.4222707Z Receiving objects:  17% (92/539)
2021-06-10T15:10:08.4223270Z Receiving objects:  18% (98/539)
2021-06-10T15:10:08.4223758Z Receiving objects:  19% (103/539)
2021-06-10T15:10:08.4224308Z Receiving objects:  20% (108/539)
2021-06-10T15:10:08.4224784Z Receiving objects:  21% (114/539)
2021-06-10T15:10:08.4225544Z Receiving objects:  22% (119/539)
2021-06-10T15:10:08.4226018Z Receiving objects:  23% (124/539)
2021-06-10T15:10:08.4226568Z Receiving objects:  24% (130/539)
2021-06-10T15:10:08.4227041Z Receiving objects:  25% (135/539)
2021-06-10T15:10:08.4227564Z Receiving objects:  26% (141/539)
2021-06-10T15:10:08.4228053Z Receiving objects:  27% (146/539)
2021-06-10T15:10:08.4228667Z Receiving objects:  28% (151/539)
2021-06-10T15:10:08.4229242Z Receiving objects:  29% (157/539)
2021-06-10T15:10:08.4518495Z Receiving objects:  30% (162/539)
2021-06-10T15:10:08.4519243Z Receiving objects:  31% (168/539)
2021-06-10T15:10:08.4519762Z Receiving objects:  32% (173/539)
2021-06-10T15:10:08.4520561Z Receiving objects:  33% (178/539)
2021-06-10T15:10:08.4521228Z Receiving objects:  34% (184/539)
2021-06-10T15:10:08.4521745Z Receiving objects:  35% (189/539)
2021-06-10T15:10:08.4545225Z Receiving objects:  36% (195/539)
2021-06-10T15:10:08.4545867Z Receiving objects:  37% (200/539)
2021-06-10T15:10:08.4546425Z Receiving objects:  38% (205/539)
2021-06-10T15:10:08.4581759Z Receiving objects:  39% (211/539)
2021-06-10T15:10:08.4582331Z Receiving objects:  40% (216/539)
2021-06-10T15:10:08.4583572Z remote: Total 539 (delta 99), reused 93 (delta 82), pack-reused 346        
2021-06-10T15:10:08.4584258Z Receiving objects:  41% (221/539)
2021-06-10T15:10:08.4584855Z Receiving objects:  42% (227/539)
2021-06-10T15:10:08.4585342Z Receiving objects:  43% (232/539)
2021-06-10T15:10:08.4585885Z Receiving objects:  44% (238/539)
2021-06-10T15:10:08.4586363Z Receiving objects:  45% (243/539)
2021-06-10T15:10:08.4586903Z Receiving objects:  46% (248/539)
2021-06-10T15:10:08.4587377Z Receiving objects:  47% (254/539)
2021-06-10T15:10:08.4588125Z Receiving objects:  48% (259/539)
2021-06-10T15:10:08.4588605Z Receiving objects:  49% (265/539)
2021-06-10T15:10:08.4589145Z Receiving objects:  50% (270/539)
2021-06-10T15:10:08.4589634Z Receiving objects:  51% (275/539)
2021-06-10T15:10:08.4590163Z Receiving objects:  52% (281/539)
2021-06-10T15:10:08.4590711Z Receiving objects:  53% (286/539)
2021-06-10T15:10:08.4591185Z Receiving objects:  54% (292/539)
2021-06-10T15:10:08.4591704Z Receiving objects:  55% (297/539)
2021-06-10T15:10:08.4592189Z Receiving objects:  56% (302/539)
2021-06-10T15:10:08.4592709Z Receiving objects:  57% (308/539)
2021-06-10T15:10:08.4593486Z Receiving objects:  58% (313/539)
2021-06-10T15:10:08.4594025Z Receiving objects:  59% (319/539)
2021-06-10T15:10:08.4594511Z Receiving objects:  60% (324/539)
2021-06-10T15:10:08.4595053Z Receiving objects:  61% (329/539)
2021-06-10T15:10:08.4595526Z Receiving objects:  62% (335/539)
2021-06-10T15:10:08.4596144Z Receiving objects:  63% (340/539)
2021-06-10T15:10:08.4596684Z Receiving objects:  64% (345/539)
2021-06-10T15:10:08.4597157Z Receiving objects:  65% (351/539)
2021-06-10T15:10:08.4597688Z Receiving objects:  66% (356/539)
2021-06-10T15:10:08.4598161Z Receiving objects:  67% (362/539)
2021-06-10T15:10:08.4598704Z Receiving objects:  68% (367/539)
2021-06-10T15:10:08.4599214Z Receiving objects:  69% (372/539)
2021-06-10T15:10:08.4601605Z Receiving objects:  70% (378/539)
2021-06-10T15:10:08.4603619Z Receiving objects:  71% (383/539)
2021-06-10T15:10:08.4605264Z Receiving objects:  72% (389/539)
2021-06-10T15:10:08.4607069Z Receiving objects:  73% (394/539)
2021-06-10T15:10:08.4608838Z Receiving objects:  74% (399/539)
2021-06-10T15:10:08.4610715Z Receiving objects:  75% (405/539)
2021-06-10T15:10:08.4611687Z Receiving objects:  76% (410/539)
2021-06-10T15:10:08.4617393Z Receiving objects:  77% (416/539)
2021-06-10T15:10:08.4621169Z Receiving objects:  78% (421/539)
2021-06-10T15:10:08.4623599Z Receiving objects:  79% (426/539)
2021-06-10T15:10:08.4625981Z Receiving objects:  80% (432/539)
2021-06-10T15:10:08.4735514Z Receiving objects:  81% (437/539)
2021-06-10T15:10:08.4736000Z Receiving objects:  82% (442/539)
2021-06-10T15:10:08.4736447Z Receiving objects:  83% (448/539)
2021-06-10T15:10:08.4736886Z Receiving objects:  84% (453/539)
2021-06-10T15:10:08.4737333Z Receiving objects:  85% (459/539)
2021-06-10T15:10:08.4737770Z Receiving objects:  86% (464/539)
2021-06-10T15:10:08.4738270Z Receiving objects:  87% (469/539)
2021-06-10T15:10:08.4738704Z Receiving objects:  88% (475/539)
2021-06-10T15:10:08.4783369Z Receiving objects:  89% (480/539)
2021-06-10T15:10:08.4784151Z Receiving objects:  90% (486/539)
2021-06-10T15:10:08.4784795Z Receiving objects:  91% (491/539)
2021-06-10T15:10:08.4785464Z Receiving objects:  92% (496/539)
2021-06-10T15:10:08.4794474Z Receiving objects:  93% (502/539)
2021-06-10T15:10:08.4795210Z Receiving objects:  94% (507/539)
2021-06-10T15:10:08.4795849Z Receiving objects:  95% (513/539)
2021-06-10T15:10:08.4796473Z Receiving objects:  96% (518/539)
2021-06-10T15:10:08.4797283Z Receiving objects:  97% (523/539)
2021-06-10T15:10:08.4818785Z Receiving objects:  98% (529/539)
2021-06-10T15:10:08.4821127Z Receiving objects:  99% (534/539)
2021-06-10T15:10:08.4821792Z Receiving objects: 100% (539/539)
2021-06-10T15:10:08.4822347Z Receiving objects: 100% (539/539), 155.59 KiB | 1.94 MiB/s, done.
2021-06-10T15:10:08.4822910Z Resolving deltas:   0% (0/279)
2021-06-10T15:10:08.4823389Z Resolving deltas:   1% (3/279)
2021-06-10T15:10:08.4824076Z Resolving deltas:   2% (6/279)
2021-06-10T15:10:08.4824567Z Resolving deltas:   3% (9/279)
2021-06-10T15:10:08.4826324Z Resolving deltas:   4% (12/279)
2021-06-10T15:10:08.4827396Z Resolving deltas:   5% (14/279)
2021-06-10T15:10:08.4828182Z Resolving deltas:   6% (17/279)
2021-06-10T15:10:08.4829388Z Resolving deltas:   7% (20/279)
2021-06-10T15:10:08.4830450Z Resolving deltas:   8% (23/279)
2021-06-10T15:10:08.4830957Z Resolving deltas:   9% (26/279)
2021-06-10T15:10:08.4831419Z Resolving deltas:  10% (28/279)
2021-06-10T15:10:08.4832382Z Resolving deltas:  11% (31/279)
2021-06-10T15:10:08.4833052Z Resolving deltas:  12% (34/279)
2021-06-10T15:10:08.4833669Z Resolving deltas:  13% (37/279)
2021-06-10T15:10:08.4834306Z Resolving deltas:  14% (40/279)
2021-06-10T15:10:08.4835040Z Resolving deltas:  15% (42/279)
2021-06-10T15:10:08.4835639Z Resolving deltas:  16% (45/279)
2021-06-10T15:10:08.4836254Z Resolving deltas:  17% (48/279)
2021-06-10T15:10:08.4836872Z Resolving deltas:  18% (51/279)
2021-06-10T15:10:08.4837466Z Resolving deltas:  19% (54/279)
2021-06-10T15:10:08.4838076Z Resolving deltas:  20% (56/279)
2021-06-10T15:10:08.4839201Z Resolving deltas:  21% (59/279)
2021-06-10T15:10:08.4840325Z Resolving deltas:  22% (62/279)
2021-06-10T15:10:08.4840987Z Resolving deltas:  23% (65/279)
2021-06-10T15:10:08.4841740Z Resolving deltas:  24% (67/279)
2021-06-10T15:10:08.4842817Z Resolving deltas:  25% (70/279)
2021-06-10T15:10:08.4843869Z Resolving deltas:  26% (73/279)
2021-06-10T15:10:08.4844518Z Resolving deltas:  27% (76/279)
2021-06-10T15:10:08.4844995Z Resolving deltas:  28% (79/279)
2021-06-10T15:10:08.4845945Z Resolving deltas:  29% (81/279)
2021-06-10T15:10:08.4846901Z Resolving deltas:  30% (84/279)
2021-06-10T15:10:08.4847383Z Resolving deltas:  31% (87/279)
2021-06-10T15:10:08.4847860Z Resolving deltas:  32% (90/279)
2021-06-10T15:10:08.4848326Z Resolving deltas:  33% (93/279)
2021-06-10T15:10:08.4848799Z Resolving deltas:  34% (95/279)
2021-06-10T15:10:08.4849375Z Resolving deltas:  35% (98/279)
2021-06-10T15:10:08.4849833Z Resolving deltas:  36% (101/279)
2021-06-10T15:10:08.4850284Z Resolving deltas:  37% (104/279)
2021-06-10T15:10:08.4850744Z Resolving deltas:  38% (107/279)
2021-06-10T15:10:08.4851194Z Resolving deltas:  39% (109/279)
2021-06-10T15:10:08.4851822Z Resolving deltas:  40% (112/279)
2021-06-10T15:10:08.4852449Z Resolving deltas:  41% (115/279)
2021-06-10T15:10:08.4852913Z Resolving deltas:  42% (118/279)
2021-06-10T15:10:08.4853479Z Resolving deltas:  43% (120/279)
2021-06-10T15:10:08.4853966Z Resolving deltas:  44% (123/279)
2021-06-10T15:10:08.4854443Z Resolving deltas:  45% (126/279)
2021-06-10T15:10:08.4854907Z Resolving deltas:  46% (129/279)
2021-06-10T15:10:08.4855380Z Resolving deltas:  47% (132/279)
2021-06-10T15:10:08.4855962Z Resolving deltas:  48% (134/279)
2021-06-10T15:10:08.4856424Z Resolving deltas:  49% (137/279)
2021-06-10T15:10:08.4856869Z Resolving deltas:  50% (140/279)
2021-06-10T15:10:08.4857334Z Resolving deltas:  51% (143/279)
2021-06-10T15:10:08.4857796Z Resolving deltas:  52% (146/279)
2021-06-10T15:10:08.4858244Z Resolving deltas:  53% (148/279)
2021-06-10T15:10:08.4858700Z Resolving deltas:  54% (151/279)
2021-06-10T15:10:08.4859144Z Resolving deltas:  55% (154/279)
2021-06-10T15:10:08.4859607Z Resolving deltas:  56% (157/279)
2021-06-10T15:10:08.4860066Z Resolving deltas:  57% (160/279)
2021-06-10T15:10:08.4860530Z Resolving deltas:  58% (162/279)
2021-06-10T15:10:08.4861292Z Resolving deltas:  59% (165/279)
2021-06-10T15:10:08.4874573Z Resolving deltas:  60% (168/279)
2021-06-10T15:10:08.4875105Z Resolving deltas:  61% (171/279)
2021-06-10T15:10:08.4875561Z Resolving deltas:  62% (173/279)
2021-06-10T15:10:08.4876028Z Resolving deltas:  63% (176/279)
2021-06-10T15:10:08.4876479Z Resolving deltas:  64% (179/279)
2021-06-10T15:10:08.4876939Z Resolving deltas:  65% (182/279)
2021-06-10T15:10:08.4877391Z Resolving deltas:  66% (185/279)
2021-06-10T15:10:08.4877850Z Resolving deltas:  67% (187/279)
2021-06-10T15:10:08.4878303Z Resolving deltas:  68% (190/279)
2021-06-10T15:10:08.4878762Z Resolving deltas:  69% (193/279)
2021-06-10T15:10:08.4879209Z Resolving deltas:  70% (196/279)
2021-06-10T15:10:08.4879675Z Resolving deltas:  71% (199/279)
2021-06-10T15:10:08.4880135Z Resolving deltas:  72% (201/279)
2021-06-10T15:10:08.4880590Z Resolving deltas:  73% (204/279)
2021-06-10T15:10:08.4881054Z Resolving deltas:  74% (207/279)
2021-06-10T15:10:08.4881501Z Resolving deltas:  75% (210/279)
2021-06-10T15:10:08.4881960Z Resolving deltas:  76% (213/279)
2021-06-10T15:10:08.4882408Z Resolving deltas:  77% (215/279)
2021-06-10T15:10:08.4883055Z Resolving deltas:  78% (218/279)
2021-06-10T15:10:08.4883506Z Resolving deltas:  79% (221/279)
2021-06-10T15:10:08.4883968Z Resolving deltas:  80% (224/279)
2021-06-10T15:10:08.4884418Z Resolving deltas:  81% (226/279)
2021-06-10T15:10:08.4884879Z Resolving deltas:  82% (229/279)
2021-06-10T15:10:08.4885340Z Resolving deltas:  83% (232/279)
2021-06-10T15:10:08.4885795Z Resolving deltas:  84% (235/279)
2021-06-10T15:10:08.4886255Z Resolving deltas:  85% (238/279)
2021-06-10T15:10:08.4886701Z Resolving deltas:  86% (240/279)
2021-06-10T15:10:08.4887158Z Resolving deltas:  87% (243/279)
2021-06-10T15:10:08.4887605Z Resolving deltas:  88% (246/279)
2021-06-10T15:10:08.4888064Z Resolving deltas:  89% (249/279)
2021-06-10T15:10:08.4888519Z Resolving deltas:  90% (252/279)
2021-06-10T15:10:08.4888980Z Resolving deltas:  91% (254/279)
2021-06-10T15:10:08.4889428Z Resolving deltas:  92% (257/279)
2021-06-10T15:10:08.4889886Z Resolving deltas:  93% (260/279)
2021-06-10T15:10:08.4890345Z Resolving deltas:  94% (263/279)
2021-06-10T15:10:08.4890805Z Resolving deltas:  95% (266/279)
2021-06-10T15:10:08.4891267Z Resolving deltas:  96% (268/279)
2021-06-10T15:10:08.4891715Z Resolving deltas:  97% (271/279)
2021-06-10T15:10:08.4892171Z Resolving deltas:  98% (274/279)
2021-06-10T15:10:08.4892619Z Resolving deltas:  99% (277/279)
2021-06-10T15:10:08.4893080Z Resolving deltas: 100% (279/279)
2021-06-10T15:10:08.4893553Z Resolving deltas: 100% (279/279), done.
2021-06-10T15:10:08.4936562Z From https://github.com/con/tinuous
2021-06-10T15:10:08.4939110Z  * [new branch]      gh-55         -> origin/gh-55
2021-06-10T15:10:08.4939971Z  * [new branch]      master        -> origin/master
2021-06-10T15:10:08.4942143Z  * [new branch]      test-appveyor -> origin/test-appveyor
2021-06-10T15:10:08.4943102Z  * [new tag]         0.1.0         -> 0.1.0
2021-06-10T15:10:08.4944783Z  * [new tag]         0.2.0         -> 0.2.0
2021-06-10T15:10:08.4970535Z [command]/usr/bin/git branch --list --remote origin/master
2021-06-10T15:10:08.4995583Z   origin/master
2021-06-10T15:10:08.5003707Z [command]/usr/bin/git rev-parse refs/remotes/origin/master
2021-06-10T15:10:08.5024974Z 89024374b4ed8b45c9d3b7b826f3196e4872b7c3
2021-06-10T15:10:08.5029178Z ##[endgroup]
2021-06-10T15:10:08.5030090Z ##[group]Determining the checkout info
2021-06-10T15:10:08.5030854Z ##[endgroup]
2021-06-10T15:10:08.5031510Z ##[group]Checking out the ref
2021-06-10T15:10:08.5036098Z [command]/usr/bin/git checkout --progress --force -B master refs/remotes/origin/master
2021-06-10T15:10:08.5095818Z Reset branch 'master'
2021-06-10T15:10:08.5100393Z Branch 'master' set up to track remote branch 'master' from 'origin'.
2021-06-10T15:10:08.5102249Z ##[endgroup]
2021-06-10T15:10:08.5146543Z [command]/usr/bin/git log -1 --format='%H'
2021-06-10T15:10:08.5170027Z '89024374b4ed8b45c9d3b7b826f3196e4872b7c3'
2021-06-10T15:10:08.5312519Z ##[group]Run actions/setup-python@v2
2021-06-10T15:10:08.5313214Z with:
2021-06-10T15:10:08.5313628Z   python-version: 3.9
2021-06-10T15:10:08.5314554Z   token: ***
2021-06-10T15:10:08.5314921Z ##[endgroup]
2021-06-10T15:10:08.5975265Z Successfully setup CPython (3.9.5)
2021-06-10T15:10:08.6152604Z ##[group]Run python -m pip install --upgrade pip wheel
2021-06-10T15:10:08.6153669Z [36;1mpython -m pip install --upgrade pip wheel[0m
2021-06-10T15:10:08.6154398Z [36;1mpython -m pip install --upgrade --upgrade-strategy=eager tox[0m
2021-06-10T15:10:08.6200612Z shell: /usr/bin/bash -e {0}
2021-06-10T15:10:08.6201010Z env:
2021-06-10T15:10:08.6201567Z   pythonLocation: /opt/hostedtoolcache/Python/3.9.5/x64
2021-06-10T15:10:08.6202296Z   LD_LIBRARY_PATH: /opt/hostedtoolcache/Python/3.9.5/x64/lib
2021-06-10T15:10:08.6202851Z ##[endgroup]
2021-06-10T15:10:09.2035255Z Requirement already satisfied: pip in /opt/hostedtoolcache/Python/3.9.5/x64/lib/python3.9/site-packages (21.1.2)
2021-06-10T15:10:09.4219627Z Collecting wheel
2021-06-10T15:10:09.4730164Z   Downloading wheel-0.36.2-py2.py3-none-any.whl (35 kB)
2021-06-10T15:10:09.5365040Z Installing collected packages: wheel
2021-06-10T15:10:09.5755827Z Successfully installed wheel-0.36.2
2021-06-10T15:10:10.3483127Z Collecting tox
2021-06-10T15:10:10.3959958Z   Downloading tox-3.23.1-py2.py3-none-any.whl (85 kB)
2021-06-10T15:10:10.5080924Z Collecting packaging>=14
2021-06-10T15:10:10.5192025Z   Downloading packaging-20.9-py2.py3-none-any.whl (40 kB)
2021-06-10T15:10:10.7452148Z Collecting virtualenv!=20.0.0,!=20.0.1,!=20.0.2,!=20.0.3,!=20.0.4,!=20.0.5,!=20.0.6,!=20.0.7,>=16.0.0
2021-06-10T15:10:10.7568457Z   Downloading virtualenv-20.4.7-py2.py3-none-any.whl (7.2 MB)
2021-06-10T15:10:11.1628233Z Collecting pluggy>=0.12.0
2021-06-10T15:10:11.1748778Z   Downloading pluggy-0.13.1-py2.py3-none-any.whl (18 kB)
2021-06-10T15:10:11.2171447Z Collecting six>=1.14.0
2021-06-10T15:10:11.2298333Z   Downloading six-1.16.0-py2.py3-none-any.whl (11 kB)
2021-06-10T15:10:11.2633914Z Collecting toml>=0.9.4
2021-06-10T15:10:11.2751555Z   Downloading toml-0.10.2-py2.py3-none-any.whl (16 kB)
2021-06-10T15:10:11.3110819Z Collecting filelock>=3.0.0
2021-06-10T15:10:11.3226783Z   Downloading filelock-3.0.12-py3-none-any.whl (7.6 kB)
2021-06-10T15:10:11.3785115Z Collecting py>=1.4.17
2021-06-10T15:10:11.3926858Z   Downloading py-1.10.0-py2.py3-none-any.whl (97 kB)
2021-06-10T15:10:11.4965829Z Collecting pyparsing>=2.0.2
2021-06-10T15:10:11.5087350Z   Downloading pyparsing-2.4.7-py2.py3-none-any.whl (67 kB)
2021-06-10T15:10:11.5874998Z Collecting appdirs<2,>=1.4.3
2021-06-10T15:10:11.5991026Z   Downloading appdirs-1.4.4-py2.py3-none-any.whl (9.6 kB)
2021-06-10T15:10:11.6405190Z Collecting distlib<1,>=0.3.1
2021-06-10T15:10:11.6531968Z   Downloading distlib-0.3.2-py2.py3-none-any.whl (338 kB)
2021-06-10T15:10:11.7744728Z Installing collected packages: six, pyparsing, filelock, distlib, appdirs, virtualenv, toml, py, pluggy, packaging, tox
2021-06-10T15:10:12.3562932Z Successfully installed appdirs-1.4.4 distlib-0.3.2 filelock-3.0.12 packaging-20.9 pluggy-0.13.1 py-1.10.0 pyparsing-2.4.7 six-1.16.0 toml-0.10.2 tox-3.23.1 virtualenv-20.4.7
2021-06-10T15:10:12.4265431Z ##[group]Run tox -e py -- --cov-report=xml
2021-06-10T15:10:12.4266160Z [36;1mtox -e py -- --cov-report=xml[0m
2021-06-10T15:10:12.4310982Z shell: /usr/bin/bash -e {0}
2021-06-10T15:10:12.4311370Z env:
2021-06-10T15:10:12.4311890Z   pythonLocation: /opt/hostedtoolcache/Python/3.9.5/x64
2021-06-10T15:10:12.4312608Z   LD_LIBRARY_PATH: /opt/hostedtoolcache/Python/3.9.5/x64/lib
2021-06-10T15:10:12.4313486Z ##[endgroup]
2021-06-10T15:10:12.6440568Z .package create: /home/runner/work/tinuous/tinuous/.tox/.package
2021-06-10T15:10:13.3880743Z .package installdeps: setuptools >= 46.4.0, wheel ~= 0.32
2021-06-10T15:10:17.1485246Z py create: /home/runner/work/tinuous/tinuous/.tox/py
2021-06-10T15:10:17.4323576Z py installdeps: pytest~=6.0, pytest-cov~=2.0, pytest-mock~=3.0
2021-06-10T15:10:20.9466080Z py inst: /home/runner/work/tinuous/tinuous/.tox/.tmp/package/1/tinuous-0.2.0+49.g8902437.tar.gz
2021-06-10T15:10:31.4058977Z py installed: attrs==21.2.0,certifi==2021.5.30,cffi==1.14.5,chardet==4.0.0,click==8.0.1,click-loglevel==0.4.0.post1,coverage==5.5,Deprecated==1.2.12,idna==2.10,in-place==0.5.0,iniconfig==1.1.1,packaging==20.9,pluggy==0.13.1,py==1.10.0,pycparser==2.20,pydantic==1.8.2,PyGithub==1.55,PyJWT==2.1.0,PyNaCl==1.4.0,pyparsing==2.4.7,pytest==6.2.4,pytest-cov==2.12.1,pytest-mock==3.6.1,python-dateutil==2.8.1,python-dotenv==0.17.1,PyYAML==5.4.1,requests==2.25.1,six==1.16.0,tinuous @ file:///home/runner/work/tinuous/tinuous/.tox/.tmp/package/1/tinuous-0.2.0%2B49.g8902437.tar.gz,toml==0.10.2,typing-extensions==3.10.0.0,urllib3==1.26.5,wrapt==1.12.1
2021-06-10T15:10:31.4113117Z py run-test-pre: PYTHONHASHSEED='4021030708'
2021-06-10T15:10:31.4114120Z py run-test: commands[0] | tinuous --help
2021-06-10T15:10:31.6823985Z Usage: tinuous [OPTIONS] COMMAND [ARGS]...
2021-06-10T15:10:31.6824606Z 
2021-06-10T15:10:31.6825221Z   Download build logs from GitHub Actions, Travis, and Appveyor
2021-06-10T15:10:31.6825695Z 
2021-06-10T15:10:31.6826112Z Options:
2021-06-10T15:10:31.6827696Z   -V, --version                   Show the version and exit.
2021-06-10T15:10:31.6828561Z   -c, --config FILE               Read configuration from the given file
2021-06-10T15:10:31.6829207Z                                   [default: config.yml]
2021-06-10T15:10:31.6830029Z   -E, --env FILE                  Load environment variables from given .env
2021-06-10T15:10:31.6830597Z                                   file
2021-06-10T15:10:31.6831315Z   -l, --log-level [NOTSET|DEBUG|INFO|WARNING|ERROR|CRITICAL]
2021-06-10T15:10:31.6831945Z                                   Set logging level  [default: 20]
2021-06-10T15:10:31.6832676Z   --help                          Show this message and exit.
2021-06-10T15:10:31.6833324Z 
2021-06-10T15:10:31.6833659Z Commands:
2021-06-10T15:10:31.6834059Z   fetch     Download logs
2021-06-10T15:10:31.6834537Z   sanitize  Sanitize secrets in logs
2021-06-10T15:10:31.7106024Z py run-test: commands[1] | pytest --cov-report=xml test
2021-06-10T15:10:32.5923386Z ============================= test session starts ==============================
2021-06-10T15:10:32.5940753Z platform linux -- Python 3.9.5, pytest-6.2.4, py-1.10.0, pluggy-0.13.1
2021-06-10T15:10:32.5966697Z cachedir: .tox/py/.pytest_cache
2021-06-10T15:10:32.5967652Z rootdir: /home/runner/work/tinuous/tinuous, configfile: tox.ini
2021-06-10T15:10:32.5968814Z plugins: cov-2.12.1, mock-3.6.1
2021-06-10T15:10:32.5969490Z collected 30 items
2021-06-10T15:10:32.5969901Z 
2021-06-10T15:10:32.6118222Z test/test_config.py ........                                             [ 26%]
2021-06-10T15:10:32.8166842Z test/test_util.py ......................                                 [100%]
2021-06-10T15:10:32.8167237Z 
2021-06-10T15:10:32.8168453Z ----------- coverage: platform linux, python 3.9.5-final-0 -----------
2021-06-10T15:10:32.8169149Z Coverage XML written to file coverage.xml
2021-06-10T15:10:32.8169525Z 
2021-06-10T15:10:32.8169722Z 
2021-06-10T15:10:32.8170340Z ============================== 30 passed in 0.64s ==============================
2021-06-10T15:10:32.8714491Z ___________________________________ summary ____________________________________
2021-06-10T15:10:32.8715022Z   py: commands succeeded
2021-06-10T15:10:32.8715492Z   congratulations :)
2021-06-10T15:10:32.9000693Z ##[group]Run codecov/codecov-action@v1
2021-06-10T15:10:32.9001178Z with:
2021-06-10T15:10:32.9001512Z   fail_ci_if_error: false
2021-06-10T15:10:32.9001862Z env:
2021-06-10T15:10:32.9002344Z   pythonLocation: /opt/hostedtoolcache/Python/3.9.5/x64
2021-06-10T15:10:32.9003018Z   LD_LIBRARY_PATH: /opt/hostedtoolcache/Python/3.9.5/x64/lib
2021-06-10T15:10:32.9003503Z ##[endgroup]
2021-06-10T15:10:32.9635485Z [command]/usr/bin/bash codecov.sh -n  -F  -Q github-action-v1.5.2
2021-06-10T15:10:32.9719770Z 
2021-06-10T15:10:32.9720539Z   _____          _
2021-06-10T15:10:32.9721159Z  / ____|        | |
2021-06-10T15:10:32.9721755Z | |     ___   __| | ___  ___ _____   __
2021-06-10T15:10:32.9722355Z | |    / _ \ / _` |/ _ \/ __/ _ \ \ / /
2021-06-10T15:10:32.9722976Z | |___| (_) | (_| |  __/ (_| (_) \ V /
2021-06-10T15:10:32.9723592Z  \_____\___/ \__,_|\___|\___\___/ \_/
2021-06-10T15:10:32.9724573Z                               Bash-1.0.3
2021-06-10T15:10:32.9725136Z 
2021-06-10T15:10:32.9725717Z 
2021-06-10T15:10:32.9734804Z [0;36m==>[0m git version 2.31.1 found
2021-06-10T15:10:32.9834810Z [0;36m==>[0m curl 7.68.0 (x86_64-pc-linux-gnu) libcurl/7.68.0 OpenSSL/1.1.1f zlib/1.2.11 brotli/1.0.7 libidn2/2.2.0 libpsl/0.21.0 (+libidn2/2.2.0) libssh/0.9.3/openssl/zlib nghttp2/1.40.0 librtmp/2.3
2021-06-10T15:10:32.9836354Z Release-Date: 2020-01-08
2021-06-10T15:10:32.9837502Z Protocols: dict file ftp ftps gopher http https imap imaps ldap ldaps pop3 pop3s rtmp rtsp scp sftp smb smbs smtp smtps telnet tftp 
2021-06-10T15:10:32.9839298Z Features: AsynchDNS brotli GSS-API HTTP2 HTTPS-proxy IDN IPv6 Kerberos Largefile libz NTLM NTLM_WB PSL SPNEGO SSL TLS-SRP UnixSockets
2021-06-10T15:10:32.9844617Z [0;90m==>[0m GitHub Actions detected.
2021-06-10T15:10:32.9845684Z     Env vars used:
2021-06-10T15:10:32.9846619Z       -> GITHUB_ACTIONS:    true
2021-06-10T15:10:32.9847561Z       -> GITHUB_HEAD_REF:   
2021-06-10T15:10:32.9848554Z       -> GITHUB_REF:        refs/heads/master
2021-06-10T15:10:32.9849590Z       -> GITHUB_REPOSITORY: con/tinuous
2021-06-10T15:10:32.9850611Z       -> GITHUB_RUN_ID:     925587089
2021-06-10T15:10:32.9852808Z       -> GITHUB_SHA:        89024374b4ed8b45c9d3b7b826f3196e4872b7c3
2021-06-10T15:10:32.9855506Z       -> GITHUB_WORKFLOW:   Test
2021-06-10T15:10:33.0021214Z     [0;90mproject root:[0m .
2021-06-10T15:10:33.0102814Z     [0;90mYaml found at:[0m codecov.yml
2021-06-10T15:10:33.0534465Z [0;90m==>[0m Running gcov in . [0;90m(disable via -X gcov)[0m
2021-06-10T15:10:33.0675883Z [0;90m==>[0m Searching for coverage reports in:
2021-06-10T15:10:33.0677563Z     [0;32m+[0m .
2021-06-10T15:10:33.0750450Z     [0;90m->[0m Found 1 reports
2021-06-10T15:10:33.0751261Z [0;90m==>[0m Detecting git/mercurial file structure
2021-06-10T15:10:33.0830783Z [0;90m==>[0m Reading reports
2021-06-10T15:10:33.0890236Z     [0;32m+[0m ./coverage.xml [0;90mbytes=38775[0m
2021-06-10T15:10:33.0921362Z [0;90m==>[0m Appending adjustments
2021-06-10T15:10:33.0922815Z     [0;36mhttps://docs.codecov.io/docs/fixing-reports[0m
2021-06-10T15:10:33.1023697Z     [0;90m->[0m No adjustments found
2021-06-10T15:10:33.1026404Z [0;90m==>[0m Gzipping contents
2021-06-10T15:10:33.1082249Z         4.0K	/tmp/codecov.pDAin5.gz
2021-06-10T15:10:33.1101665Z [0;90m==>[0m Uploading reports
2021-06-10T15:10:33.1102435Z     [0;90murl:[0m https://codecov.io
2021-06-10T15:10:33.1104042Z     [0;90mquery:[0m branch=master&commit=89024374b4ed8b45c9d3b7b826f3196e4872b7c3&build=925587089&build_url=http%3A%2F%2Fgithub.com%2Fcon%2Ftinuous%2Factions%2Fruns%2F925587089&name=&tag=&slug=con%2Ftinuous&service=github-actions&flags=&pr=&job=Test&cmd_args=n,F,Q
2021-06-10T15:10:33.1138741Z [0;90m->[0m  Pinging Codecov
2021-06-10T15:10:33.1141464Z https://codecov.io/upload/v4?package=github-action-v1.5.2-1.0.3&token=secret&branch=master&commit=89024374b4ed8b45c9d3b7b826f3196e4872b7c3&build=925587089&build_url=http%3A%2F%2Fgithub.com%2Fcon%2Ftinuous%2Factions%2Fruns%2F925587089&name=&tag=&slug=con%2Ftinuous&service=github-actions&flags=&pr=&job=Test&cmd_args=n,F,Q
2021-06-10T15:10:33.6857542Z [0;90m->[0m  Uploading to
2021-06-10T15:10:33.6862356Z https://storage.googleapis.com/codecov/v4/raw/2021-06-10/0010CBA6D851417C00BB0BC3FC5895F9/89024374b4ed8b45c9d3b7b826f3196e4872b7c3/f02cb17c-0acf-48f1-80ee-dbbe4abecb84.txt?X-Amz-Algorithm=AWS4-HMAC-SHA256&X-Amz-Credential=GOOG1EKKHVKCKHW7KBCGM7IHR55T63V2PAVJWLVFNITJHDU5G6R5IRN3LMWJA%2F20210610%2FUS%2Fs3%2Faws4_request&X-Amz-Date=20210610T151033Z&X-Amz-Expires=10&X-Amz-SignedHeaders=host&X-Amz-Signature=20e708bd37fec4f3a806c1369ffa9a4b51d03172e9faa87c689d03636de83325
2021-06-10T15:10:33.6964834Z   % Total    % Received % Xferd  Average Speed   Time    Time     Time  Current
2021-06-10T15:10:33.6965645Z                                  Dload  Upload   Total   Spent    Left  Speed
2021-06-10T15:10:33.6966063Z 
2021-06-10T15:10:33.8624747Z   0     0    0     0    0     0      0      0 --:--:-- --:--:-- --:--:--     0
2021-06-10T15:10:33.8625736Z 100  3315    0     0  100  3315      0  19850 --:--:-- --:--:-- --:--:-- 19850
2021-06-10T15:10:33.8673795Z     [0;32m->[0m Reports have been successfully queued for processing at [0;36mhttps://codecov.io/github/con/tinuous/commit/89024374b4ed8b45c9d3b7b826f3196e4872b7c3[0m
2021-06-10T15:10:33.8921494Z Post job cleanup.
2021-06-10T15:10:34.0211977Z [command]/usr/bin/git version
2021-06-10T15:10:34.0256160Z git version 2.31.1
2021-06-10T15:10:34.0294868Z [command]/usr/bin/git config --local --name-only --get-regexp core\.sshCommand
2021-06-10T15:10:34.0326364Z [command]/usr/bin/git submodule foreach --recursive git config --local --name-only --get-regexp 'core\.sshCommand' && git config --local --unset-all 'core.sshCommand' || :
2021-06-10T15:10:34.0567140Z [command]/usr/bin/git config --local --name-only --get-regexp http\.https\:\/\/github\.com\/\.extraheader
2021-06-10T15:10:34.0590496Z http.https://github.com/.extraheader
2021-06-10T15:10:34.0602706Z [command]/usr/bin/git config --local --unset-all http.https://github.com/.extraheader
2021-06-10T15:10:34.0639989Z [command]/usr/bin/git submodule foreach --recursive git config --local --name-only --get-regexp 'http\.https\:\/\/github\.com\/\.extraheader' && git config --local --unset-all 'http.https://github.com/.extraheader' || :
2021-06-10T15:10:34.0955306Z Cleaning up orphan processes
