2025-12-03T01:52:28.8143309Z ##[group]Run codecov/codecov-action@v5
2025-12-03T01:52:28.8143603Z with:
2025-12-03T01:52:28.8143786Z   fail_ci_if_error: false
2025-12-03T01:52:28.8144149Z   token: ***
2025-12-03T01:52:28.8144314Z   name: 3.9
2025-12-03T01:52:28.8144474Z   disable_file_fixes: false
2025-12-03T01:52:28.8144680Z   disable_search: false
2025-12-03T01:52:28.8145183Z   disable_safe_directory: false
2025-12-03T01:52:28.8145394Z   disable_telem: false
2025-12-03T01:52:28.8145573Z   dry_run: false
2025-12-03T01:52:28.8145738Z   git_service: github
2025-12-03T01:52:28.8145922Z   gcov_executable: gcov
2025-12-03T01:52:28.8146119Z   handle_no_reports_found: false
2025-12-03T01:52:28.8146331Z   recurse_submodules: false
2025-12-03T01:52:28.8146537Z   run_command: upload-coverage
2025-12-03T01:52:28.8146740Z   skip_validation: false
2025-12-03T01:52:28.8146963Z   use_legacy_upload_endpoint: false
2025-12-03T01:52:28.8147179Z   use_oidc: false
2025-12-03T01:52:28.8147349Z   use_pypi: false
2025-12-03T01:52:28.8147511Z   verbose: false
2025-12-03T01:52:28.8147700Z   version: latest
2025-12-03T01:52:28.8147861Z env:
2025-12-03T01:52:28.8148076Z   pythonLocation: /opt/hostedtoolcache/Python/3.9.25/x64
2025-12-03T01:52:28.8148461Z   PKG_CONFIG_PATH: /opt/hostedtoolcache/Python/3.9.25/x64/lib/pkgconfig
2025-12-03T01:52:28.8148825Z   Python_ROOT_DIR: /opt/hostedtoolcache/Python/3.9.25/x64
2025-12-03T01:52:28.8149141Z   Python2_ROOT_DIR: /opt/hostedtoolcache/Python/3.9.25/x64
2025-12-03T01:52:28.8149468Z   Python3_ROOT_DIR: /opt/hostedtoolcache/Python/3.9.25/x64
2025-12-03T01:52:28.8149799Z   LD_LIBRARY_PATH: /opt/hostedtoolcache/Python/3.9.25/x64/lib
2025-12-03T01:52:28.8150069Z ##[endgroup]
2025-12-03T01:52:28.8217889Z ##[group]Run missing_deps=""
2025-12-03T01:52:28.8218155Z [36;1mmissing_deps=""[0m
2025-12-03T01:52:28.8218351Z [36;1m[0m
2025-12-03T01:52:28.8218540Z [36;1m# Check for required commands[0m
2025-12-03T01:52:28.8218795Z [36;1mfor cmd in bash git curl gpg; do[0m
2025-12-03T01:52:28.8219067Z [36;1m  if ! command -v "$cmd" >/dev/null 2>&1; then[0m
2025-12-03T01:52:28.8219353Z [36;1m    missing_deps="$missing_deps $cmd"[0m
2025-12-03T01:52:28.8219586Z [36;1m  fi[0m
2025-12-03T01:52:28.8219750Z [36;1mdone[0m
2025-12-03T01:52:28.8219909Z [36;1m[0m
2025-12-03T01:52:28.8220094Z [36;1m# Report missing required dependencies[0m
2025-12-03T01:52:28.8220360Z [36;1mif [ -n "$missing_deps" ]; then[0m
2025-12-03T01:52:28.8220710Z [36;1m  echo "Error: The following required dependencies are missing:$missing_deps"[0m
2025-12-03T01:52:28.8221169Z [36;1m  echo "Please install these dependencies before using this action."[0m
2025-12-03T01:52:28.8221493Z [36;1m  exit 1[0m
2025-12-03T01:52:28.8221652Z [36;1mfi[0m
2025-12-03T01:52:28.8221810Z [36;1m[0m
2025-12-03T01:52:28.8222036Z [36;1mecho "All required system dependencies are available."[0m
2025-12-03T01:52:28.8418670Z shell: /usr/bin/sh -e {0}
2025-12-03T01:52:28.8418909Z env:
2025-12-03T01:52:28.8419171Z   pythonLocation: /opt/hostedtoolcache/Python/3.9.25/x64
2025-12-03T01:52:28.8419626Z   PKG_CONFIG_PATH: /opt/hostedtoolcache/Python/3.9.25/x64/lib/pkgconfig
2025-12-03T01:52:28.8420056Z   Python_ROOT_DIR: /opt/hostedtoolcache/Python/3.9.25/x64
2025-12-03T01:52:28.8420439Z   Python2_ROOT_DIR: /opt/hostedtoolcache/Python/3.9.25/x64
2025-12-03T01:52:28.8420814Z   Python3_ROOT_DIR: /opt/hostedtoolcache/Python/3.9.25/x64
2025-12-03T01:52:28.8421188Z   LD_LIBRARY_PATH: /opt/hostedtoolcache/Python/3.9.25/x64/lib
2025-12-03T01:52:28.8421505Z ##[endgroup]
2025-12-03T01:52:28.8488796Z All required system dependencies are available.
2025-12-03T01:52:28.8512595Z ##[group]Run CC_ACTION_VERSION=$(cat ${GITHUB_ACTION_PATH}/src/version)
2025-12-03T01:52:28.8513033Z [36;1mCC_ACTION_VERSION=$(cat ${GITHUB_ACTION_PATH}/src/version)[0m
2025-12-03T01:52:28.8513426Z [36;1mecho -e "\033[0;32m==>\033[0m Running Action version $CC_ACTION_VERSION"[0m
2025-12-03T01:52:28.8542471Z shell: /usr/bin/bash --noprofile --norc -e -o pipefail {0}
2025-12-03T01:52:28.8542774Z env:
2025-12-03T01:52:28.8543192Z   pythonLocation: /opt/hostedtoolcache/Python/3.9.25/x64
2025-12-03T01:52:28.8543568Z   PKG_CONFIG_PATH: /opt/hostedtoolcache/Python/3.9.25/x64/lib/pkgconfig
2025-12-03T01:52:28.8543956Z   Python_ROOT_DIR: /opt/hostedtoolcache/Python/3.9.25/x64
2025-12-03T01:52:28.8544297Z   Python2_ROOT_DIR: /opt/hostedtoolcache/Python/3.9.25/x64
2025-12-03T01:52:28.8544628Z   Python3_ROOT_DIR: /opt/hostedtoolcache/Python/3.9.25/x64
2025-12-03T01:52:28.8545134Z   LD_LIBRARY_PATH: /opt/hostedtoolcache/Python/3.9.25/x64/lib
2025-12-03T01:52:28.8545407Z ##[endgroup]
2025-12-03T01:52:28.8605684Z [0;32m==>[0m Running Action version 5.5.1
2025-12-03T01:52:28.8642704Z ##[group]Run git config --global --add safe.directory "/home/runner/work/tinuous/tinuous"
2025-12-03T01:52:28.8643221Z [36;1mgit config --global --add safe.directory "/home/runner/work/tinuous/tinuous"[0m
2025-12-03T01:52:28.8643657Z [36;1mgit config --global --add safe.directory "$GITHUB_WORKSPACE"[0m
2025-12-03T01:52:28.8672543Z shell: /usr/bin/bash --noprofile --norc -e -o pipefail {0}
2025-12-03T01:52:28.8672854Z env:
2025-12-03T01:52:28.8673089Z   pythonLocation: /opt/hostedtoolcache/Python/3.9.25/x64
2025-12-03T01:52:28.8673481Z   PKG_CONFIG_PATH: /opt/hostedtoolcache/Python/3.9.25/x64/lib/pkgconfig
2025-12-03T01:52:28.8673862Z   Python_ROOT_DIR: /opt/hostedtoolcache/Python/3.9.25/x64
2025-12-03T01:52:28.8674192Z   Python2_ROOT_DIR: /opt/hostedtoolcache/Python/3.9.25/x64
2025-12-03T01:52:28.8674523Z   Python3_ROOT_DIR: /opt/hostedtoolcache/Python/3.9.25/x64
2025-12-03T01:52:28.8675062Z   LD_LIBRARY_PATH: /opt/hostedtoolcache/Python/3.9.25/x64/lib
2025-12-03T01:52:28.8675352Z ##[endgroup]
2025-12-03T01:52:28.8791018Z ##[group]Run CC_FORK="false"
2025-12-03T01:52:28.8791260Z [36;1mCC_FORK="false"[0m
2025-12-03T01:52:28.8791735Z [36;1mif [ -n "$GITHUB_EVENT_PULL_REQUEST_HEAD_REPO_FULL_NAME" ] && [ "$GITHUB_EVENT_PULL_REQUEST_HEAD_REPO_FULL_NAME" != "$GITHUB_REPOSITORY" ];[0m
2025-12-03T01:52:28.8792250Z [36;1mthen[0m
2025-12-03T01:52:28.8792458Z [36;1m  echo -e "\033[0;32m==>\033[0m Fork detected"[0m
2025-12-03T01:52:28.8792725Z [36;1m  CC_FORK="true"[0m
2025-12-03T01:52:28.8792916Z [36;1mfi[0m
2025-12-03T01:52:28.8793102Z [36;1mecho "CC_FORK=$CC_FORK" >> "$GITHUB_ENV"[0m
2025-12-03T01:52:28.8822240Z shell: /usr/bin/bash --noprofile --norc -e -o pipefail {0}
2025-12-03T01:52:28.8822548Z env:
2025-12-03T01:52:28.8822782Z   pythonLocation: /opt/hostedtoolcache/Python/3.9.25/x64
2025-12-03T01:52:28.8823174Z   PKG_CONFIG_PATH: /opt/hostedtoolcache/Python/3.9.25/x64/lib/pkgconfig
2025-12-03T01:52:28.8823564Z   Python_ROOT_DIR: /opt/hostedtoolcache/Python/3.9.25/x64
2025-12-03T01:52:28.8823902Z   Python2_ROOT_DIR: /opt/hostedtoolcache/Python/3.9.25/x64
2025-12-03T01:52:28.8824234Z   Python3_ROOT_DIR: /opt/hostedtoolcache/Python/3.9.25/x64
2025-12-03T01:52:28.8824575Z   LD_LIBRARY_PATH: /opt/hostedtoolcache/Python/3.9.25/x64/lib
2025-12-03T01:52:28.8825239Z   GITHUB_EVENT_PULL_REQUEST_HEAD_LABEL: con:copilot/fix-workflow-overlap-issue
2025-12-03T01:52:28.8825666Z   GITHUB_EVENT_PULL_REQUEST_HEAD_REPO_FULL_NAME: con/tinuous
2025-12-03T01:52:28.8825965Z   GITHUB_REPOSITORY: con/tinuous
2025-12-03T01:52:28.8826174Z ##[endgroup]
2025-12-03T01:52:28.8925450Z ##[group]Run actions/github-script@60a0d83039c74a4aee543508d2ffcb1c3799cdea
2025-12-03T01:52:28.8925791Z with:
2025-12-03T01:52:28.8926291Z   script: if (process.env.CC_USE_OIDC === 'true' && process.env.CC_FORK != 'true') {
  const id_token = await core.getIDToken(process.env.CC_OIDC_AUDIENCE)
  return id_token
}

2025-12-03T01:52:28.8926993Z   github-token: ***
2025-12-03T01:52:28.8927180Z   debug: false
2025-12-03T01:52:28.8927365Z   user-agent: actions/github-script
2025-12-03T01:52:28.8927593Z   result-encoding: json
2025-12-03T01:52:28.8927780Z   retries: 0
2025-12-03T01:52:28.8927979Z   retry-exempt-status-codes: 400,401,403,404,422
2025-12-03T01:52:28.8928406Z env:
2025-12-03T01:52:28.8928642Z   pythonLocation: /opt/hostedtoolcache/Python/3.9.25/x64
2025-12-03T01:52:28.8929063Z   PKG_CONFIG_PATH: /opt/hostedtoolcache/Python/3.9.25/x64/lib/pkgconfig
2025-12-03T01:52:28.8929559Z   Python_ROOT_DIR: /opt/hostedtoolcache/Python/3.9.25/x64
2025-12-03T01:52:28.8929891Z   Python2_ROOT_DIR: /opt/hostedtoolcache/Python/3.9.25/x64
2025-12-03T01:52:28.8930215Z   Python3_ROOT_DIR: /opt/hostedtoolcache/Python/3.9.25/x64
2025-12-03T01:52:28.8930535Z   LD_LIBRARY_PATH: /opt/hostedtoolcache/Python/3.9.25/x64/lib
2025-12-03T01:52:28.8930813Z   CC_FORK: false
2025-12-03T01:52:28.8931012Z   CC_OIDC_AUDIENCE: https://codecov.io
2025-12-03T01:52:28.8931251Z   CC_USE_OIDC: false
2025-12-03T01:52:28.8931430Z ##[endgroup]
2025-12-03T01:52:28.9872267Z ##[group]Run if [ "false" == 'true' ] && [ "$CC_FORK" != 'true' ];
2025-12-03T01:52:28.9872686Z [36;1mif [ "false" == 'true' ] && [ "$CC_FORK" != 'true' ];[0m
2025-12-03T01:52:28.9872971Z [36;1mthen[0m
2025-12-03T01:52:28.9873193Z [36;1m  echo "CC_TOKEN=$CC_OIDC_TOKEN" >> "$GITHUB_ENV"[0m
2025-12-03T01:52:28.9873469Z [36;1melif [ -n "" ];[0m
2025-12-03T01:52:28.9873676Z [36;1mthen[0m
2025-12-03T01:52:28.9873900Z [36;1m  echo -e "\033[0;32m==>\033[0m Token set from env"[0m
2025-12-03T01:52:28.9874183Z [36;1m    echo "CC_TOKEN=" >> "$GITHUB_ENV"[0m
2025-12-03T01:52:28.9874414Z [36;1melse[0m
2025-12-03T01:52:28.9874761Z [36;1m  if [ -n "***" ];[0m
2025-12-03T01:52:28.9875287Z [36;1m  then[0m
2025-12-03T01:52:28.9875521Z [36;1m    echo -e "\033[0;32m==>\033[0m Token set from input"[0m
2025-12-03T01:52:28.9875915Z [36;1m    CC_TOKEN=$(echo "***" | tr -d '\n')[0m
2025-12-03T01:52:28.9876183Z [36;1m    echo "CC_TOKEN=$CC_TOKEN" >> "$GITHUB_ENV"[0m
2025-12-03T01:52:28.9876428Z [36;1m  fi[0m
2025-12-03T01:52:28.9876587Z [36;1mfi[0m
2025-12-03T01:52:28.9909041Z shell: /usr/bin/bash --noprofile --norc -e -o pipefail {0}
2025-12-03T01:52:28.9909343Z env:
2025-12-03T01:52:28.9909586Z   pythonLocation: /opt/hostedtoolcache/Python/3.9.25/x64
2025-12-03T01:52:28.9909968Z   PKG_CONFIG_PATH: /opt/hostedtoolcache/Python/3.9.25/x64/lib/pkgconfig
2025-12-03T01:52:28.9910340Z   Python_ROOT_DIR: /opt/hostedtoolcache/Python/3.9.25/x64
2025-12-03T01:52:28.9910672Z   Python2_ROOT_DIR: /opt/hostedtoolcache/Python/3.9.25/x64
2025-12-03T01:52:28.9910998Z   Python3_ROOT_DIR: /opt/hostedtoolcache/Python/3.9.25/x64
2025-12-03T01:52:28.9911324Z   LD_LIBRARY_PATH: /opt/hostedtoolcache/Python/3.9.25/x64/lib
2025-12-03T01:52:28.9911599Z   CC_FORK: false
2025-12-03T01:52:28.9911765Z   CC_OIDC_TOKEN: 
2025-12-03T01:52:28.9911974Z   CC_OIDC_AUDIENCE: https://codecov.io
2025-12-03T01:52:28.9912207Z ##[endgroup]
2025-12-03T01:52:28.9965727Z [0;32m==>[0m Token set from input
2025-12-03T01:52:29.0005043Z ##[group]Run if [ -z "$CC_BRANCH" ] && [ -z "$CC_TOKEN" ] && [ "$CC_FORK" == 'true' ]
2025-12-03T01:52:29.0005489Z [36;1mif [ -z "$CC_BRANCH" ] && [ -z "$CC_TOKEN" ] && [ "$CC_FORK" == 'true' ][0m
2025-12-03T01:52:29.0005791Z [36;1mthen[0m
2025-12-03T01:52:29.0006131Z [36;1m  echo -e "\033[0;32m==>\033[0m Fork detected, setting branch to $GITHUB_EVENT_PULL_REQUEST_HEAD_LABEL"[0m
2025-12-03T01:52:29.0006586Z [36;1m  TOKENLESS="$GITHUB_EVENT_PULL_REQUEST_HEAD_LABEL"[0m
2025-12-03T01:52:29.0006905Z [36;1m  CC_BRANCH="$GITHUB_EVENT_PULL_REQUEST_HEAD_LABEL"[0m
2025-12-03T01:52:29.0007209Z [36;1m  echo "TOKENLESS=$TOKENLESS" >> "$GITHUB_ENV"[0m
2025-12-03T01:52:29.0007461Z [36;1mfi[0m
2025-12-03T01:52:29.0007613Z [36;1m[0m
2025-12-03T01:52:29.0007812Z [36;1mecho "CC_BRANCH=$CC_BRANCH" >> "$GITHUB_ENV"[0m
2025-12-03T01:52:29.0037942Z shell: /usr/bin/bash --noprofile --norc -e -o pipefail {0}
2025-12-03T01:52:29.0038248Z env:
2025-12-03T01:52:29.0038471Z   pythonLocation: /opt/hostedtoolcache/Python/3.9.25/x64
2025-12-03T01:52:29.0038856Z   PKG_CONFIG_PATH: /opt/hostedtoolcache/Python/3.9.25/x64/lib/pkgconfig
2025-12-03T01:52:29.0039234Z   Python_ROOT_DIR: /opt/hostedtoolcache/Python/3.9.25/x64
2025-12-03T01:52:29.0039720Z   Python2_ROOT_DIR: /opt/hostedtoolcache/Python/3.9.25/x64
2025-12-03T01:52:29.0040046Z   Python3_ROOT_DIR: /opt/hostedtoolcache/Python/3.9.25/x64
2025-12-03T01:52:29.0040364Z   LD_LIBRARY_PATH: /opt/hostedtoolcache/Python/3.9.25/x64/lib
2025-12-03T01:52:29.0040771Z   CC_FORK: false
2025-12-03T01:52:29.0041063Z   CC_TOKEN: ***
2025-12-03T01:52:29.0041223Z   CC_BRANCH: 
2025-12-03T01:52:29.0041506Z   GITHUB_EVENT_PULL_REQUEST_HEAD_LABEL: con:copilot/fix-workflow-overlap-issue
2025-12-03T01:52:29.0041916Z   GITHUB_EVENT_PULL_REQUEST_HEAD_REPO_FULL_NAME: con/tinuous
2025-12-03T01:52:29.0042203Z   GITHUB_REPOSITORY: con/tinuous
2025-12-03T01:52:29.0042413Z ##[endgroup]
2025-12-03T01:52:29.0114585Z ##[group]Run if [ -z "$CC_SHA" ];
2025-12-03T01:52:29.0115078Z [36;1mif [ -z "$CC_SHA" ];[0m
2025-12-03T01:52:29.0115290Z [36;1mthen[0m
2025-12-03T01:52:29.0115498Z [36;1m  CC_SHA="$GITHUB_EVENT_PULL_REQUEST_HEAD_SHA"[0m
2025-12-03T01:52:29.0115759Z [36;1mfi[0m
2025-12-03T01:52:29.0115967Z [36;1mif [ -z "$CC_PR" ] && [ "$CC_FORK" == 'true' ];[0m
2025-12-03T01:52:29.0116216Z [36;1mthen[0m
2025-12-03T01:52:29.0116399Z [36;1m  CC_PR="$GITHUB_EVENT_NUMBER"[0m
2025-12-03T01:52:29.0116621Z [36;1mfi[0m
2025-12-03T01:52:29.0116774Z [36;1m[0m
2025-12-03T01:52:29.0116959Z [36;1mecho "CC_SHA=$CC_SHA" >> "$GITHUB_ENV"[0m
2025-12-03T01:52:29.0117240Z [36;1mecho "CC_PR=$CC_PR" >> "$GITHUB_ENV"[0m
2025-12-03T01:52:29.0146607Z shell: /usr/bin/bash --noprofile --norc -e -o pipefail {0}
2025-12-03T01:52:29.0146925Z env:
2025-12-03T01:52:29.0147163Z   pythonLocation: /opt/hostedtoolcache/Python/3.9.25/x64
2025-12-03T01:52:29.0147561Z   PKG_CONFIG_PATH: /opt/hostedtoolcache/Python/3.9.25/x64/lib/pkgconfig
2025-12-03T01:52:29.0147946Z   Python_ROOT_DIR: /opt/hostedtoolcache/Python/3.9.25/x64
2025-12-03T01:52:29.0148270Z   Python2_ROOT_DIR: /opt/hostedtoolcache/Python/3.9.25/x64
2025-12-03T01:52:29.0148602Z   Python3_ROOT_DIR: /opt/hostedtoolcache/Python/3.9.25/x64
2025-12-03T01:52:29.0148947Z   LD_LIBRARY_PATH: /opt/hostedtoolcache/Python/3.9.25/x64/lib
2025-12-03T01:52:29.0149220Z   CC_FORK: false
2025-12-03T01:52:29.0149500Z   CC_TOKEN: ***
2025-12-03T01:52:29.0149666Z   CC_BRANCH: 
2025-12-03T01:52:29.0149825Z   CC_PR: 
2025-12-03T01:52:29.0149972Z   CC_SHA: 
2025-12-03T01:52:29.0150132Z   GITHUB_EVENT_NAME: pull_request
2025-12-03T01:52:29.0150353Z   GITHUB_EVENT_NUMBER: 221
2025-12-03T01:52:29.0150655Z   GITHUB_EVENT_PULL_REQUEST_HEAD_SHA: c18690ec8007c8c2f21048856938ce9f1a144711
2025-12-03T01:52:29.0150977Z ##[endgroup]
2025-12-03T01:52:29.0227424Z ##[group]Run ${GITHUB_ACTION_PATH}/dist/codecov.sh
2025-12-03T01:52:29.0227770Z [36;1m${GITHUB_ACTION_PATH}/dist/codecov.sh[0m
2025-12-03T01:52:29.0257207Z shell: /usr/bin/bash --noprofile --norc -e -o pipefail {0}
2025-12-03T01:52:29.0257519Z env:
2025-12-03T01:52:29.0257750Z   pythonLocation: /opt/hostedtoolcache/Python/3.9.25/x64
2025-12-03T01:52:29.0258135Z   PKG_CONFIG_PATH: /opt/hostedtoolcache/Python/3.9.25/x64/lib/pkgconfig
2025-12-03T01:52:29.0258530Z   Python_ROOT_DIR: /opt/hostedtoolcache/Python/3.9.25/x64
2025-12-03T01:52:29.0258852Z   Python2_ROOT_DIR: /opt/hostedtoolcache/Python/3.9.25/x64
2025-12-03T01:52:29.0259204Z   Python3_ROOT_DIR: /opt/hostedtoolcache/Python/3.9.25/x64
2025-12-03T01:52:29.0259549Z   LD_LIBRARY_PATH: /opt/hostedtoolcache/Python/3.9.25/x64/lib
2025-12-03T01:52:29.0259818Z   CC_FORK: false
2025-12-03T01:52:29.0260091Z   CC_TOKEN: ***
2025-12-03T01:52:29.0260258Z   CC_BRANCH: 
2025-12-03T01:52:29.0260442Z   CC_SHA: c18690ec8007c8c2f21048856938ce9f1a144711
2025-12-03T01:52:29.0260678Z   CC_PR: 
2025-12-03T01:52:29.0260822Z   CC_BASE_SHA: 
2025-12-03T01:52:29.0260984Z   CC_BINARY: 
2025-12-03T01:52:29.0261137Z   CC_BUILD: 
2025-12-03T01:52:29.0261283Z   CC_BUILD_URL: 
2025-12-03T01:52:29.0261444Z   CC_CODE: 
2025-12-03T01:52:29.0261584Z   CC_DIR: 
2025-12-03T01:52:29.0261746Z   CC_DISABLE_FILE_FIXES: false
2025-12-03T01:52:29.0261953Z   CC_DISABLE_SEARCH: false
2025-12-03T01:52:29.0262144Z   CC_DISABLE_TELEM: false
2025-12-03T01:52:29.0262493Z   CC_DRY_RUN: false
2025-12-03T01:52:29.0262662Z   CC_ENTERPRISE_URL: 
2025-12-03T01:52:29.0262837Z   CC_ENV: 
2025-12-03T01:52:29.0262991Z   CC_EXCLUDES: 
2025-12-03T01:52:29.0263274Z   CC_FAIL_ON_ERROR: false
2025-12-03T01:52:29.0263454Z   CC_FILES: 
2025-12-03T01:52:29.0263599Z   CC_FLAGS: 
2025-12-03T01:52:29.0263748Z   CC_FORCE: 
2025-12-03T01:52:29.0263900Z   CC_GCOV_ARGS: 
2025-12-03T01:52:29.0264070Z   CC_GCOV_EXECUTABLE: gcov
2025-12-03T01:52:29.0264257Z   CC_GCOV_IGNORE: 
2025-12-03T01:52:29.0264443Z   CC_GCOV_INCLUDE: 
2025-12-03T01:52:29.0264616Z   CC_GIT_SERVICE: github
2025-12-03T01:52:29.0265007Z   CC_HANDLE_NO_REPORTS_FOUND: false
2025-12-03T01:52:29.0265233Z   CC_JOB_CODE: 
2025-12-03T01:52:29.0265388Z   CC_LEGACY: false
2025-12-03T01:52:29.0265550Z   CC_NAME: 3.9
2025-12-03T01:52:29.0265713Z   CC_NETWORK_FILTER: 
2025-12-03T01:52:29.0265886Z   CC_NETWORK_PREFIX: 
2025-12-03T01:52:29.0266064Z   CC_NETWORK_ROOT_FOLDER: 
2025-12-03T01:52:29.0266240Z   CC_OS: 
2025-12-03T01:52:29.0266397Z   CC_PARENT_SHA: 
2025-12-03T01:52:29.0266570Z   CC_PLUGINS: 
2025-12-03T01:52:29.0266738Z   CC_RECURSE_SUBMODULES: false
2025-12-03T01:52:29.0266936Z   CC_REPORT_TYPE: 
2025-12-03T01:52:29.0267115Z   CC_RUN_CMD: upload-coverage
2025-12-03T01:52:29.0267315Z   CC_SERVICE: github
2025-12-03T01:52:29.0267496Z   CC_SKIP_VALIDATION: false
2025-12-03T01:52:29.0267680Z   CC_SLUG: 
2025-12-03T01:52:29.0267839Z   CC_SWIFT_PROJECT: 
2025-12-03T01:52:29.0268009Z   CC_USE_PYPI: false
2025-12-03T01:52:29.0268182Z   CC_VERBOSE: false
2025-12-03T01:52:29.0268353Z   CC_VERSION: latest
2025-12-03T01:52:29.0268514Z   CC_YML_PATH: 
2025-12-03T01:52:29.0268677Z ##[endgroup]
2025-12-03T01:52:29.0341072Z      _____          _
2025-12-03T01:52:29.0341433Z     / ____|        | |
2025-12-03T01:52:29.0341755Z    | |     ___   __| | ___  ___ _____   __
2025-12-03T01:52:29.0342151Z    | |    / _ \ / _` |/ _ \/ __/ _ \ \ / /
2025-12-03T01:52:29.0342536Z    | |___| (_) | (_| |  __/ (_| (_) \ V /
2025-12-03T01:52:29.0342931Z     \_____\___/ \__,_|\___|\___\___/ \_/
2025-12-03T01:52:29.0343621Z                            [0;31m Wrapper-0.2.7[0m
2025-12-03T01:52:29.0344036Z                            
2025-12-03T01:52:29.0400744Z [0;32m==>[0m Detected [0;36mlinux[0m
2025-12-03T01:52:29.0401559Z [0;32m ->[0m Downloading [0;36mhttps://cli.codecov.io/latest/linux/codecov[0m
2025-12-03T01:52:29.0454470Z   % Total    % Received % Xferd  Average Speed   Time    Time     Time  Current
2025-12-03T01:52:29.0455288Z                                  Dload  Upload   Total   Spent    Left  Speed
2025-12-03T01:52:29.0455589Z 
2025-12-03T01:52:29.4337661Z   0     0    0     0    0     0      0      0 --:--:-- --:--:-- --:--:--     0
2025-12-03T01:52:29.4338382Z 100 10.6M  100 10.6M    0     0  27.4M      0 --:--:-- --:--:-- --:--:-- 27.4M
2025-12-03T01:52:29.4361276Z [0;32m==>[0m Finishing downloading [0;36mlinux:latest[0m
2025-12-03T01:52:29.4948316Z       Version: [0;36mv11.2.5[0m
2025-12-03T01:52:29.4948831Z  
2025-12-03T01:52:29.5027067Z gpg: directory '/home/runner/.gnupg' created
2025-12-03T01:52:29.5033027Z gpg: keybox '/home/runner/.gnupg/pubring.kbx' created
2025-12-03T01:52:29.6205820Z gpg: /home/runner/.gnupg/trustdb.gpg: trustdb created
2025-12-03T01:52:29.6206979Z gpg: key 806BB28AED779869: public key "Codecov Uploader (Codecov Uploader Verification Key) <security@codecov.io>" imported
2025-12-03T01:52:29.6629752Z gpg: Total number processed: 1
2025-12-03T01:52:29.6630433Z gpg:               imported: 1
2025-12-03T01:52:29.6636346Z [0;32m==>[0m Verifying GPG signature integrity
2025-12-03T01:52:29.6637609Z [0;32m ->[0m Downloading [0;36mhttps://cli.codecov.io/latest/linux/codecov.SHA256SUM[0m
2025-12-03T01:52:29.6638804Z [0;32m ->[0m Downloading [0;36mhttps://cli.codecov.io/latest/linux/codecov.SHA256SUM.sig[0m
2025-12-03T01:52:29.6639518Z  
2025-12-03T01:52:29.7680281Z gpg: Signature made Mon Nov 10 14:58:43 2025 UTC
2025-12-03T01:52:29.7680955Z gpg:                using RSA key 27034E7FDB850E0BBC2C62FF806BB28AED779869
2025-12-03T01:52:29.7683389Z gpg: Good signature from "Codecov Uploader (Codecov Uploader Verification Key) <security@codecov.io>" [unknown]
2025-12-03T01:52:29.7684428Z gpg: WARNING: This key is not certified with a trusted signature!
2025-12-03T01:52:29.7685774Z gpg:          There is no indication that the signature belongs to the owner.
2025-12-03T01:52:29.7686561Z Primary key fingerprint: 2703 4E7F DB85 0E0B BC2C  62FF 806B B28A ED77 9869
2025-12-03T01:52:29.8607199Z codecov: OK
2025-12-03T01:52:29.8617684Z [0;32m==>[0m CLI integrity verified
2025-12-03T01:52:29.8618022Z 
2025-12-03T01:52:29.9238597Z [0;32m ->[0m Token length: 36
2025-12-03T01:52:29.9239237Z [0;32m==>[0m Running upload-coverage
2025-12-03T01:52:29.9248004Z       [0;36m./codecov  upload-coverage -t <redacted> --git-service github --sha c18690ec8007c8c2f21048856938ce9f1a144711 --gcov-executable gcov --name 3.9[0m
2025-12-03T01:52:30.2734186Z info - 2025-12-03 01:52:30,273 -- ci service found: github-actions
2025-12-03T01:52:30.3140341Z warning - 2025-12-03 01:52:30,313 -- xcrun is not installed or can't be found.
2025-12-03T01:52:30.3862864Z warning - 2025-12-03 01:52:30,386 -- No gcov data found.
2025-12-03T01:52:30.3866796Z warning - 2025-12-03 01:52:30,386 -- coverage.py is not installed or can't be found.
2025-12-03T01:52:30.4027367Z info - 2025-12-03 01:52:30,402 -- Found 1 coverage files to report
2025-12-03T01:52:30.4028403Z info - 2025-12-03 01:52:30,402 -- > /home/runner/work/tinuous/tinuous/coverage.xml
2025-12-03T01:52:30.8456203Z info - 2025-12-03 01:52:30,845 -- Your upload is now processing. When finished, results will be available at: https://app.codecov.io/github/con/tinuous/commit/c18690ec8007c8c2f21048856938ce9f1a144711
2025-12-03T01:52:30.9367617Z info - 2025-12-03 01:52:30,936 -- Process Upload complete
