2025-07-25T18:40:56.6988609Z Current runner version: '2.326.0'
2025-07-25T18:40:56.7014952Z ##[group]Runner Image Provisioner
2025-07-25T18:40:56.7015784Z Hosted Compute Agent
2025-07-25T18:40:56.7016409Z Version: 20250711.363
2025-07-25T18:40:56.7017020Z Commit: 6785254374ce925a23743850c1cb91912ce5c14c
2025-07-25T18:40:56.7017654Z Build Date: 2025-07-11T20:04:25Z
2025-07-25T18:40:56.7018290Z ##[endgroup]
2025-07-25T18:40:56.7018835Z ##[group]Operating System
2025-07-25T18:40:56.7019402Z Ubuntu
2025-07-25T18:40:56.7019905Z 24.04.2
2025-07-25T18:40:56.7020346Z LTS
2025-07-25T18:40:56.7020813Z ##[endgroup]
2025-07-25T18:40:56.7021250Z ##[group]Runner Image
2025-07-25T18:40:56.7021917Z Image: ubuntu-24.04
2025-07-25T18:40:56.7022435Z Version: 20250720.1.0
2025-07-25T18:40:56.7023382Z Included Software: https://github.com/actions/runner-images/blob/ubuntu24/20250720.1/images/ubuntu/Ubuntu2404-Readme.md
2025-07-25T18:40:56.7025270Z Image Release: https://github.com/actions/runner-images/releases/tag/ubuntu24%2F20250720.1
2025-07-25T18:40:56.7026311Z ##[endgroup]
2025-07-25T18:40:56.7028674Z ##[group]GITHUB_TOKEN Permissions
2025-07-25T18:40:56.7030609Z Actions: write
2025-07-25T18:40:56.7031290Z Attestations: write
2025-07-25T18:40:56.7031817Z Checks: write
2025-07-25T18:40:56.7032271Z Contents: write
2025-07-25T18:40:56.7032890Z Deployments: write
2025-07-25T18:40:56.7033390Z Discussions: write
2025-07-25T18:40:56.7033897Z Issues: write
2025-07-25T18:40:56.7034730Z Metadata: read
2025-07-25T18:40:56.7035197Z Models: read
2025-07-25T18:40:56.7035707Z Packages: write
2025-07-25T18:40:56.7036254Z Pages: write
2025-07-25T18:40:56.7036756Z PullRequests: write
2025-07-25T18:40:56.7037279Z RepositoryProjects: write
2025-07-25T18:40:56.7037877Z SecurityEvents: write
2025-07-25T18:40:56.7038516Z Statuses: write
2025-07-25T18:40:56.7039038Z ##[endgroup]
2025-07-25T18:40:56.7041077Z Secret source: Actions
2025-07-25T18:40:56.7041830Z Prepare workflow directory
2025-07-25T18:40:56.7485754Z Prepare all required actions
2025-07-25T18:40:56.7540657Z Getting action download info
2025-07-25T18:40:57.0960763Z ##[group]Download immutable action package 'actions/checkout@v4'
2025-07-25T18:40:57.0961827Z Version: 4.2.2
2025-07-25T18:40:57.0962773Z Digest: sha256:ccb2698953eaebd21c7bf6268a94f9c26518a7e38e27e0b83c1fe1ad049819b1
2025-07-25T18:40:57.0963972Z Source commit SHA: 11bd71901bbe5b1630ceea73d27597364c9af683
2025-07-25T18:40:57.0964893Z ##[endgroup]
2025-07-25T18:40:57.1868878Z ##[group]Download immutable action package 'actions/setup-python@v5'
2025-07-25T18:40:57.1870339Z Version: 5.6.0
2025-07-25T18:40:57.1871681Z Digest: sha256:0b35a0c11c97499e4e0576589036d450b9f5f9da74b7774225b3614b57324404
2025-07-25T18:40:57.1873389Z Source commit SHA: a26af69be951a213d495a4c3e4e4022e16d87065
2025-07-25T18:40:57.1874966Z ##[endgroup]
2025-07-25T18:40:57.4242424Z Download action repository 'codecov/codecov-action@v5' (SHA:18283e04ce6e62d37312384ff67231eb8fd56d24)
2025-07-25T18:40:57.7551379Z Getting action download info
2025-07-25T18:40:57.8829823Z ##[group]Download immutable action package 'actions/github-script@v7'
2025-07-25T18:40:57.8830575Z Version: 7.0.1
2025-07-25T18:40:57.8831234Z Digest: sha256:bce02966afe3a75123f766b765abe432fac5464b74976015dc06b811ac9054c7
2025-07-25T18:40:57.8832136Z Source commit SHA: 60a0d83039c74a4aee543508d2ffcb1c3799cdea
2025-07-25T18:40:57.8832746Z ##[endgroup]
2025-07-25T18:40:58.1513096Z Complete job name: test (3.10, py)
2025-07-25T18:40:58.2313019Z ##[group]Run actions/checkout@v4
2025-07-25T18:40:58.2314712Z with:
2025-07-25T18:40:58.2315484Z   fetch-depth: 0
2025-07-25T18:40:58.2316300Z   repository: con/tinuous
2025-07-25T18:40:58.2317484Z   token: ***
2025-07-25T18:40:58.2318237Z   ssh-strict: true
2025-07-25T18:40:58.2319027Z   ssh-user: git
2025-07-25T18:40:58.2319820Z   persist-credentials: true
2025-07-25T18:40:58.2320696Z   clean: true
2025-07-25T18:40:58.2321513Z   sparse-checkout-cone-mode: true
2025-07-25T18:40:58.2322473Z   fetch-tags: false
2025-07-25T18:40:58.2323266Z   show-progress: true
2025-07-25T18:40:58.2324073Z   lfs: false
2025-07-25T18:40:58.2325283Z   submodules: false
2025-07-25T18:40:58.2326087Z   set-safe-directory: true
2025-07-25T18:40:58.2327274Z ##[endgroup]
2025-07-25T18:40:58.3403385Z Syncing repository: con/tinuous
2025-07-25T18:40:58.3406277Z ##[group]Getting Git version info
2025-07-25T18:40:58.3407631Z Working directory is '/home/runner/work/tinuous/tinuous'
2025-07-25T18:40:58.3409604Z [command]/usr/bin/git version
2025-07-25T18:40:58.3435191Z git version 2.50.1
2025-07-25T18:40:58.3461792Z ##[endgroup]
2025-07-25T18:40:58.3475579Z Temporarily overriding HOME='/home/runner/work/_temp/27d8b416-5b71-4c45-a785-c51cebbf5dac' before making global git config changes
2025-07-25T18:40:58.3478184Z Adding repository directory to the temporary git global config as a safe directory
2025-07-25T18:40:58.3487564Z [command]/usr/bin/git config --global --add safe.directory /home/runner/work/tinuous/tinuous
2025-07-25T18:40:58.3520145Z Deleting the contents of '/home/runner/work/tinuous/tinuous'
2025-07-25T18:40:58.3523393Z ##[group]Initializing the repository
2025-07-25T18:40:58.3527494Z [command]/usr/bin/git init /home/runner/work/tinuous/tinuous
2025-07-25T18:40:58.3586387Z hint: Using 'master' as the name for the initial branch. This default branch name
2025-07-25T18:40:58.3589658Z hint: is subject to change. To configure the initial branch name to use in all
2025-07-25T18:40:58.3592911Z hint: of your new repositories, which will suppress this warning, call:
2025-07-25T18:40:58.3595628Z hint:
2025-07-25T18:40:58.3597212Z hint: 	git config --global init.defaultBranch <name>
2025-07-25T18:40:58.3599274Z hint:
2025-07-25T18:40:58.3601206Z hint: Names commonly chosen instead of 'master' are 'main', 'trunk' and
2025-07-25T18:40:58.3604552Z hint: 'development'. The just-created branch can be renamed via this command:
2025-07-25T18:40:58.3606908Z hint:
2025-07-25T18:40:58.3607933Z hint: 	git branch -m <name>
2025-07-25T18:40:58.3608780Z hint:
2025-07-25T18:40:58.3609900Z hint: Disable this message with "git config set advice.defaultBranchName false"
2025-07-25T18:40:58.3611756Z Initialized empty Git repository in /home/runner/work/tinuous/tinuous/.git/
2025-07-25T18:40:58.3616766Z [command]/usr/bin/git remote add origin https://github.com/con/tinuous
2025-07-25T18:40:58.3635395Z ##[endgroup]
2025-07-25T18:40:58.3637882Z ##[group]Disabling automatic garbage collection
2025-07-25T18:40:58.3640129Z [command]/usr/bin/git config --local gc.auto 0
2025-07-25T18:40:58.3669000Z ##[endgroup]
2025-07-25T18:40:58.3671268Z ##[group]Setting up auth
2025-07-25T18:40:58.3676462Z [command]/usr/bin/git config --local --name-only --get-regexp core\.sshCommand
2025-07-25T18:40:58.3709058Z [command]/usr/bin/git submodule foreach --recursive sh -c "git config --local --name-only --get-regexp 'core\.sshCommand' && git config --local --unset-all 'core.sshCommand' || :"
2025-07-25T18:40:58.3989036Z [command]/usr/bin/git config --local --name-only --get-regexp http\.https\:\/\/github\.com\/\.extraheader
2025-07-25T18:40:58.4018224Z [command]/usr/bin/git submodule foreach --recursive sh -c "git config --local --name-only --get-regexp 'http\.https\:\/\/github\.com\/\.extraheader' && git config --local --unset-all 'http.https://github.com/.extraheader' || :"
2025-07-25T18:40:58.4233417Z [command]/usr/bin/git config --local http.https://github.com/.extraheader AUTHORIZATION: basic ***
2025-07-25T18:40:58.4268403Z ##[endgroup]
2025-07-25T18:40:58.4286064Z ##[group]Fetching the repository
2025-07-25T18:40:58.4289002Z [command]/usr/bin/git -c protocol.version=2 fetch --prune --no-recurse-submodules origin +refs/heads/*:refs/remotes/origin/* +refs/tags/*:refs/tags/*
2025-07-25T18:40:58.8116022Z From https://github.com/con/tinuous
2025-07-25T18:40:58.8116867Z  * [new branch]      bf-circleci     -> origin/bf-circleci
2025-07-25T18:40:58.8118034Z  * [new branch]      gh-55           -> origin/gh-55
2025-07-25T18:40:58.8119423Z  * [new branch]      master          -> origin/master
2025-07-25T18:40:58.8121699Z  * [new branch]      no-extra-search -> origin/no-extra-search
2025-07-25T18:40:58.8123431Z  * [new branch]      pragmata        -> origin/pragmata
2025-07-25T18:40:58.8125107Z  * [new branch]      test-appveyor   -> origin/test-appveyor
2025-07-25T18:40:58.8126643Z  * [new tag]         0.1.0           -> 0.1.0
2025-07-25T18:40:58.8128009Z  * [new tag]         0.2.0           -> 0.2.0
2025-07-25T18:40:58.8129653Z  * [new tag]         0.3.0           -> 0.3.0
2025-07-25T18:40:58.8130955Z  * [new tag]         0.4.0           -> 0.4.0
2025-07-25T18:40:58.8132135Z  * [new tag]         0.5.0           -> 0.5.0
2025-07-25T18:40:58.8133215Z  * [new tag]         0.5.1           -> 0.5.1
2025-07-25T18:40:58.8134799Z  * [new tag]         0.5.2           -> 0.5.2
2025-07-25T18:40:58.8136152Z  * [new tag]         0.5.3           -> 0.5.3
2025-07-25T18:40:58.8137430Z  * [new tag]         0.5.4           -> 0.5.4
2025-07-25T18:40:58.8138829Z  * [new tag]         0.6.0           -> 0.6.0
2025-07-25T18:40:58.8140047Z  * [new tag]         0.6.1           -> 0.6.1
2025-07-25T18:40:58.8141444Z  * [new tag]         0.7.0           -> 0.7.0
2025-07-25T18:40:58.8176751Z [command]/usr/bin/git branch --list --remote origin/master
2025-07-25T18:40:58.8199661Z   origin/master
2025-07-25T18:40:58.8210418Z [command]/usr/bin/git rev-parse refs/remotes/origin/master
2025-07-25T18:40:58.8231907Z 5635a3eddf0b7c0528dcd621f6f0d2cb8bfcf790
2025-07-25T18:40:58.8241814Z ##[endgroup]
2025-07-25T18:40:58.8242968Z ##[group]Determining the checkout info
2025-07-25T18:40:58.8244561Z ##[endgroup]
2025-07-25T18:40:58.8247782Z [command]/usr/bin/git sparse-checkout disable
2025-07-25T18:40:58.8290034Z [command]/usr/bin/git config --local --unset-all extensions.worktreeConfig
2025-07-25T18:40:58.8315635Z ##[group]Checking out the ref
2025-07-25T18:40:58.8319916Z [command]/usr/bin/git checkout --progress --force -B master refs/remotes/origin/master
2025-07-25T18:40:58.8374760Z Reset branch 'master'
2025-07-25T18:40:58.8378113Z branch 'master' set up to track 'origin/master'.
2025-07-25T18:40:58.8384587Z ##[endgroup]
2025-07-25T18:40:58.8418799Z [command]/usr/bin/git log -1 --format=%H
2025-07-25T18:40:58.8440517Z 5635a3eddf0b7c0528dcd621f6f0d2cb8bfcf790
2025-07-25T18:40:58.8733119Z ##[group]Run actions/setup-python@v5
2025-07-25T18:40:58.8733516Z with:
2025-07-25T18:40:58.8733782Z   python-version: 3.10
2025-07-25T18:40:58.8734085Z   check-latest: false
2025-07-25T18:40:58.8734691Z   token: ***
2025-07-25T18:40:58.8734973Z   update-environment: true
2025-07-25T18:40:58.8735298Z   allow-prereleases: false
2025-07-25T18:40:58.8735611Z   freethreaded: false
2025-07-25T18:40:58.8735892Z ##[endgroup]
2025-07-25T18:40:59.0382882Z ##[group]Installed versions
2025-07-25T18:40:59.0477151Z Successfully set up CPython (3.10.18)
2025-07-25T18:40:59.0478031Z ##[endgroup]
2025-07-25T18:40:59.0592872Z ##[group]Run python -m pip install --upgrade pip wheel
2025-07-25T18:40:59.0593494Z [36;1mpython -m pip install --upgrade pip wheel[0m
2025-07-25T18:40:59.0594037Z [36;1mpython -m pip install --upgrade --upgrade-strategy=eager tox[0m
2025-07-25T18:40:59.0635499Z shell: /usr/bin/bash -e {0}
2025-07-25T18:40:59.0635849Z env:
2025-07-25T18:40:59.0636210Z   pythonLocation: /opt/hostedtoolcache/Python/3.10.18/x64
2025-07-25T18:40:59.0636785Z   PKG_CONFIG_PATH: /opt/hostedtoolcache/Python/3.10.18/x64/lib/pkgconfig
2025-07-25T18:40:59.0637358Z   Python_ROOT_DIR: /opt/hostedtoolcache/Python/3.10.18/x64
2025-07-25T18:40:59.0637855Z   Python2_ROOT_DIR: /opt/hostedtoolcache/Python/3.10.18/x64
2025-07-25T18:40:59.0638352Z   Python3_ROOT_DIR: /opt/hostedtoolcache/Python/3.10.18/x64
2025-07-25T18:40:59.0638845Z   LD_LIBRARY_PATH: /opt/hostedtoolcache/Python/3.10.18/x64/lib
2025-07-25T18:40:59.0639251Z ##[endgroup]
2025-07-25T18:41:01.3548457Z Requirement already satisfied: pip in /opt/hostedtoolcache/Python/3.10.18/x64/lib/python3.10/site-packages (25.1.1)
2025-07-25T18:41:01.4712765Z Collecting wheel
2025-07-25T18:41:01.5362671Z   Downloading wheel-0.45.1-py3-none-any.whl.metadata (2.3 kB)
2025-07-25T18:41:01.5653804Z Downloading wheel-0.45.1-py3-none-any.whl (72 kB)
2025-07-25T18:41:01.6068810Z Installing collected packages: wheel
2025-07-25T18:41:01.6501404Z Successfully installed wheel-0.45.1
2025-07-25T18:41:02.6924021Z Collecting tox
2025-07-25T18:41:02.7537856Z   Downloading tox-4.28.2-py3-none-any.whl.metadata (3.6 kB)
2025-07-25T18:41:02.7751478Z Collecting cachetools>=6.1 (from tox)
2025-07-25T18:41:02.7888869Z   Downloading cachetools-6.1.0-py3-none-any.whl.metadata (5.4 kB)
2025-07-25T18:41:02.8014639Z Collecting chardet>=5.2 (from tox)
2025-07-25T18:41:02.8150736Z   Downloading chardet-5.2.0-py3-none-any.whl.metadata (3.4 kB)
2025-07-25T18:41:02.8320608Z Collecting colorama>=0.4.6 (from tox)
2025-07-25T18:41:02.8457224Z   Downloading colorama-0.4.6-py2.py3-none-any.whl.metadata (17 kB)
2025-07-25T18:41:02.8692202Z Collecting filelock>=3.18 (from tox)
2025-07-25T18:41:02.8828392Z   Downloading filelock-3.18.0-py3-none-any.whl.metadata (2.9 kB)
2025-07-25T18:41:02.9030933Z Collecting packaging>=25 (from tox)
2025-07-25T18:41:02.9167649Z   Downloading packaging-25.0-py3-none-any.whl.metadata (3.3 kB)
2025-07-25T18:41:02.9350752Z Collecting platformdirs>=4.3.8 (from tox)
2025-07-25T18:41:02.9487784Z   Downloading platformdirs-4.3.8-py3-none-any.whl.metadata (12 kB)
2025-07-25T18:41:02.9683383Z Collecting pluggy>=1.6 (from tox)
2025-07-25T18:41:02.9818287Z   Downloading pluggy-1.6.0-py3-none-any.whl.metadata (4.8 kB)
2025-07-25T18:41:02.9969370Z Collecting pyproject-api>=1.9.1 (from tox)
2025-07-25T18:41:03.0109375Z   Downloading pyproject_api-1.9.1-py3-none-any.whl.metadata (2.7 kB)
2025-07-25T18:41:03.0286056Z Collecting tomli>=2.2.1 (from tox)
2025-07-25T18:41:03.0423097Z   Downloading tomli-2.2.1-py3-none-any.whl.metadata (10 kB)
2025-07-25T18:41:03.0622764Z Collecting typing-extensions>=4.14.1 (from tox)
2025-07-25T18:41:03.0761349Z   Downloading typing_extensions-4.14.1-py3-none-any.whl.metadata (3.0 kB)
2025-07-25T18:41:03.1220489Z Collecting virtualenv>=20.31.2 (from tox)
2025-07-25T18:41:03.1357955Z   Downloading virtualenv-20.32.0-py3-none-any.whl.metadata (4.5 kB)
2025-07-25T18:41:03.1790254Z Collecting distlib<1,>=0.3.7 (from virtualenv>=20.31.2->tox)
2025-07-25T18:41:03.2006794Z   Downloading distlib-0.4.0-py2.py3-none-any.whl.metadata (5.2 kB)
2025-07-25T18:41:03.2265391Z Downloading tox-4.28.2-py3-none-any.whl (174 kB)
2025-07-25T18:41:03.2682744Z Downloading cachetools-6.1.0-py3-none-any.whl (11 kB)
2025-07-25T18:41:03.2843443Z Downloading chardet-5.2.0-py3-none-any.whl (199 kB)
2025-07-25T18:41:03.3049758Z Downloading colorama-0.4.6-py2.py3-none-any.whl (25 kB)
2025-07-25T18:41:03.3204430Z Downloading filelock-3.18.0-py3-none-any.whl (16 kB)
2025-07-25T18:41:03.3362564Z Downloading packaging-25.0-py3-none-any.whl (66 kB)
2025-07-25T18:41:03.3558754Z Downloading platformdirs-4.3.8-py3-none-any.whl (18 kB)
2025-07-25T18:41:03.3749217Z Downloading pluggy-1.6.0-py3-none-any.whl (20 kB)
2025-07-25T18:41:03.3906982Z Downloading pyproject_api-1.9.1-py3-none-any.whl (13 kB)
2025-07-25T18:41:03.4062756Z Downloading tomli-2.2.1-py3-none-any.whl (14 kB)
2025-07-25T18:41:03.4219564Z Downloading typing_extensions-4.14.1-py3-none-any.whl (43 kB)
2025-07-25T18:41:03.4376736Z Downloading virtualenv-20.32.0-py3-none-any.whl (6.1 MB)
2025-07-25T18:41:03.4955613Z    ━━━━━━━━━━━━━━━━━━━━━━━━━━━━━━━━━━━━━━━━ 6.1/6.1 MB 110.4 MB/s eta 0:00:00
2025-07-25T18:41:03.5096988Z Downloading distlib-0.4.0-py2.py3-none-any.whl (469 kB)
2025-07-25T18:41:03.5648074Z Installing collected packages: distlib, typing-extensions, tomli, pluggy, platformdirs, packaging, filelock, colorama, chardet, cachetools, virtualenv, pyproject-api, tox
2025-07-25T18:41:04.1839910Z 
2025-07-25T18:41:04.1871441Z Successfully installed cachetools-6.1.0 chardet-5.2.0 colorama-0.4.6 distlib-0.4.0 filelock-3.18.0 packaging-25.0 platformdirs-4.3.8 pluggy-1.6.0 pyproject-api-1.9.1 tomli-2.2.1 tox-4.28.2 typing-extensions-4.14.1 virtualenv-20.32.0
2025-07-25T18:41:04.2450905Z ##[group]Run tox -e py -- --cov-report=xml
2025-07-25T18:41:04.2451244Z [36;1mtox -e py -- --cov-report=xml[0m
2025-07-25T18:41:04.2480441Z shell: /usr/bin/bash -e {0}
2025-07-25T18:41:04.2480676Z env:
2025-07-25T18:41:04.2480931Z   pythonLocation: /opt/hostedtoolcache/Python/3.10.18/x64
2025-07-25T18:41:04.2481340Z   PKG_CONFIG_PATH: /opt/hostedtoolcache/Python/3.10.18/x64/lib/pkgconfig
2025-07-25T18:41:04.2481733Z   Python_ROOT_DIR: /opt/hostedtoolcache/Python/3.10.18/x64
2025-07-25T18:41:04.2482085Z   Python2_ROOT_DIR: /opt/hostedtoolcache/Python/3.10.18/x64
2025-07-25T18:41:04.2482435Z   Python3_ROOT_DIR: /opt/hostedtoolcache/Python/3.10.18/x64
2025-07-25T18:41:04.2482791Z   LD_LIBRARY_PATH: /opt/hostedtoolcache/Python/3.10.18/x64/lib
2025-07-25T18:41:04.2483083Z ##[endgroup]
2025-07-25T18:41:06.0691287Z py: install_deps> python -I -m pip install pytest pytest-cov pytest-mock
2025-07-25T18:41:09.3096028Z .pkg: install_requires> python -I -m pip install 'setuptools>=46.4.0' versioningit
2025-07-25T18:41:10.4532848Z .pkg: _optional_hooks> python /opt/hostedtoolcache/Python/3.10.18/x64/lib/python3.10/site-packages/pyproject_api/_backend.py True setuptools.build_meta
2025-07-25T18:41:10.7084028Z .pkg: get_requires_for_build_sdist> python /opt/hostedtoolcache/Python/3.10.18/x64/lib/python3.10/site-packages/pyproject_api/_backend.py True setuptools.build_meta
2025-07-25T18:41:10.9603033Z .pkg: get_requires_for_build_wheel> python /opt/hostedtoolcache/Python/3.10.18/x64/lib/python3.10/site-packages/pyproject_api/_backend.py True setuptools.build_meta
2025-07-25T18:41:11.1807440Z .pkg: freeze> python -m pip freeze --all
2025-07-25T18:41:11.4143627Z .pkg: packaging==25.0,pip==25.1.1,setuptools==80.9.0,tomli==2.2.1,versioningit==3.3.0
2025-07-25T18:41:11.4149030Z .pkg: prepare_metadata_for_build_wheel> python /opt/hostedtoolcache/Python/3.10.18/x64/lib/python3.10/site-packages/pyproject_api/_backend.py True setuptools.build_meta
2025-07-25T18:41:11.6572053Z .pkg: build_sdist> python /opt/hostedtoolcache/Python/3.10.18/x64/lib/python3.10/site-packages/pyproject_api/_backend.py True setuptools.build_meta
2025-07-25T18:41:11.9090539Z py: install_package_deps> python -I -m pip install 'PyYAML>=5.0' 'click-loglevel~=0.2' 'click>=7.0' 'ghtoken~=0.1' 'in_place~=1.0' 'pydantic~=2.0' 'python-dateutil~=2.7' 'python-dotenv<2.0,>=0.11' 'requests~=2.20'
2025-07-25T18:41:15.6449934Z py: install_package> python -I -m pip install --force-reinstall --no-deps /home/runner/work/tinuous/tinuous/.tox/.tmp/package/1/tinuous-0.7.0.post15+g5635a3e.tar.gz
2025-07-25T18:41:17.9350630Z py: freeze> python -m pip freeze --all
2025-07-25T18:41:18.1870900Z py: annotated-types==0.7.0,certifi==2025.7.14,charset-normalizer==3.4.2,click==8.2.1,click-loglevel==0.6.1,coverage==7.10.0,exceptiongroup==1.3.0,ghtoken==0.1.2,idna==3.10,in_place==1.0.1,iniconfig==2.1.0,packaging==25.0,pip==25.1.1,pluggy==1.6.0,pydantic==2.11.7,pydantic_core==2.33.2,Pygments==2.19.2,pytest==8.4.1,pytest-cov==6.2.1,pytest-mock==3.14.1,python-dateutil==2.9.0.post0,python-dotenv==1.1.1,PyYAML==6.0.2,requests==2.32.4,ruamel.yaml==0.18.14,ruamel.yaml.clib==0.2.12,setuptools==80.9.0,six==1.17.0,tinuous @ file:///home/runner/work/tinuous/tinuous/.tox/.tmp/package/1/tinuous-0.7.0.post15%2Bg5635a3e.tar.gz#sha256=cacea25d2f3700507a27977f0a8b8ddfa19d5a5e8e2518f5ecd0046f7b3e4edc,tomli==2.2.1,typing-inspection==0.4.1,typing_extensions==4.14.1,urllib3==2.5.0
2025-07-25T18:41:18.1875556Z py: commands[0]> tinuous --help
2025-07-25T18:41:18.5152900Z Usage: tinuous [OPTIONS] COMMAND [ARGS]...
2025-07-25T18:41:18.5153410Z 
2025-07-25T18:41:18.5153750Z   Download build logs from GitHub Actions, Travis, Appveyor, and CircleCI
2025-07-25T18:41:18.5154395Z 
2025-07-25T18:41:18.5154508Z Options:
2025-07-25T18:41:18.5154847Z   -V, --version                   Show the version and exit.
2025-07-25T18:41:18.5155339Z   -c, --config FILE               Read configuration from the given file
2025-07-25T18:41:18.5155787Z                                   [default: tinuous.yaml]
2025-07-25T18:41:18.5156642Z   -E, --env FILE                  Load environment variables from given .env
2025-07-25T18:41:18.5157070Z                                   file
2025-07-25T18:41:18.5157620Z   -l, --log-level [NOTSET|DEBUG|INFO|WARNING|ERROR|CRITICAL]
2025-07-25T18:41:18.5158071Z                                   Set logging level  [default: INFO]
2025-07-25T18:41:18.5158497Z   --help                          Show this message and exit.
2025-07-25T18:41:18.5158773Z 
2025-07-25T18:41:18.5158864Z Commands:
2025-07-25T18:41:18.5159100Z   fetch         Download logs
2025-07-25T18:41:18.5159445Z   fetch-commit  Download logs for a specific commit
2025-07-25T18:41:18.5159854Z   sanitize      Sanitize secrets in logs
2025-07-25T18:41:18.5478673Z py: commands[1]> pytest --cov-report=xml test
2025-07-25T18:41:19.6274900Z ============================= test session starts ==============================
2025-07-25T18:41:19.6275716Z platform linux -- Python 3.10.18, pytest-8.4.1, pluggy-1.6.0
2025-07-25T18:41:19.6276273Z cachedir: .tox/py/.pytest_cache
2025-07-25T18:41:19.6276672Z rootdir: /home/runner/work/tinuous/tinuous
2025-07-25T18:41:19.6277068Z configfile: tox.ini
2025-07-25T18:41:19.6277391Z plugins: cov-6.2.1, mock-3.14.1
2025-07-25T18:41:19.6277729Z collected 64 items
2025-07-25T18:41:19.6277906Z 
2025-07-25T18:41:19.6403354Z test/test_base.py .........                                              [ 14%]
2025-07-25T18:41:19.6510582Z test/test_config.py ........                                             [ 26%]
2025-07-25T18:41:19.6701772Z test/test_state.py ........                                              [ 39%]
2025-07-25T18:41:19.9808825Z test/test_util.py .......................................                [100%]
2025-07-25T18:41:19.9809351Z 
2025-07-25T18:41:19.9809580Z ================================ tests coverage ================================
2025-07-25T18:41:19.9810330Z _______________ coverage: platform linux, python 3.10.18-final-0 _______________
2025-07-25T18:41:19.9810977Z 
2025-07-25T18:41:19.9811167Z Coverage XML written to file coverage.xml
2025-07-25T18:41:19.9811605Z ============================== 64 passed in 0.72s ==============================
2025-07-25T18:41:20.0410488Z   py: OK (14.29=setup[12.44]+cmd[0.36,1.49] seconds)
2025-07-25T18:41:20.0410984Z   congratulations :) (15.44 seconds)
2025-07-25T18:41:20.1121635Z ##[group]Run codecov/codecov-action@v5
2025-07-25T18:41:20.1121915Z with:
2025-07-25T18:41:20.1122098Z   fail_ci_if_error: false
2025-07-25T18:41:20.1122482Z   token: ***
2025-07-25T18:41:20.1122648Z   name: 3.10
2025-07-25T18:41:20.1122817Z   disable_file_fixes: false
2025-07-25T18:41:20.1123021Z   disable_search: false
2025-07-25T18:41:20.1123226Z   disable_safe_directory: false
2025-07-25T18:41:20.1123442Z   disable_telem: false
2025-07-25T18:41:20.1123624Z   dry_run: false
2025-07-25T18:41:20.1123802Z   git_service: github
2025-07-25T18:41:20.1123984Z   gcov_executable: gcov
2025-07-25T18:41:20.1124354Z   handle_no_reports_found: false
2025-07-25T18:41:20.1124584Z   recurse_submodules: false
2025-07-25T18:41:20.1124798Z   run_command: upload-coverage
2025-07-25T18:41:20.1125015Z   skip_validation: false
2025-07-25T18:41:20.1125243Z   use_legacy_upload_endpoint: false
2025-07-25T18:41:20.1125461Z   use_oidc: false
2025-07-25T18:41:20.1125636Z   use_pypi: false
2025-07-25T18:41:20.1125831Z   verbose: false
2025-07-25T18:41:20.1125997Z   version: latest
2025-07-25T18:41:20.1126168Z env:
2025-07-25T18:41:20.1126397Z   pythonLocation: /opt/hostedtoolcache/Python/3.10.18/x64
2025-07-25T18:41:20.1126797Z   PKG_CONFIG_PATH: /opt/hostedtoolcache/Python/3.10.18/x64/lib/pkgconfig
2025-07-25T18:41:20.1127181Z   Python_ROOT_DIR: /opt/hostedtoolcache/Python/3.10.18/x64
2025-07-25T18:41:20.1127525Z   Python2_ROOT_DIR: /opt/hostedtoolcache/Python/3.10.18/x64
2025-07-25T18:41:20.1127862Z   Python3_ROOT_DIR: /opt/hostedtoolcache/Python/3.10.18/x64
2025-07-25T18:41:20.1128204Z   LD_LIBRARY_PATH: /opt/hostedtoolcache/Python/3.10.18/x64/lib
2025-07-25T18:41:20.1128486Z ##[endgroup]
2025-07-25T18:41:20.1196268Z ##[group]Run CC_ACTION_VERSION=$(cat ${GITHUB_ACTION_PATH}/src/version)
2025-07-25T18:41:20.1196695Z [36;1mCC_ACTION_VERSION=$(cat ${GITHUB_ACTION_PATH}/src/version)[0m
2025-07-25T18:41:20.1197264Z [36;1mecho -e "\033[0;32m==>\033[0m Running Action version $CC_ACTION_VERSION"[0m
2025-07-25T18:41:20.1226527Z shell: /usr/bin/bash --noprofile --norc -e -o pipefail {0}
2025-07-25T18:41:20.1226840Z env:
2025-07-25T18:41:20.1227086Z   pythonLocation: /opt/hostedtoolcache/Python/3.10.18/x64
2025-07-25T18:41:20.1227496Z   PKG_CONFIG_PATH: /opt/hostedtoolcache/Python/3.10.18/x64/lib/pkgconfig
2025-07-25T18:41:20.1227894Z   Python_ROOT_DIR: /opt/hostedtoolcache/Python/3.10.18/x64
2025-07-25T18:41:20.1228244Z   Python2_ROOT_DIR: /opt/hostedtoolcache/Python/3.10.18/x64
2025-07-25T18:41:20.1228584Z   Python3_ROOT_DIR: /opt/hostedtoolcache/Python/3.10.18/x64
2025-07-25T18:41:20.1228929Z   LD_LIBRARY_PATH: /opt/hostedtoolcache/Python/3.10.18/x64/lib
2025-07-25T18:41:20.1229218Z ##[endgroup]
2025-07-25T18:41:20.1289674Z [0;32m==>[0m Running Action version 5.4.3
2025-07-25T18:41:20.1331212Z ##[group]Run git config --global --add safe.directory "/home/runner/work/tinuous/tinuous"
2025-07-25T18:41:20.1331750Z [36;1mgit config --global --add safe.directory "/home/runner/work/tinuous/tinuous"[0m
2025-07-25T18:41:20.1332197Z [36;1mgit config --global --add safe.directory "$GITHUB_WORKSPACE"[0m
2025-07-25T18:41:20.1357458Z shell: /usr/bin/bash --noprofile --norc -e -o pipefail {0}
2025-07-25T18:41:20.1357764Z env:
2025-07-25T18:41:20.1358011Z   pythonLocation: /opt/hostedtoolcache/Python/3.10.18/x64
2025-07-25T18:41:20.1358408Z   PKG_CONFIG_PATH: /opt/hostedtoolcache/Python/3.10.18/x64/lib/pkgconfig
2025-07-25T18:41:20.1358806Z   Python_ROOT_DIR: /opt/hostedtoolcache/Python/3.10.18/x64
2025-07-25T18:41:20.1359153Z   Python2_ROOT_DIR: /opt/hostedtoolcache/Python/3.10.18/x64
2025-07-25T18:41:20.1359493Z   Python3_ROOT_DIR: /opt/hostedtoolcache/Python/3.10.18/x64
2025-07-25T18:41:20.1359842Z   LD_LIBRARY_PATH: /opt/hostedtoolcache/Python/3.10.18/x64/lib
2025-07-25T18:41:20.1360131Z ##[endgroup]
2025-07-25T18:41:20.1454399Z ##[group]Run CC_FORK="false"
2025-07-25T18:41:20.1454665Z [36;1mCC_FORK="false"[0m
2025-07-25T18:41:20.1455339Z [36;1mif [ -n "$GITHUB_EVENT_PULL_REQUEST_HEAD_REPO_FULL_NAME" ] && [ "$GITHUB_EVENT_PULL_REQUEST_HEAD_REPO_FULL_NAME" != "$GITHUB_REPOSITORY" ];[0m
2025-07-25T18:41:20.1455848Z [36;1mthen[0m
2025-07-25T18:41:20.1456077Z [36;1m  echo -e "\033[0;32m==>\033[0m Fork detected"[0m
2025-07-25T18:41:20.1456380Z [36;1m  CC_FORK="true"[0m
2025-07-25T18:41:20.1456573Z [36;1mfi[0m
2025-07-25T18:41:20.1456767Z [36;1mecho "CC_FORK=$CC_FORK" >> "$GITHUB_ENV"[0m
2025-07-25T18:41:20.1481800Z shell: /usr/bin/bash --noprofile --norc -e -o pipefail {0}
2025-07-25T18:41:20.1482116Z env:
2025-07-25T18:41:20.1482353Z   pythonLocation: /opt/hostedtoolcache/Python/3.10.18/x64
2025-07-25T18:41:20.1482765Z   PKG_CONFIG_PATH: /opt/hostedtoolcache/Python/3.10.18/x64/lib/pkgconfig
2025-07-25T18:41:20.1483156Z   Python_ROOT_DIR: /opt/hostedtoolcache/Python/3.10.18/x64
2025-07-25T18:41:20.1483508Z   Python2_ROOT_DIR: /opt/hostedtoolcache/Python/3.10.18/x64
2025-07-25T18:41:20.1483867Z   Python3_ROOT_DIR: /opt/hostedtoolcache/Python/3.10.18/x64
2025-07-25T18:41:20.1484435Z   LD_LIBRARY_PATH: /opt/hostedtoolcache/Python/3.10.18/x64/lib
2025-07-25T18:41:20.1484748Z   GITHUB_EVENT_PULL_REQUEST_HEAD_LABEL: 
2025-07-25T18:41:20.1485023Z   GITHUB_EVENT_PULL_REQUEST_HEAD_REPO_FULL_NAME: 
2025-07-25T18:41:20.1485292Z   GITHUB_REPOSITORY: con/tinuous
2025-07-25T18:41:20.1485524Z ##[endgroup]
2025-07-25T18:41:20.1579203Z ##[group]Run actions/github-script@v7
2025-07-25T18:41:20.1579440Z with:
2025-07-25T18:41:20.1579951Z   script: if (process.env.CC_USE_OIDC === 'true' && process.env.CC_FORK != 'true') {
  const id_token = await core.getIDToken(process.env.CC_OIDC_AUDIENCE)
  return id_token
}

2025-07-25T18:41:20.1580666Z   github-token: ***
2025-07-25T18:41:20.1580851Z   debug: false
2025-07-25T18:41:20.1581046Z   user-agent: actions/github-script
2025-07-25T18:41:20.1581286Z   result-encoding: json
2025-07-25T18:41:20.1581469Z   retries: 0
2025-07-25T18:41:20.1581673Z   retry-exempt-status-codes: 400,401,403,404,422
2025-07-25T18:41:20.1582072Z env:
2025-07-25T18:41:20.1582307Z   pythonLocation: /opt/hostedtoolcache/Python/3.10.18/x64
2025-07-25T18:41:20.1582697Z   PKG_CONFIG_PATH: /opt/hostedtoolcache/Python/3.10.18/x64/lib/pkgconfig
2025-07-25T18:41:20.1583072Z   Python_ROOT_DIR: /opt/hostedtoolcache/Python/3.10.18/x64
2025-07-25T18:41:20.1583417Z   Python2_ROOT_DIR: /opt/hostedtoolcache/Python/3.10.18/x64
2025-07-25T18:41:20.1583752Z   Python3_ROOT_DIR: /opt/hostedtoolcache/Python/3.10.18/x64
2025-07-25T18:41:20.1584087Z   LD_LIBRARY_PATH: /opt/hostedtoolcache/Python/3.10.18/x64/lib
2025-07-25T18:41:20.1584592Z   CC_FORK: false
2025-07-25T18:41:20.1584792Z   CC_OIDC_AUDIENCE: https://codecov.io
2025-07-25T18:41:20.1585027Z   CC_USE_OIDC: false
2025-07-25T18:41:20.1585208Z ##[endgroup]
2025-07-25T18:41:20.2531992Z ##[group]Run if [ "false" == 'true' ] && [ "$CC_FORK" != 'true' ];
2025-07-25T18:41:20.2532379Z [36;1mif [ "false" == 'true' ] && [ "$CC_FORK" != 'true' ];[0m
2025-07-25T18:41:20.2532672Z [36;1mthen[0m
2025-07-25T18:41:20.2532889Z [36;1m  echo "CC_TOKEN=$CC_OIDC_TOKEN" >> "$GITHUB_ENV"[0m
2025-07-25T18:41:20.2533181Z [36;1melif [ -n "" ];[0m
2025-07-25T18:41:20.2533371Z [36;1mthen[0m
2025-07-25T18:41:20.2533591Z [36;1m  echo -e "\033[0;32m==>\033[0m Token set from env"[0m
2025-07-25T18:41:20.2533888Z [36;1m    echo "CC_TOKEN=" >> "$GITHUB_ENV"[0m
2025-07-25T18:41:20.2534285Z [36;1melse[0m
2025-07-25T18:41:20.2534633Z [36;1m  if [ -n "***" ];[0m
2025-07-25T18:41:20.2534835Z [36;1m  then[0m
2025-07-25T18:41:20.2535057Z [36;1m    echo -e "\033[0;32m==>\033[0m Token set from input"[0m
2025-07-25T18:41:20.2535444Z [36;1m    CC_TOKEN=$(echo "***" | tr -d '\n')[0m
2025-07-25T18:41:20.2535729Z [36;1m    echo "CC_TOKEN=$CC_TOKEN" >> "$GITHUB_ENV"[0m
2025-07-25T18:41:20.2535974Z [36;1m  fi[0m
2025-07-25T18:41:20.2536135Z [36;1mfi[0m
2025-07-25T18:41:20.2563938Z shell: /usr/bin/bash --noprofile --norc -e -o pipefail {0}
2025-07-25T18:41:20.2564392Z env:
2025-07-25T18:41:20.2564641Z   pythonLocation: /opt/hostedtoolcache/Python/3.10.18/x64
2025-07-25T18:41:20.2565210Z   PKG_CONFIG_PATH: /opt/hostedtoolcache/Python/3.10.18/x64/lib/pkgconfig
2025-07-25T18:41:20.2565598Z   Python_ROOT_DIR: /opt/hostedtoolcache/Python/3.10.18/x64
2025-07-25T18:41:20.2565941Z   Python2_ROOT_DIR: /opt/hostedtoolcache/Python/3.10.18/x64
2025-07-25T18:41:20.2566288Z   Python3_ROOT_DIR: /opt/hostedtoolcache/Python/3.10.18/x64
2025-07-25T18:41:20.2566633Z   LD_LIBRARY_PATH: /opt/hostedtoolcache/Python/3.10.18/x64/lib
2025-07-25T18:41:20.2566920Z   CC_FORK: false
2025-07-25T18:41:20.2567097Z   CC_OIDC_TOKEN: 
2025-07-25T18:41:20.2567300Z   CC_OIDC_AUDIENCE: https://codecov.io
2025-07-25T18:41:20.2567535Z ##[endgroup]
2025-07-25T18:41:20.2615909Z [0;32m==>[0m Token set from input
2025-07-25T18:41:20.2653487Z ##[group]Run if [ -z "$CC_BRANCH" ] && [ -z "$CC_TOKEN" ] && [ "$CC_FORK" == 'true' ]
2025-07-25T18:41:20.2653916Z [36;1mif [ -z "$CC_BRANCH" ] && [ -z "$CC_TOKEN" ] && [ "$CC_FORK" == 'true' ][0m
2025-07-25T18:41:20.2654496Z [36;1mthen[0m
2025-07-25T18:41:20.2654870Z [36;1m  echo -e "\033[0;32m==>\033[0m Fork detected, setting branch to $GITHUB_EVENT_PULL_REQUEST_HEAD_LABEL"[0m
2025-07-25T18:41:20.2655349Z [36;1m  TOKENLESS="$GITHUB_EVENT_PULL_REQUEST_HEAD_LABEL"[0m
2025-07-25T18:41:20.2655692Z [36;1m  CC_BRANCH="$GITHUB_EVENT_PULL_REQUEST_HEAD_LABEL"[0m
2025-07-25T18:41:20.2656005Z [36;1m  echo "TOKENLESS=$TOKENLESS" >> "$GITHUB_ENV"[0m
2025-07-25T18:41:20.2656262Z [36;1mfi[0m
2025-07-25T18:41:20.2656419Z [36;1m[0m
2025-07-25T18:41:20.2656619Z [36;1mecho "CC_BRANCH=$CC_BRANCH" >> "$GITHUB_ENV"[0m
2025-07-25T18:41:20.2682735Z shell: /usr/bin/bash --noprofile --norc -e -o pipefail {0}
2025-07-25T18:41:20.2683048Z env:
2025-07-25T18:41:20.2683284Z   pythonLocation: /opt/hostedtoolcache/Python/3.10.18/x64
2025-07-25T18:41:20.2683695Z   PKG_CONFIG_PATH: /opt/hostedtoolcache/Python/3.10.18/x64/lib/pkgconfig
2025-07-25T18:41:20.2684269Z   Python_ROOT_DIR: /opt/hostedtoolcache/Python/3.10.18/x64
2025-07-25T18:41:20.2684785Z   Python2_ROOT_DIR: /opt/hostedtoolcache/Python/3.10.18/x64
2025-07-25T18:41:20.2685140Z   Python3_ROOT_DIR: /opt/hostedtoolcache/Python/3.10.18/x64
2025-07-25T18:41:20.2685484Z   LD_LIBRARY_PATH: /opt/hostedtoolcache/Python/3.10.18/x64/lib
2025-07-25T18:41:20.2685768Z   CC_FORK: false
2025-07-25T18:41:20.2686039Z   CC_TOKEN: ***
2025-07-25T18:41:20.2686204Z   CC_BRANCH: 
2025-07-25T18:41:20.2686389Z   GITHUB_EVENT_PULL_REQUEST_HEAD_LABEL: 
2025-07-25T18:41:20.2686672Z   GITHUB_EVENT_PULL_REQUEST_HEAD_REPO_FULL_NAME: 
2025-07-25T18:41:20.2686942Z   GITHUB_REPOSITORY: con/tinuous
2025-07-25T18:41:20.2687161Z ##[endgroup]
2025-07-25T18:41:20.2751549Z ##[group]Run if [ -z "$CC_SHA" ];
2025-07-25T18:41:20.2751805Z [36;1mif [ -z "$CC_SHA" ];[0m
2025-07-25T18:41:20.2752013Z [36;1mthen[0m
2025-07-25T18:41:20.2752235Z [36;1m  CC_SHA="$GITHUB_EVENT_PULL_REQUEST_HEAD_SHA"[0m
2025-07-25T18:41:20.2752490Z [36;1mfi[0m
2025-07-25T18:41:20.2752743Z [36;1mif [ -z "$CC_PR" ] && [ "${GITHUB_EVENT_NAME}" == "pull_request_target" ];[0m
2025-07-25T18:41:20.2753072Z [36;1mthen[0m
2025-07-25T18:41:20.2753275Z [36;1m  CC_PR="$GITHUB_EVENT_NUMBER"[0m
2025-07-25T18:41:20.2753506Z [36;1mfi[0m
2025-07-25T18:41:20.2753657Z [36;1m[0m
2025-07-25T18:41:20.2753849Z [36;1mecho "CC_SHA=$CC_SHA" >> "$GITHUB_ENV"[0m
2025-07-25T18:41:20.2754318Z [36;1mecho "CC_PR=$CC_PR" >> "$GITHUB_ENV"[0m
2025-07-25T18:41:20.2779736Z shell: /usr/bin/bash --noprofile --norc -e -o pipefail {0}
2025-07-25T18:41:20.2780045Z env:
2025-07-25T18:41:20.2780287Z   pythonLocation: /opt/hostedtoolcache/Python/3.10.18/x64
2025-07-25T18:41:20.2780695Z   PKG_CONFIG_PATH: /opt/hostedtoolcache/Python/3.10.18/x64/lib/pkgconfig
2025-07-25T18:41:20.2781089Z   Python_ROOT_DIR: /opt/hostedtoolcache/Python/3.10.18/x64
2025-07-25T18:41:20.2781440Z   Python2_ROOT_DIR: /opt/hostedtoolcache/Python/3.10.18/x64
2025-07-25T18:41:20.2781782Z   Python3_ROOT_DIR: /opt/hostedtoolcache/Python/3.10.18/x64
2025-07-25T18:41:20.2782125Z   LD_LIBRARY_PATH: /opt/hostedtoolcache/Python/3.10.18/x64/lib
2025-07-25T18:41:20.2782412Z   CC_FORK: false
2025-07-25T18:41:20.2782825Z   CC_TOKEN: ***
2025-07-25T18:41:20.2782996Z   CC_BRANCH: 
2025-07-25T18:41:20.2783156Z   CC_PR: 
2025-07-25T18:41:20.2783300Z   CC_SHA: 
2025-07-25T18:41:20.2783465Z   GITHUB_EVENT_NAME: push
2025-07-25T18:41:20.2783666Z   GITHUB_EVENT_NUMBER: 
2025-07-25T18:41:20.2783870Z   GITHUB_EVENT_PULL_REQUEST_HEAD_SHA: 
2025-07-25T18:41:20.2784319Z ##[endgroup]
2025-07-25T18:41:20.2857135Z ##[group]Run ${GITHUB_ACTION_PATH}/dist/codecov.sh
2025-07-25T18:41:20.2857468Z [36;1m${GITHUB_ACTION_PATH}/dist/codecov.sh[0m
2025-07-25T18:41:20.2882992Z shell: /usr/bin/bash --noprofile --norc -e -o pipefail {0}
2025-07-25T18:41:20.2883299Z env:
2025-07-25T18:41:20.2883532Z   pythonLocation: /opt/hostedtoolcache/Python/3.10.18/x64
2025-07-25T18:41:20.2883932Z   PKG_CONFIG_PATH: /opt/hostedtoolcache/Python/3.10.18/x64/lib/pkgconfig
2025-07-25T18:41:20.2884526Z   Python_ROOT_DIR: /opt/hostedtoolcache/Python/3.10.18/x64
2025-07-25T18:41:20.2884894Z   Python2_ROOT_DIR: /opt/hostedtoolcache/Python/3.10.18/x64
2025-07-25T18:41:20.2885258Z   Python3_ROOT_DIR: /opt/hostedtoolcache/Python/3.10.18/x64
2025-07-25T18:41:20.2885619Z   LD_LIBRARY_PATH: /opt/hostedtoolcache/Python/3.10.18/x64/lib
2025-07-25T18:41:20.2885902Z   CC_FORK: false
2025-07-25T18:41:20.2886174Z   CC_TOKEN: ***
2025-07-25T18:41:20.2886349Z   CC_BRANCH: 
2025-07-25T18:41:20.2886508Z   CC_SHA: 
2025-07-25T18:41:20.2886665Z   CC_PR: 
2025-07-25T18:41:20.2886813Z   CC_BASE_SHA: 
2025-07-25T18:41:20.2886979Z   CC_BINARY: 
2025-07-25T18:41:20.2887136Z   CC_BUILD: 
2025-07-25T18:41:20.2887290Z   CC_BUILD_URL: 
2025-07-25T18:41:20.2887460Z   CC_CODE: 
2025-07-25T18:41:20.2887612Z   CC_DIR: 
2025-07-25T18:41:20.2887785Z   CC_DISABLE_FILE_FIXES: false
2025-07-25T18:41:20.2888001Z   CC_DISABLE_SEARCH: false
2025-07-25T18:41:20.2888200Z   CC_DISABLE_TELEM: false
2025-07-25T18:41:20.2888394Z   CC_DRY_RUN: false
2025-07-25T18:41:20.2888567Z   CC_ENTERPRISE_URL: 
2025-07-25T18:41:20.2888903Z   CC_ENV: 
2025-07-25T18:41:20.2889056Z   CC_EXCLUDES: 
2025-07-25T18:41:20.2889240Z   CC_FAIL_ON_ERROR: false
2025-07-25T18:41:20.2889431Z   CC_FILES: 
2025-07-25T18:41:20.2889584Z   CC_FLAGS: 
2025-07-25T18:41:20.2889737Z   CC_FORCE: 
2025-07-25T18:41:20.2889891Z   CC_GCOV_ARGS: 
2025-07-25T18:41:20.2890065Z   CC_GCOV_EXECUTABLE: gcov
2025-07-25T18:41:20.2890259Z   CC_GCOV_IGNORE: 
2025-07-25T18:41:20.2890427Z   CC_GCOV_INCLUDE: 
2025-07-25T18:41:20.2890606Z   CC_GIT_SERVICE: github
2025-07-25T18:41:20.2890817Z   CC_HANDLE_NO_REPORTS_FOUND: false
2025-07-25T18:41:20.2891043Z   CC_JOB_CODE: 
2025-07-25T18:41:20.2891212Z   CC_LEGACY: false
2025-07-25T18:41:20.2891375Z   CC_NAME: 3.10
2025-07-25T18:41:20.2891545Z   CC_NETWORK_FILTER: 
2025-07-25T18:41:20.2891730Z   CC_NETWORK_PREFIX: 
2025-07-25T18:41:20.2891910Z   CC_NETWORK_ROOT_FOLDER: 
2025-07-25T18:41:20.2892133Z   CC_OS: 
2025-07-25T18:41:20.2892282Z   CC_PARENT_SHA: 
2025-07-25T18:41:20.2892486Z   CC_PLUGINS: 
2025-07-25T18:41:20.2892669Z   CC_RECURSE_SUBMODULES: false
2025-07-25T18:41:20.2892884Z   CC_REPORT_TYPE: 
2025-07-25T18:41:20.2893070Z   CC_RUN_CMD: upload-coverage
2025-07-25T18:41:20.2893286Z   CC_SERVICE: github
2025-07-25T18:41:20.2893475Z   CC_SKIP_VALIDATION: false
2025-07-25T18:41:20.2893665Z   CC_SLUG: 
2025-07-25T18:41:20.2893829Z   CC_SWIFT_PROJECT: 
2025-07-25T18:41:20.2894004Z   CC_USE_PYPI: false
2025-07-25T18:41:20.2894380Z   CC_VERBOSE: false
2025-07-25T18:41:20.2894568Z   CC_VERSION: latest
2025-07-25T18:41:20.2894742Z   CC_YML_PATH: 
2025-07-25T18:41:20.2894915Z ##[endgroup]
2025-07-25T18:41:20.2962555Z      _____          _
2025-07-25T18:41:20.2962914Z     / ____|        | |
2025-07-25T18:41:20.2963240Z    | |     ___   __| | ___  ___ _____   __
2025-07-25T18:41:20.2963634Z    | |    / _ \ / _` |/ _ \/ __/ _ \ \ / /
2025-07-25T18:41:20.2964034Z    | |___| (_) | (_| |  __/ (_| (_) \ V /
2025-07-25T18:41:20.2964596Z     \_____\___/ \__,_|\___|\___\___/ \_/
2025-07-25T18:41:20.2965221Z                            [0;31m Wrapper-0.2.1[0m
2025-07-25T18:41:20.2965635Z                                   
2025-07-25T18:41:20.3017520Z [0;32m==>[0m Detected [0;36mlinux[0m
2025-07-25T18:41:20.3018345Z [0;32m ->[0m Downloading [0;36mhttps://cli.codecov.io/latest/linux/codecov[0m
2025-07-25T18:41:20.3071168Z   % Total    % Received % Xferd  Average Speed   Time    Time     Time  Current
2025-07-25T18:41:20.3071771Z                                  Dload  Upload   Total   Spent    Left  Speed
2025-07-25T18:41:20.3072115Z 
2025-07-25T18:41:20.3786485Z   0     0    0     0    0     0      0      0 --:--:-- --:--:-- --:--:--     0
2025-07-25T18:41:20.3787202Z 100 10.6M  100 10.6M    0     0   148M      0 --:--:-- --:--:-- --:--:--  150M
2025-07-25T18:41:20.3809859Z [0;32m==>[0m Finishing downloading [0;36mlinux:latest[0m
2025-07-25T18:41:20.4320328Z       Version: [0;36mv11.0.3[0m
2025-07-25T18:41:20.4320724Z  
2025-07-25T18:41:20.6132390Z gpg: directory '/home/runner/.gnupg' created
2025-07-25T18:41:20.6196915Z gpg: keybox '/home/runner/.gnupg/pubring.kbx' created
2025-07-25T18:41:20.6339463Z gpg: /home/runner/.gnupg/trustdb.gpg: trustdb created
2025-07-25T18:41:20.6340588Z gpg: key 806BB28AED779869: public key "Codecov Uploader (Codecov Uploader Verification Key) <security@codecov.io>" imported
2025-07-25T18:41:20.6689268Z gpg: Total number processed: 1
2025-07-25T18:41:20.6689694Z gpg:               imported: 1
2025-07-25T18:41:20.6696101Z [0;32m==>[0m Verifying GPG signature integrity
2025-07-25T18:41:20.6697180Z [0;32m ->[0m Downloading [0;36mhttps://cli.codecov.io/latest/linux/codecov.SHA256SUM[0m
2025-07-25T18:41:20.6698244Z [0;32m ->[0m Downloading [0;36mhttps://cli.codecov.io/latest/linux/codecov.SHA256SUM.sig[0m
2025-07-25T18:41:20.6698869Z  
2025-07-25T18:41:20.7668350Z gpg: Signature made Thu May 29 21:23:31 2025 UTC
2025-07-25T18:41:20.7669000Z gpg:                using RSA key 27034E7FDB850E0BBC2C62FF806BB28AED779869
2025-07-25T18:41:20.7671347Z gpg: Good signature from "Codecov Uploader (Codecov Uploader Verification Key) <security@codecov.io>" [unknown]
2025-07-25T18:41:20.7672848Z gpg: WARNING: This key is not certified with a trusted signature!
2025-07-25T18:41:20.7673677Z gpg:          There is no indication that the signature belongs to the owner.
2025-07-25T18:41:20.7674765Z Primary key fingerprint: 2703 4E7F DB85 0E0B BC2C  62FF 806B B28A ED77 9869
2025-07-25T18:41:20.8422484Z codecov: OK
2025-07-25T18:41:20.8432278Z [0;32m==>[0m CLI integrity verified
2025-07-25T18:41:20.8432612Z 
2025-07-25T18:41:20.8516971Z [0;32m ->[0m Token of length 36 detected
2025-07-25T18:41:20.9048727Z [0;32m==>[0m Running upload-coverage
2025-07-25T18:41:20.9058070Z       [0;36m./codecov  upload-coverage -t <redacted> --git-service github --gcov-executable gcov --name 3.10[0m
2025-07-25T18:41:21.2531062Z info - 2025-07-25 18:41:21,252 -- ci service found: github-actions
2025-07-25T18:41:21.2932786Z warning - 2025-07-25 18:41:21,293 -- xcrun is not installed or can't be found.
2025-07-25T18:41:21.3620419Z warning - 2025-07-25 18:41:21,361 -- No gcov data found.
2025-07-25T18:41:21.3624586Z warning - 2025-07-25 18:41:21,362 -- coverage.py is not installed or can't be found.
2025-07-25T18:41:21.3787950Z info - 2025-07-25 18:41:21,378 -- Found 1 coverage files to report
2025-07-25T18:41:21.3789098Z info - 2025-07-25 18:41:21,378 -- > /home/runner/work/tinuous/tinuous/coverage.xml
2025-07-25T18:41:21.9314957Z info - 2025-07-25 18:41:21,931 -- Your upload is now processing. When finished, results will be available at: https://app.codecov.io/github/con/tinuous/commit/5635a3eddf0b7c0528dcd621f6f0d2cb8bfcf790
2025-07-25T18:41:22.0512934Z info - 2025-07-25 18:41:22,051 -- Process Upload complete
2025-07-25T18:41:22.2106633Z Post job cleanup.
2025-07-25T18:41:22.3707137Z Post job cleanup.
2025-07-25T18:41:22.4650684Z [command]/usr/bin/git version
2025-07-25T18:41:22.4687041Z git version 2.50.1
2025-07-25T18:41:22.4722861Z Copying '/home/runner/.gitconfig' to '/home/runner/work/_temp/f4812211-ef7d-4771-8ad9-7401be255a18/.gitconfig'
2025-07-25T18:41:22.4739953Z Temporarily overriding HOME='/home/runner/work/_temp/f4812211-ef7d-4771-8ad9-7401be255a18' before making global git config changes
2025-07-25T18:41:22.4741023Z Adding repository directory to the temporary git global config as a safe directory
2025-07-25T18:41:22.4745093Z [command]/usr/bin/git config --global --add safe.directory /home/runner/work/tinuous/tinuous
2025-07-25T18:41:22.4778653Z [command]/usr/bin/git config --local --name-only --get-regexp core\.sshCommand
2025-07-25T18:41:22.4809897Z [command]/usr/bin/git submodule foreach --recursive sh -c "git config --local --name-only --get-regexp 'core\.sshCommand' && git config --local --unset-all 'core.sshCommand' || :"
2025-07-25T18:41:22.5033903Z [command]/usr/bin/git config --local --name-only --get-regexp http\.https\:\/\/github\.com\/\.extraheader
2025-07-25T18:41:22.5054265Z http.https://github.com/.extraheader
2025-07-25T18:41:22.5067800Z [command]/usr/bin/git config --local --unset-all http.https://github.com/.extraheader
2025-07-25T18:41:22.5100752Z [command]/usr/bin/git submodule foreach --recursive sh -c "git config --local --name-only --get-regexp 'http\.https\:\/\/github\.com\/\.extraheader' && git config --local --unset-all 'http.https://github.com/.extraheader' || :"
2025-07-25T18:41:22.5472723Z Cleaning up orphan processes
