2021-02-03T17:23:14.0718044Z ##[section]Starting: Request a runner to run this job
2021-02-03T17:23:14.5270546Z Can't find any online and idle self-hosted runner in current repository that matches the required labels: 'ubuntu-latest'
2021-02-03T17:23:14.5270638Z Can't find any online and idle self-hosted runner in current repository's account/organization that matches the required labels: 'ubuntu-latest'
2021-02-03T17:23:14.5270958Z Found online and idle hosted runner in current repository's account/organization that matches the required labels: 'ubuntu-latest'
2021-02-03T17:23:14.6754664Z ##[section]Finishing: Request a runner to run this job
2021-02-03T17:23:23.3345352Z Current runner version: '2.276.1'
2021-02-03T17:23:23.3368901Z ##[group]Operating System
2021-02-03T17:23:23.3369801Z Ubuntu
2021-02-03T17:23:23.3370213Z 20.04.2
2021-02-03T17:23:23.3370636Z LTS
2021-02-03T17:23:23.3371051Z ##[endgroup]
2021-02-03T17:23:23.3371595Z ##[group]Virtual Environment
2021-02-03T17:23:23.3372176Z Environment: ubuntu-20.04
2021-02-03T17:23:23.3372681Z Version: 20210131.1
2021-02-03T17:23:23.3373641Z Included Software: https://github.com/actions/virtual-environments/blob/ubuntu20/20210131.1/images/linux/Ubuntu2004-README.md
2021-02-03T17:23:23.3374531Z ##[endgroup]
2021-02-03T17:23:23.3377386Z Prepare workflow directory
2021-02-03T17:23:23.3945726Z Prepare all required actions
2021-02-03T17:23:23.3955682Z Getting action download info
2021-02-03T17:23:23.6091886Z Download action repository 'actions/checkout@v2'
2021-02-03T17:23:25.5819466Z Download action repository 'actions/setup-python@v2'
2021-02-03T17:23:25.8355347Z ##[group]Run actions/checkout@v2
2021-02-03T17:23:25.8355929Z with:
2021-02-03T17:23:25.8356491Z   repository: con/tinuous
2021-02-03T17:23:25.8357262Z   token: ***
2021-02-03T17:23:25.8357669Z   ssh-strict: true
2021-02-03T17:23:25.8358168Z   persist-credentials: true
2021-02-03T17:23:25.8358657Z   clean: true
2021-02-03T17:23:25.8359060Z   fetch-depth: 1
2021-02-03T17:23:25.8359470Z   lfs: false
2021-02-03T17:23:25.8359866Z   submodules: false
2021-02-03T17:23:25.8360280Z ##[endgroup]
2021-02-03T17:23:26.2424400Z Syncing repository: con/tinuous
2021-02-03T17:23:26.2438820Z ##[group]Getting Git version info
2021-02-03T17:23:26.2440066Z Working directory is '/home/runner/work/tinuous/tinuous'
2021-02-03T17:23:26.2484034Z [command]/usr/bin/git version
2021-02-03T17:23:26.2607630Z git version 2.30.0
2021-02-03T17:23:26.2628511Z ##[endgroup]
2021-02-03T17:23:26.2635718Z Deleting the contents of '/home/runner/work/tinuous/tinuous'
2021-02-03T17:23:26.2640272Z ##[group]Initializing the repository
2021-02-03T17:23:26.2644016Z [command]/usr/bin/git init /home/runner/work/tinuous/tinuous
2021-02-03T17:23:26.2700480Z hint: Using 'master' as the name for the initial branch. This default branch name
2021-02-03T17:23:26.2701492Z hint: is subject to change. To configure the initial branch name to use in all
2021-02-03T17:23:26.2702374Z hint: of your new repositories, which will suppress this warning, call:
2021-02-03T17:23:26.2703030Z hint: 
2021-02-03T17:23:26.2703810Z hint: 	git config --global init.defaultBranch <name>
2021-02-03T17:23:26.2704441Z hint: 
2021-02-03T17:23:26.2705217Z hint: Names commonly chosen instead of 'master' are 'main', 'trunk' and
2021-02-03T17:23:26.2706269Z hint: 'development'. The just-created branch can be renamed via this command:
2021-02-03T17:23:26.2706945Z hint: 
2021-02-03T17:23:26.2707555Z hint: 	git branch -m <name>
2021-02-03T17:23:26.2712732Z Initialized empty Git repository in /home/runner/work/tinuous/tinuous/.git/
2021-02-03T17:23:26.2722208Z [command]/usr/bin/git remote add origin https://github.com/con/tinuous
2021-02-03T17:23:26.2759546Z ##[endgroup]
2021-02-03T17:23:26.2760348Z ##[group]Disabling automatic garbage collection
2021-02-03T17:23:26.2763530Z [command]/usr/bin/git config --local gc.auto 0
2021-02-03T17:23:26.2799725Z ##[endgroup]
2021-02-03T17:23:26.2804456Z ##[group]Setting up auth
2021-02-03T17:23:26.2809760Z [command]/usr/bin/git config --local --name-only --get-regexp core\.sshCommand
2021-02-03T17:23:26.2838886Z [command]/usr/bin/git submodule foreach --recursive git config --local --name-only --get-regexp 'core\.sshCommand' && git config --local --unset-all 'core.sshCommand' || :
2021-02-03T17:23:26.3162107Z [command]/usr/bin/git config --local --name-only --get-regexp http\.https\:\/\/github\.com\/\.extraheader
2021-02-03T17:23:26.3213347Z [command]/usr/bin/git submodule foreach --recursive git config --local --name-only --get-regexp 'http\.https\:\/\/github\.com\/\.extraheader' && git config --local --unset-all 'http.https://github.com/.extraheader' || :
2021-02-03T17:23:26.3417423Z [command]/usr/bin/git config --local http.https://github.com/.extraheader AUTHORIZATION: basic ***
2021-02-03T17:23:26.3457408Z ##[endgroup]
2021-02-03T17:23:26.3458136Z ##[group]Fetching the repository
2021-02-03T17:23:26.3465501Z [command]/usr/bin/git -c protocol.version=2 fetch --no-tags --prune --progress --no-recurse-submodules --depth=1 origin +7d283aa650662a2362d8ed2fa5ebe9ac5be98337:refs/remotes/origin/gh-11
2021-02-03T17:23:27.3630512Z remote: Enumerating objects: 11, done.        
2021-02-03T17:23:27.3632974Z remote: Counting objects:   9% (1/11)        
2021-02-03T17:23:27.3635044Z remote: Counting objects:  18% (2/11)        
2021-02-03T17:23:27.3637111Z remote: Counting objects:  27% (3/11)        
2021-02-03T17:23:27.3639071Z remote: Counting objects:  36% (4/11)        
2021-02-03T17:23:27.3640825Z remote: Counting objects:  45% (5/11)        
2021-02-03T17:23:27.3642955Z remote: Counting objects:  54% (6/11)        
2021-02-03T17:23:27.3644907Z remote: Counting objects:  63% (7/11)        
2021-02-03T17:23:27.3646791Z remote: Counting objects:  72% (8/11)        
2021-02-03T17:23:27.3648518Z remote: Counting objects:  81% (9/11)        
2021-02-03T17:23:27.3650203Z remote: Counting objects:  90% (10/11)        
2021-02-03T17:23:27.3651536Z remote: Counting objects: 100% (11/11)        
2021-02-03T17:23:27.3653198Z remote: Counting objects: 100% (11/11), done.        
2021-02-03T17:23:27.3654647Z remote: Compressing objects:  11% (1/9)        
2021-02-03T17:23:27.3656141Z remote: Compressing objects:  22% (2/9)        
2021-02-03T17:23:27.3657237Z remote: Compressing objects:  33% (3/9)        
2021-02-03T17:23:27.3658297Z remote: Compressing objects:  44% (4/9)        
2021-02-03T17:23:27.3659224Z remote: Compressing objects:  55% (5/9)        
2021-02-03T17:23:27.3660445Z remote: Compressing objects:  66% (6/9)        
2021-02-03T17:23:27.3661429Z remote: Compressing objects:  77% (7/9)        
2021-02-03T17:23:27.3662575Z remote: Compressing objects:  88% (8/9)        
2021-02-03T17:23:27.3663709Z remote: Compressing objects: 100% (9/9)        
2021-02-03T17:23:27.3664958Z remote: Compressing objects: 100% (9/9), done.        
2021-02-03T17:23:27.3938094Z remote: Total 11 (delta 0), reused 8 (delta 0), pack-reused 0        
2021-02-03T17:23:27.4714679Z From https://github.com/con/tinuous
2021-02-03T17:23:27.4716252Z  * [new ref]         7d283aa650662a2362d8ed2fa5ebe9ac5be98337 -> origin/gh-11
2021-02-03T17:23:27.4766446Z ##[endgroup]
2021-02-03T17:23:27.4767227Z ##[group]Determining the checkout info
2021-02-03T17:23:27.4767898Z ##[endgroup]
2021-02-03T17:23:27.4768492Z ##[group]Checking out the ref
2021-02-03T17:23:27.4769764Z [command]/usr/bin/git checkout --progress --force -B gh-11 refs/remotes/origin/gh-11
2021-02-03T17:23:27.4863394Z Switched to a new branch 'gh-11'
2021-02-03T17:23:27.4864751Z Branch 'gh-11' set up to track remote branch 'gh-11' from 'origin'.
2021-02-03T17:23:27.4942186Z ##[endgroup]
2021-02-03T17:23:27.4944980Z [command]/usr/bin/git log -1 --format='%H'
2021-02-03T17:23:27.4945720Z '7d283aa650662a2362d8ed2fa5ebe9ac5be98337'
2021-02-03T17:23:27.5167083Z ##[group]Run actions/setup-python@v2
2021-02-03T17:23:27.5167521Z with:
2021-02-03T17:23:27.5167873Z   python-version: 3.8
2021-02-03T17:23:27.5168572Z   token: ***
2021-02-03T17:23:27.5168892Z ##[endgroup]
2021-02-03T17:23:27.5663635Z Successfully setup CPython (3.8.7)
2021-02-03T17:23:27.5774273Z ##[group]Run python -m pip install --upgrade pip wheel
2021-02-03T17:23:27.5774913Z [36;1mpython -m pip install --upgrade pip wheel[0m
2021-02-03T17:23:27.5775495Z [36;1mpython -m pip install -r requirements.txt[0m
2021-02-03T17:23:27.5817812Z shell: /usr/bin/bash -e {0}
2021-02-03T17:23:27.5818162Z env:
2021-02-03T17:23:27.5818649Z   pythonLocation: /opt/hostedtoolcache/Python/3.8.7/x64
2021-02-03T17:23:27.5819330Z   LD_LIBRARY_PATH: /opt/hostedtoolcache/Python/3.8.7/x64/lib
2021-02-03T17:23:27.5819818Z ##[endgroup]
2021-02-03T17:23:28.0638396Z Requirement already satisfied: pip in /opt/hostedtoolcache/Python/3.8.7/x64/lib/python3.8/site-packages (21.0.1)
2021-02-03T17:23:28.3781290Z Collecting wheel
2021-02-03T17:23:28.4286148Z   Downloading wheel-0.36.2-py2.py3-none-any.whl (35 kB)
2021-02-03T17:23:28.4628270Z Installing collected packages: wheel
2021-02-03T17:23:28.4923693Z Successfully installed wheel-0.36.2
2021-02-03T17:23:29.0871136Z Collecting cfgv~=3.0
2021-02-03T17:23:29.1350204Z   Downloading cfgv-3.2.0-py2.py3-none-any.whl (7.3 kB)
2021-02-03T17:23:29.1774329Z Collecting click~=7.0
2021-02-03T17:23:29.1876179Z   Downloading click-7.1.2-py2.py3-none-any.whl (82 kB)
2021-02-03T17:23:29.2145204Z Collecting click-loglevel~=0.2
2021-02-03T17:23:29.2241326Z   Downloading click_loglevel-0.2.0-py3-none-any.whl (4.2 kB)
2021-02-03T17:23:29.2656142Z Collecting PyGithub~=1.53
2021-02-03T17:23:29.2750857Z   Downloading PyGithub-1.54.1-py3-none-any.whl (289 kB)
2021-02-03T17:23:29.3440093Z Collecting python-dateutil~=2.7
2021-02-03T17:23:29.3533650Z   Downloading python_dateutil-2.8.1-py2.py3-none-any.whl (227 kB)
2021-02-03T17:23:29.4482162Z Collecting PyYAML~=5.0
2021-02-03T17:23:29.4597243Z   Downloading PyYAML-5.4.1-cp38-cp38-manylinux1_x86_64.whl (662 kB)
2021-02-03T17:23:29.5923644Z Collecting requests~=2.20
2021-02-03T17:23:29.6019253Z   Downloading requests-2.25.1-py2.py3-none-any.whl (61 kB)
2021-02-03T17:23:29.6755167Z Collecting deprecated
2021-02-03T17:23:29.6852245Z   Downloading Deprecated-1.2.11-py2.py3-none-any.whl (9.1 kB)
2021-02-03T17:23:29.7578019Z Collecting pyjwt<2.0
2021-02-03T17:23:29.7723175Z   Downloading PyJWT-1.7.1-py2.py3-none-any.whl (18 kB)
2021-02-03T17:23:29.8484859Z Collecting six>=1.5
2021-02-03T17:23:29.8575992Z   Downloading six-1.15.0-py2.py3-none-any.whl (10 kB)
2021-02-03T17:23:29.9562222Z Collecting urllib3<1.27,>=1.21.1
2021-02-03T17:23:29.9656092Z   Downloading urllib3-1.26.3-py2.py3-none-any.whl (137 kB)
2021-02-03T17:23:30.0335298Z Collecting certifi>=2017.4.17
2021-02-03T17:23:30.0430537Z   Downloading certifi-2020.12.5-py2.py3-none-any.whl (147 kB)
2021-02-03T17:23:30.0747930Z Collecting chardet<5,>=3.0.2
2021-02-03T17:23:30.0839824Z   Downloading chardet-4.0.0-py2.py3-none-any.whl (178 kB)
2021-02-03T17:23:30.1257274Z Collecting idna<3,>=2.5
2021-02-03T17:23:30.1348746Z   Downloading idna-2.10-py2.py3-none-any.whl (58 kB)
2021-02-03T17:23:30.2145718Z Collecting wrapt<2,>=1.10
2021-02-03T17:23:30.2237799Z   Downloading wrapt-1.12.1.tar.gz (27 kB)
2021-02-03T17:23:30.6211130Z Building wheels for collected packages: wrapt
2021-02-03T17:23:30.6228768Z   Building wheel for wrapt (setup.py): started
2021-02-03T17:23:31.8865791Z   Building wheel for wrapt (setup.py): finished with status 'done'
2021-02-03T17:23:31.8896963Z   Created wheel for wrapt: filename=wrapt-1.12.1-cp38-cp38-linux_x86_64.whl size=81797 sha256=c1732aa6f9e5e1e21d458f1ebed08f79d2c2a9e9e05bbc00a1cce0e7a1938294
2021-02-03T17:23:31.8899054Z   Stored in directory: /home/runner/.cache/pip/wheels/5f/fd/9e/b6cf5890494cb8ef0b5eaff72e5d55a70fb56316007d6dfe73
2021-02-03T17:23:31.8900097Z Successfully built wrapt
2021-02-03T17:23:31.9678833Z Installing collected packages: wrapt, urllib3, idna, chardet, certifi, six, requests, pyjwt, deprecated, click, PyYAML, python-dateutil, PyGithub, click-loglevel, cfgv
2021-02-03T17:23:32.7207510Z Successfully installed PyGithub-1.54.1 PyYAML-5.4.1 certifi-2020.12.5 cfgv-3.2.0 chardet-4.0.0 click-7.1.2 click-loglevel-0.2.0 deprecated-1.2.11 idna-2.10 pyjwt-1.7.1 python-dateutil-2.8.1 requests-2.25.1 six-1.15.0 urllib3-1.26.3 wrapt-1.12.1
2021-02-03T17:23:32.7834513Z ##[group]Run python tinuous --help
2021-02-03T17:23:32.7835045Z [36;1mpython tinuous --help[0m
2021-02-03T17:23:32.7874388Z shell: /usr/bin/bash -e {0}
2021-02-03T17:23:32.7874748Z env:
2021-02-03T17:23:32.7875240Z   pythonLocation: /opt/hostedtoolcache/Python/3.8.7/x64
2021-02-03T17:23:32.7876011Z   LD_LIBRARY_PATH: /opt/hostedtoolcache/Python/3.8.7/x64/lib
2021-02-03T17:23:32.7876528Z ##[endgroup]
2021-02-03T17:23:32.9758381Z Usage: tinuous [OPTIONS]
2021-02-03T17:23:32.9759034Z 
2021-02-03T17:23:32.9759533Z Options:
2021-02-03T17:23:32.9760835Z   -c, --config FILE               Read configuration from the given file
2021-02-03T17:23:32.9762032Z                                   [default: config.yml]
2021-02-03T17:23:32.9762476Z 
2021-02-03T17:23:32.9763360Z   -l, --log-level [NOTSET|DEBUG|INFO|WARNING|ERROR|CRITICAL]
2021-02-03T17:23:32.9764180Z                                   Set logging level  [default: INFO]
2021-02-03T17:23:32.9765217Z   -S, --state FILE                Store program state in the given file
2021-02-03T17:23:32.9766022Z                                   [default: .dlstate.json]
2021-02-03T17:23:32.9766500Z 
2021-02-03T17:23:32.9767258Z   --help                          Show this message and exit.
2021-02-03T17:23:32.9993858Z Post job cleanup.
2021-02-03T17:23:33.0820957Z [command]/usr/bin/git version
2021-02-03T17:23:33.0901684Z git version 2.30.0
2021-02-03T17:23:33.0931744Z [command]/usr/bin/git config --local --name-only --get-regexp core\.sshCommand
2021-02-03T17:23:33.0964722Z [command]/usr/bin/git submodule foreach --recursive git config --local --name-only --get-regexp 'core\.sshCommand' && git config --local --unset-all 'core.sshCommand' || :
2021-02-03T17:23:33.1209668Z [command]/usr/bin/git config --local --name-only --get-regexp http\.https\:\/\/github\.com\/\.extraheader
2021-02-03T17:23:33.1234018Z http.https://github.com/.extraheader
2021-02-03T17:23:33.1242021Z [command]/usr/bin/git config --local --unset-all http.https://github.com/.extraheader
2021-02-03T17:23:33.1282199Z [command]/usr/bin/git submodule foreach --recursive git config --local --name-only --get-regexp 'http\.https\:\/\/github\.com\/\.extraheader' && git config --local --unset-all 'http.https://github.com/.extraheader' || :
2021-02-03T17:23:33.1540069Z Cleaning up orphan processes
