2021-06-07T14:39:49.0381361Z ##[section]Starting: Request a runner to run this job
2021-06-07T14:39:49.2631883Z Can't find any online and idle self-hosted runner in current repository that matches the required labels: 'ubuntu-latest'
2021-06-07T14:39:49.2631982Z Can't find any online and idle self-hosted runner in current repository's account/organization that matches the required labels: 'ubuntu-latest'
2021-06-07T14:39:49.2632338Z Found online and idle hosted runner in current repository's account/organization that matches the required labels: 'ubuntu-latest'
2021-06-07T14:39:49.4333381Z ##[section]Finishing: Request a runner to run this job
2021-06-07T14:40:00.7135480Z Current runner version: '2.278.0'
2021-06-07T14:40:00.7164308Z ##[group]Operating System
2021-06-07T14:40:00.7165297Z Ubuntu
2021-06-07T14:40:00.7165865Z 20.04.2
2021-06-07T14:40:00.7166330Z LTS
2021-06-07T14:40:00.7166896Z ##[endgroup]
2021-06-07T14:40:00.7167513Z ##[group]Virtual Environment
2021-06-07T14:40:00.7168263Z Environment: ubuntu-20.04
2021-06-07T14:40:00.7168882Z Version: 20210531.0
2021-06-07T14:40:00.7170054Z Included Software: https://github.com/actions/virtual-environments/blob/ubuntu20/20210531.0/images/linux/Ubuntu2004-README.md
2021-06-07T14:40:00.7171610Z Image Release: https://github.com/actions/virtual-environments/releases/tag/ubuntu20%2F20210531.0
2021-06-07T14:40:00.7172575Z ##[endgroup]
2021-06-07T14:40:00.7174816Z ##[group]GITHUB_TOKEN Permissions
2021-06-07T14:40:00.7176153Z Actions: write
2021-06-07T14:40:00.7176704Z Checks: write
2021-06-07T14:40:00.7177320Z Contents: write
2021-06-07T14:40:00.7178115Z Deployments: write
2021-06-07T14:40:00.7178889Z Discussions: write
2021-06-07T14:40:00.7179551Z Issues: write
2021-06-07T14:40:00.7180157Z Metadata: read
2021-06-07T14:40:00.7180712Z Packages: write
2021-06-07T14:40:00.7181361Z PullRequests: write
2021-06-07T14:40:00.7182071Z RepositoryProjects: write
2021-06-07T14:40:00.7182829Z SecurityEvents: write
2021-06-07T14:40:00.7183501Z Statuses: write
2021-06-07T14:40:00.7184154Z ##[endgroup]
2021-06-07T14:40:00.7187477Z Prepare workflow directory
2021-06-07T14:40:00.7844598Z Prepare all required actions
2021-06-07T14:40:00.7856416Z Getting action download info
2021-06-07T14:40:01.2326171Z Download action repository 'actions/checkout@v2'
2021-06-07T14:40:03.2865787Z Download action repository 'actions/setup-python@v2'
2021-06-07T14:40:03.5138901Z Download action repository 'codecov/codecov-action@v1'
2021-06-07T14:40:03.9299887Z ##[group]Run actions/checkout@v2
2021-06-07T14:40:03.9300605Z with:
2021-06-07T14:40:03.9301125Z   fetch-depth: 0
2021-06-07T14:40:03.9301701Z   repository: con/tinuous
2021-06-07T14:40:03.9302721Z   token: ***
2021-06-07T14:40:03.9303271Z   ssh-strict: true
2021-06-07T14:40:03.9303904Z   persist-credentials: true
2021-06-07T14:40:03.9304526Z   clean: true
2021-06-07T14:40:03.9305004Z   lfs: false
2021-06-07T14:40:03.9305524Z   submodules: false
2021-06-07T14:40:03.9306056Z ##[endgroup]
2021-06-07T14:40:04.8036355Z Syncing repository: con/tinuous
2021-06-07T14:40:04.8046890Z ##[group]Getting Git version info
2021-06-07T14:40:04.8048505Z Working directory is '/home/runner/work/tinuous/tinuous'
2021-06-07T14:40:04.8049688Z [command]/usr/bin/git version
2021-06-07T14:40:04.8050436Z git version 2.31.1
2021-06-07T14:40:04.8051721Z ##[endgroup]
2021-06-07T14:40:04.8052780Z Deleting the contents of '/home/runner/work/tinuous/tinuous'
2021-06-07T14:40:04.8054672Z ##[group]Initializing the repository
2021-06-07T14:40:04.8055620Z [command]/usr/bin/git init /home/runner/work/tinuous/tinuous
2021-06-07T14:40:04.8056877Z hint: Using 'master' as the name for the initial branch. This default branch name
2021-06-07T14:40:04.8058403Z hint: is subject to change. To configure the initial branch name to use in all
2021-06-07T14:40:04.8059517Z hint: of your new repositories, which will suppress this warning, call:
2021-06-07T14:40:04.8060329Z hint: 
2021-06-07T14:40:04.8061339Z hint: 	git config --global init.defaultBranch <name>
2021-06-07T14:40:04.8062149Z hint: 
2021-06-07T14:40:04.8063135Z hint: Names commonly chosen instead of 'master' are 'main', 'trunk' and
2021-06-07T14:40:04.8064427Z hint: 'development'. The just-created branch can be renamed via this command:
2021-06-07T14:40:04.8065300Z hint: 
2021-06-07T14:40:04.8066109Z hint: 	git branch -m <name>
2021-06-07T14:40:04.8067042Z Initialized empty Git repository in /home/runner/work/tinuous/tinuous/.git/
2021-06-07T14:40:04.8068185Z [command]/usr/bin/git remote add origin https://github.com/con/tinuous
2021-06-07T14:40:04.8069108Z ##[endgroup]
2021-06-07T14:40:04.8069927Z ##[group]Disabling automatic garbage collection
2021-06-07T14:40:04.8071124Z [command]/usr/bin/git config --local gc.auto 0
2021-06-07T14:40:04.8072190Z ##[endgroup]
2021-06-07T14:40:04.8074148Z ##[group]Setting up auth
2021-06-07T14:40:04.8075348Z [command]/usr/bin/git config --local --name-only --get-regexp core\.sshCommand
2021-06-07T14:40:04.8077490Z [command]/usr/bin/git submodule foreach --recursive git config --local --name-only --get-regexp 'core\.sshCommand' && git config --local --unset-all 'core.sshCommand' || :
2021-06-07T14:40:04.8079418Z [command]/usr/bin/git config --local --name-only --get-regexp http\.https\:\/\/github\.com\/\.extraheader
2021-06-07T14:40:04.8112869Z [command]/usr/bin/git submodule foreach --recursive git config --local --name-only --get-regexp 'http\.https\:\/\/github\.com\/\.extraheader' && git config --local --unset-all 'http.https://github.com/.extraheader' || :
2021-06-07T14:40:04.8115240Z [command]/usr/bin/git config --local http.https://github.com/.extraheader AUTHORIZATION: basic ***
2021-06-07T14:40:04.8116578Z ##[endgroup]
2021-06-07T14:40:04.8117368Z ##[group]Fetching the repository
2021-06-07T14:40:04.8119887Z [command]/usr/bin/git -c protocol.version=2 fetch --prune --progress --no-recurse-submodules origin +refs/heads/*:refs/remotes/origin/* +refs/tags/*:refs/tags/* +a3c03a3c95962b4105c32b3ee0fba8c72f7b6e57:refs/remotes/pull/71/merge
2021-06-07T14:40:04.9311645Z remote: Enumerating objects: 436, done.        
2021-06-07T14:40:04.9313237Z remote: Counting objects:   0% (1/436)        
2021-06-07T14:40:04.9315133Z remote: Counting objects:   1% (5/436)        
2021-06-07T14:40:04.9316403Z remote: Counting objects:   2% (9/436)        
2021-06-07T14:40:04.9317668Z remote: Counting objects:   3% (14/436)        
2021-06-07T14:40:04.9318972Z remote: Counting objects:   4% (18/436)        
2021-06-07T14:40:04.9320633Z remote: Counting objects:   5% (22/436)        
2021-06-07T14:40:04.9321921Z remote: Counting objects:   6% (27/436)        
2021-06-07T14:40:04.9323170Z remote: Counting objects:   7% (31/436)        
2021-06-07T14:40:04.9324432Z remote: Counting objects:   8% (35/436)        
2021-06-07T14:40:04.9330490Z remote: Counting objects:   9% (40/436)        
2021-06-07T14:40:04.9340014Z remote: Counting objects:  10% (44/436)        
2021-06-07T14:40:04.9340987Z remote: Counting objects:  11% (48/436)        
2021-06-07T14:40:04.9341832Z remote: Counting objects:  12% (53/436)        
2021-06-07T14:40:04.9342654Z remote: Counting objects:  13% (57/436)        
2021-06-07T14:40:04.9343457Z remote: Counting objects:  14% (62/436)        
2021-06-07T14:40:04.9344264Z remote: Counting objects:  15% (66/436)        
2021-06-07T14:40:04.9345052Z remote: Counting objects:  16% (70/436)        
2021-06-07T14:40:04.9345864Z remote: Counting objects:  17% (75/436)        
2021-06-07T14:40:04.9346668Z remote: Counting objects:  18% (79/436)        
2021-06-07T14:40:04.9347510Z remote: Counting objects:  19% (83/436)        
2021-06-07T14:40:04.9348330Z remote: Counting objects:  20% (88/436)        
2021-06-07T14:40:04.9349121Z remote: Counting objects:  21% (92/436)        
2021-06-07T14:40:04.9349948Z remote: Counting objects:  22% (96/436)        
2021-06-07T14:40:04.9350750Z remote: Counting objects:  23% (101/436)
2021-06-07T14:40:04.9351540Z remote: Counting objects:  24% (105/436)        
2021-06-07T14:40:04.9352356Z remote: Counting objects:  25% (109/436)        
2021-06-07T14:40:04.9353150Z remote: Counting objects:  26% (114/436)        
2021-06-07T14:40:04.9353971Z remote: Counting objects:  27% (118/436)        
2021-06-07T14:40:04.9354775Z remote: Counting objects:  28% (123/436)        
2021-06-07T14:40:04.9355568Z remote: Counting objects:  29% (127/436)        
2021-06-07T14:40:04.9356639Z remote: Counting objects:  30% (131/436)        
2021-06-07T14:40:04.9357473Z remote: Counting objects:  31% (136/436)        
2021-06-07T14:40:04.9358297Z remote: Counting objects:  32% (140/436)        
2021-06-07T14:40:04.9359283Z remote: Counting objects:  33% (144/436)        
2021-06-07T14:40:04.9360118Z remote: Counting objects:  34% (149/436)        
2021-06-07T14:40:04.9361013Z remote: Counting objects:  35% (153/436)        
2021-06-07T14:40:04.9362489Z remote: Counting objects:  36% (157/436)        
2021-06-07T14:40:04.9363268Z remote: Counting objects:  37% (162/436)        
2021-06-07T14:40:04.9363952Z remote: Counting objects:  38% (166/436)        
2021-06-07T14:40:04.9364613Z remote: Counting objects:  39% (171/436)        
2021-06-07T14:40:04.9365284Z remote: Counting objects:  40% (175/436)        
2021-06-07T14:40:04.9365940Z remote: Counting objects:  41% (179/436)        
2021-06-07T14:40:04.9366614Z remote: Counting objects:  42% (184/436)        
2021-06-07T14:40:04.9367269Z remote: Counting objects:  43% (188/436)        
2021-06-07T14:40:04.9367936Z remote: Counting objects:  44% (192/436)        
2021-06-07T14:40:04.9368612Z remote: Counting objects:  45% (197/436)        
2021-06-07T14:40:04.9369288Z remote: Counting objects:  46% (201/436)        
2021-06-07T14:40:04.9369954Z remote: Counting objects:  47% (205/436)        
2021-06-07T14:40:04.9370604Z remote: Counting objects:  48% (210/436)        
2021-06-07T14:40:04.9371282Z remote: Counting objects:  49% (214/436)        
2021-06-07T14:40:04.9371937Z remote: Counting objects:  50% (218/436)        
2021-06-07T14:40:04.9372604Z remote: Counting objects:  51% (223/436)        
2021-06-07T14:40:04.9373255Z remote: Counting objects:  52% (227/436)        
2021-06-07T14:40:04.9373917Z remote: Counting objects:  53% (232/436)        
2021-06-07T14:40:04.9374569Z remote: Counting objects:  54% (236/436)        
2021-06-07T14:40:04.9375233Z remote: Counting objects:  55% (240/436)        
2021-06-07T14:40:04.9375892Z remote: Counting objects:  56% (245/436)        
2021-06-07T14:40:04.9376547Z remote: Counting objects:  57% (249/436)        
2021-06-07T14:40:04.9386447Z remote: Counting objects:  58% (253/436)        
2021-06-07T14:40:04.9387278Z remote: Counting objects:  59% (258/436)        
2021-06-07T14:40:04.9387968Z remote: Counting objects:  60% (262/436)        
2021-06-07T14:40:04.9388625Z remote: Counting objects:  61% (266/436)        
2021-06-07T14:40:04.9389634Z remote: Counting objects:  62% (271/436)        
2021-06-07T14:40:04.9390308Z remote: Counting objects:  63% (275/436)        
2021-06-07T14:40:04.9390963Z remote: Counting objects:  64% (280/436)        
2021-06-07T14:40:04.9391636Z remote: Counting objects:  65% (284/436)        
2021-06-07T14:40:04.9392302Z remote: Counting objects:  66% (288/436)        
2021-06-07T14:40:04.9392955Z remote: Counting objects:  67% (293/436)        
2021-06-07T14:40:04.9393620Z remote: Counting objects:  68% (297/436)        
2021-06-07T14:40:04.9394273Z remote: Counting objects:  69% (301/436)        
2021-06-07T14:40:04.9394939Z remote: Counting objects:  70% (306/436)        
2021-06-07T14:40:04.9395604Z remote: Counting objects:  71% (310/436)        
2021-06-07T14:40:04.9396276Z remote: Counting objects:  72% (314/436)        
2021-06-07T14:40:04.9396925Z remote: Counting objects:  73% (319/436)        
2021-06-07T14:40:04.9397585Z remote: Counting objects:  74% (323/436)        
2021-06-07T14:40:04.9398256Z remote: Counting objects:  75% (327/436)        
2021-06-07T14:40:04.9398911Z remote: Counting objects:  76% (332/436)        
2021-06-07T14:40:04.9399574Z remote: Counting objects:  77% (336/436)        
2021-06-07T14:40:04.9400227Z remote: Counting objects:  78% (341/436)        
2021-06-07T14:40:04.9400890Z remote: Counting objects:  79% (345/436)        
2021-06-07T14:40:04.9401614Z remote: Counting objects:  80% (349/436)        
2021-06-07T14:40:04.9402275Z remote: Counting objects:  81% (354/436)        
2021-06-07T14:40:04.9402928Z remote: Counting objects:  82% (358/436)        
2021-06-07T14:40:04.9403591Z remote: Counting objects:  83% (362/436)        
2021-06-07T14:40:04.9404263Z remote: Counting objects:  84% (367/436)        
2021-06-07T14:40:04.9404918Z remote: Counting objects:  85% (371/436)        
2021-06-07T14:40:04.9405583Z remote: Counting objects:  86% (375/436)        
2021-06-07T14:40:04.9406233Z remote: Counting objects:  87% (380/436)        
2021-06-07T14:40:04.9407050Z remote: Counting objects:  88% (384/436)        
2021-06-07T14:40:04.9407703Z remote: Counting objects:  89% (389/436)        
2021-06-07T14:40:04.9408364Z remote: Counting objects:  90% (393/436)        
2021-06-07T14:40:04.9409020Z remote: Counting objects:  91% (397/436)        
2021-06-07T14:40:04.9409691Z remote: Counting objects:  92% (402/436)        
2021-06-07T14:40:04.9410341Z remote: Counting objects:  93% (406/436)        
2021-06-07T14:40:04.9411009Z remote: Counting objects:  94% (410/436)        
2021-06-07T14:40:04.9411672Z remote: Counting objects:  95% (415/436)        
2021-06-07T14:40:04.9412327Z remote: Counting objects:  96% (419/436)        
2021-06-07T14:40:04.9413008Z remote: Counting objects:  97% (423/436)        
2021-06-07T14:40:04.9413666Z remote: Counting objects:  98% (428/436)        
2021-06-07T14:40:04.9414338Z remote: Counting objects:  99% (432/436)        
2021-06-07T14:40:04.9414990Z remote: Counting objects: 100% (436/436)        
2021-06-07T14:40:04.9415687Z remote: Counting objects: 100% (436/436), done.        
2021-06-07T14:40:04.9416398Z remote: Compressing objects:   0% (1/237)        
2021-06-07T14:40:04.9417119Z remote: Compressing objects:   1% (3/237)        
2021-06-07T14:40:04.9418121Z remote: Compressing objects:   2% (5/237)        
2021-06-07T14:40:04.9418824Z remote: Compressing objects:   3% (8/237)        
2021-06-07T14:40:04.9419546Z remote: Compressing objects:   4% (10/237)        
2021-06-07T14:40:04.9420258Z remote: Compressing objects:   5% (12/237)        
2021-06-07T14:40:04.9420984Z remote: Compressing objects:   6% (15/237)        
2021-06-07T14:40:04.9421696Z remote: Compressing objects:   7% (17/237)        
2021-06-07T14:40:04.9422510Z remote: Compressing objects:   8% (19/237)        
2021-06-07T14:40:04.9423236Z remote: Compressing objects:   9% (22/237)        
2021-06-07T14:40:04.9423968Z remote: Compressing objects:  10% (24/237)        
2021-06-07T14:40:04.9424681Z remote: Compressing objects:  11% (27/237)        
2021-06-07T14:40:04.9425391Z remote: Compressing objects:  12% (29/237)        
2021-06-07T14:40:04.9426153Z remote: Compressing objects:  13% (31/237)        
2021-06-07T14:40:04.9426852Z remote: Compressing objects:  14% (34/237)        
2021-06-07T14:40:04.9427573Z remote: Compressing objects:  15% (36/237)        
2021-06-07T14:40:04.9428287Z remote: Compressing objects:  16% (38/237)        
2021-06-07T14:40:04.9428988Z remote: Compressing objects:  17% (41/237)        
2021-06-07T14:40:04.9429706Z remote: Compressing objects:  18% (43/237)        
2021-06-07T14:40:04.9430406Z remote: Compressing objects:  19% (46/237)        
2021-06-07T14:40:04.9431119Z remote: Compressing objects:  20% (48/237)        
2021-06-07T14:40:04.9431831Z remote: Compressing objects:  21% (50/237)        
2021-06-07T14:40:04.9432551Z remote: Compressing objects:  22% (53/237)        
2021-06-07T14:40:04.9433249Z remote: Compressing objects:  23% (55/237)        
2021-06-07T14:40:04.9433957Z remote: Compressing objects:  24% (57/237)        
2021-06-07T14:40:04.9434681Z remote: Compressing objects:  25% (60/237)        
2021-06-07T14:40:04.9435452Z remote: Compressing objects:  26% (62/237)        
2021-06-07T14:40:04.9436165Z remote: Compressing objects:  27% (64/237)        
2021-06-07T14:40:04.9436861Z remote: Compressing objects:  28% (67/237)        
2021-06-07T14:40:04.9437577Z remote: Compressing objects:  29% (69/237)        
2021-06-07T14:40:04.9438309Z remote: Compressing objects:  30% (72/237)        
2021-06-07T14:40:04.9439023Z remote: Compressing objects:  31% (74/237)        
2021-06-07T14:40:04.9439737Z remote: Compressing objects:  32% (76/237)        
2021-06-07T14:40:04.9440433Z remote: Compressing objects:  33% (79/237)        
2021-06-07T14:40:04.9441153Z remote: Compressing objects:  34% (81/237)        
2021-06-07T14:40:04.9441851Z remote: Compressing objects:  35% (83/237)        
2021-06-07T14:40:04.9442562Z remote: Compressing objects:  36% (86/237)        
2021-06-07T14:40:04.9443260Z remote: Compressing objects:  37% (88/237)        
2021-06-07T14:40:04.9444054Z remote: Compressing objects:  38% (91/237)        
2021-06-07T14:40:04.9444750Z remote: Compressing objects:  39% (93/237)        
2021-06-07T14:40:04.9445463Z remote: Compressing objects:  40% (95/237)        
2021-06-07T14:40:04.9446177Z remote: Compressing objects:  41% (98/237)        
2021-06-07T14:40:04.9446874Z remote: Compressing objects:  42% (100/237)        
2021-06-07T14:40:04.9447588Z remote: Compressing objects:  43% (102/237)        
2021-06-07T14:40:04.9448286Z remote: Compressing objects:  44% (105/237)        
2021-06-07T14:40:04.9449002Z remote: Compressing objects:  45% (107/237)        
2021-06-07T14:40:04.9449707Z remote: Compressing objects:  46% (110/237)        
2021-06-07T14:40:04.9450426Z remote: Compressing objects:  47% (112/237)        
2021-06-07T14:40:04.9451127Z remote: Compressing objects:  48% (114/237)        
2021-06-07T14:40:04.9451843Z remote: Compressing objects:  49% (117/237)        
2021-06-07T14:40:04.9452566Z remote: Compressing objects:  50% (119/237)        
2021-06-07T14:40:04.9453263Z remote: Compressing objects:  51% (121/237)        
2021-06-07T14:40:04.9453973Z remote: Compressing objects:  52% (124/237)        
2021-06-07T14:40:04.9454673Z remote: Compressing objects:  53% (126/237)        
2021-06-07T14:40:04.9455388Z remote: Compressing objects:  54% (128/237)        
2021-06-07T14:40:04.9456090Z remote: Compressing objects:  55% (131/237)        
2021-06-07T14:40:04.9456821Z remote: Compressing objects:  56% (133/237)        
2021-06-07T14:40:04.9457683Z remote: Compressing objects:  57% (136/237)        
2021-06-07T14:40:04.9458406Z remote: Compressing objects:  58% (138/237)        
2021-06-07T14:40:04.9459199Z remote: Compressing objects:  59% (140/237)        
2021-06-07T14:40:04.9459908Z remote: Compressing objects:  60% (143/237)        
2021-06-07T14:40:04.9460618Z remote: Compressing objects:  61% (145/237)        
2021-06-07T14:40:04.9461314Z remote: Compressing objects:  62% (147/237)        
2021-06-07T14:40:04.9462040Z remote: Compressing objects:  63% (150/237)        
2021-06-07T14:40:04.9462744Z remote: Compressing objects:  64% (152/237)        
2021-06-07T14:40:04.9466422Z remote: Compressing objects:  65% (155/237)        
2021-06-07T14:40:04.9467148Z remote: Compressing objects:  66% (157/237)        
2021-06-07T14:40:04.9467847Z remote: Compressing objects:  67% (159/237)        
2021-06-07T14:40:04.9468566Z remote: Compressing objects:  68% (162/237)        
2021-06-07T14:40:04.9469269Z remote: Compressing objects:  69% (164/237)        
2021-06-07T14:40:04.9469982Z remote: Compressing objects:  70% (166/237)        
2021-06-07T14:40:04.9470686Z remote: Compressing objects:  71% (169/237)        
2021-06-07T14:40:04.9472451Z remote: Compressing objects:  72% (171/237)        
2021-06-07T14:40:04.9474039Z remote: Compressing objects:  73% (174/237)        
2021-06-07T14:40:04.9475756Z remote: Compressing objects:  74% (176/237)        
2021-06-07T14:40:04.9476474Z remote: Compressing objects:  75% (178/237)        
2021-06-07T14:40:04.9477218Z remote: Compressing objects:  76% (181/237)        
2021-06-07T14:40:04.9477933Z remote: Compressing objects:  77% (183/237)        
2021-06-07T14:40:04.9478634Z remote: Compressing objects:  78% (185/237)        
2021-06-07T14:40:04.9479347Z remote: Compressing objects:  79% (188/237)        
2021-06-07T14:40:04.9480044Z remote: Compressing objects:  80% (190/237)        
2021-06-07T14:40:04.9480760Z remote: Compressing objects:  81% (192/237)        
2021-06-07T14:40:04.9481476Z remote: Compressing objects:  82% (195/237)        
2021-06-07T14:40:04.9482177Z remote: Compressing objects:  83% (197/237)        
2021-06-07T14:40:04.9482893Z remote: Compressing objects:  84% (200/237)        
2021-06-07T14:40:04.9484471Z remote: Compressing objects:  85% (202/237)        
2021-06-07T14:40:04.9485199Z remote: Compressing objects:  86% (204/237)        
2021-06-07T14:40:04.9485898Z remote: Compressing objects:  87% (207/237)        
2021-06-07T14:40:04.9486750Z remote: Compressing objects:  88% (209/237)        
2021-06-07T14:40:04.9487467Z remote: Compressing objects:  89% (211/237)        
2021-06-07T14:40:04.9488184Z remote: Compressing objects:  90% (214/237)        
2021-06-07T14:40:04.9488948Z remote: Compressing objects:  91% (216/237)        
2021-06-07T14:40:04.9489663Z remote: Compressing objects:  92% (219/237)        
2021-06-07T14:40:04.9490365Z remote: Compressing objects:  93% (221/237)        
2021-06-07T14:40:04.9491078Z remote: Compressing objects:  94% (223/237)        
2021-06-07T14:40:04.9491786Z remote: Compressing objects:  95% (226/237)        
2021-06-07T14:40:04.9492507Z remote: Compressing objects:  96% (228/237)        
2021-06-07T14:40:04.9493225Z remote: Compressing objects:  97% (230/237)        
2021-06-07T14:40:04.9493973Z remote: Compressing objects:  98% (233/237)        
2021-06-07T14:40:04.9494699Z remote: Compressing objects:  99% (235/237)        
2021-06-07T14:40:04.9495405Z remote: Compressing objects: 100% (237/237)        
2021-06-07T14:40:04.9496158Z remote: Compressing objects: 100% (237/237), done.        
2021-06-07T14:40:04.9526545Z Receiving objects:   0% (1/436)
2021-06-07T14:40:04.9527676Z Receiving objects:   1% (5/436)
2021-06-07T14:40:04.9531131Z Receiving objects:   2% (9/436)
2021-06-07T14:40:04.9532969Z Receiving objects:   3% (14/436)
2021-06-07T14:40:04.9534757Z Receiving objects:   4% (18/436)
2021-06-07T14:40:04.9536968Z Receiving objects:   5% (22/436)
2021-06-07T14:40:04.9539000Z Receiving objects:   6% (27/436)
2021-06-07T14:40:04.9541615Z Receiving objects:   7% (31/436)
2021-06-07T14:40:04.9545740Z Receiving objects:   8% (35/436)
2021-06-07T14:40:04.9547513Z Receiving objects:   9% (40/436)
2021-06-07T14:40:04.9551962Z Receiving objects:  10% (44/436)
2021-06-07T14:40:04.9553527Z Receiving objects:  11% (48/436)
2021-06-07T14:40:04.9555016Z Receiving objects:  12% (53/436)
2021-06-07T14:40:04.9555630Z Receiving objects:  13% (57/436)
2021-06-07T14:40:04.9557125Z Receiving objects:  14% (62/436)
2021-06-07T14:40:04.9558627Z Receiving objects:  15% (66/436)
2021-06-07T14:40:04.9560110Z Receiving objects:  16% (70/436)
2021-06-07T14:40:04.9562602Z Receiving objects:  17% (75/436)
2021-06-07T14:40:04.9564323Z Receiving objects:  18% (79/436)
2021-06-07T14:40:04.9565894Z Receiving objects:  19% (83/436)
2021-06-07T14:40:04.9566503Z Receiving objects:  20% (88/436)
2021-06-07T14:40:04.9567961Z Receiving objects:  21% (92/436)
2021-06-07T14:40:04.9569478Z Receiving objects:  22% (96/436)
2021-06-07T14:40:04.9571817Z Receiving objects:  23% (101/436)
2021-06-07T14:40:04.9573339Z Receiving objects:  24% (105/436)
2021-06-07T14:40:04.9576540Z Receiving objects:  25% (109/436)
2021-06-07T14:40:04.9580782Z Receiving objects:  26% (114/436)
2021-06-07T14:40:04.9586260Z Receiving objects:  27% (118/436)
2021-06-07T14:40:04.9588627Z Receiving objects:  28% (123/436)
2021-06-07T14:40:04.9591878Z Receiving objects:  29% (127/436)
2021-06-07T14:40:04.9595955Z Receiving objects:  30% (131/436)
2021-06-07T14:40:04.9599207Z Receiving objects:  31% (136/436)
2021-06-07T14:40:04.9599819Z Receiving objects:  32% (140/436)
2021-06-07T14:40:04.9601315Z Receiving objects:  33% (144/436)
2021-06-07T14:40:04.9604756Z Receiving objects:  34% (149/436)
2021-06-07T14:40:04.9605445Z Receiving objects:  35% (153/436)
2021-06-07T14:40:04.9606053Z Receiving objects:  36% (157/436)
2021-06-07T14:40:04.9606643Z Receiving objects:  37% (162/436)
2021-06-07T14:40:04.9607292Z Receiving objects:  38% (166/436)
2021-06-07T14:40:04.9607884Z Receiving objects:  39% (171/436)
2021-06-07T14:40:04.9608493Z Receiving objects:  40% (175/436)
2021-06-07T14:40:04.9609082Z Receiving objects:  41% (179/436)
2021-06-07T14:40:04.9609687Z Receiving objects:  42% (184/436)
2021-06-07T14:40:04.9610295Z Receiving objects:  43% (188/436)
2021-06-07T14:40:04.9610903Z Receiving objects:  44% (192/436)
2021-06-07T14:40:04.9611494Z Receiving objects:  45% (197/436)
2021-06-07T14:40:04.9612098Z Receiving objects:  46% (201/436)
2021-06-07T14:40:04.9612859Z Receiving objects:  47% (205/436)
2021-06-07T14:40:04.9613443Z Receiving objects:  48% (210/436)
2021-06-07T14:40:04.9614050Z Receiving objects:  49% (214/436)
2021-06-07T14:40:04.9614644Z Receiving objects:  50% (218/436)
2021-06-07T14:40:04.9615249Z Receiving objects:  51% (223/436)
2021-06-07T14:40:04.9615845Z Receiving objects:  52% (227/436)
2021-06-07T14:40:04.9616448Z Receiving objects:  53% (232/436)
2021-06-07T14:40:04.9617066Z Receiving objects:  54% (236/436)
2021-06-07T14:40:04.9617865Z Receiving objects:  55% (240/436)
2021-06-07T14:40:04.9618484Z Receiving objects:  56% (245/436)
2021-06-07T14:40:04.9619702Z Receiving objects:  57% (249/436)
2021-06-07T14:40:04.9625377Z Receiving objects:  58% (253/436)
2021-06-07T14:40:04.9626026Z Receiving objects:  59% (258/436)
2021-06-07T14:40:04.9626753Z Receiving objects:  60% (262/436)
2021-06-07T14:40:04.9627350Z Receiving objects:  61% (266/436)
2021-06-07T14:40:04.9627954Z Receiving objects:  62% (271/436)
2021-06-07T14:40:04.9628540Z Receiving objects:  63% (275/436)
2021-06-07T14:40:04.9636837Z Receiving objects:  64% (280/436)
2021-06-07T14:40:04.9637516Z Receiving objects:  65% (284/436)
2021-06-07T14:40:04.9643316Z Receiving objects:  66% (288/436)
2021-06-07T14:40:04.9643979Z Receiving objects:  67% (293/436)
2021-06-07T14:40:04.9644568Z Receiving objects:  68% (297/436)
2021-06-07T14:40:04.9663989Z Receiving objects:  69% (301/436)
2021-06-07T14:40:04.9665750Z Receiving objects:  70% (306/436)
2021-06-07T14:40:04.9667239Z Receiving objects:  71% (310/436)
2021-06-07T14:40:04.9668838Z Receiving objects:  72% (314/436)
2021-06-07T14:40:04.9671155Z Receiving objects:  73% (319/436)
2021-06-07T14:40:04.9672858Z Receiving objects:  74% (323/436)
2021-06-07T14:40:04.9674236Z Receiving objects:  75% (327/436)
2021-06-07T14:40:04.9687048Z Receiving objects:  76% (332/436)
2021-06-07T14:40:04.9687711Z Receiving objects:  77% (336/436)
2021-06-07T14:40:04.9688309Z Receiving objects:  78% (341/436)
2021-06-07T14:40:04.9689192Z Receiving objects:  79% (345/436)
2021-06-07T14:40:04.9701756Z Receiving objects:  80% (349/436)
2021-06-07T14:40:04.9702494Z Receiving objects:  81% (354/436)
2021-06-07T14:40:04.9703114Z Receiving objects:  82% (358/436)
2021-06-07T14:40:04.9703712Z Receiving objects:  83% (362/436)
2021-06-07T14:40:04.9704323Z Receiving objects:  84% (367/436)
2021-06-07T14:40:04.9704916Z Receiving objects:  85% (371/436)
2021-06-07T14:40:04.9705520Z Receiving objects:  86% (375/436)
2021-06-07T14:40:04.9706108Z Receiving objects:  87% (380/436)
2021-06-07T14:40:04.9706707Z Receiving objects:  88% (384/436)
2021-06-07T14:40:04.9707299Z Receiving objects:  89% (389/436)
2021-06-07T14:40:04.9707905Z Receiving objects:  90% (393/436)
2021-06-07T14:40:04.9708496Z Receiving objects:  91% (397/436)
2021-06-07T14:40:04.9709124Z Receiving objects:  92% (402/436)
2021-06-07T14:40:04.9709731Z Receiving objects:  93% (406/436)
2021-06-07T14:40:04.9710318Z Receiving objects:  94% (410/436)
2021-06-07T14:40:04.9710920Z Receiving objects:  95% (415/436)
2021-06-07T14:40:04.9711520Z Receiving objects:  96% (419/436)
2021-06-07T14:40:04.9712124Z Receiving objects:  97% (423/436)
2021-06-07T14:40:04.9712714Z Receiving objects:  98% (428/436)
2021-06-07T14:40:04.9725433Z Receiving objects:  99% (432/436)
2021-06-07T14:40:04.9728708Z remote: Total 436 (delta 227), reused 318 (delta 149), pack-reused 0        
2021-06-07T14:40:04.9732074Z Receiving objects: 100% (436/436)
2021-06-07T14:40:04.9736237Z Receiving objects: 100% (436/436), 124.04 KiB | 6.20 MiB/s, done.
2021-06-07T14:40:04.9739112Z Resolving deltas:   0% (0/227)
2021-06-07T14:40:04.9742326Z Resolving deltas:   1% (3/227)
2021-06-07T14:40:04.9744482Z Resolving deltas:   2% (5/227)
2021-06-07T14:40:04.9747796Z Resolving deltas:   3% (7/227)
2021-06-07T14:40:04.9750982Z Resolving deltas:   4% (10/227)
2021-06-07T14:40:04.9753313Z Resolving deltas:   5% (12/227)
2021-06-07T14:40:04.9756492Z Resolving deltas:   6% (14/227)
2021-06-07T14:40:04.9758825Z Resolving deltas:   7% (16/227)
2021-06-07T14:40:04.9762004Z Resolving deltas:   8% (19/227)
2021-06-07T14:40:04.9765380Z Resolving deltas:   9% (21/227)
2021-06-07T14:40:04.9769454Z Resolving deltas:  10% (23/227)
2021-06-07T14:40:04.9773481Z Resolving deltas:  11% (25/227)
2021-06-07T14:40:04.9775645Z Resolving deltas:  12% (28/227)
2021-06-07T14:40:04.9777907Z Resolving deltas:  13% (30/227)
2021-06-07T14:40:04.9779570Z Resolving deltas:  14% (32/227)
2021-06-07T14:40:04.9780914Z Resolving deltas:  15% (35/227)
2021-06-07T14:40:04.9781675Z Resolving deltas:  16% (37/227)
2021-06-07T14:40:04.9782264Z Resolving deltas:  17% (39/227)
2021-06-07T14:40:04.9782847Z Resolving deltas:  18% (41/227)
2021-06-07T14:40:04.9784310Z Resolving deltas:  19% (44/227)
2021-06-07T14:40:04.9784889Z Resolving deltas:  20% (46/227)
2021-06-07T14:40:04.9786361Z Resolving deltas:  21% (48/227)
2021-06-07T14:40:04.9786947Z Resolving deltas:  22% (50/227)
2021-06-07T14:40:04.9787536Z Resolving deltas:  23% (53/227)
2021-06-07T14:40:04.9788108Z Resolving deltas:  24% (55/227)
2021-06-07T14:40:04.9789574Z Resolving deltas:  25% (57/227)
2021-06-07T14:40:04.9790161Z Resolving deltas:  26% (60/227)
2021-06-07T14:40:04.9790747Z Resolving deltas:  27% (62/227)
2021-06-07T14:40:04.9792208Z Resolving deltas:  28% (64/227)
2021-06-07T14:40:04.9792795Z Resolving deltas:  29% (66/227)
2021-06-07T14:40:04.9793388Z Resolving deltas:  30% (69/227)
2021-06-07T14:40:04.9794841Z Resolving deltas:  31% (71/227)
2021-06-07T14:40:04.9795441Z Resolving deltas:  32% (73/227)
2021-06-07T14:40:04.9796016Z Resolving deltas:  33% (75/227)
2021-06-07T14:40:04.9797480Z Resolving deltas:  34% (78/227)
2021-06-07T14:40:04.9798065Z Resolving deltas:  35% (80/227)
2021-06-07T14:40:04.9798656Z Resolving deltas:  36% (82/227)
2021-06-07T14:40:04.9800099Z Resolving deltas:  37% (84/227)
2021-06-07T14:40:04.9800809Z Resolving deltas:  38% (87/227)
2021-06-07T14:40:04.9802283Z Resolving deltas:  39% (89/227)
2021-06-07T14:40:04.9802882Z Resolving deltas:  40% (91/227)
2021-06-07T14:40:04.9803476Z Resolving deltas:  41% (94/227)
2021-06-07T14:40:04.9804977Z Resolving deltas:  42% (96/227)
2021-06-07T14:40:04.9805570Z Resolving deltas:  43% (98/227)
2021-06-07T14:40:04.9807008Z Resolving deltas:  44% (100/227)
2021-06-07T14:40:04.9807721Z Resolving deltas:  45% (103/227)
2021-06-07T14:40:04.9809063Z Resolving deltas:  46% (105/227)
2021-06-07T14:40:04.9809625Z Resolving deltas:  47% (107/227)
2021-06-07T14:40:04.9810964Z Resolving deltas:  48% (109/227)
2021-06-07T14:40:04.9811528Z Resolving deltas:  49% (112/227)
2021-06-07T14:40:04.9812877Z Resolving deltas:  50% (114/227)
2021-06-07T14:40:04.9813434Z Resolving deltas:  51% (116/227)
2021-06-07T14:40:04.9813985Z Resolving deltas:  52% (119/227)
2021-06-07T14:40:04.9815338Z Resolving deltas:  53% (121/227)
2021-06-07T14:40:04.9817660Z Resolving deltas:  54% (123/227)
2021-06-07T14:40:04.9819030Z Resolving deltas:  55% (125/227)
2021-06-07T14:40:04.9819589Z Resolving deltas:  56% (128/227)
2021-06-07T14:40:04.9820124Z Resolving deltas:  57% (130/227)
2021-06-07T14:40:04.9820700Z Resolving deltas:  58% (132/227)
2021-06-07T14:40:04.9821246Z Resolving deltas:  59% (134/227)
2021-06-07T14:40:04.9822597Z Resolving deltas:  60% (137/227)
2021-06-07T14:40:04.9823138Z Resolving deltas:  61% (139/227)
2021-06-07T14:40:04.9823691Z Resolving deltas:  62% (141/227)
2021-06-07T14:40:04.9824242Z Resolving deltas:  63% (144/227)
2021-06-07T14:40:04.9824780Z Resolving deltas:  64% (146/227)
2021-06-07T14:40:04.9825332Z Resolving deltas:  65% (148/227)
2021-06-07T14:40:04.9826703Z Resolving deltas:  66% (150/227)
2021-06-07T14:40:04.9827255Z Resolving deltas:  67% (153/227)
2021-06-07T14:40:04.9834236Z Resolving deltas:  68% (155/227)
2021-06-07T14:40:04.9834949Z Resolving deltas:  69% (157/227)
2021-06-07T14:40:04.9842111Z Resolving deltas:  70% (159/227)
2021-06-07T14:40:04.9842762Z Resolving deltas:  71% (162/227)
2021-06-07T14:40:04.9847421Z Resolving deltas:  72% (164/227)
2021-06-07T14:40:04.9848099Z Resolving deltas:  73% (166/227)
2021-06-07T14:40:04.9852439Z Resolving deltas:  74% (168/227)
2021-06-07T14:40:04.9856678Z Resolving deltas:  75% (171/227)
2021-06-07T14:40:04.9860754Z Resolving deltas:  76% (173/227)
2021-06-07T14:40:04.9866316Z Resolving deltas:  77% (175/227)
2021-06-07T14:40:04.9869730Z Resolving deltas:  78% (178/227)
2021-06-07T14:40:04.9873486Z Resolving deltas:  79% (180/227)
2021-06-07T14:40:04.9875720Z Resolving deltas:  80% (182/227)
2021-06-07T14:40:04.9880995Z Resolving deltas:  81% (184/227)
2021-06-07T14:40:04.9883238Z Resolving deltas:  82% (187/227)
2021-06-07T14:40:04.9885416Z Resolving deltas:  83% (189/227)
2021-06-07T14:40:04.9886062Z Resolving deltas:  84% (191/227)
2021-06-07T14:40:04.9889836Z Resolving deltas:  85% (193/227)
2021-06-07T14:40:04.9890545Z Resolving deltas:  86% (196/227)
2021-06-07T14:40:04.9892852Z Resolving deltas:  87% (198/227)
2021-06-07T14:40:04.9895934Z Resolving deltas:  88% (200/227)
2021-06-07T14:40:04.9898845Z Resolving deltas:  89% (203/227)
2021-06-07T14:40:04.9900628Z Resolving deltas:  90% (205/227)
2021-06-07T14:40:04.9901364Z Resolving deltas:  91% (207/227)
2021-06-07T14:40:04.9903844Z Resolving deltas:  92% (209/227)
2021-06-07T14:40:04.9905556Z Resolving deltas:  93% (212/227)
2021-06-07T14:40:04.9909733Z Resolving deltas:  94% (214/227)
2021-06-07T14:40:04.9910485Z Resolving deltas:  95% (216/227)
2021-06-07T14:40:04.9911131Z Resolving deltas:  96% (218/227)
2021-06-07T14:40:04.9915616Z Resolving deltas:  97% (221/227)
2021-06-07T14:40:04.9918855Z Resolving deltas:  98% (223/227)
2021-06-07T14:40:04.9919493Z Resolving deltas:  99% (225/227)
2021-06-07T14:40:04.9920229Z Resolving deltas: 100% (227/227)
2021-06-07T14:40:04.9920938Z Resolving deltas: 100% (227/227), done.
2021-06-07T14:40:05.0038857Z From https://github.com/con/tinuous
2021-06-07T14:40:05.0040727Z  * [new branch]      gh-55                                    -> origin/gh-55
2021-06-07T14:40:05.0041995Z  * [new branch]      gh-70                                    -> origin/gh-70
2021-06-07T14:40:05.0043229Z  * [new branch]      master                                   -> origin/master
2021-06-07T14:40:05.0044496Z  * [new branch]      test-appveyor                            -> origin/test-appveyor
2021-06-07T14:40:05.0045694Z  * [new tag]         0.1.0                                    -> 0.1.0
2021-06-07T14:40:05.0046648Z  * [new tag]         0.2.0                                    -> 0.2.0
2021-06-07T14:40:05.0047955Z  * [new ref]         a3c03a3c95962b4105c32b3ee0fba8c72f7b6e57 -> pull/71/merge
2021-06-07T14:40:05.0064659Z ##[endgroup]
2021-06-07T14:40:05.0065755Z ##[group]Determining the checkout info
2021-06-07T14:40:05.0066762Z ##[endgroup]
2021-06-07T14:40:05.0067661Z ##[group]Checking out the ref
2021-06-07T14:40:05.0071168Z [command]/usr/bin/git checkout --progress --force refs/remotes/pull/71/merge
2021-06-07T14:40:05.0138692Z Note: switching to 'refs/remotes/pull/71/merge'.
2021-06-07T14:40:05.0139782Z 
2021-06-07T14:40:05.0140913Z You are in 'detached HEAD' state. You can look around, make experimental
2021-06-07T14:40:05.0142103Z changes and commit them, and you can discard any commits you make in this
2021-06-07T14:40:05.0143209Z state without impacting any branches by switching back to a branch.
2021-06-07T14:40:05.0143937Z 
2021-06-07T14:40:05.0144801Z If you want to create a new branch to retain commits you create, you may
2021-06-07T14:40:05.0146095Z do so (now or later) by using -c with the switch command. Example:
2021-06-07T14:40:05.0146703Z 
2021-06-07T14:40:05.0147665Z   git switch -c <new-branch-name>
2021-06-07T14:40:05.0148261Z 
2021-06-07T14:40:05.0148958Z Or undo this operation with:
2021-06-07T14:40:05.0149499Z 
2021-06-07T14:40:05.0150318Z   git switch -
2021-06-07T14:40:05.0150808Z 
2021-06-07T14:40:05.0151715Z Turn off this advice by setting config variable advice.detachedHead to false
2021-06-07T14:40:05.0152505Z 
2021-06-07T14:40:05.0153763Z HEAD is now at a3c03a3 Merge 9c9adf52365764a806cca4401a4314fb9d1de225 into b7ab0f381361c49f7e4a1b25bf0ccf290bd74e19
2021-06-07T14:40:05.0172761Z ##[endgroup]
2021-06-07T14:40:05.0212905Z [command]/usr/bin/git log -1 --format='%H'
2021-06-07T14:40:05.0249100Z 'a3c03a3c95962b4105c32b3ee0fba8c72f7b6e57'
2021-06-07T14:40:05.0409708Z ##[group]Run actions/setup-python@v2
2021-06-07T14:40:05.0410440Z with:
2021-06-07T14:40:05.0411032Z   python-version: 3.8
2021-06-07T14:40:05.0412186Z   token: ***
2021-06-07T14:40:05.0412769Z ##[endgroup]
2021-06-07T14:40:05.1006244Z Successfully setup CPython (3.8.10)
2021-06-07T14:40:05.1100292Z ##[group]Run python -m pip install --upgrade pip wheel
2021-06-07T14:40:05.1216576Z [36;1mpython -m pip install --upgrade pip wheel[0m
2021-06-07T14:40:05.1217813Z [36;1mpython -m pip install --upgrade --upgrade-strategy=eager tox[0m
2021-06-07T14:40:05.1264421Z shell: /usr/bin/bash -e {0}
2021-06-07T14:40:05.1264973Z env:
2021-06-07T14:40:05.1265654Z   pythonLocation: /opt/hostedtoolcache/Python/3.8.10/x64
2021-06-07T14:40:05.1266551Z   LD_LIBRARY_PATH: /opt/hostedtoolcache/Python/3.8.10/x64/lib
2021-06-07T14:40:05.1267223Z ##[endgroup]
2021-06-07T14:40:07.1209316Z Requirement already satisfied: pip in /opt/hostedtoolcache/Python/3.8.10/x64/lib/python3.8/site-packages (21.1.2)
2021-06-07T14:40:07.3422552Z Collecting wheel
2021-06-07T14:40:07.3834321Z   Downloading wheel-0.36.2-py2.py3-none-any.whl (35 kB)
2021-06-07T14:40:07.4586602Z Installing collected packages: wheel
2021-06-07T14:40:07.5037861Z Successfully installed wheel-0.36.2
2021-06-07T14:40:08.2327259Z Collecting tox
2021-06-07T14:40:08.2686727Z   Downloading tox-3.23.1-py2.py3-none-any.whl (85 kB)
2021-06-07T14:40:08.3347390Z Collecting toml>=0.9.4
2021-06-07T14:40:08.3428729Z   Downloading toml-0.10.2-py2.py3-none-any.whl (16 kB)
2021-06-07T14:40:08.4072508Z Collecting py>=1.4.17
2021-06-07T14:40:08.4157171Z   Downloading py-1.10.0-py2.py3-none-any.whl (97 kB)
2021-06-07T14:40:08.4512226Z Collecting filelock>=3.0.0
2021-06-07T14:40:08.4602354Z   Downloading filelock-3.0.12-py3-none-any.whl (7.6 kB)
2021-06-07T14:40:08.6853640Z Collecting virtualenv!=20.0.0,!=20.0.1,!=20.0.2,!=20.0.3,!=20.0.4,!=20.0.5,!=20.0.6,!=20.0.7,>=16.0.0
2021-06-07T14:40:08.6940459Z   Downloading virtualenv-20.4.7-py2.py3-none-any.whl (7.2 MB)
2021-06-07T14:40:08.9754715Z Collecting six>=1.14.0
2021-06-07T14:40:08.9835987Z   Downloading six-1.16.0-py2.py3-none-any.whl (11 kB)
2021-06-07T14:40:09.0380749Z Collecting packaging>=14
2021-06-07T14:40:09.0463274Z   Downloading packaging-20.9-py2.py3-none-any.whl (40 kB)
2021-06-07T14:40:09.1020695Z Collecting pluggy>=0.12.0
2021-06-07T14:40:09.1022193Z   Downloading pluggy-0.13.1-py2.py3-none-any.whl (18 kB)
2021-06-07T14:40:09.1819341Z Collecting pyparsing>=2.0.2
2021-06-07T14:40:09.1917263Z   Downloading pyparsing-2.4.7-py2.py3-none-any.whl (67 kB)
2021-06-07T14:40:09.2717975Z Collecting appdirs<2,>=1.4.3
2021-06-07T14:40:09.2802913Z   Downloading appdirs-1.4.4-py2.py3-none-any.whl (9.6 kB)
2021-06-07T14:40:09.3100376Z Collecting distlib<1,>=0.3.1
2021-06-07T14:40:09.3190401Z   Downloading distlib-0.3.2-py2.py3-none-any.whl (338 kB)
2021-06-07T14:40:09.4377954Z Installing collected packages: six, pyparsing, filelock, distlib, appdirs, virtualenv, toml, py, pluggy, packaging, tox
2021-06-07T14:40:10.0483421Z Successfully installed appdirs-1.4.4 distlib-0.3.2 filelock-3.0.12 packaging-20.9 pluggy-0.13.1 py-1.10.0 pyparsing-2.4.7 six-1.16.0 toml-0.10.2 tox-3.23.1 virtualenv-20.4.7
2021-06-07T14:40:10.2143018Z ##[group]Run tox -e lint
2021-06-07T14:40:10.2143568Z [36;1mtox -e lint[0m
2021-06-07T14:40:10.2186640Z shell: /usr/bin/bash -e {0}
2021-06-07T14:40:10.2187065Z env:
2021-06-07T14:40:10.2187668Z   pythonLocation: /opt/hostedtoolcache/Python/3.8.10/x64
2021-06-07T14:40:10.2188476Z   LD_LIBRARY_PATH: /opt/hostedtoolcache/Python/3.8.10/x64/lib
2021-06-07T14:40:10.2189089Z ##[endgroup]
2021-06-07T14:40:10.8111848Z lint create: /home/runner/work/tinuous/tinuous/.tox/lint
2021-06-07T14:40:11.6018942Z lint installdeps: flake8~=3.7, flake8-bugbear, flake8-builtins~=1.4, flake8-import-order-jwodder, flake8-unused-arguments
2021-06-07T14:40:15.9267346Z lint installed: attrs==21.2.0,flake8==3.9.2,flake8-bugbear==21.4.3,flake8-builtins==1.5.3,flake8-import-order==0.18.1,flake8-import-order-jwodder==0.1.0,flake8-unused-arguments==0.0.6,mccabe==0.6.1,pycodestyle==2.7.0,pyflakes==2.3.1
2021-06-07T14:40:15.9274449Z lint run-test-pre: PYTHONHASHSEED='4047683069'
2021-06-07T14:40:15.9276715Z lint run-test: commands[0] | flake8 --config=tox.ini src test
2021-06-07T14:40:18.8178827Z ___________________________________ summary ____________________________________
2021-06-07T14:40:18.8180661Z   lint: commands succeeded
2021-06-07T14:40:18.8188329Z   congratulations :)
2021-06-07T14:40:18.8553484Z Post job cleanup.
2021-06-07T14:40:18.9631781Z [command]/usr/bin/git version
2021-06-07T14:40:18.9689739Z git version 2.31.1
2021-06-07T14:40:18.9725680Z [command]/usr/bin/git config --local --name-only --get-regexp core\.sshCommand
2021-06-07T14:40:18.9771435Z [command]/usr/bin/git submodule foreach --recursive git config --local --name-only --get-regexp 'core\.sshCommand' && git config --local --unset-all 'core.sshCommand' || :
2021-06-07T14:40:19.0029511Z [command]/usr/bin/git config --local --name-only --get-regexp http\.https\:\/\/github\.com\/\.extraheader
2021-06-07T14:40:19.0068518Z http.https://github.com/.extraheader
2021-06-07T14:40:19.0078497Z [command]/usr/bin/git config --local --unset-all http.https://github.com/.extraheader
2021-06-07T14:40:19.0123785Z [command]/usr/bin/git submodule foreach --recursive git config --local --name-only --get-regexp 'http\.https\:\/\/github\.com\/\.extraheader' && git config --local --unset-all 'http.https://github.com/.extraheader' || :
2021-06-07T14:40:19.0494455Z Cleaning up orphan processes
