2021-06-14T15:40:20.6882161Z ##[section]Starting: Request a runner to run this job
2021-06-14T15:40:21.0311966Z Can't find any online and idle self-hosted runner in current repository that matches the required labels: 'ubuntu-latest'
2021-06-14T15:40:21.0654533Z Can't find any online and idle self-hosted runner in current repository's organization account that matches the required labels: 'ubuntu-latest'
2021-06-14T15:40:21.1702301Z Found online and idle hosted runner in current repository's organization account that matches the required labels: 'ubuntu-latest'
2021-06-14T15:40:21.4207605Z ##[section]Finishing: Request a runner to run this job
2021-06-14T15:40:29.0271347Z Current runner version: '2.278.0'
2021-06-14T15:40:29.0299248Z ##[group]Operating System
2021-06-14T15:40:29.0300250Z Ubuntu
2021-06-14T15:40:29.0300803Z 20.04.2
2021-06-14T15:40:29.0301283Z LTS
2021-06-14T15:40:29.0301888Z ##[endgroup]
2021-06-14T15:40:29.0302529Z ##[group]Virtual Environment
2021-06-14T15:40:29.0303288Z Environment: ubuntu-20.04
2021-06-14T15:40:29.0303905Z Version: 20210606.1
2021-06-14T15:40:29.0305075Z Included Software: https://github.com/actions/virtual-environments/blob/ubuntu20/20210606.1/images/linux/Ubuntu2004-README.md
2021-06-14T15:40:29.0306699Z Image Release: https://github.com/actions/virtual-environments/releases/tag/ubuntu20%2F20210606.1
2021-06-14T15:40:29.0307685Z ##[endgroup]
2021-06-14T15:40:29.0309941Z ##[group]GITHUB_TOKEN Permissions
2021-06-14T15:40:29.0311276Z Actions: write
2021-06-14T15:40:29.0311848Z Checks: write
2021-06-14T15:40:29.0312512Z Contents: write
2021-06-14T15:40:29.0313114Z Deployments: write
2021-06-14T15:40:29.0313865Z Discussions: write
2021-06-14T15:40:29.0314511Z Issues: write
2021-06-14T15:40:29.0315152Z Metadata: read
2021-06-14T15:40:29.0315729Z Packages: write
2021-06-14T15:40:29.0316399Z PullRequests: write
2021-06-14T15:40:29.0317107Z RepositoryProjects: write
2021-06-14T15:40:29.0317874Z SecurityEvents: write
2021-06-14T15:40:29.0318579Z Statuses: write
2021-06-14T15:40:29.0319245Z ##[endgroup]
2021-06-14T15:40:29.0322584Z Prepare workflow directory
2021-06-14T15:40:29.1003643Z Prepare all required actions
2021-06-14T15:40:29.1015807Z Getting action download info
2021-06-14T15:40:29.5005334Z Download action repository 'actions/checkout@v2'
2021-06-14T15:40:31.6614912Z Download action repository 'actions/setup-python@v2'
2021-06-14T15:40:31.8136235Z Download action repository 'codecov/codecov-action@v1'
2021-06-14T15:40:32.1339492Z ##[group]Run actions/checkout@v2
2021-06-14T15:40:32.1340219Z with:
2021-06-14T15:40:32.1340745Z   fetch-depth: 0
2021-06-14T15:40:32.1341322Z   repository: con/tinuous
2021-06-14T15:40:32.1342339Z   token: ***
2021-06-14T15:40:32.1342878Z   ssh-strict: true
2021-06-14T15:40:32.1343524Z   persist-credentials: true
2021-06-14T15:40:32.1344134Z   clean: true
2021-06-14T15:40:32.1344630Z   lfs: false
2021-06-14T15:40:32.1345156Z   submodules: false
2021-06-14T15:40:32.1345687Z ##[endgroup]
2021-06-14T15:40:32.3872535Z Syncing repository: con/tinuous
2021-06-14T15:40:32.3873781Z ##[group]Getting Git version info
2021-06-14T15:40:32.3874990Z Working directory is '/home/runner/work/tinuous/tinuous'
2021-06-14T15:40:32.3887707Z [command]/usr/bin/git version
2021-06-14T15:40:32.4013570Z git version 2.31.1
2021-06-14T15:40:32.8670591Z ##[endgroup]
2021-06-14T15:40:32.8672049Z Deleting the contents of '/home/runner/work/tinuous/tinuous'
2021-06-14T15:40:32.8674034Z ##[group]Initializing the repository
2021-06-14T15:40:32.8675031Z [command]/usr/bin/git init /home/runner/work/tinuous/tinuous
2021-06-14T15:40:32.8676256Z hint: Using 'master' as the name for the initial branch. This default branch name
2021-06-14T15:40:32.8677269Z hint: is subject to change. To configure the initial branch name to use in all
2021-06-14T15:40:32.8678290Z hint: of your new repositories, which will suppress this warning, call:
2021-06-14T15:40:32.8679072Z hint: 
2021-06-14T15:40:32.8679983Z hint: 	git config --global init.defaultBranch <name>
2021-06-14T15:40:32.8680732Z hint: 
2021-06-14T15:40:32.8681640Z hint: Names commonly chosen instead of 'master' are 'main', 'trunk' and
2021-06-14T15:40:32.8682834Z hint: 'development'. The just-created branch can be renamed via this command:
2021-06-14T15:40:32.8683649Z hint: 
2021-06-14T15:40:32.8684449Z hint: 	git branch -m <name>
2021-06-14T15:40:32.8685218Z Initialized empty Git repository in /home/runner/work/tinuous/tinuous/.git/
2021-06-14T15:40:32.8686153Z [command]/usr/bin/git remote add origin https://github.com/con/tinuous
2021-06-14T15:40:32.8687326Z ##[endgroup]
2021-06-14T15:40:32.8688002Z ##[group]Disabling automatic garbage collection
2021-06-14T15:40:32.8688901Z [command]/usr/bin/git config --local gc.auto 0
2021-06-14T15:40:32.8689771Z ##[endgroup]
2021-06-14T15:40:32.8691768Z ##[group]Setting up auth
2021-06-14T15:40:32.8692876Z [command]/usr/bin/git config --local --name-only --get-regexp core\.sshCommand
2021-06-14T15:40:32.8694551Z [command]/usr/bin/git submodule foreach --recursive git config --local --name-only --get-regexp 'core\.sshCommand' && git config --local --unset-all 'core.sshCommand' || :
2021-06-14T15:40:32.8696245Z [command]/usr/bin/git config --local --name-only --get-regexp http\.https\:\/\/github\.com\/\.extraheader
2021-06-14T15:40:32.8698304Z [command]/usr/bin/git submodule foreach --recursive git config --local --name-only --get-regexp 'http\.https\:\/\/github\.com\/\.extraheader' && git config --local --unset-all 'http.https://github.com/.extraheader' || :
2021-06-14T15:40:32.8700594Z [command]/usr/bin/git config --local http.https://github.com/.extraheader AUTHORIZATION: basic ***
2021-06-14T15:40:32.8701702Z ##[endgroup]
2021-06-14T15:40:32.8702434Z ##[group]Fetching the repository
2021-06-14T15:40:32.8704101Z [command]/usr/bin/git -c protocol.version=2 fetch --prune --progress --no-recurse-submodules origin +refs/heads/*:refs/remotes/origin/* +refs/tags/*:refs/tags/*
2021-06-14T15:40:32.8705463Z remote: Enumerating objects: 747, done.        
2021-06-14T15:40:32.8706274Z remote: Counting objects:   0% (1/401)        
2021-06-14T15:40:32.8707051Z remote: Counting objects:   1% (5/401)        
2021-06-14T15:40:32.8707829Z remote: Counting objects:   2% (9/401)        
2021-06-14T15:40:32.8708947Z remote: Counting objects:   3% (13/401)        
2021-06-14T15:40:32.8709791Z remote: Counting objects:   4% (17/401)        
2021-06-14T15:40:32.8710585Z remote: Counting objects:   5% (21/401)        
2021-06-14T15:40:32.8711546Z remote: Counting objects:   6% (25/401)        
2021-06-14T15:40:32.8712370Z remote: Counting objects:   7% (29/401)        
2021-06-14T15:40:32.8713146Z remote: Counting objects:   8% (33/401)        
2021-06-14T15:40:32.8713911Z remote: Counting objects:   9% (37/401)        
2021-06-14T15:40:32.8714707Z remote: Counting objects:  10% (41/401)        
2021-06-14T15:40:32.8715470Z remote: Counting objects:  11% (45/401)        
2021-06-14T15:40:32.8716354Z remote: Counting objects:  12% (49/401)        
2021-06-14T15:40:32.8717078Z remote: Counting objects:  13% (53/401)        
2021-06-14T15:40:32.8718895Z remote: Counting objects:  14% (57/401)        
2021-06-14T15:40:32.8719767Z remote: Counting objects:  15% (61/401)        
2021-06-14T15:40:32.8720487Z remote: Counting objects:  16% (65/401)        
2021-06-14T15:40:32.8721214Z remote: Counting objects:  17% (69/401)        
2021-06-14T15:40:32.8721937Z remote: Counting objects:  18% (73/401)        
2021-06-14T15:40:32.8722703Z remote: Counting objects:  19% (77/401)        
2021-06-14T15:40:32.8723432Z remote: Counting objects:  20% (81/401)        
2021-06-14T15:40:32.8724138Z remote: Counting objects:  21% (85/401)        
2021-06-14T15:40:32.8724862Z remote: Counting objects:  22% (89/401)        
2021-06-14T15:40:32.8725600Z remote: Counting objects:  23% (93/401)        
2021-06-14T15:40:32.8726309Z remote: Counting objects:  24% (97/401)        
2021-06-14T15:40:32.8727198Z remote: Counting objects:  25% (101/401)        
2021-06-14T15:40:32.8730565Z remote: Counting objects:  26% (105/401)        
2021-06-14T15:40:32.8731714Z remote: Counting objects:  27% (109/401)        
2021-06-14T15:40:32.8732508Z remote: Counting objects:  28% (113/401)        
2021-06-14T15:40:32.8733374Z remote: Counting objects:  29% (117/401)        
2021-06-14T15:40:32.8734107Z remote: Counting objects:  30% (121/401)        
2021-06-14T15:40:32.8734836Z remote: Counting objects:  31% (125/401)        
2021-06-14T15:40:32.8735551Z remote: Counting objects:  32% (129/401)        
2021-06-14T15:40:32.8736298Z remote: Counting objects:  33% (133/401)        
2021-06-14T15:40:32.8738069Z remote: Counting objects:  34% (137/401)        
2021-06-14T15:40:32.8751740Z remote: Counting objects:  35% (141/401)        
2021-06-14T15:40:32.8761370Z remote: Counting objects:  36% (145/401)        
2021-06-14T15:40:32.8762189Z remote: Counting objects:  37% (149/401)        
2021-06-14T15:40:32.8762992Z remote: Counting objects:  38% (153/401)        
2021-06-14T15:40:32.8763790Z remote: Counting objects:  39% (157/401)        
2021-06-14T15:40:32.8764563Z remote: Counting objects:  40% (161/401)        
2021-06-14T15:40:32.8765345Z remote: Counting objects:  41% (165/401)        
2021-06-14T15:40:32.8766132Z remote: Counting objects:  42% (169/401)        
2021-06-14T15:40:32.8767067Z remote: Counting objects:  43% (173/401)        
2021-06-14T15:40:32.8767867Z remote: Counting objects:  44% (177/401)        
2021-06-14T15:40:32.8768638Z remote: Counting objects:  45% (181/401)        
2021-06-14T15:40:32.8769439Z remote: Counting objects:  46% (185/401)        
2021-06-14T15:40:32.8770226Z remote: Counting objects:  47% (189/401)        
2021-06-14T15:40:32.8770993Z remote: Counting objects:  48% (193/401)        
2021-06-14T15:40:32.8771780Z remote: Counting objects:  49% (197/401)        
2021-06-14T15:40:32.8772564Z remote: Counting objects:  50% (201/401)        
2021-06-14T15:40:32.8773353Z remote: Counting objects:  51% (205/401)        
2021-06-14T15:40:32.8774136Z remote: Counting objects:  52% (209/401)        
2021-06-14T15:40:32.8774901Z remote: Counting objects:  53% (213/401)        
2021-06-14T15:40:32.8775686Z remote: Counting objects:  54% (217/401)        
2021-06-14T15:40:32.8776450Z remote: Counting objects:  55% (221/401)        
2021-06-14T15:40:32.8777235Z remote: Counting objects:  56% (225/401)        
2021-06-14T15:40:32.8778022Z remote: Counting objects:  57% (229/401)        
2021-06-14T15:40:32.8778787Z remote: Counting objects:  58% (233/401)        
2021-06-14T15:40:32.8779687Z remote: Counting objects:  59% (237/401)        
2021-06-14T15:40:32.8780519Z remote: Counting objects:  60% (241/401)        
2021-06-14T15:40:32.8781286Z remote: Counting objects:  61% (245/401)        
2021-06-14T15:40:32.8782067Z remote: Counting objects:  62% (249/401)        
2021-06-14T15:40:32.8782846Z remote: Counting objects:  63% (253/401)        
2021-06-14T15:40:32.8783624Z remote: Counting objects:  64% (257/401)        
2021-06-14T15:40:32.8784405Z remote: Counting objects:  65% (261/401)        
2021-06-14T15:40:32.8785170Z remote: Counting objects:  66% (265/401)        
2021-06-14T15:40:32.8786115Z remote: Counting objects:  67% (269/401)        
2021-06-14T15:40:32.8786898Z remote: Counting objects:  68% (273/401)        
2021-06-14T15:40:32.8787662Z remote: Counting objects:  69% (277/401)        
2021-06-14T15:40:32.8788476Z remote: Counting objects:  70% (281/401)        
2021-06-14T15:40:32.8789261Z remote: Counting objects:  71% (285/401)        
2021-06-14T15:40:32.8790034Z remote: Counting objects:  72% (289/401)        
2021-06-14T15:40:32.8790812Z remote: Counting objects:  73% (293/401)        
2021-06-14T15:40:32.8791577Z remote: Counting objects:  74% (297/401)        
2021-06-14T15:40:32.8792355Z remote: Counting objects:  75% (301/401)        
2021-06-14T15:40:32.8793143Z remote: Counting objects:  76% (305/401)        
2021-06-14T15:40:32.8793902Z remote: Counting objects:  77% (309/401)        
2021-06-14T15:40:32.8794685Z remote: Counting objects:  78% (313/401)        
2021-06-14T15:40:32.8795449Z remote: Counting objects:  79% (317/401)        
2021-06-14T15:40:32.8796230Z remote: Counting objects:  80% (321/401)        
2021-06-14T15:40:32.8797008Z remote: Counting objects:  81% (325/401)        
2021-06-14T15:40:32.8797771Z remote: Counting objects:  82% (329/401)        
2021-06-14T15:40:32.8798547Z remote: Counting objects:  83% (333/401)        
2021-06-14T15:40:32.8799309Z remote: Counting objects:  84% (337/401)        
2021-06-14T15:40:32.8800094Z remote: Counting objects:  85% (341/401)        
2021-06-14T15:40:32.8800876Z remote: Counting objects:  86% (345/401)        
2021-06-14T15:40:32.8801638Z remote: Counting objects:  87% (349/401)        
2021-06-14T15:40:32.8802413Z remote: Counting objects:  88% (353/401)        
2021-06-14T15:40:32.8803383Z remote: Counting objects:  89% (357/401)        
2021-06-14T15:40:32.8804149Z remote: Counting objects:  90% (361/401)        
2021-06-14T15:40:32.8804927Z remote: Counting objects:  91% (365/401)        
2021-06-14T15:40:32.8805695Z remote: Counting objects:  92% (369/401)        
2021-06-14T15:40:32.8806484Z remote: Counting objects:  93% (373/401)        
2021-06-14T15:40:32.8807444Z remote: Counting objects:  94% (377/401)        
2021-06-14T15:40:32.8808215Z remote: Counting objects:  95% (381/401)        
2021-06-14T15:40:32.8808993Z remote: Counting objects:  96% (385/401)        
2021-06-14T15:40:32.8809758Z remote: Counting objects:  97% (389/401)        
2021-06-14T15:40:32.8810550Z remote: Counting objects:  98% (393/401)        
2021-06-14T15:40:32.8811333Z remote: Counting objects:  99% (397/401)        
2021-06-14T15:40:32.8812099Z remote: Counting objects: 100% (401/401)        
2021-06-14T15:40:32.8812899Z remote: Counting objects: 100% (401/401), done.        
2021-06-14T15:40:32.8813731Z remote: Compressing objects:   0% (1/200)        
2021-06-14T15:40:32.8814555Z remote: Compressing objects:   1% (2/200)        
2021-06-14T15:40:32.8815372Z remote: Compressing objects:   2% (4/200)        
2021-06-14T15:40:32.8816182Z remote: Compressing objects:   3% (6/200)        
2021-06-14T15:40:32.8817004Z remote: Compressing objects:   4% (8/200)        
2021-06-14T15:40:32.8817824Z remote: Compressing objects:   5% (10/200)        
2021-06-14T15:40:32.8818635Z remote: Compressing objects:   6% (12/200)        
2021-06-14T15:40:32.8820628Z remote: Compressing objects:   7% (14/200)        
2021-06-14T15:40:32.8821470Z remote: Compressing objects:   8% (16/200)        
2021-06-14T15:40:32.8822452Z remote: Compressing objects:   9% (18/200)        
2021-06-14T15:40:32.8823311Z remote: Compressing objects:  10% (20/200)        
2021-06-14T15:40:32.8824131Z remote: Compressing objects:  11% (22/200)        
2021-06-14T15:40:32.8824963Z remote: Compressing objects:  12% (24/200)        
2021-06-14T15:40:32.8825784Z remote: Compressing objects:  13% (26/200)        
2021-06-14T15:40:32.8826610Z remote: Compressing objects:  14% (28/200)        
2021-06-14T15:40:32.8827438Z remote: Compressing objects:  15% (30/200)        
2021-06-14T15:40:32.8828250Z remote: Compressing objects:  16% (32/200)        
2021-06-14T15:40:32.8829066Z remote: Compressing objects:  17% (34/200)        
2021-06-14T15:40:32.8910601Z remote: Compressing objects:  18% (36/200)        
2021-06-14T15:40:32.8911657Z remote: Compressing objects:  19% (38/200)        
2021-06-14T15:40:32.8912456Z remote: Compressing objects:  20% (40/200)        
2021-06-14T15:40:32.8913236Z remote: Compressing objects:  21% (42/200)        
2021-06-14T15:40:32.8914041Z remote: Compressing objects:  22% (44/200)        
2021-06-14T15:40:32.8915024Z remote: Compressing objects:  23% (46/200)        
2021-06-14T15:40:32.8915845Z remote: Compressing objects:  24% (48/200)        
2021-06-14T15:40:32.8916672Z remote: Compressing objects:  25% (50/200)        
2021-06-14T15:40:32.8917500Z remote: Compressing objects:  26% (52/200)        
2021-06-14T15:40:32.8918333Z remote: Compressing objects:  27% (54/200)        
2021-06-14T15:40:32.8919161Z remote: Compressing objects:  28% (56/200)        
2021-06-14T15:40:32.8919980Z remote: Compressing objects:  29% (58/200)        
2021-06-14T15:40:32.8920809Z remote: Compressing objects:  30% (60/200)        
2021-06-14T15:40:32.8921621Z remote: Compressing objects:  31% (62/200)        
2021-06-14T15:40:32.8922447Z remote: Compressing objects:  32% (64/200)        
2021-06-14T15:40:32.8923276Z remote: Compressing objects:  33% (66/200)        
2021-06-14T15:40:32.8924094Z remote: Compressing objects:  34% (68/200)        
2021-06-14T15:40:32.8924999Z remote: Compressing objects:  35% (70/200)        
2021-06-14T15:40:32.8925752Z remote: Compressing objects:  36% (72/200)        
2021-06-14T15:40:32.8926518Z remote: Compressing objects:  37% (74/200)        
2021-06-14T15:40:32.8944112Z remote: Compressing objects:  38% (76/200)        
2021-06-14T15:40:32.8945053Z remote: Compressing objects:  39% (78/200)        
2021-06-14T15:40:32.8945907Z remote: Compressing objects:  40% (80/200)        
2021-06-14T15:40:32.8946742Z remote: Compressing objects:  41% (82/200)        
2021-06-14T15:40:32.8947563Z remote: Compressing objects:  42% (84/200)        
2021-06-14T15:40:32.8948406Z remote: Compressing objects:  43% (86/200)        
2021-06-14T15:40:32.8949221Z remote: Compressing objects:  44% (88/200)        
2021-06-14T15:40:32.8950050Z remote: Compressing objects:  45% (90/200)        
2021-06-14T15:40:32.8950875Z remote: Compressing objects:  46% (92/200)        
2021-06-14T15:40:32.8951687Z remote: Compressing objects:  47% (94/200)        
2021-06-14T15:40:32.8952533Z remote: Compressing objects:  48% (96/200)        
2021-06-14T15:40:32.8953363Z remote: Compressing objects:  49% (98/200)        
2021-06-14T15:40:32.8954172Z remote: Compressing objects:  50% (100/200)        
2021-06-14T15:40:32.8955019Z remote: Compressing objects:  51% (102/200)        
2021-06-14T15:40:32.8955827Z remote: Compressing objects:  52% (104/200)        
2021-06-14T15:40:32.8956651Z remote: Compressing objects:  53% (106/200)        
2021-06-14T15:40:32.8957476Z remote: Compressing objects:  54% (108/200)        
2021-06-14T15:40:32.8958282Z remote: Compressing objects:  55% (110/200)        
2021-06-14T15:40:32.8959196Z remote: Compressing objects:  56% (112/200)        
2021-06-14T15:40:32.8959950Z remote: Compressing objects:  57% (114/200)        
2021-06-14T15:40:32.8960716Z remote: Compressing objects:  58% (116/200)        
2021-06-14T15:40:32.8961478Z remote: Compressing objects:  59% (118/200)        
2021-06-14T15:40:32.8962432Z remote: Compressing objects:  60% (120/200)        
2021-06-14T15:40:32.8963231Z remote: Compressing objects:  61% (122/200)        
2021-06-14T15:40:32.8964000Z remote: Compressing objects:  62% (124/200)        
2021-06-14T15:40:32.8964754Z remote: Compressing objects:  63% (126/200)        
2021-06-14T15:40:32.8965525Z remote: Compressing objects:  64% (128/200)        
2021-06-14T15:40:32.8966452Z remote: Compressing objects:  65% (130/200)        
2021-06-14T15:40:32.8967495Z remote: Compressing objects:  66% (132/200)        
2021-06-14T15:40:32.8968321Z remote: Compressing objects:  67% (134/200)        
2021-06-14T15:40:32.8969128Z remote: Compressing objects:  68% (136/200)        
2021-06-14T15:40:32.8969953Z remote: Compressing objects:  69% (138/200)        
2021-06-14T15:40:32.8970762Z remote: Compressing objects:  70% (140/200)        
2021-06-14T15:40:32.8971588Z remote: Compressing objects:  71% (142/200)        
2021-06-14T15:40:32.8972416Z remote: Compressing objects:  72% (144/200)        
2021-06-14T15:40:32.8973239Z remote: Compressing objects:  73% (146/200)        
2021-06-14T15:40:32.8974066Z remote: Compressing objects:  74% (148/200)        
2021-06-14T15:40:32.8974874Z remote: Compressing objects:  75% (150/200)        
2021-06-14T15:40:32.8975713Z remote: Compressing objects:  76% (152/200)        
2021-06-14T15:40:32.8976537Z remote: Compressing objects:  77% (154/200)        
2021-06-14T15:40:32.8977345Z remote: Compressing objects:  78% (156/200)        
2021-06-14T15:40:32.8978171Z remote: Compressing objects:  79% (158/200)        
2021-06-14T15:40:32.8978996Z remote: Compressing objects:  80% (160/200)        
2021-06-14T15:40:32.8979808Z remote: Compressing objects:  81% (162/200)        
2021-06-14T15:40:32.8980637Z remote: Compressing objects:  82% (164/200)        
2021-06-14T15:40:32.8981445Z remote: Compressing objects:  83% (166/200)        
2021-06-14T15:40:32.8982264Z remote: Compressing objects:  84% (168/200)        
2021-06-14T15:40:32.8983094Z remote: Compressing objects:  85% (170/200)        
2021-06-14T15:40:32.8983938Z remote: Compressing objects:  86% (172/200)        
2021-06-14T15:40:32.8984766Z remote: Compressing objects:  87% (174/200)        
2021-06-14T15:40:32.8985570Z remote: Compressing objects:  88% (176/200)        
2021-06-14T15:40:32.8986582Z remote: Compressing objects:  89% (178/200)        
2021-06-14T15:40:32.8987348Z remote: Compressing objects:  90% (180/200)        
2021-06-14T15:40:32.8988098Z remote: Compressing objects:  91% (182/200)        
2021-06-14T15:40:32.8988861Z remote: Compressing objects:  92% (184/200)        
2021-06-14T15:40:32.8989641Z remote: Compressing objects:  93% (186/200)        
2021-06-14T15:40:32.8990404Z remote: Compressing objects:  94% (188/200)        
2021-06-14T15:40:32.8991153Z remote: Compressing objects:  95% (190/200)        
2021-06-14T15:40:32.8991920Z remote: Compressing objects:  96% (192/200)        
2021-06-14T15:40:32.8992685Z remote: Compressing objects:  97% (194/200)        
2021-06-14T15:40:32.8993441Z remote: Compressing objects:  98% (196/200)        
2021-06-14T15:40:32.8994199Z remote: Compressing objects:  99% (198/200)        
2021-06-14T15:40:32.8994950Z remote: Compressing objects: 100% (200/200)        
2021-06-14T15:40:32.8995746Z remote: Compressing objects: 100% (200/200), done.        
2021-06-14T15:40:32.8996499Z Receiving objects:   0% (1/747)
2021-06-14T15:40:32.8997158Z Receiving objects:   1% (8/747)
2021-06-14T15:40:32.8997829Z Receiving objects:   2% (15/747)
2021-06-14T15:40:32.8998488Z Receiving objects:   3% (23/747)
2021-06-14T15:40:32.8999159Z Receiving objects:   4% (30/747)
2021-06-14T15:40:32.8999831Z Receiving objects:   5% (38/747)
2021-06-14T15:40:32.9000486Z Receiving objects:   6% (45/747)
2021-06-14T15:40:32.9001156Z Receiving objects:   7% (53/747)
2021-06-14T15:40:32.9001809Z Receiving objects:   8% (60/747)
2021-06-14T15:40:32.9002479Z Receiving objects:   9% (68/747)
2021-06-14T15:40:32.9003148Z Receiving objects:  10% (75/747)
2021-06-14T15:40:32.9003854Z Receiving objects:  11% (83/747)
2021-06-14T15:40:32.9004615Z Receiving objects:  12% (90/747)
2021-06-14T15:40:32.9005291Z Receiving objects:  13% (98/747)
2021-06-14T15:40:32.9005968Z Receiving objects:  14% (105/747)
2021-06-14T15:40:32.9006761Z Receiving objects:  15% (113/747)
2021-06-14T15:40:32.9007453Z Receiving objects:  16% (120/747)
2021-06-14T15:40:32.9008124Z Receiving objects:  17% (127/747)
2021-06-14T15:40:32.9008786Z Receiving objects:  18% (135/747)
2021-06-14T15:40:32.9009458Z Receiving objects:  19% (142/747)
2021-06-14T15:40:32.9010127Z Receiving objects:  20% (150/747)
2021-06-14T15:40:32.9010785Z Receiving objects:  21% (157/747)
2021-06-14T15:40:32.9011457Z Receiving objects:  22% (165/747)
2021-06-14T15:40:32.9012112Z Receiving objects:  23% (172/747)
2021-06-14T15:40:32.9012792Z Receiving objects:  24% (180/747)
2021-06-14T15:40:32.9013458Z Receiving objects:  25% (187/747)
2021-06-14T15:40:32.9014109Z Receiving objects:  26% (195/747)
2021-06-14T15:40:32.9014790Z Receiving objects:  27% (202/747)
2021-06-14T15:40:32.9015446Z Receiving objects:  28% (210/747)
2021-06-14T15:40:32.9016121Z Receiving objects:  29% (217/747)
2021-06-14T15:40:32.9016796Z Receiving objects:  30% (225/747)
2021-06-14T15:40:32.9017448Z Receiving objects:  31% (232/747)
2021-06-14T15:40:32.9018123Z Receiving objects:  32% (240/747)
2021-06-14T15:40:32.9018784Z Receiving objects:  33% (247/747)
2021-06-14T15:40:32.9019454Z Receiving objects:  34% (254/747)
2021-06-14T15:40:32.9020120Z Receiving objects:  35% (262/747)
2021-06-14T15:40:32.9020781Z Receiving objects:  36% (269/747)
2021-06-14T15:40:32.9021442Z Receiving objects:  37% (277/747)
2021-06-14T15:40:32.9022093Z Receiving objects:  38% (284/747)
2021-06-14T15:40:32.9022771Z Receiving objects:  39% (292/747)
2021-06-14T15:40:32.9023435Z Receiving objects:  40% (299/747)
2021-06-14T15:40:32.9024087Z Receiving objects:  41% (307/747)
2021-06-14T15:40:32.9024763Z Receiving objects:  42% (314/747)
2021-06-14T15:40:32.9025416Z Receiving objects:  43% (322/747)
2021-06-14T15:40:32.9026085Z Receiving objects:  44% (329/747)
2021-06-14T15:40:32.9026766Z Receiving objects:  45% (337/747)
2021-06-14T15:40:32.9027418Z Receiving objects:  46% (344/747)
2021-06-14T15:40:32.9028084Z Receiving objects:  47% (352/747)
2021-06-14T15:40:32.9028884Z Receiving objects:  48% (359/747)
2021-06-14T15:40:32.9029556Z Receiving objects:  49% (367/747)
2021-06-14T15:40:32.9030224Z Receiving objects:  50% (374/747)
2021-06-14T15:40:32.9030885Z Receiving objects:  51% (381/747)
2021-06-14T15:40:32.9031552Z Receiving objects:  52% (389/747)
2021-06-14T15:40:32.9032407Z Receiving objects:  53% (396/747)
2021-06-14T15:40:32.9033124Z Receiving objects:  54% (404/747)
2021-06-14T15:40:32.9033842Z Receiving objects:  55% (411/747)
2021-06-14T15:40:32.9034543Z Receiving objects:  56% (419/747)
2021-06-14T15:40:32.9035267Z Receiving objects:  57% (426/747)
2021-06-14T15:40:32.9035968Z Receiving objects:  58% (434/747)
2021-06-14T15:40:32.9036685Z Receiving objects:  59% (441/747)
2021-06-14T15:40:32.9037409Z Receiving objects:  60% (449/747)
2021-06-14T15:40:32.9038116Z Receiving objects:  61% (456/747)
2021-06-14T15:40:32.9038836Z Receiving objects:  62% (464/747)
2021-06-14T15:40:32.9039541Z Receiving objects:  63% (471/747)
2021-06-14T15:40:32.9040260Z Receiving objects:  64% (479/747)
2021-06-14T15:40:32.9040986Z Receiving objects:  65% (486/747)
2021-06-14T15:40:32.9041687Z Receiving objects:  66% (494/747)
2021-06-14T15:40:32.9043495Z Receiving objects:  67% (501/747)
2021-06-14T15:40:32.9044319Z Receiving objects:  68% (508/747)
2021-06-14T15:40:32.9045058Z Receiving objects:  69% (516/747)
2021-06-14T15:40:32.9045782Z Receiving objects:  70% (523/747)
2021-06-14T15:40:32.9046979Z Receiving objects:  71% (531/747)
2021-06-14T15:40:32.9047743Z Receiving objects:  72% (538/747)
2021-06-14T15:40:32.9048457Z Receiving objects:  73% (546/747)
2021-06-14T15:40:32.9049179Z Receiving objects:  74% (553/747)
2021-06-14T15:40:32.9049906Z Receiving objects:  75% (561/747)
2021-06-14T15:40:32.9050610Z Receiving objects:  76% (568/747)
2021-06-14T15:40:32.9051491Z Receiving objects:  77% (576/747)
2021-06-14T15:40:32.9052346Z Receiving objects:  78% (583/747)
2021-06-14T15:40:32.9053069Z Receiving objects:  79% (591/747)
2021-06-14T15:40:32.9053789Z Receiving objects:  80% (598/747)
2021-06-14T15:40:32.9054511Z Receiving objects:  81% (606/747)
2021-06-14T15:40:32.9055239Z Receiving objects:  82% (613/747)
2021-06-14T15:40:32.9055946Z Receiving objects:  83% (621/747)
2021-06-14T15:40:32.9056671Z Receiving objects:  84% (628/747)
2021-06-14T15:40:32.9057387Z Receiving objects:  85% (635/747)
2021-06-14T15:40:32.9058101Z Receiving objects:  86% (643/747)
2021-06-14T15:40:32.9058824Z Receiving objects:  87% (650/747)
2021-06-14T15:40:32.9059614Z Receiving objects:  88% (658/747)
2021-06-14T15:40:32.9060282Z Receiving objects:  89% (665/747)
2021-06-14T15:40:32.9060951Z Receiving objects:  90% (673/747)
2021-06-14T15:40:32.9062224Z remote: Total 747 (delta 218), reused 260 (delta 173), pack-reused 346        
2021-06-14T15:40:32.9063052Z Receiving objects:  91% (680/747)
2021-06-14T15:40:32.9063735Z Receiving objects:  92% (688/747)
2021-06-14T15:40:32.9064396Z Receiving objects:  93% (695/747)
2021-06-14T15:40:32.9065063Z Receiving objects:  94% (703/747)
2021-06-14T15:40:32.9065720Z Receiving objects:  95% (710/747)
2021-06-14T15:40:32.9066401Z Receiving objects:  96% (718/747)
2021-06-14T15:40:32.9067068Z Receiving objects:  97% (725/747)
2021-06-14T15:40:32.9067724Z Receiving objects:  98% (733/747)
2021-06-14T15:40:32.9068393Z Receiving objects:  99% (740/747)
2021-06-14T15:40:32.9069048Z Receiving objects: 100% (747/747)
2021-06-14T15:40:32.9069790Z Receiving objects: 100% (747/747), 206.46 KiB | 14.75 MiB/s, done.
2021-06-14T15:40:32.9070521Z Resolving deltas:   0% (0/398)
2021-06-14T15:40:32.9071167Z Resolving deltas:   1% (4/398)
2021-06-14T15:40:32.9071822Z Resolving deltas:   2% (8/398)
2021-06-14T15:40:32.9072503Z Resolving deltas:   3% (12/398)
2021-06-14T15:40:32.9073162Z Resolving deltas:   4% (16/398)
2021-06-14T15:40:32.9073826Z Resolving deltas:   5% (20/398)
2021-06-14T15:40:32.9074470Z Resolving deltas:   6% (24/398)
2021-06-14T15:40:32.9075128Z Resolving deltas:   7% (28/398)
2021-06-14T15:40:32.9075772Z Resolving deltas:   8% (32/398)
2021-06-14T15:40:32.9076427Z Resolving deltas:   9% (36/398)
2021-06-14T15:40:32.9077227Z Resolving deltas:  10% (40/398)
2021-06-14T15:40:32.9077869Z Resolving deltas:  11% (44/398)
2021-06-14T15:40:32.9078526Z Resolving deltas:  12% (48/398)
2021-06-14T15:40:32.9079170Z Resolving deltas:  13% (52/398)
2021-06-14T15:40:32.9079829Z Resolving deltas:  14% (56/398)
2021-06-14T15:40:32.9080482Z Resolving deltas:  15% (60/398)
2021-06-14T15:40:32.9081162Z Resolving deltas:  16% (64/398)
2021-06-14T15:40:32.9081821Z Resolving deltas:  17% (68/398)
2021-06-14T15:40:32.9082462Z Resolving deltas:  18% (72/398)
2021-06-14T15:40:32.9083120Z Resolving deltas:  19% (76/398)
2021-06-14T15:40:32.9083776Z Resolving deltas:  20% (80/398)
2021-06-14T15:40:32.9084421Z Resolving deltas:  21% (84/398)
2021-06-14T15:40:32.9085084Z Resolving deltas:  22% (88/398)
2021-06-14T15:40:32.9085723Z Resolving deltas:  23% (92/398)
2021-06-14T15:40:32.9086379Z Resolving deltas:  24% (96/398)
2021-06-14T15:40:32.9087194Z Resolving deltas:  25% (100/398)
2021-06-14T15:40:32.9087854Z Resolving deltas:  26% (104/398)
2021-06-14T15:40:32.9088518Z Resolving deltas:  27% (108/398)
2021-06-14T15:40:32.9089164Z Resolving deltas:  28% (112/398)
2021-06-14T15:40:32.9089832Z Resolving deltas:  29% (116/398)
2021-06-14T15:40:32.9090489Z Resolving deltas:  30% (120/398)
2021-06-14T15:40:32.9091137Z Resolving deltas:  31% (124/398)
2021-06-14T15:40:32.9091800Z Resolving deltas:  32% (128/398)
2021-06-14T15:40:32.9092444Z Resolving deltas:  33% (132/398)
2021-06-14T15:40:32.9093102Z Resolving deltas:  34% (136/398)
2021-06-14T15:40:32.9093764Z Resolving deltas:  35% (140/398)
2021-06-14T15:40:32.9094412Z Resolving deltas:  36% (144/398)
2021-06-14T15:40:32.9095072Z Resolving deltas:  37% (148/398)
2021-06-14T15:40:32.9095811Z Resolving deltas:  38% (152/398)
2021-06-14T15:40:32.9096499Z Resolving deltas:  39% (156/398)
2021-06-14T15:40:32.9097158Z Resolving deltas:  40% (160/398)
2021-06-14T15:40:32.9097805Z Resolving deltas:  41% (164/398)
2021-06-14T15:40:32.9098461Z Resolving deltas:  42% (168/398)
2021-06-14T15:40:32.9099116Z Resolving deltas:  43% (172/398)
2021-06-14T15:40:32.9099777Z Resolving deltas:  44% (176/398)
2021-06-14T15:40:32.9100442Z Resolving deltas:  45% (180/398)
2021-06-14T15:40:32.9101093Z Resolving deltas:  46% (184/398)
2021-06-14T15:40:32.9101755Z Resolving deltas:  47% (188/398)
2021-06-14T15:40:32.9102397Z Resolving deltas:  48% (192/398)
2021-06-14T15:40:32.9103062Z Resolving deltas:  49% (196/398)
2021-06-14T15:40:32.9103717Z Resolving deltas:  50% (199/398)
2021-06-14T15:40:32.9104352Z Resolving deltas:  51% (203/398)
2021-06-14T15:40:32.9105003Z Resolving deltas:  52% (207/398)
2021-06-14T15:40:32.9105641Z Resolving deltas:  53% (211/398)
2021-06-14T15:40:32.9106294Z Resolving deltas:  54% (215/398)
2021-06-14T15:40:32.9106937Z Resolving deltas:  55% (219/398)
2021-06-14T15:40:32.9107589Z Resolving deltas:  56% (223/398)
2021-06-14T15:40:32.9108246Z Resolving deltas:  57% (227/398)
2021-06-14T15:40:32.9108885Z Resolving deltas:  58% (231/398)
2021-06-14T15:40:32.9109552Z Resolving deltas:  59% (235/398)
2021-06-14T15:40:32.9110189Z Resolving deltas:  60% (239/398)
2021-06-14T15:40:32.9110849Z Resolving deltas:  61% (243/398)
2021-06-14T15:40:32.9111506Z Resolving deltas:  62% (247/398)
2021-06-14T15:40:32.9112144Z Resolving deltas:  63% (251/398)
2021-06-14T15:40:32.9112794Z Resolving deltas:  64% (255/398)
2021-06-14T15:40:32.9113433Z Resolving deltas:  65% (259/398)
2021-06-14T15:40:32.9114091Z Resolving deltas:  66% (263/398)
2021-06-14T15:40:32.9114746Z Resolving deltas:  67% (267/398)
2021-06-14T15:40:32.9115385Z Resolving deltas:  68% (271/398)
2021-06-14T15:40:32.9116037Z Resolving deltas:  69% (275/398)
2021-06-14T15:40:32.9116676Z Resolving deltas:  70% (279/398)
2021-06-14T15:40:32.9117338Z Resolving deltas:  71% (283/398)
2021-06-14T15:40:32.9117995Z Resolving deltas:  72% (287/398)
2021-06-14T15:40:32.9118634Z Resolving deltas:  73% (291/398)
2021-06-14T15:40:32.9119288Z Resolving deltas:  74% (295/398)
2021-06-14T15:40:32.9119925Z Resolving deltas:  75% (299/398)
2021-06-14T15:40:32.9120691Z Resolving deltas:  76% (303/398)
2021-06-14T15:40:32.9121353Z Resolving deltas:  77% (307/398)
2021-06-14T15:40:32.9121980Z Resolving deltas:  78% (311/398)
2021-06-14T15:40:32.9122627Z Resolving deltas:  79% (315/398)
2021-06-14T15:40:32.9123263Z Resolving deltas:  80% (319/398)
2021-06-14T15:40:32.9123914Z Resolving deltas:  81% (323/398)
2021-06-14T15:40:32.9124563Z Resolving deltas:  82% (327/398)
2021-06-14T15:40:32.9125198Z Resolving deltas:  83% (331/398)
2021-06-14T15:40:32.9125845Z Resolving deltas:  84% (335/398)
2021-06-14T15:40:32.9126752Z Resolving deltas:  85% (339/398)
2021-06-14T15:40:32.9127709Z Resolving deltas:  86% (343/398)
2021-06-14T15:40:32.9128546Z Resolving deltas:  87% (347/398)
2021-06-14T15:40:32.9129246Z Resolving deltas:  88% (351/398)
2021-06-14T15:40:32.9129958Z Resolving deltas:  89% (355/398)
2021-06-14T15:40:32.9130637Z Resolving deltas:  90% (359/398)
2021-06-14T15:40:32.9131340Z Resolving deltas:  91% (363/398)
2021-06-14T15:40:32.9132056Z Resolving deltas:  92% (367/398)
2021-06-14T15:40:32.9132740Z Resolving deltas:  93% (371/398)
2021-06-14T15:40:32.9133437Z Resolving deltas:  94% (375/398)
2021-06-14T15:40:32.9134116Z Resolving deltas:  95% (379/398)
2021-06-14T15:40:32.9134817Z Resolving deltas:  96% (383/398)
2021-06-14T15:40:32.9135516Z Resolving deltas:  97% (387/398)
2021-06-14T15:40:32.9136202Z Resolving deltas:  98% (391/398)
2021-06-14T15:40:32.9136896Z Resolving deltas:  99% (395/398)
2021-06-14T15:40:32.9137577Z Resolving deltas: 100% (398/398)
2021-06-14T15:40:32.9138300Z Resolving deltas: 100% (398/398), done.
2021-06-14T15:40:32.9139127Z From https://github.com/con/tinuous
2021-06-14T15:40:32.9140406Z  * [new branch]      delay-config      -> origin/delay-config
2021-06-14T15:40:32.9141664Z  * [new branch]      docstring         -> origin/docstring
2021-06-14T15:40:32.9144212Z  * [new branch]      gh-55             -> origin/gh-55
2021-06-14T15:40:32.9145809Z  * [new branch]      master            -> origin/master
2021-06-14T15:40:32.9147016Z  * [new branch]      no-extra-search   -> origin/no-extra-search
2021-06-14T15:40:32.9148190Z  * [new branch]      regex-link        -> origin/regex-link
2021-06-14T15:40:32.9149363Z  * [new branch]      test-appveyor     -> origin/test-appveyor
2021-06-14T15:40:32.9150560Z  * [new branch]      test-rmprefix     -> origin/test-rmprefix
2021-06-14T15:40:32.9151809Z  * [new branch]      test-wkspec-match -> origin/test-wkspec-match
2021-06-14T15:40:32.9153010Z  * [new branch]      timestamp         -> origin/timestamp
2021-06-14T15:40:32.9153968Z  * [new tag]         0.1.0             -> 0.1.0
2021-06-14T15:40:32.9154749Z  * [new tag]         0.2.0             -> 0.2.0
2021-06-14T15:40:32.9155599Z  * [new tag]         0.3.0             -> 0.3.0
2021-06-14T15:40:32.9156597Z [command]/usr/bin/git branch --list --remote origin/master
2021-06-14T15:40:32.9157385Z   origin/master
2021-06-14T15:40:32.9158363Z [command]/usr/bin/git rev-parse refs/remotes/origin/master
2021-06-14T15:40:32.9159464Z bedf7e823bcbd26ec53aa098bcf482f05051534b
2021-06-14T15:40:32.9160460Z ##[endgroup]
2021-06-14T15:40:32.9161214Z ##[group]Determining the checkout info
2021-06-14T15:40:32.9161962Z ##[endgroup]
2021-06-14T15:40:32.9162648Z ##[group]Checking out the ref
2021-06-14T15:40:32.9163819Z [command]/usr/bin/git checkout --progress --force -B master refs/remotes/origin/master
2021-06-14T15:40:32.9164971Z Reset branch 'master'
2021-06-14T15:40:32.9165934Z Branch 'master' set up to track remote branch 'master' from 'origin'.
2021-06-14T15:40:32.9166829Z ##[endgroup]
2021-06-14T15:40:32.9167687Z [command]/usr/bin/git log -1 --format='%H'
2021-06-14T15:40:32.9168782Z 'bedf7e823bcbd26ec53aa098bcf482f05051534b'
2021-06-14T15:40:32.9260073Z ##[group]Run actions/setup-python@v2
2021-06-14T15:40:32.9260654Z with:
2021-06-14T15:40:32.9261132Z   python-version: 3.8
2021-06-14T15:40:32.9262050Z   token: ***
2021-06-14T15:40:32.9262508Z ##[endgroup]
2021-06-14T15:40:33.0012214Z Successfully setup CPython (3.8.10)
2021-06-14T15:40:33.0079747Z ##[group]Run python -m pip install --upgrade pip wheel
2021-06-14T15:40:33.0080636Z [36;1mpython -m pip install --upgrade pip wheel[0m
2021-06-14T15:40:33.0081501Z [36;1mpython -m pip install --upgrade --upgrade-strategy=eager tox[0m
2021-06-14T15:40:33.0128042Z shell: /usr/bin/bash -e {0}
2021-06-14T15:40:33.0128572Z env:
2021-06-14T15:40:33.0129334Z   pythonLocation: /opt/hostedtoolcache/Python/3.8.10/x64
2021-06-14T15:40:33.0130195Z   LD_LIBRARY_PATH: /opt/hostedtoolcache/Python/3.8.10/x64/lib
2021-06-14T15:40:33.0130908Z ##[endgroup]
2021-06-14T15:40:33.6611373Z Requirement already satisfied: pip in /opt/hostedtoolcache/Python/3.8.10/x64/lib/python3.8/site-packages (21.1.2)
2021-06-14T15:40:33.7936270Z Collecting wheel
2021-06-14T15:40:33.8380667Z   Downloading wheel-0.36.2-py2.py3-none-any.whl (35 kB)
2021-06-14T15:40:33.8967943Z Installing collected packages: wheel
2021-06-14T15:40:33.9319680Z Successfully installed wheel-0.36.2
2021-06-14T15:40:34.6268155Z Collecting tox
2021-06-14T15:40:34.6606080Z   Downloading tox-3.23.1-py2.py3-none-any.whl (85 kB)
2021-06-14T15:40:34.7325413Z Collecting filelock>=3.0.0
2021-06-14T15:40:34.7371821Z   Downloading filelock-3.0.12-py3-none-any.whl (7.6 kB)
2021-06-14T15:40:34.7952310Z Collecting py>=1.4.17
2021-06-14T15:40:34.7997281Z   Downloading py-1.10.0-py2.py3-none-any.whl (97 kB)
2021-06-14T15:40:34.8340400Z Collecting pluggy>=0.12.0
2021-06-14T15:40:34.8523517Z   Downloading pluggy-0.13.1-py2.py3-none-any.whl (18 kB)
2021-06-14T15:40:34.8949564Z Collecting packaging>=14
2021-06-14T15:40:34.8995562Z   Downloading packaging-20.9-py2.py3-none-any.whl (40 kB)
2021-06-14T15:40:34.9357343Z Collecting six>=1.14.0
2021-06-14T15:40:34.9398427Z   Downloading six-1.16.0-py2.py3-none-any.whl (11 kB)
2021-06-14T15:40:34.9664423Z Collecting toml>=0.9.4
2021-06-14T15:40:34.9776819Z   Downloading toml-0.10.2-py2.py3-none-any.whl (16 kB)
2021-06-14T15:40:35.1873876Z Collecting virtualenv!=20.0.0,!=20.0.1,!=20.0.2,!=20.0.3,!=20.0.4,!=20.0.5,!=20.0.6,!=20.0.7,>=16.0.0
2021-06-14T15:40:35.1941561Z   Downloading virtualenv-20.4.7-py2.py3-none-any.whl (7.2 MB)
2021-06-14T15:40:35.3895167Z Collecting pyparsing>=2.0.2
2021-06-14T15:40:35.3938733Z   Downloading pyparsing-2.4.7-py2.py3-none-any.whl (67 kB)
2021-06-14T15:40:35.4675797Z Collecting appdirs<2,>=1.4.3
2021-06-14T15:40:35.4787418Z   Downloading appdirs-1.4.4-py2.py3-none-any.whl (9.6 kB)
2021-06-14T15:40:35.5104333Z Collecting distlib<1,>=0.3.1
2021-06-14T15:40:35.5156269Z   Downloading distlib-0.3.2-py2.py3-none-any.whl (338 kB)
2021-06-14T15:40:35.6220225Z Installing collected packages: six, pyparsing, filelock, distlib, appdirs, virtualenv, toml, py, pluggy, packaging, tox
2021-06-14T15:40:36.1896080Z Successfully installed appdirs-1.4.4 distlib-0.3.2 filelock-3.0.12 packaging-20.9 pluggy-0.13.1 py-1.10.0 pyparsing-2.4.7 six-1.16.0 toml-0.10.2 tox-3.23.1 virtualenv-20.4.7
2021-06-14T15:40:36.2813677Z ##[group]Run tox -e py -- --cov-report=xml
2021-06-14T15:40:36.2814334Z [36;1mtox -e py -- --cov-report=xml[0m
2021-06-14T15:40:36.2857402Z shell: /usr/bin/bash -e {0}
2021-06-14T15:40:36.2857844Z env:
2021-06-14T15:40:36.2858448Z   pythonLocation: /opt/hostedtoolcache/Python/3.8.10/x64
2021-06-14T15:40:36.2859281Z   LD_LIBRARY_PATH: /opt/hostedtoolcache/Python/3.8.10/x64/lib
2021-06-14T15:40:36.2859880Z ##[endgroup]
2021-06-14T15:40:36.5230011Z .package create: /home/runner/work/tinuous/tinuous/.tox/.package
2021-06-14T15:40:37.1256274Z .package installdeps: setuptools >= 46.4.0, wheel ~= 0.32
2021-06-14T15:40:40.7509055Z py create: /home/runner/work/tinuous/tinuous/.tox/py
2021-06-14T15:40:41.0139612Z py installdeps: pytest~=6.0, pytest-cov~=2.0, pytest-mock~=3.0
2021-06-14T15:40:44.1745451Z py inst: /home/runner/work/tinuous/tinuous/.tox/.tmp/package/1/tinuous-0.3.0+13.gbedf7e8.tar.gz
2021-06-14T15:40:54.1347843Z py installed: attrs==21.2.0,certifi==2021.5.30,cffi==1.14.5,chardet==4.0.0,click==8.0.1,click-loglevel==0.4.0.post1,coverage==5.5,Deprecated==1.2.12,idna==2.10,in-place==0.5.0,iniconfig==1.1.1,packaging==20.9,pluggy==0.13.1,py==1.10.0,pycparser==2.20,pydantic==1.8.2,PyGithub==1.55,PyJWT==2.1.0,PyNaCl==1.4.0,pyparsing==2.4.7,pytest==6.2.4,pytest-cov==2.12.1,pytest-mock==3.6.1,python-dateutil==2.8.1,python-dotenv==0.17.1,PyYAML==5.4.1,requests==2.25.1,six==1.16.0,tinuous @ file:///home/runner/work/tinuous/tinuous/.tox/.tmp/package/1/tinuous-0.3.0%2B13.gbedf7e8.tar.gz,toml==0.10.2,typing-extensions==3.10.0.0,urllib3==1.26.5,wrapt==1.12.1
2021-06-14T15:40:54.1385774Z py run-test-pre: PYTHONHASHSEED='47688046'
2021-06-14T15:40:54.1404430Z py run-test: commands[0] | tinuous --help
2021-06-14T15:40:54.4498108Z Usage: tinuous [OPTIONS] COMMAND [ARGS]...
2021-06-14T15:40:54.4498988Z 
2021-06-14T15:40:54.4500006Z   Download build logs from GitHub Actions, Travis, and Appveyor
2021-06-14T15:40:54.4500846Z 
2021-06-14T15:40:54.4501477Z Options:
2021-06-14T15:40:54.4503254Z   -V, --version                   Show the version and exit.
2021-06-14T15:40:54.4504911Z   -c, --config FILE               Read configuration from the given file
2021-06-14T15:40:54.4506207Z                                   [default: tinuous.yaml]
2021-06-14T15:40:54.4507815Z   -E, --env FILE                  Load environment variables from given .env
2021-06-14T15:40:54.4508921Z                                   file
2021-06-14T15:40:54.4510531Z   -l, --log-level [NOTSET|DEBUG|INFO|WARNING|ERROR|CRITICAL]
2021-06-14T15:40:54.4511793Z                                   Set logging level  [default: 20]
2021-06-14T15:40:54.4513186Z   --help                          Show this message and exit.
2021-06-14T15:40:54.4513866Z 
2021-06-14T15:40:54.4514483Z Commands:
2021-06-14T15:40:54.4515250Z   fetch     Download logs
2021-06-14T15:40:54.4516201Z   sanitize  Sanitize secrets in logs
2021-06-14T15:40:54.4805567Z py run-test: commands[1] | pytest --cov-report=xml test
2021-06-14T15:40:55.5702126Z ============================= test session starts ==============================
2021-06-14T15:40:55.5709294Z platform linux -- Python 3.8.10, pytest-6.2.4, py-1.10.0, pluggy-0.13.1
2021-06-14T15:40:55.5717845Z cachedir: .tox/py/.pytest_cache
2021-06-14T15:40:55.5725821Z rootdir: /home/runner/work/tinuous/tinuous, configfile: tox.ini
2021-06-14T15:40:55.5728508Z plugins: cov-2.12.1, mock-3.6.1
2021-06-14T15:40:55.5729578Z collected 38 items
2021-06-14T15:40:55.5730102Z 
2021-06-14T15:40:55.5953215Z test/test_config.py ........                                             [ 21%]
2021-06-14T15:40:55.6206446Z test/test_state.py ........                                              [ 42%]
2021-06-14T15:40:55.8382395Z test/test_util.py ......................                                 [100%]
2021-06-14T15:40:55.8382807Z 
2021-06-14T15:40:55.8384029Z ---------- coverage: platform linux, python 3.8.10-final-0 -----------
2021-06-14T15:40:55.8384793Z Coverage XML written to file coverage.xml
2021-06-14T15:40:55.8385194Z 
2021-06-14T15:40:55.8385636Z 
2021-06-14T15:40:55.8386077Z ============================== 38 passed in 0.85s ==============================
2021-06-14T15:40:55.8973318Z ___________________________________ summary ____________________________________
2021-06-14T15:40:55.8973924Z   py: commands succeeded
2021-06-14T15:40:55.8974409Z   congratulations :)
2021-06-14T15:40:55.9321088Z ##[group]Run codecov/codecov-action@v1
2021-06-14T15:40:55.9321576Z with:
2021-06-14T15:40:55.9321966Z   fail_ci_if_error: false
2021-06-14T15:40:55.9322345Z env:
2021-06-14T15:40:55.9322898Z   pythonLocation: /opt/hostedtoolcache/Python/3.8.10/x64
2021-06-14T15:40:55.9323648Z   LD_LIBRARY_PATH: /opt/hostedtoolcache/Python/3.8.10/x64/lib
2021-06-14T15:40:55.9324222Z ##[endgroup]
2021-06-14T15:40:55.9958992Z [command]/usr/bin/bash codecov.sh -n  -F  -Q github-action-v1.5.2
2021-06-14T15:40:56.0044853Z 
2021-06-14T15:40:56.0045695Z   _____          _
2021-06-14T15:40:56.0046247Z  / ____|        | |
2021-06-14T15:40:56.0047156Z | |     ___   __| | ___  ___ _____   __
2021-06-14T15:40:56.0047959Z | |    / _ \ / _` |/ _ \/ __/ _ \ \ / /
2021-06-14T15:40:56.0048445Z | |___| (_) | (_| |  __/ (_| (_) \ V /
2021-06-14T15:40:56.0049060Z  \_____\___/ \__,_|\___|\___\___/ \_/
2021-06-14T15:40:56.0050037Z                               Bash-1.0.3
2021-06-14T15:40:56.0050343Z 
2021-06-14T15:40:56.0050692Z 
2021-06-14T15:40:56.0071109Z [0;36m==>[0m git version 2.31.1 found
2021-06-14T15:40:56.0189737Z [0;36m==>[0m curl 7.68.0 (x86_64-pc-linux-gnu) libcurl/7.68.0 OpenSSL/1.1.1f zlib/1.2.11 brotli/1.0.7 libidn2/2.2.0 libpsl/0.21.0 (+libidn2/2.2.0) libssh/0.9.3/openssl/zlib nghttp2/1.40.0 librtmp/2.3
2021-06-14T15:40:56.0190829Z Release-Date: 2020-01-08
2021-06-14T15:40:56.0191673Z Protocols: dict file ftp ftps gopher http https imap imaps ldap ldaps pop3 pop3s rtmp rtsp scp sftp smb smbs smtp smtps telnet tftp 
2021-06-14T15:40:56.0193194Z Features: AsynchDNS brotli GSS-API HTTP2 HTTPS-proxy IDN IPv6 Kerberos Largefile libz NTLM NTLM_WB PSL SPNEGO SSL TLS-SRP UnixSockets
2021-06-14T15:40:56.0194285Z [0;90m==>[0m GitHub Actions detected.
2021-06-14T15:40:56.0194785Z     Env vars used:
2021-06-14T15:40:56.0195396Z       -> GITHUB_ACTIONS:    true
2021-06-14T15:40:56.0195968Z       -> GITHUB_HEAD_REF:   
2021-06-14T15:40:56.0196600Z       -> GITHUB_REF:        refs/heads/master
2021-06-14T15:40:56.0197278Z       -> GITHUB_REPOSITORY: con/tinuous
2021-06-14T15:40:56.0197916Z       -> GITHUB_RUN_ID:     936340790
2021-06-14T15:40:56.0198845Z       -> GITHUB_SHA:        bedf7e823bcbd26ec53aa098bcf482f05051534b
2021-06-14T15:40:56.0199747Z       -> GITHUB_WORKFLOW:   Test
2021-06-14T15:40:56.0389670Z     [0;90mproject root:[0m .
2021-06-14T15:40:56.0458733Z     [0;90mYaml found at:[0m codecov.yml
2021-06-14T15:40:56.0915084Z [0;90m==>[0m Running gcov in . [0;90m(disable via -X gcov)[0m
2021-06-14T15:40:56.1056285Z [0;90m==>[0m Searching for coverage reports in:
2021-06-14T15:40:56.1057302Z     [0;32m+[0m .
2021-06-14T15:40:56.1122086Z     [0;90m->[0m Found 1 reports
2021-06-14T15:40:56.1124404Z [0;90m==>[0m Detecting git/mercurial file structure
2021-06-14T15:40:56.1198885Z [0;90m==>[0m Reading reports
2021-06-14T15:40:56.1261695Z     [0;32m+[0m ./coverage.xml [0;90mbytes=42717[0m
2021-06-14T15:40:56.1291554Z [0;90m==>[0m Appending adjustments
2021-06-14T15:40:56.1293344Z     [0;36mhttps://docs.codecov.io/docs/fixing-reports[0m
2021-06-14T15:40:56.1407416Z     [0;90m->[0m No adjustments found
2021-06-14T15:40:56.1411815Z [0;90m==>[0m Gzipping contents
2021-06-14T15:40:56.1547737Z         4.0K	/tmp/codecov.TbJUCj.gz
2021-06-14T15:40:56.1569049Z [0;90m==>[0m Uploading reports
2021-06-14T15:40:56.1570053Z     [0;90murl:[0m https://codecov.io
2021-06-14T15:40:56.1572072Z     [0;90mquery:[0m branch=master&commit=bedf7e823bcbd26ec53aa098bcf482f05051534b&build=936340790&build_url=http%3A%2F%2Fgithub.com%2Fcon%2Ftinuous%2Factions%2Fruns%2F936340790&name=&tag=&slug=con%2Ftinuous&service=github-actions&flags=&pr=&job=Test&cmd_args=n,F,Q
2021-06-14T15:40:56.1610632Z [0;90m->[0m  Pinging Codecov
2021-06-14T15:40:56.1628816Z https://codecov.io/upload/v4?package=github-action-v1.5.2-1.0.3&token=secret&branch=master&commit=bedf7e823bcbd26ec53aa098bcf482f05051534b&build=936340790&build_url=http%3A%2F%2Fgithub.com%2Fcon%2Ftinuous%2Factions%2Fruns%2F936340790&name=&tag=&slug=con%2Ftinuous&service=github-actions&flags=&pr=&job=Test&cmd_args=n,F,Q
2021-06-14T15:40:56.6339724Z [0;90m->[0m  Uploading to
2021-06-14T15:40:56.6344540Z https://storage.googleapis.com/codecov/v4/raw/2021-06-14/0010CBA6D851417C00BB0BC3FC5895F9/bedf7e823bcbd26ec53aa098bcf482f05051534b/929bb767-b571-4041-abf8-c293b1aded1b.txt?X-Amz-Algorithm=AWS4-HMAC-SHA256&X-Amz-Credential=GOOG1EKKHVKCKHW7KBCGM7IHR55T63V2PAVJWLVFNITJHDU5G6R5IRN3LMWJA%2F20210614%2FUS%2Fs3%2Faws4_request&X-Amz-Date=20210614T154056Z&X-Amz-Expires=10&X-Amz-SignedHeaders=host&X-Amz-Signature=25031e5295ca7b9e46134356e50e19a491168616d017daf42d3d50b870bac013
2021-06-14T15:40:56.6419830Z   % Total    % Received % Xferd  Average Speed   Time    Time     Time  Current
2021-06-14T15:40:56.6420849Z                                  Dload  Upload   Total   Spent    Left  Speed
2021-06-14T15:40:56.6421644Z 
2021-06-14T15:40:56.8521539Z   0     0    0     0    0     0      0      0 --:--:-- --:--:-- --:--:--     0
2021-06-14T15:40:56.8523191Z 100  3569    0     0  100  3569      0  17076 --:--:-- --:--:-- --:--:-- 17076
2021-06-14T15:40:56.8586097Z     [0;32m->[0m Reports have been successfully queued for processing at [0;36mhttps://codecov.io/github/con/tinuous/commit/bedf7e823bcbd26ec53aa098bcf482f05051534b[0m
2021-06-14T15:40:56.8749273Z Post job cleanup.
2021-06-14T15:40:56.9807909Z [command]/usr/bin/git version
2021-06-14T15:40:56.9855115Z git version 2.31.1
2021-06-14T15:40:56.9898444Z [command]/usr/bin/git config --local --name-only --get-regexp core\.sshCommand
2021-06-14T15:40:56.9935283Z [command]/usr/bin/git submodule foreach --recursive git config --local --name-only --get-regexp 'core\.sshCommand' && git config --local --unset-all 'core.sshCommand' || :
2021-06-14T15:40:57.0170800Z [command]/usr/bin/git config --local --name-only --get-regexp http\.https\:\/\/github\.com\/\.extraheader
2021-06-14T15:40:57.0194551Z http.https://github.com/.extraheader
2021-06-14T15:40:57.0203421Z [command]/usr/bin/git config --local --unset-all http.https://github.com/.extraheader
2021-06-14T15:40:57.0236266Z [command]/usr/bin/git submodule foreach --recursive git config --local --name-only --get-regexp 'http\.https\:\/\/github\.com\/\.extraheader' && git config --local --unset-all 'http.https://github.com/.extraheader' || :
2021-06-14T15:40:57.0610861Z Cleaning up orphan processes
