2025-12-03T01:47:46.5623828Z Current runner version: '2.329.0'
2025-12-03T01:47:46.5656164Z ##[group]Runner Image Provisioner
2025-12-03T01:47:46.5657251Z Hosted Compute Agent
2025-12-03T01:47:46.5658551Z Version: 20251124.448
2025-12-03T01:47:46.5659609Z Commit: fda5086b43ec66ade217e5fcd18146c879571177
2025-12-03T01:47:46.5660782Z Build Date: 2025-11-24T21:16:26Z
2025-12-03T01:47:46.5661725Z ##[endgroup]
2025-12-03T01:47:46.5662632Z ##[group]Operating System
2025-12-03T01:47:46.5663498Z Ubuntu
2025-12-03T01:47:46.5664203Z 24.04.3
2025-12-03T01:47:46.5665088Z LTS
2025-12-03T01:47:46.5666111Z ##[endgroup]
2025-12-03T01:47:46.5666823Z ##[group]Runner Image
2025-12-03T01:47:46.5667765Z Image: ubuntu-24.04
2025-12-03T01:47:46.5668616Z Version: 20251126.144.1
2025-12-03T01:47:46.5670420Z Included Software: https://github.com/actions/runner-images/blob/ubuntu24/20251126.144/images/ubuntu/Ubuntu2404-Readme.md
2025-12-03T01:47:46.5673208Z Image Release: https://github.com/actions/runner-images/releases/tag/ubuntu24%2F20251126.144
2025-12-03T01:47:46.5674858Z ##[endgroup]
2025-12-03T01:47:46.5679481Z ##[group]GITHUB_TOKEN Permissions
2025-12-03T01:47:46.5682163Z Actions: write
2025-12-03T01:47:46.5683151Z ArtifactMetadata: write
2025-12-03T01:47:46.5684015Z Attestations: write
2025-12-03T01:47:46.5684896Z Checks: write
2025-12-03T01:47:46.5686408Z Contents: write
2025-12-03T01:47:46.5687223Z Deployments: write
2025-12-03T01:47:46.5688090Z Discussions: write
2025-12-03T01:47:46.5688981Z Issues: write
2025-12-03T01:47:46.5689700Z Metadata: read
2025-12-03T01:47:46.5690569Z Models: read
2025-12-03T01:47:46.5691302Z Packages: write
2025-12-03T01:47:46.5692144Z Pages: write
2025-12-03T01:47:46.5693017Z PullRequests: write
2025-12-03T01:47:46.5693865Z RepositoryProjects: write
2025-12-03T01:47:46.5695065Z SecurityEvents: write
2025-12-03T01:47:46.5696378Z Statuses: write
2025-12-03T01:47:46.5697106Z ##[endgroup]
2025-12-03T01:47:46.5700347Z Secret source: Actions
2025-12-03T01:47:46.5701536Z Prepare workflow directory
2025-12-03T01:47:46.6151057Z Prepare all required actions
2025-12-03T01:47:46.6207237Z Getting action download info
2025-12-03T01:47:46.9612771Z Download action repository 'actions/checkout@v4' (SHA:34e114876b0b11c390a56381ad16ebd13914f8d5)
2025-12-03T01:47:47.2677586Z Download action repository 'actions/setup-python@v5' (SHA:a26af69be951a213d495a4c3e4e4022e16d87065)
2025-12-03T01:47:47.4182669Z Download action repository 'codecov/codecov-action@v5' (SHA:5a1091511ad55cbe89839c7260b706298ca349f7)
2025-12-03T01:47:47.6942517Z Getting action download info
2025-12-03T01:47:47.8056399Z Download action repository 'actions/github-script@60a0d83039c74a4aee543508d2ffcb1c3799cdea' (SHA:60a0d83039c74a4aee543508d2ffcb1c3799cdea)
2025-12-03T01:47:48.0956390Z Complete job name: test (3.13, py)
2025-12-03T01:47:48.1805973Z ##[group]Run actions/checkout@v4
2025-12-03T01:47:48.1807327Z with:
2025-12-03T01:47:48.1808090Z   fetch-depth: 0
2025-12-03T01:47:48.1808921Z   repository: con/tinuous
2025-12-03T01:47:48.1810056Z   token: ***
2025-12-03T01:47:48.1810844Z   ssh-strict: true
2025-12-03T01:47:48.1811684Z   ssh-user: git
2025-12-03T01:47:48.1812489Z   persist-credentials: true
2025-12-03T01:47:48.1813408Z   clean: true
2025-12-03T01:47:48.1814229Z   sparse-checkout-cone-mode: true
2025-12-03T01:47:48.1815214Z   fetch-tags: false
2025-12-03T01:47:48.1816182Z   show-progress: true
2025-12-03T01:47:48.1816979Z   lfs: false
2025-12-03T01:47:48.1817723Z   submodules: false
2025-12-03T01:47:48.1818522Z   set-safe-directory: true
2025-12-03T01:47:48.1819642Z ##[endgroup]
2025-12-03T01:47:48.2909323Z Syncing repository: con/tinuous
2025-12-03T01:47:48.2911757Z ##[group]Getting Git version info
2025-12-03T01:47:48.2913037Z Working directory is '/home/runner/work/tinuous/tinuous'
2025-12-03T01:47:48.2914928Z [command]/usr/bin/git version
2025-12-03T01:47:48.2985206Z git version 2.52.0
2025-12-03T01:47:48.3012444Z ##[endgroup]
2025-12-03T01:47:48.3025834Z Temporarily overriding HOME='/home/runner/work/_temp/b290ef77-dc3e-48dc-ab98-29bf7f6208ec' before making global git config changes
2025-12-03T01:47:48.3029039Z Adding repository directory to the temporary git global config as a safe directory
2025-12-03T01:47:48.3031551Z [command]/usr/bin/git config --global --add safe.directory /home/runner/work/tinuous/tinuous
2025-12-03T01:47:48.3067437Z Deleting the contents of '/home/runner/work/tinuous/tinuous'
2025-12-03T01:47:48.3070613Z ##[group]Initializing the repository
2025-12-03T01:47:48.3074433Z [command]/usr/bin/git init /home/runner/work/tinuous/tinuous
2025-12-03T01:47:48.3168158Z hint: Using 'master' as the name for the initial branch. This default branch name
2025-12-03T01:47:48.3169996Z hint: will change to "main" in Git 3.0. To configure the initial branch name
2025-12-03T01:47:48.3171785Z hint: to use in all of your new repositories, which will suppress this warning,
2025-12-03T01:47:48.3173824Z hint: call:
2025-12-03T01:47:48.3174552Z hint:
2025-12-03T01:47:48.3175671Z hint: 	git config --global init.defaultBranch <name>
2025-12-03T01:47:48.3176824Z hint:
2025-12-03T01:47:48.3178098Z hint: Names commonly chosen instead of 'master' are 'main', 'trunk' and
2025-12-03T01:47:48.3179898Z hint: 'development'. The just-created branch can be renamed via this command:
2025-12-03T01:47:48.3181460Z hint:
2025-12-03T01:47:48.3182235Z hint: 	git branch -m <name>
2025-12-03T01:47:48.3183451Z hint:
2025-12-03T01:47:48.3184659Z hint: Disable this message with "git config set advice.defaultBranchName false"
2025-12-03T01:47:48.3186832Z Initialized empty Git repository in /home/runner/work/tinuous/tinuous/.git/
2025-12-03T01:47:48.3189734Z [command]/usr/bin/git remote add origin https://github.com/con/tinuous
2025-12-03T01:47:48.3218453Z ##[endgroup]
2025-12-03T01:47:48.3219840Z ##[group]Disabling automatic garbage collection
2025-12-03T01:47:48.3221844Z [command]/usr/bin/git config --local gc.auto 0
2025-12-03T01:47:48.3249689Z ##[endgroup]
2025-12-03T01:47:48.3251002Z ##[group]Setting up auth
2025-12-03T01:47:48.3256083Z [command]/usr/bin/git config --local --name-only --get-regexp core\.sshCommand
2025-12-03T01:47:48.3284933Z [command]/usr/bin/git submodule foreach --recursive sh -c "git config --local --name-only --get-regexp 'core\.sshCommand' && git config --local --unset-all 'core.sshCommand' || :"
2025-12-03T01:47:48.3610843Z [command]/usr/bin/git config --local --name-only --get-regexp http\.https\:\/\/github\.com\/\.extraheader
2025-12-03T01:47:48.3639921Z [command]/usr/bin/git submodule foreach --recursive sh -c "git config --local --name-only --get-regexp 'http\.https\:\/\/github\.com\/\.extraheader' && git config --local --unset-all 'http.https://github.com/.extraheader' || :"
2025-12-03T01:47:48.3864840Z [command]/usr/bin/git config --local --name-only --get-regexp ^includeIf\.gitdir:
2025-12-03T01:47:48.3893903Z [command]/usr/bin/git submodule foreach --recursive git config --local --show-origin --name-only --get-regexp remote.origin.url
2025-12-03T01:47:48.4110406Z [command]/usr/bin/git config --local http.https://github.com/.extraheader AUTHORIZATION: basic ***
2025-12-03T01:47:48.4143994Z ##[endgroup]
2025-12-03T01:47:48.4145970Z ##[group]Fetching the repository
2025-12-03T01:47:48.4153850Z [command]/usr/bin/git -c protocol.version=2 fetch --prune --no-recurse-submodules origin +refs/heads/*:refs/remotes/origin/* +refs/tags/*:refs/tags/* +033c145d320ecfa0b0d5e1d39fcf560df46271d2:refs/remotes/pull/221/merge
2025-12-03T01:47:48.6700429Z From https://github.com/con/tinuous
2025-12-03T01:47:48.6703387Z  * [new branch]      bf-circleci                              -> origin/bf-circleci
2025-12-03T01:47:48.6708653Z  * [new branch]      copilot/fix-workflow-overlap-issue       -> origin/copilot/fix-workflow-overlap-issue
2025-12-03T01:47:48.6713121Z  * [new branch]      copilot/make-travis-testing-optional     -> origin/copilot/make-travis-testing-optional
2025-12-03T01:47:48.6717768Z  * [new branch]      copilot/support-github-packages          -> origin/copilot/support-github-packages
2025-12-03T01:47:48.6722423Z  * [new branch]      dependabot/github_actions/actions/checkout-6 -> origin/dependabot/github_actions/actions/checkout-6
2025-12-03T01:47:48.6728173Z  * [new branch]      dependabot/github_actions/actions/setup-python-6 -> origin/dependabot/github_actions/actions/setup-python-6
2025-12-03T01:47:48.6732254Z  * [new branch]      gh-55                                    -> origin/gh-55
2025-12-03T01:47:48.6734837Z  * [new branch]      master                                   -> origin/master
2025-12-03T01:47:48.6737956Z  * [new branch]      no-extra-search                          -> origin/no-extra-search
2025-12-03T01:47:48.6740589Z  * [new branch]      pragmata                                 -> origin/pragmata
2025-12-03T01:47:48.6742271Z  * [new branch]      test-appveyor                            -> origin/test-appveyor
2025-12-03T01:47:48.6743798Z  * [new tag]         0.1.0                                    -> 0.1.0
2025-12-03T01:47:48.6745257Z  * [new tag]         0.2.0                                    -> 0.2.0
2025-12-03T01:47:48.6746867Z  * [new tag]         0.3.0                                    -> 0.3.0
2025-12-03T01:47:48.6748175Z  * [new tag]         0.4.0                                    -> 0.4.0
2025-12-03T01:47:48.6749454Z  * [new tag]         0.5.0                                    -> 0.5.0
2025-12-03T01:47:48.6750738Z  * [new tag]         0.5.1                                    -> 0.5.1
2025-12-03T01:47:48.6752044Z  * [new tag]         0.5.2                                    -> 0.5.2
2025-12-03T01:47:48.6753309Z  * [new tag]         0.5.3                                    -> 0.5.3
2025-12-03T01:47:48.6754568Z  * [new tag]         0.5.4                                    -> 0.5.4
2025-12-03T01:47:48.6756008Z  * [new tag]         0.6.0                                    -> 0.6.0
2025-12-03T01:47:48.6757289Z  * [new tag]         0.6.1                                    -> 0.6.1
2025-12-03T01:47:48.6758572Z  * [new tag]         0.7.0                                    -> 0.7.0
2025-12-03T01:47:48.6759836Z  * [new tag]         0.7.1                                    -> 0.7.1
2025-12-03T01:47:48.6761108Z  * [new tag]         0.7.2                                    -> 0.7.2
2025-12-03T01:47:48.6762575Z  * [new ref]         033c145d320ecfa0b0d5e1d39fcf560df46271d2 -> pull/221/merge
2025-12-03T01:47:48.6819568Z ##[endgroup]
2025-12-03T01:47:48.6822022Z ##[group]Determining the checkout info
2025-12-03T01:47:48.6824591Z ##[endgroup]
2025-12-03T01:47:48.6826997Z [command]/usr/bin/git sparse-checkout disable
2025-12-03T01:47:48.6868111Z [command]/usr/bin/git config --local --unset-all extensions.worktreeConfig
2025-12-03T01:47:48.6895170Z ##[group]Checking out the ref
2025-12-03T01:47:48.6898100Z [command]/usr/bin/git checkout --progress --force refs/remotes/pull/221/merge
2025-12-03T01:47:48.6953866Z Note: switching to 'refs/remotes/pull/221/merge'.
2025-12-03T01:47:48.6954913Z 
2025-12-03T01:47:48.6955947Z You are in 'detached HEAD' state. You can look around, make experimental
2025-12-03T01:47:48.6957738Z changes and commit them, and you can discard any commits you make in this
2025-12-03T01:47:48.6960993Z state without impacting any branches by switching back to a branch.
2025-12-03T01:47:48.6962894Z 
2025-12-03T01:47:48.6964173Z If you want to create a new branch to retain commits you create, you may
2025-12-03T01:47:48.6967307Z do so (now or later) by using -c with the switch command. Example:
2025-12-03T01:47:48.6969146Z 
2025-12-03T01:47:48.6969848Z   git switch -c <new-branch-name>
2025-12-03T01:47:48.6971000Z 
2025-12-03T01:47:48.6971631Z Or undo this operation with:
2025-12-03T01:47:48.6972708Z 
2025-12-03T01:47:48.6973273Z   git switch -
2025-12-03T01:47:48.6974079Z 
2025-12-03T01:47:48.6975010Z Turn off this advice by setting config variable advice.detachedHead to false
2025-12-03T01:47:48.6976487Z 
2025-12-03T01:47:48.6977677Z HEAD is now at 033c145 Merge c18690ec8007c8c2f21048856938ce9f1a144711 into 996b2b07ba111d746f412ad3e634e1eddc22c7b8
2025-12-03T01:47:48.6982794Z ##[endgroup]
2025-12-03T01:47:48.7000431Z [command]/usr/bin/git log -1 --format=%H
2025-12-03T01:47:48.7022107Z 033c145d320ecfa0b0d5e1d39fcf560df46271d2
2025-12-03T01:47:48.7297398Z ##[group]Run actions/setup-python@v5
2025-12-03T01:47:48.7298412Z with:
2025-12-03T01:47:48.7299132Z   python-version: 3.13
2025-12-03T01:47:48.7299982Z   check-latest: false
2025-12-03T01:47:48.7301032Z   token: ***
2025-12-03T01:47:48.7301800Z   update-environment: true
2025-12-03T01:47:48.7302708Z   allow-prereleases: false
2025-12-03T01:47:48.7303582Z   freethreaded: false
2025-12-03T01:47:48.7304374Z ##[endgroup]
2025-12-03T01:47:48.8967069Z ##[group]Installed versions
2025-12-03T01:47:48.9552072Z Successfully set up CPython (3.13.9)
2025-12-03T01:47:48.9554829Z ##[endgroup]
2025-12-03T01:47:48.9676863Z ##[group]Run python -m pip install --upgrade pip wheel
2025-12-03T01:47:48.9678243Z [36;1mpython -m pip install --upgrade pip wheel[0m
2025-12-03T01:47:48.9679635Z [36;1mpython -m pip install --upgrade --upgrade-strategy=eager tox[0m
2025-12-03T01:47:48.9908137Z shell: /usr/bin/bash -e {0}
2025-12-03T01:47:48.9909044Z env:
2025-12-03T01:47:48.9909955Z   pythonLocation: /opt/hostedtoolcache/Python/3.13.9/x64
2025-12-03T01:47:48.9911432Z   PKG_CONFIG_PATH: /opt/hostedtoolcache/Python/3.13.9/x64/lib/pkgconfig
2025-12-03T01:47:48.9912880Z   Python_ROOT_DIR: /opt/hostedtoolcache/Python/3.13.9/x64
2025-12-03T01:47:48.9914190Z   Python2_ROOT_DIR: /opt/hostedtoolcache/Python/3.13.9/x64
2025-12-03T01:47:48.9915877Z   Python3_ROOT_DIR: /opt/hostedtoolcache/Python/3.13.9/x64
2025-12-03T01:47:48.9917608Z   LD_LIBRARY_PATH: /opt/hostedtoolcache/Python/3.13.9/x64/lib
2025-12-03T01:47:48.9918992Z ##[endgroup]
2025-12-03T01:47:56.2903917Z Requirement already satisfied: pip in /opt/hostedtoolcache/Python/3.13.9/x64/lib/python3.13/site-packages (25.3)
2025-12-03T01:47:56.4574742Z Collecting wheel
2025-12-03T01:47:56.5260892Z   Downloading wheel-0.45.1-py3-none-any.whl.metadata (2.3 kB)
2025-12-03T01:47:56.5579405Z Downloading wheel-0.45.1-py3-none-any.whl (72 kB)
2025-12-03T01:47:56.5940174Z Installing collected packages: wheel
2025-12-03T01:47:56.6442095Z Successfully installed wheel-0.45.1
2025-12-03T01:47:57.6964240Z Collecting tox
2025-12-03T01:47:57.7741754Z   Downloading tox-4.32.0-py3-none-any.whl.metadata (3.5 kB)
2025-12-03T01:47:57.8041506Z Collecting cachetools>=6.2 (from tox)
2025-12-03T01:47:57.8116755Z   Downloading cachetools-6.2.2-py3-none-any.whl.metadata (5.6 kB)
2025-12-03T01:47:57.8335487Z Collecting chardet>=5.2 (from tox)
2025-12-03T01:47:57.8421841Z   Downloading chardet-5.2.0-py3-none-any.whl.metadata (3.4 kB)
2025-12-03T01:47:57.8626024Z Collecting colorama>=0.4.6 (from tox)
2025-12-03T01:47:57.8715479Z   Downloading colorama-0.4.6-py2.py3-none-any.whl.metadata (17 kB)
2025-12-03T01:47:57.8999542Z Collecting filelock>=3.20 (from tox)
2025-12-03T01:47:57.9076263Z   Downloading filelock-3.20.0-py3-none-any.whl.metadata (2.1 kB)
2025-12-03T01:47:57.9300949Z Collecting packaging>=25 (from tox)
2025-12-03T01:47:57.9593748Z   Downloading packaging-25.0-py3-none-any.whl.metadata (3.3 kB)
2025-12-03T01:47:57.9804828Z Collecting platformdirs>=4.5 (from tox)
2025-12-03T01:47:57.9878311Z   Downloading platformdirs-4.5.0-py3-none-any.whl.metadata (12 kB)
2025-12-03T01:47:58.0069906Z Collecting pluggy>=1.6 (from tox)
2025-12-03T01:47:58.0147640Z   Downloading pluggy-1.6.0-py3-none-any.whl.metadata (4.8 kB)
2025-12-03T01:47:58.0316245Z Collecting pyproject-api>=1.9.1 (from tox)
2025-12-03T01:47:58.0440303Z   Downloading pyproject_api-1.10.0-py3-none-any.whl.metadata (2.7 kB)
2025-12-03T01:47:58.0959255Z Collecting virtualenv>=20.34 (from tox)
2025-12-03T01:47:58.1068473Z   Downloading virtualenv-20.35.4-py3-none-any.whl.metadata (4.6 kB)
2025-12-03T01:47:58.1364922Z Collecting distlib<1,>=0.3.7 (from virtualenv>=20.34->tox)
2025-12-03T01:47:58.1667271Z   Downloading distlib-0.4.0-py2.py3-none-any.whl.metadata (5.2 kB)
2025-12-03T01:47:58.2161269Z Downloading tox-4.32.0-py3-none-any.whl (175 kB)
2025-12-03T01:47:58.2390480Z Downloading cachetools-6.2.2-py3-none-any.whl (11 kB)
2025-12-03T01:47:58.2507402Z Downloading chardet-5.2.0-py3-none-any.whl (199 kB)
2025-12-03T01:47:58.2738434Z Downloading colorama-0.4.6-py2.py3-none-any.whl (25 kB)
2025-12-03T01:47:58.3025532Z Downloading filelock-3.20.0-py3-none-any.whl (16 kB)
2025-12-03T01:47:58.3442781Z Downloading packaging-25.0-py3-none-any.whl (66 kB)
2025-12-03T01:47:58.3591528Z Downloading platformdirs-4.5.0-py3-none-any.whl (18 kB)
2025-12-03T01:47:58.3843233Z Downloading pluggy-1.6.0-py3-none-any.whl (20 kB)
2025-12-03T01:47:58.4522348Z Downloading pyproject_api-1.10.0-py3-none-any.whl (13 kB)
2025-12-03T01:47:58.4773222Z Downloading virtualenv-20.35.4-py3-none-any.whl (6.0 MB)
2025-12-03T01:47:58.6802275Z    ━━━━━━━━━━━━━━━━━━━━━━━━━━━━━━━━━━━━━━━━ 6.0/6.0 MB 30.0 MB/s  0:00:00
2025-12-03T01:47:58.7001904Z Downloading distlib-0.4.0-py2.py3-none-any.whl (469 kB)
2025-12-03T01:47:58.7460710Z Installing collected packages: distlib, pluggy, platformdirs, packaging, filelock, colorama, chardet, cachetools, virtualenv, pyproject-api, tox
2025-12-03T01:47:59.4681290Z 
2025-12-03T01:47:59.4702332Z Successfully installed cachetools-6.2.2 chardet-5.2.0 colorama-0.4.6 distlib-0.4.0 filelock-3.20.0 packaging-25.0 platformdirs-4.5.0 pluggy-1.6.0 pyproject-api-1.10.0 tox-4.32.0 virtualenv-20.35.4
2025-12-03T01:47:59.5251355Z ##[group]Run tox -e py -- --cov-report=xml
2025-12-03T01:47:59.5251690Z [36;1mtox -e py -- --cov-report=xml[0m
2025-12-03T01:47:59.5286786Z shell: /usr/bin/bash -e {0}
2025-12-03T01:47:59.5287008Z env:
2025-12-03T01:47:59.5287243Z   pythonLocation: /opt/hostedtoolcache/Python/3.13.9/x64
2025-12-03T01:47:59.5287642Z   PKG_CONFIG_PATH: /opt/hostedtoolcache/Python/3.13.9/x64/lib/pkgconfig
2025-12-03T01:47:59.5288033Z   Python_ROOT_DIR: /opt/hostedtoolcache/Python/3.13.9/x64
2025-12-03T01:47:59.5288375Z   Python2_ROOT_DIR: /opt/hostedtoolcache/Python/3.13.9/x64
2025-12-03T01:47:59.5288727Z   Python3_ROOT_DIR: /opt/hostedtoolcache/Python/3.13.9/x64
2025-12-03T01:47:59.5289087Z   LD_LIBRARY_PATH: /opt/hostedtoolcache/Python/3.13.9/x64/lib
2025-12-03T01:47:59.5289371Z ##[endgroup]
2025-12-03T01:48:01.3959182Z py: install_deps> python -I -m pip install pytest pytest-cov pytest-mock
2025-12-03T01:48:05.1474885Z .pkg: install_requires> python -I -m pip install 'setuptools>=46.4.0' versioningit
2025-12-03T01:48:07.6484089Z .pkg: _optional_hooks> python /opt/hostedtoolcache/Python/3.13.9/x64/lib/python3.13/site-packages/pyproject_api/_backend.py True setuptools.build_meta
2025-12-03T01:48:07.9638304Z .pkg: get_requires_for_build_sdist> python /opt/hostedtoolcache/Python/3.13.9/x64/lib/python3.13/site-packages/pyproject_api/_backend.py True setuptools.build_meta
2025-12-03T01:48:08.2025623Z .pkg: get_requires_for_build_wheel> python /opt/hostedtoolcache/Python/3.13.9/x64/lib/python3.13/site-packages/pyproject_api/_backend.py True setuptools.build_meta
2025-12-03T01:48:08.4291466Z .pkg: freeze> python -m pip freeze --all
2025-12-03T01:48:08.6552478Z .pkg: packaging==25.0,pip==25.3,setuptools==80.9.0,versioningit==3.3.0
2025-12-03T01:48:08.6557333Z .pkg: prepare_metadata_for_build_wheel> python /opt/hostedtoolcache/Python/3.13.9/x64/lib/python3.13/site-packages/pyproject_api/_backend.py True setuptools.build_meta
2025-12-03T01:48:08.9299885Z .pkg: build_sdist> python /opt/hostedtoolcache/Python/3.13.9/x64/lib/python3.13/site-packages/pyproject_api/_backend.py True setuptools.build_meta
2025-12-03T01:48:09.1899872Z py: install_package_deps> python -I -m pip install 'PyYAML>=5.0' 'click-loglevel~=0.2' 'click>=7.0' 'ghtoken~=0.1' 'in_place~=1.0' 'pydantic~=2.0' 'python-dateutil~=2.7' 'python-dotenv<2.0,>=0.11' 'requests~=2.20'
2025-12-03T01:48:12.9603376Z py: install_package> python -I -m pip install --force-reinstall --no-deps /home/runner/work/tinuous/tinuous/.tox/.tmp/package/1/tinuous-0.7.2.post4+g033c145.tar.gz
2025-12-03T01:48:15.0803000Z py: freeze> python -m pip freeze --all
2025-12-03T01:48:15.3239710Z py: annotated-types==0.7.0,certifi==2025.11.12,charset-normalizer==3.4.4,click==8.3.1,click-loglevel==0.7.0,coverage==7.12.0,ghtoken==0.1.2,idna==3.11,in_place==1.0.1,iniconfig==2.3.0,packaging==25.0,pip==25.3,pluggy==1.6.0,pydantic==2.12.5,pydantic_core==2.41.5,Pygments==2.19.2,pytest==9.0.1,pytest-cov==7.0.0,pytest-mock==3.15.1,python-dateutil==2.9.0.post0,python-dotenv==1.2.1,PyYAML==6.0.3,requests==2.32.5,ruamel.yaml==0.18.16,ruamel.yaml.clib==0.2.15,six==1.17.0,tinuous @ file:///home/runner/work/tinuous/tinuous/.tox/.tmp/package/1/tinuous-0.7.2.post4%2Bg033c145.tar.gz#sha256=913d07a3afd575b94a1f1b9aadd55c5840bd04526db99cead4ab839c8c9de878,typing-inspection==0.4.2,typing_extensions==4.15.0,urllib3==2.5.0
2025-12-03T01:48:15.3243807Z py: commands[0]> tinuous --help
2025-12-03T01:48:15.7435017Z Usage: tinuous [OPTIONS] COMMAND [ARGS]...
2025-12-03T01:48:15.7435642Z 
2025-12-03T01:48:15.7435980Z   Download build logs from GitHub Actions, Travis, Appveyor, and CircleCI
2025-12-03T01:48:15.7436443Z 
2025-12-03T01:48:15.7436561Z Options:
2025-12-03T01:48:15.7436905Z   -V, --version                   Show the version and exit.
2025-12-03T01:48:15.7437443Z   -c, --config FILE               Read configuration from the given file
2025-12-03T01:48:15.7438034Z                                   [default: tinuous.yaml]
2025-12-03T01:48:15.7438937Z   -E, --env FILE                  Load environment variables from given .env
2025-12-03T01:48:15.7439430Z                                   file
2025-12-03T01:48:15.7439874Z   -l, --log-level [NOTSET|DEBUG|INFO|WARNING|ERROR|CRITICAL]
2025-12-03T01:48:15.7440356Z                                   Set logging level  [default: INFO]
2025-12-03T01:48:15.7440796Z   --help                          Show this message and exit.
2025-12-03T01:48:15.7441088Z 
2025-12-03T01:48:15.7441194Z Commands:
2025-12-03T01:48:15.7441460Z   fetch         Download logs
2025-12-03T01:48:15.7441849Z   fetch-commit  Download logs for a specific commit
2025-12-03T01:48:15.7442286Z   sanitize      Sanitize secrets in logs
2025-12-03T01:48:15.7763326Z py: commands[1]> pytest --cov-report=xml test
2025-12-03T01:48:17.6951742Z ============================= test session starts ==============================
2025-12-03T01:48:17.6952483Z platform linux -- Python 3.13.9, pytest-9.0.1, pluggy-1.6.0
2025-12-03T01:48:17.6955737Z cachedir: .tox/py/.pytest_cache
2025-12-03T01:48:17.6956589Z rootdir: /home/runner/work/tinuous/tinuous
2025-12-03T01:48:17.6957090Z configfile: tox.ini
2025-12-03T01:48:17.6957460Z plugins: cov-7.0.0, mock-3.15.1
2025-12-03T01:48:17.6957863Z collected 70 items
2025-12-03T01:48:17.6958071Z 
2025-12-03T01:48:17.7120306Z test/test_base.py .........                                              [ 12%]
2025-12-03T01:48:17.7249560Z test/test_config.py ........                                             [ 24%]
2025-12-03T01:48:17.7437148Z test/test_github.py ......                                               [ 32%]
2025-12-03T01:48:17.7667528Z test/test_state.py ........                                              [ 44%]
2025-12-03T01:48:18.0554040Z test/test_util.py .......................................                [100%]
2025-12-03T01:48:18.0554532Z 
2025-12-03T01:48:18.0554731Z ================================ tests coverage ================================
2025-12-03T01:48:18.0555240Z _______________ coverage: platform linux, python 3.13.9-final-0 ________________
2025-12-03T01:48:18.0555821Z 
2025-12-03T01:48:18.0555941Z Coverage XML written to file coverage.xml
2025-12-03T01:48:18.0556269Z ============================== 70 passed in 0.80s ==============================
2025-12-03T01:48:18.1290874Z   py: OK (16.95=setup[14.15]+cmd[0.45,2.35] seconds)
2025-12-03T01:48:18.1291408Z   congratulations :) (16.99 seconds)
2025-12-03T01:48:18.1911882Z ##[group]Run codecov/codecov-action@v5
2025-12-03T01:48:18.1912157Z with:
2025-12-03T01:48:18.1912341Z   fail_ci_if_error: false
2025-12-03T01:48:18.1912812Z   token: ***
2025-12-03T01:48:18.1912991Z   name: 3.13
2025-12-03T01:48:18.1913169Z   disable_file_fixes: false
2025-12-03T01:48:18.1913379Z   disable_search: false
2025-12-03T01:48:18.1913585Z   disable_safe_directory: false
2025-12-03T01:48:18.1913803Z   disable_telem: false
2025-12-03T01:48:18.1914176Z   dry_run: false
2025-12-03T01:48:18.1914361Z   git_service: github
2025-12-03T01:48:18.1914544Z   gcov_executable: gcov
2025-12-03T01:48:18.1914748Z   handle_no_reports_found: false
2025-12-03T01:48:18.1914971Z   recurse_submodules: false
2025-12-03T01:48:18.1915186Z   run_command: upload-coverage
2025-12-03T01:48:18.1915576Z   skip_validation: false
2025-12-03T01:48:18.1915786Z   use_legacy_upload_endpoint: false
2025-12-03T01:48:18.1916007Z   use_oidc: false
2025-12-03T01:48:18.1916184Z   use_pypi: false
2025-12-03T01:48:18.1916384Z   verbose: false
2025-12-03T01:48:18.1916556Z   version: latest
2025-12-03T01:48:18.1916728Z env:
2025-12-03T01:48:18.1916958Z   pythonLocation: /opt/hostedtoolcache/Python/3.13.9/x64
2025-12-03T01:48:18.1917346Z   PKG_CONFIG_PATH: /opt/hostedtoolcache/Python/3.13.9/x64/lib/pkgconfig
2025-12-03T01:48:18.1917717Z   Python_ROOT_DIR: /opt/hostedtoolcache/Python/3.13.9/x64
2025-12-03T01:48:18.1918052Z   Python2_ROOT_DIR: /opt/hostedtoolcache/Python/3.13.9/x64
2025-12-03T01:48:18.1918384Z   Python3_ROOT_DIR: /opt/hostedtoolcache/Python/3.13.9/x64
2025-12-03T01:48:18.1918719Z   LD_LIBRARY_PATH: /opt/hostedtoolcache/Python/3.13.9/x64/lib
2025-12-03T01:48:18.1918997Z ##[endgroup]
2025-12-03T01:48:18.1987269Z ##[group]Run missing_deps=""
2025-12-03T01:48:18.1987524Z [36;1mmissing_deps=""[0m
2025-12-03T01:48:18.1987717Z [36;1m[0m
2025-12-03T01:48:18.1987894Z [36;1m# Check for required commands[0m
2025-12-03T01:48:18.1988145Z [36;1mfor cmd in bash git curl gpg; do[0m
2025-12-03T01:48:18.1988430Z [36;1m  if ! command -v "$cmd" >/dev/null 2>&1; then[0m
2025-12-03T01:48:18.1988716Z [36;1m    missing_deps="$missing_deps $cmd"[0m
2025-12-03T01:48:18.1988947Z [36;1m  fi[0m
2025-12-03T01:48:18.1989109Z [36;1mdone[0m
2025-12-03T01:48:18.1989261Z [36;1m[0m
2025-12-03T01:48:18.1989457Z [36;1m# Report missing required dependencies[0m
2025-12-03T01:48:18.1989729Z [36;1mif [ -n "$missing_deps" ]; then[0m
2025-12-03T01:48:18.1990102Z [36;1m  echo "Error: The following required dependencies are missing:$missing_deps"[0m
2025-12-03T01:48:18.1990572Z [36;1m  echo "Please install these dependencies before using this action."[0m
2025-12-03T01:48:18.1990901Z [36;1m  exit 1[0m
2025-12-03T01:48:18.1991067Z [36;1mfi[0m
2025-12-03T01:48:18.1991226Z [36;1m[0m
2025-12-03T01:48:18.1991452Z [36;1mecho "All required system dependencies are available."[0m
2025-12-03T01:48:18.3319890Z shell: /usr/bin/sh -e {0}
2025-12-03T01:48:18.3320194Z env:
2025-12-03T01:48:18.3320542Z   pythonLocation: /opt/hostedtoolcache/Python/3.13.9/x64
2025-12-03T01:48:18.3321069Z   PKG_CONFIG_PATH: /opt/hostedtoolcache/Python/3.13.9/x64/lib/pkgconfig
2025-12-03T01:48:18.3321573Z   Python_ROOT_DIR: /opt/hostedtoolcache/Python/3.13.9/x64
2025-12-03T01:48:18.3322017Z   Python2_ROOT_DIR: /opt/hostedtoolcache/Python/3.13.9/x64
2025-12-03T01:48:18.3322464Z   Python3_ROOT_DIR: /opt/hostedtoolcache/Python/3.13.9/x64
2025-12-03T01:48:18.3322952Z   LD_LIBRARY_PATH: /opt/hostedtoolcache/Python/3.13.9/x64/lib
2025-12-03T01:48:18.3323391Z ##[endgroup]
2025-12-03T01:48:18.3392975Z All required system dependencies are available.
2025-12-03T01:48:18.3420716Z ##[group]Run CC_ACTION_VERSION=$(cat ${GITHUB_ACTION_PATH}/src/version)
2025-12-03T01:48:18.3421150Z [36;1mCC_ACTION_VERSION=$(cat ${GITHUB_ACTION_PATH}/src/version)[0m
2025-12-03T01:48:18.3421555Z [36;1mecho -e "\033[0;32m==>\033[0m Running Action version $CC_ACTION_VERSION"[0m
2025-12-03T01:48:18.3451897Z shell: /usr/bin/bash --noprofile --norc -e -o pipefail {0}
2025-12-03T01:48:18.3452408Z env:
2025-12-03T01:48:18.3452656Z   pythonLocation: /opt/hostedtoolcache/Python/3.13.9/x64
2025-12-03T01:48:18.3453054Z   PKG_CONFIG_PATH: /opt/hostedtoolcache/Python/3.13.9/x64/lib/pkgconfig
2025-12-03T01:48:18.3453442Z   Python_ROOT_DIR: /opt/hostedtoolcache/Python/3.13.9/x64
2025-12-03T01:48:18.3453793Z   Python2_ROOT_DIR: /opt/hostedtoolcache/Python/3.13.9/x64
2025-12-03T01:48:18.3454131Z   Python3_ROOT_DIR: /opt/hostedtoolcache/Python/3.13.9/x64
2025-12-03T01:48:18.3454473Z   LD_LIBRARY_PATH: /opt/hostedtoolcache/Python/3.13.9/x64/lib
2025-12-03T01:48:18.3455056Z ##[endgroup]
2025-12-03T01:48:18.3516836Z [0;32m==>[0m Running Action version 5.5.1
2025-12-03T01:48:18.3554540Z ##[group]Run git config --global --add safe.directory "/home/runner/work/tinuous/tinuous"
2025-12-03T01:48:18.3555063Z [36;1mgit config --global --add safe.directory "/home/runner/work/tinuous/tinuous"[0m
2025-12-03T01:48:18.3555759Z [36;1mgit config --global --add safe.directory "$GITHUB_WORKSPACE"[0m
2025-12-03T01:48:18.3585279Z shell: /usr/bin/bash --noprofile --norc -e -o pipefail {0}
2025-12-03T01:48:18.3585783Z env:
2025-12-03T01:48:18.3586019Z   pythonLocation: /opt/hostedtoolcache/Python/3.13.9/x64
2025-12-03T01:48:18.3586410Z   PKG_CONFIG_PATH: /opt/hostedtoolcache/Python/3.13.9/x64/lib/pkgconfig
2025-12-03T01:48:18.3586800Z   Python_ROOT_DIR: /opt/hostedtoolcache/Python/3.13.9/x64
2025-12-03T01:48:18.3587154Z   Python2_ROOT_DIR: /opt/hostedtoolcache/Python/3.13.9/x64
2025-12-03T01:48:18.3587507Z   Python3_ROOT_DIR: /opt/hostedtoolcache/Python/3.13.9/x64
2025-12-03T01:48:18.3587847Z   LD_LIBRARY_PATH: /opt/hostedtoolcache/Python/3.13.9/x64/lib
2025-12-03T01:48:18.3588133Z ##[endgroup]
2025-12-03T01:48:18.3687036Z ##[group]Run CC_FORK="false"
2025-12-03T01:48:18.3687278Z [36;1mCC_FORK="false"[0m
2025-12-03T01:48:18.3687765Z [36;1mif [ -n "$GITHUB_EVENT_PULL_REQUEST_HEAD_REPO_FULL_NAME" ] && [ "$GITHUB_EVENT_PULL_REQUEST_HEAD_REPO_FULL_NAME" != "$GITHUB_REPOSITORY" ];[0m
2025-12-03T01:48:18.3688278Z [36;1mthen[0m
2025-12-03T01:48:18.3688507Z [36;1m  echo -e "\033[0;32m==>\033[0m Fork detected"[0m
2025-12-03T01:48:18.3688775Z [36;1m  CC_FORK="true"[0m
2025-12-03T01:48:18.3688975Z [36;1mfi[0m
2025-12-03T01:48:18.3689172Z [36;1mecho "CC_FORK=$CC_FORK" >> "$GITHUB_ENV"[0m
2025-12-03T01:48:18.3718866Z shell: /usr/bin/bash --noprofile --norc -e -o pipefail {0}
2025-12-03T01:48:18.3719170Z env:
2025-12-03T01:48:18.3719412Z   pythonLocation: /opt/hostedtoolcache/Python/3.13.9/x64
2025-12-03T01:48:18.3719820Z   PKG_CONFIG_PATH: /opt/hostedtoolcache/Python/3.13.9/x64/lib/pkgconfig
2025-12-03T01:48:18.3720194Z   Python_ROOT_DIR: /opt/hostedtoolcache/Python/3.13.9/x64
2025-12-03T01:48:18.3720530Z   Python2_ROOT_DIR: /opt/hostedtoolcache/Python/3.13.9/x64
2025-12-03T01:48:18.3720870Z   Python3_ROOT_DIR: /opt/hostedtoolcache/Python/3.13.9/x64
2025-12-03T01:48:18.3721214Z   LD_LIBRARY_PATH: /opt/hostedtoolcache/Python/3.13.9/x64/lib
2025-12-03T01:48:18.3721629Z   GITHUB_EVENT_PULL_REQUEST_HEAD_LABEL: con:copilot/fix-workflow-overlap-issue
2025-12-03T01:48:18.3722038Z   GITHUB_EVENT_PULL_REQUEST_HEAD_REPO_FULL_NAME: con/tinuous
2025-12-03T01:48:18.3722335Z   GITHUB_REPOSITORY: con/tinuous
2025-12-03T01:48:18.3722552Z ##[endgroup]
2025-12-03T01:48:18.3823737Z ##[group]Run actions/github-script@60a0d83039c74a4aee543508d2ffcb1c3799cdea
2025-12-03T01:48:18.3824086Z with:
2025-12-03T01:48:18.3824591Z   script: if (process.env.CC_USE_OIDC === 'true' && process.env.CC_FORK != 'true') {
  const id_token = await core.getIDToken(process.env.CC_OIDC_AUDIENCE)
  return id_token
}

2025-12-03T01:48:18.3825289Z   github-token: ***
2025-12-03T01:48:18.3825701Z   debug: false
2025-12-03T01:48:18.3825925Z   user-agent: actions/github-script
2025-12-03T01:48:18.3826172Z   result-encoding: json
2025-12-03T01:48:18.3826372Z   retries: 0
2025-12-03T01:48:18.3826577Z   retry-exempt-status-codes: 400,401,403,404,422
2025-12-03T01:48:18.3826837Z env:
2025-12-03T01:48:18.3827150Z   pythonLocation: /opt/hostedtoolcache/Python/3.13.9/x64
2025-12-03T01:48:18.3827733Z   PKG_CONFIG_PATH: /opt/hostedtoolcache/Python/3.13.9/x64/lib/pkgconfig
2025-12-03T01:48:18.3828151Z   Python_ROOT_DIR: /opt/hostedtoolcache/Python/3.13.9/x64
2025-12-03T01:48:18.3828495Z   Python2_ROOT_DIR: /opt/hostedtoolcache/Python/3.13.9/x64
2025-12-03T01:48:18.3828823Z   Python3_ROOT_DIR: /opt/hostedtoolcache/Python/3.13.9/x64
2025-12-03T01:48:18.3829163Z   LD_LIBRARY_PATH: /opt/hostedtoolcache/Python/3.13.9/x64/lib
2025-12-03T01:48:18.3829445Z   CC_FORK: false
2025-12-03T01:48:18.3829771Z   CC_OIDC_AUDIENCE: https://codecov.io
2025-12-03T01:48:18.3830023Z   CC_USE_OIDC: false
2025-12-03T01:48:18.3830209Z ##[endgroup]
2025-12-03T01:48:18.4751322Z ##[group]Run if [ "false" == 'true' ] && [ "$CC_FORK" != 'true' ];
2025-12-03T01:48:18.4751724Z [36;1mif [ "false" == 'true' ] && [ "$CC_FORK" != 'true' ];[0m
2025-12-03T01:48:18.4752001Z [36;1mthen[0m
2025-12-03T01:48:18.4752227Z [36;1m  echo "CC_TOKEN=$CC_OIDC_TOKEN" >> "$GITHUB_ENV"[0m
2025-12-03T01:48:18.4752508Z [36;1melif [ -n "" ];[0m
2025-12-03T01:48:18.4752732Z [36;1mthen[0m
2025-12-03T01:48:18.4752957Z [36;1m  echo -e "\033[0;32m==>\033[0m Token set from env"[0m
2025-12-03T01:48:18.4753245Z [36;1m    echo "CC_TOKEN=" >> "$GITHUB_ENV"[0m
2025-12-03T01:48:18.4753489Z [36;1melse[0m
2025-12-03T01:48:18.4753812Z [36;1m  if [ -n "***" ];[0m
2025-12-03T01:48:18.4754017Z [36;1m  then[0m
2025-12-03T01:48:18.4754258Z [36;1m    echo -e "\033[0;32m==>\033[0m Token set from input"[0m
2025-12-03T01:48:18.4754669Z [36;1m    CC_TOKEN=$(echo "***" | tr -d '\n')[0m
2025-12-03T01:48:18.4754954Z [36;1m    echo "CC_TOKEN=$CC_TOKEN" >> "$GITHUB_ENV"[0m
2025-12-03T01:48:18.4755209Z [36;1m  fi[0m
2025-12-03T01:48:18.4755648Z [36;1mfi[0m
2025-12-03T01:48:18.4788585Z shell: /usr/bin/bash --noprofile --norc -e -o pipefail {0}
2025-12-03T01:48:18.4788895Z env:
2025-12-03T01:48:18.4789141Z   pythonLocation: /opt/hostedtoolcache/Python/3.13.9/x64
2025-12-03T01:48:18.4789532Z   PKG_CONFIG_PATH: /opt/hostedtoolcache/Python/3.13.9/x64/lib/pkgconfig
2025-12-03T01:48:18.4789921Z   Python_ROOT_DIR: /opt/hostedtoolcache/Python/3.13.9/x64
2025-12-03T01:48:18.4790266Z   Python2_ROOT_DIR: /opt/hostedtoolcache/Python/3.13.9/x64
2025-12-03T01:48:18.4790609Z   Python3_ROOT_DIR: /opt/hostedtoolcache/Python/3.13.9/x64
2025-12-03T01:48:18.4790950Z   LD_LIBRARY_PATH: /opt/hostedtoolcache/Python/3.13.9/x64/lib
2025-12-03T01:48:18.4791242Z   CC_FORK: false
2025-12-03T01:48:18.4791418Z   CC_OIDC_TOKEN: 
2025-12-03T01:48:18.4791634Z   CC_OIDC_AUDIENCE: https://codecov.io
2025-12-03T01:48:18.4791886Z ##[endgroup]
2025-12-03T01:48:18.4843683Z [0;32m==>[0m Token set from input
2025-12-03T01:48:18.4880458Z ##[group]Run if [ -z "$CC_BRANCH" ] && [ -z "$CC_TOKEN" ] && [ "$CC_FORK" == 'true' ]
2025-12-03T01:48:18.4880903Z [36;1mif [ -z "$CC_BRANCH" ] && [ -z "$CC_TOKEN" ] && [ "$CC_FORK" == 'true' ][0m
2025-12-03T01:48:18.4881208Z [36;1mthen[0m
2025-12-03T01:48:18.4881560Z [36;1m  echo -e "\033[0;32m==>\033[0m Fork detected, setting branch to $GITHUB_EVENT_PULL_REQUEST_HEAD_LABEL"[0m
2025-12-03T01:48:18.4882012Z [36;1m  TOKENLESS="$GITHUB_EVENT_PULL_REQUEST_HEAD_LABEL"[0m
2025-12-03T01:48:18.4882333Z [36;1m  CC_BRANCH="$GITHUB_EVENT_PULL_REQUEST_HEAD_LABEL"[0m
2025-12-03T01:48:18.4882643Z [36;1m  echo "TOKENLESS=$TOKENLESS" >> "$GITHUB_ENV"[0m
2025-12-03T01:48:18.4882903Z [36;1mfi[0m
2025-12-03T01:48:18.4883062Z [36;1m[0m
2025-12-03T01:48:18.4883263Z [36;1mecho "CC_BRANCH=$CC_BRANCH" >> "$GITHUB_ENV"[0m
2025-12-03T01:48:18.4912709Z shell: /usr/bin/bash --noprofile --norc -e -o pipefail {0}
2025-12-03T01:48:18.4913030Z env:
2025-12-03T01:48:18.4913268Z   pythonLocation: /opt/hostedtoolcache/Python/3.13.9/x64
2025-12-03T01:48:18.4913663Z   PKG_CONFIG_PATH: /opt/hostedtoolcache/Python/3.13.9/x64/lib/pkgconfig
2025-12-03T01:48:18.4914049Z   Python_ROOT_DIR: /opt/hostedtoolcache/Python/3.13.9/x64
2025-12-03T01:48:18.4914391Z   Python2_ROOT_DIR: /opt/hostedtoolcache/Python/3.13.9/x64
2025-12-03T01:48:18.4914731Z   Python3_ROOT_DIR: /opt/hostedtoolcache/Python/3.13.9/x64
2025-12-03T01:48:18.4915233Z   LD_LIBRARY_PATH: /opt/hostedtoolcache/Python/3.13.9/x64/lib
2025-12-03T01:48:18.4915726Z   CC_FORK: false
2025-12-03T01:48:18.4935973Z   CC_TOKEN: ***
2025-12-03T01:48:18.4936221Z   CC_BRANCH: 
2025-12-03T01:48:18.4936538Z   GITHUB_EVENT_PULL_REQUEST_HEAD_LABEL: con:copilot/fix-workflow-overlap-issue
2025-12-03T01:48:18.4936979Z   GITHUB_EVENT_PULL_REQUEST_HEAD_REPO_FULL_NAME: con/tinuous
2025-12-03T01:48:18.4937288Z   GITHUB_REPOSITORY: con/tinuous
2025-12-03T01:48:18.4937739Z ##[endgroup]
2025-12-03T01:48:18.5008113Z ##[group]Run if [ -z "$CC_SHA" ];
2025-12-03T01:48:18.5008385Z [36;1mif [ -z "$CC_SHA" ];[0m
2025-12-03T01:48:18.5008598Z [36;1mthen[0m
2025-12-03T01:48:18.5008820Z [36;1m  CC_SHA="$GITHUB_EVENT_PULL_REQUEST_HEAD_SHA"[0m
2025-12-03T01:48:18.5009086Z [36;1mfi[0m
2025-12-03T01:48:18.5009293Z [36;1mif [ -z "$CC_PR" ] && [ "$CC_FORK" == 'true' ];[0m
2025-12-03T01:48:18.5009551Z [36;1mthen[0m
2025-12-03T01:48:18.5009750Z [36;1m  CC_PR="$GITHUB_EVENT_NUMBER"[0m
2025-12-03T01:48:18.5009977Z [36;1mfi[0m
2025-12-03T01:48:18.5010139Z [36;1m[0m
2025-12-03T01:48:18.5010321Z [36;1mecho "CC_SHA=$CC_SHA" >> "$GITHUB_ENV"[0m
2025-12-03T01:48:18.5010600Z [36;1mecho "CC_PR=$CC_PR" >> "$GITHUB_ENV"[0m
2025-12-03T01:48:18.5040192Z shell: /usr/bin/bash --noprofile --norc -e -o pipefail {0}
2025-12-03T01:48:18.5040504Z env:
2025-12-03T01:48:18.5040740Z   pythonLocation: /opt/hostedtoolcache/Python/3.13.9/x64
2025-12-03T01:48:18.5041148Z   PKG_CONFIG_PATH: /opt/hostedtoolcache/Python/3.13.9/x64/lib/pkgconfig
2025-12-03T01:48:18.5041541Z   Python_ROOT_DIR: /opt/hostedtoolcache/Python/3.13.9/x64
2025-12-03T01:48:18.5041876Z   Python2_ROOT_DIR: /opt/hostedtoolcache/Python/3.13.9/x64
2025-12-03T01:48:18.5042224Z   Python3_ROOT_DIR: /opt/hostedtoolcache/Python/3.13.9/x64
2025-12-03T01:48:18.5042569Z   LD_LIBRARY_PATH: /opt/hostedtoolcache/Python/3.13.9/x64/lib
2025-12-03T01:48:18.5042853Z   CC_FORK: false
2025-12-03T01:48:18.5043200Z   CC_TOKEN: ***
2025-12-03T01:48:18.5043387Z   CC_BRANCH: 
2025-12-03T01:48:18.5043553Z   CC_PR: 
2025-12-03T01:48:18.5043713Z   CC_SHA: 
2025-12-03T01:48:18.5043883Z   GITHUB_EVENT_NAME: pull_request
2025-12-03T01:48:18.5044131Z   GITHUB_EVENT_NUMBER: 221
2025-12-03T01:48:18.5044444Z   GITHUB_EVENT_PULL_REQUEST_HEAD_SHA: c18690ec8007c8c2f21048856938ce9f1a144711
2025-12-03T01:48:18.5044778Z ##[endgroup]
2025-12-03T01:48:18.5120667Z ##[group]Run ${GITHUB_ACTION_PATH}/dist/codecov.sh
2025-12-03T01:48:18.5120999Z [36;1m${GITHUB_ACTION_PATH}/dist/codecov.sh[0m
2025-12-03T01:48:18.5150340Z shell: /usr/bin/bash --noprofile --norc -e -o pipefail {0}
2025-12-03T01:48:18.5150648Z env:
2025-12-03T01:48:18.5150885Z   pythonLocation: /opt/hostedtoolcache/Python/3.13.9/x64
2025-12-03T01:48:18.5151278Z   PKG_CONFIG_PATH: /opt/hostedtoolcache/Python/3.13.9/x64/lib/pkgconfig
2025-12-03T01:48:18.5151672Z   Python_ROOT_DIR: /opt/hostedtoolcache/Python/3.13.9/x64
2025-12-03T01:48:18.5152021Z   Python2_ROOT_DIR: /opt/hostedtoolcache/Python/3.13.9/x64
2025-12-03T01:48:18.5152371Z   Python3_ROOT_DIR: /opt/hostedtoolcache/Python/3.13.9/x64
2025-12-03T01:48:18.5152719Z   LD_LIBRARY_PATH: /opt/hostedtoolcache/Python/3.13.9/x64/lib
2025-12-03T01:48:18.5153002Z   CC_FORK: false
2025-12-03T01:48:18.5153255Z   CC_TOKEN: ***
2025-12-03T01:48:18.5153435Z   CC_BRANCH: 
2025-12-03T01:48:18.5153633Z   CC_SHA: c18690ec8007c8c2f21048856938ce9f1a144711
2025-12-03T01:48:18.5153886Z   CC_PR: 
2025-12-03T01:48:18.5154057Z   CC_BASE_SHA: 
2025-12-03T01:48:18.5154227Z   CC_BINARY: 
2025-12-03T01:48:18.5154396Z   CC_BUILD: 
2025-12-03T01:48:18.5154563Z   CC_BUILD_URL: 
2025-12-03T01:48:18.5154731Z   CC_CODE: 
2025-12-03T01:48:18.5154892Z   CC_DIR: 
2025-12-03T01:48:18.5155059Z   CC_DISABLE_FILE_FIXES: false
2025-12-03T01:48:18.5155280Z   CC_DISABLE_SEARCH: false
2025-12-03T01:48:18.5155630Z   CC_DISABLE_TELEM: false
2025-12-03T01:48:18.5155823Z   CC_DRY_RUN: false
2025-12-03T01:48:18.5156009Z   CC_ENTERPRISE_URL: 
2025-12-03T01:48:18.5156190Z   CC_ENV: 
2025-12-03T01:48:18.5156488Z   CC_EXCLUDES: 
2025-12-03T01:48:18.5156676Z   CC_FAIL_ON_ERROR: false
2025-12-03T01:48:18.5156871Z   CC_FILES: 
2025-12-03T01:48:18.5157033Z   CC_FLAGS: 
2025-12-03T01:48:18.5157186Z   CC_FORCE: 
2025-12-03T01:48:18.5157347Z   CC_GCOV_ARGS: 
2025-12-03T01:48:18.5157534Z   CC_GCOV_EXECUTABLE: gcov
2025-12-03T01:48:18.5157728Z   CC_GCOV_IGNORE: 
2025-12-03T01:48:18.5157929Z   CC_GCOV_INCLUDE: 
2025-12-03T01:48:18.5158111Z   CC_GIT_SERVICE: github
2025-12-03T01:48:18.5158324Z   CC_HANDLE_NO_REPORTS_FOUND: false
2025-12-03T01:48:18.5158655Z   CC_JOB_CODE: 
2025-12-03T01:48:18.5158826Z   CC_LEGACY: false
2025-12-03T01:48:18.5158996Z   CC_NAME: 3.13
2025-12-03T01:48:18.5159169Z   CC_NETWORK_FILTER: 
2025-12-03T01:48:18.5159360Z   CC_NETWORK_PREFIX: 
2025-12-03T01:48:18.5159553Z   CC_NETWORK_ROOT_FOLDER: 
2025-12-03T01:48:18.5159757Z   CC_OS: 
2025-12-03T01:48:18.5159916Z   CC_PARENT_SHA: 
2025-12-03T01:48:18.5160097Z   CC_PLUGINS: 
2025-12-03T01:48:18.5160284Z   CC_RECURSE_SUBMODULES: false
2025-12-03T01:48:18.5160499Z   CC_REPORT_TYPE: 
2025-12-03T01:48:18.5160692Z   CC_RUN_CMD: upload-coverage
2025-12-03T01:48:18.5160902Z   CC_SERVICE: github
2025-12-03T01:48:18.5161100Z   CC_SKIP_VALIDATION: false
2025-12-03T01:48:18.5161299Z   CC_SLUG: 
2025-12-03T01:48:18.5161457Z   CC_SWIFT_PROJECT: 
2025-12-03T01:48:18.5161645Z   CC_USE_PYPI: false
2025-12-03T01:48:18.5161820Z   CC_VERBOSE: false
2025-12-03T01:48:18.5162000Z   CC_VERSION: latest
2025-12-03T01:48:18.5162178Z   CC_YML_PATH: 
2025-12-03T01:48:18.5162353Z ##[endgroup]
2025-12-03T01:48:18.5232308Z      _____          _
2025-12-03T01:48:18.5232672Z     / ____|        | |
2025-12-03T01:48:18.5233011Z    | |     ___   __| | ___  ___ _____   __
2025-12-03T01:48:18.5233417Z    | |    / _ \ / _` |/ _ \/ __/ _ \ \ / /
2025-12-03T01:48:18.5233830Z    | |___| (_) | (_| |  __/ (_| (_) \ V /
2025-12-03T01:48:18.5234223Z     \_____\___/ \__,_|\___|\___\___/ \_/
2025-12-03T01:48:18.5234853Z                            [0;31m Wrapper-0.2.7[0m
2025-12-03T01:48:18.5235297Z                            
2025-12-03T01:48:18.5288704Z [0;32m==>[0m Detected [0;36mlinux[0m
2025-12-03T01:48:18.5289521Z [0;32m ->[0m Downloading [0;36mhttps://cli.codecov.io/latest/linux/codecov[0m
2025-12-03T01:48:18.5341675Z   % Total    % Received % Xferd  Average Speed   Time    Time     Time  Current
2025-12-03T01:48:18.5342302Z                                  Dload  Upload   Total   Spent    Left  Speed
2025-12-03T01:48:18.5342609Z 
2025-12-03T01:48:18.7576184Z   0     0    0     0    0     0      0      0 --:--:-- --:--:-- --:--:--     0
2025-12-03T01:48:18.7576832Z 100 10.6M  100 10.6M    0     0  47.6M      0 --:--:-- --:--:-- --:--:-- 47.7M
2025-12-03T01:48:18.7600788Z [0;32m==>[0m Finishing downloading [0;36mlinux:latest[0m
2025-12-03T01:48:18.8154655Z       Version: [0;36mv11.2.5[0m
2025-12-03T01:48:18.8155108Z  
2025-12-03T01:48:18.9813381Z gpg: directory '/home/runner/.gnupg' created
2025-12-03T01:48:18.9980083Z gpg: keybox '/home/runner/.gnupg/pubring.kbx' created
2025-12-03T01:48:19.0565822Z gpg: /home/runner/.gnupg/trustdb.gpg: trustdb created
2025-12-03T01:48:19.0566975Z gpg: key 806BB28AED779869: public key "Codecov Uploader (Codecov Uploader Verification Key) <security@codecov.io>" imported
2025-12-03T01:48:19.1651193Z gpg: Total number processed: 1
2025-12-03T01:48:19.1651644Z gpg:               imported: 1
2025-12-03T01:48:19.1657404Z [0;32m==>[0m Verifying GPG signature integrity
2025-12-03T01:48:19.1658309Z [0;32m ->[0m Downloading [0;36mhttps://cli.codecov.io/latest/linux/codecov.SHA256SUM[0m
2025-12-03T01:48:19.1659406Z [0;32m ->[0m Downloading [0;36mhttps://cli.codecov.io/latest/linux/codecov.SHA256SUM.sig[0m
2025-12-03T01:48:19.1659938Z  
2025-12-03T01:48:19.2733429Z gpg: Signature made Mon Nov 10 14:58:43 2025 UTC
2025-12-03T01:48:19.2733873Z gpg:                using RSA key 27034E7FDB850E0BBC2C62FF806BB28AED779869
2025-12-03T01:48:19.2736613Z gpg: Good signature from "Codecov Uploader (Codecov Uploader Verification Key) <security@codecov.io>" [unknown]
2025-12-03T01:48:19.2737843Z gpg: WARNING: This key is not certified with a trusted signature!
2025-12-03T01:48:19.2738533Z gpg:          There is no indication that the signature belongs to the owner.
2025-12-03T01:48:19.2739035Z Primary key fingerprint: 2703 4E7F DB85 0E0B BC2C  62FF 806B B28A ED77 9869
2025-12-03T01:48:19.3751168Z codecov: OK
2025-12-03T01:48:19.3760302Z [0;32m==>[0m CLI integrity verified
2025-12-03T01:48:19.3760588Z 
2025-12-03T01:48:19.4363716Z [0;32m ->[0m Token length: 36
2025-12-03T01:48:19.4364718Z [0;32m==>[0m Running upload-coverage
2025-12-03T01:48:19.4373083Z       [0;36m./codecov  upload-coverage -t <redacted> --git-service github --sha c18690ec8007c8c2f21048856938ce9f1a144711 --gcov-executable gcov --name 3.13[0m
2025-12-03T01:48:19.7866435Z info - 2025-12-03 01:48:19,786 -- ci service found: github-actions
2025-12-03T01:48:19.8279027Z warning - 2025-12-03 01:48:19,827 -- xcrun is not installed or can't be found.
2025-12-03T01:48:19.8952116Z warning - 2025-12-03 01:48:19,895 -- No gcov data found.
2025-12-03T01:48:19.8956060Z warning - 2025-12-03 01:48:19,895 -- coverage.py is not installed or can't be found.
2025-12-03T01:48:19.9114067Z info - 2025-12-03 01:48:19,911 -- Found 1 coverage files to report
2025-12-03T01:48:19.9115133Z info - 2025-12-03 01:48:19,911 -- > /home/runner/work/tinuous/tinuous/coverage.xml
2025-12-03T01:48:20.5220647Z info - 2025-12-03 01:48:20,521 -- Your upload is now processing. When finished, results will be available at: https://app.codecov.io/github/con/tinuous/commit/c18690ec8007c8c2f21048856938ce9f1a144711
2025-12-03T01:48:20.6010467Z info - 2025-12-03 01:48:20,600 -- Process Upload complete
2025-12-03T01:48:20.7443873Z Post job cleanup.
2025-12-03T01:48:20.9032891Z Post job cleanup.
2025-12-03T01:48:20.9971782Z [command]/usr/bin/git version
2025-12-03T01:48:21.0014013Z git version 2.52.0
2025-12-03T01:48:21.0050054Z Copying '/home/runner/.gitconfig' to '/home/runner/work/_temp/13327005-d9eb-4613-ad41-8f40ff10b532/.gitconfig'
2025-12-03T01:48:21.0059781Z Temporarily overriding HOME='/home/runner/work/_temp/13327005-d9eb-4613-ad41-8f40ff10b532' before making global git config changes
2025-12-03T01:48:21.0060932Z Adding repository directory to the temporary git global config as a safe directory
2025-12-03T01:48:21.0065293Z [command]/usr/bin/git config --global --add safe.directory /home/runner/work/tinuous/tinuous
2025-12-03T01:48:21.0098519Z [command]/usr/bin/git config --local --name-only --get-regexp core\.sshCommand
2025-12-03T01:48:21.0129325Z [command]/usr/bin/git submodule foreach --recursive sh -c "git config --local --name-only --get-regexp 'core\.sshCommand' && git config --local --unset-all 'core.sshCommand' || :"
2025-12-03T01:48:21.0369196Z [command]/usr/bin/git config --local --name-only --get-regexp http\.https\:\/\/github\.com\/\.extraheader
2025-12-03T01:48:21.0397664Z http.https://github.com/.extraheader
2025-12-03T01:48:21.0414543Z [command]/usr/bin/git config --local --unset-all http.https://github.com/.extraheader
2025-12-03T01:48:21.0457613Z [command]/usr/bin/git submodule foreach --recursive sh -c "git config --local --name-only --get-regexp 'http\.https\:\/\/github\.com\/\.extraheader' && git config --local --unset-all 'http.https://github.com/.extraheader' || :"
2025-12-03T01:48:21.0708266Z [command]/usr/bin/git config --local --name-only --get-regexp ^includeIf\.gitdir:
2025-12-03T01:48:21.0742803Z [command]/usr/bin/git submodule foreach --recursive git config --local --show-origin --name-only --get-regexp remote.origin.url
2025-12-03T01:48:21.1084061Z Cleaning up orphan processes
