2025-12-03T01:47:45.9251969Z Current runner version: '2.329.0'
2025-12-03T01:47:45.9274318Z ##[group]Runner Image Provisioner
2025-12-03T01:47:45.9275065Z Hosted Compute Agent
2025-12-03T01:47:45.9275743Z Version: 20251016.436
2025-12-03T01:47:45.9276330Z Commit: 8ab8ac8bfd662a3739dab9fe09456aba92132568
2025-12-03T01:47:45.9276978Z Build Date: 2025-10-15T20:44:12Z
2025-12-03T01:47:45.9277516Z ##[endgroup]
2025-12-03T01:47:45.9278025Z ##[group]Operating System
2025-12-03T01:47:45.9278529Z Ubuntu
2025-12-03T01:47:45.9278924Z 24.04.3
2025-12-03T01:47:45.9279333Z LTS
2025-12-03T01:47:45.9279716Z ##[endgroup]
2025-12-03T01:47:45.9280179Z ##[group]Runner Image
2025-12-03T01:47:45.9280694Z Image: ubuntu-24.04
2025-12-03T01:47:45.9281115Z Version: 20251112.124.1
2025-12-03T01:47:45.9282038Z Included Software: https://github.com/actions/runner-images/blob/ubuntu24/20251112.124/images/ubuntu/Ubuntu2404-Readme.md
2025-12-03T01:47:45.9283427Z Image Release: https://github.com/actions/runner-images/releases/tag/ubuntu24%2F20251112.124
2025-12-03T01:47:45.9284346Z ##[endgroup]
2025-12-03T01:47:45.9286701Z ##[group]GITHUB_TOKEN Permissions
2025-12-03T01:47:45.9288674Z Actions: write
2025-12-03T01:47:45.9289184Z ArtifactMetadata: write
2025-12-03T01:47:45.9289657Z Attestations: write
2025-12-03T01:47:45.9290131Z Checks: write
2025-12-03T01:47:45.9290593Z Contents: write
2025-12-03T01:47:45.9291053Z Deployments: write
2025-12-03T01:47:45.9291527Z Discussions: write
2025-12-03T01:47:45.9291974Z Issues: write
2025-12-03T01:47:45.9292418Z Metadata: read
2025-12-03T01:47:45.9292824Z Models: read
2025-12-03T01:47:45.9293344Z Packages: write
2025-12-03T01:47:45.9293800Z Pages: write
2025-12-03T01:47:45.9294213Z PullRequests: write
2025-12-03T01:47:45.9294733Z RepositoryProjects: write
2025-12-03T01:47:45.9295320Z SecurityEvents: write
2025-12-03T01:47:45.9295951Z Statuses: write
2025-12-03T01:47:45.9296471Z ##[endgroup]
2025-12-03T01:47:45.9298396Z Secret source: Actions
2025-12-03T01:47:45.9299002Z Prepare workflow directory
2025-12-03T01:47:45.9588260Z Prepare all required actions
2025-12-03T01:47:45.9624038Z Getting action download info
2025-12-03T01:47:46.4271825Z Download action repository 'actions/checkout@v4' (SHA:34e114876b0b11c390a56381ad16ebd13914f8d5)
2025-12-03T01:47:47.4114269Z Download action repository 'actions/setup-python@v5' (SHA:a26af69be951a213d495a4c3e4e4022e16d87065)
2025-12-03T01:47:47.5013836Z Download action repository 'codecov/codecov-action@v5' (SHA:5a1091511ad55cbe89839c7260b706298ca349f7)
2025-12-03T01:47:48.0712503Z Getting action download info
2025-12-03T01:47:48.2279494Z Download action repository 'actions/github-script@60a0d83039c74a4aee543508d2ffcb1c3799cdea' (SHA:60a0d83039c74a4aee543508d2ffcb1c3799cdea)
2025-12-03T01:47:48.9493523Z Complete job name: test (3.9, py)
2025-12-03T01:47:49.0059829Z ##[group]Run actions/checkout@v4
2025-12-03T01:47:49.0060323Z with:
2025-12-03T01:47:49.0060510Z   fetch-depth: 0
2025-12-03T01:47:49.0060702Z   repository: con/tinuous
2025-12-03T01:47:49.0061077Z   token: ***
2025-12-03T01:47:49.0061264Z   ssh-strict: true
2025-12-03T01:47:49.0061457Z   ssh-user: git
2025-12-03T01:47:49.0061655Z   persist-credentials: true
2025-12-03T01:47:49.0061867Z   clean: true
2025-12-03T01:47:49.0062071Z   sparse-checkout-cone-mode: true
2025-12-03T01:47:49.0062318Z   fetch-tags: false
2025-12-03T01:47:49.0062500Z   show-progress: true
2025-12-03T01:47:49.0062694Z   lfs: false
2025-12-03T01:47:49.0062857Z   submodules: false
2025-12-03T01:47:49.0063056Z   set-safe-directory: true
2025-12-03T01:47:49.0063408Z ##[endgroup]
2025-12-03T01:47:49.1108189Z Syncing repository: con/tinuous
2025-12-03T01:47:49.1110111Z ##[group]Getting Git version info
2025-12-03T01:47:49.1110515Z Working directory is '/home/runner/work/tinuous/tinuous'
2025-12-03T01:47:49.1111141Z [command]/usr/bin/git version
2025-12-03T01:47:49.1157635Z git version 2.51.2
2025-12-03T01:47:49.1183846Z ##[endgroup]
2025-12-03T01:47:49.1198386Z Temporarily overriding HOME='/home/runner/work/_temp/bfc9a02b-eaf2-43f5-b59e-55222fb1c0c1' before making global git config changes
2025-12-03T01:47:49.1200741Z Adding repository directory to the temporary git global config as a safe directory
2025-12-03T01:47:49.1205381Z [command]/usr/bin/git config --global --add safe.directory /home/runner/work/tinuous/tinuous
2025-12-03T01:47:49.1236387Z Deleting the contents of '/home/runner/work/tinuous/tinuous'
2025-12-03T01:47:49.1239743Z ##[group]Initializing the repository
2025-12-03T01:47:49.1243788Z [command]/usr/bin/git init /home/runner/work/tinuous/tinuous
2025-12-03T01:47:49.1332687Z hint: Using 'master' as the name for the initial branch. This default branch name
2025-12-03T01:47:49.1333340Z hint: is subject to change. To configure the initial branch name to use in all
2025-12-03T01:47:49.1334122Z hint: of your new repositories, which will suppress this warning, call:
2025-12-03T01:47:49.1334671Z hint:
2025-12-03T01:47:49.1335060Z hint: 	git config --global init.defaultBranch <name>
2025-12-03T01:47:49.1335551Z hint:
2025-12-03T01:47:49.1336279Z hint: Names commonly chosen instead of 'master' are 'main', 'trunk' and
2025-12-03T01:47:49.1337082Z hint: 'development'. The just-created branch can be renamed via this command:
2025-12-03T01:47:49.1337419Z hint:
2025-12-03T01:47:49.1337614Z hint: 	git branch -m <name>
2025-12-03T01:47:49.1337815Z hint:
2025-12-03T01:47:49.1338145Z hint: Disable this message with "git config set advice.defaultBranchName false"
2025-12-03T01:47:49.1338657Z Initialized empty Git repository in /home/runner/work/tinuous/tinuous/.git/
2025-12-03T01:47:49.1346554Z [command]/usr/bin/git remote add origin https://github.com/con/tinuous
2025-12-03T01:47:49.1371931Z ##[endgroup]
2025-12-03T01:47:49.1372327Z ##[group]Disabling automatic garbage collection
2025-12-03T01:47:49.1376119Z [command]/usr/bin/git config --local gc.auto 0
2025-12-03T01:47:49.1398191Z ##[endgroup]
2025-12-03T01:47:49.1398543Z ##[group]Setting up auth
2025-12-03T01:47:49.1404412Z [command]/usr/bin/git config --local --name-only --get-regexp core\.sshCommand
2025-12-03T01:47:49.1428382Z [command]/usr/bin/git submodule foreach --recursive sh -c "git config --local --name-only --get-regexp 'core\.sshCommand' && git config --local --unset-all 'core.sshCommand' || :"
2025-12-03T01:47:49.1696317Z [command]/usr/bin/git config --local --name-only --get-regexp http\.https\:\/\/github\.com\/\.extraheader
2025-12-03T01:47:49.1726576Z [command]/usr/bin/git submodule foreach --recursive sh -c "git config --local --name-only --get-regexp 'http\.https\:\/\/github\.com\/\.extraheader' && git config --local --unset-all 'http.https://github.com/.extraheader' || :"
2025-12-03T01:47:49.1898526Z [command]/usr/bin/git config --local --name-only --get-regexp ^includeIf\.gitdir:
2025-12-03T01:47:49.1923579Z [command]/usr/bin/git submodule foreach --recursive git config --local --show-origin --name-only --get-regexp remote.origin.url
2025-12-03T01:47:49.2091570Z [command]/usr/bin/git config --local http.https://github.com/.extraheader AUTHORIZATION: basic ***
2025-12-03T01:47:49.2118358Z ##[endgroup]
2025-12-03T01:47:49.2125787Z ##[group]Fetching the repository
2025-12-03T01:47:49.2127316Z [command]/usr/bin/git -c protocol.version=2 fetch --prune --no-recurse-submodules origin +refs/heads/*:refs/remotes/origin/* +refs/tags/*:refs/tags/* +033c145d320ecfa0b0d5e1d39fcf560df46271d2:refs/remotes/pull/221/merge
2025-12-03T01:47:49.8499151Z From https://github.com/con/tinuous
2025-12-03T01:47:49.8500028Z  * [new branch]      bf-circleci                              -> origin/bf-circleci
2025-12-03T01:47:49.8500867Z  * [new branch]      copilot/fix-workflow-overlap-issue       -> origin/copilot/fix-workflow-overlap-issue
2025-12-03T01:47:49.8501931Z  * [new branch]      copilot/make-travis-testing-optional     -> origin/copilot/make-travis-testing-optional
2025-12-03T01:47:49.8502901Z  * [new branch]      copilot/support-github-packages          -> origin/copilot/support-github-packages
2025-12-03T01:47:49.8503803Z  * [new branch]      dependabot/github_actions/actions/checkout-6 -> origin/dependabot/github_actions/actions/checkout-6
2025-12-03T01:47:49.8505232Z  * [new branch]      dependabot/github_actions/actions/setup-python-6 -> origin/dependabot/github_actions/actions/setup-python-6
2025-12-03T01:47:49.8506331Z  * [new branch]      gh-55                                    -> origin/gh-55
2025-12-03T01:47:49.8506932Z  * [new branch]      master                                   -> origin/master
2025-12-03T01:47:49.8507590Z  * [new branch]      no-extra-search                          -> origin/no-extra-search
2025-12-03T01:47:49.8508241Z  * [new branch]      pragmata                                 -> origin/pragmata
2025-12-03T01:47:49.8508855Z  * [new branch]      test-appveyor                            -> origin/test-appveyor
2025-12-03T01:47:49.8509461Z  * [new tag]         0.1.0                                    -> 0.1.0
2025-12-03T01:47:49.8509952Z  * [new tag]         0.2.0                                    -> 0.2.0
2025-12-03T01:47:49.8510530Z  * [new tag]         0.3.0                                    -> 0.3.0
2025-12-03T01:47:49.8511123Z  * [new tag]         0.4.0                                    -> 0.4.0
2025-12-03T01:47:49.8511601Z  * [new tag]         0.5.0                                    -> 0.5.0
2025-12-03T01:47:49.8512150Z  * [new tag]         0.5.1                                    -> 0.5.1
2025-12-03T01:47:49.8512634Z  * [new tag]         0.5.2                                    -> 0.5.2
2025-12-03T01:47:49.8513130Z  * [new tag]         0.5.3                                    -> 0.5.3
2025-12-03T01:47:49.8513630Z  * [new tag]         0.5.4                                    -> 0.5.4
2025-12-03T01:47:49.8514118Z  * [new tag]         0.6.0                                    -> 0.6.0
2025-12-03T01:47:49.8514627Z  * [new tag]         0.6.1                                    -> 0.6.1
2025-12-03T01:47:49.8515152Z  * [new tag]         0.7.0                                    -> 0.7.0
2025-12-03T01:47:49.8515866Z  * [new tag]         0.7.1                                    -> 0.7.1
2025-12-03T01:47:49.8516392Z  * [new tag]         0.7.2                                    -> 0.7.2
2025-12-03T01:47:49.8517036Z  * [new ref]         033c145d320ecfa0b0d5e1d39fcf560df46271d2 -> pull/221/merge
2025-12-03T01:47:49.8548093Z ##[endgroup]
2025-12-03T01:47:49.8549934Z ##[group]Determining the checkout info
2025-12-03T01:47:49.8550671Z ##[endgroup]
2025-12-03T01:47:49.8554462Z [command]/usr/bin/git sparse-checkout disable
2025-12-03T01:47:49.8588668Z [command]/usr/bin/git config --local --unset-all extensions.worktreeConfig
2025-12-03T01:47:49.8610254Z ##[group]Checking out the ref
2025-12-03T01:47:49.8614538Z [command]/usr/bin/git checkout --progress --force refs/remotes/pull/221/merge
2025-12-03T01:47:49.8656418Z Note: switching to 'refs/remotes/pull/221/merge'.
2025-12-03T01:47:49.8657030Z 
2025-12-03T01:47:49.8657385Z You are in 'detached HEAD' state. You can look around, make experimental
2025-12-03T01:47:49.8658062Z changes and commit them, and you can discard any commits you make in this
2025-12-03T01:47:49.8658759Z state without impacting any branches by switching back to a branch.
2025-12-03T01:47:49.8659222Z 
2025-12-03T01:47:49.8659490Z If you want to create a new branch to retain commits you create, you may
2025-12-03T01:47:49.8660118Z do so (now or later) by using -c with the switch command. Example:
2025-12-03T01:47:49.8660468Z 
2025-12-03T01:47:49.8660615Z   git switch -c <new-branch-name>
2025-12-03T01:47:49.8660892Z 
2025-12-03T01:47:49.8661035Z Or undo this operation with:
2025-12-03T01:47:49.8661262Z 
2025-12-03T01:47:49.8661385Z   git switch -
2025-12-03T01:47:49.8661558Z 
2025-12-03T01:47:49.8661853Z Turn off this advice by setting config variable advice.detachedHead to false
2025-12-03T01:47:49.8662290Z 
2025-12-03T01:47:49.8662778Z HEAD is now at 033c145 Merge c18690ec8007c8c2f21048856938ce9f1a144711 into 996b2b07ba111d746f412ad3e634e1eddc22c7b8
2025-12-03T01:47:49.8664411Z ##[endgroup]
2025-12-03T01:47:49.8694917Z [command]/usr/bin/git log -1 --format=%H
2025-12-03T01:47:49.8714440Z 033c145d320ecfa0b0d5e1d39fcf560df46271d2
2025-12-03T01:47:49.8897638Z ##[group]Run actions/setup-python@v5
2025-12-03T01:47:49.8897879Z with:
2025-12-03T01:47:49.8898057Z   python-version: 3.9
2025-12-03T01:47:49.8898250Z   check-latest: false
2025-12-03T01:47:49.8898546Z   token: ***
2025-12-03T01:47:49.8898731Z   update-environment: true
2025-12-03T01:47:49.8898948Z   allow-prereleases: false
2025-12-03T01:47:49.8899144Z   freethreaded: false
2025-12-03T01:47:49.8899329Z ##[endgroup]
2025-12-03T01:47:50.0457807Z ##[group]Installed versions
2025-12-03T01:47:50.0552916Z Successfully set up CPython (3.9.25)
2025-12-03T01:47:50.0553749Z ##[endgroup]
2025-12-03T01:47:50.0649475Z ##[group]Run python -m pip install --upgrade pip wheel
2025-12-03T01:47:50.0649940Z [36;1mpython -m pip install --upgrade pip wheel[0m
2025-12-03T01:47:50.0650385Z [36;1mpython -m pip install --upgrade --upgrade-strategy=eager tox[0m
2025-12-03T01:47:50.0680021Z shell: /usr/bin/bash -e {0}
2025-12-03T01:47:50.0680259Z env:
2025-12-03T01:47:50.0680502Z   pythonLocation: /opt/hostedtoolcache/Python/3.9.25/x64
2025-12-03T01:47:50.0680900Z   PKG_CONFIG_PATH: /opt/hostedtoolcache/Python/3.9.25/x64/lib/pkgconfig
2025-12-03T01:47:50.0681266Z   Python_ROOT_DIR: /opt/hostedtoolcache/Python/3.9.25/x64
2025-12-03T01:47:50.0681593Z   Python2_ROOT_DIR: /opt/hostedtoolcache/Python/3.9.25/x64
2025-12-03T01:47:50.0681914Z   Python3_ROOT_DIR: /opt/hostedtoolcache/Python/3.9.25/x64
2025-12-03T01:47:50.0682240Z   LD_LIBRARY_PATH: /opt/hostedtoolcache/Python/3.9.25/x64/lib
2025-12-03T01:47:50.0682504Z ##[endgroup]
2025-12-03T01:47:51.5640506Z Requirement already satisfied: pip in /opt/hostedtoolcache/Python/3.9.25/x64/lib/python3.9/site-packages (25.3)
2025-12-03T01:47:51.7002650Z Collecting wheel
2025-12-03T01:47:51.7661452Z   Downloading wheel-0.45.1-py3-none-any.whl.metadata (2.3 kB)
2025-12-03T01:47:51.7853238Z Downloading wheel-0.45.1-py3-none-any.whl (72 kB)
2025-12-03T01:47:51.8366479Z Installing collected packages: wheel
2025-12-03T01:47:51.8753081Z Successfully installed wheel-0.45.1
2025-12-03T01:47:52.3944037Z Collecting tox
2025-12-03T01:47:52.4532107Z   Downloading tox-4.30.3-py3-none-any.whl.metadata (3.6 kB)
2025-12-03T01:47:52.4888670Z Collecting cachetools>=6.1 (from tox)
2025-12-03T01:47:52.5000907Z   Downloading cachetools-6.2.2-py3-none-any.whl.metadata (5.6 kB)
2025-12-03T01:47:52.5188807Z Collecting chardet>=5.2 (from tox)
2025-12-03T01:47:52.5294647Z   Downloading chardet-5.2.0-py3-none-any.whl.metadata (3.4 kB)
2025-12-03T01:47:52.5516383Z Collecting colorama>=0.4.6 (from tox)
2025-12-03T01:47:52.5621297Z   Downloading colorama-0.4.6-py2.py3-none-any.whl.metadata (17 kB)
2025-12-03T01:47:52.5917953Z Collecting filelock>=3.18 (from tox)
2025-12-03T01:47:52.6032546Z   Downloading filelock-3.19.1-py3-none-any.whl.metadata (2.1 kB)
2025-12-03T01:47:52.6268914Z Collecting packaging>=25 (from tox)
2025-12-03T01:47:52.6376508Z   Downloading packaging-25.0-py3-none-any.whl.metadata (3.3 kB)
2025-12-03T01:47:52.6624560Z Collecting platformdirs>=4.3.8 (from tox)
2025-12-03T01:47:52.6735287Z   Downloading platformdirs-4.4.0-py3-none-any.whl.metadata (12 kB)
2025-12-03T01:47:52.6960680Z Collecting pluggy>=1.6 (from tox)
2025-12-03T01:47:52.7087670Z   Downloading pluggy-1.6.0-py3-none-any.whl.metadata (4.8 kB)
2025-12-03T01:47:52.7308165Z Collecting pyproject-api>=1.9.1 (from tox)
2025-12-03T01:47:52.7421837Z   Downloading pyproject_api-1.9.1-py3-none-any.whl.metadata (2.7 kB)
2025-12-03T01:47:52.7687797Z Collecting tomli>=2.2.1 (from tox)
2025-12-03T01:47:52.7829660Z   Downloading tomli-2.3.0-py3-none-any.whl.metadata (10 kB)
2025-12-03T01:47:52.8146124Z Collecting typing-extensions>=4.14.1 (from tox)
2025-12-03T01:47:52.8258321Z   Downloading typing_extensions-4.15.0-py3-none-any.whl.metadata (3.3 kB)
2025-12-03T01:47:52.9580578Z Collecting virtualenv>=20.31.2 (from tox)
2025-12-03T01:47:52.9689967Z   Downloading virtualenv-20.35.4-py3-none-any.whl.metadata (4.6 kB)
2025-12-03T01:47:53.2246496Z Collecting distlib<1,>=0.3.7 (from virtualenv>=20.31.2->tox)
2025-12-03T01:47:53.2368547Z   Downloading distlib-0.4.0-py2.py3-none-any.whl.metadata (5.2 kB)
2025-12-03T01:47:53.7471464Z Downloading tox-4.30.3-py3-none-any.whl (175 kB)
2025-12-03T01:47:53.8298630Z Downloading cachetools-6.2.2-py3-none-any.whl (11 kB)
2025-12-03T01:47:53.9419023Z Downloading chardet-5.2.0-py3-none-any.whl (199 kB)
2025-12-03T01:47:54.3348752Z Downloading colorama-0.4.6-py2.py3-none-any.whl (25 kB)
2025-12-03T01:47:54.3472776Z Downloading filelock-3.19.1-py3-none-any.whl (15 kB)
2025-12-03T01:47:54.3596452Z Downloading packaging-25.0-py3-none-any.whl (66 kB)
2025-12-03T01:47:54.3723984Z Downloading platformdirs-4.4.0-py3-none-any.whl (18 kB)
2025-12-03T01:47:54.3859747Z Downloading pluggy-1.6.0-py3-none-any.whl (20 kB)
2025-12-03T01:47:54.3995967Z Downloading pyproject_api-1.9.1-py3-none-any.whl (13 kB)
2025-12-03T01:47:54.4124817Z Downloading tomli-2.3.0-py3-none-any.whl (14 kB)
2025-12-03T01:47:54.4249465Z Downloading typing_extensions-4.15.0-py3-none-any.whl (44 kB)
2025-12-03T01:47:54.4374594Z Downloading virtualenv-20.35.4-py3-none-any.whl (6.0 MB)
2025-12-03T01:47:54.4771685Z    ━━━━━━━━━━━━━━━━━━━━━━━━━━━━━━━━━━━━━━━━ 6.0/6.0 MB 158.5 MB/s  0:00:00
2025-12-03T01:47:54.4880149Z Downloading distlib-0.4.0-py2.py3-none-any.whl (469 kB)
2025-12-03T01:47:54.5412964Z Installing collected packages: distlib, typing-extensions, tomli, pluggy, platformdirs, packaging, filelock, colorama, chardet, cachetools, virtualenv, pyproject-api, tox
2025-12-03T01:47:55.0848260Z 
2025-12-03T01:47:55.0882306Z Successfully installed cachetools-6.2.2 chardet-5.2.0 colorama-0.4.6 distlib-0.4.0 filelock-3.19.1 packaging-25.0 platformdirs-4.4.0 pluggy-1.6.0 pyproject-api-1.9.1 tomli-2.3.0 tox-4.30.3 typing-extensions-4.15.0 virtualenv-20.35.4
2025-12-03T01:47:55.1405430Z ##[group]Run tox -e py -- --cov-report=xml
2025-12-03T01:47:55.1405953Z [36;1mtox -e py -- --cov-report=xml[0m
2025-12-03T01:47:55.1425382Z shell: /usr/bin/bash -e {0}
2025-12-03T01:47:55.1425785Z env:
2025-12-03T01:47:55.1426113Z   pythonLocation: /opt/hostedtoolcache/Python/3.9.25/x64
2025-12-03T01:47:55.1426588Z   PKG_CONFIG_PATH: /opt/hostedtoolcache/Python/3.9.25/x64/lib/pkgconfig
2025-12-03T01:47:55.1426951Z   Python_ROOT_DIR: /opt/hostedtoolcache/Python/3.9.25/x64
2025-12-03T01:47:55.1427270Z   Python2_ROOT_DIR: /opt/hostedtoolcache/Python/3.9.25/x64
2025-12-03T01:47:55.1427594Z   Python3_ROOT_DIR: /opt/hostedtoolcache/Python/3.9.25/x64
2025-12-03T01:47:55.1427913Z   LD_LIBRARY_PATH: /opt/hostedtoolcache/Python/3.9.25/x64/lib
2025-12-03T01:47:55.1428177Z ##[endgroup]
2025-12-03T01:47:56.4271491Z py: install_deps> python -I -m pip install pytest pytest-cov pytest-mock
2025-12-03T01:47:59.2873831Z .pkg: install_requires> python -I -m pip install 'setuptools>=46.4.0' versioningit
2025-12-03T01:48:00.4377428Z .pkg: _optional_hooks> python /opt/hostedtoolcache/Python/3.9.25/x64/lib/python3.9/site-packages/pyproject_api/_backend.py True setuptools.build_meta
2025-12-03T01:48:00.6685284Z .pkg: get_requires_for_build_sdist> python /opt/hostedtoolcache/Python/3.9.25/x64/lib/python3.9/site-packages/pyproject_api/_backend.py True setuptools.build_meta
2025-12-03T01:48:00.9100528Z .pkg: get_requires_for_build_wheel> python /opt/hostedtoolcache/Python/3.9.25/x64/lib/python3.9/site-packages/pyproject_api/_backend.py True setuptools.build_meta
2025-12-03T01:48:01.1221363Z .pkg: freeze> python -m pip freeze --all
2025-12-03T01:48:01.3233750Z .pkg: importlib_metadata==8.7.0,packaging==25.0,pip==25.3,setuptools==80.9.0,tomli==2.3.0,versioningit==3.3.0,zipp==3.23.0
2025-12-03T01:48:01.3239361Z .pkg: prepare_metadata_for_build_wheel> python /opt/hostedtoolcache/Python/3.9.25/x64/lib/python3.9/site-packages/pyproject_api/_backend.py True setuptools.build_meta
2025-12-03T01:48:01.5613400Z .pkg: build_sdist> python /opt/hostedtoolcache/Python/3.9.25/x64/lib/python3.9/site-packages/pyproject_api/_backend.py True setuptools.build_meta
2025-12-03T01:48:01.8045213Z py: install_package_deps> python -I -m pip install 'PyYAML>=5.0' 'click-loglevel~=0.2' 'click>=7.0' 'ghtoken~=0.1' 'in_place~=1.0' 'pydantic~=2.0' 'python-dateutil~=2.7' 'python-dotenv<2.0,>=0.11' 'requests~=2.20'
2025-12-03T01:48:05.5609735Z py: install_package> python -I -m pip install --force-reinstall --no-deps /home/runner/work/tinuous/tinuous/.tox/.tmp/package/1/tinuous-0.7.2.post4+g033c145.tar.gz
2025-12-03T01:48:07.7438277Z py: freeze> python -m pip freeze --all
2025-12-03T01:48:07.9591185Z py: annotated-types==0.7.0,certifi==2025.11.12,charset-normalizer==3.4.4,click==8.1.8,click-loglevel==0.7.0,coverage==7.10.7,exceptiongroup==1.3.1,ghtoken==0.1.2,idna==3.11,in_place==1.0.1,iniconfig==2.1.0,packaging==25.0,pip==25.3,pluggy==1.6.0,pydantic==2.12.5,pydantic_core==2.41.5,Pygments==2.19.2,pytest==8.4.2,pytest-cov==7.0.0,pytest-mock==3.15.1,python-dateutil==2.9.0.post0,python-dotenv==1.2.1,PyYAML==6.0.3,requests==2.32.5,ruamel.yaml==0.18.16,ruamel.yaml.clib==0.2.15,setuptools==80.9.0,six==1.17.0,tinuous @ file:///home/runner/work/tinuous/tinuous/.tox/.tmp/package/1/tinuous-0.7.2.post4%2Bg033c145.tar.gz#sha256=4b1c98deaffd1136fdbf34c60ca201a10c030a479276961fcc9f69866ad601fd,tomli==2.3.0,typing-inspection==0.4.2,typing_extensions==4.15.0,urllib3==2.5.0
2025-12-03T01:48:07.9595855Z py: commands[0]> tinuous --help
2025-12-03T01:48:08.2639638Z Usage: tinuous [OPTIONS] COMMAND [ARGS]...
2025-12-03T01:48:08.2640217Z 
2025-12-03T01:48:08.2640700Z   Download build logs from GitHub Actions, Travis, Appveyor, and CircleCI
2025-12-03T01:48:08.2641448Z 
2025-12-03T01:48:08.2641634Z Options:
2025-12-03T01:48:08.2642231Z   -V, --version                   Show the version and exit.
2025-12-03T01:48:08.2643255Z   -c, --config FILE               Read configuration from the given file
2025-12-03T01:48:08.2644502Z                                   [default: tinuous.yaml]
2025-12-03T01:48:08.2645346Z   -E, --env FILE                  Load environment variables from given .env
2025-12-03T01:48:08.2646401Z                                   file
2025-12-03T01:48:08.2647158Z   -l, --log-level [NOTSET|DEBUG|INFO|WARNING|ERROR|CRITICAL]
2025-12-03T01:48:08.2647995Z                                   Set logging level  [default: INFO]
2025-12-03T01:48:08.2648791Z   --help                          Show this message and exit.
2025-12-03T01:48:08.2649311Z 
2025-12-03T01:48:08.2649494Z Commands:
2025-12-03T01:48:08.2649845Z   fetch         Download logs
2025-12-03T01:48:08.2650199Z   fetch-commit  Download logs for a specific commit
2025-12-03T01:48:08.2650635Z   sanitize      Sanitize secrets in logs
2025-12-03T01:48:08.2922260Z py: commands[1]> pytest --cov-report=xml test
2025-12-03T01:48:09.2500289Z ============================= test session starts ==============================
2025-12-03T01:48:09.2501042Z platform linux -- Python 3.9.25, pytest-8.4.2, pluggy-1.6.0
2025-12-03T01:48:09.2501701Z cachedir: .tox/py/.pytest_cache
2025-12-03T01:48:09.2502192Z rootdir: /home/runner/work/tinuous/tinuous
2025-12-03T01:48:09.2502500Z configfile: tox.ini
2025-12-03T01:48:09.2502731Z plugins: cov-7.0.0, mock-3.15.1
2025-12-03T01:48:09.2502981Z collected 70 items
2025-12-03T01:48:09.2503125Z 
2025-12-03T01:48:09.2650827Z test/test_base.py .........                                              [ 12%]
2025-12-03T01:48:09.2739805Z test/test_config.py ........                                             [ 24%]
2025-12-03T01:48:09.2894372Z test/test_github.py ......                                               [ 32%]
2025-12-03T01:48:09.3054575Z test/test_state.py ........                                              [ 44%]
2025-12-03T01:48:09.6177248Z test/test_util.py .......................................                [100%]
2025-12-03T01:48:09.6177782Z 
2025-12-03T01:48:09.6178023Z ================================ tests coverage ================================
2025-12-03T01:48:09.6178817Z _______________ coverage: platform linux, python 3.9.25-final-0 ________________
2025-12-03T01:48:09.6179365Z 
2025-12-03T01:48:09.6179562Z Coverage XML written to file coverage.xml
2025-12-03T01:48:09.6180103Z ============================== 70 passed in 0.70s ==============================
2025-12-03T01:48:09.6741907Z   py: OK (13.57=setup[11.86]+cmd[0.33,1.38] seconds)
2025-12-03T01:48:09.6742289Z   congratulations :) (13.64 seconds)
2025-12-03T01:48:09.7356453Z ##[group]Run codecov/codecov-action@v5
2025-12-03T01:48:09.7356701Z with:
2025-12-03T01:48:09.7356880Z   fail_ci_if_error: false
2025-12-03T01:48:09.7357202Z   token: ***
2025-12-03T01:48:09.7357359Z   name: 3.9
2025-12-03T01:48:09.7357535Z   disable_file_fixes: false
2025-12-03T01:48:09.7357732Z   disable_search: false
2025-12-03T01:48:09.7357932Z   disable_safe_directory: false
2025-12-03T01:48:09.7358142Z   disable_telem: false
2025-12-03T01:48:09.7358320Z   dry_run: false
2025-12-03T01:48:09.7358498Z   git_service: github
2025-12-03T01:48:09.7358673Z   gcov_executable: gcov
2025-12-03T01:48:09.7358873Z   handle_no_reports_found: false
2025-12-03T01:48:09.7359091Z   recurse_submodules: false
2025-12-03T01:48:09.7359295Z   run_command: upload-coverage
2025-12-03T01:48:09.7359505Z   skip_validation: false
2025-12-03T01:48:09.7359701Z   use_legacy_upload_endpoint: false
2025-12-03T01:48:09.7359934Z   use_oidc: false
2025-12-03T01:48:09.7360100Z   use_pypi: false
2025-12-03T01:48:09.7360309Z   verbose: false
2025-12-03T01:48:09.7360471Z   version: latest
2025-12-03T01:48:09.7360633Z env:
2025-12-03T01:48:09.7360854Z   pythonLocation: /opt/hostedtoolcache/Python/3.9.25/x64
2025-12-03T01:48:09.7361221Z   PKG_CONFIG_PATH: /opt/hostedtoolcache/Python/3.9.25/x64/lib/pkgconfig
2025-12-03T01:48:09.7361580Z   Python_ROOT_DIR: /opt/hostedtoolcache/Python/3.9.25/x64
2025-12-03T01:48:09.7361900Z   Python2_ROOT_DIR: /opt/hostedtoolcache/Python/3.9.25/x64
2025-12-03T01:48:09.7362209Z   Python3_ROOT_DIR: /opt/hostedtoolcache/Python/3.9.25/x64
2025-12-03T01:48:09.7362534Z   LD_LIBRARY_PATH: /opt/hostedtoolcache/Python/3.9.25/x64/lib
2025-12-03T01:48:09.7362797Z ##[endgroup]
2025-12-03T01:48:09.7434434Z ##[group]Run missing_deps=""
2025-12-03T01:48:09.7434693Z [36;1mmissing_deps=""[0m
2025-12-03T01:48:09.7434886Z [36;1m[0m
2025-12-03T01:48:09.7435068Z [36;1m# Check for required commands[0m
2025-12-03T01:48:09.7435323Z [36;1mfor cmd in bash git curl gpg; do[0m
2025-12-03T01:48:09.7435730Z [36;1m  if ! command -v "$cmd" >/dev/null 2>&1; then[0m
2025-12-03T01:48:09.7436009Z [36;1m    missing_deps="$missing_deps $cmd"[0m
2025-12-03T01:48:09.7436234Z [36;1m  fi[0m
2025-12-03T01:48:09.7436400Z [36;1mdone[0m
2025-12-03T01:48:09.7436554Z [36;1m[0m
2025-12-03T01:48:09.7436746Z [36;1m# Report missing required dependencies[0m
2025-12-03T01:48:09.7437011Z [36;1mif [ -n "$missing_deps" ]; then[0m
2025-12-03T01:48:09.7437352Z [36;1m  echo "Error: The following required dependencies are missing:$missing_deps"[0m
2025-12-03T01:48:09.7437785Z [36;1m  echo "Please install these dependencies before using this action."[0m
2025-12-03T01:48:09.7438093Z [36;1m  exit 1[0m
2025-12-03T01:48:09.7438254Z [36;1mfi[0m
2025-12-03T01:48:09.7438411Z [36;1m[0m
2025-12-03T01:48:09.7438634Z [36;1mecho "All required system dependencies are available."[0m
2025-12-03T01:48:09.7572141Z shell: /usr/bin/sh -e {0}
2025-12-03T01:48:09.7572361Z env:
2025-12-03T01:48:09.7572614Z   pythonLocation: /opt/hostedtoolcache/Python/3.9.25/x64
2025-12-03T01:48:09.7572986Z   PKG_CONFIG_PATH: /opt/hostedtoolcache/Python/3.9.25/x64/lib/pkgconfig
2025-12-03T01:48:09.7573351Z   Python_ROOT_DIR: /opt/hostedtoolcache/Python/3.9.25/x64
2025-12-03T01:48:09.7573671Z   Python2_ROOT_DIR: /opt/hostedtoolcache/Python/3.9.25/x64
2025-12-03T01:48:09.7573990Z   Python3_ROOT_DIR: /opt/hostedtoolcache/Python/3.9.25/x64
2025-12-03T01:48:09.7574319Z   LD_LIBRARY_PATH: /opt/hostedtoolcache/Python/3.9.25/x64/lib
2025-12-03T01:48:09.7574592Z ##[endgroup]
2025-12-03T01:48:09.7620135Z All required system dependencies are available.
2025-12-03T01:48:09.7644568Z ##[group]Run CC_ACTION_VERSION=$(cat ${GITHUB_ACTION_PATH}/src/version)
2025-12-03T01:48:09.7644990Z [36;1mCC_ACTION_VERSION=$(cat ${GITHUB_ACTION_PATH}/src/version)[0m
2025-12-03T01:48:09.7645376Z [36;1mecho -e "\033[0;32m==>\033[0m Running Action version $CC_ACTION_VERSION"[0m
2025-12-03T01:48:09.7663389Z shell: /usr/bin/bash --noprofile --norc -e -o pipefail {0}
2025-12-03T01:48:09.7663819Z env:
2025-12-03T01:48:09.7664061Z   pythonLocation: /opt/hostedtoolcache/Python/3.9.25/x64
2025-12-03T01:48:09.7664430Z   PKG_CONFIG_PATH: /opt/hostedtoolcache/Python/3.9.25/x64/lib/pkgconfig
2025-12-03T01:48:09.7664793Z   Python_ROOT_DIR: /opt/hostedtoolcache/Python/3.9.25/x64
2025-12-03T01:48:09.7665116Z   Python2_ROOT_DIR: /opt/hostedtoolcache/Python/3.9.25/x64
2025-12-03T01:48:09.7665423Z   Python3_ROOT_DIR: /opt/hostedtoolcache/Python/3.9.25/x64
2025-12-03T01:48:09.7665871Z   LD_LIBRARY_PATH: /opt/hostedtoolcache/Python/3.9.25/x64/lib
2025-12-03T01:48:09.7666138Z ##[endgroup]
2025-12-03T01:48:09.7712430Z [0;32m==>[0m Running Action version 5.5.1
2025-12-03T01:48:09.7748170Z ##[group]Run git config --global --add safe.directory "/home/runner/work/tinuous/tinuous"
2025-12-03T01:48:09.7748677Z [36;1mgit config --global --add safe.directory "/home/runner/work/tinuous/tinuous"[0m
2025-12-03T01:48:09.7749113Z [36;1mgit config --global --add safe.directory "$GITHUB_WORKSPACE"[0m
2025-12-03T01:48:09.7765358Z shell: /usr/bin/bash --noprofile --norc -e -o pipefail {0}
2025-12-03T01:48:09.7765772Z env:
2025-12-03T01:48:09.7766041Z   pythonLocation: /opt/hostedtoolcache/Python/3.9.25/x64
2025-12-03T01:48:09.7766411Z   PKG_CONFIG_PATH: /opt/hostedtoolcache/Python/3.9.25/x64/lib/pkgconfig
2025-12-03T01:48:09.7766774Z   Python_ROOT_DIR: /opt/hostedtoolcache/Python/3.9.25/x64
2025-12-03T01:48:09.7767098Z   Python2_ROOT_DIR: /opt/hostedtoolcache/Python/3.9.25/x64
2025-12-03T01:48:09.7767407Z   Python3_ROOT_DIR: /opt/hostedtoolcache/Python/3.9.25/x64
2025-12-03T01:48:09.7767733Z   LD_LIBRARY_PATH: /opt/hostedtoolcache/Python/3.9.25/x64/lib
2025-12-03T01:48:09.7768007Z ##[endgroup]
2025-12-03T01:48:09.7844184Z ##[group]Run CC_FORK="false"
2025-12-03T01:48:09.7844422Z [36;1mCC_FORK="false"[0m
2025-12-03T01:48:09.7844884Z [36;1mif [ -n "$GITHUB_EVENT_PULL_REQUEST_HEAD_REPO_FULL_NAME" ] && [ "$GITHUB_EVENT_PULL_REQUEST_HEAD_REPO_FULL_NAME" != "$GITHUB_REPOSITORY" ];[0m
2025-12-03T01:48:09.7845361Z [36;1mthen[0m
2025-12-03T01:48:09.7845571Z [36;1m  echo -e "\033[0;32m==>\033[0m Fork detected"[0m
2025-12-03T01:48:09.7846005Z [36;1m  CC_FORK="true"[0m
2025-12-03T01:48:09.7846189Z [36;1mfi[0m
2025-12-03T01:48:09.7846382Z [36;1mecho "CC_FORK=$CC_FORK" >> "$GITHUB_ENV"[0m
2025-12-03T01:48:09.7862202Z shell: /usr/bin/bash --noprofile --norc -e -o pipefail {0}
2025-12-03T01:48:09.7862487Z env:
2025-12-03T01:48:09.7862717Z   pythonLocation: /opt/hostedtoolcache/Python/3.9.25/x64
2025-12-03T01:48:09.7863071Z   PKG_CONFIG_PATH: /opt/hostedtoolcache/Python/3.9.25/x64/lib/pkgconfig
2025-12-03T01:48:09.7863433Z   Python_ROOT_DIR: /opt/hostedtoolcache/Python/3.9.25/x64
2025-12-03T01:48:09.7863753Z   Python2_ROOT_DIR: /opt/hostedtoolcache/Python/3.9.25/x64
2025-12-03T01:48:09.7864066Z   Python3_ROOT_DIR: /opt/hostedtoolcache/Python/3.9.25/x64
2025-12-03T01:48:09.7864391Z   LD_LIBRARY_PATH: /opt/hostedtoolcache/Python/3.9.25/x64/lib
2025-12-03T01:48:09.7864800Z   GITHUB_EVENT_PULL_REQUEST_HEAD_LABEL: con:copilot/fix-workflow-overlap-issue
2025-12-03T01:48:09.7865189Z   GITHUB_EVENT_PULL_REQUEST_HEAD_REPO_FULL_NAME: con/tinuous
2025-12-03T01:48:09.7865478Z   GITHUB_REPOSITORY: con/tinuous
2025-12-03T01:48:09.7865849Z ##[endgroup]
2025-12-03T01:48:09.7939604Z ##[group]Run actions/github-script@60a0d83039c74a4aee543508d2ffcb1c3799cdea
2025-12-03T01:48:09.7939931Z with:
2025-12-03T01:48:09.7940416Z   script: if (process.env.CC_USE_OIDC === 'true' && process.env.CC_FORK != 'true') {
  const id_token = await core.getIDToken(process.env.CC_OIDC_AUDIENCE)
  return id_token
}

2025-12-03T01:48:09.7941069Z   github-token: ***
2025-12-03T01:48:09.7941245Z   debug: false
2025-12-03T01:48:09.7941429Z   user-agent: actions/github-script
2025-12-03T01:48:09.7941654Z   result-encoding: json
2025-12-03T01:48:09.7941843Z   retries: 0
2025-12-03T01:48:09.7942040Z   retry-exempt-status-codes: 400,401,403,404,422
2025-12-03T01:48:09.7942398Z env:
2025-12-03T01:48:09.7942702Z   pythonLocation: /opt/hostedtoolcache/Python/3.9.25/x64
2025-12-03T01:48:09.7943186Z   PKG_CONFIG_PATH: /opt/hostedtoolcache/Python/3.9.25/x64/lib/pkgconfig
2025-12-03T01:48:09.7943541Z   Python_ROOT_DIR: /opt/hostedtoolcache/Python/3.9.25/x64
2025-12-03T01:48:09.7943870Z   Python2_ROOT_DIR: /opt/hostedtoolcache/Python/3.9.25/x64
2025-12-03T01:48:09.7944186Z   Python3_ROOT_DIR: /opt/hostedtoolcache/Python/3.9.25/x64
2025-12-03T01:48:09.7944502Z   LD_LIBRARY_PATH: /opt/hostedtoolcache/Python/3.9.25/x64/lib
2025-12-03T01:48:09.7944775Z   CC_FORK: false
2025-12-03T01:48:09.7944977Z   CC_OIDC_AUDIENCE: https://codecov.io
2025-12-03T01:48:09.7945210Z   CC_USE_OIDC: false
2025-12-03T01:48:09.7945393Z ##[endgroup]
2025-12-03T01:48:09.8793776Z ##[group]Run if [ "false" == 'true' ] && [ "$CC_FORK" != 'true' ];
2025-12-03T01:48:09.8794173Z [36;1mif [ "false" == 'true' ] && [ "$CC_FORK" != 'true' ];[0m
2025-12-03T01:48:09.8794434Z [36;1mthen[0m
2025-12-03T01:48:09.8794667Z [36;1m  echo "CC_TOKEN=$CC_OIDC_TOKEN" >> "$GITHUB_ENV"[0m
2025-12-03T01:48:09.8794937Z [36;1melif [ -n "" ];[0m
2025-12-03T01:48:09.8795142Z [36;1mthen[0m
2025-12-03T01:48:09.8795367Z [36;1m  echo -e "\033[0;32m==>\033[0m Token set from env"[0m
2025-12-03T01:48:09.8795789Z [36;1m    echo "CC_TOKEN=" >> "$GITHUB_ENV"[0m
2025-12-03T01:48:09.8796128Z [36;1melse[0m
2025-12-03T01:48:09.8796452Z [36;1m  if [ -n "***" ];[0m
2025-12-03T01:48:09.8796644Z [36;1m  then[0m
2025-12-03T01:48:09.8796874Z [36;1m    echo -e "\033[0;32m==>\033[0m Token set from input"[0m
2025-12-03T01:48:09.8797269Z [36;1m    CC_TOKEN=$(echo "***" | tr -d '\n')[0m
2025-12-03T01:48:09.8797539Z [36;1m    echo "CC_TOKEN=$CC_TOKEN" >> "$GITHUB_ENV"[0m
2025-12-03T01:48:09.8797788Z [36;1m  fi[0m
2025-12-03T01:48:09.8797956Z [36;1mfi[0m
2025-12-03T01:48:09.8816615Z shell: /usr/bin/bash --noprofile --norc -e -o pipefail {0}
2025-12-03T01:48:09.8816907Z env:
2025-12-03T01:48:09.8817142Z   pythonLocation: /opt/hostedtoolcache/Python/3.9.25/x64
2025-12-03T01:48:09.8817528Z   PKG_CONFIG_PATH: /opt/hostedtoolcache/Python/3.9.25/x64/lib/pkgconfig
2025-12-03T01:48:09.8817888Z   Python_ROOT_DIR: /opt/hostedtoolcache/Python/3.9.25/x64
2025-12-03T01:48:09.8818216Z   Python2_ROOT_DIR: /opt/hostedtoolcache/Python/3.9.25/x64
2025-12-03T01:48:09.8818537Z   Python3_ROOT_DIR: /opt/hostedtoolcache/Python/3.9.25/x64
2025-12-03T01:48:09.8818852Z   LD_LIBRARY_PATH: /opt/hostedtoolcache/Python/3.9.25/x64/lib
2025-12-03T01:48:09.8819130Z   CC_FORK: false
2025-12-03T01:48:09.8819302Z   CC_OIDC_TOKEN: 
2025-12-03T01:48:09.8819514Z   CC_OIDC_AUDIENCE: https://codecov.io
2025-12-03T01:48:09.8819743Z ##[endgroup]
2025-12-03T01:48:09.8857613Z [0;32m==>[0m Token set from input
2025-12-03T01:48:09.8890765Z ##[group]Run if [ -z "$CC_BRANCH" ] && [ -z "$CC_TOKEN" ] && [ "$CC_FORK" == 'true' ]
2025-12-03T01:48:09.8891174Z [36;1mif [ -z "$CC_BRANCH" ] && [ -z "$CC_TOKEN" ] && [ "$CC_FORK" == 'true' ][0m
2025-12-03T01:48:09.8891459Z [36;1mthen[0m
2025-12-03T01:48:09.8891821Z [36;1m  echo -e "\033[0;32m==>\033[0m Fork detected, setting branch to $GITHUB_EVENT_PULL_REQUEST_HEAD_LABEL"[0m
2025-12-03T01:48:09.8892250Z [36;1m  TOKENLESS="$GITHUB_EVENT_PULL_REQUEST_HEAD_LABEL"[0m
2025-12-03T01:48:09.8892565Z [36;1m  CC_BRANCH="$GITHUB_EVENT_PULL_REQUEST_HEAD_LABEL"[0m
2025-12-03T01:48:09.8892866Z [36;1m  echo "TOKENLESS=$TOKENLESS" >> "$GITHUB_ENV"[0m
2025-12-03T01:48:09.8893111Z [36;1mfi[0m
2025-12-03T01:48:09.8893268Z [36;1m[0m
2025-12-03T01:48:09.8893470Z [36;1mecho "CC_BRANCH=$CC_BRANCH" >> "$GITHUB_ENV"[0m
2025-12-03T01:48:09.8910101Z shell: /usr/bin/bash --noprofile --norc -e -o pipefail {0}
2025-12-03T01:48:09.8910396Z env:
2025-12-03T01:48:09.8910625Z   pythonLocation: /opt/hostedtoolcache/Python/3.9.25/x64
2025-12-03T01:48:09.8910994Z   PKG_CONFIG_PATH: /opt/hostedtoolcache/Python/3.9.25/x64/lib/pkgconfig
2025-12-03T01:48:09.8911364Z   Python_ROOT_DIR: /opt/hostedtoolcache/Python/3.9.25/x64
2025-12-03T01:48:09.8911682Z   Python2_ROOT_DIR: /opt/hostedtoolcache/Python/3.9.25/x64
2025-12-03T01:48:09.8912115Z   Python3_ROOT_DIR: /opt/hostedtoolcache/Python/3.9.25/x64
2025-12-03T01:48:09.8912519Z   LD_LIBRARY_PATH: /opt/hostedtoolcache/Python/3.9.25/x64/lib
2025-12-03T01:48:09.8912798Z   CC_FORK: false
2025-12-03T01:48:09.8913098Z   CC_TOKEN: ***
2025-12-03T01:48:09.8913269Z   CC_BRANCH: 
2025-12-03T01:48:09.8913559Z   GITHUB_EVENT_PULL_REQUEST_HEAD_LABEL: con:copilot/fix-workflow-overlap-issue
2025-12-03T01:48:09.8913964Z   GITHUB_EVENT_PULL_REQUEST_HEAD_REPO_FULL_NAME: con/tinuous
2025-12-03T01:48:09.8914246Z   GITHUB_REPOSITORY: con/tinuous
2025-12-03T01:48:09.8914456Z ##[endgroup]
2025-12-03T01:48:09.8969831Z ##[group]Run if [ -z "$CC_SHA" ];
2025-12-03T01:48:09.8970100Z [36;1mif [ -z "$CC_SHA" ];[0m
2025-12-03T01:48:09.8970297Z [36;1mthen[0m
2025-12-03T01:48:09.8970513Z [36;1m  CC_SHA="$GITHUB_EVENT_PULL_REQUEST_HEAD_SHA"[0m
2025-12-03T01:48:09.8970767Z [36;1mfi[0m
2025-12-03T01:48:09.8970967Z [36;1mif [ -z "$CC_PR" ] && [ "$CC_FORK" == 'true' ];[0m
2025-12-03T01:48:09.8971229Z [36;1mthen[0m
2025-12-03T01:48:09.8971421Z [36;1m  CC_PR="$GITHUB_EVENT_NUMBER"[0m
2025-12-03T01:48:09.8971644Z [36;1mfi[0m
2025-12-03T01:48:09.8971801Z [36;1m[0m
2025-12-03T01:48:09.8971981Z [36;1mecho "CC_SHA=$CC_SHA" >> "$GITHUB_ENV"[0m
2025-12-03T01:48:09.8972241Z [36;1mecho "CC_PR=$CC_PR" >> "$GITHUB_ENV"[0m
2025-12-03T01:48:09.8988335Z shell: /usr/bin/bash --noprofile --norc -e -o pipefail {0}
2025-12-03T01:48:09.8988629Z env:
2025-12-03T01:48:09.8988857Z   pythonLocation: /opt/hostedtoolcache/Python/3.9.25/x64
2025-12-03T01:48:09.8989229Z   PKG_CONFIG_PATH: /opt/hostedtoolcache/Python/3.9.25/x64/lib/pkgconfig
2025-12-03T01:48:09.8989589Z   Python_ROOT_DIR: /opt/hostedtoolcache/Python/3.9.25/x64
2025-12-03T01:48:09.8989905Z   Python2_ROOT_DIR: /opt/hostedtoolcache/Python/3.9.25/x64
2025-12-03T01:48:09.8990223Z   Python3_ROOT_DIR: /opt/hostedtoolcache/Python/3.9.25/x64
2025-12-03T01:48:09.8990536Z   LD_LIBRARY_PATH: /opt/hostedtoolcache/Python/3.9.25/x64/lib
2025-12-03T01:48:09.8990825Z   CC_FORK: false
2025-12-03T01:48:09.8991123Z   CC_TOKEN: ***
2025-12-03T01:48:09.8991306Z   CC_BRANCH: 
2025-12-03T01:48:09.8991481Z   CC_PR: 
2025-12-03T01:48:09.8991645Z   CC_SHA: 
2025-12-03T01:48:09.8991815Z   GITHUB_EVENT_NAME: pull_request
2025-12-03T01:48:09.8992051Z   GITHUB_EVENT_NUMBER: 221
2025-12-03T01:48:09.8992349Z   GITHUB_EVENT_PULL_REQUEST_HEAD_SHA: c18690ec8007c8c2f21048856938ce9f1a144711
2025-12-03T01:48:09.8992679Z ##[endgroup]
2025-12-03T01:48:09.9051957Z ##[group]Run ${GITHUB_ACTION_PATH}/dist/codecov.sh
2025-12-03T01:48:09.9052285Z [36;1m${GITHUB_ACTION_PATH}/dist/codecov.sh[0m
2025-12-03T01:48:09.9068534Z shell: /usr/bin/bash --noprofile --norc -e -o pipefail {0}
2025-12-03T01:48:09.9068826Z env:
2025-12-03T01:48:09.9069054Z   pythonLocation: /opt/hostedtoolcache/Python/3.9.25/x64
2025-12-03T01:48:09.9069431Z   PKG_CONFIG_PATH: /opt/hostedtoolcache/Python/3.9.25/x64/lib/pkgconfig
2025-12-03T01:48:09.9069797Z   Python_ROOT_DIR: /opt/hostedtoolcache/Python/3.9.25/x64
2025-12-03T01:48:09.9070127Z   Python2_ROOT_DIR: /opt/hostedtoolcache/Python/3.9.25/x64
2025-12-03T01:48:09.9070577Z   Python3_ROOT_DIR: /opt/hostedtoolcache/Python/3.9.25/x64
2025-12-03T01:48:09.9071181Z   LD_LIBRARY_PATH: /opt/hostedtoolcache/Python/3.9.25/x64/lib
2025-12-03T01:48:09.9071460Z   CC_FORK: false
2025-12-03T01:48:09.9071787Z   CC_TOKEN: ***
2025-12-03T01:48:09.9071965Z   CC_BRANCH: 
2025-12-03T01:48:09.9072164Z   CC_SHA: c18690ec8007c8c2f21048856938ce9f1a144711
2025-12-03T01:48:09.9072409Z   CC_PR: 
2025-12-03T01:48:09.9072564Z   CC_BASE_SHA: 
2025-12-03T01:48:09.9072732Z   CC_BINARY: 
2025-12-03T01:48:09.9072904Z   CC_BUILD: 
2025-12-03T01:48:09.9073065Z   CC_BUILD_URL: 
2025-12-03T01:48:09.9073244Z   CC_CODE: 
2025-12-03T01:48:09.9073397Z   CC_DIR: 
2025-12-03T01:48:09.9073577Z   CC_DISABLE_FILE_FIXES: false
2025-12-03T01:48:09.9073793Z   CC_DISABLE_SEARCH: false
2025-12-03T01:48:09.9073984Z   CC_DISABLE_TELEM: false
2025-12-03T01:48:09.9074177Z   CC_DRY_RUN: false
2025-12-03T01:48:09.9074484Z   CC_ENTERPRISE_URL: 
2025-12-03T01:48:09.9074683Z   CC_ENV: 
2025-12-03T01:48:09.9074933Z   CC_EXCLUDES: 
2025-12-03T01:48:09.9075103Z   CC_FAIL_ON_ERROR: false
2025-12-03T01:48:09.9075292Z   CC_FILES: 
2025-12-03T01:48:09.9075449Z   CC_FLAGS: 
2025-12-03T01:48:09.9075717Z   CC_FORCE: 
2025-12-03T01:48:09.9075958Z   CC_GCOV_ARGS: 
2025-12-03T01:48:09.9076133Z   CC_GCOV_EXECUTABLE: gcov
2025-12-03T01:48:09.9076334Z   CC_GCOV_IGNORE: 
2025-12-03T01:48:09.9076591Z   CC_GCOV_INCLUDE: 
2025-12-03T01:48:09.9076781Z   CC_GIT_SERVICE: github
2025-12-03T01:48:09.9076998Z   CC_HANDLE_NO_REPORTS_FOUND: false
2025-12-03T01:48:09.9077247Z   CC_JOB_CODE: 
2025-12-03T01:48:09.9077421Z   CC_LEGACY: false
2025-12-03T01:48:09.9077587Z   CC_NAME: 3.9
2025-12-03T01:48:09.9077754Z   CC_NETWORK_FILTER: 
2025-12-03T01:48:09.9077930Z   CC_NETWORK_PREFIX: 
2025-12-03T01:48:09.9078115Z   CC_NETWORK_ROOT_FOLDER: 
2025-12-03T01:48:09.9078295Z   CC_OS: 
2025-12-03T01:48:09.9078450Z   CC_PARENT_SHA: 
2025-12-03T01:48:09.9078623Z   CC_PLUGINS: 
2025-12-03T01:48:09.9078793Z   CC_RECURSE_SUBMODULES: false
2025-12-03T01:48:09.9079001Z   CC_REPORT_TYPE: 
2025-12-03T01:48:09.9079177Z   CC_RUN_CMD: upload-coverage
2025-12-03T01:48:09.9079380Z   CC_SERVICE: github
2025-12-03T01:48:09.9079568Z   CC_SKIP_VALIDATION: false
2025-12-03T01:48:09.9079754Z   CC_SLUG: 
2025-12-03T01:48:09.9079913Z   CC_SWIFT_PROJECT: 
2025-12-03T01:48:09.9080085Z   CC_USE_PYPI: false
2025-12-03T01:48:09.9080264Z   CC_VERBOSE: false
2025-12-03T01:48:09.9080438Z   CC_VERSION: latest
2025-12-03T01:48:09.9080605Z   CC_YML_PATH: 
2025-12-03T01:48:09.9080774Z ##[endgroup]
2025-12-03T01:48:09.9132423Z      _____          _
2025-12-03T01:48:09.9132767Z     / ____|        | |
2025-12-03T01:48:09.9133097Z    | |     ___   __| | ___  ___ _____   __
2025-12-03T01:48:09.9133484Z    | |    / _ \ / _` |/ _ \/ __/ _ \ \ / /
2025-12-03T01:48:09.9133870Z    | |___| (_) | (_| |  __/ (_| (_) \ V /
2025-12-03T01:48:09.9134253Z     \_____\___/ \__,_|\___|\___\___/ \_/
2025-12-03T01:48:09.9134720Z                            [0;31m Wrapper-0.2.7[0m
2025-12-03T01:48:09.9134973Z                            
2025-12-03T01:48:09.9179216Z [0;32m==>[0m Detected [0;36mlinux[0m
2025-12-03T01:48:09.9179981Z [0;32m ->[0m Downloading [0;36mhttps://cli.codecov.io/latest/linux/codecov[0m
2025-12-03T01:48:09.9222001Z   % Total    % Received % Xferd  Average Speed   Time    Time     Time  Current
2025-12-03T01:48:09.9222704Z                                  Dload  Upload   Total   Spent    Left  Speed
2025-12-03T01:48:09.9222926Z 
2025-12-03T01:48:10.1279613Z   0     0    0     0    0     0      0      0 --:--:-- --:--:-- --:--:--     0
2025-12-03T01:48:10.1280147Z 100 10.6M  100 10.6M    0     0  51.7M      0 --:--:-- --:--:-- --:--:-- 51.9M
2025-12-03T01:48:10.1300142Z [0;32m==>[0m Finishing downloading [0;36mlinux:latest[0m
2025-12-03T01:48:10.1937464Z       Version: [0;36mv11.2.5[0m
2025-12-03T01:48:10.1937786Z  
2025-12-03T01:48:10.2264649Z gpg: directory '/home/runner/.gnupg' created
2025-12-03T01:48:10.2296294Z gpg: keybox '/home/runner/.gnupg/pubring.kbx' created
2025-12-03T01:48:10.4042572Z gpg: /home/runner/.gnupg/trustdb.gpg: trustdb created
2025-12-03T01:48:10.4043426Z gpg: key 806BB28AED779869: public key "Codecov Uploader (Codecov Uploader Verification Key) <security@codecov.io>" imported
2025-12-03T01:48:10.4395305Z gpg: Total number processed: 1
2025-12-03T01:48:10.4395989Z gpg:               imported: 1
2025-12-03T01:48:10.4401717Z [0;32m==>[0m Verifying GPG signature integrity
2025-12-03T01:48:10.4402560Z [0;32m ->[0m Downloading [0;36mhttps://cli.codecov.io/latest/linux/codecov.SHA256SUM[0m
2025-12-03T01:48:10.4403575Z [0;32m ->[0m Downloading [0;36mhttps://cli.codecov.io/latest/linux/codecov.SHA256SUM.sig[0m
2025-12-03T01:48:10.4404211Z  
2025-12-03T01:48:10.5632240Z gpg: Signature made Mon Nov 10 14:58:43 2025 UTC
2025-12-03T01:48:10.5632912Z gpg:                using RSA key 27034E7FDB850E0BBC2C62FF806BB28AED779869
2025-12-03T01:48:10.5634336Z gpg: Good signature from "Codecov Uploader (Codecov Uploader Verification Key) <security@codecov.io>" [unknown]
2025-12-03T01:48:10.5635127Z gpg: WARNING: This key is not certified with a trusted signature!
2025-12-03T01:48:10.5635574Z gpg:          There is no indication that the signature belongs to the owner.
2025-12-03T01:48:10.5636242Z Primary key fingerprint: 2703 4E7F DB85 0E0B BC2C  62FF 806B B28A ED77 9869
2025-12-03T01:48:10.6379622Z codecov: OK
2025-12-03T01:48:10.6387079Z [0;32m==>[0m CLI integrity verified
2025-12-03T01:48:10.6387457Z 
2025-12-03T01:48:10.6890651Z [0;32m ->[0m Token length: 36
2025-12-03T01:48:10.6891082Z [0;32m==>[0m Running upload-coverage
2025-12-03T01:48:10.6898689Z       [0;36m./codecov  upload-coverage -t <redacted> --git-service github --sha c18690ec8007c8c2f21048856938ce9f1a144711 --gcov-executable gcov --name 3.9[0m
2025-12-03T01:48:11.0118490Z info - 2025-12-03 01:48:11,011 -- ci service found: github-actions
2025-12-03T01:48:11.0485344Z warning - 2025-12-03 01:48:11,048 -- xcrun is not installed or can't be found.
2025-12-03T01:48:11.1052261Z warning - 2025-12-03 01:48:11,104 -- No gcov data found.
2025-12-03T01:48:11.1053949Z warning - 2025-12-03 01:48:11,105 -- coverage.py is not installed or can't be found.
2025-12-03T01:48:11.1197567Z info - 2025-12-03 01:48:11,119 -- Found 1 coverage files to report
2025-12-03T01:48:11.1198090Z info - 2025-12-03 01:48:11,119 -- > /home/runner/work/tinuous/tinuous/coverage.xml
2025-12-03T01:48:11.7732678Z info - 2025-12-03 01:48:11,772 -- Your upload is now processing. When finished, results will be available at: https://app.codecov.io/github/con/tinuous/commit/c18690ec8007c8c2f21048856938ce9f1a144711
2025-12-03T01:48:11.9548467Z info - 2025-12-03 01:48:11,954 -- Process Upload complete
2025-12-03T01:48:12.0641459Z Post job cleanup.
2025-12-03T01:48:12.2132697Z Post job cleanup.
2025-12-03T01:48:12.2994114Z [command]/usr/bin/git version
2025-12-03T01:48:12.3025959Z git version 2.51.2
2025-12-03T01:48:12.3058458Z Copying '/home/runner/.gitconfig' to '/home/runner/work/_temp/e61ea895-3b63-4139-94c7-b40ec9fc8428/.gitconfig'
2025-12-03T01:48:12.3068473Z Temporarily overriding HOME='/home/runner/work/_temp/e61ea895-3b63-4139-94c7-b40ec9fc8428' before making global git config changes
2025-12-03T01:48:12.3069621Z Adding repository directory to the temporary git global config as a safe directory
2025-12-03T01:48:12.3074663Z [command]/usr/bin/git config --global --add safe.directory /home/runner/work/tinuous/tinuous
2025-12-03T01:48:12.3104543Z [command]/usr/bin/git config --local --name-only --get-regexp core\.sshCommand
2025-12-03T01:48:12.3133084Z [command]/usr/bin/git submodule foreach --recursive sh -c "git config --local --name-only --get-regexp 'core\.sshCommand' && git config --local --unset-all 'core.sshCommand' || :"
2025-12-03T01:48:12.3313006Z [command]/usr/bin/git config --local --name-only --get-regexp http\.https\:\/\/github\.com\/\.extraheader
2025-12-03T01:48:12.3329823Z http.https://github.com/.extraheader
2025-12-03T01:48:12.3341039Z [command]/usr/bin/git config --local --unset-all http.https://github.com/.extraheader
2025-12-03T01:48:12.3366526Z [command]/usr/bin/git submodule foreach --recursive sh -c "git config --local --name-only --get-regexp 'http\.https\:\/\/github\.com\/\.extraheader' && git config --local --unset-all 'http.https://github.com/.extraheader' || :"
2025-12-03T01:48:12.3537744Z [command]/usr/bin/git config --local --name-only --get-regexp ^includeIf\.gitdir:
2025-12-03T01:48:12.3563489Z [command]/usr/bin/git submodule foreach --recursive git config --local --show-origin --name-only --get-regexp remote.origin.url
2025-12-03T01:48:12.3829621Z Cleaning up orphan processes
