2025-12-03T01:47:46.5962173Z Current runner version: '2.329.0'
2025-12-03T01:47:46.5986686Z ##[group]Runner Image Provisioner
2025-12-03T01:47:46.5987601Z Hosted Compute Agent
2025-12-03T01:47:46.5988196Z Version: 20251016.436
2025-12-03T01:47:46.5988794Z Commit: 8ab8ac8bfd662a3739dab9fe09456aba92132568
2025-12-03T01:47:46.5989569Z Build Date: 2025-10-15T20:44:12Z
2025-12-03T01:47:46.5990211Z ##[endgroup]
2025-12-03T01:47:46.5990771Z ##[group]Operating System
2025-12-03T01:47:46.5991390Z Ubuntu
2025-12-03T01:47:46.5991907Z 24.04.3
2025-12-03T01:47:46.5992383Z LTS
2025-12-03T01:47:46.5992894Z ##[endgroup]
2025-12-03T01:47:46.5993387Z ##[group]Runner Image
2025-12-03T01:47:46.5993981Z Image: ubuntu-24.04
2025-12-03T01:47:46.5994465Z Version: 20251112.124.1
2025-12-03T01:47:46.5995892Z Included Software: https://github.com/actions/runner-images/blob/ubuntu24/20251112.124/images/ubuntu/Ubuntu2404-Readme.md
2025-12-03T01:47:46.5997480Z Image Release: https://github.com/actions/runner-images/releases/tag/ubuntu24%2F20251112.124
2025-12-03T01:47:46.5998541Z ##[endgroup]
2025-12-03T01:47:46.6001215Z ##[group]GITHUB_TOKEN Permissions
2025-12-03T01:47:46.6003223Z Actions: write
2025-12-03T01:47:46.6003819Z ArtifactMetadata: write
2025-12-03T01:47:46.6004362Z Attestations: write
2025-12-03T01:47:46.6005259Z Checks: write
2025-12-03T01:47:46.6005807Z Contents: write
2025-12-03T01:47:46.6006283Z Deployments: write
2025-12-03T01:47:46.6006900Z Discussions: write
2025-12-03T01:47:46.6007399Z Issues: write
2025-12-03T01:47:46.6007972Z Metadata: read
2025-12-03T01:47:46.6008579Z Models: read
2025-12-03T01:47:46.6009089Z Packages: write
2025-12-03T01:47:46.6009603Z Pages: write
2025-12-03T01:47:46.6010141Z PullRequests: write
2025-12-03T01:47:46.6010711Z RepositoryProjects: write
2025-12-03T01:47:46.6011391Z SecurityEvents: write
2025-12-03T01:47:46.6012013Z Statuses: write
2025-12-03T01:47:46.6012532Z ##[endgroup]
2025-12-03T01:47:46.6014493Z Secret source: Actions
2025-12-03T01:47:46.6015724Z Prepare workflow directory
2025-12-03T01:47:46.6330961Z Prepare all required actions
2025-12-03T01:47:46.6369832Z Getting action download info
2025-12-03T01:47:47.0925425Z Download action repository 'actions/checkout@v4' (SHA:34e114876b0b11c390a56381ad16ebd13914f8d5)
2025-12-03T01:47:47.6523636Z Download action repository 'actions/setup-python@v5' (SHA:a26af69be951a213d495a4c3e4e4022e16d87065)
2025-12-03T01:47:47.7401871Z Download action repository 'codecov/codecov-action@v5' (SHA:5a1091511ad55cbe89839c7260b706298ca349f7)
2025-12-03T01:47:48.2668135Z Getting action download info
2025-12-03T01:47:48.4346425Z Download action repository 'actions/github-script@60a0d83039c74a4aee543508d2ffcb1c3799cdea' (SHA:60a0d83039c74a4aee543508d2ffcb1c3799cdea)
2025-12-03T01:47:48.9678028Z Complete job name: test (3.11, py)
2025-12-03T01:47:49.0520624Z ##[group]Run actions/checkout@v4
2025-12-03T01:47:49.0522024Z with:
2025-12-03T01:47:49.0522801Z   fetch-depth: 0
2025-12-03T01:47:49.0523594Z   repository: con/tinuous
2025-12-03T01:47:49.0524691Z   token: ***
2025-12-03T01:47:49.0525597Z   ssh-strict: true
2025-12-03T01:47:49.0526402Z   ssh-user: git
2025-12-03T01:47:49.0527187Z   persist-credentials: true
2025-12-03T01:47:49.0528069Z   clean: true
2025-12-03T01:47:49.0528879Z   sparse-checkout-cone-mode: true
2025-12-03T01:47:49.0529901Z   fetch-tags: false
2025-12-03T01:47:49.0530732Z   show-progress: true
2025-12-03T01:47:49.0531567Z   lfs: false
2025-12-03T01:47:49.0532290Z   submodules: false
2025-12-03T01:47:49.0533088Z   set-safe-directory: true
2025-12-03T01:47:49.0534223Z ##[endgroup]
2025-12-03T01:47:49.1610989Z Syncing repository: con/tinuous
2025-12-03T01:47:49.1613305Z ##[group]Getting Git version info
2025-12-03T01:47:49.1614522Z Working directory is '/home/runner/work/tinuous/tinuous'
2025-12-03T01:47:49.1616762Z [command]/usr/bin/git version
2025-12-03T01:47:49.1697681Z git version 2.51.2
2025-12-03T01:47:49.1723540Z ##[endgroup]
2025-12-03T01:47:49.1737746Z Temporarily overriding HOME='/home/runner/work/_temp/f6341263-4d56-4616-8563-1f9d248a1b86' before making global git config changes
2025-12-03T01:47:49.1741363Z Adding repository directory to the temporary git global config as a safe directory
2025-12-03T01:47:49.1743926Z [command]/usr/bin/git config --global --add safe.directory /home/runner/work/tinuous/tinuous
2025-12-03T01:47:49.1777580Z Deleting the contents of '/home/runner/work/tinuous/tinuous'
2025-12-03T01:47:49.1781047Z ##[group]Initializing the repository
2025-12-03T01:47:49.1784877Z [command]/usr/bin/git init /home/runner/work/tinuous/tinuous
2025-12-03T01:47:49.1897990Z hint: Using 'master' as the name for the initial branch. This default branch name
2025-12-03T01:47:49.1902023Z hint: is subject to change. To configure the initial branch name to use in all
2025-12-03T01:47:49.1905501Z hint: of your new repositories, which will suppress this warning, call:
2025-12-03T01:47:49.1907192Z hint:
2025-12-03T01:47:49.1908424Z hint: 	git config --global init.defaultBranch <name>
2025-12-03T01:47:49.1909803Z hint:
2025-12-03T01:47:49.1910855Z hint: Names commonly chosen instead of 'master' are 'main', 'trunk' and
2025-12-03T01:47:49.1912541Z hint: 'development'. The just-created branch can be renamed via this command:
2025-12-03T01:47:49.1914325Z hint:
2025-12-03T01:47:49.1915308Z hint: 	git branch -m <name>
2025-12-03T01:47:49.1916194Z hint:
2025-12-03T01:47:49.1917328Z hint: Disable this message with "git config set advice.defaultBranchName false"
2025-12-03T01:47:49.1919140Z Initialized empty Git repository in /home/runner/work/tinuous/tinuous/.git/
2025-12-03T01:47:49.1921940Z [command]/usr/bin/git remote add origin https://github.com/con/tinuous
2025-12-03T01:47:49.1947888Z ##[endgroup]
2025-12-03T01:47:49.1949232Z ##[group]Disabling automatic garbage collection
2025-12-03T01:47:49.1951094Z [command]/usr/bin/git config --local gc.auto 0
2025-12-03T01:47:49.1979007Z ##[endgroup]
2025-12-03T01:47:49.1980271Z ##[group]Setting up auth
2025-12-03T01:47:49.1985480Z [command]/usr/bin/git config --local --name-only --get-regexp core\.sshCommand
2025-12-03T01:47:49.2014665Z [command]/usr/bin/git submodule foreach --recursive sh -c "git config --local --name-only --get-regexp 'core\.sshCommand' && git config --local --unset-all 'core.sshCommand' || :"
2025-12-03T01:47:49.2348607Z [command]/usr/bin/git config --local --name-only --get-regexp http\.https\:\/\/github\.com\/\.extraheader
2025-12-03T01:47:49.2376589Z [command]/usr/bin/git submodule foreach --recursive sh -c "git config --local --name-only --get-regexp 'http\.https\:\/\/github\.com\/\.extraheader' && git config --local --unset-all 'http.https://github.com/.extraheader' || :"
2025-12-03T01:47:49.2601210Z [command]/usr/bin/git config --local --name-only --get-regexp ^includeIf\.gitdir:
2025-12-03T01:47:49.2634718Z [command]/usr/bin/git submodule foreach --recursive git config --local --show-origin --name-only --get-regexp remote.origin.url
2025-12-03T01:47:49.2850852Z [command]/usr/bin/git config --local http.https://github.com/.extraheader AUTHORIZATION: basic ***
2025-12-03T01:47:49.2882596Z ##[endgroup]
2025-12-03T01:47:49.2884022Z ##[group]Fetching the repository
2025-12-03T01:47:49.2892523Z [command]/usr/bin/git -c protocol.version=2 fetch --prune --no-recurse-submodules origin +refs/heads/*:refs/remotes/origin/* +refs/tags/*:refs/tags/* +033c145d320ecfa0b0d5e1d39fcf560df46271d2:refs/remotes/pull/221/merge
2025-12-03T01:47:49.9216549Z From https://github.com/con/tinuous
2025-12-03T01:47:49.9218833Z  * [new branch]      bf-circleci                              -> origin/bf-circleci
2025-12-03T01:47:49.9222202Z  * [new branch]      copilot/fix-workflow-overlap-issue       -> origin/copilot/fix-workflow-overlap-issue
2025-12-03T01:47:49.9225190Z  * [new branch]      copilot/make-travis-testing-optional     -> origin/copilot/make-travis-testing-optional
2025-12-03T01:47:49.9227568Z  * [new branch]      copilot/support-github-packages          -> origin/copilot/support-github-packages
2025-12-03T01:47:49.9230015Z  * [new branch]      dependabot/github_actions/actions/checkout-6 -> origin/dependabot/github_actions/actions/checkout-6
2025-12-03T01:47:49.9233017Z  * [new branch]      dependabot/github_actions/actions/setup-python-6 -> origin/dependabot/github_actions/actions/setup-python-6
2025-12-03T01:47:49.9235414Z  * [new branch]      gh-55                                    -> origin/gh-55
2025-12-03T01:47:49.9236834Z  * [new branch]      master                                   -> origin/master
2025-12-03T01:47:49.9238385Z  * [new branch]      no-extra-search                          -> origin/no-extra-search
2025-12-03T01:47:49.9239963Z  * [new branch]      pragmata                                 -> origin/pragmata
2025-12-03T01:47:49.9241523Z  * [new branch]      test-appveyor                            -> origin/test-appveyor
2025-12-03T01:47:49.9242977Z  * [new tag]         0.1.0                                    -> 0.1.0
2025-12-03T01:47:49.9244223Z  * [new tag]         0.2.0                                    -> 0.2.0
2025-12-03T01:47:49.9245752Z  * [new tag]         0.3.0                                    -> 0.3.0
2025-12-03T01:47:49.9246984Z  * [new tag]         0.4.0                                    -> 0.4.0
2025-12-03T01:47:49.9248202Z  * [new tag]         0.5.0                                    -> 0.5.0
2025-12-03T01:47:49.9249420Z  * [new tag]         0.5.1                                    -> 0.5.1
2025-12-03T01:47:49.9250659Z  * [new tag]         0.5.2                                    -> 0.5.2
2025-12-03T01:47:49.9251876Z  * [new tag]         0.5.3                                    -> 0.5.3
2025-12-03T01:47:49.9253100Z  * [new tag]         0.5.4                                    -> 0.5.4
2025-12-03T01:47:49.9254338Z  * [new tag]         0.6.0                                    -> 0.6.0
2025-12-03T01:47:49.9255735Z  * [new tag]         0.6.1                                    -> 0.6.1
2025-12-03T01:47:49.9257744Z  * [new tag]         0.7.0                                    -> 0.7.0
2025-12-03T01:47:49.9259874Z  * [new tag]         0.7.1                                    -> 0.7.1
2025-12-03T01:47:49.9262116Z  * [new tag]         0.7.2                                    -> 0.7.2
2025-12-03T01:47:49.9264596Z  * [new ref]         033c145d320ecfa0b0d5e1d39fcf560df46271d2 -> pull/221/merge
2025-12-03T01:47:49.9294473Z ##[endgroup]
2025-12-03T01:47:49.9302068Z ##[group]Determining the checkout info
2025-12-03T01:47:49.9304357Z ##[endgroup]
2025-12-03T01:47:49.9308637Z [command]/usr/bin/git sparse-checkout disable
2025-12-03T01:47:49.9361294Z [command]/usr/bin/git config --local --unset-all extensions.worktreeConfig
2025-12-03T01:47:49.9387185Z ##[group]Checking out the ref
2025-12-03T01:47:49.9390353Z [command]/usr/bin/git checkout --progress --force refs/remotes/pull/221/merge
2025-12-03T01:47:49.9443089Z Note: switching to 'refs/remotes/pull/221/merge'.
2025-12-03T01:47:49.9444336Z 
2025-12-03T01:47:49.9445221Z You are in 'detached HEAD' state. You can look around, make experimental
2025-12-03T01:47:49.9446870Z changes and commit them, and you can discard any commits you make in this
2025-12-03T01:47:49.9449816Z state without impacting any branches by switching back to a branch.
2025-12-03T01:47:49.9451643Z 
2025-12-03T01:47:49.9452811Z If you want to create a new branch to retain commits you create, you may
2025-12-03T01:47:49.9455774Z do so (now or later) by using -c with the switch command. Example:
2025-12-03T01:47:49.9457462Z 
2025-12-03T01:47:49.9458122Z   git switch -c <new-branch-name>
2025-12-03T01:47:49.9459201Z 
2025-12-03T01:47:49.9459804Z Or undo this operation with:
2025-12-03T01:47:49.9460766Z 
2025-12-03T01:47:49.9461281Z   git switch -
2025-12-03T01:47:49.9462007Z 
2025-12-03T01:47:49.9463174Z Turn off this advice by setting config variable advice.detachedHead to false
2025-12-03T01:47:49.9464221Z 
2025-12-03T01:47:49.9465619Z HEAD is now at 033c145 Merge c18690ec8007c8c2f21048856938ce9f1a144711 into 996b2b07ba111d746f412ad3e634e1eddc22c7b8
2025-12-03T01:47:49.9469859Z ##[endgroup]
2025-12-03T01:47:49.9488845Z [command]/usr/bin/git log -1 --format=%H
2025-12-03T01:47:49.9510901Z 033c145d320ecfa0b0d5e1d39fcf560df46271d2
2025-12-03T01:47:49.9782757Z ##[group]Run actions/setup-python@v5
2025-12-03T01:47:49.9783757Z with:
2025-12-03T01:47:49.9784467Z   python-version: 3.11
2025-12-03T01:47:49.9785474Z   check-latest: false
2025-12-03T01:47:49.9786480Z   token: ***
2025-12-03T01:47:49.9787223Z   update-environment: true
2025-12-03T01:47:49.9788090Z   allow-prereleases: false
2025-12-03T01:47:49.9788955Z   freethreaded: false
2025-12-03T01:47:49.9789709Z ##[endgroup]
2025-12-03T01:47:50.1494803Z ##[group]Installed versions
2025-12-03T01:47:50.1604184Z Successfully set up CPython (3.11.14)
2025-12-03T01:47:50.1607270Z ##[endgroup]
2025-12-03T01:47:50.1746525Z ##[group]Run python -m pip install --upgrade pip wheel
2025-12-03T01:47:50.1747861Z [36;1mpython -m pip install --upgrade pip wheel[0m
2025-12-03T01:47:50.1749252Z [36;1mpython -m pip install --upgrade --upgrade-strategy=eager tox[0m
2025-12-03T01:47:50.1802955Z shell: /usr/bin/bash -e {0}
2025-12-03T01:47:50.1803835Z env:
2025-12-03T01:47:50.1804747Z   pythonLocation: /opt/hostedtoolcache/Python/3.11.14/x64
2025-12-03T01:47:50.1806611Z   PKG_CONFIG_PATH: /opt/hostedtoolcache/Python/3.11.14/x64/lib/pkgconfig
2025-12-03T01:47:50.1808072Z   Python_ROOT_DIR: /opt/hostedtoolcache/Python/3.11.14/x64
2025-12-03T01:47:50.1809381Z   Python2_ROOT_DIR: /opt/hostedtoolcache/Python/3.11.14/x64
2025-12-03T01:47:50.1810698Z   Python3_ROOT_DIR: /opt/hostedtoolcache/Python/3.11.14/x64
2025-12-03T01:47:50.1812032Z   LD_LIBRARY_PATH: /opt/hostedtoolcache/Python/3.11.14/x64/lib
2025-12-03T01:47:50.1813148Z ##[endgroup]
2025-12-03T01:47:50.8963104Z Requirement already satisfied: pip in /opt/hostedtoolcache/Python/3.11.14/x64/lib/python3.11/site-packages (25.3)
2025-12-03T01:47:51.0292673Z Collecting wheel
2025-12-03T01:47:51.1189857Z   Downloading wheel-0.45.1-py3-none-any.whl.metadata (2.3 kB)
2025-12-03T01:47:51.1522418Z Downloading wheel-0.45.1-py3-none-any.whl (72 kB)
2025-12-03T01:47:51.1876301Z Installing collected packages: wheel
2025-12-03T01:47:51.2325581Z Successfully installed wheel-0.45.1
2025-12-03T01:47:51.8831659Z Collecting tox
2025-12-03T01:47:51.9370388Z   Downloading tox-4.32.0-py3-none-any.whl.metadata (3.5 kB)
2025-12-03T01:47:52.0216634Z Collecting cachetools>=6.2 (from tox)
2025-12-03T01:47:52.0276086Z   Downloading cachetools-6.2.2-py3-none-any.whl.metadata (5.6 kB)
2025-12-03T01:47:52.6091395Z Collecting chardet>=5.2 (from tox)
2025-12-03T01:47:52.6131603Z   Downloading chardet-5.2.0-py3-none-any.whl.metadata (3.4 kB)
2025-12-03T01:47:52.7016972Z Collecting colorama>=0.4.6 (from tox)
2025-12-03T01:47:52.7079456Z   Downloading colorama-0.4.6-py2.py3-none-any.whl.metadata (17 kB)
2025-12-03T01:47:53.2519209Z Collecting filelock>=3.20 (from tox)
2025-12-03T01:47:53.2557135Z   Downloading filelock-3.20.0-py3-none-any.whl.metadata (2.1 kB)
2025-12-03T01:47:53.2711171Z Collecting packaging>=25 (from tox)
2025-12-03T01:47:53.2744597Z   Downloading packaging-25.0-py3-none-any.whl.metadata (3.3 kB)
2025-12-03T01:47:53.2990424Z Collecting platformdirs>=4.5 (from tox)
2025-12-03T01:47:53.3027113Z   Downloading platformdirs-4.5.0-py3-none-any.whl.metadata (12 kB)
2025-12-03T01:47:53.3165978Z Collecting pluggy>=1.6 (from tox)
2025-12-03T01:47:53.3207805Z   Downloading pluggy-1.6.0-py3-none-any.whl.metadata (4.8 kB)
2025-12-03T01:47:53.3336270Z Collecting pyproject-api>=1.9.1 (from tox)
2025-12-03T01:47:53.3374199Z   Downloading pyproject_api-1.10.0-py3-none-any.whl.metadata (2.7 kB)
2025-12-03T01:47:53.3768373Z Collecting virtualenv>=20.34 (from tox)
2025-12-03T01:47:53.3806810Z   Downloading virtualenv-20.35.4-py3-none-any.whl.metadata (4.6 kB)
2025-12-03T01:47:53.4618779Z Collecting distlib<1,>=0.3.7 (from virtualenv>=20.34->tox)
2025-12-03T01:47:53.4655437Z   Downloading distlib-0.4.0-py2.py3-none-any.whl.metadata (5.2 kB)
2025-12-03T01:47:53.4806809Z Downloading tox-4.32.0-py3-none-any.whl (175 kB)
2025-12-03T01:47:53.5011999Z Downloading cachetools-6.2.2-py3-none-any.whl (11 kB)
2025-12-03T01:47:53.5081994Z Downloading chardet-5.2.0-py3-none-any.whl (199 kB)
2025-12-03T01:47:53.5172637Z Downloading colorama-0.4.6-py2.py3-none-any.whl (25 kB)
2025-12-03T01:47:53.5227244Z Downloading filelock-3.20.0-py3-none-any.whl (16 kB)
2025-12-03T01:47:53.5283454Z Downloading packaging-25.0-py3-none-any.whl (66 kB)
2025-12-03T01:47:53.5341861Z Downloading platformdirs-4.5.0-py3-none-any.whl (18 kB)
2025-12-03T01:47:53.5399846Z Downloading pluggy-1.6.0-py3-none-any.whl (20 kB)
2025-12-03T01:47:53.5455713Z Downloading pyproject_api-1.10.0-py3-none-any.whl (13 kB)
2025-12-03T01:47:53.5514490Z Downloading virtualenv-20.35.4-py3-none-any.whl (6.0 MB)
2025-12-03T01:47:53.6029959Z    ━━━━━━━━━━━━━━━━━━━━━━━━━━━━━━━━━━━━━━━━ 6.0/6.0 MB 120.1 MB/s  0:00:00
2025-12-03T01:47:53.6069192Z Downloading distlib-0.4.0-py2.py3-none-any.whl (469 kB)
2025-12-03T01:47:53.6472312Z Installing collected packages: distlib, pluggy, platformdirs, packaging, filelock, colorama, chardet, cachetools, virtualenv, pyproject-api, tox
2025-12-03T01:47:54.2840979Z 
2025-12-03T01:47:54.2854090Z Successfully installed cachetools-6.2.2 chardet-5.2.0 colorama-0.4.6 distlib-0.4.0 filelock-3.20.0 packaging-25.0 platformdirs-4.5.0 pluggy-1.6.0 pyproject-api-1.10.0 tox-4.32.0 virtualenv-20.35.4
2025-12-03T01:47:54.3367882Z ##[group]Run tox -e py -- --cov-report=xml
2025-12-03T01:47:54.3368220Z [36;1mtox -e py -- --cov-report=xml[0m
2025-12-03T01:47:54.3402783Z shell: /usr/bin/bash -e {0}
2025-12-03T01:47:54.3403012Z env:
2025-12-03T01:47:54.3403260Z   pythonLocation: /opt/hostedtoolcache/Python/3.11.14/x64
2025-12-03T01:47:54.3403686Z   PKG_CONFIG_PATH: /opt/hostedtoolcache/Python/3.11.14/x64/lib/pkgconfig
2025-12-03T01:47:54.3404121Z   Python_ROOT_DIR: /opt/hostedtoolcache/Python/3.11.14/x64
2025-12-03T01:47:54.3404499Z   Python2_ROOT_DIR: /opt/hostedtoolcache/Python/3.11.14/x64
2025-12-03T01:47:54.3404868Z   Python3_ROOT_DIR: /opt/hostedtoolcache/Python/3.11.14/x64
2025-12-03T01:47:54.3405392Z   LD_LIBRARY_PATH: /opt/hostedtoolcache/Python/3.11.14/x64/lib
2025-12-03T01:47:54.3405713Z ##[endgroup]
2025-12-03T01:47:54.8994855Z py: install_deps> python -I -m pip install pytest pytest-cov pytest-mock
2025-12-03T01:47:57.6204356Z .pkg: install_requires> python -I -m pip install 'setuptools>=46.4.0' versioningit
2025-12-03T01:47:58.6576357Z .pkg: _optional_hooks> python /opt/hostedtoolcache/Python/3.11.14/x64/lib/python3.11/site-packages/pyproject_api/_backend.py True setuptools.build_meta
2025-12-03T01:47:58.9624488Z .pkg: get_requires_for_build_sdist> python /opt/hostedtoolcache/Python/3.11.14/x64/lib/python3.11/site-packages/pyproject_api/_backend.py True setuptools.build_meta
2025-12-03T01:47:59.1949889Z .pkg: get_requires_for_build_wheel> python /opt/hostedtoolcache/Python/3.11.14/x64/lib/python3.11/site-packages/pyproject_api/_backend.py True setuptools.build_meta
2025-12-03T01:47:59.3997801Z .pkg: freeze> python -m pip freeze --all
2025-12-03T01:47:59.6002103Z .pkg: packaging==25.0,pip==25.3,setuptools==80.9.0,versioningit==3.3.0
2025-12-03T01:47:59.6006754Z .pkg: prepare_metadata_for_build_wheel> python /opt/hostedtoolcache/Python/3.11.14/x64/lib/python3.11/site-packages/pyproject_api/_backend.py True setuptools.build_meta
2025-12-03T01:47:59.8360633Z .pkg: build_sdist> python /opt/hostedtoolcache/Python/3.11.14/x64/lib/python3.11/site-packages/pyproject_api/_backend.py True setuptools.build_meta
2025-12-03T01:48:00.0721959Z py: install_package_deps> python -I -m pip install 'PyYAML>=5.0' 'click-loglevel~=0.2' 'click>=7.0' 'ghtoken~=0.1' 'in_place~=1.0' 'pydantic~=2.0' 'python-dateutil~=2.7' 'python-dotenv<2.0,>=0.11' 'requests~=2.20'
2025-12-03T01:48:03.3441312Z py: install_package> python -I -m pip install --force-reinstall --no-deps /home/runner/work/tinuous/tinuous/.tox/.tmp/package/1/tinuous-0.7.2.post4+g033c145.tar.gz
2025-12-03T01:48:05.3291097Z py: freeze> python -m pip freeze --all
2025-12-03T01:48:05.5446042Z py: annotated-types==0.7.0,certifi==2025.11.12,charset-normalizer==3.4.4,click==8.3.1,click-loglevel==0.7.0,coverage==7.12.0,ghtoken==0.1.2,idna==3.11,in_place==1.0.1,iniconfig==2.3.0,packaging==25.0,pip==25.3,pluggy==1.6.0,pydantic==2.12.5,pydantic_core==2.41.5,Pygments==2.19.2,pytest==9.0.1,pytest-cov==7.0.0,pytest-mock==3.15.1,python-dateutil==2.9.0.post0,python-dotenv==1.2.1,PyYAML==6.0.3,requests==2.32.5,ruamel.yaml==0.18.16,ruamel.yaml.clib==0.2.15,setuptools==80.9.0,six==1.17.0,tinuous @ file:///home/runner/work/tinuous/tinuous/.tox/.tmp/package/1/tinuous-0.7.2.post4%2Bg033c145.tar.gz#sha256=9ad9697974c952a439e5231c610f179a848b15e5c770528211b3c17f52be6023,typing-inspection==0.4.2,typing_extensions==4.15.0,urllib3==2.5.0
2025-12-03T01:48:05.5450878Z py: commands[0]> tinuous --help
2025-12-03T01:48:05.8002930Z Usage: tinuous [OPTIONS] COMMAND [ARGS]...
2025-12-03T01:48:05.8003486Z 
2025-12-03T01:48:05.8008464Z   Download build logs from GitHub Actions, Travis, Appveyor, and CircleCI
2025-12-03T01:48:05.8009099Z 
2025-12-03T01:48:05.8009202Z Options:
2025-12-03T01:48:05.8009549Z   -V, --version                   Show the version and exit.
2025-12-03T01:48:05.8010081Z   -c, --config FILE               Read configuration from the given file
2025-12-03T01:48:05.8010577Z                                   [default: tinuous.yaml]
2025-12-03T01:48:05.8011467Z   -E, --env FILE                  Load environment variables from given .env
2025-12-03T01:48:05.8011943Z                                   file
2025-12-03T01:48:05.8012356Z   -l, --log-level [NOTSET|DEBUG|INFO|WARNING|ERROR|CRITICAL]
2025-12-03T01:48:05.8012813Z                                   Set logging level  [default: INFO]
2025-12-03T01:48:05.8013250Z   --help                          Show this message and exit.
2025-12-03T01:48:05.8013546Z 
2025-12-03T01:48:05.8013648Z Commands:
2025-12-03T01:48:05.8013909Z   fetch         Download logs
2025-12-03T01:48:05.8014279Z   fetch-commit  Download logs for a specific commit
2025-12-03T01:48:05.8014702Z   sanitize      Sanitize secrets in logs
2025-12-03T01:48:05.8353055Z py: commands[1]> pytest --cov-report=xml test
2025-12-03T01:48:06.6232512Z ============================= test session starts ==============================
2025-12-03T01:48:06.6233323Z platform linux -- Python 3.11.14, pytest-9.0.1, pluggy-1.6.0
2025-12-03T01:48:06.6233779Z cachedir: .tox/py/.pytest_cache
2025-12-03T01:48:06.6234267Z rootdir: /home/runner/work/tinuous/tinuous
2025-12-03T01:48:06.6234634Z configfile: tox.ini
2025-12-03T01:48:06.6235191Z plugins: cov-7.0.0, mock-3.15.1
2025-12-03T01:48:06.6235567Z collected 70 items
2025-12-03T01:48:06.6235718Z 
2025-12-03T01:48:06.6385128Z test/test_base.py .........                                              [ 12%]
2025-12-03T01:48:06.6502644Z test/test_config.py ........                                             [ 24%]
2025-12-03T01:48:06.6688723Z test/test_github.py ......                                               [ 32%]
2025-12-03T01:48:06.6894516Z test/test_state.py ........                                              [ 44%]
2025-12-03T01:48:06.9799327Z test/test_util.py .......................................                [100%]
2025-12-03T01:48:06.9800587Z 
2025-12-03T01:48:06.9800921Z ================================ tests coverage ================================
2025-12-03T01:48:06.9801866Z _______________ coverage: platform linux, python 3.11.14-final-0 _______________
2025-12-03T01:48:06.9802249Z 
2025-12-03T01:48:06.9802395Z Coverage XML written to file coverage.xml
2025-12-03T01:48:06.9802820Z ============================== 70 passed in 0.71s ==============================
2025-12-03T01:48:07.0457940Z   py: OK (12.42=setup[10.93]+cmd[0.29,1.21] seconds)
2025-12-03T01:48:07.0458573Z   congratulations :) (12.45 seconds)
2025-12-03T01:48:07.1036957Z ##[group]Run codecov/codecov-action@v5
2025-12-03T01:48:07.1037256Z with:
2025-12-03T01:48:07.1037443Z   fail_ci_if_error: false
2025-12-03T01:48:07.1037921Z   token: ***
2025-12-03T01:48:07.1038107Z   name: 3.11
2025-12-03T01:48:07.1038289Z   disable_file_fixes: false
2025-12-03T01:48:07.1038506Z   disable_search: false
2025-12-03T01:48:07.1038716Z   disable_safe_directory: false
2025-12-03T01:48:07.1038931Z   disable_telem: false
2025-12-03T01:48:07.1039313Z   dry_run: false
2025-12-03T01:48:07.1039496Z   git_service: github
2025-12-03T01:48:07.1039685Z   gcov_executable: gcov
2025-12-03T01:48:07.1039902Z   handle_no_reports_found: false
2025-12-03T01:48:07.1040138Z   recurse_submodules: false
2025-12-03T01:48:07.1040356Z   run_command: upload-coverage
2025-12-03T01:48:07.1040575Z   skip_validation: false
2025-12-03T01:48:07.1040786Z   use_legacy_upload_endpoint: false
2025-12-03T01:48:07.1041016Z   use_oidc: false
2025-12-03T01:48:07.1041197Z   use_pypi: false
2025-12-03T01:48:07.1041405Z   verbose: false
2025-12-03T01:48:07.1041578Z   version: latest
2025-12-03T01:48:07.1041749Z env:
2025-12-03T01:48:07.1041988Z   pythonLocation: /opt/hostedtoolcache/Python/3.11.14/x64
2025-12-03T01:48:07.1042388Z   PKG_CONFIG_PATH: /opt/hostedtoolcache/Python/3.11.14/x64/lib/pkgconfig
2025-12-03T01:48:07.1042804Z   Python_ROOT_DIR: /opt/hostedtoolcache/Python/3.11.14/x64
2025-12-03T01:48:07.1043156Z   Python2_ROOT_DIR: /opt/hostedtoolcache/Python/3.11.14/x64
2025-12-03T01:48:07.1043509Z   Python3_ROOT_DIR: /opt/hostedtoolcache/Python/3.11.14/x64
2025-12-03T01:48:07.1043859Z   LD_LIBRARY_PATH: /opt/hostedtoolcache/Python/3.11.14/x64/lib
2025-12-03T01:48:07.1044146Z ##[endgroup]
2025-12-03T01:48:07.1113200Z ##[group]Run missing_deps=""
2025-12-03T01:48:07.1113456Z [36;1mmissing_deps=""[0m
2025-12-03T01:48:07.1113656Z [36;1m[0m
2025-12-03T01:48:07.1113845Z [36;1m# Check for required commands[0m
2025-12-03T01:48:07.1114110Z [36;1mfor cmd in bash git curl gpg; do[0m
2025-12-03T01:48:07.1114401Z [36;1m  if ! command -v "$cmd" >/dev/null 2>&1; then[0m
2025-12-03T01:48:07.1114706Z [36;1m    missing_deps="$missing_deps $cmd"[0m
2025-12-03T01:48:07.1115106Z [36;1m  fi[0m
2025-12-03T01:48:07.1115286Z [36;1mdone[0m
2025-12-03T01:48:07.1115459Z [36;1m[0m
2025-12-03T01:48:07.1115655Z [36;1m# Report missing required dependencies[0m
2025-12-03T01:48:07.1115939Z [36;1mif [ -n "$missing_deps" ]; then[0m
2025-12-03T01:48:07.1116318Z [36;1m  echo "Error: The following required dependencies are missing:$missing_deps"[0m
2025-12-03T01:48:07.1116798Z [36;1m  echo "Please install these dependencies before using this action."[0m
2025-12-03T01:48:07.1117131Z [36;1m  exit 1[0m
2025-12-03T01:48:07.1117301Z [36;1mfi[0m
2025-12-03T01:48:07.1117467Z [36;1m[0m
2025-12-03T01:48:07.1117704Z [36;1mecho "All required system dependencies are available."[0m
2025-12-03T01:48:07.1323198Z shell: /usr/bin/sh -e {0}
2025-12-03T01:48:07.1323526Z env:
2025-12-03T01:48:07.1323899Z   pythonLocation: /opt/hostedtoolcache/Python/3.11.14/x64
2025-12-03T01:48:07.1324478Z   PKG_CONFIG_PATH: /opt/hostedtoolcache/Python/3.11.14/x64/lib/pkgconfig
2025-12-03T01:48:07.1325365Z   Python_ROOT_DIR: /opt/hostedtoolcache/Python/3.11.14/x64
2025-12-03T01:48:07.1325882Z   Python2_ROOT_DIR: /opt/hostedtoolcache/Python/3.11.14/x64
2025-12-03T01:48:07.1326585Z   Python3_ROOT_DIR: /opt/hostedtoolcache/Python/3.11.14/x64
2025-12-03T01:48:07.1327209Z   LD_LIBRARY_PATH: /opt/hostedtoolcache/Python/3.11.14/x64/lib
2025-12-03T01:48:07.1327667Z ##[endgroup]
2025-12-03T01:48:07.1396420Z All required system dependencies are available.
2025-12-03T01:48:07.1420339Z ##[group]Run CC_ACTION_VERSION=$(cat ${GITHUB_ACTION_PATH}/src/version)
2025-12-03T01:48:07.1420763Z [36;1mCC_ACTION_VERSION=$(cat ${GITHUB_ACTION_PATH}/src/version)[0m
2025-12-03T01:48:07.1421163Z [36;1mecho -e "\033[0;32m==>\033[0m Running Action version $CC_ACTION_VERSION"[0m
2025-12-03T01:48:07.1450839Z shell: /usr/bin/bash --noprofile --norc -e -o pipefail {0}
2025-12-03T01:48:07.1451336Z env:
2025-12-03T01:48:07.1451591Z   pythonLocation: /opt/hostedtoolcache/Python/3.11.14/x64
2025-12-03T01:48:07.1452059Z   PKG_CONFIG_PATH: /opt/hostedtoolcache/Python/3.11.14/x64/lib/pkgconfig
2025-12-03T01:48:07.1452475Z   Python_ROOT_DIR: /opt/hostedtoolcache/Python/3.11.14/x64
2025-12-03T01:48:07.1452822Z   Python2_ROOT_DIR: /opt/hostedtoolcache/Python/3.11.14/x64
2025-12-03T01:48:07.1453177Z   Python3_ROOT_DIR: /opt/hostedtoolcache/Python/3.11.14/x64
2025-12-03T01:48:07.1453688Z   LD_LIBRARY_PATH: /opt/hostedtoolcache/Python/3.11.14/x64/lib
2025-12-03T01:48:07.1453983Z ##[endgroup]
2025-12-03T01:48:07.1516231Z [0;32m==>[0m Running Action version 5.5.1
2025-12-03T01:48:07.1555225Z ##[group]Run git config --global --add safe.directory "/home/runner/work/tinuous/tinuous"
2025-12-03T01:48:07.1555768Z [36;1mgit config --global --add safe.directory "/home/runner/work/tinuous/tinuous"[0m
2025-12-03T01:48:07.1556225Z [36;1mgit config --global --add safe.directory "$GITHUB_WORKSPACE"[0m
2025-12-03T01:48:07.1585951Z shell: /usr/bin/bash --noprofile --norc -e -o pipefail {0}
2025-12-03T01:48:07.1586266Z env:
2025-12-03T01:48:07.1586520Z   pythonLocation: /opt/hostedtoolcache/Python/3.11.14/x64
2025-12-03T01:48:07.1586925Z   PKG_CONFIG_PATH: /opt/hostedtoolcache/Python/3.11.14/x64/lib/pkgconfig
2025-12-03T01:48:07.1587323Z   Python_ROOT_DIR: /opt/hostedtoolcache/Python/3.11.14/x64
2025-12-03T01:48:07.1587697Z   Python2_ROOT_DIR: /opt/hostedtoolcache/Python/3.11.14/x64
2025-12-03T01:48:07.1588074Z   Python3_ROOT_DIR: /opt/hostedtoolcache/Python/3.11.14/x64
2025-12-03T01:48:07.1588423Z   LD_LIBRARY_PATH: /opt/hostedtoolcache/Python/3.11.14/x64/lib
2025-12-03T01:48:07.1588711Z ##[endgroup]
2025-12-03T01:48:07.1687262Z ##[group]Run CC_FORK="false"
2025-12-03T01:48:07.1687506Z [36;1mCC_FORK="false"[0m
2025-12-03T01:48:07.1687991Z [36;1mif [ -n "$GITHUB_EVENT_PULL_REQUEST_HEAD_REPO_FULL_NAME" ] && [ "$GITHUB_EVENT_PULL_REQUEST_HEAD_REPO_FULL_NAME" != "$GITHUB_REPOSITORY" ];[0m
2025-12-03T01:48:07.1688513Z [36;1mthen[0m
2025-12-03T01:48:07.1688748Z [36;1m  echo -e "\033[0;32m==>\033[0m Fork detected"[0m
2025-12-03T01:48:07.1689031Z [36;1m  CC_FORK="true"[0m
2025-12-03T01:48:07.1689238Z [36;1mfi[0m
2025-12-03T01:48:07.1689482Z [36;1mecho "CC_FORK=$CC_FORK" >> "$GITHUB_ENV"[0m
2025-12-03T01:48:07.1721878Z shell: /usr/bin/bash --noprofile --norc -e -o pipefail {0}
2025-12-03T01:48:07.1722191Z env:
2025-12-03T01:48:07.1722456Z   pythonLocation: /opt/hostedtoolcache/Python/3.11.14/x64
2025-12-03T01:48:07.1743300Z   PKG_CONFIG_PATH: /opt/hostedtoolcache/Python/3.11.14/x64/lib/pkgconfig
2025-12-03T01:48:07.1743754Z   Python_ROOT_DIR: /opt/hostedtoolcache/Python/3.11.14/x64
2025-12-03T01:48:07.1744123Z   Python2_ROOT_DIR: /opt/hostedtoolcache/Python/3.11.14/x64
2025-12-03T01:48:07.1744479Z   Python3_ROOT_DIR: /opt/hostedtoolcache/Python/3.11.14/x64
2025-12-03T01:48:07.1744827Z   LD_LIBRARY_PATH: /opt/hostedtoolcache/Python/3.11.14/x64/lib
2025-12-03T01:48:07.1745463Z   GITHUB_EVENT_PULL_REQUEST_HEAD_LABEL: con:copilot/fix-workflow-overlap-issue
2025-12-03T01:48:07.1745898Z   GITHUB_EVENT_PULL_REQUEST_HEAD_REPO_FULL_NAME: con/tinuous
2025-12-03T01:48:07.1746200Z   GITHUB_REPOSITORY: con/tinuous
2025-12-03T01:48:07.1746427Z ##[endgroup]
2025-12-03T01:48:07.1848281Z ##[group]Run actions/github-script@60a0d83039c74a4aee543508d2ffcb1c3799cdea
2025-12-03T01:48:07.1848630Z with:
2025-12-03T01:48:07.1849140Z   script: if (process.env.CC_USE_OIDC === 'true' && process.env.CC_FORK != 'true') {
  const id_token = await core.getIDToken(process.env.CC_OIDC_AUDIENCE)
  return id_token
}

2025-12-03T01:48:07.1849851Z   github-token: ***
2025-12-03T01:48:07.1850043Z   debug: false
2025-12-03T01:48:07.1850242Z   user-agent: actions/github-script
2025-12-03T01:48:07.1850483Z   result-encoding: json
2025-12-03T01:48:07.1850682Z   retries: 0
2025-12-03T01:48:07.1850891Z   retry-exempt-status-codes: 400,401,403,404,422
2025-12-03T01:48:07.1851146Z env:
2025-12-03T01:48:07.1851544Z   pythonLocation: /opt/hostedtoolcache/Python/3.11.14/x64
2025-12-03T01:48:07.1851953Z   PKG_CONFIG_PATH: /opt/hostedtoolcache/Python/3.11.14/x64/lib/pkgconfig
2025-12-03T01:48:07.1852342Z   Python_ROOT_DIR: /opt/hostedtoolcache/Python/3.11.14/x64
2025-12-03T01:48:07.1852689Z   Python2_ROOT_DIR: /opt/hostedtoolcache/Python/3.11.14/x64
2025-12-03T01:48:07.1853024Z   Python3_ROOT_DIR: /opt/hostedtoolcache/Python/3.11.14/x64
2025-12-03T01:48:07.1853369Z   LD_LIBRARY_PATH: /opt/hostedtoolcache/Python/3.11.14/x64/lib
2025-12-03T01:48:07.1853787Z   CC_FORK: false
2025-12-03T01:48:07.1853986Z   CC_OIDC_AUDIENCE: https://codecov.io
2025-12-03T01:48:07.1854230Z   CC_USE_OIDC: false
2025-12-03T01:48:07.1854415Z ##[endgroup]
2025-12-03T01:48:07.2773963Z ##[group]Run if [ "false" == 'true' ] && [ "$CC_FORK" != 'true' ];
2025-12-03T01:48:07.2774383Z [36;1mif [ "false" == 'true' ] && [ "$CC_FORK" != 'true' ];[0m
2025-12-03T01:48:07.2774664Z [36;1mthen[0m
2025-12-03T01:48:07.2774899Z [36;1m  echo "CC_TOKEN=$CC_OIDC_TOKEN" >> "$GITHUB_ENV"[0m
2025-12-03T01:48:07.2775491Z [36;1melif [ -n "" ];[0m
2025-12-03T01:48:07.2775695Z [36;1mthen[0m
2025-12-03T01:48:07.2775928Z [36;1m  echo -e "\033[0;32m==>\033[0m Token set from env"[0m
2025-12-03T01:48:07.2776224Z [36;1m    echo "CC_TOKEN=" >> "$GITHUB_ENV"[0m
2025-12-03T01:48:07.2776474Z [36;1melse[0m
2025-12-03T01:48:07.2776816Z [36;1m  if [ -n "***" ];[0m
2025-12-03T01:48:07.2777026Z [36;1m  then[0m
2025-12-03T01:48:07.2777266Z [36;1m    echo -e "\033[0;32m==>\033[0m Token set from input"[0m
2025-12-03T01:48:07.2777691Z [36;1m    CC_TOKEN=$(echo "***" | tr -d '\n')[0m
2025-12-03T01:48:07.2777986Z [36;1m    echo "CC_TOKEN=$CC_TOKEN" >> "$GITHUB_ENV"[0m
2025-12-03T01:48:07.2778245Z [36;1m  fi[0m
2025-12-03T01:48:07.2778421Z [36;1mfi[0m
2025-12-03T01:48:07.2811569Z shell: /usr/bin/bash --noprofile --norc -e -o pipefail {0}
2025-12-03T01:48:07.2811885Z env:
2025-12-03T01:48:07.2812134Z   pythonLocation: /opt/hostedtoolcache/Python/3.11.14/x64
2025-12-03T01:48:07.2812540Z   PKG_CONFIG_PATH: /opt/hostedtoolcache/Python/3.11.14/x64/lib/pkgconfig
2025-12-03T01:48:07.2812928Z   Python_ROOT_DIR: /opt/hostedtoolcache/Python/3.11.14/x64
2025-12-03T01:48:07.2813279Z   Python2_ROOT_DIR: /opt/hostedtoolcache/Python/3.11.14/x64
2025-12-03T01:48:07.2813631Z   Python3_ROOT_DIR: /opt/hostedtoolcache/Python/3.11.14/x64
2025-12-03T01:48:07.2813981Z   LD_LIBRARY_PATH: /opt/hostedtoolcache/Python/3.11.14/x64/lib
2025-12-03T01:48:07.2814273Z   CC_FORK: false
2025-12-03T01:48:07.2814458Z   CC_OIDC_TOKEN: 
2025-12-03T01:48:07.2814676Z   CC_OIDC_AUDIENCE: https://codecov.io
2025-12-03T01:48:07.2814920Z ##[endgroup]
2025-12-03T01:48:07.2867149Z [0;32m==>[0m Token set from input
2025-12-03T01:48:07.2904513Z ##[group]Run if [ -z "$CC_BRANCH" ] && [ -z "$CC_TOKEN" ] && [ "$CC_FORK" == 'true' ]
2025-12-03T01:48:07.2905162Z [36;1mif [ -z "$CC_BRANCH" ] && [ -z "$CC_TOKEN" ] && [ "$CC_FORK" == 'true' ][0m
2025-12-03T01:48:07.2905535Z [36;1mthen[0m
2025-12-03T01:48:07.2905921Z [36;1m  echo -e "\033[0;32m==>\033[0m Fork detected, setting branch to $GITHUB_EVENT_PULL_REQUEST_HEAD_LABEL"[0m
2025-12-03T01:48:07.2906404Z [36;1m  TOKENLESS="$GITHUB_EVENT_PULL_REQUEST_HEAD_LABEL"[0m
2025-12-03T01:48:07.2906737Z [36;1m  CC_BRANCH="$GITHUB_EVENT_PULL_REQUEST_HEAD_LABEL"[0m
2025-12-03T01:48:07.2907050Z [36;1m  echo "TOKENLESS=$TOKENLESS" >> "$GITHUB_ENV"[0m
2025-12-03T01:48:07.2907319Z [36;1mfi[0m
2025-12-03T01:48:07.2907484Z [36;1m[0m
2025-12-03T01:48:07.2907692Z [36;1mecho "CC_BRANCH=$CC_BRANCH" >> "$GITHUB_ENV"[0m
2025-12-03T01:48:07.2937224Z shell: /usr/bin/bash --noprofile --norc -e -o pipefail {0}
2025-12-03T01:48:07.2937547Z env:
2025-12-03T01:48:07.2937799Z   pythonLocation: /opt/hostedtoolcache/Python/3.11.14/x64
2025-12-03T01:48:07.2938214Z   PKG_CONFIG_PATH: /opt/hostedtoolcache/Python/3.11.14/x64/lib/pkgconfig
2025-12-03T01:48:07.2938610Z   Python_ROOT_DIR: /opt/hostedtoolcache/Python/3.11.14/x64
2025-12-03T01:48:07.2938953Z   Python2_ROOT_DIR: /opt/hostedtoolcache/Python/3.11.14/x64
2025-12-03T01:48:07.2939473Z   Python3_ROOT_DIR: /opt/hostedtoolcache/Python/3.11.14/x64
2025-12-03T01:48:07.2939836Z   LD_LIBRARY_PATH: /opt/hostedtoolcache/Python/3.11.14/x64/lib
2025-12-03T01:48:07.2940126Z   CC_FORK: false
2025-12-03T01:48:07.2940394Z   CC_TOKEN: ***
2025-12-03T01:48:07.2940568Z   CC_BRANCH: 
2025-12-03T01:48:07.2940867Z   GITHUB_EVENT_PULL_REQUEST_HEAD_LABEL: con:copilot/fix-workflow-overlap-issue
2025-12-03T01:48:07.2941288Z   GITHUB_EVENT_PULL_REQUEST_HEAD_REPO_FULL_NAME: con/tinuous
2025-12-03T01:48:07.2941734Z   GITHUB_REPOSITORY: con/tinuous
2025-12-03T01:48:07.2941958Z ##[endgroup]
2025-12-03T01:48:07.3011584Z ##[group]Run if [ -z "$CC_SHA" ];
2025-12-03T01:48:07.3011851Z [36;1mif [ -z "$CC_SHA" ];[0m
2025-12-03T01:48:07.3012063Z [36;1mthen[0m
2025-12-03T01:48:07.3012317Z [36;1m  CC_SHA="$GITHUB_EVENT_PULL_REQUEST_HEAD_SHA"[0m
2025-12-03T01:48:07.3012591Z [36;1mfi[0m
2025-12-03T01:48:07.3012804Z [36;1mif [ -z "$CC_PR" ] && [ "$CC_FORK" == 'true' ];[0m
2025-12-03T01:48:07.3013061Z [36;1mthen[0m
2025-12-03T01:48:07.3013257Z [36;1m  CC_PR="$GITHUB_EVENT_NUMBER"[0m
2025-12-03T01:48:07.3013491Z [36;1mfi[0m
2025-12-03T01:48:07.3013654Z [36;1m[0m
2025-12-03T01:48:07.3013840Z [36;1mecho "CC_SHA=$CC_SHA" >> "$GITHUB_ENV"[0m
2025-12-03T01:48:07.3014117Z [36;1mecho "CC_PR=$CC_PR" >> "$GITHUB_ENV"[0m
2025-12-03T01:48:07.3043538Z shell: /usr/bin/bash --noprofile --norc -e -o pipefail {0}
2025-12-03T01:48:07.3043853Z env:
2025-12-03T01:48:07.3044101Z   pythonLocation: /opt/hostedtoolcache/Python/3.11.14/x64
2025-12-03T01:48:07.3044505Z   PKG_CONFIG_PATH: /opt/hostedtoolcache/Python/3.11.14/x64/lib/pkgconfig
2025-12-03T01:48:07.3044914Z   Python_ROOT_DIR: /opt/hostedtoolcache/Python/3.11.14/x64
2025-12-03T01:48:07.3045493Z   Python2_ROOT_DIR: /opt/hostedtoolcache/Python/3.11.14/x64
2025-12-03T01:48:07.3045841Z   Python3_ROOT_DIR: /opt/hostedtoolcache/Python/3.11.14/x64
2025-12-03T01:48:07.3046193Z   LD_LIBRARY_PATH: /opt/hostedtoolcache/Python/3.11.14/x64/lib
2025-12-03T01:48:07.3046489Z   CC_FORK: false
2025-12-03T01:48:07.3046747Z   CC_TOKEN: ***
2025-12-03T01:48:07.3046927Z   CC_BRANCH: 
2025-12-03T01:48:07.3047096Z   CC_PR: 
2025-12-03T01:48:07.3047249Z   CC_SHA: 
2025-12-03T01:48:07.3047427Z   GITHUB_EVENT_NAME: pull_request
2025-12-03T01:48:07.3047656Z   GITHUB_EVENT_NUMBER: 221
2025-12-03T01:48:07.3047971Z   GITHUB_EVENT_PULL_REQUEST_HEAD_SHA: c18690ec8007c8c2f21048856938ce9f1a144711
2025-12-03T01:48:07.3048326Z ##[endgroup]
2025-12-03T01:48:07.3124855Z ##[group]Run ${GITHUB_ACTION_PATH}/dist/codecov.sh
2025-12-03T01:48:07.3125424Z [36;1m${GITHUB_ACTION_PATH}/dist/codecov.sh[0m
2025-12-03T01:48:07.3154706Z shell: /usr/bin/bash --noprofile --norc -e -o pipefail {0}
2025-12-03T01:48:07.3155208Z env:
2025-12-03T01:48:07.3155460Z   pythonLocation: /opt/hostedtoolcache/Python/3.11.14/x64
2025-12-03T01:48:07.3155867Z   PKG_CONFIG_PATH: /opt/hostedtoolcache/Python/3.11.14/x64/lib/pkgconfig
2025-12-03T01:48:07.3156252Z   Python_ROOT_DIR: /opt/hostedtoolcache/Python/3.11.14/x64
2025-12-03T01:48:07.3156607Z   Python2_ROOT_DIR: /opt/hostedtoolcache/Python/3.11.14/x64
2025-12-03T01:48:07.3156960Z   Python3_ROOT_DIR: /opt/hostedtoolcache/Python/3.11.14/x64
2025-12-03T01:48:07.3157313Z   LD_LIBRARY_PATH: /opt/hostedtoolcache/Python/3.11.14/x64/lib
2025-12-03T01:48:07.3157602Z   CC_FORK: false
2025-12-03T01:48:07.3157862Z   CC_TOKEN: ***
2025-12-03T01:48:07.3158052Z   CC_BRANCH: 
2025-12-03T01:48:07.3158255Z   CC_SHA: c18690ec8007c8c2f21048856938ce9f1a144711
2025-12-03T01:48:07.3158513Z   CC_PR: 
2025-12-03T01:48:07.3158674Z   CC_BASE_SHA: 
2025-12-03T01:48:07.3158848Z   CC_BINARY: 
2025-12-03T01:48:07.3159012Z   CC_BUILD: 
2025-12-03T01:48:07.3159172Z   CC_BUILD_URL: 
2025-12-03T01:48:07.3159344Z   CC_CODE: 
2025-12-03T01:48:07.3159500Z   CC_DIR: 
2025-12-03T01:48:07.3159677Z   CC_DISABLE_FILE_FIXES: false
2025-12-03T01:48:07.3159902Z   CC_DISABLE_SEARCH: false
2025-12-03T01:48:07.3160105Z   CC_DISABLE_TELEM: false
2025-12-03T01:48:07.3160304Z   CC_DRY_RUN: false
2025-12-03T01:48:07.3160484Z   CC_ENTERPRISE_URL: 
2025-12-03T01:48:07.3160836Z   CC_ENV: 
2025-12-03T01:48:07.3161014Z   CC_EXCLUDES: 
2025-12-03T01:48:07.3161191Z   CC_FAIL_ON_ERROR: false
2025-12-03T01:48:07.3161387Z   CC_FILES: 
2025-12-03T01:48:07.3161547Z   CC_FLAGS: 
2025-12-03T01:48:07.3161706Z   CC_FORCE: 
2025-12-03T01:48:07.3161869Z   CC_GCOV_ARGS: 
2025-12-03T01:48:07.3162047Z   CC_GCOV_EXECUTABLE: gcov
2025-12-03T01:48:07.3162250Z   CC_GCOV_IGNORE: 
2025-12-03T01:48:07.3162424Z   CC_GCOV_INCLUDE: 
2025-12-03T01:48:07.3162609Z   CC_GIT_SERVICE: github
2025-12-03T01:48:07.3162951Z   CC_HANDLE_NO_REPORTS_FOUND: false
2025-12-03T01:48:07.3163180Z   CC_JOB_CODE: 
2025-12-03T01:48:07.3163361Z   CC_LEGACY: false
2025-12-03T01:48:07.3163540Z   CC_NAME: 3.11
2025-12-03T01:48:07.3163718Z   CC_NETWORK_FILTER: 
2025-12-03T01:48:07.3163916Z   CC_NETWORK_PREFIX: 
2025-12-03T01:48:07.3164105Z   CC_NETWORK_ROOT_FOLDER: 
2025-12-03T01:48:07.3164324Z   CC_OS: 
2025-12-03T01:48:07.3164483Z   CC_PARENT_SHA: 
2025-12-03T01:48:07.3164696Z   CC_PLUGINS: 
2025-12-03T01:48:07.3164888Z   CC_RECURSE_SUBMODULES: false
2025-12-03T01:48:07.3165325Z   CC_REPORT_TYPE: 
2025-12-03T01:48:07.3165519Z   CC_RUN_CMD: upload-coverage
2025-12-03T01:48:07.3165736Z   CC_SERVICE: github
2025-12-03T01:48:07.3165932Z   CC_SKIP_VALIDATION: false
2025-12-03T01:48:07.3166131Z   CC_SLUG: 
2025-12-03T01:48:07.3166302Z   CC_SWIFT_PROJECT: 
2025-12-03T01:48:07.3166485Z   CC_USE_PYPI: false
2025-12-03T01:48:07.3166671Z   CC_VERBOSE: false
2025-12-03T01:48:07.3166854Z   CC_VERSION: latest
2025-12-03T01:48:07.3167037Z   CC_YML_PATH: 
2025-12-03T01:48:07.3167214Z ##[endgroup]
2025-12-03T01:48:07.3237459Z      _____          _
2025-12-03T01:48:07.3237801Z     / ____|        | |
2025-12-03T01:48:07.3238122Z    | |     ___   __| | ___  ___ _____   __
2025-12-03T01:48:07.3238486Z    | |    / _ \ / _` |/ _ \/ __/ _ \ \ / /
2025-12-03T01:48:07.3238751Z    | |___| (_) | (_| |  __/ (_| (_) \ V /
2025-12-03T01:48:07.3238995Z     \_____\___/ \__,_|\___|\___\___/ \_/
2025-12-03T01:48:07.3239408Z                            [0;31m Wrapper-0.2.7[0m
2025-12-03T01:48:07.3239683Z                            
2025-12-03T01:48:07.3292325Z [0;32m==>[0m Detected [0;36mlinux[0m
2025-12-03T01:48:07.3292915Z [0;32m ->[0m Downloading [0;36mhttps://cli.codecov.io/latest/linux/codecov[0m
2025-12-03T01:48:07.3345303Z   % Total    % Received % Xferd  Average Speed   Time    Time     Time  Current
2025-12-03T01:48:07.3345994Z                                  Dload  Upload   Total   Spent    Left  Speed
2025-12-03T01:48:07.3346362Z 
2025-12-03T01:48:07.4268769Z   0     0    0     0    0     0      0      0 --:--:-- --:--:-- --:--:--     0
2025-12-03T01:48:07.4269535Z 100 10.6M  100 10.6M    0     0   115M      0 --:--:-- --:--:-- --:--:--  115M
2025-12-03T01:48:07.4290877Z [0;32m==>[0m Finishing downloading [0;36mlinux:latest[0m
2025-12-03T01:48:07.4720398Z       Version: [0;36mv11.2.5[0m
2025-12-03T01:48:07.4720828Z  
2025-12-03T01:48:07.4777164Z gpg: directory '/home/runner/.gnupg' created
2025-12-03T01:48:07.4782148Z gpg: keybox '/home/runner/.gnupg/pubring.kbx' created
2025-12-03T01:48:07.7144726Z gpg: /home/runner/.gnupg/trustdb.gpg: trustdb created
2025-12-03T01:48:07.7146048Z gpg: key 806BB28AED779869: public key "Codecov Uploader (Codecov Uploader Verification Key) <security@codecov.io>" imported
2025-12-03T01:48:07.7251481Z gpg: Total number processed: 1
2025-12-03T01:48:07.7251917Z gpg:               imported: 1
2025-12-03T01:48:07.7258542Z [0;32m==>[0m Verifying GPG signature integrity
2025-12-03T01:48:07.7259645Z [0;32m ->[0m Downloading [0;36mhttps://cli.codecov.io/latest/linux/codecov.SHA256SUM[0m
2025-12-03T01:48:07.7260769Z [0;32m ->[0m Downloading [0;36mhttps://cli.codecov.io/latest/linux/codecov.SHA256SUM.sig[0m
2025-12-03T01:48:07.7261490Z  
2025-12-03T01:48:07.8192390Z gpg: Signature made Mon Nov 10 14:58:43 2025 UTC
2025-12-03T01:48:07.8193074Z gpg:                using RSA key 27034E7FDB850E0BBC2C62FF806BB28AED779869
2025-12-03T01:48:07.8195939Z gpg: Good signature from "Codecov Uploader (Codecov Uploader Verification Key) <security@codecov.io>" [unknown]
2025-12-03T01:48:07.8197015Z gpg: WARNING: This key is not certified with a trusted signature!
2025-12-03T01:48:07.8197758Z gpg:          There is no indication that the signature belongs to the owner.
2025-12-03T01:48:07.8198540Z Primary key fingerprint: 2703 4E7F DB85 0E0B BC2C  62FF 806B B28A ED77 9869
2025-12-03T01:48:07.8959767Z codecov: OK
2025-12-03T01:48:07.8968579Z [0;32m==>[0m CLI integrity verified
2025-12-03T01:48:07.8968823Z 
2025-12-03T01:48:07.9580366Z [0;32m ->[0m Token length: 36
2025-12-03T01:48:07.9581014Z [0;32m==>[0m Running upload-coverage
2025-12-03T01:48:07.9591166Z       [0;36m./codecov  upload-coverage -t <redacted> --git-service github --sha c18690ec8007c8c2f21048856938ce9f1a144711 --gcov-executable gcov --name 3.11[0m
2025-12-03T01:48:08.3042105Z info - 2025-12-03 01:48:08,303 -- ci service found: github-actions
2025-12-03T01:48:08.3446931Z warning - 2025-12-03 01:48:08,344 -- xcrun is not installed or can't be found.
2025-12-03T01:48:08.4159220Z warning - 2025-12-03 01:48:08,415 -- No gcov data found.
2025-12-03T01:48:08.4162962Z warning - 2025-12-03 01:48:08,416 -- coverage.py is not installed or can't be found.
2025-12-03T01:48:08.4323195Z info - 2025-12-03 01:48:08,432 -- Found 1 coverage files to report
2025-12-03T01:48:08.4324399Z info - 2025-12-03 01:48:08,432 -- > /home/runner/work/tinuous/tinuous/coverage.xml
2025-12-03T01:48:09.1500216Z info - 2025-12-03 01:48:09,149 -- Your upload is now processing. When finished, results will be available at: https://app.codecov.io/github/con/tinuous/commit/c18690ec8007c8c2f21048856938ce9f1a144711
2025-12-03T01:48:09.3285477Z info - 2025-12-03 01:48:09,328 -- Process Upload complete
2025-12-03T01:48:09.5545968Z Post job cleanup.
2025-12-03T01:48:09.7147592Z Post job cleanup.
2025-12-03T01:48:09.8082159Z [command]/usr/bin/git version
2025-12-03T01:48:09.8124680Z git version 2.51.2
2025-12-03T01:48:09.8160572Z Copying '/home/runner/.gitconfig' to '/home/runner/work/_temp/b980d327-7e3e-43ba-a5c4-ec477ddb56bb/.gitconfig'
2025-12-03T01:48:09.8170104Z Temporarily overriding HOME='/home/runner/work/_temp/b980d327-7e3e-43ba-a5c4-ec477ddb56bb' before making global git config changes
2025-12-03T01:48:09.8171309Z Adding repository directory to the temporary git global config as a safe directory
2025-12-03T01:48:09.8175730Z [command]/usr/bin/git config --global --add safe.directory /home/runner/work/tinuous/tinuous
2025-12-03T01:48:09.8208960Z [command]/usr/bin/git config --local --name-only --get-regexp core\.sshCommand
2025-12-03T01:48:09.8240537Z [command]/usr/bin/git submodule foreach --recursive sh -c "git config --local --name-only --get-regexp 'core\.sshCommand' && git config --local --unset-all 'core.sshCommand' || :"
2025-12-03T01:48:09.8468695Z [command]/usr/bin/git config --local --name-only --get-regexp http\.https\:\/\/github\.com\/\.extraheader
2025-12-03T01:48:09.8489815Z http.https://github.com/.extraheader
2025-12-03T01:48:09.8503689Z [command]/usr/bin/git config --local --unset-all http.https://github.com/.extraheader
2025-12-03T01:48:09.8536609Z [command]/usr/bin/git submodule foreach --recursive sh -c "git config --local --name-only --get-regexp 'http\.https\:\/\/github\.com\/\.extraheader' && git config --local --unset-all 'http.https://github.com/.extraheader' || :"
2025-12-03T01:48:09.8784900Z [command]/usr/bin/git config --local --name-only --get-regexp ^includeIf\.gitdir:
2025-12-03T01:48:09.8822669Z [command]/usr/bin/git submodule foreach --recursive git config --local --show-origin --name-only --get-regexp remote.origin.url
2025-12-03T01:48:09.9180745Z Cleaning up orphan processes
