2021-05-24T17:36:46.7117674Z ##[section]Starting: Request a runner to run this job
2021-05-24T17:36:47.0039156Z Can't find any online and idle self-hosted runner in current repository that matches the required labels: 'ubuntu-latest'
2021-05-24T17:36:47.0039261Z Can't find any online and idle self-hosted runner in current repository's account/organization that matches the required labels: 'ubuntu-latest'
2021-05-24T17:36:47.0039646Z Found online and idle hosted runner in current repository's account/organization that matches the required labels: 'ubuntu-latest'
2021-05-24T17:36:47.2104141Z ##[section]Finishing: Request a runner to run this job
2021-05-24T17:36:53.4316218Z Current runner version: '2.278.0'
2021-05-24T17:36:53.4339844Z ##[group]Operating System
2021-05-24T17:36:53.4340628Z Ubuntu
2021-05-24T17:36:53.4341054Z 20.04.2
2021-05-24T17:36:53.4341395Z LTS
2021-05-24T17:36:53.4341817Z ##[endgroup]
2021-05-24T17:36:53.4342260Z ##[group]Virtual Environment
2021-05-24T17:36:53.4342833Z Environment: ubuntu-20.04
2021-05-24T17:36:53.4343339Z Version: 20210517.1
2021-05-24T17:36:53.4344155Z Included Software: https://github.com/actions/virtual-environments/blob/ubuntu20/20210517.1/images/linux/Ubuntu2004-README.md
2021-05-24T17:36:53.4345370Z Image Release: https://github.com/actions/virtual-environments/releases/tag/ubuntu20%2F20210517.1
2021-05-24T17:36:53.4346092Z ##[endgroup]
2021-05-24T17:36:53.4347723Z ##[group]GITHUB_TOKEN Permissions
2021-05-24T17:36:53.4348796Z Actions: write
2021-05-24T17:36:53.4349202Z Checks: write
2021-05-24T17:36:53.4349673Z Contents: write
2021-05-24T17:36:53.4350107Z Deployments: write
2021-05-24T17:36:53.4350660Z Issues: write
2021-05-24T17:36:53.4351145Z Metadata: read
2021-05-24T17:36:53.4351610Z Packages: write
2021-05-24T17:36:53.4352051Z PullRequests: write
2021-05-24T17:36:53.4352610Z RepositoryProjects: write
2021-05-24T17:36:53.4353189Z SecurityEvents: write
2021-05-24T17:36:53.4353641Z Statuses: write
2021-05-24T17:36:53.4354189Z ##[endgroup]
2021-05-24T17:36:53.4356877Z Prepare workflow directory
2021-05-24T17:36:53.4883390Z Prepare all required actions
2021-05-24T17:36:53.4893215Z Getting action download info
2021-05-24T17:36:53.8937043Z Download action repository 'actions/checkout@v2'
2021-05-24T17:36:55.7001247Z Download action repository 'actions/setup-python@v2'
2021-05-24T17:36:55.8742634Z Download action repository 'codecov/codecov-action@v1'
2021-05-24T17:36:56.1919897Z ##[group]Run actions/checkout@v2
2021-05-24T17:36:56.1920462Z with:
2021-05-24T17:36:56.1920823Z   fetch-depth: 0
2021-05-24T17:36:56.1921227Z   repository: con/tinuous
2021-05-24T17:36:56.1922111Z   token: ***
2021-05-24T17:36:56.1922465Z   ssh-strict: true
2021-05-24T17:36:56.1922949Z   persist-credentials: true
2021-05-24T17:36:56.1923379Z   clean: true
2021-05-24T17:36:56.1923714Z   lfs: false
2021-05-24T17:36:56.1924065Z   submodules: false
2021-05-24T17:36:56.1924441Z ##[endgroup]
2021-05-24T17:36:56.3797087Z Syncing repository: con/tinuous
2021-05-24T17:36:56.3797925Z ##[group]Getting Git version info
2021-05-24T17:36:56.3799362Z Working directory is '/home/runner/work/tinuous/tinuous'
2021-05-24T17:36:56.8461189Z [command]/usr/bin/git version
2021-05-24T17:36:56.8461759Z git version 2.31.1
2021-05-24T17:36:56.8463276Z ##[endgroup]
2021-05-24T17:36:56.8464027Z Deleting the contents of '/home/runner/work/tinuous/tinuous'
2021-05-24T17:36:56.8465373Z ##[group]Initializing the repository
2021-05-24T17:36:56.8466032Z [command]/usr/bin/git init /home/runner/work/tinuous/tinuous
2021-05-24T17:36:56.8466925Z hint: Using 'master' as the name for the initial branch. This default branch name
2021-05-24T17:36:56.8467699Z hint: is subject to change. To configure the initial branch name to use in all
2021-05-24T17:36:56.8468464Z hint: of your new repositories, which will suppress this warning, call:
2021-05-24T17:36:56.8469084Z hint: 
2021-05-24T17:36:56.8469776Z hint: 	git config --global init.defaultBranch <name>
2021-05-24T17:36:56.8470307Z hint: 
2021-05-24T17:36:56.8471003Z hint: Names commonly chosen instead of 'master' are 'main', 'trunk' and
2021-05-24T17:36:56.8471914Z hint: 'development'. The just-created branch can be renamed via this command:
2021-05-24T17:36:56.8472510Z hint: 
2021-05-24T17:36:56.8473056Z hint: 	git branch -m <name>
2021-05-24T17:36:56.8473677Z Initialized empty Git repository in /home/runner/work/tinuous/tinuous/.git/
2021-05-24T17:36:56.8474493Z [command]/usr/bin/git remote add origin https://github.com/con/tinuous
2021-05-24T17:36:56.8475130Z ##[endgroup]
2021-05-24T17:36:56.8475661Z ##[group]Disabling automatic garbage collection
2021-05-24T17:36:56.8476423Z [command]/usr/bin/git config --local gc.auto 0
2021-05-24T17:36:56.8476919Z ##[endgroup]
2021-05-24T17:36:56.8480940Z ##[group]Setting up auth
2021-05-24T17:36:56.8481911Z [command]/usr/bin/git config --local --name-only --get-regexp core\.sshCommand
2021-05-24T17:36:56.8483226Z [command]/usr/bin/git submodule foreach --recursive git config --local --name-only --get-regexp 'core\.sshCommand' && git config --local --unset-all 'core.sshCommand' || :
2021-05-24T17:36:56.8484567Z [command]/usr/bin/git config --local --name-only --get-regexp http\.https\:\/\/github\.com\/\.extraheader
2021-05-24T17:36:56.8486214Z [command]/usr/bin/git submodule foreach --recursive git config --local --name-only --get-regexp 'http\.https\:\/\/github\.com\/\.extraheader' && git config --local --unset-all 'http.https://github.com/.extraheader' || :
2021-05-24T17:36:56.8487817Z [command]/usr/bin/git config --local http.https://github.com/.extraheader AUTHORIZATION: basic ***
2021-05-24T17:36:56.8488600Z ##[endgroup]
2021-05-24T17:36:56.8489099Z ##[group]Fetching the repository
2021-05-24T17:36:56.8490272Z [command]/usr/bin/git -c protocol.version=2 fetch --prune --progress --no-recurse-submodules origin +refs/heads/*:refs/remotes/origin/* +refs/tags/*:refs/tags/*
2021-05-24T17:36:56.8491258Z remote: Enumerating objects: 295, done.        
2021-05-24T17:36:56.8491819Z remote: Counting objects:   0% (1/295)        
2021-05-24T17:36:56.8492681Z remote: Counting objects:   1% (3/295)        
2021-05-24T17:36:56.8493195Z remote: Counting objects:   2% (6/295)        
2021-05-24T17:36:56.8493721Z remote: Counting objects:   3% (9/295)        
2021-05-24T17:36:56.8494240Z remote: Counting objects:   4% (12/295)        
2021-05-24T17:36:56.8494765Z remote: Counting objects:   5% (15/295)        
2021-05-24T17:36:56.8495491Z remote: Counting objects:   6% (18/295)        
2021-05-24T17:36:56.8496018Z remote: Counting objects:   7% (21/295)        
2021-05-24T17:36:56.8496546Z remote: Counting objects:   8% (24/295)        
2021-05-24T17:36:56.8497069Z remote: Counting objects:   9% (27/295)        
2021-05-24T17:36:56.8497576Z remote: Counting objects:  10% (30/295)        
2021-05-24T17:36:56.8498108Z remote: Counting objects:  11% (33/295)        
2021-05-24T17:36:56.8498614Z remote: Counting objects:  12% (36/295)        
2021-05-24T17:36:56.8499137Z remote: Counting objects:  13% (39/295)        
2021-05-24T17:36:56.8499652Z remote: Counting objects:  14% (42/295)        
2021-05-24T17:36:56.8500165Z remote: Counting objects:  15% (45/295)        
2021-05-24T17:36:56.8500682Z remote: Counting objects:  16% (48/295)        
2021-05-24T17:36:56.8501183Z remote: Counting objects:  17% (51/295)        
2021-05-24T17:36:56.8501699Z remote: Counting objects:  18% (54/295)        
2021-05-24T17:36:56.8502228Z remote: Counting objects:  19% (57/295)        
2021-05-24T17:36:56.8502733Z remote: Counting objects:  20% (59/295)        
2021-05-24T17:36:56.8503256Z remote: Counting objects:  21% (62/295)        
2021-05-24T17:36:56.8503761Z remote: Counting objects:  22% (65/295)        
2021-05-24T17:36:56.8504281Z remote: Counting objects:  23% (68/295)        
2021-05-24T17:36:56.8504807Z remote: Counting objects:  24% (71/295)        
2021-05-24T17:36:56.8505312Z remote: Counting objects:  25% (74/295)        
2021-05-24T17:36:56.8505833Z remote: Counting objects:  26% (77/295)        
2021-05-24T17:36:56.8506349Z remote: Counting objects:  27% (80/295)        
2021-05-24T17:36:56.8506860Z remote: Counting objects:  28% (83/295)        
2021-05-24T17:36:56.8507380Z remote: Counting objects:  29% (86/295)        
2021-05-24T17:36:56.8507884Z remote: Counting objects:  30% (89/295)        
2021-05-24T17:36:56.8508401Z remote: Counting objects:  31% (92/295)        
2021-05-24T17:36:56.8508913Z remote: Counting objects:  32% (95/295)        
2021-05-24T17:36:56.8509420Z remote: Counting objects:  33% (98/295)        
2021-05-24T17:36:56.8509945Z remote: Counting objects:  34% (101/295)        
2021-05-24T17:36:56.8510463Z remote: Counting objects:  35% (104/295)        
2021-05-24T17:36:56.8510987Z remote: Counting objects:  36% (107/295)        
2021-05-24T17:36:56.8511628Z remote: Counting objects:  37% (110/295)        
2021-05-24T17:36:56.8512136Z remote: Counting objects:  38% (113/295)        
2021-05-24T17:36:56.8513935Z remote: Counting objects:  39% (116/295)        
2021-05-24T17:36:56.8514472Z remote: Counting objects:  40% (118/295)        
2021-05-24T17:36:56.8515069Z remote: Counting objects:  41% (121/295)        
2021-05-24T17:36:56.8515591Z remote: Counting objects:  42% (124/295)        
2021-05-24T17:36:56.8516098Z remote: Counting objects:  43% (127/295)        
2021-05-24T17:36:56.8516619Z remote: Counting objects:  44% (130/295)        
2021-05-24T17:36:56.8517130Z remote: Counting objects:  45% (133/295)        
2021-05-24T17:36:56.8517714Z remote: Counting objects:  46% (136/295)        
2021-05-24T17:36:56.8518240Z remote: Counting objects:  47% (139/295)        
2021-05-24T17:36:56.8518989Z remote: Counting objects:  48% (142/295)        
2021-05-24T17:36:56.8519765Z remote: Counting objects:  49% (145/295)        
2021-05-24T17:36:56.8520199Z remote: Counting objects:  50% (148/295)        
2021-05-24T17:36:56.8520733Z remote: Counting objects:  51% (151/295)        
2021-05-24T17:36:56.8521265Z remote: Counting objects:  52% (154/295)        
2021-05-24T17:36:56.8521780Z remote: Counting objects:  53% (157/295)        
2021-05-24T17:36:56.8522303Z remote: Counting objects:  54% (160/295)        
2021-05-24T17:36:56.8522822Z remote: Counting objects:  55% (163/295)        
2021-05-24T17:36:56.8523337Z remote: Counting objects:  56% (166/295)        
2021-05-24T17:36:56.8523858Z remote: Counting objects:  57% (169/295)        
2021-05-24T17:36:56.8524372Z remote: Counting objects:  58% (172/295)        
2021-05-24T17:36:56.8525011Z remote: Counting objects:  59% (175/295)        
2021-05-24T17:36:56.8525589Z remote: Counting objects:  60% (177/295)        
2021-05-24T17:36:56.8526100Z remote: Counting objects:  61% (180/295)        
2021-05-24T17:36:56.8526630Z remote: Counting objects:  62% (183/295)        
2021-05-24T17:36:56.8527151Z remote: Counting objects:  63% (186/295)        
2021-05-24T17:36:56.8527672Z remote: Counting objects:  64% (189/295)        
2021-05-24T17:36:56.8528331Z remote: Counting objects:  65% (192/295)        
2021-05-24T17:36:56.8528854Z remote: Counting objects:  66% (195/295)        
2021-05-24T17:36:56.8529367Z remote: Counting objects:  67% (198/295)        
2021-05-24T17:36:56.8529893Z remote: Counting objects:  68% (201/295)        
2021-05-24T17:36:56.8530405Z remote: Counting objects:  69% (204/295)        
2021-05-24T17:36:56.8530932Z remote: Counting objects:  70% (207/295)        
2021-05-24T17:36:56.8531463Z remote: Counting objects:  71% (210/295)        
2021-05-24T17:36:56.8531983Z remote: Counting objects:  72% (213/295)        
2021-05-24T17:36:56.8532508Z remote: Counting objects:  73% (216/295)        
2021-05-24T17:36:56.8533026Z remote: Counting objects:  74% (219/295)        
2021-05-24T17:36:56.8533554Z remote: Counting objects:  75% (222/295)        
2021-05-24T17:36:56.8534076Z remote: Counting objects:  76% (225/295)        
2021-05-24T17:36:56.8534599Z remote: Counting objects:  77% (228/295)        
2021-05-24T17:36:56.8535167Z remote: Counting objects:  78% (231/295)        
2021-05-24T17:36:56.8535676Z remote: Counting objects:  79% (234/295)        
2021-05-24T17:36:56.8536203Z remote: Counting objects:  80% (236/295)        
2021-05-24T17:36:56.8536733Z remote: Counting objects:  81% (239/295)        
2021-05-24T17:36:56.8537244Z remote: Counting objects:  82% (242/295)        
2021-05-24T17:36:56.8537767Z remote: Counting objects:  83% (245/295)        
2021-05-24T17:36:56.8538274Z remote: Counting objects:  84% (248/295)        
2021-05-24T17:36:56.8538806Z remote: Counting objects:  85% (251/295)        
2021-05-24T17:36:56.8539337Z remote: Counting objects:  86% (254/295)        
2021-05-24T17:36:56.8539850Z remote: Counting objects:  87% (257/295)        
2021-05-24T17:36:56.8540387Z remote: Counting objects:  88% (260/295)        
2021-05-24T17:36:56.8540914Z remote: Counting objects:  89% (263/295)        
2021-05-24T17:36:56.8541537Z remote: Counting objects:  90% (266/295)        
2021-05-24T17:36:56.8542070Z remote: Counting objects:  91% (269/295)        
2021-05-24T17:36:56.8542580Z remote: Counting objects:  92% (272/295)        
2021-05-24T17:36:56.8543103Z remote: Counting objects:  93% (275/295)        
2021-05-24T17:36:56.8543627Z remote: Counting objects:  94% (278/295)        
2021-05-24T17:36:56.8544141Z remote: Counting objects:  95% (281/295)        
2021-05-24T17:36:56.8544669Z remote: Counting objects:  96% (284/295)        
2021-05-24T17:36:56.8545177Z remote: Counting objects:  97% (287/295)        
2021-05-24T17:36:56.8545709Z remote: Counting objects:  98% (290/295)        
2021-05-24T17:36:56.8546454Z remote: Counting objects:  99% (293/295)        
2021-05-24T17:36:56.8546975Z remote: Counting objects: 100% (295/295)        
2021-05-24T17:36:56.8552214Z remote: Counting objects: 100% (295/295), done.        
2021-05-24T17:36:56.8552820Z remote: Compressing objects:   0% (1/167)        
2021-05-24T17:36:56.8553408Z remote: Compressing objects:   1% (2/167)        
2021-05-24T17:36:56.8553977Z remote: Compressing objects:   2% (4/167)        
2021-05-24T17:36:56.8554535Z remote: Compressing objects:   3% (6/167)        
2021-05-24T17:36:56.8555081Z remote: Compressing objects:   4% (7/167)        
2021-05-24T17:36:56.8555645Z remote: Compressing objects:   5% (9/167)        
2021-05-24T17:36:56.8556190Z remote: Compressing objects:   6% (11/167)        
2021-05-24T17:36:56.8556759Z remote: Compressing objects:   7% (12/167)        
2021-05-24T17:36:56.8557328Z remote: Compressing objects:   8% (14/167)        
2021-05-24T17:36:56.8557974Z remote: Compressing objects:   9% (16/167)        
2021-05-24T17:36:56.8558669Z remote: Compressing objects:  10% (17/167)        
2021-05-24T17:36:56.8559237Z remote: Compressing objects:  11% (19/167)        
2021-05-24T17:36:56.8559806Z remote: Compressing objects:  12% (21/167)        
2021-05-24T17:36:56.8560369Z remote: Compressing objects:  13% (22/167)        
2021-05-24T17:36:56.8560925Z remote: Compressing objects:  14% (24/167)        
2021-05-24T17:36:56.8561493Z remote: Compressing objects:  15% (26/167)        
2021-05-24T17:36:56.8562055Z remote: Compressing objects:  16% (27/167)        
2021-05-24T17:36:56.8562602Z remote: Compressing objects:  17% (29/167)        
2021-05-24T17:36:56.8563160Z remote: Compressing objects:  18% (31/167)        
2021-05-24T17:36:56.8563707Z remote: Compressing objects:  19% (32/167)        
2021-05-24T17:36:56.8564266Z remote: Compressing objects:  20% (34/167)        
2021-05-24T17:36:56.8564829Z remote: Compressing objects:  21% (36/167)        
2021-05-24T17:36:56.8565378Z remote: Compressing objects:  22% (37/167)        
2021-05-24T17:36:56.8565939Z remote: Compressing objects:  23% (39/167)        
2021-05-24T17:36:56.8566484Z remote: Compressing objects:  24% (41/167)        
2021-05-24T17:36:56.8567038Z remote: Compressing objects:  25% (42/167)        
2021-05-24T17:36:56.8567606Z remote: Compressing objects:  26% (44/167)        
2021-05-24T17:36:56.8568149Z remote: Compressing objects:  27% (46/167)        
2021-05-24T17:36:56.8568709Z remote: Compressing objects:  28% (47/167)        
2021-05-24T17:36:56.8569266Z remote: Compressing objects:  29% (49/167)        
2021-05-24T17:36:56.8569813Z remote: Compressing objects:  30% (51/167)        
2021-05-24T17:36:56.8570372Z remote: Compressing objects:  31% (52/167)        
2021-05-24T17:36:56.8570917Z remote: Compressing objects:  32% (54/167)        
2021-05-24T17:36:56.8571484Z remote: Compressing objects:  33% (56/167)        
2021-05-24T17:36:56.8572044Z remote: Compressing objects:  34% (57/167)        
2021-05-24T17:36:56.8572597Z remote: Compressing objects:  35% (59/167)        
2021-05-24T17:36:56.8573158Z remote: Compressing objects:  36% (61/167)        
2021-05-24T17:36:56.8573706Z remote: Compressing objects:  37% (62/167)        
2021-05-24T17:36:56.8574267Z remote: Compressing objects:  38% (64/167)        
2021-05-24T17:36:56.8574960Z remote: Compressing objects:  39% (66/167)        
2021-05-24T17:36:56.8575502Z remote: Compressing objects:  40% (67/167)        
2021-05-24T17:36:56.8576063Z remote: Compressing objects:  41% (69/167)        
2021-05-24T17:36:56.8576619Z remote: Compressing objects:  42% (71/167)        
2021-05-24T17:36:56.8577163Z remote: Compressing objects:  43% (72/167)        
2021-05-24T17:36:56.8577717Z remote: Compressing objects:  44% (74/167)        
2021-05-24T17:36:56.8578262Z remote: Compressing objects:  45% (76/167)        
2021-05-24T17:36:56.8578818Z remote: Compressing objects:  46% (77/167)        
2021-05-24T17:36:56.8579380Z remote: Compressing objects:  47% (79/167)        
2021-05-24T17:36:56.8579929Z remote: Compressing objects:  48% (81/167)        
2021-05-24T17:36:56.8580486Z remote: Compressing objects:  49% (82/167)        
2021-05-24T17:36:56.8581034Z remote: Compressing objects:  50% (84/167)        
2021-05-24T17:36:56.8581621Z remote: Compressing objects:  51% (86/167)        
2021-05-24T17:36:56.8582185Z remote: Compressing objects:  52% (87/167)        
2021-05-24T17:36:56.8582732Z remote: Compressing objects:  53% (89/167)        
2021-05-24T17:36:56.8583287Z remote: Compressing objects:  54% (91/167)        
2021-05-24T17:36:56.8583836Z remote: Compressing objects:  55% (92/167)        
2021-05-24T17:36:56.8584404Z remote: Compressing objects:  56% (94/167)        
2021-05-24T17:36:56.8584964Z remote: Compressing objects:  57% (96/167)        
2021-05-24T17:36:56.8585510Z remote: Compressing objects:  58% (97/167)        
2021-05-24T17:36:56.8586067Z remote: Compressing objects:  59% (99/167)        
2021-05-24T17:36:56.8586691Z remote: Compressing objects:  60% (101/167)        
2021-05-24T17:36:56.8587264Z remote: Compressing objects:  61% (102/167)        
2021-05-24T17:36:56.8587833Z remote: Compressing objects:  62% (104/167)        
2021-05-24T17:36:56.8588385Z remote: Compressing objects:  63% (106/167)        
2021-05-24T17:36:56.8588953Z remote: Compressing objects:  64% (107/167)        
2021-05-24T17:36:56.8589529Z remote: Compressing objects:  65% (109/167)        
2021-05-24T17:36:56.8590083Z remote: Compressing objects:  66% (111/167)        
2021-05-24T17:36:56.8590641Z remote: Compressing objects:  67% (112/167)        
2021-05-24T17:36:56.8591187Z remote: Compressing objects:  68% (114/167)        
2021-05-24T17:36:56.8591750Z remote: Compressing objects:  69% (116/167)        
2021-05-24T17:36:56.8592313Z remote: Compressing objects:  70% (117/167)        
2021-05-24T17:36:56.8592863Z remote: Compressing objects:  71% (119/167)        
2021-05-24T17:36:56.8593424Z remote: Compressing objects:  72% (121/167)        
2021-05-24T17:36:56.8593991Z remote: Compressing objects:  73% (122/167)        
2021-05-24T17:36:56.8594539Z remote: Compressing objects:  74% (124/167)        
2021-05-24T17:36:56.8595099Z remote: Compressing objects:  75% (126/167)        
2021-05-24T17:36:56.8595641Z remote: Compressing objects:  76% (127/167)        
2021-05-24T17:36:56.8596206Z remote: Compressing objects:  77% (129/167)        
2021-05-24T17:36:56.8596772Z remote: Compressing objects:  78% (131/167)        
2021-05-24T17:36:56.8597324Z remote: Compressing objects:  79% (132/167)        
2021-05-24T17:36:56.8597885Z remote: Compressing objects:  80% (134/167)        
2021-05-24T17:36:56.8598765Z remote: Compressing objects:  81% (136/167)        
2021-05-24T17:36:56.8599357Z remote: Compressing objects:  82% (137/167)        
2021-05-24T17:36:56.8599925Z remote: Compressing objects:  83% (139/167)        
2021-05-24T17:36:56.8600476Z remote: Compressing objects:  84% (141/167)        
2021-05-24T17:36:56.8601034Z remote: Compressing objects:  85% (142/167)        
2021-05-24T17:36:56.8601589Z remote: Compressing objects:  86% (144/167)        
2021-05-24T17:36:56.8602156Z remote: Compressing objects:  87% (146/167)        
2021-05-24T17:36:56.8602719Z remote: Compressing objects:  88% (147/167)        
2021-05-24T17:36:56.8603267Z remote: Compressing objects:  89% (149/167)        
2021-05-24T17:36:56.8603935Z remote: Compressing objects:  90% (151/167)        
2021-05-24T17:36:56.8604509Z remote: Compressing objects:  91% (152/167)        
2021-05-24T17:36:56.8605073Z remote: Compressing objects:  92% (154/167)        
2021-05-24T17:36:56.8605624Z remote: Compressing objects:  93% (156/167)        
2021-05-24T17:36:56.8606185Z remote: Compressing objects:  94% (157/167)        
2021-05-24T17:36:56.8606744Z remote: Compressing objects:  95% (159/167)        
2021-05-24T17:36:56.8607289Z remote: Compressing objects:  96% (161/167)        
2021-05-24T17:36:56.8607852Z remote: Compressing objects:  97% (162/167)        
2021-05-24T17:36:56.8608409Z remote: Compressing objects:  98% (164/167)        
2021-05-24T17:36:56.8608968Z remote: Compressing objects:  99% (166/167)        
2021-05-24T17:36:56.8609524Z remote: Compressing objects: 100% (167/167)        
2021-05-24T17:36:56.8610095Z remote: Compressing objects: 100% (167/167), done.        
2021-05-24T17:36:56.8610633Z Receiving objects:   0% (1/295)
2021-05-24T17:36:56.8611112Z Receiving objects:   1% (3/295)
2021-05-24T17:36:56.8611592Z Receiving objects:   2% (6/295)
2021-05-24T17:36:56.8612068Z Receiving objects:   3% (9/295)
2021-05-24T17:36:56.8612535Z Receiving objects:   4% (12/295)
2021-05-24T17:36:56.8613022Z Receiving objects:   5% (15/295)
2021-05-24T17:36:56.8613487Z Receiving objects:   6% (18/295)
2021-05-24T17:36:56.8613966Z Receiving objects:   7% (21/295)
2021-05-24T17:36:56.8614444Z Receiving objects:   8% (24/295)
2021-05-24T17:36:56.8614914Z Receiving objects:   9% (27/295)
2021-05-24T17:36:56.8615399Z Receiving objects:  10% (30/295)
2021-05-24T17:36:56.8615871Z Receiving objects:  11% (33/295)
2021-05-24T17:36:56.8616434Z Receiving objects:  12% (36/295)
2021-05-24T17:36:56.8616922Z Receiving objects:  13% (39/295)
2021-05-24T17:36:56.8617400Z Receiving objects:  14% (42/295)
2021-05-24T17:36:56.8617876Z Receiving objects:  15% (45/295)
2021-05-24T17:36:56.8618342Z Receiving objects:  16% (48/295)
2021-05-24T17:36:56.8618826Z Receiving objects:  17% (51/295)
2021-05-24T17:36:56.8619303Z Receiving objects:  18% (54/295)
2021-05-24T17:36:56.8619773Z Receiving objects:  19% (57/295)
2021-05-24T17:36:56.8620257Z Receiving objects:  20% (59/295)
2021-05-24T17:36:56.8620725Z Receiving objects:  21% (62/295)
2021-05-24T17:36:56.8621202Z Receiving objects:  22% (65/295)
2021-05-24T17:36:56.8621681Z Receiving objects:  23% (68/295)
2021-05-24T17:36:56.8622144Z Receiving objects:  24% (71/295)
2021-05-24T17:36:56.8622622Z Receiving objects:  25% (74/295)
2021-05-24T17:36:56.8623087Z Receiving objects:  26% (77/295)
2021-05-24T17:36:56.8623563Z Receiving objects:  27% (80/295)
2021-05-24T17:36:56.8624048Z Receiving objects:  28% (83/295)
2021-05-24T17:36:56.8624512Z Receiving objects:  29% (86/295)
2021-05-24T17:36:56.8624989Z Receiving objects:  30% (89/295)
2021-05-24T17:36:56.8625490Z Receiving objects:  31% (92/295)
2021-05-24T17:36:56.8625973Z Receiving objects:  32% (95/295)
2021-05-24T17:36:56.8626453Z Receiving objects:  33% (98/295)
2021-05-24T17:36:56.8626925Z Receiving objects:  34% (101/295)
2021-05-24T17:36:56.8627413Z Receiving objects:  35% (104/295)
2021-05-24T17:36:56.8627879Z Receiving objects:  36% (107/295)
2021-05-24T17:36:56.8628362Z Receiving objects:  37% (110/295)
2021-05-24T17:36:56.8628846Z Receiving objects:  38% (113/295)
2021-05-24T17:36:56.8629310Z Receiving objects:  39% (116/295)
2021-05-24T17:36:56.8629792Z Receiving objects:  40% (118/295)
2021-05-24T17:36:56.8630261Z Receiving objects:  41% (121/295)
2021-05-24T17:36:56.8630744Z Receiving objects:  42% (124/295)
2021-05-24T17:36:56.8631236Z Receiving objects:  43% (127/295)
2021-05-24T17:36:56.8631698Z Receiving objects:  44% (130/295)
2021-05-24T17:36:56.8632187Z Receiving objects:  45% (133/295)
2021-05-24T17:36:56.8632649Z Receiving objects:  46% (136/295)
2021-05-24T17:36:56.8633163Z Receiving objects:  47% (139/295)
2021-05-24T17:36:56.8633648Z Receiving objects:  48% (142/295)
2021-05-24T17:36:56.8634113Z Receiving objects:  49% (145/295)
2021-05-24T17:36:56.8634681Z Receiving objects:  50% (148/295)
2021-05-24T17:36:56.8635152Z Receiving objects:  51% (151/295)
2021-05-24T17:36:56.8635628Z Receiving objects:  52% (154/295)
2021-05-24T17:36:56.8636107Z Receiving objects:  53% (157/295)
2021-05-24T17:36:56.8636567Z Receiving objects:  54% (160/295)
2021-05-24T17:36:56.8637045Z Receiving objects:  55% (163/295)
2021-05-24T17:36:56.8637510Z Receiving objects:  56% (166/295)
2021-05-24T17:36:56.8637987Z Receiving objects:  57% (169/295)
2021-05-24T17:36:56.8638605Z Receiving objects:  58% (172/295)
2021-05-24T17:36:56.8639258Z Receiving objects:  59% (175/295)
2021-05-24T17:36:56.8640128Z Receiving objects:  60% (177/295)
2021-05-24T17:36:56.8640852Z Receiving objects:  61% (180/295)
2021-05-24T17:36:56.8641585Z Receiving objects:  62% (183/295)
2021-05-24T17:36:56.8642305Z Receiving objects:  63% (186/295)
2021-05-24T17:36:56.8643037Z Receiving objects:  64% (189/295)
2021-05-24T17:36:56.8643766Z Receiving objects:  65% (192/295)
2021-05-24T17:36:56.8644472Z Receiving objects:  66% (195/295)
2021-05-24T17:36:56.8645197Z Receiving objects:  67% (198/295)
2021-05-24T17:36:56.8645903Z Receiving objects:  68% (201/295)
2021-05-24T17:36:56.8646652Z Receiving objects:  69% (204/295)
2021-05-24T17:36:56.8647369Z Receiving objects:  70% (207/295)
2021-05-24T17:36:56.8648084Z Receiving objects:  71% (210/295)
2021-05-24T17:36:56.8648798Z Receiving objects:  72% (213/295)
2021-05-24T17:36:56.8649503Z Receiving objects:  73% (216/295)
2021-05-24T17:36:56.8650237Z Receiving objects:  74% (219/295)
2021-05-24T17:36:56.8650946Z Receiving objects:  75% (222/295)
2021-05-24T17:36:56.8651677Z Receiving objects:  76% (225/295)
2021-05-24T17:36:56.8652459Z Receiving objects:  77% (228/295)
2021-05-24T17:36:56.8653078Z Receiving objects:  78% (231/295)
2021-05-24T17:36:56.8653810Z Receiving objects:  79% (234/295)
2021-05-24T17:36:56.8654549Z Receiving objects:  80% (236/295)
2021-05-24T17:36:56.8655272Z Receiving objects:  81% (239/295)
2021-05-24T17:36:56.8656133Z Receiving objects:  82% (242/295)
2021-05-24T17:36:56.8656767Z Receiving objects:  83% (245/295)
2021-05-24T17:36:56.8657591Z Receiving objects:  84% (248/295)
2021-05-24T17:36:56.8658284Z Receiving objects:  85% (251/295)
2021-05-24T17:36:56.8658998Z Receiving objects:  86% (254/295)
2021-05-24T17:36:56.8660351Z remote: Total 295 (delta 146), reused 228 (delta 99), pack-reused 0        
2021-05-24T17:36:56.8661998Z Receiving objects:  87% (257/295)
2021-05-24T17:36:56.8663258Z Receiving objects:  88% (260/295)
2021-05-24T17:36:56.8663734Z Receiving objects:  89% (263/295)
2021-05-24T17:36:56.8664135Z Receiving objects:  90% (266/295)
2021-05-24T17:36:56.8664639Z Receiving objects:  91% (269/295)
2021-05-24T17:36:56.8665058Z Receiving objects:  92% (272/295)
2021-05-24T17:36:56.8665437Z Receiving objects:  93% (275/295)
2021-05-24T17:36:56.8671222Z Receiving objects:  94% (278/295)
2021-05-24T17:36:56.8673623Z Receiving objects:  95% (281/295)
2021-05-24T17:36:56.8674019Z Receiving objects:  96% (284/295)
2021-05-24T17:36:56.8674426Z Receiving objects:  97% (287/295)
2021-05-24T17:36:56.8674819Z Receiving objects:  98% (290/295)
2021-05-24T17:36:56.8675196Z Receiving objects:  99% (293/295)
2021-05-24T17:36:56.8675581Z Receiving objects: 100% (295/295)
2021-05-24T17:36:56.8676011Z Receiving objects: 100% (295/295), 84.07 KiB | 6.00 MiB/s, done.
2021-05-24T17:36:56.8676447Z Resolving deltas:   0% (0/146)
2021-05-24T17:36:56.8676813Z Resolving deltas:   1% (2/146)
2021-05-24T17:36:56.8677187Z Resolving deltas:   2% (3/146)
2021-05-24T17:36:56.8677548Z Resolving deltas:   3% (5/146)
2021-05-24T17:36:56.8677920Z Resolving deltas:   4% (6/146)
2021-05-24T17:36:56.8678377Z Resolving deltas:   5% (8/146)
2021-05-24T17:36:56.8678904Z Resolving deltas:   6% (9/146)
2021-05-24T17:36:56.8679318Z Resolving deltas:   7% (11/146)
2021-05-24T17:36:56.8679687Z Resolving deltas:   8% (12/146)
2021-05-24T17:36:56.8680062Z Resolving deltas:   9% (14/146)
2021-05-24T17:36:56.8680429Z Resolving deltas:  10% (15/146)
2021-05-24T17:36:56.8680913Z Resolving deltas:  11% (17/146)
2021-05-24T17:36:56.8681279Z Resolving deltas:  12% (18/146)
2021-05-24T17:36:56.8681656Z Resolving deltas:  13% (19/146)
2021-05-24T17:36:56.8682024Z Resolving deltas:  14% (21/146)
2021-05-24T17:36:56.8682401Z Resolving deltas:  15% (22/146)
2021-05-24T17:36:56.8682766Z Resolving deltas:  16% (24/146)
2021-05-24T17:36:56.8683139Z Resolving deltas:  17% (25/146)
2021-05-24T17:36:56.8683511Z Resolving deltas:  18% (27/146)
2021-05-24T17:36:56.8683875Z Resolving deltas:  19% (28/146)
2021-05-24T17:36:56.8684250Z Resolving deltas:  20% (30/146)
2021-05-24T17:36:56.8684614Z Resolving deltas:  21% (31/146)
2021-05-24T17:36:56.8684989Z Resolving deltas:  22% (33/146)
2021-05-24T17:36:56.8685358Z Resolving deltas:  23% (34/146)
2021-05-24T17:36:56.8685733Z Resolving deltas:  24% (36/146)
2021-05-24T17:36:56.8686140Z Resolving deltas:  25% (37/146)
2021-05-24T17:36:56.8686513Z Resolving deltas:  26% (38/146)
2021-05-24T17:36:56.8686874Z Resolving deltas:  27% (40/146)
2021-05-24T17:36:56.8687248Z Resolving deltas:  28% (41/146)
2021-05-24T17:36:56.8687610Z Resolving deltas:  29% (43/146)
2021-05-24T17:36:56.8687983Z Resolving deltas:  30% (44/146)
2021-05-24T17:36:56.8688358Z Resolving deltas:  31% (46/146)
2021-05-24T17:36:56.8688716Z Resolving deltas:  32% (47/146)
2021-05-24T17:36:56.8689086Z Resolving deltas:  33% (49/146)
2021-05-24T17:36:56.8689447Z Resolving deltas:  34% (50/146)
2021-05-24T17:36:56.8689821Z Resolving deltas:  35% (52/146)
2021-05-24T17:36:56.8690184Z Resolving deltas:  36% (53/146)
2021-05-24T17:36:56.8690557Z Resolving deltas:  37% (55/146)
2021-05-24T17:36:56.8690920Z Resolving deltas:  38% (56/146)
2021-05-24T17:36:56.8691368Z Resolving deltas:  39% (57/146)
2021-05-24T17:36:56.8691733Z Resolving deltas:  40% (59/146)
2021-05-24T17:36:56.8692106Z Resolving deltas:  41% (60/146)
2021-05-24T17:36:56.8692483Z Resolving deltas:  42% (62/146)
2021-05-24T17:36:56.8692843Z Resolving deltas:  43% (63/146)
2021-05-24T17:36:56.8693213Z Resolving deltas:  44% (65/146)
2021-05-24T17:36:56.8693577Z Resolving deltas:  45% (66/146)
2021-05-24T17:36:56.8693947Z Resolving deltas:  46% (68/146)
2021-05-24T17:36:56.8694308Z Resolving deltas:  47% (69/146)
2021-05-24T17:36:56.8694681Z Resolving deltas:  48% (71/146)
2021-05-24T17:36:56.8695046Z Resolving deltas:  49% (72/146)
2021-05-24T17:36:56.8695422Z Resolving deltas:  50% (73/146)
2021-05-24T17:36:56.8695785Z Resolving deltas:  51% (75/146)
2021-05-24T17:36:56.8696158Z Resolving deltas:  52% (76/146)
2021-05-24T17:36:56.8696519Z Resolving deltas:  53% (78/146)
2021-05-24T17:36:56.8696891Z Resolving deltas:  54% (79/146)
2021-05-24T17:36:56.8697262Z Resolving deltas:  55% (81/146)
2021-05-24T17:36:56.8697628Z Resolving deltas:  56% (82/146)
2021-05-24T17:36:56.8698003Z Resolving deltas:  57% (84/146)
2021-05-24T17:36:56.8698364Z Resolving deltas:  58% (85/146)
2021-05-24T17:36:56.8698736Z Resolving deltas:  59% (87/146)
2021-05-24T17:36:56.8699096Z Resolving deltas:  60% (88/146)
2021-05-24T17:36:56.8699468Z Resolving deltas:  61% (90/146)
2021-05-24T17:36:56.8699836Z Resolving deltas:  62% (91/146)
2021-05-24T17:36:56.8700209Z Resolving deltas:  63% (92/146)
2021-05-24T17:36:56.8700572Z Resolving deltas:  64% (94/146)
2021-05-24T17:36:56.8700946Z Resolving deltas:  65% (95/146)
2021-05-24T17:36:56.8701309Z Resolving deltas:  66% (97/146)
2021-05-24T17:36:56.8701685Z Resolving deltas:  67% (98/146)
2021-05-24T17:36:56.8702063Z Resolving deltas:  68% (100/146)
2021-05-24T17:36:56.8702434Z Resolving deltas:  69% (101/146)
2021-05-24T17:36:56.8702812Z Resolving deltas:  70% (103/146)
2021-05-24T17:36:56.8703183Z Resolving deltas:  71% (104/146)
2021-05-24T17:36:56.8703561Z Resolving deltas:  72% (106/146)
2021-05-24T17:36:56.8703930Z Resolving deltas:  73% (107/146)
2021-05-24T17:36:56.8704311Z Resolving deltas:  75% (110/146)
2021-05-24T17:36:56.8704681Z Resolving deltas:  76% (111/146)
2021-05-24T17:36:56.8705059Z Resolving deltas:  77% (113/146)
2021-05-24T17:36:56.8705426Z Resolving deltas:  78% (114/146)
2021-05-24T17:36:56.8705875Z Resolving deltas:  79% (116/146)
2021-05-24T17:36:56.8706259Z Resolving deltas:  80% (117/146)
2021-05-24T17:36:56.8706624Z Resolving deltas:  81% (119/146)
2021-05-24T17:36:56.8707007Z Resolving deltas:  82% (120/146)
2021-05-24T17:36:56.8707379Z Resolving deltas:  83% (122/146)
2021-05-24T17:36:56.8707761Z Resolving deltas:  84% (123/146)
2021-05-24T17:36:56.8708127Z Resolving deltas:  85% (125/146)
2021-05-24T17:36:56.8708504Z Resolving deltas:  86% (126/146)
2021-05-24T17:36:56.8708988Z Resolving deltas:  87% (128/146)
2021-05-24T17:36:56.8709542Z Resolving deltas:  88% (129/146)
2021-05-24T17:36:56.8710031Z Resolving deltas:  89% (130/146)
2021-05-24T17:36:56.8710414Z Resolving deltas:  90% (132/146)
2021-05-24T17:36:56.8710789Z Resolving deltas:  91% (133/146)
2021-05-24T17:36:56.8711166Z Resolving deltas:  92% (135/146)
2021-05-24T17:36:56.8711544Z Resolving deltas:  93% (136/146)
2021-05-24T17:36:56.8711912Z Resolving deltas:  94% (138/146)
2021-05-24T17:36:56.8712289Z Resolving deltas:  95% (139/146)
2021-05-24T17:36:56.8712658Z Resolving deltas:  96% (141/146)
2021-05-24T17:36:56.8713034Z Resolving deltas:  97% (142/146)
2021-05-24T17:36:56.8713402Z Resolving deltas:  98% (144/146)
2021-05-24T17:36:56.8713779Z Resolving deltas:  99% (145/146)
2021-05-24T17:36:56.8714143Z Resolving deltas: 100% (146/146)
2021-05-24T17:36:56.8714541Z Resolving deltas: 100% (146/146), done.
2021-05-24T17:36:56.8715009Z From https://github.com/con/tinuous
2021-05-24T17:36:56.8715978Z  * [new branch]      gh-54         -> origin/gh-54
2021-05-24T17:36:56.8716562Z  * [new branch]      master        -> origin/master
2021-05-24T17:36:56.8717214Z  * [new branch]      test-appveyor -> origin/test-appveyor
2021-05-24T17:36:56.8717889Z  * [new tag]         0.1.0         -> 0.1.0
2021-05-24T17:36:56.8718351Z  * [new tag]         0.2.0         -> 0.2.0
2021-05-24T17:36:56.8760624Z [command]/usr/bin/git branch --list --remote origin/gh-54
2021-05-24T17:36:56.8761293Z   origin/gh-54
2021-05-24T17:36:56.8761962Z [command]/usr/bin/git rev-parse refs/remotes/origin/gh-54
2021-05-24T17:36:56.8762675Z 171b951bb5a46a92dfe68fead6202b5339a9f37c
2021-05-24T17:36:56.8763389Z ##[endgroup]
2021-05-24T17:36:56.8763825Z ##[group]Determining the checkout info
2021-05-24T17:36:56.8764224Z ##[endgroup]
2021-05-24T17:36:56.8764594Z ##[group]Checking out the ref
2021-05-24T17:36:56.8765321Z [command]/usr/bin/git checkout --progress --force -B gh-54 refs/remotes/origin/gh-54
2021-05-24T17:36:56.8766013Z Switched to a new branch 'gh-54'
2021-05-24T17:36:56.8766641Z Branch 'gh-54' set up to track remote branch 'gh-54' from 'origin'.
2021-05-24T17:36:56.8767100Z ##[endgroup]
2021-05-24T17:36:56.8767588Z [command]/usr/bin/git log -1 --format='%H'
2021-05-24T17:36:56.8768268Z '171b951bb5a46a92dfe68fead6202b5339a9f37c'
2021-05-24T17:36:56.8834746Z ##[group]Run actions/setup-python@v2
2021-05-24T17:36:56.8835139Z with:
2021-05-24T17:36:56.8835529Z   python-version: 3.8
2021-05-24T17:36:56.8836267Z   token: ***
2021-05-24T17:36:56.8836577Z ##[endgroup]
2021-05-24T17:36:56.9325401Z Successfully setup CPython (3.8.10)
2021-05-24T17:36:56.9403434Z ##[group]Run python -m pip install --upgrade pip wheel
2021-05-24T17:36:56.9404129Z [36;1mpython -m pip install --upgrade pip wheel[0m
2021-05-24T17:36:56.9404757Z [36;1mpython -m pip install --upgrade --upgrade-strategy=eager tox[0m
2021-05-24T17:36:56.9447614Z shell: /usr/bin/bash -e {0}
2021-05-24T17:36:56.9448006Z env:
2021-05-24T17:36:56.9448549Z   pythonLocation: /opt/hostedtoolcache/Python/3.8.10/x64
2021-05-24T17:36:56.9449185Z   LD_LIBRARY_PATH: /opt/hostedtoolcache/Python/3.8.10/x64/lib
2021-05-24T17:36:56.9449703Z ##[endgroup]
2021-05-24T17:36:57.3721538Z Requirement already satisfied: pip in /opt/hostedtoolcache/Python/3.8.10/x64/lib/python3.8/site-packages (21.1.1)
2021-05-24T17:36:57.4961620Z Collecting pip
2021-05-24T17:36:57.5401395Z   Downloading pip-21.1.2-py3-none-any.whl (1.5 MB)
2021-05-24T17:36:57.6546472Z Collecting wheel
2021-05-24T17:36:57.6629219Z   Downloading wheel-0.36.2-py2.py3-none-any.whl (35 kB)
2021-05-24T17:36:57.7143764Z Installing collected packages: wheel, pip
2021-05-24T17:36:57.7401281Z   Attempting uninstall: pip
2021-05-24T17:36:57.7403752Z     Found existing installation: pip 21.1.1
2021-05-24T17:36:57.8661925Z     Uninstalling pip-21.1.1:
2021-05-24T17:36:57.8724739Z       Successfully uninstalled pip-21.1.1
2021-05-24T17:36:58.7114691Z Successfully installed pip-21.1.2 wheel-0.36.2
2021-05-24T17:36:59.7023049Z Collecting tox
2021-05-24T17:36:59.7024916Z   Downloading tox-3.23.1-py2.py3-none-any.whl (85 kB)
2021-05-24T17:36:59.7025716Z Collecting py>=1.4.17
2021-05-24T17:36:59.7026578Z   Downloading py-1.10.0-py2.py3-none-any.whl (97 kB)
2021-05-24T17:36:59.7027318Z Collecting six>=1.14.0
2021-05-24T17:36:59.7028166Z   Downloading six-1.16.0-py2.py3-none-any.whl (11 kB)
2021-05-24T17:36:59.7028870Z Collecting pluggy>=0.12.0
2021-05-24T17:36:59.7029819Z   Downloading pluggy-0.13.1-py2.py3-none-any.whl (18 kB)
2021-05-24T17:36:59.7030575Z Collecting toml>=0.9.4
2021-05-24T17:36:59.7132650Z   Downloading toml-0.10.2-py2.py3-none-any.whl (16 kB)
2021-05-24T17:36:59.7133660Z Collecting filelock>=3.0.0
2021-05-24T17:36:59.7134816Z   Downloading filelock-3.0.12-py3-none-any.whl (7.6 kB)
2021-05-24T17:36:59.7135410Z Collecting packaging>=14
2021-05-24T17:36:59.7136172Z   Downloading packaging-20.9-py2.py3-none-any.whl (40 kB)
2021-05-24T17:36:59.8285010Z Collecting virtualenv!=20.0.0,!=20.0.1,!=20.0.2,!=20.0.3,!=20.0.4,!=20.0.5,!=20.0.6,!=20.0.7,>=16.0.0
2021-05-24T17:36:59.8451802Z   Downloading virtualenv-20.4.6-py2.py3-none-any.whl (7.2 MB)
2021-05-24T17:37:00.1730079Z Collecting pyparsing>=2.0.2
2021-05-24T17:37:00.1827329Z   Downloading pyparsing-2.4.7-py2.py3-none-any.whl (67 kB)
2021-05-24T17:37:00.2437559Z Collecting distlib<1,>=0.3.1
2021-05-24T17:37:00.2513634Z   Downloading distlib-0.3.1-py2.py3-none-any.whl (335 kB)
2021-05-24T17:37:00.2968529Z Collecting appdirs<2,>=1.4.3
2021-05-24T17:37:00.3056769Z   Downloading appdirs-1.4.4-py2.py3-none-any.whl (9.6 kB)
2021-05-24T17:37:00.3924424Z Installing collected packages: six, pyparsing, filelock, distlib, appdirs, virtualenv, toml, py, pluggy, packaging, tox
2021-05-24T17:37:00.8500115Z Successfully installed appdirs-1.4.4 distlib-0.3.1 filelock-3.0.12 packaging-20.9 pluggy-0.13.1 py-1.10.0 pyparsing-2.4.7 six-1.16.0 toml-0.10.2 tox-3.23.1 virtualenv-20.4.6
2021-05-24T17:37:00.9378230Z ##[group]Run tox -e py -- --cov-report=xml
2021-05-24T17:37:00.9378803Z [36;1mtox -e py -- --cov-report=xml[0m
2021-05-24T17:37:00.9414288Z shell: /usr/bin/bash -e {0}
2021-05-24T17:37:00.9414615Z env:
2021-05-24T17:37:00.9415082Z   pythonLocation: /opt/hostedtoolcache/Python/3.8.10/x64
2021-05-24T17:37:00.9415700Z   LD_LIBRARY_PATH: /opt/hostedtoolcache/Python/3.8.10/x64/lib
2021-05-24T17:37:00.9416168Z ##[endgroup]
2021-05-24T17:37:01.1221620Z .package create: /home/runner/work/tinuous/tinuous/.tox/.package
2021-05-24T17:37:01.7073043Z .package installdeps: setuptools >= 46.4.0, wheel ~= 0.32
2021-05-24T17:37:05.3981287Z py create: /home/runner/work/tinuous/tinuous/.tox/py
2021-05-24T17:37:05.7388762Z py installdeps: pytest~=6.0, pytest-cov~=2.0
2021-05-24T17:37:08.6321502Z py inst: /home/runner/work/tinuous/tinuous/.tox/.tmp/package/1/tinuous-0.2.0+5.g171b951.tar.gz
2021-05-24T17:37:28.5132157Z py installed: annexremote==1.5.0,appdirs==1.4.4,attrs==21.2.0,boto==2.49.0,certifi==2020.12.5,cffi==1.14.5,chardet==4.0.0,click==7.1.2,click-loglevel==0.3.0,coverage==5.5,cryptography==3.4.7,datalad==0.14.4,Deprecated==1.2.12,distro==1.5.0,fasteners==0.16,future==0.18.2,humanize==3.5.0,idna==2.10,importlib-metadata==4.0.1,in-place==0.5.0,iniconfig==1.1.1,iso8601==0.1.14,jeepney==0.6.0,jsmin==2.2.2,keyring==23.0.1,keyrings.alt==4.0.2,msgpack==1.0.2,packaging==20.9,patool==1.12,pluggy==0.13.1,py==1.10.0,pycparser==2.20,pydantic==1.8.2,PyGithub==1.55,PyJWT==2.1.0,PyNaCl==1.4.0,pyparsing==2.4.7,pytest==6.2.4,pytest-cov==2.12.0,python-dateutil==2.8.1,PyYAML==5.4.1,requests==2.25.1,SecretStorage==3.3.1,simplejson==3.17.2,six==1.16.0,tinuous @ file:///home/runner/work/tinuous/tinuous/.tox/.tmp/package/1/tinuous-0.2.0%2B5.g171b951.tar.gz,toml==0.10.2,tqdm==4.60.0,typing-extensions==3.10.0.0,urllib3==1.26.4,Whoosh==2.7.4,wrapt==1.12.1,zipp==3.4.1
2021-05-24T17:37:28.5149127Z py run-test-pre: PYTHONHASHSEED='1340449555'
2021-05-24T17:37:28.5149975Z py run-test: commands[0] | tinuous --help
2021-05-24T17:37:28.6115334Z It is highly recommended to configure Git before using DataLad. Set both 'user.name' and 'user.email' configuration variables.
2021-05-24T17:37:28.6138810Z It is highly recommended to configure Git before using DataLad. Set both 'user.name' and 'user.email' configuration variables.
2021-05-24T17:37:29.1620923Z Usage: tinuous [OPTIONS] COMMAND [ARGS]...
2021-05-24T17:37:29.1622035Z 
2021-05-24T17:37:29.1623059Z   Download build logs from GitHub Actions, Travis, and Appveyor
2021-05-24T17:37:29.1639257Z 
2021-05-24T17:37:29.1640398Z Options:
2021-05-24T17:37:29.1642196Z   -c, --config FILE               Read configuration from the given file
2021-05-24T17:37:29.1643149Z                                   [default: config.yml]
2021-05-24T17:37:29.1643744Z 
2021-05-24T17:37:29.1644667Z   -l, --log-level [NOTSET|DEBUG|INFO|WARNING|ERROR|CRITICAL]
2021-05-24T17:37:29.1645524Z                                   Set logging level  [default: INFO]
2021-05-24T17:37:29.1646572Z   --help                          Show this message and exit.
2021-05-24T17:37:29.1647105Z 
2021-05-24T17:37:29.1647610Z Commands:
2021-05-24T17:37:29.1648221Z   fetch     Download logs
2021-05-24T17:37:29.1648884Z   sanitize  Sanitize secrets in logs
2021-05-24T17:37:29.2333284Z py run-test: commands[1] | pytest --cov-report=xml test
2021-05-24T17:37:29.5948188Z ============================= test session starts ==============================
2021-05-24T17:37:29.5949647Z platform linux -- Python 3.8.10, pytest-6.2.4, py-1.10.0, pluggy-0.13.1
2021-05-24T17:37:29.5950361Z cachedir: .tox/py/.pytest_cache
2021-05-24T17:37:29.5951042Z rootdir: /home/runner/work/tinuous/tinuous, configfile: tox.ini
2021-05-24T17:37:29.5951855Z plugins: cov-2.12.0
2021-05-24T17:37:29.5952297Z collected 1 item
2021-05-24T17:37:29.5952612Z 
2021-05-24T17:37:29.7208334Z test/test_util.py .                                                      [100%]
2021-05-24T17:37:29.7208749Z 
2021-05-24T17:37:29.7210259Z ---------- coverage: platform linux, python 3.8.10-final-0 -----------
2021-05-24T17:37:29.7211034Z Coverage XML written to file coverage.xml
2021-05-24T17:37:29.7211449Z 
2021-05-24T17:37:29.7211666Z 
2021-05-24T17:37:29.7212091Z ============================== 1 passed in 0.15s ===============================
2021-05-24T17:37:29.7572816Z ___________________________________ summary ____________________________________
2021-05-24T17:37:29.7573387Z   py: commands succeeded
2021-05-24T17:37:29.7573855Z   congratulations :)
2021-05-24T17:37:29.7907172Z ##[group]Run codecov/codecov-action@v1
2021-05-24T17:37:29.7907654Z with:
2021-05-24T17:37:29.7908004Z   fail_ci_if_error: false
2021-05-24T17:37:29.7908368Z env:
2021-05-24T17:37:29.7908889Z   pythonLocation: /opt/hostedtoolcache/Python/3.8.10/x64
2021-05-24T17:37:29.7909597Z   LD_LIBRARY_PATH: /opt/hostedtoolcache/Python/3.8.10/x64/lib
2021-05-24T17:37:29.7910109Z ##[endgroup]
2021-05-24T17:37:29.8432905Z [command]/usr/bin/bash codecov.sh -n  -F  -Q github-action
2021-05-24T17:37:29.8521661Z 
2021-05-24T17:37:29.8522764Z   _____          _
2021-05-24T17:37:29.8523280Z  / ____|        | |
2021-05-24T17:37:29.8523906Z | |     ___   __| | ___  ___ _____   __
2021-05-24T17:37:29.8524446Z | |    / _ \ / _` |/ _ \/ __/ _ \ \ / /
2021-05-24T17:37:29.8524953Z | |___| (_) | (_| |  __/ (_| (_) \ V /
2021-05-24T17:37:29.8525479Z  \_____\___/ \__,_|\___|\___\___/ \_/
2021-05-24T17:37:29.8526612Z                               Bash-1.0.2
2021-05-24T17:37:29.8527059Z 
2021-05-24T17:37:29.8527556Z 
2021-05-24T17:37:29.8536056Z [0;36m==>[0m git version 2.31.1 found
2021-05-24T17:37:29.8638056Z [0;36m==>[0m curl 7.68.0 (x86_64-pc-linux-gnu) libcurl/7.68.0 OpenSSL/1.1.1f zlib/1.2.11 brotli/1.0.7 libidn2/2.2.0 libpsl/0.21.0 (+libidn2/2.2.0) libssh/0.9.3/openssl/zlib nghttp2/1.40.0 librtmp/2.3
2021-05-24T17:37:29.8639528Z Release-Date: 2020-01-08
2021-05-24T17:37:29.8640323Z Protocols: dict file ftp ftps gopher http https imap imaps ldap ldaps pop3 pop3s rtmp rtsp scp sftp smb smbs smtp smtps telnet tftp 
2021-05-24T17:37:29.8641716Z Features: AsynchDNS brotli GSS-API HTTP2 HTTPS-proxy IDN IPv6 Kerberos Largefile libz NTLM NTLM_WB PSL SPNEGO SSL TLS-SRP UnixSockets
2021-05-24T17:37:29.8642712Z [0;90m==>[0m GitHub Actions detected.
2021-05-24T17:37:29.8643130Z     Env vars used:
2021-05-24T17:37:29.8643660Z       -> GITHUB_ACTIONS:    true
2021-05-24T17:37:29.8644177Z       -> GITHUB_HEAD_REF:   
2021-05-24T17:37:29.8644750Z       -> GITHUB_REF:        refs/heads/gh-54
2021-05-24T17:37:29.8645367Z       -> GITHUB_REPOSITORY: con/tinuous
2021-05-24T17:37:29.8645950Z       -> GITHUB_RUN_ID:     872189340
2021-05-24T17:37:29.8646729Z       -> GITHUB_SHA:        171b951bb5a46a92dfe68fead6202b5339a9f37c
2021-05-24T17:37:29.8647470Z       -> GITHUB_WORKFLOW:   Test
2021-05-24T17:37:29.8843556Z     [0;90mproject root:[0m .
2021-05-24T17:37:29.8907805Z     [0;32mYaml not found, that's ok! Learn more at[0m [0;36mhttp://docs.codecov.io/docs/codecov-yaml[0m
2021-05-24T17:37:29.9190024Z [0;90m==>[0m Running gcov in . [0;90m(disable via -X gcov)[0m
2021-05-24T17:37:29.9388792Z [0;90m==>[0m Searching for coverage reports in:
2021-05-24T17:37:29.9390025Z     [0;32m+[0m .
2021-05-24T17:37:29.9458793Z     [0;90m->[0m Found 1 reports
2021-05-24T17:37:29.9459887Z [0;90m==>[0m Detecting git/mercurial file structure
2021-05-24T17:37:29.9528050Z [0;90m==>[0m Reading reports
2021-05-24T17:37:29.9584830Z     [0;32m+[0m ./coverage.xml [0;90mbytes=30911[0m
2021-05-24T17:37:29.9614261Z [0;90m==>[0m Appending adjustments
2021-05-24T17:37:29.9615409Z     [0;36mhttps://docs.codecov.io/docs/fixing-reports[0m
2021-05-24T17:37:29.9702697Z     [0;90m->[0m No adjustments found
2021-05-24T17:37:29.9705597Z [0;90m==>[0m Gzipping contents
2021-05-24T17:37:29.9791343Z         4.0K	/tmp/codecov.kxOcO1.gz
2021-05-24T17:37:29.9810671Z [0;90m==>[0m Uploading reports
2021-05-24T17:37:29.9880114Z     [0;90murl:[0m https://codecov.io
2021-05-24T17:37:29.9881963Z     [0;90mquery:[0m branch=gh-54&commit=171b951bb5a46a92dfe68fead6202b5339a9f37c&build=872189340&build_url=http%3A%2F%2Fgithub.com%2Fcon%2Ftinuous%2Factions%2Fruns%2F872189340&name=&tag=&slug=con%2Ftinuous&service=github-actions&flags=&pr=&job=Test&cmd_args=n,F,Q
2021-05-24T17:37:29.9914443Z [0;90m->[0m  Pinging Codecov
2021-05-24T17:37:29.9916893Z https://codecov.io/upload/v4?package=github-action-1.0.2&token=secret&branch=gh-54&commit=171b951bb5a46a92dfe68fead6202b5339a9f37c&build=872189340&build_url=http%3A%2F%2Fgithub.com%2Fcon%2Ftinuous%2Factions%2Fruns%2F872189340&name=&tag=&slug=con%2Ftinuous&service=github-actions&flags=&pr=&job=Test&cmd_args=n,F,Q
2021-05-24T17:37:30.4610353Z [0;90m->[0m  Uploading to
2021-05-24T17:37:30.4614345Z https://storage.googleapis.com/codecov/v4/raw/2021-05-24/0010CBA6D851417C00BB0BC3FC5895F9/171b951bb5a46a92dfe68fead6202b5339a9f37c/d762da7d-a487-4656-8f89-f0eff0c21f99.txt?X-Amz-Algorithm=AWS4-HMAC-SHA256&X-Amz-Credential=GOOG1EQM3VGPYSAFECJRMNAFIPCV2R3P2BOORCJC7NM537NPJQSFLHUDNIDWA%2F20210524%2FUS%2Fs3%2Faws4_request&X-Amz-Date=20210524T173730Z&X-Amz-Expires=10&X-Amz-SignedHeaders=host&X-Amz-Signature=0bda425355c9edb72f9c9f0d329164eabb8c1cf9ea98cd4c8a206733c8734aa3
2021-05-24T17:37:30.4741737Z   % Total    % Received % Xferd  Average Speed   Time    Time     Time  Current
2021-05-24T17:37:30.4762894Z                                  Dload  Upload   Total   Spent    Left  Speed
2021-05-24T17:37:30.4763502Z 
2021-05-24T17:37:30.6516026Z   0     0    0     0    0     0      0      0 --:--:-- --:--:-- --:--:--     0
2021-05-24T17:37:30.6516799Z 100  3182    0     0  100  3182      0  17677 --:--:-- --:--:-- --:--:-- 17677
2021-05-24T17:37:30.6565477Z     [0;32m->[0m Reports have been successfully queued for processing at [0;36mhttps://codecov.io/github/con/tinuous/commit/171b951bb5a46a92dfe68fead6202b5339a9f37c[0m
2021-05-24T17:37:30.6768475Z Post job cleanup.
2021-05-24T17:37:30.7642489Z [command]/usr/bin/git version
2021-05-24T17:37:30.7697731Z git version 2.31.1
2021-05-24T17:37:30.7731898Z [command]/usr/bin/git config --local --name-only --get-regexp core\.sshCommand
2021-05-24T17:37:30.7782644Z [command]/usr/bin/git submodule foreach --recursive git config --local --name-only --get-regexp 'core\.sshCommand' && git config --local --unset-all 'core.sshCommand' || :
2021-05-24T17:37:30.8026817Z [command]/usr/bin/git config --local --name-only --get-regexp http\.https\:\/\/github\.com\/\.extraheader
2021-05-24T17:37:30.8058490Z http.https://github.com/.extraheader
2021-05-24T17:37:30.8079946Z [command]/usr/bin/git config --local --unset-all http.https://github.com/.extraheader
2021-05-24T17:37:30.8122766Z [command]/usr/bin/git submodule foreach --recursive git config --local --name-only --get-regexp 'http\.https\:\/\/github\.com\/\.extraheader' && git config --local --unset-all 'http.https://github.com/.extraheader' || :
2021-05-24T17:37:30.8470918Z Cleaning up orphan processes
