2021-02-23T14:50:57.4443341Z ##[section]Starting: Request a runner to run this job
2021-02-23T14:50:58.2365383Z Can't find any online and idle self-hosted runner in current repository that matches the required labels: 'ubuntu-latest'
2021-02-23T14:50:58.2365480Z Can't find any online and idle self-hosted runner in current repository's account/organization that matches the required labels: 'ubuntu-latest'
2021-02-23T14:50:58.2365847Z Found online and idle hosted runner in current repository's account/organization that matches the required labels: 'ubuntu-latest'
2021-02-23T14:50:58.3761393Z ##[section]Finishing: Request a runner to run this job
2021-02-23T14:51:07.6207789Z Current runner version: '2.277.1'
2021-02-23T14:51:07.6238726Z ##[group]Operating System
2021-02-23T14:51:07.6239740Z Ubuntu
2021-02-23T14:51:07.6240181Z 20.04.2
2021-02-23T14:51:07.6240646Z LTS
2021-02-23T14:51:07.6241097Z ##[endgroup]
2021-02-23T14:51:07.6241691Z ##[group]Virtual Environment
2021-02-23T14:51:07.6242363Z Environment: ubuntu-20.04
2021-02-23T14:51:07.6242978Z Version: 20210219.1
2021-02-23T14:51:07.6243993Z Included Software: https://github.com/actions/virtual-environments/blob/ubuntu20/20210219.1/images/linux/Ubuntu2004-README.md
2021-02-23T14:51:07.6245000Z ##[endgroup]
2021-02-23T14:51:07.6247362Z ##[group]GITHUB_TOKEN Permissions
2021-02-23T14:51:07.6248861Z Actions: write
2021-02-23T14:51:07.6249372Z Checks: write
2021-02-23T14:51:07.6249936Z Contents: write
2021-02-23T14:51:07.6250460Z Deployments: write
2021-02-23T14:51:07.6250974Z Issues: write
2021-02-23T14:51:07.6251573Z Metadata: read
2021-02-23T14:51:07.6252184Z OrganizationPackages: write
2021-02-23T14:51:07.6252932Z Packages: write
2021-02-23T14:51:07.6253550Z PullRequests: write
2021-02-23T14:51:07.6254189Z RepositoryProjects: write
2021-02-23T14:51:07.6254902Z SecurityEvents: write
2021-02-23T14:51:07.6255453Z Statuses: write
2021-02-23T14:51:07.6256144Z ##[endgroup]
2021-02-23T14:51:07.6259683Z Prepare workflow directory
2021-02-23T14:51:07.7103876Z Prepare all required actions
2021-02-23T14:51:07.7115980Z Getting action download info
2021-02-23T14:51:07.9711544Z Download action repository 'actions/checkout@v2'
2021-02-23T14:51:10.0779255Z Download action repository 'actions/setup-python@v2'
2021-02-23T14:51:10.4008123Z ##[group]Run actions/checkout@v2
2021-02-23T14:51:10.4008885Z with:
2021-02-23T14:51:10.4009366Z   repository: con/tinuous
2021-02-23T14:51:10.4010277Z   token: ***
2021-02-23T14:51:10.4010740Z   ssh-strict: true
2021-02-23T14:51:10.4011322Z   persist-credentials: true
2021-02-23T14:51:10.4011934Z   clean: true
2021-02-23T14:51:10.4012391Z   fetch-depth: 1
2021-02-23T14:51:10.4012860Z   lfs: false
2021-02-23T14:51:10.4013338Z   submodules: false
2021-02-23T14:51:10.4013819Z ##[endgroup]
2021-02-23T14:51:10.8231786Z Syncing repository: con/tinuous
2021-02-23T14:51:10.8233093Z ##[group]Getting Git version info
2021-02-23T14:51:10.8234590Z Working directory is '/home/runner/work/tinuous/tinuous'
2021-02-23T14:51:10.8238561Z [command]/usr/bin/git version
2021-02-23T14:51:10.8398085Z git version 2.30.0
2021-02-23T14:51:10.8424821Z ##[endgroup]
2021-02-23T14:51:10.8432911Z Deleting the contents of '/home/runner/work/tinuous/tinuous'
2021-02-23T14:51:10.8438342Z ##[group]Initializing the repository
2021-02-23T14:51:10.8442305Z [command]/usr/bin/git init /home/runner/work/tinuous/tinuous
2021-02-23T14:51:10.8517310Z hint: Using 'master' as the name for the initial branch. This default branch name
2021-02-23T14:51:10.8518609Z hint: is subject to change. To configure the initial branch name to use in all
2021-02-23T14:51:10.8519728Z hint: of your new repositories, which will suppress this warning, call:
2021-02-23T14:51:10.8520610Z hint: 
2021-02-23T14:51:10.8521692Z hint: 	git config --global init.defaultBranch <name>
2021-02-23T14:51:10.8522554Z hint: 
2021-02-23T14:51:10.8523622Z hint: Names commonly chosen instead of 'master' are 'main', 'trunk' and
2021-02-23T14:51:10.8525003Z hint: 'development'. The just-created branch can be renamed via this command:
2021-02-23T14:51:10.8525921Z hint: 
2021-02-23T14:51:10.8526769Z hint: 	git branch -m <name>
2021-02-23T14:51:10.8547939Z Initialized empty Git repository in /home/runner/work/tinuous/tinuous/.git/
2021-02-23T14:51:10.8560045Z [command]/usr/bin/git remote add origin https://github.com/con/tinuous
2021-02-23T14:51:10.8614077Z ##[endgroup]
2021-02-23T14:51:10.8615852Z ##[group]Disabling automatic garbage collection
2021-02-23T14:51:10.8619547Z [command]/usr/bin/git config --local gc.auto 0
2021-02-23T14:51:10.8659133Z ##[endgroup]
2021-02-23T14:51:10.8665809Z ##[group]Setting up auth
2021-02-23T14:51:10.8673482Z [command]/usr/bin/git config --local --name-only --get-regexp core\.sshCommand
2021-02-23T14:51:10.8711737Z [command]/usr/bin/git submodule foreach --recursive git config --local --name-only --get-regexp 'core\.sshCommand' && git config --local --unset-all 'core.sshCommand' || :
2021-02-23T14:51:10.9292315Z [command]/usr/bin/git config --local --name-only --get-regexp http\.https\:\/\/github\.com\/\.extraheader
2021-02-23T14:51:10.9329135Z [command]/usr/bin/git submodule foreach --recursive git config --local --name-only --get-regexp 'http\.https\:\/\/github\.com\/\.extraheader' && git config --local --unset-all 'http.https://github.com/.extraheader' || :
2021-02-23T14:51:10.9566579Z [command]/usr/bin/git config --local http.https://github.com/.extraheader AUTHORIZATION: basic ***
2021-02-23T14:51:11.2234420Z ##[endgroup]
2021-02-23T14:51:11.2244178Z ##[group]Fetching the repository
2021-02-23T14:51:11.2246642Z [command]/usr/bin/git -c protocol.version=2 fetch --no-tags --prune --progress --no-recurse-submodules --depth=1 origin +01bce87ccef404ffe62a4d4dfc1a62e31ba00d1e:refs/remotes/pull/19/merge
2021-02-23T14:51:11.2248847Z remote: Enumerating objects: 12, done.        
2021-02-23T14:51:11.2249678Z remote: Counting objects:   8% (1/12)        
2021-02-23T14:51:11.2250425Z remote: Counting objects:  16% (2/12)        
2021-02-23T14:51:11.2251182Z remote: Counting objects:  25% (3/12)        
2021-02-23T14:51:11.2251919Z remote: Counting objects:  33% (4/12)        
2021-02-23T14:51:11.2252666Z remote: Counting objects:  41% (5/12)        
2021-02-23T14:51:11.2253400Z remote: Counting objects:  50% (6/12)        
2021-02-23T14:51:11.2254356Z remote: Counting objects:  58% (7/12)        
2021-02-23T14:51:11.2255207Z remote: Counting objects:  66% (8/12)        
2021-02-23T14:51:11.2255946Z remote: Counting objects:  75% (9/12)        
2021-02-23T14:51:11.2256697Z remote: Counting objects:  83% (10/12)        
2021-02-23T14:51:11.2257429Z remote: Counting objects:  91% (11/12)        
2021-02-23T14:51:11.2258169Z remote: Counting objects: 100% (12/12)        
2021-02-23T14:51:11.2258952Z remote: Counting objects: 100% (12/12), done.        
2021-02-23T14:51:11.2259739Z remote: Compressing objects:  10% (1/10)        
2021-02-23T14:51:11.2260664Z remote: Compressing objects:  20% (2/10)        
2021-02-23T14:51:11.2261969Z remote: Compressing objects:  30% (3/10)        
2021-02-23T14:51:11.2262786Z remote: Compressing objects:  40% (4/10)        
2021-02-23T14:51:11.2263574Z remote: Compressing objects:  50% (5/10)        
2021-02-23T14:51:11.2264363Z remote: Compressing objects:  60% (6/10)        
2021-02-23T14:51:11.2265159Z remote: Compressing objects:  70% (7/10)        
2021-02-23T14:51:11.2265960Z remote: Compressing objects:  80% (8/10)        
2021-02-23T14:51:11.2266736Z remote: Compressing objects:  90% (9/10)        
2021-02-23T14:51:11.2267524Z remote: Compressing objects: 100% (10/10)        
2021-02-23T14:51:11.2268329Z remote: Compressing objects: 100% (10/10), done.        
2021-02-23T14:51:11.2269652Z remote: Total 12 (delta 0), reused 5 (delta 0), pack-reused 0        
2021-02-23T14:51:11.2270642Z From https://github.com/con/tinuous
2021-02-23T14:51:11.2272073Z  * [new ref]         01bce87ccef404ffe62a4d4dfc1a62e31ba00d1e -> pull/19/merge
2021-02-23T14:51:11.2273146Z ##[endgroup]
2021-02-23T14:51:11.2273913Z ##[group]Determining the checkout info
2021-02-23T14:51:11.2274648Z ##[endgroup]
2021-02-23T14:51:11.2275338Z ##[group]Checking out the ref
2021-02-23T14:51:11.2276520Z [command]/usr/bin/git checkout --progress --force refs/remotes/pull/19/merge
2021-02-23T14:51:11.2277789Z Note: switching to 'refs/remotes/pull/19/merge'.
2021-02-23T14:51:11.2278401Z 
2021-02-23T14:51:11.2279494Z You are in 'detached HEAD' state. You can look around, make experimental
2021-02-23T14:51:11.2280571Z changes and commit them, and you can discard any commits you make in this
2021-02-23T14:51:11.2281577Z state without impacting any branches by switching back to a branch.
2021-02-23T14:51:11.2282200Z 
2021-02-23T14:51:11.2282949Z If you want to create a new branch to retain commits you create, you may
2021-02-23T14:51:11.2284453Z do so (now or later) by using -c with the switch command. Example:
2021-02-23T14:51:11.2285098Z 
2021-02-23T14:51:11.2285995Z   git switch -c <new-branch-name>
2021-02-23T14:51:11.2286562Z 
2021-02-23T14:51:11.2287178Z Or undo this operation with:
2021-02-23T14:51:11.2287669Z 
2021-02-23T14:51:11.2288504Z   git switch -
2021-02-23T14:51:11.2288969Z 
2021-02-23T14:51:11.2289837Z Turn off this advice by setting config variable advice.detachedHead to false
2021-02-23T14:51:11.2290556Z 
2021-02-23T14:51:11.2291690Z HEAD is now at 01bce87 Merge 5af9c5c0f41da38dbbdee8d8563bd63250d326e0 into c8ce33c16405936c560b857aaf97444640c62556
2021-02-23T14:51:11.2292904Z ##[endgroup]
2021-02-23T14:51:11.2293848Z [command]/usr/bin/git log -1 --format='%H'
2021-02-23T14:51:11.2295110Z '01bce87ccef404ffe62a4d4dfc1a62e31ba00d1e'
2021-02-23T14:51:11.2443118Z ##[group]Run actions/setup-python@v2
2021-02-23T14:51:11.2443717Z with:
2021-02-23T14:51:11.2444198Z   python-version: 3.9
2021-02-23T14:51:11.2445122Z   token: ***
2021-02-23T14:51:11.2445577Z ##[endgroup]
2021-02-23T14:51:11.3168849Z Successfully setup CPython (3.9.1)
2021-02-23T14:51:11.3251725Z ##[group]Run python -m pip install --upgrade pip wheel
2021-02-23T14:51:11.3252682Z [36;1mpython -m pip install --upgrade pip wheel[0m
2021-02-23T14:51:11.3253533Z [36;1mpython -m pip install -r requirements.txt[0m
2021-02-23T14:51:11.3302055Z shell: /usr/bin/bash -e {0}
2021-02-23T14:51:11.3302616Z env:
2021-02-23T14:51:11.3303400Z   pythonLocation: /opt/hostedtoolcache/Python/3.9.1/x64
2021-02-23T14:51:11.3304296Z   LD_LIBRARY_PATH: /opt/hostedtoolcache/Python/3.9.1/x64/lib
2021-02-23T14:51:11.3305021Z ##[endgroup]
2021-02-23T14:51:14.8863876Z Requirement already satisfied: pip in /opt/hostedtoolcache/Python/3.9.1/x64/lib/python3.9/site-packages (21.0.1)
2021-02-23T14:51:15.3284251Z Collecting wheel
2021-02-23T14:51:15.3637762Z   Downloading wheel-0.36.2-py2.py3-none-any.whl (35 kB)
2021-02-23T14:51:15.4123738Z Installing collected packages: wheel
2021-02-23T14:51:15.4505464Z Successfully installed wheel-0.36.2
2021-02-23T14:51:16.2585771Z Collecting click~=7.0
2021-02-23T14:51:16.2946954Z   Downloading click-7.1.2-py2.py3-none-any.whl (82 kB)
2021-02-23T14:51:16.3300811Z Collecting click-loglevel~=0.2
2021-02-23T14:51:16.3382074Z   Downloading click_loglevel-0.3.0-py3-none-any.whl (5.0 kB)
2021-02-23T14:51:16.3674395Z Collecting in_place~=0.4
2021-02-23T14:51:16.3758911Z   Downloading in_place-0.5.0-py3-none-any.whl (9.1 kB)
2021-02-23T14:51:16.5590495Z Collecting pydantic~=1.7
2021-02-23T14:51:16.5768150Z   Downloading pydantic-1.7.3-cp39-cp39-manylinux2014_x86_64.whl (10.3 MB)
2021-02-23T14:51:17.0487668Z Collecting PyGithub~=1.53
2021-02-23T14:51:17.0610766Z   Downloading PyGithub-1.54.1-py3-none-any.whl (289 kB)
2021-02-23T14:51:17.1343820Z Collecting python-dateutil~=2.7
2021-02-23T14:51:17.1451916Z   Downloading python_dateutil-2.8.1-py2.py3-none-any.whl (227 kB)
2021-02-23T14:51:17.2492440Z Collecting PyYAML~=5.0
2021-02-23T14:51:17.2645955Z   Downloading PyYAML-5.4.1-cp39-cp39-manylinux1_x86_64.whl (630 kB)
2021-02-23T14:51:17.3760692Z Collecting requests~=2.20
2021-02-23T14:51:17.3851677Z   Downloading requests-2.25.1-py2.py3-none-any.whl (61 kB)
2021-02-23T14:51:17.5008331Z Collecting deprecated
2021-02-23T14:51:17.5088479Z   Downloading Deprecated-1.2.11-py2.py3-none-any.whl (9.1 kB)
2021-02-23T14:51:17.6291747Z Collecting pyjwt<2.0
2021-02-23T14:51:17.6377284Z   Downloading PyJWT-1.7.1-py2.py3-none-any.whl (18 kB)
2021-02-23T14:51:17.7074235Z Collecting six>=1.5
2021-02-23T14:51:17.7195166Z   Downloading six-1.15.0-py2.py3-none-any.whl (10 kB)
2021-02-23T14:51:17.8217582Z Collecting certifi>=2017.4.17
2021-02-23T14:51:17.8323648Z   Downloading certifi-2020.12.5-py2.py3-none-any.whl (147 kB)
2021-02-23T14:51:17.8784935Z Collecting idna<3,>=2.5
2021-02-23T14:51:17.8961949Z   Downloading idna-2.10-py2.py3-none-any.whl (58 kB)
2021-02-23T14:51:17.9391808Z Collecting chardet<5,>=3.0.2
2021-02-23T14:51:17.9509509Z   Downloading chardet-4.0.0-py2.py3-none-any.whl (178 kB)
2021-02-23T14:51:18.0694793Z Collecting urllib3<1.27,>=1.21.1
2021-02-23T14:51:18.0820363Z   Downloading urllib3-1.26.3-py2.py3-none-any.whl (137 kB)
2021-02-23T14:51:18.1871170Z Collecting wrapt<2,>=1.10
2021-02-23T14:51:18.1975137Z   Downloading wrapt-1.12.1.tar.gz (27 kB)
2021-02-23T14:51:19.1437603Z Building wheels for collected packages: wrapt
2021-02-23T14:51:19.1468909Z   Building wheel for wrapt (setup.py): started
2021-02-23T14:51:22.8219791Z   Building wheel for wrapt (setup.py): finished with status 'done'
2021-02-23T14:51:22.8226733Z   Created wheel for wrapt: filename=wrapt-1.12.1-cp39-cp39-linux_x86_64.whl size=78682 sha256=e1ce744f33c1204b97d21e153d85f4d0a26ff5925e9a98c9f2eae463c2bf7946
2021-02-23T14:51:22.8254014Z   Stored in directory: /home/runner/.cache/pip/wheels/98/23/68/efe259aaca055e93b08e74fbe512819c69a2155c11ba3c0f10
2021-02-23T14:51:22.8257219Z Successfully built wrapt
2021-02-23T14:51:22.9310857Z Installing collected packages: wrapt, urllib3, idna, chardet, certifi, six, requests, pyjwt, deprecated, click, PyYAML, python-dateutil, PyGithub, pydantic, in-place, click-loglevel
2021-02-23T14:51:24.2198140Z Successfully installed PyGithub-1.54.1 PyYAML-5.4.1 certifi-2020.12.5 chardet-4.0.0 click-7.1.2 click-loglevel-0.3.0 deprecated-1.2.11 idna-2.10 in-place-0.5.0 pydantic-1.7.3 pyjwt-1.7.1 python-dateutil-2.8.1 requests-2.25.1 six-1.15.0 urllib3-1.26.3 wrapt-1.12.1
2021-02-23T14:51:24.3228313Z ##[group]Run python tinuous --help
2021-02-23T14:51:24.3228926Z [36;1mpython tinuous --help[0m
2021-02-23T14:51:24.3272074Z shell: /usr/bin/bash -e {0}
2021-02-23T14:51:24.3272448Z env:
2021-02-23T14:51:24.3273189Z   pythonLocation: /opt/hostedtoolcache/Python/3.9.1/x64
2021-02-23T14:51:24.3273923Z   LD_LIBRARY_PATH: /opt/hostedtoolcache/Python/3.9.1/x64/lib
2021-02-23T14:51:24.3274461Z ##[endgroup]
2021-02-23T14:51:24.6524464Z Usage: tinuous [OPTIONS] COMMAND [ARGS]...
2021-02-23T14:51:24.6525301Z 
2021-02-23T14:51:24.6542091Z   Download build logs from GitHub Actions, Travis, and Appveyor
2021-02-23T14:51:24.6543125Z 
2021-02-23T14:51:24.6543892Z Options:
2021-02-23T14:51:24.6545341Z   -c, --config FILE               Read configuration from the given file
2021-02-23T14:51:24.6546367Z                                   [default: config.yml]
2021-02-23T14:51:24.6547026Z 
2021-02-23T14:51:24.6548114Z   -l, --log-level [NOTSET|DEBUG|INFO|WARNING|ERROR|CRITICAL]
2021-02-23T14:51:24.6549216Z                                   Set logging level  [default: INFO]
2021-02-23T14:51:24.6550445Z   --help                          Show this message and exit.
2021-02-23T14:51:24.6551128Z 
2021-02-23T14:51:24.6551733Z Commands:
2021-02-23T14:51:24.6552475Z   fetch     Download logs
2021-02-23T14:51:24.6553229Z   sanitize  Sanitize secrets in logs
2021-02-23T14:51:24.6859849Z ##[group]Run python -m pip install mypy
2021-02-23T14:51:24.6860489Z [36;1mpython -m pip install mypy[0m
2021-02-23T14:51:24.6910225Z shell: /usr/bin/bash -e {0}
2021-02-23T14:51:24.6910627Z env:
2021-02-23T14:51:24.6911244Z   pythonLocation: /opt/hostedtoolcache/Python/3.9.1/x64
2021-02-23T14:51:24.6912016Z   LD_LIBRARY_PATH: /opt/hostedtoolcache/Python/3.9.1/x64/lib
2021-02-23T14:51:24.6912604Z ##[endgroup]
2021-02-23T14:51:25.2889857Z Collecting mypy
2021-02-23T14:51:25.3451557Z   Downloading mypy-0.812-cp39-cp39-manylinux2010_x86_64.whl (22.7 MB)
2021-02-23T14:51:26.1785906Z Collecting mypy-extensions<0.5.0,>=0.4.3
2021-02-23T14:51:26.1904613Z   Downloading mypy_extensions-0.4.3-py2.py3-none-any.whl (4.5 kB)
2021-02-23T14:51:26.2353501Z Collecting typing-extensions>=3.7.4
2021-02-23T14:51:26.2435201Z   Downloading typing_extensions-3.7.4.3-py3-none-any.whl (22 kB)
2021-02-23T14:51:26.3929626Z Collecting typed-ast<1.5.0,>=1.4.0
2021-02-23T14:51:26.4286049Z   Downloading typed_ast-1.4.2-cp39-cp39-manylinux1_x86_64.whl (769 kB)
2021-02-23T14:51:26.5692108Z Installing collected packages: typing-extensions, typed-ast, mypy-extensions, mypy
2021-02-23T14:51:28.4346333Z Successfully installed mypy-0.812 mypy-extensions-0.4.3 typed-ast-1.4.2 typing-extensions-3.7.4.3
2021-02-23T14:51:28.4968039Z ##[group]Run mypy tinuous
2021-02-23T14:51:28.4968562Z [36;1mmypy tinuous[0m
2021-02-23T14:51:28.5008889Z shell: /usr/bin/bash -e {0}
2021-02-23T14:51:28.5009267Z env:
2021-02-23T14:51:28.5009858Z   pythonLocation: /opt/hostedtoolcache/Python/3.9.1/x64
2021-02-23T14:51:28.5010614Z   LD_LIBRARY_PATH: /opt/hostedtoolcache/Python/3.9.1/x64/lib
2021-02-23T14:51:28.5011155Z ##[endgroup]
2021-02-23T14:51:33.3887615Z Success: no issues found in 1 source file
2021-02-23T14:51:33.7870810Z Post job cleanup.
2021-02-23T14:51:33.9081691Z [command]/usr/bin/git version
2021-02-23T14:51:33.9139344Z git version 2.30.0
2021-02-23T14:51:33.9199898Z [command]/usr/bin/git config --local --name-only --get-regexp core\.sshCommand
2021-02-23T14:51:33.9242022Z [command]/usr/bin/git submodule foreach --recursive git config --local --name-only --get-regexp 'core\.sshCommand' && git config --local --unset-all 'core.sshCommand' || :
2021-02-23T14:51:33.9503162Z [command]/usr/bin/git config --local --name-only --get-regexp http\.https\:\/\/github\.com\/\.extraheader
2021-02-23T14:51:33.9533697Z http.https://github.com/.extraheader
2021-02-23T14:51:33.9544211Z [command]/usr/bin/git config --local --unset-all http.https://github.com/.extraheader
2021-02-23T14:51:33.9589132Z [command]/usr/bin/git submodule foreach --recursive git config --local --name-only --get-regexp 'http\.https\:\/\/github\.com\/\.extraheader' && git config --local --unset-all 'http.https://github.com/.extraheader' || :
2021-02-23T14:51:33.9884403Z Cleaning up orphan processes
