2023-05-11T20:52:39.6529108Z Requested labels: ubuntu-latest
2023-05-11T20:52:39.6529440Z Job defined at: con/tinuous/.github/workflows/test.yml@refs/heads/gh-162
2023-05-11T20:52:39.6529545Z Waiting for a runner to pick up this job...
2023-05-11T20:52:42.3536579Z Job is waiting for a hosted runner to come online.
2023-05-11T20:52:42.4339672Z Job is about to start running on the hosted runner: GitHub Actions 5 (hosted)
2023-05-11T20:52:44.5201093Z Current runner version: '2.304.0'
2023-05-11T20:52:44.5231914Z ##[group]Operating System
2023-05-11T20:52:44.5232437Z Ubuntu
2023-05-11T20:52:44.5232765Z 22.04.2
2023-05-11T20:52:44.5233156Z LTS
2023-05-11T20:52:44.5233423Z ##[endgroup]
2023-05-11T20:52:44.5233766Z ##[group]Runner Image
2023-05-11T20:52:44.5234150Z Image: ubuntu-22.04
2023-05-11T20:52:44.5234459Z Version: 20230507.1
2023-05-11T20:52:44.5235056Z Included Software: https://github.com/actions/runner-images/blob/ubuntu22/20230507.1/images/linux/Ubuntu2204-Readme.md
2023-05-11T20:52:44.5235752Z Image Release: https://github.com/actions/runner-images/releases/tag/ubuntu22%2F20230507.1
2023-05-11T20:52:44.5236228Z ##[endgroup]
2023-05-11T20:52:44.5236565Z ##[group]Runner Image Provisioner
2023-05-11T20:52:44.5236955Z 2.0.171.1
2023-05-11T20:52:44.5237280Z ##[endgroup]
2023-05-11T20:52:44.5238289Z ##[group]GITHUB_TOKEN Permissions
2023-05-11T20:52:44.5238954Z Actions: write
2023-05-11T20:52:44.5239332Z Checks: write
2023-05-11T20:52:44.5239838Z Contents: write
2023-05-11T20:52:44.5240319Z Deployments: write
2023-05-11T20:52:44.5240716Z Discussions: write
2023-05-11T20:52:44.5241016Z Issues: write
2023-05-11T20:52:44.5241347Z Metadata: read
2023-05-11T20:52:44.5241695Z Packages: write
2023-05-11T20:52:44.5241983Z Pages: write
2023-05-11T20:52:44.5242358Z PullRequests: write
2023-05-11T20:52:44.5242740Z RepositoryProjects: write
2023-05-11T20:52:44.5243100Z SecurityEvents: write
2023-05-11T20:52:44.5243453Z Statuses: write
2023-05-11T20:52:44.5243890Z ##[endgroup]
2023-05-11T20:52:44.5247836Z Secret source: Actions
2023-05-11T20:52:44.5248366Z Prepare workflow directory
2023-05-11T20:52:44.5985420Z Prepare all required actions
2023-05-11T20:52:44.6173966Z Getting action download info
2023-05-11T20:52:44.9126748Z Download action repository 'actions/checkout@v3' (SHA:8e5e7e5ab8b370d6c329ec480221332ada57f0ab)
2023-05-11T20:52:45.2188795Z Download action repository 'actions/setup-python@v4' (SHA:57ded4d7d5e986d7296eab16560982c6dd7c923b)
2023-05-11T20:52:45.4260277Z Download action repository 'codecov/codecov-action@v3' (SHA:894ff025c7b54547a9a2a1e9f228beae737ad3c2)
2023-05-11T20:52:45.7733670Z Complete job name: test (3.8, py)
2023-05-11T20:52:45.8690851Z ##[group]Run actions/checkout@v3
2023-05-11T20:52:45.8691203Z with:
2023-05-11T20:52:45.8691465Z   fetch-depth: 0
2023-05-11T20:52:45.8691750Z   repository: con/tinuous
2023-05-11T20:52:45.8692281Z   token: ***
2023-05-11T20:52:45.8692545Z   ssh-strict: true
2023-05-11T20:52:45.8692840Z   persist-credentials: true
2023-05-11T20:52:45.8693110Z   clean: true
2023-05-11T20:52:45.8693358Z   lfs: false
2023-05-11T20:52:45.8693614Z   submodules: false
2023-05-11T20:52:45.8693889Z   set-safe-directory: true
2023-05-11T20:52:45.8694174Z ##[endgroup]
2023-05-11T20:52:46.1379121Z Syncing repository: con/tinuous
2023-05-11T20:52:46.1380870Z ##[group]Getting Git version info
2023-05-11T20:52:46.1381446Z Working directory is '/home/runner/work/tinuous/tinuous'
2023-05-11T20:52:46.1381982Z [command]/usr/bin/git version
2023-05-11T20:52:46.1382279Z git version 2.40.1
2023-05-11T20:52:46.1399663Z ##[endgroup]
2023-05-11T20:52:46.1419058Z Temporarily overriding HOME='/home/runner/work/_temp/84cccb16-f8c3-4ae8-8678-8d622dbe36e8' before making global git config changes
2023-05-11T20:52:46.1419580Z Adding repository directory to the temporary git global config as a safe directory
2023-05-11T20:52:46.1420124Z [command]/usr/bin/git config --global --add safe.directory /home/runner/work/tinuous/tinuous
2023-05-11T20:52:46.1463529Z Deleting the contents of '/home/runner/work/tinuous/tinuous'
2023-05-11T20:52:46.1469106Z ##[group]Initializing the repository
2023-05-11T20:52:46.1472653Z [command]/usr/bin/git init /home/runner/work/tinuous/tinuous
2023-05-11T20:52:46.1547964Z hint: Using 'master' as the name for the initial branch. This default branch name
2023-05-11T20:52:46.1548616Z hint: is subject to change. To configure the initial branch name to use in all
2023-05-11T20:52:46.1549646Z hint: of your new repositories, which will suppress this warning, call:
2023-05-11T20:52:46.1550368Z hint: 
2023-05-11T20:52:46.1550846Z hint: 	git config --global init.defaultBranch <name>
2023-05-11T20:52:46.1551131Z hint: 
2023-05-11T20:52:46.1551483Z hint: Names commonly chosen instead of 'master' are 'main', 'trunk' and
2023-05-11T20:52:46.1551942Z hint: 'development'. The just-created branch can be renamed via this command:
2023-05-11T20:52:46.1552231Z hint: 
2023-05-11T20:52:46.1552472Z hint: 	git branch -m <name>
2023-05-11T20:52:46.1561302Z Initialized empty Git repository in /home/runner/work/tinuous/tinuous/.git/
2023-05-11T20:52:46.1572846Z [command]/usr/bin/git remote add origin https://github.com/con/tinuous
2023-05-11T20:52:46.1616927Z ##[endgroup]
2023-05-11T20:52:46.1617612Z ##[group]Disabling automatic garbage collection
2023-05-11T20:52:46.1620125Z [command]/usr/bin/git config --local gc.auto 0
2023-05-11T20:52:46.1653024Z ##[endgroup]
2023-05-11T20:52:46.1653627Z ##[group]Setting up auth
2023-05-11T20:52:46.1659444Z [command]/usr/bin/git config --local --name-only --get-regexp core\.sshCommand
2023-05-11T20:52:46.1692511Z [command]/usr/bin/git submodule foreach --recursive sh -c "git config --local --name-only --get-regexp 'core\.sshCommand' && git config --local --unset-all 'core.sshCommand' || :"
2023-05-11T20:52:46.2042061Z [command]/usr/bin/git config --local --name-only --get-regexp http\.https\:\/\/github\.com\/\.extraheader
2023-05-11T20:52:46.2074958Z [command]/usr/bin/git submodule foreach --recursive sh -c "git config --local --name-only --get-regexp 'http\.https\:\/\/github\.com\/\.extraheader' && git config --local --unset-all 'http.https://github.com/.extraheader' || :"
2023-05-11T20:52:46.2305397Z [command]/usr/bin/git config --local http.https://github.com/.extraheader AUTHORIZATION: basic ***
2023-05-11T20:52:46.2353498Z ##[endgroup]
2023-05-11T20:52:46.2353994Z ##[group]Fetching the repository
2023-05-11T20:52:46.2366154Z [command]/usr/bin/git -c protocol.version=2 fetch --prune --progress --no-recurse-submodules origin +refs/heads/*:refs/remotes/origin/* +refs/tags/*:refs/tags/*
2023-05-11T20:52:46.5270707Z remote: Enumerating objects: 1204, done.        
2023-05-11T20:52:46.5272524Z remote: Counting objects:   0% (1/426)        
2023-05-11T20:52:46.5272975Z remote: Counting objects:   1% (5/426)        
2023-05-11T20:52:46.5273300Z remote: Counting objects:   2% (9/426)        
2023-05-11T20:52:46.5273605Z remote: Counting objects:   3% (13/426)        
2023-05-11T20:52:46.5273925Z remote: Counting objects:   4% (18/426)        
2023-05-11T20:52:46.5274243Z remote: Counting objects:   5% (22/426)        
2023-05-11T20:52:46.5274544Z remote: Counting objects:   6% (26/426)        
2023-05-11T20:52:46.5274866Z remote: Counting objects:   7% (30/426)        
2023-05-11T20:52:46.5275173Z remote: Counting objects:   8% (35/426)        
2023-05-11T20:52:46.5275497Z remote: Counting objects:   9% (39/426)        
2023-05-11T20:52:46.5275798Z remote: Counting objects:  10% (43/426)        
2023-05-11T20:52:46.5276107Z remote: Counting objects:  11% (47/426)        
2023-05-11T20:52:46.5276429Z remote: Counting objects:  12% (52/426)        
2023-05-11T20:52:46.5282770Z remote: Counting objects:  13% (56/426)        
2023-05-11T20:52:46.5283503Z remote: Counting objects:  14% (60/426)        
2023-05-11T20:52:46.5284136Z remote: Counting objects:  15% (64/426)        
2023-05-11T20:52:46.5285276Z remote: Counting objects:  16% (69/426)        
2023-05-11T20:52:46.5285610Z remote: Counting objects:  17% (73/426)        
2023-05-11T20:52:46.5285932Z remote: Counting objects:  18% (77/426)        
2023-05-11T20:52:46.5286232Z remote: Counting objects:  19% (81/426)        
2023-05-11T20:52:46.5286544Z remote: Counting objects:  20% (86/426)        
2023-05-11T20:52:46.5286856Z remote: Counting objects:  21% (90/426)        
2023-05-11T20:52:46.5287157Z remote: Counting objects:  22% (94/426)        
2023-05-11T20:52:46.5287464Z remote: Counting objects:  23% (98/426)        
2023-05-11T20:52:46.5287783Z remote: Counting objects:  24% (103/426)        
2023-05-11T20:52:46.5288415Z remote: Counting objects:  25% (107/426)        
2023-05-11T20:52:46.5288737Z remote: Counting objects:  26% (111/426)        
2023-05-11T20:52:46.5289062Z remote: Counting objects:  27% (116/426)        
2023-05-11T20:52:46.5289405Z remote: Counting objects:  28% (120/426)        
2023-05-11T20:52:46.5289711Z remote: Counting objects:  29% (124/426)        
2023-05-11T20:52:46.5290020Z remote: Counting objects:  30% (128/426)        
2023-05-11T20:52:46.5290334Z remote: Counting objects:  31% (133/426)        
2023-05-11T20:52:46.5290635Z remote: Counting objects:  32% (137/426)        
2023-05-11T20:52:46.5290948Z remote: Counting objects:  33% (141/426)        
2023-05-11T20:52:46.5291262Z remote: Counting objects:  34% (145/426)        
2023-05-11T20:52:46.5291560Z remote: Counting objects:  35% (150/426)        
2023-05-11T20:52:46.5291871Z remote: Counting objects:  36% (154/426)        
2023-05-11T20:52:46.5292185Z remote: Counting objects:  37% (158/426)        
2023-05-11T20:52:46.5292492Z remote: Counting objects:  38% (162/426)        
2023-05-11T20:52:46.5292803Z remote: Counting objects:  39% (167/426)        
2023-05-11T20:52:46.5293120Z remote: Counting objects:  40% (171/426)        
2023-05-11T20:52:46.5293620Z remote: Counting objects:  41% (175/426)        
2023-05-11T20:52:46.5293926Z remote: Counting objects:  42% (179/426)        
2023-05-11T20:52:46.5294241Z remote: Counting objects:  43% (184/426)        
2023-05-11T20:52:46.5294555Z remote: Counting objects:  44% (188/426)        
2023-05-11T20:52:46.5294855Z remote: Counting objects:  45% (192/426)        
2023-05-11T20:52:46.5295167Z remote: Counting objects:  46% (196/426)        
2023-05-11T20:52:46.5295479Z remote: Counting objects:  47% (201/426)        
2023-05-11T20:52:46.5295775Z remote: Counting objects:  48% (205/426)        
2023-05-11T20:52:46.5296080Z remote: Counting objects:  49% (209/426)        
2023-05-11T20:52:46.5296393Z remote: Counting objects:  50% (213/426)        
2023-05-11T20:52:46.5296712Z remote: Counting objects:  51% (218/426)        
2023-05-11T20:52:46.5297011Z remote: Counting objects:  52% (222/426)        
2023-05-11T20:52:46.5297473Z remote: Counting objects:  53% (226/426)        
2023-05-11T20:52:46.5297789Z remote: Counting objects:  54% (231/426)        
2023-05-11T20:52:46.5298089Z remote: Counting objects:  55% (235/426)        
2023-05-11T20:52:46.5298397Z remote: Counting objects:  56% (239/426)        
2023-05-11T20:52:46.5298708Z remote: Counting objects:  57% (243/426)        
2023-05-11T20:52:46.5299005Z remote: Counting objects:  58% (248/426)        
2023-05-11T20:52:46.5299309Z remote: Counting objects:  59% (252/426)        
2023-05-11T20:52:46.5299619Z remote: Counting objects:  60% (256/426)        
2023-05-11T20:52:46.5299913Z remote: Counting objects:  61% (260/426)        
2023-05-11T20:52:46.5300221Z remote: Counting objects:  62% (265/426)        
2023-05-11T20:52:46.5300530Z remote: Counting objects:  63% (269/426)        
2023-05-11T20:52:46.5300870Z remote: Counting objects:  64% (273/426)        
2023-05-11T20:52:46.5301167Z remote: Counting objects:  65% (277/426)        
2023-05-11T20:52:46.5301483Z remote: Counting objects:  66% (282/426)        
2023-05-11T20:52:46.5301792Z remote: Counting objects:  67% (286/426)        
2023-05-11T20:52:46.5302099Z remote: Counting objects:  68% (290/426)        
2023-05-11T20:52:46.5302402Z remote: Counting objects:  69% (294/426)        
2023-05-11T20:52:46.5302708Z remote: Counting objects:  70% (299/426)        
2023-05-11T20:52:46.5303020Z remote: Counting objects:  71% (303/426)        
2023-05-11T20:52:46.5303317Z remote: Counting objects:  72% (307/426)        
2023-05-11T20:52:46.5303623Z remote: Counting objects:  73% (311/426)        
2023-05-11T20:52:46.5303933Z remote: Counting objects:  74% (316/426)        
2023-05-11T20:52:46.5304233Z remote: Counting objects:  75% (320/426)        
2023-05-11T20:52:46.5304546Z remote: Counting objects:  76% (324/426)        
2023-05-11T20:52:46.5304858Z remote: Counting objects:  77% (329/426)        
2023-05-11T20:52:46.5305291Z remote: Counting objects:  78% (333/426)        
2023-05-11T20:52:46.5305600Z remote: Counting objects:  79% (337/426)        
2023-05-11T20:52:46.5305914Z remote: Counting objects:  80% (341/426)        
2023-05-11T20:52:46.5306227Z remote: Counting objects:  81% (346/426)        
2023-05-11T20:52:46.5306525Z remote: Counting objects:  82% (350/426)        
2023-05-11T20:52:46.5306833Z remote: Counting objects:  83% (354/426)        
2023-05-11T20:52:46.5307144Z remote: Counting objects:  84% (358/426)        
2023-05-11T20:52:46.5307503Z remote: Counting objects:  85% (363/426)        
2023-05-11T20:52:46.5307811Z remote: Counting objects:  86% (367/426)        
2023-05-11T20:52:46.5308126Z remote: Counting objects:  87% (371/426)        
2023-05-11T20:52:46.5308425Z remote: Counting objects:  88% (375/426)        
2023-05-11T20:52:46.5308740Z remote: Counting objects:  89% (380/426)        
2023-05-11T20:52:46.5309049Z remote: Counting objects:  90% (384/426)        
2023-05-11T20:52:46.5309365Z remote: Counting objects:  91% (388/426)        
2023-05-11T20:52:46.5309670Z remote: Counting objects:  92% (392/426)        
2023-05-11T20:52:46.5309984Z remote: Counting objects:  93% (397/426)        
2023-05-11T20:52:46.5310338Z remote: Counting objects:  94% (401/426)        
2023-05-11T20:52:46.5310638Z remote: Counting objects:  95% (405/426)        
2023-05-11T20:52:46.5310950Z remote: Counting objects:  96% (409/426)        
2023-05-11T20:52:46.5311264Z remote: Counting objects:  97% (414/426)        
2023-05-11T20:52:46.5311561Z remote: Counting objects:  98% (418/426)        
2023-05-11T20:52:46.5311875Z remote: Counting objects:  99% (422/426)        
2023-05-11T20:52:46.5312189Z remote: Counting objects: 100% (426/426)        
2023-05-11T20:52:46.5312506Z remote: Counting objects: 100% (426/426), done.        
2023-05-11T20:52:46.5312867Z remote: Compressing objects:   0% (1/236)        
2023-05-11T20:52:46.5313207Z remote: Compressing objects:   1% (3/236)        
2023-05-11T20:52:46.5313562Z remote: Compressing objects:   2% (5/236)        
2023-05-11T20:52:46.5314012Z remote: Compressing objects:   3% (8/236)        
2023-05-11T20:52:46.5320865Z remote: Compressing objects:   4% (10/236)        
2023-05-11T20:52:46.5351185Z remote: Compressing objects:   5% (12/236)        
2023-05-11T20:52:46.5377428Z remote: Compressing objects:   6% (15/236)        
2023-05-11T20:52:46.5398073Z remote: Compressing objects:   7% (17/236)        
2023-05-11T20:52:46.5405983Z remote: Compressing objects:   8% (19/236)        
2023-05-11T20:52:46.5414204Z remote: Compressing objects:   9% (22/236)        
2023-05-11T20:52:46.5418474Z remote: Compressing objects:  10% (24/236)        
2023-05-11T20:52:46.5420542Z remote: Compressing objects:  11% (26/236)        
2023-05-11T20:52:46.5421374Z remote: Compressing objects:  12% (29/236)        
2023-05-11T20:52:46.5423495Z remote: Compressing objects:  13% (31/236)        
2023-05-11T20:52:46.5424234Z remote: Compressing objects:  14% (34/236)        
2023-05-11T20:52:46.5424908Z remote: Compressing objects:  15% (36/236)        
2023-05-11T20:52:46.5427355Z remote: Compressing objects:  16% (38/236)        
2023-05-11T20:52:46.5427969Z remote: Compressing objects:  17% (41/236)        
2023-05-11T20:52:46.5432753Z remote: Compressing objects:  18% (43/236)        
2023-05-11T20:52:46.5433177Z remote: Compressing objects:  19% (45/236)        
2023-05-11T20:52:46.5435283Z remote: Compressing objects:  20% (48/236)        
2023-05-11T20:52:46.5435755Z remote: Compressing objects:  21% (50/236)        
2023-05-11T20:52:46.5436832Z remote: Compressing objects:  22% (52/236)        
2023-05-11T20:52:46.5438590Z remote: Compressing objects:  23% (55/236)        
2023-05-11T20:52:46.5438992Z remote: Compressing objects:  24% (57/236)        
2023-05-11T20:52:46.5440180Z remote: Compressing objects:  25% (59/236)        
2023-05-11T20:52:46.5440560Z remote: Compressing objects:  26% (62/236)        
2023-05-11T20:52:46.5441383Z remote: Compressing objects:  27% (64/236)        
2023-05-11T20:52:46.5441663Z remote: Compressing objects:  28% (67/236)        
2023-05-11T20:52:46.5442075Z remote: Compressing objects:  29% (69/236)        
2023-05-11T20:52:46.5442478Z remote: Compressing objects:  30% (71/236)        
2023-05-11T20:52:46.5443000Z remote: Compressing objects:  31% (74/236)        
2023-05-11T20:52:46.5458089Z remote: Compressing objects:  32% (76/236)        
2023-05-11T20:52:46.5460292Z remote: Compressing objects:  33% (78/236)        
2023-05-11T20:52:46.5462764Z remote: Compressing objects:  34% (81/236)        
2023-05-11T20:52:46.5463103Z remote: Compressing objects:  35% (83/236)        
2023-05-11T20:52:46.5463396Z remote: Compressing objects:  36% (85/236)        
2023-05-11T20:52:46.5463675Z remote: Compressing objects:  37% (88/236)        
2023-05-11T20:52:46.5464102Z remote: Compressing objects:  38% (90/236)        
2023-05-11T20:52:46.5464394Z remote: Compressing objects:  39% (93/236)        
2023-05-11T20:52:46.5464688Z remote: Compressing objects:  40% (95/236)        
2023-05-11T20:52:46.5464980Z remote: Compressing objects:  41% (97/236)        
2023-05-11T20:52:46.5465662Z remote: Compressing objects:  42% (100/236)        
2023-05-11T20:52:46.5465945Z remote: Compressing objects:  43% (102/236)        
2023-05-11T20:52:46.5466613Z remote: Compressing objects:  44% (104/236)        
2023-05-11T20:52:46.5466937Z remote: Compressing objects:  45% (107/236)        
2023-05-11T20:52:46.5467230Z remote: Compressing objects:  46% (109/236)        
2023-05-11T20:52:46.5467503Z remote: Compressing objects:  47% (111/236)        
2023-05-11T20:52:46.5467900Z remote: Compressing objects:  48% (114/236)        
2023-05-11T20:52:46.5468190Z remote: Compressing objects:  49% (116/236)        
2023-05-11T20:52:46.5468459Z remote: Compressing objects:  50% (118/236)        
2023-05-11T20:52:46.5468746Z remote: Compressing objects:  51% (121/236)        
2023-05-11T20:52:46.5469031Z remote: Compressing objects:  52% (123/236)        
2023-05-11T20:52:46.5469315Z remote: Compressing objects:  53% (126/236)        
2023-05-11T20:52:46.5469839Z remote: Compressing objects:  54% (128/236)        
2023-05-11T20:52:46.5470133Z remote: Compressing objects:  55% (130/236)        
2023-05-11T20:52:46.5470416Z remote: Compressing objects:  56% (133/236)        
2023-05-11T20:52:46.5470686Z remote: Compressing objects:  57% (135/236)        
2023-05-11T20:52:46.5470969Z remote: Compressing objects:  58% (137/236)        
2023-05-11T20:52:46.5471251Z remote: Compressing objects:  59% (140/236)        
2023-05-11T20:52:46.5471522Z remote: Compressing objects:  60% (142/236)        
2023-05-11T20:52:46.5471924Z remote: Compressing objects:  61% (144/236)        
2023-05-11T20:52:46.5472209Z remote: Compressing objects:  62% (147/236)        
2023-05-11T20:52:46.5472477Z remote: Compressing objects:  63% (149/236)        
2023-05-11T20:52:46.5473162Z remote: Compressing objects:  64% (152/236)        
2023-05-11T20:52:46.5474827Z remote: Compressing objects:  65% (154/236)        
2023-05-11T20:52:46.5475165Z remote: Compressing objects:  66% (156/236)        
2023-05-11T20:52:46.5475450Z remote: Compressing objects:  67% (159/236)        
2023-05-11T20:52:46.5476065Z remote: Compressing objects:  68% (161/236)        
2023-05-11T20:52:46.5476355Z remote: Compressing objects:  69% (163/236)        
2023-05-11T20:52:46.5476623Z remote: Compressing objects:  70% (166/236)        
2023-05-11T20:52:46.5477202Z remote: Compressing objects:  71% (168/236)        
2023-05-11T20:52:46.5477491Z remote: Compressing objects:  72% (170/236)        
2023-05-11T20:52:46.5477760Z remote: Compressing objects:  73% (173/236)        
2023-05-11T20:52:46.5478042Z remote: Compressing objects:  74% (175/236)        
2023-05-11T20:52:46.5478885Z remote: Compressing objects:  75% (177/236)        
2023-05-11T20:52:46.5479184Z remote: Compressing objects:  76% (180/236)        
2023-05-11T20:52:46.5479453Z remote: Compressing objects:  77% (182/236)        
2023-05-11T20:52:46.5480327Z remote: Compressing objects:  78% (185/236)        
2023-05-11T20:52:46.5480612Z remote: Compressing objects:  79% (187/236)        
2023-05-11T20:52:46.5480888Z remote: Compressing objects:  80% (189/236)        
2023-05-11T20:52:46.5481486Z remote: Compressing objects:  81% (192/236)        
2023-05-11T20:52:46.5482913Z remote: Compressing objects:  82% (194/236)        
2023-05-11T20:52:46.5483640Z remote: Compressing objects:  83% (196/236)        
2023-05-11T20:52:46.5484284Z remote: Compressing objects:  84% (199/236)        
2023-05-11T20:52:46.5485875Z remote: Compressing objects:  85% (201/236)        
2023-05-11T20:52:46.5486184Z remote: Compressing objects:  86% (203/236)        
2023-05-11T20:52:46.5486677Z remote: Compressing objects:  87% (206/236)        
2023-05-11T20:52:46.5486968Z remote: Compressing objects:  88% (208/236)        
2023-05-11T20:52:46.5487253Z remote: Compressing objects:  89% (211/236)        
2023-05-11T20:52:46.5488291Z remote: Compressing objects:  90% (213/236)        
2023-05-11T20:52:46.5488604Z remote: Compressing objects:  91% (215/236)        
2023-05-11T20:52:46.5488883Z remote: Compressing objects:  92% (218/236)        
2023-05-11T20:52:46.5489168Z remote: Compressing objects:  93% (220/236)        
2023-05-11T20:52:46.5489449Z remote: Compressing objects:  94% (222/236)        
2023-05-11T20:52:46.5489731Z remote: Compressing objects:  95% (225/236)        
2023-05-11T20:52:46.5489998Z remote: Compressing objects:  96% (227/236)        
2023-05-11T20:52:46.5490282Z remote: Compressing objects:  97% (229/236)        
2023-05-11T20:52:46.5491352Z remote: Compressing objects:  98% (232/236)        
2023-05-11T20:52:46.5491632Z remote: Compressing objects:  99% (234/236)        
2023-05-11T20:52:46.5491912Z remote: Compressing objects: 100% (236/236)        
2023-05-11T20:52:46.5492210Z remote: Compressing objects: 100% (236/236), done.        
2023-05-11T20:52:46.5524262Z Receiving objects:   0% (1/1204)
2023-05-11T20:52:46.5527892Z Receiving objects:   1% (13/1204)
2023-05-11T20:52:46.5529134Z Receiving objects:   2% (25/1204)
2023-05-11T20:52:46.5529882Z Receiving objects:   3% (37/1204)
2023-05-11T20:52:46.5530360Z Receiving objects:   4% (49/1204)
2023-05-11T20:52:46.5531229Z Receiving objects:   5% (61/1204)
2023-05-11T20:52:46.5531480Z Receiving objects:   6% (73/1204)
2023-05-11T20:52:46.5531714Z Receiving objects:   7% (85/1204)
2023-05-11T20:52:46.5531955Z Receiving objects:   8% (97/1204)
2023-05-11T20:52:46.5541478Z Receiving objects:   9% (109/1204)
2023-05-11T20:52:46.5541784Z Receiving objects:  10% (121/1204)
2023-05-11T20:52:46.5542039Z Receiving objects:  11% (133/1204)
2023-05-11T20:52:46.5542286Z Receiving objects:  12% (145/1204)
2023-05-11T20:52:46.5542532Z Receiving objects:  13% (157/1204)
2023-05-11T20:52:46.5542763Z Receiving objects:  14% (169/1204)
2023-05-11T20:52:46.5543008Z Receiving objects:  15% (181/1204)
2023-05-11T20:52:46.5543763Z Receiving objects:  16% (193/1204)
2023-05-11T20:52:46.5544001Z Receiving objects:  17% (205/1204)
2023-05-11T20:52:46.5544622Z Receiving objects:  18% (217/1204)
2023-05-11T20:52:46.5544867Z Receiving objects:  19% (229/1204)
2023-05-11T20:52:46.5545107Z Receiving objects:  20% (241/1204)
2023-05-11T20:52:46.5545675Z Receiving objects:  21% (253/1204)
2023-05-11T20:52:46.5549308Z Receiving objects:  22% (265/1204)
2023-05-11T20:52:46.5551460Z Receiving objects:  23% (277/1204)
2023-05-11T20:52:46.5555746Z Receiving objects:  24% (289/1204)
2023-05-11T20:52:46.5565252Z Receiving objects:  25% (301/1204)
2023-05-11T20:52:46.5580225Z Receiving objects:  26% (314/1204)
2023-05-11T20:52:46.5580824Z Receiving objects:  27% (326/1204)
2023-05-11T20:52:46.5581776Z Receiving objects:  28% (338/1204)
2023-05-11T20:52:46.5582190Z Receiving objects:  29% (350/1204)
2023-05-11T20:52:46.5582764Z Receiving objects:  30% (362/1204)
2023-05-11T20:52:46.5583510Z Receiving objects:  31% (374/1204)
2023-05-11T20:52:46.5584063Z Receiving objects:  32% (386/1204)
2023-05-11T20:52:46.5584598Z Receiving objects:  33% (398/1204)
2023-05-11T20:52:46.5585175Z Receiving objects:  34% (410/1204)
2023-05-11T20:52:46.5586177Z Receiving objects:  35% (422/1204)
2023-05-11T20:52:46.5589070Z Receiving objects:  36% (434/1204)
2023-05-11T20:52:46.5589364Z Receiving objects:  37% (446/1204)
2023-05-11T20:52:46.5589601Z Receiving objects:  38% (458/1204)
2023-05-11T20:52:46.5589848Z Receiving objects:  39% (470/1204)
2023-05-11T20:52:46.5590095Z Receiving objects:  40% (482/1204)
2023-05-11T20:52:46.5590328Z Receiving objects:  41% (494/1204)
2023-05-11T20:52:46.5590571Z Receiving objects:  42% (506/1204)
2023-05-11T20:52:46.5590818Z Receiving objects:  43% (518/1204)
2023-05-11T20:52:46.5591047Z Receiving objects:  44% (530/1204)
2023-05-11T20:52:46.5591290Z Receiving objects:  45% (542/1204)
2023-05-11T20:52:46.5591532Z Receiving objects:  46% (554/1204)
2023-05-11T20:52:46.5591774Z Receiving objects:  47% (566/1204)
2023-05-11T20:52:46.5592006Z Receiving objects:  48% (578/1204)
2023-05-11T20:52:46.5592246Z Receiving objects:  49% (590/1204)
2023-05-11T20:52:46.5592496Z Receiving objects:  50% (602/1204)
2023-05-11T20:52:46.5592726Z Receiving objects:  51% (615/1204)
2023-05-11T20:52:46.5592977Z Receiving objects:  52% (627/1204)
2023-05-11T20:52:46.5593218Z Receiving objects:  53% (639/1204)
2023-05-11T20:52:46.5593522Z Receiving objects:  54% (651/1204)
2023-05-11T20:52:46.5594228Z Receiving objects:  55% (663/1204)
2023-05-11T20:52:46.5594475Z Receiving objects:  56% (675/1204)
2023-05-11T20:52:46.5594704Z Receiving objects:  57% (687/1204)
2023-05-11T20:52:46.5594943Z Receiving objects:  58% (699/1204)
2023-05-11T20:52:46.5598320Z Receiving objects:  59% (711/1204)
2023-05-11T20:52:46.5598596Z Receiving objects:  60% (723/1204)
2023-05-11T20:52:46.5609058Z Receiving objects:  61% (735/1204)
2023-05-11T20:52:46.5609938Z Receiving objects:  62% (747/1204)
2023-05-11T20:52:46.5610197Z Receiving objects:  63% (759/1204)
2023-05-11T20:52:46.5612025Z Receiving objects:  64% (771/1204)
2023-05-11T20:52:46.5612305Z Receiving objects:  65% (783/1204)
2023-05-11T20:52:46.5613971Z Receiving objects:  66% (795/1204)
2023-05-11T20:52:46.5614215Z Receiving objects:  67% (807/1204)
2023-05-11T20:52:46.5617205Z Receiving objects:  68% (819/1204)
2023-05-11T20:52:46.5618073Z Receiving objects:  69% (831/1204)
2023-05-11T20:52:46.5618326Z Receiving objects:  70% (843/1204)
2023-05-11T20:52:46.5620309Z Receiving objects:  71% (855/1204)
2023-05-11T20:52:46.5620580Z Receiving objects:  72% (867/1204)
2023-05-11T20:52:46.5620824Z Receiving objects:  73% (879/1204)
2023-05-11T20:52:46.5621057Z Receiving objects:  74% (891/1204)
2023-05-11T20:52:46.5621298Z Receiving objects:  75% (903/1204)
2023-05-11T20:52:46.5633506Z Receiving objects:  76% (916/1204)
2023-05-11T20:52:46.5634818Z Receiving objects:  77% (928/1204)
2023-05-11T20:52:46.5635083Z Receiving objects:  78% (940/1204)
2023-05-11T20:52:46.5635332Z Receiving objects:  79% (952/1204)
2023-05-11T20:52:46.5635562Z Receiving objects:  80% (964/1204)
2023-05-11T20:52:46.5635852Z Receiving objects:  81% (976/1204)
2023-05-11T20:52:46.5636113Z Receiving objects:  82% (988/1204)
2023-05-11T20:52:46.5636361Z Receiving objects:  83% (1000/1204)
2023-05-11T20:52:46.5636611Z Receiving objects:  84% (1012/1204)
2023-05-11T20:52:46.5637477Z Receiving objects:  85% (1024/1204)
2023-05-11T20:52:46.5637759Z Receiving objects:  86% (1036/1204)
2023-05-11T20:52:46.5637996Z Receiving objects:  87% (1048/1204)
2023-05-11T20:52:46.5638247Z Receiving objects:  88% (1060/1204)
2023-05-11T20:52:46.5638721Z Receiving objects:  89% (1072/1204)
2023-05-11T20:52:46.5639030Z Receiving objects:  90% (1084/1204)
2023-05-11T20:52:46.5656643Z Receiving objects:  91% (1096/1204)
2023-05-11T20:52:46.5656926Z Receiving objects:  92% (1108/1204)
2023-05-11T20:52:46.5661258Z Receiving objects:  93% (1120/1204)
2023-05-11T20:52:46.5661916Z Receiving objects:  94% (1132/1204)
2023-05-11T20:52:46.5664691Z Receiving objects:  95% (1144/1204)
2023-05-11T20:52:46.5701913Z Receiving objects:  96% (1156/1204)
2023-05-11T20:52:46.5702468Z Receiving objects:  97% (1168/1204)
2023-05-11T20:52:46.5703110Z remote: Total 1204 (delta 188), reused 265 (delta 165), pack-reused 778        
2023-05-11T20:52:46.5703434Z Receiving objects:  98% (1180/1204)
2023-05-11T20:52:46.5705563Z Receiving objects:  99% (1192/1204)
2023-05-11T20:52:46.5705818Z Receiving objects: 100% (1204/1204)
2023-05-11T20:52:46.5706110Z Receiving objects: 100% (1204/1204), 300.26 KiB | 16.68 MiB/s, done.
2023-05-11T20:52:46.5706395Z Resolving deltas:   0% (0/657)
2023-05-11T20:52:46.5706626Z Resolving deltas:   1% (7/657)
2023-05-11T20:52:46.5706865Z Resolving deltas:   2% (14/657)
2023-05-11T20:52:46.5707109Z Resolving deltas:   3% (20/657)
2023-05-11T20:52:46.5707337Z Resolving deltas:   4% (27/657)
2023-05-11T20:52:46.5707575Z Resolving deltas:   5% (33/657)
2023-05-11T20:52:46.5707812Z Resolving deltas:   6% (40/657)
2023-05-11T20:52:46.5708037Z Resolving deltas:   7% (46/657)
2023-05-11T20:52:46.5708275Z Resolving deltas:   8% (53/657)
2023-05-11T20:52:46.5708516Z Resolving deltas:   9% (60/657)
2023-05-11T20:52:46.5708755Z Resolving deltas:  10% (66/657)
2023-05-11T20:52:46.5709665Z Resolving deltas:  11% (73/657)
2023-05-11T20:52:46.5709922Z Resolving deltas:  12% (79/657)
2023-05-11T20:52:46.5710161Z Resolving deltas:  13% (86/657)
2023-05-11T20:52:46.5710386Z Resolving deltas:  14% (92/657)
2023-05-11T20:52:46.5710621Z Resolving deltas:  15% (99/657)
2023-05-11T20:52:46.5710861Z Resolving deltas:  16% (106/657)
2023-05-11T20:52:46.5711095Z Resolving deltas:  17% (112/657)
2023-05-11T20:52:46.5711334Z Resolving deltas:  18% (119/657)
2023-05-11T20:52:46.5711575Z Resolving deltas:  19% (125/657)
2023-05-11T20:52:46.5711805Z Resolving deltas:  20% (132/657)
2023-05-11T20:52:46.5712674Z Resolving deltas:  21% (138/657)
2023-05-11T20:52:46.5712925Z Resolving deltas:  22% (145/657)
2023-05-11T20:52:46.5713154Z Resolving deltas:  23% (152/657)
2023-05-11T20:52:46.5713390Z Resolving deltas:  24% (158/657)
2023-05-11T20:52:46.5713630Z Resolving deltas:  25% (165/657)
2023-05-11T20:52:46.5716629Z Resolving deltas:  26% (171/657)
2023-05-11T20:52:46.5720196Z Resolving deltas:  27% (178/657)
2023-05-11T20:52:46.5726132Z Resolving deltas:  28% (184/657)
2023-05-11T20:52:46.5726500Z Resolving deltas:  29% (191/657)
2023-05-11T20:52:46.5726740Z Resolving deltas:  30% (198/657)
2023-05-11T20:52:46.5727403Z Resolving deltas:  31% (204/657)
2023-05-11T20:52:46.5729697Z Resolving deltas:  32% (211/657)
2023-05-11T20:52:46.5731337Z Resolving deltas:  33% (217/657)
2023-05-11T20:52:46.5733129Z Resolving deltas:  34% (224/657)
2023-05-11T20:52:46.5736054Z Resolving deltas:  35% (230/657)
2023-05-11T20:52:46.5736326Z Resolving deltas:  36% (237/657)
2023-05-11T20:52:46.5739698Z Resolving deltas:  37% (244/657)
2023-05-11T20:52:46.5740937Z Resolving deltas:  38% (250/657)
2023-05-11T20:52:46.5741198Z Resolving deltas:  39% (257/657)
2023-05-11T20:52:46.5748403Z Resolving deltas:  40% (263/657)
2023-05-11T20:52:46.5754052Z Resolving deltas:  41% (270/657)
2023-05-11T20:52:46.5760673Z Resolving deltas:  42% (276/657)
2023-05-11T20:52:46.5765468Z Resolving deltas:  43% (283/657)
2023-05-11T20:52:46.5769006Z Resolving deltas:  44% (290/657)
2023-05-11T20:52:46.5772635Z Resolving deltas:  45% (296/657)
2023-05-11T20:52:46.5775133Z Resolving deltas:  46% (303/657)
2023-05-11T20:52:46.5778297Z Resolving deltas:  47% (309/657)
2023-05-11T20:52:46.5782609Z Resolving deltas:  48% (316/657)
2023-05-11T20:52:46.5788898Z Resolving deltas:  49% (322/657)
2023-05-11T20:52:46.5792659Z Resolving deltas:  50% (329/657)
2023-05-11T20:52:46.5797135Z Resolving deltas:  51% (336/657)
2023-05-11T20:52:46.5801928Z Resolving deltas:  52% (342/657)
2023-05-11T20:52:46.5803822Z Resolving deltas:  53% (349/657)
2023-05-11T20:52:46.5806798Z Resolving deltas:  54% (355/657)
2023-05-11T20:52:46.5812559Z Resolving deltas:  55% (362/657)
2023-05-11T20:52:46.5838590Z Resolving deltas:  56% (368/657)
2023-05-11T20:52:46.5838890Z Resolving deltas:  57% (375/657)
2023-05-11T20:52:46.5839140Z Resolving deltas:  58% (382/657)
2023-05-11T20:52:46.5842149Z Resolving deltas:  59% (388/657)
2023-05-11T20:52:46.5843434Z Resolving deltas:  60% (395/657)
2023-05-11T20:52:46.5844054Z Resolving deltas:  61% (401/657)
2023-05-11T20:52:46.5850455Z Resolving deltas:  62% (408/657)
2023-05-11T20:52:46.5851152Z Resolving deltas:  63% (414/657)
2023-05-11T20:52:46.5851403Z Resolving deltas:  64% (421/657)
2023-05-11T20:52:46.5851648Z Resolving deltas:  65% (428/657)
2023-05-11T20:52:46.5851877Z Resolving deltas:  66% (434/657)
2023-05-11T20:52:46.5852115Z Resolving deltas:  67% (441/657)
2023-05-11T20:52:46.5852359Z Resolving deltas:  68% (447/657)
2023-05-11T20:52:46.5852587Z Resolving deltas:  69% (454/657)
2023-05-11T20:52:46.5863752Z Resolving deltas:  70% (460/657)
2023-05-11T20:52:46.5864073Z Resolving deltas:  71% (467/657)
2023-05-11T20:52:46.5864320Z Resolving deltas:  72% (474/657)
2023-05-11T20:52:46.5864551Z Resolving deltas:  73% (480/657)
2023-05-11T20:52:46.5864790Z Resolving deltas:  74% (487/657)
2023-05-11T20:52:46.5866061Z Resolving deltas:  75% (493/657)
2023-05-11T20:52:46.5866322Z Resolving deltas:  76% (500/657)
2023-05-11T20:52:46.5866564Z Resolving deltas:  77% (506/657)
2023-05-11T20:52:46.5866820Z Resolving deltas:  78% (513/657)
2023-05-11T20:52:46.5867049Z Resolving deltas:  79% (520/657)
2023-05-11T20:52:46.5867531Z Resolving deltas:  80% (526/657)
2023-05-11T20:52:46.5867800Z Resolving deltas:  81% (533/657)
2023-05-11T20:52:46.5868149Z Resolving deltas:  82% (539/657)
2023-05-11T20:52:46.5868473Z Resolving deltas:  83% (546/657)
2023-05-11T20:52:46.5868821Z Resolving deltas:  84% (552/657)
2023-05-11T20:52:46.5869095Z Resolving deltas:  85% (559/657)
2023-05-11T20:52:46.5870726Z Resolving deltas:  86% (566/657)
2023-05-11T20:52:46.5871064Z Resolving deltas:  87% (572/657)
2023-05-11T20:52:46.5877407Z Resolving deltas:  88% (579/657)
2023-05-11T20:52:46.5883177Z Resolving deltas:  89% (585/657)
2023-05-11T20:52:46.5888281Z Resolving deltas:  90% (592/657)
2023-05-11T20:52:46.5891631Z Resolving deltas:  91% (598/657)
2023-05-11T20:52:46.5895159Z Resolving deltas:  92% (605/657)
2023-05-11T20:52:46.5901612Z Resolving deltas:  93% (612/657)
2023-05-11T20:52:46.5905172Z Resolving deltas:  94% (618/657)
2023-05-11T20:52:46.5908225Z Resolving deltas:  95% (625/657)
2023-05-11T20:52:46.5914157Z Resolving deltas:  96% (631/657)
2023-05-11T20:52:46.5917333Z Resolving deltas:  97% (639/657)
2023-05-11T20:52:46.5920658Z Resolving deltas:  98% (644/657)
2023-05-11T20:52:46.5926419Z Resolving deltas:  99% (651/657)
2023-05-11T20:52:46.5932013Z Resolving deltas: 100% (657/657)
2023-05-11T20:52:46.5933185Z Resolving deltas: 100% (657/657), done.
2023-05-11T20:52:46.6081875Z From https://github.com/con/tinuous
2023-05-11T20:52:46.6089827Z  * [new branch]      gh-162          -> origin/gh-162
2023-05-11T20:52:46.6090444Z  * [new branch]      gh-55           -> origin/gh-55
2023-05-11T20:52:46.6091481Z  * [new branch]      master          -> origin/master
2023-05-11T20:52:46.6092398Z  * [new branch]      no-extra-search -> origin/no-extra-search
2023-05-11T20:52:46.6093165Z  * [new branch]      test-appveyor   -> origin/test-appveyor
2023-05-11T20:52:46.6094029Z  * [new tag]         0.1.0           -> 0.1.0
2023-05-11T20:52:46.6094694Z  * [new tag]         0.2.0           -> 0.2.0
2023-05-11T20:52:46.6095444Z  * [new tag]         0.3.0           -> 0.3.0
2023-05-11T20:52:46.6096026Z  * [new tag]         0.4.0           -> 0.4.0
2023-05-11T20:52:46.6096816Z  * [new tag]         0.5.0           -> 0.5.0
2023-05-11T20:52:46.6097381Z  * [new tag]         0.5.1           -> 0.5.1
2023-05-11T20:52:46.6098147Z  * [new tag]         0.5.2           -> 0.5.2
2023-05-11T20:52:46.6098731Z  * [new tag]         0.5.3           -> 0.5.3
2023-05-11T20:52:46.6099508Z  * [new tag]         0.5.4           -> 0.5.4
2023-05-11T20:52:46.6100016Z  * [new tag]         0.6.0           -> 0.6.0
2023-05-11T20:52:46.6100797Z  * [new tag]         0.6.1           -> 0.6.1
2023-05-11T20:52:46.6119913Z [command]/usr/bin/git branch --list --remote origin/gh-162
2023-05-11T20:52:46.6149355Z   origin/gh-162
2023-05-11T20:52:46.6159648Z [command]/usr/bin/git rev-parse refs/remotes/origin/gh-162
2023-05-11T20:52:46.6186310Z 776fa97b36915ac5e854cc91965e3c928f8b0e69
2023-05-11T20:52:46.6191403Z ##[endgroup]
2023-05-11T20:52:46.6192237Z ##[group]Determining the checkout info
2023-05-11T20:52:46.6193380Z ##[endgroup]
2023-05-11T20:52:46.6194063Z ##[group]Checking out the ref
2023-05-11T20:52:46.6198206Z [command]/usr/bin/git checkout --progress --force -B gh-162 refs/remotes/origin/gh-162
2023-05-11T20:52:46.6267046Z Switched to a new branch 'gh-162'
2023-05-11T20:52:46.6270633Z branch 'gh-162' set up to track 'origin/gh-162'.
2023-05-11T20:52:46.6275056Z ##[endgroup]
2023-05-11T20:52:46.6317799Z [command]/usr/bin/git log -1 --format='%H'
2023-05-11T20:52:46.6346724Z '776fa97b36915ac5e854cc91965e3c928f8b0e69'
2023-05-11T20:52:46.6683392Z ##[group]Run actions/setup-python@v4
2023-05-11T20:52:46.6683722Z with:
2023-05-11T20:52:46.6684060Z   python-version: 3.8
2023-05-11T20:52:46.6684377Z   check-latest: false
2023-05-11T20:52:46.6685114Z   token: ***
2023-05-11T20:52:46.6685381Z   update-environment: true
2023-05-11T20:52:46.6685710Z   allow-prereleases: false
2023-05-11T20:52:46.6686056Z ##[endgroup]
2023-05-11T20:52:46.8313655Z ##[group]Installed versions
2023-05-11T20:52:46.8391231Z Successfully set up CPython (3.8.16)
2023-05-11T20:52:46.8392123Z ##[endgroup]
2023-05-11T20:52:46.8527592Z ##[group]Run python -m pip install --upgrade pip wheel
2023-05-11T20:52:46.8528197Z [36;1mpython -m pip install --upgrade pip wheel[0m
2023-05-11T20:52:46.8528591Z [36;1mpython -m pip install --upgrade --upgrade-strategy=eager tox[0m
2023-05-11T20:52:46.8587837Z shell: /usr/bin/bash -e {0}
2023-05-11T20:52:46.8588292Z env:
2023-05-11T20:52:46.8588609Z   pythonLocation: /opt/hostedtoolcache/Python/3.8.16/x64
2023-05-11T20:52:46.8589056Z   PKG_CONFIG_PATH: /opt/hostedtoolcache/Python/3.8.16/x64/lib/pkgconfig
2023-05-11T20:52:46.8589485Z   Python_ROOT_DIR: /opt/hostedtoolcache/Python/3.8.16/x64
2023-05-11T20:52:46.8589925Z   Python2_ROOT_DIR: /opt/hostedtoolcache/Python/3.8.16/x64
2023-05-11T20:52:46.8590318Z   Python3_ROOT_DIR: /opt/hostedtoolcache/Python/3.8.16/x64
2023-05-11T20:52:46.8699215Z   LD_LIBRARY_PATH: /opt/hostedtoolcache/Python/3.8.16/x64/lib
2023-05-11T20:52:46.8699650Z ##[endgroup]
2023-05-11T20:52:47.6663958Z Requirement already satisfied: pip in /opt/hostedtoolcache/Python/3.8.16/x64/lib/python3.8/site-packages (22.0.4)
2023-05-11T20:52:47.8353378Z Collecting pip
2023-05-11T20:52:47.9197120Z   Downloading pip-23.1.2-py3-none-any.whl (2.1 MB)
2023-05-11T20:52:47.9835947Z      ‚îÅ‚îÅ‚îÅ‚îÅ‚îÅ‚îÅ‚îÅ‚îÅ‚îÅ‚îÅ‚îÅ‚îÅ‚îÅ‚îÅ‚îÅ‚îÅ‚îÅ‚îÅ‚îÅ‚îÅ‚îÅ‚îÅ‚îÅ‚îÅ‚îÅ‚îÅ‚îÅ‚îÅ‚îÅ‚îÅ‚îÅ‚îÅ‚îÅ‚îÅ‚îÅ‚îÅ‚îÅ‚îÅ‚îÅ‚îÅ 2.1/2.1 MB 34.2 MB/s eta 0:00:00
2023-05-11T20:52:48.0409121Z Collecting wheel
2023-05-11T20:52:48.0462169Z   Downloading wheel-0.40.0-py3-none-any.whl (64 kB)
2023-05-11T20:52:48.0512166Z      ‚îÅ‚îÅ‚îÅ‚îÅ‚îÅ‚îÅ‚îÅ‚îÅ‚îÅ‚îÅ‚îÅ‚îÅ‚îÅ‚îÅ‚îÅ‚îÅ‚îÅ‚îÅ‚îÅ‚îÅ‚îÅ‚îÅ‚îÅ‚îÅ‚îÅ‚îÅ‚îÅ‚îÅ‚îÅ‚îÅ‚îÅ‚îÅ‚îÅ‚îÅ‚îÅ‚îÅ‚îÅ‚îÅ‚îÅ‚îÅ 64.5/64.5 kB 20.2 MB/s eta 0:00:00
2023-05-11T20:52:48.0888166Z Installing collected packages: wheel, pip
2023-05-11T20:52:48.1349045Z   Attempting uninstall: pip
2023-05-11T20:52:48.1355838Z     Found existing installation: pip 22.0.4
2023-05-11T20:52:48.1915430Z     Uninstalling pip-22.0.4:
2023-05-11T20:52:48.2614432Z       Successfully uninstalled pip-22.0.4
2023-05-11T20:52:49.3572777Z Successfully installed pip-23.1.2 wheel-0.40.0
2023-05-11T20:52:50.3225646Z Collecting tox
2023-05-11T20:52:50.4031390Z   Downloading tox-4.5.1-py3-none-any.whl (148 kB)
2023-05-11T20:52:50.4461312Z      ‚îÅ‚îÅ‚îÅ‚îÅ‚îÅ‚îÅ‚îÅ‚îÅ‚îÅ‚îÅ‚îÅ‚îÅ‚îÅ‚îÅ‚îÅ‚îÅ‚îÅ‚îÅ‚îÅ‚îÅ‚îÅ‚îÅ‚îÅ‚îÅ‚îÅ‚îÅ‚îÅ‚îÅ‚îÅ‚îÅ‚îÅ‚îÅ‚îÅ‚îÅ‚îÅ‚îÅ‚îÅ‚îÅ‚îÅ 149.0/149.0 kB 3.5 MB/s eta 0:00:00
2023-05-11T20:52:50.5135416Z Collecting cachetools>=5.3 (from tox)
2023-05-11T20:52:50.5185303Z   Downloading cachetools-5.3.0-py3-none-any.whl (9.3 kB)
2023-05-11T20:52:50.5410411Z Collecting chardet>=5.1 (from tox)
2023-05-11T20:52:50.5473196Z   Downloading chardet-5.1.0-py3-none-any.whl (199 kB)
2023-05-11T20:52:50.5573357Z      ‚îÅ‚îÅ‚îÅ‚îÅ‚îÅ‚îÅ‚îÅ‚îÅ‚îÅ‚îÅ‚îÅ‚îÅ‚îÅ‚îÅ‚îÅ‚îÅ‚îÅ‚îÅ‚îÅ‚îÅ‚îÅ‚îÅ‚îÅ‚îÅ‚îÅ‚îÅ‚îÅ‚îÅ‚îÅ‚îÅ‚îÅ‚îÅ‚îÅ‚îÅ‚îÅ‚îÅ‚îÅ‚îÅ 199.1/199.1 kB 27.2 MB/s eta 0:00:00
2023-05-11T20:52:50.5879352Z Collecting colorama>=0.4.6 (from tox)
2023-05-11T20:52:50.5925130Z   Downloading colorama-0.4.6-py2.py3-none-any.whl (25 kB)
2023-05-11T20:52:50.6281072Z Collecting filelock>=3.11 (from tox)
2023-05-11T20:52:50.6333058Z   Downloading filelock-3.12.0-py3-none-any.whl (10 kB)
2023-05-11T20:52:50.6723295Z Collecting packaging>=23.1 (from tox)
2023-05-11T20:52:50.6771790Z   Downloading packaging-23.1-py3-none-any.whl (48 kB)
2023-05-11T20:52:50.6823828Z      ‚îÅ‚îÅ‚îÅ‚îÅ‚îÅ‚îÅ‚îÅ‚îÅ‚îÅ‚îÅ‚îÅ‚îÅ‚îÅ‚îÅ‚îÅ‚îÅ‚îÅ‚îÅ‚îÅ‚îÅ‚îÅ‚îÅ‚îÅ‚îÅ‚îÅ‚îÅ‚îÅ‚îÅ‚îÅ‚îÅ‚îÅ‚îÅ‚îÅ‚îÅ‚îÅ‚îÅ‚îÅ‚îÅ‚îÅ‚îÅ 48.9/48.9 kB 15.3 MB/s eta 0:00:00
2023-05-11T20:52:50.7116224Z Collecting platformdirs>=3.2 (from tox)
2023-05-11T20:52:50.7173132Z   Downloading platformdirs-3.5.1-py3-none-any.whl (15 kB)
2023-05-11T20:52:50.7489009Z Collecting pluggy>=1 (from tox)
2023-05-11T20:52:50.7536312Z   Downloading pluggy-1.0.0-py2.py3-none-any.whl (13 kB)
2023-05-11T20:52:50.7751647Z Collecting pyproject-api>=1.5.1 (from tox)
2023-05-11T20:52:50.7799467Z   Downloading pyproject_api-1.5.1-py3-none-any.whl (12 kB)
2023-05-11T20:52:50.8082594Z Collecting tomli>=2.0.1 (from tox)
2023-05-11T20:52:50.8129204Z   Downloading tomli-2.0.1-py3-none-any.whl (12 kB)
2023-05-11T20:52:50.9380249Z Collecting virtualenv>=20.21 (from tox)
2023-05-11T20:52:50.9424872Z   Downloading virtualenv-20.23.0-py3-none-any.whl (3.3 MB)
2023-05-11T20:52:50.9850810Z      ‚îÅ‚îÅ‚îÅ‚îÅ‚îÅ‚îÅ‚îÅ‚îÅ‚îÅ‚îÅ‚îÅ‚îÅ‚îÅ‚îÅ‚îÅ‚îÅ‚îÅ‚îÅ‚îÅ‚îÅ‚îÅ‚îÅ‚îÅ‚îÅ‚îÅ‚îÅ‚îÅ‚îÅ‚îÅ‚îÅ‚îÅ‚îÅ‚îÅ‚îÅ‚îÅ‚îÅ‚îÅ‚îÅ‚îÅ‚îÅ 3.3/3.3 MB 82.2 MB/s eta 0:00:00
2023-05-11T20:52:51.0976601Z Collecting distlib<1,>=0.3.6 (from virtualenv>=20.21->tox)
2023-05-11T20:52:51.1041257Z   Downloading distlib-0.3.6-py2.py3-none-any.whl (468 kB)
2023-05-11T20:52:51.1139118Z      ‚îÅ‚îÅ‚îÅ‚îÅ‚îÅ‚îÅ‚îÅ‚îÅ‚îÅ‚îÅ‚îÅ‚îÅ‚îÅ‚îÅ‚îÅ‚îÅ‚îÅ‚îÅ‚îÅ‚îÅ‚îÅ‚îÅ‚îÅ‚îÅ‚îÅ‚îÅ‚îÅ‚îÅ‚îÅ‚îÅ‚îÅ‚îÅ‚îÅ‚îÅ‚îÅ‚îÅ‚îÅ‚îÅ 468.5/468.5 kB 70.7 MB/s eta 0:00:00
2023-05-11T20:52:51.2719298Z Installing collected packages: distlib, tomli, pluggy, platformdirs, packaging, filelock, colorama, chardet, cachetools, virtualenv, pyproject-api, tox
2023-05-11T20:52:51.9112404Z Successfully installed cachetools-5.3.0 chardet-5.1.0 colorama-0.4.6 distlib-0.3.6 filelock-3.12.0 packaging-23.1 platformdirs-3.5.1 pluggy-1.0.0 pyproject-api-1.5.1 tomli-2.0.1 tox-4.5.1 virtualenv-20.23.0
2023-05-11T20:52:52.0599430Z ##[group]Run tox -e py -- --cov-report=xml
2023-05-11T20:52:52.0599760Z [36;1mtox -e py -- --cov-report=xml[0m
2023-05-11T20:52:52.0652720Z shell: /usr/bin/bash -e {0}
2023-05-11T20:52:52.0652953Z env:
2023-05-11T20:52:52.0653209Z   pythonLocation: /opt/hostedtoolcache/Python/3.8.16/x64
2023-05-11T20:52:52.0653557Z   PKG_CONFIG_PATH: /opt/hostedtoolcache/Python/3.8.16/x64/lib/pkgconfig
2023-05-11T20:52:52.0653894Z   Python_ROOT_DIR: /opt/hostedtoolcache/Python/3.8.16/x64
2023-05-11T20:52:52.0654212Z   Python2_ROOT_DIR: /opt/hostedtoolcache/Python/3.8.16/x64
2023-05-11T20:52:52.0654510Z   Python3_ROOT_DIR: /opt/hostedtoolcache/Python/3.8.16/x64
2023-05-11T20:52:52.0654822Z   LD_LIBRARY_PATH: /opt/hostedtoolcache/Python/3.8.16/x64/lib
2023-05-11T20:52:52.0655080Z ##[endgroup]
2023-05-11T20:52:52.6154042Z py: install_deps> python -I -m pip install pytest pytest-cov pytest-mock
2023-05-11T20:52:55.5618675Z .pkg: install_requires> python -I -m pip install 'setuptools>=46.4.0' versioningit
2023-05-11T20:52:57.3527900Z .pkg: _optional_hooks> python /opt/hostedtoolcache/Python/3.8.16/x64/lib/python3.8/site-packages/pyproject_api/_backend.py True setuptools.build_meta
2023-05-11T20:52:57.6112112Z .pkg: get_requires_for_build_sdist> python /opt/hostedtoolcache/Python/3.8.16/x64/lib/python3.8/site-packages/pyproject_api/_backend.py True setuptools.build_meta
2023-05-11T20:52:57.7376106Z .pkg: freeze> python -m pip freeze --all
2023-05-11T20:52:58.1138702Z .pkg: importlib-metadata==6.6.0,packaging==23.1,pip==23.1.2,setuptools==67.7.2,tomli==2.0.1,versioningit==2.2.0,wheel==0.40.0,zipp==3.15.0
2023-05-11T20:52:58.1145127Z .pkg: prepare_metadata_for_build_wheel> python /opt/hostedtoolcache/Python/3.8.16/x64/lib/python3.8/site-packages/pyproject_api/_backend.py True setuptools.build_meta
2023-05-11T20:52:58.2267799Z .pkg: build_sdist> python /opt/hostedtoolcache/Python/3.8.16/x64/lib/python3.8/site-packages/pyproject_api/_backend.py True setuptools.build_meta
2023-05-11T20:52:58.3161748Z py: install_package_deps> python -I -m pip install 'PyYAML>=5.0' 'click-loglevel~=0.2' 'click>=7.0' 'in-place~=0.4' 'pydantic~=1.7' 'python-dateutil~=2.7' 'python-dotenv<2.0,>=0.11' 'requests~=2.20'
2023-05-11T20:53:00.8500111Z py: install_package> python -I -m pip install --force-reinstall --no-deps /home/runner/work/tinuous/tinuous/.tox/.tmp/package/1/tinuous-0.6.1.post34+g776fa97.tar.gz
2023-05-11T20:53:05.2661223Z py: freeze> python -m pip freeze --all
2023-05-11T20:53:05.6479872Z py: certifi==2023.5.7,charset-normalizer==3.1.0,click==8.1.3,click-loglevel==0.4.0.post1,coverage==7.2.5,exceptiongroup==1.1.1,idna==3.4,in-place==0.5.0,iniconfig==2.0.0,packaging==23.1,pip==23.1.2,pluggy==1.0.0,pydantic==1.10.7,pytest==7.3.1,pytest-cov==4.0.0,pytest-mock==3.10.0,python-dateutil==2.8.2,python-dotenv==1.0.0,PyYAML==6.0,requests==2.30.0,setuptools==67.7.2,six==1.16.0,tinuous @ file:///home/runner/work/tinuous/tinuous/.tox/.tmp/package/1/tinuous-0.6.1.post34%2Bg776fa97.tar.gz#sha256=551a77848b7152c0de69a21c79dd8959bc60e1b7fd92fb117f6023fd94605ee8,tomli==2.0.1,typing_extensions==4.5.0,urllib3==2.0.2,wheel==0.40.0
2023-05-11T20:53:05.6489263Z py: commands[0]> tinuous --help
2023-05-11T20:53:05.9131957Z Traceback (most recent call last):
2023-05-11T20:53:05.9143967Z   File "/home/runner/work/tinuous/tinuous/.tox/py/bin/tinuous", line 5, in <module>
2023-05-11T20:53:05.9144611Z     from tinuous.__main__ import main
2023-05-11T20:53:05.9145445Z   File "/home/runner/work/tinuous/tinuous/.tox/py/lib/python3.8/site-packages/tinuous/__main__.py", line 18, in <module>
2023-05-11T20:53:05.9145880Z     from .config import Config, GHPathsDict
2023-05-11T20:53:05.9146487Z   File "/home/runner/work/tinuous/tinuous/.tox/py/lib/python3.8/site-packages/tinuous/config.py", line 15, in <module>
2023-05-11T20:53:05.9146877Z     from .github import GitHubActions
2023-05-11T20:53:05.9147548Z   File "/home/runner/work/tinuous/tinuous/.tox/py/lib/python3.8/site-packages/tinuous/github.py", line 467, in <module>
2023-05-11T20:53:05.9148360Z     class WorkflowRun(BaseModel):
2023-05-11T20:53:05.9148822Z   File "pydantic/main.py", line 178, in pydantic.main.ModelMetaclass.__new__
2023-05-11T20:53:05.9149321Z   File "pydantic/typing.py", line 399, in pydantic.typing.resolve_annotations
2023-05-11T20:53:05.9149742Z     """Special type construct to mark class variables.
2023-05-11T20:53:05.9150189Z   File "/opt/hostedtoolcache/Python/3.8.16/x64/lib/python3.8/typing.py", line 270, in _eval_type
2023-05-11T20:53:05.9150577Z     return t._evaluate(globalns, localns)
2023-05-11T20:53:05.9150996Z   File "/opt/hostedtoolcache/Python/3.8.16/x64/lib/python3.8/typing.py", line 518, in _evaluate
2023-05-11T20:53:05.9151376Z     eval(self.__forward_code__, globalns, localns),
2023-05-11T20:53:05.9151738Z   File "<string>", line 1, in <module>
2023-05-11T20:53:05.9152128Z TypeError: 'type' object is not subscriptable
2023-05-11T20:53:05.9391402Z py: exit 1 (0.29 seconds) /home/runner/work/tinuous/tinuous> tinuous --help pid=1787
2023-05-11T20:53:05.9399825Z .pkg: _exit> python /opt/hostedtoolcache/Python/3.8.16/x64/lib/python3.8/site-packages/pyproject_api/_backend.py True setuptools.build_meta
2023-05-11T20:53:05.9674589Z   py: FAIL code 1 (13.64=setup[13.35]+cmd[0.29] seconds)
2023-05-11T20:53:05.9675129Z   evaluation failed :( (13.75 seconds)
2023-05-11T20:53:06.0025411Z ##[error]Process completed with exit code 1.
2023-05-11T20:53:06.0091725Z Post job cleanup.
2023-05-11T20:53:06.1134259Z [command]/usr/bin/git version
2023-05-11T20:53:06.1184432Z git version 2.40.1
2023-05-11T20:53:06.1241219Z Temporarily overriding HOME='/home/runner/work/_temp/3ccf0b43-3ae6-471f-8346-003a21862a0b' before making global git config changes
2023-05-11T20:53:06.1246294Z Adding repository directory to the temporary git global config as a safe directory
2023-05-11T20:53:06.1255120Z [command]/usr/bin/git config --global --add safe.directory /home/runner/work/tinuous/tinuous
2023-05-11T20:53:06.1307762Z [command]/usr/bin/git config --local --name-only --get-regexp core\.sshCommand
2023-05-11T20:53:06.1353484Z [command]/usr/bin/git submodule foreach --recursive sh -c "git config --local --name-only --get-regexp 'core\.sshCommand' && git config --local --unset-all 'core.sshCommand' || :"
2023-05-11T20:53:06.1600701Z [command]/usr/bin/git config --local --name-only --get-regexp http\.https\:\/\/github\.com\/\.extraheader
2023-05-11T20:53:06.1631672Z http.https://github.com/.extraheader
2023-05-11T20:53:06.1645221Z [command]/usr/bin/git config --local --unset-all http.https://github.com/.extraheader
2023-05-11T20:53:06.1680759Z [command]/usr/bin/git submodule foreach --recursive sh -c "git config --local --name-only --get-regexp 'http\.https\:\/\/github\.com\/\.extraheader' && git config --local --unset-all 'http.https://github.com/.extraheader' || :"
2023-05-11T20:53:06.2133163Z Cleaning up orphan processes
