2021-02-03T16:15:42.6886449Z ##[section]Starting: Request a runner to run this job
2021-02-03T16:15:43.2010621Z Can't find any online and idle self-hosted runner in current repository that matches the required labels: 'ubuntu-latest'
2021-02-03T16:15:43.2010714Z Can't find any online and idle self-hosted runner in current repository's account/organization that matches the required labels: 'ubuntu-latest'
2021-02-03T16:15:43.2011083Z Found online and idle hosted runner in current repository's account/organization that matches the required labels: 'ubuntu-latest'
2021-02-03T16:15:43.4189663Z ##[section]Finishing: Request a runner to run this job
2021-02-03T16:15:52.7925460Z Current runner version: '2.276.1'
2021-02-03T16:15:52.7953106Z ##[group]Operating System
2021-02-03T16:15:52.7954136Z Ubuntu
2021-02-03T16:15:52.7954619Z 20.04.2
2021-02-03T16:15:52.7955035Z LTS
2021-02-03T16:15:52.7955540Z ##[endgroup]
2021-02-03T16:15:52.7956132Z ##[group]Virtual Environment
2021-02-03T16:15:52.7956817Z Environment: ubuntu-20.04
2021-02-03T16:15:52.7957381Z Version: 20210131.1
2021-02-03T16:15:52.7958391Z Included Software: https://github.com/actions/virtual-environments/blob/ubuntu20/20210131.1/images/linux/Ubuntu2004-README.md
2021-02-03T16:15:52.7959438Z ##[endgroup]
2021-02-03T16:15:52.7962894Z Prepare workflow directory
2021-02-03T16:15:52.8778914Z Prepare all required actions
2021-02-03T16:15:52.8790670Z Getting action download info
2021-02-03T16:15:53.1396266Z Download action repository 'actions/checkout@v2'
2021-02-03T16:15:55.2867311Z Download action repository 'actions/setup-python@v2'
2021-02-03T16:15:55.5991341Z ##[group]Run actions/checkout@v2
2021-02-03T16:15:55.5992082Z with:
2021-02-03T16:15:55.5992762Z   repository: con/tinuous
2021-02-03T16:15:55.5993669Z   token: ***
2021-02-03T16:15:55.5994143Z   ssh-strict: true
2021-02-03T16:15:55.5994714Z   persist-credentials: true
2021-02-03T16:15:55.5995399Z   clean: true
2021-02-03T16:15:55.5995993Z   fetch-depth: 1
2021-02-03T16:15:55.5996636Z   lfs: false
2021-02-03T16:15:55.5997106Z   submodules: false
2021-02-03T16:15:55.5997597Z ##[endgroup]
2021-02-03T16:15:56.0252902Z Syncing repository: con/tinuous
2021-02-03T16:15:56.0254328Z ##[group]Getting Git version info
2021-02-03T16:15:56.0256003Z Working directory is '/home/runner/work/tinuous/tinuous'
2021-02-03T16:15:56.0278173Z [command]/usr/bin/git version
2021-02-03T16:15:56.0655749Z git version 2.30.0
2021-02-03T16:15:56.0682268Z ##[endgroup]
2021-02-03T16:15:56.0691939Z Deleting the contents of '/home/runner/work/tinuous/tinuous'
2021-02-03T16:15:56.0697174Z ##[group]Initializing the repository
2021-02-03T16:15:56.0701238Z [command]/usr/bin/git init /home/runner/work/tinuous/tinuous
2021-02-03T16:15:56.0770593Z hint: Using 'master' as the name for the initial branch. This default branch name
2021-02-03T16:15:56.0771831Z hint: is subject to change. To configure the initial branch name to use in all
2021-02-03T16:15:56.0772902Z hint: of your new repositories, which will suppress this warning, call:
2021-02-03T16:15:56.0773734Z hint: 
2021-02-03T16:15:56.0774789Z hint: 	git config --global init.defaultBranch <name>
2021-02-03T16:15:56.0775637Z hint: 
2021-02-03T16:15:56.0776676Z hint: Names commonly chosen instead of 'master' are 'main', 'trunk' and
2021-02-03T16:15:56.0778035Z hint: 'development'. The just-created branch can be renamed via this command:
2021-02-03T16:15:56.0778937Z hint: 
2021-02-03T16:15:56.0779798Z hint: 	git branch -m <name>
2021-02-03T16:15:56.0788511Z Initialized empty Git repository in /home/runner/work/tinuous/tinuous/.git/
2021-02-03T16:15:56.0800069Z [command]/usr/bin/git remote add origin https://github.com/con/tinuous
2021-02-03T16:15:56.0837970Z ##[endgroup]
2021-02-03T16:15:56.0839043Z ##[group]Disabling automatic garbage collection
2021-02-03T16:15:56.0842914Z [command]/usr/bin/git config --local gc.auto 0
2021-02-03T16:15:56.0885112Z ##[endgroup]
2021-02-03T16:15:56.0890245Z ##[group]Setting up auth
2021-02-03T16:15:56.0898214Z [command]/usr/bin/git config --local --name-only --get-regexp core\.sshCommand
2021-02-03T16:15:56.0930806Z [command]/usr/bin/git submodule foreach --recursive git config --local --name-only --get-regexp 'core\.sshCommand' && git config --local --unset-all 'core.sshCommand' || :
2021-02-03T16:15:56.1273077Z [command]/usr/bin/git config --local --name-only --get-regexp http\.https\:\/\/github\.com\/\.extraheader
2021-02-03T16:15:56.1308028Z [command]/usr/bin/git submodule foreach --recursive git config --local --name-only --get-regexp 'http\.https\:\/\/github\.com\/\.extraheader' && git config --local --unset-all 'http.https://github.com/.extraheader' || :
2021-02-03T16:15:56.1552391Z [command]/usr/bin/git config --local http.https://github.com/.extraheader AUTHORIZATION: basic ***
2021-02-03T16:15:56.1605995Z ##[endgroup]
2021-02-03T16:15:56.1607306Z ##[group]Fetching the repository
2021-02-03T16:15:56.1616306Z [command]/usr/bin/git -c protocol.version=2 fetch --no-tags --prune --progress --no-recurse-submodules --depth=1 origin +6f4efaa42f5b0efa24a7f7f5a0a12b4a89e57275:refs/remotes/pull/13/merge
2021-02-03T16:15:56.4537860Z remote: Enumerating objects: 11, done.        
2021-02-03T16:15:56.4540556Z remote: Counting objects:   9% (1/11)        
2021-02-03T16:15:56.4544189Z remote: Counting objects:  18% (2/11)        
2021-02-03T16:15:56.4546550Z remote: Counting objects:  27% (3/11)        
2021-02-03T16:15:56.4548782Z remote: Counting objects:  36% (4/11)        
2021-02-03T16:15:56.4549388Z remote: Counting objects:  45% (5/11)        
2021-02-03T16:15:56.4551778Z remote: Counting objects:  54% (6/11)        
2021-02-03T16:15:56.4553043Z remote: Counting objects:  63% (7/11)        
2021-02-03T16:15:56.4553934Z remote: Counting objects:  72% (8/11)        
2021-02-03T16:15:56.4554706Z remote: Counting objects:  81% (9/11)        
2021-02-03T16:15:56.4555450Z remote: Counting objects:  90% (10/11)        
2021-02-03T16:15:56.4556186Z remote: Counting objects: 100% (11/11)        
2021-02-03T16:15:56.4556949Z remote: Counting objects: 100% (11/11), done.        
2021-02-03T16:15:56.4557723Z remote: Compressing objects:  11% (1/9)        
2021-02-03T16:15:56.4558507Z remote: Compressing objects:  22% (2/9)        
2021-02-03T16:15:56.4559270Z remote: Compressing objects:  33% (3/9)        
2021-02-03T16:15:56.4560046Z remote: Compressing objects:  44% (4/9)        
2021-02-03T16:15:56.4560820Z remote: Compressing objects:  55% (5/9)        
2021-02-03T16:15:56.4561596Z remote: Compressing objects:  66% (6/9)        
2021-02-03T16:15:56.4562362Z remote: Compressing objects:  77% (7/9)        
2021-02-03T16:15:56.4563153Z remote: Compressing objects:  88% (8/9)        
2021-02-03T16:15:56.4563925Z remote: Compressing objects: 100% (9/9)        
2021-02-03T16:15:56.4564737Z remote: Compressing objects: 100% (9/9), done.        
2021-02-03T16:15:56.4566289Z remote: Total 11 (delta 0), reused 7 (delta 0), pack-reused 0        
2021-02-03T16:15:56.4567431Z From https://github.com/con/tinuous
2021-02-03T16:15:56.4568676Z  * [new ref]         6f4efaa42f5b0efa24a7f7f5a0a12b4a89e57275 -> pull/13/merge
2021-02-03T16:15:56.4570138Z ##[endgroup]
2021-02-03T16:15:56.4570784Z ##[group]Determining the checkout info
2021-02-03T16:15:56.4571343Z ##[endgroup]
2021-02-03T16:15:56.4571866Z ##[group]Checking out the ref
2021-02-03T16:15:56.4572853Z [command]/usr/bin/git checkout --progress --force refs/remotes/pull/13/merge
2021-02-03T16:15:56.4573839Z Note: switching to 'refs/remotes/pull/13/merge'.
2021-02-03T16:15:56.4574263Z 
2021-02-03T16:15:56.4575081Z You are in 'detached HEAD' state. You can look around, make experimental
2021-02-03T16:15:56.4575944Z changes and commit them, and you can discard any commits you make in this
2021-02-03T16:15:56.4576774Z state without impacting any branches by switching back to a branch.
2021-02-03T16:15:56.4577263Z 
2021-02-03T16:15:56.4577847Z If you want to create a new branch to retain commits you create, you may
2021-02-03T16:15:56.4578843Z do so (now or later) by using -c with the switch command. Example:
2021-02-03T16:15:56.4579285Z 
2021-02-03T16:15:56.4579950Z   git switch -c <new-branch-name>
2021-02-03T16:15:56.4580322Z 
2021-02-03T16:15:56.4580795Z Or undo this operation with:
2021-02-03T16:15:56.4581146Z 
2021-02-03T16:15:56.4582073Z   git switch -
2021-02-03T16:15:56.4582567Z 
2021-02-03T16:15:56.4583411Z Turn off this advice by setting config variable advice.detachedHead to false
2021-02-03T16:15:56.4584107Z 
2021-02-03T16:15:56.4585170Z HEAD is now at 6f4efaa Merge 159e21f1f3910be38360cd876b31c2bdde6fd674 into e5e762623adba98075ccf26d687537db764029ee
2021-02-03T16:15:56.4586365Z ##[endgroup]
2021-02-03T16:15:56.4587357Z [command]/usr/bin/git log -1 --format='%H'
2021-02-03T16:15:56.4588594Z '6f4efaa42f5b0efa24a7f7f5a0a12b4a89e57275'
2021-02-03T16:15:56.4778889Z ##[group]Run actions/setup-python@v2
2021-02-03T16:15:56.4779492Z with:
2021-02-03T16:15:56.4779958Z   python-version: 3.8
2021-02-03T16:15:56.4780852Z   token: ***
2021-02-03T16:15:56.4781299Z ##[endgroup]
2021-02-03T16:15:56.5594370Z Successfully setup CPython (3.8.7)
2021-02-03T16:15:56.5672050Z ##[group]Run python -m pip install --upgrade pip wheel
2021-02-03T16:15:56.5673029Z [36;1mpython -m pip install --upgrade pip wheel[0m
2021-02-03T16:15:56.5673787Z [36;1mpython -m pip install -r requirements.txt[0m
2021-02-03T16:15:56.5722344Z shell: /usr/bin/bash -e {0}
2021-02-03T16:15:56.5722929Z env:
2021-02-03T16:15:56.5723592Z   pythonLocation: /opt/hostedtoolcache/Python/3.8.7/x64
2021-02-03T16:15:56.5724534Z   LD_LIBRARY_PATH: /opt/hostedtoolcache/Python/3.8.7/x64/lib
2021-02-03T16:15:56.5725193Z ##[endgroup]
2021-02-03T16:15:57.1050518Z Requirement already satisfied: pip in /opt/hostedtoolcache/Python/3.8.7/x64/lib/python3.8/site-packages (21.0.1)
2021-02-03T16:15:57.5005359Z Collecting wheel
2021-02-03T16:15:57.5645824Z   Downloading wheel-0.36.2-py2.py3-none-any.whl (35 kB)
2021-02-03T16:15:57.6088869Z Installing collected packages: wheel
2021-02-03T16:15:57.6462301Z Successfully installed wheel-0.36.2
2021-02-03T16:15:58.3860735Z Collecting cfgv~=3.0
2021-02-03T16:15:58.4454081Z   Downloading cfgv-3.2.0-py2.py3-none-any.whl (7.3 kB)
2021-02-03T16:15:58.5150930Z Collecting click~=7.0
2021-02-03T16:15:58.5304744Z   Downloading click-7.1.2-py2.py3-none-any.whl (82 kB)
2021-02-03T16:15:58.5774994Z Collecting click-loglevel~=0.2
2021-02-03T16:15:58.5917719Z   Downloading click_loglevel-0.2.0-py3-none-any.whl (4.2 kB)
2021-02-03T16:15:58.6483223Z Collecting PyGithub~=1.53
2021-02-03T16:15:58.6650890Z   Downloading PyGithub-1.54.1-py3-none-any.whl (289 kB)
2021-02-03T16:15:58.7716569Z Collecting python-dateutil~=2.7
2021-02-03T16:15:58.7860483Z   Downloading python_dateutil-2.8.1-py2.py3-none-any.whl (227 kB)
2021-02-03T16:15:58.9167963Z Collecting PyYAML~=5.0
2021-02-03T16:15:58.9314397Z   Downloading PyYAML-5.4.1-cp38-cp38-manylinux1_x86_64.whl (662 kB)
2021-02-03T16:15:59.1197140Z Collecting requests~=2.20
2021-02-03T16:15:59.1343791Z   Downloading requests-2.25.1-py2.py3-none-any.whl (61 kB)
2021-02-03T16:15:59.2557644Z Collecting deprecated
2021-02-03T16:15:59.2698256Z   Downloading Deprecated-1.2.11-py2.py3-none-any.whl (9.1 kB)
2021-02-03T16:15:59.3607583Z Collecting pyjwt<2.0
2021-02-03T16:15:59.3759467Z   Downloading PyJWT-1.7.1-py2.py3-none-any.whl (18 kB)
2021-02-03T16:15:59.4448520Z Collecting six>=1.5
2021-02-03T16:15:59.4608863Z   Downloading six-1.15.0-py2.py3-none-any.whl (10 kB)
2021-02-03T16:15:59.5546016Z Collecting certifi>=2017.4.17
2021-02-03T16:15:59.5809388Z   Downloading certifi-2020.12.5-py2.py3-none-any.whl (147 kB)
2021-02-03T16:15:59.6291806Z Collecting chardet<5,>=3.0.2
2021-02-03T16:15:59.6437599Z   Downloading chardet-4.0.0-py2.py3-none-any.whl (178 kB)
2021-02-03T16:15:59.7668656Z Collecting urllib3<1.27,>=1.21.1
2021-02-03T16:15:59.7850844Z   Downloading urllib3-1.26.3-py2.py3-none-any.whl (137 kB)
2021-02-03T16:15:59.8403884Z Collecting idna<3,>=2.5
2021-02-03T16:16:00.7858362Z   Downloading idna-2.10-py2.py3-none-any.whl (58 kB)
2021-02-03T16:16:00.7874672Z Collecting wrapt<2,>=1.10
2021-02-03T16:16:00.7876759Z   Downloading wrapt-1.12.1.tar.gz (27 kB)
2021-02-03T16:16:00.7877469Z Building wheels for collected packages: wrapt
2021-02-03T16:16:00.7878099Z   Building wheel for wrapt (setup.py): started
2021-02-03T16:16:01.8683256Z   Building wheel for wrapt (setup.py): finished with status 'done'
2021-02-03T16:16:01.8694173Z   Created wheel for wrapt: filename=wrapt-1.12.1-cp38-cp38-linux_x86_64.whl size=81796 sha256=45ab3df6027b25df1578ef1f521125a2941222dc16e3dce234e83f69e099dc3d
2021-02-03T16:16:01.8695903Z   Stored in directory: /home/runner/.cache/pip/wheels/5f/fd/9e/b6cf5890494cb8ef0b5eaff72e5d55a70fb56316007d6dfe73
2021-02-03T16:16:01.8713162Z Successfully built wrapt
2021-02-03T16:16:01.9690363Z Installing collected packages: wrapt, urllib3, idna, chardet, certifi, six, requests, pyjwt, deprecated, click, PyYAML, python-dateutil, PyGithub, click-loglevel, cfgv
2021-02-03T16:16:02.8857823Z Successfully installed PyGithub-1.54.1 PyYAML-5.4.1 certifi-2020.12.5 cfgv-3.2.0 chardet-4.0.0 click-7.1.2 click-loglevel-0.2.0 deprecated-1.2.11 idna-2.10 pyjwt-1.7.1 python-dateutil-2.8.1 requests-2.25.1 six-1.15.0 urllib3-1.26.3 wrapt-1.12.1
2021-02-03T16:16:02.9533598Z ##[group]Run python tinuous --help
2021-02-03T16:16:02.9534215Z [36;1mpython tinuous --help[0m
2021-02-03T16:16:02.9577835Z shell: /usr/bin/bash -e {0}
2021-02-03T16:16:02.9578208Z env:
2021-02-03T16:16:02.9578754Z   pythonLocation: /opt/hostedtoolcache/Python/3.8.7/x64
2021-02-03T16:16:02.9579482Z   LD_LIBRARY_PATH: /opt/hostedtoolcache/Python/3.8.7/x64/lib
2021-02-03T16:16:02.9580018Z ##[endgroup]
2021-02-03T16:16:03.1942926Z Usage: tinuous [OPTIONS]
2021-02-03T16:16:03.1943291Z 
2021-02-03T16:16:03.1943606Z Options:
2021-02-03T16:16:03.1944802Z   -c, --config FILE               Read configuration from the given file
2021-02-03T16:16:03.1945468Z                                   [default: config.yml]
2021-02-03T16:16:03.1945782Z 
2021-02-03T16:16:03.1946469Z   -l, --log-level [NOTSET|DEBUG|INFO|WARNING|ERROR|CRITICAL]
2021-02-03T16:16:03.1947130Z                                   Set logging level  [default: INFO]
2021-02-03T16:16:03.1948011Z   -S, --state FILE                Store program state in the given file
2021-02-03T16:16:03.1948634Z                                   [default: .dlstate.json]
2021-02-03T16:16:03.1948963Z 
2021-02-03T16:16:03.1949586Z   --help                          Show this message and exit.
2021-02-03T16:16:03.2218540Z Post job cleanup.
2021-02-03T16:16:03.3312741Z [command]/usr/bin/git version
2021-02-03T16:16:03.3363507Z git version 2.30.0
2021-02-03T16:16:03.3415124Z [command]/usr/bin/git config --local --name-only --get-regexp core\.sshCommand
2021-02-03T16:16:03.3450213Z [command]/usr/bin/git submodule foreach --recursive git config --local --name-only --get-regexp 'core\.sshCommand' && git config --local --unset-all 'core.sshCommand' || :
2021-02-03T16:16:03.3695891Z [command]/usr/bin/git config --local --name-only --get-regexp http\.https\:\/\/github\.com\/\.extraheader
2021-02-03T16:16:03.3728767Z http.https://github.com/.extraheader
2021-02-03T16:16:03.3740571Z [command]/usr/bin/git config --local --unset-all http.https://github.com/.extraheader
2021-02-03T16:16:03.3774583Z [command]/usr/bin/git submodule foreach --recursive git config --local --name-only --get-regexp 'http\.https\:\/\/github\.com\/\.extraheader' && git config --local --unset-all 'http.https://github.com/.extraheader' || :
2021-02-03T16:16:03.4071994Z Cleaning up orphan processes
