2021-10-13T15:29:44.3997418Z Can't find any online and idle self-hosted or hosted runner in the current repository, account/organization  that matches the required labels: 'ubuntu-latest'
2021-10-13T15:29:44.6546966Z Waiting for a self-hosted or a hosted runner to pickup this job...
2021-10-13T15:29:53.0000343Z Job is waiting for a hosted runner to come online.
2021-10-13T15:30:56.6250869Z Job is about to start running on the hosted runner: GitHub Actions 11 (hosted)
2021-10-13T15:30:59.5558013Z Current runner version: '2.283.2'
2021-10-13T15:30:59.5584750Z ##[group]Operating System
2021-10-13T15:30:59.5585612Z Ubuntu
2021-10-13T15:30:59.5586100Z 20.04.3
2021-10-13T15:30:59.5586496Z LTS
2021-10-13T15:30:59.5587012Z ##[endgroup]
2021-10-13T15:30:59.5587538Z ##[group]Virtual Environment
2021-10-13T15:30:59.5588169Z Environment: ubuntu-20.04
2021-10-13T15:30:59.5588751Z Version: 20211011.1
2021-10-13T15:30:59.5589693Z Included Software: https://github.com/actions/virtual-environments/blob/ubuntu20/20211011.1/images/linux/Ubuntu2004-README.md
2021-10-13T15:30:59.5591016Z Image Release: https://github.com/actions/virtual-environments/releases/tag/ubuntu20%2F20211011.1
2021-10-13T15:30:59.5591896Z ##[endgroup]
2021-10-13T15:30:59.5592464Z ##[group]Virtual Environment Provisioner
2021-10-13T15:30:59.5593137Z 1.0.0.0-master-20211007-1
2021-10-13T15:30:59.5593625Z ##[endgroup]
2021-10-13T15:30:59.5595557Z ##[group]GITHUB_TOKEN Permissions
2021-10-13T15:30:59.5596813Z Actions: write
2021-10-13T15:30:59.5597380Z Checks: write
2021-10-13T15:30:59.5597895Z Contents: write
2021-10-13T15:30:59.5598410Z Deployments: write
2021-10-13T15:30:59.5598970Z Discussions: write
2021-10-13T15:30:59.5599516Z Issues: write
2021-10-13T15:30:59.5600220Z Metadata: read
2021-10-13T15:30:59.5600771Z Packages: write
2021-10-13T15:30:59.5601262Z Pages: write
2021-10-13T15:30:59.5601802Z PullRequests: write
2021-10-13T15:30:59.5602384Z RepositoryProjects: write
2021-10-13T15:30:59.5603050Z SecurityEvents: write
2021-10-13T15:30:59.5603569Z Statuses: write
2021-10-13T15:30:59.5604212Z ##[endgroup]
2021-10-13T15:30:59.5607185Z Prepare workflow directory
2021-10-13T15:30:59.6190927Z Prepare all required actions
2021-10-13T15:30:59.6200811Z Getting action download info
2021-10-13T15:31:00.0152284Z Download action repository 'actions/checkout@v2' (SHA:5a4ac9002d0be2fb38bd78e4b4dbde5606d7042f)
2021-10-13T15:31:01.7434635Z Download action repository 'actions/setup-python@v2' (SHA:dc73133d4da04e56a135ae2246682783cc7c7cb6)
2021-10-13T15:31:01.9879938Z Download action repository 'codecov/codecov-action@v2' (SHA:f32b3a3741e1053eb607407145bc9619351dc93b)
2021-10-13T15:31:02.4326677Z ##[group]Run actions/checkout@v2
2021-10-13T15:31:02.4327270Z with:
2021-10-13T15:31:02.4327625Z   fetch-depth: 0
2021-10-13T15:31:02.4328050Z   repository: con/tinuous
2021-10-13T15:31:02.4328913Z   token: ***
2021-10-13T15:31:02.4329287Z   ssh-strict: true
2021-10-13T15:31:02.4329765Z   persist-credentials: true
2021-10-13T15:31:02.4330334Z   clean: true
2021-10-13T15:31:02.4330886Z   lfs: false
2021-10-13T15:31:02.4331259Z   submodules: false
2021-10-13T15:31:02.4331644Z ##[endgroup]
2021-10-13T15:31:03.2607461Z Syncing repository: con/tinuous
2021-10-13T15:31:03.2685614Z ##[group]Getting Git version info
2021-10-13T15:31:03.2714229Z Working directory is '/home/runner/work/tinuous/tinuous'
2021-10-13T15:31:03.2715684Z [command]/usr/bin/git version
2021-10-13T15:31:03.2716208Z git version 2.33.0
2021-10-13T15:31:03.2718413Z ##[endgroup]
2021-10-13T15:31:03.2719249Z Deleting the contents of '/home/runner/work/tinuous/tinuous'
2021-10-13T15:31:03.2722179Z ##[group]Initializing the repository
2021-10-13T15:31:03.2722931Z [command]/usr/bin/git init /home/runner/work/tinuous/tinuous
2021-10-13T15:31:03.2723967Z hint: Using 'master' as the name for the initial branch. This default branch name
2021-10-13T15:31:03.2724839Z hint: is subject to change. To configure the initial branch name to use in all
2021-10-13T15:31:03.2725708Z hint: of your new repositories, which will suppress this warning, call:
2021-10-13T15:31:03.2726352Z hint: 
2021-10-13T15:31:03.2727116Z hint: 	git config --global init.defaultBranch <name>
2021-10-13T15:31:03.2727738Z hint: 
2021-10-13T15:31:03.2728509Z hint: Names commonly chosen instead of 'master' are 'main', 'trunk' and
2021-10-13T15:31:03.2729550Z hint: 'development'. The just-created branch can be renamed via this command:
2021-10-13T15:31:03.2730241Z hint: 
2021-10-13T15:31:03.2730839Z hint: 	git branch -m <name>
2021-10-13T15:31:03.2731577Z Initialized empty Git repository in /home/runner/work/tinuous/tinuous/.git/
2021-10-13T15:31:03.2732835Z [command]/usr/bin/git remote add origin https://github.com/con/tinuous
2021-10-13T15:31:03.2734021Z ##[endgroup]
2021-10-13T15:31:03.2735377Z ##[group]Disabling automatic garbage collection
2021-10-13T15:31:03.2736302Z [command]/usr/bin/git config --local gc.auto 0
2021-10-13T15:31:03.2747329Z ##[endgroup]
2021-10-13T15:31:03.2750291Z ##[group]Setting up auth
2021-10-13T15:31:03.2751298Z [command]/usr/bin/git config --local --name-only --get-regexp core\.sshCommand
2021-10-13T15:31:03.2753035Z [command]/usr/bin/git submodule foreach --recursive git config --local --name-only --get-regexp 'core\.sshCommand' && git config --local --unset-all 'core.sshCommand' || :
2021-10-13T15:31:03.2754551Z [command]/usr/bin/git config --local --name-only --get-regexp http\.https\:\/\/github\.com\/\.extraheader
2021-10-13T15:31:03.2756418Z [command]/usr/bin/git submodule foreach --recursive git config --local --name-only --get-regexp 'http\.https\:\/\/github\.com\/\.extraheader' && git config --local --unset-all 'http.https://github.com/.extraheader' || :
2021-10-13T15:31:03.2758237Z [command]/usr/bin/git config --local http.https://github.com/.extraheader AUTHORIZATION: basic ***
2021-10-13T15:31:03.2759605Z ##[endgroup]
2021-10-13T15:31:03.2760885Z ##[group]Fetching the repository
2021-10-13T15:31:03.2762269Z [command]/usr/bin/git -c protocol.version=2 fetch --prune --progress --no-recurse-submodules origin +refs/heads/*:refs/remotes/origin/* +refs/tags/*:refs/tags/*
2021-10-13T15:31:03.8146413Z remote: Enumerating objects: 889, done.        
2021-10-13T15:31:03.8151994Z remote: Counting objects:   0% (1/543)        
2021-10-13T15:31:03.8155959Z remote: Counting objects:   1% (6/543)        
2021-10-13T15:31:03.8157476Z remote: Counting objects:   2% (11/543)        
2021-10-13T15:31:03.8163039Z remote: Counting objects:   3% (17/543)        
2021-10-13T15:31:03.8164584Z remote: Counting objects:   4% (22/543)        
2021-10-13T15:31:03.8166236Z remote: Counting objects:   5% (28/543)        
2021-10-13T15:31:03.8170770Z remote: Counting objects:   6% (33/543)        
2021-10-13T15:31:03.8172757Z remote: Counting objects:   7% (39/543)        
2021-10-13T15:31:03.8224168Z remote: Counting objects:   8% (44/543)        
2021-10-13T15:31:03.8225239Z remote: Counting objects:   9% (49/543)        
2021-10-13T15:31:03.8226669Z remote: Counting objects:  10% (55/543)        
2021-10-13T15:31:03.8227780Z remote: Counting objects:  11% (60/543)        
2021-10-13T15:31:03.8228820Z remote: Counting objects:  12% (66/543)        
2021-10-13T15:31:03.8229960Z remote: Counting objects:  13% (71/543)        
2021-10-13T15:31:03.8230941Z remote: Counting objects:  14% (77/543)        
2021-10-13T15:31:03.8231944Z remote: Counting objects:  15% (82/543)        
2021-10-13T15:31:03.8233016Z remote: Counting objects:  16% (87/543)        
2021-10-13T15:31:03.8234217Z remote: Counting objects:  17% (93/543)        
2021-10-13T15:31:03.8235222Z remote: Counting objects:  18% (98/543)        
2021-10-13T15:31:03.8236307Z remote: Counting objects:  19% (104/543)        
2021-10-13T15:31:03.8237218Z remote: Counting objects:  20% (109/543)        
2021-10-13T15:31:03.8238173Z remote: Counting objects:  21% (115/543)        
2021-10-13T15:31:03.8239184Z remote: Counting objects:  22% (120/543)        
2021-10-13T15:31:03.8240330Z remote: Counting objects:  23% (125/543)        
2021-10-13T15:31:03.8241286Z remote: Counting objects:  24% (131/543)        
2021-10-13T15:31:03.8242139Z remote: Counting objects:  25% (136/543)        
2021-10-13T15:31:03.8243020Z remote: Counting objects:  26% (142/543)        
2021-10-13T15:31:03.8244010Z remote: Counting objects:  27% (147/543)        
2021-10-13T15:31:03.8244657Z remote: Counting objects:  28% (153/543)        
2021-10-13T15:31:03.8245308Z remote: Counting objects:  29% (158/543)        
2021-10-13T15:31:03.8245940Z remote: Counting objects:  30% (163/543)        
2021-10-13T15:31:03.8246551Z remote: Counting objects:  31% (169/543)        
2021-10-13T15:31:03.8247510Z remote: Counting objects:  32% (174/543)        
2021-10-13T15:31:03.8248192Z remote: Counting objects:  33% (180/543)        
2021-10-13T15:31:03.8248803Z remote: Counting objects:  34% (185/543)        
2021-10-13T15:31:03.8249400Z remote: Counting objects:  35% (191/543)        
2021-10-13T15:31:03.8250036Z remote: Counting objects:  36% (196/543)        
2021-10-13T15:31:03.8251780Z remote: Counting objects:  37% (201/543)        
2021-10-13T15:31:03.8252275Z remote: Counting objects:  38% (207/543)        
2021-10-13T15:31:03.8259911Z remote: Counting objects:  39% (212/543)        
2021-10-13T15:31:03.8260631Z remote: Counting objects:  40% (218/543)        
2021-10-13T15:31:03.8261699Z remote: Counting objects:  41% (223/543)        
2021-10-13T15:31:03.8262220Z remote: Counting objects:  42% (229/543)        
2021-10-13T15:31:03.8262705Z remote: Counting objects:  43% (234/543)        
2021-10-13T15:31:03.8263197Z remote: Counting objects:  44% (239/543)        
2021-10-13T15:31:03.8263804Z remote: Counting objects:  45% (245/543)        
2021-10-13T15:31:03.8264367Z remote: Counting objects:  46% (250/543)        
2021-10-13T15:31:03.8264843Z remote: Counting objects:  47% (256/543)        
2021-10-13T15:31:03.8265325Z remote: Counting objects:  48% (261/543)        
2021-10-13T15:31:03.8265797Z remote: Counting objects:  49% (267/543)        
2021-10-13T15:31:03.8266282Z remote: Counting objects:  50% (272/543)        
2021-10-13T15:31:03.8266764Z remote: Counting objects:  51% (277/543)        
2021-10-13T15:31:03.8267233Z remote: Counting objects:  52% (283/543)        
2021-10-13T15:31:03.8267711Z remote: Counting objects:  53% (288/543)        
2021-10-13T15:31:03.8268184Z remote: Counting objects:  54% (294/543)        
2021-10-13T15:31:03.8268676Z remote: Counting objects:  55% (299/543)        
2021-10-13T15:31:03.8269163Z remote: Counting objects:  56% (305/543)        
2021-10-13T15:31:03.8269633Z remote: Counting objects:  57% (310/543)        
2021-10-13T15:31:03.8270174Z remote: Counting objects:  58% (315/543)        
2021-10-13T15:31:03.8270924Z remote: Counting objects:  59% (321/543)        
2021-10-13T15:31:03.8271428Z remote: Counting objects:  60% (326/543)        
2021-10-13T15:31:03.8271902Z remote: Counting objects:  61% (332/543)        
2021-10-13T15:31:03.8272387Z remote: Counting objects:  62% (337/543)        
2021-10-13T15:31:03.8272874Z remote: Counting objects:  63% (343/543)        
2021-10-13T15:31:03.8273528Z remote: Counting objects:  64% (348/543)        
2021-10-13T15:31:03.8274021Z remote: Counting objects:  65% (353/543)        
2021-10-13T15:31:03.8274510Z remote: Counting objects:  66% (359/543)        
2021-10-13T15:31:03.8274984Z remote: Counting objects:  67% (364/543)        
2021-10-13T15:31:03.8275469Z remote: Counting objects:  68% (370/543)        
2021-10-13T15:31:03.8275943Z remote: Counting objects:  69% (375/543)        
2021-10-13T15:31:03.8276440Z remote: Counting objects:  70% (381/543)        
2021-10-13T15:31:03.8276985Z remote: Counting objects:  71% (386/543)        
2021-10-13T15:31:03.8277507Z remote: Counting objects:  72% (391/543)        
2021-10-13T15:31:03.8277996Z remote: Counting objects:  73% (397/543)        
2021-10-13T15:31:03.8278469Z remote: Counting objects:  74% (402/543)        
2021-10-13T15:31:03.8278957Z remote: Counting objects:  75% (408/543)        
2021-10-13T15:31:03.8279426Z remote: Counting objects:  76% (413/543)        
2021-10-13T15:31:03.8279909Z remote: Counting objects:  77% (419/543)        
2021-10-13T15:31:03.8280558Z remote: Counting objects:  78% (424/543)        
2021-10-13T15:31:03.8281035Z remote: Counting objects:  79% (429/543)        
2021-10-13T15:31:03.8281522Z remote: Counting objects:  80% (435/543)        
2021-10-13T15:31:03.8282004Z remote: Counting objects:  81% (440/543)        
2021-10-13T15:31:03.8282486Z remote: Counting objects:  82% (446/543)        
2021-10-13T15:31:03.8282977Z remote: Counting objects:  83% (451/543)        
2021-10-13T15:31:03.8283635Z remote: Counting objects:  84% (457/543)        
2021-10-13T15:31:03.8284254Z remote: Counting objects:  85% (462/543)        
2021-10-13T15:31:03.8284733Z remote: Counting objects:  86% (467/543)        
2021-10-13T15:31:03.8285213Z remote: Counting objects:  87% (473/543)        
2021-10-13T15:31:03.8285686Z remote: Counting objects:  88% (478/543)        
2021-10-13T15:31:03.8372676Z remote: Counting objects:  89% (484/543)        
2021-10-13T15:31:03.8373778Z remote: Counting objects:  90% (489/543)        
2021-10-13T15:31:03.8374428Z remote: Counting objects:  91% (495/543)        
2021-10-13T15:31:03.8375073Z remote: Counting objects:  92% (500/543)        
2021-10-13T15:31:03.8375688Z remote: Counting objects:  93% (505/543)        
2021-10-13T15:31:03.8376514Z remote: Counting objects:  94% (511/543)        
2021-10-13T15:31:03.8377144Z remote: Counting objects:  95% (516/543)        
2021-10-13T15:31:03.8377754Z remote: Counting objects:  96% (522/543)        
2021-10-13T15:31:03.8378469Z remote: Counting objects:  97% (527/543)        
2021-10-13T15:31:03.8379096Z remote: Counting objects:  98% (533/543)        
2021-10-13T15:31:03.8379710Z remote: Counting objects:  99% (538/543)        
2021-10-13T15:31:03.8380310Z remote: Counting objects: 100% (543/543)        
2021-10-13T15:31:03.8380964Z remote: Counting objects: 100% (543/543), done.        
2021-10-13T15:31:03.8381646Z remote: Compressing objects:   0% (1/286)        
2021-10-13T15:31:03.8382292Z remote: Compressing objects:   1% (3/286)        
2021-10-13T15:31:03.8382962Z remote: Compressing objects:   2% (6/286)        
2021-10-13T15:31:03.8383609Z remote: Compressing objects:   3% (9/286)        
2021-10-13T15:31:03.8384250Z remote: Compressing objects:   4% (12/286)        
2021-10-13T15:31:03.8384927Z remote: Compressing objects:   5% (15/286)        
2021-10-13T15:31:03.8385578Z remote: Compressing objects:   6% (18/286)        
2021-10-13T15:31:03.8386214Z remote: Compressing objects:   7% (21/286)        
2021-10-13T15:31:03.8386912Z remote: Compressing objects:   8% (23/286)        
2021-10-13T15:31:03.8387751Z remote: Compressing objects:   9% (26/286)        
2021-10-13T15:31:03.8388440Z remote: Compressing objects:  10% (29/286)        
2021-10-13T15:31:03.8389115Z remote: Compressing objects:  11% (32/286)        
2021-10-13T15:31:03.8389753Z remote: Compressing objects:  12% (35/286)        
2021-10-13T15:31:03.8390407Z remote: Compressing objects:  13% (38/286)        
2021-10-13T15:31:03.8391092Z remote: Compressing objects:  14% (41/286)        
2021-10-13T15:31:03.8391731Z remote: Compressing objects:  15% (43/286)        
2021-10-13T15:31:03.8392379Z remote: Compressing objects:  16% (46/286)        
2021-10-13T15:31:03.8393024Z remote: Compressing objects:  17% (49/286)        
2021-10-13T15:31:03.8393671Z remote: Compressing objects:  18% (52/286)        
2021-10-13T15:31:03.8394317Z remote: Compressing objects:  19% (55/286)        
2021-10-13T15:31:03.8394963Z remote: Compressing objects:  20% (58/286)        
2021-10-13T15:31:03.8395616Z remote: Compressing objects:  21% (61/286)        
2021-10-13T15:31:03.8398645Z remote: Compressing objects:  22% (63/286)        
2021-10-13T15:31:03.8399192Z remote: Compressing objects:  23% (66/286)        
2021-10-13T15:31:03.8399705Z remote: Compressing objects:  24% (69/286)        
2021-10-13T15:31:03.8400422Z remote: Compressing objects:  25% (72/286)        
2021-10-13T15:31:03.8400939Z remote: Compressing objects:  26% (75/286)        
2021-10-13T15:31:03.8401466Z remote: Compressing objects:  27% (78/286)        
2021-10-13T15:31:03.8401981Z remote: Compressing objects:  28% (81/286)        
2021-10-13T15:31:03.8402507Z remote: Compressing objects:  29% (83/286)        
2021-10-13T15:31:03.8403035Z remote: Compressing objects:  30% (86/286)        
2021-10-13T15:31:03.8403549Z remote: Compressing objects:  31% (89/286)        
2021-10-13T15:31:03.8404080Z remote: Compressing objects:  32% (92/286)        
2021-10-13T15:31:03.8404597Z remote: Compressing objects:  33% (95/286)        
2021-10-13T15:31:03.8405286Z remote: Compressing objects:  34% (98/286)        
2021-10-13T15:31:03.8405822Z remote: Compressing objects:  35% (101/286)        
2021-10-13T15:31:03.8406338Z remote: Compressing objects:  36% (103/286)        
2021-10-13T15:31:03.8406876Z remote: Compressing objects:  37% (106/286)        
2021-10-13T15:31:03.8407397Z remote: Compressing objects:  38% (109/286)        
2021-10-13T15:31:03.8407930Z remote: Compressing objects:  39% (112/286)        
2021-10-13T15:31:03.8408444Z remote: Compressing objects:  40% (115/286)        
2021-10-13T15:31:03.8408971Z remote: Compressing objects:  41% (118/286)        
2021-10-13T15:31:03.8409500Z remote: Compressing objects:  42% (121/286)        
2021-10-13T15:31:03.8410020Z remote: Compressing objects:  43% (123/286)        
2021-10-13T15:31:03.8410548Z remote: Compressing objects:  44% (126/286)        
2021-10-13T15:31:03.8411094Z remote: Compressing objects:  45% (129/286)        
2021-10-13T15:31:03.8411624Z remote: Compressing objects:  46% (132/286)        
2021-10-13T15:31:03.8412161Z remote: Compressing objects:  47% (135/286)        
2021-10-13T15:31:03.8412678Z remote: Compressing objects:  48% (138/286)        
2021-10-13T15:31:03.8413206Z remote: Compressing objects:  49% (141/286)        
2021-10-13T15:31:03.8413722Z remote: Compressing objects:  50% (143/286)        
2021-10-13T15:31:03.8414248Z remote: Compressing objects:  51% (146/286)        
2021-10-13T15:31:03.8414776Z remote: Compressing objects:  52% (149/286)        
2021-10-13T15:31:03.8415294Z remote: Compressing objects:  53% (152/286)        
2021-10-13T15:31:03.8415819Z remote: Compressing objects:  54% (155/286)        
2021-10-13T15:31:03.8416333Z remote: Compressing objects:  55% (158/286)        
2021-10-13T15:31:03.8416861Z remote: Compressing objects:  56% (161/286)        
2021-10-13T15:31:03.8417376Z remote: Compressing objects:  57% (164/286)        
2021-10-13T15:31:03.8417901Z remote: Compressing objects:  58% (166/286)        
2021-10-13T15:31:03.8418432Z remote: Compressing objects:  59% (169/286)        
2021-10-13T15:31:03.8419028Z remote: Compressing objects:  60% (172/286)        
2021-10-13T15:31:03.8419567Z remote: Compressing objects:  61% (175/286)        
2021-10-13T15:31:03.8420080Z remote: Compressing objects:  62% (178/286)        
2021-10-13T15:31:03.8420605Z remote: Compressing objects:  63% (181/286)        
2021-10-13T15:31:03.8421129Z remote: Compressing objects:  64% (184/286)        
2021-10-13T15:31:03.8421639Z remote: Compressing objects:  65% (186/286)        
2021-10-13T15:31:03.8422168Z remote: Compressing objects:  66% (189/286)        
2021-10-13T15:31:03.8422684Z remote: Compressing objects:  67% (192/286)        
2021-10-13T15:31:03.8423210Z remote: Compressing objects:  68% (195/286)        
2021-10-13T15:31:03.8423722Z remote: Compressing objects:  69% (198/286)        
2021-10-13T15:31:03.8424246Z remote: Compressing objects:  70% (201/286)        
2021-10-13T15:31:03.8424773Z remote: Compressing objects:  71% (204/286)        
2021-10-13T15:31:03.8425294Z remote: Compressing objects:  72% (206/286)        
2021-10-13T15:31:03.8425824Z remote: Compressing objects:  73% (209/286)        
2021-10-13T15:31:03.8426334Z remote: Compressing objects:  74% (212/286)        
2021-10-13T15:31:03.8426862Z remote: Compressing objects:  75% (215/286)        
2021-10-13T15:31:03.8427388Z remote: Compressing objects:  76% (218/286)        
2021-10-13T15:31:03.8427901Z remote: Compressing objects:  77% (221/286)        
2021-10-13T15:31:03.8428425Z remote: Compressing objects:  78% (224/286)        
2021-10-13T15:31:03.8428938Z remote: Compressing objects:  79% (226/286)        
2021-10-13T15:31:03.8429465Z remote: Compressing objects:  80% (229/286)        
2021-10-13T15:31:03.8429995Z remote: Compressing objects:  81% (232/286)        
2021-10-13T15:31:03.8430505Z remote: Compressing objects:  82% (235/286)        
2021-10-13T15:31:03.8431029Z remote: Compressing objects:  83% (238/286)        
2021-10-13T15:31:03.8431543Z remote: Compressing objects:  84% (241/286)        
2021-10-13T15:31:03.8432149Z remote: Compressing objects:  85% (244/286)        
2021-10-13T15:31:03.8432664Z remote: Compressing objects:  86% (246/286)        
2021-10-13T15:31:03.8433187Z remote: Compressing objects:  87% (249/286)        
2021-10-13T15:31:03.8433714Z remote: Compressing objects:  88% (252/286)        
2021-10-13T15:31:03.8434228Z remote: Compressing objects:  89% (255/286)        
2021-10-13T15:31:03.8434912Z remote: Compressing objects:  90% (258/286)        
2021-10-13T15:31:03.8435444Z remote: Compressing objects:  91% (261/286)        
2021-10-13T15:31:03.8435974Z remote: Compressing objects:  92% (264/286)        
2021-10-13T15:31:03.8436490Z remote: Compressing objects:  93% (266/286)        
2021-10-13T15:31:03.8437023Z remote: Compressing objects:  94% (269/286)        
2021-10-13T15:31:03.8437535Z remote: Compressing objects:  95% (272/286)        
2021-10-13T15:31:03.8438066Z remote: Compressing objects:  96% (275/286)        
2021-10-13T15:31:03.8438584Z remote: Compressing objects:  97% (278/286)        
2021-10-13T15:31:03.8439115Z remote: Compressing objects:  98% (281/286)        
2021-10-13T15:31:03.8439645Z remote: Compressing objects:  99% (284/286)        
2021-10-13T15:31:03.8444006Z remote: Compressing objects: 100% (286/286)        
2021-10-13T15:31:03.8444619Z remote: Compressing objects: 100% (286/286), done.        
2021-10-13T15:31:03.8478707Z Receiving objects:   0% (1/889)
2021-10-13T15:31:03.8479206Z Receiving objects:   1% (9/889)
2021-10-13T15:31:03.8479654Z Receiving objects:   2% (18/889)
2021-10-13T15:31:03.8480243Z Receiving objects:   3% (27/889)
2021-10-13T15:31:03.8480685Z Receiving objects:   4% (36/889)
2021-10-13T15:31:03.8481113Z Receiving objects:   5% (45/889)
2021-10-13T15:31:03.8481554Z Receiving objects:   6% (54/889)
2021-10-13T15:31:03.8481981Z Receiving objects:   7% (63/889)
2021-10-13T15:31:03.8482419Z Receiving objects:   8% (72/889)
2021-10-13T15:31:03.8482859Z Receiving objects:   9% (81/889)
2021-10-13T15:31:03.8483295Z Receiving objects:  10% (89/889)
2021-10-13T15:31:03.8483879Z Receiving objects:  11% (98/889)
2021-10-13T15:31:03.8484316Z Receiving objects:  12% (107/889)
2021-10-13T15:31:03.8484757Z Receiving objects:  13% (116/889)
2021-10-13T15:31:03.8485183Z Receiving objects:  14% (125/889)
2021-10-13T15:31:03.8488132Z Receiving objects:  15% (134/889)
2021-10-13T15:31:03.8491484Z Receiving objects:  16% (143/889)
2021-10-13T15:31:03.8494754Z Receiving objects:  17% (152/889)
2021-10-13T15:31:03.8504575Z Receiving objects:  18% (161/889)
2021-10-13T15:31:03.8522997Z Receiving objects:  19% (169/889)
2021-10-13T15:31:03.8526299Z Receiving objects:  20% (178/889)
2021-10-13T15:31:03.8530128Z Receiving objects:  21% (187/889)
2021-10-13T15:31:03.8557647Z Receiving objects:  22% (196/889)
2021-10-13T15:31:03.8558239Z Receiving objects:  23% (205/889)
2021-10-13T15:31:03.8558690Z Receiving objects:  24% (214/889)
2021-10-13T15:31:03.8559120Z Receiving objects:  25% (223/889)
2021-10-13T15:31:03.8559574Z Receiving objects:  26% (232/889)
2021-10-13T15:31:03.8560152Z Receiving objects:  27% (241/889)
2021-10-13T15:31:03.8560596Z Receiving objects:  28% (249/889)
2021-10-13T15:31:03.8561031Z Receiving objects:  29% (258/889)
2021-10-13T15:31:03.8561452Z Receiving objects:  30% (267/889)
2021-10-13T15:31:03.8561888Z Receiving objects:  31% (276/889)
2021-10-13T15:31:03.8562310Z Receiving objects:  32% (285/889)
2021-10-13T15:31:03.8601943Z Receiving objects:  33% (294/889)
2021-10-13T15:31:03.8602480Z Receiving objects:  34% (303/889)
2021-10-13T15:31:03.8602941Z Receiving objects:  35% (312/889)
2021-10-13T15:31:03.8603366Z Receiving objects:  36% (321/889)
2021-10-13T15:31:03.8603803Z Receiving objects:  37% (329/889)
2021-10-13T15:31:03.8604225Z Receiving objects:  38% (338/889)
2021-10-13T15:31:03.8604660Z Receiving objects:  39% (347/889)
2021-10-13T15:31:03.8605082Z Receiving objects:  40% (356/889)
2021-10-13T15:31:03.8605521Z Receiving objects:  41% (365/889)
2021-10-13T15:31:03.8608169Z Receiving objects:  42% (374/889)
2021-10-13T15:31:03.8611297Z Receiving objects:  43% (383/889)
2021-10-13T15:31:03.8613889Z Receiving objects:  44% (392/889)
2021-10-13T15:31:03.8617511Z Receiving objects:  45% (401/889)
2021-10-13T15:31:03.8619753Z Receiving objects:  46% (409/889)
2021-10-13T15:31:03.8621437Z Receiving objects:  47% (418/889)
2021-10-13T15:31:03.8624237Z Receiving objects:  48% (427/889)
2021-10-13T15:31:03.8624732Z Receiving objects:  49% (436/889)
2021-10-13T15:31:03.8626244Z Receiving objects:  50% (445/889)
2021-10-13T15:31:03.8629313Z Receiving objects:  51% (454/889)
2021-10-13T15:31:03.8629793Z Receiving objects:  52% (463/889)
2021-10-13T15:31:03.8654805Z Receiving objects:  53% (472/889)
2021-10-13T15:31:03.8655824Z Receiving objects:  54% (481/889)
2021-10-13T15:31:03.8656430Z Receiving objects:  55% (489/889)
2021-10-13T15:31:03.8656994Z Receiving objects:  56% (498/889)
2021-10-13T15:31:03.8657539Z Receiving objects:  57% (507/889)
2021-10-13T15:31:03.8658103Z Receiving objects:  58% (516/889)
2021-10-13T15:31:03.8658663Z Receiving objects:  59% (525/889)
2021-10-13T15:31:03.8659226Z Receiving objects:  60% (534/889)
2021-10-13T15:31:03.8659783Z Receiving objects:  61% (543/889)
2021-10-13T15:31:03.8660321Z Receiving objects:  62% (552/889)
2021-10-13T15:31:03.8660873Z Receiving objects:  63% (561/889)
2021-10-13T15:31:03.8661429Z Receiving objects:  64% (569/889)
2021-10-13T15:31:03.8661967Z Receiving objects:  65% (578/889)
2021-10-13T15:31:03.8663429Z remote: Total 889 (delta 298), reused 333 (delta 210), pack-reused 346        
2021-10-13T15:31:03.8725450Z Receiving objects:  66% (587/889)
2021-10-13T15:31:03.8725910Z Receiving objects:  67% (596/889)
2021-10-13T15:31:03.8726350Z Receiving objects:  68% (605/889)
2021-10-13T15:31:03.8726790Z Receiving objects:  69% (614/889)
2021-10-13T15:31:03.8727210Z Receiving objects:  70% (623/889)
2021-10-13T15:31:03.8727645Z Receiving objects:  71% (632/889)
2021-10-13T15:31:03.8728071Z Receiving objects:  72% (641/889)
2021-10-13T15:31:03.8728520Z Receiving objects:  73% (649/889)
2021-10-13T15:31:03.8729128Z Receiving objects:  74% (658/889)
2021-10-13T15:31:03.8729576Z Receiving objects:  75% (667/889)
2021-10-13T15:31:03.8730013Z Receiving objects:  76% (676/889)
2021-10-13T15:31:03.8730429Z Receiving objects:  77% (685/889)
2021-10-13T15:31:03.8731882Z Receiving objects:  78% (694/889)
2021-10-13T15:31:03.8733179Z Receiving objects:  79% (703/889)
2021-10-13T15:31:03.8734486Z Receiving objects:  80% (712/889)
2021-10-13T15:31:03.8735783Z Receiving objects:  81% (721/889)
2021-10-13T15:31:03.8737053Z Receiving objects:  82% (729/889)
2021-10-13T15:31:03.8738480Z Receiving objects:  83% (738/889)
2021-10-13T15:31:03.8738938Z Receiving objects:  84% (747/889)
2021-10-13T15:31:03.8739364Z Receiving objects:  85% (756/889)
2021-10-13T15:31:03.8739802Z Receiving objects:  86% (765/889)
2021-10-13T15:31:03.8740218Z Receiving objects:  87% (774/889)
2021-10-13T15:31:03.8740952Z Receiving objects:  88% (783/889)
2021-10-13T15:31:03.8743377Z Receiving objects:  89% (792/889)
2021-10-13T15:31:03.8744075Z Receiving objects:  90% (801/889)
2021-10-13T15:31:03.8749648Z Receiving objects:  91% (809/889)
2021-10-13T15:31:03.8750095Z Receiving objects:  92% (818/889)
2021-10-13T15:31:03.8750534Z Receiving objects:  93% (827/889)
2021-10-13T15:31:03.8751843Z Receiving objects:  94% (836/889)
2021-10-13T15:31:03.8756668Z Receiving objects:  95% (845/889)
2021-10-13T15:31:03.8757190Z Receiving objects:  96% (854/889)
2021-10-13T15:31:03.8757619Z Receiving objects:  97% (863/889)
2021-10-13T15:31:03.8758055Z Receiving objects:  98% (872/889)
2021-10-13T15:31:03.8758478Z Receiving objects:  99% (881/889)
2021-10-13T15:31:03.8758914Z Receiving objects: 100% (889/889)
2021-10-13T15:31:03.8759400Z Receiving objects: 100% (889/889), 233.24 KiB | 7.52 MiB/s, done.
2021-10-13T15:31:03.8761473Z Resolving deltas:   0% (0/478)
2021-10-13T15:31:03.8762202Z Resolving deltas:   1% (5/478)
2021-10-13T15:31:03.8763489Z Resolving deltas:   2% (10/478)
2021-10-13T15:31:03.8764992Z Resolving deltas:   3% (15/478)
2021-10-13T15:31:03.8766273Z Resolving deltas:   4% (20/478)
2021-10-13T15:31:03.8767556Z Resolving deltas:   5% (24/478)
2021-10-13T15:31:03.8768828Z Resolving deltas:   6% (29/478)
2021-10-13T15:31:03.8770121Z Resolving deltas:   7% (34/478)
2021-10-13T15:31:03.8771397Z Resolving deltas:   8% (39/478)
2021-10-13T15:31:03.8841968Z Resolving deltas:   9% (44/478)
2021-10-13T15:31:03.8842435Z Resolving deltas:  10% (48/478)
2021-10-13T15:31:03.8842853Z Resolving deltas:  11% (53/478)
2021-10-13T15:31:03.8843271Z Resolving deltas:  12% (58/478)
2021-10-13T15:31:03.8843692Z Resolving deltas:  13% (63/478)
2021-10-13T15:31:03.8844095Z Resolving deltas:  14% (67/478)
2021-10-13T15:31:03.8844509Z Resolving deltas:  15% (72/478)
2021-10-13T15:31:03.8844915Z Resolving deltas:  16% (77/478)
2021-10-13T15:31:03.8845329Z Resolving deltas:  17% (82/478)
2021-10-13T15:31:03.8845733Z Resolving deltas:  18% (87/478)
2021-10-13T15:31:03.8846147Z Resolving deltas:  19% (91/478)
2021-10-13T15:31:03.8846580Z Resolving deltas:  20% (96/478)
2021-10-13T15:31:03.8846995Z Resolving deltas:  21% (101/478)
2021-10-13T15:31:03.8847418Z Resolving deltas:  22% (106/478)
2021-10-13T15:31:03.8847826Z Resolving deltas:  23% (110/478)
2021-10-13T15:31:03.8848243Z Resolving deltas:  24% (115/478)
2021-10-13T15:31:03.8848975Z Resolving deltas:  25% (120/478)
2021-10-13T15:31:03.8850297Z Resolving deltas:  26% (125/478)
2021-10-13T15:31:03.8851781Z Resolving deltas:  27% (130/478)
2021-10-13T15:31:03.8852668Z Resolving deltas:  28% (134/478)
2021-10-13T15:31:03.8855049Z Resolving deltas:  29% (139/478)
2021-10-13T15:31:03.8855943Z Resolving deltas:  30% (144/478)
2021-10-13T15:31:03.8856745Z Resolving deltas:  31% (149/478)
2021-10-13T15:31:03.8857538Z Resolving deltas:  32% (153/478)
2021-10-13T15:31:03.8858851Z Resolving deltas:  33% (158/478)
2021-10-13T15:31:03.8868342Z Resolving deltas:  34% (163/478)
2021-10-13T15:31:03.8879788Z Resolving deltas:  35% (168/478)
2021-10-13T15:31:03.8882272Z Resolving deltas:  36% (173/478)
2021-10-13T15:31:03.8883654Z Resolving deltas:  37% (177/478)
2021-10-13T15:31:03.8884987Z Resolving deltas:  38% (182/478)
2021-10-13T15:31:03.8885804Z Resolving deltas:  39% (187/478)
2021-10-13T15:31:03.8886760Z Resolving deltas:  40% (192/478)
2021-10-13T15:31:03.8887684Z Resolving deltas:  41% (196/478)
2021-10-13T15:31:03.8888648Z Resolving deltas:  42% (201/478)
2021-10-13T15:31:03.8889591Z Resolving deltas:  43% (206/478)
2021-10-13T15:31:03.8890515Z Resolving deltas:  44% (211/478)
2021-10-13T15:31:03.8891433Z Resolving deltas:  45% (216/478)
2021-10-13T15:31:03.8892333Z Resolving deltas:  46% (220/478)
2021-10-13T15:31:03.8893397Z Resolving deltas:  47% (225/478)
2021-10-13T15:31:03.8894297Z Resolving deltas:  48% (230/478)
2021-10-13T15:31:03.8895221Z Resolving deltas:  49% (235/478)
2021-10-13T15:31:03.8896175Z Resolving deltas:  50% (239/478)
2021-10-13T15:31:03.8897099Z Resolving deltas:  51% (244/478)
2021-10-13T15:31:03.8897999Z Resolving deltas:  52% (249/478)
2021-10-13T15:31:03.8898910Z Resolving deltas:  53% (254/478)
2021-10-13T15:31:03.8899760Z Resolving deltas:  54% (259/478)
2021-10-13T15:31:03.8900769Z Resolving deltas:  55% (263/478)
2021-10-13T15:31:03.8901687Z Resolving deltas:  56% (268/478)
2021-10-13T15:31:03.8903046Z Resolving deltas:  57% (273/478)
2021-10-13T15:31:03.8904303Z Resolving deltas:  58% (278/478)
2021-10-13T15:31:03.8905310Z Resolving deltas:  59% (283/478)
2021-10-13T15:31:03.8906180Z Resolving deltas:  60% (287/478)
2021-10-13T15:31:03.8907078Z Resolving deltas:  61% (292/478)
2021-10-13T15:31:03.8908018Z Resolving deltas:  62% (297/478)
2021-10-13T15:31:03.8908930Z Resolving deltas:  63% (302/478)
2021-10-13T15:31:03.8909832Z Resolving deltas:  64% (306/478)
2021-10-13T15:31:03.8912286Z Resolving deltas:  65% (311/478)
2021-10-13T15:31:03.8915327Z Resolving deltas:  66% (316/478)
2021-10-13T15:31:03.8920753Z Resolving deltas:  67% (321/478)
2021-10-13T15:31:03.8925111Z Resolving deltas:  68% (326/478)
2021-10-13T15:31:03.8928901Z Resolving deltas:  69% (330/478)
2021-10-13T15:31:03.8932263Z Resolving deltas:  70% (335/478)
2021-10-13T15:31:03.8933226Z Resolving deltas:  71% (340/478)
2021-10-13T15:31:03.8934144Z Resolving deltas:  72% (345/478)
2021-10-13T15:31:03.8935003Z Resolving deltas:  73% (349/478)
2021-10-13T15:31:03.8935916Z Resolving deltas:  74% (354/478)
2021-10-13T15:31:03.8936895Z Resolving deltas:  75% (359/478)
2021-10-13T15:31:03.8937789Z Resolving deltas:  76% (364/478)
2021-10-13T15:31:03.8938803Z Resolving deltas:  77% (369/478)
2021-10-13T15:31:03.8940238Z Resolving deltas:  78% (373/478)
2021-10-13T15:31:03.8944599Z Resolving deltas:  79% (378/478)
2021-10-13T15:31:03.8950272Z Resolving deltas:  80% (383/478)
2021-10-13T15:31:03.8954594Z Resolving deltas:  81% (388/478)
2021-10-13T15:31:03.8959528Z Resolving deltas:  82% (392/478)
2021-10-13T15:31:03.8964264Z Resolving deltas:  83% (397/478)
2021-10-13T15:31:03.8965156Z Resolving deltas:  84% (402/478)
2021-10-13T15:31:03.8966078Z Resolving deltas:  85% (407/478)
2021-10-13T15:31:03.8970758Z Resolving deltas:  86% (412/478)
2021-10-13T15:31:03.8975183Z Resolving deltas:  87% (416/478)
2021-10-13T15:31:03.8979118Z Resolving deltas:  88% (421/478)
2021-10-13T15:31:03.8981627Z Resolving deltas:  89% (426/478)
2021-10-13T15:31:03.8983792Z Resolving deltas:  90% (431/478)
2021-10-13T15:31:03.8986811Z Resolving deltas:  91% (435/478)
2021-10-13T15:31:03.8989008Z Resolving deltas:  92% (440/478)
2021-10-13T15:31:03.8991333Z Resolving deltas:  93% (445/478)
2021-10-13T15:31:03.8996294Z Resolving deltas:  94% (450/478)
2021-10-13T15:31:03.8999658Z Resolving deltas:  95% (455/478)
2021-10-13T15:31:03.9002482Z Resolving deltas:  96% (459/478)
2021-10-13T15:31:03.9005125Z Resolving deltas:  97% (464/478)
2021-10-13T15:31:03.9007155Z Resolving deltas:  98% (469/478)
2021-10-13T15:31:03.9010267Z Resolving deltas:  99% (474/478)
2021-10-13T15:31:03.9015790Z Resolving deltas: 100% (478/478)
2021-10-13T15:31:03.9016268Z Resolving deltas: 100% (478/478), done.
2021-10-13T15:31:03.9114437Z From https://github.com/con/tinuous
2021-10-13T15:31:03.9115903Z  * [new branch]      codecov2        -> origin/codecov2
2021-10-13T15:31:03.9116634Z  * [new branch]      gh-131          -> origin/gh-131
2021-10-13T15:31:03.9117275Z  * [new branch]      gh-55           -> origin/gh-55
2021-10-13T15:31:03.9117906Z  * [new branch]      master          -> origin/master
2021-10-13T15:31:03.9118669Z  * [new branch]      no-extra-search -> origin/no-extra-search
2021-10-13T15:31:03.9119403Z  * [new branch]      py3.10          -> origin/py3.10
2021-10-13T15:31:03.9120267Z  * [new branch]      test-appveyor   -> origin/test-appveyor
2021-10-13T15:31:03.9120944Z  * [new tag]         0.1.0           -> 0.1.0
2021-10-13T15:31:03.9121444Z  * [new tag]         0.2.0           -> 0.2.0
2021-10-13T15:31:03.9121959Z  * [new tag]         0.3.0           -> 0.3.0
2021-10-13T15:31:03.9122460Z  * [new tag]         0.4.0           -> 0.4.0
2021-10-13T15:31:03.9122973Z  * [new tag]         0.5.0           -> 0.5.0
2021-10-13T15:31:03.9151829Z [command]/usr/bin/git branch --list --remote origin/codecov2
2021-10-13T15:31:03.9189546Z   origin/codecov2
2021-10-13T15:31:03.9191130Z [command]/usr/bin/git rev-parse refs/remotes/origin/codecov2
2021-10-13T15:31:03.9240815Z 67f3419011b66b4cc71c9f4acf0c2904283050cd
2021-10-13T15:31:03.9242616Z ##[endgroup]
2021-10-13T15:31:03.9243805Z ##[group]Determining the checkout info
2021-10-13T15:31:03.9244891Z ##[endgroup]
2021-10-13T15:31:03.9245912Z ##[group]Checking out the ref
2021-10-13T15:31:03.9247059Z [command]/usr/bin/git checkout --progress --force -B codecov2 refs/remotes/origin/codecov2
2021-10-13T15:31:03.9313999Z Switched to a new branch 'codecov2'
2021-10-13T15:31:03.9314804Z Branch 'codecov2' set up to track remote branch 'codecov2' from 'origin'.
2021-10-13T15:31:03.9316344Z ##[endgroup]
2021-10-13T15:31:03.9337472Z [command]/usr/bin/git log -1 --format='%H'
2021-10-13T15:31:03.9359179Z '67f3419011b66b4cc71c9f4acf0c2904283050cd'
2021-10-13T15:31:03.9499575Z ##[group]Run actions/setup-python@v2
2021-10-13T15:31:03.9500204Z with:
2021-10-13T15:31:03.9500647Z   python-version: 3.8
2021-10-13T15:31:03.9501519Z   token: ***
2021-10-13T15:31:03.9501963Z ##[endgroup]
2021-10-13T15:31:04.0037259Z Successfully setup CPython (3.8.12)
2021-10-13T15:31:04.0192245Z ##[group]Run python -m pip install --upgrade pip wheel
2021-10-13T15:31:04.0192946Z [36;1mpython -m pip install --upgrade pip wheel[0m
2021-10-13T15:31:04.0193681Z [36;1mpython -m pip install --upgrade --upgrade-strategy=eager tox[0m
2021-10-13T15:31:04.0238286Z shell: /usr/bin/bash -e {0}
2021-10-13T15:31:04.0238746Z env:
2021-10-13T15:31:04.0239348Z   pythonLocation: /opt/hostedtoolcache/Python/3.8.12/x64
2021-10-13T15:31:04.0240763Z   LD_LIBRARY_PATH: /opt/hostedtoolcache/Python/3.8.12/x64/lib
2021-10-13T15:31:04.0241344Z ##[endgroup]
2021-10-13T15:31:05.0546108Z Requirement already satisfied: pip in /opt/hostedtoolcache/Python/3.8.12/x64/lib/python3.8/site-packages (21.2.4)
2021-10-13T15:31:05.1977926Z Collecting pip
2021-10-13T15:31:05.2399037Z   Downloading pip-21.3-py3-none-any.whl (1.7 MB)
2021-10-13T15:31:05.3447434Z Collecting wheel
2021-10-13T15:31:05.3556099Z   Downloading wheel-0.37.0-py2.py3-none-any.whl (35 kB)
2021-10-13T15:31:05.4095397Z Installing collected packages: wheel, pip
2021-10-13T15:31:05.4382402Z   Attempting uninstall: pip
2021-10-13T15:31:05.4383079Z     Found existing installation: pip 21.2.4
2021-10-13T15:31:05.5998585Z     Uninstalling pip-21.2.4:
2021-10-13T15:31:05.6327892Z       Successfully uninstalled pip-21.2.4
2021-10-13T15:31:06.7102223Z Successfully installed pip-21.3 wheel-0.37.0
2021-10-13T15:31:08.4149241Z Collecting tox
2021-10-13T15:31:08.4501528Z   Downloading tox-3.24.4-py2.py3-none-any.whl (85 kB)
2021-10-13T15:31:08.5303079Z Collecting six>=1.14.0
2021-10-13T15:31:08.5390024Z   Downloading six-1.16.0-py2.py3-none-any.whl (11 kB)
2021-10-13T15:31:08.5686195Z Collecting filelock>=3.0.0
2021-10-13T15:31:08.5956904Z   Downloading filelock-3.3.0-py3-none-any.whl (9.7 kB)
2021-10-13T15:31:08.6441700Z Collecting packaging>=14
2021-10-13T15:31:08.6529428Z   Downloading packaging-21.0-py3-none-any.whl (40 kB)
2021-10-13T15:31:08.7046215Z Collecting py>=1.4.17
2021-10-13T15:31:08.7137464Z   Downloading py-1.10.0-py2.py3-none-any.whl (97 kB)
2021-10-13T15:31:08.7499440Z Collecting pluggy>=0.12.0
2021-10-13T15:31:08.7583131Z   Downloading pluggy-1.0.0-py2.py3-none-any.whl (13 kB)
2021-10-13T15:31:08.7837833Z Collecting toml>=0.9.4
2021-10-13T15:31:08.7926070Z   Downloading toml-0.10.2-py2.py3-none-any.whl (16 kB)
2021-10-13T15:31:08.9962404Z Collecting virtualenv!=20.0.0,!=20.0.1,!=20.0.2,!=20.0.3,!=20.0.4,!=20.0.5,!=20.0.6,!=20.0.7,>=16.0.0
2021-10-13T15:31:09.0073372Z   Downloading virtualenv-20.8.1-py2.py3-none-any.whl (5.3 MB)
2021-10-13T15:31:09.1580112Z Collecting pyparsing>=2.0.2
2021-10-13T15:31:09.1668164Z   Downloading pyparsing-2.4.7-py2.py3-none-any.whl (67 kB)
2021-10-13T15:31:09.2316259Z Collecting backports.entry-points-selectable>=1.0.4
2021-10-13T15:31:09.2405190Z   Downloading backports.entry_points_selectable-1.1.0-py2.py3-none-any.whl (6.2 kB)
2021-10-13T15:31:09.2679839Z Collecting platformdirs<3,>=2
2021-10-13T15:31:09.2765298Z   Downloading platformdirs-2.4.0-py3-none-any.whl (14 kB)
2021-10-13T15:31:09.3044844Z Collecting distlib<1,>=0.3.1
2021-10-13T15:31:09.3147474Z   Downloading distlib-0.3.3-py2.py3-none-any.whl (496 kB)
2021-10-13T15:31:09.4669417Z Installing collected packages: six, pyparsing, platformdirs, filelock, distlib, backports.entry-points-selectable, virtualenv, toml, py, pluggy, packaging, tox
2021-10-13T15:31:10.1012454Z Successfully installed backports.entry-points-selectable-1.1.0 distlib-0.3.3 filelock-3.3.0 packaging-21.0 platformdirs-2.4.0 pluggy-1.0.0 py-1.10.0 pyparsing-2.4.7 six-1.16.0 toml-0.10.2 tox-3.24.4 virtualenv-20.8.1
2021-10-13T15:31:10.7029101Z ##[group]Run tox -e lint
2021-10-13T15:31:10.7029575Z [36;1mtox -e lint[0m
2021-10-13T15:31:10.7070266Z shell: /usr/bin/bash -e {0}
2021-10-13T15:31:10.7070652Z env:
2021-10-13T15:31:10.7071160Z   pythonLocation: /opt/hostedtoolcache/Python/3.8.12/x64
2021-10-13T15:31:10.7072000Z   LD_LIBRARY_PATH: /opt/hostedtoolcache/Python/3.8.12/x64/lib
2021-10-13T15:31:10.7072502Z ##[endgroup]
2021-10-13T15:31:10.9968436Z lint create: /home/runner/work/tinuous/tinuous/.tox/lint
2021-10-13T15:31:11.6881855Z lint installdeps: flake8~=3.7, flake8-bugbear, flake8-builtins~=1.4, flake8-import-order-jwodder, flake8-unused-arguments
2021-10-13T15:31:16.4583153Z lint installed: attrs==21.2.0,flake8==3.9.2,flake8-bugbear==21.9.2,flake8-builtins==1.5.3,flake8-import-order==0.18.1,flake8-import-order-jwodder==0.1.0,flake8-unused-arguments==0.0.6,mccabe==0.6.1,pycodestyle==2.7.0,pyflakes==2.3.1
2021-10-13T15:31:16.4602315Z lint run-test-pre: PYTHONHASHSEED='1465669231'
2021-10-13T15:31:16.4603472Z lint run-test: commands[0] | flake8 --config=tox.ini src test
2021-10-13T15:31:18.1219486Z ___________________________________ summary ____________________________________
2021-10-13T15:31:18.1220358Z   lint: commands succeeded
2021-10-13T15:31:18.1220980Z   congratulations :)
2021-10-13T15:31:18.1552197Z Post job cleanup.
2021-10-13T15:31:18.2536128Z [command]/usr/bin/git version
2021-10-13T15:31:18.2581256Z git version 2.33.0
2021-10-13T15:31:18.2623361Z [command]/usr/bin/git config --local --name-only --get-regexp core\.sshCommand
2021-10-13T15:31:18.2659886Z [command]/usr/bin/git submodule foreach --recursive git config --local --name-only --get-regexp 'core\.sshCommand' && git config --local --unset-all 'core.sshCommand' || :
2021-10-13T15:31:18.2897721Z [command]/usr/bin/git config --local --name-only --get-regexp http\.https\:\/\/github\.com\/\.extraheader
2021-10-13T15:31:18.2934945Z http.https://github.com/.extraheader
2021-10-13T15:31:18.2936329Z [command]/usr/bin/git config --local --unset-all http.https://github.com/.extraheader
2021-10-13T15:31:18.2961877Z [command]/usr/bin/git submodule foreach --recursive git config --local --name-only --get-regexp 'http\.https\:\/\/github\.com\/\.extraheader' && git config --local --unset-all 'http.https://github.com/.extraheader' || :
2021-10-13T15:31:18.3229904Z Cleaning up orphan processes
