2026-02-09T20:20:11.2240775Z Current runner version: '2.331.0'
2026-02-09T20:20:11.2271694Z ##[group]Runner Image Provisioner
2026-02-09T20:20:11.2272877Z Hosted Compute Agent
2026-02-09T20:20:11.2273785Z Version: 20260123.484
2026-02-09T20:20:11.2274672Z Commit: 6bd6555ca37d84114959e1c76d2c01448ff61c5d
2026-02-09T20:20:11.2276036Z Build Date: 2026-01-23T19:41:17Z
2026-02-09T20:20:11.2277147Z Worker ID: {e96ab958-b173-40c9-9962-e9a648dc7ed9}
2026-02-09T20:20:11.2278494Z Azure Region: centralus
2026-02-09T20:20:11.2279398Z ##[endgroup]
2026-02-09T20:20:11.2281441Z ##[group]Operating System
2026-02-09T20:20:11.2282497Z Ubuntu
2026-02-09T20:20:11.2283214Z 24.04.3
2026-02-09T20:20:11.2283834Z LTS
2026-02-09T20:20:11.2284724Z ##[endgroup]
2026-02-09T20:20:11.2285743Z ##[group]Runner Image
2026-02-09T20:20:11.2286679Z Image: ubuntu-24.04
2026-02-09T20:20:11.2287733Z Version: 20260201.15.1
2026-02-09T20:20:11.2289680Z Included Software: https://github.com/actions/runner-images/blob/ubuntu24/20260201.15/images/ubuntu/Ubuntu2404-Readme.md
2026-02-09T20:20:11.2292364Z Image Release: https://github.com/actions/runner-images/releases/tag/ubuntu24%2F20260201.15
2026-02-09T20:20:11.2294056Z ##[endgroup]
2026-02-09T20:20:11.2299096Z ##[group]GITHUB_TOKEN Permissions
2026-02-09T20:20:11.2302459Z Actions: write
2026-02-09T20:20:11.2303383Z ArtifactMetadata: write
2026-02-09T20:20:11.2304488Z Attestations: write
2026-02-09T20:20:11.2305587Z Checks: write
2026-02-09T20:20:11.2306556Z Contents: write
2026-02-09T20:20:11.2307423Z Deployments: write
2026-02-09T20:20:11.2308377Z Discussions: write
2026-02-09T20:20:11.2309353Z Issues: write
2026-02-09T20:20:11.2310245Z Metadata: read
2026-02-09T20:20:11.2311114Z Models: read
2026-02-09T20:20:11.2312714Z Packages: write
2026-02-09T20:20:11.2313741Z Pages: write
2026-02-09T20:20:11.2314760Z PullRequests: write
2026-02-09T20:20:11.2316048Z RepositoryProjects: write
2026-02-09T20:20:11.2317163Z SecurityEvents: write
2026-02-09T20:20:11.2318150Z Statuses: write
2026-02-09T20:20:11.2319088Z ##[endgroup]
2026-02-09T20:20:11.2321728Z Secret source: Actions
2026-02-09T20:20:11.2322887Z Prepare workflow directory
2026-02-09T20:20:11.2646348Z Prepare all required actions
2026-02-09T20:20:11.2698849Z Getting action download info
2026-02-09T20:20:11.7158696Z Download action repository 'actions/checkout@v4' (SHA:34e114876b0b11c390a56381ad16ebd13914f8d5)
2026-02-09T20:20:11.8356857Z Download action repository 'actions/setup-python@v5' (SHA:a26af69be951a213d495a4c3e4e4022e16d87065)
2026-02-09T20:20:11.9438679Z Download action repository 'codecov/codecov-action@v5' (SHA:671740ac38dd9b0130fbe1cec585b89eea48d3de)
2026-02-09T20:20:12.4330955Z Getting action download info
2026-02-09T20:20:12.5946458Z Download action repository 'actions/github-script@60a0d83039c74a4aee543508d2ffcb1c3799cdea' (SHA:60a0d83039c74a4aee543508d2ffcb1c3799cdea)
2026-02-09T20:20:13.1393164Z Complete job name: test (pypy-3.10, py)
2026-02-09T20:20:13.2212004Z ##[group]Run actions/checkout@v4
2026-02-09T20:20:13.2213269Z with:
2026-02-09T20:20:13.2214211Z   fetch-depth: 0
2026-02-09T20:20:13.2215370Z   repository: con/tinuous
2026-02-09T20:20:13.2216511Z   token: ***
2026-02-09T20:20:13.2217259Z   ssh-strict: true
2026-02-09T20:20:13.2218043Z   ssh-user: git
2026-02-09T20:20:13.2218831Z   persist-credentials: true
2026-02-09T20:20:13.2219708Z   clean: true
2026-02-09T20:20:13.2220533Z   sparse-checkout-cone-mode: true
2026-02-09T20:20:13.2221489Z   fetch-tags: false
2026-02-09T20:20:13.2222284Z   show-progress: true
2026-02-09T20:20:13.2223093Z   lfs: false
2026-02-09T20:20:13.2223828Z   submodules: false
2026-02-09T20:20:13.2224626Z   set-safe-directory: true
2026-02-09T20:20:13.2225916Z ##[endgroup]
2026-02-09T20:20:13.3387363Z Syncing repository: con/tinuous
2026-02-09T20:20:13.3391526Z ##[group]Getting Git version info
2026-02-09T20:20:13.3393715Z Working directory is '/home/runner/work/tinuous/tinuous'
2026-02-09T20:20:13.3397032Z [command]/usr/bin/git version
2026-02-09T20:20:13.3460222Z git version 2.52.0
2026-02-09T20:20:13.3489440Z ##[endgroup]
2026-02-09T20:20:13.3511451Z Temporarily overriding HOME='/home/runner/work/_temp/c0753864-5008-414d-b0d9-c013ed9c96a7' before making global git config changes
2026-02-09T20:20:13.3516421Z Adding repository directory to the temporary git global config as a safe directory
2026-02-09T20:20:13.3520174Z [command]/usr/bin/git config --global --add safe.directory /home/runner/work/tinuous/tinuous
2026-02-09T20:20:13.3555462Z Deleting the contents of '/home/runner/work/tinuous/tinuous'
2026-02-09T20:20:13.3559250Z ##[group]Initializing the repository
2026-02-09T20:20:13.3564207Z [command]/usr/bin/git init /home/runner/work/tinuous/tinuous
2026-02-09T20:20:13.3662117Z hint: Using 'master' as the name for the initial branch. This default branch name
2026-02-09T20:20:13.3665399Z hint: will change to "main" in Git 3.0. To configure the initial branch name
2026-02-09T20:20:13.3668169Z hint: to use in all of your new repositories, which will suppress this warning,
2026-02-09T20:20:13.3669592Z hint: call:
2026-02-09T20:20:13.3670300Z hint:
2026-02-09T20:20:13.3671259Z hint: 	git config --global init.defaultBranch <name>
2026-02-09T20:20:13.3672828Z hint:
2026-02-09T20:20:13.3673891Z hint: Names commonly chosen instead of 'master' are 'main', 'trunk' and
2026-02-09T20:20:13.3675983Z hint: 'development'. The just-created branch can be renamed via this command:
2026-02-09T20:20:13.3677818Z hint:
2026-02-09T20:20:13.3678569Z hint: 	git branch -m <name>
2026-02-09T20:20:13.3679420Z hint:
2026-02-09T20:20:13.3680618Z hint: Disable this message with "git config set advice.defaultBranchName false"
2026-02-09T20:20:13.3682461Z Initialized empty Git repository in /home/runner/work/tinuous/tinuous/.git/
2026-02-09T20:20:13.3685499Z [command]/usr/bin/git remote add origin https://github.com/con/tinuous
2026-02-09T20:20:13.3711474Z ##[endgroup]
2026-02-09T20:20:13.3712973Z ##[group]Disabling automatic garbage collection
2026-02-09T20:20:13.3714680Z [command]/usr/bin/git config --local gc.auto 0
2026-02-09T20:20:13.3742396Z ##[endgroup]
2026-02-09T20:20:13.3743723Z ##[group]Setting up auth
2026-02-09T20:20:13.3749033Z [command]/usr/bin/git config --local --name-only --get-regexp core\.sshCommand
2026-02-09T20:20:13.3781189Z [command]/usr/bin/git submodule foreach --recursive sh -c "git config --local --name-only --get-regexp 'core\.sshCommand' && git config --local --unset-all 'core.sshCommand' || :"
2026-02-09T20:20:13.4116942Z [command]/usr/bin/git config --local --name-only --get-regexp http\.https\:\/\/github\.com\/\.extraheader
2026-02-09T20:20:13.4148884Z [command]/usr/bin/git submodule foreach --recursive sh -c "git config --local --name-only --get-regexp 'http\.https\:\/\/github\.com\/\.extraheader' && git config --local --unset-all 'http.https://github.com/.extraheader' || :"
2026-02-09T20:20:13.4364514Z [command]/usr/bin/git config --local --name-only --get-regexp ^includeIf\.gitdir:
2026-02-09T20:20:13.4400736Z [command]/usr/bin/git submodule foreach --recursive git config --local --show-origin --name-only --get-regexp remote.origin.url
2026-02-09T20:20:13.4634382Z [command]/usr/bin/git config --local http.https://github.com/.extraheader AUTHORIZATION: basic ***
2026-02-09T20:20:13.4667346Z ##[endgroup]
2026-02-09T20:20:13.4669711Z ##[group]Fetching the repository
2026-02-09T20:20:13.4678285Z [command]/usr/bin/git -c protocol.version=2 fetch --prune --no-recurse-submodules origin +refs/heads/*:refs/remotes/origin/* +refs/tags/*:refs/tags/*
2026-02-09T20:20:14.0794330Z From https://github.com/con/tinuous
2026-02-09T20:20:14.0795367Z  * [new branch]      bf-circleci     -> origin/bf-circleci
2026-02-09T20:20:14.0796387Z  * [new branch]      copilot/fix-workflow-overlap-issue -> origin/copilot/fix-workflow-overlap-issue
2026-02-09T20:20:14.0797736Z  * [new branch]      copilot/make-travis-testing-optional -> origin/copilot/make-travis-testing-optional
2026-02-09T20:20:14.0799045Z  * [new branch]      copilot/support-github-packages -> origin/copilot/support-github-packages
2026-02-09T20:20:14.0800389Z  * [new branch]      dependabot/github_actions/actions/checkout-6 -> origin/dependabot/github_actions/actions/checkout-6
2026-02-09T20:20:14.0802266Z  * [new branch]      dependabot/github_actions/actions/setup-python-6 -> origin/dependabot/github_actions/actions/setup-python-6
2026-02-09T20:20:14.0803401Z  * [new branch]      gh-55           -> origin/gh-55
2026-02-09T20:20:14.0804024Z  * [new branch]      master          -> origin/master
2026-02-09T20:20:14.0805415Z  * [new branch]      no-extra-search -> origin/no-extra-search
2026-02-09T20:20:14.0806158Z  * [new branch]      pragmata        -> origin/pragmata
2026-02-09T20:20:14.0806836Z  * [new branch]      test-appveyor   -> origin/test-appveyor
2026-02-09T20:20:14.0807425Z  * [new tag]         0.1.0           -> 0.1.0
2026-02-09T20:20:14.0807908Z  * [new tag]         0.2.0           -> 0.2.0
2026-02-09T20:20:14.0808438Z  * [new tag]         0.3.0           -> 0.3.0
2026-02-09T20:20:14.0808955Z  * [new tag]         0.4.0           -> 0.4.0
2026-02-09T20:20:14.0809437Z  * [new tag]         0.5.0           -> 0.5.0
2026-02-09T20:20:14.0809914Z  * [new tag]         0.5.1           -> 0.5.1
2026-02-09T20:20:14.0810381Z  * [new tag]         0.5.2           -> 0.5.2
2026-02-09T20:20:14.0810849Z  * [new tag]         0.5.3           -> 0.5.3
2026-02-09T20:20:14.0811313Z  * [new tag]         0.5.4           -> 0.5.4
2026-02-09T20:20:14.0811778Z  * [new tag]         0.6.0           -> 0.6.0
2026-02-09T20:20:14.0812242Z  * [new tag]         0.6.1           -> 0.6.1
2026-02-09T20:20:14.0812722Z  * [new tag]         0.7.0           -> 0.7.0
2026-02-09T20:20:14.0813210Z  * [new tag]         0.7.1           -> 0.7.1
2026-02-09T20:20:14.0813681Z  * [new tag]         0.7.2           -> 0.7.2
2026-02-09T20:20:14.0868093Z [command]/usr/bin/git branch --list --remote origin/master
2026-02-09T20:20:14.0892948Z   origin/master
2026-02-09T20:20:14.0901132Z [command]/usr/bin/git rev-parse refs/remotes/origin/master
2026-02-09T20:20:14.0920301Z d2c5f5963660582dd606116b65079d86c71142c6
2026-02-09T20:20:14.0924426Z ##[endgroup]
2026-02-09T20:20:14.0925066Z ##[group]Determining the checkout info
2026-02-09T20:20:14.0925982Z ##[endgroup]
2026-02-09T20:20:14.0930042Z [command]/usr/bin/git sparse-checkout disable
2026-02-09T20:20:14.0970991Z [command]/usr/bin/git config --local --unset-all extensions.worktreeConfig
2026-02-09T20:20:14.0995722Z ##[group]Checking out the ref
2026-02-09T20:20:14.1067135Z [command]/usr/bin/git checkout --progress --force -B master refs/remotes/origin/master
2026-02-09T20:20:14.1070620Z Reset branch 'master'
2026-02-09T20:20:14.1073947Z branch 'master' set up to track 'origin/master'.
2026-02-09T20:20:14.1080593Z ##[endgroup]
2026-02-09T20:20:14.1113475Z [command]/usr/bin/git log -1 --format=%H
2026-02-09T20:20:14.1135055Z d2c5f5963660582dd606116b65079d86c71142c6
2026-02-09T20:20:14.1353245Z ##[group]Run actions/setup-python@v5
2026-02-09T20:20:14.1353538Z with:
2026-02-09T20:20:14.1353731Z   python-version: pypy-3.10
2026-02-09T20:20:14.1353959Z   check-latest: false
2026-02-09T20:20:14.1354289Z   token: ***
2026-02-09T20:20:14.1354493Z   update-environment: true
2026-02-09T20:20:14.1354734Z   allow-prereleases: false
2026-02-09T20:20:14.1355325Z   freethreaded: false
2026-02-09T20:20:14.1355525Z ##[endgroup]
2026-02-09T20:20:14.3069312Z ##[group]Installed versions
2026-02-09T20:20:14.3936989Z Successfully set up PyPy 7.3.19 with Python (3.10.16)
2026-02-09T20:20:14.3937914Z ##[endgroup]
2026-02-09T20:20:14.4045296Z ##[group]Run python -m pip install --upgrade pip wheel
2026-02-09T20:20:14.4045777Z [36;1mpython -m pip install --upgrade pip wheel[0m
2026-02-09T20:20:14.4046204Z [36;1mpython -m pip install --upgrade --upgrade-strategy=eager tox[0m
2026-02-09T20:20:14.4143776Z shell: /usr/bin/bash -e {0}
2026-02-09T20:20:14.4144031Z env:
2026-02-09T20:20:14.4144283Z   pythonLocation: /opt/hostedtoolcache/PyPy/3.10.16/x64
2026-02-09T20:20:14.4144672Z   Python_ROOT_DIR: /opt/hostedtoolcache/PyPy/3.10.16/x64
2026-02-09T20:20:14.4145297Z   Python2_ROOT_DIR: /opt/hostedtoolcache/PyPy/3.10.16/x64
2026-02-09T20:20:14.4145676Z   Python3_ROOT_DIR: /opt/hostedtoolcache/PyPy/3.10.16/x64
2026-02-09T20:20:14.4146332Z   PKG_CONFIG_PATH: /opt/hostedtoolcache/PyPy/3.10.16/x64/bin/lib/pkgconfig
2026-02-09T20:20:14.4146707Z ##[endgroup]
2026-02-09T20:20:19.6346966Z Requirement already satisfied: pip in /opt/hostedtoolcache/PyPy/3.10.16/x64/lib/pypy3.10/site-packages (23.0.1)
2026-02-09T20:20:19.9176222Z Collecting pip
2026-02-09T20:20:20.0337567Z   Downloading pip-26.0.1-py3-none-any.whl.metadata (4.7 kB)
2026-02-09T20:20:20.1124291Z Collecting wheel
2026-02-09T20:20:20.1431865Z   Downloading wheel-0.46.3-py3-none-any.whl.metadata (2.4 kB)
2026-02-09T20:20:20.2025129Z Collecting packaging>=24.0 (from wheel)
2026-02-09T20:20:20.2331939Z   Downloading packaging-26.0-py3-none-any.whl.metadata (3.3 kB)
2026-02-09T20:20:20.2746364Z Downloading pip-26.0.1-py3-none-any.whl (1.8 MB)
2026-02-09T20:20:20.4298033Z    ━━━━━━━━━━━━━━━━━━━━━━━━━━━━━━━━━━━━━━━━ 1.8/1.8 MB 19.7 MB/s  0:00:00
2026-02-09T20:20:20.4595606Z Downloading wheel-0.46.3-py3-none-any.whl (30 kB)
2026-02-09T20:20:20.4929587Z Downloading packaging-26.0-py3-none-any.whl (74 kB)
2026-02-09T20:20:20.6386756Z Installing collected packages: pip, packaging, wheel
2026-02-09T20:20:20.6397367Z   Attempting uninstall: pip
2026-02-09T20:20:20.6416122Z     Found existing installation: pip 23.0.1
2026-02-09T20:20:20.7805192Z     Uninstalling pip-23.0.1:
2026-02-09T20:20:20.9059844Z       Successfully uninstalled pip-23.0.1
2026-02-09T20:20:22.1225875Z 
2026-02-09T20:20:22.1266055Z Successfully installed packaging-26.0 pip-26.0.1 wheel-0.46.3
2026-02-09T20:20:23.2680997Z Collecting tox
2026-02-09T20:20:23.3842604Z   Downloading tox-4.34.1-py3-none-any.whl.metadata (3.5 kB)
2026-02-09T20:20:23.4421325Z Collecting cachetools>=6.2.4 (from tox)
2026-02-09T20:20:23.4733395Z   Downloading cachetools-7.0.0-py3-none-any.whl.metadata (5.6 kB)
2026-02-09T20:20:23.5091183Z Collecting chardet>=5.2 (from tox)
2026-02-09T20:20:23.5435872Z   Downloading chardet-5.2.0-py3-none-any.whl.metadata (3.4 kB)
2026-02-09T20:20:23.5909878Z Collecting colorama>=0.4.6 (from tox)
2026-02-09T20:20:23.6231656Z   Downloading colorama-0.4.6-py2.py3-none-any.whl.metadata (17 kB)
2026-02-09T20:20:23.6826129Z Collecting filelock>=3.20.2 (from tox)
2026-02-09T20:20:23.7138253Z   Downloading filelock-3.20.3-py3-none-any.whl.metadata (2.1 kB)
2026-02-09T20:20:23.7223973Z Requirement already satisfied: packaging>=25 in /opt/hostedtoolcache/PyPy/3.10.16/x64/lib/pypy3.10/site-packages (from tox) (26.0)
2026-02-09T20:20:23.8085710Z Collecting platformdirs>=4.5.1 (from tox)
2026-02-09T20:20:23.8394427Z   Downloading platformdirs-4.5.1-py3-none-any.whl.metadata (12 kB)
2026-02-09T20:20:23.8850910Z Collecting pluggy>=1.6 (from tox)
2026-02-09T20:20:23.9160519Z   Downloading pluggy-1.6.0-py3-none-any.whl.metadata (4.8 kB)
2026-02-09T20:20:23.9583390Z Collecting pyproject-api>=1.10 (from tox)
2026-02-09T20:20:23.9896097Z   Downloading pyproject_api-1.10.0-py3-none-any.whl.metadata (2.7 kB)
2026-02-09T20:20:24.0456075Z Collecting tomli>=2.3 (from tox)
2026-02-09T20:20:24.0779575Z   Downloading tomli-2.4.0-py3-none-any.whl.metadata (10 kB)
2026-02-09T20:20:24.1580988Z Collecting typing-extensions>=4.15 (from tox)
2026-02-09T20:20:24.2021373Z   Downloading typing_extensions-4.15.0-py3-none-any.whl.metadata (3.3 kB)
2026-02-09T20:20:24.3103391Z Collecting virtualenv>=20.35.4 (from tox)
2026-02-09T20:20:24.3414630Z   Downloading virtualenv-20.36.1-py3-none-any.whl.metadata (4.7 kB)
2026-02-09T20:20:24.4071606Z Collecting distlib<1,>=0.3.7 (from virtualenv>=20.35.4->tox)
2026-02-09T20:20:24.4379724Z   Downloading distlib-0.4.0-py2.py3-none-any.whl.metadata (5.2 kB)
2026-02-09T20:20:24.4977235Z Downloading tox-4.34.1-py3-none-any.whl (176 kB)
2026-02-09T20:20:24.5923327Z Downloading cachetools-7.0.0-py3-none-any.whl (13 kB)
2026-02-09T20:20:24.6263164Z Downloading chardet-5.2.0-py3-none-any.whl (199 kB)
2026-02-09T20:20:24.6700221Z Downloading colorama-0.4.6-py2.py3-none-any.whl (25 kB)
2026-02-09T20:20:24.7036283Z Downloading filelock-3.20.3-py3-none-any.whl (16 kB)
2026-02-09T20:20:24.7400054Z Downloading platformdirs-4.5.1-py3-none-any.whl (18 kB)
2026-02-09T20:20:24.7741263Z Downloading pluggy-1.6.0-py3-none-any.whl (20 kB)
2026-02-09T20:20:24.8079784Z Downloading pyproject_api-1.10.0-py3-none-any.whl (13 kB)
2026-02-09T20:20:24.8412863Z Downloading tomli-2.4.0-py3-none-any.whl (14 kB)
2026-02-09T20:20:24.8755174Z Downloading typing_extensions-4.15.0-py3-none-any.whl (44 kB)
2026-02-09T20:20:24.9087727Z Downloading virtualenv-20.36.1-py3-none-any.whl (6.0 MB)
2026-02-09T20:20:25.0241894Z    ━━━━━━━━━━━━━━━━━━━━━━━━━━━━━━━━━━━━━━━━ 6.0/6.0 MB 56.2 MB/s  0:00:00
2026-02-09T20:20:25.0545874Z Downloading distlib-0.4.0-py2.py3-none-any.whl (469 kB)
2026-02-09T20:20:25.1730127Z Installing collected packages: distlib, typing-extensions, tomli, pluggy, platformdirs, filelock, colorama, chardet, cachetools, virtualenv, pyproject-api, tox
2026-02-09T20:20:26.1032832Z 
2026-02-09T20:20:26.1079783Z Successfully installed cachetools-7.0.0 chardet-5.2.0 colorama-0.4.6 distlib-0.4.0 filelock-3.20.3 platformdirs-4.5.1 pluggy-1.6.0 pyproject-api-1.10.0 tomli-2.4.0 tox-4.34.1 typing-extensions-4.15.0 virtualenv-20.36.1
2026-02-09T20:20:26.1292801Z ##[group]Run tox -e py -- --cov-report=xml
2026-02-09T20:20:26.1293124Z [36;1mtox -e py -- --cov-report=xml[0m
2026-02-09T20:20:26.1323965Z shell: /usr/bin/bash -e {0}
2026-02-09T20:20:26.1324191Z env:
2026-02-09T20:20:26.1324426Z   pythonLocation: /opt/hostedtoolcache/PyPy/3.10.16/x64
2026-02-09T20:20:26.1324927Z   Python_ROOT_DIR: /opt/hostedtoolcache/PyPy/3.10.16/x64
2026-02-09T20:20:26.1325326Z   Python2_ROOT_DIR: /opt/hostedtoolcache/PyPy/3.10.16/x64
2026-02-09T20:20:26.1325670Z   Python3_ROOT_DIR: /opt/hostedtoolcache/PyPy/3.10.16/x64
2026-02-09T20:20:26.1326050Z   PKG_CONFIG_PATH: /opt/hostedtoolcache/PyPy/3.10.16/x64/bin/lib/pkgconfig
2026-02-09T20:20:26.1326388Z ##[endgroup]
2026-02-09T20:20:28.4077899Z py: install_deps> python -I -m pip install pytest pytest-cov pytest-mock
2026-02-09T20:20:33.4352161Z .pkg: install_requires> python -I -m pip install 'setuptools>=46.4.0' versioningit
2026-02-09T20:20:35.3471502Z .pkg: _optional_hooks> python /opt/hostedtoolcache/PyPy/3.10.16/x64/lib/pypy3.10/site-packages/pyproject_api/_backend.py True setuptools.build_meta
2026-02-09T20:20:35.7753611Z .pkg: get_requires_for_build_sdist> python /opt/hostedtoolcache/PyPy/3.10.16/x64/lib/pypy3.10/site-packages/pyproject_api/_backend.py True setuptools.build_meta
2026-02-09T20:20:36.2078954Z .pkg: get_requires_for_build_wheel> python /opt/hostedtoolcache/PyPy/3.10.16/x64/lib/pypy3.10/site-packages/pyproject_api/_backend.py True setuptools.build_meta
2026-02-09T20:20:36.6095590Z .pkg: freeze> python -m pip freeze --all
2026-02-09T20:20:37.0887590Z .pkg: cffi==1.18.0.dev0,greenlet==0.4.13,hpy==0.9.0,packaging==26.0,pip==25.3,setuptools==80.9.0,tomli==2.4.0,versioningit==3.3.0
2026-02-09T20:20:37.0900304Z .pkg: prepare_metadata_for_build_wheel> python /opt/hostedtoolcache/PyPy/3.10.16/x64/lib/pypy3.10/site-packages/pyproject_api/_backend.py True setuptools.build_meta
2026-02-09T20:20:37.5705044Z .pkg: build_sdist> python /opt/hostedtoolcache/PyPy/3.10.16/x64/lib/pypy3.10/site-packages/pyproject_api/_backend.py True setuptools.build_meta
2026-02-09T20:20:38.0353023Z py: install_package_deps> python -I -m pip install 'PyYAML>=5.0' 'click-loglevel~=0.2' 'click>=7.0' 'ghtoken~=0.1' 'in_place~=1.0' 'pydantic~=2.0' 'python-dateutil~=2.7' 'python-dotenv<2.0,>=0.11' 'requests~=2.20'
2026-02-09T20:20:56.5845613Z py: install_package> python -I -m pip install --force-reinstall --no-deps /home/runner/work/tinuous/tinuous/.tox/.tmp/package/1/tinuous-0.7.2.post2+gd2c5f59.tar.gz
2026-02-09T20:21:00.6932776Z py: freeze> python -m pip freeze --all
2026-02-09T20:21:01.2149157Z py: annotated-types==0.7.0,certifi==2026.1.4,cffi==1.18.0.dev0,charset-normalizer==3.4.4,click==8.3.1,click-loglevel==0.7.0,coverage==7.13.4,exceptiongroup==1.3.1,ghtoken==0.1.2,greenlet==0.4.13,hpy==0.9.0,idna==3.11,in_place==1.0.1,iniconfig==2.3.0,packaging==26.0,pip==25.3,pluggy==1.6.0,pydantic==2.12.5,pydantic_core==2.41.5,Pygments==2.19.2,pytest==9.0.2,pytest-cov==7.0.0,pytest-mock==3.15.1,python-dateutil==2.9.0.post0,python-dotenv==1.2.1,PyYAML==6.0.3,requests==2.32.5,ruamel.yaml==0.19.1,setuptools==80.9.0,six==1.17.0,tinuous @ file:///home/runner/work/tinuous/tinuous/.tox/.tmp/package/1/tinuous-0.7.2.post2%2Bgd2c5f59.tar.gz#sha256=8bacbec1ad262c66337784b4d6431c6aeb66e0a3ba02b6d368054edd715d5b86,tomli==2.4.0,typing-inspection==0.4.2,typing_extensions==4.15.0,urllib3==2.6.3
2026-02-09T20:21:01.2158791Z py: commands[0]> tinuous --help
2026-02-09T20:21:01.9183587Z Usage: tinuous [OPTIONS] COMMAND [ARGS]...
2026-02-09T20:21:01.9184115Z 
2026-02-09T20:21:01.9184584Z   Download build logs from GitHub Actions, Travis, Appveyor, and CircleCI
2026-02-09T20:21:01.9185584Z 
2026-02-09T20:21:01.9185749Z Options:
2026-02-09T20:21:01.9186359Z   -V, --version                   Show the version and exit.
2026-02-09T20:21:01.9187163Z   -c, --config FILE               Read configuration from the given file
2026-02-09T20:21:01.9188085Z                                   [default: tinuous.yaml]
2026-02-09T20:21:01.9189408Z   -E, --env FILE                  Load environment variables from given .env
2026-02-09T20:21:01.9190229Z                                   file
2026-02-09T20:21:01.9191000Z   -l, --log-level [NOTSET|DEBUG|INFO|WARNING|ERROR|CRITICAL]
2026-02-09T20:21:01.9191605Z                                   Set logging level  [default: INFO]
2026-02-09T20:21:01.9192080Z   --help                          Show this message and exit.
2026-02-09T20:21:01.9192568Z 
2026-02-09T20:21:01.9192688Z Commands:
2026-02-09T20:21:01.9192937Z   fetch         Download logs
2026-02-09T20:21:01.9193307Z   fetch-commit  Download logs for a specific commit
2026-02-09T20:21:01.9193730Z   sanitize      Sanitize secrets in logs
2026-02-09T20:21:01.9261198Z py: commands[1]> pytest --cov-report=xml test
2026-02-09T20:21:05.8528167Z ============================= test session starts ==============================
2026-02-09T20:21:05.8529426Z platform linux -- Python 3.10.16[pypy-7.3.19-final], pytest-9.0.2, pluggy-1.6.0
2026-02-09T20:21:05.8530239Z cachedir: .tox/py/.pytest_cache
2026-02-09T20:21:05.8530613Z rootdir: /home/runner/work/tinuous/tinuous
2026-02-09T20:21:05.8530987Z configfile: tox.ini
2026-02-09T20:21:05.8531263Z plugins: cov-7.0.0, mock-3.15.1
2026-02-09T20:21:05.8531557Z collected 64 items
2026-02-09T20:21:05.8531720Z 
2026-02-09T20:21:05.9701851Z test/test_base.py .........                                              [ 14%]
2026-02-09T20:21:06.0660723Z test/test_config.py ........                                             [ 26%]
2026-02-09T20:21:06.2125846Z test/test_state.py ........                                              [ 39%]
2026-02-09T20:21:07.6841665Z test/test_util.py .......................................                [100%]
2026-02-09T20:21:07.6842210Z 
2026-02-09T20:21:07.6842485Z ================================ tests coverage ================================
2026-02-09T20:21:07.6843183Z _______________ coverage: platform linux, python 3.10.16-final-0 _______________
2026-02-09T20:21:07.6843589Z 
2026-02-09T20:21:07.6843733Z Coverage XML written to file coverage.xml
2026-02-09T20:21:07.6844140Z ============================== 64 passed in 4.45s ==============================
2026-02-09T20:21:07.7011946Z   py: OK (39.85=setup[33.37]+cmd[0.71,5.77] seconds)
2026-02-09T20:21:07.7012496Z   congratulations :) (39.91 seconds)
2026-02-09T20:21:07.7353294Z ##[group]Run codecov/codecov-action@v5
2026-02-09T20:21:07.7353564Z with:
2026-02-09T20:21:07.7353744Z   fail_ci_if_error: false
2026-02-09T20:21:07.7354210Z   token: ***
2026-02-09T20:21:07.7354383Z   name: pypy-3.10
2026-02-09T20:21:07.7354579Z   disable_file_fixes: false
2026-02-09T20:21:07.7354962Z   disable_search: false
2026-02-09T20:21:07.7355167Z   disable_safe_directory: false
2026-02-09T20:21:07.7355384Z   disable_telem: false
2026-02-09T20:21:07.7355563Z   dry_run: false
2026-02-09T20:21:07.7355740Z   git_service: github
2026-02-09T20:21:07.7355928Z   gcov_executable: gcov
2026-02-09T20:21:07.7356333Z   handle_no_reports_found: false
2026-02-09T20:21:07.7356564Z   recurse_submodules: false
2026-02-09T20:21:07.7356776Z   run_command: upload-coverage
2026-02-09T20:21:07.7356997Z   skip_validation: false
2026-02-09T20:21:07.7357212Z   use_legacy_upload_endpoint: false
2026-02-09T20:21:07.7357432Z   use_oidc: false
2026-02-09T20:21:07.7357609Z   use_pypi: false
2026-02-09T20:21:07.7357805Z   verbose: false
2026-02-09T20:21:07.7357969Z   version: latest
2026-02-09T20:21:07.7358136Z env:
2026-02-09T20:21:07.7358360Z   pythonLocation: /opt/hostedtoolcache/PyPy/3.10.16/x64
2026-02-09T20:21:07.7358709Z   Python_ROOT_DIR: /opt/hostedtoolcache/PyPy/3.10.16/x64
2026-02-09T20:21:07.7359052Z   Python2_ROOT_DIR: /opt/hostedtoolcache/PyPy/3.10.16/x64
2026-02-09T20:21:07.7359391Z   Python3_ROOT_DIR: /opt/hostedtoolcache/PyPy/3.10.16/x64
2026-02-09T20:21:07.7359777Z   PKG_CONFIG_PATH: /opt/hostedtoolcache/PyPy/3.10.16/x64/bin/lib/pkgconfig
2026-02-09T20:21:07.7360116Z ##[endgroup]
2026-02-09T20:21:07.7463640Z ##[group]Run missing_deps=""
2026-02-09T20:21:07.7463897Z [36;1mmissing_deps=""[0m
2026-02-09T20:21:07.7464094Z [36;1m[0m
2026-02-09T20:21:07.7464296Z [36;1m# Check for always-required commands[0m
2026-02-09T20:21:07.7464576Z [36;1mfor cmd in bash git curl; do[0m
2026-02-09T20:21:07.7465126Z [36;1m  if ! command -v "$cmd" >/dev/null 2>&1; then[0m
2026-02-09T20:21:07.7465447Z [36;1m    missing_deps="$missing_deps $cmd"[0m
2026-02-09T20:21:07.7465690Z [36;1m  fi[0m
2026-02-09T20:21:07.7465853Z [36;1mdone[0m
2026-02-09T20:21:07.7466008Z [36;1m[0m
2026-02-09T20:21:07.7466247Z [36;1m# Check for gpg only if validation is not being skipped[0m
2026-02-09T20:21:07.7466564Z [36;1mif [ "false" != "true" ]; then[0m
2026-02-09T20:21:07.7466840Z [36;1m  if ! command -v gpg >/dev/null 2>&1; then[0m
2026-02-09T20:21:07.7467133Z [36;1m    missing_deps="$missing_deps gpg"[0m
2026-02-09T20:21:07.7467376Z [36;1m  fi[0m
2026-02-09T20:21:07.7467528Z [36;1mfi[0m
2026-02-09T20:21:07.7467691Z [36;1m[0m
2026-02-09T20:21:07.7467881Z [36;1m# Report missing required dependencies[0m
2026-02-09T20:21:07.7468158Z [36;1mif [ -n "$missing_deps" ]; then[0m
2026-02-09T20:21:07.7468541Z [36;1m  echo "Error: The following required dependencies are missing:$missing_deps"[0m
2026-02-09T20:21:07.7469038Z [36;1m  echo "Please install these dependencies before using this action."[0m
2026-02-09T20:21:07.7469387Z [36;1m  exit 1[0m
2026-02-09T20:21:07.7469559Z [36;1mfi[0m
2026-02-09T20:21:07.7469711Z [36;1m[0m
2026-02-09T20:21:07.7469946Z [36;1mecho "All required system dependencies are available."[0m
2026-02-09T20:21:07.7643033Z shell: /usr/bin/sh -e {0}
2026-02-09T20:21:07.7643286Z env:
2026-02-09T20:21:07.7643563Z   pythonLocation: /opt/hostedtoolcache/PyPy/3.10.16/x64
2026-02-09T20:21:07.7644003Z   Python_ROOT_DIR: /opt/hostedtoolcache/PyPy/3.10.16/x64
2026-02-09T20:21:07.7644415Z   Python2_ROOT_DIR: /opt/hostedtoolcache/PyPy/3.10.16/x64
2026-02-09T20:21:07.7645135Z   Python3_ROOT_DIR: /opt/hostedtoolcache/PyPy/3.10.16/x64
2026-02-09T20:21:07.7645651Z   PKG_CONFIG_PATH: /opt/hostedtoolcache/PyPy/3.10.16/x64/bin/lib/pkgconfig
2026-02-09T20:21:07.7646061Z ##[endgroup]
2026-02-09T20:21:07.7709915Z All required system dependencies are available.
2026-02-09T20:21:07.7733036Z ##[group]Run CC_ACTION_VERSION=$(cat ${GITHUB_ACTION_PATH}/src/version)
2026-02-09T20:21:07.7733667Z [36;1mCC_ACTION_VERSION=$(cat ${GITHUB_ACTION_PATH}/src/version)[0m
2026-02-09T20:21:07.7734112Z [36;1mecho -e "\033[0;32m==>\033[0m Running Action version $CC_ACTION_VERSION"[0m
2026-02-09T20:21:07.7761796Z shell: /usr/bin/bash --noprofile --norc -e -o pipefail {0}
2026-02-09T20:21:07.7762106Z env:
2026-02-09T20:21:07.7762340Z   pythonLocation: /opt/hostedtoolcache/PyPy/3.10.16/x64
2026-02-09T20:21:07.7762700Z   Python_ROOT_DIR: /opt/hostedtoolcache/PyPy/3.10.16/x64
2026-02-09T20:21:07.7763047Z   Python2_ROOT_DIR: /opt/hostedtoolcache/PyPy/3.10.16/x64
2026-02-09T20:21:07.7763391Z   Python3_ROOT_DIR: /opt/hostedtoolcache/PyPy/3.10.16/x64
2026-02-09T20:21:07.7763949Z   PKG_CONFIG_PATH: /opt/hostedtoolcache/PyPy/3.10.16/x64/bin/lib/pkgconfig
2026-02-09T20:21:07.7764296Z ##[endgroup]
2026-02-09T20:21:07.7824017Z [0;32m==>[0m Running Action version 5.5.2
2026-02-09T20:21:07.7843534Z ##[group]Run git config --global --add safe.directory "/home/runner/work/tinuous/tinuous"
2026-02-09T20:21:07.7844104Z [36;1mgit config --global --add safe.directory "/home/runner/work/tinuous/tinuous"[0m
2026-02-09T20:21:07.7844585Z [36;1mgit config --global --add safe.directory "$GITHUB_WORKSPACE"[0m
2026-02-09T20:21:07.7872301Z shell: /usr/bin/bash --noprofile --norc -e -o pipefail {0}
2026-02-09T20:21:07.7872606Z env:
2026-02-09T20:21:07.7872838Z   pythonLocation: /opt/hostedtoolcache/PyPy/3.10.16/x64
2026-02-09T20:21:07.7873201Z   Python_ROOT_DIR: /opt/hostedtoolcache/PyPy/3.10.16/x64
2026-02-09T20:21:07.7873550Z   Python2_ROOT_DIR: /opt/hostedtoolcache/PyPy/3.10.16/x64
2026-02-09T20:21:07.7873896Z   Python3_ROOT_DIR: /opt/hostedtoolcache/PyPy/3.10.16/x64
2026-02-09T20:21:07.7874289Z   PKG_CONFIG_PATH: /opt/hostedtoolcache/PyPy/3.10.16/x64/bin/lib/pkgconfig
2026-02-09T20:21:07.7874622Z ##[endgroup]
2026-02-09T20:21:07.7970134Z ##[group]Run CC_FORK="false"
2026-02-09T20:21:07.7970380Z [36;1mCC_FORK="false"[0m
2026-02-09T20:21:07.7970925Z [36;1mif [ -n "$GITHUB_EVENT_PULL_REQUEST_HEAD_REPO_FULL_NAME" ] && [ "$GITHUB_EVENT_PULL_REQUEST_HEAD_REPO_FULL_NAME" != "$GITHUB_REPOSITORY" ];[0m
2026-02-09T20:21:07.7971487Z [36;1mthen[0m
2026-02-09T20:21:07.7971722Z [36;1m  echo -e "\033[0;32m==>\033[0m Fork detected"[0m
2026-02-09T20:21:07.7972003Z [36;1m  CC_FORK="true"[0m
2026-02-09T20:21:07.7972193Z [36;1mfi[0m
2026-02-09T20:21:07.7972389Z [36;1mecho "CC_FORK=$CC_FORK" >> "$GITHUB_ENV"[0m
2026-02-09T20:21:07.7999896Z shell: /usr/bin/bash --noprofile --norc -e -o pipefail {0}
2026-02-09T20:21:07.8000200Z env:
2026-02-09T20:21:07.8000435Z   pythonLocation: /opt/hostedtoolcache/PyPy/3.10.16/x64
2026-02-09T20:21:07.8000785Z   Python_ROOT_DIR: /opt/hostedtoolcache/PyPy/3.10.16/x64
2026-02-09T20:21:07.8001123Z   Python2_ROOT_DIR: /opt/hostedtoolcache/PyPy/3.10.16/x64
2026-02-09T20:21:07.8001463Z   Python3_ROOT_DIR: /opt/hostedtoolcache/PyPy/3.10.16/x64
2026-02-09T20:21:07.8001849Z   PKG_CONFIG_PATH: /opt/hostedtoolcache/PyPy/3.10.16/x64/bin/lib/pkgconfig
2026-02-09T20:21:07.8002204Z   GITHUB_EVENT_PULL_REQUEST_HEAD_LABEL: 
2026-02-09T20:21:07.8002492Z   GITHUB_EVENT_PULL_REQUEST_HEAD_REPO_FULL_NAME: 
2026-02-09T20:21:07.8002777Z   GITHUB_REPOSITORY: con/tinuous
2026-02-09T20:21:07.8002994Z ##[endgroup]
2026-02-09T20:21:07.8091560Z ##[group]Run actions/github-script@60a0d83039c74a4aee543508d2ffcb1c3799cdea
2026-02-09T20:21:07.8091914Z with:
2026-02-09T20:21:07.8092481Z   script: if (process.env.CC_USE_OIDC === 'true' && process.env.CC_FORK != 'true') {
  const id_token = await core.getIDToken(process.env.CC_OIDC_AUDIENCE)
  return id_token
}

2026-02-09T20:21:07.8093289Z   github-token: ***
2026-02-09T20:21:07.8093481Z   debug: false
2026-02-09T20:21:07.8093680Z   user-agent: actions/github-script
2026-02-09T20:21:07.8093923Z   result-encoding: json
2026-02-09T20:21:07.8094117Z   retries: 0
2026-02-09T20:21:07.8094317Z   retry-exempt-status-codes: 400,401,403,404,422
2026-02-09T20:21:07.8094574Z env:
2026-02-09T20:21:07.8094961Z   pythonLocation: /opt/hostedtoolcache/PyPy/3.10.16/x64
2026-02-09T20:21:07.8095586Z   Python_ROOT_DIR: /opt/hostedtoolcache/PyPy/3.10.16/x64
2026-02-09T20:21:07.8095939Z   Python2_ROOT_DIR: /opt/hostedtoolcache/PyPy/3.10.16/x64
2026-02-09T20:21:07.8096268Z   Python3_ROOT_DIR: /opt/hostedtoolcache/PyPy/3.10.16/x64
2026-02-09T20:21:07.8096656Z   PKG_CONFIG_PATH: /opt/hostedtoolcache/PyPy/3.10.16/x64/bin/lib/pkgconfig
2026-02-09T20:21:07.8096999Z   CC_FORK: false
2026-02-09T20:21:07.8097193Z   CC_OIDC_AUDIENCE: https://codecov.io
2026-02-09T20:21:07.8097432Z   CC_USE_OIDC: false
2026-02-09T20:21:07.8097611Z ##[endgroup]
2026-02-09T20:21:07.8997672Z ##[group]Run if [ "false" == 'true' ] && [ "$CC_FORK" != 'true' ];
2026-02-09T20:21:07.8998278Z [36;1mif [ "false" == 'true' ] && [ "$CC_FORK" != 'true' ];[0m
2026-02-09T20:21:07.8998565Z [36;1mthen[0m
2026-02-09T20:21:07.8998792Z [36;1m  echo "CC_TOKEN=$CC_OIDC_TOKEN" >> "$GITHUB_ENV"[0m
2026-02-09T20:21:07.8999088Z [36;1melif [ -n "" ];[0m
2026-02-09T20:21:07.8999283Z [36;1mthen[0m
2026-02-09T20:21:07.8999509Z [36;1m  echo -e "\033[0;32m==>\033[0m Token set from env"[0m
2026-02-09T20:21:07.8999836Z [36;1m    echo "CC_TOKEN=" >> "$GITHUB_ENV"[0m
2026-02-09T20:21:07.9000081Z [36;1melse[0m
2026-02-09T20:21:07.9000402Z [36;1m  if [ -n "***" ];[0m
2026-02-09T20:21:07.9000607Z [36;1m  then[0m
2026-02-09T20:21:07.9000839Z [36;1m    echo -e "\033[0;32m==>\033[0m Token set from input"[0m
2026-02-09T20:21:07.9001258Z [36;1m    CC_TOKEN=$(echo "***" | tr -d '\n')[0m
2026-02-09T20:21:07.9001559Z [36;1m    echo "CC_TOKEN=$CC_TOKEN" >> "$GITHUB_ENV"[0m
2026-02-09T20:21:07.9001818Z [36;1m  fi[0m
2026-02-09T20:21:07.9001983Z [36;1mfi[0m
2026-02-09T20:21:07.9032795Z shell: /usr/bin/bash --noprofile --norc -e -o pipefail {0}
2026-02-09T20:21:07.9033120Z env:
2026-02-09T20:21:07.9033352Z   pythonLocation: /opt/hostedtoolcache/PyPy/3.10.16/x64
2026-02-09T20:21:07.9033708Z   Python_ROOT_DIR: /opt/hostedtoolcache/PyPy/3.10.16/x64
2026-02-09T20:21:07.9034049Z   Python2_ROOT_DIR: /opt/hostedtoolcache/PyPy/3.10.16/x64
2026-02-09T20:21:07.9034400Z   Python3_ROOT_DIR: /opt/hostedtoolcache/PyPy/3.10.16/x64
2026-02-09T20:21:07.9034968Z   PKG_CONFIG_PATH: /opt/hostedtoolcache/PyPy/3.10.16/x64/bin/lib/pkgconfig
2026-02-09T20:21:07.9035351Z   CC_FORK: false
2026-02-09T20:21:07.9035531Z   CC_OIDC_TOKEN: 
2026-02-09T20:21:07.9035740Z   CC_OIDC_AUDIENCE: https://codecov.io
2026-02-09T20:21:07.9035986Z ##[endgroup]
2026-02-09T20:21:07.9085968Z [0;32m==>[0m Token set from input
2026-02-09T20:21:07.9121524Z ##[group]Run if [ -z "$CC_BRANCH" ] && [ -z "$CC_TOKEN" ] && [ "$CC_FORK" == 'true' ]
2026-02-09T20:21:07.9122000Z [36;1mif [ -z "$CC_BRANCH" ] && [ -z "$CC_TOKEN" ] && [ "$CC_FORK" == 'true' ][0m
2026-02-09T20:21:07.9122344Z [36;1mthen[0m
2026-02-09T20:21:07.9122728Z [36;1m  echo -e "\033[0;32m==>\033[0m Fork detected, setting branch to $GITHUB_EVENT_PULL_REQUEST_HEAD_LABEL"[0m
2026-02-09T20:21:07.9123262Z [36;1m  TOKENLESS="$GITHUB_EVENT_PULL_REQUEST_HEAD_LABEL"[0m
2026-02-09T20:21:07.9123618Z [36;1m  CC_BRANCH="$GITHUB_EVENT_PULL_REQUEST_HEAD_LABEL"[0m
2026-02-09T20:21:07.9123951Z [36;1m  echo "TOKENLESS=$TOKENLESS" >> "$GITHUB_ENV"[0m
2026-02-09T20:21:07.9124225Z [36;1mfi[0m
2026-02-09T20:21:07.9124386Z [36;1m[0m
2026-02-09T20:21:07.9124587Z [36;1mecho "CC_BRANCH=$CC_BRANCH" >> "$GITHUB_ENV"[0m
2026-02-09T20:21:07.9152392Z shell: /usr/bin/bash --noprofile --norc -e -o pipefail {0}
2026-02-09T20:21:07.9152708Z env:
2026-02-09T20:21:07.9152941Z   pythonLocation: /opt/hostedtoolcache/PyPy/3.10.16/x64
2026-02-09T20:21:07.9153293Z   Python_ROOT_DIR: /opt/hostedtoolcache/PyPy/3.10.16/x64
2026-02-09T20:21:07.9153679Z   Python2_ROOT_DIR: /opt/hostedtoolcache/PyPy/3.10.16/x64
2026-02-09T20:21:07.9154053Z   Python3_ROOT_DIR: /opt/hostedtoolcache/PyPy/3.10.16/x64
2026-02-09T20:21:07.9154451Z   PKG_CONFIG_PATH: /opt/hostedtoolcache/PyPy/3.10.16/x64/bin/lib/pkgconfig
2026-02-09T20:21:07.9154983Z   CC_FORK: false
2026-02-09T20:21:07.9155250Z   CC_TOKEN: ***
2026-02-09T20:21:07.9155424Z   CC_BRANCH: 
2026-02-09T20:21:07.9155614Z   GITHUB_EVENT_PULL_REQUEST_HEAD_LABEL: 
2026-02-09T20:21:07.9156163Z   GITHUB_EVENT_PULL_REQUEST_HEAD_REPO_FULL_NAME: 
2026-02-09T20:21:07.9156465Z   GITHUB_REPOSITORY: con/tinuous
2026-02-09T20:21:07.9156683Z ##[endgroup]
2026-02-09T20:21:07.9221446Z ##[group]Run if [ -z "$CC_SHA" ];
2026-02-09T20:21:07.9221711Z [36;1mif [ -z "$CC_SHA" ];[0m
2026-02-09T20:21:07.9221922Z [36;1mthen[0m
2026-02-09T20:21:07.9222139Z [36;1m  CC_SHA="$GITHUB_EVENT_PULL_REQUEST_HEAD_SHA"[0m
2026-02-09T20:21:07.9222425Z [36;1mfi[0m
2026-02-09T20:21:07.9222639Z [36;1mif [ -z "$CC_PR" ] && [ "$CC_FORK" == 'true' ];[0m
2026-02-09T20:21:07.9222912Z [36;1mthen[0m
2026-02-09T20:21:07.9223266Z [36;1m  CC_PR="$GITHUB_EVENT_NUMBER"[0m
2026-02-09T20:21:07.9223498Z [36;1mfi[0m
2026-02-09T20:21:07.9223662Z [36;1m[0m
2026-02-09T20:21:07.9223851Z [36;1mecho "CC_SHA=$CC_SHA" >> "$GITHUB_ENV"[0m
2026-02-09T20:21:07.9224138Z [36;1mecho "CC_PR=$CC_PR" >> "$GITHUB_ENV"[0m
2026-02-09T20:21:07.9251876Z shell: /usr/bin/bash --noprofile --norc -e -o pipefail {0}
2026-02-09T20:21:07.9252184Z env:
2026-02-09T20:21:07.9252420Z   pythonLocation: /opt/hostedtoolcache/PyPy/3.10.16/x64
2026-02-09T20:21:07.9252807Z   Python_ROOT_DIR: /opt/hostedtoolcache/PyPy/3.10.16/x64
2026-02-09T20:21:07.9253149Z   Python2_ROOT_DIR: /opt/hostedtoolcache/PyPy/3.10.16/x64
2026-02-09T20:21:07.9253491Z   Python3_ROOT_DIR: /opt/hostedtoolcache/PyPy/3.10.16/x64
2026-02-09T20:21:07.9253876Z   PKG_CONFIG_PATH: /opt/hostedtoolcache/PyPy/3.10.16/x64/bin/lib/pkgconfig
2026-02-09T20:21:07.9254228Z   CC_FORK: false
2026-02-09T20:21:07.9254474Z   CC_TOKEN: ***
2026-02-09T20:21:07.9254640Z   CC_BRANCH: 
2026-02-09T20:21:07.9254990Z   CC_PR: 
2026-02-09T20:21:07.9255176Z   CC_SHA: 
2026-02-09T20:21:07.9255341Z   GITHUB_EVENT_NAME: push
2026-02-09T20:21:07.9255549Z   GITHUB_EVENT_NUMBER: 
2026-02-09T20:21:07.9255753Z   GITHUB_EVENT_PULL_REQUEST_HEAD_SHA: 
2026-02-09T20:21:07.9256001Z ##[endgroup]
2026-02-09T20:21:07.9326588Z ##[group]Run ${GITHUB_ACTION_PATH}/dist/codecov.sh
2026-02-09T20:21:07.9326969Z [36;1m${GITHUB_ACTION_PATH}/dist/codecov.sh[0m
2026-02-09T20:21:07.9354467Z shell: /usr/bin/bash --noprofile --norc -e -o pipefail {0}
2026-02-09T20:21:07.9354932Z env:
2026-02-09T20:21:07.9355192Z   pythonLocation: /opt/hostedtoolcache/PyPy/3.10.16/x64
2026-02-09T20:21:07.9355559Z   Python_ROOT_DIR: /opt/hostedtoolcache/PyPy/3.10.16/x64
2026-02-09T20:21:07.9355922Z   Python2_ROOT_DIR: /opt/hostedtoolcache/PyPy/3.10.16/x64
2026-02-09T20:21:07.9356267Z   Python3_ROOT_DIR: /opt/hostedtoolcache/PyPy/3.10.16/x64
2026-02-09T20:21:07.9356650Z   PKG_CONFIG_PATH: /opt/hostedtoolcache/PyPy/3.10.16/x64/bin/lib/pkgconfig
2026-02-09T20:21:07.9357004Z   CC_FORK: false
2026-02-09T20:21:07.9357267Z   CC_TOKEN: ***
2026-02-09T20:21:07.9357452Z   CC_BRANCH: 
2026-02-09T20:21:07.9357615Z   CC_SHA: 
2026-02-09T20:21:07.9357766Z   CC_PR: 
2026-02-09T20:21:07.9357921Z   CC_BASE_SHA: 
2026-02-09T20:21:07.9358083Z   CC_BINARY: 
2026-02-09T20:21:07.9358244Z   CC_BUILD: 
2026-02-09T20:21:07.9358403Z   CC_BUILD_URL: 
2026-02-09T20:21:07.9358563Z   CC_CODE: 
2026-02-09T20:21:07.9358721Z   CC_DIR: 
2026-02-09T20:21:07.9358890Z   CC_DISABLE_FILE_FIXES: false
2026-02-09T20:21:07.9359111Z   CC_DISABLE_SEARCH: false
2026-02-09T20:21:07.9359318Z   CC_DISABLE_TELEM: false
2026-02-09T20:21:07.9359507Z   CC_DRY_RUN: false
2026-02-09T20:21:07.9359690Z   CC_ENTERPRISE_URL: 
2026-02-09T20:21:07.9359871Z   CC_ENV: 
2026-02-09T20:21:07.9360025Z   CC_EXCLUDES: 
2026-02-09T20:21:07.9360201Z   CC_FAIL_ON_ERROR: false
2026-02-09T20:21:07.9360388Z   CC_FILES: 
2026-02-09T20:21:07.9360545Z   CC_FLAGS: 
2026-02-09T20:21:07.9360696Z   CC_FORCE: 
2026-02-09T20:21:07.9360853Z   CC_GCOV_ARGS: 
2026-02-09T20:21:07.9361038Z   CC_GCOV_EXECUTABLE: gcov
2026-02-09T20:21:07.9361231Z   CC_GCOV_IGNORE: 
2026-02-09T20:21:07.9361407Z   CC_GCOV_INCLUDE: 
2026-02-09T20:21:07.9361589Z   CC_GIT_SERVICE: github
2026-02-09T20:21:07.9361798Z   CC_HANDLE_NO_REPORTS_FOUND: false
2026-02-09T20:21:07.9362029Z   CC_JOB_CODE: 
2026-02-09T20:21:07.9362192Z   CC_LEGACY: false
2026-02-09T20:21:07.9362518Z   CC_NAME: pypy-3.10
2026-02-09T20:21:07.9362712Z   CC_NETWORK_FILTER: 
2026-02-09T20:21:07.9362893Z   CC_NETWORK_PREFIX: 
2026-02-09T20:21:07.9363081Z   CC_NETWORK_ROOT_FOLDER: 
2026-02-09T20:21:07.9363268Z   CC_OS: 
2026-02-09T20:21:07.9363426Z   CC_PARENT_SHA: 
2026-02-09T20:21:07.9363596Z   CC_PLUGINS: 
2026-02-09T20:21:07.9363769Z   CC_RECURSE_SUBMODULES: false
2026-02-09T20:21:07.9363977Z   CC_REPORT_TYPE: 
2026-02-09T20:21:07.9364158Z   CC_RUN_CMD: upload-coverage
2026-02-09T20:21:07.9364368Z   CC_SERVICE: github
2026-02-09T20:21:07.9364561Z   CC_SKIP_VALIDATION: false
2026-02-09T20:21:07.9364757Z   CC_SLUG: 
2026-02-09T20:21:07.9365209Z   CC_SWIFT_PROJECT: 
2026-02-09T20:21:07.9365396Z   CC_USE_PYPI: false
2026-02-09T20:21:07.9365577Z   CC_VERBOSE: false
2026-02-09T20:21:07.9365756Z   CC_VERSION: latest
2026-02-09T20:21:07.9365926Z   CC_YML_PATH: 
2026-02-09T20:21:07.9366094Z ##[endgroup]
2026-02-09T20:21:07.9435476Z      _____          _
2026-02-09T20:21:07.9435886Z     / ____|        | |
2026-02-09T20:21:07.9436241Z    | |     ___   __| | ___  ___ _____   __
2026-02-09T20:21:07.9436840Z    | |    / _ \ / _` |/ _ \/ __/ _ \ \ / /
2026-02-09T20:21:07.9437473Z    | |___| (_) | (_| |  __/ (_| (_) \ V /
2026-02-09T20:21:07.9438087Z     \_____\___/ \__,_|\___|\___\___/ \_/
2026-02-09T20:21:07.9438782Z                            [0;31m Wrapper-0.2.7[0m
2026-02-09T20:21:07.9453752Z                            
2026-02-09T20:21:07.9493921Z [0;32m==>[0m Detected [0;36mlinux[0m
2026-02-09T20:21:07.9494725Z [0;32m ->[0m Downloading [0;36mhttps://cli.codecov.io/latest/linux/codecov[0m
2026-02-09T20:21:07.9544659Z   % Total    % Received % Xferd  Average Speed   Time    Time     Time  Current
2026-02-09T20:21:07.9545567Z                                  Dload  Upload   Total   Spent    Left  Speed
2026-02-09T20:21:07.9546325Z 
2026-02-09T20:21:08.1954433Z   0     0    0     0    0     0      0      0 --:--:-- --:--:-- --:--:--     0
2026-02-09T20:21:08.1955560Z 100 10.6M  100 10.6M    0     0  44.1M      0 --:--:-- --:--:-- --:--:-- 44.3M
2026-02-09T20:21:08.1975626Z [0;32m==>[0m Finishing downloading [0;36mlinux:latest[0m
2026-02-09T20:21:08.2784514Z       Version: [0;36mv11.2.6[0m
2026-02-09T20:21:08.2785142Z  
2026-02-09T20:21:08.2852330Z gpg: directory '/home/runner/.gnupg' created
2026-02-09T20:21:08.2857668Z gpg: keybox '/home/runner/.gnupg/pubring.kbx' created
2026-02-09T20:21:08.6385950Z gpg: /home/runner/.gnupg/trustdb.gpg: trustdb created
2026-02-09T20:21:08.6386852Z gpg: key 806BB28AED779869: public key "Codecov Uploader (Codecov Uploader Verification Key) <security@codecov.io>" imported
2026-02-09T20:21:08.6520451Z gpg: Total number processed: 1
2026-02-09T20:21:08.6520831Z gpg:               imported: 1
2026-02-09T20:21:08.6525955Z [0;32m==>[0m Verifying GPG signature integrity
2026-02-09T20:21:08.6526903Z [0;32m ->[0m Downloading [0;36mhttps://cli.codecov.io/latest/linux/codecov.SHA256SUM[0m
2026-02-09T20:21:08.6528066Z [0;32m ->[0m Downloading [0;36mhttps://cli.codecov.io/latest/linux/codecov.SHA256SUM.sig[0m
2026-02-09T20:21:08.6528568Z  
2026-02-09T20:21:08.7809609Z gpg: Signature made Fri Dec  5 15:31:48 2025 UTC
2026-02-09T20:21:08.7810324Z gpg:                using RSA key 27034E7FDB850E0BBC2C62FF806BB28AED779869
2026-02-09T20:21:08.7812420Z gpg: Good signature from "Codecov Uploader (Codecov Uploader Verification Key) <security@codecov.io>" [unknown]
2026-02-09T20:21:08.7813631Z gpg: WARNING: This key is not certified with a trusted signature!
2026-02-09T20:21:08.7814490Z gpg:          There is no indication that the signature belongs to the owner.
2026-02-09T20:21:08.7815549Z Primary key fingerprint: 2703 4E7F DB85 0E0B BC2C  62FF 806B B28A ED77 9869
2026-02-09T20:21:08.8451319Z codecov: OK
2026-02-09T20:21:08.8460329Z [0;32m==>[0m CLI integrity verified
2026-02-09T20:21:08.8460664Z 
2026-02-09T20:21:08.9033110Z [0;32m ->[0m Token length: 36
2026-02-09T20:21:08.9033647Z [0;32m==>[0m Running upload-coverage
2026-02-09T20:21:08.9044026Z       [0;36m./codecov  upload-coverage -t <redacted> --git-service github --gcov-executable gcov --name pypy-3.10[0m
2026-02-09T20:21:09.2471697Z info - 2026-02-09 20:21:09,246 -- ci service found: github-actions
2026-02-09T20:21:09.2874575Z warning - 2026-02-09 20:21:09,287 -- xcrun is not installed or can't be found.
2026-02-09T20:21:09.3583254Z warning - 2026-02-09 20:21:09,358 -- No gcov data found.
2026-02-09T20:21:09.3587163Z warning - 2026-02-09 20:21:09,358 -- coverage.py is not installed or can't be found.
2026-02-09T20:21:09.3743074Z info - 2026-02-09 20:21:09,374 -- Found 1 coverage files to report
2026-02-09T20:21:09.3744152Z info - 2026-02-09 20:21:09,374 -- > /home/runner/work/tinuous/tinuous/coverage.xml
2026-02-09T20:21:10.0466183Z info - 2026-02-09 20:21:10,046 -- Your upload is now processing. When finished, results will be available at: https://app.codecov.io/github/con/tinuous/commit/d2c5f5963660582dd606116b65079d86c71142c6
2026-02-09T20:21:10.2070520Z info - 2026-02-09 20:21:10,206 -- Process Upload complete
2026-02-09T20:21:10.4142169Z Post job cleanup.
2026-02-09T20:21:10.5729261Z Post job cleanup.
2026-02-09T20:21:10.6677812Z [command]/usr/bin/git version
2026-02-09T20:21:10.6712960Z git version 2.52.0
2026-02-09T20:21:10.6750347Z Copying '/home/runner/.gitconfig' to '/home/runner/work/_temp/7b571ec2-44ae-49c5-91fd-25267d8adc82/.gitconfig'
2026-02-09T20:21:10.6759986Z Temporarily overriding HOME='/home/runner/work/_temp/7b571ec2-44ae-49c5-91fd-25267d8adc82' before making global git config changes
2026-02-09T20:21:10.6761512Z Adding repository directory to the temporary git global config as a safe directory
2026-02-09T20:21:10.6773059Z [command]/usr/bin/git config --global --add safe.directory /home/runner/work/tinuous/tinuous
2026-02-09T20:21:10.6805748Z [command]/usr/bin/git config --local --name-only --get-regexp core\.sshCommand
2026-02-09T20:21:10.6837260Z [command]/usr/bin/git submodule foreach --recursive sh -c "git config --local --name-only --get-regexp 'core\.sshCommand' && git config --local --unset-all 'core.sshCommand' || :"
2026-02-09T20:21:10.7060299Z [command]/usr/bin/git config --local --name-only --get-regexp http\.https\:\/\/github\.com\/\.extraheader
2026-02-09T20:21:10.7081266Z http.https://github.com/.extraheader
2026-02-09T20:21:10.7096123Z [command]/usr/bin/git config --local --unset-all http.https://github.com/.extraheader
2026-02-09T20:21:10.7128944Z [command]/usr/bin/git submodule foreach --recursive sh -c "git config --local --name-only --get-regexp 'http\.https\:\/\/github\.com\/\.extraheader' && git config --local --unset-all 'http.https://github.com/.extraheader' || :"
2026-02-09T20:21:10.7363464Z [command]/usr/bin/git config --local --name-only --get-regexp ^includeIf\.gitdir:
2026-02-09T20:21:10.7395622Z [command]/usr/bin/git submodule foreach --recursive git config --local --show-origin --name-only --get-regexp remote.origin.url
2026-02-09T20:21:10.7739186Z Cleaning up orphan processes
