2025-03-18T18:48:36.6019382Z Current runner version: '2.322.0'
2025-03-18T18:48:36.6045525Z ##[group]Operating System
2025-03-18T18:48:36.6046262Z Ubuntu
2025-03-18T18:48:36.6046820Z 24.04.2
2025-03-18T18:48:36.6047326Z LTS
2025-03-18T18:48:36.6047760Z ##[endgroup]
2025-03-18T18:48:36.6048323Z ##[group]Runner Image
2025-03-18T18:48:36.6048914Z Image: ubuntu-24.04
2025-03-18T18:48:36.6049401Z Version: 20250316.1.0
2025-03-18T18:48:36.6050454Z Included Software: https://github.com/actions/runner-images/blob/ubuntu24/20250316.1/images/ubuntu/Ubuntu2404-Readme.md
2025-03-18T18:48:36.6051843Z Image Release: https://github.com/actions/runner-images/releases/tag/ubuntu24%2F20250316.1
2025-03-18T18:48:36.6052684Z ##[endgroup]
2025-03-18T18:48:36.6053255Z ##[group]Runner Image Provisioner
2025-03-18T18:48:36.6053849Z 2.0.422.1
2025-03-18T18:48:36.6054648Z ##[endgroup]
2025-03-18T18:48:36.6057065Z ##[group]GITHUB_TOKEN Permissions
2025-03-18T18:48:36.6059187Z Actions: write
2025-03-18T18:48:36.6060007Z Attestations: write
2025-03-18T18:48:36.6060625Z Checks: write
2025-03-18T18:48:36.6061138Z Contents: write
2025-03-18T18:48:36.6061651Z Deployments: write
2025-03-18T18:48:36.6062151Z Discussions: write
2025-03-18T18:48:36.6062658Z Issues: write
2025-03-18T18:48:36.6063123Z Metadata: read
2025-03-18T18:48:36.6063693Z Packages: write
2025-03-18T18:48:36.6064383Z Pages: write
2025-03-18T18:48:36.6064851Z PullRequests: write
2025-03-18T18:48:36.6065441Z RepositoryProjects: write
2025-03-18T18:48:36.6065995Z SecurityEvents: write
2025-03-18T18:48:36.6066490Z Statuses: write
2025-03-18T18:48:36.6067028Z ##[endgroup]
2025-03-18T18:48:36.6068943Z Secret source: Actions
2025-03-18T18:48:36.6069863Z Prepare workflow directory
2025-03-18T18:48:36.6389279Z Prepare all required actions
2025-03-18T18:48:36.6426005Z Getting action download info
2025-03-18T18:48:36.9794356Z Download action repository 'actions/checkout@v4' (SHA:11bd71901bbe5b1630ceea73d27597364c9af683)
2025-03-18T18:48:37.0667665Z Download action repository 'actions/setup-python@v5' (SHA:42375524e23c412d93fb67b49958b491fce71c38)
2025-03-18T18:48:37.1597129Z Download action repository 'codecov/codecov-action@v5' (SHA:0565863a31f2c772f9f0395002a31e3f06189574)
2025-03-18T18:48:37.3893563Z Complete job name: test (3.8, typing)
2025-03-18T18:48:37.4556370Z ##[group]Run actions/checkout@v4
2025-03-18T18:48:37.4557192Z with:
2025-03-18T18:48:37.4557548Z   fetch-depth: 0
2025-03-18T18:48:37.4557951Z   repository: con/tinuous
2025-03-18T18:48:37.4558547Z   token: ***
2025-03-18T18:48:37.4558905Z   ssh-strict: true
2025-03-18T18:48:37.4559292Z   ssh-user: git
2025-03-18T18:48:37.4559672Z   persist-credentials: true
2025-03-18T18:48:37.4560115Z   clean: true
2025-03-18T18:48:37.4560503Z   sparse-checkout-cone-mode: true
2025-03-18T18:48:37.4560964Z   fetch-tags: false
2025-03-18T18:48:37.4561355Z   show-progress: true
2025-03-18T18:48:37.4561741Z   lfs: false
2025-03-18T18:48:37.4562102Z   submodules: false
2025-03-18T18:48:37.4562498Z   set-safe-directory: true
2025-03-18T18:48:37.4563128Z ##[endgroup]
2025-03-18T18:48:37.6183608Z Syncing repository: con/tinuous
2025-03-18T18:48:37.6185422Z ##[group]Getting Git version info
2025-03-18T18:48:37.6186107Z Working directory is '/home/runner/work/tinuous/tinuous'
2025-03-18T18:48:37.6187044Z [command]/usr/bin/git version
2025-03-18T18:48:37.6260958Z git version 2.48.1
2025-03-18T18:48:37.6302858Z ##[endgroup]
2025-03-18T18:48:37.6320386Z Temporarily overriding HOME='/home/runner/work/_temp/a6cab8dd-e568-4b26-9c95-fd9cb6f16fdb' before making global git config changes
2025-03-18T18:48:37.6321972Z Adding repository directory to the temporary git global config as a safe directory
2025-03-18T18:48:37.6327915Z [command]/usr/bin/git config --global --add safe.directory /home/runner/work/tinuous/tinuous
2025-03-18T18:48:37.6369239Z Deleting the contents of '/home/runner/work/tinuous/tinuous'
2025-03-18T18:48:37.6373834Z ##[group]Initializing the repository
2025-03-18T18:48:37.6380183Z [command]/usr/bin/git init /home/runner/work/tinuous/tinuous
2025-03-18T18:48:37.6442207Z hint: Using 'master' as the name for the initial branch. This default branch name
2025-03-18T18:48:37.6444144Z hint: is subject to change. To configure the initial branch name to use in all
2025-03-18T18:48:37.6445712Z hint: of your new repositories, which will suppress this warning, call:
2025-03-18T18:48:37.6446844Z hint:
2025-03-18T18:48:37.6447574Z hint: 	git config --global init.defaultBranch <name>
2025-03-18T18:48:37.6448650Z hint:
2025-03-18T18:48:37.6449542Z hint: Names commonly chosen instead of 'master' are 'main', 'trunk' and
2025-03-18T18:48:37.6450793Z hint: 'development'. The just-created branch can be renamed via this command:
2025-03-18T18:48:37.6451506Z hint:
2025-03-18T18:48:37.6451875Z hint: 	git branch -m <name>
2025-03-18T18:48:37.6452564Z Initialized empty Git repository in /home/runner/work/tinuous/tinuous/.git/
2025-03-18T18:48:37.6462571Z [command]/usr/bin/git remote add origin https://github.com/con/tinuous
2025-03-18T18:48:37.6507446Z ##[endgroup]
2025-03-18T18:48:37.6508996Z ##[group]Disabling automatic garbage collection
2025-03-18T18:48:37.6510304Z [command]/usr/bin/git config --local gc.auto 0
2025-03-18T18:48:37.6540356Z ##[endgroup]
2025-03-18T18:48:37.6542839Z ##[group]Setting up auth
2025-03-18T18:48:37.6546872Z [command]/usr/bin/git config --local --name-only --get-regexp core\.sshCommand
2025-03-18T18:48:37.6578685Z [command]/usr/bin/git submodule foreach --recursive sh -c "git config --local --name-only --get-regexp 'core\.sshCommand' && git config --local --unset-all 'core.sshCommand' || :"
2025-03-18T18:48:37.6858805Z [command]/usr/bin/git config --local --name-only --get-regexp http\.https\:\/\/github\.com\/\.extraheader
2025-03-18T18:48:37.6891119Z [command]/usr/bin/git submodule foreach --recursive sh -c "git config --local --name-only --get-regexp 'http\.https\:\/\/github\.com\/\.extraheader' && git config --local --unset-all 'http.https://github.com/.extraheader' || :"
2025-03-18T18:48:37.7133372Z [command]/usr/bin/git config --local http.https://github.com/.extraheader AUTHORIZATION: basic ***
2025-03-18T18:48:37.7168909Z ##[endgroup]
2025-03-18T18:48:37.7170154Z ##[group]Fetching the repository
2025-03-18T18:48:37.7179749Z [command]/usr/bin/git -c protocol.version=2 fetch --prune --no-recurse-submodules origin +refs/heads/*:refs/remotes/origin/* +refs/tags/*:refs/tags/* +b6fb1409ab526382d9c79af1f0f0d9d58bb02420:refs/remotes/pull/204/merge
2025-03-18T18:48:38.0097423Z From https://github.com/con/tinuous
2025-03-18T18:48:38.0099538Z  * [new branch]      gh-203                                   -> origin/gh-203
2025-03-18T18:48:38.0175080Z  * [new branch]      gh-55                                    -> origin/gh-55
2025-03-18T18:48:38.0176714Z  * [new branch]      master                                   -> origin/master
2025-03-18T18:48:38.0178558Z  * [new branch]      no-extra-search                          -> origin/no-extra-search
2025-03-18T18:48:38.0180327Z  * [new branch]      pragmata                                 -> origin/pragmata
2025-03-18T18:48:38.0182231Z  * [new branch]      test-appveyor                            -> origin/test-appveyor
2025-03-18T18:48:38.0183604Z  * [new tag]         0.1.0                                    -> 0.1.0
2025-03-18T18:48:38.0184727Z  * [new tag]         0.2.0                                    -> 0.2.0
2025-03-18T18:48:38.0185458Z  * [new tag]         0.3.0                                    -> 0.3.0
2025-03-18T18:48:38.0186153Z  * [new tag]         0.4.0                                    -> 0.4.0
2025-03-18T18:48:38.0186880Z  * [new tag]         0.5.0                                    -> 0.5.0
2025-03-18T18:48:38.0187578Z  * [new tag]         0.5.1                                    -> 0.5.1
2025-03-18T18:48:38.0188262Z  * [new tag]         0.5.2                                    -> 0.5.2
2025-03-18T18:48:38.0189017Z  * [new tag]         0.5.3                                    -> 0.5.3
2025-03-18T18:48:38.0189835Z  * [new tag]         0.5.4                                    -> 0.5.4
2025-03-18T18:48:38.0190522Z  * [new tag]         0.6.0                                    -> 0.6.0
2025-03-18T18:48:38.0191495Z  * [new tag]         0.6.1                                    -> 0.6.1
2025-03-18T18:48:38.0192188Z  * [new tag]         0.7.0                                    -> 0.7.0
2025-03-18T18:48:38.0193009Z  * [new ref]         b6fb1409ab526382d9c79af1f0f0d9d58bb02420 -> pull/204/merge
2025-03-18T18:48:38.0195869Z ##[endgroup]
2025-03-18T18:48:38.0196842Z ##[group]Determining the checkout info
2025-03-18T18:48:38.0197771Z ##[endgroup]
2025-03-18T18:48:38.0198323Z [command]/usr/bin/git sparse-checkout disable
2025-03-18T18:48:38.0208732Z [command]/usr/bin/git config --local --unset-all extensions.worktreeConfig
2025-03-18T18:48:38.0237538Z ##[group]Checking out the ref
2025-03-18T18:48:38.0241616Z [command]/usr/bin/git checkout --progress --force refs/remotes/pull/204/merge
2025-03-18T18:48:38.0300534Z Note: switching to 'refs/remotes/pull/204/merge'.
2025-03-18T18:48:38.0301534Z 
2025-03-18T18:48:38.0302400Z You are in 'detached HEAD' state. You can look around, make experimental
2025-03-18T18:48:38.0304564Z changes and commit them, and you can discard any commits you make in this
2025-03-18T18:48:38.0306495Z state without impacting any branches by switching back to a branch.
2025-03-18T18:48:38.0307204Z 
2025-03-18T18:48:38.0307686Z If you want to create a new branch to retain commits you create, you may
2025-03-18T18:48:38.0309155Z do so (now or later) by using -c with the switch command. Example:
2025-03-18T18:48:38.0309830Z 
2025-03-18T18:48:38.0310057Z   git switch -c <new-branch-name>
2025-03-18T18:48:38.0310473Z 
2025-03-18T18:48:38.0310689Z Or undo this operation with:
2025-03-18T18:48:38.0311056Z 
2025-03-18T18:48:38.0311247Z   git switch -
2025-03-18T18:48:38.0311512Z 
2025-03-18T18:48:38.0311984Z Turn off this advice by setting config variable advice.detachedHead to false
2025-03-18T18:48:38.0312952Z 
2025-03-18T18:48:38.0313778Z HEAD is now at b6fb140 Merge e708783be5b24101c2375c50691f8790a83dfc1a into 50fb656c25cb21db819da59423bcd1e412c57487
2025-03-18T18:48:38.0316262Z ##[endgroup]
2025-03-18T18:48:38.0343143Z [command]/usr/bin/git log -1 --format=%H
2025-03-18T18:48:38.0365141Z b6fb1409ab526382d9c79af1f0f0d9d58bb02420
2025-03-18T18:48:38.0607688Z ##[group]Run actions/setup-python@v5
2025-03-18T18:48:38.0608317Z with:
2025-03-18T18:48:38.0608722Z   python-version: 3.8
2025-03-18T18:48:38.0609197Z   check-latest: false
2025-03-18T18:48:38.0609840Z   token: ***
2025-03-18T18:48:38.0610286Z   update-environment: true
2025-03-18T18:48:38.0610811Z   allow-prereleases: false
2025-03-18T18:48:38.0611309Z ##[endgroup]
2025-03-18T18:48:38.2295259Z ##[group]Installed versions
2025-03-18T18:48:38.2343375Z Version 3.8 was not found in the local cache
2025-03-18T18:48:38.4970214Z Version 3.8 is available for downloading
2025-03-18T18:48:38.4972790Z Download from "https://github.com/actions/python-versions/releases/download/3.8.18-12303122501/python-3.8.18-linux-24.04-x64.tar.gz"
2025-03-18T18:48:39.0667732Z Extract downloaded archive
2025-03-18T18:48:39.0775946Z [command]/usr/bin/tar xz --warning=no-unknown-keyword --overwrite -C /home/runner/work/_temp/a1f967f4-b598-4e21-8cc9-2553c29961c7 -f /home/runner/work/_temp/671852c9-6326-49f2-80af-2f6ddbb0cf8f
2025-03-18T18:48:40.3872777Z Execute installation script
2025-03-18T18:48:40.3965982Z Check if Python hostedtoolcache folder exist...
2025-03-18T18:48:40.3966586Z Create Python 3.8.18 folder
2025-03-18T18:48:40.3982570Z Copy Python binaries to hostedtoolcache folder
2025-03-18T18:48:40.8663229Z Create additional symlinks (Required for the UsePythonVersion Azure Pipelines task and the setup-python GitHub Action)
2025-03-18T18:48:40.8705507Z Upgrading pip...
2025-03-18T18:48:42.4650217Z Looking in links: /tmp/tmpxyiey8y9
2025-03-18T18:48:42.4655035Z Requirement already satisfied: setuptools in /opt/hostedtoolcache/Python/3.8.18/x64/lib/python3.8/site-packages (56.0.0)
2025-03-18T18:48:42.4659580Z Requirement already satisfied: pip in /opt/hostedtoolcache/Python/3.8.18/x64/lib/python3.8/site-packages (23.0.1)
2025-03-18T18:48:43.4476421Z Collecting pip
2025-03-18T18:48:43.4872087Z Downloading pip-25.0.1-py3-none-any.whl (1.8 MB)
2025-03-18T18:48:43.5304649Z ━━━━━━━━━━━━━━━━━━━━━━━━━━━━━━━━━━━━━━━━ 1.8/1.8 MB 45.8 MB/s eta 0:00:00
2025-03-18T18:48:43.5305227Z 
2025-03-18T18:48:43.5649526Z Installing collected packages: pip
2025-03-18T18:48:43.5652319Z Attempting uninstall: pip
2025-03-18T18:48:43.5659137Z Found existing installation: pip 23.0.1
2025-03-18T18:48:43.7454833Z Uninstalling pip-23.0.1:
2025-03-18T18:48:43.7528467Z Successfully uninstalled pip-23.0.1
2025-03-18T18:48:44.4592677Z Successfully installed pip-25.0.1
2025-03-18T18:48:44.5075597Z Create complete file
2025-03-18T18:48:44.5128608Z Successfully set up CPython (3.8.18)
2025-03-18T18:48:44.5129694Z ##[endgroup]
2025-03-18T18:48:44.5283534Z ##[group]Run python -m pip install --upgrade pip wheel
2025-03-18T18:48:44.5284223Z [36;1mpython -m pip install --upgrade pip wheel[0m
2025-03-18T18:48:44.5284656Z [36;1mpython -m pip install --upgrade --upgrade-strategy=eager tox[0m
2025-03-18T18:48:44.5338222Z shell: /usr/bin/bash -e {0}
2025-03-18T18:48:44.5338494Z env:
2025-03-18T18:48:44.5338794Z   pythonLocation: /opt/hostedtoolcache/Python/3.8.18/x64
2025-03-18T18:48:44.5339284Z   PKG_CONFIG_PATH: /opt/hostedtoolcache/Python/3.8.18/x64/lib/pkgconfig
2025-03-18T18:48:44.5339744Z   Python_ROOT_DIR: /opt/hostedtoolcache/Python/3.8.18/x64
2025-03-18T18:48:44.5340146Z   Python2_ROOT_DIR: /opt/hostedtoolcache/Python/3.8.18/x64
2025-03-18T18:48:44.5340540Z   Python3_ROOT_DIR: /opt/hostedtoolcache/Python/3.8.18/x64
2025-03-18T18:48:44.5340945Z   LD_LIBRARY_PATH: /opt/hostedtoolcache/Python/3.8.18/x64/lib
2025-03-18T18:48:44.5341289Z ##[endgroup]
2025-03-18T18:48:44.8713736Z Requirement already satisfied: pip in /opt/hostedtoolcache/Python/3.8.18/x64/lib/python3.8/site-packages (25.0.1)
2025-03-18T18:48:44.9373893Z Collecting wheel
2025-03-18T18:48:44.9471723Z   Downloading wheel-0.45.1-py3-none-any.whl.metadata (2.3 kB)
2025-03-18T18:48:44.9558690Z Downloading wheel-0.45.1-py3-none-any.whl (72 kB)
2025-03-18T18:48:44.9709625Z Installing collected packages: wheel
2025-03-18T18:48:45.0126832Z Successfully installed wheel-0.45.1
2025-03-18T18:48:45.4788733Z Collecting tox
2025-03-18T18:48:45.4915159Z   Downloading tox-4.24.2-py3-none-any.whl.metadata (3.7 kB)
2025-03-18T18:48:45.5225676Z Collecting cachetools>=5.5.1 (from tox)
2025-03-18T18:48:45.5271163Z   Downloading cachetools-5.5.2-py3-none-any.whl.metadata (5.4 kB)
2025-03-18T18:48:45.5403724Z Collecting chardet>=5.2 (from tox)
2025-03-18T18:48:45.5448468Z   Downloading chardet-5.2.0-py3-none-any.whl.metadata (3.4 kB)
2025-03-18T18:48:45.5635304Z Collecting colorama>=0.4.6 (from tox)
2025-03-18T18:48:45.5675004Z   Downloading colorama-0.4.6-py2.py3-none-any.whl.metadata (17 kB)
2025-03-18T18:48:45.5886575Z Collecting filelock>=3.16.1 (from tox)
2025-03-18T18:48:45.5928394Z   Downloading filelock-3.16.1-py3-none-any.whl.metadata (2.9 kB)
2025-03-18T18:48:45.6129723Z Collecting packaging>=24.2 (from tox)
2025-03-18T18:48:45.6174493Z   Downloading packaging-24.2-py3-none-any.whl.metadata (3.2 kB)
2025-03-18T18:48:45.6387313Z Collecting platformdirs>=4.3.6 (from tox)
2025-03-18T18:48:45.6435301Z   Downloading platformdirs-4.3.6-py3-none-any.whl.metadata (11 kB)
2025-03-18T18:48:45.6592752Z Collecting pluggy>=1.5 (from tox)
2025-03-18T18:48:45.6633533Z   Downloading pluggy-1.5.0-py3-none-any.whl.metadata (4.8 kB)
2025-03-18T18:48:45.6783019Z Collecting pyproject-api>=1.8 (from tox)
2025-03-18T18:48:45.6828013Z   Downloading pyproject_api-1.8.0-py3-none-any.whl.metadata (2.7 kB)
2025-03-18T18:48:45.7016073Z Collecting tomli>=2.2.1 (from tox)
2025-03-18T18:48:45.7058340Z   Downloading tomli-2.2.1-py3-none-any.whl.metadata (10 kB)
2025-03-18T18:48:45.7231185Z Collecting typing-extensions>=4.12.2 (from tox)
2025-03-18T18:48:45.7274187Z   Downloading typing_extensions-4.12.2-py3-none-any.whl.metadata (3.0 kB)
2025-03-18T18:48:45.7711720Z Collecting virtualenv>=20.29.1 (from tox)
2025-03-18T18:48:45.7753005Z   Downloading virtualenv-20.29.3-py3-none-any.whl.metadata (4.5 kB)
2025-03-18T18:48:45.8063431Z Collecting distlib<1,>=0.3.7 (from virtualenv>=20.29.1->tox)
2025-03-18T18:48:45.8104907Z   Downloading distlib-0.3.9-py2.py3-none-any.whl.metadata (5.2 kB)
2025-03-18T18:48:45.8333493Z Downloading tox-4.24.2-py3-none-any.whl (172 kB)
2025-03-18T18:48:45.8444530Z Downloading cachetools-5.5.2-py3-none-any.whl (10 kB)
2025-03-18T18:48:45.8520431Z Downloading chardet-5.2.0-py3-none-any.whl (199 kB)
2025-03-18T18:48:45.8599695Z Downloading colorama-0.4.6-py2.py3-none-any.whl (25 kB)
2025-03-18T18:48:45.8668466Z Downloading filelock-3.16.1-py3-none-any.whl (16 kB)
2025-03-18T18:48:45.8737825Z Downloading packaging-24.2-py3-none-any.whl (65 kB)
2025-03-18T18:48:45.8805030Z Downloading platformdirs-4.3.6-py3-none-any.whl (18 kB)
2025-03-18T18:48:45.8912147Z Downloading pluggy-1.5.0-py3-none-any.whl (20 kB)
2025-03-18T18:48:45.8980020Z Downloading pyproject_api-1.8.0-py3-none-any.whl (13 kB)
2025-03-18T18:48:45.9045187Z Downloading tomli-2.2.1-py3-none-any.whl (14 kB)
2025-03-18T18:48:45.9108926Z Downloading typing_extensions-4.12.2-py3-none-any.whl (37 kB)
2025-03-18T18:48:45.9177885Z Downloading virtualenv-20.29.3-py3-none-any.whl (4.3 MB)
2025-03-18T18:48:45.9477752Z    ━━━━━━━━━━━━━━━━━━━━━━━━━━━━━━━━━━━━━━━━ 4.3/4.3 MB 152.9 MB/s eta 0:00:00
2025-03-18T18:48:45.9525609Z Downloading distlib-0.3.9-py2.py3-none-any.whl (468 kB)
2025-03-18T18:48:46.0054317Z Installing collected packages: distlib, typing-extensions, tomli, pluggy, platformdirs, packaging, filelock, colorama, chardet, cachetools, virtualenv, pyproject-api, tox
2025-03-18T18:48:46.5451586Z Successfully installed cachetools-5.5.2 chardet-5.2.0 colorama-0.4.6 distlib-0.3.9 filelock-3.16.1 packaging-24.2 platformdirs-4.3.6 pluggy-1.5.0 pyproject-api-1.8.0 tomli-2.2.1 tox-4.24.2 typing-extensions-4.12.2 virtualenv-20.29.3
2025-03-18T18:48:46.6015207Z ##[group]Run tox -e typing
2025-03-18T18:48:46.6015500Z [36;1mtox -e typing[0m
2025-03-18T18:48:46.6066582Z shell: /usr/bin/bash -e {0}
2025-03-18T18:48:46.6066882Z env:
2025-03-18T18:48:46.6067183Z   pythonLocation: /opt/hostedtoolcache/Python/3.8.18/x64
2025-03-18T18:48:46.6067689Z   PKG_CONFIG_PATH: /opt/hostedtoolcache/Python/3.8.18/x64/lib/pkgconfig
2025-03-18T18:48:46.6068189Z   Python_ROOT_DIR: /opt/hostedtoolcache/Python/3.8.18/x64
2025-03-18T18:48:46.6068626Z   Python2_ROOT_DIR: /opt/hostedtoolcache/Python/3.8.18/x64
2025-03-18T18:48:46.6069055Z   Python3_ROOT_DIR: /opt/hostedtoolcache/Python/3.8.18/x64
2025-03-18T18:48:46.6069495Z   LD_LIBRARY_PATH: /opt/hostedtoolcache/Python/3.8.18/x64/lib
2025-03-18T18:48:46.6069861Z ##[endgroup]
2025-03-18T18:48:47.2475811Z typing: install_deps> python -I -m pip install mypy pytest pytest-cov pytest-mock types-python-dateutil types-PyYAML types-requests
2025-03-18T18:48:50.5727569Z .pkg: install_requires> python -I -m pip install 'setuptools>=46.4.0' versioningit
2025-03-18T18:48:51.5810505Z .pkg: _optional_hooks> python /opt/hostedtoolcache/Python/3.8.18/x64/lib/python3.8/site-packages/pyproject_api/_backend.py True setuptools.build_meta
2025-03-18T18:48:51.8225375Z .pkg: get_requires_for_build_sdist> python /opt/hostedtoolcache/Python/3.8.18/x64/lib/python3.8/site-packages/pyproject_api/_backend.py True setuptools.build_meta
2025-03-18T18:48:52.1232686Z .pkg: get_requires_for_build_wheel> python /opt/hostedtoolcache/Python/3.8.18/x64/lib/python3.8/site-packages/pyproject_api/_backend.py True setuptools.build_meta
2025-03-18T18:48:52.4072555Z .pkg: freeze> python -m pip freeze --all
2025-03-18T18:48:52.6367584Z .pkg: importlib_metadata==8.5.0,packaging==24.2,pip==25.0.1,setuptools==75.3.0,tomli==2.2.1,versioningit==3.1.2,wheel==0.45.1,zipp==3.20.2
2025-03-18T18:48:52.6374333Z .pkg: prepare_metadata_for_build_wheel> python /opt/hostedtoolcache/Python/3.8.18/x64/lib/python3.8/site-packages/pyproject_api/_backend.py True setuptools.build_meta
2025-03-18T18:48:52.9396196Z .pkg: build_sdist> python /opt/hostedtoolcache/Python/3.8.18/x64/lib/python3.8/site-packages/pyproject_api/_backend.py True setuptools.build_meta
2025-03-18T18:48:53.2312010Z typing: install_package_deps> python -I -m pip install 'PyYAML>=5.0' 'click-loglevel~=0.2' 'click>=7.0' 'ghtoken~=0.1' 'in-place~=1.0' 'pydantic~=2.0' 'python-dateutil~=2.7' 'python-dotenv<2.0,>=0.11' 'requests~=2.20' 'typing-extensions; python_version < "3.9"'
2025-03-18T18:48:55.6903306Z typing: install_package> python -I -m pip install --force-reinstall --no-deps /home/runner/work/tinuous/tinuous/.tox/.tmp/package/1/tinuous-0.7.0.post10+gb6fb140.tar.gz
2025-03-18T18:48:58.3061138Z typing: freeze> python -m pip freeze --all
2025-03-18T18:48:58.5509724Z typing: annotated-types==0.7.0,certifi==2025.1.31,charset-normalizer==3.4.1,click==8.1.8,click-loglevel==0.6.0,coverage==7.6.1,exceptiongroup==1.2.2,ghtoken==0.1.2,idna==3.10,in_place==1.0.1,iniconfig==2.0.0,mypy==1.14.1,mypy-extensions==1.0.0,packaging==24.2,pip==25.0.1,pluggy==1.5.0,pydantic==2.10.6,pydantic_core==2.27.2,pytest==8.3.5,pytest-cov==5.0.0,pytest-mock==3.14.0,python-dateutil==2.9.0.post0,python-dotenv==1.0.1,PyYAML==6.0.2,requests==2.32.3,ruamel.yaml==0.18.10,ruamel.yaml.clib==0.2.8,setuptools==75.3.0,six==1.17.0,tinuous @ file:///home/runner/work/tinuous/tinuous/.tox/.tmp/package/1/tinuous-0.7.0.post10%2Bgb6fb140.tar.gz#sha256=6d6dab8a87e8bdf39e7c1e475fb6a2962d979b20b16fadcdd32e88b973c2b816,tomli==2.2.1,types-python-dateutil==2.9.0.20241206,types-PyYAML==6.0.12.20241230,types-requests==2.32.0.20241016,typing_extensions==4.12.2,urllib3==2.2.3,wheel==0.45.1
2025-03-18T18:48:58.5516674Z typing: commands[0]> mypy src test
2025-03-18T18:49:05.2761165Z Success: no issues found in 15 source files
2025-03-18T18:49:05.2938795Z   typing: OK (18.46=setup[11.72]+cmd[6.74] seconds)
2025-03-18T18:49:05.2939365Z   congratulations :) (18.54 seconds)
2025-03-18T18:49:05.3305884Z Post job cleanup.
2025-03-18T18:49:05.5037859Z Post job cleanup.
2025-03-18T18:49:05.5998843Z [command]/usr/bin/git version
2025-03-18T18:49:05.6037707Z git version 2.48.1
2025-03-18T18:49:05.6097655Z Temporarily overriding HOME='/home/runner/work/_temp/6e0fec3e-f569-413a-8e8a-a7796a1c4995' before making global git config changes
2025-03-18T18:49:05.6099265Z Adding repository directory to the temporary git global config as a safe directory
2025-03-18T18:49:05.6100829Z [command]/usr/bin/git config --global --add safe.directory /home/runner/work/tinuous/tinuous
2025-03-18T18:49:05.6140588Z [command]/usr/bin/git config --local --name-only --get-regexp core\.sshCommand
2025-03-18T18:49:05.6173219Z [command]/usr/bin/git submodule foreach --recursive sh -c "git config --local --name-only --get-regexp 'core\.sshCommand' && git config --local --unset-all 'core.sshCommand' || :"
2025-03-18T18:49:05.6429045Z [command]/usr/bin/git config --local --name-only --get-regexp http\.https\:\/\/github\.com\/\.extraheader
2025-03-18T18:49:05.6454901Z http.https://github.com/.extraheader
2025-03-18T18:49:05.6468038Z [command]/usr/bin/git config --local --unset-all http.https://github.com/.extraheader
2025-03-18T18:49:05.6502139Z [command]/usr/bin/git submodule foreach --recursive sh -c "git config --local --name-only --get-regexp 'http\.https\:\/\/github\.com\/\.extraheader' && git config --local --unset-all 'http.https://github.com/.extraheader' || :"
2025-03-18T18:49:05.6872346Z Cleaning up orphan processes
