2023-05-10T18:20:00.0330436Z Requested labels: ubuntu-latest
2023-05-10T18:20:00.0330839Z Job defined at: con/tinuous/.github/workflows/test.yml@refs/heads/decoupled-ingestion
2023-05-10T18:20:00.0330936Z Waiting for a runner to pick up this job...
2023-05-10T18:20:00.3734417Z Job is waiting for a hosted runner to come online.
2023-05-10T18:20:02.7027577Z Job is about to start running on the hosted runner: GitHub Actions 6 (hosted)
2023-05-10T18:20:16.5967210Z Current runner version: '2.304.0'
2023-05-10T18:20:16.5997517Z ##[group]Operating System
2023-05-10T18:20:16.5998104Z Ubuntu
2023-05-10T18:20:16.5998367Z 22.04.2
2023-05-10T18:20:16.5998668Z LTS
2023-05-10T18:20:16.5998933Z ##[endgroup]
2023-05-10T18:20:16.5999362Z ##[group]Runner Image
2023-05-10T18:20:16.5999767Z Image: ubuntu-22.04
2023-05-10T18:20:16.6000114Z Version: 20230507.1
2023-05-10T18:20:16.6000614Z Included Software: https://github.com/actions/runner-images/blob/ubuntu22/20230507.1/images/linux/Ubuntu2204-Readme.md
2023-05-10T18:20:16.6001335Z Image Release: https://github.com/actions/runner-images/releases/tag/ubuntu22%2F20230507.1
2023-05-10T18:20:16.6001829Z ##[endgroup]
2023-05-10T18:20:16.6002159Z ##[group]Runner Image Provisioner
2023-05-10T18:20:16.6002533Z 2.0.171.1
2023-05-10T18:20:16.6002856Z ##[endgroup]
2023-05-10T18:20:16.6003888Z ##[group]GITHUB_TOKEN Permissions
2023-05-10T18:20:16.6004636Z Actions: write
2023-05-10T18:20:16.6004933Z Checks: write
2023-05-10T18:20:16.6005531Z Contents: write
2023-05-10T18:20:16.6005955Z Deployments: write
2023-05-10T18:20:16.6006314Z Discussions: write
2023-05-10T18:20:16.6006610Z Issues: write
2023-05-10T18:20:16.6007014Z Metadata: read
2023-05-10T18:20:16.6007354Z Packages: write
2023-05-10T18:20:16.6007643Z Pages: write
2023-05-10T18:20:16.6007986Z PullRequests: write
2023-05-10T18:20:16.6008406Z RepositoryProjects: write
2023-05-10T18:20:16.6008759Z SecurityEvents: write
2023-05-10T18:20:16.6009109Z Statuses: write
2023-05-10T18:20:16.6009453Z ##[endgroup]
2023-05-10T18:20:16.6013011Z Secret source: Actions
2023-05-10T18:20:16.6013655Z Prepare workflow directory
2023-05-10T18:20:16.6735598Z Prepare all required actions
2023-05-10T18:20:16.6918279Z Getting action download info
2023-05-10T18:20:16.9605598Z Download action repository 'actions/checkout@v3' (SHA:8e5e7e5ab8b370d6c329ec480221332ada57f0ab)
2023-05-10T18:20:17.2793879Z Download action repository 'actions/setup-python@v4' (SHA:57ded4d7d5e986d7296eab16560982c6dd7c923b)
2023-05-10T18:20:17.5246996Z Download action repository 'codecov/codecov-action@v3' (SHA:894ff025c7b54547a9a2a1e9f228beae737ad3c2)
2023-05-10T18:20:17.8877807Z Complete job name: test (3.9, py)
2023-05-10T18:20:17.9835564Z ##[group]Run actions/checkout@v3
2023-05-10T18:20:17.9835907Z with:
2023-05-10T18:20:17.9836175Z   fetch-depth: 0
2023-05-10T18:20:17.9836452Z   repository: con/tinuous
2023-05-10T18:20:17.9836947Z   token: ***
2023-05-10T18:20:17.9837203Z   ssh-strict: true
2023-05-10T18:20:17.9837489Z   persist-credentials: true
2023-05-10T18:20:17.9837754Z   clean: true
2023-05-10T18:20:17.9837988Z   lfs: false
2023-05-10T18:20:17.9838232Z   submodules: false
2023-05-10T18:20:17.9838496Z   set-safe-directory: true
2023-05-10T18:20:17.9838766Z ##[endgroup]
2023-05-10T18:20:18.2408902Z Syncing repository: con/tinuous
2023-05-10T18:20:18.2410625Z ##[group]Getting Git version info
2023-05-10T18:20:18.2411312Z Working directory is '/home/runner/work/tinuous/tinuous'
2023-05-10T18:20:18.2427310Z [command]/usr/bin/git version
2023-05-10T18:20:18.2463203Z git version 2.40.1
2023-05-10T18:20:18.2489429Z ##[endgroup]
2023-05-10T18:20:18.2542556Z Temporarily overriding HOME='/home/runner/work/_temp/afee87f9-7d4e-459f-86b7-4e88da6b70f9' before making global git config changes
2023-05-10T18:20:18.2543070Z Adding repository directory to the temporary git global config as a safe directory
2023-05-10T18:20:18.2543574Z [command]/usr/bin/git config --global --add safe.directory /home/runner/work/tinuous/tinuous
2023-05-10T18:20:18.2592011Z Deleting the contents of '/home/runner/work/tinuous/tinuous'
2023-05-10T18:20:18.2597365Z ##[group]Initializing the repository
2023-05-10T18:20:18.2600914Z [command]/usr/bin/git init /home/runner/work/tinuous/tinuous
2023-05-10T18:20:18.2666176Z hint: Using 'master' as the name for the initial branch. This default branch name
2023-05-10T18:20:18.2667012Z hint: is subject to change. To configure the initial branch name to use in all
2023-05-10T18:20:18.2668684Z hint: of your new repositories, which will suppress this warning, call:
2023-05-10T18:20:18.2669552Z hint: 
2023-05-10T18:20:18.2677636Z hint: 	git config --global init.defaultBranch <name>
2023-05-10T18:20:18.2678257Z hint: 
2023-05-10T18:20:18.2679233Z hint: Names commonly chosen instead of 'master' are 'main', 'trunk' and
2023-05-10T18:20:18.2679789Z hint: 'development'. The just-created branch can be renamed via this command:
2023-05-10T18:20:18.2680081Z hint: 
2023-05-10T18:20:18.2680334Z hint: 	git branch -m <name>
2023-05-10T18:20:18.2707954Z Initialized empty Git repository in /home/runner/work/tinuous/tinuous/.git/
2023-05-10T18:20:18.2708885Z [command]/usr/bin/git remote add origin https://github.com/con/tinuous
2023-05-10T18:20:18.2779010Z ##[endgroup]
2023-05-10T18:20:18.2780078Z ##[group]Disabling automatic garbage collection
2023-05-10T18:20:18.2784094Z [command]/usr/bin/git config --local gc.auto 0
2023-05-10T18:20:18.2816637Z ##[endgroup]
2023-05-10T18:20:18.2817219Z ##[group]Setting up auth
2023-05-10T18:20:18.2821321Z [command]/usr/bin/git config --local --name-only --get-regexp core\.sshCommand
2023-05-10T18:20:18.2862782Z [command]/usr/bin/git submodule foreach --recursive sh -c "git config --local --name-only --get-regexp 'core\.sshCommand' && git config --local --unset-all 'core.sshCommand' || :"
2023-05-10T18:20:18.3229343Z [command]/usr/bin/git config --local --name-only --get-regexp http\.https\:\/\/github\.com\/\.extraheader
2023-05-10T18:20:18.3263179Z [command]/usr/bin/git submodule foreach --recursive sh -c "git config --local --name-only --get-regexp 'http\.https\:\/\/github\.com\/\.extraheader' && git config --local --unset-all 'http.https://github.com/.extraheader' || :"
2023-05-10T18:20:18.3484046Z [command]/usr/bin/git config --local http.https://github.com/.extraheader AUTHORIZATION: basic ***
2023-05-10T18:20:18.3523379Z ##[endgroup]
2023-05-10T18:20:18.3524401Z ##[group]Fetching the repository
2023-05-10T18:20:18.3533975Z [command]/usr/bin/git -c protocol.version=2 fetch --prune --progress --no-recurse-submodules origin +refs/heads/*:refs/remotes/origin/* +refs/tags/*:refs/tags/*
2023-05-10T18:20:18.6343106Z remote: Enumerating objects: 1175, done.        
2023-05-10T18:20:18.6344210Z remote: Counting objects:   0% (1/397)        
2023-05-10T18:20:18.6345173Z remote: Counting objects:   1% (4/397)        
2023-05-10T18:20:18.6345555Z remote: Counting objects:   2% (8/397)        
2023-05-10T18:20:18.6345873Z remote: Counting objects:   3% (12/397)        
2023-05-10T18:20:18.6346191Z remote: Counting objects:   4% (16/397)        
2023-05-10T18:20:18.6346485Z remote: Counting objects:   5% (20/397)        
2023-05-10T18:20:18.6346790Z remote: Counting objects:   6% (24/397)        
2023-05-10T18:20:18.6347095Z remote: Counting objects:   7% (28/397)        
2023-05-10T18:20:18.6353554Z remote: Counting objects:   8% (32/397)        
2023-05-10T18:20:18.6354255Z remote: Counting objects:   9% (36/397)        
2023-05-10T18:20:18.6354890Z remote: Counting objects:  10% (40/397)        
2023-05-10T18:20:18.6355301Z remote: Counting objects:  11% (44/397)        
2023-05-10T18:20:18.6355721Z remote: Counting objects:  12% (48/397)        
2023-05-10T18:20:18.6356050Z remote: Counting objects:  13% (52/397)        
2023-05-10T18:20:18.6356343Z remote: Counting objects:  14% (56/397)        
2023-05-10T18:20:18.6356649Z remote: Counting objects:  15% (60/397)        
2023-05-10T18:20:18.6356956Z remote: Counting objects:  16% (64/397)        
2023-05-10T18:20:18.6357244Z remote: Counting objects:  17% (68/397)        
2023-05-10T18:20:18.6357548Z remote: Counting objects:  18% (72/397)        
2023-05-10T18:20:18.6357848Z remote: Counting objects:  19% (76/397)        
2023-05-10T18:20:18.6358150Z remote: Counting objects:  20% (80/397)        
2023-05-10T18:20:18.6358436Z remote: Counting objects:  21% (84/397)        
2023-05-10T18:20:18.6358732Z remote: Counting objects:  22% (88/397)        
2023-05-10T18:20:18.6359030Z remote: Counting objects:  23% (92/397)        
2023-05-10T18:20:18.6359317Z remote: Counting objects:  24% (96/397)        
2023-05-10T18:20:18.6359916Z remote: Counting objects:  25% (100/397)        
2023-05-10T18:20:18.6360234Z remote: Counting objects:  26% (104/397)        
2023-05-10T18:20:18.6360541Z remote: Counting objects:  27% (108/397)        
2023-05-10T18:20:18.6360876Z remote: Counting objects:  28% (112/397)        
2023-05-10T18:20:18.6361193Z remote: Counting objects:  29% (116/397)        
2023-05-10T18:20:18.6361487Z remote: Counting objects:  30% (120/397)        
2023-05-10T18:20:18.6361798Z remote: Counting objects:  31% (124/397)        
2023-05-10T18:20:18.6362102Z remote: Counting objects:  32% (128/397)        
2023-05-10T18:20:18.6362409Z remote: Counting objects:  33% (132/397)        
2023-05-10T18:20:18.6362699Z remote: Counting objects:  34% (135/397)        
2023-05-10T18:20:18.6363008Z remote: Counting objects:  35% (139/397)        
2023-05-10T18:20:18.6363318Z remote: Counting objects:  36% (143/397)        
2023-05-10T18:20:18.6363606Z remote: Counting objects:  37% (147/397)        
2023-05-10T18:20:18.6363913Z remote: Counting objects:  38% (151/397)        
2023-05-10T18:20:18.6364214Z remote: Counting objects:  39% (155/397)        
2023-05-10T18:20:18.6364507Z remote: Counting objects:  40% (159/397)        
2023-05-10T18:20:18.6364807Z remote: Counting objects:  41% (163/397)        
2023-05-10T18:20:18.6365117Z remote: Counting objects:  42% (167/397)        
2023-05-10T18:20:18.6365404Z remote: Counting objects:  43% (171/397)        
2023-05-10T18:20:18.6365702Z remote: Counting objects:  44% (175/397)        
2023-05-10T18:20:18.6366031Z remote: Counting objects:  45% (179/397)        
2023-05-10T18:20:18.6366327Z remote: Counting objects:  46% (183/397)        
2023-05-10T18:20:18.6366617Z remote: Counting objects:  47% (187/397)        
2023-05-10T18:20:18.6366914Z remote: Counting objects:  48% (191/397)        
2023-05-10T18:20:18.6367211Z remote: Counting objects:  49% (195/397)        
2023-05-10T18:20:18.6367514Z remote: Counting objects:  50% (199/397)        
2023-05-10T18:20:18.6367811Z remote: Counting objects:  51% (203/397)        
2023-05-10T18:20:18.6368110Z remote: Counting objects:  52% (207/397)        
2023-05-10T18:20:18.6368535Z remote: Counting objects:  53% (211/397)        
2023-05-10T18:20:18.6368828Z remote: Counting objects:  54% (215/397)        
2023-05-10T18:20:18.6369124Z remote: Counting objects:  55% (219/397)        
2023-05-10T18:20:18.6369424Z remote: Counting objects:  56% (223/397)        
2023-05-10T18:20:18.6369710Z remote: Counting objects:  57% (227/397)        
2023-05-10T18:20:18.6370009Z remote: Counting objects:  58% (231/397)        
2023-05-10T18:20:18.6370311Z remote: Counting objects:  59% (235/397)        
2023-05-10T18:20:18.6370595Z remote: Counting objects:  60% (239/397)        
2023-05-10T18:20:18.6370901Z remote: Counting objects:  61% (243/397)        
2023-05-10T18:20:18.6371212Z remote: Counting objects:  62% (247/397)        
2023-05-10T18:20:18.6371513Z remote: Counting objects:  63% (251/397)        
2023-05-10T18:20:18.6371840Z remote: Counting objects:  64% (255/397)        
2023-05-10T18:20:18.6372128Z remote: Counting objects:  65% (259/397)        
2023-05-10T18:20:18.6372431Z remote: Counting objects:  66% (263/397)        
2023-05-10T18:20:18.6372733Z remote: Counting objects:  67% (266/397)        
2023-05-10T18:20:18.6373021Z remote: Counting objects:  68% (270/397)        
2023-05-10T18:20:18.6373376Z remote: Counting objects:  69% (274/397)        
2023-05-10T18:20:18.6373682Z remote: Counting objects:  70% (278/397)        
2023-05-10T18:20:18.6373970Z remote: Counting objects:  71% (282/397)        
2023-05-10T18:20:18.6374280Z remote: Counting objects:  72% (286/397)        
2023-05-10T18:20:18.6374586Z remote: Counting objects:  73% (290/397)        
2023-05-10T18:20:18.6374872Z remote: Counting objects:  74% (294/397)        
2023-05-10T18:20:18.6375173Z remote: Counting objects:  75% (298/397)        
2023-05-10T18:20:18.6375479Z remote: Counting objects:  76% (302/397)        
2023-05-10T18:20:18.6375780Z remote: Counting objects:  77% (306/397)        
2023-05-10T18:20:18.6376191Z remote: Counting objects:  78% (310/397)        
2023-05-10T18:20:18.6376500Z remote: Counting objects:  79% (314/397)        
2023-05-10T18:20:18.6376797Z remote: Counting objects:  80% (318/397)        
2023-05-10T18:20:18.6377085Z remote: Counting objects:  81% (322/397)        
2023-05-10T18:20:18.6377384Z remote: Counting objects:  82% (326/397)        
2023-05-10T18:20:18.6377689Z remote: Counting objects:  83% (330/397)        
2023-05-10T18:20:18.6377976Z remote: Counting objects:  84% (334/397)        
2023-05-10T18:20:18.6378280Z remote: Counting objects:  85% (338/397)        
2023-05-10T18:20:18.6378580Z remote: Counting objects:  86% (342/397)        
2023-05-10T18:20:18.6378865Z remote: Counting objects:  87% (346/397)        
2023-05-10T18:20:18.6379165Z remote: Counting objects:  88% (350/397)        
2023-05-10T18:20:18.6379461Z remote: Counting objects:  89% (354/397)        
2023-05-10T18:20:18.6379827Z remote: Counting objects:  90% (358/397)        
2023-05-10T18:20:18.6380119Z remote: Counting objects:  91% (362/397)        
2023-05-10T18:20:18.6380669Z remote: Counting objects:  92% (366/397)        
2023-05-10T18:20:18.6380982Z remote: Counting objects:  93% (370/397)        
2023-05-10T18:20:18.6381266Z remote: Counting objects:  94% (374/397)        
2023-05-10T18:20:18.6381569Z remote: Counting objects:  95% (378/397)        
2023-05-10T18:20:18.6381873Z remote: Counting objects:  96% (382/397)        
2023-05-10T18:20:18.6382160Z remote: Counting objects:  97% (386/397)        
2023-05-10T18:20:18.6382462Z remote: Counting objects:  98% (390/397)        
2023-05-10T18:20:18.6382773Z remote: Counting objects:  99% (394/397)        
2023-05-10T18:20:18.6383058Z remote: Counting objects: 100% (397/397)        
2023-05-10T18:20:18.6383380Z remote: Counting objects: 100% (397/397), done.        
2023-05-10T18:20:18.6383719Z remote: Compressing objects:   0% (1/221)        
2023-05-10T18:20:18.6384046Z remote: Compressing objects:   1% (3/221)        
2023-05-10T18:20:18.6384365Z remote: Compressing objects:   2% (5/221)        
2023-05-10T18:20:18.6384873Z remote: Compressing objects:   3% (7/221)        
2023-05-10T18:20:18.6404396Z remote: Compressing objects:   4% (9/221)        
2023-05-10T18:20:18.6425111Z remote: Compressing objects:   5% (12/221)        
2023-05-10T18:20:18.6439515Z remote: Compressing objects:   6% (14/221)        
2023-05-10T18:20:18.6451425Z remote: Compressing objects:   7% (16/221)        
2023-05-10T18:20:18.6455968Z remote: Compressing objects:   8% (18/221)        
2023-05-10T18:20:18.6457623Z remote: Compressing objects:   9% (20/221)        
2023-05-10T18:20:18.6458291Z remote: Compressing objects:  10% (23/221)        
2023-05-10T18:20:18.6460993Z remote: Compressing objects:  11% (25/221)        
2023-05-10T18:20:18.6462438Z remote: Compressing objects:  12% (27/221)        
2023-05-10T18:20:18.6464759Z remote: Compressing objects:  13% (29/221)        
2023-05-10T18:20:18.6467161Z remote: Compressing objects:  14% (31/221)        
2023-05-10T18:20:18.6467823Z remote: Compressing objects:  15% (34/221)        
2023-05-10T18:20:18.6468463Z remote: Compressing objects:  16% (36/221)        
2023-05-10T18:20:18.6469037Z remote: Compressing objects:  17% (38/221)        
2023-05-10T18:20:18.6470184Z remote: Compressing objects:  18% (40/221)        
2023-05-10T18:20:18.6470799Z remote: Compressing objects:  19% (42/221)        
2023-05-10T18:20:18.6471397Z remote: Compressing objects:  20% (45/221)        
2023-05-10T18:20:18.6472006Z remote: Compressing objects:  21% (47/221)        
2023-05-10T18:20:18.6472993Z remote: Compressing objects:  22% (49/221)        
2023-05-10T18:20:18.6473774Z remote: Compressing objects:  23% (51/221)        
2023-05-10T18:20:18.6474373Z remote: Compressing objects:  24% (54/221)        
2023-05-10T18:20:18.6475833Z remote: Compressing objects:  25% (56/221)        
2023-05-10T18:20:18.6488380Z remote: Compressing objects:  26% (58/221)        
2023-05-10T18:20:18.6489086Z remote: Compressing objects:  27% (60/221)        
2023-05-10T18:20:18.6497963Z remote: Compressing objects:  28% (62/221)        
2023-05-10T18:20:18.6498271Z remote: Compressing objects:  29% (65/221)        
2023-05-10T18:20:18.6498551Z remote: Compressing objects:  30% (67/221)        
2023-05-10T18:20:18.6498833Z remote: Compressing objects:  31% (69/221)        
2023-05-10T18:20:18.6499094Z remote: Compressing objects:  32% (71/221)        
2023-05-10T18:20:18.6499384Z remote: Compressing objects:  33% (73/221)        
2023-05-10T18:20:18.6499661Z remote: Compressing objects:  34% (76/221)        
2023-05-10T18:20:18.6499937Z remote: Compressing objects:  35% (78/221)        
2023-05-10T18:20:18.6500198Z remote: Compressing objects:  36% (80/221)        
2023-05-10T18:20:18.6500792Z remote: Compressing objects:  37% (82/221)        
2023-05-10T18:20:18.6501076Z remote: Compressing objects:  38% (84/221)        
2023-05-10T18:20:18.6501340Z remote: Compressing objects:  39% (87/221)        
2023-05-10T18:20:18.6501637Z remote: Compressing objects:  40% (89/221)        
2023-05-10T18:20:18.6501916Z remote: Compressing objects:  41% (91/221)        
2023-05-10T18:20:18.6502189Z remote: Compressing objects:  42% (93/221)        
2023-05-10T18:20:18.6502465Z remote: Compressing objects:  43% (96/221)        
2023-05-10T18:20:18.6502738Z remote: Compressing objects:  44% (98/221)        
2023-05-10T18:20:18.6503021Z remote: Compressing objects:  45% (100/221)        
2023-05-10T18:20:18.6510777Z remote: Compressing objects:  46% (102/221)        
2023-05-10T18:20:18.6511069Z remote: Compressing objects:  47% (104/221)        
2023-05-10T18:20:18.6511355Z remote: Compressing objects:  48% (107/221)        
2023-05-10T18:20:18.6511619Z remote: Compressing objects:  49% (109/221)        
2023-05-10T18:20:18.6511904Z remote: Compressing objects:  50% (111/221)        
2023-05-10T18:20:18.6512191Z remote: Compressing objects:  51% (113/221)        
2023-05-10T18:20:18.6512480Z remote: Compressing objects:  52% (115/221)        
2023-05-10T18:20:18.6512758Z remote: Compressing objects:  53% (118/221)        
2023-05-10T18:20:18.6513243Z remote: Compressing objects:  54% (120/221)        
2023-05-10T18:20:18.6513538Z remote: Compressing objects:  55% (122/221)        
2023-05-10T18:20:18.6513807Z remote: Compressing objects:  56% (124/221)        
2023-05-10T18:20:18.6518771Z remote: Compressing objects:  57% (126/221)        
2023-05-10T18:20:18.6519057Z remote: Compressing objects:  58% (129/221)        
2023-05-10T18:20:18.6519323Z remote: Compressing objects:  59% (131/221)        
2023-05-10T18:20:18.6519607Z remote: Compressing objects:  60% (133/221)        
2023-05-10T18:20:18.6519887Z remote: Compressing objects:  61% (135/221)        
2023-05-10T18:20:18.6520149Z remote: Compressing objects:  62% (138/221)        
2023-05-10T18:20:18.6520426Z remote: Compressing objects:  63% (140/221)        
2023-05-10T18:20:18.6520702Z remote: Compressing objects:  64% (142/221)        
2023-05-10T18:20:18.6525583Z remote: Compressing objects:  65% (144/221)        
2023-05-10T18:20:18.6525860Z remote: Compressing objects:  66% (146/221)        
2023-05-10T18:20:18.6526150Z remote: Compressing objects:  67% (149/221)        
2023-05-10T18:20:18.6526430Z remote: Compressing objects:  68% (151/221)        
2023-05-10T18:20:18.6526699Z remote: Compressing objects:  69% (153/221)        
2023-05-10T18:20:18.6526988Z remote: Compressing objects:  70% (155/221)        
2023-05-10T18:20:18.6527267Z remote: Compressing objects:  71% (157/221)        
2023-05-10T18:20:18.6527577Z remote: Compressing objects:  72% (160/221)        
2023-05-10T18:20:18.6527856Z remote: Compressing objects:  73% (162/221)        
2023-05-10T18:20:18.6528133Z remote: Compressing objects:  74% (164/221)        
2023-05-10T18:20:18.6528411Z remote: Compressing objects:  75% (166/221)        
2023-05-10T18:20:18.6528673Z remote: Compressing objects:  76% (168/221)        
2023-05-10T18:20:18.6528951Z remote: Compressing objects:  77% (171/221)        
2023-05-10T18:20:18.6529422Z remote: Compressing objects:  78% (173/221)        
2023-05-10T18:20:18.6529691Z remote: Compressing objects:  79% (175/221)        
2023-05-10T18:20:18.6529979Z remote: Compressing objects:  80% (177/221)        
2023-05-10T18:20:18.6530262Z remote: Compressing objects:  81% (180/221)        
2023-05-10T18:20:18.6530539Z remote: Compressing objects:  82% (182/221)        
2023-05-10T18:20:18.6530805Z remote: Compressing objects:  83% (184/221)        
2023-05-10T18:20:18.6531091Z remote: Compressing objects:  84% (186/221)        
2023-05-10T18:20:18.6531374Z remote: Compressing objects:  85% (188/221)        
2023-05-10T18:20:18.6531644Z remote: Compressing objects:  86% (191/221)        
2023-05-10T18:20:18.6531921Z remote: Compressing objects:  87% (193/221)        
2023-05-10T18:20:18.6532197Z remote: Compressing objects:  88% (195/221)        
2023-05-10T18:20:18.6532461Z remote: Compressing objects:  89% (197/221)        
2023-05-10T18:20:18.6532770Z remote: Compressing objects:  90% (199/221)        
2023-05-10T18:20:18.6533040Z remote: Compressing objects:  91% (202/221)        
2023-05-10T18:20:18.6533323Z remote: Compressing objects:  92% (204/221)        
2023-05-10T18:20:18.6533599Z remote: Compressing objects:  93% (206/221)        
2023-05-10T18:20:18.6533861Z remote: Compressing objects:  94% (208/221)        
2023-05-10T18:20:18.6534136Z remote: Compressing objects:  95% (210/221)        
2023-05-10T18:20:18.6534412Z remote: Compressing objects:  96% (213/221)        
2023-05-10T18:20:18.6534673Z remote: Compressing objects:  97% (215/221)        
2023-05-10T18:20:18.6534950Z remote: Compressing objects:  98% (217/221)        
2023-05-10T18:20:18.6535228Z remote: Compressing objects:  99% (219/221)        
2023-05-10T18:20:18.6535502Z remote: Compressing objects: 100% (221/221)        
2023-05-10T18:20:18.6535780Z remote: Compressing objects: 100% (221/221), done.        
2023-05-10T18:20:18.6573764Z Receiving objects:   0% (1/1175)
2023-05-10T18:20:18.6577850Z Receiving objects:   1% (12/1175)
2023-05-10T18:20:18.6578166Z Receiving objects:   2% (24/1175)
2023-05-10T18:20:18.6582180Z Receiving objects:   3% (36/1175)
2023-05-10T18:20:18.6586258Z Receiving objects:   4% (47/1175)
2023-05-10T18:20:18.6589433Z Receiving objects:   5% (59/1175)
2023-05-10T18:20:18.6591896Z Receiving objects:   6% (71/1175)
2023-05-10T18:20:18.6607594Z Receiving objects:   7% (83/1175)
2023-05-10T18:20:18.6611394Z Receiving objects:   8% (94/1175)
2023-05-10T18:20:18.6639116Z Receiving objects:   9% (106/1175)
2023-05-10T18:20:18.6643343Z Receiving objects:  10% (118/1175)
2023-05-10T18:20:18.6643620Z Receiving objects:  11% (130/1175)
2023-05-10T18:20:18.6651204Z Receiving objects:  12% (141/1175)
2023-05-10T18:20:18.6653039Z Receiving objects:  13% (153/1175)
2023-05-10T18:20:18.6656821Z Receiving objects:  14% (165/1175)
2023-05-10T18:20:18.6657104Z Receiving objects:  15% (177/1175)
2023-05-10T18:20:18.6657346Z Receiving objects:  16% (188/1175)
2023-05-10T18:20:18.6661785Z Receiving objects:  17% (200/1175)
2023-05-10T18:20:18.6665658Z Receiving objects:  18% (212/1175)
2023-05-10T18:20:18.6665945Z Receiving objects:  19% (224/1175)
2023-05-10T18:20:18.6666215Z Receiving objects:  20% (235/1175)
2023-05-10T18:20:18.6695530Z Receiving objects:  21% (247/1175)
2023-05-10T18:20:18.6699213Z Receiving objects:  22% (259/1175)
2023-05-10T18:20:18.6702099Z Receiving objects:  23% (271/1175)
2023-05-10T18:20:18.6704182Z Receiving objects:  24% (282/1175)
2023-05-10T18:20:18.6706211Z Receiving objects:  25% (294/1175)
2023-05-10T18:20:18.6706584Z Receiving objects:  26% (306/1175)
2023-05-10T18:20:18.6706908Z Receiving objects:  27% (318/1175)
2023-05-10T18:20:18.6707246Z Receiving objects:  28% (329/1175)
2023-05-10T18:20:18.6709333Z Receiving objects:  29% (341/1175)
2023-05-10T18:20:18.6709589Z Receiving objects:  30% (353/1175)
2023-05-10T18:20:18.6709840Z Receiving objects:  31% (365/1175)
2023-05-10T18:20:18.6710227Z Receiving objects:  32% (376/1175)
2023-05-10T18:20:18.6710562Z Receiving objects:  33% (388/1175)
2023-05-10T18:20:18.6724333Z Receiving objects:  34% (400/1175)
2023-05-10T18:20:18.6726774Z Receiving objects:  35% (412/1175)
2023-05-10T18:20:18.6727071Z Receiving objects:  36% (423/1175)
2023-05-10T18:20:18.6727343Z Receiving objects:  37% (435/1175)
2023-05-10T18:20:18.6727591Z Receiving objects:  38% (447/1175)
2023-05-10T18:20:18.6727846Z Receiving objects:  39% (459/1175)
2023-05-10T18:20:18.6728075Z Receiving objects:  40% (470/1175)
2023-05-10T18:20:18.6728317Z Receiving objects:  41% (482/1175)
2023-05-10T18:20:18.6728558Z Receiving objects:  42% (494/1175)
2023-05-10T18:20:18.6751505Z Receiving objects:  43% (506/1175)
2023-05-10T18:20:18.6753918Z Receiving objects:  44% (517/1175)
2023-05-10T18:20:18.6772123Z Receiving objects:  45% (529/1175)
2023-05-10T18:20:18.6774433Z Receiving objects:  46% (541/1175)
2023-05-10T18:20:18.6774859Z Receiving objects:  47% (553/1175)
2023-05-10T18:20:18.6780849Z Receiving objects:  48% (564/1175)
2023-05-10T18:20:18.6810448Z Receiving objects:  49% (576/1175)
2023-05-10T18:20:18.6823414Z Receiving objects:  50% (588/1175)
2023-05-10T18:20:18.6828470Z Receiving objects:  51% (600/1175)
2023-05-10T18:20:18.6828766Z Receiving objects:  52% (611/1175)
2023-05-10T18:20:18.6829012Z Receiving objects:  53% (623/1175)
2023-05-10T18:20:18.6829239Z Receiving objects:  54% (635/1175)
2023-05-10T18:20:18.6829481Z Receiving objects:  55% (647/1175)
2023-05-10T18:20:18.6830930Z Receiving objects:  56% (658/1175)
2023-05-10T18:20:18.6831204Z Receiving objects:  57% (670/1175)
2023-05-10T18:20:18.6831937Z Receiving objects:  58% (682/1175)
2023-05-10T18:20:18.6832761Z Receiving objects:  59% (694/1175)
2023-05-10T18:20:18.6835783Z Receiving objects:  60% (705/1175)
2023-05-10T18:20:18.6870411Z Receiving objects:  61% (717/1175)
2023-05-10T18:20:18.6871966Z Receiving objects:  62% (729/1175)
2023-05-10T18:20:18.6874624Z Receiving objects:  63% (741/1175)
2023-05-10T18:20:18.6876007Z Receiving objects:  64% (752/1175)
2023-05-10T18:20:18.6888728Z Receiving objects:  65% (764/1175)
2023-05-10T18:20:18.6890562Z Receiving objects:  66% (776/1175)
2023-05-10T18:20:18.6890837Z Receiving objects:  67% (788/1175)
2023-05-10T18:20:18.6891289Z Receiving objects:  68% (799/1175)
2023-05-10T18:20:18.6892848Z Receiving objects:  69% (811/1175)
2023-05-10T18:20:18.6893112Z Receiving objects:  70% (823/1175)
2023-05-10T18:20:18.6894346Z Receiving objects:  71% (835/1175)
2023-05-10T18:20:18.6925174Z Receiving objects:  72% (846/1175)
2023-05-10T18:20:18.6926925Z Receiving objects:  73% (858/1175)
2023-05-10T18:20:18.6927762Z Receiving objects:  74% (870/1175)
2023-05-10T18:20:18.6929377Z Receiving objects:  75% (882/1175)
2023-05-10T18:20:18.6930815Z Receiving objects:  76% (893/1175)
2023-05-10T18:20:18.6931078Z Receiving objects:  77% (905/1175)
2023-05-10T18:20:18.6939734Z Receiving objects:  78% (917/1175)
2023-05-10T18:20:18.6941876Z Receiving objects:  79% (929/1175)
2023-05-10T18:20:18.6942174Z Receiving objects:  80% (940/1175)
2023-05-10T18:20:18.6944638Z Receiving objects:  81% (952/1175)
2023-05-10T18:20:18.6946240Z Receiving objects:  82% (964/1175)
2023-05-10T18:20:18.6946501Z Receiving objects:  83% (976/1175)
2023-05-10T18:20:18.6946756Z Receiving objects:  84% (987/1175)
2023-05-10T18:20:18.6946982Z Receiving objects:  85% (999/1175)
2023-05-10T18:20:18.6947226Z Receiving objects:  86% (1011/1175)
2023-05-10T18:20:18.6947474Z Receiving objects:  87% (1023/1175)
2023-05-10T18:20:18.6947704Z Receiving objects:  88% (1034/1175)
2023-05-10T18:20:18.6947947Z Receiving objects:  89% (1046/1175)
2023-05-10T18:20:18.6949189Z Receiving objects:  90% (1058/1175)
2023-05-10T18:20:18.6986162Z Receiving objects:  91% (1070/1175)
2023-05-10T18:20:18.6987695Z Receiving objects:  92% (1081/1175)
2023-05-10T18:20:18.6987978Z Receiving objects:  93% (1093/1175)
2023-05-10T18:20:18.6999698Z Receiving objects:  94% (1105/1175)
2023-05-10T18:20:18.7001531Z Receiving objects:  95% (1117/1175)
2023-05-10T18:20:18.7003065Z Receiving objects:  96% (1128/1175)
2023-05-10T18:20:18.7065938Z Receiving objects:  97% (1140/1175)
2023-05-10T18:20:18.7066865Z remote: Total 1175 (delta 172), reused 243 (delta 153), pack-reused 778        
2023-05-10T18:20:18.7067180Z Receiving objects:  98% (1152/1175)
2023-05-10T18:20:18.7067435Z Receiving objects:  99% (1164/1175)
2023-05-10T18:20:18.7067680Z Receiving objects: 100% (1175/1175)
2023-05-10T18:20:18.7067949Z Receiving objects: 100% (1175/1175), 290.31 KiB | 6.05 MiB/s, done.
2023-05-10T18:20:18.7068220Z Resolving deltas:   0% (0/641)
2023-05-10T18:20:18.7068460Z Resolving deltas:   1% (7/641)
2023-05-10T18:20:18.7068701Z Resolving deltas:   2% (13/641)
2023-05-10T18:20:18.7068976Z Resolving deltas:   3% (20/641)
2023-05-10T18:20:18.7069215Z Resolving deltas:   4% (26/641)
2023-05-10T18:20:18.7069457Z Resolving deltas:   5% (33/641)
2023-05-10T18:20:18.7069683Z Resolving deltas:   6% (39/641)
2023-05-10T18:20:18.7069920Z Resolving deltas:   7% (45/641)
2023-05-10T18:20:18.7070159Z Resolving deltas:   8% (52/641)
2023-05-10T18:20:18.7070383Z Resolving deltas:   9% (58/641)
2023-05-10T18:20:18.7070627Z Resolving deltas:  10% (65/641)
2023-05-10T18:20:18.7070940Z Resolving deltas:  11% (71/641)
2023-05-10T18:20:18.7071164Z Resolving deltas:  12% (77/641)
2023-05-10T18:20:18.7071398Z Resolving deltas:  13% (84/641)
2023-05-10T18:20:18.7071630Z Resolving deltas:  14% (90/641)
2023-05-10T18:20:18.7071845Z Resolving deltas:  15% (97/641)
2023-05-10T18:20:18.7072076Z Resolving deltas:  16% (103/641)
2023-05-10T18:20:18.7072318Z Resolving deltas:  17% (109/641)
2023-05-10T18:20:18.7072540Z Resolving deltas:  18% (116/641)
2023-05-10T18:20:18.7072772Z Resolving deltas:  19% (122/641)
2023-05-10T18:20:18.7073006Z Resolving deltas:  20% (129/641)
2023-05-10T18:20:18.7073229Z Resolving deltas:  21% (135/641)
2023-05-10T18:20:18.7073460Z Resolving deltas:  22% (142/641)
2023-05-10T18:20:18.7073693Z Resolving deltas:  23% (148/641)
2023-05-10T18:20:18.7073928Z Resolving deltas:  24% (154/641)
2023-05-10T18:20:18.7074148Z Resolving deltas:  25% (161/641)
2023-05-10T18:20:18.7074387Z Resolving deltas:  26% (167/641)
2023-05-10T18:20:18.7077845Z Resolving deltas:  27% (174/641)
2023-05-10T18:20:18.7078106Z Resolving deltas:  28% (180/641)
2023-05-10T18:20:18.7078564Z Resolving deltas:  29% (186/641)
2023-05-10T18:20:18.7078813Z Resolving deltas:  30% (193/641)
2023-05-10T18:20:18.7079036Z Resolving deltas:  31% (199/641)
2023-05-10T18:20:18.7079274Z Resolving deltas:  32% (206/641)
2023-05-10T18:20:18.7081409Z Resolving deltas:  33% (212/641)
2023-05-10T18:20:18.7081658Z Resolving deltas:  34% (218/641)
2023-05-10T18:20:18.7083156Z Resolving deltas:  35% (225/641)
2023-05-10T18:20:18.7085046Z Resolving deltas:  36% (231/641)
2023-05-10T18:20:18.7087738Z Resolving deltas:  37% (238/641)
2023-05-10T18:20:18.7087988Z Resolving deltas:  38% (244/641)
2023-05-10T18:20:18.7107314Z Resolving deltas:  39% (250/641)
2023-05-10T18:20:18.7107740Z Resolving deltas:  40% (257/641)
2023-05-10T18:20:18.7108059Z Resolving deltas:  41% (263/641)
2023-05-10T18:20:18.7108402Z Resolving deltas:  42% (270/641)
2023-05-10T18:20:18.7108749Z Resolving deltas:  43% (276/641)
2023-05-10T18:20:18.7109074Z Resolving deltas:  44% (283/641)
2023-05-10T18:20:18.7109331Z Resolving deltas:  45% (289/641)
2023-05-10T18:20:18.7109661Z Resolving deltas:  46% (295/641)
2023-05-10T18:20:18.7114613Z Resolving deltas:  47% (302/641)
2023-05-10T18:20:18.7114979Z Resolving deltas:  48% (308/641)
2023-05-10T18:20:18.7116889Z Resolving deltas:  49% (315/641)
2023-05-10T18:20:18.7119336Z Resolving deltas:  50% (321/641)
2023-05-10T18:20:18.7122272Z Resolving deltas:  51% (327/641)
2023-05-10T18:20:18.7129645Z Resolving deltas:  52% (334/641)
2023-05-10T18:20:18.7129957Z Resolving deltas:  53% (340/641)
2023-05-10T18:20:18.7135150Z Resolving deltas:  54% (347/641)
2023-05-10T18:20:18.7135419Z Resolving deltas:  55% (353/641)
2023-05-10T18:20:18.7139948Z Resolving deltas:  56% (359/641)
2023-05-10T18:20:18.7143183Z Resolving deltas:  57% (366/641)
2023-05-10T18:20:18.7147529Z Resolving deltas:  58% (372/641)
2023-05-10T18:20:18.7165345Z Resolving deltas:  59% (379/641)
2023-05-10T18:20:18.7165680Z Resolving deltas:  60% (385/641)
2023-05-10T18:20:18.7166484Z Resolving deltas:  61% (392/641)
2023-05-10T18:20:18.7166753Z Resolving deltas:  62% (398/641)
2023-05-10T18:20:18.7169685Z Resolving deltas:  63% (404/641)
2023-05-10T18:20:18.7169952Z Resolving deltas:  64% (411/641)
2023-05-10T18:20:18.7170197Z Resolving deltas:  65% (417/641)
2023-05-10T18:20:18.7170420Z Resolving deltas:  66% (424/641)
2023-05-10T18:20:18.7170658Z Resolving deltas:  67% (430/641)
2023-05-10T18:20:18.7170896Z Resolving deltas:  68% (436/641)
2023-05-10T18:20:18.7171117Z Resolving deltas:  69% (443/641)
2023-05-10T18:20:18.7171350Z Resolving deltas:  70% (449/641)
2023-05-10T18:20:18.7175133Z Resolving deltas:  71% (456/641)
2023-05-10T18:20:18.7182818Z Resolving deltas:  72% (462/641)
2023-05-10T18:20:18.7183176Z Resolving deltas:  73% (468/641)
2023-05-10T18:20:18.7183425Z Resolving deltas:  74% (475/641)
2023-05-10T18:20:18.7183651Z Resolving deltas:  75% (481/641)
2023-05-10T18:20:18.7183912Z Resolving deltas:  76% (488/641)
2023-05-10T18:20:18.7184150Z Resolving deltas:  77% (494/641)
2023-05-10T18:20:18.7184382Z Resolving deltas:  78% (500/641)
2023-05-10T18:20:18.7184619Z Resolving deltas:  79% (507/641)
2023-05-10T18:20:18.7184854Z Resolving deltas:  80% (513/641)
2023-05-10T18:20:18.7185244Z Resolving deltas:  81% (520/641)
2023-05-10T18:20:18.7185490Z Resolving deltas:  82% (526/641)
2023-05-10T18:20:18.7185813Z Resolving deltas:  83% (533/641)
2023-05-10T18:20:18.7186136Z Resolving deltas:  84% (539/641)
2023-05-10T18:20:18.7186444Z Resolving deltas:  85% (545/641)
2023-05-10T18:20:18.7186703Z Resolving deltas:  86% (553/641)
2023-05-10T18:20:18.7188436Z Resolving deltas:  87% (558/641)
2023-05-10T18:20:18.7193523Z Resolving deltas:  88% (565/641)
2023-05-10T18:20:18.7197268Z Resolving deltas:  89% (571/641)
2023-05-10T18:20:18.7204330Z Resolving deltas:  90% (577/641)
2023-05-10T18:20:18.7204904Z Resolving deltas:  91% (584/641)
2023-05-10T18:20:18.7211062Z Resolving deltas:  92% (590/641)
2023-05-10T18:20:18.7214339Z Resolving deltas:  93% (597/641)
2023-05-10T18:20:18.7217449Z Resolving deltas:  94% (603/641)
2023-05-10T18:20:18.7219825Z Resolving deltas:  95% (609/641)
2023-05-10T18:20:18.7223624Z Resolving deltas:  96% (616/641)
2023-05-10T18:20:18.7228542Z Resolving deltas:  97% (622/641)
2023-05-10T18:20:18.7232153Z Resolving deltas:  98% (629/641)
2023-05-10T18:20:18.7235493Z Resolving deltas:  99% (635/641)
2023-05-10T18:20:18.7238917Z Resolving deltas: 100% (641/641)
2023-05-10T18:20:18.7239263Z Resolving deltas: 100% (641/641), done.
2023-05-10T18:20:18.7358983Z From https://github.com/con/tinuous
2023-05-10T18:20:18.7359715Z  * [new branch]      decoupled-ingestion -> origin/decoupled-ingestion
2023-05-10T18:20:18.7360358Z  * [new branch]      gh-55               -> origin/gh-55
2023-05-10T18:20:18.7361104Z  * [new branch]      master              -> origin/master
2023-05-10T18:20:18.7361619Z  * [new branch]      no-extra-search     -> origin/no-extra-search
2023-05-10T18:20:18.7362131Z  * [new branch]      test-appveyor       -> origin/test-appveyor
2023-05-10T18:20:18.7362525Z  * [new tag]         0.1.0               -> 0.1.0
2023-05-10T18:20:18.7362968Z  * [new tag]         0.2.0               -> 0.2.0
2023-05-10T18:20:18.7363355Z  * [new tag]         0.3.0               -> 0.3.0
2023-05-10T18:20:18.7363684Z  * [new tag]         0.4.0               -> 0.4.0
2023-05-10T18:20:18.7364059Z  * [new tag]         0.5.0               -> 0.5.0
2023-05-10T18:20:18.7364432Z  * [new tag]         0.5.1               -> 0.5.1
2023-05-10T18:20:18.7364800Z  * [new tag]         0.5.2               -> 0.5.2
2023-05-10T18:20:18.7365175Z  * [new tag]         0.5.3               -> 0.5.3
2023-05-10T18:20:18.7365546Z  * [new tag]         0.5.4               -> 0.5.4
2023-05-10T18:20:18.7365912Z  * [new tag]         0.6.0               -> 0.6.0
2023-05-10T18:20:18.7366251Z  * [new tag]         0.6.1               -> 0.6.1
2023-05-10T18:20:18.7433352Z [command]/usr/bin/git branch --list --remote origin/decoupled-ingestion
2023-05-10T18:20:18.7434054Z   origin/decoupled-ingestion
2023-05-10T18:20:18.7435246Z [command]/usr/bin/git rev-parse refs/remotes/origin/decoupled-ingestion
2023-05-10T18:20:18.7462468Z 2602ace4576ea4d9ab1b5e50ec04c5b9a66ca560
2023-05-10T18:20:18.7481248Z ##[endgroup]
2023-05-10T18:20:18.7481778Z ##[group]Determining the checkout info
2023-05-10T18:20:18.7482291Z ##[endgroup]
2023-05-10T18:20:18.7482742Z ##[group]Checking out the ref
2023-05-10T18:20:18.7483460Z [command]/usr/bin/git checkout --progress --force -B decoupled-ingestion refs/remotes/origin/decoupled-ingestion
2023-05-10T18:20:18.7538868Z Switched to a new branch 'decoupled-ingestion'
2023-05-10T18:20:18.7540638Z branch 'decoupled-ingestion' set up to track 'origin/decoupled-ingestion'.
2023-05-10T18:20:18.7557217Z ##[endgroup]
2023-05-10T18:20:18.7594837Z [command]/usr/bin/git log -1 --format='%H'
2023-05-10T18:20:18.7617471Z '2602ace4576ea4d9ab1b5e50ec04c5b9a66ca560'
2023-05-10T18:20:18.7941643Z ##[group]Run actions/setup-python@v4
2023-05-10T18:20:18.7942052Z with:
2023-05-10T18:20:18.7942335Z   python-version: 3.9
2023-05-10T18:20:18.7942588Z   check-latest: false
2023-05-10T18:20:18.7943098Z   token: ***
2023-05-10T18:20:18.7943410Z   update-environment: true
2023-05-10T18:20:18.7943778Z   allow-prereleases: false
2023-05-10T18:20:18.7944027Z ##[endgroup]
2023-05-10T18:20:18.9536155Z ##[group]Installed versions
2023-05-10T18:20:18.9647482Z Successfully set up CPython (3.9.16)
2023-05-10T18:20:18.9648121Z ##[endgroup]
2023-05-10T18:20:18.9801531Z ##[group]Run python -m pip install --upgrade pip wheel
2023-05-10T18:20:18.9802058Z [36;1mpython -m pip install --upgrade pip wheel[0m
2023-05-10T18:20:18.9802496Z [36;1mpython -m pip install --upgrade --upgrade-strategy=eager tox[0m
2023-05-10T18:20:18.9863584Z shell: /usr/bin/bash -e {0}
2023-05-10T18:20:18.9864030Z env:
2023-05-10T18:20:18.9864390Z   pythonLocation: /opt/hostedtoolcache/Python/3.9.16/x64
2023-05-10T18:20:18.9864839Z   PKG_CONFIG_PATH: /opt/hostedtoolcache/Python/3.9.16/x64/lib/pkgconfig
2023-05-10T18:20:18.9865238Z   Python_ROOT_DIR: /opt/hostedtoolcache/Python/3.9.16/x64
2023-05-10T18:20:18.9865674Z   Python2_ROOT_DIR: /opt/hostedtoolcache/Python/3.9.16/x64
2023-05-10T18:20:18.9866070Z   Python3_ROOT_DIR: /opt/hostedtoolcache/Python/3.9.16/x64
2023-05-10T18:20:18.9866416Z   LD_LIBRARY_PATH: /opt/hostedtoolcache/Python/3.9.16/x64/lib
2023-05-10T18:20:18.9866764Z ##[endgroup]
2023-05-10T18:20:22.0458009Z Requirement already satisfied: pip in /opt/hostedtoolcache/Python/3.9.16/x64/lib/python3.9/site-packages (22.0.4)
2023-05-10T18:20:22.2477191Z Collecting pip
2023-05-10T18:20:22.3452256Z   Downloading pip-23.1.2-py3-none-any.whl (2.1 MB)
2023-05-10T18:20:22.5059613Z      ━━━━━━━━━━━━━━━━━━━━━━━━━━━━━━━━━━━━━━━━ 2.1/2.1 MB 13.3 MB/s eta 0:00:00
2023-05-10T18:20:22.5694453Z Collecting wheel
2023-05-10T18:20:22.5780969Z   Downloading wheel-0.40.0-py3-none-any.whl (64 kB)
2023-05-10T18:20:22.5832416Z      ━━━━━━━━━━━━━━━━━━━━━━━━━━━━━━━━━━━━━━━━ 64.5/64.5 kB 21.1 MB/s eta 0:00:00
2023-05-10T18:20:22.6244529Z Installing collected packages: wheel, pip
2023-05-10T18:20:22.6727876Z   Attempting uninstall: pip
2023-05-10T18:20:22.6734347Z     Found existing installation: pip 22.0.4
2023-05-10T18:20:22.7351705Z     Uninstalling pip-22.0.4:
2023-05-10T18:20:22.8017931Z       Successfully uninstalled pip-22.0.4
2023-05-10T18:20:23.9342393Z Successfully installed pip-23.1.2 wheel-0.40.0
2023-05-10T18:20:24.9071284Z Collecting tox
2023-05-10T18:20:25.0028334Z   Downloading tox-4.5.1-py3-none-any.whl (148 kB)
2023-05-10T18:20:25.0358779Z      ━━━━━━━━━━━━━━━━━━━━━━━━━━━━━━━━━━━━━━━ 149.0/149.0 kB 5.2 MB/s eta 0:00:00
2023-05-10T18:20:25.1039474Z Collecting cachetools>=5.3 (from tox)
2023-05-10T18:20:25.1128221Z   Downloading cachetools-5.3.0-py3-none-any.whl (9.3 kB)
2023-05-10T18:20:25.1383059Z Collecting chardet>=5.1 (from tox)
2023-05-10T18:20:25.1488666Z   Downloading chardet-5.1.0-py3-none-any.whl (199 kB)
2023-05-10T18:20:25.1669530Z      ━━━━━━━━━━━━━━━━━━━━━━━━━━━━━━━━━━━━━━ 199.1/199.1 kB 12.3 MB/s eta 0:00:00
2023-05-10T18:20:25.2010634Z Collecting colorama>=0.4.6 (from tox)
2023-05-10T18:20:25.2100736Z   Downloading colorama-0.4.6-py2.py3-none-any.whl (25 kB)
2023-05-10T18:20:25.2482342Z Collecting filelock>=3.11 (from tox)
2023-05-10T18:20:25.2579352Z   Downloading filelock-3.12.0-py3-none-any.whl (10 kB)
2023-05-10T18:20:25.2992421Z Collecting packaging>=23.1 (from tox)
2023-05-10T18:20:25.3073378Z   Downloading packaging-23.1-py3-none-any.whl (48 kB)
2023-05-10T18:20:25.3118265Z      ━━━━━━━━━━━━━━━━━━━━━━━━━━━━━━━━━━━━━━━━ 48.9/48.9 kB 19.0 MB/s eta 0:00:00
2023-05-10T18:20:25.3423865Z Collecting platformdirs>=3.2 (from tox)
2023-05-10T18:20:25.3505844Z   Downloading platformdirs-3.5.0-py3-none-any.whl (15 kB)
2023-05-10T18:20:25.3806218Z Collecting pluggy>=1 (from tox)
2023-05-10T18:20:25.3901024Z   Downloading pluggy-1.0.0-py2.py3-none-any.whl (13 kB)
2023-05-10T18:20:25.4158878Z Collecting pyproject-api>=1.5.1 (from tox)
2023-05-10T18:20:25.4237687Z   Downloading pyproject_api-1.5.1-py3-none-any.whl (12 kB)
2023-05-10T18:20:25.4537090Z Collecting tomli>=2.0.1 (from tox)
2023-05-10T18:20:25.4618673Z   Downloading tomli-2.0.1-py3-none-any.whl (12 kB)
2023-05-10T18:20:25.5857865Z Collecting virtualenv>=20.21 (from tox)
2023-05-10T18:20:25.5989171Z   Downloading virtualenv-20.23.0-py3-none-any.whl (3.3 MB)
2023-05-10T18:20:25.7438229Z      ━━━━━━━━━━━━━━━━━━━━━━━━━━━━━━━━━━━━━━━━ 3.3/3.3 MB 22.8 MB/s eta 0:00:00
2023-05-10T18:20:25.8562615Z Collecting distlib<1,>=0.3.6 (from virtualenv>=20.21->tox)
2023-05-10T18:20:25.8694543Z   Downloading distlib-0.3.6-py2.py3-none-any.whl (468 kB)
2023-05-10T18:20:25.8844305Z      ━━━━━━━━━━━━━━━━━━━━━━━━━━━━━━━━━━━━━━ 468.5/468.5 kB 37.6 MB/s eta 0:00:00
2023-05-10T18:20:26.0389447Z Installing collected packages: distlib, tomli, pluggy, platformdirs, packaging, filelock, colorama, chardet, cachetools, virtualenv, pyproject-api, tox
2023-05-10T18:20:26.6837480Z Successfully installed cachetools-5.3.0 chardet-5.1.0 colorama-0.4.6 distlib-0.3.6 filelock-3.12.0 packaging-23.1 platformdirs-3.5.0 pluggy-1.0.0 pyproject-api-1.5.1 tomli-2.0.1 tox-4.5.1 virtualenv-20.23.0
2023-05-10T18:20:26.8495749Z ##[group]Run tox -e py -- --cov-report=xml
2023-05-10T18:20:26.8496062Z [36;1mtox -e py -- --cov-report=xml[0m
2023-05-10T18:20:26.8551125Z shell: /usr/bin/bash -e {0}
2023-05-10T18:20:26.8551366Z env:
2023-05-10T18:20:26.8551640Z   pythonLocation: /opt/hostedtoolcache/Python/3.9.16/x64
2023-05-10T18:20:26.8551978Z   PKG_CONFIG_PATH: /opt/hostedtoolcache/Python/3.9.16/x64/lib/pkgconfig
2023-05-10T18:20:26.8552317Z   Python_ROOT_DIR: /opt/hostedtoolcache/Python/3.9.16/x64
2023-05-10T18:20:26.8552635Z   Python2_ROOT_DIR: /opt/hostedtoolcache/Python/3.9.16/x64
2023-05-10T18:20:26.8553072Z   Python3_ROOT_DIR: /opt/hostedtoolcache/Python/3.9.16/x64
2023-05-10T18:20:26.8553379Z   LD_LIBRARY_PATH: /opt/hostedtoolcache/Python/3.9.16/x64/lib
2023-05-10T18:20:26.8553641Z ##[endgroup]
2023-05-10T18:20:27.5321306Z py: install_deps> python -I -m pip install pytest pytest-cov pytest-mock
2023-05-10T18:20:30.6236608Z .pkg: install_requires> python -I -m pip install 'setuptools>=46.4.0' versioningit
2023-05-10T18:20:32.5164991Z .pkg: _optional_hooks> python /opt/hostedtoolcache/Python/3.9.16/x64/lib/python3.9/site-packages/pyproject_api/_backend.py True setuptools.build_meta
2023-05-10T18:20:32.8165207Z .pkg: get_requires_for_build_sdist> python /opt/hostedtoolcache/Python/3.9.16/x64/lib/python3.9/site-packages/pyproject_api/_backend.py True setuptools.build_meta
2023-05-10T18:20:32.9545834Z .pkg: freeze> python -m pip freeze --all
2023-05-10T18:20:33.3129103Z .pkg: importlib-metadata==6.6.0,packaging==23.1,pip==23.1.2,setuptools==67.7.2,tomli==2.0.1,versioningit==2.2.0,wheel==0.40.0,zipp==3.15.0
2023-05-10T18:20:33.3135431Z .pkg: prepare_metadata_for_build_wheel> python /opt/hostedtoolcache/Python/3.9.16/x64/lib/python3.9/site-packages/pyproject_api/_backend.py True setuptools.build_meta
2023-05-10T18:20:33.4667635Z .pkg: build_sdist> python /opt/hostedtoolcache/Python/3.9.16/x64/lib/python3.9/site-packages/pyproject_api/_backend.py True setuptools.build_meta
2023-05-10T18:20:33.5540743Z py: install_package_deps> python -I -m pip install 'PyGithub~=1.55' 'PyYAML>=5.0' 'click-loglevel~=0.2' 'click>=7.0' 'in-place~=0.4' 'pydantic~=1.7' 'python-dateutil~=2.7' 'python-dotenv<2.0,>=0.11' 'requests~=2.20'
2023-05-10T18:20:38.4306616Z py: install_package> python -I -m pip install --force-reinstall --no-deps /home/runner/work/tinuous/tinuous/.tox/.tmp/package/1/tinuous-0.6.1.post28+g2602ace.tar.gz
2023-05-10T18:20:42.9206593Z py: freeze> python -m pip freeze --all
2023-05-10T18:20:43.3011683Z py: certifi==2023.5.7,cffi==1.15.1,charset-normalizer==3.1.0,click==8.1.3,click-loglevel==0.4.0.post1,coverage==7.2.5,cryptography==40.0.2,Deprecated==1.2.13,exceptiongroup==1.1.1,idna==3.4,in-place==0.5.0,iniconfig==2.0.0,packaging==23.1,pip==23.1.2,pluggy==1.0.0,pycparser==2.21,pydantic==1.10.7,PyGithub==1.58.2,PyJWT==2.7.0,PyNaCl==1.5.0,pytest==7.3.1,pytest-cov==4.0.0,pytest-mock==3.10.0,python-dateutil==2.8.2,python-dotenv==1.0.0,PyYAML==6.0,requests==2.30.0,setuptools==67.7.2,six==1.16.0,tinuous @ file:///home/runner/work/tinuous/tinuous/.tox/.tmp/package/1/tinuous-0.6.1.post28%2Bg2602ace.tar.gz#sha256=f63cb9f6b3a2b52282dd7e5e6d6bbd63a80d768cbe2d17b236592cfacb0aa980,tomli==2.0.1,typing_extensions==4.5.0,urllib3==2.0.2,wheel==0.40.0,wrapt==1.15.0
2023-05-10T18:20:43.3019951Z py: commands[0]> tinuous --help
2023-05-10T18:20:43.5856895Z Usage: tinuous [OPTIONS] COMMAND [ARGS]...
2023-05-10T18:20:43.5857488Z 
2023-05-10T18:20:43.5858275Z   Download build logs from GitHub Actions, Travis, Appveyor, and CircleCI
2023-05-10T18:20:43.5858515Z 
2023-05-10T18:20:43.5858597Z Options:
2023-05-10T18:20:43.5859119Z   -V, --version                   Show the version and exit.
2023-05-10T18:20:43.5859520Z   -c, --config FILE               Read configuration from the given file
2023-05-10T18:20:43.5859844Z                                   [default: tinuous.yaml]
2023-05-10T18:20:43.5860265Z   -E, --env FILE                  Load environment variables from given .env
2023-05-10T18:20:43.5860709Z                                   file
2023-05-10T18:20:43.5861469Z   -l, --log-level [NOTSET|DEBUG|INFO|WARNING|ERROR|CRITICAL]
2023-05-10T18:20:43.5861797Z                                   Set logging level  [default: INFO]
2023-05-10T18:20:43.5862170Z   --help                          Show this message and exit.
2023-05-10T18:20:43.5862326Z 
2023-05-10T18:20:43.5862404Z Commands:
2023-05-10T18:20:43.5862611Z   fetch     Download logs
2023-05-10T18:20:43.5862849Z   sanitize  Sanitize secrets in logs
2023-05-10T18:20:43.6212431Z py: commands[1]> pytest --cov-report=xml test
2023-05-10T18:20:44.8239263Z ============================= test session starts ==============================
2023-05-10T18:20:44.8240357Z platform linux -- Python 3.9.16, pytest-7.3.1, pluggy-1.0.0
2023-05-10T18:20:44.8339486Z cachedir: .tox/py/.pytest_cache
2023-05-10T18:20:44.8339781Z rootdir: /home/runner/work/tinuous/tinuous
2023-05-10T18:20:44.8340057Z configfile: tox.ini
2023-05-10T18:20:44.8340610Z plugins: mock-3.10.0, cov-4.0.0
2023-05-10T18:20:44.8340856Z collected 64 items
2023-05-10T18:20:44.8340988Z 
2023-05-10T18:20:44.8388070Z test/test_base.py .........                                              [ 14%]
2023-05-10T18:20:44.8523405Z test/test_config.py ........                                             [ 26%]
2023-05-10T18:20:44.8754216Z test/test_state.py ........                                              [ 39%]
2023-05-10T18:20:45.1741395Z test/test_util.py .......................................                [100%]
2023-05-10T18:20:45.1742165Z 
2023-05-10T18:20:45.1743307Z ---------- coverage: platform linux, python 3.9.16-final-0 -----------
2023-05-10T18:20:45.1743868Z Coverage XML written to file coverage.xml
2023-05-10T18:20:45.1744283Z 
2023-05-10T18:20:45.1745693Z 
2023-05-10T18:20:45.1746030Z ============================== 64 passed in 0.85s ==============================
2023-05-10T18:20:45.2368828Z .pkg: _exit> python /opt/hostedtoolcache/Python/3.9.16/x64/lib/python3.9/site-packages/pyproject_api/_backend.py True setuptools.build_meta
2023-05-10T18:20:45.2805305Z   py: OK (18.03=setup[16.10]+cmd[0.32,1.61] seconds)
2023-05-10T18:20:45.2805996Z   congratulations :) (18.20 seconds)
2023-05-10T18:20:45.3228602Z ##[group]Run codecov/codecov-action@v3
2023-05-10T18:20:45.3228841Z with:
2023-05-10T18:20:45.3229084Z   fail_ci_if_error: false
2023-05-10T18:20:45.3229309Z env:
2023-05-10T18:20:45.3229556Z   pythonLocation: /opt/hostedtoolcache/Python/3.9.16/x64
2023-05-10T18:20:45.3229904Z   PKG_CONFIG_PATH: /opt/hostedtoolcache/Python/3.9.16/x64/lib/pkgconfig
2023-05-10T18:20:45.3230242Z   Python_ROOT_DIR: /opt/hostedtoolcache/Python/3.9.16/x64
2023-05-10T18:20:45.3230548Z   Python2_ROOT_DIR: /opt/hostedtoolcache/Python/3.9.16/x64
2023-05-10T18:20:45.3230860Z   Python3_ROOT_DIR: /opt/hostedtoolcache/Python/3.9.16/x64
2023-05-10T18:20:45.3231179Z   LD_LIBRARY_PATH: /opt/hostedtoolcache/Python/3.9.16/x64/lib
2023-05-10T18:20:45.3231440Z ##[endgroup]
2023-05-10T18:20:45.4704815Z ==> linux OS detected
2023-05-10T18:20:45.8859023Z https://uploader.codecov.io/latest/linux/codecov.SHA256SUM
2023-05-10T18:20:45.9847123Z ==> SHASUM file signed by key id 806bb28aed779869
2023-05-10T18:20:46.1695647Z ==> Uploader SHASUM verified (02b055414cc124203ab061ffc45f5497ca39ede5e63a06717a6981c32d7b425f  codecov)
2023-05-10T18:20:46.1696776Z ==> Running version latest
2023-05-10T18:20:46.2576872Z ==> Running version v0.5.0
2023-05-10T18:20:46.2598066Z [command]/home/runner/work/_actions/codecov/codecov-action/v3/dist/codecov -n  -Q github-action-3.1.3
2023-05-10T18:20:46.4750987Z [2023-05-10T18:20:46.473Z] ['info'] 
2023-05-10T18:20:46.4751569Z      _____          _
2023-05-10T18:20:46.4752374Z     / ____|        | |
2023-05-10T18:20:46.4752686Z    | |     ___   __| | ___  ___ _____   __
2023-05-10T18:20:46.4752934Z    | |    / _ \ / _` |/ _ \/ __/ _ \ \ / /
2023-05-10T18:20:46.4753160Z    | |___| (_) | (_| |  __/ (_| (_) \ V /
2023-05-10T18:20:46.4753403Z     \_____\___/ \__,_|\___|\___\___/ \_/
2023-05-10T18:20:46.4753547Z 
2023-05-10T18:20:46.4753664Z   Codecov report uploader 0.5.0
2023-05-10T18:20:46.4814319Z [2023-05-10T18:20:46.481Z] ['info'] => Project root located at: /home/runner/work/tinuous/tinuous
2023-05-10T18:20:46.4842465Z [2023-05-10T18:20:46.483Z] ['info'] -> No token specified or token is empty
2023-05-10T18:20:46.4916644Z [2023-05-10T18:20:46.491Z] ['info'] Searching for coverage files...
2023-05-10T18:20:46.5922622Z [2023-05-10T18:20:46.591Z] ['info'] Warning: Some files located via search were excluded from upload.
2023-05-10T18:20:46.5928812Z [2023-05-10T18:20:46.592Z] ['info'] If Codecov did not locate your files, please review https://docs.codecov.com/docs/supported-report-formats
2023-05-10T18:20:46.5934363Z [2023-05-10T18:20:46.593Z] ['info'] => Found 1 possible coverage files:
2023-05-10T18:20:46.5934878Z   coverage.xml
2023-05-10T18:20:46.5941726Z [2023-05-10T18:20:46.593Z] ['info'] Processing /home/runner/work/tinuous/tinuous/coverage.xml...
2023-05-10T18:20:46.5984492Z [2023-05-10T18:20:46.598Z] ['info'] Detected GitHub Actions as the CI provider.
2023-05-10T18:20:47.2454019Z [2023-05-10T18:20:47.244Z] ['info'] Pinging Codecov: https://codecov.io/upload/v4?package=github-action-3.1.3-uploader-0.5.0&token=*******&branch=decoupled-ingestion&build=4940090369&build_url=https%3A%2F%2Fgithub.com%2Fcon%2Ftinuous%2Factions%2Fruns%2F4940090369&commit=2602ace4576ea4d9ab1b5e50ec04c5b9a66ca560&job=Test&pr=&service=github-actions&slug=con%2Ftinuous&name=&tag=&flags=&parent=
2023-05-10T18:20:47.6612363Z [2023-05-10T18:20:47.660Z] ['info'] https://app.codecov.io/github/con/tinuous/commit/2602ace4576ea4d9ab1b5e50ec04c5b9a66ca560
2023-05-10T18:20:47.6614422Z https://storage.googleapis.com/codecov/v4/raw/2023-05-10/0010CBA6D851417C00BB0BC3FC5895F9/2602ace4576ea4d9ab1b5e50ec04c5b9a66ca560/aa1038b3-f881-409c-b8e1-63a663cc38a5.txt?X-Amz-Algorithm=AWS4-HMAC-SHA256&X-Amz-Credential=GOOG1EJOGFN2JQ4OCTGA2MU5AEIT7OT5Z7HTFOAN2SPG4NWSN2UJYOY5U6LZQ%2F20230510%2FUS%2Fs3%2Faws4_request&X-Amz-Date=20230510T182047Z&X-Amz-Expires=10&X-Amz-SignedHeaders=host&X-Amz-Signature=27270f19da76ba5af1e6ca927398297fd431143cd823e061433c9e37df1c3ead
2023-05-10T18:20:47.6620019Z [2023-05-10T18:20:47.661Z] ['info'] Uploading...
2023-05-10T18:20:47.8335960Z [2023-05-10T18:20:47.833Z] ['info'] {"status":"success","resultURL":"https://app.codecov.io/github/con/tinuous/commit/2602ace4576ea4d9ab1b5e50ec04c5b9a66ca560"}
2023-05-10T18:20:47.8647514Z Post job cleanup.
2023-05-10T18:20:48.0199029Z Post job cleanup.
2023-05-10T18:20:48.1196355Z [command]/usr/bin/git version
2023-05-10T18:20:48.1244512Z git version 2.40.1
2023-05-10T18:20:48.1290110Z Temporarily overriding HOME='/home/runner/work/_temp/f2cf8057-c10f-4a68-8f61-fa249fe6e1f3' before making global git config changes
2023-05-10T18:20:48.1291646Z Adding repository directory to the temporary git global config as a safe directory
2023-05-10T18:20:48.1297717Z [command]/usr/bin/git config --global --add safe.directory /home/runner/work/tinuous/tinuous
2023-05-10T18:20:48.1341278Z [command]/usr/bin/git config --local --name-only --get-regexp core\.sshCommand
2023-05-10T18:20:48.1378416Z [command]/usr/bin/git submodule foreach --recursive sh -c "git config --local --name-only --get-regexp 'core\.sshCommand' && git config --local --unset-all 'core.sshCommand' || :"
2023-05-10T18:20:48.1625473Z [command]/usr/bin/git config --local --name-only --get-regexp http\.https\:\/\/github\.com\/\.extraheader
2023-05-10T18:20:48.1655168Z http.https://github.com/.extraheader
2023-05-10T18:20:48.1666819Z [command]/usr/bin/git config --local --unset-all http.https://github.com/.extraheader
2023-05-10T18:20:48.1710438Z [command]/usr/bin/git submodule foreach --recursive sh -c "git config --local --name-only --get-regexp 'http\.https\:\/\/github\.com\/\.extraheader' && git config --local --unset-all 'http.https://github.com/.extraheader' || :"
2023-05-10T18:20:48.2123064Z Cleaning up orphan processes
