2023-11-09T14:57:35.9313002Z Requested labels: ubuntu-latest
2023-11-09T14:57:35.9313224Z Job defined at: con/tinuous/.github/workflows/test.yml@refs/pull/176/merge
2023-11-09T14:57:35.9313315Z Waiting for a runner to pick up this job...
2023-11-09T14:57:37.1869187Z Job is waiting for a hosted runner to come online.
2023-11-09T14:57:40.3268590Z Job is about to start running on the hosted runner: GitHub Actions 14 (hosted)
2023-11-09T14:57:42.7925190Z Current runner version: '2.311.0'
2023-11-09T14:57:42.7949661Z ##[group]Operating System
2023-11-09T14:57:42.7950307Z Ubuntu
2023-11-09T14:57:42.7950610Z 22.04.3
2023-11-09T14:57:42.7951077Z LTS
2023-11-09T14:57:42.7951408Z ##[endgroup]
2023-11-09T14:57:42.7951749Z ##[group]Runner Image
2023-11-09T14:57:42.7952285Z Image: ubuntu-22.04
2023-11-09T14:57:42.7952689Z Version: 20231030.2.0
2023-11-09T14:57:42.7953630Z Included Software: https://github.com/actions/runner-images/blob/ubuntu22/20231030.2/images/linux/Ubuntu2204-Readme.md
2023-11-09T14:57:42.7955190Z Image Release: https://github.com/actions/runner-images/releases/tag/ubuntu22%2F20231030.2
2023-11-09T14:57:42.7956052Z ##[endgroup]
2023-11-09T14:57:42.7956419Z ##[group]Runner Image Provisioner
2023-11-09T14:57:42.7956981Z 2.0.312.1
2023-11-09T14:57:42.7957328Z ##[endgroup]
2023-11-09T14:57:42.7959498Z ##[group]GITHUB_TOKEN Permissions
2023-11-09T14:57:42.7961210Z Actions: write
2023-11-09T14:57:42.7961646Z Checks: write
2023-11-09T14:57:42.7962282Z Contents: write
2023-11-09T14:57:42.7962769Z Deployments: write
2023-11-09T14:57:42.7963243Z Discussions: write
2023-11-09T14:57:42.7963632Z Issues: write
2023-11-09T14:57:42.7963983Z Metadata: read
2023-11-09T14:57:42.7964437Z Packages: write
2023-11-09T14:57:42.7964830Z Pages: write
2023-11-09T14:57:42.7965216Z PullRequests: write
2023-11-09T14:57:42.7965705Z RepositoryProjects: write
2023-11-09T14:57:42.7966180Z SecurityEvents: write
2023-11-09T14:57:42.7966554Z Statuses: write
2023-11-09T14:57:42.7966998Z ##[endgroup]
2023-11-09T14:57:42.7970191Z Secret source: Actions
2023-11-09T14:57:42.7970740Z Prepare workflow directory
2023-11-09T14:57:42.8595469Z Prepare all required actions
2023-11-09T14:57:42.8756486Z Getting action download info
2023-11-09T14:57:43.1203865Z Download action repository 'actions/checkout@v4' (SHA:b4ffde65f46336ab88eb53be808477a3936bae11)
2023-11-09T14:57:43.2277997Z Download action repository 'actions/setup-python@v4' (SHA:65d7f2d534ac1bc67fcd62888c5f4f3d2cb2b236)
2023-11-09T14:57:43.2977390Z Download action repository 'codecov/codecov-action@v3' (SHA:eaaf4bedf32dbdc6b720b63067d99c4d77d6047d)
2023-11-09T14:57:43.9629239Z Complete job name: test (3.8, lint)
2023-11-09T14:57:44.0622232Z ##[group]Run actions/checkout@v4
2023-11-09T14:57:44.0622939Z with:
2023-11-09T14:57:44.0623326Z   fetch-depth: 0
2023-11-09T14:57:44.0623831Z   repository: con/tinuous
2023-11-09T14:57:44.0624575Z   token: ***
2023-11-09T14:57:44.0625005Z   ssh-strict: true
2023-11-09T14:57:44.0625507Z   persist-credentials: true
2023-11-09T14:57:44.0626015Z   clean: true
2023-11-09T14:57:44.0626444Z   sparse-checkout-cone-mode: true
2023-11-09T14:57:44.0627035Z   fetch-tags: false
2023-11-09T14:57:44.0627489Z   show-progress: true
2023-11-09T14:57:44.0627913Z   lfs: false
2023-11-09T14:57:44.0628332Z   submodules: false
2023-11-09T14:57:44.0628840Z   set-safe-directory: true
2023-11-09T14:57:44.0629307Z ##[endgroup]
2023-11-09T14:57:44.2273795Z Syncing repository: con/tinuous
2023-11-09T14:57:44.2277145Z ##[group]Getting Git version info
2023-11-09T14:57:44.2278691Z Working directory is '/home/runner/work/tinuous/tinuous'
2023-11-09T14:57:44.2280899Z [command]/usr/bin/git version
2023-11-09T14:57:44.2282075Z git version 2.42.0
2023-11-09T14:57:44.2285684Z ##[endgroup]
2023-11-09T14:57:44.2303882Z Temporarily overriding HOME='/home/runner/work/_temp/13fce38e-e9c6-48fa-a2e5-0bf9bc20585e' before making global git config changes
2023-11-09T14:57:44.2305571Z Adding repository directory to the temporary git global config as a safe directory
2023-11-09T14:57:44.2307080Z [command]/usr/bin/git config --global --add safe.directory /home/runner/work/tinuous/tinuous
2023-11-09T14:57:44.2335147Z Deleting the contents of '/home/runner/work/tinuous/tinuous'
2023-11-09T14:57:44.2341447Z ##[group]Initializing the repository
2023-11-09T14:57:44.2344919Z [command]/usr/bin/git init /home/runner/work/tinuous/tinuous
2023-11-09T14:57:44.2416839Z hint: Using 'master' as the name for the initial branch. This default branch name
2023-11-09T14:57:44.2419936Z hint: is subject to change. To configure the initial branch name to use in all
2023-11-09T14:57:44.2422090Z hint: of your new repositories, which will suppress this warning, call:
2023-11-09T14:57:44.2423580Z hint: 
2023-11-09T14:57:44.2424649Z hint: 	git config --global init.defaultBranch <name>
2023-11-09T14:57:44.2426038Z hint: 
2023-11-09T14:57:44.2427432Z hint: Names commonly chosen instead of 'master' are 'main', 'trunk' and
2023-11-09T14:57:44.2429389Z hint: 'development'. The just-created branch can be renamed via this command:
2023-11-09T14:57:44.2430727Z hint: 
2023-11-09T14:57:44.2431506Z hint: 	git branch -m <name>
2023-11-09T14:57:44.2432575Z Initialized empty Git repository in /home/runner/work/tinuous/tinuous/.git/
2023-11-09T14:57:44.2440283Z [command]/usr/bin/git remote add origin https://github.com/con/tinuous
2023-11-09T14:57:44.2474097Z ##[endgroup]
2023-11-09T14:57:44.2475457Z ##[group]Disabling automatic garbage collection
2023-11-09T14:57:44.2476694Z [command]/usr/bin/git config --local gc.auto 0
2023-11-09T14:57:44.2506784Z ##[endgroup]
2023-11-09T14:57:44.2507511Z ##[group]Setting up auth
2023-11-09T14:57:44.2512247Z [command]/usr/bin/git config --local --name-only --get-regexp core\.sshCommand
2023-11-09T14:57:44.2541226Z [command]/usr/bin/git submodule foreach --recursive sh -c "git config --local --name-only --get-regexp 'core\.sshCommand' && git config --local --unset-all 'core.sshCommand' || :"
2023-11-09T14:57:44.2834409Z [command]/usr/bin/git config --local --name-only --get-regexp http\.https\:\/\/github\.com\/\.extraheader
2023-11-09T14:57:44.2862106Z [command]/usr/bin/git submodule foreach --recursive sh -c "git config --local --name-only --get-regexp 'http\.https\:\/\/github\.com\/\.extraheader' && git config --local --unset-all 'http.https://github.com/.extraheader' || :"
2023-11-09T14:57:44.3099940Z [command]/usr/bin/git config --local http.https://github.com/.extraheader AUTHORIZATION: basic ***
2023-11-09T14:57:44.3134655Z ##[endgroup]
2023-11-09T14:57:44.3135968Z ##[group]Fetching the repository
2023-11-09T14:57:44.3146666Z [command]/usr/bin/git -c protocol.version=2 fetch --prune --no-recurse-submodules origin +refs/heads/*:refs/remotes/origin/* +refs/tags/*:refs/tags/* +fbf219df33a1386214db9e0d4521f5666091339e:refs/remotes/pull/176/merge
2023-11-09T14:57:45.0760032Z From https://github.com/con/tinuous
2023-11-09T14:57:45.0761612Z  * [new branch]      fix-typing                               -> origin/fix-typing
2023-11-09T14:57:45.0763010Z  * [new branch]      gh-55                                    -> origin/gh-55
2023-11-09T14:57:45.0764527Z  * [new branch]      master                                   -> origin/master
2023-11-09T14:57:45.0765946Z  * [new branch]      no-extra-search                          -> origin/no-extra-search
2023-11-09T14:57:45.0767484Z  * [new branch]      test-appveyor                            -> origin/test-appveyor
2023-11-09T14:57:45.0768986Z  * [new branch]      unused                                   -> origin/unused
2023-11-09T14:57:45.0770380Z  * [new branch]      updates                                  -> origin/updates
2023-11-09T14:57:45.0771718Z  * [new tag]         0.1.0                                    -> 0.1.0
2023-11-09T14:57:45.0773132Z  * [new tag]         0.2.0                                    -> 0.2.0
2023-11-09T14:57:45.0774761Z  * [new tag]         0.3.0                                    -> 0.3.0
2023-11-09T14:57:45.0776064Z  * [new tag]         0.4.0                                    -> 0.4.0
2023-11-09T14:57:45.0777586Z  * [new tag]         0.5.0                                    -> 0.5.0
2023-11-09T14:57:45.0779587Z  * [new tag]         0.5.1                                    -> 0.5.1
2023-11-09T14:57:45.0780694Z  * [new tag]         0.5.2                                    -> 0.5.2
2023-11-09T14:57:45.0781857Z  * [new tag]         0.5.3                                    -> 0.5.3
2023-11-09T14:57:45.0783017Z  * [new tag]         0.5.4                                    -> 0.5.4
2023-11-09T14:57:45.0784838Z  * [new tag]         0.6.0                                    -> 0.6.0
2023-11-09T14:57:45.0785942Z  * [new tag]         0.6.1                                    -> 0.6.1
2023-11-09T14:57:45.0789212Z  * [new ref]         fbf219df33a1386214db9e0d4521f5666091339e -> pull/176/merge
2023-11-09T14:57:45.0819590Z ##[endgroup]
2023-11-09T14:57:45.0820565Z ##[group]Determining the checkout info
2023-11-09T14:57:45.0821593Z ##[endgroup]
2023-11-09T14:57:45.0822359Z ##[group]Checking out the ref
2023-11-09T14:57:45.0825722Z [command]/usr/bin/git checkout --progress --force refs/remotes/pull/176/merge
2023-11-09T14:57:45.0880314Z Note: switching to 'refs/remotes/pull/176/merge'.
2023-11-09T14:57:45.0881057Z 
2023-11-09T14:57:45.0881731Z You are in 'detached HEAD' state. You can look around, make experimental
2023-11-09T14:57:45.0882878Z changes and commit them, and you can discard any commits you make in this
2023-11-09T14:57:45.0883619Z state without impacting any branches by switching back to a branch.
2023-11-09T14:57:45.0884136Z 
2023-11-09T14:57:45.0884456Z If you want to create a new branch to retain commits you create, you may
2023-11-09T14:57:45.0885189Z do so (now or later) by using -c with the switch command. Example:
2023-11-09T14:57:45.0885632Z 
2023-11-09T14:57:45.0885819Z   git switch -c <new-branch-name>
2023-11-09T14:57:45.0886281Z 
2023-11-09T14:57:45.0886562Z Or undo this operation with:
2023-11-09T14:57:45.0886939Z 
2023-11-09T14:57:45.0887185Z   git switch -
2023-11-09T14:57:45.0887394Z 
2023-11-09T14:57:45.0887711Z Turn off this advice by setting config variable advice.detachedHead to false
2023-11-09T14:57:45.0888262Z 
2023-11-09T14:57:45.0888729Z HEAD is now at fbf219d Merge be326f2830ffc1d87d0bc0396ee3496a21ac10b7 into e0ad333d939ebc7bdd0131684b3bb9606b6c2435
2023-11-09T14:57:45.0890342Z ##[endgroup]
2023-11-09T14:57:45.0920989Z [command]/usr/bin/git log -1 --format='%H'
2023-11-09T14:57:45.0944659Z 'fbf219df33a1386214db9e0d4521f5666091339e'
2023-11-09T14:57:45.1271395Z ##[group]Run actions/setup-python@v4
2023-11-09T14:57:45.1271855Z with:
2023-11-09T14:57:45.1272196Z   python-version: 3.8
2023-11-09T14:57:45.1272716Z   check-latest: false
2023-11-09T14:57:45.1273237Z   token: ***
2023-11-09T14:57:45.1273570Z   update-environment: true
2023-11-09T14:57:45.1274045Z   allow-prereleases: false
2023-11-09T14:57:45.1274374Z ##[endgroup]
2023-11-09T14:57:45.3202315Z ##[group]Installed versions
2023-11-09T14:57:45.3279346Z Successfully set up CPython (3.8.18)
2023-11-09T14:57:45.3280663Z ##[endgroup]
2023-11-09T14:57:45.3428047Z ##[group]Run python -m pip install --upgrade pip wheel
2023-11-09T14:57:45.3428782Z [36;1mpython -m pip install --upgrade pip wheel[0m
2023-11-09T14:57:45.3429526Z [36;1mpython -m pip install --upgrade --upgrade-strategy=eager tox[0m
2023-11-09T14:57:45.3490644Z shell: /usr/bin/bash -e {0}
2023-11-09T14:57:45.3491201Z env:
2023-11-09T14:57:45.3491643Z   pythonLocation: /opt/hostedtoolcache/Python/3.8.18/x64
2023-11-09T14:57:45.3492386Z   PKG_CONFIG_PATH: /opt/hostedtoolcache/Python/3.8.18/x64/lib/pkgconfig
2023-11-09T14:57:45.3493037Z   Python_ROOT_DIR: /opt/hostedtoolcache/Python/3.8.18/x64
2023-11-09T14:57:45.3493627Z   Python2_ROOT_DIR: /opt/hostedtoolcache/Python/3.8.18/x64
2023-11-09T14:57:45.3494250Z   Python3_ROOT_DIR: /opt/hostedtoolcache/Python/3.8.18/x64
2023-11-09T14:57:45.3494785Z   LD_LIBRARY_PATH: /opt/hostedtoolcache/Python/3.8.18/x64/lib
2023-11-09T14:57:45.3495295Z ##[endgroup]
2023-11-09T14:57:46.0010567Z Requirement already satisfied: pip in /opt/hostedtoolcache/Python/3.8.18/x64/lib/python3.8/site-packages (23.0.1)
2023-11-09T14:57:46.1304323Z Collecting pip
2023-11-09T14:57:46.1775258Z   Downloading pip-23.3.1-py3-none-any.whl.metadata (3.5 kB)
2023-11-09T14:57:46.2178900Z Collecting wheel
2023-11-09T14:57:46.2224794Z   Downloading wheel-0.41.3-py3-none-any.whl.metadata (2.2 kB)
2023-11-09T14:57:46.2330768Z Downloading pip-23.3.1-py3-none-any.whl (2.1 MB)
2023-11-09T14:57:46.2788107Z    â”â”â”â”â”â”â”â”â”â”â”â”â”â”â”â”â”â”â”â”â”â”â”â”â”â”â”â”â”â”â”â”â”â”â”â”â”â”â”â” 2.1/2.1 MB 49.0 MB/s eta 0:00:00
2023-11-09T14:57:46.2826416Z Downloading wheel-0.41.3-py3-none-any.whl (65 kB)
2023-11-09T14:57:46.2879365Z    â”â”â”â”â”â”â”â”â”â”â”â”â”â”â”â”â”â”â”â”â”â”â”â”â”â”â”â”â”â”â”â”â”â”â”â”â”â”â”â” 65.8/65.8 kB 18.3 MB/s eta 0:00:00
2023-11-09T14:57:46.3265108Z Installing collected packages: wheel, pip
2023-11-09T14:57:46.3668952Z   Attempting uninstall: pip
2023-11-09T14:57:46.3675450Z     Found existing installation: pip 23.0.1
2023-11-09T14:57:46.4155308Z     Uninstalling pip-23.0.1:
2023-11-09T14:57:46.4626677Z       Successfully uninstalled pip-23.0.1
2023-11-09T14:57:47.4187934Z Successfully installed pip-23.3.1 wheel-0.41.3
2023-11-09T14:57:48.1722840Z Collecting tox
2023-11-09T14:57:48.2169766Z   Downloading tox-4.11.3-py3-none-any.whl.metadata (5.0 kB)
2023-11-09T14:57:48.2727231Z Collecting cachetools>=5.3.1 (from tox)
2023-11-09T14:57:48.2872479Z   Downloading cachetools-5.3.2-py3-none-any.whl.metadata (5.2 kB)
2023-11-09T14:57:48.3123663Z Collecting chardet>=5.2 (from tox)
2023-11-09T14:57:48.3161533Z   Downloading chardet-5.2.0-py3-none-any.whl.metadata (3.4 kB)
2023-11-09T14:57:48.3444832Z Collecting colorama>=0.4.6 (from tox)
2023-11-09T14:57:48.3478965Z   Downloading colorama-0.4.6-py2.py3-none-any.whl (25 kB)
2023-11-09T14:57:48.3917540Z Collecting filelock>=3.12.3 (from tox)
2023-11-09T14:57:48.3956450Z   Downloading filelock-3.13.1-py3-none-any.whl.metadata (2.8 kB)
2023-11-09T14:57:48.4249574Z Collecting packaging>=23.1 (from tox)
2023-11-09T14:57:48.4288172Z   Downloading packaging-23.2-py3-none-any.whl.metadata (3.2 kB)
2023-11-09T14:57:48.4564265Z Collecting platformdirs>=3.10 (from tox)
2023-11-09T14:57:48.4599862Z   Downloading platformdirs-3.11.0-py3-none-any.whl.metadata (11 kB)
2023-11-09T14:57:48.4834334Z Collecting pluggy>=1.3 (from tox)
2023-11-09T14:57:48.4922493Z   Downloading pluggy-1.3.0-py3-none-any.whl.metadata (4.3 kB)
2023-11-09T14:57:48.5128546Z Collecting pyproject-api>=1.6.1 (from tox)
2023-11-09T14:57:48.5170113Z   Downloading pyproject_api-1.6.1-py3-none-any.whl.metadata (2.8 kB)
2023-11-09T14:57:48.5394856Z Collecting tomli>=2.0.1 (from tox)
2023-11-09T14:57:48.5483169Z   Downloading tomli-2.0.1-py3-none-any.whl (12 kB)
2023-11-09T14:57:48.6409934Z Collecting virtualenv>=20.24.3 (from tox)
2023-11-09T14:57:48.6447961Z   Downloading virtualenv-20.24.6-py3-none-any.whl.metadata (4.5 kB)
2023-11-09T14:57:48.7266953Z Collecting distlib<1,>=0.3.7 (from virtualenv>=20.24.3->tox)
2023-11-09T14:57:48.7379850Z   Downloading distlib-0.3.7-py2.py3-none-any.whl.metadata (5.1 kB)
2023-11-09T14:57:48.7563441Z Downloading tox-4.11.3-py3-none-any.whl (153 kB)
2023-11-09T14:57:48.7643593Z    â”â”â”â”â”â”â”â”â”â”â”â”â”â”â”â”â”â”â”â”â”â”â”â”â”â”â”â”â”â”â”â”â”â”â”â”â”â”â”â” 153.8/153.8 kB 28.9 MB/s eta 0:00:00
2023-11-09T14:57:48.7674096Z Downloading cachetools-5.3.2-py3-none-any.whl (9.3 kB)
2023-11-09T14:57:48.7726221Z Downloading chardet-5.2.0-py3-none-any.whl (199 kB)
2023-11-09T14:57:48.7784606Z    â”â”â”â”â”â”â”â”â”â”â”â”â”â”â”â”â”â”â”â”â”â”â”â”â”â”â”â”â”â”â”â”â”â”â”â”â”â”â”â” 199.4/199.4 kB 52.6 MB/s eta 0:00:00
2023-11-09T14:57:48.7814706Z Downloading filelock-3.13.1-py3-none-any.whl (11 kB)
2023-11-09T14:57:48.7867577Z Downloading packaging-23.2-py3-none-any.whl (53 kB)
2023-11-09T14:57:48.7916257Z    â”â”â”â”â”â”â”â”â”â”â”â”â”â”â”â”â”â”â”â”â”â”â”â”â”â”â”â”â”â”â”â”â”â”â”â”â”â”â”â” 53.0/53.0 kB 16.2 MB/s eta 0:00:00
2023-11-09T14:57:48.7949573Z Downloading platformdirs-3.11.0-py3-none-any.whl (17 kB)
2023-11-09T14:57:48.8005707Z Downloading pluggy-1.3.0-py3-none-any.whl (18 kB)
2023-11-09T14:57:48.8057863Z Downloading pyproject_api-1.6.1-py3-none-any.whl (12 kB)
2023-11-09T14:57:48.8111666Z Downloading virtualenv-20.24.6-py3-none-any.whl (3.8 MB)
2023-11-09T14:57:48.8465792Z    â”â”â”â”â”â”â”â”â”â”â”â”â”â”â”â”â”â”â”â”â”â”â”â”â”â”â”â”â”â”â”â”â”â”â”â”â”â”â”â” 3.8/3.8 MB 114.6 MB/s eta 0:00:00
2023-11-09T14:57:48.8500466Z Downloading distlib-0.3.7-py2.py3-none-any.whl (468 kB)
2023-11-09T14:57:48.8585851Z    â”â”â”â”â”â”â”â”â”â”â”â”â”â”â”â”â”â”â”â”â”â”â”â”â”â”â”â”â”â”â”â”â”â”â”â”â”â”â”â” 468.9/468.9 kB 75.2 MB/s eta 0:00:00
2023-11-09T14:57:48.9930406Z Installing collected packages: distlib, tomli, pluggy, platformdirs, packaging, filelock, colorama, chardet, cachetools, virtualenv, pyproject-api, tox
2023-11-09T14:57:49.5270016Z Successfully installed cachetools-5.3.2 chardet-5.2.0 colorama-0.4.6 distlib-0.3.7 filelock-3.13.1 packaging-23.2 platformdirs-3.11.0 pluggy-1.3.0 pyproject-api-1.6.1 tomli-2.0.1 tox-4.11.3 virtualenv-20.24.6
2023-11-09T14:57:49.6554941Z ##[group]Run tox -e lint
2023-11-09T14:57:49.6555515Z [36;1mtox -e lint[0m
2023-11-09T14:57:49.6600345Z shell: /usr/bin/bash -e {0}
2023-11-09T14:57:49.6600735Z env:
2023-11-09T14:57:49.6601157Z   pythonLocation: /opt/hostedtoolcache/Python/3.8.18/x64
2023-11-09T14:57:49.6601864Z   PKG_CONFIG_PATH: /opt/hostedtoolcache/Python/3.8.18/x64/lib/pkgconfig
2023-11-09T14:57:49.6602485Z   Python_ROOT_DIR: /opt/hostedtoolcache/Python/3.8.18/x64
2023-11-09T14:57:49.6603062Z   Python2_ROOT_DIR: /opt/hostedtoolcache/Python/3.8.18/x64
2023-11-09T14:57:49.6603682Z   Python3_ROOT_DIR: /opt/hostedtoolcache/Python/3.8.18/x64
2023-11-09T14:57:49.6604245Z   LD_LIBRARY_PATH: /opt/hostedtoolcache/Python/3.8.18/x64/lib
2023-11-09T14:57:49.6604736Z ##[endgroup]
2023-11-09T14:57:50.1807165Z lint: install_deps> python -I -m pip install flake8 flake8-bugbear flake8-builtins flake8-unused-arguments
2023-11-09T14:57:51.8280041Z lint: freeze> python -m pip freeze --all
2023-11-09T14:57:52.1547481Z lint: attrs==23.1.0,flake8==6.1.0,flake8-bugbear==23.9.16,flake8-builtins==2.2.0,flake8-unused-arguments==0.0.13,mccabe==0.7.0,pip==23.3.1,pycodestyle==2.11.1,pyflakes==3.1.0,setuptools==68.2.2,wheel==0.41.2
2023-11-09T14:57:52.1550502Z lint: commands[0]> flake8 --config=tox.ini src test
2023-11-09T14:57:52.7310807Z   lint: OK (2.86=setup[2.28]+cmd[0.57] seconds)
2023-11-09T14:57:52.7311506Z   congratulations :) (2.93 seconds)
2023-11-09T14:57:52.7693522Z Post job cleanup.
2023-11-09T14:57:52.9085175Z Post job cleanup.
2023-11-09T14:57:52.9842617Z [command]/usr/bin/git version
2023-11-09T14:57:52.9885487Z git version 2.42.0
2023-11-09T14:57:52.9933111Z Temporarily overriding HOME='/home/runner/work/_temp/80c41f7d-a6ef-4d6e-97ec-ca2dcd143196' before making global git config changes
2023-11-09T14:57:52.9934410Z Adding repository directory to the temporary git global config as a safe directory
2023-11-09T14:57:52.9939104Z [command]/usr/bin/git config --global --add safe.directory /home/runner/work/tinuous/tinuous
2023-11-09T14:57:52.9973126Z [command]/usr/bin/git config --local --name-only --get-regexp core\.sshCommand
2023-11-09T14:57:53.0005443Z [command]/usr/bin/git submodule foreach --recursive sh -c "git config --local --name-only --get-regexp 'core\.sshCommand' && git config --local --unset-all 'core.sshCommand' || :"
2023-11-09T14:57:53.0258973Z [command]/usr/bin/git config --local --name-only --get-regexp http\.https\:\/\/github\.com\/\.extraheader
2023-11-09T14:57:53.0280486Z http.https://github.com/.extraheader
2023-11-09T14:57:53.0292103Z [command]/usr/bin/git config --local --unset-all http.https://github.com/.extraheader
2023-11-09T14:57:53.0322864Z [command]/usr/bin/git submodule foreach --recursive sh -c "git config --local --name-only --get-regexp 'http\.https\:\/\/github\.com\/\.extraheader' && git config --local --unset-all 'http.https://github.com/.extraheader' || :"
2023-11-09T14:57:53.0803965Z Cleaning up orphan processes
