2023-11-09T16:13:33.5334124Z Requested labels: ubuntu-latest
2023-11-09T16:13:33.5334377Z Job defined at: con/tinuous/.github/workflows/test.yml@refs/heads/headers
2023-11-09T16:13:33.5334473Z Waiting for a runner to pick up this job...
2023-11-09T16:18:11.9885458Z Job is waiting for a hosted runner to come online.
2023-11-09T16:18:14.9021162Z Job is about to start running on the hosted runner: GitHub Actions 2 (hosted)
2023-11-09T16:18:17.4463121Z Current runner version: '2.311.0'
2023-11-09T16:18:17.4485916Z ##[group]Operating System
2023-11-09T16:18:17.4486505Z Ubuntu
2023-11-09T16:18:17.4486863Z 22.04.3
2023-11-09T16:18:17.4487262Z LTS
2023-11-09T16:18:17.4487562Z ##[endgroup]
2023-11-09T16:18:17.4487955Z ##[group]Runner Image
2023-11-09T16:18:17.4488477Z Image: ubuntu-22.04
2023-11-09T16:18:17.4488833Z Version: 20231030.2.0
2023-11-09T16:18:17.4489846Z Included Software: https://github.com/actions/runner-images/blob/ubuntu22/20231030.2/images/linux/Ubuntu2204-Readme.md
2023-11-09T16:18:17.4491369Z Image Release: https://github.com/actions/runner-images/releases/tag/ubuntu22%2F20231030.2
2023-11-09T16:18:17.4492187Z ##[endgroup]
2023-11-09T16:18:17.4492593Z ##[group]Runner Image Provisioner
2023-11-09T16:18:17.4493143Z 2.0.312.1
2023-11-09T16:18:17.4493441Z ##[endgroup]
2023-11-09T16:18:17.4495626Z ##[group]GITHUB_TOKEN Permissions
2023-11-09T16:18:17.4497321Z Actions: write
2023-11-09T16:18:17.4497730Z Checks: write
2023-11-09T16:18:17.4498399Z Contents: write
2023-11-09T16:18:17.4499179Z Deployments: write
2023-11-09T16:18:17.4499702Z Discussions: write
2023-11-09T16:18:17.4500075Z Issues: write
2023-11-09T16:18:17.4500435Z Metadata: read
2023-11-09T16:18:17.4500874Z Packages: write
2023-11-09T16:18:17.4501292Z Pages: write
2023-11-09T16:18:17.4501651Z PullRequests: write
2023-11-09T16:18:17.4502136Z RepositoryProjects: write
2023-11-09T16:18:17.4502628Z SecurityEvents: write
2023-11-09T16:18:17.4503026Z Statuses: write
2023-11-09T16:18:17.4503497Z ##[endgroup]
2023-11-09T16:18:17.4506470Z Secret source: Actions
2023-11-09T16:18:17.4507064Z Prepare workflow directory
2023-11-09T16:18:17.5122630Z Prepare all required actions
2023-11-09T16:18:17.5278597Z Getting action download info
2023-11-09T16:18:17.7911609Z Download action repository 'actions/checkout@v4' (SHA:b4ffde65f46336ab88eb53be808477a3936bae11)
2023-11-09T16:18:17.9329959Z Download action repository 'actions/setup-python@v4' (SHA:65d7f2d534ac1bc67fcd62888c5f4f3d2cb2b236)
2023-11-09T16:18:18.0024208Z Download action repository 'codecov/codecov-action@v3' (SHA:eaaf4bedf32dbdc6b720b63067d99c4d77d6047d)
2023-11-09T16:18:18.6932957Z Complete job name: test (3.8, typing)
2023-11-09T16:18:18.7869402Z ##[group]Run actions/checkout@v4
2023-11-09T16:18:18.7869928Z with:
2023-11-09T16:18:18.7870418Z   fetch-depth: 0
2023-11-09T16:18:18.7870827Z   repository: con/tinuous
2023-11-09T16:18:18.7871482Z   token: ***
2023-11-09T16:18:18.7871919Z   ssh-strict: true
2023-11-09T16:18:18.7872331Z   persist-credentials: true
2023-11-09T16:18:18.7872791Z   clean: true
2023-11-09T16:18:18.7873222Z   sparse-checkout-cone-mode: true
2023-11-09T16:18:18.7873729Z   fetch-tags: false
2023-11-09T16:18:18.7874107Z   show-progress: true
2023-11-09T16:18:18.7874568Z   lfs: false
2023-11-09T16:18:18.7874918Z   submodules: false
2023-11-09T16:18:18.7875304Z   set-safe-directory: true
2023-11-09T16:18:18.7875793Z ##[endgroup]
2023-11-09T16:18:19.0172192Z Syncing repository: con/tinuous
2023-11-09T16:18:19.0174753Z ##[group]Getting Git version info
2023-11-09T16:18:19.0175992Z Working directory is '/home/runner/work/tinuous/tinuous'
2023-11-09T16:18:19.0177658Z [command]/usr/bin/git version
2023-11-09T16:18:19.0178505Z git version 2.42.0
2023-11-09T16:18:19.0192616Z ##[endgroup]
2023-11-09T16:18:19.0209822Z Temporarily overriding HOME='/home/runner/work/_temp/9fb50650-9058-4935-a93b-2ed1b7228b1a' before making global git config changes
2023-11-09T16:18:19.0212121Z Adding repository directory to the temporary git global config as a safe directory
2023-11-09T16:18:19.0214203Z [command]/usr/bin/git config --global --add safe.directory /home/runner/work/tinuous/tinuous
2023-11-09T16:18:19.0246152Z Deleting the contents of '/home/runner/work/tinuous/tinuous'
2023-11-09T16:18:19.0252708Z ##[group]Initializing the repository
2023-11-09T16:18:19.0255710Z [command]/usr/bin/git init /home/runner/work/tinuous/tinuous
2023-11-09T16:18:19.0331633Z hint: Using 'master' as the name for the initial branch. This default branch name
2023-11-09T16:18:19.0333676Z hint: is subject to change. To configure the initial branch name to use in all
2023-11-09T16:18:19.0335355Z hint: of your new repositories, which will suppress this warning, call:
2023-11-09T16:18:19.0336519Z hint: 
2023-11-09T16:18:19.0337365Z hint: 	git config --global init.defaultBranch <name>
2023-11-09T16:18:19.0338310Z hint: 
2023-11-09T16:18:19.0339291Z hint: Names commonly chosen instead of 'master' are 'main', 'trunk' and
2023-11-09T16:18:19.0340425Z hint: 'development'. The just-created branch can be renamed via this command:
2023-11-09T16:18:19.0341245Z hint: 
2023-11-09T16:18:19.0341987Z hint: 	git branch -m <name>
2023-11-09T16:18:19.0342739Z Initialized empty Git repository in /home/runner/work/tinuous/tinuous/.git/
2023-11-09T16:18:19.0352090Z [command]/usr/bin/git remote add origin https://github.com/con/tinuous
2023-11-09T16:18:19.0385961Z ##[endgroup]
2023-11-09T16:18:19.0386850Z ##[group]Disabling automatic garbage collection
2023-11-09T16:18:19.0390107Z [command]/usr/bin/git config --local gc.auto 0
2023-11-09T16:18:19.0418830Z ##[endgroup]
2023-11-09T16:18:19.0420251Z ##[group]Setting up auth
2023-11-09T16:18:19.0425183Z [command]/usr/bin/git config --local --name-only --get-regexp core\.sshCommand
2023-11-09T16:18:19.0454801Z [command]/usr/bin/git submodule foreach --recursive sh -c "git config --local --name-only --get-regexp 'core\.sshCommand' && git config --local --unset-all 'core.sshCommand' || :"
2023-11-09T16:18:19.0834288Z [command]/usr/bin/git config --local --name-only --get-regexp http\.https\:\/\/github\.com\/\.extraheader
2023-11-09T16:18:19.0863158Z [command]/usr/bin/git submodule foreach --recursive sh -c "git config --local --name-only --get-regexp 'http\.https\:\/\/github\.com\/\.extraheader' && git config --local --unset-all 'http.https://github.com/.extraheader' || :"
2023-11-09T16:18:19.1092464Z [command]/usr/bin/git config --local http.https://github.com/.extraheader AUTHORIZATION: basic ***
2023-11-09T16:18:19.1125948Z ##[endgroup]
2023-11-09T16:18:19.1127258Z ##[group]Fetching the repository
2023-11-09T16:18:19.1136204Z [command]/usr/bin/git -c protocol.version=2 fetch --prune --no-recurse-submodules origin +refs/heads/*:refs/remotes/origin/* +refs/tags/*:refs/tags/*
2023-11-09T16:18:19.8756071Z From https://github.com/con/tinuous
2023-11-09T16:18:19.8757720Z  * [new branch]      gh-55           -> origin/gh-55
2023-11-09T16:18:19.8759321Z  * [new branch]      ghtoken         -> origin/ghtoken
2023-11-09T16:18:19.8760841Z  * [new branch]      headers         -> origin/headers
2023-11-09T16:18:19.8762168Z  * [new branch]      master          -> origin/master
2023-11-09T16:18:19.8763407Z  * [new branch]      mypy-import     -> origin/mypy-import
2023-11-09T16:18:19.8764957Z  * [new branch]      no-extra-search -> origin/no-extra-search
2023-11-09T16:18:19.8766277Z  * [new branch]      pragmata        -> origin/pragmata
2023-11-09T16:18:19.8767567Z  * [new branch]      py312           -> origin/py312
2023-11-09T16:18:19.8770167Z  * [new branch]      pypy            -> origin/pypy
2023-11-09T16:18:19.8773792Z  * [new branch]      test-appveyor   -> origin/test-appveyor
2023-11-09T16:18:19.8775476Z  * [new branch]      unused          -> origin/unused
2023-11-09T16:18:19.8777182Z  * [new branch]      updates         -> origin/updates
2023-11-09T16:18:19.8778989Z  * [new tag]         0.1.0           -> 0.1.0
2023-11-09T16:18:19.8780718Z  * [new tag]         0.2.0           -> 0.2.0
2023-11-09T16:18:19.8782160Z  * [new tag]         0.3.0           -> 0.3.0
2023-11-09T16:18:19.8783596Z  * [new tag]         0.4.0           -> 0.4.0
2023-11-09T16:18:19.8784920Z  * [new tag]         0.5.0           -> 0.5.0
2023-11-09T16:18:19.8786442Z  * [new tag]         0.5.1           -> 0.5.1
2023-11-09T16:18:19.8787809Z  * [new tag]         0.5.2           -> 0.5.2
2023-11-09T16:18:19.8790147Z  * [new tag]         0.5.3           -> 0.5.3
2023-11-09T16:18:19.8791146Z  * [new tag]         0.5.4           -> 0.5.4
2023-11-09T16:18:19.8792575Z  * [new tag]         0.6.0           -> 0.6.0
2023-11-09T16:18:19.8794093Z  * [new tag]         0.6.1           -> 0.6.1
2023-11-09T16:18:19.8828206Z [command]/usr/bin/git branch --list --remote origin/headers
2023-11-09T16:18:19.8853029Z   origin/headers
2023-11-09T16:18:19.8866140Z [command]/usr/bin/git rev-parse refs/remotes/origin/headers
2023-11-09T16:18:19.8887601Z b6db09b146cb5ea3e56fd72f2464057c5b0d20c0
2023-11-09T16:18:19.8896635Z ##[endgroup]
2023-11-09T16:18:19.8897641Z ##[group]Determining the checkout info
2023-11-09T16:18:19.8958810Z ##[endgroup]
2023-11-09T16:18:19.8960029Z ##[group]Checking out the ref
2023-11-09T16:18:19.8961419Z [command]/usr/bin/git checkout --progress --force -B headers refs/remotes/origin/headers
2023-11-09T16:18:19.8984969Z Switched to a new branch 'headers'
2023-11-09T16:18:19.8986859Z branch 'headers' set up to track 'origin/headers'.
2023-11-09T16:18:19.8995159Z ##[endgroup]
2023-11-09T16:18:19.9030179Z [command]/usr/bin/git log -1 --format='%H'
2023-11-09T16:18:19.9052668Z 'b6db09b146cb5ea3e56fd72f2464057c5b0d20c0'
2023-11-09T16:18:19.9369284Z ##[group]Run actions/setup-python@v4
2023-11-09T16:18:19.9369715Z with:
2023-11-09T16:18:19.9370151Z   python-version: 3.8
2023-11-09T16:18:19.9370514Z   check-latest: false
2023-11-09T16:18:19.9370980Z   token: ***
2023-11-09T16:18:19.9371402Z   update-environment: true
2023-11-09T16:18:19.9371785Z   allow-prereleases: false
2023-11-09T16:18:19.9372108Z ##[endgroup]
2023-11-09T16:18:20.1788901Z ##[group]Installed versions
2023-11-09T16:18:20.1864598Z Successfully set up CPython (3.8.18)
2023-11-09T16:18:20.1865825Z ##[endgroup]
2023-11-09T16:18:20.1988457Z ##[group]Run python -m pip install --upgrade pip wheel
2023-11-09T16:18:20.1989135Z [36;1mpython -m pip install --upgrade pip wheel[0m
2023-11-09T16:18:20.1989892Z [36;1mpython -m pip install --upgrade --upgrade-strategy=eager tox[0m
2023-11-09T16:18:20.2049727Z shell: /usr/bin/bash -e {0}
2023-11-09T16:18:20.2050105Z env:
2023-11-09T16:18:20.2050530Z   pythonLocation: /opt/hostedtoolcache/Python/3.8.18/x64
2023-11-09T16:18:20.2051266Z   PKG_CONFIG_PATH: /opt/hostedtoolcache/Python/3.8.18/x64/lib/pkgconfig
2023-11-09T16:18:20.2051859Z   Python_ROOT_DIR: /opt/hostedtoolcache/Python/3.8.18/x64
2023-11-09T16:18:20.2052464Z   Python2_ROOT_DIR: /opt/hostedtoolcache/Python/3.8.18/x64
2023-11-09T16:18:20.2053099Z   Python3_ROOT_DIR: /opt/hostedtoolcache/Python/3.8.18/x64
2023-11-09T16:18:20.2053673Z   LD_LIBRARY_PATH: /opt/hostedtoolcache/Python/3.8.18/x64/lib
2023-11-09T16:18:20.2054147Z ##[endgroup]
2023-11-09T16:18:20.9268493Z Requirement already satisfied: pip in /opt/hostedtoolcache/Python/3.8.18/x64/lib/python3.8/site-packages (23.0.1)
2023-11-09T16:18:21.0422799Z Collecting pip
2023-11-09T16:18:21.0905532Z   Downloading pip-23.3.1-py3-none-any.whl.metadata (3.5 kB)
2023-11-09T16:18:21.1310344Z Collecting wheel
2023-11-09T16:18:21.1348533Z   Downloading wheel-0.41.3-py3-none-any.whl.metadata (2.2 kB)
2023-11-09T16:18:21.1449843Z Downloading pip-23.3.1-py3-none-any.whl (2.1 MB)
2023-11-09T16:18:21.1952654Z    ━━━━━━━━━━━━━━━━━━━━━━━━━━━━━━━━━━━━━━━━ 2.1/2.1 MB 45.4 MB/s eta 0:00:00
2023-11-09T16:18:21.1992245Z Downloading wheel-0.41.3-py3-none-any.whl (65 kB)
2023-11-09T16:18:21.2041614Z    ━━━━━━━━━━━━━━━━━━━━━━━━━━━━━━━━━━━━━━━━ 65.8/65.8 kB 20.6 MB/s eta 0:00:00
2023-11-09T16:18:21.2430011Z Installing collected packages: wheel, pip
2023-11-09T16:18:21.2823594Z   Attempting uninstall: pip
2023-11-09T16:18:21.2829769Z     Found existing installation: pip 23.0.1
2023-11-09T16:18:21.3307916Z     Uninstalling pip-23.0.1:
2023-11-09T16:18:21.3767519Z       Successfully uninstalled pip-23.0.1
2023-11-09T16:18:22.3528317Z Successfully installed pip-23.3.1 wheel-0.41.3
2023-11-09T16:18:23.0915639Z Collecting tox
2023-11-09T16:18:23.1371963Z   Downloading tox-4.11.3-py3-none-any.whl.metadata (5.0 kB)
2023-11-09T16:18:23.1965573Z Collecting cachetools>=5.3.1 (from tox)
2023-11-09T16:18:23.2003437Z   Downloading cachetools-5.3.2-py3-none-any.whl.metadata (5.2 kB)
2023-11-09T16:18:23.2242699Z Collecting chardet>=5.2 (from tox)
2023-11-09T16:18:23.2277984Z   Downloading chardet-5.2.0-py3-none-any.whl.metadata (3.4 kB)
2023-11-09T16:18:23.2561653Z Collecting colorama>=0.4.6 (from tox)
2023-11-09T16:18:23.2597287Z   Downloading colorama-0.4.6-py2.py3-none-any.whl (25 kB)
2023-11-09T16:18:23.2950205Z Collecting filelock>=3.12.3 (from tox)
2023-11-09T16:18:23.2985671Z   Downloading filelock-3.13.1-py3-none-any.whl.metadata (2.8 kB)
2023-11-09T16:18:23.3281641Z Collecting packaging>=23.1 (from tox)
2023-11-09T16:18:23.3321883Z   Downloading packaging-23.2-py3-none-any.whl.metadata (3.2 kB)
2023-11-09T16:18:23.3595375Z Collecting platformdirs>=3.10 (from tox)
2023-11-09T16:18:23.3629737Z   Downloading platformdirs-3.11.0-py3-none-any.whl.metadata (11 kB)
2023-11-09T16:18:23.3862556Z Collecting pluggy>=1.3 (from tox)
2023-11-09T16:18:23.3899817Z   Downloading pluggy-1.3.0-py3-none-any.whl.metadata (4.3 kB)
2023-11-09T16:18:23.4090074Z Collecting pyproject-api>=1.6.1 (from tox)
2023-11-09T16:18:23.4127952Z   Downloading pyproject_api-1.6.1-py3-none-any.whl.metadata (2.8 kB)
2023-11-09T16:18:23.4342320Z Collecting tomli>=2.0.1 (from tox)
2023-11-09T16:18:23.4376564Z   Downloading tomli-2.0.1-py3-none-any.whl (12 kB)
2023-11-09T16:18:23.5292024Z Collecting virtualenv>=20.24.3 (from tox)
2023-11-09T16:18:23.5328752Z   Downloading virtualenv-20.24.6-py3-none-any.whl.metadata (4.5 kB)
2023-11-09T16:18:23.6212046Z Collecting distlib<1,>=0.3.7 (from virtualenv>=20.24.3->tox)
2023-11-09T16:18:23.6254917Z   Downloading distlib-0.3.7-py2.py3-none-any.whl.metadata (5.1 kB)
2023-11-09T16:18:23.6516086Z Downloading tox-4.11.3-py3-none-any.whl (153 kB)
2023-11-09T16:18:23.6600718Z    ━━━━━━━━━━━━━━━━━━━━━━━━━━━━━━━━━━━━━━━━ 153.8/153.8 kB 29.7 MB/s eta 0:00:00
2023-11-09T16:18:23.6646821Z Downloading cachetools-5.3.2-py3-none-any.whl (9.3 kB)
2023-11-09T16:18:23.6711481Z Downloading chardet-5.2.0-py3-none-any.whl (199 kB)
2023-11-09T16:18:23.6769507Z    ━━━━━━━━━━━━━━━━━━━━━━━━━━━━━━━━━━━━━━━━ 199.4/199.4 kB 51.1 MB/s eta 0:00:00
2023-11-09T16:18:23.6804962Z Downloading filelock-3.13.1-py3-none-any.whl (11 kB)
2023-11-09T16:18:23.6868987Z Downloading packaging-23.2-py3-none-any.whl (53 kB)
2023-11-09T16:18:23.6916102Z    ━━━━━━━━━━━━━━━━━━━━━━━━━━━━━━━━━━━━━━━━ 53.0/53.0 kB 16.2 MB/s eta 0:00:00
2023-11-09T16:18:23.6999406Z Downloading platformdirs-3.11.0-py3-none-any.whl (17 kB)
2023-11-09T16:18:23.7060038Z Downloading pluggy-1.3.0-py3-none-any.whl (18 kB)
2023-11-09T16:18:23.7132177Z Downloading pyproject_api-1.6.1-py3-none-any.whl (12 kB)
2023-11-09T16:18:23.7208955Z Downloading virtualenv-20.24.6-py3-none-any.whl (3.8 MB)
2023-11-09T16:18:23.7560893Z    ━━━━━━━━━━━━━━━━━━━━━━━━━━━━━━━━━━━━━━━━ 3.8/3.8 MB 114.5 MB/s eta 0:00:00
2023-11-09T16:18:23.7598974Z Downloading distlib-0.3.7-py2.py3-none-any.whl (468 kB)
2023-11-09T16:18:23.7679491Z    ━━━━━━━━━━━━━━━━━━━━━━━━━━━━━━━━━━━━━━━━ 468.9/468.9 kB 77.7 MB/s eta 0:00:00
2023-11-09T16:18:23.8974205Z Installing collected packages: distlib, tomli, pluggy, platformdirs, packaging, filelock, colorama, chardet, cachetools, virtualenv, pyproject-api, tox
2023-11-09T16:18:24.4287457Z Successfully installed cachetools-5.3.2 chardet-5.2.0 colorama-0.4.6 distlib-0.3.7 filelock-3.13.1 packaging-23.2 platformdirs-3.11.0 pluggy-1.3.0 pyproject-api-1.6.1 tomli-2.0.1 tox-4.11.3 virtualenv-20.24.6
2023-11-09T16:18:24.5449383Z ##[group]Run tox -e typing
2023-11-09T16:18:24.5449971Z [36;1mtox -e typing[0m
2023-11-09T16:18:24.5494365Z shell: /usr/bin/bash -e {0}
2023-11-09T16:18:24.5494717Z env:
2023-11-09T16:18:24.5495236Z   pythonLocation: /opt/hostedtoolcache/Python/3.8.18/x64
2023-11-09T16:18:24.5495896Z   PKG_CONFIG_PATH: /opt/hostedtoolcache/Python/3.8.18/x64/lib/pkgconfig
2023-11-09T16:18:24.5496481Z   Python_ROOT_DIR: /opt/hostedtoolcache/Python/3.8.18/x64
2023-11-09T16:18:24.5497132Z   Python2_ROOT_DIR: /opt/hostedtoolcache/Python/3.8.18/x64
2023-11-09T16:18:24.5497708Z   Python3_ROOT_DIR: /opt/hostedtoolcache/Python/3.8.18/x64
2023-11-09T16:18:24.5498258Z   LD_LIBRARY_PATH: /opt/hostedtoolcache/Python/3.8.18/x64/lib
2023-11-09T16:18:24.5499812Z ##[endgroup]
2023-11-09T16:18:25.1366748Z typing: install_deps> python -I -m pip install mypy pytest pytest-cov pytest-mock types-python-dateutil types-PyYAML types-requests
2023-11-09T16:18:29.0889668Z .pkg: install_requires> python -I -m pip install 'setuptools>=46.4.0' versioningit
2023-11-09T16:18:30.5259836Z .pkg: _optional_hooks> python /opt/hostedtoolcache/Python/3.8.18/x64/lib/python3.8/site-packages/pyproject_api/_backend.py True setuptools.build_meta
2023-11-09T16:18:30.7326378Z .pkg: get_requires_for_build_sdist> python /opt/hostedtoolcache/Python/3.8.18/x64/lib/python3.8/site-packages/pyproject_api/_backend.py True setuptools.build_meta
2023-11-09T16:18:30.8366278Z .pkg: get_requires_for_build_wheel> python /opt/hostedtoolcache/Python/3.8.18/x64/lib/python3.8/site-packages/pyproject_api/_backend.py True setuptools.build_meta
2023-11-09T16:18:30.8987144Z .pkg: install_requires_for_build_wheel> python -I -m pip install wheel
2023-11-09T16:18:31.4000083Z .pkg: freeze> python -m pip freeze --all
2023-11-09T16:18:31.7007088Z .pkg: importlib-metadata==6.8.0,packaging==23.2,pip==23.3.1,setuptools==68.2.2,tomli==2.0.1,versioningit==2.2.1,wheel==0.41.2,zipp==3.17.0
2023-11-09T16:18:31.7011075Z .pkg: prepare_metadata_for_build_wheel> python /opt/hostedtoolcache/Python/3.8.18/x64/lib/python3.8/site-packages/pyproject_api/_backend.py True setuptools.build_meta
2023-11-09T16:18:31.8013991Z .pkg: build_sdist> python /opt/hostedtoolcache/Python/3.8.18/x64/lib/python3.8/site-packages/pyproject_api/_backend.py True setuptools.build_meta
2023-11-09T16:18:31.8844307Z typing: install_package_deps> python -I -m pip install 'PyYAML>=5.0' 'click-loglevel~=0.2' 'click>=7.0' 'in-place~=0.4' 'pydantic~=1.7' 'python-dateutil~=2.7' 'python-dotenv<2.0,>=0.11' 'requests~=2.20'
2023-11-09T16:18:33.7432975Z typing: install_package> python -I -m pip install --force-reinstall --no-deps /home/runner/work/tinuous/tinuous/.tox/.tmp/package/1/tinuous-0.6.1.post47+gb6db09b.tar.gz
2023-11-09T16:18:37.2327342Z typing: freeze> python -m pip freeze --all
2023-11-09T16:18:37.5461373Z typing: certifi==2023.7.22,charset-normalizer==3.3.2,click==8.1.7,click-loglevel==0.5.0,coverage==7.3.2,exceptiongroup==1.1.3,idna==3.4,in-place==0.5.0,iniconfig==2.0.0,mypy==1.6.1,mypy-extensions==1.0.0,packaging==23.2,pip==23.3.1,pluggy==1.3.0,pydantic==1.10.13,pytest==7.4.3,pytest-cov==4.1.0,pytest-mock==3.12.0,python-dateutil==2.8.2,python-dotenv==1.0.0,PyYAML==6.0.1,requests==2.31.0,setuptools==68.2.2,six==1.16.0,tinuous @ file:///home/runner/work/tinuous/tinuous/.tox/.tmp/package/1/tinuous-0.6.1.post47%2Bgb6db09b.tar.gz#sha256=4e413a82829ae35ed590523f38b14ce66370a23c9c2b02f448834e4444496283,tomli==2.0.1,types-python-dateutil==2.8.19.14,types-PyYAML==6.0.12.12,types-requests==2.31.0.10,typing_extensions==4.8.0,urllib3==2.0.7,wheel==0.41.2
2023-11-09T16:18:37.5467024Z typing: commands[0]> mypy src test
2023-11-09T16:18:42.7410638Z Success: no issues found in 15 source files
2023-11-09T16:18:42.7559986Z .pkg: _exit> python /opt/hostedtoolcache/Python/3.8.18/x64/lib/python3.8/site-packages/pyproject_api/_backend.py True setuptools.build_meta
2023-11-09T16:18:42.7831880Z   typing: OK (17.97=setup[12.76]+cmd[5.21] seconds)
2023-11-09T16:18:42.7832486Z   congratulations :) (18.08 seconds)
2023-11-09T16:18:42.8136437Z Post job cleanup.
2023-11-09T16:18:42.9462817Z Post job cleanup.
2023-11-09T16:18:43.0199136Z [command]/usr/bin/git version
2023-11-09T16:18:43.0238516Z git version 2.42.0
2023-11-09T16:18:43.0280619Z Temporarily overriding HOME='/home/runner/work/_temp/1df5e812-d8fa-4b4c-a08f-9e9bed6baf76' before making global git config changes
2023-11-09T16:18:43.0282721Z Adding repository directory to the temporary git global config as a safe directory
2023-11-09T16:18:43.0286570Z [command]/usr/bin/git config --global --add safe.directory /home/runner/work/tinuous/tinuous
2023-11-09T16:18:43.0320789Z [command]/usr/bin/git config --local --name-only --get-regexp core\.sshCommand
2023-11-09T16:18:43.0351551Z [command]/usr/bin/git submodule foreach --recursive sh -c "git config --local --name-only --get-regexp 'core\.sshCommand' && git config --local --unset-all 'core.sshCommand' || :"
2023-11-09T16:18:43.0598650Z [command]/usr/bin/git config --local --name-only --get-regexp http\.https\:\/\/github\.com\/\.extraheader
2023-11-09T16:18:43.0618569Z http.https://github.com/.extraheader
2023-11-09T16:18:43.0629307Z [command]/usr/bin/git config --local --unset-all http.https://github.com/.extraheader
2023-11-09T16:18:43.0657653Z [command]/usr/bin/git submodule foreach --recursive sh -c "git config --local --name-only --get-regexp 'http\.https\:\/\/github\.com\/\.extraheader' && git config --local --unset-all 'http.https://github.com/.extraheader' || :"
2023-11-09T16:18:43.1150803Z Cleaning up orphan processes
