2022-10-12T19:33:03.1362206Z Requested labels: ubuntu-latest
2022-10-12T19:33:03.1362254Z Job defined at: con/tinuous/.github/workflows/test.yml@refs/heads/master
2022-10-12T19:33:03.1362281Z Waiting for a runner to pick up this job...
2022-10-12T19:33:04.7306943Z Job is waiting for a hosted runner to come online.
2022-10-12T19:33:08.5356434Z Job is about to start running on the hosted runner: GitHub Actions 8 (hosted)
2022-10-12T19:33:10.6400202Z Current runner version: '2.298.2'
2022-10-12T19:33:10.6427174Z ##[group]Operating System
2022-10-12T19:33:10.6427728Z Ubuntu
2022-10-12T19:33:10.6428025Z 20.04.5
2022-10-12T19:33:10.6428408Z LTS
2022-10-12T19:33:10.6428726Z ##[endgroup]
2022-10-12T19:33:10.6429058Z ##[group]Runner Image
2022-10-12T19:33:10.6429367Z Image: ubuntu-20.04
2022-10-12T19:33:10.6429695Z Version: 20221002.2
2022-10-12T19:33:10.6430242Z Included Software: https://github.com/actions/runner-images/blob/ubuntu20/20221002.2/images/linux/Ubuntu2004-Readme.md
2022-10-12T19:33:10.6430849Z Image Release: https://github.com/actions/runner-images/releases/tag/ubuntu20%2F20221002.2
2022-10-12T19:33:10.6431317Z ##[endgroup]
2022-10-12T19:33:10.6431664Z ##[group]Runner Image Provisioner
2022-10-12T19:33:10.6432033Z 2.0.78.1
2022-10-12T19:33:10.6432294Z ##[endgroup]
2022-10-12T19:33:10.6433273Z ##[group]GITHUB_TOKEN Permissions
2022-10-12T19:33:10.6433892Z Actions: write
2022-10-12T19:33:10.6434245Z Checks: write
2022-10-12T19:33:10.6434715Z Contents: write
2022-10-12T19:33:10.6435063Z Deployments: write
2022-10-12T19:33:10.6435401Z Discussions: write
2022-10-12T19:33:10.6435741Z Issues: write
2022-10-12T19:33:10.6436057Z Metadata: read
2022-10-12T19:33:10.6436330Z Packages: write
2022-10-12T19:33:10.6436645Z Pages: write
2022-10-12T19:33:10.6436969Z PullRequests: write
2022-10-12T19:33:10.6437315Z RepositoryProjects: write
2022-10-12T19:33:10.6437677Z SecurityEvents: write
2022-10-12T19:33:10.6438027Z Statuses: write
2022-10-12T19:33:10.6438295Z ##[endgroup]
2022-10-12T19:33:10.6442421Z Secret source: Actions
2022-10-12T19:33:10.6443015Z Prepare workflow directory
2022-10-12T19:33:10.7394324Z Prepare all required actions
2022-10-12T19:33:10.7579214Z Getting action download info
2022-10-12T19:33:10.9744305Z Download action repository 'actions/checkout@v3' (SHA:93ea575cb5d8a053eaa0ac8fa3b40d7e05a33cc8)
2022-10-12T19:33:11.2837951Z Download action repository 'actions/setup-python@v4' (SHA:13ae5bb136fac2878aff31522b9efb785519f984)
2022-10-12T19:33:11.5275064Z Download action repository 'codecov/codecov-action@v3' (SHA:d9f34f8cd5cb3b3eb79b3e4b5dae3a16df499a70)
2022-10-12T19:33:12.0053175Z ##[group]Run actions/checkout@v3
2022-10-12T19:33:12.0053526Z with:
2022-10-12T19:33:12.0053771Z   fetch-depth: 0
2022-10-12T19:33:12.0054038Z   repository: con/tinuous
2022-10-12T19:33:12.0054566Z   token: ***
2022-10-12T19:33:12.0054815Z   ssh-strict: true
2022-10-12T19:33:12.0055097Z   persist-credentials: true
2022-10-12T19:33:12.0055357Z   clean: true
2022-10-12T19:33:12.0055587Z   lfs: false
2022-10-12T19:33:12.0055831Z   submodules: false
2022-10-12T19:33:12.0056104Z   set-safe-directory: true
2022-10-12T19:33:12.0056383Z ##[endgroup]
2022-10-12T19:33:12.2908352Z Syncing repository: con/tinuous
2022-10-12T19:33:12.2910155Z ##[group]Getting Git version info
2022-10-12T19:33:12.2910793Z Working directory is '/home/runner/work/tinuous/tinuous'
2022-10-12T19:33:12.2911298Z [command]/usr/bin/git version
2022-10-12T19:33:12.3009293Z git version 2.37.3
2022-10-12T19:33:12.3034611Z ##[endgroup]
2022-10-12T19:33:12.3053339Z Temporarily overriding HOME='/home/runner/work/_temp/2ed58123-7d55-4193-ace1-cdb6c1f7a470' before making global git config changes
2022-10-12T19:33:12.3056024Z Adding repository directory to the temporary git global config as a safe directory
2022-10-12T19:33:12.3060288Z [command]/usr/bin/git config --global --add safe.directory /home/runner/work/tinuous/tinuous
2022-10-12T19:33:12.3106895Z Deleting the contents of '/home/runner/work/tinuous/tinuous'
2022-10-12T19:33:12.3112423Z ##[group]Initializing the repository
2022-10-12T19:33:12.3115933Z [command]/usr/bin/git init /home/runner/work/tinuous/tinuous
2022-10-12T19:33:12.3172185Z hint: Using 'master' as the name for the initial branch. This default branch name
2022-10-12T19:33:12.3172785Z hint: is subject to change. To configure the initial branch name to use in all
2022-10-12T19:33:12.3175427Z hint: of your new repositories, which will suppress this warning, call:
2022-10-12T19:33:12.3176021Z hint: 
2022-10-12T19:33:12.3177500Z hint: 	git config --global init.defaultBranch <name>
2022-10-12T19:33:12.3177884Z hint: 
2022-10-12T19:33:12.3178265Z hint: Names commonly chosen instead of 'master' are 'main', 'trunk' and
2022-10-12T19:33:12.3185326Z hint: 'development'. The just-created branch can be renamed via this command:
2022-10-12T19:33:12.3185654Z hint: 
2022-10-12T19:33:12.3185925Z hint: 	git branch -m <name>
2022-10-12T19:33:12.3192447Z Initialized empty Git repository in /home/runner/work/tinuous/tinuous/.git/
2022-10-12T19:33:12.3213558Z [command]/usr/bin/git remote add origin https://github.com/con/tinuous
2022-10-12T19:33:12.3258002Z ##[endgroup]
2022-10-12T19:33:12.3258481Z ##[group]Disabling automatic garbage collection
2022-10-12T19:33:12.3260831Z [command]/usr/bin/git config --local gc.auto 0
2022-10-12T19:33:12.3294558Z ##[endgroup]
2022-10-12T19:33:12.3295461Z ##[group]Setting up auth
2022-10-12T19:33:12.3302686Z [command]/usr/bin/git config --local --name-only --get-regexp core\.sshCommand
2022-10-12T19:33:12.3338141Z [command]/usr/bin/git submodule foreach --recursive git config --local --name-only --get-regexp 'core\.sshCommand' && git config --local --unset-all 'core.sshCommand' || :
2022-10-12T19:33:12.3666127Z [command]/usr/bin/git config --local --name-only --get-regexp http\.https\:\/\/github\.com\/\.extraheader
2022-10-12T19:33:12.3702237Z [command]/usr/bin/git submodule foreach --recursive git config --local --name-only --get-regexp 'http\.https\:\/\/github\.com\/\.extraheader' && git config --local --unset-all 'http.https://github.com/.extraheader' || :
2022-10-12T19:33:12.3942347Z [command]/usr/bin/git config --local http.https://github.com/.extraheader AUTHORIZATION: basic ***
2022-10-12T19:33:12.3973905Z ##[endgroup]
2022-10-12T19:33:12.3974395Z ##[group]Fetching the repository
2022-10-12T19:33:12.3988743Z [command]/usr/bin/git -c protocol.version=2 fetch --prune --progress --no-recurse-submodules origin +refs/heads/*:refs/remotes/origin/* +refs/tags/*:refs/tags/*
2022-10-12T19:33:12.7295566Z remote: Enumerating objects: 1004, done.        
2022-10-12T19:33:12.7296447Z remote: Counting objects:   0% (1/226)        
2022-10-12T19:33:12.7296772Z remote: Counting objects:   1% (3/226)        
2022-10-12T19:33:12.7297089Z remote: Counting objects:   2% (5/226)        
2022-10-12T19:33:12.7297397Z remote: Counting objects:   3% (7/226)        
2022-10-12T19:33:12.7297714Z remote: Counting objects:   4% (10/226)        
2022-10-12T19:33:12.7298013Z remote: Counting objects:   5% (12/226)        
2022-10-12T19:33:12.7298316Z remote: Counting objects:   6% (14/226)        
2022-10-12T19:33:12.7298628Z remote: Counting objects:   7% (16/226)        
2022-10-12T19:33:12.7298914Z remote: Counting objects:   8% (19/226)        
2022-10-12T19:33:12.7299275Z remote: Counting objects:   9% (21/226)        
2022-10-12T19:33:12.7299581Z remote: Counting objects:  10% (23/226)        
2022-10-12T19:33:12.7299886Z remote: Counting objects:  11% (25/226)        
2022-10-12T19:33:12.7300169Z remote: Counting objects:  12% (28/226)        
2022-10-12T19:33:12.7300473Z remote: Counting objects:  13% (30/226)        
2022-10-12T19:33:12.7300779Z remote: Counting objects:  14% (32/226)        
2022-10-12T19:33:12.7301064Z remote: Counting objects:  15% (34/226)        
2022-10-12T19:33:12.7301364Z remote: Counting objects:  16% (37/226)        
2022-10-12T19:33:12.7301661Z remote: Counting objects:  17% (39/226)        
2022-10-12T19:33:12.7301958Z remote: Counting objects:  18% (41/226)        
2022-10-12T19:33:12.7302240Z remote: Counting objects:  19% (43/226)        
2022-10-12T19:33:12.7302541Z remote: Counting objects:  20% (46/226)        
2022-10-12T19:33:12.7302840Z remote: Counting objects:  21% (48/226)        
2022-10-12T19:33:12.7303124Z remote: Counting objects:  22% (50/226)        
2022-10-12T19:33:12.7303422Z remote: Counting objects:  23% (52/226)        
2022-10-12T19:33:12.7303741Z remote: Counting objects:  24% (55/226)        
2022-10-12T19:33:12.7304023Z remote: Counting objects:  25% (57/226)        
2022-10-12T19:33:12.7304439Z remote: Counting objects:  26% (59/226)        
2022-10-12T19:33:12.7304743Z remote: Counting objects:  27% (62/226)        
2022-10-12T19:33:12.7305055Z remote: Counting objects:  28% (64/226)        
2022-10-12T19:33:12.7305343Z remote: Counting objects:  29% (66/226)        
2022-10-12T19:33:12.7305640Z remote: Counting objects:  30% (68/226)        
2022-10-12T19:33:12.7305938Z remote: Counting objects:  31% (71/226)        
2022-10-12T19:33:12.7306225Z remote: Counting objects:  32% (73/226)        
2022-10-12T19:33:12.7306521Z remote: Counting objects:  33% (75/226)        
2022-10-12T19:33:12.7306820Z remote: Counting objects:  34% (77/226)        
2022-10-12T19:33:12.7307104Z remote: Counting objects:  35% (80/226)        
2022-10-12T19:33:12.7307402Z remote: Counting objects:  36% (82/226)        
2022-10-12T19:33:12.7307697Z remote: Counting objects:  37% (84/226)        
2022-10-12T19:33:12.7307979Z remote: Counting objects:  38% (86/226)        
2022-10-12T19:33:12.7308279Z remote: Counting objects:  39% (89/226)        
2022-10-12T19:33:12.7308586Z remote: Counting objects:  40% (91/226)        
2022-10-12T19:33:12.7308882Z remote: Counting objects:  41% (93/226)        
2022-10-12T19:33:12.7309161Z remote: Counting objects:  42% (95/226)        
2022-10-12T19:33:12.7309457Z remote: Counting objects:  43% (98/226)        
2022-10-12T19:33:12.7309761Z remote: Counting objects:  44% (100/226)        
2022-10-12T19:33:12.7310056Z remote: Counting objects:  45% (102/226)        
2022-10-12T19:33:12.7310360Z remote: Counting objects:  46% (104/226)        
2022-10-12T19:33:12.7310665Z remote: Counting objects:  47% (107/226)        
2022-10-12T19:33:12.7310958Z remote: Counting objects:  48% (109/226)        
2022-10-12T19:33:12.7311256Z remote: Counting objects:  49% (111/226)        
2022-10-12T19:33:12.7311559Z remote: Counting objects:  50% (113/226)        
2022-10-12T19:33:12.7311845Z remote: Counting objects:  51% (116/226)        
2022-10-12T19:33:12.7312148Z remote: Counting objects:  52% (118/226)        
2022-10-12T19:33:12.7312532Z remote: Counting objects:  53% (120/226)        
2022-10-12T19:33:12.7312843Z remote: Counting objects:  54% (123/226)        
2022-10-12T19:33:12.7313134Z remote: Counting objects:  55% (125/226)        
2022-10-12T19:33:12.7313440Z remote: Counting objects:  56% (127/226)        
2022-10-12T19:33:12.7313744Z remote: Counting objects:  57% (129/226)        
2022-10-12T19:33:12.7314029Z remote: Counting objects:  58% (132/226)        
2022-10-12T19:33:12.7314330Z remote: Counting objects:  59% (134/226)        
2022-10-12T19:33:12.7314630Z remote: Counting objects:  60% (136/226)        
2022-10-12T19:33:12.7314915Z remote: Counting objects:  61% (138/226)        
2022-10-12T19:33:12.7315217Z remote: Counting objects:  62% (141/226)        
2022-10-12T19:33:12.7315520Z remote: Counting objects:  63% (143/226)        
2022-10-12T19:33:12.7315837Z remote: Counting objects:  64% (145/226)        
2022-10-12T19:33:12.7316122Z remote: Counting objects:  65% (147/226)        
2022-10-12T19:33:12.7316429Z remote: Counting objects:  66% (150/226)        
2022-10-12T19:33:12.7316729Z remote: Counting objects:  67% (152/226)        
2022-10-12T19:33:12.7317026Z remote: Counting objects:  68% (154/226)        
2022-10-12T19:33:12.7317310Z remote: Counting objects:  69% (156/226)        
2022-10-12T19:33:12.7317606Z remote: Counting objects:  70% (159/226)        
2022-10-12T19:33:12.7317907Z remote: Counting objects:  71% (161/226)        
2022-10-12T19:33:12.7318191Z remote: Counting objects:  72% (163/226)        
2022-10-12T19:33:12.7318490Z remote: Counting objects:  73% (165/226)        
2022-10-12T19:33:12.7318790Z remote: Counting objects:  74% (168/226)        
2022-10-12T19:33:12.7319074Z remote: Counting objects:  75% (170/226)        
2022-10-12T19:33:12.7319370Z remote: Counting objects:  76% (172/226)        
2022-10-12T19:33:12.7319669Z remote: Counting objects:  77% (175/226)        
2022-10-12T19:33:12.7319951Z remote: Counting objects:  78% (177/226)        
2022-10-12T19:33:12.7320320Z remote: Counting objects:  79% (179/226)        
2022-10-12T19:33:12.7320623Z remote: Counting objects:  80% (181/226)        
2022-10-12T19:33:12.7320922Z remote: Counting objects:  81% (184/226)        
2022-10-12T19:33:12.7321206Z remote: Counting objects:  82% (186/226)        
2022-10-12T19:33:12.7321507Z remote: Counting objects:  83% (188/226)        
2022-10-12T19:33:12.7322105Z remote: Counting objects:  84% (190/226)        
2022-10-12T19:33:12.7322395Z remote: Counting objects:  85% (193/226)        
2022-10-12T19:33:12.7322697Z remote: Counting objects:  86% (195/226)        
2022-10-12T19:33:12.7323000Z remote: Counting objects:  87% (197/226)        
2022-10-12T19:33:12.7323283Z remote: Counting objects:  88% (199/226)        
2022-10-12T19:33:12.7323584Z remote: Counting objects:  89% (202/226)        
2022-10-12T19:33:12.7323885Z remote: Counting objects:  90% (204/226)        
2022-10-12T19:33:12.7324170Z remote: Counting objects:  91% (206/226)        
2022-10-12T19:33:12.7324475Z remote: Counting objects:  92% (208/226)        
2022-10-12T19:33:12.7324778Z remote: Counting objects:  93% (211/226)        
2022-10-12T19:33:12.7325076Z remote: Counting objects:  94% (213/226)        
2022-10-12T19:33:12.7325362Z remote: Counting objects:  95% (215/226)        
2022-10-12T19:33:12.7325657Z remote: Counting objects:  96% (217/226)        
2022-10-12T19:33:12.7325954Z remote: Counting objects:  97% (220/226)        
2022-10-12T19:33:12.7326238Z remote: Counting objects:  98% (222/226)        
2022-10-12T19:33:12.7326533Z remote: Counting objects:  99% (224/226)        
2022-10-12T19:33:12.7326829Z remote: Counting objects: 100% (226/226)        
2022-10-12T19:33:12.7327204Z remote: Counting objects: 100% (226/226), done.        
2022-10-12T19:33:12.7327503Z remote: Compressing objects:   0% (1/155)        
2022-10-12T19:33:12.7327786Z remote: Compressing objects:   1% (2/155)        
2022-10-12T19:33:12.7328053Z remote: Compressing objects:   2% (4/155)        
2022-10-12T19:33:12.7328338Z remote: Compressing objects:   3% (5/155)        
2022-10-12T19:33:12.7328701Z remote: Compressing objects:   4% (7/155)        
2022-10-12T19:33:12.7328986Z remote: Compressing objects:   5% (8/155)        
2022-10-12T19:33:12.7329253Z remote: Compressing objects:   6% (10/155)        
2022-10-12T19:33:12.7329568Z remote: Compressing objects:   7% (11/155)        
2022-10-12T19:33:12.7329859Z remote: Compressing objects:   8% (13/155)        
2022-10-12T19:33:12.7330129Z remote: Compressing objects:   9% (14/155)        
2022-10-12T19:33:12.7330413Z remote: Compressing objects:  10% (16/155)        
2022-10-12T19:33:12.7330695Z remote: Compressing objects:  11% (18/155)        
2022-10-12T19:33:12.7330976Z remote: Compressing objects:  12% (19/155)        
2022-10-12T19:33:12.7331238Z remote: Compressing objects:  13% (21/155)        
2022-10-12T19:33:12.7331521Z remote: Compressing objects:  14% (22/155)        
2022-10-12T19:33:12.7331810Z remote: Compressing objects:  15% (24/155)        
2022-10-12T19:33:12.7334839Z remote: Compressing objects:  16% (25/155)        
2022-10-12T19:33:12.7336901Z remote: Compressing objects:  17% (27/155)        
2022-10-12T19:33:12.7337229Z remote: Compressing objects:  18% (28/155)        
2022-10-12T19:33:12.7341980Z remote: Compressing objects:  19% (30/155)        
2022-10-12T19:33:12.7342590Z remote: Compressing objects:  20% (31/155)        
2022-10-12T19:33:12.7343274Z remote: Compressing objects:  21% (33/155)        
2022-10-12T19:33:12.7359948Z remote: Compressing objects:  22% (35/155)        
2022-10-12T19:33:12.7360256Z remote: Compressing objects:  23% (36/155)        
2022-10-12T19:33:12.7360538Z remote: Compressing objects:  24% (38/155)        
2022-10-12T19:33:12.7360806Z remote: Compressing objects:  25% (39/155)        
2022-10-12T19:33:12.7361090Z remote: Compressing objects:  26% (41/155)        
2022-10-12T19:33:12.7361372Z remote: Compressing objects:  27% (42/155)        
2022-10-12T19:33:12.7379034Z remote: Compressing objects:  28% (44/155)        
2022-10-12T19:33:12.7381848Z remote: Compressing objects:  29% (45/155)        
2022-10-12T19:33:12.7382152Z remote: Compressing objects:  30% (47/155)        
2022-10-12T19:33:12.7382439Z remote: Compressing objects:  31% (49/155)        
2022-10-12T19:33:12.7382707Z remote: Compressing objects:  32% (50/155)        
2022-10-12T19:33:12.7382988Z remote: Compressing objects:  33% (52/155)        
2022-10-12T19:33:12.7383273Z remote: Compressing objects:  34% (53/155)        
2022-10-12T19:33:12.7383536Z remote: Compressing objects:  35% (55/155)        
2022-10-12T19:33:12.7383813Z remote: Compressing objects:  36% (56/155)        
2022-10-12T19:33:12.7384092Z remote: Compressing objects:  37% (58/155)        
2022-10-12T19:33:12.7384355Z remote: Compressing objects:  38% (59/155)        
2022-10-12T19:33:12.7384632Z remote: Compressing objects:  39% (61/155)        
2022-10-12T19:33:12.7384908Z remote: Compressing objects:  40% (62/155)        
2022-10-12T19:33:12.7385190Z remote: Compressing objects:  41% (64/155)        
2022-10-12T19:33:12.7385455Z remote: Compressing objects:  42% (66/155)        
2022-10-12T19:33:12.7385730Z remote: Compressing objects:  43% (67/155)        
2022-10-12T19:33:12.7386006Z remote: Compressing objects:  44% (69/155)        
2022-10-12T19:33:12.7386264Z remote: Compressing objects:  45% (70/155)        
2022-10-12T19:33:12.7386541Z remote: Compressing objects:  46% (72/155)        
2022-10-12T19:33:12.7386814Z remote: Compressing objects:  47% (73/155)        
2022-10-12T19:33:12.7387074Z remote: Compressing objects:  48% (75/155)        
2022-10-12T19:33:12.7387348Z remote: Compressing objects:  49% (76/155)        
2022-10-12T19:33:12.7387656Z remote: Compressing objects:  50% (78/155)        
2022-10-12T19:33:12.7387933Z remote: Compressing objects:  51% (80/155)        
2022-10-12T19:33:12.7388191Z remote: Compressing objects:  52% (81/155)        
2022-10-12T19:33:12.7388469Z remote: Compressing objects:  53% (83/155)        
2022-10-12T19:33:12.7388749Z remote: Compressing objects:  54% (84/155)        
2022-10-12T19:33:12.7389117Z remote: Compressing objects:  55% (86/155)        
2022-10-12T19:33:12.7389403Z remote: Compressing objects:  56% (87/155)        
2022-10-12T19:33:12.7389681Z remote: Compressing objects:  57% (89/155)        
2022-10-12T19:33:12.7389962Z remote: Compressing objects:  58% (90/155)        
2022-10-12T19:33:12.7390222Z remote: Compressing objects:  59% (92/155)        
2022-10-12T19:33:12.7390499Z remote: Compressing objects:  60% (93/155)        
2022-10-12T19:33:12.7390776Z remote: Compressing objects:  61% (95/155)        
2022-10-12T19:33:12.7391039Z remote: Compressing objects:  62% (97/155)        
2022-10-12T19:33:12.7391320Z remote: Compressing objects:  63% (98/155)        
2022-10-12T19:33:12.7391601Z remote: Compressing objects:  64% (100/155)        
2022-10-12T19:33:12.7391876Z remote: Compressing objects:  65% (101/155)        
2022-10-12T19:33:12.7392160Z remote: Compressing objects:  66% (103/155)        
2022-10-12T19:33:12.7392447Z remote: Compressing objects:  67% (104/155)        
2022-10-12T19:33:12.7392732Z remote: Compressing objects:  68% (106/155)        
2022-10-12T19:33:12.7392995Z remote: Compressing objects:  69% (107/155)        
2022-10-12T19:33:12.7393271Z remote: Compressing objects:  70% (109/155)        
2022-10-12T19:33:12.7393549Z remote: Compressing objects:  71% (111/155)        
2022-10-12T19:33:12.7393810Z remote: Compressing objects:  72% (112/155)        
2022-10-12T19:33:12.7394090Z remote: Compressing objects:  73% (114/155)        
2022-10-12T19:33:12.7394367Z remote: Compressing objects:  74% (115/155)        
2022-10-12T19:33:12.7394631Z remote: Compressing objects:  75% (117/155)        
2022-10-12T19:33:12.7394906Z remote: Compressing objects:  76% (118/155)        
2022-10-12T19:33:12.7395179Z remote: Compressing objects:  77% (120/155)        
2022-10-12T19:33:12.7395452Z remote: Compressing objects:  78% (121/155)        
2022-10-12T19:33:12.7395712Z remote: Compressing objects:  79% (123/155)        
2022-10-12T19:33:12.7396066Z remote: Compressing objects:  80% (124/155)        
2022-10-12T19:33:12.7396348Z remote: Compressing objects:  81% (126/155)        
2022-10-12T19:33:12.7396609Z remote: Compressing objects:  82% (128/155)        
2022-10-12T19:33:12.7396886Z remote: Compressing objects:  83% (129/155)        
2022-10-12T19:33:12.7397166Z remote: Compressing objects:  84% (131/155)        
2022-10-12T19:33:12.7397427Z remote: Compressing objects:  85% (132/155)        
2022-10-12T19:33:12.7397709Z remote: Compressing objects:  86% (134/155)        
2022-10-12T19:33:12.7397989Z remote: Compressing objects:  87% (135/155)        
2022-10-12T19:33:12.7398252Z remote: Compressing objects:  88% (137/155)        
2022-10-12T19:33:12.7398940Z remote: Compressing objects:  89% (138/155)        
2022-10-12T19:33:12.7399243Z remote: Compressing objects:  90% (140/155)        
2022-10-12T19:33:12.7399524Z remote: Compressing objects:  91% (142/155)        
2022-10-12T19:33:12.7399805Z remote: Compressing objects:  92% (143/155)        
2022-10-12T19:33:12.7400070Z remote: Compressing objects:  93% (145/155)        
2022-10-12T19:33:12.7400346Z remote: Compressing objects:  94% (146/155)        
2022-10-12T19:33:12.7400628Z remote: Compressing objects:  95% (148/155)        
2022-10-12T19:33:12.7400905Z remote: Compressing objects:  96% (149/155)        
2022-10-12T19:33:12.7401222Z remote: Compressing objects:  97% (151/155)        
2022-10-12T19:33:12.7401499Z remote: Compressing objects:  98% (152/155)        
2022-10-12T19:33:12.7401920Z remote: Compressing objects:  99% (154/155)        
2022-10-12T19:33:12.7402190Z remote: Compressing objects: 100% (155/155)        
2022-10-12T19:33:12.7402489Z remote: Compressing objects: 100% (155/155), done.        
2022-10-12T19:33:12.7418403Z Receiving objects:   0% (1/1004)
2022-10-12T19:33:12.7420938Z Receiving objects:   1% (11/1004)
2022-10-12T19:33:12.7422758Z Receiving objects:   2% (21/1004)
2022-10-12T19:33:12.7427158Z Receiving objects:   3% (31/1004)
2022-10-12T19:33:12.7427786Z Receiving objects:   4% (41/1004)
2022-10-12T19:33:12.7428242Z Receiving objects:   5% (51/1004)
2022-10-12T19:33:12.7428535Z Receiving objects:   6% (61/1004)
2022-10-12T19:33:12.7428777Z Receiving objects:   7% (71/1004)
2022-10-12T19:33:12.7446406Z Receiving objects:   8% (81/1004)
2022-10-12T19:33:12.7447043Z Receiving objects:   9% (91/1004)
2022-10-12T19:33:12.7447579Z Receiving objects:  10% (101/1004)
2022-10-12T19:33:12.7448091Z Receiving objects:  11% (111/1004)
2022-10-12T19:33:12.7448616Z Receiving objects:  12% (121/1004)
2022-10-12T19:33:12.7449141Z Receiving objects:  13% (131/1004)
2022-10-12T19:33:12.7449667Z Receiving objects:  14% (141/1004)
2022-10-12T19:33:12.7456646Z Receiving objects:  15% (151/1004)
2022-10-12T19:33:12.7456919Z Receiving objects:  16% (161/1004)
2022-10-12T19:33:12.7459054Z Receiving objects:  17% (171/1004)
2022-10-12T19:33:12.7459297Z Receiving objects:  18% (181/1004)
2022-10-12T19:33:12.7460646Z Receiving objects:  19% (191/1004)
2022-10-12T19:33:12.7464040Z Receiving objects:  20% (201/1004)
2022-10-12T19:33:12.7465256Z Receiving objects:  21% (211/1004)
2022-10-12T19:33:12.7466433Z Receiving objects:  22% (221/1004)
2022-10-12T19:33:12.7469305Z Receiving objects:  23% (231/1004)
2022-10-12T19:33:12.7469581Z Receiving objects:  24% (241/1004)
2022-10-12T19:33:12.7470660Z Receiving objects:  25% (251/1004)
2022-10-12T19:33:12.7473754Z Receiving objects:  26% (262/1004)
2022-10-12T19:33:12.7474022Z Receiving objects:  27% (272/1004)
2022-10-12T19:33:12.7476911Z Receiving objects:  28% (282/1004)
2022-10-12T19:33:12.7484733Z Receiving objects:  29% (292/1004)
2022-10-12T19:33:12.7485531Z Receiving objects:  30% (302/1004)
2022-10-12T19:33:12.7485939Z Receiving objects:  31% (312/1004)
2022-10-12T19:33:12.7486677Z Receiving objects:  32% (322/1004)
2022-10-12T19:33:12.7487261Z Receiving objects:  33% (332/1004)
2022-10-12T19:33:12.7487949Z Receiving objects:  34% (342/1004)
2022-10-12T19:33:12.7488516Z Receiving objects:  35% (352/1004)
2022-10-12T19:33:12.7489032Z Receiving objects:  36% (362/1004)
2022-10-12T19:33:12.7489646Z Receiving objects:  37% (372/1004)
2022-10-12T19:33:12.7490195Z Receiving objects:  38% (382/1004)
2022-10-12T19:33:12.7490903Z Receiving objects:  39% (392/1004)
2022-10-12T19:33:12.7491653Z Receiving objects:  40% (402/1004)
2022-10-12T19:33:12.7492212Z Receiving objects:  41% (412/1004)
2022-10-12T19:33:12.7492874Z Receiving objects:  42% (422/1004)
2022-10-12T19:33:12.7493461Z Receiving objects:  43% (432/1004)
2022-10-12T19:33:12.7494134Z Receiving objects:  44% (442/1004)
2022-10-12T19:33:12.7494686Z Receiving objects:  45% (452/1004)
2022-10-12T19:33:12.7495342Z Receiving objects:  46% (462/1004)
2022-10-12T19:33:12.7495897Z Receiving objects:  47% (472/1004)
2022-10-12T19:33:12.7496663Z Receiving objects:  48% (482/1004)
2022-10-12T19:33:12.7497230Z Receiving objects:  49% (492/1004)
2022-10-12T19:33:12.7510118Z Receiving objects:  50% (502/1004)
2022-10-12T19:33:12.7510975Z Receiving objects:  51% (513/1004)
2022-10-12T19:33:12.7511731Z Receiving objects:  52% (523/1004)
2022-10-12T19:33:12.7520451Z Receiving objects:  53% (533/1004)
2022-10-12T19:33:12.7520956Z Receiving objects:  54% (543/1004)
2022-10-12T19:33:12.7521609Z Receiving objects:  55% (553/1004)
2022-10-12T19:33:12.7522270Z Receiving objects:  56% (563/1004)
2022-10-12T19:33:12.7533566Z Receiving objects:  57% (573/1004)
2022-10-12T19:33:12.7537429Z Receiving objects:  58% (583/1004)
2022-10-12T19:33:12.7538051Z Receiving objects:  59% (593/1004)
2022-10-12T19:33:12.7538684Z Receiving objects:  60% (603/1004)
2022-10-12T19:33:12.7539112Z Receiving objects:  61% (613/1004)
2022-10-12T19:33:12.7539740Z Receiving objects:  62% (623/1004)
2022-10-12T19:33:12.7540209Z Receiving objects:  63% (633/1004)
2022-10-12T19:33:12.7541185Z Receiving objects:  64% (643/1004)
2022-10-12T19:33:12.7542190Z Receiving objects:  65% (653/1004)
2022-10-12T19:33:12.7565515Z Receiving objects:  66% (663/1004)
2022-10-12T19:33:12.7566037Z Receiving objects:  67% (673/1004)
2022-10-12T19:33:12.7566739Z Receiving objects:  68% (683/1004)
2022-10-12T19:33:12.7569749Z Receiving objects:  69% (693/1004)
2022-10-12T19:33:12.7570414Z Receiving objects:  70% (703/1004)
2022-10-12T19:33:12.7573333Z Receiving objects:  71% (713/1004)
2022-10-12T19:33:12.7575132Z Receiving objects:  72% (723/1004)
2022-10-12T19:33:12.7576804Z Receiving objects:  73% (733/1004)
2022-10-12T19:33:12.7579908Z Receiving objects:  74% (743/1004)
2022-10-12T19:33:12.7581039Z Receiving objects:  75% (753/1004)
2022-10-12T19:33:12.7582108Z Receiving objects:  76% (764/1004)
2022-10-12T19:33:12.7582529Z Receiving objects:  77% (774/1004)
2022-10-12T19:33:12.7583295Z Receiving objects:  78% (784/1004)
2022-10-12T19:33:12.7584001Z Receiving objects:  79% (794/1004)
2022-10-12T19:33:12.7588982Z Receiving objects:  80% (804/1004)
2022-10-12T19:33:12.7589572Z Receiving objects:  81% (814/1004)
2022-10-12T19:33:12.7591792Z Receiving objects:  82% (824/1004)
2022-10-12T19:33:12.7594273Z Receiving objects:  83% (834/1004)
2022-10-12T19:33:12.7597382Z Receiving objects:  84% (844/1004)
2022-10-12T19:33:12.7599734Z Receiving objects:  85% (854/1004)
2022-10-12T19:33:12.7603439Z Receiving objects:  86% (864/1004)
2022-10-12T19:33:12.7605859Z Receiving objects:  87% (874/1004)
2022-10-12T19:33:12.7607863Z Receiving objects:  88% (884/1004)
2022-10-12T19:33:12.7609325Z Receiving objects:  89% (894/1004)
2022-10-12T19:33:12.7619916Z Receiving objects:  90% (904/1004)
2022-10-12T19:33:12.7621652Z Receiving objects:  91% (914/1004)
2022-10-12T19:33:12.7628434Z Receiving objects:  92% (924/1004)
2022-10-12T19:33:12.7631478Z Receiving objects:  93% (934/1004)
2022-10-12T19:33:12.7633862Z Receiving objects:  94% (944/1004)
2022-10-12T19:33:12.7643389Z Receiving objects:  95% (954/1004)
2022-10-12T19:33:12.7664607Z Receiving objects:  96% (964/1004)
2022-10-12T19:33:12.7665483Z remote: Total 1004 (delta 84), reused 89 (delta 64), pack-reused 778        
2022-10-12T19:33:12.7665953Z Receiving objects:  97% (974/1004)
2022-10-12T19:33:12.7666830Z Receiving objects:  98% (984/1004)
2022-10-12T19:33:12.7667253Z Receiving objects:  99% (994/1004)
2022-10-12T19:33:12.7667898Z Receiving objects: 100% (1004/1004)
2022-10-12T19:33:12.7668373Z Receiving objects: 100% (1004/1004), 244.59 KiB | 10.19 MiB/s, done.
2022-10-12T19:33:12.7669033Z Resolving deltas:   0% (0/553)
2022-10-12T19:33:12.7669442Z Resolving deltas:   1% (6/553)
2022-10-12T19:33:12.7670066Z Resolving deltas:   2% (12/553)
2022-10-12T19:33:12.7670484Z Resolving deltas:   3% (17/553)
2022-10-12T19:33:12.7671211Z Resolving deltas:   4% (23/553)
2022-10-12T19:33:12.7671709Z Resolving deltas:   5% (28/553)
2022-10-12T19:33:12.7672328Z Resolving deltas:   6% (34/553)
2022-10-12T19:33:12.7672748Z Resolving deltas:   7% (39/553)
2022-10-12T19:33:12.7675066Z Resolving deltas:   8% (45/553)
2022-10-12T19:33:12.7675533Z Resolving deltas:   9% (50/553)
2022-10-12T19:33:12.7676179Z Resolving deltas:  10% (56/553)
2022-10-12T19:33:12.7676580Z Resolving deltas:  11% (61/553)
2022-10-12T19:33:12.7677218Z Resolving deltas:  12% (67/553)
2022-10-12T19:33:12.7677634Z Resolving deltas:  13% (72/553)
2022-10-12T19:33:12.7678251Z Resolving deltas:  14% (78/553)
2022-10-12T19:33:12.7678646Z Resolving deltas:  15% (83/553)
2022-10-12T19:33:12.7680355Z Resolving deltas:  16% (89/553)
2022-10-12T19:33:12.7680817Z Resolving deltas:  17% (95/553)
2022-10-12T19:33:12.7681483Z Resolving deltas:  18% (100/553)
2022-10-12T19:33:12.7682217Z Resolving deltas:  19% (106/553)
2022-10-12T19:33:12.7684256Z Resolving deltas:  20% (111/553)
2022-10-12T19:33:12.7684737Z Resolving deltas:  21% (117/553)
2022-10-12T19:33:12.7685358Z Resolving deltas:  22% (122/553)
2022-10-12T19:33:12.7685779Z Resolving deltas:  23% (128/553)
2022-10-12T19:33:12.7686405Z Resolving deltas:  24% (133/553)
2022-10-12T19:33:12.7686803Z Resolving deltas:  25% (139/553)
2022-10-12T19:33:12.7688579Z Resolving deltas:  26% (144/553)
2022-10-12T19:33:12.7689060Z Resolving deltas:  27% (150/553)
2022-10-12T19:33:12.7689693Z Resolving deltas:  28% (155/553)
2022-10-12T19:33:12.7690109Z Resolving deltas:  29% (161/553)
2022-10-12T19:33:12.7691613Z Resolving deltas:  30% (166/553)
2022-10-12T19:33:12.7692092Z Resolving deltas:  31% (172/553)
2022-10-12T19:33:12.7693386Z Resolving deltas:  32% (177/553)
2022-10-12T19:33:12.7693835Z Resolving deltas:  33% (183/553)
2022-10-12T19:33:12.7694467Z Resolving deltas:  34% (189/553)
2022-10-12T19:33:12.7694890Z Resolving deltas:  35% (194/553)
2022-10-12T19:33:12.7696146Z Resolving deltas:  36% (200/553)
2022-10-12T19:33:12.7696595Z Resolving deltas:  37% (205/553)
2022-10-12T19:33:12.7697797Z Resolving deltas:  38% (211/553)
2022-10-12T19:33:12.7698243Z Resolving deltas:  39% (216/553)
2022-10-12T19:33:12.7699789Z Resolving deltas:  40% (222/553)
2022-10-12T19:33:12.7700318Z Resolving deltas:  41% (227/553)
2022-10-12T19:33:12.7700958Z Resolving deltas:  42% (233/553)
2022-10-12T19:33:12.7701361Z Resolving deltas:  43% (238/553)
2022-10-12T19:33:12.7701981Z Resolving deltas:  44% (244/553)
2022-10-12T19:33:12.7702404Z Resolving deltas:  45% (249/553)
2022-10-12T19:33:12.7703039Z Resolving deltas:  46% (255/553)
2022-10-12T19:33:12.7703440Z Resolving deltas:  47% (260/553)
2022-10-12T19:33:12.7704058Z Resolving deltas:  48% (266/553)
2022-10-12T19:33:12.7708162Z Resolving deltas:  49% (271/553)
2022-10-12T19:33:12.7715128Z Resolving deltas:  50% (277/553)
2022-10-12T19:33:12.7717970Z Resolving deltas:  51% (283/553)
2022-10-12T19:33:12.7723593Z Resolving deltas:  52% (288/553)
2022-10-12T19:33:12.7726971Z Resolving deltas:  53% (294/553)
2022-10-12T19:33:12.7730555Z Resolving deltas:  54% (299/553)
2022-10-12T19:33:12.7734713Z Resolving deltas:  55% (305/553)
2022-10-12T19:33:12.7738409Z Resolving deltas:  56% (310/553)
2022-10-12T19:33:12.7739252Z Resolving deltas:  57% (316/553)
2022-10-12T19:33:12.7744880Z Resolving deltas:  58% (321/553)
2022-10-12T19:33:12.7748791Z Resolving deltas:  59% (327/553)
2022-10-12T19:33:12.7754737Z Resolving deltas:  60% (332/553)
2022-10-12T19:33:12.7755196Z Resolving deltas:  61% (338/553)
2022-10-12T19:33:12.7756426Z Resolving deltas:  62% (343/553)
2022-10-12T19:33:12.7757486Z Resolving deltas:  63% (349/553)
2022-10-12T19:33:12.7760690Z Resolving deltas:  64% (354/553)
2022-10-12T19:33:12.7762925Z Resolving deltas:  65% (360/553)
2022-10-12T19:33:12.7764943Z Resolving deltas:  66% (365/553)
2022-10-12T19:33:12.7770752Z Resolving deltas:  67% (371/553)
2022-10-12T19:33:12.7772029Z Resolving deltas:  68% (377/553)
2022-10-12T19:33:12.7772485Z Resolving deltas:  69% (382/553)
2022-10-12T19:33:12.7773125Z Resolving deltas:  70% (388/553)
2022-10-12T19:33:12.7805581Z Resolving deltas:  71% (393/553)
2022-10-12T19:33:12.7806118Z Resolving deltas:  72% (399/553)
2022-10-12T19:33:12.7807579Z Resolving deltas:  73% (404/553)
2022-10-12T19:33:12.7808056Z Resolving deltas:  74% (410/553)
2022-10-12T19:33:12.7808751Z Resolving deltas:  75% (415/553)
2022-10-12T19:33:12.7811657Z Resolving deltas:  76% (421/553)
2022-10-12T19:33:12.7813469Z Resolving deltas:  77% (426/553)
2022-10-12T19:33:12.7817393Z Resolving deltas:  78% (432/553)
2022-10-12T19:33:12.7826074Z Resolving deltas:  79% (437/553)
2022-10-12T19:33:12.7832918Z Resolving deltas:  80% (443/553)
2022-10-12T19:33:12.7839290Z Resolving deltas:  81% (448/553)
2022-10-12T19:33:12.7847651Z Resolving deltas:  82% (454/553)
2022-10-12T19:33:12.7853213Z Resolving deltas:  83% (459/553)
2022-10-12T19:33:12.7854611Z Resolving deltas:  84% (466/553)
2022-10-12T19:33:12.7855762Z Resolving deltas:  85% (471/553)
2022-10-12T19:33:12.7856201Z Resolving deltas:  86% (476/553)
2022-10-12T19:33:12.7857170Z Resolving deltas:  87% (482/553)
2022-10-12T19:33:12.7857638Z Resolving deltas:  88% (487/553)
2022-10-12T19:33:12.7858760Z Resolving deltas:  89% (493/553)
2022-10-12T19:33:12.7859802Z Resolving deltas:  90% (498/553)
2022-10-12T19:33:12.7860244Z Resolving deltas:  91% (504/553)
2022-10-12T19:33:12.7862145Z Resolving deltas:  92% (509/553)
2022-10-12T19:33:12.7862620Z Resolving deltas:  93% (515/553)
2022-10-12T19:33:12.7866173Z Resolving deltas:  94% (520/553)
2022-10-12T19:33:12.7868995Z Resolving deltas:  95% (526/553)
2022-10-12T19:33:12.7872846Z Resolving deltas:  96% (531/553)
2022-10-12T19:33:12.7876487Z Resolving deltas:  97% (537/553)
2022-10-12T19:33:12.7883439Z Resolving deltas:  98% (542/553)
2022-10-12T19:33:12.7891901Z Resolving deltas:  99% (548/553)
2022-10-12T19:33:12.7892297Z Resolving deltas: 100% (553/553)
2022-10-12T19:33:12.7893258Z Resolving deltas: 100% (553/553), done.
2022-10-12T19:33:12.7998366Z From https://github.com/con/tinuous
2022-10-12T19:33:12.7999564Z  * [new branch]      gh-55           -> origin/gh-55
2022-10-12T19:33:12.8000509Z  * [new branch]      master          -> origin/master
2022-10-12T19:33:12.8001127Z  * [new branch]      no-extra-search -> origin/no-extra-search
2022-10-12T19:33:12.8002587Z  * [new branch]      test-appveyor   -> origin/test-appveyor
2022-10-12T19:33:12.8002964Z  * [new tag]         0.1.0           -> 0.1.0
2022-10-12T19:33:12.8003268Z  * [new tag]         0.2.0           -> 0.2.0
2022-10-12T19:33:12.8003595Z  * [new tag]         0.3.0           -> 0.3.0
2022-10-12T19:33:12.8003909Z  * [new tag]         0.4.0           -> 0.4.0
2022-10-12T19:33:12.8004197Z  * [new tag]         0.5.0           -> 0.5.0
2022-10-12T19:33:12.8004502Z  * [new tag]         0.5.1           -> 0.5.1
2022-10-12T19:33:12.8004809Z  * [new tag]         0.5.2           -> 0.5.2
2022-10-12T19:33:12.8005098Z  * [new tag]         0.5.3           -> 0.5.3
2022-10-12T19:33:12.8005405Z  * [new tag]         0.5.4           -> 0.5.4
2022-10-12T19:33:12.8025356Z [command]/usr/bin/git branch --list --remote origin/master
2022-10-12T19:33:12.8056482Z   origin/master
2022-10-12T19:33:12.8064446Z [command]/usr/bin/git rev-parse refs/remotes/origin/master
2022-10-12T19:33:12.8092422Z 181330a2b66af423ade6489a8f66ab56c33e0255
2022-10-12T19:33:12.8096150Z ##[endgroup]
2022-10-12T19:33:12.8096857Z ##[group]Determining the checkout info
2022-10-12T19:33:12.8097714Z ##[endgroup]
2022-10-12T19:33:12.8098561Z ##[group]Checking out the ref
2022-10-12T19:33:12.8101969Z [command]/usr/bin/git checkout --progress --force -B master refs/remotes/origin/master
2022-10-12T19:33:12.8173455Z Reset branch 'master'
2022-10-12T19:33:12.8177541Z branch 'master' set up to track 'origin/master'.
2022-10-12T19:33:12.8179462Z ##[endgroup]
2022-10-12T19:33:12.8220050Z [command]/usr/bin/git log -1 --format='%H'
2022-10-12T19:33:12.8248774Z '181330a2b66af423ade6489a8f66ab56c33e0255'
2022-10-12T19:33:12.8577176Z ##[group]Run actions/setup-python@v4
2022-10-12T19:33:12.8577567Z with:
2022-10-12T19:33:12.8577886Z   python-version: 3.8
2022-10-12T19:33:12.8578140Z   check-latest: false
2022-10-12T19:33:12.8578636Z   token: ***
2022-10-12T19:33:12.8578931Z   update-environment: true
2022-10-12T19:33:12.8579191Z ##[endgroup]
2022-10-12T19:33:13.0342778Z Successfully set up CPython (3.8.14)
2022-10-12T19:33:13.0547406Z ##[group]Run python -m pip install --upgrade pip wheel
2022-10-12T19:33:13.0547862Z [36;1mpython -m pip install --upgrade pip wheel[0m
2022-10-12T19:33:13.0548313Z [36;1mpython -m pip install --upgrade --upgrade-strategy=eager tox[0m
2022-10-12T19:33:13.0605843Z shell: /usr/bin/bash -e {0}
2022-10-12T19:33:13.0606131Z env:
2022-10-12T19:33:13.0606478Z   pythonLocation: /opt/hostedtoolcache/Python/3.8.14/x64
2022-10-12T19:33:13.0606905Z   PKG_CONFIG_PATH: /opt/hostedtoolcache/Python/3.8.14/x64/lib/pkgconfig
2022-10-12T19:33:13.0607364Z   Python_ROOT_DIR: /opt/hostedtoolcache/Python/3.8.14/x64
2022-10-12T19:33:13.0607757Z   Python2_ROOT_DIR: /opt/hostedtoolcache/Python/3.8.14/x64
2022-10-12T19:33:13.0608150Z   Python3_ROOT_DIR: /opt/hostedtoolcache/Python/3.8.14/x64
2022-10-12T19:33:13.0608498Z   LD_LIBRARY_PATH: /opt/hostedtoolcache/Python/3.8.14/x64/lib
2022-10-12T19:33:13.0608832Z ##[endgroup]
2022-10-12T19:33:16.4071145Z Requirement already satisfied: pip in /opt/hostedtoolcache/Python/3.8.14/x64/lib/python3.8/site-packages (22.2.2)
2022-10-12T19:33:16.5818389Z Collecting wheel
2022-10-12T19:33:16.6269286Z   Downloading wheel-0.37.1-py2.py3-none-any.whl (35 kB)
2022-10-12T19:33:16.6884250Z Installing collected packages: wheel
2022-10-12T19:33:16.7226376Z Successfully installed wheel-0.37.1
2022-10-12T19:33:18.4751853Z Collecting tox
2022-10-12T19:33:25.7576117Z   Downloading tox-3.26.0-py2.py3-none-any.whl (86 kB)
2022-10-12T19:33:25.7711562Z      ‚îÅ‚îÅ‚îÅ‚îÅ‚îÅ‚îÅ‚îÅ‚îÅ‚îÅ‚îÅ‚îÅ‚îÅ‚îÅ‚îÅ‚îÅ‚îÅ‚îÅ‚îÅ‚îÅ‚îÅ‚îÅ‚îÅ‚îÅ‚îÅ‚îÅ‚îÅ‚îÅ‚îÅ‚îÅ‚îÅ‚îÅ‚îÅ‚îÅ‚îÅ‚îÅ‚îÅ‚îÅ‚îÅ‚îÅ‚îÅ 86.3/86.3 kB 8.1 MB/s eta 0:00:00
2022-10-12T19:33:25.8341396Z Collecting py>=1.4.17
2022-10-12T19:33:25.8431001Z   Downloading py-1.11.0-py2.py3-none-any.whl (98 kB)
2022-10-12T19:33:25.8486610Z      ‚îÅ‚îÅ‚îÅ‚îÅ‚îÅ‚îÅ‚îÅ‚îÅ‚îÅ‚îÅ‚îÅ‚îÅ‚îÅ‚îÅ‚îÅ‚îÅ‚îÅ‚îÅ‚îÅ‚îÅ‚îÅ‚îÅ‚îÅ‚îÅ‚îÅ‚îÅ‚îÅ‚îÅ‚îÅ‚îÅ‚îÅ‚îÅ‚îÅ‚îÅ‚îÅ‚îÅ‚îÅ‚îÅ‚îÅ‚îÅ 98.7/98.7 kB 29.4 MB/s eta 0:00:00
2022-10-12T19:33:25.8880583Z Collecting packaging>=14
2022-10-12T19:33:25.8966442Z   Downloading packaging-21.3-py3-none-any.whl (40 kB)
2022-10-12T19:33:25.9019586Z      ‚îÅ‚îÅ‚îÅ‚îÅ‚îÅ‚îÅ‚îÅ‚îÅ‚îÅ‚îÅ‚îÅ‚îÅ‚îÅ‚îÅ‚îÅ‚îÅ‚îÅ‚îÅ‚îÅ‚îÅ‚îÅ‚îÅ‚îÅ‚îÅ‚îÅ‚îÅ‚îÅ‚îÅ‚îÅ‚îÅ‚îÅ‚îÅ‚îÅ‚îÅ‚îÅ‚îÅ‚îÅ‚îÅ‚îÅ‚îÅ 40.8/40.8 kB 12.7 MB/s eta 0:00:00
2022-10-12T19:33:25.9283355Z Collecting six>=1.14.0
2022-10-12T19:33:25.9369091Z   Downloading six-1.16.0-py2.py3-none-any.whl (11 kB)
2022-10-12T19:33:25.9678271Z Collecting tomli>=2.0.1
2022-10-12T19:33:25.9771367Z   Downloading tomli-2.0.1-py3-none-any.whl (12 kB)
2022-10-12T19:33:26.0200862Z Collecting pluggy>=0.12.0
2022-10-12T19:33:26.0292621Z   Downloading pluggy-1.0.0-py2.py3-none-any.whl (13 kB)
2022-10-12T19:33:26.0635820Z Collecting filelock>=3.0.0
2022-10-12T19:33:26.0719949Z   Downloading filelock-3.8.0-py3-none-any.whl (10 kB)
2022-10-12T19:33:26.2763581Z Collecting virtualenv!=20.0.0,!=20.0.1,!=20.0.2,!=20.0.3,!=20.0.4,!=20.0.5,!=20.0.6,!=20.0.7,>=16.0.0
2022-10-12T19:33:26.2917735Z   Downloading virtualenv-20.16.5-py3-none-any.whl (8.8 MB)
2022-10-12T19:33:26.3831359Z      ‚îÅ‚îÅ‚îÅ‚îÅ‚îÅ‚îÅ‚îÅ‚îÅ‚îÅ‚îÅ‚îÅ‚îÅ‚îÅ‚îÅ‚îÅ‚îÅ‚îÅ‚îÅ‚îÅ‚îÅ‚îÅ‚îÅ‚îÅ‚îÅ‚îÅ‚îÅ‚îÅ‚îÅ‚îÅ‚îÅ‚îÅ‚îÅ‚îÅ‚îÅ‚îÅ‚îÅ‚îÅ‚îÅ‚îÅ‚îÅ 8.8/8.8 MB 99.6 MB/s eta 0:00:00
2022-10-12T19:33:26.4814333Z Collecting pyparsing!=3.0.5,>=2.0.2
2022-10-12T19:33:26.4901962Z   Downloading pyparsing-3.0.9-py3-none-any.whl (98 kB)
2022-10-12T19:33:26.4962678Z      ‚îÅ‚îÅ‚îÅ‚îÅ‚îÅ‚îÅ‚îÅ‚îÅ‚îÅ‚îÅ‚îÅ‚îÅ‚îÅ‚îÅ‚îÅ‚îÅ‚îÅ‚îÅ‚îÅ‚îÅ‚îÅ‚îÅ‚îÅ‚îÅ‚îÅ‚îÅ‚îÅ‚îÅ‚îÅ‚îÅ‚îÅ‚îÅ‚îÅ‚îÅ‚îÅ‚îÅ‚îÅ‚îÅ‚îÅ‚îÅ 98.3/98.3 kB 26.1 MB/s eta 0:00:00
2022-10-12T19:33:26.5618063Z Collecting platformdirs<3,>=2.4
2022-10-12T19:33:26.5727665Z   Downloading platformdirs-2.5.2-py3-none-any.whl (14 kB)
2022-10-12T19:33:26.5974137Z Collecting distlib<1,>=0.3.5
2022-10-12T19:33:26.6069353Z   Downloading distlib-0.3.6-py2.py3-none-any.whl (468 kB)
2022-10-12T19:33:26.6158003Z      ‚îÅ‚îÅ‚îÅ‚îÅ‚îÅ‚îÅ‚îÅ‚îÅ‚îÅ‚îÅ‚îÅ‚îÅ‚îÅ‚îÅ‚îÅ‚îÅ‚îÅ‚îÅ‚îÅ‚îÅ‚îÅ‚îÅ‚îÅ‚îÅ‚îÅ‚îÅ‚îÅ‚îÅ‚îÅ‚îÅ‚îÅ‚îÅ‚îÅ‚îÅ‚îÅ‚îÅ‚îÅ‚îÅ 468.5/468.5 kB 80.4 MB/s eta 0:00:00
2022-10-12T19:33:26.7341796Z Installing collected packages: distlib, tomli, six, pyparsing, py, pluggy, platformdirs, filelock, virtualenv, packaging, tox
2022-10-12T19:33:27.2682191Z Successfully installed distlib-0.3.6 filelock-3.8.0 packaging-21.3 platformdirs-2.5.2 pluggy-1.0.0 py-1.11.0 pyparsing-3.0.9 six-1.16.0 tomli-2.0.1 tox-3.26.0 virtualenv-20.16.5
2022-10-12T19:33:27.8850156Z ##[group]Run tox -e py -- --cov-report=xml
2022-10-12T19:33:27.8850508Z [36;1mtox -e py -- --cov-report=xml[0m
2022-10-12T19:33:27.8902712Z shell: /usr/bin/bash -e {0}
2022-10-12T19:33:27.8902943Z env:
2022-10-12T19:33:27.8903215Z   pythonLocation: /opt/hostedtoolcache/Python/3.8.14/x64
2022-10-12T19:33:27.8903573Z   PKG_CONFIG_PATH: /opt/hostedtoolcache/Python/3.8.14/x64/lib/pkgconfig
2022-10-12T19:33:27.8903916Z   Python_ROOT_DIR: /opt/hostedtoolcache/Python/3.8.14/x64
2022-10-12T19:33:27.8904240Z   Python2_ROOT_DIR: /opt/hostedtoolcache/Python/3.8.14/x64
2022-10-12T19:33:27.8904557Z   Python3_ROOT_DIR: /opt/hostedtoolcache/Python/3.8.14/x64
2022-10-12T19:33:27.8904862Z   LD_LIBRARY_PATH: /opt/hostedtoolcache/Python/3.8.14/x64/lib
2022-10-12T19:33:27.8905126Z ##[endgroup]
2022-10-12T19:33:28.1207145Z .package create: /home/runner/work/tinuous/tinuous/.tox/.package
2022-10-12T19:33:28.8389017Z .package installdeps: setuptools >= 46.4.0, wheel ~= 0.32
2022-10-12T19:33:33.0329010Z warning: no previously-included files matching '*.py[cod]' found anywhere in distribution
2022-10-12T19:33:33.3499337Z warning: no previously-included files matching '*.py[cod]' found anywhere in distribution
2022-10-12T19:33:33.4369421Z py create: /home/runner/work/tinuous/tinuous/.tox/py
2022-10-12T19:33:33.6887719Z py installdeps: pytest~=6.0, pytest-cov~=2.0, pytest-mock~=3.0
2022-10-12T19:33:40.7725925Z py inst: /home/runner/work/tinuous/tinuous/.tox/.tmp/package/1/tinuous-0.5.4+3.g181330a.tar.gz
2022-10-12T19:33:50.1236621Z py installed: attrs==22.1.0,certifi==2022.9.24,cffi==1.15.1,charset-normalizer==2.1.1,click==8.1.3,click-loglevel==0.4.0.post1,coverage==6.5.0,Deprecated==1.2.13,idna==3.4,in-place==0.5.0,iniconfig==1.1.1,packaging==21.3,pluggy==1.0.0,py==1.11.0,pycparser==2.21,pydantic==1.10.2,PyGithub==1.55,PyJWT==2.5.0,PyNaCl==1.5.0,pyparsing==3.0.9,pytest==6.2.5,pytest-cov==2.12.1,pytest-mock==3.10.0,python-dateutil==2.8.2,python-dotenv==0.21.0,PyYAML==5.4.1,requests==2.28.1,six==1.16.0,tinuous @ file:///home/runner/work/tinuous/tinuous/.tox/.tmp/package/1/tinuous-0.5.4%2B3.g181330a.tar.gz,toml==0.10.2,typing_extensions==4.4.0,urllib3==1.26.12,wrapt==1.14.1
2022-10-12T19:33:50.1240255Z py run-test-pre: PYTHONHASHSEED='2448522070'
2022-10-12T19:33:50.1242112Z py run-test: commands[0] | tinuous --help
2022-10-12T19:33:50.3983915Z Usage: tinuous [OPTIONS] COMMAND [ARGS]...
2022-10-12T19:33:50.3984561Z 
2022-10-12T19:33:50.3985257Z   Download build logs from GitHub Actions, Travis, and Appveyor
2022-10-12T19:33:50.3985483Z 
2022-10-12T19:33:50.3985563Z Options:
2022-10-12T19:33:50.3986111Z   -V, --version                   Show the version and exit.
2022-10-12T19:33:50.3986521Z   -c, --config FILE               Read configuration from the given file
2022-10-12T19:33:50.3986844Z                                   [default: tinuous.yaml]
2022-10-12T19:33:50.3987249Z   -E, --env FILE                  Load environment variables from given .env
2022-10-12T19:33:50.3987556Z                                   file
2022-10-12T19:33:50.3987897Z   -l, --log-level [NOTSET|DEBUG|INFO|WARNING|ERROR|CRITICAL]
2022-10-12T19:33:50.3988217Z                                   Set logging level  [default: INFO]
2022-10-12T19:33:50.3988590Z   --help                          Show this message and exit.
2022-10-12T19:33:50.3989030Z 
2022-10-12T19:33:50.3989094Z Commands:
2022-10-12T19:33:50.3989304Z   fetch     Download logs
2022-10-12T19:33:50.3989548Z   sanitize  Sanitize secrets in logs
2022-10-12T19:33:50.4323217Z py run-test: commands[1] | pytest --cov-report=xml test
2022-10-12T19:33:52.2368383Z ============================= test session starts ==============================
2022-10-12T19:33:52.2369126Z platform linux -- Python 3.8.14, pytest-6.2.5, py-1.11.0, pluggy-1.0.0
2022-10-12T19:33:52.2369422Z cachedir: .tox/py/.pytest_cache
2022-10-12T19:33:52.2369728Z rootdir: /home/runner/work/tinuous/tinuous, configfile: tox.ini
2022-10-12T19:33:52.2370087Z plugins: mock-3.10.0, cov-2.12.1
2022-10-12T19:33:52.2370644Z collected 64 items
2022-10-12T19:33:52.2370784Z 
2022-10-12T19:33:52.2522429Z test/test_base.py .........                                              [ 14%]
2022-10-12T19:33:52.2657523Z test/test_config.py ........                                             [ 26%]
2022-10-12T19:33:52.2882687Z test/test_state.py ........                                              [ 39%]
2022-10-12T19:33:52.5956864Z test/test_util.py .......................................                [100%]
2022-10-12T19:33:52.5961331Z 
2022-10-12T19:33:52.5963427Z ---------- coverage: platform linux, python 3.8.14-final-0 -----------
2022-10-12T19:33:52.5965093Z Coverage XML written to file coverage.xml
2022-10-12T19:33:52.5966534Z 
2022-10-12T19:33:52.5967870Z 
2022-10-12T19:33:52.5969275Z ============================== 64 passed in 0.76s ==============================
2022-10-12T19:33:52.6586712Z ___________________________________ summary ____________________________________
2022-10-12T19:33:52.6588379Z   py: commands succeeded
2022-10-12T19:33:52.6589731Z   congratulations :)
2022-10-12T19:33:52.6887860Z ##[group]Run codecov/codecov-action@v3
2022-10-12T19:33:52.6888117Z with:
2022-10-12T19:33:52.6888304Z   fail_ci_if_error: false
2022-10-12T19:33:52.6888527Z env:
2022-10-12T19:33:52.6888790Z   pythonLocation: /opt/hostedtoolcache/Python/3.8.14/x64
2022-10-12T19:33:52.6889134Z   PKG_CONFIG_PATH: /opt/hostedtoolcache/Python/3.8.14/x64/lib/pkgconfig
2022-10-12T19:33:52.6889476Z   Python_ROOT_DIR: /opt/hostedtoolcache/Python/3.8.14/x64
2022-10-12T19:33:52.6889792Z   Python2_ROOT_DIR: /opt/hostedtoolcache/Python/3.8.14/x64
2022-10-12T19:33:52.6890105Z   Python3_ROOT_DIR: /opt/hostedtoolcache/Python/3.8.14/x64
2022-10-12T19:33:52.6890413Z   LD_LIBRARY_PATH: /opt/hostedtoolcache/Python/3.8.14/x64/lib
2022-10-12T19:33:52.6890672Z ##[endgroup]
2022-10-12T19:33:52.8475320Z ==> linux OS detected
2022-10-12T19:33:53.4721959Z https://uploader.codecov.io/latest/linux/codecov.SHA256SUM
2022-10-12T19:33:53.5938751Z ==> SHASUM file signed by key id 806bb28aed779869
2022-10-12T19:33:53.7724246Z ==> Uploader SHASUM verified (20f9c9d78483fce977b6cc39e231a734a23bcd36f4d536bb7355222fb88d02bc  codecov)
2022-10-12T19:33:53.7725045Z ==> Running version latest
2022-10-12T19:33:53.8555246Z ==> Running version v0.3.2
2022-10-12T19:33:53.8578725Z [command]/home/runner/work/_actions/codecov/codecov-action/v3/dist/codecov -n  -Q github-action-3.1.1
2022-10-12T19:33:54.0746369Z [2022-10-12T19:33:54.072Z] ['info'] 
2022-10-12T19:33:54.0749674Z      _____          _
2022-10-12T19:33:54.0750072Z     / ____|        | |
2022-10-12T19:33:54.0759822Z    | |     ___   __| | ___  ___ _____   __
2022-10-12T19:33:54.0763051Z    | |    / _ \ / _` |/ _ \/ __/ _ \ \ / /
2022-10-12T19:33:54.0763330Z    | |___| (_) | (_| |  __/ (_| (_) \ V /
2022-10-12T19:33:54.0763566Z     \_____\___/ \__,_|\___|\___\___/ \_/
2022-10-12T19:33:54.0763716Z 
2022-10-12T19:33:54.0763836Z   Codecov report uploader 0.3.2
2022-10-12T19:33:54.0815677Z [2022-10-12T19:33:54.081Z] ['info'] => Project root located at: /home/runner/work/tinuous/tinuous
2022-10-12T19:33:54.0842445Z [2022-10-12T19:33:54.083Z] ['info'] -> No token specified or token is empty
2022-10-12T19:33:54.0916513Z [2022-10-12T19:33:54.091Z] ['info'] Searching for coverage files...
2022-10-12T19:33:54.1678745Z [2022-10-12T19:33:54.167Z] ['info'] Warning: Some files located via search were excluded from upload.
2022-10-12T19:33:54.1685479Z [2022-10-12T19:33:54.168Z] ['info'] If Codecov did not locate your files, please review https://docs.codecov.com/docs/supported-report-formats
2022-10-12T19:33:54.1690955Z [2022-10-12T19:33:54.168Z] ['info'] => Found 1 possible coverage files:
2022-10-12T19:33:54.1691231Z   coverage.xml
2022-10-12T19:33:54.1694272Z [2022-10-12T19:33:54.169Z] ['info'] Processing /home/runner/work/tinuous/tinuous/coverage.xml...
2022-10-12T19:33:54.1852361Z [2022-10-12T19:33:54.184Z] ['info'] Detected GitHub Actions as the CI provider.
2022-10-12T19:33:54.1868871Z [2022-10-12T19:33:54.186Z] ['info'] Pinging Codecov: https://codecov.io/upload/v4?package=github-action-3.1.1-uploader-0.3.2&token=*******&branch=master&build=3237368345&build_url=https%3A%2F%2Fgithub.com%2Fcon%2Ftinuous%2Factions%2Fruns%2F3237368345&commit=181330a2b66af423ade6489a8f66ab56c33e0255&job=Test&pr=&service=github-actions&slug=con%2Ftinuous&name=&tag=&flags=&parent=
2022-10-12T19:33:54.7702711Z [2022-10-12T19:33:54.769Z] ['info'] https://app.codecov.io/github/con/tinuous/commit/181330a2b66af423ade6489a8f66ab56c33e0255
2022-10-12T19:33:54.7704885Z https://storage.googleapis.com/codecov/v4/raw/2022-10-12/0010CBA6D851417C00BB0BC3FC5895F9/181330a2b66af423ade6489a8f66ab56c33e0255/5eb9c70c-2fb2-401d-b44b-e921c66d2d53.txt?X-Amz-Algorithm=AWS4-HMAC-SHA256&X-Amz-Credential=GOOG1EJOGFN2JQ4OCTGA2MU5AEIT7OT5Z7HTFOAN2SPG4NWSN2UJYOY5U6LZQ%2F20221012%2FUS%2Fs3%2Faws4_request&X-Amz-Date=20221012T193354Z&X-Amz-Expires=10&X-Amz-SignedHeaders=host&X-Amz-Signature=36b00eecc819c030c5289aee7feaf951f1f150d9d6a40fd6fa926b82c368bc00
2022-10-12T19:33:54.7710197Z [2022-10-12T19:33:54.770Z] ['info'] Uploading...
2022-10-12T19:33:54.9970655Z [2022-10-12T19:33:54.996Z] ['info'] {"status":"success","resultURL":"https://app.codecov.io/github/con/tinuous/commit/181330a2b66af423ade6489a8f66ab56c33e0255"}
2022-10-12T19:33:55.0269716Z Post job cleanup.
2022-10-12T19:33:55.1949784Z Post job cleanup.
2022-10-12T19:33:55.3220973Z [command]/usr/bin/git version
2022-10-12T19:33:55.3272829Z git version 2.37.3
2022-10-12T19:33:55.3319133Z Temporarily overriding HOME='/home/runner/work/_temp/3c0c65cc-5633-40b4-810f-899ce783f46d' before making global git config changes
2022-10-12T19:33:55.3320508Z Adding repository directory to the temporary git global config as a safe directory
2022-10-12T19:33:55.3326598Z [command]/usr/bin/git config --global --add safe.directory /home/runner/work/tinuous/tinuous
2022-10-12T19:33:55.3370057Z [command]/usr/bin/git config --local --name-only --get-regexp core\.sshCommand
2022-10-12T19:33:55.3408408Z [command]/usr/bin/git submodule foreach --recursive git config --local --name-only --get-regexp 'core\.sshCommand' && git config --local --unset-all 'core.sshCommand' || :
2022-10-12T19:33:55.3652901Z [command]/usr/bin/git config --local --name-only --get-regexp http\.https\:\/\/github\.com\/\.extraheader
2022-10-12T19:33:55.3684713Z http.https://github.com/.extraheader
2022-10-12T19:33:55.3695189Z [command]/usr/bin/git config --local --unset-all http.https://github.com/.extraheader
2022-10-12T19:33:55.3733325Z [command]/usr/bin/git submodule foreach --recursive git config --local --name-only --get-regexp 'http\.https\:\/\/github\.com\/\.extraheader' && git config --local --unset-all 'http.https://github.com/.extraheader' || :
2022-10-12T19:33:55.4233661Z Cleaning up orphan processes
