2022-11-02T18:39:26.5350992Z Requested labels: ubuntu-latest
2022-11-02T18:39:26.5351060Z Job defined at: con/tinuous/.github/workflows/test.yml@refs/pull/157/merge
2022-11-02T18:39:26.5351086Z Waiting for a runner to pick up this job...
2022-11-02T18:39:27.6294242Z Job is waiting for a hosted runner to come online.
2022-11-02T18:39:31.3105756Z Job is about to start running on the hosted runner: Hosted Agent (hosted)
2022-11-02T18:39:34.0682284Z Current runner version: '2.298.2'
2022-11-02T18:39:34.0717157Z ##[group]Operating System
2022-11-02T18:39:34.0718018Z Ubuntu
2022-11-02T18:39:34.0718331Z 20.04.5
2022-11-02T18:39:34.0718682Z LTS
2022-11-02T18:39:34.0719058Z ##[endgroup]
2022-11-02T18:39:34.0719392Z ##[group]Runner Image
2022-11-02T18:39:34.0720118Z Image: ubuntu-20.04
2022-11-02T18:39:34.0720535Z Version: 20221024.1
2022-11-02T18:39:34.0721152Z Included Software: https://github.com/actions/runner-images/blob/ubuntu20/20221024.1/images/linux/Ubuntu2004-Readme.md
2022-11-02T18:39:34.0721994Z Image Release: https://github.com/actions/runner-images/releases/tag/ubuntu20%2F20221024.1
2022-11-02T18:39:34.0722607Z ##[endgroup]
2022-11-02T18:39:34.0723026Z ##[group]Runner Image Provisioner
2022-11-02T18:39:34.0723395Z 2.0.91.1
2022-11-02T18:39:34.0723775Z ##[endgroup]
2022-11-02T18:39:34.0724984Z ##[group]GITHUB_TOKEN Permissions
2022-11-02T18:39:34.0725959Z Actions: write
2022-11-02T18:39:34.0726314Z Checks: write
2022-11-02T18:39:34.0887799Z Contents: write
2022-11-02T18:39:34.0888514Z Deployments: write
2022-11-02T18:39:34.0888840Z Discussions: write
2022-11-02T18:39:34.0889123Z Issues: write
2022-11-02T18:39:34.0889384Z Metadata: read
2022-11-02T18:39:34.0889661Z Packages: write
2022-11-02T18:39:34.0889938Z Pages: write
2022-11-02T18:39:34.0890215Z PullRequests: write
2022-11-02T18:39:34.0890546Z RepositoryProjects: write
2022-11-02T18:39:34.0890995Z SecurityEvents: write
2022-11-02T18:39:34.0891310Z Statuses: write
2022-11-02T18:39:34.0891633Z ##[endgroup]
2022-11-02T18:39:34.0896960Z Secret source: Actions
2022-11-02T18:39:34.0897469Z Prepare workflow directory
2022-11-02T18:39:34.1954041Z Prepare all required actions
2022-11-02T18:39:34.2201273Z Getting action download info
2022-11-02T18:39:34.5258237Z Download action repository 'actions/checkout@v3' (SHA:93ea575cb5d8a053eaa0ac8fa3b40d7e05a33cc8)
2022-11-02T18:39:35.1026171Z Download action repository 'actions/setup-python@v4' (SHA:13ae5bb136fac2878aff31522b9efb785519f984)
2022-11-02T18:39:35.5644567Z Download action repository 'codecov/codecov-action@v3' (SHA:d9f34f8cd5cb3b3eb79b3e4b5dae3a16df499a70)
2022-11-02T18:39:36.3071011Z ##[group]Run actions/checkout@v3
2022-11-02T18:39:36.3071696Z with:
2022-11-02T18:39:36.3071920Z   fetch-depth: 0
2022-11-02T18:39:36.3072272Z   repository: con/tinuous
2022-11-02T18:39:36.3072745Z   token: ***
2022-11-02T18:39:36.3072983Z   ssh-strict: true
2022-11-02T18:39:36.3073239Z   persist-credentials: true
2022-11-02T18:39:36.3073475Z   clean: true
2022-11-02T18:39:36.3073687Z   lfs: false
2022-11-02T18:39:36.3073910Z   submodules: false
2022-11-02T18:39:36.3074144Z   set-safe-directory: true
2022-11-02T18:39:36.3074397Z ##[endgroup]
2022-11-02T18:39:36.6925608Z Syncing repository: con/tinuous
2022-11-02T18:39:36.6927908Z ##[group]Getting Git version info
2022-11-02T18:39:36.6928467Z Working directory is '/home/runner/work/tinuous/tinuous'
2022-11-02T18:39:36.6929051Z [command]/usr/bin/git version
2022-11-02T18:39:36.7089223Z git version 2.38.1
2022-11-02T18:39:36.7104867Z ##[endgroup]
2022-11-02T18:39:36.7129895Z Temporarily overriding HOME='/home/runner/work/_temp/cb2c0a21-fd23-4e89-bbd9-034adced9d0d' before making global git config changes
2022-11-02T18:39:36.7130739Z Adding repository directory to the temporary git global config as a safe directory
2022-11-02T18:39:36.7138349Z [command]/usr/bin/git config --global --add safe.directory /home/runner/work/tinuous/tinuous
2022-11-02T18:39:36.7198597Z Deleting the contents of '/home/runner/work/tinuous/tinuous'
2022-11-02T18:39:36.7207810Z ##[group]Initializing the repository
2022-11-02T18:39:36.7214038Z [command]/usr/bin/git init /home/runner/work/tinuous/tinuous
2022-11-02T18:39:36.7301562Z hint: Using 'master' as the name for the initial branch. This default branch name
2022-11-02T18:39:36.7302075Z hint: is subject to change. To configure the initial branch name to use in all
2022-11-02T18:39:36.7302559Z hint: of your new repositories, which will suppress this warning, call:
2022-11-02T18:39:36.7303177Z hint: 
2022-11-02T18:39:36.7304395Z hint: 	git config --global init.defaultBranch <name>
2022-11-02T18:39:36.7304712Z hint: 
2022-11-02T18:39:36.7305411Z hint: Names commonly chosen instead of 'master' are 'main', 'trunk' and
2022-11-02T18:39:36.7305948Z hint: 'development'. The just-created branch can be renamed via this command:
2022-11-02T18:39:36.7306245Z hint: 
2022-11-02T18:39:36.7306533Z hint: 	git branch -m <name>
2022-11-02T18:39:36.7330860Z Initialized empty Git repository in /home/runner/work/tinuous/tinuous/.git/
2022-11-02T18:39:36.7342103Z [command]/usr/bin/git remote add origin https://github.com/con/tinuous
2022-11-02T18:39:36.7404130Z ##[endgroup]
2022-11-02T18:39:36.7404756Z ##[group]Disabling automatic garbage collection
2022-11-02T18:39:36.7415012Z [command]/usr/bin/git config --local gc.auto 0
2022-11-02T18:39:36.7458261Z ##[endgroup]
2022-11-02T18:39:36.7459198Z ##[group]Setting up auth
2022-11-02T18:39:36.7471864Z [command]/usr/bin/git config --local --name-only --get-regexp core\.sshCommand
2022-11-02T18:39:36.7511733Z [command]/usr/bin/git submodule foreach --recursive git config --local --name-only --get-regexp 'core\.sshCommand' && git config --local --unset-all 'core.sshCommand' || :
2022-11-02T18:39:36.7964462Z [command]/usr/bin/git config --local --name-only --get-regexp http\.https\:\/\/github\.com\/\.extraheader
2022-11-02T18:39:36.8001926Z [command]/usr/bin/git submodule foreach --recursive git config --local --name-only --get-regexp 'http\.https\:\/\/github\.com\/\.extraheader' && git config --local --unset-all 'http.https://github.com/.extraheader' || :
2022-11-02T18:39:36.8261175Z [command]/usr/bin/git config --local http.https://github.com/.extraheader AUTHORIZATION: basic ***
2022-11-02T18:39:36.8313715Z ##[endgroup]
2022-11-02T18:39:36.8314242Z ##[group]Fetching the repository
2022-11-02T18:39:36.8326289Z [command]/usr/bin/git -c protocol.version=2 fetch --prune --progress --no-recurse-submodules origin +refs/heads/*:refs/remotes/origin/* +refs/tags/*:refs/tags/* +14082454d6e0e803136fd6abe6958355425c19fc:refs/remotes/pull/157/merge
2022-11-02T18:39:37.3099739Z remote: Enumerating objects: 1035, done.        
2022-11-02T18:39:37.3100798Z remote: Counting objects:   0% (1/257)        
2022-11-02T18:39:37.3101813Z remote: Counting objects:   1% (3/257)        
2022-11-02T18:39:37.3105708Z remote: Counting objects:   2% (6/257)        
2022-11-02T18:39:37.3106521Z remote: Counting objects:   3% (8/257)        
2022-11-02T18:39:37.3107347Z remote: Counting objects:   4% (11/257)        
2022-11-02T18:39:37.3108241Z remote: Counting objects:   5% (13/257)        
2022-11-02T18:39:37.3109429Z remote: Counting objects:   6% (16/257)        
2022-11-02T18:39:37.3110288Z remote: Counting objects:   7% (18/257)        
2022-11-02T18:39:37.3111967Z remote: Counting objects:   8% (21/257)        
2022-11-02T18:39:37.3113305Z remote: Counting objects:   9% (24/257)        
2022-11-02T18:39:37.3114676Z remote: Counting objects:  10% (26/257)        
2022-11-02T18:39:37.3115706Z remote: Counting objects:  11% (29/257)        
2022-11-02T18:39:37.3118339Z remote: Counting objects:  12% (31/257)        
2022-11-02T18:39:37.3119734Z remote: Counting objects:  13% (34/257)        
2022-11-02T18:39:37.3121264Z remote: Counting objects:  14% (36/257)        
2022-11-02T18:39:37.3122257Z remote: Counting objects:  15% (39/257)        
2022-11-02T18:39:37.3123107Z remote: Counting objects:  16% (42/257)        
2022-11-02T18:39:37.3123785Z remote: Counting objects:  17% (44/257)        
2022-11-02T18:39:37.3124537Z remote: Counting objects:  18% (47/257)        
2022-11-02T18:39:37.3125226Z remote: Counting objects:  19% (49/257)        
2022-11-02T18:39:37.3125962Z remote: Counting objects:  20% (52/257)        
2022-11-02T18:39:37.3126868Z remote: Counting objects:  21% (54/257)        
2022-11-02T18:39:37.3128165Z remote: Counting objects:  22% (57/257)        
2022-11-02T18:39:37.3128984Z remote: Counting objects:  23% (60/257)        
2022-11-02T18:39:37.3129818Z remote: Counting objects:  24% (62/257)        
2022-11-02T18:39:37.3130617Z remote: Counting objects:  25% (65/257)        
2022-11-02T18:39:37.3131430Z remote: Counting objects:  26% (67/257)        
2022-11-02T18:39:37.3132044Z remote: Counting objects:  27% (70/257)        
2022-11-02T18:39:37.3132769Z remote: Counting objects:  28% (72/257)        
2022-11-02T18:39:37.3133311Z remote: Counting objects:  29% (75/257)        
2022-11-02T18:39:37.3133934Z remote: Counting objects:  30% (78/257)        
2022-11-02T18:39:37.3134586Z remote: Counting objects:  31% (80/257)        
2022-11-02T18:39:37.3135189Z remote: Counting objects:  32% (83/257)        
2022-11-02T18:39:37.3135841Z remote: Counting objects:  33% (85/257)        
2022-11-02T18:39:37.3136450Z remote: Counting objects:  34% (88/257)        
2022-11-02T18:39:37.3137118Z remote: Counting objects:  35% (90/257)        
2022-11-02T18:39:37.3137733Z remote: Counting objects:  36% (93/257)        
2022-11-02T18:39:37.3138362Z remote: Counting objects:  37% (96/257)        
2022-11-02T18:39:37.3138990Z remote: Counting objects:  38% (98/257)        
2022-11-02T18:39:37.3140039Z remote: Counting objects:  39% (101/257)        
2022-11-02T18:39:37.3141458Z remote: Counting objects:  40% (103/257)        
2022-11-02T18:39:37.3142295Z remote: Counting objects:  41% (106/257)        
2022-11-02T18:39:37.3143252Z remote: Counting objects:  42% (108/257)        
2022-11-02T18:39:37.3143919Z remote: Counting objects:  43% (111/257)        
2022-11-02T18:39:37.3144621Z remote: Counting objects:  44% (114/257)        
2022-11-02T18:39:37.3145404Z remote: Counting objects:  45% (116/257)        
2022-11-02T18:39:37.3146025Z remote: Counting objects:  46% (119/257)        
2022-11-02T18:39:37.3146676Z remote: Counting objects:  47% (121/257)        
2022-11-02T18:39:37.3147304Z remote: Counting objects:  48% (124/257)        
2022-11-02T18:39:37.3147918Z remote: Counting objects:  49% (126/257)        
2022-11-02T18:39:37.3148586Z remote: Counting objects:  50% (129/257)        
2022-11-02T18:39:37.3149171Z remote: Counting objects:  51% (132/257)        
2022-11-02T18:39:37.3149960Z remote: Counting objects:  52% (134/257)        
2022-11-02T18:39:37.3150726Z remote: Counting objects:  53% (137/257)        
2022-11-02T18:39:37.3151427Z remote: Counting objects:  54% (139/257)        
2022-11-02T18:39:37.3152103Z remote: Counting objects:  55% (142/257)        
2022-11-02T18:39:37.3152860Z remote: Counting objects:  56% (144/257)        
2022-11-02T18:39:37.3155555Z remote: Counting objects:  57% (147/257)        
2022-11-02T18:39:37.3156079Z remote: Counting objects:  58% (150/257)        
2022-11-02T18:39:37.3156867Z remote: Counting objects:  59% (152/257)        
2022-11-02T18:39:37.3157202Z remote: Counting objects:  60% (155/257)        
2022-11-02T18:39:37.3157485Z remote: Counting objects:  61% (157/257)        
2022-11-02T18:39:37.3157766Z remote: Counting objects:  62% (160/257)        
2022-11-02T18:39:37.3158030Z remote: Counting objects:  63% (162/257)        
2022-11-02T18:39:37.3158530Z remote: Counting objects:  64% (165/257)        
2022-11-02T18:39:37.3158955Z remote: Counting objects:  65% (168/257)        
2022-11-02T18:39:37.3159243Z remote: Counting objects:  66% (170/257)        
2022-11-02T18:39:37.3159512Z remote: Counting objects:  67% (173/257)        
2022-11-02T18:39:37.3159795Z remote: Counting objects:  68% (175/257)        
2022-11-02T18:39:37.3160077Z remote: Counting objects:  69% (178/257)        
2022-11-02T18:39:37.3160344Z remote: Counting objects:  70% (180/257)        
2022-11-02T18:39:37.3160627Z remote: Counting objects:  71% (183/257)        
2022-11-02T18:39:37.3160908Z remote: Counting objects:  72% (186/257)        
2022-11-02T18:39:37.3161294Z remote: Counting objects:  73% (188/257)        
2022-11-02T18:39:37.3161690Z remote: Counting objects:  74% (191/257)        
2022-11-02T18:39:37.3162107Z remote: Counting objects:  75% (193/257)        
2022-11-02T18:39:37.3162398Z remote: Counting objects:  76% (196/257)        
2022-11-02T18:39:37.3162670Z remote: Counting objects:  77% (198/257)        
2022-11-02T18:39:37.3163210Z remote: Counting objects:  78% (201/257)        
2022-11-02T18:39:37.3163508Z remote: Counting objects:  79% (204/257)        
2022-11-02T18:39:37.3163784Z remote: Counting objects:  80% (206/257)        
2022-11-02T18:39:37.3164071Z remote: Counting objects:  81% (209/257)        
2022-11-02T18:39:37.3164362Z remote: Counting objects:  82% (211/257)        
2022-11-02T18:39:37.3164634Z remote: Counting objects:  83% (214/257)        
2022-11-02T18:39:37.3164920Z remote: Counting objects:  84% (216/257)        
2022-11-02T18:39:37.3165315Z remote: Counting objects:  85% (219/257)        
2022-11-02T18:39:37.3165578Z remote: Counting objects:  86% (222/257)        
2022-11-02T18:39:37.3165861Z remote: Counting objects:  87% (224/257)        
2022-11-02T18:39:37.3166138Z remote: Counting objects:  88% (227/257)        
2022-11-02T18:39:37.3166415Z remote: Counting objects:  89% (229/257)        
2022-11-02T18:39:37.3166678Z remote: Counting objects:  90% (232/257)        
2022-11-02T18:39:37.3166963Z remote: Counting objects:  91% (234/257)        
2022-11-02T18:39:37.3168508Z remote: Counting objects:  92% (237/257)        
2022-11-02T18:39:37.3168977Z remote: Counting objects:  93% (240/257)        
2022-11-02T18:39:37.3169381Z remote: Counting objects:  94% (242/257)        
2022-11-02T18:39:37.3233230Z remote: Counting objects:  95% (245/257)        
2022-11-02T18:39:37.3234043Z remote: Counting objects:  96% (247/257)        
2022-11-02T18:39:37.3234337Z remote: Counting objects:  97% (250/257)        
2022-11-02T18:39:37.3234621Z remote: Counting objects:  98% (252/257)        
2022-11-02T18:39:37.3234901Z remote: Counting objects:  99% (255/257)        
2022-11-02T18:39:37.3235181Z remote: Counting objects: 100% (257/257)        
2022-11-02T18:39:37.3235462Z remote: Counting objects: 100% (257/257), done.        
2022-11-02T18:39:37.3235771Z remote: Compressing objects:   0% (1/176)        
2022-11-02T18:39:37.3236065Z remote: Compressing objects:   1% (2/176)        
2022-11-02T18:39:37.3236353Z remote: Compressing objects:   2% (4/176)        
2022-11-02T18:39:37.3236926Z remote: Compressing objects:   3% (6/176)        
2022-11-02T18:39:37.3237352Z remote: Compressing objects:   4% (8/176)        
2022-11-02T18:39:37.3237623Z remote: Compressing objects:   5% (9/176)        
2022-11-02T18:39:37.3238065Z remote: Compressing objects:   6% (11/176)        
2022-11-02T18:39:37.3238380Z remote: Compressing objects:   7% (13/176)        
2022-11-02T18:39:37.3238675Z remote: Compressing objects:   8% (15/176)        
2022-11-02T18:39:37.3238951Z remote: Compressing objects:   9% (16/176)        
2022-11-02T18:39:37.3239242Z remote: Compressing objects:  10% (18/176)        
2022-11-02T18:39:37.3239773Z remote: Compressing objects:  11% (20/176)        
2022-11-02T18:39:37.3240068Z remote: Compressing objects:  12% (22/176)        
2022-11-02T18:39:37.3240376Z remote: Compressing objects:  13% (23/176)        
2022-11-02T18:39:37.3240683Z remote: Compressing objects:  14% (25/176)        
2022-11-02T18:39:37.3240979Z remote: Compressing objects:  15% (27/176)        
2022-11-02T18:39:37.3241292Z remote: Compressing objects:  16% (29/176)        
2022-11-02T18:39:37.3241598Z remote: Compressing objects:  17% (30/176)        
2022-11-02T18:39:37.3241889Z remote: Compressing objects:  18% (32/176)        
2022-11-02T18:39:37.3242197Z remote: Compressing objects:  19% (34/176)        
2022-11-02T18:39:37.3242503Z remote: Compressing objects:  20% (36/176)        
2022-11-02T18:39:37.3242807Z remote: Compressing objects:  21% (37/176)        
2022-11-02T18:39:37.3243429Z remote: Compressing objects:  22% (39/176)        
2022-11-02T18:39:37.3243699Z remote: Compressing objects:  23% (41/176)        
2022-11-02T18:39:37.3243970Z remote: Compressing objects:  24% (43/176)        
2022-11-02T18:39:37.3244222Z remote: Compressing objects:  25% (44/176)        
2022-11-02T18:39:37.3244491Z remote: Compressing objects:  26% (46/176)        
2022-11-02T18:39:37.3244759Z remote: Compressing objects:  27% (48/176)        
2022-11-02T18:39:37.3245146Z remote: Compressing objects:  28% (50/176)        
2022-11-02T18:39:37.3245418Z remote: Compressing objects:  29% (52/176)        
2022-11-02T18:39:37.3245688Z remote: Compressing objects:  30% (53/176)        
2022-11-02T18:39:37.3245959Z remote: Compressing objects:  31% (55/176)        
2022-11-02T18:39:37.3246484Z remote: Compressing objects:  32% (57/176)        
2022-11-02T18:39:37.3246778Z remote: Compressing objects:  33% (59/176)        
2022-11-02T18:39:37.3247065Z remote: Compressing objects:  34% (60/176)        
2022-11-02T18:39:37.3247507Z remote: Compressing objects:  35% (62/176)        
2022-11-02T18:39:37.3247801Z remote: Compressing objects:  36% (64/176)        
2022-11-02T18:39:37.3248322Z remote: Compressing objects:  37% (66/176)        
2022-11-02T18:39:37.3248614Z remote: Compressing objects:  38% (67/176)        
2022-11-02T18:39:37.3248920Z remote: Compressing objects:  39% (69/176)        
2022-11-02T18:39:37.3249225Z remote: Compressing objects:  40% (71/176)        
2022-11-02T18:39:37.3249540Z remote: Compressing objects:  41% (73/176)        
2022-11-02T18:39:37.3249830Z remote: Compressing objects:  42% (74/176)        
2022-11-02T18:39:37.3250140Z remote: Compressing objects:  43% (76/176)        
2022-11-02T18:39:37.3250448Z remote: Compressing objects:  44% (78/176)        
2022-11-02T18:39:37.3250736Z remote: Compressing objects:  45% (80/176)        
2022-11-02T18:39:37.3251043Z remote: Compressing objects:  46% (81/176)        
2022-11-02T18:39:37.3251510Z remote: Compressing objects:  47% (83/176)        
2022-11-02T18:39:37.3251806Z remote: Compressing objects:  48% (85/176)        
2022-11-02T18:39:37.3252114Z remote: Compressing objects:  49% (87/176)        
2022-11-02T18:39:37.3252425Z remote: Compressing objects:  50% (88/176)        
2022-11-02T18:39:37.3252714Z remote: Compressing objects:  51% (90/176)        
2022-11-02T18:39:37.3253022Z remote: Compressing objects:  52% (92/176)        
2022-11-02T18:39:37.3253335Z remote: Compressing objects:  53% (94/176)        
2022-11-02T18:39:37.3253769Z remote: Compressing objects:  54% (96/176)        
2022-11-02T18:39:37.3254323Z remote: Compressing objects:  55% (97/176)        
2022-11-02T18:39:37.3254734Z remote: Compressing objects:  56% (99/176)        
2022-11-02T18:39:37.3255035Z remote: Compressing objects:  57% (101/176)        
2022-11-02T18:39:37.3255327Z remote: Compressing objects:  58% (103/176)        
2022-11-02T18:39:37.3255630Z remote: Compressing objects:  59% (104/176)        
2022-11-02T18:39:37.3255936Z remote: Compressing objects:  60% (106/176)        
2022-11-02T18:39:37.3256339Z remote: Compressing objects:  61% (108/176)        
2022-11-02T18:39:37.3256655Z remote: Compressing objects:  62% (110/176)        
2022-11-02T18:39:37.3256967Z remote: Compressing objects:  63% (111/176)        
2022-11-02T18:39:37.3257279Z remote: Compressing objects:  64% (113/176)        
2022-11-02T18:39:37.3257569Z remote: Compressing objects:  65% (115/176)        
2022-11-02T18:39:37.3257886Z remote: Compressing objects:  66% (117/176)        
2022-11-02T18:39:37.3258299Z remote: Compressing objects:  67% (118/176)        
2022-11-02T18:39:37.3258704Z remote: Compressing objects:  68% (120/176)        
2022-11-02T18:39:37.3259014Z remote: Compressing objects:  69% (122/176)        
2022-11-02T18:39:37.3259321Z remote: Compressing objects:  70% (124/176)        
2022-11-02T18:39:37.3259611Z remote: Compressing objects:  71% (125/176)        
2022-11-02T18:39:37.3259921Z remote: Compressing objects:  72% (127/176)        
2022-11-02T18:39:37.3260226Z remote: Compressing objects:  73% (129/176)        
2022-11-02T18:39:37.3260517Z remote: Compressing objects:  74% (131/176)        
2022-11-02T18:39:37.3260823Z remote: Compressing objects:  75% (132/176)        
2022-11-02T18:39:37.3261133Z remote: Compressing objects:  76% (134/176)        
2022-11-02T18:39:37.3261466Z remote: Compressing objects:  77% (136/176)        
2022-11-02T18:39:37.3261821Z remote: Compressing objects:  78% (138/176)        
2022-11-02T18:39:37.3262285Z remote: Compressing objects:  79% (140/176)        
2022-11-02T18:39:37.3262593Z remote: Compressing objects:  80% (141/176)        
2022-11-02T18:39:37.3262886Z remote: Compressing objects:  81% (143/176)        
2022-11-02T18:39:37.3263194Z remote: Compressing objects:  82% (145/176)        
2022-11-02T18:39:37.3263500Z remote: Compressing objects:  83% (147/176)        
2022-11-02T18:39:37.3263792Z remote: Compressing objects:  84% (148/176)        
2022-11-02T18:39:37.3264099Z remote: Compressing objects:  85% (150/176)        
2022-11-02T18:39:37.3264406Z remote: Compressing objects:  86% (152/176)        
2022-11-02T18:39:37.3264714Z remote: Compressing objects:  87% (154/176)        
2022-11-02T18:39:37.3265003Z remote: Compressing objects:  88% (155/176)        
2022-11-02T18:39:37.3265416Z remote: Compressing objects:  89% (157/176)        
2022-11-02T18:39:37.3265731Z remote: Compressing objects:  90% (159/176)        
2022-11-02T18:39:37.3266036Z remote: Compressing objects:  91% (161/176)        
2022-11-02T18:39:37.3266454Z remote: Compressing objects:  92% (162/176)        
2022-11-02T18:39:37.3266725Z remote: Compressing objects:  93% (164/176)        
2022-11-02T18:39:37.3267013Z remote: Compressing objects:  94% (166/176)        
2022-11-02T18:39:37.3267299Z remote: Compressing objects:  95% (168/176)        
2022-11-02T18:39:37.3267567Z remote: Compressing objects:  96% (169/176)        
2022-11-02T18:39:37.3267853Z remote: Compressing objects:  97% (171/176)        
2022-11-02T18:39:37.3268140Z remote: Compressing objects:  98% (173/176)        
2022-11-02T18:39:37.3268411Z remote: Compressing objects:  99% (175/176)        
2022-11-02T18:39:37.3268698Z remote: Compressing objects: 100% (176/176)        
2022-11-02T18:39:37.3269000Z remote: Compressing objects: 100% (176/176), done.        
2022-11-02T18:39:37.3269556Z Receiving objects:   0% (1/1035)
2022-11-02T18:39:37.3270127Z Receiving objects:   1% (11/1035)
2022-11-02T18:39:37.3270392Z Receiving objects:   2% (21/1035)
2022-11-02T18:39:37.3270751Z Receiving objects:   3% (32/1035)
2022-11-02T18:39:37.3274399Z Receiving objects:   4% (42/1035)
2022-11-02T18:39:37.3277695Z Receiving objects:   5% (52/1035)
2022-11-02T18:39:37.3278900Z Receiving objects:   6% (63/1035)
2022-11-02T18:39:37.3280872Z Receiving objects:   7% (73/1035)
2022-11-02T18:39:37.3288114Z Receiving objects:   8% (83/1035)
2022-11-02T18:39:37.3289020Z Receiving objects:   9% (94/1035)
2022-11-02T18:39:37.3314368Z Receiving objects:  10% (104/1035)
2022-11-02T18:39:37.3314892Z Receiving objects:  11% (114/1035)
2022-11-02T18:39:37.3315140Z Receiving objects:  12% (125/1035)
2022-11-02T18:39:37.3315680Z Receiving objects:  13% (135/1035)
2022-11-02T18:39:37.3319688Z Receiving objects:  14% (145/1035)
2022-11-02T18:39:37.3321462Z Receiving objects:  15% (156/1035)
2022-11-02T18:39:37.3321881Z Receiving objects:  16% (166/1035)
2022-11-02T18:39:37.3322155Z Receiving objects:  17% (176/1035)
2022-11-02T18:39:37.3322419Z Receiving objects:  18% (187/1035)
2022-11-02T18:39:37.3325733Z Receiving objects:  19% (197/1035)
2022-11-02T18:39:37.3326240Z Receiving objects:  20% (207/1035)
2022-11-02T18:39:37.3327453Z Receiving objects:  21% (218/1035)
2022-11-02T18:39:37.3327945Z Receiving objects:  22% (228/1035)
2022-11-02T18:39:37.3328760Z Receiving objects:  23% (239/1035)
2022-11-02T18:39:37.3359122Z Receiving objects:  24% (249/1035)
2022-11-02T18:39:37.3364212Z Receiving objects:  25% (259/1035)
2022-11-02T18:39:37.3366036Z Receiving objects:  26% (270/1035)
2022-11-02T18:39:37.3366571Z Receiving objects:  27% (280/1035)
2022-11-02T18:39:37.3373180Z Receiving objects:  28% (290/1035)
2022-11-02T18:39:37.3373727Z Receiving objects:  29% (301/1035)
2022-11-02T18:39:37.3374438Z Receiving objects:  30% (311/1035)
2022-11-02T18:39:37.3375084Z Receiving objects:  31% (321/1035)
2022-11-02T18:39:37.3375691Z Receiving objects:  32% (332/1035)
2022-11-02T18:39:37.3376320Z Receiving objects:  33% (342/1035)
2022-11-02T18:39:37.3376996Z Receiving objects:  34% (352/1035)
2022-11-02T18:39:37.3377611Z Receiving objects:  35% (363/1035)
2022-11-02T18:39:37.3378229Z Receiving objects:  36% (373/1035)
2022-11-02T18:39:37.3378864Z Receiving objects:  37% (383/1035)
2022-11-02T18:39:37.3379482Z Receiving objects:  38% (394/1035)
2022-11-02T18:39:37.3385346Z Receiving objects:  39% (404/1035)
2022-11-02T18:39:37.3385980Z Receiving objects:  40% (414/1035)
2022-11-02T18:39:37.3386577Z Receiving objects:  41% (425/1035)
2022-11-02T18:39:37.3387332Z Receiving objects:  42% (435/1035)
2022-11-02T18:39:37.3388013Z Receiving objects:  43% (446/1035)
2022-11-02T18:39:37.3388788Z Receiving objects:  44% (456/1035)
2022-11-02T18:39:37.3389406Z Receiving objects:  45% (466/1035)
2022-11-02T18:39:37.3389990Z Receiving objects:  46% (477/1035)
2022-11-02T18:39:37.3390509Z Receiving objects:  47% (487/1035)
2022-11-02T18:39:37.3391235Z Receiving objects:  48% (497/1035)
2022-11-02T18:39:37.3409880Z Receiving objects:  49% (508/1035)
2022-11-02T18:39:37.3410296Z Receiving objects:  50% (518/1035)
2022-11-02T18:39:37.3467527Z Receiving objects:  51% (528/1035)
2022-11-02T18:39:37.3467844Z Receiving objects:  52% (539/1035)
2022-11-02T18:39:37.3468120Z Receiving objects:  53% (549/1035)
2022-11-02T18:39:37.3468372Z Receiving objects:  54% (559/1035)
2022-11-02T18:39:37.3468648Z Receiving objects:  55% (570/1035)
2022-11-02T18:39:37.3468916Z Receiving objects:  56% (580/1035)
2022-11-02T18:39:37.3469167Z Receiving objects:  57% (590/1035)
2022-11-02T18:39:37.3469442Z Receiving objects:  58% (601/1035)
2022-11-02T18:39:37.3469706Z Receiving objects:  59% (611/1035)
2022-11-02T18:39:37.3469970Z Receiving objects:  60% (621/1035)
2022-11-02T18:39:37.3470217Z Receiving objects:  61% (632/1035)
2022-11-02T18:39:37.3470482Z Receiving objects:  62% (642/1035)
2022-11-02T18:39:37.3470745Z Receiving objects:  63% (653/1035)
2022-11-02T18:39:37.3481478Z Receiving objects:  64% (663/1035)
2022-11-02T18:39:37.3481782Z Receiving objects:  65% (673/1035)
2022-11-02T18:39:37.3482176Z Receiving objects:  66% (684/1035)
2022-11-02T18:39:37.3482648Z Receiving objects:  67% (694/1035)
2022-11-02T18:39:37.3485373Z Receiving objects:  68% (704/1035)
2022-11-02T18:39:37.3508791Z Receiving objects:  69% (715/1035)
2022-11-02T18:39:37.3513969Z Receiving objects:  70% (725/1035)
2022-11-02T18:39:37.3514257Z Receiving objects:  71% (735/1035)
2022-11-02T18:39:37.3514953Z Receiving objects:  72% (746/1035)
2022-11-02T18:39:37.3515722Z Receiving objects:  73% (756/1035)
2022-11-02T18:39:37.3532850Z Receiving objects:  74% (766/1035)
2022-11-02T18:39:37.3534095Z Receiving objects:  75% (777/1035)
2022-11-02T18:39:37.3536086Z Receiving objects:  76% (787/1035)
2022-11-02T18:39:37.3536911Z Receiving objects:  77% (797/1035)
2022-11-02T18:39:37.3538260Z Receiving objects:  78% (808/1035)
2022-11-02T18:39:37.3539098Z Receiving objects:  79% (818/1035)
2022-11-02T18:39:37.3540045Z Receiving objects:  80% (828/1035)
2022-11-02T18:39:37.3540921Z Receiving objects:  81% (839/1035)
2022-11-02T18:39:37.3562473Z Receiving objects:  82% (849/1035)
2022-11-02T18:39:37.3563329Z Receiving objects:  83% (860/1035)
2022-11-02T18:39:37.3564377Z Receiving objects:  84% (870/1035)
2022-11-02T18:39:37.3565159Z Receiving objects:  85% (880/1035)
2022-11-02T18:39:37.3566256Z Receiving objects:  86% (891/1035)
2022-11-02T18:39:37.3567064Z Receiving objects:  87% (901/1035)
2022-11-02T18:39:37.3568490Z Receiving objects:  88% (911/1035)
2022-11-02T18:39:37.3584318Z Receiving objects:  89% (922/1035)
2022-11-02T18:39:37.3585689Z Receiving objects:  90% (932/1035)
2022-11-02T18:39:37.3586442Z Receiving objects:  91% (942/1035)
2022-11-02T18:39:37.3587487Z Receiving objects:  92% (953/1035)
2022-11-02T18:39:37.3588392Z Receiving objects:  93% (963/1035)
2022-11-02T18:39:37.3589307Z Receiving objects:  94% (973/1035)
2022-11-02T18:39:37.3590152Z Receiving objects:  95% (984/1035)
2022-11-02T18:39:37.3591028Z Receiving objects:  96% (994/1035)
2022-11-02T18:39:37.3592127Z Receiving objects:  97% (1004/1035)
2022-11-02T18:39:37.3654711Z Receiving objects:  98% (1015/1035)
2022-11-02T18:39:37.3655498Z Receiving objects:  99% (1025/1035)
2022-11-02T18:39:37.3656194Z remote: Total 1035 (delta 93), reused 106 (delta 71), pack-reused 778        
2022-11-02T18:39:37.3656757Z Receiving objects: 100% (1035/1035)
2022-11-02T18:39:37.3657734Z Receiving objects: 100% (1035/1035), 262.58 KiB | 6.25 MiB/s, done.
2022-11-02T18:39:37.3659765Z Resolving deltas:   0% (0/562)
2022-11-02T18:39:37.3666028Z Resolving deltas:   1% (6/562)
2022-11-02T18:39:37.3667351Z Resolving deltas:   2% (12/562)
2022-11-02T18:39:37.3667758Z Resolving deltas:   3% (17/562)
2022-11-02T18:39:37.3668172Z Resolving deltas:   4% (23/562)
2022-11-02T18:39:37.3668565Z Resolving deltas:   5% (29/562)
2022-11-02T18:39:37.3668935Z Resolving deltas:   6% (34/562)
2022-11-02T18:39:37.3671275Z Resolving deltas:   7% (40/562)
2022-11-02T18:39:37.3677244Z Resolving deltas:   8% (45/562)
2022-11-02T18:39:37.3681903Z Resolving deltas:   9% (51/562)
2022-11-02T18:39:37.3685335Z Resolving deltas:  10% (57/562)
2022-11-02T18:39:37.3689323Z Resolving deltas:  11% (62/562)
2022-11-02T18:39:37.3691696Z Resolving deltas:  12% (68/562)
2022-11-02T18:39:37.3693831Z Resolving deltas:  13% (74/562)
2022-11-02T18:39:37.3696876Z Resolving deltas:  14% (79/562)
2022-11-02T18:39:37.3698735Z Resolving deltas:  15% (85/562)
2022-11-02T18:39:37.3700859Z Resolving deltas:  16% (90/562)
2022-11-02T18:39:37.3703087Z Resolving deltas:  17% (96/562)
2022-11-02T18:39:37.3705509Z Resolving deltas:  18% (102/562)
2022-11-02T18:39:37.3713654Z Resolving deltas:  19% (107/562)
2022-11-02T18:39:37.3715308Z Resolving deltas:  20% (113/562)
2022-11-02T18:39:37.3715953Z Resolving deltas:  21% (119/562)
2022-11-02T18:39:37.3716597Z Resolving deltas:  22% (124/562)
2022-11-02T18:39:37.3717238Z Resolving deltas:  23% (130/562)
2022-11-02T18:39:37.3717949Z Resolving deltas:  24% (135/562)
2022-11-02T18:39:37.3718563Z Resolving deltas:  25% (141/562)
2022-11-02T18:39:37.3719199Z Resolving deltas:  26% (147/562)
2022-11-02T18:39:37.3719841Z Resolving deltas:  27% (152/562)
2022-11-02T18:39:37.3720537Z Resolving deltas:  28% (158/562)
2022-11-02T18:39:37.3721542Z Resolving deltas:  29% (163/562)
2022-11-02T18:39:37.3721944Z Resolving deltas:  30% (169/562)
2022-11-02T18:39:37.3722207Z Resolving deltas:  31% (175/562)
2022-11-02T18:39:37.3722456Z Resolving deltas:  32% (180/562)
2022-11-02T18:39:37.3722713Z Resolving deltas:  33% (186/562)
2022-11-02T18:39:37.3722974Z Resolving deltas:  34% (192/562)
2022-11-02T18:39:37.3723216Z Resolving deltas:  35% (197/562)
2022-11-02T18:39:37.3723615Z Resolving deltas:  36% (203/562)
2022-11-02T18:39:37.3724721Z Resolving deltas:  37% (208/562)
2022-11-02T18:39:37.3729228Z Resolving deltas:  38% (214/562)
2022-11-02T18:39:37.3731802Z Resolving deltas:  39% (220/562)
2022-11-02T18:39:37.3734823Z Resolving deltas:  40% (225/562)
2022-11-02T18:39:37.3735118Z Resolving deltas:  41% (232/562)
2022-11-02T18:39:37.3739763Z Resolving deltas:  42% (237/562)
2022-11-02T18:39:37.3740064Z Resolving deltas:  43% (242/562)
2022-11-02T18:39:37.3743057Z Resolving deltas:  44% (248/562)
2022-11-02T18:39:37.3743338Z Resolving deltas:  45% (253/562)
2022-11-02T18:39:37.3746004Z Resolving deltas:  46% (259/562)
2022-11-02T18:39:37.3746295Z Resolving deltas:  47% (265/562)
2022-11-02T18:39:37.3753125Z Resolving deltas:  48% (270/562)
2022-11-02T18:39:37.3758528Z Resolving deltas:  49% (276/562)
2022-11-02T18:39:37.3764363Z Resolving deltas:  50% (281/562)
2022-11-02T18:39:37.3769458Z Resolving deltas:  51% (287/562)
2022-11-02T18:39:37.3772849Z Resolving deltas:  52% (293/562)
2022-11-02T18:39:37.3778428Z Resolving deltas:  53% (298/562)
2022-11-02T18:39:37.3782158Z Resolving deltas:  54% (304/562)
2022-11-02T18:39:37.3783641Z Resolving deltas:  55% (310/562)
2022-11-02T18:39:37.3788694Z Resolving deltas:  56% (315/562)
2022-11-02T18:39:37.3792652Z Resolving deltas:  57% (321/562)
2022-11-02T18:39:37.3799902Z Resolving deltas:  58% (326/562)
2022-11-02T18:39:37.3805562Z Resolving deltas:  59% (332/562)
2022-11-02T18:39:37.3806053Z Resolving deltas:  60% (338/562)
2022-11-02T18:39:37.3810738Z Resolving deltas:  61% (343/562)
2022-11-02T18:39:37.3815846Z Resolving deltas:  62% (349/562)
2022-11-02T18:39:37.3821928Z Resolving deltas:  63% (355/562)
2022-11-02T18:39:37.3833618Z Resolving deltas:  64% (360/562)
2022-11-02T18:39:37.3834592Z Resolving deltas:  65% (366/562)
2022-11-02T18:39:37.3840129Z Resolving deltas:  66% (371/562)
2022-11-02T18:39:37.3842849Z Resolving deltas:  67% (377/562)
2022-11-02T18:39:37.3846245Z Resolving deltas:  68% (383/562)
2022-11-02T18:39:37.3850309Z Resolving deltas:  69% (388/562)
2022-11-02T18:39:37.3852868Z Resolving deltas:  70% (394/562)
2022-11-02T18:39:37.3857542Z Resolving deltas:  71% (400/562)
2022-11-02T18:39:37.3862963Z Resolving deltas:  72% (405/562)
2022-11-02T18:39:37.3865288Z Resolving deltas:  73% (411/562)
2022-11-02T18:39:37.3870974Z Resolving deltas:  74% (416/562)
2022-11-02T18:39:37.3871567Z Resolving deltas:  75% (422/562)
2022-11-02T18:39:37.3871954Z Resolving deltas:  76% (428/562)
2022-11-02T18:39:37.3873056Z Resolving deltas:  77% (433/562)
2022-11-02T18:39:37.3873652Z Resolving deltas:  78% (439/562)
2022-11-02T18:39:37.3875634Z Resolving deltas:  79% (444/562)
2022-11-02T18:39:37.3875919Z Resolving deltas:  80% (450/562)
2022-11-02T18:39:37.3876590Z Resolving deltas:  81% (456/562)
2022-11-02T18:39:37.3876899Z Resolving deltas:  82% (461/562)
2022-11-02T18:39:37.3877212Z Resolving deltas:  83% (467/562)
2022-11-02T18:39:37.3877893Z Resolving deltas:  84% (473/562)
2022-11-02T18:39:37.3878164Z Resolving deltas:  85% (478/562)
2022-11-02T18:39:37.3880082Z Resolving deltas:  86% (484/562)
2022-11-02T18:39:37.3882079Z Resolving deltas:  87% (489/562)
2022-11-02T18:39:37.3886739Z Resolving deltas:  88% (495/562)
2022-11-02T18:39:37.3889434Z Resolving deltas:  89% (501/562)
2022-11-02T18:39:37.3891178Z Resolving deltas:  90% (506/562)
2022-11-02T18:39:37.3892849Z Resolving deltas:  91% (512/562)
2022-11-02T18:39:37.3901774Z Resolving deltas:  92% (518/562)
2022-11-02T18:39:37.3902083Z Resolving deltas:  93% (523/562)
2022-11-02T18:39:37.3910909Z Resolving deltas:  94% (529/562)
2022-11-02T18:39:37.3912046Z Resolving deltas:  95% (534/562)
2022-11-02T18:39:37.3912554Z Resolving deltas:  96% (540/562)
2022-11-02T18:39:37.3921433Z Resolving deltas:  97% (546/562)
2022-11-02T18:39:37.3928336Z Resolving deltas:  98% (551/562)
2022-11-02T18:39:37.3939467Z Resolving deltas:  99% (557/562)
2022-11-02T18:39:37.3939973Z Resolving deltas: 100% (562/562)
2022-11-02T18:39:37.3940713Z Resolving deltas: 100% (562/562), done.
2022-11-02T18:39:37.4198081Z From https://github.com/con/tinuous
2022-11-02T18:39:37.4200005Z  * [new branch]      gh-150b                                  -> origin/gh-150b
2022-11-02T18:39:37.4202100Z  * [new branch]      gh-55                                    -> origin/gh-55
2022-11-02T18:39:37.4202563Z  * [new branch]      master                                   -> origin/master
2022-11-02T18:39:37.4203064Z  * [new branch]      no-extra-search                          -> origin/no-extra-search
2022-11-02T18:39:37.4203589Z  * [new branch]      py3.11                                   -> origin/py3.11
2022-11-02T18:39:37.4204076Z  * [new branch]      test-appveyor                            -> origin/test-appveyor
2022-11-02T18:39:37.4204511Z  * [new tag]         0.1.0                                    -> 0.1.0
2022-11-02T18:39:37.4204912Z  * [new tag]         0.2.0                                    -> 0.2.0
2022-11-02T18:39:37.4205309Z  * [new tag]         0.3.0                                    -> 0.3.0
2022-11-02T18:39:37.4205686Z  * [new tag]         0.4.0                                    -> 0.4.0
2022-11-02T18:39:37.4206081Z  * [new tag]         0.5.0                                    -> 0.5.0
2022-11-02T18:39:37.4206473Z  * [new tag]         0.5.1                                    -> 0.5.1
2022-11-02T18:39:37.4206872Z  * [new tag]         0.5.2                                    -> 0.5.2
2022-11-02T18:39:37.4207440Z  * [new tag]         0.5.3                                    -> 0.5.3
2022-11-02T18:39:37.4208097Z  * [new tag]         0.5.4                                    -> 0.5.4
2022-11-02T18:39:37.4208493Z  * [new tag]         0.6.0                                    -> 0.6.0
2022-11-02T18:39:37.4208931Z  * [new ref]         14082454d6e0e803136fd6abe6958355425c19fc -> pull/157/merge
2022-11-02T18:39:37.4228261Z ##[endgroup]
2022-11-02T18:39:37.4228793Z ##[group]Determining the checkout info
2022-11-02T18:39:37.4229799Z ##[endgroup]
2022-11-02T18:39:37.4230256Z ##[group]Checking out the ref
2022-11-02T18:39:37.4234378Z [command]/usr/bin/git checkout --progress --force refs/remotes/pull/157/merge
2022-11-02T18:39:37.4306958Z Note: switching to 'refs/remotes/pull/157/merge'.
2022-11-02T18:39:37.4307381Z 
2022-11-02T18:39:37.4307826Z You are in 'detached HEAD' state. You can look around, make experimental
2022-11-02T18:39:37.4308256Z changes and commit them, and you can discard any commits you make in this
2022-11-02T18:39:37.4308642Z state without impacting any branches by switching back to a branch.
2022-11-02T18:39:37.4308876Z 
2022-11-02T18:39:37.4309238Z If you want to create a new branch to retain commits you create, you may
2022-11-02T18:39:37.4309879Z do so (now or later) by using -c with the switch command. Example:
2022-11-02T18:39:37.4310229Z 
2022-11-02T18:39:37.4310540Z   git switch -c <new-branch-name>
2022-11-02T18:39:37.4310722Z 
2022-11-02T18:39:37.4310826Z Or undo this operation with:
2022-11-02T18:39:37.4311127Z 
2022-11-02T18:39:37.4311242Z   git switch -
2022-11-02T18:39:37.4311761Z 
2022-11-02T18:39:37.4312080Z Turn off this advice by setting config variable advice.detachedHead to false
2022-11-02T18:39:37.4312327Z 
2022-11-02T18:39:37.4319465Z HEAD is now at 1408245 Merge a4aeee20d9166f6b3f4684a568cc5811272bcc14 into b78f1d86239a49cce34b751b92df1667161fe9e7
2022-11-02T18:39:37.4320088Z ##[endgroup]
2022-11-02T18:39:37.4380110Z [command]/usr/bin/git log -1 --format='%H'
2022-11-02T18:39:37.4428848Z '14082454d6e0e803136fd6abe6958355425c19fc'
2022-11-02T18:39:37.4849369Z ##[group]Run actions/setup-python@v4
2022-11-02T18:39:37.4849682Z with:
2022-11-02T18:39:37.4849909Z   python-version: 3.8
2022-11-02T18:39:37.4850142Z   check-latest: false
2022-11-02T18:39:37.4850577Z   token: ***
2022-11-02T18:39:37.4850829Z   update-environment: true
2022-11-02T18:39:37.4851068Z ##[endgroup]
2022-11-02T18:39:37.7122380Z Successfully set up CPython (3.8.14)
2022-11-02T18:39:37.7338154Z ##[group]Run python -m pip install --upgrade pip wheel
2022-11-02T18:39:37.7338633Z [36;1mpython -m pip install --upgrade pip wheel[0m
2022-11-02T18:39:37.7339015Z [36;1mpython -m pip install --upgrade --upgrade-strategy=eager tox[0m
2022-11-02T18:39:37.7409763Z shell: /usr/bin/bash -e {0}
2022-11-02T18:39:37.7410038Z env:
2022-11-02T18:39:37.7410339Z   pythonLocation: /opt/hostedtoolcache/Python/3.8.14/x64
2022-11-02T18:39:37.7410711Z   PKG_CONFIG_PATH: /opt/hostedtoolcache/Python/3.8.14/x64/lib/pkgconfig
2022-11-02T18:39:37.7411087Z   Python_ROOT_DIR: /opt/hostedtoolcache/Python/3.8.14/x64
2022-11-02T18:39:37.7411455Z   Python2_ROOT_DIR: /opt/hostedtoolcache/Python/3.8.14/x64
2022-11-02T18:39:37.7411800Z   Python3_ROOT_DIR: /opt/hostedtoolcache/Python/3.8.14/x64
2022-11-02T18:39:37.7412165Z   LD_LIBRARY_PATH: /opt/hostedtoolcache/Python/3.8.14/x64/lib
2022-11-02T18:39:37.7412553Z ##[endgroup]
2022-11-02T18:39:41.7942114Z Requirement already satisfied: pip in /opt/hostedtoolcache/Python/3.8.14/x64/lib/python3.8/site-packages (22.3)
2022-11-02T18:39:42.0190458Z Collecting wheel
2022-11-02T18:39:42.0561256Z   Downloading wheel-0.37.1-py2.py3-none-any.whl (35 kB)
2022-11-02T18:39:42.1221816Z Installing collected packages: wheel
2022-11-02T18:39:42.1670663Z Successfully installed wheel-0.37.1
2022-11-02T18:39:43.1688737Z Collecting tox
2022-11-02T18:39:43.2059408Z   Downloading tox-3.27.0-py2.py3-none-any.whl (86 kB)
2022-11-02T18:39:43.2205744Z      ‚îÅ‚îÅ‚îÅ‚îÅ‚îÅ‚îÅ‚îÅ‚îÅ‚îÅ‚îÅ‚îÅ‚îÅ‚îÅ‚îÅ‚îÅ‚îÅ‚îÅ‚îÅ‚îÅ‚îÅ‚îÅ‚îÅ‚îÅ‚îÅ‚îÅ‚îÅ‚îÅ‚îÅ‚îÅ‚îÅ‚îÅ‚îÅ‚îÅ‚îÅ‚îÅ‚îÅ‚îÅ‚îÅ‚îÅ‚îÅ 86.6/86.6 kB 7.2 MB/s eta 0:00:00
2022-11-02T18:39:43.3044059Z Collecting py>=1.4.17
2022-11-02T18:39:43.3130914Z   Downloading py-1.11.0-py2.py3-none-any.whl (98 kB)
2022-11-02T18:39:43.3204595Z      ‚îÅ‚îÅ‚îÅ‚îÅ‚îÅ‚îÅ‚îÅ‚îÅ‚îÅ‚îÅ‚îÅ‚îÅ‚îÅ‚îÅ‚îÅ‚îÅ‚îÅ‚îÅ‚îÅ‚îÅ‚îÅ‚îÅ‚îÅ‚îÅ‚îÅ‚îÅ‚îÅ‚îÅ‚îÅ‚îÅ‚îÅ‚îÅ‚îÅ‚îÅ‚îÅ‚îÅ‚îÅ‚îÅ‚îÅ‚îÅ 98.7/98.7 kB 21.6 MB/s eta 0:00:00
2022-11-02T18:39:43.3570303Z Collecting pluggy>=0.12.0
2022-11-02T18:39:43.3654411Z   Downloading pluggy-1.0.0-py2.py3-none-any.whl (13 kB)
2022-11-02T18:39:43.4043177Z Collecting tomli>=2.0.1
2022-11-02T18:39:43.4132561Z   Downloading tomli-2.0.1-py3-none-any.whl (12 kB)
2022-11-02T18:39:43.6560100Z Collecting virtualenv!=20.0.0,!=20.0.1,!=20.0.2,!=20.0.3,!=20.0.4,!=20.0.5,!=20.0.6,!=20.0.7,>=16.0.0
2022-11-02T18:39:43.6656647Z   Downloading virtualenv-20.16.6-py3-none-any.whl (8.8 MB)
2022-11-02T18:39:43.7958395Z      ‚îÅ‚îÅ‚îÅ‚îÅ‚îÅ‚îÅ‚îÅ‚îÅ‚îÅ‚îÅ‚îÅ‚îÅ‚îÅ‚îÅ‚îÅ‚îÅ‚îÅ‚îÅ‚îÅ‚îÅ‚îÅ‚îÅ‚îÅ‚îÅ‚îÅ‚îÅ‚îÅ‚îÅ‚îÅ‚îÅ‚îÅ‚îÅ‚îÅ‚îÅ‚îÅ‚îÅ‚îÅ‚îÅ‚îÅ‚îÅ 8.8/8.8 MB 70.0 MB/s eta 0:00:00
2022-11-02T18:39:43.8612392Z Collecting six>=1.14.0
2022-11-02T18:39:43.8699430Z   Downloading six-1.16.0-py2.py3-none-any.whl (11 kB)
2022-11-02T18:39:43.9243473Z Collecting packaging>=14
2022-11-02T18:39:43.9330792Z   Downloading packaging-21.3-py3-none-any.whl (40 kB)
2022-11-02T18:39:43.9396628Z      ‚îÅ‚îÅ‚îÅ‚îÅ‚îÅ‚îÅ‚îÅ‚îÅ‚îÅ‚îÅ‚îÅ‚îÅ‚îÅ‚îÅ‚îÅ‚îÅ‚îÅ‚îÅ‚îÅ‚îÅ‚îÅ‚îÅ‚îÅ‚îÅ‚îÅ‚îÅ‚îÅ‚îÅ‚îÅ‚îÅ‚îÅ‚îÅ‚îÅ‚îÅ‚îÅ‚îÅ‚îÅ‚îÅ‚îÅ‚îÅ 40.8/40.8 kB 9.3 MB/s eta 0:00:00
2022-11-02T18:39:43.9767104Z Collecting filelock>=3.0.0
2022-11-02T18:39:43.9855796Z   Downloading filelock-3.8.0-py3-none-any.whl (10 kB)
2022-11-02T18:39:44.0790975Z Collecting pyparsing!=3.0.5,>=2.0.2
2022-11-02T18:39:44.0892947Z   Downloading pyparsing-3.0.9-py3-none-any.whl (98 kB)
2022-11-02T18:39:44.0975458Z      ‚îÅ‚îÅ‚îÅ‚îÅ‚îÅ‚îÅ‚îÅ‚îÅ‚îÅ‚îÅ‚îÅ‚îÅ‚îÅ‚îÅ‚îÅ‚îÅ‚îÅ‚îÅ‚îÅ‚îÅ‚îÅ‚îÅ‚îÅ‚îÅ‚îÅ‚îÅ‚îÅ‚îÅ‚îÅ‚îÅ‚îÅ‚îÅ‚îÅ‚îÅ‚îÅ‚îÅ‚îÅ‚îÅ‚îÅ‚îÅ 98.3/98.3 kB 18.9 MB/s eta 0:00:00
2022-11-02T18:39:44.1762310Z Collecting platformdirs<3,>=2.4
2022-11-02T18:39:44.1851455Z   Downloading platformdirs-2.5.2-py3-none-any.whl (14 kB)
2022-11-02T18:39:44.2212125Z Collecting distlib<1,>=0.3.6
2022-11-02T18:39:44.2300700Z   Downloading distlib-0.3.6-py2.py3-none-any.whl (468 kB)
2022-11-02T18:39:44.2477099Z      ‚îÅ‚îÅ‚îÅ‚îÅ‚îÅ‚îÅ‚îÅ‚îÅ‚îÅ‚îÅ‚îÅ‚îÅ‚îÅ‚îÅ‚îÅ‚îÅ‚îÅ‚îÅ‚îÅ‚îÅ‚îÅ‚îÅ‚îÅ‚îÅ‚îÅ‚îÅ‚îÅ‚îÅ‚îÅ‚îÅ‚îÅ‚îÅ‚îÅ‚îÅ‚îÅ‚îÅ‚îÅ‚îÅ 468.5/468.5 kB 33.2 MB/s eta 0:00:00
2022-11-02T18:39:44.4010099Z Installing collected packages: distlib, tomli, six, pyparsing, py, pluggy, platformdirs, filelock, virtualenv, packaging, tox
2022-11-02T18:39:45.0709804Z Successfully installed distlib-0.3.6 filelock-3.8.0 packaging-21.3 platformdirs-2.5.2 pluggy-1.0.0 py-1.11.0 pyparsing-3.0.9 six-1.16.0 tomli-2.0.1 tox-3.27.0 virtualenv-20.16.6
2022-11-02T18:39:45.2657006Z ##[group]Run tox -e lint
2022-11-02T18:39:45.2657409Z [36;1mtox -e lint[0m
2022-11-02T18:39:45.2720743Z shell: /usr/bin/bash -e {0}
2022-11-02T18:39:45.2721098Z env:
2022-11-02T18:39:45.2721422Z   pythonLocation: /opt/hostedtoolcache/Python/3.8.14/x64
2022-11-02T18:39:45.2721895Z   PKG_CONFIG_PATH: /opt/hostedtoolcache/Python/3.8.14/x64/lib/pkgconfig
2022-11-02T18:39:45.2722412Z   Python_ROOT_DIR: /opt/hostedtoolcache/Python/3.8.14/x64
2022-11-02T18:39:45.2722862Z   Python2_ROOT_DIR: /opt/hostedtoolcache/Python/3.8.14/x64
2022-11-02T18:39:45.2723243Z   Python3_ROOT_DIR: /opt/hostedtoolcache/Python/3.8.14/x64
2022-11-02T18:39:45.2723673Z   LD_LIBRARY_PATH: /opt/hostedtoolcache/Python/3.8.14/x64/lib
2022-11-02T18:39:45.2724052Z ##[endgroup]
2022-11-02T18:39:45.5711091Z lint create: /home/runner/work/tinuous/tinuous/.tox/lint
2022-11-02T18:39:46.5393226Z lint installdeps: flake8~=3.7, flake8-bugbear, flake8-builtins~=1.4, flake8-unused-arguments
2022-11-02T18:39:51.6615298Z lint installed: attrs==22.1.0,flake8==3.9.2,flake8-bugbear==22.10.27,flake8-builtins==1.5.3,flake8-unused-arguments==0.0.12,mccabe==0.6.1,pycodestyle==2.7.0,pyflakes==2.3.1
2022-11-02T18:39:51.6620031Z lint run-test-pre: PYTHONHASHSEED='208228117'
2022-11-02T18:39:51.6623589Z lint run-test: commands[0] | flake8 --config=tox.ini src test
2022-11-02T18:39:53.1935664Z ___________________________________ summary ____________________________________
2022-11-02T18:39:53.1937590Z   lint: commands succeeded
2022-11-02T18:39:53.1938589Z   congratulations :)
2022-11-02T18:39:53.2283798Z Post job cleanup.
2022-11-02T18:39:53.4407042Z Post job cleanup.
2022-11-02T18:39:53.6003398Z [command]/usr/bin/git version
2022-11-02T18:39:53.6063227Z git version 2.38.1
2022-11-02T18:39:53.6127776Z Temporarily overriding HOME='/home/runner/work/_temp/a9c8bd7f-d9a5-433c-a7a4-475b693b7824' before making global git config changes
2022-11-02T18:39:53.6130142Z Adding repository directory to the temporary git global config as a safe directory
2022-11-02T18:39:53.6136338Z [command]/usr/bin/git config --global --add safe.directory /home/runner/work/tinuous/tinuous
2022-11-02T18:39:53.6186498Z [command]/usr/bin/git config --local --name-only --get-regexp core\.sshCommand
2022-11-02T18:39:53.6229642Z [command]/usr/bin/git submodule foreach --recursive git config --local --name-only --get-regexp 'core\.sshCommand' && git config --local --unset-all 'core.sshCommand' || :
2022-11-02T18:39:53.6544232Z [command]/usr/bin/git config --local --name-only --get-regexp http\.https\:\/\/github\.com\/\.extraheader
2022-11-02T18:39:53.6597803Z http.https://github.com/.extraheader
2022-11-02T18:39:53.6619861Z [command]/usr/bin/git config --local --unset-all http.https://github.com/.extraheader
2022-11-02T18:39:53.6668426Z [command]/usr/bin/git submodule foreach --recursive git config --local --name-only --get-regexp 'http\.https\:\/\/github\.com\/\.extraheader' && git config --local --unset-all 'http.https://github.com/.extraheader' || :
2022-11-02T18:39:53.7241539Z Cleaning up orphan processes
