2023-02-09T19:12:16.1720038Z Requested labels: ubuntu-latest
2023-02-09T19:12:16.1720087Z Job defined at: con/tinuous/.github/workflows/test.yml@refs/pull/161/merge
2023-02-09T19:12:16.1720122Z Waiting for a runner to pick up this job...
2023-02-09T19:12:16.6288684Z Job is waiting for a hosted runner to come online.
2023-02-09T19:12:20.1704868Z Job is about to start running on the hosted runner: GitHub Actions 11 (hosted)
2023-02-09T19:12:23.3425251Z Current runner version: '2.301.1'
2023-02-09T19:12:23.3462905Z ##[group]Operating System
2023-02-09T19:12:23.3463739Z Ubuntu
2023-02-09T19:12:23.3464081Z 22.04.1
2023-02-09T19:12:23.3464722Z LTS
2023-02-09T19:12:23.3465155Z ##[endgroup]
2023-02-09T19:12:23.3465495Z ##[group]Runner Image
2023-02-09T19:12:23.3466037Z Image: ubuntu-22.04
2023-02-09T19:12:23.3466424Z Version: 20230206.1
2023-02-09T19:12:23.3466981Z Included Software: https://github.com/actions/runner-images/blob/ubuntu22/20230206.1/images/linux/Ubuntu2204-Readme.md
2023-02-09T19:12:23.3467748Z Image Release: https://github.com/actions/runner-images/releases/tag/ubuntu22%2F20230206.1
2023-02-09T19:12:23.3469437Z ##[endgroup]
2023-02-09T19:12:23.3469859Z ##[group]Runner Image Provisioner
2023-02-09T19:12:23.3470278Z 2.0.108.1
2023-02-09T19:12:23.3470644Z ##[endgroup]
2023-02-09T19:12:23.3597501Z ##[group]GITHUB_TOKEN Permissions
2023-02-09T19:12:23.3598495Z Actions: write
2023-02-09T19:12:23.3598783Z Checks: write
2023-02-09T19:12:23.3599220Z Contents: write
2023-02-09T19:12:23.3599546Z Deployments: write
2023-02-09T19:12:23.3599843Z Discussions: write
2023-02-09T19:12:23.3600119Z Issues: write
2023-02-09T19:12:23.3600381Z Metadata: read
2023-02-09T19:12:23.3600663Z Packages: write
2023-02-09T19:12:23.3600941Z Pages: write
2023-02-09T19:12:23.3601218Z PullRequests: write
2023-02-09T19:12:23.3601549Z RepositoryProjects: write
2023-02-09T19:12:23.3601890Z SecurityEvents: write
2023-02-09T19:12:23.3602178Z Statuses: write
2023-02-09T19:12:23.3602461Z ##[endgroup]
2023-02-09T19:12:23.3607117Z Secret source: Actions
2023-02-09T19:12:23.3607616Z Prepare workflow directory
2023-02-09T19:12:23.4601903Z Prepare all required actions
2023-02-09T19:12:23.4847580Z Getting action download info
2023-02-09T19:12:23.7948002Z Download action repository 'actions/checkout@v3' (SHA:ac593985615ec2ede58e132d2e21d2b1cbd6127c)
2023-02-09T19:12:24.5258671Z Download action repository 'actions/setup-python@v4' (SHA:d27e3f3d7c64b4bbf8e4abfb9b63b83e846e0435)
2023-02-09T19:12:25.0806733Z Download action repository 'codecov/codecov-action@v3' (SHA:d9f34f8cd5cb3b3eb79b3e4b5dae3a16df499a70)
2023-02-09T19:12:25.7719247Z Complete job name: test (3.8, lint)
2023-02-09T19:12:25.8909994Z ##[group]Run actions/checkout@v3
2023-02-09T19:12:25.8910338Z with:
2023-02-09T19:12:25.8910564Z   fetch-depth: 0
2023-02-09T19:12:25.8911254Z   repository: con/tinuous
2023-02-09T19:12:25.8911762Z   token: ***
2023-02-09T19:12:25.8911996Z   ssh-strict: true
2023-02-09T19:12:25.8912244Z   persist-credentials: true
2023-02-09T19:12:25.8912474Z   clean: true
2023-02-09T19:12:25.8912680Z   lfs: false
2023-02-09T19:12:25.8912894Z   submodules: false
2023-02-09T19:12:25.8913124Z   set-safe-directory: true
2023-02-09T19:12:25.8913379Z ##[endgroup]
2023-02-09T19:12:26.2899763Z Syncing repository: con/tinuous
2023-02-09T19:12:26.2901851Z ##[group]Getting Git version info
2023-02-09T19:12:26.2902372Z Working directory is '/home/runner/work/tinuous/tinuous'
2023-02-09T19:12:26.2902938Z [command]/usr/bin/git version
2023-02-09T19:12:26.3093032Z git version 2.39.1
2023-02-09T19:12:26.3131399Z ##[endgroup]
2023-02-09T19:12:26.3154441Z Temporarily overriding HOME='/home/runner/work/_temp/442bdc57-7dea-4c63-a522-76d3c11f9d6f' before making global git config changes
2023-02-09T19:12:26.3154963Z Adding repository directory to the temporary git global config as a safe directory
2023-02-09T19:12:26.3160057Z [command]/usr/bin/git config --global --add safe.directory /home/runner/work/tinuous/tinuous
2023-02-09T19:12:26.3216379Z Deleting the contents of '/home/runner/work/tinuous/tinuous'
2023-02-09T19:12:26.3223431Z ##[group]Initializing the repository
2023-02-09T19:12:26.3227958Z [command]/usr/bin/git init /home/runner/work/tinuous/tinuous
2023-02-09T19:12:26.3315855Z hint: Using 'master' as the name for the initial branch. This default branch name
2023-02-09T19:12:26.3316790Z hint: is subject to change. To configure the initial branch name to use in all
2023-02-09T19:12:26.3317280Z hint: of your new repositories, which will suppress this warning, call:
2023-02-09T19:12:26.3317885Z hint: 
2023-02-09T19:12:26.3318354Z hint: 	git config --global init.defaultBranch <name>
2023-02-09T19:12:26.3318625Z hint: 
2023-02-09T19:12:26.3319013Z hint: Names commonly chosen instead of 'master' are 'main', 'trunk' and
2023-02-09T19:12:26.3319505Z hint: 'development'. The just-created branch can be renamed via this command:
2023-02-09T19:12:26.3319810Z hint: 
2023-02-09T19:12:26.3320066Z hint: 	git branch -m <name>
2023-02-09T19:12:26.3333379Z Initialized empty Git repository in /home/runner/work/tinuous/tinuous/.git/
2023-02-09T19:12:26.3345479Z [command]/usr/bin/git remote add origin https://github.com/con/tinuous
2023-02-09T19:12:26.3395896Z ##[endgroup]
2023-02-09T19:12:26.3396658Z ##[group]Disabling automatic garbage collection
2023-02-09T19:12:26.3400171Z [command]/usr/bin/git config --local gc.auto 0
2023-02-09T19:12:26.3449204Z ##[endgroup]
2023-02-09T19:12:26.3449922Z ##[group]Setting up auth
2023-02-09T19:12:26.3460938Z [command]/usr/bin/git config --local --name-only --get-regexp core\.sshCommand
2023-02-09T19:12:26.3578273Z [command]/usr/bin/git submodule foreach --recursive sh -c "git config --local --name-only --get-regexp 'core\.sshCommand' && git config --local --unset-all 'core.sshCommand' || :"
2023-02-09T19:12:26.4119328Z [command]/usr/bin/git config --local --name-only --get-regexp http\.https\:\/\/github\.com\/\.extraheader
2023-02-09T19:12:26.4191739Z [command]/usr/bin/git submodule foreach --recursive sh -c "git config --local --name-only --get-regexp 'http\.https\:\/\/github\.com\/\.extraheader' && git config --local --unset-all 'http.https://github.com/.extraheader' || :"
2023-02-09T19:12:26.4509338Z [command]/usr/bin/git config --local http.https://github.com/.extraheader AUTHORIZATION: basic ***
2023-02-09T19:12:26.4550628Z ##[endgroup]
2023-02-09T19:12:26.4555448Z ##[group]Fetching the repository
2023-02-09T19:12:26.4567477Z [command]/usr/bin/git -c protocol.version=2 fetch --prune --progress --no-recurse-submodules origin +refs/heads/*:refs/remotes/origin/* +refs/tags/*:refs/tags/* +7c3be1d64800d04d3044eba65b477289f9658da5:refs/remotes/pull/161/merge
2023-02-09T19:12:27.0859402Z remote: Enumerating objects: 1041, done.        
2023-02-09T19:12:27.0860363Z remote: Counting objects:   0% (1/263)        
2023-02-09T19:12:27.0860794Z remote: Counting objects:   1% (3/263)        
2023-02-09T19:12:27.0861464Z remote: Counting objects:   2% (6/263)        
2023-02-09T19:12:27.0861916Z remote: Counting objects:   3% (8/263)        
2023-02-09T19:12:27.0862438Z remote: Counting objects:   4% (11/263)        
2023-02-09T19:12:27.0862875Z remote: Counting objects:   5% (14/263)        
2023-02-09T19:12:27.0863258Z remote: Counting objects:   6% (16/263)        
2023-02-09T19:12:27.0863628Z remote: Counting objects:   7% (19/263)        
2023-02-09T19:12:27.0864003Z remote: Counting objects:   8% (22/263)        
2023-02-09T19:12:27.0864378Z remote: Counting objects:   9% (24/263)        
2023-02-09T19:12:27.0865091Z remote: Counting objects:  10% (27/263)        
2023-02-09T19:12:27.0865496Z remote: Counting objects:  11% (29/263)        
2023-02-09T19:12:27.0865880Z remote: Counting objects:  12% (32/263)        
2023-02-09T19:12:27.0866255Z remote: Counting objects:  13% (35/263)        
2023-02-09T19:12:27.0866614Z remote: Counting objects:  14% (37/263)        
2023-02-09T19:12:27.0866984Z remote: Counting objects:  15% (40/263)        
2023-02-09T19:12:27.0867355Z remote: Counting objects:  16% (43/263)        
2023-02-09T19:12:27.0867726Z remote: Counting objects:  17% (45/263)        
2023-02-09T19:12:27.0868081Z remote: Counting objects:  18% (48/263)        
2023-02-09T19:12:27.0868450Z remote: Counting objects:  19% (50/263)        
2023-02-09T19:12:27.0868820Z remote: Counting objects:  20% (53/263)        
2023-02-09T19:12:27.0869191Z remote: Counting objects:  21% (56/263)        
2023-02-09T19:12:27.0869548Z remote: Counting objects:  22% (58/263)        
2023-02-09T19:12:27.0869915Z remote: Counting objects:  23% (61/263)        
2023-02-09T19:12:27.0870560Z remote: Counting objects:  24% (64/263)        
2023-02-09T19:12:27.0870921Z remote: Counting objects:  25% (66/263)        
2023-02-09T19:12:27.0871303Z remote: Counting objects:  26% (69/263)        
2023-02-09T19:12:27.0871676Z remote: Counting objects:  27% (72/263)        
2023-02-09T19:12:27.0872169Z remote: Counting objects:  28% (74/263)        
2023-02-09T19:12:27.0872535Z remote: Counting objects:  29% (77/263)        
2023-02-09T19:12:27.0872908Z remote: Counting objects:  30% (79/263)        
2023-02-09T19:12:27.0873277Z remote: Counting objects:  31% (82/263)        
2023-02-09T19:12:27.0873649Z remote: Counting objects:  32% (85/263)        
2023-02-09T19:12:27.0874009Z remote: Counting objects:  33% (87/263)        
2023-02-09T19:12:27.0874377Z remote: Counting objects:  34% (90/263)        
2023-02-09T19:12:27.0874746Z remote: Counting objects:  35% (93/263)        
2023-02-09T19:12:27.0875105Z remote: Counting objects:  36% (95/263)        
2023-02-09T19:12:27.0875483Z remote: Counting objects:  37% (98/263)        
2023-02-09T19:12:27.0875862Z remote: Counting objects:  38% (100/263)        
2023-02-09T19:12:27.0876271Z remote: Counting objects:  39% (103/263)        
2023-02-09T19:12:27.0876646Z remote: Counting objects:  40% (106/263)        
2023-02-09T19:12:27.0877027Z remote: Counting objects:  41% (108/263)        
2023-02-09T19:12:27.0877402Z remote: Counting objects:  42% (111/263)        
2023-02-09T19:12:27.0877779Z remote: Counting objects:  43% (114/263)        
2023-02-09T19:12:27.0878144Z remote: Counting objects:  44% (116/263)        
2023-02-09T19:12:27.0878518Z remote: Counting objects:  45% (119/263)        
2023-02-09T19:12:27.0878891Z remote: Counting objects:  46% (121/263)        
2023-02-09T19:12:27.0879266Z remote: Counting objects:  47% (124/263)        
2023-02-09T19:12:27.0879631Z remote: Counting objects:  48% (127/263)        
2023-02-09T19:12:27.0880001Z remote: Counting objects:  49% (129/263)        
2023-02-09T19:12:27.0880372Z remote: Counting objects:  50% (132/263)        
2023-02-09T19:12:27.0880737Z remote: Counting objects:  51% (135/263)        
2023-02-09T19:12:27.0881237Z remote: Counting objects:  52% (137/263)        
2023-02-09T19:12:27.0881729Z remote: Counting objects:  53% (140/263)        
2023-02-09T19:12:27.0882109Z remote: Counting objects:  54% (143/263)        
2023-02-09T19:12:27.0882469Z remote: Counting objects:  55% (145/263)        
2023-02-09T19:12:27.0882848Z remote: Counting objects:  56% (148/263)        
2023-02-09T19:12:27.0883216Z remote: Counting objects:  57% (150/263)        
2023-02-09T19:12:27.0883587Z remote: Counting objects:  58% (153/263)        
2023-02-09T19:12:27.0883950Z remote: Counting objects:  59% (156/263)        
2023-02-09T19:12:27.0884320Z remote: Counting objects:  60% (158/263)        
2023-02-09T19:12:27.0885206Z remote: Counting objects:  61% (161/263)        
2023-02-09T19:12:27.0886171Z remote: Counting objects:  62% (164/263)        
2023-02-09T19:12:27.0886448Z remote: Counting objects:  63% (166/263)        
2023-02-09T19:12:27.0887132Z remote: Counting objects:  64% (169/263)        
2023-02-09T19:12:27.0887449Z remote: Counting objects:  65% (171/263)        
2023-02-09T19:12:27.0887737Z remote: Counting objects:  66% (174/263)        
2023-02-09T19:12:27.0888011Z remote: Counting objects:  67% (177/263)        
2023-02-09T19:12:27.0888296Z remote: Counting objects:  68% (179/263)        
2023-02-09T19:12:27.0888582Z remote: Counting objects:  69% (182/263)        
2023-02-09T19:12:27.0888850Z remote: Counting objects:  70% (185/263)        
2023-02-09T19:12:27.0889133Z remote: Counting objects:  71% (187/263)        
2023-02-09T19:12:27.0889418Z remote: Counting objects:  72% (190/263)        
2023-02-09T19:12:27.0889684Z remote: Counting objects:  73% (192/263)        
2023-02-09T19:12:27.0889964Z remote: Counting objects:  74% (195/263)        
2023-02-09T19:12:27.0890696Z remote: Counting objects:  75% (198/263)        
2023-02-09T19:12:27.0890982Z remote: Counting objects:  76% (200/263)        
2023-02-09T19:12:27.0891792Z remote: Counting objects:  77% (203/263)        
2023-02-09T19:12:27.0892078Z remote: Counting objects:  78% (206/263)        
2023-02-09T19:12:27.0892363Z remote: Counting objects:  79% (208/263)        
2023-02-09T19:12:27.0892636Z remote: Counting objects:  80% (211/263)        
2023-02-09T19:12:27.0894025Z remote: Counting objects:  81% (214/263)        
2023-02-09T19:12:27.0894329Z remote: Counting objects:  82% (216/263)        
2023-02-09T19:12:27.0894600Z remote: Counting objects:  83% (219/263)        
2023-02-09T19:12:27.0895312Z remote: Counting objects:  84% (221/263)        
2023-02-09T19:12:27.0895600Z remote: Counting objects:  85% (224/263)        
2023-02-09T19:12:27.0896556Z remote: Counting objects:  86% (227/263)        
2023-02-09T19:12:27.0897860Z remote: Counting objects:  87% (229/263)        
2023-02-09T19:12:27.0898519Z remote: Counting objects:  88% (232/263)        
2023-02-09T19:12:27.0898809Z remote: Counting objects:  89% (235/263)        
2023-02-09T19:12:27.0900104Z remote: Counting objects:  90% (237/263)        
2023-02-09T19:12:27.0900730Z remote: Counting objects:  91% (240/263)        
2023-02-09T19:12:27.0901024Z remote: Counting objects:  92% (242/263)        
2023-02-09T19:12:27.0902315Z remote: Counting objects:  93% (245/263)        
2023-02-09T19:12:27.0902963Z remote: Counting objects:  94% (248/263)        
2023-02-09T19:12:27.0903251Z remote: Counting objects:  95% (250/263)        
2023-02-09T19:12:27.0905662Z remote: Counting objects:  96% (253/263)        
2023-02-09T19:12:27.0906414Z remote: Counting objects:  97% (256/263)        
2023-02-09T19:12:27.0906691Z remote: Counting objects:  98% (258/263)        
2023-02-09T19:12:27.0907349Z remote: Counting objects:  99% (261/263)        
2023-02-09T19:12:27.0907998Z remote: Counting objects: 100% (263/263)        
2023-02-09T19:12:27.0908289Z remote: Counting objects: 100% (263/263), done.        
2023-02-09T19:12:27.0909278Z remote: Compressing objects:   0% (1/179)        
2023-02-09T19:12:27.0910250Z remote: Compressing objects:   1% (2/179)        
2023-02-09T19:12:27.0910633Z remote: Compressing objects:   2% (4/179)        
2023-02-09T19:12:27.0912240Z remote: Compressing objects:   3% (6/179)        
2023-02-09T19:12:27.0912584Z remote: Compressing objects:   4% (8/179)        
2023-02-09T19:12:27.0912882Z remote: Compressing objects:   5% (9/179)        
2023-02-09T19:12:27.0913173Z remote: Compressing objects:   6% (11/179)        
2023-02-09T19:12:27.0913483Z remote: Compressing objects:   7% (13/179)        
2023-02-09T19:12:27.0913789Z remote: Compressing objects:   8% (15/179)        
2023-02-09T19:12:27.0914092Z remote: Compressing objects:   9% (17/179)        
2023-02-09T19:12:27.0914376Z remote: Compressing objects:  10% (18/179)        
2023-02-09T19:12:27.0983438Z remote: Compressing objects:  11% (20/179)        
2023-02-09T19:12:27.0985602Z remote: Compressing objects:  12% (22/179)        
2023-02-09T19:12:27.0985933Z remote: Compressing objects:  13% (24/179)        
2023-02-09T19:12:27.0988289Z remote: Compressing objects:  14% (26/179)        
2023-02-09T19:12:27.0988858Z remote: Compressing objects:  15% (27/179)        
2023-02-09T19:12:27.0989157Z remote: Compressing objects:  16% (29/179)        
2023-02-09T19:12:27.0989466Z remote: Compressing objects:  17% (31/179)        
2023-02-09T19:12:27.0991146Z remote: Compressing objects:  18% (33/179)        
2023-02-09T19:12:27.0991676Z remote: Compressing objects:  19% (35/179)        
2023-02-09T19:12:27.0994267Z remote: Compressing objects:  20% (36/179)        
2023-02-09T19:12:27.0994834Z remote: Compressing objects:  21% (38/179)        
2023-02-09T19:12:27.0995189Z remote: Compressing objects:  22% (40/179)        
2023-02-09T19:12:27.0995478Z remote: Compressing objects:  23% (42/179)        
2023-02-09T19:12:27.0995780Z remote: Compressing objects:  24% (43/179)        
2023-02-09T19:12:27.0996084Z remote: Compressing objects:  25% (45/179)        
2023-02-09T19:12:27.0996368Z remote: Compressing objects:  26% (47/179)        
2023-02-09T19:12:27.0996891Z remote: Compressing objects:  27% (49/179)        
2023-02-09T19:12:27.0997200Z remote: Compressing objects:  28% (51/179)        
2023-02-09T19:12:27.0997505Z remote: Compressing objects:  29% (52/179)        
2023-02-09T19:12:27.0997789Z remote: Compressing objects:  30% (54/179)        
2023-02-09T19:12:27.0998089Z remote: Compressing objects:  31% (56/179)        
2023-02-09T19:12:27.0998393Z remote: Compressing objects:  32% (58/179)        
2023-02-09T19:12:27.0998680Z remote: Compressing objects:  33% (60/179)        
2023-02-09T19:12:27.0998982Z remote: Compressing objects:  34% (61/179)        
2023-02-09T19:12:27.0999279Z remote: Compressing objects:  35% (63/179)        
2023-02-09T19:12:27.0999562Z remote: Compressing objects:  36% (65/179)        
2023-02-09T19:12:27.0999860Z remote: Compressing objects:  37% (67/179)        
2023-02-09T19:12:27.1000158Z remote: Compressing objects:  38% (69/179)        
2023-02-09T19:12:27.1000463Z remote: Compressing objects:  39% (70/179)        
2023-02-09T19:12:27.1000744Z remote: Compressing objects:  40% (72/179)        
2023-02-09T19:12:27.1001045Z remote: Compressing objects:  41% (74/179)        
2023-02-09T19:12:27.1001342Z remote: Compressing objects:  42% (76/179)        
2023-02-09T19:12:27.1001623Z remote: Compressing objects:  43% (77/179)        
2023-02-09T19:12:27.1001920Z remote: Compressing objects:  44% (79/179)        
2023-02-09T19:12:27.1002218Z remote: Compressing objects:  45% (81/179)        
2023-02-09T19:12:27.1002501Z remote: Compressing objects:  46% (83/179)        
2023-02-09T19:12:27.1002799Z remote: Compressing objects:  47% (85/179)        
2023-02-09T19:12:27.1003094Z remote: Compressing objects:  48% (86/179)        
2023-02-09T19:12:27.1003391Z remote: Compressing objects:  49% (88/179)        
2023-02-09T19:12:27.1003672Z remote: Compressing objects:  50% (90/179)        
2023-02-09T19:12:27.1003973Z remote: Compressing objects:  51% (92/179)        
2023-02-09T19:12:27.1004274Z remote: Compressing objects:  52% (94/179)        
2023-02-09T19:12:27.1004555Z remote: Compressing objects:  53% (95/179)        
2023-02-09T19:12:27.1004945Z remote: Compressing objects:  54% (97/179)        
2023-02-09T19:12:27.1005264Z remote: Compressing objects:  55% (99/179)        
2023-02-09T19:12:27.1005552Z remote: Compressing objects:  56% (101/179)        
2023-02-09T19:12:27.1005865Z remote: Compressing objects:  57% (103/179)        
2023-02-09T19:12:27.1006171Z remote: Compressing objects:  58% (104/179)        
2023-02-09T19:12:27.1006461Z remote: Compressing objects:  59% (106/179)        
2023-02-09T19:12:27.1006759Z remote: Compressing objects:  60% (108/179)        
2023-02-09T19:12:27.1039214Z remote: Compressing objects:  61% (110/179)        
2023-02-09T19:12:27.1040859Z remote: Compressing objects:  62% (111/179)        
2023-02-09T19:12:27.1043427Z remote: Compressing objects:  63% (113/179)        
2023-02-09T19:12:27.1043928Z remote: Compressing objects:  64% (115/179)        
2023-02-09T19:12:27.1046488Z remote: Compressing objects:  65% (117/179)        
2023-02-09T19:12:27.1046973Z remote: Compressing objects:  66% (119/179)        
2023-02-09T19:12:27.1050647Z remote: Compressing objects:  67% (120/179)        
2023-02-09T19:12:27.1051176Z remote: Compressing objects:  68% (122/179)        
2023-02-09T19:12:27.1053660Z remote: Compressing objects:  69% (124/179)        
2023-02-09T19:12:27.1054148Z remote: Compressing objects:  70% (126/179)        
2023-02-09T19:12:27.1056680Z remote: Compressing objects:  71% (128/179)        
2023-02-09T19:12:27.1057139Z remote: Compressing objects:  72% (129/179)        
2023-02-09T19:12:27.1060483Z remote: Compressing objects:  73% (131/179)        
2023-02-09T19:12:27.1060953Z remote: Compressing objects:  74% (133/179)        
2023-02-09T19:12:27.1064644Z remote: Compressing objects:  75% (135/179)        
2023-02-09T19:12:27.1065216Z remote: Compressing objects:  76% (137/179)        
2023-02-09T19:12:27.1068753Z remote: Compressing objects:  77% (138/179)        
2023-02-09T19:12:27.1069599Z remote: Compressing objects:  78% (140/179)        
2023-02-09T19:12:27.1069954Z remote: Compressing objects:  79% (142/179)        
2023-02-09T19:12:27.1070276Z remote: Compressing objects:  80% (144/179)        
2023-02-09T19:12:27.1071883Z remote: Compressing objects:  81% (145/179)        
2023-02-09T19:12:27.1072376Z remote: Compressing objects:  82% (147/179)        
2023-02-09T19:12:27.1072689Z remote: Compressing objects:  83% (149/179)        
2023-02-09T19:12:27.1072983Z remote: Compressing objects:  84% (151/179)        
2023-02-09T19:12:27.1074859Z remote: Compressing objects:  85% (153/179)        
2023-02-09T19:12:27.1075381Z remote: Compressing objects:  86% (154/179)        
2023-02-09T19:12:27.1078380Z remote: Compressing objects:  87% (156/179)        
2023-02-09T19:12:27.1079010Z remote: Compressing objects:  88% (158/179)        
2023-02-09T19:12:27.1079343Z remote: Compressing objects:  89% (160/179)        
2023-02-09T19:12:27.1080445Z remote: Compressing objects:  90% (162/179)        
2023-02-09T19:12:27.1080970Z remote: Compressing objects:  91% (163/179)        
2023-02-09T19:12:27.1081472Z remote: Compressing objects:  92% (165/179)        
2023-02-09T19:12:27.1082711Z remote: Compressing objects:  93% (167/179)        
2023-02-09T19:12:27.1083195Z remote: Compressing objects:  94% (169/179)        
2023-02-09T19:12:27.1083920Z remote: Compressing objects:  95% (171/179)        
2023-02-09T19:12:27.1084393Z remote: Compressing objects:  96% (172/179)        
2023-02-09T19:12:27.1159300Z remote: Compressing objects:  97% (174/179)        
2023-02-09T19:12:27.1159871Z remote: Compressing objects:  98% (176/179)        
2023-02-09T19:12:27.1160520Z remote: Compressing objects:  99% (178/179)        
2023-02-09T19:12:27.1161007Z remote: Compressing objects: 100% (179/179)        
2023-02-09T19:12:27.1163542Z remote: Compressing objects: 100% (179/179), done.        
2023-02-09T19:12:27.1165384Z Receiving objects:   0% (1/1041)
2023-02-09T19:12:27.1165683Z Receiving objects:   1% (11/1041)
2023-02-09T19:12:27.1165953Z Receiving objects:   2% (21/1041)
2023-02-09T19:12:27.1166428Z Receiving objects:   3% (32/1041)
2023-02-09T19:12:27.1166707Z Receiving objects:   4% (42/1041)
2023-02-09T19:12:27.1166970Z Receiving objects:   5% (53/1041)
2023-02-09T19:12:27.1227973Z Receiving objects:   6% (63/1041)
2023-02-09T19:12:27.1234267Z Receiving objects:   7% (73/1041)
2023-02-09T19:12:27.1234605Z Receiving objects:   8% (84/1041)
2023-02-09T19:12:27.1234878Z Receiving objects:   9% (94/1041)
2023-02-09T19:12:27.1243475Z Receiving objects:  10% (105/1041)
2023-02-09T19:12:27.1246228Z Receiving objects:  11% (115/1041)
2023-02-09T19:12:27.1248608Z Receiving objects:  12% (125/1041)
2023-02-09T19:12:27.1259231Z Receiving objects:  13% (136/1041)
2023-02-09T19:12:27.1263121Z Receiving objects:  14% (146/1041)
2023-02-09T19:12:27.1265727Z Receiving objects:  15% (157/1041)
2023-02-09T19:12:27.1268301Z Receiving objects:  16% (167/1041)
2023-02-09T19:12:27.1270409Z Receiving objects:  17% (177/1041)
2023-02-09T19:12:27.1272668Z Receiving objects:  18% (188/1041)
2023-02-09T19:12:27.1276834Z Receiving objects:  19% (198/1041)
2023-02-09T19:12:27.1280411Z Receiving objects:  20% (209/1041)
2023-02-09T19:12:27.1282670Z Receiving objects:  21% (219/1041)
2023-02-09T19:12:27.1289418Z Receiving objects:  22% (230/1041)
2023-02-09T19:12:27.1291957Z Receiving objects:  23% (240/1041)
2023-02-09T19:12:27.1296091Z Receiving objects:  24% (250/1041)
2023-02-09T19:12:27.1300230Z Receiving objects:  25% (261/1041)
2023-02-09T19:12:27.1355581Z Receiving objects:  26% (271/1041)
2023-02-09T19:12:27.1359161Z Receiving objects:  27% (282/1041)
2023-02-09T19:12:27.1413285Z Receiving objects:  28% (292/1041)
2023-02-09T19:12:27.1421923Z Receiving objects:  29% (302/1041)
2023-02-09T19:12:27.1463211Z Receiving objects:  30% (313/1041)
2023-02-09T19:12:27.1466083Z Receiving objects:  31% (323/1041)
2023-02-09T19:12:27.1468608Z Receiving objects:  32% (334/1041)
2023-02-09T19:12:27.1471341Z Receiving objects:  33% (344/1041)
2023-02-09T19:12:27.1473798Z Receiving objects:  34% (354/1041)
2023-02-09T19:12:27.1477089Z Receiving objects:  35% (365/1041)
2023-02-09T19:12:27.1479687Z Receiving objects:  36% (375/1041)
2023-02-09T19:12:27.1482135Z Receiving objects:  37% (386/1041)
2023-02-09T19:12:27.1484588Z Receiving objects:  38% (396/1041)
2023-02-09T19:12:27.1485496Z Receiving objects:  39% (406/1041)
2023-02-09T19:12:27.1485959Z Receiving objects:  40% (417/1041)
2023-02-09T19:12:27.1486371Z Receiving objects:  41% (427/1041)
2023-02-09T19:12:27.1486795Z Receiving objects:  42% (438/1041)
2023-02-09T19:12:27.1487224Z Receiving objects:  43% (448/1041)
2023-02-09T19:12:27.1487635Z Receiving objects:  44% (459/1041)
2023-02-09T19:12:27.1488060Z Receiving objects:  45% (469/1041)
2023-02-09T19:12:27.1488513Z Receiving objects:  46% (479/1041)
2023-02-09T19:12:27.1488939Z Receiving objects:  47% (490/1041)
2023-02-09T19:12:27.1489355Z Receiving objects:  48% (500/1041)
2023-02-09T19:12:27.1489785Z Receiving objects:  49% (511/1041)
2023-02-09T19:12:27.1490206Z Receiving objects:  50% (521/1041)
2023-02-09T19:12:27.1490638Z Receiving objects:  51% (531/1041)
2023-02-09T19:12:27.1491093Z Receiving objects:  52% (542/1041)
2023-02-09T19:12:27.1491524Z Receiving objects:  53% (552/1041)
2023-02-09T19:12:27.1492019Z Receiving objects:  54% (563/1041)
2023-02-09T19:12:27.1494550Z Receiving objects:  55% (573/1041)
2023-02-09T19:12:27.1494945Z Receiving objects:  56% (583/1041)
2023-02-09T19:12:27.1497379Z Receiving objects:  57% (594/1041)
2023-02-09T19:12:27.1497833Z Receiving objects:  58% (604/1041)
2023-02-09T19:12:27.1498287Z Receiving objects:  59% (615/1041)
2023-02-09T19:12:27.1498695Z Receiving objects:  60% (625/1041)
2023-02-09T19:12:27.1499150Z Receiving objects:  61% (636/1041)
2023-02-09T19:12:27.1499583Z Receiving objects:  62% (646/1041)
2023-02-09T19:12:27.1500081Z Receiving objects:  63% (656/1041)
2023-02-09T19:12:27.1500586Z Receiving objects:  64% (667/1041)
2023-02-09T19:12:27.1501112Z Receiving objects:  65% (677/1041)
2023-02-09T19:12:27.1501632Z Receiving objects:  66% (688/1041)
2023-02-09T19:12:27.1502347Z Receiving objects:  67% (698/1041)
2023-02-09T19:12:27.1507808Z Receiving objects:  68% (708/1041)
2023-02-09T19:12:27.1508334Z Receiving objects:  69% (719/1041)
2023-02-09T19:12:27.1508772Z Receiving objects:  70% (729/1041)
2023-02-09T19:12:27.1509265Z Receiving objects:  71% (740/1041)
2023-02-09T19:12:27.1511840Z Receiving objects:  72% (750/1041)
2023-02-09T19:12:27.1512236Z Receiving objects:  73% (760/1041)
2023-02-09T19:12:27.1514676Z Receiving objects:  74% (771/1041)
2023-02-09T19:12:27.1517449Z Receiving objects:  75% (781/1041)
2023-02-09T19:12:27.1534768Z Receiving objects:  76% (792/1041)
2023-02-09T19:12:27.1536098Z Receiving objects:  77% (802/1041)
2023-02-09T19:12:27.1537511Z Receiving objects:  78% (812/1041)
2023-02-09T19:12:27.1537772Z Receiving objects:  79% (823/1041)
2023-02-09T19:12:27.1538035Z Receiving objects:  80% (833/1041)
2023-02-09T19:12:27.1543361Z Receiving objects:  81% (844/1041)
2023-02-09T19:12:27.1544711Z Receiving objects:  82% (854/1041)
2023-02-09T19:12:27.1544967Z Receiving objects:  83% (865/1041)
2023-02-09T19:12:27.1545230Z Receiving objects:  84% (875/1041)
2023-02-09T19:12:27.1545488Z Receiving objects:  85% (885/1041)
2023-02-09T19:12:27.1545728Z Receiving objects:  86% (896/1041)
2023-02-09T19:12:27.1625405Z Receiving objects:  87% (906/1041)
2023-02-09T19:12:27.1625704Z Receiving objects:  88% (917/1041)
2023-02-09T19:12:27.1625957Z Receiving objects:  89% (927/1041)
2023-02-09T19:12:27.1626624Z remote: Total 1041 (delta 96), reused 111 (delta 73), pack-reused 778        
2023-02-09T19:12:27.1626948Z Receiving objects:  90% (937/1041)
2023-02-09T19:12:27.1627194Z Receiving objects:  91% (948/1041)
2023-02-09T19:12:27.1629758Z Receiving objects:  92% (958/1041)
2023-02-09T19:12:27.1630023Z Receiving objects:  93% (969/1041)
2023-02-09T19:12:27.1630284Z Receiving objects:  94% (979/1041)
2023-02-09T19:12:27.1630747Z Receiving objects:  95% (989/1041)
2023-02-09T19:12:27.1631008Z Receiving objects:  96% (1000/1041)
2023-02-09T19:12:27.1631283Z Receiving objects:  97% (1010/1041)
2023-02-09T19:12:27.1637734Z Receiving objects:  98% (1021/1041)
2023-02-09T19:12:27.1664235Z Receiving objects:  99% (1031/1041)
2023-02-09T19:12:27.1664725Z Receiving objects: 100% (1041/1041)
2023-02-09T19:12:27.1665032Z Receiving objects: 100% (1041/1041), 263.79 KiB | 4.63 MiB/s, done.
2023-02-09T19:12:27.1665314Z Resolving deltas:   0% (0/565)
2023-02-09T19:12:27.1665572Z Resolving deltas:   1% (6/565)
2023-02-09T19:12:27.1665830Z Resolving deltas:   2% (12/565)
2023-02-09T19:12:27.1666070Z Resolving deltas:   3% (17/565)
2023-02-09T19:12:27.1666325Z Resolving deltas:   4% (23/565)
2023-02-09T19:12:27.1666579Z Resolving deltas:   5% (29/565)
2023-02-09T19:12:27.1666816Z Resolving deltas:   6% (34/565)
2023-02-09T19:12:27.1667067Z Resolving deltas:   7% (40/565)
2023-02-09T19:12:27.1667322Z Resolving deltas:   8% (46/565)
2023-02-09T19:12:27.1667568Z Resolving deltas:   9% (51/565)
2023-02-09T19:12:27.1667815Z Resolving deltas:  10% (57/565)
2023-02-09T19:12:27.1668067Z Resolving deltas:  11% (63/565)
2023-02-09T19:12:27.1668306Z Resolving deltas:  12% (68/565)
2023-02-09T19:12:27.1668557Z Resolving deltas:  13% (74/565)
2023-02-09T19:12:27.1668806Z Resolving deltas:  14% (80/565)
2023-02-09T19:12:27.1669040Z Resolving deltas:  15% (85/565)
2023-02-09T19:12:27.1669292Z Resolving deltas:  16% (91/565)
2023-02-09T19:12:27.1669542Z Resolving deltas:  17% (97/565)
2023-02-09T19:12:27.1669796Z Resolving deltas:  18% (102/565)
2023-02-09T19:12:27.1670041Z Resolving deltas:  19% (108/565)
2023-02-09T19:12:27.1670298Z Resolving deltas:  20% (113/565)
2023-02-09T19:12:27.1670551Z Resolving deltas:  21% (119/565)
2023-02-09T19:12:27.1670790Z Resolving deltas:  22% (125/565)
2023-02-09T19:12:27.1671042Z Resolving deltas:  23% (130/565)
2023-02-09T19:12:27.1671294Z Resolving deltas:  24% (136/565)
2023-02-09T19:12:27.1671530Z Resolving deltas:  25% (142/565)
2023-02-09T19:12:27.1671785Z Resolving deltas:  26% (147/565)
2023-02-09T19:12:27.1672036Z Resolving deltas:  27% (153/565)
2023-02-09T19:12:27.1672463Z Resolving deltas:  28% (159/565)
2023-02-09T19:12:27.1672742Z Resolving deltas:  29% (164/565)
2023-02-09T19:12:27.1694776Z Resolving deltas:  30% (170/565)
2023-02-09T19:12:27.1695044Z Resolving deltas:  31% (176/565)
2023-02-09T19:12:27.1695300Z Resolving deltas:  32% (181/565)
2023-02-09T19:12:27.1695554Z Resolving deltas:  33% (187/565)
2023-02-09T19:12:27.1695795Z Resolving deltas:  34% (193/565)
2023-02-09T19:12:27.1696051Z Resolving deltas:  35% (198/565)
2023-02-09T19:12:27.1696301Z Resolving deltas:  36% (204/565)
2023-02-09T19:12:27.1696553Z Resolving deltas:  37% (210/565)
2023-02-09T19:12:27.1696788Z Resolving deltas:  38% (215/565)
2023-02-09T19:12:27.1697035Z Resolving deltas:  39% (221/565)
2023-02-09T19:12:27.1697285Z Resolving deltas:  40% (226/565)
2023-02-09T19:12:27.1697519Z Resolving deltas:  41% (232/565)
2023-02-09T19:12:27.1697780Z Resolving deltas:  42% (238/565)
2023-02-09T19:12:27.1701118Z Resolving deltas:  43% (243/565)
2023-02-09T19:12:27.1707391Z Resolving deltas:  44% (249/565)
2023-02-09T19:12:27.1709785Z Resolving deltas:  45% (255/565)
2023-02-09T19:12:27.1724779Z Resolving deltas:  46% (260/565)
2023-02-09T19:12:27.1725064Z Resolving deltas:  47% (266/565)
2023-02-09T19:12:27.1728167Z Resolving deltas:  48% (272/565)
2023-02-09T19:12:27.1735352Z Resolving deltas:  49% (277/565)
2023-02-09T19:12:27.1740130Z Resolving deltas:  50% (283/565)
2023-02-09T19:12:27.1743656Z Resolving deltas:  51% (289/565)
2023-02-09T19:12:27.1748905Z Resolving deltas:  52% (294/565)
2023-02-09T19:12:27.1752536Z Resolving deltas:  53% (300/565)
2023-02-09T19:12:27.1760167Z Resolving deltas:  54% (306/565)
2023-02-09T19:12:27.1761360Z Resolving deltas:  55% (311/565)
2023-02-09T19:12:27.1771030Z Resolving deltas:  56% (317/565)
2023-02-09T19:12:27.1771324Z Resolving deltas:  57% (324/565)
2023-02-09T19:12:27.1771780Z Resolving deltas:  58% (328/565)
2023-02-09T19:12:27.1775465Z Resolving deltas:  59% (334/565)
2023-02-09T19:12:27.1783322Z Resolving deltas:  60% (339/565)
2023-02-09T19:12:27.1792966Z Resolving deltas:  61% (345/565)
2023-02-09T19:12:27.1800114Z Resolving deltas:  62% (351/565)
2023-02-09T19:12:27.1800441Z Resolving deltas:  63% (356/565)
2023-02-09T19:12:27.1819413Z Resolving deltas:  64% (362/565)
2023-02-09T19:12:27.1826227Z Resolving deltas:  65% (368/565)
2023-02-09T19:12:27.1833283Z Resolving deltas:  66% (373/565)
2023-02-09T19:12:27.1839040Z Resolving deltas:  67% (379/565)
2023-02-09T19:12:27.1840492Z Resolving deltas:  68% (385/565)
2023-02-09T19:12:27.1845067Z Resolving deltas:  69% (390/565)
2023-02-09T19:12:27.1849445Z Resolving deltas:  70% (396/565)
2023-02-09T19:12:27.1853671Z Resolving deltas:  71% (402/565)
2023-02-09T19:12:27.1859691Z Resolving deltas:  72% (407/565)
2023-02-09T19:12:27.1864763Z Resolving deltas:  73% (413/565)
2023-02-09T19:12:27.1867083Z Resolving deltas:  74% (419/565)
2023-02-09T19:12:27.1867378Z Resolving deltas:  75% (424/565)
2023-02-09T19:12:27.1873021Z Resolving deltas:  76% (430/565)
2023-02-09T19:12:27.1873313Z Resolving deltas:  77% (436/565)
2023-02-09T19:12:27.1873699Z Resolving deltas:  78% (441/565)
2023-02-09T19:12:27.1874388Z Resolving deltas:  79% (447/565)
2023-02-09T19:12:27.1874644Z Resolving deltas:  80% (452/565)
2023-02-09T19:12:27.1875053Z Resolving deltas:  81% (458/565)
2023-02-09T19:12:27.1877089Z Resolving deltas:  82% (464/565)
2023-02-09T19:12:27.1878933Z Resolving deltas:  83% (469/565)
2023-02-09T19:12:27.1880452Z Resolving deltas:  84% (475/565)
2023-02-09T19:12:27.1881872Z Resolving deltas:  85% (481/565)
2023-02-09T19:12:27.1883446Z Resolving deltas:  86% (486/565)
2023-02-09T19:12:27.1884820Z Resolving deltas:  87% (492/565)
2023-02-09T19:12:27.1886353Z Resolving deltas:  88% (498/565)
2023-02-09T19:12:27.1888048Z Resolving deltas:  89% (503/565)
2023-02-09T19:12:27.1889649Z Resolving deltas:  90% (509/565)
2023-02-09T19:12:27.1891099Z Resolving deltas:  91% (515/565)
2023-02-09T19:12:27.1896777Z Resolving deltas:  92% (520/565)
2023-02-09T19:12:27.1902989Z Resolving deltas:  93% (526/565)
2023-02-09T19:12:27.1906748Z Resolving deltas:  94% (532/565)
2023-02-09T19:12:27.1908808Z Resolving deltas:  95% (537/565)
2023-02-09T19:12:27.1915910Z Resolving deltas:  96% (543/565)
2023-02-09T19:12:27.1924097Z Resolving deltas:  97% (549/565)
2023-02-09T19:12:27.1930737Z Resolving deltas:  98% (554/565)
2023-02-09T19:12:27.1935733Z Resolving deltas:  99% (560/565)
2023-02-09T19:12:27.1942424Z Resolving deltas: 100% (565/565)
2023-02-09T19:12:27.1942958Z Resolving deltas: 100% (565/565), done.
2023-02-09T19:12:27.2113042Z From https://github.com/con/tinuous
2023-02-09T19:12:27.2114149Z  * [new branch]      gh-160                                   -> origin/gh-160
2023-02-09T19:12:27.2118207Z  * [new branch]      gh-55                                    -> origin/gh-55
2023-02-09T19:12:27.2119093Z  * [new branch]      master                                   -> origin/master
2023-02-09T19:12:27.2120072Z  * [new branch]      no-extra-search                          -> origin/no-extra-search
2023-02-09T19:12:27.2123589Z  * [new branch]      py3.11                                   -> origin/py3.11
2023-02-09T19:12:27.2126360Z  * [new branch]      test-appveyor                            -> origin/test-appveyor
2023-02-09T19:12:27.2127088Z  * [new tag]         0.1.0                                    -> 0.1.0
2023-02-09T19:12:27.2129712Z  * [new tag]         0.2.0                                    -> 0.2.0
2023-02-09T19:12:27.2130259Z  * [new tag]         0.3.0                                    -> 0.3.0
2023-02-09T19:12:27.2130884Z  * [new tag]         0.4.0                                    -> 0.4.0
2023-02-09T19:12:27.2135453Z  * [new tag]         0.5.0                                    -> 0.5.0
2023-02-09T19:12:27.2136020Z  * [new tag]         0.5.1                                    -> 0.5.1
2023-02-09T19:12:27.2136605Z  * [new tag]         0.5.2                                    -> 0.5.2
2023-02-09T19:12:27.2138097Z  * [new tag]         0.5.3                                    -> 0.5.3
2023-02-09T19:12:27.2141349Z  * [new tag]         0.5.4                                    -> 0.5.4
2023-02-09T19:12:27.2144835Z  * [new tag]         0.6.0                                    -> 0.6.0
2023-02-09T19:12:27.2145683Z  * [new ref]         7c3be1d64800d04d3044eba65b477289f9658da5 -> pull/161/merge
2023-02-09T19:12:27.2185579Z ##[endgroup]
2023-02-09T19:12:27.2186310Z ##[group]Determining the checkout info
2023-02-09T19:12:27.2186950Z ##[endgroup]
2023-02-09T19:12:27.2188065Z ##[group]Checking out the ref
2023-02-09T19:12:27.2188842Z [command]/usr/bin/git checkout --progress --force refs/remotes/pull/161/merge
2023-02-09T19:12:27.2265672Z Note: switching to 'refs/remotes/pull/161/merge'.
2023-02-09T19:12:27.2266160Z 
2023-02-09T19:12:27.2266618Z You are in 'detached HEAD' state. You can look around, make experimental
2023-02-09T19:12:27.2267225Z changes and commit them, and you can discard any commits you make in this
2023-02-09T19:12:27.2268026Z state without impacting any branches by switching back to a branch.
2023-02-09T19:12:27.2270463Z 
2023-02-09T19:12:27.2270796Z If you want to create a new branch to retain commits you create, you may
2023-02-09T19:12:27.2273502Z do so (now or later) by using -c with the switch command. Example:
2023-02-09T19:12:27.2273869Z 
2023-02-09T19:12:27.2274285Z   git switch -c <new-branch-name>
2023-02-09T19:12:27.2274611Z 
2023-02-09T19:12:27.2274873Z Or undo this operation with:
2023-02-09T19:12:27.2455230Z 
2023-02-09T19:12:27.2455710Z   git switch -
2023-02-09T19:12:27.2456151Z 
2023-02-09T19:12:27.2457376Z Turn off this advice by setting config variable advice.detachedHead to false
2023-02-09T19:12:27.2457750Z 
2023-02-09T19:12:27.2459113Z HEAD is now at 7c3be1d Merge ca31cb7a78969cd4ea740fedcc830e07a38ed7d0 into a073f29d9ebe5974c618951f263fbb473532521f
2023-02-09T19:12:27.2461468Z ##[endgroup]
2023-02-09T19:12:27.2471488Z [command]/usr/bin/git log -1 --format='%H'
2023-02-09T19:12:27.2472828Z '7c3be1d64800d04d3044eba65b477289f9658da5'
2023-02-09T19:12:27.2883604Z ##[group]Run actions/setup-python@v4
2023-02-09T19:12:27.2883909Z with:
2023-02-09T19:12:27.2884137Z   python-version: 3.8
2023-02-09T19:12:27.2884368Z   check-latest: false
2023-02-09T19:12:27.2884737Z   token: ***
2023-02-09T19:12:27.2884979Z   update-environment: true
2023-02-09T19:12:27.2885210Z ##[endgroup]
2023-02-09T19:12:27.5034068Z ##[group]Installed versions
2023-02-09T19:12:27.5154696Z Successfully set up CPython (3.8.16)
2023-02-09T19:12:27.5155873Z ##[endgroup]
2023-02-09T19:12:27.5384067Z ##[group]Run python -m pip install --upgrade pip wheel
2023-02-09T19:12:27.5384737Z [36;1mpython -m pip install --upgrade pip wheel[0m
2023-02-09T19:12:27.5385127Z [36;1mpython -m pip install --upgrade --upgrade-strategy=eager tox[0m
2023-02-09T19:12:27.5449789Z shell: /usr/bin/bash -e {0}
2023-02-09T19:12:27.5450032Z env:
2023-02-09T19:12:27.5450673Z   pythonLocation: /opt/hostedtoolcache/Python/3.8.16/x64
2023-02-09T19:12:27.5451203Z   PKG_CONFIG_PATH: /opt/hostedtoolcache/Python/3.8.16/x64/lib/pkgconfig
2023-02-09T19:12:27.5451563Z   Python_ROOT_DIR: /opt/hostedtoolcache/Python/3.8.16/x64
2023-02-09T19:12:27.5451909Z   Python2_ROOT_DIR: /opt/hostedtoolcache/Python/3.8.16/x64
2023-02-09T19:12:27.5452306Z   Python3_ROOT_DIR: /opt/hostedtoolcache/Python/3.8.16/x64
2023-02-09T19:12:27.5452883Z   LD_LIBRARY_PATH: /opt/hostedtoolcache/Python/3.8.16/x64/lib
2023-02-09T19:12:27.5453221Z ##[endgroup]
2023-02-09T19:12:28.6734009Z Requirement already satisfied: pip in /opt/hostedtoolcache/Python/3.8.16/x64/lib/python3.8/site-packages (23.0)
2023-02-09T19:12:28.9452660Z Collecting wheel
2023-02-09T19:12:29.0601341Z   Downloading wheel-0.38.4-py3-none-any.whl (36 kB)
2023-02-09T19:12:29.1192419Z Installing collected packages: wheel
2023-02-09T19:12:29.1651870Z Successfully installed wheel-0.38.4
2023-02-09T19:12:30.3498449Z Collecting tox
2023-02-09T19:12:30.4543564Z   Downloading tox-4.4.5-py3-none-any.whl (148 kB)
2023-02-09T19:12:30.4960144Z      ━━━━━━━━━━━━━━━━━━━━━━━━━━━━━━━━━━━━━━━ 148.8/148.8 kB 4.2 MB/s eta 0:00:00
2023-02-09T19:12:30.5885505Z Collecting colorama>=0.4.6
2023-02-09T19:12:30.5932797Z   Downloading colorama-0.4.6-py2.py3-none-any.whl (25 kB)
2023-02-09T19:12:30.7709354Z Collecting virtualenv>=20.17.1
2023-02-09T19:12:30.7760960Z   Downloading virtualenv-20.19.0-py3-none-any.whl (8.7 MB)
2023-02-09T19:12:30.9161725Z      ━━━━━━━━━━━━━━━━━━━━━━━━━━━━━━━━━━━━━━━━ 8.7/8.7 MB 64.1 MB/s eta 0:00:00
2023-02-09T19:12:30.9805474Z Collecting tomli>=2.0.1
2023-02-09T19:12:30.9853662Z   Downloading tomli-2.0.1-py3-none-any.whl (12 kB)
2023-02-09T19:12:31.0441813Z Collecting filelock>=3.9
2023-02-09T19:12:31.0490314Z   Downloading filelock-3.9.0-py3-none-any.whl (9.7 kB)
2023-02-09T19:12:31.0912032Z Collecting pyproject-api>=1.5
2023-02-09T19:12:31.1035668Z   Downloading pyproject_api-1.5.0-py3-none-any.whl (12 kB)
2023-02-09T19:12:31.1442821Z Collecting platformdirs>=2.6.2
2023-02-09T19:12:31.1495974Z   Downloading platformdirs-3.0.0-py3-none-any.whl (14 kB)
2023-02-09T19:12:31.1875895Z Collecting cachetools>=5.3
2023-02-09T19:12:31.1949511Z   Downloading cachetools-5.3.0-py3-none-any.whl (9.3 kB)
2023-02-09T19:12:31.2311210Z Collecting pluggy>=1
2023-02-09T19:12:31.2383826Z   Downloading pluggy-1.0.0-py2.py3-none-any.whl (13 kB)
2023-02-09T19:12:31.2864938Z Collecting packaging>=23
2023-02-09T19:12:31.3037321Z   Downloading packaging-23.0-py3-none-any.whl (42 kB)
2023-02-09T19:12:31.3107138Z      ━━━━━━━━━━━━━━━━━━━━━━━━━━━━━━━━━━━━━━━━ 42.7/42.7 kB 9.6 MB/s eta 0:00:00
2023-02-09T19:12:31.3343417Z Collecting chardet>=5.1
2023-02-09T19:12:31.3414866Z   Downloading chardet-5.1.0-py3-none-any.whl (199 kB)
2023-02-09T19:12:31.3511386Z      ━━━━━━━━━━━━━━━━━━━━━━━━━━━━━━━━━━━━━━ 199.1/199.1 kB 35.9 MB/s eta 0:00:00
2023-02-09T19:12:31.4779916Z Collecting distlib<1,>=0.3.6
2023-02-09T19:12:31.4833216Z   Downloading distlib-0.3.6-py2.py3-none-any.whl (468 kB)
2023-02-09T19:12:31.4965217Z      ━━━━━━━━━━━━━━━━━━━━━━━━━━━━━━━━━━━━━━ 468.5/468.5 kB 50.0 MB/s eta 0:00:00
2023-02-09T19:12:31.6843544Z Installing collected packages: distlib, tomli, pluggy, platformdirs, packaging, filelock, colorama, chardet, cachetools, virtualenv, pyproject-api, tox
2023-02-09T19:12:32.6286428Z Successfully installed cachetools-5.3.0 chardet-5.1.0 colorama-0.4.6 distlib-0.3.6 filelock-3.9.0 packaging-23.0 platformdirs-3.0.0 pluggy-1.0.0 pyproject-api-1.5.0 tomli-2.0.1 tox-4.4.5 virtualenv-20.19.0
2023-02-09T19:12:32.8692331Z ##[group]Run tox -e lint
2023-02-09T19:12:32.8692745Z [36;1mtox -e lint[0m
2023-02-09T19:12:32.8750377Z shell: /usr/bin/bash -e {0}
2023-02-09T19:12:32.8750716Z env:
2023-02-09T19:12:32.8751034Z   pythonLocation: /opt/hostedtoolcache/Python/3.8.16/x64
2023-02-09T19:12:32.8751495Z   PKG_CONFIG_PATH: /opt/hostedtoolcache/Python/3.8.16/x64/lib/pkgconfig
2023-02-09T19:12:32.8751945Z   Python_ROOT_DIR: /opt/hostedtoolcache/Python/3.8.16/x64
2023-02-09T19:12:32.8752420Z   Python2_ROOT_DIR: /opt/hostedtoolcache/Python/3.8.16/x64
2023-02-09T19:12:32.8752822Z   Python3_ROOT_DIR: /opt/hostedtoolcache/Python/3.8.16/x64
2023-02-09T19:12:32.8753239Z   LD_LIBRARY_PATH: /opt/hostedtoolcache/Python/3.8.16/x64/lib
2023-02-09T19:12:32.8753599Z ##[endgroup]
2023-02-09T19:12:33.7074397Z lint: install_deps> python -I -m pip install flake8-bugbear 'flake8-builtins~=1.4' flake8-unused-arguments 'flake8~=3.7'
2023-02-09T19:12:36.3606735Z lint: freeze> python -m pip freeze --all
2023-02-09T19:12:36.8532915Z lint: attrs==22.2.0,flake8==3.9.2,flake8-bugbear==23.1.20,flake8-builtins==1.5.3,flake8-unused-arguments==0.0.13,mccabe==0.6.1,pip==23.0,pycodestyle==2.7.0,pyflakes==2.3.1,setuptools==67.1.0,wheel==0.38.4
2023-02-09T19:12:36.8540654Z lint: commands[0]> flake8 --config=tox.ini src test
2023-02-09T19:12:38.3944089Z   lint: OK (5.12=setup[3.59]+cmd[1.54] seconds)
2023-02-09T19:12:38.3945119Z   congratulations :) (5.32 seconds)
2023-02-09T19:12:38.4582911Z Post job cleanup.
2023-02-09T19:12:38.6641977Z Post job cleanup.
2023-02-09T19:12:38.8261968Z [command]/usr/bin/git version
2023-02-09T19:12:38.8328194Z git version 2.39.1
2023-02-09T19:12:38.8397464Z Temporarily overriding HOME='/home/runner/work/_temp/a15d4da6-5851-44bc-ad82-ec01dd50d202' before making global git config changes
2023-02-09T19:12:38.8399133Z Adding repository directory to the temporary git global config as a safe directory
2023-02-09T19:12:38.8406172Z [command]/usr/bin/git config --global --add safe.directory /home/runner/work/tinuous/tinuous
2023-02-09T19:12:38.8468204Z [command]/usr/bin/git config --local --name-only --get-regexp core\.sshCommand
2023-02-09T19:12:38.8511930Z [command]/usr/bin/git submodule foreach --recursive sh -c "git config --local --name-only --get-regexp 'core\.sshCommand' && git config --local --unset-all 'core.sshCommand' || :"
2023-02-09T19:12:38.8873918Z [command]/usr/bin/git config --local --name-only --get-regexp http\.https\:\/\/github\.com\/\.extraheader
2023-02-09T19:12:38.8928449Z http.https://github.com/.extraheader
2023-02-09T19:12:38.8944871Z [command]/usr/bin/git config --local --unset-all http.https://github.com/.extraheader
2023-02-09T19:12:38.8989374Z [command]/usr/bin/git submodule foreach --recursive sh -c "git config --local --name-only --get-regexp 'http\.https\:\/\/github\.com\/\.extraheader' && git config --local --unset-all 'http.https://github.com/.extraheader' || :"
2023-02-09T19:12:38.9534059Z Cleaning up orphan processes
