2025-09-02T15:17:58.0868379Z Current runner version: '2.328.0'
2025-09-02T15:17:58.0894045Z ##[group]Runner Image Provisioner
2025-09-02T15:17:58.0894996Z Hosted Compute Agent
2025-09-02T15:17:58.0895571Z Version: 20250821.380
2025-09-02T15:17:58.0896135Z Commit: 438d12cb4fe092871db9867344e3bc0bc5319035
2025-09-02T15:17:58.0896907Z Build Date: 2025-08-21T20:49:43Z
2025-09-02T15:17:58.0897480Z ##[endgroup]
2025-09-02T15:17:58.0898030Z ##[group]Operating System
2025-09-02T15:17:58.0898654Z Ubuntu
2025-09-02T15:17:58.0899084Z 24.04.3
2025-09-02T15:17:58.0899523Z LTS
2025-09-02T15:17:58.0900007Z ##[endgroup]
2025-09-02T15:17:58.0900498Z ##[group]Runner Image
2025-09-02T15:17:58.0901059Z Image: ubuntu-24.04
2025-09-02T15:17:58.0901597Z Version: 20250824.1.0
2025-09-02T15:17:58.0902789Z Included Software: https://github.com/actions/runner-images/blob/ubuntu24/20250824.1/images/ubuntu/Ubuntu2404-Readme.md
2025-09-02T15:17:58.0904365Z Image Release: https://github.com/actions/runner-images/releases/tag/ubuntu24%2F20250824.1
2025-09-02T15:17:58.0905352Z ##[endgroup]
2025-09-02T15:17:58.0907883Z ##[group]GITHUB_TOKEN Permissions
2025-09-02T15:17:58.0910055Z Actions: write
2025-09-02T15:17:58.0910594Z Attestations: write
2025-09-02T15:17:58.0911185Z Checks: write
2025-09-02T15:17:58.0911707Z Contents: write
2025-09-02T15:17:58.0912349Z Deployments: write
2025-09-02T15:17:58.0912938Z Discussions: write
2025-09-02T15:17:58.0913478Z Issues: write
2025-09-02T15:17:58.0913930Z Metadata: read
2025-09-02T15:17:58.0914467Z Models: read
2025-09-02T15:17:58.0914952Z Packages: write
2025-09-02T15:17:58.0915415Z Pages: write
2025-09-02T15:17:58.0915986Z PullRequests: write
2025-09-02T15:17:58.0916488Z RepositoryProjects: write
2025-09-02T15:17:58.0917055Z SecurityEvents: write
2025-09-02T15:17:58.0918093Z Statuses: write
2025-09-02T15:17:58.0918573Z ##[endgroup]
2025-09-02T15:17:58.0920761Z Secret source: Actions
2025-09-02T15:17:58.0921599Z Prepare workflow directory
2025-09-02T15:17:58.1268505Z Prepare all required actions
2025-09-02T15:17:58.1311094Z Getting action download info
2025-09-02T15:17:58.5656209Z Download action repository 'actions/checkout@v4' (SHA:08eba0b27e820071cde6df949e0beb9ba4906955)
2025-09-02T15:17:58.7146743Z Download action repository 'actions/setup-python@v5' (SHA:a26af69be951a213d495a4c3e4e4022e16d87065)
2025-09-02T15:17:58.8259913Z Download action repository 'codecov/codecov-action@v5' (SHA:fdcc8476540edceab3de004e990f80d881c6cc00)
2025-09-02T15:17:59.4495309Z Getting action download info
2025-09-02T15:17:59.6022634Z Download action repository 'actions/github-script@60a0d83039c74a4aee543508d2ffcb1c3799cdea' (SHA:60a0d83039c74a4aee543508d2ffcb1c3799cdea)
2025-09-02T15:18:00.4822919Z Complete job name: test (3.11, py)
2025-09-02T15:18:00.5696620Z ##[group]Run actions/checkout@v4
2025-09-02T15:18:00.5697979Z with:
2025-09-02T15:18:00.5698736Z   fetch-depth: 0
2025-09-02T15:18:00.5699562Z   repository: con/tinuous
2025-09-02T15:18:00.5700845Z   token: ***
2025-09-02T15:18:00.5701616Z   ssh-strict: true
2025-09-02T15:18:00.5702801Z   ssh-user: git
2025-09-02T15:18:00.5703651Z   persist-credentials: true
2025-09-02T15:18:00.5704529Z   clean: true
2025-09-02T15:18:00.5705337Z   sparse-checkout-cone-mode: true
2025-09-02T15:18:00.5706317Z   fetch-tags: false
2025-09-02T15:18:00.5707156Z   show-progress: true
2025-09-02T15:18:00.5707976Z   lfs: false
2025-09-02T15:18:00.5708707Z   submodules: false
2025-09-02T15:18:00.5709516Z   set-safe-directory: true
2025-09-02T15:18:00.5710709Z ##[endgroup]
2025-09-02T15:18:00.6847971Z Syncing repository: con/tinuous
2025-09-02T15:18:00.6850594Z ##[group]Getting Git version info
2025-09-02T15:18:00.6851879Z Working directory is '/home/runner/work/tinuous/tinuous'
2025-09-02T15:18:00.6854213Z [command]/usr/bin/git version
2025-09-02T15:18:00.8497219Z git version 2.51.0
2025-09-02T15:18:00.8524748Z ##[endgroup]
2025-09-02T15:18:00.8542536Z Temporarily overriding HOME='/home/runner/work/_temp/fd78617d-89e0-4d19-a968-91bcfc88e5d2' before making global git config changes
2025-09-02T15:18:00.8546946Z Adding repository directory to the temporary git global config as a safe directory
2025-09-02T15:18:00.8557087Z [command]/usr/bin/git config --global --add safe.directory /home/runner/work/tinuous/tinuous
2025-09-02T15:18:00.8599051Z Deleting the contents of '/home/runner/work/tinuous/tinuous'
2025-09-02T15:18:00.8603228Z ##[group]Initializing the repository
2025-09-02T15:18:00.8608472Z [command]/usr/bin/git init /home/runner/work/tinuous/tinuous
2025-09-02T15:18:00.8770367Z hint: Using 'master' as the name for the initial branch. This default branch name
2025-09-02T15:18:00.8773915Z hint: is subject to change. To configure the initial branch name to use in all
2025-09-02T15:18:00.8776347Z hint: of your new repositories, which will suppress this warning, call:
2025-09-02T15:18:00.8777669Z hint:
2025-09-02T15:18:00.8778597Z hint: 	git config --global init.defaultBranch <name>
2025-09-02T15:18:00.8779719Z hint:
2025-09-02T15:18:00.8781284Z hint: Names commonly chosen instead of 'master' are 'main', 'trunk' and
2025-09-02T15:18:00.8783297Z hint: 'development'. The just-created branch can be renamed via this command:
2025-09-02T15:18:00.8784821Z hint:
2025-09-02T15:18:00.8785563Z hint: 	git branch -m <name>
2025-09-02T15:18:00.8786669Z hint:
2025-09-02T15:18:00.8788018Z hint: Disable this message with "git config set advice.defaultBranchName false"
2025-09-02T15:18:00.8789921Z Initialized empty Git repository in /home/runner/work/tinuous/tinuous/.git/
2025-09-02T15:18:00.8793204Z [command]/usr/bin/git remote add origin https://github.com/con/tinuous
2025-09-02T15:18:00.8837203Z ##[endgroup]
2025-09-02T15:18:00.8838627Z ##[group]Disabling automatic garbage collection
2025-09-02T15:18:00.8839918Z [command]/usr/bin/git config --local gc.auto 0
2025-09-02T15:18:00.8868956Z ##[endgroup]
2025-09-02T15:18:00.8870240Z ##[group]Setting up auth
2025-09-02T15:18:00.8875701Z [command]/usr/bin/git config --local --name-only --get-regexp core\.sshCommand
2025-09-02T15:18:00.8908141Z [command]/usr/bin/git submodule foreach --recursive sh -c "git config --local --name-only --get-regexp 'core\.sshCommand' && git config --local --unset-all 'core.sshCommand' || :"
2025-09-02T15:18:00.9276466Z [command]/usr/bin/git config --local --name-only --get-regexp http\.https\:\/\/github\.com\/\.extraheader
2025-09-02T15:18:00.9307413Z [command]/usr/bin/git submodule foreach --recursive sh -c "git config --local --name-only --get-regexp 'http\.https\:\/\/github\.com\/\.extraheader' && git config --local --unset-all 'http.https://github.com/.extraheader' || :"
2025-09-02T15:18:00.9536025Z [command]/usr/bin/git config --local http.https://github.com/.extraheader AUTHORIZATION: basic ***
2025-09-02T15:18:00.9572655Z ##[endgroup]
2025-09-02T15:18:00.9574501Z ##[group]Fetching the repository
2025-09-02T15:18:00.9591709Z [command]/usr/bin/git -c protocol.version=2 fetch --prune --no-recurse-submodules origin +refs/heads/*:refs/remotes/origin/* +refs/tags/*:refs/tags/*
2025-09-02T15:18:01.7121228Z From https://github.com/con/tinuous
2025-09-02T15:18:01.7123506Z  * [new branch]      bf-circleci     -> origin/bf-circleci
2025-09-02T15:18:01.7127197Z  * [new branch]      dependabot/github_actions/actions/checkout-5 -> origin/dependabot/github_actions/actions/checkout-5
2025-09-02T15:18:01.7129046Z  * [new branch]      gh-55           -> origin/gh-55
2025-09-02T15:18:01.7130348Z  * [new branch]      master          -> origin/master
2025-09-02T15:18:01.7131706Z  * [new branch]      no-extra-search -> origin/no-extra-search
2025-09-02T15:18:01.7133276Z  * [new branch]      pragmata        -> origin/pragmata
2025-09-02T15:18:01.7134628Z  * [new branch]      test-appveyor   -> origin/test-appveyor
2025-09-02T15:18:01.7135870Z  * [new tag]         0.1.0           -> 0.1.0
2025-09-02T15:18:01.7137022Z  * [new tag]         0.2.0           -> 0.2.0
2025-09-02T15:18:01.7138192Z  * [new tag]         0.3.0           -> 0.3.0
2025-09-02T15:18:01.7139365Z  * [new tag]         0.4.0           -> 0.4.0
2025-09-02T15:18:01.7140561Z  * [new tag]         0.5.0           -> 0.5.0
2025-09-02T15:18:01.7142207Z  * [new tag]         0.5.1           -> 0.5.1
2025-09-02T15:18:01.7143424Z  * [new tag]         0.5.2           -> 0.5.2
2025-09-02T15:18:01.7144600Z  * [new tag]         0.5.3           -> 0.5.3
2025-09-02T15:18:01.7145791Z  * [new tag]         0.5.4           -> 0.5.4
2025-09-02T15:18:01.7146928Z  * [new tag]         0.6.0           -> 0.6.0
2025-09-02T15:18:01.7148063Z  * [new tag]         0.6.1           -> 0.6.1
2025-09-02T15:18:01.7149198Z  * [new tag]         0.7.0           -> 0.7.0
2025-09-02T15:18:01.7193425Z [command]/usr/bin/git branch --list --remote origin/master
2025-09-02T15:18:01.7221287Z   origin/master
2025-09-02T15:18:01.7233190Z [command]/usr/bin/git rev-parse refs/remotes/origin/master
2025-09-02T15:18:01.7258007Z 7c84a579598ec13c5cf95971e2eb8f8822ac7ac9
2025-09-02T15:18:01.7267159Z ##[endgroup]
2025-09-02T15:18:01.7268791Z ##[group]Determining the checkout info
2025-09-02T15:18:01.7271067Z ##[endgroup]
2025-09-02T15:18:01.7272403Z [command]/usr/bin/git sparse-checkout disable
2025-09-02T15:18:01.7321371Z [command]/usr/bin/git config --local --unset-all extensions.worktreeConfig
2025-09-02T15:18:01.7352218Z ##[group]Checking out the ref
2025-09-02T15:18:01.7357014Z [command]/usr/bin/git checkout --progress --force -B master refs/remotes/origin/master
2025-09-02T15:18:01.7423512Z Reset branch 'master'
2025-09-02T15:18:01.7425208Z branch 'master' set up to track 'origin/master'.
2025-09-02T15:18:01.7432384Z ##[endgroup]
2025-09-02T15:18:01.7474957Z [command]/usr/bin/git log -1 --format=%H
2025-09-02T15:18:01.7500787Z 7c84a579598ec13c5cf95971e2eb8f8822ac7ac9
2025-09-02T15:18:01.7800903Z ##[group]Run actions/setup-python@v5
2025-09-02T15:18:01.7801266Z with:
2025-09-02T15:18:01.7801499Z   python-version: 3.11
2025-09-02T15:18:01.7801754Z   check-latest: false
2025-09-02T15:18:01.7802392Z   token: ***
2025-09-02T15:18:01.7802651Z   update-environment: true
2025-09-02T15:18:01.7802939Z   allow-prereleases: false
2025-09-02T15:18:01.7803206Z   freethreaded: false
2025-09-02T15:18:01.7803458Z ##[endgroup]
2025-09-02T15:18:01.9489582Z ##[group]Installed versions
2025-09-02T15:18:01.9628392Z Successfully set up CPython (3.11.13)
2025-09-02T15:18:01.9629416Z ##[endgroup]
2025-09-02T15:18:01.9759204Z ##[group]Run python -m pip install --upgrade pip wheel
2025-09-02T15:18:01.9759748Z [36;1mpython -m pip install --upgrade pip wheel[0m
2025-09-02T15:18:01.9760217Z [36;1mpython -m pip install --upgrade --upgrade-strategy=eager tox[0m
2025-09-02T15:18:01.9836401Z shell: /usr/bin/bash -e {0}
2025-09-02T15:18:01.9836742Z env:
2025-09-02T15:18:01.9837065Z   pythonLocation: /opt/hostedtoolcache/Python/3.11.13/x64
2025-09-02T15:18:01.9837567Z   PKG_CONFIG_PATH: /opt/hostedtoolcache/Python/3.11.13/x64/lib/pkgconfig
2025-09-02T15:18:01.9838058Z   Python_ROOT_DIR: /opt/hostedtoolcache/Python/3.11.13/x64
2025-09-02T15:18:01.9838485Z   Python2_ROOT_DIR: /opt/hostedtoolcache/Python/3.11.13/x64
2025-09-02T15:18:01.9838894Z   Python3_ROOT_DIR: /opt/hostedtoolcache/Python/3.11.13/x64
2025-09-02T15:18:01.9839319Z   LD_LIBRARY_PATH: /opt/hostedtoolcache/Python/3.11.13/x64/lib
2025-09-02T15:18:01.9839676Z ##[endgroup]
2025-09-02T15:18:04.7198585Z Requirement already satisfied: pip in /opt/hostedtoolcache/Python/3.11.13/x64/lib/python3.11/site-packages (25.2)
2025-09-02T15:18:04.8464688Z Collecting wheel
2025-09-02T15:18:04.9164962Z   Downloading wheel-0.45.1-py3-none-any.whl.metadata (2.3 kB)
2025-09-02T15:18:04.9355111Z Downloading wheel-0.45.1-py3-none-any.whl (72 kB)
2025-09-02T15:18:04.9715529Z Installing collected packages: wheel
2025-09-02T15:18:05.0183361Z Successfully installed wheel-0.45.1
2025-09-02T15:18:05.6312347Z Collecting tox
2025-09-02T15:18:05.6865970Z   Downloading tox-4.29.0-py3-none-any.whl.metadata (3.6 kB)
2025-09-02T15:18:05.7125410Z Collecting cachetools>=6.1 (from tox)
2025-09-02T15:18:05.7239142Z   Downloading cachetools-6.2.0-py3-none-any.whl.metadata (5.4 kB)
2025-09-02T15:18:05.7433486Z Collecting chardet>=5.2 (from tox)
2025-09-02T15:18:05.7543276Z   Downloading chardet-5.2.0-py3-none-any.whl.metadata (3.4 kB)
2025-09-02T15:18:05.7787521Z Collecting colorama>=0.4.6 (from tox)
2025-09-02T15:18:05.7896300Z   Downloading colorama-0.4.6-py2.py3-none-any.whl.metadata (17 kB)
2025-09-02T15:18:05.8208574Z Collecting filelock>=3.18 (from tox)
2025-09-02T15:18:05.8323587Z   Downloading filelock-3.19.1-py3-none-any.whl.metadata (2.1 kB)
2025-09-02T15:18:05.8577901Z Collecting packaging>=25 (from tox)
2025-09-02T15:18:05.8687624Z   Downloading packaging-25.0-py3-none-any.whl.metadata (3.3 kB)
2025-09-02T15:18:05.9062966Z Collecting platformdirs>=4.3.8 (from tox)
2025-09-02T15:18:05.9174570Z   Downloading platformdirs-4.4.0-py3-none-any.whl.metadata (12 kB)
2025-09-02T15:18:05.9421154Z Collecting pluggy>=1.6 (from tox)
2025-09-02T15:18:05.9529364Z   Downloading pluggy-1.6.0-py3-none-any.whl.metadata (4.8 kB)
2025-09-02T15:18:05.9742525Z Collecting pyproject-api>=1.9.1 (from tox)
2025-09-02T15:18:05.9851461Z   Downloading pyproject_api-1.9.1-py3-none-any.whl.metadata (2.7 kB)
2025-09-02T15:18:06.0383477Z Collecting virtualenv>=20.31.2 (from tox)
2025-09-02T15:18:06.0490066Z   Downloading virtualenv-20.34.0-py3-none-any.whl.metadata (4.6 kB)
2025-09-02T15:18:06.0785719Z Collecting distlib<1,>=0.3.7 (from virtualenv>=20.31.2->tox)
2025-09-02T15:18:06.0894773Z   Downloading distlib-0.4.0-py2.py3-none-any.whl.metadata (5.2 kB)
2025-09-02T15:18:06.1126047Z Downloading tox-4.29.0-py3-none-any.whl (174 kB)
2025-09-02T15:18:06.1455153Z Downloading cachetools-6.2.0-py3-none-any.whl (11 kB)
2025-09-02T15:18:06.1583214Z Downloading chardet-5.2.0-py3-none-any.whl (199 kB)
2025-09-02T15:18:06.1748782Z Downloading colorama-0.4.6-py2.py3-none-any.whl (25 kB)
2025-09-02T15:18:06.1893067Z Downloading filelock-3.19.1-py3-none-any.whl (15 kB)
2025-09-02T15:18:06.2026945Z Downloading packaging-25.0-py3-none-any.whl (66 kB)
2025-09-02T15:18:06.2160024Z Downloading platformdirs-4.4.0-py3-none-any.whl (18 kB)
2025-09-02T15:18:06.2293821Z Downloading pluggy-1.6.0-py3-none-any.whl (20 kB)
2025-09-02T15:18:06.2423224Z Downloading pyproject_api-1.9.1-py3-none-any.whl (13 kB)
2025-09-02T15:18:06.2553072Z Downloading virtualenv-20.34.0-py3-none-any.whl (6.0 MB)
2025-09-02T15:18:06.3020806Z    ━━━━━━━━━━━━━━━━━━━━━━━━━━━━━━━━━━━━━━━━ 6.0/6.0 MB 132.9 MB/s  0:00:00
2025-09-02T15:18:06.3131276Z Downloading distlib-0.4.0-py2.py3-none-any.whl (469 kB)
2025-09-02T15:18:06.3525087Z Installing collected packages: distlib, pluggy, platformdirs, packaging, filelock, colorama, chardet, cachetools, virtualenv, pyproject-api, tox
2025-09-02T15:18:07.0342776Z 
2025-09-02T15:18:07.0357691Z Successfully installed cachetools-6.2.0 chardet-5.2.0 colorama-0.4.6 distlib-0.4.0 filelock-3.19.1 packaging-25.0 platformdirs-4.4.0 pluggy-1.6.0 pyproject-api-1.9.1 tox-4.29.0 virtualenv-20.34.0
2025-09-02T15:18:07.1133227Z ##[group]Run tox -e py -- --cov-report=xml
2025-09-02T15:18:07.1133591Z [36;1mtox -e py -- --cov-report=xml[0m
2025-09-02T15:18:07.1163497Z shell: /usr/bin/bash -e {0}
2025-09-02T15:18:07.1163721Z env:
2025-09-02T15:18:07.1163964Z   pythonLocation: /opt/hostedtoolcache/Python/3.11.13/x64
2025-09-02T15:18:07.1164387Z   PKG_CONFIG_PATH: /opt/hostedtoolcache/Python/3.11.13/x64/lib/pkgconfig
2025-09-02T15:18:07.1164769Z   Python_ROOT_DIR: /opt/hostedtoolcache/Python/3.11.13/x64
2025-09-02T15:18:07.1165111Z   Python2_ROOT_DIR: /opt/hostedtoolcache/Python/3.11.13/x64
2025-09-02T15:18:07.1165452Z   Python3_ROOT_DIR: /opt/hostedtoolcache/Python/3.11.13/x64
2025-09-02T15:18:07.1165783Z   LD_LIBRARY_PATH: /opt/hostedtoolcache/Python/3.11.13/x64/lib
2025-09-02T15:18:07.1166072Z ##[endgroup]
2025-09-02T15:18:07.8771721Z py: install_deps> python -I -m pip install pytest pytest-cov pytest-mock
2025-09-02T15:18:10.9431781Z .pkg: install_requires> python -I -m pip install 'setuptools>=46.4.0' versioningit
2025-09-02T15:18:12.1019816Z .pkg: _optional_hooks> python /opt/hostedtoolcache/Python/3.11.13/x64/lib/python3.11/site-packages/pyproject_api/_backend.py True setuptools.build_meta
2025-09-02T15:18:12.4284080Z .pkg: get_requires_for_build_sdist> python /opt/hostedtoolcache/Python/3.11.13/x64/lib/python3.11/site-packages/pyproject_api/_backend.py True setuptools.build_meta
2025-09-02T15:18:12.6796308Z .pkg: get_requires_for_build_wheel> python /opt/hostedtoolcache/Python/3.11.13/x64/lib/python3.11/site-packages/pyproject_api/_backend.py True setuptools.build_meta
2025-09-02T15:18:12.8996684Z .pkg: freeze> python -m pip freeze --all
2025-09-02T15:18:13.1271407Z .pkg: packaging==25.0,pip==25.2,setuptools==80.9.0,versioningit==3.3.0
2025-09-02T15:18:13.1276290Z .pkg: prepare_metadata_for_build_wheel> python /opt/hostedtoolcache/Python/3.11.13/x64/lib/python3.11/site-packages/pyproject_api/_backend.py True setuptools.build_meta
2025-09-02T15:18:13.3756608Z .pkg: build_sdist> python /opt/hostedtoolcache/Python/3.11.13/x64/lib/python3.11/site-packages/pyproject_api/_backend.py True setuptools.build_meta
2025-09-02T15:18:13.6290688Z py: install_package_deps> python -I -m pip install 'PyYAML>=5.0' 'click-loglevel~=0.2' 'click>=7.0' 'ghtoken~=0.1' 'in_place~=1.0' 'pydantic~=2.0' 'python-dateutil~=2.7' 'python-dotenv<2.0,>=0.11' 'requests~=2.20'
2025-09-02T15:18:17.6998859Z py: install_package> python -I -m pip install --force-reinstall --no-deps /home/runner/work/tinuous/tinuous/.tox/.tmp/package/1/tinuous-0.7.0.post17+g7c84a57.tar.gz
2025-09-02T15:18:19.9454594Z py: freeze> python -m pip freeze --all
2025-09-02T15:18:20.2094244Z py: annotated-types==0.7.0,certifi==2025.8.3,charset-normalizer==3.4.3,click==8.2.1,click-loglevel==0.6.1,coverage==7.10.6,ghtoken==0.1.2,idna==3.10,in_place==1.0.1,iniconfig==2.1.0,packaging==25.0,pip==25.2,pluggy==1.6.0,pydantic==2.11.7,pydantic_core==2.33.2,Pygments==2.19.2,pytest==8.4.1,pytest-cov==6.2.1,pytest-mock==3.14.1,python-dateutil==2.9.0.post0,python-dotenv==1.1.1,PyYAML==6.0.2,requests==2.32.5,ruamel.yaml==0.18.15,ruamel.yaml.clib==0.2.12,setuptools==80.9.0,six==1.17.0,tinuous @ file:///home/runner/work/tinuous/tinuous/.tox/.tmp/package/1/tinuous-0.7.0.post17%2Bg7c84a57.tar.gz#sha256=52a88ffa95d9a81285632dbee28f2653ad5780d8280db8c8844fa4540a93b4f0,typing-inspection==0.4.1,typing_extensions==4.15.0,urllib3==2.5.0
2025-09-02T15:18:20.2098493Z py: commands[0]> tinuous --help
2025-09-02T15:18:20.5244481Z Usage: tinuous [OPTIONS] COMMAND [ARGS]...
2025-09-02T15:18:20.5244925Z 
2025-09-02T15:18:20.5245159Z   Download build logs from GitHub Actions, Travis, Appveyor, and CircleCI
2025-09-02T15:18:20.5245499Z 
2025-09-02T15:18:20.5245580Z Options:
2025-09-02T15:18:20.5245875Z   -V, --version                   Show the version and exit.
2025-09-02T15:18:20.5246293Z   -c, --config FILE               Read configuration from the given file
2025-09-02T15:18:20.5246679Z                                   [default: tinuous.yaml]
2025-09-02T15:18:20.5247455Z   -E, --env FILE                  Load environment variables from given .env
2025-09-02T15:18:20.5247831Z                                   file
2025-09-02T15:18:20.5248174Z   -l, --log-level [NOTSET|DEBUG|INFO|WARNING|ERROR|CRITICAL]
2025-09-02T15:18:20.5248547Z                                   Set logging level  [default: INFO]
2025-09-02T15:18:20.5248922Z   --help                          Show this message and exit.
2025-09-02T15:18:20.5249156Z 
2025-09-02T15:18:20.5249241Z Commands:
2025-09-02T15:18:20.5249449Z   fetch         Download logs
2025-09-02T15:18:20.5249752Z   fetch-commit  Download logs for a specific commit
2025-09-02T15:18:20.5250097Z   sanitize      Sanitize secrets in logs
2025-09-02T15:18:20.5876591Z py: commands[1]> pytest --cov-report=xml test
2025-09-02T15:18:21.6448523Z ============================= test session starts ==============================
2025-09-02T15:18:21.6449524Z platform linux -- Python 3.11.13, pytest-8.4.1, pluggy-1.6.0
2025-09-02T15:18:21.6450201Z cachedir: .tox/py/.pytest_cache
2025-09-02T15:18:21.6450760Z rootdir: /home/runner/work/tinuous/tinuous
2025-09-02T15:18:21.6451080Z configfile: tox.ini
2025-09-02T15:18:21.6451318Z plugins: mock-3.14.1, cov-6.2.1
2025-09-02T15:18:21.6451580Z collected 65 items
2025-09-02T15:18:21.6451719Z 
2025-09-02T15:18:21.6576459Z test/test_base.py .........                                              [ 13%]
2025-09-02T15:18:21.6680072Z test/test_config.py ........                                             [ 26%]
2025-09-02T15:18:21.6889237Z test/test_state.py ........                                              [ 38%]
2025-09-02T15:18:22.1023108Z test/test_util.py ........................................               [100%]
2025-09-02T15:18:22.1023668Z 
2025-09-02T15:18:22.1023911Z ================================ tests coverage ================================
2025-09-02T15:18:22.1024501Z _______________ coverage: platform linux, python 3.11.13-final-0 _______________
2025-09-02T15:18:22.1024862Z 
2025-09-02T15:18:22.1025027Z Coverage XML written to file coverage.xml
2025-09-02T15:18:22.1025405Z ============================== 65 passed in 0.72s ==============================
2025-09-02T15:18:22.2520608Z   py: OK (14.67=setup[12.63]+cmd[0.38,1.66] seconds)
2025-09-02T15:18:22.2521110Z   congratulations :) (14.70 seconds)
2025-09-02T15:18:22.3208421Z ##[group]Run codecov/codecov-action@v5
2025-09-02T15:18:22.3208704Z with:
2025-09-02T15:18:22.3208888Z   fail_ci_if_error: false
2025-09-02T15:18:22.3209281Z   token: ***
2025-09-02T15:18:22.3209446Z   name: 3.11
2025-09-02T15:18:22.3209622Z   disable_file_fixes: false
2025-09-02T15:18:22.3209825Z   disable_search: false
2025-09-02T15:18:22.3210029Z   disable_safe_directory: false
2025-09-02T15:18:22.3210246Z   disable_telem: false
2025-09-02T15:18:22.3210429Z   dry_run: false
2025-09-02T15:18:22.3210608Z   git_service: github
2025-09-02T15:18:22.3210792Z   gcov_executable: gcov
2025-09-02T15:18:22.3210996Z   handle_no_reports_found: false
2025-09-02T15:18:22.3211231Z   recurse_submodules: false
2025-09-02T15:18:22.3211444Z   run_command: upload-coverage
2025-09-02T15:18:22.3211661Z   skip_validation: false
2025-09-02T15:18:22.3211872Z   use_legacy_upload_endpoint: false
2025-09-02T15:18:22.3212357Z   use_oidc: false
2025-09-02T15:18:22.3212540Z   use_pypi: false
2025-09-02T15:18:22.3212753Z   verbose: false
2025-09-02T15:18:22.3212937Z   version: latest
2025-09-02T15:18:22.3213105Z env:
2025-09-02T15:18:22.3213334Z   pythonLocation: /opt/hostedtoolcache/Python/3.11.13/x64
2025-09-02T15:18:22.3213730Z   PKG_CONFIG_PATH: /opt/hostedtoolcache/Python/3.11.13/x64/lib/pkgconfig
2025-09-02T15:18:22.3214116Z   Python_ROOT_DIR: /opt/hostedtoolcache/Python/3.11.13/x64
2025-09-02T15:18:22.3214453Z   Python2_ROOT_DIR: /opt/hostedtoolcache/Python/3.11.13/x64
2025-09-02T15:18:22.3214788Z   Python3_ROOT_DIR: /opt/hostedtoolcache/Python/3.11.13/x64
2025-09-02T15:18:22.3215123Z   LD_LIBRARY_PATH: /opt/hostedtoolcache/Python/3.11.13/x64/lib
2025-09-02T15:18:22.3215400Z ##[endgroup]
2025-09-02T15:18:22.3288521Z ##[group]Run missing_deps=""
2025-09-02T15:18:22.3288793Z [36;1mmissing_deps=""[0m
2025-09-02T15:18:22.3288983Z [36;1m[0m
2025-09-02T15:18:22.3289166Z [36;1m# Check for required commands[0m
2025-09-02T15:18:22.3289423Z [36;1mfor cmd in bash git curl gpg; do[0m
2025-09-02T15:18:22.3289716Z [36;1m  if ! command -v "$cmd" >/dev/null 2>&1; then[0m
2025-09-02T15:18:22.3290016Z [36;1m    missing_deps="$missing_deps $cmd"[0m
2025-09-02T15:18:22.3290248Z [36;1m  fi[0m
2025-09-02T15:18:22.3290412Z [36;1mdone[0m
2025-09-02T15:18:22.3290569Z [36;1m[0m
2025-09-02T15:18:22.3290752Z [36;1m# Report missing required dependencies[0m
2025-09-02T15:18:22.3291018Z [36;1mif [ -n "$missing_deps" ]; then[0m
2025-09-02T15:18:22.3291379Z [36;1m  echo "Error: The following required dependencies are missing:$missing_deps"[0m
2025-09-02T15:18:22.3291837Z [36;1m  echo "Please install these dependencies before using this action."[0m
2025-09-02T15:18:22.3292327Z [36;1m  exit 1[0m
2025-09-02T15:18:22.3292494Z [36;1mfi[0m
2025-09-02T15:18:22.3292654Z [36;1m[0m
2025-09-02T15:18:22.3292887Z [36;1mecho "All required system dependencies are available."[0m
2025-09-02T15:18:22.3317961Z shell: /usr/bin/sh -e {0}
2025-09-02T15:18:22.3318181Z env:
2025-09-02T15:18:22.3318456Z   pythonLocation: /opt/hostedtoolcache/Python/3.11.13/x64
2025-09-02T15:18:22.3319054Z   PKG_CONFIG_PATH: /opt/hostedtoolcache/Python/3.11.13/x64/lib/pkgconfig
2025-09-02T15:18:22.3319453Z   Python_ROOT_DIR: /opt/hostedtoolcache/Python/3.11.13/x64
2025-09-02T15:18:22.3319804Z   Python2_ROOT_DIR: /opt/hostedtoolcache/Python/3.11.13/x64
2025-09-02T15:18:22.3320151Z   Python3_ROOT_DIR: /opt/hostedtoolcache/Python/3.11.13/x64
2025-09-02T15:18:22.3320494Z   LD_LIBRARY_PATH: /opt/hostedtoolcache/Python/3.11.13/x64/lib
2025-09-02T15:18:22.3320783Z ##[endgroup]
2025-09-02T15:18:22.3365126Z All required system dependencies are available.
2025-09-02T15:18:22.3391467Z ##[group]Run CC_ACTION_VERSION=$(cat ${GITHUB_ACTION_PATH}/src/version)
2025-09-02T15:18:22.3391928Z [36;1mCC_ACTION_VERSION=$(cat ${GITHUB_ACTION_PATH}/src/version)[0m
2025-09-02T15:18:22.3392483Z [36;1mecho -e "\033[0;32m==>\033[0m Running Action version $CC_ACTION_VERSION"[0m
2025-09-02T15:18:22.3424619Z shell: /usr/bin/bash --noprofile --norc -e -o pipefail {0}
2025-09-02T15:18:22.3425215Z env:
2025-09-02T15:18:22.3425489Z   pythonLocation: /opt/hostedtoolcache/Python/3.11.13/x64
2025-09-02T15:18:22.3425931Z   PKG_CONFIG_PATH: /opt/hostedtoolcache/Python/3.11.13/x64/lib/pkgconfig
2025-09-02T15:18:22.3426409Z   Python_ROOT_DIR: /opt/hostedtoolcache/Python/3.11.13/x64
2025-09-02T15:18:22.3426758Z   Python2_ROOT_DIR: /opt/hostedtoolcache/Python/3.11.13/x64
2025-09-02T15:18:22.3427102Z   Python3_ROOT_DIR: /opt/hostedtoolcache/Python/3.11.13/x64
2025-09-02T15:18:22.3427440Z   LD_LIBRARY_PATH: /opt/hostedtoolcache/Python/3.11.13/x64/lib
2025-09-02T15:18:22.3427729Z ##[endgroup]
2025-09-02T15:18:22.3497259Z [0;32m==>[0m Running Action version 5.5.0
2025-09-02T15:18:22.3564378Z ##[group]Run git config --global --add safe.directory "/home/runner/work/tinuous/tinuous"
2025-09-02T15:18:22.3564950Z [36;1mgit config --global --add safe.directory "/home/runner/work/tinuous/tinuous"[0m
2025-09-02T15:18:22.3565400Z [36;1mgit config --global --add safe.directory "$GITHUB_WORKSPACE"[0m
2025-09-02T15:18:22.3596142Z shell: /usr/bin/bash --noprofile --norc -e -o pipefail {0}
2025-09-02T15:18:22.3596471Z env:
2025-09-02T15:18:22.3596718Z   pythonLocation: /opt/hostedtoolcache/Python/3.11.13/x64
2025-09-02T15:18:22.3597134Z   PKG_CONFIG_PATH: /opt/hostedtoolcache/Python/3.11.13/x64/lib/pkgconfig
2025-09-02T15:18:22.3597515Z   Python_ROOT_DIR: /opt/hostedtoolcache/Python/3.11.13/x64
2025-09-02T15:18:22.3597896Z   Python2_ROOT_DIR: /opt/hostedtoolcache/Python/3.11.13/x64
2025-09-02T15:18:22.3598257Z   Python3_ROOT_DIR: /opt/hostedtoolcache/Python/3.11.13/x64
2025-09-02T15:18:22.3598601Z   LD_LIBRARY_PATH: /opt/hostedtoolcache/Python/3.11.13/x64/lib
2025-09-02T15:18:22.3598891Z ##[endgroup]
2025-09-02T15:18:22.3711222Z ##[group]Run CC_FORK="false"
2025-09-02T15:18:22.3711494Z [36;1mCC_FORK="false"[0m
2025-09-02T15:18:22.3712200Z [36;1mif [ -n "$GITHUB_EVENT_PULL_REQUEST_HEAD_REPO_FULL_NAME" ] && [ "$GITHUB_EVENT_PULL_REQUEST_HEAD_REPO_FULL_NAME" != "$GITHUB_REPOSITORY" ];[0m
2025-09-02T15:18:22.3712750Z [36;1mthen[0m
2025-09-02T15:18:22.3712979Z [36;1m  echo -e "\033[0;32m==>\033[0m Fork detected"[0m
2025-09-02T15:18:22.3713245Z [36;1m  CC_FORK="true"[0m
2025-09-02T15:18:22.3713439Z [36;1mfi[0m
2025-09-02T15:18:22.3713630Z [36;1mecho "CC_FORK=$CC_FORK" >> "$GITHUB_ENV"[0m
2025-09-02T15:18:22.3743945Z shell: /usr/bin/bash --noprofile --norc -e -o pipefail {0}
2025-09-02T15:18:22.3744257Z env:
2025-09-02T15:18:22.3744506Z   pythonLocation: /opt/hostedtoolcache/Python/3.11.13/x64
2025-09-02T15:18:22.3744916Z   PKG_CONFIG_PATH: /opt/hostedtoolcache/Python/3.11.13/x64/lib/pkgconfig
2025-09-02T15:18:22.3745297Z   Python_ROOT_DIR: /opt/hostedtoolcache/Python/3.11.13/x64
2025-09-02T15:18:22.3745645Z   Python2_ROOT_DIR: /opt/hostedtoolcache/Python/3.11.13/x64
2025-09-02T15:18:22.3745987Z   Python3_ROOT_DIR: /opt/hostedtoolcache/Python/3.11.13/x64
2025-09-02T15:18:22.3746331Z   LD_LIBRARY_PATH: /opt/hostedtoolcache/Python/3.11.13/x64/lib
2025-09-02T15:18:22.3746663Z   GITHUB_EVENT_PULL_REQUEST_HEAD_LABEL: 
2025-09-02T15:18:22.3747134Z   GITHUB_EVENT_PULL_REQUEST_HEAD_REPO_FULL_NAME: 
2025-09-02T15:18:22.3747411Z   GITHUB_REPOSITORY: con/tinuous
2025-09-02T15:18:22.3747630Z ##[endgroup]
2025-09-02T15:18:22.3855958Z ##[group]Run actions/github-script@60a0d83039c74a4aee543508d2ffcb1c3799cdea
2025-09-02T15:18:22.3856308Z with:
2025-09-02T15:18:22.3856822Z   script: if (process.env.CC_USE_OIDC === 'true' && process.env.CC_FORK != 'true') {
  const id_token = await core.getIDToken(process.env.CC_OIDC_AUDIENCE)
  return id_token
}

2025-09-02T15:18:22.3857559Z   github-token: ***
2025-09-02T15:18:22.3857751Z   debug: false
2025-09-02T15:18:22.3857943Z   user-agent: actions/github-script
2025-09-02T15:18:22.3858185Z   result-encoding: json
2025-09-02T15:18:22.3858377Z   retries: 0
2025-09-02T15:18:22.3858577Z   retry-exempt-status-codes: 400,401,403,404,422
2025-09-02T15:18:22.3858835Z env:
2025-09-02T15:18:22.3859063Z   pythonLocation: /opt/hostedtoolcache/Python/3.11.13/x64
2025-09-02T15:18:22.3859661Z   PKG_CONFIG_PATH: /opt/hostedtoolcache/Python/3.11.13/x64/lib/pkgconfig
2025-09-02T15:18:22.3860077Z   Python_ROOT_DIR: /opt/hostedtoolcache/Python/3.11.13/x64
2025-09-02T15:18:22.3860418Z   Python2_ROOT_DIR: /opt/hostedtoolcache/Python/3.11.13/x64
2025-09-02T15:18:22.3860752Z   Python3_ROOT_DIR: /opt/hostedtoolcache/Python/3.11.13/x64
2025-09-02T15:18:22.3861094Z   LD_LIBRARY_PATH: /opt/hostedtoolcache/Python/3.11.13/x64/lib
2025-09-02T15:18:22.3861379Z   CC_FORK: false
2025-09-02T15:18:22.3861573Z   CC_OIDC_AUDIENCE: https://codecov.io
2025-09-02T15:18:22.3861818Z   CC_USE_OIDC: false
2025-09-02T15:18:22.3862260Z ##[endgroup]
2025-09-02T15:18:22.4887308Z ##[group]Run if [ "false" == 'true' ] && [ "$CC_FORK" != 'true' ];
2025-09-02T15:18:22.4887710Z [36;1mif [ "false" == 'true' ] && [ "$CC_FORK" != 'true' ];[0m
2025-09-02T15:18:22.4887980Z [36;1mthen[0m
2025-09-02T15:18:22.4888203Z [36;1m  echo "CC_TOKEN=$CC_OIDC_TOKEN" >> "$GITHUB_ENV"[0m
2025-09-02T15:18:22.4888485Z [36;1melif [ -n "" ];[0m
2025-09-02T15:18:22.4888687Z [36;1mthen[0m
2025-09-02T15:18:22.4888922Z [36;1m  echo -e "\033[0;32m==>\033[0m Token set from env"[0m
2025-09-02T15:18:22.4889210Z [36;1m    echo "CC_TOKEN=" >> "$GITHUB_ENV"[0m
2025-09-02T15:18:22.4889449Z [36;1melse[0m
2025-09-02T15:18:22.4889786Z [36;1m  if [ -n "***" ];[0m
2025-09-02T15:18:22.4889985Z [36;1m  then[0m
2025-09-02T15:18:22.4890214Z [36;1m    echo -e "\033[0;32m==>\033[0m Token set from input"[0m
2025-09-02T15:18:22.4890617Z [36;1m    CC_TOKEN=$(echo "***" | tr -d '\n')[0m
2025-09-02T15:18:22.4890913Z [36;1m    echo "CC_TOKEN=$CC_TOKEN" >> "$GITHUB_ENV"[0m
2025-09-02T15:18:22.4891170Z [36;1m  fi[0m
2025-09-02T15:18:22.4891337Z [36;1mfi[0m
2025-09-02T15:18:22.4921366Z shell: /usr/bin/bash --noprofile --norc -e -o pipefail {0}
2025-09-02T15:18:22.4921671Z env:
2025-09-02T15:18:22.4921916Z   pythonLocation: /opt/hostedtoolcache/Python/3.11.13/x64
2025-09-02T15:18:22.4922562Z   PKG_CONFIG_PATH: /opt/hostedtoolcache/Python/3.11.13/x64/lib/pkgconfig
2025-09-02T15:18:22.4922961Z   Python_ROOT_DIR: /opt/hostedtoolcache/Python/3.11.13/x64
2025-09-02T15:18:22.4923314Z   Python2_ROOT_DIR: /opt/hostedtoolcache/Python/3.11.13/x64
2025-09-02T15:18:22.4923652Z   Python3_ROOT_DIR: /opt/hostedtoolcache/Python/3.11.13/x64
2025-09-02T15:18:22.4923984Z   LD_LIBRARY_PATH: /opt/hostedtoolcache/Python/3.11.13/x64/lib
2025-09-02T15:18:22.4924271Z   CC_FORK: false
2025-09-02T15:18:22.4924442Z   CC_OIDC_TOKEN: 
2025-09-02T15:18:22.4924652Z   CC_OIDC_AUDIENCE: https://codecov.io
2025-09-02T15:18:22.4924894Z ##[endgroup]
2025-09-02T15:18:22.4979835Z [0;32m==>[0m Token set from input
2025-09-02T15:18:22.5020056Z ##[group]Run if [ -z "$CC_BRANCH" ] && [ -z "$CC_TOKEN" ] && [ "$CC_FORK" == 'true' ]
2025-09-02T15:18:22.5020508Z [36;1mif [ -z "$CC_BRANCH" ] && [ -z "$CC_TOKEN" ] && [ "$CC_FORK" == 'true' ][0m
2025-09-02T15:18:22.5020819Z [36;1mthen[0m
2025-09-02T15:18:22.5021198Z [36;1m  echo -e "\033[0;32m==>\033[0m Fork detected, setting branch to $GITHUB_EVENT_PULL_REQUEST_HEAD_LABEL"[0m
2025-09-02T15:18:22.5021837Z [36;1m  TOKENLESS="$GITHUB_EVENT_PULL_REQUEST_HEAD_LABEL"[0m
2025-09-02T15:18:22.5022426Z [36;1m  CC_BRANCH="$GITHUB_EVENT_PULL_REQUEST_HEAD_LABEL"[0m
2025-09-02T15:18:22.5022739Z [36;1m  echo "TOKENLESS=$TOKENLESS" >> "$GITHUB_ENV"[0m
2025-09-02T15:18:22.5023000Z [36;1mfi[0m
2025-09-02T15:18:22.5023155Z [36;1m[0m
2025-09-02T15:18:22.5023355Z [36;1mecho "CC_BRANCH=$CC_BRANCH" >> "$GITHUB_ENV"[0m
2025-09-02T15:18:22.5053447Z shell: /usr/bin/bash --noprofile --norc -e -o pipefail {0}
2025-09-02T15:18:22.5053751Z env:
2025-09-02T15:18:22.5053982Z   pythonLocation: /opt/hostedtoolcache/Python/3.11.13/x64
2025-09-02T15:18:22.5054388Z   PKG_CONFIG_PATH: /opt/hostedtoolcache/Python/3.11.13/x64/lib/pkgconfig
2025-09-02T15:18:22.5054771Z   Python_ROOT_DIR: /opt/hostedtoolcache/Python/3.11.13/x64
2025-09-02T15:18:22.5055106Z   Python2_ROOT_DIR: /opt/hostedtoolcache/Python/3.11.13/x64
2025-09-02T15:18:22.5055456Z   Python3_ROOT_DIR: /opt/hostedtoolcache/Python/3.11.13/x64
2025-09-02T15:18:22.5056006Z   LD_LIBRARY_PATH: /opt/hostedtoolcache/Python/3.11.13/x64/lib
2025-09-02T15:18:22.5056334Z   CC_FORK: false
2025-09-02T15:18:22.5056662Z   CC_TOKEN: ***
2025-09-02T15:18:22.5056829Z   CC_BRANCH: 
2025-09-02T15:18:22.5057017Z   GITHUB_EVENT_PULL_REQUEST_HEAD_LABEL: 
2025-09-02T15:18:22.5057294Z   GITHUB_EVENT_PULL_REQUEST_HEAD_REPO_FULL_NAME: 
2025-09-02T15:18:22.5057561Z   GITHUB_REPOSITORY: con/tinuous
2025-09-02T15:18:22.5057777Z ##[endgroup]
2025-09-02T15:18:22.5134380Z ##[group]Run if [ -z "$CC_SHA" ];
2025-09-02T15:18:22.5134683Z [36;1mif [ -z "$CC_SHA" ];[0m
2025-09-02T15:18:22.5134894Z [36;1mthen[0m
2025-09-02T15:18:22.5135115Z [36;1m  CC_SHA="$GITHUB_EVENT_PULL_REQUEST_HEAD_SHA"[0m
2025-09-02T15:18:22.5135378Z [36;1mfi[0m
2025-09-02T15:18:22.5135625Z [36;1mif [ -z "$CC_PR" ] && [ "${GITHUB_EVENT_NAME}" == "pull_request_target" ];[0m
2025-09-02T15:18:22.5135929Z [36;1mthen[0m
2025-09-02T15:18:22.5136111Z [36;1m  CC_PR="$GITHUB_EVENT_NUMBER"[0m
2025-09-02T15:18:22.5136358Z [36;1mfi[0m
2025-09-02T15:18:22.5136532Z [36;1m[0m
2025-09-02T15:18:22.5136715Z [36;1mecho "CC_SHA=$CC_SHA" >> "$GITHUB_ENV"[0m
2025-09-02T15:18:22.5136990Z [36;1mecho "CC_PR=$CC_PR" >> "$GITHUB_ENV"[0m
2025-09-02T15:18:22.5167037Z shell: /usr/bin/bash --noprofile --norc -e -o pipefail {0}
2025-09-02T15:18:22.5167351Z env:
2025-09-02T15:18:22.5167587Z   pythonLocation: /opt/hostedtoolcache/Python/3.11.13/x64
2025-09-02T15:18:22.5167997Z   PKG_CONFIG_PATH: /opt/hostedtoolcache/Python/3.11.13/x64/lib/pkgconfig
2025-09-02T15:18:22.5168392Z   Python_ROOT_DIR: /opt/hostedtoolcache/Python/3.11.13/x64
2025-09-02T15:18:22.5168728Z   Python2_ROOT_DIR: /opt/hostedtoolcache/Python/3.11.13/x64
2025-09-02T15:18:22.5169072Z   Python3_ROOT_DIR: /opt/hostedtoolcache/Python/3.11.13/x64
2025-09-02T15:18:22.5169410Z   LD_LIBRARY_PATH: /opt/hostedtoolcache/Python/3.11.13/x64/lib
2025-09-02T15:18:22.5169695Z   CC_FORK: false
2025-09-02T15:18:22.5170011Z   CC_TOKEN: ***
2025-09-02T15:18:22.5170191Z   CC_BRANCH: 
2025-09-02T15:18:22.5170363Z   CC_PR: 
2025-09-02T15:18:22.5170515Z   CC_SHA: 
2025-09-02T15:18:22.5170676Z   GITHUB_EVENT_NAME: push
2025-09-02T15:18:22.5170881Z   GITHUB_EVENT_NUMBER: 
2025-09-02T15:18:22.5171085Z   GITHUB_EVENT_PULL_REQUEST_HEAD_SHA: 
2025-09-02T15:18:22.5171314Z ##[endgroup]
2025-09-02T15:18:22.5254883Z ##[group]Run ${GITHUB_ACTION_PATH}/dist/codecov.sh
2025-09-02T15:18:22.5255244Z [36;1m${GITHUB_ACTION_PATH}/dist/codecov.sh[0m
2025-09-02T15:18:22.5285367Z shell: /usr/bin/bash --noprofile --norc -e -o pipefail {0}
2025-09-02T15:18:22.5285698Z env:
2025-09-02T15:18:22.5285937Z   pythonLocation: /opt/hostedtoolcache/Python/3.11.13/x64
2025-09-02T15:18:22.5286341Z   PKG_CONFIG_PATH: /opt/hostedtoolcache/Python/3.11.13/x64/lib/pkgconfig
2025-09-02T15:18:22.5286733Z   Python_ROOT_DIR: /opt/hostedtoolcache/Python/3.11.13/x64
2025-09-02T15:18:22.5287068Z   Python2_ROOT_DIR: /opt/hostedtoolcache/Python/3.11.13/x64
2025-09-02T15:18:22.5287439Z   Python3_ROOT_DIR: /opt/hostedtoolcache/Python/3.11.13/x64
2025-09-02T15:18:22.5288012Z   LD_LIBRARY_PATH: /opt/hostedtoolcache/Python/3.11.13/x64/lib
2025-09-02T15:18:22.5288331Z   CC_FORK: false
2025-09-02T15:18:22.5288680Z   CC_TOKEN: ***
2025-09-02T15:18:22.5288855Z   CC_BRANCH: 
2025-09-02T15:18:22.5289013Z   CC_SHA: 
2025-09-02T15:18:22.5289173Z   CC_PR: 
2025-09-02T15:18:22.5289331Z   CC_BASE_SHA: 
2025-09-02T15:18:22.5289493Z   CC_BINARY: 
2025-09-02T15:18:22.5289659Z   CC_BUILD: 
2025-09-02T15:18:22.5289815Z   CC_BUILD_URL: 
2025-09-02T15:18:22.5289986Z   CC_CODE: 
2025-09-02T15:18:22.5290144Z   CC_DIR: 
2025-09-02T15:18:22.5290310Z   CC_DISABLE_FILE_FIXES: false
2025-09-02T15:18:22.5290533Z   CC_DISABLE_SEARCH: false
2025-09-02T15:18:22.5290735Z   CC_DISABLE_TELEM: false
2025-09-02T15:18:22.5290930Z   CC_DRY_RUN: false
2025-09-02T15:18:22.5291116Z   CC_ENTERPRISE_URL: 
2025-09-02T15:18:22.5291292Z   CC_ENV: 
2025-09-02T15:18:22.5291454Z   CC_EXCLUDES: 
2025-09-02T15:18:22.5291626Z   CC_FAIL_ON_ERROR: false
2025-09-02T15:18:22.5291818Z   CC_FILES: 
2025-09-02T15:18:22.5292632Z   CC_FLAGS: 
2025-09-02T15:18:22.5292813Z   CC_FORCE: 
2025-09-02T15:18:22.5292975Z   CC_GCOV_ARGS: 
2025-09-02T15:18:22.5293150Z   CC_GCOV_EXECUTABLE: gcov
2025-09-02T15:18:22.5293351Z   CC_GCOV_IGNORE: 
2025-09-02T15:18:22.5293527Z   CC_GCOV_INCLUDE: 
2025-09-02T15:18:22.5293701Z   CC_GIT_SERVICE: github
2025-09-02T15:18:22.5293910Z   CC_HANDLE_NO_REPORTS_FOUND: false
2025-09-02T15:18:22.5294127Z   CC_JOB_CODE: 
2025-09-02T15:18:22.5294298Z   CC_LEGACY: false
2025-09-02T15:18:22.5294468Z   CC_NAME: 3.11
2025-09-02T15:18:22.5294632Z   CC_NETWORK_FILTER: 
2025-09-02T15:18:22.5294818Z   CC_NETWORK_PREFIX: 
2025-09-02T15:18:22.5295003Z   CC_NETWORK_ROOT_FOLDER: 
2025-09-02T15:18:22.5295192Z   CC_OS: 
2025-09-02T15:18:22.5295349Z   CC_PARENT_SHA: 
2025-09-02T15:18:22.5295564Z   CC_PLUGINS: 
2025-09-02T15:18:22.5295742Z   CC_RECURSE_SUBMODULES: false
2025-09-02T15:18:22.5295954Z   CC_REPORT_TYPE: 
2025-09-02T15:18:22.5296148Z   CC_RUN_CMD: upload-coverage
2025-09-02T15:18:22.5296357Z   CC_SERVICE: github
2025-09-02T15:18:22.5296557Z   CC_SKIP_VALIDATION: false
2025-09-02T15:18:22.5296750Z   CC_SLUG: 
2025-09-02T15:18:22.5296914Z   CC_SWIFT_PROJECT: 
2025-09-02T15:18:22.5297101Z   CC_USE_PYPI: false
2025-09-02T15:18:22.5297274Z   CC_VERBOSE: false
2025-09-02T15:18:22.5297453Z   CC_VERSION: latest
2025-09-02T15:18:22.5297621Z   CC_YML_PATH: 
2025-09-02T15:18:22.5297788Z ##[endgroup]
2025-09-02T15:18:22.5377260Z      _____          _
2025-09-02T15:18:22.5377553Z     / ____|        | |
2025-09-02T15:18:22.5377781Z    | |     ___   __| | ___  ___ _____   __
2025-09-02T15:18:22.5378042Z    | |    / _ \ / _` |/ _ \/ __/ _ \ \ / /
2025-09-02T15:18:22.5378300Z    | |___| (_) | (_| |  __/ (_| (_) \ V /
2025-09-02T15:18:22.5378557Z     \_____\___/ \__,_|\___|\___\___/ \_/
2025-09-02T15:18:22.5379055Z                            [0;31m Wrapper-0.2.7[0m
2025-09-02T15:18:22.5379338Z                            
2025-09-02T15:18:22.5438028Z [0;32m==>[0m Detected [0;36mlinux[0m
2025-09-02T15:18:22.5438692Z [0;32m ->[0m Downloading [0;36mhttps://cli.codecov.io/latest/linux/codecov[0m
2025-09-02T15:18:22.5511756Z   % Total    % Received % Xferd  Average Speed   Time    Time     Time  Current
2025-09-02T15:18:22.5512678Z                                  Dload  Upload   Total   Spent    Left  Speed
2025-09-02T15:18:22.5513018Z 
2025-09-02T15:18:22.7437577Z   0     0    0     0    0     0      0      0 --:--:-- --:--:-- --:--:--     0
2025-09-02T15:18:22.7438213Z 100 10.6M  100 10.6M    0     0  55.3M      0 --:--:-- --:--:-- --:--:-- 55.5M
2025-09-02T15:18:22.7464116Z [0;32m==>[0m Finishing downloading [0;36mlinux:latest[0m
2025-09-02T15:18:22.8125646Z       Version: [0;36mv11.2.0[0m
2025-09-02T15:18:22.8126114Z  
2025-09-02T15:18:22.8482391Z gpg: directory '/home/runner/.gnupg' created
2025-09-02T15:18:22.8515586Z gpg: keybox '/home/runner/.gnupg/pubring.kbx' created
2025-09-02T15:18:23.0573403Z gpg: /home/runner/.gnupg/trustdb.gpg: trustdb created
2025-09-02T15:18:23.0574440Z gpg: key 806BB28AED779869: public key "Codecov Uploader (Codecov Uploader Verification Key) <security@codecov.io>" imported
2025-09-02T15:18:23.0902244Z gpg: Total number processed: 1
2025-09-02T15:18:23.0902716Z gpg:               imported: 1
2025-09-02T15:18:23.0908285Z [0;32m==>[0m Verifying GPG signature integrity
2025-09-02T15:18:23.0909233Z [0;32m ->[0m Downloading [0;36mhttps://cli.codecov.io/latest/linux/codecov.SHA256SUM[0m
2025-09-02T15:18:23.0910295Z [0;32m ->[0m Downloading [0;36mhttps://cli.codecov.io/latest/linux/codecov.SHA256SUM.sig[0m
2025-09-02T15:18:23.0910908Z  
2025-09-02T15:18:23.3515808Z gpg: Signature made Thu Aug 21 16:12:56 2025 UTC
2025-09-02T15:18:23.3516524Z gpg:                using RSA key 27034E7FDB850E0BBC2C62FF806BB28AED779869
2025-09-02T15:18:23.3517980Z gpg: Good signature from "Codecov Uploader (Codecov Uploader Verification Key) <security@codecov.io>" [unknown]
2025-09-02T15:18:23.3518621Z gpg: WARNING: This key is not certified with a trusted signature!
2025-09-02T15:18:23.3519332Z gpg:          There is no indication that the signature belongs to the owner.
2025-09-02T15:18:23.3519839Z Primary key fingerprint: 2703 4E7F DB85 0E0B BC2C  62FF 806B B28A ED77 9869
2025-09-02T15:18:23.4257521Z codecov: OK
2025-09-02T15:18:23.4268873Z [0;32m==>[0m CLI integrity verified
2025-09-02T15:18:23.4269201Z 
2025-09-02T15:18:23.4858973Z [0;32m ->[0m Token length: 36
2025-09-02T15:18:23.4859502Z [0;32m==>[0m Running upload-coverage
2025-09-02T15:18:23.4868975Z       [0;36m./codecov  upload-coverage -t <redacted> --git-service github --gcov-executable gcov --name 3.11[0m
2025-09-02T15:18:23.8593549Z info - 2025-09-02 15:18:23,858 -- ci service found: github-actions
2025-09-02T15:18:23.9054740Z warning - 2025-09-02 15:18:23,905 -- xcrun is not installed or can't be found.
2025-09-02T15:18:23.9776153Z warning - 2025-09-02 15:18:23,977 -- No gcov data found.
2025-09-02T15:18:23.9780509Z warning - 2025-09-02 15:18:23,977 -- coverage.py is not installed or can't be found.
2025-09-02T15:18:23.9966320Z info - 2025-09-02 15:18:23,996 -- Found 1 coverage files to report
2025-09-02T15:18:23.9967250Z info - 2025-09-02 15:18:23,996 -- > /home/runner/work/tinuous/tinuous/coverage.xml
2025-09-02T15:18:24.5819002Z info - 2025-09-02 15:18:24,581 -- Your upload is now processing. When finished, results will be available at: https://app.codecov.io/github/con/tinuous/commit/7c84a579598ec13c5cf95971e2eb8f8822ac7ac9
2025-09-02T15:18:24.7777116Z info - 2025-09-02 15:18:24,777 -- Process Upload complete
2025-09-02T15:18:24.9590699Z Post job cleanup.
2025-09-02T15:18:25.1276523Z Post job cleanup.
2025-09-02T15:18:25.2257041Z [command]/usr/bin/git version
2025-09-02T15:18:25.2297365Z git version 2.51.0
2025-09-02T15:18:25.2338013Z Copying '/home/runner/.gitconfig' to '/home/runner/work/_temp/6030063b-fc8d-4f86-bc9d-6e0ea4adde30/.gitconfig'
2025-09-02T15:18:25.2348183Z Temporarily overriding HOME='/home/runner/work/_temp/6030063b-fc8d-4f86-bc9d-6e0ea4adde30' before making global git config changes
2025-09-02T15:18:25.2349454Z Adding repository directory to the temporary git global config as a safe directory
2025-09-02T15:18:25.2362972Z [command]/usr/bin/git config --global --add safe.directory /home/runner/work/tinuous/tinuous
2025-09-02T15:18:25.2404042Z [command]/usr/bin/git config --local --name-only --get-regexp core\.sshCommand
2025-09-02T15:18:25.2442195Z [command]/usr/bin/git submodule foreach --recursive sh -c "git config --local --name-only --get-regexp 'core\.sshCommand' && git config --local --unset-all 'core.sshCommand' || :"
2025-09-02T15:18:25.2693011Z [command]/usr/bin/git config --local --name-only --get-regexp http\.https\:\/\/github\.com\/\.extraheader
2025-09-02T15:18:25.2718432Z http.https://github.com/.extraheader
2025-09-02T15:18:25.2733576Z [command]/usr/bin/git config --local --unset-all http.https://github.com/.extraheader
2025-09-02T15:18:25.2770527Z [command]/usr/bin/git submodule foreach --recursive sh -c "git config --local --name-only --get-regexp 'http\.https\:\/\/github\.com\/\.extraheader' && git config --local --unset-all 'http.https://github.com/.extraheader' || :"
2025-09-02T15:18:25.3121296Z Cleaning up orphan processes
