2022-05-12T13:16:12.2916272Z Requested labels: ubuntu-latest
2022-05-12T13:16:12.2916326Z Job defined at: con/tinuous/.github/workflows/test.yml@refs/pull/148/merge
2022-05-12T13:16:12.2916349Z Waiting for a runner to pick up this job...
2022-05-12T13:16:13.8668037Z Job is waiting for a hosted runner to come online.
2022-05-12T13:16:19.4167246Z Job is about to start running on the hosted runner: GitHub Actions 8 (hosted)
2022-05-12T13:16:23.0519516Z Current runner version: '2.291.1'
2022-05-12T13:16:23.0546311Z ##[group]Operating System
2022-05-12T13:16:23.0546872Z Ubuntu
2022-05-12T13:16:23.0547447Z 20.04.4
2022-05-12T13:16:23.0547694Z LTS
2022-05-12T13:16:23.0548097Z ##[endgroup]
2022-05-12T13:16:23.0548444Z ##[group]Virtual Environment
2022-05-12T13:16:23.0548781Z Environment: ubuntu-20.04
2022-05-12T13:16:23.0549132Z Version: 20220508.1
2022-05-12T13:16:23.0549668Z Included Software: https://github.com/actions/virtual-environments/blob/ubuntu20/20220508.1/images/linux/Ubuntu2004-Readme.md
2022-05-12T13:16:23.0550394Z Image Release: https://github.com/actions/virtual-environments/releases/tag/ubuntu20%2F20220508.1
2022-05-12T13:16:23.0550818Z ##[endgroup]
2022-05-12T13:16:23.0551185Z ##[group]Virtual Environment Provisioner
2022-05-12T13:16:23.0551571Z 1.0.0.0-main-20220421-1
2022-05-12T13:16:23.0551874Z ##[endgroup]
2022-05-12T13:16:23.0552895Z ##[group]GITHUB_TOKEN Permissions
2022-05-12T13:16:23.0553560Z Actions: write
2022-05-12T13:16:23.0554053Z Checks: write
2022-05-12T13:16:23.0554424Z Contents: write
2022-05-12T13:16:23.0554757Z Deployments: write
2022-05-12T13:16:23.0555099Z Discussions: write
2022-05-12T13:16:23.0555384Z Issues: write
2022-05-12T13:16:23.0555728Z Metadata: read
2022-05-12T13:16:23.0556052Z Packages: write
2022-05-12T13:16:23.0556323Z Pages: write
2022-05-12T13:16:23.0556649Z PullRequests: write
2022-05-12T13:16:23.0557021Z RepositoryProjects: write
2022-05-12T13:16:23.0557369Z SecurityEvents: write
2022-05-12T13:16:23.0557705Z Statuses: write
2022-05-12T13:16:23.0558025Z ##[endgroup]
2022-05-12T13:16:23.0561588Z Secret source: Actions
2022-05-12T13:16:23.0562101Z Prepare workflow directory
2022-05-12T13:16:23.1385558Z Prepare all required actions
2022-05-12T13:16:23.1567621Z Getting action download info
2022-05-12T13:16:23.3989751Z Download action repository 'actions/checkout@v2' (SHA:7884fcad6b5d53d10323aee724dc68d8b9096a2e)
2022-05-12T13:16:24.1015852Z Download action repository 'actions/setup-python@v2' (SHA:7f80679172b057fc5e90d70d197929d454754a5a)
2022-05-12T13:16:24.7084855Z Download action repository 'codecov/codecov-action@v2' (SHA:f32b3a3741e1053eb607407145bc9619351dc93b)
2022-05-12T13:16:25.4791127Z ##[group]Run actions/checkout@v2
2022-05-12T13:16:25.4791466Z with:
2022-05-12T13:16:25.4791697Z   fetch-depth: 0
2022-05-12T13:16:25.4791935Z   repository: con/tinuous
2022-05-12T13:16:25.4792367Z   token: ***
2022-05-12T13:16:25.4792595Z   ssh-strict: true
2022-05-12T13:16:25.4792860Z   persist-credentials: true
2022-05-12T13:16:25.4793101Z   clean: true
2022-05-12T13:16:25.4793310Z   lfs: false
2022-05-12T13:16:25.4793535Z   submodules: false
2022-05-12T13:16:25.4793794Z   set-safe-directory: true
2022-05-12T13:16:25.4794046Z ##[endgroup]
2022-05-12T13:16:25.7147383Z Syncing repository: con/tinuous
2022-05-12T13:16:25.7149126Z ##[group]Getting Git version info
2022-05-12T13:16:25.7149707Z Working directory is '/home/runner/work/tinuous/tinuous'
2022-05-12T13:16:25.7150273Z [command]/usr/bin/git version
2022-05-12T13:16:25.7207600Z git version 2.36.1
2022-05-12T13:16:25.7210294Z ##[endgroup]
2022-05-12T13:16:25.7225376Z Temporarily overriding HOME='/home/runner/work/_temp/30dad35a-8aca-406c-aa59-6bf239890227' before making global git config changes
2022-05-12T13:16:25.7225960Z Adding repository directory to the temporary git global config as a safe directory
2022-05-12T13:16:25.7226551Z [command]/usr/bin/git config --global --add safe.directory /home/runner/work/tinuous/tinuous
2022-05-12T13:16:25.7261145Z Deleting the contents of '/home/runner/work/tinuous/tinuous'
2022-05-12T13:16:25.7265262Z ##[group]Initializing the repository
2022-05-12T13:16:25.7268981Z [command]/usr/bin/git init /home/runner/work/tinuous/tinuous
2022-05-12T13:16:25.7351966Z Initialized empty Git repository in /home/runner/work/tinuous/tinuous/.git/
2022-05-12T13:16:25.7353757Z hint: Using 'master' as the name for the initial branch. This default branch name
2022-05-12T13:16:25.7354314Z hint: is subject to change. To configure the initial branch name to use in all
2022-05-12T13:16:25.7355106Z hint: of your new repositories, which will suppress this warning, call:
2022-05-12T13:16:25.7355551Z hint: 
2022-05-12T13:16:25.7356047Z hint: 	git config --global init.defaultBranch <name>
2022-05-12T13:16:25.7356458Z hint: 
2022-05-12T13:16:25.7356957Z hint: Names commonly chosen instead of 'master' are 'main', 'trunk' and
2022-05-12T13:16:25.7357592Z hint: 'development'. The just-created branch can be renamed via this command:
2022-05-12T13:16:25.7358002Z hint: 
2022-05-12T13:16:25.7358373Z hint: 	git branch -m <name>
2022-05-12T13:16:25.7360176Z [command]/usr/bin/git remote add origin https://github.com/con/tinuous
2022-05-12T13:16:25.7400889Z ##[endgroup]
2022-05-12T13:16:25.7401723Z ##[group]Disabling automatic garbage collection
2022-05-12T13:16:25.7404844Z [command]/usr/bin/git config --local gc.auto 0
2022-05-12T13:16:25.7434836Z ##[endgroup]
2022-05-12T13:16:25.7435625Z ##[group]Setting up auth
2022-05-12T13:16:25.7442140Z [command]/usr/bin/git config --local --name-only --get-regexp core\.sshCommand
2022-05-12T13:16:25.7475380Z [command]/usr/bin/git submodule foreach --recursive git config --local --name-only --get-regexp 'core\.sshCommand' && git config --local --unset-all 'core.sshCommand' || :
2022-05-12T13:16:25.7821443Z [command]/usr/bin/git config --local --name-only --get-regexp http\.https\:\/\/github\.com\/\.extraheader
2022-05-12T13:16:25.7846795Z [command]/usr/bin/git submodule foreach --recursive git config --local --name-only --get-regexp 'http\.https\:\/\/github\.com\/\.extraheader' && git config --local --unset-all 'http.https://github.com/.extraheader' || :
2022-05-12T13:16:25.8077652Z [command]/usr/bin/git config --local http.https://github.com/.extraheader AUTHORIZATION: basic ***
2022-05-12T13:16:25.8110050Z ##[endgroup]
2022-05-12T13:16:25.8110918Z ##[group]Fetching the repository
2022-05-12T13:16:25.8119232Z [command]/usr/bin/git -c protocol.version=2 fetch --prune --progress --no-recurse-submodules origin +refs/heads/*:refs/remotes/origin/* +refs/tags/*:refs/tags/* +ec39ae7cc125a62b854f9c9326fc2e517632a9fe:refs/remotes/pull/148/merge
2022-05-12T13:16:26.2153001Z remote: Enumerating objects: 961, done.        
2022-05-12T13:16:26.2207640Z remote: Counting objects:   0% (1/183)        
2022-05-12T13:16:26.2208196Z remote: Counting objects:   1% (2/183)        
2022-05-12T13:16:26.2208733Z remote: Counting objects:   2% (4/183)        
2022-05-12T13:16:26.2209265Z remote: Counting objects:   3% (6/183)        
2022-05-12T13:16:26.2209771Z remote: Counting objects:   4% (8/183)        
2022-05-12T13:16:26.2210304Z remote: Counting objects:   5% (10/183)        
2022-05-12T13:16:26.2210867Z remote: Counting objects:   6% (11/183)        
2022-05-12T13:16:26.2211969Z remote: Counting objects:   7% (13/183)        
2022-05-12T13:16:26.2212395Z remote: Counting objects:   8% (15/183)        
2022-05-12T13:16:26.2212840Z remote: Counting objects:   9% (17/183)        
2022-05-12T13:16:26.2213290Z remote: Counting objects:  10% (19/183)        
2022-05-12T13:16:26.2213864Z remote: Counting objects:  11% (21/183)        
2022-05-12T13:16:26.2214557Z remote: Counting objects:  12% (22/183)        
2022-05-12T13:16:26.2215156Z remote: Counting objects:  13% (24/183)        
2022-05-12T13:16:26.2215633Z remote: Counting objects:  14% (26/183)        
2022-05-12T13:16:26.2216179Z remote: Counting objects:  15% (28/183)        
2022-05-12T13:16:26.2216838Z remote: Counting objects:  16% (30/183)        
2022-05-12T13:16:26.2217359Z remote: Counting objects:  17% (32/183)        
2022-05-12T13:16:26.2218081Z remote: Counting objects:  18% (33/183)        
2022-05-12T13:16:26.2218583Z remote: Counting objects:  19% (35/183)        
2022-05-12T13:16:26.2219159Z remote: Counting objects:  20% (37/183)        
2022-05-12T13:16:26.2219704Z remote: Counting objects:  21% (39/183)        
2022-05-12T13:16:26.2220230Z remote: Counting objects:  22% (41/183)        
2022-05-12T13:16:26.2220737Z remote: Counting objects:  23% (43/183)        
2022-05-12T13:16:26.2221286Z remote: Counting objects:  24% (44/183)        
2022-05-12T13:16:26.2221878Z remote: Counting objects:  25% (46/183)        
2022-05-12T13:16:26.2222409Z remote: Counting objects:  26% (48/183)        
2022-05-12T13:16:26.2222927Z remote: Counting objects:  27% (50/183)        
2022-05-12T13:16:26.2223650Z remote: Counting objects:  28% (52/183)        
2022-05-12T13:16:26.2224212Z remote: Counting objects:  29% (54/183)        
2022-05-12T13:16:26.2224726Z remote: Counting objects:  30% (55/183)        
2022-05-12T13:16:26.2225256Z remote: Counting objects:  31% (57/183)        
2022-05-12T13:16:26.2225776Z remote: Counting objects:  32% (59/183)        
2022-05-12T13:16:26.2226295Z remote: Counting objects:  33% (61/183)        
2022-05-12T13:16:26.2226840Z remote: Counting objects:  34% (63/183)        
2022-05-12T13:16:26.2227469Z remote: Counting objects:  35% (65/183)        
2022-05-12T13:16:26.2228023Z remote: Counting objects:  36% (66/183)        
2022-05-12T13:16:26.2228567Z remote: Counting objects:  37% (68/183)        
2022-05-12T13:16:26.2229133Z remote: Counting objects:  38% (70/183)        
2022-05-12T13:16:26.2229701Z remote: Counting objects:  39% (72/183)        
2022-05-12T13:16:26.2230246Z remote: Counting objects:  40% (74/183)        
2022-05-12T13:16:26.2230783Z remote: Counting objects:  41% (76/183)        
2022-05-12T13:16:26.2231310Z remote: Counting objects:  42% (77/183)        
2022-05-12T13:16:26.2231877Z remote: Counting objects:  43% (79/183)        
2022-05-12T13:16:26.2232429Z remote: Counting objects:  44% (81/183)        
2022-05-12T13:16:26.2233128Z remote: Counting objects:  45% (83/183)        
2022-05-12T13:16:26.2233676Z remote: Counting objects:  46% (85/183)        
2022-05-12T13:16:26.2234355Z remote: Counting objects:  47% (87/183)        
2022-05-12T13:16:26.2234897Z remote: Counting objects:  48% (88/183)        
2022-05-12T13:16:26.2235434Z remote: Counting objects:  49% (90/183)        
2022-05-12T13:16:26.2236031Z remote: Counting objects:  50% (92/183)        
2022-05-12T13:16:26.2236574Z remote: Counting objects:  51% (94/183)        
2022-05-12T13:16:26.2237121Z remote: Counting objects:  52% (96/183)        
2022-05-12T13:16:26.2237798Z remote: Counting objects:  53% (97/183)        
2022-05-12T13:16:26.2238154Z remote: Counting objects:  54% (99/183)        
2022-05-12T13:16:26.2238707Z remote: Counting objects:  55% (101/183)        
2022-05-12T13:16:26.2239251Z remote: Counting objects:  56% (103/183)        
2022-05-12T13:16:26.2239804Z remote: Counting objects:  57% (105/183)        
2022-05-12T13:16:26.2240343Z remote: Counting objects:  58% (107/183)        
2022-05-12T13:16:26.2241023Z remote: Counting objects:  59% (108/183)        
2022-05-12T13:16:26.2241576Z remote: Counting objects:  60% (110/183)        
2022-05-12T13:16:26.2242119Z remote: Counting objects:  61% (112/183)        
2022-05-12T13:16:26.2242654Z remote: Counting objects:  62% (114/183)        
2022-05-12T13:16:26.2243238Z remote: Counting objects:  63% (116/183)        
2022-05-12T13:16:26.2243793Z remote: Counting objects:  64% (118/183)        
2022-05-12T13:16:26.2244351Z remote: Counting objects:  65% (119/183)        
2022-05-12T13:16:26.2244915Z remote: Counting objects:  66% (121/183)        
2022-05-12T13:16:26.2245495Z remote: Counting objects:  67% (123/183)        
2022-05-12T13:16:26.2246097Z remote: Counting objects:  68% (125/183)        
2022-05-12T13:16:26.2246635Z remote: Counting objects:  69% (127/183)        
2022-05-12T13:16:26.2247180Z remote: Counting objects:  70% (129/183)        
2022-05-12T13:16:26.2247728Z remote: Counting objects:  71% (130/183)        
2022-05-12T13:16:26.2248292Z remote: Counting objects:  72% (132/183)        
2022-05-12T13:16:26.2248839Z remote: Counting objects:  73% (134/183)        
2022-05-12T13:16:26.2249404Z remote: Counting objects:  74% (136/183)        
2022-05-12T13:16:26.2249865Z remote: Counting objects:  75% (138/183)        
2022-05-12T13:16:26.2250374Z remote: Counting objects:  76% (140/183)        
2022-05-12T13:16:26.2250910Z remote: Counting objects:  77% (141/183)        
2022-05-12T13:16:26.2251513Z remote: Counting objects:  78% (143/183)        
2022-05-12T13:16:26.2252253Z remote: Counting objects:  79% (145/183)        
2022-05-12T13:16:26.2252778Z remote: Counting objects:  80% (147/183)        
2022-05-12T13:16:26.2253559Z remote: Counting objects:  81% (149/183)        
2022-05-12T13:16:26.2254141Z remote: Counting objects:  82% (151/183)        
2022-05-12T13:16:26.2254685Z remote: Counting objects:  83% (152/183)        
2022-05-12T13:16:26.2255233Z remote: Counting objects:  84% (154/183)        
2022-05-12T13:16:26.2255896Z remote: Counting objects:  85% (156/183)        
2022-05-12T13:16:26.2256451Z remote: Counting objects:  86% (158/183)        
2022-05-12T13:16:26.2257163Z remote: Counting objects:  87% (160/183)        
2022-05-12T13:16:26.2257891Z remote: Counting objects:  88% (162/183)        
2022-05-12T13:16:26.2258431Z remote: Counting objects:  89% (163/183)        
2022-05-12T13:16:26.2259151Z remote: Counting objects:  90% (165/183)        
2022-05-12T13:16:26.2259870Z remote: Counting objects:  91% (167/183)        
2022-05-12T13:16:26.2260503Z remote: Counting objects:  92% (169/183)        
2022-05-12T13:16:26.2261199Z remote: Counting objects:  93% (171/183)        
2022-05-12T13:16:26.2261930Z remote: Counting objects:  94% (173/183)        
2022-05-12T13:16:26.2262616Z remote: Counting objects:  95% (174/183)        
2022-05-12T13:16:26.2263312Z remote: Counting objects:  96% (176/183)        
2022-05-12T13:16:26.2264000Z remote: Counting objects:  97% (178/183)        
2022-05-12T13:16:26.2264637Z remote: Counting objects:  98% (180/183)        
2022-05-12T13:16:26.2265346Z remote: Counting objects:  99% (182/183)        
2022-05-12T13:16:26.2266047Z remote: Counting objects: 100% (183/183)        
2022-05-12T13:16:26.2266746Z remote: Counting objects: 100% (183/183), done.        
2022-05-12T13:16:26.2267532Z remote: Compressing objects:   0% (1/127)        
2022-05-12T13:16:26.2268314Z remote: Compressing objects:   1% (2/127)        
2022-05-12T13:16:26.2269058Z remote: Compressing objects:   2% (3/127)        
2022-05-12T13:16:26.2429176Z remote: Compressing objects:   3% (4/127)        
2022-05-12T13:16:26.2429803Z remote: Compressing objects:   4% (6/127)        
2022-05-12T13:16:26.2430571Z remote: Compressing objects:   5% (7/127)        
2022-05-12T13:16:26.2431111Z remote: Compressing objects:   6% (8/127)        
2022-05-12T13:16:26.2431719Z remote: Compressing objects:   7% (9/127)        
2022-05-12T13:16:26.2432326Z remote: Compressing objects:   8% (11/127)        
2022-05-12T13:16:26.2432921Z remote: Compressing objects:   9% (12/127)        
2022-05-12T13:16:26.2433525Z remote: Compressing objects:  10% (13/127)        
2022-05-12T13:16:26.2434127Z remote: Compressing objects:  11% (14/127)        
2022-05-12T13:16:26.2434727Z remote: Compressing objects:  12% (16/127)        
2022-05-12T13:16:26.2435312Z remote: Compressing objects:  13% (17/127)        
2022-05-12T13:16:26.2435909Z remote: Compressing objects:  14% (18/127)        
2022-05-12T13:16:26.2436514Z remote: Compressing objects:  15% (20/127)        
2022-05-12T13:16:26.2437113Z remote: Compressing objects:  16% (21/127)        
2022-05-12T13:16:26.2437710Z remote: Compressing objects:  17% (22/127)        
2022-05-12T13:16:26.2438305Z remote: Compressing objects:  18% (23/127)        
2022-05-12T13:16:26.2438907Z remote: Compressing objects:  19% (25/127)        
2022-05-12T13:16:26.2439657Z remote: Compressing objects:  20% (26/127)        
2022-05-12T13:16:26.2440146Z remote: Compressing objects:  21% (27/127)        
2022-05-12T13:16:26.2440737Z remote: Compressing objects:  22% (28/127)        
2022-05-12T13:16:26.2441335Z remote: Compressing objects:  23% (30/127)        
2022-05-12T13:16:26.2441927Z remote: Compressing objects:  24% (31/127)        
2022-05-12T13:16:26.2442505Z remote: Compressing objects:  25% (32/127)        
2022-05-12T13:16:26.2443246Z remote: Compressing objects:  26% (34/127)        
2022-05-12T13:16:26.2443898Z remote: Compressing objects:  27% (35/127)        
2022-05-12T13:16:26.2444499Z remote: Compressing objects:  28% (36/127)        
2022-05-12T13:16:26.2445087Z remote: Compressing objects:  29% (37/127)        
2022-05-12T13:16:26.2445686Z remote: Compressing objects:  30% (39/127)        
2022-05-12T13:16:26.2446282Z remote: Compressing objects:  31% (40/127)        
2022-05-12T13:16:26.2446883Z remote: Compressing objects:  32% (41/127)        
2022-05-12T13:16:26.2447464Z remote: Compressing objects:  33% (42/127)        
2022-05-12T13:16:26.2448058Z remote: Compressing objects:  34% (44/127)        
2022-05-12T13:16:26.2448658Z remote: Compressing objects:  35% (45/127)        
2022-05-12T13:16:26.2449255Z remote: Compressing objects:  36% (46/127)        
2022-05-12T13:16:26.2449837Z remote: Compressing objects:  37% (47/127)        
2022-05-12T13:16:26.2450432Z remote: Compressing objects:  38% (49/127)        
2022-05-12T13:16:26.2451026Z remote: Compressing objects:  39% (50/127)        
2022-05-12T13:16:26.2451638Z remote: Compressing objects:  40% (51/127)        
2022-05-12T13:16:26.2452225Z remote: Compressing objects:  41% (53/127)        
2022-05-12T13:16:26.2452818Z remote: Compressing objects:  42% (54/127)        
2022-05-12T13:16:26.2453411Z remote: Compressing objects:  43% (55/127)        
2022-05-12T13:16:26.2454008Z remote: Compressing objects:  44% (56/127)        
2022-05-12T13:16:26.2454597Z remote: Compressing objects:  45% (58/127)        
2022-05-12T13:16:26.2455193Z remote: Compressing objects:  46% (59/127)        
2022-05-12T13:16:26.2455783Z remote: Compressing objects:  47% (60/127)        
2022-05-12T13:16:26.2456376Z remote: Compressing objects:  48% (61/127)        
2022-05-12T13:16:26.2456954Z remote: Compressing objects:  49% (63/127)        
2022-05-12T13:16:26.2457546Z remote: Compressing objects:  50% (64/127)        
2022-05-12T13:16:26.2458138Z remote: Compressing objects:  51% (65/127)        
2022-05-12T13:16:26.2458719Z remote: Compressing objects:  52% (67/127)        
2022-05-12T13:16:26.2459323Z remote: Compressing objects:  53% (68/127)        
2022-05-12T13:16:26.2460117Z remote: Compressing objects:  54% (69/127)        
2022-05-12T13:16:26.2460640Z remote: Compressing objects:  55% (70/127)        
2022-05-12T13:16:26.2461220Z remote: Compressing objects:  56% (72/127)        
2022-05-12T13:16:26.2461825Z remote: Compressing objects:  57% (73/127)        
2022-05-12T13:16:26.2462421Z remote: Compressing objects:  58% (74/127)        
2022-05-12T13:16:26.2463018Z remote: Compressing objects:  59% (75/127)        
2022-05-12T13:16:26.2463600Z remote: Compressing objects:  60% (77/127)        
2022-05-12T13:16:26.2464193Z remote: Compressing objects:  61% (78/127)        
2022-05-12T13:16:26.2465190Z remote: Compressing objects:  62% (79/127)        
2022-05-12T13:16:26.2465510Z remote: Compressing objects:  63% (81/127)        
2022-05-12T13:16:26.2465810Z remote: Compressing objects:  64% (82/127)        
2022-05-12T13:16:26.2467188Z remote: Compressing objects:  65% (83/127)        
2022-05-12T13:16:26.2474256Z remote: Compressing objects:  66% (84/127)        
2022-05-12T13:16:26.2474919Z remote: Compressing objects:  67% (86/127)        
2022-05-12T13:16:26.2475771Z remote: Compressing objects:  68% (87/127)        
2022-05-12T13:16:26.2476318Z remote: Compressing objects:  69% (88/127)        
2022-05-12T13:16:26.2477070Z remote: Compressing objects:  70% (89/127)        
2022-05-12T13:16:26.2477615Z remote: Compressing objects:  71% (91/127)        
2022-05-12T13:16:26.2478383Z remote: Compressing objects:  72% (92/127)        
2022-05-12T13:16:26.2478926Z remote: Compressing objects:  73% (93/127)        
2022-05-12T13:16:26.2479674Z remote: Compressing objects:  74% (94/127)        
2022-05-12T13:16:26.2480210Z remote: Compressing objects:  75% (96/127)        
2022-05-12T13:16:26.2480969Z remote: Compressing objects:  76% (97/127)        
2022-05-12T13:16:26.2481478Z remote: Compressing objects:  77% (98/127)        
2022-05-12T13:16:26.2482449Z remote: Compressing objects:  78% (100/127)        
2022-05-12T13:16:26.2483043Z remote: Compressing objects:  79% (101/127)        
2022-05-12T13:16:26.2483630Z remote: Compressing objects:  80% (102/127)        
2022-05-12T13:16:26.2484247Z remote: Compressing objects:  81% (103/127)        
2022-05-12T13:16:26.2484780Z remote: Compressing objects:  82% (105/127)        
2022-05-12T13:16:26.2485310Z remote: Compressing objects:  83% (106/127)        
2022-05-12T13:16:26.2486331Z remote: Compressing objects:  84% (107/127)        
2022-05-12T13:16:26.2486760Z remote: Compressing objects:  85% (108/127)        
2022-05-12T13:16:26.2487559Z remote: Compressing objects:  86% (110/127)        
2022-05-12T13:16:26.2488147Z remote: Compressing objects:  87% (111/127)        
2022-05-12T13:16:26.2488674Z remote: Compressing objects:  88% (112/127)        
2022-05-12T13:16:26.2489271Z remote: Compressing objects:  89% (114/127)        
2022-05-12T13:16:26.2489875Z remote: Compressing objects:  90% (115/127)        
2022-05-12T13:16:26.2490451Z remote: Compressing objects:  91% (116/127)        
2022-05-12T13:16:26.2490978Z remote: Compressing objects:  92% (117/127)        
2022-05-12T13:16:26.2491486Z remote: Compressing objects:  93% (119/127)        
2022-05-12T13:16:26.2492104Z remote: Compressing objects:  94% (120/127)        
2022-05-12T13:16:26.2492629Z remote: Compressing objects:  95% (121/127)        
2022-05-12T13:16:26.2493216Z remote: Compressing objects:  96% (122/127)        
2022-05-12T13:16:26.2493728Z remote: Compressing objects:  97% (124/127)        
2022-05-12T13:16:26.2494347Z remote: Compressing objects:  98% (125/127)        
2022-05-12T13:16:26.2494870Z remote: Compressing objects:  99% (126/127)        
2022-05-12T13:16:26.2495456Z remote: Compressing objects: 100% (127/127)        
2022-05-12T13:16:26.2496169Z remote: Compressing objects: 100% (127/127), done.        
2022-05-12T13:16:26.2538482Z Receiving objects:   0% (1/961)
2022-05-12T13:16:26.2541180Z Receiving objects:   1% (10/961)
2022-05-12T13:16:26.2542834Z Receiving objects:   2% (20/961)
2022-05-12T13:16:26.2785403Z Receiving objects:   3% (29/961)
2022-05-12T13:16:26.2785914Z Receiving objects:   4% (39/961)
2022-05-12T13:16:26.2786202Z Receiving objects:   5% (49/961)
2022-05-12T13:16:26.2899141Z Receiving objects:   6% (58/961)
2022-05-12T13:16:26.2900282Z Receiving objects:   7% (68/961)
2022-05-12T13:16:26.2900964Z Receiving objects:   8% (77/961)
2022-05-12T13:16:26.2901814Z Receiving objects:   9% (87/961)
2022-05-12T13:16:26.2902341Z Receiving objects:  10% (97/961)
2022-05-12T13:16:26.2902607Z Receiving objects:  11% (106/961)
2022-05-12T13:16:26.2902940Z Receiving objects:  12% (116/961)
2022-05-12T13:16:26.2903201Z Receiving objects:  13% (125/961)
2022-05-12T13:16:26.2903429Z Receiving objects:  14% (135/961)
2022-05-12T13:16:26.2903748Z Receiving objects:  15% (145/961)
2022-05-12T13:16:26.2904003Z Receiving objects:  16% (154/961)
2022-05-12T13:16:26.2904318Z Receiving objects:  17% (164/961)
2022-05-12T13:16:26.2904557Z Receiving objects:  18% (173/961)
2022-05-12T13:16:26.2904885Z Receiving objects:  19% (183/961)
2022-05-12T13:16:26.2905142Z Receiving objects:  20% (193/961)
2022-05-12T13:16:26.2905444Z Receiving objects:  21% (202/961)
2022-05-12T13:16:26.2905703Z Receiving objects:  22% (212/961)
2022-05-12T13:16:26.2906014Z Receiving objects:  23% (222/961)
2022-05-12T13:16:26.2906267Z Receiving objects:  24% (231/961)
2022-05-12T13:16:26.2906714Z Receiving objects:  25% (241/961)
2022-05-12T13:16:26.3144557Z Receiving objects:  26% (250/961)
2022-05-12T13:16:26.3145551Z Receiving objects:  27% (260/961)
2022-05-12T13:16:26.3176349Z Receiving objects:  28% (270/961)
2022-05-12T13:16:26.3177105Z Receiving objects:  29% (279/961)
2022-05-12T13:16:26.3177776Z Receiving objects:  30% (289/961)
2022-05-12T13:16:26.3212969Z Receiving objects:  31% (298/961)
2022-05-12T13:16:26.3213508Z Receiving objects:  32% (308/961)
2022-05-12T13:16:26.3214235Z Receiving objects:  33% (318/961)
2022-05-12T13:16:26.3214699Z Receiving objects:  34% (327/961)
2022-05-12T13:16:26.3215982Z Receiving objects:  35% (337/961)
2022-05-12T13:16:26.3216987Z Receiving objects:  36% (346/961)
2022-05-12T13:16:26.3217537Z Receiving objects:  37% (356/961)
2022-05-12T13:16:26.3218308Z Receiving objects:  38% (366/961)
2022-05-12T13:16:26.3218777Z Receiving objects:  39% (375/961)
2022-05-12T13:16:26.3219505Z Receiving objects:  40% (385/961)
2022-05-12T13:16:26.3219977Z Receiving objects:  41% (395/961)
2022-05-12T13:16:26.3225187Z Receiving objects:  42% (404/961)
2022-05-12T13:16:26.3225620Z Receiving objects:  43% (414/961)
2022-05-12T13:16:26.3226236Z Receiving objects:  44% (423/961)
2022-05-12T13:16:26.3226639Z Receiving objects:  45% (433/961)
2022-05-12T13:16:26.3227481Z Receiving objects:  46% (443/961)
2022-05-12T13:16:26.3227886Z Receiving objects:  47% (452/961)
2022-05-12T13:16:26.3228478Z Receiving objects:  48% (462/961)
2022-05-12T13:16:26.3228869Z Receiving objects:  49% (471/961)
2022-05-12T13:16:26.3229435Z Receiving objects:  50% (481/961)
2022-05-12T13:16:26.3229838Z Receiving objects:  51% (491/961)
2022-05-12T13:16:26.3230420Z Receiving objects:  52% (500/961)
2022-05-12T13:16:26.3230867Z Receiving objects:  53% (510/961)
2022-05-12T13:16:26.3231435Z Receiving objects:  54% (519/961)
2022-05-12T13:16:26.3233117Z Receiving objects:  55% (529/961)
2022-05-12T13:16:26.3234301Z Receiving objects:  56% (539/961)
2022-05-12T13:16:26.3234699Z Receiving objects:  57% (548/961)
2022-05-12T13:16:26.3235950Z Receiving objects:  58% (558/961)
2022-05-12T13:16:26.3236350Z Receiving objects:  59% (567/961)
2022-05-12T13:16:26.3239591Z Receiving objects:  60% (577/961)
2022-05-12T13:16:26.3241624Z Receiving objects:  61% (587/961)
2022-05-12T13:16:26.3242303Z Receiving objects:  62% (596/961)
2022-05-12T13:16:26.3242708Z Receiving objects:  63% (606/961)
2022-05-12T13:16:26.3243286Z Receiving objects:  64% (616/961)
2022-05-12T13:16:26.3244570Z Receiving objects:  65% (625/961)
2022-05-12T13:16:26.3245289Z Receiving objects:  66% (635/961)
2022-05-12T13:16:26.3246199Z Receiving objects:  67% (644/961)
2022-05-12T13:16:26.3247742Z Receiving objects:  68% (654/961)
2022-05-12T13:16:26.3248333Z Receiving objects:  69% (664/961)
2022-05-12T13:16:26.3250080Z Receiving objects:  70% (673/961)
2022-05-12T13:16:26.3250544Z Receiving objects:  71% (683/961)
2022-05-12T13:16:26.3251387Z Receiving objects:  72% (692/961)
2022-05-12T13:16:26.3252313Z Receiving objects:  73% (702/961)
2022-05-12T13:16:26.3252692Z Receiving objects:  74% (712/961)
2022-05-12T13:16:26.3253227Z Receiving objects:  75% (721/961)
2022-05-12T13:16:26.3253988Z Receiving objects:  76% (731/961)
2022-05-12T13:16:26.3254586Z Receiving objects:  77% (740/961)
2022-05-12T13:16:26.3255251Z Receiving objects:  78% (750/961)
2022-05-12T13:16:26.3494534Z Receiving objects:  79% (760/961)
2022-05-12T13:16:26.3496082Z Receiving objects:  80% (769/961)
2022-05-12T13:16:26.3497968Z Receiving objects:  81% (779/961)
2022-05-12T13:16:26.3499280Z Receiving objects:  82% (789/961)
2022-05-12T13:16:26.3501157Z Receiving objects:  83% (798/961)
2022-05-12T13:16:26.3502630Z Receiving objects:  84% (808/961)
2022-05-12T13:16:26.3504297Z Receiving objects:  85% (817/961)
2022-05-12T13:16:26.3506184Z Receiving objects:  86% (827/961)
2022-05-12T13:16:26.3507945Z Receiving objects:  87% (837/961)
2022-05-12T13:16:26.3527698Z Receiving objects:  88% (846/961)
2022-05-12T13:16:26.3529677Z Receiving objects:  89% (856/961)
2022-05-12T13:16:26.3531184Z Receiving objects:  90% (865/961)
2022-05-12T13:16:26.3532119Z Receiving objects:  91% (875/961)
2022-05-12T13:16:26.3532510Z Receiving objects:  92% (885/961)
2022-05-12T13:16:26.3533129Z Receiving objects:  93% (894/961)
2022-05-12T13:16:26.3590887Z Receiving objects:  94% (904/961)
2022-05-12T13:16:26.3591315Z Receiving objects:  95% (913/961)
2022-05-12T13:16:26.3591704Z Receiving objects:  96% (923/961)
2022-05-12T13:16:26.3592703Z remote: Total 961 (delta 68), reused 57 (delta 55), pack-reused 778        
2022-05-12T13:16:26.3593174Z Receiving objects:  97% (933/961)
2022-05-12T13:16:26.3594870Z Receiving objects:  98% (942/961)
2022-05-12T13:16:26.3595289Z Receiving objects:  99% (952/961)
2022-05-12T13:16:26.3595899Z Receiving objects: 100% (961/961)
2022-05-12T13:16:26.3596326Z Receiving objects: 100% (961/961), 231.22 KiB | 2.18 MiB/s, done.
2022-05-12T13:16:26.3597645Z Resolving deltas:   0% (0/537)
2022-05-12T13:16:26.3598054Z Resolving deltas:   1% (6/537)
2022-05-12T13:16:26.3598648Z Resolving deltas:   2% (11/537)
2022-05-12T13:16:26.3599032Z Resolving deltas:   3% (17/537)
2022-05-12T13:16:26.3600201Z Resolving deltas:   4% (22/537)
2022-05-12T13:16:26.3600606Z Resolving deltas:   5% (27/537)
2022-05-12T13:16:26.3602149Z Resolving deltas:   6% (33/537)
2022-05-12T13:16:26.3602549Z Resolving deltas:   7% (38/537)
2022-05-12T13:16:26.3604151Z Resolving deltas:   8% (43/537)
2022-05-12T13:16:26.3604561Z Resolving deltas:   9% (49/537)
2022-05-12T13:16:26.3605144Z Resolving deltas:  10% (54/537)
2022-05-12T13:16:26.3605530Z Resolving deltas:  11% (60/537)
2022-05-12T13:16:26.3606735Z Resolving deltas:  12% (65/537)
2022-05-12T13:16:26.3607143Z Resolving deltas:  13% (70/537)
2022-05-12T13:16:26.3608266Z Resolving deltas:  14% (76/537)
2022-05-12T13:16:26.3608680Z Resolving deltas:  15% (81/537)
2022-05-12T13:16:26.3609850Z Resolving deltas:  16% (86/537)
2022-05-12T13:16:26.3610247Z Resolving deltas:  17% (92/537)
2022-05-12T13:16:26.3611372Z Resolving deltas:  18% (97/537)
2022-05-12T13:16:26.3611772Z Resolving deltas:  19% (103/537)
2022-05-12T13:16:26.3612950Z Resolving deltas:  20% (108/537)
2022-05-12T13:16:26.3613350Z Resolving deltas:  21% (113/537)
2022-05-12T13:16:26.3614481Z Resolving deltas:  22% (119/537)
2022-05-12T13:16:26.3614893Z Resolving deltas:  23% (124/537)
2022-05-12T13:16:26.3616012Z Resolving deltas:  24% (129/537)
2022-05-12T13:16:26.3616422Z Resolving deltas:  25% (135/537)
2022-05-12T13:16:26.3617973Z Resolving deltas:  26% (140/537)
2022-05-12T13:16:26.3618389Z Resolving deltas:  27% (145/537)
2022-05-12T13:16:26.3618963Z Resolving deltas:  28% (151/537)
2022-05-12T13:16:26.3619366Z Resolving deltas:  29% (156/537)
2022-05-12T13:16:26.3620551Z Resolving deltas:  30% (162/537)
2022-05-12T13:16:26.3621170Z Resolving deltas:  31% (167/537)
2022-05-12T13:16:26.3621775Z Resolving deltas:  32% (172/537)
2022-05-12T13:16:26.3622174Z Resolving deltas:  33% (178/537)
2022-05-12T13:16:26.3622773Z Resolving deltas:  34% (183/537)
2022-05-12T13:16:26.3623156Z Resolving deltas:  35% (188/537)
2022-05-12T13:16:26.3624413Z Resolving deltas:  36% (194/537)
2022-05-12T13:16:26.3624817Z Resolving deltas:  37% (199/537)
2022-05-12T13:16:26.3625406Z Resolving deltas:  38% (205/537)
2022-05-12T13:16:26.3625778Z Resolving deltas:  39% (210/537)
2022-05-12T13:16:26.3626363Z Resolving deltas:  40% (215/537)
2022-05-12T13:16:26.3626751Z Resolving deltas:  41% (221/537)
2022-05-12T13:16:26.3627561Z Resolving deltas:  42% (226/537)
2022-05-12T13:16:26.3627950Z Resolving deltas:  43% (231/537)
2022-05-12T13:16:26.3628533Z Resolving deltas:  44% (237/537)
2022-05-12T13:16:26.3628942Z Resolving deltas:  45% (242/537)
2022-05-12T13:16:26.3630344Z Resolving deltas:  46% (248/537)
2022-05-12T13:16:26.3630752Z Resolving deltas:  47% (253/537)
2022-05-12T13:16:26.3631341Z Resolving deltas:  48% (258/537)
2022-05-12T13:16:26.3631715Z Resolving deltas:  49% (264/537)
2022-05-12T13:16:26.3632982Z Resolving deltas:  50% (269/537)
2022-05-12T13:16:26.3633384Z Resolving deltas:  51% (274/537)
2022-05-12T13:16:26.3634000Z Resolving deltas:  52% (280/537)
2022-05-12T13:16:26.3638204Z Resolving deltas:  53% (285/537)
2022-05-12T13:16:26.3641894Z Resolving deltas:  54% (290/537)
2022-05-12T13:16:26.3644757Z Resolving deltas:  55% (296/537)
2022-05-12T13:16:26.3647739Z Resolving deltas:  56% (301/537)
2022-05-12T13:16:26.3649608Z Resolving deltas:  57% (307/537)
2022-05-12T13:16:26.3651886Z Resolving deltas:  58% (312/537)
2022-05-12T13:16:26.3654643Z Resolving deltas:  59% (317/537)
2022-05-12T13:16:26.3658090Z Resolving deltas:  60% (323/537)
2022-05-12T13:16:26.3662277Z Resolving deltas:  61% (328/537)
2022-05-12T13:16:26.3667882Z Resolving deltas:  62% (333/537)
2022-05-12T13:16:26.3668978Z Resolving deltas:  63% (339/537)
2022-05-12T13:16:26.3673527Z Resolving deltas:  64% (344/537)
2022-05-12T13:16:26.3677941Z Resolving deltas:  65% (350/537)
2022-05-12T13:16:26.3679034Z Resolving deltas:  66% (355/537)
2022-05-12T13:16:26.3684902Z Resolving deltas:  67% (360/537)
2022-05-12T13:16:26.3691705Z Resolving deltas:  68% (366/537)
2022-05-12T13:16:26.3698221Z Resolving deltas:  69% (371/537)
2022-05-12T13:16:26.3704547Z Resolving deltas:  70% (376/537)
2022-05-12T13:16:26.3713222Z Resolving deltas:  71% (382/537)
2022-05-12T13:16:26.3713721Z Resolving deltas:  72% (387/537)
2022-05-12T13:16:26.3714385Z Resolving deltas:  73% (393/537)
2022-05-12T13:16:26.3715634Z Resolving deltas:  74% (398/537)
2022-05-12T13:16:26.3716334Z Resolving deltas:  75% (403/537)
2022-05-12T13:16:26.3718689Z Resolving deltas:  76% (409/537)
2022-05-12T13:16:26.3719466Z Resolving deltas:  77% (414/537)
2022-05-12T13:16:26.3720700Z Resolving deltas:  78% (419/537)
2022-05-12T13:16:26.3721695Z Resolving deltas:  79% (425/537)
2022-05-12T13:16:26.3722386Z Resolving deltas:  80% (430/537)
2022-05-12T13:16:26.3722809Z Resolving deltas:  81% (435/537)
2022-05-12T13:16:26.3723436Z Resolving deltas:  82% (441/537)
2022-05-12T13:16:26.3723863Z Resolving deltas:  83% (446/537)
2022-05-12T13:16:26.3725159Z Resolving deltas:  84% (452/537)
2022-05-12T13:16:26.3725586Z Resolving deltas:  85% (457/537)
2022-05-12T13:16:26.3729443Z Resolving deltas:  86% (462/537)
2022-05-12T13:16:26.3730724Z Resolving deltas:  87% (468/537)
2022-05-12T13:16:26.3731434Z Resolving deltas:  88% (473/537)
2022-05-12T13:16:26.3731881Z Resolving deltas:  89% (478/537)
2022-05-12T13:16:26.3732510Z Resolving deltas:  90% (484/537)
2022-05-12T13:16:26.3732936Z Resolving deltas:  91% (489/537)
2022-05-12T13:16:26.3733542Z Resolving deltas:  92% (495/537)
2022-05-12T13:16:26.3733970Z Resolving deltas:  93% (500/537)
2022-05-12T13:16:26.3735256Z Resolving deltas:  94% (505/537)
2022-05-12T13:16:26.3735703Z Resolving deltas:  95% (511/537)
2022-05-12T13:16:26.3748638Z Resolving deltas:  96% (516/537)
2022-05-12T13:16:26.3749422Z Resolving deltas:  97% (521/537)
2022-05-12T13:16:26.3749863Z Resolving deltas:  98% (527/537)
2022-05-12T13:16:26.3755607Z Resolving deltas:  99% (532/537)
2022-05-12T13:16:26.3756951Z Resolving deltas: 100% (537/537)
2022-05-12T13:16:26.3757361Z Resolving deltas: 100% (537/537), done.
2022-05-12T13:16:26.3867716Z From https://github.com/con/tinuous
2022-05-12T13:16:26.3868555Z  * [new branch]      gh-147                                   -> origin/gh-147
2022-05-12T13:16:26.3869194Z  * [new branch]      gh-55                                    -> origin/gh-55
2022-05-12T13:16:26.3870068Z  * [new branch]      master                                   -> origin/master
2022-05-12T13:16:26.3882569Z  * [new branch]      no-extra-search                          -> origin/no-extra-search
2022-05-12T13:16:26.3883236Z  * [new branch]      test-appveyor                            -> origin/test-appveyor
2022-05-12T13:16:26.3884594Z  * [new tag]         0.1.0                                    -> 0.1.0
2022-05-12T13:16:26.3885280Z  * [new tag]         0.2.0                                    -> 0.2.0
2022-05-12T13:16:26.3886102Z  * [new tag]         0.3.0                                    -> 0.3.0
2022-05-12T13:16:26.3886626Z  * [new tag]         0.4.0                                    -> 0.4.0
2022-05-12T13:16:26.3887360Z  * [new tag]         0.5.0                                    -> 0.5.0
2022-05-12T13:16:26.3887892Z  * [new tag]         0.5.1                                    -> 0.5.1
2022-05-12T13:16:26.3888632Z  * [new tag]         0.5.2                                    -> 0.5.2
2022-05-12T13:16:26.3889208Z  * [new ref]         ec39ae7cc125a62b854f9c9326fc2e517632a9fe -> pull/148/merge
2022-05-12T13:16:26.3920437Z ##[endgroup]
2022-05-12T13:16:26.3921340Z ##[group]Determining the checkout info
2022-05-12T13:16:26.3922198Z ##[endgroup]
2022-05-12T13:16:26.3922920Z ##[group]Checking out the ref
2022-05-12T13:16:26.3923815Z [command]/usr/bin/git checkout --progress --force refs/remotes/pull/148/merge
2022-05-12T13:16:26.3989373Z Note: switching to 'refs/remotes/pull/148/merge'.
2022-05-12T13:16:26.3989790Z 
2022-05-12T13:16:26.3990134Z You are in 'detached HEAD' state. You can look around, make experimental
2022-05-12T13:16:26.3990595Z changes and commit them, and you can discard any commits you make in this
2022-05-12T13:16:26.3991105Z state without impacting any branches by switching back to a branch.
2022-05-12T13:16:26.3991783Z 
2022-05-12T13:16:26.3992114Z If you want to create a new branch to retain commits you create, you may
2022-05-12T13:16:26.3992922Z do so (now or later) by using -c with the switch command. Example:
2022-05-12T13:16:26.3993269Z 
2022-05-12T13:16:26.3993799Z   git switch -c <new-branch-name>
2022-05-12T13:16:26.3994116Z 
2022-05-12T13:16:26.3994572Z Or undo this operation with:
2022-05-12T13:16:26.3994872Z 
2022-05-12T13:16:26.3995298Z   git switch -
2022-05-12T13:16:26.3995580Z 
2022-05-12T13:16:26.3996128Z Turn off this advice by setting config variable advice.detachedHead to false
2022-05-12T13:16:26.3996496Z 
2022-05-12T13:16:26.3997061Z HEAD is now at ec39ae7 Merge c1734654d9ddaa660e69f583464493d664dbe296 into 2fa6a134fd45c278ce2ff8074bf477e51e9bf23b
2022-05-12T13:16:26.3997811Z ##[endgroup]
2022-05-12T13:16:26.4023614Z [command]/usr/bin/git log -1 --format='%H'
2022-05-12T13:16:26.4051499Z 'ec39ae7cc125a62b854f9c9326fc2e517632a9fe'
2022-05-12T13:16:26.4330331Z ##[group]Run actions/setup-python@v2
2022-05-12T13:16:26.4330568Z with:
2022-05-12T13:16:26.4330772Z   python-version: 3.8
2022-05-12T13:16:26.4331117Z   token: ***
2022-05-12T13:16:26.4331299Z ##[endgroup]
2022-05-12T13:16:26.5794790Z Successfully setup CPython (3.8.12)
2022-05-12T13:16:26.5925207Z ##[group]Run python -m pip install --upgrade pip wheel
2022-05-12T13:16:26.5925609Z [36;1mpython -m pip install --upgrade pip wheel[0m
2022-05-12T13:16:26.5925950Z [36;1mpython -m pip install --upgrade --upgrade-strategy=eager tox[0m
2022-05-12T13:16:26.5980708Z shell: /usr/bin/bash -e {0}
2022-05-12T13:16:26.5980946Z env:
2022-05-12T13:16:26.5981225Z   pythonLocation: /opt/hostedtoolcache/Python/3.8.12/x64
2022-05-12T13:16:26.5981550Z   LD_LIBRARY_PATH: /opt/hostedtoolcache/Python/3.8.12/x64/lib
2022-05-12T13:16:26.5981850Z ##[endgroup]
2022-05-12T13:16:27.5225411Z Requirement already satisfied: pip in /opt/hostedtoolcache/Python/3.8.12/x64/lib/python3.8/site-packages (22.0.4)
2022-05-12T13:16:27.6683984Z Collecting pip
2022-05-12T13:16:27.7509253Z   Downloading pip-22.1-py3-none-any.whl (2.1 MB)
2022-05-12T13:16:27.8369626Z      ━━━━━━━━━━━━━━━━━━━━━━━━━━━━━━━━━━━━━━━━ 2.1/2.1 MB 25.9 MB/s eta 0:00:00
2022-05-12T13:16:27.9079902Z Collecting wheel
2022-05-12T13:16:27.9248753Z   Downloading wheel-0.37.1-py2.py3-none-any.whl (35 kB)
2022-05-12T13:16:27.9670840Z Installing collected packages: wheel, pip
2022-05-12T13:16:27.9986219Z   Attempting uninstall: pip
2022-05-12T13:16:27.9992625Z     Found existing installation: pip 22.0.4
2022-05-12T13:16:28.1930923Z     Uninstalling pip-22.0.4:
2022-05-12T13:16:28.2310492Z       Successfully uninstalled pip-22.0.4
2022-05-12T13:16:29.4275131Z Successfully installed pip-22.1 wheel-0.37.1
2022-05-12T13:16:30.3888347Z Collecting tox
2022-05-12T13:16:30.4550439Z   Downloading tox-3.25.0-py2.py3-none-any.whl (85 kB)
2022-05-12T13:16:30.4774770Z      ━━━━━━━━━━━━━━━━━━━━━━━━━━━━━━━━━━━━━━━━ 85.9/85.9 kB 4.0 MB/s eta 0:00:00
2022-05-12T13:16:30.7032491Z Collecting virtualenv!=20.0.0,!=20.0.1,!=20.0.2,!=20.0.3,!=20.0.4,!=20.0.5,!=20.0.6,!=20.0.7,>=16.0.0
2022-05-12T13:16:30.7204539Z   Downloading virtualenv-20.14.1-py2.py3-none-any.whl (8.8 MB)
2022-05-12T13:16:30.8510440Z      ━━━━━━━━━━━━━━━━━━━━━━━━━━━━━━━━━━━━━━━━ 8.8/8.8 MB 68.8 MB/s eta 0:00:00
2022-05-12T13:16:30.9182156Z Collecting filelock>=3.0.0
2022-05-12T13:16:30.9341614Z   Downloading filelock-3.6.0-py3-none-any.whl (10.0 kB)
2022-05-12T13:16:30.9775160Z Collecting pluggy>=0.12.0
2022-05-12T13:16:30.9937453Z   Downloading pluggy-1.0.0-py2.py3-none-any.whl (13 kB)
2022-05-12T13:16:31.0323976Z Collecting six>=1.14.0
2022-05-12T13:16:31.0492707Z   Downloading six-1.16.0-py2.py3-none-any.whl (11 kB)
2022-05-12T13:16:31.0970740Z Collecting py>=1.4.17
2022-05-12T13:16:31.1133137Z   Downloading py-1.11.0-py2.py3-none-any.whl (98 kB)
2022-05-12T13:16:31.1194071Z      ━━━━━━━━━━━━━━━━━━━━━━━━━━━━━━━━━━━━━━━━ 98.7/98.7 kB 25.3 MB/s eta 0:00:00
2022-05-12T13:16:31.1779901Z Collecting packaging>=14
2022-05-12T13:16:31.1941077Z   Downloading packaging-21.3-py3-none-any.whl (40 kB)
2022-05-12T13:16:31.1997334Z      ━━━━━━━━━━━━━━━━━━━━━━━━━━━━━━━━━━━━━━━━ 40.8/40.8 kB 9.6 MB/s eta 0:00:00
2022-05-12T13:16:31.2318382Z Collecting toml>=0.9.4
2022-05-12T13:16:31.2500441Z   Downloading toml-0.10.2-py2.py3-none-any.whl (16 kB)
2022-05-12T13:16:31.3385460Z Collecting pyparsing!=3.0.5,>=2.0.2
2022-05-12T13:16:31.3561675Z   Downloading pyparsing-3.0.9-py3-none-any.whl (98 kB)
2022-05-12T13:16:31.3623770Z      ━━━━━━━━━━━━━━━━━━━━━━━━━━━━━━━━━━━━━━━━ 98.3/98.3 kB 23.6 MB/s eta 0:00:00
2022-05-12T13:16:31.4370580Z Collecting distlib<1,>=0.3.1
2022-05-12T13:16:31.4549127Z   Downloading distlib-0.3.4-py2.py3-none-any.whl (461 kB)
2022-05-12T13:16:31.4638737Z      ━━━━━━━━━━━━━━━━━━━━━━━━━━━━━━━━━━━━━━ 461.2/461.2 kB 73.4 MB/s eta 0:00:00
2022-05-12T13:16:31.5024689Z Collecting platformdirs<3,>=2
2022-05-12T13:16:31.5185719Z   Downloading platformdirs-2.5.2-py3-none-any.whl (14 kB)
2022-05-12T13:16:31.6391319Z Installing collected packages: distlib, toml, six, pyparsing, py, pluggy, platformdirs, filelock, virtualenv, packaging, tox
2022-05-12T13:16:32.1645963Z Successfully installed distlib-0.3.4 filelock-3.6.0 packaging-21.3 platformdirs-2.5.2 pluggy-1.0.0 py-1.11.0 pyparsing-3.0.9 six-1.16.0 toml-0.10.2 tox-3.25.0 virtualenv-20.14.1
2022-05-12T13:16:32.3558782Z ##[group]Run tox -e typing
2022-05-12T13:16:32.3559042Z [36;1mtox -e typing[0m
2022-05-12T13:16:32.3608623Z shell: /usr/bin/bash -e {0}
2022-05-12T13:16:32.3608867Z env:
2022-05-12T13:16:32.3609124Z   pythonLocation: /opt/hostedtoolcache/Python/3.8.12/x64
2022-05-12T13:16:32.3609461Z   LD_LIBRARY_PATH: /opt/hostedtoolcache/Python/3.8.12/x64/lib
2022-05-12T13:16:32.3609724Z ##[endgroup]
2022-05-12T13:16:32.5564686Z .package create: /home/runner/work/tinuous/tinuous/.tox/.package
2022-05-12T13:16:33.2468575Z .package installdeps: setuptools >= 46.4.0, wheel ~= 0.32
2022-05-12T13:16:38.2349154Z warning: no previously-included files matching '*.py[cod]' found anywhere in distribution
2022-05-12T13:16:39.7573608Z typing create: /home/runner/work/tinuous/tinuous/.tox/typing
2022-05-12T13:16:40.0970743Z typing installdeps: mypy~=0.900, types-python-dateutil, types-PyYAML, types-requests, pytest~=6.0, pytest-cov~=2.0, pytest-mock~=3.0
2022-05-12T13:16:45.8721913Z typing inst: /home/runner/work/tinuous/tinuous/.tox/.tmp/package/1/tinuous-0.5.2+2.gec39ae7.tar.gz
2022-05-12T13:16:57.6751962Z typing installed: attrs==21.4.0,certifi==2021.10.8,cffi==1.15.0,charset-normalizer==2.0.12,click==8.1.3,click-loglevel==0.4.0.post1,coverage==6.3.2,Deprecated==1.2.13,idna==3.3,in-place==0.5.0,iniconfig==1.1.1,mypy==0.950,mypy-extensions==0.4.3,packaging==21.3,pluggy==1.0.0,py==1.11.0,pycparser==2.21,pydantic==1.9.0,PyGithub==1.55,PyJWT==2.3.0,PyNaCl==1.5.0,pyparsing==3.0.9,pytest==6.2.5,pytest-cov==2.12.1,pytest-mock==3.7.0,python-dateutil==2.8.2,python-dotenv==0.20.0,PyYAML==5.4.1,requests==2.27.1,six==1.16.0,tinuous @ file:///home/runner/work/tinuous/tinuous/.tox/.tmp/package/1/tinuous-0.5.2%2B2.gec39ae7.tar.gz,toml==0.10.2,tomli==2.0.1,types-python-dateutil==2.8.15,types-PyYAML==6.0.7,types-requests==2.27.25,types-urllib3==1.26.14,typing_extensions==4.2.0,urllib3==1.26.9,wrapt==1.14.1
2022-05-12T13:16:57.6755316Z typing run-test-pre: PYTHONHASHSEED='2104027007'
2022-05-12T13:16:57.6756022Z typing run-test: commands[0] | mypy src test
2022-05-12T13:17:05.8142398Z Success: no issues found in 13 source files
2022-05-12T13:17:05.8229400Z ___________________________________ summary ____________________________________
2022-05-12T13:17:05.8229984Z   typing: commands succeeded
2022-05-12T13:17:05.8230253Z   congratulations :)
2022-05-12T13:17:05.8508448Z Post job cleanup.
2022-05-12T13:17:05.9988804Z Post job cleanup.
2022-05-12T13:17:06.1213798Z [command]/usr/bin/git version
2022-05-12T13:17:06.1263391Z git version 2.36.1
2022-05-12T13:17:06.1308938Z Temporarily overriding HOME='/home/runner/work/_temp/b6d2c30f-f250-4dd0-aa45-d5e34b282618' before making global git config changes
2022-05-12T13:17:06.1311457Z Adding repository directory to the temporary git global config as a safe directory
2022-05-12T13:17:06.1317568Z [command]/usr/bin/git config --global --add safe.directory /home/runner/work/tinuous/tinuous
2022-05-12T13:17:06.1377520Z [command]/usr/bin/git config --local --name-only --get-regexp core\.sshCommand
2022-05-12T13:17:06.1413049Z [command]/usr/bin/git submodule foreach --recursive git config --local --name-only --get-regexp 'core\.sshCommand' && git config --local --unset-all 'core.sshCommand' || :
2022-05-12T13:17:06.1723185Z [command]/usr/bin/git config --local --name-only --get-regexp http\.https\:\/\/github\.com\/\.extraheader
2022-05-12T13:17:06.1770288Z http.https://github.com/.extraheader
2022-05-12T13:17:06.1777111Z [command]/usr/bin/git config --local --unset-all http.https://github.com/.extraheader
2022-05-12T13:17:06.1818588Z [command]/usr/bin/git submodule foreach --recursive git config --local --name-only --get-regexp 'http\.https\:\/\/github\.com\/\.extraheader' && git config --local --unset-all 'http.https://github.com/.extraheader' || :
2022-05-12T13:17:06.2353053Z Cleaning up orphan processes
