2021-06-14T12:29:54.9782177Z ##[section]Starting: Request a runner to run this job
2021-06-14T12:29:55.2013600Z Can't find any online and idle self-hosted runner in current repository that matches the required labels: 'ubuntu-latest'
2021-06-14T12:29:55.2013707Z Can't find any online and idle self-hosted runner in current repository's account/organization that matches the required labels: 'ubuntu-latest'
2021-06-14T12:29:55.2013926Z Found online and idle hosted runner in current repository's account/organization that matches the required labels: 'ubuntu-latest'
2021-06-14T12:29:55.3557461Z ##[section]Finishing: Request a runner to run this job
2021-06-14T12:30:04.7086787Z Current runner version: '2.278.0'
2021-06-14T12:30:04.7118817Z ##[group]Operating System
2021-06-14T12:30:04.7119850Z Ubuntu
2021-06-14T12:30:04.7120417Z 20.04.2
2021-06-14T12:30:04.7120863Z LTS
2021-06-14T12:30:04.7121396Z ##[endgroup]
2021-06-14T12:30:04.7121994Z ##[group]Virtual Environment
2021-06-14T12:30:04.7122734Z Environment: ubuntu-20.04
2021-06-14T12:30:04.7123301Z Version: 20210606.1
2021-06-14T12:30:04.7124432Z Included Software: https://github.com/actions/virtual-environments/blob/ubuntu20/20210606.1/images/linux/Ubuntu2004-README.md
2021-06-14T12:30:04.7266925Z Image Release: https://github.com/actions/virtual-environments/releases/tag/ubuntu20%2F20210606.1
2021-06-14T12:30:04.7267897Z ##[endgroup]
2021-06-14T12:30:04.7270051Z ##[group]GITHUB_TOKEN Permissions
2021-06-14T12:30:04.7271747Z Actions: write
2021-06-14T12:30:04.7272245Z Checks: write
2021-06-14T12:30:04.7272714Z Contents: write
2021-06-14T12:30:04.7273234Z Deployments: write
2021-06-14T12:30:04.7273886Z Discussions: write
2021-06-14T12:30:04.7274413Z Issues: write
2021-06-14T12:30:04.7274892Z Metadata: read
2021-06-14T12:30:04.7275374Z Packages: write
2021-06-14T12:30:04.7275905Z PullRequests: write
2021-06-14T12:30:04.7276508Z RepositoryProjects: write
2021-06-14T12:30:04.7277136Z SecurityEvents: write
2021-06-14T12:30:04.7277671Z Statuses: write
2021-06-14T12:30:04.7278308Z ##[endgroup]
2021-06-14T12:30:04.7282119Z Prepare workflow directory
2021-06-14T12:30:04.8015745Z Prepare all required actions
2021-06-14T12:30:04.8028336Z Getting action download info
2021-06-14T12:30:05.2337609Z Download action repository 'actions/checkout@v2'
2021-06-14T12:30:06.5916952Z Download action repository 'actions/setup-python@v2'
2021-06-14T12:30:07.6428707Z Download action repository 'codecov/codecov-action@v1'
2021-06-14T12:30:08.2785472Z ##[group]Run actions/checkout@v2
2021-06-14T12:30:08.2786193Z with:
2021-06-14T12:30:08.2786608Z   fetch-depth: 0
2021-06-14T12:30:08.2787078Z   repository: con/tinuous
2021-06-14T12:30:08.2787976Z   token: ***
2021-06-14T12:30:08.2788417Z   ssh-strict: true
2021-06-14T12:30:08.2788922Z   persist-credentials: true
2021-06-14T12:30:08.2789421Z   clean: true
2021-06-14T12:30:08.2789779Z   lfs: false
2021-06-14T12:30:08.2790181Z   submodules: false
2021-06-14T12:30:08.2790587Z ##[endgroup]
2021-06-14T12:30:09.1664491Z Syncing repository: con/tinuous
2021-06-14T12:30:09.1665357Z ##[group]Getting Git version info
2021-06-14T12:30:09.1666618Z Working directory is '/home/runner/work/tinuous/tinuous'
2021-06-14T12:30:09.1667286Z [command]/usr/bin/git version
2021-06-14T12:30:09.1667763Z git version 2.31.1
2021-06-14T12:30:09.1668682Z ##[endgroup]
2021-06-14T12:30:09.1669510Z Deleting the contents of '/home/runner/work/tinuous/tinuous'
2021-06-14T12:30:09.1670825Z ##[group]Initializing the repository
2021-06-14T12:30:09.1671529Z [command]/usr/bin/git init /home/runner/work/tinuous/tinuous
2021-06-14T12:30:09.1672561Z hint: Using 'master' as the name for the initial branch. This default branch name
2021-06-14T12:30:09.1673419Z hint: is subject to change. To configure the initial branch name to use in all
2021-06-14T12:30:09.1674292Z hint: of your new repositories, which will suppress this warning, call:
2021-06-14T12:30:09.1674880Z hint: 
2021-06-14T12:30:09.1675636Z hint: 	git config --global init.defaultBranch <name>
2021-06-14T12:30:09.1676185Z hint: 
2021-06-14T12:30:09.1677086Z hint: Names commonly chosen instead of 'master' are 'main', 'trunk' and
2021-06-14T12:30:09.1678905Z hint: 'development'. The just-created branch can be renamed via this command:
2021-06-14T12:30:09.1684386Z hint: 
2021-06-14T12:30:09.1685547Z hint: 	git branch -m <name>
2021-06-14T12:30:09.1686314Z Initialized empty Git repository in /home/runner/work/tinuous/tinuous/.git/
2021-06-14T12:30:09.1687341Z [command]/usr/bin/git remote add origin https://github.com/con/tinuous
2021-06-14T12:30:09.1688140Z ##[endgroup]
2021-06-14T12:30:09.1689083Z ##[group]Disabling automatic garbage collection
2021-06-14T12:30:09.1690390Z [command]/usr/bin/git config --local gc.auto 0
2021-06-14T12:30:09.1691660Z ##[endgroup]
2021-06-14T12:30:09.1694277Z ##[group]Setting up auth
2021-06-14T12:30:09.1695626Z [command]/usr/bin/git config --local --name-only --get-regexp core\.sshCommand
2021-06-14T12:30:09.1697494Z [command]/usr/bin/git submodule foreach --recursive git config --local --name-only --get-regexp 'core\.sshCommand' && git config --local --unset-all 'core.sshCommand' || :
2021-06-14T12:30:09.1699505Z [command]/usr/bin/git config --local --name-only --get-regexp http\.https\:\/\/github\.com\/\.extraheader
2021-06-14T12:30:09.1701838Z [command]/usr/bin/git submodule foreach --recursive git config --local --name-only --get-regexp 'http\.https\:\/\/github\.com\/\.extraheader' && git config --local --unset-all 'http.https://github.com/.extraheader' || :
2021-06-14T12:30:09.1704384Z [command]/usr/bin/git config --local http.https://github.com/.extraheader AUTHORIZATION: basic ***
2021-06-14T12:30:09.1707192Z ##[endgroup]
2021-06-14T12:30:09.1710281Z ##[group]Fetching the repository
2021-06-14T12:30:09.1744816Z [command]/usr/bin/git -c protocol.version=2 fetch --prune --progress --no-recurse-submodules origin +refs/heads/*:refs/remotes/origin/* +refs/tags/*:refs/tags/* +04f0d5ab2006aef9e0b844355ba2f3c194c5f8c9:refs/remotes/pull/108/merge
2021-06-14T12:30:09.2084679Z remote: Enumerating objects: 701, done.        
2021-06-14T12:30:09.2104844Z remote: Counting objects:   0% (1/355)        
2021-06-14T12:30:09.2128404Z remote: Counting objects:   1% (4/355)        
2021-06-14T12:30:09.2130019Z remote: Counting objects:   2% (8/355)        
2021-06-14T12:30:09.2132468Z remote: Counting objects:   3% (11/355)        
2021-06-14T12:30:09.2134451Z remote: Counting objects:   4% (15/355)        
2021-06-14T12:30:09.2135583Z remote: Counting objects:   5% (18/355)        
2021-06-14T12:30:09.2138148Z remote: Counting objects:   6% (22/355)        
2021-06-14T12:30:09.2138815Z remote: Counting objects:   7% (25/355)        
2021-06-14T12:30:09.2139506Z remote: Counting objects:   8% (29/355)        
2021-06-14T12:30:09.2140131Z remote: Counting objects:   9% (32/355)        
2021-06-14T12:30:09.2140770Z remote: Counting objects:  10% (36/355)        
2021-06-14T12:30:09.2141407Z remote: Counting objects:  11% (40/355)        
2021-06-14T12:30:09.2149107Z remote: Counting objects:  12% (43/355)        
2021-06-14T12:30:09.2149799Z remote: Counting objects:  13% (47/355)        
2021-06-14T12:30:09.2150396Z remote: Counting objects:  14% (50/355)        
2021-06-14T12:30:09.2151084Z remote: Counting objects:  15% (54/355)        
2021-06-14T12:30:09.2151682Z remote: Counting objects:  16% (57/355)        
2021-06-14T12:30:09.2152320Z remote: Counting objects:  17% (61/355)        
2021-06-14T12:30:09.2152907Z remote: Counting objects:  18% (64/355)        
2021-06-14T12:30:09.2153602Z remote: Counting objects:  19% (68/355)        
2021-06-14T12:30:09.2154286Z remote: Counting objects:  20% (71/355)        
2021-06-14T12:30:09.2154881Z remote: Counting objects:  21% (75/355)        
2021-06-14T12:30:09.2155535Z remote: Counting objects:  22% (79/355)        
2021-06-14T12:30:09.2156135Z remote: Counting objects:  23% (82/355)        
2021-06-14T12:30:09.2156771Z remote: Counting objects:  24% (86/355)        
2021-06-14T12:30:09.2157984Z remote: Counting objects:  25% (89/355)        
2021-06-14T12:30:09.2158683Z remote: Counting objects:  26% (93/355)        
2021-06-14T12:30:09.2159272Z remote: Counting objects:  27% (96/355)        
2021-06-14T12:30:09.2160156Z remote: Counting objects:  28% (100/355)        
2021-06-14T12:30:09.2160930Z remote: Counting objects:  29% (103/355)        
2021-06-14T12:30:09.2161532Z remote: Counting objects:  30% (107/355)        
2021-06-14T12:30:09.2162219Z remote: Counting objects:  31% (111/355)        
2021-06-14T12:30:09.2162848Z remote: Counting objects:  32% (114/355)        
2021-06-14T12:30:09.2163507Z remote: Counting objects:  33% (118/355)        
2021-06-14T12:30:09.2164148Z remote: Counting objects:  34% (121/355)        
2021-06-14T12:30:09.2164739Z remote: Counting objects:  35% (125/355)        
2021-06-14T12:30:09.2165664Z remote: Counting objects:  36% (128/355)        
2021-06-14T12:30:09.2166262Z remote: Counting objects:  37% (132/355)        
2021-06-14T12:30:09.2166941Z remote: Counting objects:  38% (135/355)        
2021-06-14T12:30:09.2167540Z remote: Counting objects:  39% (139/355)        
2021-06-14T12:30:09.2168186Z remote: Counting objects:  40% (142/355)        
2021-06-14T12:30:09.2168814Z remote: Counting objects:  41% (146/355)        
2021-06-14T12:30:09.2169474Z remote: Counting objects:  42% (150/355)        
2021-06-14T12:30:09.2170119Z remote: Counting objects:  43% (153/355)        
2021-06-14T12:30:09.2170706Z remote: Counting objects:  44% (157/355)        
2021-06-14T12:30:09.2171358Z remote: Counting objects:  45% (160/355)        
2021-06-14T12:30:09.2171994Z remote: Counting objects:  46% (164/355)        
2021-06-14T12:30:09.2172639Z remote: Counting objects:  47% (167/355)        
2021-06-14T12:30:09.2173228Z remote: Counting objects:  48% (171/355)        
2021-06-14T12:30:09.2173883Z remote: Counting objects:  49% (174/355)        
2021-06-14T12:30:09.2174475Z remote: Counting objects:  50% (178/355)        
2021-06-14T12:30:09.2175159Z remote: Counting objects:  51% (182/355)        
2021-06-14T12:30:09.2175757Z remote: Counting objects:  52% (185/355)        
2021-06-14T12:30:09.2176404Z remote: Counting objects:  53% (189/355)        
2021-06-14T12:30:09.2177046Z remote: Counting objects:  54% (192/355)        
2021-06-14T12:30:09.2177638Z remote: Counting objects:  55% (196/355)        
2021-06-14T12:30:09.2178321Z remote: Counting objects:  56% (199/355)        
2021-06-14T12:30:09.2178920Z remote: Counting objects:  57% (203/355)        
2021-06-14T12:30:09.2179680Z remote: Counting objects:  58% (206/355)        
2021-06-14T12:30:09.2180299Z remote: Counting objects:  59% (210/355)        
2021-06-14T12:30:09.2180959Z remote: Counting objects:  60% (213/355)        
2021-06-14T12:30:09.2181552Z remote: Counting objects:  61% (217/355)        
2021-06-14T12:30:09.2182455Z remote: Counting objects:  62% (221/355)        
2021-06-14T12:30:09.2183103Z remote: Counting objects:  63% (224/355)        
2021-06-14T12:30:09.2183960Z remote: Counting objects:  64% (228/355)        
2021-06-14T12:30:09.2184627Z remote: Counting objects:  65% (231/355)        
2021-06-14T12:30:09.2185311Z remote: Counting objects:  66% (235/355)        
2021-06-14T12:30:09.2185914Z remote: Counting objects:  67% (238/355)        
2021-06-14T12:30:09.2186560Z remote: Counting objects:  68% (242/355)        
2021-06-14T12:30:09.2187150Z remote: Counting objects:  69% (245/355)        
2021-06-14T12:30:09.2187810Z remote: Counting objects:  70% (249/355)        
2021-06-14T12:30:09.2188415Z remote: Counting objects:  71% (253/355)        
2021-06-14T12:30:09.2189094Z remote: Counting objects:  72% (256/355)        
2021-06-14T12:30:09.2189690Z remote: Counting objects:  73% (260/355)        
2021-06-14T12:30:09.2190334Z remote: Counting objects:  74% (263/355)        
2021-06-14T12:30:09.2190961Z remote: Counting objects:  75% (267/355)        
2021-06-14T12:30:09.2191610Z remote: Counting objects:  76% (270/355)        
2021-06-14T12:30:09.2192282Z remote: Counting objects:  77% (274/355)        
2021-06-14T12:30:09.2192874Z remote: Counting objects:  78% (277/355)        
2021-06-14T12:30:09.2193548Z remote: Counting objects:  79% (281/355)        
2021-06-14T12:30:09.2194140Z remote: Counting objects:  80% (284/355)        
2021-06-14T12:30:09.2194787Z remote: Counting objects:  81% (288/355)        
2021-06-14T12:30:09.2195406Z remote: Counting objects:  82% (292/355)        
2021-06-14T12:30:09.2196046Z remote: Counting objects:  83% (295/355)        
2021-06-14T12:30:09.2196647Z remote: Counting objects:  84% (299/355)        
2021-06-14T12:30:09.2197308Z remote: Counting objects:  85% (302/355)        
2021-06-14T12:30:09.2197949Z remote: Counting objects:  86% (306/355)        
2021-06-14T12:30:09.2198563Z remote: Counting objects:  87% (309/355)        
2021-06-14T12:30:09.2199364Z remote: Counting objects:  88% (313/355)        
2021-06-14T12:30:09.2199979Z remote: Counting objects:  89% (316/355)        
2021-06-14T12:30:09.2200624Z remote: Counting objects:  90% (320/355)        
2021-06-14T12:30:09.2201213Z remote: Counting objects:  91% (324/355)        
2021-06-14T12:30:09.2201884Z remote: Counting objects:  92% (327/355)        
2021-06-14T12:30:09.2202481Z remote: Counting objects:  93% (331/355)        
2021-06-14T12:30:09.2203139Z remote: Counting objects:  94% (334/355)        
2021-06-14T12:30:09.2203778Z remote: Counting objects:  95% (338/355)        
2021-06-14T12:30:09.2204378Z remote: Counting objects:  96% (341/355)        
2021-06-14T12:30:09.2205621Z remote: Counting objects:  97% (345/355)        
2021-06-14T12:30:09.2206280Z remote: Counting objects:  98% (348/355)        
2021-06-14T12:30:09.2206969Z remote: Counting objects:  99% (352/355)        
2021-06-14T12:30:09.2207661Z remote: Counting objects: 100% (355/355)        
2021-06-14T12:30:09.2208466Z remote: Counting objects: 100% (355/355), done.        
2021-06-14T12:30:09.2209171Z remote: Compressing objects:   0% (1/186)        
2021-06-14T12:30:09.2209898Z remote: Compressing objects:   1% (2/186)        
2021-06-14T12:30:09.2210581Z remote: Compressing objects:   2% (4/186)        
2021-06-14T12:30:09.2211331Z remote: Compressing objects:   3% (6/186)        
2021-06-14T12:30:09.2212028Z remote: Compressing objects:   4% (8/186)        
2021-06-14T12:30:09.2212679Z remote: Compressing objects:   5% (10/186)        
2021-06-14T12:30:09.2213404Z remote: Compressing objects:   6% (12/186)        
2021-06-14T12:30:09.2214100Z remote: Compressing objects:   7% (14/186)        
2021-06-14T12:30:09.2214886Z remote: Compressing objects:   8% (15/186)        
2021-06-14T12:30:09.2329436Z remote: Compressing objects:   9% (17/186)        
2021-06-14T12:30:09.2330182Z remote: Compressing objects:  10% (19/186)        
2021-06-14T12:30:09.2330880Z remote: Compressing objects:  11% (21/186)        
2021-06-14T12:30:09.2331542Z remote: Compressing objects:  12% (23/186)        
2021-06-14T12:30:09.2332298Z remote: Compressing objects:  13% (25/186)        
2021-06-14T12:30:09.2332968Z remote: Compressing objects:  14% (27/186)        
2021-06-14T12:30:09.2333659Z remote: Compressing objects:  15% (28/186)        
2021-06-14T12:30:09.2334290Z remote: Compressing objects:  16% (30/186)        
2021-06-14T12:30:09.2335058Z remote: Compressing objects:  17% (32/186)        
2021-06-14T12:30:09.2335706Z remote: Compressing objects:  18% (34/186)        
2021-06-14T12:30:09.2336436Z remote: Compressing objects:  19% (36/186)        
2021-06-14T12:30:09.2337124Z remote: Compressing objects:  20% (38/186)        
2021-06-14T12:30:09.2337771Z remote: Compressing objects:  21% (40/186)        
2021-06-14T12:30:09.2338460Z remote: Compressing objects:  22% (41/186)        
2021-06-14T12:30:09.2339109Z remote: Compressing objects:  23% (43/186)        
2021-06-14T12:30:09.2339832Z remote: Compressing objects:  24% (45/186)        
2021-06-14T12:30:09.2340481Z remote: Compressing objects:  25% (47/186)        
2021-06-14T12:30:09.2341165Z remote: Compressing objects:  26% (49/186)        
2021-06-14T12:30:09.2341794Z remote: Compressing objects:  27% (51/186)        
2021-06-14T12:30:09.2342494Z remote: Compressing objects:  28% (53/186)        
2021-06-14T12:30:09.2343213Z remote: Compressing objects:  29% (54/186)        
2021-06-14T12:30:09.2344049Z remote: Compressing objects:  30% (56/186)        
2021-06-14T12:30:09.2344740Z remote: Compressing objects:  31% (58/186)        
2021-06-14T12:30:09.2345370Z remote: Compressing objects:  32% (60/186)        
2021-06-14T12:30:09.2346066Z remote: Compressing objects:  33% (62/186)        
2021-06-14T12:30:09.2346757Z remote: Compressing objects:  34% (64/186)        
2021-06-14T12:30:09.2347460Z remote: Compressing objects:  35% (66/186)        
2021-06-14T12:30:09.2348092Z remote: Compressing objects:  36% (67/186)        
2021-06-14T12:30:09.2348791Z remote: Compressing objects:  37% (69/186)        
2021-06-14T12:30:09.2349691Z remote: Compressing objects:  38% (71/186)        
2021-06-14T12:30:09.2350364Z remote: Compressing objects:  39% (73/186)        
2021-06-14T12:30:09.2351054Z remote: Compressing objects:  40% (75/186)        
2021-06-14T12:30:09.2351685Z remote: Compressing objects:  41% (77/186)        
2021-06-14T12:30:09.2352383Z remote: Compressing objects:  42% (79/186)        
2021-06-14T12:30:09.2353016Z remote: Compressing objects:  43% (80/186)        
2021-06-14T12:30:09.2353731Z remote: Compressing objects:  44% (82/186)        
2021-06-14T12:30:09.2354372Z remote: Compressing objects:  45% (84/186)        
2021-06-14T12:30:09.2355059Z remote: Compressing objects:  46% (86/186)        
2021-06-14T12:30:09.2355774Z remote: Compressing objects:  47% (88/186)        
2021-06-14T12:30:09.2356406Z remote: Compressing objects:  48% (90/186)        
2021-06-14T12:30:09.2357120Z remote: Compressing objects:  49% (92/186)        
2021-06-14T12:30:09.2357765Z remote: Compressing objects:  50% (93/186)        
2021-06-14T12:30:09.2359121Z remote: Compressing objects:  51% (95/186)        
2021-06-14T12:30:09.2359811Z remote: Compressing objects:  52% (97/186)        
2021-06-14T12:30:09.2360497Z remote: Compressing objects:  53% (99/186)        
2021-06-14T12:30:09.2361137Z remote: Compressing objects:  54% (101/186)        
2021-06-14T12:30:09.2361913Z remote: Compressing objects:  55% (103/186)        
2021-06-14T12:30:09.2362625Z remote: Compressing objects:  56% (105/186)        
2021-06-14T12:30:09.2363259Z remote: Compressing objects:  57% (107/186)        
2021-06-14T12:30:09.2363945Z remote: Compressing objects:  58% (108/186)        
2021-06-14T12:30:09.2364729Z remote: Compressing objects:  59% (110/186)        
2021-06-14T12:30:09.2365499Z remote: Compressing objects:  60% (112/186)        
2021-06-14T12:30:09.2366155Z remote: Compressing objects:  61% (114/186)        
2021-06-14T12:30:09.2366838Z remote: Compressing objects:  62% (116/186)        
2021-06-14T12:30:09.2377495Z remote: Compressing objects:  63% (118/186)        
2021-06-14T12:30:09.2378218Z remote: Compressing objects:  64% (120/186)        
2021-06-14T12:30:09.2379384Z remote: Compressing objects:  65% (121/186)        
2021-06-14T12:30:09.2380118Z remote: Compressing objects:  66% (123/186)        
2021-06-14T12:30:09.2380807Z remote: Compressing objects:  67% (125/186)        
2021-06-14T12:30:09.2381442Z remote: Compressing objects:  68% (127/186)        
2021-06-14T12:30:09.2382185Z remote: Compressing objects:  69% (129/186)        
2021-06-14T12:30:09.2382849Z remote: Compressing objects:  70% (131/186)        
2021-06-14T12:30:09.2383719Z remote: Compressing objects:  71% (133/186)        
2021-06-14T12:30:09.2384455Z remote: Compressing objects:  72% (134/186)        
2021-06-14T12:30:09.2502113Z remote: Compressing objects:  73% (136/186)        
2021-06-14T12:30:09.2502771Z remote: Compressing objects:  74% (138/186)        
2021-06-14T12:30:09.2503371Z remote: Compressing objects:  75% (140/186)        
2021-06-14T12:30:09.2504241Z remote: Compressing objects:  76% (142/186)        
2021-06-14T12:30:09.2504837Z remote: Compressing objects:  77% (144/186)        
2021-06-14T12:30:09.2505427Z remote: Compressing objects:  78% (146/186)        
2021-06-14T12:30:09.2506021Z remote: Compressing objects:  79% (147/186)        
2021-06-14T12:30:09.2506608Z remote: Compressing objects:  80% (149/186)        
2021-06-14T12:30:09.2507214Z remote: Compressing objects:  81% (151/186)        
2021-06-14T12:30:09.2507829Z remote: Compressing objects:  82% (153/186)        
2021-06-14T12:30:09.2508423Z remote: Compressing objects:  83% (155/186)        
2021-06-14T12:30:09.2509034Z remote: Compressing objects:  84% (157/186)        
2021-06-14T12:30:09.2509643Z remote: Compressing objects:  85% (159/186)        
2021-06-14T12:30:09.2510253Z remote: Compressing objects:  86% (160/186)        
2021-06-14T12:30:09.2510841Z remote: Compressing objects:  87% (162/186)        
2021-06-14T12:30:09.2511707Z remote: Compressing objects:  88% (164/186)        
2021-06-14T12:30:09.2512319Z remote: Compressing objects:  89% (166/186)        
2021-06-14T12:30:09.2512921Z remote: Compressing objects:  90% (168/186)        
2021-06-14T12:30:09.2513505Z remote: Compressing objects:  91% (170/186)        
2021-06-14T12:30:09.2514110Z remote: Compressing objects:  92% (172/186)        
2021-06-14T12:30:09.2514702Z remote: Compressing objects:  93% (173/186)        
2021-06-14T12:30:09.2515307Z remote: Compressing objects:  94% (175/186)        
2021-06-14T12:30:09.2515899Z remote: Compressing objects:  95% (177/186)        
2021-06-14T12:30:09.2516490Z remote: Compressing objects:  96% (179/186)        
2021-06-14T12:30:09.2517085Z remote: Compressing objects:  97% (181/186)        
2021-06-14T12:30:09.2517684Z remote: Compressing objects:  98% (183/186)        
2021-06-14T12:30:09.2518281Z remote: Compressing objects:  99% (185/186)        
2021-06-14T12:30:09.2518868Z remote: Compressing objects: 100% (186/186)        
2021-06-14T12:30:09.2519512Z remote: Compressing objects: 100% (186/186), done.        
2021-06-14T12:30:09.2553191Z Receiving objects:   0% (1/701)
2021-06-14T12:30:09.2553806Z Receiving objects:   1% (8/701)
2021-06-14T12:30:09.2554299Z Receiving objects:   2% (15/701)
2021-06-14T12:30:09.2694699Z Receiving objects:   3% (22/701)
2021-06-14T12:30:09.2747301Z Receiving objects:   4% (29/701)
2021-06-14T12:30:09.2806903Z Receiving objects:   5% (36/701)
2021-06-14T12:30:09.2812595Z Receiving objects:   6% (43/701)
2021-06-14T12:30:09.2814154Z Receiving objects:   7% (50/701)
2021-06-14T12:30:09.2814687Z Receiving objects:   8% (57/701)
2021-06-14T12:30:09.2816064Z Receiving objects:   9% (64/701)
2021-06-14T12:30:09.2816879Z Receiving objects:  10% (71/701)
2021-06-14T12:30:09.2817413Z Receiving objects:  11% (78/701)
2021-06-14T12:30:09.2818708Z Receiving objects:  12% (85/701)
2021-06-14T12:30:09.2824566Z Receiving objects:  13% (92/701)
2021-06-14T12:30:09.2826090Z Receiving objects:  14% (99/701)
2021-06-14T12:30:09.2826633Z Receiving objects:  15% (106/701)
2021-06-14T12:30:09.2827168Z Receiving objects:  16% (113/701)
2021-06-14T12:30:09.2828505Z Receiving objects:  17% (120/701)
2021-06-14T12:30:09.2830258Z Receiving objects:  18% (127/701)
2021-06-14T12:30:09.2832623Z Receiving objects:  19% (134/701)
2021-06-14T12:30:09.2834673Z Receiving objects:  20% (141/701)
2021-06-14T12:30:09.2837010Z Receiving objects:  21% (148/701)
2021-06-14T12:30:09.2840377Z Receiving objects:  22% (155/701)
2021-06-14T12:30:09.3075740Z Receiving objects:  23% (162/701)
2021-06-14T12:30:09.3076412Z Receiving objects:  24% (169/701)
2021-06-14T12:30:09.3076923Z Receiving objects:  25% (176/701)
2021-06-14T12:30:09.3077410Z Receiving objects:  26% (183/701)
2021-06-14T12:30:09.3077954Z Receiving objects:  27% (190/701)
2021-06-14T12:30:09.3109727Z Receiving objects:  28% (197/701)
2021-06-14T12:30:09.3112005Z Receiving objects:  29% (204/701)
2021-06-14T12:30:09.3189058Z Receiving objects:  30% (211/701)
2021-06-14T12:30:09.3190552Z Receiving objects:  31% (218/701)
2021-06-14T12:30:09.3191099Z Receiving objects:  32% (225/701)
2021-06-14T12:30:09.3191583Z Receiving objects:  33% (232/701)
2021-06-14T12:30:09.3193004Z Receiving objects:  34% (239/701)
2021-06-14T12:30:09.3194413Z Receiving objects:  35% (246/701)
2021-06-14T12:30:09.3194898Z Receiving objects:  36% (253/701)
2021-06-14T12:30:09.3197219Z Receiving objects:  37% (260/701)
2021-06-14T12:30:09.3198616Z Receiving objects:  38% (267/701)
2021-06-14T12:30:09.3200001Z Receiving objects:  39% (274/701)
2021-06-14T12:30:09.3202233Z Receiving objects:  40% (281/701)
2021-06-14T12:30:09.3204472Z Receiving objects:  41% (288/701)
2021-06-14T12:30:09.3204961Z Receiving objects:  42% (295/701)
2021-06-14T12:30:09.3205474Z Receiving objects:  43% (302/701)
2021-06-14T12:30:09.3205957Z Receiving objects:  44% (309/701)
2021-06-14T12:30:09.3206456Z Receiving objects:  45% (316/701)
2021-06-14T12:30:09.3206955Z Receiving objects:  46% (323/701)
2021-06-14T12:30:09.3207639Z Receiving objects:  47% (330/701)
2021-06-14T12:30:09.3209093Z Receiving objects:  48% (337/701)
2021-06-14T12:30:09.3210480Z Receiving objects:  49% (344/701)
2021-06-14T12:30:09.3211906Z Receiving objects:  50% (351/701)
2021-06-14T12:30:09.3212409Z Receiving objects:  51% (358/701)
2021-06-14T12:30:09.3213808Z Receiving objects:  52% (365/701)
2021-06-14T12:30:09.3214296Z Receiving objects:  53% (372/701)
2021-06-14T12:30:09.3215694Z Receiving objects:  54% (379/701)
2021-06-14T12:30:09.3216178Z Receiving objects:  55% (386/701)
2021-06-14T12:30:09.3217561Z Receiving objects:  56% (393/701)
2021-06-14T12:30:09.3218163Z Receiving objects:  57% (400/701)
2021-06-14T12:30:09.3218645Z Receiving objects:  58% (407/701)
2021-06-14T12:30:09.3220060Z Receiving objects:  59% (414/701)
2021-06-14T12:30:09.3220557Z Receiving objects:  60% (421/701)
2021-06-14T12:30:09.3221928Z Receiving objects:  61% (428/701)
2021-06-14T12:30:09.3222439Z Receiving objects:  62% (435/701)
2021-06-14T12:30:09.3222938Z Receiving objects:  63% (442/701)
2021-06-14T12:30:09.3223612Z Receiving objects:  64% (449/701)
2021-06-14T12:30:09.3225057Z Receiving objects:  65% (456/701)
2021-06-14T12:30:09.3225568Z Receiving objects:  66% (463/701)
2021-06-14T12:30:09.3226049Z Receiving objects:  67% (470/701)
2021-06-14T12:30:09.3227434Z Receiving objects:  68% (477/701)
2021-06-14T12:30:09.3228810Z Receiving objects:  69% (484/701)
2021-06-14T12:30:09.3230888Z Receiving objects:  70% (491/701)
2021-06-14T12:30:09.3232254Z Receiving objects:  71% (498/701)
2021-06-14T12:30:09.3232776Z Receiving objects:  72% (505/701)
2021-06-14T12:30:09.3233256Z Receiving objects:  73% (512/701)
2021-06-14T12:30:09.3233804Z Receiving objects:  74% (519/701)
2021-06-14T12:30:09.3234286Z Receiving objects:  75% (526/701)
2021-06-14T12:30:09.3234930Z Receiving objects:  76% (533/701)
2021-06-14T12:30:09.3235458Z Receiving objects:  77% (540/701)
2021-06-14T12:30:09.3235938Z Receiving objects:  78% (547/701)
2021-06-14T12:30:09.3236435Z Receiving objects:  79% (554/701)
2021-06-14T12:30:09.3236923Z Receiving objects:  80% (561/701)
2021-06-14T12:30:09.3237422Z Receiving objects:  81% (568/701)
2021-06-14T12:30:09.3274169Z Receiving objects:  82% (575/701)
2021-06-14T12:30:09.3274714Z Receiving objects:  83% (582/701)
2021-06-14T12:30:09.3275198Z Receiving objects:  84% (589/701)
2021-06-14T12:30:09.3275699Z Receiving objects:  85% (596/701)
2021-06-14T12:30:09.3284320Z Receiving objects:  86% (603/701)
2021-06-14T12:30:09.3284837Z Receiving objects:  87% (610/701)
2021-06-14T12:30:09.3285339Z Receiving objects:  88% (617/701)
2021-06-14T12:30:09.3285821Z Receiving objects:  89% (624/701)
2021-06-14T12:30:09.3427427Z Receiving objects:  90% (631/701)
2021-06-14T12:30:09.3427977Z Receiving objects:  91% (638/701)
2021-06-14T12:30:09.3429341Z remote: Total 701 (delta 188), reused 217 (delta 146), pack-reused 346
2021-06-14T12:30:09.3432539Z Receiving objects:  92% (645/701)
2021-06-14T12:30:09.3434614Z Receiving objects:  93% (652/701)
2021-06-14T12:30:09.3447400Z Receiving objects:  94% (659/701)
2021-06-14T12:30:09.3453139Z Receiving objects:  95% (666/701)
2021-06-14T12:30:09.3457585Z Receiving objects:  96% (673/701)
2021-06-14T12:30:09.3458137Z Receiving objects:  97% (680/701)
2021-06-14T12:30:09.3460570Z Receiving objects:  98% (687/701)
2021-06-14T12:30:09.3461072Z Receiving objects:  99% (694/701)
2021-06-14T12:30:09.3461571Z Receiving objects: 100% (701/701)
2021-06-14T12:30:09.3464450Z Receiving objects: 100% (701/701), 198.11 KiB | 2.00 MiB/s, done.
2021-06-14T12:30:09.3465091Z Resolving deltas:   0% (0/368)
2021-06-14T12:30:09.3466982Z Resolving deltas:   1% (4/368)
2021-06-14T12:30:09.3467560Z Resolving deltas:   2% (8/368)
2021-06-14T12:30:09.3468043Z Resolving deltas:   3% (12/368)
2021-06-14T12:30:09.3468531Z Resolving deltas:   4% (15/368)
2021-06-14T12:30:09.3469016Z Resolving deltas:   5% (19/368)
2021-06-14T12:30:09.3469482Z Resolving deltas:   6% (23/368)
2021-06-14T12:30:09.3469959Z Resolving deltas:   7% (26/368)
2021-06-14T12:30:09.3470423Z Resolving deltas:   8% (30/368)
2021-06-14T12:30:09.3473185Z Resolving deltas:   9% (34/368)
2021-06-14T12:30:09.3473669Z Resolving deltas:  10% (37/368)
2021-06-14T12:30:09.3477710Z Resolving deltas:  11% (41/368)
2021-06-14T12:30:09.3478218Z Resolving deltas:  12% (45/368)
2021-06-14T12:30:09.3478755Z Resolving deltas:  13% (48/368)
2021-06-14T12:30:09.3483182Z Resolving deltas:  14% (52/368)
2021-06-14T12:30:09.3483742Z Resolving deltas:  15% (56/368)
2021-06-14T12:30:09.3484225Z Resolving deltas:  16% (59/368)
2021-06-14T12:30:09.3484688Z Resolving deltas:  17% (63/368)
2021-06-14T12:30:09.3485166Z Resolving deltas:  18% (67/368)
2021-06-14T12:30:09.3485630Z Resolving deltas:  19% (70/368)
2021-06-14T12:30:09.3486110Z Resolving deltas:  20% (74/368)
2021-06-14T12:30:09.3486660Z Resolving deltas:  21% (78/368)
2021-06-14T12:30:09.3487130Z Resolving deltas:  22% (81/368)
2021-06-14T12:30:09.3493751Z Resolving deltas:  23% (85/368)
2021-06-14T12:30:09.3494247Z Resolving deltas:  24% (89/368)
2021-06-14T12:30:09.3497909Z Resolving deltas:  25% (92/368)
2021-06-14T12:30:09.3502581Z Resolving deltas:  26% (97/368)
2021-06-14T12:30:09.3507516Z Resolving deltas:  27% (100/368)
2021-06-14T12:30:09.3511296Z Resolving deltas:  28% (104/368)
2021-06-14T12:30:09.3513623Z Resolving deltas:  29% (107/368)
2021-06-14T12:30:09.3516845Z Resolving deltas:  30% (111/368)
2021-06-14T12:30:09.3519437Z Resolving deltas:  31% (115/368)
2021-06-14T12:30:09.3525866Z Resolving deltas:  32% (118/368)
2021-06-14T12:30:09.3526376Z Resolving deltas:  33% (122/368)
2021-06-14T12:30:09.3542497Z Resolving deltas:  34% (126/368)
2021-06-14T12:30:09.3543098Z Resolving deltas:  35% (129/368)
2021-06-14T12:30:09.3543752Z Resolving deltas:  36% (133/368)
2021-06-14T12:30:09.3544247Z Resolving deltas:  37% (137/368)
2021-06-14T12:30:09.3554519Z Resolving deltas:  38% (140/368)
2021-06-14T12:30:09.3555088Z Resolving deltas:  39% (144/368)
2021-06-14T12:30:09.3555562Z Resolving deltas:  40% (148/368)
2021-06-14T12:30:09.3556047Z Resolving deltas:  41% (151/368)
2021-06-14T12:30:09.3556527Z Resolving deltas:  42% (155/368)
2021-06-14T12:30:09.3557012Z Resolving deltas:  43% (159/368)
2021-06-14T12:30:09.3557496Z Resolving deltas:  44% (162/368)
2021-06-14T12:30:09.3557959Z Resolving deltas:  45% (166/368)
2021-06-14T12:30:09.3558442Z Resolving deltas:  46% (170/368)
2021-06-14T12:30:09.3558906Z Resolving deltas:  47% (173/368)
2021-06-14T12:30:09.3559388Z Resolving deltas:  48% (177/368)
2021-06-14T12:30:09.3559904Z Resolving deltas:  49% (181/368)
2021-06-14T12:30:09.3560386Z Resolving deltas:  50% (184/368)
2021-06-14T12:30:09.3560852Z Resolving deltas:  51% (188/368)
2021-06-14T12:30:09.3561882Z Resolving deltas:  52% (192/368)
2021-06-14T12:30:09.3563860Z Resolving deltas:  53% (196/368)
2021-06-14T12:30:09.3566063Z Resolving deltas:  54% (199/368)
2021-06-14T12:30:09.3573772Z Resolving deltas:  55% (203/368)
2021-06-14T12:30:09.3575446Z Resolving deltas:  56% (207/368)
2021-06-14T12:30:09.3578368Z Resolving deltas:  57% (210/368)
2021-06-14T12:30:09.3579616Z Resolving deltas:  58% (214/368)
2021-06-14T12:30:09.3584275Z Resolving deltas:  59% (218/368)
2021-06-14T12:30:09.3584795Z Resolving deltas:  60% (221/368)
2021-06-14T12:30:09.3590664Z Resolving deltas:  61% (225/368)
2021-06-14T12:30:09.3591188Z Resolving deltas:  62% (229/368)
2021-06-14T12:30:09.3591660Z Resolving deltas:  63% (232/368)
2021-06-14T12:30:09.3592142Z Resolving deltas:  64% (236/368)
2021-06-14T12:30:09.3592611Z Resolving deltas:  65% (240/368)
2021-06-14T12:30:09.3593094Z Resolving deltas:  66% (243/368)
2021-06-14T12:30:09.3593561Z Resolving deltas:  67% (247/368)
2021-06-14T12:30:09.3594048Z Resolving deltas:  68% (251/368)
2021-06-14T12:30:09.3594530Z Resolving deltas:  69% (254/368)
2021-06-14T12:30:09.3594993Z Resolving deltas:  70% (258/368)
2021-06-14T12:30:09.3595491Z Resolving deltas:  71% (262/368)
2021-06-14T12:30:09.3595959Z Resolving deltas:  72% (265/368)
2021-06-14T12:30:09.3596440Z Resolving deltas:  73% (269/368)
2021-06-14T12:30:09.3596908Z Resolving deltas:  74% (273/368)
2021-06-14T12:30:09.3597620Z Resolving deltas:  75% (276/368)
2021-06-14T12:30:09.3598085Z Resolving deltas:  76% (280/368)
2021-06-14T12:30:09.3605548Z Resolving deltas:  77% (284/368)
2021-06-14T12:30:09.3606061Z Resolving deltas:  78% (288/368)
2021-06-14T12:30:09.3606858Z Resolving deltas:  79% (291/368)
2021-06-14T12:30:09.3611655Z Resolving deltas:  80% (295/368)
2021-06-14T12:30:09.3612148Z Resolving deltas:  81% (299/368)
2021-06-14T12:30:09.3614385Z Resolving deltas:  82% (302/368)
2021-06-14T12:30:09.3622955Z Resolving deltas:  83% (306/368)
2021-06-14T12:30:09.3623662Z Resolving deltas:  84% (310/368)
2021-06-14T12:30:09.3624150Z Resolving deltas:  85% (313/368)
2021-06-14T12:30:09.3624638Z Resolving deltas:  86% (317/368)
2021-06-14T12:30:09.3625138Z Resolving deltas:  87% (321/368)
2021-06-14T12:30:09.3625606Z Resolving deltas:  88% (324/368)
2021-06-14T12:30:09.3626134Z Resolving deltas:  89% (328/368)
2021-06-14T12:30:09.3632166Z Resolving deltas:  90% (332/368)
2021-06-14T12:30:09.3632678Z Resolving deltas:  91% (335/368)
2021-06-14T12:30:09.3635618Z Resolving deltas:  92% (339/368)
2021-06-14T12:30:09.3638988Z Resolving deltas:  93% (343/368)
2021-06-14T12:30:09.3642724Z Resolving deltas:  94% (346/368)
2021-06-14T12:30:09.3645932Z Resolving deltas:  95% (350/368)
2021-06-14T12:30:09.3649701Z Resolving deltas:  96% (354/368)
2021-06-14T12:30:09.3650467Z Resolving deltas:  97% (357/368)
2021-06-14T12:30:09.3654297Z Resolving deltas:  98% (361/368)
2021-06-14T12:30:09.3656593Z Resolving deltas:  99% (365/368)
2021-06-14T12:30:09.3663172Z Resolving deltas: 100% (368/368)
2021-06-14T12:30:09.3663903Z Resolving deltas: 100% (368/368), done.
2021-06-14T12:30:09.3803677Z From https://github.com/con/tinuous
2021-06-14T12:30:09.3805651Z  * [new branch]      gh-55                                    -> origin/gh-55
2021-06-14T12:30:09.3824970Z  * [new branch]      ghtoken-regex                            -> origin/ghtoken-regex
2021-06-14T12:30:09.3826402Z  * [new branch]      master                                   -> origin/master
2021-06-14T12:30:09.3827816Z  * [new branch]      test-appveyor                            -> origin/test-appveyor
2021-06-14T12:30:09.3828990Z  * [new tag]         0.1.0                                    -> 0.1.0
2021-06-14T12:30:09.3829937Z  * [new tag]         0.2.0                                    -> 0.2.0
2021-06-14T12:30:09.3830880Z  * [new tag]         0.3.0                                    -> 0.3.0
2021-06-14T12:30:09.3832111Z  * [new ref]         04f0d5ab2006aef9e0b844355ba2f3c194c5f8c9 -> pull/108/merge
2021-06-14T12:30:09.3860502Z ##[endgroup]
2021-06-14T12:30:09.3861424Z ##[group]Determining the checkout info
2021-06-14T12:30:09.3863910Z ##[endgroup]
2021-06-14T12:30:09.3865026Z ##[group]Checking out the ref
2021-06-14T12:30:09.3882042Z [command]/usr/bin/git checkout --progress --force refs/remotes/pull/108/merge
2021-06-14T12:30:09.3939859Z Note: switching to 'refs/remotes/pull/108/merge'.
2021-06-14T12:30:09.3940700Z 
2021-06-14T12:30:09.3942111Z You are in 'detached HEAD' state. You can look around, make experimental
2021-06-14T12:30:09.3943041Z changes and commit them, and you can discard any commits you make in this
2021-06-14T12:30:09.3944341Z state without impacting any branches by switching back to a branch.
2021-06-14T12:30:09.3944907Z 
2021-06-14T12:30:09.3945455Z If you want to create a new branch to retain commits you create, you may
2021-06-14T12:30:09.3946518Z do so (now or later) by using -c with the switch command. Example:
2021-06-14T12:30:09.3946943Z 
2021-06-14T12:30:09.3947565Z   git switch -c <new-branch-name>
2021-06-14T12:30:09.3947939Z 
2021-06-14T12:30:09.3948342Z Or undo this operation with:
2021-06-14T12:30:09.3948672Z 
2021-06-14T12:30:09.3949179Z   git switch -
2021-06-14T12:30:09.3949441Z 
2021-06-14T12:30:09.3950112Z Turn off this advice by setting config variable advice.detachedHead to false
2021-06-14T12:30:09.3950666Z 
2021-06-14T12:30:09.3951508Z HEAD is now at 04f0d5a Merge 083d7a4039edf89b4ff75ef14ad7c06c96cff178 into 95da3a329764859fdd0e260307c4027b1eed5aa2
2021-06-14T12:30:09.3953912Z ##[endgroup]
2021-06-14T12:30:09.3996508Z [command]/usr/bin/git log -1 --format='%H'
2021-06-14T12:30:09.4044006Z '04f0d5ab2006aef9e0b844355ba2f3c194c5f8c9'
2021-06-14T12:30:09.4199480Z ##[group]Run actions/setup-python@v2
2021-06-14T12:30:09.4200039Z with:
2021-06-14T12:30:09.4200513Z   python-version: 3.8
2021-06-14T12:30:09.4201383Z   token: ***
2021-06-14T12:30:09.4201791Z ##[endgroup]
2021-06-14T12:30:09.4847164Z Successfully setup CPython (3.8.10)
2021-06-14T12:30:09.5029085Z ##[group]Run python -m pip install --upgrade pip wheel
2021-06-14T12:30:09.5029920Z [36;1mpython -m pip install --upgrade pip wheel[0m
2021-06-14T12:30:09.5030677Z [36;1mpython -m pip install --upgrade --upgrade-strategy=eager tox[0m
2021-06-14T12:30:09.5076441Z shell: /usr/bin/bash -e {0}
2021-06-14T12:30:09.5076868Z env:
2021-06-14T12:30:09.5077454Z   pythonLocation: /opt/hostedtoolcache/Python/3.8.10/x64
2021-06-14T12:30:09.5078224Z   LD_LIBRARY_PATH: /opt/hostedtoolcache/Python/3.8.10/x64/lib
2021-06-14T12:30:09.5078849Z ##[endgroup]
2021-06-14T12:30:10.1018873Z Requirement already satisfied: pip in /opt/hostedtoolcache/Python/3.8.10/x64/lib/python3.8/site-packages (21.1.2)
2021-06-14T12:30:10.3411270Z Collecting wheel
2021-06-14T12:30:10.4003542Z   Downloading wheel-0.36.2-py2.py3-none-any.whl (35 kB)
2021-06-14T12:30:10.4643585Z Installing collected packages: wheel
2021-06-14T12:30:10.5029242Z Successfully installed wheel-0.36.2
2021-06-14T12:30:11.3091438Z Collecting tox
2021-06-14T12:30:11.3593882Z   Downloading tox-3.23.1-py2.py3-none-any.whl (85 kB)
2021-06-14T12:30:11.4459052Z Collecting six>=1.14.0
2021-06-14T12:30:11.4603233Z   Downloading six-1.16.0-py2.py3-none-any.whl (11 kB)
2021-06-14T12:30:11.7402264Z Collecting virtualenv!=20.0.0,!=20.0.1,!=20.0.2,!=20.0.3,!=20.0.4,!=20.0.5,!=20.0.6,!=20.0.7,>=16.0.0
2021-06-14T12:30:11.7529428Z   Downloading virtualenv-20.4.7-py2.py3-none-any.whl (7.2 MB)
2021-06-14T12:30:11.9664320Z Collecting toml>=0.9.4
2021-06-14T12:30:11.9791568Z   Downloading toml-0.10.2-py2.py3-none-any.whl (16 kB)
2021-06-14T12:30:12.0469806Z Collecting packaging>=14
2021-06-14T12:30:12.0596839Z   Downloading packaging-20.9-py2.py3-none-any.whl (40 kB)
2021-06-14T12:30:12.1168030Z Collecting filelock>=3.0.0
2021-06-14T12:30:12.1291484Z   Downloading filelock-3.0.12-py3-none-any.whl (7.6 kB)
2021-06-14T12:30:12.1900168Z Collecting py>=1.4.17
2021-06-14T12:30:12.2160439Z   Downloading py-1.10.0-py2.py3-none-any.whl (97 kB)
2021-06-14T12:30:12.2649497Z Collecting pluggy>=0.12.0
2021-06-14T12:30:12.2788670Z   Downloading pluggy-0.13.1-py2.py3-none-any.whl (18 kB)
2021-06-14T12:30:12.3767317Z Collecting pyparsing>=2.0.2
2021-06-14T12:30:12.3892809Z   Downloading pyparsing-2.4.7-py2.py3-none-any.whl (67 kB)
2021-06-14T12:30:12.4762450Z Collecting appdirs<2,>=1.4.3
2021-06-14T12:30:12.4898416Z   Downloading appdirs-1.4.4-py2.py3-none-any.whl (9.6 kB)
2021-06-14T12:30:12.5350519Z Collecting distlib<1,>=0.3.1
2021-06-14T12:30:12.5497921Z   Downloading distlib-0.3.2-py2.py3-none-any.whl (338 kB)
2021-06-14T12:30:12.6715675Z Installing collected packages: six, pyparsing, filelock, distlib, appdirs, virtualenv, toml, py, pluggy, packaging, tox
2021-06-14T12:30:13.3004967Z Successfully installed appdirs-1.4.4 distlib-0.3.2 filelock-3.0.12 packaging-20.9 pluggy-0.13.1 py-1.10.0 pyparsing-2.4.7 six-1.16.0 toml-0.10.2 tox-3.23.1 virtualenv-20.4.7
2021-06-14T12:30:13.3781490Z ##[group]Run tox -e py -- --cov-report=xml
2021-06-14T12:30:13.3782202Z [36;1mtox -e py -- --cov-report=xml[0m
2021-06-14T12:30:13.3824263Z shell: /usr/bin/bash -e {0}
2021-06-14T12:30:13.3824662Z env:
2021-06-14T12:30:13.3825241Z   pythonLocation: /opt/hostedtoolcache/Python/3.8.10/x64
2021-06-14T12:30:13.3826019Z   LD_LIBRARY_PATH: /opt/hostedtoolcache/Python/3.8.10/x64/lib
2021-06-14T12:30:13.3826576Z ##[endgroup]
2021-06-14T12:30:13.6104587Z .package create: /home/runner/work/tinuous/tinuous/.tox/.package
2021-06-14T12:30:14.3946188Z .package installdeps: setuptools >= 46.4.0, wheel ~= 0.32
2021-06-14T12:30:18.2836802Z py create: /home/runner/work/tinuous/tinuous/.tox/py
2021-06-14T12:30:18.5903017Z py installdeps: pytest~=6.0, pytest-cov~=2.0, pytest-mock~=3.0
2021-06-14T12:30:22.2275880Z py inst: /home/runner/work/tinuous/tinuous/.tox/.tmp/package/1/tinuous-0.3.0+11.g04f0d5a.tar.gz
2021-06-14T12:30:33.7075161Z py installed: attrs==21.2.0,certifi==2021.5.30,cffi==1.14.5,chardet==4.0.0,click==8.0.1,click-loglevel==0.4.0.post1,coverage==5.5,Deprecated==1.2.12,idna==2.10,in-place==0.5.0,iniconfig==1.1.1,packaging==20.9,pluggy==0.13.1,py==1.10.0,pycparser==2.20,pydantic==1.8.2,PyGithub==1.55,PyJWT==2.1.0,PyNaCl==1.4.0,pyparsing==2.4.7,pytest==6.2.4,pytest-cov==2.12.1,pytest-mock==3.6.1,python-dateutil==2.8.1,python-dotenv==0.17.1,PyYAML==5.4.1,requests==2.25.1,six==1.16.0,tinuous @ file:///home/runner/work/tinuous/tinuous/.tox/.tmp/package/1/tinuous-0.3.0%2B11.g04f0d5a.tar.gz,toml==0.10.2,typing-extensions==3.10.0.0,urllib3==1.26.5,wrapt==1.12.1
2021-06-14T12:30:33.7103897Z py run-test-pre: PYTHONHASHSEED='3410150877'
2021-06-14T12:30:33.7145564Z py run-test: commands[0] | tinuous --help
2021-06-14T12:30:34.0233172Z Usage: tinuous [OPTIONS] COMMAND [ARGS]...
2021-06-14T12:30:34.0263997Z 
2021-06-14T12:30:34.0264947Z   Download build logs from GitHub Actions, Travis, and Appveyor
2021-06-14T12:30:34.0265638Z 
2021-06-14T12:30:34.0266177Z Options:
2021-06-14T12:30:34.0267548Z   -V, --version                   Show the version and exit.
2021-06-14T12:30:34.0268764Z   -c, --config FILE               Read configuration from the given file
2021-06-14T12:30:34.0269670Z                                   [default: tinuous.yaml]
2021-06-14T12:30:34.0270817Z   -E, --env FILE                  Load environment variables from given .env
2021-06-14T12:30:34.0271642Z                                   file
2021-06-14T12:30:34.0272603Z   -l, --log-level [NOTSET|DEBUG|INFO|WARNING|ERROR|CRITICAL]
2021-06-14T12:30:34.0273518Z                                   Set logging level  [default: 20]
2021-06-14T12:30:34.0274513Z   --help                          Show this message and exit.
2021-06-14T12:30:34.0275125Z 
2021-06-14T12:30:34.0275661Z Commands:
2021-06-14T12:30:34.0276233Z   fetch     Download logs
2021-06-14T12:30:34.0276882Z   sanitize  Sanitize secrets in logs
2021-06-14T12:30:34.0537949Z py run-test: commands[1] | pytest --cov-report=xml test
2021-06-14T12:30:35.0954007Z ============================= test session starts ==============================
2021-06-14T12:30:35.0955673Z platform linux -- Python 3.8.10, pytest-6.2.4, py-1.10.0, pluggy-0.13.1
2021-06-14T12:30:35.0956517Z cachedir: .tox/py/.pytest_cache
2021-06-14T12:30:35.0957193Z rootdir: /home/runner/work/tinuous/tinuous, configfile: tox.ini
2021-06-14T12:30:35.0958045Z plugins: cov-2.12.1, mock-3.6.1
2021-06-14T12:30:35.0958528Z collected 38 items
2021-06-14T12:30:35.0958806Z 
2021-06-14T12:30:35.1142385Z test/test_config.py ........                                             [ 21%]
2021-06-14T12:30:35.1422538Z test/test_state.py ........                                              [ 42%]
2021-06-14T12:30:35.3841864Z test/test_util.py ......................                                 [100%]
2021-06-14T12:30:35.3842249Z 
2021-06-14T12:30:35.3843737Z ---------- coverage: platform linux, python 3.8.10-final-0 -----------
2021-06-14T12:30:35.3844452Z Coverage XML written to file coverage.xml
2021-06-14T12:30:35.3844844Z 
2021-06-14T12:30:35.3845326Z 
2021-06-14T12:30:35.3845766Z ============================== 38 passed in 0.82s ==============================
2021-06-14T12:30:35.4478423Z ___________________________________ summary ____________________________________
2021-06-14T12:30:35.4479002Z   py: commands succeeded
2021-06-14T12:30:35.4479490Z   congratulations :)
2021-06-14T12:30:35.4827491Z ##[group]Run codecov/codecov-action@v1
2021-06-14T12:30:35.4828014Z with:
2021-06-14T12:30:35.4828413Z   fail_ci_if_error: false
2021-06-14T12:30:35.4828809Z env:
2021-06-14T12:30:35.4829355Z   pythonLocation: /opt/hostedtoolcache/Python/3.8.10/x64
2021-06-14T12:30:35.4830276Z   LD_LIBRARY_PATH: /opt/hostedtoolcache/Python/3.8.10/x64/lib
2021-06-14T12:30:35.4830832Z ##[endgroup]
2021-06-14T12:30:35.5567996Z [command]/usr/bin/bash codecov.sh -n  -F  -Q github-action-v1.5.2 -C 083d7a4039edf89b4ff75ef14ad7c06c96cff178
2021-06-14T12:30:35.5699374Z 
2021-06-14T12:30:35.5700680Z   _____          _
2021-06-14T12:30:35.5701342Z  / ____|        | |
2021-06-14T12:30:35.5702186Z | |     ___   __| | ___  ___ _____   __
2021-06-14T12:30:35.5702955Z | |    / _ \ / _` |/ _ \/ __/ _ \ \ / /
2021-06-14T12:30:35.5703914Z | |___| (_) | (_| |  __/ (_| (_) \ V /
2021-06-14T12:30:35.5705281Z  \_____\___/ \__,_|\___|\___\___/ \_/
2021-06-14T12:30:35.5707025Z                               Bash-1.0.3
2021-06-14T12:30:35.5708026Z 
2021-06-14T12:30:35.5708382Z 
2021-06-14T12:30:35.5723944Z [0;36m==>[0m git version 2.31.1 found
2021-06-14T12:30:35.5859127Z [0;36m==>[0m curl 7.68.0 (x86_64-pc-linux-gnu) libcurl/7.68.0 OpenSSL/1.1.1f zlib/1.2.11 brotli/1.0.7 libidn2/2.2.0 libpsl/0.21.0 (+libidn2/2.2.0) libssh/0.9.3/openssl/zlib nghttp2/1.40.0 librtmp/2.3
2021-06-14T12:30:35.5860406Z Release-Date: 2020-01-08
2021-06-14T12:30:35.5861319Z Protocols: dict file ftp ftps gopher http https imap imaps ldap ldaps pop3 pop3s rtmp rtsp scp sftp smb smbs smtp smtps telnet tftp 
2021-06-14T12:30:35.5862967Z Features: AsynchDNS brotli GSS-API HTTP2 HTTPS-proxy IDN IPv6 Kerberos Largefile libz NTLM NTLM_WB PSL SPNEGO SSL TLS-SRP UnixSockets
2021-06-14T12:30:35.5874621Z [0;90m==>[0m GitHub Actions detected.
2021-06-14T12:30:35.5875163Z     Env vars used:
2021-06-14T12:30:35.5875904Z       -> GITHUB_ACTIONS:    true
2021-06-14T12:30:35.5876659Z       -> GITHUB_HEAD_REF:   ghtoken-regex
2021-06-14T12:30:35.5877546Z       -> GITHUB_REF:        refs/pull/108/merge
2021-06-14T12:30:35.5878386Z       -> GITHUB_REPOSITORY: con/tinuous
2021-06-14T12:30:35.5879169Z       -> GITHUB_RUN_ID:     935765831
2021-06-14T12:30:35.5880125Z       -> GITHUB_SHA:        04f0d5ab2006aef9e0b844355ba2f3c194c5f8c9
2021-06-14T12:30:35.5881005Z       -> GITHUB_WORKFLOW:   Test
2021-06-14T12:30:35.6085409Z     [0;90mproject root:[0m .
2021-06-14T12:30:35.6157065Z     [0;90mYaml found at:[0m codecov.yml
2021-06-14T12:30:35.6636608Z [0;90m==>[0m Running gcov in . [0;90m(disable via -X gcov)[0m
2021-06-14T12:30:35.6785981Z [0;90m==>[0m Searching for coverage reports in:
2021-06-14T12:30:35.6787280Z     [0;32m+[0m .
2021-06-14T12:30:35.6961686Z     [0;90m->[0m Found 1 reports
2021-06-14T12:30:35.6963033Z [0;90m==>[0m Detecting git/mercurial file structure
2021-06-14T12:30:35.6964857Z [0;90m==>[0m Reading reports
2021-06-14T12:30:35.7007513Z     [0;32m+[0m ./coverage.xml [0;90mbytes=42717[0m
2021-06-14T12:30:35.7040738Z [0;90m==>[0m Appending adjustments
2021-06-14T12:30:35.7042288Z     [0;36mhttps://docs.codecov.io/docs/fixing-reports[0m
2021-06-14T12:30:35.7161336Z     [0;90m->[0m No adjustments found
2021-06-14T12:30:35.7164253Z [0;90m==>[0m Gzipping contents
2021-06-14T12:30:35.7224263Z         4.0K	/tmp/codecov.kxZ1fR.gz
2021-06-14T12:30:35.7245996Z [0;90m==>[0m Uploading reports
2021-06-14T12:30:35.7247202Z     [0;90murl:[0m https://codecov.io
2021-06-14T12:30:35.7249479Z     [0;90mquery:[0m branch=ghtoken-regex&commit=083d7a4039edf89b4ff75ef14ad7c06c96cff178&build=935765831&build_url=http%3A%2F%2Fgithub.com%2Fcon%2Ftinuous%2Factions%2Fruns%2F935765831&name=&tag=&slug=con%2Ftinuous&service=github-actions&flags=&pr=108&job=Test&cmd_args=n,F,Q,C
2021-06-14T12:30:35.7288365Z [0;90m->[0m  Pinging Codecov
2021-06-14T12:30:35.7291439Z https://codecov.io/upload/v4?package=github-action-v1.5.2-1.0.3&token=secret&branch=ghtoken-regex&commit=083d7a4039edf89b4ff75ef14ad7c06c96cff178&build=935765831&build_url=http%3A%2F%2Fgithub.com%2Fcon%2Ftinuous%2Factions%2Fruns%2F935765831&name=&tag=&slug=con%2Ftinuous&service=github-actions&flags=&pr=108&job=Test&cmd_args=n,F,Q,C
2021-06-14T12:30:36.2923355Z [0;90m->[0m  Uploading to
2021-06-14T12:30:36.2927632Z https://storage.googleapis.com/codecov/v4/raw/2021-06-14/0010CBA6D851417C00BB0BC3FC5895F9/083d7a4039edf89b4ff75ef14ad7c06c96cff178/200c831e-611f-42ac-8ed7-d55d83decb09.txt?X-Amz-Algorithm=AWS4-HMAC-SHA256&X-Amz-Credential=GOOG1EKKHVKCKHW7KBCGM7IHR55T63V2PAVJWLVFNITJHDU5G6R5IRN3LMWJA%2F20210614%2FUS%2Fs3%2Faws4_request&X-Amz-Date=20210614T123036Z&X-Amz-Expires=10&X-Amz-SignedHeaders=host&X-Amz-Signature=96b22e67122372e29a50c4b9657f5f8362a7428d56114bce80025bf2efebb880
2021-06-14T12:30:36.3016909Z   % Total    % Received % Xferd  Average Speed   Time    Time     Time  Current
2021-06-14T12:30:36.3018011Z                                  Dload  Upload   Total   Spent    Left  Speed
2021-06-14T12:30:36.3018476Z 
2021-06-14T12:30:36.4639976Z   0     0    0     0    0     0      0      0 --:--:-- --:--:-- --:--:--     0
2021-06-14T12:30:36.4640830Z 100  3570    0     0  100  3570      0  22037 --:--:-- --:--:-- --:--:-- 22037
2021-06-14T12:30:36.4693577Z     [0;32m->[0m Reports have been successfully queued for processing at [0;36mhttps://codecov.io/github/con/tinuous/commit/083d7a4039edf89b4ff75ef14ad7c06c96cff178[0m
2021-06-14T12:30:36.4845960Z Post job cleanup.
2021-06-14T12:30:36.6051568Z [command]/usr/bin/git version
2021-06-14T12:30:36.6099073Z git version 2.31.1
2021-06-14T12:30:36.6149520Z [command]/usr/bin/git config --local --name-only --get-regexp core\.sshCommand
2021-06-14T12:30:36.6184591Z [command]/usr/bin/git submodule foreach --recursive git config --local --name-only --get-regexp 'core\.sshCommand' && git config --local --unset-all 'core.sshCommand' || :
2021-06-14T12:30:36.6463954Z [command]/usr/bin/git config --local --name-only --get-regexp http\.https\:\/\/github\.com\/\.extraheader
2021-06-14T12:30:36.6482689Z http.https://github.com/.extraheader
2021-06-14T12:30:36.6499599Z [command]/usr/bin/git config --local --unset-all http.https://github.com/.extraheader
2021-06-14T12:30:36.6532542Z [command]/usr/bin/git submodule foreach --recursive git config --local --name-only --get-regexp 'http\.https\:\/\/github\.com\/\.extraheader' && git config --local --unset-all 'http.https://github.com/.extraheader' || :
2021-06-14T12:30:36.6862912Z Cleaning up orphan processes
