2023-11-09T15:39:06.7198619Z Requested labels: ubuntu-latest
2023-11-09T15:39:06.7198890Z Job defined at: con/tinuous/.github/workflows/test.yml@refs/pull/182/merge
2023-11-09T15:39:06.7199002Z Waiting for a runner to pick up this job...
2023-11-09T15:39:07.1962902Z Job is waiting for a hosted runner to come online.
2023-11-09T15:39:10.0599405Z Job is about to start running on the hosted runner: GitHub Actions 13 (hosted)
2023-11-09T15:39:12.0157720Z Current runner version: '2.311.0'
2023-11-09T15:39:12.0181004Z ##[group]Operating System
2023-11-09T15:39:12.0181653Z Ubuntu
2023-11-09T15:39:12.0181955Z 22.04.3
2023-11-09T15:39:12.0182583Z LTS
2023-11-09T15:39:12.0182926Z ##[endgroup]
2023-11-09T15:39:12.0183277Z ##[group]Runner Image
2023-11-09T15:39:12.0183812Z Image: ubuntu-22.04
2023-11-09T15:39:12.0184213Z Version: 20231030.2.0
2023-11-09T15:39:12.0185192Z Included Software: https://github.com/actions/runner-images/blob/ubuntu22/20231030.2/images/linux/Ubuntu2204-Readme.md
2023-11-09T15:39:12.0186712Z Image Release: https://github.com/actions/runner-images/releases/tag/ubuntu22%2F20231030.2
2023-11-09T15:39:12.0187579Z ##[endgroup]
2023-11-09T15:39:12.0187939Z ##[group]Runner Image Provisioner
2023-11-09T15:39:12.0188501Z 2.0.312.1
2023-11-09T15:39:12.0188835Z ##[endgroup]
2023-11-09T15:39:12.0190979Z ##[group]GITHUB_TOKEN Permissions
2023-11-09T15:39:12.0192669Z Actions: write
2023-11-09T15:39:12.0193111Z Checks: write
2023-11-09T15:39:12.0193745Z Contents: write
2023-11-09T15:39:12.0194255Z Deployments: write
2023-11-09T15:39:12.0194726Z Discussions: write
2023-11-09T15:39:12.0195120Z Issues: write
2023-11-09T15:39:12.0195466Z Metadata: read
2023-11-09T15:39:12.0195906Z Packages: write
2023-11-09T15:39:12.0196310Z Pages: write
2023-11-09T15:39:12.0196646Z PullRequests: write
2023-11-09T15:39:12.0197134Z RepositoryProjects: write
2023-11-09T15:39:12.0197615Z SecurityEvents: write
2023-11-09T15:39:12.0197991Z Statuses: write
2023-11-09T15:39:12.0198432Z ##[endgroup]
2023-11-09T15:39:12.0201442Z Secret source: Actions
2023-11-09T15:39:12.0201986Z Prepare workflow directory
2023-11-09T15:39:12.0829693Z Prepare all required actions
2023-11-09T15:39:12.0986806Z Getting action download info
2023-11-09T15:39:12.3552455Z Download action repository 'actions/checkout@v4' (SHA:b4ffde65f46336ab88eb53be808477a3936bae11)
2023-11-09T15:39:12.4628657Z Download action repository 'actions/setup-python@v4' (SHA:65d7f2d534ac1bc67fcd62888c5f4f3d2cb2b236)
2023-11-09T15:39:12.5346373Z Download action repository 'codecov/codecov-action@v3' (SHA:eaaf4bedf32dbdc6b720b63067d99c4d77d6047d)
2023-11-09T15:39:12.9181724Z Complete job name: test (3.9, py)
2023-11-09T15:39:13.0157981Z ##[group]Run actions/checkout@v4
2023-11-09T15:39:13.0158520Z with:
2023-11-09T15:39:13.0158905Z   fetch-depth: 0
2023-11-09T15:39:13.0159422Z   repository: con/tinuous
2023-11-09T15:39:13.0160074Z   token: ***
2023-11-09T15:39:13.0160455Z   ssh-strict: true
2023-11-09T15:39:13.0160960Z   persist-credentials: true
2023-11-09T15:39:13.0161439Z   clean: true
2023-11-09T15:39:13.0161839Z   sparse-checkout-cone-mode: true
2023-11-09T15:39:13.0162418Z   fetch-tags: false
2023-11-09T15:39:13.0162848Z   show-progress: true
2023-11-09T15:39:13.0163222Z   lfs: false
2023-11-09T15:39:13.0163651Z   submodules: false
2023-11-09T15:39:13.0164083Z   set-safe-directory: true
2023-11-09T15:39:13.0164495Z ##[endgroup]
2023-11-09T15:39:13.1856084Z Syncing repository: con/tinuous
2023-11-09T15:39:13.1858657Z ##[group]Getting Git version info
2023-11-09T15:39:13.1860038Z Working directory is '/home/runner/work/tinuous/tinuous'
2023-11-09T15:39:13.1861974Z [command]/usr/bin/git version
2023-11-09T15:39:13.1863183Z git version 2.42.0
2023-11-09T15:39:13.1866203Z ##[endgroup]
2023-11-09T15:39:13.1883960Z Temporarily overriding HOME='/home/runner/work/_temp/58a8e47c-7d13-4b9b-9155-0917968917fb' before making global git config changes
2023-11-09T15:39:13.1886294Z Adding repository directory to the temporary git global config as a safe directory
2023-11-09T15:39:13.1887759Z [command]/usr/bin/git config --global --add safe.directory /home/runner/work/tinuous/tinuous
2023-11-09T15:39:13.1918874Z Deleting the contents of '/home/runner/work/tinuous/tinuous'
2023-11-09T15:39:13.1924555Z ##[group]Initializing the repository
2023-11-09T15:39:13.1928010Z [command]/usr/bin/git init /home/runner/work/tinuous/tinuous
2023-11-09T15:39:13.1985353Z hint: Using 'master' as the name for the initial branch. This default branch name
2023-11-09T15:39:13.1987563Z hint: is subject to change. To configure the initial branch name to use in all
2023-11-09T15:39:13.1989264Z hint: of your new repositories, which will suppress this warning, call:
2023-11-09T15:39:13.1990606Z hint: 
2023-11-09T15:39:13.1991433Z hint: 	git config --global init.defaultBranch <name>
2023-11-09T15:39:13.1992285Z hint: 
2023-11-09T15:39:13.1993563Z hint: Names commonly chosen instead of 'master' are 'main', 'trunk' and
2023-11-09T15:39:13.1995337Z hint: 'development'. The just-created branch can be renamed via this command:
2023-11-09T15:39:13.1996569Z hint: 
2023-11-09T15:39:13.1997327Z hint: 	git branch -m <name>
2023-11-09T15:39:13.1998448Z Initialized empty Git repository in /home/runner/work/tinuous/tinuous/.git/
2023-11-09T15:39:13.2010434Z [command]/usr/bin/git remote add origin https://github.com/con/tinuous
2023-11-09T15:39:13.2046095Z ##[endgroup]
2023-11-09T15:39:13.2047386Z ##[group]Disabling automatic garbage collection
2023-11-09T15:39:13.2050513Z [command]/usr/bin/git config --local gc.auto 0
2023-11-09T15:39:13.2079512Z ##[endgroup]
2023-11-09T15:39:13.2080900Z ##[group]Setting up auth
2023-11-09T15:39:13.2085384Z [command]/usr/bin/git config --local --name-only --get-regexp core\.sshCommand
2023-11-09T15:39:13.2115623Z [command]/usr/bin/git submodule foreach --recursive sh -c "git config --local --name-only --get-regexp 'core\.sshCommand' && git config --local --unset-all 'core.sshCommand' || :"
2023-11-09T15:39:13.2425536Z [command]/usr/bin/git config --local --name-only --get-regexp http\.https\:\/\/github\.com\/\.extraheader
2023-11-09T15:39:13.2453402Z [command]/usr/bin/git submodule foreach --recursive sh -c "git config --local --name-only --get-regexp 'http\.https\:\/\/github\.com\/\.extraheader' && git config --local --unset-all 'http.https://github.com/.extraheader' || :"
2023-11-09T15:39:13.2679629Z [command]/usr/bin/git config --local http.https://github.com/.extraheader AUTHORIZATION: basic ***
2023-11-09T15:39:13.2747183Z ##[endgroup]
2023-11-09T15:39:13.2748792Z ##[group]Fetching the repository
2023-11-09T15:39:13.2756236Z [command]/usr/bin/git -c protocol.version=2 fetch --prune --no-recurse-submodules origin +refs/heads/*:refs/remotes/origin/* +refs/tags/*:refs/tags/* +cbc80d74294800f671d69e45472eefceec3ecbb7:refs/remotes/pull/182/merge
2023-11-09T15:39:13.6276596Z From https://github.com/con/tinuous
2023-11-09T15:39:13.6278328Z  * [new branch]      fix-typing                               -> origin/fix-typing
2023-11-09T15:39:13.6280055Z  * [new branch]      gh-55                                    -> origin/gh-55
2023-11-09T15:39:13.6281487Z  * [new branch]      headers                                  -> origin/headers
2023-11-09T15:39:13.6282943Z  * [new branch]      master                                   -> origin/master
2023-11-09T15:39:13.6284643Z  * [new branch]      mypy-import                              -> origin/mypy-import
2023-11-09T15:39:13.6286197Z  * [new branch]      no-extra-search                          -> origin/no-extra-search
2023-11-09T15:39:13.6287818Z  * [new branch]      pragmata                                 -> origin/pragmata
2023-11-09T15:39:13.6289402Z  * [new branch]      py312                                    -> origin/py312
2023-11-09T15:39:13.6290773Z  * [new branch]      pypy                                     -> origin/pypy
2023-11-09T15:39:13.6292483Z  * [new branch]      test-appveyor                            -> origin/test-appveyor
2023-11-09T15:39:13.6294747Z  * [new branch]      unused                                   -> origin/unused
2023-11-09T15:39:13.6296871Z  * [new branch]      updates                                  -> origin/updates
2023-11-09T15:39:13.6298799Z  * [new tag]         0.1.0                                    -> 0.1.0
2023-11-09T15:39:13.6300123Z  * [new tag]         0.2.0                                    -> 0.2.0
2023-11-09T15:39:13.6301648Z  * [new tag]         0.3.0                                    -> 0.3.0
2023-11-09T15:39:13.6303312Z  * [new tag]         0.4.0                                    -> 0.4.0
2023-11-09T15:39:13.6304928Z  * [new tag]         0.5.0                                    -> 0.5.0
2023-11-09T15:39:13.6305978Z  * [new tag]         0.5.1                                    -> 0.5.1
2023-11-09T15:39:13.6307345Z  * [new tag]         0.5.2                                    -> 0.5.2
2023-11-09T15:39:13.6308941Z  * [new tag]         0.5.3                                    -> 0.5.3
2023-11-09T15:39:13.6310436Z  * [new tag]         0.5.4                                    -> 0.5.4
2023-11-09T15:39:13.6312346Z  * [new tag]         0.6.0                                    -> 0.6.0
2023-11-09T15:39:13.6313999Z  * [new tag]         0.6.1                                    -> 0.6.1
2023-11-09T15:39:13.6316923Z  * [new ref]         cbc80d74294800f671d69e45472eefceec3ecbb7 -> pull/182/merge
2023-11-09T15:39:13.6346938Z ##[endgroup]
2023-11-09T15:39:13.6347908Z ##[group]Determining the checkout info
2023-11-09T15:39:13.6348863Z ##[endgroup]
2023-11-09T15:39:13.6349601Z ##[group]Checking out the ref
2023-11-09T15:39:13.6352840Z [command]/usr/bin/git checkout --progress --force refs/remotes/pull/182/merge
2023-11-09T15:39:13.6406537Z Note: switching to 'refs/remotes/pull/182/merge'.
2023-11-09T15:39:13.6407491Z 
2023-11-09T15:39:13.6408218Z You are in 'detached HEAD' state. You can look around, make experimental
2023-11-09T15:39:13.6409721Z changes and commit them, and you can discard any commits you make in this
2023-11-09T15:39:13.6411432Z state without impacting any branches by switching back to a branch.
2023-11-09T15:39:13.6412649Z 
2023-11-09T15:39:13.6413342Z If you want to create a new branch to retain commits you create, you may
2023-11-09T15:39:13.6415230Z do so (now or later) by using -c with the switch command. Example:
2023-11-09T15:39:13.6416135Z 
2023-11-09T15:39:13.6416785Z   git switch -c <new-branch-name>
2023-11-09T15:39:13.6417273Z 
2023-11-09T15:39:13.6417552Z Or undo this operation with:
2023-11-09T15:39:13.6418028Z 
2023-11-09T15:39:13.6418270Z   git switch -
2023-11-09T15:39:13.6418616Z 
2023-11-09T15:39:13.6419365Z Turn off this advice by setting config variable advice.detachedHead to false
2023-11-09T15:39:13.6420238Z 
2023-11-09T15:39:13.6421490Z HEAD is now at cbc80d7 Merge 63e34ff319edfa94287c5f174eca4a84a50b4953 into e0ad333d939ebc7bdd0131684b3bb9606b6c2435
2023-11-09T15:39:13.6424285Z ##[endgroup]
2023-11-09T15:39:13.6451217Z [command]/usr/bin/git log -1 --format='%H'
2023-11-09T15:39:13.6474650Z 'cbc80d74294800f671d69e45472eefceec3ecbb7'
2023-11-09T15:39:13.6790844Z ##[group]Run actions/setup-python@v4
2023-11-09T15:39:13.6791311Z with:
2023-11-09T15:39:13.6791764Z   python-version: 3.9
2023-11-09T15:39:13.6792153Z   check-latest: false
2023-11-09T15:39:13.6792659Z   token: ***
2023-11-09T15:39:13.6793116Z   update-environment: true
2023-11-09T15:39:13.6793525Z   allow-prereleases: false
2023-11-09T15:39:13.6793866Z ##[endgroup]
2023-11-09T15:39:13.8648859Z ##[group]Installed versions
2023-11-09T15:39:13.8724843Z Successfully set up CPython (3.9.18)
2023-11-09T15:39:13.8726113Z ##[endgroup]
2023-11-09T15:39:13.8863760Z ##[group]Run python -m pip install --upgrade pip wheel
2023-11-09T15:39:13.8864448Z [36;1mpython -m pip install --upgrade pip wheel[0m
2023-11-09T15:39:13.8865124Z [36;1mpython -m pip install --upgrade --upgrade-strategy=eager tox[0m
2023-11-09T15:39:13.8926407Z shell: /usr/bin/bash -e {0}
2023-11-09T15:39:13.8926969Z env:
2023-11-09T15:39:13.8927356Z   pythonLocation: /opt/hostedtoolcache/Python/3.9.18/x64
2023-11-09T15:39:13.8928014Z   PKG_CONFIG_PATH: /opt/hostedtoolcache/Python/3.9.18/x64/lib/pkgconfig
2023-11-09T15:39:13.8928742Z   Python_ROOT_DIR: /opt/hostedtoolcache/Python/3.9.18/x64
2023-11-09T15:39:13.8929288Z   Python2_ROOT_DIR: /opt/hostedtoolcache/Python/3.9.18/x64
2023-11-09T15:39:13.8929872Z   Python3_ROOT_DIR: /opt/hostedtoolcache/Python/3.9.18/x64
2023-11-09T15:39:13.8930531Z   LD_LIBRARY_PATH: /opt/hostedtoolcache/Python/3.9.18/x64/lib
2023-11-09T15:39:13.8931034Z ##[endgroup]
2023-11-09T15:39:14.5511894Z Requirement already satisfied: pip in /opt/hostedtoolcache/Python/3.9.18/x64/lib/python3.9/site-packages (23.0.1)
2023-11-09T15:39:14.6671436Z Collecting pip
2023-11-09T15:39:14.7226973Z   Downloading pip-23.3.1-py3-none-any.whl.metadata (3.5 kB)
2023-11-09T15:39:14.7592829Z Collecting wheel
2023-11-09T15:39:14.7631018Z   Downloading wheel-0.41.3-py3-none-any.whl.metadata (2.2 kB)
2023-11-09T15:39:14.7730493Z Downloading pip-23.3.1-py3-none-any.whl (2.1 MB)
2023-11-09T15:39:14.8219501Z    â”â”â”â”â”â”â”â”â”â”â”â”â”â”â”â”â”â”â”â”â”â”â”â”â”â”â”â”â”â”â”â”â”â”â”â”â”â”â”â” 2.1/2.1 MB 45.9 MB/s eta 0:00:00
2023-11-09T15:39:14.8260300Z Downloading wheel-0.41.3-py3-none-any.whl (65 kB)
2023-11-09T15:39:14.8312080Z    â”â”â”â”â”â”â”â”â”â”â”â”â”â”â”â”â”â”â”â”â”â”â”â”â”â”â”â”â”â”â”â”â”â”â”â”â”â”â”â” 65.8/65.8 kB 18.5 MB/s eta 0:00:00
2023-11-09T15:39:14.8687308Z Installing collected packages: wheel, pip
2023-11-09T15:39:14.9145131Z   Attempting uninstall: pip
2023-11-09T15:39:14.9151087Z     Found existing installation: pip 23.0.1
2023-11-09T15:39:14.9762472Z     Uninstalling pip-23.0.1:
2023-11-09T15:39:15.0201007Z       Successfully uninstalled pip-23.0.1
2023-11-09T15:39:16.1407993Z Successfully installed pip-23.3.1 wheel-0.41.3
2023-11-09T15:39:16.8825511Z Collecting tox
2023-11-09T15:39:16.9366169Z   Downloading tox-4.11.3-py3-none-any.whl.metadata (5.0 kB)
2023-11-09T15:39:16.9898421Z Collecting cachetools>=5.3.1 (from tox)
2023-11-09T15:39:16.9939418Z   Downloading cachetools-5.3.2-py3-none-any.whl.metadata (5.2 kB)
2023-11-09T15:39:17.0106946Z Collecting chardet>=5.2 (from tox)
2023-11-09T15:39:17.0156059Z   Downloading chardet-5.2.0-py3-none-any.whl.metadata (3.4 kB)
2023-11-09T15:39:17.0410378Z Collecting colorama>=0.4.6 (from tox)
2023-11-09T15:39:17.0450432Z   Downloading colorama-0.4.6-py2.py3-none-any.whl (25 kB)
2023-11-09T15:39:17.0781934Z Collecting filelock>=3.12.3 (from tox)
2023-11-09T15:39:17.0828696Z   Downloading filelock-3.13.1-py3-none-any.whl.metadata (2.8 kB)
2023-11-09T15:39:17.1110071Z Collecting packaging>=23.1 (from tox)
2023-11-09T15:39:17.1152379Z   Downloading packaging-23.2-py3-none-any.whl.metadata (3.2 kB)
2023-11-09T15:39:17.1420137Z Collecting platformdirs>=3.10 (from tox)
2023-11-09T15:39:17.1461743Z   Downloading platformdirs-3.11.0-py3-none-any.whl.metadata (11 kB)
2023-11-09T15:39:17.1678091Z Collecting pluggy>=1.3 (from tox)
2023-11-09T15:39:17.1716102Z   Downloading pluggy-1.3.0-py3-none-any.whl.metadata (4.3 kB)
2023-11-09T15:39:17.1899095Z Collecting pyproject-api>=1.6.1 (from tox)
2023-11-09T15:39:17.1938781Z   Downloading pyproject_api-1.6.1-py3-none-any.whl.metadata (2.8 kB)
2023-11-09T15:39:17.2147806Z Collecting tomli>=2.0.1 (from tox)
2023-11-09T15:39:17.2187690Z   Downloading tomli-2.0.1-py3-none-any.whl (12 kB)
2023-11-09T15:39:17.3071971Z Collecting virtualenv>=20.24.3 (from tox)
2023-11-09T15:39:17.3119254Z   Downloading virtualenv-20.24.6-py3-none-any.whl.metadata (4.5 kB)
2023-11-09T15:39:17.3912303Z Collecting distlib<1,>=0.3.7 (from virtualenv>=20.24.3->tox)
2023-11-09T15:39:17.3955110Z   Downloading distlib-0.3.7-py2.py3-none-any.whl.metadata (5.1 kB)
2023-11-09T15:39:17.4163695Z Downloading tox-4.11.3-py3-none-any.whl (153 kB)
2023-11-09T15:39:17.4238645Z    â”â”â”â”â”â”â”â”â”â”â”â”â”â”â”â”â”â”â”â”â”â”â”â”â”â”â”â”â”â”â”â”â”â”â”â”â”â”â”â” 153.8/153.8 kB 30.2 MB/s eta 0:00:00
2023-11-09T15:39:17.4288721Z Downloading cachetools-5.3.2-py3-none-any.whl (9.3 kB)
2023-11-09T15:39:17.4370017Z Downloading chardet-5.2.0-py3-none-any.whl (199 kB)
2023-11-09T15:39:17.4428277Z    â”â”â”â”â”â”â”â”â”â”â”â”â”â”â”â”â”â”â”â”â”â”â”â”â”â”â”â”â”â”â”â”â”â”â”â”â”â”â”â” 199.4/199.4 kB 52.1 MB/s eta 0:00:00
2023-11-09T15:39:17.4468232Z Downloading filelock-3.13.1-py3-none-any.whl (11 kB)
2023-11-09T15:39:17.4537284Z Downloading packaging-23.2-py3-none-any.whl (53 kB)
2023-11-09T15:39:17.4580780Z    â”â”â”â”â”â”â”â”â”â”â”â”â”â”â”â”â”â”â”â”â”â”â”â”â”â”â”â”â”â”â”â”â”â”â”â”â”â”â”â” 53.0/53.0 kB 17.8 MB/s eta 0:00:00
2023-11-09T15:39:17.4617759Z Downloading platformdirs-3.11.0-py3-none-any.whl (17 kB)
2023-11-09T15:39:17.4678230Z Downloading pluggy-1.3.0-py3-none-any.whl (18 kB)
2023-11-09T15:39:17.4752395Z Downloading pyproject_api-1.6.1-py3-none-any.whl (12 kB)
2023-11-09T15:39:17.4814087Z Downloading virtualenv-20.24.6-py3-none-any.whl (3.8 MB)
2023-11-09T15:39:17.5152194Z    â”â”â”â”â”â”â”â”â”â”â”â”â”â”â”â”â”â”â”â”â”â”â”â”â”â”â”â”â”â”â”â”â”â”â”â”â”â”â”â” 3.8/3.8 MB 119.7 MB/s eta 0:00:00
2023-11-09T15:39:17.5193073Z Downloading distlib-0.3.7-py2.py3-none-any.whl (468 kB)
2023-11-09T15:39:17.5275056Z    â”â”â”â”â”â”â”â”â”â”â”â”â”â”â”â”â”â”â”â”â”â”â”â”â”â”â”â”â”â”â”â”â”â”â”â”â”â”â”â” 468.9/468.9 kB 76.0 MB/s eta 0:00:00
2023-11-09T15:39:17.6567925Z Installing collected packages: distlib, tomli, pluggy, platformdirs, packaging, filelock, colorama, chardet, cachetools, virtualenv, pyproject-api, tox
2023-11-09T15:39:18.2916063Z Successfully installed cachetools-5.3.2 chardet-5.2.0 colorama-0.4.6 distlib-0.3.7 filelock-3.13.1 packaging-23.2 platformdirs-3.11.0 pluggy-1.3.0 pyproject-api-1.6.1 tomli-2.0.1 tox-4.11.3 virtualenv-20.24.6
2023-11-09T15:39:18.4049492Z ##[group]Run tox -e py -- --cov-report=xml
2023-11-09T15:39:18.4050026Z [36;1mtox -e py -- --cov-report=xml[0m
2023-11-09T15:39:18.4094982Z shell: /usr/bin/bash -e {0}
2023-11-09T15:39:18.4095337Z env:
2023-11-09T15:39:18.4095858Z   pythonLocation: /opt/hostedtoolcache/Python/3.9.18/x64
2023-11-09T15:39:18.4096553Z   PKG_CONFIG_PATH: /opt/hostedtoolcache/Python/3.9.18/x64/lib/pkgconfig
2023-11-09T15:39:18.4097206Z   Python_ROOT_DIR: /opt/hostedtoolcache/Python/3.9.18/x64
2023-11-09T15:39:18.4097820Z   Python2_ROOT_DIR: /opt/hostedtoolcache/Python/3.9.18/x64
2023-11-09T15:39:18.4098395Z   Python3_ROOT_DIR: /opt/hostedtoolcache/Python/3.9.18/x64
2023-11-09T15:39:18.4098992Z   LD_LIBRARY_PATH: /opt/hostedtoolcache/Python/3.9.18/x64/lib
2023-11-09T15:39:18.4099521Z ##[endgroup]
2023-11-09T15:39:19.2280278Z py: install_deps> python -I -m pip install pytest pytest-cov pytest-mock
2023-11-09T15:39:21.7076283Z .pkg: install_requires> python -I -m pip install 'setuptools>=46.4.0' versioningit
2023-11-09T15:39:23.2642377Z .pkg: _optional_hooks> python /opt/hostedtoolcache/Python/3.9.18/x64/lib/python3.9/site-packages/pyproject_api/_backend.py True setuptools.build_meta
2023-11-09T15:39:23.6730182Z .pkg: get_requires_for_build_sdist> python /opt/hostedtoolcache/Python/3.9.18/x64/lib/python3.9/site-packages/pyproject_api/_backend.py True setuptools.build_meta
2023-11-09T15:39:23.7854984Z .pkg: get_requires_for_build_wheel> python /opt/hostedtoolcache/Python/3.9.18/x64/lib/python3.9/site-packages/pyproject_api/_backend.py True setuptools.build_meta
2023-11-09T15:39:23.8492541Z .pkg: install_requires_for_build_wheel> python -I -m pip install wheel
2023-11-09T15:39:24.3589284Z .pkg: freeze> python -m pip freeze --all
2023-11-09T15:39:24.6645778Z .pkg: importlib-metadata==6.8.0,packaging==23.2,pip==23.3.1,setuptools==68.2.2,tomli==2.0.1,versioningit==2.2.1,wheel==0.41.2,zipp==3.17.0
2023-11-09T15:39:24.6649507Z .pkg: prepare_metadata_for_build_wheel> python /opt/hostedtoolcache/Python/3.9.18/x64/lib/python3.9/site-packages/pyproject_api/_backend.py True setuptools.build_meta
2023-11-09T15:39:24.8563442Z .pkg: build_sdist> python /opt/hostedtoolcache/Python/3.9.18/x64/lib/python3.9/site-packages/pyproject_api/_backend.py True setuptools.build_meta
2023-11-09T15:39:24.9407025Z py: install_package_deps> python -I -m pip install 'PyYAML>=5.0' 'click-loglevel~=0.2' 'click>=7.0' 'in-place~=0.4' 'pydantic~=1.7' 'python-dateutil~=2.7' 'python-dotenv<2.0,>=0.11' 'requests~=2.20'
2023-11-09T15:39:27.0082552Z py: install_package> python -I -m pip install --force-reinstall --no-deps /home/runner/work/tinuous/tinuous/.tox/.tmp/package/1/tinuous-0.6.1.post43+gcbc80d7.tar.gz
2023-11-09T15:39:30.5639863Z py: freeze> python -m pip freeze --all
2023-11-09T15:39:30.8801458Z py: certifi==2023.7.22,charset-normalizer==3.3.2,click==8.1.7,click-loglevel==0.5.0,coverage==7.3.2,exceptiongroup==1.1.3,idna==3.4,in-place==0.5.0,iniconfig==2.0.0,packaging==23.2,pip==23.3.1,pluggy==1.3.0,pydantic==1.10.13,pytest==7.4.3,pytest-cov==4.1.0,pytest-mock==3.12.0,python-dateutil==2.8.2,python-dotenv==1.0.0,PyYAML==6.0.1,requests==2.31.0,setuptools==68.2.2,six==1.16.0,tinuous @ file:///home/runner/work/tinuous/tinuous/.tox/.tmp/package/1/tinuous-0.6.1.post43%2Bgcbc80d7.tar.gz#sha256=03e16211f316230556be09e9703aa17cdd40f52f2ee286290be293c8806c9ac3,tomli==2.0.1,typing_extensions==4.8.0,urllib3==2.0.7,wheel==0.41.2
2023-11-09T15:39:30.8806301Z py: commands[0]> tinuous --help
2023-11-09T15:39:31.0796656Z Usage: tinuous [OPTIONS] COMMAND [ARGS]...
2023-11-09T15:39:31.0797820Z 
2023-11-09T15:39:31.0798348Z   Download build logs from GitHub Actions, Travis, Appveyor, and CircleCI
2023-11-09T15:39:31.0800463Z 
2023-11-09T15:39:31.0800642Z Options:
2023-11-09T15:39:31.0802106Z   -V, --version                   Show the version and exit.
2023-11-09T15:39:31.0804705Z   -c, --config FILE               Read configuration from the given file
2023-11-09T15:39:31.0815556Z                                   [default: tinuous.yaml]
2023-11-09T15:39:31.0817286Z   -E, --env FILE                  Load environment variables from given .env
2023-11-09T15:39:31.0818452Z                                   file
2023-11-09T15:39:31.0829541Z   -l, --log-level [NOTSET|DEBUG|INFO|WARNING|ERROR|CRITICAL]
2023-11-09T15:39:31.0841120Z                                   Set logging level  [default: INFO]
2023-11-09T15:39:31.0842236Z   --help                          Show this message and exit.
2023-11-09T15:39:31.0842903Z 
2023-11-09T15:39:31.0843089Z Commands:
2023-11-09T15:39:31.0843627Z   fetch         Download logs
2023-11-09T15:39:31.0844448Z   fetch-commit  Download logs for a specific commit
2023-11-09T15:39:31.0845268Z   sanitize      Sanitize secrets in logs
2023-11-09T15:39:31.1015519Z py: commands[1]> pytest --cov-report=xml test
2023-11-09T15:39:32.3174234Z ============================= test session starts ==============================
2023-11-09T15:39:32.3175636Z platform linux -- Python 3.9.18, pytest-7.4.3, pluggy-1.3.0
2023-11-09T15:39:32.3176782Z cachedir: .tox/py/.pytest_cache
2023-11-09T15:39:32.3177558Z rootdir: /home/runner/work/tinuous/tinuous
2023-11-09T15:39:32.3178325Z configfile: tox.ini
2023-11-09T15:39:32.3179160Z plugins: mock-3.12.0, cov-4.1.0
2023-11-09T15:39:32.3179817Z collected 64 items
2023-11-09T15:39:32.3180196Z 
2023-11-09T15:39:32.3307707Z test/test_base.py .........                                              [ 14%]
2023-11-09T15:39:32.3425007Z test/test_config.py ........                                             [ 26%]
2023-11-09T15:39:32.3631659Z test/test_state.py ........                                              [ 39%]
2023-11-09T15:39:32.6158589Z test/test_util.py .......................................                [100%]
2023-11-09T15:39:32.6159397Z 
2023-11-09T15:39:32.6159972Z ---------- coverage: platform linux, python 3.9.18-final-0 -----------
2023-11-09T15:39:32.6162448Z Coverage XML written to file coverage.xml
2023-11-09T15:39:32.6163547Z 
2023-11-09T15:39:32.6163721Z 
2023-11-09T15:39:32.6164367Z ============================== 64 passed in 0.64s ==============================
2023-11-09T15:39:32.6588731Z .pkg: _exit> python /opt/hostedtoolcache/Python/3.9.18/x64/lib/python3.9/site-packages/pyproject_api/_backend.py True setuptools.build_meta
2023-11-09T15:39:32.6860658Z   py: OK (13.75=setup[11.98]+cmd[0.22,1.56] seconds)
2023-11-09T15:39:32.6861274Z   congratulations :) (14.04 seconds)
2023-11-09T15:39:32.7217473Z ##[group]Run codecov/codecov-action@v3
2023-11-09T15:39:32.7217960Z with:
2023-11-09T15:39:32.7218271Z   fail_ci_if_error: false
2023-11-09T15:39:32.7218701Z env:
2023-11-09T15:39:32.7219118Z   pythonLocation: /opt/hostedtoolcache/Python/3.9.18/x64
2023-11-09T15:39:32.7219746Z   PKG_CONFIG_PATH: /opt/hostedtoolcache/Python/3.9.18/x64/lib/pkgconfig
2023-11-09T15:39:32.7220387Z   Python_ROOT_DIR: /opt/hostedtoolcache/Python/3.9.18/x64
2023-11-09T15:39:32.7220970Z   Python2_ROOT_DIR: /opt/hostedtoolcache/Python/3.9.18/x64
2023-11-09T15:39:32.7221524Z   Python3_ROOT_DIR: /opt/hostedtoolcache/Python/3.9.18/x64
2023-11-09T15:39:32.7222406Z   LD_LIBRARY_PATH: /opt/hostedtoolcache/Python/3.9.18/x64/lib
2023-11-09T15:39:32.7222972Z ##[endgroup]
2023-11-09T15:39:32.8463065Z ==> linux OS detected
2023-11-09T15:39:33.2038389Z https://uploader.codecov.io/latest/linux/codecov.SHA256SUM
2023-11-09T15:39:33.2832848Z ==> SHASUM file signed by key id 806bb28aed779869
2023-11-09T15:39:33.3687989Z ==> Uploader SHASUM verified (b9282b8b43eef83f722646d8992c4dd36563046afe0806722184e7e9923a6d7b  codecov)
2023-11-09T15:39:33.3689158Z ==> Running version latest
2023-11-09T15:39:33.4458041Z ==> Running version v0.7.1
2023-11-09T15:39:33.4476374Z [command]/home/runner/work/_actions/codecov/codecov-action/v3/dist/codecov -n  -Q github-action-3.1.4 -C 63e34ff319edfa94287c5f174eca4a84a50b4953
2023-11-09T15:39:33.6628310Z [2023-11-09T15:39:33.661Z] ['info'] 
2023-11-09T15:39:33.6629556Z      _____          _
2023-11-09T15:39:33.6630128Z     / ____|        | |
2023-11-09T15:39:33.6630881Z    | |     ___   __| | ___  ___ _____   __
2023-11-09T15:39:33.6631430Z    | |    / _ \ / _` |/ _ \/ __/ _ \ \ / /
2023-11-09T15:39:33.6632110Z    | |___| (_) | (_| |  __/ (_| (_) \ V /
2023-11-09T15:39:33.6632911Z     \_____\___/ \__,_|\___|\___\___/ \_/
2023-11-09T15:39:33.6633369Z 
2023-11-09T15:39:33.6633667Z   Codecov report uploader 0.7.1
2023-11-09T15:39:33.6694820Z [2023-11-09T15:39:33.669Z] ['info'] => Project root located at: /home/runner/work/tinuous/tinuous
2023-11-09T15:39:33.6716958Z [2023-11-09T15:39:33.671Z] ['info'] -> No token specified or token is empty
2023-11-09T15:39:33.6805684Z [2023-11-09T15:39:33.680Z] ['info'] Searching for coverage files...
2023-11-09T15:39:33.7348530Z [2023-11-09T15:39:33.734Z] ['info'] Warning: Some files located via search were excluded from upload.
2023-11-09T15:39:33.7351351Z [2023-11-09T15:39:33.734Z] ['info'] If Codecov did not locate your files, please review https://docs.codecov.com/docs/supported-report-formats
2023-11-09T15:39:33.7353671Z [2023-11-09T15:39:33.734Z] ['info'] => Found 1 possible coverage files:
2023-11-09T15:39:33.7354871Z   coverage.xml
2023-11-09T15:39:33.7356398Z [2023-11-09T15:39:33.734Z] ['info'] Processing /home/runner/work/tinuous/tinuous/coverage.xml...
2023-11-09T15:39:33.7383250Z [2023-11-09T15:39:33.737Z] ['info'] Detected GitHub Actions as the CI provider.
2023-11-09T15:39:33.7888191Z [2023-11-09T15:39:33.788Z] ['info'] Pinging Codecov: https://codecov.io/upload/v4?package=github-action-3.1.4-uploader-0.7.1&token=*******&branch=headers&build=6814049355&build_url=https%3A%2F%2Fgithub.com%2Fcon%2Ftinuous%2Factions%2Fruns%2F6814049355&commit=63e34ff319edfa94287c5f174eca4a84a50b4953&job=Test&pr=182&service=github-actions&slug=con%2Ftinuous&name=&tag=&flags=&parent=
2023-11-09T15:39:34.1562799Z [2023-11-09T15:39:34.155Z] ['info'] https://app.codecov.io/github/con/tinuous/commit/63e34ff319edfa94287c5f174eca4a84a50b4953
2023-11-09T15:39:34.1570194Z https://storage.googleapis.com/codecov/v4/raw/2023-11-09/0010CBA6D851417C00BB0BC3FC5895F9/63e34ff319edfa94287c5f174eca4a84a50b4953/577f78c0-4ec8-4cbf-bccd-8d6911e26006.txt?X-Amz-Algorithm=AWS4-HMAC-SHA256&X-Amz-Credential=GOOG1EJOGFN2JQ4OCTGA2MU5AEIT7OT5Z7HTFOAN2SPG4NWSN2UJYOY5U6LZQ%2F20231109%2FUS%2Fs3%2Faws4_request&X-Amz-Date=20231109T153934Z&X-Amz-Expires=10&X-Amz-SignedHeaders=host&X-Amz-Signature=85edfec0e5cfebacd04b3379f3faca9edd6b27ff32d853fdb6cac1d5ecb6d5b6
2023-11-09T15:39:34.1575301Z [2023-11-09T15:39:34.155Z] ['info'] Uploading...
2023-11-09T15:39:34.3205530Z [2023-11-09T15:39:34.319Z] ['info'] {"status":"processing","resultURL":"https://app.codecov.io/github/con/tinuous/commit/63e34ff319edfa94287c5f174eca4a84a50b4953"}
2023-11-09T15:39:34.3594731Z Post job cleanup.
2023-11-09T15:39:34.4912252Z Post job cleanup.
2023-11-09T15:39:34.5649901Z [command]/usr/bin/git version
2023-11-09T15:39:34.5691782Z git version 2.42.0
2023-11-09T15:39:34.5735211Z Temporarily overriding HOME='/home/runner/work/_temp/13b980b3-90f4-4c43-8a49-0bf75d427210' before making global git config changes
2023-11-09T15:39:34.5737126Z Adding repository directory to the temporary git global config as a safe directory
2023-11-09T15:39:34.5741105Z [command]/usr/bin/git config --global --add safe.directory /home/runner/work/tinuous/tinuous
2023-11-09T15:39:34.5775726Z [command]/usr/bin/git config --local --name-only --get-regexp core\.sshCommand
2023-11-09T15:39:34.5807598Z [command]/usr/bin/git submodule foreach --recursive sh -c "git config --local --name-only --get-regexp 'core\.sshCommand' && git config --local --unset-all 'core.sshCommand' || :"
2023-11-09T15:39:34.6053349Z [command]/usr/bin/git config --local --name-only --get-regexp http\.https\:\/\/github\.com\/\.extraheader
2023-11-09T15:39:34.6073960Z http.https://github.com/.extraheader
2023-11-09T15:39:34.6084610Z [command]/usr/bin/git config --local --unset-all http.https://github.com/.extraheader
2023-11-09T15:39:34.6114246Z [command]/usr/bin/git submodule foreach --recursive sh -c "git config --local --name-only --get-regexp 'http\.https\:\/\/github\.com\/\.extraheader' && git config --local --unset-all 'http.https://github.com/.extraheader' || :"
2023-11-09T15:39:34.6620331Z Cleaning up orphan processes
