2023-11-09T15:39:06.6069963Z Requested labels: ubuntu-latest
2023-11-09T15:39:06.6070199Z Job defined at: con/tinuous/.github/workflows/test.yml@refs/pull/182/merge
2023-11-09T15:39:06.6070376Z Waiting for a runner to pick up this job...
2023-11-09T15:39:07.1020093Z Job is waiting for a hosted runner to come online.
2023-11-09T15:39:10.4523899Z Job is about to start running on the hosted runner: GitHub Actions 12 (hosted)
2023-11-09T15:39:13.7550694Z Current runner version: '2.311.0'
2023-11-09T15:39:13.7580620Z ##[group]Operating System
2023-11-09T15:39:13.7581466Z Ubuntu
2023-11-09T15:39:13.7581885Z 22.04.3
2023-11-09T15:39:13.7582397Z LTS
2023-11-09T15:39:13.7582826Z ##[endgroup]
2023-11-09T15:39:13.7583312Z ##[group]Runner Image
2023-11-09T15:39:13.7583895Z Image: ubuntu-22.04
2023-11-09T15:39:13.7584414Z Version: 20231030.2.0
2023-11-09T15:39:13.7585754Z Included Software: https://github.com/actions/runner-images/blob/ubuntu22/20231030.2/images/linux/Ubuntu2204-Readme.md
2023-11-09T15:39:13.7587608Z Image Release: https://github.com/actions/runner-images/releases/tag/ubuntu22%2F20231030.2
2023-11-09T15:39:13.7588701Z ##[endgroup]
2023-11-09T15:39:13.7589253Z ##[group]Runner Image Provisioner
2023-11-09T15:39:13.7589927Z 2.0.312.1
2023-11-09T15:39:13.7590327Z ##[endgroup]
2023-11-09T15:39:13.7593057Z ##[group]GITHUB_TOKEN Permissions
2023-11-09T15:39:13.7595169Z Actions: write
2023-11-09T15:39:13.7595692Z Checks: write
2023-11-09T15:39:13.7596430Z Contents: write
2023-11-09T15:39:13.7597048Z Deployments: write
2023-11-09T15:39:13.7597644Z Discussions: write
2023-11-09T15:39:13.7598098Z Issues: write
2023-11-09T15:39:13.7598598Z Metadata: read
2023-11-09T15:39:13.7599130Z Packages: write
2023-11-09T15:39:13.7599576Z Pages: write
2023-11-09T15:39:13.7600049Z PullRequests: write
2023-11-09T15:39:13.7600638Z RepositoryProjects: write
2023-11-09T15:39:13.7601200Z SecurityEvents: write
2023-11-09T15:39:13.7601726Z Statuses: write
2023-11-09T15:39:13.7602269Z ##[endgroup]
2023-11-09T15:39:13.7606069Z Secret source: Actions
2023-11-09T15:39:13.7606791Z Prepare workflow directory
2023-11-09T15:39:13.8392271Z Prepare all required actions
2023-11-09T15:39:13.8587443Z Getting action download info
2023-11-09T15:39:14.1064022Z Download action repository 'actions/checkout@v4' (SHA:b4ffde65f46336ab88eb53be808477a3936bae11)
2023-11-09T15:39:14.2359366Z Download action repository 'actions/setup-python@v4' (SHA:65d7f2d534ac1bc67fcd62888c5f4f3d2cb2b236)
2023-11-09T15:39:14.3080844Z Download action repository 'codecov/codecov-action@v3' (SHA:eaaf4bedf32dbdc6b720b63067d99c4d77d6047d)
2023-11-09T15:39:15.3980698Z Complete job name: test (3.8, lint)
2023-11-09T15:39:15.5001211Z ##[group]Run actions/checkout@v4
2023-11-09T15:39:15.5001703Z with:
2023-11-09T15:39:15.5001976Z   fetch-depth: 0
2023-11-09T15:39:15.5002295Z   repository: con/tinuous
2023-11-09T15:39:15.5002883Z   token: ***
2023-11-09T15:39:15.5003185Z   ssh-strict: true
2023-11-09T15:39:15.5003522Z   persist-credentials: true
2023-11-09T15:39:15.5003874Z   clean: true
2023-11-09T15:39:15.5004198Z   sparse-checkout-cone-mode: true
2023-11-09T15:39:15.5004596Z   fetch-tags: false
2023-11-09T15:39:15.5004910Z   show-progress: true
2023-11-09T15:39:15.5005239Z   lfs: false
2023-11-09T15:39:15.5005505Z   submodules: false
2023-11-09T15:39:15.5005820Z   set-safe-directory: true
2023-11-09T15:39:15.5006159Z ##[endgroup]
2023-11-09T15:39:15.7683309Z Syncing repository: con/tinuous
2023-11-09T15:39:15.7685464Z ##[group]Getting Git version info
2023-11-09T15:39:15.7686279Z Working directory is '/home/runner/work/tinuous/tinuous'
2023-11-09T15:39:15.7687095Z [command]/usr/bin/git version
2023-11-09T15:39:15.7769899Z git version 2.42.0
2023-11-09T15:39:15.7802318Z ##[endgroup]
2023-11-09T15:39:15.7824476Z Temporarily overriding HOME='/home/runner/work/_temp/720edcaa-105b-4d2d-bfdd-eb9139b3a188' before making global git config changes
2023-11-09T15:39:15.7826136Z Adding repository directory to the temporary git global config as a safe directory
2023-11-09T15:39:15.7827571Z [command]/usr/bin/git config --global --add safe.directory /home/runner/work/tinuous/tinuous
2023-11-09T15:39:15.7869500Z Deleting the contents of '/home/runner/work/tinuous/tinuous'
2023-11-09T15:39:15.7882208Z ##[group]Initializing the repository
2023-11-09T15:39:15.7882883Z [command]/usr/bin/git init /home/runner/work/tinuous/tinuous
2023-11-09T15:39:15.7947228Z hint: Using 'master' as the name for the initial branch. This default branch name
2023-11-09T15:39:15.7949361Z hint: is subject to change. To configure the initial branch name to use in all
2023-11-09T15:39:15.7950744Z hint: of your new repositories, which will suppress this warning, call:
2023-11-09T15:39:15.7951418Z hint: 
2023-11-09T15:39:15.7952848Z hint: 	git config --global init.defaultBranch <name>
2023-11-09T15:39:15.7953347Z hint: 
2023-11-09T15:39:15.7954642Z hint: Names commonly chosen instead of 'master' are 'main', 'trunk' and
2023-11-09T15:39:15.7955553Z hint: 'development'. The just-created branch can be renamed via this command:
2023-11-09T15:39:15.7957010Z hint: 
2023-11-09T15:39:15.7958494Z hint: 	git branch -m <name>
2023-11-09T15:39:15.7973239Z Initialized empty Git repository in /home/runner/work/tinuous/tinuous/.git/
2023-11-09T15:39:15.7989866Z [command]/usr/bin/git remote add origin https://github.com/con/tinuous
2023-11-09T15:39:15.8182684Z ##[endgroup]
2023-11-09T15:39:15.8183445Z ##[group]Disabling automatic garbage collection
2023-11-09T15:39:15.8184335Z [command]/usr/bin/git config --local gc.auto 0
2023-11-09T15:39:15.8186226Z ##[endgroup]
2023-11-09T15:39:15.8186819Z ##[group]Setting up auth
2023-11-09T15:39:15.8187709Z [command]/usr/bin/git config --local --name-only --get-regexp core\.sshCommand
2023-11-09T15:39:15.8190623Z [command]/usr/bin/git submodule foreach --recursive sh -c "git config --local --name-only --get-regexp 'core\.sshCommand' && git config --local --unset-all 'core.sshCommand' || :"
2023-11-09T15:39:15.8483005Z [command]/usr/bin/git config --local --name-only --get-regexp http\.https\:\/\/github\.com\/\.extraheader
2023-11-09T15:39:15.8510332Z [command]/usr/bin/git submodule foreach --recursive sh -c "git config --local --name-only --get-regexp 'http\.https\:\/\/github\.com\/\.extraheader' && git config --local --unset-all 'http.https://github.com/.extraheader' || :"
2023-11-09T15:39:15.8868131Z [command]/usr/bin/git config --local http.https://github.com/.extraheader AUTHORIZATION: basic ***
2023-11-09T15:39:15.8874731Z ##[endgroup]
2023-11-09T15:39:15.8875368Z ##[group]Fetching the repository
2023-11-09T15:39:15.8877822Z [command]/usr/bin/git -c protocol.version=2 fetch --prune --no-recurse-submodules origin +refs/heads/*:refs/remotes/origin/* +refs/tags/*:refs/tags/* +cbc80d74294800f671d69e45472eefceec3ecbb7:refs/remotes/pull/182/merge
2023-11-09T15:39:16.6973086Z From https://github.com/con/tinuous
2023-11-09T15:39:16.6974109Z  * [new branch]      fix-typing                               -> origin/fix-typing
2023-11-09T15:39:16.6974981Z  * [new branch]      gh-55                                    -> origin/gh-55
2023-11-09T15:39:16.6975774Z  * [new branch]      headers                                  -> origin/headers
2023-11-09T15:39:16.6976573Z  * [new branch]      master                                   -> origin/master
2023-11-09T15:39:16.6996436Z  * [new branch]      mypy-import                              -> origin/mypy-import
2023-11-09T15:39:16.6997405Z  * [new branch]      no-extra-search                          -> origin/no-extra-search
2023-11-09T15:39:16.6998316Z  * [new branch]      pragmata                                 -> origin/pragmata
2023-11-09T15:39:16.6999134Z  * [new branch]      py312                                    -> origin/py312
2023-11-09T15:39:16.6999898Z  * [new branch]      pypy                                     -> origin/pypy
2023-11-09T15:39:16.7000711Z  * [new branch]      test-appveyor                            -> origin/test-appveyor
2023-11-09T15:39:16.7001540Z  * [new branch]      unused                                   -> origin/unused
2023-11-09T15:39:16.7002324Z  * [new branch]      updates                                  -> origin/updates
2023-11-09T15:39:16.7003068Z  * [new tag]         0.1.0                                    -> 0.1.0
2023-11-09T15:39:16.7003764Z  * [new tag]         0.2.0                                    -> 0.2.0
2023-11-09T15:39:16.7004429Z  * [new tag]         0.3.0                                    -> 0.3.0
2023-11-09T15:39:16.7005073Z  * [new tag]         0.4.0                                    -> 0.4.0
2023-11-09T15:39:16.7006045Z  * [new tag]         0.5.0                                    -> 0.5.0
2023-11-09T15:39:16.7006722Z  * [new tag]         0.5.1                                    -> 0.5.1
2023-11-09T15:39:16.7007382Z  * [new tag]         0.5.2                                    -> 0.5.2
2023-11-09T15:39:16.7008013Z  * [new tag]         0.5.3                                    -> 0.5.3
2023-11-09T15:39:16.7008682Z  * [new tag]         0.5.4                                    -> 0.5.4
2023-11-09T15:39:16.7009335Z  * [new tag]         0.6.0                                    -> 0.6.0
2023-11-09T15:39:16.7009981Z  * [new tag]         0.6.1                                    -> 0.6.1
2023-11-09T15:39:16.7010779Z  * [new ref]         cbc80d74294800f671d69e45472eefceec3ecbb7 -> pull/182/merge
2023-11-09T15:39:16.7031658Z ##[endgroup]
2023-11-09T15:39:16.7032527Z ##[group]Determining the checkout info
2023-11-09T15:39:16.7080096Z ##[endgroup]
2023-11-09T15:39:16.7080606Z ##[group]Checking out the ref
2023-11-09T15:39:16.7081398Z [command]/usr/bin/git checkout --progress --force refs/remotes/pull/182/merge
2023-11-09T15:39:16.7099827Z Note: switching to 'refs/remotes/pull/182/merge'.
2023-11-09T15:39:16.7100221Z 
2023-11-09T15:39:16.7100648Z You are in 'detached HEAD' state. You can look around, make experimental
2023-11-09T15:39:16.7101487Z changes and commit them, and you can discard any commits you make in this
2023-11-09T15:39:16.7102276Z state without impacting any branches by switching back to a branch.
2023-11-09T15:39:16.7102738Z 
2023-11-09T15:39:16.7103053Z If you want to create a new branch to retain commits you create, you may
2023-11-09T15:39:16.7103874Z do so (now or later) by using -c with the switch command. Example:
2023-11-09T15:39:16.7104308Z 
2023-11-09T15:39:16.7104497Z   git switch -c <new-branch-name>
2023-11-09T15:39:16.7104782Z 
2023-11-09T15:39:16.7104916Z Or undo this operation with:
2023-11-09T15:39:16.7105165Z 
2023-11-09T15:39:16.7105285Z   git switch -
2023-11-09T15:39:16.7105469Z 
2023-11-09T15:39:16.7105827Z Turn off this advice by setting config variable advice.detachedHead to false
2023-11-09T15:39:16.7106342Z 
2023-11-09T15:39:16.7107167Z HEAD is now at cbc80d7 Merge 63e34ff319edfa94287c5f174eca4a84a50b4953 into e0ad333d939ebc7bdd0131684b3bb9606b6c2435
2023-11-09T15:39:16.7111214Z ##[endgroup]
2023-11-09T15:39:16.7137770Z [command]/usr/bin/git log -1 --format='%H'
2023-11-09T15:39:16.7163334Z 'cbc80d74294800f671d69e45472eefceec3ecbb7'
2023-11-09T15:39:16.7645892Z ##[group]Run actions/setup-python@v4
2023-11-09T15:39:16.7646313Z with:
2023-11-09T15:39:16.7646578Z   python-version: 3.8
2023-11-09T15:39:16.7646964Z   check-latest: false
2023-11-09T15:39:16.7647490Z   token: ***
2023-11-09T15:39:16.7647785Z   update-environment: true
2023-11-09T15:39:16.7648140Z   allow-prereleases: false
2023-11-09T15:39:16.7648473Z ##[endgroup]
2023-11-09T15:39:17.0460222Z ##[group]Installed versions
2023-11-09T15:39:17.0582374Z Successfully set up CPython (3.8.18)
2023-11-09T15:39:17.0583245Z ##[endgroup]
2023-11-09T15:39:17.0711749Z ##[group]Run python -m pip install --upgrade pip wheel
2023-11-09T15:39:17.0712472Z [36;1mpython -m pip install --upgrade pip wheel[0m
2023-11-09T15:39:17.0713159Z [36;1mpython -m pip install --upgrade --upgrade-strategy=eager tox[0m
2023-11-09T15:39:17.0771541Z shell: /usr/bin/bash -e {0}
2023-11-09T15:39:17.0771939Z env:
2023-11-09T15:39:17.0772580Z   pythonLocation: /opt/hostedtoolcache/Python/3.8.18/x64
2023-11-09T15:39:17.0773294Z   PKG_CONFIG_PATH: /opt/hostedtoolcache/Python/3.8.18/x64/lib/pkgconfig
2023-11-09T15:39:17.0773988Z   Python_ROOT_DIR: /opt/hostedtoolcache/Python/3.8.18/x64
2023-11-09T15:39:17.0774587Z   Python2_ROOT_DIR: /opt/hostedtoolcache/Python/3.8.18/x64
2023-11-09T15:39:17.0775235Z   Python3_ROOT_DIR: /opt/hostedtoolcache/Python/3.8.18/x64
2023-11-09T15:39:17.0775857Z   LD_LIBRARY_PATH: /opt/hostedtoolcache/Python/3.8.18/x64/lib
2023-11-09T15:39:17.0776364Z ##[endgroup]
2023-11-09T15:39:17.8141432Z Requirement already satisfied: pip in /opt/hostedtoolcache/Python/3.8.18/x64/lib/python3.8/site-packages (23.0.1)
2023-11-09T15:39:18.0066252Z Collecting pip
2023-11-09T15:39:18.1238847Z   Downloading pip-23.3.1-py3-none-any.whl.metadata (3.5 kB)
2023-11-09T15:39:18.2650587Z Collecting wheel
2023-11-09T15:39:18.2764093Z   Downloading wheel-0.41.3-py3-none-any.whl.metadata (2.2 kB)
2023-11-09T15:39:18.2983312Z Downloading pip-23.3.1-py3-none-any.whl (2.1 MB)
2023-11-09T15:39:18.4334222Z    ━━━━━━━━━━━━━━━━━━━━━━━━━━━━━━━━━━━━━━━━ 2.1/2.1 MB 16.5 MB/s eta 0:00:00
2023-11-09T15:39:18.4439535Z Downloading wheel-0.41.3-py3-none-any.whl (65 kB)
2023-11-09T15:39:18.4500540Z    ━━━━━━━━━━━━━━━━━━━━━━━━━━━━━━━━━━━━━━━━ 65.8/65.8 kB 16.7 MB/s eta 0:00:00
2023-11-09T15:39:18.5034735Z Installing collected packages: wheel, pip
2023-11-09T15:39:18.5512861Z   Attempting uninstall: pip
2023-11-09T15:39:18.5519867Z     Found existing installation: pip 23.0.1
2023-11-09T15:39:18.6166669Z     Uninstalling pip-23.0.1:
2023-11-09T15:39:18.6632210Z       Successfully uninstalled pip-23.0.1
2023-11-09T15:39:19.7963927Z Successfully installed pip-23.3.1 wheel-0.41.3
2023-11-09T15:39:20.7989346Z Collecting tox
2023-11-09T15:39:20.9052893Z   Downloading tox-4.11.3-py3-none-any.whl.metadata (5.0 kB)
2023-11-09T15:39:20.9752403Z Collecting cachetools>=5.3.1 (from tox)
2023-11-09T15:39:20.9875692Z   Downloading cachetools-5.3.2-py3-none-any.whl.metadata (5.2 kB)
2023-11-09T15:39:21.0159272Z Collecting chardet>=5.2 (from tox)
2023-11-09T15:39:21.0271077Z   Downloading chardet-5.2.0-py3-none-any.whl.metadata (3.4 kB)
2023-11-09T15:39:21.0653545Z Collecting colorama>=0.4.6 (from tox)
2023-11-09T15:39:21.0768848Z   Downloading colorama-0.4.6-py2.py3-none-any.whl (25 kB)
2023-11-09T15:39:21.1315793Z Collecting filelock>=3.12.3 (from tox)
2023-11-09T15:39:21.1429163Z   Downloading filelock-3.13.1-py3-none-any.whl.metadata (2.8 kB)
2023-11-09T15:39:21.1843616Z Collecting packaging>=23.1 (from tox)
2023-11-09T15:39:21.1956491Z   Downloading packaging-23.2-py3-none-any.whl.metadata (3.2 kB)
2023-11-09T15:39:21.2355667Z Collecting platformdirs>=3.10 (from tox)
2023-11-09T15:39:21.2469430Z   Downloading platformdirs-3.11.0-py3-none-any.whl.metadata (11 kB)
2023-11-09T15:39:21.2819619Z Collecting pluggy>=1.3 (from tox)
2023-11-09T15:39:21.2945723Z   Downloading pluggy-1.3.0-py3-none-any.whl.metadata (4.3 kB)
2023-11-09T15:39:21.3253753Z Collecting pyproject-api>=1.6.1 (from tox)
2023-11-09T15:39:21.3368433Z   Downloading pyproject_api-1.6.1-py3-none-any.whl.metadata (2.8 kB)
2023-11-09T15:39:21.3693445Z Collecting tomli>=2.0.1 (from tox)
2023-11-09T15:39:21.3806712Z   Downloading tomli-2.0.1-py3-none-any.whl (12 kB)
2023-11-09T15:39:21.5009271Z Collecting virtualenv>=20.24.3 (from tox)
2023-11-09T15:39:21.5121994Z   Downloading virtualenv-20.24.6-py3-none-any.whl.metadata (4.5 kB)
2023-11-09T15:39:21.6153305Z Collecting distlib<1,>=0.3.7 (from virtualenv>=20.24.3->tox)
2023-11-09T15:39:21.6269368Z   Downloading distlib-0.3.7-py2.py3-none-any.whl.metadata (5.1 kB)
2023-11-09T15:39:21.6582966Z Downloading tox-4.11.3-py3-none-any.whl (153 kB)
2023-11-09T15:39:21.6764966Z    ━━━━━━━━━━━━━━━━━━━━━━━━━━━━━━━━━━━━━━━━ 153.8/153.8 kB 9.8 MB/s eta 0:00:00
2023-11-09T15:39:21.6886469Z Downloading cachetools-5.3.2-py3-none-any.whl (9.3 kB)
2023-11-09T15:39:21.7038496Z Downloading chardet-5.2.0-py3-none-any.whl (199 kB)
2023-11-09T15:39:21.7109152Z    ━━━━━━━━━━━━━━━━━━━━━━━━━━━━━━━━━━━━━━━━ 199.4/199.4 kB 44.8 MB/s eta 0:00:00
2023-11-09T15:39:21.7225126Z Downloading filelock-3.13.1-py3-none-any.whl (11 kB)
2023-11-09T15:39:21.7363884Z Downloading packaging-23.2-py3-none-any.whl (53 kB)
2023-11-09T15:39:21.7419877Z    ━━━━━━━━━━━━━━━━━━━━━━━━━━━━━━━━━━━━━━━━ 53.0/53.0 kB 15.7 MB/s eta 0:00:00
2023-11-09T15:39:21.7533583Z Downloading platformdirs-3.11.0-py3-none-any.whl (17 kB)
2023-11-09T15:39:21.7675164Z Downloading pluggy-1.3.0-py3-none-any.whl (18 kB)
2023-11-09T15:39:21.7813823Z Downloading pyproject_api-1.6.1-py3-none-any.whl (12 kB)
2023-11-09T15:39:21.7979934Z Downloading virtualenv-20.24.6-py3-none-any.whl (3.8 MB)
2023-11-09T15:39:21.8369908Z    ━━━━━━━━━━━━━━━━━━━━━━━━━━━━━━━━━━━━━━━━ 3.8/3.8 MB 104.9 MB/s eta 0:00:00
2023-11-09T15:39:21.8516909Z Downloading distlib-0.3.7-py2.py3-none-any.whl (468 kB)
2023-11-09T15:39:21.8602903Z    ━━━━━━━━━━━━━━━━━━━━━━━━━━━━━━━━━━━━━━━━ 468.9/468.9 kB 80.0 MB/s eta 0:00:00
2023-11-09T15:39:22.0278887Z Installing collected packages: distlib, tomli, pluggy, platformdirs, packaging, filelock, colorama, chardet, cachetools, virtualenv, pyproject-api, tox
2023-11-09T15:39:22.6707192Z Successfully installed cachetools-5.3.2 chardet-5.2.0 colorama-0.4.6 distlib-0.3.7 filelock-3.13.1 packaging-23.2 platformdirs-3.11.0 pluggy-1.3.0 pyproject-api-1.6.1 tomli-2.0.1 tox-4.11.3 virtualenv-20.24.6
2023-11-09T15:39:22.8117393Z ##[group]Run tox -e lint
2023-11-09T15:39:22.8117765Z [36;1mtox -e lint[0m
2023-11-09T15:39:22.8154761Z shell: /usr/bin/bash -e {0}
2023-11-09T15:39:22.8155120Z env:
2023-11-09T15:39:22.8155510Z   pythonLocation: /opt/hostedtoolcache/Python/3.8.18/x64
2023-11-09T15:39:22.8156247Z   PKG_CONFIG_PATH: /opt/hostedtoolcache/Python/3.8.18/x64/lib/pkgconfig
2023-11-09T15:39:22.8156945Z   Python_ROOT_DIR: /opt/hostedtoolcache/Python/3.8.18/x64
2023-11-09T15:39:22.8157546Z   Python2_ROOT_DIR: /opt/hostedtoolcache/Python/3.8.18/x64
2023-11-09T15:39:22.8158154Z   Python3_ROOT_DIR: /opt/hostedtoolcache/Python/3.8.18/x64
2023-11-09T15:39:22.8158768Z   LD_LIBRARY_PATH: /opt/hostedtoolcache/Python/3.8.18/x64/lib
2023-11-09T15:39:22.8159269Z ##[endgroup]
2023-11-09T15:39:23.4102001Z lint: install_deps> python -I -m pip install flake8 flake8-bugbear flake8-builtins flake8-unused-arguments
2023-11-09T15:39:25.6433870Z lint: freeze> python -m pip freeze --all
2023-11-09T15:39:26.0341438Z lint: attrs==23.1.0,flake8==6.1.0,flake8-bugbear==23.9.16,flake8-builtins==2.2.0,flake8-unused-arguments==0.0.13,mccabe==0.7.0,pip==23.3.1,pycodestyle==2.11.1,pyflakes==3.1.0,setuptools==68.2.2,wheel==0.41.2
2023-11-09T15:39:26.0348106Z lint: commands[0]> flake8 --config=tox.ini src test
2023-11-09T15:39:26.8231260Z   lint: OK (3.69=setup[2.91]+cmd[0.79] seconds)
2023-11-09T15:39:26.8232389Z   congratulations :) (3.82 seconds)
2023-11-09T15:39:26.8627990Z Post job cleanup.
2023-11-09T15:39:27.0522504Z Post job cleanup.
2023-11-09T15:39:27.1490089Z [command]/usr/bin/git version
2023-11-09T15:39:27.1542016Z git version 2.42.0
2023-11-09T15:39:27.1593511Z Temporarily overriding HOME='/home/runner/work/_temp/3ad915f5-1900-4705-9bf9-2184eaf748fc' before making global git config changes
2023-11-09T15:39:27.1596748Z Adding repository directory to the temporary git global config as a safe directory
2023-11-09T15:39:27.1606334Z [command]/usr/bin/git config --global --add safe.directory /home/runner/work/tinuous/tinuous
2023-11-09T15:39:27.1655313Z [command]/usr/bin/git config --local --name-only --get-regexp core\.sshCommand
2023-11-09T15:39:27.1696025Z [command]/usr/bin/git submodule foreach --recursive sh -c "git config --local --name-only --get-regexp 'core\.sshCommand' && git config --local --unset-all 'core.sshCommand' || :"
2023-11-09T15:39:27.1971268Z [command]/usr/bin/git config --local --name-only --get-regexp http\.https\:\/\/github\.com\/\.extraheader
2023-11-09T15:39:27.1985554Z http.https://github.com/.extraheader
2023-11-09T15:39:27.2002055Z [command]/usr/bin/git config --local --unset-all http.https://github.com/.extraheader
2023-11-09T15:39:27.2038017Z [command]/usr/bin/git submodule foreach --recursive sh -c "git config --local --name-only --get-regexp 'http\.https\:\/\/github\.com\/\.extraheader' && git config --local --unset-all 'http.https://github.com/.extraheader' || :"
2023-11-09T15:39:27.2660304Z Cleaning up orphan processes
