2025-07-25T18:42:37.7149682Z Current runner version: '2.326.0'
2025-07-25T18:42:37.7172823Z ##[group]Runner Image Provisioner
2025-07-25T18:42:37.7173791Z Hosted Compute Agent
2025-07-25T18:42:37.7174434Z Version: 20250711.363
2025-07-25T18:42:37.7174999Z Commit: 6785254374ce925a23743850c1cb91912ce5c14c
2025-07-25T18:42:37.7175688Z Build Date: 2025-07-11T20:04:25Z
2025-07-25T18:42:37.7176339Z ##[endgroup]
2025-07-25T18:42:37.7176883Z ##[group]Operating System
2025-07-25T18:42:37.7177458Z Ubuntu
2025-07-25T18:42:37.7177968Z 24.04.2
2025-07-25T18:42:37.7178393Z LTS
2025-07-25T18:42:37.7178847Z ##[endgroup]
2025-07-25T18:42:37.7179337Z ##[group]Runner Image
2025-07-25T18:42:37.7179928Z Image: ubuntu-24.04
2025-07-25T18:42:37.7180434Z Version: 20250720.1.0
2025-07-25T18:42:37.7181417Z Included Software: https://github.com/actions/runner-images/blob/ubuntu24/20250720.1/images/ubuntu/Ubuntu2404-Readme.md
2025-07-25T18:42:37.7182931Z Image Release: https://github.com/actions/runner-images/releases/tag/ubuntu24%2F20250720.1
2025-07-25T18:42:37.7184334Z ##[endgroup]
2025-07-25T18:42:37.7186687Z ##[group]GITHUB_TOKEN Permissions
2025-07-25T18:42:37.7188823Z Actions: write
2025-07-25T18:42:37.7189398Z Attestations: write
2025-07-25T18:42:37.7189919Z Checks: write
2025-07-25T18:42:37.7190407Z Contents: write
2025-07-25T18:42:37.7190924Z Deployments: write
2025-07-25T18:42:37.7191402Z Discussions: write
2025-07-25T18:42:37.7191973Z Issues: write
2025-07-25T18:42:37.7192465Z Metadata: read
2025-07-25T18:42:37.7192914Z Models: read
2025-07-25T18:42:37.7193708Z Packages: write
2025-07-25T18:42:37.7194233Z Pages: write
2025-07-25T18:42:37.7194724Z PullRequests: write
2025-07-25T18:42:37.7195362Z RepositoryProjects: write
2025-07-25T18:42:37.7195908Z SecurityEvents: write
2025-07-25T18:42:37.7196533Z Statuses: write
2025-07-25T18:42:37.7197081Z ##[endgroup]
2025-07-25T18:42:37.7199301Z Secret source: Actions
2025-07-25T18:42:37.7200072Z Prepare workflow directory
2025-07-25T18:42:37.7516105Z Prepare all required actions
2025-07-25T18:42:37.7553224Z Getting action download info
2025-07-25T18:42:38.2314228Z ##[group]Download immutable action package 'actions/checkout@v4'
2025-07-25T18:42:38.2315348Z Version: 4.2.2
2025-07-25T18:42:38.2316273Z Digest: sha256:ccb2698953eaebd21c7bf6268a94f9c26518a7e38e27e0b83c1fe1ad049819b1
2025-07-25T18:42:38.2317713Z Source commit SHA: 11bd71901bbe5b1630ceea73d27597364c9af683
2025-07-25T18:42:38.2318568Z ##[endgroup]
2025-07-25T18:42:38.3284754Z ##[group]Download immutable action package 'actions/setup-python@v5'
2025-07-25T18:42:38.3285577Z Version: 5.6.0
2025-07-25T18:42:38.3286266Z Digest: sha256:0b35a0c11c97499e4e0576589036d450b9f5f9da74b7774225b3614b57324404
2025-07-25T18:42:38.3287325Z Source commit SHA: a26af69be951a213d495a4c3e4e4022e16d87065
2025-07-25T18:42:38.3288012Z ##[endgroup]
2025-07-25T18:42:38.6244887Z Download action repository 'codecov/codecov-action@v5' (SHA:18283e04ce6e62d37312384ff67231eb8fd56d24)
2025-07-25T18:42:39.1129717Z Getting action download info
2025-07-25T18:42:39.3181638Z ##[group]Download immutable action package 'actions/github-script@v7'
2025-07-25T18:42:39.3182181Z Version: 7.0.1
2025-07-25T18:42:39.3182648Z Digest: sha256:bce02966afe3a75123f766b765abe432fac5464b74976015dc06b811ac9054c7
2025-07-25T18:42:39.3183263Z Source commit SHA: 60a0d83039c74a4aee543508d2ffcb1c3799cdea
2025-07-25T18:42:39.3183880Z ##[endgroup]
2025-07-25T18:42:39.5935675Z Complete job name: test (pypy-3.11, py)
2025-07-25T18:42:39.6597577Z ##[group]Run actions/checkout@v4
2025-07-25T18:42:39.6598221Z with:
2025-07-25T18:42:39.6598481Z   fetch-depth: 0
2025-07-25T18:42:39.6598763Z   repository: con/tinuous
2025-07-25T18:42:39.6599206Z   token: ***
2025-07-25T18:42:39.6599473Z   ssh-strict: true
2025-07-25T18:42:39.6599739Z   ssh-user: git
2025-07-25T18:42:39.6600025Z   persist-credentials: true
2025-07-25T18:42:39.6600348Z   clean: true
2025-07-25T18:42:39.6600630Z   sparse-checkout-cone-mode: true
2025-07-25T18:42:39.6600972Z   fetch-tags: false
2025-07-25T18:42:39.6601266Z   show-progress: true
2025-07-25T18:42:39.6601562Z   lfs: false
2025-07-25T18:42:39.6602084Z   submodules: false
2025-07-25T18:42:39.6602401Z   set-safe-directory: true
2025-07-25T18:42:39.6602940Z ##[endgroup]
2025-07-25T18:42:39.7730559Z Syncing repository: con/tinuous
2025-07-25T18:42:39.7732059Z ##[group]Getting Git version info
2025-07-25T18:42:39.7732677Z Working directory is '/home/runner/work/tinuous/tinuous'
2025-07-25T18:42:39.7734070Z [command]/usr/bin/git version
2025-07-25T18:42:39.7766516Z git version 2.50.1
2025-07-25T18:42:39.7803875Z ##[endgroup]
2025-07-25T18:42:39.7821007Z Temporarily overriding HOME='/home/runner/work/_temp/2b4d27c6-2de1-4c9c-baff-369608500af5' before making global git config changes
2025-07-25T18:42:39.7822420Z Adding repository directory to the temporary git global config as a safe directory
2025-07-25T18:42:39.7827838Z [command]/usr/bin/git config --global --add safe.directory /home/runner/work/tinuous/tinuous
2025-07-25T18:42:39.7866943Z Deleting the contents of '/home/runner/work/tinuous/tinuous'
2025-07-25T18:42:39.7870979Z ##[group]Initializing the repository
2025-07-25T18:42:39.7877007Z [command]/usr/bin/git init /home/runner/work/tinuous/tinuous
2025-07-25T18:42:39.7953202Z hint: Using 'master' as the name for the initial branch. This default branch name
2025-07-25T18:42:39.7956011Z hint: is subject to change. To configure the initial branch name to use in all
2025-07-25T18:42:39.7956970Z hint: of your new repositories, which will suppress this warning, call:
2025-07-25T18:42:39.7957449Z hint:
2025-07-25T18:42:39.7957826Z hint: 	git config --global init.defaultBranch <name>
2025-07-25T18:42:39.7958255Z hint:
2025-07-25T18:42:39.7958654Z hint: Names commonly chosen instead of 'master' are 'main', 'trunk' and
2025-07-25T18:42:39.7959288Z hint: 'development'. The just-created branch can be renamed via this command:
2025-07-25T18:42:39.7959763Z hint:
2025-07-25T18:42:39.7960037Z hint: 	git branch -m <name>
2025-07-25T18:42:39.7960353Z hint:
2025-07-25T18:42:39.7960771Z hint: Disable this message with "git config set advice.defaultBranchName false"
2025-07-25T18:42:39.7961431Z Initialized empty Git repository in /home/runner/work/tinuous/tinuous/.git/
2025-07-25T18:42:39.7970434Z [command]/usr/bin/git remote add origin https://github.com/con/tinuous
2025-07-25T18:42:39.8004868Z ##[endgroup]
2025-07-25T18:42:39.8005455Z ##[group]Disabling automatic garbage collection
2025-07-25T18:42:39.8010625Z [command]/usr/bin/git config --local gc.auto 0
2025-07-25T18:42:39.8043601Z ##[endgroup]
2025-07-25T18:42:39.8044312Z ##[group]Setting up auth
2025-07-25T18:42:39.8053955Z [command]/usr/bin/git config --local --name-only --get-regexp core\.sshCommand
2025-07-25T18:42:39.8089098Z [command]/usr/bin/git submodule foreach --recursive sh -c "git config --local --name-only --get-regexp 'core\.sshCommand' && git config --local --unset-all 'core.sshCommand' || :"
2025-07-25T18:42:39.8391193Z [command]/usr/bin/git config --local --name-only --get-regexp http\.https\:\/\/github\.com\/\.extraheader
2025-07-25T18:42:39.8421796Z [command]/usr/bin/git submodule foreach --recursive sh -c "git config --local --name-only --get-regexp 'http\.https\:\/\/github\.com\/\.extraheader' && git config --local --unset-all 'http.https://github.com/.extraheader' || :"
2025-07-25T18:42:39.8635137Z [command]/usr/bin/git config --local http.https://github.com/.extraheader AUTHORIZATION: basic ***
2025-07-25T18:42:39.8678208Z ##[endgroup]
2025-07-25T18:42:39.8687985Z ##[group]Fetching the repository
2025-07-25T18:42:39.8689817Z [command]/usr/bin/git -c protocol.version=2 fetch --prune --no-recurse-submodules origin +refs/heads/*:refs/remotes/origin/* +refs/tags/*:refs/tags/* +f56410326e9cd8fd9cba1625905ea2fd80444710:refs/remotes/pull/211/merge
2025-07-25T18:42:40.4850643Z From https://github.com/con/tinuous
2025-07-25T18:42:40.4851734Z  * [new branch]      bf-circleci                              -> origin/bf-circleci
2025-07-25T18:42:40.4852774Z  * [new branch]      gh-55                                    -> origin/gh-55
2025-07-25T18:42:40.4854133Z  * [new branch]      master                                   -> origin/master
2025-07-25T18:42:40.4855804Z  * [new branch]      no-extra-search                          -> origin/no-extra-search
2025-07-25T18:42:40.4856772Z  * [new branch]      pragmata                                 -> origin/pragmata
2025-07-25T18:42:40.4858508Z  * [new branch]      test-appveyor                            -> origin/test-appveyor
2025-07-25T18:42:40.4859905Z  * [new tag]         0.1.0                                    -> 0.1.0
2025-07-25T18:42:40.4861270Z  * [new tag]         0.2.0                                    -> 0.2.0
2025-07-25T18:42:40.4863287Z  * [new tag]         0.3.0                                    -> 0.3.0
2025-07-25T18:42:40.4864767Z  * [new tag]         0.4.0                                    -> 0.4.0
2025-07-25T18:42:40.4865928Z  * [new tag]         0.5.0                                    -> 0.5.0
2025-07-25T18:42:40.4867387Z  * [new tag]         0.5.1                                    -> 0.5.1
2025-07-25T18:42:40.4869149Z  * [new tag]         0.5.2                                    -> 0.5.2
2025-07-25T18:42:40.4870388Z  * [new tag]         0.5.3                                    -> 0.5.3
2025-07-25T18:42:40.4871793Z  * [new tag]         0.5.4                                    -> 0.5.4
2025-07-25T18:42:40.4873289Z  * [new tag]         0.6.0                                    -> 0.6.0
2025-07-25T18:42:40.4874925Z  * [new tag]         0.6.1                                    -> 0.6.1
2025-07-25T18:42:40.4876247Z  * [new tag]         0.7.0                                    -> 0.7.0
2025-07-25T18:42:40.4879613Z  * [new ref]         f56410326e9cd8fd9cba1625905ea2fd80444710 -> pull/211/merge
2025-07-25T18:42:40.4910061Z ##[endgroup]
2025-07-25T18:42:40.4910906Z ##[group]Determining the checkout info
2025-07-25T18:42:40.4911776Z ##[endgroup]
2025-07-25T18:42:40.4917158Z [command]/usr/bin/git sparse-checkout disable
2025-07-25T18:42:40.4953514Z [command]/usr/bin/git config --local --unset-all extensions.worktreeConfig
2025-07-25T18:42:40.4979776Z ##[group]Checking out the ref
2025-07-25T18:42:40.4982574Z [command]/usr/bin/git checkout --progress --force refs/remotes/pull/211/merge
2025-07-25T18:42:40.5030438Z Note: switching to 'refs/remotes/pull/211/merge'.
2025-07-25T18:42:40.5030980Z 
2025-07-25T18:42:40.5031391Z You are in 'detached HEAD' state. You can look around, make experimental
2025-07-25T18:42:40.5032354Z changes and commit them, and you can discard any commits you make in this
2025-07-25T18:42:40.5033294Z state without impacting any branches by switching back to a branch.
2025-07-25T18:42:40.5034025Z 
2025-07-25T18:42:40.5034334Z If you want to create a new branch to retain commits you create, you may
2025-07-25T18:42:40.5035174Z do so (now or later) by using -c with the switch command. Example:
2025-07-25T18:42:40.5035773Z 
2025-07-25T18:42:40.5036044Z   git switch -c <new-branch-name>
2025-07-25T18:42:40.5036475Z 
2025-07-25T18:42:40.5036750Z Or undo this operation with:
2025-07-25T18:42:40.5037155Z 
2025-07-25T18:42:40.5037417Z   git switch -
2025-07-25T18:42:40.5037742Z 
2025-07-25T18:42:40.5038208Z Turn off this advice by setting config variable advice.detachedHead to false
2025-07-25T18:42:40.5038892Z 
2025-07-25T18:42:40.5039635Z HEAD is now at f564103 Merge 7a0283d1eb9dbdde6b16d23b2da347b946bf1b48 into 5635a3eddf0b7c0528dcd621f6f0d2cb8bfcf790
2025-07-25T18:42:40.5041756Z ##[endgroup]
2025-07-25T18:42:40.5073726Z [command]/usr/bin/git log -1 --format=%H
2025-07-25T18:42:40.5095970Z f56410326e9cd8fd9cba1625905ea2fd80444710
2025-07-25T18:42:40.5315477Z ##[group]Run actions/setup-python@v5
2025-07-25T18:42:40.5315866Z with:
2025-07-25T18:42:40.5316154Z   python-version: pypy-3.11
2025-07-25T18:42:40.5316481Z   check-latest: false
2025-07-25T18:42:40.5316921Z   token: ***
2025-07-25T18:42:40.5317217Z   update-environment: true
2025-07-25T18:42:40.5317542Z   allow-prereleases: false
2025-07-25T18:42:40.5317861Z   freethreaded: false
2025-07-25T18:42:40.5318157Z ##[endgroup]
2025-07-25T18:42:40.6948872Z ##[group]Installed versions
2025-07-25T18:42:40.7366178Z PyPy version 3.11 (x) was not found in the local cache
2025-07-25T18:42:40.8275327Z Downloading PyPy from "https://downloads.python.org/pypy/pypy3.11-v7.3.20-linux64.tar.bz2" ...
2025-07-25T18:42:41.0707502Z Extracting downloaded archive...
2025-07-25T18:42:41.0839556Z [command]/usr/bin/tar x --warning=no-unknown-keyword --overwrite -C /home/runner/work/_temp/b811b685-90e1-44d2-be40-0cbf20ffac1f -f /home/runner/work/_temp/12bbf009-2ac9-4fc8-8c76-a7e8c360013e
2025-07-25T18:42:46.1462041Z Creating symlinks...
2025-07-25T18:42:46.1464487Z Installing and updating pip
2025-07-25T18:42:46.1467374Z [command]/opt/hostedtoolcache/PyPy/3.11.13/x64/bin/python -m ensurepip
2025-07-25T18:42:49.9267479Z Looking in links: /tmp/tmph1sbfsjy
2025-07-25T18:42:49.9662887Z Processing /tmp/tmph1sbfsjy/setuptools-65.5.0-py3-none-any.whl
2025-07-25T18:42:49.9971988Z Processing /tmp/tmph1sbfsjy/pip-24.0-py3-none-any.whl
2025-07-25T18:42:50.2391314Z Installing collected packages: setuptools, pip
2025-07-25T18:42:52.3061728Z Successfully installed pip-24.0 setuptools-65.5.0
2025-07-25T18:42:52.3274700Z [command]/opt/hostedtoolcache/PyPy/3.11.13/x64/bin/python -m pip install --ignore-installed pip
2025-07-25T18:42:53.8490576Z Collecting pip
2025-07-25T18:42:53.8793247Z   Downloading pip-25.1.1-py3-none-any.whl.metadata (3.6 kB)
2025-07-25T18:42:53.8954811Z Downloading pip-25.1.1-py3-none-any.whl (1.8 MB)
2025-07-25T18:42:53.9414638Z    ━━━━━━━━━━━━━━━━━━━━━━━━━━━━━━━━━━━━━━━━ 1.8/1.8 MB 51.1 MB/s eta 0:00:00
2025-07-25T18:42:54.1058965Z Installing collected packages: pip
2025-07-25T18:42:55.3069028Z Successfully installed pip-25.1.1
2025-07-25T18:42:55.5654343Z Successfully set up PyPy 7.3.20 with Python (3.11.13)
2025-07-25T18:42:55.5655582Z ##[endgroup]
2025-07-25T18:42:55.5808152Z ##[group]Run python -m pip install --upgrade pip wheel
2025-07-25T18:42:55.5808600Z [36;1mpython -m pip install --upgrade pip wheel[0m
2025-07-25T18:42:55.5809000Z [36;1mpython -m pip install --upgrade --upgrade-strategy=eager tox[0m
2025-07-25T18:42:55.5843338Z shell: /usr/bin/bash -e {0}
2025-07-25T18:42:55.5843850Z env:
2025-07-25T18:42:55.5844102Z   pythonLocation: /opt/hostedtoolcache/PyPy/3.11.13/x64
2025-07-25T18:42:55.5844463Z   Python_ROOT_DIR: /opt/hostedtoolcache/PyPy/3.11.13/x64
2025-07-25T18:42:55.5844837Z   Python2_ROOT_DIR: /opt/hostedtoolcache/PyPy/3.11.13/x64
2025-07-25T18:42:55.5845165Z   Python3_ROOT_DIR: /opt/hostedtoolcache/PyPy/3.11.13/x64
2025-07-25T18:42:55.5845556Z   PKG_CONFIG_PATH: /opt/hostedtoolcache/PyPy/3.11.13/x64/bin/lib/pkgconfig
2025-07-25T18:42:55.5845891Z ##[endgroup]
2025-07-25T18:42:56.3582058Z Requirement already satisfied: pip in /opt/hostedtoolcache/PyPy/3.11.13/x64/lib/pypy3.11/site-packages (25.1.1)
2025-07-25T18:42:56.5878713Z Collecting wheel
2025-07-25T18:42:56.6160215Z   Downloading wheel-0.45.1-py3-none-any.whl.metadata (2.3 kB)
2025-07-25T18:42:56.6377098Z Downloading wheel-0.45.1-py3-none-any.whl (72 kB)
2025-07-25T18:42:56.6892156Z Installing collected packages: wheel
2025-07-25T18:42:56.7694855Z Successfully installed wheel-0.45.1
2025-07-25T18:42:57.7518106Z Collecting tox
2025-07-25T18:42:57.7794954Z   Downloading tox-4.28.2-py3-none-any.whl.metadata (3.6 kB)
2025-07-25T18:42:57.8274041Z Collecting cachetools>=6.1 (from tox)
2025-07-25T18:42:57.8366286Z   Downloading cachetools-6.1.0-py3-none-any.whl.metadata (5.4 kB)
2025-07-25T18:42:57.8669005Z Collecting chardet>=5.2 (from tox)
2025-07-25T18:42:57.8725300Z   Downloading chardet-5.2.0-py3-none-any.whl.metadata (3.4 kB)
2025-07-25T18:42:57.9256115Z Collecting colorama>=0.4.6 (from tox)
2025-07-25T18:42:57.9332154Z   Downloading colorama-0.4.6-py2.py3-none-any.whl.metadata (17 kB)
2025-07-25T18:42:57.9853986Z Collecting filelock>=3.18 (from tox)
2025-07-25T18:42:57.9917787Z   Downloading filelock-3.18.0-py3-none-any.whl.metadata (2.9 kB)
2025-07-25T18:42:58.0284160Z Collecting packaging>=25 (from tox)
2025-07-25T18:42:58.0331904Z   Downloading packaging-25.0-py3-none-any.whl.metadata (3.3 kB)
2025-07-25T18:42:58.0654270Z Collecting platformdirs>=4.3.8 (from tox)
2025-07-25T18:42:58.0709969Z   Downloading platformdirs-4.3.8-py3-none-any.whl.metadata (12 kB)
2025-07-25T18:42:58.1086883Z Collecting pluggy>=1.6 (from tox)
2025-07-25T18:42:58.1145672Z   Downloading pluggy-1.6.0-py3-none-any.whl.metadata (4.8 kB)
2025-07-25T18:42:58.1394892Z Collecting pyproject-api>=1.9.1 (from tox)
2025-07-25T18:42:58.1454061Z   Downloading pyproject_api-1.9.1-py3-none-any.whl.metadata (2.7 kB)
2025-07-25T18:42:58.2506191Z Collecting virtualenv>=20.31.2 (from tox)
2025-07-25T18:42:58.2591045Z   Downloading virtualenv-20.32.0-py3-none-any.whl.metadata (4.5 kB)
2025-07-25T18:42:58.3169092Z Collecting distlib<1,>=0.3.7 (from virtualenv>=20.31.2->tox)
2025-07-25T18:42:58.3219969Z   Downloading distlib-0.4.0-py2.py3-none-any.whl.metadata (5.2 kB)
2025-07-25T18:42:58.3514976Z Downloading tox-4.28.2-py3-none-any.whl (174 kB)
2025-07-25T18:42:58.3623097Z Downloading cachetools-6.1.0-py3-none-any.whl (11 kB)
2025-07-25T18:42:58.3719658Z Downloading chardet-5.2.0-py3-none-any.whl (199 kB)
2025-07-25T18:42:58.3822694Z Downloading colorama-0.4.6-py2.py3-none-any.whl (25 kB)
2025-07-25T18:42:58.3933034Z Downloading filelock-3.18.0-py3-none-any.whl (16 kB)
2025-07-25T18:42:58.4042588Z Downloading packaging-25.0-py3-none-any.whl (66 kB)
2025-07-25T18:42:58.4134947Z Downloading platformdirs-4.3.8-py3-none-any.whl (18 kB)
2025-07-25T18:42:58.4207653Z Downloading pluggy-1.6.0-py3-none-any.whl (20 kB)
2025-07-25T18:42:58.4324833Z Downloading pyproject_api-1.9.1-py3-none-any.whl (13 kB)
2025-07-25T18:42:58.4414714Z Downloading virtualenv-20.32.0-py3-none-any.whl (6.1 MB)
2025-07-25T18:42:58.4911611Z    ━━━━━━━━━━━━━━━━━━━━━━━━━━━━━━━━━━━━━━━━ 6.1/6.1 MB 144.1 MB/s eta 0:00:00
2025-07-25T18:42:58.4962429Z Downloading distlib-0.4.0-py2.py3-none-any.whl (469 kB)
2025-07-25T18:42:58.6318970Z Installing collected packages: distlib, pluggy, platformdirs, packaging, filelock, colorama, chardet, cachetools, virtualenv, pyproject-api, tox
2025-07-25T18:42:59.5759534Z 
2025-07-25T18:42:59.5799853Z Successfully installed cachetools-6.1.0 chardet-5.2.0 colorama-0.4.6 distlib-0.4.0 filelock-3.18.0 packaging-25.0 platformdirs-4.3.8 pluggy-1.6.0 pyproject-api-1.9.1 tox-4.28.2 virtualenv-20.32.0
2025-07-25T18:42:59.6079771Z ##[group]Run tox -e py -- --cov-report=xml
2025-07-25T18:42:59.6080114Z [36;1mtox -e py -- --cov-report=xml[0m
2025-07-25T18:42:59.6107560Z shell: /usr/bin/bash -e {0}
2025-07-25T18:42:59.6107780Z env:
2025-07-25T18:42:59.6108005Z   pythonLocation: /opt/hostedtoolcache/PyPy/3.11.13/x64
2025-07-25T18:42:59.6108351Z   Python_ROOT_DIR: /opt/hostedtoolcache/PyPy/3.11.13/x64
2025-07-25T18:42:59.6108669Z   Python2_ROOT_DIR: /opt/hostedtoolcache/PyPy/3.11.13/x64
2025-07-25T18:42:59.6108994Z   Python3_ROOT_DIR: /opt/hostedtoolcache/PyPy/3.11.13/x64
2025-07-25T18:42:59.6109369Z   PKG_CONFIG_PATH: /opt/hostedtoolcache/PyPy/3.11.13/x64/bin/lib/pkgconfig
2025-07-25T18:42:59.6109688Z ##[endgroup]
2025-07-25T18:43:00.7029825Z py: install_deps> python -I -m pip install pytest pytest-cov pytest-mock
2025-07-25T18:43:04.8868169Z .pkg: install_requires> python -I -m pip install 'setuptools>=46.4.0' versioningit
2025-07-25T18:43:06.5750389Z .pkg: _optional_hooks> python /opt/hostedtoolcache/PyPy/3.11.13/x64/lib/pypy3.11/site-packages/pyproject_api/_backend.py True setuptools.build_meta
2025-07-25T18:43:07.0025012Z .pkg: get_requires_for_build_sdist> python /opt/hostedtoolcache/PyPy/3.11.13/x64/lib/pypy3.11/site-packages/pyproject_api/_backend.py True setuptools.build_meta
2025-07-25T18:43:07.4854916Z .pkg: get_requires_for_build_wheel> python /opt/hostedtoolcache/PyPy/3.11.13/x64/lib/pypy3.11/site-packages/pyproject_api/_backend.py True setuptools.build_meta
2025-07-25T18:43:07.9238502Z .pkg: freeze> python -m pip freeze --all
2025-07-25T18:43:08.4334061Z .pkg: cffi==1.18.0.dev0,greenlet==0.4.13,hpy==0.9.1.dev61+g79fb330d,packaging==25.0,pip==25.1.1,setuptools==80.9.0,versioningit==3.3.0
2025-07-25T18:43:08.4343229Z .pkg: prepare_metadata_for_build_wheel> python /opt/hostedtoolcache/PyPy/3.11.13/x64/lib/pypy3.11/site-packages/pyproject_api/_backend.py True setuptools.build_meta
2025-07-25T18:43:08.9043249Z .pkg: build_sdist> python /opt/hostedtoolcache/PyPy/3.11.13/x64/lib/pypy3.11/site-packages/pyproject_api/_backend.py True setuptools.build_meta
2025-07-25T18:43:09.4066595Z py: install_package_deps> python -I -m pip install 'PyYAML>=5.0' 'click-loglevel~=0.2' 'click>=7.0' 'ghtoken~=0.1' 'in_place~=1.0' 'pydantic~=2.0' 'python-dateutil~=2.7' 'python-dotenv<2.0,>=0.11' 'requests~=2.20'
2025-07-25T18:43:27.6699719Z py: install_package> python -I -m pip install --force-reinstall --no-deps /home/runner/work/tinuous/tinuous/.tox/.tmp/package/1/tinuous-0.7.0.post17+gf564103.tar.gz
2025-07-25T18:43:31.7818997Z py: freeze> python -m pip freeze --all
2025-07-25T18:43:32.3270276Z py: annotated-types==0.7.0,certifi==2025.7.14,cffi==1.18.0.dev0,charset-normalizer==3.4.2,click==8.2.1,click-loglevel==0.6.1,coverage==7.10.0,ghtoken==0.1.2,greenlet==0.4.13,hpy==0.9.1.dev61+g79fb330d,idna==3.10,in_place==1.0.1,iniconfig==2.1.0,packaging==25.0,pip==25.1.1,pluggy==1.6.0,pydantic==2.11.7,pydantic_core==2.33.2,Pygments==2.19.2,pytest==8.4.1,pytest-cov==6.2.1,pytest-mock==3.14.1,python-dateutil==2.9.0.post0,python-dotenv==1.1.1,PyYAML==6.0.2,requests==2.32.4,ruamel.yaml==0.18.14,setuptools==80.9.0,six==1.17.0,tinuous @ file:///home/runner/work/tinuous/tinuous/.tox/.tmp/package/1/tinuous-0.7.0.post17%2Bgf564103.tar.gz#sha256=76c2937ba8859fed03db0af07e1fc37e0baaa98c7c775052d09ea0182b537c25,typing-inspection==0.4.1,typing_extensions==4.14.1,urllib3==2.5.0
2025-07-25T18:43:32.3280873Z py: commands[0]> tinuous --help
2025-07-25T18:43:32.9977876Z Usage: tinuous [OPTIONS] COMMAND [ARGS]...
2025-07-25T18:43:32.9978332Z 
2025-07-25T18:43:32.9978747Z   Download build logs from GitHub Actions, Travis, Appveyor, and CircleCI
2025-07-25T18:43:32.9979370Z 
2025-07-25T18:43:32.9979517Z Options:
2025-07-25T18:43:32.9980008Z   -V, --version                   Show the version and exit.
2025-07-25T18:43:32.9980849Z   -c, --config FILE               Read configuration from the given file
2025-07-25T18:43:32.9981571Z                                   [default: tinuous.yaml]
2025-07-25T18:43:32.9982733Z   -E, --env FILE                  Load environment variables from given .env
2025-07-25T18:43:32.9983601Z                                   file
2025-07-25T18:43:32.9984066Z   -l, --log-level [NOTSET|DEBUG|INFO|WARNING|ERROR|CRITICAL]
2025-07-25T18:43:32.9984451Z                                   Set logging level  [default: INFO]
2025-07-25T18:43:32.9984816Z   --help                          Show this message and exit.
2025-07-25T18:43:32.9985059Z 
2025-07-25T18:43:32.9985139Z Commands:
2025-07-25T18:43:32.9985347Z   fetch         Download logs
2025-07-25T18:43:32.9985648Z   fetch-commit  Download logs for a specific commit
2025-07-25T18:43:32.9985999Z   sanitize      Sanitize secrets in logs
2025-07-25T18:43:33.0062465Z py: commands[1]> pytest --cov-report=xml test
2025-07-25T18:43:36.5054163Z ============================= test session starts ==============================
2025-07-25T18:43:36.5055135Z platform linux -- Python 3.11.13[pypy-7.3.20-final], pytest-8.4.1, pluggy-1.6.0
2025-07-25T18:43:36.5055821Z cachedir: .tox/py/.pytest_cache
2025-07-25T18:43:36.5056254Z rootdir: /home/runner/work/tinuous/tinuous
2025-07-25T18:43:36.5056731Z configfile: tox.ini
2025-07-25T18:43:36.5057092Z plugins: cov-6.2.1, mock-3.14.1
2025-07-25T18:43:36.5057450Z collected 64 items
2025-07-25T18:43:36.5057645Z 
2025-07-25T18:43:36.6481633Z test/test_base.py .........                                              [ 14%]
2025-07-25T18:43:36.7506937Z test/test_config.py ........                                             [ 26%]
2025-07-25T18:43:36.9024499Z test/test_state.py ........                                              [ 39%]
2025-07-25T18:43:38.2932073Z test/test_util.py .......................................                [100%]
2025-07-25T18:43:38.2932645Z 
2025-07-25T18:43:38.2932855Z ================================ tests coverage ================================
2025-07-25T18:43:38.2934090Z _______________ coverage: platform linux, python 3.11.13-final-0 _______________
2025-07-25T18:43:38.2934410Z 
2025-07-25T18:43:38.2934549Z Coverage XML written to file coverage.xml
2025-07-25T18:43:38.2934895Z ============================== 64 passed in 4.23s ==============================
2025-07-25T18:43:38.3100222Z   py: OK (38.19=setup[32.21]+cmd[0.68,5.30] seconds)
2025-07-25T18:43:38.3100709Z   congratulations :) (38.36 seconds)
2025-07-25T18:43:38.3431868Z ##[group]Run codecov/codecov-action@v5
2025-07-25T18:43:38.3432142Z with:
2025-07-25T18:43:38.3432314Z   fail_ci_if_error: false
2025-07-25T18:43:38.3432694Z   token: ***
2025-07-25T18:43:38.3432890Z   name: pypy-3.11
2025-07-25T18:43:38.3433075Z   disable_file_fixes: false
2025-07-25T18:43:38.3433291Z   disable_search: false
2025-07-25T18:43:38.3433649Z   disable_safe_directory: false
2025-07-25T18:43:38.3433864Z   disable_telem: false
2025-07-25T18:43:38.3434047Z   dry_run: false
2025-07-25T18:43:38.3434218Z   git_service: github
2025-07-25T18:43:38.3434419Z   gcov_executable: gcov
2025-07-25T18:43:38.3434616Z   handle_no_reports_found: false
2025-07-25T18:43:38.3434841Z   recurse_submodules: false
2025-07-25T18:43:38.3435056Z   run_command: upload-coverage
2025-07-25T18:43:38.3435262Z   skip_validation: false
2025-07-25T18:43:38.3435469Z   use_legacy_upload_endpoint: false
2025-07-25T18:43:38.3435687Z   use_oidc: false
2025-07-25T18:43:38.3435850Z   use_pypi: false
2025-07-25T18:43:38.3436040Z   verbose: false
2025-07-25T18:43:38.3436207Z   version: latest
2025-07-25T18:43:38.3436368Z env:
2025-07-25T18:43:38.3436585Z   pythonLocation: /opt/hostedtoolcache/PyPy/3.11.13/x64
2025-07-25T18:43:38.3436928Z   Python_ROOT_DIR: /opt/hostedtoolcache/PyPy/3.11.13/x64
2025-07-25T18:43:38.3437255Z   Python2_ROOT_DIR: /opt/hostedtoolcache/PyPy/3.11.13/x64
2025-07-25T18:43:38.3437571Z   Python3_ROOT_DIR: /opt/hostedtoolcache/PyPy/3.11.13/x64
2025-07-25T18:43:38.3437940Z   PKG_CONFIG_PATH: /opt/hostedtoolcache/PyPy/3.11.13/x64/bin/lib/pkgconfig
2025-07-25T18:43:38.3438265Z ##[endgroup]
2025-07-25T18:43:38.3506425Z ##[group]Run CC_ACTION_VERSION=$(cat ${GITHUB_ACTION_PATH}/src/version)
2025-07-25T18:43:38.3506854Z [36;1mCC_ACTION_VERSION=$(cat ${GITHUB_ACTION_PATH}/src/version)[0m
2025-07-25T18:43:38.3507256Z [36;1mecho -e "\033[0;32m==>\033[0m Running Action version $CC_ACTION_VERSION"[0m
2025-07-25T18:43:38.3536028Z shell: /usr/bin/bash --noprofile --norc -e -o pipefail {0}
2025-07-25T18:43:38.3536351Z env:
2025-07-25T18:43:38.3536590Z   pythonLocation: /opt/hostedtoolcache/PyPy/3.11.13/x64
2025-07-25T18:43:38.3536934Z   Python_ROOT_DIR: /opt/hostedtoolcache/PyPy/3.11.13/x64
2025-07-25T18:43:38.3537285Z   Python2_ROOT_DIR: /opt/hostedtoolcache/PyPy/3.11.13/x64
2025-07-25T18:43:38.3537608Z   Python3_ROOT_DIR: /opt/hostedtoolcache/PyPy/3.11.13/x64
2025-07-25T18:43:38.3537981Z   PKG_CONFIG_PATH: /opt/hostedtoolcache/PyPy/3.11.13/x64/bin/lib/pkgconfig
2025-07-25T18:43:38.3538305Z ##[endgroup]
2025-07-25T18:43:38.3599243Z [0;32m==>[0m Running Action version 5.4.3
2025-07-25T18:43:38.3641763Z ##[group]Run git config --global --add safe.directory "/home/runner/work/tinuous/tinuous"
2025-07-25T18:43:38.3642278Z [36;1mgit config --global --add safe.directory "/home/runner/work/tinuous/tinuous"[0m
2025-07-25T18:43:38.3642717Z [36;1mgit config --global --add safe.directory "$GITHUB_WORKSPACE"[0m
2025-07-25T18:43:38.3668349Z shell: /usr/bin/bash --noprofile --norc -e -o pipefail {0}
2025-07-25T18:43:38.3668656Z env:
2025-07-25T18:43:38.3668881Z   pythonLocation: /opt/hostedtoolcache/PyPy/3.11.13/x64
2025-07-25T18:43:38.3669216Z   Python_ROOT_DIR: /opt/hostedtoolcache/PyPy/3.11.13/x64
2025-07-25T18:43:38.3669546Z   Python2_ROOT_DIR: /opt/hostedtoolcache/PyPy/3.11.13/x64
2025-07-25T18:43:38.3669871Z   Python3_ROOT_DIR: /opt/hostedtoolcache/PyPy/3.11.13/x64
2025-07-25T18:43:38.3670238Z   PKG_CONFIG_PATH: /opt/hostedtoolcache/PyPy/3.11.13/x64/bin/lib/pkgconfig
2025-07-25T18:43:38.3670559Z ##[endgroup]
2025-07-25T18:43:38.3763068Z ##[group]Run CC_FORK="false"
2025-07-25T18:43:38.3763646Z [36;1mCC_FORK="false"[0m
2025-07-25T18:43:38.3764148Z [36;1mif [ -n "$GITHUB_EVENT_PULL_REQUEST_HEAD_REPO_FULL_NAME" ] && [ "$GITHUB_EVENT_PULL_REQUEST_HEAD_REPO_FULL_NAME" != "$GITHUB_REPOSITORY" ];[0m
2025-07-25T18:43:38.3764665Z [36;1mthen[0m
2025-07-25T18:43:38.3764877Z [36;1m  echo -e "\033[0;32m==>\033[0m Fork detected"[0m
2025-07-25T18:43:38.3765137Z [36;1m  CC_FORK="true"[0m
2025-07-25T18:43:38.3765505Z [36;1mfi[0m
2025-07-25T18:43:38.3765725Z [36;1mecho "CC_FORK=$CC_FORK" >> "$GITHUB_ENV"[0m
2025-07-25T18:43:38.3790154Z shell: /usr/bin/bash --noprofile --norc -e -o pipefail {0}
2025-07-25T18:43:38.3790450Z env:
2025-07-25T18:43:38.3790682Z   pythonLocation: /opt/hostedtoolcache/PyPy/3.11.13/x64
2025-07-25T18:43:38.3791041Z   Python_ROOT_DIR: /opt/hostedtoolcache/PyPy/3.11.13/x64
2025-07-25T18:43:38.3791362Z   Python2_ROOT_DIR: /opt/hostedtoolcache/PyPy/3.11.13/x64
2025-07-25T18:43:38.3791696Z   Python3_ROOT_DIR: /opt/hostedtoolcache/PyPy/3.11.13/x64
2025-07-25T18:43:38.3792089Z   PKG_CONFIG_PATH: /opt/hostedtoolcache/PyPy/3.11.13/x64/bin/lib/pkgconfig
2025-07-25T18:43:38.3792463Z   GITHUB_EVENT_PULL_REQUEST_HEAD_LABEL: con:bf-circleci
2025-07-25T18:43:38.3792789Z   GITHUB_EVENT_PULL_REQUEST_HEAD_REPO_FULL_NAME: con/tinuous
2025-07-25T18:43:38.3793089Z   GITHUB_REPOSITORY: con/tinuous
2025-07-25T18:43:38.3793300Z ##[endgroup]
2025-07-25T18:43:38.3886065Z ##[group]Run actions/github-script@v7
2025-07-25T18:43:38.3886304Z with:
2025-07-25T18:43:38.3886811Z   script: if (process.env.CC_USE_OIDC === 'true' && process.env.CC_FORK != 'true') {
  const id_token = await core.getIDToken(process.env.CC_OIDC_AUDIENCE)
  return id_token
}

2025-07-25T18:43:38.3887515Z   github-token: ***
2025-07-25T18:43:38.3887692Z   debug: false
2025-07-25T18:43:38.3887881Z   user-agent: actions/github-script
2025-07-25T18:43:38.3888115Z   result-encoding: json
2025-07-25T18:43:38.3888296Z   retries: 0
2025-07-25T18:43:38.3888494Z   retry-exempt-status-codes: 400,401,403,404,422
2025-07-25T18:43:38.3888746Z env:
2025-07-25T18:43:38.3888964Z   pythonLocation: /opt/hostedtoolcache/PyPy/3.11.13/x64
2025-07-25T18:43:38.3889295Z   Python_ROOT_DIR: /opt/hostedtoolcache/PyPy/3.11.13/x64
2025-07-25T18:43:38.3889614Z   Python2_ROOT_DIR: /opt/hostedtoolcache/PyPy/3.11.13/x64
2025-07-25T18:43:38.3889937Z   Python3_ROOT_DIR: /opt/hostedtoolcache/PyPy/3.11.13/x64
2025-07-25T18:43:38.3890314Z   PKG_CONFIG_PATH: /opt/hostedtoolcache/PyPy/3.11.13/x64/bin/lib/pkgconfig
2025-07-25T18:43:38.3890629Z   CC_FORK: false
2025-07-25T18:43:38.3890826Z   CC_OIDC_AUDIENCE: https://codecov.io
2025-07-25T18:43:38.3891060Z   CC_USE_OIDC: false
2025-07-25T18:43:38.3891241Z ##[endgroup]
2025-07-25T18:43:38.4824916Z ##[group]Run if [ "false" == 'true' ] && [ "$CC_FORK" != 'true' ];
2025-07-25T18:43:38.4825299Z [36;1mif [ "false" == 'true' ] && [ "$CC_FORK" != 'true' ];[0m
2025-07-25T18:43:38.4825571Z [36;1mthen[0m
2025-07-25T18:43:38.4825792Z [36;1m  echo "CC_TOKEN=$CC_OIDC_TOKEN" >> "$GITHUB_ENV"[0m
2025-07-25T18:43:38.4826083Z [36;1melif [ -n "" ];[0m
2025-07-25T18:43:38.4826270Z [36;1mthen[0m
2025-07-25T18:43:38.4826485Z [36;1m  echo -e "\033[0;32m==>\033[0m Token set from env"[0m
2025-07-25T18:43:38.4826772Z [36;1m    echo "CC_TOKEN=" >> "$GITHUB_ENV"[0m
2025-07-25T18:43:38.4827001Z [36;1melse[0m
2025-07-25T18:43:38.4827329Z [36;1m  if [ -n "***" ];[0m
2025-07-25T18:43:38.4827529Z [36;1m  then[0m
2025-07-25T18:43:38.4827761Z [36;1m    echo -e "\033[0;32m==>\033[0m Token set from input"[0m
2025-07-25T18:43:38.4828151Z [36;1m    CC_TOKEN=$(echo "***" | tr -d '\n')[0m
2025-07-25T18:43:38.4828434Z [36;1m    echo "CC_TOKEN=$CC_TOKEN" >> "$GITHUB_ENV"[0m
2025-07-25T18:43:38.4828683Z [36;1m  fi[0m
2025-07-25T18:43:38.4828844Z [36;1mfi[0m
2025-07-25T18:43:38.4855772Z shell: /usr/bin/bash --noprofile --norc -e -o pipefail {0}
2025-07-25T18:43:38.4856075Z env:
2025-07-25T18:43:38.4856309Z   pythonLocation: /opt/hostedtoolcache/PyPy/3.11.13/x64
2025-07-25T18:43:38.4856639Z   Python_ROOT_DIR: /opt/hostedtoolcache/PyPy/3.11.13/x64
2025-07-25T18:43:38.4857118Z   Python2_ROOT_DIR: /opt/hostedtoolcache/PyPy/3.11.13/x64
2025-07-25T18:43:38.4857438Z   Python3_ROOT_DIR: /opt/hostedtoolcache/PyPy/3.11.13/x64
2025-07-25T18:43:38.4857809Z   PKG_CONFIG_PATH: /opt/hostedtoolcache/PyPy/3.11.13/x64/bin/lib/pkgconfig
2025-07-25T18:43:38.4858126Z   CC_FORK: false
2025-07-25T18:43:38.4858298Z   CC_OIDC_TOKEN: 
2025-07-25T18:43:38.4858651Z   CC_OIDC_AUDIENCE: https://codecov.io
2025-07-25T18:43:38.4858891Z ##[endgroup]
2025-07-25T18:43:38.4905069Z [0;32m==>[0m Token set from input
2025-07-25T18:43:38.4941411Z ##[group]Run if [ -z "$CC_BRANCH" ] && [ -z "$CC_TOKEN" ] && [ "$CC_FORK" == 'true' ]
2025-07-25T18:43:38.4941836Z [36;1mif [ -z "$CC_BRANCH" ] && [ -z "$CC_TOKEN" ] && [ "$CC_FORK" == 'true' ][0m
2025-07-25T18:43:38.4942155Z [36;1mthen[0m
2025-07-25T18:43:38.4942531Z [36;1m  echo -e "\033[0;32m==>\033[0m Fork detected, setting branch to $GITHUB_EVENT_PULL_REQUEST_HEAD_LABEL"[0m
2025-07-25T18:43:38.4943007Z [36;1m  TOKENLESS="$GITHUB_EVENT_PULL_REQUEST_HEAD_LABEL"[0m
2025-07-25T18:43:38.4943341Z [36;1m  CC_BRANCH="$GITHUB_EVENT_PULL_REQUEST_HEAD_LABEL"[0m
2025-07-25T18:43:38.4943865Z [36;1m  echo "TOKENLESS=$TOKENLESS" >> "$GITHUB_ENV"[0m
2025-07-25T18:43:38.4944119Z [36;1mfi[0m
2025-07-25T18:43:38.4944280Z [36;1m[0m
2025-07-25T18:43:38.4944480Z [36;1mecho "CC_BRANCH=$CC_BRANCH" >> "$GITHUB_ENV"[0m
2025-07-25T18:43:38.4969108Z shell: /usr/bin/bash --noprofile --norc -e -o pipefail {0}
2025-07-25T18:43:38.4969409Z env:
2025-07-25T18:43:38.4969639Z   pythonLocation: /opt/hostedtoolcache/PyPy/3.11.13/x64
2025-07-25T18:43:38.4969973Z   Python_ROOT_DIR: /opt/hostedtoolcache/PyPy/3.11.13/x64
2025-07-25T18:43:38.4970302Z   Python2_ROOT_DIR: /opt/hostedtoolcache/PyPy/3.11.13/x64
2025-07-25T18:43:38.4970621Z   Python3_ROOT_DIR: /opt/hostedtoolcache/PyPy/3.11.13/x64
2025-07-25T18:43:38.4970983Z   PKG_CONFIG_PATH: /opt/hostedtoolcache/PyPy/3.11.13/x64/bin/lib/pkgconfig
2025-07-25T18:43:38.4971303Z   CC_FORK: false
2025-07-25T18:43:38.4971564Z   CC_TOKEN: ***
2025-07-25T18:43:38.4971722Z   CC_BRANCH: 
2025-07-25T18:43:38.4971939Z   GITHUB_EVENT_PULL_REQUEST_HEAD_LABEL: con:bf-circleci
2025-07-25T18:43:38.4972262Z   GITHUB_EVENT_PULL_REQUEST_HEAD_REPO_FULL_NAME: con/tinuous
2025-07-25T18:43:38.4972553Z   GITHUB_REPOSITORY: con/tinuous
2025-07-25T18:43:38.4972759Z ##[endgroup]
2025-07-25T18:43:38.5036011Z ##[group]Run if [ -z "$CC_SHA" ];
2025-07-25T18:43:38.5036277Z [36;1mif [ -z "$CC_SHA" ];[0m
2025-07-25T18:43:38.5036486Z [36;1mthen[0m
2025-07-25T18:43:38.5036702Z [36;1m  CC_SHA="$GITHUB_EVENT_PULL_REQUEST_HEAD_SHA"[0m
2025-07-25T18:43:38.5036972Z [36;1mfi[0m
2025-07-25T18:43:38.5037217Z [36;1mif [ -z "$CC_PR" ] && [ "${GITHUB_EVENT_NAME}" == "pull_request_target" ];[0m
2025-07-25T18:43:38.5037530Z [36;1mthen[0m
2025-07-25T18:43:38.5037714Z [36;1m  CC_PR="$GITHUB_EVENT_NUMBER"[0m
2025-07-25T18:43:38.5037944Z [36;1mfi[0m
2025-07-25T18:43:38.5038098Z [36;1m[0m
2025-07-25T18:43:38.5038282Z [36;1mecho "CC_SHA=$CC_SHA" >> "$GITHUB_ENV"[0m
2025-07-25T18:43:38.5038560Z [36;1mecho "CC_PR=$CC_PR" >> "$GITHUB_ENV"[0m
2025-07-25T18:43:38.5062993Z shell: /usr/bin/bash --noprofile --norc -e -o pipefail {0}
2025-07-25T18:43:38.5063293Z env:
2025-07-25T18:43:38.5063736Z   pythonLocation: /opt/hostedtoolcache/PyPy/3.11.13/x64
2025-07-25T18:43:38.5064083Z   Python_ROOT_DIR: /opt/hostedtoolcache/PyPy/3.11.13/x64
2025-07-25T18:43:38.5064407Z   Python2_ROOT_DIR: /opt/hostedtoolcache/PyPy/3.11.13/x64
2025-07-25T18:43:38.5064743Z   Python3_ROOT_DIR: /opt/hostedtoolcache/PyPy/3.11.13/x64
2025-07-25T18:43:38.5065117Z   PKG_CONFIG_PATH: /opt/hostedtoolcache/PyPy/3.11.13/x64/bin/lib/pkgconfig
2025-07-25T18:43:38.5065434Z   CC_FORK: false
2025-07-25T18:43:38.5065689Z   CC_TOKEN: ***
2025-07-25T18:43:38.5065857Z   CC_BRANCH: 
2025-07-25T18:43:38.5066012Z   CC_PR: 
2025-07-25T18:43:38.5066158Z   CC_SHA: 
2025-07-25T18:43:38.5066319Z   GITHUB_EVENT_NAME: pull_request
2025-07-25T18:43:38.5066543Z   GITHUB_EVENT_NUMBER: 211
2025-07-25T18:43:38.5067008Z   GITHUB_EVENT_PULL_REQUEST_HEAD_SHA: 7a0283d1eb9dbdde6b16d23b2da347b946bf1b48
2025-07-25T18:43:38.5067340Z ##[endgroup]
2025-07-25T18:43:38.5137424Z ##[group]Run ${GITHUB_ACTION_PATH}/dist/codecov.sh
2025-07-25T18:43:38.5137753Z [36;1m${GITHUB_ACTION_PATH}/dist/codecov.sh[0m
2025-07-25T18:43:38.5162224Z shell: /usr/bin/bash --noprofile --norc -e -o pipefail {0}
2025-07-25T18:43:38.5162523Z env:
2025-07-25T18:43:38.5162888Z   pythonLocation: /opt/hostedtoolcache/PyPy/3.11.13/x64
2025-07-25T18:43:38.5163240Z   Python_ROOT_DIR: /opt/hostedtoolcache/PyPy/3.11.13/x64
2025-07-25T18:43:38.5163684Z   Python2_ROOT_DIR: /opt/hostedtoolcache/PyPy/3.11.13/x64
2025-07-25T18:43:38.5164001Z   Python3_ROOT_DIR: /opt/hostedtoolcache/PyPy/3.11.13/x64
2025-07-25T18:43:38.5164370Z   PKG_CONFIG_PATH: /opt/hostedtoolcache/PyPy/3.11.13/x64/bin/lib/pkgconfig
2025-07-25T18:43:38.5164693Z   CC_FORK: false
2025-07-25T18:43:38.5164939Z   CC_TOKEN: ***
2025-07-25T18:43:38.5165108Z   CC_BRANCH: 
2025-07-25T18:43:38.5165306Z   CC_SHA: 7a0283d1eb9dbdde6b16d23b2da347b946bf1b48
2025-07-25T18:43:38.5165557Z   CC_PR: 
2025-07-25T18:43:38.5165709Z   CC_BASE_SHA: 
2025-07-25T18:43:38.5165862Z   CC_BINARY: 
2025-07-25T18:43:38.5166017Z   CC_BUILD: 
2025-07-25T18:43:38.5166168Z   CC_BUILD_URL: 
2025-07-25T18:43:38.5166330Z   CC_CODE: 
2025-07-25T18:43:38.5166479Z   CC_DIR: 
2025-07-25T18:43:38.5166640Z   CC_DISABLE_FILE_FIXES: false
2025-07-25T18:43:38.5166859Z   CC_DISABLE_SEARCH: false
2025-07-25T18:43:38.5167056Z   CC_DISABLE_TELEM: false
2025-07-25T18:43:38.5167246Z   CC_DRY_RUN: false
2025-07-25T18:43:38.5167420Z   CC_ENTERPRISE_URL: 
2025-07-25T18:43:38.5167589Z   CC_ENV: 
2025-07-25T18:43:38.5167740Z   CC_EXCLUDES: 
2025-07-25T18:43:38.5167904Z   CC_FAIL_ON_ERROR: false
2025-07-25T18:43:38.5168086Z   CC_FILES: 
2025-07-25T18:43:38.5168240Z   CC_FLAGS: 
2025-07-25T18:43:38.5168411Z   CC_FORCE: 
2025-07-25T18:43:38.5168564Z   CC_GCOV_ARGS: 
2025-07-25T18:43:38.5168741Z   CC_GCOV_EXECUTABLE: gcov
2025-07-25T18:43:38.5168955Z   CC_GCOV_IGNORE: 
2025-07-25T18:43:38.5169122Z   CC_GCOV_INCLUDE: 
2025-07-25T18:43:38.5169293Z   CC_GIT_SERVICE: github
2025-07-25T18:43:38.5169488Z   CC_HANDLE_NO_REPORTS_FOUND: false
2025-07-25T18:43:38.5169707Z   CC_JOB_CODE: 
2025-07-25T18:43:38.5169871Z   CC_LEGACY: false
2025-07-25T18:43:38.5170040Z   CC_NAME: pypy-3.11
2025-07-25T18:43:38.5170218Z   CC_NETWORK_FILTER: 
2025-07-25T18:43:38.5170404Z   CC_NETWORK_PREFIX: 
2025-07-25T18:43:38.5170613Z   CC_NETWORK_ROOT_FOLDER: 
2025-07-25T18:43:38.5170799Z   CC_OS: 
2025-07-25T18:43:38.5170946Z   CC_PARENT_SHA: 
2025-07-25T18:43:38.5171116Z   CC_PLUGINS: 
2025-07-25T18:43:38.5171293Z   CC_RECURSE_SUBMODULES: false
2025-07-25T18:43:38.5171491Z   CC_REPORT_TYPE: 
2025-07-25T18:43:38.5171673Z   CC_RUN_CMD: upload-coverage
2025-07-25T18:43:38.5171870Z   CC_SERVICE: github
2025-07-25T18:43:38.5172054Z   CC_SKIP_VALIDATION: false
2025-07-25T18:43:38.5172246Z   CC_SLUG: 
2025-07-25T18:43:38.5172394Z   CC_SWIFT_PROJECT: 
2025-07-25T18:43:38.5172574Z   CC_USE_PYPI: false
2025-07-25T18:43:38.5172741Z   CC_VERBOSE: false
2025-07-25T18:43:38.5172907Z   CC_VERSION: latest
2025-07-25T18:43:38.5173074Z   CC_YML_PATH: 
2025-07-25T18:43:38.5173231Z ##[endgroup]
2025-07-25T18:43:38.5237631Z      _____          _
2025-07-25T18:43:38.5237959Z     / ____|        | |
2025-07-25T18:43:38.5238283Z    | |     ___   __| | ___  ___ _____   __
2025-07-25T18:43:38.5238635Z    | |    / _ \ / _` |/ _ \/ __/ _ \ \ / /
2025-07-25T18:43:38.5238894Z    | |___| (_) | (_| |  __/ (_| (_) \ V /
2025-07-25T18:43:38.5239150Z     \_____\___/ \__,_|\___|\___\___/ \_/
2025-07-25T18:43:38.5239610Z                            [0;31m Wrapper-0.2.1[0m
2025-07-25T18:43:38.5239876Z                                   
2025-07-25T18:43:38.5290492Z [0;32m==>[0m Detected [0;36mlinux[0m
2025-07-25T18:43:38.5291090Z [0;32m ->[0m Downloading [0;36mhttps://cli.codecov.io/latest/linux/codecov[0m
2025-07-25T18:43:38.5340909Z   % Total    % Received % Xferd  Average Speed   Time    Time     Time  Current
2025-07-25T18:43:38.5341834Z                                  Dload  Upload   Total   Spent    Left  Speed
2025-07-25T18:43:38.5342193Z 
2025-07-25T18:43:38.6645274Z   0     0    0     0    0     0      0      0 --:--:-- --:--:-- --:--:--     0
2025-07-25T18:43:38.6646038Z 100 10.6M  100 10.6M    0     0  81.7M      0 --:--:-- --:--:-- --:--:-- 82.0M
2025-07-25T18:43:38.6671167Z [0;32m==>[0m Finishing downloading [0;36mlinux:latest[0m
2025-07-25T18:43:38.7174361Z       Version: [0;36mv11.0.3[0m
2025-07-25T18:43:38.7174720Z  
2025-07-25T18:43:39.0341930Z gpg: directory '/home/runner/.gnupg' created
2025-07-25T18:43:39.0376379Z gpg: keybox '/home/runner/.gnupg/pubring.kbx' created
2025-07-25T18:43:39.0524849Z gpg: /home/runner/.gnupg/trustdb.gpg: trustdb created
2025-07-25T18:43:39.0526985Z gpg: key 806BB28AED779869: public key "Codecov Uploader (Codecov Uploader Verification Key) <security@codecov.io>" imported
2025-07-25T18:43:39.0884315Z gpg: Total number processed: 1
2025-07-25T18:43:39.0884789Z gpg:               imported: 1
2025-07-25T18:43:39.0891767Z [0;32m==>[0m Verifying GPG signature integrity
2025-07-25T18:43:39.0892663Z [0;32m ->[0m Downloading [0;36mhttps://cli.codecov.io/latest/linux/codecov.SHA256SUM[0m
2025-07-25T18:43:39.0893919Z [0;32m ->[0m Downloading [0;36mhttps://cli.codecov.io/latest/linux/codecov.SHA256SUM.sig[0m
2025-07-25T18:43:39.0894569Z  
2025-07-25T18:43:39.1895419Z gpg: Signature made Thu May 29 21:23:31 2025 UTC
2025-07-25T18:43:39.1896122Z gpg:                using RSA key 27034E7FDB850E0BBC2C62FF806BB28AED779869
2025-07-25T18:43:39.1898232Z gpg: Good signature from "Codecov Uploader (Codecov Uploader Verification Key) <security@codecov.io>" [unknown]
2025-07-25T18:43:39.1899486Z gpg: WARNING: This key is not certified with a trusted signature!
2025-07-25T18:43:39.1900377Z gpg:          There is no indication that the signature belongs to the owner.
2025-07-25T18:43:39.1901320Z Primary key fingerprint: 2703 4E7F DB85 0E0B BC2C  62FF 806B B28A ED77 9869
2025-07-25T18:43:39.2604522Z codecov: OK
2025-07-25T18:43:39.2614178Z [0;32m==>[0m CLI integrity verified
2025-07-25T18:43:39.2614503Z 
2025-07-25T18:43:39.2690796Z [0;32m ->[0m Token of length 36 detected
2025-07-25T18:43:39.3221218Z [0;32m==>[0m Running upload-coverage
2025-07-25T18:43:39.3230340Z       [0;36m./codecov  upload-coverage -t <redacted> --git-service github --sha 7a0283d1eb9dbdde6b16d23b2da347b946bf1b48 --gcov-executable gcov --name pypy-3.11[0m
2025-07-25T18:43:39.6678812Z info - 2025-07-25 18:43:39,667 -- ci service found: github-actions
2025-07-25T18:43:39.7084952Z warning - 2025-07-25 18:43:39,708 -- xcrun is not installed or can't be found.
2025-07-25T18:43:39.7767781Z warning - 2025-07-25 18:43:39,776 -- No gcov data found.
2025-07-25T18:43:39.7771303Z warning - 2025-07-25 18:43:39,776 -- coverage.py is not installed or can't be found.
2025-07-25T18:43:39.7938400Z info - 2025-07-25 18:43:39,793 -- Found 1 coverage files to report
2025-07-25T18:43:39.7939503Z info - 2025-07-25 18:43:39,793 -- > /home/runner/work/tinuous/tinuous/coverage.xml
2025-07-25T18:43:40.3064549Z info - 2025-07-25 18:43:40,306 -- Your upload is now processing. When finished, results will be available at: https://app.codecov.io/github/con/tinuous/commit/7a0283d1eb9dbdde6b16d23b2da347b946bf1b48
2025-07-25T18:43:40.4662807Z info - 2025-07-25 18:43:40,466 -- Process Upload complete
2025-07-25T18:43:40.5781565Z Post job cleanup.
2025-07-25T18:43:40.7358548Z Post job cleanup.
2025-07-25T18:43:40.8281030Z [command]/usr/bin/git version
2025-07-25T18:43:40.8324825Z git version 2.50.1
2025-07-25T18:43:40.8361053Z Copying '/home/runner/.gitconfig' to '/home/runner/work/_temp/556de9d4-41ae-4a09-a215-770407c002ef/.gitconfig'
2025-07-25T18:43:40.8370546Z Temporarily overriding HOME='/home/runner/work/_temp/556de9d4-41ae-4a09-a215-770407c002ef' before making global git config changes
2025-07-25T18:43:40.8371725Z Adding repository directory to the temporary git global config as a safe directory
2025-07-25T18:43:40.8375699Z [command]/usr/bin/git config --global --add safe.directory /home/runner/work/tinuous/tinuous
2025-07-25T18:43:40.8409948Z [command]/usr/bin/git config --local --name-only --get-regexp core\.sshCommand
2025-07-25T18:43:40.8441714Z [command]/usr/bin/git submodule foreach --recursive sh -c "git config --local --name-only --get-regexp 'core\.sshCommand' && git config --local --unset-all 'core.sshCommand' || :"
2025-07-25T18:43:40.8669125Z [command]/usr/bin/git config --local --name-only --get-regexp http\.https\:\/\/github\.com\/\.extraheader
2025-07-25T18:43:40.8690057Z http.https://github.com/.extraheader
2025-07-25T18:43:40.8703288Z [command]/usr/bin/git config --local --unset-all http.https://github.com/.extraheader
2025-07-25T18:43:40.8733342Z [command]/usr/bin/git submodule foreach --recursive sh -c "git config --local --name-only --get-regexp 'http\.https\:\/\/github\.com\/\.extraheader' && git config --local --unset-all 'http.https://github.com/.extraheader' || :"
2025-07-25T18:43:40.9083996Z Cleaning up orphan processes
