2025-07-25T13:00:08.9310709Z Current runner version: '2.326.0'
2025-07-25T13:00:08.9338999Z ##[group]Runner Image Provisioner
2025-07-25T13:00:08.9339931Z Hosted Compute Agent
2025-07-25T13:00:08.9340540Z Version: 20250711.363
2025-07-25T13:00:08.9341102Z Commit: 6785254374ce925a23743850c1cb91912ce5c14c
2025-07-25T13:00:08.9341821Z Build Date: 2025-07-11T20:04:25Z
2025-07-25T13:00:08.9342418Z ##[endgroup]
2025-07-25T13:00:08.9342985Z ##[group]Operating System
2025-07-25T13:00:08.9343593Z Ubuntu
2025-07-25T13:00:08.9344057Z 24.04.2
2025-07-25T13:00:08.9344511Z LTS
2025-07-25T13:00:08.9345007Z ##[endgroup]
2025-07-25T13:00:08.9345815Z ##[group]Runner Image
2025-07-25T13:00:08.9346415Z Image: ubuntu-24.04
2025-07-25T13:00:08.9346874Z Version: 20250720.1.0
2025-07-25T13:00:08.9347947Z Included Software: https://github.com/actions/runner-images/blob/ubuntu24/20250720.1/images/ubuntu/Ubuntu2404-Readme.md
2025-07-25T13:00:08.9349424Z Image Release: https://github.com/actions/runner-images/releases/tag/ubuntu24%2F20250720.1
2025-07-25T13:00:08.9350421Z ##[endgroup]
2025-07-25T13:00:08.9353756Z ##[group]GITHUB_TOKEN Permissions
2025-07-25T13:00:08.9356720Z Actions: write
2025-07-25T13:00:08.9357583Z Attestations: write
2025-07-25T13:00:08.9358331Z Checks: write
2025-07-25T13:00:08.9359275Z Contents: write
2025-07-25T13:00:08.9360078Z Deployments: write
2025-07-25T13:00:08.9360834Z Discussions: write
2025-07-25T13:00:08.9361733Z Issues: write
2025-07-25T13:00:08.9362448Z Metadata: read
2025-07-25T13:00:08.9363201Z Models: read
2025-07-25T13:00:08.9364104Z Packages: write
2025-07-25T13:00:08.9364849Z Pages: write
2025-07-25T13:00:08.9365817Z PullRequests: write
2025-07-25T13:00:08.9366728Z RepositoryProjects: write
2025-07-25T13:00:08.9367632Z SecurityEvents: write
2025-07-25T13:00:08.9368553Z Statuses: write
2025-07-25T13:00:08.9369427Z ##[endgroup]
2025-07-25T13:00:08.9372329Z Secret source: Actions
2025-07-25T13:00:08.9373407Z Prepare workflow directory
2025-07-25T13:00:08.9874090Z Prepare all required actions
2025-07-25T13:00:08.9932950Z Getting action download info
2025-07-25T13:00:09.6199666Z ##[group]Download immutable action package 'actions/checkout@v4'
2025-07-25T13:00:09.6200607Z Version: 4.2.2
2025-07-25T13:00:09.6201716Z Digest: sha256:ccb2698953eaebd21c7bf6268a94f9c26518a7e38e27e0b83c1fe1ad049819b1
2025-07-25T13:00:09.6202906Z Source commit SHA: 11bd71901bbe5b1630ceea73d27597364c9af683
2025-07-25T13:00:09.6203559Z ##[endgroup]
2025-07-25T13:00:09.7073248Z ##[group]Download immutable action package 'actions/setup-python@v5'
2025-07-25T13:00:09.7074083Z Version: 5.6.0
2025-07-25T13:00:09.7074909Z Digest: sha256:0b35a0c11c97499e4e0576589036d450b9f5f9da74b7774225b3614b57324404
2025-07-25T13:00:09.7076289Z Source commit SHA: a26af69be951a213d495a4c3e4e4022e16d87065
2025-07-25T13:00:09.7077016Z ##[endgroup]
2025-07-25T13:00:10.5171191Z Download action repository 'codecov/codecov-action@v5' (SHA:18283e04ce6e62d37312384ff67231eb8fd56d24)
2025-07-25T13:00:10.9647881Z Getting action download info
2025-07-25T13:00:11.1986101Z ##[group]Download immutable action package 'actions/github-script@v7'
2025-07-25T13:00:11.1987151Z Version: 7.0.1
2025-07-25T13:00:11.1988080Z Digest: sha256:bce02966afe3a75123f766b765abe432fac5464b74976015dc06b811ac9054c7
2025-07-25T13:00:11.1989207Z Source commit SHA: 60a0d83039c74a4aee543508d2ffcb1c3799cdea
2025-07-25T13:00:11.1990038Z ##[endgroup]
2025-07-25T13:00:11.5353343Z Complete job name: test (3.11, py)
2025-07-25T13:00:11.6112305Z ##[group]Run actions/checkout@v4
2025-07-25T13:00:11.6113628Z with:
2025-07-25T13:00:11.6114315Z   fetch-depth: 0
2025-07-25T13:00:11.6115045Z   repository: con/tinuous
2025-07-25T13:00:11.6116278Z   token: ***
2025-07-25T13:00:11.6116961Z   ssh-strict: true
2025-07-25T13:00:11.6117646Z   ssh-user: git
2025-07-25T13:00:11.6118352Z   persist-credentials: true
2025-07-25T13:00:11.6119102Z   clean: true
2025-07-25T13:00:11.6119803Z   sparse-checkout-cone-mode: true
2025-07-25T13:00:11.6120586Z   fetch-tags: false
2025-07-25T13:00:11.6121288Z   show-progress: true
2025-07-25T13:00:11.6121990Z   lfs: false
2025-07-25T13:00:11.6122931Z   submodules: false
2025-07-25T13:00:11.6123636Z   set-safe-directory: true
2025-07-25T13:00:11.6124688Z ##[endgroup]
2025-07-25T13:00:11.7294025Z Syncing repository: con/tinuous
2025-07-25T13:00:11.7297271Z ##[group]Getting Git version info
2025-07-25T13:00:11.7298404Z Working directory is '/home/runner/work/tinuous/tinuous'
2025-07-25T13:00:11.7299946Z [command]/usr/bin/git version
2025-07-25T13:00:11.7314917Z git version 2.50.1
2025-07-25T13:00:11.7342533Z ##[endgroup]
2025-07-25T13:00:11.7358372Z Temporarily overriding HOME='/home/runner/work/_temp/4ec934bb-7d74-400b-906e-e4471c634264' before making global git config changes
2025-07-25T13:00:11.7361376Z Adding repository directory to the temporary git global config as a safe directory
2025-07-25T13:00:11.7364622Z [command]/usr/bin/git config --global --add safe.directory /home/runner/work/tinuous/tinuous
2025-07-25T13:00:11.7402335Z Deleting the contents of '/home/runner/work/tinuous/tinuous'
2025-07-25T13:00:11.7406840Z ##[group]Initializing the repository
2025-07-25T13:00:11.7411348Z [command]/usr/bin/git init /home/runner/work/tinuous/tinuous
2025-07-25T13:00:11.7475455Z hint: Using 'master' as the name for the initial branch. This default branch name
2025-07-25T13:00:11.7477594Z hint: is subject to change. To configure the initial branch name to use in all
2025-07-25T13:00:11.7479459Z hint: of your new repositories, which will suppress this warning, call:
2025-07-25T13:00:11.7481415Z hint:
2025-07-25T13:00:11.7482909Z hint: 	git config --global init.defaultBranch <name>
2025-07-25T13:00:11.7484576Z hint:
2025-07-25T13:00:11.7486528Z hint: Names commonly chosen instead of 'master' are 'main', 'trunk' and
2025-07-25T13:00:11.7488990Z hint: 'development'. The just-created branch can be renamed via this command:
2025-07-25T13:00:11.7490846Z hint:
2025-07-25T13:00:11.7492026Z hint: 	git branch -m <name>
2025-07-25T13:00:11.7493309Z hint:
2025-07-25T13:00:11.7494802Z hint: Disable this message with "git config set advice.defaultBranchName false"
2025-07-25T13:00:11.7497264Z Initialized empty Git repository in /home/runner/work/tinuous/tinuous/.git/
2025-07-25T13:00:11.7499573Z [command]/usr/bin/git remote add origin https://github.com/con/tinuous
2025-07-25T13:00:11.7525924Z ##[endgroup]
2025-07-25T13:00:11.7527932Z ##[group]Disabling automatic garbage collection
2025-07-25T13:00:11.7529893Z [command]/usr/bin/git config --local gc.auto 0
2025-07-25T13:00:11.7559163Z ##[endgroup]
2025-07-25T13:00:11.7560411Z ##[group]Setting up auth
2025-07-25T13:00:11.7565647Z [command]/usr/bin/git config --local --name-only --get-regexp core\.sshCommand
2025-07-25T13:00:11.7596574Z [command]/usr/bin/git submodule foreach --recursive sh -c "git config --local --name-only --get-regexp 'core\.sshCommand' && git config --local --unset-all 'core.sshCommand' || :"
2025-07-25T13:00:11.7878854Z [command]/usr/bin/git config --local --name-only --get-regexp http\.https\:\/\/github\.com\/\.extraheader
2025-07-25T13:00:11.7910412Z [command]/usr/bin/git submodule foreach --recursive sh -c "git config --local --name-only --get-regexp 'http\.https\:\/\/github\.com\/\.extraheader' && git config --local --unset-all 'http.https://github.com/.extraheader' || :"
2025-07-25T13:00:11.8134478Z [command]/usr/bin/git config --local http.https://github.com/.extraheader AUTHORIZATION: basic ***
2025-07-25T13:00:11.8180681Z ##[endgroup]
2025-07-25T13:00:11.8183211Z ##[group]Fetching the repository
2025-07-25T13:00:11.8192428Z [command]/usr/bin/git -c protocol.version=2 fetch --prune --no-recurse-submodules origin +refs/heads/*:refs/remotes/origin/* +refs/tags/*:refs/tags/* +e78703962ff12fbff0df3744fd968c1f700e7e27:refs/remotes/pull/211/merge
2025-07-25T13:00:12.1868651Z From https://github.com/con/tinuous
2025-07-25T13:00:12.1870630Z  * [new branch]      bf-circleci                              -> origin/bf-circleci
2025-07-25T13:00:12.1872522Z  * [new branch]      gh-55                                    -> origin/gh-55
2025-07-25T13:00:12.1874202Z  * [new branch]      master                                   -> origin/master
2025-07-25T13:00:12.1876690Z  * [new branch]      no-extra-search                          -> origin/no-extra-search
2025-07-25T13:00:12.1878591Z  * [new branch]      pragmata                                 -> origin/pragmata
2025-07-25T13:00:12.1880482Z  * [new branch]      test-appveyor                            -> origin/test-appveyor
2025-07-25T13:00:12.1882258Z  * [new tag]         0.1.0                                    -> 0.1.0
2025-07-25T13:00:12.1883797Z  * [new tag]         0.2.0                                    -> 0.2.0
2025-07-25T13:00:12.1885474Z  * [new tag]         0.3.0                                    -> 0.3.0
2025-07-25T13:00:12.1887061Z  * [new tag]         0.4.0                                    -> 0.4.0
2025-07-25T13:00:12.1888583Z  * [new tag]         0.5.0                                    -> 0.5.0
2025-07-25T13:00:12.1890109Z  * [new tag]         0.5.1                                    -> 0.5.1
2025-07-25T13:00:12.1891653Z  * [new tag]         0.5.2                                    -> 0.5.2
2025-07-25T13:00:12.1893190Z  * [new tag]         0.5.3                                    -> 0.5.3
2025-07-25T13:00:12.1894706Z  * [new tag]         0.5.4                                    -> 0.5.4
2025-07-25T13:00:12.1896439Z  * [new tag]         0.6.0                                    -> 0.6.0
2025-07-25T13:00:12.1897737Z  * [new tag]         0.6.1                                    -> 0.6.1
2025-07-25T13:00:12.1899299Z  * [new tag]         0.7.0                                    -> 0.7.0
2025-07-25T13:00:12.1900996Z  * [new ref]         e78703962ff12fbff0df3744fd968c1f700e7e27 -> pull/211/merge
2025-07-25T13:00:12.1929649Z ##[endgroup]
2025-07-25T13:00:12.1931121Z ##[group]Determining the checkout info
2025-07-25T13:00:12.1932322Z ##[endgroup]
2025-07-25T13:00:12.1936707Z [command]/usr/bin/git sparse-checkout disable
2025-07-25T13:00:12.1974866Z [command]/usr/bin/git config --local --unset-all extensions.worktreeConfig
2025-07-25T13:00:12.2002814Z ##[group]Checking out the ref
2025-07-25T13:00:12.2007869Z [command]/usr/bin/git checkout --progress --force refs/remotes/pull/211/merge
2025-07-25T13:00:12.2059395Z Note: switching to 'refs/remotes/pull/211/merge'.
2025-07-25T13:00:12.2060437Z 
2025-07-25T13:00:12.2061257Z You are in 'detached HEAD' state. You can look around, make experimental
2025-07-25T13:00:12.2062499Z changes and commit them, and you can discard any commits you make in this
2025-07-25T13:00:12.2063665Z state without impacting any branches by switching back to a branch.
2025-07-25T13:00:12.2064326Z 
2025-07-25T13:00:12.2064801Z If you want to create a new branch to retain commits you create, you may
2025-07-25T13:00:12.2066242Z do so (now or later) by using -c with the switch command. Example:
2025-07-25T13:00:12.2067275Z 
2025-07-25T13:00:12.2067632Z   git switch -c <new-branch-name>
2025-07-25T13:00:12.2068127Z 
2025-07-25T13:00:12.2068454Z Or undo this operation with:
2025-07-25T13:00:12.2068902Z 
2025-07-25T13:00:12.2069224Z   git switch -
2025-07-25T13:00:12.2069595Z 
2025-07-25T13:00:12.2070111Z Turn off this advice by setting config variable advice.detachedHead to false
2025-07-25T13:00:12.2070998Z 
2025-07-25T13:00:12.2071776Z HEAD is now at e787039 Merge 5ee11fb14b6003c8b9204c9a59f42a191e426233 into fe72f741cc1eb180020d3122eaff7b8c0fc3efab
2025-07-25T13:00:12.2074287Z ##[endgroup]
2025-07-25T13:00:12.2103243Z [command]/usr/bin/git log -1 --format=%H
2025-07-25T13:00:12.2124539Z e78703962ff12fbff0df3744fd968c1f700e7e27
2025-07-25T13:00:12.2377238Z ##[group]Run actions/setup-python@v5
2025-07-25T13:00:12.2378065Z with:
2025-07-25T13:00:12.2378689Z   python-version: 3.11
2025-07-25T13:00:12.2379384Z   check-latest: false
2025-07-25T13:00:12.2380212Z   token: ***
2025-07-25T13:00:12.2380858Z   update-environment: true
2025-07-25T13:00:12.2381589Z   allow-prereleases: false
2025-07-25T13:00:12.2382298Z   freethreaded: false
2025-07-25T13:00:12.2382957Z ##[endgroup]
2025-07-25T13:00:12.4075242Z ##[group]Installed versions
2025-07-25T13:00:12.4175479Z Successfully set up CPython (3.11.13)
2025-07-25T13:00:12.4177292Z ##[endgroup]
2025-07-25T13:00:12.4313977Z ##[group]Run python -m pip install --upgrade pip wheel
2025-07-25T13:00:12.4315050Z [36;1mpython -m pip install --upgrade pip wheel[0m
2025-07-25T13:00:12.4316280Z [36;1mpython -m pip install --upgrade --upgrade-strategy=eager tox[0m
2025-07-25T13:00:12.4433107Z shell: /usr/bin/bash -e {0}
2025-07-25T13:00:12.4433863Z env:
2025-07-25T13:00:12.4434600Z   pythonLocation: /opt/hostedtoolcache/Python/3.11.13/x64
2025-07-25T13:00:12.4435886Z   PKG_CONFIG_PATH: /opt/hostedtoolcache/Python/3.11.13/x64/lib/pkgconfig
2025-07-25T13:00:12.4436982Z   Python_ROOT_DIR: /opt/hostedtoolcache/Python/3.11.13/x64
2025-07-25T13:00:12.4437987Z   Python2_ROOT_DIR: /opt/hostedtoolcache/Python/3.11.13/x64
2025-07-25T13:00:12.4439001Z   Python3_ROOT_DIR: /opt/hostedtoolcache/Python/3.11.13/x64
2025-07-25T13:00:12.4440012Z   LD_LIBRARY_PATH: /opt/hostedtoolcache/Python/3.11.13/x64/lib
2025-07-25T13:00:12.4440917Z ##[endgroup]
2025-07-25T13:00:15.0576470Z Requirement already satisfied: pip in /opt/hostedtoolcache/Python/3.11.13/x64/lib/python3.11/site-packages (25.1.1)
2025-07-25T13:00:15.1620448Z Collecting wheel
2025-07-25T13:00:15.2307876Z   Downloading wheel-0.45.1-py3-none-any.whl.metadata (2.3 kB)
2025-07-25T13:00:15.2552120Z Downloading wheel-0.45.1-py3-none-any.whl (72 kB)
2025-07-25T13:00:15.3054097Z Installing collected packages: wheel
2025-07-25T13:00:15.3500416Z Successfully installed wheel-0.45.1
2025-07-25T13:00:15.9116141Z Collecting tox
2025-07-25T13:00:15.9911320Z   Downloading tox-4.28.1-py3-none-any.whl.metadata (3.6 kB)
2025-07-25T13:00:16.0109449Z Collecting cachetools>=6.1 (from tox)
2025-07-25T13:00:16.0306228Z   Downloading cachetools-6.1.0-py3-none-any.whl.metadata (5.4 kB)
2025-07-25T13:00:16.0441150Z Collecting chardet>=5.2 (from tox)
2025-07-25T13:00:16.0635687Z   Downloading chardet-5.2.0-py3-none-any.whl.metadata (3.4 kB)
2025-07-25T13:00:16.0803912Z Collecting colorama>=0.4.6 (from tox)
2025-07-25T13:00:16.1003720Z   Downloading colorama-0.4.6-py2.py3-none-any.whl.metadata (17 kB)
2025-07-25T13:00:16.1358238Z Collecting filelock>=3.18 (from tox)
2025-07-25T13:00:16.1557828Z   Downloading filelock-3.18.0-py3-none-any.whl.metadata (2.9 kB)
2025-07-25T13:00:16.1743955Z Collecting packaging>=25 (from tox)
2025-07-25T13:00:16.1933838Z   Downloading packaging-25.0-py3-none-any.whl.metadata (3.3 kB)
2025-07-25T13:00:16.2104555Z Collecting platformdirs>=4.3.8 (from tox)
2025-07-25T13:00:16.2306536Z   Downloading platformdirs-4.3.8-py3-none-any.whl.metadata (12 kB)
2025-07-25T13:00:16.2498873Z Collecting pluggy>=1.6 (from tox)
2025-07-25T13:00:16.2689640Z   Downloading pluggy-1.6.0-py3-none-any.whl.metadata (4.8 kB)
2025-07-25T13:00:16.2840256Z Collecting pyproject-api>=1.9.1 (from tox)
2025-07-25T13:00:16.3032941Z   Downloading pyproject_api-1.9.1-py3-none-any.whl.metadata (2.7 kB)
2025-07-25T13:00:16.3437812Z Collecting virtualenv>=20.31.2 (from tox)
2025-07-25T13:00:16.3721902Z   Downloading virtualenv-20.32.0-py3-none-any.whl.metadata (4.5 kB)
2025-07-25T13:00:16.3949449Z Collecting distlib<1,>=0.3.7 (from virtualenv>=20.31.2->tox)
2025-07-25T13:00:16.4140534Z   Downloading distlib-0.4.0-py2.py3-none-any.whl.metadata (5.2 kB)
2025-07-25T13:00:16.4441473Z Downloading tox-4.28.1-py3-none-any.whl (173 kB)
2025-07-25T13:00:16.5058074Z Downloading cachetools-6.1.0-py3-none-any.whl (11 kB)
2025-07-25T13:00:16.5273923Z Downloading chardet-5.2.0-py3-none-any.whl (199 kB)
2025-07-25T13:00:16.5557716Z Downloading colorama-0.4.6-py2.py3-none-any.whl (25 kB)
2025-07-25T13:00:16.5770993Z Downloading filelock-3.18.0-py3-none-any.whl (16 kB)
2025-07-25T13:00:16.5989902Z Downloading packaging-25.0-py3-none-any.whl (66 kB)
2025-07-25T13:00:16.6206873Z Downloading platformdirs-4.3.8-py3-none-any.whl (18 kB)
2025-07-25T13:00:16.6419386Z Downloading pluggy-1.6.0-py3-none-any.whl (20 kB)
2025-07-25T13:00:16.6630625Z Downloading pyproject_api-1.9.1-py3-none-any.whl (13 kB)
2025-07-25T13:00:16.6848290Z Downloading virtualenv-20.32.0-py3-none-any.whl (6.1 MB)
2025-07-25T13:00:16.7658536Z    ━━━━━━━━━━━━━━━━━━━━━━━━━━━━━━━━━━━━━━━━ 6.1/6.1 MB 78.0 MB/s eta 0:00:00
2025-07-25T13:00:16.7848218Z Downloading distlib-0.4.0-py2.py3-none-any.whl (469 kB)
2025-07-25T13:00:16.8252217Z Installing collected packages: distlib, pluggy, platformdirs, packaging, filelock, colorama, chardet, cachetools, virtualenv, pyproject-api, tox
2025-07-25T13:00:17.5440805Z 
2025-07-25T13:00:17.5453967Z Successfully installed cachetools-6.1.0 chardet-5.2.0 colorama-0.4.6 distlib-0.4.0 filelock-3.18.0 packaging-25.0 platformdirs-4.3.8 pluggy-1.6.0 pyproject-api-1.9.1 tox-4.28.1 virtualenv-20.32.0
2025-07-25T13:00:17.6098613Z ##[group]Run tox -e py -- --cov-report=xml
2025-07-25T13:00:17.6098981Z [36;1mtox -e py -- --cov-report=xml[0m
2025-07-25T13:00:17.6127721Z shell: /usr/bin/bash -e {0}
2025-07-25T13:00:17.6127959Z env:
2025-07-25T13:00:17.6128209Z   pythonLocation: /opt/hostedtoolcache/Python/3.11.13/x64
2025-07-25T13:00:17.6128608Z   PKG_CONFIG_PATH: /opt/hostedtoolcache/Python/3.11.13/x64/lib/pkgconfig
2025-07-25T13:00:17.6129014Z   Python_ROOT_DIR: /opt/hostedtoolcache/Python/3.11.13/x64
2025-07-25T13:00:17.6129363Z   Python2_ROOT_DIR: /opt/hostedtoolcache/Python/3.11.13/x64
2025-07-25T13:00:17.6129717Z   Python3_ROOT_DIR: /opt/hostedtoolcache/Python/3.11.13/x64
2025-07-25T13:00:17.6130063Z   LD_LIBRARY_PATH: /opt/hostedtoolcache/Python/3.11.13/x64/lib
2025-07-25T13:00:17.6130358Z ##[endgroup]
2025-07-25T13:00:18.3632143Z py: install_deps> python -I -m pip install pytest pytest-cov pytest-mock
2025-07-25T13:00:21.2031087Z .pkg: install_requires> python -I -m pip install 'setuptools>=46.4.0' versioningit
2025-07-25T13:00:22.3056103Z .pkg: _optional_hooks> python /opt/hostedtoolcache/Python/3.11.13/x64/lib/python3.11/site-packages/pyproject_api/_backend.py True setuptools.build_meta
2025-07-25T13:00:22.6213495Z .pkg: get_requires_for_build_sdist> python /opt/hostedtoolcache/Python/3.11.13/x64/lib/python3.11/site-packages/pyproject_api/_backend.py True setuptools.build_meta
2025-07-25T13:00:22.8525999Z .pkg: get_requires_for_build_wheel> python /opt/hostedtoolcache/Python/3.11.13/x64/lib/python3.11/site-packages/pyproject_api/_backend.py True setuptools.build_meta
2025-07-25T13:00:23.0580765Z .pkg: freeze> python -m pip freeze --all
2025-07-25T13:00:23.2742103Z .pkg: packaging==25.0,pip==25.1.1,setuptools==80.9.0,versioningit==3.3.0
2025-07-25T13:00:23.2748127Z .pkg: prepare_metadata_for_build_wheel> python /opt/hostedtoolcache/Python/3.11.13/x64/lib/python3.11/site-packages/pyproject_api/_backend.py True setuptools.build_meta
2025-07-25T13:00:23.5545626Z .pkg: build_sdist> python /opt/hostedtoolcache/Python/3.11.13/x64/lib/python3.11/site-packages/pyproject_api/_backend.py True setuptools.build_meta
2025-07-25T13:00:23.7921646Z py: install_package_deps> python -I -m pip install 'PyYAML>=5.0' 'click-loglevel~=0.2' 'click>=7.0' 'ghtoken~=0.1' 'in_place~=1.0' 'pydantic~=2.0' 'python-dateutil~=2.7' 'python-dotenv<2.0,>=0.11' 'requests~=2.20' 'typing_extensions; python_version < "3.9"'
2025-07-25T13:00:27.6632493Z py: install_package> python -I -m pip install --force-reinstall --no-deps /home/runner/work/tinuous/tinuous/.tox/.tmp/package/1/tinuous-0.7.0.post15+ge787039.tar.gz
2025-07-25T13:00:29.7897818Z py: freeze> python -m pip freeze --all
2025-07-25T13:00:30.0247770Z py: annotated-types==0.7.0,certifi==2025.7.14,charset-normalizer==3.4.2,click==8.2.1,click-loglevel==0.6.1,coverage==7.10.0,ghtoken==0.1.2,idna==3.10,in_place==1.0.1,iniconfig==2.1.0,packaging==25.0,pip==25.1.1,pluggy==1.6.0,pydantic==2.11.7,pydantic_core==2.33.2,Pygments==2.19.2,pytest==8.4.1,pytest-cov==6.2.1,pytest-mock==3.14.1,python-dateutil==2.9.0.post0,python-dotenv==1.1.1,PyYAML==6.0.2,requests==2.32.4,ruamel.yaml==0.18.14,ruamel.yaml.clib==0.2.12,setuptools==80.9.0,six==1.17.0,tinuous @ file:///home/runner/work/tinuous/tinuous/.tox/.tmp/package/1/tinuous-0.7.0.post15%2Bge787039.tar.gz#sha256=9573414659a860e8121fb2f5083efb97c214974cc158093ec2007e926a4fbf5f,typing-inspection==0.4.1,typing_extensions==4.14.1,urllib3==2.5.0
2025-07-25T13:00:30.0254030Z py: commands[0]> tinuous --help
2025-07-25T13:00:30.3462797Z Usage: tinuous [OPTIONS] COMMAND [ARGS]...
2025-07-25T13:00:30.3463253Z 
2025-07-25T13:00:30.3463673Z   Download build logs from GitHub Actions, Travis, Appveyor, and CircleCI
2025-07-25T13:00:30.3464310Z 
2025-07-25T13:00:30.3464454Z Options:
2025-07-25T13:00:30.3464946Z   -V, --version                   Show the version and exit.
2025-07-25T13:00:30.3465927Z   -c, --config FILE               Read configuration from the given file
2025-07-25T13:00:30.3466639Z                                   [default: tinuous.yaml]
2025-07-25T13:00:30.3467624Z   -E, --env FILE                  Load environment variables from given .env
2025-07-25T13:00:30.3468032Z                                   file
2025-07-25T13:00:30.3468405Z   -l, --log-level [NOTSET|DEBUG|INFO|WARNING|ERROR|CRITICAL]
2025-07-25T13:00:30.3468821Z                                   Set logging level  [default: INFO]
2025-07-25T13:00:30.3469226Z   --help                          Show this message and exit.
2025-07-25T13:00:30.3469499Z 
2025-07-25T13:00:30.3469588Z Commands:
2025-07-25T13:00:30.3469812Z   fetch         Download logs
2025-07-25T13:00:30.3470145Z   fetch-commit  Download logs for a specific commit
2025-07-25T13:00:30.3470523Z   sanitize      Sanitize secrets in logs
2025-07-25T13:00:30.3802635Z py: commands[1]> pytest --cov-report=xml test
2025-07-25T13:00:31.4091580Z ============================= test session starts ==============================
2025-07-25T13:00:31.4092772Z platform linux -- Python 3.11.13, pytest-8.4.1, pluggy-1.6.0
2025-07-25T13:00:31.4093863Z cachedir: .tox/py/.pytest_cache
2025-07-25T13:00:31.4094650Z rootdir: /home/runner/work/tinuous/tinuous
2025-07-25T13:00:31.4095660Z configfile: tox.ini
2025-07-25T13:00:31.4096209Z plugins: cov-6.2.1, mock-3.14.1
2025-07-25T13:00:31.4096612Z collected 64 items
2025-07-25T13:00:31.4096824Z 
2025-07-25T13:00:31.4219416Z test/test_base.py .........                                              [ 14%]
2025-07-25T13:00:31.4323576Z test/test_config.py ........                                             [ 26%]
2025-07-25T13:00:31.4509165Z test/test_state.py ........                                              [ 39%]
2025-07-25T13:00:31.7559693Z test/test_util.py .......................................                [100%]
2025-07-25T13:00:31.7560843Z 
2025-07-25T13:00:31.7561337Z ================================ tests coverage ================================
2025-07-25T13:00:31.7562152Z _______________ coverage: platform linux, python 3.11.13-final-0 _______________
2025-07-25T13:00:31.7562731Z 
2025-07-25T13:00:31.7562969Z Coverage XML written to file coverage.xml
2025-07-25T13:00:31.7563600Z ============================== 64 passed in 0.69s ==============================
2025-07-25T13:00:31.8282746Z   py: OK (13.80=setup[12.00]+cmd[0.35,1.45] seconds)
2025-07-25T13:00:31.8283410Z   congratulations :) (13.94 seconds)
2025-07-25T13:00:31.8829880Z ##[group]Run codecov/codecov-action@v5
2025-07-25T13:00:31.8830190Z with:
2025-07-25T13:00:31.8830371Z   fail_ci_if_error: false
2025-07-25T13:00:31.8830754Z   token: ***
2025-07-25T13:00:31.8830930Z   name: 3.11
2025-07-25T13:00:31.8831097Z   disable_file_fixes: false
2025-07-25T13:00:31.8831309Z   disable_search: false
2025-07-25T13:00:31.8831511Z   disable_safe_directory: false
2025-07-25T13:00:31.8831717Z   disable_telem: false
2025-07-25T13:00:31.8831904Z   dry_run: false
2025-07-25T13:00:31.8832075Z   git_service: github
2025-07-25T13:00:31.8832263Z   gcov_executable: gcov
2025-07-25T13:00:31.8832465Z   handle_no_reports_found: false
2025-07-25T13:00:31.8832685Z   recurse_submodules: false
2025-07-25T13:00:31.8832902Z   run_command: upload-coverage
2025-07-25T13:00:31.8833111Z   skip_validation: false
2025-07-25T13:00:31.8833325Z   use_legacy_upload_endpoint: false
2025-07-25T13:00:31.8833546Z   use_oidc: false
2025-07-25T13:00:31.8833714Z   use_pypi: false
2025-07-25T13:00:31.8833914Z   verbose: false
2025-07-25T13:00:31.8834259Z   version: latest
2025-07-25T13:00:31.8834422Z env:
2025-07-25T13:00:31.8834645Z   pythonLocation: /opt/hostedtoolcache/Python/3.11.13/x64
2025-07-25T13:00:31.8835043Z   PKG_CONFIG_PATH: /opt/hostedtoolcache/Python/3.11.13/x64/lib/pkgconfig
2025-07-25T13:00:31.8835627Z   Python_ROOT_DIR: /opt/hostedtoolcache/Python/3.11.13/x64
2025-07-25T13:00:31.8835967Z   Python2_ROOT_DIR: /opt/hostedtoolcache/Python/3.11.13/x64
2025-07-25T13:00:31.8836313Z   Python3_ROOT_DIR: /opt/hostedtoolcache/Python/3.11.13/x64
2025-07-25T13:00:31.8836657Z   LD_LIBRARY_PATH: /opt/hostedtoolcache/Python/3.11.13/x64/lib
2025-07-25T13:00:31.8836937Z ##[endgroup]
2025-07-25T13:00:31.8904628Z ##[group]Run CC_ACTION_VERSION=$(cat ${GITHUB_ACTION_PATH}/src/version)
2025-07-25T13:00:31.8905287Z [36;1mCC_ACTION_VERSION=$(cat ${GITHUB_ACTION_PATH}/src/version)[0m
2025-07-25T13:00:31.8905841Z [36;1mecho -e "\033[0;32m==>\033[0m Running Action version $CC_ACTION_VERSION"[0m
2025-07-25T13:00:31.8935464Z shell: /usr/bin/bash --noprofile --norc -e -o pipefail {0}
2025-07-25T13:00:31.8935817Z env:
2025-07-25T13:00:31.8936079Z   pythonLocation: /opt/hostedtoolcache/Python/3.11.13/x64
2025-07-25T13:00:31.8936506Z   PKG_CONFIG_PATH: /opt/hostedtoolcache/Python/3.11.13/x64/lib/pkgconfig
2025-07-25T13:00:31.8936943Z   Python_ROOT_DIR: /opt/hostedtoolcache/Python/3.11.13/x64
2025-07-25T13:00:31.8937318Z   Python2_ROOT_DIR: /opt/hostedtoolcache/Python/3.11.13/x64
2025-07-25T13:00:31.8937688Z   Python3_ROOT_DIR: /opt/hostedtoolcache/Python/3.11.13/x64
2025-07-25T13:00:31.8938059Z   LD_LIBRARY_PATH: /opt/hostedtoolcache/Python/3.11.13/x64/lib
2025-07-25T13:00:31.8938371Z ##[endgroup]
2025-07-25T13:00:31.8999849Z [0;32m==>[0m Running Action version 5.4.3
2025-07-25T13:00:31.9042497Z ##[group]Run git config --global --add safe.directory "/home/runner/work/tinuous/tinuous"
2025-07-25T13:00:31.9043050Z [36;1mgit config --global --add safe.directory "/home/runner/work/tinuous/tinuous"[0m
2025-07-25T13:00:31.9043515Z [36;1mgit config --global --add safe.directory "$GITHUB_WORKSPACE"[0m
2025-07-25T13:00:31.9069151Z shell: /usr/bin/bash --noprofile --norc -e -o pipefail {0}
2025-07-25T13:00:31.9069456Z env:
2025-07-25T13:00:31.9069702Z   pythonLocation: /opt/hostedtoolcache/Python/3.11.13/x64
2025-07-25T13:00:31.9070115Z   PKG_CONFIG_PATH: /opt/hostedtoolcache/Python/3.11.13/x64/lib/pkgconfig
2025-07-25T13:00:31.9070525Z   Python_ROOT_DIR: /opt/hostedtoolcache/Python/3.11.13/x64
2025-07-25T13:00:31.9070892Z   Python2_ROOT_DIR: /opt/hostedtoolcache/Python/3.11.13/x64
2025-07-25T13:00:31.9071243Z   Python3_ROOT_DIR: /opt/hostedtoolcache/Python/3.11.13/x64
2025-07-25T13:00:31.9071609Z   LD_LIBRARY_PATH: /opt/hostedtoolcache/Python/3.11.13/x64/lib
2025-07-25T13:00:31.9071906Z ##[endgroup]
2025-07-25T13:00:31.9169305Z ##[group]Run CC_FORK="false"
2025-07-25T13:00:31.9169584Z [36;1mCC_FORK="false"[0m
2025-07-25T13:00:31.9170336Z [36;1mif [ -n "$GITHUB_EVENT_PULL_REQUEST_HEAD_REPO_FULL_NAME" ] && [ "$GITHUB_EVENT_PULL_REQUEST_HEAD_REPO_FULL_NAME" != "$GITHUB_REPOSITORY" ];[0m
2025-07-25T13:00:31.9170947Z [36;1mthen[0m
2025-07-25T13:00:31.9171185Z [36;1m  echo -e "\033[0;32m==>\033[0m Fork detected"[0m
2025-07-25T13:00:31.9171490Z [36;1m  CC_FORK="true"[0m
2025-07-25T13:00:31.9171704Z [36;1mfi[0m
2025-07-25T13:00:31.9171925Z [36;1mecho "CC_FORK=$CC_FORK" >> "$GITHUB_ENV"[0m
2025-07-25T13:00:31.9197098Z shell: /usr/bin/bash --noprofile --norc -e -o pipefail {0}
2025-07-25T13:00:31.9197534Z env:
2025-07-25T13:00:31.9197832Z   pythonLocation: /opt/hostedtoolcache/Python/3.11.13/x64
2025-07-25T13:00:31.9198307Z   PKG_CONFIG_PATH: /opt/hostedtoolcache/Python/3.11.13/x64/lib/pkgconfig
2025-07-25T13:00:31.9198778Z   Python_ROOT_DIR: /opt/hostedtoolcache/Python/3.11.13/x64
2025-07-25T13:00:31.9199200Z   Python2_ROOT_DIR: /opt/hostedtoolcache/Python/3.11.13/x64
2025-07-25T13:00:31.9199615Z   Python3_ROOT_DIR: /opt/hostedtoolcache/Python/3.11.13/x64
2025-07-25T13:00:31.9200044Z   LD_LIBRARY_PATH: /opt/hostedtoolcache/Python/3.11.13/x64/lib
2025-07-25T13:00:31.9200615Z   GITHUB_EVENT_PULL_REQUEST_HEAD_LABEL: con:bf-circleci
2025-07-25T13:00:31.9201020Z   GITHUB_EVENT_PULL_REQUEST_HEAD_REPO_FULL_NAME: con/tinuous
2025-07-25T13:00:31.9201389Z   GITHUB_REPOSITORY: con/tinuous
2025-07-25T13:00:31.9201640Z ##[endgroup]
2025-07-25T13:00:31.9300572Z ##[group]Run actions/github-script@v7
2025-07-25T13:00:31.9300812Z with:
2025-07-25T13:00:31.9301326Z   script: if (process.env.CC_USE_OIDC === 'true' && process.env.CC_FORK != 'true') {
  const id_token = await core.getIDToken(process.env.CC_OIDC_AUDIENCE)
  return id_token
}

2025-07-25T13:00:31.9302043Z   github-token: ***
2025-07-25T13:00:31.9302245Z   debug: false
2025-07-25T13:00:31.9302442Z   user-agent: actions/github-script
2025-07-25T13:00:31.9302690Z   result-encoding: json
2025-07-25T13:00:31.9302878Z   retries: 0
2025-07-25T13:00:31.9303083Z   retry-exempt-status-codes: 400,401,403,404,422
2025-07-25T13:00:31.9303337Z env:
2025-07-25T13:00:31.9303575Z   pythonLocation: /opt/hostedtoolcache/Python/3.11.13/x64
2025-07-25T13:00:31.9303989Z   PKG_CONFIG_PATH: /opt/hostedtoolcache/Python/3.11.13/x64/lib/pkgconfig
2025-07-25T13:00:31.9304371Z   Python_ROOT_DIR: /opt/hostedtoolcache/Python/3.11.13/x64
2025-07-25T13:00:31.9304720Z   Python2_ROOT_DIR: /opt/hostedtoolcache/Python/3.11.13/x64
2025-07-25T13:00:31.9305261Z   Python3_ROOT_DIR: /opt/hostedtoolcache/Python/3.11.13/x64
2025-07-25T13:00:31.9305621Z   LD_LIBRARY_PATH: /opt/hostedtoolcache/Python/3.11.13/x64/lib
2025-07-25T13:00:31.9305908Z   CC_FORK: false
2025-07-25T13:00:31.9306112Z   CC_OIDC_AUDIENCE: https://codecov.io
2025-07-25T13:00:31.9306345Z   CC_USE_OIDC: false
2025-07-25T13:00:31.9306526Z ##[endgroup]
2025-07-25T13:00:32.0258333Z ##[group]Run if [ "false" == 'true' ] && [ "$CC_FORK" != 'true' ];
2025-07-25T13:00:32.0258774Z [36;1mif [ "false" == 'true' ] && [ "$CC_FORK" != 'true' ];[0m
2025-07-25T13:00:32.0259096Z [36;1mthen[0m
2025-07-25T13:00:32.0259355Z [36;1m  echo "CC_TOKEN=$CC_OIDC_TOKEN" >> "$GITHUB_ENV"[0m
2025-07-25T13:00:32.0259668Z [36;1melif [ -n "" ];[0m
2025-07-25T13:00:32.0259901Z [36;1mthen[0m
2025-07-25T13:00:32.0260142Z [36;1m  echo -e "\033[0;32m==>\033[0m Token set from env"[0m
2025-07-25T13:00:32.0260473Z [36;1m    echo "CC_TOKEN=" >> "$GITHUB_ENV"[0m
2025-07-25T13:00:32.0260746Z [36;1melse[0m
2025-07-25T13:00:32.0261099Z [36;1m  if [ -n "***" ];[0m
2025-07-25T13:00:32.0261325Z [36;1m  then[0m
2025-07-25T13:00:32.0261576Z [36;1m    echo -e "\033[0;32m==>\033[0m Token set from input"[0m
2025-07-25T13:00:32.0262019Z [36;1m    CC_TOKEN=$(echo "***" | tr -d '\n')[0m
2025-07-25T13:00:32.0262338Z [36;1m    echo "CC_TOKEN=$CC_TOKEN" >> "$GITHUB_ENV"[0m
2025-07-25T13:00:32.0262628Z [36;1m  fi[0m
2025-07-25T13:00:32.0262803Z [36;1mfi[0m
2025-07-25T13:00:32.0290636Z shell: /usr/bin/bash --noprofile --norc -e -o pipefail {0}
2025-07-25T13:00:32.0290938Z env:
2025-07-25T13:00:32.0291185Z   pythonLocation: /opt/hostedtoolcache/Python/3.11.13/x64
2025-07-25T13:00:32.0291765Z   PKG_CONFIG_PATH: /opt/hostedtoolcache/Python/3.11.13/x64/lib/pkgconfig
2025-07-25T13:00:32.0292199Z   Python_ROOT_DIR: /opt/hostedtoolcache/Python/3.11.13/x64
2025-07-25T13:00:32.0292559Z   Python2_ROOT_DIR: /opt/hostedtoolcache/Python/3.11.13/x64
2025-07-25T13:00:32.0292903Z   Python3_ROOT_DIR: /opt/hostedtoolcache/Python/3.11.13/x64
2025-07-25T13:00:32.0293257Z   LD_LIBRARY_PATH: /opt/hostedtoolcache/Python/3.11.13/x64/lib
2025-07-25T13:00:32.0293554Z   CC_FORK: false
2025-07-25T13:00:32.0293725Z   CC_OIDC_TOKEN: 
2025-07-25T13:00:32.0293939Z   CC_OIDC_AUDIENCE: https://codecov.io
2025-07-25T13:00:32.0294192Z ##[endgroup]
2025-07-25T13:00:32.0341942Z [0;32m==>[0m Token set from input
2025-07-25T13:00:32.0381036Z ##[group]Run if [ -z "$CC_BRANCH" ] && [ -z "$CC_TOKEN" ] && [ "$CC_FORK" == 'true' ]
2025-07-25T13:00:32.0381473Z [36;1mif [ -z "$CC_BRANCH" ] && [ -z "$CC_TOKEN" ] && [ "$CC_FORK" == 'true' ][0m
2025-07-25T13:00:32.0381788Z [36;1mthen[0m
2025-07-25T13:00:32.0382149Z [36;1m  echo -e "\033[0;32m==>\033[0m Fork detected, setting branch to $GITHUB_EVENT_PULL_REQUEST_HEAD_LABEL"[0m
2025-07-25T13:00:32.0382756Z [36;1m  TOKENLESS="$GITHUB_EVENT_PULL_REQUEST_HEAD_LABEL"[0m
2025-07-25T13:00:32.0383092Z [36;1m  CC_BRANCH="$GITHUB_EVENT_PULL_REQUEST_HEAD_LABEL"[0m
2025-07-25T13:00:32.0383404Z [36;1m  echo "TOKENLESS=$TOKENLESS" >> "$GITHUB_ENV"[0m
2025-07-25T13:00:32.0383665Z [36;1mfi[0m
2025-07-25T13:00:32.0383820Z [36;1m[0m
2025-07-25T13:00:32.0384028Z [36;1mecho "CC_BRANCH=$CC_BRANCH" >> "$GITHUB_ENV"[0m
2025-07-25T13:00:32.0409725Z shell: /usr/bin/bash --noprofile --norc -e -o pipefail {0}
2025-07-25T13:00:32.0410041Z env:
2025-07-25T13:00:32.0410282Z   pythonLocation: /opt/hostedtoolcache/Python/3.11.13/x64
2025-07-25T13:00:32.0410684Z   PKG_CONFIG_PATH: /opt/hostedtoolcache/Python/3.11.13/x64/lib/pkgconfig
2025-07-25T13:00:32.0411075Z   Python_ROOT_DIR: /opt/hostedtoolcache/Python/3.11.13/x64
2025-07-25T13:00:32.0411416Z   Python2_ROOT_DIR: /opt/hostedtoolcache/Python/3.11.13/x64
2025-07-25T13:00:32.0411767Z   Python3_ROOT_DIR: /opt/hostedtoolcache/Python/3.11.13/x64
2025-07-25T13:00:32.0412111Z   LD_LIBRARY_PATH: /opt/hostedtoolcache/Python/3.11.13/x64/lib
2025-07-25T13:00:32.0412391Z   CC_FORK: false
2025-07-25T13:00:32.0412652Z   CC_TOKEN: ***
2025-07-25T13:00:32.0412821Z   CC_BRANCH: 
2025-07-25T13:00:32.0413033Z   GITHUB_EVENT_PULL_REQUEST_HEAD_LABEL: con:bf-circleci
2025-07-25T13:00:32.0413368Z   GITHUB_EVENT_PULL_REQUEST_HEAD_REPO_FULL_NAME: con/tinuous
2025-07-25T13:00:32.0413661Z   GITHUB_REPOSITORY: con/tinuous
2025-07-25T13:00:32.0413886Z ##[endgroup]
2025-07-25T13:00:32.0479939Z ##[group]Run if [ -z "$CC_SHA" ];
2025-07-25T13:00:32.0480198Z [36;1mif [ -z "$CC_SHA" ];[0m
2025-07-25T13:00:32.0480405Z [36;1mthen[0m
2025-07-25T13:00:32.0480619Z [36;1m  CC_SHA="$GITHUB_EVENT_PULL_REQUEST_HEAD_SHA"[0m
2025-07-25T13:00:32.0480880Z [36;1mfi[0m
2025-07-25T13:00:32.0481132Z [36;1mif [ -z "$CC_PR" ] && [ "${GITHUB_EVENT_NAME}" == "pull_request_target" ];[0m
2025-07-25T13:00:32.0481439Z [36;1mthen[0m
2025-07-25T13:00:32.0481628Z [36;1m  CC_PR="$GITHUB_EVENT_NUMBER"[0m
2025-07-25T13:00:32.0481852Z [36;1mfi[0m
2025-07-25T13:00:32.0482010Z [36;1m[0m
2025-07-25T13:00:32.0482197Z [36;1mecho "CC_SHA=$CC_SHA" >> "$GITHUB_ENV"[0m
2025-07-25T13:00:32.0482464Z [36;1mecho "CC_PR=$CC_PR" >> "$GITHUB_ENV"[0m
2025-07-25T13:00:32.0507851Z shell: /usr/bin/bash --noprofile --norc -e -o pipefail {0}
2025-07-25T13:00:32.0508164Z env:
2025-07-25T13:00:32.0508401Z   pythonLocation: /opt/hostedtoolcache/Python/3.11.13/x64
2025-07-25T13:00:32.0508791Z   PKG_CONFIG_PATH: /opt/hostedtoolcache/Python/3.11.13/x64/lib/pkgconfig
2025-07-25T13:00:32.0509211Z   Python_ROOT_DIR: /opt/hostedtoolcache/Python/3.11.13/x64
2025-07-25T13:00:32.0509567Z   Python2_ROOT_DIR: /opt/hostedtoolcache/Python/3.11.13/x64
2025-07-25T13:00:32.0509922Z   Python3_ROOT_DIR: /opt/hostedtoolcache/Python/3.11.13/x64
2025-07-25T13:00:32.0510277Z   LD_LIBRARY_PATH: /opt/hostedtoolcache/Python/3.11.13/x64/lib
2025-07-25T13:00:32.0510710Z   CC_FORK: false
2025-07-25T13:00:32.0510972Z   CC_TOKEN: ***
2025-07-25T13:00:32.0511144Z   CC_BRANCH: 
2025-07-25T13:00:32.0511299Z   CC_PR: 
2025-07-25T13:00:32.0511453Z   CC_SHA: 
2025-07-25T13:00:32.0511628Z   GITHUB_EVENT_NAME: pull_request
2025-07-25T13:00:32.0511850Z   GITHUB_EVENT_NUMBER: 211
2025-07-25T13:00:32.0512167Z   GITHUB_EVENT_PULL_REQUEST_HEAD_SHA: 5ee11fb14b6003c8b9204c9a59f42a191e426233
2025-07-25T13:00:32.0512504Z ##[endgroup]
2025-07-25T13:00:32.0587453Z ##[group]Run ${GITHUB_ACTION_PATH}/dist/codecov.sh
2025-07-25T13:00:32.0587811Z [36;1m${GITHUB_ACTION_PATH}/dist/codecov.sh[0m
2025-07-25T13:00:32.0613771Z shell: /usr/bin/bash --noprofile --norc -e -o pipefail {0}
2025-07-25T13:00:32.0614077Z env:
2025-07-25T13:00:32.0614319Z   pythonLocation: /opt/hostedtoolcache/Python/3.11.13/x64
2025-07-25T13:00:32.0614730Z   PKG_CONFIG_PATH: /opt/hostedtoolcache/Python/3.11.13/x64/lib/pkgconfig
2025-07-25T13:00:32.0615368Z   Python_ROOT_DIR: /opt/hostedtoolcache/Python/3.11.13/x64
2025-07-25T13:00:32.0615742Z   Python2_ROOT_DIR: /opt/hostedtoolcache/Python/3.11.13/x64
2025-07-25T13:00:32.0616268Z   Python3_ROOT_DIR: /opt/hostedtoolcache/Python/3.11.13/x64
2025-07-25T13:00:32.0616627Z   LD_LIBRARY_PATH: /opt/hostedtoolcache/Python/3.11.13/x64/lib
2025-07-25T13:00:32.0616923Z   CC_FORK: false
2025-07-25T13:00:32.0617229Z   CC_TOKEN: ***
2025-07-25T13:00:32.0617402Z   CC_BRANCH: 
2025-07-25T13:00:32.0617599Z   CC_SHA: 5ee11fb14b6003c8b9204c9a59f42a191e426233
2025-07-25T13:00:32.0617848Z   CC_PR: 
2025-07-25T13:00:32.0618006Z   CC_BASE_SHA: 
2025-07-25T13:00:32.0618165Z   CC_BINARY: 
2025-07-25T13:00:32.0618325Z   CC_BUILD: 
2025-07-25T13:00:32.0618488Z   CC_BUILD_URL: 
2025-07-25T13:00:32.0618647Z   CC_CODE: 
2025-07-25T13:00:32.0618808Z   CC_DIR: 
2025-07-25T13:00:32.0618980Z   CC_DISABLE_FILE_FIXES: false
2025-07-25T13:00:32.0619198Z   CC_DISABLE_SEARCH: false
2025-07-25T13:00:32.0619401Z   CC_DISABLE_TELEM: false
2025-07-25T13:00:32.0619589Z   CC_DRY_RUN: false
2025-07-25T13:00:32.0619774Z   CC_ENTERPRISE_URL: 
2025-07-25T13:00:32.0619956Z   CC_ENV: 
2025-07-25T13:00:32.0620111Z   CC_EXCLUDES: 
2025-07-25T13:00:32.0620287Z   CC_FAIL_ON_ERROR: false
2025-07-25T13:00:32.0620471Z   CC_FILES: 
2025-07-25T13:00:32.0620625Z   CC_FLAGS: 
2025-07-25T13:00:32.0620773Z   CC_FORCE: 
2025-07-25T13:00:32.0620927Z   CC_GCOV_ARGS: 
2025-07-25T13:00:32.0621107Z   CC_GCOV_EXECUTABLE: gcov
2025-07-25T13:00:32.0621304Z   CC_GCOV_IGNORE: 
2025-07-25T13:00:32.0621479Z   CC_GCOV_INCLUDE: 
2025-07-25T13:00:32.0621653Z   CC_GIT_SERVICE: github
2025-07-25T13:00:32.0621861Z   CC_HANDLE_NO_REPORTS_FOUND: false
2025-07-25T13:00:32.0622091Z   CC_JOB_CODE: 
2025-07-25T13:00:32.0622255Z   CC_LEGACY: false
2025-07-25T13:00:32.0622425Z   CC_NAME: 3.11
2025-07-25T13:00:32.0622586Z   CC_NETWORK_FILTER: 
2025-07-25T13:00:32.0622771Z   CC_NETWORK_PREFIX: 
2025-07-25T13:00:32.0622956Z   CC_NETWORK_ROOT_FOLDER: 
2025-07-25T13:00:32.0623141Z   CC_OS: 
2025-07-25T13:00:32.0623296Z   CC_PARENT_SHA: 
2025-07-25T13:00:32.0623498Z   CC_PLUGINS: 
2025-07-25T13:00:32.0623685Z   CC_RECURSE_SUBMODULES: false
2025-07-25T13:00:32.0623896Z   CC_REPORT_TYPE: 
2025-07-25T13:00:32.0624081Z   CC_RUN_CMD: upload-coverage
2025-07-25T13:00:32.0624287Z   CC_SERVICE: github
2025-07-25T13:00:32.0624479Z   CC_SKIP_VALIDATION: false
2025-07-25T13:00:32.0624674Z   CC_SLUG: 
2025-07-25T13:00:32.0624827Z   CC_SWIFT_PROJECT: 
2025-07-25T13:00:32.0625005Z   CC_USE_PYPI: false
2025-07-25T13:00:32.0625376Z   CC_VERBOSE: false
2025-07-25T13:00:32.0625553Z   CC_VERSION: latest
2025-07-25T13:00:32.0625728Z   CC_YML_PATH: 
2025-07-25T13:00:32.0625894Z ##[endgroup]
2025-07-25T13:00:32.0693362Z      _____          _
2025-07-25T13:00:32.0693761Z     / ____|        | |
2025-07-25T13:00:32.0694151Z    | |     ___   __| | ___  ___ _____   __
2025-07-25T13:00:32.0694535Z    | |    / _ \ / _` |/ _ \/ __/ _ \ \ / /
2025-07-25T13:00:32.0694849Z    | |___| (_) | (_| |  __/ (_| (_) \ V /
2025-07-25T13:00:32.0695325Z     \_____\___/ \__,_|\___|\___\___/ \_/
2025-07-25T13:00:32.0696067Z                            [0;31m Wrapper-0.2.1[0m
2025-07-25T13:00:32.0696407Z                                   
2025-07-25T13:00:32.0747178Z [0;32m==>[0m Detected [0;36mlinux[0m
2025-07-25T13:00:32.0748249Z [0;32m ->[0m Downloading [0;36mhttps://cli.codecov.io/latest/linux/codecov[0m
2025-07-25T13:00:32.0799917Z   % Total    % Received % Xferd  Average Speed   Time    Time     Time  Current
2025-07-25T13:00:32.0800628Z                                  Dload  Upload   Total   Spent    Left  Speed
2025-07-25T13:00:32.0800987Z 
2025-07-25T13:00:32.2699289Z   0     0    0     0    0     0      0      0 --:--:-- --:--:-- --:--:--     0
2025-07-25T13:00:32.2699979Z 100 10.6M  100 10.6M    0     0  56.1M      0 --:--:-- --:--:-- --:--:-- 56.4M
2025-07-25T13:00:32.2723672Z [0;32m==>[0m Finishing downloading [0;36mlinux:latest[0m
2025-07-25T13:00:32.3228155Z       Version: [0;36mv11.0.3[0m
2025-07-25T13:00:32.3228469Z  
2025-07-25T13:00:32.6266428Z gpg: directory '/home/runner/.gnupg' created
2025-07-25T13:00:32.6308281Z gpg: keybox '/home/runner/.gnupg/pubring.kbx' created
2025-07-25T13:00:32.6466396Z gpg: /home/runner/.gnupg/trustdb.gpg: trustdb created
2025-07-25T13:00:32.6467860Z gpg: key 806BB28AED779869: public key "Codecov Uploader (Codecov Uploader Verification Key) <security@codecov.io>" imported
2025-07-25T13:00:32.6851963Z gpg: Total number processed: 1
2025-07-25T13:00:32.6852408Z gpg:               imported: 1
2025-07-25T13:00:32.6858065Z [0;32m==>[0m Verifying GPG signature integrity
2025-07-25T13:00:32.6859158Z [0;32m ->[0m Downloading [0;36mhttps://cli.codecov.io/latest/linux/codecov.SHA256SUM[0m
2025-07-25T13:00:32.6860269Z [0;32m ->[0m Downloading [0;36mhttps://cli.codecov.io/latest/linux/codecov.SHA256SUM.sig[0m
2025-07-25T13:00:32.6860935Z  
2025-07-25T13:00:32.7799731Z gpg: Signature made Thu May 29 21:23:31 2025 UTC
2025-07-25T13:00:32.7800619Z gpg:                using RSA key 27034E7FDB850E0BBC2C62FF806BB28AED779869
2025-07-25T13:00:32.7803079Z gpg: Good signature from "Codecov Uploader (Codecov Uploader Verification Key) <security@codecov.io>" [unknown]
2025-07-25T13:00:32.7804265Z gpg: WARNING: This key is not certified with a trusted signature!
2025-07-25T13:00:32.7804912Z gpg:          There is no indication that the signature belongs to the owner.
2025-07-25T13:00:32.7805839Z Primary key fingerprint: 2703 4E7F DB85 0E0B BC2C  62FF 806B B28A ED77 9869
2025-07-25T13:00:32.8610300Z codecov: OK
2025-07-25T13:00:32.8622127Z [0;32m==>[0m CLI integrity verified
2025-07-25T13:00:32.8622463Z 
2025-07-25T13:00:32.8702343Z [0;32m ->[0m Token of length 36 detected
2025-07-25T13:00:32.9269476Z [0;32m==>[0m Running upload-coverage
2025-07-25T13:00:32.9279839Z       [0;36m./codecov  upload-coverage -t <redacted> --git-service github --sha 5ee11fb14b6003c8b9204c9a59f42a191e426233 --gcov-executable gcov --name 3.11[0m
2025-07-25T13:00:33.2741656Z info - 2025-07-25 13:00:33,273 -- ci service found: github-actions
2025-07-25T13:00:33.3151055Z warning - 2025-07-25 13:00:33,314 -- xcrun is not installed or can't be found.
2025-07-25T13:00:33.3844892Z warning - 2025-07-25 13:00:33,384 -- No gcov data found.
2025-07-25T13:00:33.3849486Z warning - 2025-07-25 13:00:33,384 -- coverage.py is not installed or can't be found.
2025-07-25T13:00:33.4018046Z info - 2025-07-25 13:00:33,401 -- Found 1 coverage files to report
2025-07-25T13:00:33.4019077Z info - 2025-07-25 13:00:33,401 -- > /home/runner/work/tinuous/tinuous/coverage.xml
2025-07-25T13:00:33.9969298Z info - 2025-07-25 13:00:33,996 -- Your upload is now processing. When finished, results will be available at: https://app.codecov.io/github/con/tinuous/commit/5ee11fb14b6003c8b9204c9a59f42a191e426233
2025-07-25T13:00:34.1317109Z info - 2025-07-25 13:00:34,131 -- Process Upload complete
2025-07-25T13:00:34.3045553Z Post job cleanup.
2025-07-25T13:00:34.4650697Z Post job cleanup.
2025-07-25T13:00:34.5578659Z [command]/usr/bin/git version
2025-07-25T13:00:34.5621668Z git version 2.50.1
2025-07-25T13:00:34.5657311Z Copying '/home/runner/.gitconfig' to '/home/runner/work/_temp/7e3024d0-aa96-4cf3-9a9b-33c87da3d60e/.gitconfig'
2025-07-25T13:00:34.5667188Z Temporarily overriding HOME='/home/runner/work/_temp/7e3024d0-aa96-4cf3-9a9b-33c87da3d60e' before making global git config changes
2025-07-25T13:00:34.5669369Z Adding repository directory to the temporary git global config as a safe directory
2025-07-25T13:00:34.5672777Z [command]/usr/bin/git config --global --add safe.directory /home/runner/work/tinuous/tinuous
2025-07-25T13:00:34.5707238Z [command]/usr/bin/git config --local --name-only --get-regexp core\.sshCommand
2025-07-25T13:00:34.5739366Z [command]/usr/bin/git submodule foreach --recursive sh -c "git config --local --name-only --get-regexp 'core\.sshCommand' && git config --local --unset-all 'core.sshCommand' || :"
2025-07-25T13:00:34.5964656Z [command]/usr/bin/git config --local --name-only --get-regexp http\.https\:\/\/github\.com\/\.extraheader
2025-07-25T13:00:34.5985213Z http.https://github.com/.extraheader
2025-07-25T13:00:34.5998273Z [command]/usr/bin/git config --local --unset-all http.https://github.com/.extraheader
2025-07-25T13:00:34.6028175Z [command]/usr/bin/git submodule foreach --recursive sh -c "git config --local --name-only --get-regexp 'http\.https\:\/\/github\.com\/\.extraheader' && git config --local --unset-all 'http.https://github.com/.extraheader' || :"
2025-07-25T13:00:34.6352385Z Cleaning up orphan processes
