2025-07-25T13:00:10.6493261Z Current runner version: '2.326.0'
2025-07-25T13:00:10.6526275Z ##[group]Runner Image Provisioner
2025-07-25T13:00:10.6527449Z Hosted Compute Agent
2025-07-25T13:00:10.6528263Z Version: 20250711.363
2025-07-25T13:00:10.6529365Z Commit: 6785254374ce925a23743850c1cb91912ce5c14c
2025-07-25T13:00:10.6530436Z Build Date: 2025-07-11T20:04:25Z
2025-07-25T13:00:10.6531282Z ##[endgroup]
2025-07-25T13:00:10.6532316Z ##[group]Operating System
2025-07-25T13:00:10.6533166Z Ubuntu
2025-07-25T13:00:10.6533853Z 24.04.2
2025-07-25T13:00:10.6534688Z LTS
2025-07-25T13:00:10.6535615Z ##[endgroup]
2025-07-25T13:00:10.6536492Z ##[group]Runner Image
2025-07-25T13:00:10.6537412Z Image: ubuntu-24.04
2025-07-25T13:00:10.6538198Z Version: 20250720.1.0
2025-07-25T13:00:10.6539918Z Included Software: https://github.com/actions/runner-images/blob/ubuntu24/20250720.1/images/ubuntu/Ubuntu2404-Readme.md
2025-07-25T13:00:10.6542437Z Image Release: https://github.com/actions/runner-images/releases/tag/ubuntu24%2F20250720.1
2025-07-25T13:00:10.6544210Z ##[endgroup]
2025-07-25T13:00:10.6548455Z ##[group]GITHUB_TOKEN Permissions
2025-07-25T13:00:10.6551136Z Actions: write
2025-07-25T13:00:10.6551956Z Attestations: write
2025-07-25T13:00:10.6552771Z Checks: write
2025-07-25T13:00:10.6553664Z Contents: write
2025-07-25T13:00:10.6554483Z Deployments: write
2025-07-25T13:00:10.6555316Z Discussions: write
2025-07-25T13:00:10.6556506Z Issues: write
2025-07-25T13:00:10.6557236Z Metadata: read
2025-07-25T13:00:10.6558040Z Models: read
2025-07-25T13:00:10.6558917Z Packages: write
2025-07-25T13:00:10.6559750Z Pages: write
2025-07-25T13:00:10.6560493Z PullRequests: write
2025-07-25T13:00:10.6561423Z RepositoryProjects: write
2025-07-25T13:00:10.6562333Z SecurityEvents: write
2025-07-25T13:00:10.6563352Z Statuses: write
2025-07-25T13:00:10.6564154Z ##[endgroup]
2025-07-25T13:00:10.6567130Z Secret source: Actions
2025-07-25T13:00:10.6568155Z Prepare workflow directory
2025-07-25T13:00:10.7021406Z Prepare all required actions
2025-07-25T13:00:10.7075181Z Getting action download info
2025-07-25T13:00:11.0078581Z ##[group]Download immutable action package 'actions/checkout@v4'
2025-07-25T13:00:11.0079572Z Version: 4.2.2
2025-07-25T13:00:11.0080694Z Digest: sha256:ccb2698953eaebd21c7bf6268a94f9c26518a7e38e27e0b83c1fe1ad049819b1
2025-07-25T13:00:11.0081797Z Source commit SHA: 11bd71901bbe5b1630ceea73d27597364c9af683
2025-07-25T13:00:11.0082496Z ##[endgroup]
2025-07-25T13:00:11.1228282Z ##[group]Download immutable action package 'actions/setup-python@v5'
2025-07-25T13:00:11.1229107Z Version: 5.6.0
2025-07-25T13:00:11.1229896Z Digest: sha256:0b35a0c11c97499e4e0576589036d450b9f5f9da74b7774225b3614b57324404
2025-07-25T13:00:11.1230859Z Source commit SHA: a26af69be951a213d495a4c3e4e4022e16d87065
2025-07-25T13:00:11.1231563Z ##[endgroup]
2025-07-25T13:00:12.0443847Z Download action repository 'codecov/codecov-action@v5' (SHA:18283e04ce6e62d37312384ff67231eb8fd56d24)
2025-07-25T13:00:12.3007624Z Getting action download info
2025-07-25T13:00:12.5942504Z ##[group]Download immutable action package 'actions/github-script@v7'
2025-07-25T13:00:12.5943495Z Version: 7.0.1
2025-07-25T13:00:12.5944376Z Digest: sha256:bce02966afe3a75123f766b765abe432fac5464b74976015dc06b811ac9054c7
2025-07-25T13:00:12.5945946Z Source commit SHA: 60a0d83039c74a4aee543508d2ffcb1c3799cdea
2025-07-25T13:00:12.5946770Z ##[endgroup]
2025-07-25T13:00:12.8544558Z Complete job name: test (3.9, py)
2025-07-25T13:00:12.9263071Z ##[group]Run actions/checkout@v4
2025-07-25T13:00:12.9263974Z with:
2025-07-25T13:00:12.9264349Z   fetch-depth: 0
2025-07-25T13:00:12.9264801Z   repository: con/tinuous
2025-07-25T13:00:12.9265709Z   token: ***
2025-07-25T13:00:12.9266114Z   ssh-strict: true
2025-07-25T13:00:12.9266547Z   ssh-user: git
2025-07-25T13:00:12.9267006Z   persist-credentials: true
2025-07-25T13:00:12.9267547Z   clean: true
2025-07-25T13:00:12.9268002Z   sparse-checkout-cone-mode: true
2025-07-25T13:00:12.9268614Z   fetch-tags: false
2025-07-25T13:00:12.9269082Z   show-progress: true
2025-07-25T13:00:12.9269546Z   lfs: false
2025-07-25T13:00:12.9270207Z   submodules: false
2025-07-25T13:00:12.9270678Z   set-safe-directory: true
2025-07-25T13:00:12.9271491Z ##[endgroup]
2025-07-25T13:00:13.0327664Z Syncing repository: con/tinuous
2025-07-25T13:00:13.0329483Z ##[group]Getting Git version info
2025-07-25T13:00:13.0330382Z Working directory is '/home/runner/work/tinuous/tinuous'
2025-07-25T13:00:13.0331711Z [command]/usr/bin/git version
2025-07-25T13:00:13.0415831Z git version 2.50.1
2025-07-25T13:00:13.0441492Z ##[endgroup]
2025-07-25T13:00:13.0455250Z Temporarily overriding HOME='/home/runner/work/_temp/fde182d7-1b02-4d3b-8648-8758fd069ea8' before making global git config changes
2025-07-25T13:00:13.0457684Z Adding repository directory to the temporary git global config as a safe directory
2025-07-25T13:00:13.0459990Z [command]/usr/bin/git config --global --add safe.directory /home/runner/work/tinuous/tinuous
2025-07-25T13:00:13.0493664Z Deleting the contents of '/home/runner/work/tinuous/tinuous'
2025-07-25T13:00:13.0497406Z ##[group]Initializing the repository
2025-07-25T13:00:13.0501054Z [command]/usr/bin/git init /home/runner/work/tinuous/tinuous
2025-07-25T13:00:13.0567568Z hint: Using 'master' as the name for the initial branch. This default branch name
2025-07-25T13:00:13.0569161Z hint: is subject to change. To configure the initial branch name to use in all
2025-07-25T13:00:13.0570535Z hint: of your new repositories, which will suppress this warning, call:
2025-07-25T13:00:13.0571888Z hint:
2025-07-25T13:00:13.0572657Z hint: 	git config --global init.defaultBranch <name>
2025-07-25T13:00:13.0573439Z hint:
2025-07-25T13:00:13.0574131Z hint: Names commonly chosen instead of 'master' are 'main', 'trunk' and
2025-07-25T13:00:13.0575625Z hint: 'development'. The just-created branch can be renamed via this command:
2025-07-25T13:00:13.0576636Z hint:
2025-07-25T13:00:13.0577247Z hint: 	git branch -m <name>
2025-07-25T13:00:13.0577790Z hint:
2025-07-25T13:00:13.0578590Z hint: Disable this message with "git config set advice.defaultBranchName false"
2025-07-25T13:00:13.0580085Z Initialized empty Git repository in /home/runner/work/tinuous/tinuous/.git/
2025-07-25T13:00:13.0582750Z [command]/usr/bin/git remote add origin https://github.com/con/tinuous
2025-07-25T13:00:13.0618201Z ##[endgroup]
2025-07-25T13:00:13.0619698Z ##[group]Disabling automatic garbage collection
2025-07-25T13:00:13.0622748Z [command]/usr/bin/git config --local gc.auto 0
2025-07-25T13:00:13.0651733Z ##[endgroup]
2025-07-25T13:00:13.0653199Z ##[group]Setting up auth
2025-07-25T13:00:13.0659498Z [command]/usr/bin/git config --local --name-only --get-regexp core\.sshCommand
2025-07-25T13:00:13.0691073Z [command]/usr/bin/git submodule foreach --recursive sh -c "git config --local --name-only --get-regexp 'core\.sshCommand' && git config --local --unset-all 'core.sshCommand' || :"
2025-07-25T13:00:13.0999967Z [command]/usr/bin/git config --local --name-only --get-regexp http\.https\:\/\/github\.com\/\.extraheader
2025-07-25T13:00:13.1031135Z [command]/usr/bin/git submodule foreach --recursive sh -c "git config --local --name-only --get-regexp 'http\.https\:\/\/github\.com\/\.extraheader' && git config --local --unset-all 'http.https://github.com/.extraheader' || :"
2025-07-25T13:00:13.1248901Z [command]/usr/bin/git config --local http.https://github.com/.extraheader AUTHORIZATION: basic ***
2025-07-25T13:00:13.1281521Z ##[endgroup]
2025-07-25T13:00:13.1282719Z ##[group]Fetching the repository
2025-07-25T13:00:13.1292087Z [command]/usr/bin/git -c protocol.version=2 fetch --prune --no-recurse-submodules origin +refs/heads/*:refs/remotes/origin/* +refs/tags/*:refs/tags/* +e78703962ff12fbff0df3744fd968c1f700e7e27:refs/remotes/pull/211/merge
2025-07-25T13:00:13.3876418Z From https://github.com/con/tinuous
2025-07-25T13:00:13.3878211Z  * [new branch]      bf-circleci                              -> origin/bf-circleci
2025-07-25T13:00:13.3880010Z  * [new branch]      gh-55                                    -> origin/gh-55
2025-07-25T13:00:13.3881269Z  * [new branch]      master                                   -> origin/master
2025-07-25T13:00:13.3883263Z  * [new branch]      no-extra-search                          -> origin/no-extra-search
2025-07-25T13:00:13.3885310Z  * [new branch]      pragmata                                 -> origin/pragmata
2025-07-25T13:00:13.3887606Z  * [new branch]      test-appveyor                            -> origin/test-appveyor
2025-07-25T13:00:13.3889650Z  * [new tag]         0.1.0                                    -> 0.1.0
2025-07-25T13:00:13.3891105Z  * [new tag]         0.2.0                                    -> 0.2.0
2025-07-25T13:00:13.3892457Z  * [new tag]         0.3.0                                    -> 0.3.0
2025-07-25T13:00:13.3893797Z  * [new tag]         0.4.0                                    -> 0.4.0
2025-07-25T13:00:13.3895287Z  * [new tag]         0.5.0                                    -> 0.5.0
2025-07-25T13:00:13.3897361Z  * [new tag]         0.5.1                                    -> 0.5.1
2025-07-25T13:00:13.3898894Z  * [new tag]         0.5.2                                    -> 0.5.2
2025-07-25T13:00:13.3900295Z  * [new tag]         0.5.3                                    -> 0.5.3
2025-07-25T13:00:13.3901360Z  * [new tag]         0.5.4                                    -> 0.5.4
2025-07-25T13:00:13.3902265Z  * [new tag]         0.6.0                                    -> 0.6.0
2025-07-25T13:00:13.3903514Z  * [new tag]         0.6.1                                    -> 0.6.1
2025-07-25T13:00:13.3904615Z  * [new tag]         0.7.0                                    -> 0.7.0
2025-07-25T13:00:13.3905845Z  * [new ref]         e78703962ff12fbff0df3744fd968c1f700e7e27 -> pull/211/merge
2025-07-25T13:00:13.3936868Z ##[endgroup]
2025-07-25T13:00:13.3938389Z ##[group]Determining the checkout info
2025-07-25T13:00:13.3940060Z ##[endgroup]
2025-07-25T13:00:13.3944747Z [command]/usr/bin/git sparse-checkout disable
2025-07-25T13:00:13.3984905Z [command]/usr/bin/git config --local --unset-all extensions.worktreeConfig
2025-07-25T13:00:13.4012237Z ##[group]Checking out the ref
2025-07-25T13:00:13.4016228Z [command]/usr/bin/git checkout --progress --force refs/remotes/pull/211/merge
2025-07-25T13:00:13.4064405Z Note: switching to 'refs/remotes/pull/211/merge'.
2025-07-25T13:00:13.4065627Z 
2025-07-25T13:00:13.4066345Z You are in 'detached HEAD' state. You can look around, make experimental
2025-07-25T13:00:13.4067676Z changes and commit them, and you can discard any commits you make in this
2025-07-25T13:00:13.4069559Z state without impacting any branches by switching back to a branch.
2025-07-25T13:00:13.4070868Z 
2025-07-25T13:00:13.4071739Z If you want to create a new branch to retain commits you create, you may
2025-07-25T13:00:13.4073777Z do so (now or later) by using -c with the switch command. Example:
2025-07-25T13:00:13.4074957Z 
2025-07-25T13:00:13.4075304Z   git switch -c <new-branch-name>
2025-07-25T13:00:13.4076298Z 
2025-07-25T13:00:13.4076680Z Or undo this operation with:
2025-07-25T13:00:13.4077374Z 
2025-07-25T13:00:13.4077674Z   git switch -
2025-07-25T13:00:13.4078126Z 
2025-07-25T13:00:13.4079029Z Turn off this advice by setting config variable advice.detachedHead to false
2025-07-25T13:00:13.4080441Z 
2025-07-25T13:00:13.4082187Z HEAD is now at e787039 Merge 5ee11fb14b6003c8b9204c9a59f42a191e426233 into fe72f741cc1eb180020d3122eaff7b8c0fc3efab
2025-07-25T13:00:13.4086639Z ##[endgroup]
2025-07-25T13:00:13.4108824Z [command]/usr/bin/git log -1 --format=%H
2025-07-25T13:00:13.4130978Z e78703962ff12fbff0df3744fd968c1f700e7e27
2025-07-25T13:00:13.4372018Z ##[group]Run actions/setup-python@v5
2025-07-25T13:00:13.4372636Z with:
2025-07-25T13:00:13.4373014Z   python-version: 3.9
2025-07-25T13:00:13.4373483Z   check-latest: false
2025-07-25T13:00:13.4374141Z   token: ***
2025-07-25T13:00:13.4374560Z   update-environment: true
2025-07-25T13:00:13.4375088Z   allow-prereleases: false
2025-07-25T13:00:13.4375795Z   freethreaded: false
2025-07-25T13:00:13.4376236Z ##[endgroup]
2025-07-25T13:00:13.6003208Z ##[group]Installed versions
2025-07-25T13:00:13.6094690Z Successfully set up CPython (3.9.23)
2025-07-25T13:00:13.6096626Z ##[endgroup]
2025-07-25T13:00:13.6237832Z ##[group]Run python -m pip install --upgrade pip wheel
2025-07-25T13:00:13.6238770Z [36;1mpython -m pip install --upgrade pip wheel[0m
2025-07-25T13:00:13.6239708Z [36;1mpython -m pip install --upgrade --upgrade-strategy=eager tox[0m
2025-07-25T13:00:13.6278956Z shell: /usr/bin/bash -e {0}
2025-07-25T13:00:13.6279483Z env:
2025-07-25T13:00:13.6280032Z   pythonLocation: /opt/hostedtoolcache/Python/3.9.23/x64
2025-07-25T13:00:13.6281007Z   PKG_CONFIG_PATH: /opt/hostedtoolcache/Python/3.9.23/x64/lib/pkgconfig
2025-07-25T13:00:13.6281957Z   Python_ROOT_DIR: /opt/hostedtoolcache/Python/3.9.23/x64
2025-07-25T13:00:13.6282795Z   Python2_ROOT_DIR: /opt/hostedtoolcache/Python/3.9.23/x64
2025-07-25T13:00:13.6283653Z   Python3_ROOT_DIR: /opt/hostedtoolcache/Python/3.9.23/x64
2025-07-25T13:00:13.6284508Z   LD_LIBRARY_PATH: /opt/hostedtoolcache/Python/3.9.23/x64/lib
2025-07-25T13:00:13.6285210Z ##[endgroup]
2025-07-25T13:00:14.2394101Z Requirement already satisfied: pip in /opt/hostedtoolcache/Python/3.9.23/x64/lib/python3.9/site-packages (25.1.1)
2025-07-25T13:00:14.3317594Z Collecting wheel
2025-07-25T13:00:14.5812501Z   Downloading wheel-0.45.1-py3-none-any.whl.metadata (2.3 kB)
2025-07-25T13:00:14.5945595Z Downloading wheel-0.45.1-py3-none-any.whl (72 kB)
2025-07-25T13:00:14.6244289Z Installing collected packages: wheel
2025-07-25T13:00:14.6708247Z Successfully installed wheel-0.45.1
2025-07-25T13:00:15.2163220Z Collecting tox
2025-07-25T13:00:15.2379239Z   Downloading tox-4.28.1-py3-none-any.whl.metadata (3.6 kB)
2025-07-25T13:00:15.2616531Z Collecting cachetools>=6.1 (from tox)
2025-07-25T13:00:15.2695017Z   Downloading cachetools-6.1.0-py3-none-any.whl.metadata (5.4 kB)
2025-07-25T13:00:15.2863958Z Collecting chardet>=5.2 (from tox)
2025-07-25T13:00:15.2942831Z   Downloading chardet-5.2.0-py3-none-any.whl.metadata (3.4 kB)
2025-07-25T13:00:15.3153833Z Collecting colorama>=0.4.6 (from tox)
2025-07-25T13:00:15.3232190Z   Downloading colorama-0.4.6-py2.py3-none-any.whl.metadata (17 kB)
2025-07-25T13:00:15.3479410Z Collecting filelock>=3.18 (from tox)
2025-07-25T13:00:15.3556294Z   Downloading filelock-3.18.0-py3-none-any.whl.metadata (2.9 kB)
2025-07-25T13:00:15.3810304Z Collecting packaging>=25 (from tox)
2025-07-25T13:00:15.3890026Z   Downloading packaging-25.0-py3-none-any.whl.metadata (3.3 kB)
2025-07-25T13:00:15.4114482Z Collecting platformdirs>=4.3.8 (from tox)
2025-07-25T13:00:15.4193156Z   Downloading platformdirs-4.3.8-py3-none-any.whl.metadata (12 kB)
2025-07-25T13:00:15.4394634Z Collecting pluggy>=1.6 (from tox)
2025-07-25T13:00:15.4474131Z   Downloading pluggy-1.6.0-py3-none-any.whl.metadata (4.8 kB)
2025-07-25T13:00:15.4655024Z Collecting pyproject-api>=1.9.1 (from tox)
2025-07-25T13:00:15.4731659Z   Downloading pyproject_api-1.9.1-py3-none-any.whl.metadata (2.7 kB)
2025-07-25T13:00:15.4944810Z Collecting tomli>=2.2.1 (from tox)
2025-07-25T13:00:15.5027356Z   Downloading tomli-2.2.1-py3-none-any.whl.metadata (10 kB)
2025-07-25T13:00:15.5250066Z Collecting typing-extensions>=4.14.1 (from tox)
2025-07-25T13:00:15.5326305Z   Downloading typing_extensions-4.14.1-py3-none-any.whl.metadata (3.0 kB)
2025-07-25T13:00:15.5818639Z Collecting virtualenv>=20.31.2 (from tox)
2025-07-25T13:00:15.5895547Z   Downloading virtualenv-20.32.0-py3-none-any.whl.metadata (4.5 kB)
2025-07-25T13:00:15.6205094Z Collecting distlib<1,>=0.3.7 (from virtualenv>=20.31.2->tox)
2025-07-25T13:00:15.6284764Z   Downloading distlib-0.4.0-py2.py3-none-any.whl.metadata (5.2 kB)
2025-07-25T13:00:15.6494190Z Downloading tox-4.28.1-py3-none-any.whl (173 kB)
2025-07-25T13:00:15.6701710Z Downloading cachetools-6.1.0-py3-none-any.whl (11 kB)
2025-07-25T13:00:15.6794688Z Downloading chardet-5.2.0-py3-none-any.whl (199 kB)
2025-07-25T13:00:15.6909177Z Downloading colorama-0.4.6-py2.py3-none-any.whl (25 kB)
2025-07-25T13:00:15.7023003Z Downloading filelock-3.18.0-py3-none-any.whl (16 kB)
2025-07-25T13:00:15.7137875Z Downloading packaging-25.0-py3-none-any.whl (66 kB)
2025-07-25T13:00:15.7239766Z Downloading platformdirs-4.3.8-py3-none-any.whl (18 kB)
2025-07-25T13:00:15.7349633Z Downloading pluggy-1.6.0-py3-none-any.whl (20 kB)
2025-07-25T13:00:15.7446508Z Downloading pyproject_api-1.9.1-py3-none-any.whl (13 kB)
2025-07-25T13:00:15.7542267Z Downloading tomli-2.2.1-py3-none-any.whl (14 kB)
2025-07-25T13:00:15.7637108Z Downloading typing_extensions-4.14.1-py3-none-any.whl (43 kB)
2025-07-25T13:00:15.7732626Z Downloading virtualenv-20.32.0-py3-none-any.whl (6.1 MB)
2025-07-25T13:00:15.8086913Z    ━━━━━━━━━━━━━━━━━━━━━━━━━━━━━━━━━━━━━━━━ 6.1/6.1 MB 180.6 MB/s eta 0:00:00
2025-07-25T13:00:15.8162711Z Downloading distlib-0.4.0-py2.py3-none-any.whl (469 kB)
2025-07-25T13:00:15.8784973Z Installing collected packages: distlib, typing-extensions, tomli, pluggy, platformdirs, packaging, filelock, colorama, chardet, cachetools, virtualenv, pyproject-api, tox
2025-07-25T13:00:16.5322938Z 
2025-07-25T13:00:16.5363496Z Successfully installed cachetools-6.1.0 chardet-5.2.0 colorama-0.4.6 distlib-0.4.0 filelock-3.18.0 packaging-25.0 platformdirs-4.3.8 pluggy-1.6.0 pyproject-api-1.9.1 tomli-2.2.1 tox-4.28.1 typing-extensions-4.14.1 virtualenv-20.32.0
2025-07-25T13:00:16.5944221Z ##[group]Run tox -e py -- --cov-report=xml
2025-07-25T13:00:16.5944568Z [36;1mtox -e py -- --cov-report=xml[0m
2025-07-25T13:00:16.5973273Z shell: /usr/bin/bash -e {0}
2025-07-25T13:00:16.5973502Z env:
2025-07-25T13:00:16.5973746Z   pythonLocation: /opt/hostedtoolcache/Python/3.9.23/x64
2025-07-25T13:00:16.5974140Z   PKG_CONFIG_PATH: /opt/hostedtoolcache/Python/3.9.23/x64/lib/pkgconfig
2025-07-25T13:00:16.5974519Z   Python_ROOT_DIR: /opt/hostedtoolcache/Python/3.9.23/x64
2025-07-25T13:00:16.5974847Z   Python2_ROOT_DIR: /opt/hostedtoolcache/Python/3.9.23/x64
2025-07-25T13:00:16.5975202Z   Python3_ROOT_DIR: /opt/hostedtoolcache/Python/3.9.23/x64
2025-07-25T13:00:16.5975768Z   LD_LIBRARY_PATH: /opt/hostedtoolcache/Python/3.9.23/x64/lib
2025-07-25T13:00:16.5976052Z ##[endgroup]
2025-07-25T13:00:17.2216307Z py: install_deps> python -I -m pip install pytest pytest-cov pytest-mock
2025-07-25T13:00:20.1734031Z .pkg: install_requires> python -I -m pip install 'setuptools>=46.4.0' versioningit
2025-07-25T13:00:21.4072160Z .pkg: _optional_hooks> python /opt/hostedtoolcache/Python/3.9.23/x64/lib/python3.9/site-packages/pyproject_api/_backend.py True setuptools.build_meta
2025-07-25T13:00:21.6684467Z .pkg: get_requires_for_build_sdist> python /opt/hostedtoolcache/Python/3.9.23/x64/lib/python3.9/site-packages/pyproject_api/_backend.py True setuptools.build_meta
2025-07-25T13:00:21.9280007Z .pkg: get_requires_for_build_wheel> python /opt/hostedtoolcache/Python/3.9.23/x64/lib/python3.9/site-packages/pyproject_api/_backend.py True setuptools.build_meta
2025-07-25T13:00:22.1603599Z .pkg: freeze> python -m pip freeze --all
2025-07-25T13:00:22.3972174Z .pkg: importlib_metadata==8.7.0,packaging==25.0,pip==25.1.1,setuptools==80.9.0,tomli==2.2.1,versioningit==3.3.0,zipp==3.23.0
2025-07-25T13:00:22.3978871Z .pkg: prepare_metadata_for_build_wheel> python /opt/hostedtoolcache/Python/3.9.23/x64/lib/python3.9/site-packages/pyproject_api/_backend.py True setuptools.build_meta
2025-07-25T13:00:22.6498838Z .pkg: build_sdist> python /opt/hostedtoolcache/Python/3.9.23/x64/lib/python3.9/site-packages/pyproject_api/_backend.py True setuptools.build_meta
2025-07-25T13:00:22.9166611Z py: install_package_deps> python -I -m pip install 'PyYAML>=5.0' 'click-loglevel~=0.2' 'click>=7.0' 'ghtoken~=0.1' 'in_place~=1.0' 'pydantic~=2.0' 'python-dateutil~=2.7' 'python-dotenv<2.0,>=0.11' 'requests~=2.20' 'typing_extensions; python_version < "3.9"'
2025-07-25T13:00:26.4018879Z py: install_package> python -I -m pip install --force-reinstall --no-deps /home/runner/work/tinuous/tinuous/.tox/.tmp/package/1/tinuous-0.7.0.post15+ge787039.tar.gz
2025-07-25T13:00:28.7343188Z py: freeze> python -m pip freeze --all
2025-07-25T13:00:28.9864074Z py: annotated-types==0.7.0,certifi==2025.7.14,charset-normalizer==3.4.2,click==8.1.8,click-loglevel==0.6.1,coverage==7.10.0,exceptiongroup==1.3.0,ghtoken==0.1.2,idna==3.10,in_place==1.0.1,iniconfig==2.1.0,packaging==25.0,pip==25.1.1,pluggy==1.6.0,pydantic==2.11.7,pydantic_core==2.33.2,Pygments==2.19.2,pytest==8.4.1,pytest-cov==6.2.1,pytest-mock==3.14.1,python-dateutil==2.9.0.post0,python-dotenv==1.1.1,PyYAML==6.0.2,requests==2.32.4,ruamel.yaml==0.18.14,ruamel.yaml.clib==0.2.12,setuptools==80.9.0,six==1.17.0,tinuous @ file:///home/runner/work/tinuous/tinuous/.tox/.tmp/package/1/tinuous-0.7.0.post15%2Bge787039.tar.gz#sha256=300b1e6e0abfb27e3bd1b71336b87d9ad9fdd47e23dc8cde7a89a1f7f74524ba,tomli==2.2.1,typing-inspection==0.4.1,typing_extensions==4.14.1,urllib3==2.5.0
2025-07-25T13:00:28.9869270Z py: commands[0]> tinuous --help
2025-07-25T13:00:29.2882944Z Usage: tinuous [OPTIONS] COMMAND [ARGS]...
2025-07-25T13:00:29.2883291Z 
2025-07-25T13:00:29.2883886Z   Download build logs from GitHub Actions, Travis, Appveyor, and CircleCI
2025-07-25T13:00:29.2884315Z 
2025-07-25T13:00:29.2884428Z Options:
2025-07-25T13:00:29.2884838Z   -V, --version                   Show the version and exit.
2025-07-25T13:00:29.2885544Z   -c, --config FILE               Read configuration from the given file
2025-07-25T13:00:29.2886567Z                                   [default: tinuous.yaml]
2025-07-25T13:00:29.2887090Z   -E, --env FILE                  Load environment variables from given .env
2025-07-25T13:00:29.2887564Z                                   file
2025-07-25T13:00:29.2888013Z   -l, --log-level [NOTSET|DEBUG|INFO|WARNING|ERROR|CRITICAL]
2025-07-25T13:00:29.2888502Z                                   Set logging level  [default: INFO]
2025-07-25T13:00:29.2888950Z   --help                          Show this message and exit.
2025-07-25T13:00:29.2889263Z 
2025-07-25T13:00:29.2889363Z Commands:
2025-07-25T13:00:29.2889618Z   fetch         Download logs
2025-07-25T13:00:29.2890011Z   fetch-commit  Download logs for a specific commit
2025-07-25T13:00:29.2890459Z   sanitize      Sanitize secrets in logs
2025-07-25T13:00:29.3151442Z py: commands[1]> pytest --cov-report=xml test
2025-07-25T13:00:30.1177673Z ============================= test session starts ==============================
2025-07-25T13:00:30.1178502Z platform linux -- Python 3.9.23, pytest-8.4.1, pluggy-1.6.0
2025-07-25T13:00:30.1178912Z cachedir: .tox/py/.pytest_cache
2025-07-25T13:00:30.1179233Z rootdir: /home/runner/work/tinuous/tinuous
2025-07-25T13:00:30.1179548Z configfile: tox.ini
2025-07-25T13:00:30.1179792Z plugins: cov-6.2.1, mock-3.14.1
2025-07-25T13:00:30.1180062Z collected 64 items
2025-07-25T13:00:30.1180202Z 
2025-07-25T13:00:30.1309542Z test/test_base.py .........                                              [ 14%]
2025-07-25T13:00:30.1428482Z test/test_config.py ........                                             [ 26%]
2025-07-25T13:00:30.1655956Z test/test_state.py ........                                              [ 39%]
2025-07-25T13:00:30.4836100Z test/test_util.py .......................................                [100%]
2025-07-25T13:00:30.4836728Z 
2025-07-25T13:00:30.4836974Z ================================ tests coverage ================================
2025-07-25T13:00:30.4837809Z _______________ coverage: platform linux, python 3.9.23-final-0 ________________
2025-07-25T13:00:30.4838361Z 
2025-07-25T13:00:30.4838582Z Coverage XML written to file coverage.xml
2025-07-25T13:00:30.4838992Z ============================== 64 passed in 0.74s ==============================
2025-07-25T13:00:30.5328799Z   py: OK (13.66=setup[12.12]+cmd[0.33,1.22] seconds)
2025-07-25T13:00:30.5329339Z   congratulations :) (13.78 seconds)
2025-07-25T13:00:30.5876112Z ##[group]Run codecov/codecov-action@v5
2025-07-25T13:00:30.5876419Z with:
2025-07-25T13:00:30.5876593Z   fail_ci_if_error: false
2025-07-25T13:00:30.5876990Z   token: ***
2025-07-25T13:00:30.5877154Z   name: 3.9
2025-07-25T13:00:30.5877322Z   disable_file_fixes: false
2025-07-25T13:00:30.5877536Z   disable_search: false
2025-07-25T13:00:30.5877738Z   disable_safe_directory: false
2025-07-25T13:00:30.5878142Z   disable_telem: false
2025-07-25T13:00:30.5878329Z   dry_run: false
2025-07-25T13:00:30.5878502Z   git_service: github
2025-07-25T13:00:30.5878691Z   gcov_executable: gcov
2025-07-25T13:00:30.5878894Z   handle_no_reports_found: false
2025-07-25T13:00:30.5879111Z   recurse_submodules: false
2025-07-25T13:00:30.5879327Z   run_command: upload-coverage
2025-07-25T13:00:30.5879534Z   skip_validation: false
2025-07-25T13:00:30.5879746Z   use_legacy_upload_endpoint: false
2025-07-25T13:00:30.5879973Z   use_oidc: false
2025-07-25T13:00:30.5880143Z   use_pypi: false
2025-07-25T13:00:30.5880340Z   verbose: false
2025-07-25T13:00:30.5880506Z   version: latest
2025-07-25T13:00:30.5880671Z env:
2025-07-25T13:00:30.5880891Z   pythonLocation: /opt/hostedtoolcache/Python/3.9.23/x64
2025-07-25T13:00:30.5881288Z   PKG_CONFIG_PATH: /opt/hostedtoolcache/Python/3.9.23/x64/lib/pkgconfig
2025-07-25T13:00:30.5881686Z   Python_ROOT_DIR: /opt/hostedtoolcache/Python/3.9.23/x64
2025-07-25T13:00:30.5882022Z   Python2_ROOT_DIR: /opt/hostedtoolcache/Python/3.9.23/x64
2025-07-25T13:00:30.5882369Z   Python3_ROOT_DIR: /opt/hostedtoolcache/Python/3.9.23/x64
2025-07-25T13:00:30.5882705Z   LD_LIBRARY_PATH: /opt/hostedtoolcache/Python/3.9.23/x64/lib
2025-07-25T13:00:30.5882980Z ##[endgroup]
2025-07-25T13:00:30.5951979Z ##[group]Run CC_ACTION_VERSION=$(cat ${GITHUB_ACTION_PATH}/src/version)
2025-07-25T13:00:30.5952402Z [36;1mCC_ACTION_VERSION=$(cat ${GITHUB_ACTION_PATH}/src/version)[0m
2025-07-25T13:00:30.5952804Z [36;1mecho -e "\033[0;32m==>\033[0m Running Action version $CC_ACTION_VERSION"[0m
2025-07-25T13:00:30.5982214Z shell: /usr/bin/bash --noprofile --norc -e -o pipefail {0}
2025-07-25T13:00:30.5982532Z env:
2025-07-25T13:00:30.5982777Z   pythonLocation: /opt/hostedtoolcache/Python/3.9.23/x64
2025-07-25T13:00:30.5983175Z   PKG_CONFIG_PATH: /opt/hostedtoolcache/Python/3.9.23/x64/lib/pkgconfig
2025-07-25T13:00:30.5983563Z   Python_ROOT_DIR: /opt/hostedtoolcache/Python/3.9.23/x64
2025-07-25T13:00:30.5983920Z   Python2_ROOT_DIR: /opt/hostedtoolcache/Python/3.9.23/x64
2025-07-25T13:00:30.5984264Z   Python3_ROOT_DIR: /opt/hostedtoolcache/Python/3.9.23/x64
2025-07-25T13:00:30.5984604Z   LD_LIBRARY_PATH: /opt/hostedtoolcache/Python/3.9.23/x64/lib
2025-07-25T13:00:30.5984882Z ##[endgroup]
2025-07-25T13:00:30.6045699Z [0;32m==>[0m Running Action version 5.4.3
2025-07-25T13:00:30.6088552Z ##[group]Run git config --global --add safe.directory "/home/runner/work/tinuous/tinuous"
2025-07-25T13:00:30.6089083Z [36;1mgit config --global --add safe.directory "/home/runner/work/tinuous/tinuous"[0m
2025-07-25T13:00:30.6089535Z [36;1mgit config --global --add safe.directory "$GITHUB_WORKSPACE"[0m
2025-07-25T13:00:30.6115082Z shell: /usr/bin/bash --noprofile --norc -e -o pipefail {0}
2025-07-25T13:00:30.6115578Z env:
2025-07-25T13:00:30.6115831Z   pythonLocation: /opt/hostedtoolcache/Python/3.9.23/x64
2025-07-25T13:00:30.6116221Z   PKG_CONFIG_PATH: /opt/hostedtoolcache/Python/3.9.23/x64/lib/pkgconfig
2025-07-25T13:00:30.6116618Z   Python_ROOT_DIR: /opt/hostedtoolcache/Python/3.9.23/x64
2025-07-25T13:00:30.6116970Z   Python2_ROOT_DIR: /opt/hostedtoolcache/Python/3.9.23/x64
2025-07-25T13:00:30.6117315Z   Python3_ROOT_DIR: /opt/hostedtoolcache/Python/3.9.23/x64
2025-07-25T13:00:30.6117661Z   LD_LIBRARY_PATH: /opt/hostedtoolcache/Python/3.9.23/x64/lib
2025-07-25T13:00:30.6117940Z ##[endgroup]
2025-07-25T13:00:30.6212717Z ##[group]Run CC_FORK="false"
2025-07-25T13:00:30.6212959Z [36;1mCC_FORK="false"[0m
2025-07-25T13:00:30.6213626Z [36;1mif [ -n "$GITHUB_EVENT_PULL_REQUEST_HEAD_REPO_FULL_NAME" ] && [ "$GITHUB_EVENT_PULL_REQUEST_HEAD_REPO_FULL_NAME" != "$GITHUB_REPOSITORY" ];[0m
2025-07-25T13:00:30.6214139Z [36;1mthen[0m
2025-07-25T13:00:30.6214428Z [36;1m  echo -e "\033[0;32m==>\033[0m Fork detected"[0m
2025-07-25T13:00:30.6214718Z [36;1m  CC_FORK="true"[0m
2025-07-25T13:00:30.6214913Z [36;1mfi[0m
2025-07-25T13:00:30.6215109Z [36;1mecho "CC_FORK=$CC_FORK" >> "$GITHUB_ENV"[0m
2025-07-25T13:00:30.6240567Z shell: /usr/bin/bash --noprofile --norc -e -o pipefail {0}
2025-07-25T13:00:30.6241029Z env:
2025-07-25T13:00:30.6241271Z   pythonLocation: /opt/hostedtoolcache/Python/3.9.23/x64
2025-07-25T13:00:30.6241666Z   PKG_CONFIG_PATH: /opt/hostedtoolcache/Python/3.9.23/x64/lib/pkgconfig
2025-07-25T13:00:30.6242042Z   Python_ROOT_DIR: /opt/hostedtoolcache/Python/3.9.23/x64
2025-07-25T13:00:30.6242385Z   Python2_ROOT_DIR: /opt/hostedtoolcache/Python/3.9.23/x64
2025-07-25T13:00:30.6242714Z   Python3_ROOT_DIR: /opt/hostedtoolcache/Python/3.9.23/x64
2025-07-25T13:00:30.6243056Z   LD_LIBRARY_PATH: /opt/hostedtoolcache/Python/3.9.23/x64/lib
2025-07-25T13:00:30.6243396Z   GITHUB_EVENT_PULL_REQUEST_HEAD_LABEL: con:bf-circleci
2025-07-25T13:00:30.6243720Z   GITHUB_EVENT_PULL_REQUEST_HEAD_REPO_FULL_NAME: con/tinuous
2025-07-25T13:00:30.6244014Z   GITHUB_REPOSITORY: con/tinuous
2025-07-25T13:00:30.6244234Z ##[endgroup]
2025-07-25T13:00:30.6339543Z ##[group]Run actions/github-script@v7
2025-07-25T13:00:30.6339784Z with:
2025-07-25T13:00:30.6340303Z   script: if (process.env.CC_USE_OIDC === 'true' && process.env.CC_FORK != 'true') {
  const id_token = await core.getIDToken(process.env.CC_OIDC_AUDIENCE)
  return id_token
}

2025-07-25T13:00:30.6341013Z   github-token: ***
2025-07-25T13:00:30.6341205Z   debug: false
2025-07-25T13:00:30.6341398Z   user-agent: actions/github-script
2025-07-25T13:00:30.6341638Z   result-encoding: json
2025-07-25T13:00:30.6341825Z   retries: 0
2025-07-25T13:00:30.6342032Z   retry-exempt-status-codes: 400,401,403,404,422
2025-07-25T13:00:30.6342285Z env:
2025-07-25T13:00:30.6342512Z   pythonLocation: /opt/hostedtoolcache/Python/3.9.23/x64
2025-07-25T13:00:30.6342893Z   PKG_CONFIG_PATH: /opt/hostedtoolcache/Python/3.9.23/x64/lib/pkgconfig
2025-07-25T13:00:30.6343263Z   Python_ROOT_DIR: /opt/hostedtoolcache/Python/3.9.23/x64
2025-07-25T13:00:30.6343591Z   Python2_ROOT_DIR: /opt/hostedtoolcache/Python/3.9.23/x64
2025-07-25T13:00:30.6343919Z   Python3_ROOT_DIR: /opt/hostedtoolcache/Python/3.9.23/x64
2025-07-25T13:00:30.6344252Z   LD_LIBRARY_PATH: /opt/hostedtoolcache/Python/3.9.23/x64/lib
2025-07-25T13:00:30.6344536Z   CC_FORK: false
2025-07-25T13:00:30.6344734Z   CC_OIDC_AUDIENCE: https://codecov.io
2025-07-25T13:00:30.6344983Z   CC_USE_OIDC: false
2025-07-25T13:00:30.6345170Z ##[endgroup]
2025-07-25T13:00:30.7271277Z ##[group]Run if [ "false" == 'true' ] && [ "$CC_FORK" != 'true' ];
2025-07-25T13:00:30.7271675Z [36;1mif [ "false" == 'true' ] && [ "$CC_FORK" != 'true' ];[0m
2025-07-25T13:00:30.7271951Z [36;1mthen[0m
2025-07-25T13:00:30.7272178Z [36;1m  echo "CC_TOKEN=$CC_OIDC_TOKEN" >> "$GITHUB_ENV"[0m
2025-07-25T13:00:30.7272466Z [36;1melif [ -n "" ];[0m
2025-07-25T13:00:30.7272665Z [36;1mthen[0m
2025-07-25T13:00:30.7272892Z [36;1m  echo -e "\033[0;32m==>\033[0m Token set from env"[0m
2025-07-25T13:00:30.7273260Z [36;1m    echo "CC_TOKEN=" >> "$GITHUB_ENV"[0m
2025-07-25T13:00:30.7273627Z [36;1melse[0m
2025-07-25T13:00:30.7274046Z [36;1m  if [ -n "***" ];[0m
2025-07-25T13:00:30.7274248Z [36;1m  then[0m
2025-07-25T13:00:30.7274477Z [36;1m    echo -e "\033[0;32m==>\033[0m Token set from input"[0m
2025-07-25T13:00:30.7274874Z [36;1m    CC_TOKEN=$(echo "***" | tr -d '\n')[0m
2025-07-25T13:00:30.7275156Z [36;1m    echo "CC_TOKEN=$CC_TOKEN" >> "$GITHUB_ENV"[0m
2025-07-25T13:00:30.7275587Z [36;1m  fi[0m
2025-07-25T13:00:30.7275763Z [36;1mfi[0m
2025-07-25T13:00:30.7303852Z shell: /usr/bin/bash --noprofile --norc -e -o pipefail {0}
2025-07-25T13:00:30.7304158Z env:
2025-07-25T13:00:30.7304397Z   pythonLocation: /opt/hostedtoolcache/Python/3.9.23/x64
2025-07-25T13:00:30.7304969Z   PKG_CONFIG_PATH: /opt/hostedtoolcache/Python/3.9.23/x64/lib/pkgconfig
2025-07-25T13:00:30.7305530Z   Python_ROOT_DIR: /opt/hostedtoolcache/Python/3.9.23/x64
2025-07-25T13:00:30.7305898Z   Python2_ROOT_DIR: /opt/hostedtoolcache/Python/3.9.23/x64
2025-07-25T13:00:30.7306256Z   Python3_ROOT_DIR: /opt/hostedtoolcache/Python/3.9.23/x64
2025-07-25T13:00:30.7306595Z   LD_LIBRARY_PATH: /opt/hostedtoolcache/Python/3.9.23/x64/lib
2025-07-25T13:00:30.7306879Z   CC_FORK: false
2025-07-25T13:00:30.7307205Z   CC_OIDC_TOKEN: 
2025-07-25T13:00:30.7307404Z   CC_OIDC_AUDIENCE: https://codecov.io
2025-07-25T13:00:30.7307642Z ##[endgroup]
2025-07-25T13:00:30.7355956Z [0;32m==>[0m Token set from input
2025-07-25T13:00:30.7393462Z ##[group]Run if [ -z "$CC_BRANCH" ] && [ -z "$CC_TOKEN" ] && [ "$CC_FORK" == 'true' ]
2025-07-25T13:00:30.7393895Z [36;1mif [ -z "$CC_BRANCH" ] && [ -z "$CC_TOKEN" ] && [ "$CC_FORK" == 'true' ][0m
2025-07-25T13:00:30.7394252Z [36;1mthen[0m
2025-07-25T13:00:30.7394598Z [36;1m  echo -e "\033[0;32m==>\033[0m Fork detected, setting branch to $GITHUB_EVENT_PULL_REQUEST_HEAD_LABEL"[0m
2025-07-25T13:00:30.7395050Z [36;1m  TOKENLESS="$GITHUB_EVENT_PULL_REQUEST_HEAD_LABEL"[0m
2025-07-25T13:00:30.7395612Z [36;1m  CC_BRANCH="$GITHUB_EVENT_PULL_REQUEST_HEAD_LABEL"[0m
2025-07-25T13:00:30.7395924Z [36;1m  echo "TOKENLESS=$TOKENLESS" >> "$GITHUB_ENV"[0m
2025-07-25T13:00:30.7396178Z [36;1mfi[0m
2025-07-25T13:00:30.7396333Z [36;1m[0m
2025-07-25T13:00:30.7396536Z [36;1mecho "CC_BRANCH=$CC_BRANCH" >> "$GITHUB_ENV"[0m
2025-07-25T13:00:30.7422011Z shell: /usr/bin/bash --noprofile --norc -e -o pipefail {0}
2025-07-25T13:00:30.7422320Z env:
2025-07-25T13:00:30.7422553Z   pythonLocation: /opt/hostedtoolcache/Python/3.9.23/x64
2025-07-25T13:00:30.7422950Z   PKG_CONFIG_PATH: /opt/hostedtoolcache/Python/3.9.23/x64/lib/pkgconfig
2025-07-25T13:00:30.7423327Z   Python_ROOT_DIR: /opt/hostedtoolcache/Python/3.9.23/x64
2025-07-25T13:00:30.7423654Z   Python2_ROOT_DIR: /opt/hostedtoolcache/Python/3.9.23/x64
2025-07-25T13:00:30.7423989Z   Python3_ROOT_DIR: /opt/hostedtoolcache/Python/3.9.23/x64
2025-07-25T13:00:30.7424327Z   LD_LIBRARY_PATH: /opt/hostedtoolcache/Python/3.9.23/x64/lib
2025-07-25T13:00:30.7424605Z   CC_FORK: false
2025-07-25T13:00:30.7424856Z   CC_TOKEN: ***
2025-07-25T13:00:30.7425024Z   CC_BRANCH: 
2025-07-25T13:00:30.7425236Z   GITHUB_EVENT_PULL_REQUEST_HEAD_LABEL: con:bf-circleci
2025-07-25T13:00:30.7425797Z   GITHUB_EVENT_PULL_REQUEST_HEAD_REPO_FULL_NAME: con/tinuous
2025-07-25T13:00:30.7426097Z   GITHUB_REPOSITORY: con/tinuous
2025-07-25T13:00:30.7426314Z ##[endgroup]
2025-07-25T13:00:30.7491108Z ##[group]Run if [ -z "$CC_SHA" ];
2025-07-25T13:00:30.7491359Z [36;1mif [ -z "$CC_SHA" ];[0m
2025-07-25T13:00:30.7491573Z [36;1mthen[0m
2025-07-25T13:00:30.7491800Z [36;1m  CC_SHA="$GITHUB_EVENT_PULL_REQUEST_HEAD_SHA"[0m
2025-07-25T13:00:30.7492060Z [36;1mfi[0m
2025-07-25T13:00:30.7492313Z [36;1mif [ -z "$CC_PR" ] && [ "${GITHUB_EVENT_NAME}" == "pull_request_target" ];[0m
2025-07-25T13:00:30.7492626Z [36;1mthen[0m
2025-07-25T13:00:30.7492820Z [36;1m  CC_PR="$GITHUB_EVENT_NUMBER"[0m
2025-07-25T13:00:30.7493054Z [36;1mfi[0m
2025-07-25T13:00:30.7493207Z [36;1m[0m
2025-07-25T13:00:30.7493395Z [36;1mecho "CC_SHA=$CC_SHA" >> "$GITHUB_ENV"[0m
2025-07-25T13:00:30.7493664Z [36;1mecho "CC_PR=$CC_PR" >> "$GITHUB_ENV"[0m
2025-07-25T13:00:30.7519299Z shell: /usr/bin/bash --noprofile --norc -e -o pipefail {0}
2025-07-25T13:00:30.7519600Z env:
2025-07-25T13:00:30.7519835Z   pythonLocation: /opt/hostedtoolcache/Python/3.9.23/x64
2025-07-25T13:00:30.7520231Z   PKG_CONFIG_PATH: /opt/hostedtoolcache/Python/3.9.23/x64/lib/pkgconfig
2025-07-25T13:00:30.7520604Z   Python_ROOT_DIR: /opt/hostedtoolcache/Python/3.9.23/x64
2025-07-25T13:00:30.7520940Z   Python2_ROOT_DIR: /opt/hostedtoolcache/Python/3.9.23/x64
2025-07-25T13:00:30.7521288Z   Python3_ROOT_DIR: /opt/hostedtoolcache/Python/3.9.23/x64
2025-07-25T13:00:30.7521620Z   LD_LIBRARY_PATH: /opt/hostedtoolcache/Python/3.9.23/x64/lib
2025-07-25T13:00:30.7521898Z   CC_FORK: false
2025-07-25T13:00:30.7522288Z   CC_TOKEN: ***
2025-07-25T13:00:30.7522469Z   CC_BRANCH: 
2025-07-25T13:00:30.7522633Z   CC_PR: 
2025-07-25T13:00:30.7522780Z   CC_SHA: 
2025-07-25T13:00:30.7522951Z   GITHUB_EVENT_NAME: pull_request
2025-07-25T13:00:30.7523179Z   GITHUB_EVENT_NUMBER: 211
2025-07-25T13:00:30.7523487Z   GITHUB_EVENT_PULL_REQUEST_HEAD_SHA: 5ee11fb14b6003c8b9204c9a59f42a191e426233
2025-07-25T13:00:30.7523829Z ##[endgroup]
2025-07-25T13:00:30.7596452Z ##[group]Run ${GITHUB_ACTION_PATH}/dist/codecov.sh
2025-07-25T13:00:30.7596941Z [36;1m${GITHUB_ACTION_PATH}/dist/codecov.sh[0m
2025-07-25T13:00:30.7622334Z shell: /usr/bin/bash --noprofile --norc -e -o pipefail {0}
2025-07-25T13:00:30.7622652Z env:
2025-07-25T13:00:30.7622887Z   pythonLocation: /opt/hostedtoolcache/Python/3.9.23/x64
2025-07-25T13:00:30.7623292Z   PKG_CONFIG_PATH: /opt/hostedtoolcache/Python/3.9.23/x64/lib/pkgconfig
2025-07-25T13:00:30.7623695Z   Python_ROOT_DIR: /opt/hostedtoolcache/Python/3.9.23/x64
2025-07-25T13:00:30.7624042Z   Python2_ROOT_DIR: /opt/hostedtoolcache/Python/3.9.23/x64
2025-07-25T13:00:30.7624384Z   Python3_ROOT_DIR: /opt/hostedtoolcache/Python/3.9.23/x64
2025-07-25T13:00:30.7624726Z   LD_LIBRARY_PATH: /opt/hostedtoolcache/Python/3.9.23/x64/lib
2025-07-25T13:00:30.7625006Z   CC_FORK: false
2025-07-25T13:00:30.7625297Z   CC_TOKEN: ***
2025-07-25T13:00:30.7625676Z   CC_BRANCH: 
2025-07-25T13:00:30.7625870Z   CC_SHA: 5ee11fb14b6003c8b9204c9a59f42a191e426233
2025-07-25T13:00:30.7626126Z   CC_PR: 
2025-07-25T13:00:30.7626277Z   CC_BASE_SHA: 
2025-07-25T13:00:30.7626442Z   CC_BINARY: 
2025-07-25T13:00:30.7626603Z   CC_BUILD: 
2025-07-25T13:00:30.7626756Z   CC_BUILD_URL: 
2025-07-25T13:00:30.7626925Z   CC_CODE: 
2025-07-25T13:00:30.7627075Z   CC_DIR: 
2025-07-25T13:00:30.7627246Z   CC_DISABLE_FILE_FIXES: false
2025-07-25T13:00:30.7627464Z   CC_DISABLE_SEARCH: false
2025-07-25T13:00:30.7627663Z   CC_DISABLE_TELEM: false
2025-07-25T13:00:30.7627857Z   CC_DRY_RUN: false
2025-07-25T13:00:30.7628038Z   CC_ENTERPRISE_URL: 
2025-07-25T13:00:30.7628219Z   CC_ENV: 
2025-07-25T13:00:30.7628377Z   CC_EXCLUDES: 
2025-07-25T13:00:30.7628546Z   CC_FAIL_ON_ERROR: false
2025-07-25T13:00:30.7628736Z   CC_FILES: 
2025-07-25T13:00:30.7628886Z   CC_FLAGS: 
2025-07-25T13:00:30.7629040Z   CC_FORCE: 
2025-07-25T13:00:30.7629200Z   CC_GCOV_ARGS: 
2025-07-25T13:00:30.7629377Z   CC_GCOV_EXECUTABLE: gcov
2025-07-25T13:00:30.7629576Z   CC_GCOV_IGNORE: 
2025-07-25T13:00:30.7629744Z   CC_GCOV_INCLUDE: 
2025-07-25T13:00:30.7629929Z   CC_GIT_SERVICE: github
2025-07-25T13:00:30.7630135Z   CC_HANDLE_NO_REPORTS_FOUND: false
2025-07-25T13:00:30.7630347Z   CC_JOB_CODE: 
2025-07-25T13:00:30.7630512Z   CC_LEGACY: false
2025-07-25T13:00:30.7630672Z   CC_NAME: 3.9
2025-07-25T13:00:30.7630837Z   CC_NETWORK_FILTER: 
2025-07-25T13:00:30.7631021Z   CC_NETWORK_PREFIX: 
2025-07-25T13:00:30.7631200Z   CC_NETWORK_ROOT_FOLDER: 
2025-07-25T13:00:30.7631387Z   CC_OS: 
2025-07-25T13:00:30.7631535Z   CC_PARENT_SHA: 
2025-07-25T13:00:30.7631739Z   CC_PLUGINS: 
2025-07-25T13:00:30.7631915Z   CC_RECURSE_SUBMODULES: false
2025-07-25T13:00:30.7632122Z   CC_REPORT_TYPE: 
2025-07-25T13:00:30.7632298Z   CC_RUN_CMD: upload-coverage
2025-07-25T13:00:30.7632503Z   CC_SERVICE: github
2025-07-25T13:00:30.7632688Z   CC_SKIP_VALIDATION: false
2025-07-25T13:00:30.7632876Z   CC_SLUG: 
2025-07-25T13:00:30.7633032Z   CC_SWIFT_PROJECT: 
2025-07-25T13:00:30.7633201Z   CC_USE_PYPI: false
2025-07-25T13:00:30.7633373Z   CC_VERBOSE: false
2025-07-25T13:00:30.7633545Z   CC_VERSION: latest
2025-07-25T13:00:30.7633715Z   CC_YML_PATH: 
2025-07-25T13:00:30.7633880Z ##[endgroup]
2025-07-25T13:00:30.7700091Z      _____          _
2025-07-25T13:00:30.7700485Z     / ____|        | |
2025-07-25T13:00:30.7700860Z    | |     ___   __| | ___  ___ _____   __
2025-07-25T13:00:30.7701230Z    | |    / _ \ / _` |/ _ \/ __/ _ \ \ / /
2025-07-25T13:00:30.7701530Z    | |___| (_) | (_| |  __/ (_| (_) \ V /
2025-07-25T13:00:30.7701821Z     \_____\___/ \__,_|\___|\___\___/ \_/
2025-07-25T13:00:30.7702295Z                            [0;31m Wrapper-0.2.1[0m
2025-07-25T13:00:30.7702816Z                                   
2025-07-25T13:00:30.7755641Z [0;32m==>[0m Detected [0;36mlinux[0m
2025-07-25T13:00:30.7756431Z [0;32m ->[0m Downloading [0;36mhttps://cli.codecov.io/latest/linux/codecov[0m
2025-07-25T13:00:30.7808132Z   % Total    % Received % Xferd  Average Speed   Time    Time     Time  Current
2025-07-25T13:00:30.7808759Z                                  Dload  Upload   Total   Spent    Left  Speed
2025-07-25T13:00:30.7809304Z 
2025-07-25T13:00:30.8879565Z   0     0    0     0    0     0      0      0 --:--:-- --:--:-- --:--:--     0
2025-07-25T13:00:30.8880775Z 100 10.6M  100 10.6M    0     0  99.4M      0 --:--:-- --:--:-- --:--:-- 99.6M
2025-07-25T13:00:30.8898755Z [0;32m==>[0m Finishing downloading [0;36mlinux:latest[0m
2025-07-25T13:00:30.9405087Z       Version: [0;36mv11.0.3[0m
2025-07-25T13:00:30.9405715Z  
2025-07-25T13:00:31.1002744Z gpg: directory '/home/runner/.gnupg' created
2025-07-25T13:00:31.1031906Z gpg: keybox '/home/runner/.gnupg/pubring.kbx' created
2025-07-25T13:00:31.1155820Z gpg: /home/runner/.gnupg/trustdb.gpg: trustdb created
2025-07-25T13:00:31.1156766Z gpg: key 806BB28AED779869: public key "Codecov Uploader (Codecov Uploader Verification Key) <security@codecov.io>" imported
2025-07-25T13:00:31.1481563Z gpg: Total number processed: 1
2025-07-25T13:00:31.1482036Z gpg:               imported: 1
2025-07-25T13:00:31.1488129Z [0;32m==>[0m Verifying GPG signature integrity
2025-07-25T13:00:31.1489234Z [0;32m ->[0m Downloading [0;36mhttps://cli.codecov.io/latest/linux/codecov.SHA256SUM[0m
2025-07-25T13:00:31.1490313Z [0;32m ->[0m Downloading [0;36mhttps://cli.codecov.io/latest/linux/codecov.SHA256SUM.sig[0m
2025-07-25T13:00:31.1490959Z  
2025-07-25T13:00:31.2495920Z gpg: Signature made Thu May 29 21:23:31 2025 UTC
2025-07-25T13:00:31.2496596Z gpg:                using RSA key 27034E7FDB850E0BBC2C62FF806BB28AED779869
2025-07-25T13:00:31.2498901Z gpg: Good signature from "Codecov Uploader (Codecov Uploader Verification Key) <security@codecov.io>" [unknown]
2025-07-25T13:00:31.2499929Z gpg: WARNING: This key is not certified with a trusted signature!
2025-07-25T13:00:31.2500654Z gpg:          There is no indication that the signature belongs to the owner.
2025-07-25T13:00:31.2501472Z Primary key fingerprint: 2703 4E7F DB85 0E0B BC2C  62FF 806B B28A ED77 9869
2025-07-25T13:00:31.3206231Z codecov: OK
2025-07-25T13:00:31.3214701Z [0;32m==>[0m CLI integrity verified
2025-07-25T13:00:31.3215227Z 
2025-07-25T13:00:31.3293333Z [0;32m ->[0m Token of length 36 detected
2025-07-25T13:00:31.3861854Z [0;32m==>[0m Running upload-coverage
2025-07-25T13:00:31.3872312Z       [0;36m./codecov  upload-coverage -t <redacted> --git-service github --sha 5ee11fb14b6003c8b9204c9a59f42a191e426233 --gcov-executable gcov --name 3.9[0m
2025-07-25T13:00:31.7282219Z info - 2025-07-25 13:00:31,727 -- ci service found: github-actions
2025-07-25T13:00:31.7689133Z warning - 2025-07-25 13:00:31,768 -- xcrun is not installed or can't be found.
2025-07-25T13:00:31.8385206Z warning - 2025-07-25 13:00:31,838 -- No gcov data found.
2025-07-25T13:00:31.8389666Z warning - 2025-07-25 13:00:31,838 -- coverage.py is not installed or can't be found.
2025-07-25T13:00:31.8556325Z info - 2025-07-25 13:00:31,855 -- Found 1 coverage files to report
2025-07-25T13:00:31.8557328Z info - 2025-07-25 13:00:31,855 -- > /home/runner/work/tinuous/tinuous/coverage.xml
2025-07-25T13:00:32.4353450Z info - 2025-07-25 13:00:32,435 -- Your upload is now processing. When finished, results will be available at: https://app.codecov.io/github/con/tinuous/commit/5ee11fb14b6003c8b9204c9a59f42a191e426233
2025-07-25T13:00:32.5686035Z info - 2025-07-25 13:00:32,568 -- Process Upload complete
2025-07-25T13:00:32.6618803Z Post job cleanup.
2025-07-25T13:00:32.8182063Z Post job cleanup.
2025-07-25T13:00:32.9109414Z [command]/usr/bin/git version
2025-07-25T13:00:32.9145841Z git version 2.50.1
2025-07-25T13:00:32.9189776Z Copying '/home/runner/.gitconfig' to '/home/runner/work/_temp/49158011-d867-4b21-bb7f-aebda621c98a/.gitconfig'
2025-07-25T13:00:32.9200226Z Temporarily overriding HOME='/home/runner/work/_temp/49158011-d867-4b21-bb7f-aebda621c98a' before making global git config changes
2025-07-25T13:00:32.9201520Z Adding repository directory to the temporary git global config as a safe directory
2025-07-25T13:00:32.9206654Z [command]/usr/bin/git config --global --add safe.directory /home/runner/work/tinuous/tinuous
2025-07-25T13:00:32.9240165Z [command]/usr/bin/git config --local --name-only --get-regexp core\.sshCommand
2025-07-25T13:00:32.9271534Z [command]/usr/bin/git submodule foreach --recursive sh -c "git config --local --name-only --get-regexp 'core\.sshCommand' && git config --local --unset-all 'core.sshCommand' || :"
2025-07-25T13:00:32.9494726Z [command]/usr/bin/git config --local --name-only --get-regexp http\.https\:\/\/github\.com\/\.extraheader
2025-07-25T13:00:32.9514420Z http.https://github.com/.extraheader
2025-07-25T13:00:32.9527110Z [command]/usr/bin/git config --local --unset-all http.https://github.com/.extraheader
2025-07-25T13:00:32.9556552Z [command]/usr/bin/git submodule foreach --recursive sh -c "git config --local --name-only --get-regexp 'http\.https\:\/\/github\.com\/\.extraheader' && git config --local --unset-all 'http.https://github.com/.extraheader' || :"
2025-07-25T13:00:32.9904988Z Cleaning up orphan processes
