2021-05-24T17:37:29.5360314Z ##[section]Starting: Request a runner to run this job
2021-05-24T17:37:29.9527813Z Can't find any online and idle self-hosted runner in current repository that matches the required labels: 'ubuntu-latest'
2021-05-24T17:37:29.9527932Z Can't find any online and idle self-hosted runner in current repository's account/organization that matches the required labels: 'ubuntu-latest'
2021-05-24T17:37:29.9528151Z Found online and idle hosted runner in current repository's account/organization that matches the required labels: 'ubuntu-latest'
2021-05-24T17:37:30.0844775Z ##[section]Finishing: Request a runner to run this job
2021-05-24T17:37:37.5825970Z Current runner version: '2.278.0'
2021-05-24T17:37:37.5855367Z ##[group]Operating System
2021-05-24T17:37:37.5856207Z Ubuntu
2021-05-24T17:37:37.5856650Z 20.04.2
2021-05-24T17:37:37.5857058Z LTS
2021-05-24T17:37:37.5857532Z ##[endgroup]
2021-05-24T17:37:37.5858035Z ##[group]Virtual Environment
2021-05-24T17:37:37.5858674Z Environment: ubuntu-20.04
2021-05-24T17:37:37.5859226Z Version: 20210517.1
2021-05-24T17:37:37.5860159Z Included Software: https://github.com/actions/virtual-environments/blob/ubuntu20/20210517.1/images/linux/Ubuntu2004-README.md
2021-05-24T17:37:37.5861468Z Image Release: https://github.com/actions/virtual-environments/releases/tag/ubuntu20%2F20210517.1
2021-05-24T17:37:37.5862281Z ##[endgroup]
2021-05-24T17:37:37.5864094Z ##[group]GITHUB_TOKEN Permissions
2021-05-24T17:37:37.5865241Z Actions: write
2021-05-24T17:37:37.5865709Z Checks: write
2021-05-24T17:37:37.5866229Z Contents: write
2021-05-24T17:37:37.5866737Z Deployments: write
2021-05-24T17:37:37.5867340Z Issues: write
2021-05-24T17:37:37.5867873Z Metadata: read
2021-05-24T17:37:37.5868407Z Packages: write
2021-05-24T17:37:37.5868949Z PullRequests: write
2021-05-24T17:37:37.5869529Z RepositoryProjects: write
2021-05-24T17:37:37.5870164Z SecurityEvents: write
2021-05-24T17:37:37.5870685Z Statuses: write
2021-05-24T17:37:37.5871298Z ##[endgroup]
2021-05-24T17:37:37.5874331Z Prepare workflow directory
2021-05-24T17:37:37.6453449Z Prepare all required actions
2021-05-24T17:37:37.6463673Z Getting action download info
2021-05-24T17:37:38.0226039Z Download action repository 'actions/checkout@v2'
2021-05-24T17:37:39.7749739Z Download action repository 'actions/setup-python@v2'
2021-05-24T17:37:40.2004594Z Download action repository 'codecov/codecov-action@v1'
2021-05-24T17:37:40.8227917Z ##[group]Run actions/checkout@v2
2021-05-24T17:37:40.8228478Z with:
2021-05-24T17:37:40.8228824Z   fetch-depth: 0
2021-05-24T17:37:40.8229237Z   repository: con/tinuous
2021-05-24T17:37:40.8230182Z   token: ***
2021-05-24T17:37:40.8230684Z   ssh-strict: true
2021-05-24T17:37:40.8231153Z   persist-credentials: true
2021-05-24T17:37:40.8231598Z   clean: true
2021-05-24T17:37:40.8231921Z   lfs: false
2021-05-24T17:37:40.8232285Z   submodules: false
2021-05-24T17:37:40.8232671Z ##[endgroup]
2021-05-24T17:37:41.7392472Z Syncing repository: con/tinuous
2021-05-24T17:37:41.7393360Z ##[group]Getting Git version info
2021-05-24T17:37:41.7394978Z Working directory is '/home/runner/work/tinuous/tinuous'
2021-05-24T17:37:41.7395755Z [command]/usr/bin/git version
2021-05-24T17:37:41.7396190Z git version 2.31.1
2021-05-24T17:37:41.7397204Z ##[endgroup]
2021-05-24T17:37:41.7398014Z Deleting the contents of '/home/runner/work/tinuous/tinuous'
2021-05-24T17:37:41.7399369Z ##[group]Initializing the repository
2021-05-24T17:37:41.7400083Z [command]/usr/bin/git init /home/runner/work/tinuous/tinuous
2021-05-24T17:37:41.7401084Z hint: Using 'master' as the name for the initial branch. This default branch name
2021-05-24T17:37:41.7401949Z hint: is subject to change. To configure the initial branch name to use in all
2021-05-24T17:37:41.7402804Z hint: of your new repositories, which will suppress this warning, call:
2021-05-24T17:37:41.7403463Z hint: 
2021-05-24T17:37:41.7404254Z hint: 	git config --global init.defaultBranch <name>
2021-05-24T17:37:41.7404864Z hint: 
2021-05-24T17:37:41.7405651Z hint: Names commonly chosen instead of 'master' are 'main', 'trunk' and
2021-05-24T17:37:41.7406675Z hint: 'development'. The just-created branch can be renamed via this command:
2021-05-24T17:37:41.7407356Z hint: 
2021-05-24T17:37:41.7407974Z hint: 	git branch -m <name>
2021-05-24T17:37:41.7408696Z Initialized empty Git repository in /home/runner/work/tinuous/tinuous/.git/
2021-05-24T17:37:41.7409653Z [command]/usr/bin/git remote add origin https://github.com/con/tinuous
2021-05-24T17:37:41.7410356Z ##[endgroup]
2021-05-24T17:37:41.7410988Z ##[group]Disabling automatic garbage collection
2021-05-24T17:37:41.7411848Z [command]/usr/bin/git config --local gc.auto 0
2021-05-24T17:37:41.7412433Z ##[endgroup]
2021-05-24T17:37:41.7414295Z ##[group]Setting up auth
2021-05-24T17:37:41.7415220Z [command]/usr/bin/git config --local --name-only --get-regexp core\.sshCommand
2021-05-24T17:37:41.7416704Z [command]/usr/bin/git submodule foreach --recursive git config --local --name-only --get-regexp 'core\.sshCommand' && git config --local --unset-all 'core.sshCommand' || :
2021-05-24T17:37:41.7418202Z [command]/usr/bin/git config --local --name-only --get-regexp http\.https\:\/\/github\.com\/\.extraheader
2021-05-24T17:37:41.7420029Z [command]/usr/bin/git submodule foreach --recursive git config --local --name-only --get-regexp 'http\.https\:\/\/github\.com\/\.extraheader' && git config --local --unset-all 'http.https://github.com/.extraheader' || :
2021-05-24T17:37:41.7421810Z [command]/usr/bin/git config --local http.https://github.com/.extraheader AUTHORIZATION: basic ***
2021-05-24T17:37:41.7422699Z ##[endgroup]
2021-05-24T17:37:41.7423273Z ##[group]Fetching the repository
2021-05-24T17:37:41.7425264Z [command]/usr/bin/git -c protocol.version=2 fetch --prune --progress --no-recurse-submodules origin +refs/heads/*:refs/remotes/origin/* +refs/tags/*:refs/tags/* +e18ad2640d9438d6c4986018776f7a5b5549abf2:refs/remotes/pull/56/merge
2021-05-24T17:37:41.7426615Z remote: Enumerating objects: 296, done.        
2021-05-24T17:37:41.7427260Z remote: Counting objects:   0% (1/296)        
2021-05-24T17:37:41.7427862Z remote: Counting objects:   1% (3/296)        
2021-05-24T17:37:41.7428445Z remote: Counting objects:   2% (6/296)        
2021-05-24T17:37:41.7429040Z remote: Counting objects:   3% (9/296)        
2021-05-24T17:37:41.7429630Z remote: Counting objects:   4% (12/296)        
2021-05-24T17:37:41.7430403Z remote: Counting objects:   5% (15/296)        
2021-05-24T17:37:41.7431014Z remote: Counting objects:   6% (18/296)        
2021-05-24T17:37:41.7431599Z remote: Counting objects:   7% (21/296)        
2021-05-24T17:37:41.7432199Z remote: Counting objects:   8% (24/296)        
2021-05-24T17:37:41.7432781Z remote: Counting objects:   9% (27/296)        
2021-05-24T17:37:41.7433388Z remote: Counting objects:  10% (30/296)        
2021-05-24T17:37:41.7434137Z remote: Counting objects:  11% (33/296)        
2021-05-24T17:37:41.7434716Z remote: Counting objects:  12% (36/296)        
2021-05-24T17:37:41.7435309Z remote: Counting objects:  13% (39/296)        
2021-05-24T17:37:41.7435888Z remote: Counting objects:  14% (42/296)        
2021-05-24T17:37:41.7436481Z remote: Counting objects:  15% (45/296)        
2021-05-24T17:37:41.7437079Z remote: Counting objects:  16% (48/296)        
2021-05-24T17:37:41.7437734Z remote: Counting objects:  17% (51/296)        
2021-05-24T17:37:41.7438326Z remote: Counting objects:  18% (54/296)        
2021-05-24T17:37:41.7438927Z remote: Counting objects:  19% (57/296)        
2021-05-24T17:37:41.7439508Z remote: Counting objects:  20% (60/296)        
2021-05-24T17:37:41.7440099Z remote: Counting objects:  21% (63/296)        
2021-05-24T17:37:41.7440676Z remote: Counting objects:  22% (66/296)        
2021-05-24T17:37:41.7441277Z remote: Counting objects:  23% (69/296)        
2021-05-24T17:37:41.7441920Z remote: Counting objects:  24% (72/296)        
2021-05-24T17:37:41.7442497Z remote: Counting objects:  25% (74/296)        
2021-05-24T17:37:41.7443096Z remote: Counting objects:  26% (77/296)        
2021-05-24T17:37:41.7443673Z remote: Counting objects:  27% (80/296)        
2021-05-24T17:37:41.7444265Z remote: Counting objects:  28% (83/296)        
2021-05-24T17:37:41.7444855Z remote: Counting objects:  29% (86/296)        
2021-05-24T17:37:41.7445427Z remote: Counting objects:  30% (89/296)        
2021-05-24T17:37:41.7446017Z remote: Counting objects:  31% (92/296)        
2021-05-24T17:37:41.7446595Z remote: Counting objects:  32% (95/296)        
2021-05-24T17:37:41.7447182Z remote: Counting objects:  33% (98/296)        
2021-05-24T17:37:41.7447780Z remote: Counting objects:  34% (101/296)        
2021-05-24T17:37:41.7448365Z remote: Counting objects:  35% (104/296)        
2021-05-24T17:37:41.7449107Z remote: Counting objects:  36% (107/296)        
2021-05-24T17:37:41.7449709Z remote: Counting objects:  37% (110/296)        
2021-05-24T17:37:41.7450291Z remote: Counting objects:  38% (113/296)        
2021-05-24T17:37:41.7450891Z remote: Counting objects:  39% (116/296)        
2021-05-24T17:37:41.7451474Z remote: Counting objects:  40% (119/296)        
2021-05-24T17:37:41.7452070Z remote: Counting objects:  41% (122/296)        
2021-05-24T17:37:41.7452669Z remote: Counting objects:  42% (125/296)        
2021-05-24T17:37:41.7453250Z remote: Counting objects:  43% (128/296)        
2021-05-24T17:37:41.7453851Z remote: Counting objects:  44% (131/296)        
2021-05-24T17:37:41.7454433Z remote: Counting objects:  45% (134/296)        
2021-05-24T17:37:41.7455028Z remote: Counting objects:  46% (137/296)        
2021-05-24T17:37:41.7455654Z remote: Counting objects:  47% (140/296)        
2021-05-24T17:37:41.7456233Z remote: Counting objects:  48% (143/296)        
2021-05-24T17:37:41.7456840Z remote: Counting objects:  49% (146/296)        
2021-05-24T17:37:41.7457424Z remote: Counting objects:  50% (148/296)        
2021-05-24T17:37:41.7458021Z remote: Counting objects:  51% (151/296)        
2021-05-24T17:37:41.7458615Z remote: Counting objects:  52% (154/296)        
2021-05-24T17:37:41.7459198Z remote: Counting objects:  53% (157/296)        
2021-05-24T17:37:41.7459789Z remote: Counting objects:  54% (160/296)        
2021-05-24T17:37:41.7460368Z remote: Counting objects:  55% (163/296)        
2021-05-24T17:37:41.7460959Z remote: Counting objects:  56% (166/296)        
2021-05-24T17:37:41.7461552Z remote: Counting objects:  57% (169/296)        
2021-05-24T17:37:41.7462217Z remote: Counting objects:  58% (172/296)        
2021-05-24T17:37:41.7462825Z remote: Counting objects:  59% (175/296)        
2021-05-24T17:37:41.7463419Z remote: Counting objects:  60% (178/296)        
2021-05-24T17:37:41.7464000Z remote: Counting objects:  61% (181/296)        
2021-05-24T17:37:41.7464727Z remote: Counting objects:  62% (184/296)        
2021-05-24T17:37:41.7465327Z remote: Counting objects:  63% (187/296)        
2021-05-24T17:37:41.7465906Z remote: Counting objects:  64% (190/296)        
2021-05-24T17:37:41.7466500Z remote: Counting objects:  65% (193/296)        
2021-05-24T17:37:41.7467077Z remote: Counting objects:  66% (196/296)        
2021-05-24T17:37:41.7467678Z remote: Counting objects:  67% (199/296)        
2021-05-24T17:37:41.7468275Z remote: Counting objects:  68% (202/296)        
2021-05-24T17:37:41.7468855Z remote: Counting objects:  69% (205/296)        
2021-05-24T17:37:41.7469450Z remote: Counting objects:  70% (208/296)        
2021-05-24T17:37:41.7470049Z remote: Counting objects:  71% (211/296)        
2021-05-24T17:37:41.7470627Z remote: Counting objects:  72% (214/296)        
2021-05-24T17:37:41.7471223Z remote: Counting objects:  73% (217/296)        
2021-05-24T17:37:41.7471803Z remote: Counting objects:  74% (220/296)        
2021-05-24T17:37:41.7472397Z remote: Counting objects:  75% (222/296)        
2021-05-24T17:37:41.7472995Z remote: Counting objects:  76% (225/296)        
2021-05-24T17:37:41.7473571Z remote: Counting objects:  77% (228/296)        
2021-05-24T17:37:41.7474314Z remote: Counting objects:  78% (231/296)        
2021-05-24T17:37:41.7474899Z remote: Counting objects:  79% (234/296)        
2021-05-24T17:37:41.7475496Z remote: Counting objects:  80% (237/296)        
2021-05-24T17:37:41.7476091Z remote: Counting objects:  81% (240/296)        
2021-05-24T17:37:41.7476677Z remote: Counting objects:  82% (243/296)        
2021-05-24T17:37:41.7477271Z remote: Counting objects:  83% (246/296)        
2021-05-24T17:37:41.7477858Z remote: Counting objects:  84% (249/296)        
2021-05-24T17:37:41.7478453Z remote: Counting objects:  85% (252/296)        
2021-05-24T17:37:41.7479050Z remote: Counting objects:  86% (255/296)        
2021-05-24T17:37:41.7479633Z remote: Counting objects:  87% (258/296)        
2021-05-24T17:37:41.7480228Z remote: Counting objects:  88% (261/296)        
2021-05-24T17:37:41.7480931Z remote: Counting objects:  89% (264/296)        
2021-05-24T17:37:41.7481510Z remote: Counting objects:  90% (267/296)        
2021-05-24T17:37:41.7482109Z remote: Counting objects:  91% (270/296)        
2021-05-24T17:37:41.7482691Z remote: Counting objects:  92% (273/296)        
2021-05-24T17:37:41.7483287Z remote: Counting objects:  93% (276/296)        
2021-05-24T17:37:41.7483888Z remote: Counting objects:  94% (279/296)        
2021-05-24T17:37:41.7484472Z remote: Counting objects:  95% (282/296)        
2021-05-24T17:37:41.7485068Z remote: Counting objects:  96% (285/296)        
2021-05-24T17:37:41.7485651Z remote: Counting objects:  97% (288/296)        
2021-05-24T17:37:41.7486250Z remote: Counting objects:  98% (291/296)        
2021-05-24T17:37:41.7486844Z remote: Counting objects:  99% (294/296)        
2021-05-24T17:37:41.7487424Z remote: Counting objects: 100% (296/296)        
2021-05-24T17:37:41.7488037Z remote: Counting objects: 100% (296/296), done.        
2021-05-24T17:37:41.7488670Z remote: Compressing objects:   0% (1/168)        
2021-05-24T17:37:41.7489309Z remote: Compressing objects:   1% (2/168)        
2021-05-24T17:37:41.7489940Z remote: Compressing objects:   2% (4/168)        
2021-05-24T17:37:41.7490558Z remote: Compressing objects:   3% (6/168)        
2021-05-24T17:37:41.7491196Z remote: Compressing objects:   4% (7/168)        
2021-05-24T17:37:41.7491826Z remote: Compressing objects:   5% (9/168)        
2021-05-24T17:37:41.7492448Z remote: Compressing objects:   6% (11/168)        
2021-05-24T17:37:41.7493095Z remote: Compressing objects:   7% (12/168)        
2021-05-24T17:37:41.7493795Z remote: Compressing objects:   8% (14/168)        
2021-05-24T17:37:41.7494452Z remote: Compressing objects:   9% (16/168)        
2021-05-24T17:37:41.7495090Z remote: Compressing objects:  10% (17/168)        
2021-05-24T17:37:41.7495717Z remote: Compressing objects:  11% (19/168)        
2021-05-24T17:37:41.7496348Z remote: Compressing objects:  12% (21/168)        
2021-05-24T17:37:41.7496978Z remote: Compressing objects:  13% (22/168)        
2021-05-24T17:37:41.7497616Z remote: Compressing objects:  14% (24/168)        
2021-05-24T17:37:41.7498255Z remote: Compressing objects:  15% (26/168)        
2021-05-24T17:37:41.7498877Z remote: Compressing objects:  16% (27/168)        
2021-05-24T17:37:41.7499517Z remote: Compressing objects:  17% (29/168)        
2021-05-24T17:37:41.7500148Z remote: Compressing objects:  18% (31/168)        
2021-05-24T17:37:41.7500773Z remote: Compressing objects:  19% (32/168)        
2021-05-24T17:37:41.7501410Z remote: Compressing objects:  20% (34/168)        
2021-05-24T17:37:41.7502037Z remote: Compressing objects:  21% (36/168)        
2021-05-24T17:37:41.7502672Z remote: Compressing objects:  22% (37/168)        
2021-05-24T17:37:41.7503310Z remote: Compressing objects:  23% (39/168)        
2021-05-24T17:37:41.7503932Z remote: Compressing objects:  24% (41/168)        
2021-05-24T17:37:41.7504582Z remote: Compressing objects:  25% (42/168)        
2021-05-24T17:37:41.7505204Z remote: Compressing objects:  26% (44/168)        
2021-05-24T17:37:41.7505846Z remote: Compressing objects:  27% (46/168)        
2021-05-24T17:37:41.7506481Z remote: Compressing objects:  28% (48/168)        
2021-05-24T17:37:41.7507103Z remote: Compressing objects:  29% (49/168)        
2021-05-24T17:37:41.7507739Z remote: Compressing objects:  30% (51/168)        
2021-05-24T17:37:41.7508364Z remote: Compressing objects:  31% (53/168)        
2021-05-24T17:37:41.7509001Z remote: Compressing objects:  32% (54/168)        
2021-05-24T17:37:41.7509637Z remote: Compressing objects:  33% (56/168)        
2021-05-24T17:37:41.7510262Z remote: Compressing objects:  34% (58/168)        
2021-05-24T17:37:41.7510898Z remote: Compressing objects:  35% (59/168)        
2021-05-24T17:37:41.7511531Z remote: Compressing objects:  36% (61/168)        
2021-05-24T17:37:41.7512154Z remote: Compressing objects:  37% (63/168)        
2021-05-24T17:37:41.7512867Z remote: Compressing objects:  38% (64/168)        
2021-05-24T17:37:41.7513490Z remote: Compressing objects:  39% (66/168)        
2021-05-24T17:37:41.7514238Z remote: Compressing objects:  40% (68/168)        
2021-05-24T17:37:41.7514874Z remote: Compressing objects:  41% (69/168)        
2021-05-24T17:37:41.7515498Z remote: Compressing objects:  42% (71/168)        
2021-05-24T17:37:41.7516135Z remote: Compressing objects:  43% (73/168)        
2021-05-24T17:37:41.7516759Z remote: Compressing objects:  44% (74/168)        
2021-05-24T17:37:41.7517400Z remote: Compressing objects:  45% (76/168)        
2021-05-24T17:37:41.7518038Z remote: Compressing objects:  46% (78/168)        
2021-05-24T17:37:41.7518667Z remote: Compressing objects:  47% (79/168)        
2021-05-24T17:37:41.7519306Z remote: Compressing objects:  48% (81/168)        
2021-05-24T17:37:41.7519942Z remote: Compressing objects:  49% (83/168)        
2021-05-24T17:37:41.7520564Z remote: Compressing objects:  50% (84/168)        
2021-05-24T17:37:41.7521207Z remote: Compressing objects:  51% (86/168)        
2021-05-24T17:37:41.7521834Z remote: Compressing objects:  52% (88/168)        
2021-05-24T17:37:41.7522474Z remote: Compressing objects:  53% (90/168)        
2021-05-24T17:37:41.7523112Z remote: Compressing objects:  54% (91/168)        
2021-05-24T17:37:41.7523733Z remote: Compressing objects:  55% (93/168)        
2021-05-24T17:37:41.7524371Z remote: Compressing objects:  56% (95/168)        
2021-05-24T17:37:41.7525026Z remote: Compressing objects:  57% (96/168)        
2021-05-24T17:37:41.7525669Z remote: Compressing objects:  58% (98/168)        
2021-05-24T17:37:41.7526304Z remote: Compressing objects:  59% (100/168)        
2021-05-24T17:37:41.7527017Z remote: Compressing objects:  60% (101/168)        
2021-05-24T17:37:41.7527679Z remote: Compressing objects:  61% (103/168)        
2021-05-24T17:37:41.7528307Z remote: Compressing objects:  62% (105/168)        
2021-05-24T17:37:41.7528953Z remote: Compressing objects:  63% (106/168)        
2021-05-24T17:37:41.7529600Z remote: Compressing objects:  64% (108/168)        
2021-05-24T17:37:41.7530224Z remote: Compressing objects:  65% (110/168)        
2021-05-24T17:37:41.7530862Z remote: Compressing objects:  66% (111/168)        
2021-05-24T17:37:41.7531506Z remote: Compressing objects:  67% (113/168)        
2021-05-24T17:37:41.7532126Z remote: Compressing objects:  68% (115/168)        
2021-05-24T17:37:41.7532762Z remote: Compressing objects:  69% (116/168)        
2021-05-24T17:37:41.7533390Z remote: Compressing objects:  70% (118/168)        
2021-05-24T17:37:41.7534028Z remote: Compressing objects:  71% (120/168)        
2021-05-24T17:37:41.7534673Z remote: Compressing objects:  72% (121/168)        
2021-05-24T17:37:41.7535301Z remote: Compressing objects:  73% (123/168)        
2021-05-24T17:37:41.7535942Z remote: Compressing objects:  74% (125/168)        
2021-05-24T17:37:41.7536565Z remote: Compressing objects:  75% (126/168)        
2021-05-24T17:37:41.7537209Z remote: Compressing objects:  76% (128/168)        
2021-05-24T17:37:41.7537849Z remote: Compressing objects:  77% (130/168)        
2021-05-24T17:37:41.7538477Z remote: Compressing objects:  78% (132/168)        
2021-05-24T17:37:41.7539119Z remote: Compressing objects:  79% (133/168)        
2021-05-24T17:37:41.7539754Z remote: Compressing objects:  80% (135/168)        
2021-05-24T17:37:41.7540381Z remote: Compressing objects:  81% (137/168)        
2021-05-24T17:37:41.7541019Z remote: Compressing objects:  82% (138/168)        
2021-05-24T17:37:41.7541645Z remote: Compressing objects:  83% (140/168)        
2021-05-24T17:37:41.7542284Z remote: Compressing objects:  84% (142/168)        
2021-05-24T17:37:41.7542928Z remote: Compressing objects:  85% (143/168)        
2021-05-24T17:37:41.7543553Z remote: Compressing objects:  86% (145/168)        
2021-05-24T17:37:41.7544187Z remote: Compressing objects:  87% (147/168)        
2021-05-24T17:37:41.7544836Z remote: Compressing objects:  88% (148/168)        
2021-05-24T17:37:41.7545551Z remote: Compressing objects:  89% (150/168)        
2021-05-24T17:37:41.7546179Z remote: Compressing objects:  90% (152/168)        
2021-05-24T17:37:41.7546816Z remote: Compressing objects:  91% (153/168)        
2021-05-24T17:37:41.7547439Z remote: Compressing objects:  92% (155/168)        
2021-05-24T17:37:41.7548077Z remote: Compressing objects:  93% (157/168)        
2021-05-24T17:37:41.7548718Z remote: Compressing objects:  94% (158/168)        
2021-05-24T17:37:41.7549337Z remote: Compressing objects:  95% (160/168)        
2021-05-24T17:37:41.7549969Z remote: Compressing objects:  96% (162/168)        
2021-05-24T17:37:41.7550599Z remote: Compressing objects:  97% (163/168)        
2021-05-24T17:37:41.7551238Z remote: Compressing objects:  98% (165/168)        
2021-05-24T17:37:41.7551872Z remote: Compressing objects:  99% (167/168)        
2021-05-24T17:37:41.7552502Z remote: Compressing objects: 100% (168/168)        
2021-05-24T17:37:41.7553239Z remote: Compressing objects: 100% (168/168), done.        
2021-05-24T17:37:41.7553969Z Receiving objects:   0% (1/296)
2021-05-24T17:37:41.7554514Z Receiving objects:   1% (3/296)
2021-05-24T17:37:41.7555068Z Receiving objects:   2% (6/296)
2021-05-24T17:37:41.7555606Z Receiving objects:   3% (9/296)
2021-05-24T17:37:41.7556158Z Receiving objects:   4% (12/296)
2021-05-24T17:37:41.7556717Z Receiving objects:   5% (15/296)
2021-05-24T17:37:41.7557256Z Receiving objects:   6% (18/296)
2021-05-24T17:37:41.7557811Z Receiving objects:   7% (21/296)
2021-05-24T17:37:41.7558349Z Receiving objects:   8% (24/296)
2021-05-24T17:37:41.7558901Z Receiving objects:   9% (27/296)
2021-05-24T17:37:41.7559457Z Receiving objects:  10% (30/296)
2021-05-24T17:37:41.7560070Z Receiving objects:  11% (33/296)
2021-05-24T17:37:41.7560636Z Receiving objects:  12% (36/296)
2021-05-24T17:37:41.7561172Z Receiving objects:  13% (39/296)
2021-05-24T17:37:41.7561727Z Receiving objects:  14% (42/296)
2021-05-24T17:37:41.7562279Z Receiving objects:  15% (45/296)
2021-05-24T17:37:41.7562821Z Receiving objects:  16% (48/296)
2021-05-24T17:37:41.7563371Z Receiving objects:  17% (51/296)
2021-05-24T17:37:41.7563908Z Receiving objects:  18% (54/296)
2021-05-24T17:37:41.7564462Z Receiving objects:  19% (57/296)
2021-05-24T17:37:41.7565015Z Receiving objects:  20% (60/296)
2021-05-24T17:37:41.7565548Z Receiving objects:  21% (63/296)
2021-05-24T17:37:41.7566098Z Receiving objects:  22% (66/296)
2021-05-24T17:37:41.7566635Z Receiving objects:  23% (69/296)
2021-05-24T17:37:41.7567183Z Receiving objects:  24% (72/296)
2021-05-24T17:37:41.7567740Z Receiving objects:  25% (74/296)
2021-05-24T17:37:41.7568276Z Receiving objects:  26% (77/296)
2021-05-24T17:37:41.7568829Z Receiving objects:  27% (80/296)
2021-05-24T17:37:41.7569366Z Receiving objects:  28% (83/296)
2021-05-24T17:37:41.7569919Z Receiving objects:  29% (86/296)
2021-05-24T17:37:41.7570471Z Receiving objects:  30% (89/296)
2021-05-24T17:37:41.7571009Z Receiving objects:  31% (92/296)
2021-05-24T17:37:41.7571559Z Receiving objects:  32% (95/296)
2021-05-24T17:37:41.7572097Z Receiving objects:  33% (98/296)
2021-05-24T17:37:41.7572657Z Receiving objects:  34% (101/296)
2021-05-24T17:37:41.7573200Z Receiving objects:  35% (104/296)
2021-05-24T17:37:41.7573752Z Receiving objects:  36% (107/296)
2021-05-24T17:37:41.7574305Z Receiving objects:  37% (110/296)
2021-05-24T17:37:41.7574841Z Receiving objects:  38% (113/296)
2021-05-24T17:37:41.7575395Z Receiving objects:  39% (116/296)
2021-05-24T17:37:41.7575937Z Receiving objects:  40% (119/296)
2021-05-24T17:37:41.7576491Z Receiving objects:  41% (122/296)
2021-05-24T17:37:41.7577047Z Receiving objects:  42% (125/296)
2021-05-24T17:37:41.7577582Z Receiving objects:  43% (128/296)
2021-05-24T17:37:41.7578140Z Receiving objects:  44% (131/296)
2021-05-24T17:37:41.7578690Z Receiving objects:  45% (134/296)
2021-05-24T17:37:41.7579233Z Receiving objects:  46% (137/296)
2021-05-24T17:37:41.7579786Z Receiving objects:  47% (140/296)
2021-05-24T17:37:41.7580319Z Receiving objects:  48% (143/296)
2021-05-24T17:37:41.7580951Z Receiving objects:  49% (146/296)
2021-05-24T17:37:41.7581503Z Receiving objects:  50% (148/296)
2021-05-24T17:37:41.7582036Z Receiving objects:  51% (151/296)
2021-05-24T17:37:41.7582591Z Receiving objects:  52% (154/296)
2021-05-24T17:37:41.7583127Z Receiving objects:  53% (157/296)
2021-05-24T17:37:41.7583682Z Receiving objects:  54% (160/296)
2021-05-24T17:37:41.7584234Z Receiving objects:  55% (163/296)
2021-05-24T17:37:41.7584768Z Receiving objects:  56% (166/296)
2021-05-24T17:37:41.7585322Z Receiving objects:  57% (169/296)
2021-05-24T17:37:41.7585861Z Receiving objects:  58% (172/296)
2021-05-24T17:37:41.7586417Z Receiving objects:  59% (175/296)
2021-05-24T17:37:41.7586973Z Receiving objects:  60% (178/296)
2021-05-24T17:37:41.7587510Z Receiving objects:  61% (181/296)
2021-05-24T17:37:41.7588060Z Receiving objects:  62% (184/296)
2021-05-24T17:37:41.7588597Z Receiving objects:  63% (187/296)
2021-05-24T17:37:41.7589153Z Receiving objects:  64% (190/296)
2021-05-24T17:37:41.7589717Z Receiving objects:  65% (193/296)
2021-05-24T17:37:41.7590259Z Receiving objects:  66% (196/296)
2021-05-24T17:37:41.7590816Z Receiving objects:  67% (199/296)
2021-05-24T17:37:41.7591353Z Receiving objects:  68% (202/296)
2021-05-24T17:37:41.7591909Z Receiving objects:  69% (205/296)
2021-05-24T17:37:41.7592466Z Receiving objects:  70% (208/296)
2021-05-24T17:37:41.7593003Z Receiving objects:  71% (211/296)
2021-05-24T17:37:41.7593557Z Receiving objects:  72% (214/296)
2021-05-24T17:37:41.7594179Z Receiving objects:  73% (217/296)
2021-05-24T17:37:41.7594711Z Receiving objects:  74% (220/296)
2021-05-24T17:37:41.7595245Z Receiving objects:  75% (222/296)
2021-05-24T17:37:41.7595844Z Receiving objects:  76% (225/296)
2021-05-24T17:37:41.7596390Z Receiving objects:  77% (228/296)
2021-05-24T17:37:41.7596907Z Receiving objects:  78% (231/296)
2021-05-24T17:37:41.7597443Z Receiving objects:  79% (234/296)
2021-05-24T17:37:41.7597977Z Receiving objects:  80% (237/296)
2021-05-24T17:37:41.7598502Z Receiving objects:  81% (240/296)
2021-05-24T17:37:41.7599044Z Receiving objects:  82% (243/296)
2021-05-24T17:37:41.7599566Z Receiving objects:  83% (246/296)
2021-05-24T17:37:41.7600104Z Receiving objects:  84% (249/296)
2021-05-24T17:37:41.7600642Z Receiving objects:  85% (252/296)
2021-05-24T17:37:41.7601161Z Receiving objects:  86% (255/296)
2021-05-24T17:37:41.7602132Z remote: Total 296 (delta 146), reused 228 (delta 99), pack-reused 0        
2021-05-24T17:37:41.7602776Z Receiving objects:  87% (258/296)
2021-05-24T17:37:41.7603313Z Receiving objects:  88% (261/296)
2021-05-24T17:37:41.7603845Z Receiving objects:  89% (264/296)
2021-05-24T17:37:41.7604360Z Receiving objects:  90% (267/296)
2021-05-24T17:37:41.7604900Z Receiving objects:  91% (270/296)
2021-05-24T17:37:41.7605423Z Receiving objects:  92% (273/296)
2021-05-24T17:37:41.7605960Z Receiving objects:  93% (276/296)
2021-05-24T17:37:41.7606490Z Receiving objects:  94% (279/296)
2021-05-24T17:37:41.7607003Z Receiving objects:  95% (282/296)
2021-05-24T17:37:41.7607547Z Receiving objects:  96% (285/296)
2021-05-24T17:37:41.7608067Z Receiving objects:  97% (288/296)
2021-05-24T17:37:41.7608602Z Receiving objects:  98% (291/296)
2021-05-24T17:37:41.7609136Z Receiving objects:  99% (294/296)
2021-05-24T17:37:41.7609824Z Receiving objects: 100% (296/296)
2021-05-24T17:37:41.7610659Z Receiving objects: 100% (296/296), 84.64 KiB | 1.36 MiB/s, done.
2021-05-24T17:37:41.7611248Z Resolving deltas:   0% (0/146)
2021-05-24T17:37:41.7611764Z Resolving deltas:   1% (2/146)
2021-05-24T17:37:41.7612283Z Resolving deltas:   2% (3/146)
2021-05-24T17:37:41.7612791Z Resolving deltas:   3% (5/146)
2021-05-24T17:37:41.7613309Z Resolving deltas:   4% (6/146)
2021-05-24T17:37:41.7613821Z Resolving deltas:   5% (8/146)
2021-05-24T17:37:41.7614344Z Resolving deltas:   6% (9/146)
2021-05-24T17:37:41.7614864Z Resolving deltas:   7% (11/146)
2021-05-24T17:37:41.7615372Z Resolving deltas:   8% (12/146)
2021-05-24T17:37:41.7615890Z Resolving deltas:   9% (14/146)
2021-05-24T17:37:41.7616506Z Resolving deltas:  10% (15/146)
2021-05-24T17:37:41.7617028Z Resolving deltas:  11% (17/146)
2021-05-24T17:37:41.7617551Z Resolving deltas:  12% (18/146)
2021-05-24T17:37:41.7618052Z Resolving deltas:  13% (19/146)
2021-05-24T17:37:41.7618570Z Resolving deltas:  14% (21/146)
2021-05-24T17:37:41.7619071Z Resolving deltas:  15% (22/146)
2021-05-24T17:37:41.7619590Z Resolving deltas:  16% (24/146)
2021-05-24T17:37:41.7620103Z Resolving deltas:  17% (25/146)
2021-05-24T17:37:41.7620610Z Resolving deltas:  18% (27/146)
2021-05-24T17:37:41.7621128Z Resolving deltas:  19% (28/146)
2021-05-24T17:37:41.7621636Z Resolving deltas:  20% (30/146)
2021-05-24T17:37:41.7622157Z Resolving deltas:  21% (31/146)
2021-05-24T17:37:41.7622680Z Resolving deltas:  22% (33/146)
2021-05-24T17:37:41.7623182Z Resolving deltas:  23% (34/146)
2021-05-24T17:37:41.7623697Z Resolving deltas:  24% (36/146)
2021-05-24T17:37:41.7624200Z Resolving deltas:  25% (37/146)
2021-05-24T17:37:41.7624742Z Resolving deltas:  26% (38/146)
2021-05-24T17:37:41.7625268Z Resolving deltas:  27% (40/146)
2021-05-24T17:37:41.7625771Z Resolving deltas:  28% (41/146)
2021-05-24T17:37:41.7626282Z Resolving deltas:  29% (43/146)
2021-05-24T17:37:41.7626815Z Resolving deltas:  30% (44/146)
2021-05-24T17:37:41.7627334Z Resolving deltas:  31% (46/146)
2021-05-24T17:37:41.7627852Z Resolving deltas:  32% (47/146)
2021-05-24T17:37:41.7628356Z Resolving deltas:  33% (49/146)
2021-05-24T17:37:41.7628870Z Resolving deltas:  34% (50/146)
2021-05-24T17:37:41.7629376Z Resolving deltas:  35% (52/146)
2021-05-24T17:37:41.7629890Z Resolving deltas:  36% (53/146)
2021-05-24T17:37:41.7630406Z Resolving deltas:  37% (55/146)
2021-05-24T17:37:41.7630984Z Resolving deltas:  38% (56/146)
2021-05-24T17:37:41.7631516Z Resolving deltas:  39% (57/146)
2021-05-24T17:37:41.7632022Z Resolving deltas:  40% (59/146)
2021-05-24T17:37:41.7632540Z Resolving deltas:  41% (60/146)
2021-05-24T17:37:41.7633058Z Resolving deltas:  42% (62/146)
2021-05-24T17:37:41.7633562Z Resolving deltas:  43% (63/146)
2021-05-24T17:37:41.7634343Z Resolving deltas:  44% (65/146)
2021-05-24T17:37:41.7634871Z Resolving deltas:  45% (66/146)
2021-05-24T17:37:41.7635407Z Resolving deltas:  46% (68/146)
2021-05-24T17:37:41.7635944Z Resolving deltas:  47% (69/146)
2021-05-24T17:37:41.7636467Z Resolving deltas:  48% (71/146)
2021-05-24T17:37:41.7637007Z Resolving deltas:  49% (72/146)
2021-05-24T17:37:41.7637533Z Resolving deltas:  50% (73/146)
2021-05-24T17:37:41.7638066Z Resolving deltas:  51% (75/146)
2021-05-24T17:37:41.7638599Z Resolving deltas:  52% (76/146)
2021-05-24T17:37:41.7639120Z Resolving deltas:  53% (78/146)
2021-05-24T17:37:41.7639658Z Resolving deltas:  54% (79/146)
2021-05-24T17:37:41.7640184Z Resolving deltas:  55% (81/146)
2021-05-24T17:37:41.7640720Z Resolving deltas:  56% (82/146)
2021-05-24T17:37:41.7641254Z Resolving deltas:  57% (84/146)
2021-05-24T17:37:41.7641772Z Resolving deltas:  58% (85/146)
2021-05-24T17:37:41.7642307Z Resolving deltas:  59% (87/146)
2021-05-24T17:37:41.7642834Z Resolving deltas:  60% (88/146)
2021-05-24T17:37:41.7643369Z Resolving deltas:  61% (90/146)
2021-05-24T17:37:41.7643890Z Resolving deltas:  62% (91/146)
2021-05-24T17:37:41.7644425Z Resolving deltas:  63% (92/146)
2021-05-24T17:37:41.7644962Z Resolving deltas:  64% (94/146)
2021-05-24T17:37:41.7645484Z Resolving deltas:  65% (95/146)
2021-05-24T17:37:41.7646023Z Resolving deltas:  66% (97/146)
2021-05-24T17:37:41.7646542Z Resolving deltas:  67% (98/146)
2021-05-24T17:37:41.7647081Z Resolving deltas:  68% (100/146)
2021-05-24T17:37:41.7647622Z Resolving deltas:  69% (101/146)
2021-05-24T17:37:41.7648146Z Resolving deltas:  70% (103/146)
2021-05-24T17:37:41.7648682Z Resolving deltas:  71% (104/146)
2021-05-24T17:37:41.7649213Z Resolving deltas:  72% (106/146)
2021-05-24T17:37:41.7649750Z Resolving deltas:  73% (107/146)
2021-05-24T17:37:41.7650291Z Resolving deltas:  74% (109/146)
2021-05-24T17:37:41.7650812Z Resolving deltas:  75% (110/146)
2021-05-24T17:37:41.7651352Z Resolving deltas:  76% (111/146)
2021-05-24T17:37:41.7651978Z Resolving deltas:  77% (113/146)
2021-05-24T17:37:41.7652526Z Resolving deltas:  78% (114/146)
2021-05-24T17:37:41.7653067Z Resolving deltas:  79% (116/146)
2021-05-24T17:37:41.7653590Z Resolving deltas:  80% (117/146)
2021-05-24T17:37:41.7654132Z Resolving deltas:  81% (119/146)
2021-05-24T17:37:41.7654656Z Resolving deltas:  82% (120/146)
2021-05-24T17:37:41.7655198Z Resolving deltas:  83% (122/146)
2021-05-24T17:37:41.7655741Z Resolving deltas:  84% (123/146)
2021-05-24T17:37:41.7656266Z Resolving deltas:  85% (125/146)
2021-05-24T17:37:41.7656800Z Resolving deltas:  86% (126/146)
2021-05-24T17:37:41.7657324Z Resolving deltas:  87% (128/146)
2021-05-24T17:37:41.7657861Z Resolving deltas:  88% (129/146)
2021-05-24T17:37:41.7658398Z Resolving deltas:  89% (130/146)
2021-05-24T17:37:41.7658922Z Resolving deltas:  90% (132/146)
2021-05-24T17:37:41.7659459Z Resolving deltas:  91% (133/146)
2021-05-24T17:37:41.7659980Z Resolving deltas:  92% (135/146)
2021-05-24T17:37:41.7660518Z Resolving deltas:  93% (136/146)
2021-05-24T17:37:41.7661058Z Resolving deltas:  94% (138/146)
2021-05-24T17:37:41.7661578Z Resolving deltas:  95% (139/146)
2021-05-24T17:37:41.7662116Z Resolving deltas:  96% (141/146)
2021-05-24T17:37:41.7662639Z Resolving deltas:  97% (142/146)
2021-05-24T17:37:41.7663179Z Resolving deltas:  98% (144/146)
2021-05-24T17:37:41.7663718Z Resolving deltas:  99% (145/146)
2021-05-24T17:37:41.7664239Z Resolving deltas: 100% (146/146)
2021-05-24T17:37:41.7664791Z Resolving deltas: 100% (146/146), done.
2021-05-24T17:37:41.7665431Z From https://github.com/con/tinuous
2021-05-24T17:37:41.7666423Z  * [new branch]      gh-54                                    -> origin/gh-54
2021-05-24T17:37:41.7667359Z  * [new branch]      master                                   -> origin/master
2021-05-24T17:37:41.7668310Z  * [new branch]      test-appveyor                            -> origin/test-appveyor
2021-05-24T17:37:41.7669220Z  * [new tag]         0.1.0                                    -> 0.1.0
2021-05-24T17:37:41.7670020Z  * [new tag]         0.2.0                                    -> 0.2.0
2021-05-24T17:37:41.7670954Z  * [new ref]         e18ad2640d9438d6c4986018776f7a5b5549abf2 -> pull/56/merge
2021-05-24T17:37:41.7671839Z ##[endgroup]
2021-05-24T17:37:41.7672436Z ##[group]Determining the checkout info
2021-05-24T17:37:41.7673078Z ##[endgroup]
2021-05-24T17:37:41.7673794Z ##[group]Checking out the ref
2021-05-24T17:37:41.7674746Z [command]/usr/bin/git checkout --progress --force refs/remotes/pull/56/merge
2021-05-24T17:37:41.7675810Z Note: switching to 'refs/remotes/pull/56/merge'.
2021-05-24T17:37:41.7676311Z 
2021-05-24T17:37:41.7677146Z You are in 'detached HEAD' state. You can look around, make experimental
2021-05-24T17:37:41.7678077Z changes and commit them, and you can discard any commits you make in this
2021-05-24T17:37:41.7678962Z state without impacting any branches by switching back to a branch.
2021-05-24T17:37:41.7679526Z 
2021-05-24T17:37:41.7680160Z If you want to create a new branch to retain commits you create, you may
2021-05-24T17:37:41.7681189Z do so (now or later) by using -c with the switch command. Example:
2021-05-24T17:37:41.7681712Z 
2021-05-24T17:37:41.7682324Z   git switch -c <new-branch-name>
2021-05-24T17:37:41.7682785Z 
2021-05-24T17:37:41.7683339Z Or undo this operation with:
2021-05-24T17:37:41.7683786Z 
2021-05-24T17:37:41.7684362Z   git switch -
2021-05-24T17:37:41.7684746Z 
2021-05-24T17:37:41.7685490Z Turn off this advice by setting config variable advice.detachedHead to false
2021-05-24T17:37:41.7686052Z 
2021-05-24T17:37:41.7691845Z HEAD is now at e18ad26 Merge 171b951bb5a46a92dfe68fead6202b5339a9f37c into 9d2fc668f4061a854085982694c30638be70a380
2021-05-24T17:37:41.7692894Z ##[endgroup]
2021-05-24T17:37:41.7693749Z [command]/usr/bin/git log -1 --format='%H'
2021-05-24T17:37:41.7694679Z 'e18ad2640d9438d6c4986018776f7a5b5549abf2'
2021-05-24T17:37:41.7769371Z ##[group]Run actions/setup-python@v2
2021-05-24T17:37:41.7769925Z with:
2021-05-24T17:37:41.7770324Z   python-version: 3.9
2021-05-24T17:37:41.7771309Z   token: ***
2021-05-24T17:37:41.7771810Z ##[endgroup]
2021-05-24T17:37:41.8389164Z Successfully setup CPython (3.9.5)
2021-05-24T17:37:41.8446870Z ##[group]Run python -m pip install --upgrade pip wheel
2021-05-24T17:37:41.8447571Z [36;1mpython -m pip install --upgrade pip wheel[0m
2021-05-24T17:37:41.8448307Z [36;1mpython -m pip install --upgrade --upgrade-strategy=eager tox[0m
2021-05-24T17:37:41.8489179Z shell: /usr/bin/bash -e {0}
2021-05-24T17:37:41.8489628Z env:
2021-05-24T17:37:41.8490163Z   pythonLocation: /opt/hostedtoolcache/Python/3.9.5/x64
2021-05-24T17:37:41.8490941Z   LD_LIBRARY_PATH: /opt/hostedtoolcache/Python/3.9.5/x64/lib
2021-05-24T17:37:41.8491476Z ##[endgroup]
2021-05-24T17:37:42.3676717Z Requirement already satisfied: pip in /opt/hostedtoolcache/Python/3.9.5/x64/lib/python3.9/site-packages (21.1.1)
2021-05-24T17:37:42.5057296Z Collecting pip
2021-05-24T17:37:42.5570210Z   Downloading pip-21.1.2-py3-none-any.whl (1.5 MB)
2021-05-24T17:37:42.7700968Z Collecting wheel
2021-05-24T17:37:42.7827043Z   Downloading wheel-0.36.2-py2.py3-none-any.whl (35 kB)
2021-05-24T17:37:42.8343263Z Installing collected packages: wheel, pip
2021-05-24T17:37:42.8633434Z   Attempting uninstall: pip
2021-05-24T17:37:42.8634346Z     Found existing installation: pip 21.1.1
2021-05-24T17:37:42.9912607Z     Uninstalling pip-21.1.1:
2021-05-24T17:37:42.9984984Z       Successfully uninstalled pip-21.1.1
2021-05-24T17:37:43.8736457Z Successfully installed pip-21.1.2 wheel-0.36.2
2021-05-24T17:37:44.5157502Z Collecting tox
2021-05-24T17:37:44.5699462Z   Downloading tox-3.23.1-py2.py3-none-any.whl (85 kB)
2021-05-24T17:37:44.6491848Z Collecting six>=1.14.0
2021-05-24T17:37:44.6607889Z   Downloading six-1.16.0-py2.py3-none-any.whl (11 kB)
2021-05-24T17:37:44.6861479Z Collecting toml>=0.9.4
2021-05-24T17:37:44.6975733Z   Downloading toml-0.10.2-py2.py3-none-any.whl (16 kB)
2021-05-24T17:37:44.7315021Z Collecting pluggy>=0.12.0
2021-05-24T17:37:44.7453077Z   Downloading pluggy-0.13.1-py2.py3-none-any.whl (18 kB)
2021-05-24T17:37:44.9181283Z Collecting virtualenv!=20.0.0,!=20.0.1,!=20.0.2,!=20.0.3,!=20.0.4,!=20.0.5,!=20.0.6,!=20.0.7,>=16.0.0
2021-05-24T17:37:44.9299980Z   Downloading virtualenv-20.4.6-py2.py3-none-any.whl (7.2 MB)
2021-05-24T17:37:45.3205611Z Collecting filelock>=3.0.0
2021-05-24T17:37:45.3327382Z   Downloading filelock-3.0.12-py3-none-any.whl (7.6 kB)
2021-05-24T17:37:46.2749432Z Collecting py>=1.4.17
2021-05-24T17:37:46.2794275Z   Downloading py-1.10.0-py2.py3-none-any.whl (97 kB)
2021-05-24T17:37:46.2795705Z Collecting packaging>=14
2021-05-24T17:37:46.2806003Z   Downloading packaging-20.9-py2.py3-none-any.whl (40 kB)
2021-05-24T17:37:46.2806791Z Collecting pyparsing>=2.0.2
2021-05-24T17:37:46.2807732Z   Downloading pyparsing-2.4.7-py2.py3-none-any.whl (67 kB)
2021-05-24T17:37:46.2808478Z Collecting appdirs<2,>=1.4.3
2021-05-24T17:37:46.2809341Z   Downloading appdirs-1.4.4-py2.py3-none-any.whl (9.6 kB)
2021-05-24T17:37:46.2810045Z Collecting distlib<1,>=0.3.1
2021-05-24T17:37:46.2810911Z   Downloading distlib-0.3.1-py2.py3-none-any.whl (335 kB)
2021-05-24T17:37:46.2811999Z Installing collected packages: six, pyparsing, filelock, distlib, appdirs, virtualenv, toml, py, pluggy, packaging, tox
2021-05-24T17:37:46.2813854Z Successfully installed appdirs-1.4.4 distlib-0.3.1 filelock-3.0.12 packaging-20.9 pluggy-0.13.1 py-1.10.0 pyparsing-2.4.7 six-1.16.0 toml-0.10.2 tox-3.23.1 virtualenv-20.4.6
2021-05-24T17:37:46.3161751Z ##[group]Run tox -e py -- --cov-report=xml
2021-05-24T17:37:46.3162343Z [36;1mtox -e py -- --cov-report=xml[0m
2021-05-24T17:37:46.3200335Z shell: /usr/bin/bash -e {0}
2021-05-24T17:37:46.3200703Z env:
2021-05-24T17:37:46.3201198Z   pythonLocation: /opt/hostedtoolcache/Python/3.9.5/x64
2021-05-24T17:37:46.3201879Z   LD_LIBRARY_PATH: /opt/hostedtoolcache/Python/3.9.5/x64/lib
2021-05-24T17:37:46.3202373Z ##[endgroup]
2021-05-24T17:37:46.5221029Z .package create: /home/runner/work/tinuous/tinuous/.tox/.package
2021-05-24T17:37:46.9806322Z .package installdeps: setuptools >= 46.4.0, wheel ~= 0.32
2021-05-24T17:37:50.4875446Z py create: /home/runner/work/tinuous/tinuous/.tox/py
2021-05-24T17:37:50.9032563Z py installdeps: pytest~=6.0, pytest-cov~=2.0
2021-05-24T17:37:54.0134295Z py inst: /home/runner/work/tinuous/tinuous/.tox/.tmp/package/1/tinuous-0.2.0+6.ge18ad26.tar.gz
2021-05-24T17:38:16.0646788Z py installed: annexremote==1.5.0,appdirs==1.4.4,attrs==21.2.0,boto==2.49.0,certifi==2020.12.5,cffi==1.14.5,chardet==4.0.0,click==7.1.2,click-loglevel==0.3.0,coverage==5.5,cryptography==3.4.7,datalad==0.14.4,Deprecated==1.2.12,distro==1.5.0,fasteners==0.16,future==0.18.2,humanize==3.5.0,idna==2.10,importlib-metadata==4.0.1,in-place==0.5.0,iniconfig==1.1.1,iso8601==0.1.14,jeepney==0.6.0,jsmin==2.2.2,keyring==23.0.1,keyrings.alt==4.0.2,msgpack==1.0.2,packaging==20.9,patool==1.12,pluggy==0.13.1,py==1.10.0,pycparser==2.20,pydantic==1.8.2,PyGithub==1.55,PyJWT==2.1.0,PyNaCl==1.4.0,pyparsing==2.4.7,pytest==6.2.4,pytest-cov==2.12.0,python-dateutil==2.8.1,PyYAML==5.4.1,requests==2.25.1,SecretStorage==3.3.1,simplejson==3.17.2,six==1.16.0,tinuous @ file:///home/runner/work/tinuous/tinuous/.tox/.tmp/package/1/tinuous-0.2.0%2B6.ge18ad26.tar.gz,toml==0.10.2,tqdm==4.60.0,typing-extensions==3.10.0.0,urllib3==1.26.4,Whoosh==2.7.4,wrapt==1.12.1,zipp==3.4.1
2021-05-24T17:38:16.0681519Z py run-test-pre: PYTHONHASHSEED='1031683086'
2021-05-24T17:38:16.0682390Z py run-test: commands[0] | tinuous --help
2021-05-24T17:38:16.1597144Z It is highly recommended to configure Git before using DataLad. Set both 'user.name' and 'user.email' configuration variables.
2021-05-24T17:38:16.1627742Z It is highly recommended to configure Git before using DataLad. Set both 'user.name' and 'user.email' configuration variables.
2021-05-24T17:38:16.8142326Z Usage: tinuous [OPTIONS] COMMAND [ARGS]...
2021-05-24T17:38:16.8153482Z 
2021-05-24T17:38:16.8154681Z   Download build logs from GitHub Actions, Travis, and Appveyor
2021-05-24T17:38:16.8155357Z 
2021-05-24T17:38:16.8155956Z Options:
2021-05-24T17:38:16.8157365Z   -c, --config FILE               Read configuration from the given file
2021-05-24T17:38:16.8158332Z                                   [default: config.yml]
2021-05-24T17:38:16.8161675Z 
2021-05-24T17:38:16.8162855Z   -l, --log-level [NOTSET|DEBUG|INFO|WARNING|ERROR|CRITICAL]
2021-05-24T17:38:16.8164777Z                                   Set logging level  [default: INFO]
2021-05-24T17:38:16.8165917Z   --help                          Show this message and exit.
2021-05-24T17:38:16.8166447Z 
2021-05-24T17:38:16.8166914Z Commands:
2021-05-24T17:38:16.8167496Z   fetch     Download logs
2021-05-24T17:38:16.8168127Z   sanitize  Sanitize secrets in logs
2021-05-24T17:38:16.8695158Z py run-test: commands[1] | pytest --cov-report=xml test
2021-05-24T17:38:17.1891982Z ============================= test session starts ==============================
2021-05-24T17:38:17.1893519Z platform linux -- Python 3.9.5, pytest-6.2.4, py-1.10.0, pluggy-0.13.1
2021-05-24T17:38:17.1894146Z cachedir: .tox/py/.pytest_cache
2021-05-24T17:38:17.1894749Z rootdir: /home/runner/work/tinuous/tinuous, configfile: tox.ini
2021-05-24T17:38:17.1895423Z plugins: cov-2.12.0
2021-05-24T17:38:17.1895794Z collected 1 item
2021-05-24T17:38:17.1896048Z 
2021-05-24T17:38:17.3032090Z test/test_util.py .                                                      [100%]
2021-05-24T17:38:17.3033002Z 
2021-05-24T17:38:17.3034892Z ----------- coverage: platform linux, python 3.9.5-final-0 -----------
2021-05-24T17:38:17.3035838Z Coverage XML written to file coverage.xml
2021-05-24T17:38:17.3036413Z 
2021-05-24T17:38:17.3036763Z 
2021-05-24T17:38:17.3037309Z ============================== 1 passed in 0.14s ===============================
2021-05-24T17:38:17.3339795Z ___________________________________ summary ____________________________________
2021-05-24T17:38:17.3340641Z   py: commands succeeded
2021-05-24T17:38:17.3341213Z   congratulations :)
2021-05-24T17:38:17.3673129Z ##[group]Run codecov/codecov-action@v1
2021-05-24T17:38:17.3673567Z with:
2021-05-24T17:38:17.3674168Z   fail_ci_if_error: false
2021-05-24T17:38:17.3674506Z env:
2021-05-24T17:38:17.3675004Z   pythonLocation: /opt/hostedtoolcache/Python/3.9.5/x64
2021-05-24T17:38:17.3675692Z   LD_LIBRARY_PATH: /opt/hostedtoolcache/Python/3.9.5/x64/lib
2021-05-24T17:38:17.3676184Z ##[endgroup]
2021-05-24T17:38:17.4267807Z [command]/usr/bin/bash codecov.sh -n  -F  -Q github-action -C 171b951bb5a46a92dfe68fead6202b5339a9f37c
2021-05-24T17:38:17.4391055Z 
2021-05-24T17:38:17.4391801Z   _____          _
2021-05-24T17:38:17.4392239Z  / ____|        | |
2021-05-24T17:38:17.4392725Z | |     ___   __| | ___  ___ _____   __
2021-05-24T17:38:17.4393179Z | |    / _ \ / _` |/ _ \/ __/ _ \ \ / /
2021-05-24T17:38:17.4394196Z | |___| (_) | (_| |  __/ (_| (_) \ V /
2021-05-24T17:38:17.4394585Z  \_____\___/ \__,_|\___|\___\___/ \_/
2021-05-24T17:38:17.4395423Z                               Bash-1.0.2
2021-05-24T17:38:17.4395764Z 
2021-05-24T17:38:17.4395948Z 
2021-05-24T17:38:17.4408251Z [0;36m==>[0m git version 2.31.1 found
2021-05-24T17:38:17.4515564Z [0;36m==>[0m curl 7.68.0 (x86_64-pc-linux-gnu) libcurl/7.68.0 OpenSSL/1.1.1f zlib/1.2.11 brotli/1.0.7 libidn2/2.2.0 libpsl/0.21.0 (+libidn2/2.2.0) libssh/0.9.3/openssl/zlib nghttp2/1.40.0 librtmp/2.3
2021-05-24T17:38:17.4519300Z Release-Date: 2020-01-08
2021-05-24T17:38:17.4520088Z Protocols: dict file ftp ftps gopher http https imap imaps ldap ldaps pop3 pop3s rtmp rtsp scp sftp smb smbs smtp smtps telnet tftp 
2021-05-24T17:38:17.4521474Z Features: AsynchDNS brotli GSS-API HTTP2 HTTPS-proxy IDN IPv6 Kerberos Largefile libz NTLM NTLM_WB PSL SPNEGO SSL TLS-SRP UnixSockets
2021-05-24T17:38:17.4522451Z [0;90m==>[0m GitHub Actions detected.
2021-05-24T17:38:17.4522883Z     Env vars used:
2021-05-24T17:38:17.4523401Z       -> GITHUB_ACTIONS:    true
2021-05-24T17:38:17.4523958Z       -> GITHUB_HEAD_REF:   gh-54
2021-05-24T17:38:17.4524555Z       -> GITHUB_REF:        refs/pull/56/merge
2021-05-24T17:38:17.4525172Z       -> GITHUB_REPOSITORY: con/tinuous
2021-05-24T17:38:17.4525743Z       -> GITHUB_RUN_ID:     872191023
2021-05-24T17:38:17.4526471Z       -> GITHUB_SHA:        e18ad2640d9438d6c4986018776f7a5b5549abf2
2021-05-24T17:38:17.4527156Z       -> GITHUB_WORKFLOW:   Test
2021-05-24T17:38:17.4699696Z     [0;90mproject root:[0m .
2021-05-24T17:38:17.4760252Z     [0;32mYaml not found, that's ok! Learn more at[0m [0;36mhttp://docs.codecov.io/docs/codecov-yaml[0m
2021-05-24T17:38:17.5052428Z [0;90m==>[0m Running gcov in . [0;90m(disable via -X gcov)[0m
2021-05-24T17:38:17.5268042Z [0;90m==>[0m Searching for coverage reports in:
2021-05-24T17:38:17.5269378Z     [0;32m+[0m .
2021-05-24T17:38:17.5338996Z     [0;90m->[0m Found 1 reports
2021-05-24T17:38:17.5341026Z [0;90m==>[0m Detecting git/mercurial file structure
2021-05-24T17:38:17.5471676Z [0;90m==>[0m Reading reports
2021-05-24T17:38:17.5530664Z     [0;32m+[0m ./coverage.xml [0;90mbytes=30911[0m
2021-05-24T17:38:17.5561264Z [0;90m==>[0m Appending adjustments
2021-05-24T17:38:17.5562450Z     [0;36mhttps://docs.codecov.io/docs/fixing-reports[0m
2021-05-24T17:38:17.5654631Z     [0;90m->[0m No adjustments found
2021-05-24T17:38:17.5655248Z [0;90m==>[0m Gzipping contents
2021-05-24T17:38:17.5772589Z         4.0K	/tmp/codecov.Wjbz4K.gz
2021-05-24T17:38:17.5791708Z [0;90m==>[0m Uploading reports
2021-05-24T17:38:17.5792668Z     [0;90murl:[0m https://codecov.io
2021-05-24T17:38:17.5795881Z     [0;90mquery:[0m branch=gh-54&commit=171b951bb5a46a92dfe68fead6202b5339a9f37c&build=872191023&build_url=http%3A%2F%2Fgithub.com%2Fcon%2Ftinuous%2Factions%2Fruns%2F872191023&name=&tag=&slug=con%2Ftinuous&service=github-actions&flags=&pr=56&job=Test&cmd_args=n,F,Q,C
2021-05-24T17:38:17.5828338Z [0;90m->[0m  Pinging Codecov
2021-05-24T17:38:17.5830739Z https://codecov.io/upload/v4?package=github-action-1.0.2&token=secret&branch=gh-54&commit=171b951bb5a46a92dfe68fead6202b5339a9f37c&build=872191023&build_url=http%3A%2F%2Fgithub.com%2Fcon%2Ftinuous%2Factions%2Fruns%2F872191023&name=&tag=&slug=con%2Ftinuous&service=github-actions&flags=&pr=56&job=Test&cmd_args=n,F,Q,C
2021-05-24T17:38:18.0985960Z [0;90m->[0m  Uploading to
2021-05-24T17:38:18.0990168Z https://storage.googleapis.com/codecov/v4/raw/2021-05-24/0010CBA6D851417C00BB0BC3FC5895F9/171b951bb5a46a92dfe68fead6202b5339a9f37c/b7987a0c-25d2-495d-8765-95d9521e977a.txt?X-Amz-Algorithm=AWS4-HMAC-SHA256&X-Amz-Credential=GOOG1EQM3VGPYSAFECJRMNAFIPCV2R3P2BOORCJC7NM537NPJQSFLHUDNIDWA%2F20210524%2FUS%2Fs3%2Faws4_request&X-Amz-Date=20210524T173818Z&X-Amz-Expires=10&X-Amz-SignedHeaders=host&X-Amz-Signature=02ae7820037fb117bbb366044ae9d79bd77477fd0eb59bf5ee00cd50c5f2cc4c
2021-05-24T17:38:18.1057717Z   % Total    % Received % Xferd  Average Speed   Time    Time     Time  Current
2021-05-24T17:38:18.1061873Z                                  Dload  Upload   Total   Spent    Left  Speed
2021-05-24T17:38:18.1062291Z 
2021-05-24T17:38:18.2825748Z   0     0    0     0    0     0      0      0 --:--:-- --:--:-- --:--:--     0
2021-05-24T17:38:18.2827488Z 100  3181    0     0  100  3181      0  18073 --:--:-- --:--:-- --:--:-- 18073
2021-05-24T17:38:18.2876917Z     [0;32m->[0m Reports have been successfully queued for processing at [0;36mhttps://codecov.io/github/con/tinuous/commit/171b951bb5a46a92dfe68fead6202b5339a9f37c[0m
2021-05-24T17:38:18.3009432Z Post job cleanup.
2021-05-24T17:38:18.3871062Z [command]/usr/bin/git version
2021-05-24T17:38:18.3954617Z git version 2.31.1
2021-05-24T17:38:18.3985737Z [command]/usr/bin/git config --local --name-only --get-regexp core\.sshCommand
2021-05-24T17:38:18.4029163Z [command]/usr/bin/git submodule foreach --recursive git config --local --name-only --get-regexp 'core\.sshCommand' && git config --local --unset-all 'core.sshCommand' || :
2021-05-24T17:38:18.4264116Z [command]/usr/bin/git config --local --name-only --get-regexp http\.https\:\/\/github\.com\/\.extraheader
2021-05-24T17:38:18.4300655Z http.https://github.com/.extraheader
2021-05-24T17:38:18.4309810Z [command]/usr/bin/git config --local --unset-all http.https://github.com/.extraheader
2021-05-24T17:38:18.4351552Z [command]/usr/bin/git submodule foreach --recursive git config --local --name-only --get-regexp 'http\.https\:\/\/github\.com\/\.extraheader' && git config --local --unset-all 'http.https://github.com/.extraheader' || :
2021-05-24T17:38:18.4667620Z Cleaning up orphan processes
