2021-04-27T21:44:08.2940682Z ##[section]Starting: Request a runner to run this job
2021-04-27T21:44:08.5082393Z Can't find any online and idle self-hosted runner in current repository that matches the required labels: 'ubuntu-latest'
2021-04-27T21:44:08.5082502Z Can't find any online and idle self-hosted runner in current repository's account/organization that matches the required labels: 'ubuntu-latest'
2021-04-27T21:44:08.5082733Z Found online and idle hosted runner in current repository's account/organization that matches the required labels: 'ubuntu-latest'
2021-04-27T21:44:08.6602239Z ##[section]Finishing: Request a runner to run this job
2021-04-27T21:44:16.6922443Z Current runner version: '2.278.0'
2021-04-27T21:44:16.6953472Z ##[group]Operating System
2021-04-27T21:44:16.6954577Z Ubuntu
2021-04-27T21:44:16.6955208Z 20.04.2
2021-04-27T21:44:16.6955642Z LTS
2021-04-27T21:44:16.6956160Z ##[endgroup]
2021-04-27T21:44:16.6956727Z ##[group]Virtual Environment
2021-04-27T21:44:16.6957499Z Environment: ubuntu-20.04
2021-04-27T21:44:16.6958069Z Version: 20210425.1
2021-04-27T21:44:16.6959172Z Included Software: https://github.com/actions/virtual-environments/blob/ubuntu20/20210425.1/images/linux/Ubuntu2004-README.md
2021-04-27T21:44:16.6960670Z Image Release: https://github.com/actions/virtual-environments/releases/tag/ubuntu20%2F20210425.1
2021-04-27T21:44:16.6961851Z ##[endgroup]
2021-04-27T21:44:16.6972223Z ##[group]GITHUB_TOKEN Permissions
2021-04-27T21:44:16.6973991Z Actions: write
2021-04-27T21:44:16.6974534Z Checks: write
2021-04-27T21:44:16.6975118Z Contents: write
2021-04-27T21:44:16.6976377Z Deployments: write
2021-04-27T21:44:16.6977125Z Issues: write
2021-04-27T21:44:16.6977763Z Metadata: read
2021-04-27T21:44:16.6978364Z Packages: write
2021-04-27T21:44:16.6978931Z PullRequests: write
2021-04-27T21:44:16.6979674Z RepositoryProjects: write
2021-04-27T21:44:16.6980342Z SecurityEvents: write
2021-04-27T21:44:16.6980962Z Statuses: write
2021-04-27T21:44:16.6981669Z ##[endgroup]
2021-04-27T21:44:16.6985704Z Prepare workflow directory
2021-04-27T21:44:16.7706708Z Prepare all required actions
2021-04-27T21:44:16.7719378Z Getting action download info
2021-04-27T21:44:17.2197282Z Download action repository 'actions/checkout@v2'
2021-04-27T21:44:19.1381944Z Download action repository 'actions/setup-python@v2'
2021-04-27T21:44:19.6214438Z ##[group]Run actions/checkout@v2
2021-04-27T21:44:19.6215242Z with:
2021-04-27T21:44:19.6215966Z   repository: con/tinuous
2021-04-27T21:44:19.6216979Z   token: ***
2021-04-27T21:44:19.6217475Z   ssh-strict: true
2021-04-27T21:44:19.6218070Z   persist-credentials: true
2021-04-27T21:44:19.6218657Z   clean: true
2021-04-27T21:44:19.6219147Z   fetch-depth: 1
2021-04-27T21:44:19.6219640Z   lfs: false
2021-04-27T21:44:19.6220129Z   submodules: false
2021-04-27T21:44:19.6220619Z ##[endgroup]
2021-04-27T21:44:19.8866844Z Syncing repository: con/tinuous
2021-04-27T21:44:19.8867822Z ##[group]Getting Git version info
2021-04-27T21:44:19.8869193Z Working directory is '/home/runner/work/tinuous/tinuous'
2021-04-27T21:44:19.8913806Z [command]/usr/bin/git version
2021-04-27T21:44:19.9078524Z git version 2.31.1
2021-04-27T21:44:19.9104502Z ##[endgroup]
2021-04-27T21:44:19.9111776Z Deleting the contents of '/home/runner/work/tinuous/tinuous'
2021-04-27T21:44:19.9131163Z ##[group]Initializing the repository
2021-04-27T21:44:19.9132000Z [command]/usr/bin/git init /home/runner/work/tinuous/tinuous
2021-04-27T21:44:19.9201599Z hint: Using 'master' as the name for the initial branch. This default branch name
2021-04-27T21:44:19.9202611Z hint: is subject to change. To configure the initial branch name to use in all
2021-04-27T21:44:19.9203558Z hint: of your new repositories, which will suppress this warning, call:
2021-04-27T21:44:19.9204276Z hint: 
2021-04-27T21:44:19.9205155Z hint: 	git config --global init.defaultBranch <name>
2021-04-27T21:44:19.9205793Z hint: 
2021-04-27T21:44:19.9206644Z hint: Names commonly chosen instead of 'master' are 'main', 'trunk' and
2021-04-27T21:44:19.9207757Z hint: 'development'. The just-created branch can be renamed via this command:
2021-04-27T21:44:19.9208481Z hint: 
2021-04-27T21:44:19.9209113Z hint: 	git branch -m <name>
2021-04-27T21:44:19.9230909Z Initialized empty Git repository in /home/runner/work/tinuous/tinuous/.git/
2021-04-27T21:44:19.9231982Z [command]/usr/bin/git remote add origin https://github.com/con/tinuous
2021-04-27T21:44:19.9268159Z ##[endgroup]
2021-04-27T21:44:19.9268889Z ##[group]Disabling automatic garbage collection
2021-04-27T21:44:19.9273685Z [command]/usr/bin/git config --local gc.auto 0
2021-04-27T21:44:19.9312807Z ##[endgroup]
2021-04-27T21:44:20.5508296Z ##[group]Setting up auth
2021-04-27T21:44:20.5510112Z [command]/usr/bin/git config --local --name-only --get-regexp core\.sshCommand
2021-04-27T21:44:20.5512073Z [command]/usr/bin/git submodule foreach --recursive git config --local --name-only --get-regexp 'core\.sshCommand' && git config --local --unset-all 'core.sshCommand' || :
2021-04-27T21:44:20.5514030Z [command]/usr/bin/git config --local --name-only --get-regexp http\.https\:\/\/github\.com\/\.extraheader
2021-04-27T21:44:20.5516387Z [command]/usr/bin/git submodule foreach --recursive git config --local --name-only --get-regexp 'http\.https\:\/\/github\.com\/\.extraheader' && git config --local --unset-all 'http.https://github.com/.extraheader' || :
2021-04-27T21:44:20.5518686Z [command]/usr/bin/git config --local http.https://github.com/.extraheader AUTHORIZATION: basic ***
2021-04-27T21:44:20.5519898Z ##[endgroup]
2021-04-27T21:44:20.5520670Z ##[group]Fetching the repository
2021-04-27T21:44:20.5522625Z [command]/usr/bin/git -c protocol.version=2 fetch --no-tags --prune --progress --no-recurse-submodules --depth=1 origin +49188ae68419d14c5be93f8c3c805e4494188ac2:refs/remotes/origin/master
2021-04-27T21:44:20.5524339Z remote: Enumerating objects: 21, done.        
2021-04-27T21:44:20.5525168Z remote: Counting objects:   4% (1/21)        
2021-04-27T21:44:20.5525949Z remote: Counting objects:   9% (2/21)        
2021-04-27T21:44:20.5526733Z remote: Counting objects:  14% (3/21)        
2021-04-27T21:44:20.5527508Z remote: Counting objects:  19% (4/21)        
2021-04-27T21:44:20.5528293Z remote: Counting objects:  23% (5/21)        
2021-04-27T21:44:20.5529070Z remote: Counting objects:  28% (6/21)        
2021-04-27T21:44:20.5530054Z remote: Counting objects:  33% (7/21)        
2021-04-27T21:44:20.5530950Z remote: Counting objects:  38% (8/21)        
2021-04-27T21:44:20.5531729Z remote: Counting objects:  42% (9/21)        
2021-04-27T21:44:20.5532510Z remote: Counting objects:  47% (10/21)        
2021-04-27T21:44:20.5533273Z remote: Counting objects:  52% (11/21)        
2021-04-27T21:44:20.5534062Z remote: Counting objects:  57% (12/21)        
2021-04-27T21:44:20.5534867Z remote: Counting objects:  61% (13/21)        
2021-04-27T21:44:20.5535868Z remote: Counting objects:  66% (14/21)        
2021-04-27T21:44:20.5537058Z remote: Counting objects:  71% (15/21)        
2021-04-27T21:44:20.5537846Z remote: Counting objects:  76% (16/21)        
2021-04-27T21:44:20.5538630Z remote: Counting objects:  80% (17/21)        
2021-04-27T21:44:20.5539427Z remote: Counting objects:  85% (18/21)        
2021-04-27T21:44:20.5540197Z remote: Counting objects:  90% (19/21)        
2021-04-27T21:44:20.5540994Z remote: Counting objects:  95% (20/21)        
2021-04-27T21:44:20.5541874Z remote: Counting objects: 100% (21/21)        
2021-04-27T21:44:20.5542524Z remote: Counting objects: 100% (21/21), done.        
2021-04-27T21:44:20.5543211Z remote: Compressing objects:   6% (1/16)        
2021-04-27T21:44:20.5544287Z remote: Compressing objects:  12% (2/16)        
2021-04-27T21:44:20.5544984Z remote: Compressing objects:  18% (3/16)        
2021-04-27T21:44:20.5545672Z remote: Compressing objects:  25% (4/16)        
2021-04-27T21:44:20.5546352Z remote: Compressing objects:  31% (5/16)        
2021-04-27T21:44:20.5547036Z remote: Compressing objects:  37% (6/16)        
2021-04-27T21:44:20.5547703Z remote: Compressing objects:  43% (7/16)        
2021-04-27T21:44:20.5548384Z remote: Compressing objects:  50% (8/16)        
2021-04-27T21:44:20.5549049Z remote: Compressing objects:  56% (9/16)        
2021-04-27T21:44:20.5549857Z remote: Compressing objects:  62% (10/16)        
2021-04-27T21:44:20.5550907Z remote: Compressing objects:  68% (11/16)        
2021-04-27T21:44:20.5551766Z remote: Compressing objects:  75% (12/16)        
2021-04-27T21:44:20.5552603Z remote: Compressing objects:  81% (13/16)        
2021-04-27T21:44:20.5553420Z remote: Compressing objects:  87% (14/16)        
2021-04-27T21:44:20.5554256Z remote: Compressing objects:  93% (15/16)        
2021-04-27T21:44:20.5555077Z remote: Compressing objects: 100% (16/16)        
2021-04-27T21:44:20.5556189Z remote: Compressing objects: 100% (16/16), done.        
2021-04-27T21:44:20.5557483Z remote: Total 21 (delta 1), reused 14 (delta 1), pack-reused 0        
2021-04-27T21:44:20.5558470Z From https://github.com/con/tinuous
2021-04-27T21:44:20.5559781Z  * [new ref]         49188ae68419d14c5be93f8c3c805e4494188ac2 -> origin/master
2021-04-27T21:44:20.5560789Z ##[endgroup]
2021-04-27T21:44:20.5561578Z ##[group]Determining the checkout info
2021-04-27T21:44:20.5562345Z ##[endgroup]
2021-04-27T21:44:20.5563047Z ##[group]Checking out the ref
2021-04-27T21:44:20.5564341Z [command]/usr/bin/git checkout --progress --force -B master refs/remotes/origin/master
2021-04-27T21:44:20.5565548Z Reset branch 'master'
2021-04-27T21:44:20.5566693Z Branch 'master' set up to track remote branch 'master' from 'origin'.
2021-04-27T21:44:20.5567596Z ##[endgroup]
2021-04-27T21:44:20.5568552Z [command]/usr/bin/git log -1 --format='%H'
2021-04-27T21:44:20.5569721Z '49188ae68419d14c5be93f8c3c805e4494188ac2'
2021-04-27T21:44:20.5707232Z ##[group]Run actions/setup-python@v2
2021-04-27T21:44:20.5707880Z with:
2021-04-27T21:44:20.5708374Z   python-version: 3.8
2021-04-27T21:44:20.5709380Z   token: ***
2021-04-27T21:44:20.5709848Z ##[endgroup]
2021-04-27T21:44:20.6414980Z Successfully setup CPython (3.8.9)
2021-04-27T21:44:20.6479651Z ##[group]Run python -m pip install --upgrade pip wheel
2021-04-27T21:44:20.6480804Z [36;1mpython -m pip install --upgrade pip wheel[0m
2021-04-27T21:44:20.6481409Z [36;1mpython -m pip install .[0m
2021-04-27T21:44:20.6532467Z shell: /usr/bin/bash -e {0}
2021-04-27T21:44:20.6532977Z env:
2021-04-27T21:44:20.6533642Z   pythonLocation: /opt/hostedtoolcache/Python/3.8.9/x64
2021-04-27T21:44:20.6534510Z   LD_LIBRARY_PATH: /opt/hostedtoolcache/Python/3.8.9/x64/lib
2021-04-27T21:44:20.6535159Z ##[endgroup]
2021-04-27T21:44:21.2412648Z WARNING: Value for scheme.headers does not match. Please report this to <https://github.com/pypa/pip/issues/9617>
2021-04-27T21:44:21.2414120Z distutils: /opt/hostedtoolcache/Python/3.8.9/x64/include/python3.8/UNKNOWN
2021-04-27T21:44:21.2415050Z sysconfig: /opt/hostedtoolcache/Python/3.8.9/x64/include/python3.8
2021-04-27T21:44:21.2416772Z WARNING: Additional context:
2021-04-27T21:44:21.2417387Z user = False
2021-04-27T21:44:21.2417790Z home = None
2021-04-27T21:44:21.2418375Z root = None
2021-04-27T21:44:21.2418840Z prefix = None
2021-04-27T21:44:21.3313327Z Requirement already satisfied: pip in /opt/hostedtoolcache/Python/3.8.9/x64/lib/python3.8/site-packages (21.1)
2021-04-27T21:44:21.5519399Z Collecting wheel
2021-04-27T21:44:21.5872134Z   Downloading wheel-0.36.2-py2.py3-none-any.whl (35 kB)
2021-04-27T21:44:21.6434056Z Installing collected packages: wheel
2021-04-27T21:44:21.6811214Z WARNING: Value for scheme.headers does not match. Please report this to <https://github.com/pypa/pip/issues/9617>
2021-04-27T21:44:21.6812702Z distutils: /opt/hostedtoolcache/Python/3.8.9/x64/include/python3.8/UNKNOWN
2021-04-27T21:44:21.6813948Z sysconfig: /opt/hostedtoolcache/Python/3.8.9/x64/include/python3.8
2021-04-27T21:44:21.6814924Z WARNING: Additional context:
2021-04-27T21:44:21.6815919Z user = False
2021-04-27T21:44:21.6816517Z home = None
2021-04-27T21:44:21.6817142Z root = None
2021-04-27T21:44:21.6817780Z prefix = None
2021-04-27T21:44:21.6819208Z Successfully installed wheel-0.36.2
2021-04-27T21:44:22.1935848Z WARNING: Value for scheme.headers does not match. Please report this to <https://github.com/pypa/pip/issues/9617>
2021-04-27T21:44:22.1938066Z distutils: /opt/hostedtoolcache/Python/3.8.9/x64/include/python3.8/UNKNOWN
2021-04-27T21:44:22.1939504Z sysconfig: /opt/hostedtoolcache/Python/3.8.9/x64/include/python3.8
2021-04-27T21:44:22.1941581Z WARNING: Additional context:
2021-04-27T21:44:22.1942486Z user = False
2021-04-27T21:44:22.1943073Z home = None
2021-04-27T21:44:22.1943701Z root = None
2021-04-27T21:44:22.1944398Z prefix = None
2021-04-27T21:44:22.2852608Z Processing /home/runner/work/tinuous/tinuous
2021-04-27T21:44:22.2860915Z   DEPRECATION: A future pip version will change local packages to be built in-place without first copying to a temporary directory. We recommend you use --use-feature=in-tree-build to test your packages with this new behavior before it becomes the default.
2021-04-27T21:44:22.5701569Z    pip 21.3 will remove support for this functionality. You can find discussion regarding this at https://github.com/pypa/pip/issues/7555.
2021-04-27T21:44:22.5702911Z   Installing build dependencies: started
2021-04-27T21:44:25.2840679Z   Installing build dependencies: finished with status 'done'
2021-04-27T21:44:25.2842423Z   Getting requirements to build wheel: started
2021-04-27T21:44:25.6821636Z   Getting requirements to build wheel: finished with status 'done'
2021-04-27T21:44:25.6822805Z     Preparing wheel metadata: started
2021-04-27T21:44:25.9611010Z     Preparing wheel metadata: finished with status 'done'
2021-04-27T21:44:26.2235745Z Collecting pydantic~=1.7
2021-04-27T21:44:26.2570762Z   Downloading pydantic-1.8.1-cp38-cp38-manylinux2014_x86_64.whl (13.7 MB)
2021-04-27T21:44:26.6991081Z Collecting python-dateutil~=2.7
2021-04-27T21:44:26.7085293Z   Downloading python_dateutil-2.8.1-py2.py3-none-any.whl (227 kB)
2021-04-27T21:44:27.6380560Z Collecting click~=7.0
2021-04-27T21:44:27.6418954Z   Downloading click-7.1.2-py2.py3-none-any.whl (82 kB)
2021-04-27T21:44:27.6420887Z Collecting datalad~=0.14
2021-04-27T21:44:27.6422663Z   Downloading datalad-0.14.2.tar.gz (1.6 MB)
2021-04-27T21:44:27.6424138Z   Installing build dependencies: started
2021-04-27T21:44:29.9128712Z   Installing build dependencies: finished with status 'done'
2021-04-27T21:44:29.9179735Z   Getting requirements to build wheel: started
2021-04-27T21:44:30.3753320Z   Getting requirements to build wheel: finished with status 'done'
2021-04-27T21:44:30.3791269Z     Preparing wheel metadata: started
2021-04-27T21:44:30.9254785Z     Preparing wheel metadata: finished with status 'done'
2021-04-27T21:44:30.9552154Z Collecting in-place~=0.4
2021-04-27T21:44:30.9641892Z   Downloading in_place-0.5.0-py3-none-any.whl (9.1 kB)
2021-04-27T21:44:31.0758160Z Collecting PyYAML~=5.0
2021-04-27T21:44:31.0866478Z   Downloading PyYAML-5.4.1-cp38-cp38-manylinux1_x86_64.whl (662 kB)
2021-04-27T21:44:31.1250550Z Collecting click-loglevel~=0.2
2021-04-27T21:44:31.1332878Z   Downloading click_loglevel-0.3.0-py3-none-any.whl (5.0 kB)
2021-04-27T21:44:31.2229936Z Collecting requests~=2.20
2021-04-27T21:44:31.2458247Z   Downloading requests-2.25.1-py2.py3-none-any.whl (61 kB)
2021-04-27T21:44:31.3049283Z Collecting PyGithub~=1.53
2021-04-27T21:44:31.3140244Z   Downloading PyGithub-1.55-py3-none-any.whl (291 kB)
2021-04-27T21:44:31.6026987Z Collecting whoosh
2021-04-27T21:44:31.6123754Z   Downloading Whoosh-2.7.4-py2.py3-none-any.whl (468 kB)
2021-04-27T21:44:31.6496174Z Collecting chardet>=3.0.4
2021-04-27T21:44:31.6575396Z   Downloading chardet-4.0.0-py2.py3-none-any.whl (178 kB)
2021-04-27T21:44:31.6908392Z Collecting patool>=1.7
2021-04-27T21:44:31.6999949Z   Downloading patool-1.12-py2.py3-none-any.whl (77 kB)
2021-04-27T21:44:31.8484760Z Collecting tqdm
2021-04-27T21:44:31.8694189Z   Downloading tqdm-4.60.0-py2.py3-none-any.whl (75 kB)
2021-04-27T21:44:31.9142381Z Collecting humanize
2021-04-27T21:44:31.9236814Z   Downloading humanize-3.4.1-py3-none-any.whl (73 kB)
2021-04-27T21:44:31.9590872Z Collecting fasteners>=0.14
2021-04-27T21:44:31.9653319Z   Downloading fasteners-0.16-py2.py3-none-any.whl (28 kB)
2021-04-27T21:44:32.0074993Z Collecting keyrings.alt
2021-04-27T21:44:32.0264061Z   Downloading keyrings.alt-4.0.2-py3-none-any.whl (20 kB)
2021-04-27T21:44:32.1649046Z Collecting keyring>=8.0
2021-04-27T21:44:32.1733507Z   Downloading keyring-23.0.1-py3-none-any.whl (33 kB)
2021-04-27T21:44:32.2907726Z Collecting simplejson
2021-04-27T21:44:32.3004280Z   Downloading simplejson-3.17.2-cp38-cp38-manylinux2010_x86_64.whl (137 kB)
2021-04-27T21:44:32.3360469Z Collecting distro
2021-04-27T21:44:32.3469086Z   Downloading distro-1.5.0-py2.py3-none-any.whl (18 kB)
2021-04-27T21:44:32.3779778Z Collecting jsmin
2021-04-27T21:44:32.3861291Z   Downloading jsmin-2.2.2.tar.gz (12 kB)
2021-04-27T21:44:33.0595123Z Collecting boto
2021-04-27T21:44:33.0722095Z   Downloading boto-2.49.0-py2.py3-none-any.whl (1.4 MB)
2021-04-27T21:44:33.1299370Z Collecting appdirs
2021-04-27T21:44:33.1379362Z   Downloading appdirs-1.4.4-py2.py3-none-any.whl (9.6 kB)
2021-04-27T21:44:33.2350309Z Collecting annexremote
2021-04-27T21:44:33.2444859Z   Downloading annexremote-1.5.0-py3-none-any.whl (25 kB)
2021-04-27T21:44:33.2771021Z Collecting iso8601
2021-04-27T21:44:33.2850634Z   Downloading iso8601-0.1.14-py2.py3-none-any.whl (9.5 kB)
2021-04-27T21:44:33.3893631Z Collecting msgpack
2021-04-27T21:44:33.4082242Z   Downloading msgpack-1.0.2-cp38-cp38-manylinux1_x86_64.whl (302 kB)
2021-04-27T21:44:33.4458683Z Collecting wrapt
2021-04-27T21:44:33.4543229Z   Downloading wrapt-1.12.1.tar.gz (27 kB)
2021-04-27T21:44:33.7374857Z Collecting six
2021-04-27T21:44:33.7452143Z   Downloading six-1.15.0-py2.py3-none-any.whl (10 kB)
2021-04-27T21:44:33.8715466Z Collecting importlib-metadata>=3.6
2021-04-27T21:44:33.8797606Z   Downloading importlib_metadata-4.0.1-py3-none-any.whl (16 kB)
2021-04-27T21:44:33.9131042Z Collecting SecretStorage>=3.2
2021-04-27T21:44:33.9211174Z   Downloading SecretStorage-3.3.1-py3-none-any.whl (15 kB)
2021-04-27T21:44:33.9512168Z Collecting jeepney>=0.4.2
2021-04-27T21:44:33.9609816Z   Downloading jeepney-0.6.0-py3-none-any.whl (45 kB)
2021-04-27T21:44:34.0374149Z Collecting zipp>=0.5
2021-04-27T21:44:34.0454208Z   Downloading zipp-3.4.1-py3-none-any.whl (5.2 kB)
2021-04-27T21:44:34.0981750Z Collecting typing-extensions>=3.7.4.3
2021-04-27T21:44:34.1061121Z   Downloading typing_extensions-3.7.4.3-py3-none-any.whl (22 kB)
2021-04-27T21:44:34.1967723Z Collecting pynacl>=1.4.0
2021-04-27T21:44:34.2080127Z   Downloading PyNaCl-1.4.0-cp35-abi3-manylinux1_x86_64.whl (961 kB)
2021-04-27T21:44:34.2859316Z Collecting pyjwt>=2.0
2021-04-27T21:44:34.2941600Z   Downloading PyJWT-2.0.1-py3-none-any.whl (15 kB)
2021-04-27T21:44:34.3608355Z Collecting deprecated
2021-04-27T21:44:34.3697244Z   Downloading Deprecated-1.2.12-py2.py3-none-any.whl (9.5 kB)
2021-04-27T21:44:34.7978321Z Collecting cffi>=1.4.1
2021-04-27T21:44:34.8069399Z   Downloading cffi-1.14.5-cp38-cp38-manylinux1_x86_64.whl (411 kB)
2021-04-27T21:44:34.8478509Z Collecting pycparser
2021-04-27T21:44:34.8562107Z   Downloading pycparser-2.20-py2.py3-none-any.whl (112 kB)
2021-04-27T21:44:34.9503734Z Collecting certifi>=2017.4.17
2021-04-27T21:44:34.9617992Z   Downloading certifi-2020.12.5-py2.py3-none-any.whl (147 kB)
2021-04-27T21:44:35.0438412Z Collecting urllib3<1.27,>=1.21.1
2021-04-27T21:44:35.0528771Z   Downloading urllib3-1.26.4-py2.py3-none-any.whl (153 kB)
2021-04-27T21:44:35.0984029Z Collecting idna<3,>=2.5
2021-04-27T21:44:35.1146424Z   Downloading idna-2.10-py2.py3-none-any.whl (58 kB)
2021-04-27T21:44:35.6806878Z Collecting cryptography>=2.0
2021-04-27T21:44:35.6936488Z   Downloading cryptography-3.4.7-cp36-abi3-manylinux2014_x86_64.whl (3.2 MB)
2021-04-27T21:44:35.8918383Z Collecting future
2021-04-27T21:44:35.9001377Z   Downloading future-0.18.2.tar.gz (829 kB)
2021-04-27T21:44:36.4048183Z Requirement already satisfied: setuptools in /opt/hostedtoolcache/Python/3.8.9/x64/lib/python3.8/site-packages (from humanize->datalad~=0.14->tinuous==0+untagged.1.g49188ae) (49.2.1)
2021-04-27T21:44:36.5416974Z Building wheels for collected packages: tinuous, datalad, wrapt, future, jsmin
2021-04-27T21:44:36.5426911Z   Building wheel for tinuous (PEP 517): started
2021-04-27T21:44:36.8805990Z   Building wheel for tinuous (PEP 517): finished with status 'done'
2021-04-27T21:44:36.8809473Z   Created wheel for tinuous: filename=tinuous-0+untagged.1.g49188ae-py3-none-any.whl size=14227 sha256=1141149a900f1407bb3884086faf65b26f9fe3257290d72e1e4e1d22c37eb546
2021-04-27T21:44:36.8812084Z   Stored in directory: /tmp/pip-ephem-wheel-cache-e_ssvol1/wheels/c3/66/fd/aa40fe57fc56b6eafce6be9c19ebd0e1315c64984fda7c47af
2021-04-27T21:44:36.8813377Z   Building wheel for datalad (PEP 517): started
2021-04-27T21:44:37.8888514Z   Building wheel for datalad (PEP 517): finished with status 'done'
2021-04-27T21:44:37.8957162Z   Created wheel for datalad: filename=datalad-0.14.2-py3-none-any.whl size=1603393 sha256=3e4ba0cfe8f81ea2924780ac53962ccd132b219e5304e7942bfe4959a44d454c
2021-04-27T21:44:37.8961307Z   Stored in directory: /home/runner/.cache/pip/wheels/5f/d3/15/1e36a77a4d222a134678396152e3b066be4d289e731045fa5a
2021-04-27T21:44:37.9022129Z   Building wheel for wrapt (setup.py): started
2021-04-27T21:44:39.2829589Z   Building wheel for wrapt (setup.py): finished with status 'done'
2021-04-27T21:44:39.2831720Z   Created wheel for wrapt: filename=wrapt-1.12.1-cp38-cp38-linux_x86_64.whl size=81803 sha256=20ccce0802719df431425155b6f893e90fa1825ff3ea0778e7ee5fc6b09670cb
2021-04-27T21:44:39.2833614Z   Stored in directory: /home/runner/.cache/pip/wheels/5f/fd/9e/b6cf5890494cb8ef0b5eaff72e5d55a70fb56316007d6dfe73
2021-04-27T21:44:39.2834809Z   Building wheel for future (setup.py): started
2021-04-27T21:44:39.8088031Z   Building wheel for future (setup.py): finished with status 'done'
2021-04-27T21:44:39.8113849Z   Created wheel for future: filename=future-0.18.2-py3-none-any.whl size=491059 sha256=8cea9da7906e46775b07e6c8fcd468a7b2f394afb44198e3b2b9b587dd298b88
2021-04-27T21:44:39.8118335Z   Stored in directory: /home/runner/.cache/pip/wheels/8e/70/28/3d6ccd6e315f65f245da085482a2e1c7d14b90b30f239e2cf4
2021-04-27T21:44:39.8166759Z   Building wheel for jsmin (setup.py): started
2021-04-27T21:44:41.1577713Z   Building wheel for jsmin (setup.py): finished with status 'done'
2021-04-27T21:44:41.1579633Z   Created wheel for jsmin: filename=jsmin-2.2.2-py3-none-any.whl size=13920 sha256=40c3efd9846863bb5d7e4a6f812e60f4644fce34fd6a13b8f95bedfab9d37dc2
2021-04-27T21:44:41.1581405Z   Stored in directory: /home/runner/.cache/pip/wheels/65/b7/04/fc4b059d177fd88f3ca362ad372a15e364b0c5433121c7b135
2021-04-27T21:44:41.1582494Z Successfully built tinuous datalad wrapt future jsmin
2021-04-27T21:44:41.6420607Z Installing collected packages: pycparser, cffi, zipp, wrapt, urllib3, six, jeepney, idna, cryptography, chardet, certifi, SecretStorage, requests, pynacl, pyjwt, importlib-metadata, future, deprecated, whoosh, typing-extensions, tqdm, simplejson, PyGithub, patool, msgpack, keyrings.alt, keyring, jsmin, iso8601, humanize, fasteners, distro, click, boto, appdirs, annexremote, PyYAML, python-dateutil, pydantic, in-place, datalad, click-loglevel, tinuous
2021-04-27T21:44:46.2770176Z WARNING: Value for scheme.headers does not match. Please report this to <https://github.com/pypa/pip/issues/9617>
2021-04-27T21:44:46.2771849Z distutils: /opt/hostedtoolcache/Python/3.8.9/x64/include/python3.8/UNKNOWN
2021-04-27T21:44:46.2772995Z sysconfig: /opt/hostedtoolcache/Python/3.8.9/x64/include/python3.8
2021-04-27T21:44:46.2774022Z WARNING: Additional context:
2021-04-27T21:44:46.2774701Z user = False
2021-04-27T21:44:46.2775297Z home = None
2021-04-27T21:44:46.2776697Z root = None
2021-04-27T21:44:46.2777089Z prefix = None
2021-04-27T21:44:47.1433176Z Successfully installed PyGithub-1.55 PyYAML-5.4.1 SecretStorage-3.3.1 annexremote-1.5.0 appdirs-1.4.4 boto-2.49.0 certifi-2020.12.5 cffi-1.14.5 chardet-4.0.0 click-7.1.2 click-loglevel-0.3.0 cryptography-3.4.7 datalad-0.14.2 deprecated-1.2.12 distro-1.5.0 fasteners-0.16 future-0.18.2 humanize-3.4.1 idna-2.10 importlib-metadata-4.0.1 in-place-0.5.0 iso8601-0.1.14 jeepney-0.6.0 jsmin-2.2.2 keyring-23.0.1 keyrings.alt-4.0.2 msgpack-1.0.2 patool-1.12 pycparser-2.20 pydantic-1.8.1 pyjwt-2.0.1 pynacl-1.4.0 python-dateutil-2.8.1 requests-2.25.1 simplejson-3.17.2 six-1.15.0 tinuous-0+untagged.1.g49188ae tqdm-4.60.0 typing-extensions-3.7.4.3 urllib3-1.26.4 whoosh-2.7.4 wrapt-1.12.1 zipp-3.4.1
2021-04-27T21:44:47.1499280Z ##[group]Run tinuous --help
2021-04-27T21:44:47.1499891Z [36;1mtinuous --help[0m
2021-04-27T21:44:47.1544945Z shell: /usr/bin/bash -e {0}
2021-04-27T21:44:47.1545365Z env:
2021-04-27T21:44:47.1545926Z   pythonLocation: /opt/hostedtoolcache/Python/3.8.9/x64
2021-04-27T21:44:47.1546700Z   LD_LIBRARY_PATH: /opt/hostedtoolcache/Python/3.8.9/x64/lib
2021-04-27T21:44:47.1547423Z ##[endgroup]
2021-04-27T21:44:47.3123667Z It is highly recommended to configure Git before using DataLad. Set both 'user.name' and 'user.email' configuration variables.
2021-04-27T21:44:47.3126012Z It is highly recommended to configure Git before using DataLad. Set both 'user.name' and 'user.email' configuration variables.
2021-04-27T21:44:47.9987490Z Usage: tinuous [OPTIONS] COMMAND [ARGS]...
2021-04-27T21:44:47.9987990Z 
2021-04-27T21:44:47.9988535Z   Download build logs from GitHub Actions, Travis, and Appveyor
2021-04-27T21:44:47.9988986Z 
2021-04-27T21:44:47.9989327Z Options:
2021-04-27T21:44:47.9990610Z   -c, --config FILE               Read configuration from the given file
2021-04-27T21:44:47.9991271Z                                   [default: config.yml]
2021-04-27T21:44:47.9991601Z 
2021-04-27T21:44:47.9992320Z   -l, --log-level [NOTSET|DEBUG|INFO|WARNING|ERROR|CRITICAL]
2021-04-27T21:44:47.9992991Z                                   Set logging level  [default: INFO]
2021-04-27T21:44:47.9993783Z   --help                          Show this message and exit.
2021-04-27T21:44:47.9994146Z 
2021-04-27T21:44:47.9994473Z Commands:
2021-04-27T21:44:47.9994885Z   fetch     Download logs
2021-04-27T21:44:47.9995380Z   sanitize  Sanitize secrets in logs
2021-04-27T21:44:48.0648435Z ##[group]Run python -m pip install mypy
2021-04-27T21:44:48.0649076Z [36;1mpython -m pip install mypy[0m
2021-04-27T21:44:48.0691413Z shell: /usr/bin/bash -e {0}
2021-04-27T21:44:48.0691821Z env:
2021-04-27T21:44:48.0692417Z   pythonLocation: /opt/hostedtoolcache/Python/3.8.9/x64
2021-04-27T21:44:48.0693199Z   LD_LIBRARY_PATH: /opt/hostedtoolcache/Python/3.8.9/x64/lib
2021-04-27T21:44:48.0693801Z ##[endgroup]
2021-04-27T21:44:48.4287999Z WARNING: Value for scheme.headers does not match. Please report this to <https://github.com/pypa/pip/issues/9617>
2021-04-27T21:44:48.4289129Z distutils: /opt/hostedtoolcache/Python/3.8.9/x64/include/python3.8/UNKNOWN
2021-04-27T21:44:48.4290025Z sysconfig: /opt/hostedtoolcache/Python/3.8.9/x64/include/python3.8
2021-04-27T21:44:48.4290716Z WARNING: Additional context:
2021-04-27T21:44:48.4291164Z user = False
2021-04-27T21:44:48.4291536Z home = None
2021-04-27T21:44:48.4291889Z root = None
2021-04-27T21:44:48.4292651Z prefix = None
2021-04-27T21:44:48.6930478Z Collecting mypy
2021-04-27T21:44:48.7310517Z   Downloading mypy-0.812-cp38-cp38-manylinux2010_x86_64.whl (22.5 MB)
2021-04-27T21:44:49.3215477Z Collecting mypy-extensions<0.5.0,>=0.4.3
2021-04-27T21:44:49.3395959Z   Downloading mypy_extensions-0.4.3-py2.py3-none-any.whl (4.5 kB)
2021-04-27T21:44:49.3450612Z Requirement already satisfied: typing-extensions>=3.7.4 in /opt/hostedtoolcache/Python/3.8.9/x64/lib/python3.8/site-packages (from mypy) (3.7.4.3)
2021-04-27T21:44:49.5069862Z Collecting typed-ast<1.5.0,>=1.4.0
2021-04-27T21:44:49.5188881Z   Downloading typed_ast-1.4.3-cp38-cp38-manylinux1_x86_64.whl (774 kB)
2021-04-27T21:44:49.9720024Z Installing collected packages: typed-ast, mypy-extensions, mypy
2021-04-27T21:44:51.7375111Z WARNING: Value for scheme.headers does not match. Please report this to <https://github.com/pypa/pip/issues/9617>
2021-04-27T21:44:51.7376569Z distutils: /opt/hostedtoolcache/Python/3.8.9/x64/include/python3.8/UNKNOWN
2021-04-27T21:44:51.7377486Z sysconfig: /opt/hostedtoolcache/Python/3.8.9/x64/include/python3.8
2021-04-27T21:44:51.7378153Z WARNING: Additional context:
2021-04-27T21:44:51.7378611Z user = False
2021-04-27T21:44:51.7378967Z home = None
2021-04-27T21:44:51.7379328Z root = None
2021-04-27T21:44:51.7379690Z prefix = None
2021-04-27T21:44:51.7509317Z Successfully installed mypy-0.812 mypy-extensions-0.4.3 typed-ast-1.4.3
2021-04-27T21:44:51.8329194Z ##[group]Run mypy src
2021-04-27T21:44:51.8329708Z [36;1mmypy src[0m
2021-04-27T21:44:51.8388303Z shell: /usr/bin/bash -e {0}
2021-04-27T21:44:51.8388736Z env:
2021-04-27T21:44:51.8389332Z   pythonLocation: /opt/hostedtoolcache/Python/3.8.9/x64
2021-04-27T21:44:51.8390130Z   LD_LIBRARY_PATH: /opt/hostedtoolcache/Python/3.8.9/x64/lib
2021-04-27T21:44:51.8390895Z ##[endgroup]
2021-04-27T21:44:56.5128307Z src/tinuous/_version.py:20: error: Function is missing a return type annotation
2021-04-27T21:44:56.5129633Z  [no-untyped-def]
2021-04-27T21:44:56.5130111Z     def get_keywords():
2021-04-27T21:44:56.5130474Z     ^
2021-04-27T21:44:56.5131077Z src/tinuous/_version.py:37: error: Function is missing a return type annotation
2021-04-27T21:44:56.5131904Z  [no-untyped-def]
2021-04-27T21:44:56.5132337Z     def get_config():
2021-04-27T21:44:56.5132698Z     ^
2021-04-27T21:44:56.5133484Z src/tinuous/_version.py:55: error: Need type annotation for 'LONG_VERSION_PY'
2021-04-27T21:44:56.5134546Z (hint: "LONG_VERSION_PY: Dict[<type>, <type>] = ...")  [var-annotated]
2021-04-27T21:44:56.5135245Z     LONG_VERSION_PY = {}
2021-04-27T21:44:56.5135751Z     ^
2021-04-27T21:44:56.5136561Z src/tinuous/_version.py:56: error: Need type annotation for 'HANDLERS' (hint:
2021-04-27T21:44:56.5137534Z "HANDLERS: Dict[<type>, <type>] = ...")  [var-annotated]
2021-04-27T21:44:56.5138042Z     HANDLERS = {}
2021-04-27T21:44:56.5138502Z     ^
2021-04-27T21:44:56.5139045Z src/tinuous/_version.py:59: error: Function is missing a type annotation 
2021-04-27T21:44:56.5139812Z [no-untyped-def]
2021-04-27T21:44:56.5140362Z     def register_vcs_handler(vcs, method):  # decorator
2021-04-27T21:44:56.5140837Z     ^
2021-04-27T21:44:56.5141383Z src/tinuous/_version.py:61: error: Function is missing a type annotation 
2021-04-27T21:44:56.5142516Z [no-untyped-def]
2021-04-27T21:44:56.5142957Z         def decorate(f):
2021-04-27T21:44:56.5143375Z         ^
2021-04-27T21:44:56.5143947Z src/tinuous/_version.py:70: error: Function is missing a type annotation 
2021-04-27T21:44:56.5144746Z [no-untyped-def]
2021-04-27T21:44:56.5145400Z     def run_command(commands, args, cwd=None, verbose=False, hide_stderr=F...
2021-04-27T21:44:56.5145945Z     ^
2021-04-27T21:44:56.5146554Z src/tinuous/_version.py:105: error: Function is missing a type annotation 
2021-04-27T21:44:56.5147350Z [no-untyped-def]
2021-04-27T21:44:56.5147999Z     def versions_from_parentdir(parentdir_prefix, root, verbose):
2021-04-27T21:44:56.5148539Z     ^
2021-04-27T21:44:56.5149111Z src/tinuous/_version.py:131: error: Function is missing a type annotation 
2021-04-27T21:44:56.5149887Z [no-untyped-def]
2021-04-27T21:44:56.5150427Z     def git_get_keywords(versionfile_abs):
2021-04-27T21:44:56.5150864Z     ^
2021-04-27T21:44:56.5151435Z src/tinuous/_version.py:160: error: Function is missing a type annotation 
2021-04-27T21:44:56.5152328Z [no-untyped-def]
2021-04-27T21:44:56.5153064Z     def git_versions_from_keywords(keywords, tag_prefix, verbose):
2021-04-27T21:44:56.5153611Z     ^
2021-04-27T21:44:56.5154173Z src/tinuous/_version.py:219: error: Function is missing a type annotation 
2021-04-27T21:44:56.5154958Z [no-untyped-def]
2021-04-27T21:44:56.5155588Z     def git_pieces_from_vcs(tag_prefix, root, verbose, run_command=run_com...
2021-04-27T21:44:56.5156142Z     ^
2021-04-27T21:44:56.5156711Z src/tinuous/_version.py:313: error: Function is missing a type annotation 
2021-04-27T21:44:56.5157496Z [no-untyped-def]
2021-04-27T21:44:56.5157956Z     def plus_or_dot(pieces):
2021-04-27T21:44:56.5158344Z     ^
2021-04-27T21:44:56.5158919Z src/tinuous/_version.py:320: error: Function is missing a type annotation 
2021-04-27T21:44:56.5159689Z [no-untyped-def]
2021-04-27T21:44:56.5160182Z     def render_pep440(pieces):
2021-04-27T21:44:56.5160578Z     ^
2021-04-27T21:44:56.5161147Z src/tinuous/_version.py:345: error: Function is missing a type annotation 
2021-04-27T21:44:56.5161911Z [no-untyped-def]
2021-04-27T21:44:56.5162419Z     def render_pep440_pre(pieces):
2021-04-27T21:44:56.5163128Z     ^
2021-04-27T21:44:56.5163768Z src/tinuous/_version.py:361: error: Function is missing a type annotation 
2021-04-27T21:44:56.5164587Z [no-untyped-def]
2021-04-27T21:44:56.5165100Z     def render_pep440_post(pieces):
2021-04-27T21:44:56.5165518Z     ^
2021-04-27T21:44:56.5166093Z src/tinuous/_version.py:388: error: Function is missing a type annotation 
2021-04-27T21:44:56.5167054Z [no-untyped-def]
2021-04-27T21:44:56.5167546Z     def render_pep440_old(pieces):
2021-04-27T21:44:56.5167965Z     ^
2021-04-27T21:44:56.5168525Z src/tinuous/_version.py:410: error: Function is missing a type annotation 
2021-04-27T21:44:56.5169491Z [no-untyped-def]
2021-04-27T21:44:56.5170017Z     def render_git_describe(pieces):
2021-04-27T21:44:56.5170437Z     ^
2021-04-27T21:44:56.5171007Z src/tinuous/_version.py:430: error: Function is missing a type annotation 
2021-04-27T21:44:56.5171778Z [no-untyped-def]
2021-04-27T21:44:56.5172311Z     def render_git_describe_long(pieces):
2021-04-27T21:44:56.5172746Z     ^
2021-04-27T21:44:56.5173328Z src/tinuous/_version.py:450: error: Function is missing a type annotation 
2021-04-27T21:44:56.5174098Z [no-untyped-def]
2021-04-27T21:44:56.5174590Z     def render(pieces, style):
2021-04-27T21:44:56.5174986Z     ^
2021-04-27T21:44:56.5175673Z src/tinuous/_version.py:482: error: Function is missing a return type
2021-04-27T21:44:56.5176554Z annotation  [no-untyped-def]
2021-04-27T21:44:56.5177046Z     def get_versions():
2021-04-27T21:44:56.5177414Z     ^
2021-04-27T21:44:57.2934523Z Found 20 errors in 1 file (checked 2 source files)
2021-04-27T21:44:57.6328264Z ##[error]Process completed with exit code 1.
2021-04-27T21:44:57.6427485Z Post job cleanup.
2021-04-27T21:44:57.7641441Z [command]/usr/bin/git version
2021-04-27T21:44:57.7702838Z git version 2.31.1
2021-04-27T21:44:57.7749208Z [command]/usr/bin/git config --local --name-only --get-regexp core\.sshCommand
2021-04-27T21:44:57.7797795Z [command]/usr/bin/git submodule foreach --recursive git config --local --name-only --get-regexp 'core\.sshCommand' && git config --local --unset-all 'core.sshCommand' || :
2021-04-27T21:44:57.8053018Z [command]/usr/bin/git config --local --name-only --get-regexp http\.https\:\/\/github\.com\/\.extraheader
2021-04-27T21:44:57.8085028Z http.https://github.com/.extraheader
2021-04-27T21:44:57.8097019Z [command]/usr/bin/git config --local --unset-all http.https://github.com/.extraheader
2021-04-27T21:44:57.8139114Z [command]/usr/bin/git submodule foreach --recursive git config --local --name-only --get-regexp 'http\.https\:\/\/github\.com\/\.extraheader' && git config --local --unset-all 'http.https://github.com/.extraheader' || :
2021-04-27T21:44:57.8534934Z Cleaning up orphan processes
