2023-11-09T15:03:08.5219399Z Requested labels: ubuntu-latest
2023-11-09T15:03:08.5219690Z Job defined at: con/tinuous/.github/workflows/test.yml@refs/heads/py312
2023-11-09T15:03:08.5219811Z Waiting for a runner to pick up this job...
2023-11-09T15:03:08.9253192Z Job is waiting for a hosted runner to come online.
2023-11-09T15:03:12.5253360Z Job is about to start running on the hosted runner: GitHub Actions 13 (hosted)
2023-11-09T15:03:15.1177631Z Current runner version: '2.311.0'
2023-11-09T15:03:15.1209242Z ##[group]Operating System
2023-11-09T15:03:15.1210160Z Ubuntu
2023-11-09T15:03:15.1210780Z 22.04.3
2023-11-09T15:03:15.1211208Z LTS
2023-11-09T15:03:15.1211671Z ##[endgroup]
2023-11-09T15:03:15.1212250Z ##[group]Runner Image
2023-11-09T15:03:15.1212802Z Image: ubuntu-22.04
2023-11-09T15:03:15.1213344Z Version: 20231030.2.0
2023-11-09T15:03:15.1214749Z Included Software: https://github.com/actions/runner-images/blob/ubuntu22/20231030.2/images/linux/Ubuntu2204-Readme.md
2023-11-09T15:03:15.1216631Z Image Release: https://github.com/actions/runner-images/releases/tag/ubuntu22%2F20231030.2
2023-11-09T15:03:15.1217790Z ##[endgroup]
2023-11-09T15:03:15.1218419Z ##[group]Runner Image Provisioner
2023-11-09T15:03:15.1219016Z 2.0.312.1
2023-11-09T15:03:15.1219517Z ##[endgroup]
2023-11-09T15:03:15.1222465Z ##[group]GITHUB_TOKEN Permissions
2023-11-09T15:03:15.1224726Z Actions: write
2023-11-09T15:03:15.1225447Z Checks: write
2023-11-09T15:03:15.1226182Z Contents: write
2023-11-09T15:03:15.1226905Z Deployments: write
2023-11-09T15:03:15.1227418Z Discussions: write
2023-11-09T15:03:15.1227953Z Issues: write
2023-11-09T15:03:15.1228535Z Metadata: read
2023-11-09T15:03:15.1229008Z Packages: write
2023-11-09T15:03:15.1230257Z Pages: write
2023-11-09T15:03:15.1231229Z PullRequests: write
2023-11-09T15:03:15.1232036Z RepositoryProjects: write
2023-11-09T15:03:15.1232956Z SecurityEvents: write
2023-11-09T15:03:15.1233964Z Statuses: write
2023-11-09T15:03:15.1234485Z ##[endgroup]
2023-11-09T15:03:15.1246603Z Secret source: Actions
2023-11-09T15:03:15.1247720Z Prepare workflow directory
2023-11-09T15:03:15.2024675Z Prepare all required actions
2023-11-09T15:03:15.2222737Z Getting action download info
2023-11-09T15:03:15.4207728Z Download action repository 'actions/checkout@v4' (SHA:b4ffde65f46336ab88eb53be808477a3936bae11)
2023-11-09T15:03:15.5660494Z Download action repository 'actions/setup-python@v4' (SHA:65d7f2d534ac1bc67fcd62888c5f4f3d2cb2b236)
2023-11-09T15:03:15.6545710Z Download action repository 'codecov/codecov-action@v3' (SHA:eaaf4bedf32dbdc6b720b63067d99c4d77d6047d)
2023-11-09T15:03:16.3524082Z Complete job name: test (3.9, py)
2023-11-09T15:03:16.4808729Z ##[group]Run actions/checkout@v4
2023-11-09T15:03:16.4809376Z with:
2023-11-09T15:03:16.4809762Z   fetch-depth: 0
2023-11-09T15:03:16.4810188Z   repository: con/tinuous
2023-11-09T15:03:16.4811016Z   token: ***
2023-11-09T15:03:16.4811439Z   ssh-strict: true
2023-11-09T15:03:16.4811900Z   persist-credentials: true
2023-11-09T15:03:16.4812397Z   clean: true
2023-11-09T15:03:16.4812846Z   sparse-checkout-cone-mode: true
2023-11-09T15:03:16.4813413Z   fetch-tags: false
2023-11-09T15:03:16.4813854Z   show-progress: true
2023-11-09T15:03:16.4814299Z   lfs: false
2023-11-09T15:03:16.4814682Z   submodules: false
2023-11-09T15:03:16.4815143Z   set-safe-directory: true
2023-11-09T15:03:16.4815642Z ##[endgroup]
2023-11-09T15:03:16.7581430Z Syncing repository: con/tinuous
2023-11-09T15:03:16.7583557Z ##[group]Getting Git version info
2023-11-09T15:03:16.7584461Z Working directory is '/home/runner/work/tinuous/tinuous'
2023-11-09T15:03:16.7586606Z [command]/usr/bin/git version
2023-11-09T15:03:16.7736719Z git version 2.42.0
2023-11-09T15:03:16.7746421Z ##[endgroup]
2023-11-09T15:03:16.7790054Z Temporarily overriding HOME='/home/runner/work/_temp/f274fef5-1fd1-4b07-bf8e-cbc62499cee0' before making global git config changes
2023-11-09T15:03:16.7791443Z Adding repository directory to the temporary git global config as a safe directory
2023-11-09T15:03:16.7792602Z [command]/usr/bin/git config --global --add safe.directory /home/runner/work/tinuous/tinuous
2023-11-09T15:03:16.7838696Z Deleting the contents of '/home/runner/work/tinuous/tinuous'
2023-11-09T15:03:16.7855609Z ##[group]Initializing the repository
2023-11-09T15:03:16.7856547Z [command]/usr/bin/git init /home/runner/work/tinuous/tinuous
2023-11-09T15:03:16.7940019Z hint: Using 'master' as the name for the initial branch. This default branch name
2023-11-09T15:03:16.7945561Z hint: is subject to change. To configure the initial branch name to use in all
2023-11-09T15:03:16.7949353Z hint: of your new repositories, which will suppress this warning, call:
2023-11-09T15:03:16.7951732Z hint: 
2023-11-09T15:03:16.7952586Z hint: 	git config --global init.defaultBranch <name>
2023-11-09T15:03:16.7953551Z hint: 
2023-11-09T15:03:16.7954365Z hint: Names commonly chosen instead of 'master' are 'main', 'trunk' and
2023-11-09T15:03:16.7955744Z hint: 'development'. The just-created branch can be renamed via this command:
2023-11-09T15:03:16.7956630Z hint: 
2023-11-09T15:03:16.7957396Z hint: 	git branch -m <name>
2023-11-09T15:03:16.7986189Z Initialized empty Git repository in /home/runner/work/tinuous/tinuous/.git/
2023-11-09T15:03:16.7989120Z [command]/usr/bin/git remote add origin https://github.com/con/tinuous
2023-11-09T15:03:16.8021321Z ##[endgroup]
2023-11-09T15:03:16.8023517Z ##[group]Disabling automatic garbage collection
2023-11-09T15:03:16.8030751Z [command]/usr/bin/git config --local gc.auto 0
2023-11-09T15:03:16.8066681Z ##[endgroup]
2023-11-09T15:03:16.8068768Z ##[group]Setting up auth
2023-11-09T15:03:16.8078937Z [command]/usr/bin/git config --local --name-only --get-regexp core\.sshCommand
2023-11-09T15:03:16.8117128Z [command]/usr/bin/git submodule foreach --recursive sh -c "git config --local --name-only --get-regexp 'core\.sshCommand' && git config --local --unset-all 'core.sshCommand' || :"
2023-11-09T15:03:16.8499256Z [command]/usr/bin/git config --local --name-only --get-regexp http\.https\:\/\/github\.com\/\.extraheader
2023-11-09T15:03:16.8522874Z [command]/usr/bin/git submodule foreach --recursive sh -c "git config --local --name-only --get-regexp 'http\.https\:\/\/github\.com\/\.extraheader' && git config --local --unset-all 'http.https://github.com/.extraheader' || :"
2023-11-09T15:03:16.8771044Z [command]/usr/bin/git config --local http.https://github.com/.extraheader AUTHORIZATION: basic ***
2023-11-09T15:03:16.8821484Z ##[endgroup]
2023-11-09T15:03:16.8822252Z ##[group]Fetching the repository
2023-11-09T15:03:16.8824271Z [command]/usr/bin/git -c protocol.version=2 fetch --prune --no-recurse-submodules origin +refs/heads/*:refs/remotes/origin/* +refs/tags/*:refs/tags/*
2023-11-09T15:03:17.5095304Z From https://github.com/con/tinuous
2023-11-09T15:03:17.5096736Z  * [new branch]      fix-typing      -> origin/fix-typing
2023-11-09T15:03:17.5097599Z  * [new branch]      gh-55           -> origin/gh-55
2023-11-09T15:03:17.5147011Z  * [new branch]      master          -> origin/master
2023-11-09T15:03:17.5148733Z  * [new branch]      mypy-import     -> origin/mypy-import
2023-11-09T15:03:17.5149705Z  * [new branch]      no-extra-search -> origin/no-extra-search
2023-11-09T15:03:17.5150470Z  * [new branch]      py312           -> origin/py312
2023-11-09T15:03:17.5166835Z  * [new branch]      test-appveyor   -> origin/test-appveyor
2023-11-09T15:03:17.5168285Z  * [new branch]      unused          -> origin/unused
2023-11-09T15:03:17.5169017Z  * [new branch]      updates         -> origin/updates
2023-11-09T15:03:17.5169662Z  * [new tag]         0.1.0           -> 0.1.0
2023-11-09T15:03:17.5170228Z  * [new tag]         0.2.0           -> 0.2.0
2023-11-09T15:03:17.5170799Z  * [new tag]         0.3.0           -> 0.3.0
2023-11-09T15:03:17.5171345Z  * [new tag]         0.4.0           -> 0.4.0
2023-11-09T15:03:17.5171890Z  * [new tag]         0.5.0           -> 0.5.0
2023-11-09T15:03:17.5172436Z  * [new tag]         0.5.1           -> 0.5.1
2023-11-09T15:03:17.5172967Z  * [new tag]         0.5.2           -> 0.5.2
2023-11-09T15:03:17.5173507Z  * [new tag]         0.5.3           -> 0.5.3
2023-11-09T15:03:17.5174047Z  * [new tag]         0.5.4           -> 0.5.4
2023-11-09T15:03:17.5174575Z  * [new tag]         0.6.0           -> 0.6.0
2023-11-09T15:03:17.5175122Z  * [new tag]         0.6.1           -> 0.6.1
2023-11-09T15:03:17.5176689Z [command]/usr/bin/git branch --list --remote origin/py312
2023-11-09T15:03:17.5198116Z   origin/py312
2023-11-09T15:03:17.5206459Z [command]/usr/bin/git rev-parse refs/remotes/origin/py312
2023-11-09T15:03:17.5228617Z 26ee1285a56346c4fc45408955c007dd6dde5046
2023-11-09T15:03:17.5235904Z ##[endgroup]
2023-11-09T15:03:17.5236513Z ##[group]Determining the checkout info
2023-11-09T15:03:17.5237179Z ##[endgroup]
2023-11-09T15:03:17.5237720Z ##[group]Checking out the ref
2023-11-09T15:03:17.5238600Z [command]/usr/bin/git checkout --progress --force -B py312 refs/remotes/origin/py312
2023-11-09T15:03:17.5306943Z Switched to a new branch 'py312'
2023-11-09T15:03:17.5315681Z branch 'py312' set up to track 'origin/py312'.
2023-11-09T15:03:17.5327468Z ##[endgroup]
2023-11-09T15:03:17.5393491Z [command]/usr/bin/git log -1 --format='%H'
2023-11-09T15:03:17.5420110Z '26ee1285a56346c4fc45408955c007dd6dde5046'
2023-11-09T15:03:17.5889978Z ##[group]Run actions/setup-python@v4
2023-11-09T15:03:17.5890621Z with:
2023-11-09T15:03:17.5891039Z   python-version: 3.9
2023-11-09T15:03:17.5891523Z   check-latest: false
2023-11-09T15:03:17.5892271Z   token: ***
2023-11-09T15:03:17.5892741Z   update-environment: true
2023-11-09T15:03:17.5893253Z   allow-prereleases: false
2023-11-09T15:03:17.5893826Z ##[endgroup]
2023-11-09T15:03:17.8763937Z ##[group]Installed versions
2023-11-09T15:03:17.8850903Z Successfully set up CPython (3.9.18)
2023-11-09T15:03:17.8851908Z ##[endgroup]
2023-11-09T15:03:17.9113906Z ##[group]Run python -m pip install --upgrade pip wheel
2023-11-09T15:03:17.9114692Z [36;1mpython -m pip install --upgrade pip wheel[0m
2023-11-09T15:03:17.9115394Z [36;1mpython -m pip install --upgrade --upgrade-strategy=eager tox[0m
2023-11-09T15:03:17.9175531Z shell: /usr/bin/bash -e {0}
2023-11-09T15:03:17.9175987Z env:
2023-11-09T15:03:17.9176408Z   pythonLocation: /opt/hostedtoolcache/Python/3.9.18/x64
2023-11-09T15:03:17.9177146Z   PKG_CONFIG_PATH: /opt/hostedtoolcache/Python/3.9.18/x64/lib/pkgconfig
2023-11-09T15:03:17.9177887Z   Python_ROOT_DIR: /opt/hostedtoolcache/Python/3.9.18/x64
2023-11-09T15:03:17.9178541Z   Python2_ROOT_DIR: /opt/hostedtoolcache/Python/3.9.18/x64
2023-11-09T15:03:17.9179191Z   Python3_ROOT_DIR: /opt/hostedtoolcache/Python/3.9.18/x64
2023-11-09T15:03:17.9179858Z   LD_LIBRARY_PATH: /opt/hostedtoolcache/Python/3.9.18/x64/lib
2023-11-09T15:03:17.9180409Z ##[endgroup]
2023-11-09T15:03:21.1141019Z Requirement already satisfied: pip in /opt/hostedtoolcache/Python/3.9.18/x64/lib/python3.9/site-packages (23.0.1)
2023-11-09T15:03:21.3383520Z Collecting pip
2023-11-09T15:03:21.4766562Z   Downloading pip-23.3.1-py3-none-any.whl.metadata (3.5 kB)
2023-11-09T15:03:21.5362515Z Collecting wheel
2023-11-09T15:03:21.5531421Z   Downloading wheel-0.41.3-py3-none-any.whl.metadata (2.2 kB)
2023-11-09T15:03:21.5787171Z Downloading pip-23.3.1-py3-none-any.whl (2.1 MB)
2023-11-09T15:03:21.8564748Z    ━━━━━━━━━━━━━━━━━━━━━━━━━━━━━━━━━━━━━━━━ 2.1/2.1 MB 7.8 MB/s eta 0:00:00
2023-11-09T15:03:21.8728465Z Downloading wheel-0.41.3-py3-none-any.whl (65 kB)
2023-11-09T15:03:21.8803036Z    ━━━━━━━━━━━━━━━━━━━━━━━━━━━━━━━━━━━━━━━━ 65.8/65.8 kB 11.5 MB/s eta 0:00:00
2023-11-09T15:03:21.9444891Z Installing collected packages: wheel, pip
2023-11-09T15:03:21.9967512Z   Attempting uninstall: pip
2023-11-09T15:03:21.9979064Z     Found existing installation: pip 23.0.1
2023-11-09T15:03:22.0905246Z     Uninstalling pip-23.0.1:
2023-11-09T15:03:22.1386740Z       Successfully uninstalled pip-23.0.1
2023-11-09T15:03:23.3855105Z Successfully installed pip-23.3.1 wheel-0.41.3
2023-11-09T15:03:25.3487451Z Collecting tox
2023-11-09T15:03:25.4659886Z   Downloading tox-4.11.3-py3-none-any.whl.metadata (5.0 kB)
2023-11-09T15:03:25.5441394Z Collecting cachetools>=5.3.1 (from tox)
2023-11-09T15:03:25.5611926Z   Downloading cachetools-5.3.2-py3-none-any.whl.metadata (5.2 kB)
2023-11-09T15:03:25.5973186Z Collecting chardet>=5.2 (from tox)
2023-11-09T15:03:25.6142824Z   Downloading chardet-5.2.0-py3-none-any.whl.metadata (3.4 kB)
2023-11-09T15:03:25.6577214Z Collecting colorama>=0.4.6 (from tox)
2023-11-09T15:03:25.6748399Z   Downloading colorama-0.4.6-py2.py3-none-any.whl (25 kB)
2023-11-09T15:03:25.7356673Z Collecting filelock>=3.12.3 (from tox)
2023-11-09T15:03:25.7525437Z   Downloading filelock-3.13.1-py3-none-any.whl.metadata (2.8 kB)
2023-11-09T15:03:25.8001652Z Collecting packaging>=23.1 (from tox)
2023-11-09T15:03:25.8269625Z   Downloading packaging-23.2-py3-none-any.whl.metadata (3.2 kB)
2023-11-09T15:03:25.8726687Z Collecting platformdirs>=3.10 (from tox)
2023-11-09T15:03:25.8895433Z   Downloading platformdirs-3.11.0-py3-none-any.whl.metadata (11 kB)
2023-11-09T15:03:25.9310121Z Collecting pluggy>=1.3 (from tox)
2023-11-09T15:03:25.9482703Z   Downloading pluggy-1.3.0-py3-none-any.whl.metadata (4.3 kB)
2023-11-09T15:03:25.9876304Z Collecting pyproject-api>=1.6.1 (from tox)
2023-11-09T15:03:26.0052694Z   Downloading pyproject_api-1.6.1-py3-none-any.whl.metadata (2.8 kB)
2023-11-09T15:03:26.0514933Z Collecting tomli>=2.0.1 (from tox)
2023-11-09T15:03:26.0688514Z   Downloading tomli-2.0.1-py3-none-any.whl (12 kB)
2023-11-09T15:03:26.1924416Z Collecting virtualenv>=20.24.3 (from tox)
2023-11-09T15:03:26.2091564Z   Downloading virtualenv-20.24.6-py3-none-any.whl.metadata (4.5 kB)
2023-11-09T15:03:26.3185019Z Collecting distlib<1,>=0.3.7 (from virtualenv>=20.24.3->tox)
2023-11-09T15:03:26.3356302Z   Downloading distlib-0.3.7-py2.py3-none-any.whl.metadata (5.1 kB)
2023-11-09T15:03:26.3715716Z Downloading tox-4.11.3-py3-none-any.whl (153 kB)
2023-11-09T15:03:26.3957479Z    ━━━━━━━━━━━━━━━━━━━━━━━━━━━━━━━━━━━━━━━━ 153.8/153.8 kB 7.1 MB/s eta 0:00:00
2023-11-09T15:03:26.4175290Z Downloading cachetools-5.3.2-py3-none-any.whl (9.3 kB)
2023-11-09T15:03:26.4388896Z Downloading chardet-5.2.0-py3-none-any.whl (199 kB)
2023-11-09T15:03:26.4482503Z    ━━━━━━━━━━━━━━━━━━━━━━━━━━━━━━━━━━━━━━━━ 199.4/199.4 kB 29.1 MB/s eta 0:00:00
2023-11-09T15:03:26.4655278Z Downloading filelock-3.13.1-py3-none-any.whl (11 kB)
2023-11-09T15:03:26.4859881Z Downloading packaging-23.2-py3-none-any.whl (53 kB)
2023-11-09T15:03:26.4929912Z    ━━━━━━━━━━━━━━━━━━━━━━━━━━━━━━━━━━━━━━━━ 53.0/53.0 kB 12.0 MB/s eta 0:00:00
2023-11-09T15:03:26.5101542Z Downloading platformdirs-3.11.0-py3-none-any.whl (17 kB)
2023-11-09T15:03:26.5307916Z Downloading pluggy-1.3.0-py3-none-any.whl (18 kB)
2023-11-09T15:03:26.5518558Z Downloading pyproject_api-1.6.1-py3-none-any.whl (12 kB)
2023-11-09T15:03:26.5718253Z Downloading virtualenv-20.24.6-py3-none-any.whl (3.8 MB)
2023-11-09T15:03:26.6303196Z    ━━━━━━━━━━━━━━━━━━━━━━━━━━━━━━━━━━━━━━━━ 3.8/3.8 MB 67.5 MB/s eta 0:00:00
2023-11-09T15:03:26.6478766Z Downloading distlib-0.3.7-py2.py3-none-any.whl (468 kB)
2023-11-09T15:03:26.6572058Z    ━━━━━━━━━━━━━━━━━━━━━━━━━━━━━━━━━━━━━━━━ 468.9/468.9 kB 70.8 MB/s eta 0:00:00
2023-11-09T15:03:26.8300614Z Installing collected packages: distlib, tomli, pluggy, platformdirs, packaging, filelock, colorama, chardet, cachetools, virtualenv, pyproject-api, tox
2023-11-09T15:03:27.5465340Z Successfully installed cachetools-5.3.2 chardet-5.2.0 colorama-0.4.6 distlib-0.3.7 filelock-3.13.1 packaging-23.2 platformdirs-3.11.0 pluggy-1.3.0 pyproject-api-1.6.1 tomli-2.0.1 tox-4.11.3 virtualenv-20.24.6
2023-11-09T15:03:28.1663153Z ##[group]Run tox -e py -- --cov-report=xml
2023-11-09T15:03:28.1663772Z [36;1mtox -e py -- --cov-report=xml[0m
2023-11-09T15:03:28.1706462Z shell: /usr/bin/bash -e {0}
2023-11-09T15:03:28.1706923Z env:
2023-11-09T15:03:28.1707372Z   pythonLocation: /opt/hostedtoolcache/Python/3.9.18/x64
2023-11-09T15:03:28.1708290Z   PKG_CONFIG_PATH: /opt/hostedtoolcache/Python/3.9.18/x64/lib/pkgconfig
2023-11-09T15:03:28.1709143Z   Python_ROOT_DIR: /opt/hostedtoolcache/Python/3.9.18/x64
2023-11-09T15:03:28.1710035Z   Python2_ROOT_DIR: /opt/hostedtoolcache/Python/3.9.18/x64
2023-11-09T15:03:28.1710767Z   Python3_ROOT_DIR: /opt/hostedtoolcache/Python/3.9.18/x64
2023-11-09T15:03:28.1711538Z   LD_LIBRARY_PATH: /opt/hostedtoolcache/Python/3.9.18/x64/lib
2023-11-09T15:03:28.1712157Z ##[endgroup]
2023-11-09T15:03:28.9582714Z py: install_deps> python -I -m pip install pytest pytest-cov pytest-mock
2023-11-09T15:03:32.4783988Z .pkg: install_requires> python -I -m pip install 'setuptools>=46.4.0' versioningit
2023-11-09T15:03:34.6321380Z .pkg: _optional_hooks> python /opt/hostedtoolcache/Python/3.9.18/x64/lib/python3.9/site-packages/pyproject_api/_backend.py True setuptools.build_meta
2023-11-09T15:03:34.9210353Z .pkg: get_requires_for_build_sdist> python /opt/hostedtoolcache/Python/3.9.18/x64/lib/python3.9/site-packages/pyproject_api/_backend.py True setuptools.build_meta
2023-11-09T15:03:35.0476202Z .pkg: get_requires_for_build_wheel> python /opt/hostedtoolcache/Python/3.9.18/x64/lib/python3.9/site-packages/pyproject_api/_backend.py True setuptools.build_meta
2023-11-09T15:03:35.1187576Z .pkg: install_requires_for_build_wheel> python -I -m pip install wheel
2023-11-09T15:03:35.7561758Z .pkg: freeze> python -m pip freeze --all
2023-11-09T15:03:36.1336280Z .pkg: importlib-metadata==6.8.0,packaging==23.2,pip==23.3.1,setuptools==68.2.2,tomli==2.0.1,versioningit==2.2.1,wheel==0.41.2,zipp==3.17.0
2023-11-09T15:03:36.1343316Z .pkg: prepare_metadata_for_build_wheel> python /opt/hostedtoolcache/Python/3.9.18/x64/lib/python3.9/site-packages/pyproject_api/_backend.py True setuptools.build_meta
2023-11-09T15:03:36.2831128Z .pkg: build_sdist> python /opt/hostedtoolcache/Python/3.9.18/x64/lib/python3.9/site-packages/pyproject_api/_backend.py True setuptools.build_meta
2023-11-09T15:03:36.3786203Z py: install_package_deps> python -I -m pip install 'PyYAML>=5.0' 'click-loglevel~=0.2' 'click>=7.0' 'in-place~=0.4' 'pydantic~=1.7' 'python-dateutil~=2.7' 'python-dotenv<2.0,>=0.11' 'requests~=2.20'
2023-11-09T15:03:39.5072479Z py: install_package> python -I -m pip install --force-reinstall --no-deps /home/runner/work/tinuous/tinuous/.tox/.tmp/package/1/tinuous-0.6.1.post41+g26ee128.tar.gz
2023-11-09T15:03:44.3161298Z py: freeze> python -m pip freeze --all
2023-11-09T15:03:44.7330963Z py: certifi==2023.7.22,charset-normalizer==3.3.2,click==8.1.7,click-loglevel==0.5.0,coverage==7.3.2,exceptiongroup==1.1.3,idna==3.4,in-place==0.5.0,iniconfig==2.0.0,packaging==23.2,pip==23.3.1,pluggy==1.3.0,pydantic==1.10.13,pytest==7.4.3,pytest-cov==4.1.0,pytest-mock==3.12.0,python-dateutil==2.8.2,python-dotenv==1.0.0,PyYAML==6.0.1,requests==2.31.0,setuptools==68.2.2,six==1.16.0,tinuous @ file:///home/runner/work/tinuous/tinuous/.tox/.tmp/package/1/tinuous-0.6.1.post41%2Bg26ee128.tar.gz#sha256=ddb554086df61be1d402923700d05c6b385d45427c78bb14dc40ffb973186a12,tomli==2.0.1,typing_extensions==4.8.0,urllib3==2.0.7,wheel==0.41.2
2023-11-09T15:03:44.7334861Z py: commands[0]> tinuous --help
2023-11-09T15:03:44.9984927Z Usage: tinuous [OPTIONS] COMMAND [ARGS]...
2023-11-09T15:03:44.9985406Z 
2023-11-09T15:03:44.9985857Z   Download build logs from GitHub Actions, Travis, Appveyor, and CircleCI
2023-11-09T15:03:44.9986471Z 
2023-11-09T15:03:44.9986598Z Options:
2023-11-09T15:03:44.9987357Z   -V, --version                   Show the version and exit.
2023-11-09T15:03:44.9988267Z   -c, --config FILE               Read configuration from the given file
2023-11-09T15:03:44.9989022Z                                   [default: tinuous.yaml]
2023-11-09T15:03:44.9990534Z   -E, --env FILE                  Load environment variables from given .env
2023-11-09T15:03:44.9991268Z                                   file
2023-11-09T15:03:44.9991985Z   -l, --log-level [NOTSET|DEBUG|INFO|WARNING|ERROR|CRITICAL]
2023-11-09T15:03:44.9992698Z                                   Set logging level  [default: INFO]
2023-11-09T15:03:44.9993484Z   --help                          Show this message and exit.
2023-11-09T15:03:44.9993940Z 
2023-11-09T15:03:44.9994078Z Commands:
2023-11-09T15:03:44.9994414Z   fetch         Download logs
2023-11-09T15:03:44.9995045Z   fetch-commit  Download logs for a specific commit
2023-11-09T15:03:44.9995682Z   sanitize      Sanitize secrets in logs
2023-11-09T15:03:45.0284199Z py: commands[1]> pytest --cov-report=xml test
2023-11-09T15:03:46.2610328Z ============================= test session starts ==============================
2023-11-09T15:03:46.2611504Z platform linux -- Python 3.9.18, pytest-7.4.3, pluggy-1.3.0
2023-11-09T15:03:46.2612211Z cachedir: .tox/py/.pytest_cache
2023-11-09T15:03:46.2613163Z rootdir: /home/runner/work/tinuous/tinuous
2023-11-09T15:03:46.2613706Z configfile: tox.ini
2023-11-09T15:03:46.2614164Z plugins: mock-3.12.0, cov-4.1.0
2023-11-09T15:03:46.2614622Z collected 64 items
2023-11-09T15:03:46.2614857Z 
2023-11-09T15:03:46.2769201Z test/test_base.py .........                                              [ 14%]
2023-11-09T15:03:46.2913064Z test/test_config.py ........                                             [ 26%]
2023-11-09T15:03:46.3158647Z test/test_state.py ........                                              [ 39%]
2023-11-09T15:03:46.7096836Z test/test_util.py .......................................                [100%]
2023-11-09T15:03:46.7106992Z 
2023-11-09T15:03:46.7108267Z ---------- coverage: platform linux, python 3.9.18-final-0 -----------
2023-11-09T15:03:46.7108967Z Coverage XML written to file coverage.xml
2023-11-09T15:03:46.7109312Z 
2023-11-09T15:03:46.7109325Z 
2023-11-09T15:03:46.7109867Z ============================== 64 passed in 0.88s ==============================
2023-11-09T15:03:46.7798508Z .pkg: _exit> python /opt/hostedtoolcache/Python/3.9.18/x64/lib/python3.9/site-packages/pyproject_api/_backend.py True setuptools.build_meta
2023-11-09T15:03:46.8218523Z   py: OK (18.16=setup[16.12]+cmd[0.29,1.75] seconds)
2023-11-09T15:03:46.8219136Z   congratulations :) (18.40 seconds)
2023-11-09T15:03:46.8697670Z ##[group]Run codecov/codecov-action@v3
2023-11-09T15:03:46.8698127Z with:
2023-11-09T15:03:46.8698421Z   fail_ci_if_error: false
2023-11-09T15:03:46.8698829Z env:
2023-11-09T15:03:46.8699230Z   pythonLocation: /opt/hostedtoolcache/Python/3.9.18/x64
2023-11-09T15:03:46.8699969Z   PKG_CONFIG_PATH: /opt/hostedtoolcache/Python/3.9.18/x64/lib/pkgconfig
2023-11-09T15:03:46.8700694Z   Python_ROOT_DIR: /opt/hostedtoolcache/Python/3.9.18/x64
2023-11-09T15:03:46.8701350Z   Python2_ROOT_DIR: /opt/hostedtoolcache/Python/3.9.18/x64
2023-11-09T15:03:46.8702001Z   Python3_ROOT_DIR: /opt/hostedtoolcache/Python/3.9.18/x64
2023-11-09T15:03:46.8702681Z   LD_LIBRARY_PATH: /opt/hostedtoolcache/Python/3.9.18/x64/lib
2023-11-09T15:03:46.8703217Z ##[endgroup]
2023-11-09T15:03:47.0481030Z ==> linux OS detected
2023-11-09T15:03:47.6547983Z https://uploader.codecov.io/latest/linux/codecov.SHA256SUM
2023-11-09T15:03:47.8111383Z ==> SHASUM file signed by key id 806bb28aed779869
2023-11-09T15:03:47.9998755Z ==> Uploader SHASUM verified (b9282b8b43eef83f722646d8992c4dd36563046afe0806722184e7e9923a6d7b  codecov)
2023-11-09T15:03:47.9999984Z ==> Running version latest
2023-11-09T15:03:48.1442065Z ==> Running version v0.7.1
2023-11-09T15:03:48.1462964Z [command]/home/runner/work/_actions/codecov/codecov-action/v3/dist/codecov -n  -Q github-action-3.1.4
2023-11-09T15:03:48.4117466Z [2023-11-09T15:03:48.409Z] ['info'] 
2023-11-09T15:03:48.4118329Z      _____          _
2023-11-09T15:03:48.4119386Z     / ____|        | |
2023-11-09T15:03:48.4119900Z    | |     ___   __| | ___  ___ _____   __
2023-11-09T15:03:48.4120455Z    | |    / _ \ / _` |/ _ \/ __/ _ \ \ / /
2023-11-09T15:03:48.4121040Z    | |___| (_) | (_| |  __/ (_| (_) \ V /
2023-11-09T15:03:48.4121576Z     \_____\___/ \__,_|\___|\___\___/ \_/
2023-11-09T15:03:48.4121933Z 
2023-11-09T15:03:48.4122125Z   Codecov report uploader 0.7.1
2023-11-09T15:03:48.4203012Z [2023-11-09T15:03:48.419Z] ['info'] => Project root located at: /home/runner/work/tinuous/tinuous
2023-11-09T15:03:48.4266959Z [2023-11-09T15:03:48.426Z] ['info'] -> No token specified or token is empty
2023-11-09T15:03:48.4355121Z [2023-11-09T15:03:48.435Z] ['info'] Searching for coverage files...
2023-11-09T15:03:48.5053431Z [2023-11-09T15:03:48.504Z] ['info'] Warning: Some files located via search were excluded from upload.
2023-11-09T15:03:48.5060509Z [2023-11-09T15:03:48.505Z] ['info'] If Codecov did not locate your files, please review https://docs.codecov.com/docs/supported-report-formats
2023-11-09T15:03:48.5067812Z [2023-11-09T15:03:48.506Z] ['info'] => Found 1 possible coverage files:
2023-11-09T15:03:48.5068755Z   coverage.xml
2023-11-09T15:03:48.5075173Z [2023-11-09T15:03:48.507Z] ['info'] Processing /home/runner/work/tinuous/tinuous/coverage.xml...
2023-11-09T15:03:48.5119514Z [2023-11-09T15:03:48.511Z] ['info'] Detected GitHub Actions as the CI provider.
2023-11-09T15:03:49.1692274Z [2023-11-09T15:03:49.168Z] ['info'] Pinging Codecov: https://codecov.io/upload/v4?package=github-action-3.1.4-uploader-0.7.1&token=*******&branch=py312&build=6813590739&build_url=https%3A%2F%2Fgithub.com%2Fcon%2Ftinuous%2Factions%2Fruns%2F6813590739&commit=26ee1285a56346c4fc45408955c007dd6dde5046&job=Test&pr=&service=github-actions&slug=con%2Ftinuous&name=&tag=&flags=&parent=
2023-11-09T15:03:49.5546628Z [2023-11-09T15:03:49.554Z] ['info'] https://app.codecov.io/github/con/tinuous/commit/26ee1285a56346c4fc45408955c007dd6dde5046
2023-11-09T15:03:49.5551848Z https://storage.googleapis.com/codecov/v4/raw/2023-11-09/0010CBA6D851417C00BB0BC3FC5895F9/26ee1285a56346c4fc45408955c007dd6dde5046/ffc4b74d-c6f3-4015-9d12-eb37423817a1.txt?X-Amz-Algorithm=AWS4-HMAC-SHA256&X-Amz-Credential=GOOG1EJOGFN2JQ4OCTGA2MU5AEIT7OT5Z7HTFOAN2SPG4NWSN2UJYOY5U6LZQ%2F20231109%2FUS%2Fs3%2Faws4_request&X-Amz-Date=20231109T150349Z&X-Amz-Expires=10&X-Amz-SignedHeaders=host&X-Amz-Signature=c4f5295dbff337011ba42e39db4b6a5d1a3e357e7020091afa49e0d0f3ba65db
2023-11-09T15:03:49.5555776Z [2023-11-09T15:03:49.555Z] ['info'] Uploading...
2023-11-09T15:03:49.7724386Z [2023-11-09T15:03:49.771Z] ['info'] {"status":"processing","resultURL":"https://app.codecov.io/github/con/tinuous/commit/26ee1285a56346c4fc45408955c007dd6dde5046"}
2023-11-09T15:03:49.8151336Z Post job cleanup.
2023-11-09T15:03:49.9894274Z Post job cleanup.
2023-11-09T15:03:50.0871199Z [command]/usr/bin/git version
2023-11-09T15:03:50.0926037Z git version 2.42.0
2023-11-09T15:03:50.0986384Z Temporarily overriding HOME='/home/runner/work/_temp/d82a01c1-643e-42ca-abe9-d9c50af81382' before making global git config changes
2023-11-09T15:03:50.0990351Z Adding repository directory to the temporary git global config as a safe directory
2023-11-09T15:03:50.1000289Z [command]/usr/bin/git config --global --add safe.directory /home/runner/work/tinuous/tinuous
2023-11-09T15:03:50.1055418Z [command]/usr/bin/git config --local --name-only --get-regexp core\.sshCommand
2023-11-09T15:03:50.1102807Z [command]/usr/bin/git submodule foreach --recursive sh -c "git config --local --name-only --get-regexp 'core\.sshCommand' && git config --local --unset-all 'core.sshCommand' || :"
2023-11-09T15:03:50.1397358Z [command]/usr/bin/git config --local --name-only --get-regexp http\.https\:\/\/github\.com\/\.extraheader
2023-11-09T15:03:50.1416566Z http.https://github.com/.extraheader
2023-11-09T15:03:50.1434296Z [command]/usr/bin/git config --local --unset-all http.https://github.com/.extraheader
2023-11-09T15:03:50.1470078Z [command]/usr/bin/git submodule foreach --recursive sh -c "git config --local --name-only --get-regexp 'http\.https\:\/\/github\.com\/\.extraheader' && git config --local --unset-all 'http.https://github.com/.extraheader' || :"
2023-11-09T15:03:50.2135114Z Cleaning up orphan processes
