2021-04-28T12:32:12.7466646Z ##[section]Starting: Request a runner to run this job
2021-04-28T12:32:13.1195036Z Can't find any online and idle self-hosted runner in current repository that matches the required labels: 'ubuntu-latest'
2021-04-28T12:32:13.1195147Z Can't find any online and idle self-hosted runner in current repository's account/organization that matches the required labels: 'ubuntu-latest'
2021-04-28T12:32:13.1195520Z Found online and idle hosted runner in current repository's account/organization that matches the required labels: 'ubuntu-latest'
2021-04-28T12:32:13.3740245Z ##[section]Finishing: Request a runner to run this job
2021-04-28T12:32:21.5979150Z Current runner version: '2.278.0'
2021-04-28T12:32:21.6004757Z ##[group]Operating System
2021-04-28T12:32:21.6005619Z Ubuntu
2021-04-28T12:32:21.6006008Z 20.04.2
2021-04-28T12:32:21.6006337Z LTS
2021-04-28T12:32:21.6006737Z ##[endgroup]
2021-04-28T12:32:21.6007198Z ##[group]Virtual Environment
2021-04-28T12:32:21.6007756Z Environment: ubuntu-20.04
2021-04-28T12:32:21.6008181Z Version: 20210425.1
2021-04-28T12:32:21.6009023Z Included Software: https://github.com/actions/virtual-environments/blob/ubuntu20/20210425.1/images/linux/Ubuntu2004-README.md
2021-04-28T12:32:21.6010088Z Image Release: https://github.com/actions/virtual-environments/releases/tag/ubuntu20%2F20210425.1
2021-04-28T12:32:21.6010845Z ##[endgroup]
2021-04-28T12:32:21.6012578Z ##[group]GITHUB_TOKEN Permissions
2021-04-28T12:32:21.6013719Z Actions: write
2021-04-28T12:32:21.6014178Z Checks: write
2021-04-28T12:32:21.6014565Z Contents: write
2021-04-28T12:32:21.6015086Z Deployments: write
2021-04-28T12:32:21.6015606Z Issues: write
2021-04-28T12:32:21.6016068Z Metadata: read
2021-04-28T12:32:21.6016524Z Packages: write
2021-04-28T12:32:21.6016971Z PullRequests: write
2021-04-28T12:32:21.6017506Z RepositoryProjects: write
2021-04-28T12:32:21.6017998Z SecurityEvents: write
2021-04-28T12:32:21.6018471Z Statuses: write
2021-04-28T12:32:21.6018975Z ##[endgroup]
2021-04-28T12:32:21.6021737Z Prepare workflow directory
2021-04-28T12:32:21.6579082Z Prepare all required actions
2021-04-28T12:32:21.6588809Z Getting action download info
2021-04-28T12:32:22.0743979Z Download action repository 'actions/checkout@v2'
2021-04-28T12:32:25.1689421Z Download action repository 'actions/setup-python@v2'
2021-04-28T12:32:27.6974451Z ##[group]Run actions/checkout@v2
2021-04-28T12:32:27.6975049Z with:
2021-04-28T12:32:27.6975458Z   repository: con/tinuous
2021-04-28T12:32:27.6976229Z   token: ***
2021-04-28T12:32:27.6976669Z   ssh-strict: true
2021-04-28T12:32:27.6977100Z   persist-credentials: true
2021-04-28T12:32:27.6977548Z   clean: true
2021-04-28T12:32:27.6977890Z   fetch-depth: 1
2021-04-28T12:32:27.6978299Z   lfs: false
2021-04-28T12:32:27.6978632Z   submodules: false
2021-04-28T12:32:27.6979059Z ##[endgroup]
2021-04-28T12:32:27.9035045Z Syncing repository: con/tinuous
2021-04-28T12:32:27.9035747Z ##[group]Getting Git version info
2021-04-28T12:32:27.9036689Z Working directory is '/home/runner/work/tinuous/tinuous'
2021-04-28T12:32:27.9161050Z [command]/usr/bin/git version
2021-04-28T12:32:27.9272196Z git version 2.31.1
2021-04-28T12:32:27.9291654Z ##[endgroup]
2021-04-28T12:32:27.9298073Z Deleting the contents of '/home/runner/work/tinuous/tinuous'
2021-04-28T12:32:27.9301390Z ##[group]Initializing the repository
2021-04-28T12:32:27.9304609Z [command]/usr/bin/git init /home/runner/work/tinuous/tinuous
2021-04-28T12:32:27.9365167Z hint: Using 'master' as the name for the initial branch. This default branch name
2021-04-28T12:32:27.9366378Z hint: is subject to change. To configure the initial branch name to use in all
2021-04-28T12:32:27.9367201Z hint: of your new repositories, which will suppress this warning, call:
2021-04-28T12:32:27.9367779Z hint: 
2021-04-28T12:32:27.9368635Z hint: 	git config --global init.defaultBranch <name>
2021-04-28T12:32:27.9369091Z hint: 
2021-04-28T12:32:27.9369760Z hint: Names commonly chosen instead of 'master' are 'main', 'trunk' and
2021-04-28T12:32:27.9371376Z hint: 'development'. The just-created branch can be renamed via this command:
2021-04-28T12:32:27.9372170Z hint: 
2021-04-28T12:32:27.9373208Z hint: 	git branch -m <name>
2021-04-28T12:32:29.2874818Z Initialized empty Git repository in /home/runner/work/tinuous/tinuous/.git/
2021-04-28T12:32:29.2885053Z [command]/usr/bin/git remote add origin https://github.com/con/tinuous
2021-04-28T12:32:29.2886002Z ##[endgroup]
2021-04-28T12:32:29.2886743Z ##[group]Disabling automatic garbage collection
2021-04-28T12:32:29.2888006Z [command]/usr/bin/git config --local gc.auto 0
2021-04-28T12:32:29.2888796Z ##[endgroup]
2021-04-28T12:32:29.2891295Z ##[group]Setting up auth
2021-04-28T12:32:29.2892779Z [command]/usr/bin/git config --local --name-only --get-regexp core\.sshCommand
2021-04-28T12:32:29.2894616Z [command]/usr/bin/git submodule foreach --recursive git config --local --name-only --get-regexp 'core\.sshCommand' && git config --local --unset-all 'core.sshCommand' || :
2021-04-28T12:32:29.2896304Z [command]/usr/bin/git config --local --name-only --get-regexp http\.https\:\/\/github\.com\/\.extraheader
2021-04-28T12:32:29.2898081Z [command]/usr/bin/git submodule foreach --recursive git config --local --name-only --get-regexp 'http\.https\:\/\/github\.com\/\.extraheader' && git config --local --unset-all 'http.https://github.com/.extraheader' || :
2021-04-28T12:32:29.2899900Z [command]/usr/bin/git config --local http.https://github.com/.extraheader AUTHORIZATION: basic ***
2021-04-28T12:32:29.2900926Z ##[endgroup]
2021-04-28T12:32:29.2901531Z ##[group]Fetching the repository
2021-04-28T12:32:29.2903196Z [command]/usr/bin/git -c protocol.version=2 fetch --no-tags --prune --progress --no-recurse-submodules --depth=1 origin +a0dff291d3b515f017b1ee0f8461a61116e64f0d:refs/remotes/origin/fix-mypy
2021-04-28T12:32:29.2904578Z remote: Enumerating objects: 22, done.        
2021-04-28T12:32:29.2905217Z remote: Counting objects:   4% (1/22)        
2021-04-28T12:32:29.2907578Z remote: Counting objects:   9% (2/22)        
2021-04-28T12:32:29.2908094Z remote: Counting objects:  13% (3/22)        
2021-04-28T12:32:29.2908542Z remote: Counting objects:  18% (4/22)        
2021-04-28T12:32:29.2909067Z remote: Counting objects:  22% (5/22)        
2021-04-28T12:32:29.2909541Z remote: Counting objects:  27% (6/22)        
2021-04-28T12:32:29.2910190Z remote: Counting objects:  31% (7/22)        
2021-04-28T12:32:29.2910679Z remote: Counting objects:  36% (8/22)        
2021-04-28T12:32:29.2911231Z remote: Counting objects:  40% (9/22)        
2021-04-28T12:32:29.2911742Z remote: Counting objects:  45% (10/22)        
2021-04-28T12:32:29.2912190Z remote: Counting objects:  50% (11/22)        
2021-04-28T12:32:29.2912689Z remote: Counting objects:  54% (12/22)        
2021-04-28T12:32:29.2913153Z remote: Counting objects:  59% (13/22)        
2021-04-28T12:32:29.2913644Z remote: Counting objects:  63% (14/22)        
2021-04-28T12:32:29.2914108Z remote: Counting objects:  68% (15/22)        
2021-04-28T12:32:29.2914602Z remote: Counting objects:  72% (16/22)        
2021-04-28T12:32:29.2915232Z remote: Counting objects:  77% (17/22)        
2021-04-28T12:32:29.2915780Z remote: Counting objects:  81% (18/22)        
2021-04-28T12:32:29.2916267Z remote: Counting objects:  86% (19/22)        
2021-04-28T12:32:29.2916733Z remote: Counting objects:  90% (20/22)        
2021-04-28T12:32:29.2917224Z remote: Counting objects:  95% (21/22)        
2021-04-28T12:32:29.2917691Z remote: Counting objects: 100% (22/22)        
2021-04-28T12:32:29.2918198Z remote: Counting objects: 100% (22/22), done.        
2021-04-28T12:32:29.2918686Z remote: Compressing objects:   6% (1/16)        
2021-04-28T12:32:29.2919246Z remote: Compressing objects:  12% (2/16)        
2021-04-28T12:32:29.2919740Z remote: Compressing objects:  18% (3/16)        
2021-04-28T12:32:29.2920326Z remote: Compressing objects:  25% (4/16)        
2021-04-28T12:32:29.2920854Z remote: Compressing objects:  31% (5/16)        
2021-04-28T12:32:29.2921335Z remote: Compressing objects:  37% (6/16)        
2021-04-28T12:32:29.2921871Z remote: Compressing objects:  43% (7/16)        
2021-04-28T12:32:29.2922434Z remote: Compressing objects:  50% (8/16)        
2021-04-28T12:32:29.2922960Z remote: Compressing objects:  56% (9/16)        
2021-04-28T12:32:29.2923451Z remote: Compressing objects:  62% (10/16)        
2021-04-28T12:32:29.2923994Z remote: Compressing objects:  68% (11/16)        
2021-04-28T12:32:29.2924479Z remote: Compressing objects:  75% (12/16)        
2021-04-28T12:32:29.2925215Z remote: Compressing objects:  81% (13/16)        
2021-04-28T12:32:29.2925965Z remote: Compressing objects:  87% (14/16)        
2021-04-28T12:32:29.2926490Z remote: Compressing objects:  93% (15/16)        
2021-04-28T12:32:29.2927219Z remote: Compressing objects: 100% (16/16)        
2021-04-28T12:32:29.2927792Z remote: Compressing objects: 100% (16/16), done.        
2021-04-28T12:32:29.2929116Z remote: Total 22 (delta 1), reused 16 (delta 1), pack-reused 0        
2021-04-28T12:32:29.2929698Z From https://github.com/con/tinuous
2021-04-28T12:32:29.2930738Z  * [new ref]         a0dff291d3b515f017b1ee0f8461a61116e64f0d -> origin/fix-mypy
2021-04-28T12:32:29.2931494Z ##[endgroup]
2021-04-28T12:32:29.2931937Z ##[group]Determining the checkout info
2021-04-28T12:32:29.2932882Z ##[endgroup]
2021-04-28T12:32:29.2933391Z ##[group]Checking out the ref
2021-04-28T12:32:29.2934336Z [command]/usr/bin/git checkout --progress --force -B fix-mypy refs/remotes/origin/fix-mypy
2021-04-28T12:32:29.2935173Z Switched to a new branch 'fix-mypy'
2021-04-28T12:32:29.2935964Z Branch 'fix-mypy' set up to track remote branch 'fix-mypy' from 'origin'.
2021-04-28T12:32:29.2936556Z ##[endgroup]
2021-04-28T12:32:29.2937181Z [command]/usr/bin/git log -1 --format='%H'
2021-04-28T12:32:29.2937963Z 'a0dff291d3b515f017b1ee0f8461a61116e64f0d'
2021-04-28T12:32:29.3202638Z ##[group]Run actions/setup-python@v2
2021-04-28T12:32:29.3203054Z with:
2021-04-28T12:32:29.3203378Z   python-version: 3.9
2021-04-28T12:32:29.3204281Z   token: ***
2021-04-28T12:32:29.3204595Z ##[endgroup]
2021-04-28T12:32:29.3798212Z Successfully setup CPython (3.9.4)
2021-04-28T12:32:29.3886671Z ##[group]Run python -m pip install --upgrade pip wheel
2021-04-28T12:32:29.3887427Z [36;1mpython -m pip install --upgrade pip wheel[0m
2021-04-28T12:32:29.3888114Z [36;1mpython -m pip install .[0m
2021-04-28T12:32:29.3936299Z shell: /usr/bin/bash -e {0}
2021-04-28T12:32:29.3936677Z env:
2021-04-28T12:32:29.3937194Z   pythonLocation: /opt/hostedtoolcache/Python/3.9.4/x64
2021-04-28T12:32:29.3938019Z   LD_LIBRARY_PATH: /opt/hostedtoolcache/Python/3.9.4/x64/lib
2021-04-28T12:32:29.3938522Z ##[endgroup]
2021-04-28T12:32:29.8711761Z WARNING: Value for scheme.headers does not match. Please report this to <https://github.com/pypa/pip/issues/9617>
2021-04-28T12:32:29.8712713Z distutils: /opt/hostedtoolcache/Python/3.9.4/x64/include/python3.9/UNKNOWN
2021-04-28T12:32:29.8713416Z sysconfig: /opt/hostedtoolcache/Python/3.9.4/x64/include/python3.9
2021-04-28T12:32:29.8714134Z WARNING: Additional context:
2021-04-28T12:32:29.8716813Z user = False
2021-04-28T12:32:29.8717292Z home = None
2021-04-28T12:32:29.8717667Z root = None
2021-04-28T12:32:29.8717994Z prefix = None
2021-04-28T12:32:29.9419155Z Requirement already satisfied: pip in /opt/hostedtoolcache/Python/3.9.4/x64/lib/python3.9/site-packages (21.1)
2021-04-28T12:32:30.1224762Z Collecting wheel
2021-04-28T12:32:30.1546119Z   Downloading wheel-0.36.2-py2.py3-none-any.whl (35 kB)
2021-04-28T12:32:30.1963858Z Installing collected packages: wheel
2021-04-28T12:32:30.2262076Z WARNING: Value for scheme.headers does not match. Please report this to <https://github.com/pypa/pip/issues/9617>
2021-04-28T12:32:30.2263003Z distutils: /opt/hostedtoolcache/Python/3.9.4/x64/include/python3.9/UNKNOWN
2021-04-28T12:32:30.2263798Z sysconfig: /opt/hostedtoolcache/Python/3.9.4/x64/include/python3.9
2021-04-28T12:32:30.2264356Z WARNING: Additional context:
2021-04-28T12:32:30.2264747Z user = False
2021-04-28T12:32:30.2265048Z home = None
2021-04-28T12:32:30.2265356Z root = None
2021-04-28T12:32:30.2265661Z prefix = None
2021-04-28T12:32:30.2273847Z Successfully installed wheel-0.36.2
2021-04-28T12:32:30.6034866Z WARNING: Value for scheme.headers does not match. Please report this to <https://github.com/pypa/pip/issues/9617>
2021-04-28T12:32:30.6035853Z distutils: /opt/hostedtoolcache/Python/3.9.4/x64/include/python3.9/UNKNOWN
2021-04-28T12:32:30.6036574Z sysconfig: /opt/hostedtoolcache/Python/3.9.4/x64/include/python3.9
2021-04-28T12:32:30.6037142Z WARNING: Additional context:
2021-04-28T12:32:30.6037507Z user = False
2021-04-28T12:32:30.6037819Z home = None
2021-04-28T12:32:30.6038106Z root = None
2021-04-28T12:32:30.6038419Z prefix = None
2021-04-28T12:32:30.6777860Z Processing /home/runner/work/tinuous/tinuous
2021-04-28T12:32:30.6784961Z   DEPRECATION: A future pip version will change local packages to be built in-place without first copying to a temporary directory. We recommend you use --use-feature=in-tree-build to test your packages with this new behavior before it becomes the default.
2021-04-28T12:32:30.6786536Z    pip 21.3 will remove support for this functionality. You can find discussion regarding this at https://github.com/pypa/pip/issues/7555.
2021-04-28T12:32:31.6577963Z   Installing build dependencies: started
2021-04-28T12:32:33.8123242Z   Installing build dependencies: finished with status 'done'
2021-04-28T12:32:33.8150452Z   Getting requirements to build wheel: started
2021-04-28T12:32:34.0970540Z   Getting requirements to build wheel: finished with status 'done'
2021-04-28T12:32:34.0996055Z     Preparing wheel metadata: started
2021-04-28T12:32:34.3122213Z     Preparing wheel metadata: finished with status 'done'
2021-04-28T12:32:34.4108268Z Collecting in-place~=0.4
2021-04-28T12:32:34.4474388Z   Downloading in_place-0.5.0-py3-none-any.whl (9.1 kB)
2021-04-28T12:32:34.4938616Z Collecting PyGithub~=1.53
2021-04-28T12:32:34.5023109Z   Downloading PyGithub-1.55-py3-none-any.whl (291 kB)
2021-04-28T12:32:34.6101609Z Collecting requests~=2.20
2021-04-28T12:32:34.6173769Z   Downloading requests-2.25.1-py2.py3-none-any.whl (61 kB)
2021-04-28T12:32:34.7708592Z Collecting pydantic~=1.7
2021-04-28T12:32:34.7809613Z   Downloading pydantic-1.8.1-cp39-cp39-manylinux2014_x86_64.whl (11.3 MB)
2021-04-28T12:32:35.1347949Z Collecting click~=7.0
2021-04-28T12:32:35.1463369Z   Downloading click-7.1.2-py2.py3-none-any.whl (82 kB)
2021-04-28T12:32:35.2351851Z Collecting click-loglevel~=0.2
2021-04-28T12:32:35.2654894Z   Downloading click_loglevel-0.3.0-py3-none-any.whl (5.0 kB)
2021-04-28T12:32:35.3027545Z Collecting python-dateutil~=2.7
2021-04-28T12:32:35.3110529Z   Downloading python_dateutil-2.8.1-py2.py3-none-any.whl (227 kB)
2021-04-28T12:32:35.3985598Z Collecting PyYAML~=5.0
2021-04-28T12:32:35.4081197Z   Downloading PyYAML-5.4.1-cp39-cp39-manylinux1_x86_64.whl (630 kB)
2021-04-28T12:32:35.5204625Z Collecting datalad~=0.14
2021-04-28T12:32:35.5327615Z   Downloading datalad-0.14.2.tar.gz (1.6 MB)
2021-04-28T12:32:35.8437523Z   Installing build dependencies: started
2021-04-28T12:32:37.9321746Z   Installing build dependencies: finished with status 'done'
2021-04-28T12:32:37.9380378Z   Getting requirements to build wheel: started
2021-04-28T12:32:38.2968391Z   Getting requirements to build wheel: finished with status 'done'
2021-04-28T12:32:38.2994701Z     Preparing wheel metadata: started
2021-04-28T12:32:38.7149565Z     Preparing wheel metadata: finished with status 'done'
2021-04-28T12:32:38.8724856Z Collecting patool>=1.7
2021-04-28T12:32:38.8809931Z   Downloading patool-1.12-py2.py3-none-any.whl (77 kB)
2021-04-28T12:32:38.9808260Z Collecting keyring>=8.0
2021-04-28T12:32:38.9900265Z   Downloading keyring-23.0.1-py3-none-any.whl (33 kB)
2021-04-28T12:32:39.0156762Z Collecting fasteners>=0.14
2021-04-28T12:32:39.0228964Z   Downloading fasteners-0.16-py2.py3-none-any.whl (28 kB)
2021-04-28T12:32:39.1111644Z Collecting whoosh
2021-04-28T12:32:39.1190334Z   Downloading Whoosh-2.7.4-py2.py3-none-any.whl (468 kB)
2021-04-28T12:32:39.1682176Z Collecting wrapt
2021-04-28T12:32:39.1756139Z   Downloading wrapt-1.12.1.tar.gz (27 kB)
2021-04-28T12:32:39.5211078Z Collecting annexremote
2021-04-28T12:32:39.5287455Z   Downloading annexremote-1.5.0-py3-none-any.whl (25 kB)
2021-04-28T12:32:39.5602913Z Collecting iso8601
2021-04-28T12:32:39.5672649Z   Downloading iso8601-0.1.14-py2.py3-none-any.whl (9.5 kB)
2021-04-28T12:32:39.6570866Z Collecting simplejson
2021-04-28T12:32:39.6742207Z   Downloading simplejson-3.17.2.tar.gz (83 kB)
2021-04-28T12:32:39.9039848Z Collecting chardet>=3.0.4
2021-04-28T12:32:39.9121417Z   Downloading chardet-4.0.0-py2.py3-none-any.whl (178 kB)
2021-04-28T12:32:39.9900418Z Collecting msgpack
2021-04-28T12:32:39.9994040Z   Downloading msgpack-1.0.2-cp39-cp39-manylinux1_x86_64.whl (294 kB)
2021-04-28T12:32:40.1104158Z Collecting tqdm
2021-04-28T12:32:40.1178522Z   Downloading tqdm-4.60.0-py2.py3-none-any.whl (75 kB)
2021-04-28T12:32:40.1525375Z Collecting humanize
2021-04-28T12:32:40.1604598Z   Downloading humanize-3.4.1-py3-none-any.whl (73 kB)
2021-04-28T12:32:40.1946040Z Collecting keyrings.alt
2021-04-28T12:32:40.2064652Z   Downloading keyrings.alt-4.0.2-py3-none-any.whl (20 kB)
2021-04-28T12:32:40.2576460Z Collecting boto
2021-04-28T12:32:40.2656028Z   Downloading boto-2.49.0-py2.py3-none-any.whl (1.4 MB)
2021-04-28T12:32:40.3121930Z Collecting jsmin
2021-04-28T12:32:40.3198709Z   Downloading jsmin-2.2.2.tar.gz (12 kB)
2021-04-28T12:32:40.5266512Z Collecting appdirs
2021-04-28T12:32:40.5339621Z   Downloading appdirs-1.4.4-py2.py3-none-any.whl (9.6 kB)
2021-04-28T12:32:40.5721821Z Collecting distro
2021-04-28T12:32:40.5878971Z   Downloading distro-1.5.0-py2.py3-none-any.whl (18 kB)
2021-04-28T12:32:40.7867000Z Collecting six
2021-04-28T12:32:40.7939131Z   Downloading six-1.15.0-py2.py3-none-any.whl (10 kB)
2021-04-28T12:32:40.8493675Z Collecting SecretStorage>=3.2
2021-04-28T12:32:40.8564824Z   Downloading SecretStorage-3.3.1-py3-none-any.whl (15 kB)
2021-04-28T12:32:40.9322500Z Collecting importlib-metadata>=3.6
2021-04-28T12:32:40.9393757Z   Downloading importlib_metadata-4.0.1-py3-none-any.whl (16 kB)
2021-04-28T12:32:40.9686455Z Collecting jeepney>=0.4.2
2021-04-28T12:32:40.9760658Z   Downloading jeepney-0.6.0-py3-none-any.whl (45 kB)
2021-04-28T12:32:41.0373106Z Collecting zipp>=0.5
2021-04-28T12:32:41.0445978Z   Downloading zipp-3.4.1-py3-none-any.whl (5.2 kB)
2021-04-28T12:32:41.0880560Z Collecting typing-extensions>=3.7.4.3
2021-04-28T12:32:41.0957470Z   Downloading typing_extensions-3.7.4.3-py3-none-any.whl (22 kB)
2021-04-28T12:32:41.1442179Z Collecting pyjwt>=2.0
2021-04-28T12:32:41.1515648Z   Downloading PyJWT-2.1.0-py3-none-any.whl (16 kB)
2021-04-28T12:32:41.2102249Z Collecting pynacl>=1.4.0
2021-04-28T12:32:41.2204228Z   Downloading PyNaCl-1.4.0-cp35-abi3-manylinux1_x86_64.whl (961 kB)
2021-04-28T12:32:41.2834504Z Collecting deprecated
2021-04-28T12:32:41.2912604Z   Downloading Deprecated-1.2.12-py2.py3-none-any.whl (9.5 kB)
2021-04-28T12:32:41.6140479Z Collecting cffi>=1.4.1
2021-04-28T12:32:41.6231198Z   Downloading cffi-1.14.5-cp39-cp39-manylinux1_x86_64.whl (406 kB)
2021-04-28T12:32:41.6602301Z Collecting pycparser
2021-04-28T12:32:41.6684643Z   Downloading pycparser-2.20-py2.py3-none-any.whl (112 kB)
2021-04-28T12:32:41.7310335Z Collecting idna<3,>=2.5
2021-04-28T12:32:41.7386144Z   Downloading idna-2.10-py2.py3-none-any.whl (58 kB)
2021-04-28T12:32:41.7798155Z Collecting certifi>=2017.4.17
2021-04-28T12:32:41.7876067Z   Downloading certifi-2020.12.5-py2.py3-none-any.whl (147 kB)
2021-04-28T12:32:41.8594058Z Collecting urllib3<1.27,>=1.21.1
2021-04-28T12:32:41.8672978Z   Downloading urllib3-1.26.4-py2.py3-none-any.whl (153 kB)
2021-04-28T12:32:42.3227866Z Collecting cryptography>=2.0
2021-04-28T12:32:42.3380203Z   Downloading cryptography-3.4.7-cp36-abi3-manylinux2014_x86_64.whl (3.2 MB)
2021-04-28T12:32:42.4945421Z Collecting future
2021-04-28T12:32:42.5017901Z   Downloading future-0.18.2.tar.gz (829 kB)
2021-04-28T12:32:42.8826945Z Requirement already satisfied: setuptools in /opt/hostedtoolcache/Python/3.9.4/x64/lib/python3.9/site-packages (from humanize->datalad~=0.14->tinuous==0+untagged.1.ga0dff29) (49.2.1)
2021-04-28T12:32:42.9858689Z Building wheels for collected packages: tinuous, datalad, wrapt, future, jsmin, simplejson
2021-04-28T12:32:42.9866992Z   Building wheel for tinuous (PEP 517): started
2021-04-28T12:32:43.2469578Z   Building wheel for tinuous (PEP 517): finished with status 'done'
2021-04-28T12:32:43.2471298Z   Created wheel for tinuous: filename=tinuous-0+untagged.1.ga0dff29-py3-none-any.whl size=14251 sha256=b5e67947f47f97f8913251437e89e857bbef5b20855b3238974dda125d4c8904
2021-04-28T12:32:43.2473318Z   Stored in directory: /tmp/pip-ephem-wheel-cache-sw5dtsgj/wheels/90/c4/03/917c42adcde0fda113460da55703d811beff51352ae68a48ef
2021-04-28T12:32:43.2477977Z   Building wheel for datalad (PEP 517): started
2021-04-28T12:32:44.0303939Z   Building wheel for datalad (PEP 517): finished with status 'done'
2021-04-28T12:32:44.0352253Z   Created wheel for datalad: filename=datalad-0.14.2-py3-none-any.whl size=1603393 sha256=cc7585b9561f65b410349bcd3c37a00c76520fc3e87ca808f5c0a5ea97bca407
2021-04-28T12:32:44.0354000Z   Stored in directory: /home/runner/.cache/pip/wheels/d8/48/3f/12d27b732161b109efb697a979af55e8c1808ea87d68839bda
2021-04-28T12:32:44.0399803Z   Building wheel for wrapt (setup.py): started
2021-04-28T12:32:45.0690970Z   Building wheel for wrapt (setup.py): finished with status 'done'
2021-04-28T12:32:45.0692691Z   Created wheel for wrapt: filename=wrapt-1.12.1-cp39-cp39-linux_x86_64.whl size=78693 sha256=851c8f258c630a4615f98de90675a6339320829283dee612f1596b0ea72819b6
2021-04-28T12:32:45.0694141Z   Stored in directory: /home/runner/.cache/pip/wheels/98/23/68/efe259aaca055e93b08e74fbe512819c69a2155c11ba3c0f10
2021-04-28T12:32:45.0695111Z   Building wheel for future (setup.py): started
2021-04-28T12:32:45.4795662Z   Building wheel for future (setup.py): finished with status 'done'
2021-04-28T12:32:45.4816398Z   Created wheel for future: filename=future-0.18.2-py3-none-any.whl size=491059 sha256=578b65b7d7a45c8c102470edc418bee78fd871aed73bd22909e3d403463af49c
2021-04-28T12:32:45.4819961Z   Stored in directory: /home/runner/.cache/pip/wheels/2f/a0/d3/4030d9f80e6b3be787f19fc911b8e7aa462986a40ab1e4bb94
2021-04-28T12:32:45.4858548Z   Building wheel for jsmin (setup.py): started
2021-04-28T12:32:46.7125965Z   Building wheel for jsmin (setup.py): finished with status 'done'
2021-04-28T12:32:46.7133899Z   Created wheel for jsmin: filename=jsmin-2.2.2-py3-none-any.whl size=13920 sha256=5793e7bf3b5aad5795fb68575a4fb278dc8c8005fb752f3da9c9d8dda3e25cb1
2021-04-28T12:32:46.7135677Z   Stored in directory: /home/runner/.cache/pip/wheels/40/dd/1e/fa3c36f3dda73beb0d0d2cd44ca9bf5119ea8881e99fc45e6d
2021-04-28T12:32:46.7153577Z   Building wheel for simplejson (setup.py): started
2021-04-28T12:32:47.9640577Z   Building wheel for simplejson (setup.py): finished with status 'done'
2021-04-28T12:32:47.9648352Z   Created wheel for simplejson: filename=simplejson-3.17.2-cp39-cp39-linux_x86_64.whl size=135295 sha256=f6b8df8b9034086988a4620cd170c5ff60fff77ee80aee11d1cbf17faca6d5ac
2021-04-28T12:32:47.9650295Z   Stored in directory: /home/runner/.cache/pip/wheels/a2/c7/6a/2dabbded050716dd50faef2145e3ffa509b0d3895899c599f5
2021-04-28T12:32:47.9672181Z Successfully built tinuous datalad wrapt future jsmin simplejson
2021-04-28T12:32:48.3232941Z Installing collected packages: pycparser, cffi, zipp, wrapt, urllib3, six, jeepney, idna, cryptography, chardet, certifi, SecretStorage, requests, pynacl, pyjwt, importlib-metadata, future, deprecated, whoosh, typing-extensions, tqdm, simplejson, PyGithub, patool, msgpack, keyrings.alt, keyring, jsmin, iso8601, humanize, fasteners, distro, click, boto, appdirs, annexremote, PyYAML, python-dateutil, pydantic, in-place, datalad, click-loglevel, tinuous
2021-04-28T12:32:51.9240393Z WARNING: Value for scheme.headers does not match. Please report this to <https://github.com/pypa/pip/issues/9617>
2021-04-28T12:32:51.9241271Z distutils: /opt/hostedtoolcache/Python/3.9.4/x64/include/python3.9/UNKNOWN
2021-04-28T12:32:51.9241952Z sysconfig: /opt/hostedtoolcache/Python/3.9.4/x64/include/python3.9
2021-04-28T12:32:51.9242504Z WARNING: Additional context:
2021-04-28T12:32:51.9242871Z user = False
2021-04-28T12:32:51.9243164Z home = None
2021-04-28T12:32:51.9243432Z root = None
2021-04-28T12:32:51.9243728Z prefix = None
2021-04-28T12:32:51.9400336Z Successfully installed PyGithub-1.55 PyYAML-5.4.1 SecretStorage-3.3.1 annexremote-1.5.0 appdirs-1.4.4 boto-2.49.0 certifi-2020.12.5 cffi-1.14.5 chardet-4.0.0 click-7.1.2 click-loglevel-0.3.0 cryptography-3.4.7 datalad-0.14.2 deprecated-1.2.12 distro-1.5.0 fasteners-0.16 future-0.18.2 humanize-3.4.1 idna-2.10 importlib-metadata-4.0.1 in-place-0.5.0 iso8601-0.1.14 jeepney-0.6.0 jsmin-2.2.2 keyring-23.0.1 keyrings.alt-4.0.2 msgpack-1.0.2 patool-1.12 pycparser-2.20 pydantic-1.8.1 pyjwt-2.1.0 pynacl-1.4.0 python-dateutil-2.8.1 requests-2.25.1 simplejson-3.17.2 six-1.15.0 tinuous-0+untagged.1.ga0dff29 tqdm-4.60.0 typing-extensions-3.7.4.3 urllib3-1.26.4 whoosh-2.7.4 wrapt-1.12.1 zipp-3.4.1
2021-04-28T12:32:52.0754041Z ##[group]Run tinuous --help
2021-04-28T12:32:52.0754526Z [36;1mtinuous --help[0m
2021-04-28T12:32:52.0788564Z shell: /usr/bin/bash -e {0}
2021-04-28T12:32:52.0788888Z env:
2021-04-28T12:32:52.0789423Z   pythonLocation: /opt/hostedtoolcache/Python/3.9.4/x64
2021-04-28T12:32:52.0790006Z   LD_LIBRARY_PATH: /opt/hostedtoolcache/Python/3.9.4/x64/lib
2021-04-28T12:32:52.0790447Z ##[endgroup]
2021-04-28T12:32:52.1832331Z It is highly recommended to configure Git before using DataLad. Set both 'user.name' and 'user.email' configuration variables.
2021-04-28T12:32:52.1834028Z It is highly recommended to configure Git before using DataLad. Set both 'user.name' and 'user.email' configuration variables.
2021-04-28T12:32:52.8158269Z Usage: tinuous [OPTIONS] COMMAND [ARGS]...
2021-04-28T12:32:52.8158974Z 
2021-04-28T12:32:52.8159679Z   Download build logs from GitHub Actions, Travis, and Appveyor
2021-04-28T12:32:52.8160234Z 
2021-04-28T12:32:52.8160709Z Options:
2021-04-28T12:32:52.8162053Z   -c, --config FILE               Read configuration from the given file
2021-04-28T12:32:52.8162886Z                                   [default: config.yml]
2021-04-28T12:32:52.8163338Z 
2021-04-28T12:32:52.8164183Z   -l, --log-level [NOTSET|DEBUG|INFO|WARNING|ERROR|CRITICAL]
2021-04-28T12:32:52.8164964Z                                   Set logging level  [default: INFO]
2021-04-28T12:32:52.8165813Z   --help                          Show this message and exit.
2021-04-28T12:32:52.8166329Z 
2021-04-28T12:32:52.8166799Z Commands:
2021-04-28T12:32:52.8167325Z   fetch     Download logs
2021-04-28T12:32:52.8167910Z   sanitize  Sanitize secrets in logs
2021-04-28T12:32:52.8611495Z ##[group]Run python -m pip install mypy
2021-04-28T12:32:52.8612051Z [36;1mpython -m pip install mypy[0m
2021-04-28T12:32:52.8648734Z shell: /usr/bin/bash -e {0}
2021-04-28T12:32:52.8649072Z env:
2021-04-28T12:32:52.8649524Z   pythonLocation: /opt/hostedtoolcache/Python/3.9.4/x64
2021-04-28T12:32:52.8650139Z   LD_LIBRARY_PATH: /opt/hostedtoolcache/Python/3.9.4/x64/lib
2021-04-28T12:32:52.8650591Z ##[endgroup]
2021-04-28T12:32:53.1583915Z WARNING: Value for scheme.headers does not match. Please report this to <https://github.com/pypa/pip/issues/9617>
2021-04-28T12:32:53.1584784Z distutils: /opt/hostedtoolcache/Python/3.9.4/x64/include/python3.9/UNKNOWN
2021-04-28T12:32:53.1585446Z sysconfig: /opt/hostedtoolcache/Python/3.9.4/x64/include/python3.9
2021-04-28T12:32:53.1585983Z WARNING: Additional context:
2021-04-28T12:32:53.1586344Z user = False
2021-04-28T12:32:53.1586622Z home = None
2021-04-28T12:32:53.1586909Z root = None
2021-04-28T12:32:53.1587190Z prefix = None
2021-04-28T12:32:53.3757794Z Collecting mypy
2021-04-28T12:32:53.4074655Z   Downloading mypy-0.812-cp39-cp39-manylinux2010_x86_64.whl (22.7 MB)
2021-04-28T12:32:54.0731626Z Collecting typed-ast<1.5.0,>=1.4.0
2021-04-28T12:32:54.0844949Z   Downloading typed_ast-1.4.3-cp39-cp39-manylinux1_x86_64.whl (769 kB)
2021-04-28T12:32:54.1001318Z Requirement already satisfied: typing-extensions>=3.7.4 in /opt/hostedtoolcache/Python/3.9.4/x64/lib/python3.9/site-packages (from mypy) (3.7.4.3)
2021-04-28T12:32:54.1244762Z Collecting mypy-extensions<0.5.0,>=0.4.3
2021-04-28T12:32:54.1314879Z   Downloading mypy_extensions-0.4.3-py2.py3-none-any.whl (4.5 kB)
2021-04-28T12:32:54.4713547Z Installing collected packages: typed-ast, mypy-extensions, mypy
2021-04-28T12:32:55.9317900Z WARNING: Value for scheme.headers does not match. Please report this to <https://github.com/pypa/pip/issues/9617>
2021-04-28T12:32:55.9319474Z distutils: /opt/hostedtoolcache/Python/3.9.4/x64/include/python3.9/UNKNOWN
2021-04-28T12:32:55.9320543Z sysconfig: /opt/hostedtoolcache/Python/3.9.4/x64/include/python3.9
2021-04-28T12:32:55.9321778Z WARNING: Additional context:
2021-04-28T12:32:55.9322451Z user = False
2021-04-28T12:32:55.9323017Z home = None
2021-04-28T12:32:55.9323552Z root = None
2021-04-28T12:32:55.9324122Z prefix = None
2021-04-28T12:32:55.9435512Z Successfully installed mypy-0.812 mypy-extensions-0.4.3 typed-ast-1.4.3
2021-04-28T12:32:56.0010727Z ##[group]Run mypy src
2021-04-28T12:32:56.0011159Z [36;1mmypy src[0m
2021-04-28T12:32:56.0049372Z shell: /usr/bin/bash -e {0}
2021-04-28T12:32:56.0049678Z env:
2021-04-28T12:32:56.0050119Z   pythonLocation: /opt/hostedtoolcache/Python/3.9.4/x64
2021-04-28T12:32:56.0050711Z   LD_LIBRARY_PATH: /opt/hostedtoolcache/Python/3.9.4/x64/lib
2021-04-28T12:32:56.0051137Z ##[endgroup]
2021-04-28T12:33:00.0472371Z Success: no issues found in 2 source files
2021-04-28T12:33:00.2582544Z Post job cleanup.
2021-04-28T12:33:00.3575271Z [command]/usr/bin/git version
2021-04-28T12:33:00.3618781Z git version 2.31.1
2021-04-28T12:33:00.3653400Z [command]/usr/bin/git config --local --name-only --get-regexp core\.sshCommand
2021-04-28T12:33:00.3682231Z [command]/usr/bin/git submodule foreach --recursive git config --local --name-only --get-regexp 'core\.sshCommand' && git config --local --unset-all 'core.sshCommand' || :
2021-04-28T12:33:00.3884787Z [command]/usr/bin/git config --local --name-only --get-regexp http\.https\:\/\/github\.com\/\.extraheader
2021-04-28T12:33:00.3906682Z http.https://github.com/.extraheader
2021-04-28T12:33:00.3919976Z [command]/usr/bin/git config --local --unset-all http.https://github.com/.extraheader
2021-04-28T12:33:00.4052765Z [command]/usr/bin/git submodule foreach --recursive git config --local --name-only --get-regexp 'http\.https\:\/\/github\.com\/\.extraheader' && git config --local --unset-all 'http.https://github.com/.extraheader' || :
2021-04-28T12:33:00.4302436Z Cleaning up orphan processes
