2022-10-17T15:11:51.7723716Z Requested labels: ubuntu-latest
2022-10-17T15:11:51.7723757Z Job defined at: con/tinuous/.github/workflows/test.yml@refs/heads/gh-152
2022-10-17T15:11:51.7723780Z Waiting for a runner to pick up this job...
2022-10-17T15:11:55.9739917Z Job is waiting for a hosted runner to come online.
2022-10-17T15:11:56.0777164Z Job is about to start running on the hosted runner: Hosted Agent (hosted)
2022-10-17T15:11:59.1210469Z Current runner version: '2.298.2'
2022-10-17T15:11:59.1241653Z ##[group]Operating System
2022-10-17T15:11:59.1242324Z Ubuntu
2022-10-17T15:11:59.1242684Z 20.04.5
2022-10-17T15:11:59.1242988Z LTS
2022-10-17T15:11:59.1243483Z ##[endgroup]
2022-10-17T15:11:59.1243889Z ##[group]Runner Image
2022-10-17T15:11:59.1244279Z Image: ubuntu-20.04
2022-10-17T15:11:59.1244697Z Version: 20221002.2
2022-10-17T15:11:59.1245392Z Included Software: https://github.com/actions/runner-images/blob/ubuntu20/20221002.2/images/linux/Ubuntu2004-Readme.md
2022-10-17T15:11:59.1246233Z Image Release: https://github.com/actions/runner-images/releases/tag/ubuntu20%2F20221002.2
2022-10-17T15:11:59.1246749Z ##[endgroup]
2022-10-17T15:11:59.1247183Z ##[group]Runner Image Provisioner
2022-10-17T15:11:59.1247618Z 2.0.78.1
2022-10-17T15:11:59.1248008Z ##[endgroup]
2022-10-17T15:11:59.1249262Z ##[group]GITHUB_TOKEN Permissions
2022-10-17T15:11:59.1250036Z Actions: write
2022-10-17T15:11:59.1250455Z Checks: write
2022-10-17T15:11:59.1251118Z Contents: write
2022-10-17T15:11:59.1251553Z Deployments: write
2022-10-17T15:11:59.1251988Z Discussions: write
2022-10-17T15:11:59.1252388Z Issues: write
2022-10-17T15:11:59.1252827Z Metadata: read
2022-10-17T15:11:59.1253173Z Packages: write
2022-10-17T15:11:59.1253575Z Pages: write
2022-10-17T15:11:59.1253985Z PullRequests: write
2022-10-17T15:11:59.1254399Z RepositoryProjects: write
2022-10-17T15:11:59.1254911Z SecurityEvents: write
2022-10-17T15:11:59.1255333Z Statuses: write
2022-10-17T15:11:59.1255734Z ##[endgroup]
2022-10-17T15:11:59.1260161Z Secret source: Actions
2022-10-17T15:11:59.1260910Z Prepare workflow directory
2022-10-17T15:11:59.2244534Z Prepare all required actions
2022-10-17T15:11:59.2461023Z Getting action download info
2022-10-17T15:11:59.5808082Z Download action repository 'actions/checkout@v3' (SHA:93ea575cb5d8a053eaa0ac8fa3b40d7e05a33cc8)
2022-10-17T15:12:00.7619292Z Download action repository 'actions/setup-python@v4' (SHA:13ae5bb136fac2878aff31522b9efb785519f984)
2022-10-17T15:12:02.0849780Z Download action repository 'codecov/codecov-action@v3' (SHA:d9f34f8cd5cb3b3eb79b3e4b5dae3a16df499a70)
2022-10-17T15:12:03.6683279Z ##[group]Run actions/checkout@v3
2022-10-17T15:12:03.6683599Z with:
2022-10-17T15:12:03.6683844Z   fetch-depth: 0
2022-10-17T15:12:03.6684107Z   repository: con/tinuous
2022-10-17T15:12:03.6684644Z   token: ***
2022-10-17T15:12:03.6684886Z   ssh-strict: true
2022-10-17T15:12:03.6685161Z   persist-credentials: true
2022-10-17T15:12:03.6685413Z   clean: true
2022-10-17T15:12:03.6685642Z   lfs: false
2022-10-17T15:12:03.6685880Z   submodules: false
2022-10-17T15:12:03.6686131Z   set-safe-directory: true
2022-10-17T15:12:03.6686400Z ##[endgroup]
2022-10-17T15:12:04.0115992Z Syncing repository: con/tinuous
2022-10-17T15:12:04.0118430Z ##[group]Getting Git version info
2022-10-17T15:12:04.0119068Z Working directory is '/home/runner/work/tinuous/tinuous'
2022-10-17T15:12:04.0119688Z [command]/usr/bin/git version
2022-10-17T15:12:04.0261222Z git version 2.37.3
2022-10-17T15:12:04.0289824Z ##[endgroup]
2022-10-17T15:12:04.0316118Z Temporarily overriding HOME='/home/runner/work/_temp/b6c9f7cb-810e-44ed-ba0f-9412e4442877' before making global git config changes
2022-10-17T15:12:04.0317112Z Adding repository directory to the temporary git global config as a safe directory
2022-10-17T15:12:04.0322693Z [command]/usr/bin/git config --global --add safe.directory /home/runner/work/tinuous/tinuous
2022-10-17T15:12:04.0376113Z Deleting the contents of '/home/runner/work/tinuous/tinuous'
2022-10-17T15:12:04.0383103Z ##[group]Initializing the repository
2022-10-17T15:12:04.0387207Z [command]/usr/bin/git init /home/runner/work/tinuous/tinuous
2022-10-17T15:12:04.0460754Z hint: Using 'master' as the name for the initial branch. This default branch name
2022-10-17T15:12:04.0461750Z hint: is subject to change. To configure the initial branch name to use in all
2022-10-17T15:12:04.0462279Z hint: of your new repositories, which will suppress this warning, call:
2022-10-17T15:12:04.0462665Z hint: 
2022-10-17T15:12:04.0463443Z hint: 	git config --global init.defaultBranch <name>
2022-10-17T15:12:04.0463759Z hint: 
2022-10-17T15:12:04.0464194Z hint: Names commonly chosen instead of 'master' are 'main', 'trunk' and
2022-10-17T15:12:04.0464747Z hint: 'development'. The just-created branch can be renamed via this command:
2022-10-17T15:12:04.0465064Z hint: 
2022-10-17T15:12:04.0465366Z hint: 	git branch -m <name>
2022-10-17T15:12:04.0478394Z Initialized empty Git repository in /home/runner/work/tinuous/tinuous/.git/
2022-10-17T15:12:04.0489156Z [command]/usr/bin/git remote add origin https://github.com/con/tinuous
2022-10-17T15:12:04.0538070Z ##[endgroup]
2022-10-17T15:12:04.0538914Z ##[group]Disabling automatic garbage collection
2022-10-17T15:12:04.0545181Z [command]/usr/bin/git config --local gc.auto 0
2022-10-17T15:12:04.0649294Z ##[endgroup]
2022-10-17T15:12:04.0649966Z ##[group]Setting up auth
2022-10-17T15:12:04.0650642Z [command]/usr/bin/git config --local --name-only --get-regexp core\.sshCommand
2022-10-17T15:12:04.0652778Z [command]/usr/bin/git submodule foreach --recursive git config --local --name-only --get-regexp 'core\.sshCommand' && git config --local --unset-all 'core.sshCommand' || :
2022-10-17T15:12:04.1053586Z [command]/usr/bin/git config --local --name-only --get-regexp http\.https\:\/\/github\.com\/\.extraheader
2022-10-17T15:12:04.1092984Z [command]/usr/bin/git submodule foreach --recursive git config --local --name-only --get-regexp 'http\.https\:\/\/github\.com\/\.extraheader' && git config --local --unset-all 'http.https://github.com/.extraheader' || :
2022-10-17T15:12:04.1356179Z [command]/usr/bin/git config --local http.https://github.com/.extraheader AUTHORIZATION: basic ***
2022-10-17T15:12:04.1413095Z ##[endgroup]
2022-10-17T15:12:04.1413612Z ##[group]Fetching the repository
2022-10-17T15:12:04.1422659Z [command]/usr/bin/git -c protocol.version=2 fetch --prune --progress --no-recurse-submodules origin +refs/heads/*:refs/remotes/origin/* +refs/tags/*:refs/tags/*
2022-10-17T15:12:05.0345643Z remote: Enumerating objects: 1014, done.        
2022-10-17T15:12:05.0347563Z remote: Counting objects:   0% (1/236)        
2022-10-17T15:12:05.0349273Z remote: Counting objects:   1% (3/236)        
2022-10-17T15:12:05.0350116Z remote: Counting objects:   2% (5/236)        
2022-10-17T15:12:05.0350887Z remote: Counting objects:   3% (8/236)        
2022-10-17T15:12:05.0351713Z remote: Counting objects:   4% (10/236)        
2022-10-17T15:12:05.0352591Z remote: Counting objects:   5% (12/236)        
2022-10-17T15:12:05.0356711Z remote: Counting objects:   6% (15/236)        
2022-10-17T15:12:05.0377854Z remote: Counting objects:   7% (17/236)        
2022-10-17T15:12:05.0380096Z remote: Counting objects:   8% (19/236)        
2022-10-17T15:12:05.0380454Z remote: Counting objects:   9% (22/236)        
2022-10-17T15:12:05.0380780Z remote: Counting objects:  10% (24/236)        
2022-10-17T15:12:05.0381164Z remote: Counting objects:  11% (26/236)        
2022-10-17T15:12:05.0381495Z remote: Counting objects:  12% (29/236)        
2022-10-17T15:12:05.0381851Z remote: Counting objects:  13% (31/236)        
2022-10-17T15:12:05.0382188Z remote: Counting objects:  14% (34/236)        
2022-10-17T15:12:05.0382497Z remote: Counting objects:  15% (36/236)        
2022-10-17T15:12:05.0382814Z remote: Counting objects:  16% (38/236)        
2022-10-17T15:12:05.0383111Z remote: Counting objects:  17% (41/236)        
2022-10-17T15:12:05.0383414Z remote: Counting objects:  18% (43/236)        
2022-10-17T15:12:05.0383727Z remote: Counting objects:  19% (45/236)        
2022-10-17T15:12:05.0384014Z remote: Counting objects:  20% (48/236)        
2022-10-17T15:12:05.0384316Z remote: Counting objects:  21% (50/236)        
2022-10-17T15:12:05.0384622Z remote: Counting objects:  22% (52/236)        
2022-10-17T15:12:05.0384926Z remote: Counting objects:  23% (55/236)        
2022-10-17T15:12:05.0385216Z remote: Counting objects:  24% (57/236)        
2022-10-17T15:12:05.0385516Z remote: Counting objects:  25% (59/236)        
2022-10-17T15:12:05.0386073Z remote: Counting objects:  26% (62/236)        
2022-10-17T15:12:05.0386373Z remote: Counting objects:  27% (64/236)        
2022-10-17T15:12:05.0386692Z remote: Counting objects:  28% (67/236)        
2022-10-17T15:12:05.0386993Z remote: Counting objects:  29% (69/236)        
2022-10-17T15:12:05.0387281Z remote: Counting objects:  30% (71/236)        
2022-10-17T15:12:05.0387582Z remote: Counting objects:  31% (74/236)        
2022-10-17T15:12:05.0387883Z remote: Counting objects:  32% (76/236)        
2022-10-17T15:12:05.0388174Z remote: Counting objects:  33% (78/236)        
2022-10-17T15:12:05.0388477Z remote: Counting objects:  34% (81/236)        
2022-10-17T15:12:05.0388778Z remote: Counting objects:  35% (83/236)        
2022-10-17T15:12:05.0389082Z remote: Counting objects:  36% (85/236)        
2022-10-17T15:12:05.0389369Z remote: Counting objects:  37% (88/236)        
2022-10-17T15:12:05.0389668Z remote: Counting objects:  38% (90/236)        
2022-10-17T15:12:05.0389974Z remote: Counting objects:  39% (93/236)        
2022-10-17T15:12:05.0390265Z remote: Counting objects:  40% (95/236)        
2022-10-17T15:12:05.0390563Z remote: Counting objects:  41% (97/236)        
2022-10-17T15:12:05.0390874Z remote: Counting objects:  42% (100/236)        
2022-10-17T15:12:05.0391179Z remote: Counting objects:  43% (102/236)        
2022-10-17T15:12:05.0391496Z remote: Counting objects:  44% (104/236)        
2022-10-17T15:12:05.0391813Z remote: Counting objects:  45% (107/236)        
2022-10-17T15:12:05.0392113Z remote: Counting objects:  46% (109/236)        
2022-10-17T15:12:05.0392429Z remote: Counting objects:  47% (111/236)        
2022-10-17T15:12:05.0392735Z remote: Counting objects:  48% (114/236)        
2022-10-17T15:12:05.0393041Z remote: Counting objects:  49% (116/236)        
2022-10-17T15:12:05.0393333Z remote: Counting objects:  50% (118/236)        
2022-10-17T15:12:05.0393640Z remote: Counting objects:  51% (121/236)        
2022-10-17T15:12:05.0393948Z remote: Counting objects:  52% (123/236)        
2022-10-17T15:12:05.0394396Z remote: Counting objects:  53% (126/236)        
2022-10-17T15:12:05.0394712Z remote: Counting objects:  54% (128/236)        
2022-10-17T15:12:05.0395023Z remote: Counting objects:  55% (130/236)        
2022-10-17T15:12:05.0395314Z remote: Counting objects:  56% (133/236)        
2022-10-17T15:12:05.0395620Z remote: Counting objects:  57% (135/236)        
2022-10-17T15:12:05.0395939Z remote: Counting objects:  58% (137/236)        
2022-10-17T15:12:05.0396240Z remote: Counting objects:  59% (140/236)        
2022-10-17T15:12:05.0396550Z remote: Counting objects:  60% (142/236)        
2022-10-17T15:12:05.0396854Z remote: Counting objects:  61% (144/236)        
2022-10-17T15:12:05.0397158Z remote: Counting objects:  62% (147/236)        
2022-10-17T15:12:05.0397448Z remote: Counting objects:  63% (149/236)        
2022-10-17T15:12:05.0397758Z remote: Counting objects:  64% (152/236)        
2022-10-17T15:12:05.0398065Z remote: Counting objects:  65% (154/236)        
2022-10-17T15:12:05.0398359Z remote: Counting objects:  66% (156/236)        
2022-10-17T15:12:05.0398663Z remote: Counting objects:  67% (159/236)        
2022-10-17T15:12:05.0398967Z remote: Counting objects:  68% (161/236)        
2022-10-17T15:12:05.0399258Z remote: Counting objects:  69% (163/236)        
2022-10-17T15:12:05.0399559Z remote: Counting objects:  70% (166/236)        
2022-10-17T15:12:05.0399870Z remote: Counting objects:  71% (168/236)        
2022-10-17T15:12:05.0400158Z remote: Counting objects:  72% (170/236)        
2022-10-17T15:12:05.0400462Z remote: Counting objects:  73% (173/236)        
2022-10-17T15:12:05.0400766Z remote: Counting objects:  74% (175/236)        
2022-10-17T15:12:05.0401068Z remote: Counting objects:  75% (177/236)        
2022-10-17T15:12:05.0401359Z remote: Counting objects:  76% (180/236)        
2022-10-17T15:12:05.0401664Z remote: Counting objects:  77% (182/236)        
2022-10-17T15:12:05.0401969Z remote: Counting objects:  78% (185/236)        
2022-10-17T15:12:05.0402342Z remote: Counting objects:  79% (187/236)        
2022-10-17T15:12:05.0402649Z remote: Counting objects:  80% (189/236)        
2022-10-17T15:12:05.0402953Z remote: Counting objects:  81% (192/236)        
2022-10-17T15:12:05.0403252Z remote: Counting objects:  82% (194/236)        
2022-10-17T15:12:05.0403611Z remote: Counting objects:  83% (196/236)        
2022-10-17T15:12:05.0403921Z remote: Counting objects:  84% (199/236)        
2022-10-17T15:12:05.0404229Z remote: Counting objects:  85% (201/236)        
2022-10-17T15:12:05.0404522Z remote: Counting objects:  86% (203/236)        
2022-10-17T15:12:05.0404830Z remote: Counting objects:  87% (206/236)        
2022-10-17T15:12:05.0405136Z remote: Counting objects:  88% (208/236)        
2022-10-17T15:12:05.0405425Z remote: Counting objects:  89% (211/236)        
2022-10-17T15:12:05.0405732Z remote: Counting objects:  90% (213/236)        
2022-10-17T15:12:05.0406047Z remote: Counting objects:  91% (215/236)        
2022-10-17T15:12:05.0406342Z remote: Counting objects:  92% (218/236)        
2022-10-17T15:12:05.0406646Z remote: Counting objects:  93% (220/236)        
2022-10-17T15:12:05.0406953Z remote: Counting objects:  94% (222/236)        
2022-10-17T15:12:05.0407240Z remote: Counting objects:  95% (225/236)        
2022-10-17T15:12:05.0407546Z remote: Counting objects:  96% (227/236)        
2022-10-17T15:12:05.0407853Z remote: Counting objects:  97% (229/236)        
2022-10-17T15:12:05.0408161Z remote: Counting objects:  98% (232/236)        
2022-10-17T15:12:05.0422936Z remote: Counting objects:  99% (234/236)        
2022-10-17T15:12:05.0423284Z remote: Counting objects: 100% (236/236)        
2022-10-17T15:12:05.0423623Z remote: Counting objects: 100% (236/236), done.        
2022-10-17T15:12:05.0423962Z remote: Compressing objects:   0% (1/162)        
2022-10-17T15:12:05.0424292Z remote: Compressing objects:   1% (2/162)        
2022-10-17T15:12:05.0424617Z remote: Compressing objects:   2% (4/162)        
2022-10-17T15:12:05.0424941Z remote: Compressing objects:   3% (5/162)        
2022-10-17T15:12:05.0425567Z remote: Compressing objects:   4% (7/162)        
2022-10-17T15:12:05.0425877Z remote: Compressing objects:   5% (9/162)        
2022-10-17T15:12:05.0426167Z remote: Compressing objects:   6% (10/162)        
2022-10-17T15:12:05.0426481Z remote: Compressing objects:   7% (12/162)        
2022-10-17T15:12:05.0426832Z remote: Compressing objects:   8% (13/162)        
2022-10-17T15:12:05.0427143Z remote: Compressing objects:   9% (15/162)        
2022-10-17T15:12:05.0427430Z remote: Compressing objects:  10% (17/162)        
2022-10-17T15:12:05.0427782Z remote: Compressing objects:  11% (18/162)        
2022-10-17T15:12:05.0428082Z remote: Compressing objects:  12% (20/162)        
2022-10-17T15:12:05.0428387Z remote: Compressing objects:  13% (22/162)        
2022-10-17T15:12:05.0428672Z remote: Compressing objects:  14% (23/162)        
2022-10-17T15:12:05.0428975Z remote: Compressing objects:  15% (25/162)        
2022-10-17T15:12:05.0429286Z remote: Compressing objects:  16% (26/162)        
2022-10-17T15:12:05.0429578Z remote: Compressing objects:  17% (28/162)        
2022-10-17T15:12:05.0429878Z remote: Compressing objects:  18% (30/162)        
2022-10-17T15:12:05.0430171Z remote: Compressing objects:  19% (31/162)        
2022-10-17T15:12:05.0430470Z remote: Compressing objects:  20% (33/162)        
2022-10-17T15:12:05.0430751Z remote: Compressing objects:  21% (35/162)        
2022-10-17T15:12:05.0431050Z remote: Compressing objects:  22% (36/162)        
2022-10-17T15:12:05.0431348Z remote: Compressing objects:  23% (38/162)        
2022-10-17T15:12:05.0431631Z remote: Compressing objects:  24% (39/162)        
2022-10-17T15:12:05.0432116Z remote: Compressing objects:  25% (41/162)        
2022-10-17T15:12:05.0432434Z remote: Compressing objects:  26% (43/162)        
2022-10-17T15:12:05.0432737Z remote: Compressing objects:  27% (44/162)        
2022-10-17T15:12:05.0433056Z remote: Compressing objects:  28% (46/162)        
2022-10-17T15:12:05.0433475Z remote: Compressing objects:  29% (47/162)        
2022-10-17T15:12:05.0433778Z remote: Compressing objects:  30% (49/162)        
2022-10-17T15:12:05.0434096Z remote: Compressing objects:  31% (51/162)        
2022-10-17T15:12:05.0434413Z remote: Compressing objects:  32% (52/162)        
2022-10-17T15:12:05.0434735Z remote: Compressing objects:  33% (54/162)        
2022-10-17T15:12:05.0435039Z remote: Compressing objects:  34% (56/162)        
2022-10-17T15:12:05.0435362Z remote: Compressing objects:  35% (57/162)        
2022-10-17T15:12:05.0435689Z remote: Compressing objects:  36% (59/162)        
2022-10-17T15:12:05.0435997Z remote: Compressing objects:  37% (60/162)        
2022-10-17T15:12:05.0436378Z remote: Compressing objects:  38% (62/162)        
2022-10-17T15:12:05.0436685Z remote: Compressing objects:  39% (64/162)        
2022-10-17T15:12:05.0437009Z remote: Compressing objects:  40% (65/162)        
2022-10-17T15:12:05.0437335Z remote: Compressing objects:  41% (67/162)        
2022-10-17T15:12:05.0437648Z remote: Compressing objects:  42% (69/162)        
2022-10-17T15:12:05.0437975Z remote: Compressing objects:  43% (70/162)        
2022-10-17T15:12:05.0438300Z remote: Compressing objects:  44% (72/162)        
2022-10-17T15:12:05.0438606Z remote: Compressing objects:  45% (73/162)        
2022-10-17T15:12:05.0438928Z remote: Compressing objects:  46% (75/162)        
2022-10-17T15:12:05.0439248Z remote: Compressing objects:  47% (77/162)        
2022-10-17T15:12:05.0439567Z remote: Compressing objects:  48% (78/162)        
2022-10-17T15:12:05.0439872Z remote: Compressing objects:  49% (80/162)        
2022-10-17T15:12:05.0440246Z remote: Compressing objects:  50% (81/162)        
2022-10-17T15:12:05.0440572Z remote: Compressing objects:  51% (83/162)        
2022-10-17T15:12:05.0440877Z remote: Compressing objects:  52% (85/162)        
2022-10-17T15:12:05.0441198Z remote: Compressing objects:  53% (86/162)        
2022-10-17T15:12:05.0441521Z remote: Compressing objects:  54% (88/162)        
2022-10-17T15:12:05.0441893Z remote: Compressing objects:  55% (90/162)        
2022-10-17T15:12:05.0442218Z remote: Compressing objects:  56% (91/162)        
2022-10-17T15:12:05.0442537Z remote: Compressing objects:  57% (93/162)        
2022-10-17T15:12:05.0442858Z remote: Compressing objects:  58% (94/162)        
2022-10-17T15:12:05.0443163Z remote: Compressing objects:  59% (96/162)        
2022-10-17T15:12:05.0443485Z remote: Compressing objects:  60% (98/162)        
2022-10-17T15:12:05.0443806Z remote: Compressing objects:  61% (99/162)        
2022-10-17T15:12:05.0444114Z remote: Compressing objects:  62% (101/162)        
2022-10-17T15:12:05.0444447Z remote: Compressing objects:  63% (103/162)        
2022-10-17T15:12:05.0444780Z remote: Compressing objects:  64% (104/162)        
2022-10-17T15:12:05.0445090Z remote: Compressing objects:  65% (106/162)        
2022-10-17T15:12:05.0445421Z remote: Compressing objects:  66% (107/162)        
2022-10-17T15:12:05.0445750Z remote: Compressing objects:  67% (109/162)        
2022-10-17T15:12:05.0446058Z remote: Compressing objects:  68% (111/162)        
2022-10-17T15:12:05.0446380Z remote: Compressing objects:  69% (112/162)        
2022-10-17T15:12:05.0446702Z remote: Compressing objects:  70% (114/162)        
2022-10-17T15:12:05.0447029Z remote: Compressing objects:  71% (116/162)        
2022-10-17T15:12:05.0447336Z remote: Compressing objects:  72% (117/162)        
2022-10-17T15:12:05.0447655Z remote: Compressing objects:  73% (119/162)        
2022-10-17T15:12:05.0447976Z remote: Compressing objects:  74% (120/162)        
2022-10-17T15:12:05.0448280Z remote: Compressing objects:  75% (122/162)        
2022-10-17T15:12:05.0448605Z remote: Compressing objects:  76% (124/162)        
2022-10-17T15:12:05.0448925Z remote: Compressing objects:  77% (125/162)        
2022-10-17T15:12:05.0449232Z remote: Compressing objects:  78% (127/162)        
2022-10-17T15:12:05.0966799Z remote: Compressing objects:  79% (128/162)        
2022-10-17T15:12:05.0967949Z remote: Compressing objects:  80% (130/162)        
2022-10-17T15:12:05.0968535Z remote: Compressing objects:  81% (132/162)        
2022-10-17T15:12:05.0969091Z remote: Compressing objects:  82% (133/162)        
2022-10-17T15:12:05.0969668Z remote: Compressing objects:  83% (135/162)        
2022-10-17T15:12:05.0970235Z remote: Compressing objects:  84% (137/162)        
2022-10-17T15:12:05.0970778Z remote: Compressing objects:  85% (138/162)        
2022-10-17T15:12:05.0971345Z remote: Compressing objects:  86% (140/162)        
2022-10-17T15:12:05.0971909Z remote: Compressing objects:  87% (141/162)        
2022-10-17T15:12:05.0972475Z remote: Compressing objects:  88% (143/162)        
2022-10-17T15:12:05.0973010Z remote: Compressing objects:  89% (145/162)        
2022-10-17T15:12:05.0973571Z remote: Compressing objects:  90% (146/162)        
2022-10-17T15:12:05.0974135Z remote: Compressing objects:  91% (148/162)        
2022-10-17T15:12:05.0974678Z remote: Compressing objects:  92% (150/162)        
2022-10-17T15:12:05.0975238Z remote: Compressing objects:  93% (151/162)        
2022-10-17T15:12:05.0975804Z remote: Compressing objects:  94% (153/162)        
2022-10-17T15:12:05.0976338Z remote: Compressing objects:  95% (154/162)        
2022-10-17T15:12:05.0976902Z remote: Compressing objects:  96% (156/162)        
2022-10-17T15:12:05.0977456Z remote: Compressing objects:  97% (158/162)        
2022-10-17T15:12:05.0977994Z remote: Compressing objects:  98% (159/162)        
2022-10-17T15:12:05.0978548Z remote: Compressing objects:  99% (161/162)        
2022-10-17T15:12:05.0979101Z remote: Compressing objects: 100% (162/162)        
2022-10-17T15:12:05.0980049Z remote: Compressing objects: 100% (162/162), done.        
2022-10-17T15:12:05.1120490Z Receiving objects:   0% (1/1014)
2022-10-17T15:12:05.1122082Z Receiving objects:   1% (11/1014)
2022-10-17T15:12:05.1123650Z Receiving objects:   2% (21/1014)
2022-10-17T15:12:05.1152233Z Receiving objects:   3% (31/1014)
2022-10-17T15:12:05.1154190Z Receiving objects:   4% (41/1014)
2022-10-17T15:12:05.1155317Z Receiving objects:   5% (51/1014)
2022-10-17T15:12:05.1824623Z Receiving objects:   6% (61/1014)
2022-10-17T15:12:05.1825627Z Receiving objects:   7% (71/1014)
2022-10-17T15:12:05.1831841Z Receiving objects:   8% (82/1014)
2022-10-17T15:12:05.1832764Z Receiving objects:   9% (92/1014)
2022-10-17T15:12:05.1843932Z Receiving objects:  10% (102/1014)
2022-10-17T15:12:05.1844934Z Receiving objects:  11% (112/1014)
2022-10-17T15:12:05.1854090Z Receiving objects:  12% (122/1014)
2022-10-17T15:12:05.1855292Z Receiving objects:  13% (132/1014)
2022-10-17T15:12:05.1856798Z Receiving objects:  14% (142/1014)
2022-10-17T15:12:05.1858942Z Receiving objects:  15% (153/1014)
2022-10-17T15:12:05.1859954Z Receiving objects:  16% (163/1014)
2022-10-17T15:12:05.1860627Z Receiving objects:  17% (173/1014)
2022-10-17T15:12:05.1861705Z Receiving objects:  18% (183/1014)
2022-10-17T15:12:05.1863056Z Receiving objects:  19% (193/1014)
2022-10-17T15:12:05.1899417Z Receiving objects:  20% (203/1014)
2022-10-17T15:12:05.1903642Z Receiving objects:  21% (213/1014)
2022-10-17T15:12:05.1904473Z Receiving objects:  22% (224/1014)
2022-10-17T15:12:05.1905284Z Receiving objects:  23% (234/1014)
2022-10-17T15:12:05.1905695Z Receiving objects:  24% (244/1014)
2022-10-17T15:12:05.1905959Z Receiving objects:  25% (254/1014)
2022-10-17T15:12:05.2454079Z Receiving objects:  26% (264/1014)
2022-10-17T15:12:05.2454533Z Receiving objects:  27% (274/1014)
2022-10-17T15:12:05.2457488Z Receiving objects:  28% (284/1014)
2022-10-17T15:12:05.2559862Z Receiving objects:  29% (295/1014)
2022-10-17T15:12:05.2560324Z Receiving objects:  30% (305/1014)
2022-10-17T15:12:05.2561044Z Receiving objects:  31% (315/1014)
2022-10-17T15:12:05.2561667Z Receiving objects:  32% (325/1014)
2022-10-17T15:12:05.2562278Z Receiving objects:  33% (335/1014)
2022-10-17T15:12:05.2562884Z Receiving objects:  34% (345/1014)
2022-10-17T15:12:05.2563487Z Receiving objects:  35% (355/1014)
2022-10-17T15:12:05.2564019Z Receiving objects:  36% (366/1014)
2022-10-17T15:12:05.2565176Z Receiving objects:  37% (376/1014)
2022-10-17T15:12:05.2565884Z Receiving objects:  38% (386/1014)
2022-10-17T15:12:05.2566386Z Receiving objects:  39% (396/1014)
2022-10-17T15:12:05.2612427Z Receiving objects:  40% (406/1014)
2022-10-17T15:12:05.2612754Z Receiving objects:  41% (416/1014)
2022-10-17T15:12:05.2613046Z Receiving objects:  42% (426/1014)
2022-10-17T15:12:05.2613315Z Receiving objects:  43% (437/1014)
2022-10-17T15:12:05.2620279Z Receiving objects:  44% (447/1014)
2022-10-17T15:12:05.2620597Z Receiving objects:  45% (457/1014)
2022-10-17T15:12:05.2620871Z Receiving objects:  46% (467/1014)
2022-10-17T15:12:05.2621163Z Receiving objects:  47% (477/1014)
2022-10-17T15:12:05.2621447Z Receiving objects:  48% (487/1014)
2022-10-17T15:12:05.2621710Z Receiving objects:  49% (497/1014)
2022-10-17T15:12:05.2621993Z Receiving objects:  50% (507/1014)
2022-10-17T15:12:05.2622272Z Receiving objects:  51% (518/1014)
2022-10-17T15:12:05.2622548Z Receiving objects:  52% (528/1014)
2022-10-17T15:12:05.2622831Z Receiving objects:  53% (538/1014)
2022-10-17T15:12:05.2623108Z Receiving objects:  54% (548/1014)
2022-10-17T15:12:05.2623366Z Receiving objects:  55% (558/1014)
2022-10-17T15:12:05.2623639Z Receiving objects:  56% (568/1014)
2022-10-17T15:12:05.2623912Z Receiving objects:  57% (578/1014)
2022-10-17T15:12:05.2637246Z Receiving objects:  58% (589/1014)
2022-10-17T15:12:05.2637553Z Receiving objects:  59% (599/1014)
2022-10-17T15:12:05.2637844Z Receiving objects:  60% (609/1014)
2022-10-17T15:12:05.2638127Z Receiving objects:  61% (619/1014)
2022-10-17T15:12:05.2638395Z Receiving objects:  62% (629/1014)
2022-10-17T15:12:05.2638680Z Receiving objects:  63% (639/1014)
2022-10-17T15:12:05.2638959Z Receiving objects:  64% (649/1014)
2022-10-17T15:12:05.2642315Z Receiving objects:  65% (660/1014)
2022-10-17T15:12:05.2642623Z Receiving objects:  66% (670/1014)
2022-10-17T15:12:05.2642911Z Receiving objects:  67% (680/1014)
2022-10-17T15:12:05.2643303Z Receiving objects:  68% (690/1014)
2022-10-17T15:12:05.2643779Z Receiving objects:  69% (700/1014)
2022-10-17T15:12:05.2644128Z Receiving objects:  70% (710/1014)
2022-10-17T15:12:05.2647377Z Receiving objects:  71% (720/1014)
2022-10-17T15:12:05.2647653Z Receiving objects:  72% (731/1014)
2022-10-17T15:12:05.2647932Z Receiving objects:  73% (741/1014)
2022-10-17T15:12:05.2648209Z Receiving objects:  74% (751/1014)
2022-10-17T15:12:05.3195316Z Receiving objects:  75% (761/1014)
2022-10-17T15:12:05.3198405Z Receiving objects:  76% (771/1014)
2022-10-17T15:12:05.3200825Z Receiving objects:  77% (781/1014)
2022-10-17T15:12:05.3206540Z Receiving objects:  78% (791/1014)
2022-10-17T15:12:05.3208482Z Receiving objects:  79% (802/1014)
2022-10-17T15:12:05.3209546Z Receiving objects:  80% (812/1014)
2022-10-17T15:12:05.3212552Z Receiving objects:  81% (822/1014)
2022-10-17T15:12:05.3215418Z Receiving objects:  82% (832/1014)
2022-10-17T15:12:05.3303777Z Receiving objects:  83% (842/1014)
2022-10-17T15:12:05.3304118Z Receiving objects:  84% (852/1014)
2022-10-17T15:12:05.3304417Z Receiving objects:  85% (862/1014)
2022-10-17T15:12:05.3305853Z Receiving objects:  86% (873/1014)
2022-10-17T15:12:05.3306137Z Receiving objects:  87% (883/1014)
2022-10-17T15:12:05.3306419Z Receiving objects:  88% (893/1014)
2022-10-17T15:12:05.3306680Z Receiving objects:  89% (903/1014)
2022-10-17T15:12:05.3306958Z Receiving objects:  90% (913/1014)
2022-10-17T15:12:05.3309805Z Receiving objects:  91% (923/1014)
2022-10-17T15:12:05.3311957Z Receiving objects:  92% (933/1014)
2022-10-17T15:12:05.3312426Z Receiving objects:  93% (944/1014)
2022-10-17T15:12:05.3371293Z Receiving objects:  94% (954/1014)
2022-10-17T15:12:05.3371598Z Receiving objects:  95% (964/1014)
2022-10-17T15:12:05.3371853Z Receiving objects:  96% (974/1014)
2022-10-17T15:12:05.3372119Z Receiving objects:  97% (984/1014)
2022-10-17T15:12:05.3372756Z Receiving objects:  98% (994/1014)
2022-10-17T15:12:05.3373424Z remote: Total 1014 (delta 87), reused 93 (delta 66), pack-reused 778        
2022-10-17T15:12:05.3373954Z Receiving objects:  99% (1004/1014)
2022-10-17T15:12:05.3374225Z Receiving objects: 100% (1014/1014)
2022-10-17T15:12:05.3374515Z Receiving objects: 100% (1014/1014), 253.10 KiB | 1.10 MiB/s, done.
2022-10-17T15:12:05.3374815Z Resolving deltas:   0% (0/556)
2022-10-17T15:12:05.3375069Z Resolving deltas:   1% (6/556)
2022-10-17T15:12:05.3375328Z Resolving deltas:   2% (12/556)
2022-10-17T15:12:05.3375570Z Resolving deltas:   3% (17/556)
2022-10-17T15:12:05.3375826Z Resolving deltas:   4% (23/556)
2022-10-17T15:12:05.3376075Z Resolving deltas:   5% (28/556)
2022-10-17T15:12:05.3376313Z Resolving deltas:   6% (34/556)
2022-10-17T15:12:05.3377006Z Resolving deltas:   7% (39/556)
2022-10-17T15:12:05.3377263Z Resolving deltas:   8% (45/556)
2022-10-17T15:12:05.3377499Z Resolving deltas:   9% (51/556)
2022-10-17T15:12:05.3377750Z Resolving deltas:  10% (56/556)
2022-10-17T15:12:05.3378326Z Resolving deltas:  11% (62/556)
2022-10-17T15:12:05.3378570Z Resolving deltas:  12% (67/556)
2022-10-17T15:12:05.3379145Z Resolving deltas:  13% (73/556)
2022-10-17T15:12:05.3380667Z Resolving deltas:  14% (78/556)
2022-10-17T15:12:05.3385755Z Resolving deltas:  15% (84/556)
2022-10-17T15:12:05.3386015Z Resolving deltas:  16% (89/556)
2022-10-17T15:12:05.3386271Z Resolving deltas:  17% (95/556)
2022-10-17T15:12:05.3387615Z Resolving deltas:  18% (101/556)
2022-10-17T15:12:05.3387878Z Resolving deltas:  19% (106/556)
2022-10-17T15:12:05.3389827Z Resolving deltas:  20% (112/556)
2022-10-17T15:12:05.3390094Z Resolving deltas:  21% (117/556)
2022-10-17T15:12:05.3390338Z Resolving deltas:  22% (123/556)
2022-10-17T15:12:05.3390595Z Resolving deltas:  23% (128/556)
2022-10-17T15:12:05.3391371Z Resolving deltas:  24% (134/556)
2022-10-17T15:12:05.3392649Z Resolving deltas:  25% (140/556)
2022-10-17T15:12:05.3392915Z Resolving deltas:  26% (145/556)
2022-10-17T15:12:05.3393169Z Resolving deltas:  27% (151/556)
2022-10-17T15:12:05.3393423Z Resolving deltas:  28% (156/556)
2022-10-17T15:12:05.3394079Z Resolving deltas:  29% (162/556)
2022-10-17T15:12:05.3398842Z Resolving deltas:  30% (167/556)
2022-10-17T15:12:05.3402116Z Resolving deltas:  31% (173/556)
2022-10-17T15:12:05.3406727Z Resolving deltas:  32% (178/556)
2022-10-17T15:12:05.3411448Z Resolving deltas:  33% (184/556)
2022-10-17T15:12:05.3412750Z Resolving deltas:  34% (190/556)
2022-10-17T15:12:05.3413017Z Resolving deltas:  35% (195/556)
2022-10-17T15:12:05.3413690Z Resolving deltas:  36% (201/556)
2022-10-17T15:12:05.3416098Z Resolving deltas:  37% (206/556)
2022-10-17T15:12:05.3416371Z Resolving deltas:  38% (212/556)
2022-10-17T15:12:05.3418443Z Resolving deltas:  39% (217/556)
2022-10-17T15:12:05.3420775Z Resolving deltas:  40% (223/556)
2022-10-17T15:12:05.3422798Z Resolving deltas:  41% (228/556)
2022-10-17T15:12:05.3425213Z Resolving deltas:  42% (234/556)
2022-10-17T15:12:05.3425464Z Resolving deltas:  43% (240/556)
2022-10-17T15:12:05.3427269Z Resolving deltas:  44% (245/556)
2022-10-17T15:12:05.3430255Z Resolving deltas:  45% (251/556)
2022-10-17T15:12:05.3432963Z Resolving deltas:  46% (256/556)
2022-10-17T15:12:05.3433230Z Resolving deltas:  47% (262/556)
2022-10-17T15:12:05.3437400Z Resolving deltas:  48% (267/556)
2022-10-17T15:12:05.3437676Z Resolving deltas:  49% (273/556)
2022-10-17T15:12:05.3448163Z Resolving deltas:  50% (278/556)
2022-10-17T15:12:05.3448472Z Resolving deltas:  51% (284/556)
2022-10-17T15:12:05.3451633Z Resolving deltas:  52% (290/556)
2022-10-17T15:12:05.3457434Z Resolving deltas:  53% (295/556)
2022-10-17T15:12:05.3457735Z Resolving deltas:  54% (301/556)
2022-10-17T15:12:05.3464119Z Resolving deltas:  55% (306/556)
2022-10-17T15:12:05.3467284Z Resolving deltas:  56% (312/556)
2022-10-17T15:12:05.3471386Z Resolving deltas:  57% (317/556)
2022-10-17T15:12:05.3475505Z Resolving deltas:  58% (323/556)
2022-10-17T15:12:05.3478014Z Resolving deltas:  59% (329/556)
2022-10-17T15:12:05.3481435Z Resolving deltas:  60% (334/556)
2022-10-17T15:12:05.3484556Z Resolving deltas:  61% (340/556)
2022-10-17T15:12:05.3487287Z Resolving deltas:  62% (345/556)
2022-10-17T15:12:05.3490004Z Resolving deltas:  63% (351/556)
2022-10-17T15:12:05.3494010Z Resolving deltas:  64% (356/556)
2022-10-17T15:12:05.3497563Z Resolving deltas:  65% (362/556)
2022-10-17T15:12:05.3504142Z Resolving deltas:  66% (367/556)
2022-10-17T15:12:05.3508096Z Resolving deltas:  67% (373/556)
2022-10-17T15:12:05.3508635Z Resolving deltas:  68% (379/556)
2022-10-17T15:12:05.3511594Z Resolving deltas:  69% (384/556)
2022-10-17T15:12:05.3515614Z Resolving deltas:  70% (390/556)
2022-10-17T15:12:05.3520511Z Resolving deltas:  71% (395/556)
2022-10-17T15:12:05.3524345Z Resolving deltas:  72% (401/556)
2022-10-17T15:12:05.3529869Z Resolving deltas:  73% (406/556)
2022-10-17T15:12:05.3530508Z Resolving deltas:  74% (412/556)
2022-10-17T15:12:05.3533577Z Resolving deltas:  75% (417/556)
2022-10-17T15:12:05.3535171Z Resolving deltas:  76% (423/556)
2022-10-17T15:12:05.3536071Z Resolving deltas:  77% (429/556)
2022-10-17T15:12:05.3538103Z Resolving deltas:  78% (434/556)
2022-10-17T15:12:05.3539908Z Resolving deltas:  79% (440/556)
2022-10-17T15:12:05.3541199Z Resolving deltas:  80% (445/556)
2022-10-17T15:12:05.3541736Z Resolving deltas:  81% (451/556)
2022-10-17T15:12:05.3543631Z Resolving deltas:  82% (456/556)
2022-10-17T15:12:05.3553642Z Resolving deltas:  83% (462/556)
2022-10-17T15:12:05.3555144Z Resolving deltas:  84% (468/556)
2022-10-17T15:12:05.3559716Z Resolving deltas:  85% (473/556)
2022-10-17T15:12:05.3560614Z Resolving deltas:  86% (480/556)
2022-10-17T15:12:05.3560902Z Resolving deltas:  87% (484/556)
2022-10-17T15:12:05.3561161Z Resolving deltas:  88% (490/556)
2022-10-17T15:12:05.3561576Z Resolving deltas:  89% (495/556)
2022-10-17T15:12:05.3561949Z Resolving deltas:  90% (501/556)
2022-10-17T15:12:05.3562208Z Resolving deltas:  91% (506/556)
2022-10-17T15:12:05.3563038Z Resolving deltas:  92% (512/556)
2022-10-17T15:12:05.3569268Z Resolving deltas:  93% (518/556)
2022-10-17T15:12:05.3571237Z Resolving deltas:  94% (523/556)
2022-10-17T15:12:05.3573918Z Resolving deltas:  95% (529/556)
2022-10-17T15:12:05.3578271Z Resolving deltas:  96% (534/556)
2022-10-17T15:12:05.3583136Z Resolving deltas:  97% (540/556)
2022-10-17T15:12:05.3588390Z Resolving deltas:  98% (545/556)
2022-10-17T15:12:05.3597470Z Resolving deltas:  99% (551/556)
2022-10-17T15:12:05.3598151Z Resolving deltas: 100% (556/556)
2022-10-17T15:12:05.3599054Z Resolving deltas: 100% (556/556), done.
2022-10-17T15:12:05.3731537Z From https://github.com/con/tinuous
2022-10-17T15:12:05.3732455Z  * [new branch]      gh-152          -> origin/gh-152
2022-10-17T15:12:05.3733005Z  * [new branch]      gh-55           -> origin/gh-55
2022-10-17T15:12:05.3733713Z  * [new branch]      master          -> origin/master
2022-10-17T15:12:05.3734363Z  * [new branch]      no-extra-search -> origin/no-extra-search
2022-10-17T15:12:05.3735041Z  * [new branch]      test-appveyor   -> origin/test-appveyor
2022-10-17T15:12:05.3735583Z  * [new tag]         0.1.0           -> 0.1.0
2022-10-17T15:12:05.3736132Z  * [new tag]         0.2.0           -> 0.2.0
2022-10-17T15:12:05.3736711Z  * [new tag]         0.3.0           -> 0.3.0
2022-10-17T15:12:05.3737250Z  * [new tag]         0.4.0           -> 0.4.0
2022-10-17T15:12:05.3737725Z  * [new tag]         0.5.0           -> 0.5.0
2022-10-17T15:12:05.3738263Z  * [new tag]         0.5.1           -> 0.5.1
2022-10-17T15:12:05.3738817Z  * [new tag]         0.5.2           -> 0.5.2
2022-10-17T15:12:05.3739388Z  * [new tag]         0.5.3           -> 0.5.3
2022-10-17T15:12:05.3740084Z  * [new tag]         0.5.4           -> 0.5.4
2022-10-17T15:12:05.3780994Z [command]/usr/bin/git branch --list --remote origin/gh-152
2022-10-17T15:12:05.3825264Z   origin/gh-152
2022-10-17T15:12:05.3834503Z [command]/usr/bin/git rev-parse refs/remotes/origin/gh-152
2022-10-17T15:12:05.3867011Z fcd7dc1afec967ea5f700843f0f07e08c7fb5b0c
2022-10-17T15:12:05.3873916Z ##[endgroup]
2022-10-17T15:12:05.3874892Z ##[group]Determining the checkout info
2022-10-17T15:12:05.3876570Z ##[endgroup]
2022-10-17T15:12:05.3877329Z ##[group]Checking out the ref
2022-10-17T15:12:05.3881317Z [command]/usr/bin/git checkout --progress --force -B gh-152 refs/remotes/origin/gh-152
2022-10-17T15:12:05.3954495Z Switched to a new branch 'gh-152'
2022-10-17T15:12:05.3955331Z branch 'gh-152' set up to track 'origin/gh-152'.
2022-10-17T15:12:05.3961254Z ##[endgroup]
2022-10-17T15:12:05.4005950Z [command]/usr/bin/git log -1 --format='%H'
2022-10-17T15:12:05.4038965Z 'fcd7dc1afec967ea5f700843f0f07e08c7fb5b0c'
2022-10-17T15:12:05.4400394Z ##[group]Run actions/setup-python@v4
2022-10-17T15:12:05.4400820Z with:
2022-10-17T15:12:05.4401105Z   python-version: 3.8
2022-10-17T15:12:05.4401449Z   check-latest: false
2022-10-17T15:12:05.4401929Z   token: ***
2022-10-17T15:12:05.4402210Z   update-environment: true
2022-10-17T15:12:05.4402591Z ##[endgroup]
2022-10-17T15:12:05.6417627Z Successfully set up CPython (3.8.14)
2022-10-17T15:12:05.6616840Z ##[group]Run python -m pip install --upgrade pip wheel
2022-10-17T15:12:05.6617696Z [36;1mpython -m pip install --upgrade pip wheel[0m
2022-10-17T15:12:05.6618254Z [36;1mpython -m pip install --upgrade --upgrade-strategy=eager tox[0m
2022-10-17T15:12:05.6682159Z shell: /usr/bin/bash -e {0}
2022-10-17T15:12:05.6682537Z env:
2022-10-17T15:12:05.6683013Z   pythonLocation: /opt/hostedtoolcache/Python/3.8.14/x64
2022-10-17T15:12:05.6683515Z   PKG_CONFIG_PATH: /opt/hostedtoolcache/Python/3.8.14/x64/lib/pkgconfig
2022-10-17T15:12:05.6684005Z   Python_ROOT_DIR: /opt/hostedtoolcache/Python/3.8.14/x64
2022-10-17T15:12:05.6684473Z   Python2_ROOT_DIR: /opt/hostedtoolcache/Python/3.8.14/x64
2022-10-17T15:12:05.6684887Z   Python3_ROOT_DIR: /opt/hostedtoolcache/Python/3.8.14/x64
2022-10-17T15:12:05.6685385Z   LD_LIBRARY_PATH: /opt/hostedtoolcache/Python/3.8.14/x64/lib
2022-10-17T15:12:05.6685788Z ##[endgroup]
2022-10-17T15:12:06.6435271Z Requirement already satisfied: pip in /opt/hostedtoolcache/Python/3.8.14/x64/lib/python3.8/site-packages (22.2.2)
2022-10-17T15:12:06.7511112Z Collecting pip
2022-10-17T15:12:06.7744864Z   Downloading pip-22.3-py3-none-any.whl (2.1 MB)
2022-10-17T15:12:06.8161868Z      ━━━━━━━━━━━━━━━━━━━━━━━━━━━━━━━━━━━━━━━━ 2.1/2.1 MB 53.7 MB/s eta 0:00:00
2022-10-17T15:12:06.8776874Z Collecting wheel
2022-10-17T15:12:06.8821173Z   Downloading wheel-0.37.1-py2.py3-none-any.whl (35 kB)
2022-10-17T15:12:06.9293257Z Installing collected packages: wheel, pip
2022-10-17T15:12:06.9617580Z   Attempting uninstall: pip
2022-10-17T15:12:06.9630163Z     Found existing installation: pip 22.2.2
2022-10-17T15:12:07.2844430Z     Uninstalling pip-22.2.2:
2022-10-17T15:12:07.3491131Z       Successfully uninstalled pip-22.2.2
2022-10-17T15:12:08.6236005Z Successfully installed pip-22.3 wheel-0.37.1
2022-10-17T15:12:09.5430121Z Collecting tox
2022-10-17T15:12:09.5636045Z   Downloading tox-3.26.0-py2.py3-none-any.whl (86 kB)
2022-10-17T15:12:09.5726881Z      ━━━━━━━━━━━━━━━━━━━━━━━━━━━━━━━━━━━━━━━━ 86.3/86.3 kB 15.1 MB/s eta 0:00:00
2022-10-17T15:12:09.6413905Z Collecting py>=1.4.17
2022-10-17T15:12:09.6464508Z   Downloading py-1.11.0-py2.py3-none-any.whl (98 kB)
2022-10-17T15:12:09.6528666Z      ━━━━━━━━━━━━━━━━━━━━━━━━━━━━━━━━━━━━━━━━ 98.7/98.7 kB 28.0 MB/s eta 0:00:00
2022-10-17T15:12:09.6945333Z Collecting packaging>=14
2022-10-17T15:12:09.7052873Z   Downloading packaging-21.3-py3-none-any.whl (40 kB)
2022-10-17T15:12:09.7117916Z      ━━━━━━━━━━━━━━━━━━━━━━━━━━━━━━━━━━━━━━━━ 40.8/40.8 kB 11.9 MB/s eta 0:00:00
2022-10-17T15:12:09.7372416Z Collecting six>=1.14.0
2022-10-17T15:12:09.7496466Z   Downloading six-1.16.0-py2.py3-none-any.whl (11 kB)
2022-10-17T15:12:09.7802306Z Collecting pluggy>=0.12.0
2022-10-17T15:12:09.7846705Z   Downloading pluggy-1.0.0-py2.py3-none-any.whl (13 kB)
2022-10-17T15:12:09.9824178Z Collecting virtualenv!=20.0.0,!=20.0.1,!=20.0.2,!=20.0.3,!=20.0.4,!=20.0.5,!=20.0.6,!=20.0.7,>=16.0.0
2022-10-17T15:12:09.9884291Z   Downloading virtualenv-20.16.5-py3-none-any.whl (8.8 MB)
2022-10-17T15:12:10.0803595Z      ━━━━━━━━━━━━━━━━━━━━━━━━━━━━━━━━━━━━━━━━ 8.8/8.8 MB 99.2 MB/s eta 0:00:00
2022-10-17T15:12:10.1396834Z Collecting tomli>=2.0.1
2022-10-17T15:12:10.1442457Z   Downloading tomli-2.0.1-py3-none-any.whl (12 kB)
2022-10-17T15:12:10.1771964Z Collecting filelock>=3.0.0
2022-10-17T15:12:10.1823351Z   Downloading filelock-3.8.0-py3-none-any.whl (10 kB)
2022-10-17T15:12:10.2618404Z Collecting pyparsing!=3.0.5,>=2.0.2
2022-10-17T15:12:10.2671685Z   Downloading pyparsing-3.0.9-py3-none-any.whl (98 kB)
2022-10-17T15:12:10.2760486Z      ━━━━━━━━━━━━━━━━━━━━━━━━━━━━━━━━━━━━━━━━ 98.3/98.3 kB 17.4 MB/s eta 0:00:00
2022-10-17T15:12:10.3404667Z Collecting platformdirs<3,>=2.4
2022-10-17T15:12:10.3455379Z   Downloading platformdirs-2.5.2-py3-none-any.whl (14 kB)
2022-10-17T15:12:10.3725404Z Collecting distlib<1,>=0.3.5
2022-10-17T15:12:10.3773936Z   Downloading distlib-0.3.6-py2.py3-none-any.whl (468 kB)
2022-10-17T15:12:10.3899300Z      ━━━━━━━━━━━━━━━━━━━━━━━━━━━━━━━━━━━━━━ 468.5/468.5 kB 50.6 MB/s eta 0:00:00
2022-10-17T15:12:10.5259888Z Installing collected packages: distlib, tomli, six, pyparsing, py, pluggy, platformdirs, filelock, virtualenv, packaging, tox
2022-10-17T15:12:11.1408555Z Successfully installed distlib-0.3.6 filelock-3.8.0 packaging-21.3 platformdirs-2.5.2 pluggy-1.0.0 py-1.11.0 pyparsing-3.0.9 six-1.16.0 tomli-2.0.1 tox-3.26.0 virtualenv-20.16.5
2022-10-17T15:12:11.3271190Z ##[group]Run tox -e lint
2022-10-17T15:12:11.3271475Z [36;1mtox -e lint[0m
2022-10-17T15:12:11.3329167Z shell: /usr/bin/bash -e {0}
2022-10-17T15:12:11.3329416Z env:
2022-10-17T15:12:11.3329736Z   pythonLocation: /opt/hostedtoolcache/Python/3.8.14/x64
2022-10-17T15:12:11.3330154Z   PKG_CONFIG_PATH: /opt/hostedtoolcache/Python/3.8.14/x64/lib/pkgconfig
2022-10-17T15:12:11.3330562Z   Python_ROOT_DIR: /opt/hostedtoolcache/Python/3.8.14/x64
2022-10-17T15:12:11.3330926Z   Python2_ROOT_DIR: /opt/hostedtoolcache/Python/3.8.14/x64
2022-10-17T15:12:11.3331301Z   Python3_ROOT_DIR: /opt/hostedtoolcache/Python/3.8.14/x64
2022-10-17T15:12:11.3331681Z   LD_LIBRARY_PATH: /opt/hostedtoolcache/Python/3.8.14/x64/lib
2022-10-17T15:12:11.3331989Z ##[endgroup]
2022-10-17T15:12:11.5722857Z lint create: /home/runner/work/tinuous/tinuous/.tox/lint
2022-10-17T15:12:12.3535756Z lint installdeps: flake8~=3.7, flake8-bugbear, flake8-builtins~=1.4, flake8-unused-arguments
2022-10-17T15:12:17.9311131Z lint installed: attrs==22.1.0,flake8==3.9.2,flake8-bugbear==22.9.23,flake8-builtins==1.5.3,flake8-unused-arguments==0.0.11,mccabe==0.6.1,pycodestyle==2.7.0,pyflakes==2.3.1
2022-10-17T15:12:17.9329534Z lint run-test-pre: PYTHONHASHSEED='329776508'
2022-10-17T15:12:17.9330173Z lint run-test: commands[0] | flake8 --config=tox.ini src test
2022-10-17T15:12:19.9821550Z ___________________________________ summary ____________________________________
2022-10-17T15:12:19.9821968Z   lint: commands succeeded
2022-10-17T15:12:19.9822422Z   congratulations :)
2022-10-17T15:12:20.0051018Z Post job cleanup.
2022-10-17T15:12:20.2006275Z Post job cleanup.
2022-10-17T15:12:20.3658051Z [command]/usr/bin/git version
2022-10-17T15:12:20.3728027Z git version 2.37.3
2022-10-17T15:12:20.3784282Z Temporarily overriding HOME='/home/runner/work/_temp/da1bc691-921e-4fc8-b1e5-688f30d8049f' before making global git config changes
2022-10-17T15:12:20.3785355Z Adding repository directory to the temporary git global config as a safe directory
2022-10-17T15:12:20.3791299Z [command]/usr/bin/git config --global --add safe.directory /home/runner/work/tinuous/tinuous
2022-10-17T15:12:20.3849035Z [command]/usr/bin/git config --local --name-only --get-regexp core\.sshCommand
2022-10-17T15:12:20.3902483Z [command]/usr/bin/git submodule foreach --recursive git config --local --name-only --get-regexp 'core\.sshCommand' && git config --local --unset-all 'core.sshCommand' || :
2022-10-17T15:12:20.4219325Z [command]/usr/bin/git config --local --name-only --get-regexp http\.https\:\/\/github\.com\/\.extraheader
2022-10-17T15:12:20.4263645Z http.https://github.com/.extraheader
2022-10-17T15:12:20.4278236Z [command]/usr/bin/git config --local --unset-all http.https://github.com/.extraheader
2022-10-17T15:12:20.4328650Z [command]/usr/bin/git submodule foreach --recursive git config --local --name-only --get-regexp 'http\.https\:\/\/github\.com\/\.extraheader' && git config --local --unset-all 'http.https://github.com/.extraheader' || :
2022-10-17T15:12:20.4926218Z Cleaning up orphan processes
2022-10-17T15:12:20.5328915Z Terminate orphan process: pid (1676) (python)
2022-10-17T15:12:20.5365092Z Terminate orphan process: pid (1746) (python)
