2022-10-17T15:11:52.0824706Z Requested labels: ubuntu-latest
2022-10-17T15:11:52.0824755Z Job defined at: con/tinuous/.github/workflows/test.yml@refs/heads/gh-152
2022-10-17T15:11:52.0824858Z Waiting for a runner to pick up this job...
2022-10-17T15:11:55.9745745Z Job is waiting for a hosted runner to come online.
2022-10-17T15:11:56.0779897Z Job is about to start running on the hosted runner: GitHub Actions 4 (hosted)
2022-10-17T15:11:58.2626595Z Current runner version: '2.298.2'
2022-10-17T15:11:58.2651087Z ##[group]Operating System
2022-10-17T15:11:58.2651578Z Ubuntu
2022-10-17T15:11:58.2651854Z 20.04.5
2022-10-17T15:11:58.2652168Z LTS
2022-10-17T15:11:58.2652437Z ##[endgroup]
2022-10-17T15:11:58.2652731Z ##[group]Runner Image
2022-10-17T15:11:58.2652997Z Image: ubuntu-20.04
2022-10-17T15:11:58.2653295Z Version: 20221002.2
2022-10-17T15:11:58.2653781Z Included Software: https://github.com/actions/runner-images/blob/ubuntu20/20221002.2/images/linux/Ubuntu2004-Readme.md
2022-10-17T15:11:58.2654310Z Image Release: https://github.com/actions/runner-images/releases/tag/ubuntu20%2F20221002.2
2022-10-17T15:11:58.2654706Z ##[endgroup]
2022-10-17T15:11:58.2655026Z ##[group]Runner Image Provisioner
2022-10-17T15:11:58.2655286Z 2.0.78.1
2022-10-17T15:11:58.2655573Z ##[endgroup]
2022-10-17T15:11:58.2656448Z ##[group]GITHUB_TOKEN Permissions
2022-10-17T15:11:58.2657024Z Actions: write
2022-10-17T15:11:58.2657341Z Checks: write
2022-10-17T15:11:58.2657747Z Contents: write
2022-10-17T15:11:58.2658065Z Deployments: write
2022-10-17T15:11:58.2658390Z Discussions: write
2022-10-17T15:11:58.2658708Z Issues: write
2022-10-17T15:11:58.2658996Z Metadata: read
2022-10-17T15:11:58.2659240Z Packages: write
2022-10-17T15:11:58.2659534Z Pages: write
2022-10-17T15:11:58.2659823Z PullRequests: write
2022-10-17T15:11:58.2660127Z RepositoryProjects: write
2022-10-17T15:11:58.2660453Z SecurityEvents: write
2022-10-17T15:11:58.2660758Z Statuses: write
2022-10-17T15:11:58.2660995Z ##[endgroup]
2022-10-17T15:11:58.2664354Z Secret source: Actions
2022-10-17T15:11:58.2664912Z Prepare workflow directory
2022-10-17T15:11:58.3405748Z Prepare all required actions
2022-10-17T15:11:58.3568811Z Getting action download info
2022-10-17T15:11:58.5873395Z Download action repository 'actions/checkout@v3' (SHA:93ea575cb5d8a053eaa0ac8fa3b40d7e05a33cc8)
2022-10-17T15:11:58.9186566Z Download action repository 'actions/setup-python@v4' (SHA:13ae5bb136fac2878aff31522b9efb785519f984)
2022-10-17T15:11:59.1985615Z Download action repository 'codecov/codecov-action@v3' (SHA:d9f34f8cd5cb3b3eb79b3e4b5dae3a16df499a70)
2022-10-17T15:11:59.6796792Z ##[group]Run actions/checkout@v3
2022-10-17T15:11:59.6797130Z with:
2022-10-17T15:11:59.6797362Z   fetch-depth: 0
2022-10-17T15:11:59.6797611Z   repository: con/tinuous
2022-10-17T15:11:59.6798105Z   token: ***
2022-10-17T15:11:59.6798320Z   ssh-strict: true
2022-10-17T15:11:59.6798580Z   persist-credentials: true
2022-10-17T15:11:59.6798832Z   clean: true
2022-10-17T15:11:59.6799032Z   lfs: false
2022-10-17T15:11:59.6799255Z   submodules: false
2022-10-17T15:11:59.6799510Z   set-safe-directory: true
2022-10-17T15:11:59.6799743Z ##[endgroup]
2022-10-17T15:11:59.9840953Z Syncing repository: con/tinuous
2022-10-17T15:11:59.9842980Z ##[group]Getting Git version info
2022-10-17T15:11:59.9843734Z Working directory is '/home/runner/work/tinuous/tinuous'
2022-10-17T15:11:59.9844992Z [command]/usr/bin/git version
2022-10-17T15:11:59.9988887Z git version 2.37.3
2022-10-17T15:12:00.0013676Z ##[endgroup]
2022-10-17T15:12:00.0036245Z Temporarily overriding HOME='/home/runner/work/_temp/a1cfb3aa-6e75-4336-9bb1-3b87cdec6083' before making global git config changes
2022-10-17T15:12:00.0036767Z Adding repository directory to the temporary git global config as a safe directory
2022-10-17T15:12:00.0037284Z [command]/usr/bin/git config --global --add safe.directory /home/runner/work/tinuous/tinuous
2022-10-17T15:12:00.0093148Z Deleting the contents of '/home/runner/work/tinuous/tinuous'
2022-10-17T15:12:00.0094420Z ##[group]Initializing the repository
2022-10-17T15:12:00.0095469Z [command]/usr/bin/git init /home/runner/work/tinuous/tinuous
2022-10-17T15:12:00.0173813Z hint: Using 'master' as the name for the initial branch. This default branch name
2022-10-17T15:12:00.0174609Z hint: is subject to change. To configure the initial branch name to use in all
2022-10-17T15:12:00.0175671Z hint: of your new repositories, which will suppress this warning, call:
2022-10-17T15:12:00.0176382Z hint: 
2022-10-17T15:12:00.0177168Z hint: 	git config --global init.defaultBranch <name>
2022-10-17T15:12:00.0177553Z hint: 
2022-10-17T15:12:00.0178283Z hint: Names commonly chosen instead of 'master' are 'main', 'trunk' and
2022-10-17T15:12:00.0178857Z hint: 'development'. The just-created branch can be renamed via this command:
2022-10-17T15:12:00.0179302Z hint: 
2022-10-17T15:12:00.0179921Z hint: 	git branch -m <name>
2022-10-17T15:12:00.0193593Z Initialized empty Git repository in /home/runner/work/tinuous/tinuous/.git/
2022-10-17T15:12:00.0210736Z [command]/usr/bin/git remote add origin https://github.com/con/tinuous
2022-10-17T15:12:00.0260225Z ##[endgroup]
2022-10-17T15:12:00.0260850Z ##[group]Disabling automatic garbage collection
2022-10-17T15:12:00.0267185Z [command]/usr/bin/git config --local gc.auto 0
2022-10-17T15:12:00.0303495Z ##[endgroup]
2022-10-17T15:12:00.0304223Z ##[group]Setting up auth
2022-10-17T15:12:00.0313316Z [command]/usr/bin/git config --local --name-only --get-regexp core\.sshCommand
2022-10-17T15:12:00.0362251Z [command]/usr/bin/git submodule foreach --recursive git config --local --name-only --get-regexp 'core\.sshCommand' && git config --local --unset-all 'core.sshCommand' || :
2022-10-17T15:12:00.0761173Z [command]/usr/bin/git config --local --name-only --get-regexp http\.https\:\/\/github\.com\/\.extraheader
2022-10-17T15:12:00.0793400Z [command]/usr/bin/git submodule foreach --recursive git config --local --name-only --get-regexp 'http\.https\:\/\/github\.com\/\.extraheader' && git config --local --unset-all 'http.https://github.com/.extraheader' || :
2022-10-17T15:12:00.1026444Z [command]/usr/bin/git config --local http.https://github.com/.extraheader AUTHORIZATION: basic ***
2022-10-17T15:12:00.1059707Z ##[endgroup]
2022-10-17T15:12:00.1060321Z ##[group]Fetching the repository
2022-10-17T15:12:00.1070960Z [command]/usr/bin/git -c protocol.version=2 fetch --prune --progress --no-recurse-submodules origin +refs/heads/*:refs/remotes/origin/* +refs/tags/*:refs/tags/*
2022-10-17T15:12:00.4173601Z remote: Enumerating objects: 1014, done.        
2022-10-17T15:12:00.4236888Z remote: Counting objects:   0% (1/236)        
2022-10-17T15:12:00.4237373Z remote: Counting objects:   1% (3/236)        
2022-10-17T15:12:00.4237731Z remote: Counting objects:   2% (5/236)        
2022-10-17T15:12:00.4238316Z remote: Counting objects:   3% (8/236)        
2022-10-17T15:12:00.4238681Z remote: Counting objects:   4% (10/236)        
2022-10-17T15:12:00.4239046Z remote: Counting objects:   5% (12/236)        
2022-10-17T15:12:00.4239492Z remote: Counting objects:   6% (15/236)        
2022-10-17T15:12:00.4239775Z remote: Counting objects:   7% (17/236)        
2022-10-17T15:12:00.4240045Z remote: Counting objects:   8% (19/236)        
2022-10-17T15:12:00.4240493Z remote: Counting objects:   9% (22/236)        
2022-10-17T15:12:00.4241464Z remote: Counting objects:  10% (24/236)        
2022-10-17T15:12:00.4241992Z remote: Counting objects:  11% (26/236)        
2022-10-17T15:12:00.4242624Z remote: Counting objects:  12% (29/236)        
2022-10-17T15:12:00.4243349Z remote: Counting objects:  13% (31/236)        
2022-10-17T15:12:00.4243864Z remote: Counting objects:  14% (34/236)        
2022-10-17T15:12:00.4244398Z remote: Counting objects:  15% (36/236)        
2022-10-17T15:12:00.4244913Z remote: Counting objects:  16% (38/236)        
2022-10-17T15:12:00.4245457Z remote: Counting objects:  17% (41/236)        
2022-10-17T15:12:00.4246085Z remote: Counting objects:  18% (43/236)        
2022-10-17T15:12:00.4246852Z remote: Counting objects:  19% (45/236)        
2022-10-17T15:12:00.4247382Z remote: Counting objects:  20% (48/236)        
2022-10-17T15:12:00.4248619Z remote: Counting objects:  21% (50/236)        
2022-10-17T15:12:00.4249192Z remote: Counting objects:  22% (52/236)        
2022-10-17T15:12:00.4249724Z remote: Counting objects:  23% (55/236)        
2022-10-17T15:12:00.4250244Z remote: Counting objects:  24% (57/236)        
2022-10-17T15:12:00.4250753Z remote: Counting objects:  25% (59/236)        
2022-10-17T15:12:00.4251529Z remote: Counting objects:  26% (62/236)        
2022-10-17T15:12:00.4252680Z remote: Counting objects:  27% (64/236)        
2022-10-17T15:12:00.4253241Z remote: Counting objects:  28% (67/236)        
2022-10-17T15:12:00.4253771Z remote: Counting objects:  29% (69/236)        
2022-10-17T15:12:00.4254753Z remote: Counting objects:  30% (71/236)        
2022-10-17T15:12:00.4255283Z remote: Counting objects:  31% (74/236)        
2022-10-17T15:12:00.4255852Z remote: Counting objects:  32% (76/236)        
2022-10-17T15:12:00.4256361Z remote: Counting objects:  33% (78/236)        
2022-10-17T15:12:00.4256884Z remote: Counting objects:  34% (81/236)        
2022-10-17T15:12:00.4257402Z remote: Counting objects:  35% (83/236)        
2022-10-17T15:12:00.4257916Z remote: Counting objects:  36% (85/236)        
2022-10-17T15:12:00.4258418Z remote: Counting objects:  37% (88/236)        
2022-10-17T15:12:00.4258931Z remote: Counting objects:  38% (90/236)        
2022-10-17T15:12:00.4259455Z remote: Counting objects:  39% (93/236)        
2022-10-17T15:12:00.4259978Z remote: Counting objects:  40% (95/236)        
2022-10-17T15:12:00.4261101Z remote: Counting objects:  41% (97/236)        
2022-10-17T15:12:00.4261597Z remote: Counting objects:  42% (100/236)        
2022-10-17T15:12:00.4262129Z remote: Counting objects:  43% (102/236)        
2022-10-17T15:12:00.4262649Z remote: Counting objects:  44% (104/236)        
2022-10-17T15:12:00.4263155Z remote: Counting objects:  45% (107/236)        
2022-10-17T15:12:00.4263680Z remote: Counting objects:  46% (109/236)        
2022-10-17T15:12:00.4264201Z remote: Counting objects:  47% (111/236)        
2022-10-17T15:12:00.4264716Z remote: Counting objects:  48% (114/236)        
2022-10-17T15:12:00.4265223Z remote: Counting objects:  49% (116/236)        
2022-10-17T15:12:00.4265675Z remote: Counting objects:  50% (118/236)        
2022-10-17T15:12:00.4266693Z remote: Counting objects:  51% (121/236)        
2022-10-17T15:12:00.4267084Z remote: Counting objects:  52% (123/236)        
2022-10-17T15:12:00.4268013Z remote: Counting objects:  53% (126/236)        
2022-10-17T15:12:00.4268403Z remote: Counting objects:  54% (128/236)        
2022-10-17T15:12:00.4268906Z remote: Counting objects:  55% (130/236)        
2022-10-17T15:12:00.4269470Z remote: Counting objects:  56% (133/236)        
2022-10-17T15:12:00.4270023Z remote: Counting objects:  57% (135/236)        
2022-10-17T15:12:00.4270545Z remote: Counting objects:  58% (137/236)        
2022-10-17T15:12:00.4271280Z remote: Counting objects:  59% (140/236)        
2022-10-17T15:12:00.4271531Z remote: Counting objects:  60% (142/236)        
2022-10-17T15:12:00.4271792Z remote: Counting objects:  61% (144/236)        
2022-10-17T15:12:00.4272158Z remote: Counting objects:  62% (147/236)        
2022-10-17T15:12:00.4272713Z remote: Counting objects:  63% (149/236)        
2022-10-17T15:12:00.4273267Z remote: Counting objects:  64% (152/236)        
2022-10-17T15:12:00.4273730Z remote: Counting objects:  65% (154/236)        
2022-10-17T15:12:00.4274276Z remote: Counting objects:  66% (156/236)        
2022-10-17T15:12:00.4274800Z remote: Counting objects:  67% (159/236)        
2022-10-17T15:12:00.4275359Z remote: Counting objects:  68% (161/236)        
2022-10-17T15:12:00.4275924Z remote: Counting objects:  69% (163/236)        
2022-10-17T15:12:00.4276476Z remote: Counting objects:  70% (166/236)        
2022-10-17T15:12:00.4277209Z remote: Counting objects:  71% (168/236)        
2022-10-17T15:12:00.4277957Z remote: Counting objects:  72% (170/236)        
2022-10-17T15:12:00.4278656Z remote: Counting objects:  73% (173/236)        
2022-10-17T15:12:00.4279388Z remote: Counting objects:  74% (175/236)        
2022-10-17T15:12:00.4279949Z remote: Counting objects:  75% (177/236)        
2022-10-17T15:12:00.4280732Z remote: Counting objects:  76% (180/236)        
2022-10-17T15:12:00.4281474Z remote: Counting objects:  77% (182/236)        
2022-10-17T15:12:00.4282000Z remote: Counting objects:  78% (185/236)        
2022-10-17T15:12:00.4282537Z remote: Counting objects:  79% (187/236)        
2022-10-17T15:12:00.4283198Z remote: Counting objects:  80% (189/236)        
2022-10-17T15:12:00.4284867Z remote: Counting objects:  81% (192/236)        
2022-10-17T15:12:00.4285231Z remote: Counting objects:  82% (194/236)        
2022-10-17T15:12:00.4286993Z remote: Counting objects:  83% (196/236)        
2022-10-17T15:12:00.4287265Z remote: Counting objects:  84% (199/236)        
2022-10-17T15:12:00.4287535Z remote: Counting objects:  85% (201/236)        
2022-10-17T15:12:00.4288046Z remote: Counting objects:  86% (203/236)        
2022-10-17T15:12:00.4288313Z remote: Counting objects:  87% (206/236)        
2022-10-17T15:12:00.4288564Z remote: Counting objects:  88% (208/236)        
2022-10-17T15:12:00.4288826Z remote: Counting objects:  89% (211/236)        
2022-10-17T15:12:00.4289092Z remote: Counting objects:  90% (213/236)        
2022-10-17T15:12:00.4289341Z remote: Counting objects:  91% (215/236)        
2022-10-17T15:12:00.4289612Z remote: Counting objects:  92% (218/236)        
2022-10-17T15:12:00.4289879Z remote: Counting objects:  93% (220/236)        
2022-10-17T15:12:00.4290125Z remote: Counting objects:  94% (222/236)        
2022-10-17T15:12:00.4290381Z remote: Counting objects:  95% (225/236)        
2022-10-17T15:12:00.4290639Z remote: Counting objects:  96% (227/236)        
2022-10-17T15:12:00.4290896Z remote: Counting objects:  97% (229/236)        
2022-10-17T15:12:00.4291144Z remote: Counting objects:  98% (232/236)        
2022-10-17T15:12:00.4291399Z remote: Counting objects:  99% (234/236)        
2022-10-17T15:12:00.4291685Z remote: Counting objects: 100% (236/236)        
2022-10-17T15:12:00.4291946Z remote: Counting objects: 100% (236/236), done.        
2022-10-17T15:12:00.4292235Z remote: Compressing objects:   0% (1/162)        
2022-10-17T15:12:00.4292709Z remote: Compressing objects:   1% (2/162)        
2022-10-17T15:12:00.4292986Z remote: Compressing objects:   2% (4/162)        
2022-10-17T15:12:00.4293265Z remote: Compressing objects:   3% (5/162)        
2022-10-17T15:12:00.4293716Z remote: Compressing objects:   4% (7/162)        
2022-10-17T15:12:00.4293980Z remote: Compressing objects:   5% (9/162)        
2022-10-17T15:12:00.4294262Z remote: Compressing objects:   6% (10/162)        
2022-10-17T15:12:00.4294547Z remote: Compressing objects:   7% (12/162)        
2022-10-17T15:12:00.4294829Z remote: Compressing objects:   8% (13/162)        
2022-10-17T15:12:00.4295093Z remote: Compressing objects:   9% (15/162)        
2022-10-17T15:12:00.4295373Z remote: Compressing objects:  10% (17/162)        
2022-10-17T15:12:00.4295653Z remote: Compressing objects:  11% (18/162)        
2022-10-17T15:12:00.4295912Z remote: Compressing objects:  12% (20/162)        
2022-10-17T15:12:00.4297024Z remote: Compressing objects:  13% (22/162)        
2022-10-17T15:12:00.4297306Z remote: Compressing objects:  14% (23/162)        
2022-10-17T15:12:00.4297565Z remote: Compressing objects:  15% (25/162)        
2022-10-17T15:12:00.4297849Z remote: Compressing objects:  16% (26/162)        
2022-10-17T15:12:00.4298128Z remote: Compressing objects:  17% (28/162)        
2022-10-17T15:12:00.4298401Z remote: Compressing objects:  18% (30/162)        
2022-10-17T15:12:00.4298657Z remote: Compressing objects:  19% (31/162)        
2022-10-17T15:12:00.4298930Z remote: Compressing objects:  20% (33/162)        
2022-10-17T15:12:00.4299199Z remote: Compressing objects:  21% (35/162)        
2022-10-17T15:12:00.4299455Z remote: Compressing objects:  22% (36/162)        
2022-10-17T15:12:00.4299725Z remote: Compressing objects:  23% (38/162)        
2022-10-17T15:12:00.4299995Z remote: Compressing objects:  24% (39/162)        
2022-10-17T15:12:00.4300254Z remote: Compressing objects:  25% (41/162)        
2022-10-17T15:12:00.4300596Z remote: Compressing objects:  26% (43/162)        
2022-10-17T15:12:00.4300874Z remote: Compressing objects:  27% (44/162)        
2022-10-17T15:12:00.4301132Z remote: Compressing objects:  28% (46/162)        
2022-10-17T15:12:00.4301536Z remote: Compressing objects:  29% (47/162)        
2022-10-17T15:12:00.4301810Z remote: Compressing objects:  30% (49/162)        
2022-10-17T15:12:00.4302811Z remote: Compressing objects:  31% (51/162)        
2022-10-17T15:12:00.4303085Z remote: Compressing objects:  32% (52/162)        
2022-10-17T15:12:00.4303362Z remote: Compressing objects:  33% (54/162)        
2022-10-17T15:12:00.4303635Z remote: Compressing objects:  34% (56/162)        
2022-10-17T15:12:00.4303892Z remote: Compressing objects:  35% (57/162)        
2022-10-17T15:12:00.4304164Z remote: Compressing objects:  36% (59/162)        
2022-10-17T15:12:00.4304436Z remote: Compressing objects:  37% (60/162)        
2022-10-17T15:12:00.4304694Z remote: Compressing objects:  38% (62/162)        
2022-10-17T15:12:00.4304965Z remote: Compressing objects:  39% (64/162)        
2022-10-17T15:12:00.4305230Z remote: Compressing objects:  40% (65/162)        
2022-10-17T15:12:00.4305505Z remote: Compressing objects:  41% (67/162)        
2022-10-17T15:12:00.4305763Z remote: Compressing objects:  42% (69/162)        
2022-10-17T15:12:00.4306032Z remote: Compressing objects:  43% (70/162)        
2022-10-17T15:12:00.4306302Z remote: Compressing objects:  44% (72/162)        
2022-10-17T15:12:00.4306558Z remote: Compressing objects:  45% (73/162)        
2022-10-17T15:12:00.4306824Z remote: Compressing objects:  46% (75/162)        
2022-10-17T15:12:00.4307579Z remote: Compressing objects:  47% (77/162)        
2022-10-17T15:12:00.4307845Z remote: Compressing objects:  48% (78/162)        
2022-10-17T15:12:00.4308118Z remote: Compressing objects:  49% (80/162)        
2022-10-17T15:12:00.4308393Z remote: Compressing objects:  50% (81/162)        
2022-10-17T15:12:00.4308653Z remote: Compressing objects:  51% (83/162)        
2022-10-17T15:12:00.4308929Z remote: Compressing objects:  52% (85/162)        
2022-10-17T15:12:00.4309204Z remote: Compressing objects:  53% (86/162)        
2022-10-17T15:12:00.4309479Z remote: Compressing objects:  54% (88/162)        
2022-10-17T15:12:00.4309870Z remote: Compressing objects:  55% (90/162)        
2022-10-17T15:12:00.4310151Z remote: Compressing objects:  56% (91/162)        
2022-10-17T15:12:00.4310428Z remote: Compressing objects:  57% (93/162)        
2022-10-17T15:12:00.4310687Z remote: Compressing objects:  58% (94/162)        
2022-10-17T15:12:00.4310956Z remote: Compressing objects:  59% (96/162)        
2022-10-17T15:12:00.4311225Z remote: Compressing objects:  60% (98/162)        
2022-10-17T15:12:00.4311482Z remote: Compressing objects:  61% (99/162)        
2022-10-17T15:12:00.4311759Z remote: Compressing objects:  62% (101/162)        
2022-10-17T15:12:00.4312043Z remote: Compressing objects:  63% (103/162)        
2022-10-17T15:12:00.4312324Z remote: Compressing objects:  64% (104/162)        
2022-10-17T15:12:00.4312587Z remote: Compressing objects:  65% (106/162)        
2022-10-17T15:12:00.4312860Z remote: Compressing objects:  66% (107/162)        
2022-10-17T15:12:00.4313143Z remote: Compressing objects:  67% (109/162)        
2022-10-17T15:12:00.4313407Z remote: Compressing objects:  68% (111/162)        
2022-10-17T15:12:00.4313684Z remote: Compressing objects:  69% (112/162)        
2022-10-17T15:12:00.4313956Z remote: Compressing objects:  70% (114/162)        
2022-10-17T15:12:00.4314331Z remote: Compressing objects:  71% (116/162)        
2022-10-17T15:12:00.4314889Z remote: Compressing objects:  72% (117/162)        
2022-10-17T15:12:00.4315169Z remote: Compressing objects:  73% (119/162)        
2022-10-17T15:12:00.4315445Z remote: Compressing objects:  74% (120/162)        
2022-10-17T15:12:00.4315701Z remote: Compressing objects:  75% (122/162)        
2022-10-17T15:12:00.4315973Z remote: Compressing objects:  76% (124/162)        
2022-10-17T15:12:00.4316460Z remote: Compressing objects:  77% (125/162)        
2022-10-17T15:12:00.4316726Z remote: Compressing objects:  78% (127/162)        
2022-10-17T15:12:00.4317001Z remote: Compressing objects:  79% (128/162)        
2022-10-17T15:12:00.4317394Z remote: Compressing objects:  80% (130/162)        
2022-10-17T15:12:00.4317654Z remote: Compressing objects:  81% (132/162)        
2022-10-17T15:12:00.4317932Z remote: Compressing objects:  82% (133/162)        
2022-10-17T15:12:00.4318208Z remote: Compressing objects:  83% (135/162)        
2022-10-17T15:12:00.4318471Z remote: Compressing objects:  84% (137/162)        
2022-10-17T15:12:00.4318746Z remote: Compressing objects:  85% (138/162)        
2022-10-17T15:12:00.4319023Z remote: Compressing objects:  86% (140/162)        
2022-10-17T15:12:00.4319300Z remote: Compressing objects:  87% (141/162)        
2022-10-17T15:12:00.4319561Z remote: Compressing objects:  88% (143/162)        
2022-10-17T15:12:00.4319936Z remote: Compressing objects:  89% (145/162)        
2022-10-17T15:12:00.4320214Z remote: Compressing objects:  90% (146/162)        
2022-10-17T15:12:00.4320504Z remote: Compressing objects:  91% (148/162)        
2022-10-17T15:12:00.4320941Z remote: Compressing objects:  92% (150/162)        
2022-10-17T15:12:00.4321203Z remote: Compressing objects:  93% (151/162)        
2022-10-17T15:12:00.4321480Z remote: Compressing objects:  94% (153/162)        
2022-10-17T15:12:00.4321753Z remote: Compressing objects:  95% (154/162)        
2022-10-17T15:12:00.4322015Z remote: Compressing objects:  96% (156/162)        
2022-10-17T15:12:00.4322290Z remote: Compressing objects:  97% (158/162)        
2022-10-17T15:12:00.4322565Z remote: Compressing objects:  98% (159/162)        
2022-10-17T15:12:00.4322825Z remote: Compressing objects:  99% (161/162)        
2022-10-17T15:12:00.4323102Z remote: Compressing objects: 100% (162/162)        
2022-10-17T15:12:00.4323394Z remote: Compressing objects: 100% (162/162), done.        
2022-10-17T15:12:00.4334041Z Receiving objects:   0% (1/1014)
2022-10-17T15:12:00.4336495Z Receiving objects:   1% (11/1014)
2022-10-17T15:12:00.4337763Z Receiving objects:   2% (21/1014)
2022-10-17T15:12:00.4344301Z Receiving objects:   3% (31/1014)
2022-10-17T15:12:00.4344549Z Receiving objects:   4% (41/1014)
2022-10-17T15:12:00.4344956Z Receiving objects:   5% (51/1014)
2022-10-17T15:12:00.4375213Z Receiving objects:   6% (61/1014)
2022-10-17T15:12:00.4375497Z Receiving objects:   7% (71/1014)
2022-10-17T15:12:00.4375727Z Receiving objects:   8% (82/1014)
2022-10-17T15:12:00.4375965Z Receiving objects:   9% (92/1014)
2022-10-17T15:12:00.4376205Z Receiving objects:  10% (102/1014)
2022-10-17T15:12:00.4406943Z Receiving objects:  11% (112/1014)
2022-10-17T15:12:00.4407549Z Receiving objects:  12% (122/1014)
2022-10-17T15:12:00.4408475Z Receiving objects:  13% (132/1014)
2022-10-17T15:12:00.4413077Z Receiving objects:  14% (142/1014)
2022-10-17T15:12:00.4413576Z Receiving objects:  15% (153/1014)
2022-10-17T15:12:00.4414392Z Receiving objects:  16% (163/1014)
2022-10-17T15:12:00.4414769Z Receiving objects:  17% (173/1014)
2022-10-17T15:12:00.4415275Z Receiving objects:  18% (183/1014)
2022-10-17T15:12:00.4415931Z Receiving objects:  19% (193/1014)
2022-10-17T15:12:00.4426604Z Receiving objects:  20% (203/1014)
2022-10-17T15:12:00.4426966Z Receiving objects:  21% (213/1014)
2022-10-17T15:12:00.4427799Z Receiving objects:  22% (224/1014)
2022-10-17T15:12:00.4428639Z Receiving objects:  23% (234/1014)
2022-10-17T15:12:00.4429008Z Receiving objects:  24% (244/1014)
2022-10-17T15:12:00.4458899Z Receiving objects:  25% (254/1014)
2022-10-17T15:12:00.4465604Z Receiving objects:  26% (264/1014)
2022-10-17T15:12:00.4467038Z Receiving objects:  27% (274/1014)
2022-10-17T15:12:00.4469292Z Receiving objects:  28% (284/1014)
2022-10-17T15:12:00.4483790Z Receiving objects:  29% (295/1014)
2022-10-17T15:12:00.4484288Z Receiving objects:  30% (305/1014)
2022-10-17T15:12:00.4485110Z Receiving objects:  31% (315/1014)
2022-10-17T15:12:00.4485494Z Receiving objects:  32% (325/1014)
2022-10-17T15:12:00.4486003Z Receiving objects:  33% (335/1014)
2022-10-17T15:12:00.4486649Z Receiving objects:  34% (345/1014)
2022-10-17T15:12:00.4487281Z Receiving objects:  35% (355/1014)
2022-10-17T15:12:00.4487771Z Receiving objects:  36% (366/1014)
2022-10-17T15:12:00.4488297Z Receiving objects:  37% (376/1014)
2022-10-17T15:12:00.4488780Z Receiving objects:  38% (386/1014)
2022-10-17T15:12:00.4489270Z Receiving objects:  39% (396/1014)
2022-10-17T15:12:00.4489765Z Receiving objects:  40% (406/1014)
2022-10-17T15:12:00.4490261Z Receiving objects:  41% (416/1014)
2022-10-17T15:12:00.4490781Z Receiving objects:  42% (426/1014)
2022-10-17T15:12:00.4491309Z Receiving objects:  43% (437/1014)
2022-10-17T15:12:00.4491824Z Receiving objects:  44% (447/1014)
2022-10-17T15:12:00.4492310Z Receiving objects:  45% (457/1014)
2022-10-17T15:12:00.4492804Z Receiving objects:  46% (467/1014)
2022-10-17T15:12:00.4493283Z Receiving objects:  47% (477/1014)
2022-10-17T15:12:00.4493790Z Receiving objects:  48% (487/1014)
2022-10-17T15:12:00.4494301Z Receiving objects:  49% (497/1014)
2022-10-17T15:12:00.4515893Z Receiving objects:  50% (507/1014)
2022-10-17T15:12:00.4516253Z Receiving objects:  51% (518/1014)
2022-10-17T15:12:00.4542418Z Receiving objects:  52% (528/1014)
2022-10-17T15:12:00.4542812Z Receiving objects:  53% (538/1014)
2022-10-17T15:12:00.4543206Z Receiving objects:  54% (548/1014)
2022-10-17T15:12:00.4544108Z Receiving objects:  55% (558/1014)
2022-10-17T15:12:00.4544468Z Receiving objects:  56% (568/1014)
2022-10-17T15:12:00.4661482Z Receiving objects:  57% (578/1014)
2022-10-17T15:12:00.4662532Z Receiving objects:  58% (589/1014)
2022-10-17T15:12:00.4662925Z Receiving objects:  59% (599/1014)
2022-10-17T15:12:00.4663484Z Receiving objects:  60% (609/1014)
2022-10-17T15:12:00.4664187Z Receiving objects:  61% (619/1014)
2022-10-17T15:12:00.4664766Z Receiving objects:  62% (629/1014)
2022-10-17T15:12:00.4665419Z Receiving objects:  63% (639/1014)
2022-10-17T15:12:00.4665953Z Receiving objects:  64% (649/1014)
2022-10-17T15:12:00.4666590Z Receiving objects:  65% (660/1014)
2022-10-17T15:12:00.4667431Z Receiving objects:  66% (670/1014)
2022-10-17T15:12:00.4668074Z Receiving objects:  67% (680/1014)
2022-10-17T15:12:00.4668845Z Receiving objects:  68% (690/1014)
2022-10-17T15:12:00.4669867Z Receiving objects:  69% (700/1014)
2022-10-17T15:12:00.4670212Z Receiving objects:  70% (710/1014)
2022-10-17T15:12:00.4670900Z Receiving objects:  71% (720/1014)
2022-10-17T15:12:00.4671456Z Receiving objects:  72% (731/1014)
2022-10-17T15:12:00.4671967Z Receiving objects:  73% (741/1014)
2022-10-17T15:12:00.4672501Z Receiving objects:  74% (751/1014)
2022-10-17T15:12:00.4673105Z Receiving objects:  75% (761/1014)
2022-10-17T15:12:00.4673762Z Receiving objects:  76% (771/1014)
2022-10-17T15:12:00.4674258Z Receiving objects:  77% (781/1014)
2022-10-17T15:12:00.4674880Z Receiving objects:  78% (791/1014)
2022-10-17T15:12:00.4675520Z Receiving objects:  79% (802/1014)
2022-10-17T15:12:00.4676022Z Receiving objects:  80% (812/1014)
2022-10-17T15:12:00.4676640Z Receiving objects:  81% (822/1014)
2022-10-17T15:12:00.4677270Z Receiving objects:  82% (832/1014)
2022-10-17T15:12:00.4698244Z Receiving objects:  83% (842/1014)
2022-10-17T15:12:00.4699217Z Receiving objects:  84% (852/1014)
2022-10-17T15:12:00.4709243Z Receiving objects:  85% (862/1014)
2022-10-17T15:12:00.4709623Z Receiving objects:  86% (873/1014)
2022-10-17T15:12:00.4710196Z Receiving objects:  87% (883/1014)
2022-10-17T15:12:00.4710716Z Receiving objects:  88% (893/1014)
2022-10-17T15:12:00.4711562Z Receiving objects:  89% (903/1014)
2022-10-17T15:12:00.4711926Z Receiving objects:  90% (913/1014)
2022-10-17T15:12:00.4712580Z Receiving objects:  91% (923/1014)
2022-10-17T15:12:00.4713079Z Receiving objects:  92% (933/1014)
2022-10-17T15:12:00.4713556Z Receiving objects:  93% (944/1014)
2022-10-17T15:12:00.4780481Z Receiving objects:  94% (954/1014)
2022-10-17T15:12:00.4780780Z Receiving objects:  95% (964/1014)
2022-10-17T15:12:00.4781435Z Receiving objects:  96% (974/1014)
2022-10-17T15:12:00.4781673Z Receiving objects:  97% (984/1014)
2022-10-17T15:12:00.4781914Z Receiving objects:  98% (994/1014)
2022-10-17T15:12:00.4782555Z remote: Total 1014 (delta 87), reused 93 (delta 66), pack-reused 778        
2022-10-17T15:12:00.4783035Z Receiving objects:  99% (1004/1014)
2022-10-17T15:12:00.4783286Z Receiving objects: 100% (1014/1014)
2022-10-17T15:12:00.4783567Z Receiving objects: 100% (1014/1014), 253.10 KiB | 5.62 MiB/s, done.
2022-10-17T15:12:00.4783824Z Resolving deltas:   0% (0/556)
2022-10-17T15:12:00.4784059Z Resolving deltas:   1% (6/556)
2022-10-17T15:12:00.4784296Z Resolving deltas:   2% (12/556)
2022-10-17T15:12:00.4784534Z Resolving deltas:   3% (17/556)
2022-10-17T15:12:00.4784752Z Resolving deltas:   4% (23/556)
2022-10-17T15:12:00.4784979Z Resolving deltas:   5% (28/556)
2022-10-17T15:12:00.4785207Z Resolving deltas:   6% (34/556)
2022-10-17T15:12:00.4785427Z Resolving deltas:   7% (39/556)
2022-10-17T15:12:00.4785655Z Resolving deltas:   8% (45/556)
2022-10-17T15:12:00.4785889Z Resolving deltas:   9% (51/556)
2022-10-17T15:12:00.4786102Z Resolving deltas:  10% (56/556)
2022-10-17T15:12:00.4786325Z Resolving deltas:  11% (62/556)
2022-10-17T15:12:00.4786557Z Resolving deltas:  12% (67/556)
2022-10-17T15:12:00.4787259Z Resolving deltas:  13% (73/556)
2022-10-17T15:12:00.4787497Z Resolving deltas:  14% (78/556)
2022-10-17T15:12:00.4788066Z Resolving deltas:  15% (84/556)
2022-10-17T15:12:00.4788294Z Resolving deltas:  16% (89/556)
2022-10-17T15:12:00.4788522Z Resolving deltas:  17% (95/556)
2022-10-17T15:12:00.4788753Z Resolving deltas:  18% (101/556)
2022-10-17T15:12:00.4788977Z Resolving deltas:  19% (106/556)
2022-10-17T15:12:00.4789213Z Resolving deltas:  20% (112/556)
2022-10-17T15:12:00.4789445Z Resolving deltas:  21% (117/556)
2022-10-17T15:12:00.4790022Z Resolving deltas:  22% (123/556)
2022-10-17T15:12:00.4790243Z Resolving deltas:  23% (128/556)
2022-10-17T15:12:00.4790473Z Resolving deltas:  24% (134/556)
2022-10-17T15:12:00.4795246Z Resolving deltas:  25% (139/556)
2022-10-17T15:12:00.4795491Z Resolving deltas:  26% (145/556)
2022-10-17T15:12:00.4795723Z Resolving deltas:  27% (151/556)
2022-10-17T15:12:00.4795956Z Resolving deltas:  28% (156/556)
2022-10-17T15:12:00.4796180Z Resolving deltas:  29% (162/556)
2022-10-17T15:12:00.4800473Z Resolving deltas:  30% (167/556)
2022-10-17T15:12:00.4803557Z Resolving deltas:  31% (173/556)
2022-10-17T15:12:00.4807336Z Resolving deltas:  32% (178/556)
2022-10-17T15:12:00.4811796Z Resolving deltas:  33% (184/556)
2022-10-17T15:12:00.4812054Z Resolving deltas:  34% (190/556)
2022-10-17T15:12:00.4812290Z Resolving deltas:  35% (195/556)
2022-10-17T15:12:00.4813572Z Resolving deltas:  36% (201/556)
2022-10-17T15:12:00.4814211Z Resolving deltas:  37% (206/556)
2022-10-17T15:12:00.4817230Z Resolving deltas:  38% (212/556)
2022-10-17T15:12:00.4817469Z Resolving deltas:  39% (217/556)
2022-10-17T15:12:00.4818976Z Resolving deltas:  40% (223/556)
2022-10-17T15:12:00.4820921Z Resolving deltas:  41% (228/556)
2022-10-17T15:12:00.4823118Z Resolving deltas:  42% (234/556)
2022-10-17T15:12:00.4823351Z Resolving deltas:  43% (240/556)
2022-10-17T15:12:00.4826416Z Resolving deltas:  44% (245/556)
2022-10-17T15:12:00.4827702Z Resolving deltas:  45% (251/556)
2022-10-17T15:12:00.4828305Z Resolving deltas:  46% (256/556)
2022-10-17T15:12:00.4832166Z Resolving deltas:  47% (263/556)
2022-10-17T15:12:00.4838154Z Resolving deltas:  48% (267/556)
2022-10-17T15:12:00.4839721Z Resolving deltas:  49% (273/556)
2022-10-17T15:12:00.4842969Z Resolving deltas:  50% (278/556)
2022-10-17T15:12:00.4847958Z Resolving deltas:  51% (284/556)
2022-10-17T15:12:00.4851239Z Resolving deltas:  52% (290/556)
2022-10-17T15:12:00.4854038Z Resolving deltas:  53% (295/556)
2022-10-17T15:12:00.4857429Z Resolving deltas:  54% (301/556)
2022-10-17T15:12:00.4860143Z Resolving deltas:  55% (306/556)
2022-10-17T15:12:00.4861945Z Resolving deltas:  56% (312/556)
2022-10-17T15:12:00.4865270Z Resolving deltas:  57% (317/556)
2022-10-17T15:12:00.4869471Z Resolving deltas:  58% (323/556)
2022-10-17T15:12:00.4873440Z Resolving deltas:  59% (329/556)
2022-10-17T15:12:00.4877016Z Resolving deltas:  60% (334/556)
2022-10-17T15:12:00.4877259Z Resolving deltas:  61% (340/556)
2022-10-17T15:12:00.4880331Z Resolving deltas:  62% (345/556)
2022-10-17T15:12:00.4880594Z Resolving deltas:  63% (351/556)
2022-10-17T15:12:00.4885223Z Resolving deltas:  64% (356/556)
2022-10-17T15:12:00.4885993Z Resolving deltas:  65% (362/556)
2022-10-17T15:12:00.4891747Z Resolving deltas:  66% (367/556)
2022-10-17T15:12:00.4898503Z Resolving deltas:  67% (373/556)
2022-10-17T15:12:00.4898801Z Resolving deltas:  68% (379/556)
2022-10-17T15:12:00.4899040Z Resolving deltas:  69% (384/556)
2022-10-17T15:12:00.4905802Z Resolving deltas:  70% (390/556)
2022-10-17T15:12:00.4906095Z Resolving deltas:  71% (395/556)
2022-10-17T15:12:00.4914383Z Resolving deltas:  72% (401/556)
2022-10-17T15:12:00.4914778Z Resolving deltas:  73% (406/556)
2022-10-17T15:12:00.4915006Z Resolving deltas:  74% (412/556)
2022-10-17T15:12:00.4917467Z Resolving deltas:  75% (417/556)
2022-10-17T15:12:00.4918042Z Resolving deltas:  76% (423/556)
2022-10-17T15:12:00.4919318Z Resolving deltas:  77% (429/556)
2022-10-17T15:12:00.4920259Z Resolving deltas:  78% (434/556)
2022-10-17T15:12:00.4922642Z Resolving deltas:  79% (440/556)
2022-10-17T15:12:00.4922894Z Resolving deltas:  80% (445/556)
2022-10-17T15:12:00.4923434Z Resolving deltas:  81% (451/556)
2022-10-17T15:12:00.4923676Z Resolving deltas:  82% (456/556)
2022-10-17T15:12:00.4926065Z Resolving deltas:  83% (462/556)
2022-10-17T15:12:00.4930342Z Resolving deltas:  84% (468/556)
2022-10-17T15:12:00.4931645Z Resolving deltas:  85% (473/556)
2022-10-17T15:12:00.4935610Z Resolving deltas:  86% (479/556)
2022-10-17T15:12:00.4935875Z Resolving deltas:  87% (484/556)
2022-10-17T15:12:00.4936099Z Resolving deltas:  88% (490/556)
2022-10-17T15:12:00.4936334Z Resolving deltas:  89% (495/556)
2022-10-17T15:12:00.4936572Z Resolving deltas:  90% (501/556)
2022-10-17T15:12:00.4936790Z Resolving deltas:  91% (506/556)
2022-10-17T15:12:00.4937018Z Resolving deltas:  92% (512/556)
2022-10-17T15:12:00.4939057Z Resolving deltas:  93% (518/556)
2022-10-17T15:12:00.4940786Z Resolving deltas:  94% (523/556)
2022-10-17T15:12:00.4945812Z Resolving deltas:  95% (529/556)
2022-10-17T15:12:00.4949541Z Resolving deltas:  96% (534/556)
2022-10-17T15:12:00.4951205Z Resolving deltas:  97% (540/556)
2022-10-17T15:12:00.4956840Z Resolving deltas:  98% (545/556)
2022-10-17T15:12:00.4963845Z Resolving deltas:  99% (551/556)
2022-10-17T15:12:00.4964359Z Resolving deltas: 100% (556/556)
2022-10-17T15:12:00.4964880Z Resolving deltas: 100% (556/556), done.
2022-10-17T15:12:00.5066407Z From https://github.com/con/tinuous
2022-10-17T15:12:00.5067093Z  * [new branch]      gh-152          -> origin/gh-152
2022-10-17T15:12:00.5067452Z  * [new branch]      gh-55           -> origin/gh-55
2022-10-17T15:12:00.5067792Z  * [new branch]      master          -> origin/master
2022-10-17T15:12:00.5068193Z  * [new branch]      no-extra-search -> origin/no-extra-search
2022-10-17T15:12:00.5068608Z  * [new branch]      test-appveyor   -> origin/test-appveyor
2022-10-17T15:12:00.5068962Z  * [new tag]         0.1.0           -> 0.1.0
2022-10-17T15:12:00.5069272Z  * [new tag]         0.2.0           -> 0.2.0
2022-10-17T15:12:00.5069583Z  * [new tag]         0.3.0           -> 0.3.0
2022-10-17T15:12:00.5069885Z  * [new tag]         0.4.0           -> 0.4.0
2022-10-17T15:12:00.5070171Z  * [new tag]         0.5.0           -> 0.5.0
2022-10-17T15:12:00.5070474Z  * [new tag]         0.5.1           -> 0.5.1
2022-10-17T15:12:00.5070776Z  * [new tag]         0.5.2           -> 0.5.2
2022-10-17T15:12:00.5071060Z  * [new tag]         0.5.3           -> 0.5.3
2022-10-17T15:12:00.5071363Z  * [new tag]         0.5.4           -> 0.5.4
2022-10-17T15:12:00.5092348Z [command]/usr/bin/git branch --list --remote origin/gh-152
2022-10-17T15:12:00.5123205Z   origin/gh-152
2022-10-17T15:12:00.5131817Z [command]/usr/bin/git rev-parse refs/remotes/origin/gh-152
2022-10-17T15:12:00.5159472Z fcd7dc1afec967ea5f700843f0f07e08c7fb5b0c
2022-10-17T15:12:00.5164291Z ##[endgroup]
2022-10-17T15:12:00.5165016Z ##[group]Determining the checkout info
2022-10-17T15:12:00.5166351Z ##[endgroup]
2022-10-17T15:12:00.5166938Z ##[group]Checking out the ref
2022-10-17T15:12:00.5170678Z [command]/usr/bin/git checkout --progress --force -B gh-152 refs/remotes/origin/gh-152
2022-10-17T15:12:00.5237735Z Switched to a new branch 'gh-152'
2022-10-17T15:12:00.5238466Z branch 'gh-152' set up to track 'origin/gh-152'.
2022-10-17T15:12:00.5246381Z ##[endgroup]
2022-10-17T15:12:00.5308957Z [command]/usr/bin/git log -1 --format='%H'
2022-10-17T15:12:00.5355022Z 'fcd7dc1afec967ea5f700843f0f07e08c7fb5b0c'
2022-10-17T15:12:00.5647765Z ##[group]Run actions/setup-python@v4
2022-10-17T15:12:00.5648104Z with:
2022-10-17T15:12:00.5648352Z   python-version: 3.8
2022-10-17T15:12:00.5648659Z   check-latest: false
2022-10-17T15:12:00.5649191Z   token: ***
2022-10-17T15:12:00.5649437Z   update-environment: true
2022-10-17T15:12:00.5649729Z ##[endgroup]
2022-10-17T15:12:00.7420781Z Successfully set up CPython (3.8.14)
2022-10-17T15:12:00.7547234Z ##[group]Run python -m pip install --upgrade pip wheel
2022-10-17T15:12:00.7547690Z [36;1mpython -m pip install --upgrade pip wheel[0m
2022-10-17T15:12:00.7548075Z [36;1mpython -m pip install --upgrade --upgrade-strategy=eager tox[0m
2022-10-17T15:12:00.7600874Z shell: /usr/bin/bash -e {0}
2022-10-17T15:12:00.7601157Z env:
2022-10-17T15:12:00.7601505Z   pythonLocation: /opt/hostedtoolcache/Python/3.8.14/x64
2022-10-17T15:12:00.7601886Z   PKG_CONFIG_PATH: /opt/hostedtoolcache/Python/3.8.14/x64/lib/pkgconfig
2022-10-17T15:12:00.7602227Z   Python_ROOT_DIR: /opt/hostedtoolcache/Python/3.8.14/x64
2022-10-17T15:12:00.7602671Z   Python2_ROOT_DIR: /opt/hostedtoolcache/Python/3.8.14/x64
2022-10-17T15:12:00.7603020Z   Python3_ROOT_DIR: /opt/hostedtoolcache/Python/3.8.14/x64
2022-10-17T15:12:00.7603325Z   LD_LIBRARY_PATH: /opt/hostedtoolcache/Python/3.8.14/x64/lib
2022-10-17T15:12:00.7603629Z ##[endgroup]
2022-10-17T15:12:08.3562961Z Requirement already satisfied: pip in /opt/hostedtoolcache/Python/3.8.14/x64/lib/python3.8/site-packages (22.2.2)
2022-10-17T15:12:08.5797394Z Collecting pip
2022-10-17T15:12:08.6217934Z   Downloading pip-22.3-py3-none-any.whl (2.1 MB)
2022-10-17T15:12:08.6657195Z      ‚îÅ‚îÅ‚îÅ‚îÅ‚îÅ‚îÅ‚îÅ‚îÅ‚îÅ‚îÅ‚îÅ‚îÅ‚îÅ‚îÅ‚îÅ‚îÅ‚îÅ‚îÅ‚îÅ‚îÅ‚îÅ‚îÅ‚îÅ‚îÅ‚îÅ‚îÅ‚îÅ‚îÅ‚îÅ‚îÅ‚îÅ‚îÅ‚îÅ‚îÅ‚îÅ‚îÅ‚îÅ‚îÅ‚îÅ‚îÅ 2.1/2.1 MB 50.3 MB/s eta 0:00:00
2022-10-17T15:12:08.7244405Z Collecting wheel
2022-10-17T15:12:08.7331637Z   Downloading wheel-0.37.1-py2.py3-none-any.whl (35 kB)
2022-10-17T15:12:08.8351802Z Installing collected packages: wheel, pip
2022-10-17T15:12:08.8618719Z   Attempting uninstall: pip
2022-10-17T15:12:08.8627507Z     Found existing installation: pip 22.2.2
2022-10-17T15:12:09.0349077Z     Uninstalling pip-22.2.2:
2022-10-17T15:12:09.0823857Z       Successfully uninstalled pip-22.2.2
2022-10-17T15:12:10.0730179Z Successfully installed pip-22.3 wheel-0.37.1
2022-10-17T15:12:11.7357126Z Collecting tox
2022-10-17T15:12:11.7805953Z   Downloading tox-3.26.0-py2.py3-none-any.whl (86 kB)
2022-10-17T15:12:11.7957228Z      ‚îÅ‚îÅ‚îÅ‚îÅ‚îÅ‚îÅ‚îÅ‚îÅ‚îÅ‚îÅ‚îÅ‚îÅ‚îÅ‚îÅ‚îÅ‚îÅ‚îÅ‚îÅ‚îÅ‚îÅ‚îÅ‚îÅ‚îÅ‚îÅ‚îÅ‚îÅ‚îÅ‚îÅ‚îÅ‚îÅ‚îÅ‚îÅ‚îÅ‚îÅ‚îÅ‚îÅ‚îÅ‚îÅ‚îÅ‚îÅ 86.3/86.3 kB 6.6 MB/s eta 0:00:00
2022-10-17T15:12:11.8561848Z Collecting py>=1.4.17
2022-10-17T15:12:11.8651298Z   Downloading py-1.11.0-py2.py3-none-any.whl (98 kB)
2022-10-17T15:12:11.8715523Z      ‚îÅ‚îÅ‚îÅ‚îÅ‚îÅ‚îÅ‚îÅ‚îÅ‚îÅ‚îÅ‚îÅ‚îÅ‚îÅ‚îÅ‚îÅ‚îÅ‚îÅ‚îÅ‚îÅ‚îÅ‚îÅ‚îÅ‚îÅ‚îÅ‚îÅ‚îÅ‚îÅ‚îÅ‚îÅ‚îÅ‚îÅ‚îÅ‚îÅ‚îÅ‚îÅ‚îÅ‚îÅ‚îÅ‚îÅ‚îÅ 98.7/98.7 kB 28.6 MB/s eta 0:00:00
2022-10-17T15:12:11.9011246Z Collecting pluggy>=0.12.0
2022-10-17T15:12:11.9097340Z   Downloading pluggy-1.0.0-py2.py3-none-any.whl (13 kB)
2022-10-17T15:12:11.9578841Z Collecting packaging>=14
2022-10-17T15:12:11.9666576Z   Downloading packaging-21.3-py3-none-any.whl (40 kB)
2022-10-17T15:12:11.9717051Z      ‚îÅ‚îÅ‚îÅ‚îÅ‚îÅ‚îÅ‚îÅ‚îÅ‚îÅ‚îÅ‚îÅ‚îÅ‚îÅ‚îÅ‚îÅ‚îÅ‚îÅ‚îÅ‚îÅ‚îÅ‚îÅ‚îÅ‚îÅ‚îÅ‚îÅ‚îÅ‚îÅ‚îÅ‚îÅ‚îÅ‚îÅ‚îÅ‚îÅ‚îÅ‚îÅ‚îÅ‚îÅ‚îÅ‚îÅ‚îÅ 40.8/40.8 kB 13.6 MB/s eta 0:00:00
2022-10-17T15:12:12.1600525Z Collecting virtualenv!=20.0.0,!=20.0.1,!=20.0.2,!=20.0.3,!=20.0.4,!=20.0.5,!=20.0.6,!=20.0.7,>=16.0.0
2022-10-17T15:12:12.1771184Z   Downloading virtualenv-20.16.5-py3-none-any.whl (8.8 MB)
2022-10-17T15:12:12.2826196Z      ‚îÅ‚îÅ‚îÅ‚îÅ‚îÅ‚îÅ‚îÅ‚îÅ‚îÅ‚îÅ‚îÅ‚îÅ‚îÅ‚îÅ‚îÅ‚îÅ‚îÅ‚îÅ‚îÅ‚îÅ‚îÅ‚îÅ‚îÅ‚îÅ‚îÅ‚îÅ‚îÅ‚îÅ‚îÅ‚îÅ‚îÅ‚îÅ‚îÅ‚îÅ‚îÅ‚îÅ‚îÅ‚îÅ‚îÅ‚îÅ 8.8/8.8 MB 85.7 MB/s eta 0:00:00
2022-10-17T15:12:12.3335786Z Collecting tomli>=2.0.1
2022-10-17T15:12:12.3576553Z   Downloading tomli-2.0.1-py3-none-any.whl (12 kB)
2022-10-17T15:12:12.3870848Z Collecting six>=1.14.0
2022-10-17T15:12:12.4024339Z   Downloading six-1.16.0-py2.py3-none-any.whl (11 kB)
2022-10-17T15:12:12.4359725Z Collecting filelock>=3.0.0
2022-10-17T15:12:12.4463216Z   Downloading filelock-3.8.0-py3-none-any.whl (10 kB)
2022-10-17T15:12:12.5156113Z Collecting pyparsing!=3.0.5,>=2.0.2
2022-10-17T15:12:12.5314120Z   Downloading pyparsing-3.0.9-py3-none-any.whl (98 kB)
2022-10-17T15:12:12.5375516Z      ‚îÅ‚îÅ‚îÅ‚îÅ‚îÅ‚îÅ‚îÅ‚îÅ‚îÅ‚îÅ‚îÅ‚îÅ‚îÅ‚îÅ‚îÅ‚îÅ‚îÅ‚îÅ‚îÅ‚îÅ‚îÅ‚îÅ‚îÅ‚îÅ‚îÅ‚îÅ‚îÅ‚îÅ‚îÅ‚îÅ‚îÅ‚îÅ‚îÅ‚îÅ‚îÅ‚îÅ‚îÅ‚îÅ‚îÅ‚îÅ 98.3/98.3 kB 28.2 MB/s eta 0:00:00
2022-10-17T15:12:12.5917081Z Collecting platformdirs<3,>=2.4
2022-10-17T15:12:12.6048056Z   Downloading platformdirs-2.5.2-py3-none-any.whl (14 kB)
2022-10-17T15:12:12.6331212Z Collecting distlib<1,>=0.3.5
2022-10-17T15:12:12.6420758Z   Downloading distlib-0.3.6-py2.py3-none-any.whl (468 kB)
2022-10-17T15:12:12.6508087Z      ‚îÅ‚îÅ‚îÅ‚îÅ‚îÅ‚îÅ‚îÅ‚îÅ‚îÅ‚îÅ‚îÅ‚îÅ‚îÅ‚îÅ‚îÅ‚îÅ‚îÅ‚îÅ‚îÅ‚îÅ‚îÅ‚îÅ‚îÅ‚îÅ‚îÅ‚îÅ‚îÅ‚îÅ‚îÅ‚îÅ‚îÅ‚îÅ‚îÅ‚îÅ‚îÅ‚îÅ‚îÅ‚îÅ 468.5/468.5 kB 80.3 MB/s eta 0:00:00
2022-10-17T15:12:12.7765345Z Installing collected packages: distlib, tomli, six, pyparsing, py, pluggy, platformdirs, filelock, virtualenv, packaging, tox
2022-10-17T15:12:13.2940235Z Successfully installed distlib-0.3.6 filelock-3.8.0 packaging-21.3 platformdirs-2.5.2 pluggy-1.0.0 py-1.11.0 pyparsing-3.0.9 six-1.16.0 tomli-2.0.1 tox-3.26.0 virtualenv-20.16.5
2022-10-17T15:12:13.9806343Z ##[group]Run tox -e typing
2022-10-17T15:12:13.9806631Z [36;1mtox -e typing[0m
2022-10-17T15:12:13.9859348Z shell: /usr/bin/bash -e {0}
2022-10-17T15:12:13.9859573Z env:
2022-10-17T15:12:13.9859823Z   pythonLocation: /opt/hostedtoolcache/Python/3.8.14/x64
2022-10-17T15:12:13.9860169Z   PKG_CONFIG_PATH: /opt/hostedtoolcache/Python/3.8.14/x64/lib/pkgconfig
2022-10-17T15:12:13.9860503Z   Python_ROOT_DIR: /opt/hostedtoolcache/Python/3.8.14/x64
2022-10-17T15:12:13.9860802Z   Python2_ROOT_DIR: /opt/hostedtoolcache/Python/3.8.14/x64
2022-10-17T15:12:13.9861111Z   Python3_ROOT_DIR: /opt/hostedtoolcache/Python/3.8.14/x64
2022-10-17T15:12:13.9861429Z   LD_LIBRARY_PATH: /opt/hostedtoolcache/Python/3.8.14/x64/lib
2022-10-17T15:12:13.9861694Z ##[endgroup]
2022-10-17T15:12:14.3000923Z .package create: /home/runner/work/tinuous/tinuous/.tox/.package
2022-10-17T15:12:15.0388861Z .package installdeps: setuptools >= 46.4.0, wheel ~= 0.32
2022-10-17T15:12:19.5851437Z warning: no previously-included files matching '*.py[cod]' found anywhere in distribution
2022-10-17T15:12:20.1221243Z warning: no previously-included files matching '*.py[cod]' found anywhere in distribution
2022-10-17T15:12:20.2353840Z typing create: /home/runner/work/tinuous/tinuous/.tox/typing
2022-10-17T15:12:20.6922604Z typing installdeps: mypy~=0.900, types-python-dateutil, types-PyYAML, types-requests, pytest~=6.0, pytest-cov~=2.0, pytest-mock~=3.0
2022-10-17T15:12:26.4510057Z typing inst: /home/runner/work/tinuous/tinuous/.tox/.tmp/package/1/tinuous-0.5.4+4.gfcd7dc1.tar.gz
2022-10-17T15:12:33.8232353Z typing installed: attrs==22.1.0,certifi==2022.9.24,cffi==1.15.1,charset-normalizer==2.1.1,click==8.1.3,click-loglevel==0.4.0.post1,coverage==6.5.0,Deprecated==1.2.13,idna==3.4,in-place==0.5.0,iniconfig==1.1.1,mypy==0.982,mypy-extensions==0.4.3,packaging==21.3,pluggy==1.0.0,py==1.11.0,pycparser==2.21,pydantic==1.10.2,PyGithub==1.56,PyJWT==2.5.0,PyNaCl==1.5.0,pyparsing==3.0.9,pytest==6.2.5,pytest-cov==2.12.1,pytest-mock==3.10.0,python-dateutil==2.8.2,python-dotenv==0.21.0,PyYAML==5.4.1,requests==2.28.1,six==1.16.0,tinuous @ file:///home/runner/work/tinuous/tinuous/.tox/.tmp/package/1/tinuous-0.5.4%2B4.gfcd7dc1.tar.gz,toml==0.10.2,tomli==2.0.1,types-python-dateutil==2.8.19.2,types-PyYAML==6.0.12,types-requests==2.28.11.2,types-urllib3==1.26.25.1,typing_extensions==4.4.0,urllib3==1.26.12,wrapt==1.14.1
2022-10-17T15:12:33.8236400Z typing run-test-pre: PYTHONHASHSEED='1494686604'
2022-10-17T15:12:33.8237809Z typing run-test: commands[0] | mypy src test
2022-10-17T15:12:44.5890605Z Success: no issues found in 13 source files
2022-10-17T15:12:44.5988360Z ___________________________________ summary ____________________________________
2022-10-17T15:12:44.5989214Z   typing: commands succeeded
2022-10-17T15:12:44.5989438Z   congratulations :)
2022-10-17T15:12:44.6277542Z Post job cleanup.
2022-10-17T15:12:44.7748998Z Post job cleanup.
2022-10-17T15:12:44.8907668Z [command]/usr/bin/git version
2022-10-17T15:12:44.8955513Z git version 2.37.3
2022-10-17T15:12:44.8999808Z Temporarily overriding HOME='/home/runner/work/_temp/3c4cac74-a6d7-4644-a7f0-82a18dc7cc81' before making global git config changes
2022-10-17T15:12:44.9000923Z Adding repository directory to the temporary git global config as a safe directory
2022-10-17T15:12:44.9005264Z [command]/usr/bin/git config --global --add safe.directory /home/runner/work/tinuous/tinuous
2022-10-17T15:12:44.9044133Z [command]/usr/bin/git config --local --name-only --get-regexp core\.sshCommand
2022-10-17T15:12:44.9078308Z [command]/usr/bin/git submodule foreach --recursive git config --local --name-only --get-regexp 'core\.sshCommand' && git config --local --unset-all 'core.sshCommand' || :
2022-10-17T15:12:44.9292304Z [command]/usr/bin/git config --local --name-only --get-regexp http\.https\:\/\/github\.com\/\.extraheader
2022-10-17T15:12:44.9347272Z http.https://github.com/.extraheader
2022-10-17T15:12:44.9348163Z [command]/usr/bin/git config --local --unset-all http.https://github.com/.extraheader
2022-10-17T15:12:44.9374996Z [command]/usr/bin/git submodule foreach --recursive git config --local --name-only --get-regexp 'http\.https\:\/\/github\.com\/\.extraheader' && git config --local --unset-all 'http.https://github.com/.extraheader' || :
2022-10-17T15:12:44.9834987Z Cleaning up orphan processes
