2025-12-03T01:48:09.7356441Z ##[group]Run codecov/codecov-action@v5
2025-12-03T01:48:09.7356698Z with:
2025-12-03T01:48:09.7356877Z   fail_ci_if_error: false
2025-12-03T01:48:09.7357193Z   token: ***
2025-12-03T01:48:09.7357357Z   name: 3.9
2025-12-03T01:48:09.7357533Z   disable_file_fixes: false
2025-12-03T01:48:09.7357730Z   disable_search: false
2025-12-03T01:48:09.7357930Z   disable_safe_directory: false
2025-12-03T01:48:09.7358140Z   disable_telem: false
2025-12-03T01:48:09.7358318Z   dry_run: false
2025-12-03T01:48:09.7358496Z   git_service: github
2025-12-03T01:48:09.7358672Z   gcov_executable: gcov
2025-12-03T01:48:09.7358871Z   handle_no_reports_found: false
2025-12-03T01:48:09.7359089Z   recurse_submodules: false
2025-12-03T01:48:09.7359294Z   run_command: upload-coverage
2025-12-03T01:48:09.7359503Z   skip_validation: false
2025-12-03T01:48:09.7359698Z   use_legacy_upload_endpoint: false
2025-12-03T01:48:09.7359931Z   use_oidc: false
2025-12-03T01:48:09.7360098Z   use_pypi: false
2025-12-03T01:48:09.7360257Z   verbose: false
2025-12-03T01:48:09.7360469Z   version: latest
2025-12-03T01:48:09.7360631Z env:
2025-12-03T01:48:09.7360851Z   pythonLocation: /opt/hostedtoolcache/Python/3.9.25/x64
2025-12-03T01:48:09.7361218Z   PKG_CONFIG_PATH: /opt/hostedtoolcache/Python/3.9.25/x64/lib/pkgconfig
2025-12-03T01:48:09.7361577Z   Python_ROOT_DIR: /opt/hostedtoolcache/Python/3.9.25/x64
2025-12-03T01:48:09.7361889Z   Python2_ROOT_DIR: /opt/hostedtoolcache/Python/3.9.25/x64
2025-12-03T01:48:09.7362207Z   Python3_ROOT_DIR: /opt/hostedtoolcache/Python/3.9.25/x64
2025-12-03T01:48:09.7362532Z   LD_LIBRARY_PATH: /opt/hostedtoolcache/Python/3.9.25/x64/lib
2025-12-03T01:48:09.7362795Z ##[endgroup]
2025-12-03T01:48:09.7434415Z ##[group]Run missing_deps=""
2025-12-03T01:48:09.7434691Z [36;1mmissing_deps=""[0m
2025-12-03T01:48:09.7434883Z [36;1m[0m
2025-12-03T01:48:09.7435065Z [36;1m# Check for required commands[0m
2025-12-03T01:48:09.7435321Z [36;1mfor cmd in bash git curl gpg; do[0m
2025-12-03T01:48:09.7435719Z [36;1m  if ! command -v "$cmd" >/dev/null 2>&1; then[0m
2025-12-03T01:48:09.7436007Z [36;1m    missing_deps="$missing_deps $cmd"[0m
2025-12-03T01:48:09.7436231Z [36;1m  fi[0m
2025-12-03T01:48:09.7436398Z [36;1mdone[0m
2025-12-03T01:48:09.7436552Z [36;1m[0m
2025-12-03T01:48:09.7436744Z [36;1m# Report missing required dependencies[0m
2025-12-03T01:48:09.7437008Z [36;1mif [ -n "$missing_deps" ]; then[0m
2025-12-03T01:48:09.7437349Z [36;1m  echo "Error: The following required dependencies are missing:$missing_deps"[0m
2025-12-03T01:48:09.7437783Z [36;1m  echo "Please install these dependencies before using this action."[0m
2025-12-03T01:48:09.7438090Z [36;1m  exit 1[0m
2025-12-03T01:48:09.7438252Z [36;1mfi[0m
2025-12-03T01:48:09.7438409Z [36;1m[0m
2025-12-03T01:48:09.7438631Z [36;1mecho "All required system dependencies are available."[0m
2025-12-03T01:48:09.7572128Z shell: /usr/bin/sh -e {0}
2025-12-03T01:48:09.7572358Z env:
2025-12-03T01:48:09.7572596Z   pythonLocation: /opt/hostedtoolcache/Python/3.9.25/x64
2025-12-03T01:48:09.7572983Z   PKG_CONFIG_PATH: /opt/hostedtoolcache/Python/3.9.25/x64/lib/pkgconfig
2025-12-03T01:48:09.7573349Z   Python_ROOT_DIR: /opt/hostedtoolcache/Python/3.9.25/x64
2025-12-03T01:48:09.7573669Z   Python2_ROOT_DIR: /opt/hostedtoolcache/Python/3.9.25/x64
2025-12-03T01:48:09.7573988Z   Python3_ROOT_DIR: /opt/hostedtoolcache/Python/3.9.25/x64
2025-12-03T01:48:09.7574317Z   LD_LIBRARY_PATH: /opt/hostedtoolcache/Python/3.9.25/x64/lib
2025-12-03T01:48:09.7574589Z ##[endgroup]
2025-12-03T01:48:09.7620110Z All required system dependencies are available.
2025-12-03T01:48:09.7644559Z ##[group]Run CC_ACTION_VERSION=$(cat ${GITHUB_ACTION_PATH}/src/version)
2025-12-03T01:48:09.7644987Z [36;1mCC_ACTION_VERSION=$(cat ${GITHUB_ACTION_PATH}/src/version)[0m
2025-12-03T01:48:09.7645373Z [36;1mecho -e "\033[0;32m==>\033[0m Running Action version $CC_ACTION_VERSION"[0m
2025-12-03T01:48:09.7663383Z shell: /usr/bin/bash --noprofile --norc -e -o pipefail {0}
2025-12-03T01:48:09.7663684Z env:
2025-12-03T01:48:09.7664058Z   pythonLocation: /opt/hostedtoolcache/Python/3.9.25/x64
2025-12-03T01:48:09.7664427Z   PKG_CONFIG_PATH: /opt/hostedtoolcache/Python/3.9.25/x64/lib/pkgconfig
2025-12-03T01:48:09.7664791Z   Python_ROOT_DIR: /opt/hostedtoolcache/Python/3.9.25/x64
2025-12-03T01:48:09.7665114Z   Python2_ROOT_DIR: /opt/hostedtoolcache/Python/3.9.25/x64
2025-12-03T01:48:09.7665421Z   Python3_ROOT_DIR: /opt/hostedtoolcache/Python/3.9.25/x64
2025-12-03T01:48:09.7665869Z   LD_LIBRARY_PATH: /opt/hostedtoolcache/Python/3.9.25/x64/lib
2025-12-03T01:48:09.7666136Z ##[endgroup]
2025-12-03T01:48:09.7712415Z [0;32m==>[0m Running Action version 5.5.1
2025-12-03T01:48:09.7748159Z ##[group]Run git config --global --add safe.directory "/home/runner/work/tinuous/tinuous"
2025-12-03T01:48:09.7748674Z [36;1mgit config --global --add safe.directory "/home/runner/work/tinuous/tinuous"[0m
2025-12-03T01:48:09.7749111Z [36;1mgit config --global --add safe.directory "$GITHUB_WORKSPACE"[0m
2025-12-03T01:48:09.7765341Z shell: /usr/bin/bash --noprofile --norc -e -o pipefail {0}
2025-12-03T01:48:09.7765769Z env:
2025-12-03T01:48:09.7766038Z   pythonLocation: /opt/hostedtoolcache/Python/3.9.25/x64
2025-12-03T01:48:09.7766408Z   PKG_CONFIG_PATH: /opt/hostedtoolcache/Python/3.9.25/x64/lib/pkgconfig
2025-12-03T01:48:09.7766772Z   Python_ROOT_DIR: /opt/hostedtoolcache/Python/3.9.25/x64
2025-12-03T01:48:09.7767095Z   Python2_ROOT_DIR: /opt/hostedtoolcache/Python/3.9.25/x64
2025-12-03T01:48:09.7767405Z   Python3_ROOT_DIR: /opt/hostedtoolcache/Python/3.9.25/x64
2025-12-03T01:48:09.7767731Z   LD_LIBRARY_PATH: /opt/hostedtoolcache/Python/3.9.25/x64/lib
2025-12-03T01:48:09.7768004Z ##[endgroup]
2025-12-03T01:48:09.7844175Z ##[group]Run CC_FORK="false"
2025-12-03T01:48:09.7844419Z [36;1mCC_FORK="false"[0m
2025-12-03T01:48:09.7844881Z [36;1mif [ -n "$GITHUB_EVENT_PULL_REQUEST_HEAD_REPO_FULL_NAME" ] && [ "$GITHUB_EVENT_PULL_REQUEST_HEAD_REPO_FULL_NAME" != "$GITHUB_REPOSITORY" ];[0m
2025-12-03T01:48:09.7845359Z [36;1mthen[0m
2025-12-03T01:48:09.7845561Z [36;1m  echo -e "\033[0;32m==>\033[0m Fork detected"[0m
2025-12-03T01:48:09.7846003Z [36;1m  CC_FORK="true"[0m
2025-12-03T01:48:09.7846187Z [36;1mfi[0m
2025-12-03T01:48:09.7846380Z [36;1mecho "CC_FORK=$CC_FORK" >> "$GITHUB_ENV"[0m
2025-12-03T01:48:09.7862197Z shell: /usr/bin/bash --noprofile --norc -e -o pipefail {0}
2025-12-03T01:48:09.7862484Z env:
2025-12-03T01:48:09.7862714Z   pythonLocation: /opt/hostedtoolcache/Python/3.9.25/x64
2025-12-03T01:48:09.7863068Z   PKG_CONFIG_PATH: /opt/hostedtoolcache/Python/3.9.25/x64/lib/pkgconfig
2025-12-03T01:48:09.7863430Z   Python_ROOT_DIR: /opt/hostedtoolcache/Python/3.9.25/x64
2025-12-03T01:48:09.7863751Z   Python2_ROOT_DIR: /opt/hostedtoolcache/Python/3.9.25/x64
2025-12-03T01:48:09.7864064Z   Python3_ROOT_DIR: /opt/hostedtoolcache/Python/3.9.25/x64
2025-12-03T01:48:09.7864389Z   LD_LIBRARY_PATH: /opt/hostedtoolcache/Python/3.9.25/x64/lib
2025-12-03T01:48:09.7864780Z   GITHUB_EVENT_PULL_REQUEST_HEAD_LABEL: con:copilot/fix-workflow-overlap-issue
2025-12-03T01:48:09.7865187Z   GITHUB_EVENT_PULL_REQUEST_HEAD_REPO_FULL_NAME: con/tinuous
2025-12-03T01:48:09.7865476Z   GITHUB_REPOSITORY: con/tinuous
2025-12-03T01:48:09.7865846Z ##[endgroup]
2025-12-03T01:48:09.7939595Z ##[group]Run actions/github-script@60a0d83039c74a4aee543508d2ffcb1c3799cdea
2025-12-03T01:48:09.7939928Z with:
2025-12-03T01:48:09.7940410Z   script: if (process.env.CC_USE_OIDC === 'true' && process.env.CC_FORK != 'true') {
  const id_token = await core.getIDToken(process.env.CC_OIDC_AUDIENCE)
  return id_token
}

2025-12-03T01:48:09.7941066Z   github-token: ***
2025-12-03T01:48:09.7941242Z   debug: false
2025-12-03T01:48:09.7941426Z   user-agent: actions/github-script
2025-12-03T01:48:09.7941652Z   result-encoding: json
2025-12-03T01:48:09.7941841Z   retries: 0
2025-12-03T01:48:09.7942037Z   retry-exempt-status-codes: 400,401,403,404,422
2025-12-03T01:48:09.7942396Z env:
2025-12-03T01:48:09.7942700Z   pythonLocation: /opt/hostedtoolcache/Python/3.9.25/x64
2025-12-03T01:48:09.7943088Z   PKG_CONFIG_PATH: /opt/hostedtoolcache/Python/3.9.25/x64/lib/pkgconfig
2025-12-03T01:48:09.7943539Z   Python_ROOT_DIR: /opt/hostedtoolcache/Python/3.9.25/x64
2025-12-03T01:48:09.7943868Z   Python2_ROOT_DIR: /opt/hostedtoolcache/Python/3.9.25/x64
2025-12-03T01:48:09.7944184Z   Python3_ROOT_DIR: /opt/hostedtoolcache/Python/3.9.25/x64
2025-12-03T01:48:09.7944500Z   LD_LIBRARY_PATH: /opt/hostedtoolcache/Python/3.9.25/x64/lib
2025-12-03T01:48:09.7944773Z   CC_FORK: false
2025-12-03T01:48:09.7944975Z   CC_OIDC_AUDIENCE: https://codecov.io
2025-12-03T01:48:09.7945208Z   CC_USE_OIDC: false
2025-12-03T01:48:09.7945391Z ##[endgroup]
2025-12-03T01:48:09.8793754Z ##[group]Run if [ "false" == 'true' ] && [ "$CC_FORK" != 'true' ];
2025-12-03T01:48:09.8794170Z [36;1mif [ "false" == 'true' ] && [ "$CC_FORK" != 'true' ];[0m
2025-12-03T01:48:09.8794431Z [36;1mthen[0m
2025-12-03T01:48:09.8794664Z [36;1m  echo "CC_TOKEN=$CC_OIDC_TOKEN" >> "$GITHUB_ENV"[0m
2025-12-03T01:48:09.8794934Z [36;1melif [ -n "" ];[0m
2025-12-03T01:48:09.8795129Z [36;1mthen[0m
2025-12-03T01:48:09.8795364Z [36;1m  echo -e "\033[0;32m==>\033[0m Token set from env"[0m
2025-12-03T01:48:09.8795786Z [36;1m    echo "CC_TOKEN=" >> "$GITHUB_ENV"[0m
2025-12-03T01:48:09.8796126Z [36;1melse[0m
2025-12-03T01:48:09.8796450Z [36;1m  if [ -n "***" ];[0m
2025-12-03T01:48:09.8796642Z [36;1m  then[0m
2025-12-03T01:48:09.8796871Z [36;1m    echo -e "\033[0;32m==>\033[0m Token set from input"[0m
2025-12-03T01:48:09.8797266Z [36;1m    CC_TOKEN=$(echo "***" | tr -d '\n')[0m
2025-12-03T01:48:09.8797537Z [36;1m    echo "CC_TOKEN=$CC_TOKEN" >> "$GITHUB_ENV"[0m
2025-12-03T01:48:09.8797786Z [36;1m  fi[0m
2025-12-03T01:48:09.8797954Z [36;1mfi[0m
2025-12-03T01:48:09.8816609Z shell: /usr/bin/bash --noprofile --norc -e -o pipefail {0}
2025-12-03T01:48:09.8816904Z env:
2025-12-03T01:48:09.8817139Z   pythonLocation: /opt/hostedtoolcache/Python/3.9.25/x64
2025-12-03T01:48:09.8817525Z   PKG_CONFIG_PATH: /opt/hostedtoolcache/Python/3.9.25/x64/lib/pkgconfig
2025-12-03T01:48:09.8817877Z   Python_ROOT_DIR: /opt/hostedtoolcache/Python/3.9.25/x64
2025-12-03T01:48:09.8818215Z   Python2_ROOT_DIR: /opt/hostedtoolcache/Python/3.9.25/x64
2025-12-03T01:48:09.8818536Z   Python3_ROOT_DIR: /opt/hostedtoolcache/Python/3.9.25/x64
2025-12-03T01:48:09.8818850Z   LD_LIBRARY_PATH: /opt/hostedtoolcache/Python/3.9.25/x64/lib
2025-12-03T01:48:09.8819127Z   CC_FORK: false
2025-12-03T01:48:09.8819300Z   CC_OIDC_TOKEN: 
2025-12-03T01:48:09.8819512Z   CC_OIDC_AUDIENCE: https://codecov.io
2025-12-03T01:48:09.8819741Z ##[endgroup]
2025-12-03T01:48:09.8857600Z [0;32m==>[0m Token set from input
2025-12-03T01:48:09.8890756Z ##[group]Run if [ -z "$CC_BRANCH" ] && [ -z "$CC_TOKEN" ] && [ "$CC_FORK" == 'true' ]
2025-12-03T01:48:09.8891171Z [36;1mif [ -z "$CC_BRANCH" ] && [ -z "$CC_TOKEN" ] && [ "$CC_FORK" == 'true' ][0m
2025-12-03T01:48:09.8891456Z [36;1mthen[0m
2025-12-03T01:48:09.8891801Z [36;1m  echo -e "\033[0;32m==>\033[0m Fork detected, setting branch to $GITHUB_EVENT_PULL_REQUEST_HEAD_LABEL"[0m
2025-12-03T01:48:09.8892248Z [36;1m  TOKENLESS="$GITHUB_EVENT_PULL_REQUEST_HEAD_LABEL"[0m
2025-12-03T01:48:09.8892563Z [36;1m  CC_BRANCH="$GITHUB_EVENT_PULL_REQUEST_HEAD_LABEL"[0m
2025-12-03T01:48:09.8892864Z [36;1m  echo "TOKENLESS=$TOKENLESS" >> "$GITHUB_ENV"[0m
2025-12-03T01:48:09.8893109Z [36;1mfi[0m
2025-12-03T01:48:09.8893266Z [36;1m[0m
2025-12-03T01:48:09.8893468Z [36;1mecho "CC_BRANCH=$CC_BRANCH" >> "$GITHUB_ENV"[0m
2025-12-03T01:48:09.8910095Z shell: /usr/bin/bash --noprofile --norc -e -o pipefail {0}
2025-12-03T01:48:09.8910393Z env:
2025-12-03T01:48:09.8910623Z   pythonLocation: /opt/hostedtoolcache/Python/3.9.25/x64
2025-12-03T01:48:09.8910991Z   PKG_CONFIG_PATH: /opt/hostedtoolcache/Python/3.9.25/x64/lib/pkgconfig
2025-12-03T01:48:09.8911362Z   Python_ROOT_DIR: /opt/hostedtoolcache/Python/3.9.25/x64
2025-12-03T01:48:09.8911680Z   Python2_ROOT_DIR: /opt/hostedtoolcache/Python/3.9.25/x64
2025-12-03T01:48:09.8912112Z   Python3_ROOT_DIR: /opt/hostedtoolcache/Python/3.9.25/x64
2025-12-03T01:48:09.8912429Z   LD_LIBRARY_PATH: /opt/hostedtoolcache/Python/3.9.25/x64/lib
2025-12-03T01:48:09.8912795Z   CC_FORK: false
2025-12-03T01:48:09.8913095Z   CC_TOKEN: ***
2025-12-03T01:48:09.8913267Z   CC_BRANCH: 
2025-12-03T01:48:09.8913556Z   GITHUB_EVENT_PULL_REQUEST_HEAD_LABEL: con:copilot/fix-workflow-overlap-issue
2025-12-03T01:48:09.8913961Z   GITHUB_EVENT_PULL_REQUEST_HEAD_REPO_FULL_NAME: con/tinuous
2025-12-03T01:48:09.8914244Z   GITHUB_REPOSITORY: con/tinuous
2025-12-03T01:48:09.8914454Z ##[endgroup]
2025-12-03T01:48:09.8969822Z ##[group]Run if [ -z "$CC_SHA" ];
2025-12-03T01:48:09.8970098Z [36;1mif [ -z "$CC_SHA" ];[0m
2025-12-03T01:48:09.8970295Z [36;1mthen[0m
2025-12-03T01:48:09.8970510Z [36;1m  CC_SHA="$GITHUB_EVENT_PULL_REQUEST_HEAD_SHA"[0m
2025-12-03T01:48:09.8970758Z [36;1mfi[0m
2025-12-03T01:48:09.8970965Z [36;1mif [ -z "$CC_PR" ] && [ "$CC_FORK" == 'true' ];[0m
2025-12-03T01:48:09.8971227Z [36;1mthen[0m
2025-12-03T01:48:09.8971405Z [36;1m  CC_PR="$GITHUB_EVENT_NUMBER"[0m
2025-12-03T01:48:09.8971642Z [36;1mfi[0m
2025-12-03T01:48:09.8971798Z [36;1m[0m
2025-12-03T01:48:09.8971978Z [36;1mecho "CC_SHA=$CC_SHA" >> "$GITHUB_ENV"[0m
2025-12-03T01:48:09.8972238Z [36;1mecho "CC_PR=$CC_PR" >> "$GITHUB_ENV"[0m
2025-12-03T01:48:09.8988329Z shell: /usr/bin/bash --noprofile --norc -e -o pipefail {0}
2025-12-03T01:48:09.8988626Z env:
2025-12-03T01:48:09.8988854Z   pythonLocation: /opt/hostedtoolcache/Python/3.9.25/x64
2025-12-03T01:48:09.8989226Z   PKG_CONFIG_PATH: /opt/hostedtoolcache/Python/3.9.25/x64/lib/pkgconfig
2025-12-03T01:48:09.8989580Z   Python_ROOT_DIR: /opt/hostedtoolcache/Python/3.9.25/x64
2025-12-03T01:48:09.8989903Z   Python2_ROOT_DIR: /opt/hostedtoolcache/Python/3.9.25/x64
2025-12-03T01:48:09.8990221Z   Python3_ROOT_DIR: /opt/hostedtoolcache/Python/3.9.25/x64
2025-12-03T01:48:09.8990534Z   LD_LIBRARY_PATH: /opt/hostedtoolcache/Python/3.9.25/x64/lib
2025-12-03T01:48:09.8990822Z   CC_FORK: false
2025-12-03T01:48:09.8991120Z   CC_TOKEN: ***
2025-12-03T01:48:09.8991295Z   CC_BRANCH: 
2025-12-03T01:48:09.8991479Z   CC_PR: 
2025-12-03T01:48:09.8991643Z   CC_SHA: 
2025-12-03T01:48:09.8991813Z   GITHUB_EVENT_NAME: pull_request
2025-12-03T01:48:09.8992049Z   GITHUB_EVENT_NUMBER: 221
2025-12-03T01:48:09.8992347Z   GITHUB_EVENT_PULL_REQUEST_HEAD_SHA: c18690ec8007c8c2f21048856938ce9f1a144711
2025-12-03T01:48:09.8992677Z ##[endgroup]
2025-12-03T01:48:09.9051948Z ##[group]Run ${GITHUB_ACTION_PATH}/dist/codecov.sh
2025-12-03T01:48:09.9052283Z [36;1m${GITHUB_ACTION_PATH}/dist/codecov.sh[0m
2025-12-03T01:48:09.9068527Z shell: /usr/bin/bash --noprofile --norc -e -o pipefail {0}
2025-12-03T01:48:09.9068824Z env:
2025-12-03T01:48:09.9069051Z   pythonLocation: /opt/hostedtoolcache/Python/3.9.25/x64
2025-12-03T01:48:09.9069429Z   PKG_CONFIG_PATH: /opt/hostedtoolcache/Python/3.9.25/x64/lib/pkgconfig
2025-12-03T01:48:09.9069794Z   Python_ROOT_DIR: /opt/hostedtoolcache/Python/3.9.25/x64
2025-12-03T01:48:09.9070124Z   Python2_ROOT_DIR: /opt/hostedtoolcache/Python/3.9.25/x64
2025-12-03T01:48:09.9070562Z   Python3_ROOT_DIR: /opt/hostedtoolcache/Python/3.9.25/x64
2025-12-03T01:48:09.9071178Z   LD_LIBRARY_PATH: /opt/hostedtoolcache/Python/3.9.25/x64/lib
2025-12-03T01:48:09.9071457Z   CC_FORK: false
2025-12-03T01:48:09.9071785Z   CC_TOKEN: ***
2025-12-03T01:48:09.9071963Z   CC_BRANCH: 
2025-12-03T01:48:09.9072162Z   CC_SHA: c18690ec8007c8c2f21048856938ce9f1a144711
2025-12-03T01:48:09.9072406Z   CC_PR: 
2025-12-03T01:48:09.9072562Z   CC_BASE_SHA: 
2025-12-03T01:48:09.9072730Z   CC_BINARY: 
2025-12-03T01:48:09.9072902Z   CC_BUILD: 
2025-12-03T01:48:09.9073063Z   CC_BUILD_URL: 
2025-12-03T01:48:09.9073242Z   CC_CODE: 
2025-12-03T01:48:09.9073395Z   CC_DIR: 
2025-12-03T01:48:09.9073574Z   CC_DISABLE_FILE_FIXES: false
2025-12-03T01:48:09.9073791Z   CC_DISABLE_SEARCH: false
2025-12-03T01:48:09.9073982Z   CC_DISABLE_TELEM: false
2025-12-03T01:48:09.9074175Z   CC_DRY_RUN: false
2025-12-03T01:48:09.9074481Z   CC_ENTERPRISE_URL: 
2025-12-03T01:48:09.9074681Z   CC_ENV: 
2025-12-03T01:48:09.9074849Z   CC_EXCLUDES: 
2025-12-03T01:48:09.9075101Z   CC_FAIL_ON_ERROR: false
2025-12-03T01:48:09.9075290Z   CC_FILES: 
2025-12-03T01:48:09.9075439Z   CC_FLAGS: 
2025-12-03T01:48:09.9075714Z   CC_FORCE: 
2025-12-03T01:48:09.9075956Z   CC_GCOV_ARGS: 
2025-12-03T01:48:09.9076131Z   CC_GCOV_EXECUTABLE: gcov
2025-12-03T01:48:09.9076332Z   CC_GCOV_IGNORE: 
2025-12-03T01:48:09.9076590Z   CC_GCOV_INCLUDE: 
2025-12-03T01:48:09.9076779Z   CC_GIT_SERVICE: github
2025-12-03T01:48:09.9076995Z   CC_HANDLE_NO_REPORTS_FOUND: false
2025-12-03T01:48:09.9077245Z   CC_JOB_CODE: 
2025-12-03T01:48:09.9077419Z   CC_LEGACY: false
2025-12-03T01:48:09.9077585Z   CC_NAME: 3.9
2025-12-03T01:48:09.9077744Z   CC_NETWORK_FILTER: 
2025-12-03T01:48:09.9077929Z   CC_NETWORK_PREFIX: 
2025-12-03T01:48:09.9078113Z   CC_NETWORK_ROOT_FOLDER: 
2025-12-03T01:48:09.9078293Z   CC_OS: 
2025-12-03T01:48:09.9078448Z   CC_PARENT_SHA: 
2025-12-03T01:48:09.9078613Z   CC_PLUGINS: 
2025-12-03T01:48:09.9078791Z   CC_RECURSE_SUBMODULES: false
2025-12-03T01:48:09.9078995Z   CC_REPORT_TYPE: 
2025-12-03T01:48:09.9079175Z   CC_RUN_CMD: upload-coverage
2025-12-03T01:48:09.9079378Z   CC_SERVICE: github
2025-12-03T01:48:09.9079566Z   CC_SKIP_VALIDATION: false
2025-12-03T01:48:09.9079752Z   CC_SLUG: 
2025-12-03T01:48:09.9079912Z   CC_SWIFT_PROJECT: 
2025-12-03T01:48:09.9080083Z   CC_USE_PYPI: false
2025-12-03T01:48:09.9080262Z   CC_VERBOSE: false
2025-12-03T01:48:09.9080436Z   CC_VERSION: latest
2025-12-03T01:48:09.9080603Z   CC_YML_PATH: 
2025-12-03T01:48:09.9080772Z ##[endgroup]
2025-12-03T01:48:09.9132405Z      _____          _
2025-12-03T01:48:09.9132762Z     / ____|        | |
2025-12-03T01:48:09.9133092Z    | |     ___   __| | ___  ___ _____   __
2025-12-03T01:48:09.9133480Z    | |    / _ \ / _` |/ _ \/ __/ _ \ \ / /
2025-12-03T01:48:09.9133867Z    | |___| (_) | (_| |  __/ (_| (_) \ V /
2025-12-03T01:48:09.9134242Z     \_____\___/ \__,_|\___|\___\___/ \_/
2025-12-03T01:48:09.9134717Z                            [0;31m Wrapper-0.2.7[0m
2025-12-03T01:48:09.9134965Z                            
2025-12-03T01:48:09.9179195Z [0;32m==>[0m Detected [0;36mlinux[0m
2025-12-03T01:48:09.9179975Z [0;32m ->[0m Downloading [0;36mhttps://cli.codecov.io/latest/linux/codecov[0m
2025-12-03T01:48:09.9221979Z   % Total    % Received % Xferd  Average Speed   Time    Time     Time  Current
2025-12-03T01:48:09.9222701Z                                  Dload  Upload   Total   Spent    Left  Speed
2025-12-03T01:48:09.9222922Z 
2025-12-03T01:48:10.1279574Z   0     0    0     0    0     0      0      0 --:--:-- --:--:-- --:--:--     0
2025-12-03T01:48:10.1280133Z 100 10.6M  100 10.6M    0     0  51.7M      0 --:--:-- --:--:-- --:--:-- 51.9M
2025-12-03T01:48:10.1300121Z [0;32m==>[0m Finishing downloading [0;36mlinux:latest[0m
2025-12-03T01:48:10.1937430Z       Version: [0;36mv11.2.5[0m
2025-12-03T01:48:10.1937782Z  
2025-12-03T01:48:10.2264613Z gpg: directory '/home/runner/.gnupg' created
2025-12-03T01:48:10.2296284Z gpg: keybox '/home/runner/.gnupg/pubring.kbx' created
2025-12-03T01:48:10.4042499Z gpg: /home/runner/.gnupg/trustdb.gpg: trustdb created
2025-12-03T01:48:10.4043421Z gpg: key 806BB28AED779869: public key "Codecov Uploader (Codecov Uploader Verification Key) <security@codecov.io>" imported
2025-12-03T01:48:10.4395258Z gpg: Total number processed: 1
2025-12-03T01:48:10.4395985Z gpg:               imported: 1
2025-12-03T01:48:10.4401684Z [0;32m==>[0m Verifying GPG signature integrity
2025-12-03T01:48:10.4402552Z [0;32m ->[0m Downloading [0;36mhttps://cli.codecov.io/latest/linux/codecov.SHA256SUM[0m
2025-12-03T01:48:10.4403565Z [0;32m ->[0m Downloading [0;36mhttps://cli.codecov.io/latest/linux/codecov.SHA256SUM.sig[0m
2025-12-03T01:48:10.4404206Z  
2025-12-03T01:48:10.5632206Z gpg: Signature made Mon Nov 10 14:58:43 2025 UTC
2025-12-03T01:48:10.5632892Z gpg:                using RSA key 27034E7FDB850E0BBC2C62FF806BB28AED779869
2025-12-03T01:48:10.5634330Z gpg: Good signature from "Codecov Uploader (Codecov Uploader Verification Key) <security@codecov.io>" [unknown]
2025-12-03T01:48:10.5634991Z gpg: WARNING: This key is not certified with a trusted signature!
2025-12-03T01:48:10.5635571Z gpg:          There is no indication that the signature belongs to the owner.
2025-12-03T01:48:10.5636240Z Primary key fingerprint: 2703 4E7F DB85 0E0B BC2C  62FF 806B B28A ED77 9869
2025-12-03T01:48:10.6379579Z codecov: OK
2025-12-03T01:48:10.6387052Z [0;32m==>[0m CLI integrity verified
2025-12-03T01:48:10.6387452Z 
2025-12-03T01:48:10.6890605Z [0;32m ->[0m Token length: 36
2025-12-03T01:48:10.6891079Z [0;32m==>[0m Running upload-coverage
2025-12-03T01:48:10.6898665Z       [0;36m./codecov  upload-coverage -t <redacted> --git-service github --sha c18690ec8007c8c2f21048856938ce9f1a144711 --gcov-executable gcov --name 3.9[0m
2025-12-03T01:48:11.0118451Z info - 2025-12-03 01:48:11,011 -- ci service found: github-actions
2025-12-03T01:48:11.0485309Z warning - 2025-12-03 01:48:11,048 -- xcrun is not installed or can't be found.
2025-12-03T01:48:11.1052189Z warning - 2025-12-03 01:48:11,104 -- No gcov data found.
2025-12-03T01:48:11.1053944Z warning - 2025-12-03 01:48:11,105 -- coverage.py is not installed or can't be found.
2025-12-03T01:48:11.1197531Z info - 2025-12-03 01:48:11,119 -- Found 1 coverage files to report
2025-12-03T01:48:11.1198086Z info - 2025-12-03 01:48:11,119 -- > /home/runner/work/tinuous/tinuous/coverage.xml
2025-12-03T01:48:11.7732628Z info - 2025-12-03 01:48:11,772 -- Your upload is now processing. When finished, results will be available at: https://app.codecov.io/github/con/tinuous/commit/c18690ec8007c8c2f21048856938ce9f1a144711
2025-12-03T01:48:11.9548425Z info - 2025-12-03 01:48:11,954 -- Process Upload complete
