2021-05-28T17:03:26.9029890Z ##[section]Starting: Request a runner to run this job
2021-05-28T17:03:27.5024971Z Can't find any online and idle self-hosted runner in current repository that matches the required labels: 'ubuntu-latest'
2021-05-28T17:03:27.5025208Z Can't find any online and idle self-hosted runner in current repository's account/organization that matches the required labels: 'ubuntu-latest'
2021-05-28T17:03:27.5025422Z Found online and idle hosted runner in current repository's account/organization that matches the required labels: 'ubuntu-latest'
2021-05-28T17:03:27.8238676Z ##[section]Finishing: Request a runner to run this job
2021-05-28T17:03:35.7652001Z Current runner version: '2.278.0'
2021-05-28T17:03:35.7684008Z ##[group]Operating System
2021-05-28T17:03:35.7685121Z Ubuntu
2021-05-28T17:03:35.7685600Z 20.04.2
2021-05-28T17:03:35.7686113Z LTS
2021-05-28T17:03:35.7686615Z ##[endgroup]
2021-05-28T17:03:35.7687319Z ##[group]Virtual Environment
2021-05-28T17:03:35.7688025Z Environment: ubuntu-20.04
2021-05-28T17:03:35.7688929Z Version: 20210524.1
2021-05-28T17:03:35.7690043Z Included Software: https://github.com/actions/virtual-environments/blob/ubuntu20/20210524.1/images/linux/Ubuntu2004-README.md
2021-05-28T17:03:35.7691593Z Image Release: https://github.com/actions/virtual-environments/releases/tag/ubuntu20%2F20210524.1
2021-05-28T17:03:35.7692652Z ##[endgroup]
2021-05-28T17:03:35.7694773Z ##[group]GITHUB_TOKEN Permissions
2021-05-28T17:03:35.7696258Z Actions: write
2021-05-28T17:03:35.7696809Z Checks: write
2021-05-28T17:03:35.7697446Z Contents: write
2021-05-28T17:03:35.7698092Z Deployments: write
2021-05-28T17:03:35.7698839Z Issues: write
2021-05-28T17:03:35.7699451Z Metadata: read
2021-05-28T17:03:35.7700008Z Packages: write
2021-05-28T17:03:35.7700691Z PullRequests: write
2021-05-28T17:03:35.7701374Z RepositoryProjects: write
2021-05-28T17:03:35.7702127Z SecurityEvents: write
2021-05-28T17:03:35.7702732Z Statuses: write
2021-05-28T17:03:35.7703436Z ##[endgroup]
2021-05-28T17:03:35.7707139Z Prepare workflow directory
2021-05-28T17:03:35.8429276Z Prepare all required actions
2021-05-28T17:03:35.8441491Z Getting action download info
2021-05-28T17:03:36.2802377Z Download action repository 'actions/checkout@v2'
2021-05-28T17:03:38.2772023Z Download action repository 'actions/setup-python@v2'
2021-05-28T17:03:38.6216734Z Download action repository 'codecov/codecov-action@v1'
2021-05-28T17:03:39.1154483Z ##[group]Run actions/checkout@v2
2021-05-28T17:03:39.1155162Z with:
2021-05-28T17:03:39.1155582Z   fetch-depth: 0
2021-05-28T17:03:39.1156083Z   repository: con/tinuous
2021-05-28T17:03:39.1157163Z   token: ***
2021-05-28T17:03:39.1157585Z   ssh-strict: true
2021-05-28T17:03:39.1158169Z   persist-credentials: true
2021-05-28T17:03:39.1158686Z   clean: true
2021-05-28T17:03:39.1159086Z   lfs: false
2021-05-28T17:03:39.1159506Z   submodules: false
2021-05-28T17:03:39.1159957Z ##[endgroup]
2021-05-28T17:03:40.1344674Z Syncing repository: con/tinuous
2021-05-28T17:03:40.1345675Z ##[group]Getting Git version info
2021-05-28T17:03:40.1346931Z Working directory is '/home/runner/work/tinuous/tinuous'
2021-05-28T17:03:40.1347631Z [command]/usr/bin/git version
2021-05-28T17:03:40.1348105Z git version 2.31.1
2021-05-28T17:03:40.1349634Z ##[endgroup]
2021-05-28T17:03:40.1350457Z Deleting the contents of '/home/runner/work/tinuous/tinuous'
2021-05-28T17:03:40.1352010Z ##[group]Initializing the repository
2021-05-28T17:03:40.1352858Z [command]/usr/bin/git init /home/runner/work/tinuous/tinuous
2021-05-28T17:03:40.1354049Z hint: Using 'master' as the name for the initial branch. This default branch name
2021-05-28T17:03:40.1355081Z hint: is subject to change. To configure the initial branch name to use in all
2021-05-28T17:03:40.1356104Z hint: of your new repositories, which will suppress this warning, call:
2021-05-28T17:03:40.1356855Z hint: 
2021-05-28T17:03:40.1357747Z hint: 	git config --global init.defaultBranch <name>
2021-05-28T17:03:40.1358476Z hint: 
2021-05-28T17:03:40.1359383Z hint: Names commonly chosen instead of 'master' are 'main', 'trunk' and
2021-05-28T17:03:40.1360585Z hint: 'development'. The just-created branch can be renamed via this command:
2021-05-28T17:03:40.1361376Z hint: 
2021-05-28T17:03:40.1362065Z hint: 	git branch -m <name>
2021-05-28T17:03:40.1362916Z Initialized empty Git repository in /home/runner/work/tinuous/tinuous/.git/
2021-05-28T17:03:40.1364016Z [command]/usr/bin/git remote add origin https://github.com/con/tinuous
2021-05-28T17:03:40.1364835Z ##[endgroup]
2021-05-28T17:03:40.1365547Z ##[group]Disabling automatic garbage collection
2021-05-28T17:03:40.1366548Z [command]/usr/bin/git config --local gc.auto 0
2021-05-28T17:03:40.1367209Z ##[endgroup]
2021-05-28T17:03:40.1370129Z ##[group]Setting up auth
2021-05-28T17:03:40.1371260Z [command]/usr/bin/git config --local --name-only --get-regexp core\.sshCommand
2021-05-28T17:03:40.1373029Z [command]/usr/bin/git submodule foreach --recursive git config --local --name-only --get-regexp 'core\.sshCommand' && git config --local --unset-all 'core.sshCommand' || :
2021-05-28T17:03:40.1374822Z [command]/usr/bin/git config --local --name-only --get-regexp http\.https\:\/\/github\.com\/\.extraheader
2021-05-28T17:03:40.1376999Z [command]/usr/bin/git submodule foreach --recursive git config --local --name-only --get-regexp 'http\.https\:\/\/github\.com\/\.extraheader' && git config --local --unset-all 'http.https://github.com/.extraheader' || :
2021-05-28T17:03:40.1379148Z [command]/usr/bin/git config --local http.https://github.com/.extraheader AUTHORIZATION: basic ***
2021-05-28T17:03:40.1380182Z ##[endgroup]
2021-05-28T17:03:40.1380835Z ##[group]Fetching the repository
2021-05-28T17:03:40.1382835Z [command]/usr/bin/git -c protocol.version=2 fetch --prune --progress --no-recurse-submodules origin +refs/heads/*:refs/remotes/origin/* +refs/tags/*:refs/tags/*
2021-05-28T17:03:40.1384174Z remote: Enumerating objects: 381, done.        
2021-05-28T17:03:40.1384916Z remote: Counting objects:   0% (1/381)        
2021-05-28T17:03:40.1385589Z remote: Counting objects:   1% (4/381)        
2021-05-28T17:03:40.1386287Z remote: Counting objects:   2% (8/381)        
2021-05-28T17:03:40.1387020Z remote: Counting objects:   3% (12/381)        
2021-05-28T17:03:40.1387706Z remote: Counting objects:   4% (16/381)        
2021-05-28T17:03:40.1388398Z remote: Counting objects:   5% (20/381)        
2021-05-28T17:03:40.1389460Z remote: Counting objects:   6% (23/381)        
2021-05-28T17:03:40.1390060Z remote: Counting objects:   7% (27/381)        
2021-05-28T17:03:40.1390630Z remote: Counting objects:   8% (31/381)        
2021-05-28T17:03:40.1391187Z remote: Counting objects:   9% (35/381)        
2021-05-28T17:03:40.1391757Z remote: Counting objects:  10% (39/381)        
2021-05-28T17:03:40.1392331Z remote: Counting objects:  11% (42/381)        
2021-05-28T17:03:40.1392905Z remote: Counting objects:  12% (46/381)        
2021-05-28T17:03:40.1393466Z remote: Counting objects:  13% (50/381)        
2021-05-28T17:03:40.1394032Z remote: Counting objects:  14% (54/381)        
2021-05-28T17:03:40.1394591Z remote: Counting objects:  15% (58/381)        
2021-05-28T17:03:40.1395160Z remote: Counting objects:  16% (61/381)        
2021-05-28T17:03:40.1395732Z remote: Counting objects:  17% (65/381)        
2021-05-28T17:03:40.1396512Z remote: Counting objects:  18% (69/381)        
2021-05-28T17:03:40.1397211Z remote: Counting objects:  19% (73/381)        
2021-05-28T17:03:40.1397883Z remote: Counting objects:  20% (77/381)        
2021-05-28T17:03:40.1398574Z remote: Counting objects:  21% (81/381)        
2021-05-28T17:03:40.1399264Z remote: Counting objects:  22% (84/381)        
2021-05-28T17:03:40.1399937Z remote: Counting objects:  23% (88/381)        
2021-05-28T17:03:40.1400631Z remote: Counting objects:  24% (92/381)        
2021-05-28T17:03:40.1401305Z remote: Counting objects:  25% (96/381)        
2021-05-28T17:03:40.1402004Z remote: Counting objects:  26% (100/381)        
2021-05-28T17:03:40.1402704Z remote: Counting objects:  27% (103/381)        
2021-05-28T17:03:40.1403391Z remote: Counting objects:  28% (107/381)        
2021-05-28T17:03:40.1404087Z remote: Counting objects:  29% (111/381)        
2021-05-28T17:03:40.1404761Z remote: Counting objects:  30% (115/381)        
2021-05-28T17:03:40.1405451Z remote: Counting objects:  31% (119/381)        
2021-05-28T17:03:40.1406140Z remote: Counting objects:  32% (122/381)        
2021-05-28T17:03:40.1406822Z remote: Counting objects:  33% (126/381)        
2021-05-28T17:03:40.1407520Z remote: Counting objects:  34% (130/381)        
2021-05-28T17:03:40.1408200Z remote: Counting objects:  35% (134/381)        
2021-05-28T17:03:40.1409070Z remote: Counting objects:  36% (138/381)        
2021-05-28T17:03:40.1409942Z remote: Counting objects:  37% (141/381)        
2021-05-28T17:03:40.1410616Z remote: Counting objects:  38% (145/381)        
2021-05-28T17:03:40.1411304Z remote: Counting objects:  39% (149/381)        
2021-05-28T17:03:40.1411993Z remote: Counting objects:  40% (153/381)        
2021-05-28T17:03:40.1412666Z remote: Counting objects:  41% (157/381)        
2021-05-28T17:03:40.1413355Z remote: Counting objects:  42% (161/381)        
2021-05-28T17:03:40.1414037Z remote: Counting objects:  43% (164/381)        
2021-05-28T17:03:40.1414721Z remote: Counting objects:  44% (168/381)        
2021-05-28T17:03:40.1415410Z remote: Counting objects:  45% (172/381)        
2021-05-28T17:03:40.1416090Z remote: Counting objects:  46% (176/381)        
2021-05-28T17:03:40.1416779Z remote: Counting objects:  47% (180/381)        
2021-05-28T17:03:40.1417452Z remote: Counting objects:  48% (183/381)        
2021-05-28T17:03:40.1418148Z remote: Counting objects:  49% (187/381)        
2021-05-28T17:03:40.1418869Z remote: Counting objects:  50% (191/381)        
2021-05-28T17:03:40.1419543Z remote: Counting objects:  51% (195/381)        
2021-05-28T17:03:40.1420233Z remote: Counting objects:  52% (199/381)        
2021-05-28T17:03:40.1420907Z remote: Counting objects:  53% (202/381)        
2021-05-28T17:03:40.1421592Z remote: Counting objects:  54% (206/381)        
2021-05-28T17:03:40.1422276Z remote: Counting objects:  55% (210/381)        
2021-05-28T17:03:40.1422946Z remote: Counting objects:  56% (214/381)        
2021-05-28T17:03:40.1423638Z remote: Counting objects:  57% (218/381)        
2021-05-28T17:03:40.1424326Z remote: Counting objects:  58% (221/381)        
2021-05-28T17:03:40.1425092Z remote: Counting objects:  59% (225/381)        
2021-05-28T17:03:40.1425799Z remote: Counting objects:  60% (229/381)        
2021-05-28T17:03:40.1426477Z remote: Counting objects:  61% (233/381)        
2021-05-28T17:03:40.1427321Z remote: Counting objects:  62% (237/381)        
2021-05-28T17:03:40.1428027Z remote: Counting objects:  63% (241/381)        
2021-05-28T17:03:40.1428699Z remote: Counting objects:  64% (244/381)        
2021-05-28T17:03:40.1429382Z remote: Counting objects:  65% (248/381)        
2021-05-28T17:03:40.1430068Z remote: Counting objects:  66% (252/381)        
2021-05-28T17:03:40.1430744Z remote: Counting objects:  67% (256/381)        
2021-05-28T17:03:40.1431426Z remote: Counting objects:  68% (260/381)        
2021-05-28T17:03:40.1432112Z remote: Counting objects:  69% (263/381)        
2021-05-28T17:03:40.1432785Z remote: Counting objects:  70% (267/381)        
2021-05-28T17:03:40.1433486Z remote: Counting objects:  71% (271/381)        
2021-05-28T17:03:40.1434168Z remote: Counting objects:  72% (275/381)        
2021-05-28T17:03:40.1434864Z remote: Counting objects:  73% (279/381)        
2021-05-28T17:03:40.1435550Z remote: Counting objects:  74% (282/381)        
2021-05-28T17:03:40.1436219Z remote: Counting objects:  75% (286/381)        
2021-05-28T17:03:40.1436926Z remote: Counting objects:  76% (290/381)        
2021-05-28T17:03:40.1437601Z remote: Counting objects:  77% (294/381)        
2021-05-28T17:03:40.1438289Z remote: Counting objects:  78% (298/381)        
2021-05-28T17:03:40.1438980Z remote: Counting objects:  79% (301/381)        
2021-05-28T17:03:40.1439655Z remote: Counting objects:  80% (305/381)        
2021-05-28T17:03:40.1440353Z remote: Counting objects:  81% (309/381)        
2021-05-28T17:03:40.1441020Z remote: Counting objects:  82% (313/381)        
2021-05-28T17:03:40.1441707Z remote: Counting objects:  83% (317/381)        
2021-05-28T17:03:40.1442395Z remote: Counting objects:  84% (321/381)        
2021-05-28T17:03:40.1443082Z remote: Counting objects:  85% (324/381)        
2021-05-28T17:03:40.1443773Z remote: Counting objects:  86% (328/381)        
2021-05-28T17:03:40.1444461Z remote: Counting objects:  87% (332/381)        
2021-05-28T17:03:40.1445981Z remote: Counting objects:  88% (336/381)        
2021-05-28T17:03:40.1446705Z remote: Counting objects:  89% (340/381)        
2021-05-28T17:03:40.1447591Z remote: Counting objects:  90% (343/381)        
2021-05-28T17:03:40.1448293Z remote: Counting objects:  91% (347/381)        
2021-05-28T17:03:40.1449155Z remote: Counting objects:  92% (351/381)        
2021-05-28T17:03:40.1449842Z remote: Counting objects:  93% (355/381)        
2021-05-28T17:03:40.1450546Z remote: Counting objects:  94% (359/381)        
2021-05-28T17:03:40.1451230Z remote: Counting objects:  95% (362/381)        
2021-05-28T17:03:40.1451929Z remote: Counting objects:  96% (366/381)        
2021-05-28T17:03:40.1452623Z remote: Counting objects:  97% (370/381)        
2021-05-28T17:03:40.1453326Z remote: Counting objects:  98% (374/381)        
2021-05-28T17:03:40.1454016Z remote: Counting objects:  99% (378/381)        
2021-05-28T17:03:40.1454696Z remote: Counting objects: 100% (381/381)        
2021-05-28T17:03:40.1455416Z remote: Counting objects: 100% (381/381), done.        
2021-05-28T17:03:40.1456176Z remote: Compressing objects:   0% (1/212)        
2021-05-28T17:03:40.1456933Z remote: Compressing objects:   1% (3/212)        
2021-05-28T17:03:40.1457680Z remote: Compressing objects:   2% (5/212)        
2021-05-28T17:03:40.1458423Z remote: Compressing objects:   3% (7/212)        
2021-05-28T17:03:40.1459151Z remote: Compressing objects:   4% (9/212)        
2021-05-28T17:03:40.1459900Z remote: Compressing objects:   5% (11/212)        
2021-05-28T17:03:40.1460639Z remote: Compressing objects:   6% (13/212)        
2021-05-28T17:03:40.1461396Z remote: Compressing objects:   7% (15/212)        
2021-05-28T17:03:40.1462145Z remote: Compressing objects:   8% (17/212)        
2021-05-28T17:03:40.1462986Z remote: Compressing objects:   9% (20/212)        
2021-05-28T17:03:40.1463765Z remote: Compressing objects:  10% (22/212)        
2021-05-28T17:03:40.1464504Z remote: Compressing objects:  11% (24/212)        
2021-05-28T17:03:40.1465251Z remote: Compressing objects:  12% (26/212)        
2021-05-28T17:03:40.1466010Z remote: Compressing objects:  13% (28/212)        
2021-05-28T17:03:40.1466734Z remote: Compressing objects:  14% (30/212)        
2021-05-28T17:03:40.1467483Z remote: Compressing objects:  15% (32/212)        
2021-05-28T17:03:40.1468237Z remote: Compressing objects:  16% (34/212)        
2021-05-28T17:03:40.1468976Z remote: Compressing objects:  17% (37/212)        
2021-05-28T17:03:40.1469716Z remote: Compressing objects:  18% (39/212)        
2021-05-28T17:03:40.1470452Z remote: Compressing objects:  19% (41/212)        
2021-05-28T17:03:40.1471259Z remote: Compressing objects:  20% (43/212)        
2021-05-28T17:03:40.1472000Z remote: Compressing objects:  21% (45/212)        
2021-05-28T17:03:40.1472743Z remote: Compressing objects:  22% (47/212)        
2021-05-28T17:03:40.1473494Z remote: Compressing objects:  23% (49/212)        
2021-05-28T17:03:40.1474230Z remote: Compressing objects:  24% (51/212)        
2021-05-28T17:03:40.1474983Z remote: Compressing objects:  25% (53/212)        
2021-05-28T17:03:40.1475736Z remote: Compressing objects:  26% (56/212)        
2021-05-28T17:03:40.1476465Z remote: Compressing objects:  27% (58/212)        
2021-05-28T17:03:40.1477222Z remote: Compressing objects:  28% (60/212)        
2021-05-28T17:03:40.1477951Z remote: Compressing objects:  29% (62/212)        
2021-05-28T17:03:40.1478684Z remote: Compressing objects:  30% (64/212)        
2021-05-28T17:03:40.1479423Z remote: Compressing objects:  31% (66/212)        
2021-05-28T17:03:40.1480142Z remote: Compressing objects:  32% (68/212)        
2021-05-28T17:03:40.1480879Z remote: Compressing objects:  33% (70/212)        
2021-05-28T17:03:40.1481615Z remote: Compressing objects:  34% (73/212)        
2021-05-28T17:03:40.1482359Z remote: Compressing objects:  35% (75/212)        
2021-05-28T17:03:40.1483098Z remote: Compressing objects:  36% (77/212)        
2021-05-28T17:03:40.1483861Z remote: Compressing objects:  37% (79/212)        
2021-05-28T17:03:40.1484606Z remote: Compressing objects:  38% (81/212)        
2021-05-28T17:03:40.1485484Z remote: Compressing objects:  39% (83/212)        
2021-05-28T17:03:40.1486209Z remote: Compressing objects:  40% (85/212)        
2021-05-28T17:03:40.1486941Z remote: Compressing objects:  41% (87/212)        
2021-05-28T17:03:40.1487666Z remote: Compressing objects:  42% (90/212)        
2021-05-28T17:03:40.1488405Z remote: Compressing objects:  43% (92/212)        
2021-05-28T17:03:40.1489286Z remote: Compressing objects:  44% (94/212)        
2021-05-28T17:03:40.1490009Z remote: Compressing objects:  45% (96/212)        
2021-05-28T17:03:40.1490749Z remote: Compressing objects:  46% (98/212)        
2021-05-28T17:03:40.1491493Z remote: Compressing objects:  47% (100/212)        
2021-05-28T17:03:40.1492235Z remote: Compressing objects:  48% (102/212)        
2021-05-28T17:03:40.1492986Z remote: Compressing objects:  49% (104/212)        
2021-05-28T17:03:40.1493729Z remote: Compressing objects:  50% (106/212)        
2021-05-28T17:03:40.1494476Z remote: Compressing objects:  51% (109/212)        
2021-05-28T17:03:40.1495240Z remote: Compressing objects:  52% (111/212)        
2021-05-28T17:03:40.1496000Z remote: Compressing objects:  53% (113/212)        
2021-05-28T17:03:40.1496755Z remote: Compressing objects:  54% (115/212)        
2021-05-28T17:03:40.1497481Z remote: Compressing objects:  55% (117/212)        
2021-05-28T17:03:40.1498219Z remote: Compressing objects:  56% (119/212)        
2021-05-28T17:03:40.1498957Z remote: Compressing objects:  57% (121/212)        
2021-05-28T17:03:40.1499676Z remote: Compressing objects:  58% (123/212)        
2021-05-28T17:03:40.1500418Z remote: Compressing objects:  59% (126/212)        
2021-05-28T17:03:40.1501257Z remote: Compressing objects:  60% (128/212)        
2021-05-28T17:03:40.1502027Z remote: Compressing objects:  61% (130/212)        
2021-05-28T17:03:40.1502780Z remote: Compressing objects:  62% (132/212)        
2021-05-28T17:03:40.1503519Z remote: Compressing objects:  63% (134/212)        
2021-05-28T17:03:40.1504275Z remote: Compressing objects:  64% (136/212)        
2021-05-28T17:03:40.1505019Z remote: Compressing objects:  65% (138/212)        
2021-05-28T17:03:40.1505755Z remote: Compressing objects:  66% (140/212)        
2021-05-28T17:03:40.1506505Z remote: Compressing objects:  67% (143/212)        
2021-05-28T17:03:40.1507233Z remote: Compressing objects:  68% (145/212)        
2021-05-28T17:03:40.1507967Z remote: Compressing objects:  69% (147/212)        
2021-05-28T17:03:40.1508707Z remote: Compressing objects:  70% (149/212)        
2021-05-28T17:03:40.1509435Z remote: Compressing objects:  71% (151/212)        
2021-05-28T17:03:40.1510172Z remote: Compressing objects:  72% (153/212)        
2021-05-28T17:03:40.1510913Z remote: Compressing objects:  73% (155/212)        
2021-05-28T17:03:40.1511645Z remote: Compressing objects:  74% (157/212)        
2021-05-28T17:03:40.1512387Z remote: Compressing objects:  75% (159/212)        
2021-05-28T17:03:40.1513113Z remote: Compressing objects:  76% (162/212)        
2021-05-28T17:03:40.1513867Z remote: Compressing objects:  77% (164/212)        
2021-05-28T17:03:40.1514604Z remote: Compressing objects:  78% (166/212)        
2021-05-28T17:03:40.1515331Z remote: Compressing objects:  79% (168/212)        
2021-05-28T17:03:40.1516059Z remote: Compressing objects:  80% (170/212)        
2021-05-28T17:03:40.1516782Z remote: Compressing objects:  81% (172/212)        
2021-05-28T17:03:40.1517526Z remote: Compressing objects:  82% (174/212)        
2021-05-28T17:03:40.1518260Z remote: Compressing objects:  83% (176/212)        
2021-05-28T17:03:40.1518986Z remote: Compressing objects:  84% (179/212)        
2021-05-28T17:03:40.1519732Z remote: Compressing objects:  85% (181/212)        
2021-05-28T17:03:40.1520455Z remote: Compressing objects:  86% (183/212)        
2021-05-28T17:03:40.1521189Z remote: Compressing objects:  87% (185/212)        
2021-05-28T17:03:40.1521959Z remote: Compressing objects:  88% (187/212)        
2021-05-28T17:03:40.1522698Z remote: Compressing objects:  89% (189/212)        
2021-05-28T17:03:40.1523568Z remote: Compressing objects:  90% (191/212)        
2021-05-28T17:03:40.1524321Z remote: Compressing objects:  91% (193/212)        
2021-05-28T17:03:40.1525056Z remote: Compressing objects:  92% (196/212)        
2021-05-28T17:03:40.1525789Z remote: Compressing objects:  93% (198/212)        
2021-05-28T17:03:40.1526526Z remote: Compressing objects:  94% (200/212)        
2021-05-28T17:03:40.1527256Z remote: Compressing objects:  95% (202/212)        
2021-05-28T17:03:40.1528004Z remote: Compressing objects:  96% (204/212)        
2021-05-28T17:03:40.1528896Z remote: Compressing objects:  97% (206/212)        
2021-05-28T17:03:40.1529656Z remote: Compressing objects:  98% (208/212)        
2021-05-28T17:03:40.1530399Z remote: Compressing objects:  99% (210/212)        
2021-05-28T17:03:40.1531147Z remote: Compressing objects: 100% (212/212)        
2021-05-28T17:03:40.1531900Z remote: Compressing objects: 100% (212/212), done.        
2021-05-28T17:03:40.1532620Z Receiving objects:   0% (1/381)
2021-05-28T17:03:40.1533247Z Receiving objects:   1% (4/381)
2021-05-28T17:03:40.1533881Z Receiving objects:   2% (8/381)
2021-05-28T17:03:40.1534519Z Receiving objects:   3% (12/381)
2021-05-28T17:03:40.1535145Z Receiving objects:   4% (16/381)
2021-05-28T17:03:40.1535781Z Receiving objects:   5% (20/381)
2021-05-28T17:03:40.1536397Z Receiving objects:   6% (23/381)
2021-05-28T17:03:40.1537028Z Receiving objects:   7% (27/381)
2021-05-28T17:03:40.1537655Z Receiving objects:   8% (31/381)
2021-05-28T17:03:40.1538278Z Receiving objects:   9% (35/381)
2021-05-28T17:03:40.1538911Z Receiving objects:  10% (39/381)
2021-05-28T17:03:40.1539643Z Receiving objects:  11% (42/381)
2021-05-28T17:03:40.1540310Z Receiving objects:  12% (46/381)
2021-05-28T17:03:40.1540942Z Receiving objects:  13% (50/381)
2021-05-28T17:03:40.1541554Z Receiving objects:  14% (54/381)
2021-05-28T17:03:40.1542179Z Receiving objects:  15% (58/381)
2021-05-28T17:03:40.1542795Z Receiving objects:  16% (61/381)
2021-05-28T17:03:40.1543435Z Receiving objects:  17% (65/381)
2021-05-28T17:03:40.1544061Z Receiving objects:  18% (69/381)
2021-05-28T17:03:40.1544677Z Receiving objects:  19% (73/381)
2021-05-28T17:03:40.1545304Z Receiving objects:  20% (77/381)
2021-05-28T17:03:40.1545908Z Receiving objects:  21% (81/381)
2021-05-28T17:03:40.1548692Z Receiving objects:  22% (84/381)
2021-05-28T17:03:40.1550608Z Receiving objects:  23% (88/381)
2021-05-28T17:03:40.1551122Z Receiving objects:  24% (92/381)
2021-05-28T17:03:40.1551636Z Receiving objects:  25% (96/381)
2021-05-28T17:03:40.1552147Z Receiving objects:  26% (100/381)
2021-05-28T17:03:40.1552835Z Receiving objects:  27% (103/381)
2021-05-28T17:03:40.1553495Z Receiving objects:  28% (107/381)
2021-05-28T17:03:40.1554140Z Receiving objects:  29% (111/381)
2021-05-28T17:03:40.1554777Z Receiving objects:  30% (115/381)
2021-05-28T17:03:40.1555405Z Receiving objects:  31% (119/381)
2021-05-28T17:03:40.1556040Z Receiving objects:  32% (122/381)
2021-05-28T17:03:40.1556674Z Receiving objects:  33% (126/381)
2021-05-28T17:03:40.1557308Z Receiving objects:  34% (130/381)
2021-05-28T17:03:40.1557941Z Receiving objects:  35% (134/381)
2021-05-28T17:03:40.1558488Z Receiving objects:  36% (138/381)
2021-05-28T17:03:40.1559126Z Receiving objects:  37% (141/381)
2021-05-28T17:03:40.1559737Z Receiving objects:  38% (145/381)
2021-05-28T17:03:40.1560367Z Receiving objects:  39% (149/381)
2021-05-28T17:03:40.1560998Z Receiving objects:  40% (153/381)
2021-05-28T17:03:40.1561612Z Receiving objects:  41% (157/381)
2021-05-28T17:03:40.1562248Z Receiving objects:  42% (161/381)
2021-05-28T17:03:40.1562866Z Receiving objects:  43% (164/381)
2021-05-28T17:03:40.1563509Z Receiving objects:  44% (168/381)
2021-05-28T17:03:40.1564137Z Receiving objects:  45% (172/381)
2021-05-28T17:03:40.1564751Z Receiving objects:  46% (176/381)
2021-05-28T17:03:40.1565414Z Receiving objects:  47% (180/381)
2021-05-28T17:03:40.1566027Z Receiving objects:  48% (183/381)
2021-05-28T17:03:40.1566914Z Receiving objects:  49% (187/381)
2021-05-28T17:03:40.1567544Z Receiving objects:  50% (191/381)
2021-05-28T17:03:40.1568158Z Receiving objects:  51% (195/381)
2021-05-28T17:03:40.1568966Z Receiving objects:  52% (199/381)
2021-05-28T17:03:40.1569585Z Receiving objects:  53% (202/381)
2021-05-28T17:03:40.1570232Z Receiving objects:  54% (206/381)
2021-05-28T17:03:40.1570867Z Receiving objects:  55% (210/381)
2021-05-28T17:03:40.1571480Z Receiving objects:  56% (214/381)
2021-05-28T17:03:40.1572111Z Receiving objects:  57% (218/381)
2021-05-28T17:03:40.1572730Z Receiving objects:  58% (221/381)
2021-05-28T17:03:40.1573361Z Receiving objects:  59% (225/381)
2021-05-28T17:03:40.1574000Z Receiving objects:  60% (229/381)
2021-05-28T17:03:40.1574622Z Receiving objects:  61% (233/381)
2021-05-28T17:03:40.1575255Z Receiving objects:  62% (237/381)
2021-05-28T17:03:40.1575865Z Receiving objects:  63% (241/381)
2021-05-28T17:03:40.1576504Z Receiving objects:  64% (244/381)
2021-05-28T17:03:40.1577134Z Receiving objects:  65% (248/381)
2021-05-28T17:03:40.1577763Z Receiving objects:  66% (252/381)
2021-05-28T17:03:40.1578401Z Receiving objects:  67% (256/381)
2021-05-28T17:03:40.1579017Z Receiving objects:  68% (260/381)
2021-05-28T17:03:40.1579651Z Receiving objects:  69% (263/381)
2021-05-28T17:03:40.1580277Z Receiving objects:  70% (267/381)
2021-05-28T17:03:40.1580892Z Receiving objects:  71% (271/381)
2021-05-28T17:03:40.1581953Z Receiving objects:  72% (275/381)
2021-05-28T17:03:40.1582699Z Receiving objects:  73% (279/381)
2021-05-28T17:03:40.1583335Z Receiving objects:  74% (282/381)
2021-05-28T17:03:40.1583963Z Receiving objects:  75% (286/381)
2021-05-28T17:03:40.1584588Z Receiving objects:  76% (290/381)
2021-05-28T17:03:40.1585344Z Receiving objects:  77% (294/381)
2021-05-28T17:03:40.1585977Z Receiving objects:  78% (298/381)
2021-05-28T17:03:40.1586609Z Receiving objects:  79% (301/381)
2021-05-28T17:03:40.1587245Z Receiving objects:  80% (305/381)
2021-05-28T17:03:40.1588645Z remote: Total 381 (delta 197), reused 275 (delta 126), pack-reused 0        
2021-05-28T17:03:40.1589456Z Receiving objects:  81% (309/381)
2021-05-28T17:03:40.1590081Z Receiving objects:  82% (313/381)
2021-05-28T17:03:40.1590715Z Receiving objects:  83% (317/381)
2021-05-28T17:03:40.1591345Z Receiving objects:  84% (321/381)
2021-05-28T17:03:40.1591951Z Receiving objects:  85% (324/381)
2021-05-28T17:03:40.1592580Z Receiving objects:  86% (328/381)
2021-05-28T17:03:40.1593194Z Receiving objects:  87% (332/381)
2021-05-28T17:03:40.1593825Z Receiving objects:  88% (336/381)
2021-05-28T17:03:40.1594452Z Receiving objects:  89% (340/381)
2021-05-28T17:03:40.1595066Z Receiving objects:  90% (343/381)
2021-05-28T17:03:40.1595705Z Receiving objects:  91% (347/381)
2021-05-28T17:03:40.1596320Z Receiving objects:  92% (351/381)
2021-05-28T17:03:40.1596951Z Receiving objects:  93% (355/381)
2021-05-28T17:03:40.1597579Z Receiving objects:  94% (359/381)
2021-05-28T17:03:40.1598190Z Receiving objects:  95% (362/381)
2021-05-28T17:03:40.1598834Z Receiving objects:  96% (366/381)
2021-05-28T17:03:40.1599506Z Receiving objects:  97% (370/381)
2021-05-28T17:03:40.1600135Z Receiving objects:  98% (374/381)
2021-05-28T17:03:40.1600768Z Receiving objects:  99% (378/381)
2021-05-28T17:03:40.1601384Z Receiving objects: 100% (381/381)
2021-05-28T17:03:40.1602092Z Receiving objects: 100% (381/381), 102.33 KiB | 7.87 MiB/s, done.
2021-05-28T17:03:40.1602777Z Resolving deltas:   0% (0/197)
2021-05-28T17:03:40.1603395Z Resolving deltas:   1% (2/197)
2021-05-28T17:03:40.1604014Z Resolving deltas:   2% (4/197)
2021-05-28T17:03:40.1604624Z Resolving deltas:   3% (6/197)
2021-05-28T17:03:40.1605238Z Resolving deltas:   4% (8/197)
2021-05-28T17:03:40.1605852Z Resolving deltas:   5% (10/197)
2021-05-28T17:03:40.1606481Z Resolving deltas:   6% (12/197)
2021-05-28T17:03:40.1607102Z Resolving deltas:   7% (14/197)
2021-05-28T17:03:40.1607704Z Resolving deltas:   8% (16/197)
2021-05-28T17:03:40.1608329Z Resolving deltas:   9% (18/197)
2021-05-28T17:03:40.1609117Z Resolving deltas:  10% (20/197)
2021-05-28T17:03:40.1609894Z Resolving deltas:  11% (22/197)
2021-05-28T17:03:40.1610512Z Resolving deltas:  12% (24/197)
2021-05-28T17:03:40.1611111Z Resolving deltas:  13% (26/197)
2021-05-28T17:03:40.1611763Z Resolving deltas:  14% (28/197)
2021-05-28T17:03:40.1612368Z Resolving deltas:  15% (30/197)
2021-05-28T17:03:40.1612986Z Resolving deltas:  16% (32/197)
2021-05-28T17:03:40.1613605Z Resolving deltas:  17% (34/197)
2021-05-28T17:03:40.1614214Z Resolving deltas:  18% (36/197)
2021-05-28T17:03:40.1614829Z Resolving deltas:  19% (38/197)
2021-05-28T17:03:40.1615426Z Resolving deltas:  20% (40/197)
2021-05-28T17:03:40.1616049Z Resolving deltas:  21% (42/197)
2021-05-28T17:03:40.1616675Z Resolving deltas:  22% (44/197)
2021-05-28T17:03:40.1617279Z Resolving deltas:  23% (46/197)
2021-05-28T17:03:40.1617895Z Resolving deltas:  24% (48/197)
2021-05-28T17:03:40.1618494Z Resolving deltas:  25% (50/197)
2021-05-28T17:03:40.1619106Z Resolving deltas:  26% (52/197)
2021-05-28T17:03:40.1619735Z Resolving deltas:  27% (54/197)
2021-05-28T17:03:40.1620331Z Resolving deltas:  28% (56/197)
2021-05-28T17:03:40.1620944Z Resolving deltas:  29% (58/197)
2021-05-28T17:03:40.1621552Z Resolving deltas:  30% (60/197)
2021-05-28T17:03:40.1622166Z Resolving deltas:  31% (62/197)
2021-05-28T17:03:40.1622779Z Resolving deltas:  32% (64/197)
2021-05-28T17:03:40.1623381Z Resolving deltas:  33% (66/197)
2021-05-28T17:03:40.1623994Z Resolving deltas:  34% (67/197)
2021-05-28T17:03:40.1624594Z Resolving deltas:  35% (69/197)
2021-05-28T17:03:40.1625217Z Resolving deltas:  36% (71/197)
2021-05-28T17:03:40.1625836Z Resolving deltas:  37% (73/197)
2021-05-28T17:03:40.1626439Z Resolving deltas:  38% (75/197)
2021-05-28T17:03:40.1627164Z Resolving deltas:  39% (77/197)
2021-05-28T17:03:40.1627784Z Resolving deltas:  40% (79/197)
2021-05-28T17:03:40.1628397Z Resolving deltas:  41% (81/197)
2021-05-28T17:03:40.1629016Z Resolving deltas:  42% (83/197)
2021-05-28T17:03:40.1629616Z Resolving deltas:  43% (85/197)
2021-05-28T17:03:40.1630245Z Resolving deltas:  44% (87/197)
2021-05-28T17:03:40.1630848Z Resolving deltas:  45% (89/197)
2021-05-28T17:03:40.1631464Z Resolving deltas:  46% (91/197)
2021-05-28T17:03:40.1632071Z Resolving deltas:  47% (93/197)
2021-05-28T17:03:40.1632678Z Resolving deltas:  48% (95/197)
2021-05-28T17:03:40.1633287Z Resolving deltas:  49% (97/197)
2021-05-28T17:03:40.1633885Z Resolving deltas:  50% (99/197)
2021-05-28T17:03:40.1634506Z Resolving deltas:  51% (101/197)
2021-05-28T17:03:40.1635130Z Resolving deltas:  52% (103/197)
2021-05-28T17:03:40.1635736Z Resolving deltas:  53% (105/197)
2021-05-28T17:03:40.1636358Z Resolving deltas:  54% (107/197)
2021-05-28T17:03:40.1636962Z Resolving deltas:  55% (109/197)
2021-05-28T17:03:40.1637594Z Resolving deltas:  56% (111/197)
2021-05-28T17:03:40.1638214Z Resolving deltas:  57% (113/197)
2021-05-28T17:03:40.1638815Z Resolving deltas:  58% (115/197)
2021-05-28T17:03:40.1639440Z Resolving deltas:  59% (117/197)
2021-05-28T17:03:40.1640043Z Resolving deltas:  60% (119/197)
2021-05-28T17:03:40.1640668Z Resolving deltas:  61% (121/197)
2021-05-28T17:03:40.1641284Z Resolving deltas:  62% (123/197)
2021-05-28T17:03:40.1641886Z Resolving deltas:  63% (125/197)
2021-05-28T17:03:40.1642508Z Resolving deltas:  64% (127/197)
2021-05-28T17:03:40.1643169Z Resolving deltas:  65% (129/197)
2021-05-28T17:03:40.1643789Z Resolving deltas:  66% (131/197)
2021-05-28T17:03:40.1644406Z Resolving deltas:  67% (132/197)
2021-05-28T17:03:40.1645009Z Resolving deltas:  68% (134/197)
2021-05-28T17:03:40.1645630Z Resolving deltas:  69% (136/197)
2021-05-28T17:03:40.1646243Z Resolving deltas:  70% (138/197)
2021-05-28T17:03:40.1646862Z Resolving deltas:  71% (140/197)
2021-05-28T17:03:40.1647498Z Resolving deltas:  72% (142/197)
2021-05-28T17:03:40.1649332Z Resolving deltas:  73% (144/197)
2021-05-28T17:03:40.1649978Z Resolving deltas:  74% (146/197)
2021-05-28T17:03:40.1650599Z Resolving deltas:  75% (148/197)
2021-05-28T17:03:40.1651430Z Resolving deltas:  76% (150/197)
2021-05-28T17:03:40.1652509Z Resolving deltas:  77% (152/197)
2021-05-28T17:03:40.1653202Z Resolving deltas:  78% (154/197)
2021-05-28T17:03:40.1653830Z Resolving deltas:  79% (156/197)
2021-05-28T17:03:40.1654436Z Resolving deltas:  80% (158/197)
2021-05-28T17:03:40.1655051Z Resolving deltas:  81% (160/197)
2021-05-28T17:03:40.1655666Z Resolving deltas:  82% (162/197)
2021-05-28T17:03:40.1656264Z Resolving deltas:  83% (164/197)
2021-05-28T17:03:40.1656926Z Resolving deltas:  84% (166/197)
2021-05-28T17:03:40.1657522Z Resolving deltas:  85% (168/197)
2021-05-28T17:03:40.1658478Z Resolving deltas:  86% (170/197)
2021-05-28T17:03:40.1659201Z Resolving deltas:  87% (172/197)
2021-05-28T17:03:40.1659882Z Resolving deltas:  88% (174/197)
2021-05-28T17:03:40.1660536Z Resolving deltas:  89% (176/197)
2021-05-28T17:03:40.1661144Z Resolving deltas:  90% (178/197)
2021-05-28T17:03:40.1661767Z Resolving deltas:  91% (180/197)
2021-05-28T17:03:40.1662387Z Resolving deltas:  92% (182/197)
2021-05-28T17:03:40.1662986Z Resolving deltas:  93% (184/197)
2021-05-28T17:03:40.1663616Z Resolving deltas:  94% (186/197)
2021-05-28T17:03:40.1664217Z Resolving deltas:  95% (188/197)
2021-05-28T17:03:40.1665367Z Resolving deltas:  96% (190/197)
2021-05-28T17:03:40.1665866Z Resolving deltas:  97% (192/197)
2021-05-28T17:03:40.1666503Z Resolving deltas:  98% (194/197)
2021-05-28T17:03:40.1667122Z Resolving deltas:  99% (196/197)
2021-05-28T17:03:40.1667727Z Resolving deltas: 100% (197/197)
2021-05-28T17:03:40.1668292Z Resolving deltas: 100% (197/197), done.
2021-05-28T17:03:40.1674289Z From https://github.com/con/tinuous
2021-05-28T17:03:40.1675545Z  * [new branch]      gh-55         -> origin/gh-55
2021-05-28T17:03:40.1676741Z  * [new branch]      master        -> origin/master
2021-05-28T17:03:40.1677820Z  * [new branch]      test-appveyor -> origin/test-appveyor
2021-05-28T17:03:40.1678768Z  * [new tag]         0.1.0         -> 0.1.0
2021-05-28T17:03:40.1679519Z  * [new tag]         0.2.0         -> 0.2.0
2021-05-28T17:03:40.1680430Z [command]/usr/bin/git branch --list --remote origin/master
2021-05-28T17:03:40.1681167Z   origin/master
2021-05-28T17:03:40.1682077Z [command]/usr/bin/git rev-parse refs/remotes/origin/master
2021-05-28T17:03:40.1682929Z 165a739401d7197a01e1d28d663d62d194fbd493
2021-05-28T17:03:40.1683776Z ##[endgroup]
2021-05-28T17:03:40.1684483Z ##[group]Determining the checkout info
2021-05-28T17:03:40.1685140Z ##[endgroup]
2021-05-28T17:03:40.1685660Z ##[group]Checking out the ref
2021-05-28T17:03:40.1687836Z [command]/usr/bin/git checkout --progress --force -B master refs/remotes/origin/master
2021-05-28T17:03:40.1689088Z Reset branch 'master'
2021-05-28T17:03:40.1690077Z Branch 'master' set up to track remote branch 'master' from 'origin'.
2021-05-28T17:03:40.1690877Z ##[endgroup]
2021-05-28T17:03:40.1691692Z [command]/usr/bin/git log -1 --format='%H'
2021-05-28T17:03:40.1692654Z '165a739401d7197a01e1d28d663d62d194fbd493'
2021-05-28T17:03:40.1778804Z ##[group]Run actions/setup-python@v2
2021-05-28T17:03:40.1779350Z with:
2021-05-28T17:03:40.1779807Z   python-version: 3.8
2021-05-28T17:03:40.1780906Z   token: ***
2021-05-28T17:03:40.1782586Z ##[endgroup]
2021-05-28T17:03:40.2481457Z Successfully setup CPython (3.8.10)
2021-05-28T17:03:40.2579473Z ##[group]Run python -m pip install --upgrade pip wheel
2021-05-28T17:03:40.2580306Z [36;1mpython -m pip install --upgrade pip wheel[0m
2021-05-28T17:03:40.2581240Z [36;1mpython -m pip install --upgrade --upgrade-strategy=eager tox[0m
2021-05-28T17:03:40.2632120Z shell: /usr/bin/bash -e {0}
2021-05-28T17:03:40.2632678Z env:
2021-05-28T17:03:40.2633381Z   pythonLocation: /opt/hostedtoolcache/Python/3.8.10/x64
2021-05-28T17:03:40.2634362Z   LD_LIBRARY_PATH: /opt/hostedtoolcache/Python/3.8.10/x64/lib
2021-05-28T17:03:40.2635079Z ##[endgroup]
2021-05-28T17:03:41.2788695Z Requirement already satisfied: pip in /opt/hostedtoolcache/Python/3.8.10/x64/lib/python3.8/site-packages (21.1.2)
2021-05-28T17:03:41.2792589Z Collecting wheel
2021-05-28T17:03:41.2794033Z   Downloading wheel-0.36.2-py2.py3-none-any.whl (35 kB)
2021-05-28T17:03:41.2892429Z Installing collected packages: wheel
2021-05-28T17:03:41.3296330Z Successfully installed wheel-0.36.2
2021-05-28T17:03:42.1335575Z Collecting tox
2021-05-28T17:03:42.1696861Z   Downloading tox-3.23.1-py2.py3-none-any.whl (85 kB)
2021-05-28T17:03:42.2781121Z Collecting packaging>=14
2021-05-28T17:03:42.2935656Z   Downloading packaging-20.9-py2.py3-none-any.whl (40 kB)
2021-05-28T17:03:42.3256803Z Collecting filelock>=3.0.0
2021-05-28T17:03:42.3361251Z   Downloading filelock-3.0.12-py3-none-any.whl (7.6 kB)
2021-05-28T17:03:42.3718886Z Collecting six>=1.14.0
2021-05-28T17:03:42.3844542Z   Downloading six-1.16.0-py2.py3-none-any.whl (11 kB)
2021-05-28T17:03:42.4380507Z Collecting py>=1.4.17
2021-05-28T17:03:42.4467297Z   Downloading py-1.10.0-py2.py3-none-any.whl (97 kB)
2021-05-28T17:03:42.6729527Z Collecting virtualenv!=20.0.0,!=20.0.1,!=20.0.2,!=20.0.3,!=20.0.4,!=20.0.5,!=20.0.6,!=20.0.7,>=16.0.0
2021-05-28T17:03:42.6812653Z   Downloading virtualenv-20.4.7-py2.py3-none-any.whl (7.2 MB)
2021-05-28T17:03:42.9563751Z Collecting toml>=0.9.4
2021-05-28T17:03:42.9648079Z   Downloading toml-0.10.2-py2.py3-none-any.whl (16 kB)
2021-05-28T17:03:43.0082414Z Collecting pluggy>=0.12.0
2021-05-28T17:03:43.0163591Z   Downloading pluggy-0.13.1-py2.py3-none-any.whl (18 kB)
2021-05-28T17:03:43.1022029Z Collecting pyparsing>=2.0.2
2021-05-28T17:03:43.1108351Z   Downloading pyparsing-2.4.7-py2.py3-none-any.whl (67 kB)
2021-05-28T17:03:43.2029580Z Collecting distlib<1,>=0.3.1
2021-05-28T17:03:43.2138342Z   Downloading distlib-0.3.1-py2.py3-none-any.whl (335 kB)
2021-05-28T17:03:43.2555316Z Collecting appdirs<2,>=1.4.3
2021-05-28T17:03:43.2640939Z   Downloading appdirs-1.4.4-py2.py3-none-any.whl (9.6 kB)
2021-05-28T17:03:43.3752753Z Installing collected packages: six, pyparsing, filelock, distlib, appdirs, virtualenv, toml, py, pluggy, packaging, tox
2021-05-28T17:03:43.9873132Z Successfully installed appdirs-1.4.4 distlib-0.3.1 filelock-3.0.12 packaging-20.9 pluggy-0.13.1 py-1.10.0 pyparsing-2.4.7 six-1.16.0 toml-0.10.2 tox-3.23.1 virtualenv-20.4.7
2021-05-28T17:03:44.0819590Z ##[group]Run tox -e typing
2021-05-28T17:03:44.0820160Z [36;1mtox -e typing[0m
2021-05-28T17:03:44.0866605Z shell: /usr/bin/bash -e {0}
2021-05-28T17:03:44.0867045Z env:
2021-05-28T17:03:44.0867665Z   pythonLocation: /opt/hostedtoolcache/Python/3.8.10/x64
2021-05-28T17:03:44.0868473Z   LD_LIBRARY_PATH: /opt/hostedtoolcache/Python/3.8.10/x64/lib
2021-05-28T17:03:44.0869086Z ##[endgroup]
2021-05-28T17:03:44.3122414Z .package create: /home/runner/work/tinuous/tinuous/.tox/.package
2021-05-28T17:03:45.0097913Z .package installdeps: setuptools >= 46.4.0, wheel ~= 0.32
2021-05-28T17:03:49.0386655Z typing create: /home/runner/work/tinuous/tinuous/.tox/typing
2021-05-28T17:03:49.3613061Z typing installdeps: mypy~=0.570, pytest~=6.0, pytest-cov~=2.0
2021-05-28T17:03:55.6333354Z typing inst: /home/runner/work/tinuous/tinuous/.tox/.tmp/package/1/tinuous-0.2.0+20.g165a739.tar.gz
2021-05-28T17:04:07.1119217Z typing installed: attrs==21.2.0,certifi==2020.12.5,cffi==1.14.5,chardet==4.0.0,click==8.0.1,click-loglevel==0.3.0,coverage==5.5,Deprecated==1.2.12,idna==2.10,in-place==0.5.0,iniconfig==1.1.1,mypy==0.812,mypy-extensions==0.4.3,packaging==20.9,pluggy==0.13.1,py==1.10.0,pycparser==2.20,pydantic==1.8.2,PyGithub==1.55,PyJWT==2.1.0,PyNaCl==1.4.0,pyparsing==2.4.7,pytest==6.2.4,pytest-cov==2.12.0,python-dateutil==2.8.1,python-dotenv==0.17.1,PyYAML==5.4.1,requests==2.25.1,six==1.16.0,tinuous @ file:///home/runner/work/tinuous/tinuous/.tox/.tmp/package/1/tinuous-0.2.0%2B20.g165a739.tar.gz,toml==0.10.2,typed-ast==1.4.3,typing-extensions==3.10.0.0,urllib3==1.26.5,wrapt==1.12.1
2021-05-28T17:04:07.1138464Z typing run-test-pre: PYTHONHASHSEED='2500577941'
2021-05-28T17:04:07.1154866Z typing run-test: commands[0] | mypy src test
2021-05-28T17:04:12.7667110Z Success: no issues found in 4 source files
2021-05-28T17:04:13.2454041Z ___________________________________ summary ____________________________________
2021-05-28T17:04:13.2523730Z   typing: commands succeeded
2021-05-28T17:04:13.2524804Z   congratulations :)
2021-05-28T17:04:13.2836636Z Post job cleanup.
2021-05-28T17:04:13.4017729Z [command]/usr/bin/git version
2021-05-28T17:04:13.4094786Z git version 2.31.1
2021-05-28T17:04:13.4137508Z [command]/usr/bin/git config --local --name-only --get-regexp core\.sshCommand
2021-05-28T17:04:13.4201151Z [command]/usr/bin/git submodule foreach --recursive git config --local --name-only --get-regexp 'core\.sshCommand' && git config --local --unset-all 'core.sshCommand' || :
2021-05-28T17:04:13.4529603Z [command]/usr/bin/git config --local --name-only --get-regexp http\.https\:\/\/github\.com\/\.extraheader
2021-05-28T17:04:13.4573989Z http.https://github.com/.extraheader
2021-05-28T17:04:13.4584748Z [command]/usr/bin/git config --local --unset-all http.https://github.com/.extraheader
2021-05-28T17:04:13.4906973Z [command]/usr/bin/git submodule foreach --recursive git config --local --name-only --get-regexp 'http\.https\:\/\/github\.com\/\.extraheader' && git config --local --unset-all 'http.https://github.com/.extraheader' || :
2021-05-28T17:04:13.5275490Z Cleaning up orphan processes
