2021-06-11T16:05:12.6156042Z ##[section]Starting: Request a runner to run this job
2021-06-11T16:05:13.0775706Z Can't find any online and idle self-hosted runner in current repository that matches the required labels: 'ubuntu-latest'
2021-06-11T16:05:13.0775811Z Can't find any online and idle self-hosted runner in current repository's account/organization that matches the required labels: 'ubuntu-latest'
2021-06-11T16:05:13.0776018Z Found online and idle hosted runner in current repository's account/organization that matches the required labels: 'ubuntu-latest'
2021-06-11T16:05:13.2224436Z ##[section]Finishing: Request a runner to run this job
2021-06-11T16:05:22.4040363Z Current runner version: '2.278.0'
2021-06-11T16:05:22.4067865Z ##[group]Operating System
2021-06-11T16:05:22.4068864Z Ubuntu
2021-06-11T16:05:22.4069280Z 20.04.2
2021-06-11T16:05:22.4069739Z LTS
2021-06-11T16:05:22.4070245Z ##[endgroup]
2021-06-11T16:05:22.4070828Z ##[group]Virtual Environment
2021-06-11T16:05:22.4071530Z Environment: ubuntu-20.04
2021-06-11T16:05:22.4072047Z Version: 20210606.1
2021-06-11T16:05:22.4073062Z Included Software: https://github.com/actions/virtual-environments/blob/ubuntu20/20210606.1/images/linux/Ubuntu2004-README.md
2021-06-11T16:05:22.4074334Z Image Release: https://github.com/actions/virtual-environments/releases/tag/ubuntu20%2F20210606.1
2021-06-11T16:05:22.4075229Z ##[endgroup]
2021-06-11T16:05:22.4077111Z ##[group]GITHUB_TOKEN Permissions
2021-06-11T16:05:22.4078307Z Actions: write
2021-06-11T16:05:22.4078846Z Checks: write
2021-06-11T16:05:22.4079323Z Contents: write
2021-06-11T16:05:22.4079929Z Deployments: write
2021-06-11T16:05:22.4080591Z Discussions: write
2021-06-11T16:05:22.4081163Z Issues: write
2021-06-11T16:05:22.4081635Z Metadata: read
2021-06-11T16:05:22.4082196Z Packages: write
2021-06-11T16:05:22.4082781Z PullRequests: write
2021-06-11T16:05:22.4083369Z RepositoryProjects: write
2021-06-11T16:05:22.4084028Z SecurityEvents: write
2021-06-11T16:05:22.4084550Z Statuses: write
2021-06-11T16:05:22.4085181Z ##[endgroup]
2021-06-11T16:05:22.4088150Z Prepare workflow directory
2021-06-11T16:05:22.4726967Z Prepare all required actions
2021-06-11T16:05:22.4738218Z Getting action download info
2021-06-11T16:05:22.8489802Z Download action repository 'actions/checkout@v2'
2021-06-11T16:05:24.5730660Z Download action repository 'actions/setup-python@v2'
2021-06-11T16:05:24.7205558Z Download action repository 'codecov/codecov-action@v1'
2021-06-11T16:05:24.9959370Z ##[group]Run actions/checkout@v2
2021-06-11T16:05:24.9960010Z with:
2021-06-11T16:05:24.9960435Z   fetch-depth: 0
2021-06-11T16:05:24.9960942Z   repository: con/tinuous
2021-06-11T16:05:24.9961824Z   token: ***
2021-06-11T16:05:24.9962304Z   ssh-strict: true
2021-06-11T16:05:24.9962841Z   persist-credentials: true
2021-06-11T16:05:24.9963367Z   clean: true
2021-06-11T16:05:24.9963771Z   lfs: false
2021-06-11T16:05:24.9964213Z   submodules: false
2021-06-11T16:05:24.9964655Z ##[endgroup]
2021-06-11T16:05:25.2360766Z Syncing repository: con/tinuous
2021-06-11T16:05:25.2362735Z ##[group]Getting Git version info
2021-06-11T16:05:25.2364021Z Working directory is '/home/runner/work/tinuous/tinuous'
2021-06-11T16:05:25.7051916Z [command]/usr/bin/git version
2021-06-11T16:05:25.7052477Z git version 2.31.1
2021-06-11T16:05:25.7054583Z ##[endgroup]
2021-06-11T16:05:25.7055491Z Deleting the contents of '/home/runner/work/tinuous/tinuous'
2021-06-11T16:05:25.7057240Z ##[group]Initializing the repository
2021-06-11T16:05:25.7058024Z [command]/usr/bin/git init /home/runner/work/tinuous/tinuous
2021-06-11T16:05:25.7059103Z hint: Using 'master' as the name for the initial branch. This default branch name
2021-06-11T16:05:25.7060026Z hint: is subject to change. To configure the initial branch name to use in all
2021-06-11T16:05:25.7060950Z hint: of your new repositories, which will suppress this warning, call:
2021-06-11T16:05:25.7061668Z hint: 
2021-06-11T16:05:25.7062489Z hint: 	git config --global init.defaultBranch <name>
2021-06-11T16:05:25.7063189Z hint: 
2021-06-11T16:05:25.7064039Z hint: Names commonly chosen instead of 'master' are 'main', 'trunk' and
2021-06-11T16:05:25.7065116Z hint: 'development'. The just-created branch can be renamed via this command:
2021-06-11T16:05:25.7065871Z hint: 
2021-06-11T16:05:25.7066537Z hint: 	git branch -m <name>
2021-06-11T16:05:25.7067343Z Initialized empty Git repository in /home/runner/work/tinuous/tinuous/.git/
2021-06-11T16:05:25.7068378Z [command]/usr/bin/git remote add origin https://github.com/con/tinuous
2021-06-11T16:05:25.7069141Z ##[endgroup]
2021-06-11T16:05:25.7069836Z ##[group]Disabling automatic garbage collection
2021-06-11T16:05:25.7070770Z [command]/usr/bin/git config --local gc.auto 0
2021-06-11T16:05:25.7071681Z ##[endgroup]
2021-06-11T16:05:25.7073857Z ##[group]Setting up auth
2021-06-11T16:05:25.7074866Z [command]/usr/bin/git config --local --name-only --get-regexp core\.sshCommand
2021-06-11T16:05:25.7076397Z [command]/usr/bin/git submodule foreach --recursive git config --local --name-only --get-regexp 'core\.sshCommand' && git config --local --unset-all 'core.sshCommand' || :
2021-06-11T16:05:25.7077951Z [command]/usr/bin/git config --local --name-only --get-regexp http\.https\:\/\/github\.com\/\.extraheader
2021-06-11T16:05:25.7079817Z [command]/usr/bin/git submodule foreach --recursive git config --local --name-only --get-regexp 'http\.https\:\/\/github\.com\/\.extraheader' && git config --local --unset-all 'http.https://github.com/.extraheader' || :
2021-06-11T16:05:25.7081657Z [command]/usr/bin/git config --local http.https://github.com/.extraheader AUTHORIZATION: basic ***
2021-06-11T16:05:25.7082597Z ##[endgroup]
2021-06-11T16:05:25.7083236Z ##[group]Fetching the repository
2021-06-11T16:05:25.7085580Z [command]/usr/bin/git -c protocol.version=2 fetch --prune --progress --no-recurse-submodules origin +refs/heads/*:refs/remotes/origin/* +refs/tags/*:refs/tags/* +1496453fdec4e592511a167a1f3f7138472de671:refs/remotes/pull/100/merge
2021-06-11T16:05:25.7086995Z remote: Enumerating objects: 614, done.        
2021-06-11T16:05:25.7087704Z remote: Counting objects:   0% (1/268)        
2021-06-11T16:05:25.7088348Z remote: Counting objects:   1% (3/268)        
2021-06-11T16:05:25.7089022Z remote: Counting objects:   2% (6/268)        
2021-06-11T16:05:25.7089687Z remote: Counting objects:   3% (9/268)        
2021-06-11T16:05:25.7090333Z remote: Counting objects:   4% (11/268)        
2021-06-11T16:05:25.7091229Z remote: Counting objects:   5% (14/268)        
2021-06-11T16:05:25.7095573Z remote: Counting objects:   6% (17/268)        
2021-06-11T16:05:25.7096273Z remote: Counting objects:   7% (19/268)        
2021-06-11T16:05:25.7096948Z remote: Counting objects:   8% (22/268)        
2021-06-11T16:05:25.7097618Z remote: Counting objects:   9% (25/268)        
2021-06-11T16:05:25.7098284Z remote: Counting objects:  10% (27/268)        
2021-06-11T16:05:25.7098950Z remote: Counting objects:  11% (30/268)        
2021-06-11T16:05:25.7099603Z remote: Counting objects:  12% (33/268)        
2021-06-11T16:05:25.7100272Z remote: Counting objects:  13% (35/268)        
2021-06-11T16:05:25.7100940Z remote: Counting objects:  14% (38/268)        
2021-06-11T16:05:25.7101606Z remote: Counting objects:  15% (41/268)        
2021-06-11T16:05:25.7102269Z remote: Counting objects:  16% (43/268)        
2021-06-11T16:05:25.7102922Z remote: Counting objects:  17% (46/268)        
2021-06-11T16:05:25.7103592Z remote: Counting objects:  18% (49/268)        
2021-06-11T16:05:25.7104247Z remote: Counting objects:  19% (51/268)        
2021-06-11T16:05:25.7104919Z remote: Counting objects:  20% (54/268)        
2021-06-11T16:05:25.7105583Z remote: Counting objects:  21% (57/268)        
2021-06-11T16:05:25.7106241Z remote: Counting objects:  22% (59/268)        
2021-06-11T16:05:25.7106908Z remote: Counting objects:  23% (62/268)        
2021-06-11T16:05:25.7107555Z remote: Counting objects:  24% (65/268)        
2021-06-11T16:05:25.7108223Z remote: Counting objects:  25% (67/268)        
2021-06-11T16:05:25.7108890Z remote: Counting objects:  26% (70/268)        
2021-06-11T16:05:25.7109530Z remote: Counting objects:  27% (73/268)        
2021-06-11T16:05:25.7110200Z remote: Counting objects:  28% (76/268)        
2021-06-11T16:05:25.7110870Z remote: Counting objects:  29% (78/268)        
2021-06-11T16:05:25.7111519Z remote: Counting objects:  30% (81/268)        
2021-06-11T16:05:25.7112182Z remote: Counting objects:  31% (84/268)        
2021-06-11T16:05:25.7112836Z remote: Counting objects:  32% (86/268)        
2021-06-11T16:05:25.7113505Z remote: Counting objects:  33% (89/268)        
2021-06-11T16:05:25.7114166Z remote: Counting objects:  34% (92/268)        
2021-06-11T16:05:25.7114816Z remote: Counting objects:  35% (94/268)        
2021-06-11T16:05:25.7115636Z remote: Counting objects:  36% (97/268)        
2021-06-11T16:05:25.7116280Z remote: Counting objects:  37% (100/268)        
2021-06-11T16:05:25.7116955Z remote: Counting objects:  38% (102/268)        
2021-06-11T16:05:25.7117624Z remote: Counting objects:  39% (105/268)        
2021-06-11T16:05:25.7118271Z remote: Counting objects:  40% (108/268)        
2021-06-11T16:05:25.7118942Z remote: Counting objects:  41% (110/268)        
2021-06-11T16:05:25.7119589Z remote: Counting objects:  42% (113/268)        
2021-06-11T16:05:25.7120254Z remote: Counting objects:  43% (116/268)        
2021-06-11T16:05:25.7120930Z remote: Counting objects:  44% (118/268)        
2021-06-11T16:05:25.7121588Z remote: Counting objects:  45% (121/268)        
2021-06-11T16:05:25.7122259Z remote: Counting objects:  46% (124/268)        
2021-06-11T16:05:25.7122927Z remote: Counting objects:  47% (126/268)        
2021-06-11T16:05:25.7123573Z remote: Counting objects:  48% (129/268)        
2021-06-11T16:05:25.7124264Z remote: Counting objects:  49% (132/268)        
2021-06-11T16:05:25.7124915Z remote: Counting objects:  50% (134/268)        
2021-06-11T16:05:25.7125594Z remote: Counting objects:  51% (137/268)        
2021-06-11T16:05:25.7126261Z remote: Counting objects:  52% (140/268)        
2021-06-11T16:05:25.7126916Z remote: Counting objects:  53% (143/268)        
2021-06-11T16:05:25.7127582Z remote: Counting objects:  54% (145/268)        
2021-06-11T16:05:25.7128227Z remote: Counting objects:  55% (148/268)        
2021-06-11T16:05:25.7128907Z remote: Counting objects:  56% (151/268)        
2021-06-11T16:05:25.7129574Z remote: Counting objects:  57% (153/268)        
2021-06-11T16:05:25.7130310Z remote: Counting objects:  58% (156/268)        
2021-06-11T16:05:25.7131000Z remote: Counting objects:  59% (159/268)        
2021-06-11T16:05:25.7131767Z remote: Counting objects:  60% (161/268)        
2021-06-11T16:05:25.7132707Z remote: Counting objects:  61% (164/268)        
2021-06-11T16:05:25.7133468Z remote: Counting objects:  62% (167/268)        
2021-06-11T16:05:25.7134018Z remote: Counting objects:  63% (169/268)        
2021-06-11T16:05:25.7134711Z remote: Counting objects:  64% (172/268)        
2021-06-11T16:05:25.7135389Z remote: Counting objects:  65% (175/268)        
2021-06-11T16:05:25.7136038Z remote: Counting objects:  66% (177/268)        
2021-06-11T16:05:25.7136702Z remote: Counting objects:  67% (180/268)        
2021-06-11T16:05:25.7137352Z remote: Counting objects:  68% (183/268)        
2021-06-11T16:05:25.7138023Z remote: Counting objects:  69% (185/268)        
2021-06-11T16:05:25.7138691Z remote: Counting objects:  70% (188/268)        
2021-06-11T16:05:25.7139343Z remote: Counting objects:  71% (191/268)        
2021-06-11T16:05:25.7140012Z remote: Counting objects:  72% (193/268)        
2021-06-11T16:05:25.7140678Z remote: Counting objects:  73% (196/268)        
2021-06-11T16:05:25.7141327Z remote: Counting objects:  74% (199/268)        
2021-06-11T16:05:25.7142008Z remote: Counting objects:  75% (201/268)        
2021-06-11T16:05:25.7142654Z remote: Counting objects:  76% (204/268)        
2021-06-11T16:05:25.7143325Z remote: Counting objects:  77% (207/268)        
2021-06-11T16:05:25.7143987Z remote: Counting objects:  78% (210/268)        
2021-06-11T16:05:25.7144635Z remote: Counting objects:  79% (212/268)        
2021-06-11T16:05:25.7145303Z remote: Counting objects:  80% (215/268)        
2021-06-11T16:05:25.7145945Z remote: Counting objects:  81% (218/268)        
2021-06-11T16:05:25.7146621Z remote: Counting objects:  82% (220/268)        
2021-06-11T16:05:25.7147289Z remote: Counting objects:  83% (223/268)        
2021-06-11T16:05:25.7147946Z remote: Counting objects:  84% (226/268)        
2021-06-11T16:05:25.7148617Z remote: Counting objects:  85% (228/268)        
2021-06-11T16:05:25.7149262Z remote: Counting objects:  86% (231/268)        
2021-06-11T16:05:25.7149932Z remote: Counting objects:  87% (234/268)        
2021-06-11T16:05:25.7150723Z remote: Counting objects:  88% (236/268)        
2021-06-11T16:05:25.7151372Z remote: Counting objects:  89% (239/268)        
2021-06-11T16:05:25.7152038Z remote: Counting objects:  90% (242/268)        
2021-06-11T16:05:25.7152745Z remote: Counting objects:  91% (244/268)        
2021-06-11T16:05:25.7153393Z remote: Counting objects:  92% (247/268)        
2021-06-11T16:05:25.7154077Z remote: Counting objects:  93% (250/268)        
2021-06-11T16:05:25.7154724Z remote: Counting objects:  94% (252/268)        
2021-06-11T16:05:25.7155394Z remote: Counting objects:  95% (255/268)        
2021-06-11T16:05:25.7156061Z remote: Counting objects:  96% (258/268)        
2021-06-11T16:05:25.7156711Z remote: Counting objects:  97% (260/268)        
2021-06-11T16:05:25.7157384Z remote: Counting objects:  98% (263/268)        
2021-06-11T16:05:25.7158035Z remote: Counting objects:  99% (266/268)        
2021-06-11T16:05:25.7158710Z remote: Counting objects: 100% (268/268)        
2021-06-11T16:05:25.7159409Z remote: Counting objects: 100% (268/268), done.        
2021-06-11T16:05:25.7160098Z remote: Compressing objects:   0% (1/130)        
2021-06-11T16:05:25.7160812Z remote: Compressing objects:   1% (2/130)        
2021-06-11T16:05:25.7161495Z remote: Compressing objects:   2% (3/130)        
2021-06-11T16:05:25.7162203Z remote: Compressing objects:   3% (4/130)        
2021-06-11T16:05:25.7162911Z remote: Compressing objects:   4% (6/130)        
2021-06-11T16:05:25.7163591Z remote: Compressing objects:   5% (7/130)        
2021-06-11T16:05:25.7164299Z remote: Compressing objects:   6% (8/130)        
2021-06-11T16:05:25.7165007Z remote: Compressing objects:   7% (10/130)        
2021-06-11T16:05:25.7165780Z remote: Compressing objects:   8% (11/130)        
2021-06-11T16:05:25.7166515Z remote: Compressing objects:   9% (12/130)        
2021-06-11T16:05:25.7167205Z remote: Compressing objects:  10% (13/130)        
2021-06-11T16:05:25.7167921Z remote: Compressing objects:  11% (15/130)        
2021-06-11T16:05:25.7168642Z remote: Compressing objects:  12% (16/130)        
2021-06-11T16:05:25.7169339Z remote: Compressing objects:  13% (17/130)        
2021-06-11T16:05:25.7170051Z remote: Compressing objects:  14% (19/130)        
2021-06-11T16:05:25.7170739Z remote: Compressing objects:  15% (20/130)        
2021-06-11T16:05:25.7172122Z remote: Compressing objects:  16% (21/130)        
2021-06-11T16:05:25.7172921Z remote: Compressing objects:  17% (23/130)        
2021-06-11T16:05:25.7173610Z remote: Compressing objects:  18% (24/130)        
2021-06-11T16:05:25.7174319Z remote: Compressing objects:  19% (25/130)        
2021-06-11T16:05:25.7175024Z remote: Compressing objects:  20% (26/130)        
2021-06-11T16:05:25.7175725Z remote: Compressing objects:  21% (28/130)        
2021-06-11T16:05:25.7176441Z remote: Compressing objects:  22% (29/130)        
2021-06-11T16:05:25.7177128Z remote: Compressing objects:  23% (30/130)        
2021-06-11T16:05:25.7177845Z remote: Compressing objects:  24% (32/130)        
2021-06-11T16:05:25.7178567Z remote: Compressing objects:  25% (33/130)        
2021-06-11T16:05:25.7179257Z remote: Compressing objects:  26% (34/130)        
2021-06-11T16:05:25.7179966Z remote: Compressing objects:  27% (36/130)        
2021-06-11T16:05:25.7180654Z remote: Compressing objects:  28% (37/130)        
2021-06-11T16:05:25.7181366Z remote: Compressing objects:  29% (38/130)        
2021-06-11T16:05:25.7182074Z remote: Compressing objects:  30% (39/130)        
2021-06-11T16:05:25.7182758Z remote: Compressing objects:  31% (41/130)        
2021-06-11T16:05:25.7183469Z remote: Compressing objects:  32% (42/130)        
2021-06-11T16:05:25.7184154Z remote: Compressing objects:  33% (43/130)        
2021-06-11T16:05:25.7184869Z remote: Compressing objects:  34% (45/130)        
2021-06-11T16:05:25.7185576Z remote: Compressing objects:  35% (46/130)        
2021-06-11T16:05:25.7186261Z remote: Compressing objects:  36% (47/130)        
2021-06-11T16:05:25.7186973Z remote: Compressing objects:  37% (49/130)        
2021-06-11T16:05:25.7187803Z remote: Compressing objects:  38% (50/130)        
2021-06-11T16:05:25.7188501Z remote: Compressing objects:  39% (51/130)        
2021-06-11T16:05:25.7189222Z remote: Compressing objects:  40% (52/130)        
2021-06-11T16:05:25.7189915Z remote: Compressing objects:  41% (54/130)        
2021-06-11T16:05:25.7190621Z remote: Compressing objects:  42% (55/130)        
2021-06-11T16:05:25.7191335Z remote: Compressing objects:  43% (56/130)        
2021-06-11T16:05:25.7192027Z remote: Compressing objects:  44% (58/130)        
2021-06-11T16:05:25.7192738Z remote: Compressing objects:  45% (59/130)        
2021-06-11T16:05:25.7193424Z remote: Compressing objects:  46% (60/130)        
2021-06-11T16:05:25.7194136Z remote: Compressing objects:  47% (62/130)        
2021-06-11T16:05:25.7194848Z remote: Compressing objects:  48% (63/130)        
2021-06-11T16:05:25.7195536Z remote: Compressing objects:  49% (64/130)        
2021-06-11T16:05:25.7196248Z remote: Compressing objects:  50% (65/130)        
2021-06-11T16:05:25.7196970Z remote: Compressing objects:  51% (67/130)        
2021-06-11T16:05:25.7197656Z remote: Compressing objects:  52% (68/130)        
2021-06-11T16:05:25.7198363Z remote: Compressing objects:  53% (69/130)        
2021-06-11T16:05:25.7199050Z remote: Compressing objects:  54% (71/130)        
2021-06-11T16:05:25.7199763Z remote: Compressing objects:  55% (72/130)        
2021-06-11T16:05:25.7200475Z remote: Compressing objects:  56% (73/130)        
2021-06-11T16:05:25.7201166Z remote: Compressing objects:  57% (75/130)        
2021-06-11T16:05:25.7201872Z remote: Compressing objects:  58% (76/130)        
2021-06-11T16:05:25.7202559Z remote: Compressing objects:  59% (77/130)        
2021-06-11T16:05:25.7203338Z remote: Compressing objects:  60% (78/130)        
2021-06-11T16:05:25.7204067Z remote: Compressing objects:  61% (80/130)        
2021-06-11T16:05:25.7204754Z remote: Compressing objects:  62% (81/130)        
2021-06-11T16:05:25.7205474Z remote: Compressing objects:  63% (82/130)        
2021-06-11T16:05:25.7206161Z remote: Compressing objects:  64% (84/130)        
2021-06-11T16:05:25.7206867Z remote: Compressing objects:  65% (85/130)        
2021-06-11T16:05:25.7207577Z remote: Compressing objects:  66% (86/130)        
2021-06-11T16:05:25.7208266Z remote: Compressing objects:  67% (88/130)        
2021-06-11T16:05:25.7208973Z remote: Compressing objects:  68% (89/130)        
2021-06-11T16:05:25.7209679Z remote: Compressing objects:  69% (90/130)        
2021-06-11T16:05:25.7210369Z remote: Compressing objects:  70% (91/130)        
2021-06-11T16:05:25.7211091Z remote: Compressing objects:  71% (93/130)        
2021-06-11T16:05:25.7211944Z remote: Compressing objects:  72% (94/130)        
2021-06-11T16:05:25.7212667Z remote: Compressing objects:  73% (95/130)        
2021-06-11T16:05:25.7213378Z remote: Compressing objects:  74% (97/130)        
2021-06-11T16:05:25.7214068Z remote: Compressing objects:  75% (98/130)        
2021-06-11T16:05:25.7214783Z remote: Compressing objects:  76% (99/130)        
2021-06-11T16:05:25.7215471Z remote: Compressing objects:  77% (101/130)        
2021-06-11T16:05:25.7216185Z remote: Compressing objects:  78% (102/130)        
2021-06-11T16:05:25.7216902Z remote: Compressing objects:  79% (103/130)        
2021-06-11T16:05:25.7217592Z remote: Compressing objects:  80% (104/130)        
2021-06-11T16:05:25.7218305Z remote: Compressing objects:  81% (106/130)        
2021-06-11T16:05:25.7219019Z remote: Compressing objects:  82% (107/130)        
2021-06-11T16:05:25.7219712Z remote: Compressing objects:  83% (108/130)        
2021-06-11T16:05:25.7220422Z remote: Compressing objects:  84% (110/130)        
2021-06-11T16:05:25.7221121Z remote: Compressing objects:  85% (111/130)        
2021-06-11T16:05:25.7221833Z remote: Compressing objects:  86% (112/130)        
2021-06-11T16:05:25.7222545Z remote: Compressing objects:  87% (114/130)        
2021-06-11T16:05:25.7223272Z remote: Compressing objects:  88% (115/130)        
2021-06-11T16:05:25.7224067Z remote: Compressing objects:  89% (116/130)        
2021-06-11T16:05:25.7224781Z remote: Compressing objects:  90% (117/130)        
2021-06-11T16:05:25.7225489Z remote: Compressing objects:  91% (119/130)        
2021-06-11T16:05:25.7226179Z remote: Compressing objects:  92% (120/130)        
2021-06-11T16:05:25.7226885Z remote: Compressing objects:  93% (121/130)        
2021-06-11T16:05:25.7227569Z remote: Compressing objects:  94% (123/130)        
2021-06-11T16:05:25.7228282Z remote: Compressing objects:  95% (124/130)        
2021-06-11T16:05:25.7228993Z remote: Compressing objects:  96% (125/130)        
2021-06-11T16:05:25.7229683Z remote: Compressing objects:  97% (127/130)        
2021-06-11T16:05:25.7230404Z remote: Compressing objects:  98% (128/130)        
2021-06-11T16:05:25.7231092Z remote: Compressing objects:  99% (129/130)        
2021-06-11T16:05:25.7231799Z remote: Compressing objects: 100% (130/130)        
2021-06-11T16:05:25.7232539Z remote: Compressing objects: 100% (130/130), done.        
2021-06-11T16:05:25.7233202Z Receiving objects:   0% (1/614)
2021-06-11T16:05:25.7233828Z Receiving objects:   1% (7/614)
2021-06-11T16:05:25.7234451Z Receiving objects:   2% (13/614)
2021-06-11T16:05:25.7235055Z Receiving objects:   3% (19/614)
2021-06-11T16:05:25.7235681Z Receiving objects:   4% (25/614)
2021-06-11T16:05:25.7236281Z Receiving objects:   5% (31/614)
2021-06-11T16:05:25.7236906Z Receiving objects:   6% (37/614)
2021-06-11T16:05:25.7237525Z Receiving objects:   7% (43/614)
2021-06-11T16:05:25.7238123Z Receiving objects:   8% (50/614)
2021-06-11T16:05:25.7238745Z Receiving objects:   9% (56/614)
2021-06-11T16:05:25.7239343Z Receiving objects:  10% (62/614)
2021-06-11T16:05:25.7240036Z Receiving objects:  11% (68/614)
2021-06-11T16:05:25.7240672Z Receiving objects:  12% (74/614)
2021-06-11T16:05:25.7241269Z Receiving objects:  13% (80/614)
2021-06-11T16:05:25.7241890Z Receiving objects:  14% (86/614)
2021-06-11T16:05:25.7242491Z Receiving objects:  15% (93/614)
2021-06-11T16:05:25.7243123Z Receiving objects:  16% (99/614)
2021-06-11T16:05:25.7243744Z Receiving objects:  17% (105/614)
2021-06-11T16:05:25.7244344Z Receiving objects:  18% (111/614)
2021-06-11T16:05:25.7244974Z Receiving objects:  19% (117/614)
2021-06-11T16:05:25.7245579Z Receiving objects:  20% (123/614)
2021-06-11T16:05:25.7246197Z Receiving objects:  21% (129/614)
2021-06-11T16:05:25.7246826Z Receiving objects:  22% (136/614)
2021-06-11T16:05:25.7247427Z Receiving objects:  23% (142/614)
2021-06-11T16:05:25.7248057Z Receiving objects:  24% (148/614)
2021-06-11T16:05:25.7248664Z Receiving objects:  25% (154/614)
2021-06-11T16:05:25.7249289Z Receiving objects:  26% (160/614)
2021-06-11T16:05:25.7249919Z Receiving objects:  27% (166/614)
2021-06-11T16:05:25.7250524Z Receiving objects:  28% (172/614)
2021-06-11T16:05:25.7251150Z Receiving objects:  29% (179/614)
2021-06-11T16:05:25.7251863Z Receiving objects:  30% (185/614)
2021-06-11T16:05:25.7252531Z Receiving objects:  31% (191/614)
2021-06-11T16:05:25.7253173Z Receiving objects:  32% (197/614)
2021-06-11T16:05:25.7253779Z Receiving objects:  33% (203/614)
2021-06-11T16:05:25.7254404Z Receiving objects:  34% (209/614)
2021-06-11T16:05:25.7255072Z Receiving objects:  35% (215/614)
2021-06-11T16:05:25.7255704Z Receiving objects:  36% (222/614)
2021-06-11T16:05:25.7256334Z Receiving objects:  37% (228/614)
2021-06-11T16:05:25.7256935Z Receiving objects:  38% (234/614)
2021-06-11T16:05:25.7257553Z Receiving objects:  39% (240/614)
2021-06-11T16:05:25.7258157Z Receiving objects:  40% (246/614)
2021-06-11T16:05:25.7258780Z Receiving objects:  41% (252/614)
2021-06-11T16:05:25.7259403Z Receiving objects:  42% (258/614)
2021-06-11T16:05:25.7260014Z Receiving objects:  43% (265/614)
2021-06-11T16:05:25.7260650Z Receiving objects:  44% (271/614)
2021-06-11T16:05:25.7261252Z Receiving objects:  45% (277/614)
2021-06-11T16:05:25.7261886Z Receiving objects:  46% (283/614)
2021-06-11T16:05:25.7262509Z Receiving objects:  47% (289/614)
2021-06-11T16:05:25.7263230Z Receiving objects:  48% (295/614)
2021-06-11T16:05:25.7263855Z Receiving objects:  49% (301/614)
2021-06-11T16:05:25.7264456Z Receiving objects:  50% (307/614)
2021-06-11T16:05:25.7265083Z Receiving objects:  51% (314/614)
2021-06-11T16:05:25.7265708Z Receiving objects:  52% (320/614)
2021-06-11T16:05:25.7266311Z Receiving objects:  53% (326/614)
2021-06-11T16:05:25.7266931Z Receiving objects:  54% (332/614)
2021-06-11T16:05:25.7267534Z Receiving objects:  55% (338/614)
2021-06-11T16:05:25.7268153Z Receiving objects:  56% (344/614)
2021-06-11T16:05:25.7268776Z Receiving objects:  57% (350/614)
2021-06-11T16:05:25.7269387Z Receiving objects:  58% (357/614)
2021-06-11T16:05:25.7270014Z Receiving objects:  59% (363/614)
2021-06-11T16:05:25.7270617Z Receiving objects:  60% (369/614)
2021-06-11T16:05:25.7271244Z Receiving objects:  61% (375/614)
2021-06-11T16:05:25.7271863Z Receiving objects:  62% (381/614)
2021-06-11T16:05:25.7272463Z Receiving objects:  63% (387/614)
2021-06-11T16:05:25.7273095Z Receiving objects:  64% (393/614)
2021-06-11T16:05:25.7273695Z Receiving objects:  65% (400/614)
2021-06-11T16:05:25.7274314Z Receiving objects:  66% (406/614)
2021-06-11T16:05:25.7274940Z Receiving objects:  67% (412/614)
2021-06-11T16:05:25.7275540Z Receiving objects:  68% (418/614)
2021-06-11T16:05:25.7276163Z Receiving objects:  69% (424/614)
2021-06-11T16:05:25.7276764Z Receiving objects:  70% (430/614)
2021-06-11T16:05:25.7277388Z Receiving objects:  71% (436/614)
2021-06-11T16:05:25.7278013Z Receiving objects:  72% (443/614)
2021-06-11T16:05:25.7278619Z Receiving objects:  73% (449/614)
2021-06-11T16:05:25.7279239Z Receiving objects:  74% (455/614)
2021-06-11T16:05:25.7279841Z Receiving objects:  75% (461/614)
2021-06-11T16:05:25.7280550Z Receiving objects:  76% (467/614)
2021-06-11T16:05:25.7281189Z Receiving objects:  77% (473/614)
2021-06-11T16:05:25.7281792Z Receiving objects:  78% (479/614)
2021-06-11T16:05:25.7282418Z Receiving objects:  79% (486/614)
2021-06-11T16:05:25.7283014Z Receiving objects:  80% (492/614)
2021-06-11T16:05:25.7283655Z Receiving objects:  81% (498/614)
2021-06-11T16:05:25.7284280Z Receiving objects:  82% (504/614)
2021-06-11T16:05:25.7284885Z Receiving objects:  83% (510/614)
2021-06-11T16:05:25.7285505Z Receiving objects:  84% (516/614)
2021-06-11T16:05:25.7286105Z Receiving objects:  85% (522/614)
2021-06-11T16:05:25.7286731Z Receiving objects:  86% (529/614)
2021-06-11T16:05:25.7287356Z Receiving objects:  87% (535/614)
2021-06-11T16:05:25.7287957Z Receiving objects:  88% (541/614)
2021-06-11T16:05:25.7288576Z Receiving objects:  89% (547/614)
2021-06-11T16:05:25.7289864Z remote: Total 614 (delta 138), reused 170 (delta 122), pack-reused 346        
2021-06-11T16:05:25.7290621Z Receiving objects:  90% (553/614)
2021-06-11T16:05:25.7291263Z Receiving objects:  91% (559/614)
2021-06-11T16:05:25.7292031Z Receiving objects:  92% (565/614)
2021-06-11T16:05:25.7292660Z Receiving objects:  93% (572/614)
2021-06-11T16:05:25.7293262Z Receiving objects:  94% (578/614)
2021-06-11T16:05:25.7293900Z Receiving objects:  95% (584/614)
2021-06-11T16:05:25.7294521Z Receiving objects:  96% (590/614)
2021-06-11T16:05:25.7295126Z Receiving objects:  97% (596/614)
2021-06-11T16:05:25.7295776Z Receiving objects:  98% (602/614)
2021-06-11T16:05:25.7296376Z Receiving objects:  99% (608/614)
2021-06-11T16:05:25.7296998Z Receiving objects: 100% (614/614)
2021-06-11T16:05:25.7297689Z Receiving objects: 100% (614/614), 179.02 KiB | 16.27 MiB/s, done.
2021-06-11T16:05:25.7298349Z Resolving deltas:   0% (0/318)
2021-06-11T16:05:25.7299120Z Resolving deltas:   1% (4/318)
2021-06-11T16:05:25.7299883Z Resolving deltas:   2% (7/318)
2021-06-11T16:05:25.7300611Z Resolving deltas:   3% (10/318)
2021-06-11T16:05:25.7301229Z Resolving deltas:   4% (13/318)
2021-06-11T16:05:25.7301829Z Resolving deltas:   5% (16/318)
2021-06-11T16:05:25.7302442Z Resolving deltas:   6% (20/318)
2021-06-11T16:05:25.7303033Z Resolving deltas:   7% (23/318)
2021-06-11T16:05:25.7303648Z Resolving deltas:   8% (26/318)
2021-06-11T16:05:25.7304405Z Resolving deltas:   9% (29/318)
2021-06-11T16:05:25.7305001Z Resolving deltas:  10% (32/318)
2021-06-11T16:05:25.7305616Z Resolving deltas:  11% (35/318)
2021-06-11T16:05:25.7306212Z Resolving deltas:  12% (39/318)
2021-06-11T16:05:25.7306823Z Resolving deltas:  13% (42/318)
2021-06-11T16:05:25.7307433Z Resolving deltas:  14% (45/318)
2021-06-11T16:05:25.7308030Z Resolving deltas:  15% (48/318)
2021-06-11T16:05:25.7308642Z Resolving deltas:  16% (51/318)
2021-06-11T16:05:25.7309228Z Resolving deltas:  17% (55/318)
2021-06-11T16:05:25.7309838Z Resolving deltas:  18% (58/318)
2021-06-11T16:05:25.7310443Z Resolving deltas:  19% (61/318)
2021-06-11T16:05:25.7311031Z Resolving deltas:  20% (64/318)
2021-06-11T16:05:25.7311650Z Resolving deltas:  21% (67/318)
2021-06-11T16:05:25.7312238Z Resolving deltas:  22% (70/318)
2021-06-11T16:05:25.7312849Z Resolving deltas:  23% (74/318)
2021-06-11T16:05:25.7313458Z Resolving deltas:  24% (77/318)
2021-06-11T16:05:25.7314049Z Resolving deltas:  25% (80/318)
2021-06-11T16:05:25.7314677Z Resolving deltas:  26% (83/318)
2021-06-11T16:05:25.7315267Z Resolving deltas:  27% (86/318)
2021-06-11T16:05:25.7315881Z Resolving deltas:  28% (90/318)
2021-06-11T16:05:25.7316497Z Resolving deltas:  29% (93/318)
2021-06-11T16:05:25.7317089Z Resolving deltas:  30% (96/318)
2021-06-11T16:05:25.7317704Z Resolving deltas:  31% (99/318)
2021-06-11T16:05:25.7318297Z Resolving deltas:  32% (102/318)
2021-06-11T16:05:25.7318912Z Resolving deltas:  33% (105/318)
2021-06-11T16:05:25.7319521Z Resolving deltas:  34% (109/318)
2021-06-11T16:05:25.7320119Z Resolving deltas:  35% (112/318)
2021-06-11T16:05:25.7320730Z Resolving deltas:  36% (115/318)
2021-06-11T16:05:25.7321317Z Resolving deltas:  37% (118/318)
2021-06-11T16:05:25.7322008Z Resolving deltas:  38% (121/318)
2021-06-11T16:05:25.7322646Z Resolving deltas:  39% (125/318)
2021-06-11T16:05:25.7323240Z Resolving deltas:  40% (128/318)
2021-06-11T16:05:25.7323854Z Resolving deltas:  41% (131/318)
2021-06-11T16:05:25.7324444Z Resolving deltas:  42% (134/318)
2021-06-11T16:05:25.7325077Z Resolving deltas:  43% (137/318)
2021-06-11T16:05:25.7325690Z Resolving deltas:  44% (140/318)
2021-06-11T16:05:25.7326287Z Resolving deltas:  45% (144/318)
2021-06-11T16:05:25.7326896Z Resolving deltas:  46% (147/318)
2021-06-11T16:05:25.7327484Z Resolving deltas:  47% (150/318)
2021-06-11T16:05:25.7328114Z Resolving deltas:  48% (153/318)
2021-06-11T16:05:25.7328730Z Resolving deltas:  49% (156/318)
2021-06-11T16:05:25.7329324Z Resolving deltas:  50% (159/318)
2021-06-11T16:05:25.7329936Z Resolving deltas:  51% (163/318)
2021-06-11T16:05:25.7330523Z Resolving deltas:  52% (166/318)
2021-06-11T16:05:25.7331131Z Resolving deltas:  53% (169/318)
2021-06-11T16:05:25.7404030Z Resolving deltas:  54% (172/318)
2021-06-11T16:05:25.7415384Z Resolving deltas:  55% (175/318)
2021-06-11T16:05:25.7416058Z Resolving deltas:  56% (179/318)
2021-06-11T16:05:25.7416806Z Resolving deltas:  57% (182/318)
2021-06-11T16:05:25.7417423Z Resolving deltas:  58% (185/318)
2021-06-11T16:05:25.7418037Z Resolving deltas:  59% (188/318)
2021-06-11T16:05:25.7418651Z Resolving deltas:  60% (191/318)
2021-06-11T16:05:25.7419246Z Resolving deltas:  61% (194/318)
2021-06-11T16:05:25.7419854Z Resolving deltas:  62% (198/318)
2021-06-11T16:05:25.7420472Z Resolving deltas:  63% (201/318)
2021-06-11T16:05:25.7421067Z Resolving deltas:  64% (204/318)
2021-06-11T16:05:25.7421684Z Resolving deltas:  65% (207/318)
2021-06-11T16:05:25.7422273Z Resolving deltas:  66% (210/318)
2021-06-11T16:05:25.7422883Z Resolving deltas:  67% (214/318)
2021-06-11T16:05:25.7423489Z Resolving deltas:  68% (217/318)
2021-06-11T16:05:25.7424080Z Resolving deltas:  69% (220/318)
2021-06-11T16:05:25.7424693Z Resolving deltas:  70% (223/318)
2021-06-11T16:05:25.7425289Z Resolving deltas:  71% (226/318)
2021-06-11T16:05:25.7425900Z Resolving deltas:  72% (229/318)
2021-06-11T16:05:25.7426509Z Resolving deltas:  73% (233/318)
2021-06-11T16:05:25.7427099Z Resolving deltas:  74% (236/318)
2021-06-11T16:05:25.7427711Z Resolving deltas:  75% (239/318)
2021-06-11T16:05:25.7428518Z Resolving deltas:  76% (242/318)
2021-06-11T16:05:25.7429127Z Resolving deltas:  77% (245/318)
2021-06-11T16:05:25.7430017Z Resolving deltas:  78% (249/318)
2021-06-11T16:05:25.7430616Z Resolving deltas:  79% (252/318)
2021-06-11T16:05:25.7431238Z Resolving deltas:  80% (255/318)
2021-06-11T16:05:25.7431825Z Resolving deltas:  81% (258/318)
2021-06-11T16:05:25.7432477Z Resolving deltas:  82% (261/318)
2021-06-11T16:05:25.7433137Z Resolving deltas:  83% (264/318)
2021-06-11T16:05:25.7433853Z Resolving deltas:  84% (268/318)
2021-06-11T16:05:25.7434561Z Resolving deltas:  85% (271/318)
2021-06-11T16:05:25.7435288Z Resolving deltas:  86% (274/318)
2021-06-11T16:05:25.7435941Z Resolving deltas:  87% (277/318)
2021-06-11T16:05:25.7436674Z Resolving deltas:  88% (280/318)
2021-06-11T16:05:25.7437311Z Resolving deltas:  89% (284/318)
2021-06-11T16:05:25.7438014Z Resolving deltas:  90% (287/318)
2021-06-11T16:05:25.7438738Z Resolving deltas:  91% (290/318)
2021-06-11T16:05:25.7439389Z Resolving deltas:  92% (293/318)
2021-06-11T16:05:25.7440103Z Resolving deltas:  93% (296/318)
2021-06-11T16:05:25.7440762Z Resolving deltas:  94% (299/318)
2021-06-11T16:05:25.7441461Z Resolving deltas:  95% (303/318)
2021-06-11T16:05:25.7442183Z Resolving deltas:  96% (306/318)
2021-06-11T16:05:25.7442840Z Resolving deltas:  97% (309/318)
2021-06-11T16:05:25.7443606Z Resolving deltas:  98% (312/318)
2021-06-11T16:05:25.7444241Z Resolving deltas:  99% (315/318)
2021-06-11T16:05:25.7444936Z Resolving deltas: 100% (318/318)
2021-06-11T16:05:25.7445665Z Resolving deltas: 100% (318/318), done.
2021-06-11T16:05:25.7446430Z From https://github.com/con/tinuous
2021-06-11T16:05:25.7448021Z  * [new branch]      docfix01                                 -> origin/docfix01
2021-06-11T16:05:25.7449056Z  * [new branch]      gh-55                                    -> origin/gh-55
2021-06-11T16:05:25.7450094Z  * [new branch]      gh-93                                    -> origin/gh-93
2021-06-11T16:05:25.7451156Z  * [new branch]      gh-94                                    -> origin/gh-94
2021-06-11T16:05:25.7452285Z  * [new branch]      master                                   -> origin/master
2021-06-11T16:05:25.7453422Z  * [new branch]      optional-types                           -> origin/optional-types
2021-06-11T16:05:25.7454576Z  * [new branch]      redo-state                               -> origin/redo-state
2021-06-11T16:05:25.7455652Z  * [new branch]      test-appveyor                            -> origin/test-appveyor
2021-06-11T16:05:25.7456732Z  * [new tag]         0.1.0                                    -> 0.1.0
2021-06-11T16:05:25.7457625Z  * [new tag]         0.2.0                                    -> 0.2.0
2021-06-11T16:05:25.7458647Z  * [new ref]         1496453fdec4e592511a167a1f3f7138472de671 -> pull/100/merge
2021-06-11T16:05:25.7459621Z ##[endgroup]
2021-06-11T16:05:25.7460316Z ##[group]Determining the checkout info
2021-06-11T16:05:25.7461102Z ##[endgroup]
2021-06-11T16:05:25.7461891Z ##[group]Checking out the ref
2021-06-11T16:05:25.7462929Z [command]/usr/bin/git checkout --progress --force refs/remotes/pull/100/merge
2021-06-11T16:05:25.7464047Z Note: switching to 'refs/remotes/pull/100/merge'.
2021-06-11T16:05:25.7464600Z 
2021-06-11T16:05:25.7465474Z You are in 'detached HEAD' state. You can look around, make experimental
2021-06-11T16:05:25.7466467Z changes and commit them, and you can discard any commits you make in this
2021-06-11T16:05:25.7467433Z state without impacting any branches by switching back to a branch.
2021-06-11T16:05:25.7467954Z 
2021-06-11T16:05:25.7468720Z If you want to create a new branch to retain commits you create, you may
2021-06-11T16:05:25.7469952Z do so (now or later) by using -c with the switch command. Example:
2021-06-11T16:05:25.7470558Z 
2021-06-11T16:05:25.7471319Z   git switch -c <new-branch-name>
2021-06-11T16:05:25.7471836Z 
2021-06-11T16:05:25.7472482Z Or undo this operation with:
2021-06-11T16:05:25.7472895Z 
2021-06-11T16:05:25.7473799Z   git switch -
2021-06-11T16:05:25.7474265Z 
2021-06-11T16:05:25.7475101Z Turn off this advice by setting config variable advice.detachedHead to false
2021-06-11T16:05:25.7475699Z 
2021-06-11T16:05:25.7476799Z HEAD is now at 1496453 Merge 868ee5da15dc19929ad00fd53e6a2ecde097a24c into b4f1a5ebe88486fab44fe8439b910587f2fb6977
2021-06-11T16:05:25.7477986Z ##[endgroup]
2021-06-11T16:05:25.7478828Z [command]/usr/bin/git log -1 --format='%H'
2021-06-11T16:05:25.7479862Z '1496453fdec4e592511a167a1f3f7138472de671'
2021-06-11T16:05:25.7578302Z ##[group]Run actions/setup-python@v2
2021-06-11T16:05:25.7578964Z with:
2021-06-11T16:05:25.7579456Z   python-version: 3.9
2021-06-11T16:05:25.7580460Z   token: ***
2021-06-11T16:05:25.7580935Z ##[endgroup]
2021-06-11T16:05:25.8247113Z Successfully setup CPython (3.9.5)
2021-06-11T16:05:25.8315611Z ##[group]Run python -m pip install --upgrade pip wheel
2021-06-11T16:05:25.8316465Z [36;1mpython -m pip install --upgrade pip wheel[0m
2021-06-11T16:05:25.8317234Z [36;1mpython -m pip install --upgrade --upgrade-strategy=eager tox[0m
2021-06-11T16:05:25.8367793Z shell: /usr/bin/bash -e {0}
2021-06-11T16:05:25.8368307Z env:
2021-06-11T16:05:25.8369016Z   pythonLocation: /opt/hostedtoolcache/Python/3.9.5/x64
2021-06-11T16:05:25.8370054Z   LD_LIBRARY_PATH: /opt/hostedtoolcache/Python/3.9.5/x64/lib
2021-06-11T16:05:25.8370741Z ##[endgroup]
2021-06-11T16:05:28.0707761Z Requirement already satisfied: pip in /opt/hostedtoolcache/Python/3.9.5/x64/lib/python3.9/site-packages (21.1.2)
2021-06-11T16:05:28.2650058Z Collecting wheel
2021-06-11T16:05:28.3148516Z   Downloading wheel-0.36.2-py2.py3-none-any.whl (35 kB)
2021-06-11T16:05:28.3886295Z Installing collected packages: wheel
2021-06-11T16:05:28.4221568Z Successfully installed wheel-0.36.2
2021-06-11T16:05:29.0380423Z Collecting tox
2021-06-11T16:05:29.0886261Z   Downloading tox-3.23.1-py2.py3-none-any.whl (85 kB)
2021-06-11T16:05:29.1818706Z Collecting six>=1.14.0
2021-06-11T16:05:29.1926963Z   Downloading six-1.16.0-py2.py3-none-any.whl (11 kB)
2021-06-11T16:05:29.2223579Z Collecting filelock>=3.0.0
2021-06-11T16:05:29.2334208Z   Downloading filelock-3.0.12-py3-none-any.whl (7.6 kB)
2021-06-11T16:05:29.4285446Z Collecting virtualenv!=20.0.0,!=20.0.1,!=20.0.2,!=20.0.3,!=20.0.4,!=20.0.5,!=20.0.6,!=20.0.7,>=16.0.0
2021-06-11T16:05:29.4433762Z   Downloading virtualenv-20.4.7-py2.py3-none-any.whl (7.2 MB)
2021-06-11T16:05:29.8367655Z Collecting pluggy>=0.12.0
2021-06-11T16:05:29.8480840Z   Downloading pluggy-0.13.1-py2.py3-none-any.whl (18 kB)
2021-06-11T16:05:29.8924383Z Collecting packaging>=14
2021-06-11T16:05:29.9052087Z   Downloading packaging-20.9-py2.py3-none-any.whl (40 kB)
2021-06-11T16:05:29.9466840Z Collecting py>=1.4.17
2021-06-11T16:05:29.9592863Z   Downloading py-1.10.0-py2.py3-none-any.whl (97 kB)
2021-06-11T16:05:29.9805627Z Collecting toml>=0.9.4
2021-06-11T16:05:29.9911774Z   Downloading toml-0.10.2-py2.py3-none-any.whl (16 kB)
2021-06-11T16:05:30.0615227Z Collecting pyparsing>=2.0.2
2021-06-11T16:05:30.0748440Z   Downloading pyparsing-2.4.7-py2.py3-none-any.whl (67 kB)
2021-06-11T16:05:30.1446879Z Collecting appdirs<2,>=1.4.3
2021-06-11T16:05:30.1558089Z   Downloading appdirs-1.4.4-py2.py3-none-any.whl (9.6 kB)
2021-06-11T16:05:30.1770284Z Collecting distlib<1,>=0.3.1
2021-06-11T16:05:30.1892776Z   Downloading distlib-0.3.2-py2.py3-none-any.whl (338 kB)
2021-06-11T16:05:30.2862228Z Installing collected packages: six, pyparsing, filelock, distlib, appdirs, virtualenv, toml, py, pluggy, packaging, tox
2021-06-11T16:05:30.7889994Z Successfully installed appdirs-1.4.4 distlib-0.3.2 filelock-3.0.12 packaging-20.9 pluggy-0.13.1 py-1.10.0 pyparsing-2.4.7 six-1.16.0 toml-0.10.2 tox-3.23.1 virtualenv-20.4.7
2021-06-11T16:05:30.8912339Z ##[group]Run tox -e py -- --cov-report=xml
2021-06-11T16:05:30.8912991Z [36;1mtox -e py -- --cov-report=xml[0m
2021-06-11T16:05:30.8958009Z shell: /usr/bin/bash -e {0}
2021-06-11T16:05:30.8958397Z env:
2021-06-11T16:05:30.8958945Z   pythonLocation: /opt/hostedtoolcache/Python/3.9.5/x64
2021-06-11T16:05:30.8959784Z   LD_LIBRARY_PATH: /opt/hostedtoolcache/Python/3.9.5/x64/lib
2021-06-11T16:05:30.8960328Z ##[endgroup]
2021-06-11T16:05:31.1299523Z .package create: /home/runner/work/tinuous/tinuous/.tox/.package
2021-06-11T16:05:32.5726126Z .package installdeps: setuptools >= 46.4.0, wheel ~= 0.32
2021-06-11T16:05:35.3400348Z py create: /home/runner/work/tinuous/tinuous/.tox/py
2021-06-11T16:05:35.5799377Z py installdeps: pytest~=6.0, pytest-cov~=2.0, pytest-mock~=3.0
2021-06-11T16:05:38.5624608Z py inst: /home/runner/work/tinuous/tinuous/.tox/.tmp/package/1/tinuous-0.2.0+59.g1496453.tar.gz
2021-06-11T16:05:49.5213072Z py installed: attrs==21.2.0,certifi==2021.5.30,cffi==1.14.5,chardet==4.0.0,click==8.0.1,click-loglevel==0.4.0.post1,coverage==5.5,Deprecated==1.2.12,idna==2.10,in-place==0.5.0,iniconfig==1.1.1,packaging==20.9,pluggy==0.13.1,py==1.10.0,pycparser==2.20,pydantic==1.8.2,PyGithub==1.55,PyJWT==2.1.0,PyNaCl==1.4.0,pyparsing==2.4.7,pytest==6.2.4,pytest-cov==2.12.1,pytest-mock==3.6.1,python-dateutil==2.8.1,python-dotenv==0.17.1,PyYAML==5.4.1,requests==2.25.1,six==1.16.0,tinuous @ file:///home/runner/work/tinuous/tinuous/.tox/.tmp/package/1/tinuous-0.2.0%2B59.g1496453.tar.gz,toml==0.10.2,typing-extensions==3.10.0.0,urllib3==1.26.5,wrapt==1.12.1
2021-06-11T16:05:49.5216313Z py run-test-pre: PYTHONHASHSEED='4171684144'
2021-06-11T16:05:49.5217584Z py run-test: commands[0] | tinuous --help
2021-06-11T16:05:49.7992322Z Usage: tinuous [OPTIONS] COMMAND [ARGS]...
2021-06-11T16:05:49.7993097Z 
2021-06-11T16:05:49.7993935Z   Download build logs from GitHub Actions, Travis, and Appveyor
2021-06-11T16:05:49.7994535Z 
2021-06-11T16:05:49.7995083Z Options:
2021-06-11T16:05:49.7996570Z   -V, --version                   Show the version and exit.
2021-06-11T16:05:49.7997678Z   -c, --config FILE               Read configuration from the given file
2021-06-11T16:05:49.7998544Z                                   [default: config.yml]
2021-06-11T16:05:49.7999654Z   -E, --env FILE                  Load environment variables from given .env
2021-06-11T16:05:49.8000655Z                                   file
2021-06-11T16:05:49.8002075Z   -l, --log-level [NOTSET|DEBUG|INFO|WARNING|ERROR|CRITICAL]
2021-06-11T16:05:49.8002804Z                                   Set logging level  [default: 20]
2021-06-11T16:05:49.8003545Z   --help                          Show this message and exit.
2021-06-11T16:05:49.8003896Z 
2021-06-11T16:05:49.8004210Z Commands:
2021-06-11T16:05:49.8004628Z   fetch     Download logs
2021-06-11T16:05:49.8005100Z   sanitize  Sanitize secrets in logs
2021-06-11T16:05:49.8390456Z py run-test: commands[1] | pytest --cov-report=xml test
2021-06-11T16:05:50.9556021Z ============================= test session starts ==============================
2021-06-11T16:05:50.9558331Z platform linux -- Python 3.9.5, pytest-6.2.4, py-1.10.0, pluggy-0.13.1
2021-06-11T16:05:50.9559463Z cachedir: .tox/py/.pytest_cache
2021-06-11T16:05:50.9560300Z rootdir: /home/runner/work/tinuous/tinuous, configfile: tox.ini
2021-06-11T16:05:50.9561336Z plugins: cov-2.12.1, mock-3.6.1
2021-06-11T16:05:50.9562047Z collected 37 items
2021-06-11T16:05:50.9562486Z 
2021-06-11T16:05:50.9779865Z test/test_config.py ........                                             [ 21%]
2021-06-11T16:05:50.9968401Z test/test_state.py .......                                               [ 40%]
2021-06-11T16:05:51.2228670Z test/test_util.py ......................                                 [100%]
2021-06-11T16:05:51.2229099Z 
2021-06-11T16:05:51.2230505Z ----------- coverage: platform linux, python 3.9.5-final-0 -----------
2021-06-11T16:05:51.2231295Z Coverage XML written to file coverage.xml
2021-06-11T16:05:51.2231698Z 
2021-06-11T16:05:51.2232218Z 
2021-06-11T16:05:51.2232675Z ============================== 37 passed in 0.70s ==============================
2021-06-11T16:05:51.3036046Z ___________________________________ summary ____________________________________
2021-06-11T16:05:51.3036667Z   py: commands succeeded
2021-06-11T16:05:51.3037127Z   congratulations :)
2021-06-11T16:05:51.3412544Z ##[group]Run codecov/codecov-action@v1
2021-06-11T16:05:51.3413032Z with:
2021-06-11T16:05:51.3413390Z   fail_ci_if_error: false
2021-06-11T16:05:51.3413767Z env:
2021-06-11T16:05:51.3414276Z   pythonLocation: /opt/hostedtoolcache/Python/3.9.5/x64
2021-06-11T16:05:51.3415005Z   LD_LIBRARY_PATH: /opt/hostedtoolcache/Python/3.9.5/x64/lib
2021-06-11T16:05:51.3415521Z ##[endgroup]
2021-06-11T16:05:51.4020669Z [command]/usr/bin/bash codecov.sh -n  -F  -Q github-action-v1.5.2 -C 868ee5da15dc19929ad00fd53e6a2ecde097a24c
2021-06-11T16:05:51.4096023Z 
2021-06-11T16:05:51.4097022Z   _____          _
2021-06-11T16:05:51.4097550Z  / ____|        | |
2021-06-11T16:05:51.4098167Z | |     ___   __| | ___  ___ _____   __
2021-06-11T16:05:51.4098706Z | |    / _ \ / _` |/ _ \/ __/ _ \ \ / /
2021-06-11T16:05:51.4099214Z | |___| (_) | (_| |  __/ (_| (_) \ V /
2021-06-11T16:05:51.4099750Z  \_____\___/ \__,_|\___|\___\___/ \_/
2021-06-11T16:05:51.4100867Z                               Bash-1.0.3
2021-06-11T16:05:51.4101459Z 
2021-06-11T16:05:51.4101851Z 
2021-06-11T16:05:51.4120118Z [0;36m==>[0m git version 2.31.1 found
2021-06-11T16:05:51.4233812Z [0;36m==>[0m curl 7.68.0 (x86_64-pc-linux-gnu) libcurl/7.68.0 OpenSSL/1.1.1f zlib/1.2.11 brotli/1.0.7 libidn2/2.2.0 libpsl/0.21.0 (+libidn2/2.2.0) libssh/0.9.3/openssl/zlib nghttp2/1.40.0 librtmp/2.3
2021-06-11T16:05:51.4235274Z Release-Date: 2020-01-08
2021-06-11T16:05:51.4236281Z Protocols: dict file ftp ftps gopher http https imap imaps ldap ldaps pop3 pop3s rtmp rtsp scp sftp smb smbs smtp smtps telnet tftp 
2021-06-11T16:05:51.4237931Z Features: AsynchDNS brotli GSS-API HTTP2 HTTPS-proxy IDN IPv6 Kerberos Largefile libz NTLM NTLM_WB PSL SPNEGO SSL TLS-SRP UnixSockets
2021-06-11T16:05:51.4239179Z [0;90m==>[0m GitHub Actions detected.
2021-06-11T16:05:51.4239798Z     Env vars used:
2021-06-11T16:05:51.4240542Z       -> GITHUB_ACTIONS:    true
2021-06-11T16:05:51.4241331Z       -> GITHUB_HEAD_REF:   redo-state
2021-06-11T16:05:51.4242205Z       -> GITHUB_REF:        refs/pull/100/merge
2021-06-11T16:05:51.4243068Z       -> GITHUB_REPOSITORY: con/tinuous
2021-06-11T16:05:51.4243849Z       -> GITHUB_RUN_ID:     929138094
2021-06-11T16:05:51.4244803Z       -> GITHUB_SHA:        1496453fdec4e592511a167a1f3f7138472de671
2021-06-11T16:05:51.4245706Z       -> GITHUB_WORKFLOW:   Test
2021-06-11T16:05:51.4420040Z     [0;90mproject root:[0m .
2021-06-11T16:05:51.4483479Z     [0;90mYaml found at:[0m codecov.yml
2021-06-11T16:05:51.4908747Z [0;90m==>[0m Running gcov in . [0;90m(disable via -X gcov)[0m
2021-06-11T16:05:51.5040051Z [0;90m==>[0m Searching for coverage reports in:
2021-06-11T16:05:51.5041160Z     [0;32m+[0m .
2021-06-11T16:05:51.5105492Z     [0;90m->[0m Found 1 reports
2021-06-11T16:05:51.5106683Z [0;90m==>[0m Detecting git/mercurial file structure
2021-06-11T16:05:51.5176967Z [0;90m==>[0m Reading reports
2021-06-11T16:05:51.5231489Z     [0;32m+[0m ./coverage.xml [0;90mbytes=41014[0m
2021-06-11T16:05:51.5261134Z [0;90m==>[0m Appending adjustments
2021-06-11T16:05:51.5262397Z     [0;36mhttps://docs.codecov.io/docs/fixing-reports[0m
2021-06-11T16:05:51.5354552Z     [0;90m->[0m No adjustments found
2021-06-11T16:05:51.5356861Z [0;90m==>[0m Gzipping contents
2021-06-11T16:05:51.5481053Z         4.0K	/tmp/codecov.DCPkax.gz
2021-06-11T16:05:51.5501512Z [0;90m==>[0m Uploading reports
2021-06-11T16:05:51.5502542Z     [0;90murl:[0m https://codecov.io
2021-06-11T16:05:51.5504561Z     [0;90mquery:[0m branch=redo-state&commit=868ee5da15dc19929ad00fd53e6a2ecde097a24c&build=929138094&build_url=http%3A%2F%2Fgithub.com%2Fcon%2Ftinuous%2Factions%2Fruns%2F929138094&name=&tag=&slug=con%2Ftinuous&service=github-actions&flags=&pr=100&job=Test&cmd_args=n,F,Q,C
2021-06-11T16:05:51.5539108Z [0;90m->[0m  Pinging Codecov
2021-06-11T16:05:51.5541521Z https://codecov.io/upload/v4?package=github-action-v1.5.2-1.0.3&token=secret&branch=redo-state&commit=868ee5da15dc19929ad00fd53e6a2ecde097a24c&build=929138094&build_url=http%3A%2F%2Fgithub.com%2Fcon%2Ftinuous%2Factions%2Fruns%2F929138094&name=&tag=&slug=con%2Ftinuous&service=github-actions&flags=&pr=100&job=Test&cmd_args=n,F,Q,C
2021-06-11T16:05:51.9855069Z [0;90m->[0m  Uploading to
2021-06-11T16:05:51.9859658Z https://storage.googleapis.com/codecov/v4/raw/2021-06-11/0010CBA6D851417C00BB0BC3FC5895F9/868ee5da15dc19929ad00fd53e6a2ecde097a24c/72261a98-5aff-46fc-82e6-f87f4d555fc0.txt?X-Amz-Algorithm=AWS4-HMAC-SHA256&X-Amz-Credential=GOOG1EKKHVKCKHW7KBCGM7IHR55T63V2PAVJWLVFNITJHDU5G6R5IRN3LMWJA%2F20210611%2FUS%2Fs3%2Faws4_request&X-Amz-Date=20210611T160551Z&X-Amz-Expires=10&X-Amz-SignedHeaders=host&X-Amz-Signature=e128a550d4f810ecebbe7464230da2dc624945545db97edffef07fc914cb8dee
2021-06-11T16:05:51.9948147Z   % Total    % Received % Xferd  Average Speed   Time    Time     Time  Current
2021-06-11T16:05:51.9948960Z                                  Dload  Upload   Total   Spent    Left  Speed
2021-06-11T16:05:51.9949332Z 
2021-06-11T16:05:52.1984541Z   0     0    0     0    0     0      0      0 --:--:-- --:--:-- --:--:--     0
2021-06-11T16:05:52.1985362Z 100  3419    0     0  100  3419      0  16842 --:--:-- --:--:-- --:--:-- 16842
2021-06-11T16:05:52.2043650Z     [0;32m->[0m Reports have been successfully queued for processing at [0;36mhttps://codecov.io/github/con/tinuous/commit/868ee5da15dc19929ad00fd53e6a2ecde097a24c[0m
2021-06-11T16:05:52.2184744Z Post job cleanup.
2021-06-11T16:05:52.3150987Z [command]/usr/bin/git version
2021-06-11T16:05:52.3196453Z git version 2.31.1
2021-06-11T16:05:52.3238591Z [command]/usr/bin/git config --local --name-only --get-regexp core\.sshCommand
2021-06-11T16:05:52.3275027Z [command]/usr/bin/git submodule foreach --recursive git config --local --name-only --get-regexp 'core\.sshCommand' && git config --local --unset-all 'core.sshCommand' || :
2021-06-11T16:05:52.3503682Z [command]/usr/bin/git config --local --name-only --get-regexp http\.https\:\/\/github\.com\/\.extraheader
2021-06-11T16:05:52.3533082Z http.https://github.com/.extraheader
2021-06-11T16:05:52.3534448Z [command]/usr/bin/git config --local --unset-all http.https://github.com/.extraheader
2021-06-11T16:05:52.3555318Z [command]/usr/bin/git submodule foreach --recursive git config --local --name-only --get-regexp 'http\.https\:\/\/github\.com\/\.extraheader' && git config --local --unset-all 'http.https://github.com/.extraheader' || :
2021-06-11T16:05:52.3848022Z Cleaning up orphan processes
