2025-12-03T01:52:04.5704729Z Current runner version: '2.329.0'
2025-12-03T01:52:04.5730688Z ##[group]Runner Image Provisioner
2025-12-03T01:52:04.5731467Z Hosted Compute Agent
2025-12-03T01:52:04.5732101Z Version: 20251016.436
2025-12-03T01:52:04.5732703Z Commit: 8ab8ac8bfd662a3739dab9fe09456aba92132568
2025-12-03T01:52:04.5733409Z Build Date: 2025-10-15T20:44:12Z
2025-12-03T01:52:04.5734073Z ##[endgroup]
2025-12-03T01:52:04.5734631Z ##[group]Operating System
2025-12-03T01:52:04.5735196Z Ubuntu
2025-12-03T01:52:04.5736022Z 24.04.3
2025-12-03T01:52:04.5736504Z LTS
2025-12-03T01:52:04.5736969Z ##[endgroup]
2025-12-03T01:52:04.5737438Z ##[group]Runner Image
2025-12-03T01:52:04.5738083Z Image: ubuntu-24.04
2025-12-03T01:52:04.5738814Z Version: 20251112.124.1
2025-12-03T01:52:04.5739873Z Included Software: https://github.com/actions/runner-images/blob/ubuntu24/20251112.124/images/ubuntu/Ubuntu2404-Readme.md
2025-12-03T01:52:04.5741570Z Image Release: https://github.com/actions/runner-images/releases/tag/ubuntu24%2F20251112.124
2025-12-03T01:52:04.5742618Z ##[endgroup]
2025-12-03T01:52:04.5745279Z ##[group]GITHUB_TOKEN Permissions
2025-12-03T01:52:04.5747683Z Actions: write
2025-12-03T01:52:04.5748446Z ArtifactMetadata: write
2025-12-03T01:52:04.5749019Z Attestations: write
2025-12-03T01:52:04.5749489Z Checks: write
2025-12-03T01:52:04.5750060Z Contents: write
2025-12-03T01:52:04.5750536Z Deployments: write
2025-12-03T01:52:04.5751078Z Discussions: write
2025-12-03T01:52:04.5751645Z Issues: write
2025-12-03T01:52:04.5752095Z Metadata: read
2025-12-03T01:52:04.5752570Z Models: read
2025-12-03T01:52:04.5753092Z Packages: write
2025-12-03T01:52:04.5753593Z Pages: write
2025-12-03T01:52:04.5754113Z PullRequests: write
2025-12-03T01:52:04.5754680Z RepositoryProjects: write
2025-12-03T01:52:04.5755341Z SecurityEvents: write
2025-12-03T01:52:04.5756052Z Statuses: write
2025-12-03T01:52:04.5756607Z ##[endgroup]
2025-12-03T01:52:04.5758731Z Secret source: Actions
2025-12-03T01:52:04.5759516Z Prepare workflow directory
2025-12-03T01:52:04.6098407Z Prepare all required actions
2025-12-03T01:52:04.6136040Z Getting action download info
2025-12-03T01:52:04.9860116Z Download action repository 'actions/checkout@v4' (SHA:34e114876b0b11c390a56381ad16ebd13914f8d5)
2025-12-03T01:52:05.7780552Z Download action repository 'actions/setup-python@v5' (SHA:a26af69be951a213d495a4c3e4e4022e16d87065)
2025-12-03T01:52:05.8736238Z Download action repository 'codecov/codecov-action@v5' (SHA:5a1091511ad55cbe89839c7260b706298ca349f7)
2025-12-03T01:52:06.2373786Z Getting action download info
2025-12-03T01:52:06.3677184Z Download action repository 'actions/github-script@60a0d83039c74a4aee543508d2ffcb1c3799cdea' (SHA:60a0d83039c74a4aee543508d2ffcb1c3799cdea)
2025-12-03T01:52:06.7358047Z Complete job name: test (pypy-3.9, py)
2025-12-03T01:52:06.8225729Z ##[group]Run actions/checkout@v4
2025-12-03T01:52:06.8227043Z with:
2025-12-03T01:52:06.8227742Z   fetch-depth: 0
2025-12-03T01:52:06.8228574Z   repository: con/tinuous
2025-12-03T01:52:06.8229753Z   token: ***
2025-12-03T01:52:06.8230517Z   ssh-strict: true
2025-12-03T01:52:06.8231273Z   ssh-user: git
2025-12-03T01:52:06.8232043Z   persist-credentials: true
2025-12-03T01:52:06.8232899Z   clean: true
2025-12-03T01:52:06.8233700Z   sparse-checkout-cone-mode: true
2025-12-03T01:52:06.8234637Z   fetch-tags: false
2025-12-03T01:52:06.8235397Z   show-progress: true
2025-12-03T01:52:06.8236306Z   lfs: false
2025-12-03T01:52:06.8237018Z   submodules: false
2025-12-03T01:52:06.8237800Z   set-safe-directory: true
2025-12-03T01:52:06.8238918Z ##[endgroup]
2025-12-03T01:52:06.9347007Z Syncing repository: con/tinuous
2025-12-03T01:52:06.9349493Z ##[group]Getting Git version info
2025-12-03T01:52:06.9350734Z Working directory is '/home/runner/work/tinuous/tinuous'
2025-12-03T01:52:06.9352579Z [command]/usr/bin/git version
2025-12-03T01:52:06.9414825Z git version 2.51.2
2025-12-03T01:52:06.9441214Z ##[endgroup]
2025-12-03T01:52:06.9455727Z Temporarily overriding HOME='/home/runner/work/_temp/c991a686-f758-489f-8539-479b8f4a2845' before making global git config changes
2025-12-03T01:52:06.9458779Z Adding repository directory to the temporary git global config as a safe directory
2025-12-03T01:52:06.9461256Z [command]/usr/bin/git config --global --add safe.directory /home/runner/work/tinuous/tinuous
2025-12-03T01:52:06.9495830Z Deleting the contents of '/home/runner/work/tinuous/tinuous'
2025-12-03T01:52:06.9499276Z ##[group]Initializing the repository
2025-12-03T01:52:06.9503181Z [command]/usr/bin/git init /home/runner/work/tinuous/tinuous
2025-12-03T01:52:06.9606482Z hint: Using 'master' as the name for the initial branch. This default branch name
2025-12-03T01:52:06.9609530Z hint: is subject to change. To configure the initial branch name to use in all
2025-12-03T01:52:06.9613710Z hint: of your new repositories, which will suppress this warning, call:
2025-12-03T01:52:06.9617063Z hint:
2025-12-03T01:52:06.9618621Z hint: 	git config --global init.defaultBranch <name>
2025-12-03T01:52:06.9620583Z hint:
2025-12-03T01:52:06.9622508Z hint: Names commonly chosen instead of 'master' are 'main', 'trunk' and
2025-12-03T01:52:06.9625826Z hint: 'development'. The just-created branch can be renamed via this command:
2025-12-03T01:52:06.9628175Z hint:
2025-12-03T01:52:06.9629391Z hint: 	git branch -m <name>
2025-12-03T01:52:06.9630467Z hint:
2025-12-03T01:52:06.9631628Z hint: Disable this message with "git config set advice.defaultBranchName false"
2025-12-03T01:52:06.9633420Z Initialized empty Git repository in /home/runner/work/tinuous/tinuous/.git/
2025-12-03T01:52:06.9637984Z [command]/usr/bin/git remote add origin https://github.com/con/tinuous
2025-12-03T01:52:06.9659766Z ##[endgroup]
2025-12-03T01:52:06.9662238Z ##[group]Disabling automatic garbage collection
2025-12-03T01:52:06.9664492Z [command]/usr/bin/git config --local gc.auto 0
2025-12-03T01:52:06.9693892Z ##[endgroup]
2025-12-03T01:52:06.9696413Z ##[group]Setting up auth
2025-12-03T01:52:06.9701620Z [command]/usr/bin/git config --local --name-only --get-regexp core\.sshCommand
2025-12-03T01:52:06.9735033Z [command]/usr/bin/git submodule foreach --recursive sh -c "git config --local --name-only --get-regexp 'core\.sshCommand' && git config --local --unset-all 'core.sshCommand' || :"
2025-12-03T01:52:07.0054777Z [command]/usr/bin/git config --local --name-only --get-regexp http\.https\:\/\/github\.com\/\.extraheader
2025-12-03T01:52:07.0092030Z [command]/usr/bin/git submodule foreach --recursive sh -c "git config --local --name-only --get-regexp 'http\.https\:\/\/github\.com\/\.extraheader' && git config --local --unset-all 'http.https://github.com/.extraheader' || :"
2025-12-03T01:52:07.0325059Z [command]/usr/bin/git config --local --name-only --get-regexp ^includeIf\.gitdir:
2025-12-03T01:52:07.0360096Z [command]/usr/bin/git submodule foreach --recursive git config --local --show-origin --name-only --get-regexp remote.origin.url
2025-12-03T01:52:07.0587166Z [command]/usr/bin/git config --local http.https://github.com/.extraheader AUTHORIZATION: basic ***
2025-12-03T01:52:07.0623027Z ##[endgroup]
2025-12-03T01:52:07.0624479Z ##[group]Fetching the repository
2025-12-03T01:52:07.0634410Z [command]/usr/bin/git -c protocol.version=2 fetch --prune --no-recurse-submodules origin +refs/heads/*:refs/remotes/origin/* +refs/tags/*:refs/tags/* +033c145d320ecfa0b0d5e1d39fcf560df46271d2:refs/remotes/pull/221/merge
2025-12-03T01:52:07.4374288Z From https://github.com/con/tinuous
2025-12-03T01:52:07.4376266Z  * [new branch]      bf-circleci                              -> origin/bf-circleci
2025-12-03T01:52:07.4377970Z  * [new branch]      copilot/fix-workflow-overlap-issue       -> origin/copilot/fix-workflow-overlap-issue
2025-12-03T01:52:07.4379544Z  * [new branch]      copilot/make-travis-testing-optional     -> origin/copilot/make-travis-testing-optional
2025-12-03T01:52:07.4381013Z  * [new branch]      copilot/support-github-packages          -> origin/copilot/support-github-packages
2025-12-03T01:52:07.4382540Z  * [new branch]      dependabot/github_actions/actions/checkout-6 -> origin/dependabot/github_actions/actions/checkout-6
2025-12-03T01:52:07.4384729Z  * [new branch]      dependabot/github_actions/actions/setup-python-6 -> origin/dependabot/github_actions/actions/setup-python-6
2025-12-03T01:52:07.4386320Z  * [new branch]      gh-55                                    -> origin/gh-55
2025-12-03T01:52:07.4387232Z  * [new branch]      master                                   -> origin/master
2025-12-03T01:52:07.4388222Z  * [new branch]      no-extra-search                          -> origin/no-extra-search
2025-12-03T01:52:07.4389221Z  * [new branch]      pragmata                                 -> origin/pragmata
2025-12-03T01:52:07.4390204Z  * [new branch]      test-appveyor                            -> origin/test-appveyor
2025-12-03T01:52:07.4391127Z  * [new tag]         0.1.0                                    -> 0.1.0
2025-12-03T01:52:07.4392010Z  * [new tag]         0.2.0                                    -> 0.2.0
2025-12-03T01:52:07.4392787Z  * [new tag]         0.3.0                                    -> 0.3.0
2025-12-03T01:52:07.4393606Z  * [new tag]         0.4.0                                    -> 0.4.0
2025-12-03T01:52:07.4394365Z  * [new tag]         0.5.0                                    -> 0.5.0
2025-12-03T01:52:07.4395136Z  * [new tag]         0.5.1                                    -> 0.5.1
2025-12-03T01:52:07.4396124Z  * [new tag]         0.5.2                                    -> 0.5.2
2025-12-03T01:52:07.4396904Z  * [new tag]         0.5.3                                    -> 0.5.3
2025-12-03T01:52:07.4397677Z  * [new tag]         0.5.4                                    -> 0.5.4
2025-12-03T01:52:07.4398412Z  * [new tag]         0.6.0                                    -> 0.6.0
2025-12-03T01:52:07.4399191Z  * [new tag]         0.6.1                                    -> 0.6.1
2025-12-03T01:52:07.4399970Z  * [new tag]         0.7.0                                    -> 0.7.0
2025-12-03T01:52:07.4400716Z  * [new tag]         0.7.1                                    -> 0.7.1
2025-12-03T01:52:07.4401503Z  * [new tag]         0.7.2                                    -> 0.7.2
2025-12-03T01:52:07.4402429Z  * [new ref]         033c145d320ecfa0b0d5e1d39fcf560df46271d2 -> pull/221/merge
2025-12-03T01:52:07.4442781Z ##[endgroup]
2025-12-03T01:52:07.4443379Z ##[group]Determining the checkout info
2025-12-03T01:52:07.4444102Z ##[endgroup]
2025-12-03T01:52:07.4450330Z [command]/usr/bin/git sparse-checkout disable
2025-12-03T01:52:07.4494052Z [command]/usr/bin/git config --local --unset-all extensions.worktreeConfig
2025-12-03T01:52:07.4522185Z ##[group]Checking out the ref
2025-12-03T01:52:07.4527122Z [command]/usr/bin/git checkout --progress --force refs/remotes/pull/221/merge
2025-12-03T01:52:07.4582540Z Note: switching to 'refs/remotes/pull/221/merge'.
2025-12-03T01:52:07.4583443Z 
2025-12-03T01:52:07.4583748Z You are in 'detached HEAD' state. You can look around, make experimental
2025-12-03T01:52:07.4584370Z changes and commit them, and you can discard any commits you make in this
2025-12-03T01:52:07.4585020Z state without impacting any branches by switching back to a branch.
2025-12-03T01:52:07.4585376Z 
2025-12-03T01:52:07.4585943Z If you want to create a new branch to retain commits you create, you may
2025-12-03T01:52:07.4586531Z do so (now or later) by using -c with the switch command. Example:
2025-12-03T01:52:07.4586840Z 
2025-12-03T01:52:07.4587002Z   git switch -c <new-branch-name>
2025-12-03T01:52:07.4587363Z 
2025-12-03T01:52:07.4587609Z Or undo this operation with:
2025-12-03T01:52:07.4588014Z 
2025-12-03T01:52:07.4588233Z   git switch -
2025-12-03T01:52:07.4588532Z 
2025-12-03T01:52:07.4589033Z Turn off this advice by setting config variable advice.detachedHead to false
2025-12-03T01:52:07.4589715Z 
2025-12-03T01:52:07.4590423Z HEAD is now at 033c145 Merge c18690ec8007c8c2f21048856938ce9f1a144711 into 996b2b07ba111d746f412ad3e634e1eddc22c7b8
2025-12-03T01:52:07.4593543Z ##[endgroup]
2025-12-03T01:52:07.4633133Z [command]/usr/bin/git log -1 --format=%H
2025-12-03T01:52:07.4657431Z 033c145d320ecfa0b0d5e1d39fcf560df46271d2
2025-12-03T01:52:07.4895822Z ##[group]Run actions/setup-python@v5
2025-12-03T01:52:07.4896257Z with:
2025-12-03T01:52:07.4896569Z   python-version: pypy-3.9
2025-12-03T01:52:07.4896927Z   check-latest: false
2025-12-03T01:52:07.4897441Z   token: ***
2025-12-03T01:52:07.4897763Z   update-environment: true
2025-12-03T01:52:07.4898123Z   allow-prereleases: false
2025-12-03T01:52:07.4898469Z   freethreaded: false
2025-12-03T01:52:07.4898787Z ##[endgroup]
2025-12-03T01:52:07.6671505Z ##[group]Installed versions
2025-12-03T01:52:07.7216582Z Successfully set up PyPy 7.3.16 with Python (3.9.19)
2025-12-03T01:52:07.7218224Z ##[endgroup]
2025-12-03T01:52:07.7364475Z ##[group]Run python -m pip install --upgrade pip wheel
2025-12-03T01:52:07.7365082Z [36;1mpython -m pip install --upgrade pip wheel[0m
2025-12-03T01:52:07.7365824Z [36;1mpython -m pip install --upgrade --upgrade-strategy=eager tox[0m
2025-12-03T01:52:07.7408235Z shell: /usr/bin/bash -e {0}
2025-12-03T01:52:07.7408597Z env:
2025-12-03T01:52:07.7408972Z   pythonLocation: /opt/hostedtoolcache/PyPy/3.9.19/x64
2025-12-03T01:52:07.7409471Z   Python_ROOT_DIR: /opt/hostedtoolcache/PyPy/3.9.19/x64
2025-12-03T01:52:07.7409939Z   Python2_ROOT_DIR: /opt/hostedtoolcache/PyPy/3.9.19/x64
2025-12-03T01:52:07.7410399Z   Python3_ROOT_DIR: /opt/hostedtoolcache/PyPy/3.9.19/x64
2025-12-03T01:52:07.7410937Z   PKG_CONFIG_PATH: /opt/hostedtoolcache/PyPy/3.9.19/x64/bin/lib/pkgconfig
2025-12-03T01:52:07.7411394Z ##[endgroup]
2025-12-03T01:52:12.5793262Z Requirement already satisfied: pip in /opt/hostedtoolcache/PyPy/3.9.19/x64/lib/pypy3.9/site-packages (23.0.1)
2025-12-03T01:52:12.8604794Z Collecting pip
2025-12-03T01:52:12.9288307Z   Downloading pip-25.3-py3-none-any.whl.metadata (4.7 kB)
2025-12-03T01:52:13.0054052Z Collecting wheel
2025-12-03T01:52:13.0126665Z   Downloading wheel-0.45.1-py3-none-any.whl.metadata (2.3 kB)
2025-12-03T01:52:13.0293280Z Downloading pip-25.3-py3-none-any.whl (1.8 MB)
2025-12-03T01:52:13.0839740Z    ━━━━━━━━━━━━━━━━━━━━━━━━━━━━━━━━━━━━━━━━ 1.8/1.8 MB 65.5 MB/s  0:00:00
2025-12-03T01:52:13.0961781Z Downloading wheel-0.45.1-py3-none-any.whl (72 kB)
2025-12-03T01:52:13.2423395Z Installing collected packages: wheel, pip
2025-12-03T01:52:13.3144170Z   Attempting uninstall: pip
2025-12-03T01:52:13.3157760Z     Found existing installation: pip 23.0.1
2025-12-03T01:52:13.4684103Z     Uninstalling pip-23.0.1:
2025-12-03T01:52:13.5928861Z       Successfully uninstalled pip-23.0.1
2025-12-03T01:52:14.6873774Z 
2025-12-03T01:52:14.6922132Z Successfully installed pip-25.3 wheel-0.45.1
2025-12-03T01:52:15.8101442Z Collecting tox
2025-12-03T01:52:15.8849029Z   Downloading tox-4.30.3-py3-none-any.whl.metadata (3.6 kB)
2025-12-03T01:52:15.9359734Z Collecting cachetools>=6.1 (from tox)
2025-12-03T01:52:15.9468178Z   Downloading cachetools-6.2.2-py3-none-any.whl.metadata (5.6 kB)
2025-12-03T01:52:15.9743656Z Collecting chardet>=5.2 (from tox)
2025-12-03T01:52:15.9837603Z   Downloading chardet-5.2.0-py3-none-any.whl.metadata (3.4 kB)
2025-12-03T01:52:16.0321936Z Collecting colorama>=0.4.6 (from tox)
2025-12-03T01:52:16.0400337Z   Downloading colorama-0.4.6-py2.py3-none-any.whl.metadata (17 kB)
2025-12-03T01:52:16.0894427Z Collecting filelock>=3.18 (from tox)
2025-12-03T01:52:16.1090403Z   Downloading filelock-3.19.1-py3-none-any.whl.metadata (2.1 kB)
2025-12-03T01:52:16.1421027Z Collecting packaging>=25 (from tox)
2025-12-03T01:52:16.1481077Z   Downloading packaging-25.0-py3-none-any.whl.metadata (3.3 kB)
2025-12-03T01:52:16.1832141Z Collecting platformdirs>=4.3.8 (from tox)
2025-12-03T01:52:16.1893273Z   Downloading platformdirs-4.4.0-py3-none-any.whl.metadata (12 kB)
2025-12-03T01:52:16.2282011Z Collecting pluggy>=1.6 (from tox)
2025-12-03T01:52:16.2411658Z   Downloading pluggy-1.6.0-py3-none-any.whl.metadata (4.8 kB)
2025-12-03T01:52:16.2816397Z Collecting pyproject-api>=1.9.1 (from tox)
2025-12-03T01:52:16.2885740Z   Downloading pyproject_api-1.9.1-py3-none-any.whl.metadata (2.7 kB)
2025-12-03T01:52:16.3649113Z Collecting tomli>=2.2.1 (from tox)
2025-12-03T01:52:16.3773862Z   Downloading tomli-2.3.0-py3-none-any.whl.metadata (10 kB)
2025-12-03T01:52:16.4187603Z Collecting typing-extensions>=4.14.1 (from tox)
2025-12-03T01:52:16.4260469Z   Downloading typing_extensions-4.15.0-py3-none-any.whl.metadata (3.3 kB)
2025-12-03T01:52:16.5109401Z Collecting virtualenv>=20.31.2 (from tox)
2025-12-03T01:52:16.5198611Z   Downloading virtualenv-20.35.4-py3-none-any.whl.metadata (4.6 kB)
2025-12-03T01:52:16.5778802Z Collecting distlib<1,>=0.3.7 (from virtualenv>=20.31.2->tox)
2025-12-03T01:52:16.5835993Z   Downloading distlib-0.4.0-py2.py3-none-any.whl.metadata (5.2 kB)
2025-12-03T01:52:16.6244448Z Downloading tox-4.30.3-py3-none-any.whl (175 kB)
2025-12-03T01:52:16.6434567Z Downloading cachetools-6.2.2-py3-none-any.whl (11 kB)
2025-12-03T01:52:16.6595933Z Downloading chardet-5.2.0-py3-none-any.whl (199 kB)
2025-12-03T01:52:16.6702869Z Downloading colorama-0.4.6-py2.py3-none-any.whl (25 kB)
2025-12-03T01:52:16.6789946Z Downloading filelock-3.19.1-py3-none-any.whl (15 kB)
2025-12-03T01:52:16.6879431Z Downloading packaging-25.0-py3-none-any.whl (66 kB)
2025-12-03T01:52:16.6967145Z Downloading platformdirs-4.4.0-py3-none-any.whl (18 kB)
2025-12-03T01:52:16.7057187Z Downloading pluggy-1.6.0-py3-none-any.whl (20 kB)
2025-12-03T01:52:16.7138459Z Downloading pyproject_api-1.9.1-py3-none-any.whl (13 kB)
2025-12-03T01:52:16.7219524Z Downloading tomli-2.3.0-py3-none-any.whl (14 kB)
2025-12-03T01:52:16.7297939Z Downloading typing_extensions-4.15.0-py3-none-any.whl (44 kB)
2025-12-03T01:52:16.7414183Z Downloading virtualenv-20.35.4-py3-none-any.whl (6.0 MB)
2025-12-03T01:52:16.7949026Z    ━━━━━━━━━━━━━━━━━━━━━━━━━━━━━━━━━━━━━━━━ 6.0/6.0 MB 129.0 MB/s  0:00:00
2025-12-03T01:52:16.8027052Z Downloading distlib-0.4.0-py2.py3-none-any.whl (469 kB)
2025-12-03T01:52:16.9379840Z Installing collected packages: distlib, typing-extensions, tomli, pluggy, platformdirs, packaging, filelock, colorama, chardet, cachetools, virtualenv, pyproject-api, tox
2025-12-03T01:52:17.9988855Z 
2025-12-03T01:52:18.0069013Z Successfully installed cachetools-6.2.2 chardet-5.2.0 colorama-0.4.6 distlib-0.4.0 filelock-3.19.1 packaging-25.0 platformdirs-4.4.0 pluggy-1.6.0 pyproject-api-1.9.1 tomli-2.3.0 tox-4.30.3 typing-extensions-4.15.0 virtualenv-20.35.4
2025-12-03T01:52:18.0288426Z ##[group]Run tox -e py -- --cov-report=xml
2025-12-03T01:52:18.0289024Z [36;1mtox -e py -- --cov-report=xml[0m
2025-12-03T01:52:18.0324109Z shell: /usr/bin/bash -e {0}
2025-12-03T01:52:18.0324383Z env:
2025-12-03T01:52:18.0324855Z   pythonLocation: /opt/hostedtoolcache/PyPy/3.9.19/x64
2025-12-03T01:52:18.0325279Z   Python_ROOT_DIR: /opt/hostedtoolcache/PyPy/3.9.19/x64
2025-12-03T01:52:18.0326041Z   Python2_ROOT_DIR: /opt/hostedtoolcache/PyPy/3.9.19/x64
2025-12-03T01:52:18.0326596Z   Python3_ROOT_DIR: /opt/hostedtoolcache/PyPy/3.9.19/x64
2025-12-03T01:52:18.0327059Z   PKG_CONFIG_PATH: /opt/hostedtoolcache/PyPy/3.9.19/x64/bin/lib/pkgconfig
2025-12-03T01:52:18.0327482Z ##[endgroup]
2025-12-03T01:52:19.3268337Z py: install_deps> python -I -m pip install pytest pytest-cov pytest-mock
2025-12-03T01:52:23.9255764Z .pkg: install_requires> python -I -m pip install 'setuptools>=46.4.0' versioningit
2025-12-03T01:52:26.0285898Z .pkg: _optional_hooks> python /opt/hostedtoolcache/PyPy/3.9.19/x64/lib/pypy3.9/site-packages/pyproject_api/_backend.py True setuptools.build_meta
2025-12-03T01:52:26.5085212Z .pkg: get_requires_for_build_sdist> python /opt/hostedtoolcache/PyPy/3.9.19/x64/lib/pypy3.9/site-packages/pyproject_api/_backend.py True setuptools.build_meta
2025-12-03T01:52:26.9988527Z .pkg: get_requires_for_build_wheel> python /opt/hostedtoolcache/PyPy/3.9.19/x64/lib/pypy3.9/site-packages/pyproject_api/_backend.py True setuptools.build_meta
2025-12-03T01:52:27.4595359Z .pkg: freeze> python -m pip freeze --all
2025-12-03T01:52:27.9789467Z .pkg: cffi==1.17.0.dev0,greenlet==0.4.13,hpy==0.9.0,importlib_metadata==8.7.0,packaging==25.0,pip==25.3,readline==6.2.4.1,setuptools==80.9.0,tomli==2.3.0,versioningit==3.3.0,zipp==3.23.0
2025-12-03T01:52:27.9799365Z .pkg: prepare_metadata_for_build_wheel> python /opt/hostedtoolcache/PyPy/3.9.19/x64/lib/pypy3.9/site-packages/pyproject_api/_backend.py True setuptools.build_meta
2025-12-03T01:52:28.4952119Z .pkg: build_sdist> python /opt/hostedtoolcache/PyPy/3.9.19/x64/lib/pypy3.9/site-packages/pyproject_api/_backend.py True setuptools.build_meta
2025-12-03T01:52:29.0059207Z py: install_package_deps> python -I -m pip install 'PyYAML>=5.0' 'click-loglevel~=0.2' 'click>=7.0' 'ghtoken~=0.1' 'in_place~=1.0' 'pydantic~=2.0' 'python-dateutil~=2.7' 'python-dotenv<2.0,>=0.11' 'requests~=2.20'
2025-12-03T01:56:12.7254782Z py: install_package> python -I -m pip install --force-reinstall --no-deps /home/runner/work/tinuous/tinuous/.tox/.tmp/package/1/tinuous-0.7.2.post4+g033c145.tar.gz
2025-12-03T01:56:17.2993015Z py: freeze> python -m pip freeze --all
2025-12-03T01:56:17.8652868Z py: annotated-types==0.7.0,certifi==2025.11.12,cffi==1.17.0.dev0,charset-normalizer==3.4.4,click==8.1.8,click-loglevel==0.7.0,coverage==7.10.7,exceptiongroup==1.3.1,ghtoken==0.1.2,greenlet==0.4.13,hpy==0.9.0,idna==3.11,in_place==1.0.1,iniconfig==2.1.0,packaging==25.0,pip==25.3,pluggy==1.6.0,pydantic==2.12.5,pydantic_core==2.41.5,Pygments==2.19.2,pytest==8.4.2,pytest-cov==7.0.0,pytest-mock==3.15.1,python-dateutil==2.9.0.post0,python-dotenv==1.2.1,PyYAML==6.0.3,readline==6.2.4.1,requests==2.32.5,ruamel.yaml==0.18.16,setuptools==80.9.0,six==1.17.0,tinuous @ file:///home/runner/work/tinuous/tinuous/.tox/.tmp/package/1/tinuous-0.7.2.post4%2Bg033c145.tar.gz#sha256=7819687f3adc2731a875b612a78053ee5d8abbd7577163759d38bc7999b25a11,tomli==2.3.0,typing-inspection==0.4.2,typing_extensions==4.15.0,urllib3==2.5.0
2025-12-03T01:56:17.8662509Z py: commands[0]> tinuous --help
2025-12-03T01:56:18.5914713Z Usage: tinuous [OPTIONS] COMMAND [ARGS]...
2025-12-03T01:56:18.5915809Z 
2025-12-03T01:56:18.5916281Z   Download build logs from GitHub Actions, Travis, Appveyor, and CircleCI
2025-12-03T01:56:18.5916938Z 
2025-12-03T01:56:18.5917106Z Options:
2025-12-03T01:56:18.5917625Z   -V, --version                   Show the version and exit.
2025-12-03T01:56:18.5918472Z   -c, --config FILE               Read configuration from the given file
2025-12-03T01:56:18.5919212Z                                   [default: tinuous.yaml]
2025-12-03T01:56:18.5920540Z   -E, --env FILE                  Load environment variables from given .env
2025-12-03T01:56:18.5921281Z                                   file
2025-12-03T01:56:18.5921929Z   -l, --log-level [NOTSET|DEBUG|INFO|WARNING|ERROR|CRITICAL]
2025-12-03T01:56:18.5922687Z                                   Set logging level  [default: INFO]
2025-12-03T01:56:18.5923091Z   --help                          Show this message and exit.
2025-12-03T01:56:18.5923355Z 
2025-12-03T01:56:18.5923444Z Commands:
2025-12-03T01:56:18.5923673Z   fetch         Download logs
2025-12-03T01:56:18.5924002Z   fetch-commit  Download logs for a specific commit
2025-12-03T01:56:18.5924384Z   sanitize      Sanitize secrets in logs
2025-12-03T01:56:18.6027017Z py: commands[1]> pytest --cov-report=xml test
2025-12-03T01:56:23.0009521Z ============================= test session starts ==============================
2025-12-03T01:56:23.0011610Z platform linux -- Python 3.9.19[pypy-7.3.16-final], pytest-8.4.2, pluggy-1.6.0
2025-12-03T01:56:23.0012376Z cachedir: .tox/py/.pytest_cache
2025-12-03T01:56:23.0012860Z rootdir: /home/runner/work/tinuous/tinuous
2025-12-03T01:56:23.0013322Z configfile: tox.ini
2025-12-03T01:56:23.0013678Z plugins: cov-7.0.0, mock-3.15.1
2025-12-03T01:56:23.0014115Z collected 70 items
2025-12-03T01:56:23.0014311Z 
2025-12-03T01:56:23.1207095Z test/test_base.py .........                                              [ 12%]
2025-12-03T01:56:23.2611445Z test/test_config.py ........                                             [ 24%]
2025-12-03T01:56:23.4274021Z test/test_github.py ......                                               [ 32%]
2025-12-03T01:56:23.6412693Z test/test_state.py ........                                              [ 44%]
2025-12-03T01:56:25.3618874Z test/test_util.py .......................................                [100%]
2025-12-03T01:56:25.3619784Z 
2025-12-03T01:56:25.3620007Z ================================ tests coverage ================================
2025-12-03T01:56:25.3620703Z _______________ coverage: platform linux, python 3.9.19-final-0 ________________
2025-12-03T01:56:25.3621200Z 
2025-12-03T01:56:25.3621404Z Coverage XML written to file coverage.xml
2025-12-03T01:56:25.3621930Z ============================== 70 passed in 5.38s ==============================
2025-12-03T01:56:25.3787039Z   py: OK (246.66=setup[239.16]+cmd[0.73,6.77] seconds)
2025-12-03T01:56:25.3787612Z   congratulations :) (246.75 seconds)
2025-12-03T01:56:25.4184095Z ##[group]Run codecov/codecov-action@v5
2025-12-03T01:56:25.4184382Z with:
2025-12-03T01:56:25.4184571Z   fail_ci_if_error: false
2025-12-03T01:56:25.4185106Z   token: ***
2025-12-03T01:56:25.4185295Z   name: pypy-3.9
2025-12-03T01:56:25.4185715Z   disable_file_fixes: false
2025-12-03T01:56:25.4185987Z   disable_search: false
2025-12-03T01:56:25.4186217Z   disable_safe_directory: false
2025-12-03T01:56:25.4186440Z   disable_telem: false
2025-12-03T01:56:25.4186625Z   dry_run: false
2025-12-03T01:56:25.4186808Z   git_service: github
2025-12-03T01:56:25.4186994Z   gcov_executable: gcov
2025-12-03T01:56:25.4187204Z   handle_no_reports_found: false
2025-12-03T01:56:25.4187434Z   recurse_submodules: false
2025-12-03T01:56:25.4187652Z   run_command: upload-coverage
2025-12-03T01:56:25.4187885Z   skip_validation: false
2025-12-03T01:56:25.4188100Z   use_legacy_upload_endpoint: false
2025-12-03T01:56:25.4188323Z   use_oidc: false
2025-12-03T01:56:25.4188509Z   use_pypi: false
2025-12-03T01:56:25.4188727Z   verbose: false
2025-12-03T01:56:25.4188903Z   version: latest
2025-12-03T01:56:25.4189078Z env:
2025-12-03T01:56:25.4189306Z   pythonLocation: /opt/hostedtoolcache/PyPy/3.9.19/x64
2025-12-03T01:56:25.4189643Z   Python_ROOT_DIR: /opt/hostedtoolcache/PyPy/3.9.19/x64
2025-12-03T01:56:25.4189971Z   Python2_ROOT_DIR: /opt/hostedtoolcache/PyPy/3.9.19/x64
2025-12-03T01:56:25.4190300Z   Python3_ROOT_DIR: /opt/hostedtoolcache/PyPy/3.9.19/x64
2025-12-03T01:56:25.4190681Z   PKG_CONFIG_PATH: /opt/hostedtoolcache/PyPy/3.9.19/x64/bin/lib/pkgconfig
2025-12-03T01:56:25.4191009Z ##[endgroup]
2025-12-03T01:56:25.4269338Z ##[group]Run missing_deps=""
2025-12-03T01:56:25.4269657Z [36;1mmissing_deps=""[0m
2025-12-03T01:56:25.4269865Z [36;1m[0m
2025-12-03T01:56:25.4270058Z [36;1m# Check for required commands[0m
2025-12-03T01:56:25.4270328Z [36;1mfor cmd in bash git curl gpg; do[0m
2025-12-03T01:56:25.4270614Z [36;1m  if ! command -v "$cmd" >/dev/null 2>&1; then[0m
2025-12-03T01:56:25.4270939Z [36;1m    missing_deps="$missing_deps $cmd"[0m
2025-12-03T01:56:25.4271189Z [36;1m  fi[0m
2025-12-03T01:56:25.4271367Z [36;1mdone[0m
2025-12-03T01:56:25.4271536Z [36;1m[0m
2025-12-03T01:56:25.4271735Z [36;1m# Report missing required dependencies[0m
2025-12-03T01:56:25.4272019Z [36;1mif [ -n "$missing_deps" ]; then[0m
2025-12-03T01:56:25.4272406Z [36;1m  echo "Error: The following required dependencies are missing:$missing_deps"[0m
2025-12-03T01:56:25.4272875Z [36;1m  echo "Please install these dependencies before using this action."[0m
2025-12-03T01:56:25.4273209Z [36;1m  exit 1[0m
2025-12-03T01:56:25.4273378Z [36;1mfi[0m
2025-12-03T01:56:25.4273541Z [36;1m[0m
2025-12-03T01:56:25.4273778Z [36;1mecho "All required system dependencies are available."[0m
2025-12-03T01:56:25.4901829Z shell: /usr/bin/sh -e {0}
2025-12-03T01:56:25.4902174Z env:
2025-12-03T01:56:25.4902488Z   pythonLocation: /opt/hostedtoolcache/PyPy/3.9.19/x64
2025-12-03T01:56:25.4902957Z   Python_ROOT_DIR: /opt/hostedtoolcache/PyPy/3.9.19/x64
2025-12-03T01:56:25.4903402Z   Python2_ROOT_DIR: /opt/hostedtoolcache/PyPy/3.9.19/x64
2025-12-03T01:56:25.4903837Z   Python3_ROOT_DIR: /opt/hostedtoolcache/PyPy/3.9.19/x64
2025-12-03T01:56:25.4904337Z   PKG_CONFIG_PATH: /opt/hostedtoolcache/PyPy/3.9.19/x64/bin/lib/pkgconfig
2025-12-03T01:56:25.4904775Z ##[endgroup]
2025-12-03T01:56:25.4980163Z All required system dependencies are available.
2025-12-03T01:56:25.5008717Z ##[group]Run CC_ACTION_VERSION=$(cat ${GITHUB_ACTION_PATH}/src/version)
2025-12-03T01:56:25.5009170Z [36;1mCC_ACTION_VERSION=$(cat ${GITHUB_ACTION_PATH}/src/version)[0m
2025-12-03T01:56:25.5009581Z [36;1mecho -e "\033[0;32m==>\033[0m Running Action version $CC_ACTION_VERSION"[0m
2025-12-03T01:56:25.5042120Z shell: /usr/bin/bash --noprofile --norc -e -o pipefail {0}
2025-12-03T01:56:25.5042482Z env:
2025-12-03T01:56:25.5042725Z   pythonLocation: /opt/hostedtoolcache/PyPy/3.9.19/x64
2025-12-03T01:56:25.5043066Z   Python_ROOT_DIR: /opt/hostedtoolcache/PyPy/3.9.19/x64
2025-12-03T01:56:25.5043627Z   Python2_ROOT_DIR: /opt/hostedtoolcache/PyPy/3.9.19/x64
2025-12-03T01:56:25.5043975Z   Python3_ROOT_DIR: /opt/hostedtoolcache/PyPy/3.9.19/x64
2025-12-03T01:56:25.5044356Z   PKG_CONFIG_PATH: /opt/hostedtoolcache/PyPy/3.9.19/x64/bin/lib/pkgconfig
2025-12-03T01:56:25.5044690Z ##[endgroup]
2025-12-03T01:56:25.5116595Z [0;32m==>[0m Running Action version 5.5.1
2025-12-03T01:56:25.5161147Z ##[group]Run git config --global --add safe.directory "/home/runner/work/tinuous/tinuous"
2025-12-03T01:56:25.5161708Z [36;1mgit config --global --add safe.directory "/home/runner/work/tinuous/tinuous"[0m
2025-12-03T01:56:25.5162163Z [36;1mgit config --global --add safe.directory "$GITHUB_WORKSPACE"[0m
2025-12-03T01:56:25.5195074Z shell: /usr/bin/bash --noprofile --norc -e -o pipefail {0}
2025-12-03T01:56:25.5195392Z env:
2025-12-03T01:56:25.5195827Z   pythonLocation: /opt/hostedtoolcache/PyPy/3.9.19/x64
2025-12-03T01:56:25.5196189Z   Python_ROOT_DIR: /opt/hostedtoolcache/PyPy/3.9.19/x64
2025-12-03T01:56:25.5196545Z   Python2_ROOT_DIR: /opt/hostedtoolcache/PyPy/3.9.19/x64
2025-12-03T01:56:25.5196880Z   Python3_ROOT_DIR: /opt/hostedtoolcache/PyPy/3.9.19/x64
2025-12-03T01:56:25.5197254Z   PKG_CONFIG_PATH: /opt/hostedtoolcache/PyPy/3.9.19/x64/bin/lib/pkgconfig
2025-12-03T01:56:25.5197589Z ##[endgroup]
2025-12-03T01:56:25.5308590Z ##[group]Run CC_FORK="false"
2025-12-03T01:56:25.5308873Z [36;1mCC_FORK="false"[0m
2025-12-03T01:56:25.5309369Z [36;1mif [ -n "$GITHUB_EVENT_PULL_REQUEST_HEAD_REPO_FULL_NAME" ] && [ "$GITHUB_EVENT_PULL_REQUEST_HEAD_REPO_FULL_NAME" != "$GITHUB_REPOSITORY" ];[0m
2025-12-03T01:56:25.5309894Z [36;1mthen[0m
2025-12-03T01:56:25.5310125Z [36;1m  echo -e "\033[0;32m==>\033[0m Fork detected"[0m
2025-12-03T01:56:25.5310396Z [36;1m  CC_FORK="true"[0m
2025-12-03T01:56:25.5310600Z [36;1mfi[0m
2025-12-03T01:56:25.5310796Z [36;1mecho "CC_FORK=$CC_FORK" >> "$GITHUB_ENV"[0m
2025-12-03T01:56:25.5342865Z shell: /usr/bin/bash --noprofile --norc -e -o pipefail {0}
2025-12-03T01:56:25.5343198Z env:
2025-12-03T01:56:25.5343454Z   pythonLocation: /opt/hostedtoolcache/PyPy/3.9.19/x64
2025-12-03T01:56:25.5343800Z   Python_ROOT_DIR: /opt/hostedtoolcache/PyPy/3.9.19/x64
2025-12-03T01:56:25.5344127Z   Python2_ROOT_DIR: /opt/hostedtoolcache/PyPy/3.9.19/x64
2025-12-03T01:56:25.5344459Z   Python3_ROOT_DIR: /opt/hostedtoolcache/PyPy/3.9.19/x64
2025-12-03T01:56:25.5344842Z   PKG_CONFIG_PATH: /opt/hostedtoolcache/PyPy/3.9.19/x64/bin/lib/pkgconfig
2025-12-03T01:56:25.5345302Z   GITHUB_EVENT_PULL_REQUEST_HEAD_LABEL: con:copilot/fix-workflow-overlap-issue
2025-12-03T01:56:25.5345964Z   GITHUB_EVENT_PULL_REQUEST_HEAD_REPO_FULL_NAME: con/tinuous
2025-12-03T01:56:25.5346269Z   GITHUB_REPOSITORY: con/tinuous
2025-12-03T01:56:25.5346489Z ##[endgroup]
2025-12-03T01:56:25.5457648Z ##[group]Run actions/github-script@60a0d83039c74a4aee543508d2ffcb1c3799cdea
2025-12-03T01:56:25.5457999Z with:
2025-12-03T01:56:25.5458539Z   script: if (process.env.CC_USE_OIDC === 'true' && process.env.CC_FORK != 'true') {
  const id_token = await core.getIDToken(process.env.CC_OIDC_AUDIENCE)
  return id_token
}

2025-12-03T01:56:25.5459264Z   github-token: ***
2025-12-03T01:56:25.5459463Z   debug: false
2025-12-03T01:56:25.5459664Z   user-agent: actions/github-script
2025-12-03T01:56:25.5459907Z   result-encoding: json
2025-12-03T01:56:25.5460103Z   retries: 0
2025-12-03T01:56:25.5460489Z   retry-exempt-status-codes: 400,401,403,404,422
2025-12-03T01:56:25.5460754Z env:
2025-12-03T01:56:25.5460977Z   pythonLocation: /opt/hostedtoolcache/PyPy/3.9.19/x64
2025-12-03T01:56:25.5461323Z   Python_ROOT_DIR: /opt/hostedtoolcache/PyPy/3.9.19/x64
2025-12-03T01:56:25.5461666Z   Python2_ROOT_DIR: /opt/hostedtoolcache/PyPy/3.9.19/x64
2025-12-03T01:56:25.5461996Z   Python3_ROOT_DIR: /opt/hostedtoolcache/PyPy/3.9.19/x64
2025-12-03T01:56:25.5462374Z   PKG_CONFIG_PATH: /opt/hostedtoolcache/PyPy/3.9.19/x64/bin/lib/pkgconfig
2025-12-03T01:56:25.5462704Z   CC_FORK: false
2025-12-03T01:56:25.5462905Z   CC_OIDC_AUDIENCE: https://codecov.io
2025-12-03T01:56:25.5463301Z   CC_USE_OIDC: false
2025-12-03T01:56:25.5463496Z ##[endgroup]
2025-12-03T01:56:25.6439892Z ##[group]Run if [ "false" == 'true' ] && [ "$CC_FORK" != 'true' ];
2025-12-03T01:56:25.6440304Z [36;1mif [ "false" == 'true' ] && [ "$CC_FORK" != 'true' ];[0m
2025-12-03T01:56:25.6440593Z [36;1mthen[0m
2025-12-03T01:56:25.6440827Z [36;1m  echo "CC_TOKEN=$CC_OIDC_TOKEN" >> "$GITHUB_ENV"[0m
2025-12-03T01:56:25.6441133Z [36;1melif [ -n "" ];[0m
2025-12-03T01:56:25.6441336Z [36;1mthen[0m
2025-12-03T01:56:25.6441555Z [36;1m  echo -e "\033[0;32m==>\033[0m Token set from env"[0m
2025-12-03T01:56:25.6441850Z [36;1m    echo "CC_TOKEN=" >> "$GITHUB_ENV"[0m
2025-12-03T01:56:25.6442093Z [36;1melse[0m
2025-12-03T01:56:25.6442424Z [36;1m  if [ -n "***" ];[0m
2025-12-03T01:56:25.6442635Z [36;1m  then[0m
2025-12-03T01:56:25.6442860Z [36;1m    echo -e "\033[0;32m==>\033[0m Token set from input"[0m
2025-12-03T01:56:25.6443255Z [36;1m    CC_TOKEN=$(echo "***" | tr -d '\n')[0m
2025-12-03T01:56:25.6443560Z [36;1m    echo "CC_TOKEN=$CC_TOKEN" >> "$GITHUB_ENV"[0m
2025-12-03T01:56:25.6443817Z [36;1m  fi[0m
2025-12-03T01:56:25.6443979Z [36;1mfi[0m
2025-12-03T01:56:25.6477313Z shell: /usr/bin/bash --noprofile --norc -e -o pipefail {0}
2025-12-03T01:56:25.6477650Z env:
2025-12-03T01:56:25.6477897Z   pythonLocation: /opt/hostedtoolcache/PyPy/3.9.19/x64
2025-12-03T01:56:25.6478253Z   Python_ROOT_DIR: /opt/hostedtoolcache/PyPy/3.9.19/x64
2025-12-03T01:56:25.6478596Z   Python2_ROOT_DIR: /opt/hostedtoolcache/PyPy/3.9.19/x64
2025-12-03T01:56:25.6478927Z   Python3_ROOT_DIR: /opt/hostedtoolcache/PyPy/3.9.19/x64
2025-12-03T01:56:25.6479306Z   PKG_CONFIG_PATH: /opt/hostedtoolcache/PyPy/3.9.19/x64/bin/lib/pkgconfig
2025-12-03T01:56:25.6479649Z   CC_FORK: false
2025-12-03T01:56:25.6479877Z   CC_OIDC_TOKEN: 
2025-12-03T01:56:25.6480097Z   CC_OIDC_AUDIENCE: https://codecov.io
2025-12-03T01:56:25.6480343Z ##[endgroup]
2025-12-03T01:56:25.6536121Z [0;32m==>[0m Token set from input
2025-12-03T01:56:25.6578286Z ##[group]Run if [ -z "$CC_BRANCH" ] && [ -z "$CC_TOKEN" ] && [ "$CC_FORK" == 'true' ]
2025-12-03T01:56:25.6578750Z [36;1mif [ -z "$CC_BRANCH" ] && [ -z "$CC_TOKEN" ] && [ "$CC_FORK" == 'true' ][0m
2025-12-03T01:56:25.6579058Z [36;1mthen[0m
2025-12-03T01:56:25.6579426Z [36;1m  echo -e "\033[0;32m==>\033[0m Fork detected, setting branch to $GITHUB_EVENT_PULL_REQUEST_HEAD_LABEL"[0m
2025-12-03T01:56:25.6579900Z [36;1m  TOKENLESS="$GITHUB_EVENT_PULL_REQUEST_HEAD_LABEL"[0m
2025-12-03T01:56:25.6580230Z [36;1m  CC_BRANCH="$GITHUB_EVENT_PULL_REQUEST_HEAD_LABEL"[0m
2025-12-03T01:56:25.6580546Z [36;1m  echo "TOKENLESS=$TOKENLESS" >> "$GITHUB_ENV"[0m
2025-12-03T01:56:25.6580810Z [36;1mfi[0m
2025-12-03T01:56:25.6580970Z [36;1m[0m
2025-12-03T01:56:25.6581177Z [36;1mecho "CC_BRANCH=$CC_BRANCH" >> "$GITHUB_ENV"[0m
2025-12-03T01:56:25.6614066Z shell: /usr/bin/bash --noprofile --norc -e -o pipefail {0}
2025-12-03T01:56:25.6614393Z env:
2025-12-03T01:56:25.6614638Z   pythonLocation: /opt/hostedtoolcache/PyPy/3.9.19/x64
2025-12-03T01:56:25.6615014Z   Python_ROOT_DIR: /opt/hostedtoolcache/PyPy/3.9.19/x64
2025-12-03T01:56:25.6615367Z   Python2_ROOT_DIR: /opt/hostedtoolcache/PyPy/3.9.19/x64
2025-12-03T01:56:25.6616060Z   Python3_ROOT_DIR: /opt/hostedtoolcache/PyPy/3.9.19/x64
2025-12-03T01:56:25.6616455Z   PKG_CONFIG_PATH: /opt/hostedtoolcache/PyPy/3.9.19/x64/bin/lib/pkgconfig
2025-12-03T01:56:25.6616993Z   CC_FORK: false
2025-12-03T01:56:25.6617333Z   CC_TOKEN: ***
2025-12-03T01:56:25.6617560Z   CC_BRANCH: 
2025-12-03T01:56:25.6617861Z   GITHUB_EVENT_PULL_REQUEST_HEAD_LABEL: con:copilot/fix-workflow-overlap-issue
2025-12-03T01:56:25.6618288Z   GITHUB_EVENT_PULL_REQUEST_HEAD_REPO_FULL_NAME: con/tinuous
2025-12-03T01:56:25.6618593Z   GITHUB_REPOSITORY: con/tinuous
2025-12-03T01:56:25.6618813Z ##[endgroup]
2025-12-03T01:56:25.6698937Z ##[group]Run if [ -z "$CC_SHA" ];
2025-12-03T01:56:25.6699214Z [36;1mif [ -z "$CC_SHA" ];[0m
2025-12-03T01:56:25.6699431Z [36;1mthen[0m
2025-12-03T01:56:25.6699827Z [36;1m  CC_SHA="$GITHUB_EVENT_PULL_REQUEST_HEAD_SHA"[0m
2025-12-03T01:56:25.6722339Z [36;1mfi[0m
2025-12-03T01:56:25.6722749Z [36;1mif [ -z "$CC_PR" ] && [ "$CC_FORK" == 'true' ];[0m
2025-12-03T01:56:25.6723190Z [36;1mthen[0m
2025-12-03T01:56:25.6723518Z [36;1m  CC_PR="$GITHUB_EVENT_NUMBER"[0m
2025-12-03T01:56:25.6723921Z [36;1mfi[0m
2025-12-03T01:56:25.6724091Z [36;1m[0m
2025-12-03T01:56:25.6724311Z [36;1mecho "CC_SHA=$CC_SHA" >> "$GITHUB_ENV"[0m
2025-12-03T01:56:25.6724605Z [36;1mecho "CC_PR=$CC_PR" >> "$GITHUB_ENV"[0m
2025-12-03T01:56:25.6757188Z shell: /usr/bin/bash --noprofile --norc -e -o pipefail {0}
2025-12-03T01:56:25.6757504Z env:
2025-12-03T01:56:25.6757752Z   pythonLocation: /opt/hostedtoolcache/PyPy/3.9.19/x64
2025-12-03T01:56:25.6758107Z   Python_ROOT_DIR: /opt/hostedtoolcache/PyPy/3.9.19/x64
2025-12-03T01:56:25.6758454Z   Python2_ROOT_DIR: /opt/hostedtoolcache/PyPy/3.9.19/x64
2025-12-03T01:56:25.6758800Z   Python3_ROOT_DIR: /opt/hostedtoolcache/PyPy/3.9.19/x64
2025-12-03T01:56:25.6759221Z   PKG_CONFIG_PATH: /opt/hostedtoolcache/PyPy/3.9.19/x64/bin/lib/pkgconfig
2025-12-03T01:56:25.6759552Z   CC_FORK: false
2025-12-03T01:56:25.6759885Z   CC_TOKEN: ***
2025-12-03T01:56:25.6760068Z   CC_BRANCH: 
2025-12-03T01:56:25.6760235Z   CC_PR: 
2025-12-03T01:56:25.6760394Z   CC_SHA: 
2025-12-03T01:56:25.6760578Z   GITHUB_EVENT_NAME: pull_request
2025-12-03T01:56:25.6760818Z   GITHUB_EVENT_NUMBER: 221
2025-12-03T01:56:25.6761136Z   GITHUB_EVENT_PULL_REQUEST_HEAD_SHA: c18690ec8007c8c2f21048856938ce9f1a144711
2025-12-03T01:56:25.6761479Z ##[endgroup]
2025-12-03T01:56:25.6853441Z ##[group]Run ${GITHUB_ACTION_PATH}/dist/codecov.sh
2025-12-03T01:56:25.6853829Z [36;1m${GITHUB_ACTION_PATH}/dist/codecov.sh[0m
2025-12-03T01:56:25.6886838Z shell: /usr/bin/bash --noprofile --norc -e -o pipefail {0}
2025-12-03T01:56:25.6887168Z env:
2025-12-03T01:56:25.6887419Z   pythonLocation: /opt/hostedtoolcache/PyPy/3.9.19/x64
2025-12-03T01:56:25.6887772Z   Python_ROOT_DIR: /opt/hostedtoolcache/PyPy/3.9.19/x64
2025-12-03T01:56:25.6888127Z   Python2_ROOT_DIR: /opt/hostedtoolcache/PyPy/3.9.19/x64
2025-12-03T01:56:25.6888480Z   Python3_ROOT_DIR: /opt/hostedtoolcache/PyPy/3.9.19/x64
2025-12-03T01:56:25.6888879Z   PKG_CONFIG_PATH: /opt/hostedtoolcache/PyPy/3.9.19/x64/bin/lib/pkgconfig
2025-12-03T01:56:25.6889217Z   CC_FORK: false
2025-12-03T01:56:25.6889540Z   CC_TOKEN: ***
2025-12-03T01:56:25.6889741Z   CC_BRANCH: 
2025-12-03T01:56:25.6889949Z   CC_SHA: c18690ec8007c8c2f21048856938ce9f1a144711
2025-12-03T01:56:25.6890200Z   CC_PR: 
2025-12-03T01:56:25.6890364Z   CC_BASE_SHA: 
2025-12-03T01:56:25.6890532Z   CC_BINARY: 
2025-12-03T01:56:25.6890698Z   CC_BUILD: 
2025-12-03T01:56:25.6890862Z   CC_BUILD_URL: 
2025-12-03T01:56:25.6891029Z   CC_CODE: 
2025-12-03T01:56:25.6891190Z   CC_DIR: 
2025-12-03T01:56:25.6891362Z   CC_DISABLE_FILE_FIXES: false
2025-12-03T01:56:25.6891586Z   CC_DISABLE_SEARCH: false
2025-12-03T01:56:25.6891797Z   CC_DISABLE_TELEM: false
2025-12-03T01:56:25.6891992Z   CC_DRY_RUN: false
2025-12-03T01:56:25.6892180Z   CC_ENTERPRISE_URL: 
2025-12-03T01:56:25.6892375Z   CC_ENV: 
2025-12-03T01:56:25.6892540Z   CC_EXCLUDES: 
2025-12-03T01:56:25.6892726Z   CC_FAIL_ON_ERROR: false
2025-12-03T01:56:25.6892922Z   CC_FILES: 
2025-12-03T01:56:25.6893089Z   CC_FLAGS: 
2025-12-03T01:56:25.6893245Z   CC_FORCE: 
2025-12-03T01:56:25.6893411Z   CC_GCOV_ARGS: 
2025-12-03T01:56:25.6893600Z   CC_GCOV_EXECUTABLE: gcov
2025-12-03T01:56:25.6894017Z   CC_GCOV_IGNORE: 
2025-12-03T01:56:25.6894202Z   CC_GCOV_INCLUDE: 
2025-12-03T01:56:25.6894388Z   CC_GIT_SERVICE: github
2025-12-03T01:56:25.6894610Z   CC_HANDLE_NO_REPORTS_FOUND: false
2025-12-03T01:56:25.6894838Z   CC_JOB_CODE: 
2025-12-03T01:56:25.6895010Z   CC_LEGACY: false
2025-12-03T01:56:25.6895197Z   CC_NAME: pypy-3.9
2025-12-03T01:56:25.6895378Z   CC_NETWORK_FILTER: 
2025-12-03T01:56:25.6895914Z   CC_NETWORK_PREFIX: 
2025-12-03T01:56:25.6896133Z   CC_NETWORK_ROOT_FOLDER: 
2025-12-03T01:56:25.6896333Z   CC_OS: 
2025-12-03T01:56:25.6896498Z   CC_PARENT_SHA: 
2025-12-03T01:56:25.6896672Z   CC_PLUGINS: 
2025-12-03T01:56:25.6897037Z   CC_RECURSE_SUBMODULES: false
2025-12-03T01:56:25.6897270Z   CC_REPORT_TYPE: 
2025-12-03T01:56:25.6897464Z   CC_RUN_CMD: upload-coverage
2025-12-03T01:56:25.6897679Z   CC_SERVICE: github
2025-12-03T01:56:25.6897886Z   CC_SKIP_VALIDATION: false
2025-12-03T01:56:25.6898085Z   CC_SLUG: 
2025-12-03T01:56:25.6898255Z   CC_SWIFT_PROJECT: 
2025-12-03T01:56:25.6898453Z   CC_USE_PYPI: false
2025-12-03T01:56:25.6898641Z   CC_VERBOSE: false
2025-12-03T01:56:25.6898825Z   CC_VERSION: latest
2025-12-03T01:56:25.6899004Z   CC_YML_PATH: 
2025-12-03T01:56:25.6899183Z ##[endgroup]
2025-12-03T01:56:25.6979915Z      _____          _
2025-12-03T01:56:25.6980289Z     / ____|        | |
2025-12-03T01:56:25.6980631Z    | |     ___   __| | ___  ___ _____   __
2025-12-03T01:56:25.6980955Z    | |    / _ \ / _` |/ _ \/ __/ _ \ \ / /
2025-12-03T01:56:25.6981222Z    | |___| (_) | (_| |  __/ (_| (_) \ V /
2025-12-03T01:56:25.6981490Z     \_____\___/ \__,_|\___|\___\___/ \_/
2025-12-03T01:56:25.6982022Z                            [0;31m Wrapper-0.2.7[0m
2025-12-03T01:56:25.6982312Z                            
2025-12-03T01:56:25.7038272Z [0;32m==>[0m Detected [0;36mlinux[0m
2025-12-03T01:56:25.7039184Z [0;32m ->[0m Downloading [0;36mhttps://cli.codecov.io/latest/linux/codecov[0m
2025-12-03T01:56:25.7106362Z   % Total    % Received % Xferd  Average Speed   Time    Time     Time  Current
2025-12-03T01:56:25.7106970Z                                  Dload  Upload   Total   Spent    Left  Speed
2025-12-03T01:56:25.7107322Z 
2025-12-03T01:56:25.9140259Z   0     0    0     0    0     0      0      0 --:--:-- --:--:-- --:--:--     0
2025-12-03T01:56:25.9140896Z 100 10.6M  100 10.6M    0     0  52.3M      0 --:--:-- --:--:-- --:--:-- 52.4M
2025-12-03T01:56:25.9180035Z [0;32m==>[0m Finishing downloading [0;36mlinux:latest[0m
2025-12-03T01:56:25.9663913Z       Version: [0;36mv11.2.5[0m
2025-12-03T01:56:25.9664233Z  
2025-12-03T01:56:26.0011777Z gpg: directory '/home/runner/.gnupg' created
2025-12-03T01:56:26.0047510Z gpg: keybox '/home/runner/.gnupg/pubring.kbx' created
2025-12-03T01:56:26.6887746Z gpg: /home/runner/.gnupg/trustdb.gpg: trustdb created
2025-12-03T01:56:26.6888822Z gpg: key 806BB28AED779869: public key "Codecov Uploader (Codecov Uploader Verification Key) <security@codecov.io>" imported
2025-12-03T01:56:26.7174531Z gpg: Total number processed: 1
2025-12-03T01:56:26.7175061Z gpg:               imported: 1
2025-12-03T01:56:26.7181202Z [0;32m==>[0m Verifying GPG signature integrity
2025-12-03T01:56:26.7182114Z [0;32m ->[0m Downloading [0;36mhttps://cli.codecov.io/latest/linux/codecov.SHA256SUM[0m
2025-12-03T01:56:26.7183231Z [0;32m ->[0m Downloading [0;36mhttps://cli.codecov.io/latest/linux/codecov.SHA256SUM.sig[0m
2025-12-03T01:56:26.7183829Z  
2025-12-03T01:56:26.8270379Z gpg: Signature made Mon Nov 10 14:58:43 2025 UTC
2025-12-03T01:56:26.8270904Z gpg:                using RSA key 27034E7FDB850E0BBC2C62FF806BB28AED779869
2025-12-03T01:56:26.8273143Z gpg: Good signature from "Codecov Uploader (Codecov Uploader Verification Key) <security@codecov.io>" [unknown]
2025-12-03T01:56:26.8273924Z gpg: WARNING: This key is not certified with a trusted signature!
2025-12-03T01:56:26.8274452Z gpg:          There is no indication that the signature belongs to the owner.
2025-12-03T01:56:26.8275017Z Primary key fingerprint: 2703 4E7F DB85 0E0B BC2C  62FF 806B B28A ED77 9869
2025-12-03T01:56:26.8991041Z codecov: OK
2025-12-03T01:56:26.9002676Z [0;32m==>[0m CLI integrity verified
2025-12-03T01:56:26.9003021Z 
2025-12-03T01:56:26.9652307Z [0;32m ->[0m Token length: 36
2025-12-03T01:56:26.9652893Z [0;32m==>[0m Running upload-coverage
2025-12-03T01:56:26.9662116Z       [0;36m./codecov  upload-coverage -t <redacted> --git-service github --sha c18690ec8007c8c2f21048856938ce9f1a144711 --gcov-executable gcov --name pypy-3.9[0m
2025-12-03T01:56:27.3332381Z info - 2025-12-03 01:56:27,332 -- ci service found: github-actions
2025-12-03T01:56:27.3769485Z warning - 2025-12-03 01:56:27,376 -- xcrun is not installed or can't be found.
2025-12-03T01:56:27.4521639Z warning - 2025-12-03 01:56:27,451 -- No gcov data found.
2025-12-03T01:56:27.4526204Z warning - 2025-12-03 01:56:27,452 -- coverage.py is not installed or can't be found.
2025-12-03T01:56:27.4705136Z info - 2025-12-03 01:56:27,470 -- Found 1 coverage files to report
2025-12-03T01:56:27.4706184Z info - 2025-12-03 01:56:27,470 -- > /home/runner/work/tinuous/tinuous/coverage.xml
2025-12-03T01:56:27.9500577Z info - 2025-12-03 01:56:27,949 -- Your upload is now processing. When finished, results will be available at: https://app.codecov.io/github/con/tinuous/commit/c18690ec8007c8c2f21048856938ce9f1a144711
2025-12-03T01:56:28.0752876Z info - 2025-12-03 01:56:28,074 -- Process Upload complete
2025-12-03T01:56:28.2522880Z Post job cleanup.
2025-12-03T01:56:28.4199295Z Post job cleanup.
2025-12-03T01:56:28.5225057Z [command]/usr/bin/git version
2025-12-03T01:56:28.5275020Z git version 2.51.2
2025-12-03T01:56:28.5313772Z Copying '/home/runner/.gitconfig' to '/home/runner/work/_temp/46e5a22e-d906-4eb4-b5c1-cb516bdb5ae4/.gitconfig'
2025-12-03T01:56:28.5324680Z Temporarily overriding HOME='/home/runner/work/_temp/46e5a22e-d906-4eb4-b5c1-cb516bdb5ae4' before making global git config changes
2025-12-03T01:56:28.5326127Z Adding repository directory to the temporary git global config as a safe directory
2025-12-03T01:56:28.5330153Z [command]/usr/bin/git config --global --add safe.directory /home/runner/work/tinuous/tinuous
2025-12-03T01:56:28.5367882Z [command]/usr/bin/git config --local --name-only --get-regexp core\.sshCommand
2025-12-03T01:56:28.5401680Z [command]/usr/bin/git submodule foreach --recursive sh -c "git config --local --name-only --get-regexp 'core\.sshCommand' && git config --local --unset-all 'core.sshCommand' || :"
2025-12-03T01:56:28.5665673Z [command]/usr/bin/git config --local --name-only --get-regexp http\.https\:\/\/github\.com\/\.extraheader
2025-12-03T01:56:28.5694240Z http.https://github.com/.extraheader
2025-12-03T01:56:28.5709852Z [command]/usr/bin/git config --local --unset-all http.https://github.com/.extraheader
2025-12-03T01:56:28.5750155Z [command]/usr/bin/git submodule foreach --recursive sh -c "git config --local --name-only --get-regexp 'http\.https\:\/\/github\.com\/\.extraheader' && git config --local --unset-all 'http.https://github.com/.extraheader' || :"
2025-12-03T01:56:28.6020707Z [command]/usr/bin/git config --local --name-only --get-regexp ^includeIf\.gitdir:
2025-12-03T01:56:28.6061075Z [command]/usr/bin/git submodule foreach --recursive git config --local --show-origin --name-only --get-regexp remote.origin.url
2025-12-03T01:56:28.6454930Z Cleaning up orphan processes
