2023-04-27T15:56:07.8666918Z Requested labels: ubuntu-latest
2023-04-27T15:56:07.8667229Z Job defined at: con/tinuous/.github/workflows/test.yml@refs/pull/165/merge
2023-04-27T15:56:07.8667375Z Waiting for a runner to pick up this job...
2023-04-27T15:56:11.6894799Z Job is waiting for a hosted runner to come online.
2023-04-27T15:56:12.8438407Z Job is about to start running on the hosted runner: GitHub Actions 12 (hosted)
2023-04-27T15:56:15.9035013Z Current runner version: '2.303.0'
2023-04-27T15:56:15.9063778Z ##[group]Operating System
2023-04-27T15:56:15.9064301Z Ubuntu
2023-04-27T15:56:15.9064593Z 22.04.2
2023-04-27T15:56:15.9064872Z LTS
2023-04-27T15:56:15.9065238Z ##[endgroup]
2023-04-27T15:56:15.9065565Z ##[group]Runner Image
2023-04-27T15:56:15.9065922Z Image: ubuntu-22.04
2023-04-27T15:56:15.9066197Z Version: 20230426.1
2023-04-27T15:56:15.9066700Z Included Software: https://github.com/actions/runner-images/blob/ubuntu22/20230426.1/images/linux/Ubuntu2204-Readme.md
2023-04-27T15:56:15.9067406Z Image Release: https://github.com/actions/runner-images/releases/tag/ubuntu22%2F20230426.1
2023-04-27T15:56:15.9067803Z ##[endgroup]
2023-04-27T15:56:15.9068146Z ##[group]Runner Image Provisioner
2023-04-27T15:56:15.9068483Z 2.0.161.1
2023-04-27T15:56:15.9068741Z ##[endgroup]
2023-04-27T15:56:15.9069742Z ##[group]GITHUB_TOKEN Permissions
2023-04-27T15:56:15.9070378Z Actions: write
2023-04-27T15:56:15.9070697Z Checks: write
2023-04-27T15:56:15.9193125Z Contents: write
2023-04-27T15:56:15.9193519Z Deployments: write
2023-04-27T15:56:15.9193765Z Discussions: write
2023-04-27T15:56:15.9193990Z Issues: write
2023-04-27T15:56:15.9194207Z Metadata: read
2023-04-27T15:56:15.9194439Z Packages: write
2023-04-27T15:56:15.9194660Z Pages: write
2023-04-27T15:56:15.9194892Z PullRequests: write
2023-04-27T15:56:15.9195158Z RepositoryProjects: write
2023-04-27T15:56:15.9195427Z SecurityEvents: write
2023-04-27T15:56:15.9195788Z Statuses: write
2023-04-27T15:56:15.9196050Z ##[endgroup]
2023-04-27T15:56:15.9200186Z Secret source: Actions
2023-04-27T15:56:15.9200610Z Prepare workflow directory
2023-04-27T15:56:16.0030271Z Prepare all required actions
2023-04-27T15:56:16.0236354Z Getting action download info
2023-04-27T15:56:16.3716407Z Download action repository 'actions/checkout@v3' (SHA:8e5e7e5ab8b370d6c329ec480221332ada57f0ab)
2023-04-27T15:56:17.0424215Z Download action repository 'actions/setup-python@v4' (SHA:57ded4d7d5e986d7296eab16560982c6dd7c923b)
2023-04-27T15:56:17.6137168Z Download action repository 'codecov/codecov-action@v3' (SHA:894ff025c7b54547a9a2a1e9f228beae737ad3c2)
2023-04-27T15:56:18.2936205Z Complete job name: test (3.8, lint)
2023-04-27T15:56:18.4056964Z ##[group]Run actions/checkout@v3
2023-04-27T15:56:18.4057272Z with:
2023-04-27T15:56:18.4057484Z   fetch-depth: 0
2023-04-27T15:56:18.4057712Z   repository: con/tinuous
2023-04-27T15:56:18.4058119Z   token: ***
2023-04-27T15:56:18.4058316Z   ssh-strict: true
2023-04-27T15:56:18.4058552Z   persist-credentials: true
2023-04-27T15:56:18.4058781Z   clean: true
2023-04-27T15:56:18.4058965Z   lfs: false
2023-04-27T15:56:18.4059183Z   submodules: false
2023-04-27T15:56:18.4059422Z   set-safe-directory: true
2023-04-27T15:56:18.4059640Z ##[endgroup]
2023-04-27T15:56:18.7575172Z Syncing repository: con/tinuous
2023-04-27T15:56:18.7577533Z ##[group]Getting Git version info
2023-04-27T15:56:18.7578333Z Working directory is '/home/runner/work/tinuous/tinuous'
2023-04-27T15:56:18.7580069Z [command]/usr/bin/git version
2023-04-27T15:56:18.7682042Z git version 2.40.1
2023-04-27T15:56:18.7767968Z ##[endgroup]
2023-04-27T15:56:18.7809246Z Temporarily overriding HOME='/home/runner/work/_temp/086ba273-f184-4e1a-b8ad-7970f1312c62' before making global git config changes
2023-04-27T15:56:18.7811454Z Adding repository directory to the temporary git global config as a safe directory
2023-04-27T15:56:18.7813792Z [command]/usr/bin/git config --global --add safe.directory /home/runner/work/tinuous/tinuous
2023-04-27T15:56:18.7821275Z Deleting the contents of '/home/runner/work/tinuous/tinuous'
2023-04-27T15:56:18.7828384Z ##[group]Initializing the repository
2023-04-27T15:56:18.7833000Z [command]/usr/bin/git init /home/runner/work/tinuous/tinuous
2023-04-27T15:56:18.7995167Z hint: Using 'master' as the name for the initial branch. This default branch name
2023-04-27T15:56:18.7996441Z hint: is subject to change. To configure the initial branch name to use in all
2023-04-27T15:56:18.7999010Z hint: of your new repositories, which will suppress this warning, call:
2023-04-27T15:56:18.8000387Z hint: 
2023-04-27T15:56:18.8001708Z hint: 	git config --global init.defaultBranch <name>
2023-04-27T15:56:18.8002498Z hint: 
2023-04-27T15:56:18.8003672Z hint: Names commonly chosen instead of 'master' are 'main', 'trunk' and
2023-04-27T15:56:18.8010487Z hint: 'development'. The just-created branch can be renamed via this command:
2023-04-27T15:56:18.8011229Z hint: 
2023-04-27T15:56:18.8012301Z hint: 	git branch -m <name>
2023-04-27T15:56:18.8035326Z Initialized empty Git repository in /home/runner/work/tinuous/tinuous/.git/
2023-04-27T15:56:18.8052204Z [command]/usr/bin/git remote add origin https://github.com/con/tinuous
2023-04-27T15:56:18.8099636Z ##[endgroup]
2023-04-27T15:56:18.8100403Z ##[group]Disabling automatic garbage collection
2023-04-27T15:56:18.8106678Z [command]/usr/bin/git config --local gc.auto 0
2023-04-27T15:56:18.8142963Z ##[endgroup]
2023-04-27T15:56:18.8143714Z ##[group]Setting up auth
2023-04-27T15:56:18.8153147Z [command]/usr/bin/git config --local --name-only --get-regexp core\.sshCommand
2023-04-27T15:56:18.8193865Z [command]/usr/bin/git submodule foreach --recursive sh -c "git config --local --name-only --get-regexp 'core\.sshCommand' && git config --local --unset-all 'core.sshCommand' || :"
2023-04-27T15:56:18.8660792Z [command]/usr/bin/git config --local --name-only --get-regexp http\.https\:\/\/github\.com\/\.extraheader
2023-04-27T15:56:18.8695781Z [command]/usr/bin/git submodule foreach --recursive sh -c "git config --local --name-only --get-regexp 'http\.https\:\/\/github\.com\/\.extraheader' && git config --local --unset-all 'http.https://github.com/.extraheader' || :"
2023-04-27T15:56:18.8938866Z [command]/usr/bin/git config --local http.https://github.com/.extraheader AUTHORIZATION: basic ***
2023-04-27T15:56:18.8985590Z ##[endgroup]
2023-04-27T15:56:18.8986501Z ##[group]Fetching the repository
2023-04-27T15:56:18.8998984Z [command]/usr/bin/git -c protocol.version=2 fetch --prune --progress --no-recurse-submodules origin +refs/heads/*:refs/remotes/origin/* +refs/tags/*:refs/tags/* +3e36a1b9ab1518b17bf96a05e792bab1d743e48f:refs/remotes/pull/165/merge
2023-04-27T15:56:19.4858664Z remote: Enumerating objects: 1142, done.        
2023-04-27T15:56:19.4859718Z remote: Counting objects:   0% (1/364)        
2023-04-27T15:56:19.4860301Z remote: Counting objects:   1% (4/364)        
2023-04-27T15:56:19.4860672Z remote: Counting objects:   2% (8/364)        
2023-04-27T15:56:19.4861055Z remote: Counting objects:   3% (11/364)        
2023-04-27T15:56:19.4861505Z remote: Counting objects:   4% (15/364)        
2023-04-27T15:56:19.4861889Z remote: Counting objects:   5% (19/364)        
2023-04-27T15:56:19.4862301Z remote: Counting objects:   6% (22/364)        
2023-04-27T15:56:19.4862695Z remote: Counting objects:   7% (26/364)        
2023-04-27T15:56:19.4863102Z remote: Counting objects:   8% (30/364)        
2023-04-27T15:56:19.4863433Z remote: Counting objects:   9% (33/364)        
2023-04-27T15:56:19.4863812Z remote: Counting objects:  10% (37/364)        
2023-04-27T15:56:19.4864278Z remote: Counting objects:  11% (41/364)        
2023-04-27T15:56:19.4864662Z remote: Counting objects:  12% (44/364)        
2023-04-27T15:56:19.4864989Z remote: Counting objects:  13% (48/364)        
2023-04-27T15:56:19.4865361Z remote: Counting objects:  14% (51/364)        
2023-04-27T15:56:19.4865795Z remote: Counting objects:  15% (55/364)        
2023-04-27T15:56:19.4866123Z remote: Counting objects:  16% (59/364)        
2023-04-27T15:56:19.4866499Z remote: Counting objects:  17% (62/364)        
2023-04-27T15:56:19.4866877Z remote: Counting objects:  18% (66/364)        
2023-04-27T15:56:19.4867198Z remote: Counting objects:  19% (70/364)        
2023-04-27T15:56:19.4867626Z remote: Counting objects:  20% (73/364)        
2023-04-27T15:56:19.4868009Z remote: Counting objects:  21% (77/364)        
2023-04-27T15:56:19.4868330Z remote: Counting objects:  22% (81/364)        
2023-04-27T15:56:19.4868706Z remote: Counting objects:  23% (84/364)        
2023-04-27T15:56:19.4869429Z remote: Counting objects:  24% (88/364)        
2023-04-27T15:56:19.4869865Z remote: Counting objects:  25% (91/364)        
2023-04-27T15:56:19.4870223Z remote: Counting objects:  26% (95/364)        
2023-04-27T15:56:19.4870600Z remote: Counting objects:  27% (99/364)        
2023-04-27T15:56:19.4871404Z remote: Counting objects:  28% (102/364)        
2023-04-27T15:56:19.4871817Z remote: Counting objects:  29% (106/364)        
2023-04-27T15:56:19.4872274Z remote: Counting objects:  30% (110/364)        
2023-04-27T15:56:19.4872659Z remote: Counting objects:  31% (113/364)        
2023-04-27T15:56:19.4873008Z remote: Counting objects:  32% (117/364)        
2023-04-27T15:56:19.4873387Z remote: Counting objects:  33% (121/364)        
2023-04-27T15:56:19.4873974Z remote: Counting objects:  34% (124/364)        
2023-04-27T15:56:19.4874369Z remote: Counting objects:  35% (128/364)        
2023-04-27T15:56:19.4874697Z remote: Counting objects:  36% (132/364)        
2023-04-27T15:56:19.4875111Z remote: Counting objects:  37% (135/364)        
2023-04-27T15:56:19.4875488Z remote: Counting objects:  38% (139/364)        
2023-04-27T15:56:19.4875875Z remote: Counting objects:  39% (142/364)        
2023-04-27T15:56:19.4876261Z remote: Counting objects:  40% (146/364)        
2023-04-27T15:56:19.4876657Z remote: Counting objects:  41% (150/364)        
2023-04-27T15:56:19.4876984Z remote: Counting objects:  42% (153/364)        
2023-04-27T15:56:19.4877358Z remote: Counting objects:  43% (157/364)        
2023-04-27T15:56:19.4877780Z remote: Counting objects:  44% (161/364)        
2023-04-27T15:56:19.4878122Z remote: Counting objects:  45% (164/364)        
2023-04-27T15:56:19.4878514Z remote: Counting objects:  46% (168/364)        
2023-04-27T15:56:19.4878886Z remote: Counting objects:  47% (172/364)        
2023-04-27T15:56:19.4879302Z remote: Counting objects:  48% (175/364)        
2023-04-27T15:56:19.4879633Z remote: Counting objects:  49% (179/364)        
2023-04-27T15:56:19.4881954Z remote: Counting objects:  50% (182/364)        
2023-04-27T15:56:19.4882358Z remote: Counting objects:  51% (186/364)        
2023-04-27T15:56:19.4883475Z remote: Counting objects:  52% (190/364)        
2023-04-27T15:56:19.4884076Z remote: Counting objects:  53% (193/364)        
2023-04-27T15:56:19.4884489Z remote: Counting objects:  54% (197/364)        
2023-04-27T15:56:19.4884867Z remote: Counting objects:  55% (201/364)        
2023-04-27T15:56:19.4885253Z remote: Counting objects:  56% (204/364)        
2023-04-27T15:56:19.4888438Z remote: Counting objects:  57% (208/364)        
2023-04-27T15:56:19.4888913Z remote: Counting objects:  58% (212/364)        
2023-04-27T15:56:19.4889299Z remote: Counting objects:  59% (215/364)        
2023-04-27T15:56:19.4889677Z remote: Counting objects:  60% (219/364)        
2023-04-27T15:56:19.4890048Z remote: Counting objects:  61% (223/364)        
2023-04-27T15:56:19.4890375Z remote: Counting objects:  62% (226/364)        
2023-04-27T15:56:19.5048297Z remote: Counting objects:  63% (230/364)        
2023-04-27T15:56:19.5049013Z remote: Counting objects:  64% (233/364)        
2023-04-27T15:56:19.5049299Z remote: Counting objects:  65% (237/364)        
2023-04-27T15:56:19.5049581Z remote: Counting objects:  66% (241/364)        
2023-04-27T15:56:19.5049849Z remote: Counting objects:  67% (244/364)        
2023-04-27T15:56:19.5050118Z remote: Counting objects:  68% (248/364)        
2023-04-27T15:56:19.5050382Z remote: Counting objects:  69% (252/364)        
2023-04-27T15:56:19.5050646Z remote: Counting objects:  70% (255/364)        
2023-04-27T15:56:19.5050918Z remote: Counting objects:  71% (259/364)        
2023-04-27T15:56:19.5051188Z remote: Counting objects:  72% (263/364)        
2023-04-27T15:56:19.5051462Z remote: Counting objects:  73% (266/364)        
2023-04-27T15:56:19.5051729Z remote: Counting objects:  74% (270/364)        
2023-04-27T15:56:19.5051993Z remote: Counting objects:  75% (273/364)        
2023-04-27T15:56:19.5052259Z remote: Counting objects:  76% (277/364)        
2023-04-27T15:56:19.5052929Z remote: Counting objects:  77% (281/364)        
2023-04-27T15:56:19.5053196Z remote: Counting objects:  78% (284/364)        
2023-04-27T15:56:19.5053472Z remote: Counting objects:  79% (288/364)        
2023-04-27T15:56:19.5053750Z remote: Counting objects:  80% (292/364)        
2023-04-27T15:56:19.5054015Z remote: Counting objects:  81% (295/364)        
2023-04-27T15:56:19.5054274Z remote: Counting objects:  82% (299/364)        
2023-04-27T15:56:19.5054543Z remote: Counting objects:  83% (303/364)        
2023-04-27T15:56:19.5054811Z remote: Counting objects:  84% (306/364)        
2023-04-27T15:56:19.5055068Z remote: Counting objects:  85% (310/364)        
2023-04-27T15:56:19.5055439Z remote: Counting objects:  86% (314/364)        
2023-04-27T15:56:19.5055693Z remote: Counting objects:  87% (317/364)        
2023-04-27T15:56:19.5055931Z remote: Counting objects:  88% (321/364)        
2023-04-27T15:56:19.5056183Z remote: Counting objects:  89% (324/364)        
2023-04-27T15:56:19.5056443Z remote: Counting objects:  90% (328/364)        
2023-04-27T15:56:19.5056691Z remote: Counting objects:  91% (332/364)        
2023-04-27T15:56:19.5056942Z remote: Counting objects:  92% (335/364)        
2023-04-27T15:56:19.5057188Z remote: Counting objects:  93% (339/364)        
2023-04-27T15:56:19.5057433Z remote: Counting objects:  94% (343/364)        
2023-04-27T15:56:19.5057675Z remote: Counting objects:  95% (346/364)        
2023-04-27T15:56:19.5057924Z remote: Counting objects:  96% (350/364)        
2023-04-27T15:56:19.5058178Z remote: Counting objects:  97% (354/364)        
2023-04-27T15:56:19.5058419Z remote: Counting objects:  98% (357/364)        
2023-04-27T15:56:19.5058663Z remote: Counting objects:  99% (361/364)        
2023-04-27T15:56:19.5058910Z remote: Counting objects: 100% (364/364)        
2023-04-27T15:56:19.5059163Z remote: Counting objects: 100% (364/364), done.        
2023-04-27T15:56:19.5059446Z remote: Compressing objects:   0% (1/235)        
2023-04-27T15:56:19.5059732Z remote: Compressing objects:   1% (3/235)        
2023-04-27T15:56:19.5060140Z remote: Compressing objects:   2% (5/235)        
2023-04-27T15:56:19.5060418Z remote: Compressing objects:   3% (8/235)        
2023-04-27T15:56:19.5060682Z remote: Compressing objects:   4% (10/235)        
2023-04-27T15:56:19.5060951Z remote: Compressing objects:   5% (12/235)        
2023-04-27T15:56:19.5061253Z remote: Compressing objects:   6% (15/235)        
2023-04-27T15:56:19.5061513Z remote: Compressing objects:   7% (17/235)        
2023-04-27T15:56:19.5061774Z remote: Compressing objects:   8% (19/235)        
2023-04-27T15:56:19.5062040Z remote: Compressing objects:   9% (22/235)        
2023-04-27T15:56:19.5062293Z remote: Compressing objects:  10% (24/235)        
2023-04-27T15:56:19.5062552Z remote: Compressing objects:  11% (26/235)        
2023-04-27T15:56:19.5062812Z remote: Compressing objects:  12% (29/235)        
2023-04-27T15:56:19.5063063Z remote: Compressing objects:  13% (31/235)        
2023-04-27T15:56:19.5063329Z remote: Compressing objects:  14% (33/235)        
2023-04-27T15:56:19.5063593Z remote: Compressing objects:  15% (36/235)        
2023-04-27T15:56:19.5063845Z remote: Compressing objects:  16% (38/235)        
2023-04-27T15:56:19.5064101Z remote: Compressing objects:  17% (40/235)        
2023-04-27T15:56:19.5064361Z remote: Compressing objects:  18% (43/235)        
2023-04-27T15:56:19.5064759Z remote: Compressing objects:  19% (45/235)        
2023-04-27T15:56:19.5065032Z remote: Compressing objects:  20% (47/235)        
2023-04-27T15:56:19.5065310Z remote: Compressing objects:  21% (50/235)        
2023-04-27T15:56:19.5065716Z remote: Compressing objects:  22% (52/235)        
2023-04-27T15:56:19.5065999Z remote: Compressing objects:  23% (55/235)        
2023-04-27T15:56:19.5066291Z remote: Compressing objects:  24% (57/235)        
2023-04-27T15:56:19.5066583Z remote: Compressing objects:  25% (59/235)        
2023-04-27T15:56:19.5066860Z remote: Compressing objects:  26% (62/235)        
2023-04-27T15:56:19.5067316Z remote: Compressing objects:  27% (64/235)        
2023-04-27T15:56:19.5067732Z remote: Compressing objects:  28% (66/235)        
2023-04-27T15:56:19.5068027Z remote: Compressing objects:  29% (69/235)        
2023-04-27T15:56:19.5068335Z remote: Compressing objects:  30% (71/235)        
2023-04-27T15:56:19.5068637Z remote: Compressing objects:  31% (73/235)        
2023-04-27T15:56:19.5068944Z remote: Compressing objects:  32% (76/235)        
2023-04-27T15:56:19.5069234Z remote: Compressing objects:  33% (78/235)        
2023-04-27T15:56:19.5069530Z remote: Compressing objects:  34% (80/235)        
2023-04-27T15:56:19.5069822Z remote: Compressing objects:  35% (83/235)        
2023-04-27T15:56:19.5070105Z remote: Compressing objects:  36% (85/235)        
2023-04-27T15:56:19.5070402Z remote: Compressing objects:  37% (87/235)        
2023-04-27T15:56:19.5070817Z remote: Compressing objects:  38% (90/235)        
2023-04-27T15:56:19.5071103Z remote: Compressing objects:  39% (92/235)        
2023-04-27T15:56:19.5071391Z remote: Compressing objects:  40% (94/235)        
2023-04-27T15:56:19.5071677Z remote: Compressing objects:  41% (97/235)        
2023-04-27T15:56:19.5071960Z remote: Compressing objects:  42% (99/235)        
2023-04-27T15:56:19.5072238Z remote: Compressing objects:  43% (102/235)        
2023-04-27T15:56:19.5072533Z remote: Compressing objects:  44% (104/235)        
2023-04-27T15:56:19.5073047Z remote: Compressing objects:  45% (106/235)        
2023-04-27T15:56:19.5073302Z remote: Compressing objects:  46% (109/235)        
2023-04-27T15:56:19.5073561Z remote: Compressing objects:  47% (111/235)        
2023-04-27T15:56:19.5073831Z remote: Compressing objects:  48% (113/235)        
2023-04-27T15:56:19.5074086Z remote: Compressing objects:  49% (116/235)        
2023-04-27T15:56:19.5074348Z remote: Compressing objects:  50% (118/235)        
2023-04-27T15:56:19.5074724Z remote: Compressing objects:  51% (120/235)        
2023-04-27T15:56:19.5076850Z remote: Compressing objects:  52% (123/235)        
2023-04-27T15:56:19.5077444Z remote: Compressing objects:  53% (125/235)        
2023-04-27T15:56:19.5077890Z remote: Compressing objects:  54% (127/235)        
2023-04-27T15:56:19.5078177Z remote: Compressing objects:  55% (130/235)        
2023-04-27T15:56:19.5078454Z remote: Compressing objects:  56% (132/235)        
2023-04-27T15:56:19.5078741Z remote: Compressing objects:  57% (134/235)        
2023-04-27T15:56:19.5079135Z remote: Compressing objects:  58% (137/235)        
2023-04-27T15:56:19.5079393Z remote: Compressing objects:  59% (139/235)        
2023-04-27T15:56:19.5079659Z remote: Compressing objects:  60% (141/235)        
2023-04-27T15:56:19.5079927Z remote: Compressing objects:  61% (144/235)        
2023-04-27T15:56:19.5080185Z remote: Compressing objects:  62% (146/235)        
2023-04-27T15:56:19.5080447Z remote: Compressing objects:  63% (149/235)        
2023-04-27T15:56:19.5080702Z remote: Compressing objects:  64% (151/235)        
2023-04-27T15:56:19.5093006Z remote: Compressing objects:  65% (153/235)        
2023-04-27T15:56:19.5093995Z remote: Compressing objects:  66% (156/235)        
2023-04-27T15:56:19.5094937Z remote: Compressing objects:  67% (158/235)        
2023-04-27T15:56:19.5095656Z remote: Compressing objects:  68% (160/235)        
2023-04-27T15:56:19.5096388Z remote: Compressing objects:  69% (163/235)        
2023-04-27T15:56:19.5097085Z remote: Compressing objects:  70% (165/235)        
2023-04-27T15:56:19.5097831Z remote: Compressing objects:  71% (167/235)        
2023-04-27T15:56:19.5098126Z remote: Compressing objects:  72% (170/235)        
2023-04-27T15:56:19.5102792Z remote: Compressing objects:  73% (172/235)        
2023-04-27T15:56:19.5103106Z remote: Compressing objects:  74% (174/235)        
2023-04-27T15:56:19.5103396Z remote: Compressing objects:  75% (177/235)        
2023-04-27T15:56:19.5103666Z remote: Compressing objects:  76% (179/235)        
2023-04-27T15:56:19.5104241Z remote: Compressing objects:  77% (181/235)        
2023-04-27T15:56:19.5104654Z remote: Compressing objects:  78% (184/235)        
2023-04-27T15:56:19.5105094Z remote: Compressing objects:  79% (186/235)        
2023-04-27T15:56:19.5105390Z remote: Compressing objects:  80% (188/235)        
2023-04-27T15:56:19.5105689Z remote: Compressing objects:  81% (191/235)        
2023-04-27T15:56:19.5105993Z remote: Compressing objects:  82% (193/235)        
2023-04-27T15:56:19.5106283Z remote: Compressing objects:  83% (196/235)        
2023-04-27T15:56:19.5106584Z remote: Compressing objects:  84% (198/235)        
2023-04-27T15:56:19.5106891Z remote: Compressing objects:  85% (200/235)        
2023-04-27T15:56:19.5107188Z remote: Compressing objects:  86% (203/235)        
2023-04-27T15:56:19.5107495Z remote: Compressing objects:  87% (205/235)        
2023-04-27T15:56:19.5107801Z remote: Compressing objects:  88% (207/235)        
2023-04-27T15:56:19.5108102Z remote: Compressing objects:  89% (210/235)        
2023-04-27T15:56:19.5108426Z remote: Compressing objects:  90% (212/235)        
2023-04-27T15:56:19.5108853Z remote: Compressing objects:  91% (214/235)        
2023-04-27T15:56:19.5109144Z remote: Compressing objects:  92% (217/235)        
2023-04-27T15:56:19.5109568Z remote: Compressing objects:  93% (219/235)        
2023-04-27T15:56:19.5109858Z remote: Compressing objects:  94% (221/235)        
2023-04-27T15:56:19.5110133Z remote: Compressing objects:  95% (224/235)        
2023-04-27T15:56:19.5110421Z remote: Compressing objects:  96% (226/235)        
2023-04-27T15:56:19.5110707Z remote: Compressing objects:  97% (228/235)        
2023-04-27T15:56:19.5110978Z remote: Compressing objects:  98% (231/235)        
2023-04-27T15:56:19.5111267Z remote: Compressing objects:  99% (233/235)        
2023-04-27T15:56:19.5111552Z remote: Compressing objects: 100% (235/235)        
2023-04-27T15:56:19.5111842Z remote: Compressing objects: 100% (235/235), done.        
2023-04-27T15:56:19.5191836Z Receiving objects:   0% (1/1142)
2023-04-27T15:56:19.5192374Z Receiving objects:   1% (12/1142)
2023-04-27T15:56:19.5192656Z Receiving objects:   2% (23/1142)
2023-04-27T15:56:19.5278364Z Receiving objects:   3% (35/1142)
2023-04-27T15:56:19.5280691Z Receiving objects:   4% (46/1142)
2023-04-27T15:56:19.5281497Z Receiving objects:   5% (58/1142)
2023-04-27T15:56:19.5281754Z Receiving objects:   6% (69/1142)
2023-04-27T15:56:19.5291381Z Receiving objects:   7% (80/1142)
2023-04-27T15:56:19.5292757Z Receiving objects:   8% (92/1142)
2023-04-27T15:56:19.5489588Z Receiving objects:   9% (103/1142)
2023-04-27T15:56:19.5491527Z Receiving objects:  10% (115/1142)
2023-04-27T15:56:19.5491819Z Receiving objects:  11% (126/1142)
2023-04-27T15:56:19.5495357Z Receiving objects:  12% (138/1142)
2023-04-27T15:56:19.5499514Z Receiving objects:  13% (149/1142)
2023-04-27T15:56:19.5499990Z Receiving objects:  14% (160/1142)
2023-04-27T15:56:19.5500743Z Receiving objects:  15% (172/1142)
2023-04-27T15:56:19.5501684Z Receiving objects:  16% (183/1142)
2023-04-27T15:56:19.5504129Z Receiving objects:  17% (195/1142)
2023-04-27T15:56:19.5507830Z Receiving objects:  18% (206/1142)
2023-04-27T15:56:19.5508322Z Receiving objects:  19% (217/1142)
2023-04-27T15:56:19.5509031Z Receiving objects:  20% (229/1142)
2023-04-27T15:56:19.5509703Z Receiving objects:  21% (240/1142)
2023-04-27T15:56:19.5512611Z Receiving objects:  22% (252/1142)
2023-04-27T15:56:19.5516786Z Receiving objects:  23% (263/1142)
2023-04-27T15:56:19.5517397Z Receiving objects:  24% (275/1142)
2023-04-27T15:56:19.5517663Z Receiving objects:  25% (286/1142)
2023-04-27T15:56:19.5527260Z Receiving objects:  26% (297/1142)
2023-04-27T15:56:19.5527712Z Receiving objects:  27% (309/1142)
2023-04-27T15:56:19.5528508Z Receiving objects:  28% (320/1142)
2023-04-27T15:56:19.5529244Z Receiving objects:  29% (332/1142)
2023-04-27T15:56:19.5530176Z Receiving objects:  30% (343/1142)
2023-04-27T15:56:19.5530834Z Receiving objects:  31% (355/1142)
2023-04-27T15:56:19.5531484Z Receiving objects:  32% (366/1142)
2023-04-27T15:56:19.5532161Z Receiving objects:  33% (377/1142)
2023-04-27T15:56:19.5532903Z Receiving objects:  34% (389/1142)
2023-04-27T15:56:19.5533539Z Receiving objects:  35% (400/1142)
2023-04-27T15:56:19.5534211Z Receiving objects:  36% (412/1142)
2023-04-27T15:56:19.5534834Z Receiving objects:  37% (423/1142)
2023-04-27T15:56:19.5535452Z Receiving objects:  38% (434/1142)
2023-04-27T15:56:19.5535900Z Receiving objects:  39% (446/1142)
2023-04-27T15:56:19.5536561Z Receiving objects:  40% (457/1142)
2023-04-27T15:56:19.5537224Z Receiving objects:  41% (469/1142)
2023-04-27T15:56:19.5537844Z Receiving objects:  42% (480/1142)
2023-04-27T15:56:19.5538486Z Receiving objects:  43% (492/1142)
2023-04-27T15:56:19.5539089Z Receiving objects:  44% (503/1142)
2023-04-27T15:56:19.5539800Z Receiving objects:  45% (514/1142)
2023-04-27T15:56:19.5540477Z Receiving objects:  46% (526/1142)
2023-04-27T15:56:19.5550417Z Receiving objects:  47% (537/1142)
2023-04-27T15:56:19.5550848Z Receiving objects:  48% (549/1142)
2023-04-27T15:56:19.5564450Z Receiving objects:  49% (560/1142)
2023-04-27T15:56:19.5568151Z Receiving objects:  50% (571/1142)
2023-04-27T15:56:19.5662329Z Receiving objects:  51% (583/1142)
2023-04-27T15:56:19.5662821Z Receiving objects:  52% (594/1142)
2023-04-27T15:56:19.5663824Z Receiving objects:  53% (606/1142)
2023-04-27T15:56:19.5664250Z Receiving objects:  54% (617/1142)
2023-04-27T15:56:19.5664950Z Receiving objects:  55% (629/1142)
2023-04-27T15:56:19.5665721Z Receiving objects:  56% (640/1142)
2023-04-27T15:56:19.5666375Z Receiving objects:  57% (651/1142)
2023-04-27T15:56:19.5667028Z Receiving objects:  58% (663/1142)
2023-04-27T15:56:19.5668046Z Receiving objects:  59% (674/1142)
2023-04-27T15:56:19.5668684Z Receiving objects:  60% (686/1142)
2023-04-27T15:56:19.5670937Z Receiving objects:  61% (697/1142)
2023-04-27T15:56:19.5673716Z Receiving objects:  62% (709/1142)
2023-04-27T15:56:19.5676308Z Receiving objects:  63% (720/1142)
2023-04-27T15:56:19.5676991Z Receiving objects:  64% (731/1142)
2023-04-27T15:56:19.5679425Z Receiving objects:  65% (743/1142)
2023-04-27T15:56:19.5680089Z Receiving objects:  66% (754/1142)
2023-04-27T15:56:19.5682238Z Receiving objects:  67% (766/1142)
2023-04-27T15:56:19.5682959Z Receiving objects:  68% (777/1142)
2023-04-27T15:56:19.5683748Z Receiving objects:  69% (788/1142)
2023-04-27T15:56:19.5685775Z Receiving objects:  70% (800/1142)
2023-04-27T15:56:19.5690218Z Receiving objects:  71% (811/1142)
2023-04-27T15:56:19.5690908Z Receiving objects:  72% (823/1142)
2023-04-27T15:56:19.5693853Z Receiving objects:  73% (834/1142)
2023-04-27T15:56:19.5694479Z Receiving objects:  74% (846/1142)
2023-04-27T15:56:19.5695351Z Receiving objects:  75% (857/1142)
2023-04-27T15:56:19.5695899Z Receiving objects:  76% (868/1142)
2023-04-27T15:56:19.5698129Z Receiving objects:  77% (880/1142)
2023-04-27T15:56:19.5698737Z Receiving objects:  78% (891/1142)
2023-04-27T15:56:19.5699535Z Receiving objects:  79% (903/1142)
2023-04-27T15:56:19.5700075Z Receiving objects:  80% (914/1142)
2023-04-27T15:56:19.5701935Z Receiving objects:  81% (926/1142)
2023-04-27T15:56:19.5702534Z Receiving objects:  82% (937/1142)
2023-04-27T15:56:19.5706683Z Receiving objects:  83% (948/1142)
2023-04-27T15:56:19.5707274Z Receiving objects:  84% (960/1142)
2023-04-27T15:56:19.5709091Z Receiving objects:  85% (971/1142)
2023-04-27T15:56:19.5709688Z Receiving objects:  86% (983/1142)
2023-04-27T15:56:19.5710462Z Receiving objects:  87% (994/1142)
2023-04-27T15:56:19.5710989Z Receiving objects:  88% (1005/1142)
2023-04-27T15:56:19.5711755Z Receiving objects:  89% (1017/1142)
2023-04-27T15:56:19.5712292Z Receiving objects:  90% (1028/1142)
2023-04-27T15:56:19.5713027Z Receiving objects:  91% (1040/1142)
2023-04-27T15:56:19.5713554Z Receiving objects:  92% (1051/1142)
2023-04-27T15:56:19.5769402Z Receiving objects:  93% (1063/1142)
2023-04-27T15:56:19.5770473Z remote: Total 1142 (delta 150), reused 186 (delta 108), pack-reused 778        
2023-04-27T15:56:19.5778653Z Receiving objects:  94% (1074/1142)
2023-04-27T15:56:19.5787124Z Receiving objects:  95% (1085/1142)
2023-04-27T15:56:19.5792414Z Receiving objects:  96% (1097/1142)
2023-04-27T15:56:19.5797660Z Receiving objects:  97% (1108/1142)
2023-04-27T15:56:19.5798261Z Receiving objects:  98% (1120/1142)
2023-04-27T15:56:19.5803465Z Receiving objects:  99% (1131/1142)
2023-04-27T15:56:19.5804268Z Receiving objects: 100% (1142/1142)
2023-04-27T15:56:19.5805166Z Receiving objects: 100% (1142/1142), 293.63 KiB | 4.32 MiB/s, done.
2023-04-27T15:56:19.5810547Z Resolving deltas:   0% (0/619)
2023-04-27T15:56:19.5813429Z Resolving deltas:   1% (7/619)
2023-04-27T15:56:19.5814039Z Resolving deltas:   2% (13/619)
2023-04-27T15:56:19.5814823Z Resolving deltas:   3% (19/619)
2023-04-27T15:56:19.5815364Z Resolving deltas:   4% (25/619)
2023-04-27T15:56:19.5816428Z Resolving deltas:   5% (31/619)
2023-04-27T15:56:19.5816982Z Resolving deltas:   6% (38/619)
2023-04-27T15:56:19.5817760Z Resolving deltas:   7% (44/619)
2023-04-27T15:56:19.5820585Z Resolving deltas:   8% (50/619)
2023-04-27T15:56:19.5821181Z Resolving deltas:   9% (56/619)
2023-04-27T15:56:19.5822049Z Resolving deltas:  10% (62/619)
2023-04-27T15:56:19.5822601Z Resolving deltas:  11% (69/619)
2023-04-27T15:56:19.5824078Z Resolving deltas:  12% (75/619)
2023-04-27T15:56:19.5824682Z Resolving deltas:  13% (81/619)
2023-04-27T15:56:19.5825449Z Resolving deltas:  14% (87/619)
2023-04-27T15:56:19.5826023Z Resolving deltas:  15% (93/619)
2023-04-27T15:56:19.5826886Z Resolving deltas:  16% (100/619)
2023-04-27T15:56:19.5827379Z Resolving deltas:  17% (106/619)
2023-04-27T15:56:19.5828090Z Resolving deltas:  18% (112/619)
2023-04-27T15:56:19.5828586Z Resolving deltas:  19% (118/619)
2023-04-27T15:56:19.5829285Z Resolving deltas:  20% (124/619)
2023-04-27T15:56:19.5829768Z Resolving deltas:  21% (130/619)
2023-04-27T15:56:19.5831725Z Resolving deltas:  22% (137/619)
2023-04-27T15:56:19.5832281Z Resolving deltas:  23% (143/619)
2023-04-27T15:56:19.5832996Z Resolving deltas:  24% (149/619)
2023-04-27T15:56:19.5833511Z Resolving deltas:  25% (155/619)
2023-04-27T15:56:19.5834210Z Resolving deltas:  26% (161/619)
2023-04-27T15:56:19.5834705Z Resolving deltas:  27% (168/619)
2023-04-27T15:56:19.5836946Z Resolving deltas:  28% (174/619)
2023-04-27T15:56:19.5839942Z Resolving deltas:  29% (180/619)
2023-04-27T15:56:19.5843084Z Resolving deltas:  30% (186/619)
2023-04-27T15:56:19.5844657Z Resolving deltas:  31% (192/619)
2023-04-27T15:56:19.5845530Z Resolving deltas:  32% (199/619)
2023-04-27T15:56:19.5847252Z Resolving deltas:  33% (205/619)
2023-04-27T15:56:19.5848243Z Resolving deltas:  34% (211/619)
2023-04-27T15:56:19.5849796Z Resolving deltas:  35% (217/619)
2023-04-27T15:56:19.5851717Z Resolving deltas:  36% (223/619)
2023-04-27T15:56:19.5854040Z Resolving deltas:  37% (230/619)
2023-04-27T15:56:19.5857189Z Resolving deltas:  38% (236/619)
2023-04-27T15:56:19.5859275Z Resolving deltas:  39% (242/619)
2023-04-27T15:56:19.5862477Z Resolving deltas:  40% (248/619)
2023-04-27T15:56:19.5863997Z Resolving deltas:  41% (254/619)
2023-04-27T15:56:19.5867116Z Resolving deltas:  42% (260/619)
2023-04-27T15:56:19.5871457Z Resolving deltas:  43% (267/619)
2023-04-27T15:56:19.5873034Z Resolving deltas:  44% (273/619)
2023-04-27T15:56:19.5881005Z Resolving deltas:  45% (279/619)
2023-04-27T15:56:19.5886302Z Resolving deltas:  46% (285/619)
2023-04-27T15:56:19.5893355Z Resolving deltas:  47% (291/619)
2023-04-27T15:56:19.5898422Z Resolving deltas:  48% (298/619)
2023-04-27T15:56:19.5902660Z Resolving deltas:  49% (304/619)
2023-04-27T15:56:19.5908878Z Resolving deltas:  50% (310/619)
2023-04-27T15:56:19.5912834Z Resolving deltas:  51% (316/619)
2023-04-27T15:56:19.5916800Z Resolving deltas:  52% (322/619)
2023-04-27T15:56:19.5919935Z Resolving deltas:  53% (329/619)
2023-04-27T15:56:19.5928450Z Resolving deltas:  54% (335/619)
2023-04-27T15:56:19.5935696Z Resolving deltas:  55% (341/619)
2023-04-27T15:56:19.5941273Z Resolving deltas:  56% (347/619)
2023-04-27T15:56:19.5947138Z Resolving deltas:  57% (353/619)
2023-04-27T15:56:19.5950564Z Resolving deltas:  58% (360/619)
2023-04-27T15:56:19.5959087Z Resolving deltas:  59% (366/619)
2023-04-27T15:56:19.5964013Z Resolving deltas:  60% (372/619)
2023-04-27T15:56:19.5972612Z Resolving deltas:  61% (378/619)
2023-04-27T15:56:19.5975284Z Resolving deltas:  62% (384/619)
2023-04-27T15:56:19.6009948Z Resolving deltas:  63% (390/619)
2023-04-27T15:56:19.6010619Z Resolving deltas:  64% (397/619)
2023-04-27T15:56:19.6011440Z Resolving deltas:  65% (403/619)
2023-04-27T15:56:19.6012571Z Resolving deltas:  66% (409/619)
2023-04-27T15:56:19.6013392Z Resolving deltas:  67% (415/619)
2023-04-27T15:56:19.6013935Z Resolving deltas:  68% (421/619)
2023-04-27T15:56:19.6014710Z Resolving deltas:  69% (428/619)
2023-04-27T15:56:19.6015242Z Resolving deltas:  70% (434/619)
2023-04-27T15:56:19.6015987Z Resolving deltas:  71% (440/619)
2023-04-27T15:56:19.6016506Z Resolving deltas:  72% (446/619)
2023-04-27T15:56:19.6017272Z Resolving deltas:  73% (452/619)
2023-04-27T15:56:19.6022958Z Resolving deltas:  74% (459/619)
2023-04-27T15:56:19.6026861Z Resolving deltas:  75% (465/619)
2023-04-27T15:56:19.6028413Z Resolving deltas:  76% (471/619)
2023-04-27T15:56:19.6030552Z Resolving deltas:  77% (477/619)
2023-04-27T15:56:19.6031880Z Resolving deltas:  78% (483/619)
2023-04-27T15:56:19.6033330Z Resolving deltas:  79% (490/619)
2023-04-27T15:56:19.6034606Z Resolving deltas:  80% (496/619)
2023-04-27T15:56:19.6035986Z Resolving deltas:  81% (502/619)
2023-04-27T15:56:19.6044273Z Resolving deltas:  82% (508/619)
2023-04-27T15:56:19.6048574Z Resolving deltas:  83% (514/619)
2023-04-27T15:56:19.6052966Z Resolving deltas:  84% (520/619)
2023-04-27T15:56:19.6055778Z Resolving deltas:  85% (527/619)
2023-04-27T15:56:19.6059307Z Resolving deltas:  86% (533/619)
2023-04-27T15:56:19.6061848Z Resolving deltas:  87% (539/619)
2023-04-27T15:56:19.6062469Z Resolving deltas:  88% (545/619)
2023-04-27T15:56:19.6066226Z Resolving deltas:  89% (551/619)
2023-04-27T15:56:19.6067540Z Resolving deltas:  90% (558/619)
2023-04-27T15:56:19.6068798Z Resolving deltas:  91% (564/619)
2023-04-27T15:56:19.6069981Z Resolving deltas:  92% (570/619)
2023-04-27T15:56:19.6072981Z Resolving deltas:  93% (576/619)
2023-04-27T15:56:19.6078610Z Resolving deltas:  94% (582/619)
2023-04-27T15:56:19.6085494Z Resolving deltas:  95% (589/619)
2023-04-27T15:56:19.6089806Z Resolving deltas:  96% (595/619)
2023-04-27T15:56:19.6094378Z Resolving deltas:  97% (601/619)
2023-04-27T15:56:19.6098030Z Resolving deltas:  98% (607/619)
2023-04-27T15:56:19.6111366Z Resolving deltas:  99% (613/619)
2023-04-27T15:56:19.6111998Z Resolving deltas: 100% (619/619)
2023-04-27T15:56:19.6112786Z Resolving deltas: 100% (619/619), done.
2023-04-27T15:56:19.6232242Z From https://github.com/con/tinuous
2023-04-27T15:56:19.6233204Z  * [new branch]      cleanup                                  -> origin/cleanup
2023-04-27T15:56:19.6235467Z  * [new branch]      gh-124                                   -> origin/gh-124
2023-04-27T15:56:19.6236274Z  * [new branch]      gh-55                                    -> origin/gh-55
2023-04-27T15:56:19.6239101Z  * [new branch]      master                                   -> origin/master
2023-04-27T15:56:19.6239946Z  * [new branch]      no-extra-search                          -> origin/no-extra-search
2023-04-27T15:56:19.6242713Z  * [new branch]      test-appveyor                            -> origin/test-appveyor
2023-04-27T15:56:19.6243490Z  * [new tag]         0.1.0                                    -> 0.1.0
2023-04-27T15:56:19.6247091Z  * [new tag]         0.2.0                                    -> 0.2.0
2023-04-27T15:56:19.6248181Z  * [new tag]         0.3.0                                    -> 0.3.0
2023-04-27T15:56:19.6251773Z  * [new tag]         0.4.0                                    -> 0.4.0
2023-04-27T15:56:19.6252645Z  * [new tag]         0.5.0                                    -> 0.5.0
2023-04-27T15:56:19.6254834Z  * [new tag]         0.5.1                                    -> 0.5.1
2023-04-27T15:56:19.6255596Z  * [new tag]         0.5.2                                    -> 0.5.2
2023-04-27T15:56:19.6259041Z  * [new tag]         0.5.3                                    -> 0.5.3
2023-04-27T15:56:19.6259857Z  * [new tag]         0.5.4                                    -> 0.5.4
2023-04-27T15:56:19.6260891Z  * [new tag]         0.6.0                                    -> 0.6.0
2023-04-27T15:56:19.6261550Z  * [new tag]         0.6.1                                    -> 0.6.1
2023-04-27T15:56:19.6262509Z  * [new ref]         3e36a1b9ab1518b17bf96a05e792bab1d743e48f -> pull/165/merge
2023-04-27T15:56:19.6291080Z ##[endgroup]
2023-04-27T15:56:19.6291926Z ##[group]Determining the checkout info
2023-04-27T15:56:19.6292923Z ##[endgroup]
2023-04-27T15:56:19.6293630Z ##[group]Checking out the ref
2023-04-27T15:56:19.6298532Z [command]/usr/bin/git checkout --progress --force refs/remotes/pull/165/merge
2023-04-27T15:56:19.6360959Z Note: switching to 'refs/remotes/pull/165/merge'.
2023-04-27T15:56:19.6361333Z 
2023-04-27T15:56:19.6361823Z You are in 'detached HEAD' state. You can look around, make experimental
2023-04-27T15:56:19.6362376Z changes and commit them, and you can discard any commits you make in this
2023-04-27T15:56:19.6362773Z state without impacting any branches by switching back to a branch.
2023-04-27T15:56:19.6363126Z 
2023-04-27T15:56:19.6363512Z If you want to create a new branch to retain commits you create, you may
2023-04-27T15:56:19.6363970Z do so (now or later) by using -c with the switch command. Example:
2023-04-27T15:56:19.6364285Z 
2023-04-27T15:56:19.6364595Z   git switch -c <new-branch-name>
2023-04-27T15:56:19.6364770Z 
2023-04-27T15:56:19.6365017Z Or undo this operation with:
2023-04-27T15:56:19.6365490Z 
2023-04-27T15:56:19.6365668Z   git switch -
2023-04-27T15:56:19.6365811Z 
2023-04-27T15:56:19.6366217Z Turn off this advice by setting config variable advice.detachedHead to false
2023-04-27T15:56:19.6366471Z 
2023-04-27T15:56:19.6366860Z HEAD is now at 3e36a1b Merge f77c786957fbb48846344da0a4e8f2751bc215df into 3deb066da94165e75d6893a090a8788a5a81a925
2023-04-27T15:56:19.6374095Z ##[endgroup]
2023-04-27T15:56:19.6415278Z [command]/usr/bin/git log -1 --format='%H'
2023-04-27T15:56:19.6450066Z '3e36a1b9ab1518b17bf96a05e792bab1d743e48f'
2023-04-27T15:56:19.6813806Z ##[group]Run actions/setup-python@v4
2023-04-27T15:56:19.6814200Z with:
2023-04-27T15:56:19.6814423Z   python-version: 3.8
2023-04-27T15:56:19.6814665Z   check-latest: false
2023-04-27T15:56:19.6815057Z   token: ***
2023-04-27T15:56:19.6815299Z   update-environment: true
2023-04-27T15:56:19.6815560Z   allow-prereleases: false
2023-04-27T15:56:19.6815785Z ##[endgroup]
2023-04-27T15:56:19.8716886Z ##[group]Installed versions
2023-04-27T15:56:19.8851481Z Successfully set up CPython (3.8.16)
2023-04-27T15:56:19.8852823Z ##[endgroup]
2023-04-27T15:56:19.8995866Z ##[group]Run python -m pip install --upgrade pip wheel
2023-04-27T15:56:19.8996324Z [36;1mpython -m pip install --upgrade pip wheel[0m
2023-04-27T15:56:19.8996690Z [36;1mpython -m pip install --upgrade --upgrade-strategy=eager tox[0m
2023-04-27T15:56:19.9060840Z shell: /usr/bin/bash -e {0}
2023-04-27T15:56:19.9061104Z env:
2023-04-27T15:56:19.9061397Z   pythonLocation: /opt/hostedtoolcache/Python/3.8.16/x64
2023-04-27T15:56:19.9061753Z   PKG_CONFIG_PATH: /opt/hostedtoolcache/Python/3.8.16/x64/lib/pkgconfig
2023-04-27T15:56:19.9062111Z   Python_ROOT_DIR: /opt/hostedtoolcache/Python/3.8.16/x64
2023-04-27T15:56:19.9062452Z   Python2_ROOT_DIR: /opt/hostedtoolcache/Python/3.8.16/x64
2023-04-27T15:56:19.9062773Z   Python3_ROOT_DIR: /opt/hostedtoolcache/Python/3.8.16/x64
2023-04-27T15:56:19.9063110Z   LD_LIBRARY_PATH: /opt/hostedtoolcache/Python/3.8.16/x64/lib
2023-04-27T15:56:19.9063390Z ##[endgroup]
2023-04-27T15:56:23.8510189Z Requirement already satisfied: pip in /opt/hostedtoolcache/Python/3.8.16/x64/lib/python3.8/site-packages (22.0.4)
2023-04-27T15:56:24.0872944Z Collecting pip
2023-04-27T15:56:24.1823644Z   Downloading pip-23.1.2-py3-none-any.whl (2.1 MB)
2023-04-27T15:56:24.2770554Z      ‚îÅ‚îÅ‚îÅ‚îÅ‚îÅ‚îÅ‚îÅ‚îÅ‚îÅ‚îÅ‚îÅ‚îÅ‚îÅ‚îÅ‚îÅ‚îÅ‚îÅ‚îÅ‚îÅ‚îÅ‚îÅ‚îÅ‚îÅ‚îÅ‚îÅ‚îÅ‚îÅ‚îÅ‚îÅ‚îÅ‚îÅ‚îÅ‚îÅ‚îÅ‚îÅ‚îÅ‚îÅ‚îÅ‚îÅ‚îÅ 2.1/2.1 MB 22.7 MB/s eta 0:00:00
2023-04-27T15:56:24.3421609Z Collecting wheel
2023-04-27T15:56:24.3472801Z   Downloading wheel-0.40.0-py3-none-any.whl (64 kB)
2023-04-27T15:56:24.3535695Z      ‚îÅ‚îÅ‚îÅ‚îÅ‚îÅ‚îÅ‚îÅ‚îÅ‚îÅ‚îÅ‚îÅ‚îÅ‚îÅ‚îÅ‚îÅ‚îÅ‚îÅ‚îÅ‚îÅ‚îÅ‚îÅ‚îÅ‚îÅ‚îÅ‚îÅ‚îÅ‚îÅ‚îÅ‚îÅ‚îÅ‚îÅ‚îÅ‚îÅ‚îÅ‚îÅ‚îÅ‚îÅ‚îÅ‚îÅ‚îÅ 64.5/64.5 kB 16.8 MB/s eta 0:00:00
2023-04-27T15:56:24.4047669Z Installing collected packages: wheel, pip
2023-04-27T15:56:24.4630934Z   Attempting uninstall: pip
2023-04-27T15:56:24.4641176Z     Found existing installation: pip 22.0.4
2023-04-27T15:56:24.5488354Z     Uninstalling pip-22.0.4:
2023-04-27T15:56:24.6377277Z       Successfully uninstalled pip-22.0.4
2023-04-27T15:56:25.9066726Z Successfully installed pip-23.1.2 wheel-0.40.0
2023-04-27T15:56:27.9450981Z Collecting tox
2023-04-27T15:56:28.0337478Z   Downloading tox-4.5.1-py3-none-any.whl (148 kB)
2023-04-27T15:56:28.0827545Z      ‚îÅ‚îÅ‚îÅ‚îÅ‚îÅ‚îÅ‚îÅ‚îÅ‚îÅ‚îÅ‚îÅ‚îÅ‚îÅ‚îÅ‚îÅ‚îÅ‚îÅ‚îÅ‚îÅ‚îÅ‚îÅ‚îÅ‚îÅ‚îÅ‚îÅ‚îÅ‚îÅ‚îÅ‚îÅ‚îÅ‚îÅ‚îÅ‚îÅ‚îÅ‚îÅ‚îÅ‚îÅ‚îÅ‚îÅ 149.0/149.0 kB 3.1 MB/s eta 0:00:00
2023-04-27T15:56:28.1648044Z Collecting cachetools>=5.3 (from tox)
2023-04-27T15:56:28.1701061Z   Downloading cachetools-5.3.0-py3-none-any.whl (9.3 kB)
2023-04-27T15:56:28.1968681Z Collecting chardet>=5.1 (from tox)
2023-04-27T15:56:28.2018599Z   Downloading chardet-5.1.0-py3-none-any.whl (199 kB)
2023-04-27T15:56:28.2157404Z      ‚îÅ‚îÅ‚îÅ‚îÅ‚îÅ‚îÅ‚îÅ‚îÅ‚îÅ‚îÅ‚îÅ‚îÅ‚îÅ‚îÅ‚îÅ‚îÅ‚îÅ‚îÅ‚îÅ‚îÅ‚îÅ‚îÅ‚îÅ‚îÅ‚îÅ‚îÅ‚îÅ‚îÅ‚îÅ‚îÅ‚îÅ‚îÅ‚îÅ‚îÅ‚îÅ‚îÅ‚îÅ‚îÅ 199.1/199.1 kB 18.4 MB/s eta 0:00:00
2023-04-27T15:56:28.2538118Z Collecting colorama>=0.4.6 (from tox)
2023-04-27T15:56:28.2595001Z   Downloading colorama-0.4.6-py2.py3-none-any.whl (25 kB)
2023-04-27T15:56:28.3018769Z Collecting filelock>=3.11 (from tox)
2023-04-27T15:56:28.3065596Z   Downloading filelock-3.12.0-py3-none-any.whl (10 kB)
2023-04-27T15:56:28.3502445Z Collecting packaging>=23.1 (from tox)
2023-04-27T15:56:28.3549027Z   Downloading packaging-23.1-py3-none-any.whl (48 kB)
2023-04-27T15:56:28.3612468Z      ‚îÅ‚îÅ‚îÅ‚îÅ‚îÅ‚îÅ‚îÅ‚îÅ‚îÅ‚îÅ‚îÅ‚îÅ‚îÅ‚îÅ‚îÅ‚îÅ‚îÅ‚îÅ‚îÅ‚îÅ‚îÅ‚îÅ‚îÅ‚îÅ‚îÅ‚îÅ‚îÅ‚îÅ‚îÅ‚îÅ‚îÅ‚îÅ‚îÅ‚îÅ‚îÅ‚îÅ‚îÅ‚îÅ‚îÅ‚îÅ 48.9/48.9 kB 11.2 MB/s eta 0:00:00
2023-04-27T15:56:28.3936060Z Collecting platformdirs>=3.2 (from tox)
2023-04-27T15:56:28.3984498Z   Downloading platformdirs-3.4.0-py3-none-any.whl (15 kB)
2023-04-27T15:56:28.4292868Z Collecting pluggy>=1 (from tox)
2023-04-27T15:56:28.4341066Z   Downloading pluggy-1.0.0-py2.py3-none-any.whl (13 kB)
2023-04-27T15:56:28.4593613Z Collecting pyproject-api>=1.5.1 (from tox)
2023-04-27T15:56:28.4640077Z   Downloading pyproject_api-1.5.1-py3-none-any.whl (12 kB)
2023-04-27T15:56:28.4952003Z Collecting tomli>=2.0.1 (from tox)
2023-04-27T15:56:28.5001935Z   Downloading tomli-2.0.1-py3-none-any.whl (12 kB)
2023-04-27T15:56:28.6460117Z Collecting virtualenv>=20.21 (from tox)
2023-04-27T15:56:28.6514108Z   Downloading virtualenv-20.22.0-py3-none-any.whl (3.2 MB)
2023-04-27T15:56:28.7009698Z      ‚îÅ‚îÅ‚îÅ‚îÅ‚îÅ‚îÅ‚îÅ‚îÅ‚îÅ‚îÅ‚îÅ‚îÅ‚îÅ‚îÅ‚îÅ‚îÅ‚îÅ‚îÅ‚îÅ‚îÅ‚îÅ‚îÅ‚îÅ‚îÅ‚îÅ‚îÅ‚îÅ‚îÅ‚îÅ‚îÅ‚îÅ‚îÅ‚îÅ‚îÅ‚îÅ‚îÅ‚îÅ‚îÅ‚îÅ‚îÅ 3.2/3.2 MB 70.8 MB/s eta 0:00:00
2023-04-27T15:56:28.8339247Z Collecting distlib<1,>=0.3.6 (from virtualenv>=20.21->tox)
2023-04-27T15:56:28.8402061Z   Downloading distlib-0.3.6-py2.py3-none-any.whl (468 kB)
2023-04-27T15:56:28.8515246Z      ‚îÅ‚îÅ‚îÅ‚îÅ‚îÅ‚îÅ‚îÅ‚îÅ‚îÅ‚îÅ‚îÅ‚îÅ‚îÅ‚îÅ‚îÅ‚îÅ‚îÅ‚îÅ‚îÅ‚îÅ‚îÅ‚îÅ‚îÅ‚îÅ‚îÅ‚îÅ‚îÅ‚îÅ‚îÅ‚îÅ‚îÅ‚îÅ‚îÅ‚îÅ‚îÅ‚îÅ‚îÅ‚îÅ 468.5/468.5 kB 58.0 MB/s eta 0:00:00
2023-04-27T15:56:29.0219233Z Installing collected packages: distlib, tomli, pluggy, platformdirs, packaging, filelock, colorama, chardet, cachetools, virtualenv, pyproject-api, tox
2023-04-27T15:56:29.7838944Z Successfully installed cachetools-5.3.0 chardet-5.1.0 colorama-0.4.6 distlib-0.3.6 filelock-3.12.0 packaging-23.1 platformdirs-3.4.0 pluggy-1.0.0 pyproject-api-1.5.1 tomli-2.0.1 tox-4.5.1 virtualenv-20.22.0
2023-04-27T15:56:30.4094169Z ##[group]Run tox -e lint
2023-04-27T15:56:30.4094479Z [36;1mtox -e lint[0m
2023-04-27T15:56:30.4157974Z shell: /usr/bin/bash -e {0}
2023-04-27T15:56:30.4158209Z env:
2023-04-27T15:56:30.4158632Z   pythonLocation: /opt/hostedtoolcache/Python/3.8.16/x64
2023-04-27T15:56:30.4159002Z   PKG_CONFIG_PATH: /opt/hostedtoolcache/Python/3.8.16/x64/lib/pkgconfig
2023-04-27T15:56:30.4159347Z   Python_ROOT_DIR: /opt/hostedtoolcache/Python/3.8.16/x64
2023-04-27T15:56:30.4159687Z   Python2_ROOT_DIR: /opt/hostedtoolcache/Python/3.8.16/x64
2023-04-27T15:56:30.4160021Z   Python3_ROOT_DIR: /opt/hostedtoolcache/Python/3.8.16/x64
2023-04-27T15:56:30.4160585Z   LD_LIBRARY_PATH: /opt/hostedtoolcache/Python/3.8.16/x64/lib
2023-04-27T15:56:30.4160863Z ##[endgroup]
2023-04-27T15:56:31.2974499Z lint: install_deps> python -I -m pip install flake8 flake8-bugbear flake8-builtins flake8-unused-arguments
2023-04-27T15:56:34.1121199Z lint: freeze> python -m pip freeze --all
2023-04-27T15:56:34.5543441Z lint: attrs==23.1.0,flake8==6.0.0,flake8-bugbear==23.3.23,flake8-builtins==2.1.0,flake8-unused-arguments==0.0.13,mccabe==0.7.0,pip==23.1,pycodestyle==2.10.0,pyflakes==3.0.1,setuptools==67.6.1,wheel==0.40.0
2023-04-27T15:56:34.5551922Z lint: commands[0]> flake8 --config=tox.ini src test
2023-04-27T15:56:35.7429276Z   lint: OK (4.84=setup[3.66]+cmd[1.19] seconds)
2023-04-27T15:56:35.7430060Z   congratulations :) (5.10 seconds)
2023-04-27T15:56:35.7843792Z Post job cleanup.
2023-04-27T15:56:35.9711362Z Post job cleanup.
2023-04-27T15:56:36.0965511Z [command]/usr/bin/git version
2023-04-27T15:56:36.1023356Z git version 2.40.1
2023-04-27T15:56:36.1096384Z Temporarily overriding HOME='/home/runner/work/_temp/cbf6a650-0ad7-4200-99c2-d3130d29da41' before making global git config changes
2023-04-27T15:56:36.1101123Z Adding repository directory to the temporary git global config as a safe directory
2023-04-27T15:56:36.1110491Z [command]/usr/bin/git config --global --add safe.directory /home/runner/work/tinuous/tinuous
2023-04-27T15:56:36.1163840Z [command]/usr/bin/git config --local --name-only --get-regexp core\.sshCommand
2023-04-27T15:56:36.1211475Z [command]/usr/bin/git submodule foreach --recursive sh -c "git config --local --name-only --get-regexp 'core\.sshCommand' && git config --local --unset-all 'core.sshCommand' || :"
2023-04-27T15:56:36.1488062Z [command]/usr/bin/git config --local --name-only --get-regexp http\.https\:\/\/github\.com\/\.extraheader
2023-04-27T15:56:36.1509429Z http.https://github.com/.extraheader
2023-04-27T15:56:36.1528810Z [command]/usr/bin/git config --local --unset-all http.https://github.com/.extraheader
2023-04-27T15:56:36.1571260Z [command]/usr/bin/git submodule foreach --recursive sh -c "git config --local --name-only --get-regexp 'http\.https\:\/\/github\.com\/\.extraheader' && git config --local --unset-all 'http.https://github.com/.extraheader' || :"
2023-04-27T15:56:36.2074600Z Cleaning up orphan processes
