2025-11-24T16:50:51.5960031Z Current runner version: '2.329.0'
2025-11-24T16:50:51.5984259Z ##[group]Runner Image Provisioner
2025-11-24T16:50:51.5985403Z Hosted Compute Agent
2025-11-24T16:50:51.5986207Z Version: 20251016.436
2025-11-24T16:50:51.5987236Z Commit: 8ab8ac8bfd662a3739dab9fe09456aba92132568
2025-11-24T16:50:51.5988200Z Build Date: 2025-10-15T20:44:12Z
2025-11-24T16:50:51.5988787Z ##[endgroup]
2025-11-24T16:50:51.5989396Z ##[group]Operating System
2025-11-24T16:50:51.5990281Z Ubuntu
2025-11-24T16:50:51.5990741Z 24.04.3
2025-11-24T16:50:51.5991243Z LTS
2025-11-24T16:50:51.5991700Z ##[endgroup]
2025-11-24T16:50:51.5992162Z ##[group]Runner Image
2025-11-24T16:50:51.5992782Z Image: ubuntu-24.04
2025-11-24T16:50:51.5993296Z Version: 20251112.124.1
2025-11-24T16:50:51.5994334Z Included Software: https://github.com/actions/runner-images/blob/ubuntu24/20251112.124/images/ubuntu/Ubuntu2404-Readme.md
2025-11-24T16:50:51.5995956Z Image Release: https://github.com/actions/runner-images/releases/tag/ubuntu24%2F20251112.124
2025-11-24T16:50:51.5996915Z ##[endgroup]
2025-11-24T16:50:51.5999634Z ##[group]GITHUB_TOKEN Permissions
2025-11-24T16:50:51.6001575Z Actions: read
2025-11-24T16:50:51.6002228Z ArtifactMetadata: read
2025-11-24T16:50:51.6002789Z Attestations: read
2025-11-24T16:50:51.6003300Z Checks: read
2025-11-24T16:50:51.6003883Z Contents: read
2025-11-24T16:50:51.6004344Z Deployments: read
2025-11-24T16:50:51.6004859Z Discussions: read
2025-11-24T16:50:51.6005400Z Issues: read
2025-11-24T16:50:51.6005851Z Metadata: read
2025-11-24T16:50:51.6006370Z Models: read
2025-11-24T16:50:51.6006936Z Packages: read
2025-11-24T16:50:51.6007403Z Pages: read
2025-11-24T16:50:51.6007891Z PullRequests: read
2025-11-24T16:50:51.6008433Z RepositoryProjects: read
2025-11-24T16:50:51.6009101Z SecurityEvents: read
2025-11-24T16:50:51.6009831Z Statuses: read
2025-11-24T16:50:51.6010336Z ##[endgroup]
2025-11-24T16:50:51.6013008Z Secret source: Dependabot
2025-11-24T16:50:51.6013950Z Prepare workflow directory
2025-11-24T16:50:51.6333516Z Prepare all required actions
2025-11-24T16:50:51.6377299Z Getting action download info
2025-11-24T16:50:51.9291073Z Download action repository 'actions/checkout@v6' (SHA:1af3b93b6815bc44a9784bd300feb67ff0d1eeb3)
2025-11-24T16:50:52.2409287Z Download action repository 'actions/setup-python@v5' (SHA:a26af69be951a213d495a4c3e4e4022e16d87065)
2025-11-24T16:50:52.3587588Z Download action repository 'codecov/codecov-action@v5' (SHA:5a1091511ad55cbe89839c7260b706298ca349f7)
2025-11-24T16:50:52.6731950Z Getting action download info
2025-11-24T16:50:52.7923848Z Download action repository 'actions/github-script@60a0d83039c74a4aee543508d2ffcb1c3799cdea' (SHA:60a0d83039c74a4aee543508d2ffcb1c3799cdea)
2025-11-24T16:50:53.0858966Z Complete job name: test (pypy-3.10, py)
2025-11-24T16:50:53.1665441Z ##[group]Run actions/checkout@v6
2025-11-24T16:50:53.1666727Z with:
2025-11-24T16:50:53.1667451Z   fetch-depth: 0
2025-11-24T16:50:53.1668261Z   repository: con/tinuous
2025-11-24T16:50:53.1669354Z   token: ***
2025-11-24T16:50:53.1670355Z   ssh-strict: true
2025-11-24T16:50:53.1671150Z   ssh-user: git
2025-11-24T16:50:53.1671940Z   persist-credentials: true
2025-11-24T16:50:53.1672814Z   clean: true
2025-11-24T16:50:53.1673616Z   sparse-checkout-cone-mode: true
2025-11-24T16:50:53.1674580Z   fetch-tags: false
2025-11-24T16:50:53.1675377Z   show-progress: true
2025-11-24T16:50:53.1676172Z   lfs: false
2025-11-24T16:50:53.1676902Z   submodules: false
2025-11-24T16:50:53.1677719Z   set-safe-directory: true
2025-11-24T16:50:53.1678848Z ##[endgroup]
2025-11-24T16:50:53.2603346Z Syncing repository: con/tinuous
2025-11-24T16:50:53.2606248Z ##[group]Getting Git version info
2025-11-24T16:50:53.2607653Z Working directory is '/home/runner/work/tinuous/tinuous'
2025-11-24T16:50:53.2610039Z [command]/usr/bin/git version
2025-11-24T16:50:53.2681050Z git version 2.51.2
2025-11-24T16:50:53.2702222Z ##[endgroup]
2025-11-24T16:50:53.2715922Z Temporarily overriding HOME='/home/runner/work/_temp/4cad3634-7cdd-41dd-abea-f4f5ae15e676' before making global git config changes
2025-11-24T16:50:53.2719623Z Adding repository directory to the temporary git global config as a safe directory
2025-11-24T16:50:53.2722557Z [command]/usr/bin/git config --global --add safe.directory /home/runner/work/tinuous/tinuous
2025-11-24T16:50:53.2756364Z Deleting the contents of '/home/runner/work/tinuous/tinuous'
2025-11-24T16:50:53.2759850Z ##[group]Initializing the repository
2025-11-24T16:50:53.2763666Z [command]/usr/bin/git init /home/runner/work/tinuous/tinuous
2025-11-24T16:50:53.2893337Z hint: Using 'master' as the name for the initial branch. This default branch name
2025-11-24T16:50:53.2895250Z hint: is subject to change. To configure the initial branch name to use in all
2025-11-24T16:50:53.2897006Z hint: of your new repositories, which will suppress this warning, call:
2025-11-24T16:50:53.2898755Z hint:
2025-11-24T16:50:53.2900067Z hint: 	git config --global init.defaultBranch <name>
2025-11-24T16:50:53.2902074Z hint:
2025-11-24T16:50:53.2904000Z hint: Names commonly chosen instead of 'master' are 'main', 'trunk' and
2025-11-24T16:50:53.2907160Z hint: 'development'. The just-created branch can be renamed via this command:
2025-11-24T16:50:53.2909822Z hint:
2025-11-24T16:50:53.2911200Z hint: 	git branch -m <name>
2025-11-24T16:50:53.2912760Z hint:
2025-11-24T16:50:53.2914725Z hint: Disable this message with "git config set advice.defaultBranchName false"
2025-11-24T16:50:53.2917929Z Initialized empty Git repository in /home/runner/work/tinuous/tinuous/.git/
2025-11-24T16:50:53.2921348Z [command]/usr/bin/git remote add origin https://github.com/con/tinuous
2025-11-24T16:50:53.2949373Z ##[endgroup]
2025-11-24T16:50:53.2952038Z ##[group]Disabling automatic garbage collection
2025-11-24T16:50:53.2954206Z [command]/usr/bin/git config --local gc.auto 0
2025-11-24T16:50:53.2982586Z ##[endgroup]
2025-11-24T16:50:53.2984830Z ##[group]Setting up auth
2025-11-24T16:50:53.2986457Z Removing SSH command configuration
2025-11-24T16:50:53.2989856Z [command]/usr/bin/git config --local --name-only --get-regexp core\.sshCommand
2025-11-24T16:50:53.3023538Z [command]/usr/bin/git submodule foreach --recursive sh -c "git config --local --name-only --get-regexp 'core\.sshCommand' && git config --local --unset-all 'core.sshCommand' || :"
2025-11-24T16:50:53.3356906Z Removing HTTP extra header
2025-11-24T16:50:53.3364366Z [command]/usr/bin/git config --local --name-only --get-regexp http\.https\:\/\/github\.com\/\.extraheader
2025-11-24T16:50:53.3397067Z [command]/usr/bin/git submodule foreach --recursive sh -c "git config --local --name-only --get-regexp 'http\.https\:\/\/github\.com\/\.extraheader' && git config --local --unset-all 'http.https://github.com/.extraheader' || :"
2025-11-24T16:50:53.3610282Z Removing includeIf entries pointing to credentials config files
2025-11-24T16:50:53.3615968Z [command]/usr/bin/git config --local --name-only --get-regexp ^includeIf\.gitdir:
2025-11-24T16:50:53.3649139Z [command]/usr/bin/git submodule foreach --recursive git config --local --show-origin --name-only --get-regexp remote.origin.url
2025-11-24T16:50:53.3872098Z [command]/usr/bin/git config --file /home/runner/work/_temp/git-credentials-88994ffa-4195-4cee-8a5a-5fe5e1694549.config http.https://github.com/.extraheader AUTHORIZATION: basic ***
2025-11-24T16:50:53.3977311Z [command]/usr/bin/git config --local includeIf.gitdir:/home/runner/work/tinuous/tinuous/.git.path /home/runner/work/_temp/git-credentials-88994ffa-4195-4cee-8a5a-5fe5e1694549.config
2025-11-24T16:50:53.3985527Z [command]/usr/bin/git config --local includeIf.gitdir:/github/workspace/.git.path /github/runner_temp/git-credentials-88994ffa-4195-4cee-8a5a-5fe5e1694549.config
2025-11-24T16:50:53.3990338Z ##[endgroup]
2025-11-24T16:50:53.3991928Z ##[group]Fetching the repository
2025-11-24T16:50:53.3995197Z [command]/usr/bin/git -c protocol.version=2 fetch --prune --no-recurse-submodules origin +refs/heads/*:refs/remotes/origin/* +refs/tags/*:refs/tags/* +3f2df2d3600e43a6dab87c742b70b7906c2e1405:refs/remotes/pull/219/merge
2025-11-24T16:50:53.6944347Z From https://github.com/con/tinuous
2025-11-24T16:50:53.6948745Z  * [new branch]      bf-circleci                              -> origin/bf-circleci
2025-11-24T16:50:53.6953101Z  * [new branch]      dependabot/github_actions/actions/checkout-6 -> origin/dependabot/github_actions/actions/checkout-6
2025-11-24T16:50:53.6958374Z  * [new branch]      dependabot/github_actions/actions/setup-python-6 -> origin/dependabot/github_actions/actions/setup-python-6
2025-11-24T16:50:53.6962599Z  * [new branch]      gh-55                                    -> origin/gh-55
2025-11-24T16:50:53.6965256Z  * [new branch]      master                                   -> origin/master
2025-11-24T16:50:53.6968196Z  * [new branch]      no-extra-search                          -> origin/no-extra-search
2025-11-24T16:50:53.6971418Z  * [new branch]      pragmata                                 -> origin/pragmata
2025-11-24T16:50:53.6974415Z  * [new branch]      test-appveyor                            -> origin/test-appveyor
2025-11-24T16:50:53.6977191Z  * [new tag]         0.1.0                                    -> 0.1.0
2025-11-24T16:50:53.6979707Z  * [new tag]         0.2.0                                    -> 0.2.0
2025-11-24T16:50:53.6982022Z  * [new tag]         0.3.0                                    -> 0.3.0
2025-11-24T16:50:53.6984340Z  * [new tag]         0.4.0                                    -> 0.4.0
2025-11-24T16:50:53.6986636Z  * [new tag]         0.5.0                                    -> 0.5.0
2025-11-24T16:50:53.6988987Z  * [new tag]         0.5.1                                    -> 0.5.1
2025-11-24T16:50:53.6991454Z  * [new tag]         0.5.2                                    -> 0.5.2
2025-11-24T16:50:53.6993798Z  * [new tag]         0.5.3                                    -> 0.5.3
2025-11-24T16:50:53.6996119Z  * [new tag]         0.5.4                                    -> 0.5.4
2025-11-24T16:50:53.6998432Z  * [new tag]         0.6.0                                    -> 0.6.0
2025-11-24T16:50:53.7001026Z  * [new tag]         0.6.1                                    -> 0.6.1
2025-11-24T16:50:53.7003357Z  * [new tag]         0.7.0                                    -> 0.7.0
2025-11-24T16:50:53.7005640Z  * [new tag]         0.7.1                                    -> 0.7.1
2025-11-24T16:50:53.7007987Z  * [new tag]         0.7.2                                    -> 0.7.2
2025-11-24T16:50:53.7010893Z  * [new ref]         3f2df2d3600e43a6dab87c742b70b7906c2e1405 -> pull/219/merge
2025-11-24T16:50:53.7016371Z ##[endgroup]
2025-11-24T16:50:53.7018808Z ##[group]Determining the checkout info
2025-11-24T16:50:53.7021752Z ##[endgroup]
2025-11-24T16:50:53.7023291Z [command]/usr/bin/git sparse-checkout disable
2025-11-24T16:50:53.7053076Z [command]/usr/bin/git config --local --unset-all extensions.worktreeConfig
2025-11-24T16:50:53.7083892Z ##[group]Checking out the ref
2025-11-24T16:50:53.7086680Z [command]/usr/bin/git checkout --progress --force refs/remotes/pull/219/merge
2025-11-24T16:50:53.7139220Z Note: switching to 'refs/remotes/pull/219/merge'.
2025-11-24T16:50:53.7140430Z 
2025-11-24T16:50:53.7141098Z You are in 'detached HEAD' state. You can look around, make experimental
2025-11-24T16:50:53.7142736Z changes and commit them, and you can discard any commits you make in this
2025-11-24T16:50:53.7145376Z state without impacting any branches by switching back to a branch.
2025-11-24T16:50:53.7147190Z 
2025-11-24T16:50:53.7148303Z If you want to create a new branch to retain commits you create, you may
2025-11-24T16:50:53.7151200Z do so (now or later) by using -c with the switch command. Example:
2025-11-24T16:50:53.7152836Z 
2025-11-24T16:50:53.7153479Z   git switch -c <new-branch-name>
2025-11-24T16:50:53.7154531Z 
2025-11-24T16:50:53.7155133Z Or undo this operation with:
2025-11-24T16:50:53.7156077Z 
2025-11-24T16:50:53.7156595Z   git switch -
2025-11-24T16:50:53.7157303Z 
2025-11-24T16:50:53.7158510Z Turn off this advice by setting config variable advice.detachedHead to false
2025-11-24T16:50:53.7159970Z 
2025-11-24T16:50:53.7161148Z HEAD is now at 3f2df2d Merge 0adcd7e1398bb880ac5cf4e130903bb5de3c5906 into 996b2b07ba111d746f412ad3e634e1eddc22c7b8
2025-11-24T16:50:53.7165405Z ##[endgroup]
2025-11-24T16:50:53.7184816Z [command]/usr/bin/git log -1 --format=%H
2025-11-24T16:50:53.7207804Z 3f2df2d3600e43a6dab87c742b70b7906c2e1405
2025-11-24T16:50:53.7486134Z ##[group]Run actions/setup-python@v5
2025-11-24T16:50:53.7487138Z with:
2025-11-24T16:50:53.7487848Z   python-version: pypy-3.10
2025-11-24T16:50:53.7488714Z   check-latest: false
2025-11-24T16:50:53.7489960Z   token: ***
2025-11-24T16:50:53.7490710Z   update-environment: true
2025-11-24T16:50:53.7491572Z   allow-prereleases: false
2025-11-24T16:50:53.7492417Z   freethreaded: false
2025-11-24T16:50:53.7493187Z ##[endgroup]
2025-11-24T16:50:53.9157965Z ##[group]Installed versions
2025-11-24T16:50:54.0096044Z Successfully set up PyPy 7.3.19 with Python (3.10.16)
2025-11-24T16:50:54.0099121Z ##[endgroup]
2025-11-24T16:50:54.0245639Z ##[group]Run python -m pip install --upgrade pip wheel
2025-11-24T16:50:54.0247010Z [36;1mpython -m pip install --upgrade pip wheel[0m
2025-11-24T16:50:54.0248374Z [36;1mpython -m pip install --upgrade --upgrade-strategy=eager tox[0m
2025-11-24T16:50:54.0333259Z shell: /usr/bin/bash -e {0}
2025-11-24T16:50:54.0334132Z env:
2025-11-24T16:50:54.0335001Z   pythonLocation: /opt/hostedtoolcache/PyPy/3.10.16/x64
2025-11-24T16:50:54.0336279Z   Python_ROOT_DIR: /opt/hostedtoolcache/PyPy/3.10.16/x64
2025-11-24T16:50:54.0337540Z   Python2_ROOT_DIR: /opt/hostedtoolcache/PyPy/3.10.16/x64
2025-11-24T16:50:54.0338822Z   Python3_ROOT_DIR: /opt/hostedtoolcache/PyPy/3.10.16/x64
2025-11-24T16:50:54.0340463Z   PKG_CONFIG_PATH: /opt/hostedtoolcache/PyPy/3.10.16/x64/bin/lib/pkgconfig
2025-11-24T16:50:54.0341713Z ##[endgroup]
2025-11-24T16:50:59.4741847Z Requirement already satisfied: pip in /opt/hostedtoolcache/PyPy/3.10.16/x64/lib/pypy3.10/site-packages (23.0.1)
2025-11-24T16:50:59.6841348Z Collecting pip
2025-11-24T16:50:59.7390227Z   Downloading pip-25.3-py3-none-any.whl.metadata (4.7 kB)
2025-11-24T16:50:59.8038012Z Collecting wheel
2025-11-24T16:50:59.8150815Z   Downloading wheel-0.45.1-py3-none-any.whl.metadata (2.3 kB)
2025-11-24T16:50:59.8351984Z Downloading pip-25.3-py3-none-any.whl (1.8 MB)
2025-11-24T16:50:59.9191995Z    ━━━━━━━━━━━━━━━━━━━━━━━━━━━━━━━━━━━━━━━━ 1.8/1.8 MB 26.8 MB/s  0:00:00
2025-11-24T16:50:59.9316629Z Downloading wheel-0.45.1-py3-none-any.whl (72 kB)
2025-11-24T16:51:00.0947971Z Installing collected packages: wheel, pip
2025-11-24T16:51:00.1865002Z   Attempting uninstall: pip
2025-11-24T16:51:00.1876750Z     Found existing installation: pip 23.0.1
2025-11-24T16:51:00.3489142Z     Uninstalling pip-23.0.1:
2025-11-24T16:51:00.4739322Z       Successfully uninstalled pip-23.0.1
2025-11-24T16:51:01.5695421Z 
2025-11-24T16:51:01.5716761Z Successfully installed pip-25.3 wheel-0.45.1
2025-11-24T16:51:02.6551667Z Collecting tox
2025-11-24T16:51:02.7119981Z   Downloading tox-4.32.0-py3-none-any.whl.metadata (3.5 kB)
2025-11-24T16:51:02.7606886Z Collecting cachetools>=6.2 (from tox)
2025-11-24T16:51:02.7706859Z   Downloading cachetools-6.2.2-py3-none-any.whl.metadata (5.6 kB)
2025-11-24T16:51:02.7999143Z Collecting chardet>=5.2 (from tox)
2025-11-24T16:51:02.8106417Z   Downloading chardet-5.2.0-py3-none-any.whl.metadata (3.4 kB)
2025-11-24T16:51:02.8527827Z Collecting colorama>=0.4.6 (from tox)
2025-11-24T16:51:02.8642413Z   Downloading colorama-0.4.6-py2.py3-none-any.whl.metadata (17 kB)
2025-11-24T16:51:02.9163625Z Collecting filelock>=3.20 (from tox)
2025-11-24T16:51:02.9265270Z   Downloading filelock-3.20.0-py3-none-any.whl.metadata (2.1 kB)
2025-11-24T16:51:02.9624266Z Collecting packaging>=25 (from tox)
2025-11-24T16:51:02.9716834Z   Downloading packaging-25.0-py3-none-any.whl.metadata (3.3 kB)
2025-11-24T16:51:03.0067543Z Collecting platformdirs>=4.5 (from tox)
2025-11-24T16:51:03.0160291Z   Downloading platformdirs-4.5.0-py3-none-any.whl.metadata (12 kB)
2025-11-24T16:51:03.0540432Z Collecting pluggy>=1.6 (from tox)
2025-11-24T16:51:03.0643860Z   Downloading pluggy-1.6.0-py3-none-any.whl.metadata (4.8 kB)
2025-11-24T16:51:03.0943263Z Collecting pyproject-api>=1.9.1 (from tox)
2025-11-24T16:51:03.1046038Z   Downloading pyproject_api-1.10.0-py3-none-any.whl.metadata (2.7 kB)
2025-11-24T16:51:03.1450301Z Collecting tomli>=2.3 (from tox)
2025-11-24T16:51:03.1540623Z   Downloading tomli-2.3.0-py3-none-any.whl.metadata (10 kB)
2025-11-24T16:51:03.1932952Z Collecting typing-extensions>=4.15 (from tox)
2025-11-24T16:51:03.2034396Z   Downloading typing_extensions-4.15.0-py3-none-any.whl.metadata (3.3 kB)
2025-11-24T16:51:03.2913538Z Collecting virtualenv>=20.34 (from tox)
2025-11-24T16:51:03.3006221Z   Downloading virtualenv-20.35.4-py3-none-any.whl.metadata (4.6 kB)
2025-11-24T16:51:03.3963027Z Collecting distlib<1,>=0.3.7 (from virtualenv>=20.34->tox)
2025-11-24T16:51:03.4050428Z   Downloading distlib-0.4.0-py2.py3-none-any.whl.metadata (5.2 kB)
2025-11-24T16:51:03.4335723Z Downloading tox-4.32.0-py3-none-any.whl (175 kB)
2025-11-24T16:51:03.4576268Z Downloading cachetools-6.2.2-py3-none-any.whl (11 kB)
2025-11-24T16:51:03.4698573Z Downloading chardet-5.2.0-py3-none-any.whl (199 kB)
2025-11-24T16:51:03.4850544Z Downloading colorama-0.4.6-py2.py3-none-any.whl (25 kB)
2025-11-24T16:51:03.4964824Z Downloading filelock-3.20.0-py3-none-any.whl (16 kB)
2025-11-24T16:51:03.5082004Z Downloading packaging-25.0-py3-none-any.whl (66 kB)
2025-11-24T16:51:03.5199983Z Downloading platformdirs-4.5.0-py3-none-any.whl (18 kB)
2025-11-24T16:51:03.5318738Z Downloading pluggy-1.6.0-py3-none-any.whl (20 kB)
2025-11-24T16:51:03.5433317Z Downloading pyproject_api-1.10.0-py3-none-any.whl (13 kB)
2025-11-24T16:51:03.5556760Z Downloading tomli-2.3.0-py3-none-any.whl (14 kB)
2025-11-24T16:51:03.5678985Z Downloading typing_extensions-4.15.0-py3-none-any.whl (44 kB)
2025-11-24T16:51:03.5795096Z Downloading virtualenv-20.35.4-py3-none-any.whl (6.0 MB)
2025-11-24T16:51:03.6362779Z    ━━━━━━━━━━━━━━━━━━━━━━━━━━━━━━━━━━━━━━━━ 6.0/6.0 MB 118.7 MB/s  0:00:00
2025-11-24T16:51:03.6450202Z Downloading distlib-0.4.0-py2.py3-none-any.whl (469 kB)
2025-11-24T16:51:03.7908674Z Installing collected packages: distlib, typing-extensions, tomli, pluggy, platformdirs, packaging, filelock, colorama, chardet, cachetools, virtualenv, pyproject-api, tox
2025-11-24T16:51:04.7755048Z 
2025-11-24T16:51:04.7811711Z Successfully installed cachetools-6.2.2 chardet-5.2.0 colorama-0.4.6 distlib-0.4.0 filelock-3.20.0 packaging-25.0 platformdirs-4.5.0 pluggy-1.6.0 pyproject-api-1.10.0 tomli-2.3.0 tox-4.32.0 typing-extensions-4.15.0 virtualenv-20.35.4
2025-11-24T16:51:04.8040384Z ##[group]Run tox -e py -- --cov-report=xml
2025-11-24T16:51:04.8040735Z [36;1mtox -e py -- --cov-report=xml[0m
2025-11-24T16:51:04.8075461Z shell: /usr/bin/bash -e {0}
2025-11-24T16:51:04.8075689Z env:
2025-11-24T16:51:04.8075921Z   pythonLocation: /opt/hostedtoolcache/PyPy/3.10.16/x64
2025-11-24T16:51:04.8076275Z   Python_ROOT_DIR: /opt/hostedtoolcache/PyPy/3.10.16/x64
2025-11-24T16:51:04.8076620Z   Python2_ROOT_DIR: /opt/hostedtoolcache/PyPy/3.10.16/x64
2025-11-24T16:51:04.8076957Z   Python3_ROOT_DIR: /opt/hostedtoolcache/PyPy/3.10.16/x64
2025-11-24T16:51:04.8077340Z   PKG_CONFIG_PATH: /opt/hostedtoolcache/PyPy/3.10.16/x64/bin/lib/pkgconfig
2025-11-24T16:51:04.8077667Z ##[endgroup]
2025-11-24T16:51:07.1260979Z py: install_deps> python -I -m pip install pytest pytest-cov pytest-mock
2025-11-24T16:51:11.8470119Z .pkg: install_requires> python -I -m pip install 'setuptools>=46.4.0' versioningit
2025-11-24T16:51:13.6632917Z .pkg: _optional_hooks> python /opt/hostedtoolcache/PyPy/3.10.16/x64/lib/pypy3.10/site-packages/pyproject_api/_backend.py True setuptools.build_meta
2025-11-24T16:51:14.0678491Z .pkg: get_requires_for_build_sdist> python /opt/hostedtoolcache/PyPy/3.10.16/x64/lib/pypy3.10/site-packages/pyproject_api/_backend.py True setuptools.build_meta
2025-11-24T16:51:14.5175649Z .pkg: get_requires_for_build_wheel> python /opt/hostedtoolcache/PyPy/3.10.16/x64/lib/pypy3.10/site-packages/pyproject_api/_backend.py True setuptools.build_meta
2025-11-24T16:51:14.9348897Z .pkg: freeze> python -m pip freeze --all
2025-11-24T16:51:15.4156139Z .pkg: cffi==1.18.0.dev0,greenlet==0.4.13,hpy==0.9.0,packaging==25.0,pip==25.3,setuptools==80.9.0,tomli==2.3.0,versioningit==3.3.0
2025-11-24T16:51:15.4165733Z .pkg: prepare_metadata_for_build_wheel> python /opt/hostedtoolcache/PyPy/3.10.16/x64/lib/pypy3.10/site-packages/pyproject_api/_backend.py True setuptools.build_meta
2025-11-24T16:51:15.8836462Z .pkg: build_sdist> python /opt/hostedtoolcache/PyPy/3.10.16/x64/lib/pypy3.10/site-packages/pyproject_api/_backend.py True setuptools.build_meta
2025-11-24T16:51:16.3553911Z py: install_package_deps> python -I -m pip install 'PyYAML>=5.0' 'click-loglevel~=0.2' 'click>=7.0' 'ghtoken~=0.1' 'in_place~=1.0' 'pydantic~=2.0' 'python-dateutil~=2.7' 'python-dotenv<2.0,>=0.11' 'requests~=2.20'
2025-11-24T16:51:33.8073107Z py: install_package> python -I -m pip install --force-reinstall --no-deps /home/runner/work/tinuous/tinuous/.tox/.tmp/package/1/tinuous-0.7.2.post2+g3f2df2d.tar.gz
2025-11-24T16:51:38.0201401Z py: freeze> python -m pip freeze --all
2025-11-24T16:51:38.5721680Z py: annotated-types==0.7.0,certifi==2025.11.12,cffi==1.18.0.dev0,charset-normalizer==3.4.4,click==8.3.1,click-loglevel==0.7.0,coverage==7.12.0,exceptiongroup==1.3.1,ghtoken==0.1.2,greenlet==0.4.13,hpy==0.9.0,idna==3.11,in_place==1.0.1,iniconfig==2.3.0,packaging==25.0,pip==25.3,pluggy==1.6.0,pydantic==2.12.4,pydantic_core==2.41.5,Pygments==2.19.2,pytest==9.0.1,pytest-cov==7.0.0,pytest-mock==3.15.1,python-dateutil==2.9.0.post0,python-dotenv==1.2.1,PyYAML==6.0.3,requests==2.32.5,ruamel.yaml==0.18.16,setuptools==80.9.0,six==1.17.0,tinuous @ file:///home/runner/work/tinuous/tinuous/.tox/.tmp/package/1/tinuous-0.7.2.post2%2Bg3f2df2d.tar.gz#sha256=3b651bb280833fb5fe5b1c70378045300585e0eb53c6a3022b5f42193d821a45,tomli==2.3.0,typing-inspection==0.4.2,typing_extensions==4.15.0,urllib3==2.5.0
2025-11-24T16:51:38.5732781Z py: commands[0]> tinuous --help
2025-11-24T16:51:39.2892543Z Usage: tinuous [OPTIONS] COMMAND [ARGS]...
2025-11-24T16:51:39.2893159Z 
2025-11-24T16:51:39.2894067Z   Download build logs from GitHub Actions, Travis, Appveyor, and CircleCI
2025-11-24T16:51:39.2894546Z 
2025-11-24T16:51:39.2894660Z Options:
2025-11-24T16:51:39.2895050Z   -V, --version                   Show the version and exit.
2025-11-24T16:51:39.2895948Z   -c, --config FILE               Read configuration from the given file
2025-11-24T16:51:39.2896283Z                                   [default: tinuous.yaml]
2025-11-24T16:51:39.2897006Z   -E, --env FILE                  Load environment variables from given .env
2025-11-24T16:51:39.2897322Z                                   file
2025-11-24T16:51:39.2897614Z   -l, --log-level [NOTSET|DEBUG|INFO|WARNING|ERROR|CRITICAL]
2025-11-24T16:51:39.2897933Z                                   Set logging level  [default: INFO]
2025-11-24T16:51:39.2898238Z   --help                          Show this message and exit.
2025-11-24T16:51:39.2898431Z 
2025-11-24T16:51:39.2898502Z Commands:
2025-11-24T16:51:39.2898682Z   fetch         Download logs
2025-11-24T16:51:39.2898933Z   fetch-commit  Download logs for a specific commit
2025-11-24T16:51:39.2899215Z   sanitize      Sanitize secrets in logs
2025-11-24T16:51:39.3022993Z py: commands[1]> pytest --cov-report=xml test
2025-11-24T16:51:43.4403177Z ============================= test session starts ==============================
2025-11-24T16:51:43.4404121Z platform linux -- Python 3.10.16[pypy-7.3.19-final], pytest-9.0.1, pluggy-1.6.0
2025-11-24T16:51:43.4404899Z cachedir: .tox/py/.pytest_cache
2025-11-24T16:51:43.4405474Z rootdir: /home/runner/work/tinuous/tinuous
2025-11-24T16:51:43.4405981Z configfile: tox.ini
2025-11-24T16:51:43.4406376Z plugins: cov-7.0.0, mock-3.15.1
2025-11-24T16:51:43.4406810Z collected 64 items
2025-11-24T16:51:43.4407037Z 
2025-11-24T16:51:43.5585634Z test/test_base.py .........                                              [ 14%]
2025-11-24T16:51:43.6586755Z test/test_config.py ........                                             [ 26%]
2025-11-24T16:51:43.8237131Z test/test_state.py ........                                              [ 39%]
2025-11-24T16:51:45.3340587Z test/test_util.py .......................................                [100%]
2025-11-24T16:51:45.3341148Z 
2025-11-24T16:51:45.3341395Z ================================ tests coverage ================================
2025-11-24T16:51:45.3342183Z _______________ coverage: platform linux, python 3.10.16-final-0 _______________
2025-11-24T16:51:45.3342739Z 
2025-11-24T16:51:45.3342982Z Coverage XML written to file coverage.xml
2025-11-24T16:51:45.3343580Z ============================== 64 passed in 4.61s ==============================
2025-11-24T16:51:45.3548318Z   py: OK (38.82=setup[32.05]+cmd[0.72,6.05] seconds)
2025-11-24T16:51:45.3548849Z   congratulations :) (38.89 seconds)
2025-11-24T16:51:45.3993422Z ##[group]Run codecov/codecov-action@v5
2025-11-24T16:51:45.3993693Z with:
2025-11-24T16:51:45.3993878Z   fail_ci_if_error: false
2025-11-24T16:51:45.3994343Z   token: ***
2025-11-24T16:51:45.3994534Z   name: pypy-3.10
2025-11-24T16:51:45.3994737Z   disable_file_fixes: false
2025-11-24T16:51:45.3994952Z   disable_search: false
2025-11-24T16:51:45.3995155Z   disable_safe_directory: false
2025-11-24T16:51:45.3995366Z   disable_telem: false
2025-11-24T16:51:45.3995543Z   dry_run: false
2025-11-24T16:51:45.3995720Z   git_service: github
2025-11-24T16:51:45.3995902Z   gcov_executable: gcov
2025-11-24T16:51:45.3996108Z   handle_no_reports_found: false
2025-11-24T16:51:45.3996331Z   recurse_submodules: false
2025-11-24T16:51:45.3996541Z   run_command: upload-coverage
2025-11-24T16:51:45.3996755Z   skip_validation: false
2025-11-24T16:51:45.3996962Z   use_legacy_upload_endpoint: false
2025-11-24T16:51:45.3997183Z   use_oidc: false
2025-11-24T16:51:45.3997356Z   use_pypi: false
2025-11-24T16:51:45.3997555Z   verbose: false
2025-11-24T16:51:45.3997720Z   version: latest
2025-11-24T16:51:45.3997882Z env:
2025-11-24T16:51:45.3998103Z   pythonLocation: /opt/hostedtoolcache/PyPy/3.10.16/x64
2025-11-24T16:51:45.3998455Z   Python_ROOT_DIR: /opt/hostedtoolcache/PyPy/3.10.16/x64
2025-11-24T16:51:45.3998802Z   Python2_ROOT_DIR: /opt/hostedtoolcache/PyPy/3.10.16/x64
2025-11-24T16:51:45.3999130Z   Python3_ROOT_DIR: /opt/hostedtoolcache/PyPy/3.10.16/x64
2025-11-24T16:51:45.3999653Z   PKG_CONFIG_PATH: /opt/hostedtoolcache/PyPy/3.10.16/x64/bin/lib/pkgconfig
2025-11-24T16:51:45.3999988Z ##[endgroup]
2025-11-24T16:51:45.4072954Z ##[group]Run missing_deps=""
2025-11-24T16:51:45.4073222Z [36;1mmissing_deps=""[0m
2025-11-24T16:51:45.4073418Z [36;1m[0m
2025-11-24T16:51:45.4073602Z [36;1m# Check for required commands[0m
2025-11-24T16:51:45.4073847Z [36;1mfor cmd in bash git curl gpg; do[0m
2025-11-24T16:51:45.4074119Z [36;1m  if ! command -v "$cmd" >/dev/null 2>&1; then[0m
2025-11-24T16:51:45.4074410Z [36;1m    missing_deps="$missing_deps $cmd"[0m
2025-11-24T16:51:45.4074647Z [36;1m  fi[0m
2025-11-24T16:51:45.4074808Z [36;1mdone[0m
2025-11-24T16:51:45.4074962Z [36;1m[0m
2025-11-24T16:51:45.4075146Z [36;1m# Report missing required dependencies[0m
2025-11-24T16:51:45.4075417Z [36;1mif [ -n "$missing_deps" ]; then[0m
2025-11-24T16:51:45.4075767Z [36;1m  echo "Error: The following required dependencies are missing:$missing_deps"[0m
2025-11-24T16:51:45.4076223Z [36;1m  echo "Please install these dependencies before using this action."[0m
2025-11-24T16:51:45.4076538Z [36;1m  exit 1[0m
2025-11-24T16:51:45.4076697Z [36;1mfi[0m
2025-11-24T16:51:45.4076851Z [36;1m[0m
2025-11-24T16:51:45.4077076Z [36;1mecho "All required system dependencies are available."[0m
2025-11-24T16:51:45.4259923Z shell: /usr/bin/sh -e {0}
2025-11-24T16:51:45.4260162Z env:
2025-11-24T16:51:45.4260411Z   pythonLocation: /opt/hostedtoolcache/PyPy/3.10.16/x64
2025-11-24T16:51:45.4260783Z   Python_ROOT_DIR: /opt/hostedtoolcache/PyPy/3.10.16/x64
2025-11-24T16:51:45.4261138Z   Python2_ROOT_DIR: /opt/hostedtoolcache/PyPy/3.10.16/x64
2025-11-24T16:51:45.4261486Z   Python3_ROOT_DIR: /opt/hostedtoolcache/PyPy/3.10.16/x64
2025-11-24T16:51:45.4261875Z   PKG_CONFIG_PATH: /opt/hostedtoolcache/PyPy/3.10.16/x64/bin/lib/pkgconfig
2025-11-24T16:51:45.4262375Z ##[endgroup]
2025-11-24T16:51:45.4328875Z All required system dependencies are available.
2025-11-24T16:51:45.4356981Z ##[group]Run CC_ACTION_VERSION=$(cat ${GITHUB_ACTION_PATH}/src/version)
2025-11-24T16:51:45.4357400Z [36;1mCC_ACTION_VERSION=$(cat ${GITHUB_ACTION_PATH}/src/version)[0m
2025-11-24T16:51:45.4357792Z [36;1mecho -e "\033[0;32m==>\033[0m Running Action version $CC_ACTION_VERSION"[0m
2025-11-24T16:51:45.4387540Z shell: /usr/bin/bash --noprofile --norc -e -o pipefail {0}
2025-11-24T16:51:45.4387838Z env:
2025-11-24T16:51:45.4388065Z   pythonLocation: /opt/hostedtoolcache/PyPy/3.10.16/x64
2025-11-24T16:51:45.4388413Z   Python_ROOT_DIR: /opt/hostedtoolcache/PyPy/3.10.16/x64
2025-11-24T16:51:45.4388948Z   Python2_ROOT_DIR: /opt/hostedtoolcache/PyPy/3.10.16/x64
2025-11-24T16:51:45.4389296Z   Python3_ROOT_DIR: /opt/hostedtoolcache/PyPy/3.10.16/x64
2025-11-24T16:51:45.4389881Z   PKG_CONFIG_PATH: /opt/hostedtoolcache/PyPy/3.10.16/x64/bin/lib/pkgconfig
2025-11-24T16:51:45.4390289Z ##[endgroup]
2025-11-24T16:51:45.4452254Z [0;32m==>[0m Running Action version 5.5.1
2025-11-24T16:51:45.4491356Z ##[group]Run git config --global --add safe.directory "/home/runner/work/tinuous/tinuous"
2025-11-24T16:51:45.4491880Z [36;1mgit config --global --add safe.directory "/home/runner/work/tinuous/tinuous"[0m
2025-11-24T16:51:45.4492316Z [36;1mgit config --global --add safe.directory "$GITHUB_WORKSPACE"[0m
2025-11-24T16:51:45.4521765Z shell: /usr/bin/bash --noprofile --norc -e -o pipefail {0}
2025-11-24T16:51:45.4522071Z env:
2025-11-24T16:51:45.4522305Z   pythonLocation: /opt/hostedtoolcache/PyPy/3.10.16/x64
2025-11-24T16:51:45.4522651Z   Python_ROOT_DIR: /opt/hostedtoolcache/PyPy/3.10.16/x64
2025-11-24T16:51:45.4522984Z   Python2_ROOT_DIR: /opt/hostedtoolcache/PyPy/3.10.16/x64
2025-11-24T16:51:45.4523311Z   Python3_ROOT_DIR: /opt/hostedtoolcache/PyPy/3.10.16/x64
2025-11-24T16:51:45.4523676Z   PKG_CONFIG_PATH: /opt/hostedtoolcache/PyPy/3.10.16/x64/bin/lib/pkgconfig
2025-11-24T16:51:45.4524005Z ##[endgroup]
2025-11-24T16:51:45.4624058Z ##[group]Run CC_FORK="false"
2025-11-24T16:51:45.4624304Z [36;1mCC_FORK="false"[0m
2025-11-24T16:51:45.4624782Z [36;1mif [ -n "$GITHUB_EVENT_PULL_REQUEST_HEAD_REPO_FULL_NAME" ] && [ "$GITHUB_EVENT_PULL_REQUEST_HEAD_REPO_FULL_NAME" != "$GITHUB_REPOSITORY" ];[0m
2025-11-24T16:51:45.4625274Z [36;1mthen[0m
2025-11-24T16:51:45.4625481Z [36;1m  echo -e "\033[0;32m==>\033[0m Fork detected"[0m
2025-11-24T16:51:45.4625742Z [36;1m  CC_FORK="true"[0m
2025-11-24T16:51:45.4625932Z [36;1mfi[0m
2025-11-24T16:51:45.4626120Z [36;1mecho "CC_FORK=$CC_FORK" >> "$GITHUB_ENV"[0m
2025-11-24T16:51:45.4655869Z shell: /usr/bin/bash --noprofile --norc -e -o pipefail {0}
2025-11-24T16:51:45.4656178Z env:
2025-11-24T16:51:45.4656415Z   pythonLocation: /opt/hostedtoolcache/PyPy/3.10.16/x64
2025-11-24T16:51:45.4656756Z   Python_ROOT_DIR: /opt/hostedtoolcache/PyPy/3.10.16/x64
2025-11-24T16:51:45.4657087Z   Python2_ROOT_DIR: /opt/hostedtoolcache/PyPy/3.10.16/x64
2025-11-24T16:51:45.4657420Z   Python3_ROOT_DIR: /opt/hostedtoolcache/PyPy/3.10.16/x64
2025-11-24T16:51:45.4657782Z   PKG_CONFIG_PATH: /opt/hostedtoolcache/PyPy/3.10.16/x64/bin/lib/pkgconfig
2025-11-24T16:51:45.4658245Z   GITHUB_EVENT_PULL_REQUEST_HEAD_LABEL: con:dependabot/github_actions/actions/checkout-6
2025-11-24T16:51:45.4658672Z   GITHUB_EVENT_PULL_REQUEST_HEAD_REPO_FULL_NAME: con/tinuous
2025-11-24T16:51:45.4658963Z   GITHUB_REPOSITORY: con/tinuous
2025-11-24T16:51:45.4659175Z ##[endgroup]
2025-11-24T16:51:45.4762158Z ##[group]Run actions/github-script@60a0d83039c74a4aee543508d2ffcb1c3799cdea
2025-11-24T16:51:45.4762502Z with:
2025-11-24T16:51:45.4763024Z   script: if (process.env.CC_USE_OIDC === 'true' && process.env.CC_FORK != 'true') {
  const id_token = await core.getIDToken(process.env.CC_OIDC_AUDIENCE)
  return id_token
}

2025-11-24T16:51:45.4763754Z   github-token: ***
2025-11-24T16:51:45.4763945Z   debug: false
2025-11-24T16:51:45.4764141Z   user-agent: actions/github-script
2025-11-24T16:51:45.4764539Z   result-encoding: json
2025-11-24T16:51:45.4764730Z   retries: 0
2025-11-24T16:51:45.4764929Z   retry-exempt-status-codes: 400,401,403,404,422
2025-11-24T16:51:45.4765183Z env:
2025-11-24T16:51:45.4765405Z   pythonLocation: /opt/hostedtoolcache/PyPy/3.10.16/x64
2025-11-24T16:51:45.4765740Z   Python_ROOT_DIR: /opt/hostedtoolcache/PyPy/3.10.16/x64
2025-11-24T16:51:45.4766081Z   Python2_ROOT_DIR: /opt/hostedtoolcache/PyPy/3.10.16/x64
2025-11-24T16:51:45.4766410Z   Python3_ROOT_DIR: /opt/hostedtoolcache/PyPy/3.10.16/x64
2025-11-24T16:51:45.4766780Z   PKG_CONFIG_PATH: /opt/hostedtoolcache/PyPy/3.10.16/x64/bin/lib/pkgconfig
2025-11-24T16:51:45.4767107Z   CC_FORK: false
2025-11-24T16:51:45.4767455Z   CC_OIDC_AUDIENCE: https://codecov.io
2025-11-24T16:51:45.4767713Z   CC_USE_OIDC: false
2025-11-24T16:51:45.4767898Z ##[endgroup]
2025-11-24T16:51:45.5690855Z ##[group]Run if [ "false" == 'true' ] && [ "$CC_FORK" != 'true' ];
2025-11-24T16:51:45.5691256Z [36;1mif [ "false" == 'true' ] && [ "$CC_FORK" != 'true' ];[0m
2025-11-24T16:51:45.5691539Z [36;1mthen[0m
2025-11-24T16:51:45.5691762Z [36;1m  echo "CC_TOKEN=$CC_OIDC_TOKEN" >> "$GITHUB_ENV"[0m
2025-11-24T16:51:45.5692040Z [36;1melif [ -n "" ];[0m
2025-11-24T16:51:45.5692230Z [36;1mthen[0m
2025-11-24T16:51:45.5692447Z [36;1m  echo -e "\033[0;32m==>\033[0m Token set from env"[0m
2025-11-24T16:51:45.5692731Z [36;1m    echo "CC_TOKEN=" >> "$GITHUB_ENV"[0m
2025-11-24T16:51:45.5692965Z [36;1melse[0m
2025-11-24T16:51:45.5693289Z [36;1m  if [ -n "***" ];[0m
2025-11-24T16:51:45.5693485Z [36;1m  then[0m
2025-11-24T16:51:45.5693717Z [36;1m    echo -e "\033[0;32m==>\033[0m Token set from input"[0m
2025-11-24T16:51:45.5694130Z [36;1m    CC_TOKEN=$(echo "***" | tr -d '\n')[0m
2025-11-24T16:51:45.5694416Z [36;1m    echo "CC_TOKEN=$CC_TOKEN" >> "$GITHUB_ENV"[0m
2025-11-24T16:51:45.5694666Z [36;1m  fi[0m
2025-11-24T16:51:45.5694830Z [36;1mfi[0m
2025-11-24T16:51:45.5726715Z shell: /usr/bin/bash --noprofile --norc -e -o pipefail {0}
2025-11-24T16:51:45.5727017Z env:
2025-11-24T16:51:45.5727252Z   pythonLocation: /opt/hostedtoolcache/PyPy/3.10.16/x64
2025-11-24T16:51:45.5727591Z   Python_ROOT_DIR: /opt/hostedtoolcache/PyPy/3.10.16/x64
2025-11-24T16:51:45.5727929Z   Python2_ROOT_DIR: /opt/hostedtoolcache/PyPy/3.10.16/x64
2025-11-24T16:51:45.5728276Z   Python3_ROOT_DIR: /opt/hostedtoolcache/PyPy/3.10.16/x64
2025-11-24T16:51:45.5728647Z   PKG_CONFIG_PATH: /opt/hostedtoolcache/PyPy/3.10.16/x64/bin/lib/pkgconfig
2025-11-24T16:51:45.5728974Z   CC_FORK: false
2025-11-24T16:51:45.5729146Z   CC_OIDC_TOKEN: 
2025-11-24T16:51:45.5729343Z   CC_OIDC_AUDIENCE: https://codecov.io
2025-11-24T16:51:45.5729762Z ##[endgroup]
2025-11-24T16:51:45.5780562Z [0;32m==>[0m Token set from input
2025-11-24T16:51:45.5818978Z ##[group]Run if [ -z "$CC_BRANCH" ] && [ -z "$CC_TOKEN" ] && [ "$CC_FORK" == 'true' ]
2025-11-24T16:51:45.5819413Z [36;1mif [ -z "$CC_BRANCH" ] && [ -z "$CC_TOKEN" ] && [ "$CC_FORK" == 'true' ][0m
2025-11-24T16:51:45.5819955Z [36;1mthen[0m
2025-11-24T16:51:45.5820305Z [36;1m  echo -e "\033[0;32m==>\033[0m Fork detected, setting branch to $GITHUB_EVENT_PULL_REQUEST_HEAD_LABEL"[0m
2025-11-24T16:51:45.5820754Z [36;1m  TOKENLESS="$GITHUB_EVENT_PULL_REQUEST_HEAD_LABEL"[0m
2025-11-24T16:51:45.5821075Z [36;1m  CC_BRANCH="$GITHUB_EVENT_PULL_REQUEST_HEAD_LABEL"[0m
2025-11-24T16:51:45.5821383Z [36;1m  echo "TOKENLESS=$TOKENLESS" >> "$GITHUB_ENV"[0m
2025-11-24T16:51:45.5821635Z [36;1mfi[0m
2025-11-24T16:51:45.5821795Z [36;1m[0m
2025-11-24T16:51:45.5821993Z [36;1mecho "CC_BRANCH=$CC_BRANCH" >> "$GITHUB_ENV"[0m
2025-11-24T16:51:45.5851141Z shell: /usr/bin/bash --noprofile --norc -e -o pipefail {0}
2025-11-24T16:51:45.5851443Z env:
2025-11-24T16:51:45.5851676Z   pythonLocation: /opt/hostedtoolcache/PyPy/3.10.16/x64
2025-11-24T16:51:45.5852024Z   Python_ROOT_DIR: /opt/hostedtoolcache/PyPy/3.10.16/x64
2025-11-24T16:51:45.5852346Z   Python2_ROOT_DIR: /opt/hostedtoolcache/PyPy/3.10.16/x64
2025-11-24T16:51:45.5852836Z   Python3_ROOT_DIR: /opt/hostedtoolcache/PyPy/3.10.16/x64
2025-11-24T16:51:45.5853217Z   PKG_CONFIG_PATH: /opt/hostedtoolcache/PyPy/3.10.16/x64/bin/lib/pkgconfig
2025-11-24T16:51:45.5853536Z   CC_FORK: false
2025-11-24T16:51:45.5853799Z   CC_TOKEN: ***
2025-11-24T16:51:45.5853976Z   CC_BRANCH: 
2025-11-24T16:51:45.5854283Z   GITHUB_EVENT_PULL_REQUEST_HEAD_LABEL: con:dependabot/github_actions/actions/checkout-6
2025-11-24T16:51:45.5854720Z   GITHUB_EVENT_PULL_REQUEST_HEAD_REPO_FULL_NAME: con/tinuous
2025-11-24T16:51:45.5855020Z   GITHUB_REPOSITORY: con/tinuous
2025-11-24T16:51:45.5855229Z ##[endgroup]
2025-11-24T16:51:45.5947762Z ##[group]Run if [ -z "$CC_SHA" ];
2025-11-24T16:51:45.5948039Z [36;1mif [ -z "$CC_SHA" ];[0m
2025-11-24T16:51:45.5948243Z [36;1mthen[0m
2025-11-24T16:51:45.5948629Z [36;1m  CC_SHA="$GITHUB_EVENT_PULL_REQUEST_HEAD_SHA"[0m
2025-11-24T16:51:45.5948902Z [36;1mfi[0m
2025-11-24T16:51:45.5949106Z [36;1mif [ -z "$CC_PR" ] && [ "$CC_FORK" == 'true' ];[0m
2025-11-24T16:51:45.5949376Z [36;1mthen[0m
2025-11-24T16:51:45.5949815Z [36;1m  CC_PR="$GITHUB_EVENT_NUMBER"[0m
2025-11-24T16:51:45.5950040Z [36;1mfi[0m
2025-11-24T16:51:45.5950197Z [36;1m[0m
2025-11-24T16:51:45.5950379Z [36;1mecho "CC_SHA=$CC_SHA" >> "$GITHUB_ENV"[0m
2025-11-24T16:51:45.5950645Z [36;1mecho "CC_PR=$CC_PR" >> "$GITHUB_ENV"[0m
2025-11-24T16:51:45.5979415Z shell: /usr/bin/bash --noprofile --norc -e -o pipefail {0}
2025-11-24T16:51:45.5979911Z env:
2025-11-24T16:51:45.5980149Z   pythonLocation: /opt/hostedtoolcache/PyPy/3.10.16/x64
2025-11-24T16:51:45.5980492Z   Python_ROOT_DIR: /opt/hostedtoolcache/PyPy/3.10.16/x64
2025-11-24T16:51:45.5980822Z   Python2_ROOT_DIR: /opt/hostedtoolcache/PyPy/3.10.16/x64
2025-11-24T16:51:45.5981147Z   Python3_ROOT_DIR: /opt/hostedtoolcache/PyPy/3.10.16/x64
2025-11-24T16:51:45.5981520Z   PKG_CONFIG_PATH: /opt/hostedtoolcache/PyPy/3.10.16/x64/bin/lib/pkgconfig
2025-11-24T16:51:45.5981832Z   CC_FORK: false
2025-11-24T16:51:45.5982084Z   CC_TOKEN: ***
2025-11-24T16:51:45.5982260Z   CC_BRANCH: 
2025-11-24T16:51:45.5982422Z   CC_PR: 
2025-11-24T16:51:45.5982575Z   CC_SHA: 
2025-11-24T16:51:45.5982743Z   GITHUB_EVENT_NAME: pull_request
2025-11-24T16:51:45.5982992Z   GITHUB_EVENT_NUMBER: 219
2025-11-24T16:51:45.5983302Z   GITHUB_EVENT_PULL_REQUEST_HEAD_SHA: 0adcd7e1398bb880ac5cf4e130903bb5de3c5906
2025-11-24T16:51:45.5983643Z ##[endgroup]
2025-11-24T16:51:45.6060980Z ##[group]Run ${GITHUB_ACTION_PATH}/dist/codecov.sh
2025-11-24T16:51:45.6061321Z [36;1m${GITHUB_ACTION_PATH}/dist/codecov.sh[0m
2025-11-24T16:51:45.6090276Z shell: /usr/bin/bash --noprofile --norc -e -o pipefail {0}
2025-11-24T16:51:45.6090582Z env:
2025-11-24T16:51:45.6090807Z   pythonLocation: /opt/hostedtoolcache/PyPy/3.10.16/x64
2025-11-24T16:51:45.6091149Z   Python_ROOT_DIR: /opt/hostedtoolcache/PyPy/3.10.16/x64
2025-11-24T16:51:45.6091472Z   Python2_ROOT_DIR: /opt/hostedtoolcache/PyPy/3.10.16/x64
2025-11-24T16:51:45.6091825Z   Python3_ROOT_DIR: /opt/hostedtoolcache/PyPy/3.10.16/x64
2025-11-24T16:51:45.6092214Z   PKG_CONFIG_PATH: /opt/hostedtoolcache/PyPy/3.10.16/x64/bin/lib/pkgconfig
2025-11-24T16:51:45.6092556Z   CC_FORK: false
2025-11-24T16:51:45.6092808Z   CC_TOKEN: ***
2025-11-24T16:51:45.6092985Z   CC_BRANCH: 
2025-11-24T16:51:45.6093188Z   CC_SHA: 0adcd7e1398bb880ac5cf4e130903bb5de3c5906
2025-11-24T16:51:45.6093445Z   CC_PR: 
2025-11-24T16:51:45.6093601Z   CC_BASE_SHA: 
2025-11-24T16:51:45.6093758Z   CC_BINARY: 
2025-11-24T16:51:45.6093916Z   CC_BUILD: 
2025-11-24T16:51:45.6094068Z   CC_BUILD_URL: 
2025-11-24T16:51:45.6094233Z   CC_CODE: 
2025-11-24T16:51:45.6094385Z   CC_DIR: 
2025-11-24T16:51:45.6094546Z   CC_DISABLE_FILE_FIXES: false
2025-11-24T16:51:45.6094759Z   CC_DISABLE_SEARCH: false
2025-11-24T16:51:45.6094953Z   CC_DISABLE_TELEM: false
2025-11-24T16:51:45.6095143Z   CC_DRY_RUN: false
2025-11-24T16:51:45.6095414Z   CC_ENTERPRISE_URL: 
2025-11-24T16:51:45.6095665Z   CC_ENV: 
2025-11-24T16:51:45.6095825Z   CC_EXCLUDES: 
2025-11-24T16:51:45.6095993Z   CC_FAIL_ON_ERROR: false
2025-11-24T16:51:45.6096178Z   CC_FILES: 
2025-11-24T16:51:45.6096496Z   CC_FLAGS: 
2025-11-24T16:51:45.6096643Z   CC_FORCE: 
2025-11-24T16:51:45.6096795Z   CC_GCOV_ARGS: 
2025-11-24T16:51:45.6096983Z   CC_GCOV_EXECUTABLE: gcov
2025-11-24T16:51:45.6097173Z   CC_GCOV_IGNORE: 
2025-11-24T16:51:45.6097347Z   CC_GCOV_INCLUDE: 
2025-11-24T16:51:45.6097527Z   CC_GIT_SERVICE: github
2025-11-24T16:51:45.6097729Z   CC_HANDLE_NO_REPORTS_FOUND: false
2025-11-24T16:51:45.6097949Z   CC_JOB_CODE: 
2025-11-24T16:51:45.6098110Z   CC_LEGACY: false
2025-11-24T16:51:45.6098288Z   CC_NAME: pypy-3.10
2025-11-24T16:51:45.6098474Z   CC_NETWORK_FILTER: 
2025-11-24T16:51:45.6098651Z   CC_NETWORK_PREFIX: 
2025-11-24T16:51:45.6098832Z   CC_NETWORK_ROOT_FOLDER: 
2025-11-24T16:51:45.6099012Z   CC_OS: 
2025-11-24T16:51:45.6099165Z   CC_PARENT_SHA: 
2025-11-24T16:51:45.6099601Z   CC_PLUGINS: 
2025-11-24T16:51:45.6099814Z   CC_RECURSE_SUBMODULES: false
2025-11-24T16:51:45.6100025Z   CC_REPORT_TYPE: 
2025-11-24T16:51:45.6100202Z   CC_RUN_CMD: upload-coverage
2025-11-24T16:51:45.6100417Z   CC_SERVICE: github
2025-11-24T16:51:45.6100612Z   CC_SKIP_VALIDATION: false
2025-11-24T16:51:45.6100802Z   CC_SLUG: 
2025-11-24T16:51:45.6100961Z   CC_SWIFT_PROJECT: 
2025-11-24T16:51:45.6101135Z   CC_USE_PYPI: false
2025-11-24T16:51:45.6101310Z   CC_VERBOSE: false
2025-11-24T16:51:45.6101482Z   CC_VERSION: latest
2025-11-24T16:51:45.6101647Z   CC_YML_PATH: 
2025-11-24T16:51:45.6101816Z ##[endgroup]
2025-11-24T16:51:45.6171450Z      _____          _
2025-11-24T16:51:45.6171793Z     / ____|        | |
2025-11-24T16:51:45.6172112Z    | |     ___   __| | ___  ___ _____   __
2025-11-24T16:51:45.6172461Z    | |    / _ \ / _` |/ _ \/ __/ _ \ \ / /
2025-11-24T16:51:45.6172690Z    | |___| (_) | (_| |  __/ (_| (_) \ V /
2025-11-24T16:51:45.6172928Z     \_____\___/ \__,_|\___|\___\___/ \_/
2025-11-24T16:51:45.6173360Z                            [0;31m Wrapper-0.2.7[0m
2025-11-24T16:51:45.6173605Z                            
2025-11-24T16:51:45.6233846Z [0;32m==>[0m Detected [0;36mlinux[0m
2025-11-24T16:51:45.6234676Z [0;32m ->[0m Downloading [0;36mhttps://cli.codecov.io/latest/linux/codecov[0m
2025-11-24T16:51:45.6298489Z   % Total    % Received % Xferd  Average Speed   Time    Time     Time  Current
2025-11-24T16:51:45.6299173Z                                  Dload  Upload   Total   Spent    Left  Speed
2025-11-24T16:51:45.6299805Z 
2025-11-24T16:51:45.7971629Z   0     0    0     0    0     0      0      0 --:--:-- --:--:-- --:--:--     0
2025-11-24T16:51:45.7972239Z 100 10.6M  100 10.6M    0     0  63.6M      0 --:--:-- --:--:-- --:--:-- 63.7M
2025-11-24T16:51:45.7995974Z [0;32m==>[0m Finishing downloading [0;36mlinux:latest[0m
2025-11-24T16:51:45.8548761Z       Version: [0;36mv11.2.5[0m
2025-11-24T16:51:45.8549052Z  
2025-11-24T16:51:45.8612830Z gpg: directory '/home/runner/.gnupg' created
2025-11-24T16:51:45.8617947Z gpg: keybox '/home/runner/.gnupg/pubring.kbx' created
2025-11-24T16:51:45.9305918Z gpg: /home/runner/.gnupg/trustdb.gpg: trustdb created
2025-11-24T16:51:45.9306864Z gpg: key 806BB28AED779869: public key "Codecov Uploader (Codecov Uploader Verification Key) <security@codecov.io>" imported
2025-11-24T16:51:45.9416716Z gpg: Total number processed: 1
2025-11-24T16:51:45.9417135Z gpg:               imported: 1
2025-11-24T16:51:45.9422794Z [0;32m==>[0m Verifying GPG signature integrity
2025-11-24T16:51:45.9423522Z [0;32m ->[0m Downloading [0;36mhttps://cli.codecov.io/latest/linux/codecov.SHA256SUM[0m
2025-11-24T16:51:45.9424142Z [0;32m ->[0m Downloading [0;36mhttps://cli.codecov.io/latest/linux/codecov.SHA256SUM.sig[0m
2025-11-24T16:51:45.9424514Z  
2025-11-24T16:51:46.0584565Z gpg: Signature made Mon Nov 10 14:58:43 2025 UTC
2025-11-24T16:51:46.0585522Z gpg:                using RSA key 27034E7FDB850E0BBC2C62FF806BB28AED779869
2025-11-24T16:51:46.0586886Z gpg: Good signature from "Codecov Uploader (Codecov Uploader Verification Key) <security@codecov.io>" [unknown]
2025-11-24T16:51:46.0588046Z gpg: WARNING: This key is not certified with a trusted signature!
2025-11-24T16:51:46.0589196Z gpg:          There is no indication that the signature belongs to the owner.
2025-11-24T16:51:46.0592707Z Primary key fingerprint: 2703 4E7F DB85 0E0B BC2C  62FF 806B B28A ED77 9869
2025-11-24T16:51:46.1242679Z codecov: OK
2025-11-24T16:51:46.1253077Z [0;32m==>[0m CLI integrity verified
2025-11-24T16:51:46.1253379Z 
2025-11-24T16:51:46.1866954Z [0;32m ->[0m Token length: 36
2025-11-24T16:51:46.1867789Z [0;32m==>[0m Running upload-coverage
2025-11-24T16:51:46.1877595Z       [0;36m./codecov  upload-coverage -t <redacted> --git-service github --sha 0adcd7e1398bb880ac5cf4e130903bb5de3c5906 --gcov-executable gcov --name pypy-3.10[0m
2025-11-24T16:51:46.5353034Z info - 2025-11-24 16:51:46,535 -- ci service found: github-actions
2025-11-24T16:51:46.5768375Z warning - 2025-11-24 16:51:46,576 -- xcrun is not installed or can't be found.
2025-11-24T16:51:46.6472618Z warning - 2025-11-24 16:51:46,647 -- No gcov data found.
2025-11-24T16:51:46.6476684Z warning - 2025-11-24 16:51:46,647 -- coverage.py is not installed or can't be found.
2025-11-24T16:51:46.6646030Z info - 2025-11-24 16:51:46,664 -- Found 1 coverage files to report
2025-11-24T16:51:46.6647061Z info - 2025-11-24 16:51:46,664 -- > /home/runner/work/tinuous/tinuous/coverage.xml
2025-11-24T16:51:47.3803659Z info - 2025-11-24 16:51:47,380 -- Your upload is now processing. When finished, results will be available at: https://app.codecov.io/github/con/tinuous/commit/0adcd7e1398bb880ac5cf4e130903bb5de3c5906
2025-11-24T16:51:47.4726869Z info - 2025-11-24 16:51:47,472 -- Process Upload complete
2025-11-24T16:51:47.5697424Z Post job cleanup.
2025-11-24T16:51:47.7295164Z Post job cleanup.
2025-11-24T16:51:47.8067904Z [command]/usr/bin/git version
2025-11-24T16:51:47.8134850Z git version 2.51.2
2025-11-24T16:51:47.8166630Z Copying '/home/runner/.gitconfig' to '/home/runner/work/_temp/4166b7f8-0547-4ddd-bbec-b0801ff911a0/.gitconfig'
2025-11-24T16:51:47.8175268Z Temporarily overriding HOME='/home/runner/work/_temp/4166b7f8-0547-4ddd-bbec-b0801ff911a0' before making global git config changes
2025-11-24T16:51:47.8176443Z Adding repository directory to the temporary git global config as a safe directory
2025-11-24T16:51:47.8181240Z [command]/usr/bin/git config --global --add safe.directory /home/runner/work/tinuous/tinuous
2025-11-24T16:51:47.8210179Z Removing SSH command configuration
2025-11-24T16:51:47.8216703Z [command]/usr/bin/git config --local --name-only --get-regexp core\.sshCommand
2025-11-24T16:51:47.8248956Z [command]/usr/bin/git submodule foreach --recursive sh -c "git config --local --name-only --get-regexp 'core\.sshCommand' && git config --local --unset-all 'core.sshCommand' || :"
2025-11-24T16:51:47.8468746Z Removing HTTP extra header
2025-11-24T16:51:47.8473890Z [command]/usr/bin/git config --local --name-only --get-regexp http\.https\:\/\/github\.com\/\.extraheader
2025-11-24T16:51:47.8504848Z [command]/usr/bin/git submodule foreach --recursive sh -c "git config --local --name-only --get-regexp 'http\.https\:\/\/github\.com\/\.extraheader' && git config --local --unset-all 'http.https://github.com/.extraheader' || :"
2025-11-24T16:51:47.8720547Z Removing includeIf entries pointing to credentials config files
2025-11-24T16:51:47.8726830Z [command]/usr/bin/git config --local --name-only --get-regexp ^includeIf\.gitdir:
2025-11-24T16:51:47.8748541Z includeif.gitdir:/home/runner/work/tinuous/tinuous/.git.path
2025-11-24T16:51:47.8748930Z includeif.gitdir:/github/workspace/.git.path
2025-11-24T16:51:47.8759749Z [command]/usr/bin/git config --local --get-all includeif.gitdir:/home/runner/work/tinuous/tinuous/.git.path
2025-11-24T16:51:47.8780510Z /home/runner/work/_temp/git-credentials-88994ffa-4195-4cee-8a5a-5fe5e1694549.config
2025-11-24T16:51:47.8792771Z [command]/usr/bin/git config --local --unset includeif.gitdir:/home/runner/work/tinuous/tinuous/.git.path /home/runner/work/_temp/git-credentials-88994ffa-4195-4cee-8a5a-5fe5e1694549.config
2025-11-24T16:51:47.8824329Z [command]/usr/bin/git config --local --get-all includeif.gitdir:/github/workspace/.git.path
2025-11-24T16:51:47.8844801Z /github/runner_temp/git-credentials-88994ffa-4195-4cee-8a5a-5fe5e1694549.config
2025-11-24T16:51:47.8854106Z [command]/usr/bin/git config --local --unset includeif.gitdir:/github/workspace/.git.path /github/runner_temp/git-credentials-88994ffa-4195-4cee-8a5a-5fe5e1694549.config
2025-11-24T16:51:47.8884459Z [command]/usr/bin/git submodule foreach --recursive git config --local --show-origin --name-only --get-regexp remote.origin.url
2025-11-24T16:51:47.9096894Z Removing credentials config '/home/runner/work/_temp/git-credentials-88994ffa-4195-4cee-8a5a-5fe5e1694549.config'
2025-11-24T16:51:47.9218066Z Cleaning up orphan processes
