2025-11-24T16:50:51.3406333Z Current runner version: '2.329.0'
2025-11-24T16:50:51.3431443Z ##[group]Runner Image Provisioner
2025-11-24T16:50:51.3432262Z Hosted Compute Agent
2025-11-24T16:50:51.3432907Z Version: 20251016.436
2025-11-24T16:50:51.3433486Z Commit: 8ab8ac8bfd662a3739dab9fe09456aba92132568
2025-11-24T16:50:51.3434173Z Build Date: 2025-10-15T20:44:12Z
2025-11-24T16:50:51.3434825Z ##[endgroup]
2025-11-24T16:50:51.3435351Z ##[group]Operating System
2025-11-24T16:50:51.3435920Z Ubuntu
2025-11-24T16:50:51.3436388Z 24.04.3
2025-11-24T16:50:51.3436858Z LTS
2025-11-24T16:50:51.3437494Z ##[endgroup]
2025-11-24T16:50:51.3437996Z ##[group]Runner Image
2025-11-24T16:50:51.3438633Z Image: ubuntu-24.04
2025-11-24T16:50:51.3439150Z Version: 20251112.124.1
2025-11-24T16:50:51.3440269Z Included Software: https://github.com/actions/runner-images/blob/ubuntu24/20251112.124/images/ubuntu/Ubuntu2404-Readme.md
2025-11-24T16:50:51.3441864Z Image Release: https://github.com/actions/runner-images/releases/tag/ubuntu24%2F20251112.124
2025-11-24T16:50:51.3442949Z ##[endgroup]
2025-11-24T16:50:51.3445336Z ##[group]GITHUB_TOKEN Permissions
2025-11-24T16:50:51.3447833Z Actions: read
2025-11-24T16:50:51.3448410Z ArtifactMetadata: read
2025-11-24T16:50:51.3448927Z Attestations: read
2025-11-24T16:50:51.3449532Z Checks: read
2025-11-24T16:50:51.3450053Z Contents: read
2025-11-24T16:50:51.3450519Z Deployments: read
2025-11-24T16:50:51.3451124Z Discussions: read
2025-11-24T16:50:51.3451597Z Issues: read
2025-11-24T16:50:51.3452083Z Metadata: read
2025-11-24T16:50:51.3452643Z Models: read
2025-11-24T16:50:51.3453097Z Packages: read
2025-11-24T16:50:51.3453595Z Pages: read
2025-11-24T16:50:51.3454152Z PullRequests: read
2025-11-24T16:50:51.3454697Z RepositoryProjects: read
2025-11-24T16:50:51.3455333Z SecurityEvents: read
2025-11-24T16:50:51.3455896Z Statuses: read
2025-11-24T16:50:51.3456398Z ##[endgroup]
2025-11-24T16:50:51.3459086Z Secret source: Dependabot
2025-11-24T16:50:51.3459868Z Prepare workflow directory
2025-11-24T16:50:51.3774087Z Prepare all required actions
2025-11-24T16:50:51.3811399Z Getting action download info
2025-11-24T16:50:51.6970403Z Download action repository 'actions/checkout@v6' (SHA:1af3b93b6815bc44a9784bd300feb67ff0d1eeb3)
2025-11-24T16:50:51.9529916Z Download action repository 'actions/setup-python@v5' (SHA:a26af69be951a213d495a4c3e4e4022e16d87065)
2025-11-24T16:50:52.0418911Z Download action repository 'codecov/codecov-action@v5' (SHA:5a1091511ad55cbe89839c7260b706298ca349f7)
2025-11-24T16:50:52.2817056Z Getting action download info
2025-11-24T16:50:52.4116883Z Download action repository 'actions/github-script@60a0d83039c74a4aee543508d2ffcb1c3799cdea' (SHA:60a0d83039c74a4aee543508d2ffcb1c3799cdea)
2025-11-24T16:50:52.6756752Z Complete job name: test (pypy-3.9, py)
2025-11-24T16:50:52.7527577Z ##[group]Run actions/checkout@v6
2025-11-24T16:50:52.7528842Z with:
2025-11-24T16:50:52.7529526Z   fetch-depth: 0
2025-11-24T16:50:52.7530290Z   repository: con/tinuous
2025-11-24T16:50:52.7531349Z   token: ***
2025-11-24T16:50:52.7532063Z   ssh-strict: true
2025-11-24T16:50:52.7532832Z   ssh-user: git
2025-11-24T16:50:52.7533585Z   persist-credentials: true
2025-11-24T16:50:52.7534433Z   clean: true
2025-11-24T16:50:52.7535193Z   sparse-checkout-cone-mode: true
2025-11-24T16:50:52.7536109Z   fetch-tags: false
2025-11-24T16:50:52.7536871Z   show-progress: true
2025-11-24T16:50:52.7537793Z   lfs: false
2025-11-24T16:50:52.7538517Z   submodules: false
2025-11-24T16:50:52.7539301Z   set-safe-directory: true
2025-11-24T16:50:52.7540363Z ##[endgroup]
2025-11-24T16:50:52.8454670Z Syncing repository: con/tinuous
2025-11-24T16:50:52.8457447Z ##[group]Getting Git version info
2025-11-24T16:50:52.8458733Z Working directory is '/home/runner/work/tinuous/tinuous'
2025-11-24T16:50:52.8460660Z [command]/usr/bin/git version
2025-11-24T16:50:52.8506307Z git version 2.51.2
2025-11-24T16:50:52.8526732Z ##[endgroup]
2025-11-24T16:50:52.8540125Z Temporarily overriding HOME='/home/runner/work/_temp/70084174-ab71-491c-bb6d-71c0e4c7972a' before making global git config changes
2025-11-24T16:50:52.8542953Z Adding repository directory to the temporary git global config as a safe directory
2025-11-24T16:50:52.8546050Z [command]/usr/bin/git config --global --add safe.directory /home/runner/work/tinuous/tinuous
2025-11-24T16:50:52.8579912Z Deleting the contents of '/home/runner/work/tinuous/tinuous'
2025-11-24T16:50:52.8583245Z ##[group]Initializing the repository
2025-11-24T16:50:52.8587369Z [command]/usr/bin/git init /home/runner/work/tinuous/tinuous
2025-11-24T16:50:52.8695243Z hint: Using 'master' as the name for the initial branch. This default branch name
2025-11-24T16:50:52.8698582Z hint: is subject to change. To configure the initial branch name to use in all
2025-11-24T16:50:52.8701008Z hint: of your new repositories, which will suppress this warning, call:
2025-11-24T16:50:52.8702244Z hint:
2025-11-24T16:50:52.8703056Z hint: 	git config --global init.defaultBranch <name>
2025-11-24T16:50:52.8704080Z hint:
2025-11-24T16:50:52.8705054Z hint: Names commonly chosen instead of 'master' are 'main', 'trunk' and
2025-11-24T16:50:52.8707432Z hint: 'development'. The just-created branch can be renamed via this command:
2025-11-24T16:50:52.8708739Z hint:
2025-11-24T16:50:52.8709544Z hint: 	git branch -m <name>
2025-11-24T16:50:52.8710469Z hint:
2025-11-24T16:50:52.8711707Z hint: Disable this message with "git config set advice.defaultBranchName false"
2025-11-24T16:50:52.8713447Z Initialized empty Git repository in /home/runner/work/tinuous/tinuous/.git/
2025-11-24T16:50:52.8716120Z [command]/usr/bin/git remote add origin https://github.com/con/tinuous
2025-11-24T16:50:52.8777420Z ##[endgroup]
2025-11-24T16:50:52.8781188Z ##[group]Disabling automatic garbage collection
2025-11-24T16:50:52.8782362Z [command]/usr/bin/git config --local gc.auto 0
2025-11-24T16:50:52.8808383Z ##[endgroup]
2025-11-24T16:50:52.8809868Z ##[group]Setting up auth
2025-11-24T16:50:52.8810771Z Removing SSH command configuration
2025-11-24T16:50:52.8815866Z [command]/usr/bin/git config --local --name-only --get-regexp core\.sshCommand
2025-11-24T16:50:52.8848032Z [command]/usr/bin/git submodule foreach --recursive sh -c "git config --local --name-only --get-regexp 'core\.sshCommand' && git config --local --unset-all 'core.sshCommand' || :"
2025-11-24T16:50:52.9150323Z Removing HTTP extra header
2025-11-24T16:50:52.9156446Z [command]/usr/bin/git config --local --name-only --get-regexp http\.https\:\/\/github\.com\/\.extraheader
2025-11-24T16:50:52.9186196Z [command]/usr/bin/git submodule foreach --recursive sh -c "git config --local --name-only --get-regexp 'http\.https\:\/\/github\.com\/\.extraheader' && git config --local --unset-all 'http.https://github.com/.extraheader' || :"
2025-11-24T16:50:52.9396401Z Removing includeIf entries pointing to credentials config files
2025-11-24T16:50:52.9402237Z [command]/usr/bin/git config --local --name-only --get-regexp ^includeIf\.gitdir:
2025-11-24T16:50:52.9433899Z [command]/usr/bin/git submodule foreach --recursive git config --local --show-origin --name-only --get-regexp remote.origin.url
2025-11-24T16:50:52.9654458Z [command]/usr/bin/git config --file /home/runner/work/_temp/git-credentials-e39dc19c-2895-49ae-b238-85db01ce4165.config http.https://github.com/.extraheader AUTHORIZATION: basic ***
2025-11-24T16:50:52.9761505Z [command]/usr/bin/git config --local includeIf.gitdir:/home/runner/work/tinuous/tinuous/.git.path /home/runner/work/_temp/git-credentials-e39dc19c-2895-49ae-b238-85db01ce4165.config
2025-11-24T16:50:52.9770688Z [command]/usr/bin/git config --local includeIf.gitdir:/github/workspace/.git.path /github/runner_temp/git-credentials-e39dc19c-2895-49ae-b238-85db01ce4165.config
2025-11-24T16:50:52.9776604Z ##[endgroup]
2025-11-24T16:50:52.9778371Z ##[group]Fetching the repository
2025-11-24T16:50:52.9781576Z [command]/usr/bin/git -c protocol.version=2 fetch --prune --no-recurse-submodules origin +refs/heads/*:refs/remotes/origin/* +refs/tags/*:refs/tags/* +3f2df2d3600e43a6dab87c742b70b7906c2e1405:refs/remotes/pull/219/merge
2025-11-24T16:50:53.3520253Z From https://github.com/con/tinuous
2025-11-24T16:50:53.3522223Z  * [new branch]      bf-circleci                              -> origin/bf-circleci
2025-11-24T16:50:53.3524415Z  * [new branch]      dependabot/github_actions/actions/checkout-6 -> origin/dependabot/github_actions/actions/checkout-6
2025-11-24T16:50:53.3527466Z  * [new branch]      dependabot/github_actions/actions/setup-python-6 -> origin/dependabot/github_actions/actions/setup-python-6
2025-11-24T16:50:53.3529815Z  * [new branch]      gh-55                                    -> origin/gh-55
2025-11-24T16:50:53.3531532Z  * [new branch]      master                                   -> origin/master
2025-11-24T16:50:53.3533389Z  * [new branch]      no-extra-search                          -> origin/no-extra-search
2025-11-24T16:50:53.3535149Z  * [new branch]      pragmata                                 -> origin/pragmata
2025-11-24T16:50:53.3536589Z  * [new branch]      test-appveyor                            -> origin/test-appveyor
2025-11-24T16:50:53.3538180Z  * [new tag]         0.1.0                                    -> 0.1.0
2025-11-24T16:50:53.3539379Z  * [new tag]         0.2.0                                    -> 0.2.0
2025-11-24T16:50:53.3540585Z  * [new tag]         0.3.0                                    -> 0.3.0
2025-11-24T16:50:53.3541855Z  * [new tag]         0.4.0                                    -> 0.4.0
2025-11-24T16:50:53.3543152Z  * [new tag]         0.5.0                                    -> 0.5.0
2025-11-24T16:50:53.3544454Z  * [new tag]         0.5.1                                    -> 0.5.1
2025-11-24T16:50:53.3545727Z  * [new tag]         0.5.2                                    -> 0.5.2
2025-11-24T16:50:53.3547201Z  * [new tag]         0.5.3                                    -> 0.5.3
2025-11-24T16:50:53.3548476Z  * [new tag]         0.5.4                                    -> 0.5.4
2025-11-24T16:50:53.3549797Z  * [new tag]         0.6.0                                    -> 0.6.0
2025-11-24T16:50:53.3550998Z  * [new tag]         0.6.1                                    -> 0.6.1
2025-11-24T16:50:53.3552218Z  * [new tag]         0.7.0                                    -> 0.7.0
2025-11-24T16:50:53.3553444Z  * [new tag]         0.7.1                                    -> 0.7.1
2025-11-24T16:50:53.3554717Z  * [new tag]         0.7.2                                    -> 0.7.2
2025-11-24T16:50:53.3556101Z  * [new ref]         3f2df2d3600e43a6dab87c742b70b7906c2e1405 -> pull/219/merge
2025-11-24T16:50:53.3586578Z ##[endgroup]
2025-11-24T16:50:53.3588016Z ##[group]Determining the checkout info
2025-11-24T16:50:53.3589090Z ##[endgroup]
2025-11-24T16:50:53.3593222Z [command]/usr/bin/git sparse-checkout disable
2025-11-24T16:50:53.3633673Z [command]/usr/bin/git config --local --unset-all extensions.worktreeConfig
2025-11-24T16:50:53.3661005Z ##[group]Checking out the ref
2025-11-24T16:50:53.3664491Z [command]/usr/bin/git checkout --progress --force refs/remotes/pull/219/merge
2025-11-24T16:50:53.3717649Z Note: switching to 'refs/remotes/pull/219/merge'.
2025-11-24T16:50:53.3718364Z 
2025-11-24T16:50:53.3719159Z You are in 'detached HEAD' state. You can look around, make experimental
2025-11-24T16:50:53.3720821Z changes and commit them, and you can discard any commits you make in this
2025-11-24T16:50:53.3722372Z state without impacting any branches by switching back to a branch.
2025-11-24T16:50:53.3723318Z 
2025-11-24T16:50:53.3724050Z If you want to create a new branch to retain commits you create, you may
2025-11-24T16:50:53.3725699Z do so (now or later) by using -c with the switch command. Example:
2025-11-24T16:50:53.3726618Z 
2025-11-24T16:50:53.3727319Z   git switch -c <new-branch-name>
2025-11-24T16:50:53.3728009Z 
2025-11-24T16:50:53.3728514Z Or undo this operation with:
2025-11-24T16:50:53.3729148Z 
2025-11-24T16:50:53.3729587Z   git switch -
2025-11-24T16:50:53.3730148Z 
2025-11-24T16:50:53.3730942Z Turn off this advice by setting config variable advice.detachedHead to false
2025-11-24T16:50:53.3731972Z 
2025-11-24T16:50:53.3733039Z HEAD is now at 3f2df2d Merge 0adcd7e1398bb880ac5cf4e130903bb5de3c5906 into 996b2b07ba111d746f412ad3e634e1eddc22c7b8
2025-11-24T16:50:53.3736710Z ##[endgroup]
2025-11-24T16:50:53.3764368Z [command]/usr/bin/git log -1 --format=%H
2025-11-24T16:50:53.3787248Z 3f2df2d3600e43a6dab87c742b70b7906c2e1405
2025-11-24T16:50:53.4103639Z ##[group]Run actions/setup-python@v5
2025-11-24T16:50:53.4104391Z with:
2025-11-24T16:50:53.4104989Z   python-version: pypy-3.9
2025-11-24T16:50:53.4105639Z   check-latest: false
2025-11-24T16:50:53.4106428Z   token: ***
2025-11-24T16:50:53.4107209Z   update-environment: true
2025-11-24T16:50:53.4107877Z   allow-prereleases: false
2025-11-24T16:50:53.4108517Z   freethreaded: false
2025-11-24T16:50:53.4109112Z ##[endgroup]
2025-11-24T16:50:53.5797866Z ##[group]Installed versions
2025-11-24T16:50:53.6369479Z Successfully set up PyPy 7.3.16 with Python (3.9.19)
2025-11-24T16:50:53.6371421Z ##[endgroup]
2025-11-24T16:50:53.6501390Z ##[group]Run python -m pip install --upgrade pip wheel
2025-11-24T16:50:53.6502314Z [36;1mpython -m pip install --upgrade pip wheel[0m
2025-11-24T16:50:53.6503157Z [36;1mpython -m pip install --upgrade --upgrade-strategy=eager tox[0m
2025-11-24T16:50:53.6547480Z shell: /usr/bin/bash -e {0}
2025-11-24T16:50:53.6548087Z env:
2025-11-24T16:50:53.6548707Z   pythonLocation: /opt/hostedtoolcache/PyPy/3.9.19/x64
2025-11-24T16:50:53.6549496Z   Python_ROOT_DIR: /opt/hostedtoolcache/PyPy/3.9.19/x64
2025-11-24T16:50:53.6550274Z   Python2_ROOT_DIR: /opt/hostedtoolcache/PyPy/3.9.19/x64
2025-11-24T16:50:53.6551055Z   Python3_ROOT_DIR: /opt/hostedtoolcache/PyPy/3.9.19/x64
2025-11-24T16:50:53.6551902Z   PKG_CONFIG_PATH: /opt/hostedtoolcache/PyPy/3.9.19/x64/bin/lib/pkgconfig
2025-11-24T16:50:53.6552661Z ##[endgroup]
2025-11-24T16:51:01.7854449Z Requirement already satisfied: pip in /opt/hostedtoolcache/PyPy/3.9.19/x64/lib/pypy3.9/site-packages (23.0.1)
2025-11-24T16:51:02.2483909Z Collecting pip
2025-11-24T16:51:02.3166767Z   Downloading pip-25.3-py3-none-any.whl.metadata (4.7 kB)
2025-11-24T16:51:02.3967287Z Collecting wheel
2025-11-24T16:51:02.4040457Z   Downloading wheel-0.45.1-py3-none-any.whl.metadata (2.3 kB)
2025-11-24T16:51:02.4223016Z Downloading pip-25.3-py3-none-any.whl (1.8 MB)
2025-11-24T16:51:02.4751237Z    ━━━━━━━━━━━━━━━━━━━━━━━━━━━━━━━━━━━━━━━━ 1.8/1.8 MB 80.8 MB/s  0:00:00
2025-11-24T16:51:02.4837569Z Downloading wheel-0.45.1-py3-none-any.whl (72 kB)
2025-11-24T16:51:02.6943761Z Installing collected packages: wheel, pip
2025-11-24T16:51:02.7928746Z   Attempting uninstall: pip
2025-11-24T16:51:02.7940836Z     Found existing installation: pip 23.0.1
2025-11-24T16:51:02.9565315Z     Uninstalling pip-23.0.1:
2025-11-24T16:51:03.0811157Z       Successfully uninstalled pip-23.0.1
2025-11-24T16:51:04.1686073Z 
2025-11-24T16:51:04.1733401Z Successfully installed pip-25.3 wheel-0.45.1
2025-11-24T16:51:05.2638653Z Collecting tox
2025-11-24T16:51:05.3246654Z   Downloading tox-4.30.3-py3-none-any.whl.metadata (3.6 kB)
2025-11-24T16:51:05.3706155Z Collecting cachetools>=6.1 (from tox)
2025-11-24T16:51:05.3791101Z   Downloading cachetools-6.2.2-py3-none-any.whl.metadata (5.6 kB)
2025-11-24T16:51:05.4096683Z Collecting chardet>=5.2 (from tox)
2025-11-24T16:51:05.4153204Z   Downloading chardet-5.2.0-py3-none-any.whl.metadata (3.4 kB)
2025-11-24T16:51:05.4597614Z Collecting colorama>=0.4.6 (from tox)
2025-11-24T16:51:05.4665465Z   Downloading colorama-0.4.6-py2.py3-none-any.whl.metadata (17 kB)
2025-11-24T16:51:05.5135576Z Collecting filelock>=3.18 (from tox)
2025-11-24T16:51:05.5189368Z   Downloading filelock-3.19.1-py3-none-any.whl.metadata (2.1 kB)
2025-11-24T16:51:05.5501708Z Collecting packaging>=25 (from tox)
2025-11-24T16:51:05.5551510Z   Downloading packaging-25.0-py3-none-any.whl.metadata (3.3 kB)
2025-11-24T16:51:05.5872498Z Collecting platformdirs>=4.3.8 (from tox)
2025-11-24T16:51:05.5925136Z   Downloading platformdirs-4.4.0-py3-none-any.whl.metadata (12 kB)
2025-11-24T16:51:05.6261654Z Collecting pluggy>=1.6 (from tox)
2025-11-24T16:51:05.6346228Z   Downloading pluggy-1.6.0-py3-none-any.whl.metadata (4.8 kB)
2025-11-24T16:51:05.6989775Z Collecting pyproject-api>=1.9.1 (from tox)
2025-11-24T16:51:05.7049021Z   Downloading pyproject_api-1.9.1-py3-none-any.whl.metadata (2.7 kB)
2025-11-24T16:51:05.7465379Z Collecting tomli>=2.2.1 (from tox)
2025-11-24T16:51:05.7516777Z   Downloading tomli-2.3.0-py3-none-any.whl.metadata (10 kB)
2025-11-24T16:51:05.7884112Z Collecting typing-extensions>=4.14.1 (from tox)
2025-11-24T16:51:05.7934769Z   Downloading typing_extensions-4.15.0-py3-none-any.whl.metadata (3.3 kB)
2025-11-24T16:51:05.8706061Z Collecting virtualenv>=20.31.2 (from tox)
2025-11-24T16:51:05.8762471Z   Downloading virtualenv-20.35.4-py3-none-any.whl.metadata (4.6 kB)
2025-11-24T16:51:05.9344194Z Collecting distlib<1,>=0.3.7 (from virtualenv>=20.31.2->tox)
2025-11-24T16:51:05.9392646Z   Downloading distlib-0.4.0-py2.py3-none-any.whl.metadata (5.2 kB)
2025-11-24T16:51:05.9663704Z Downloading tox-4.30.3-py3-none-any.whl (175 kB)
2025-11-24T16:51:05.9806121Z Downloading cachetools-6.2.2-py3-none-any.whl (11 kB)
2025-11-24T16:51:05.9894331Z Downloading chardet-5.2.0-py3-none-any.whl (199 kB)
2025-11-24T16:51:05.9994053Z Downloading colorama-0.4.6-py2.py3-none-any.whl (25 kB)
2025-11-24T16:51:06.0067203Z Downloading filelock-3.19.1-py3-none-any.whl (15 kB)
2025-11-24T16:51:06.0143997Z Downloading packaging-25.0-py3-none-any.whl (66 kB)
2025-11-24T16:51:06.0220496Z Downloading platformdirs-4.4.0-py3-none-any.whl (18 kB)
2025-11-24T16:51:06.0299569Z Downloading pluggy-1.6.0-py3-none-any.whl (20 kB)
2025-11-24T16:51:06.0372543Z Downloading pyproject_api-1.9.1-py3-none-any.whl (13 kB)
2025-11-24T16:51:06.0448775Z Downloading tomli-2.3.0-py3-none-any.whl (14 kB)
2025-11-24T16:51:06.0522926Z Downloading typing_extensions-4.15.0-py3-none-any.whl (44 kB)
2025-11-24T16:51:06.0636601Z Downloading virtualenv-20.35.4-py3-none-any.whl (6.0 MB)
2025-11-24T16:51:06.1158427Z    ━━━━━━━━━━━━━━━━━━━━━━━━━━━━━━━━━━━━━━━━ 6.0/6.0 MB 130.3 MB/s  0:00:00
2025-11-24T16:51:06.1214404Z Downloading distlib-0.4.0-py2.py3-none-any.whl (469 kB)
2025-11-24T16:51:06.2538387Z Installing collected packages: distlib, typing-extensions, tomli, pluggy, platformdirs, packaging, filelock, colorama, chardet, cachetools, virtualenv, pyproject-api, tox
2025-11-24T16:51:07.2583114Z 
2025-11-24T16:51:07.2660682Z Successfully installed cachetools-6.2.2 chardet-5.2.0 colorama-0.4.6 distlib-0.4.0 filelock-3.19.1 packaging-25.0 platformdirs-4.4.0 pluggy-1.6.0 pyproject-api-1.9.1 tomli-2.3.0 tox-4.30.3 typing-extensions-4.15.0 virtualenv-20.35.4
2025-11-24T16:51:07.2891215Z ##[group]Run tox -e py -- --cov-report=xml
2025-11-24T16:51:07.2891565Z [36;1mtox -e py -- --cov-report=xml[0m
2025-11-24T16:51:07.2924631Z shell: /usr/bin/bash -e {0}
2025-11-24T16:51:07.2924865Z env:
2025-11-24T16:51:07.2925101Z   pythonLocation: /opt/hostedtoolcache/PyPy/3.9.19/x64
2025-11-24T16:51:07.2925453Z   Python_ROOT_DIR: /opt/hostedtoolcache/PyPy/3.9.19/x64
2025-11-24T16:51:07.2925804Z   Python2_ROOT_DIR: /opt/hostedtoolcache/PyPy/3.9.19/x64
2025-11-24T16:51:07.2926161Z   Python3_ROOT_DIR: /opt/hostedtoolcache/PyPy/3.9.19/x64
2025-11-24T16:51:07.2926541Z   PKG_CONFIG_PATH: /opt/hostedtoolcache/PyPy/3.9.19/x64/bin/lib/pkgconfig
2025-11-24T16:51:07.2926867Z ##[endgroup]
2025-11-24T16:51:08.6815443Z py: install_deps> python -I -m pip install pytest pytest-cov pytest-mock
2025-11-24T16:51:13.0880467Z .pkg: install_requires> python -I -m pip install 'setuptools>=46.4.0' versioningit
2025-11-24T16:51:15.2171872Z .pkg: _optional_hooks> python /opt/hostedtoolcache/PyPy/3.9.19/x64/lib/pypy3.9/site-packages/pyproject_api/_backend.py True setuptools.build_meta
2025-11-24T16:51:15.7555248Z .pkg: get_requires_for_build_sdist> python /opt/hostedtoolcache/PyPy/3.9.19/x64/lib/pypy3.9/site-packages/pyproject_api/_backend.py True setuptools.build_meta
2025-11-24T16:51:16.2292756Z .pkg: get_requires_for_build_wheel> python /opt/hostedtoolcache/PyPy/3.9.19/x64/lib/pypy3.9/site-packages/pyproject_api/_backend.py True setuptools.build_meta
2025-11-24T16:51:16.6764659Z .pkg: freeze> python -m pip freeze --all
2025-11-24T16:51:17.1919997Z .pkg: cffi==1.17.0.dev0,greenlet==0.4.13,hpy==0.9.0,importlib_metadata==8.7.0,packaging==25.0,pip==25.3,readline==6.2.4.1,setuptools==80.9.0,tomli==2.3.0,versioningit==3.3.0,zipp==3.23.0
2025-11-24T16:51:17.1929760Z .pkg: prepare_metadata_for_build_wheel> python /opt/hostedtoolcache/PyPy/3.9.19/x64/lib/pypy3.9/site-packages/pyproject_api/_backend.py True setuptools.build_meta
2025-11-24T16:51:17.7091614Z .pkg: build_sdist> python /opt/hostedtoolcache/PyPy/3.9.19/x64/lib/pypy3.9/site-packages/pyproject_api/_backend.py True setuptools.build_meta
2025-11-24T16:51:18.2238896Z py: install_package_deps> python -I -m pip install 'PyYAML>=5.0' 'click-loglevel~=0.2' 'click>=7.0' 'ghtoken~=0.1' 'in_place~=1.0' 'pydantic~=2.0' 'python-dateutil~=2.7' 'python-dotenv<2.0,>=0.11' 'requests~=2.20'
2025-11-24T16:54:49.6623975Z py: install_package> python -I -m pip install --force-reinstall --no-deps /home/runner/work/tinuous/tinuous/.tox/.tmp/package/1/tinuous-0.7.2.post2+g3f2df2d.tar.gz
2025-11-24T16:54:54.0048447Z py: freeze> python -m pip freeze --all
2025-11-24T16:54:54.5492465Z py: annotated-types==0.7.0,certifi==2025.11.12,cffi==1.17.0.dev0,charset-normalizer==3.4.4,click==8.1.8,click-loglevel==0.7.0,coverage==7.10.7,exceptiongroup==1.3.1,ghtoken==0.1.2,greenlet==0.4.13,hpy==0.9.0,idna==3.11,in_place==1.0.1,iniconfig==2.1.0,packaging==25.0,pip==25.3,pluggy==1.6.0,pydantic==2.12.4,pydantic_core==2.41.5,Pygments==2.19.2,pytest==8.4.2,pytest-cov==7.0.0,pytest-mock==3.15.1,python-dateutil==2.9.0.post0,python-dotenv==1.2.1,PyYAML==6.0.3,readline==6.2.4.1,requests==2.32.5,ruamel.yaml==0.18.16,setuptools==80.9.0,six==1.17.0,tinuous @ file:///home/runner/work/tinuous/tinuous/.tox/.tmp/package/1/tinuous-0.7.2.post2%2Bg3f2df2d.tar.gz#sha256=ad79c67424e2acb10d5c7d6ffb8a3b0e8f61fbcb0f75e32768088f0708fe2ff9,tomli==2.3.0,typing-inspection==0.4.2,typing_extensions==4.15.0,urllib3==2.5.0
2025-11-24T16:54:54.5502493Z py: commands[0]> tinuous --help
2025-11-24T16:54:55.3538523Z Usage: tinuous [OPTIONS] COMMAND [ARGS]...
2025-11-24T16:54:55.3538964Z 
2025-11-24T16:54:55.3539236Z   Download build logs from GitHub Actions, Travis, Appveyor, and CircleCI
2025-11-24T16:54:55.3539617Z 
2025-11-24T16:54:55.3539720Z Options:
2025-11-24T16:54:55.3540094Z   -V, --version                   Show the version and exit.
2025-11-24T16:54:55.3540619Z   -c, --config FILE               Read configuration from the given file
2025-11-24T16:54:55.3541098Z                                   [default: tinuous.yaml]
2025-11-24T16:54:55.3541993Z   -E, --env FILE                  Load environment variables from given .env
2025-11-24T16:54:55.3542473Z                                   file
2025-11-24T16:54:55.3542925Z   -l, --log-level [NOTSET|DEBUG|INFO|WARNING|ERROR|CRITICAL]
2025-11-24T16:54:55.3543413Z                                   Set logging level  [default: INFO]
2025-11-24T16:54:55.3543866Z   --help                          Show this message and exit.
2025-11-24T16:54:55.3544164Z 
2025-11-24T16:54:55.3544263Z Commands:
2025-11-24T16:54:55.3544534Z   fetch         Download logs
2025-11-24T16:54:55.3544912Z   fetch-commit  Download logs for a specific commit
2025-11-24T16:54:55.3545342Z   sanitize      Sanitize secrets in logs
2025-11-24T16:54:55.3636461Z py: commands[1]> pytest --cov-report=xml test
2025-11-24T16:54:59.4643970Z ============================= test session starts ==============================
2025-11-24T16:54:59.4650204Z platform linux -- Python 3.9.19[pypy-7.3.16-final], pytest-8.4.2, pluggy-1.6.0
2025-11-24T16:54:59.4650771Z cachedir: .tox/py/.pytest_cache
2025-11-24T16:54:59.4651090Z rootdir: /home/runner/work/tinuous/tinuous
2025-11-24T16:54:59.4651404Z configfile: tox.ini
2025-11-24T16:54:59.4651652Z plugins: cov-7.0.0, mock-3.15.1
2025-11-24T16:54:59.4651913Z collected 64 items
2025-11-24T16:54:59.4652057Z 
2025-11-24T16:54:59.5710737Z test/test_base.py .........                                              [ 14%]
2025-11-24T16:54:59.6559933Z test/test_config.py ........                                             [ 26%]
2025-11-24T16:54:59.8133577Z test/test_state.py ........                                              [ 39%]
2025-11-24T16:55:01.3734729Z test/test_util.py .......................................                [100%]
2025-11-24T16:55:01.3735319Z 
2025-11-24T16:55:01.3735571Z ================================ tests coverage ================================
2025-11-24T16:55:01.3736421Z _______________ coverage: platform linux, python 3.9.19-final-0 ________________
2025-11-24T16:55:01.3737337Z 
2025-11-24T16:55:01.3737571Z Coverage XML written to file coverage.xml
2025-11-24T16:55:01.3738210Z ============================== 64 passed in 4.48s ==============================
2025-11-24T16:55:01.3891403Z   py: OK (233.35=setup[226.52]+cmd[0.81,6.02] seconds)
2025-11-24T16:55:01.3891936Z   congratulations :) (233.44 seconds)
2025-11-24T16:55:01.4198920Z ##[group]Run codecov/codecov-action@v5
2025-11-24T16:55:01.4199185Z with:
2025-11-24T16:55:01.4199366Z   fail_ci_if_error: false
2025-11-24T16:55:01.4199749Z   token: ***
2025-11-24T16:55:01.4199921Z   name: pypy-3.9
2025-11-24T16:55:01.4200109Z   disable_file_fixes: false
2025-11-24T16:55:01.4200317Z   disable_search: false
2025-11-24T16:55:01.4200515Z   disable_safe_directory: false
2025-11-24T16:55:01.4200727Z   disable_telem: false
2025-11-24T16:55:01.4200904Z   dry_run: false
2025-11-24T16:55:01.4201076Z   git_service: github
2025-11-24T16:55:01.4201256Z   gcov_executable: gcov
2025-11-24T16:55:01.4201453Z   handle_no_reports_found: false
2025-11-24T16:55:01.4201675Z   recurse_submodules: false
2025-11-24T16:55:01.4201881Z   run_command: upload-coverage
2025-11-24T16:55:01.4202093Z   skip_validation: false
2025-11-24T16:55:01.4202292Z   use_legacy_upload_endpoint: false
2025-11-24T16:55:01.4202513Z   use_oidc: false
2025-11-24T16:55:01.4202692Z   use_pypi: false
2025-11-24T16:55:01.4202883Z   verbose: false
2025-11-24T16:55:01.4203044Z   version: latest
2025-11-24T16:55:01.4203208Z env:
2025-11-24T16:55:01.4203424Z   pythonLocation: /opt/hostedtoolcache/PyPy/3.9.19/x64
2025-11-24T16:55:01.4203755Z   Python_ROOT_DIR: /opt/hostedtoolcache/PyPy/3.9.19/x64
2025-11-24T16:55:01.4204077Z   Python2_ROOT_DIR: /opt/hostedtoolcache/PyPy/3.9.19/x64
2025-11-24T16:55:01.4204402Z   Python3_ROOT_DIR: /opt/hostedtoolcache/PyPy/3.9.19/x64
2025-11-24T16:55:01.4204777Z   PKG_CONFIG_PATH: /opt/hostedtoolcache/PyPy/3.9.19/x64/bin/lib/pkgconfig
2025-11-24T16:55:01.4205095Z ##[endgroup]
2025-11-24T16:55:01.4278202Z ##[group]Run missing_deps=""
2025-11-24T16:55:01.4278458Z [36;1mmissing_deps=""[0m
2025-11-24T16:55:01.4278650Z [36;1m[0m
2025-11-24T16:55:01.4278829Z [36;1m# Check for required commands[0m
2025-11-24T16:55:01.4279078Z [36;1mfor cmd in bash git curl gpg; do[0m
2025-11-24T16:55:01.4279355Z [36;1m  if ! command -v "$cmd" >/dev/null 2>&1; then[0m
2025-11-24T16:55:01.4279645Z [36;1m    missing_deps="$missing_deps $cmd"[0m
2025-11-24T16:55:01.4279890Z [36;1m  fi[0m
2025-11-24T16:55:01.4280055Z [36;1mdone[0m
2025-11-24T16:55:01.4280213Z [36;1m[0m
2025-11-24T16:55:01.4280402Z [36;1m# Report missing required dependencies[0m
2025-11-24T16:55:01.4280668Z [36;1mif [ -n "$missing_deps" ]; then[0m
2025-11-24T16:55:01.4281025Z [36;1m  echo "Error: The following required dependencies are missing:$missing_deps"[0m
2025-11-24T16:55:01.4281490Z [36;1m  echo "Please install these dependencies before using this action."[0m
2025-11-24T16:55:01.4281816Z [36;1m  exit 1[0m
2025-11-24T16:55:01.4281977Z [36;1mfi[0m
2025-11-24T16:55:01.4282136Z [36;1m[0m
2025-11-24T16:55:01.4282366Z [36;1mecho "All required system dependencies are available."[0m
2025-11-24T16:55:01.4444495Z shell: /usr/bin/sh -e {0}
2025-11-24T16:55:01.4444738Z env:
2025-11-24T16:55:01.4445004Z   pythonLocation: /opt/hostedtoolcache/PyPy/3.9.19/x64
2025-11-24T16:55:01.4445427Z   Python_ROOT_DIR: /opt/hostedtoolcache/PyPy/3.9.19/x64
2025-11-24T16:55:01.4445827Z   Python2_ROOT_DIR: /opt/hostedtoolcache/PyPy/3.9.19/x64
2025-11-24T16:55:01.4446225Z   Python3_ROOT_DIR: /opt/hostedtoolcache/PyPy/3.9.19/x64
2025-11-24T16:55:01.4446835Z   PKG_CONFIG_PATH: /opt/hostedtoolcache/PyPy/3.9.19/x64/bin/lib/pkgconfig
2025-11-24T16:55:01.4447385Z ##[endgroup]
2025-11-24T16:55:01.4512793Z All required system dependencies are available.
2025-11-24T16:55:01.4536313Z ##[group]Run CC_ACTION_VERSION=$(cat ${GITHUB_ACTION_PATH}/src/version)
2025-11-24T16:55:01.4536736Z [36;1mCC_ACTION_VERSION=$(cat ${GITHUB_ACTION_PATH}/src/version)[0m
2025-11-24T16:55:01.4537351Z [36;1mecho -e "\033[0;32m==>\033[0m Running Action version $CC_ACTION_VERSION"[0m
2025-11-24T16:55:01.4565934Z shell: /usr/bin/bash --noprofile --norc -e -o pipefail {0}
2025-11-24T16:55:01.4566275Z env:
2025-11-24T16:55:01.4566508Z   pythonLocation: /opt/hostedtoolcache/PyPy/3.9.19/x64
2025-11-24T16:55:01.4566857Z   Python_ROOT_DIR: /opt/hostedtoolcache/PyPy/3.9.19/x64
2025-11-24T16:55:01.4567575Z   Python2_ROOT_DIR: /opt/hostedtoolcache/PyPy/3.9.19/x64
2025-11-24T16:55:01.4567931Z   Python3_ROOT_DIR: /opt/hostedtoolcache/PyPy/3.9.19/x64
2025-11-24T16:55:01.4568310Z   PKG_CONFIG_PATH: /opt/hostedtoolcache/PyPy/3.9.19/x64/bin/lib/pkgconfig
2025-11-24T16:55:01.4568631Z ##[endgroup]
2025-11-24T16:55:01.4630693Z [0;32m==>[0m Running Action version 5.5.1
2025-11-24T16:55:01.4668360Z ##[group]Run git config --global --add safe.directory "/home/runner/work/tinuous/tinuous"
2025-11-24T16:55:01.4668880Z [36;1mgit config --global --add safe.directory "/home/runner/work/tinuous/tinuous"[0m
2025-11-24T16:55:01.4669325Z [36;1mgit config --global --add safe.directory "$GITHUB_WORKSPACE"[0m
2025-11-24T16:55:01.4697752Z shell: /usr/bin/bash --noprofile --norc -e -o pipefail {0}
2025-11-24T16:55:01.4698051Z env:
2025-11-24T16:55:01.4698282Z   pythonLocation: /opt/hostedtoolcache/PyPy/3.9.19/x64
2025-11-24T16:55:01.4698614Z   Python_ROOT_DIR: /opt/hostedtoolcache/PyPy/3.9.19/x64
2025-11-24T16:55:01.4698954Z   Python2_ROOT_DIR: /opt/hostedtoolcache/PyPy/3.9.19/x64
2025-11-24T16:55:01.4699281Z   Python3_ROOT_DIR: /opt/hostedtoolcache/PyPy/3.9.19/x64
2025-11-24T16:55:01.4699649Z   PKG_CONFIG_PATH: /opt/hostedtoolcache/PyPy/3.9.19/x64/bin/lib/pkgconfig
2025-11-24T16:55:01.4699971Z ##[endgroup]
2025-11-24T16:55:01.4796400Z ##[group]Run CC_FORK="false"
2025-11-24T16:55:01.4796639Z [36;1mCC_FORK="false"[0m
2025-11-24T16:55:01.4797421Z [36;1mif [ -n "$GITHUB_EVENT_PULL_REQUEST_HEAD_REPO_FULL_NAME" ] && [ "$GITHUB_EVENT_PULL_REQUEST_HEAD_REPO_FULL_NAME" != "$GITHUB_REPOSITORY" ];[0m
2025-11-24T16:55:01.4797925Z [36;1mthen[0m
2025-11-24T16:55:01.4798139Z [36;1m  echo -e "\033[0;32m==>\033[0m Fork detected"[0m
2025-11-24T16:55:01.4798398Z [36;1m  CC_FORK="true"[0m
2025-11-24T16:55:01.4798587Z [36;1mfi[0m
2025-11-24T16:55:01.4798778Z [36;1mecho "CC_FORK=$CC_FORK" >> "$GITHUB_ENV"[0m
2025-11-24T16:55:01.4827263Z shell: /usr/bin/bash --noprofile --norc -e -o pipefail {0}
2025-11-24T16:55:01.4827565Z env:
2025-11-24T16:55:01.4827799Z   pythonLocation: /opt/hostedtoolcache/PyPy/3.9.19/x64
2025-11-24T16:55:01.4828134Z   Python_ROOT_DIR: /opt/hostedtoolcache/PyPy/3.9.19/x64
2025-11-24T16:55:01.4828469Z   Python2_ROOT_DIR: /opt/hostedtoolcache/PyPy/3.9.19/x64
2025-11-24T16:55:01.4828793Z   Python3_ROOT_DIR: /opt/hostedtoolcache/PyPy/3.9.19/x64
2025-11-24T16:55:01.4829160Z   PKG_CONFIG_PATH: /opt/hostedtoolcache/PyPy/3.9.19/x64/bin/lib/pkgconfig
2025-11-24T16:55:01.4829622Z   GITHUB_EVENT_PULL_REQUEST_HEAD_LABEL: con:dependabot/github_actions/actions/checkout-6
2025-11-24T16:55:01.4830051Z   GITHUB_EVENT_PULL_REQUEST_HEAD_REPO_FULL_NAME: con/tinuous
2025-11-24T16:55:01.4830342Z   GITHUB_REPOSITORY: con/tinuous
2025-11-24T16:55:01.4830555Z ##[endgroup]
2025-11-24T16:55:01.4918453Z ##[group]Run actions/github-script@60a0d83039c74a4aee543508d2ffcb1c3799cdea
2025-11-24T16:55:01.4918789Z with:
2025-11-24T16:55:01.4919313Z   script: if (process.env.CC_USE_OIDC === 'true' && process.env.CC_FORK != 'true') {
  const id_token = await core.getIDToken(process.env.CC_OIDC_AUDIENCE)
  return id_token
}

2025-11-24T16:55:01.4920032Z   github-token: ***
2025-11-24T16:55:01.4920221Z   debug: false
2025-11-24T16:55:01.4920581Z   user-agent: actions/github-script
2025-11-24T16:55:01.4920819Z   result-encoding: json
2025-11-24T16:55:01.4921016Z   retries: 0
2025-11-24T16:55:01.4921215Z   retry-exempt-status-codes: 400,401,403,404,422
2025-11-24T16:55:01.4921469Z env:
2025-11-24T16:55:01.4921688Z   pythonLocation: /opt/hostedtoolcache/PyPy/3.9.19/x64
2025-11-24T16:55:01.4922028Z   Python_ROOT_DIR: /opt/hostedtoolcache/PyPy/3.9.19/x64
2025-11-24T16:55:01.4922365Z   Python2_ROOT_DIR: /opt/hostedtoolcache/PyPy/3.9.19/x64
2025-11-24T16:55:01.4922692Z   Python3_ROOT_DIR: /opt/hostedtoolcache/PyPy/3.9.19/x64
2025-11-24T16:55:01.4923080Z   PKG_CONFIG_PATH: /opt/hostedtoolcache/PyPy/3.9.19/x64/bin/lib/pkgconfig
2025-11-24T16:55:01.4923408Z   CC_FORK: false
2025-11-24T16:55:01.4923602Z   CC_OIDC_AUDIENCE: https://codecov.io
2025-11-24T16:55:01.4923970Z   CC_USE_OIDC: false
2025-11-24T16:55:01.4924160Z ##[endgroup]
2025-11-24T16:55:01.5853417Z ##[group]Run if [ "false" == 'true' ] && [ "$CC_FORK" != 'true' ];
2025-11-24T16:55:01.5853820Z [36;1mif [ "false" == 'true' ] && [ "$CC_FORK" != 'true' ];[0m
2025-11-24T16:55:01.5854092Z [36;1mthen[0m
2025-11-24T16:55:01.5854317Z [36;1m  echo "CC_TOKEN=$CC_OIDC_TOKEN" >> "$GITHUB_ENV"[0m
2025-11-24T16:55:01.5854600Z [36;1melif [ -n "" ];[0m
2025-11-24T16:55:01.5854792Z [36;1mthen[0m
2025-11-24T16:55:01.5855016Z [36;1m  echo -e "\033[0;32m==>\033[0m Token set from env"[0m
2025-11-24T16:55:01.5855306Z [36;1m    echo "CC_TOKEN=" >> "$GITHUB_ENV"[0m
2025-11-24T16:55:01.5855550Z [36;1melse[0m
2025-11-24T16:55:01.5855897Z [36;1m  if [ -n "***" ];[0m
2025-11-24T16:55:01.5856098Z [36;1m  then[0m
2025-11-24T16:55:01.5856333Z [36;1m    echo -e "\033[0;32m==>\033[0m Token set from input"[0m
2025-11-24T16:55:01.5856730Z [36;1m    CC_TOKEN=$(echo "***" | tr -d '\n')[0m
2025-11-24T16:55:01.5857278Z [36;1m    echo "CC_TOKEN=$CC_TOKEN" >> "$GITHUB_ENV"[0m
2025-11-24T16:55:01.5857542Z [36;1m  fi[0m
2025-11-24T16:55:01.5857705Z [36;1mfi[0m
2025-11-24T16:55:01.5889990Z shell: /usr/bin/bash --noprofile --norc -e -o pipefail {0}
2025-11-24T16:55:01.5890293Z env:
2025-11-24T16:55:01.5890527Z   pythonLocation: /opt/hostedtoolcache/PyPy/3.9.19/x64
2025-11-24T16:55:01.5890871Z   Python_ROOT_DIR: /opt/hostedtoolcache/PyPy/3.9.19/x64
2025-11-24T16:55:01.5891204Z   Python2_ROOT_DIR: /opt/hostedtoolcache/PyPy/3.9.19/x64
2025-11-24T16:55:01.5891536Z   Python3_ROOT_DIR: /opt/hostedtoolcache/PyPy/3.9.19/x64
2025-11-24T16:55:01.5891908Z   PKG_CONFIG_PATH: /opt/hostedtoolcache/PyPy/3.9.19/x64/bin/lib/pkgconfig
2025-11-24T16:55:01.5892238Z   CC_FORK: false
2025-11-24T16:55:01.5892412Z   CC_OIDC_TOKEN: 
2025-11-24T16:55:01.5892613Z   CC_OIDC_AUDIENCE: https://codecov.io
2025-11-24T16:55:01.5892848Z ##[endgroup]
2025-11-24T16:55:01.5943949Z [0;32m==>[0m Token set from input
2025-11-24T16:55:01.5980878Z ##[group]Run if [ -z "$CC_BRANCH" ] && [ -z "$CC_TOKEN" ] && [ "$CC_FORK" == 'true' ]
2025-11-24T16:55:01.5981309Z [36;1mif [ -z "$CC_BRANCH" ] && [ -z "$CC_TOKEN" ] && [ "$CC_FORK" == 'true' ][0m
2025-11-24T16:55:01.5981621Z [36;1mthen[0m
2025-11-24T16:55:01.5981973Z [36;1m  echo -e "\033[0;32m==>\033[0m Fork detected, setting branch to $GITHUB_EVENT_PULL_REQUEST_HEAD_LABEL"[0m
2025-11-24T16:55:01.5982426Z [36;1m  TOKENLESS="$GITHUB_EVENT_PULL_REQUEST_HEAD_LABEL"[0m
2025-11-24T16:55:01.5982767Z [36;1m  CC_BRANCH="$GITHUB_EVENT_PULL_REQUEST_HEAD_LABEL"[0m
2025-11-24T16:55:01.5983085Z [36;1m  echo "TOKENLESS=$TOKENLESS" >> "$GITHUB_ENV"[0m
2025-11-24T16:55:01.5983339Z [36;1mfi[0m
2025-11-24T16:55:01.5983495Z [36;1m[0m
2025-11-24T16:55:01.5983695Z [36;1mecho "CC_BRANCH=$CC_BRANCH" >> "$GITHUB_ENV"[0m
2025-11-24T16:55:01.6012048Z shell: /usr/bin/bash --noprofile --norc -e -o pipefail {0}
2025-11-24T16:55:01.6012347Z env:
2025-11-24T16:55:01.6012569Z   pythonLocation: /opt/hostedtoolcache/PyPy/3.9.19/x64
2025-11-24T16:55:01.6012914Z   Python_ROOT_DIR: /opt/hostedtoolcache/PyPy/3.9.19/x64
2025-11-24T16:55:01.6013260Z   Python2_ROOT_DIR: /opt/hostedtoolcache/PyPy/3.9.19/x64
2025-11-24T16:55:01.6013770Z   Python3_ROOT_DIR: /opt/hostedtoolcache/PyPy/3.9.19/x64
2025-11-24T16:55:01.6014152Z   PKG_CONFIG_PATH: /opt/hostedtoolcache/PyPy/3.9.19/x64/bin/lib/pkgconfig
2025-11-24T16:55:01.6014474Z   CC_FORK: false
2025-11-24T16:55:01.6014732Z   CC_TOKEN: ***
2025-11-24T16:55:01.6014901Z   CC_BRANCH: 
2025-11-24T16:55:01.6015206Z   GITHUB_EVENT_PULL_REQUEST_HEAD_LABEL: con:dependabot/github_actions/actions/checkout-6
2025-11-24T16:55:01.6015638Z   GITHUB_EVENT_PULL_REQUEST_HEAD_REPO_FULL_NAME: con/tinuous
2025-11-24T16:55:01.6016121Z   GITHUB_REPOSITORY: con/tinuous
2025-11-24T16:55:01.6016409Z ##[endgroup]
2025-11-24T16:55:01.6106565Z ##[group]Run if [ -z "$CC_SHA" ];
2025-11-24T16:55:01.6106820Z [36;1mif [ -z "$CC_SHA" ];[0m
2025-11-24T16:55:01.6107332Z [36;1mthen[0m
2025-11-24T16:55:01.6107726Z [36;1m  CC_SHA="$GITHUB_EVENT_PULL_REQUEST_HEAD_SHA"[0m
2025-11-24T16:55:01.6108005Z [36;1mfi[0m
2025-11-24T16:55:01.6108217Z [36;1mif [ -z "$CC_PR" ] && [ "$CC_FORK" == 'true' ];[0m
2025-11-24T16:55:01.6108480Z [36;1mthen[0m
2025-11-24T16:55:01.6108670Z [36;1m  CC_PR="$GITHUB_EVENT_NUMBER"[0m
2025-11-24T16:55:01.6108890Z [36;1mfi[0m
2025-11-24T16:55:01.6109045Z [36;1m[0m
2025-11-24T16:55:01.6109224Z [36;1mecho "CC_SHA=$CC_SHA" >> "$GITHUB_ENV"[0m
2025-11-24T16:55:01.6109490Z [36;1mecho "CC_PR=$CC_PR" >> "$GITHUB_ENV"[0m
2025-11-24T16:55:01.6137915Z shell: /usr/bin/bash --noprofile --norc -e -o pipefail {0}
2025-11-24T16:55:01.6138221Z env:
2025-11-24T16:55:01.6138459Z   pythonLocation: /opt/hostedtoolcache/PyPy/3.9.19/x64
2025-11-24T16:55:01.6138800Z   Python_ROOT_DIR: /opt/hostedtoolcache/PyPy/3.9.19/x64
2025-11-24T16:55:01.6139146Z   Python2_ROOT_DIR: /opt/hostedtoolcache/PyPy/3.9.19/x64
2025-11-24T16:55:01.6139475Z   Python3_ROOT_DIR: /opt/hostedtoolcache/PyPy/3.9.19/x64
2025-11-24T16:55:01.6139850Z   PKG_CONFIG_PATH: /opt/hostedtoolcache/PyPy/3.9.19/x64/bin/lib/pkgconfig
2025-11-24T16:55:01.6140177Z   CC_FORK: false
2025-11-24T16:55:01.6140429Z   CC_TOKEN: ***
2025-11-24T16:55:01.6140598Z   CC_BRANCH: 
2025-11-24T16:55:01.6140757Z   CC_PR: 
2025-11-24T16:55:01.6140901Z   CC_SHA: 
2025-11-24T16:55:01.6141074Z   GITHUB_EVENT_NAME: pull_request
2025-11-24T16:55:01.6141298Z   GITHUB_EVENT_NUMBER: 219
2025-11-24T16:55:01.6141600Z   GITHUB_EVENT_PULL_REQUEST_HEAD_SHA: 0adcd7e1398bb880ac5cf4e130903bb5de3c5906
2025-11-24T16:55:01.6141951Z ##[endgroup]
2025-11-24T16:55:01.6215776Z ##[group]Run ${GITHUB_ACTION_PATH}/dist/codecov.sh
2025-11-24T16:55:01.6216116Z [36;1m${GITHUB_ACTION_PATH}/dist/codecov.sh[0m
2025-11-24T16:55:01.6244888Z shell: /usr/bin/bash --noprofile --norc -e -o pipefail {0}
2025-11-24T16:55:01.6245190Z env:
2025-11-24T16:55:01.6245417Z   pythonLocation: /opt/hostedtoolcache/PyPy/3.9.19/x64
2025-11-24T16:55:01.6245754Z   Python_ROOT_DIR: /opt/hostedtoolcache/PyPy/3.9.19/x64
2025-11-24T16:55:01.6246114Z   Python2_ROOT_DIR: /opt/hostedtoolcache/PyPy/3.9.19/x64
2025-11-24T16:55:01.6246439Z   Python3_ROOT_DIR: /opt/hostedtoolcache/PyPy/3.9.19/x64
2025-11-24T16:55:01.6246818Z   PKG_CONFIG_PATH: /opt/hostedtoolcache/PyPy/3.9.19/x64/bin/lib/pkgconfig
2025-11-24T16:55:01.6247340Z   CC_FORK: false
2025-11-24T16:55:01.6247610Z   CC_TOKEN: ***
2025-11-24T16:55:01.6247786Z   CC_BRANCH: 
2025-11-24T16:55:01.6247991Z   CC_SHA: 0adcd7e1398bb880ac5cf4e130903bb5de3c5906
2025-11-24T16:55:01.6248241Z   CC_PR: 
2025-11-24T16:55:01.6248395Z   CC_BASE_SHA: 
2025-11-24T16:55:01.6248558Z   CC_BINARY: 
2025-11-24T16:55:01.6248714Z   CC_BUILD: 
2025-11-24T16:55:01.6248866Z   CC_BUILD_URL: 
2025-11-24T16:55:01.6249029Z   CC_CODE: 
2025-11-24T16:55:01.6249188Z   CC_DIR: 
2025-11-24T16:55:01.6249353Z   CC_DISABLE_FILE_FIXES: false
2025-11-24T16:55:01.6249567Z   CC_DISABLE_SEARCH: false
2025-11-24T16:55:01.6249762Z   CC_DISABLE_TELEM: false
2025-11-24T16:55:01.6249954Z   CC_DRY_RUN: false
2025-11-24T16:55:01.6250134Z   CC_ENTERPRISE_URL: 
2025-11-24T16:55:01.6250318Z   CC_ENV: 
2025-11-24T16:55:01.6250473Z   CC_EXCLUDES: 
2025-11-24T16:55:01.6250643Z   CC_FAIL_ON_ERROR: false
2025-11-24T16:55:01.6250833Z   CC_FILES: 
2025-11-24T16:55:01.6251174Z   CC_FLAGS: 
2025-11-24T16:55:01.6251320Z   CC_FORCE: 
2025-11-24T16:55:01.6251475Z   CC_GCOV_ARGS: 
2025-11-24T16:55:01.6251644Z   CC_GCOV_EXECUTABLE: gcov
2025-11-24T16:55:01.6251838Z   CC_GCOV_IGNORE: 
2025-11-24T16:55:01.6252010Z   CC_GCOV_INCLUDE: 
2025-11-24T16:55:01.6252181Z   CC_GIT_SERVICE: github
2025-11-24T16:55:01.6252388Z   CC_HANDLE_NO_REPORTS_FOUND: false
2025-11-24T16:55:01.6252613Z   CC_JOB_CODE: 
2025-11-24T16:55:01.6252775Z   CC_LEGACY: false
2025-11-24T16:55:01.6252950Z   CC_NAME: pypy-3.9
2025-11-24T16:55:01.6253119Z   CC_NETWORK_FILTER: 
2025-11-24T16:55:01.6253304Z   CC_NETWORK_PREFIX: 
2025-11-24T16:55:01.6253496Z   CC_NETWORK_ROOT_FOLDER: 
2025-11-24T16:55:01.6253674Z   CC_OS: 
2025-11-24T16:55:01.6253823Z   CC_PARENT_SHA: 
2025-11-24T16:55:01.6253986Z   CC_PLUGINS: 
2025-11-24T16:55:01.6254288Z   CC_RECURSE_SUBMODULES: false
2025-11-24T16:55:01.6254500Z   CC_REPORT_TYPE: 
2025-11-24T16:55:01.6254682Z   CC_RUN_CMD: upload-coverage
2025-11-24T16:55:01.6254897Z   CC_SERVICE: github
2025-11-24T16:55:01.6255079Z   CC_SKIP_VALIDATION: false
2025-11-24T16:55:01.6255269Z   CC_SLUG: 
2025-11-24T16:55:01.6255429Z   CC_SWIFT_PROJECT: 
2025-11-24T16:55:01.6255600Z   CC_USE_PYPI: false
2025-11-24T16:55:01.6255797Z   CC_VERBOSE: false
2025-11-24T16:55:01.6255961Z   CC_VERSION: latest
2025-11-24T16:55:01.6256131Z   CC_YML_PATH: 
2025-11-24T16:55:01.6256294Z ##[endgroup]
2025-11-24T16:55:01.6327104Z      _____          _
2025-11-24T16:55:01.6327444Z     / ____|        | |
2025-11-24T16:55:01.6327654Z    | |     ___   __| | ___  ___ _____   __
2025-11-24T16:55:01.6327891Z    | |    / _ \ / _` |/ _ \/ __/ _ \ \ / /
2025-11-24T16:55:01.6328115Z    | |___| (_) | (_| |  __/ (_| (_) \ V /
2025-11-24T16:55:01.6328339Z     \_____\___/ \__,_|\___|\___\___/ \_/
2025-11-24T16:55:01.6328793Z                            [0;31m Wrapper-0.2.7[0m
2025-11-24T16:55:01.6329048Z                            
2025-11-24T16:55:01.6383334Z [0;32m==>[0m Detected [0;36mlinux[0m
2025-11-24T16:55:01.6383978Z [0;32m ->[0m Downloading [0;36mhttps://cli.codecov.io/latest/linux/codecov[0m
2025-11-24T16:55:01.6447290Z   % Total    % Received % Xferd  Average Speed   Time    Time     Time  Current
2025-11-24T16:55:01.6447948Z                                  Dload  Upload   Total   Spent    Left  Speed
2025-11-24T16:55:01.6448285Z 
2025-11-24T16:55:01.7379290Z   0     0    0     0    0     0      0      0 --:--:-- --:--:-- --:--:--     0
2025-11-24T16:55:01.7379865Z 100 10.6M  100 10.6M    0     0   114M      0 --:--:-- --:--:-- --:--:--  114M
2025-11-24T16:55:01.7404451Z [0;32m==>[0m Finishing downloading [0;36mlinux:latest[0m
2025-11-24T16:55:01.7944314Z       Version: [0;36mv11.2.5[0m
2025-11-24T16:55:01.7944736Z  
2025-11-24T16:55:01.7999929Z gpg: directory '/home/runner/.gnupg' created
2025-11-24T16:55:01.8005498Z gpg: keybox '/home/runner/.gnupg/pubring.kbx' created
2025-11-24T16:55:01.8544283Z gpg: /home/runner/.gnupg/trustdb.gpg: trustdb created
2025-11-24T16:55:01.8545228Z gpg: key 806BB28AED779869: public key "Codecov Uploader (Codecov Uploader Verification Key) <security@codecov.io>" imported
2025-11-24T16:55:01.8694212Z gpg: Total number processed: 1
2025-11-24T16:55:01.8694613Z gpg:               imported: 1
2025-11-24T16:55:01.8701281Z [0;32m==>[0m Verifying GPG signature integrity
2025-11-24T16:55:01.8703339Z [0;32m ->[0m Downloading [0;36mhttps://cli.codecov.io/latest/linux/codecov.SHA256SUM[0m
2025-11-24T16:55:01.8704414Z [0;32m ->[0m Downloading [0;36mhttps://cli.codecov.io/latest/linux/codecov.SHA256SUM.sig[0m
2025-11-24T16:55:01.8705056Z  
2025-11-24T16:55:01.9793522Z gpg: Signature made Mon Nov 10 14:58:43 2025 UTC
2025-11-24T16:55:01.9794218Z gpg:                using RSA key 27034E7FDB850E0BBC2C62FF806BB28AED779869
2025-11-24T16:55:01.9796764Z gpg: Good signature from "Codecov Uploader (Codecov Uploader Verification Key) <security@codecov.io>" [unknown]
2025-11-24T16:55:01.9797995Z gpg: WARNING: This key is not certified with a trusted signature!
2025-11-24T16:55:01.9799010Z gpg:          There is no indication that the signature belongs to the owner.
2025-11-24T16:55:01.9799777Z Primary key fingerprint: 2703 4E7F DB85 0E0B BC2C  62FF 806B B28A ED77 9869
2025-11-24T16:55:02.0443266Z codecov: OK
2025-11-24T16:55:02.0452490Z [0;32m==>[0m CLI integrity verified
2025-11-24T16:55:02.0452832Z 
2025-11-24T16:55:02.1103474Z [0;32m ->[0m Token length: 36
2025-11-24T16:55:02.1104033Z [0;32m==>[0m Running upload-coverage
2025-11-24T16:55:02.1114895Z       [0;36m./codecov  upload-coverage -t <redacted> --git-service github --sha 0adcd7e1398bb880ac5cf4e130903bb5de3c5906 --gcov-executable gcov --name pypy-3.9[0m
2025-11-24T16:55:02.4550305Z info - 2025-11-24 16:55:02,454 -- ci service found: github-actions
2025-11-24T16:55:02.4962638Z warning - 2025-11-24 16:55:02,496 -- xcrun is not installed or can't be found.
2025-11-24T16:55:02.5670988Z warning - 2025-11-24 16:55:02,566 -- No gcov data found.
2025-11-24T16:55:02.5674677Z warning - 2025-11-24 16:55:02,567 -- coverage.py is not installed or can't be found.
2025-11-24T16:55:02.5834946Z info - 2025-11-24 16:55:02,583 -- Found 1 coverage files to report
2025-11-24T16:55:02.5835999Z info - 2025-11-24 16:55:02,583 -- > /home/runner/work/tinuous/tinuous/coverage.xml
2025-11-24T16:55:03.0709461Z info - 2025-11-24 16:55:03,070 -- Your upload is now processing. When finished, results will be available at: https://app.codecov.io/github/con/tinuous/commit/0adcd7e1398bb880ac5cf4e130903bb5de3c5906
2025-11-24T16:55:03.1564231Z info - 2025-11-24 16:55:03,156 -- Process Upload complete
2025-11-24T16:55:03.2415316Z Post job cleanup.
2025-11-24T16:55:03.3996598Z Post job cleanup.
2025-11-24T16:55:03.4760513Z [command]/usr/bin/git version
2025-11-24T16:55:03.4796289Z git version 2.51.2
2025-11-24T16:55:03.4826284Z Copying '/home/runner/.gitconfig' to '/home/runner/work/_temp/cc830873-2e57-440f-a0d4-0e38bcfc2c3c/.gitconfig'
2025-11-24T16:55:03.4835651Z Temporarily overriding HOME='/home/runner/work/_temp/cc830873-2e57-440f-a0d4-0e38bcfc2c3c' before making global git config changes
2025-11-24T16:55:03.4837304Z Adding repository directory to the temporary git global config as a safe directory
2025-11-24T16:55:03.4841366Z [command]/usr/bin/git config --global --add safe.directory /home/runner/work/tinuous/tinuous
2025-11-24T16:55:03.4869138Z Removing SSH command configuration
2025-11-24T16:55:03.4874975Z [command]/usr/bin/git config --local --name-only --get-regexp core\.sshCommand
2025-11-24T16:55:03.4908028Z [command]/usr/bin/git submodule foreach --recursive sh -c "git config --local --name-only --get-regexp 'core\.sshCommand' && git config --local --unset-all 'core.sshCommand' || :"
2025-11-24T16:55:03.5127814Z Removing HTTP extra header
2025-11-24T16:55:03.5132403Z [command]/usr/bin/git config --local --name-only --get-regexp http\.https\:\/\/github\.com\/\.extraheader
2025-11-24T16:55:03.5187856Z [command]/usr/bin/git submodule foreach --recursive sh -c "git config --local --name-only --get-regexp 'http\.https\:\/\/github\.com\/\.extraheader' && git config --local --unset-all 'http.https://github.com/.extraheader' || :"
2025-11-24T16:55:03.5404892Z Removing includeIf entries pointing to credentials config files
2025-11-24T16:55:03.5411208Z [command]/usr/bin/git config --local --name-only --get-regexp ^includeIf\.gitdir:
2025-11-24T16:55:03.5434540Z includeif.gitdir:/home/runner/work/tinuous/tinuous/.git.path
2025-11-24T16:55:03.5435391Z includeif.gitdir:/github/workspace/.git.path
2025-11-24T16:55:03.5446459Z [command]/usr/bin/git config --local --get-all includeif.gitdir:/home/runner/work/tinuous/tinuous/.git.path
2025-11-24T16:55:03.5469073Z /home/runner/work/_temp/git-credentials-e39dc19c-2895-49ae-b238-85db01ce4165.config
2025-11-24T16:55:03.5483391Z [command]/usr/bin/git config --local --unset includeif.gitdir:/home/runner/work/tinuous/tinuous/.git.path /home/runner/work/_temp/git-credentials-e39dc19c-2895-49ae-b238-85db01ce4165.config
2025-11-24T16:55:03.5516355Z [command]/usr/bin/git config --local --get-all includeif.gitdir:/github/workspace/.git.path
2025-11-24T16:55:03.5536874Z /github/runner_temp/git-credentials-e39dc19c-2895-49ae-b238-85db01ce4165.config
2025-11-24T16:55:03.5545561Z [command]/usr/bin/git config --local --unset includeif.gitdir:/github/workspace/.git.path /github/runner_temp/git-credentials-e39dc19c-2895-49ae-b238-85db01ce4165.config
2025-11-24T16:55:03.5576334Z [command]/usr/bin/git submodule foreach --recursive git config --local --show-origin --name-only --get-regexp remote.origin.url
2025-11-24T16:55:03.5791208Z Removing credentials config '/home/runner/work/_temp/git-credentials-e39dc19c-2895-49ae-b238-85db01ce4165.config'
2025-11-24T16:55:03.5909975Z Cleaning up orphan processes
