2021-04-28T19:19:32.3144185Z ##[section]Starting: Request a runner to run this job
2021-04-28T19:19:33.2195929Z Can't find any online and idle self-hosted runner in current repository that matches the required labels: 'ubuntu-latest'
2021-04-28T19:19:33.2196076Z Can't find any online and idle self-hosted runner in current repository's account/organization that matches the required labels: 'ubuntu-latest'
2021-04-28T19:19:33.2196479Z Found online and idle hosted runner in current repository's account/organization that matches the required labels: 'ubuntu-latest'
2021-04-28T19:19:33.4585960Z ##[section]Finishing: Request a runner to run this job
2021-04-28T19:19:41.1886429Z Current runner version: '2.278.0'
2021-04-28T19:19:41.1906876Z ##[group]Operating System
2021-04-28T19:19:41.1907714Z Ubuntu
2021-04-28T19:19:41.1908186Z 20.04.2
2021-04-28T19:19:41.1908573Z LTS
2021-04-28T19:19:41.1909060Z ##[endgroup]
2021-04-28T19:19:41.1909558Z ##[group]Virtual Environment
2021-04-28T19:19:41.1910183Z Environment: ubuntu-20.04
2021-04-28T19:19:41.1910737Z Version: 20210425.1
2021-04-28T19:19:41.1913104Z Included Software: https://github.com/actions/virtual-environments/blob/ubuntu20/20210425.1/images/linux/Ubuntu2004-README.md
2021-04-28T19:19:41.1914712Z Image Release: https://github.com/actions/virtual-environments/releases/tag/ubuntu20%2F20210425.1
2021-04-28T19:19:41.1915686Z ##[endgroup]
2021-04-28T19:19:41.1918028Z ##[group]GITHUB_TOKEN Permissions
2021-04-28T19:19:41.1919399Z Actions: write
2021-04-28T19:19:41.1919969Z Checks: write
2021-04-28T19:19:41.1920600Z Contents: write
2021-04-28T19:19:41.1921194Z Deployments: write
2021-04-28T19:19:41.1921935Z Issues: write
2021-04-28T19:19:41.1922557Z Metadata: read
2021-04-28T19:19:41.1923199Z Packages: write
2021-04-28T19:19:41.1923935Z PullRequests: write
2021-04-28T19:19:41.1924627Z RepositoryProjects: write
2021-04-28T19:19:41.1925359Z SecurityEvents: write
2021-04-28T19:19:41.1925933Z Statuses: write
2021-04-28T19:19:41.1926642Z ##[endgroup]
2021-04-28T19:19:41.1929802Z Prepare workflow directory
2021-04-28T19:19:41.2461805Z Prepare all required actions
2021-04-28T19:19:41.2470396Z Getting action download info
2021-04-28T19:19:41.7276168Z Download action repository 'actions/checkout@v2'
2021-04-28T19:19:43.4200112Z Download action repository 'actions/setup-python@v2'
2021-04-28T19:19:43.7130790Z ##[group]Run actions/checkout@v2
2021-04-28T19:19:43.7131366Z with:
2021-04-28T19:19:43.7131744Z   repository: con/tinuous
2021-04-28T19:19:43.7132506Z   token: ***
2021-04-28T19:19:43.7132888Z   ssh-strict: true
2021-04-28T19:19:43.7133336Z   persist-credentials: true
2021-04-28T19:19:43.7133779Z   clean: true
2021-04-28T19:19:43.7134141Z   fetch-depth: 1
2021-04-28T19:19:43.7134526Z   lfs: false
2021-04-28T19:19:43.7134884Z   submodules: false
2021-04-28T19:19:43.7135270Z ##[endgroup]
2021-04-28T19:19:43.9415569Z Syncing repository: con/tinuous
2021-04-28T19:19:43.9425724Z ##[group]Getting Git version info
2021-04-28T19:19:43.9427031Z Working directory is '/home/runner/work/tinuous/tinuous'
2021-04-28T19:19:43.9454461Z [command]/usr/bin/git version
2021-04-28T19:19:43.9598886Z git version 2.31.1
2021-04-28T19:19:43.9619998Z ##[endgroup]
2021-04-28T19:19:43.9625958Z Deleting the contents of '/home/runner/work/tinuous/tinuous'
2021-04-28T19:19:43.9629334Z ##[group]Initializing the repository
2021-04-28T19:19:43.9632113Z [command]/usr/bin/git init /home/runner/work/tinuous/tinuous
2021-04-28T19:19:43.9728433Z hint: Using 'master' as the name for the initial branch. This default branch name
2021-04-28T19:19:43.9729474Z hint: is subject to change. To configure the initial branch name to use in all
2021-04-28T19:19:43.9730369Z hint: of your new repositories, which will suppress this warning, call:
2021-04-28T19:19:43.9731094Z hint: 
2021-04-28T19:19:43.9731925Z hint: 	git config --global init.defaultBranch <name>
2021-04-28T19:19:43.9732601Z hint: 
2021-04-28T19:19:43.9733439Z hint: Names commonly chosen instead of 'master' are 'main', 'trunk' and
2021-04-28T19:19:43.9734593Z hint: 'development'. The just-created branch can be renamed via this command:
2021-04-28T19:19:43.9735226Z hint: 
2021-04-28T19:19:43.9735793Z hint: 	git branch -m <name>
2021-04-28T19:19:43.9752470Z Initialized empty Git repository in /home/runner/work/tinuous/tinuous/.git/
2021-04-28T19:19:43.9753636Z [command]/usr/bin/git remote add origin https://github.com/con/tinuous
2021-04-28T19:19:43.9794016Z ##[endgroup]
2021-04-28T19:19:43.9795194Z ##[group]Disabling automatic garbage collection
2021-04-28T19:19:43.9799162Z [command]/usr/bin/git config --local gc.auto 0
2021-04-28T19:19:43.9832532Z ##[endgroup]
2021-04-28T19:19:43.9837208Z ##[group]Setting up auth
2021-04-28T19:19:43.9844300Z [command]/usr/bin/git config --local --name-only --get-regexp core\.sshCommand
2021-04-28T19:19:43.9876933Z [command]/usr/bin/git submodule foreach --recursive git config --local --name-only --get-regexp 'core\.sshCommand' && git config --local --unset-all 'core.sshCommand' || :
2021-04-28T19:19:44.0315582Z [command]/usr/bin/git config --local --name-only --get-regexp http\.https\:\/\/github\.com\/\.extraheader
2021-04-28T19:19:44.3334673Z [command]/usr/bin/git submodule foreach --recursive git config --local --name-only --get-regexp 'http\.https\:\/\/github\.com\/\.extraheader' && git config --local --unset-all 'http.https://github.com/.extraheader' || :
2021-04-28T19:19:44.3336921Z [command]/usr/bin/git config --local http.https://github.com/.extraheader AUTHORIZATION: basic ***
2021-04-28T19:19:44.3338066Z ##[endgroup]
2021-04-28T19:19:44.3338815Z ##[group]Fetching the repository
2021-04-28T19:19:44.3340475Z [command]/usr/bin/git -c protocol.version=2 fetch --no-tags --prune --progress --no-recurse-submodules --depth=1 origin +97538692451f968607a2c289e0ad80fb9d2e1e32:refs/tags/0.1.0
2021-04-28T19:19:44.3341826Z remote: Enumerating objects: 20, done.        
2021-04-28T19:19:44.3343445Z remote: Counting objects:   5% (1/20)        
2021-04-28T19:19:44.3344872Z remote: Counting objects:  10% (2/20)        
2021-04-28T19:19:44.3345711Z remote: Counting objects:  15% (3/20)        
2021-04-28T19:19:44.3346514Z remote: Counting objects:  20% (4/20)        
2021-04-28T19:19:44.3347291Z remote: Counting objects:  25% (5/20)        
2021-04-28T19:19:44.3348078Z remote: Counting objects:  30% (6/20)        
2021-04-28T19:19:44.3349076Z remote: Counting objects:  35% (7/20)        
2021-04-28T19:19:44.3349907Z remote: Counting objects:  40% (8/20)        
2021-04-28T19:19:44.3350696Z remote: Counting objects:  45% (9/20)        
2021-04-28T19:19:44.3351477Z remote: Counting objects:  50% (10/20)        
2021-04-28T19:19:44.3352268Z remote: Counting objects:  55% (11/20)        
2021-04-28T19:19:44.3353057Z remote: Counting objects:  60% (12/20)        
2021-04-28T19:19:44.3353857Z remote: Counting objects:  65% (13/20)        
2021-04-28T19:19:44.3354678Z remote: Counting objects:  70% (14/20)        
2021-04-28T19:19:44.3355310Z remote: Counting objects:  75% (15/20)        
2021-04-28T19:19:44.3355956Z remote: Counting objects:  80% (16/20)        
2021-04-28T19:19:44.3356630Z remote: Counting objects:  85% (17/20)        
2021-04-28T19:19:44.3357340Z remote: Counting objects:  90% (18/20)        
2021-04-28T19:19:44.3357986Z remote: Counting objects:  95% (19/20)        
2021-04-28T19:19:44.3358615Z remote: Counting objects: 100% (20/20)        
2021-04-28T19:19:44.3359280Z remote: Counting objects: 100% (20/20), done.        
2021-04-28T19:19:44.3360096Z remote: Compressing objects:   6% (1/15)        
2021-04-28T19:19:44.3360890Z remote: Compressing objects:  13% (2/15)        
2021-04-28T19:19:44.3361663Z remote: Compressing objects:  20% (3/15)        
2021-04-28T19:19:44.3362343Z remote: Compressing objects:  26% (4/15)        
2021-04-28T19:19:44.3363037Z remote: Compressing objects:  33% (5/15)        
2021-04-28T19:19:44.3363729Z remote: Compressing objects:  40% (6/15)        
2021-04-28T19:19:44.3364931Z remote: Compressing objects:  46% (7/15)        
2021-04-28T19:19:44.3365534Z remote: Compressing objects:  53% (8/15)        
2021-04-28T19:19:44.3366132Z remote: Compressing objects:  60% (9/15)        
2021-04-28T19:19:44.3366717Z remote: Compressing objects:  66% (10/15)        
2021-04-28T19:19:44.3367316Z remote: Compressing objects:  73% (11/15)        
2021-04-28T19:19:44.3367906Z remote: Compressing objects:  80% (12/15)        
2021-04-28T19:19:44.3368497Z remote: Compressing objects:  86% (13/15)        
2021-04-28T19:19:44.3369091Z remote: Compressing objects:  93% (14/15)        
2021-04-28T19:19:44.3369669Z remote: Compressing objects: 100% (15/15)        
2021-04-28T19:19:44.3370283Z remote: Compressing objects: 100% (15/15), done.        
2021-04-28T19:19:44.3371276Z remote: Total 20 (delta 1), reused 19 (delta 1), pack-reused 0        
2021-04-28T19:19:44.3372379Z From https://github.com/con/tinuous
2021-04-28T19:19:44.3373355Z  * [new ref]         97538692451f968607a2c289e0ad80fb9d2e1e32 -> 0.1.0
2021-04-28T19:19:44.3374102Z ##[endgroup]
2021-04-28T19:19:44.3374758Z ##[group]Determining the checkout info
2021-04-28T19:19:44.3375389Z ##[endgroup]
2021-04-28T19:19:44.3375963Z ##[group]Checking out the ref
2021-04-28T19:19:44.3376867Z [command]/usr/bin/git checkout --progress --force refs/tags/0.1.0
2021-04-28T19:19:44.3377757Z Note: switching to 'refs/tags/0.1.0'.
2021-04-28T19:19:44.3378179Z 
2021-04-28T19:19:44.3379060Z You are in 'detached HEAD' state. You can look around, make experimental
2021-04-28T19:19:44.3379953Z changes and commit them, and you can discard any commits you make in this
2021-04-28T19:19:44.3380790Z state without impacting any branches by switching back to a branch.
2021-04-28T19:19:44.3381315Z 
2021-04-28T19:19:44.3381965Z If you want to create a new branch to retain commits you create, you may
2021-04-28T19:19:44.3382948Z do so (now or later) by using -c with the switch command. Example:
2021-04-28T19:19:44.3383386Z 
2021-04-28T19:19:44.3384006Z   git switch -c <new-branch-name>
2021-04-28T19:19:44.3384584Z 
2021-04-28T19:19:44.3384984Z Or undo this operation with:
2021-04-28T19:19:44.3385262Z 
2021-04-28T19:19:44.3385845Z   git switch -
2021-04-28T19:19:44.3386072Z 
2021-04-28T19:19:44.3386795Z Turn off this advice by setting config variable advice.detachedHead to false
2021-04-28T19:19:44.3387299Z 
2021-04-28T19:19:44.3387718Z HEAD is now at 9753869 Packaging
2021-04-28T19:19:44.3388219Z ##[endgroup]
2021-04-28T19:19:44.3388976Z [command]/usr/bin/git log -1 --format='%H'
2021-04-28T19:19:44.3390145Z '97538692451f968607a2c289e0ad80fb9d2e1e32'
2021-04-28T19:19:44.3507948Z ##[group]Run actions/setup-python@v2
2021-04-28T19:19:44.3508461Z with:
2021-04-28T19:19:44.3508907Z   python-version: 3.8
2021-04-28T19:19:44.3509762Z   token: ***
2021-04-28T19:19:44.3510182Z ##[endgroup]
2021-04-28T19:19:44.4072099Z Successfully setup CPython (3.8.9)
2021-04-28T19:19:44.4130373Z ##[group]Run python -m pip install --upgrade pip wheel
2021-04-28T19:19:44.4131002Z [36;1mpython -m pip install --upgrade pip wheel[0m
2021-04-28T19:19:44.4131553Z [36;1mpython -m pip install -r requirements.txt[0m
2021-04-28T19:19:44.4177640Z shell: /usr/bin/bash -e {0}
2021-04-28T19:19:44.4178142Z env:
2021-04-28T19:19:44.4178788Z   pythonLocation: /opt/hostedtoolcache/Python/3.8.9/x64
2021-04-28T19:19:44.4179611Z   LD_LIBRARY_PATH: /opt/hostedtoolcache/Python/3.8.9/x64/lib
2021-04-28T19:19:44.4180319Z ##[endgroup]
2021-04-28T19:19:45.1113968Z WARNING: Value for scheme.headers does not match. Please report this to <https://github.com/pypa/pip/issues/9617>
2021-04-28T19:19:45.1116192Z distutils: /opt/hostedtoolcache/Python/3.8.9/x64/include/python3.8/UNKNOWN
2021-04-28T19:19:45.1117789Z sysconfig: /opt/hostedtoolcache/Python/3.8.9/x64/include/python3.8
2021-04-28T19:19:45.1119147Z WARNING: Additional context:
2021-04-28T19:19:45.1120213Z user = False
2021-04-28T19:19:45.1121579Z home = None
2021-04-28T19:19:45.1122128Z root = None
2021-04-28T19:19:45.1122663Z prefix = None
2021-04-28T19:19:45.1840042Z Requirement already satisfied: pip in /opt/hostedtoolcache/Python/3.8.9/x64/lib/python3.8/site-packages (21.1)
2021-04-28T19:19:45.3743423Z Collecting wheel
2021-04-28T19:19:45.4356875Z   Downloading wheel-0.36.2-py2.py3-none-any.whl (35 kB)
2021-04-28T19:19:45.4843058Z Installing collected packages: wheel
2021-04-28T19:19:45.5150915Z WARNING: Value for scheme.headers does not match. Please report this to <https://github.com/pypa/pip/issues/9617>
2021-04-28T19:19:45.5153739Z distutils: /opt/hostedtoolcache/Python/3.8.9/x64/include/python3.8/UNKNOWN
2021-04-28T19:19:45.5155813Z sysconfig: /opt/hostedtoolcache/Python/3.8.9/x64/include/python3.8
2021-04-28T19:19:45.5158029Z WARNING: Additional context:
2021-04-28T19:19:45.5159542Z user = False
2021-04-28T19:19:45.5160912Z home = None
2021-04-28T19:19:45.5162229Z root = None
2021-04-28T19:19:45.5164061Z prefix = None
2021-04-28T19:19:45.5195343Z Successfully installed wheel-0.36.2
2021-04-28T19:19:45.8948443Z WARNING: Value for scheme.headers does not match. Please report this to <https://github.com/pypa/pip/issues/9617>
2021-04-28T19:19:45.8977544Z distutils: /opt/hostedtoolcache/Python/3.8.9/x64/include/python3.8/UNKNOWN
2021-04-28T19:19:45.8979086Z sysconfig: /opt/hostedtoolcache/Python/3.8.9/x64/include/python3.8
2021-04-28T19:19:45.8980353Z WARNING: Additional context:
2021-04-28T19:19:45.8981176Z user = False
2021-04-28T19:19:45.8981838Z home = None
2021-04-28T19:19:45.8982529Z root = None
2021-04-28T19:19:45.8983232Z prefix = None
2021-04-28T19:19:45.9526827Z ERROR: Could not open requirements file: [Errno 2] No such file or directory: 'requirements.txt'
2021-04-28T19:19:45.9992023Z ##[error]Process completed with exit code 1.
2021-04-28T19:19:46.0105064Z Post job cleanup.
2021-04-28T19:19:46.1029883Z [command]/usr/bin/git version
2021-04-28T19:19:46.1079344Z git version 2.31.1
2021-04-28T19:19:46.1111169Z [command]/usr/bin/git config --local --name-only --get-regexp core\.sshCommand
2021-04-28T19:19:46.1152226Z [command]/usr/bin/git submodule foreach --recursive git config --local --name-only --get-regexp 'core\.sshCommand' && git config --local --unset-all 'core.sshCommand' || :
2021-04-28T19:19:46.1433443Z [command]/usr/bin/git config --local --name-only --get-regexp http\.https\:\/\/github\.com\/\.extraheader
2021-04-28T19:19:46.1466999Z http.https://github.com/.extraheader
2021-04-28T19:19:46.1477013Z [command]/usr/bin/git config --local --unset-all http.https://github.com/.extraheader
2021-04-28T19:19:46.1515606Z [command]/usr/bin/git submodule foreach --recursive git config --local --name-only --get-regexp 'http\.https\:\/\/github\.com\/\.extraheader' && git config --local --unset-all 'http.https://github.com/.extraheader' || :
2021-04-28T19:19:46.1766284Z Cleaning up orphan processes
