2025-03-14T11:57:40.3372269Z Current runner version: '2.322.0'
2025-03-14T11:57:40.3409668Z ##[group]Operating System
2025-03-14T11:57:40.3410973Z Ubuntu
2025-03-14T11:57:40.3411941Z 24.04.2
2025-03-14T11:57:40.3412735Z LTS
2025-03-14T11:57:40.3413798Z ##[endgroup]
2025-03-14T11:57:40.3414618Z ##[group]Runner Image
2025-03-14T11:57:40.3415739Z Image: ubuntu-24.04
2025-03-14T11:57:40.3416672Z Version: 20250309.1.0
2025-03-14T11:57:40.3418411Z Included Software: https://github.com/actions/runner-images/blob/ubuntu24/20250309.1/images/ubuntu/Ubuntu2404-Readme.md
2025-03-14T11:57:40.3421195Z Image Release: https://github.com/actions/runner-images/releases/tag/ubuntu24%2F20250309.1
2025-03-14T11:57:40.3422835Z ##[endgroup]
2025-03-14T11:57:40.3423842Z ##[group]Runner Image Provisioner
2025-03-14T11:57:40.3425058Z 2.0.422.1
2025-03-14T11:57:40.3425824Z ##[endgroup]
2025-03-14T11:57:40.3429919Z ##[group]GITHUB_TOKEN Permissions
2025-03-14T11:57:40.3433222Z Actions: read
2025-03-14T11:57:40.3434384Z Attestations: read
2025-03-14T11:57:40.3435345Z Checks: read
2025-03-14T11:57:40.3436081Z Contents: read
2025-03-14T11:57:40.3437049Z Deployments: read
2025-03-14T11:57:40.3437821Z Discussions: read
2025-03-14T11:57:40.3438623Z Issues: read
2025-03-14T11:57:40.3439496Z Metadata: read
2025-03-14T11:57:40.3440303Z Packages: read
2025-03-14T11:57:40.3441097Z Pages: read
2025-03-14T11:57:40.3442016Z PullRequests: read
2025-03-14T11:57:40.3442896Z RepositoryProjects: read
2025-03-14T11:57:40.3444436Z SecurityEvents: read
2025-03-14T11:57:40.3445270Z Statuses: read
2025-03-14T11:57:40.3445914Z ##[endgroup]
2025-03-14T11:57:40.3448671Z Secret source: Dependabot
2025-03-14T11:57:40.3449561Z Prepare workflow directory
2025-03-14T11:57:40.3795751Z Prepare all required actions
2025-03-14T11:57:40.3835182Z Getting action download info
2025-03-14T11:57:40.9130871Z Download action repository 'actions/checkout@v4' (SHA:11bd71901bbe5b1630ceea73d27597364c9af683)
2025-03-14T11:57:41.0132434Z Download action repository 'actions/setup-python@v5' (SHA:42375524e23c412d93fb67b49958b491fce71c38)
2025-03-14T11:57:41.1040183Z Download action repository 'codecov/codecov-action@v5' (SHA:0565863a31f2c772f9f0395002a31e3f06189574)
2025-03-14T11:57:41.5852181Z Complete job name: test (3.8, py)
2025-03-14T11:57:41.6573467Z ##[group]Run actions/checkout@v4
2025-03-14T11:57:41.6574397Z with:
2025-03-14T11:57:41.6574796Z   fetch-depth: 0
2025-03-14T11:57:41.6575218Z   repository: con/tinuous
2025-03-14T11:57:41.6575895Z   token: ***
2025-03-14T11:57:41.6576294Z   ssh-strict: true
2025-03-14T11:57:41.6576701Z   ssh-user: git
2025-03-14T11:57:41.6577117Z   persist-credentials: true
2025-03-14T11:57:41.6577626Z   clean: true
2025-03-14T11:57:41.6578045Z   sparse-checkout-cone-mode: true
2025-03-14T11:57:41.6578566Z   fetch-tags: false
2025-03-14T11:57:41.6578972Z   show-progress: true
2025-03-14T11:57:41.6579390Z   lfs: false
2025-03-14T11:57:41.6579793Z   submodules: false
2025-03-14T11:57:41.6580210Z   set-safe-directory: true
2025-03-14T11:57:41.6580896Z ##[endgroup]
2025-03-14T11:57:41.8764979Z Syncing repository: con/tinuous
2025-03-14T11:57:41.8767489Z ##[group]Getting Git version info
2025-03-14T11:57:41.8768724Z Working directory is '/home/runner/work/tinuous/tinuous'
2025-03-14T11:57:41.8770275Z [command]/usr/bin/git version
2025-03-14T11:57:41.8869943Z git version 2.48.1
2025-03-14T11:57:41.8899976Z ##[endgroup]
2025-03-14T11:57:41.8914919Z Temporarily overriding HOME='/home/runner/work/_temp/77d67159-e2ef-430e-88bd-90ca69806204' before making global git config changes
2025-03-14T11:57:41.8917283Z Adding repository directory to the temporary git global config as a safe directory
2025-03-14T11:57:41.8920239Z [command]/usr/bin/git config --global --add safe.directory /home/runner/work/tinuous/tinuous
2025-03-14T11:57:41.8959104Z Deleting the contents of '/home/runner/work/tinuous/tinuous'
2025-03-14T11:57:41.8962893Z ##[group]Initializing the repository
2025-03-14T11:57:41.8967508Z [command]/usr/bin/git init /home/runner/work/tinuous/tinuous
2025-03-14T11:57:41.9034467Z hint: Using 'master' as the name for the initial branch. This default branch name
2025-03-14T11:57:41.9037121Z hint: is subject to change. To configure the initial branch name to use in all
2025-03-14T11:57:41.9039252Z hint: of your new repositories, which will suppress this warning, call:
2025-03-14T11:57:41.9041268Z hint:
2025-03-14T11:57:41.9043358Z hint: 	git config --global init.defaultBranch <name>
2025-03-14T11:57:41.9045631Z hint:
2025-03-14T11:57:41.9047739Z hint: Names commonly chosen instead of 'master' are 'main', 'trunk' and
2025-03-14T11:57:41.9050941Z hint: 'development'. The just-created branch can be renamed via this command:
2025-03-14T11:57:41.9053919Z hint:
2025-03-14T11:57:41.9055478Z hint: 	git branch -m <name>
2025-03-14T11:57:41.9058023Z Initialized empty Git repository in /home/runner/work/tinuous/tinuous/.git/
2025-03-14T11:57:41.9063443Z [command]/usr/bin/git remote add origin https://github.com/con/tinuous
2025-03-14T11:57:41.9095018Z ##[endgroup]
2025-03-14T11:57:41.9097864Z ##[group]Disabling automatic garbage collection
2025-03-14T11:57:41.9100357Z [command]/usr/bin/git config --local gc.auto 0
2025-03-14T11:57:41.9130937Z ##[endgroup]
2025-03-14T11:57:41.9133709Z ##[group]Setting up auth
2025-03-14T11:57:41.9138983Z [command]/usr/bin/git config --local --name-only --get-regexp core\.sshCommand
2025-03-14T11:57:41.9173936Z [command]/usr/bin/git submodule foreach --recursive sh -c "git config --local --name-only --get-regexp 'core\.sshCommand' && git config --local --unset-all 'core.sshCommand' || :"
2025-03-14T11:57:41.9494088Z [command]/usr/bin/git config --local --name-only --get-regexp http\.https\:\/\/github\.com\/\.extraheader
2025-03-14T11:57:41.9534910Z [command]/usr/bin/git submodule foreach --recursive sh -c "git config --local --name-only --get-regexp 'http\.https\:\/\/github\.com\/\.extraheader' && git config --local --unset-all 'http.https://github.com/.extraheader' || :"
2025-03-14T11:57:41.9772254Z [command]/usr/bin/git config --local http.https://github.com/.extraheader AUTHORIZATION: basic ***
2025-03-14T11:57:41.9808302Z ##[endgroup]
2025-03-14T11:57:41.9809872Z ##[group]Fetching the repository
2025-03-14T11:57:41.9821322Z [command]/usr/bin/git -c protocol.version=2 fetch --prune --no-recurse-submodules origin +refs/heads/*:refs/remotes/origin/* +refs/tags/*:refs/tags/* +f49968995a6459a197e3f5d406778c6f253991dc:refs/remotes/pull/198/merge
2025-03-14T11:57:42.6546938Z From https://github.com/con/tinuous
2025-03-14T11:57:42.6550951Z  * [new branch]      dependabot/github_actions/codecov/codecov-action-5 -> origin/dependabot/github_actions/codecov/codecov-action-5
2025-03-14T11:57:42.6555317Z  * [new branch]      gh-55                                    -> origin/gh-55
2025-03-14T11:57:42.6557638Z  * [new branch]      master                                   -> origin/master
2025-03-14T11:57:42.6560514Z  * [new branch]      no-extra-search                          -> origin/no-extra-search
2025-03-14T11:57:42.6563672Z  * [new branch]      pragmata                                 -> origin/pragmata
2025-03-14T11:57:42.6566748Z  * [new branch]      test-appveyor                            -> origin/test-appveyor
2025-03-14T11:57:42.6569401Z  * [new tag]         0.1.0                                    -> 0.1.0
2025-03-14T11:57:42.6643327Z  * [new tag]         0.2.0                                    -> 0.2.0
2025-03-14T11:57:42.6645908Z  * [new tag]         0.3.0                                    -> 0.3.0
2025-03-14T11:57:42.6648278Z  * [new tag]         0.4.0                                    -> 0.4.0
2025-03-14T11:57:42.6650543Z  * [new tag]         0.5.0                                    -> 0.5.0
2025-03-14T11:57:42.6652670Z  * [new tag]         0.5.1                                    -> 0.5.1
2025-03-14T11:57:42.6654978Z  * [new tag]         0.5.2                                    -> 0.5.2
2025-03-14T11:57:42.6656680Z  * [new tag]         0.5.3                                    -> 0.5.3
2025-03-14T11:57:42.6658375Z  * [new tag]         0.5.4                                    -> 0.5.4
2025-03-14T11:57:42.6660488Z  * [new tag]         0.6.0                                    -> 0.6.0
2025-03-14T11:57:42.6661989Z  * [new tag]         0.6.1                                    -> 0.6.1
2025-03-14T11:57:42.6663717Z  * [new tag]         0.7.0                                    -> 0.7.0
2025-03-14T11:57:42.6665901Z  * [new ref]         f49968995a6459a197e3f5d406778c6f253991dc -> pull/198/merge
2025-03-14T11:57:42.6669516Z ##[endgroup]
2025-03-14T11:57:42.6671374Z ##[group]Determining the checkout info
2025-03-14T11:57:42.6673268Z ##[endgroup]
2025-03-14T11:57:42.6674251Z [command]/usr/bin/git sparse-checkout disable
2025-03-14T11:57:42.6677157Z [command]/usr/bin/git config --local --unset-all extensions.worktreeConfig
2025-03-14T11:57:42.6702159Z ##[group]Checking out the ref
2025-03-14T11:57:42.6706886Z [command]/usr/bin/git checkout --progress --force refs/remotes/pull/198/merge
2025-03-14T11:57:42.6766803Z Note: switching to 'refs/remotes/pull/198/merge'.
2025-03-14T11:57:42.6767839Z 
2025-03-14T11:57:42.6768663Z You are in 'detached HEAD' state. You can look around, make experimental
2025-03-14T11:57:42.6770809Z changes and commit them, and you can discard any commits you make in this
2025-03-14T11:57:42.6774162Z state without impacting any branches by switching back to a branch.
2025-03-14T11:57:42.6776044Z 
2025-03-14T11:57:42.6777245Z If you want to create a new branch to retain commits you create, you may
2025-03-14T11:57:42.6780037Z do so (now or later) by using -c with the switch command. Example:
2025-03-14T11:57:42.6781741Z 
2025-03-14T11:57:42.6782398Z   git switch -c <new-branch-name>
2025-03-14T11:57:42.6783844Z 
2025-03-14T11:57:42.6784435Z Or undo this operation with:
2025-03-14T11:57:42.6785417Z 
2025-03-14T11:57:42.6785931Z   git switch -
2025-03-14T11:57:42.6786634Z 
2025-03-14T11:57:42.6787869Z Turn off this advice by setting config variable advice.detachedHead to false
2025-03-14T11:57:42.6789832Z 
2025-03-14T11:57:42.6791705Z HEAD is now at f499689 Merge 1c0e628e29519b5959b96f80df72e74e3372d36c into 103e18f985bc3095b023825d628014ded0d6d273
2025-03-14T11:57:42.6798036Z ##[endgroup]
2025-03-14T11:57:42.6818646Z [command]/usr/bin/git log -1 --format=%H
2025-03-14T11:57:42.6842883Z f49968995a6459a197e3f5d406778c6f253991dc
2025-03-14T11:57:42.7156932Z ##[group]Run actions/setup-python@v5
2025-03-14T11:57:42.7158628Z with:
2025-03-14T11:57:42.7159868Z   python-version: 3.8
2025-03-14T11:57:42.7161330Z   check-latest: false
2025-03-14T11:57:42.7163344Z   token: ***
2025-03-14T11:57:42.7164686Z   update-environment: true
2025-03-14T11:57:42.7166261Z   allow-prereleases: false
2025-03-14T11:57:42.7167803Z ##[endgroup]
2025-03-14T11:57:42.8912073Z ##[group]Installed versions
2025-03-14T11:57:42.8955938Z Version 3.8 was not found in the local cache
2025-03-14T11:57:43.4885143Z Version 3.8 is available for downloading
2025-03-14T11:57:43.4889100Z Download from "https://github.com/actions/python-versions/releases/download/3.8.18-12303122501/python-3.8.18-linux-24.04-x64.tar.gz"
2025-03-14T11:57:44.3981426Z Extract downloaded archive
2025-03-14T11:57:44.4085776Z [command]/usr/bin/tar xz --warning=no-unknown-keyword --overwrite -C /home/runner/work/_temp/c4744392-ad98-4496-a002-f25b60da5bb5 -f /home/runner/work/_temp/2e80fc33-45c0-48da-b211-4c98a7904cde
2025-03-14T11:57:45.7135492Z Execute installation script
2025-03-14T11:57:45.7228713Z Check if Python hostedtoolcache folder exist...
2025-03-14T11:57:45.7229442Z Create Python 3.8.18 folder
2025-03-14T11:57:45.7243775Z Copy Python binaries to hostedtoolcache folder
2025-03-14T11:57:46.1921237Z Create additional symlinks (Required for the UsePythonVersion Azure Pipelines task and the setup-python GitHub Action)
2025-03-14T11:57:46.1965084Z Upgrading pip...
2025-03-14T11:57:47.8684501Z Looking in links: /tmp/tmp_awf1dze
2025-03-14T11:57:47.8690093Z Requirement already satisfied: setuptools in /opt/hostedtoolcache/Python/3.8.18/x64/lib/python3.8/site-packages (56.0.0)
2025-03-14T11:57:47.8694634Z Requirement already satisfied: pip in /opt/hostedtoolcache/Python/3.8.18/x64/lib/python3.8/site-packages (23.0.1)
2025-03-14T11:57:48.8705094Z Collecting pip
2025-03-14T11:57:48.9021966Z Downloading pip-25.0.1-py3-none-any.whl (1.8 MB)
2025-03-14T11:57:48.9485711Z ━━━━━━━━━━━━━━━━━━━━━━━━━━━━━━━━━━━━━━━━ 1.8/1.8 MB 42.5 MB/s eta 0:00:00
2025-03-14T11:57:48.9486648Z 
2025-03-14T11:57:48.9828316Z Installing collected packages: pip
2025-03-14T11:57:48.9829604Z Attempting uninstall: pip
2025-03-14T11:57:48.9836474Z Found existing installation: pip 23.0.1
2025-03-14T11:57:49.1633384Z Uninstalling pip-23.0.1:
2025-03-14T11:57:49.1709464Z Successfully uninstalled pip-23.0.1
2025-03-14T11:57:49.8788341Z Successfully installed pip-25.0.1
2025-03-14T11:57:49.9332062Z Create complete file
2025-03-14T11:57:49.9384382Z Successfully set up CPython (3.8.18)
2025-03-14T11:57:49.9385329Z ##[endgroup]
2025-03-14T11:57:49.9589716Z ##[group]Run python -m pip install --upgrade pip wheel
2025-03-14T11:57:49.9590191Z [36;1mpython -m pip install --upgrade pip wheel[0m
2025-03-14T11:57:49.9590604Z [36;1mpython -m pip install --upgrade --upgrade-strategy=eager tox[0m
2025-03-14T11:57:49.9645240Z shell: /usr/bin/bash -e {0}
2025-03-14T11:57:49.9645488Z env:
2025-03-14T11:57:49.9645773Z   pythonLocation: /opt/hostedtoolcache/Python/3.8.18/x64
2025-03-14T11:57:49.9646197Z   PKG_CONFIG_PATH: /opt/hostedtoolcache/Python/3.8.18/x64/lib/pkgconfig
2025-03-14T11:57:49.9646611Z   Python_ROOT_DIR: /opt/hostedtoolcache/Python/3.8.18/x64
2025-03-14T11:57:49.9646954Z   Python2_ROOT_DIR: /opt/hostedtoolcache/Python/3.8.18/x64
2025-03-14T11:57:49.9647298Z   Python3_ROOT_DIR: /opt/hostedtoolcache/Python/3.8.18/x64
2025-03-14T11:57:49.9647637Z   LD_LIBRARY_PATH: /opt/hostedtoolcache/Python/3.8.18/x64/lib
2025-03-14T11:57:49.9647922Z ##[endgroup]
2025-03-14T11:57:50.3037143Z Requirement already satisfied: pip in /opt/hostedtoolcache/Python/3.8.18/x64/lib/python3.8/site-packages (25.0.1)
2025-03-14T11:57:50.3660231Z Collecting wheel
2025-03-14T11:57:50.3770457Z   Downloading wheel-0.45.1-py3-none-any.whl.metadata (2.3 kB)
2025-03-14T11:57:50.3853557Z Downloading wheel-0.45.1-py3-none-any.whl (72 kB)
2025-03-14T11:57:50.4012716Z Installing collected packages: wheel
2025-03-14T11:57:50.4434531Z Successfully installed wheel-0.45.1
2025-03-14T11:57:50.9228091Z Collecting tox
2025-03-14T11:57:50.9310444Z   Downloading tox-4.24.2-py3-none-any.whl.metadata (3.7 kB)
2025-03-14T11:57:50.9621361Z Collecting cachetools>=5.5.1 (from tox)
2025-03-14T11:57:50.9655721Z   Downloading cachetools-5.5.2-py3-none-any.whl.metadata (5.4 kB)
2025-03-14T11:57:50.9769186Z Collecting chardet>=5.2 (from tox)
2025-03-14T11:57:50.9801440Z   Downloading chardet-5.2.0-py3-none-any.whl.metadata (3.4 kB)
2025-03-14T11:57:50.9958800Z Collecting colorama>=0.4.6 (from tox)
2025-03-14T11:57:50.9989234Z   Downloading colorama-0.4.6-py2.py3-none-any.whl.metadata (17 kB)
2025-03-14T11:57:51.0177620Z Collecting filelock>=3.16.1 (from tox)
2025-03-14T11:57:51.0208306Z   Downloading filelock-3.16.1-py3-none-any.whl.metadata (2.9 kB)
2025-03-14T11:57:51.0393484Z Collecting packaging>=24.2 (from tox)
2025-03-14T11:57:51.0423671Z   Downloading packaging-24.2-py3-none-any.whl.metadata (3.2 kB)
2025-03-14T11:57:51.0585860Z Collecting platformdirs>=4.3.6 (from tox)
2025-03-14T11:57:51.0617472Z   Downloading platformdirs-4.3.6-py3-none-any.whl.metadata (11 kB)
2025-03-14T11:57:51.0798149Z Collecting pluggy>=1.5 (from tox)
2025-03-14T11:57:51.0831320Z   Downloading pluggy-1.5.0-py3-none-any.whl.metadata (4.8 kB)
2025-03-14T11:57:51.0960020Z Collecting pyproject-api>=1.8 (from tox)
2025-03-14T11:57:51.0991867Z   Downloading pyproject_api-1.8.0-py3-none-any.whl.metadata (2.7 kB)
2025-03-14T11:57:51.1150720Z Collecting tomli>=2.2.1 (from tox)
2025-03-14T11:57:51.1181808Z   Downloading tomli-2.2.1-py3-none-any.whl.metadata (10 kB)
2025-03-14T11:57:51.1337367Z Collecting typing-extensions>=4.12.2 (from tox)
2025-03-14T11:57:51.1372219Z   Downloading typing_extensions-4.12.2-py3-none-any.whl.metadata (3.0 kB)
2025-03-14T11:57:51.1800306Z Collecting virtualenv>=20.29.1 (from tox)
2025-03-14T11:57:51.1833940Z   Downloading virtualenv-20.29.3-py3-none-any.whl.metadata (4.5 kB)
2025-03-14T11:57:51.2138462Z Collecting distlib<1,>=0.3.7 (from virtualenv>=20.29.1->tox)
2025-03-14T11:57:51.2170595Z   Downloading distlib-0.3.9-py2.py3-none-any.whl.metadata (5.2 kB)
2025-03-14T11:57:51.2311267Z Downloading tox-4.24.2-py3-none-any.whl (172 kB)
2025-03-14T11:57:51.2377263Z Downloading cachetools-5.5.2-py3-none-any.whl (10 kB)
2025-03-14T11:57:51.2429225Z Downloading chardet-5.2.0-py3-none-any.whl (199 kB)
2025-03-14T11:57:51.2487107Z Downloading colorama-0.4.6-py2.py3-none-any.whl (25 kB)
2025-03-14T11:57:51.2536479Z Downloading filelock-3.16.1-py3-none-any.whl (16 kB)
2025-03-14T11:57:51.2584883Z Downloading packaging-24.2-py3-none-any.whl (65 kB)
2025-03-14T11:57:51.2634631Z Downloading platformdirs-4.3.6-py3-none-any.whl (18 kB)
2025-03-14T11:57:51.2683532Z Downloading pluggy-1.5.0-py3-none-any.whl (20 kB)
2025-03-14T11:57:51.2733977Z Downloading pyproject_api-1.8.0-py3-none-any.whl (13 kB)
2025-03-14T11:57:51.2779654Z Downloading tomli-2.2.1-py3-none-any.whl (14 kB)
2025-03-14T11:57:51.2830337Z Downloading typing_extensions-4.12.2-py3-none-any.whl (37 kB)
2025-03-14T11:57:51.2915430Z Downloading virtualenv-20.29.3-py3-none-any.whl (4.3 MB)
2025-03-14T11:57:51.3186800Z    ━━━━━━━━━━━━━━━━━━━━━━━━━━━━━━━━━━━━━━━━ 4.3/4.3 MB 173.7 MB/s eta 0:00:00
2025-03-14T11:57:51.3222449Z Downloading distlib-0.3.9-py2.py3-none-any.whl (468 kB)
2025-03-14T11:57:51.3750968Z Installing collected packages: distlib, typing-extensions, tomli, pluggy, platformdirs, packaging, filelock, colorama, chardet, cachetools, virtualenv, pyproject-api, tox
2025-03-14T11:57:51.9292747Z Successfully installed cachetools-5.5.2 chardet-5.2.0 colorama-0.4.6 distlib-0.3.9 filelock-3.16.1 packaging-24.2 platformdirs-4.3.6 pluggy-1.5.0 pyproject-api-1.8.0 tomli-2.2.1 tox-4.24.2 typing-extensions-4.12.2 virtualenv-20.29.3
2025-03-14T11:57:51.9836713Z ##[group]Run tox -e py -- --cov-report=xml
2025-03-14T11:57:51.9837069Z [36;1mtox -e py -- --cov-report=xml[0m
2025-03-14T11:57:51.9884331Z shell: /usr/bin/bash -e {0}
2025-03-14T11:57:51.9884556Z env:
2025-03-14T11:57:51.9884793Z   pythonLocation: /opt/hostedtoolcache/Python/3.8.18/x64
2025-03-14T11:57:51.9885199Z   PKG_CONFIG_PATH: /opt/hostedtoolcache/Python/3.8.18/x64/lib/pkgconfig
2025-03-14T11:57:51.9885575Z   Python_ROOT_DIR: /opt/hostedtoolcache/Python/3.8.18/x64
2025-03-14T11:57:51.9885907Z   Python2_ROOT_DIR: /opt/hostedtoolcache/Python/3.8.18/x64
2025-03-14T11:57:51.9886251Z   Python3_ROOT_DIR: /opt/hostedtoolcache/Python/3.8.18/x64
2025-03-14T11:57:51.9886619Z   LD_LIBRARY_PATH: /opt/hostedtoolcache/Python/3.8.18/x64/lib
2025-03-14T11:57:51.9886906Z ##[endgroup]
2025-03-14T11:57:52.5752720Z py: install_deps> python -I -m pip install pytest pytest-cov pytest-mock
2025-03-14T11:57:54.3277448Z .pkg: install_requires> python -I -m pip install 'setuptools>=46.4.0' versioningit
2025-03-14T11:57:55.3286769Z .pkg: _optional_hooks> python /opt/hostedtoolcache/Python/3.8.18/x64/lib/python3.8/site-packages/pyproject_api/_backend.py True setuptools.build_meta
2025-03-14T11:57:55.5697391Z .pkg: get_requires_for_build_sdist> python /opt/hostedtoolcache/Python/3.8.18/x64/lib/python3.8/site-packages/pyproject_api/_backend.py True setuptools.build_meta
2025-03-14T11:57:55.8729334Z .pkg: get_requires_for_build_wheel> python /opt/hostedtoolcache/Python/3.8.18/x64/lib/python3.8/site-packages/pyproject_api/_backend.py True setuptools.build_meta
2025-03-14T11:57:56.1638818Z .pkg: freeze> python -m pip freeze --all
2025-03-14T11:57:56.3981330Z .pkg: importlib_metadata==8.5.0,packaging==24.2,pip==25.0.1,setuptools==75.3.0,tomli==2.2.1,versioningit==3.1.2,wheel==0.45.1,zipp==3.20.2
2025-03-14T11:57:56.3987779Z .pkg: prepare_metadata_for_build_wheel> python /opt/hostedtoolcache/Python/3.8.18/x64/lib/python3.8/site-packages/pyproject_api/_backend.py True setuptools.build_meta
2025-03-14T11:57:56.7002079Z .pkg: build_sdist> python /opt/hostedtoolcache/Python/3.8.18/x64/lib/python3.8/site-packages/pyproject_api/_backend.py True setuptools.build_meta
2025-03-14T11:57:56.9913786Z py: install_package_deps> python -I -m pip install 'PyYAML>=5.0' 'click-loglevel~=0.2' 'click>=7.0' 'ghtoken~=0.1' 'in-place~=1.0' 'pydantic~=2.0' 'python-dateutil~=2.7' 'python-dotenv<2.0,>=0.11' 'requests~=2.20' 'typing-extensions; python_version < "3.9"'
2025-03-14T11:57:59.5546757Z py: install_package> python -I -m pip install --force-reinstall --no-deps /home/runner/work/tinuous/tinuous/.tox/.tmp/package/1/tinuous-0.7.0.post2+gf499689.tar.gz
2025-03-14T11:58:02.1929156Z py: freeze> python -m pip freeze --all
2025-03-14T11:58:02.4445636Z py: annotated-types==0.7.0,certifi==2025.1.31,charset-normalizer==3.4.1,click==8.1.8,click-loglevel==0.6.0,coverage==7.6.1,exceptiongroup==1.2.2,ghtoken==0.1.2,idna==3.10,in_place==1.0.1,iniconfig==2.0.0,packaging==24.2,pip==25.0.1,pluggy==1.5.0,pydantic==2.10.6,pydantic_core==2.27.2,pytest==8.3.5,pytest-cov==5.0.0,pytest-mock==3.14.0,python-dateutil==2.9.0.post0,python-dotenv==1.0.1,PyYAML==6.0.2,requests==2.32.3,ruamel.yaml==0.18.10,ruamel.yaml.clib==0.2.8,setuptools==75.3.0,six==1.17.0,tinuous @ file:///home/runner/work/tinuous/tinuous/.tox/.tmp/package/1/tinuous-0.7.0.post2%2Bgf499689.tar.gz#sha256=714dd41c2718e2b8784b12554e6777c1475d7008bc9f3825b069c145dfbad9ca,tomli==2.2.1,typing_extensions==4.12.2,urllib3==2.2.3,wheel==0.45.1
2025-03-14T11:58:02.4451746Z py: commands[0]> tinuous --help
2025-03-14T11:58:02.7658147Z Usage: tinuous [OPTIONS] COMMAND [ARGS]...
2025-03-14T11:58:02.7658859Z 
2025-03-14T11:58:02.7659322Z   Download build logs from GitHub Actions, Travis, Appveyor, and CircleCI
2025-03-14T11:58:02.7659955Z 
2025-03-14T11:58:02.7660104Z Options:
2025-03-14T11:58:02.7660597Z   -V, --version                   Show the version and exit.
2025-03-14T11:58:02.7661118Z   -c, --config FILE               Read configuration from the given file
2025-03-14T11:58:02.7662092Z                                   [default: tinuous.yaml]
2025-03-14T11:58:02.7662565Z   -E, --env FILE                  Load environment variables from given .env
2025-03-14T11:58:02.7663403Z                                   file
2025-03-14T11:58:02.7664035Z   -l, --log-level [NOTSET|DEBUG|INFO|WARNING|ERROR|CRITICAL]
2025-03-14T11:58:02.7664731Z                                   Set logging level  [default: INFO]
2025-03-14T11:58:02.7665244Z   --help                          Show this message and exit.
2025-03-14T11:58:02.7665534Z 
2025-03-14T11:58:02.7665639Z Commands:
2025-03-14T11:58:02.7665888Z   fetch         Download logs
2025-03-14T11:58:02.7666378Z   fetch-commit  Download logs for a specific commit
2025-03-14T11:58:02.7666719Z   sanitize      Sanitize secrets in logs
2025-03-14T11:58:02.7957237Z py: commands[1]> pytest --cov-report=xml test
2025-03-14T11:58:03.6045616Z ============================= test session starts ==============================
2025-03-14T11:58:03.6046392Z platform linux -- Python 3.8.18, pytest-8.3.5, pluggy-1.5.0
2025-03-14T11:58:03.6047009Z cachedir: .tox/py/.pytest_cache
2025-03-14T11:58:03.6047539Z rootdir: /home/runner/work/tinuous/tinuous
2025-03-14T11:58:03.6048027Z configfile: tox.ini
2025-03-14T11:58:03.6048402Z plugins: cov-5.0.0, mock-3.14.0
2025-03-14T11:58:03.6048835Z collected 64 items
2025-03-14T11:58:03.6049046Z 
2025-03-14T11:58:03.6178928Z test/test_base.py .........                                              [ 14%]
2025-03-14T11:58:03.6287060Z test/test_config.py ........                                             [ 26%]
2025-03-14T11:58:03.6480279Z test/test_state.py ........                                              [ 39%]
2025-03-14T11:58:03.9233477Z test/test_util.py .......................................                [100%]
2025-03-14T11:58:03.9234040Z 
2025-03-14T11:58:03.9234393Z ---------- coverage: platform linux, python 3.8.18-final-0 -----------
2025-03-14T11:58:03.9235148Z Coverage XML written to file coverage.xml
2025-03-14T11:58:03.9235521Z 
2025-03-14T11:58:03.9235568Z 
2025-03-14T11:58:03.9235812Z ============================== 64 passed in 0.80s ==============================
2025-03-14T11:58:03.9878987Z   py: OK (11.78=setup[10.24]+cmd[0.35,1.19] seconds)
2025-03-14T11:58:03.9879347Z   congratulations :) (11.85 seconds)
2025-03-14T11:58:04.0436846Z ##[group]Run codecov/codecov-action@v5
2025-03-14T11:58:04.0437131Z with:
2025-03-14T11:58:04.0437314Z   fail_ci_if_error: false
2025-03-14T11:58:04.0437703Z   token: ***
2025-03-14T11:58:04.0437873Z   name: 3.8
2025-03-14T11:58:04.0438045Z   disable_file_fixes: false
2025-03-14T11:58:04.0438258Z   disable_search: false
2025-03-14T11:58:04.0438466Z   disable_safe_directory: false
2025-03-14T11:58:04.0438676Z   disable_telem: false
2025-03-14T11:58:04.0438863Z   dry_run: false
2025-03-14T11:58:04.0439034Z   git_service: github
2025-03-14T11:58:04.0439230Z   gcov_executable: gcov
2025-03-14T11:58:04.0439439Z   handle_no_reports_found: false
2025-03-14T11:58:04.0439660Z   recurse_submodules: false
2025-03-14T11:58:04.0439879Z   run_command: upload-coverage
2025-03-14T11:58:04.0440100Z   skip_validation: false
2025-03-14T11:58:04.0440327Z   use_legacy_upload_endpoint: false
2025-03-14T11:58:04.0440555Z   use_oidc: false
2025-03-14T11:58:04.0440726Z   use_pypi: false
2025-03-14T11:58:04.0440935Z   verbose: false
2025-03-14T11:58:04.0441101Z   version: latest
2025-03-14T11:58:04.0441271Z env:
2025-03-14T11:58:04.0441496Z   pythonLocation: /opt/hostedtoolcache/Python/3.8.18/x64
2025-03-14T11:58:04.0441882Z   PKG_CONFIG_PATH: /opt/hostedtoolcache/Python/3.8.18/x64/lib/pkgconfig
2025-03-14T11:58:04.0442260Z   Python_ROOT_DIR: /opt/hostedtoolcache/Python/3.8.18/x64
2025-03-14T11:58:04.0442593Z   Python2_ROOT_DIR: /opt/hostedtoolcache/Python/3.8.18/x64
2025-03-14T11:58:04.0442928Z   Python3_ROOT_DIR: /opt/hostedtoolcache/Python/3.8.18/x64
2025-03-14T11:58:04.0443475Z   LD_LIBRARY_PATH: /opt/hostedtoolcache/Python/3.8.18/x64/lib
2025-03-14T11:58:04.0443750Z ##[endgroup]
2025-03-14T11:58:04.0514341Z ##[group]Run CC_ACTION_VERSION=$(cat ${GITHUB_ACTION_PATH}/src/version)
2025-03-14T11:58:04.0514788Z [36;1mCC_ACTION_VERSION=$(cat ${GITHUB_ACTION_PATH}/src/version)[0m
2025-03-14T11:58:04.0515202Z [36;1mecho -e "\033[0;32m==>\033[0m Running Action version $CC_ACTION_VERSION"[0m
2025-03-14T11:58:04.0564158Z shell: /usr/bin/bash --noprofile --norc -e -o pipefail {0}
2025-03-14T11:58:04.0564473Z env:
2025-03-14T11:58:04.0564712Z   pythonLocation: /opt/hostedtoolcache/Python/3.8.18/x64
2025-03-14T11:58:04.0565106Z   PKG_CONFIG_PATH: /opt/hostedtoolcache/Python/3.8.18/x64/lib/pkgconfig
2025-03-14T11:58:04.0565499Z   Python_ROOT_DIR: /opt/hostedtoolcache/Python/3.8.18/x64
2025-03-14T11:58:04.0565863Z   Python2_ROOT_DIR: /opt/hostedtoolcache/Python/3.8.18/x64
2025-03-14T11:58:04.0566200Z   Python3_ROOT_DIR: /opt/hostedtoolcache/Python/3.8.18/x64
2025-03-14T11:58:04.0566543Z   LD_LIBRARY_PATH: /opt/hostedtoolcache/Python/3.8.18/x64/lib
2025-03-14T11:58:04.0566832Z ##[endgroup]
2025-03-14T11:58:04.0648630Z [0;32m==>[0m Running Action version 5.4.0
2025-03-14T11:58:04.0695186Z ##[group]Run git config --global --add safe.directory "/home/runner/work/tinuous/tinuous"
2025-03-14T11:58:04.0695735Z [36;1mgit config --global --add safe.directory "/home/runner/work/tinuous/tinuous"[0m
2025-03-14T11:58:04.0696190Z [36;1mgit config --global --add safe.directory "$GITHUB_WORKSPACE"[0m
2025-03-14T11:58:04.0740382Z shell: /usr/bin/bash --noprofile --norc -e -o pipefail {0}
2025-03-14T11:58:04.0740686Z env:
2025-03-14T11:58:04.0740927Z   pythonLocation: /opt/hostedtoolcache/Python/3.8.18/x64
2025-03-14T11:58:04.0741326Z   PKG_CONFIG_PATH: /opt/hostedtoolcache/Python/3.8.18/x64/lib/pkgconfig
2025-03-14T11:58:04.0741716Z   Python_ROOT_DIR: /opt/hostedtoolcache/Python/3.8.18/x64
2025-03-14T11:58:04.0742053Z   Python2_ROOT_DIR: /opt/hostedtoolcache/Python/3.8.18/x64
2025-03-14T11:58:04.0742384Z   Python3_ROOT_DIR: /opt/hostedtoolcache/Python/3.8.18/x64
2025-03-14T11:58:04.0742721Z   LD_LIBRARY_PATH: /opt/hostedtoolcache/Python/3.8.18/x64/lib
2025-03-14T11:58:04.0743218Z ##[endgroup]
2025-03-14T11:58:04.0905306Z ##[group]Run CC_FORK="false"
2025-03-14T11:58:04.0905557Z [36;1mCC_FORK="false"[0m
2025-03-14T11:58:04.0906362Z [36;1mif [ -n "$GITHUB_EVENT_PULL_REQUEST_HEAD_REPO_FULL_NAME" ] && [ "$GITHUB_EVENT_PULL_REQUEST_HEAD_REPO_FULL_NAME" != "$GITHUB_REPOSITORY" ];[0m
2025-03-14T11:58:04.0906869Z [36;1mthen[0m
2025-03-14T11:58:04.0907082Z [36;1m  echo -e "\033[0;32m==>\033[0m Fork detected"[0m
2025-03-14T11:58:04.0907340Z [36;1m  CC_FORK="true"[0m
2025-03-14T11:58:04.0907530Z [36;1mfi[0m
2025-03-14T11:58:04.0907728Z [36;1mecho "CC_FORK=$CC_FORK" >> "$GITHUB_ENV"[0m
2025-03-14T11:58:04.0951323Z shell: /usr/bin/bash --noprofile --norc -e -o pipefail {0}
2025-03-14T11:58:04.0951650Z env:
2025-03-14T11:58:04.0951935Z   pythonLocation: /opt/hostedtoolcache/Python/3.8.18/x64
2025-03-14T11:58:04.0952326Z   PKG_CONFIG_PATH: /opt/hostedtoolcache/Python/3.8.18/x64/lib/pkgconfig
2025-03-14T11:58:04.0952698Z   Python_ROOT_DIR: /opt/hostedtoolcache/Python/3.8.18/x64
2025-03-14T11:58:04.0953204Z   Python2_ROOT_DIR: /opt/hostedtoolcache/Python/3.8.18/x64
2025-03-14T11:58:04.0953551Z   Python3_ROOT_DIR: /opt/hostedtoolcache/Python/3.8.18/x64
2025-03-14T11:58:04.0953881Z   LD_LIBRARY_PATH: /opt/hostedtoolcache/Python/3.8.18/x64/lib
2025-03-14T11:58:04.0954321Z   GITHUB_EVENT_PULL_REQUEST_HEAD_LABEL: con:dependabot/github_actions/codecov/codecov-action-5
2025-03-14T11:58:04.0954769Z   GITHUB_EVENT_PULL_REQUEST_HEAD_REPO_FULL_NAME: con/tinuous
2025-03-14T11:58:04.0955062Z   GITHUB_REPOSITORY: con/tinuous
2025-03-14T11:58:04.0955266Z ##[endgroup]
2025-03-14T11:58:04.1043699Z ##[group]Run if [ "false" == 'true' ] && [ "$CC_FORK" != 'true' ];
2025-03-14T11:58:04.1044065Z [36;1mif [ "false" == 'true' ] && [ "$CC_FORK" != 'true' ];[0m
2025-03-14T11:58:04.1044343Z [36;1mthen[0m
2025-03-14T11:58:04.1044531Z [36;1m  # {"count":1984,"value":"***"}[0m
2025-03-14T11:58:04.1044926Z [36;1m  echo -e "\033[0;32m==>\033[0m Requesting OIDC token from '$ACTIONS_ID_TOKEN_REQUEST_URL'"[0m
2025-03-14T11:58:04.1045619Z [36;1m  CC_TOKEN=$(curl -H "Authorization: bearer $ACTIONS_ID_TOKEN_REQUEST_TOKEN" "$ACTIONS_ID_TOKEN_REQUEST_URL&audience=$CC_OIDC_AUDIENCE" | cut -d\" -f6)[0m
2025-03-14T11:58:04.1046216Z [36;1m  echo "CC_TOKEN=$CC_TOKEN" >> "$GITHUB_ENV"[0m
2025-03-14T11:58:04.1046480Z [36;1melif [ -n "" ];[0m
2025-03-14T11:58:04.1046666Z [36;1mthen[0m
2025-03-14T11:58:04.1046883Z [36;1m  echo -e "\033[0;32m==>\033[0m Token set from env"[0m
2025-03-14T11:58:04.1047167Z [36;1m    echo "CC_TOKEN=" >> "$GITHUB_ENV"[0m
2025-03-14T11:58:04.1047406Z [36;1melse[0m
2025-03-14T11:58:04.1047713Z [36;1m  if [ -n "***" ];[0m
2025-03-14T11:58:04.1047913Z [36;1m  then[0m
2025-03-14T11:58:04.1048152Z [36;1m    echo -e "\033[0;32m==>\033[0m Token set from input"[0m
2025-03-14T11:58:04.1048560Z [36;1m    CC_TOKEN=$(echo "***" | tr -d '\n')[0m
2025-03-14T11:58:04.1048844Z [36;1m    echo "CC_TOKEN=$CC_TOKEN" >> "$GITHUB_ENV"[0m
2025-03-14T11:58:04.1049099Z [36;1m  fi[0m
2025-03-14T11:58:04.1049263Z [36;1mfi[0m
2025-03-14T11:58:04.1091643Z shell: /usr/bin/bash --noprofile --norc -e -o pipefail {0}
2025-03-14T11:58:04.1091958Z env:
2025-03-14T11:58:04.1092196Z   pythonLocation: /opt/hostedtoolcache/Python/3.8.18/x64
2025-03-14T11:58:04.1092594Z   PKG_CONFIG_PATH: /opt/hostedtoolcache/Python/3.8.18/x64/lib/pkgconfig
2025-03-14T11:58:04.1093126Z   Python_ROOT_DIR: /opt/hostedtoolcache/Python/3.8.18/x64
2025-03-14T11:58:04.1093470Z   Python2_ROOT_DIR: /opt/hostedtoolcache/Python/3.8.18/x64
2025-03-14T11:58:04.1093793Z   Python3_ROOT_DIR: /opt/hostedtoolcache/Python/3.8.18/x64
2025-03-14T11:58:04.1094117Z   LD_LIBRARY_PATH: /opt/hostedtoolcache/Python/3.8.18/x64/lib
2025-03-14T11:58:04.1094392Z   CC_FORK: false
2025-03-14T11:58:04.1094595Z   CC_OIDC_AUDIENCE: https://codecov.io
2025-03-14T11:58:04.1094823Z ##[endgroup]
2025-03-14T11:58:04.1157933Z [0;32m==>[0m Token set from input
2025-03-14T11:58:04.1195984Z ##[group]Run if [ -z "$CC_BRANCH" ] && [ -z "$CC_TOKEN" ] && [ "$CC_FORK" == 'true' ]
2025-03-14T11:58:04.1196420Z [36;1mif [ -z "$CC_BRANCH" ] && [ -z "$CC_TOKEN" ] && [ "$CC_FORK" == 'true' ][0m
2025-03-14T11:58:04.1196908Z [36;1mthen[0m
2025-03-14T11:58:04.1197440Z [36;1m  echo -e "\033[0;32m==>\033[0m Fork detected, setting branch to $GITHUB_EVENT_PULL_REQUEST_HEAD_LABEL"[0m
2025-03-14T11:58:04.1197916Z [36;1m  TOKENLESS="$GITHUB_EVENT_PULL_REQUEST_HEAD_LABEL"[0m
2025-03-14T11:58:04.1198265Z [36;1m  CC_BRANCH="$GITHUB_EVENT_PULL_REQUEST_HEAD_LABEL"[0m
2025-03-14T11:58:04.1198586Z [36;1m  echo "TOKENLESS=$TOKENLESS" >> "$GITHUB_ENV"[0m
2025-03-14T11:58:04.1198846Z [36;1mfi[0m
2025-03-14T11:58:04.1199013Z [36;1m[0m
2025-03-14T11:58:04.1199210Z [36;1mecho "CC_BRANCH=$CC_BRANCH" >> "$GITHUB_ENV"[0m
2025-03-14T11:58:04.1240807Z shell: /usr/bin/bash --noprofile --norc -e -o pipefail {0}
2025-03-14T11:58:04.1241117Z env:
2025-03-14T11:58:04.1241360Z   pythonLocation: /opt/hostedtoolcache/Python/3.8.18/x64
2025-03-14T11:58:04.1241749Z   PKG_CONFIG_PATH: /opt/hostedtoolcache/Python/3.8.18/x64/lib/pkgconfig
2025-03-14T11:58:04.1242127Z   Python_ROOT_DIR: /opt/hostedtoolcache/Python/3.8.18/x64
2025-03-14T11:58:04.1242473Z   Python2_ROOT_DIR: /opt/hostedtoolcache/Python/3.8.18/x64
2025-03-14T11:58:04.1242808Z   Python3_ROOT_DIR: /opt/hostedtoolcache/Python/3.8.18/x64
2025-03-14T11:58:04.1243374Z   LD_LIBRARY_PATH: /opt/hostedtoolcache/Python/3.8.18/x64/lib
2025-03-14T11:58:04.1243666Z   CC_FORK: false
2025-03-14T11:58:04.1244063Z   CC_TOKEN: ***
2025-03-14T11:58:04.1244243Z   CC_BRANCH: 
2025-03-14T11:58:04.1244576Z   GITHUB_EVENT_PULL_REQUEST_HEAD_LABEL: con:dependabot/github_actions/codecov/codecov-action-5
2025-03-14T11:58:04.1245029Z   GITHUB_EVENT_PULL_REQUEST_HEAD_REPO_FULL_NAME: con/tinuous
2025-03-14T11:58:04.1245329Z   GITHUB_REPOSITORY: con/tinuous
2025-03-14T11:58:04.1245544Z ##[endgroup]
2025-03-14T11:58:04.1329817Z ##[group]Run if [ -z "$CC_SHA" ];
2025-03-14T11:58:04.1330081Z [36;1mif [ -z "$CC_SHA" ];[0m
2025-03-14T11:58:04.1330286Z [36;1mthen[0m
2025-03-14T11:58:04.1330504Z [36;1m  CC_SHA="$GITHUB_EVENT_PULL_REQUEST_HEAD_SHA"[0m
2025-03-14T11:58:04.1330774Z [36;1mfi[0m
2025-03-14T11:58:04.1331032Z [36;1mif [ -z "$CC_PR" ] && [ "${GITHUB_EVENT_NAME}" == "pull_request_target" ];[0m
2025-03-14T11:58:04.1331347Z [36;1mthen[0m
2025-03-14T11:58:04.1331534Z [36;1m  CC_PR="$GITHUB_EVENT_NUMBER"[0m
2025-03-14T11:58:04.1331765Z [36;1mfi[0m
2025-03-14T11:58:04.1331932Z [36;1m[0m
2025-03-14T11:58:04.1332117Z [36;1mecho "CC_SHA=$CC_SHA" >> "$GITHUB_ENV"[0m
2025-03-14T11:58:04.1332392Z [36;1mecho "CC_PR=$CC_PR" >> "$GITHUB_ENV"[0m
2025-03-14T11:58:04.1374081Z shell: /usr/bin/bash --noprofile --norc -e -o pipefail {0}
2025-03-14T11:58:04.1374382Z env:
2025-03-14T11:58:04.1374617Z   pythonLocation: /opt/hostedtoolcache/Python/3.8.18/x64
2025-03-14T11:58:04.1375004Z   PKG_CONFIG_PATH: /opt/hostedtoolcache/Python/3.8.18/x64/lib/pkgconfig
2025-03-14T11:58:04.1375381Z   Python_ROOT_DIR: /opt/hostedtoolcache/Python/3.8.18/x64
2025-03-14T11:58:04.1375713Z   Python2_ROOT_DIR: /opt/hostedtoolcache/Python/3.8.18/x64
2025-03-14T11:58:04.1376053Z   Python3_ROOT_DIR: /opt/hostedtoolcache/Python/3.8.18/x64
2025-03-14T11:58:04.1376397Z   LD_LIBRARY_PATH: /opt/hostedtoolcache/Python/3.8.18/x64/lib
2025-03-14T11:58:04.1376682Z   CC_FORK: false
2025-03-14T11:58:04.1376942Z   CC_TOKEN: ***
2025-03-14T11:58:04.1377111Z   CC_BRANCH: 
2025-03-14T11:58:04.1377276Z   CC_PR: 
2025-03-14T11:58:04.1377430Z   CC_SHA: 
2025-03-14T11:58:04.1377598Z   GITHUB_EVENT_NAME: pull_request
2025-03-14T11:58:04.1377828Z   GITHUB_EVENT_NUMBER: 198
2025-03-14T11:58:04.1378131Z   GITHUB_EVENT_PULL_REQUEST_HEAD_SHA: 1c0e628e29519b5959b96f80df72e74e3372d36c
2025-03-14T11:58:04.1378471Z ##[endgroup]
2025-03-14T11:58:04.1468301Z ##[group]Run ${GITHUB_ACTION_PATH}/dist/codecov.sh
2025-03-14T11:58:04.1468644Z [36;1m${GITHUB_ACTION_PATH}/dist/codecov.sh[0m
2025-03-14T11:58:04.1510383Z shell: /usr/bin/bash --noprofile --norc -e -o pipefail {0}
2025-03-14T11:58:04.1510697Z env:
2025-03-14T11:58:04.1510944Z   pythonLocation: /opt/hostedtoolcache/Python/3.8.18/x64
2025-03-14T11:58:04.1511350Z   PKG_CONFIG_PATH: /opt/hostedtoolcache/Python/3.8.18/x64/lib/pkgconfig
2025-03-14T11:58:04.1511896Z   Python_ROOT_DIR: /opt/hostedtoolcache/Python/3.8.18/x64
2025-03-14T11:58:04.1512372Z   Python2_ROOT_DIR: /opt/hostedtoolcache/Python/3.8.18/x64
2025-03-14T11:58:04.1512764Z   Python3_ROOT_DIR: /opt/hostedtoolcache/Python/3.8.18/x64
2025-03-14T11:58:04.1513297Z   LD_LIBRARY_PATH: /opt/hostedtoolcache/Python/3.8.18/x64/lib
2025-03-14T11:58:04.1513582Z   CC_FORK: false
2025-03-14T11:58:04.1513847Z   CC_TOKEN: ***
2025-03-14T11:58:04.1514014Z   CC_BRANCH: 
2025-03-14T11:58:04.1514214Z   CC_SHA: 1c0e628e29519b5959b96f80df72e74e3372d36c
2025-03-14T11:58:04.1514465Z   CC_PR: 
2025-03-14T11:58:04.1514618Z   CC_BASE_SHA: 
2025-03-14T11:58:04.1514781Z   CC_BINARY: 
2025-03-14T11:58:04.1514933Z   CC_BUILD: 
2025-03-14T11:58:04.1515092Z   CC_BUILD_URL: 
2025-03-14T11:58:04.1515255Z   CC_CODE: 
2025-03-14T11:58:04.1515399Z   CC_DIR: 
2025-03-14T11:58:04.1515566Z   CC_DISABLE_FILE_FIXES: false
2025-03-14T11:58:04.1515778Z   CC_DISABLE_SEARCH: false
2025-03-14T11:58:04.1515982Z   CC_DISABLE_TELEM: false
2025-03-14T11:58:04.1516173Z   CC_DRY_RUN: false
2025-03-14T11:58:04.1516346Z   CC_ENTERPRISE_URL: 
2025-03-14T11:58:04.1516528Z   CC_ENV: 
2025-03-14T11:58:04.1516684Z   CC_EXCLUDES: 
2025-03-14T11:58:04.1516850Z   CC_FAIL_ON_ERROR: false
2025-03-14T11:58:04.1517037Z   CC_FILES: 
2025-03-14T11:58:04.1517187Z   CC_FLAGS: 
2025-03-14T11:58:04.1517338Z   CC_FORCE: 
2025-03-14T11:58:04.1517509Z   CC_GCOV_ARGS: 
2025-03-14T11:58:04.1517689Z   CC_GCOV_EXECUTABLE: gcov
2025-03-14T11:58:04.1517878Z   CC_GCOV_IGNORE: 
2025-03-14T11:58:04.1518050Z   CC_GCOV_INCLUDE: 
2025-03-14T11:58:04.1518222Z   CC_GIT_SERVICE: github
2025-03-14T11:58:04.1518427Z   CC_HANDLE_NO_REPORTS_FOUND: false
2025-03-14T11:58:04.1518649Z   CC_JOB_CODE: 
2025-03-14T11:58:04.1518808Z   CC_LEGACY: false
2025-03-14T11:58:04.1518978Z   CC_NAME: 3.8
2025-03-14T11:58:04.1519146Z   CC_NETWORK_FILTER: 
2025-03-14T11:58:04.1519322Z   CC_NETWORK_PREFIX: 
2025-03-14T11:58:04.1519505Z   CC_NETWORK_ROOT_FOLDER: 
2025-03-14T11:58:04.1519695Z   CC_OS: 
2025-03-14T11:58:04.1519851Z   CC_PARENT_SHA: 
2025-03-14T11:58:04.1520022Z   CC_PLUGINS: 
2025-03-14T11:58:04.1520196Z   CC_RECURSE_SUBMODULES: false
2025-03-14T11:58:04.1520406Z   CC_REPORT_TYPE: 
2025-03-14T11:58:04.1520587Z   CC_RUN_CMD: upload-coverage
2025-03-14T11:58:04.1520794Z   CC_SERVICE: github
2025-03-14T11:58:04.1520982Z   CC_SKIP_VALIDATION: false
2025-03-14T11:58:04.1521169Z   CC_SLUG: 
2025-03-14T11:58:04.1521331Z   CC_SWIFT_PROJECT: 
2025-03-14T11:58:04.1521503Z   CC_USE_PYPI: false
2025-03-14T11:58:04.1521677Z   CC_VERBOSE: false
2025-03-14T11:58:04.1521847Z   CC_VERSION: latest
2025-03-14T11:58:04.1522018Z   CC_YML_PATH: 
2025-03-14T11:58:04.1522184Z ##[endgroup]
2025-03-14T11:58:04.1609364Z      _____          _
2025-03-14T11:58:04.1609721Z     / ____|        | |
2025-03-14T11:58:04.1610007Z    | |     ___   __| | ___  ___ _____   __
2025-03-14T11:58:04.1610266Z    | |    / _ \ / _` |/ _ \/ __/ _ \ \ / /
2025-03-14T11:58:04.1610543Z    | |___| (_) | (_| |  __/ (_| (_) \ V /
2025-03-14T11:58:04.1610884Z     \_____\___/ \__,_|\___|\___\___/ \_/
2025-03-14T11:58:04.1611386Z                            [0;31m Wrapper-0.2.0[0m
2025-03-14T11:58:04.1611749Z                                   
2025-03-14T11:58:04.1671460Z [0;32m==>[0m Detected [0;36mlinux[0m
2025-03-14T11:58:04.1672186Z [0;32m ->[0m Downloading [0;36mhttps://cli.codecov.io/latest/linux/codecov[0m
2025-03-14T11:58:04.1738830Z   % Total    % Received % Xferd  Average Speed   Time    Time     Time  Current
2025-03-14T11:58:04.1739506Z                                  Dload  Upload   Total   Spent    Left  Speed
2025-03-14T11:58:04.1739879Z 
2025-03-14T11:58:04.3700515Z   0     0    0     0    0     0      0      0 --:--:-- --:--:-- --:--:--     0
2025-03-14T11:58:04.3701143Z 100 27.5M  100 27.5M    0     0   140M      0 --:--:-- --:--:-- --:--:--  140M
2025-03-14T11:58:04.3734854Z [0;32m==>[0m Finishing downloading [0;36mlinux:latest[0m
2025-03-14T11:58:04.4238927Z       Version: [0;36mv10.2.1[0m
2025-03-14T11:58:04.4239869Z  
2025-03-14T11:58:04.6841710Z gpg: directory '/home/runner/.gnupg' created
2025-03-14T11:58:04.6845823Z gpg: keybox '/home/runner/.gnupg/pubring.kbx' created
2025-03-14T11:58:04.6863767Z gpg: /home/runner/.gnupg/trustdb.gpg: trustdb created
2025-03-14T11:58:04.6865329Z gpg: key 806BB28AED779869: public key "Codecov Uploader (Codecov Uploader Verification Key) <security@codecov.io>" imported
2025-03-14T11:58:04.7031515Z gpg: Total number processed: 1
2025-03-14T11:58:04.7031952Z gpg:               imported: 1
2025-03-14T11:58:04.7038225Z [0;32m==>[0m Verifying GPG signature integrity
2025-03-14T11:58:04.7039370Z [0;32m ->[0m Downloading [0;36mhttps://cli.codecov.io/latest/linux/codecov.SHA256SUM[0m
2025-03-14T11:58:04.7040423Z [0;32m ->[0m Downloading [0;36mhttps://cli.codecov.io/latest/linux/codecov.SHA256SUM.sig[0m
2025-03-14T11:58:04.7041066Z  
2025-03-14T11:58:04.8116319Z gpg: Signature made Wed Mar 12 16:00:55 2025 UTC
2025-03-14T11:58:04.8117000Z gpg:                using RSA key 27034E7FDB850E0BBC2C62FF806BB28AED779869
2025-03-14T11:58:04.8121152Z gpg: Good signature from "Codecov Uploader (Codecov Uploader Verification Key) <security@codecov.io>" [unknown]
2025-03-14T11:58:04.8122189Z gpg: WARNING: This key is not certified with a trusted signature!
2025-03-14T11:58:04.8122895Z gpg:          There is no indication that the signature belongs to the owner.
2025-03-14T11:58:04.8123979Z Primary key fingerprint: 2703 4E7F DB85 0E0B BC2C  62FF 806B B28A ED77 9869
2025-03-14T11:58:04.9464855Z codecov: OK
2025-03-14T11:58:04.9475235Z [0;32m==>[0m CLI integrity verified
2025-03-14T11:58:04.9475628Z 
2025-03-14T11:58:04.9557085Z [0;32m ->[0m Token of length 36 detected
2025-03-14T11:58:05.0121038Z [0;32m==>[0m Running upload-coverage
2025-03-14T11:58:05.0130620Z       [0;36m./codecov  upload-coverage -t <redacted> --git-service github --sha 1c0e628e29519b5959b96f80df72e74e3372d36c --gcov-executable gcov --name 3.8[0m
2025-03-14T11:58:05.6558030Z info - 2025-03-14 11:58:05,655 -- ci service found: github-actions
2025-03-14T11:58:05.6815318Z warning - 2025-03-14 11:58:05,681 -- xcrun is not installed or can't be found.
2025-03-14T11:58:05.7255073Z warning - 2025-03-14 11:58:05,725 -- No gcov data found.
2025-03-14T11:58:05.7258863Z warning - 2025-03-14 11:58:05,725 -- coverage.py is not installed or can't be found.
2025-03-14T11:58:05.7358430Z info - 2025-03-14 11:58:05,735 -- Found 1 coverage files to report
2025-03-14T11:58:05.7359263Z info - 2025-03-14 11:58:05,735 -- > /home/runner/work/tinuous/tinuous/coverage.xml
2025-03-14T11:58:06.3758689Z info - 2025-03-14 11:58:06,375 -- Your upload is now processing. When finished, results will be available at: https://app.codecov.io/github/con/tinuous/commit/1c0e628e29519b5959b96f80df72e74e3372d36c
2025-03-14T11:58:06.5557899Z info - 2025-03-14 11:58:06,555 -- Process Upload complete
2025-03-14T11:58:06.7286331Z Post job cleanup.
2025-03-14T11:58:06.8956524Z Post job cleanup.
2025-03-14T11:58:06.9908650Z [command]/usr/bin/git version
2025-03-14T11:58:06.9945471Z git version 2.48.1
2025-03-14T11:58:06.9981561Z Copying '/home/runner/.gitconfig' to '/home/runner/work/_temp/9b419edc-bf72-45df-aac5-a484ed9b4766/.gitconfig'
2025-03-14T11:58:06.9992409Z Temporarily overriding HOME='/home/runner/work/_temp/9b419edc-bf72-45df-aac5-a484ed9b4766' before making global git config changes
2025-03-14T11:58:06.9993572Z Adding repository directory to the temporary git global config as a safe directory
2025-03-14T11:58:06.9998469Z [command]/usr/bin/git config --global --add safe.directory /home/runner/work/tinuous/tinuous
2025-03-14T11:58:07.0032746Z [command]/usr/bin/git config --local --name-only --get-regexp core\.sshCommand
2025-03-14T11:58:07.0067053Z [command]/usr/bin/git submodule foreach --recursive sh -c "git config --local --name-only --get-regexp 'core\.sshCommand' && git config --local --unset-all 'core.sshCommand' || :"
2025-03-14T11:58:07.0310797Z [command]/usr/bin/git config --local --name-only --get-regexp http\.https\:\/\/github\.com\/\.extraheader
2025-03-14T11:58:07.0335155Z http.https://github.com/.extraheader
2025-03-14T11:58:07.0348390Z [command]/usr/bin/git config --local --unset-all http.https://github.com/.extraheader
2025-03-14T11:58:07.0380827Z [command]/usr/bin/git submodule foreach --recursive sh -c "git config --local --name-only --get-regexp 'http\.https\:\/\/github\.com\/\.extraheader' && git config --local --unset-all 'http.https://github.com/.extraheader' || :"
2025-03-14T11:58:07.0718298Z Cleaning up orphan processes
