2025-03-14T11:57:40.6252605Z Current runner version: '2.322.0'
2025-03-14T11:57:40.6282174Z ##[group]Operating System
2025-03-14T11:57:40.6282955Z Ubuntu
2025-03-14T11:57:40.6283500Z 24.04.2
2025-03-14T11:57:40.6284015Z LTS
2025-03-14T11:57:40.6284548Z ##[endgroup]
2025-03-14T11:57:40.6285115Z ##[group]Runner Image
2025-03-14T11:57:40.6285699Z Image: ubuntu-24.04
2025-03-14T11:57:40.6286275Z Version: 20250309.1.0
2025-03-14T11:57:40.6287326Z Included Software: https://github.com/actions/runner-images/blob/ubuntu24/20250309.1/images/ubuntu/Ubuntu2404-Readme.md
2025-03-14T11:57:40.6288920Z Image Release: https://github.com/actions/runner-images/releases/tag/ubuntu24%2F20250309.1
2025-03-14T11:57:40.6289883Z ##[endgroup]
2025-03-14T11:57:40.6290443Z ##[group]Runner Image Provisioner
2025-03-14T11:57:40.6291051Z 2.0.422.1
2025-03-14T11:57:40.6291550Z ##[endgroup]
2025-03-14T11:57:40.6293751Z ##[group]GITHUB_TOKEN Permissions
2025-03-14T11:57:40.6295968Z Actions: read
2025-03-14T11:57:40.6296676Z Attestations: read
2025-03-14T11:57:40.6297377Z Checks: read
2025-03-14T11:57:40.6297880Z Contents: read
2025-03-14T11:57:40.6298453Z Deployments: read
2025-03-14T11:57:40.6299175Z Discussions: read
2025-03-14T11:57:40.6299658Z Issues: read
2025-03-14T11:57:40.6300214Z Metadata: read
2025-03-14T11:57:40.6300701Z Packages: read
2025-03-14T11:57:40.6301218Z Pages: read
2025-03-14T11:57:40.6301774Z PullRequests: read
2025-03-14T11:57:40.6302293Z RepositoryProjects: read
2025-03-14T11:57:40.6302876Z SecurityEvents: read
2025-03-14T11:57:40.6303358Z Statuses: read
2025-03-14T11:57:40.6303999Z ##[endgroup]
2025-03-14T11:57:40.6306265Z Secret source: Dependabot
2025-03-14T11:57:40.6306949Z Prepare workflow directory
2025-03-14T11:57:40.6634696Z Prepare all required actions
2025-03-14T11:57:40.6672950Z Getting action download info
2025-03-14T11:57:41.2679279Z Download action repository 'actions/checkout@v4' (SHA:11bd71901bbe5b1630ceea73d27597364c9af683)
2025-03-14T11:57:41.3881632Z Download action repository 'actions/setup-python@v5' (SHA:42375524e23c412d93fb67b49958b491fce71c38)
2025-03-14T11:57:41.4775018Z Download action repository 'codecov/codecov-action@v5' (SHA:0565863a31f2c772f9f0395002a31e3f06189574)
2025-03-14T11:57:41.9541896Z Complete job name: test (3.12, py)
2025-03-14T11:57:42.0209161Z ##[group]Run actions/checkout@v4
2025-03-14T11:57:42.0210020Z with:
2025-03-14T11:57:42.0210398Z   fetch-depth: 0
2025-03-14T11:57:42.0210821Z   repository: con/tinuous
2025-03-14T11:57:42.0211413Z   token: ***
2025-03-14T11:57:42.0211808Z   ssh-strict: true
2025-03-14T11:57:42.0212209Z   ssh-user: git
2025-03-14T11:57:42.0212616Z   persist-credentials: true
2025-03-14T11:57:42.0213097Z   clean: true
2025-03-14T11:57:42.0213537Z   sparse-checkout-cone-mode: true
2025-03-14T11:57:42.0214036Z   fetch-tags: false
2025-03-14T11:57:42.0214453Z   show-progress: true
2025-03-14T11:57:42.0214861Z   lfs: false
2025-03-14T11:57:42.0215248Z   submodules: false
2025-03-14T11:57:42.0215664Z   set-safe-directory: true
2025-03-14T11:57:42.0216311Z ##[endgroup]
2025-03-14T11:57:42.2835786Z Syncing repository: con/tinuous
2025-03-14T11:57:42.2838005Z ##[group]Getting Git version info
2025-03-14T11:57:42.2839270Z Working directory is '/home/runner/work/tinuous/tinuous'
2025-03-14T11:57:42.2840860Z [command]/usr/bin/git version
2025-03-14T11:57:42.2934421Z git version 2.48.1
2025-03-14T11:57:42.2964901Z ##[endgroup]
2025-03-14T11:57:42.2980263Z Temporarily overriding HOME='/home/runner/work/_temp/5faeffba-5210-4ac8-acca-1d92853b5142' before making global git config changes
2025-03-14T11:57:42.2982903Z Adding repository directory to the temporary git global config as a safe directory
2025-03-14T11:57:42.2985482Z [command]/usr/bin/git config --global --add safe.directory /home/runner/work/tinuous/tinuous
2025-03-14T11:57:42.3023752Z Deleting the contents of '/home/runner/work/tinuous/tinuous'
2025-03-14T11:57:42.3027646Z ##[group]Initializing the repository
2025-03-14T11:57:42.3031454Z [command]/usr/bin/git init /home/runner/work/tinuous/tinuous
2025-03-14T11:57:42.3104081Z hint: Using 'master' as the name for the initial branch. This default branch name
2025-03-14T11:57:42.3106349Z hint: is subject to change. To configure the initial branch name to use in all
2025-03-14T11:57:42.3108494Z hint: of your new repositories, which will suppress this warning, call:
2025-03-14T11:57:42.3110611Z hint:
2025-03-14T11:57:42.3112112Z hint: 	git config --global init.defaultBranch <name>
2025-03-14T11:57:42.3114004Z hint:
2025-03-14T11:57:42.3115392Z hint: Names commonly chosen instead of 'master' are 'main', 'trunk' and
2025-03-14T11:57:42.3117352Z hint: 'development'. The just-created branch can be renamed via this command:
2025-03-14T11:57:42.3119402Z hint:
2025-03-14T11:57:42.3120295Z hint: 	git branch -m <name>
2025-03-14T11:57:42.3121877Z Initialized empty Git repository in /home/runner/work/tinuous/tinuous/.git/
2025-03-14T11:57:42.3125778Z [command]/usr/bin/git remote add origin https://github.com/con/tinuous
2025-03-14T11:57:42.3161012Z ##[endgroup]
2025-03-14T11:57:42.3162786Z ##[group]Disabling automatic garbage collection
2025-03-14T11:57:42.3164608Z [command]/usr/bin/git config --local gc.auto 0
2025-03-14T11:57:42.3193939Z ##[endgroup]
2025-03-14T11:57:42.3195420Z ##[group]Setting up auth
2025-03-14T11:57:42.3201341Z [command]/usr/bin/git config --local --name-only --get-regexp core\.sshCommand
2025-03-14T11:57:42.3234656Z [command]/usr/bin/git submodule foreach --recursive sh -c "git config --local --name-only --get-regexp 'core\.sshCommand' && git config --local --unset-all 'core.sshCommand' || :"
2025-03-14T11:57:42.3580748Z [command]/usr/bin/git config --local --name-only --get-regexp http\.https\:\/\/github\.com\/\.extraheader
2025-03-14T11:57:42.3621611Z [command]/usr/bin/git submodule foreach --recursive sh -c "git config --local --name-only --get-regexp 'http\.https\:\/\/github\.com\/\.extraheader' && git config --local --unset-all 'http.https://github.com/.extraheader' || :"
2025-03-14T11:57:42.3848060Z [command]/usr/bin/git config --local http.https://github.com/.extraheader AUTHORIZATION: basic ***
2025-03-14T11:57:42.3882800Z ##[endgroup]
2025-03-14T11:57:42.3885124Z ##[group]Fetching the repository
2025-03-14T11:57:42.3896391Z [command]/usr/bin/git -c protocol.version=2 fetch --prune --no-recurse-submodules origin +refs/heads/*:refs/remotes/origin/* +refs/tags/*:refs/tags/* +f49968995a6459a197e3f5d406778c6f253991dc:refs/remotes/pull/198/merge
2025-03-14T11:57:42.9736405Z From https://github.com/con/tinuous
2025-03-14T11:57:42.9737754Z  * [new branch]      dependabot/github_actions/codecov/codecov-action-5 -> origin/dependabot/github_actions/codecov/codecov-action-5
2025-03-14T11:57:42.9739299Z  * [new branch]      gh-55                                    -> origin/gh-55
2025-03-14T11:57:42.9739957Z  * [new branch]      master                                   -> origin/master
2025-03-14T11:57:42.9740800Z  * [new branch]      no-extra-search                          -> origin/no-extra-search
2025-03-14T11:57:42.9741732Z  * [new branch]      pragmata                                 -> origin/pragmata
2025-03-14T11:57:42.9743896Z  * [new branch]      test-appveyor                            -> origin/test-appveyor
2025-03-14T11:57:42.9745004Z  * [new tag]         0.1.0                                    -> 0.1.0
2025-03-14T11:57:42.9816329Z  * [new tag]         0.2.0                                    -> 0.2.0
2025-03-14T11:57:42.9818832Z  * [new tag]         0.3.0                                    -> 0.3.0
2025-03-14T11:57:42.9819734Z  * [new tag]         0.4.0                                    -> 0.4.0
2025-03-14T11:57:42.9820552Z  * [new tag]         0.5.0                                    -> 0.5.0
2025-03-14T11:57:42.9821348Z  * [new tag]         0.5.1                                    -> 0.5.1
2025-03-14T11:57:42.9822187Z  * [new tag]         0.5.2                                    -> 0.5.2
2025-03-14T11:57:42.9823029Z  * [new tag]         0.5.3                                    -> 0.5.3
2025-03-14T11:57:42.9823927Z  * [new tag]         0.5.4                                    -> 0.5.4
2025-03-14T11:57:42.9825027Z  * [new tag]         0.6.0                                    -> 0.6.0
2025-03-14T11:57:42.9825793Z  * [new tag]         0.6.1                                    -> 0.6.1
2025-03-14T11:57:42.9826545Z  * [new tag]         0.7.0                                    -> 0.7.0
2025-03-14T11:57:42.9827393Z  * [new ref]         f49968995a6459a197e3f5d406778c6f253991dc -> pull/198/merge
2025-03-14T11:57:42.9829850Z ##[endgroup]
2025-03-14T11:57:42.9830910Z ##[group]Determining the checkout info
2025-03-14T11:57:42.9832067Z ##[endgroup]
2025-03-14T11:57:42.9832622Z [command]/usr/bin/git sparse-checkout disable
2025-03-14T11:57:42.9852546Z [command]/usr/bin/git config --local --unset-all extensions.worktreeConfig
2025-03-14T11:57:42.9880656Z ##[group]Checking out the ref
2025-03-14T11:57:42.9884758Z [command]/usr/bin/git checkout --progress --force refs/remotes/pull/198/merge
2025-03-14T11:57:42.9940419Z Note: switching to 'refs/remotes/pull/198/merge'.
2025-03-14T11:57:42.9940878Z 
2025-03-14T11:57:42.9941226Z You are in 'detached HEAD' state. You can look around, make experimental
2025-03-14T11:57:42.9941966Z changes and commit them, and you can discard any commits you make in this
2025-03-14T11:57:42.9942703Z state without impacting any branches by switching back to a branch.
2025-03-14T11:57:42.9943103Z 
2025-03-14T11:57:42.9943432Z If you want to create a new branch to retain commits you create, you may
2025-03-14T11:57:42.9944104Z do so (now or later) by using -c with the switch command. Example:
2025-03-14T11:57:42.9944480Z 
2025-03-14T11:57:42.9944781Z   git switch -c <new-branch-name>
2025-03-14T11:57:42.9945292Z 
2025-03-14T11:57:42.9945636Z Or undo this operation with:
2025-03-14T11:57:42.9946157Z 
2025-03-14T11:57:42.9946464Z   git switch -
2025-03-14T11:57:42.9946871Z 
2025-03-14T11:57:42.9947466Z Turn off this advice by setting config variable advice.detachedHead to false
2025-03-14T11:57:42.9948252Z 
2025-03-14T11:57:42.9949328Z HEAD is now at f499689 Merge 1c0e628e29519b5959b96f80df72e74e3372d36c into 103e18f985bc3095b023825d628014ded0d6d273
2025-03-14T11:57:42.9952012Z ##[endgroup]
2025-03-14T11:57:42.9984946Z [command]/usr/bin/git log -1 --format=%H
2025-03-14T11:57:43.0007179Z f49968995a6459a197e3f5d406778c6f253991dc
2025-03-14T11:57:43.0243017Z ##[group]Run actions/setup-python@v5
2025-03-14T11:57:43.0243456Z with:
2025-03-14T11:57:43.0243781Z   python-version: 3.12
2025-03-14T11:57:43.0244141Z   check-latest: false
2025-03-14T11:57:43.0244646Z   token: ***
2025-03-14T11:57:43.0244980Z   update-environment: true
2025-03-14T11:57:43.0245352Z   allow-prereleases: false
2025-03-14T11:57:43.0245718Z ##[endgroup]
2025-03-14T11:57:43.1917615Z ##[group]Installed versions
2025-03-14T11:57:43.1975613Z Successfully set up CPython (3.12.9)
2025-03-14T11:57:43.1976556Z ##[endgroup]
2025-03-14T11:57:43.2096810Z ##[group]Run python -m pip install --upgrade pip wheel
2025-03-14T11:57:43.2097455Z [36;1mpython -m pip install --upgrade pip wheel[0m
2025-03-14T11:57:43.2098033Z [36;1mpython -m pip install --upgrade --upgrade-strategy=eager tox[0m
2025-03-14T11:57:43.2153428Z shell: /usr/bin/bash -e {0}
2025-03-14T11:57:43.2153825Z env:
2025-03-14T11:57:43.2154218Z   pythonLocation: /opt/hostedtoolcache/Python/3.12.9/x64
2025-03-14T11:57:43.2154808Z   PKG_CONFIG_PATH: /opt/hostedtoolcache/Python/3.12.9/x64/lib/pkgconfig
2025-03-14T11:57:43.2155359Z   Python_ROOT_DIR: /opt/hostedtoolcache/Python/3.12.9/x64
2025-03-14T11:57:43.2155874Z   Python2_ROOT_DIR: /opt/hostedtoolcache/Python/3.12.9/x64
2025-03-14T11:57:43.2156372Z   Python3_ROOT_DIR: /opt/hostedtoolcache/Python/3.12.9/x64
2025-03-14T11:57:43.2156893Z   LD_LIBRARY_PATH: /opt/hostedtoolcache/Python/3.12.9/x64/lib
2025-03-14T11:57:43.2157341Z ##[endgroup]
2025-03-14T11:57:43.8806602Z Requirement already satisfied: pip in /opt/hostedtoolcache/Python/3.12.9/x64/lib/python3.12/site-packages (25.0.1)
2025-03-14T11:57:43.9660657Z Collecting wheel
2025-03-14T11:57:43.9981073Z   Downloading wheel-0.45.1-py3-none-any.whl.metadata (2.3 kB)
2025-03-14T11:57:44.0059792Z Downloading wheel-0.45.1-py3-none-any.whl (72 kB)
2025-03-14T11:57:44.0263504Z Installing collected packages: wheel
2025-03-14T11:57:44.0758860Z Successfully installed wheel-0.45.1
2025-03-14T11:57:44.6457355Z Collecting tox
2025-03-14T11:57:44.6879458Z   Downloading tox-4.24.2-py3-none-any.whl.metadata (3.7 kB)
2025-03-14T11:57:44.7081454Z Collecting cachetools>=5.5.1 (from tox)
2025-03-14T11:57:44.7110478Z   Downloading cachetools-5.5.2-py3-none-any.whl.metadata (5.4 kB)
2025-03-14T11:57:44.7215286Z Collecting chardet>=5.2 (from tox)
2025-03-14T11:57:44.7239357Z   Downloading chardet-5.2.0-py3-none-any.whl.metadata (3.4 kB)
2025-03-14T11:57:44.7389302Z Collecting colorama>=0.4.6 (from tox)
2025-03-14T11:57:44.7415127Z   Downloading colorama-0.4.6-py2.py3-none-any.whl.metadata (17 kB)
2025-03-14T11:57:44.7606734Z Collecting filelock>=3.16.1 (from tox)
2025-03-14T11:57:44.7631866Z   Downloading filelock-3.18.0-py3-none-any.whl.metadata (2.9 kB)
2025-03-14T11:57:44.7796621Z Collecting packaging>=24.2 (from tox)
2025-03-14T11:57:44.7827614Z   Downloading packaging-24.2-py3-none-any.whl.metadata (3.2 kB)
2025-03-14T11:57:44.7980799Z Collecting platformdirs>=4.3.6 (from tox)
2025-03-14T11:57:44.8004571Z   Downloading platformdirs-4.3.6-py3-none-any.whl.metadata (11 kB)
2025-03-14T11:57:44.8138555Z Collecting pluggy>=1.5 (from tox)
2025-03-14T11:57:44.8163040Z   Downloading pluggy-1.5.0-py3-none-any.whl.metadata (4.8 kB)
2025-03-14T11:57:44.8291902Z Collecting pyproject-api>=1.8 (from tox)
2025-03-14T11:57:44.8316254Z   Downloading pyproject_api-1.9.0-py3-none-any.whl.metadata (2.7 kB)
2025-03-14T11:57:44.8806065Z Collecting virtualenv>=20.29.1 (from tox)
2025-03-14T11:57:44.8833437Z   Downloading virtualenv-20.29.3-py3-none-any.whl.metadata (4.5 kB)
2025-03-14T11:57:44.9044915Z Collecting distlib<1,>=0.3.7 (from virtualenv>=20.29.1->tox)
2025-03-14T11:57:44.9073630Z   Downloading distlib-0.3.9-py2.py3-none-any.whl.metadata (5.2 kB)
2025-03-14T11:57:44.9216873Z Downloading tox-4.24.2-py3-none-any.whl (172 kB)
2025-03-14T11:57:44.9343954Z Downloading cachetools-5.5.2-py3-none-any.whl (10 kB)
2025-03-14T11:57:44.9385720Z Downloading chardet-5.2.0-py3-none-any.whl (199 kB)
2025-03-14T11:57:44.9511296Z Downloading colorama-0.4.6-py2.py3-none-any.whl (25 kB)
2025-03-14T11:57:44.9561171Z Downloading filelock-3.18.0-py3-none-any.whl (16 kB)
2025-03-14T11:57:44.9607678Z Downloading packaging-24.2-py3-none-any.whl (65 kB)
2025-03-14T11:57:44.9669306Z Downloading platformdirs-4.3.6-py3-none-any.whl (18 kB)
2025-03-14T11:57:44.9731155Z Downloading pluggy-1.5.0-py3-none-any.whl (20 kB)
2025-03-14T11:57:44.9803020Z Downloading pyproject_api-1.9.0-py3-none-any.whl (13 kB)
2025-03-14T11:57:44.9852868Z Downloading virtualenv-20.29.3-py3-none-any.whl (4.3 MB)
2025-03-14T11:57:45.0227747Z    ━━━━━━━━━━━━━━━━━━━━━━━━━━━━━━━━━━━━━━━━ 4.3/4.3 MB 121.8 MB/s eta 0:00:00
2025-03-14T11:57:45.0253345Z Downloading distlib-0.3.9-py2.py3-none-any.whl (468 kB)
2025-03-14T11:57:45.0631730Z Installing collected packages: distlib, pluggy, platformdirs, packaging, filelock, colorama, chardet, cachetools, virtualenv, pyproject-api, tox
2025-03-14T11:57:45.7270255Z Successfully installed cachetools-5.5.2 chardet-5.2.0 colorama-0.4.6 distlib-0.3.9 filelock-3.18.0 packaging-24.2 platformdirs-4.3.6 pluggy-1.5.0 pyproject-api-1.9.0 tox-4.24.2 virtualenv-20.29.3
2025-03-14T11:57:45.8110259Z ##[group]Run tox -e py -- --cov-report=xml
2025-03-14T11:57:45.8110792Z [36;1mtox -e py -- --cov-report=xml[0m
2025-03-14T11:57:45.8174567Z shell: /usr/bin/bash -e {0}
2025-03-14T11:57:45.8174920Z env:
2025-03-14T11:57:45.8175301Z   pythonLocation: /opt/hostedtoolcache/Python/3.12.9/x64
2025-03-14T11:57:45.8175975Z   PKG_CONFIG_PATH: /opt/hostedtoolcache/Python/3.12.9/x64/lib/pkgconfig
2025-03-14T11:57:45.8176624Z   Python_ROOT_DIR: /opt/hostedtoolcache/Python/3.12.9/x64
2025-03-14T11:57:45.8177068Z   Python2_ROOT_DIR: /opt/hostedtoolcache/Python/3.12.9/x64
2025-03-14T11:57:45.8177427Z   Python3_ROOT_DIR: /opt/hostedtoolcache/Python/3.12.9/x64
2025-03-14T11:57:45.8178268Z   LD_LIBRARY_PATH: /opt/hostedtoolcache/Python/3.12.9/x64/lib
2025-03-14T11:57:45.8178919Z ##[endgroup]
2025-03-14T11:57:46.4023790Z py: install_deps> python -I -m pip install pytest pytest-cov pytest-mock
2025-03-14T11:57:48.3297720Z .pkg: install_requires> python -I -m pip install 'setuptools>=46.4.0' versioningit
2025-03-14T11:57:50.4286178Z .pkg: _optional_hooks> python /opt/hostedtoolcache/Python/3.12.9/x64/lib/python3.12/site-packages/pyproject_api/_backend.py True setuptools.build_meta
2025-03-14T11:57:50.7035062Z .pkg: get_requires_for_build_sdist> python /opt/hostedtoolcache/Python/3.12.9/x64/lib/python3.12/site-packages/pyproject_api/_backend.py True setuptools.build_meta
2025-03-14T11:57:50.9588424Z .pkg: get_requires_for_build_wheel> python /opt/hostedtoolcache/Python/3.12.9/x64/lib/python3.12/site-packages/pyproject_api/_backend.py True setuptools.build_meta
2025-03-14T11:57:51.2105173Z .pkg: freeze> python -m pip freeze --all
2025-03-14T11:57:51.4506186Z .pkg: packaging==24.2,pip==25.0.1,setuptools==76.0.0,versioningit==3.1.2
2025-03-14T11:57:51.4511719Z .pkg: prepare_metadata_for_build_wheel> python /opt/hostedtoolcache/Python/3.12.9/x64/lib/python3.12/site-packages/pyproject_api/_backend.py True setuptools.build_meta
2025-03-14T11:57:51.7100186Z .pkg: build_sdist> python /opt/hostedtoolcache/Python/3.12.9/x64/lib/python3.12/site-packages/pyproject_api/_backend.py True setuptools.build_meta
2025-03-14T11:57:51.9777443Z py: install_package_deps> python -I -m pip install 'PyYAML>=5.0' 'click-loglevel~=0.2' 'click>=7.0' 'ghtoken~=0.1' 'in_place~=1.0' 'pydantic~=2.0' 'python-dateutil~=2.7' 'python-dotenv<2.0,>=0.11' 'requests~=2.20' 'typing_extensions; python_version < "3.9"'
2025-03-14T11:57:55.6118933Z py: install_package> python -I -m pip install --force-reinstall --no-deps /home/runner/work/tinuous/tinuous/.tox/.tmp/package/1/tinuous-0.7.0.post2+gf499689.tar.gz
2025-03-14T11:57:58.2528852Z py: freeze> python -m pip freeze --all
2025-03-14T11:57:58.5070483Z py: annotated-types==0.7.0,certifi==2025.1.31,charset-normalizer==3.4.1,click==8.1.8,click-loglevel==0.6.0,coverage==7.6.12,ghtoken==0.1.2,idna==3.10,in_place==1.0.1,iniconfig==2.0.0,packaging==24.2,pip==25.0.1,pluggy==1.5.0,pydantic==2.10.6,pydantic_core==2.27.2,pytest==8.3.5,pytest-cov==6.0.0,pytest-mock==3.14.0,python-dateutil==2.9.0.post0,python-dotenv==1.0.1,PyYAML==6.0.2,requests==2.32.3,ruamel.yaml==0.18.10,ruamel.yaml.clib==0.2.12,six==1.17.0,tinuous @ file:///home/runner/work/tinuous/tinuous/.tox/.tmp/package/1/tinuous-0.7.0.post2%2Bgf499689.tar.gz#sha256=539ed1a194840d0c8510ae0b647f3dcf4788bf6828ba597fd962c2be82586a72,typing_extensions==4.12.2,urllib3==2.3.0
2025-03-14T11:57:58.5073429Z py: commands[0]> tinuous --help
2025-03-14T11:57:58.8991986Z Usage: tinuous [OPTIONS] COMMAND [ARGS]...
2025-03-14T11:57:58.8992582Z 
2025-03-14T11:57:58.8992885Z   Download build logs from GitHub Actions, Travis, Appveyor, and CircleCI
2025-03-14T11:57:58.8993343Z 
2025-03-14T11:57:58.8993444Z Options:
2025-03-14T11:57:58.8993906Z   -V, --version                   Show the version and exit.
2025-03-14T11:57:58.8994481Z   -c, --config FILE               Read configuration from the given file
2025-03-14T11:57:58.8995314Z                                   [default: tinuous.yaml]
2025-03-14T11:57:58.8996259Z   -E, --env FILE                  Load environment variables from given .env
2025-03-14T11:57:58.8996742Z                                   file
2025-03-14T11:57:58.8997191Z   -l, --log-level [NOTSET|DEBUG|INFO|WARNING|ERROR|CRITICAL]
2025-03-14T11:57:58.9000586Z                                   Set logging level  [default: INFO]
2025-03-14T11:57:58.9001059Z   --help                          Show this message and exit.
2025-03-14T11:57:58.9001356Z 
2025-03-14T11:57:58.9001452Z Commands:
2025-03-14T11:57:58.9001713Z   fetch         Download logs
2025-03-14T11:57:58.9002103Z   fetch-commit  Download logs for a specific commit
2025-03-14T11:57:58.9002536Z   sanitize      Sanitize secrets in logs
2025-03-14T11:57:58.9395357Z py: commands[1]> pytest --cov-report=xml test
2025-03-14T11:58:00.9599606Z ============================= test session starts ==============================
2025-03-14T11:58:00.9600227Z platform linux -- Python 3.12.9, pytest-8.3.5, pluggy-1.5.0
2025-03-14T11:58:00.9600755Z cachedir: .tox/py/.pytest_cache
2025-03-14T11:58:00.9601288Z rootdir: /home/runner/work/tinuous/tinuous
2025-03-14T11:58:00.9601794Z configfile: tox.ini
2025-03-14T11:58:00.9602153Z plugins: cov-6.0.0, mock-3.14.0
2025-03-14T11:58:00.9602588Z collected 64 items
2025-03-14T11:58:00.9602811Z 
2025-03-14T11:58:00.9749240Z test/test_base.py .........                                              [ 14%]
2025-03-14T11:58:00.9871987Z test/test_config.py ........                                             [ 26%]
2025-03-14T11:58:01.0110994Z test/test_state.py ........                                              [ 39%]
2025-03-14T11:58:01.2187457Z test/test_util.py .......................................                [100%]
2025-03-14T11:58:01.2187988Z 
2025-03-14T11:58:01.2188317Z ---------- coverage: platform linux, python 3.12.9-final-0 -----------
2025-03-14T11:58:01.2189287Z Coverage XML written to file coverage.xml
2025-03-14T11:58:01.2189630Z 
2025-03-14T11:58:01.2189638Z 
2025-03-14T11:58:01.2189858Z ============================== 64 passed in 1.16s ==============================
2025-03-14T11:58:01.3021626Z   py: OK (15.07=setup[12.28]+cmd[0.43,2.36] seconds)
2025-03-14T11:58:01.3021997Z   congratulations :) (15.15 seconds)
2025-03-14T11:58:01.3556147Z ##[group]Run codecov/codecov-action@v5
2025-03-14T11:58:01.3556428Z with:
2025-03-14T11:58:01.3556608Z   fail_ci_if_error: false
2025-03-14T11:58:01.3556934Z   token: ***
2025-03-14T11:58:01.3557103Z   name: 3.12
2025-03-14T11:58:01.3557270Z   disable_file_fixes: false
2025-03-14T11:58:01.3557475Z   disable_search: false
2025-03-14T11:58:01.3557672Z   disable_safe_directory: false
2025-03-14T11:58:01.3557874Z   disable_telem: false
2025-03-14T11:58:01.3558056Z   dry_run: false
2025-03-14T11:58:01.3558225Z   git_service: github
2025-03-14T11:58:01.3558424Z   gcov_executable: gcov
2025-03-14T11:58:01.3558789Z   handle_no_reports_found: false
2025-03-14T11:58:01.3559013Z   recurse_submodules: false
2025-03-14T11:58:01.3559223Z   run_command: upload-coverage
2025-03-14T11:58:01.3559434Z   skip_validation: false
2025-03-14T11:58:01.3559636Z   use_legacy_upload_endpoint: false
2025-03-14T11:58:01.3559853Z   use_oidc: false
2025-03-14T11:58:01.3560018Z   use_pypi: false
2025-03-14T11:58:01.3560218Z   verbose: false
2025-03-14T11:58:01.3560382Z   version: latest
2025-03-14T11:58:01.3560546Z env:
2025-03-14T11:58:01.3560776Z   pythonLocation: /opt/hostedtoolcache/Python/3.12.9/x64
2025-03-14T11:58:01.3561155Z   PKG_CONFIG_PATH: /opt/hostedtoolcache/Python/3.12.9/x64/lib/pkgconfig
2025-03-14T11:58:01.3561525Z   Python_ROOT_DIR: /opt/hostedtoolcache/Python/3.12.9/x64
2025-03-14T11:58:01.3561851Z   Python2_ROOT_DIR: /opt/hostedtoolcache/Python/3.12.9/x64
2025-03-14T11:58:01.3562185Z   Python3_ROOT_DIR: /opt/hostedtoolcache/Python/3.12.9/x64
2025-03-14T11:58:01.3562527Z   LD_LIBRARY_PATH: /opt/hostedtoolcache/Python/3.12.9/x64/lib
2025-03-14T11:58:01.3562800Z ##[endgroup]
2025-03-14T11:58:01.3632011Z ##[group]Run CC_ACTION_VERSION=$(cat ${GITHUB_ACTION_PATH}/src/version)
2025-03-14T11:58:01.3632451Z [36;1mCC_ACTION_VERSION=$(cat ${GITHUB_ACTION_PATH}/src/version)[0m
2025-03-14T11:58:01.3632856Z [36;1mecho -e "\033[0;32m==>\033[0m Running Action version $CC_ACTION_VERSION"[0m
2025-03-14T11:58:01.3682130Z shell: /usr/bin/bash --noprofile --norc -e -o pipefail {0}
2025-03-14T11:58:01.3682436Z env:
2025-03-14T11:58:01.3682663Z   pythonLocation: /opt/hostedtoolcache/Python/3.12.9/x64
2025-03-14T11:58:01.3704752Z   PKG_CONFIG_PATH: /opt/hostedtoolcache/Python/3.12.9/x64/lib/pkgconfig
2025-03-14T11:58:01.3705210Z   Python_ROOT_DIR: /opt/hostedtoolcache/Python/3.12.9/x64
2025-03-14T11:58:01.3705574Z   Python2_ROOT_DIR: /opt/hostedtoolcache/Python/3.12.9/x64
2025-03-14T11:58:01.3705926Z   Python3_ROOT_DIR: /opt/hostedtoolcache/Python/3.12.9/x64
2025-03-14T11:58:01.3706480Z   LD_LIBRARY_PATH: /opt/hostedtoolcache/Python/3.12.9/x64/lib
2025-03-14T11:58:01.3706773Z ##[endgroup]
2025-03-14T11:58:01.3786723Z [0;32m==>[0m Running Action version 5.4.0
2025-03-14T11:58:01.3830955Z ##[group]Run git config --global --add safe.directory "/home/runner/work/tinuous/tinuous"
2025-03-14T11:58:01.3831490Z [36;1mgit config --global --add safe.directory "/home/runner/work/tinuous/tinuous"[0m
2025-03-14T11:58:01.3831959Z [36;1mgit config --global --add safe.directory "$GITHUB_WORKSPACE"[0m
2025-03-14T11:58:01.3875637Z shell: /usr/bin/bash --noprofile --norc -e -o pipefail {0}
2025-03-14T11:58:01.3875953Z env:
2025-03-14T11:58:01.3876217Z   pythonLocation: /opt/hostedtoolcache/Python/3.12.9/x64
2025-03-14T11:58:01.3876624Z   PKG_CONFIG_PATH: /opt/hostedtoolcache/Python/3.12.9/x64/lib/pkgconfig
2025-03-14T11:58:01.3877008Z   Python_ROOT_DIR: /opt/hostedtoolcache/Python/3.12.9/x64
2025-03-14T11:58:01.3877355Z   Python2_ROOT_DIR: /opt/hostedtoolcache/Python/3.12.9/x64
2025-03-14T11:58:01.3877711Z   Python3_ROOT_DIR: /opt/hostedtoolcache/Python/3.12.9/x64
2025-03-14T11:58:01.3878056Z   LD_LIBRARY_PATH: /opt/hostedtoolcache/Python/3.12.9/x64/lib
2025-03-14T11:58:01.3878355Z ##[endgroup]
2025-03-14T11:58:01.4037108Z ##[group]Run CC_FORK="false"
2025-03-14T11:58:01.4037343Z [36;1mCC_FORK="false"[0m
2025-03-14T11:58:01.4038011Z [36;1mif [ -n "$GITHUB_EVENT_PULL_REQUEST_HEAD_REPO_FULL_NAME" ] && [ "$GITHUB_EVENT_PULL_REQUEST_HEAD_REPO_FULL_NAME" != "$GITHUB_REPOSITORY" ];[0m
2025-03-14T11:58:01.4038521Z [36;1mthen[0m
2025-03-14T11:58:01.4039006Z [36;1m  echo -e "\033[0;32m==>\033[0m Fork detected"[0m
2025-03-14T11:58:01.4039268Z [36;1m  CC_FORK="true"[0m
2025-03-14T11:58:01.4039453Z [36;1mfi[0m
2025-03-14T11:58:01.4039634Z [36;1mecho "CC_FORK=$CC_FORK" >> "$GITHUB_ENV"[0m
2025-03-14T11:58:01.4083516Z shell: /usr/bin/bash --noprofile --norc -e -o pipefail {0}
2025-03-14T11:58:01.4083835Z env:
2025-03-14T11:58:01.4084131Z   pythonLocation: /opt/hostedtoolcache/Python/3.12.9/x64
2025-03-14T11:58:01.4084542Z   PKG_CONFIG_PATH: /opt/hostedtoolcache/Python/3.12.9/x64/lib/pkgconfig
2025-03-14T11:58:01.4084917Z   Python_ROOT_DIR: /opt/hostedtoolcache/Python/3.12.9/x64
2025-03-14T11:58:01.4085249Z   Python2_ROOT_DIR: /opt/hostedtoolcache/Python/3.12.9/x64
2025-03-14T11:58:01.4085576Z   Python3_ROOT_DIR: /opt/hostedtoolcache/Python/3.12.9/x64
2025-03-14T11:58:01.4085901Z   LD_LIBRARY_PATH: /opt/hostedtoolcache/Python/3.12.9/x64/lib
2025-03-14T11:58:01.4086352Z   GITHUB_EVENT_PULL_REQUEST_HEAD_LABEL: con:dependabot/github_actions/codecov/codecov-action-5
2025-03-14T11:58:01.4086802Z   GITHUB_EVENT_PULL_REQUEST_HEAD_REPO_FULL_NAME: con/tinuous
2025-03-14T11:58:01.4087091Z   GITHUB_REPOSITORY: con/tinuous
2025-03-14T11:58:01.4087307Z ##[endgroup]
2025-03-14T11:58:01.4176279Z ##[group]Run if [ "false" == 'true' ] && [ "$CC_FORK" != 'true' ];
2025-03-14T11:58:01.4176647Z [36;1mif [ "false" == 'true' ] && [ "$CC_FORK" != 'true' ];[0m
2025-03-14T11:58:01.4176920Z [36;1mthen[0m
2025-03-14T11:58:01.4177113Z [36;1m  # {"count":1984,"value":"***"}[0m
2025-03-14T11:58:01.4177492Z [36;1m  echo -e "\033[0;32m==>\033[0m Requesting OIDC token from '$ACTIONS_ID_TOKEN_REQUEST_URL'"[0m
2025-03-14T11:58:01.4178190Z [36;1m  CC_TOKEN=$(curl -H "Authorization: bearer $ACTIONS_ID_TOKEN_REQUEST_TOKEN" "$ACTIONS_ID_TOKEN_REQUEST_URL&audience=$CC_OIDC_AUDIENCE" | cut -d\" -f6)[0m
2025-03-14T11:58:01.4179016Z [36;1m  echo "CC_TOKEN=$CC_TOKEN" >> "$GITHUB_ENV"[0m
2025-03-14T11:58:01.4179272Z [36;1melif [ -n "" ];[0m
2025-03-14T11:58:01.4179453Z [36;1mthen[0m
2025-03-14T11:58:01.4179659Z [36;1m  echo -e "\033[0;32m==>\033[0m Token set from env"[0m
2025-03-14T11:58:01.4179939Z [36;1m    echo "CC_TOKEN=" >> "$GITHUB_ENV"[0m
2025-03-14T11:58:01.4180167Z [36;1melse[0m
2025-03-14T11:58:01.4180468Z [36;1m  if [ -n "***" ];[0m
2025-03-14T11:58:01.4180660Z [36;1m  then[0m
2025-03-14T11:58:01.4180873Z [36;1m    echo -e "\033[0;32m==>\033[0m Token set from input"[0m
2025-03-14T11:58:01.4181268Z [36;1m    CC_TOKEN=$(echo "***" | tr -d '\n')[0m
2025-03-14T11:58:01.4181717Z [36;1m    echo "CC_TOKEN=$CC_TOKEN" >> "$GITHUB_ENV"[0m
2025-03-14T11:58:01.4181968Z [36;1m  fi[0m
2025-03-14T11:58:01.4182122Z [36;1mfi[0m
2025-03-14T11:58:01.4225381Z shell: /usr/bin/bash --noprofile --norc -e -o pipefail {0}
2025-03-14T11:58:01.4225682Z env:
2025-03-14T11:58:01.4225912Z   pythonLocation: /opt/hostedtoolcache/Python/3.12.9/x64
2025-03-14T11:58:01.4226313Z   PKG_CONFIG_PATH: /opt/hostedtoolcache/Python/3.12.9/x64/lib/pkgconfig
2025-03-14T11:58:01.4226683Z   Python_ROOT_DIR: /opt/hostedtoolcache/Python/3.12.9/x64
2025-03-14T11:58:01.4227009Z   Python2_ROOT_DIR: /opt/hostedtoolcache/Python/3.12.9/x64
2025-03-14T11:58:01.4227329Z   Python3_ROOT_DIR: /opt/hostedtoolcache/Python/3.12.9/x64
2025-03-14T11:58:01.4227657Z   LD_LIBRARY_PATH: /opt/hostedtoolcache/Python/3.12.9/x64/lib
2025-03-14T11:58:01.4227937Z   CC_FORK: false
2025-03-14T11:58:01.4228130Z   CC_OIDC_AUDIENCE: https://codecov.io
2025-03-14T11:58:01.4228361Z ##[endgroup]
2025-03-14T11:58:01.4293095Z [0;32m==>[0m Token set from input
2025-03-14T11:58:01.4331543Z ##[group]Run if [ -z "$CC_BRANCH" ] && [ -z "$CC_TOKEN" ] && [ "$CC_FORK" == 'true' ]
2025-03-14T11:58:01.4331969Z [36;1mif [ -z "$CC_BRANCH" ] && [ -z "$CC_TOKEN" ] && [ "$CC_FORK" == 'true' ][0m
2025-03-14T11:58:01.4332296Z [36;1mthen[0m
2025-03-14T11:58:01.4332797Z [36;1m  echo -e "\033[0;32m==>\033[0m Fork detected, setting branch to $GITHUB_EVENT_PULL_REQUEST_HEAD_LABEL"[0m
2025-03-14T11:58:01.4333257Z [36;1m  TOKENLESS="$GITHUB_EVENT_PULL_REQUEST_HEAD_LABEL"[0m
2025-03-14T11:58:01.4333588Z [36;1m  CC_BRANCH="$GITHUB_EVENT_PULL_REQUEST_HEAD_LABEL"[0m
2025-03-14T11:58:01.4333901Z [36;1m  echo "TOKENLESS=$TOKENLESS" >> "$GITHUB_ENV"[0m
2025-03-14T11:58:01.4334153Z [36;1mfi[0m
2025-03-14T11:58:01.4334315Z [36;1m[0m
2025-03-14T11:58:01.4334508Z [36;1mecho "CC_BRANCH=$CC_BRANCH" >> "$GITHUB_ENV"[0m
2025-03-14T11:58:01.4377965Z shell: /usr/bin/bash --noprofile --norc -e -o pipefail {0}
2025-03-14T11:58:01.4378282Z env:
2025-03-14T11:58:01.4378514Z   pythonLocation: /opt/hostedtoolcache/Python/3.12.9/x64
2025-03-14T11:58:01.4379129Z   PKG_CONFIG_PATH: /opt/hostedtoolcache/Python/3.12.9/x64/lib/pkgconfig
2025-03-14T11:58:01.4379505Z   Python_ROOT_DIR: /opt/hostedtoolcache/Python/3.12.9/x64
2025-03-14T11:58:01.4379835Z   Python2_ROOT_DIR: /opt/hostedtoolcache/Python/3.12.9/x64
2025-03-14T11:58:01.4380163Z   Python3_ROOT_DIR: /opt/hostedtoolcache/Python/3.12.9/x64
2025-03-14T11:58:01.4380498Z   LD_LIBRARY_PATH: /opt/hostedtoolcache/Python/3.12.9/x64/lib
2025-03-14T11:58:01.4380778Z   CC_FORK: false
2025-03-14T11:58:01.4381034Z   CC_TOKEN: ***
2025-03-14T11:58:01.4381201Z   CC_BRANCH: 
2025-03-14T11:58:01.4381534Z   GITHUB_EVENT_PULL_REQUEST_HEAD_LABEL: con:dependabot/github_actions/codecov/codecov-action-5
2025-03-14T11:58:01.4381985Z   GITHUB_EVENT_PULL_REQUEST_HEAD_REPO_FULL_NAME: con/tinuous
2025-03-14T11:58:01.4382282Z   GITHUB_REPOSITORY: con/tinuous
2025-03-14T11:58:01.4382497Z ##[endgroup]
2025-03-14T11:58:01.4468508Z ##[group]Run if [ -z "$CC_SHA" ];
2025-03-14T11:58:01.4469019Z [36;1mif [ -z "$CC_SHA" ];[0m
2025-03-14T11:58:01.4469231Z [36;1mthen[0m
2025-03-14T11:58:01.4469447Z [36;1m  CC_SHA="$GITHUB_EVENT_PULL_REQUEST_HEAD_SHA"[0m
2025-03-14T11:58:01.4469706Z [36;1mfi[0m
2025-03-14T11:58:01.4469946Z [36;1mif [ -z "$CC_PR" ] && [ "${GITHUB_EVENT_NAME}" == "pull_request_target" ];[0m
2025-03-14T11:58:01.4470258Z [36;1mthen[0m
2025-03-14T11:58:01.4470436Z [36;1m  CC_PR="$GITHUB_EVENT_NUMBER"[0m
2025-03-14T11:58:01.4470659Z [36;1mfi[0m
2025-03-14T11:58:01.4470811Z [36;1m[0m
2025-03-14T11:58:01.4470990Z [36;1mecho "CC_SHA=$CC_SHA" >> "$GITHUB_ENV"[0m
2025-03-14T11:58:01.4471267Z [36;1mecho "CC_PR=$CC_PR" >> "$GITHUB_ENV"[0m
2025-03-14T11:58:01.4514166Z shell: /usr/bin/bash --noprofile --norc -e -o pipefail {0}
2025-03-14T11:58:01.4514470Z env:
2025-03-14T11:58:01.4514697Z   pythonLocation: /opt/hostedtoolcache/Python/3.12.9/x64
2025-03-14T11:58:01.4515095Z   PKG_CONFIG_PATH: /opt/hostedtoolcache/Python/3.12.9/x64/lib/pkgconfig
2025-03-14T11:58:01.4515624Z   Python_ROOT_DIR: /opt/hostedtoolcache/Python/3.12.9/x64
2025-03-14T11:58:01.4515948Z   Python2_ROOT_DIR: /opt/hostedtoolcache/Python/3.12.9/x64
2025-03-14T11:58:01.4516284Z   Python3_ROOT_DIR: /opt/hostedtoolcache/Python/3.12.9/x64
2025-03-14T11:58:01.4516615Z   LD_LIBRARY_PATH: /opt/hostedtoolcache/Python/3.12.9/x64/lib
2025-03-14T11:58:01.4516899Z   CC_FORK: false
2025-03-14T11:58:01.4517157Z   CC_TOKEN: ***
2025-03-14T11:58:01.4517319Z   CC_BRANCH: 
2025-03-14T11:58:01.4517482Z   CC_PR: 
2025-03-14T11:58:01.4517633Z   CC_SHA: 
2025-03-14T11:58:01.4517795Z   GITHUB_EVENT_NAME: pull_request
2025-03-14T11:58:01.4518017Z   GITHUB_EVENT_NUMBER: 198
2025-03-14T11:58:01.4518316Z   GITHUB_EVENT_PULL_REQUEST_HEAD_SHA: 1c0e628e29519b5959b96f80df72e74e3372d36c
2025-03-14T11:58:01.4518952Z ##[endgroup]
2025-03-14T11:58:01.4613975Z ##[group]Run ${GITHUB_ACTION_PATH}/dist/codecov.sh
2025-03-14T11:58:01.4614337Z [36;1m${GITHUB_ACTION_PATH}/dist/codecov.sh[0m
2025-03-14T11:58:01.4657212Z shell: /usr/bin/bash --noprofile --norc -e -o pipefail {0}
2025-03-14T11:58:01.4657527Z env:
2025-03-14T11:58:01.4657775Z   pythonLocation: /opt/hostedtoolcache/Python/3.12.9/x64
2025-03-14T11:58:01.4658177Z   PKG_CONFIG_PATH: /opt/hostedtoolcache/Python/3.12.9/x64/lib/pkgconfig
2025-03-14T11:58:01.4658748Z   Python_ROOT_DIR: /opt/hostedtoolcache/Python/3.12.9/x64
2025-03-14T11:58:01.4659305Z   Python2_ROOT_DIR: /opt/hostedtoolcache/Python/3.12.9/x64
2025-03-14T11:58:01.4659657Z   Python3_ROOT_DIR: /opt/hostedtoolcache/Python/3.12.9/x64
2025-03-14T11:58:01.4660012Z   LD_LIBRARY_PATH: /opt/hostedtoolcache/Python/3.12.9/x64/lib
2025-03-14T11:58:01.4660314Z   CC_FORK: false
2025-03-14T11:58:01.4660580Z   CC_TOKEN: ***
2025-03-14T11:58:01.4660766Z   CC_BRANCH: 
2025-03-14T11:58:01.4660979Z   CC_SHA: 1c0e628e29519b5959b96f80df72e74e3372d36c
2025-03-14T11:58:01.4661237Z   CC_PR: 
2025-03-14T11:58:01.4661405Z   CC_BASE_SHA: 
2025-03-14T11:58:01.4661576Z   CC_BINARY: 
2025-03-14T11:58:01.4661753Z   CC_BUILD: 
2025-03-14T11:58:01.4661926Z   CC_BUILD_URL: 
2025-03-14T11:58:01.4662097Z   CC_CODE: 
2025-03-14T11:58:01.4662262Z   CC_DIR: 
2025-03-14T11:58:01.4662437Z   CC_DISABLE_FILE_FIXES: false
2025-03-14T11:58:01.4662664Z   CC_DISABLE_SEARCH: false
2025-03-14T11:58:01.4662878Z   CC_DISABLE_TELEM: false
2025-03-14T11:58:01.4663079Z   CC_DRY_RUN: false
2025-03-14T11:58:01.4663275Z   CC_ENTERPRISE_URL: 
2025-03-14T11:58:01.4663463Z   CC_ENV: 
2025-03-14T11:58:01.4663634Z   CC_EXCLUDES: 
2025-03-14T11:58:01.4663819Z   CC_FAIL_ON_ERROR: false
2025-03-14T11:58:01.4664011Z   CC_FILES: 
2025-03-14T11:58:01.4664182Z   CC_FLAGS: 
2025-03-14T11:58:01.4664344Z   CC_FORCE: 
2025-03-14T11:58:01.4664530Z   CC_GCOV_ARGS: 
2025-03-14T11:58:01.4664724Z   CC_GCOV_EXECUTABLE: gcov
2025-03-14T11:58:01.4664930Z   CC_GCOV_IGNORE: 
2025-03-14T11:58:01.4665108Z   CC_GCOV_INCLUDE: 
2025-03-14T11:58:01.4665300Z   CC_GIT_SERVICE: github
2025-03-14T11:58:01.4665525Z   CC_HANDLE_NO_REPORTS_FOUND: false
2025-03-14T11:58:01.4665761Z   CC_JOB_CODE: 
2025-03-14T11:58:01.4665944Z   CC_LEGACY: false
2025-03-14T11:58:01.4666123Z   CC_NAME: 3.12
2025-03-14T11:58:01.4666308Z   CC_NETWORK_FILTER: 
2025-03-14T11:58:01.4666507Z   CC_NETWORK_PREFIX: 
2025-03-14T11:58:01.4666700Z   CC_NETWORK_ROOT_FOLDER: 
2025-03-14T11:58:01.4666899Z   CC_OS: 
2025-03-14T11:58:01.4667065Z   CC_PARENT_SHA: 
2025-03-14T11:58:01.4667249Z   CC_PLUGINS: 
2025-03-14T11:58:01.4667443Z   CC_RECURSE_SUBMODULES: false
2025-03-14T11:58:01.4667659Z   CC_REPORT_TYPE: 
2025-03-14T11:58:01.4667858Z   CC_RUN_CMD: upload-coverage
2025-03-14T11:58:01.4668074Z   CC_SERVICE: github
2025-03-14T11:58:01.4668276Z   CC_SKIP_VALIDATION: false
2025-03-14T11:58:01.4668481Z   CC_SLUG: 
2025-03-14T11:58:01.4668808Z   CC_SWIFT_PROJECT: 
2025-03-14T11:58:01.4669006Z   CC_USE_PYPI: false
2025-03-14T11:58:01.4669192Z   CC_VERBOSE: false
2025-03-14T11:58:01.4669375Z   CC_VERSION: latest
2025-03-14T11:58:01.4669560Z   CC_YML_PATH: 
2025-03-14T11:58:01.4669894Z ##[endgroup]
2025-03-14T11:58:01.4758901Z      _____          _
2025-03-14T11:58:01.4759266Z     / ____|        | |
2025-03-14T11:58:01.4759621Z    | |     ___   __| | ___  ___ _____   __
2025-03-14T11:58:01.4759991Z    | |    / _ \ / _` |/ _ \/ __/ _ \ \ / /
2025-03-14T11:58:01.4760263Z    | |___| (_) | (_| |  __/ (_| (_) \ V /
2025-03-14T11:58:01.4760529Z     \_____\___/ \__,_|\___|\___\___/ \_/
2025-03-14T11:58:01.4761076Z                            [0;31m Wrapper-0.2.0[0m
2025-03-14T11:58:01.4761378Z                                   
2025-03-14T11:58:01.4817999Z [0;32m==>[0m Detected [0;36mlinux[0m
2025-03-14T11:58:01.4818920Z [0;32m ->[0m Downloading [0;36mhttps://cli.codecov.io/latest/linux/codecov[0m
2025-03-14T11:58:01.4894092Z   % Total    % Received % Xferd  Average Speed   Time    Time     Time  Current
2025-03-14T11:58:01.4894770Z                                  Dload  Upload   Total   Spent    Left  Speed
2025-03-14T11:58:01.4895120Z 
2025-03-14T11:58:01.7741977Z   0     0    0     0    0     0      0      0 --:--:-- --:--:-- --:--:--     0
2025-03-14T11:58:01.7742480Z 100 27.5M  100 27.5M    0     0  96.6M      0 --:--:-- --:--:-- --:--:-- 96.9M
2025-03-14T11:58:01.7766893Z [0;32m==>[0m Finishing downloading [0;36mlinux:latest[0m
2025-03-14T11:58:01.8397396Z       Version: [0;36mv10.2.1[0m
2025-03-14T11:58:01.8397816Z  
2025-03-14T11:58:02.1099169Z gpg: directory '/home/runner/.gnupg' created
2025-03-14T11:58:02.1102682Z gpg: keybox '/home/runner/.gnupg/pubring.kbx' created
2025-03-14T11:58:02.1126905Z gpg: /home/runner/.gnupg/trustdb.gpg: trustdb created
2025-03-14T11:58:02.1127935Z gpg: key 806BB28AED779869: public key "Codecov Uploader (Codecov Uploader Verification Key) <security@codecov.io>" imported
2025-03-14T11:58:02.1281158Z gpg: Total number processed: 1
2025-03-14T11:58:02.1281606Z gpg:               imported: 1
2025-03-14T11:58:02.1287696Z [0;32m==>[0m Verifying GPG signature integrity
2025-03-14T11:58:02.1289349Z [0;32m ->[0m Downloading [0;36mhttps://cli.codecov.io/latest/linux/codecov.SHA256SUM[0m
2025-03-14T11:58:02.1290759Z [0;32m ->[0m Downloading [0;36mhttps://cli.codecov.io/latest/linux/codecov.SHA256SUM.sig[0m
2025-03-14T11:58:02.1291327Z  
2025-03-14T11:58:02.2662056Z gpg: Signature made Wed Mar 12 16:00:55 2025 UTC
2025-03-14T11:58:02.2662717Z gpg:                using RSA key 27034E7FDB850E0BBC2C62FF806BB28AED779869
2025-03-14T11:58:02.2665936Z gpg: Good signature from "Codecov Uploader (Codecov Uploader Verification Key) <security@codecov.io>" [unknown]
2025-03-14T11:58:02.2666912Z gpg: WARNING: This key is not certified with a trusted signature!
2025-03-14T11:58:02.2667600Z gpg:          There is no indication that the signature belongs to the owner.
2025-03-14T11:58:02.2668318Z Primary key fingerprint: 2703 4E7F DB85 0E0B BC2C  62FF 806B B28A ED77 9869
2025-03-14T11:58:02.4025045Z codecov: OK
2025-03-14T11:58:02.4035316Z [0;32m==>[0m CLI integrity verified
2025-03-14T11:58:02.4035653Z 
2025-03-14T11:58:02.4117494Z [0;32m ->[0m Token of length 36 detected
2025-03-14T11:58:02.4665694Z [0;32m==>[0m Running upload-coverage
2025-03-14T11:58:02.4675304Z       [0;36m./codecov  upload-coverage -t <redacted> --git-service github --sha 1c0e628e29519b5959b96f80df72e74e3372d36c --gcov-executable gcov --name 3.12[0m
2025-03-14T11:58:03.1033077Z info - 2025-03-14 11:58:03,103 -- ci service found: github-actions
2025-03-14T11:58:03.1281411Z warning - 2025-03-14 11:58:03,127 -- xcrun is not installed or can't be found.
2025-03-14T11:58:03.1657372Z warning - 2025-03-14 11:58:03,165 -- No gcov data found.
2025-03-14T11:58:03.1660936Z warning - 2025-03-14 11:58:03,165 -- coverage.py is not installed or can't be found.
2025-03-14T11:58:03.1756626Z info - 2025-03-14 11:58:03,175 -- Found 1 coverage files to report
2025-03-14T11:58:03.1757294Z info - 2025-03-14 11:58:03,175 -- > /home/runner/work/tinuous/tinuous/coverage.xml
2025-03-14T11:58:03.7497432Z info - 2025-03-14 11:58:03,749 -- Your upload is now processing. When finished, results will be available at: https://app.codecov.io/github/con/tinuous/commit/1c0e628e29519b5959b96f80df72e74e3372d36c
2025-03-14T11:58:03.9212594Z info - 2025-03-14 11:58:03,921 -- Process Upload complete
2025-03-14T11:58:04.1102706Z Post job cleanup.
2025-03-14T11:58:04.2758350Z Post job cleanup.
2025-03-14T11:58:04.3718790Z [command]/usr/bin/git version
2025-03-14T11:58:04.3757793Z git version 2.48.1
2025-03-14T11:58:04.3801982Z Copying '/home/runner/.gitconfig' to '/home/runner/work/_temp/addf572b-1451-46e3-98f2-69e6520c3a8d/.gitconfig'
2025-03-14T11:58:04.3805208Z Temporarily overriding HOME='/home/runner/work/_temp/addf572b-1451-46e3-98f2-69e6520c3a8d' before making global git config changes
2025-03-14T11:58:04.3806481Z Adding repository directory to the temporary git global config as a safe directory
2025-03-14T11:58:04.3811719Z [command]/usr/bin/git config --global --add safe.directory /home/runner/work/tinuous/tinuous
2025-03-14T11:58:04.3846715Z [command]/usr/bin/git config --local --name-only --get-regexp core\.sshCommand
2025-03-14T11:58:04.3879885Z [command]/usr/bin/git submodule foreach --recursive sh -c "git config --local --name-only --get-regexp 'core\.sshCommand' && git config --local --unset-all 'core.sshCommand' || :"
2025-03-14T11:58:04.4117947Z [command]/usr/bin/git config --local --name-only --get-regexp http\.https\:\/\/github\.com\/\.extraheader
2025-03-14T11:58:04.4138527Z http.https://github.com/.extraheader
2025-03-14T11:58:04.4151767Z [command]/usr/bin/git config --local --unset-all http.https://github.com/.extraheader
2025-03-14T11:58:04.4182889Z [command]/usr/bin/git submodule foreach --recursive sh -c "git config --local --name-only --get-regexp 'http\.https\:\/\/github\.com\/\.extraheader' && git config --local --unset-all 'http.https://github.com/.extraheader' || :"
2025-03-14T11:58:04.4519102Z Cleaning up orphan processes
