2021-05-28T15:37:42.7650352Z ##[section]Starting: Request a runner to run this job
2021-05-28T15:37:43.5189356Z Can't find any online and idle self-hosted runner in current repository that matches the required labels: 'ubuntu-latest'
2021-05-28T15:37:43.5189486Z Can't find any online and idle self-hosted runner in current repository's account/organization that matches the required labels: 'ubuntu-latest'
2021-05-28T15:37:43.5189738Z Found online and idle hosted runner in current repository's account/organization that matches the required labels: 'ubuntu-latest'
2021-05-28T15:37:43.6895092Z ##[section]Finishing: Request a runner to run this job
2021-05-28T15:37:51.3351131Z Current runner version: '2.278.0'
2021-05-28T15:37:51.3385784Z ##[group]Operating System
2021-05-28T15:37:51.3387112Z Ubuntu
2021-05-28T15:37:51.3387512Z 20.04.2
2021-05-28T15:37:51.3387953Z LTS
2021-05-28T15:37:51.3388365Z ##[endgroup]
2021-05-28T15:37:51.3388945Z ##[group]Virtual Environment
2021-05-28T15:37:51.3389532Z Environment: ubuntu-20.04
2021-05-28T15:37:51.3390073Z Version: 20210524.1
2021-05-28T15:37:51.3391038Z Included Software: https://github.com/actions/virtual-environments/blob/ubuntu20/20210524.1/images/linux/Ubuntu2004-README.md
2021-05-28T15:37:51.3392293Z Image Release: https://github.com/actions/virtual-environments/releases/tag/ubuntu20%2F20210524.1
2021-05-28T15:37:51.3393175Z ##[endgroup]
2021-05-28T15:37:51.3394988Z ##[group]GITHUB_TOKEN Permissions
2021-05-28T15:37:51.3396173Z Actions: write
2021-05-28T15:37:51.3396679Z Checks: write
2021-05-28T15:37:51.3397322Z Contents: write
2021-05-28T15:37:51.3397850Z Deployments: write
2021-05-28T15:37:51.3398430Z Issues: write
2021-05-28T15:37:51.3398930Z Metadata: read
2021-05-28T15:37:51.3399374Z Packages: write
2021-05-28T15:37:51.3399938Z PullRequests: write
2021-05-28T15:37:51.3400486Z RepositoryProjects: write
2021-05-28T15:37:51.3401092Z SecurityEvents: write
2021-05-28T15:37:51.3401645Z Statuses: write
2021-05-28T15:37:51.3402200Z ##[endgroup]
2021-05-28T15:37:51.3405075Z Prepare workflow directory
2021-05-28T15:37:51.4130951Z Prepare all required actions
2021-05-28T15:37:51.4141637Z Getting action download info
2021-05-28T15:37:51.7612337Z Download action repository 'actions/checkout@v2'
2021-05-28T15:37:53.8543198Z Download action repository 'actions/setup-python@v2'
2021-05-28T15:37:54.0283822Z Download action repository 'codecov/codecov-action@v1'
2021-05-28T15:37:54.3872860Z ##[group]Run actions/checkout@v2
2021-05-28T15:37:54.3873690Z with:
2021-05-28T15:37:54.3874090Z   fetch-depth: 0
2021-05-28T15:37:54.3874546Z   repository: con/tinuous
2021-05-28T15:37:54.3875355Z   token: ***
2021-05-28T15:37:54.3875778Z   ssh-strict: true
2021-05-28T15:37:54.3876255Z   persist-credentials: true
2021-05-28T15:37:54.3876760Z   clean: true
2021-05-28T15:37:54.3877089Z   lfs: false
2021-05-28T15:37:54.3877485Z   submodules: false
2021-05-28T15:37:54.3877853Z ##[endgroup]
2021-05-28T15:37:54.6239847Z Syncing repository: con/tinuous
2021-05-28T15:37:54.6240793Z ##[group]Getting Git version info
2021-05-28T15:37:54.6241741Z Working directory is '/home/runner/work/tinuous/tinuous'
2021-05-28T15:37:55.1806980Z [command]/usr/bin/git version
2021-05-28T15:37:55.1807670Z git version 2.31.1
2021-05-28T15:37:55.1809683Z ##[endgroup]
2021-05-28T15:37:55.1810693Z Deleting the contents of '/home/runner/work/tinuous/tinuous'
2021-05-28T15:37:55.2102306Z ##[group]Initializing the repository
2021-05-28T15:37:55.2103149Z [command]/usr/bin/git init /home/runner/work/tinuous/tinuous
2021-05-28T15:37:55.2104326Z hint: Using 'master' as the name for the initial branch. This default branch name
2021-05-28T15:37:55.2105495Z hint: is subject to change. To configure the initial branch name to use in all
2021-05-28T15:37:55.2106374Z hint: of your new repositories, which will suppress this warning, call:
2021-05-28T15:37:55.2107192Z hint: 
2021-05-28T15:37:55.2108065Z hint: 	git config --global init.defaultBranch <name>
2021-05-28T15:37:55.2108728Z hint: 
2021-05-28T15:37:55.2109590Z hint: Names commonly chosen instead of 'master' are 'main', 'trunk' and
2021-05-28T15:37:55.2110858Z hint: 'development'. The just-created branch can be renamed via this command:
2021-05-28T15:37:55.2111955Z hint: 
2021-05-28T15:37:55.2112606Z hint: 	git branch -m <name>
2021-05-28T15:37:55.2113370Z Initialized empty Git repository in /home/runner/work/tinuous/tinuous/.git/
2021-05-28T15:37:55.2114701Z [command]/usr/bin/git remote add origin https://github.com/con/tinuous
2021-05-28T15:37:55.2115994Z ##[endgroup]
2021-05-28T15:37:55.2116659Z ##[group]Disabling automatic garbage collection
2021-05-28T15:37:55.2117613Z [command]/usr/bin/git config --local gc.auto 0
2021-05-28T15:37:55.2118437Z ##[endgroup]
2021-05-28T15:37:55.2122390Z ##[group]Setting up auth
2021-05-28T15:37:55.2123585Z [command]/usr/bin/git config --local --name-only --get-regexp core\.sshCommand
2021-05-28T15:37:55.2125090Z [command]/usr/bin/git submodule foreach --recursive git config --local --name-only --get-regexp 'core\.sshCommand' && git config --local --unset-all 'core.sshCommand' || :
2021-05-28T15:37:55.2126772Z [command]/usr/bin/git config --local --name-only --get-regexp http\.https\:\/\/github\.com\/\.extraheader
2021-05-28T15:37:55.2128818Z [command]/usr/bin/git submodule foreach --recursive git config --local --name-only --get-regexp 'http\.https\:\/\/github\.com\/\.extraheader' && git config --local --unset-all 'http.https://github.com/.extraheader' || :
2021-05-28T15:37:55.2131019Z [command]/usr/bin/git config --local http.https://github.com/.extraheader AUTHORIZATION: basic ***
2021-05-28T15:37:55.2132103Z ##[endgroup]
2021-05-28T15:37:55.2132792Z ##[group]Fetching the repository
2021-05-28T15:37:55.2134946Z [command]/usr/bin/git -c protocol.version=2 fetch --prune --progress --no-recurse-submodules origin +refs/heads/*:refs/remotes/origin/* +refs/tags/*:refs/tags/*
2021-05-28T15:37:55.2136257Z remote: Enumerating objects: 370, done.        
2021-05-28T15:37:55.2136909Z remote: Counting objects:   0% (1/370)        
2021-05-28T15:37:55.2137876Z remote: Counting objects:   1% (4/370)        
2021-05-28T15:37:55.2138670Z remote: Counting objects:   2% (8/370)        
2021-05-28T15:37:55.2139685Z remote: Counting objects:   3% (12/370)        
2021-05-28T15:37:55.2140367Z remote: Counting objects:   4% (15/370)        
2021-05-28T15:37:55.2140957Z remote: Counting objects:   5% (19/370)        
2021-05-28T15:37:55.2141917Z remote: Counting objects:   6% (23/370)        
2021-05-28T15:37:55.2142599Z remote: Counting objects:   7% (26/370)        
2021-05-28T15:37:55.2143223Z remote: Counting objects:   8% (30/370)        
2021-05-28T15:37:55.2143822Z remote: Counting objects:   9% (34/370)        
2021-05-28T15:37:55.2144692Z remote: Counting objects:  10% (37/370)        
2021-05-28T15:37:55.2145346Z remote: Counting objects:  11% (41/370)        
2021-05-28T15:37:55.2146136Z remote: Counting objects:  12% (45/370)        
2021-05-28T15:37:55.2146755Z remote: Counting objects:  13% (49/370)        
2021-05-28T15:37:55.2147593Z remote: Counting objects:  14% (52/370)        
2021-05-28T15:37:55.2148381Z remote: Counting objects:  15% (56/370)        
2021-05-28T15:37:55.2149000Z remote: Counting objects:  16% (60/370)        
2021-05-28T15:37:55.2149601Z remote: Counting objects:  17% (63/370)        
2021-05-28T15:37:55.2150208Z remote: Counting objects:  18% (67/370)        
2021-05-28T15:37:55.2150811Z remote: Counting objects:  19% (71/370)        
2021-05-28T15:37:55.2151417Z remote: Counting objects:  20% (74/370)        
2021-05-28T15:37:55.2152025Z remote: Counting objects:  21% (78/370)        
2021-05-28T15:37:55.2152623Z remote: Counting objects:  22% (82/370)        
2021-05-28T15:37:55.2153240Z remote: Counting objects:  23% (86/370)        
2021-05-28T15:37:55.2153842Z remote: Counting objects:  24% (89/370)        
2021-05-28T15:37:55.2154446Z remote: Counting objects:  25% (93/370)        
2021-05-28T15:37:55.2155053Z remote: Counting objects:  26% (97/370)        
2021-05-28T15:37:55.2155655Z remote: Counting objects:  27% (100/370)        
2021-05-28T15:37:55.2156276Z remote: Counting objects:  28% (104/370)        
2021-05-28T15:37:55.2156874Z remote: Counting objects:  29% (108/370)        
2021-05-28T15:37:55.2157501Z remote: Counting objects:  30% (111/370)        
2021-05-28T15:37:55.2158409Z remote: Counting objects:  31% (115/370)        
2021-05-28T15:37:55.2158999Z remote: Counting objects:  32% (119/370)        
2021-05-28T15:37:55.2159970Z remote: Counting objects:  33% (123/370)        
2021-05-28T15:37:55.2160611Z remote: Counting objects:  34% (126/370)        
2021-05-28T15:37:55.2161579Z remote: Counting objects:  35% (130/370)        
2021-05-28T15:37:55.2162221Z remote: Counting objects:  36% (134/370)        
2021-05-28T15:37:55.2163000Z remote: Counting objects:  37% (137/370)        
2021-05-28T15:37:55.2163647Z remote: Counting objects:  38% (141/370)        
2021-05-28T15:37:55.2164285Z remote: Counting objects:  39% (145/370)        
2021-05-28T15:37:55.2165308Z remote: Counting objects:  40% (148/370)        
2021-05-28T15:37:55.2165913Z remote: Counting objects:  41% (152/370)        
2021-05-28T15:37:55.2166496Z remote: Counting objects:  42% (156/370)        
2021-05-28T15:37:55.2167101Z remote: Counting objects:  43% (160/370)        
2021-05-28T15:37:55.2167701Z remote: Counting objects:  44% (163/370)        
2021-05-28T15:37:55.2168425Z remote: Counting objects:  45% (167/370)        
2021-05-28T15:37:55.2169050Z remote: Counting objects:  46% (171/370)        
2021-05-28T15:37:55.2169638Z remote: Counting objects:  47% (174/370)        
2021-05-28T15:37:55.2170236Z remote: Counting objects:  48% (178/370)        
2021-05-28T15:37:55.2170832Z remote: Counting objects:  49% (182/370)        
2021-05-28T15:37:55.2171427Z remote: Counting objects:  50% (185/370)        
2021-05-28T15:37:55.2172030Z remote: Counting objects:  51% (189/370)        
2021-05-28T15:37:55.2172623Z remote: Counting objects:  52% (193/370)        
2021-05-28T15:37:55.2173206Z remote: Counting objects:  53% (197/370)        
2021-05-28T15:37:55.2173801Z remote: Counting objects:  54% (200/370)        
2021-05-28T15:37:55.2174570Z remote: Counting objects:  55% (204/370)        
2021-05-28T15:37:55.2175184Z remote: Counting objects:  56% (208/370)        
2021-05-28T15:37:55.2176019Z remote: Counting objects:  57% (211/370)        
2021-05-28T15:37:55.2176664Z remote: Counting objects:  58% (215/370)        
2021-05-28T15:37:55.2177595Z remote: Counting objects:  59% (219/370)        
2021-05-28T15:37:55.2178209Z remote: Counting objects:  60% (222/370)        
2021-05-28T15:37:55.2178798Z remote: Counting objects:  61% (226/370)        
2021-05-28T15:37:55.2179377Z remote: Counting objects:  62% (230/370)        
2021-05-28T15:37:55.2179956Z remote: Counting objects:  63% (234/370)        
2021-05-28T15:37:55.2180537Z remote: Counting objects:  64% (237/370)        
2021-05-28T15:37:55.2181240Z remote: Counting objects:  65% (241/370)        
2021-05-28T15:37:55.2181814Z remote: Counting objects:  66% (245/370)        
2021-05-28T15:37:55.2182397Z remote: Counting objects:  67% (248/370)        
2021-05-28T15:37:55.2182973Z remote: Counting objects:  68% (252/370)        
2021-05-28T15:37:55.2183545Z remote: Counting objects:  69% (256/370)        
2021-05-28T15:37:55.2184132Z remote: Counting objects:  70% (259/370)        
2021-05-28T15:37:55.2184701Z remote: Counting objects:  71% (263/370)        
2021-05-28T15:37:55.2185290Z remote: Counting objects:  72% (267/370)        
2021-05-28T15:37:55.2185865Z remote: Counting objects:  73% (271/370)        
2021-05-28T15:37:55.2186438Z remote: Counting objects:  74% (274/370)        
2021-05-28T15:37:55.2187018Z remote: Counting objects:  75% (278/370)        
2021-05-28T15:37:55.2187591Z remote: Counting objects:  76% (282/370)        
2021-05-28T15:37:55.2188174Z remote: Counting objects:  77% (285/370)        
2021-05-28T15:37:55.2189167Z remote: Counting objects:  78% (289/370)        
2021-05-28T15:37:55.2189786Z remote: Counting objects:  79% (293/370)        
2021-05-28T15:37:55.2190415Z remote: Counting objects:  80% (296/370)        
2021-05-28T15:37:55.2191046Z remote: Counting objects:  81% (300/370)        
2021-05-28T15:37:55.2191830Z remote: Counting objects:  82% (304/370)        
2021-05-28T15:37:55.2192904Z remote: Counting objects:  83% (308/370)        
2021-05-28T15:37:55.2193653Z remote: Counting objects:  84% (311/370)        
2021-05-28T15:37:55.2194251Z remote: Counting objects:  85% (315/370)        
2021-05-28T15:37:55.2194844Z remote: Counting objects:  86% (319/370)        
2021-05-28T15:37:55.2195582Z remote: Counting objects:  87% (322/370)        
2021-05-28T15:37:55.2196160Z remote: Counting objects:  88% (326/370)        
2021-05-28T15:37:55.2196728Z remote: Counting objects:  89% (330/370)        
2021-05-28T15:37:55.2197453Z remote: Counting objects:  90% (333/370)        
2021-05-28T15:37:55.2198039Z remote: Counting objects:  91% (337/370)        
2021-05-28T15:37:55.2198616Z remote: Counting objects:  92% (341/370)        
2021-05-28T15:37:55.2199201Z remote: Counting objects:  93% (345/370)        
2021-05-28T15:37:55.2199925Z remote: Counting objects:  94% (348/370)        
2021-05-28T15:37:55.2200499Z remote: Counting objects:  95% (352/370)        
2021-05-28T15:37:55.2201069Z remote: Counting objects:  96% (356/370)        
2021-05-28T15:37:55.2201807Z remote: Counting objects:  97% (359/370)        
2021-05-28T15:37:55.2202774Z remote: Counting objects:  98% (363/370)        
2021-05-28T15:37:55.2203378Z remote: Counting objects:  99% (367/370)        
2021-05-28T15:37:55.2203991Z remote: Counting objects: 100% (370/370)        
2021-05-28T15:37:55.2204822Z remote: Counting objects: 100% (370/370), done.        
2021-05-28T15:37:55.2205491Z remote: Compressing objects:   0% (1/203)        
2021-05-28T15:37:55.2206391Z remote: Compressing objects:   1% (3/203)        
2021-05-28T15:37:55.2207088Z remote: Compressing objects:   2% (5/203)        
2021-05-28T15:37:55.2208596Z remote: Compressing objects:   3% (7/203)        
2021-05-28T15:37:55.2209730Z remote: Compressing objects:   4% (9/203)        
2021-05-28T15:37:55.2210367Z remote: Compressing objects:   5% (11/203)        
2021-05-28T15:37:55.2211016Z remote: Compressing objects:   6% (13/203)        
2021-05-28T15:37:55.2211815Z remote: Compressing objects:   7% (15/203)        
2021-05-28T15:37:55.2212429Z remote: Compressing objects:   8% (17/203)        
2021-05-28T15:37:55.2213150Z remote: Compressing objects:   9% (19/203)        
2021-05-28T15:37:55.2213804Z remote: Compressing objects:  10% (21/203)        
2021-05-28T15:37:55.2214430Z remote: Compressing objects:  11% (23/203)        
2021-05-28T15:37:55.2215438Z remote: Compressing objects:  12% (25/203)        
2021-05-28T15:37:55.2216095Z remote: Compressing objects:  13% (27/203)        
2021-05-28T15:37:55.2216762Z remote: Compressing objects:  14% (29/203)        
2021-05-28T15:37:55.2217416Z remote: Compressing objects:  15% (31/203)        
2021-05-28T15:37:55.2218068Z remote: Compressing objects:  16% (33/203)        
2021-05-28T15:37:55.2218728Z remote: Compressing objects:  17% (35/203)        
2021-05-28T15:37:55.2220360Z remote: Compressing objects:  18% (37/203)        
2021-05-28T15:37:55.2221322Z remote: Compressing objects:  19% (39/203)        
2021-05-28T15:37:55.2222094Z remote: Compressing objects:  20% (41/203)        
2021-05-28T15:37:55.2222827Z remote: Compressing objects:  21% (43/203)        
2021-05-28T15:37:55.2224071Z remote: Compressing objects:  22% (45/203)        
2021-05-28T15:37:55.2224951Z remote: Compressing objects:  23% (47/203)        
2021-05-28T15:37:55.2225634Z remote: Compressing objects:  24% (49/203)        
2021-05-28T15:37:55.2226505Z remote: Compressing objects:  25% (51/203)        
2021-05-28T15:37:55.2227683Z remote: Compressing objects:  26% (53/203)        
2021-05-28T15:37:55.2228362Z remote: Compressing objects:  27% (55/203)        
2021-05-28T15:37:55.2229029Z remote: Compressing objects:  28% (57/203)        
2021-05-28T15:37:55.2229708Z remote: Compressing objects:  29% (59/203)        
2021-05-28T15:37:55.2230386Z remote: Compressing objects:  30% (61/203)        
2021-05-28T15:37:55.2231201Z remote: Compressing objects:  31% (63/203)        
2021-05-28T15:37:55.2231861Z remote: Compressing objects:  32% (65/203)        
2021-05-28T15:37:55.2232522Z remote: Compressing objects:  33% (67/203)        
2021-05-28T15:37:55.2233170Z remote: Compressing objects:  34% (70/203)        
2021-05-28T15:37:55.2233839Z remote: Compressing objects:  35% (72/203)        
2021-05-28T15:37:55.2234490Z remote: Compressing objects:  36% (74/203)        
2021-05-28T15:37:55.2235320Z remote: Compressing objects:  37% (76/203)        
2021-05-28T15:37:55.2235966Z remote: Compressing objects:  38% (78/203)        
2021-05-28T15:37:55.2236814Z remote: Compressing objects:  39% (80/203)        
2021-05-28T15:37:55.2237465Z remote: Compressing objects:  40% (82/203)        
2021-05-28T15:37:55.2238094Z remote: Compressing objects:  41% (84/203)        
2021-05-28T15:37:55.2238742Z remote: Compressing objects:  42% (86/203)        
2021-05-28T15:37:55.2239394Z remote: Compressing objects:  43% (88/203)        
2021-05-28T15:37:55.2240023Z remote: Compressing objects:  44% (90/203)        
2021-05-28T15:37:55.2240671Z remote: Compressing objects:  45% (92/203)        
2021-05-28T15:37:55.2241319Z remote: Compressing objects:  46% (94/203)        
2021-05-28T15:37:55.2241953Z remote: Compressing objects:  47% (96/203)        
2021-05-28T15:37:55.2242605Z remote: Compressing objects:  48% (98/203)        
2021-05-28T15:37:55.2243244Z remote: Compressing objects:  49% (100/203)        
2021-05-28T15:37:55.2243904Z remote: Compressing objects:  50% (102/203)        
2021-05-28T15:37:55.2244785Z remote: Compressing objects:  51% (104/203)        
2021-05-28T15:37:55.2245449Z remote: Compressing objects:  52% (106/203)        
2021-05-28T15:37:55.2246106Z remote: Compressing objects:  53% (108/203)        
2021-05-28T15:37:55.2246762Z remote: Compressing objects:  54% (110/203)        
2021-05-28T15:37:55.2247597Z remote: Compressing objects:  55% (112/203)        
2021-05-28T15:37:55.2248436Z remote: Compressing objects:  56% (114/203)        
2021-05-28T15:37:55.2249078Z remote: Compressing objects:  57% (116/203)        
2021-05-28T15:37:55.2249730Z remote: Compressing objects:  58% (118/203)        
2021-05-28T15:37:55.2250374Z remote: Compressing objects:  59% (120/203)        
2021-05-28T15:37:55.2251470Z remote: Compressing objects:  60% (122/203)        
2021-05-28T15:37:55.2252159Z remote: Compressing objects:  61% (124/203)        
2021-05-28T15:37:55.2252795Z remote: Compressing objects:  62% (126/203)        
2021-05-28T15:37:55.2253611Z remote: Compressing objects:  63% (128/203)        
2021-05-28T15:37:55.2254294Z remote: Compressing objects:  64% (130/203)        
2021-05-28T15:37:55.2254945Z remote: Compressing objects:  65% (132/203)        
2021-05-28T15:37:55.2255608Z remote: Compressing objects:  66% (134/203)        
2021-05-28T15:37:55.2256611Z remote: Compressing objects:  67% (137/203)        
2021-05-28T15:37:55.2257244Z remote: Compressing objects:  68% (139/203)        
2021-05-28T15:37:55.2258976Z remote: Compressing objects:  69% (141/203)        
2021-05-28T15:37:55.2259710Z remote: Compressing objects:  70% (143/203)        
2021-05-28T15:37:55.2345300Z remote: Compressing objects:  71% (145/203)        
2021-05-28T15:37:55.2346054Z remote: Compressing objects:  72% (147/203)        
2021-05-28T15:37:55.2346867Z remote: Compressing objects:  73% (149/203)        
2021-05-28T15:37:55.2347717Z remote: Compressing objects:  74% (151/203)        
2021-05-28T15:37:55.2348379Z remote: Compressing objects:  75% (153/203)        
2021-05-28T15:37:55.2349125Z remote: Compressing objects:  76% (155/203)        
2021-05-28T15:37:55.2349788Z remote: Compressing objects:  77% (157/203)        
2021-05-28T15:37:55.2350774Z remote: Compressing objects:  78% (159/203)        
2021-05-28T15:37:55.2351451Z remote: Compressing objects:  79% (161/203)        
2021-05-28T15:37:55.2352112Z remote: Compressing objects:  80% (163/203)        
2021-05-28T15:37:55.2352936Z remote: Compressing objects:  81% (165/203)        
2021-05-28T15:37:55.2353565Z remote: Compressing objects:  82% (167/203)        
2021-05-28T15:37:55.2354206Z remote: Compressing objects:  83% (169/203)        
2021-05-28T15:37:55.2354905Z remote: Compressing objects:  84% (171/203)        
2021-05-28T15:37:55.2355551Z remote: Compressing objects:  85% (173/203)        
2021-05-28T15:37:55.2356212Z remote: Compressing objects:  86% (175/203)        
2021-05-28T15:37:55.2356841Z remote: Compressing objects:  87% (177/203)        
2021-05-28T15:37:55.2357638Z remote: Compressing objects:  88% (179/203)        
2021-05-28T15:37:55.2358249Z remote: Compressing objects:  89% (181/203)        
2021-05-28T15:37:55.2359094Z remote: Compressing objects:  90% (183/203)        
2021-05-28T15:37:55.2359740Z remote: Compressing objects:  91% (185/203)        
2021-05-28T15:37:55.2360368Z remote: Compressing objects:  92% (187/203)        
2021-05-28T15:37:55.2360979Z remote: Compressing objects:  93% (189/203)        
2021-05-28T15:37:55.2361614Z remote: Compressing objects:  94% (191/203)        
2021-05-28T15:37:55.2362246Z remote: Compressing objects:  95% (193/203)        
2021-05-28T15:37:55.2362865Z remote: Compressing objects:  96% (195/203)        
2021-05-28T15:37:55.2363501Z remote: Compressing objects:  97% (197/203)        
2021-05-28T15:37:55.2364121Z remote: Compressing objects:  98% (199/203)        
2021-05-28T15:37:55.2364753Z remote: Compressing objects:  99% (201/203)        
2021-05-28T15:37:55.2365385Z remote: Compressing objects: 100% (203/203)        
2021-05-28T15:37:55.2366018Z remote: Compressing objects: 100% (203/203), done.        
2021-05-28T15:37:55.2366643Z Receiving objects:   0% (1/370)
2021-05-28T15:37:55.2367199Z Receiving objects:   1% (4/370)
2021-05-28T15:37:55.2367728Z Receiving objects:   2% (8/370)
2021-05-28T15:37:55.2368436Z Receiving objects:   3% (12/370)
2021-05-28T15:37:55.2368979Z Receiving objects:   4% (15/370)
2021-05-28T15:37:55.2369540Z Receiving objects:   5% (19/370)
2021-05-28T15:37:55.2370084Z Receiving objects:   6% (23/370)
2021-05-28T15:37:55.2370621Z Receiving objects:   7% (26/370)
2021-05-28T15:37:55.2371163Z Receiving objects:   8% (30/370)
2021-05-28T15:37:55.2371697Z Receiving objects:   9% (34/370)
2021-05-28T15:37:55.2372248Z Receiving objects:  10% (37/370)
2021-05-28T15:37:55.2372808Z Receiving objects:  11% (41/370)
2021-05-28T15:37:55.2373449Z Receiving objects:  12% (45/370)
2021-05-28T15:37:55.2374051Z Receiving objects:  13% (49/370)
2021-05-28T15:37:55.2374595Z Receiving objects:  14% (52/370)
2021-05-28T15:37:55.2375138Z Receiving objects:  15% (56/370)
2021-05-28T15:37:55.2375700Z Receiving objects:  16% (60/370)
2021-05-28T15:37:55.2376246Z Receiving objects:  17% (63/370)
2021-05-28T15:37:55.2376803Z Receiving objects:  18% (67/370)
2021-05-28T15:37:55.2377342Z Receiving objects:  19% (71/370)
2021-05-28T15:37:55.2378055Z Receiving objects:  20% (74/370)
2021-05-28T15:37:55.2378579Z Receiving objects:  21% (78/370)
2021-05-28T15:37:55.2379089Z Receiving objects:  22% (82/370)
2021-05-28T15:37:55.2379615Z Receiving objects:  23% (86/370)
2021-05-28T15:37:55.2380126Z Receiving objects:  24% (89/370)
2021-05-28T15:37:55.2380975Z Receiving objects:  25% (93/370)
2021-05-28T15:37:55.2387438Z Receiving objects:  26% (97/370)
2021-05-28T15:37:55.2388076Z Receiving objects:  27% (100/370)
2021-05-28T15:37:55.2388851Z Receiving objects:  28% (104/370)
2021-05-28T15:37:55.2389424Z Receiving objects:  29% (108/370)
2021-05-28T15:37:55.2390008Z Receiving objects:  30% (111/370)
2021-05-28T15:37:55.2390756Z Receiving objects:  31% (115/370)
2021-05-28T15:37:55.2391300Z Receiving objects:  32% (119/370)
2021-05-28T15:37:55.2392170Z Receiving objects:  33% (123/370)
2021-05-28T15:37:55.2392683Z Receiving objects:  34% (126/370)
2021-05-28T15:37:55.2393216Z Receiving objects:  35% (130/370)
2021-05-28T15:37:55.2393744Z Receiving objects:  36% (134/370)
2021-05-28T15:37:55.2394260Z Receiving objects:  37% (137/370)
2021-05-28T15:37:55.2394789Z Receiving objects:  38% (141/370)
2021-05-28T15:37:55.2395485Z Receiving objects:  39% (145/370)
2021-05-28T15:37:55.2396036Z Receiving objects:  40% (148/370)
2021-05-28T15:37:55.2396579Z Receiving objects:  41% (152/370)
2021-05-28T15:37:55.2397107Z Receiving objects:  42% (156/370)
2021-05-28T15:37:55.2398019Z Receiving objects:  43% (160/370)
2021-05-28T15:37:55.2398585Z Receiving objects:  44% (163/370)
2021-05-28T15:37:55.2399166Z Receiving objects:  45% (167/370)
2021-05-28T15:37:55.2399742Z Receiving objects:  46% (171/370)
2021-05-28T15:37:55.2400300Z Receiving objects:  47% (174/370)
2021-05-28T15:37:55.2401029Z Receiving objects:  48% (178/370)
2021-05-28T15:37:55.2402000Z Receiving objects:  49% (182/370)
2021-05-28T15:37:55.2402553Z Receiving objects:  50% (185/370)
2021-05-28T15:37:55.2403093Z Receiving objects:  51% (189/370)
2021-05-28T15:37:55.2404056Z Receiving objects:  52% (193/370)
2021-05-28T15:37:55.2404600Z Receiving objects:  53% (197/370)
2021-05-28T15:37:55.2405319Z Receiving objects:  54% (200/370)
2021-05-28T15:37:55.2405879Z Receiving objects:  55% (204/370)
2021-05-28T15:37:55.2406617Z Receiving objects:  56% (208/370)
2021-05-28T15:37:55.2407175Z Receiving objects:  57% (211/370)
2021-05-28T15:37:55.2407754Z Receiving objects:  58% (215/370)
2021-05-28T15:37:55.2408951Z Receiving objects:  59% (219/370)
2021-05-28T15:37:55.2409931Z Receiving objects:  60% (222/370)
2021-05-28T15:37:55.2410534Z Receiving objects:  61% (226/370)
2021-05-28T15:37:55.2411067Z Receiving objects:  62% (230/370)
2021-05-28T15:37:55.2411701Z Receiving objects:  63% (234/370)
2021-05-28T15:37:55.2412227Z Receiving objects:  64% (237/370)
2021-05-28T15:37:55.2413019Z Receiving objects:  65% (241/370)
2021-05-28T15:37:55.2413586Z Receiving objects:  66% (245/370)
2021-05-28T15:37:55.2414130Z Receiving objects:  67% (248/370)
2021-05-28T15:37:55.2414688Z Receiving objects:  68% (252/370)
2021-05-28T15:37:55.2415223Z Receiving objects:  69% (256/370)
2021-05-28T15:37:55.2415965Z Receiving objects:  70% (259/370)
2021-05-28T15:37:55.2416535Z Receiving objects:  71% (263/370)
2021-05-28T15:37:55.2417278Z Receiving objects:  72% (267/370)
2021-05-28T15:37:55.2418184Z Receiving objects:  73% (271/370)
2021-05-28T15:37:55.2418732Z Receiving objects:  74% (274/370)
2021-05-28T15:37:55.2419700Z Receiving objects:  75% (278/370)
2021-05-28T15:37:55.2420453Z Receiving objects:  76% (282/370)
2021-05-28T15:37:55.2421117Z Receiving objects:  77% (285/370)
2021-05-28T15:37:55.2421738Z Receiving objects:  78% (289/370)
2021-05-28T15:37:55.2423961Z Receiving objects:  79% (293/370)
2021-05-28T15:37:55.2424647Z Receiving objects:  80% (296/370)
2021-05-28T15:37:55.2425300Z Receiving objects:  81% (300/370)
2021-05-28T15:37:55.2426340Z Receiving objects:  82% (304/370)
2021-05-28T15:37:55.2427276Z Receiving objects:  83% (308/370)
2021-05-28T15:37:55.2427847Z Receiving objects:  84% (311/370)
2021-05-28T15:37:55.2428439Z Receiving objects:  85% (315/370)
2021-05-28T15:37:55.2429229Z Receiving objects:  86% (319/370)
2021-05-28T15:37:55.2429819Z Receiving objects:  87% (322/370)
2021-05-28T15:37:55.2430427Z Receiving objects:  88% (326/370)
2021-05-28T15:37:55.2431167Z Receiving objects:  89% (330/370)
2021-05-28T15:37:55.2432719Z remote: Total 370 (delta 190), reused 278 (delta 126), pack-reused 0        
2021-05-28T15:37:55.2433451Z Receiving objects:  90% (333/370)
2021-05-28T15:37:55.2434203Z Receiving objects:  91% (337/370)
2021-05-28T15:37:55.2434775Z Receiving objects:  92% (341/370)
2021-05-28T15:37:55.2435329Z Receiving objects:  93% (345/370)
2021-05-28T15:37:55.2435901Z Receiving objects:  94% (348/370)
2021-05-28T15:37:55.2436630Z Receiving objects:  95% (352/370)
2021-05-28T15:37:55.2437174Z Receiving objects:  96% (356/370)
2021-05-28T15:37:55.2437739Z Receiving objects:  97% (359/370)
2021-05-28T15:37:55.2438274Z Receiving objects:  98% (363/370)
2021-05-28T15:37:55.2438831Z Receiving objects:  99% (367/370)
2021-05-28T15:37:55.2439384Z Receiving objects: 100% (370/370)
2021-05-28T15:37:55.2439986Z Receiving objects: 100% (370/370), 101.97 KiB | 10.20 MiB/s, done.
2021-05-28T15:37:55.2440601Z Resolving deltas:   0% (0/190)
2021-05-28T15:37:55.2441243Z Resolving deltas:   1% (2/190)
2021-05-28T15:37:55.2441773Z Resolving deltas:   2% (4/190)
2021-05-28T15:37:55.2442303Z Resolving deltas:   3% (6/190)
2021-05-28T15:37:55.2443046Z Resolving deltas:   4% (8/190)
2021-05-28T15:37:55.2443689Z Resolving deltas:   5% (10/190)
2021-05-28T15:37:55.2444362Z Resolving deltas:   6% (12/190)
2021-05-28T15:37:55.2444995Z Resolving deltas:   7% (14/190)
2021-05-28T15:37:55.2445624Z Resolving deltas:   8% (16/190)
2021-05-28T15:37:55.2446239Z Resolving deltas:   9% (18/190)
2021-05-28T15:37:55.2447276Z Resolving deltas:  10% (19/190)
2021-05-28T15:37:55.2448874Z Resolving deltas:  11% (21/190)
2021-05-28T15:37:55.2449410Z Resolving deltas:  12% (23/190)
2021-05-28T15:37:55.2449941Z Resolving deltas:  13% (25/190)
2021-05-28T15:37:55.2450448Z Resolving deltas:  14% (27/190)
2021-05-28T15:37:55.2450981Z Resolving deltas:  15% (29/190)
2021-05-28T15:37:55.2451840Z Resolving deltas:  16% (31/190)
2021-05-28T15:37:55.2452365Z Resolving deltas:  17% (33/190)
2021-05-28T15:37:55.2452894Z Resolving deltas:  18% (35/190)
2021-05-28T15:37:55.2453446Z Resolving deltas:  19% (37/190)
2021-05-28T15:37:55.2453971Z Resolving deltas:  20% (38/190)
2021-05-28T15:37:55.2454479Z Resolving deltas:  21% (40/190)
2021-05-28T15:37:55.2455013Z Resolving deltas:  22% (42/190)
2021-05-28T15:37:55.2455761Z Resolving deltas:  23% (44/190)
2021-05-28T15:37:55.2456677Z Resolving deltas:  24% (46/190)
2021-05-28T15:37:55.2457674Z Resolving deltas:  25% (48/190)
2021-05-28T15:37:55.2458227Z Resolving deltas:  26% (50/190)
2021-05-28T15:37:55.2458812Z Resolving deltas:  27% (52/190)
2021-05-28T15:37:55.2459410Z Resolving deltas:  28% (54/190)
2021-05-28T15:37:55.2460002Z Resolving deltas:  29% (56/190)
2021-05-28T15:37:55.2460461Z Resolving deltas:  30% (57/190)
2021-05-28T15:37:55.2465064Z Resolving deltas:  31% (59/190)
2021-05-28T15:37:55.2466002Z Resolving deltas:  32% (61/190)
2021-05-28T15:37:55.2466541Z Resolving deltas:  33% (63/190)
2021-05-28T15:37:55.2467422Z Resolving deltas:  34% (65/190)
2021-05-28T15:37:55.2467982Z Resolving deltas:  35% (67/190)
2021-05-28T15:37:55.2468897Z Resolving deltas:  36% (69/190)
2021-05-28T15:37:55.2469716Z Resolving deltas:  37% (71/190)
2021-05-28T15:37:55.2470350Z Resolving deltas:  38% (73/190)
2021-05-28T15:37:55.2471300Z Resolving deltas:  39% (75/190)
2021-05-28T15:37:55.2471986Z Resolving deltas:  40% (76/190)
2021-05-28T15:37:55.2472583Z Resolving deltas:  41% (78/190)
2021-05-28T15:37:55.2473341Z Resolving deltas:  42% (80/190)
2021-05-28T15:37:55.2473937Z Resolving deltas:  43% (82/190)
2021-05-28T15:37:55.2474679Z Resolving deltas:  44% (84/190)
2021-05-28T15:37:55.2475582Z Resolving deltas:  45% (86/190)
2021-05-28T15:37:55.2476114Z Resolving deltas:  46% (88/190)
2021-05-28T15:37:55.2476660Z Resolving deltas:  47% (90/190)
2021-05-28T15:37:55.2477452Z Resolving deltas:  48% (92/190)
2021-05-28T15:37:55.2478252Z Resolving deltas:  49% (94/190)
2021-05-28T15:37:55.2478825Z Resolving deltas:  50% (95/190)
2021-05-28T15:37:55.2479384Z Resolving deltas:  51% (97/190)
2021-05-28T15:37:55.2480191Z Resolving deltas:  52% (99/190)
2021-05-28T15:37:55.2481054Z Resolving deltas:  53% (101/190)
2021-05-28T15:37:55.2481782Z Resolving deltas:  54% (103/190)
2021-05-28T15:37:55.2482566Z Resolving deltas:  55% (105/190)
2021-05-28T15:37:55.2483132Z Resolving deltas:  56% (107/190)
2021-05-28T15:37:55.2483711Z Resolving deltas:  57% (109/190)
2021-05-28T15:37:55.2484293Z Resolving deltas:  58% (111/190)
2021-05-28T15:37:55.2485029Z Resolving deltas:  59% (113/190)
2021-05-28T15:37:55.2485777Z Resolving deltas:  60% (114/190)
2021-05-28T15:37:55.2486717Z Resolving deltas:  61% (116/190)
2021-05-28T15:37:55.2487262Z Resolving deltas:  62% (118/190)
2021-05-28T15:37:55.2488309Z Resolving deltas:  63% (120/190)
2021-05-28T15:37:55.2489208Z Resolving deltas:  64% (122/190)
2021-05-28T15:37:55.2489803Z Resolving deltas:  65% (124/190)
2021-05-28T15:37:55.2490380Z Resolving deltas:  66% (126/190)
2021-05-28T15:37:55.2491131Z Resolving deltas:  67% (128/190)
2021-05-28T15:37:55.2491839Z Resolving deltas:  68% (130/190)
2021-05-28T15:37:55.2492404Z Resolving deltas:  69% (132/190)
2021-05-28T15:37:55.2492966Z Resolving deltas:  70% (133/190)
2021-05-28T15:37:55.2493510Z Resolving deltas:  71% (135/190)
2021-05-28T15:37:55.2494076Z Resolving deltas:  72% (137/190)
2021-05-28T15:37:55.2494625Z Resolving deltas:  73% (139/190)
2021-05-28T15:37:55.2495569Z Resolving deltas:  74% (141/190)
2021-05-28T15:37:55.2496294Z Resolving deltas:  75% (143/190)
2021-05-28T15:37:55.2497274Z Resolving deltas:  76% (145/190)
2021-05-28T15:37:55.2498841Z Resolving deltas:  77% (147/190)
2021-05-28T15:37:55.2499726Z Resolving deltas:  78% (149/190)
2021-05-28T15:37:55.2500361Z Resolving deltas:  79% (151/190)
2021-05-28T15:37:55.2501051Z Resolving deltas:  80% (152/190)
2021-05-28T15:37:55.2501821Z Resolving deltas:  81% (154/190)
2021-05-28T15:37:55.2502791Z Resolving deltas:  82% (156/190)
2021-05-28T15:37:55.2503542Z Resolving deltas:  83% (158/190)
2021-05-28T15:37:55.2504745Z Resolving deltas:  84% (160/190)
2021-05-28T15:37:55.2505509Z Resolving deltas:  85% (162/190)
2021-05-28T15:37:55.2506476Z Resolving deltas:  86% (164/190)
2021-05-28T15:37:55.2507085Z Resolving deltas:  87% (166/190)
2021-05-28T15:37:55.2507682Z Resolving deltas:  88% (168/190)
2021-05-28T15:37:55.2508306Z Resolving deltas:  89% (170/190)
2021-05-28T15:37:55.2509089Z Resolving deltas:  90% (171/190)
2021-05-28T15:37:55.2509676Z Resolving deltas:  91% (173/190)
2021-05-28T15:37:55.2510276Z Resolving deltas:  92% (175/190)
2021-05-28T15:37:55.2510848Z Resolving deltas:  93% (177/190)
2021-05-28T15:37:55.2511453Z Resolving deltas:  94% (179/190)
2021-05-28T15:37:55.2512236Z Resolving deltas:  95% (181/190)
2021-05-28T15:37:55.2512835Z Resolving deltas:  96% (183/190)
2021-05-28T15:37:55.2513449Z Resolving deltas:  97% (185/190)
2021-05-28T15:37:55.2514042Z Resolving deltas:  98% (187/190)
2021-05-28T15:37:55.2514654Z Resolving deltas:  99% (189/190)
2021-05-28T15:37:55.2515266Z Resolving deltas: 100% (190/190)
2021-05-28T15:37:55.2516040Z Resolving deltas: 100% (190/190), done.
2021-05-28T15:37:55.2516754Z From https://github.com/con/tinuous
2021-05-28T15:37:55.2517815Z  * [new branch]      gh-55         -> origin/gh-55
2021-05-28T15:37:55.2519734Z  * [new branch]      gh-55b        -> origin/gh-55b
2021-05-28T15:37:55.2520697Z  * [new branch]      gh-57         -> origin/gh-57
2021-05-28T15:37:55.2521582Z  * [new branch]      master        -> origin/master
2021-05-28T15:37:55.2522592Z  * [new branch]      test-appveyor -> origin/test-appveyor
2021-05-28T15:37:55.2524480Z  * [new tag]         0.1.0         -> 0.1.0
2021-05-28T15:37:55.2525459Z  * [new tag]         0.2.0         -> 0.2.0
2021-05-28T15:37:55.2526466Z [command]/usr/bin/git branch --list --remote origin/gh-57
2021-05-28T15:37:55.2527704Z   origin/gh-57
2021-05-28T15:37:55.2528814Z [command]/usr/bin/git rev-parse refs/remotes/origin/gh-57
2021-05-28T15:37:55.2529705Z 0bba99b1f459e4e1554145e7ae7e471301e19af3
2021-05-28T15:37:55.2530459Z ##[endgroup]
2021-05-28T15:37:55.2531117Z ##[group]Determining the checkout info
2021-05-28T15:37:55.2531729Z ##[endgroup]
2021-05-28T15:37:55.2532311Z ##[group]Checking out the ref
2021-05-28T15:37:55.2533385Z [command]/usr/bin/git checkout --progress --force -B gh-57 refs/remotes/origin/gh-57
2021-05-28T15:37:55.2534418Z Switched to a new branch 'gh-57'
2021-05-28T15:37:55.2535411Z Branch 'gh-57' set up to track remote branch 'gh-57' from 'origin'.
2021-05-28T15:37:55.2536147Z ##[endgroup]
2021-05-28T15:37:55.2536932Z [command]/usr/bin/git log -1 --format='%H'
2021-05-28T15:37:55.2537946Z '0bba99b1f459e4e1554145e7ae7e471301e19af3'
2021-05-28T15:37:55.2633892Z ##[group]Run actions/setup-python@v2
2021-05-28T15:37:55.2634448Z with:
2021-05-28T15:37:55.2634873Z   python-version: 3.8
2021-05-28T15:37:55.2635855Z   token: ***
2021-05-28T15:37:55.2636263Z ##[endgroup]
2021-05-28T15:37:55.3328386Z Successfully setup CPython (3.8.10)
2021-05-28T15:37:55.3396947Z ##[group]Run python -m pip install --upgrade pip wheel
2021-05-28T15:37:55.3397704Z [36;1mpython -m pip install --upgrade pip wheel[0m
2021-05-28T15:37:55.3399141Z [36;1mpython -m pip install --upgrade --upgrade-strategy=eager tox[0m
2021-05-28T15:37:55.3446339Z shell: /usr/bin/bash -e {0}
2021-05-28T15:37:55.3446900Z env:
2021-05-28T15:37:55.3447728Z   pythonLocation: /opt/hostedtoolcache/Python/3.8.10/x64
2021-05-28T15:37:55.3448817Z   LD_LIBRARY_PATH: /opt/hostedtoolcache/Python/3.8.10/x64/lib
2021-05-28T15:37:55.3449319Z ##[endgroup]
2021-05-28T15:37:56.3548193Z Requirement already satisfied: pip in /opt/hostedtoolcache/Python/3.8.10/x64/lib/python3.8/site-packages (21.1.2)
2021-05-28T15:37:56.3581190Z Collecting wheel
2021-05-28T15:37:56.3582238Z   Downloading wheel-0.36.2-py2.py3-none-any.whl (35 kB)
2021-05-28T15:37:56.3582931Z Installing collected packages: wheel
2021-05-28T15:37:56.3932506Z Successfully installed wheel-0.36.2
2021-05-28T15:37:57.1609015Z Collecting tox
2021-05-28T15:37:57.2189176Z   Downloading tox-3.23.1-py2.py3-none-any.whl (85 kB)
2021-05-28T15:37:57.2929170Z Collecting toml>=0.9.4
2021-05-28T15:37:57.3080800Z   Downloading toml-0.10.2-py2.py3-none-any.whl (16 kB)
2021-05-28T15:37:57.3788964Z Collecting packaging>=14
2021-05-28T15:37:57.3934993Z   Downloading packaging-20.9-py2.py3-none-any.whl (40 kB)
2021-05-28T15:37:57.4249647Z Collecting filelock>=3.0.0
2021-05-28T15:37:57.4391965Z   Downloading filelock-3.0.12-py3-none-any.whl (7.6 kB)
2021-05-28T15:37:57.4801338Z Collecting six>=1.14.0
2021-05-28T15:37:57.4946353Z   Downloading six-1.16.0-py2.py3-none-any.whl (11 kB)
2021-05-28T15:37:57.5336936Z Collecting pluggy>=0.12.0
2021-05-28T15:37:57.5489585Z   Downloading pluggy-0.13.1-py2.py3-none-any.whl (18 kB)
2021-05-28T15:37:57.7739032Z Collecting virtualenv!=20.0.0,!=20.0.1,!=20.0.2,!=20.0.3,!=20.0.4,!=20.0.5,!=20.0.6,!=20.0.7,>=16.0.0
2021-05-28T15:37:57.7890227Z   Downloading virtualenv-20.4.7-py2.py3-none-any.whl (7.2 MB)
2021-05-28T15:37:58.1483410Z Collecting py>=1.4.17
2021-05-28T15:37:58.1638053Z   Downloading py-1.10.0-py2.py3-none-any.whl (97 kB)
2021-05-28T15:37:58.2566215Z Collecting pyparsing>=2.0.2
2021-05-28T15:37:58.2715708Z   Downloading pyparsing-2.4.7-py2.py3-none-any.whl (67 kB)
2021-05-28T15:37:58.3689837Z Collecting appdirs<2,>=1.4.3
2021-05-28T15:37:58.3834079Z   Downloading appdirs-1.4.4-py2.py3-none-any.whl (9.6 kB)
2021-05-28T15:37:58.4116853Z Collecting distlib<1,>=0.3.1
2021-05-28T15:37:58.4269333Z   Downloading distlib-0.3.1-py2.py3-none-any.whl (335 kB)
2021-05-28T15:37:58.5562546Z Installing collected packages: six, pyparsing, filelock, distlib, appdirs, virtualenv, toml, py, pluggy, packaging, tox
2021-05-28T15:37:59.1878708Z Successfully installed appdirs-1.4.4 distlib-0.3.1 filelock-3.0.12 packaging-20.9 pluggy-0.13.1 py-1.10.0 pyparsing-2.4.7 six-1.16.0 toml-0.10.2 tox-3.23.1 virtualenv-20.4.7
2021-05-28T15:37:59.2641595Z ##[group]Run tox -e lint
2021-05-28T15:37:59.2642590Z [36;1mtox -e lint[0m
2021-05-28T15:37:59.2684737Z shell: /usr/bin/bash -e {0}
2021-05-28T15:37:59.2685096Z env:
2021-05-28T15:37:59.2685609Z   pythonLocation: /opt/hostedtoolcache/Python/3.8.10/x64
2021-05-28T15:37:59.2686278Z   LD_LIBRARY_PATH: /opt/hostedtoolcache/Python/3.8.10/x64/lib
2021-05-28T15:37:59.2686786Z ##[endgroup]
2021-05-28T15:37:59.5305368Z lint create: /home/runner/work/tinuous/tinuous/.tox/lint
2021-05-28T15:38:00.1937063Z lint installdeps: flake8~=3.7, flake8-bugbear, flake8-builtins~=1.4, flake8-import-order-jwodder, flake8-unused-arguments
2021-05-28T15:38:04.8548142Z lint installed: attrs==21.2.0,flake8==3.9.2,flake8-bugbear==21.4.3,flake8-builtins==1.5.3,flake8-import-order==0.18.1,flake8-import-order-jwodder==0.1.0,flake8-unused-arguments==0.0.6,mccabe==0.6.1,pycodestyle==2.7.0,pyflakes==2.3.1
2021-05-28T15:38:04.8558933Z lint run-test-pre: PYTHONHASHSEED='1698578074'
2021-05-28T15:38:04.8560443Z lint run-test: commands[0] | flake8 --config=tox.ini src test
2021-05-28T15:38:05.7525496Z ___________________________________ summary ____________________________________
2021-05-28T15:38:05.7540512Z   lint: commands succeeded
2021-05-28T15:38:05.7541783Z   congratulations :)
2021-05-28T15:38:05.7829586Z Post job cleanup.
2021-05-28T15:38:05.8997924Z [command]/usr/bin/git version
2021-05-28T15:38:05.9072391Z git version 2.31.1
2021-05-28T15:38:05.9114032Z [command]/usr/bin/git config --local --name-only --get-regexp core\.sshCommand
2021-05-28T15:38:05.9167106Z [command]/usr/bin/git submodule foreach --recursive git config --local --name-only --get-regexp 'core\.sshCommand' && git config --local --unset-all 'core.sshCommand' || :
2021-05-28T15:38:05.9433672Z [command]/usr/bin/git config --local --name-only --get-regexp http\.https\:\/\/github\.com\/\.extraheader
2021-05-28T15:38:05.9485838Z http.https://github.com/.extraheader
2021-05-28T15:38:05.9496087Z [command]/usr/bin/git config --local --unset-all http.https://github.com/.extraheader
2021-05-28T15:38:05.9552716Z [command]/usr/bin/git submodule foreach --recursive git config --local --name-only --get-regexp 'http\.https\:\/\/github\.com\/\.extraheader' && git config --local --unset-all 'http.https://github.com/.extraheader' || :
2021-05-28T15:38:06.0010619Z Cleaning up orphan processes
