2021-06-14T14:32:09.7245980Z ##[section]Starting: Request a runner to run this job
2021-06-14T14:32:10.3945767Z Can't find any online and idle self-hosted runner in current repository that matches the required labels: 'ubuntu-latest'
2021-06-14T14:32:10.3945889Z Can't find any online and idle self-hosted runner in current repository's account/organization that matches the required labels: 'ubuntu-latest'
2021-06-14T14:32:10.3946104Z Found online and idle hosted runner in current repository's account/organization that matches the required labels: 'ubuntu-latest'
2021-06-14T14:32:10.5704459Z ##[section]Finishing: Request a runner to run this job
2021-06-14T14:32:17.9543638Z Current runner version: '2.278.0'
2021-06-14T14:32:17.9569027Z ##[group]Operating System
2021-06-14T14:32:17.9569930Z Ubuntu
2021-06-14T14:32:17.9570350Z 20.04.2
2021-06-14T14:32:17.9570801Z LTS
2021-06-14T14:32:17.9571241Z ##[endgroup]
2021-06-14T14:32:17.9571829Z ##[group]Virtual Environment
2021-06-14T14:32:17.9572487Z Environment: ubuntu-20.04
2021-06-14T14:32:17.9573000Z Version: 20210606.1
2021-06-14T14:32:17.9573980Z Included Software: https://github.com/actions/virtual-environments/blob/ubuntu20/20210606.1/images/linux/Ubuntu2004-README.md
2021-06-14T14:32:17.9575261Z Image Release: https://github.com/actions/virtual-environments/releases/tag/ubuntu20%2F20210606.1
2021-06-14T14:32:17.9576169Z ##[endgroup]
2021-06-14T14:32:17.9578012Z ##[group]GITHUB_TOKEN Permissions
2021-06-14T14:32:17.9579142Z Actions: write
2021-06-14T14:32:17.9579667Z Checks: write
2021-06-14T14:32:17.9580138Z Contents: write
2021-06-14T14:32:17.9580720Z Deployments: write
2021-06-14T14:32:17.9581364Z Discussions: write
2021-06-14T14:32:17.9581922Z Issues: write
2021-06-14T14:32:17.9582447Z Metadata: read
2021-06-14T14:32:17.9582941Z Packages: write
2021-06-14T14:32:17.9583498Z PullRequests: write
2021-06-14T14:32:17.9584085Z RepositoryProjects: write
2021-06-14T14:32:17.9584732Z SecurityEvents: write
2021-06-14T14:32:17.9585251Z Statuses: write
2021-06-14T14:32:17.9585889Z ##[endgroup]
2021-06-14T14:32:17.9588668Z Prepare workflow directory
2021-06-14T14:32:18.0164461Z Prepare all required actions
2021-06-14T14:32:18.0174710Z Getting action download info
2021-06-14T14:32:18.4034395Z Download action repository 'actions/checkout@v2'
2021-06-14T14:32:20.1890756Z Download action repository 'actions/setup-python@v2'
2021-06-14T14:32:20.3727272Z Download action repository 'codecov/codecov-action@v1'
2021-06-14T14:32:20.7085138Z ##[group]Run actions/checkout@v2
2021-06-14T14:32:20.7085759Z with:
2021-06-14T14:32:20.7086193Z   fetch-depth: 0
2021-06-14T14:32:20.7086679Z   repository: con/tinuous
2021-06-14T14:32:20.7087581Z   token: ***
2021-06-14T14:32:20.7088037Z   ssh-strict: true
2021-06-14T14:32:20.7088555Z   persist-credentials: true
2021-06-14T14:32:20.7089067Z   clean: true
2021-06-14T14:32:20.7089461Z   lfs: false
2021-06-14T14:32:20.7089896Z   submodules: false
2021-06-14T14:32:20.7090329Z ##[endgroup]
2021-06-14T14:32:21.3730394Z Syncing repository: con/tinuous
2021-06-14T14:32:21.3735986Z ##[group]Getting Git version info
2021-06-14T14:32:21.3737107Z Working directory is '/home/runner/work/tinuous/tinuous'
2021-06-14T14:32:21.3737913Z [command]/usr/bin/git version
2021-06-14T14:32:21.3738378Z git version 2.31.1
2021-06-14T14:32:21.3739455Z ##[endgroup]
2021-06-14T14:32:21.3740333Z Deleting the contents of '/home/runner/work/tinuous/tinuous'
2021-06-14T14:32:21.3741721Z ##[group]Initializing the repository
2021-06-14T14:32:21.3742505Z [command]/usr/bin/git init /home/runner/work/tinuous/tinuous
2021-06-14T14:32:21.3743529Z hint: Using 'master' as the name for the initial branch. This default branch name
2021-06-14T14:32:21.3744431Z hint: is subject to change. To configure the initial branch name to use in all
2021-06-14T14:32:21.3745341Z hint: of your new repositories, which will suppress this warning, call:
2021-06-14T14:32:21.3746017Z hint: 
2021-06-14T14:32:21.3746847Z hint: 	git config --global init.defaultBranch <name>
2021-06-14T14:32:21.3747501Z hint: 
2021-06-14T14:32:21.3748329Z hint: Names commonly chosen instead of 'master' are 'main', 'trunk' and
2021-06-14T14:32:21.3749408Z hint: 'development'. The just-created branch can be renamed via this command:
2021-06-14T14:32:21.3750128Z hint: 
2021-06-14T14:32:21.3750799Z hint: 	git branch -m <name>
2021-06-14T14:32:21.3751565Z Initialized empty Git repository in /home/runner/work/tinuous/tinuous/.git/
2021-06-14T14:32:21.3752516Z [command]/usr/bin/git remote add origin https://github.com/con/tinuous
2021-06-14T14:32:21.3753266Z ##[endgroup]
2021-06-14T14:32:21.3753925Z ##[group]Disabling automatic garbage collection
2021-06-14T14:32:21.3754821Z [command]/usr/bin/git config --local gc.auto 0
2021-06-14T14:32:21.3755643Z ##[endgroup]
2021-06-14T14:32:21.3757318Z ##[group]Setting up auth
2021-06-14T14:32:21.3758355Z [command]/usr/bin/git config --local --name-only --get-regexp core\.sshCommand
2021-06-14T14:32:21.3759996Z [command]/usr/bin/git submodule foreach --recursive git config --local --name-only --get-regexp 'core\.sshCommand' && git config --local --unset-all 'core.sshCommand' || :
2021-06-14T14:32:21.3761568Z [command]/usr/bin/git config --local --name-only --get-regexp http\.https\:\/\/github\.com\/\.extraheader
2021-06-14T14:32:21.3763434Z [command]/usr/bin/git submodule foreach --recursive git config --local --name-only --get-regexp 'http\.https\:\/\/github\.com\/\.extraheader' && git config --local --unset-all 'http.https://github.com/.extraheader' || :
2021-06-14T14:32:21.3765257Z [command]/usr/bin/git config --local http.https://github.com/.extraheader AUTHORIZATION: basic ***
2021-06-14T14:32:21.3766170Z ##[endgroup]
2021-06-14T14:32:21.3766792Z ##[group]Fetching the repository
2021-06-14T14:32:21.3768830Z [command]/usr/bin/git -c protocol.version=2 fetch --prune --progress --no-recurse-submodules origin +refs/heads/*:refs/remotes/origin/* +refs/tags/*:refs/tags/*
2021-06-14T14:32:21.3833298Z remote: Enumerating objects: 723, done.        
2021-06-14T14:32:21.3834104Z remote: Counting objects:   0% (1/377)        
2021-06-14T14:32:21.3834783Z remote: Counting objects:   1% (4/377)        
2021-06-14T14:32:21.3835421Z remote: Counting objects:   2% (8/377)        
2021-06-14T14:32:21.3836066Z remote: Counting objects:   3% (12/377)        
2021-06-14T14:32:21.3836822Z remote: Counting objects:   4% (16/377)        
2021-06-14T14:32:21.3837470Z remote: Counting objects:   5% (19/377)        
2021-06-14T14:32:21.3838311Z remote: Counting objects:   6% (23/377)        
2021-06-14T14:32:21.3838973Z remote: Counting objects:   7% (27/377)        
2021-06-14T14:32:21.3839621Z remote: Counting objects:   8% (31/377)        
2021-06-14T14:32:21.3840664Z remote: Counting objects:   9% (34/377)        
2021-06-14T14:32:21.3841321Z remote: Counting objects:  10% (38/377)        
2021-06-14T14:32:21.3841966Z remote: Counting objects:  11% (42/377)        
2021-06-14T14:32:21.3842595Z remote: Counting objects:  12% (46/377)        
2021-06-14T14:32:21.3843239Z remote: Counting objects:  13% (50/377)        
2021-06-14T14:32:21.3843881Z remote: Counting objects:  14% (53/377)        
2021-06-14T14:32:21.3844508Z remote: Counting objects:  15% (57/377)        
2021-06-14T14:32:21.3845150Z remote: Counting objects:  16% (61/377)        
2021-06-14T14:32:21.3845779Z remote: Counting objects:  17% (65/377)        
2021-06-14T14:32:21.3846416Z remote: Counting objects:  18% (68/377)        
2021-06-14T14:32:21.3847066Z remote: Counting objects:  19% (72/377)        
2021-06-14T14:32:21.3847700Z remote: Counting objects:  20% (76/377)        
2021-06-14T14:32:21.3848343Z remote: Counting objects:  21% (80/377)        
2021-06-14T14:32:21.3848972Z remote: Counting objects:  22% (83/377)        
2021-06-14T14:32:21.3849622Z remote: Counting objects:  23% (87/377)        
2021-06-14T14:32:21.3850264Z remote: Counting objects:  24% (91/377)        
2021-06-14T14:32:21.3850894Z remote: Counting objects:  25% (95/377)        
2021-06-14T14:32:21.3851541Z remote: Counting objects:  26% (99/377)        
2021-06-14T14:32:21.3852170Z remote: Counting objects:  27% (102/377)        
2021-06-14T14:32:21.3852821Z remote: Counting objects:  28% (106/377)        
2021-06-14T14:32:21.3853469Z remote: Counting objects:  29% (110/377)        
2021-06-14T14:32:21.3854100Z remote: Counting objects:  30% (114/377)        
2021-06-14T14:32:21.3854752Z remote: Counting objects:  31% (117/377)        
2021-06-14T14:32:21.3855391Z remote: Counting objects:  32% (121/377)        
2021-06-14T14:32:21.3856032Z remote: Counting objects:  33% (125/377)        
2021-06-14T14:32:21.3856686Z remote: Counting objects:  34% (129/377)        
2021-06-14T14:32:21.3857315Z remote: Counting objects:  35% (132/377)        
2021-06-14T14:32:21.3858094Z remote: Counting objects:  36% (136/377)        
2021-06-14T14:32:21.3858776Z remote: Counting objects:  37% (140/377)        
2021-06-14T14:32:21.3859410Z remote: Counting objects:  38% (144/377)        
2021-06-14T14:32:21.3860060Z remote: Counting objects:  39% (148/377)        
2021-06-14T14:32:21.3860694Z remote: Counting objects:  40% (151/377)        
2021-06-14T14:32:21.3861341Z remote: Counting objects:  41% (155/377)        
2021-06-14T14:32:21.3861986Z remote: Counting objects:  42% (159/377)        
2021-06-14T14:32:21.3862621Z remote: Counting objects:  43% (163/377)        
2021-06-14T14:32:21.3863272Z remote: Counting objects:  44% (166/377)        
2021-06-14T14:32:21.3863957Z remote: Counting objects:  45% (170/377)        
2021-06-14T14:32:21.3864623Z remote: Counting objects:  46% (174/377)        
2021-06-14T14:32:21.3865271Z remote: Counting objects:  47% (178/377)        
2021-06-14T14:32:21.3865904Z remote: Counting objects:  48% (181/377)        
2021-06-14T14:32:21.3866551Z remote: Counting objects:  49% (185/377)        
2021-06-14T14:32:21.3867209Z remote: Counting objects:  50% (189/377)        
2021-06-14T14:32:21.3867843Z remote: Counting objects:  51% (193/377)        
2021-06-14T14:32:21.3868489Z remote: Counting objects:  52% (197/377)        
2021-06-14T14:32:21.3869118Z remote: Counting objects:  53% (200/377)        
2021-06-14T14:32:21.3869768Z remote: Counting objects:  54% (204/377)        
2021-06-14T14:32:21.3870418Z remote: Counting objects:  55% (208/377)        
2021-06-14T14:32:21.3871051Z remote: Counting objects:  56% (212/377)        
2021-06-14T14:32:21.3871700Z remote: Counting objects:  57% (215/377)        
2021-06-14T14:32:21.3872335Z remote: Counting objects:  58% (219/377)        
2021-06-14T14:32:21.3873063Z remote: Counting objects:  59% (223/377)        
2021-06-14T14:32:21.3873732Z remote: Counting objects:  60% (227/377)        
2021-06-14T14:32:21.3874364Z remote: Counting objects:  61% (230/377)        
2021-06-14T14:32:21.3875181Z remote: Counting objects:  62% (234/377)        
2021-06-14T14:32:21.3875843Z remote: Counting objects:  63% (238/377)        
2021-06-14T14:32:21.3876479Z remote: Counting objects:  64% (242/377)        
2021-06-14T14:32:21.3877124Z remote: Counting objects:  65% (246/377)        
2021-06-14T14:32:21.3877770Z remote: Counting objects:  66% (249/377)        
2021-06-14T14:32:21.3878406Z remote: Counting objects:  67% (253/377)        
2021-06-14T14:32:21.3879052Z remote: Counting objects:  68% (257/377)        
2021-06-14T14:32:21.3879815Z remote: Counting objects:  69% (261/377)        
2021-06-14T14:32:21.3880480Z remote: Counting objects:  70% (264/377)        
2021-06-14T14:32:21.3881131Z remote: Counting objects:  71% (268/377)        
2021-06-14T14:32:21.3881772Z remote: Counting objects:  72% (272/377)        
2021-06-14T14:32:21.3882422Z remote: Counting objects:  73% (276/377)        
2021-06-14T14:32:21.3883054Z remote: Counting objects:  74% (279/377)        
2021-06-14T14:32:21.3883700Z remote: Counting objects:  75% (283/377)        
2021-06-14T14:32:21.3884356Z remote: Counting objects:  76% (287/377)        
2021-06-14T14:32:21.3884981Z remote: Counting objects:  77% (291/377)        
2021-06-14T14:32:21.3885629Z remote: Counting objects:  78% (295/377)        
2021-06-14T14:32:21.3886275Z remote: Counting objects:  79% (298/377)        
2021-06-14T14:32:21.3886905Z remote: Counting objects:  80% (302/377)        
2021-06-14T14:32:21.3887548Z remote: Counting objects:  81% (306/377)        
2021-06-14T14:32:21.3888176Z remote: Counting objects:  82% (310/377)        
2021-06-14T14:32:21.3888824Z remote: Counting objects:  83% (313/377)        
2021-06-14T14:32:21.3889475Z remote: Counting objects:  84% (317/377)        
2021-06-14T14:32:21.3890118Z remote: Counting objects:  85% (321/377)        
2021-06-14T14:32:21.3890762Z remote: Counting objects:  86% (325/377)        
2021-06-14T14:32:21.3891396Z remote: Counting objects:  87% (328/377)        
2021-06-14T14:32:21.3892049Z remote: Counting objects:  88% (332/377)        
2021-06-14T14:32:21.3892845Z remote: Counting objects:  89% (336/377)        
2021-06-14T14:32:21.3893478Z remote: Counting objects:  90% (340/377)        
2021-06-14T14:32:21.3894122Z remote: Counting objects:  91% (344/377)        
2021-06-14T14:32:21.3894751Z remote: Counting objects:  92% (347/377)        
2021-06-14T14:32:21.3895396Z remote: Counting objects:  93% (351/377)        
2021-06-14T14:32:21.3896039Z remote: Counting objects:  94% (355/377)        
2021-06-14T14:32:21.3896673Z remote: Counting objects:  95% (359/377)        
2021-06-14T14:32:21.3897317Z remote: Counting objects:  96% (362/377)        
2021-06-14T14:32:21.3897950Z remote: Counting objects:  97% (366/377)        
2021-06-14T14:32:21.3898602Z remote: Counting objects:  98% (370/377)        
2021-06-14T14:32:21.3899249Z remote: Counting objects:  99% (374/377)        
2021-06-14T14:32:21.3899877Z remote: Counting objects: 100% (377/377)        
2021-06-14T14:32:21.3900540Z remote: Counting objects: 100% (377/377), done.        
2021-06-14T14:32:21.3901243Z remote: Compressing objects:   0% (1/193)        
2021-06-14T14:32:21.3901921Z remote: Compressing objects:   1% (2/193)        
2021-06-14T14:32:21.3902606Z remote: Compressing objects:   2% (4/193)        
2021-06-14T14:32:21.3903272Z remote: Compressing objects:   3% (6/193)        
2021-06-14T14:32:21.3903956Z remote: Compressing objects:   4% (8/193)        
2021-06-14T14:32:21.3904641Z remote: Compressing objects:   5% (10/193)        
2021-06-14T14:32:21.3905310Z remote: Compressing objects:   6% (12/193)        
2021-06-14T14:32:21.3906002Z remote: Compressing objects:   7% (14/193)        
2021-06-14T14:32:21.3906689Z remote: Compressing objects:   8% (16/193)        
2021-06-14T14:32:21.3907435Z remote: Compressing objects:   9% (18/193)        
2021-06-14T14:32:21.3908137Z remote: Compressing objects:  10% (20/193)        
2021-06-14T14:32:21.3908808Z remote: Compressing objects:  11% (22/193)        
2021-06-14T14:32:21.3909497Z remote: Compressing objects:  12% (24/193)        
2021-06-14T14:32:21.3910187Z remote: Compressing objects:  13% (26/193)        
2021-06-14T14:32:21.3910860Z remote: Compressing objects:  14% (28/193)        
2021-06-14T14:32:21.3911543Z remote: Compressing objects:  15% (29/193)        
2021-06-14T14:32:21.3912214Z remote: Compressing objects:  16% (31/193)        
2021-06-14T14:32:21.3912894Z remote: Compressing objects:  17% (33/193)        
2021-06-14T14:32:21.3913575Z remote: Compressing objects:  18% (35/193)        
2021-06-14T14:32:21.3914248Z remote: Compressing objects:  19% (37/193)        
2021-06-14T14:32:21.3914928Z remote: Compressing objects:  20% (39/193)        
2021-06-14T14:32:21.3915596Z remote: Compressing objects:  21% (41/193)        
2021-06-14T14:32:21.3916287Z remote: Compressing objects:  22% (43/193)        
2021-06-14T14:32:21.3916967Z remote: Compressing objects:  23% (45/193)        
2021-06-14T14:32:21.3917637Z remote: Compressing objects:  24% (47/193)        
2021-06-14T14:32:21.3918325Z remote: Compressing objects:  25% (49/193)        
2021-06-14T14:32:21.3919017Z remote: Compressing objects:  26% (51/193)        
2021-06-14T14:32:21.3919786Z remote: Compressing objects:  27% (53/193)        
2021-06-14T14:32:21.3920485Z remote: Compressing objects:  28% (55/193)        
2021-06-14T14:32:21.3921153Z remote: Compressing objects:  29% (56/193)        
2021-06-14T14:32:21.3921834Z remote: Compressing objects:  30% (58/193)        
2021-06-14T14:32:21.3922524Z remote: Compressing objects:  31% (60/193)        
2021-06-14T14:32:21.3923194Z remote: Compressing objects:  32% (62/193)        
2021-06-14T14:32:21.3923875Z remote: Compressing objects:  33% (64/193)        
2021-06-14T14:32:21.3924547Z remote: Compressing objects:  34% (66/193)        
2021-06-14T14:32:21.3925240Z remote: Compressing objects:  35% (68/193)        
2021-06-14T14:32:21.3925926Z remote: Compressing objects:  36% (70/193)        
2021-06-14T14:32:21.3926596Z remote: Compressing objects:  37% (72/193)        
2021-06-14T14:32:21.3927386Z remote: Compressing objects:  38% (74/193)        
2021-06-14T14:32:21.3928077Z remote: Compressing objects:  39% (76/193)        
2021-06-14T14:32:21.3928753Z remote: Compressing objects:  40% (78/193)        
2021-06-14T14:32:21.3929440Z remote: Compressing objects:  41% (80/193)        
2021-06-14T14:32:21.3930109Z remote: Compressing objects:  42% (82/193)        
2021-06-14T14:32:21.3930793Z remote: Compressing objects:  43% (83/193)        
2021-06-14T14:32:21.3931474Z remote: Compressing objects:  44% (85/193)        
2021-06-14T14:32:21.3932142Z remote: Compressing objects:  45% (87/193)        
2021-06-14T14:32:21.3932831Z remote: Compressing objects:  46% (89/193)        
2021-06-14T14:32:21.3933497Z remote: Compressing objects:  47% (91/193)        
2021-06-14T14:32:21.3934185Z remote: Compressing objects:  48% (93/193)        
2021-06-14T14:32:21.3934873Z remote: Compressing objects:  49% (95/193)        
2021-06-14T14:32:21.3935545Z remote: Compressing objects:  50% (97/193)        
2021-06-14T14:32:21.3936235Z remote: Compressing objects:  51% (99/193)        
2021-06-14T14:32:21.3936922Z remote: Compressing objects:  52% (101/193)        
2021-06-14T14:32:21.3937597Z remote: Compressing objects:  53% (103/193)        
2021-06-14T14:32:21.3938283Z remote: Compressing objects:  54% (105/193)        
2021-06-14T14:32:21.3938961Z remote: Compressing objects:  55% (107/193)        
2021-06-14T14:32:21.3939653Z remote: Compressing objects:  56% (109/193)        
2021-06-14T14:32:21.3940342Z remote: Compressing objects:  57% (111/193)        
2021-06-14T14:32:21.3941015Z remote: Compressing objects:  58% (112/193)        
2021-06-14T14:32:21.3941702Z remote: Compressing objects:  59% (114/193)        
2021-06-14T14:32:21.3942445Z remote: Compressing objects:  60% (116/193)        
2021-06-14T14:32:21.3943142Z remote: Compressing objects:  61% (118/193)        
2021-06-14T14:32:21.3943828Z remote: Compressing objects:  62% (120/193)        
2021-06-14T14:32:21.3944499Z remote: Compressing objects:  63% (122/193)        
2021-06-14T14:32:21.3945201Z remote: Compressing objects:  64% (124/193)        
2021-06-14T14:32:21.3945874Z remote: Compressing objects:  65% (126/193)        
2021-06-14T14:32:21.3946557Z remote: Compressing objects:  66% (128/193)        
2021-06-14T14:32:21.3947243Z remote: Compressing objects:  67% (130/193)        
2021-06-14T14:32:21.3947913Z remote: Compressing objects:  68% (132/193)        
2021-06-14T14:32:21.3948599Z remote: Compressing objects:  69% (134/193)        
2021-06-14T14:32:21.3949287Z remote: Compressing objects:  70% (136/193)        
2021-06-14T14:32:21.3949956Z remote: Compressing objects:  71% (138/193)        
2021-06-14T14:32:21.3950642Z remote: Compressing objects:  72% (139/193)        
2021-06-14T14:32:21.3951327Z remote: Compressing objects:  73% (141/193)        
2021-06-14T14:32:21.3952015Z remote: Compressing objects:  74% (143/193)        
2021-06-14T14:32:21.3952701Z remote: Compressing objects:  75% (145/193)        
2021-06-14T14:32:21.3953372Z remote: Compressing objects:  76% (147/193)        
2021-06-14T14:32:21.3954072Z remote: Compressing objects:  77% (149/193)        
2021-06-14T14:32:21.3954743Z remote: Compressing objects:  78% (151/193)        
2021-06-14T14:32:21.3955435Z remote: Compressing objects:  79% (153/193)        
2021-06-14T14:32:21.3956118Z remote: Compressing objects:  80% (155/193)        
2021-06-14T14:32:21.3956791Z remote: Compressing objects:  81% (157/193)        
2021-06-14T14:32:21.3957479Z remote: Compressing objects:  82% (159/193)        
2021-06-14T14:32:21.3958171Z remote: Compressing objects:  83% (161/193)        
2021-06-14T14:32:21.3958876Z remote: Compressing objects:  84% (163/193)        
2021-06-14T14:32:21.3959566Z remote: Compressing objects:  85% (165/193)        
2021-06-14T14:32:21.3960399Z remote: Compressing objects:  86% (166/193)        
2021-06-14T14:32:21.3961093Z remote: Compressing objects:  87% (168/193)        
2021-06-14T14:32:21.3961793Z remote: Compressing objects:  88% (170/193)        
2021-06-14T14:32:21.3962590Z remote: Compressing objects:  89% (172/193)        
2021-06-14T14:32:21.3963257Z remote: Compressing objects:  90% (174/193)        
2021-06-14T14:32:21.3963970Z remote: Compressing objects:  91% (176/193)        
2021-06-14T14:32:21.3964658Z remote: Compressing objects:  92% (178/193)        
2021-06-14T14:32:21.3965329Z remote: Compressing objects:  93% (180/193)        
2021-06-14T14:32:21.3966014Z remote: Compressing objects:  94% (182/193)        
2021-06-14T14:32:21.3966685Z remote: Compressing objects:  95% (184/193)        
2021-06-14T14:32:21.3967372Z remote: Compressing objects:  96% (186/193)        
2021-06-14T14:32:21.3968060Z remote: Compressing objects:  97% (188/193)        
2021-06-14T14:32:21.3968734Z remote: Compressing objects:  98% (190/193)        
2021-06-14T14:32:21.3969426Z remote: Compressing objects:  99% (192/193)        
2021-06-14T14:32:21.3970100Z remote: Compressing objects: 100% (193/193)        
2021-06-14T14:32:21.3970808Z remote: Compressing objects: 100% (193/193), done.        
2021-06-14T14:32:21.3971480Z Receiving objects:   0% (1/723)
2021-06-14T14:32:21.3972066Z Receiving objects:   1% (8/723)
2021-06-14T14:32:21.3972665Z Receiving objects:   2% (15/723)
2021-06-14T14:32:21.3973252Z Receiving objects:   3% (22/723)
2021-06-14T14:32:21.3973859Z Receiving objects:   4% (29/723)
2021-06-14T14:32:21.3974461Z Receiving objects:   5% (37/723)
2021-06-14T14:32:21.3975046Z Receiving objects:   6% (44/723)
2021-06-14T14:32:21.3975651Z Receiving objects:   7% (51/723)
2021-06-14T14:32:21.3976239Z Receiving objects:   8% (58/723)
2021-06-14T14:32:21.3976838Z Receiving objects:   9% (66/723)
2021-06-14T14:32:21.3977439Z Receiving objects:  10% (73/723)
2021-06-14T14:32:21.3978024Z Receiving objects:  11% (80/723)
2021-06-14T14:32:21.3978697Z Receiving objects:  12% (87/723)
2021-06-14T14:32:21.3979296Z Receiving objects:  13% (94/723)
2021-06-14T14:32:21.3979900Z Receiving objects:  14% (102/723)
2021-06-14T14:32:21.3980504Z Receiving objects:  15% (109/723)
2021-06-14T14:32:21.3981102Z Receiving objects:  16% (116/723)
2021-06-14T14:32:21.3981702Z Receiving objects:  17% (123/723)
2021-06-14T14:32:21.3982286Z Receiving objects:  18% (131/723)
2021-06-14T14:32:21.3982885Z Receiving objects:  19% (138/723)
2021-06-14T14:32:21.3983483Z Receiving objects:  20% (145/723)
2021-06-14T14:32:21.3984069Z Receiving objects:  21% (152/723)
2021-06-14T14:32:21.3984670Z Receiving objects:  22% (160/723)
2021-06-14T14:32:21.3985250Z Receiving objects:  23% (167/723)
2021-06-14T14:32:21.3985846Z Receiving objects:  24% (174/723)
2021-06-14T14:32:21.3986446Z Receiving objects:  25% (181/723)
2021-06-14T14:32:21.3987032Z Receiving objects:  26% (188/723)
2021-06-14T14:32:21.3987631Z Receiving objects:  27% (196/723)
2021-06-14T14:32:21.3988225Z Receiving objects:  28% (203/723)
2021-06-14T14:32:21.3988825Z Receiving objects:  29% (210/723)
2021-06-14T14:32:21.3989424Z Receiving objects:  30% (217/723)
2021-06-14T14:32:21.3990011Z Receiving objects:  31% (225/723)
2021-06-14T14:32:21.3990614Z Receiving objects:  32% (232/723)
2021-06-14T14:32:21.3991197Z Receiving objects:  33% (239/723)
2021-06-14T14:32:21.3991798Z Receiving objects:  34% (246/723)
2021-06-14T14:32:21.3992396Z Receiving objects:  35% (254/723)
2021-06-14T14:32:21.3992977Z Receiving objects:  36% (261/723)
2021-06-14T14:32:21.3993576Z Receiving objects:  37% (268/723)
2021-06-14T14:32:21.3994155Z Receiving objects:  38% (275/723)
2021-06-14T14:32:21.3994757Z Receiving objects:  39% (282/723)
2021-06-14T14:32:21.3995356Z Receiving objects:  40% (290/723)
2021-06-14T14:32:21.3995939Z Receiving objects:  41% (297/723)
2021-06-14T14:32:21.3996538Z Receiving objects:  42% (304/723)
2021-06-14T14:32:21.3997123Z Receiving objects:  43% (311/723)
2021-06-14T14:32:21.3997725Z Receiving objects:  44% (319/723)
2021-06-14T14:32:21.3998325Z Receiving objects:  45% (326/723)
2021-06-14T14:32:21.3998909Z Receiving objects:  46% (333/723)
2021-06-14T14:32:21.3999504Z Receiving objects:  47% (340/723)
2021-06-14T14:32:21.4000226Z Receiving objects:  48% (348/723)
2021-06-14T14:32:21.4000941Z Receiving objects:  49% (355/723)
2021-06-14T14:32:21.4001539Z Receiving objects:  50% (362/723)
2021-06-14T14:32:21.4002126Z Receiving objects:  51% (369/723)
2021-06-14T14:32:21.4002723Z Receiving objects:  52% (376/723)
2021-06-14T14:32:21.4003311Z Receiving objects:  53% (384/723)
2021-06-14T14:32:21.4003912Z Receiving objects:  54% (391/723)
2021-06-14T14:32:21.4004511Z Receiving objects:  55% (398/723)
2021-06-14T14:32:21.4005095Z Receiving objects:  56% (405/723)
2021-06-14T14:32:21.4005695Z Receiving objects:  57% (413/723)
2021-06-14T14:32:21.4006280Z Receiving objects:  58% (420/723)
2021-06-14T14:32:21.4006876Z Receiving objects:  59% (427/723)
2021-06-14T14:32:21.4007481Z Receiving objects:  60% (434/723)
2021-06-14T14:32:21.4008070Z Receiving objects:  61% (442/723)
2021-06-14T14:32:21.4008665Z Receiving objects:  62% (449/723)
2021-06-14T14:32:21.4009249Z Receiving objects:  63% (456/723)
2021-06-14T14:32:21.4009843Z Receiving objects:  64% (463/723)
2021-06-14T14:32:21.4010450Z Receiving objects:  65% (470/723)
2021-06-14T14:32:21.4011033Z Receiving objects:  66% (478/723)
2021-06-14T14:32:21.4011630Z Receiving objects:  67% (485/723)
2021-06-14T14:32:21.4012211Z Receiving objects:  68% (492/723)
2021-06-14T14:32:21.4012806Z Receiving objects:  69% (499/723)
2021-06-14T14:32:21.4013406Z Receiving objects:  70% (507/723)
2021-06-14T14:32:21.4013984Z Receiving objects:  71% (514/723)
2021-06-14T14:32:21.4014578Z Receiving objects:  72% (521/723)
2021-06-14T14:32:21.4015176Z Receiving objects:  73% (528/723)
2021-06-14T14:32:21.4015760Z Receiving objects:  74% (536/723)
2021-06-14T14:32:21.4016354Z Receiving objects:  75% (543/723)
2021-06-14T14:32:21.4016932Z Receiving objects:  76% (550/723)
2021-06-14T14:32:21.4017605Z Receiving objects:  77% (557/723)
2021-06-14T14:32:21.4018221Z Receiving objects:  78% (564/723)
2021-06-14T14:32:21.4018809Z Receiving objects:  79% (572/723)
2021-06-14T14:32:21.4019411Z Receiving objects:  80% (579/723)
2021-06-14T14:32:21.4020007Z Receiving objects:  81% (586/723)
2021-06-14T14:32:21.4020608Z Receiving objects:  82% (593/723)
2021-06-14T14:32:21.4021207Z Receiving objects:  83% (601/723)
2021-06-14T14:32:21.4021792Z Receiving objects:  84% (608/723)
2021-06-14T14:32:21.4022393Z Receiving objects:  85% (615/723)
2021-06-14T14:32:21.4023089Z Receiving objects:  86% (622/723)
2021-06-14T14:32:21.4023964Z Receiving objects:  87% (630/723)
2021-06-14T14:32:21.4024635Z Receiving objects:  88% (637/723)
2021-06-14T14:32:21.4025719Z remote: Total 723 (delta 200), reused 239 (delta 158), pack-reused 346        
2021-06-14T14:32:21.4026458Z Receiving objects:  89% (644/723)
2021-06-14T14:32:21.4027057Z Receiving objects:  90% (651/723)
2021-06-14T14:32:21.4027670Z Receiving objects:  91% (658/723)
2021-06-14T14:32:21.4028268Z Receiving objects:  92% (666/723)
2021-06-14T14:32:21.4028857Z Receiving objects:  93% (673/723)
2021-06-14T14:32:21.4029456Z Receiving objects:  94% (680/723)
2021-06-14T14:32:21.4030037Z Receiving objects:  95% (687/723)
2021-06-14T14:32:21.4030648Z Receiving objects:  96% (695/723)
2021-06-14T14:32:21.4031248Z Receiving objects:  97% (702/723)
2021-06-14T14:32:21.4031836Z Receiving objects:  98% (709/723)
2021-06-14T14:32:21.4032438Z Receiving objects:  99% (716/723)
2021-06-14T14:32:21.4033022Z Receiving objects: 100% (723/723)
2021-06-14T14:32:21.4033688Z Receiving objects: 100% (723/723), 201.74 KiB | 10.09 MiB/s, done.
2021-06-14T14:32:21.4034339Z Resolving deltas:   0% (0/380)
2021-06-14T14:32:21.4034917Z Resolving deltas:   1% (4/380)
2021-06-14T14:32:21.4035501Z Resolving deltas:   2% (8/380)
2021-06-14T14:32:21.4036081Z Resolving deltas:   3% (12/380)
2021-06-14T14:32:21.4036666Z Resolving deltas:   4% (16/380)
2021-06-14T14:32:21.4037259Z Resolving deltas:   5% (19/380)
2021-06-14T14:32:21.4037836Z Resolving deltas:   6% (23/380)
2021-06-14T14:32:21.4038426Z Resolving deltas:   7% (27/380)
2021-06-14T14:32:21.4038997Z Resolving deltas:   8% (31/380)
2021-06-14T14:32:21.4039588Z Resolving deltas:   9% (35/380)
2021-06-14T14:32:21.4040456Z Resolving deltas:  10% (38/380)
2021-06-14T14:32:21.4041033Z Resolving deltas:  11% (42/380)
2021-06-14T14:32:21.4041615Z Resolving deltas:  12% (46/380)
2021-06-14T14:32:21.4042183Z Resolving deltas:  13% (50/380)
2021-06-14T14:32:21.4042760Z Resolving deltas:  14% (54/380)
2021-06-14T14:32:21.4043346Z Resolving deltas:  15% (57/380)
2021-06-14T14:32:21.4043915Z Resolving deltas:  16% (61/380)
2021-06-14T14:32:21.4044494Z Resolving deltas:  17% (65/380)
2021-06-14T14:32:21.4045062Z Resolving deltas:  18% (69/380)
2021-06-14T14:32:21.4045642Z Resolving deltas:  19% (73/380)
2021-06-14T14:32:21.4046218Z Resolving deltas:  20% (76/380)
2021-06-14T14:32:21.4046793Z Resolving deltas:  21% (80/380)
2021-06-14T14:32:21.4047382Z Resolving deltas:  22% (84/380)
2021-06-14T14:32:21.4047961Z Resolving deltas:  23% (88/380)
2021-06-14T14:32:21.4048541Z Resolving deltas:  24% (92/380)
2021-06-14T14:32:21.4049119Z Resolving deltas:  25% (95/380)
2021-06-14T14:32:21.4049695Z Resolving deltas:  26% (99/380)
2021-06-14T14:32:21.4050279Z Resolving deltas:  27% (103/380)
2021-06-14T14:32:21.4050853Z Resolving deltas:  28% (107/380)
2021-06-14T14:32:21.4051439Z Resolving deltas:  29% (111/380)
2021-06-14T14:32:21.4052023Z Resolving deltas:  30% (114/380)
2021-06-14T14:32:21.4052600Z Resolving deltas:  31% (118/380)
2021-06-14T14:32:21.4053186Z Resolving deltas:  32% (122/380)
2021-06-14T14:32:21.4053761Z Resolving deltas:  33% (126/380)
2021-06-14T14:32:21.4054349Z Resolving deltas:  34% (130/380)
2021-06-14T14:32:21.4054931Z Resolving deltas:  35% (133/380)
2021-06-14T14:32:21.4055505Z Resolving deltas:  36% (137/380)
2021-06-14T14:32:21.4056088Z Resolving deltas:  37% (141/380)
2021-06-14T14:32:21.4056767Z Resolving deltas:  38% (145/380)
2021-06-14T14:32:21.4057375Z Resolving deltas:  39% (149/380)
2021-06-14T14:32:21.4057961Z Resolving deltas:  40% (152/380)
2021-06-14T14:32:21.4058564Z Resolving deltas:  41% (156/380)
2021-06-14T14:32:21.4059155Z Resolving deltas:  42% (160/380)
2021-06-14T14:32:21.4059738Z Resolving deltas:  43% (164/380)
2021-06-14T14:32:21.4060324Z Resolving deltas:  44% (168/380)
2021-06-14T14:32:21.4060914Z Resolving deltas:  45% (171/380)
2021-06-14T14:32:21.4061491Z Resolving deltas:  46% (175/380)
2021-06-14T14:32:21.4062080Z Resolving deltas:  47% (179/380)
2021-06-14T14:32:21.4062655Z Resolving deltas:  48% (183/380)
2021-06-14T14:32:21.4063237Z Resolving deltas:  49% (187/380)
2021-06-14T14:32:21.4063822Z Resolving deltas:  50% (190/380)
2021-06-14T14:32:21.4064401Z Resolving deltas:  51% (194/380)
2021-06-14T14:32:21.4064983Z Resolving deltas:  52% (198/380)
2021-06-14T14:32:21.4065553Z Resolving deltas:  53% (202/380)
2021-06-14T14:32:21.4066138Z Resolving deltas:  54% (206/380)
2021-06-14T14:32:21.4066728Z Resolving deltas:  55% (209/380)
2021-06-14T14:32:21.4067300Z Resolving deltas:  56% (213/380)
2021-06-14T14:32:21.4067889Z Resolving deltas:  57% (217/380)
2021-06-14T14:32:21.4068461Z Resolving deltas:  58% (221/380)
2021-06-14T14:32:21.4069051Z Resolving deltas:  59% (225/380)
2021-06-14T14:32:21.4069636Z Resolving deltas:  60% (228/380)
2021-06-14T14:32:21.4070207Z Resolving deltas:  61% (232/380)
2021-06-14T14:32:21.4070791Z Resolving deltas:  62% (236/380)
2021-06-14T14:32:21.4071366Z Resolving deltas:  63% (240/380)
2021-06-14T14:32:21.4071952Z Resolving deltas:  64% (244/380)
2021-06-14T14:32:21.4072534Z Resolving deltas:  65% (247/380)
2021-06-14T14:32:21.4073176Z Resolving deltas:  66% (251/380)
2021-06-14T14:32:21.4073761Z Resolving deltas:  67% (255/380)
2021-06-14T14:32:21.4074332Z Resolving deltas:  68% (259/380)
2021-06-14T14:32:21.4074921Z Resolving deltas:  69% (263/380)
2021-06-14T14:32:21.4075506Z Resolving deltas:  70% (266/380)
2021-06-14T14:32:21.4076079Z Resolving deltas:  71% (270/380)
2021-06-14T14:32:21.4076673Z Resolving deltas:  72% (274/380)
2021-06-14T14:32:21.4077244Z Resolving deltas:  73% (278/380)
2021-06-14T14:32:21.4077827Z Resolving deltas:  74% (282/380)
2021-06-14T14:32:21.4078421Z Resolving deltas:  75% (285/380)
2021-06-14T14:32:21.4079091Z Resolving deltas:  76% (289/380)
2021-06-14T14:32:21.4079768Z Resolving deltas:  77% (293/380)
2021-06-14T14:32:21.4080357Z Resolving deltas:  78% (297/380)
2021-06-14T14:32:21.4080946Z Resolving deltas:  79% (301/380)
2021-06-14T14:32:21.4081538Z Resolving deltas:  80% (304/380)
2021-06-14T14:32:21.4082122Z Resolving deltas:  81% (308/380)
2021-06-14T14:32:21.4082716Z Resolving deltas:  82% (312/380)
2021-06-14T14:32:21.4083289Z Resolving deltas:  83% (316/380)
2021-06-14T14:32:21.4083883Z Resolving deltas:  84% (320/380)
2021-06-14T14:32:21.4084473Z Resolving deltas:  85% (323/380)
2021-06-14T14:32:21.4085052Z Resolving deltas:  86% (327/380)
2021-06-14T14:32:21.4085642Z Resolving deltas:  87% (331/380)
2021-06-14T14:32:21.4086224Z Resolving deltas:  88% (335/380)
2021-06-14T14:32:21.4086819Z Resolving deltas:  89% (339/380)
2021-06-14T14:32:21.4087410Z Resolving deltas:  90% (342/380)
2021-06-14T14:32:21.4088043Z Resolving deltas:  91% (346/380)
2021-06-14T14:32:21.4088636Z Resolving deltas:  92% (350/380)
2021-06-14T14:32:21.4089312Z Resolving deltas:  93% (354/380)
2021-06-14T14:32:21.4090130Z Resolving deltas:  94% (358/380)
2021-06-14T14:32:21.4090782Z Resolving deltas:  95% (361/380)
2021-06-14T14:32:21.4091362Z Resolving deltas:  96% (365/380)
2021-06-14T14:32:21.4091954Z Resolving deltas:  97% (369/380)
2021-06-14T14:32:21.4092530Z Resolving deltas:  98% (373/380)
2021-06-14T14:32:21.4093120Z Resolving deltas:  99% (377/380)
2021-06-14T14:32:21.4093703Z Resolving deltas: 100% (380/380)
2021-06-14T14:32:21.4094315Z Resolving deltas: 100% (380/380), done.
2021-06-14T14:32:21.4095012Z From https://github.com/con/tinuous
2021-06-14T14:32:21.4096039Z  * [new branch]      docstring         -> origin/docstring
2021-06-14T14:32:21.4097039Z  * [new branch]      gh-55             -> origin/gh-55
2021-06-14T14:32:21.4098012Z  * [new branch]      ghtoken-regex     -> origin/ghtoken-regex
2021-06-14T14:32:21.4098929Z  * [new branch]      master            -> origin/master
2021-06-14T14:32:21.4099903Z  * [new branch]      no-extra-search   -> origin/no-extra-search
2021-06-14T14:32:21.4100885Z  * [new branch]      regex-link        -> origin/regex-link
2021-06-14T14:32:21.4101860Z  * [new branch]      test-appveyor     -> origin/test-appveyor
2021-06-14T14:32:21.4102872Z  * [new branch]      test-rmprefix     -> origin/test-rmprefix
2021-06-14T14:32:21.4103920Z  * [new branch]      test-wkspec-match -> origin/test-wkspec-match
2021-06-14T14:32:21.4104840Z  * [new tag]         0.1.0             -> 0.1.0
2021-06-14T14:32:21.4105550Z  * [new tag]         0.2.0             -> 0.2.0
2021-06-14T14:32:21.4106283Z  * [new tag]         0.3.0             -> 0.3.0
2021-06-14T14:32:21.4107180Z [command]/usr/bin/git branch --list --remote origin/no-extra-search
2021-06-14T14:32:21.4108067Z   origin/no-extra-search
2021-06-14T14:32:21.4109036Z [command]/usr/bin/git rev-parse refs/remotes/origin/no-extra-search
2021-06-14T14:32:21.4109922Z 1d33b9e6620ad3c9f3c2c6f33509f799f7534c57
2021-06-14T14:32:21.4110695Z ##[endgroup]
2021-06-14T14:32:21.4111341Z ##[group]Determining the checkout info
2021-06-14T14:32:21.4111952Z ##[endgroup]
2021-06-14T14:32:21.4112533Z ##[group]Checking out the ref
2021-06-14T14:32:21.4113655Z [command]/usr/bin/git checkout --progress --force -B no-extra-search refs/remotes/origin/no-extra-search
2021-06-14T14:32:21.4114788Z Switched to a new branch 'no-extra-search'
2021-06-14T14:32:21.4115891Z Branch 'no-extra-search' set up to track remote branch 'no-extra-search' from 'origin'.
2021-06-14T14:32:21.4116704Z ##[endgroup]
2021-06-14T14:32:21.4117443Z [command]/usr/bin/git log -1 --format='%H'
2021-06-14T14:32:21.4118364Z '1d33b9e6620ad3c9f3c2c6f33509f799f7534c57'
2021-06-14T14:32:21.4186465Z ##[group]Run actions/setup-python@v2
2021-06-14T14:32:21.4186981Z with:
2021-06-14T14:32:21.4187414Z   python-version: 3.8
2021-06-14T14:32:21.4188299Z   token: ***
2021-06-14T14:32:21.4188722Z ##[endgroup]
2021-06-14T14:32:21.4827071Z Successfully setup CPython (3.8.10)
2021-06-14T14:32:21.4883386Z ##[group]Run python -m pip install --upgrade pip wheel
2021-06-14T14:32:21.4884166Z [36;1mpython -m pip install --upgrade pip wheel[0m
2021-06-14T14:32:21.4884963Z [36;1mpython -m pip install --upgrade --upgrade-strategy=eager tox[0m
2021-06-14T14:32:21.4928260Z shell: /usr/bin/bash -e {0}
2021-06-14T14:32:21.4928864Z env:
2021-06-14T14:32:21.4929520Z   pythonLocation: /opt/hostedtoolcache/Python/3.8.10/x64
2021-06-14T14:32:21.4930282Z   LD_LIBRARY_PATH: /opt/hostedtoolcache/Python/3.8.10/x64/lib
2021-06-14T14:32:21.4930931Z ##[endgroup]
2021-06-14T14:32:21.9478741Z Requirement already satisfied: pip in /opt/hostedtoolcache/Python/3.8.10/x64/lib/python3.8/site-packages (21.1.2)
2021-06-14T14:32:22.1251263Z Collecting wheel
2021-06-14T14:32:22.1713172Z   Downloading wheel-0.36.2-py2.py3-none-any.whl (35 kB)
2021-06-14T14:32:22.2225292Z Installing collected packages: wheel
2021-06-14T14:32:22.2523919Z Successfully installed wheel-0.36.2
2021-06-14T14:32:22.8722959Z Collecting tox
2021-06-14T14:32:22.9199567Z   Downloading tox-3.23.1-py2.py3-none-any.whl (85 kB)
2021-06-14T14:32:22.9853807Z Collecting six>=1.14.0
2021-06-14T14:32:23.0046691Z   Downloading six-1.16.0-py2.py3-none-any.whl (11 kB)
2021-06-14T14:32:23.0486697Z Collecting pluggy>=0.12.0
2021-06-14T14:32:23.0677270Z   Downloading pluggy-0.13.1-py2.py3-none-any.whl (18 kB)
2021-06-14T14:32:23.2666452Z Collecting virtualenv!=20.0.0,!=20.0.1,!=20.0.2,!=20.0.3,!=20.0.4,!=20.0.5,!=20.0.6,!=20.0.7,>=16.0.0
2021-06-14T14:32:23.2785719Z   Downloading virtualenv-20.4.7-py2.py3-none-any.whl (7.2 MB)
2021-06-14T14:32:23.5629320Z Collecting packaging>=14
2021-06-14T14:32:23.5706901Z   Downloading packaging-20.9-py2.py3-none-any.whl (40 kB)
2021-06-14T14:32:23.6157711Z Collecting py>=1.4.17
2021-06-14T14:32:23.6409112Z   Downloading py-1.10.0-py2.py3-none-any.whl (97 kB)
2021-06-14T14:32:23.6688841Z Collecting filelock>=3.0.0
2021-06-14T14:32:23.6763239Z   Downloading filelock-3.0.12-py3-none-any.whl (7.6 kB)
2021-06-14T14:32:23.6993266Z Collecting toml>=0.9.4
2021-06-14T14:32:23.7070173Z   Downloading toml-0.10.2-py2.py3-none-any.whl (16 kB)
2021-06-14T14:32:23.7825652Z Collecting pyparsing>=2.0.2
2021-06-14T14:32:23.7900991Z   Downloading pyparsing-2.4.7-py2.py3-none-any.whl (67 kB)
2021-06-14T14:32:23.8619464Z Collecting distlib<1,>=0.3.1
2021-06-14T14:32:23.8700503Z   Downloading distlib-0.3.2-py2.py3-none-any.whl (338 kB)
2021-06-14T14:32:23.8961680Z Collecting appdirs<2,>=1.4.3
2021-06-14T14:32:23.9036625Z   Downloading appdirs-1.4.4-py2.py3-none-any.whl (9.6 kB)
2021-06-14T14:32:23.9932157Z Installing collected packages: six, pyparsing, filelock, distlib, appdirs, virtualenv, toml, py, pluggy, packaging, tox
2021-06-14T14:32:24.4805732Z Successfully installed appdirs-1.4.4 distlib-0.3.2 filelock-3.0.12 packaging-20.9 pluggy-0.13.1 py-1.10.0 pyparsing-2.4.7 six-1.16.0 toml-0.10.2 tox-3.23.1 virtualenv-20.4.7
2021-06-14T14:32:24.5485995Z ##[group]Run tox -e typing
2021-06-14T14:32:24.5486496Z [36;1mtox -e typing[0m
2021-06-14T14:32:24.5522240Z shell: /usr/bin/bash -e {0}
2021-06-14T14:32:24.5522631Z env:
2021-06-14T14:32:24.5523138Z   pythonLocation: /opt/hostedtoolcache/Python/3.8.10/x64
2021-06-14T14:32:24.5523838Z   LD_LIBRARY_PATH: /opt/hostedtoolcache/Python/3.8.10/x64/lib
2021-06-14T14:32:24.5524357Z ##[endgroup]
2021-06-14T14:32:24.7725607Z .package create: /home/runner/work/tinuous/tinuous/.tox/.package
2021-06-14T14:32:25.6897624Z .package installdeps: setuptools >= 46.4.0, wheel ~= 0.32
2021-06-14T14:32:28.6278102Z typing create: /home/runner/work/tinuous/tinuous/.tox/typing
2021-06-14T14:32:28.8649338Z typing installdeps: mypy~=0.900, types-python-dateutil, types-PyYAML, types-requests, pytest~=6.0, pytest-cov~=2.0, pytest-mock~=3.0
2021-06-14T14:32:34.0026082Z typing inst: /home/runner/work/tinuous/tinuous/.tox/.tmp/package/1/tinuous-0.3.0+10.g1d33b9e.tar.gz
2021-06-14T14:32:43.4963606Z typing installed: attrs==21.2.0,certifi==2021.5.30,cffi==1.14.5,chardet==4.0.0,click==8.0.1,click-loglevel==0.4.0.post1,coverage==5.5,Deprecated==1.2.12,idna==2.10,in-place==0.5.0,iniconfig==1.1.1,mypy==0.902,mypy-extensions==0.4.3,packaging==20.9,pluggy==0.13.1,py==1.10.0,pycparser==2.20,pydantic==1.8.2,PyGithub==1.55,PyJWT==2.1.0,PyNaCl==1.4.0,pyparsing==2.4.7,pytest==6.2.4,pytest-cov==2.12.1,pytest-mock==3.6.1,python-dateutil==2.8.1,python-dotenv==0.17.1,PyYAML==5.4.1,requests==2.25.1,six==1.16.0,tinuous @ file:///home/runner/work/tinuous/tinuous/.tox/.tmp/package/1/tinuous-0.3.0%2B10.g1d33b9e.tar.gz,toml==0.10.2,types-python-dateutil==0.1.3,types-PyYAML==0.1.8,types-requests==0.1.11,typing-extensions==3.10.0.0,urllib3==1.26.5,wrapt==1.12.1
2021-06-14T14:32:43.4994748Z typing run-test-pre: PYTHONHASHSEED='4215822786'
2021-06-14T14:32:43.5005962Z typing run-test: commands[0] | mypy src test
2021-06-14T14:32:51.1757900Z Success: no issues found in 12 source files
2021-06-14T14:32:51.7194110Z ___________________________________ summary ____________________________________
2021-06-14T14:32:51.7220199Z   typing: commands succeeded
2021-06-14T14:32:51.7222137Z   congratulations :)
2021-06-14T14:32:51.7502895Z Post job cleanup.
2021-06-14T14:32:51.8420554Z [command]/usr/bin/git version
2021-06-14T14:32:51.8461778Z git version 2.31.1
2021-06-14T14:32:51.8500443Z [command]/usr/bin/git config --local --name-only --get-regexp core\.sshCommand
2021-06-14T14:32:51.8533554Z [command]/usr/bin/git submodule foreach --recursive git config --local --name-only --get-regexp 'core\.sshCommand' && git config --local --unset-all 'core.sshCommand' || :
2021-06-14T14:32:51.8760286Z [command]/usr/bin/git config --local --name-only --get-regexp http\.https\:\/\/github\.com\/\.extraheader
2021-06-14T14:32:51.8775550Z http.https://github.com/.extraheader
2021-06-14T14:32:51.8788241Z [command]/usr/bin/git config --local --unset-all http.https://github.com/.extraheader
2021-06-14T14:32:51.8811809Z [command]/usr/bin/git submodule foreach --recursive git config --local --name-only --get-regexp 'http\.https\:\/\/github\.com\/\.extraheader' && git config --local --unset-all 'http.https://github.com/.extraheader' || :
2021-06-14T14:32:51.9065160Z Cleaning up orphan processes
