2023-11-09T20:41:22.3772157Z Requested labels: ubuntu-latest
2023-11-09T20:41:22.3772441Z Job defined at: con/tinuous/.github/workflows/test.yml@refs/heads/master
2023-11-09T20:41:22.3772550Z Waiting for a runner to pick up this job...
2023-11-09T20:41:23.0240963Z Job is waiting for a hosted runner to come online.
2023-11-09T20:41:26.8589800Z Job is about to start running on the hosted runner: GitHub Actions 9 (hosted)
2023-11-09T20:41:30.5175920Z Current runner version: '2.311.0'
2023-11-09T20:41:30.5204932Z ##[group]Operating System
2023-11-09T20:41:30.5205865Z Ubuntu
2023-11-09T20:41:30.5206318Z 22.04.3
2023-11-09T20:41:30.5206710Z LTS
2023-11-09T20:41:30.5207199Z ##[endgroup]
2023-11-09T20:41:30.5207685Z ##[group]Runner Image
2023-11-09T20:41:30.5208203Z Image: ubuntu-22.04
2023-11-09T20:41:30.5208786Z Version: 20231030.2.0
2023-11-09T20:41:30.5210072Z Included Software: https://github.com/actions/runner-images/blob/ubuntu22/20231030.2/images/linux/Ubuntu2204-Readme.md
2023-11-09T20:41:30.5211928Z Image Release: https://github.com/actions/runner-images/releases/tag/ubuntu22%2F20231030.2
2023-11-09T20:41:30.5213097Z ##[endgroup]
2023-11-09T20:41:30.5213629Z ##[group]Runner Image Provisioner
2023-11-09T20:41:30.5214195Z 2.0.312.1
2023-11-09T20:41:30.5214709Z ##[endgroup]
2023-11-09T20:41:30.5217435Z ##[group]GITHUB_TOKEN Permissions
2023-11-09T20:41:30.5219611Z Actions: write
2023-11-09T20:41:30.5220135Z Checks: write
2023-11-09T20:41:30.5220908Z Contents: write
2023-11-09T20:41:30.5221489Z Deployments: write
2023-11-09T20:41:30.5221990Z Discussions: write
2023-11-09T20:41:30.5222547Z Issues: write
2023-11-09T20:41:30.5223029Z Metadata: read
2023-11-09T20:41:30.5223468Z Packages: write
2023-11-09T20:41:30.5224011Z Pages: write
2023-11-09T20:41:30.5224514Z PullRequests: write
2023-11-09T20:41:30.5225011Z RepositoryProjects: write
2023-11-09T20:41:30.5225680Z SecurityEvents: write
2023-11-09T20:41:30.5226217Z Statuses: write
2023-11-09T20:41:30.5226657Z ##[endgroup]
2023-11-09T20:41:30.5230711Z Secret source: Actions
2023-11-09T20:41:30.5231438Z Prepare workflow directory
2023-11-09T20:41:30.6001009Z Prepare all required actions
2023-11-09T20:41:30.6192635Z Getting action download info
2023-11-09T20:41:30.7814963Z Download action repository 'actions/checkout@v4' (SHA:b4ffde65f46336ab88eb53be808477a3936bae11)
2023-11-09T20:41:30.8993608Z Download action repository 'actions/setup-python@v4' (SHA:65d7f2d534ac1bc67fcd62888c5f4f3d2cb2b236)
2023-11-09T20:41:30.9736032Z Download action repository 'codecov/codecov-action@v3' (SHA:eaaf4bedf32dbdc6b720b63067d99c4d77d6047d)
2023-11-09T20:41:31.3802665Z Complete job name: test (3.8, py)
2023-11-09T20:41:31.5030902Z ##[group]Run actions/checkout@v4
2023-11-09T20:41:31.5031596Z with:
2023-11-09T20:41:31.5031947Z   fetch-depth: 0
2023-11-09T20:41:31.5032342Z   repository: con/tinuous
2023-11-09T20:41:31.5033082Z   token: ***
2023-11-09T20:41:31.5033631Z   ssh-strict: true
2023-11-09T20:41:31.5034056Z   persist-credentials: true
2023-11-09T20:41:31.5034528Z   clean: true
2023-11-09T20:41:31.5034938Z   sparse-checkout-cone-mode: true
2023-11-09T20:41:31.5035481Z   fetch-tags: false
2023-11-09T20:41:31.5035880Z   show-progress: true
2023-11-09T20:41:31.5036283Z   lfs: false
2023-11-09T20:41:31.5036641Z   submodules: false
2023-11-09T20:41:31.5037046Z   set-safe-directory: true
2023-11-09T20:41:31.5037499Z ##[endgroup]
2023-11-09T20:41:31.7336697Z Syncing repository: con/tinuous
2023-11-09T20:41:31.7338893Z ##[group]Getting Git version info
2023-11-09T20:41:31.7339779Z Working directory is '/home/runner/work/tinuous/tinuous'
2023-11-09T20:41:31.7374456Z [command]/usr/bin/git version
2023-11-09T20:41:31.7509244Z git version 2.42.0
2023-11-09T20:41:31.7511190Z ##[endgroup]
2023-11-09T20:41:31.7541529Z Temporarily overriding HOME='/home/runner/work/_temp/8c189c2c-aee0-497d-b08b-a7c8b00f79e3' before making global git config changes
2023-11-09T20:41:31.7543258Z Adding repository directory to the temporary git global config as a safe directory
2023-11-09T20:41:31.7544668Z [command]/usr/bin/git config --global --add safe.directory /home/runner/work/tinuous/tinuous
2023-11-09T20:41:31.7588850Z Deleting the contents of '/home/runner/work/tinuous/tinuous'
2023-11-09T20:41:31.7604724Z ##[group]Initializing the repository
2023-11-09T20:41:31.7605753Z [command]/usr/bin/git init /home/runner/work/tinuous/tinuous
2023-11-09T20:41:31.7667873Z hint: Using 'master' as the name for the initial branch. This default branch name
2023-11-09T20:41:31.7673064Z hint: is subject to change. To configure the initial branch name to use in all
2023-11-09T20:41:31.7676891Z hint: of your new repositories, which will suppress this warning, call:
2023-11-09T20:41:31.7680127Z hint: 
2023-11-09T20:41:31.7683105Z hint: 	git config --global init.defaultBranch <name>
2023-11-09T20:41:31.7686133Z hint: 
2023-11-09T20:41:31.7689063Z hint: Names commonly chosen instead of 'master' are 'main', 'trunk' and
2023-11-09T20:41:31.7692571Z hint: 'development'. The just-created branch can be renamed via this command:
2023-11-09T20:41:31.7696451Z hint: 
2023-11-09T20:41:31.7699387Z hint: 	git branch -m <name>
2023-11-09T20:41:31.7712721Z Initialized empty Git repository in /home/runner/work/tinuous/tinuous/.git/
2023-11-09T20:41:31.7731540Z [command]/usr/bin/git remote add origin https://github.com/con/tinuous
2023-11-09T20:41:31.7765004Z ##[endgroup]
2023-11-09T20:41:31.7766151Z ##[group]Disabling automatic garbage collection
2023-11-09T20:41:31.7772375Z [command]/usr/bin/git config --local gc.auto 0
2023-11-09T20:41:31.7804562Z ##[endgroup]
2023-11-09T20:41:31.7806055Z ##[group]Setting up auth
2023-11-09T20:41:31.7815328Z [command]/usr/bin/git config --local --name-only --get-regexp core\.sshCommand
2023-11-09T20:41:31.7850387Z [command]/usr/bin/git submodule foreach --recursive sh -c "git config --local --name-only --get-regexp 'core\.sshCommand' && git config --local --unset-all 'core.sshCommand' || :"
2023-11-09T20:41:31.8175825Z [command]/usr/bin/git config --local --name-only --get-regexp http\.https\:\/\/github\.com\/\.extraheader
2023-11-09T20:41:31.8204370Z [command]/usr/bin/git submodule foreach --recursive sh -c "git config --local --name-only --get-regexp 'http\.https\:\/\/github\.com\/\.extraheader' && git config --local --unset-all 'http.https://github.com/.extraheader' || :"
2023-11-09T20:41:31.8443291Z [command]/usr/bin/git config --local http.https://github.com/.extraheader AUTHORIZATION: basic ***
2023-11-09T20:41:31.8489771Z ##[endgroup]
2023-11-09T20:41:31.8490785Z ##[group]Fetching the repository
2023-11-09T20:41:31.8493440Z [command]/usr/bin/git -c protocol.version=2 fetch --prune --no-recurse-submodules origin +refs/heads/*:refs/remotes/origin/* +refs/tags/*:refs/tags/*
2023-11-09T20:41:32.2490696Z From https://github.com/con/tinuous
2023-11-09T20:41:32.2528077Z  * [new branch]      gh-55           -> origin/gh-55
2023-11-09T20:41:32.2598283Z  * [new branch]      headers         -> origin/headers
2023-11-09T20:41:32.2598979Z  * [new branch]      master          -> origin/master
2023-11-09T20:41:32.2599635Z  * [new branch]      mypy-import     -> origin/mypy-import
2023-11-09T20:41:32.2600328Z  * [new branch]      no-extra-search -> origin/no-extra-search
2023-11-09T20:41:32.2642924Z  * [new branch]      pragmata        -> origin/pragmata
2023-11-09T20:41:32.2644881Z  * [new branch]      test-appveyor   -> origin/test-appveyor
2023-11-09T20:41:32.2646561Z  * [new tag]         0.1.0           -> 0.1.0
2023-11-09T20:41:32.2647951Z  * [new tag]         0.2.0           -> 0.2.0
2023-11-09T20:41:32.2649349Z  * [new tag]         0.3.0           -> 0.3.0
2023-11-09T20:41:32.2650795Z  * [new tag]         0.4.0           -> 0.4.0
2023-11-09T20:41:32.2652725Z  * [new tag]         0.5.0           -> 0.5.0
2023-11-09T20:41:32.2654401Z  * [new tag]         0.5.1           -> 0.5.1
2023-11-09T20:41:32.2656195Z  * [new tag]         0.5.2           -> 0.5.2
2023-11-09T20:41:32.2657945Z  * [new tag]         0.5.3           -> 0.5.3
2023-11-09T20:41:32.2659709Z  * [new tag]         0.5.4           -> 0.5.4
2023-11-09T20:41:32.2661488Z  * [new tag]         0.6.0           -> 0.6.0
2023-11-09T20:41:32.2663205Z  * [new tag]         0.6.1           -> 0.6.1
2023-11-09T20:41:32.2668814Z [command]/usr/bin/git branch --list --remote origin/master
2023-11-09T20:41:32.2670414Z   origin/master
2023-11-09T20:41:32.2676506Z [command]/usr/bin/git rev-parse refs/remotes/origin/master
2023-11-09T20:41:32.2678100Z aeda782913e9deaac662a2eedf953a7aa0bc2bd3
2023-11-09T20:41:32.2684190Z ##[endgroup]
2023-11-09T20:41:32.2686025Z ##[group]Determining the checkout info
2023-11-09T20:41:32.2687646Z ##[endgroup]
2023-11-09T20:41:32.2688984Z ##[group]Checking out the ref
2023-11-09T20:41:32.2690203Z [command]/usr/bin/git checkout --progress --force -B master refs/remotes/origin/master
2023-11-09T20:41:32.2691970Z Reset branch 'master'
2023-11-09T20:41:32.2692562Z branch 'master' set up to track 'origin/master'.
2023-11-09T20:41:32.2695027Z ##[endgroup]
2023-11-09T20:41:32.2708970Z [command]/usr/bin/git log -1 --format='%H'
2023-11-09T20:41:32.2742442Z 'aeda782913e9deaac662a2eedf953a7aa0bc2bd3'
2023-11-09T20:41:32.3235101Z ##[group]Run actions/setup-python@v4
2023-11-09T20:41:32.3235539Z with:
2023-11-09T20:41:32.3235806Z   python-version: 3.8
2023-11-09T20:41:32.3236147Z   check-latest: false
2023-11-09T20:41:32.3236673Z   token: ***
2023-11-09T20:41:32.3236982Z   update-environment: true
2023-11-09T20:41:32.3237339Z   allow-prereleases: false
2023-11-09T20:41:32.3237681Z ##[endgroup]
2023-11-09T20:41:32.5765743Z ##[group]Installed versions
2023-11-09T20:41:32.5875287Z Successfully set up CPython (3.8.18)
2023-11-09T20:41:32.5880013Z ##[endgroup]
2023-11-09T20:41:32.6033608Z ##[group]Run python -m pip install --upgrade pip wheel
2023-11-09T20:41:32.6034331Z [36;1mpython -m pip install --upgrade pip wheel[0m
2023-11-09T20:41:32.6035019Z [36;1mpython -m pip install --upgrade --upgrade-strategy=eager tox[0m
2023-11-09T20:41:32.6093087Z shell: /usr/bin/bash -e {0}
2023-11-09T20:41:32.6093487Z env:
2023-11-09T20:41:32.6093880Z   pythonLocation: /opt/hostedtoolcache/Python/3.8.18/x64
2023-11-09T20:41:32.6094745Z   PKG_CONFIG_PATH: /opt/hostedtoolcache/Python/3.8.18/x64/lib/pkgconfig
2023-11-09T20:41:32.6095445Z   Python_ROOT_DIR: /opt/hostedtoolcache/Python/3.8.18/x64
2023-11-09T20:41:32.6096051Z   Python2_ROOT_DIR: /opt/hostedtoolcache/Python/3.8.18/x64
2023-11-09T20:41:32.6096656Z   Python3_ROOT_DIR: /opt/hostedtoolcache/Python/3.8.18/x64
2023-11-09T20:41:32.6097277Z   LD_LIBRARY_PATH: /opt/hostedtoolcache/Python/3.8.18/x64/lib
2023-11-09T20:41:32.6097809Z ##[endgroup]
2023-11-09T20:41:33.3045892Z Requirement already satisfied: pip in /opt/hostedtoolcache/Python/3.8.18/x64/lib/python3.8/site-packages (23.0.1)
2023-11-09T20:41:33.4908533Z Collecting pip
2023-11-09T20:41:33.5911542Z   Downloading pip-23.3.1-py3-none-any.whl.metadata (3.5 kB)
2023-11-09T20:41:33.6452650Z Collecting wheel
2023-11-09T20:41:33.6539219Z   Downloading wheel-0.41.3-py3-none-any.whl.metadata (2.2 kB)
2023-11-09T20:41:33.6693835Z Downloading pip-23.3.1-py3-none-any.whl (2.1 MB)
2023-11-09T20:41:33.8461183Z    â”â”â”â”â”â”â”â”â”â”â”â”â”â”â”â”â”â”â”â”â”â”â”â”â”â”â”â”â”â”â”â”â”â”â”â”â”â”â”â” 2.1/2.1 MB 12.5 MB/s eta 0:00:00
2023-11-09T20:41:33.8548973Z Downloading wheel-0.41.3-py3-none-any.whl (65 kB)
2023-11-09T20:41:33.8613432Z    â”â”â”â”â”â”â”â”â”â”â”â”â”â”â”â”â”â”â”â”â”â”â”â”â”â”â”â”â”â”â”â”â”â”â”â”â”â”â”â” 65.8/65.8 kB 16.1 MB/s eta 0:00:00
2023-11-09T20:41:33.9146550Z Installing collected packages: wheel, pip
2023-11-09T20:41:33.9623319Z   Attempting uninstall: pip
2023-11-09T20:41:33.9630270Z     Found existing installation: pip 23.0.1
2023-11-09T20:41:34.0133393Z     Uninstalling pip-23.0.1:
2023-11-09T20:41:34.0601490Z       Successfully uninstalled pip-23.0.1
2023-11-09T20:41:35.1813554Z Successfully installed pip-23.3.1 wheel-0.41.3
2023-11-09T20:41:36.1804182Z Collecting tox
2023-11-09T20:41:36.2780030Z   Downloading tox-4.11.3-py3-none-any.whl.metadata (5.0 kB)
2023-11-09T20:41:36.3495564Z Collecting cachetools>=5.3.1 (from tox)
2023-11-09T20:41:36.3578292Z   Downloading cachetools-5.3.2-py3-none-any.whl.metadata (5.2 kB)
2023-11-09T20:41:36.3827731Z Collecting chardet>=5.2 (from tox)
2023-11-09T20:41:36.3912234Z   Downloading chardet-5.2.0-py3-none-any.whl.metadata (3.4 kB)
2023-11-09T20:41:36.4249031Z Collecting colorama>=0.4.6 (from tox)
2023-11-09T20:41:36.4330969Z   Downloading colorama-0.4.6-py2.py3-none-any.whl (25 kB)
2023-11-09T20:41:36.4794745Z Collecting filelock>=3.12.3 (from tox)
2023-11-09T20:41:36.4881733Z   Downloading filelock-3.13.1-py3-none-any.whl.metadata (2.8 kB)
2023-11-09T20:41:36.5263370Z Collecting packaging>=23.1 (from tox)
2023-11-09T20:41:36.5343936Z   Downloading packaging-23.2-py3-none-any.whl.metadata (3.2 kB)
2023-11-09T20:41:36.5696500Z Collecting platformdirs>=3.10 (from tox)
2023-11-09T20:41:36.5777832Z   Downloading platformdirs-3.11.0-py3-none-any.whl.metadata (11 kB)
2023-11-09T20:41:36.6084282Z Collecting pluggy>=1.3 (from tox)
2023-11-09T20:41:36.6186798Z   Downloading pluggy-1.3.0-py3-none-any.whl.metadata (4.3 kB)
2023-11-09T20:41:36.6447890Z Collecting pyproject-api>=1.6.1 (from tox)
2023-11-09T20:41:36.6528390Z   Downloading pyproject_api-1.6.1-py3-none-any.whl.metadata (2.8 kB)
2023-11-09T20:41:36.6811046Z Collecting tomli>=2.0.1 (from tox)
2023-11-09T20:41:36.6891351Z   Downloading tomli-2.0.1-py3-none-any.whl (12 kB)
2023-11-09T20:41:36.8082165Z Collecting virtualenv>=20.24.3 (from tox)
2023-11-09T20:41:36.8165898Z   Downloading virtualenv-20.24.6-py3-none-any.whl.metadata (4.5 kB)
2023-11-09T20:41:36.9174828Z Collecting distlib<1,>=0.3.7 (from virtualenv>=20.24.3->tox)
2023-11-09T20:41:36.9256604Z   Downloading distlib-0.3.7-py2.py3-none-any.whl.metadata (5.1 kB)
2023-11-09T20:41:36.9529823Z Downloading tox-4.11.3-py3-none-any.whl (153 kB)
2023-11-09T20:41:36.9743807Z    â”â”â”â”â”â”â”â”â”â”â”â”â”â”â”â”â”â”â”â”â”â”â”â”â”â”â”â”â”â”â”â”â”â”â”â”â”â”â”â” 153.8/153.8 kB 7.9 MB/s eta 0:00:00
2023-11-09T20:41:36.9826142Z Downloading cachetools-5.3.2-py3-none-any.whl (9.3 kB)
2023-11-09T20:41:36.9936349Z Downloading chardet-5.2.0-py3-none-any.whl (199 kB)
2023-11-09T20:41:37.0149896Z    â”â”â”â”â”â”â”â”â”â”â”â”â”â”â”â”â”â”â”â”â”â”â”â”â”â”â”â”â”â”â”â”â”â”â”â”â”â”â”â” 199.4/199.4 kB 10.1 MB/s eta 0:00:00
2023-11-09T20:41:37.0235107Z Downloading filelock-3.13.1-py3-none-any.whl (11 kB)
2023-11-09T20:41:37.0340134Z Downloading packaging-23.2-py3-none-any.whl (53 kB)
2023-11-09T20:41:37.0402634Z    â”â”â”â”â”â”â”â”â”â”â”â”â”â”â”â”â”â”â”â”â”â”â”â”â”â”â”â”â”â”â”â”â”â”â”â”â”â”â”â” 53.0/53.0 kB 12.9 MB/s eta 0:00:00
2023-11-09T20:41:37.0485502Z Downloading platformdirs-3.11.0-py3-none-any.whl (17 kB)
2023-11-09T20:41:37.0588536Z Downloading pluggy-1.3.0-py3-none-any.whl (18 kB)
2023-11-09T20:41:37.0692683Z Downloading pyproject_api-1.6.1-py3-none-any.whl (12 kB)
2023-11-09T20:41:37.0805916Z Downloading virtualenv-20.24.6-py3-none-any.whl (3.8 MB)
2023-11-09T20:41:37.2521783Z    â”â”â”â”â”â”â”â”â”â”â”â”â”â”â”â”â”â”â”â”â”â”â”â”â”â”â”â”â”â”â”â”â”â”â”â”â”â”â”â” 3.8/3.8 MB 22.3 MB/s eta 0:00:00
2023-11-09T20:41:37.2612684Z Downloading distlib-0.3.7-py2.py3-none-any.whl (468 kB)
2023-11-09T20:41:37.2757061Z    â”â”â”â”â”â”â”â”â”â”â”â”â”â”â”â”â”â”â”â”â”â”â”â”â”â”â”â”â”â”â”â”â”â”â”â”â”â”â”â” 468.9/468.9 kB 40.8 MB/s eta 0:00:00
2023-11-09T20:41:37.4449639Z Installing collected packages: distlib, tomli, pluggy, platformdirs, packaging, filelock, colorama, chardet, cachetools, virtualenv, pyproject-api, tox
2023-11-09T20:41:38.0814372Z Successfully installed cachetools-5.3.2 chardet-5.2.0 colorama-0.4.6 distlib-0.3.7 filelock-3.13.1 packaging-23.2 platformdirs-3.11.0 pluggy-1.3.0 pyproject-api-1.6.1 tomli-2.0.1 tox-4.11.3 virtualenv-20.24.6
2023-11-09T20:41:38.2145133Z ##[group]Run tox -e py -- --cov-report=xml
2023-11-09T20:41:38.2145638Z [36;1mtox -e py -- --cov-report=xml[0m
2023-11-09T20:41:38.2183144Z shell: /usr/bin/bash -e {0}
2023-11-09T20:41:38.2183533Z env:
2023-11-09T20:41:38.2183905Z   pythonLocation: /opt/hostedtoolcache/Python/3.8.18/x64
2023-11-09T20:41:38.2184606Z   PKG_CONFIG_PATH: /opt/hostedtoolcache/Python/3.8.18/x64/lib/pkgconfig
2023-11-09T20:41:38.2185297Z   Python_ROOT_DIR: /opt/hostedtoolcache/Python/3.8.18/x64
2023-11-09T20:41:38.2185901Z   Python2_ROOT_DIR: /opt/hostedtoolcache/Python/3.8.18/x64
2023-11-09T20:41:38.2186491Z   Python3_ROOT_DIR: /opt/hostedtoolcache/Python/3.8.18/x64
2023-11-09T20:41:38.2187114Z   LD_LIBRARY_PATH: /opt/hostedtoolcache/Python/3.8.18/x64/lib
2023-11-09T20:41:38.2187799Z ##[endgroup]
2023-11-09T20:41:39.0877604Z py: install_deps> python -I -m pip install pytest pytest-cov pytest-mock
2023-11-09T20:41:41.9913415Z .pkg: install_requires> python -I -m pip install 'setuptools>=46.4.0' versioningit
2023-11-09T20:41:43.8780767Z .pkg: _optional_hooks> python /opt/hostedtoolcache/Python/3.8.18/x64/lib/python3.8/site-packages/pyproject_api/_backend.py True setuptools.build_meta
2023-11-09T20:41:44.1356185Z .pkg: get_requires_for_build_sdist> python /opt/hostedtoolcache/Python/3.8.18/x64/lib/python3.8/site-packages/pyproject_api/_backend.py True setuptools.build_meta
2023-11-09T20:41:44.2593670Z .pkg: get_requires_for_build_wheel> python /opt/hostedtoolcache/Python/3.8.18/x64/lib/python3.8/site-packages/pyproject_api/_backend.py True setuptools.build_meta
2023-11-09T20:41:44.3278983Z .pkg: install_requires_for_build_wheel> python -I -m pip install wheel
2023-11-09T20:41:44.9435784Z .pkg: freeze> python -m pip freeze --all
2023-11-09T20:41:45.3095259Z .pkg: importlib-metadata==6.8.0,packaging==23.2,pip==23.3.1,setuptools==68.2.2,tomli==2.0.1,versioningit==2.2.1,wheel==0.41.2,zipp==3.17.0
2023-11-09T20:41:45.3101523Z .pkg: prepare_metadata_for_build_wheel> python /opt/hostedtoolcache/Python/3.8.18/x64/lib/python3.8/site-packages/pyproject_api/_backend.py True setuptools.build_meta
2023-11-09T20:41:45.6263980Z .pkg: build_sdist> python /opt/hostedtoolcache/Python/3.8.18/x64/lib/python3.8/site-packages/pyproject_api/_backend.py True setuptools.build_meta
2023-11-09T20:41:45.7183776Z py: install_package_deps> python -I -m pip install 'PyYAML>=5.0' 'click-loglevel~=0.2' 'click>=7.0' 'ghtoken~=0.1' 'in-place~=1.0' 'pydantic~=2.0' 'python-dateutil~=2.7' 'python-dotenv<2.0,>=0.11' 'requests~=2.20' 'typing-extensions; python_version < "3.9"'
2023-11-09T20:41:49.9765742Z py: install_package> python -I -m pip install --force-reinstall --no-deps /home/runner/work/tinuous/tinuous/.tox/.tmp/package/1/tinuous-0.6.1.post62+gaeda782.tar.gz
2023-11-09T20:41:54.4210035Z py: freeze> python -m pip freeze --all
2023-11-09T20:41:54.8058793Z py: annotated-types==0.6.0,certifi==2023.7.22,charset-normalizer==3.3.2,click==8.1.7,click-loglevel==0.5.0,coverage==7.3.2,exceptiongroup==1.1.3,ghtoken==0.1.0,idna==3.4,in-place==1.0.0,iniconfig==2.0.0,packaging==23.2,pip==23.3.1,pluggy==1.3.0,pydantic==2.4.2,pydantic_core==2.10.1,pytest==7.4.3,pytest-cov==4.1.0,pytest-mock==3.12.0,python-dateutil==2.8.2,python-dotenv==1.0.0,PyYAML==6.0.1,requests==2.31.0,ruamel.yaml==0.18.5,ruamel.yaml.clib==0.2.8,setuptools==68.2.2,six==1.16.0,tinuous @ file:///home/runner/work/tinuous/tinuous/.tox/.tmp/package/1/tinuous-0.6.1.post62%2Bgaeda782.tar.gz#sha256=58e6a12d079098d2ced8c7873d8db68ca19bcca407f32104ad5cfb7cd817cac7,tomli==2.0.1,typing_extensions==4.8.0,urllib3==2.0.7,wheel==0.41.2
2023-11-09T20:41:54.8063557Z py: commands[0]> tinuous --help
2023-11-09T20:41:55.2012552Z Usage: tinuous [OPTIONS] COMMAND [ARGS]...
2023-11-09T20:41:55.2012983Z 
2023-11-09T20:41:55.2013322Z   Download build logs from GitHub Actions, Travis, Appveyor, and CircleCI
2023-11-09T20:41:55.2013820Z 
2023-11-09T20:41:55.2013932Z Options:
2023-11-09T20:41:55.2014533Z   -V, --version                   Show the version and exit.
2023-11-09T20:41:55.2015600Z   -c, --config FILE               Read configuration from the given file
2023-11-09T20:41:55.2016241Z                                   [default: tinuous.yaml]
2023-11-09T20:41:55.2016922Z   -E, --env FILE                  Load environment variables from given .env
2023-11-09T20:41:55.2017504Z                                   file
2023-11-09T20:41:55.2018077Z   -l, --log-level [NOTSET|DEBUG|INFO|WARNING|ERROR|CRITICAL]
2023-11-09T20:41:55.2018670Z                                   Set logging level  [default: INFO]
2023-11-09T20:41:55.2019300Z   --help                          Show this message and exit.
2023-11-09T20:41:55.2019678Z 
2023-11-09T20:41:55.2019781Z Commands:
2023-11-09T20:41:55.2020061Z   fetch         Download logs
2023-11-09T20:41:55.2020562Z   fetch-commit  Download logs for a specific commit
2023-11-09T20:41:55.2021081Z   sanitize      Sanitize secrets in logs
2023-11-09T20:41:55.2375862Z py: commands[1]> pytest --cov-report=xml test
2023-11-09T20:41:57.0443257Z ============================= test session starts ==============================
2023-11-09T20:41:57.0444761Z platform linux -- Python 3.8.18, pytest-7.4.3, pluggy-1.3.0
2023-11-09T20:41:57.0445368Z cachedir: .tox/py/.pytest_cache
2023-11-09T20:41:57.0446070Z rootdir: /home/runner/work/tinuous/tinuous
2023-11-09T20:41:57.0446499Z configfile: tox.ini
2023-11-09T20:41:57.0446886Z plugins: mock-3.12.0, cov-4.1.0
2023-11-09T20:41:57.0447255Z collected 64 items
2023-11-09T20:41:57.0447451Z 
2023-11-09T20:41:57.0598281Z test/test_base.py .........                                              [ 14%]
2023-11-09T20:41:57.0722456Z test/test_config.py ........                                             [ 26%]
2023-11-09T20:41:57.0959872Z test/test_state.py ........                                              [ 39%]
2023-11-09T20:41:57.4067692Z test/test_util.py .......................................                [100%]
2023-11-09T20:41:57.4068215Z 
2023-11-09T20:41:57.4068733Z ---------- coverage: platform linux, python 3.8.18-final-0 -----------
2023-11-09T20:41:57.4069366Z Coverage XML written to file coverage.xml
2023-11-09T20:41:57.4069698Z 
2023-11-09T20:41:57.4069706Z 
2023-11-09T20:41:57.4069926Z ============================== 64 passed in 0.99s ==============================
2023-11-09T20:41:57.4671238Z .pkg: _exit> python /opt/hostedtoolcache/Python/3.8.18/x64/lib/python3.8/site-packages/pyproject_api/_backend.py True setuptools.build_meta
2023-11-09T20:41:57.4941080Z   py: OK (18.70=setup[16.05]+cmd[0.43,2.23] seconds)
2023-11-09T20:41:57.4941920Z   congratulations :) (18.91 seconds)
2023-11-09T20:41:57.5356376Z ##[group]Run codecov/codecov-action@v3
2023-11-09T20:41:57.5356973Z with:
2023-11-09T20:41:57.5357304Z   fail_ci_if_error: false
2023-11-09T20:41:57.5357744Z env:
2023-11-09T20:41:57.5358303Z   pythonLocation: /opt/hostedtoolcache/Python/3.8.18/x64
2023-11-09T20:41:57.5359076Z   PKG_CONFIG_PATH: /opt/hostedtoolcache/Python/3.8.18/x64/lib/pkgconfig
2023-11-09T20:41:57.5359875Z   Python_ROOT_DIR: /opt/hostedtoolcache/Python/3.8.18/x64
2023-11-09T20:41:57.5360658Z   Python2_ROOT_DIR: /opt/hostedtoolcache/Python/3.8.18/x64
2023-11-09T20:41:57.5361330Z   Python3_ROOT_DIR: /opt/hostedtoolcache/Python/3.8.18/x64
2023-11-09T20:41:57.5362083Z   LD_LIBRARY_PATH: /opt/hostedtoolcache/Python/3.8.18/x64/lib
2023-11-09T20:41:57.5362753Z ##[endgroup]
2023-11-09T20:41:57.6974459Z ==> linux OS detected
2023-11-09T20:41:58.2938407Z https://uploader.codecov.io/latest/linux/codecov.SHA256SUM
2023-11-09T20:41:58.3977668Z ==> SHASUM file signed by key id 806bb28aed779869
2023-11-09T20:41:58.6324497Z ==> Uploader SHASUM verified (b9282b8b43eef83f722646d8992c4dd36563046afe0806722184e7e9923a6d7b  codecov)
2023-11-09T20:41:58.6325479Z ==> Running version latest
2023-11-09T20:41:58.7210950Z ==> Running version v0.7.1
2023-11-09T20:41:58.7232623Z [command]/home/runner/work/_actions/codecov/codecov-action/v3/dist/codecov -n  -Q github-action-3.1.4
2023-11-09T20:41:58.9665646Z [2023-11-09T20:41:58.964Z] ['info'] 
2023-11-09T20:41:58.9666412Z      _____          _
2023-11-09T20:41:58.9667585Z     / ____|        | |
2023-11-09T20:41:58.9668045Z    | |     ___   __| | ___  ___ _____   __
2023-11-09T20:41:58.9668519Z    | |    / _ \ / _` |/ _ \/ __/ _ \ \ / /
2023-11-09T20:41:58.9668990Z    | |___| (_) | (_| |  __/ (_| (_) \ V /
2023-11-09T20:41:58.9669434Z     \_____\___/ \__,_|\___|\___\___/ \_/
2023-11-09T20:41:58.9669730Z 
2023-11-09T20:41:58.9669891Z   Codecov report uploader 0.7.1
2023-11-09T20:41:58.9736679Z [2023-11-09T20:41:58.973Z] ['info'] => Project root located at: /home/runner/work/tinuous/tinuous
2023-11-09T20:41:58.9767389Z [2023-11-09T20:41:58.976Z] ['info'] -> No token specified or token is empty
2023-11-09T20:41:58.9846514Z [2023-11-09T20:41:58.984Z] ['info'] Searching for coverage files...
2023-11-09T20:41:59.0502337Z [2023-11-09T20:41:59.049Z] ['info'] Warning: Some files located via search were excluded from upload.
2023-11-09T20:41:59.0504210Z [2023-11-09T20:41:59.049Z] ['info'] If Codecov did not locate your files, please review https://docs.codecov.com/docs/supported-report-formats
2023-11-09T20:41:59.0508908Z [2023-11-09T20:41:59.050Z] ['info'] => Found 1 possible coverage files:
2023-11-09T20:41:59.0509700Z   coverage.xml
2023-11-09T20:41:59.0513238Z [2023-11-09T20:41:59.051Z] ['info'] Processing /home/runner/work/tinuous/tinuous/coverage.xml...
2023-11-09T20:41:59.0572031Z [2023-11-09T20:41:59.054Z] ['info'] Detected GitHub Actions as the CI provider.
2023-11-09T20:41:59.1440098Z [2023-11-09T20:41:59.143Z] ['info'] Pinging Codecov: https://codecov.io/upload/v4?package=github-action-3.1.4-uploader-0.7.1&token=*******&branch=master&build=6817201533&build_url=https%3A%2F%2Fgithub.com%2Fcon%2Ftinuous%2Factions%2Fruns%2F6817201533&commit=aeda782913e9deaac662a2eedf953a7aa0bc2bd3&job=Test&pr=&service=github-actions&slug=con%2Ftinuous&name=&tag=&flags=&parent=
2023-11-09T20:41:59.4736186Z [2023-11-09T20:41:59.473Z] ['info'] https://app.codecov.io/github/con/tinuous/commit/aeda782913e9deaac662a2eedf953a7aa0bc2bd3
2023-11-09T20:41:59.4740116Z https://storage.googleapis.com/codecov/v4/raw/2023-11-09/0010CBA6D851417C00BB0BC3FC5895F9/aeda782913e9deaac662a2eedf953a7aa0bc2bd3/5cdd80a5-e593-40d6-952a-f9f02269693b.txt?X-Amz-Algorithm=AWS4-HMAC-SHA256&X-Amz-Credential=GOOG1EJOGFN2JQ4OCTGA2MU5AEIT7OT5Z7HTFOAN2SPG4NWSN2UJYOY5U6LZQ%2F20231109%2FUS%2Fs3%2Faws4_request&X-Amz-Date=20231109T204159Z&X-Amz-Expires=10&X-Amz-SignedHeaders=host&X-Amz-Signature=fa4fc1a48485c2a280b576e6e437438fbb1610ea7af69f5a8f1383ef67691f0c
2023-11-09T20:41:59.4743253Z [2023-11-09T20:41:59.473Z] ['info'] Uploading...
2023-11-09T20:41:59.6470967Z [2023-11-09T20:41:59.646Z] ['info'] {"status":"processing","resultURL":"https://app.codecov.io/github/con/tinuous/commit/aeda782913e9deaac662a2eedf953a7aa0bc2bd3"}
2023-11-09T20:41:59.6786987Z Post job cleanup.
2023-11-09T20:41:59.8447871Z Post job cleanup.
2023-11-09T20:41:59.9389455Z [command]/usr/bin/git version
2023-11-09T20:41:59.9434788Z git version 2.42.0
2023-11-09T20:41:59.9485718Z Temporarily overriding HOME='/home/runner/work/_temp/10deab10-4935-43ba-8190-35a192f830ac' before making global git config changes
2023-11-09T20:41:59.9487018Z Adding repository directory to the temporary git global config as a safe directory
2023-11-09T20:41:59.9493026Z [command]/usr/bin/git config --global --add safe.directory /home/runner/work/tinuous/tinuous
2023-11-09T20:41:59.9548801Z [command]/usr/bin/git config --local --name-only --get-regexp core\.sshCommand
2023-11-09T20:41:59.9572352Z [command]/usr/bin/git submodule foreach --recursive sh -c "git config --local --name-only --get-regexp 'core\.sshCommand' && git config --local --unset-all 'core.sshCommand' || :"
2023-11-09T20:41:59.9847066Z [command]/usr/bin/git config --local --name-only --get-regexp http\.https\:\/\/github\.com\/\.extraheader
2023-11-09T20:41:59.9864813Z http.https://github.com/.extraheader
2023-11-09T20:41:59.9880433Z [command]/usr/bin/git config --local --unset-all http.https://github.com/.extraheader
2023-11-09T20:41:59.9913855Z [command]/usr/bin/git submodule foreach --recursive sh -c "git config --local --name-only --get-regexp 'http\.https\:\/\/github\.com\/\.extraheader' && git config --local --unset-all 'http.https://github.com/.extraheader' || :"
2023-11-09T20:42:00.0448685Z Cleaning up orphan processes
