2023-05-16T17:57:27.7164982Z Requested labels: ubuntu-latest
2023-05-16T17:57:27.7165338Z Job defined at: con/tinuous/.github/workflows/test.yml@refs/heads/master
2023-05-16T17:57:27.7165495Z Waiting for a runner to pick up this job...
2023-05-16T17:57:30.1367745Z Job is waiting for a hosted runner to come online.
2023-05-16T17:57:31.3652878Z Job is about to start running on the hosted runner: GitHub Actions 5 (hosted)
2023-05-16T17:57:33.6625276Z Current runner version: '2.304.0'
2023-05-16T17:57:33.6656933Z ##[group]Operating System
2023-05-16T17:57:33.6657566Z Ubuntu
2023-05-16T17:57:33.6657943Z 22.04.2
2023-05-16T17:57:33.6658281Z LTS
2023-05-16T17:57:33.6658586Z ##[endgroup]
2023-05-16T17:57:33.6659096Z ##[group]Runner Image
2023-05-16T17:57:33.6659537Z Image: ubuntu-22.04
2023-05-16T17:57:33.6659869Z Version: 20230507.1
2023-05-16T17:57:33.6660458Z Included Software: https://github.com/actions/runner-images/blob/ubuntu22/20230507.1/images/linux/Ubuntu2204-Readme.md
2023-05-16T17:57:33.6661253Z Image Release: https://github.com/actions/runner-images/releases/tag/ubuntu22%2F20230507.1
2023-05-16T17:57:33.6661775Z ##[endgroup]
2023-05-16T17:57:33.6662132Z ##[group]Runner Image Provisioner
2023-05-16T17:57:33.6662547Z 2.0.171.1
2023-05-16T17:57:33.6662912Z ##[endgroup]
2023-05-16T17:57:33.6664040Z ##[group]GITHUB_TOKEN Permissions
2023-05-16T17:57:33.6664857Z Actions: write
2023-05-16T17:57:33.6665250Z Checks: write
2023-05-16T17:57:33.6665902Z Contents: write
2023-05-16T17:57:33.6666442Z Deployments: write
2023-05-16T17:57:33.6666844Z Discussions: write
2023-05-16T17:57:33.6667201Z Issues: write
2023-05-16T17:57:33.6667661Z Metadata: read
2023-05-16T17:57:33.6668039Z Packages: write
2023-05-16T17:57:33.6668355Z Pages: write
2023-05-16T17:57:33.6668729Z PullRequests: write
2023-05-16T17:57:33.6669205Z RepositoryProjects: write
2023-05-16T17:57:33.6669615Z SecurityEvents: write
2023-05-16T17:57:33.6669999Z Statuses: write
2023-05-16T17:57:33.6670384Z ##[endgroup]
2023-05-16T17:57:33.6674343Z Secret source: Actions
2023-05-16T17:57:33.6675076Z Prepare workflow directory
2023-05-16T17:57:33.7570257Z Prepare all required actions
2023-05-16T17:57:33.7789395Z Getting action download info
2023-05-16T17:57:34.0904855Z Download action repository 'actions/checkout@v3' (SHA:8e5e7e5ab8b370d6c329ec480221332ada57f0ab)
2023-05-16T17:57:34.7484876Z Download action repository 'actions/setup-python@v4' (SHA:57ded4d7d5e986d7296eab16560982c6dd7c923b)
2023-05-16T17:57:35.3078187Z Download action repository 'codecov/codecov-action@v3' (SHA:eaaf4bedf32dbdc6b720b63067d99c4d77d6047d)
2023-05-16T17:57:36.0011319Z Complete job name: test (3.8, py)
2023-05-16T17:57:36.1083095Z ##[group]Run actions/checkout@v3
2023-05-16T17:57:36.1083411Z with:
2023-05-16T17:57:36.1083605Z   fetch-depth: 0
2023-05-16T17:57:36.1083828Z   repository: con/tinuous
2023-05-16T17:57:36.1084231Z   token: ***
2023-05-16T17:57:36.1084427Z   ssh-strict: true
2023-05-16T17:57:36.1084655Z   persist-credentials: true
2023-05-16T17:57:36.1084879Z   clean: true
2023-05-16T17:57:36.1085056Z   lfs: false
2023-05-16T17:57:36.1085253Z   submodules: false
2023-05-16T17:57:36.1085476Z   set-safe-directory: true
2023-05-16T17:57:36.1085689Z ##[endgroup]
2023-05-16T17:57:36.4133623Z Syncing repository: con/tinuous
2023-05-16T17:57:36.4135371Z ##[group]Getting Git version info
2023-05-16T17:57:36.4135871Z Working directory is '/home/runner/work/tinuous/tinuous'
2023-05-16T17:57:36.4136437Z [command]/usr/bin/git version
2023-05-16T17:57:36.4256146Z git version 2.40.1
2023-05-16T17:57:36.4292174Z ##[endgroup]
2023-05-16T17:57:36.4309191Z Temporarily overriding HOME='/home/runner/work/_temp/528d70c6-d063-4319-863f-1541762f6d37' before making global git config changes
2023-05-16T17:57:36.4358156Z Adding repository directory to the temporary git global config as a safe directory
2023-05-16T17:57:36.4366716Z [command]/usr/bin/git config --global --add safe.directory /home/runner/work/tinuous/tinuous
2023-05-16T17:57:36.4377549Z Deleting the contents of '/home/runner/work/tinuous/tinuous'
2023-05-16T17:57:36.4384653Z ##[group]Initializing the repository
2023-05-16T17:57:36.4388578Z [command]/usr/bin/git init /home/runner/work/tinuous/tinuous
2023-05-16T17:57:36.4475347Z hint: Using 'master' as the name for the initial branch. This default branch name
2023-05-16T17:57:36.4476685Z hint: is subject to change. To configure the initial branch name to use in all
2023-05-16T17:57:36.4478779Z hint: of your new repositories, which will suppress this warning, call:
2023-05-16T17:57:36.4479900Z hint: 
2023-05-16T17:57:36.4481942Z hint: 	git config --global init.defaultBranch <name>
2023-05-16T17:57:36.4482232Z hint: 
2023-05-16T17:57:36.4482628Z hint: Names commonly chosen instead of 'master' are 'main', 'trunk' and
2023-05-16T17:57:36.4483081Z hint: 'development'. The just-created branch can be renamed via this command:
2023-05-16T17:57:36.4483362Z hint: 
2023-05-16T17:57:36.4484038Z hint: 	git branch -m <name>
2023-05-16T17:57:36.4499875Z Initialized empty Git repository in /home/runner/work/tinuous/tinuous/.git/
2023-05-16T17:57:36.4512202Z [command]/usr/bin/git remote add origin https://github.com/con/tinuous
2023-05-16T17:57:36.4562559Z ##[endgroup]
2023-05-16T17:57:36.4563532Z ##[group]Disabling automatic garbage collection
2023-05-16T17:57:36.4568851Z [command]/usr/bin/git config --local gc.auto 0
2023-05-16T17:57:36.4602095Z ##[endgroup]
2023-05-16T17:57:36.4602962Z ##[group]Setting up auth
2023-05-16T17:57:36.4612391Z [command]/usr/bin/git config --local --name-only --get-regexp core\.sshCommand
2023-05-16T17:57:36.4646490Z [command]/usr/bin/git submodule foreach --recursive sh -c "git config --local --name-only --get-regexp 'core\.sshCommand' && git config --local --unset-all 'core.sshCommand' || :"
2023-05-16T17:57:36.5065726Z [command]/usr/bin/git config --local --name-only --get-regexp http\.https\:\/\/github\.com\/\.extraheader
2023-05-16T17:57:36.5103209Z [command]/usr/bin/git submodule foreach --recursive sh -c "git config --local --name-only --get-regexp 'http\.https\:\/\/github\.com\/\.extraheader' && git config --local --unset-all 'http.https://github.com/.extraheader' || :"
2023-05-16T17:57:36.5338498Z [command]/usr/bin/git config --local http.https://github.com/.extraheader AUTHORIZATION: basic ***
2023-05-16T17:57:36.5381549Z ##[endgroup]
2023-05-16T17:57:36.5382900Z ##[group]Fetching the repository
2023-05-16T17:57:36.5394121Z [command]/usr/bin/git -c protocol.version=2 fetch --prune --progress --no-recurse-submodules origin +refs/heads/*:refs/remotes/origin/* +refs/tags/*:refs/tags/*
2023-05-16T17:57:36.9462698Z remote: Enumerating objects: 1218, done.        
2023-05-16T17:57:36.9476189Z remote: Counting objects:   0% (1/440)        
2023-05-16T17:57:36.9477281Z remote: Counting objects:   1% (5/440)        
2023-05-16T17:57:36.9478118Z remote: Counting objects:   2% (9/440)        
2023-05-16T17:57:36.9478844Z remote: Counting objects:   3% (14/440)        
2023-05-16T17:57:36.9479937Z remote: Counting objects:   4% (18/440)        
2023-05-16T17:57:36.9480702Z remote: Counting objects:   5% (22/440)        
2023-05-16T17:57:36.9481989Z remote: Counting objects:   6% (27/440)        
2023-05-16T17:57:36.9482660Z remote: Counting objects:   7% (31/440)        
2023-05-16T17:57:36.9483240Z remote: Counting objects:   8% (36/440)        
2023-05-16T17:57:36.9483648Z remote: Counting objects:   9% (40/440)        
2023-05-16T17:57:36.9484438Z remote: Counting objects:  10% (44/440)        
2023-05-16T17:57:36.9484927Z remote: Counting objects:  11% (49/440)        
2023-05-16T17:57:36.9485404Z remote: Counting objects:  12% (53/440)        
2023-05-16T17:57:36.9485988Z remote: Counting objects:  13% (58/440)        
2023-05-16T17:57:36.9486538Z remote: Counting objects:  14% (62/440)        
2023-05-16T17:57:36.9487067Z remote: Counting objects:  15% (66/440)        
2023-05-16T17:57:36.9487505Z remote: Counting objects:  16% (71/440)        
2023-05-16T17:57:36.9488013Z remote: Counting objects:  17% (75/440)        
2023-05-16T17:57:36.9488765Z remote: Counting objects:  18% (80/440)        
2023-05-16T17:57:36.9489306Z remote: Counting objects:  19% (84/440)        
2023-05-16T17:57:36.9489770Z remote: Counting objects:  20% (88/440)        
2023-05-16T17:57:36.9490400Z remote: Counting objects:  21% (93/440)        
2023-05-16T17:57:36.9490897Z remote: Counting objects:  22% (97/440)        
2023-05-16T17:57:36.9491470Z remote: Counting objects:  23% (102/440)        
2023-05-16T17:57:36.9492009Z remote: Counting objects:  24% (106/440)        
2023-05-16T17:57:36.9492755Z remote: Counting objects:  25% (110/440)        
2023-05-16T17:57:36.9493246Z remote: Counting objects:  26% (115/440)        
2023-05-16T17:57:36.9493689Z remote: Counting objects:  27% (119/440)        
2023-05-16T17:57:36.9494419Z remote: Counting objects:  28% (124/440)        
2023-05-16T17:57:36.9495373Z remote: Counting objects:  29% (128/440)        
2023-05-16T17:57:36.9495907Z remote: Counting objects:  30% (132/440)        
2023-05-16T17:57:36.9496354Z remote: Counting objects:  31% (137/440)        
2023-05-16T17:57:36.9496778Z remote: Counting objects:  32% (141/440)        
2023-05-16T17:57:36.9497235Z remote: Counting objects:  33% (146/440)        
2023-05-16T17:57:36.9497718Z remote: Counting objects:  34% (150/440)        
2023-05-16T17:57:36.9498154Z remote: Counting objects:  35% (154/440)        
2023-05-16T17:57:36.9498531Z remote: Counting objects:  36% (159/440)        
2023-05-16T17:57:36.9499576Z remote: Counting objects:  37% (163/440)        
2023-05-16T17:57:36.9500115Z remote: Counting objects:  38% (168/440)        
2023-05-16T17:57:36.9500558Z remote: Counting objects:  39% (172/440)        
2023-05-16T17:57:36.9501010Z remote: Counting objects:  40% (176/440)        
2023-05-16T17:57:36.9501778Z remote: Counting objects:  41% (181/440)        
2023-05-16T17:57:36.9502345Z remote: Counting objects:  42% (185/440)        
2023-05-16T17:57:36.9502783Z remote: Counting objects:  43% (190/440)        
2023-05-16T17:57:36.9503408Z remote: Counting objects:  44% (194/440)        
2023-05-16T17:57:36.9503879Z remote: Counting objects:  45% (198/440)        
2023-05-16T17:57:36.9504526Z remote: Counting objects:  46% (203/440)        
2023-05-16T17:57:36.9504989Z remote: Counting objects:  47% (207/440)        
2023-05-16T17:57:36.9505363Z remote: Counting objects:  48% (212/440)        
2023-05-16T17:57:36.9506044Z remote: Counting objects:  49% (216/440)        
2023-05-16T17:57:36.9506505Z remote: Counting objects:  50% (220/440)        
2023-05-16T17:57:36.9507063Z remote: Counting objects:  51% (225/440)        
2023-05-16T17:57:36.9507453Z remote: Counting objects:  52% (229/440)        
2023-05-16T17:57:36.9508100Z remote: Counting objects:  53% (234/440)        
2023-05-16T17:57:36.9508634Z remote: Counting objects:  54% (238/440)        
2023-05-16T17:57:36.9509134Z remote: Counting objects:  55% (242/440)        
2023-05-16T17:57:36.9509544Z remote: Counting objects:  56% (247/440)        
2023-05-16T17:57:36.9511375Z remote: Counting objects:  57% (251/440)        
2023-05-16T17:57:36.9511946Z remote: Counting objects:  58% (256/440)        
2023-05-16T17:57:36.9512450Z remote: Counting objects:  59% (260/440)        
2023-05-16T17:57:36.9513329Z remote: Counting objects:  60% (264/440)        
2023-05-16T17:57:36.9514177Z remote: Counting objects:  61% (269/440)        
2023-05-16T17:57:36.9514627Z remote: Counting objects:  62% (273/440)        
2023-05-16T17:57:36.9514976Z remote: Counting objects:  63% (278/440)        
2023-05-16T17:57:36.9515390Z remote: Counting objects:  64% (282/440)        
2023-05-16T17:57:36.9516077Z remote: Counting objects:  65% (286/440)        
2023-05-16T17:57:36.9516540Z remote: Counting objects:  66% (291/440)        
2023-05-16T17:57:36.9517197Z remote: Counting objects:  67% (295/440)        
2023-05-16T17:57:36.9517642Z remote: Counting objects:  68% (300/440)        
2023-05-16T17:57:36.9518189Z remote: Counting objects:  69% (304/440)        
2023-05-16T17:57:36.9518634Z remote: Counting objects:  70% (308/440)        
2023-05-16T17:57:36.9519011Z remote: Counting objects:  71% (313/440)        
2023-05-16T17:57:36.9519766Z remote: Counting objects:  72% (317/440)        
2023-05-16T17:57:36.9520283Z remote: Counting objects:  73% (322/440)        
2023-05-16T17:57:36.9520767Z remote: Counting objects:  74% (326/440)        
2023-05-16T17:57:36.9521236Z remote: Counting objects:  75% (330/440)        
2023-05-16T17:57:36.9521687Z remote: Counting objects:  76% (335/440)        
2023-05-16T17:57:36.9522126Z remote: Counting objects:  77% (339/440)        
2023-05-16T17:57:36.9522920Z remote: Counting objects:  78% (344/440)        
2023-05-16T17:57:36.9523291Z remote: Counting objects:  79% (348/440)        
2023-05-16T17:57:36.9523731Z remote: Counting objects:  80% (352/440)        
2023-05-16T17:57:36.9524160Z remote: Counting objects:  81% (357/440)        
2023-05-16T17:57:36.9524663Z remote: Counting objects:  82% (361/440)        
2023-05-16T17:57:36.9525074Z remote: Counting objects:  83% (366/440)        
2023-05-16T17:57:36.9526174Z remote: Counting objects:  84% (370/440)        
2023-05-16T17:57:36.9526706Z remote: Counting objects:  85% (374/440)        
2023-05-16T17:57:36.9527095Z remote: Counting objects:  86% (379/440)        
2023-05-16T17:57:36.9528067Z remote: Counting objects:  87% (383/440)        
2023-05-16T17:57:36.9528819Z remote: Counting objects:  88% (388/440)        
2023-05-16T17:57:36.9529467Z remote: Counting objects:  89% (392/440)        
2023-05-16T17:57:36.9530524Z remote: Counting objects:  90% (396/440)        
2023-05-16T17:57:36.9530957Z remote: Counting objects:  91% (401/440)        
2023-05-16T17:57:36.9531511Z remote: Counting objects:  92% (405/440)        
2023-05-16T17:57:36.9531898Z remote: Counting objects:  93% (410/440)        
2023-05-16T17:57:36.9532285Z remote: Counting objects:  94% (414/440)        
2023-05-16T17:57:36.9533016Z remote: Counting objects:  95% (418/440)        
2023-05-16T17:57:36.9533520Z remote: Counting objects:  96% (423/440)        
2023-05-16T17:57:36.9533925Z remote: Counting objects:  97% (427/440)        
2023-05-16T17:57:36.9534246Z remote: Counting objects:  98% (432/440)        
2023-05-16T17:57:36.9534697Z remote: Counting objects:  99% (436/440)        
2023-05-16T17:57:36.9535390Z remote: Counting objects: 100% (440/440)        
2023-05-16T17:57:36.9535872Z remote: Counting objects: 100% (440/440), done.        
2023-05-16T17:57:36.9608289Z remote: Compressing objects:   0% (1/246)        
2023-05-16T17:57:36.9609186Z remote: Compressing objects:   1% (3/246)        
2023-05-16T17:57:36.9609828Z remote: Compressing objects:   2% (5/246)        
2023-05-16T17:57:36.9610667Z remote: Compressing objects:   3% (8/246)        
2023-05-16T17:57:36.9613804Z remote: Compressing objects:   4% (10/246)        
2023-05-16T17:57:36.9614291Z remote: Compressing objects:   5% (13/246)        
2023-05-16T17:57:36.9615129Z remote: Compressing objects:   6% (15/246)        
2023-05-16T17:57:36.9616919Z remote: Compressing objects:   7% (18/246)        
2023-05-16T17:57:36.9617572Z remote: Compressing objects:   8% (20/246)        
2023-05-16T17:57:36.9618070Z remote: Compressing objects:   9% (23/246)        
2023-05-16T17:57:36.9618930Z remote: Compressing objects:  10% (25/246)        
2023-05-16T17:57:36.9619274Z remote: Compressing objects:  11% (28/246)        
2023-05-16T17:57:36.9619737Z remote: Compressing objects:  12% (30/246)        
2023-05-16T17:57:36.9620216Z remote: Compressing objects:  13% (32/246)        
2023-05-16T17:57:36.9620693Z remote: Compressing objects:  14% (35/246)        
2023-05-16T17:57:36.9621035Z remote: Compressing objects:  15% (37/246)        
2023-05-16T17:57:36.9621524Z remote: Compressing objects:  16% (40/246)        
2023-05-16T17:57:36.9622047Z remote: Compressing objects:  17% (42/246)        
2023-05-16T17:57:36.9622534Z remote: Compressing objects:  18% (45/246)        
2023-05-16T17:57:36.9622888Z remote: Compressing objects:  19% (47/246)        
2023-05-16T17:57:36.9624026Z remote: Compressing objects:  20% (50/246)        
2023-05-16T17:57:36.9624672Z remote: Compressing objects:  21% (52/246)        
2023-05-16T17:57:36.9625191Z remote: Compressing objects:  22% (55/246)        
2023-05-16T17:57:36.9625605Z remote: Compressing objects:  23% (57/246)        
2023-05-16T17:57:36.9626095Z remote: Compressing objects:  24% (60/246)        
2023-05-16T17:57:36.9626559Z remote: Compressing objects:  25% (62/246)        
2023-05-16T17:57:36.9627023Z remote: Compressing objects:  26% (64/246)        
2023-05-16T17:57:36.9627714Z remote: Compressing objects:  27% (67/246)        
2023-05-16T17:57:36.9628444Z remote: Compressing objects:  28% (69/246)        
2023-05-16T17:57:36.9628931Z remote: Compressing objects:  29% (72/246)        
2023-05-16T17:57:36.9629484Z remote: Compressing objects:  30% (74/246)        
2023-05-16T17:57:36.9629916Z remote: Compressing objects:  31% (77/246)        
2023-05-16T17:57:36.9631024Z remote: Compressing objects:  32% (79/246)        
2023-05-16T17:57:36.9631514Z remote: Compressing objects:  33% (82/246)        
2023-05-16T17:57:36.9632296Z remote: Compressing objects:  34% (84/246)        
2023-05-16T17:57:36.9632745Z remote: Compressing objects:  35% (87/246)        
2023-05-16T17:57:36.9633341Z remote: Compressing objects:  36% (89/246)        
2023-05-16T17:57:36.9742239Z remote: Compressing objects:  37% (92/246)        
2023-05-16T17:57:36.9743190Z remote: Compressing objects:  38% (94/246)        
2023-05-16T17:57:36.9744077Z remote: Compressing objects:  39% (96/246)        
2023-05-16T17:57:36.9744827Z remote: Compressing objects:  40% (99/246)        
2023-05-16T17:57:36.9745651Z remote: Compressing objects:  41% (101/246)        
2023-05-16T17:57:36.9746233Z remote: Compressing objects:  42% (104/246)        
2023-05-16T17:57:36.9747125Z remote: Compressing objects:  43% (106/246)        
2023-05-16T17:57:36.9747872Z remote: Compressing objects:  44% (109/246)        
2023-05-16T17:57:36.9748667Z remote: Compressing objects:  45% (111/246)        
2023-05-16T17:57:36.9749275Z remote: Compressing objects:  46% (114/246)        
2023-05-16T17:57:36.9750104Z remote: Compressing objects:  47% (116/246)        
2023-05-16T17:57:36.9750792Z remote: Compressing objects:  48% (119/246)        
2023-05-16T17:57:36.9751615Z remote: Compressing objects:  49% (121/246)        
2023-05-16T17:57:36.9752248Z remote: Compressing objects:  50% (123/246)        
2023-05-16T17:57:36.9753062Z remote: Compressing objects:  51% (126/246)        
2023-05-16T17:57:36.9753691Z remote: Compressing objects:  52% (128/246)        
2023-05-16T17:57:36.9754586Z remote: Compressing objects:  53% (131/246)        
2023-05-16T17:57:36.9755388Z remote: Compressing objects:  54% (133/246)        
2023-05-16T17:57:36.9756366Z remote: Compressing objects:  55% (136/246)        
2023-05-16T17:57:36.9757149Z remote: Compressing objects:  56% (138/246)        
2023-05-16T17:57:36.9758214Z remote: Compressing objects:  57% (141/246)        
2023-05-16T17:57:36.9758921Z remote: Compressing objects:  58% (143/246)        
2023-05-16T17:57:36.9760000Z remote: Compressing objects:  59% (146/246)        
2023-05-16T17:57:36.9760652Z remote: Compressing objects:  60% (148/246)        
2023-05-16T17:57:36.9761487Z remote: Compressing objects:  61% (151/246)        
2023-05-16T17:57:36.9762248Z remote: Compressing objects:  62% (153/246)        
2023-05-16T17:57:36.9763126Z remote: Compressing objects:  63% (155/246)        
2023-05-16T17:57:36.9763943Z remote: Compressing objects:  64% (158/246)        
2023-05-16T17:57:36.9764896Z remote: Compressing objects:  65% (160/246)        
2023-05-16T17:57:36.9765688Z remote: Compressing objects:  66% (163/246)        
2023-05-16T17:57:36.9766675Z remote: Compressing objects:  67% (165/246)        
2023-05-16T17:57:36.9767574Z remote: Compressing objects:  68% (168/246)        
2023-05-16T17:57:36.9768646Z remote: Compressing objects:  69% (170/246)        
2023-05-16T17:57:36.9769390Z remote: Compressing objects:  70% (173/246)        
2023-05-16T17:57:36.9770422Z remote: Compressing objects:  71% (175/246)        
2023-05-16T17:57:36.9771385Z remote: Compressing objects:  72% (178/246)        
2023-05-16T17:57:36.9772427Z remote: Compressing objects:  73% (180/246)        
2023-05-16T17:57:36.9773112Z remote: Compressing objects:  74% (183/246)        
2023-05-16T17:57:36.9774168Z remote: Compressing objects:  75% (185/246)        
2023-05-16T17:57:36.9774864Z remote: Compressing objects:  76% (187/246)        
2023-05-16T17:57:36.9775763Z remote: Compressing objects:  77% (190/246)        
2023-05-16T17:57:36.9776674Z remote: Compressing objects:  78% (192/246)        
2023-05-16T17:57:36.9777557Z remote: Compressing objects:  79% (195/246)        
2023-05-16T17:57:36.9778276Z remote: Compressing objects:  80% (197/246)        
2023-05-16T17:57:36.9779166Z remote: Compressing objects:  81% (200/246)        
2023-05-16T17:57:36.9779801Z remote: Compressing objects:  82% (202/246)        
2023-05-16T17:57:36.9780643Z remote: Compressing objects:  83% (205/246)        
2023-05-16T17:57:36.9781248Z remote: Compressing objects:  84% (207/246)        
2023-05-16T17:57:36.9782195Z remote: Compressing objects:  85% (210/246)        
2023-05-16T17:57:36.9782891Z remote: Compressing objects:  86% (212/246)        
2023-05-16T17:57:36.9783896Z remote: Compressing objects:  87% (215/246)        
2023-05-16T17:57:36.9784534Z remote: Compressing objects:  88% (217/246)        
2023-05-16T17:57:36.9785544Z remote: Compressing objects:  89% (219/246)        
2023-05-16T17:57:36.9786214Z remote: Compressing objects:  90% (222/246)        
2023-05-16T17:57:36.9787153Z remote: Compressing objects:  91% (224/246)        
2023-05-16T17:57:36.9895780Z remote: Compressing objects:  92% (227/246)        
2023-05-16T17:57:36.9953513Z remote: Compressing objects:  93% (229/246)        
2023-05-16T17:57:36.9954271Z remote: Compressing objects:  94% (232/246)        
2023-05-16T17:57:36.9954921Z remote: Compressing objects:  95% (234/246)        
2023-05-16T17:57:36.9955970Z remote: Compressing objects:  96% (237/246)        
2023-05-16T17:57:36.9956422Z remote: Compressing objects:  97% (239/246)        
2023-05-16T17:57:36.9957163Z remote: Compressing objects:  98% (242/246)        
2023-05-16T17:57:36.9957987Z remote: Compressing objects:  99% (244/246)        
2023-05-16T17:57:36.9958683Z remote: Compressing objects: 100% (246/246)        
2023-05-16T17:57:36.9959285Z remote: Compressing objects: 100% (246/246), done.        
2023-05-16T17:57:36.9960052Z Receiving objects:   0% (1/1218)
2023-05-16T17:57:36.9960830Z Receiving objects:   1% (13/1218)
2023-05-16T17:57:36.9961558Z Receiving objects:   2% (25/1218)
2023-05-16T17:57:36.9962323Z Receiving objects:   3% (37/1218)
2023-05-16T17:57:36.9963541Z Receiving objects:   4% (49/1218)
2023-05-16T17:57:37.0059439Z Receiving objects:   5% (61/1218)
2023-05-16T17:57:37.0078539Z Receiving objects:   6% (74/1218)
2023-05-16T17:57:37.0079415Z Receiving objects:   7% (86/1218)
2023-05-16T17:57:37.0085453Z Receiving objects:   8% (98/1218)
2023-05-16T17:57:37.0086142Z Receiving objects:   9% (110/1218)
2023-05-16T17:57:37.0087035Z Receiving objects:  10% (122/1218)
2023-05-16T17:57:37.0087553Z Receiving objects:  11% (134/1218)
2023-05-16T17:57:37.0088249Z Receiving objects:  12% (147/1218)
2023-05-16T17:57:37.0088973Z Receiving objects:  13% (159/1218)
2023-05-16T17:57:37.0089708Z Receiving objects:  14% (171/1218)
2023-05-16T17:57:37.0090211Z Receiving objects:  15% (183/1218)
2023-05-16T17:57:37.0090904Z Receiving objects:  16% (195/1218)
2023-05-16T17:57:37.0091477Z Receiving objects:  17% (208/1218)
2023-05-16T17:57:37.0092304Z Receiving objects:  18% (220/1218)
2023-05-16T17:57:37.0093339Z Receiving objects:  19% (232/1218)
2023-05-16T17:57:37.0235046Z Receiving objects:  20% (244/1218)
2023-05-16T17:57:37.0236303Z Receiving objects:  21% (256/1218)
2023-05-16T17:57:37.0376948Z Receiving objects:  22% (268/1218)
2023-05-16T17:57:37.0378860Z Receiving objects:  23% (281/1218)
2023-05-16T17:57:37.0393043Z Receiving objects:  24% (293/1218)
2023-05-16T17:57:37.0393641Z Receiving objects:  25% (305/1218)
2023-05-16T17:57:37.0394847Z Receiving objects:  26% (317/1218)
2023-05-16T17:57:37.0395447Z Receiving objects:  27% (329/1218)
2023-05-16T17:57:37.0401588Z Receiving objects:  28% (342/1218)
2023-05-16T17:57:37.0402194Z Receiving objects:  29% (354/1218)
2023-05-16T17:57:37.0403069Z Receiving objects:  30% (366/1218)
2023-05-16T17:57:37.0403582Z Receiving objects:  31% (378/1218)
2023-05-16T17:57:37.0404298Z Receiving objects:  32% (390/1218)
2023-05-16T17:57:37.0404880Z Receiving objects:  33% (402/1218)
2023-05-16T17:57:37.0405949Z Receiving objects:  34% (415/1218)
2023-05-16T17:57:37.0408090Z Receiving objects:  35% (427/1218)
2023-05-16T17:57:37.0409129Z Receiving objects:  36% (439/1218)
2023-05-16T17:57:37.0412514Z Receiving objects:  37% (451/1218)
2023-05-16T17:57:37.0413694Z Receiving objects:  38% (463/1218)
2023-05-16T17:57:37.0414718Z Receiving objects:  39% (476/1218)
2023-05-16T17:57:37.0415133Z Receiving objects:  40% (488/1218)
2023-05-16T17:57:37.0415917Z Receiving objects:  41% (500/1218)
2023-05-16T17:57:37.0416621Z Receiving objects:  42% (512/1218)
2023-05-16T17:57:37.0417387Z Receiving objects:  43% (524/1218)
2023-05-16T17:57:37.0418908Z Receiving objects:  44% (536/1218)
2023-05-16T17:57:37.0427094Z Receiving objects:  45% (549/1218)
2023-05-16T17:57:37.0427972Z Receiving objects:  46% (561/1218)
2023-05-16T17:57:37.0428706Z Receiving objects:  47% (573/1218)
2023-05-16T17:57:37.0551190Z Receiving objects:  48% (585/1218)
2023-05-16T17:57:37.0551844Z Receiving objects:  49% (597/1218)
2023-05-16T17:57:37.0554870Z Receiving objects:  50% (609/1218)
2023-05-16T17:57:37.0555894Z Receiving objects:  51% (622/1218)
2023-05-16T17:57:37.0556906Z Receiving objects:  52% (634/1218)
2023-05-16T17:57:37.0557245Z Receiving objects:  53% (646/1218)
2023-05-16T17:57:37.0557774Z Receiving objects:  54% (658/1218)
2023-05-16T17:57:37.0558569Z Receiving objects:  55% (670/1218)
2023-05-16T17:57:37.0559348Z Receiving objects:  56% (683/1218)
2023-05-16T17:57:37.0560184Z Receiving objects:  57% (695/1218)
2023-05-16T17:57:37.0560927Z Receiving objects:  58% (707/1218)
2023-05-16T17:57:37.0692939Z Receiving objects:  59% (719/1218)
2023-05-16T17:57:37.0697619Z Receiving objects:  60% (731/1218)
2023-05-16T17:57:37.0699199Z Receiving objects:  61% (743/1218)
2023-05-16T17:57:37.0699893Z Receiving objects:  62% (756/1218)
2023-05-16T17:57:37.0700680Z Receiving objects:  63% (768/1218)
2023-05-16T17:57:37.0701226Z Receiving objects:  64% (780/1218)
2023-05-16T17:57:37.0704889Z Receiving objects:  65% (792/1218)
2023-05-16T17:57:37.0736728Z Receiving objects:  66% (804/1218)
2023-05-16T17:57:37.0737013Z Receiving objects:  67% (817/1218)
2023-05-16T17:57:37.0737556Z Receiving objects:  68% (829/1218)
2023-05-16T17:57:37.0737853Z Receiving objects:  69% (841/1218)
2023-05-16T17:57:37.0738095Z Receiving objects:  70% (853/1218)
2023-05-16T17:57:37.0738344Z Receiving objects:  71% (865/1218)
2023-05-16T17:57:37.0738598Z Receiving objects:  72% (877/1218)
2023-05-16T17:57:37.0738956Z Receiving objects:  73% (890/1218)
2023-05-16T17:57:37.0739201Z Receiving objects:  74% (902/1218)
2023-05-16T17:57:37.0745563Z Receiving objects:  75% (914/1218)
2023-05-16T17:57:37.0746465Z Receiving objects:  76% (926/1218)
2023-05-16T17:57:37.0747321Z Receiving objects:  77% (938/1218)
2023-05-16T17:57:37.0747885Z Receiving objects:  78% (951/1218)
2023-05-16T17:57:37.0748649Z Receiving objects:  79% (963/1218)
2023-05-16T17:57:37.0749185Z Receiving objects:  80% (975/1218)
2023-05-16T17:57:37.0750009Z Receiving objects:  81% (987/1218)
2023-05-16T17:57:37.0750525Z Receiving objects:  82% (999/1218)
2023-05-16T17:57:37.0751231Z Receiving objects:  83% (1011/1218)
2023-05-16T17:57:37.0751733Z Receiving objects:  84% (1024/1218)
2023-05-16T17:57:37.0752458Z Receiving objects:  85% (1036/1218)
2023-05-16T17:57:37.0752964Z Receiving objects:  86% (1048/1218)
2023-05-16T17:57:37.0753652Z Receiving objects:  87% (1060/1218)
2023-05-16T17:57:37.0754152Z Receiving objects:  88% (1072/1218)
2023-05-16T17:57:37.0754848Z Receiving objects:  89% (1085/1218)
2023-05-16T17:57:37.0755343Z Receiving objects:  90% (1097/1218)
2023-05-16T17:57:37.0756031Z Receiving objects:  91% (1109/1218)
2023-05-16T17:57:37.0756527Z Receiving objects:  92% (1121/1218)
2023-05-16T17:57:37.0757225Z Receiving objects:  93% (1133/1218)
2023-05-16T17:57:37.0757708Z Receiving objects:  94% (1145/1218)
2023-05-16T17:57:37.0758415Z Receiving objects:  95% (1158/1218)
2023-05-16T17:57:37.0759265Z remote: Total 1218 (delta 194), reused 270 (delta 168), pack-reused 778        
2023-05-16T17:57:37.0760409Z Receiving objects:  96% (1170/1218)
2023-05-16T17:57:37.0760996Z Receiving objects:  97% (1182/1218)
2023-05-16T17:57:37.0761741Z Receiving objects:  98% (1194/1218)
2023-05-16T17:57:37.0762244Z Receiving objects:  99% (1206/1218)
2023-05-16T17:57:37.0762960Z Receiving objects: 100% (1218/1218)
2023-05-16T17:57:37.0763484Z Receiving objects: 100% (1218/1218), 306.37 KiB | 3.13 MiB/s, done.
2023-05-16T17:57:37.0764215Z Resolving deltas:   0% (0/663)
2023-05-16T17:57:37.0764759Z Resolving deltas:   1% (7/663)
2023-05-16T17:57:37.0765898Z Resolving deltas:   2% (14/663)
2023-05-16T17:57:37.0766589Z Resolving deltas:   3% (20/663)
2023-05-16T17:57:37.0768074Z Resolving deltas:   4% (27/663)
2023-05-16T17:57:37.0768877Z Resolving deltas:   5% (34/663)
2023-05-16T17:57:37.0769874Z Resolving deltas:   6% (40/663)
2023-05-16T17:57:37.0770501Z Resolving deltas:   7% (47/663)
2023-05-16T17:57:37.0771261Z Resolving deltas:   8% (54/663)
2023-05-16T17:57:37.0772404Z Resolving deltas:   9% (60/663)
2023-05-16T17:57:37.0772982Z Resolving deltas:  10% (67/663)
2023-05-16T17:57:37.0774957Z Resolving deltas:  11% (73/663)
2023-05-16T17:57:37.0775578Z Resolving deltas:  12% (80/663)
2023-05-16T17:57:37.0783592Z Resolving deltas:  13% (87/663)
2023-05-16T17:57:37.0784201Z Resolving deltas:  14% (93/663)
2023-05-16T17:57:37.0784963Z Resolving deltas:  15% (100/663)
2023-05-16T17:57:37.0785461Z Resolving deltas:  16% (107/663)
2023-05-16T17:57:37.0786183Z Resolving deltas:  17% (113/663)
2023-05-16T17:57:37.0786676Z Resolving deltas:  18% (120/663)
2023-05-16T17:57:37.0787382Z Resolving deltas:  19% (126/663)
2023-05-16T17:57:37.0787919Z Resolving deltas:  20% (133/663)
2023-05-16T17:57:37.0788637Z Resolving deltas:  21% (140/663)
2023-05-16T17:57:37.0789177Z Resolving deltas:  22% (146/663)
2023-05-16T17:57:37.0789933Z Resolving deltas:  23% (153/663)
2023-05-16T17:57:37.0791176Z Resolving deltas:  24% (160/663)
2023-05-16T17:57:37.0798811Z Resolving deltas:  25% (166/663)
2023-05-16T17:57:37.0804350Z Resolving deltas:  26% (173/663)
2023-05-16T17:57:37.0805009Z Resolving deltas:  27% (180/663)
2023-05-16T17:57:37.0810894Z Resolving deltas:  28% (186/663)
2023-05-16T17:57:37.0811572Z Resolving deltas:  29% (193/663)
2023-05-16T17:57:37.0812347Z Resolving deltas:  30% (199/663)
2023-05-16T17:57:37.0812861Z Resolving deltas:  31% (206/663)
2023-05-16T17:57:37.0813731Z Resolving deltas:  32% (213/663)
2023-05-16T17:57:37.0818414Z Resolving deltas:  33% (219/663)
2023-05-16T17:57:37.0820084Z Resolving deltas:  34% (226/663)
2023-05-16T17:57:37.0821960Z Resolving deltas:  35% (233/663)
2023-05-16T17:57:37.0827927Z Resolving deltas:  36% (239/663)
2023-05-16T17:57:37.0828573Z Resolving deltas:  37% (246/663)
2023-05-16T17:57:37.0829341Z Resolving deltas:  38% (252/663)
2023-05-16T17:57:37.0829938Z Resolving deltas:  39% (259/663)
2023-05-16T17:57:37.0838939Z Resolving deltas:  40% (266/663)
2023-05-16T17:57:37.0839542Z Resolving deltas:  41% (272/663)
2023-05-16T17:57:37.0843465Z Resolving deltas:  42% (279/663)
2023-05-16T17:57:37.0850551Z Resolving deltas:  43% (286/663)
2023-05-16T17:57:37.0851404Z Resolving deltas:  44% (292/663)
2023-05-16T17:57:37.0853804Z Resolving deltas:  45% (299/663)
2023-05-16T17:57:37.0857022Z Resolving deltas:  46% (305/663)
2023-05-16T17:57:37.0861851Z Resolving deltas:  47% (312/663)
2023-05-16T17:57:37.0865862Z Resolving deltas:  48% (319/663)
2023-05-16T17:57:37.0871424Z Resolving deltas:  49% (325/663)
2023-05-16T17:57:37.0872022Z Resolving deltas:  50% (332/663)
2023-05-16T17:57:37.0872781Z Resolving deltas:  51% (339/663)
2023-05-16T17:57:37.0877803Z Resolving deltas:  52% (345/663)
2023-05-16T17:57:37.0883604Z Resolving deltas:  53% (352/663)
2023-05-16T17:57:37.0887045Z Resolving deltas:  54% (359/663)
2023-05-16T17:57:37.0892766Z Resolving deltas:  55% (365/663)
2023-05-16T17:57:37.0897705Z Resolving deltas:  56% (372/663)
2023-05-16T17:57:37.0903432Z Resolving deltas:  57% (378/663)
2023-05-16T17:57:37.0910799Z Resolving deltas:  58% (385/663)
2023-05-16T17:57:37.0911468Z Resolving deltas:  59% (393/663)
2023-05-16T17:57:37.0914629Z Resolving deltas:  60% (398/663)
2023-05-16T17:57:37.0916011Z Resolving deltas:  61% (405/663)
2023-05-16T17:57:37.0918823Z Resolving deltas:  62% (412/663)
2023-05-16T17:57:37.0921033Z Resolving deltas:  63% (418/663)
2023-05-16T17:57:37.0922443Z Resolving deltas:  64% (425/663)
2023-05-16T17:57:37.0923650Z Resolving deltas:  65% (431/663)
2023-05-16T17:57:37.0927077Z Resolving deltas:  66% (438/663)
2023-05-16T17:57:37.0927629Z Resolving deltas:  67% (446/663)
2023-05-16T17:57:37.0928328Z Resolving deltas:  68% (451/663)
2023-05-16T17:57:37.0932597Z Resolving deltas:  69% (458/663)
2023-05-16T17:57:37.0937841Z Resolving deltas:  70% (465/663)
2023-05-16T17:57:37.0941290Z Resolving deltas:  71% (471/663)
2023-05-16T17:57:37.0946059Z Resolving deltas:  72% (478/663)
2023-05-16T17:57:37.0946587Z Resolving deltas:  73% (485/663)
2023-05-16T17:57:37.0947294Z Resolving deltas:  74% (491/663)
2023-05-16T17:57:37.0947764Z Resolving deltas:  75% (498/663)
2023-05-16T17:57:37.0948455Z Resolving deltas:  76% (504/663)
2023-05-16T17:57:37.0948975Z Resolving deltas:  77% (511/663)
2023-05-16T17:57:37.0949669Z Resolving deltas:  78% (518/663)
2023-05-16T17:57:37.0950138Z Resolving deltas:  79% (524/663)
2023-05-16T17:57:37.0950854Z Resolving deltas:  80% (531/663)
2023-05-16T17:57:37.0951356Z Resolving deltas:  81% (538/663)
2023-05-16T17:57:37.0952597Z Resolving deltas:  82% (544/663)
2023-05-16T17:57:37.0953866Z Resolving deltas:  83% (551/663)
2023-05-16T17:57:37.0955143Z Resolving deltas:  84% (557/663)
2023-05-16T17:57:37.0956293Z Resolving deltas:  85% (564/663)
2023-05-16T17:57:37.0958689Z Resolving deltas:  86% (571/663)
2023-05-16T17:57:37.0961529Z Resolving deltas:  87% (577/663)
2023-05-16T17:57:37.0968831Z Resolving deltas:  88% (584/663)
2023-05-16T17:57:37.0974367Z Resolving deltas:  89% (591/663)
2023-05-16T17:57:37.0979942Z Resolving deltas:  90% (597/663)
2023-05-16T17:57:37.0984595Z Resolving deltas:  91% (604/663)
2023-05-16T17:57:37.0989623Z Resolving deltas:  92% (610/663)
2023-05-16T17:57:37.0996989Z Resolving deltas:  93% (617/663)
2023-05-16T17:57:37.0999795Z Resolving deltas:  94% (624/663)
2023-05-16T17:57:37.1003363Z Resolving deltas:  95% (631/663)
2023-05-16T17:57:37.1007671Z Resolving deltas:  96% (637/663)
2023-05-16T17:57:37.1012212Z Resolving deltas:  97% (644/663)
2023-05-16T17:57:37.1015743Z Resolving deltas:  98% (650/663)
2023-05-16T17:57:37.1022806Z Resolving deltas:  99% (657/663)
2023-05-16T17:57:37.1030349Z Resolving deltas: 100% (663/663)
2023-05-16T17:57:37.1031694Z Resolving deltas: 100% (663/663), done.
2023-05-16T17:57:37.1186462Z From https://github.com/con/tinuous
2023-05-16T17:57:37.1187528Z  * [new branch]      gh-55           -> origin/gh-55
2023-05-16T17:57:37.1190960Z  * [new branch]      master          -> origin/master
2023-05-16T17:57:37.1193476Z  * [new branch]      no-extra-search -> origin/no-extra-search
2023-05-16T17:57:37.1195888Z  * [new branch]      test-appveyor   -> origin/test-appveyor
2023-05-16T17:57:37.1199658Z  * [new tag]         0.1.0           -> 0.1.0
2023-05-16T17:57:37.1200267Z  * [new tag]         0.2.0           -> 0.2.0
2023-05-16T17:57:37.1200826Z  * [new tag]         0.3.0           -> 0.3.0
2023-05-16T17:57:37.1201981Z  * [new tag]         0.4.0           -> 0.4.0
2023-05-16T17:57:37.1202470Z  * [new tag]         0.5.0           -> 0.5.0
2023-05-16T17:57:37.1202948Z  * [new tag]         0.5.1           -> 0.5.1
2023-05-16T17:57:37.1203418Z  * [new tag]         0.5.2           -> 0.5.2
2023-05-16T17:57:37.1203898Z  * [new tag]         0.5.3           -> 0.5.3
2023-05-16T17:57:37.1204371Z  * [new tag]         0.5.4           -> 0.5.4
2023-05-16T17:57:37.1204903Z  * [new tag]         0.6.0           -> 0.6.0
2023-05-16T17:57:37.1205487Z  * [new tag]         0.6.1           -> 0.6.1
2023-05-16T17:57:37.1239831Z [command]/usr/bin/git branch --list --remote origin/master
2023-05-16T17:57:37.1269198Z   origin/master
2023-05-16T17:57:37.1282979Z [command]/usr/bin/git rev-parse refs/remotes/origin/master
2023-05-16T17:57:37.1307571Z 742c9760e13e86918654ad67eecb4ec6318f428c
2023-05-16T17:57:37.1313218Z ##[endgroup]
2023-05-16T17:57:37.1313825Z ##[group]Determining the checkout info
2023-05-16T17:57:37.1314459Z ##[endgroup]
2023-05-16T17:57:37.1315155Z ##[group]Checking out the ref
2023-05-16T17:57:37.1320389Z [command]/usr/bin/git checkout --progress --force -B master refs/remotes/origin/master
2023-05-16T17:57:37.1393306Z Reset branch 'master'
2023-05-16T17:57:37.1398813Z branch 'master' set up to track 'origin/master'.
2023-05-16T17:57:37.1404180Z ##[endgroup]
2023-05-16T17:57:37.1443586Z [command]/usr/bin/git log -1 --format='%H'
2023-05-16T17:57:37.1476530Z '742c9760e13e86918654ad67eecb4ec6318f428c'
2023-05-16T17:57:37.1814039Z ##[group]Run actions/setup-python@v4
2023-05-16T17:57:37.1814330Z with:
2023-05-16T17:57:37.1814534Z   python-version: 3.8
2023-05-16T17:57:37.1814744Z   check-latest: false
2023-05-16T17:57:37.1815125Z   token: ***
2023-05-16T17:57:37.1815348Z   update-environment: true
2023-05-16T17:57:37.1815613Z   allow-prereleases: false
2023-05-16T17:57:37.1815821Z ##[endgroup]
2023-05-16T17:57:37.3590655Z ##[group]Installed versions
2023-05-16T17:57:37.3698101Z Successfully set up CPython (3.8.16)
2023-05-16T17:57:37.3699203Z ##[endgroup]
2023-05-16T17:57:37.3829208Z ##[group]Run python -m pip install --upgrade pip wheel
2023-05-16T17:57:37.3829625Z [36;1mpython -m pip install --upgrade pip wheel[0m
2023-05-16T17:57:37.3829949Z [36;1mpython -m pip install --upgrade --upgrade-strategy=eager tox[0m
2023-05-16T17:57:37.3888112Z shell: /usr/bin/bash -e {0}
2023-05-16T17:57:37.3888351Z env:
2023-05-16T17:57:37.3888840Z   pythonLocation: /opt/hostedtoolcache/Python/3.8.16/x64
2023-05-16T17:57:37.3889187Z   PKG_CONFIG_PATH: /opt/hostedtoolcache/Python/3.8.16/x64/lib/pkgconfig
2023-05-16T17:57:37.3889522Z   Python_ROOT_DIR: /opt/hostedtoolcache/Python/3.8.16/x64
2023-05-16T17:57:37.3889822Z   Python2_ROOT_DIR: /opt/hostedtoolcache/Python/3.8.16/x64
2023-05-16T17:57:37.3890129Z   Python3_ROOT_DIR: /opt/hostedtoolcache/Python/3.8.16/x64
2023-05-16T17:57:37.3890465Z   LD_LIBRARY_PATH: /opt/hostedtoolcache/Python/3.8.16/x64/lib
2023-05-16T17:57:37.3890716Z ##[endgroup]
2023-05-16T17:57:38.2967888Z Requirement already satisfied: pip in /opt/hostedtoolcache/Python/3.8.16/x64/lib/python3.8/site-packages (22.0.4)
2023-05-16T17:57:38.5065423Z Collecting pip
2023-05-16T17:57:38.6308825Z   Downloading pip-23.1.2-py3-none-any.whl (2.1 MB)
2023-05-16T17:57:38.8162048Z      ‚îÅ‚îÅ‚îÅ‚îÅ‚îÅ‚îÅ‚îÅ‚îÅ‚îÅ‚îÅ‚îÅ‚îÅ‚îÅ‚îÅ‚îÅ‚îÅ‚îÅ‚îÅ‚îÅ‚îÅ‚îÅ‚îÅ‚îÅ‚îÅ‚îÅ‚îÅ‚îÅ‚îÅ‚îÅ‚îÅ‚îÅ‚îÅ‚îÅ‚îÅ‚îÅ‚îÅ‚îÅ‚îÅ‚îÅ‚îÅ 2.1/2.1 MB 11.4 MB/s eta 0:00:00
2023-05-16T17:57:38.8868741Z Collecting wheel
2023-05-16T17:57:38.8986453Z   Downloading wheel-0.40.0-py3-none-any.whl (64 kB)
2023-05-16T17:57:38.9053951Z      ‚îÅ‚îÅ‚îÅ‚îÅ‚îÅ‚îÅ‚îÅ‚îÅ‚îÅ‚îÅ‚îÅ‚îÅ‚îÅ‚îÅ‚îÅ‚îÅ‚îÅ‚îÅ‚îÅ‚îÅ‚îÅ‚îÅ‚îÅ‚îÅ‚îÅ‚îÅ‚îÅ‚îÅ‚îÅ‚îÅ‚îÅ‚îÅ‚îÅ‚îÅ‚îÅ‚îÅ‚îÅ‚îÅ‚îÅ‚îÅ 64.5/64.5 kB 13.6 MB/s eta 0:00:00
2023-05-16T17:57:38.9479508Z Installing collected packages: wheel, pip
2023-05-16T17:57:39.0011132Z   Attempting uninstall: pip
2023-05-16T17:57:39.0018681Z     Found existing installation: pip 22.0.4
2023-05-16T17:57:39.0987001Z     Uninstalling pip-22.0.4:
2023-05-16T17:57:39.1870149Z       Successfully uninstalled pip-22.0.4
2023-05-16T17:57:40.3980563Z Successfully installed pip-23.1.2 wheel-0.40.0
2023-05-16T17:57:41.4830245Z Collecting tox
2023-05-16T17:57:41.5995182Z   Downloading tox-4.5.1-py3-none-any.whl (148 kB)
2023-05-16T17:57:41.6410133Z      ‚îÅ‚îÅ‚îÅ‚îÅ‚îÅ‚îÅ‚îÅ‚îÅ‚îÅ‚îÅ‚îÅ‚îÅ‚îÅ‚îÅ‚îÅ‚îÅ‚îÅ‚îÅ‚îÅ‚îÅ‚îÅ‚îÅ‚îÅ‚îÅ‚îÅ‚îÅ‚îÅ‚îÅ‚îÅ‚îÅ‚îÅ‚îÅ‚îÅ‚îÅ‚îÅ‚îÅ‚îÅ‚îÅ‚îÅ 149.0/149.0 kB 4.1 MB/s eta 0:00:00
2023-05-16T17:57:41.7223770Z Collecting cachetools>=5.3 (from tox)
2023-05-16T17:57:41.7351315Z   Downloading cachetools-5.3.0-py3-none-any.whl (9.3 kB)
2023-05-16T17:57:41.7653624Z Collecting chardet>=5.1 (from tox)
2023-05-16T17:57:41.7781846Z   Downloading chardet-5.1.0-py3-none-any.whl (199 kB)
2023-05-16T17:57:41.7990673Z      ‚îÅ‚îÅ‚îÅ‚îÅ‚îÅ‚îÅ‚îÅ‚îÅ‚îÅ‚îÅ‚îÅ‚îÅ‚îÅ‚îÅ‚îÅ‚îÅ‚îÅ‚îÅ‚îÅ‚îÅ‚îÅ‚îÅ‚îÅ‚îÅ‚îÅ‚îÅ‚îÅ‚îÅ‚îÅ‚îÅ‚îÅ‚îÅ‚îÅ‚îÅ‚îÅ‚îÅ‚îÅ‚îÅ 199.1/199.1 kB 10.7 MB/s eta 0:00:00
2023-05-16T17:57:41.8380817Z Collecting colorama>=0.4.6 (from tox)
2023-05-16T17:57:41.8536492Z   Downloading colorama-0.4.6-py2.py3-none-any.whl (25 kB)
2023-05-16T17:57:41.9009161Z Collecting filelock>=3.11 (from tox)
2023-05-16T17:57:41.9136454Z   Downloading filelock-3.12.0-py3-none-any.whl (10 kB)
2023-05-16T17:57:41.9624812Z Collecting packaging>=23.1 (from tox)
2023-05-16T17:57:41.9752123Z   Downloading packaging-23.1-py3-none-any.whl (48 kB)
2023-05-16T17:57:41.9823511Z      ‚îÅ‚îÅ‚îÅ‚îÅ‚îÅ‚îÅ‚îÅ‚îÅ‚îÅ‚îÅ‚îÅ‚îÅ‚îÅ‚îÅ‚îÅ‚îÅ‚îÅ‚îÅ‚îÅ‚îÅ‚îÅ‚îÅ‚îÅ‚îÅ‚îÅ‚îÅ‚îÅ‚îÅ‚îÅ‚îÅ‚îÅ‚îÅ‚îÅ‚îÅ‚îÅ‚îÅ‚îÅ‚îÅ‚îÅ‚îÅ 48.9/48.9 kB 10.1 MB/s eta 0:00:00
2023-05-16T17:57:42.0237938Z Collecting platformdirs>=3.2 (from tox)
2023-05-16T17:57:42.0365651Z   Downloading platformdirs-3.5.1-py3-none-any.whl (15 kB)
2023-05-16T17:57:42.0751895Z Collecting pluggy>=1 (from tox)
2023-05-16T17:57:42.0880303Z   Downloading pluggy-1.0.0-py2.py3-none-any.whl (13 kB)
2023-05-16T17:57:42.1195329Z Collecting pyproject-api>=1.5.1 (from tox)
2023-05-16T17:57:42.1323326Z   Downloading pyproject_api-1.5.1-py3-none-any.whl (12 kB)
2023-05-16T17:57:42.1688095Z Collecting tomli>=2.0.1 (from tox)
2023-05-16T17:57:42.1816171Z   Downloading tomli-2.0.1-py3-none-any.whl (12 kB)
2023-05-16T17:57:42.3315689Z Collecting virtualenv>=20.21 (from tox)
2023-05-16T17:57:42.3452075Z   Downloading virtualenv-20.23.0-py3-none-any.whl (3.3 MB)
2023-05-16T17:57:42.5419958Z      ‚îÅ‚îÅ‚îÅ‚îÅ‚îÅ‚îÅ‚îÅ‚îÅ‚îÅ‚îÅ‚îÅ‚îÅ‚îÅ‚îÅ‚îÅ‚îÅ‚îÅ‚îÅ‚îÅ‚îÅ‚îÅ‚îÅ‚îÅ‚îÅ‚îÅ‚îÅ‚îÅ‚îÅ‚îÅ‚îÅ‚îÅ‚îÅ‚îÅ‚îÅ‚îÅ‚îÅ‚îÅ‚îÅ‚îÅ‚îÅ 3.3/3.3 MB 16.8 MB/s eta 0:00:00
2023-05-16T17:57:42.6737588Z Collecting distlib<1,>=0.3.6 (from virtualenv>=20.21->tox)
2023-05-16T17:57:42.6863880Z   Downloading distlib-0.3.6-py2.py3-none-any.whl (468 kB)
2023-05-16T17:57:42.7087965Z      ‚îÅ‚îÅ‚îÅ‚îÅ‚îÅ‚îÅ‚îÅ‚îÅ‚îÅ‚îÅ‚îÅ‚îÅ‚îÅ‚îÅ‚îÅ‚îÅ‚îÅ‚îÅ‚îÅ‚îÅ‚îÅ‚îÅ‚îÅ‚îÅ‚îÅ‚îÅ‚îÅ‚îÅ‚îÅ‚îÅ‚îÅ‚îÅ‚îÅ‚îÅ‚îÅ‚îÅ‚îÅ‚îÅ 468.5/468.5 kB 24.1 MB/s eta 0:00:00
2023-05-16T17:57:42.8829935Z Installing collected packages: distlib, tomli, pluggy, platformdirs, packaging, filelock, colorama, chardet, cachetools, virtualenv, pyproject-api, tox
2023-05-16T17:57:43.5722627Z Successfully installed cachetools-5.3.0 chardet-5.1.0 colorama-0.4.6 distlib-0.3.6 filelock-3.12.0 packaging-23.1 platformdirs-3.5.1 pluggy-1.0.0 pyproject-api-1.5.1 tomli-2.0.1 tox-4.5.1 virtualenv-20.23.0
2023-05-16T17:57:43.7721549Z ##[group]Run tox -e py -- --cov-report=xml
2023-05-16T17:57:43.7721892Z [36;1mtox -e py -- --cov-report=xml[0m
2023-05-16T17:57:43.7774166Z shell: /usr/bin/bash -e {0}
2023-05-16T17:57:43.7774372Z env:
2023-05-16T17:57:43.7774637Z   pythonLocation: /opt/hostedtoolcache/Python/3.8.16/x64
2023-05-16T17:57:43.7774980Z   PKG_CONFIG_PATH: /opt/hostedtoolcache/Python/3.8.16/x64/lib/pkgconfig
2023-05-16T17:57:43.7775300Z   Python_ROOT_DIR: /opt/hostedtoolcache/Python/3.8.16/x64
2023-05-16T17:57:43.7775613Z   Python2_ROOT_DIR: /opt/hostedtoolcache/Python/3.8.16/x64
2023-05-16T17:57:43.7775924Z   Python3_ROOT_DIR: /opt/hostedtoolcache/Python/3.8.16/x64
2023-05-16T17:57:43.7776238Z   LD_LIBRARY_PATH: /opt/hostedtoolcache/Python/3.8.16/x64/lib
2023-05-16T17:57:43.7776482Z ##[endgroup]
2023-05-16T17:57:44.5327321Z py: install_deps> python -I -m pip install pytest pytest-cov pytest-mock
2023-05-16T17:57:47.9710279Z .pkg: install_requires> python -I -m pip install 'setuptools>=46.4.0' versioningit
2023-05-16T17:57:49.9699763Z .pkg: _optional_hooks> python /opt/hostedtoolcache/Python/3.8.16/x64/lib/python3.8/site-packages/pyproject_api/_backend.py True setuptools.build_meta
2023-05-16T17:57:50.3490079Z .pkg: get_requires_for_build_sdist> python /opt/hostedtoolcache/Python/3.8.16/x64/lib/python3.8/site-packages/pyproject_api/_backend.py True setuptools.build_meta
2023-05-16T17:57:50.4839397Z .pkg: freeze> python -m pip freeze --all
2023-05-16T17:57:50.8743304Z .pkg: importlib-metadata==6.6.0,packaging==23.1,pip==23.1.2,setuptools==67.7.2,tomli==2.0.1,versioningit==2.2.0,wheel==0.40.0,zipp==3.15.0
2023-05-16T17:57:50.8749645Z .pkg: prepare_metadata_for_build_wheel> python /opt/hostedtoolcache/Python/3.8.16/x64/lib/python3.8/site-packages/pyproject_api/_backend.py True setuptools.build_meta
2023-05-16T17:57:51.0510261Z .pkg: build_sdist> python /opt/hostedtoolcache/Python/3.8.16/x64/lib/python3.8/site-packages/pyproject_api/_backend.py True setuptools.build_meta
2023-05-16T17:57:51.1506676Z py: install_package_deps> python -I -m pip install 'PyYAML>=5.0' 'click-loglevel~=0.2' 'click>=7.0' 'in-place~=0.4' 'pydantic~=1.7' 'python-dateutil~=2.7' 'python-dotenv<2.0,>=0.11' 'requests~=2.20'
2023-05-16T17:57:54.3755506Z py: install_package> python -I -m pip install --force-reinstall --no-deps /home/runner/work/tinuous/tinuous/.tox/.tmp/package/1/tinuous-0.6.1.post38+g742c976.tar.gz
2023-05-16T17:57:59.2048194Z py: freeze> python -m pip freeze --all
2023-05-16T17:57:59.6160774Z py: certifi==2023.5.7,charset-normalizer==3.1.0,click==8.1.3,click-loglevel==0.4.0.post1,coverage==7.2.5,exceptiongroup==1.1.1,idna==3.4,in-place==0.5.0,iniconfig==2.0.0,packaging==23.1,pip==23.1.2,pluggy==1.0.0,pydantic==1.10.7,pytest==7.3.1,pytest-cov==4.0.0,pytest-mock==3.10.0,python-dateutil==2.8.2,python-dotenv==1.0.0,PyYAML==6.0,requests==2.30.0,setuptools==67.7.2,six==1.16.0,tinuous @ file:///home/runner/work/tinuous/tinuous/.tox/.tmp/package/1/tinuous-0.6.1.post38%2Bg742c976.tar.gz#sha256=69fc85388a70272650da38efcadc2b1e0c41129066506109f38e14b585c10264,tomli==2.0.1,typing_extensions==4.5.0,urllib3==2.0.2,wheel==0.40.0
2023-05-16T17:57:59.6161756Z py: commands[0]> tinuous --help
2023-05-16T17:57:59.9519904Z Usage: tinuous [OPTIONS] COMMAND [ARGS]...
2023-05-16T17:57:59.9520437Z 
2023-05-16T17:57:59.9520751Z   Download build logs from GitHub Actions, Travis, Appveyor, and CircleCI
2023-05-16T17:57:59.9520990Z 
2023-05-16T17:57:59.9521084Z Options:
2023-05-16T17:57:59.9522264Z   -V, --version                   Show the version and exit.
2023-05-16T17:57:59.9522688Z   -c, --config FILE               Read configuration from the given file
2023-05-16T17:57:59.9523023Z                                   [default: tinuous.yaml]
2023-05-16T17:57:59.9523451Z   -E, --env FILE                  Load environment variables from given .env
2023-05-16T17:57:59.9523753Z                                   file
2023-05-16T17:57:59.9524103Z   -l, --log-level [NOTSET|DEBUG|INFO|WARNING|ERROR|CRITICAL]
2023-05-16T17:57:59.9524855Z                                   Set logging level  [default: INFO]
2023-05-16T17:57:59.9525298Z   --help                          Show this message and exit.
2023-05-16T17:57:59.9525500Z 
2023-05-16T17:57:59.9525583Z Commands:
2023-05-16T17:57:59.9525790Z   fetch         Download logs
2023-05-16T17:57:59.9526140Z   fetch-commit  Download logs for a specific commit
2023-05-16T17:57:59.9526442Z   sanitize      Sanitize secrets in logs
2023-05-16T17:57:59.9825851Z py: commands[1]> pytest --cov-report=xml test
2023-05-16T17:58:01.3107005Z ============================= test session starts ==============================
2023-05-16T17:58:01.3108029Z platform linux -- Python 3.8.16, pytest-7.3.1, pluggy-1.0.0
2023-05-16T17:58:01.3108436Z cachedir: .tox/py/.pytest_cache
2023-05-16T17:58:01.3108772Z rootdir: /home/runner/work/tinuous/tinuous
2023-05-16T17:58:01.3109115Z configfile: tox.ini
2023-05-16T17:58:01.3109489Z plugins: mock-3.10.0, cov-4.0.0
2023-05-16T17:58:01.3109786Z collected 64 items
2023-05-16T17:58:01.3109994Z 
2023-05-16T17:58:01.3290569Z test/test_base.py .........                                              [ 14%]
2023-05-16T17:58:01.3457640Z test/test_config.py ........                                             [ 26%]
2023-05-16T17:58:01.3736471Z test/test_state.py ........                                              [ 39%]
2023-05-16T17:58:01.7138462Z test/test_util.py .......................................                [100%]
2023-05-16T17:58:01.7139046Z 
2023-05-16T17:58:01.7139645Z ---------- coverage: platform linux, python 3.8.16-final-0 -----------
2023-05-16T17:58:01.7140081Z Coverage XML written to file coverage.xml
2023-05-16T17:58:01.7140326Z 
2023-05-16T17:58:01.7140399Z 
2023-05-16T17:58:01.7140607Z ============================== 64 passed in 0.89s ==============================
2023-05-16T17:58:01.7622072Z .pkg: _exit> python /opt/hostedtoolcache/Python/3.8.16/x64/lib/python3.8/site-packages/pyproject_api/_backend.py True setuptools.build_meta
2023-05-16T17:58:01.7929372Z   py: OK (17.62=setup[15.48]+cmd[0.37,1.78] seconds)
2023-05-16T17:58:01.7929888Z   congratulations :) (17.74 seconds)
2023-05-16T17:58:01.8257476Z ##[group]Run codecov/codecov-action@v3
2023-05-16T17:58:01.8257723Z with:
2023-05-16T17:58:01.8257919Z   fail_ci_if_error: false
2023-05-16T17:58:01.8258143Z env:
2023-05-16T17:58:01.8258386Z   pythonLocation: /opt/hostedtoolcache/Python/3.8.16/x64
2023-05-16T17:58:01.8258725Z   PKG_CONFIG_PATH: /opt/hostedtoolcache/Python/3.8.16/x64/lib/pkgconfig
2023-05-16T17:58:01.8259051Z   Python_ROOT_DIR: /opt/hostedtoolcache/Python/3.8.16/x64
2023-05-16T17:58:01.8259350Z   Python2_ROOT_DIR: /opt/hostedtoolcache/Python/3.8.16/x64
2023-05-16T17:58:01.8259658Z   Python3_ROOT_DIR: /opt/hostedtoolcache/Python/3.8.16/x64
2023-05-16T17:58:01.8259969Z   LD_LIBRARY_PATH: /opt/hostedtoolcache/Python/3.8.16/x64/lib
2023-05-16T17:58:01.8260210Z ##[endgroup]
2023-05-16T17:58:01.9837127Z ==> linux OS detected
2023-05-16T17:58:02.5776456Z https://uploader.codecov.io/latest/linux/codecov.SHA256SUM
2023-05-16T17:58:02.7003127Z ==> SHASUM file signed by key id 806bb28aed779869
2023-05-16T17:58:02.9063242Z ==> Uploader SHASUM verified (02b055414cc124203ab061ffc45f5497ca39ede5e63a06717a6981c32d7b425f  codecov)
2023-05-16T17:58:02.9064701Z ==> Running version latest
2023-05-16T17:58:03.0107441Z ==> Running version v0.5.0
2023-05-16T17:58:03.0131021Z [command]/home/runner/work/_actions/codecov/codecov-action/v3/dist/codecov -n  -Q github-action-3.1.4
2023-05-16T17:58:03.2802685Z [2023-05-16T17:58:03.278Z] ['info'] 
2023-05-16T17:58:03.2803487Z      _____          _
2023-05-16T17:58:03.2804125Z     / ____|        | |
2023-05-16T17:58:03.2804402Z    | |     ___   __| | ___  ___ _____   __
2023-05-16T17:58:03.2804701Z    | |    / _ \ / _` |/ _ \/ __/ _ \ \ / /
2023-05-16T17:58:03.2805138Z    | |___| (_) | (_| |  __/ (_| (_) \ V /
2023-05-16T17:58:03.2805454Z     \_____\___/ \__,_|\___|\___\___/ \_/
2023-05-16T17:58:03.2896438Z 
2023-05-16T17:58:03.2898752Z   Codecov report uploader 0.5.0
2023-05-16T17:58:03.2901494Z [2023-05-16T17:58:03.287Z] ['info'] => Project root located at: /home/runner/work/tinuous/tinuous
2023-05-16T17:58:03.2905572Z [2023-05-16T17:58:03.290Z] ['info'] -> No token specified or token is empty
2023-05-16T17:58:03.2972711Z [2023-05-16T17:58:03.296Z] ['info'] Searching for coverage files...
2023-05-16T17:58:03.4092438Z [2023-05-16T17:58:03.408Z] ['info'] Warning: Some files located via search were excluded from upload.
2023-05-16T17:58:03.4098107Z [2023-05-16T17:58:03.409Z] ['info'] If Codecov did not locate your files, please review https://docs.codecov.com/docs/supported-report-formats
2023-05-16T17:58:03.4104121Z [2023-05-16T17:58:03.410Z] ['info'] => Found 1 possible coverage files:
2023-05-16T17:58:03.4104768Z   coverage.xml
2023-05-16T17:58:03.4111484Z [2023-05-16T17:58:03.410Z] ['info'] Processing /home/runner/work/tinuous/tinuous/coverage.xml...
2023-05-16T17:58:03.4164816Z [2023-05-16T17:58:03.416Z] ['info'] Detected GitHub Actions as the CI provider.
2023-05-16T17:58:03.6631771Z [2023-05-16T17:58:03.662Z] ['info'] Pinging Codecov: https://codecov.io/upload/v4?package=github-action-3.1.4-uploader-0.5.0&token=*******&branch=master&build=4995164469&build_url=https%3A%2F%2Fgithub.com%2Fcon%2Ftinuous%2Factions%2Fruns%2F4995164469&commit=742c9760e13e86918654ad67eecb4ec6318f428c&job=Test&pr=&service=github-actions&slug=con%2Ftinuous&name=&tag=&flags=&parent=
2023-05-16T17:58:04.1586431Z [2023-05-16T17:58:04.158Z] ['info'] https://app.codecov.io/github/con/tinuous/commit/742c9760e13e86918654ad67eecb4ec6318f428c
2023-05-16T17:58:04.1588830Z https://storage.googleapis.com/codecov/v4/raw/2023-05-16/0010CBA6D851417C00BB0BC3FC5895F9/742c9760e13e86918654ad67eecb4ec6318f428c/cffab891-8559-421a-97fd-a4b9d0db7119.txt?X-Amz-Algorithm=AWS4-HMAC-SHA256&X-Amz-Credential=GOOG1EJOGFN2JQ4OCTGA2MU5AEIT7OT5Z7HTFOAN2SPG4NWSN2UJYOY5U6LZQ%2F20230516%2FUS%2Fs3%2Faws4_request&X-Amz-Date=20230516T175804Z&X-Amz-Expires=10&X-Amz-SignedHeaders=host&X-Amz-Signature=4b788de49df7aab55dc86e56dad6c265fb0019c88f1a7aa04df96d0338a7a395
2023-05-16T17:58:04.1596528Z [2023-05-16T17:58:04.159Z] ['info'] Uploading...
2023-05-16T17:58:04.3723475Z [2023-05-16T17:58:04.371Z] ['info'] {"status":"success","resultURL":"https://app.codecov.io/github/con/tinuous/commit/742c9760e13e86918654ad67eecb4ec6318f428c"}
2023-05-16T17:58:04.4246864Z Post job cleanup.
2023-05-16T17:58:04.6054190Z Post job cleanup.
2023-05-16T17:58:04.7216226Z [command]/usr/bin/git version
2023-05-16T17:58:04.7268088Z git version 2.40.1
2023-05-16T17:58:04.7321924Z Temporarily overriding HOME='/home/runner/work/_temp/110ddf52-0c1e-43d0-b109-10748b054be7' before making global git config changes
2023-05-16T17:58:04.7323161Z Adding repository directory to the temporary git global config as a safe directory
2023-05-16T17:58:04.7329971Z [command]/usr/bin/git config --global --add safe.directory /home/runner/work/tinuous/tinuous
2023-05-16T17:58:04.7372058Z [command]/usr/bin/git config --local --name-only --get-regexp core\.sshCommand
2023-05-16T17:58:04.7412423Z [command]/usr/bin/git submodule foreach --recursive sh -c "git config --local --name-only --get-regexp 'core\.sshCommand' && git config --local --unset-all 'core.sshCommand' || :"
2023-05-16T17:58:04.7685683Z [command]/usr/bin/git config --local --name-only --get-regexp http\.https\:\/\/github\.com\/\.extraheader
2023-05-16T17:58:04.7722862Z http.https://github.com/.extraheader
2023-05-16T17:58:04.7744150Z [command]/usr/bin/git config --local --unset-all http.https://github.com/.extraheader
2023-05-16T17:58:04.7788553Z [command]/usr/bin/git submodule foreach --recursive sh -c "git config --local --name-only --get-regexp 'http\.https\:\/\/github\.com\/\.extraheader' && git config --local --unset-all 'http.https://github.com/.extraheader' || :"
2023-05-16T17:58:04.8327837Z Cleaning up orphan processes
