2023-05-16T17:57:27.7303981Z Requested labels: ubuntu-latest
2023-05-16T17:57:27.7304202Z Job defined at: con/tinuous/.github/workflows/test.yml@refs/heads/master
2023-05-16T17:57:27.7304286Z Waiting for a runner to pick up this job...
2023-05-16T17:57:30.1339842Z Job is waiting for a hosted runner to come online.
2023-05-16T17:57:30.2441125Z Job is about to start running on the hosted runner: GitHub Actions 6 (hosted)
2023-05-16T17:57:33.7443189Z Current runner version: '2.304.0'
2023-05-16T17:57:33.7470495Z ##[group]Operating System
2023-05-16T17:57:33.7471139Z Ubuntu
2023-05-16T17:57:33.7471436Z 22.04.2
2023-05-16T17:57:33.7471700Z LTS
2023-05-16T17:57:33.7472009Z ##[endgroup]
2023-05-16T17:57:33.7472335Z ##[group]Runner Image
2023-05-16T17:57:33.7472688Z Image: ubuntu-22.04
2023-05-16T17:57:33.7473014Z Version: 20230507.1
2023-05-16T17:57:33.7473550Z Included Software: https://github.com/actions/runner-images/blob/ubuntu22/20230507.1/images/linux/Ubuntu2204-Readme.md
2023-05-16T17:57:33.7474205Z Image Release: https://github.com/actions/runner-images/releases/tag/ubuntu22%2F20230507.1
2023-05-16T17:57:33.7474606Z ##[endgroup]
2023-05-16T17:57:33.7474992Z ##[group]Runner Image Provisioner
2023-05-16T17:57:33.7475348Z 2.0.171.1
2023-05-16T17:57:33.7475606Z ##[endgroup]
2023-05-16T17:57:33.7476582Z ##[group]GITHUB_TOKEN Permissions
2023-05-16T17:57:33.7477238Z Actions: write
2023-05-16T17:57:33.7477566Z Checks: write
2023-05-16T17:57:33.7478050Z Contents: write
2023-05-16T17:57:33.7478535Z Deployments: write
2023-05-16T17:57:33.7478839Z Discussions: write
2023-05-16T17:57:33.7479165Z Issues: write
2023-05-16T17:57:33.7479475Z Metadata: read
2023-05-16T17:57:33.7479769Z Packages: write
2023-05-16T17:57:33.7480093Z Pages: write
2023-05-16T17:57:33.7480418Z PullRequests: write
2023-05-16T17:57:33.7480743Z RepositoryProjects: write
2023-05-16T17:57:33.7481126Z SecurityEvents: write
2023-05-16T17:57:33.7481502Z Statuses: write
2023-05-16T17:57:33.7481773Z ##[endgroup]
2023-05-16T17:57:33.7485716Z Secret source: Actions
2023-05-16T17:57:33.7486207Z Prepare workflow directory
2023-05-16T17:57:33.8240907Z Prepare all required actions
2023-05-16T17:57:33.8424961Z Getting action download info
2023-05-16T17:57:34.1139531Z Download action repository 'actions/checkout@v3' (SHA:8e5e7e5ab8b370d6c329ec480221332ada57f0ab)
2023-05-16T17:57:34.4195232Z Download action repository 'actions/setup-python@v4' (SHA:57ded4d7d5e986d7296eab16560982c6dd7c923b)
2023-05-16T17:57:34.7770527Z Download action repository 'codecov/codecov-action@v3' (SHA:eaaf4bedf32dbdc6b720b63067d99c4d77d6047d)
2023-05-16T17:57:35.1414484Z Complete job name: test (3.8, lint)
2023-05-16T17:57:35.2554151Z ##[group]Run actions/checkout@v3
2023-05-16T17:57:35.2554487Z with:
2023-05-16T17:57:35.2554712Z   fetch-depth: 0
2023-05-16T17:57:35.2554954Z   repository: con/tinuous
2023-05-16T17:57:35.2555402Z   token: ***
2023-05-16T17:57:35.2555628Z   ssh-strict: true
2023-05-16T17:57:35.2555895Z   persist-credentials: true
2023-05-16T17:57:35.2556147Z   clean: true
2023-05-16T17:57:35.2556363Z   lfs: false
2023-05-16T17:57:35.2556576Z   submodules: false
2023-05-16T17:57:35.2556828Z   set-safe-directory: true
2023-05-16T17:57:35.2557072Z ##[endgroup]
2023-05-16T17:57:35.4704748Z Syncing repository: con/tinuous
2023-05-16T17:57:35.4706610Z ##[group]Getting Git version info
2023-05-16T17:57:35.4707136Z Working directory is '/home/runner/work/tinuous/tinuous'
2023-05-16T17:57:35.4707723Z [command]/usr/bin/git version
2023-05-16T17:57:35.4748491Z git version 2.40.1
2023-05-16T17:57:35.4778536Z ##[endgroup]
2023-05-16T17:57:35.4796822Z Temporarily overriding HOME='/home/runner/work/_temp/9b1ce523-29fd-4aee-a2fd-a629343c5c41' before making global git config changes
2023-05-16T17:57:35.4797837Z Adding repository directory to the temporary git global config as a safe directory
2023-05-16T17:57:35.4804569Z [command]/usr/bin/git config --global --add safe.directory /home/runner/work/tinuous/tinuous
2023-05-16T17:57:35.4853689Z Deleting the contents of '/home/runner/work/tinuous/tinuous'
2023-05-16T17:57:35.4861694Z ##[group]Initializing the repository
2023-05-16T17:57:35.4867821Z [command]/usr/bin/git init /home/runner/work/tinuous/tinuous
2023-05-16T17:57:35.4927972Z hint: Using 'master' as the name for the initial branch. This default branch name
2023-05-16T17:57:35.4928838Z hint: is subject to change. To configure the initial branch name to use in all
2023-05-16T17:57:35.4929695Z hint: of your new repositories, which will suppress this warning, call:
2023-05-16T17:57:35.4930492Z hint: 
2023-05-16T17:57:35.4931729Z hint: 	git config --global init.defaultBranch <name>
2023-05-16T17:57:35.4932532Z hint: 
2023-05-16T17:57:35.4933145Z hint: Names commonly chosen instead of 'master' are 'main', 'trunk' and
2023-05-16T17:57:35.4934196Z hint: 'development'. The just-created branch can be renamed via this command:
2023-05-16T17:57:35.4934696Z hint: 
2023-05-16T17:57:35.4935369Z hint: 	git branch -m <name>
2023-05-16T17:57:35.4940887Z Initialized empty Git repository in /home/runner/work/tinuous/tinuous/.git/
2023-05-16T17:57:35.4954281Z [command]/usr/bin/git remote add origin https://github.com/con/tinuous
2023-05-16T17:57:35.4995808Z ##[endgroup]
2023-05-16T17:57:35.4997787Z ##[group]Disabling automatic garbage collection
2023-05-16T17:57:35.5004815Z [command]/usr/bin/git config --local gc.auto 0
2023-05-16T17:57:35.5037696Z ##[endgroup]
2023-05-16T17:57:35.5038369Z ##[group]Setting up auth
2023-05-16T17:57:35.5044010Z [command]/usr/bin/git config --local --name-only --get-regexp core\.sshCommand
2023-05-16T17:57:35.5075519Z [command]/usr/bin/git submodule foreach --recursive sh -c "git config --local --name-only --get-regexp 'core\.sshCommand' && git config --local --unset-all 'core.sshCommand' || :"
2023-05-16T17:57:35.5377157Z [command]/usr/bin/git config --local --name-only --get-regexp http\.https\:\/\/github\.com\/\.extraheader
2023-05-16T17:57:35.5406645Z [command]/usr/bin/git submodule foreach --recursive sh -c "git config --local --name-only --get-regexp 'http\.https\:\/\/github\.com\/\.extraheader' && git config --local --unset-all 'http.https://github.com/.extraheader' || :"
2023-05-16T17:57:35.5618779Z [command]/usr/bin/git config --local http.https://github.com/.extraheader AUTHORIZATION: basic ***
2023-05-16T17:57:35.5654035Z ##[endgroup]
2023-05-16T17:57:35.5654750Z ##[group]Fetching the repository
2023-05-16T17:57:35.5663656Z [command]/usr/bin/git -c protocol.version=2 fetch --prune --progress --no-recurse-submodules origin +refs/heads/*:refs/remotes/origin/* +refs/tags/*:refs/tags/*
2023-05-16T17:57:35.8439138Z remote: Enumerating objects: 1218, done.        
2023-05-16T17:57:35.8493613Z remote: Counting objects:   0% (1/440)        
2023-05-16T17:57:35.8494103Z remote: Counting objects:   1% (5/440)        
2023-05-16T17:57:35.8494576Z remote: Counting objects:   2% (9/440)        
2023-05-16T17:57:35.8495341Z remote: Counting objects:   3% (14/440)        
2023-05-16T17:57:35.8495824Z remote: Counting objects:   4% (18/440)        
2023-05-16T17:57:35.8496454Z remote: Counting objects:   5% (22/440)        
2023-05-16T17:57:35.8497061Z remote: Counting objects:   6% (27/440)        
2023-05-16T17:57:35.8497620Z remote: Counting objects:   7% (31/440)        
2023-05-16T17:57:35.8498186Z remote: Counting objects:   8% (36/440)        
2023-05-16T17:57:35.8498767Z remote: Counting objects:   9% (40/440)        
2023-05-16T17:57:35.8499354Z remote: Counting objects:  10% (44/440)        
2023-05-16T17:57:35.8499940Z remote: Counting objects:  11% (49/440)        
2023-05-16T17:57:35.8500527Z remote: Counting objects:  12% (53/440)        
2023-05-16T17:57:35.8501092Z remote: Counting objects:  13% (58/440)        
2023-05-16T17:57:35.8501694Z remote: Counting objects:  14% (62/440)        
2023-05-16T17:57:35.8502245Z remote: Counting objects:  15% (66/440)        
2023-05-16T17:57:35.8502816Z remote: Counting objects:  16% (71/440)        
2023-05-16T17:57:35.8504360Z remote: Counting objects:  17% (75/440)        
2023-05-16T17:57:35.8504989Z remote: Counting objects:  18% (80/440)        
2023-05-16T17:57:35.8505227Z remote: Counting objects:  19% (84/440)        
2023-05-16T17:57:35.8505561Z remote: Counting objects:  20% (88/440)        
2023-05-16T17:57:35.8505821Z remote: Counting objects:  21% (93/440)        
2023-05-16T17:57:35.8506072Z remote: Counting objects:  22% (97/440)        
2023-05-16T17:57:35.8506316Z remote: Counting objects:  23% (102/440)        
2023-05-16T17:57:35.8506580Z remote: Counting objects:  24% (106/440)        
2023-05-16T17:57:35.8507068Z remote: Counting objects:  25% (110/440)        
2023-05-16T17:57:35.8507318Z remote: Counting objects:  26% (115/440)        
2023-05-16T17:57:35.8507589Z remote: Counting objects:  27% (119/440)        
2023-05-16T17:57:35.8507882Z remote: Counting objects:  28% (124/440)        
2023-05-16T17:57:35.8508128Z remote: Counting objects:  29% (128/440)        
2023-05-16T17:57:35.8508374Z remote: Counting objects:  30% (132/440)        
2023-05-16T17:57:35.8508626Z remote: Counting objects:  31% (137/440)        
2023-05-16T17:57:35.8508868Z remote: Counting objects:  32% (141/440)        
2023-05-16T17:57:35.8509110Z remote: Counting objects:  33% (146/440)        
2023-05-16T17:57:35.8509353Z remote: Counting objects:  34% (150/440)        
2023-05-16T17:57:35.8509613Z remote: Counting objects:  35% (154/440)        
2023-05-16T17:57:35.8509862Z remote: Counting objects:  36% (159/440)        
2023-05-16T17:57:35.8510106Z remote: Counting objects:  37% (163/440)        
2023-05-16T17:57:35.8510353Z remote: Counting objects:  38% (168/440)        
2023-05-16T17:57:35.8510591Z remote: Counting objects:  39% (172/440)        
2023-05-16T17:57:35.8510836Z remote: Counting objects:  40% (176/440)        
2023-05-16T17:57:35.8511078Z remote: Counting objects:  41% (181/440)        
2023-05-16T17:57:35.8511323Z remote: Counting objects:  42% (185/440)        
2023-05-16T17:57:35.8511576Z remote: Counting objects:  43% (190/440)        
2023-05-16T17:57:35.8511817Z remote: Counting objects:  44% (194/440)        
2023-05-16T17:57:35.8512057Z remote: Counting objects:  45% (198/440)        
2023-05-16T17:57:35.8512294Z remote: Counting objects:  46% (203/440)        
2023-05-16T17:57:35.8512533Z remote: Counting objects:  47% (207/440)        
2023-05-16T17:57:35.8512778Z remote: Counting objects:  48% (212/440)        
2023-05-16T17:57:35.8513011Z remote: Counting objects:  49% (216/440)        
2023-05-16T17:57:35.8513279Z remote: Counting objects:  50% (220/440)        
2023-05-16T17:57:35.8513547Z remote: Counting objects:  51% (225/440)        
2023-05-16T17:57:35.8513780Z remote: Counting objects:  52% (229/440)        
2023-05-16T17:57:35.8514112Z remote: Counting objects:  53% (234/440)        
2023-05-16T17:57:35.8514357Z remote: Counting objects:  54% (238/440)        
2023-05-16T17:57:35.8514591Z remote: Counting objects:  55% (242/440)        
2023-05-16T17:57:35.8514837Z remote: Counting objects:  56% (247/440)        
2023-05-16T17:57:35.8515088Z remote: Counting objects:  57% (251/440)        
2023-05-16T17:57:35.8515350Z remote: Counting objects:  58% (256/440)        
2023-05-16T17:57:35.8515589Z remote: Counting objects:  59% (260/440)        
2023-05-16T17:57:35.8515830Z remote: Counting objects:  60% (264/440)        
2023-05-16T17:57:35.8516073Z remote: Counting objects:  61% (269/440)        
2023-05-16T17:57:35.8516306Z remote: Counting objects:  62% (273/440)        
2023-05-16T17:57:35.8516543Z remote: Counting objects:  63% (278/440)        
2023-05-16T17:57:35.8516893Z remote: Counting objects:  64% (282/440)        
2023-05-16T17:57:35.8517165Z remote: Counting objects:  65% (286/440)        
2023-05-16T17:57:35.8517420Z remote: Counting objects:  66% (291/440)        
2023-05-16T17:57:35.8517669Z remote: Counting objects:  67% (295/440)        
2023-05-16T17:57:35.8517913Z remote: Counting objects:  68% (300/440)        
2023-05-16T17:57:35.8518147Z remote: Counting objects:  69% (304/440)        
2023-05-16T17:57:35.8518394Z remote: Counting objects:  70% (308/440)        
2023-05-16T17:57:35.8518640Z remote: Counting objects:  71% (313/440)        
2023-05-16T17:57:35.8518893Z remote: Counting objects:  72% (317/440)        
2023-05-16T17:57:35.8519148Z remote: Counting objects:  73% (322/440)        
2023-05-16T17:57:35.8519399Z remote: Counting objects:  74% (326/440)        
2023-05-16T17:57:35.8519643Z remote: Counting objects:  75% (330/440)        
2023-05-16T17:57:35.8519884Z remote: Counting objects:  76% (335/440)        
2023-05-16T17:57:35.8520132Z remote: Counting objects:  77% (339/440)        
2023-05-16T17:57:35.8520467Z remote: Counting objects:  78% (344/440)        
2023-05-16T17:57:35.8520704Z remote: Counting objects:  79% (348/440)        
2023-05-16T17:57:35.8520967Z remote: Counting objects:  80% (352/440)        
2023-05-16T17:57:35.8521225Z remote: Counting objects:  81% (357/440)        
2023-05-16T17:57:35.8521458Z remote: Counting objects:  82% (361/440)        
2023-05-16T17:57:35.8521702Z remote: Counting objects:  83% (366/440)        
2023-05-16T17:57:35.8521944Z remote: Counting objects:  84% (370/440)        
2023-05-16T17:57:35.8522187Z remote: Counting objects:  85% (374/440)        
2023-05-16T17:57:35.8522424Z remote: Counting objects:  86% (379/440)        
2023-05-16T17:57:35.8522671Z remote: Counting objects:  87% (383/440)        
2023-05-16T17:57:35.8522927Z remote: Counting objects:  88% (388/440)        
2023-05-16T17:57:35.8523163Z remote: Counting objects:  89% (392/440)        
2023-05-16T17:57:35.8523399Z remote: Counting objects:  90% (396/440)        
2023-05-16T17:57:35.8523648Z remote: Counting objects:  91% (401/440)        
2023-05-16T17:57:35.8523887Z remote: Counting objects:  92% (405/440)        
2023-05-16T17:57:35.8524286Z remote: Counting objects:  93% (410/440)        
2023-05-16T17:57:35.8524537Z remote: Counting objects:  94% (414/440)        
2023-05-16T17:57:35.8524794Z remote: Counting objects:  95% (418/440)        
2023-05-16T17:57:35.8525059Z remote: Counting objects:  96% (423/440)        
2023-05-16T17:57:35.8525307Z remote: Counting objects:  97% (427/440)        
2023-05-16T17:57:35.8525552Z remote: Counting objects:  98% (432/440)        
2023-05-16T17:57:35.8525786Z remote: Counting objects:  99% (436/440)        
2023-05-16T17:57:35.8526030Z remote: Counting objects: 100% (440/440)        
2023-05-16T17:57:35.8526303Z remote: Counting objects: 100% (440/440), done.        
2023-05-16T17:57:35.8526595Z remote: Compressing objects:   0% (1/246)        
2023-05-16T17:57:35.8526879Z remote: Compressing objects:   1% (3/246)        
2023-05-16T17:57:35.8527167Z remote: Compressing objects:   2% (5/246)        
2023-05-16T17:57:35.8527535Z remote: Compressing objects:   3% (8/246)        
2023-05-16T17:57:35.8527814Z remote: Compressing objects:   4% (10/246)        
2023-05-16T17:57:35.8528087Z remote: Compressing objects:   5% (13/246)        
2023-05-16T17:57:35.8528675Z remote: Compressing objects:   6% (15/246)        
2023-05-16T17:57:35.8529890Z remote: Compressing objects:   7% (18/246)        
2023-05-16T17:57:35.8530389Z remote: Compressing objects:   8% (20/246)        
2023-05-16T17:57:35.8578545Z remote: Compressing objects:   9% (23/246)        
2023-05-16T17:57:35.8578851Z remote: Compressing objects:  10% (25/246)        
2023-05-16T17:57:35.8579111Z remote: Compressing objects:  11% (28/246)        
2023-05-16T17:57:35.8579378Z remote: Compressing objects:  12% (30/246)        
2023-05-16T17:57:35.8579647Z remote: Compressing objects:  13% (32/246)        
2023-05-16T17:57:35.8579894Z remote: Compressing objects:  14% (35/246)        
2023-05-16T17:57:35.8580187Z remote: Compressing objects:  15% (37/246)        
2023-05-16T17:57:35.8580479Z remote: Compressing objects:  16% (40/246)        
2023-05-16T17:57:35.8580734Z remote: Compressing objects:  17% (42/246)        
2023-05-16T17:57:35.8580993Z remote: Compressing objects:  18% (45/246)        
2023-05-16T17:57:35.8581247Z remote: Compressing objects:  19% (47/246)        
2023-05-16T17:57:35.8581494Z remote: Compressing objects:  20% (50/246)        
2023-05-16T17:57:35.8581752Z remote: Compressing objects:  21% (52/246)        
2023-05-16T17:57:35.8582007Z remote: Compressing objects:  22% (55/246)        
2023-05-16T17:57:35.8582279Z remote: Compressing objects:  23% (57/246)        
2023-05-16T17:57:35.8582544Z remote: Compressing objects:  24% (60/246)        
2023-05-16T17:57:35.8582800Z remote: Compressing objects:  25% (62/246)        
2023-05-16T17:57:35.8583056Z remote: Compressing objects:  26% (64/246)        
2023-05-16T17:57:35.8583479Z remote: Compressing objects:  27% (67/246)        
2023-05-16T17:57:35.8632110Z remote: Compressing objects:  28% (69/246)        
2023-05-16T17:57:35.8632450Z remote: Compressing objects:  29% (72/246)        
2023-05-16T17:57:35.8633086Z remote: Compressing objects:  30% (74/246)        
2023-05-16T17:57:35.8633357Z remote: Compressing objects:  31% (77/246)        
2023-05-16T17:57:35.8633629Z remote: Compressing objects:  32% (79/246)        
2023-05-16T17:57:35.8634256Z remote: Compressing objects:  33% (82/246)        
2023-05-16T17:57:35.8634511Z remote: Compressing objects:  34% (84/246)        
2023-05-16T17:57:35.8635100Z remote: Compressing objects:  35% (87/246)        
2023-05-16T17:57:35.8635370Z remote: Compressing objects:  36% (89/246)        
2023-05-16T17:57:35.8635616Z remote: Compressing objects:  37% (92/246)        
2023-05-16T17:57:35.8635898Z remote: Compressing objects:  38% (94/246)        
2023-05-16T17:57:35.8636176Z remote: Compressing objects:  39% (96/246)        
2023-05-16T17:57:35.8636453Z remote: Compressing objects:  40% (99/246)        
2023-05-16T17:57:35.8636709Z remote: Compressing objects:  41% (101/246)        
2023-05-16T17:57:35.8636990Z remote: Compressing objects:  42% (104/246)        
2023-05-16T17:57:35.8637260Z remote: Compressing objects:  43% (106/246)        
2023-05-16T17:57:35.8637513Z remote: Compressing objects:  44% (109/246)        
2023-05-16T17:57:35.8638236Z remote: Compressing objects:  45% (111/246)        
2023-05-16T17:57:35.8638860Z remote: Compressing objects:  46% (114/246)        
2023-05-16T17:57:35.8639124Z remote: Compressing objects:  47% (116/246)        
2023-05-16T17:57:35.8639375Z remote: Compressing objects:  48% (119/246)        
2023-05-16T17:57:35.8639646Z remote: Compressing objects:  49% (121/246)        
2023-05-16T17:57:35.8639910Z remote: Compressing objects:  50% (123/246)        
2023-05-16T17:57:35.8640162Z remote: Compressing objects:  51% (126/246)        
2023-05-16T17:57:35.8640418Z remote: Compressing objects:  52% (128/246)        
2023-05-16T17:57:35.8640702Z remote: Compressing objects:  53% (131/246)        
2023-05-16T17:57:35.8641190Z remote: Compressing objects:  54% (133/246)        
2023-05-16T17:57:35.8641460Z remote: Compressing objects:  55% (136/246)        
2023-05-16T17:57:35.8641723Z remote: Compressing objects:  56% (138/246)        
2023-05-16T17:57:35.8641984Z remote: Compressing objects:  57% (141/246)        
2023-05-16T17:57:35.8642232Z remote: Compressing objects:  58% (143/246)        
2023-05-16T17:57:35.8642499Z remote: Compressing objects:  59% (146/246)        
2023-05-16T17:57:35.8642772Z remote: Compressing objects:  60% (148/246)        
2023-05-16T17:57:35.8643041Z remote: Compressing objects:  61% (151/246)        
2023-05-16T17:57:35.8643301Z remote: Compressing objects:  62% (153/246)        
2023-05-16T17:57:35.8643559Z remote: Compressing objects:  63% (155/246)        
2023-05-16T17:57:35.8643804Z remote: Compressing objects:  64% (158/246)        
2023-05-16T17:57:35.8644191Z remote: Compressing objects:  65% (160/246)        
2023-05-16T17:57:35.8644534Z remote: Compressing objects:  66% (163/246)        
2023-05-16T17:57:35.8644788Z remote: Compressing objects:  67% (165/246)        
2023-05-16T17:57:35.8645061Z remote: Compressing objects:  68% (168/246)        
2023-05-16T17:57:35.8645337Z remote: Compressing objects:  69% (170/246)        
2023-05-16T17:57:35.8646095Z remote: Compressing objects:  70% (173/246)        
2023-05-16T17:57:35.8646349Z remote: Compressing objects:  71% (175/246)        
2023-05-16T17:57:35.8646608Z remote: Compressing objects:  72% (178/246)        
2023-05-16T17:57:35.8646873Z remote: Compressing objects:  73% (180/246)        
2023-05-16T17:57:35.8647120Z remote: Compressing objects:  74% (183/246)        
2023-05-16T17:57:35.8647395Z remote: Compressing objects:  75% (185/246)        
2023-05-16T17:57:35.8647669Z remote: Compressing objects:  76% (187/246)        
2023-05-16T17:57:35.8647927Z remote: Compressing objects:  77% (190/246)        
2023-05-16T17:57:35.8648374Z remote: Compressing objects:  78% (192/246)        
2023-05-16T17:57:35.8648636Z remote: Compressing objects:  79% (195/246)        
2023-05-16T17:57:35.8648904Z remote: Compressing objects:  80% (197/246)        
2023-05-16T17:57:35.8649152Z remote: Compressing objects:  81% (200/246)        
2023-05-16T17:57:35.8649410Z remote: Compressing objects:  82% (202/246)        
2023-05-16T17:57:35.8649697Z remote: Compressing objects:  83% (205/246)        
2023-05-16T17:57:35.8649964Z remote: Compressing objects:  84% (207/246)        
2023-05-16T17:57:35.8650223Z remote: Compressing objects:  85% (210/246)        
2023-05-16T17:57:35.8650480Z remote: Compressing objects:  86% (212/246)        
2023-05-16T17:57:35.8650729Z remote: Compressing objects:  87% (215/246)        
2023-05-16T17:57:35.8650971Z remote: Compressing objects:  88% (217/246)        
2023-05-16T17:57:35.8651234Z remote: Compressing objects:  89% (219/246)        
2023-05-16T17:57:35.8651524Z remote: Compressing objects:  90% (222/246)        
2023-05-16T17:57:35.8651803Z remote: Compressing objects:  91% (224/246)        
2023-05-16T17:57:35.8652066Z remote: Compressing objects:  92% (227/246)        
2023-05-16T17:57:35.8652316Z remote: Compressing objects:  93% (229/246)        
2023-05-16T17:57:35.8652568Z remote: Compressing objects:  94% (232/246)        
2023-05-16T17:57:35.8652823Z remote: Compressing objects:  95% (234/246)        
2023-05-16T17:57:35.8653063Z remote: Compressing objects:  96% (237/246)        
2023-05-16T17:57:35.8653319Z remote: Compressing objects:  97% (239/246)        
2023-05-16T17:57:35.8653592Z remote: Compressing objects:  98% (242/246)        
2023-05-16T17:57:35.8653850Z remote: Compressing objects:  99% (244/246)        
2023-05-16T17:57:35.8654101Z remote: Compressing objects: 100% (246/246)        
2023-05-16T17:57:35.8654378Z remote: Compressing objects: 100% (246/246), done.        
2023-05-16T17:57:35.8688264Z Receiving objects:   0% (1/1218)
2023-05-16T17:57:35.8688566Z Receiving objects:   1% (13/1218)
2023-05-16T17:57:35.8691294Z Receiving objects:   2% (25/1218)
2023-05-16T17:57:35.8692480Z Receiving objects:   3% (37/1218)
2023-05-16T17:57:35.8693364Z Receiving objects:   4% (49/1218)
2023-05-16T17:57:35.8694937Z Receiving objects:   5% (61/1218)
2023-05-16T17:57:35.8814516Z Receiving objects:   6% (74/1218)
2023-05-16T17:57:35.8814798Z Receiving objects:   7% (86/1218)
2023-05-16T17:57:35.8815035Z Receiving objects:   8% (98/1218)
2023-05-16T17:57:35.8815268Z Receiving objects:   9% (110/1218)
2023-05-16T17:57:35.8815511Z Receiving objects:  10% (122/1218)
2023-05-16T17:57:35.8815749Z Receiving objects:  11% (134/1218)
2023-05-16T17:57:35.8815979Z Receiving objects:  12% (147/1218)
2023-05-16T17:57:35.8816197Z Receiving objects:  13% (159/1218)
2023-05-16T17:57:35.8816423Z Receiving objects:  14% (171/1218)
2023-05-16T17:57:35.8816644Z Receiving objects:  15% (183/1218)
2023-05-16T17:57:35.8816854Z Receiving objects:  16% (195/1218)
2023-05-16T17:57:35.8817081Z Receiving objects:  17% (208/1218)
2023-05-16T17:57:35.8817343Z Receiving objects:  18% (220/1218)
2023-05-16T17:57:35.8817555Z Receiving objects:  19% (232/1218)
2023-05-16T17:57:35.8817782Z Receiving objects:  20% (244/1218)
2023-05-16T17:57:35.8817999Z Receiving objects:  21% (256/1218)
2023-05-16T17:57:35.8818207Z Receiving objects:  22% (268/1218)
2023-05-16T17:57:35.8818594Z Receiving objects:  23% (281/1218)
2023-05-16T17:57:35.8818818Z Receiving objects:  24% (293/1218)
2023-05-16T17:57:35.8819054Z Receiving objects:  25% (305/1218)
2023-05-16T17:57:35.8819275Z Receiving objects:  26% (317/1218)
2023-05-16T17:57:35.8819492Z Receiving objects:  27% (329/1218)
2023-05-16T17:57:35.8819708Z Receiving objects:  28% (342/1218)
2023-05-16T17:57:35.8819916Z Receiving objects:  29% (354/1218)
2023-05-16T17:57:35.8820141Z Receiving objects:  30% (366/1218)
2023-05-16T17:57:35.8820361Z Receiving objects:  31% (378/1218)
2023-05-16T17:57:35.8820581Z Receiving objects:  32% (390/1218)
2023-05-16T17:57:35.8820817Z Receiving objects:  33% (402/1218)
2023-05-16T17:57:35.8821254Z Receiving objects:  34% (415/1218)
2023-05-16T17:57:35.8821464Z Receiving objects:  35% (427/1218)
2023-05-16T17:57:35.8821687Z Receiving objects:  36% (439/1218)
2023-05-16T17:57:35.8821907Z Receiving objects:  37% (451/1218)
2023-05-16T17:57:35.8822114Z Receiving objects:  38% (463/1218)
2023-05-16T17:57:35.8822329Z Receiving objects:  39% (476/1218)
2023-05-16T17:57:35.8822560Z Receiving objects:  40% (488/1218)
2023-05-16T17:57:35.8822782Z Receiving objects:  41% (500/1218)
2023-05-16T17:57:35.8822999Z Receiving objects:  42% (512/1218)
2023-05-16T17:57:35.8823216Z Receiving objects:  43% (524/1218)
2023-05-16T17:57:35.8858456Z Receiving objects:  44% (536/1218)
2023-05-16T17:57:35.8860983Z Receiving objects:  45% (549/1218)
2023-05-16T17:57:35.8865881Z Receiving objects:  46% (561/1218)
2023-05-16T17:57:35.8869916Z Receiving objects:  47% (573/1218)
2023-05-16T17:57:35.8873878Z Receiving objects:  48% (585/1218)
2023-05-16T17:57:35.8876050Z Receiving objects:  49% (597/1218)
2023-05-16T17:57:35.8878237Z Receiving objects:  50% (609/1218)
2023-05-16T17:57:35.8880340Z Receiving objects:  51% (622/1218)
2023-05-16T17:57:35.8882957Z Receiving objects:  52% (634/1218)
2023-05-16T17:57:35.8885520Z Receiving objects:  53% (646/1218)
2023-05-16T17:57:35.8888060Z Receiving objects:  54% (658/1218)
2023-05-16T17:57:35.8889896Z Receiving objects:  55% (670/1218)
2023-05-16T17:57:35.8892247Z Receiving objects:  56% (683/1218)
2023-05-16T17:57:35.8896953Z Receiving objects:  57% (695/1218)
2023-05-16T17:57:35.8900413Z Receiving objects:  58% (707/1218)
2023-05-16T17:57:35.8905687Z Receiving objects:  59% (719/1218)
2023-05-16T17:57:35.8909164Z Receiving objects:  60% (731/1218)
2023-05-16T17:57:35.8912418Z Receiving objects:  61% (743/1218)
2023-05-16T17:57:35.8916327Z Receiving objects:  62% (756/1218)
2023-05-16T17:57:35.8919191Z Receiving objects:  63% (768/1218)
2023-05-16T17:57:35.8922513Z Receiving objects:  64% (780/1218)
2023-05-16T17:57:35.8925544Z Receiving objects:  65% (792/1218)
2023-05-16T17:57:35.8928872Z Receiving objects:  66% (804/1218)
2023-05-16T17:57:35.8932515Z Receiving objects:  67% (817/1218)
2023-05-16T17:57:35.8935612Z Receiving objects:  68% (829/1218)
2023-05-16T17:57:35.8938797Z Receiving objects:  69% (841/1218)
2023-05-16T17:57:35.8941551Z Receiving objects:  70% (853/1218)
2023-05-16T17:57:35.8944817Z Receiving objects:  71% (865/1218)
2023-05-16T17:57:35.8947610Z Receiving objects:  72% (877/1218)
2023-05-16T17:57:35.8950656Z Receiving objects:  73% (890/1218)
2023-05-16T17:57:35.8953280Z Receiving objects:  74% (902/1218)
2023-05-16T17:57:35.8957550Z Receiving objects:  75% (914/1218)
2023-05-16T17:57:35.8961255Z Receiving objects:  76% (926/1218)
2023-05-16T17:57:35.8964703Z Receiving objects:  77% (938/1218)
2023-05-16T17:57:35.8967132Z Receiving objects:  78% (951/1218)
2023-05-16T17:57:35.8969913Z Receiving objects:  79% (963/1218)
2023-05-16T17:57:35.8972088Z Receiving objects:  80% (975/1218)
2023-05-16T17:57:35.8974069Z Receiving objects:  81% (987/1218)
2023-05-16T17:57:35.8976561Z Receiving objects:  82% (999/1218)
2023-05-16T17:57:35.8978353Z Receiving objects:  83% (1011/1218)
2023-05-16T17:57:35.8980105Z Receiving objects:  84% (1024/1218)
2023-05-16T17:57:35.8981976Z Receiving objects:  85% (1036/1218)
2023-05-16T17:57:35.8983733Z Receiving objects:  86% (1048/1218)
2023-05-16T17:57:35.8986140Z Receiving objects:  87% (1060/1218)
2023-05-16T17:57:35.8988799Z Receiving objects:  88% (1072/1218)
2023-05-16T17:57:35.8991702Z Receiving objects:  89% (1085/1218)
2023-05-16T17:57:35.8994563Z Receiving objects:  90% (1097/1218)
2023-05-16T17:57:35.8995130Z remote: Total 1218 (delta 194), reused 270 (delta 168), pack-reused 778        
2023-05-16T17:57:35.9003295Z Receiving objects:  91% (1109/1218)
2023-05-16T17:57:35.9005381Z Receiving objects:  92% (1121/1218)
2023-05-16T17:57:35.9011540Z Receiving objects:  93% (1133/1218)
2023-05-16T17:57:35.9013698Z Receiving objects:  94% (1145/1218)
2023-05-16T17:57:35.9017442Z Receiving objects:  95% (1158/1218)
2023-05-16T17:57:35.9020252Z Receiving objects:  96% (1170/1218)
2023-05-16T17:57:35.9023933Z Receiving objects:  97% (1182/1218)
2023-05-16T17:57:35.9025364Z Receiving objects:  98% (1194/1218)
2023-05-16T17:57:35.9029843Z Receiving objects:  99% (1206/1218)
2023-05-16T17:57:35.9030219Z Receiving objects: 100% (1218/1218)
2023-05-16T17:57:35.9030839Z Receiving objects: 100% (1218/1218), 306.37 KiB | 8.28 MiB/s, done.
2023-05-16T17:57:35.9034599Z Resolving deltas:   0% (0/663)
2023-05-16T17:57:35.9034968Z Resolving deltas:   1% (7/663)
2023-05-16T17:57:35.9035198Z Resolving deltas:   2% (14/663)
2023-05-16T17:57:35.9035412Z Resolving deltas:   3% (20/663)
2023-05-16T17:57:35.9038317Z Resolving deltas:   4% (27/663)
2023-05-16T17:57:35.9038915Z Resolving deltas:   5% (34/663)
2023-05-16T17:57:35.9040415Z Resolving deltas:   6% (40/663)
2023-05-16T17:57:35.9040836Z Resolving deltas:   7% (47/663)
2023-05-16T17:57:35.9042344Z Resolving deltas:   8% (54/663)
2023-05-16T17:57:35.9042971Z Resolving deltas:   9% (60/663)
2023-05-16T17:57:35.9044577Z Resolving deltas:  10% (67/663)
2023-05-16T17:57:35.9045116Z Resolving deltas:  11% (73/663)
2023-05-16T17:57:35.9046914Z Resolving deltas:  12% (80/663)
2023-05-16T17:57:35.9047456Z Resolving deltas:  13% (87/663)
2023-05-16T17:57:35.9049051Z Resolving deltas:  14% (93/663)
2023-05-16T17:57:35.9049475Z Resolving deltas:  15% (100/663)
2023-05-16T17:57:35.9050896Z Resolving deltas:  16% (107/663)
2023-05-16T17:57:35.9054302Z Resolving deltas:  17% (113/663)
2023-05-16T17:57:35.9054931Z Resolving deltas:  18% (120/663)
2023-05-16T17:57:35.9055421Z Resolving deltas:  19% (126/663)
2023-05-16T17:57:35.9055657Z Resolving deltas:  20% (133/663)
2023-05-16T17:57:35.9055973Z Resolving deltas:  21% (140/663)
2023-05-16T17:57:35.9057450Z Resolving deltas:  22% (146/663)
2023-05-16T17:57:35.9058847Z Resolving deltas:  23% (153/663)
2023-05-16T17:57:35.9061724Z Resolving deltas:  24% (160/663)
2023-05-16T17:57:35.9065433Z Resolving deltas:  25% (166/663)
2023-05-16T17:57:35.9067443Z Resolving deltas:  26% (173/663)
2023-05-16T17:57:35.9069264Z Resolving deltas:  27% (180/663)
2023-05-16T17:57:35.9072769Z Resolving deltas:  28% (186/663)
2023-05-16T17:57:35.9076158Z Resolving deltas:  29% (193/663)
2023-05-16T17:57:35.9079030Z Resolving deltas:  30% (199/663)
2023-05-16T17:57:35.9082829Z Resolving deltas:  31% (206/663)
2023-05-16T17:57:35.9085689Z Resolving deltas:  32% (213/663)
2023-05-16T17:57:35.9087729Z Resolving deltas:  33% (220/663)
2023-05-16T17:57:35.9089719Z Resolving deltas:  34% (226/663)
2023-05-16T17:57:35.9092422Z Resolving deltas:  35% (233/663)
2023-05-16T17:57:35.9094687Z Resolving deltas:  36% (239/663)
2023-05-16T17:57:35.9097414Z Resolving deltas:  37% (246/663)
2023-05-16T17:57:35.9099324Z Resolving deltas:  38% (252/663)
2023-05-16T17:57:35.9102107Z Resolving deltas:  39% (259/663)
2023-05-16T17:57:35.9103811Z Resolving deltas:  40% (266/663)
2023-05-16T17:57:35.9104369Z Resolving deltas:  41% (272/663)
2023-05-16T17:57:35.9111476Z Resolving deltas:  42% (279/663)
2023-05-16T17:57:35.9116347Z Resolving deltas:  43% (286/663)
2023-05-16T17:57:35.9120726Z Resolving deltas:  44% (292/663)
2023-05-16T17:57:35.9124883Z Resolving deltas:  45% (299/663)
2023-05-16T17:57:35.9128902Z Resolving deltas:  46% (305/663)
2023-05-16T17:57:35.9132414Z Resolving deltas:  47% (312/663)
2023-05-16T17:57:35.9134906Z Resolving deltas:  48% (319/663)
2023-05-16T17:57:35.9138028Z Resolving deltas:  49% (325/663)
2023-05-16T17:57:35.9141558Z Resolving deltas:  50% (332/663)
2023-05-16T17:57:35.9145008Z Resolving deltas:  51% (339/663)
2023-05-16T17:57:35.9151020Z Resolving deltas:  52% (345/663)
2023-05-16T17:57:35.9153809Z Resolving deltas:  53% (352/663)
2023-05-16T17:57:35.9156919Z Resolving deltas:  54% (359/663)
2023-05-16T17:57:35.9163278Z Resolving deltas:  55% (365/663)
2023-05-16T17:57:35.9169146Z Resolving deltas:  56% (372/663)
2023-05-16T17:57:35.9174417Z Resolving deltas:  57% (378/663)
2023-05-16T17:57:35.9179265Z Resolving deltas:  58% (385/663)
2023-05-16T17:57:35.9180973Z Resolving deltas:  59% (392/663)
2023-05-16T17:57:35.9184372Z Resolving deltas:  60% (398/663)
2023-05-16T17:57:35.9186511Z Resolving deltas:  61% (405/663)
2023-05-16T17:57:35.9188583Z Resolving deltas:  62% (412/663)
2023-05-16T17:57:35.9190610Z Resolving deltas:  63% (418/663)
2023-05-16T17:57:35.9193703Z Resolving deltas:  64% (425/663)
2023-05-16T17:57:35.9194260Z Resolving deltas:  65% (432/663)
2023-05-16T17:57:35.9194804Z Resolving deltas:  66% (438/663)
2023-05-16T17:57:35.9195349Z Resolving deltas:  67% (445/663)
2023-05-16T17:57:35.9195892Z Resolving deltas:  68% (451/663)
2023-05-16T17:57:35.9197115Z Resolving deltas:  69% (458/663)
2023-05-16T17:57:35.9199289Z Resolving deltas:  70% (465/663)
2023-05-16T17:57:35.9205341Z Resolving deltas:  71% (471/663)
2023-05-16T17:57:35.9205783Z Resolving deltas:  72% (478/663)
2023-05-16T17:57:35.9206016Z Resolving deltas:  73% (484/663)
2023-05-16T17:57:35.9206226Z Resolving deltas:  74% (491/663)
2023-05-16T17:57:35.9206537Z Resolving deltas:  75% (498/663)
2023-05-16T17:57:35.9206796Z Resolving deltas:  76% (504/663)
2023-05-16T17:57:35.9211910Z Resolving deltas:  77% (511/663)
2023-05-16T17:57:35.9212541Z Resolving deltas:  78% (518/663)
2023-05-16T17:57:35.9213098Z Resolving deltas:  79% (524/663)
2023-05-16T17:57:35.9213655Z Resolving deltas:  80% (531/663)
2023-05-16T17:57:35.9214193Z Resolving deltas:  81% (538/663)
2023-05-16T17:57:35.9214737Z Resolving deltas:  82% (544/663)
2023-05-16T17:57:35.9215276Z Resolving deltas:  83% (551/663)
2023-05-16T17:57:35.9215873Z Resolving deltas:  84% (557/663)
2023-05-16T17:57:35.9216432Z Resolving deltas:  85% (564/663)
2023-05-16T17:57:35.9218172Z Resolving deltas:  86% (571/663)
2023-05-16T17:57:35.9220541Z Resolving deltas:  87% (577/663)
2023-05-16T17:57:35.9228268Z Resolving deltas:  88% (584/663)
2023-05-16T17:57:35.9232294Z Resolving deltas:  89% (591/663)
2023-05-16T17:57:35.9236779Z Resolving deltas:  90% (597/663)
2023-05-16T17:57:35.9240407Z Resolving deltas:  91% (604/663)
2023-05-16T17:57:35.9243190Z Resolving deltas:  92% (610/663)
2023-05-16T17:57:35.9247122Z Resolving deltas:  93% (617/663)
2023-05-16T17:57:35.9250722Z Resolving deltas:  94% (624/663)
2023-05-16T17:57:35.9254637Z Resolving deltas:  95% (630/663)
2023-05-16T17:57:35.9257423Z Resolving deltas:  96% (637/663)
2023-05-16T17:57:35.9259455Z Resolving deltas:  97% (644/663)
2023-05-16T17:57:35.9264162Z Resolving deltas:  98% (650/663)
2023-05-16T17:57:35.9270778Z Resolving deltas:  99% (657/663)
2023-05-16T17:57:35.9277022Z Resolving deltas: 100% (663/663)
2023-05-16T17:57:35.9277947Z Resolving deltas: 100% (663/663), done.
2023-05-16T17:57:35.9402361Z From https://github.com/con/tinuous
2023-05-16T17:57:35.9403238Z  * [new branch]      gh-55           -> origin/gh-55
2023-05-16T17:57:35.9403602Z  * [new branch]      master          -> origin/master
2023-05-16T17:57:35.9407312Z  * [new branch]      no-extra-search -> origin/no-extra-search
2023-05-16T17:57:35.9408112Z  * [new branch]      test-appveyor   -> origin/test-appveyor
2023-05-16T17:57:35.9408716Z  * [new tag]         0.1.0           -> 0.1.0
2023-05-16T17:57:35.9409198Z  * [new tag]         0.2.0           -> 0.2.0
2023-05-16T17:57:35.9409745Z  * [new tag]         0.3.0           -> 0.3.0
2023-05-16T17:57:35.9410242Z  * [new tag]         0.4.0           -> 0.4.0
2023-05-16T17:57:35.9410706Z  * [new tag]         0.5.0           -> 0.5.0
2023-05-16T17:57:35.9411164Z  * [new tag]         0.5.1           -> 0.5.1
2023-05-16T17:57:35.9411650Z  * [new tag]         0.5.2           -> 0.5.2
2023-05-16T17:57:35.9420625Z  * [new tag]         0.5.3           -> 0.5.3
2023-05-16T17:57:35.9421514Z  * [new tag]         0.5.4           -> 0.5.4
2023-05-16T17:57:35.9421858Z  * [new tag]         0.6.0           -> 0.6.0
2023-05-16T17:57:35.9422168Z  * [new tag]         0.6.1           -> 0.6.1
2023-05-16T17:57:35.9445048Z [command]/usr/bin/git branch --list --remote origin/master
2023-05-16T17:57:35.9483285Z   origin/master
2023-05-16T17:57:35.9484800Z [command]/usr/bin/git rev-parse refs/remotes/origin/master
2023-05-16T17:57:35.9499215Z 742c9760e13e86918654ad67eecb4ec6318f428c
2023-05-16T17:57:35.9504269Z ##[endgroup]
2023-05-16T17:57:35.9505016Z ##[group]Determining the checkout info
2023-05-16T17:57:35.9505411Z ##[endgroup]
2023-05-16T17:57:35.9507946Z ##[group]Checking out the ref
2023-05-16T17:57:35.9515485Z [command]/usr/bin/git checkout --progress --force -B master refs/remotes/origin/master
2023-05-16T17:57:35.9578909Z Reset branch 'master'
2023-05-16T17:57:35.9583421Z branch 'master' set up to track 'origin/master'.
2023-05-16T17:57:35.9594211Z ##[endgroup]
2023-05-16T17:57:35.9635457Z [command]/usr/bin/git log -1 --format='%H'
2023-05-16T17:57:35.9662647Z '742c9760e13e86918654ad67eecb4ec6318f428c'
2023-05-16T17:57:35.9970431Z ##[group]Run actions/setup-python@v4
2023-05-16T17:57:35.9970699Z with:
2023-05-16T17:57:35.9970905Z   python-version: 3.8
2023-05-16T17:57:35.9971122Z   check-latest: false
2023-05-16T17:57:35.9971496Z   token: ***
2023-05-16T17:57:35.9971713Z   update-environment: true
2023-05-16T17:57:35.9971963Z   allow-prereleases: false
2023-05-16T17:57:35.9972169Z ##[endgroup]
2023-05-16T17:57:36.1596309Z ##[group]Installed versions
2023-05-16T17:57:36.1684611Z Successfully set up CPython (3.8.16)
2023-05-16T17:57:36.1685448Z ##[endgroup]
2023-05-16T17:57:36.1811415Z ##[group]Run python -m pip install --upgrade pip wheel
2023-05-16T17:57:36.1811852Z [36;1mpython -m pip install --upgrade pip wheel[0m
2023-05-16T17:57:36.1812192Z [36;1mpython -m pip install --upgrade --upgrade-strategy=eager tox[0m
2023-05-16T17:57:36.1871906Z shell: /usr/bin/bash -e {0}
2023-05-16T17:57:36.1872173Z env:
2023-05-16T17:57:36.1872445Z   pythonLocation: /opt/hostedtoolcache/Python/3.8.16/x64
2023-05-16T17:57:36.1872795Z   PKG_CONFIG_PATH: /opt/hostedtoolcache/Python/3.8.16/x64/lib/pkgconfig
2023-05-16T17:57:36.1873128Z   Python_ROOT_DIR: /opt/hostedtoolcache/Python/3.8.16/x64
2023-05-16T17:57:36.1873440Z   Python2_ROOT_DIR: /opt/hostedtoolcache/Python/3.8.16/x64
2023-05-16T17:57:36.1873764Z   Python3_ROOT_DIR: /opt/hostedtoolcache/Python/3.8.16/x64
2023-05-16T17:57:36.1874072Z   LD_LIBRARY_PATH: /opt/hostedtoolcache/Python/3.8.16/x64/lib
2023-05-16T17:57:36.1874336Z ##[endgroup]
2023-05-16T17:57:36.8941607Z Requirement already satisfied: pip in /opt/hostedtoolcache/Python/3.8.16/x64/lib/python3.8/site-packages (22.0.4)
2023-05-16T17:57:37.0869495Z Collecting pip
2023-05-16T17:57:37.1909737Z   Downloading pip-23.1.2-py3-none-any.whl (2.1 MB)
2023-05-16T17:57:37.3416077Z      ‚îÅ‚îÅ‚îÅ‚îÅ‚îÅ‚îÅ‚îÅ‚îÅ‚îÅ‚îÅ‚îÅ‚îÅ‚îÅ‚îÅ‚îÅ‚îÅ‚îÅ‚îÅ‚îÅ‚îÅ‚îÅ‚îÅ‚îÅ‚îÅ‚îÅ‚îÅ‚îÅ‚îÅ‚îÅ‚îÅ‚îÅ‚îÅ‚îÅ‚îÅ‚îÅ‚îÅ‚îÅ‚îÅ‚îÅ‚îÅ 2.1/2.1 MB 14.3 MB/s eta 0:00:00
2023-05-16T17:57:37.4064390Z Collecting wheel
2023-05-16T17:57:37.4148845Z   Downloading wheel-0.40.0-py3-none-any.whl (64 kB)
2023-05-16T17:57:37.4193206Z      ‚îÅ‚îÅ‚îÅ‚îÅ‚îÅ‚îÅ‚îÅ‚îÅ‚îÅ‚îÅ‚îÅ‚îÅ‚îÅ‚îÅ‚îÅ‚îÅ‚îÅ‚îÅ‚îÅ‚îÅ‚îÅ‚îÅ‚îÅ‚îÅ‚îÅ‚îÅ‚îÅ‚îÅ‚îÅ‚îÅ‚îÅ‚îÅ‚îÅ‚îÅ‚îÅ‚îÅ‚îÅ‚îÅ‚îÅ‚îÅ 64.5/64.5 kB 27.8 MB/s eta 0:00:00
2023-05-16T17:57:37.4568964Z Installing collected packages: wheel, pip
2023-05-16T17:57:37.5022372Z   Attempting uninstall: pip
2023-05-16T17:57:37.5028896Z     Found existing installation: pip 22.0.4
2023-05-16T17:57:37.5556991Z     Uninstalling pip-22.0.4:
2023-05-16T17:57:37.6234524Z       Successfully uninstalled pip-22.0.4
2023-05-16T17:57:38.7346056Z Successfully installed pip-23.1.2 wheel-0.40.0
2023-05-16T17:57:39.6988386Z Collecting tox
2023-05-16T17:57:39.7991679Z   Downloading tox-4.5.1-py3-none-any.whl (148 kB)
2023-05-16T17:57:39.8390143Z      ‚îÅ‚îÅ‚îÅ‚îÅ‚îÅ‚îÅ‚îÅ‚îÅ‚îÅ‚îÅ‚îÅ‚îÅ‚îÅ‚îÅ‚îÅ‚îÅ‚îÅ‚îÅ‚îÅ‚îÅ‚îÅ‚îÅ‚îÅ‚îÅ‚îÅ‚îÅ‚îÅ‚îÅ‚îÅ‚îÅ‚îÅ‚îÅ‚îÅ‚îÅ‚îÅ‚îÅ‚îÅ‚îÅ‚îÅ 149.0/149.0 kB 4.2 MB/s eta 0:00:00
2023-05-16T17:57:39.9075941Z Collecting cachetools>=5.3 (from tox)
2023-05-16T17:57:39.9162719Z   Downloading cachetools-5.3.0-py3-none-any.whl (9.3 kB)
2023-05-16T17:57:39.9400270Z Collecting chardet>=5.1 (from tox)
2023-05-16T17:57:39.9502316Z   Downloading chardet-5.1.0-py3-none-any.whl (199 kB)
2023-05-16T17:57:39.9693373Z      ‚îÅ‚îÅ‚îÅ‚îÅ‚îÅ‚îÅ‚îÅ‚îÅ‚îÅ‚îÅ‚îÅ‚îÅ‚îÅ‚îÅ‚îÅ‚îÅ‚îÅ‚îÅ‚îÅ‚îÅ‚îÅ‚îÅ‚îÅ‚îÅ‚îÅ‚îÅ‚îÅ‚îÅ‚îÅ‚îÅ‚îÅ‚îÅ‚îÅ‚îÅ‚îÅ‚îÅ‚îÅ‚îÅ 199.1/199.1 kB 11.9 MB/s eta 0:00:00
2023-05-16T17:57:40.0030812Z Collecting colorama>=0.4.6 (from tox)
2023-05-16T17:57:40.0118841Z   Downloading colorama-0.4.6-py2.py3-none-any.whl (25 kB)
2023-05-16T17:57:40.0503150Z Collecting filelock>=3.11 (from tox)
2023-05-16T17:57:40.0587170Z   Downloading filelock-3.12.0-py3-none-any.whl (10 kB)
2023-05-16T17:57:40.0994207Z Collecting packaging>=23.1 (from tox)
2023-05-16T17:57:40.1079727Z   Downloading packaging-23.1-py3-none-any.whl (48 kB)
2023-05-16T17:57:40.1136513Z      ‚îÅ‚îÅ‚îÅ‚îÅ‚îÅ‚îÅ‚îÅ‚îÅ‚îÅ‚îÅ‚îÅ‚îÅ‚îÅ‚îÅ‚îÅ‚îÅ‚îÅ‚îÅ‚îÅ‚îÅ‚îÅ‚îÅ‚îÅ‚îÅ‚îÅ‚îÅ‚îÅ‚îÅ‚îÅ‚îÅ‚îÅ‚îÅ‚îÅ‚îÅ‚îÅ‚îÅ‚îÅ‚îÅ‚îÅ‚îÅ 48.9/48.9 kB 13.9 MB/s eta 0:00:00
2023-05-16T17:57:40.1453484Z Collecting platformdirs>=3.2 (from tox)
2023-05-16T17:57:40.1536387Z   Downloading platformdirs-3.5.1-py3-none-any.whl (15 kB)
2023-05-16T17:57:40.1834401Z Collecting pluggy>=1 (from tox)
2023-05-16T17:57:40.1920328Z   Downloading pluggy-1.0.0-py2.py3-none-any.whl (13 kB)
2023-05-16T17:57:40.2173593Z Collecting pyproject-api>=1.5.1 (from tox)
2023-05-16T17:57:40.2352647Z   Downloading pyproject_api-1.5.1-py3-none-any.whl (12 kB)
2023-05-16T17:57:40.2666156Z Collecting tomli>=2.0.1 (from tox)
2023-05-16T17:57:40.2765493Z   Downloading tomli-2.0.1-py3-none-any.whl (12 kB)
2023-05-16T17:57:40.4039123Z Collecting virtualenv>=20.21 (from tox)
2023-05-16T17:57:40.4121278Z   Downloading virtualenv-20.23.0-py3-none-any.whl (3.3 MB)
2023-05-16T17:57:40.5607605Z      ‚îÅ‚îÅ‚îÅ‚îÅ‚îÅ‚îÅ‚îÅ‚îÅ‚îÅ‚îÅ‚îÅ‚îÅ‚îÅ‚îÅ‚îÅ‚îÅ‚îÅ‚îÅ‚îÅ‚îÅ‚îÅ‚îÅ‚îÅ‚îÅ‚îÅ‚îÅ‚îÅ‚îÅ‚îÅ‚îÅ‚îÅ‚îÅ‚îÅ‚îÅ‚îÅ‚îÅ‚îÅ‚îÅ‚îÅ‚îÅ 3.3/3.3 MB 22.3 MB/s eta 0:00:00
2023-05-16T17:57:40.6764788Z Collecting distlib<1,>=0.3.6 (from virtualenv>=20.21->tox)
2023-05-16T17:57:40.6850417Z   Downloading distlib-0.3.6-py2.py3-none-any.whl (468 kB)
2023-05-16T17:57:40.6996635Z      ‚îÅ‚îÅ‚îÅ‚îÅ‚îÅ‚îÅ‚îÅ‚îÅ‚îÅ‚îÅ‚îÅ‚îÅ‚îÅ‚îÅ‚îÅ‚îÅ‚îÅ‚îÅ‚îÅ‚îÅ‚îÅ‚îÅ‚îÅ‚îÅ‚îÅ‚îÅ‚îÅ‚îÅ‚îÅ‚îÅ‚îÅ‚îÅ‚îÅ‚îÅ‚îÅ‚îÅ‚îÅ‚îÅ 468.5/468.5 kB 39.5 MB/s eta 0:00:00
2023-05-16T17:57:40.8499189Z Installing collected packages: distlib, tomli, pluggy, platformdirs, packaging, filelock, colorama, chardet, cachetools, virtualenv, pyproject-api, tox
2023-05-16T17:57:41.4674883Z Successfully installed cachetools-5.3.0 chardet-5.1.0 colorama-0.4.6 distlib-0.3.6 filelock-3.12.0 packaging-23.1 platformdirs-3.5.1 pluggy-1.0.0 pyproject-api-1.5.1 tomli-2.0.1 tox-4.5.1 virtualenv-20.23.0
2023-05-16T17:57:41.6088497Z ##[group]Run tox -e lint
2023-05-16T17:57:41.6088733Z [36;1mtox -e lint[0m
2023-05-16T17:57:41.6141940Z shell: /usr/bin/bash -e {0}
2023-05-16T17:57:41.6142141Z env:
2023-05-16T17:57:41.6142404Z   pythonLocation: /opt/hostedtoolcache/Python/3.8.16/x64
2023-05-16T17:57:41.6142751Z   PKG_CONFIG_PATH: /opt/hostedtoolcache/Python/3.8.16/x64/lib/pkgconfig
2023-05-16T17:57:41.6143094Z   Python_ROOT_DIR: /opt/hostedtoolcache/Python/3.8.16/x64
2023-05-16T17:57:41.6143400Z   Python2_ROOT_DIR: /opt/hostedtoolcache/Python/3.8.16/x64
2023-05-16T17:57:41.6143698Z   Python3_ROOT_DIR: /opt/hostedtoolcache/Python/3.8.16/x64
2023-05-16T17:57:41.6144009Z   LD_LIBRARY_PATH: /opt/hostedtoolcache/Python/3.8.16/x64/lib
2023-05-16T17:57:41.6144247Z ##[endgroup]
2023-05-16T17:57:42.1708769Z lint: install_deps> python -I -m pip install flake8 flake8-bugbear flake8-builtins flake8-unused-arguments
2023-05-16T17:57:44.1675392Z lint: freeze> python -m pip freeze --all
2023-05-16T17:57:44.5383908Z lint: attrs==23.1.0,flake8==6.0.0,flake8-bugbear==23.5.9,flake8-builtins==2.1.0,flake8-unused-arguments==0.0.13,mccabe==0.7.0,pip==23.1.2,pycodestyle==2.10.0,pyflakes==3.0.1,setuptools==67.7.2,wheel==0.40.0
2023-05-16T17:57:44.5391417Z lint: commands[0]> flake8 --config=tox.ini src test
2023-05-16T17:57:45.4769210Z   lint: OK (3.59=setup[2.65]+cmd[0.94] seconds)
2023-05-16T17:57:45.4769838Z   congratulations :) (3.72 seconds)
2023-05-16T17:57:45.5101489Z Post job cleanup.
2023-05-16T17:57:45.6692263Z Post job cleanup.
2023-05-16T17:57:45.7721878Z [command]/usr/bin/git version
2023-05-16T17:57:45.7767517Z git version 2.40.1
2023-05-16T17:57:45.7809991Z Temporarily overriding HOME='/home/runner/work/_temp/c74d1af0-8869-47bc-b2fe-6ca3dd3e1f03' before making global git config changes
2023-05-16T17:57:45.7811003Z Adding repository directory to the temporary git global config as a safe directory
2023-05-16T17:57:45.7816624Z [command]/usr/bin/git config --global --add safe.directory /home/runner/work/tinuous/tinuous
2023-05-16T17:57:45.7855855Z [command]/usr/bin/git config --local --name-only --get-regexp core\.sshCommand
2023-05-16T17:57:45.7888869Z [command]/usr/bin/git submodule foreach --recursive sh -c "git config --local --name-only --get-regexp 'core\.sshCommand' && git config --local --unset-all 'core.sshCommand' || :"
2023-05-16T17:57:45.8126691Z [command]/usr/bin/git config --local --name-only --get-regexp http\.https\:\/\/github\.com\/\.extraheader
2023-05-16T17:57:45.8147491Z http.https://github.com/.extraheader
2023-05-16T17:57:45.8161675Z [command]/usr/bin/git config --local --unset-all http.https://github.com/.extraheader
2023-05-16T17:57:45.8196829Z [command]/usr/bin/git submodule foreach --recursive sh -c "git config --local --name-only --get-regexp 'http\.https\:\/\/github\.com\/\.extraheader' && git config --local --unset-all 'http.https://github.com/.extraheader' || :"
2023-05-16T17:57:45.8612478Z Cleaning up orphan processes
