2021-05-14T15:25:22.5734136Z ##[section]Starting: Request a runner to run this job
2021-05-14T15:25:22.9315026Z Can't find any online and idle self-hosted runner in current repository that matches the required labels: 'ubuntu-latest'
2021-05-14T15:25:22.9315139Z Can't find any online and idle self-hosted runner in current repository's account/organization that matches the required labels: 'ubuntu-latest'
2021-05-14T15:25:22.9315561Z Found online and idle hosted runner in current repository's account/organization that matches the required labels: 'ubuntu-latest'
2021-05-14T15:25:23.1825059Z ##[section]Finishing: Request a runner to run this job
2021-05-14T15:25:42.1637094Z Current runner version: '2.278.0'
2021-05-14T15:25:42.1666968Z ##[group]Operating System
2021-05-14T15:25:42.1668849Z Ubuntu
2021-05-14T15:25:42.1669400Z 20.04.2
2021-05-14T15:25:42.1669859Z LTS
2021-05-14T15:25:42.1670461Z ##[endgroup]
2021-05-14T15:25:42.1671089Z ##[group]Virtual Environment
2021-05-14T15:25:42.1671836Z Environment: ubuntu-20.04
2021-05-14T15:25:42.1672491Z Version: 20210510.0
2021-05-14T15:25:42.1673610Z Included Software: https://github.com/actions/virtual-environments/blob/ubuntu20/20210510.0/images/linux/Ubuntu2004-README.md
2021-05-14T15:25:42.1675400Z Image Release: https://github.com/actions/virtual-environments/releases/tag/ubuntu20%2F20210510.0
2021-05-14T15:25:42.1676380Z ##[endgroup]
2021-05-14T15:25:42.1678599Z ##[group]GITHUB_TOKEN Permissions
2021-05-14T15:25:42.1680009Z Actions: write
2021-05-14T15:25:42.1680588Z Checks: write
2021-05-14T15:25:42.1681205Z Contents: write
2021-05-14T15:25:42.1681783Z Deployments: write
2021-05-14T15:25:42.1682494Z Issues: write
2021-05-14T15:25:42.1683106Z Metadata: read
2021-05-14T15:25:42.1683747Z Packages: write
2021-05-14T15:25:42.1684396Z PullRequests: write
2021-05-14T15:25:42.1685077Z RepositoryProjects: write
2021-05-14T15:25:42.1685881Z SecurityEvents: write
2021-05-14T15:25:42.1686482Z Statuses: write
2021-05-14T15:25:42.1687212Z ##[endgroup]
2021-05-14T15:25:42.1690603Z Prepare workflow directory
2021-05-14T15:25:42.2488842Z Prepare all required actions
2021-05-14T15:25:42.2501739Z Getting action download info
2021-05-14T15:25:42.6144119Z Download action repository 'actions/checkout@v2'
2021-05-14T15:25:44.6648080Z Download action repository 'actions/setup-python@v2'
2021-05-14T15:25:44.8016057Z Download action repository 'codecov/codecov-action@v1'
2021-05-14T15:25:45.1024728Z ##[group]Run actions/checkout@v2
2021-05-14T15:25:45.1025440Z with:
2021-05-14T15:25:45.1025943Z   fetch-depth: 0
2021-05-14T15:25:45.1026512Z   repository: con/tinuous
2021-05-14T15:25:45.1027590Z   token: ***
2021-05-14T15:25:45.1028097Z   ssh-strict: true
2021-05-14T15:25:45.1028736Z   persist-credentials: true
2021-05-14T15:25:45.1029338Z   clean: true
2021-05-14T15:25:45.1029796Z   lfs: false
2021-05-14T15:25:45.1030302Z   submodules: false
2021-05-14T15:25:45.1030817Z ##[endgroup]
2021-05-14T15:25:45.3532831Z Syncing repository: con/tinuous
2021-05-14T15:25:45.3541342Z ##[group]Getting Git version info
2021-05-14T15:25:45.3542967Z Working directory is '/home/runner/work/tinuous/tinuous'
2021-05-14T15:25:45.3547772Z [command]/usr/bin/git version
2021-05-14T15:25:45.3632157Z git version 2.31.1
2021-05-14T15:25:45.3655547Z ##[endgroup]
2021-05-14T15:25:45.9109201Z Deleting the contents of '/home/runner/work/tinuous/tinuous'
2021-05-14T15:25:45.9121412Z ##[group]Initializing the repository
2021-05-14T15:25:45.9122391Z [command]/usr/bin/git init /home/runner/work/tinuous/tinuous
2021-05-14T15:25:45.9123702Z hint: Using 'master' as the name for the initial branch. This default branch name
2021-05-14T15:25:45.9124800Z hint: is subject to change. To configure the initial branch name to use in all
2021-05-14T15:25:45.9125891Z hint: of your new repositories, which will suppress this warning, call:
2021-05-14T15:25:45.9126696Z hint: 
2021-05-14T15:25:45.9127682Z hint: 	git config --global init.defaultBranch <name>
2021-05-14T15:25:45.9128454Z hint: 
2021-05-14T15:25:45.9129444Z hint: Names commonly chosen instead of 'master' are 'main', 'trunk' and
2021-05-14T15:25:45.9130738Z hint: 'development'. The just-created branch can be renamed via this command:
2021-05-14T15:25:45.9131577Z hint: 
2021-05-14T15:25:45.9132367Z hint: 	git branch -m <name>
2021-05-14T15:25:45.9133283Z Initialized empty Git repository in /home/runner/work/tinuous/tinuous/.git/
2021-05-14T15:25:45.9134422Z [command]/usr/bin/git remote add origin https://github.com/con/tinuous
2021-05-14T15:25:45.9135334Z ##[endgroup]
2021-05-14T15:25:45.9136120Z ##[group]Disabling automatic garbage collection
2021-05-14T15:25:45.9137202Z [command]/usr/bin/git config --local gc.auto 0
2021-05-14T15:25:45.9137958Z ##[endgroup]
2021-05-14T15:25:45.9140392Z ##[group]Setting up auth
2021-05-14T15:25:45.9141581Z [command]/usr/bin/git config --local --name-only --get-regexp core\.sshCommand
2021-05-14T15:25:45.9143385Z [command]/usr/bin/git submodule foreach --recursive git config --local --name-only --get-regexp 'core\.sshCommand' && git config --local --unset-all 'core.sshCommand' || :
2021-05-14T15:25:45.9145230Z [command]/usr/bin/git config --local --name-only --get-regexp http\.https\:\/\/github\.com\/\.extraheader
2021-05-14T15:25:45.9147457Z [command]/usr/bin/git submodule foreach --recursive git config --local --name-only --get-regexp 'http\.https\:\/\/github\.com\/\.extraheader' && git config --local --unset-all 'http.https://github.com/.extraheader' || :
2021-05-14T15:25:45.9149648Z [command]/usr/bin/git config --local http.https://github.com/.extraheader AUTHORIZATION: basic ***
2021-05-14T15:25:45.9150733Z ##[endgroup]
2021-05-14T15:25:45.9151464Z ##[group]Fetching the repository
2021-05-14T15:25:45.9153111Z [command]/usr/bin/git -c protocol.version=2 fetch --prune --progress --no-recurse-submodules origin +refs/heads/*:refs/remotes/origin/* +refs/tags/*:refs/tags/*
2021-05-14T15:25:45.9155545Z remote: Enumerating objects: 265, done.        
2021-05-14T15:25:45.9156380Z remote: Counting objects:   0% (1/265)        
2021-05-14T15:25:45.9157146Z remote: Counting objects:   1% (3/265)        
2021-05-14T15:25:45.9157897Z remote: Counting objects:   2% (6/265)        
2021-05-14T15:25:45.9166613Z remote: Counting objects:   3% (8/265)        
2021-05-14T15:25:45.9167925Z remote: Counting objects:   4% (11/265)        
2021-05-14T15:25:45.9169178Z remote: Counting objects:   5% (14/265)        
2021-05-14T15:25:45.9170227Z remote: Counting objects:   6% (16/265)        
2021-05-14T15:25:45.9170880Z remote: Counting objects:   7% (19/265)        
2021-05-14T15:25:45.9171526Z remote: Counting objects:   8% (22/265)        
2021-05-14T15:25:45.9172160Z remote: Counting objects:   9% (24/265)        
2021-05-14T15:25:45.9172807Z remote: Counting objects:  10% (27/265)        
2021-05-14T15:25:45.9173473Z remote: Counting objects:  11% (30/265)        
2021-05-14T15:25:45.9174106Z remote: Counting objects:  12% (32/265)        
2021-05-14T15:25:45.9174756Z remote: Counting objects:  13% (35/265)        
2021-05-14T15:25:45.9175388Z remote: Counting objects:  14% (38/265)        
2021-05-14T15:25:45.9176033Z remote: Counting objects:  15% (40/265)        
2021-05-14T15:25:45.9176664Z remote: Counting objects:  16% (43/265)        
2021-05-14T15:25:45.9177493Z remote: Counting objects:  17% (46/265)        
2021-05-14T15:25:45.9178273Z remote: Counting objects:  18% (48/265)        
2021-05-14T15:25:45.9179033Z remote: Counting objects:  19% (51/265)        
2021-05-14T15:25:45.9179806Z remote: Counting objects:  20% (53/265)        
2021-05-14T15:25:45.9180554Z remote: Counting objects:  21% (56/265)        
2021-05-14T15:25:45.9181414Z remote: Counting objects:  22% (59/265)        
2021-05-14T15:25:45.9182183Z remote: Counting objects:  23% (61/265)        
2021-05-14T15:25:45.9182942Z remote: Counting objects:  24% (64/265)        
2021-05-14T15:25:45.9183700Z remote: Counting objects:  25% (67/265)        
2021-05-14T15:25:45.9184449Z remote: Counting objects:  26% (69/265)        
2021-05-14T15:25:45.9185216Z remote: Counting objects:  27% (72/265)        
2021-05-14T15:25:45.9185971Z remote: Counting objects:  28% (75/265)        
2021-05-14T15:25:45.9186720Z remote: Counting objects:  29% (77/265)        
2021-05-14T15:25:45.9187478Z remote: Counting objects:  30% (80/265)        
2021-05-14T15:25:45.9188225Z remote: Counting objects:  31% (83/265)        
2021-05-14T15:25:45.9188989Z remote: Counting objects:  32% (85/265)        
2021-05-14T15:25:45.9189761Z remote: Counting objects:  33% (88/265)        
2021-05-14T15:25:45.9190506Z remote: Counting objects:  34% (91/265)        
2021-05-14T15:25:45.9191268Z remote: Counting objects:  35% (93/265)        
2021-05-14T15:25:45.9192025Z remote: Counting objects:  36% (96/265)        
2021-05-14T15:25:45.9192917Z remote: Counting objects:  37% (99/265)        
2021-05-14T15:25:45.9193686Z remote: Counting objects:  38% (101/265)        
2021-05-14T15:25:45.9194604Z remote: Counting objects:  39% (104/265)        
2021-05-14T15:25:45.9195389Z remote: Counting objects:  40% (106/265)        
2021-05-14T15:25:45.9196157Z remote: Counting objects:  41% (109/265)        
2021-05-14T15:25:45.9196908Z remote: Counting objects:  42% (112/265)        
2021-05-14T15:25:45.9197678Z remote: Counting objects:  43% (114/265)        
2021-05-14T15:25:45.9198431Z remote: Counting objects:  44% (117/265)        
2021-05-14T15:25:45.9199193Z remote: Counting objects:  45% (120/265)        
2021-05-14T15:25:45.9199966Z remote: Counting objects:  46% (122/265)        
2021-05-14T15:25:45.9200721Z remote: Counting objects:  47% (125/265)        
2021-05-14T15:25:45.9201482Z remote: Counting objects:  48% (128/265)        
2021-05-14T15:25:45.9202229Z remote: Counting objects:  49% (130/265)        
2021-05-14T15:25:45.9203008Z remote: Counting objects:  50% (133/265)        
2021-05-14T15:25:45.9203776Z remote: Counting objects:  51% (136/265)        
2021-05-14T15:25:45.9204526Z remote: Counting objects:  52% (138/265)        
2021-05-14T15:25:45.9205292Z remote: Counting objects:  53% (141/265)        
2021-05-14T15:25:45.9206131Z remote: Counting objects:  54% (144/265)        
2021-05-14T15:25:45.9206880Z remote: Counting objects:  55% (146/265)        
2021-05-14T15:25:45.9207646Z remote: Counting objects:  56% (149/265)        
2021-05-14T15:25:45.9208397Z remote: Counting objects:  57% (152/265)        
2021-05-14T15:25:45.9209196Z remote: Counting objects:  58% (154/265)        
2021-05-14T15:25:45.9210068Z remote: Counting objects:  59% (157/265)        
2021-05-14T15:25:45.9210836Z remote: Counting objects:  60% (159/265)        
2021-05-14T15:25:45.9211607Z remote: Counting objects:  61% (162/265)        
2021-05-14T15:25:45.9212359Z remote: Counting objects:  62% (165/265)        
2021-05-14T15:25:45.9213133Z remote: Counting objects:  63% (167/265)        
2021-05-14T15:25:45.9213899Z remote: Counting objects:  64% (170/265)        
2021-05-14T15:25:45.9214645Z remote: Counting objects:  65% (173/265)        
2021-05-14T15:25:45.9215417Z remote: Counting objects:  66% (175/265)        
2021-05-14T15:25:45.9216173Z remote: Counting objects:  67% (178/265)        
2021-05-14T15:25:45.9216936Z remote: Counting objects:  68% (181/265)        
2021-05-14T15:25:45.9217845Z remote: Counting objects:  69% (183/265)        
2021-05-14T15:25:45.9218609Z remote: Counting objects:  70% (186/265)        
2021-05-14T15:25:45.9219358Z remote: Counting objects:  71% (189/265)        
2021-05-14T15:25:45.9220136Z remote: Counting objects:  72% (191/265)        
2021-05-14T15:25:45.9220890Z remote: Counting objects:  73% (194/265)        
2021-05-14T15:25:45.9221652Z remote: Counting objects:  74% (197/265)        
2021-05-14T15:25:45.9222420Z remote: Counting objects:  75% (199/265)        
2021-05-14T15:25:45.9223171Z remote: Counting objects:  76% (202/265)        
2021-05-14T15:25:45.9223946Z remote: Counting objects:  77% (205/265)        
2021-05-14T15:25:45.9224692Z remote: Counting objects:  78% (207/265)        
2021-05-14T15:25:45.9225451Z remote: Counting objects:  79% (210/265)        
2021-05-14T15:25:45.9226213Z remote: Counting objects:  80% (212/265)        
2021-05-14T15:25:45.9226965Z remote: Counting objects:  81% (215/265)        
2021-05-14T15:25:45.9227737Z remote: Counting objects:  82% (218/265)        
2021-05-14T15:25:45.9228494Z remote: Counting objects:  83% (220/265)        
2021-05-14T15:25:45.9229257Z remote: Counting objects:  84% (223/265)        
2021-05-14T15:25:45.9230028Z remote: Counting objects:  85% (226/265)        
2021-05-14T15:25:45.9230782Z remote: Counting objects:  86% (228/265)        
2021-05-14T15:25:45.9231545Z remote: Counting objects:  87% (231/265)        
2021-05-14T15:25:45.9232305Z remote: Counting objects:  88% (234/265)        
2021-05-14T15:25:45.9233056Z remote: Counting objects:  89% (236/265)        
2021-05-14T15:25:45.9233963Z remote: Counting objects:  90% (239/265)        
2021-05-14T15:25:45.9235303Z remote: Counting objects:  91% (242/265)        
2021-05-14T15:25:45.9236075Z remote: Counting objects:  92% (244/265)        
2021-05-14T15:25:45.9236843Z remote: Counting objects:  93% (247/265)        
2021-05-14T15:25:45.9237593Z remote: Counting objects:  94% (250/265)        
2021-05-14T15:25:45.9238363Z remote: Counting objects:  95% (252/265)        
2021-05-14T15:25:45.9239118Z remote: Counting objects:  96% (255/265)        
2021-05-14T15:25:45.9239877Z remote: Counting objects:  97% (258/265)        
2021-05-14T15:25:45.9240729Z remote: Counting objects:  98% (260/265)        
2021-05-14T15:25:45.9241482Z remote: Counting objects:  99% (263/265)        
2021-05-14T15:25:45.9242253Z remote: Counting objects: 100% (265/265)        
2021-05-14T15:25:45.9243028Z remote: Counting objects: 100% (265/265), done.        
2021-05-14T15:25:45.9243838Z remote: Compressing objects:   0% (1/148)        
2021-05-14T15:25:45.9244660Z remote: Compressing objects:   1% (2/148)        
2021-05-14T15:25:45.9245450Z remote: Compressing objects:   2% (3/148)        
2021-05-14T15:25:45.9246261Z remote: Compressing objects:   3% (5/148)        
2021-05-14T15:25:45.9247067Z remote: Compressing objects:   4% (6/148)        
2021-05-14T15:25:45.9247857Z remote: Compressing objects:   5% (8/148)        
2021-05-14T15:25:45.9248665Z remote: Compressing objects:   6% (9/148)        
2021-05-14T15:25:45.9249463Z remote: Compressing objects:   7% (11/148)        
2021-05-14T15:25:45.9250282Z remote: Compressing objects:   8% (12/148)        
2021-05-14T15:25:45.9251214Z remote: Compressing objects:   9% (14/148)        
2021-05-14T15:25:45.9252039Z remote: Compressing objects:  10% (15/148)        
2021-05-14T15:25:45.9252851Z remote: Compressing objects:  11% (17/148)        
2021-05-14T15:25:45.9253647Z remote: Compressing objects:  12% (18/148)        
2021-05-14T15:25:45.9254462Z remote: Compressing objects:  13% (20/148)        
2021-05-14T15:25:45.9255294Z remote: Compressing objects:  14% (21/148)        
2021-05-14T15:25:45.9256095Z remote: Compressing objects:  15% (23/148)        
2021-05-14T15:25:45.9256906Z remote: Compressing objects:  16% (24/148)        
2021-05-14T15:25:45.9257725Z remote: Compressing objects:  17% (26/148)        
2021-05-14T15:25:45.9258522Z remote: Compressing objects:  18% (27/148)        
2021-05-14T15:25:45.9259331Z remote: Compressing objects:  19% (29/148)        
2021-05-14T15:25:45.9261312Z remote: Compressing objects:  20% (30/148)        
2021-05-14T15:25:45.9262203Z remote: Compressing objects:  21% (32/148)        
2021-05-14T15:25:45.9263050Z remote: Compressing objects:  22% (33/148)        
2021-05-14T15:25:45.9263855Z remote: Compressing objects:  23% (35/148)        
2021-05-14T15:25:45.9264673Z remote: Compressing objects:  24% (36/148)        
2021-05-14T15:25:45.9265472Z remote: Compressing objects:  25% (37/148)        
2021-05-14T15:25:45.9266298Z remote: Compressing objects:  26% (39/148)        
2021-05-14T15:25:45.9267112Z remote: Compressing objects:  27% (40/148)        
2021-05-14T15:25:45.9267914Z remote: Compressing objects:  28% (42/148)        
2021-05-14T15:25:45.9268730Z remote: Compressing objects:  29% (43/148)        
2021-05-14T15:25:45.9269532Z remote: Compressing objects:  30% (45/148)        
2021-05-14T15:25:45.9270347Z remote: Compressing objects:  31% (46/148)        
2021-05-14T15:25:45.9271162Z remote: Compressing objects:  32% (48/148)        
2021-05-14T15:25:45.9271963Z remote: Compressing objects:  33% (49/148)        
2021-05-14T15:25:45.9272771Z remote: Compressing objects:  34% (51/148)        
2021-05-14T15:25:45.9273594Z remote: Compressing objects:  35% (52/148)        
2021-05-14T15:25:45.9274577Z remote: Compressing objects:  36% (54/148)        
2021-05-14T15:25:45.9275418Z remote: Compressing objects:  37% (55/148)        
2021-05-14T15:25:45.9276228Z remote: Compressing objects:  38% (57/148)        
2021-05-14T15:25:45.9277259Z remote: Compressing objects:  39% (58/148)        
2021-05-14T15:25:45.9278077Z remote: Compressing objects:  40% (60/148)        
2021-05-14T15:25:45.9278890Z remote: Compressing objects:  41% (61/148)        
2021-05-14T15:25:45.9279703Z remote: Compressing objects:  42% (63/148)        
2021-05-14T15:25:45.9280507Z remote: Compressing objects:  43% (64/148)        
2021-05-14T15:25:45.9281327Z remote: Compressing objects:  44% (66/148)        
2021-05-14T15:25:45.9282146Z remote: Compressing objects:  45% (67/148)        
2021-05-14T15:25:45.9282950Z remote: Compressing objects:  46% (69/148)        
2021-05-14T15:25:45.9283772Z remote: Compressing objects:  47% (70/148)        
2021-05-14T15:25:45.9284595Z remote: Compressing objects:  48% (72/148)        
2021-05-14T15:25:45.9285402Z remote: Compressing objects:  49% (73/148)        
2021-05-14T15:25:45.9286227Z remote: Compressing objects:  50% (74/148)        
2021-05-14T15:25:45.9287034Z remote: Compressing objects:  51% (76/148)        
2021-05-14T15:25:45.9287860Z remote: Compressing objects:  52% (77/148)        
2021-05-14T15:25:45.9288681Z remote: Compressing objects:  53% (79/148)        
2021-05-14T15:25:45.9290083Z remote: Compressing objects:  54% (80/148)        
2021-05-14T15:25:45.9291104Z remote: Compressing objects:  55% (82/148)        
2021-05-14T15:25:45.9382998Z remote: Compressing objects:  56% (83/148)        
2021-05-14T15:25:45.9389574Z remote: Compressing objects:  57% (85/148)        
2021-05-14T15:25:45.9390473Z remote: Compressing objects:  58% (86/148)        
2021-05-14T15:25:45.9391563Z remote: Compressing objects:  59% (88/148)        
2021-05-14T15:25:45.9392382Z remote: Compressing objects:  60% (89/148)        
2021-05-14T15:25:45.9393359Z remote: Compressing objects:  61% (91/148)        
2021-05-14T15:25:45.9394499Z remote: Compressing objects:  62% (92/148)        
2021-05-14T15:25:45.9411173Z remote: Compressing objects:  63% (94/148)        
2021-05-14T15:25:45.9412125Z remote: Compressing objects:  64% (95/148)        
2021-05-14T15:25:45.9412985Z remote: Compressing objects:  65% (97/148)        
2021-05-14T15:25:45.9413813Z remote: Compressing objects:  66% (98/148)        
2021-05-14T15:25:45.9414619Z remote: Compressing objects:  67% (100/148)        
2021-05-14T15:25:45.9415443Z remote: Compressing objects:  68% (101/148)        
2021-05-14T15:25:45.9416266Z remote: Compressing objects:  69% (103/148)        
2021-05-14T15:25:45.9417072Z remote: Compressing objects:  70% (104/148)        
2021-05-14T15:25:45.9417899Z remote: Compressing objects:  71% (106/148)        
2021-05-14T15:25:45.9418714Z remote: Compressing objects:  72% (107/148)        
2021-05-14T15:25:45.9419535Z remote: Compressing objects:  73% (109/148)        
2021-05-14T15:25:45.9420357Z remote: Compressing objects:  74% (110/148)        
2021-05-14T15:25:45.9421163Z remote: Compressing objects:  75% (111/148)        
2021-05-14T15:25:45.9421982Z remote: Compressing objects:  76% (113/148)        
2021-05-14T15:25:45.9422805Z remote: Compressing objects:  77% (114/148)        
2021-05-14T15:25:45.9423604Z remote: Compressing objects:  78% (116/148)        
2021-05-14T15:25:45.9424415Z remote: Compressing objects:  79% (117/148)        
2021-05-14T15:25:45.9425219Z remote: Compressing objects:  80% (119/148)        
2021-05-14T15:25:45.9426031Z remote: Compressing objects:  81% (120/148)        
2021-05-14T15:25:45.9426845Z remote: Compressing objects:  82% (122/148)        
2021-05-14T15:25:45.9427648Z remote: Compressing objects:  83% (123/148)        
2021-05-14T15:25:45.9428466Z remote: Compressing objects:  84% (125/148)        
2021-05-14T15:25:45.9429274Z remote: Compressing objects:  85% (126/148)        
2021-05-14T15:25:45.9430083Z remote: Compressing objects:  86% (128/148)        
2021-05-14T15:25:45.9430896Z remote: Compressing objects:  87% (129/148)        
2021-05-14T15:25:45.9431691Z remote: Compressing objects:  88% (131/148)        
2021-05-14T15:25:45.9432508Z remote: Compressing objects:  89% (132/148)        
2021-05-14T15:25:45.9433549Z remote: Compressing objects:  90% (134/148)        
2021-05-14T15:25:45.9434533Z remote: Compressing objects:  91% (135/148)        
2021-05-14T15:25:45.9435386Z remote: Compressing objects:  92% (137/148)        
2021-05-14T15:25:45.9436203Z remote: Compressing objects:  93% (138/148)        
2021-05-14T15:25:45.9437025Z remote: Compressing objects:  94% (140/148)        
2021-05-14T15:25:45.9437870Z remote: Compressing objects:  95% (141/148)        
2021-05-14T15:25:45.9438699Z remote: Compressing objects:  96% (143/148)        
2021-05-14T15:25:45.9439495Z remote: Compressing objects:  97% (144/148)        
2021-05-14T15:25:45.9440320Z remote: Compressing objects:  98% (146/148)        
2021-05-14T15:25:45.9441152Z remote: Compressing objects:  99% (147/148)        
2021-05-14T15:25:45.9441991Z remote: Compressing objects: 100% (148/148)        
2021-05-14T15:25:45.9442847Z remote: Compressing objects: 100% (148/148), done.        
2021-05-14T15:25:45.9443625Z Receiving objects:   0% (1/265)
2021-05-14T15:25:45.9444352Z Receiving objects:   1% (3/265)
2021-05-14T15:25:45.9445065Z Receiving objects:   2% (6/265)
2021-05-14T15:25:45.9445756Z Receiving objects:   3% (8/265)
2021-05-14T15:25:45.9446476Z Receiving objects:   4% (11/265)
2021-05-14T15:25:45.9447182Z Receiving objects:   5% (14/265)
2021-05-14T15:25:45.9447890Z Receiving objects:   6% (16/265)
2021-05-14T15:25:45.9448606Z Receiving objects:   7% (19/265)
2021-05-14T15:25:45.9449313Z Receiving objects:   8% (22/265)
2021-05-14T15:25:45.9450019Z Receiving objects:   9% (24/265)
2021-05-14T15:25:45.9450713Z Receiving objects:  10% (27/265)
2021-05-14T15:25:45.9451433Z Receiving objects:  11% (30/265)
2021-05-14T15:25:45.9452262Z Receiving objects:  12% (32/265)
2021-05-14T15:25:45.9452983Z Receiving objects:  13% (35/265)
2021-05-14T15:25:45.9453702Z Receiving objects:  14% (38/265)
2021-05-14T15:25:45.9454400Z Receiving objects:  15% (40/265)
2021-05-14T15:25:45.9455112Z Receiving objects:  16% (43/265)
2021-05-14T15:25:45.9455836Z Receiving objects:  17% (46/265)
2021-05-14T15:25:45.9456530Z Receiving objects:  18% (48/265)
2021-05-14T15:25:45.9457252Z Receiving objects:  19% (51/265)
2021-05-14T15:25:45.9457954Z Receiving objects:  20% (53/265)
2021-05-14T15:25:45.9458674Z Receiving objects:  21% (56/265)
2021-05-14T15:25:45.9459386Z Receiving objects:  22% (59/265)
2021-05-14T15:25:45.9460083Z Receiving objects:  23% (61/265)
2021-05-14T15:25:45.9460798Z Receiving objects:  24% (64/265)
2021-05-14T15:25:45.9461494Z Receiving objects:  25% (67/265)
2021-05-14T15:25:45.9463251Z Receiving objects:  26% (69/265)
2021-05-14T15:25:45.9464107Z Receiving objects:  27% (72/265)
2021-05-14T15:25:45.9464806Z Receiving objects:  28% (75/265)
2021-05-14T15:25:45.9465547Z Receiving objects:  29% (77/265)
2021-05-14T15:25:45.9466241Z Receiving objects:  30% (80/265)
2021-05-14T15:25:45.9466953Z Receiving objects:  31% (83/265)
2021-05-14T15:25:45.9467665Z Receiving objects:  32% (85/265)
2021-05-14T15:25:45.9468357Z Receiving objects:  33% (88/265)
2021-05-14T15:25:45.9469081Z Receiving objects:  34% (91/265)
2021-05-14T15:25:45.9469776Z Receiving objects:  35% (93/265)
2021-05-14T15:25:45.9470484Z Receiving objects:  36% (96/265)
2021-05-14T15:25:45.9471190Z Receiving objects:  37% (99/265)
2021-05-14T15:25:45.9471882Z Receiving objects:  38% (101/265)
2021-05-14T15:25:45.9472597Z Receiving objects:  39% (104/265)
2021-05-14T15:25:45.9473288Z Receiving objects:  40% (106/265)
2021-05-14T15:25:45.9473994Z Receiving objects:  41% (109/265)
2021-05-14T15:25:45.9474865Z Receiving objects:  42% (112/265)
2021-05-14T15:25:45.9475563Z Receiving objects:  43% (114/265)
2021-05-14T15:25:45.9476280Z Receiving objects:  44% (117/265)
2021-05-14T15:25:45.9476982Z Receiving objects:  45% (120/265)
2021-05-14T15:25:45.9477691Z Receiving objects:  46% (122/265)
2021-05-14T15:25:45.9478404Z Receiving objects:  47% (125/265)
2021-05-14T15:25:45.9479100Z Receiving objects:  48% (128/265)
2021-05-14T15:25:45.9479811Z Receiving objects:  49% (130/265)
2021-05-14T15:25:45.9480694Z Receiving objects:  50% (133/265)
2021-05-14T15:25:45.9481403Z Receiving objects:  51% (136/265)
2021-05-14T15:25:45.9482174Z Receiving objects:  52% (138/265)
2021-05-14T15:25:45.9482868Z Receiving objects:  53% (141/265)
2021-05-14T15:25:45.9483577Z Receiving objects:  54% (144/265)
2021-05-14T15:25:45.9484268Z Receiving objects:  55% (146/265)
2021-05-14T15:25:45.9484972Z Receiving objects:  56% (149/265)
2021-05-14T15:25:45.9485679Z Receiving objects:  57% (152/265)
2021-05-14T15:25:45.9486367Z Receiving objects:  58% (154/265)
2021-05-14T15:25:45.9487080Z Receiving objects:  59% (157/265)
2021-05-14T15:25:45.9487770Z Receiving objects:  60% (159/265)
2021-05-14T15:25:45.9488491Z Receiving objects:  61% (162/265)
2021-05-14T15:25:45.9489198Z Receiving objects:  62% (165/265)
2021-05-14T15:25:45.9489887Z Receiving objects:  63% (167/265)
2021-05-14T15:25:45.9490596Z Receiving objects:  64% (170/265)
2021-05-14T15:25:45.9491289Z Receiving objects:  65% (173/265)
2021-05-14T15:25:45.9492032Z Receiving objects:  66% (175/265)
2021-05-14T15:25:45.9492739Z Receiving objects:  67% (178/265)
2021-05-14T15:25:45.9493431Z Receiving objects:  68% (181/265)
2021-05-14T15:25:45.9494141Z Receiving objects:  69% (183/265)
2021-05-14T15:25:45.9494834Z Receiving objects:  70% (186/265)
2021-05-14T15:25:45.9495545Z Receiving objects:  71% (189/265)
2021-05-14T15:25:45.9496258Z Receiving objects:  72% (191/265)
2021-05-14T15:25:45.9496953Z Receiving objects:  73% (194/265)
2021-05-14T15:25:45.9497667Z Receiving objects:  74% (197/265)
2021-05-14T15:25:45.9498364Z Receiving objects:  75% (199/265)
2021-05-14T15:25:45.9499073Z Receiving objects:  76% (202/265)
2021-05-14T15:25:45.9499878Z Receiving objects:  77% (205/265)
2021-05-14T15:25:45.9500592Z Receiving objects:  78% (207/265)
2021-05-14T15:25:45.9501302Z Receiving objects:  79% (210/265)
2021-05-14T15:25:45.9502000Z Receiving objects:  80% (212/265)
2021-05-14T15:25:45.9503496Z remote: Total 265 (delta 130), reused 211 (delta 92), pack-reused 0        
2021-05-14T15:25:45.9504368Z Receiving objects:  81% (215/265)
2021-05-14T15:25:45.9505071Z Receiving objects:  82% (218/265)
2021-05-14T15:25:45.9505778Z Receiving objects:  83% (220/265)
2021-05-14T15:25:45.9506469Z Receiving objects:  84% (223/265)
2021-05-14T15:25:45.9507456Z Receiving objects:  85% (226/265)
2021-05-14T15:25:45.9508338Z Receiving objects:  86% (228/265)
2021-05-14T15:25:45.9509043Z Receiving objects:  87% (231/265)
2021-05-14T15:25:45.9509753Z Receiving objects:  88% (234/265)
2021-05-14T15:25:45.9510442Z Receiving objects:  89% (236/265)
2021-05-14T15:25:45.9511185Z Receiving objects:  90% (239/265)
2021-05-14T15:25:45.9511904Z Receiving objects:  91% (242/265)
2021-05-14T15:25:45.9512609Z Receiving objects:  92% (244/265)
2021-05-14T15:25:45.9513325Z Receiving objects:  93% (247/265)
2021-05-14T15:25:45.9514017Z Receiving objects:  94% (250/265)
2021-05-14T15:25:45.9514863Z Receiving objects:  95% (252/265)
2021-05-14T15:25:45.9515588Z Receiving objects:  96% (255/265)
2021-05-14T15:25:45.9516290Z Receiving objects:  97% (258/265)
2021-05-14T15:25:45.9517006Z Receiving objects:  98% (260/265)
2021-05-14T15:25:45.9517702Z Receiving objects:  99% (263/265)
2021-05-14T15:25:45.9518412Z Receiving objects: 100% (265/265)
2021-05-14T15:25:45.9519199Z Receiving objects: 100% (265/265), 75.83 KiB | 18.96 MiB/s, done.
2021-05-14T15:25:45.9519955Z Resolving deltas:   0% (0/130)
2021-05-14T15:25:45.9520648Z Resolving deltas:   1% (2/130)
2021-05-14T15:25:45.9521336Z Resolving deltas:   2% (3/130)
2021-05-14T15:25:45.9522011Z Resolving deltas:   3% (4/130)
2021-05-14T15:25:45.9522708Z Resolving deltas:   4% (6/130)
2021-05-14T15:25:45.9523386Z Resolving deltas:   5% (7/130)
2021-05-14T15:25:45.9524096Z Resolving deltas:   6% (8/130)
2021-05-14T15:25:45.9524788Z Resolving deltas:   7% (10/130)
2021-05-14T15:25:45.9525461Z Resolving deltas:   8% (11/130)
2021-05-14T15:25:45.9526150Z Resolving deltas:   9% (12/130)
2021-05-14T15:25:45.9526823Z Resolving deltas:  10% (13/130)
2021-05-14T15:25:45.9527680Z Resolving deltas:  11% (15/130)
2021-05-14T15:25:45.9528385Z Resolving deltas:  12% (16/130)
2021-05-14T15:25:45.9529073Z Resolving deltas:  13% (17/130)
2021-05-14T15:25:45.9529776Z Resolving deltas:  14% (19/130)
2021-05-14T15:25:45.9530465Z Resolving deltas:  15% (20/130)
2021-05-14T15:25:45.9531172Z Resolving deltas:  16% (21/130)
2021-05-14T15:25:45.9531846Z Resolving deltas:  17% (23/130)
2021-05-14T15:25:45.9532545Z Resolving deltas:  18% (24/130)
2021-05-14T15:25:45.9533248Z Resolving deltas:  19% (25/130)
2021-05-14T15:25:45.9533934Z Resolving deltas:  20% (26/130)
2021-05-14T15:25:45.9534639Z Resolving deltas:  21% (28/130)
2021-05-14T15:25:45.9535320Z Resolving deltas:  22% (29/130)
2021-05-14T15:25:45.9536026Z Resolving deltas:  23% (30/130)
2021-05-14T15:25:45.9536727Z Resolving deltas:  24% (32/130)
2021-05-14T15:25:45.9537415Z Resolving deltas:  25% (33/130)
2021-05-14T15:25:45.9538100Z Resolving deltas:  26% (34/130)
2021-05-14T15:25:45.9538771Z Resolving deltas:  27% (36/130)
2021-05-14T15:25:45.9539484Z Resolving deltas:  28% (37/130)
2021-05-14T15:25:45.9540169Z Resolving deltas:  29% (38/130)
2021-05-14T15:25:45.9540858Z Resolving deltas:  30% (39/130)
2021-05-14T15:25:45.9541557Z Resolving deltas:  31% (41/130)
2021-05-14T15:25:45.9542238Z Resolving deltas:  32% (42/130)
2021-05-14T15:25:45.9542954Z Resolving deltas:  33% (43/130)
2021-05-14T15:25:45.9543652Z Resolving deltas:  34% (45/130)
2021-05-14T15:25:45.9544329Z Resolving deltas:  35% (46/130)
2021-05-14T15:25:45.9545017Z Resolving deltas:  36% (47/130)
2021-05-14T15:25:45.9545705Z Resolving deltas:  37% (49/130)
2021-05-14T15:25:45.9546399Z Resolving deltas:  38% (50/130)
2021-05-14T15:25:45.9547090Z Resolving deltas:  39% (51/130)
2021-05-14T15:25:45.9547866Z Resolving deltas:  40% (52/130)
2021-05-14T15:25:45.9548578Z Resolving deltas:  41% (54/130)
2021-05-14T15:25:45.9549252Z Resolving deltas:  42% (55/130)
2021-05-14T15:25:45.9549945Z Resolving deltas:  43% (56/130)
2021-05-14T15:25:45.9550641Z Resolving deltas:  44% (58/130)
2021-05-14T15:25:45.9551335Z Resolving deltas:  45% (59/130)
2021-05-14T15:25:45.9552024Z Resolving deltas:  46% (60/130)
2021-05-14T15:25:45.9552699Z Resolving deltas:  47% (62/130)
2021-05-14T15:25:45.9553385Z Resolving deltas:  48% (63/130)
2021-05-14T15:25:45.9554083Z Resolving deltas:  49% (64/130)
2021-05-14T15:25:45.9554880Z Resolving deltas:  50% (65/130)
2021-05-14T15:25:45.9555572Z Resolving deltas:  51% (67/130)
2021-05-14T15:25:45.9556250Z Resolving deltas:  52% (68/130)
2021-05-14T15:25:45.9556998Z Resolving deltas:  53% (69/130)
2021-05-14T15:25:45.9557737Z Resolving deltas:  54% (71/130)
2021-05-14T15:25:45.9558421Z Resolving deltas:  55% (72/130)
2021-05-14T15:25:45.9559121Z Resolving deltas:  56% (73/130)
2021-05-14T15:25:45.9559813Z Resolving deltas:  57% (75/130)
2021-05-14T15:25:45.9560507Z Resolving deltas:  58% (76/130)
2021-05-14T15:25:45.9561211Z Resolving deltas:  59% (77/130)
2021-05-14T15:25:45.9561895Z Resolving deltas:  60% (78/130)
2021-05-14T15:25:45.9562591Z Resolving deltas:  61% (80/130)
2021-05-14T15:25:45.9567550Z Resolving deltas:  62% (81/130)
2021-05-14T15:25:45.9568280Z Resolving deltas:  63% (82/130)
2021-05-14T15:25:45.9569775Z Resolving deltas:  64% (84/130)
2021-05-14T15:25:45.9570468Z Resolving deltas:  65% (85/130)
2021-05-14T15:25:45.9571169Z Resolving deltas:  66% (86/130)
2021-05-14T15:25:45.9571855Z Resolving deltas:  67% (88/130)
2021-05-14T15:25:45.9572555Z Resolving deltas:  68% (89/130)
2021-05-14T15:25:45.9573250Z Resolving deltas:  69% (90/130)
2021-05-14T15:25:45.9573932Z Resolving deltas:  70% (91/130)
2021-05-14T15:25:45.9574628Z Resolving deltas:  71% (93/130)
2021-05-14T15:25:45.9575304Z Resolving deltas:  72% (94/130)
2021-05-14T15:25:45.9576032Z Resolving deltas:  73% (95/130)
2021-05-14T15:25:45.9576734Z Resolving deltas:  74% (97/130)
2021-05-14T15:25:45.9577408Z Resolving deltas:  75% (98/130)
2021-05-14T15:25:45.9578107Z Resolving deltas:  76% (99/130)
2021-05-14T15:25:45.9578787Z Resolving deltas:  77% (101/130)
2021-05-14T15:25:45.9579495Z Resolving deltas:  78% (102/130)
2021-05-14T15:25:45.9580397Z Resolving deltas:  79% (103/130)
2021-05-14T15:25:45.9581081Z Resolving deltas:  80% (104/130)
2021-05-14T15:25:45.9581777Z Resolving deltas:  81% (106/130)
2021-05-14T15:25:45.9582463Z Resolving deltas:  82% (107/130)
2021-05-14T15:25:45.9583159Z Resolving deltas:  83% (108/130)
2021-05-14T15:25:45.9583858Z Resolving deltas:  84% (110/130)
2021-05-14T15:25:45.9584539Z Resolving deltas:  85% (111/130)
2021-05-14T15:25:45.9585237Z Resolving deltas:  86% (112/130)
2021-05-14T15:25:45.9585916Z Resolving deltas:  87% (114/130)
2021-05-14T15:25:45.9586618Z Resolving deltas:  88% (115/130)
2021-05-14T15:25:45.9587317Z Resolving deltas:  89% (116/130)
2021-05-14T15:25:45.9588008Z Resolving deltas:  90% (117/130)
2021-05-14T15:25:45.9588706Z Resolving deltas:  91% (119/130)
2021-05-14T15:25:45.9589384Z Resolving deltas:  92% (120/130)
2021-05-14T15:25:45.9590350Z Resolving deltas:  93% (121/130)
2021-05-14T15:25:45.9591232Z Resolving deltas:  94% (123/130)
2021-05-14T15:25:45.9591933Z Resolving deltas:  95% (124/130)
2021-05-14T15:25:45.9592631Z Resolving deltas:  96% (125/130)
2021-05-14T15:25:45.9593313Z Resolving deltas:  97% (127/130)
2021-05-14T15:25:45.9594011Z Resolving deltas:  98% (128/130)
2021-05-14T15:25:45.9594910Z Resolving deltas:  99% (129/130)
2021-05-14T15:25:45.9595608Z Resolving deltas: 100% (130/130)
2021-05-14T15:25:45.9596333Z Resolving deltas: 100% (130/130), done.
2021-05-14T15:25:45.9597143Z From https://github.com/con/tinuous
2021-05-14T15:25:45.9598568Z  * [new branch]      gh-44      -> origin/gh-44
2021-05-14T15:25:45.9599626Z  * [new branch]      master     -> origin/master
2021-05-14T15:25:45.9600542Z  * [new tag]         0.1.0      -> 0.1.0
2021-05-14T15:25:45.9601705Z [command]/usr/bin/git branch --list --remote origin/master
2021-05-14T15:25:45.9602501Z   origin/master
2021-05-14T15:25:45.9603534Z [command]/usr/bin/git rev-parse refs/remotes/origin/master
2021-05-14T15:25:45.9604629Z 4e7af32aa45fce51fbabe0db084e1fdf57b75e5e
2021-05-14T15:25:45.9605685Z ##[endgroup]
2021-05-14T15:25:45.9606456Z ##[group]Determining the checkout info
2021-05-14T15:25:45.9607173Z ##[endgroup]
2021-05-14T15:25:45.9607869Z ##[group]Checking out the ref
2021-05-14T15:25:45.9609088Z [command]/usr/bin/git checkout --progress --force -B master refs/remotes/origin/master
2021-05-14T15:25:45.9610186Z Reset branch 'master'
2021-05-14T15:25:45.9611261Z Branch 'master' set up to track remote branch 'master' from 'origin'.
2021-05-14T15:25:45.9612082Z ##[endgroup]
2021-05-14T15:25:45.9612968Z [command]/usr/bin/git log -1 --format='%H'
2021-05-14T15:25:45.9614168Z '4e7af32aa45fce51fbabe0db084e1fdf57b75e5e'
2021-05-14T15:25:45.9710449Z ##[group]Run actions/setup-python@v2
2021-05-14T15:25:45.9711068Z with:
2021-05-14T15:25:45.9711580Z   python-version: 3.8
2021-05-14T15:25:45.9712659Z   token: ***
2021-05-14T15:25:45.9713139Z ##[endgroup]
2021-05-14T15:25:46.0585081Z Successfully setup CPython (3.8.10)
2021-05-14T15:25:46.0656001Z ##[group]Run python -m pip install --upgrade pip wheel
2021-05-14T15:25:46.0656941Z [36;1mpython -m pip install --upgrade pip wheel[0m
2021-05-14T15:25:46.0657900Z [36;1mpython -m pip install --upgrade --upgrade-strategy=eager tox[0m
2021-05-14T15:25:46.0709825Z shell: /usr/bin/bash -e {0}
2021-05-14T15:25:46.0710460Z env:
2021-05-14T15:25:46.0711185Z   pythonLocation: /opt/hostedtoolcache/Python/3.8.10/x64
2021-05-14T15:25:46.0712164Z   LD_LIBRARY_PATH: /opt/hostedtoolcache/Python/3.8.10/x64/lib
2021-05-14T15:25:46.0712982Z ##[endgroup]
2021-05-14T15:25:48.2448525Z Requirement already satisfied: pip in /opt/hostedtoolcache/Python/3.8.10/x64/lib/python3.8/site-packages (21.1.1)
2021-05-14T15:25:48.4684035Z Collecting wheel
2021-05-14T15:25:48.4979151Z   Downloading wheel-0.36.2-py2.py3-none-any.whl (35 kB)
2021-05-14T15:25:48.5813896Z Installing collected packages: wheel
2021-05-14T15:25:48.6183675Z Successfully installed wheel-0.36.2
2021-05-14T15:25:49.3552777Z Collecting tox
2021-05-14T15:25:49.3762526Z   Downloading tox-3.23.1-py2.py3-none-any.whl (85 kB)
2021-05-14T15:25:49.4321769Z Collecting toml>=0.9.4
2021-05-14T15:25:49.4405710Z   Downloading toml-0.10.2-py2.py3-none-any.whl (16 kB)
2021-05-14T15:25:49.5067231Z Collecting packaging>=14
2021-05-14T15:25:49.5139913Z   Downloading packaging-20.9-py2.py3-none-any.whl (40 kB)
2021-05-14T15:25:49.5630953Z Collecting py>=1.4.17
2021-05-14T15:25:49.5680131Z   Downloading py-1.10.0-py2.py3-none-any.whl (97 kB)
2021-05-14T15:25:49.7898736Z Collecting virtualenv!=20.0.0,!=20.0.1,!=20.0.2,!=20.0.3,!=20.0.4,!=20.0.5,!=20.0.6,!=20.0.7,>=16.0.0
2021-05-14T15:25:49.7958104Z   Downloading virtualenv-20.4.6-py2.py3-none-any.whl (7.2 MB)
2021-05-14T15:25:49.9625824Z Collecting six>=1.14.0
2021-05-14T15:25:49.9683355Z   Downloading six-1.16.0-py2.py3-none-any.whl (11 kB)
2021-05-14T15:25:49.9948635Z Collecting filelock>=3.0.0
2021-05-14T15:25:50.0084376Z   Downloading filelock-3.0.12-py3-none-any.whl (7.6 kB)
2021-05-14T15:25:50.0455261Z Collecting pluggy>=0.12.0
2021-05-14T15:25:50.0503155Z   Downloading pluggy-0.13.1-py2.py3-none-any.whl (18 kB)
2021-05-14T15:25:50.1376159Z Collecting pyparsing>=2.0.2
2021-05-14T15:25:50.1435012Z   Downloading pyparsing-2.4.7-py2.py3-none-any.whl (67 kB)
2021-05-14T15:25:50.2305962Z Collecting appdirs<2,>=1.4.3
2021-05-14T15:25:50.2354476Z   Downloading appdirs-1.4.4-py2.py3-none-any.whl (9.6 kB)
2021-05-14T15:25:50.2669331Z Collecting distlib<1,>=0.3.1
2021-05-14T15:25:50.2723273Z   Downloading distlib-0.3.1-py2.py3-none-any.whl (335 kB)
2021-05-14T15:25:50.3875408Z Installing collected packages: six, pyparsing, filelock, distlib, appdirs, virtualenv, toml, py, pluggy, packaging, tox
2021-05-14T15:25:51.6642112Z Successfully installed appdirs-1.4.4 distlib-0.3.1 filelock-3.0.12 packaging-20.9 pluggy-0.13.1 py-1.10.0 pyparsing-2.4.7 six-1.16.0 toml-0.10.2 tox-3.23.1 virtualenv-20.4.6
2021-05-14T15:25:51.6835647Z ##[group]Run tox -e lint
2021-05-14T15:25:51.6836249Z [36;1mtox -e lint[0m
2021-05-14T15:25:51.6884914Z shell: /usr/bin/bash -e {0}
2021-05-14T15:25:51.6885357Z env:
2021-05-14T15:25:51.6886007Z   pythonLocation: /opt/hostedtoolcache/Python/3.8.10/x64
2021-05-14T15:25:51.6886854Z   LD_LIBRARY_PATH: /opt/hostedtoolcache/Python/3.8.10/x64/lib
2021-05-14T15:25:51.6887498Z ##[endgroup]
2021-05-14T15:25:51.9890355Z lint create: /home/runner/work/tinuous/tinuous/.tox/lint
2021-05-14T15:25:52.7082374Z lint installdeps: flake8~=3.7, flake8-bugbear, flake8-builtins~=1.4, flake8-import-order-jwodder, flake8-unused-arguments
2021-05-14T15:25:57.1728391Z lint installed: attrs==21.2.0,flake8==3.9.2,flake8-bugbear==21.4.3,flake8-builtins==1.5.3,flake8-import-order==0.18.1,flake8-import-order-jwodder==0.1.0,flake8-unused-arguments==0.0.6,mccabe==0.6.1,pycodestyle==2.7.0,pyflakes==2.3.1
2021-05-14T15:25:57.1751744Z lint run-test-pre: PYTHONHASHSEED='1125462926'
2021-05-14T15:25:57.1753761Z lint run-test: commands[0] | flake8 --config=tox.ini src test
2021-05-14T15:25:58.6479052Z ___________________________________ summary ____________________________________
2021-05-14T15:25:58.6518073Z   lint: commands succeeded
2021-05-14T15:25:58.6518707Z   congratulations :)
2021-05-14T15:25:58.6854541Z Post job cleanup.
2021-05-14T15:25:58.8186243Z [command]/usr/bin/git version
2021-05-14T15:25:58.8275795Z git version 2.31.1
2021-05-14T15:25:58.8301305Z [command]/usr/bin/git config --local --name-only --get-regexp core\.sshCommand
2021-05-14T15:25:58.8366779Z [command]/usr/bin/git submodule foreach --recursive git config --local --name-only --get-regexp 'core\.sshCommand' && git config --local --unset-all 'core.sshCommand' || :
2021-05-14T15:25:58.8783096Z [command]/usr/bin/git config --local --name-only --get-regexp http\.https\:\/\/github\.com\/\.extraheader
2021-05-14T15:25:58.8829880Z http.https://github.com/.extraheader
2021-05-14T15:25:58.8844504Z [command]/usr/bin/git config --local --unset-all http.https://github.com/.extraheader
2021-05-14T15:25:58.8914889Z [command]/usr/bin/git submodule foreach --recursive git config --local --name-only --get-regexp 'http\.https\:\/\/github\.com\/\.extraheader' && git config --local --unset-all 'http.https://github.com/.extraheader' || :
2021-05-14T15:25:58.9345525Z Cleaning up orphan processes
2021-05-14T15:25:58.9690123Z Terminate orphan process: pid (1941) (python)
2021-05-14T15:25:58.9739860Z Terminate orphan process: pid (1996) (python)
