2025-09-02T15:47:56.3008811Z Current runner version: '2.328.0'
2025-09-02T15:47:56.3036969Z ##[group]Runner Image Provisioner
2025-09-02T15:47:56.3038242Z Hosted Compute Agent
2025-09-02T15:47:56.3039342Z Version: 20250821.380
2025-09-02T15:47:56.3040321Z Commit: 438d12cb4fe092871db9867344e3bc0bc5319035
2025-09-02T15:47:56.3041578Z Build Date: 2025-08-21T20:49:43Z
2025-09-02T15:47:56.3043141Z ##[endgroup]
2025-09-02T15:47:56.3044063Z ##[group]Operating System
2025-09-02T15:47:56.3045071Z Ubuntu
2025-09-02T15:47:56.3046019Z 24.04.3
2025-09-02T15:47:56.3046836Z LTS
2025-09-02T15:47:56.3047665Z ##[endgroup]
2025-09-02T15:47:56.3048640Z ##[group]Runner Image
2025-09-02T15:47:56.3049633Z Image: ubuntu-24.04
2025-09-02T15:47:56.3050476Z Version: 20250824.1.0
2025-09-02T15:47:56.3052295Z Included Software: https://github.com/actions/runner-images/blob/ubuntu24/20250824.1/images/ubuntu/Ubuntu2404-Readme.md
2025-09-02T15:47:56.3055167Z Image Release: https://github.com/actions/runner-images/releases/tag/ubuntu24%2F20250824.1
2025-09-02T15:47:56.3057065Z ##[endgroup]
2025-09-02T15:47:56.3061148Z ##[group]GITHUB_TOKEN Permissions
2025-09-02T15:47:56.3064545Z Actions: write
2025-09-02T15:47:56.3065498Z Attestations: write
2025-09-02T15:47:56.3066352Z Checks: write
2025-09-02T15:47:56.3067474Z Contents: write
2025-09-02T15:47:56.3068338Z Deployments: write
2025-09-02T15:47:56.3069202Z Discussions: write
2025-09-02T15:47:56.3070316Z Issues: write
2025-09-02T15:47:56.3071160Z Metadata: read
2025-09-02T15:47:56.3072043Z Models: read
2025-09-02T15:47:56.3073317Z Packages: write
2025-09-02T15:47:56.3074210Z Pages: write
2025-09-02T15:47:56.3075106Z PullRequests: write
2025-09-02T15:47:56.3076154Z RepositoryProjects: write
2025-09-02T15:47:56.3077127Z SecurityEvents: write
2025-09-02T15:47:56.3078172Z Statuses: write
2025-09-02T15:47:56.3079056Z ##[endgroup]
2025-09-02T15:47:56.3081983Z Secret source: Actions
2025-09-02T15:47:56.3083737Z Prepare workflow directory
2025-09-02T15:47:56.3447655Z Prepare all required actions
2025-09-02T15:47:56.3493077Z Getting action download info
2025-09-02T15:47:56.7053382Z Download action repository 'actions/checkout@v4' (SHA:08eba0b27e820071cde6df949e0beb9ba4906955)
2025-09-02T15:47:56.8867123Z Download action repository 'actions/setup-python@v5' (SHA:a26af69be951a213d495a4c3e4e4022e16d87065)
2025-09-02T15:47:57.0144321Z Download action repository 'codecov/codecov-action@v5' (SHA:fdcc8476540edceab3de004e990f80d881c6cc00)
2025-09-02T15:47:57.4890426Z Getting action download info
2025-09-02T15:47:57.6225545Z Download action repository 'actions/github-script@60a0d83039c74a4aee543508d2ffcb1c3799cdea' (SHA:60a0d83039c74a4aee543508d2ffcb1c3799cdea)
2025-09-02T15:47:58.1947636Z Complete job name: test (pypy-3.11, py)
2025-09-02T15:47:58.2780173Z ##[group]Run actions/checkout@v4
2025-09-02T15:47:58.2781384Z with:
2025-09-02T15:47:58.2782041Z   fetch-depth: 0
2025-09-02T15:47:58.2782928Z   repository: con/tinuous
2025-09-02T15:47:58.2783879Z   token: ***
2025-09-02T15:47:58.2784524Z   ssh-strict: true
2025-09-02T15:47:58.2785189Z   ssh-user: git
2025-09-02T15:47:58.2785883Z   persist-credentials: true
2025-09-02T15:47:58.2786579Z   clean: true
2025-09-02T15:47:58.2787234Z   sparse-checkout-cone-mode: true
2025-09-02T15:47:58.2787962Z   fetch-tags: false
2025-09-02T15:47:58.2788622Z   show-progress: true
2025-09-02T15:47:58.2789338Z   lfs: false
2025-09-02T15:47:58.2789944Z   submodules: false
2025-09-02T15:47:58.2790593Z   set-safe-directory: true
2025-09-02T15:47:58.2791619Z ##[endgroup]
2025-09-02T15:47:58.3952576Z Syncing repository: con/tinuous
2025-09-02T15:47:58.3955106Z ##[group]Getting Git version info
2025-09-02T15:47:58.3956078Z Working directory is '/home/runner/work/tinuous/tinuous'
2025-09-02T15:47:58.3958119Z [command]/usr/bin/git version
2025-09-02T15:47:58.4053543Z git version 2.51.0
2025-09-02T15:47:58.4081196Z ##[endgroup]
2025-09-02T15:47:58.4096847Z Temporarily overriding HOME='/home/runner/work/_temp/8490ee76-85c0-438f-a7c6-326257da19a1' before making global git config changes
2025-09-02T15:47:58.4098540Z Adding repository directory to the temporary git global config as a safe directory
2025-09-02T15:47:58.4102451Z [command]/usr/bin/git config --global --add safe.directory /home/runner/work/tinuous/tinuous
2025-09-02T15:47:58.4143713Z Deleting the contents of '/home/runner/work/tinuous/tinuous'
2025-09-02T15:47:58.4147776Z ##[group]Initializing the repository
2025-09-02T15:47:58.4151808Z [command]/usr/bin/git init /home/runner/work/tinuous/tinuous
2025-09-02T15:47:58.4306358Z hint: Using 'master' as the name for the initial branch. This default branch name
2025-09-02T15:47:58.4308585Z hint: is subject to change. To configure the initial branch name to use in all
2025-09-02T15:47:58.4310562Z hint: of your new repositories, which will suppress this warning, call:
2025-09-02T15:47:58.4312125Z hint:
2025-09-02T15:47:58.4313173Z hint: 	git config --global init.defaultBranch <name>
2025-09-02T15:47:58.4314066Z hint:
2025-09-02T15:47:58.4314870Z hint: Names commonly chosen instead of 'master' are 'main', 'trunk' and
2025-09-02T15:47:58.4316129Z hint: 'development'. The just-created branch can be renamed via this command:
2025-09-02T15:47:58.4317094Z hint:
2025-09-02T15:47:58.4317732Z hint: 	git branch -m <name>
2025-09-02T15:47:58.4318464Z hint:
2025-09-02T15:47:58.4319576Z hint: Disable this message with "git config set advice.defaultBranchName false"
2025-09-02T15:47:58.4320850Z Initialized empty Git repository in /home/runner/work/tinuous/tinuous/.git/
2025-09-02T15:47:58.4326712Z [command]/usr/bin/git remote add origin https://github.com/con/tinuous
2025-09-02T15:47:58.4376628Z ##[endgroup]
2025-09-02T15:47:58.4377736Z ##[group]Disabling automatic garbage collection
2025-09-02T15:47:58.4381097Z [command]/usr/bin/git config --local gc.auto 0
2025-09-02T15:47:58.4413790Z ##[endgroup]
2025-09-02T15:47:58.4414875Z ##[group]Setting up auth
2025-09-02T15:47:58.4421749Z [command]/usr/bin/git config --local --name-only --get-regexp core\.sshCommand
2025-09-02T15:47:58.4454506Z [command]/usr/bin/git submodule foreach --recursive sh -c "git config --local --name-only --get-regexp 'core\.sshCommand' && git config --local --unset-all 'core.sshCommand' || :"
2025-09-02T15:47:58.4835439Z [command]/usr/bin/git config --local --name-only --get-regexp http\.https\:\/\/github\.com\/\.extraheader
2025-09-02T15:47:58.4868785Z [command]/usr/bin/git submodule foreach --recursive sh -c "git config --local --name-only --get-regexp 'http\.https\:\/\/github\.com\/\.extraheader' && git config --local --unset-all 'http.https://github.com/.extraheader' || :"
2025-09-02T15:47:58.5095957Z [command]/usr/bin/git config --local http.https://github.com/.extraheader AUTHORIZATION: basic ***
2025-09-02T15:47:58.5135337Z ##[endgroup]
2025-09-02T15:47:58.5136928Z ##[group]Fetching the repository
2025-09-02T15:47:58.5218746Z [command]/usr/bin/git -c protocol.version=2 fetch --prune --no-recurse-submodules origin +refs/heads/*:refs/remotes/origin/* +refs/tags/*:refs/tags/* +e72ccee76a3ff87ae433bf9d3afea163ec4f3bf5:refs/remotes/pull/216/merge
2025-09-02T15:47:59.0702958Z From https://github.com/con/tinuous
2025-09-02T15:47:59.0704822Z  * [new branch]      bf-circleci                              -> origin/bf-circleci
2025-09-02T15:47:59.0706691Z  * [new branch]      bf-sanitize-tilda                        -> origin/bf-sanitize-tilda
2025-09-02T15:47:59.0708735Z  * [new branch]      dependabot/github_actions/actions/checkout-5 -> origin/dependabot/github_actions/actions/checkout-5
2025-09-02T15:47:59.0710125Z  * [new branch]      gh-55                                    -> origin/gh-55
2025-09-02T15:47:59.0711047Z  * [new branch]      master                                   -> origin/master
2025-09-02T15:47:59.0712109Z  * [new branch]      no-extra-search                          -> origin/no-extra-search
2025-09-02T15:47:59.0713664Z  * [new branch]      pragmata                                 -> origin/pragmata
2025-09-02T15:47:59.0714834Z  * [new branch]      test-appveyor                            -> origin/test-appveyor
2025-09-02T15:47:59.0715917Z  * [new tag]         0.1.0                                    -> 0.1.0
2025-09-02T15:47:59.0717137Z  * [new tag]         0.2.0                                    -> 0.2.0
2025-09-02T15:47:59.0718082Z  * [new tag]         0.3.0                                    -> 0.3.0
2025-09-02T15:47:59.0719001Z  * [new tag]         0.4.0                                    -> 0.4.0
2025-09-02T15:47:59.0719913Z  * [new tag]         0.5.0                                    -> 0.5.0
2025-09-02T15:47:59.0720830Z  * [new tag]         0.5.1                                    -> 0.5.1
2025-09-02T15:47:59.0721748Z  * [new tag]         0.5.2                                    -> 0.5.2
2025-09-02T15:47:59.0722910Z  * [new tag]         0.5.3                                    -> 0.5.3
2025-09-02T15:47:59.0723900Z  * [new tag]         0.5.4                                    -> 0.5.4
2025-09-02T15:47:59.0724811Z  * [new tag]         0.6.0                                    -> 0.6.0
2025-09-02T15:47:59.0725711Z  * [new tag]         0.6.1                                    -> 0.6.1
2025-09-02T15:47:59.0726614Z  * [new tag]         0.7.0                                    -> 0.7.0
2025-09-02T15:47:59.0727569Z  * [new tag]         0.7.1                                    -> 0.7.1
2025-09-02T15:47:59.0728717Z  * [new ref]         e72ccee76a3ff87ae433bf9d3afea163ec4f3bf5 -> pull/216/merge
2025-09-02T15:47:59.0767633Z ##[endgroup]
2025-09-02T15:47:59.0769333Z ##[group]Determining the checkout info
2025-09-02T15:47:59.0771091Z ##[endgroup]
2025-09-02T15:47:59.0775813Z [command]/usr/bin/git sparse-checkout disable
2025-09-02T15:47:59.0821103Z [command]/usr/bin/git config --local --unset-all extensions.worktreeConfig
2025-09-02T15:47:59.0850942Z ##[group]Checking out the ref
2025-09-02T15:47:59.0855225Z [command]/usr/bin/git checkout --progress --force refs/remotes/pull/216/merge
2025-09-02T15:47:59.0910500Z Note: switching to 'refs/remotes/pull/216/merge'.
2025-09-02T15:47:59.0911681Z 
2025-09-02T15:47:59.0912584Z You are in 'detached HEAD' state. You can look around, make experimental
2025-09-02T15:47:59.0915452Z changes and commit them, and you can discard any commits you make in this
2025-09-02T15:47:59.0918176Z state without impacting any branches by switching back to a branch.
2025-09-02T15:47:59.0919804Z 
2025-09-02T15:47:59.0920720Z If you want to create a new branch to retain commits you create, you may
2025-09-02T15:47:59.0923317Z do so (now or later) by using -c with the switch command. Example:
2025-09-02T15:47:59.0924779Z 
2025-09-02T15:47:59.0925192Z   git switch -c <new-branch-name>
2025-09-02T15:47:59.0926058Z 
2025-09-02T15:47:59.0926444Z Or undo this operation with:
2025-09-02T15:47:59.0927202Z 
2025-09-02T15:47:59.0927522Z   git switch -
2025-09-02T15:47:59.0928313Z 
2025-09-02T15:47:59.0929369Z Turn off this advice by setting config variable advice.detachedHead to false
2025-09-02T15:47:59.0930800Z 
2025-09-02T15:47:59.0932184Z HEAD is now at e72ccee Merge 25ebb5d927a59b3efacf898e17e63b6e347e0f59 into 28f2d8e50443934767288e82bf9f0ffc7c8bb1fa
2025-09-02T15:47:59.0936188Z ##[endgroup]
2025-09-02T15:47:59.0958424Z [command]/usr/bin/git log -1 --format=%H
2025-09-02T15:47:59.0980699Z e72ccee76a3ff87ae433bf9d3afea163ec4f3bf5
2025-09-02T15:47:59.1264751Z ##[group]Run actions/setup-python@v5
2025-09-02T15:47:59.1265551Z with:
2025-09-02T15:47:59.1266026Z   python-version: pypy-3.11
2025-09-02T15:47:59.1266682Z   check-latest: false
2025-09-02T15:47:59.1267508Z   token: ***
2025-09-02T15:47:59.1268024Z   update-environment: true
2025-09-02T15:47:59.1268695Z   allow-prereleases: false
2025-09-02T15:47:59.1269328Z   freethreaded: false
2025-09-02T15:47:59.1269875Z ##[endgroup]
2025-09-02T15:47:59.2987040Z ##[group]Installed versions
2025-09-02T15:47:59.3831977Z Successfully set up PyPy 7.3.20 with Python (3.11.13)
2025-09-02T15:47:59.3836092Z ##[endgroup]
2025-09-02T15:47:59.3974659Z ##[group]Run python -m pip install --upgrade pip wheel
2025-09-02T15:47:59.3975905Z [36;1mpython -m pip install --upgrade pip wheel[0m
2025-09-02T15:47:59.3977182Z [36;1mpython -m pip install --upgrade --upgrade-strategy=eager tox[0m
2025-09-02T15:47:59.4075616Z shell: /usr/bin/bash -e {0}
2025-09-02T15:47:59.4076308Z env:
2025-09-02T15:47:59.4076964Z   pythonLocation: /opt/hostedtoolcache/PyPy/3.11.13/x64
2025-09-02T15:47:59.4078143Z   Python_ROOT_DIR: /opt/hostedtoolcache/PyPy/3.11.13/x64
2025-09-02T15:47:59.4079312Z   Python2_ROOT_DIR: /opt/hostedtoolcache/PyPy/3.11.13/x64
2025-09-02T15:47:59.4080512Z   Python3_ROOT_DIR: /opt/hostedtoolcache/PyPy/3.11.13/x64
2025-09-02T15:47:59.4081892Z   PKG_CONFIG_PATH: /opt/hostedtoolcache/PyPy/3.11.13/x64/bin/lib/pkgconfig
2025-09-02T15:47:59.4083220Z ##[endgroup]
2025-09-02T15:48:07.5154555Z Requirement already satisfied: pip in /opt/hostedtoolcache/PyPy/3.11.13/x64/lib/pypy3.11/site-packages (25.2)
2025-09-02T15:48:07.8261494Z Collecting wheel
2025-09-02T15:48:07.9006935Z   Downloading wheel-0.45.1-py3-none-any.whl.metadata (2.3 kB)
2025-09-02T15:48:07.9486066Z Downloading wheel-0.45.1-py3-none-any.whl (72 kB)
2025-09-02T15:48:08.1410137Z Installing collected packages: wheel
2025-09-02T15:48:08.2068679Z Successfully installed wheel-0.45.1
2025-09-02T15:48:09.8060948Z Collecting tox
2025-09-02T15:48:09.8751885Z   Downloading tox-4.29.0-py3-none-any.whl.metadata (3.6 kB)
2025-09-02T15:48:09.9401362Z Collecting cachetools>=6.1 (from tox)
2025-09-02T15:48:09.9628602Z   Downloading cachetools-6.2.0-py3-none-any.whl.metadata (5.4 kB)
2025-09-02T15:48:10.0053713Z Collecting chardet>=5.2 (from tox)
2025-09-02T15:48:10.0240670Z   Downloading chardet-5.2.0-py3-none-any.whl.metadata (3.4 kB)
2025-09-02T15:48:10.0905131Z Collecting colorama>=0.4.6 (from tox)
2025-09-02T15:48:10.1120845Z   Downloading colorama-0.4.6-py2.py3-none-any.whl.metadata (17 kB)
2025-09-02T15:48:10.1843354Z Collecting filelock>=3.18 (from tox)
2025-09-02T15:48:10.2050277Z   Downloading filelock-3.19.1-py3-none-any.whl.metadata (2.1 kB)
2025-09-02T15:48:10.2545348Z Collecting packaging>=25 (from tox)
2025-09-02T15:48:10.2738130Z   Downloading packaging-25.0-py3-none-any.whl.metadata (3.3 kB)
2025-09-02T15:48:10.3202189Z Collecting platformdirs>=4.3.8 (from tox)
2025-09-02T15:48:10.3408358Z   Downloading platformdirs-4.4.0-py3-none-any.whl.metadata (12 kB)
2025-09-02T15:48:10.3887912Z Collecting pluggy>=1.6 (from tox)
2025-09-02T15:48:10.4076148Z   Downloading pluggy-1.6.0-py3-none-any.whl.metadata (4.8 kB)
2025-09-02T15:48:10.4493605Z Collecting pyproject-api>=1.9.1 (from tox)
2025-09-02T15:48:10.4696372Z   Downloading pyproject_api-1.9.1-py3-none-any.whl.metadata (2.7 kB)
2025-09-02T15:48:10.5803707Z Collecting virtualenv>=20.31.2 (from tox)
2025-09-02T15:48:10.5995912Z   Downloading virtualenv-20.34.0-py3-none-any.whl.metadata (4.6 kB)
2025-09-02T15:48:10.6988881Z Collecting distlib<1,>=0.3.7 (from virtualenv>=20.31.2->tox)
2025-09-02T15:48:10.7186263Z   Downloading distlib-0.4.0-py2.py3-none-any.whl.metadata (5.2 kB)
2025-09-02T15:48:10.7659023Z Downloading tox-4.29.0-py3-none-any.whl (174 kB)
2025-09-02T15:48:10.8181322Z Downloading cachetools-6.2.0-py3-none-any.whl (11 kB)
2025-09-02T15:48:10.8416910Z Downloading chardet-5.2.0-py3-none-any.whl (199 kB)
2025-09-02T15:48:10.8691519Z Downloading colorama-0.4.6-py2.py3-none-any.whl (25 kB)
2025-09-02T15:48:10.8956942Z Downloading filelock-3.19.1-py3-none-any.whl (15 kB)
2025-09-02T15:48:10.9194753Z Downloading packaging-25.0-py3-none-any.whl (66 kB)
2025-09-02T15:48:10.9458244Z Downloading platformdirs-4.4.0-py3-none-any.whl (18 kB)
2025-09-02T15:48:10.9698407Z Downloading pluggy-1.6.0-py3-none-any.whl (20 kB)
2025-09-02T15:48:10.9916886Z Downloading pyproject_api-1.9.1-py3-none-any.whl (13 kB)
2025-09-02T15:48:11.0132332Z Downloading virtualenv-20.34.0-py3-none-any.whl (6.0 MB)
2025-09-02T15:48:11.0923130Z    ━━━━━━━━━━━━━━━━━━━━━━━━━━━━━━━━━━━━━━━━ 6.0/6.0 MB 85.0 MB/s  0:00:00
2025-09-02T15:48:11.1122184Z Downloading distlib-0.4.0-py2.py3-none-any.whl (469 kB)
2025-09-02T15:48:11.2277491Z Installing collected packages: distlib, pluggy, platformdirs, packaging, filelock, colorama, chardet, cachetools, virtualenv, pyproject-api, tox
2025-09-02T15:48:12.2609472Z 
2025-09-02T15:48:12.2641190Z Successfully installed cachetools-6.2.0 chardet-5.2.0 colorama-0.4.6 distlib-0.4.0 filelock-3.19.1 packaging-25.0 platformdirs-4.4.0 pluggy-1.6.0 pyproject-api-1.9.1 tox-4.29.0 virtualenv-20.34.0
2025-09-02T15:48:12.2906717Z ##[group]Run tox -e py -- --cov-report=xml
2025-09-02T15:48:12.2907054Z [36;1mtox -e py -- --cov-report=xml[0m
2025-09-02T15:48:12.2936246Z shell: /usr/bin/bash -e {0}
2025-09-02T15:48:12.2936471Z env:
2025-09-02T15:48:12.2936701Z   pythonLocation: /opt/hostedtoolcache/PyPy/3.11.13/x64
2025-09-02T15:48:12.2937051Z   Python_ROOT_DIR: /opt/hostedtoolcache/PyPy/3.11.13/x64
2025-09-02T15:48:12.2937381Z   Python2_ROOT_DIR: /opt/hostedtoolcache/PyPy/3.11.13/x64
2025-09-02T15:48:12.2937706Z   Python3_ROOT_DIR: /opt/hostedtoolcache/PyPy/3.11.13/x64
2025-09-02T15:48:12.2938107Z   PKG_CONFIG_PATH: /opt/hostedtoolcache/PyPy/3.11.13/x64/bin/lib/pkgconfig
2025-09-02T15:48:12.2938438Z ##[endgroup]
2025-09-02T15:48:13.9354108Z py: install_deps> python -I -m pip install pytest pytest-cov pytest-mock
2025-09-02T15:48:19.1567188Z .pkg: install_requires> python -I -m pip install 'setuptools>=46.4.0' versioningit
2025-09-02T15:48:21.2597952Z .pkg: _optional_hooks> python /opt/hostedtoolcache/PyPy/3.11.13/x64/lib/pypy3.11/site-packages/pyproject_api/_backend.py True setuptools.build_meta
2025-09-02T15:48:21.7679862Z .pkg: get_requires_for_build_sdist> python /opt/hostedtoolcache/PyPy/3.11.13/x64/lib/pypy3.11/site-packages/pyproject_api/_backend.py True setuptools.build_meta
2025-09-02T15:48:22.3531800Z .pkg: get_requires_for_build_wheel> python /opt/hostedtoolcache/PyPy/3.11.13/x64/lib/pypy3.11/site-packages/pyproject_api/_backend.py True setuptools.build_meta
2025-09-02T15:48:22.7845302Z .pkg: freeze> python -m pip freeze --all
2025-09-02T15:48:23.2753112Z .pkg: cffi==1.18.0.dev0,greenlet==0.4.13,hpy==0.9.1.dev61+g79fb330d,packaging==25.0,pip==25.2,setuptools==80.9.0,versioningit==3.3.0
2025-09-02T15:48:23.2764231Z .pkg: prepare_metadata_for_build_wheel> python /opt/hostedtoolcache/PyPy/3.11.13/x64/lib/pypy3.11/site-packages/pyproject_api/_backend.py True setuptools.build_meta
2025-09-02T15:48:23.7477232Z .pkg: build_sdist> python /opt/hostedtoolcache/PyPy/3.11.13/x64/lib/pypy3.11/site-packages/pyproject_api/_backend.py True setuptools.build_meta
2025-09-02T15:48:24.2311776Z py: install_package_deps> python -I -m pip install 'PyYAML>=5.0' 'click-loglevel~=0.2' 'click>=7.0' 'ghtoken~=0.1' 'in_place~=1.0' 'pydantic~=2.0' 'python-dateutil~=2.7' 'python-dotenv<2.0,>=0.11' 'requests~=2.20'
2025-09-02T15:48:45.0668000Z py: install_package> python -I -m pip install --force-reinstall --no-deps /home/runner/work/tinuous/tinuous/.tox/.tmp/package/1/tinuous-0.7.1.post2+ge72ccee.tar.gz
2025-09-02T15:48:49.1859172Z py: freeze> python -m pip freeze --all
2025-09-02T15:48:49.7163185Z py: annotated-types==0.7.0,certifi==2025.8.3,cffi==1.18.0.dev0,charset-normalizer==3.4.3,click==8.2.1,click-loglevel==0.6.1,coverage==7.10.6,ghtoken==0.1.2,greenlet==0.4.13,hpy==0.9.1.dev61+g79fb330d,idna==3.10,in_place==1.0.1,iniconfig==2.1.0,packaging==25.0,pip==25.2,pluggy==1.6.0,pydantic==2.11.7,pydantic_core==2.33.2,Pygments==2.19.2,pytest==8.4.1,pytest-cov==6.2.1,pytest-mock==3.14.1,python-dateutil==2.9.0.post0,python-dotenv==1.1.1,PyYAML==6.0.2,requests==2.32.5,ruamel.yaml==0.18.15,setuptools==80.9.0,six==1.17.0,tinuous @ file:///home/runner/work/tinuous/tinuous/.tox/.tmp/package/1/tinuous-0.7.1.post2%2Bge72ccee.tar.gz#sha256=cf4099d4b6e6730f48ef9c4fd70d65a632a263da6b56d576ea82213810ac55b9,typing-inspection==0.4.1,typing_extensions==4.15.0,urllib3==2.5.0
2025-09-02T15:48:49.7175233Z py: commands[0]> tinuous --help
2025-09-02T15:48:50.4602038Z Usage: tinuous [OPTIONS] COMMAND [ARGS]...
2025-09-02T15:48:50.4602600Z 
2025-09-02T15:48:50.4603395Z   Download build logs from GitHub Actions, Travis, Appveyor, and CircleCI
2025-09-02T15:48:50.4603991Z 
2025-09-02T15:48:50.4604147Z Options:
2025-09-02T15:48:50.4604520Z   -V, --version                   Show the version and exit.
2025-09-02T15:48:50.4604986Z   -c, --config FILE               Read configuration from the given file
2025-09-02T15:48:50.4605886Z                                   [default: tinuous.yaml]
2025-09-02T15:48:50.4606581Z   -E, --env FILE                  Load environment variables from given .env
2025-09-02T15:48:50.4606978Z                                   file
2025-09-02T15:48:50.4607348Z   -l, --log-level [NOTSET|DEBUG|INFO|WARNING|ERROR|CRITICAL]
2025-09-02T15:48:50.4607750Z                                   Set logging level  [default: INFO]
2025-09-02T15:48:50.4608144Z   --help                          Show this message and exit.
2025-09-02T15:48:50.4608398Z 
2025-09-02T15:48:50.4608490Z Commands:
2025-09-02T15:48:50.4608709Z   fetch         Download logs
2025-09-02T15:48:50.4609033Z   fetch-commit  Download logs for a specific commit
2025-09-02T15:48:50.4609402Z   sanitize      Sanitize secrets in logs
2025-09-02T15:48:50.4696414Z py: commands[1]> pytest --cov-report=xml test
2025-09-02T15:48:54.5614712Z ============================= test session starts ==============================
2025-09-02T15:48:54.5615746Z platform linux -- Python 3.11.13[pypy-7.3.20-final], pytest-8.4.1, pluggy-1.6.0
2025-09-02T15:48:54.5616394Z cachedir: .tox/py/.pytest_cache
2025-09-02T15:48:54.5616761Z rootdir: /home/runner/work/tinuous/tinuous
2025-09-02T15:48:54.5617099Z configfile: tox.ini
2025-09-02T15:48:54.5617433Z plugins: mock-3.14.1, cov-6.2.1
2025-09-02T15:48:54.5617719Z collected 64 items
2025-09-02T15:48:54.5617843Z 
2025-09-02T15:48:54.6666003Z test/test_base.py .........                                              [ 14%]
2025-09-02T15:48:54.7526897Z test/test_config.py ........                                             [ 26%]
2025-09-02T15:48:54.9049250Z test/test_state.py ........                                              [ 39%]
2025-09-02T15:48:56.3505620Z test/test_util.py .......................................                [100%]
2025-09-02T15:48:56.3506216Z 
2025-09-02T15:48:56.3506470Z ================================ tests coverage ================================
2025-09-02T15:48:56.3507311Z _______________ coverage: platform linux, python 3.11.13-final-0 _______________
2025-09-02T15:48:56.3507678Z 
2025-09-02T15:48:56.3507837Z Coverage XML written to file coverage.xml
2025-09-02T15:48:56.3508236Z ============================== 64 passed in 4.32s ==============================
2025-09-02T15:48:56.3688272Z   py: OK (43.04=setup[36.39]+cmd[0.75,5.90] seconds)
2025-09-02T15:48:56.3688814Z   congratulations :) (43.17 seconds)
2025-09-02T15:48:56.4024980Z ##[group]Run codecov/codecov-action@v5
2025-09-02T15:48:56.4025257Z with:
2025-09-02T15:48:56.4025441Z   fail_ci_if_error: false
2025-09-02T15:48:56.4025808Z   token: ***
2025-09-02T15:48:56.4025984Z   name: pypy-3.11
2025-09-02T15:48:56.4026175Z   disable_file_fixes: false
2025-09-02T15:48:56.4026383Z   disable_search: false
2025-09-02T15:48:56.4026575Z   disable_safe_directory: false
2025-09-02T15:48:56.4026786Z   disable_telem: false
2025-09-02T15:48:56.4026960Z   dry_run: false
2025-09-02T15:48:56.4027147Z   git_service: github
2025-09-02T15:48:56.4027330Z   gcov_executable: gcov
2025-09-02T15:48:56.4027522Z   handle_no_reports_found: false
2025-09-02T15:48:56.4027744Z   recurse_submodules: false
2025-09-02T15:48:56.4027945Z   run_command: upload-coverage
2025-09-02T15:48:56.4028159Z   skip_validation: false
2025-09-02T15:48:56.4028365Z   use_legacy_upload_endpoint: false
2025-09-02T15:48:56.4028575Z   use_oidc: false
2025-09-02T15:48:56.4028744Z   use_pypi: false
2025-09-02T15:48:56.4028934Z   verbose: false
2025-09-02T15:48:56.4029100Z   version: latest
2025-09-02T15:48:56.4029265Z env:
2025-09-02T15:48:56.4029481Z   pythonLocation: /opt/hostedtoolcache/PyPy/3.11.13/x64
2025-09-02T15:48:56.4029811Z   Python_ROOT_DIR: /opt/hostedtoolcache/PyPy/3.11.13/x64
2025-09-02T15:48:56.4030150Z   Python2_ROOT_DIR: /opt/hostedtoolcache/PyPy/3.11.13/x64
2025-09-02T15:48:56.4030479Z   Python3_ROOT_DIR: /opt/hostedtoolcache/PyPy/3.11.13/x64
2025-09-02T15:48:56.4030857Z   PKG_CONFIG_PATH: /opt/hostedtoolcache/PyPy/3.11.13/x64/bin/lib/pkgconfig
2025-09-02T15:48:56.4031381Z ##[endgroup]
2025-09-02T15:48:56.4125263Z ##[group]Run missing_deps=""
2025-09-02T15:48:56.4125523Z [36;1mmissing_deps=""[0m
2025-09-02T15:48:56.4125720Z [36;1m[0m
2025-09-02T15:48:56.4125894Z [36;1m# Check for required commands[0m
2025-09-02T15:48:56.4126146Z [36;1mfor cmd in bash git curl gpg; do[0m
2025-09-02T15:48:56.4126418Z [36;1m  if ! command -v "$cmd" >/dev/null 2>&1; then[0m
2025-09-02T15:48:56.4126727Z [36;1m    missing_deps="$missing_deps $cmd"[0m
2025-09-02T15:48:56.4126970Z [36;1m  fi[0m
2025-09-02T15:48:56.4127130Z [36;1mdone[0m
2025-09-02T15:48:56.4127291Z [36;1m[0m
2025-09-02T15:48:56.4127479Z [36;1m# Report missing required dependencies[0m
2025-09-02T15:48:56.4127751Z [36;1mif [ -n "$missing_deps" ]; then[0m
2025-09-02T15:48:56.4128116Z [36;1m  echo "Error: The following required dependencies are missing:$missing_deps"[0m
2025-09-02T15:48:56.4128571Z [36;1m  echo "Please install these dependencies before using this action."[0m
2025-09-02T15:48:56.4128902Z [36;1m  exit 1[0m
2025-09-02T15:48:56.4129072Z [36;1mfi[0m
2025-09-02T15:48:56.4129222Z [36;1m[0m
2025-09-02T15:48:56.4129453Z [36;1mecho "All required system dependencies are available."[0m
2025-09-02T15:48:56.4153650Z shell: /usr/bin/sh -e {0}
2025-09-02T15:48:56.4153870Z env:
2025-09-02T15:48:56.4154097Z   pythonLocation: /opt/hostedtoolcache/PyPy/3.11.13/x64
2025-09-02T15:48:56.4154455Z   Python_ROOT_DIR: /opt/hostedtoolcache/PyPy/3.11.13/x64
2025-09-02T15:48:56.4154778Z   Python2_ROOT_DIR: /opt/hostedtoolcache/PyPy/3.11.13/x64
2025-09-02T15:48:56.4155119Z   Python3_ROOT_DIR: /opt/hostedtoolcache/PyPy/3.11.13/x64
2025-09-02T15:48:56.4155508Z   PKG_CONFIG_PATH: /opt/hostedtoolcache/PyPy/3.11.13/x64/bin/lib/pkgconfig
2025-09-02T15:48:56.4155830Z ##[endgroup]
2025-09-02T15:48:56.4195758Z All required system dependencies are available.
2025-09-02T15:48:56.4223171Z ##[group]Run CC_ACTION_VERSION=$(cat ${GITHUB_ACTION_PATH}/src/version)
2025-09-02T15:48:56.4223616Z [36;1mCC_ACTION_VERSION=$(cat ${GITHUB_ACTION_PATH}/src/version)[0m
2025-09-02T15:48:56.4224023Z [36;1mecho -e "\033[0;32m==>\033[0m Running Action version $CC_ACTION_VERSION"[0m
2025-09-02T15:48:56.4252427Z shell: /usr/bin/bash --noprofile --norc -e -o pipefail {0}
2025-09-02T15:48:56.4252910Z env:
2025-09-02T15:48:56.4253148Z   pythonLocation: /opt/hostedtoolcache/PyPy/3.11.13/x64
2025-09-02T15:48:56.4253488Z   Python_ROOT_DIR: /opt/hostedtoolcache/PyPy/3.11.13/x64
2025-09-02T15:48:56.4254036Z   Python2_ROOT_DIR: /opt/hostedtoolcache/PyPy/3.11.13/x64
2025-09-02T15:48:56.4254385Z   Python3_ROOT_DIR: /opt/hostedtoolcache/PyPy/3.11.13/x64
2025-09-02T15:48:56.4254782Z   PKG_CONFIG_PATH: /opt/hostedtoolcache/PyPy/3.11.13/x64/bin/lib/pkgconfig
2025-09-02T15:48:56.4255136Z ##[endgroup]
2025-09-02T15:48:56.4317412Z [0;32m==>[0m Running Action version 5.5.0
2025-09-02T15:48:56.4357149Z ##[group]Run git config --global --add safe.directory "/home/runner/work/tinuous/tinuous"
2025-09-02T15:48:56.4357688Z [36;1mgit config --global --add safe.directory "/home/runner/work/tinuous/tinuous"[0m
2025-09-02T15:48:56.4358125Z [36;1mgit config --global --add safe.directory "$GITHUB_WORKSPACE"[0m
2025-09-02T15:48:56.4386652Z shell: /usr/bin/bash --noprofile --norc -e -o pipefail {0}
2025-09-02T15:48:56.4386959Z env:
2025-09-02T15:48:56.4387184Z   pythonLocation: /opt/hostedtoolcache/PyPy/3.11.13/x64
2025-09-02T15:48:56.4387536Z   Python_ROOT_DIR: /opt/hostedtoolcache/PyPy/3.11.13/x64
2025-09-02T15:48:56.4387891Z   Python2_ROOT_DIR: /opt/hostedtoolcache/PyPy/3.11.13/x64
2025-09-02T15:48:56.4388220Z   Python3_ROOT_DIR: /opt/hostedtoolcache/PyPy/3.11.13/x64
2025-09-02T15:48:56.4388589Z   PKG_CONFIG_PATH: /opt/hostedtoolcache/PyPy/3.11.13/x64/bin/lib/pkgconfig
2025-09-02T15:48:56.4388911Z ##[endgroup]
2025-09-02T15:48:56.4489233Z ##[group]Run CC_FORK="false"
2025-09-02T15:48:56.4489486Z [36;1mCC_FORK="false"[0m
2025-09-02T15:48:56.4489966Z [36;1mif [ -n "$GITHUB_EVENT_PULL_REQUEST_HEAD_REPO_FULL_NAME" ] && [ "$GITHUB_EVENT_PULL_REQUEST_HEAD_REPO_FULL_NAME" != "$GITHUB_REPOSITORY" ];[0m
2025-09-02T15:48:56.4490631Z [36;1mthen[0m
2025-09-02T15:48:56.4490847Z [36;1m  echo -e "\033[0;32m==>\033[0m Fork detected"[0m
2025-09-02T15:48:56.4491108Z [36;1m  CC_FORK="true"[0m
2025-09-02T15:48:56.4491301Z [36;1mfi[0m
2025-09-02T15:48:56.4491491Z [36;1mecho "CC_FORK=$CC_FORK" >> "$GITHUB_ENV"[0m
2025-09-02T15:48:56.4518627Z shell: /usr/bin/bash --noprofile --norc -e -o pipefail {0}
2025-09-02T15:48:56.4518945Z env:
2025-09-02T15:48:56.4519184Z   pythonLocation: /opt/hostedtoolcache/PyPy/3.11.13/x64
2025-09-02T15:48:56.4519523Z   Python_ROOT_DIR: /opt/hostedtoolcache/PyPy/3.11.13/x64
2025-09-02T15:48:56.4519856Z   Python2_ROOT_DIR: /opt/hostedtoolcache/PyPy/3.11.13/x64
2025-09-02T15:48:56.4520207Z   Python3_ROOT_DIR: /opt/hostedtoolcache/PyPy/3.11.13/x64
2025-09-02T15:48:56.4520580Z   PKG_CONFIG_PATH: /opt/hostedtoolcache/PyPy/3.11.13/x64/bin/lib/pkgconfig
2025-09-02T15:48:56.4520980Z   GITHUB_EVENT_PULL_REQUEST_HEAD_LABEL: con:bf-sanitize-tilda
2025-09-02T15:48:56.4521344Z   GITHUB_EVENT_PULL_REQUEST_HEAD_REPO_FULL_NAME: con/tinuous
2025-09-02T15:48:56.4521638Z   GITHUB_REPOSITORY: con/tinuous
2025-09-02T15:48:56.4521851Z ##[endgroup]
2025-09-02T15:48:56.4624404Z ##[group]Run actions/github-script@60a0d83039c74a4aee543508d2ffcb1c3799cdea
2025-09-02T15:48:56.4624753Z with:
2025-09-02T15:48:56.4625273Z   script: if (process.env.CC_USE_OIDC === 'true' && process.env.CC_FORK != 'true') {
  const id_token = await core.getIDToken(process.env.CC_OIDC_AUDIENCE)
  return id_token
}

2025-09-02T15:48:56.4625986Z   github-token: ***
2025-09-02T15:48:56.4626176Z   debug: false
2025-09-02T15:48:56.4626367Z   user-agent: actions/github-script
2025-09-02T15:48:56.4626598Z   result-encoding: json
2025-09-02T15:48:56.4626787Z   retries: 0
2025-09-02T15:48:56.4626983Z   retry-exempt-status-codes: 400,401,403,404,422
2025-09-02T15:48:56.4627233Z env:
2025-09-02T15:48:56.4627455Z   pythonLocation: /opt/hostedtoolcache/PyPy/3.11.13/x64
2025-09-02T15:48:56.4627795Z   Python_ROOT_DIR: /opt/hostedtoolcache/PyPy/3.11.13/x64
2025-09-02T15:48:56.4628119Z   Python2_ROOT_DIR: /opt/hostedtoolcache/PyPy/3.11.13/x64
2025-09-02T15:48:56.4628445Z   Python3_ROOT_DIR: /opt/hostedtoolcache/PyPy/3.11.13/x64
2025-09-02T15:48:56.4628812Z   PKG_CONFIG_PATH: /opt/hostedtoolcache/PyPy/3.11.13/x64/bin/lib/pkgconfig
2025-09-02T15:48:56.4629134Z   CC_FORK: false
2025-09-02T15:48:56.4629334Z   CC_OIDC_AUDIENCE: https://codecov.io
2025-09-02T15:48:56.4629744Z   CC_USE_OIDC: false
2025-09-02T15:48:56.4629940Z ##[endgroup]
2025-09-02T15:48:56.5574886Z ##[group]Run if [ "false" == 'true' ] && [ "$CC_FORK" != 'true' ];
2025-09-02T15:48:56.5575315Z [36;1mif [ "false" == 'true' ] && [ "$CC_FORK" != 'true' ];[0m
2025-09-02T15:48:56.5575582Z [36;1mthen[0m
2025-09-02T15:48:56.5575805Z [36;1m  echo "CC_TOKEN=$CC_OIDC_TOKEN" >> "$GITHUB_ENV"[0m
2025-09-02T15:48:56.5576080Z [36;1melif [ -n "" ];[0m
2025-09-02T15:48:56.5576265Z [36;1mthen[0m
2025-09-02T15:48:56.5576493Z [36;1m  echo -e "\033[0;32m==>\033[0m Token set from env"[0m
2025-09-02T15:48:56.5576774Z [36;1m    echo "CC_TOKEN=" >> "$GITHUB_ENV"[0m
2025-09-02T15:48:56.5577020Z [36;1melse[0m
2025-09-02T15:48:56.5577367Z [36;1m  if [ -n "***" ];[0m
2025-09-02T15:48:56.5577570Z [36;1m  then[0m
2025-09-02T15:48:56.5577806Z [36;1m    echo -e "\033[0;32m==>\033[0m Token set from input"[0m
2025-09-02T15:48:56.5578192Z [36;1m    CC_TOKEN=$(echo "***" | tr -d '\n')[0m
2025-09-02T15:48:56.5578478Z [36;1m    echo "CC_TOKEN=$CC_TOKEN" >> "$GITHUB_ENV"[0m
2025-09-02T15:48:56.5578729Z [36;1m  fi[0m
2025-09-02T15:48:56.5578892Z [36;1mfi[0m
2025-09-02T15:48:56.5608759Z shell: /usr/bin/bash --noprofile --norc -e -o pipefail {0}
2025-09-02T15:48:56.5609068Z env:
2025-09-02T15:48:56.5609300Z   pythonLocation: /opt/hostedtoolcache/PyPy/3.11.13/x64
2025-09-02T15:48:56.5609643Z   Python_ROOT_DIR: /opt/hostedtoolcache/PyPy/3.11.13/x64
2025-09-02T15:48:56.5609965Z   Python2_ROOT_DIR: /opt/hostedtoolcache/PyPy/3.11.13/x64
2025-09-02T15:48:56.5610469Z   Python3_ROOT_DIR: /opt/hostedtoolcache/PyPy/3.11.13/x64
2025-09-02T15:48:56.5610831Z   PKG_CONFIG_PATH: /opt/hostedtoolcache/PyPy/3.11.13/x64/bin/lib/pkgconfig
2025-09-02T15:48:56.5611156Z   CC_FORK: false
2025-09-02T15:48:56.5611328Z   CC_OIDC_TOKEN: 
2025-09-02T15:48:56.5611530Z   CC_OIDC_AUDIENCE: https://codecov.io
2025-09-02T15:48:56.5611759Z ##[endgroup]
2025-09-02T15:48:56.5660272Z [0;32m==>[0m Token set from input
2025-09-02T15:48:56.5698839Z ##[group]Run if [ -z "$CC_BRANCH" ] && [ -z "$CC_TOKEN" ] && [ "$CC_FORK" == 'true' ]
2025-09-02T15:48:56.5699280Z [36;1mif [ -z "$CC_BRANCH" ] && [ -z "$CC_TOKEN" ] && [ "$CC_FORK" == 'true' ][0m
2025-09-02T15:48:56.5699580Z [36;1mthen[0m
2025-09-02T15:48:56.5699924Z [36;1m  echo -e "\033[0;32m==>\033[0m Fork detected, setting branch to $GITHUB_EVENT_PULL_REQUEST_HEAD_LABEL"[0m
2025-09-02T15:48:56.5700363Z [36;1m  TOKENLESS="$GITHUB_EVENT_PULL_REQUEST_HEAD_LABEL"[0m
2025-09-02T15:48:56.5700685Z [36;1m  CC_BRANCH="$GITHUB_EVENT_PULL_REQUEST_HEAD_LABEL"[0m
2025-09-02T15:48:56.5700996Z [36;1m  echo "TOKENLESS=$TOKENLESS" >> "$GITHUB_ENV"[0m
2025-09-02T15:48:56.5701241Z [36;1mfi[0m
2025-09-02T15:48:56.5701400Z [36;1m[0m
2025-09-02T15:48:56.5701596Z [36;1mecho "CC_BRANCH=$CC_BRANCH" >> "$GITHUB_ENV"[0m
2025-09-02T15:48:56.5728198Z shell: /usr/bin/bash --noprofile --norc -e -o pipefail {0}
2025-09-02T15:48:56.5728499Z env:
2025-09-02T15:48:56.5728740Z   pythonLocation: /opt/hostedtoolcache/PyPy/3.11.13/x64
2025-09-02T15:48:56.5729096Z   Python_ROOT_DIR: /opt/hostedtoolcache/PyPy/3.11.13/x64
2025-09-02T15:48:56.5729427Z   Python2_ROOT_DIR: /opt/hostedtoolcache/PyPy/3.11.13/x64
2025-09-02T15:48:56.5729754Z   Python3_ROOT_DIR: /opt/hostedtoolcache/PyPy/3.11.13/x64
2025-09-02T15:48:56.5730116Z   PKG_CONFIG_PATH: /opt/hostedtoolcache/PyPy/3.11.13/x64/bin/lib/pkgconfig
2025-09-02T15:48:56.5730439Z   CC_FORK: false
2025-09-02T15:48:56.5730709Z   CC_TOKEN: ***
2025-09-02T15:48:56.5730872Z   CC_BRANCH: 
2025-09-02T15:48:56.5731118Z   GITHUB_EVENT_PULL_REQUEST_HEAD_LABEL: con:bf-sanitize-tilda
2025-09-02T15:48:56.5731473Z   GITHUB_EVENT_PULL_REQUEST_HEAD_REPO_FULL_NAME: con/tinuous
2025-09-02T15:48:56.5731763Z   GITHUB_REPOSITORY: con/tinuous
2025-09-02T15:48:56.5731979Z ##[endgroup]
2025-09-02T15:48:56.5803910Z ##[group]Run if [ -z "$CC_SHA" ];
2025-09-02T15:48:56.5804183Z [36;1mif [ -z "$CC_SHA" ];[0m
2025-09-02T15:48:56.5804388Z [36;1mthen[0m
2025-09-02T15:48:56.5804755Z [36;1m  CC_SHA="$GITHUB_EVENT_PULL_REQUEST_HEAD_SHA"[0m
2025-09-02T15:48:56.5805028Z [36;1mfi[0m
2025-09-02T15:48:56.5805272Z [36;1mif [ -z "$CC_PR" ] && [ "${GITHUB_EVENT_NAME}" == "pull_request_target" ];[0m
2025-09-02T15:48:56.5805580Z [36;1mthen[0m
2025-09-02T15:48:56.5805762Z [36;1m  CC_PR="$GITHUB_EVENT_NUMBER"[0m
2025-09-02T15:48:56.5805991Z [36;1mfi[0m
2025-09-02T15:48:56.5806146Z [36;1m[0m
2025-09-02T15:48:56.5806328Z [36;1mecho "CC_SHA=$CC_SHA" >> "$GITHUB_ENV"[0m
2025-09-02T15:48:56.5806596Z [36;1mecho "CC_PR=$CC_PR" >> "$GITHUB_ENV"[0m
2025-09-02T15:48:56.5833510Z shell: /usr/bin/bash --noprofile --norc -e -o pipefail {0}
2025-09-02T15:48:56.5833820Z env:
2025-09-02T15:48:56.5834051Z   pythonLocation: /opt/hostedtoolcache/PyPy/3.11.13/x64
2025-09-02T15:48:56.5834403Z   Python_ROOT_DIR: /opt/hostedtoolcache/PyPy/3.11.13/x64
2025-09-02T15:48:56.5834742Z   Python2_ROOT_DIR: /opt/hostedtoolcache/PyPy/3.11.13/x64
2025-09-02T15:48:56.5835079Z   Python3_ROOT_DIR: /opt/hostedtoolcache/PyPy/3.11.13/x64
2025-09-02T15:48:56.5835462Z   PKG_CONFIG_PATH: /opt/hostedtoolcache/PyPy/3.11.13/x64/bin/lib/pkgconfig
2025-09-02T15:48:56.5835783Z   CC_FORK: false
2025-09-02T15:48:56.5836050Z   CC_TOKEN: ***
2025-09-02T15:48:56.5836219Z   CC_BRANCH: 
2025-09-02T15:48:56.5836373Z   CC_PR: 
2025-09-02T15:48:56.5836523Z   CC_SHA: 
2025-09-02T15:48:56.5836686Z   GITHUB_EVENT_NAME: pull_request
2025-09-02T15:48:56.5836942Z   GITHUB_EVENT_NUMBER: 216
2025-09-02T15:48:56.5837252Z   GITHUB_EVENT_PULL_REQUEST_HEAD_SHA: 25ebb5d927a59b3efacf898e17e63b6e347e0f59
2025-09-02T15:48:56.5837761Z ##[endgroup]
2025-09-02T15:48:56.5932290Z ##[group]Run ${GITHUB_ACTION_PATH}/dist/codecov.sh
2025-09-02T15:48:56.5932855Z [36;1m${GITHUB_ACTION_PATH}/dist/codecov.sh[0m
2025-09-02T15:48:56.5959920Z shell: /usr/bin/bash --noprofile --norc -e -o pipefail {0}
2025-09-02T15:48:56.5960225Z env:
2025-09-02T15:48:56.5960457Z   pythonLocation: /opt/hostedtoolcache/PyPy/3.11.13/x64
2025-09-02T15:48:56.5960798Z   Python_ROOT_DIR: /opt/hostedtoolcache/PyPy/3.11.13/x64
2025-09-02T15:48:56.5961145Z   Python2_ROOT_DIR: /opt/hostedtoolcache/PyPy/3.11.13/x64
2025-09-02T15:48:56.5961488Z   Python3_ROOT_DIR: /opt/hostedtoolcache/PyPy/3.11.13/x64
2025-09-02T15:48:56.5961872Z   PKG_CONFIG_PATH: /opt/hostedtoolcache/PyPy/3.11.13/x64/bin/lib/pkgconfig
2025-09-02T15:48:56.5962198Z   CC_FORK: false
2025-09-02T15:48:56.5962470Z   CC_TOKEN: ***
2025-09-02T15:48:56.5962806Z   CC_BRANCH: 
2025-09-02T15:48:56.5963054Z   CC_SHA: 25ebb5d927a59b3efacf898e17e63b6e347e0f59
2025-09-02T15:48:56.5963307Z   CC_PR: 
2025-09-02T15:48:56.5963471Z   CC_BASE_SHA: 
2025-09-02T15:48:56.5963626Z   CC_BINARY: 
2025-09-02T15:48:56.5963783Z   CC_BUILD: 
2025-09-02T15:48:56.5963936Z   CC_BUILD_URL: 
2025-09-02T15:48:56.5964093Z   CC_CODE: 
2025-09-02T15:48:56.5964246Z   CC_DIR: 
2025-09-02T15:48:56.5964408Z   CC_DISABLE_FILE_FIXES: false
2025-09-02T15:48:56.5964619Z   CC_DISABLE_SEARCH: false
2025-09-02T15:48:56.5964818Z   CC_DISABLE_TELEM: false
2025-09-02T15:48:56.5964999Z   CC_DRY_RUN: false
2025-09-02T15:48:56.5965184Z   CC_ENTERPRISE_URL: 
2025-09-02T15:48:56.5965368Z   CC_ENV: 
2025-09-02T15:48:56.5965529Z   CC_EXCLUDES: 
2025-09-02T15:48:56.5965707Z   CC_FAIL_ON_ERROR: false
2025-09-02T15:48:56.5965891Z   CC_FILES: 
2025-09-02T15:48:56.5966048Z   CC_FLAGS: 
2025-09-02T15:48:56.5966198Z   CC_FORCE: 
2025-09-02T15:48:56.5966351Z   CC_GCOV_ARGS: 
2025-09-02T15:48:56.5966528Z   CC_GCOV_EXECUTABLE: gcov
2025-09-02T15:48:56.5966716Z   CC_GCOV_IGNORE: 
2025-09-02T15:48:56.5966887Z   CC_GCOV_INCLUDE: 
2025-09-02T15:48:56.5967056Z   CC_GIT_SERVICE: github
2025-09-02T15:48:56.5967269Z   CC_HANDLE_NO_REPORTS_FOUND: false
2025-09-02T15:48:56.5967488Z   CC_JOB_CODE: 
2025-09-02T15:48:56.5967648Z   CC_LEGACY: false
2025-09-02T15:48:56.5967823Z   CC_NAME: pypy-3.11
2025-09-02T15:48:56.5968002Z   CC_NETWORK_FILTER: 
2025-09-02T15:48:56.5968181Z   CC_NETWORK_PREFIX: 
2025-09-02T15:48:56.5968362Z   CC_NETWORK_ROOT_FOLDER: 
2025-09-02T15:48:56.5968548Z   CC_OS: 
2025-09-02T15:48:56.5968701Z   CC_PARENT_SHA: 
2025-09-02T15:48:56.5969035Z   CC_PLUGINS: 
2025-09-02T15:48:56.5969217Z   CC_RECURSE_SUBMODULES: false
2025-09-02T15:48:56.5969423Z   CC_REPORT_TYPE: 
2025-09-02T15:48:56.5969599Z   CC_RUN_CMD: upload-coverage
2025-09-02T15:48:56.5969802Z   CC_SERVICE: github
2025-09-02T15:48:56.5969979Z   CC_SKIP_VALIDATION: false
2025-09-02T15:48:56.5970175Z   CC_SLUG: 
2025-09-02T15:48:56.5970333Z   CC_SWIFT_PROJECT: 
2025-09-02T15:48:56.5970506Z   CC_USE_PYPI: false
2025-09-02T15:48:56.5970680Z   CC_VERBOSE: false
2025-09-02T15:48:56.5970848Z   CC_VERSION: latest
2025-09-02T15:48:56.5971027Z   CC_YML_PATH: 
2025-09-02T15:48:56.5971192Z ##[endgroup]
2025-09-02T15:48:56.6042143Z      _____          _
2025-09-02T15:48:56.6042465Z     / ____|        | |
2025-09-02T15:48:56.6043008Z    | |     ___   __| | ___  ___ _____   __
2025-09-02T15:48:56.6043370Z    | |    / _ \ / _` |/ _ \/ __/ _ \ \ / /
2025-09-02T15:48:56.6043743Z    | |___| (_) | (_| |  __/ (_| (_) \ V /
2025-09-02T15:48:56.6044141Z     \_____\___/ \__,_|\___|\___\___/ \_/
2025-09-02T15:48:56.6044834Z                            [0;31m Wrapper-0.2.7[0m
2025-09-02T15:48:56.6045234Z                            
2025-09-02T15:48:56.6105028Z [0;32m==>[0m Detected [0;36mlinux[0m
2025-09-02T15:48:56.6105832Z [0;32m ->[0m Downloading [0;36mhttps://cli.codecov.io/latest/linux/codecov[0m
2025-09-02T15:48:56.6198082Z   % Total    % Received % Xferd  Average Speed   Time    Time     Time  Current
2025-09-02T15:48:56.6198709Z                                  Dload  Upload   Total   Spent    Left  Speed
2025-09-02T15:48:56.6199293Z 
2025-09-02T15:48:56.9406816Z   0     0    0     0    0     0      0      0 --:--:-- --:--:-- --:--:--     0
2025-09-02T15:48:57.1119898Z   8 10.6M    8  943k    0     0  2941k      0  0:00:03 --:--:--  0:00:03 2940k
2025-09-02T15:48:57.1120907Z 100 10.6M  100 10.6M    0     0  21.6M      0 --:--:-- --:--:-- --:--:-- 21.6M
2025-09-02T15:48:57.1147445Z [0;32m==>[0m Finishing downloading [0;36mlinux:latest[0m
2025-09-02T15:48:57.2927470Z       Version: [0;36mv11.2.0[0m
2025-09-02T15:48:57.2927886Z  
2025-09-02T15:48:57.3514974Z gpg: directory '/home/runner/.gnupg' created
2025-09-02T15:48:57.3555352Z gpg: keybox '/home/runner/.gnupg/pubring.kbx' created
2025-09-02T15:48:57.4563027Z gpg: /home/runner/.gnupg/trustdb.gpg: trustdb created
2025-09-02T15:48:57.4564011Z gpg: key 806BB28AED779869: public key "Codecov Uploader (Codecov Uploader Verification Key) <security@codecov.io>" imported
2025-09-02T15:48:57.4952014Z gpg: Total number processed: 1
2025-09-02T15:48:57.4952489Z gpg:               imported: 1
2025-09-02T15:48:57.4957981Z [0;32m==>[0m Verifying GPG signature integrity
2025-09-02T15:48:57.4958786Z [0;32m ->[0m Downloading [0;36mhttps://cli.codecov.io/latest/linux/codecov.SHA256SUM[0m
2025-09-02T15:48:57.4959838Z [0;32m ->[0m Downloading [0;36mhttps://cli.codecov.io/latest/linux/codecov.SHA256SUM.sig[0m
2025-09-02T15:48:57.4960459Z  
2025-09-02T15:48:57.8308582Z gpg: Signature made Thu Aug 21 16:12:56 2025 UTC
2025-09-02T15:48:57.8309306Z gpg:                using RSA key 27034E7FDB850E0BBC2C62FF806BB28AED779869
2025-09-02T15:48:57.8311177Z gpg: Good signature from "Codecov Uploader (Codecov Uploader Verification Key) <security@codecov.io>" [unknown]
2025-09-02T15:48:57.8312183Z gpg: WARNING: This key is not certified with a trusted signature!
2025-09-02T15:48:57.8313080Z gpg:          There is no indication that the signature belongs to the owner.
2025-09-02T15:48:57.8313829Z Primary key fingerprint: 2703 4E7F DB85 0E0B BC2C  62FF 806B B28A ED77 9869
2025-09-02T15:48:57.9055417Z codecov: OK
2025-09-02T15:48:57.9065489Z [0;32m==>[0m CLI integrity verified
2025-09-02T15:48:57.9065817Z 
2025-09-02T15:48:57.9679021Z [0;32m ->[0m Token length: 36
2025-09-02T15:48:57.9679617Z [0;32m==>[0m Running upload-coverage
2025-09-02T15:48:57.9688933Z       [0;36m./codecov  upload-coverage -t <redacted> --git-service github --sha 25ebb5d927a59b3efacf898e17e63b6e347e0f59 --gcov-executable gcov --name pypy-3.11[0m
2025-09-02T15:48:58.3135069Z info - 2025-09-02 15:48:58,313 -- ci service found: github-actions
2025-09-02T15:48:58.3544625Z warning - 2025-09-02 15:48:58,354 -- xcrun is not installed or can't be found.
2025-09-02T15:48:58.4267666Z warning - 2025-09-02 15:48:58,426 -- No gcov data found.
2025-09-02T15:48:58.4271431Z warning - 2025-09-02 15:48:58,426 -- coverage.py is not installed or can't be found.
2025-09-02T15:48:58.4438663Z info - 2025-09-02 15:48:58,443 -- Found 1 coverage files to report
2025-09-02T15:48:58.4439669Z info - 2025-09-02 15:48:58,443 -- > /home/runner/work/tinuous/tinuous/coverage.xml
2025-09-02T15:48:58.9670632Z info - 2025-09-02 15:48:58,966 -- Your upload is now processing. When finished, results will be available at: https://app.codecov.io/github/con/tinuous/commit/25ebb5d927a59b3efacf898e17e63b6e347e0f59
2025-09-02T15:48:59.2778873Z info - 2025-09-02 15:48:59,277 -- Process Upload complete
2025-09-02T15:48:59.4536054Z Post job cleanup.
2025-09-02T15:48:59.6113943Z Post job cleanup.
2025-09-02T15:48:59.7045137Z [command]/usr/bin/git version
2025-09-02T15:48:59.7081159Z git version 2.51.0
2025-09-02T15:48:59.7119614Z Copying '/home/runner/.gitconfig' to '/home/runner/work/_temp/664503fe-4da4-4994-b44b-3327f11be219/.gitconfig'
2025-09-02T15:48:59.7137268Z Temporarily overriding HOME='/home/runner/work/_temp/664503fe-4da4-4994-b44b-3327f11be219' before making global git config changes
2025-09-02T15:48:59.7138559Z Adding repository directory to the temporary git global config as a safe directory
2025-09-02T15:48:59.7143147Z [command]/usr/bin/git config --global --add safe.directory /home/runner/work/tinuous/tinuous
2025-09-02T15:48:59.7176932Z [command]/usr/bin/git config --local --name-only --get-regexp core\.sshCommand
2025-09-02T15:48:59.7208579Z [command]/usr/bin/git submodule foreach --recursive sh -c "git config --local --name-only --get-regexp 'core\.sshCommand' && git config --local --unset-all 'core.sshCommand' || :"
2025-09-02T15:48:59.7433270Z [command]/usr/bin/git config --local --name-only --get-regexp http\.https\:\/\/github\.com\/\.extraheader
2025-09-02T15:48:59.7456554Z http.https://github.com/.extraheader
2025-09-02T15:48:59.7470376Z [command]/usr/bin/git config --local --unset-all http.https://github.com/.extraheader
2025-09-02T15:48:59.7505937Z [command]/usr/bin/git submodule foreach --recursive sh -c "git config --local --name-only --get-regexp 'http\.https\:\/\/github\.com\/\.extraheader' && git config --local --unset-all 'http.https://github.com/.extraheader' || :"
2025-09-02T15:48:59.7879584Z Cleaning up orphan processes
