2025-09-02T15:47:55.4739590Z Current runner version: '2.328.0'
2025-09-02T15:47:55.4763390Z ##[group]Runner Image Provisioner
2025-09-02T15:47:55.4764353Z Hosted Compute Agent
2025-09-02T15:47:55.4765026Z Version: 20250829.383
2025-09-02T15:47:55.4765768Z Commit: 27cb235aab5b0e52e153a26cd86b4742e89dac5d
2025-09-02T15:47:55.4766483Z Build Date: 2025-08-29T13:48:48Z
2025-09-02T15:47:55.4767177Z ##[endgroup]
2025-09-02T15:47:55.4767782Z ##[group]Operating System
2025-09-02T15:47:55.4768337Z Ubuntu
2025-09-02T15:47:55.4768897Z 24.04.3
2025-09-02T15:47:55.4769364Z LTS
2025-09-02T15:47:55.4769847Z ##[endgroup]
2025-09-02T15:47:55.4770427Z ##[group]Runner Image
2025-09-02T15:47:55.4771182Z Image: ubuntu-24.04
2025-09-02T15:47:55.4771726Z Version: 20250824.1.0
2025-09-02T15:47:55.4772845Z Included Software: https://github.com/actions/runner-images/blob/ubuntu24/20250824.1/images/ubuntu/Ubuntu2404-Readme.md
2025-09-02T15:47:55.4774407Z Image Release: https://github.com/actions/runner-images/releases/tag/ubuntu24%2F20250824.1
2025-09-02T15:47:55.4775447Z ##[endgroup]
2025-09-02T15:47:55.4777901Z ##[group]GITHUB_TOKEN Permissions
2025-09-02T15:47:55.4779969Z Actions: write
2025-09-02T15:47:55.4780530Z Attestations: write
2025-09-02T15:47:55.4781245Z Checks: write
2025-09-02T15:47:55.4781729Z Contents: write
2025-09-02T15:47:55.4782411Z Deployments: write
2025-09-02T15:47:55.4782956Z Discussions: write
2025-09-02T15:47:55.4783438Z Issues: write
2025-09-02T15:47:55.4784056Z Metadata: read
2025-09-02T15:47:55.4784540Z Models: read
2025-09-02T15:47:55.4785044Z Packages: write
2025-09-02T15:47:55.4785687Z Pages: write
2025-09-02T15:47:55.4786189Z PullRequests: write
2025-09-02T15:47:55.4786759Z RepositoryProjects: write
2025-09-02T15:47:55.4787460Z SecurityEvents: write
2025-09-02T15:47:55.4788076Z Statuses: write
2025-09-02T15:47:55.4788607Z ##[endgroup]
2025-09-02T15:47:55.4791047Z Secret source: Actions
2025-09-02T15:47:55.4791860Z Prepare workflow directory
2025-09-02T15:47:55.5110218Z Prepare all required actions
2025-09-02T15:47:55.5147665Z Getting action download info
2025-09-02T15:47:55.9844222Z Download action repository 'actions/checkout@v4' (SHA:08eba0b27e820071cde6df949e0beb9ba4906955)
2025-09-02T15:47:56.0507222Z Download action repository 'actions/setup-python@v5' (SHA:a26af69be951a213d495a4c3e4e4022e16d87065)
2025-09-02T15:47:56.1746611Z Download action repository 'codecov/codecov-action@v5' (SHA:fdcc8476540edceab3de004e990f80d881c6cc00)
2025-09-02T15:47:56.7071430Z Getting action download info
2025-09-02T15:47:56.8803782Z Download action repository 'actions/github-script@60a0d83039c74a4aee543508d2ffcb1c3799cdea' (SHA:60a0d83039c74a4aee543508d2ffcb1c3799cdea)
2025-09-02T15:47:57.4040456Z Complete job name: test (3.13, py)
2025-09-02T15:47:57.4863893Z ##[group]Run actions/checkout@v4
2025-09-02T15:47:57.4865160Z with:
2025-09-02T15:47:57.4865868Z   fetch-depth: 0
2025-09-02T15:47:57.4866646Z   repository: con/tinuous
2025-09-02T15:47:57.4867741Z   token: ***
2025-09-02T15:47:57.4868465Z   ssh-strict: true
2025-09-02T15:47:57.4869224Z   ssh-user: git
2025-09-02T15:47:57.4870018Z   persist-credentials: true
2025-09-02T15:47:57.4871040Z   clean: true
2025-09-02T15:47:57.4871830Z   sparse-checkout-cone-mode: true
2025-09-02T15:47:57.4872786Z   fetch-tags: false
2025-09-02T15:47:57.4873569Z   show-progress: true
2025-09-02T15:47:57.4874350Z   lfs: false
2025-09-02T15:47:57.4875074Z   submodules: false
2025-09-02T15:47:57.4875864Z   set-safe-directory: true
2025-09-02T15:47:57.4876989Z ##[endgroup]
2025-09-02T15:47:57.6002032Z Syncing repository: con/tinuous
2025-09-02T15:47:57.6004381Z ##[group]Getting Git version info
2025-09-02T15:47:57.6005582Z Working directory is '/home/runner/work/tinuous/tinuous'
2025-09-02T15:47:57.6007371Z [command]/usr/bin/git version
2025-09-02T15:47:57.6010461Z git version 2.51.0
2025-09-02T15:47:57.6036327Z ##[endgroup]
2025-09-02T15:47:57.6050299Z Temporarily overriding HOME='/home/runner/work/_temp/b4c9a49a-3913-46c4-a0eb-bacbee7ced71' before making global git config changes
2025-09-02T15:47:57.6053457Z Adding repository directory to the temporary git global config as a safe directory
2025-09-02T15:47:57.6057149Z [command]/usr/bin/git config --global --add safe.directory /home/runner/work/tinuous/tinuous
2025-09-02T15:47:57.6089152Z Deleting the contents of '/home/runner/work/tinuous/tinuous'
2025-09-02T15:47:57.6092815Z ##[group]Initializing the repository
2025-09-02T15:47:57.6096435Z [command]/usr/bin/git init /home/runner/work/tinuous/tinuous
2025-09-02T15:47:57.6163853Z hint: Using 'master' as the name for the initial branch. This default branch name
2025-09-02T15:47:57.6166465Z hint: is subject to change. To configure the initial branch name to use in all
2025-09-02T15:47:57.6169484Z hint: of your new repositories, which will suppress this warning, call:
2025-09-02T15:47:57.6172094Z hint:
2025-09-02T15:47:57.6173661Z hint: 	git config --global init.defaultBranch <name>
2025-09-02T15:47:57.6175533Z hint:
2025-09-02T15:47:57.6177403Z hint: Names commonly chosen instead of 'master' are 'main', 'trunk' and
2025-09-02T15:47:57.6180578Z hint: 'development'. The just-created branch can be renamed via this command:
2025-09-02T15:47:57.6183106Z hint:
2025-09-02T15:47:57.6184294Z hint: 	git branch -m <name>
2025-09-02T15:47:57.6185651Z hint:
2025-09-02T15:47:57.6186801Z hint: Disable this message with "git config set advice.defaultBranchName false"
2025-09-02T15:47:57.6188606Z Initialized empty Git repository in /home/runner/work/tinuous/tinuous/.git/
2025-09-02T15:47:57.6192724Z [command]/usr/bin/git remote add origin https://github.com/con/tinuous
2025-09-02T15:47:57.6213563Z ##[endgroup]
2025-09-02T15:47:57.6215935Z ##[group]Disabling automatic garbage collection
2025-09-02T15:47:57.6218124Z [command]/usr/bin/git config --local gc.auto 0
2025-09-02T15:47:57.6247707Z ##[endgroup]
2025-09-02T15:47:57.6249990Z ##[group]Setting up auth
2025-09-02T15:47:57.6255262Z [command]/usr/bin/git config --local --name-only --get-regexp core\.sshCommand
2025-09-02T15:47:57.6287236Z [command]/usr/bin/git submodule foreach --recursive sh -c "git config --local --name-only --get-regexp 'core\.sshCommand' && git config --local --unset-all 'core.sshCommand' || :"
2025-09-02T15:47:57.6600071Z [command]/usr/bin/git config --local --name-only --get-regexp http\.https\:\/\/github\.com\/\.extraheader
2025-09-02T15:47:57.6631796Z [command]/usr/bin/git submodule foreach --recursive sh -c "git config --local --name-only --get-regexp 'http\.https\:\/\/github\.com\/\.extraheader' && git config --local --unset-all 'http.https://github.com/.extraheader' || :"
2025-09-02T15:47:57.6848499Z [command]/usr/bin/git config --local http.https://github.com/.extraheader AUTHORIZATION: basic ***
2025-09-02T15:47:57.6883017Z ##[endgroup]
2025-09-02T15:47:57.6884591Z ##[group]Fetching the repository
2025-09-02T15:47:57.6892950Z [command]/usr/bin/git -c protocol.version=2 fetch --prune --no-recurse-submodules origin +refs/heads/*:refs/remotes/origin/* +refs/tags/*:refs/tags/* +e72ccee76a3ff87ae433bf9d3afea163ec4f3bf5:refs/remotes/pull/216/merge
2025-09-02T15:47:58.2929659Z From https://github.com/con/tinuous
2025-09-02T15:47:58.2931319Z  * [new branch]      bf-circleci                              -> origin/bf-circleci
2025-09-02T15:47:58.2932259Z  * [new branch]      bf-sanitize-tilda                        -> origin/bf-sanitize-tilda
2025-09-02T15:47:58.2933212Z  * [new branch]      dependabot/github_actions/actions/checkout-5 -> origin/dependabot/github_actions/actions/checkout-5
2025-09-02T15:47:58.2933857Z  * [new branch]      gh-55                                    -> origin/gh-55
2025-09-02T15:47:58.2934353Z  * [new branch]      master                                   -> origin/master
2025-09-02T15:47:58.2934841Z  * [new branch]      no-extra-search                          -> origin/no-extra-search
2025-09-02T15:47:58.2935323Z  * [new branch]      pragmata                                 -> origin/pragmata
2025-09-02T15:47:58.2935795Z  * [new branch]      test-appveyor                            -> origin/test-appveyor
2025-09-02T15:47:58.2936229Z  * [new tag]         0.1.0                                    -> 0.1.0
2025-09-02T15:47:58.2936868Z  * [new tag]         0.2.0                                    -> 0.2.0
2025-09-02T15:47:58.2937229Z  * [new tag]         0.3.0                                    -> 0.3.0
2025-09-02T15:47:58.2937584Z  * [new tag]         0.4.0                                    -> 0.4.0
2025-09-02T15:47:58.2937943Z  * [new tag]         0.5.0                                    -> 0.5.0
2025-09-02T15:47:58.2938335Z  * [new tag]         0.5.1                                    -> 0.5.1
2025-09-02T15:47:58.2938706Z  * [new tag]         0.5.2                                    -> 0.5.2
2025-09-02T15:47:58.2939075Z  * [new tag]         0.5.3                                    -> 0.5.3
2025-09-02T15:47:58.2939419Z  * [new tag]         0.5.4                                    -> 0.5.4
2025-09-02T15:47:58.2939770Z  * [new tag]         0.6.0                                    -> 0.6.0
2025-09-02T15:47:58.2940129Z  * [new tag]         0.6.1                                    -> 0.6.1
2025-09-02T15:47:58.2940482Z  * [new tag]         0.7.0                                    -> 0.7.0
2025-09-02T15:47:58.2941006Z  * [new tag]         0.7.1                                    -> 0.7.1
2025-09-02T15:47:58.2941422Z  * [new ref]         e72ccee76a3ff87ae433bf9d3afea163ec4f3bf5 -> pull/216/merge
2025-09-02T15:47:58.2985269Z ##[endgroup]
2025-09-02T15:47:58.2986131Z ##[group]Determining the checkout info
2025-09-02T15:47:58.2987057Z ##[endgroup]
2025-09-02T15:47:58.2992503Z [command]/usr/bin/git sparse-checkout disable
2025-09-02T15:47:58.3032799Z [command]/usr/bin/git config --local --unset-all extensions.worktreeConfig
2025-09-02T15:47:58.3059584Z ##[group]Checking out the ref
2025-09-02T15:47:58.3063792Z [command]/usr/bin/git checkout --progress --force refs/remotes/pull/216/merge
2025-09-02T15:47:58.3112510Z Note: switching to 'refs/remotes/pull/216/merge'.
2025-09-02T15:47:58.3113022Z 
2025-09-02T15:47:58.3113389Z You are in 'detached HEAD' state. You can look around, make experimental
2025-09-02T15:47:58.3113981Z changes and commit them, and you can discard any commits you make in this
2025-09-02T15:47:58.3114462Z state without impacting any branches by switching back to a branch.
2025-09-02T15:47:58.3114749Z 
2025-09-02T15:47:58.3114951Z If you want to create a new branch to retain commits you create, you may
2025-09-02T15:47:58.3115404Z do so (now or later) by using -c with the switch command. Example:
2025-09-02T15:47:58.3115660Z 
2025-09-02T15:47:58.3115787Z   git switch -c <new-branch-name>
2025-09-02T15:47:58.3115979Z 
2025-09-02T15:47:58.3116094Z Or undo this operation with:
2025-09-02T15:47:58.3116266Z 
2025-09-02T15:47:58.3116370Z   git switch -
2025-09-02T15:47:58.3116725Z 
2025-09-02T15:47:58.3116955Z Turn off this advice by setting config variable advice.detachedHead to false
2025-09-02T15:47:58.3117434Z 
2025-09-02T15:47:58.3118115Z HEAD is now at e72ccee Merge 25ebb5d927a59b3efacf898e17e63b6e347e0f59 into 28f2d8e50443934767288e82bf9f0ffc7c8bb1fa
2025-09-02T15:47:58.3122272Z ##[endgroup]
2025-09-02T15:47:58.3156098Z [command]/usr/bin/git log -1 --format=%H
2025-09-02T15:47:58.3177644Z e72ccee76a3ff87ae433bf9d3afea163ec4f3bf5
2025-09-02T15:47:58.3400314Z ##[group]Run actions/setup-python@v5
2025-09-02T15:47:58.3400661Z with:
2025-09-02T15:47:58.3401045Z   python-version: 3.13
2025-09-02T15:47:58.3401298Z   check-latest: false
2025-09-02T15:47:58.3401695Z   token: ***
2025-09-02T15:47:58.3401942Z   update-environment: true
2025-09-02T15:47:58.3402220Z   allow-prereleases: false
2025-09-02T15:47:58.3402496Z   freethreaded: false
2025-09-02T15:47:58.3402733Z ##[endgroup]
2025-09-02T15:47:58.5038916Z ##[group]Installed versions
2025-09-02T15:47:58.5116675Z Successfully set up CPython (3.13.7)
2025-09-02T15:47:58.5117673Z ##[endgroup]
2025-09-02T15:47:58.5243812Z ##[group]Run python -m pip install --upgrade pip wheel
2025-09-02T15:47:58.5244372Z [36;1mpython -m pip install --upgrade pip wheel[0m
2025-09-02T15:47:58.5244826Z [36;1mpython -m pip install --upgrade --upgrade-strategy=eager tox[0m
2025-09-02T15:47:58.5314565Z shell: /usr/bin/bash -e {0}
2025-09-02T15:47:58.5314875Z env:
2025-09-02T15:47:58.5315188Z   pythonLocation: /opt/hostedtoolcache/Python/3.13.7/x64
2025-09-02T15:47:58.5315683Z   PKG_CONFIG_PATH: /opt/hostedtoolcache/Python/3.13.7/x64/lib/pkgconfig
2025-09-02T15:47:58.5316137Z   Python_ROOT_DIR: /opt/hostedtoolcache/Python/3.13.7/x64
2025-09-02T15:47:58.5316549Z   Python2_ROOT_DIR: /opt/hostedtoolcache/Python/3.13.7/x64
2025-09-02T15:47:58.5316962Z   Python3_ROOT_DIR: /opt/hostedtoolcache/Python/3.13.7/x64
2025-09-02T15:47:58.5317367Z   LD_LIBRARY_PATH: /opt/hostedtoolcache/Python/3.13.7/x64/lib
2025-09-02T15:47:58.5317705Z ##[endgroup]
2025-09-02T15:47:59.4397826Z Requirement already satisfied: pip in /opt/hostedtoolcache/Python/3.13.7/x64/lib/python3.13/site-packages (25.2)
2025-09-02T15:47:59.5245261Z Collecting wheel
2025-09-02T15:47:59.5575522Z   Downloading wheel-0.45.1-py3-none-any.whl.metadata (2.3 kB)
2025-09-02T15:47:59.5669478Z Downloading wheel-0.45.1-py3-none-any.whl (72 kB)
2025-09-02T15:47:59.5876967Z Installing collected packages: wheel
2025-09-02T15:47:59.6376134Z Successfully installed wheel-0.45.1
2025-09-02T15:48:00.6565373Z Collecting tox
2025-09-02T15:48:00.6873602Z   Downloading tox-4.29.0-py3-none-any.whl.metadata (3.6 kB)
2025-09-02T15:48:00.7054709Z Collecting cachetools>=6.1 (from tox)
2025-09-02T15:48:00.7079731Z   Downloading cachetools-6.2.0-py3-none-any.whl.metadata (5.4 kB)
2025-09-02T15:48:00.7186872Z Collecting chardet>=5.2 (from tox)
2025-09-02T15:48:00.7211611Z   Downloading chardet-5.2.0-py3-none-any.whl.metadata (3.4 kB)
2025-09-02T15:48:00.7354700Z Collecting colorama>=0.4.6 (from tox)
2025-09-02T15:48:00.7384234Z   Downloading colorama-0.4.6-py2.py3-none-any.whl.metadata (17 kB)
2025-09-02T15:48:00.7574481Z Collecting filelock>=3.18 (from tox)
2025-09-02T15:48:00.7606660Z   Downloading filelock-3.19.1-py3-none-any.whl.metadata (2.1 kB)
2025-09-02T15:48:00.7762982Z Collecting packaging>=25 (from tox)
2025-09-02T15:48:00.7788084Z   Downloading packaging-25.0-py3-none-any.whl.metadata (3.3 kB)
2025-09-02T15:48:00.7945586Z Collecting platformdirs>=4.3.8 (from tox)
2025-09-02T15:48:00.7973643Z   Downloading platformdirs-4.4.0-py3-none-any.whl.metadata (12 kB)
2025-09-02T15:48:00.8116822Z Collecting pluggy>=1.6 (from tox)
2025-09-02T15:48:00.8141931Z   Downloading pluggy-1.6.0-py3-none-any.whl.metadata (4.8 kB)
2025-09-02T15:48:00.8272195Z Collecting pyproject-api>=1.9.1 (from tox)
2025-09-02T15:48:00.8297370Z   Downloading pyproject_api-1.9.1-py3-none-any.whl.metadata (2.7 kB)
2025-09-02T15:48:00.8710930Z Collecting virtualenv>=20.31.2 (from tox)
2025-09-02T15:48:00.8736922Z   Downloading virtualenv-20.34.0-py3-none-any.whl.metadata (4.6 kB)
2025-09-02T15:48:00.8952683Z Collecting distlib<1,>=0.3.7 (from virtualenv>=20.31.2->tox)
2025-09-02T15:48:00.8981022Z   Downloading distlib-0.4.0-py2.py3-none-any.whl.metadata (5.2 kB)
2025-09-02T15:48:00.9123453Z Downloading tox-4.29.0-py3-none-any.whl (174 kB)
2025-09-02T15:48:00.9213450Z Downloading cachetools-6.2.0-py3-none-any.whl (11 kB)
2025-09-02T15:48:00.9257540Z Downloading chardet-5.2.0-py3-none-any.whl (199 kB)
2025-09-02T15:48:00.9328424Z Downloading colorama-0.4.6-py2.py3-none-any.whl (25 kB)
2025-09-02T15:48:00.9371366Z Downloading filelock-3.19.1-py3-none-any.whl (15 kB)
2025-09-02T15:48:00.9414830Z Downloading packaging-25.0-py3-none-any.whl (66 kB)
2025-09-02T15:48:00.9465171Z Downloading platformdirs-4.4.0-py3-none-any.whl (18 kB)
2025-09-02T15:48:00.9507160Z Downloading pluggy-1.6.0-py3-none-any.whl (20 kB)
2025-09-02T15:48:00.9549836Z Downloading pyproject_api-1.9.1-py3-none-any.whl (13 kB)
2025-09-02T15:48:00.9591341Z Downloading virtualenv-20.34.0-py3-none-any.whl (6.0 MB)
2025-09-02T15:48:01.0021399Z    ━━━━━━━━━━━━━━━━━━━━━━━━━━━━━━━━━━━━━━━━ 6.0/6.0 MB 149.4 MB/s  0:00:00
2025-09-02T15:48:01.0046635Z Downloading distlib-0.4.0-py2.py3-none-any.whl (469 kB)
2025-09-02T15:48:01.0478230Z Installing collected packages: distlib, pluggy, platformdirs, packaging, filelock, colorama, chardet, cachetools, virtualenv, pyproject-api, tox
2025-09-02T15:48:01.7547629Z 
2025-09-02T15:48:01.7569006Z Successfully installed cachetools-6.2.0 chardet-5.2.0 colorama-0.4.6 distlib-0.4.0 filelock-3.19.1 packaging-25.0 platformdirs-4.4.0 pluggy-1.6.0 pyproject-api-1.9.1 tox-4.29.0 virtualenv-20.34.0
2025-09-02T15:48:01.8153613Z ##[group]Run tox -e py -- --cov-report=xml
2025-09-02T15:48:01.8153965Z [36;1mtox -e py -- --cov-report=xml[0m
2025-09-02T15:48:01.8184514Z shell: /usr/bin/bash -e {0}
2025-09-02T15:48:01.8184740Z env:
2025-09-02T15:48:01.8184980Z   pythonLocation: /opt/hostedtoolcache/Python/3.13.7/x64
2025-09-02T15:48:01.8185373Z   PKG_CONFIG_PATH: /opt/hostedtoolcache/Python/3.13.7/x64/lib/pkgconfig
2025-09-02T15:48:01.8185757Z   Python_ROOT_DIR: /opt/hostedtoolcache/Python/3.13.7/x64
2025-09-02T15:48:01.8186113Z   Python2_ROOT_DIR: /opt/hostedtoolcache/Python/3.13.7/x64
2025-09-02T15:48:01.8186456Z   Python3_ROOT_DIR: /opt/hostedtoolcache/Python/3.13.7/x64
2025-09-02T15:48:01.8186796Z   LD_LIBRARY_PATH: /opt/hostedtoolcache/Python/3.13.7/x64/lib
2025-09-02T15:48:01.8187095Z ##[endgroup]
2025-09-02T15:48:02.7394780Z py: install_deps> python -I -m pip install pytest pytest-cov pytest-mock
2025-09-02T15:48:05.6146714Z .pkg: install_requires> python -I -m pip install 'setuptools>=46.4.0' versioningit
2025-09-02T15:48:07.6836880Z .pkg: _optional_hooks> python /opt/hostedtoolcache/Python/3.13.7/x64/lib/python3.13/site-packages/pyproject_api/_backend.py True setuptools.build_meta
2025-09-02T15:48:07.9082223Z .pkg: get_requires_for_build_sdist> python /opt/hostedtoolcache/Python/3.13.7/x64/lib/python3.13/site-packages/pyproject_api/_backend.py True setuptools.build_meta
2025-09-02T15:48:08.1385219Z .pkg: get_requires_for_build_wheel> python /opt/hostedtoolcache/Python/3.13.7/x64/lib/python3.13/site-packages/pyproject_api/_backend.py True setuptools.build_meta
2025-09-02T15:48:08.3681510Z .pkg: freeze> python -m pip freeze --all
2025-09-02T15:48:08.5941109Z .pkg: packaging==25.0,pip==25.2,setuptools==80.9.0,versioningit==3.3.0
2025-09-02T15:48:08.5945411Z .pkg: prepare_metadata_for_build_wheel> python /opt/hostedtoolcache/Python/3.13.7/x64/lib/python3.13/site-packages/pyproject_api/_backend.py True setuptools.build_meta
2025-09-02T15:48:08.8432032Z .pkg: build_sdist> python /opt/hostedtoolcache/Python/3.13.7/x64/lib/python3.13/site-packages/pyproject_api/_backend.py True setuptools.build_meta
2025-09-02T15:48:09.1046358Z py: install_package_deps> python -I -m pip install 'PyYAML>=5.0' 'click-loglevel~=0.2' 'click>=7.0' 'ghtoken~=0.1' 'in_place~=1.0' 'pydantic~=2.0' 'python-dateutil~=2.7' 'python-dotenv<2.0,>=0.11' 'requests~=2.20'
2025-09-02T15:48:12.3332776Z py: install_package> python -I -m pip install --force-reinstall --no-deps /home/runner/work/tinuous/tinuous/.tox/.tmp/package/1/tinuous-0.7.1.post2+ge72ccee.tar.gz
2025-09-02T15:48:14.4230019Z py: freeze> python -m pip freeze --all
2025-09-02T15:48:14.6690932Z py: annotated-types==0.7.0,certifi==2025.8.3,charset-normalizer==3.4.3,click==8.2.1,click-loglevel==0.6.1,coverage==7.10.6,ghtoken==0.1.2,idna==3.10,in_place==1.0.1,iniconfig==2.1.0,packaging==25.0,pip==25.2,pluggy==1.6.0,pydantic==2.11.7,pydantic_core==2.33.2,Pygments==2.19.2,pytest==8.4.1,pytest-cov==6.2.1,pytest-mock==3.14.1,python-dateutil==2.9.0.post0,python-dotenv==1.1.1,PyYAML==6.0.2,requests==2.32.5,ruamel.yaml==0.18.15,ruamel.yaml.clib==0.2.12,six==1.17.0,tinuous @ file:///home/runner/work/tinuous/tinuous/.tox/.tmp/package/1/tinuous-0.7.1.post2%2Bge72ccee.tar.gz#sha256=f233eab9fb1deef2a0283a6a4145a21246e3902067dca302bc2d4010a2a043cb,typing-inspection==0.4.1,typing_extensions==4.15.0,urllib3==2.5.0
2025-09-02T15:48:14.6695058Z py: commands[0]> tinuous --help
2025-09-02T15:48:14.9872019Z Usage: tinuous [OPTIONS] COMMAND [ARGS]...
2025-09-02T15:48:14.9872386Z 
2025-09-02T15:48:14.9872689Z   Download build logs from GitHub Actions, Travis, Appveyor, and CircleCI
2025-09-02T15:48:14.9873137Z 
2025-09-02T15:48:14.9873238Z Options:
2025-09-02T15:48:14.9873601Z   -V, --version                   Show the version and exit.
2025-09-02T15:48:14.9874534Z   -c, --config FILE               Read configuration from the given file
2025-09-02T15:48:14.9875032Z                                   [default: tinuous.yaml]
2025-09-02T15:48:14.9875825Z   -E, --env FILE                  Load environment variables from given .env
2025-09-02T15:48:14.9876309Z                                   file
2025-09-02T15:48:14.9876745Z   -l, --log-level [NOTSET|DEBUG|INFO|WARNING|ERROR|CRITICAL]
2025-09-02T15:48:14.9877215Z                                   Set logging level  [default: INFO]
2025-09-02T15:48:14.9877664Z   --help                          Show this message and exit.
2025-09-02T15:48:14.9877957Z 
2025-09-02T15:48:14.9878053Z Commands:
2025-09-02T15:48:14.9878310Z   fetch         Download logs
2025-09-02T15:48:14.9878685Z   fetch-commit  Download logs for a specific commit
2025-09-02T15:48:14.9879119Z   sanitize      Sanitize secrets in logs
2025-09-02T15:48:15.0202078Z py: commands[1]> pytest --cov-report=xml test
2025-09-02T15:48:16.2260643Z ============================= test session starts ==============================
2025-09-02T15:48:16.2261861Z platform linux -- Python 3.13.7, pytest-8.4.1, pluggy-1.6.0
2025-09-02T15:48:16.2262538Z cachedir: .tox/py/.pytest_cache
2025-09-02T15:48:16.2263086Z rootdir: /home/runner/work/tinuous/tinuous
2025-09-02T15:48:16.2263614Z configfile: tox.ini
2025-09-02T15:48:16.2264012Z plugins: mock-3.14.1, cov-6.2.1
2025-09-02T15:48:16.2264405Z collected 64 items
2025-09-02T15:48:16.2264550Z 
2025-09-02T15:48:16.2420442Z test/test_base.py .........                                              [ 14%]
2025-09-02T15:48:16.2546808Z test/test_config.py ........                                             [ 26%]
2025-09-02T15:48:16.2775871Z test/test_state.py ........                                              [ 39%]
2025-09-02T15:48:16.5551769Z test/test_util.py .......................................                [100%]
2025-09-02T15:48:16.5552254Z 
2025-09-02T15:48:16.5552461Z ================================ tests coverage ================================
2025-09-02T15:48:16.5553028Z _______________ coverage: platform linux, python 3.13.7-final-0 ________________
2025-09-02T15:48:16.5553338Z 
2025-09-02T15:48:16.5553450Z Coverage XML written to file coverage.xml
2025-09-02T15:48:16.5553798Z ============================== 64 passed in 0.76s ==============================
2025-09-02T15:48:16.6251134Z   py: OK (14.07=setup[12.12]+cmd[0.35,1.60] seconds)
2025-09-02T15:48:16.6251494Z   congratulations :) (14.10 seconds)
2025-09-02T15:48:16.6812776Z ##[group]Run codecov/codecov-action@v5
2025-09-02T15:48:16.6813064Z with:
2025-09-02T15:48:16.6813247Z   fail_ci_if_error: false
2025-09-02T15:48:16.6813702Z   token: ***
2025-09-02T15:48:16.6813883Z   name: 3.13
2025-09-02T15:48:16.6814065Z   disable_file_fixes: false
2025-09-02T15:48:16.6814268Z   disable_search: false
2025-09-02T15:48:16.6814467Z   disable_safe_directory: false
2025-09-02T15:48:16.6814671Z   disable_telem: false
2025-09-02T15:48:16.6814878Z   dry_run: false
2025-09-02T15:48:16.6815054Z   git_service: github
2025-09-02T15:48:16.6815235Z   gcov_executable: gcov
2025-09-02T15:48:16.6815435Z   handle_no_reports_found: false
2025-09-02T15:48:16.6815654Z   recurse_submodules: false
2025-09-02T15:48:16.6815865Z   run_command: upload-coverage
2025-09-02T15:48:16.6816088Z   skip_validation: false
2025-09-02T15:48:16.6816300Z   use_legacy_upload_endpoint: false
2025-09-02T15:48:16.6816526Z   use_oidc: false
2025-09-02T15:48:16.6816698Z   use_pypi: false
2025-09-02T15:48:16.6816897Z   verbose: false
2025-09-02T15:48:16.6817064Z   version: latest
2025-09-02T15:48:16.6817228Z env:
2025-09-02T15:48:16.6817453Z   pythonLocation: /opt/hostedtoolcache/Python/3.13.7/x64
2025-09-02T15:48:16.6817830Z   PKG_CONFIG_PATH: /opt/hostedtoolcache/Python/3.13.7/x64/lib/pkgconfig
2025-09-02T15:48:16.6818220Z   Python_ROOT_DIR: /opt/hostedtoolcache/Python/3.13.7/x64
2025-09-02T15:48:16.6818583Z   Python2_ROOT_DIR: /opt/hostedtoolcache/Python/3.13.7/x64
2025-09-02T15:48:16.6819106Z   Python3_ROOT_DIR: /opt/hostedtoolcache/Python/3.13.7/x64
2025-09-02T15:48:16.6819437Z   LD_LIBRARY_PATH: /opt/hostedtoolcache/Python/3.13.7/x64/lib
2025-09-02T15:48:16.6819714Z ##[endgroup]
2025-09-02T15:48:16.6910309Z ##[group]Run missing_deps=""
2025-09-02T15:48:16.6910561Z [36;1mmissing_deps=""[0m
2025-09-02T15:48:16.6910900Z [36;1m[0m
2025-09-02T15:48:16.6911077Z [36;1m# Check for required commands[0m
2025-09-02T15:48:16.6911336Z [36;1mfor cmd in bash git curl gpg; do[0m
2025-09-02T15:48:16.6911615Z [36;1m  if ! command -v "$cmd" >/dev/null 2>&1; then[0m
2025-09-02T15:48:16.6911905Z [36;1m    missing_deps="$missing_deps $cmd"[0m
2025-09-02T15:48:16.6912142Z [36;1m  fi[0m
2025-09-02T15:48:16.6912299Z [36;1mdone[0m
2025-09-02T15:48:16.6912459Z [36;1m[0m
2025-09-02T15:48:16.6912645Z [36;1m# Report missing required dependencies[0m
2025-09-02T15:48:16.6912922Z [36;1mif [ -n "$missing_deps" ]; then[0m
2025-09-02T15:48:16.6913282Z [36;1m  echo "Error: The following required dependencies are missing:$missing_deps"[0m
2025-09-02T15:48:16.6913780Z [36;1m  echo "Please install these dependencies before using this action."[0m
2025-09-02T15:48:16.6914108Z [36;1m  exit 1[0m
2025-09-02T15:48:16.6914275Z [36;1mfi[0m
2025-09-02T15:48:16.6914424Z [36;1m[0m
2025-09-02T15:48:16.6914654Z [36;1mecho "All required system dependencies are available."[0m
2025-09-02T15:48:16.6939308Z shell: /usr/bin/sh -e {0}
2025-09-02T15:48:16.6939527Z env:
2025-09-02T15:48:16.6939768Z   pythonLocation: /opt/hostedtoolcache/Python/3.13.7/x64
2025-09-02T15:48:16.6940161Z   PKG_CONFIG_PATH: /opt/hostedtoolcache/Python/3.13.7/x64/lib/pkgconfig
2025-09-02T15:48:16.6940549Z   Python_ROOT_DIR: /opt/hostedtoolcache/Python/3.13.7/x64
2025-09-02T15:48:16.6941051Z   Python2_ROOT_DIR: /opt/hostedtoolcache/Python/3.13.7/x64
2025-09-02T15:48:16.6941384Z   Python3_ROOT_DIR: /opt/hostedtoolcache/Python/3.13.7/x64
2025-09-02T15:48:16.6941714Z   LD_LIBRARY_PATH: /opt/hostedtoolcache/Python/3.13.7/x64/lib
2025-09-02T15:48:16.6942000Z ##[endgroup]
2025-09-02T15:48:16.6981581Z All required system dependencies are available.
2025-09-02T15:48:16.7007647Z ##[group]Run CC_ACTION_VERSION=$(cat ${GITHUB_ACTION_PATH}/src/version)
2025-09-02T15:48:16.7008070Z [36;1mCC_ACTION_VERSION=$(cat ${GITHUB_ACTION_PATH}/src/version)[0m
2025-09-02T15:48:16.7008469Z [36;1mecho -e "\033[0;32m==>\033[0m Running Action version $CC_ACTION_VERSION"[0m
2025-09-02T15:48:16.7036283Z shell: /usr/bin/bash --noprofile --norc -e -o pipefail {0}
2025-09-02T15:48:16.7036767Z env:
2025-09-02T15:48:16.7037011Z   pythonLocation: /opt/hostedtoolcache/Python/3.13.7/x64
2025-09-02T15:48:16.7037469Z   PKG_CONFIG_PATH: /opt/hostedtoolcache/Python/3.13.7/x64/lib/pkgconfig
2025-09-02T15:48:16.7037872Z   Python_ROOT_DIR: /opt/hostedtoolcache/Python/3.13.7/x64
2025-09-02T15:48:16.7038205Z   Python2_ROOT_DIR: /opt/hostedtoolcache/Python/3.13.7/x64
2025-09-02T15:48:16.7038535Z   Python3_ROOT_DIR: /opt/hostedtoolcache/Python/3.13.7/x64
2025-09-02T15:48:16.7038867Z   LD_LIBRARY_PATH: /opt/hostedtoolcache/Python/3.13.7/x64/lib
2025-09-02T15:48:16.7039158Z ##[endgroup]
2025-09-02T15:48:16.7098240Z [0;32m==>[0m Running Action version 5.5.0
2025-09-02T15:48:16.7135082Z ##[group]Run git config --global --add safe.directory "/home/runner/work/tinuous/tinuous"
2025-09-02T15:48:16.7135611Z [36;1mgit config --global --add safe.directory "/home/runner/work/tinuous/tinuous"[0m
2025-09-02T15:48:16.7136046Z [36;1mgit config --global --add safe.directory "$GITHUB_WORKSPACE"[0m
2025-09-02T15:48:16.7162703Z shell: /usr/bin/bash --noprofile --norc -e -o pipefail {0}
2025-09-02T15:48:16.7163010Z env:
2025-09-02T15:48:16.7163247Z   pythonLocation: /opt/hostedtoolcache/Python/3.13.7/x64
2025-09-02T15:48:16.7163644Z   PKG_CONFIG_PATH: /opt/hostedtoolcache/Python/3.13.7/x64/lib/pkgconfig
2025-09-02T15:48:16.7164029Z   Python_ROOT_DIR: /opt/hostedtoolcache/Python/3.13.7/x64
2025-09-02T15:48:16.7164372Z   Python2_ROOT_DIR: /opt/hostedtoolcache/Python/3.13.7/x64
2025-09-02T15:48:16.7164695Z   Python3_ROOT_DIR: /opt/hostedtoolcache/Python/3.13.7/x64
2025-09-02T15:48:16.7165207Z   LD_LIBRARY_PATH: /opt/hostedtoolcache/Python/3.13.7/x64/lib
2025-09-02T15:48:16.7165487Z ##[endgroup]
2025-09-02T15:48:16.7259222Z ##[group]Run CC_FORK="false"
2025-09-02T15:48:16.7259462Z [36;1mCC_FORK="false"[0m
2025-09-02T15:48:16.7259954Z [36;1mif [ -n "$GITHUB_EVENT_PULL_REQUEST_HEAD_REPO_FULL_NAME" ] && [ "$GITHUB_EVENT_PULL_REQUEST_HEAD_REPO_FULL_NAME" != "$GITHUB_REPOSITORY" ];[0m
2025-09-02T15:48:16.7260467Z [36;1mthen[0m
2025-09-02T15:48:16.7260877Z [36;1m  echo -e "\033[0;32m==>\033[0m Fork detected"[0m
2025-09-02T15:48:16.7261167Z [36;1m  CC_FORK="true"[0m
2025-09-02T15:48:16.7261365Z [36;1mfi[0m
2025-09-02T15:48:16.7261559Z [36;1mecho "CC_FORK=$CC_FORK" >> "$GITHUB_ENV"[0m
2025-09-02T15:48:16.7288070Z shell: /usr/bin/bash --noprofile --norc -e -o pipefail {0}
2025-09-02T15:48:16.7288368Z env:
2025-09-02T15:48:16.7288602Z   pythonLocation: /opt/hostedtoolcache/Python/3.13.7/x64
2025-09-02T15:48:16.7289017Z   PKG_CONFIG_PATH: /opt/hostedtoolcache/Python/3.13.7/x64/lib/pkgconfig
2025-09-02T15:48:16.7289391Z   Python_ROOT_DIR: /opt/hostedtoolcache/Python/3.13.7/x64
2025-09-02T15:48:16.7289718Z   Python2_ROOT_DIR: /opt/hostedtoolcache/Python/3.13.7/x64
2025-09-02T15:48:16.7290044Z   Python3_ROOT_DIR: /opt/hostedtoolcache/Python/3.13.7/x64
2025-09-02T15:48:16.7290378Z   LD_LIBRARY_PATH: /opt/hostedtoolcache/Python/3.13.7/x64/lib
2025-09-02T15:48:16.7290904Z   GITHUB_EVENT_PULL_REQUEST_HEAD_LABEL: con:bf-sanitize-tilda
2025-09-02T15:48:16.7291269Z   GITHUB_EVENT_PULL_REQUEST_HEAD_REPO_FULL_NAME: con/tinuous
2025-09-02T15:48:16.7291566Z   GITHUB_REPOSITORY: con/tinuous
2025-09-02T15:48:16.7291778Z ##[endgroup]
2025-09-02T15:48:16.7386970Z ##[group]Run actions/github-script@60a0d83039c74a4aee543508d2ffcb1c3799cdea
2025-09-02T15:48:16.7387311Z with:
2025-09-02T15:48:16.7387818Z   script: if (process.env.CC_USE_OIDC === 'true' && process.env.CC_FORK != 'true') {
  const id_token = await core.getIDToken(process.env.CC_OIDC_AUDIENCE)
  return id_token
}

2025-09-02T15:48:16.7388527Z   github-token: ***
2025-09-02T15:48:16.7388720Z   debug: false
2025-09-02T15:48:16.7388910Z   user-agent: actions/github-script
2025-09-02T15:48:16.7389143Z   result-encoding: json
2025-09-02T15:48:16.7389329Z   retries: 0
2025-09-02T15:48:16.7389525Z   retry-exempt-status-codes: 400,401,403,404,422
2025-09-02T15:48:16.7389776Z env:
2025-09-02T15:48:16.7389997Z   pythonLocation: /opt/hostedtoolcache/Python/3.13.7/x64
2025-09-02T15:48:16.7390527Z   PKG_CONFIG_PATH: /opt/hostedtoolcache/Python/3.13.7/x64/lib/pkgconfig
2025-09-02T15:48:16.7391257Z   Python_ROOT_DIR: /opt/hostedtoolcache/Python/3.13.7/x64
2025-09-02T15:48:16.7391596Z   Python2_ROOT_DIR: /opt/hostedtoolcache/Python/3.13.7/x64
2025-09-02T15:48:16.7391917Z   Python3_ROOT_DIR: /opt/hostedtoolcache/Python/3.13.7/x64
2025-09-02T15:48:16.7392248Z   LD_LIBRARY_PATH: /opt/hostedtoolcache/Python/3.13.7/x64/lib
2025-09-02T15:48:16.7392518Z   CC_FORK: false
2025-09-02T15:48:16.7392730Z   CC_OIDC_AUDIENCE: https://codecov.io
2025-09-02T15:48:16.7392969Z   CC_USE_OIDC: false
2025-09-02T15:48:16.7393143Z ##[endgroup]
2025-09-02T15:48:16.8294636Z ##[group]Run if [ "false" == 'true' ] && [ "$CC_FORK" != 'true' ];
2025-09-02T15:48:16.8295017Z [36;1mif [ "false" == 'true' ] && [ "$CC_FORK" != 'true' ];[0m
2025-09-02T15:48:16.8295278Z [36;1mthen[0m
2025-09-02T15:48:16.8295495Z [36;1m  echo "CC_TOKEN=$CC_OIDC_TOKEN" >> "$GITHUB_ENV"[0m
2025-09-02T15:48:16.8295785Z [36;1melif [ -n "" ];[0m
2025-09-02T15:48:16.8295990Z [36;1mthen[0m
2025-09-02T15:48:16.8296212Z [36;1m  echo -e "\033[0;32m==>\033[0m Token set from env"[0m
2025-09-02T15:48:16.8296494Z [36;1m    echo "CC_TOKEN=" >> "$GITHUB_ENV"[0m
2025-09-02T15:48:16.8296728Z [36;1melse[0m
2025-09-02T15:48:16.8297043Z [36;1m  if [ -n "***" ];[0m
2025-09-02T15:48:16.8297233Z [36;1m  then[0m
2025-09-02T15:48:16.8297454Z [36;1m    echo -e "\033[0;32m==>\033[0m Token set from input"[0m
2025-09-02T15:48:16.8297837Z [36;1m    CC_TOKEN=$(echo "***" | tr -d '\n')[0m
2025-09-02T15:48:16.8298307Z [36;1m    echo "CC_TOKEN=$CC_TOKEN" >> "$GITHUB_ENV"[0m
2025-09-02T15:48:16.8298558Z [36;1m  fi[0m
2025-09-02T15:48:16.8298717Z [36;1mfi[0m
2025-09-02T15:48:16.8328770Z shell: /usr/bin/bash --noprofile --norc -e -o pipefail {0}
2025-09-02T15:48:16.8329074Z env:
2025-09-02T15:48:16.8329305Z   pythonLocation: /opt/hostedtoolcache/Python/3.13.7/x64
2025-09-02T15:48:16.8329690Z   PKG_CONFIG_PATH: /opt/hostedtoolcache/Python/3.13.7/x64/lib/pkgconfig
2025-09-02T15:48:16.8330078Z   Python_ROOT_DIR: /opt/hostedtoolcache/Python/3.13.7/x64
2025-09-02T15:48:16.8330412Z   Python2_ROOT_DIR: /opt/hostedtoolcache/Python/3.13.7/x64
2025-09-02T15:48:16.8330978Z   Python3_ROOT_DIR: /opt/hostedtoolcache/Python/3.13.7/x64
2025-09-02T15:48:16.8331517Z   LD_LIBRARY_PATH: /opt/hostedtoolcache/Python/3.13.7/x64/lib
2025-09-02T15:48:16.8331977Z   CC_FORK: false
2025-09-02T15:48:16.8332240Z   CC_OIDC_TOKEN: 
2025-09-02T15:48:16.8332572Z   CC_OIDC_AUDIENCE: https://codecov.io
2025-09-02T15:48:16.8332943Z ##[endgroup]
2025-09-02T15:48:16.8382044Z [0;32m==>[0m Token set from input
2025-09-02T15:48:16.8418397Z ##[group]Run if [ -z "$CC_BRANCH" ] && [ -z "$CC_TOKEN" ] && [ "$CC_FORK" == 'true' ]
2025-09-02T15:48:16.8418833Z [36;1mif [ -z "$CC_BRANCH" ] && [ -z "$CC_TOKEN" ] && [ "$CC_FORK" == 'true' ][0m
2025-09-02T15:48:16.8419131Z [36;1mthen[0m
2025-09-02T15:48:16.8419481Z [36;1m  echo -e "\033[0;32m==>\033[0m Fork detected, setting branch to $GITHUB_EVENT_PULL_REQUEST_HEAD_LABEL"[0m
2025-09-02T15:48:16.8419962Z [36;1m  TOKENLESS="$GITHUB_EVENT_PULL_REQUEST_HEAD_LABEL"[0m
2025-09-02T15:48:16.8420296Z [36;1m  CC_BRANCH="$GITHUB_EVENT_PULL_REQUEST_HEAD_LABEL"[0m
2025-09-02T15:48:16.8420606Z [36;1m  echo "TOKENLESS=$TOKENLESS" >> "$GITHUB_ENV"[0m
2025-09-02T15:48:16.8421127Z [36;1mfi[0m
2025-09-02T15:48:16.8421299Z [36;1m[0m
2025-09-02T15:48:16.8421497Z [36;1mecho "CC_BRANCH=$CC_BRANCH" >> "$GITHUB_ENV"[0m
2025-09-02T15:48:16.8448409Z shell: /usr/bin/bash --noprofile --norc -e -o pipefail {0}
2025-09-02T15:48:16.8448723Z env:
2025-09-02T15:48:16.8448959Z   pythonLocation: /opt/hostedtoolcache/Python/3.13.7/x64
2025-09-02T15:48:16.8449348Z   PKG_CONFIG_PATH: /opt/hostedtoolcache/Python/3.13.7/x64/lib/pkgconfig
2025-09-02T15:48:16.8449718Z   Python_ROOT_DIR: /opt/hostedtoolcache/Python/3.13.7/x64
2025-09-02T15:48:16.8450045Z   Python2_ROOT_DIR: /opt/hostedtoolcache/Python/3.13.7/x64
2025-09-02T15:48:16.8450376Z   Python3_ROOT_DIR: /opt/hostedtoolcache/Python/3.13.7/x64
2025-09-02T15:48:16.8451131Z   LD_LIBRARY_PATH: /opt/hostedtoolcache/Python/3.13.7/x64/lib
2025-09-02T15:48:16.8451470Z   CC_FORK: false
2025-09-02T15:48:16.8451729Z   CC_TOKEN: ***
2025-09-02T15:48:16.8451904Z   CC_BRANCH: 
2025-09-02T15:48:16.8452147Z   GITHUB_EVENT_PULL_REQUEST_HEAD_LABEL: con:bf-sanitize-tilda
2025-09-02T15:48:16.8452509Z   GITHUB_EVENT_PULL_REQUEST_HEAD_REPO_FULL_NAME: con/tinuous
2025-09-02T15:48:16.8452815Z   GITHUB_REPOSITORY: con/tinuous
2025-09-02T15:48:16.8453033Z ##[endgroup]
2025-09-02T15:48:16.8521292Z ##[group]Run if [ -z "$CC_SHA" ];
2025-09-02T15:48:16.8521557Z [36;1mif [ -z "$CC_SHA" ];[0m
2025-09-02T15:48:16.8521756Z [36;1mthen[0m
2025-09-02T15:48:16.8521972Z [36;1m  CC_SHA="$GITHUB_EVENT_PULL_REQUEST_HEAD_SHA"[0m
2025-09-02T15:48:16.8522231Z [36;1mfi[0m
2025-09-02T15:48:16.8522483Z [36;1mif [ -z "$CC_PR" ] && [ "${GITHUB_EVENT_NAME}" == "pull_request_target" ];[0m
2025-09-02T15:48:16.8522814Z [36;1mthen[0m
2025-09-02T15:48:16.8522999Z [36;1m  CC_PR="$GITHUB_EVENT_NUMBER"[0m
2025-09-02T15:48:16.8523237Z [36;1mfi[0m
2025-09-02T15:48:16.8523394Z [36;1m[0m
2025-09-02T15:48:16.8523574Z [36;1mecho "CC_SHA=$CC_SHA" >> "$GITHUB_ENV"[0m
2025-09-02T15:48:16.8523844Z [36;1mecho "CC_PR=$CC_PR" >> "$GITHUB_ENV"[0m
2025-09-02T15:48:16.8550210Z shell: /usr/bin/bash --noprofile --norc -e -o pipefail {0}
2025-09-02T15:48:16.8550509Z env:
2025-09-02T15:48:16.8550964Z   pythonLocation: /opt/hostedtoolcache/Python/3.13.7/x64
2025-09-02T15:48:16.8551388Z   PKG_CONFIG_PATH: /opt/hostedtoolcache/Python/3.13.7/x64/lib/pkgconfig
2025-09-02T15:48:16.8551957Z   Python_ROOT_DIR: /opt/hostedtoolcache/Python/3.13.7/x64
2025-09-02T15:48:16.8552313Z   Python2_ROOT_DIR: /opt/hostedtoolcache/Python/3.13.7/x64
2025-09-02T15:48:16.8552667Z   Python3_ROOT_DIR: /opt/hostedtoolcache/Python/3.13.7/x64
2025-09-02T15:48:16.8553016Z   LD_LIBRARY_PATH: /opt/hostedtoolcache/Python/3.13.7/x64/lib
2025-09-02T15:48:16.8553299Z   CC_FORK: false
2025-09-02T15:48:16.8553541Z   CC_TOKEN: ***
2025-09-02T15:48:16.8553718Z   CC_BRANCH: 
2025-09-02T15:48:16.8553880Z   CC_PR: 
2025-09-02T15:48:16.8554025Z   CC_SHA: 
2025-09-02T15:48:16.8554196Z   GITHUB_EVENT_NAME: pull_request
2025-09-02T15:48:16.8554417Z   GITHUB_EVENT_NUMBER: 216
2025-09-02T15:48:16.8554768Z   GITHUB_EVENT_PULL_REQUEST_HEAD_SHA: 25ebb5d927a59b3efacf898e17e63b6e347e0f59
2025-09-02T15:48:16.8555120Z ##[endgroup]
2025-09-02T15:48:16.8629799Z ##[group]Run ${GITHUB_ACTION_PATH}/dist/codecov.sh
2025-09-02T15:48:16.8630191Z [36;1m${GITHUB_ACTION_PATH}/dist/codecov.sh[0m
2025-09-02T15:48:16.8657304Z shell: /usr/bin/bash --noprofile --norc -e -o pipefail {0}
2025-09-02T15:48:16.8657670Z env:
2025-09-02T15:48:16.8658081Z   pythonLocation: /opt/hostedtoolcache/Python/3.13.7/x64
2025-09-02T15:48:16.8658556Z   PKG_CONFIG_PATH: /opt/hostedtoolcache/Python/3.13.7/x64/lib/pkgconfig
2025-09-02T15:48:16.8658986Z   Python_ROOT_DIR: /opt/hostedtoolcache/Python/3.13.7/x64
2025-09-02T15:48:16.8659512Z   Python2_ROOT_DIR: /opt/hostedtoolcache/Python/3.13.7/x64
2025-09-02T15:48:16.8659951Z   Python3_ROOT_DIR: /opt/hostedtoolcache/Python/3.13.7/x64
2025-09-02T15:48:16.8660349Z   LD_LIBRARY_PATH: /opt/hostedtoolcache/Python/3.13.7/x64/lib
2025-09-02T15:48:16.8660991Z   CC_FORK: false
2025-09-02T15:48:16.8661352Z   CC_TOKEN: ***
2025-09-02T15:48:16.8661618Z   CC_BRANCH: 
2025-09-02T15:48:16.8675915Z   CC_SHA: 25ebb5d927a59b3efacf898e17e63b6e347e0f59
2025-09-02T15:48:16.8676246Z   CC_PR: 
2025-09-02T15:48:16.8676421Z   CC_BASE_SHA: 
2025-09-02T15:48:16.8676592Z   CC_BINARY: 
2025-09-02T15:48:16.8676771Z   CC_BUILD: 
2025-09-02T15:48:16.8676942Z   CC_BUILD_URL: 
2025-09-02T15:48:16.8677110Z   CC_CODE: 
2025-09-02T15:48:16.8677272Z   CC_DIR: 
2025-09-02T15:48:16.8677439Z   CC_DISABLE_FILE_FIXES: false
2025-09-02T15:48:16.8677663Z   CC_DISABLE_SEARCH: false
2025-09-02T15:48:16.8677865Z   CC_DISABLE_TELEM: false
2025-09-02T15:48:16.8678050Z   CC_DRY_RUN: false
2025-09-02T15:48:16.8678227Z   CC_ENTERPRISE_URL: 
2025-09-02T15:48:16.8678401Z   CC_ENV: 
2025-09-02T15:48:16.8678554Z   CC_EXCLUDES: 
2025-09-02T15:48:16.8678900Z   CC_FAIL_ON_ERROR: false
2025-09-02T15:48:16.8679092Z   CC_FILES: 
2025-09-02T15:48:16.8679248Z   CC_FLAGS: 
2025-09-02T15:48:16.8679392Z   CC_FORCE: 
2025-09-02T15:48:16.8679548Z   CC_GCOV_ARGS: 
2025-09-02T15:48:16.8679725Z   CC_GCOV_EXECUTABLE: gcov
2025-09-02T15:48:16.8679920Z   CC_GCOV_IGNORE: 
2025-09-02T15:48:16.8680104Z   CC_GCOV_INCLUDE: 
2025-09-02T15:48:16.8680275Z   CC_GIT_SERVICE: github
2025-09-02T15:48:16.8680515Z   CC_HANDLE_NO_REPORTS_FOUND: false
2025-09-02T15:48:16.8680929Z   CC_JOB_CODE: 
2025-09-02T15:48:16.8681095Z   CC_LEGACY: false
2025-09-02T15:48:16.8681267Z   CC_NAME: 3.13
2025-09-02T15:48:16.8681432Z   CC_NETWORK_FILTER: 
2025-09-02T15:48:16.8681611Z   CC_NETWORK_PREFIX: 
2025-09-02T15:48:16.8681796Z   CC_NETWORK_ROOT_FOLDER: 
2025-09-02T15:48:16.8681976Z   CC_OS: 
2025-09-02T15:48:16.8682131Z   CC_PARENT_SHA: 
2025-09-02T15:48:16.8682304Z   CC_PLUGINS: 
2025-09-02T15:48:16.8682473Z   CC_RECURSE_SUBMODULES: false
2025-09-02T15:48:16.8682687Z   CC_REPORT_TYPE: 
2025-09-02T15:48:16.8682862Z   CC_RUN_CMD: upload-coverage
2025-09-02T15:48:16.8683070Z   CC_SERVICE: github
2025-09-02T15:48:16.8683253Z   CC_SKIP_VALIDATION: false
2025-09-02T15:48:16.8683440Z   CC_SLUG: 
2025-09-02T15:48:16.8683602Z   CC_SWIFT_PROJECT: 
2025-09-02T15:48:16.8683776Z   CC_USE_PYPI: false
2025-09-02T15:48:16.8683949Z   CC_VERBOSE: false
2025-09-02T15:48:16.8684121Z   CC_VERSION: latest
2025-09-02T15:48:16.8684287Z   CC_YML_PATH: 
2025-09-02T15:48:16.8684457Z ##[endgroup]
2025-09-02T15:48:16.8752722Z      _____          _
2025-09-02T15:48:16.8753058Z     / ____|        | |
2025-09-02T15:48:16.8753377Z    | |     ___   __| | ___  ___ _____   __
2025-09-02T15:48:16.8753718Z    | |    / _ \ / _` |/ _ \/ __/ _ \ \ / /
2025-09-02T15:48:16.8753959Z    | |___| (_) | (_| |  __/ (_| (_) \ V /
2025-09-02T15:48:16.8754192Z     \_____\___/ \__,_|\___|\___\___/ \_/
2025-09-02T15:48:16.8754617Z                            [0;31m Wrapper-0.2.7[0m
2025-09-02T15:48:16.8754885Z                            
2025-09-02T15:48:16.8806893Z [0;32m==>[0m Detected [0;36mlinux[0m
2025-09-02T15:48:16.8807712Z [0;32m ->[0m Downloading [0;36mhttps://cli.codecov.io/latest/linux/codecov[0m
2025-09-02T15:48:16.8861020Z   % Total    % Received % Xferd  Average Speed   Time    Time     Time  Current
2025-09-02T15:48:16.8861716Z                                  Dload  Upload   Total   Spent    Left  Speed
2025-09-02T15:48:16.8862074Z 
2025-09-02T15:48:17.3937001Z   0     0    0     0    0     0      0      0 --:--:-- --:--:-- --:--:--     0
2025-09-02T15:48:17.7634722Z   7 10.6M    7  839k    0     0  1653k      0  0:00:06 --:--:--  0:00:06 1652k
2025-09-02T15:48:17.7635259Z 100 10.6M  100 10.6M    0     0  12.1M      0 --:--:-- --:--:-- --:--:-- 12.1M
2025-09-02T15:48:17.7662143Z [0;32m==>[0m Finishing downloading [0;36mlinux:latest[0m
2025-09-02T15:48:17.8399709Z       Version: [0;36mv11.2.0[0m
2025-09-02T15:48:17.8400167Z  
2025-09-02T15:48:17.8843664Z gpg: directory '/home/runner/.gnupg' created
2025-09-02T15:48:17.8846747Z gpg: keybox '/home/runner/.gnupg/pubring.kbx' created
2025-09-02T15:48:18.1315909Z gpg: /home/runner/.gnupg/trustdb.gpg: trustdb created
2025-09-02T15:48:18.1316747Z gpg: key 806BB28AED779869: public key "Codecov Uploader (Codecov Uploader Verification Key) <security@codecov.io>" imported
2025-09-02T15:48:18.1870190Z gpg: Total number processed: 1
2025-09-02T15:48:18.1870501Z gpg:               imported: 1
2025-09-02T15:48:18.1876484Z [0;32m==>[0m Verifying GPG signature integrity
2025-09-02T15:48:18.1877324Z [0;32m ->[0m Downloading [0;36mhttps://cli.codecov.io/latest/linux/codecov.SHA256SUM[0m
2025-09-02T15:48:18.1877963Z [0;32m ->[0m Downloading [0;36mhttps://cli.codecov.io/latest/linux/codecov.SHA256SUM.sig[0m
2025-09-02T15:48:18.1878343Z  
2025-09-02T15:48:18.3191342Z gpg: Signature made Thu Aug 21 16:12:56 2025 UTC
2025-09-02T15:48:18.3192013Z gpg:                using RSA key 27034E7FDB850E0BBC2C62FF806BB28AED779869
2025-09-02T15:48:18.3194402Z gpg: Good signature from "Codecov Uploader (Codecov Uploader Verification Key) <security@codecov.io>" [unknown]
2025-09-02T15:48:18.3195437Z gpg: WARNING: This key is not certified with a trusted signature!
2025-09-02T15:48:18.3196140Z gpg:          There is no indication that the signature belongs to the owner.
2025-09-02T15:48:18.3196883Z Primary key fingerprint: 2703 4E7F DB85 0E0B BC2C  62FF 806B B28A ED77 9869
2025-09-02T15:48:18.3983872Z codecov: OK
2025-09-02T15:48:18.3994662Z [0;32m==>[0m CLI integrity verified
2025-09-02T15:48:18.3995026Z 
2025-09-02T15:48:18.4624794Z [0;32m ->[0m Token length: 36
2025-09-02T15:48:18.4625185Z [0;32m==>[0m Running upload-coverage
2025-09-02T15:48:18.4634576Z       [0;36m./codecov  upload-coverage -t <redacted> --git-service github --sha 25ebb5d927a59b3efacf898e17e63b6e347e0f59 --gcov-executable gcov --name 3.13[0m
2025-09-02T15:48:18.8105925Z info - 2025-09-02 15:48:18,810 -- ci service found: github-actions
2025-09-02T15:48:18.8540304Z warning - 2025-09-02 15:48:18,853 -- xcrun is not installed or can't be found.
2025-09-02T15:48:18.9194404Z warning - 2025-09-02 15:48:18,919 -- No gcov data found.
2025-09-02T15:48:18.9198880Z warning - 2025-09-02 15:48:18,919 -- coverage.py is not installed or can't be found.
2025-09-02T15:48:18.9373031Z info - 2025-09-02 15:48:18,937 -- Found 1 coverage files to report
2025-09-02T15:48:18.9373948Z info - 2025-09-02 15:48:18,937 -- > /home/runner/work/tinuous/tinuous/coverage.xml
2025-09-02T15:48:19.4969590Z info - 2025-09-02 15:48:19,496 -- Your upload is now processing. When finished, results will be available at: https://app.codecov.io/github/con/tinuous/commit/25ebb5d927a59b3efacf898e17e63b6e347e0f59
2025-09-02T15:48:19.6916424Z info - 2025-09-02 15:48:19,691 -- Process Upload complete
2025-09-02T15:48:19.8632190Z Post job cleanup.
2025-09-02T15:48:20.0217932Z Post job cleanup.
2025-09-02T15:48:20.1168657Z [command]/usr/bin/git version
2025-09-02T15:48:20.1204626Z git version 2.51.0
2025-09-02T15:48:20.1242233Z Copying '/home/runner/.gitconfig' to '/home/runner/work/_temp/3837fcbd-7885-42ae-a93f-c7f477712b68/.gitconfig'
2025-09-02T15:48:20.1258506Z Temporarily overriding HOME='/home/runner/work/_temp/3837fcbd-7885-42ae-a93f-c7f477712b68' before making global git config changes
2025-09-02T15:48:20.1259853Z Adding repository directory to the temporary git global config as a safe directory
2025-09-02T15:48:20.1264919Z [command]/usr/bin/git config --global --add safe.directory /home/runner/work/tinuous/tinuous
2025-09-02T15:48:20.1298619Z [command]/usr/bin/git config --local --name-only --get-regexp core\.sshCommand
2025-09-02T15:48:20.1331454Z [command]/usr/bin/git submodule foreach --recursive sh -c "git config --local --name-only --get-regexp 'core\.sshCommand' && git config --local --unset-all 'core.sshCommand' || :"
2025-09-02T15:48:20.1559129Z [command]/usr/bin/git config --local --name-only --get-regexp http\.https\:\/\/github\.com\/\.extraheader
2025-09-02T15:48:20.1579856Z http.https://github.com/.extraheader
2025-09-02T15:48:20.1594650Z [command]/usr/bin/git config --local --unset-all http.https://github.com/.extraheader
2025-09-02T15:48:20.1626231Z [command]/usr/bin/git submodule foreach --recursive sh -c "git config --local --name-only --get-regexp 'http\.https\:\/\/github\.com\/\.extraheader' && git config --local --unset-all 'http.https://github.com/.extraheader' || :"
2025-09-02T15:48:20.1963431Z Cleaning up orphan processes
