2021-02-03T14:13:54.1233185Z ##[section]Starting: Request a runner to run this job
2021-02-03T14:13:55.2457614Z Can't find any online and idle self-hosted runner in current repository that matches the required labels: 'ubuntu-latest'
2021-02-03T14:13:55.2457734Z Can't find any online and idle self-hosted runner in current repository's account/organization that matches the required labels: 'ubuntu-latest'
2021-02-03T14:13:55.2457907Z Found online and idle hosted runner in current repository's account/organization that matches the required labels: 'ubuntu-latest'
2021-02-03T14:13:55.4482683Z ##[section]Finishing: Request a runner to run this job
2021-02-03T14:14:06.0785340Z Current runner version: '2.276.1'
2021-02-03T14:14:06.0823405Z ##[group]Operating System
2021-02-03T14:14:06.0824404Z Ubuntu
2021-02-03T14:14:06.0824954Z 20.04.2
2021-02-03T14:14:06.0825409Z LTS
2021-02-03T14:14:06.0825932Z ##[endgroup]
2021-02-03T14:14:06.0826503Z ##[group]Virtual Environment
2021-02-03T14:14:06.0827229Z Environment: ubuntu-20.04
2021-02-03T14:14:06.0827816Z Version: 20210131.1
2021-02-03T14:14:06.0828876Z Included Software: https://github.com/actions/virtual-environments/blob/ubuntu20/20210131.1/images/linux/Ubuntu2004-README.md
2021-02-03T14:14:06.0829979Z ##[endgroup]
2021-02-03T14:14:06.0833309Z Prepare workflow directory
2021-02-03T14:14:06.1551583Z Prepare all required actions
2021-02-03T14:14:06.1563036Z Getting action download info
2021-02-03T14:14:06.4980726Z Download action repository 'actions/checkout@v2'
2021-02-03T14:14:08.6376165Z Download action repository 'actions/setup-python@v2'
2021-02-03T14:14:09.1879349Z ##[group]Run actions/checkout@v2
2021-02-03T14:14:09.1880009Z with:
2021-02-03T14:14:09.1880599Z   repository: con/tinuous
2021-02-03T14:14:09.1881525Z   token: ***
2021-02-03T14:14:09.1881941Z   ssh-strict: true
2021-02-03T14:14:09.1882505Z   persist-credentials: true
2021-02-03T14:14:09.1883029Z   clean: true
2021-02-03T14:14:09.1883458Z   fetch-depth: 1
2021-02-03T14:14:09.1883863Z   lfs: false
2021-02-03T14:14:09.1884286Z   submodules: false
2021-02-03T14:14:09.1884717Z ##[endgroup]
2021-02-03T14:14:10.1351485Z Syncing repository: con/tinuous
2021-02-03T14:14:10.1445078Z ##[group]Getting Git version info
2021-02-03T14:14:10.1446519Z Working directory is '/home/runner/work/tinuous/tinuous'
2021-02-03T14:14:10.1447224Z [command]/usr/bin/git version
2021-02-03T14:14:10.1447708Z git version 2.30.0
2021-02-03T14:14:10.1448665Z ##[endgroup]
2021-02-03T14:14:10.1449486Z Deleting the contents of '/home/runner/work/tinuous/tinuous'
2021-02-03T14:14:10.1450856Z ##[group]Initializing the repository
2021-02-03T14:14:10.1451564Z [command]/usr/bin/git init /home/runner/work/tinuous/tinuous
2021-02-03T14:14:10.1452623Z hint: Using 'master' as the name for the initial branch. This default branch name
2021-02-03T14:14:10.1453501Z hint: is subject to change. To configure the initial branch name to use in all
2021-02-03T14:14:10.1454408Z hint: of your new repositories, which will suppress this warning, call:
2021-02-03T14:14:10.1455029Z hint: 
2021-02-03T14:14:10.1455782Z hint: 	git config --global init.defaultBranch <name>
2021-02-03T14:14:10.1456374Z hint: 
2021-02-03T14:14:10.1457134Z hint: Names commonly chosen instead of 'master' are 'main', 'trunk' and
2021-02-03T14:14:10.1458218Z hint: 'development'. The just-created branch can be renamed via this command:
2021-02-03T14:14:10.1458872Z hint: 
2021-02-03T14:14:10.1459436Z hint: 	git branch -m <name>
2021-02-03T14:14:10.1460154Z Initialized empty Git repository in /home/runner/work/tinuous/tinuous/.git/
2021-02-03T14:14:10.1461282Z [command]/usr/bin/git remote add origin https://github.com/con/tinuous
2021-02-03T14:14:10.1461980Z ##[endgroup]
2021-02-03T14:14:10.1462573Z ##[group]Disabling automatic garbage collection
2021-02-03T14:14:10.1463453Z [command]/usr/bin/git config --local gc.auto 0
2021-02-03T14:14:10.1463983Z ##[endgroup]
2021-02-03T14:14:10.1465633Z ##[group]Setting up auth
2021-02-03T14:14:10.1466592Z [command]/usr/bin/git config --local --name-only --get-regexp core\.sshCommand
2021-02-03T14:14:10.1468229Z [command]/usr/bin/git submodule foreach --recursive git config --local --name-only --get-regexp 'core\.sshCommand' && git config --local --unset-all 'core.sshCommand' || :
2021-02-03T14:14:10.1469878Z [command]/usr/bin/git config --local --name-only --get-regexp http\.https\:\/\/github\.com\/\.extraheader
2021-02-03T14:14:10.1471936Z [command]/usr/bin/git submodule foreach --recursive git config --local --name-only --get-regexp 'http\.https\:\/\/github\.com\/\.extraheader' && git config --local --unset-all 'http.https://github.com/.extraheader' || :
2021-02-03T14:14:10.1473953Z [command]/usr/bin/git config --local http.https://github.com/.extraheader AUTHORIZATION: basic ***
2021-02-03T14:14:10.1475025Z ##[endgroup]
2021-02-03T14:14:10.1475542Z ##[group]Fetching the repository
2021-02-03T14:14:10.1477478Z [command]/usr/bin/git -c protocol.version=2 fetch --no-tags --prune --progress --no-recurse-submodules --depth=1 origin +dc3bce90df7b93e5409188bf23ad06077a8cbd3a:refs/remotes/origin/gh-5
2021-02-03T14:14:10.1479362Z remote: Enumerating objects: 9, done.        
2021-02-03T14:14:10.1479975Z remote: Counting objects:  11% (1/9)        
2021-02-03T14:14:10.1480535Z remote: Counting objects:  22% (2/9)        
2021-02-03T14:14:10.1481106Z remote: Counting objects:  33% (3/9)        
2021-02-03T14:14:10.1481662Z remote: Counting objects:  44% (4/9)        
2021-02-03T14:14:10.1482231Z remote: Counting objects:  55% (5/9)        
2021-02-03T14:14:10.1482781Z remote: Counting objects:  66% (6/9)        
2021-02-03T14:14:10.1483487Z remote: Counting objects:  77% (7/9)        
2021-02-03T14:14:10.1484046Z remote: Counting objects:  88% (8/9)        
2021-02-03T14:14:10.1484698Z remote: Counting objects: 100% (9/9)        
2021-02-03T14:14:10.1485275Z remote: Counting objects: 100% (9/9), done.        
2021-02-03T14:14:10.1485883Z remote: Compressing objects:  14% (1/7)        
2021-02-03T14:14:10.1486507Z remote: Compressing objects:  28% (2/7)        
2021-02-03T14:14:10.1487113Z remote: Compressing objects:  42% (3/7)        
2021-02-03T14:14:10.1487731Z remote: Compressing objects:  57% (4/7)        
2021-02-03T14:14:10.1488337Z remote: Compressing objects:  71% (5/7)        
2021-02-03T14:14:10.1488954Z remote: Compressing objects:  85% (6/7)        
2021-02-03T14:14:10.1489561Z remote: Compressing objects: 100% (7/7)        
2021-02-03T14:14:10.1490204Z remote: Compressing objects: 100% (7/7), done.        
2021-02-03T14:14:10.1491160Z remote: Total 9 (delta 0), reused 8 (delta 0), pack-reused 0        
2021-02-03T14:14:10.1893086Z From https://github.com/con/tinuous
2021-02-03T14:14:10.1895794Z  * [new ref]         dc3bce90df7b93e5409188bf23ad06077a8cbd3a -> origin/gh-5
2021-02-03T14:14:10.1925689Z ##[endgroup]
2021-02-03T14:14:10.1926939Z ##[group]Determining the checkout info
2021-02-03T14:14:10.1929192Z ##[endgroup]
2021-02-03T14:14:10.1930064Z ##[group]Checking out the ref
2021-02-03T14:14:10.1934611Z [command]/usr/bin/git checkout --progress --force -B gh-5 refs/remotes/origin/gh-5
2021-02-03T14:14:10.2292478Z Switched to a new branch 'gh-5'
2021-02-03T14:14:10.2293791Z Branch 'gh-5' set up to track remote branch 'gh-5' from 'origin'.
2021-02-03T14:14:10.2295514Z ##[endgroup]
2021-02-03T14:14:10.2349452Z [command]/usr/bin/git log -1 --format='%H'
2021-02-03T14:14:10.2380107Z 'dc3bce90df7b93e5409188bf23ad06077a8cbd3a'
2021-02-03T14:14:10.2561833Z ##[group]Run actions/setup-python@v2
2021-02-03T14:14:10.2562361Z with:
2021-02-03T14:14:10.2562791Z   python-version: 3.9
2021-02-03T14:14:10.2563694Z   token: ***
2021-02-03T14:14:10.2564081Z ##[endgroup]
2021-02-03T14:14:10.3178037Z Successfully setup CPython (3.9.1)
2021-02-03T14:14:10.3261632Z ##[group]Run python -m pip install --upgrade pip wheel
2021-02-03T14:14:10.3262489Z [36;1mpython -m pip install --upgrade pip wheel[0m
2021-02-03T14:14:10.3263288Z [36;1mpython -m pip install -r requirements.txt[0m
2021-02-03T14:14:10.3309087Z shell: /usr/bin/bash -e {0}
2021-02-03T14:14:10.3309522Z env:
2021-02-03T14:14:10.3310126Z   pythonLocation: /opt/hostedtoolcache/Python/3.9.1/x64
2021-02-03T14:14:10.3310958Z   LD_LIBRARY_PATH: /opt/hostedtoolcache/Python/3.9.1/x64/lib
2021-02-03T14:14:10.3311556Z ##[endgroup]
2021-02-03T14:14:10.9627056Z Requirement already satisfied: pip in /opt/hostedtoolcache/Python/3.9.1/x64/lib/python3.9/site-packages (21.0.1)
2021-02-03T14:14:11.4297942Z Collecting wheel
2021-02-03T14:14:11.5269445Z   Downloading wheel-0.36.2-py2.py3-none-any.whl (35 kB)
2021-02-03T14:14:11.5722284Z Installing collected packages: wheel
2021-02-03T14:14:11.6076089Z Successfully installed wheel-0.36.2
2021-02-03T14:14:12.3525643Z Collecting cfgv~=3.0
2021-02-03T14:14:12.4266520Z   Downloading cfgv-3.2.0-py2.py3-none-any.whl (7.3 kB)
2021-02-03T14:14:12.4849360Z Collecting click~=7.0
2021-02-03T14:14:12.5021395Z   Downloading click-7.1.2-py2.py3-none-any.whl (82 kB)
2021-02-03T14:14:12.5480888Z Collecting click-loglevel~=0.2
2021-02-03T14:14:12.5672879Z   Downloading click_loglevel-0.2.0-py3-none-any.whl (4.2 kB)
2021-02-03T14:14:12.6272921Z Collecting PyGithub~=1.53
2021-02-03T14:14:12.6456834Z   Downloading PyGithub-1.54.1-py3-none-any.whl (289 kB)
2021-02-03T14:14:12.7560834Z Collecting python-dateutil~=2.7
2021-02-03T14:14:12.7755071Z   Downloading python_dateutil-2.8.1-py2.py3-none-any.whl (227 kB)
2021-02-03T14:14:12.9144295Z Collecting PyYAML~=5.0
2021-02-03T14:14:12.9336868Z   Downloading PyYAML-5.4.1-cp39-cp39-manylinux1_x86_64.whl (630 kB)
2021-02-03T14:14:13.1248134Z Collecting requests~=2.20
2021-02-03T14:14:13.1450303Z   Downloading requests-2.25.1-py2.py3-none-any.whl (61 kB)
2021-02-03T14:14:13.2890812Z Collecting pyjwt<2.0
2021-02-03T14:14:13.3078339Z   Downloading PyJWT-1.7.1-py2.py3-none-any.whl (18 kB)
2021-02-03T14:14:13.3860731Z Collecting deprecated
2021-02-03T14:14:13.4045074Z   Downloading Deprecated-1.2.11-py2.py3-none-any.whl (9.1 kB)
2021-02-03T14:14:13.4733609Z Collecting six>=1.5
2021-02-03T14:14:13.4902846Z   Downloading six-1.15.0-py2.py3-none-any.whl (10 kB)
2021-02-03T14:14:13.6143850Z Collecting urllib3<1.27,>=1.21.1
2021-02-03T14:14:13.6329186Z   Downloading urllib3-1.26.3-py2.py3-none-any.whl (137 kB)
2021-02-03T14:14:13.7107924Z Collecting chardet<5,>=3.0.2
2021-02-03T14:14:13.7319259Z   Downloading chardet-4.0.0-py2.py3-none-any.whl (178 kB)
2021-02-03T14:14:14.6421808Z Collecting idna<3,>=2.5
2021-02-03T14:14:14.6424579Z   Downloading idna-2.10-py2.py3-none-any.whl (58 kB)
2021-02-03T14:14:14.6427187Z Collecting certifi>=2017.4.17
2021-02-03T14:14:14.6430010Z   Downloading certifi-2020.12.5-py2.py3-none-any.whl (147 kB)
2021-02-03T14:14:14.6432047Z Collecting wrapt<2,>=1.10
2021-02-03T14:14:14.6433662Z   Downloading wrapt-1.12.1.tar.gz (27 kB)
2021-02-03T14:14:14.6434550Z Building wheels for collected packages: wrapt
2021-02-03T14:14:14.6435407Z   Building wheel for wrapt (setup.py): started
2021-02-03T14:14:16.1437808Z   Building wheel for wrapt (setup.py): finished with status 'done'
2021-02-03T14:14:16.1449573Z   Created wheel for wrapt: filename=wrapt-1.12.1-cp39-cp39-linux_x86_64.whl size=78691 sha256=4a1bb79d2f64e19f0a7a3e957643bfa57ca17a0570017d516a25914af84fa685
2021-02-03T14:14:16.1451836Z   Stored in directory: /home/runner/.cache/pip/wheels/98/23/68/efe259aaca055e93b08e74fbe512819c69a2155c11ba3c0f10
2021-02-03T14:14:16.1468241Z Successfully built wrapt
2021-02-03T14:14:16.2586414Z Installing collected packages: wrapt, urllib3, idna, chardet, certifi, six, requests, pyjwt, deprecated, click, PyYAML, python-dateutil, PyGithub, click-loglevel, cfgv
2021-02-03T14:14:17.1251242Z Successfully installed PyGithub-1.54.1 PyYAML-5.4.1 certifi-2020.12.5 cfgv-3.2.0 chardet-4.0.0 click-7.1.2 click-loglevel-0.2.0 deprecated-1.2.11 idna-2.10 pyjwt-1.7.1 python-dateutil-2.8.1 requests-2.25.1 six-1.15.0 urllib3-1.26.3 wrapt-1.12.1
2021-02-03T14:14:17.1925794Z ##[group]Run python tinuous --help
2021-02-03T14:14:17.1926433Z [36;1mpython tinuous --help[0m
2021-02-03T14:14:17.1968943Z shell: /usr/bin/bash -e {0}
2021-02-03T14:14:17.1969371Z env:
2021-02-03T14:14:17.1969993Z   pythonLocation: /opt/hostedtoolcache/Python/3.9.1/x64
2021-02-03T14:14:17.1970811Z   LD_LIBRARY_PATH: /opt/hostedtoolcache/Python/3.9.1/x64/lib
2021-02-03T14:14:17.1971421Z ##[endgroup]
2021-02-03T14:14:17.4368850Z Usage: tinuous [OPTIONS]
2021-02-03T14:14:17.4369523Z 
2021-02-03T14:14:17.4370054Z Options:
2021-02-03T14:14:17.4371456Z   -c, --config FILE               Read configuration from the given file
2021-02-03T14:14:17.4372492Z                                   [default: config.yml]
2021-02-03T14:14:17.4374293Z 
2021-02-03T14:14:17.4375777Z   -l, --log-level [NOTSET|DEBUG|INFO|WARNING|ERROR|CRITICAL]
2021-02-03T14:14:17.4376793Z                                   Set logging level [default: INFO]
2021-02-03T14:14:17.4378406Z   -S, --state FILE                Store program state in the given file
2021-02-03T14:14:17.4379384Z                                   [default: .dlstate.json]
2021-02-03T14:14:17.4379900Z 
2021-02-03T14:14:17.4380800Z   --help                          Show this message and exit.
2021-02-03T14:14:17.4676744Z Post job cleanup.
2021-02-03T14:14:17.5736628Z [command]/usr/bin/git version
2021-02-03T14:14:17.5787324Z git version 2.30.0
2021-02-03T14:14:17.5822718Z [command]/usr/bin/git config --local --name-only --get-regexp core\.sshCommand
2021-02-03T14:14:17.5864246Z [command]/usr/bin/git submodule foreach --recursive git config --local --name-only --get-regexp 'core\.sshCommand' && git config --local --unset-all 'core.sshCommand' || :
2021-02-03T14:14:17.6130003Z [command]/usr/bin/git config --local --name-only --get-regexp http\.https\:\/\/github\.com\/\.extraheader
2021-02-03T14:14:17.6160468Z http.https://github.com/.extraheader
2021-02-03T14:14:17.6170700Z [command]/usr/bin/git config --local --unset-all http.https://github.com/.extraheader
2021-02-03T14:14:17.6207403Z [command]/usr/bin/git submodule foreach --recursive git config --local --name-only --get-regexp 'http\.https\:\/\/github\.com\/\.extraheader' && git config --local --unset-all 'http.https://github.com/.extraheader' || :
2021-02-03T14:14:17.6576385Z Cleaning up orphan processes
