2021-04-27T20:55:40.4683451Z ##[section]Starting: Request a runner to run this job
2021-04-27T20:55:40.6117523Z Can't find any online and idle self-hosted runner in current repository that matches the required labels: 'ubuntu-latest'
2021-04-27T20:55:40.6117691Z Can't find any online and idle self-hosted runner in current repository's account/organization that matches the required labels: 'ubuntu-latest'
2021-04-27T20:55:40.6117873Z Found online and idle hosted runner in current repository's account/organization that matches the required labels: 'ubuntu-latest'
2021-04-27T20:55:40.7493209Z ##[section]Finishing: Request a runner to run this job
2021-04-27T20:55:47.6666623Z Current runner version: '2.278.0'
2021-04-27T20:55:47.6694761Z ##[group]Operating System
2021-04-27T20:55:47.6695755Z Ubuntu
2021-04-27T20:55:47.6696332Z 20.04.2
2021-04-27T20:55:47.6696715Z LTS
2021-04-27T20:55:47.6697178Z ##[endgroup]
2021-04-27T20:55:47.6697700Z ##[group]Virtual Environment
2021-04-27T20:55:47.6698384Z Environment: ubuntu-20.04
2021-04-27T20:55:47.6698890Z Version: 20210425.1
2021-04-27T20:55:47.6699858Z Included Software: https://github.com/actions/virtual-environments/blob/ubuntu20/20210425.1/images/linux/Ubuntu2004-README.md
2021-04-27T20:55:47.6701155Z Image Release: https://github.com/actions/virtual-environments/releases/tag/ubuntu20%2F20210425.1
2021-04-27T20:55:47.6701969Z ##[endgroup]
2021-04-27T20:55:47.6703945Z ##[group]GITHUB_TOKEN Permissions
2021-04-27T20:55:47.6705299Z Actions: write
2021-04-27T20:55:47.6705777Z Checks: write
2021-04-27T20:55:47.6706303Z Contents: write
2021-04-27T20:55:47.6706839Z Deployments: write
2021-04-27T20:55:47.6707465Z Issues: write
2021-04-27T20:55:47.6708093Z Metadata: read
2021-04-27T20:55:47.6708625Z Packages: write
2021-04-27T20:55:47.6709122Z PullRequests: write
2021-04-27T20:55:47.6709788Z RepositoryProjects: write
2021-04-27T20:55:47.6710491Z SecurityEvents: write
2021-04-27T20:55:47.6711084Z Statuses: write
2021-04-27T20:55:47.6711865Z ##[endgroup]
2021-04-27T20:55:47.6716842Z Prepare workflow directory
2021-04-27T20:55:47.7472541Z Prepare all required actions
2021-04-27T20:55:47.7483264Z Getting action download info
2021-04-27T20:55:48.0963830Z Download action repository 'actions/checkout@v2'
2021-04-27T20:55:49.7619358Z Download action repository 'actions/setup-python@v2'
2021-04-27T20:55:50.0455328Z ##[group]Run actions/checkout@v2
2021-04-27T20:55:50.0456041Z with:
2021-04-27T20:55:50.0456476Z   repository: con/tinuous
2021-04-27T20:55:50.0457317Z   token: ***
2021-04-27T20:55:50.0457751Z   ssh-strict: true
2021-04-27T20:55:50.0458262Z   persist-credentials: true
2021-04-27T20:55:50.0458765Z   clean: true
2021-04-27T20:55:50.0459178Z   fetch-depth: 1
2021-04-27T20:55:50.0459626Z   lfs: false
2021-04-27T20:55:50.0460036Z   submodules: false
2021-04-27T20:55:50.0460476Z ##[endgroup]
2021-04-27T20:55:50.2825256Z Syncing repository: con/tinuous
2021-04-27T20:55:50.2826199Z ##[group]Getting Git version info
2021-04-27T20:55:50.2827324Z Working directory is '/home/runner/work/tinuous/tinuous'
2021-04-27T20:55:50.2830811Z [command]/usr/bin/git version
2021-04-27T20:55:50.2931730Z git version 2.31.1
2021-04-27T20:55:50.2966992Z ##[endgroup]
2021-04-27T20:55:50.2975122Z Deleting the contents of '/home/runner/work/tinuous/tinuous'
2021-04-27T20:55:50.2980445Z ##[group]Initializing the repository
2021-04-27T20:55:50.2990705Z [command]/usr/bin/git init /home/runner/work/tinuous/tinuous
2021-04-27T20:55:50.3054280Z hint: Using 'master' as the name for the initial branch. This default branch name
2021-04-27T20:55:50.3055146Z hint: is subject to change. To configure the initial branch name to use in all
2021-04-27T20:55:50.3055926Z hint: of your new repositories, which will suppress this warning, call:
2021-04-27T20:55:50.3056545Z hint: 
2021-04-27T20:55:50.3057333Z hint: 	git config --global init.defaultBranch <name>
2021-04-27T20:55:50.3057891Z hint: 
2021-04-27T20:55:50.3058626Z hint: Names commonly chosen instead of 'master' are 'main', 'trunk' and
2021-04-27T20:55:50.3060019Z hint: 'development'. The just-created branch can be renamed via this command:
2021-04-27T20:55:50.3061119Z hint: 
2021-04-27T20:55:50.3061765Z hint: 	git branch -m <name>
2021-04-27T20:55:50.3070003Z Initialized empty Git repository in /home/runner/work/tinuous/tinuous/.git/
2021-04-27T20:55:50.3077723Z [command]/usr/bin/git remote add origin https://github.com/con/tinuous
2021-04-27T20:55:50.3111984Z ##[endgroup]
2021-04-27T20:55:50.3112961Z ##[group]Disabling automatic garbage collection
2021-04-27T20:55:50.3116648Z [command]/usr/bin/git config --local gc.auto 0
2021-04-27T20:55:50.3162802Z ##[endgroup]
2021-04-27T20:55:50.3167420Z ##[group]Setting up auth
2021-04-27T20:55:50.3177977Z [command]/usr/bin/git config --local --name-only --get-regexp core\.sshCommand
2021-04-27T20:55:50.3218639Z [command]/usr/bin/git submodule foreach --recursive git config --local --name-only --get-regexp 'core\.sshCommand' && git config --local --unset-all 'core.sshCommand' || :
2021-04-27T20:55:50.3565115Z [command]/usr/bin/git config --local --name-only --get-regexp http\.https\:\/\/github\.com\/\.extraheader
2021-04-27T20:55:50.3599611Z [command]/usr/bin/git submodule foreach --recursive git config --local --name-only --get-regexp 'http\.https\:\/\/github\.com\/\.extraheader' && git config --local --unset-all 'http.https://github.com/.extraheader' || :
2021-04-27T20:55:50.3834992Z [command]/usr/bin/git config --local http.https://github.com/.extraheader AUTHORIZATION: basic ***
2021-04-27T20:55:50.3903502Z ##[endgroup]
2021-04-27T20:55:50.3904508Z ##[group]Fetching the repository
2021-04-27T20:55:50.3906456Z [command]/usr/bin/git -c protocol.version=2 fetch --no-tags --prune --progress --no-recurse-submodules --depth=1 origin +cd27cf6103caac4195acdcd9ebfa43683a23d8c9:refs/remotes/pull/31/merge
2021-04-27T20:55:51.2430867Z remote: Enumerating objects: 20, done.        
2021-04-27T20:55:51.2437789Z remote: Counting objects:   5% (1/20)        
2021-04-27T20:55:51.2441629Z remote: Counting objects:  10% (2/20)        
2021-04-27T20:55:51.2446346Z remote: Counting objects:  15% (3/20)        
2021-04-27T20:55:51.2447312Z remote: Counting objects:  20% (4/20)        
2021-04-27T20:55:51.2448265Z remote: Counting objects:  25% (5/20)        
2021-04-27T20:55:51.2449160Z remote: Counting objects:  30% (6/20)        
2021-04-27T20:55:51.2450937Z remote: Counting objects:  35% (7/20)        
2021-04-27T20:55:51.2452034Z remote: Counting objects:  40% (8/20)        
2021-04-27T20:55:51.2452856Z remote: Counting objects:  45% (9/20)        
2021-04-27T20:55:51.2453658Z remote: Counting objects:  50% (10/20)        
2021-04-27T20:55:51.2454440Z remote: Counting objects:  55% (11/20)        
2021-04-27T20:55:51.2455245Z remote: Counting objects:  60% (12/20)        
2021-04-27T20:55:51.2456094Z remote: Counting objects:  65% (13/20)        
2021-04-27T20:55:51.2456864Z remote: Counting objects:  70% (14/20)        
2021-04-27T20:55:51.2457658Z remote: Counting objects:  75% (15/20)        
2021-04-27T20:55:51.2458423Z remote: Counting objects:  80% (16/20)        
2021-04-27T20:55:51.2459210Z remote: Counting objects:  85% (17/20)        
2021-04-27T20:55:51.2460004Z remote: Counting objects:  90% (18/20)        
2021-04-27T20:55:51.2460781Z remote: Counting objects:  95% (19/20)        
2021-04-27T20:55:51.2461584Z remote: Counting objects: 100% (20/20)        
2021-04-27T20:55:51.2462518Z remote: Counting objects: 100% (20/20), done.        
2021-04-27T20:55:51.2463352Z remote: Compressing objects:   6% (1/15)        
2021-04-27T20:55:51.2464168Z remote: Compressing objects:  13% (2/15)        
2021-04-27T20:55:51.2464965Z remote: Compressing objects:  20% (3/15)        
2021-04-27T20:55:51.2465772Z remote: Compressing objects:  26% (4/15)        
2021-04-27T20:55:51.2466814Z remote: Compressing objects:  33% (5/15)        
2021-04-27T20:55:51.2467448Z remote: Compressing objects:  40% (6/15)        
2021-04-27T20:55:51.2468086Z remote: Compressing objects:  46% (7/15)        
2021-04-27T20:55:51.2468706Z remote: Compressing objects:  53% (8/15)        
2021-04-27T20:55:51.2469460Z remote: Compressing objects:  60% (9/15)        
2021-04-27T20:55:51.2470044Z remote: Compressing objects:  66% (10/15)        
2021-04-27T20:55:51.2470641Z remote: Compressing objects:  73% (11/15)        
2021-04-27T20:55:51.2471235Z remote: Compressing objects:  80% (12/15)        
2021-04-27T20:55:51.2471844Z remote: Compressing objects:  86% (13/15)        
2021-04-27T20:55:51.2472444Z remote: Compressing objects:  93% (14/15)        
2021-04-27T20:55:51.2473024Z remote: Compressing objects: 100% (15/15)        
2021-04-27T20:55:51.2473645Z remote: Compressing objects: 100% (15/15), done.        
2021-04-27T20:55:51.2475302Z remote: Total 20 (delta 1), reused 13 (delta 1), pack-reused 0        
2021-04-27T20:55:51.2476397Z From https://github.com/con/tinuous
2021-04-27T20:55:51.2477593Z  * [new ref]         cd27cf6103caac4195acdcd9ebfa43683a23d8c9 -> pull/31/merge
2021-04-27T20:55:51.2479231Z ##[endgroup]
2021-04-27T20:55:51.2479868Z ##[group]Determining the checkout info
2021-04-27T20:55:51.2480396Z ##[endgroup]
2021-04-27T20:55:51.2480893Z ##[group]Checking out the ref
2021-04-27T20:55:51.2481836Z [command]/usr/bin/git checkout --progress --force refs/remotes/pull/31/merge
2021-04-27T20:55:51.2482753Z Note: switching to 'refs/remotes/pull/31/merge'.
2021-04-27T20:55:51.2483163Z 
2021-04-27T20:55:51.2483926Z You are in 'detached HEAD' state. You can look around, make experimental
2021-04-27T20:55:51.2484719Z changes and commit them, and you can discard any commits you make in this
2021-04-27T20:55:51.2486033Z state without impacting any branches by switching back to a branch.
2021-04-27T20:55:51.2486519Z 
2021-04-27T20:55:51.2487328Z If you want to create a new branch to retain commits you create, you may
2021-04-27T20:55:51.2488612Z do so (now or later) by using -c with the switch command. Example:
2021-04-27T20:55:51.2489298Z 
2021-04-27T20:55:51.2491126Z   git switch -c <new-branch-name>
2021-04-27T20:55:51.2491823Z 
2021-04-27T20:55:51.2492511Z Or undo this operation with:
2021-04-27T20:55:51.2493014Z 
2021-04-27T20:55:51.2493893Z   git switch -
2021-04-27T20:55:51.2494550Z 
2021-04-27T20:55:51.2495442Z Turn off this advice by setting config variable advice.detachedHead to false
2021-04-27T20:55:51.2496160Z 
2021-04-27T20:55:51.2497667Z HEAD is now at cd27cf6 Merge b00e92b78a7a8ddfb484931d02efd19ea9a6bf4e into 97538692451f968607a2c289e0ad80fb9d2e1e32
2021-04-27T20:55:51.2498941Z ##[endgroup]
2021-04-27T20:55:51.2499991Z [command]/usr/bin/git log -1 --format='%H'
2021-04-27T20:55:51.2501236Z 'cd27cf6103caac4195acdcd9ebfa43683a23d8c9'
2021-04-27T20:55:51.2682326Z ##[group]Run actions/setup-python@v2
2021-04-27T20:55:51.2683020Z with:
2021-04-27T20:55:51.2683623Z   python-version: 3.8
2021-04-27T20:55:51.2684917Z   token: ***
2021-04-27T20:55:51.2685474Z ##[endgroup]
2021-04-27T20:55:51.3428908Z Successfully setup CPython (3.8.9)
2021-04-27T20:55:51.3506091Z ##[group]Run python -m pip install --upgrade pip wheel
2021-04-27T20:55:51.3506965Z [36;1mpython -m pip install --upgrade pip wheel[0m
2021-04-27T20:55:51.3507603Z [36;1mpython -m pip install .[0m
2021-04-27T20:55:51.3554928Z shell: /usr/bin/bash -e {0}
2021-04-27T20:55:51.3555420Z env:
2021-04-27T20:55:51.3556081Z   pythonLocation: /opt/hostedtoolcache/Python/3.8.9/x64
2021-04-27T20:55:51.3556854Z   LD_LIBRARY_PATH: /opt/hostedtoolcache/Python/3.8.9/x64/lib
2021-04-27T20:55:51.3557454Z ##[endgroup]
2021-04-27T20:55:52.2630010Z WARNING: Value for scheme.headers does not match. Please report this to <https://github.com/pypa/pip/issues/9617>
2021-04-27T20:55:52.2632181Z Requirement already satisfied: pip in /opt/hostedtoolcache/Python/3.8.9/x64/lib/python3.8/site-packages (21.1)
2021-04-27T20:55:52.2660527Z distutils: /opt/hostedtoolcache/Python/3.8.9/x64/include/python3.8/UNKNOWN
2021-04-27T20:55:52.2661326Z Collecting wheel
2021-04-27T20:55:52.2663516Z sysconfig: /opt/hostedtoolcache/Python/3.8.9/x64/include/python3.8
2021-04-27T20:55:52.2664855Z   Downloading wheel-0.36.2-py2.py3-none-any.whl (35 kB)
2021-04-27T20:55:52.2666759Z WARNING: Additional context:
2021-04-27T20:55:52.2667442Z Installing collected packages: wheel
2021-04-27T20:55:52.2668832Z user = False
2021-04-27T20:55:52.2669803Z Successfully installed wheel-0.36.2
2021-04-27T20:55:52.2670790Z home = None
2021-04-27T20:55:52.2671499Z root = None
2021-04-27T20:55:52.2672120Z prefix = None
2021-04-27T20:55:52.2673213Z WARNING: Value for scheme.headers does not match. Please report this to <https://github.com/pypa/pip/issues/9617>
2021-04-27T20:55:52.2674559Z distutils: /opt/hostedtoolcache/Python/3.8.9/x64/include/python3.8/UNKNOWN
2021-04-27T20:55:52.2675589Z sysconfig: /opt/hostedtoolcache/Python/3.8.9/x64/include/python3.8
2021-04-27T20:55:52.2676796Z WARNING: Additional context:
2021-04-27T20:55:52.2677554Z user = False
2021-04-27T20:55:52.2678180Z home = None
2021-04-27T20:55:52.2679119Z root = None
2021-04-27T20:55:52.2679706Z prefix = None
2021-04-27T20:55:52.6993389Z WARNING: Value for scheme.headers does not match. Please report this to <https://github.com/pypa/pip/issues/9617>
2021-04-27T20:55:52.7006303Z distutils: /opt/hostedtoolcache/Python/3.8.9/x64/include/python3.8/UNKNOWN
2021-04-27T20:55:52.7012055Z sysconfig: /opt/hostedtoolcache/Python/3.8.9/x64/include/python3.8
2021-04-27T20:55:52.7014544Z WARNING: Additional context:
2021-04-27T20:55:52.7016452Z user = False
2021-04-27T20:55:52.7018029Z home = None
2021-04-27T20:55:52.7019744Z root = None
2021-04-27T20:55:52.7021327Z prefix = None
2021-04-27T20:55:52.7860281Z Processing /home/runner/work/tinuous/tinuous
2021-04-27T20:55:52.7886957Z   DEPRECATION: A future pip version will change local packages to be built in-place without first copying to a temporary directory. We recommend you use --use-feature=in-tree-build to test your packages with this new behavior before it becomes the default.
2021-04-27T20:55:52.7889472Z    pip 21.3 will remove support for this functionality. You can find discussion regarding this at https://github.com/pypa/pip/issues/7555.
2021-04-27T20:55:53.9149022Z   Installing build dependencies: started
2021-04-27T20:55:56.2896281Z   Installing build dependencies: finished with status 'done'
2021-04-27T20:55:56.2897176Z   Getting requirements to build wheel: started
2021-04-27T20:55:56.5882737Z   Getting requirements to build wheel: finished with status 'done'
2021-04-27T20:55:56.5907305Z     Preparing wheel metadata: started
2021-04-27T20:55:56.8456130Z     Preparing wheel metadata: finished with status 'done'
2021-04-27T20:55:56.9360058Z Collecting PyGithub~=1.53
2021-04-27T20:55:56.9779487Z   Downloading PyGithub-1.55-py3-none-any.whl (291 kB)
2021-04-27T20:55:57.0447256Z Collecting python-dateutil~=2.7
2021-04-27T20:55:57.0546657Z   Downloading python_dateutil-2.8.1-py2.py3-none-any.whl (227 kB)
2021-04-27T20:55:57.1746724Z Collecting PyYAML~=5.0
2021-04-27T20:55:57.1931061Z   Downloading PyYAML-5.4.1-cp38-cp38-manylinux1_x86_64.whl (662 kB)
2021-04-27T20:55:57.4157744Z Collecting pydantic~=1.7
2021-04-27T20:55:57.4281161Z   Downloading pydantic-1.8.1-cp38-cp38-manylinux2014_x86_64.whl (13.7 MB)
2021-04-27T20:55:57.8372046Z Collecting datalad~=0.14
2021-04-27T20:55:57.8509465Z   Downloading datalad-0.14.2.tar.gz (1.6 MB)
2021-04-27T20:55:58.1996353Z   Installing build dependencies: started
2021-04-27T20:56:00.4494799Z   Installing build dependencies: finished with status 'done'
2021-04-27T20:56:00.4548442Z   Getting requirements to build wheel: started
2021-04-27T20:56:00.8562287Z   Getting requirements to build wheel: finished with status 'done'
2021-04-27T20:56:00.8636047Z     Preparing wheel metadata: started
2021-04-27T20:56:01.3306824Z     Preparing wheel metadata: finished with status 'done'
2021-04-27T20:56:01.3578507Z Collecting in-place~=0.4
2021-04-27T20:56:01.3758999Z   Downloading in_place-0.5.0-py3-none-any.whl (9.1 kB)
2021-04-27T20:56:01.3937511Z Collecting click-loglevel~=0.2
2021-04-27T20:56:01.4040601Z   Downloading click_loglevel-0.3.0-py3-none-any.whl (5.0 kB)
2021-04-27T20:56:01.4938466Z Collecting requests~=2.20
2021-04-27T20:56:01.5056454Z   Downloading requests-2.25.1-py2.py3-none-any.whl (61 kB)
2021-04-27T20:56:01.5591743Z Collecting click~=7.0
2021-04-27T20:56:01.5735998Z   Downloading click-7.1.2-py2.py3-none-any.whl (82 kB)
2021-04-27T20:56:01.8013357Z Collecting msgpack
2021-04-27T20:56:01.8126243Z   Downloading msgpack-1.0.2-cp38-cp38-manylinux1_x86_64.whl (302 kB)
2021-04-27T20:56:01.9409760Z Collecting tqdm
2021-04-27T20:56:01.9540603Z   Downloading tqdm-4.60.0-py2.py3-none-any.whl (75 kB)
2021-04-27T20:56:01.9809441Z Collecting jsmin
2021-04-27T20:56:01.9908247Z   Downloading jsmin-2.2.2.tar.gz (12 kB)
2021-04-27T20:56:02.4004660Z Collecting boto
2021-04-27T20:56:02.4303765Z   Downloading boto-2.49.0-py2.py3-none-any.whl (1.4 MB)
2021-04-27T20:56:02.4896343Z Collecting keyrings.alt
2021-04-27T20:56:02.5003167Z   Downloading keyrings.alt-4.0.2-py3-none-any.whl (20 kB)
2021-04-27T20:56:02.6213233Z Collecting keyring>=8.0
2021-04-27T20:56:02.6314829Z   Downloading keyring-23.0.1-py3-none-any.whl (33 kB)
2021-04-27T20:56:02.6547601Z Collecting annexremote
2021-04-27T20:56:02.6676529Z   Downloading annexremote-1.5.0-py3-none-any.whl (25 kB)
2021-04-27T20:56:02.6904007Z Collecting iso8601
2021-04-27T20:56:02.7015433Z   Downloading iso8601-0.1.14-py2.py3-none-any.whl (9.5 kB)
2021-04-27T20:56:02.7373092Z Collecting humanize
2021-04-27T20:56:02.7540771Z   Downloading humanize-3.4.1-py3-none-any.whl (73 kB)
2021-04-27T20:56:02.7810510Z Collecting wrapt
2021-04-27T20:56:02.7912801Z   Downloading wrapt-1.12.1.tar.gz (27 kB)
2021-04-27T20:56:03.0214910Z Collecting patool>=1.7
2021-04-27T20:56:03.0323333Z   Downloading patool-1.12-py2.py3-none-any.whl (77 kB)
2021-04-27T20:56:03.1405549Z Collecting whoosh
2021-04-27T20:56:03.1532520Z   Downloading Whoosh-2.7.4-py2.py3-none-any.whl (468 kB)
2021-04-27T20:56:03.1843493Z Collecting chardet>=3.0.4
2021-04-27T20:56:03.2138483Z   Downloading chardet-4.0.0-py2.py3-none-any.whl (178 kB)
2021-04-27T20:56:03.2410083Z Collecting distro
2021-04-27T20:56:03.2509384Z   Downloading distro-1.5.0-py2.py3-none-any.whl (18 kB)
2021-04-27T20:56:03.3605964Z Collecting simplejson
2021-04-27T20:56:03.3716627Z   Downloading simplejson-3.17.2-cp38-cp38-manylinux2010_x86_64.whl (137 kB)
2021-04-27T20:56:03.3998677Z Collecting fasteners>=0.14
2021-04-27T20:56:03.4108146Z   Downloading fasteners-0.16-py2.py3-none-any.whl (28 kB)
2021-04-27T20:56:03.4308302Z Collecting appdirs
2021-04-27T20:56:03.4404365Z   Downloading appdirs-1.4.4-py2.py3-none-any.whl (9.6 kB)
2021-04-27T20:56:03.4777145Z Collecting six
2021-04-27T20:56:03.4871608Z   Downloading six-1.15.0-py2.py3-none-any.whl (10 kB)
2021-04-27T20:56:03.5922637Z Collecting importlib-metadata>=3.6
2021-04-27T20:56:03.6021004Z   Downloading importlib_metadata-4.0.1-py3-none-any.whl (16 kB)
2021-04-27T20:56:03.6264270Z Collecting jeepney>=0.4.2
2021-04-27T20:56:03.6361975Z   Downloading jeepney-0.6.0-py3-none-any.whl (45 kB)
2021-04-27T20:56:03.6599531Z Collecting SecretStorage>=3.2
2021-04-27T20:56:03.6739596Z   Downloading SecretStorage-3.3.1-py3-none-any.whl (15 kB)
2021-04-27T20:56:03.7363434Z Collecting zipp>=0.5
2021-04-27T20:56:03.7466751Z   Downloading zipp-3.4.1-py3-none-any.whl (5.2 kB)
2021-04-27T20:56:03.7917829Z Collecting typing-extensions>=3.7.4.3
2021-04-27T20:56:03.7997683Z   Downloading typing_extensions-3.7.4.3-py3-none-any.whl (22 kB)
2021-04-27T20:56:03.8579441Z Collecting deprecated
2021-04-27T20:56:03.8697276Z   Downloading Deprecated-1.2.12-py2.py3-none-any.whl (9.5 kB)
2021-04-27T20:56:03.9295486Z Collecting pynacl>=1.4.0
2021-04-27T20:56:03.9420531Z   Downloading PyNaCl-1.4.0-cp35-abi3-manylinux1_x86_64.whl (961 kB)
2021-04-27T20:56:03.9984942Z Collecting pyjwt>=2.0
2021-04-27T20:56:04.0085856Z   Downloading PyJWT-2.0.1-py3-none-any.whl (15 kB)
2021-04-27T20:56:04.3589806Z Collecting cffi>=1.4.1
2021-04-27T20:56:04.3701977Z   Downloading cffi-1.14.5-cp38-cp38-manylinux1_x86_64.whl (411 kB)
2021-04-27T20:56:04.4051646Z Collecting pycparser
2021-04-27T20:56:04.4154144Z   Downloading pycparser-2.20-py2.py3-none-any.whl (112 kB)
2021-04-27T20:56:04.5124881Z Collecting urllib3<1.27,>=1.21.1
2021-04-27T20:56:04.5234004Z   Downloading urllib3-1.26.4-py2.py3-none-any.whl (153 kB)
2021-04-27T20:56:04.5785823Z Collecting certifi>=2017.4.17
2021-04-27T20:56:04.5888902Z   Downloading certifi-2020.12.5-py2.py3-none-any.whl (147 kB)
2021-04-27T20:56:04.6209099Z Collecting idna<3,>=2.5
2021-04-27T20:56:04.6309067Z   Downloading idna-2.10-py2.py3-none-any.whl (58 kB)
2021-04-27T20:56:05.1316914Z Collecting cryptography>=2.0
2021-04-27T20:56:05.1422321Z   Downloading cryptography-3.4.7-cp36-abi3-manylinux2014_x86_64.whl (3.2 MB)
2021-04-27T20:56:05.3169916Z Collecting future
2021-04-27T20:56:05.3390195Z   Downloading future-0.18.2.tar.gz (829 kB)
2021-04-27T20:56:05.7798369Z Requirement already satisfied: setuptools in /opt/hostedtoolcache/Python/3.8.9/x64/lib/python3.8/site-packages (from humanize->datalad~=0.14->tinuous==0+untagged.1.gcd27cf6) (49.2.1)
2021-04-27T20:56:05.8964781Z Building wheels for collected packages: tinuous, datalad, wrapt, future, jsmin
2021-04-27T20:56:05.8975024Z   Building wheel for tinuous (PEP 517): started
2021-04-27T20:56:06.1988117Z   Building wheel for tinuous (PEP 517): finished with status 'done'
2021-04-27T20:56:06.1990328Z   Created wheel for tinuous: filename=tinuous-0+untagged.1.gcd27cf6-py3-none-any.whl size=14223 sha256=1cef4f1ecc88f16030ad290028e7d69a2c0903fbb3d9b5f68c4234f91f957ba3
2021-04-27T20:56:06.1992923Z   Stored in directory: /tmp/pip-ephem-wheel-cache-erz6j5p1/wheels/c3/66/fd/aa40fe57fc56b6eafce6be9c19ebd0e1315c64984fda7c47af
2021-04-27T20:56:06.1994269Z   Building wheel for datalad (PEP 517): started
2021-04-27T20:56:07.1090823Z   Building wheel for datalad (PEP 517): finished with status 'done'
2021-04-27T20:56:07.1153790Z   Created wheel for datalad: filename=datalad-0.14.2-py3-none-any.whl size=1603393 sha256=2af9fed27a5f6a1a268424eb46ef59215b316f2c645a9c814e0b4034eb62ebb2
2021-04-27T20:56:07.1157559Z   Stored in directory: /home/runner/.cache/pip/wheels/5f/d3/15/1e36a77a4d222a134678396152e3b066be4d289e731045fa5a
2021-04-27T20:56:07.1214122Z   Building wheel for wrapt (setup.py): started
2021-04-27T20:56:08.7211806Z   Building wheel for wrapt (setup.py): finished with status 'done'
2021-04-27T20:56:08.7218883Z   Created wheel for wrapt: filename=wrapt-1.12.1-cp38-cp38-linux_x86_64.whl size=81811 sha256=03c6e61e6d49d175829fd1c195b2eabea3a29b88b40b876e613d8e5aa27a4d58
2021-04-27T20:56:08.7220852Z   Stored in directory: /home/runner/.cache/pip/wheels/5f/fd/9e/b6cf5890494cb8ef0b5eaff72e5d55a70fb56316007d6dfe73
2021-04-27T20:56:08.7245898Z   Building wheel for future (setup.py): started
2021-04-27T20:56:09.1906898Z   Building wheel for future (setup.py): finished with status 'done'
2021-04-27T20:56:09.1925895Z   Created wheel for future: filename=future-0.18.2-py3-none-any.whl size=491059 sha256=c3c27bb2353131de3592d377d59a6d7cf2178cb1c6c50f6feeaf7cdee94cb770
2021-04-27T20:56:09.1928104Z   Stored in directory: /home/runner/.cache/pip/wheels/8e/70/28/3d6ccd6e315f65f245da085482a2e1c7d14b90b30f239e2cf4
2021-04-27T20:56:09.1968810Z   Building wheel for jsmin (setup.py): started
2021-04-27T20:56:10.5503481Z   Building wheel for jsmin (setup.py): finished with status 'done'
2021-04-27T20:56:10.5508299Z   Created wheel for jsmin: filename=jsmin-2.2.2-py3-none-any.whl size=13920 sha256=03dc8ea78d8b8aa1a77645a0b7773b4411dc681b4983c4f8eac1a2ba87d5a8a7
2021-04-27T20:56:10.5510112Z   Stored in directory: /home/runner/.cache/pip/wheels/65/b7/04/fc4b059d177fd88f3ca362ad372a15e364b0c5433121c7b135
2021-04-27T20:56:10.5528923Z Successfully built tinuous datalad wrapt future jsmin
2021-04-27T20:56:10.9499893Z Installing collected packages: pycparser, cffi, zipp, wrapt, urllib3, six, jeepney, idna, cryptography, chardet, certifi, SecretStorage, requests, pynacl, pyjwt, importlib-metadata, future, deprecated, whoosh, typing-extensions, tqdm, simplejson, PyGithub, patool, msgpack, keyrings.alt, keyring, jsmin, iso8601, humanize, fasteners, distro, click, boto, appdirs, annexremote, PyYAML, python-dateutil, pydantic, in-place, datalad, click-loglevel, tinuous
2021-04-27T20:56:15.1437883Z WARNING: Value for scheme.headers does not match. Please report this to <https://github.com/pypa/pip/issues/9617>
2021-04-27T20:56:15.1439214Z distutils: /opt/hostedtoolcache/Python/3.8.9/x64/include/python3.8/UNKNOWN
2021-04-27T20:56:15.1440126Z sysconfig: /opt/hostedtoolcache/Python/3.8.9/x64/include/python3.8
2021-04-27T20:56:15.1440933Z WARNING: Additional context:
2021-04-27T20:56:15.1441471Z user = False
2021-04-27T20:56:15.1441913Z home = None
2021-04-27T20:56:15.1442358Z root = None
2021-04-27T20:56:15.1442813Z prefix = None
2021-04-27T20:56:15.1610930Z Successfully installed PyGithub-1.55 PyYAML-5.4.1 SecretStorage-3.3.1 annexremote-1.5.0 appdirs-1.4.4 boto-2.49.0 certifi-2020.12.5 cffi-1.14.5 chardet-4.0.0 click-7.1.2 click-loglevel-0.3.0 cryptography-3.4.7 datalad-0.14.2 deprecated-1.2.12 distro-1.5.0 fasteners-0.16 future-0.18.2 humanize-3.4.1 idna-2.10 importlib-metadata-4.0.1 in-place-0.5.0 iso8601-0.1.14 jeepney-0.6.0 jsmin-2.2.2 keyring-23.0.1 keyrings.alt-4.0.2 msgpack-1.0.2 patool-1.12 pycparser-2.20 pydantic-1.8.1 pyjwt-2.0.1 pynacl-1.4.0 python-dateutil-2.8.1 requests-2.25.1 simplejson-3.17.2 six-1.15.0 tinuous-0+untagged.1.gcd27cf6 tqdm-4.60.0 typing-extensions-3.7.4.3 urllib3-1.26.4 whoosh-2.7.4 wrapt-1.12.1 zipp-3.4.1
2021-04-27T20:56:15.3028848Z ##[group]Run tinuous --help
2021-04-27T20:56:15.3029476Z [36;1mtinuous --help[0m
2021-04-27T20:56:15.3073669Z shell: /usr/bin/bash -e {0}
2021-04-27T20:56:15.3074051Z env:
2021-04-27T20:56:15.3074581Z   pythonLocation: /opt/hostedtoolcache/Python/3.8.9/x64
2021-04-27T20:56:15.3075272Z   LD_LIBRARY_PATH: /opt/hostedtoolcache/Python/3.8.9/x64/lib
2021-04-27T20:56:15.3075803Z ##[endgroup]
2021-04-27T20:56:15.4474675Z It is highly recommended to configure Git before using DataLad. Set both 'user.name' and 'user.email' configuration variables.
2021-04-27T20:56:15.4476640Z It is highly recommended to configure Git before using DataLad. Set both 'user.name' and 'user.email' configuration variables.
2021-04-27T20:56:16.1268498Z Usage: tinuous [OPTIONS] COMMAND [ARGS]...
2021-04-27T20:56:16.1268879Z 
2021-04-27T20:56:16.1269344Z   Download build logs from GitHub Actions, Travis, and Appveyor
2021-04-27T20:56:16.1269734Z 
2021-04-27T20:56:16.1270039Z Options:
2021-04-27T20:56:16.1271283Z   -c, --config FILE               Read configuration from the given file
2021-04-27T20:56:16.1271862Z                                   [default: config.yml]
2021-04-27T20:56:16.1272146Z 
2021-04-27T20:56:16.1272787Z   -l, --log-level [NOTSET|DEBUG|INFO|WARNING|ERROR|CRITICAL]
2021-04-27T20:56:16.1273370Z                                   Set logging level  [default: INFO]
2021-04-27T20:56:16.1274050Z   --help                          Show this message and exit.
2021-04-27T20:56:16.1274383Z 
2021-04-27T20:56:16.1274668Z Commands:
2021-04-27T20:56:16.1275030Z   fetch     Download logs
2021-04-27T20:56:16.1275461Z   sanitize  Sanitize secrets in logs
2021-04-27T20:56:16.1815595Z ##[group]Run python -m pip install mypy
2021-04-27T20:56:16.1816187Z [36;1mpython -m pip install mypy[0m
2021-04-27T20:56:16.1866105Z shell: /usr/bin/bash -e {0}
2021-04-27T20:56:16.1866468Z env:
2021-04-27T20:56:16.1867010Z   pythonLocation: /opt/hostedtoolcache/Python/3.8.9/x64
2021-04-27T20:56:16.1867709Z   LD_LIBRARY_PATH: /opt/hostedtoolcache/Python/3.8.9/x64/lib
2021-04-27T20:56:16.1868221Z ##[endgroup]
2021-04-27T20:56:16.5181696Z WARNING: Value for scheme.headers does not match. Please report this to <https://github.com/pypa/pip/issues/9617>
2021-04-27T20:56:16.5183075Z distutils: /opt/hostedtoolcache/Python/3.8.9/x64/include/python3.8/UNKNOWN
2021-04-27T20:56:16.5184092Z sysconfig: /opt/hostedtoolcache/Python/3.8.9/x64/include/python3.8
2021-04-27T20:56:16.5184994Z WARNING: Additional context:
2021-04-27T20:56:16.5185666Z user = False
2021-04-27T20:56:16.5186197Z home = None
2021-04-27T20:56:16.5186732Z root = None
2021-04-27T20:56:16.5187283Z prefix = None
2021-04-27T20:56:16.7439111Z Collecting mypy
2021-04-27T20:56:16.7907482Z   Downloading mypy-0.812-cp38-cp38-manylinux2010_x86_64.whl (22.5 MB)
2021-04-27T20:56:17.5816723Z Collecting typed-ast<1.5.0,>=1.4.0
2021-04-27T20:56:17.5939329Z   Downloading typed_ast-1.4.3-cp38-cp38-manylinux1_x86_64.whl (774 kB)
2021-04-27T20:56:17.6114834Z Requirement already satisfied: typing-extensions>=3.7.4 in /opt/hostedtoolcache/Python/3.8.9/x64/lib/python3.8/site-packages (from mypy) (3.7.4.3)
2021-04-27T20:56:17.6265675Z Collecting mypy-extensions<0.5.0,>=0.4.3
2021-04-27T20:56:17.6359180Z   Downloading mypy_extensions-0.4.3-py2.py3-none-any.whl (4.5 kB)
2021-04-27T20:56:18.0048363Z Installing collected packages: typed-ast, mypy-extensions, mypy
2021-04-27T20:56:19.5699472Z WARNING: Value for scheme.headers does not match. Please report this to <https://github.com/pypa/pip/issues/9617>
2021-04-27T20:56:19.5700857Z distutils: /opt/hostedtoolcache/Python/3.8.9/x64/include/python3.8/UNKNOWN
2021-04-27T20:56:19.5701680Z sysconfig: /opt/hostedtoolcache/Python/3.8.9/x64/include/python3.8
2021-04-27T20:56:19.5705015Z WARNING: Additional context:
2021-04-27T20:56:19.5705478Z user = False
2021-04-27T20:56:19.5705832Z home = None
2021-04-27T20:56:19.5706159Z root = None
2021-04-27T20:56:19.5706508Z prefix = None
2021-04-27T20:56:19.5836564Z Successfully installed mypy-0.812 mypy-extensions-0.4.3 typed-ast-1.4.3
2021-04-27T20:56:19.6404668Z ##[group]Run mypy src
2021-04-27T20:56:19.6405136Z [36;1mmypy src[0m
2021-04-27T20:56:19.6442474Z shell: /usr/bin/bash -e {0}
2021-04-27T20:56:19.6442816Z env:
2021-04-27T20:56:19.6443314Z   pythonLocation: /opt/hostedtoolcache/Python/3.8.9/x64
2021-04-27T20:56:19.6444014Z   LD_LIBRARY_PATH: /opt/hostedtoolcache/Python/3.8.9/x64/lib
2021-04-27T20:56:19.6444516Z ##[endgroup]
2021-04-27T20:56:23.4853962Z src/tinuous/_version.py:20: error: Function is missing a return type annotation
2021-04-27T20:56:23.4855292Z  [no-untyped-def]
2021-04-27T20:56:23.4855718Z     def get_keywords():
2021-04-27T20:56:23.4856045Z     ^
2021-04-27T20:56:23.4856698Z src/tinuous/_version.py:37: error: Function is missing a return type annotation
2021-04-27T20:56:23.4857884Z  [no-untyped-def]
2021-04-27T20:56:23.4858347Z     def get_config():
2021-04-27T20:56:23.4858704Z     ^
2021-04-27T20:56:23.4859528Z src/tinuous/_version.py:55: error: Need type annotation for 'LONG_VERSION_PY'
2021-04-27T20:56:23.4860649Z (hint: "LONG_VERSION_PY: Dict[<type>, <type>] = ...")  [var-annotated]
2021-04-27T20:56:23.4861258Z     LONG_VERSION_PY = {}
2021-04-27T20:56:23.4861627Z     ^
2021-04-27T20:56:23.4862433Z src/tinuous/_version.py:56: error: Need type annotation for 'HANDLERS' (hint:
2021-04-27T20:56:23.4863356Z "HANDLERS: Dict[<type>, <type>] = ...")  [var-annotated]
2021-04-27T20:56:23.4863898Z     HANDLERS = {}
2021-04-27T20:56:23.4864239Z     ^
2021-04-27T20:56:23.4864828Z src/tinuous/_version.py:59: error: Function is missing a type annotation 
2021-04-27T20:56:23.4865611Z [no-untyped-def]
2021-04-27T20:56:23.4866197Z     def register_vcs_handler(vcs, method):  # decorator
2021-04-27T20:56:23.4866694Z     ^
2021-04-27T20:56:23.4867254Z src/tinuous/_version.py:61: error: Function is missing a type annotation 
2021-04-27T20:56:23.4868048Z [no-untyped-def]
2021-04-27T20:56:23.4868493Z         def decorate(f):
2021-04-27T20:56:23.4868872Z         ^
2021-04-27T20:56:23.4869443Z src/tinuous/_version.py:70: error: Function is missing a type annotation 
2021-04-27T20:56:23.4870448Z [no-untyped-def]
2021-04-27T20:56:23.4871040Z     def run_command(commands, args, cwd=None, verbose=False, hide_stderr=F...
2021-04-27T20:56:23.4871567Z     ^
2021-04-27T20:56:23.4872091Z src/tinuous/_version.py:105: error: Function is missing a type annotation 
2021-04-27T20:56:23.4872839Z [no-untyped-def]
2021-04-27T20:56:23.4873442Z     def versions_from_parentdir(parentdir_prefix, root, verbose):
2021-04-27T20:56:23.4873949Z     ^
2021-04-27T20:56:23.4874486Z src/tinuous/_version.py:131: error: Function is missing a type annotation 
2021-04-27T20:56:23.4875317Z [no-untyped-def]
2021-04-27T20:56:23.4875795Z     def git_get_keywords(versionfile_abs):
2021-04-27T20:56:23.4876179Z     ^
2021-04-27T20:56:23.4876680Z src/tinuous/_version.py:160: error: Function is missing a type annotation 
2021-04-27T20:56:23.4877360Z [no-untyped-def]
2021-04-27T20:56:23.4877920Z     def git_versions_from_keywords(keywords, tag_prefix, verbose):
2021-04-27T20:56:23.4878390Z     ^
2021-04-27T20:56:23.4878894Z src/tinuous/_version.py:219: error: Function is missing a type annotation 
2021-04-27T20:56:23.4879585Z [no-untyped-def]
2021-04-27T20:56:23.4880136Z     def git_pieces_from_vcs(tag_prefix, root, verbose, run_command=run_com...
2021-04-27T20:56:23.4880620Z     ^
2021-04-27T20:56:23.4881109Z src/tinuous/_version.py:313: error: Function is missing a type annotation 
2021-04-27T20:56:23.4881805Z [no-untyped-def]
2021-04-27T20:56:23.4882508Z     def plus_or_dot(pieces):
2021-04-27T20:56:23.4882859Z     ^
2021-04-27T20:56:23.4883347Z src/tinuous/_version.py:320: error: Function is missing a type annotation 
2021-04-27T20:56:23.4884099Z [no-untyped-def]
2021-04-27T20:56:23.4884530Z     def render_pep440(pieces):
2021-04-27T20:56:23.4884892Z     ^
2021-04-27T20:56:23.4885379Z src/tinuous/_version.py:345: error: Function is missing a type annotation 
2021-04-27T20:56:23.4886073Z [no-untyped-def]
2021-04-27T20:56:23.4886526Z     def render_pep440_pre(pieces):
2021-04-27T20:56:23.4887048Z     ^
2021-04-27T20:56:23.4887581Z src/tinuous/_version.py:361: error: Function is missing a type annotation 
2021-04-27T20:56:23.4888294Z [no-untyped-def]
2021-04-27T20:56:23.4888754Z     def render_pep440_post(pieces):
2021-04-27T20:56:23.4889117Z     ^
2021-04-27T20:56:23.4889623Z src/tinuous/_version.py:388: error: Function is missing a type annotation 
2021-04-27T20:56:23.4890464Z [no-untyped-def]
2021-04-27T20:56:23.4890929Z     def render_pep440_old(pieces):
2021-04-27T20:56:23.4891298Z     ^
2021-04-27T20:56:23.4891797Z src/tinuous/_version.py:410: error: Function is missing a type annotation 
2021-04-27T20:56:23.4892522Z [no-untyped-def]
2021-04-27T20:56:23.4892965Z     def render_git_describe(pieces):
2021-04-27T20:56:23.4893349Z     ^
2021-04-27T20:56:23.4893836Z src/tinuous/_version.py:430: error: Function is missing a type annotation 
2021-04-27T20:56:23.4895147Z [no-untyped-def]
2021-04-27T20:56:23.4895858Z     def render_git_describe_long(pieces):
2021-04-27T20:56:23.4896308Z     ^
2021-04-27T20:56:23.4896871Z src/tinuous/_version.py:450: error: Function is missing a type annotation 
2021-04-27T20:56:23.4897990Z [no-untyped-def]
2021-04-27T20:56:23.4898447Z     def render(pieces, style):
2021-04-27T20:56:23.4898924Z     ^
2021-04-27T20:56:23.4899411Z src/tinuous/_version.py:482: error: Function is missing a return type
2021-04-27T20:56:23.4900138Z annotation  [no-untyped-def]
2021-04-27T20:56:23.4900589Z     def get_versions():
2021-04-27T20:56:23.4900916Z     ^
2021-04-27T20:56:24.1252754Z Found 20 errors in 1 file (checked 2 source files)
2021-04-27T20:56:24.4127631Z ##[error]Process completed with exit code 1.
2021-04-27T20:56:24.4226924Z Post job cleanup.
2021-04-27T20:56:24.5238428Z [command]/usr/bin/git version
2021-04-27T20:56:24.5287195Z git version 2.31.1
2021-04-27T20:56:24.5324294Z [command]/usr/bin/git config --local --name-only --get-regexp core\.sshCommand
2021-04-27T20:56:24.5361124Z [command]/usr/bin/git submodule foreach --recursive git config --local --name-only --get-regexp 'core\.sshCommand' && git config --local --unset-all 'core.sshCommand' || :
2021-04-27T20:56:24.5606447Z [command]/usr/bin/git config --local --name-only --get-regexp http\.https\:\/\/github\.com\/\.extraheader
2021-04-27T20:56:24.5632546Z http.https://github.com/.extraheader
2021-04-27T20:56:24.5643120Z [command]/usr/bin/git config --local --unset-all http.https://github.com/.extraheader
2021-04-27T20:56:24.5675818Z [command]/usr/bin/git submodule foreach --recursive git config --local --name-only --get-regexp 'http\.https\:\/\/github\.com\/\.extraheader' && git config --local --unset-all 'http.https://github.com/.extraheader' || :
2021-04-27T20:56:24.5988602Z Cleaning up orphan processes
