2021-05-27T20:55:19.3193525Z ##[section]Starting: Request a runner to run this job
2021-05-27T20:55:19.4967191Z Can't find any online and idle self-hosted runner in current repository that matches the required labels: 'ubuntu-latest'
2021-05-27T20:55:19.4967296Z Can't find any online and idle self-hosted runner in current repository's account/organization that matches the required labels: 'ubuntu-latest'
2021-05-27T20:55:19.4967679Z Found online and idle hosted runner in current repository's account/organization that matches the required labels: 'ubuntu-latest'
2021-05-27T20:55:19.6848603Z ##[section]Finishing: Request a runner to run this job
2021-05-27T20:55:26.6300860Z Current runner version: '2.278.0'
2021-05-27T20:55:26.6328960Z ##[group]Operating System
2021-05-27T20:55:26.6329818Z Ubuntu
2021-05-27T20:55:26.6330310Z 20.04.2
2021-05-27T20:55:26.6330723Z LTS
2021-05-27T20:55:26.6331191Z ##[endgroup]
2021-05-27T20:55:26.6331690Z ##[group]Virtual Environment
2021-05-27T20:55:26.6332328Z Environment: ubuntu-20.04
2021-05-27T20:55:26.6332827Z Version: 20210524.1
2021-05-27T20:55:26.6333806Z Included Software: https://github.com/actions/virtual-environments/blob/ubuntu20/20210524.1/images/linux/Ubuntu2004-README.md
2021-05-27T20:55:26.6335165Z Image Release: https://github.com/actions/virtual-environments/releases/tag/ubuntu20%2F20210524.1
2021-05-27T20:55:26.6335975Z ##[endgroup]
2021-05-27T20:55:26.6337782Z ##[group]GITHUB_TOKEN Permissions
2021-05-27T20:55:26.6338932Z Actions: write
2021-05-27T20:55:26.6339394Z Checks: write
2021-05-27T20:55:26.6339931Z Contents: write
2021-05-27T20:55:26.6340418Z Deployments: write
2021-05-27T20:55:26.6341017Z Issues: write
2021-05-27T20:55:26.6341551Z Metadata: read
2021-05-27T20:55:26.6342079Z Packages: write
2021-05-27T20:55:26.6342579Z PullRequests: write
2021-05-27T20:55:26.6343202Z RepositoryProjects: write
2021-05-27T20:55:26.6343786Z SecurityEvents: write
2021-05-27T20:55:26.6344361Z Statuses: write
2021-05-27T20:55:26.6344911Z ##[endgroup]
2021-05-27T20:55:26.6347798Z Prepare workflow directory
2021-05-27T20:55:26.6926088Z Prepare all required actions
2021-05-27T20:55:26.6936349Z Getting action download info
2021-05-27T20:55:27.0962003Z Download action repository 'actions/checkout@v2'
2021-05-27T20:55:28.8168024Z Download action repository 'actions/setup-python@v2'
2021-05-27T20:55:28.9704685Z Download action repository 'codecov/codecov-action@v1'
2021-05-27T20:55:29.2495202Z ##[group]Run actions/checkout@v2
2021-05-27T20:55:29.2495775Z with:
2021-05-27T20:55:29.2496177Z   fetch-depth: 0
2021-05-27T20:55:29.2496605Z   repository: con/tinuous
2021-05-27T20:55:29.2497452Z   token: ***
2021-05-27T20:55:29.2497849Z   ssh-strict: true
2021-05-27T20:55:29.2498347Z   persist-credentials: true
2021-05-27T20:55:29.2498814Z   clean: true
2021-05-27T20:55:29.2499174Z   lfs: false
2021-05-27T20:55:29.2499571Z   submodules: false
2021-05-27T20:55:29.2499972Z ##[endgroup]
2021-05-27T20:55:29.4585845Z Syncing repository: con/tinuous
2021-05-27T20:55:29.4586608Z ##[group]Getting Git version info
2021-05-27T20:55:29.4587636Z Working directory is '/home/runner/work/tinuous/tinuous'
2021-05-27T20:55:29.4626671Z [command]/usr/bin/git version
2021-05-27T20:55:29.4770567Z git version 2.31.1
2021-05-27T20:55:29.9233321Z ##[endgroup]
2021-05-27T20:55:29.9234944Z Deleting the contents of '/home/runner/work/tinuous/tinuous'
2021-05-27T20:55:29.9236587Z ##[group]Initializing the repository
2021-05-27T20:55:29.9237399Z [command]/usr/bin/git init /home/runner/work/tinuous/tinuous
2021-05-27T20:55:29.9238472Z hint: Using 'master' as the name for the initial branch. This default branch name
2021-05-27T20:55:29.9239397Z hint: is subject to change. To configure the initial branch name to use in all
2021-05-27T20:55:29.9240465Z hint: of your new repositories, which will suppress this warning, call:
2021-05-27T20:55:29.9241205Z hint: 
2021-05-27T20:55:29.9242038Z hint: 	git config --global init.defaultBranch <name>
2021-05-27T20:55:29.9242748Z hint: 
2021-05-27T20:55:29.9243582Z hint: Names commonly chosen instead of 'master' are 'main', 'trunk' and
2021-05-27T20:55:29.9244675Z hint: 'development'. The just-created branch can be renamed via this command:
2021-05-27T20:55:29.9245417Z hint: 
2021-05-27T20:55:29.9246086Z hint: 	git branch -m <name>
2021-05-27T20:55:29.9246876Z Initialized empty Git repository in /home/runner/work/tinuous/tinuous/.git/
2021-05-27T20:55:29.9247839Z [command]/usr/bin/git remote add origin https://github.com/con/tinuous
2021-05-27T20:55:29.9248647Z ##[endgroup]
2021-05-27T20:55:29.9249334Z ##[group]Disabling automatic garbage collection
2021-05-27T20:55:29.9250244Z [command]/usr/bin/git config --local gc.auto 0
2021-05-27T20:55:29.9250889Z ##[endgroup]
2021-05-27T20:55:29.9252965Z ##[group]Setting up auth
2021-05-27T20:55:29.9253963Z [command]/usr/bin/git config --local --name-only --get-regexp core\.sshCommand
2021-05-27T20:55:29.9255483Z [command]/usr/bin/git submodule foreach --recursive git config --local --name-only --get-regexp 'core\.sshCommand' && git config --local --unset-all 'core.sshCommand' || :
2021-05-27T20:55:29.9257022Z [command]/usr/bin/git config --local --name-only --get-regexp http\.https\:\/\/github\.com\/\.extraheader
2021-05-27T20:55:29.9258883Z [command]/usr/bin/git submodule foreach --recursive git config --local --name-only --get-regexp 'http\.https\:\/\/github\.com\/\.extraheader' && git config --local --unset-all 'http.https://github.com/.extraheader' || :
2021-05-27T20:55:29.9260710Z [command]/usr/bin/git config --local http.https://github.com/.extraheader AUTHORIZATION: basic ***
2021-05-27T20:55:29.9261651Z ##[endgroup]
2021-05-27T20:55:29.9262274Z ##[group]Fetching the repository
2021-05-27T20:55:29.9263943Z [command]/usr/bin/git -c protocol.version=2 fetch --prune --progress --no-recurse-submodules origin +refs/heads/*:refs/remotes/origin/* +refs/tags/*:refs/tags/* +6625a230ee68831186b1615ab0022dcf35bc9f2b:refs/remotes/pull/62/merge
2021-05-27T20:55:29.9265319Z remote: Enumerating objects: 324, done.        
2021-05-27T20:55:29.9266007Z remote: Counting objects:   0% (1/324)        
2021-05-27T20:55:29.9266669Z remote: Counting objects:   1% (4/324)        
2021-05-27T20:55:29.9267331Z remote: Counting objects:   2% (7/324)        
2021-05-27T20:55:29.9268307Z remote: Counting objects:   3% (10/324)        
2021-05-27T20:55:29.9268980Z remote: Counting objects:   4% (13/324)        
2021-05-27T20:55:29.9269807Z remote: Counting objects:   5% (17/324)        
2021-05-27T20:55:29.9270474Z remote: Counting objects:   6% (20/324)        
2021-05-27T20:55:29.9271139Z remote: Counting objects:   7% (23/324)        
2021-05-27T20:55:29.9271881Z remote: Counting objects:   8% (26/324)        
2021-05-27T20:55:29.9272431Z remote: Counting objects:   9% (30/324)        
2021-05-27T20:55:29.9273001Z remote: Counting objects:  10% (33/324)        
2021-05-27T20:55:29.9273544Z remote: Counting objects:  11% (36/324)        
2021-05-27T20:55:29.9274096Z remote: Counting objects:  12% (39/324)        
2021-05-27T20:55:29.9274638Z remote: Counting objects:  13% (43/324)        
2021-05-27T20:55:29.9275194Z remote: Counting objects:  14% (46/324)        
2021-05-27T20:55:29.9275728Z remote: Counting objects:  15% (49/324)        
2021-05-27T20:55:29.9276277Z remote: Counting objects:  16% (52/324)        
2021-05-27T20:55:29.9276828Z remote: Counting objects:  17% (56/324)        
2021-05-27T20:55:29.9277363Z remote: Counting objects:  18% (59/324)        
2021-05-27T20:55:29.9277924Z remote: Counting objects:  19% (62/324)        
2021-05-27T20:55:29.9278613Z remote: Counting objects:  20% (65/324)        
2021-05-27T20:55:29.9279272Z remote: Counting objects:  21% (69/324)        
2021-05-27T20:55:29.9279916Z remote: Counting objects:  22% (72/324)        
2021-05-27T20:55:29.9280743Z remote: Counting objects:  23% (75/324)        
2021-05-27T20:55:29.9281641Z remote: Counting objects:  24% (78/324)        
2021-05-27T20:55:29.9282183Z remote: Counting objects:  25% (81/324)        
2021-05-27T20:55:29.9282851Z remote: Counting objects:  26% (85/324)        
2021-05-27T20:55:29.9283498Z remote: Counting objects:  27% (88/324)        
2021-05-27T20:55:29.9284153Z remote: Counting objects:  28% (91/324)        
2021-05-27T20:55:29.9284820Z remote: Counting objects:  29% (94/324)        
2021-05-27T20:55:29.9285462Z remote: Counting objects:  30% (98/324)        
2021-05-27T20:55:29.9286122Z remote: Counting objects:  31% (101/324)        
2021-05-27T20:55:29.9286788Z remote: Counting objects:  32% (104/324)        
2021-05-27T20:55:29.9287454Z remote: Counting objects:  33% (107/324)        
2021-05-27T20:55:29.9288119Z remote: Counting objects:  34% (111/324)        
2021-05-27T20:55:29.9288765Z remote: Counting objects:  35% (114/324)        
2021-05-27T20:55:29.9289571Z remote: Counting objects:  36% (117/324)        
2021-05-27T20:55:29.9290229Z remote: Counting objects:  37% (120/324)        
2021-05-27T20:55:29.9290878Z remote: Counting objects:  38% (124/324)        
2021-05-27T20:55:29.9291547Z remote: Counting objects:  39% (127/324)        
2021-05-27T20:55:29.9292187Z remote: Counting objects:  40% (130/324)        
2021-05-27T20:55:29.9292847Z remote: Counting objects:  41% (133/324)        
2021-05-27T20:55:29.9293500Z remote: Counting objects:  42% (137/324)        
2021-05-27T20:55:29.9298632Z remote: Counting objects:  43% (140/324)        
2021-05-27T20:55:29.9299333Z remote: Counting objects:  44% (143/324)        
2021-05-27T20:55:29.9300138Z remote: Counting objects:  45% (146/324)        
2021-05-27T20:55:29.9300789Z remote: Counting objects:  46% (150/324)        
2021-05-27T20:55:29.9301451Z remote: Counting objects:  47% (153/324)        
2021-05-27T20:55:29.9302097Z remote: Counting objects:  48% (156/324)        
2021-05-27T20:55:29.9302770Z remote: Counting objects:  49% (159/324)        
2021-05-27T20:55:29.9303427Z remote: Counting objects:  50% (162/324)        
2021-05-27T20:55:29.9304072Z remote: Counting objects:  51% (166/324)        
2021-05-27T20:55:29.9304728Z remote: Counting objects:  52% (169/324)        
2021-05-27T20:55:29.9305376Z remote: Counting objects:  53% (172/324)        
2021-05-27T20:55:29.9306031Z remote: Counting objects:  54% (175/324)        
2021-05-27T20:55:29.9306692Z remote: Counting objects:  55% (179/324)        
2021-05-27T20:55:29.9307345Z remote: Counting objects:  56% (182/324)        
2021-05-27T20:55:29.9308002Z remote: Counting objects:  57% (185/324)        
2021-05-27T20:55:29.9308759Z remote: Counting objects:  58% (188/324)        
2021-05-27T20:55:29.9309442Z remote: Counting objects:  59% (192/324)        
2021-05-27T20:55:29.9310106Z remote: Counting objects:  60% (195/324)        
2021-05-27T20:55:29.9310746Z remote: Counting objects:  61% (198/324)        
2021-05-27T20:55:29.9311414Z remote: Counting objects:  62% (201/324)        
2021-05-27T20:55:29.9312069Z remote: Counting objects:  63% (205/324)        
2021-05-27T20:55:29.9312711Z remote: Counting objects:  64% (208/324)        
2021-05-27T20:55:29.9313376Z remote: Counting objects:  65% (211/324)        
2021-05-27T20:55:29.9314020Z remote: Counting objects:  66% (214/324)        
2021-05-27T20:55:29.9314809Z remote: Counting objects:  67% (218/324)        
2021-05-27T20:55:29.9315477Z remote: Counting objects:  68% (221/324)        
2021-05-27T20:55:29.9316127Z remote: Counting objects:  69% (224/324)        
2021-05-27T20:55:29.9316791Z remote: Counting objects:  70% (227/324)        
2021-05-27T20:55:29.9317454Z remote: Counting objects:  71% (231/324)        
2021-05-27T20:55:29.9318101Z remote: Counting objects:  72% (234/324)        
2021-05-27T20:55:29.9318756Z remote: Counting objects:  73% (237/324)        
2021-05-27T20:55:29.9319415Z remote: Counting objects:  74% (240/324)        
2021-05-27T20:55:29.9320064Z remote: Counting objects:  75% (243/324)        
2021-05-27T20:55:29.9320925Z remote: Counting objects:  76% (247/324)        
2021-05-27T20:55:29.9321574Z remote: Counting objects:  77% (250/324)        
2021-05-27T20:55:29.9322236Z remote: Counting objects:  78% (253/324)        
2021-05-27T20:55:29.9322897Z remote: Counting objects:  79% (256/324)        
2021-05-27T20:55:29.9323546Z remote: Counting objects:  80% (260/324)        
2021-05-27T20:55:29.9324202Z remote: Counting objects:  81% (263/324)        
2021-05-27T20:55:29.9324840Z remote: Counting objects:  82% (266/324)        
2021-05-27T20:55:29.9325501Z remote: Counting objects:  83% (269/324)        
2021-05-27T20:55:29.9326170Z remote: Counting objects:  84% (273/324)        
2021-05-27T20:55:29.9326820Z remote: Counting objects:  85% (276/324)        
2021-05-27T20:55:29.9327479Z remote: Counting objects:  86% (279/324)        
2021-05-27T20:55:29.9328118Z remote: Counting objects:  87% (282/324)        
2021-05-27T20:55:29.9328777Z remote: Counting objects:  88% (286/324)        
2021-05-27T20:55:29.9329574Z remote: Counting objects:  89% (289/324)        
2021-05-27T20:55:29.9330218Z remote: Counting objects:  90% (292/324)        
2021-05-27T20:55:29.9330873Z remote: Counting objects:  91% (295/324)        
2021-05-27T20:55:29.9331527Z remote: Counting objects:  92% (299/324)        
2021-05-27T20:55:29.9332172Z remote: Counting objects:  93% (302/324)        
2021-05-27T20:55:29.9332831Z remote: Counting objects:  94% (305/324)        
2021-05-27T20:55:29.9333473Z remote: Counting objects:  95% (308/324)        
2021-05-27T20:55:29.9334136Z remote: Counting objects:  96% (312/324)        
2021-05-27T20:55:29.9334802Z remote: Counting objects:  97% (315/324)        
2021-05-27T20:55:29.9335455Z remote: Counting objects:  98% (318/324)        
2021-05-27T20:55:29.9336121Z remote: Counting objects:  99% (321/324)        
2021-05-27T20:55:29.9336769Z remote: Counting objects: 100% (324/324)        
2021-05-27T20:55:29.9337446Z remote: Counting objects: 100% (324/324), done.        
2021-05-27T20:55:29.9338150Z remote: Compressing objects:   0% (1/177)        
2021-05-27T20:55:29.9338836Z remote: Compressing objects:   1% (2/177)        
2021-05-27T20:55:29.9339543Z remote: Compressing objects:   2% (4/177)        
2021-05-27T20:55:29.9340221Z remote: Compressing objects:   3% (6/177)        
2021-05-27T20:55:29.9341189Z remote: Compressing objects:   4% (8/177)        
2021-05-27T20:55:29.9341918Z remote: Compressing objects:   5% (9/177)        
2021-05-27T20:55:29.9377224Z remote: Compressing objects:   6% (11/177)        
2021-05-27T20:55:29.9457399Z remote: Compressing objects:   7% (13/177)        
2021-05-27T20:55:29.9458391Z remote: Compressing objects:   8% (15/177)        
2021-05-27T20:55:29.9459140Z remote: Compressing objects:   9% (16/177)        
2021-05-27T20:55:29.9459840Z remote: Compressing objects:  10% (18/177)        
2021-05-27T20:55:29.9460550Z remote: Compressing objects:  11% (20/177)        
2021-05-27T20:55:29.9461395Z remote: Compressing objects:  12% (22/177)        
2021-05-27T20:55:29.9462121Z remote: Compressing objects:  13% (24/177)        
2021-05-27T20:55:29.9462831Z remote: Compressing objects:  14% (25/177)        
2021-05-27T20:55:29.9463515Z remote: Compressing objects:  15% (27/177)        
2021-05-27T20:55:29.9464220Z remote: Compressing objects:  16% (29/177)        
2021-05-27T20:55:29.9464917Z remote: Compressing objects:  17% (31/177)        
2021-05-27T20:55:29.9465601Z remote: Compressing objects:  18% (32/177)        
2021-05-27T20:55:29.9466297Z remote: Compressing objects:  19% (34/177)        
2021-05-27T20:55:29.9466980Z remote: Compressing objects:  20% (36/177)        
2021-05-27T20:55:29.9467687Z remote: Compressing objects:  21% (38/177)        
2021-05-27T20:55:29.9468384Z remote: Compressing objects:  22% (39/177)        
2021-05-27T20:55:29.9469071Z remote: Compressing objects:  23% (41/177)        
2021-05-27T20:55:29.9469762Z remote: Compressing objects:  24% (43/177)        
2021-05-27T20:55:29.9470449Z remote: Compressing objects:  25% (45/177)        
2021-05-27T20:55:29.9471157Z remote: Compressing objects:  26% (47/177)        
2021-05-27T20:55:29.9471856Z remote: Compressing objects:  27% (48/177)        
2021-05-27T20:55:29.9472538Z remote: Compressing objects:  28% (50/177)        
2021-05-27T20:55:29.9473236Z remote: Compressing objects:  29% (52/177)        
2021-05-27T20:55:29.9473941Z remote: Compressing objects:  30% (54/177)        
2021-05-27T20:55:29.9474629Z remote: Compressing objects:  31% (55/177)        
2021-05-27T20:55:29.9475323Z remote: Compressing objects:  32% (57/177)        
2021-05-27T20:55:29.9476006Z remote: Compressing objects:  33% (59/177)        
2021-05-27T20:55:29.9476705Z remote: Compressing objects:  34% (61/177)        
2021-05-27T20:55:29.9477406Z remote: Compressing objects:  35% (62/177)        
2021-05-27T20:55:29.9478091Z remote: Compressing objects:  36% (64/177)        
2021-05-27T20:55:29.9478781Z remote: Compressing objects:  37% (66/177)        
2021-05-27T20:55:29.9479588Z remote: Compressing objects:  38% (68/177)        
2021-05-27T20:55:29.9480500Z remote: Compressing objects:  39% (70/177)        
2021-05-27T20:55:29.9481223Z remote: Compressing objects:  40% (71/177)        
2021-05-27T20:55:29.9481914Z remote: Compressing objects:  41% (73/177)        
2021-05-27T20:55:29.9482616Z remote: Compressing objects:  42% (75/177)        
2021-05-27T20:55:29.9483311Z remote: Compressing objects:  43% (77/177)        
2021-05-27T20:55:29.9484002Z remote: Compressing objects:  44% (78/177)        
2021-05-27T20:55:29.9484705Z remote: Compressing objects:  45% (80/177)        
2021-05-27T20:55:29.9485393Z remote: Compressing objects:  46% (82/177)        
2021-05-27T20:55:29.9486100Z remote: Compressing objects:  47% (84/177)        
2021-05-27T20:55:29.9486795Z remote: Compressing objects:  48% (85/177)        
2021-05-27T20:55:29.9487475Z remote: Compressing objects:  49% (87/177)        
2021-05-27T20:55:29.9488177Z remote: Compressing objects:  50% (89/177)        
2021-05-27T20:55:29.9488871Z remote: Compressing objects:  51% (91/177)        
2021-05-27T20:55:29.9489563Z remote: Compressing objects:  52% (93/177)        
2021-05-27T20:55:29.9490258Z remote: Compressing objects:  53% (94/177)        
2021-05-27T20:55:29.9490935Z remote: Compressing objects:  54% (96/177)        
2021-05-27T20:55:29.9491632Z remote: Compressing objects:  55% (98/177)        
2021-05-27T20:55:29.9492318Z remote: Compressing objects:  56% (100/177)        
2021-05-27T20:55:29.9493019Z remote: Compressing objects:  57% (101/177)        
2021-05-27T20:55:29.9493715Z remote: Compressing objects:  58% (103/177)        
2021-05-27T20:55:29.9494492Z remote: Compressing objects:  59% (105/177)        
2021-05-27T20:55:29.9495213Z remote: Compressing objects:  60% (107/177)        
2021-05-27T20:55:29.9495906Z remote: Compressing objects:  61% (108/177)        
2021-05-27T20:55:29.9496590Z remote: Compressing objects:  62% (110/177)        
2021-05-27T20:55:29.9497286Z remote: Compressing objects:  63% (112/177)        
2021-05-27T20:55:29.9497974Z remote: Compressing objects:  64% (114/177)        
2021-05-27T20:55:29.9498676Z remote: Compressing objects:  65% (116/177)        
2021-05-27T20:55:29.9499369Z remote: Compressing objects:  66% (117/177)        
2021-05-27T20:55:29.9500047Z remote: Compressing objects:  67% (119/177)        
2021-05-27T20:55:29.9500743Z remote: Compressing objects:  68% (121/177)        
2021-05-27T20:55:29.9501424Z remote: Compressing objects:  69% (123/177)        
2021-05-27T20:55:29.9502129Z remote: Compressing objects:  70% (124/177)        
2021-05-27T20:55:29.9502825Z remote: Compressing objects:  71% (126/177)        
2021-05-27T20:55:29.9503514Z remote: Compressing objects:  72% (128/177)        
2021-05-27T20:55:29.9504209Z remote: Compressing objects:  73% (130/177)        
2021-05-27T20:55:29.9504903Z remote: Compressing objects:  74% (131/177)        
2021-05-27T20:55:29.9505592Z remote: Compressing objects:  75% (133/177)        
2021-05-27T20:55:29.9506289Z remote: Compressing objects:  76% (135/177)        
2021-05-27T20:55:29.9506976Z remote: Compressing objects:  77% (137/177)        
2021-05-27T20:55:29.9507676Z remote: Compressing objects:  78% (139/177)        
2021-05-27T20:55:29.9508375Z remote: Compressing objects:  79% (140/177)        
2021-05-27T20:55:29.9509064Z remote: Compressing objects:  80% (142/177)        
2021-05-27T20:55:29.9509756Z remote: Compressing objects:  81% (144/177)        
2021-05-27T20:55:29.9510442Z remote: Compressing objects:  82% (146/177)        
2021-05-27T20:55:29.9511135Z remote: Compressing objects:  83% (147/177)        
2021-05-27T20:55:29.9511833Z remote: Compressing objects:  84% (149/177)        
2021-05-27T20:55:29.9512526Z remote: Compressing objects:  85% (151/177)        
2021-05-27T20:55:29.9513218Z remote: Compressing objects:  86% (153/177)        
2021-05-27T20:55:29.9513903Z remote: Compressing objects:  87% (154/177)        
2021-05-27T20:55:29.9514599Z remote: Compressing objects:  88% (156/177)        
2021-05-27T20:55:29.9515400Z remote: Compressing objects:  89% (158/177)        
2021-05-27T20:55:29.9516083Z remote: Compressing objects:  90% (160/177)        
2021-05-27T20:55:29.9516775Z remote: Compressing objects:  91% (162/177)        
2021-05-27T20:55:29.9517474Z remote: Compressing objects:  92% (163/177)        
2021-05-27T20:55:29.9518185Z remote: Compressing objects:  93% (165/177)        
2021-05-27T20:55:29.9518868Z remote: Compressing objects:  94% (167/177)        
2021-05-27T20:55:29.9519560Z remote: Compressing objects:  95% (169/177)        
2021-05-27T20:55:29.9520382Z remote: Compressing objects:  96% (170/177)        
2021-05-27T20:55:29.9521088Z remote: Compressing objects:  97% (172/177)        
2021-05-27T20:55:29.9521788Z remote: Compressing objects:  98% (174/177)        
2021-05-27T20:55:29.9522470Z remote: Compressing objects:  99% (176/177)        
2021-05-27T20:55:29.9523166Z remote: Compressing objects: 100% (177/177)        
2021-05-27T20:55:29.9523878Z remote: Compressing objects: 100% (177/177), done.        
2021-05-27T20:55:29.9524547Z Receiving objects:   0% (1/324)
2021-05-27T20:55:29.9525163Z Receiving objects:   1% (4/324)
2021-05-27T20:55:29.9525759Z Receiving objects:   2% (7/324)
2021-05-27T20:55:29.9526365Z Receiving objects:   3% (10/324)
2021-05-27T20:55:29.9526972Z Receiving objects:   4% (13/324)
2021-05-27T20:55:29.9527563Z Receiving objects:   5% (17/324)
2021-05-27T20:55:29.9528170Z Receiving objects:   6% (20/324)
2021-05-27T20:55:29.9528763Z Receiving objects:   7% (23/324)
2021-05-27T20:55:29.9529369Z Receiving objects:   8% (26/324)
2021-05-27T20:55:29.9529973Z Receiving objects:   9% (30/324)
2021-05-27T20:55:29.9530564Z Receiving objects:  10% (33/324)
2021-05-27T20:55:29.9531257Z Receiving objects:  11% (36/324)
2021-05-27T20:55:29.9531867Z Receiving objects:  12% (39/324)
2021-05-27T20:55:29.9532474Z Receiving objects:  13% (43/324)
2021-05-27T20:55:29.9533085Z Receiving objects:  14% (46/324)
2021-05-27T20:55:29.9533673Z Receiving objects:  15% (49/324)
2021-05-27T20:55:29.9534287Z Receiving objects:  16% (52/324)
2021-05-27T20:55:29.9534887Z Receiving objects:  17% (56/324)
2021-05-27T20:55:29.9535498Z Receiving objects:  18% (59/324)
2021-05-27T20:55:29.9536395Z Receiving objects:  19% (62/324)
2021-05-27T20:55:29.9560930Z Receiving objects:  20% (65/324)
2021-05-27T20:55:29.9561616Z Receiving objects:  21% (69/324)
2021-05-27T20:55:29.9562238Z Receiving objects:  22% (72/324)
2021-05-27T20:55:29.9563173Z Receiving objects:  23% (75/324)
2021-05-27T20:55:29.9563814Z Receiving objects:  24% (78/324)
2021-05-27T20:55:29.9564467Z Receiving objects:  25% (81/324)
2021-05-27T20:55:29.9565107Z Receiving objects:  26% (85/324)
2021-05-27T20:55:29.9565742Z Receiving objects:  27% (88/324)
2021-05-27T20:55:29.9566375Z Receiving objects:  28% (91/324)
2021-05-27T20:55:29.9567005Z Receiving objects:  29% (94/324)
2021-05-27T20:55:29.9567621Z Receiving objects:  30% (98/324)
2021-05-27T20:55:29.9568261Z Receiving objects:  31% (101/324)
2021-05-27T20:55:29.9568894Z Receiving objects:  32% (104/324)
2021-05-27T20:55:29.9569521Z Receiving objects:  33% (107/324)
2021-05-27T20:55:29.9570143Z Receiving objects:  34% (111/324)
2021-05-27T20:55:29.9570775Z Receiving objects:  35% (114/324)
2021-05-27T20:55:29.9571406Z Receiving objects:  36% (117/324)
2021-05-27T20:55:29.9572020Z Receiving objects:  37% (120/324)
2021-05-27T20:55:29.9572649Z Receiving objects:  38% (124/324)
2021-05-27T20:55:29.9573268Z Receiving objects:  39% (127/324)
2021-05-27T20:55:29.9573895Z Receiving objects:  40% (130/324)
2021-05-27T20:55:29.9574532Z Receiving objects:  41% (133/324)
2021-05-27T20:55:29.9575143Z Receiving objects:  42% (137/324)
2021-05-27T20:55:29.9575774Z Receiving objects:  43% (140/324)
2021-05-27T20:55:29.9576394Z Receiving objects:  44% (143/324)
2021-05-27T20:55:29.9577025Z Receiving objects:  45% (146/324)
2021-05-27T20:55:29.9577658Z Receiving objects:  46% (150/324)
2021-05-27T20:55:29.9578276Z Receiving objects:  47% (153/324)
2021-05-27T20:55:29.9578902Z Receiving objects:  48% (156/324)
2021-05-27T20:55:29.9579678Z Receiving objects:  49% (159/324)
2021-05-27T20:55:29.9580308Z Receiving objects:  50% (162/324)
2021-05-27T20:55:29.9580942Z Receiving objects:  51% (166/324)
2021-05-27T20:55:29.9581565Z Receiving objects:  52% (169/324)
2021-05-27T20:55:29.9582192Z Receiving objects:  53% (172/324)
2021-05-27T20:55:29.9582817Z Receiving objects:  54% (175/324)
2021-05-27T20:55:29.9583443Z Receiving objects:  55% (179/324)
2021-05-27T20:55:29.9584061Z Receiving objects:  56% (182/324)
2021-05-27T20:55:29.9584798Z Receiving objects:  57% (185/324)
2021-05-27T20:55:29.9587895Z Receiving objects:  58% (188/324)
2021-05-27T20:55:29.9588410Z Receiving objects:  59% (192/324)
2021-05-27T20:55:29.9588913Z Receiving objects:  60% (195/324)
2021-05-27T20:55:29.9589412Z Receiving objects:  61% (198/324)
2021-05-27T20:55:29.9589906Z Receiving objects:  62% (201/324)
2021-05-27T20:55:29.9590406Z Receiving objects:  63% (205/324)
2021-05-27T20:55:29.9590889Z Receiving objects:  64% (208/324)
2021-05-27T20:55:29.9592691Z Receiving objects:  65% (211/324)
2021-05-27T20:55:29.9593246Z Receiving objects:  66% (214/324)
2021-05-27T20:55:29.9593869Z Receiving objects:  67% (218/324)
2021-05-27T20:55:29.9594389Z Receiving objects:  68% (221/324)
2021-05-27T20:55:29.9594887Z Receiving objects:  69% (224/324)
2021-05-27T20:55:29.9595388Z Receiving objects:  70% (227/324)
2021-05-27T20:55:29.9595876Z Receiving objects:  71% (231/324)
2021-05-27T20:55:29.9596379Z Receiving objects:  72% (234/324)
2021-05-27T20:55:29.9596870Z Receiving objects:  73% (237/324)
2021-05-27T20:55:29.9597366Z Receiving objects:  74% (240/324)
2021-05-27T20:55:29.9597853Z Receiving objects:  75% (243/324)
2021-05-27T20:55:29.9598453Z Receiving objects:  76% (247/324)
2021-05-27T20:55:29.9598952Z Receiving objects:  77% (250/324)
2021-05-27T20:55:29.9599460Z Receiving objects:  78% (253/324)
2021-05-27T20:55:29.9599947Z Receiving objects:  79% (256/324)
2021-05-27T20:55:29.9600634Z Receiving objects:  80% (260/324)
2021-05-27T20:55:29.9601137Z Receiving objects:  81% (263/324)
2021-05-27T20:55:29.9601638Z Receiving objects:  82% (266/324)
2021-05-27T20:55:29.9602139Z Receiving objects:  83% (269/324)
2021-05-27T20:55:29.9602623Z Receiving objects:  84% (273/324)
2021-05-27T20:55:29.9603122Z Receiving objects:  85% (276/324)
2021-05-27T20:55:29.9603611Z Receiving objects:  86% (279/324)
2021-05-27T20:55:29.9604108Z Receiving objects:  87% (282/324)
2021-05-27T20:55:29.9605190Z remote: Total 324 (delta 164), reused 251 (delta 113), pack-reused 0        
2021-05-27T20:55:29.9605800Z Receiving objects:  88% (286/324)
2021-05-27T20:55:29.9606288Z Receiving objects:  89% (289/324)
2021-05-27T20:55:29.9606790Z Receiving objects:  90% (292/324)
2021-05-27T20:55:29.9607285Z Receiving objects:  91% (295/324)
2021-05-27T20:55:29.9607789Z Receiving objects:  92% (299/324)
2021-05-27T20:55:29.9608286Z Receiving objects:  93% (302/324)
2021-05-27T20:55:29.9608771Z Receiving objects:  94% (305/324)
2021-05-27T20:55:29.9609266Z Receiving objects:  95% (308/324)
2021-05-27T20:55:29.9609760Z Receiving objects:  96% (312/324)
2021-05-27T20:55:29.9610258Z Receiving objects:  97% (315/324)
2021-05-27T20:55:29.9610749Z Receiving objects:  98% (318/324)
2021-05-27T20:55:29.9611247Z Receiving objects:  99% (321/324)
2021-05-27T20:55:29.9611732Z Receiving objects: 100% (324/324)
2021-05-27T20:55:29.9612291Z Receiving objects: 100% (324/324), 88.57 KiB | 17.71 MiB/s, done.
2021-05-27T20:55:29.9612829Z Resolving deltas:   0% (0/164)
2021-05-27T20:55:29.9613326Z Resolving deltas:   1% (2/164)
2021-05-27T20:55:29.9613811Z Resolving deltas:   2% (4/164)
2021-05-27T20:55:29.9614284Z Resolving deltas:   3% (5/164)
2021-05-27T20:55:29.9614771Z Resolving deltas:   4% (7/164)
2021-05-27T20:55:29.9615253Z Resolving deltas:   5% (9/164)
2021-05-27T20:55:29.9615750Z Resolving deltas:   6% (10/164)
2021-05-27T20:55:29.9616226Z Resolving deltas:   7% (12/164)
2021-05-27T20:55:29.9616714Z Resolving deltas:   8% (14/164)
2021-05-27T20:55:29.9617191Z Resolving deltas:   9% (15/164)
2021-05-27T20:55:29.9617791Z Resolving deltas:  10% (17/164)
2021-05-27T20:55:29.9618274Z Resolving deltas:  11% (19/164)
2021-05-27T20:55:29.9618765Z Resolving deltas:  12% (20/164)
2021-05-27T20:55:29.9619239Z Resolving deltas:  13% (22/164)
2021-05-27T20:55:29.9619727Z Resolving deltas:  14% (23/164)
2021-05-27T20:55:29.9620219Z Resolving deltas:  15% (25/164)
2021-05-27T20:55:29.9620700Z Resolving deltas:  16% (27/164)
2021-05-27T20:55:29.9621188Z Resolving deltas:  17% (28/164)
2021-05-27T20:55:29.9621662Z Resolving deltas:  18% (30/164)
2021-05-27T20:55:29.9622153Z Resolving deltas:  19% (32/164)
2021-05-27T20:55:29.9622630Z Resolving deltas:  20% (33/164)
2021-05-27T20:55:29.9623130Z Resolving deltas:  21% (35/164)
2021-05-27T20:55:29.9623611Z Resolving deltas:  22% (37/164)
2021-05-27T20:55:29.9624097Z Resolving deltas:  23% (38/164)
2021-05-27T20:55:29.9624569Z Resolving deltas:  24% (40/164)
2021-05-27T20:55:29.9625059Z Resolving deltas:  25% (41/164)
2021-05-27T20:55:29.9625545Z Resolving deltas:  26% (43/164)
2021-05-27T20:55:29.9626036Z Resolving deltas:  27% (45/164)
2021-05-27T20:55:29.9626519Z Resolving deltas:  28% (46/164)
2021-05-27T20:55:29.9626992Z Resolving deltas:  29% (48/164)
2021-05-27T20:55:29.9627478Z Resolving deltas:  30% (50/164)
2021-05-27T20:55:29.9627950Z Resolving deltas:  31% (51/164)
2021-05-27T20:55:29.9628439Z Resolving deltas:  32% (53/164)
2021-05-27T20:55:29.9628911Z Resolving deltas:  33% (55/164)
2021-05-27T20:55:29.9629394Z Resolving deltas:  34% (56/164)
2021-05-27T20:55:29.9629870Z Resolving deltas:  35% (58/164)
2021-05-27T20:55:29.9630353Z Resolving deltas:  36% (60/164)
2021-05-27T20:55:29.9630829Z Resolving deltas:  37% (61/164)
2021-05-27T20:55:29.9631391Z Resolving deltas:  38% (63/164)
2021-05-27T20:55:29.9631883Z Resolving deltas:  39% (64/164)
2021-05-27T20:55:29.9632360Z Resolving deltas:  40% (66/164)
2021-05-27T20:55:29.9632845Z Resolving deltas:  41% (68/164)
2021-05-27T20:55:29.9633324Z Resolving deltas:  42% (69/164)
2021-05-27T20:55:29.9633815Z Resolving deltas:  43% (71/164)
2021-05-27T20:55:29.9634286Z Resolving deltas:  44% (73/164)
2021-05-27T20:55:29.9634772Z Resolving deltas:  45% (74/164)
2021-05-27T20:55:29.9635248Z Resolving deltas:  46% (76/164)
2021-05-27T20:55:29.9635734Z Resolving deltas:  47% (78/164)
2021-05-27T20:55:29.9636209Z Resolving deltas:  48% (79/164)
2021-05-27T20:55:29.9636693Z Resolving deltas:  49% (81/164)
2021-05-27T20:55:29.9637180Z Resolving deltas:  50% (82/164)
2021-05-27T20:55:29.9637655Z Resolving deltas:  51% (84/164)
2021-05-27T20:55:29.9638141Z Resolving deltas:  52% (86/164)
2021-05-27T20:55:29.9638620Z Resolving deltas:  53% (87/164)
2021-05-27T20:55:29.9639102Z Resolving deltas:  54% (89/164)
2021-05-27T20:55:29.9639578Z Resolving deltas:  55% (91/164)
2021-05-27T20:55:29.9640068Z Resolving deltas:  56% (92/164)
2021-05-27T20:55:29.9640694Z Resolving deltas:  57% (94/164)
2021-05-27T20:55:29.9641187Z Resolving deltas:  58% (96/164)
2021-05-27T20:55:29.9641659Z Resolving deltas:  59% (97/164)
2021-05-27T20:55:29.9642155Z Resolving deltas:  60% (99/164)
2021-05-27T20:55:29.9642639Z Resolving deltas:  61% (101/164)
2021-05-27T20:55:29.9643131Z Resolving deltas:  62% (102/164)
2021-05-27T20:55:29.9643629Z Resolving deltas:  63% (104/164)
2021-05-27T20:55:29.9644107Z Resolving deltas:  64% (105/164)
2021-05-27T20:55:29.9644595Z Resolving deltas:  65% (107/164)
2021-05-27T20:55:29.9645076Z Resolving deltas:  66% (109/164)
2021-05-27T20:55:29.9645566Z Resolving deltas:  67% (110/164)
2021-05-27T20:55:29.9646047Z Resolving deltas:  68% (112/164)
2021-05-27T20:55:29.9646537Z Resolving deltas:  69% (114/164)
2021-05-27T20:55:29.9647012Z Resolving deltas:  70% (115/164)
2021-05-27T20:55:29.9647508Z Resolving deltas:  71% (117/164)
2021-05-27T20:55:29.9647987Z Resolving deltas:  72% (119/164)
2021-05-27T20:55:29.9648477Z Resolving deltas:  73% (120/164)
2021-05-27T20:55:29.9649034Z Resolving deltas:  74% (122/164)
2021-05-27T20:55:29.9649602Z Resolving deltas:  75% (123/164)
2021-05-27T20:55:29.9650208Z Resolving deltas:  76% (125/164)
2021-05-27T20:55:29.9650866Z Resolving deltas:  77% (127/164)
2021-05-27T20:55:29.9651402Z Resolving deltas:  78% (128/164)
2021-05-27T20:55:29.9651979Z Resolving deltas:  79% (130/164)
2021-05-27T20:55:29.9652494Z Resolving deltas:  80% (132/164)
2021-05-27T20:55:29.9653079Z Resolving deltas:  81% (133/164)
2021-05-27T20:55:29.9653603Z Resolving deltas:  82% (135/164)
2021-05-27T20:55:29.9654176Z Resolving deltas:  83% (137/164)
2021-05-27T20:55:29.9654707Z Resolving deltas:  84% (138/164)
2021-05-27T20:55:29.9655273Z Resolving deltas:  85% (140/164)
2021-05-27T20:55:29.9655806Z Resolving deltas:  86% (142/164)
2021-05-27T20:55:29.9656392Z Resolving deltas:  87% (143/164)
2021-05-27T20:55:29.9656930Z Resolving deltas:  88% (145/164)
2021-05-27T20:55:29.9657506Z Resolving deltas:  89% (146/164)
2021-05-27T20:55:29.9658067Z Resolving deltas:  90% (148/164)
2021-05-27T20:55:29.9658585Z Resolving deltas:  91% (150/164)
2021-05-27T20:55:29.9659166Z Resolving deltas:  92% (151/164)
2021-05-27T20:55:29.9659752Z Resolving deltas:  93% (153/164)
2021-05-27T20:55:29.9660326Z Resolving deltas:  94% (155/164)
2021-05-27T20:55:29.9660845Z Resolving deltas:  95% (156/164)
2021-05-27T20:55:29.9661409Z Resolving deltas:  96% (158/164)
2021-05-27T20:55:29.9661939Z Resolving deltas:  97% (160/164)
2021-05-27T20:55:29.9662518Z Resolving deltas:  98% (161/164)
2021-05-27T20:55:29.9663046Z Resolving deltas:  99% (163/164)
2021-05-27T20:55:29.9663609Z Resolving deltas: 100% (164/164)
2021-05-27T20:55:29.9664238Z Resolving deltas: 100% (164/164), done.
2021-05-27T20:55:29.9664884Z From https://github.com/con/tinuous
2021-05-27T20:55:29.9665953Z  * [new branch]      dotenv                                   -> origin/dotenv
2021-05-27T20:55:29.9666872Z  * [new branch]      gh-55                                    -> origin/gh-55
2021-05-27T20:55:29.9667743Z  * [new branch]      gh-58                                    -> origin/gh-58
2021-05-27T20:55:29.9668546Z  * [new branch]      master                                   -> origin/master
2021-05-27T20:55:29.9669551Z  * [new branch]      test-appveyor                            -> origin/test-appveyor
2021-05-27T20:55:29.9670387Z  * [new tag]         0.1.0                                    -> 0.1.0
2021-05-27T20:55:29.9671117Z  * [new tag]         0.2.0                                    -> 0.2.0
2021-05-27T20:55:29.9672020Z  * [new ref]         6625a230ee68831186b1615ab0022dcf35bc9f2b -> pull/62/merge
2021-05-27T20:55:29.9672751Z ##[endgroup]
2021-05-27T20:55:29.9673410Z ##[group]Determining the checkout info
2021-05-27T20:55:29.9674023Z ##[endgroup]
2021-05-27T20:55:29.9674583Z ##[group]Checking out the ref
2021-05-27T20:55:29.9675484Z [command]/usr/bin/git checkout --progress --force refs/remotes/pull/62/merge
2021-05-27T20:55:29.9676439Z Note: switching to 'refs/remotes/pull/62/merge'.
2021-05-27T20:55:29.9676872Z 
2021-05-27T20:55:29.9677668Z You are in 'detached HEAD' state. You can look around, make experimental
2021-05-27T20:55:29.9678528Z changes and commit them, and you can discard any commits you make in this
2021-05-27T20:55:29.9679385Z state without impacting any branches by switching back to a branch.
2021-05-27T20:55:29.9679816Z 
2021-05-27T20:55:29.9681980Z If you want to create a new branch to retain commits you create, you may
2021-05-27T20:55:29.9682949Z do so (now or later) by using -c with the switch command. Example:
2021-05-27T20:55:29.9683425Z 
2021-05-27T20:55:29.9684102Z   git switch -c <new-branch-name>
2021-05-27T20:55:29.9684494Z 
2021-05-27T20:55:29.9684961Z Or undo this operation with:
2021-05-27T20:55:29.9685318Z 
2021-05-27T20:55:29.9685852Z   git switch -
2021-05-27T20:55:29.9686168Z 
2021-05-27T20:55:29.9686904Z Turn off this advice by setting config variable advice.detachedHead to false
2021-05-27T20:55:29.9687455Z 
2021-05-27T20:55:29.9688314Z HEAD is now at 6625a23 Merge 523dcf34c8b8f995e59c96d18cf77ec08f1caf93 into 6f1b95cc2f682df77c6a629c9421176235e33d09
2021-05-27T20:55:29.9689299Z ##[endgroup]
2021-05-27T20:55:29.9689984Z [command]/usr/bin/git log -1 --format='%H'
2021-05-27T20:55:29.9691013Z '6625a230ee68831186b1615ab0022dcf35bc9f2b'
2021-05-27T20:55:29.9769654Z ##[group]Run actions/setup-python@v2
2021-05-27T20:55:29.9770290Z with:
2021-05-27T20:55:29.9770761Z   python-version: 3.8
2021-05-27T20:55:29.9771730Z   token: ***
2021-05-27T20:55:29.9772178Z ##[endgroup]
2021-05-27T20:55:30.0289781Z Successfully setup CPython (3.8.10)
2021-05-27T20:55:30.0345113Z ##[group]Run python -m pip install --upgrade pip wheel
2021-05-27T20:55:30.0345932Z [36;1mpython -m pip install --upgrade pip wheel[0m
2021-05-27T20:55:30.0346652Z [36;1mpython -m pip install --upgrade --upgrade-strategy=eager tox[0m
2021-05-27T20:55:30.0394750Z shell: /usr/bin/bash -e {0}
2021-05-27T20:55:30.0395225Z env:
2021-05-27T20:55:30.0395775Z   pythonLocation: /opt/hostedtoolcache/Python/3.8.10/x64
2021-05-27T20:55:30.0396556Z   LD_LIBRARY_PATH: /opt/hostedtoolcache/Python/3.8.10/x64/lib
2021-05-27T20:55:30.0397091Z ##[endgroup]
2021-05-27T20:55:30.5674280Z Requirement already satisfied: pip in /opt/hostedtoolcache/Python/3.8.10/x64/lib/python3.8/site-packages (21.1.2)
2021-05-27T20:55:30.7290673Z Collecting wheel
2021-05-27T20:55:30.7876185Z   Downloading wheel-0.36.2-py2.py3-none-any.whl (35 kB)
2021-05-27T20:55:30.8372885Z Installing collected packages: wheel
2021-05-27T20:55:30.8654222Z Successfully installed wheel-0.36.2
2021-05-27T20:55:31.4721956Z Collecting tox
2021-05-27T20:55:31.5306394Z   Downloading tox-3.23.1-py2.py3-none-any.whl (85 kB)
2021-05-27T20:55:31.5994410Z Collecting pluggy>=0.12.0
2021-05-27T20:55:31.6128003Z   Downloading pluggy-0.13.1-py2.py3-none-any.whl (18 kB)
2021-05-27T20:55:31.6678977Z Collecting py>=1.4.17
2021-05-27T20:55:31.6812721Z   Downloading py-1.10.0-py2.py3-none-any.whl (97 kB)
2021-05-27T20:55:31.7178578Z Collecting filelock>=3.0.0
2021-05-27T20:55:31.7312616Z   Downloading filelock-3.0.12-py3-none-any.whl (7.6 kB)
2021-05-27T20:55:31.7598822Z Collecting six>=1.14.0
2021-05-27T20:55:31.7732519Z   Downloading six-1.16.0-py2.py3-none-any.whl (11 kB)
2021-05-27T20:55:31.8163961Z Collecting packaging>=14
2021-05-27T20:55:31.8299944Z   Downloading packaging-20.9-py2.py3-none-any.whl (40 kB)
2021-05-27T20:55:31.8585457Z Collecting toml>=0.9.4
2021-05-27T20:55:31.8724813Z   Downloading toml-0.10.2-py2.py3-none-any.whl (16 kB)
2021-05-27T20:55:32.0202444Z Collecting virtualenv!=20.0.0,!=20.0.1,!=20.0.2,!=20.0.3,!=20.0.4,!=20.0.5,!=20.0.6,!=20.0.7,>=16.0.0
2021-05-27T20:55:32.0343049Z   Downloading virtualenv-20.4.7-py2.py3-none-any.whl (7.2 MB)
2021-05-27T20:55:32.5456413Z Collecting pyparsing>=2.0.2
2021-05-27T20:55:32.5592321Z   Downloading pyparsing-2.4.7-py2.py3-none-any.whl (67 kB)
2021-05-27T20:55:32.6258986Z Collecting distlib<1,>=0.3.1
2021-05-27T20:55:32.6410772Z   Downloading distlib-0.3.1-py2.py3-none-any.whl (335 kB)
2021-05-27T20:55:32.6772806Z Collecting appdirs<2,>=1.4.3
2021-05-27T20:55:32.6921760Z   Downloading appdirs-1.4.4-py2.py3-none-any.whl (9.6 kB)
2021-05-27T20:55:32.7746012Z Installing collected packages: six, pyparsing, filelock, distlib, appdirs, virtualenv, toml, py, pluggy, packaging, tox
2021-05-27T20:55:33.2784302Z Successfully installed appdirs-1.4.4 distlib-0.3.1 filelock-3.0.12 packaging-20.9 pluggy-0.13.1 py-1.10.0 pyparsing-2.4.7 six-1.16.0 toml-0.10.2 tox-3.23.1 virtualenv-20.4.7
2021-05-27T20:55:33.3621064Z ##[group]Run tox -e lint
2021-05-27T20:55:33.3621548Z [36;1mtox -e lint[0m
2021-05-27T20:55:33.3663664Z shell: /usr/bin/bash -e {0}
2021-05-27T20:55:33.3664044Z env:
2021-05-27T20:55:33.3664586Z   pythonLocation: /opt/hostedtoolcache/Python/3.8.10/x64
2021-05-27T20:55:33.3665307Z   LD_LIBRARY_PATH: /opt/hostedtoolcache/Python/3.8.10/x64/lib
2021-05-27T20:55:33.3665825Z ##[endgroup]
2021-05-27T20:55:33.5843922Z lint create: /home/runner/work/tinuous/tinuous/.tox/lint
2021-05-27T20:55:34.0471535Z lint installdeps: flake8~=3.7, flake8-bugbear, flake8-builtins~=1.4, flake8-import-order-jwodder, flake8-unused-arguments
2021-05-27T20:55:37.6151229Z lint installed: attrs==21.2.0,flake8==3.9.2,flake8-bugbear==21.4.3,flake8-builtins==1.5.3,flake8-import-order==0.18.1,flake8-import-order-jwodder==0.1.0,flake8-unused-arguments==0.0.6,mccabe==0.6.1,pycodestyle==2.7.0,pyflakes==2.3.1
2021-05-27T20:55:37.6177144Z lint run-test-pre: PYTHONHASHSEED='654399308'
2021-05-27T20:55:37.6180258Z lint run-test: commands[0] | flake8 --config=tox.ini src test
2021-05-27T20:55:38.7713916Z ___________________________________ summary ____________________________________
2021-05-27T20:55:38.7722345Z   lint: commands succeeded
2021-05-27T20:55:38.7761592Z   congratulations :)
2021-05-27T20:55:38.8005002Z Post job cleanup.
2021-05-27T20:55:38.8804487Z [command]/usr/bin/git version
2021-05-27T20:55:38.8878584Z git version 2.31.1
2021-05-27T20:55:38.8911245Z [command]/usr/bin/git config --local --name-only --get-regexp core\.sshCommand
2021-05-27T20:55:38.8952771Z [command]/usr/bin/git submodule foreach --recursive git config --local --name-only --get-regexp 'core\.sshCommand' && git config --local --unset-all 'core.sshCommand' || :
2021-05-27T20:55:38.9166345Z [command]/usr/bin/git config --local --name-only --get-regexp http\.https\:\/\/github\.com\/\.extraheader
2021-05-27T20:55:38.9197161Z http.https://github.com/.extraheader
2021-05-27T20:55:38.9204362Z [command]/usr/bin/git config --local --unset-all http.https://github.com/.extraheader
2021-05-27T20:55:38.9238950Z [command]/usr/bin/git submodule foreach --recursive git config --local --name-only --get-regexp 'http\.https\:\/\/github\.com\/\.extraheader' && git config --local --unset-all 'http.https://github.com/.extraheader' || :
2021-05-27T20:55:38.9513771Z Cleaning up orphan processes
