2021-05-27T20:55:19.3200939Z ##[section]Starting: Request a runner to run this job
2021-05-27T20:55:19.7447788Z Can't find any online and idle self-hosted runner in current repository that matches the required labels: 'ubuntu-latest'
2021-05-27T20:55:19.7447895Z Can't find any online and idle self-hosted runner in current repository's account/organization that matches the required labels: 'ubuntu-latest'
2021-05-27T20:55:19.7448136Z Found online and idle hosted runner in current repository's account/organization that matches the required labels: 'ubuntu-latest'
2021-05-27T20:55:19.9234444Z ##[section]Finishing: Request a runner to run this job
2021-05-27T20:55:26.9689692Z Current runner version: '2.278.0'
2021-05-27T20:55:26.9718257Z ##[group]Operating System
2021-05-27T20:55:26.9719176Z Ubuntu
2021-05-27T20:55:26.9719637Z 20.04.2
2021-05-27T20:55:26.9720023Z LTS
2021-05-27T20:55:26.9720521Z ##[endgroup]
2021-05-27T20:55:26.9721025Z ##[group]Virtual Environment
2021-05-27T20:55:26.9721694Z Environment: ubuntu-20.04
2021-05-27T20:55:26.9722199Z Version: 20210524.1
2021-05-27T20:55:26.9723171Z Included Software: https://github.com/actions/virtual-environments/blob/ubuntu20/20210524.1/images/linux/Ubuntu2004-README.md
2021-05-27T20:55:26.9724486Z Image Release: https://github.com/actions/virtual-environments/releases/tag/ubuntu20%2F20210524.1
2021-05-27T20:55:26.9725289Z ##[endgroup]
2021-05-27T20:55:26.9727076Z ##[group]GITHUB_TOKEN Permissions
2021-05-27T20:55:26.9728334Z Actions: write
2021-05-27T20:55:26.9728823Z Checks: write
2021-05-27T20:55:26.9729330Z Contents: write
2021-05-27T20:55:26.9729817Z Deployments: write
2021-05-27T20:55:26.9730453Z Issues: write
2021-05-27T20:55:26.9730971Z Metadata: read
2021-05-27T20:55:26.9731494Z Packages: write
2021-05-27T20:55:26.9731991Z PullRequests: write
2021-05-27T20:55:26.9732630Z RepositoryProjects: write
2021-05-27T20:55:26.9733226Z SecurityEvents: write
2021-05-27T20:55:26.9733799Z Statuses: write
2021-05-27T20:55:26.9734343Z ##[endgroup]
2021-05-27T20:55:26.9737465Z Prepare workflow directory
2021-05-27T20:55:27.0337385Z Prepare all required actions
2021-05-27T20:55:27.0348534Z Getting action download info
2021-05-27T20:55:27.5089108Z Download action repository 'actions/checkout@v2'
2021-05-27T20:55:29.6532795Z Download action repository 'actions/setup-python@v2'
2021-05-27T20:55:29.8277989Z Download action repository 'codecov/codecov-action@v1'
2021-05-27T20:55:30.1556549Z ##[group]Run actions/checkout@v2
2021-05-27T20:55:30.1557474Z with:
2021-05-27T20:55:30.1557879Z   fetch-depth: 0
2021-05-27T20:55:30.1558304Z   repository: con/tinuous
2021-05-27T20:55:30.1559283Z   token: ***
2021-05-27T20:55:30.1559702Z   ssh-strict: true
2021-05-27T20:55:30.1560733Z   persist-credentials: true
2021-05-27T20:55:30.1561227Z   clean: true
2021-05-27T20:55:30.1561618Z   lfs: false
2021-05-27T20:55:30.1562002Z   submodules: false
2021-05-27T20:55:30.1562376Z ##[endgroup]
2021-05-27T20:55:30.9011940Z Syncing repository: con/tinuous
2021-05-27T20:55:30.9061073Z ##[group]Getting Git version info
2021-05-27T20:55:30.9062503Z Working directory is '/home/runner/work/tinuous/tinuous'
2021-05-27T20:55:30.9064248Z [command]/usr/bin/git version
2021-05-27T20:55:30.9064689Z git version 2.31.1
2021-05-27T20:55:30.9067845Z ##[endgroup]
2021-05-27T20:55:30.9068740Z Deleting the contents of '/home/runner/work/tinuous/tinuous'
2021-05-27T20:55:30.9070182Z ##[group]Initializing the repository
2021-05-27T20:55:30.9070917Z [command]/usr/bin/git init /home/runner/work/tinuous/tinuous
2021-05-27T20:55:30.9071937Z hint: Using 'master' as the name for the initial branch. This default branch name
2021-05-27T20:55:30.9072803Z hint: is subject to change. To configure the initial branch name to use in all
2021-05-27T20:55:30.9073682Z hint: of your new repositories, which will suppress this warning, call:
2021-05-27T20:55:30.9074329Z hint: 
2021-05-27T20:55:30.9075109Z hint: 	git config --global init.defaultBranch <name>
2021-05-27T20:55:30.9075735Z hint: 
2021-05-27T20:55:30.9076515Z hint: Names commonly chosen instead of 'master' are 'main', 'trunk' and
2021-05-27T20:55:30.9077559Z hint: 'development'. The just-created branch can be renamed via this command:
2021-05-27T20:55:30.9078240Z hint: 
2021-05-27T20:55:30.9078852Z hint: 	git branch -m <name>
2021-05-27T20:55:30.9079581Z Initialized empty Git repository in /home/runner/work/tinuous/tinuous/.git/
2021-05-27T20:55:30.9080483Z [command]/usr/bin/git remote add origin https://github.com/con/tinuous
2021-05-27T20:55:30.9081208Z ##[endgroup]
2021-05-27T20:55:30.9081836Z ##[group]Disabling automatic garbage collection
2021-05-27T20:55:30.9082695Z [command]/usr/bin/git config --local gc.auto 0
2021-05-27T20:55:30.9083294Z ##[endgroup]
2021-05-27T20:55:30.9085393Z ##[group]Setting up auth
2021-05-27T20:55:30.9086358Z [command]/usr/bin/git config --local --name-only --get-regexp core\.sshCommand
2021-05-27T20:55:30.9087863Z [command]/usr/bin/git submodule foreach --recursive git config --local --name-only --get-regexp 'core\.sshCommand' && git config --local --unset-all 'core.sshCommand' || :
2021-05-27T20:55:30.9089359Z [command]/usr/bin/git config --local --name-only --get-regexp http\.https\:\/\/github\.com\/\.extraheader
2021-05-27T20:55:30.9091221Z [command]/usr/bin/git submodule foreach --recursive git config --local --name-only --get-regexp 'http\.https\:\/\/github\.com\/\.extraheader' && git config --local --unset-all 'http.https://github.com/.extraheader' || :
2021-05-27T20:55:30.9093037Z [command]/usr/bin/git config --local http.https://github.com/.extraheader AUTHORIZATION: basic ***
2021-05-27T20:55:30.9093934Z ##[endgroup]
2021-05-27T20:55:30.9094497Z ##[group]Fetching the repository
2021-05-27T20:55:30.9096502Z [command]/usr/bin/git -c protocol.version=2 fetch --prune --progress --no-recurse-submodules origin +refs/heads/*:refs/remotes/origin/* +refs/tags/*:refs/tags/* +6625a230ee68831186b1615ab0022dcf35bc9f2b:refs/remotes/pull/62/merge
2021-05-27T20:55:30.9097864Z remote: Enumerating objects: 324, done.        
2021-05-27T20:55:30.9098527Z remote: Counting objects:   0% (1/324)        
2021-05-27T20:55:30.9099119Z remote: Counting objects:   1% (4/324)        
2021-05-27T20:55:30.9099728Z remote: Counting objects:   2% (7/324)        
2021-05-27T20:55:30.9100374Z remote: Counting objects:   3% (10/324)        
2021-05-27T20:55:30.9100986Z remote: Counting objects:   4% (13/324)        
2021-05-27T20:55:30.9101770Z remote: Counting objects:   5% (17/324)        
2021-05-27T20:55:30.9102386Z remote: Counting objects:   6% (20/324)        
2021-05-27T20:55:30.9103143Z remote: Counting objects:   7% (23/324)        
2021-05-27T20:55:30.9104017Z remote: Counting objects:   8% (26/324)        
2021-05-27T20:55:30.9104625Z remote: Counting objects:   9% (30/324)        
2021-05-27T20:55:30.9105240Z remote: Counting objects:  10% (33/324)        
2021-05-27T20:55:30.9105826Z remote: Counting objects:  11% (36/324)        
2021-05-27T20:55:30.9106426Z remote: Counting objects:  12% (39/324)        
2021-05-27T20:55:30.9107001Z remote: Counting objects:  13% (43/324)        
2021-05-27T20:55:30.9107602Z remote: Counting objects:  14% (46/324)        
2021-05-27T20:55:30.9108202Z remote: Counting objects:  15% (49/324)        
2021-05-27T20:55:30.9108785Z remote: Counting objects:  16% (52/324)        
2021-05-27T20:55:30.9109378Z remote: Counting objects:  17% (56/324)        
2021-05-27T20:55:30.9109978Z remote: Counting objects:  18% (59/324)        
2021-05-27T20:55:30.9110577Z remote: Counting objects:  19% (62/324)        
2021-05-27T20:55:30.9111178Z remote: Counting objects:  20% (65/324)        
2021-05-27T20:55:30.9111762Z remote: Counting objects:  21% (69/324)        
2021-05-27T20:55:30.9112358Z remote: Counting objects:  22% (72/324)        
2021-05-27T20:55:30.9112968Z remote: Counting objects:  23% (75/324)        
2021-05-27T20:55:30.9113553Z remote: Counting objects:  24% (78/324)        
2021-05-27T20:55:30.9114156Z remote: Counting objects:  25% (81/324)        
2021-05-27T20:55:30.9114734Z remote: Counting objects:  26% (85/324)        
2021-05-27T20:55:30.9115328Z remote: Counting objects:  27% (88/324)        
2021-05-27T20:55:30.9115932Z remote: Counting objects:  28% (91/324)        
2021-05-27T20:55:30.9116516Z remote: Counting objects:  29% (94/324)        
2021-05-27T20:55:30.9117117Z remote: Counting objects:  30% (98/324)        
2021-05-27T20:55:30.9117707Z remote: Counting objects:  31% (101/324)        
2021-05-27T20:55:30.9118327Z remote: Counting objects:  32% (104/324)        
2021-05-27T20:55:30.9118943Z remote: Counting objects:  33% (107/324)        
2021-05-27T20:55:30.9119532Z remote: Counting objects:  34% (111/324)        
2021-05-27T20:55:30.9120179Z remote: Counting objects:  35% (114/324)        
2021-05-27T20:55:30.9120946Z remote: Counting objects:  36% (117/324)        
2021-05-27T20:55:30.9121529Z remote: Counting objects:  37% (120/324)        
2021-05-27T20:55:30.9122134Z remote: Counting objects:  38% (124/324)        
2021-05-27T20:55:30.9122721Z remote: Counting objects:  39% (127/324)        
2021-05-27T20:55:30.9123320Z remote: Counting objects:  40% (130/324)        
2021-05-27T20:55:30.9123924Z remote: Counting objects:  41% (133/324)        
2021-05-27T20:55:30.9124516Z remote: Counting objects:  42% (137/324)        
2021-05-27T20:55:30.9125121Z remote: Counting objects:  43% (140/324)        
2021-05-27T20:55:30.9125709Z remote: Counting objects:  44% (143/324)        
2021-05-27T20:55:30.9126325Z remote: Counting objects:  45% (146/324)        
2021-05-27T20:55:30.9126934Z remote: Counting objects:  46% (150/324)        
2021-05-27T20:55:30.9127524Z remote: Counting objects:  47% (153/324)        
2021-05-27T20:55:30.9128128Z remote: Counting objects:  48% (156/324)        
2021-05-27T20:55:30.9128721Z remote: Counting objects:  49% (159/324)        
2021-05-27T20:55:30.9129321Z remote: Counting objects:  50% (162/324)        
2021-05-27T20:55:30.9129922Z remote: Counting objects:  51% (166/324)        
2021-05-27T20:55:30.9130509Z remote: Counting objects:  52% (169/324)        
2021-05-27T20:55:30.9131118Z remote: Counting objects:  53% (172/324)        
2021-05-27T20:55:30.9131722Z remote: Counting objects:  54% (175/324)        
2021-05-27T20:55:30.9132304Z remote: Counting objects:  55% (179/324)        
2021-05-27T20:55:30.9132910Z remote: Counting objects:  56% (182/324)        
2021-05-27T20:55:30.9133495Z remote: Counting objects:  57% (185/324)        
2021-05-27T20:55:30.9134202Z remote: Counting objects:  58% (188/324)        
2021-05-27T20:55:30.9134831Z remote: Counting objects:  59% (192/324)        
2021-05-27T20:55:30.9135423Z remote: Counting objects:  60% (195/324)        
2021-05-27T20:55:30.9136032Z remote: Counting objects:  61% (198/324)        
2021-05-27T20:55:30.9136815Z remote: Counting objects:  62% (201/324)        
2021-05-27T20:55:30.9137416Z remote: Counting objects:  63% (205/324)        
2021-05-27T20:55:30.9138026Z remote: Counting objects:  64% (208/324)        
2021-05-27T20:55:30.9138636Z remote: Counting objects:  65% (211/324)        
2021-05-27T20:55:30.9139226Z remote: Counting objects:  66% (214/324)        
2021-05-27T20:55:30.9139837Z remote: Counting objects:  67% (218/324)        
2021-05-27T20:55:30.9140434Z remote: Counting objects:  68% (221/324)        
2021-05-27T20:55:30.9141037Z remote: Counting objects:  69% (224/324)        
2021-05-27T20:55:30.9141642Z remote: Counting objects:  70% (227/324)        
2021-05-27T20:55:30.9142234Z remote: Counting objects:  71% (231/324)        
2021-05-27T20:55:30.9143033Z remote: Counting objects:  72% (234/324)        
2021-05-27T20:55:30.9143644Z remote: Counting objects:  73% (237/324)        
2021-05-27T20:55:30.9144252Z remote: Counting objects:  74% (240/324)        
2021-05-27T20:55:30.9144859Z remote: Counting objects:  75% (243/324)        
2021-05-27T20:55:30.9145468Z remote: Counting objects:  76% (247/324)        
2021-05-27T20:55:30.9146081Z remote: Counting objects:  77% (250/324)        
2021-05-27T20:55:30.9146673Z remote: Counting objects:  78% (253/324)        
2021-05-27T20:55:30.9147280Z remote: Counting objects:  79% (256/324)        
2021-05-27T20:55:30.9147890Z remote: Counting objects:  80% (260/324)        
2021-05-27T20:55:30.9148485Z remote: Counting objects:  81% (263/324)        
2021-05-27T20:55:30.9149093Z remote: Counting objects:  82% (266/324)        
2021-05-27T20:55:30.9149703Z remote: Counting objects:  83% (269/324)        
2021-05-27T20:55:30.9150301Z remote: Counting objects:  84% (273/324)        
2021-05-27T20:55:30.9150911Z remote: Counting objects:  85% (276/324)        
2021-05-27T20:55:30.9151499Z remote: Counting objects:  86% (279/324)        
2021-05-27T20:55:30.9152097Z remote: Counting objects:  87% (282/324)        
2021-05-27T20:55:30.9152703Z remote: Counting objects:  88% (286/324)        
2021-05-27T20:55:30.9153443Z remote: Counting objects:  89% (289/324)        
2021-05-27T20:55:30.9154052Z remote: Counting objects:  90% (292/324)        
2021-05-27T20:55:30.9154638Z remote: Counting objects:  91% (295/324)        
2021-05-27T20:55:30.9155239Z remote: Counting objects:  92% (299/324)        
2021-05-27T20:55:30.9155848Z remote: Counting objects:  93% (302/324)        
2021-05-27T20:55:30.9156432Z remote: Counting objects:  94% (305/324)        
2021-05-27T20:55:30.9157043Z remote: Counting objects:  95% (308/324)        
2021-05-27T20:55:30.9157637Z remote: Counting objects:  96% (312/324)        
2021-05-27T20:55:30.9158256Z remote: Counting objects:  97% (315/324)        
2021-05-27T20:55:30.9158858Z remote: Counting objects:  98% (318/324)        
2021-05-27T20:55:30.9159441Z remote: Counting objects:  99% (321/324)        
2021-05-27T20:55:30.9160035Z remote: Counting objects: 100% (324/324)        
2021-05-27T20:55:30.9160648Z remote: Counting objects: 100% (324/324), done.        
2021-05-27T20:55:30.9161314Z remote: Compressing objects:   0% (1/177)        
2021-05-27T20:55:30.9161957Z remote: Compressing objects:   1% (2/177)        
2021-05-27T20:55:30.9162583Z remote: Compressing objects:   2% (4/177)        
2021-05-27T20:55:30.9163222Z remote: Compressing objects:   3% (6/177)        
2021-05-27T20:55:30.9163861Z remote: Compressing objects:   4% (8/177)        
2021-05-27T20:55:30.9164476Z remote: Compressing objects:   5% (9/177)        
2021-05-27T20:55:30.9165128Z remote: Compressing objects:   6% (11/177)        
2021-05-27T20:55:30.9165764Z remote: Compressing objects:   7% (13/177)        
2021-05-27T20:55:30.9166608Z remote: Compressing objects:   8% (15/177)        
2021-05-27T20:55:30.9167284Z remote: Compressing objects:   9% (16/177)        
2021-05-27T20:55:30.9167916Z remote: Compressing objects:  10% (18/177)        
2021-05-27T20:55:30.9168559Z remote: Compressing objects:  11% (20/177)        
2021-05-27T20:55:30.9169189Z remote: Compressing objects:  12% (22/177)        
2021-05-27T20:55:30.9169842Z remote: Compressing objects:  13% (24/177)        
2021-05-27T20:55:30.9170490Z remote: Compressing objects:  14% (25/177)        
2021-05-27T20:55:30.9171117Z remote: Compressing objects:  15% (27/177)        
2021-05-27T20:55:30.9171760Z remote: Compressing objects:  16% (29/177)        
2021-05-27T20:55:30.9172403Z remote: Compressing objects:  17% (31/177)        
2021-05-27T20:55:30.9173042Z remote: Compressing objects:  18% (32/177)        
2021-05-27T20:55:30.9173699Z remote: Compressing objects:  19% (34/177)        
2021-05-27T20:55:30.9174327Z remote: Compressing objects:  20% (36/177)        
2021-05-27T20:55:30.9174971Z remote: Compressing objects:  21% (38/177)        
2021-05-27T20:55:30.9175629Z remote: Compressing objects:  22% (39/177)        
2021-05-27T20:55:30.9176262Z remote: Compressing objects:  23% (41/177)        
2021-05-27T20:55:30.9176918Z remote: Compressing objects:  24% (43/177)        
2021-05-27T20:55:30.9177560Z remote: Compressing objects:  25% (45/177)        
2021-05-27T20:55:30.9178204Z remote: Compressing objects:  26% (47/177)        
2021-05-27T20:55:30.9178850Z remote: Compressing objects:  27% (48/177)        
2021-05-27T20:55:30.9179475Z remote: Compressing objects:  28% (50/177)        
2021-05-27T20:55:30.9180116Z remote: Compressing objects:  29% (52/177)        
2021-05-27T20:55:30.9180745Z remote: Compressing objects:  30% (54/177)        
2021-05-27T20:55:30.9181387Z remote: Compressing objects:  31% (55/177)        
2021-05-27T20:55:30.9182027Z remote: Compressing objects:  32% (57/177)        
2021-05-27T20:55:30.9182657Z remote: Compressing objects:  33% (59/177)        
2021-05-27T20:55:30.9183471Z remote: Compressing objects:  34% (61/177)        
2021-05-27T20:55:30.9184115Z remote: Compressing objects:  35% (62/177)        
2021-05-27T20:55:30.9184738Z remote: Compressing objects:  36% (64/177)        
2021-05-27T20:55:30.9185376Z remote: Compressing objects:  37% (66/177)        
2021-05-27T20:55:30.9186130Z remote: Compressing objects:  38% (68/177)        
2021-05-27T20:55:30.9186785Z remote: Compressing objects:  39% (70/177)        
2021-05-27T20:55:30.9187437Z remote: Compressing objects:  40% (71/177)        
2021-05-27T20:55:30.9188065Z remote: Compressing objects:  41% (73/177)        
2021-05-27T20:55:30.9188708Z remote: Compressing objects:  42% (75/177)        
2021-05-27T20:55:30.9189341Z remote: Compressing objects:  43% (77/177)        
2021-05-27T20:55:30.9189985Z remote: Compressing objects:  44% (78/177)        
2021-05-27T20:55:30.9190623Z remote: Compressing objects:  45% (80/177)        
2021-05-27T20:55:30.9191254Z remote: Compressing objects:  46% (82/177)        
2021-05-27T20:55:30.9191910Z remote: Compressing objects:  47% (84/177)        
2021-05-27T20:55:30.9192554Z remote: Compressing objects:  48% (85/177)        
2021-05-27T20:55:30.9193176Z remote: Compressing objects:  49% (87/177)        
2021-05-27T20:55:30.9193813Z remote: Compressing objects:  50% (89/177)        
2021-05-27T20:55:30.9194445Z remote: Compressing objects:  51% (91/177)        
2021-05-27T20:55:30.9195083Z remote: Compressing objects:  52% (93/177)        
2021-05-27T20:55:30.9195727Z remote: Compressing objects:  53% (94/177)        
2021-05-27T20:55:30.9196357Z remote: Compressing objects:  54% (96/177)        
2021-05-27T20:55:30.9197003Z remote: Compressing objects:  55% (98/177)        
2021-05-27T20:55:30.9197634Z remote: Compressing objects:  56% (100/177)        
2021-05-27T20:55:30.9198299Z remote: Compressing objects:  57% (101/177)        
2021-05-27T20:55:30.9198954Z remote: Compressing objects:  58% (103/177)        
2021-05-27T20:55:30.9199684Z remote: Compressing objects:  59% (105/177)        
2021-05-27T20:55:30.9200368Z remote: Compressing objects:  60% (107/177)        
2021-05-27T20:55:30.9201017Z remote: Compressing objects:  61% (108/177)        
2021-05-27T20:55:30.9201650Z remote: Compressing objects:  62% (110/177)        
2021-05-27T20:55:30.9202299Z remote: Compressing objects:  63% (112/177)        
2021-05-27T20:55:30.9202940Z remote: Compressing objects:  64% (114/177)        
2021-05-27T20:55:30.9203580Z remote: Compressing objects:  65% (116/177)        
2021-05-27T20:55:30.9204229Z remote: Compressing objects:  66% (117/177)        
2021-05-27T20:55:30.9204859Z remote: Compressing objects:  67% (119/177)        
2021-05-27T20:55:30.9205509Z remote: Compressing objects:  68% (121/177)        
2021-05-27T20:55:30.9206138Z remote: Compressing objects:  69% (123/177)        
2021-05-27T20:55:30.9206811Z remote: Compressing objects:  70% (124/177)        
2021-05-27T20:55:30.9207460Z remote: Compressing objects:  71% (126/177)        
2021-05-27T20:55:30.9208091Z remote: Compressing objects:  72% (128/177)        
2021-05-27T20:55:30.9208735Z remote: Compressing objects:  73% (130/177)        
2021-05-27T20:55:30.9209362Z remote: Compressing objects:  74% (131/177)        
2021-05-27T20:55:30.9210002Z remote: Compressing objects:  75% (133/177)        
2021-05-27T20:55:30.9210647Z remote: Compressing objects:  76% (135/177)        
2021-05-27T20:55:30.9211279Z remote: Compressing objects:  77% (137/177)        
2021-05-27T20:55:30.9211926Z remote: Compressing objects:  78% (139/177)        
2021-05-27T20:55:30.9212568Z remote: Compressing objects:  79% (140/177)        
2021-05-27T20:55:30.9213192Z remote: Compressing objects:  80% (142/177)        
2021-05-27T20:55:30.9213844Z remote: Compressing objects:  81% (144/177)        
2021-05-27T20:55:30.9214472Z remote: Compressing objects:  82% (146/177)        
2021-05-27T20:55:30.9215112Z remote: Compressing objects:  83% (147/177)        
2021-05-27T20:55:30.9215762Z remote: Compressing objects:  84% (149/177)        
2021-05-27T20:55:30.9216994Z remote: Compressing objects:  85% (151/177)        
2021-05-27T20:55:30.9217683Z remote: Compressing objects:  86% (153/177)        
2021-05-27T20:55:30.9292686Z remote: Compressing objects:  87% (154/177)        
2021-05-27T20:55:30.9293519Z remote: Compressing objects:  88% (156/177)        
2021-05-27T20:55:30.9294437Z remote: Compressing objects:  89% (158/177)        
2021-05-27T20:55:30.9295292Z remote: Compressing objects:  90% (160/177)        
2021-05-27T20:55:30.9295951Z remote: Compressing objects:  91% (162/177)        
2021-05-27T20:55:30.9296598Z remote: Compressing objects:  92% (163/177)        
2021-05-27T20:55:30.9297252Z remote: Compressing objects:  93% (165/177)        
2021-05-27T20:55:30.9297889Z remote: Compressing objects:  94% (167/177)        
2021-05-27T20:55:30.9298529Z remote: Compressing objects:  95% (169/177)        
2021-05-27T20:55:30.9299158Z remote: Compressing objects:  96% (170/177)        
2021-05-27T20:55:30.9299826Z remote: Compressing objects:  97% (172/177)        
2021-05-27T20:55:30.9300482Z remote: Compressing objects:  98% (174/177)        
2021-05-27T20:55:30.9301108Z remote: Compressing objects:  99% (176/177)        
2021-05-27T20:55:30.9301753Z remote: Compressing objects: 100% (177/177)        
2021-05-27T20:55:30.9302422Z remote: Compressing objects: 100% (177/177), done.        
2021-05-27T20:55:30.9303425Z Receiving objects:   0% (1/324)
2021-05-27T20:55:30.9303991Z Receiving objects:   1% (4/324)
2021-05-27T20:55:30.9304528Z Receiving objects:   2% (7/324)
2021-05-27T20:55:30.9305082Z Receiving objects:   3% (10/324)
2021-05-27T20:55:30.9305638Z Receiving objects:   4% (13/324)
2021-05-27T20:55:30.9306178Z Receiving objects:   5% (17/324)
2021-05-27T20:55:30.9306730Z Receiving objects:   6% (20/324)
2021-05-27T20:55:30.9307261Z Receiving objects:   7% (23/324)
2021-05-27T20:55:30.9307810Z Receiving objects:   8% (26/324)
2021-05-27T20:55:30.9308361Z Receiving objects:   9% (30/324)
2021-05-27T20:55:30.9308890Z Receiving objects:  10% (33/324)
2021-05-27T20:55:30.9309591Z Receiving objects:  11% (36/324)
2021-05-27T20:55:30.9310146Z Receiving objects:  12% (39/324)
2021-05-27T20:55:30.9310697Z Receiving objects:  13% (43/324)
2021-05-27T20:55:30.9311241Z Receiving objects:  14% (46/324)
2021-05-27T20:55:30.9311777Z Receiving objects:  15% (49/324)
2021-05-27T20:55:30.9312339Z Receiving objects:  16% (52/324)
2021-05-27T20:55:30.9312879Z Receiving objects:  17% (56/324)
2021-05-27T20:55:30.9313436Z Receiving objects:  18% (59/324)
2021-05-27T20:55:30.9313990Z Receiving objects:  19% (62/324)
2021-05-27T20:55:30.9314522Z Receiving objects:  20% (65/324)
2021-05-27T20:55:30.9315068Z Receiving objects:  21% (69/324)
2021-05-27T20:55:30.9315600Z Receiving objects:  22% (72/324)
2021-05-27T20:55:30.9316152Z Receiving objects:  23% (75/324)
2021-05-27T20:55:30.9316702Z Receiving objects:  24% (78/324)
2021-05-27T20:55:30.9317240Z Receiving objects:  25% (81/324)
2021-05-27T20:55:30.9317795Z Receiving objects:  26% (85/324)
2021-05-27T20:55:30.9318335Z Receiving objects:  27% (88/324)
2021-05-27T20:55:30.9318887Z Receiving objects:  28% (91/324)
2021-05-27T20:55:30.9319434Z Receiving objects:  29% (94/324)
2021-05-27T20:55:30.9319999Z Receiving objects:  30% (98/324)
2021-05-27T20:55:30.9320569Z Receiving objects:  31% (101/324)
2021-05-27T20:55:30.9321117Z Receiving objects:  32% (104/324)
2021-05-27T20:55:30.9321676Z Receiving objects:  33% (107/324)
2021-05-27T20:55:30.9322227Z Receiving objects:  34% (111/324)
2021-05-27T20:55:30.9322761Z Receiving objects:  35% (114/324)
2021-05-27T20:55:30.9323312Z Receiving objects:  36% (117/324)
2021-05-27T20:55:30.9323891Z Receiving objects:  37% (120/324)
2021-05-27T20:55:30.9324447Z Receiving objects:  38% (124/324)
2021-05-27T20:55:30.9324999Z Receiving objects:  39% (127/324)
2021-05-27T20:55:30.9325536Z Receiving objects:  40% (130/324)
2021-05-27T20:55:30.9326088Z Receiving objects:  41% (133/324)
2021-05-27T20:55:30.9326621Z Receiving objects:  42% (137/324)
2021-05-27T20:55:30.9327176Z Receiving objects:  43% (140/324)
2021-05-27T20:55:30.9327730Z Receiving objects:  44% (143/324)
2021-05-27T20:55:30.9328273Z Receiving objects:  45% (146/324)
2021-05-27T20:55:30.9328836Z Receiving objects:  46% (150/324)
2021-05-27T20:55:30.9329371Z Receiving objects:  47% (153/324)
2021-05-27T20:55:30.9329922Z Receiving objects:  48% (156/324)
2021-05-27T20:55:30.9330614Z Receiving objects:  49% (159/324)
2021-05-27T20:55:30.9331156Z Receiving objects:  50% (162/324)
2021-05-27T20:55:30.9331714Z Receiving objects:  51% (166/324)
2021-05-27T20:55:30.9332248Z Receiving objects:  52% (169/324)
2021-05-27T20:55:30.9332797Z Receiving objects:  53% (172/324)
2021-05-27T20:55:30.9333344Z Receiving objects:  54% (175/324)
2021-05-27T20:55:30.9333870Z Receiving objects:  55% (179/324)
2021-05-27T20:55:30.9334419Z Receiving objects:  56% (182/324)
2021-05-27T20:55:30.9334950Z Receiving objects:  57% (185/324)
2021-05-27T20:55:30.9335501Z Receiving objects:  58% (188/324)
2021-05-27T20:55:30.9336053Z Receiving objects:  59% (192/324)
2021-05-27T20:55:30.9336607Z Receiving objects:  60% (195/324)
2021-05-27T20:55:30.9337158Z Receiving objects:  61% (198/324)
2021-05-27T20:55:30.9337698Z Receiving objects:  62% (201/324)
2021-05-27T20:55:30.9338247Z Receiving objects:  63% (205/324)
2021-05-27T20:55:30.9338796Z Receiving objects:  64% (208/324)
2021-05-27T20:55:30.9339344Z Receiving objects:  65% (211/324)
2021-05-27T20:55:30.9339894Z Receiving objects:  66% (214/324)
2021-05-27T20:55:30.9340425Z Receiving objects:  67% (218/324)
2021-05-27T20:55:30.9340974Z Receiving objects:  68% (221/324)
2021-05-27T20:55:30.9341525Z Receiving objects:  69% (224/324)
2021-05-27T20:55:30.9342057Z Receiving objects:  70% (227/324)
2021-05-27T20:55:30.9343068Z Receiving objects:  71% (231/324)
2021-05-27T20:55:30.9343736Z Receiving objects:  72% (234/324)
2021-05-27T20:55:30.9344365Z Receiving objects:  73% (237/324)
2021-05-27T20:55:30.9344918Z Receiving objects:  74% (240/324)
2021-05-27T20:55:30.9345454Z Receiving objects:  75% (243/324)
2021-05-27T20:55:30.9346136Z Receiving objects:  76% (247/324)
2021-05-27T20:55:30.9346687Z Receiving objects:  77% (250/324)
2021-05-27T20:55:30.9347242Z Receiving objects:  78% (253/324)
2021-05-27T20:55:30.9347791Z Receiving objects:  79% (256/324)
2021-05-27T20:55:30.9348329Z Receiving objects:  80% (260/324)
2021-05-27T20:55:30.9348891Z Receiving objects:  81% (263/324)
2021-05-27T20:55:30.9349428Z Receiving objects:  82% (266/324)
2021-05-27T20:55:30.9349979Z Receiving objects:  83% (269/324)
2021-05-27T20:55:30.9350528Z Receiving objects:  84% (273/324)
2021-05-27T20:55:30.9351061Z Receiving objects:  85% (276/324)
2021-05-27T20:55:30.9351624Z Receiving objects:  86% (279/324)
2021-05-27T20:55:30.9352165Z Receiving objects:  87% (282/324)
2021-05-27T20:55:30.9353450Z remote: Total 324 (delta 164), reused 251 (delta 113), pack-reused 0        
2021-05-27T20:55:30.9354162Z Receiving objects:  88% (286/324)
2021-05-27T20:55:30.9354708Z Receiving objects:  89% (289/324)
2021-05-27T20:55:30.9355266Z Receiving objects:  90% (292/324)
2021-05-27T20:55:30.9355823Z Receiving objects:  91% (295/324)
2021-05-27T20:55:30.9356374Z Receiving objects:  92% (299/324)
2021-05-27T20:55:30.9356934Z Receiving objects:  93% (302/324)
2021-05-27T20:55:30.9357472Z Receiving objects:  94% (305/324)
2021-05-27T20:55:30.9358027Z Receiving objects:  95% (308/324)
2021-05-27T20:55:30.9358577Z Receiving objects:  96% (312/324)
2021-05-27T20:55:30.9359127Z Receiving objects:  97% (315/324)
2021-05-27T20:55:30.9359685Z Receiving objects:  98% (318/324)
2021-05-27T20:55:30.9360221Z Receiving objects:  99% (321/324)
2021-05-27T20:55:30.9360779Z Receiving objects: 100% (324/324)
2021-05-27T20:55:30.9361381Z Receiving objects: 100% (324/324), 88.57 KiB | 6.33 MiB/s, done.
2021-05-27T20:55:30.9361998Z Resolving deltas:   0% (0/164)
2021-05-27T20:55:30.9362542Z Resolving deltas:   1% (2/164)
2021-05-27T20:55:30.9363071Z Resolving deltas:   2% (4/164)
2021-05-27T20:55:30.9363612Z Resolving deltas:   3% (5/164)
2021-05-27T20:55:30.9364138Z Resolving deltas:   4% (7/164)
2021-05-27T20:55:30.9364688Z Resolving deltas:   5% (9/164)
2021-05-27T20:55:30.9365231Z Resolving deltas:   6% (10/164)
2021-05-27T20:55:30.9365765Z Resolving deltas:   7% (12/164)
2021-05-27T20:55:30.9366309Z Resolving deltas:   8% (14/164)
2021-05-27T20:55:30.9366838Z Resolving deltas:   9% (15/164)
2021-05-27T20:55:30.9367526Z Resolving deltas:  10% (17/164)
2021-05-27T20:55:30.9368073Z Resolving deltas:  11% (19/164)
2021-05-27T20:55:30.9368600Z Resolving deltas:  12% (20/164)
2021-05-27T20:55:30.9369141Z Resolving deltas:  13% (22/164)
2021-05-27T20:55:30.9369677Z Resolving deltas:  14% (23/164)
2021-05-27T20:55:30.9370217Z Resolving deltas:  15% (25/164)
2021-05-27T20:55:30.9370750Z Resolving deltas:  16% (27/164)
2021-05-27T20:55:30.9371276Z Resolving deltas:  17% (28/164)
2021-05-27T20:55:30.9371823Z Resolving deltas:  18% (30/164)
2021-05-27T20:55:30.9372347Z Resolving deltas:  19% (32/164)
2021-05-27T20:55:30.9372885Z Resolving deltas:  20% (33/164)
2021-05-27T20:55:30.9373438Z Resolving deltas:  21% (35/164)
2021-05-27T20:55:30.9373974Z Resolving deltas:  22% (37/164)
2021-05-27T20:55:30.9374538Z Resolving deltas:  23% (38/164)
2021-05-27T20:55:30.9375065Z Resolving deltas:  24% (40/164)
2021-05-27T20:55:30.9375604Z Resolving deltas:  25% (41/164)
2021-05-27T20:55:30.9376145Z Resolving deltas:  26% (43/164)
2021-05-27T20:55:30.9376681Z Resolving deltas:  27% (45/164)
2021-05-27T20:55:30.9377264Z Resolving deltas:  28% (46/164)
2021-05-27T20:55:30.9377803Z Resolving deltas:  29% (48/164)
2021-05-27T20:55:30.9378341Z Resolving deltas:  30% (50/164)
2021-05-27T20:55:30.9378878Z Resolving deltas:  31% (51/164)
2021-05-27T20:55:30.9379404Z Resolving deltas:  32% (53/164)
2021-05-27T20:55:30.9379954Z Resolving deltas:  33% (55/164)
2021-05-27T20:55:30.9380484Z Resolving deltas:  34% (56/164)
2021-05-27T20:55:30.9381025Z Resolving deltas:  35% (58/164)
2021-05-27T20:55:30.9381572Z Resolving deltas:  36% (60/164)
2021-05-27T20:55:30.9382099Z Resolving deltas:  37% (61/164)
2021-05-27T20:55:30.9382946Z Resolving deltas:  38% (63/164)
2021-05-27T20:55:30.9383515Z Resolving deltas:  39% (64/164)
2021-05-27T20:55:30.9384054Z Resolving deltas:  40% (66/164)
2021-05-27T20:55:30.9384597Z Resolving deltas:  41% (68/164)
2021-05-27T20:55:30.9385121Z Resolving deltas:  42% (69/164)
2021-05-27T20:55:30.9385670Z Resolving deltas:  43% (71/164)
2021-05-27T20:55:30.9386205Z Resolving deltas:  44% (73/164)
2021-05-27T20:55:30.9386750Z Resolving deltas:  45% (74/164)
2021-05-27T20:55:30.9387285Z Resolving deltas:  46% (76/164)
2021-05-27T20:55:30.9387813Z Resolving deltas:  47% (78/164)
2021-05-27T20:55:30.9388355Z Resolving deltas:  48% (79/164)
2021-05-27T20:55:30.9388895Z Resolving deltas:  49% (81/164)
2021-05-27T20:55:30.9389433Z Resolving deltas:  50% (82/164)
2021-05-27T20:55:30.9389981Z Resolving deltas:  51% (84/164)
2021-05-27T20:55:30.9390516Z Resolving deltas:  52% (86/164)
2021-05-27T20:55:30.9391060Z Resolving deltas:  53% (87/164)
2021-05-27T20:55:30.9391602Z Resolving deltas:  54% (89/164)
2021-05-27T20:55:30.9392155Z Resolving deltas:  55% (91/164)
2021-05-27T20:55:30.9392696Z Resolving deltas:  56% (92/164)
2021-05-27T20:55:30.9393227Z Resolving deltas:  57% (94/164)
2021-05-27T20:55:30.9393778Z Resolving deltas:  58% (96/164)
2021-05-27T20:55:30.9394307Z Resolving deltas:  59% (97/164)
2021-05-27T20:55:30.9394853Z Resolving deltas:  60% (99/164)
2021-05-27T20:55:30.9395392Z Resolving deltas:  61% (101/164)
2021-05-27T20:55:30.9395921Z Resolving deltas:  62% (102/164)
2021-05-27T20:55:30.9396469Z Resolving deltas:  63% (104/164)
2021-05-27T20:55:30.9397003Z Resolving deltas:  64% (105/164)
2021-05-27T20:55:30.9397548Z Resolving deltas:  65% (107/164)
2021-05-27T20:55:30.9398089Z Resolving deltas:  66% (109/164)
2021-05-27T20:55:30.9398619Z Resolving deltas:  67% (110/164)
2021-05-27T20:55:30.9399166Z Resolving deltas:  68% (112/164)
2021-05-27T20:55:30.9399694Z Resolving deltas:  69% (114/164)
2021-05-27T20:55:30.9400290Z Resolving deltas:  70% (115/164)
2021-05-27T20:55:30.9400939Z Resolving deltas:  71% (117/164)
2021-05-27T20:55:30.9401518Z Resolving deltas:  72% (119/164)
2021-05-27T20:55:30.9402235Z Resolving deltas:  73% (120/164)
2021-05-27T20:55:30.9402863Z Resolving deltas:  74% (122/164)
2021-05-27T20:55:30.9403439Z Resolving deltas:  75% (123/164)
2021-05-27T20:55:30.9404081Z Resolving deltas:  76% (125/164)
2021-05-27T20:55:30.9404833Z Resolving deltas:  77% (127/164)
2021-05-27T20:55:30.9405443Z Resolving deltas:  78% (128/164)
2021-05-27T20:55:30.9406070Z Resolving deltas:  79% (130/164)
2021-05-27T20:55:30.9406657Z Resolving deltas:  80% (132/164)
2021-05-27T20:55:30.9407285Z Resolving deltas:  81% (133/164)
2021-05-27T20:55:30.9407928Z Resolving deltas:  82% (135/164)
2021-05-27T20:55:30.9408521Z Resolving deltas:  83% (137/164)
2021-05-27T20:55:30.9409158Z Resolving deltas:  84% (138/164)
2021-05-27T20:55:30.9409726Z Resolving deltas:  85% (140/164)
2021-05-27T20:55:30.9410349Z Resolving deltas:  86% (142/164)
2021-05-27T20:55:30.9410969Z Resolving deltas:  87% (143/164)
2021-05-27T20:55:30.9411574Z Resolving deltas:  88% (145/164)
2021-05-27T20:55:30.9412218Z Resolving deltas:  89% (146/164)
2021-05-27T20:55:30.9412783Z Resolving deltas:  90% (148/164)
2021-05-27T20:55:30.9413407Z Resolving deltas:  91% (150/164)
2021-05-27T20:55:30.9414052Z Resolving deltas:  92% (151/164)
2021-05-27T20:55:30.9414632Z Resolving deltas:  93% (153/164)
2021-05-27T20:55:30.9415267Z Resolving deltas:  94% (155/164)
2021-05-27T20:55:30.9415840Z Resolving deltas:  95% (156/164)
2021-05-27T20:55:30.9416463Z Resolving deltas:  96% (158/164)
2021-05-27T20:55:30.9417098Z Resolving deltas:  97% (160/164)
2021-05-27T20:55:30.9417671Z Resolving deltas:  98% (161/164)
2021-05-27T20:55:30.9418315Z Resolving deltas:  99% (163/164)
2021-05-27T20:55:30.9418881Z Resolving deltas: 100% (164/164)
2021-05-27T20:55:30.9419517Z Resolving deltas: 100% (164/164), done.
2021-05-27T20:55:30.9420390Z From https://github.com/con/tinuous
2021-05-27T20:55:30.9421708Z  * [new branch]      dotenv                                   -> origin/dotenv
2021-05-27T20:55:30.9423008Z  * [new branch]      gh-55                                    -> origin/gh-55
2021-05-27T20:55:30.9424238Z  * [new branch]      gh-58                                    -> origin/gh-58
2021-05-27T20:55:30.9425307Z  * [new branch]      master                                   -> origin/master
2021-05-27T20:55:30.9433480Z  * [new branch]      test-appveyor                            -> origin/test-appveyor
2021-05-27T20:55:30.9434794Z  * [new tag]         0.1.0                                    -> 0.1.0
2021-05-27T20:55:30.9436328Z  * [new tag]         0.2.0                                    -> 0.2.0
2021-05-27T20:55:30.9437316Z  * [new ref]         6625a230ee68831186b1615ab0022dcf35bc9f2b -> pull/62/merge
2021-05-27T20:55:30.9438157Z ##[endgroup]
2021-05-27T20:55:30.9438960Z ##[group]Determining the checkout info
2021-05-27T20:55:30.9439654Z ##[endgroup]
2021-05-27T20:55:30.9440285Z ##[group]Checking out the ref
2021-05-27T20:55:30.9441326Z [command]/usr/bin/git checkout --progress --force refs/remotes/pull/62/merge
2021-05-27T20:55:30.9442434Z Note: switching to 'refs/remotes/pull/62/merge'.
2021-05-27T20:55:30.9442962Z 
2021-05-27T20:55:30.9443818Z You are in 'detached HEAD' state. You can look around, make experimental
2021-05-27T20:55:30.9444756Z changes and commit them, and you can discard any commits you make in this
2021-05-27T20:55:30.9445613Z state without impacting any branches by switching back to a branch.
2021-05-27T20:55:30.9446176Z 
2021-05-27T20:55:30.9446796Z If you want to create a new branch to retain commits you create, you may
2021-05-27T20:55:30.9447904Z do so (now or later) by using -c with the switch command. Example:
2021-05-27T20:55:30.9448402Z 
2021-05-27T20:55:30.9449164Z   git switch -c <new-branch-name>
2021-05-27T20:55:30.9449661Z 
2021-05-27T20:55:30.9450288Z Or undo this operation with:
2021-05-27T20:55:30.9450679Z 
2021-05-27T20:55:30.9451370Z   git switch -
2021-05-27T20:55:30.9451776Z 
2021-05-27T20:55:30.9452505Z Turn off this advice by setting config variable advice.detachedHead to false
2021-05-27T20:55:30.9453145Z 
2021-05-27T20:55:30.9454134Z HEAD is now at 6625a23 Merge 523dcf34c8b8f995e59c96d18cf77ec08f1caf93 into 6f1b95cc2f682df77c6a629c9421176235e33d09
2021-05-27T20:55:30.9455257Z ##[endgroup]
2021-05-27T20:55:30.9456082Z [command]/usr/bin/git log -1 --format='%H'
2021-05-27T20:55:30.9457272Z '6625a230ee68831186b1615ab0022dcf35bc9f2b'
2021-05-27T20:55:30.9539377Z ##[group]Run actions/setup-python@v2
2021-05-27T20:55:30.9539935Z with:
2021-05-27T20:55:30.9540413Z   python-version: 3.8
2021-05-27T20:55:30.9541371Z   token: ***
2021-05-27T20:55:30.9541748Z ##[endgroup]
2021-05-27T20:55:31.0097187Z Successfully setup CPython (3.8.10)
2021-05-27T20:55:31.0185979Z ##[group]Run python -m pip install --upgrade pip wheel
2021-05-27T20:55:31.0186750Z [36;1mpython -m pip install --upgrade pip wheel[0m
2021-05-27T20:55:31.0187452Z [36;1mpython -m pip install --upgrade --upgrade-strategy=eager tox[0m
2021-05-27T20:55:31.0232124Z shell: /usr/bin/bash -e {0}
2021-05-27T20:55:31.0232552Z env:
2021-05-27T20:55:31.0233158Z   pythonLocation: /opt/hostedtoolcache/Python/3.8.10/x64
2021-05-27T20:55:31.0233876Z   LD_LIBRARY_PATH: /opt/hostedtoolcache/Python/3.8.10/x64/lib
2021-05-27T20:55:31.0234524Z ##[endgroup]
2021-05-27T20:55:31.5520640Z Requirement already satisfied: pip in /opt/hostedtoolcache/Python/3.8.10/x64/lib/python3.8/site-packages (21.1.2)
2021-05-27T20:55:31.7345243Z Collecting wheel
2021-05-27T20:55:31.7768744Z   Downloading wheel-0.36.2-py2.py3-none-any.whl (35 kB)
2021-05-27T20:55:31.8359803Z Installing collected packages: wheel
2021-05-27T20:55:31.8696620Z Successfully installed wheel-0.36.2
2021-05-27T20:55:32.5491666Z Collecting tox
2021-05-27T20:55:32.5825999Z   Downloading tox-3.23.1-py2.py3-none-any.whl (85 kB)
2021-05-27T20:55:32.6453418Z Collecting six>=1.14.0
2021-05-27T20:55:32.6548780Z   Downloading six-1.16.0-py2.py3-none-any.whl (11 kB)
2021-05-27T20:55:32.8461009Z Collecting virtualenv!=20.0.0,!=20.0.1,!=20.0.2,!=20.0.3,!=20.0.4,!=20.0.5,!=20.0.6,!=20.0.7,>=16.0.0
2021-05-27T20:55:32.8550952Z   Downloading virtualenv-20.4.7-py2.py3-none-any.whl (7.2 MB)
2021-05-27T20:55:33.1461786Z Collecting packaging>=14
2021-05-27T20:55:33.1543757Z   Downloading packaging-20.9-py2.py3-none-any.whl (40 kB)
2021-05-27T20:55:33.1799246Z Collecting toml>=0.9.4
2021-05-27T20:55:33.1984017Z   Downloading toml-0.10.2-py2.py3-none-any.whl (16 kB)
2021-05-27T20:55:33.2522010Z Collecting pluggy>=0.12.0
2021-05-27T20:55:33.2606314Z   Downloading pluggy-0.13.1-py2.py3-none-any.whl (18 kB)
2021-05-27T20:55:33.3089208Z Collecting py>=1.4.17
2021-05-27T20:55:33.3193187Z   Downloading py-1.10.0-py2.py3-none-any.whl (97 kB)
2021-05-27T20:55:33.3485979Z Collecting filelock>=3.0.0
2021-05-27T20:55:33.3567170Z   Downloading filelock-3.0.12-py3-none-any.whl (7.6 kB)
2021-05-27T20:55:33.4339043Z Collecting pyparsing>=2.0.2
2021-05-27T20:55:33.4405486Z   Downloading pyparsing-2.4.7-py2.py3-none-any.whl (67 kB)
2021-05-27T20:55:33.5114022Z Collecting distlib<1,>=0.3.1
2021-05-27T20:55:33.5206410Z   Downloading distlib-0.3.1-py2.py3-none-any.whl (335 kB)
2021-05-27T20:55:33.5483765Z Collecting appdirs<2,>=1.4.3
2021-05-27T20:55:33.5570315Z   Downloading appdirs-1.4.4-py2.py3-none-any.whl (9.6 kB)
2021-05-27T20:55:33.6587431Z Installing collected packages: six, pyparsing, filelock, distlib, appdirs, virtualenv, toml, py, pluggy, packaging, tox
2021-05-27T20:55:35.1530937Z Successfully installed appdirs-1.4.4 distlib-0.3.1 filelock-3.0.12 packaging-20.9 pluggy-0.13.1 py-1.10.0 pyparsing-2.4.7 six-1.16.0 toml-0.10.2 tox-3.23.1 virtualenv-20.4.7
2021-05-27T20:55:35.1691814Z ##[group]Run tox -e typing
2021-05-27T20:55:35.1692345Z [36;1mtox -e typing[0m
2021-05-27T20:55:35.1730588Z shell: /usr/bin/bash -e {0}
2021-05-27T20:55:35.1730969Z env:
2021-05-27T20:55:35.1731504Z   pythonLocation: /opt/hostedtoolcache/Python/3.8.10/x64
2021-05-27T20:55:35.1732212Z   LD_LIBRARY_PATH: /opt/hostedtoolcache/Python/3.8.10/x64/lib
2021-05-27T20:55:35.1732719Z ##[endgroup]
2021-05-27T20:55:35.3834786Z .package create: /home/runner/work/tinuous/tinuous/.tox/.package
2021-05-27T20:55:35.9465838Z .package installdeps: setuptools >= 46.4.0, wheel ~= 0.32
2021-05-27T20:55:39.5282798Z typing create: /home/runner/work/tinuous/tinuous/.tox/typing
2021-05-27T20:55:39.7840616Z typing installdeps: mypy~=0.570, pytest~=6.0, pytest-cov~=2.0
2021-05-27T20:55:45.1356083Z typing inst: /home/runner/work/tinuous/tinuous/.tox/.tmp/package/1/tinuous-0.2.0+9.g6625a23.tar.gz
2021-05-27T20:56:06.1621983Z typing installed: annexremote==1.5.0,appdirs==1.4.4,attrs==21.2.0,boto==2.49.0,certifi==2020.12.5,cffi==1.14.5,chardet==4.0.0,click==7.1.2,click-loglevel==0.3.0,coverage==5.5,cryptography==3.4.7,datalad==0.14.4,Deprecated==1.2.12,distro==1.5.0,fasteners==0.16,future==0.18.2,humanize==3.5.0,idna==2.10,importlib-metadata==4.3.0,in-place==0.5.0,iniconfig==1.1.1,iso8601==0.1.14,jeepney==0.6.0,jsmin==2.2.2,keyring==23.0.1,keyrings.alt==4.0.2,msgpack==1.0.2,mypy==0.812,mypy-extensions==0.4.3,packaging==20.9,patool==1.12,pluggy==0.13.1,py==1.10.0,pycparser==2.20,pydantic==1.8.2,PyGithub==1.55,PyJWT==2.1.0,PyNaCl==1.4.0,pyparsing==2.4.7,pytest==6.2.4,pytest-cov==2.12.0,python-dateutil==2.8.1,PyYAML==5.4.1,requests==2.25.1,SecretStorage==3.3.1,simplejson==3.17.2,six==1.16.0,tinuous @ file:///home/runner/work/tinuous/tinuous/.tox/.tmp/package/1/tinuous-0.2.0%2B9.g6625a23.tar.gz,toml==0.10.2,tqdm==4.61.0,typed-ast==1.4.3,typing-extensions==3.10.0.0,urllib3==1.26.5,Whoosh==2.7.4,wrapt==1.12.1,zipp==3.4.1
2021-05-27T20:56:06.1625636Z typing run-test-pre: PYTHONHASHSEED='837684741'
2021-05-27T20:56:06.1626475Z typing run-test: commands[0] | mypy src test
2021-05-27T20:56:09.6568581Z Success: no issues found in 4 source files
2021-05-27T20:56:10.0712127Z ___________________________________ summary ____________________________________
2021-05-27T20:56:10.0712727Z   typing: commands succeeded
2021-05-27T20:56:10.0713280Z   congratulations :)
2021-05-27T20:56:10.1039405Z Post job cleanup.
2021-05-27T20:56:10.2038012Z [command]/usr/bin/git version
2021-05-27T20:56:10.2106475Z git version 2.31.1
2021-05-27T20:56:10.2139452Z [command]/usr/bin/git config --local --name-only --get-regexp core\.sshCommand
2021-05-27T20:56:10.2202077Z [command]/usr/bin/git submodule foreach --recursive git config --local --name-only --get-regexp 'core\.sshCommand' && git config --local --unset-all 'core.sshCommand' || :
2021-05-27T20:56:10.2457437Z [command]/usr/bin/git config --local --name-only --get-regexp http\.https\:\/\/github\.com\/\.extraheader
2021-05-27T20:56:10.2506526Z http.https://github.com/.extraheader
2021-05-27T20:56:10.2518725Z [command]/usr/bin/git config --local --unset-all http.https://github.com/.extraheader
2021-05-27T20:56:10.2570214Z [command]/usr/bin/git submodule foreach --recursive git config --local --name-only --get-regexp 'http\.https\:\/\/github\.com\/\.extraheader' && git config --local --unset-all 'http.https://github.com/.extraheader' || :
2021-05-27T20:56:10.2897914Z Cleaning up orphan processes
