2026-02-09T20:21:24.7720622Z Current runner version: '2.331.0'
2026-02-09T20:21:24.7745409Z ##[group]Runner Image Provisioner
2026-02-09T20:21:24.7746235Z Hosted Compute Agent
2026-02-09T20:21:24.7746774Z Version: 20260123.484
2026-02-09T20:21:24.7747621Z Commit: 6bd6555ca37d84114959e1c76d2c01448ff61c5d
2026-02-09T20:21:24.7748323Z Build Date: 2026-01-23T19:41:17Z
2026-02-09T20:21:24.7748979Z Worker ID: {cbf53d60-30a2-4b17-846d-428d2f0091bb}
2026-02-09T20:21:24.7749754Z Azure Region: centralus
2026-02-09T20:21:24.7750288Z ##[endgroup]
2026-02-09T20:21:24.7751705Z ##[group]Operating System
2026-02-09T20:21:24.7752379Z Ubuntu
2026-02-09T20:21:24.7752845Z 24.04.3
2026-02-09T20:21:24.7753306Z LTS
2026-02-09T20:21:24.7753756Z ##[endgroup]
2026-02-09T20:21:24.7754317Z ##[group]Runner Image
2026-02-09T20:21:24.7754865Z Image: ubuntu-24.04
2026-02-09T20:21:24.7755343Z Version: 20260201.15.1
2026-02-09T20:21:24.7756702Z Included Software: https://github.com/actions/runner-images/blob/ubuntu24/20260201.15/images/ubuntu/Ubuntu2404-Readme.md
2026-02-09T20:21:24.7758598Z Image Release: https://github.com/actions/runner-images/releases/tag/ubuntu24%2F20260201.15
2026-02-09T20:21:24.7759540Z ##[endgroup]
2026-02-09T20:21:24.7762770Z ##[group]GITHUB_TOKEN Permissions
2026-02-09T20:21:24.7765310Z Actions: read
2026-02-09T20:21:24.7765867Z ArtifactMetadata: read
2026-02-09T20:21:24.7766409Z Attestations: read
2026-02-09T20:21:24.7767034Z Checks: read
2026-02-09T20:21:24.7767858Z Contents: read
2026-02-09T20:21:24.7768378Z Deployments: read
2026-02-09T20:21:24.7769053Z Discussions: read
2026-02-09T20:21:24.7769537Z Issues: read
2026-02-09T20:21:24.7770590Z Metadata: read
2026-02-09T20:21:24.7771084Z Models: read
2026-02-09T20:21:24.7771578Z Packages: read
2026-02-09T20:21:24.7772151Z Pages: read
2026-02-09T20:21:24.7772736Z PullRequests: read
2026-02-09T20:21:24.7773283Z RepositoryProjects: read
2026-02-09T20:21:24.7773910Z SecurityEvents: read
2026-02-09T20:21:24.7774430Z Statuses: read
2026-02-09T20:21:24.7774932Z ##[endgroup]
2026-02-09T20:21:24.7776902Z Secret source: Dependabot
2026-02-09T20:21:24.7778390Z Prepare workflow directory
2026-02-09T20:21:24.8106173Z Prepare all required actions
2026-02-09T20:21:24.8144911Z Getting action download info
2026-02-09T20:21:25.2837917Z Download action repository 'actions/checkout@v6' (SHA:de0fac2e4500dabe0009e67214ff5f5447ce83dd)
2026-02-09T20:21:25.5672748Z Download action repository 'actions/setup-python@v5' (SHA:a26af69be951a213d495a4c3e4e4022e16d87065)
2026-02-09T20:21:25.6638372Z Download action repository 'codecov/codecov-action@v5' (SHA:671740ac38dd9b0130fbe1cec585b89eea48d3de)
2026-02-09T20:21:26.2050775Z Getting action download info
2026-02-09T20:21:26.3762647Z Download action repository 'actions/github-script@60a0d83039c74a4aee543508d2ffcb1c3799cdea' (SHA:60a0d83039c74a4aee543508d2ffcb1c3799cdea)
2026-02-09T20:21:26.9456907Z Complete job name: test (3.11, py)
2026-02-09T20:21:27.0148903Z ##[group]Run actions/checkout@v6
2026-02-09T20:21:27.0149674Z with:
2026-02-09T20:21:27.0149992Z   fetch-depth: 0
2026-02-09T20:21:27.0150395Z   repository: con/tinuous
2026-02-09T20:21:27.0150960Z   token: ***
2026-02-09T20:21:27.0151286Z   ssh-strict: true
2026-02-09T20:21:27.0151679Z   ssh-user: git
2026-02-09T20:21:27.0152003Z   persist-credentials: true
2026-02-09T20:21:27.0152363Z   clean: true
2026-02-09T20:21:27.0152696Z   sparse-checkout-cone-mode: true
2026-02-09T20:21:27.0153072Z   fetch-tags: false
2026-02-09T20:21:27.0153395Z   show-progress: true
2026-02-09T20:21:27.0153715Z   lfs: false
2026-02-09T20:21:27.0154022Z   submodules: false
2026-02-09T20:21:27.0154353Z   set-safe-directory: true
2026-02-09T20:21:27.0154920Z ##[endgroup]
2026-02-09T20:21:27.1080696Z Syncing repository: con/tinuous
2026-02-09T20:21:27.1082228Z ##[group]Getting Git version info
2026-02-09T20:21:27.1082761Z Working directory is '/home/runner/work/tinuous/tinuous'
2026-02-09T20:21:27.1083542Z [command]/usr/bin/git version
2026-02-09T20:21:27.1137718Z git version 2.52.0
2026-02-09T20:21:27.1160049Z ##[endgroup]
2026-02-09T20:21:27.1175836Z Temporarily overriding HOME='/home/runner/work/_temp/787ef827-b3d6-4cb6-91fb-260e2ad2d782' before making global git config changes
2026-02-09T20:21:27.1178060Z Adding repository directory to the temporary git global config as a safe directory
2026-02-09T20:21:27.1181992Z [command]/usr/bin/git config --global --add safe.directory /home/runner/work/tinuous/tinuous
2026-02-09T20:21:27.1220885Z Deleting the contents of '/home/runner/work/tinuous/tinuous'
2026-02-09T20:21:27.1224767Z ##[group]Initializing the repository
2026-02-09T20:21:27.1229614Z [command]/usr/bin/git init /home/runner/work/tinuous/tinuous
2026-02-09T20:21:27.1326153Z hint: Using 'master' as the name for the initial branch. This default branch name
2026-02-09T20:21:27.1327489Z hint: will change to "main" in Git 3.0. To configure the initial branch name
2026-02-09T20:21:27.1328478Z hint: to use in all of your new repositories, which will suppress this warning,
2026-02-09T20:21:27.1329021Z hint: call:
2026-02-09T20:21:27.1329305Z hint:
2026-02-09T20:21:27.1329936Z hint: 	git config --global init.defaultBranch <name>
2026-02-09T20:21:27.1330629Z hint:
2026-02-09T20:21:27.1331091Z hint: Names commonly chosen instead of 'master' are 'main', 'trunk' and
2026-02-09T20:21:27.1331712Z hint: 'development'. The just-created branch can be renamed via this command:
2026-02-09T20:21:27.1401742Z hint:
2026-02-09T20:21:27.1402416Z hint: 	git branch -m <name>
2026-02-09T20:21:27.1403083Z hint:
2026-02-09T20:21:27.1403960Z hint: Disable this message with "git config set advice.defaultBranchName false"
2026-02-09T20:21:27.1404994Z Initialized empty Git repository in /home/runner/work/tinuous/tinuous/.git/
2026-02-09T20:21:27.1406137Z [command]/usr/bin/git remote add origin https://github.com/con/tinuous
2026-02-09T20:21:27.1408108Z ##[endgroup]
2026-02-09T20:21:27.1408683Z ##[group]Disabling automatic garbage collection
2026-02-09T20:21:27.1409383Z [command]/usr/bin/git config --local gc.auto 0
2026-02-09T20:21:27.1410432Z ##[endgroup]
2026-02-09T20:21:27.1410923Z ##[group]Setting up auth
2026-02-09T20:21:27.1411446Z Removing SSH command configuration
2026-02-09T20:21:27.1415777Z [command]/usr/bin/git config --local --name-only --get-regexp core\.sshCommand
2026-02-09T20:21:27.1448828Z [command]/usr/bin/git submodule foreach --recursive sh -c "git config --local --name-only --get-regexp 'core\.sshCommand' && git config --local --unset-all 'core.sshCommand' || :"
2026-02-09T20:21:27.1761703Z Removing HTTP extra header
2026-02-09T20:21:27.1766346Z [command]/usr/bin/git config --local --name-only --get-regexp http\.https\:\/\/github\.com\/\.extraheader
2026-02-09T20:21:27.1795734Z [command]/usr/bin/git submodule foreach --recursive sh -c "git config --local --name-only --get-regexp 'http\.https\:\/\/github\.com\/\.extraheader' && git config --local --unset-all 'http.https://github.com/.extraheader' || :"
2026-02-09T20:21:27.2009437Z Removing includeIf entries pointing to credentials config files
2026-02-09T20:21:27.2014383Z [command]/usr/bin/git config --local --name-only --get-regexp ^includeIf\.gitdir:
2026-02-09T20:21:27.2043787Z [command]/usr/bin/git submodule foreach --recursive git config --local --show-origin --name-only --get-regexp remote.origin.url
2026-02-09T20:21:27.2265409Z [command]/usr/bin/git config --file /home/runner/work/_temp/git-credentials-8a90b36f-32c9-4863-a875-9a8f7206707e.config http.https://github.com/.extraheader AUTHORIZATION: basic ***
2026-02-09T20:21:27.2300669Z [command]/usr/bin/git config --local includeIf.gitdir:/home/runner/work/tinuous/tinuous/.git.path /home/runner/work/_temp/git-credentials-8a90b36f-32c9-4863-a875-9a8f7206707e.config
2026-02-09T20:21:27.2329183Z [command]/usr/bin/git config --local includeIf.gitdir:/home/runner/work/tinuous/tinuous/.git/worktrees/*.path /home/runner/work/_temp/git-credentials-8a90b36f-32c9-4863-a875-9a8f7206707e.config
2026-02-09T20:21:27.2359902Z [command]/usr/bin/git config --local includeIf.gitdir:/github/workspace/.git.path /github/runner_temp/git-credentials-8a90b36f-32c9-4863-a875-9a8f7206707e.config
2026-02-09T20:21:27.2395903Z [command]/usr/bin/git config --local includeIf.gitdir:/github/workspace/.git/worktrees/*.path /github/runner_temp/git-credentials-8a90b36f-32c9-4863-a875-9a8f7206707e.config
2026-02-09T20:21:27.2421641Z ##[endgroup]
2026-02-09T20:21:27.2430542Z ##[group]Fetching the repository
2026-02-09T20:21:27.2432392Z [command]/usr/bin/git -c protocol.version=2 fetch --no-tags --prune --no-recurse-submodules origin +refs/heads/*:refs/remotes/origin/* +refs/tags/*:refs/tags/* +924f7f9759567dbc8b8ef13a47fa8736fd5745e1:refs/remotes/pull/219/merge
2026-02-09T20:21:27.8947916Z From https://github.com/con/tinuous
2026-02-09T20:21:27.8948890Z  * [new branch]      bf-circleci                              -> origin/bf-circleci
2026-02-09T20:21:27.8950190Z  * [new branch]      copilot/fix-workflow-overlap-issue       -> origin/copilot/fix-workflow-overlap-issue
2026-02-09T20:21:27.8951612Z  * [new branch]      copilot/make-travis-testing-optional     -> origin/copilot/make-travis-testing-optional
2026-02-09T20:21:27.8953019Z  * [new branch]      copilot/support-github-packages          -> origin/copilot/support-github-packages
2026-02-09T20:21:27.8954467Z  * [new branch]      dependabot/github_actions/actions/checkout-6 -> origin/dependabot/github_actions/actions/checkout-6
2026-02-09T20:21:27.8956063Z  * [new branch]      dependabot/github_actions/actions/setup-python-6 -> origin/dependabot/github_actions/actions/setup-python-6
2026-02-09T20:21:27.8957510Z  * [new branch]      gh-55                                    -> origin/gh-55
2026-02-09T20:21:27.8958367Z  * [new branch]      master                                   -> origin/master
2026-02-09T20:21:27.8959308Z  * [new branch]      no-extra-search                          -> origin/no-extra-search
2026-02-09T20:21:27.8960268Z  * [new branch]      pragmata                                 -> origin/pragmata
2026-02-09T20:21:27.8961204Z  * [new branch]      test-appveyor                            -> origin/test-appveyor
2026-02-09T20:21:27.8962069Z  * [new tag]         0.1.0                                    -> 0.1.0
2026-02-09T20:21:27.8962831Z  * [new tag]         0.2.0                                    -> 0.2.0
2026-02-09T20:21:27.8963650Z  * [new tag]         0.3.0                                    -> 0.3.0
2026-02-09T20:21:27.8964384Z  * [new tag]         0.4.0                                    -> 0.4.0
2026-02-09T20:21:27.8965095Z  * [new tag]         0.5.0                                    -> 0.5.0
2026-02-09T20:21:27.8965807Z  * [new tag]         0.5.1                                    -> 0.5.1
2026-02-09T20:21:27.8966514Z  * [new tag]         0.5.2                                    -> 0.5.2
2026-02-09T20:21:27.8967401Z  * [new tag]         0.5.3                                    -> 0.5.3
2026-02-09T20:21:27.8968149Z  * [new tag]         0.5.4                                    -> 0.5.4
2026-02-09T20:21:27.8969113Z  * [new tag]         0.6.0                                    -> 0.6.0
2026-02-09T20:21:27.8969886Z  * [new tag]         0.6.1                                    -> 0.6.1
2026-02-09T20:21:27.8970657Z  * [new tag]         0.7.0                                    -> 0.7.0
2026-02-09T20:21:27.8971386Z  * [new tag]         0.7.1                                    -> 0.7.1
2026-02-09T20:21:27.8972095Z  * [new tag]         0.7.2                                    -> 0.7.2
2026-02-09T20:21:27.8972908Z  * [new ref]         924f7f9759567dbc8b8ef13a47fa8736fd5745e1 -> pull/219/merge
2026-02-09T20:21:27.9014403Z ##[endgroup]
2026-02-09T20:21:27.9015039Z ##[group]Determining the checkout info
2026-02-09T20:21:27.9015814Z ##[endgroup]
2026-02-09T20:21:27.9020885Z [command]/usr/bin/git sparse-checkout disable
2026-02-09T20:21:27.9062716Z [command]/usr/bin/git config --local --unset-all extensions.worktreeConfig
2026-02-09T20:21:27.9090264Z ##[group]Checking out the ref
2026-02-09T20:21:27.9094150Z [command]/usr/bin/git checkout --progress --force refs/remotes/pull/219/merge
2026-02-09T20:21:27.9154237Z Note: switching to 'refs/remotes/pull/219/merge'.
2026-02-09T20:21:27.9155020Z 
2026-02-09T20:21:27.9155423Z You are in 'detached HEAD' state. You can look around, make experimental
2026-02-09T20:21:27.9156376Z changes and commit them, and you can discard any commits you make in this
2026-02-09T20:21:27.9157485Z state without impacting any branches by switching back to a branch.
2026-02-09T20:21:27.9157998Z 
2026-02-09T20:21:27.9158353Z If you want to create a new branch to retain commits you create, you may
2026-02-09T20:21:27.9159166Z do so (now or later) by using -c with the switch command. Example:
2026-02-09T20:21:27.9159639Z 
2026-02-09T20:21:27.9159849Z   git switch -c <new-branch-name>
2026-02-09T20:21:27.9160161Z 
2026-02-09T20:21:27.9160356Z Or undo this operation with:
2026-02-09T20:21:27.9160663Z 
2026-02-09T20:21:27.9160763Z   git switch -
2026-02-09T20:21:27.9160906Z 
2026-02-09T20:21:27.9161164Z Turn off this advice by setting config variable advice.detachedHead to false
2026-02-09T20:21:27.9161496Z 
2026-02-09T20:21:27.9161857Z HEAD is now at 924f7f9 Merge 8ecd1a34b0682451f3c7d6b11c316d9b80aa9fd7 into d2c5f5963660582dd606116b65079d86c71142c6
2026-02-09T20:21:27.9163782Z ##[endgroup]
2026-02-09T20:21:27.9198488Z [command]/usr/bin/git log -1 --format=%H
2026-02-09T20:21:27.9221946Z 924f7f9759567dbc8b8ef13a47fa8736fd5745e1
2026-02-09T20:21:27.9540510Z ##[group]Run actions/setup-python@v5
2026-02-09T20:21:27.9540877Z with:
2026-02-09T20:21:27.9541113Z   python-version: 3.11
2026-02-09T20:21:27.9541377Z   check-latest: false
2026-02-09T20:21:27.9541787Z   token: ***
2026-02-09T20:21:27.9542027Z   update-environment: true
2026-02-09T20:21:27.9542319Z   allow-prereleases: false
2026-02-09T20:21:27.9542598Z   freethreaded: false
2026-02-09T20:21:27.9542838Z ##[endgroup]
2026-02-09T20:21:28.1190933Z ##[group]Installed versions
2026-02-09T20:21:28.1295831Z Successfully set up CPython (3.11.14)
2026-02-09T20:21:28.1296595Z ##[endgroup]
2026-02-09T20:21:28.1417953Z ##[group]Run python -m pip install --upgrade pip wheel
2026-02-09T20:21:28.1418504Z [36;1mpython -m pip install --upgrade pip wheel[0m
2026-02-09T20:21:28.1419009Z [36;1mpython -m pip install --upgrade --upgrade-strategy=eager tox[0m
2026-02-09T20:21:28.1556937Z shell: /usr/bin/bash -e {0}
2026-02-09T20:21:28.1557514Z env:
2026-02-09T20:21:28.1557838Z   pythonLocation: /opt/hostedtoolcache/Python/3.11.14/x64
2026-02-09T20:21:28.1558326Z   PKG_CONFIG_PATH: /opt/hostedtoolcache/Python/3.11.14/x64/lib/pkgconfig
2026-02-09T20:21:28.1558803Z   Python_ROOT_DIR: /opt/hostedtoolcache/Python/3.11.14/x64
2026-02-09T20:21:28.1559216Z   Python2_ROOT_DIR: /opt/hostedtoolcache/Python/3.11.14/x64
2026-02-09T20:21:28.1559633Z   Python3_ROOT_DIR: /opt/hostedtoolcache/Python/3.11.14/x64
2026-02-09T20:21:28.1560068Z   LD_LIBRARY_PATH: /opt/hostedtoolcache/Python/3.11.14/x64/lib
2026-02-09T20:21:28.1560412Z ##[endgroup]
2026-02-09T20:21:30.0600350Z Requirement already satisfied: pip in /opt/hostedtoolcache/Python/3.11.14/x64/lib/python3.11/site-packages (26.0)
2026-02-09T20:21:30.1977795Z Collecting pip
2026-02-09T20:21:30.3856108Z   Downloading pip-26.0.1-py3-none-any.whl.metadata (4.7 kB)
2026-02-09T20:21:30.4204855Z Collecting wheel
2026-02-09T20:21:30.4495252Z   Downloading wheel-0.46.3-py3-none-any.whl.metadata (2.4 kB)
2026-02-09T20:21:30.4761049Z Collecting packaging>=24.0 (from wheel)
2026-02-09T20:21:30.5054777Z   Downloading packaging-26.0-py3-none-any.whl.metadata (3.3 kB)
2026-02-09T20:21:30.5393408Z Downloading pip-26.0.1-py3-none-any.whl (1.8 MB)
2026-02-09T20:21:30.6902691Z    ━━━━━━━━━━━━━━━━━━━━━━━━━━━━━━━━━━━━━━━━ 1.8/1.8 MB 20.2 MB/s  0:00:00
2026-02-09T20:21:30.7195008Z Downloading wheel-0.46.3-py3-none-any.whl (30 kB)
2026-02-09T20:21:30.7543998Z Downloading packaging-26.0-py3-none-any.whl (74 kB)
2026-02-09T20:21:30.7936256Z Installing collected packages: pip, packaging, wheel
2026-02-09T20:21:30.7940992Z   Attempting uninstall: pip
2026-02-09T20:21:30.7955030Z     Found existing installation: pip 26.0
2026-02-09T20:21:30.8592412Z     Uninstalling pip-26.0:
2026-02-09T20:21:30.8650470Z       Successfully uninstalled pip-26.0
2026-02-09T20:21:31.7276686Z 
2026-02-09T20:21:31.7287922Z Successfully installed packaging-26.0 pip-26.0.1 wheel-0.46.3
2026-02-09T20:21:32.3235018Z Collecting tox
2026-02-09T20:21:32.4523333Z   Downloading tox-4.34.1-py3-none-any.whl.metadata (3.5 kB)
2026-02-09T20:21:32.4815227Z Collecting cachetools>=6.2.4 (from tox)
2026-02-09T20:21:32.5106203Z   Downloading cachetools-7.0.0-py3-none-any.whl.metadata (5.6 kB)
2026-02-09T20:21:32.5340345Z Collecting chardet>=5.2 (from tox)
2026-02-09T20:21:32.5626430Z   Downloading chardet-5.2.0-py3-none-any.whl.metadata (3.4 kB)
2026-02-09T20:21:32.5881694Z Collecting colorama>=0.4.6 (from tox)
2026-02-09T20:21:32.6176247Z   Downloading colorama-0.4.6-py2.py3-none-any.whl.metadata (17 kB)
2026-02-09T20:21:32.6548206Z Collecting filelock>=3.20.2 (from tox)
2026-02-09T20:21:32.6836442Z   Downloading filelock-3.20.3-py3-none-any.whl.metadata (2.1 kB)
2026-02-09T20:21:32.6869802Z Requirement already satisfied: packaging>=25 in /opt/hostedtoolcache/Python/3.11.14/x64/lib/python3.11/site-packages (from tox) (26.0)
2026-02-09T20:21:32.7330962Z Collecting platformdirs>=4.5.1 (from tox)
2026-02-09T20:21:32.7625530Z   Downloading platformdirs-4.5.1-py3-none-any.whl.metadata (12 kB)
2026-02-09T20:21:32.8001354Z Collecting pluggy>=1.6 (from tox)
2026-02-09T20:21:32.8290346Z   Downloading pluggy-1.6.0-py3-none-any.whl.metadata (4.8 kB)
2026-02-09T20:21:32.8543845Z Collecting pyproject-api>=1.10 (from tox)
2026-02-09T20:21:32.8833595Z   Downloading pyproject_api-1.10.0-py3-none-any.whl.metadata (2.7 kB)
2026-02-09T20:21:32.9290898Z Collecting virtualenv>=20.35.4 (from tox)
2026-02-09T20:21:32.9581982Z   Downloading virtualenv-20.36.1-py3-none-any.whl.metadata (4.7 kB)
2026-02-09T20:21:32.9875227Z Collecting distlib<1,>=0.3.7 (from virtualenv>=20.35.4->tox)
2026-02-09T20:21:33.0160831Z   Downloading distlib-0.4.0-py2.py3-none-any.whl.metadata (5.2 kB)
2026-02-09T20:21:33.0511262Z Downloading tox-4.34.1-py3-none-any.whl (176 kB)
2026-02-09T20:21:33.1404391Z Downloading cachetools-7.0.0-py3-none-any.whl (13 kB)
2026-02-09T20:21:33.1712476Z Downloading chardet-5.2.0-py3-none-any.whl (199 kB)
2026-02-09T20:21:33.2126258Z Downloading colorama-0.4.6-py2.py3-none-any.whl (25 kB)
2026-02-09T20:21:33.2431076Z Downloading filelock-3.20.3-py3-none-any.whl (16 kB)
2026-02-09T20:21:33.2737414Z Downloading platformdirs-4.5.1-py3-none-any.whl (18 kB)
2026-02-09T20:21:33.3059000Z Downloading pluggy-1.6.0-py3-none-any.whl (20 kB)
2026-02-09T20:21:33.3362533Z Downloading pyproject_api-1.10.0-py3-none-any.whl (13 kB)
2026-02-09T20:21:33.3670159Z Downloading virtualenv-20.36.1-py3-none-any.whl (6.0 MB)
2026-02-09T20:21:33.6128305Z    ━━━━━━━━━━━━━━━━━━━━━━━━━━━━━━━━━━━━━━━━ 6.0/6.0 MB 24.5 MB/s  0:00:00
2026-02-09T20:21:33.6421993Z Downloading distlib-0.4.0-py2.py3-none-any.whl (469 kB)
2026-02-09T20:21:33.6789977Z Installing collected packages: distlib, pyproject-api, pluggy, platformdirs, filelock, colorama, chardet, cachetools, virtualenv, tox
2026-02-09T20:21:34.2725856Z 
2026-02-09T20:21:34.2738089Z Successfully installed cachetools-7.0.0 chardet-5.2.0 colorama-0.4.6 distlib-0.4.0 filelock-3.20.3 platformdirs-4.5.1 pluggy-1.6.0 pyproject-api-1.10.0 tox-4.34.1 virtualenv-20.36.1
2026-02-09T20:21:34.3263350Z ##[group]Run tox -e py -- --cov-report=xml
2026-02-09T20:21:34.3263692Z [36;1mtox -e py -- --cov-report=xml[0m
2026-02-09T20:21:34.3295933Z shell: /usr/bin/bash -e {0}
2026-02-09T20:21:34.3296157Z env:
2026-02-09T20:21:34.3296397Z   pythonLocation: /opt/hostedtoolcache/Python/3.11.14/x64
2026-02-09T20:21:34.3296825Z   PKG_CONFIG_PATH: /opt/hostedtoolcache/Python/3.11.14/x64/lib/pkgconfig
2026-02-09T20:21:34.3297446Z   Python_ROOT_DIR: /opt/hostedtoolcache/Python/3.11.14/x64
2026-02-09T20:21:34.3297829Z   Python2_ROOT_DIR: /opt/hostedtoolcache/Python/3.11.14/x64
2026-02-09T20:21:34.3298207Z   Python3_ROOT_DIR: /opt/hostedtoolcache/Python/3.11.14/x64
2026-02-09T20:21:34.3298574Z   LD_LIBRARY_PATH: /opt/hostedtoolcache/Python/3.11.14/x64/lib
2026-02-09T20:21:34.3298869Z ##[endgroup]
2026-02-09T20:21:34.9993787Z py: install_deps> python -I -m pip install pytest pytest-cov pytest-mock
2026-02-09T20:21:38.3671439Z .pkg: install_requires> python -I -m pip install 'setuptools>=46.4.0' versioningit
2026-02-09T20:21:39.5646192Z .pkg: _optional_hooks> python /opt/hostedtoolcache/Python/3.11.14/x64/lib/python3.11/site-packages/pyproject_api/_backend.py True setuptools.build_meta
2026-02-09T20:21:39.8600018Z .pkg: get_requires_for_build_sdist> python /opt/hostedtoolcache/Python/3.11.14/x64/lib/python3.11/site-packages/pyproject_api/_backend.py True setuptools.build_meta
2026-02-09T20:21:40.0947777Z .pkg: get_requires_for_build_wheel> python /opt/hostedtoolcache/Python/3.11.14/x64/lib/python3.11/site-packages/pyproject_api/_backend.py True setuptools.build_meta
2026-02-09T20:21:40.2982695Z .pkg: freeze> python -m pip freeze --all
2026-02-09T20:21:40.4978065Z .pkg: packaging==26.0,pip==25.3,setuptools==80.9.0,versioningit==3.3.0
2026-02-09T20:21:40.4982696Z .pkg: prepare_metadata_for_build_wheel> python /opt/hostedtoolcache/Python/3.11.14/x64/lib/python3.11/site-packages/pyproject_api/_backend.py True setuptools.build_meta
2026-02-09T20:21:40.7267685Z .pkg: build_sdist> python /opt/hostedtoolcache/Python/3.11.14/x64/lib/python3.11/site-packages/pyproject_api/_backend.py True setuptools.build_meta
2026-02-09T20:21:40.9606525Z py: install_package_deps> python -I -m pip install 'PyYAML>=5.0' 'click-loglevel~=0.2' 'click>=7.0' 'ghtoken~=0.1' 'in_place~=1.0' 'pydantic~=2.0' 'python-dateutil~=2.7' 'python-dotenv<2.0,>=0.11' 'requests~=2.20'
2026-02-09T20:21:47.9651499Z py: install_package> python -I -m pip install --force-reinstall --no-deps /home/runner/work/tinuous/tinuous/.tox/.tmp/package/1/tinuous-0.7.2.post4+g924f7f9.tar.gz
2026-02-09T20:21:50.1792879Z py: freeze> python -m pip freeze --all
2026-02-09T20:21:50.3926695Z py: annotated-types==0.7.0,certifi==2026.1.4,charset-normalizer==3.4.4,click==8.3.1,click-loglevel==0.7.0,coverage==7.13.4,ghtoken==0.1.2,idna==3.11,in_place==1.0.1,iniconfig==2.3.0,packaging==26.0,pip==25.3,pluggy==1.6.0,pydantic==2.12.5,pydantic_core==2.41.5,Pygments==2.19.2,pytest==9.0.2,pytest-cov==7.0.0,pytest-mock==3.15.1,python-dateutil==2.9.0.post0,python-dotenv==1.2.1,PyYAML==6.0.3,requests==2.32.5,ruamel.yaml==0.19.1,setuptools==80.9.0,six==1.17.0,tinuous @ file:///home/runner/work/tinuous/tinuous/.tox/.tmp/package/1/tinuous-0.7.2.post4%2Bg924f7f9.tar.gz#sha256=82b6dad71dd7e07f72fc46a8d5eb1e4bda1e012c18e239a06bbe56b6ae33dcac,typing-inspection==0.4.2,typing_extensions==4.15.0,urllib3==2.6.3
2026-02-09T20:21:50.3931226Z py: commands[0]> tinuous --help
2026-02-09T20:21:50.6880319Z Usage: tinuous [OPTIONS] COMMAND [ARGS]...
2026-02-09T20:21:50.6880708Z 
2026-02-09T20:21:50.6881016Z   Download build logs from GitHub Actions, Travis, Appveyor, and CircleCI
2026-02-09T20:21:50.6881494Z 
2026-02-09T20:21:50.6881598Z Options:
2026-02-09T20:21:50.6881984Z   -V, --version                   Show the version and exit.
2026-02-09T20:21:50.6882614Z   -c, --config FILE               Read configuration from the given file
2026-02-09T20:21:50.6883194Z                                   [default: tinuous.yaml]
2026-02-09T20:21:50.6884152Z   -E, --env FILE                  Load environment variables from given .env
2026-02-09T20:21:50.6884661Z                                   file
2026-02-09T20:21:50.6885105Z   -l, --log-level [NOTSET|DEBUG|INFO|WARNING|ERROR|CRITICAL]
2026-02-09T20:21:50.6885622Z                                   Set logging level  [default: INFO]
2026-02-09T20:21:50.6886128Z   --help                          Show this message and exit.
2026-02-09T20:21:50.6886450Z 
2026-02-09T20:21:50.6886556Z Commands:
2026-02-09T20:21:50.6886818Z   fetch         Download logs
2026-02-09T20:21:50.6887474Z   fetch-commit  Download logs for a specific commit
2026-02-09T20:21:50.6888059Z   sanitize      Sanitize secrets in logs
2026-02-09T20:21:50.7194326Z py: commands[1]> pytest --cov-report=xml test
2026-02-09T20:21:51.9595386Z ============================= test session starts ==============================
2026-02-09T20:21:51.9596536Z platform linux -- Python 3.11.14, pytest-9.0.2, pluggy-1.6.0
2026-02-09T20:21:51.9597110Z cachedir: .tox/py/.pytest_cache
2026-02-09T20:21:51.9597923Z rootdir: /home/runner/work/tinuous/tinuous
2026-02-09T20:21:51.9598543Z configfile: tox.ini
2026-02-09T20:21:51.9598892Z plugins: cov-7.0.0, mock-3.15.1
2026-02-09T20:21:51.9599350Z collected 64 items
2026-02-09T20:21:51.9599551Z 
2026-02-09T20:21:51.9744139Z test/test_base.py .........                                              [ 14%]
2026-02-09T20:21:51.9861224Z test/test_config.py ........                                             [ 26%]
2026-02-09T20:21:52.0069096Z test/test_state.py ........                                              [ 39%]
2026-02-09T20:21:52.3008322Z test/test_util.py .......................................                [100%]
2026-02-09T20:21:52.3008939Z 
2026-02-09T20:21:52.3009230Z ================================ tests coverage ================================
2026-02-09T20:21:52.3010087Z _______________ coverage: platform linux, python 3.11.14-final-0 _______________
2026-02-09T20:21:52.3010489Z 
2026-02-09T20:21:52.3010623Z Coverage XML written to file coverage.xml
2026-02-09T20:21:52.3011044Z ============================== 64 passed in 0.69s ==============================
2026-02-09T20:21:52.3658546Z   py: OK (17.67=setup[15.70]+cmd[0.33,1.64] seconds)
2026-02-09T20:21:52.3659037Z   congratulations :) (17.70 seconds)
2026-02-09T20:21:52.4307549Z ##[group]Run codecov/codecov-action@v5
2026-02-09T20:21:52.4307842Z with:
2026-02-09T20:21:52.4308018Z   fail_ci_if_error: false
2026-02-09T20:21:52.4308493Z   token: ***
2026-02-09T20:21:52.4308665Z   name: 3.11
2026-02-09T20:21:52.4308842Z   disable_file_fixes: false
2026-02-09T20:21:52.4309051Z   disable_search: false
2026-02-09T20:21:52.4309253Z   disable_safe_directory: false
2026-02-09T20:21:52.4309467Z   disable_telem: false
2026-02-09T20:21:52.4309645Z   dry_run: false
2026-02-09T20:21:52.4309819Z   git_service: github
2026-02-09T20:21:52.4310012Z   gcov_executable: gcov
2026-02-09T20:21:52.4310213Z   handle_no_reports_found: false
2026-02-09T20:21:52.4310443Z   recurse_submodules: false
2026-02-09T20:21:52.4310657Z   run_command: upload-coverage
2026-02-09T20:21:52.4310879Z   skip_validation: false
2026-02-09T20:21:52.4311094Z   use_legacy_upload_endpoint: false
2026-02-09T20:21:52.4311320Z   use_oidc: false
2026-02-09T20:21:52.4311496Z   use_pypi: false
2026-02-09T20:21:52.4311689Z   verbose: false
2026-02-09T20:21:52.4311848Z   version: latest
2026-02-09T20:21:52.4312014Z env:
2026-02-09T20:21:52.4312241Z   pythonLocation: /opt/hostedtoolcache/Python/3.11.14/x64
2026-02-09T20:21:52.4312635Z   PKG_CONFIG_PATH: /opt/hostedtoolcache/Python/3.11.14/x64/lib/pkgconfig
2026-02-09T20:21:52.4313029Z   Python_ROOT_DIR: /opt/hostedtoolcache/Python/3.11.14/x64
2026-02-09T20:21:52.4313373Z   Python2_ROOT_DIR: /opt/hostedtoolcache/Python/3.11.14/x64
2026-02-09T20:21:52.4313716Z   Python3_ROOT_DIR: /opt/hostedtoolcache/Python/3.11.14/x64
2026-02-09T20:21:52.4314072Z   LD_LIBRARY_PATH: /opt/hostedtoolcache/Python/3.11.14/x64/lib
2026-02-09T20:21:52.4314358Z ##[endgroup]
2026-02-09T20:21:52.4407689Z ##[group]Run missing_deps=""
2026-02-09T20:21:52.4407963Z [36;1mmissing_deps=""[0m
2026-02-09T20:21:52.4408165Z [36;1m[0m
2026-02-09T20:21:52.4408361Z [36;1m# Check for always-required commands[0m
2026-02-09T20:21:52.4408642Z [36;1mfor cmd in bash git curl; do[0m
2026-02-09T20:21:52.4408935Z [36;1m  if ! command -v "$cmd" >/dev/null 2>&1; then[0m
2026-02-09T20:21:52.4409249Z [36;1m    missing_deps="$missing_deps $cmd"[0m
2026-02-09T20:21:52.4409503Z [36;1m  fi[0m
2026-02-09T20:21:52.4409673Z [36;1mdone[0m
2026-02-09T20:21:52.4409834Z [36;1m[0m
2026-02-09T20:21:52.4410072Z [36;1m# Check for gpg only if validation is not being skipped[0m
2026-02-09T20:21:52.4410392Z [36;1mif [ "false" != "true" ]; then[0m
2026-02-09T20:21:52.4410668Z [36;1m  if ! command -v gpg >/dev/null 2>&1; then[0m
2026-02-09T20:21:52.4410963Z [36;1m    missing_deps="$missing_deps gpg"[0m
2026-02-09T20:21:52.4411360Z [36;1m  fi[0m
2026-02-09T20:21:52.4411512Z [36;1mfi[0m
2026-02-09T20:21:52.4411667Z [36;1m[0m
2026-02-09T20:21:52.4411865Z [36;1m# Report missing required dependencies[0m
2026-02-09T20:21:52.4412135Z [36;1mif [ -n "$missing_deps" ]; then[0m
2026-02-09T20:21:52.4412518Z [36;1m  echo "Error: The following required dependencies are missing:$missing_deps"[0m
2026-02-09T20:21:52.4413029Z [36;1m  echo "Please install these dependencies before using this action."[0m
2026-02-09T20:21:52.4413380Z [36;1m  exit 1[0m
2026-02-09T20:21:52.4413550Z [36;1mfi[0m
2026-02-09T20:21:52.4413699Z [36;1m[0m
2026-02-09T20:21:52.4413931Z [36;1mecho "All required system dependencies are available."[0m
2026-02-09T20:21:52.4573843Z shell: /usr/bin/sh -e {0}
2026-02-09T20:21:52.4574073Z env:
2026-02-09T20:21:52.4574310Z   pythonLocation: /opt/hostedtoolcache/Python/3.11.14/x64
2026-02-09T20:21:52.4574730Z   PKG_CONFIG_PATH: /opt/hostedtoolcache/Python/3.11.14/x64/lib/pkgconfig
2026-02-09T20:21:52.4575234Z   Python_ROOT_DIR: /opt/hostedtoolcache/Python/3.11.14/x64
2026-02-09T20:21:52.4575619Z   Python2_ROOT_DIR: /opt/hostedtoolcache/Python/3.11.14/x64
2026-02-09T20:21:52.4575973Z   Python3_ROOT_DIR: /opt/hostedtoolcache/Python/3.11.14/x64
2026-02-09T20:21:52.4576338Z   LD_LIBRARY_PATH: /opt/hostedtoolcache/Python/3.11.14/x64/lib
2026-02-09T20:21:52.4576637Z ##[endgroup]
2026-02-09T20:21:52.4642412Z All required system dependencies are available.
2026-02-09T20:21:52.4670329Z ##[group]Run CC_ACTION_VERSION=$(cat ${GITHUB_ACTION_PATH}/src/version)
2026-02-09T20:21:52.4670780Z [36;1mCC_ACTION_VERSION=$(cat ${GITHUB_ACTION_PATH}/src/version)[0m
2026-02-09T20:21:52.4671207Z [36;1mecho -e "\033[0;32m==>\033[0m Running Action version $CC_ACTION_VERSION"[0m
2026-02-09T20:21:52.4699641Z shell: /usr/bin/bash --noprofile --norc -e -o pipefail {0}
2026-02-09T20:21:52.4699953Z env:
2026-02-09T20:21:52.4700221Z   pythonLocation: /opt/hostedtoolcache/Python/3.11.14/x64
2026-02-09T20:21:52.4700631Z   PKG_CONFIG_PATH: /opt/hostedtoolcache/Python/3.11.14/x64/lib/pkgconfig
2026-02-09T20:21:52.4701031Z   Python_ROOT_DIR: /opt/hostedtoolcache/Python/3.11.14/x64
2026-02-09T20:21:52.4701388Z   Python2_ROOT_DIR: /opt/hostedtoolcache/Python/3.11.14/x64
2026-02-09T20:21:52.4701758Z   Python3_ROOT_DIR: /opt/hostedtoolcache/Python/3.11.14/x64
2026-02-09T20:21:52.4702119Z   LD_LIBRARY_PATH: /opt/hostedtoolcache/Python/3.11.14/x64/lib
2026-02-09T20:21:52.4702425Z ##[endgroup]
2026-02-09T20:21:52.4763269Z [0;32m==>[0m Running Action version 5.5.2
2026-02-09T20:21:52.4784816Z ##[group]Run git config --global --add safe.directory "/home/runner/work/tinuous/tinuous"
2026-02-09T20:21:52.4785368Z [36;1mgit config --global --add safe.directory "/home/runner/work/tinuous/tinuous"[0m
2026-02-09T20:21:52.4785843Z [36;1mgit config --global --add safe.directory "$GITHUB_WORKSPACE"[0m
2026-02-09T20:21:52.4814253Z shell: /usr/bin/bash --noprofile --norc -e -o pipefail {0}
2026-02-09T20:21:52.4814556Z env:
2026-02-09T20:21:52.4814802Z   pythonLocation: /opt/hostedtoolcache/Python/3.11.14/x64
2026-02-09T20:21:52.4815201Z   PKG_CONFIG_PATH: /opt/hostedtoolcache/Python/3.11.14/x64/lib/pkgconfig
2026-02-09T20:21:52.4815591Z   Python_ROOT_DIR: /opt/hostedtoolcache/Python/3.11.14/x64
2026-02-09T20:21:52.4815943Z   Python2_ROOT_DIR: /opt/hostedtoolcache/Python/3.11.14/x64
2026-02-09T20:21:52.4816296Z   Python3_ROOT_DIR: /opt/hostedtoolcache/Python/3.11.14/x64
2026-02-09T20:21:52.4816644Z   LD_LIBRARY_PATH: /opt/hostedtoolcache/Python/3.11.14/x64/lib
2026-02-09T20:21:52.4816947Z ##[endgroup]
2026-02-09T20:21:52.4916417Z ##[group]Run CC_FORK="false"
2026-02-09T20:21:52.4916678Z [36;1mCC_FORK="false"[0m
2026-02-09T20:21:52.4917480Z [36;1mif [ -n "$GITHUB_EVENT_PULL_REQUEST_HEAD_REPO_FULL_NAME" ] && [ "$GITHUB_EVENT_PULL_REQUEST_HEAD_REPO_FULL_NAME" != "$GITHUB_REPOSITORY" ];[0m
2026-02-09T20:21:52.4918069Z [36;1mthen[0m
2026-02-09T20:21:52.4918305Z [36;1m  echo -e "\033[0;32m==>\033[0m Fork detected"[0m
2026-02-09T20:21:52.4918799Z [36;1m  CC_FORK="true"[0m
2026-02-09T20:21:52.4919009Z [36;1mfi[0m
2026-02-09T20:21:52.4919227Z [36;1mecho "CC_FORK=$CC_FORK" >> "$GITHUB_ENV"[0m
2026-02-09T20:21:52.4947577Z shell: /usr/bin/bash --noprofile --norc -e -o pipefail {0}
2026-02-09T20:21:52.4947909Z env:
2026-02-09T20:21:52.4948159Z   pythonLocation: /opt/hostedtoolcache/Python/3.11.14/x64
2026-02-09T20:21:52.4948588Z   PKG_CONFIG_PATH: /opt/hostedtoolcache/Python/3.11.14/x64/lib/pkgconfig
2026-02-09T20:21:52.4949001Z   Python_ROOT_DIR: /opt/hostedtoolcache/Python/3.11.14/x64
2026-02-09T20:21:52.4949372Z   Python2_ROOT_DIR: /opt/hostedtoolcache/Python/3.11.14/x64
2026-02-09T20:21:52.4949747Z   Python3_ROOT_DIR: /opt/hostedtoolcache/Python/3.11.14/x64
2026-02-09T20:21:52.4950112Z   LD_LIBRARY_PATH: /opt/hostedtoolcache/Python/3.11.14/x64/lib
2026-02-09T20:21:52.4950580Z   GITHUB_EVENT_PULL_REQUEST_HEAD_LABEL: con:dependabot/github_actions/actions/checkout-6
2026-02-09T20:21:52.4951067Z   GITHUB_EVENT_PULL_REQUEST_HEAD_REPO_FULL_NAME: con/tinuous
2026-02-09T20:21:52.4951394Z   GITHUB_REPOSITORY: con/tinuous
2026-02-09T20:21:52.4951628Z ##[endgroup]
2026-02-09T20:21:52.5055430Z ##[group]Run actions/github-script@60a0d83039c74a4aee543508d2ffcb1c3799cdea
2026-02-09T20:21:52.5055785Z with:
2026-02-09T20:21:52.5056501Z   script: if (process.env.CC_USE_OIDC === 'true' && process.env.CC_FORK != 'true') {
  const id_token = await core.getIDToken(process.env.CC_OIDC_AUDIENCE)
  return id_token
}

2026-02-09T20:21:52.5057535Z   github-token: ***
2026-02-09T20:21:52.5057742Z   debug: false
2026-02-09T20:21:52.5057931Z   user-agent: actions/github-script
2026-02-09T20:21:52.5058176Z   result-encoding: json
2026-02-09T20:21:52.5058378Z   retries: 0
2026-02-09T20:21:52.5058591Z   retry-exempt-status-codes: 400,401,403,404,422
2026-02-09T20:21:52.5058851Z env:
2026-02-09T20:21:52.5059081Z   pythonLocation: /opt/hostedtoolcache/Python/3.11.14/x64
2026-02-09T20:21:52.5059494Z   PKG_CONFIG_PATH: /opt/hostedtoolcache/Python/3.11.14/x64/lib/pkgconfig
2026-02-09T20:21:52.5059893Z   Python_ROOT_DIR: /opt/hostedtoolcache/Python/3.11.14/x64
2026-02-09T20:21:52.5060247Z   Python2_ROOT_DIR: /opt/hostedtoolcache/Python/3.11.14/x64
2026-02-09T20:21:52.5060596Z   Python3_ROOT_DIR: /opt/hostedtoolcache/Python/3.11.14/x64
2026-02-09T20:21:52.5060943Z   LD_LIBRARY_PATH: /opt/hostedtoolcache/Python/3.11.14/x64/lib
2026-02-09T20:21:52.5061243Z   CC_FORK: false
2026-02-09T20:21:52.5061453Z   CC_OIDC_AUDIENCE: https://codecov.io
2026-02-09T20:21:52.5061707Z   CC_USE_OIDC: false
2026-02-09T20:21:52.5061897Z ##[endgroup]
2026-02-09T20:21:52.5988056Z ##[group]Run if [ "false" == 'true' ] && [ "$CC_FORK" != 'true' ];
2026-02-09T20:21:52.5988475Z [36;1mif [ "false" == 'true' ] && [ "$CC_FORK" != 'true' ];[0m
2026-02-09T20:21:52.5988773Z [36;1mthen[0m
2026-02-09T20:21:52.5989019Z [36;1m  echo "CC_TOKEN=$CC_OIDC_TOKEN" >> "$GITHUB_ENV"[0m
2026-02-09T20:21:52.5989329Z [36;1melif [ -n "" ];[0m
2026-02-09T20:21:52.5989532Z [36;1mthen[0m
2026-02-09T20:21:52.5989773Z [36;1m  echo -e "\033[0;32m==>\033[0m Token set from env"[0m
2026-02-09T20:21:52.5990107Z [36;1m    echo "CC_TOKEN=" >> "$GITHUB_ENV"[0m
2026-02-09T20:21:52.5990368Z [36;1melse[0m
2026-02-09T20:21:52.5990726Z [36;1m  if [ -n "***" ];[0m
2026-02-09T20:21:52.5990952Z [36;1m  then[0m
2026-02-09T20:21:52.5991218Z [36;1m    echo -e "\033[0;32m==>\033[0m Token set from input"[0m
2026-02-09T20:21:52.5991674Z [36;1m    CC_TOKEN=$(echo "***" | tr -d '\n')[0m
2026-02-09T20:21:52.5991988Z [36;1m    echo "CC_TOKEN=$CC_TOKEN" >> "$GITHUB_ENV"[0m
2026-02-09T20:21:52.5992270Z [36;1m  fi[0m
2026-02-09T20:21:52.5992448Z [36;1mfi[0m
2026-02-09T20:21:52.6023544Z shell: /usr/bin/bash --noprofile --norc -e -o pipefail {0}
2026-02-09T20:21:52.6023874Z env:
2026-02-09T20:21:52.6024130Z   pythonLocation: /opt/hostedtoolcache/Python/3.11.14/x64
2026-02-09T20:21:52.6024554Z   PKG_CONFIG_PATH: /opt/hostedtoolcache/Python/3.11.14/x64/lib/pkgconfig
2026-02-09T20:21:52.6024965Z   Python_ROOT_DIR: /opt/hostedtoolcache/Python/3.11.14/x64
2026-02-09T20:21:52.6025541Z   Python2_ROOT_DIR: /opt/hostedtoolcache/Python/3.11.14/x64
2026-02-09T20:21:52.6025914Z   Python3_ROOT_DIR: /opt/hostedtoolcache/Python/3.11.14/x64
2026-02-09T20:21:52.6026284Z   LD_LIBRARY_PATH: /opt/hostedtoolcache/Python/3.11.14/x64/lib
2026-02-09T20:21:52.6026597Z   CC_FORK: false
2026-02-09T20:21:52.6026782Z   CC_OIDC_TOKEN: 
2026-02-09T20:21:52.6027004Z   CC_OIDC_AUDIENCE: https://codecov.io
2026-02-09T20:21:52.6027536Z ##[endgroup]
2026-02-09T20:21:52.6078520Z [0;32m==>[0m Token set from input
2026-02-09T20:21:52.6117400Z ##[group]Run if [ -z "$CC_BRANCH" ] && [ -z "$CC_TOKEN" ] && [ "$CC_FORK" == 'true' ]
2026-02-09T20:21:52.6117922Z [36;1mif [ -z "$CC_BRANCH" ] && [ -z "$CC_TOKEN" ] && [ "$CC_FORK" == 'true' ][0m
2026-02-09T20:21:52.6118259Z [36;1mthen[0m
2026-02-09T20:21:52.6118637Z [36;1m  echo -e "\033[0;32m==>\033[0m Fork detected, setting branch to $GITHUB_EVENT_PULL_REQUEST_HEAD_LABEL"[0m
2026-02-09T20:21:52.6119171Z [36;1m  TOKENLESS="$GITHUB_EVENT_PULL_REQUEST_HEAD_LABEL"[0m
2026-02-09T20:21:52.6119533Z [36;1m  CC_BRANCH="$GITHUB_EVENT_PULL_REQUEST_HEAD_LABEL"[0m
2026-02-09T20:21:52.6119854Z [36;1m  echo "TOKENLESS=$TOKENLESS" >> "$GITHUB_ENV"[0m
2026-02-09T20:21:52.6120121Z [36;1mfi[0m
2026-02-09T20:21:52.6120305Z [36;1m[0m
2026-02-09T20:21:52.6120508Z [36;1mecho "CC_BRANCH=$CC_BRANCH" >> "$GITHUB_ENV"[0m
2026-02-09T20:21:52.6149134Z shell: /usr/bin/bash --noprofile --norc -e -o pipefail {0}
2026-02-09T20:21:52.6149541Z env:
2026-02-09T20:21:52.6149881Z   pythonLocation: /opt/hostedtoolcache/Python/3.11.14/x64
2026-02-09T20:21:52.6150366Z   PKG_CONFIG_PATH: /opt/hostedtoolcache/Python/3.11.14/x64/lib/pkgconfig
2026-02-09T20:21:52.6150936Z   Python_ROOT_DIR: /opt/hostedtoolcache/Python/3.11.14/x64
2026-02-09T20:21:52.6151385Z   Python2_ROOT_DIR: /opt/hostedtoolcache/Python/3.11.14/x64
2026-02-09T20:21:52.6151777Z   Python3_ROOT_DIR: /opt/hostedtoolcache/Python/3.11.14/x64
2026-02-09T20:21:52.6152317Z   LD_LIBRARY_PATH: /opt/hostedtoolcache/Python/3.11.14/x64/lib
2026-02-09T20:21:52.6152727Z   CC_FORK: false
2026-02-09T20:21:52.6153079Z   CC_TOKEN: ***
2026-02-09T20:21:52.6153411Z   CC_BRANCH: 
2026-02-09T20:21:52.6153835Z   GITHUB_EVENT_PULL_REQUEST_HEAD_LABEL: con:dependabot/github_actions/actions/checkout-6
2026-02-09T20:21:52.6154339Z   GITHUB_EVENT_PULL_REQUEST_HEAD_REPO_FULL_NAME: con/tinuous
2026-02-09T20:21:52.6154798Z   GITHUB_REPOSITORY: con/tinuous
2026-02-09T20:21:52.6155116Z ##[endgroup]
2026-02-09T20:21:52.6243606Z ##[group]Run if [ -z "$CC_SHA" ];
2026-02-09T20:21:52.6243893Z [36;1mif [ -z "$CC_SHA" ];[0m
2026-02-09T20:21:52.6244103Z [36;1mthen[0m
2026-02-09T20:21:52.6244323Z [36;1m  CC_SHA="$GITHUB_EVENT_PULL_REQUEST_HEAD_SHA"[0m
2026-02-09T20:21:52.6244601Z [36;1mfi[0m
2026-02-09T20:21:52.6244819Z [36;1mif [ -z "$CC_PR" ] && [ "$CC_FORK" == 'true' ];[0m
2026-02-09T20:21:52.6245083Z [36;1mthen[0m
2026-02-09T20:21:52.6245269Z [36;1m  CC_PR="$GITHUB_EVENT_NUMBER"[0m
2026-02-09T20:21:52.6245494Z [36;1mfi[0m
2026-02-09T20:21:52.6245658Z [36;1m[0m
2026-02-09T20:21:52.6245846Z [36;1mecho "CC_SHA=$CC_SHA" >> "$GITHUB_ENV"[0m
2026-02-09T20:21:52.6246117Z [36;1mecho "CC_PR=$CC_PR" >> "$GITHUB_ENV"[0m
2026-02-09T20:21:52.6274536Z shell: /usr/bin/bash --noprofile --norc -e -o pipefail {0}
2026-02-09T20:21:52.6274939Z env:
2026-02-09T20:21:52.6275184Z   pythonLocation: /opt/hostedtoolcache/Python/3.11.14/x64
2026-02-09T20:21:52.6275589Z   PKG_CONFIG_PATH: /opt/hostedtoolcache/Python/3.11.14/x64/lib/pkgconfig
2026-02-09T20:21:52.6275981Z   Python_ROOT_DIR: /opt/hostedtoolcache/Python/3.11.14/x64
2026-02-09T20:21:52.6276331Z   Python2_ROOT_DIR: /opt/hostedtoolcache/Python/3.11.14/x64
2026-02-09T20:21:52.6276684Z   Python3_ROOT_DIR: /opt/hostedtoolcache/Python/3.11.14/x64
2026-02-09T20:21:52.6277041Z   LD_LIBRARY_PATH: /opt/hostedtoolcache/Python/3.11.14/x64/lib
2026-02-09T20:21:52.6277537Z   CC_FORK: false
2026-02-09T20:21:52.6277798Z   CC_TOKEN: ***
2026-02-09T20:21:52.6277969Z   CC_BRANCH: 
2026-02-09T20:21:52.6278123Z   CC_PR: 
2026-02-09T20:21:52.6278453Z   CC_SHA: 
2026-02-09T20:21:52.6278625Z   GITHUB_EVENT_NAME: pull_request
2026-02-09T20:21:52.6278856Z   GITHUB_EVENT_NUMBER: 219
2026-02-09T20:21:52.6279181Z   GITHUB_EVENT_PULL_REQUEST_HEAD_SHA: 8ecd1a34b0682451f3c7d6b11c316d9b80aa9fd7
2026-02-09T20:21:52.6279527Z ##[endgroup]
2026-02-09T20:21:52.6358262Z ##[group]Run ${GITHUB_ACTION_PATH}/dist/codecov.sh
2026-02-09T20:21:52.6358617Z [36;1m${GITHUB_ACTION_PATH}/dist/codecov.sh[0m
2026-02-09T20:21:52.6386710Z shell: /usr/bin/bash --noprofile --norc -e -o pipefail {0}
2026-02-09T20:21:52.6387020Z env:
2026-02-09T20:21:52.6387474Z   pythonLocation: /opt/hostedtoolcache/Python/3.11.14/x64
2026-02-09T20:21:52.6387896Z   PKG_CONFIG_PATH: /opt/hostedtoolcache/Python/3.11.14/x64/lib/pkgconfig
2026-02-09T20:21:52.6388295Z   Python_ROOT_DIR: /opt/hostedtoolcache/Python/3.11.14/x64
2026-02-09T20:21:52.6388660Z   Python2_ROOT_DIR: /opt/hostedtoolcache/Python/3.11.14/x64
2026-02-09T20:21:52.6389012Z   Python3_ROOT_DIR: /opt/hostedtoolcache/Python/3.11.14/x64
2026-02-09T20:21:52.6389399Z   LD_LIBRARY_PATH: /opt/hostedtoolcache/Python/3.11.14/x64/lib
2026-02-09T20:21:52.6389711Z   CC_FORK: false
2026-02-09T20:21:52.6389990Z   CC_TOKEN: ***
2026-02-09T20:21:52.6390162Z   CC_BRANCH: 
2026-02-09T20:21:52.6390362Z   CC_SHA: 8ecd1a34b0682451f3c7d6b11c316d9b80aa9fd7
2026-02-09T20:21:52.6390617Z   CC_PR: 
2026-02-09T20:21:52.6390771Z   CC_BASE_SHA: 
2026-02-09T20:21:52.6391086Z   CC_BINARY: 
2026-02-09T20:21:52.6391254Z   CC_BUILD: 
2026-02-09T20:21:52.6391414Z   CC_BUILD_URL: 
2026-02-09T20:21:52.6391574Z   CC_CODE: 
2026-02-09T20:21:52.6391727Z   CC_DIR: 
2026-02-09T20:21:52.6391888Z   CC_DISABLE_FILE_FIXES: false
2026-02-09T20:21:52.6392108Z   CC_DISABLE_SEARCH: false
2026-02-09T20:21:52.6392312Z   CC_DISABLE_TELEM: false
2026-02-09T20:21:52.6392500Z   CC_DRY_RUN: false
2026-02-09T20:21:52.6392678Z   CC_ENTERPRISE_URL: 
2026-02-09T20:21:52.6392853Z   CC_ENV: 
2026-02-09T20:21:52.6393009Z   CC_EXCLUDES: 
2026-02-09T20:21:52.6393184Z   CC_FAIL_ON_ERROR: false
2026-02-09T20:21:52.6393372Z   CC_FILES: 
2026-02-09T20:21:52.6393526Z   CC_FLAGS: 
2026-02-09T20:21:52.6393670Z   CC_FORCE: 
2026-02-09T20:21:52.6393820Z   CC_GCOV_ARGS: 
2026-02-09T20:21:52.6393995Z   CC_GCOV_EXECUTABLE: gcov
2026-02-09T20:21:52.6394184Z   CC_GCOV_IGNORE: 
2026-02-09T20:21:52.6394357Z   CC_GCOV_INCLUDE: 
2026-02-09T20:21:52.6394539Z   CC_GIT_SERVICE: github
2026-02-09T20:21:52.6394759Z   CC_HANDLE_NO_REPORTS_FOUND: false
2026-02-09T20:21:52.6394988Z   CC_JOB_CODE: 
2026-02-09T20:21:52.6395151Z   CC_LEGACY: false
2026-02-09T20:21:52.6395327Z   CC_NAME: 3.11
2026-02-09T20:21:52.6395495Z   CC_NETWORK_FILTER: 
2026-02-09T20:21:52.6395676Z   CC_NETWORK_PREFIX: 
2026-02-09T20:21:52.6395864Z   CC_NETWORK_ROOT_FOLDER: 
2026-02-09T20:21:52.6396052Z   CC_OS: 
2026-02-09T20:21:52.6396206Z   CC_PARENT_SHA: 
2026-02-09T20:21:52.6396411Z   CC_PLUGINS: 
2026-02-09T20:21:52.6396594Z   CC_RECURSE_SUBMODULES: false
2026-02-09T20:21:52.6396802Z   CC_REPORT_TYPE: 
2026-02-09T20:21:52.6396987Z   CC_RUN_CMD: upload-coverage
2026-02-09T20:21:52.6397424Z   CC_SERVICE: github
2026-02-09T20:21:52.6397696Z   CC_SKIP_VALIDATION: false
2026-02-09T20:21:52.6397893Z   CC_SLUG: 
2026-02-09T20:21:52.6398048Z   CC_SWIFT_PROJECT: 
2026-02-09T20:21:52.6398225Z   CC_USE_PYPI: false
2026-02-09T20:21:52.6398398Z   CC_VERBOSE: false
2026-02-09T20:21:52.6398565Z   CC_VERSION: latest
2026-02-09T20:21:52.6398740Z   CC_YML_PATH: 
2026-02-09T20:21:52.6398912Z ##[endgroup]
2026-02-09T20:21:52.6469997Z      _____          _
2026-02-09T20:21:52.6470328Z     / ____|        | |
2026-02-09T20:21:52.6470643Z    | |     ___   __| | ___  ___ _____   __
2026-02-09T20:21:52.6470960Z    | |    / _ \ / _` |/ _ \/ __/ _ \ \ / /
2026-02-09T20:21:52.6471197Z    | |___| (_) | (_| |  __/ (_| (_) \ V /
2026-02-09T20:21:52.6471433Z     \_____\___/ \__,_|\___|\___\___/ \_/
2026-02-09T20:21:52.6471916Z                            [0;31m Wrapper-0.2.7[0m
2026-02-09T20:21:52.6472175Z                            
2026-02-09T20:21:52.6525080Z [0;32m==>[0m Detected [0;36mlinux[0m
2026-02-09T20:21:52.6526160Z [0;32m ->[0m Downloading [0;36mhttps://cli.codecov.io/latest/linux/codecov[0m
2026-02-09T20:21:52.6577790Z   % Total    % Received % Xferd  Average Speed   Time    Time     Time  Current
2026-02-09T20:21:52.6578545Z                                  Dload  Upload   Total   Spent    Left  Speed
2026-02-09T20:21:52.6578962Z 
2026-02-09T20:21:52.8748130Z   0     0    0     0    0     0      0      0 --:--:-- --:--:-- --:--:--     0
2026-02-09T20:21:52.8748812Z 100 10.6M  100 10.6M    0     0  49.0M      0 --:--:-- --:--:-- --:--:-- 49.0M
2026-02-09T20:21:52.8772823Z [0;32m==>[0m Finishing downloading [0;36mlinux:latest[0m
2026-02-09T20:21:52.9453335Z       Version: [0;36mv11.2.6[0m
2026-02-09T20:21:52.9453730Z  
2026-02-09T20:21:52.9506487Z gpg: directory '/home/runner/.gnupg' created
2026-02-09T20:21:52.9511185Z gpg: keybox '/home/runner/.gnupg/pubring.kbx' created
2026-02-09T20:21:53.1150858Z gpg: /home/runner/.gnupg/trustdb.gpg: trustdb created
2026-02-09T20:21:53.1151816Z gpg: key 806BB28AED779869: public key "Codecov Uploader (Codecov Uploader Verification Key) <security@codecov.io>" imported
2026-02-09T20:21:53.1280455Z gpg: Total number processed: 1
2026-02-09T20:21:53.1280916Z gpg:               imported: 1
2026-02-09T20:21:53.1286209Z [0;32m==>[0m Verifying GPG signature integrity
2026-02-09T20:21:53.1287569Z [0;32m ->[0m Downloading [0;36mhttps://cli.codecov.io/latest/linux/codecov.SHA256SUM[0m
2026-02-09T20:21:53.1288748Z [0;32m ->[0m Downloading [0;36mhttps://cli.codecov.io/latest/linux/codecov.SHA256SUM.sig[0m
2026-02-09T20:21:53.1289183Z  
2026-02-09T20:21:53.2647967Z gpg: Signature made Fri Dec  5 15:31:48 2025 UTC
2026-02-09T20:21:53.2648661Z gpg:                using RSA key 27034E7FDB850E0BBC2C62FF806BB28AED779869
2026-02-09T20:21:53.2651430Z gpg: Good signature from "Codecov Uploader (Codecov Uploader Verification Key) <security@codecov.io>" [unknown]
2026-02-09T20:21:53.2652442Z gpg: WARNING: This key is not certified with a trusted signature!
2026-02-09T20:21:53.2653181Z gpg:          There is no indication that the signature belongs to the owner.
2026-02-09T20:21:53.2653935Z Primary key fingerprint: 2703 4E7F DB85 0E0B BC2C  62FF 806B B28A ED77 9869
2026-02-09T20:21:53.3300213Z codecov: OK
2026-02-09T20:21:53.3310329Z [0;32m==>[0m CLI integrity verified
2026-02-09T20:21:53.3310692Z 
2026-02-09T20:21:53.3972733Z [0;32m ->[0m Token length: 36
2026-02-09T20:21:53.3973277Z [0;32m==>[0m Running upload-coverage
2026-02-09T20:21:53.3985692Z       [0;36m./codecov  upload-coverage -t <redacted> --git-service github --sha 8ecd1a34b0682451f3c7d6b11c316d9b80aa9fd7 --gcov-executable gcov --name 3.11[0m
2026-02-09T20:21:53.7472586Z info - 2026-02-09 20:21:53,746 -- ci service found: github-actions
2026-02-09T20:21:53.7886441Z warning - 2026-02-09 20:21:53,788 -- xcrun is not installed or can't be found.
2026-02-09T20:21:53.8591078Z warning - 2026-02-09 20:21:53,858 -- No gcov data found.
2026-02-09T20:21:53.8594926Z warning - 2026-02-09 20:21:53,859 -- coverage.py is not installed or can't be found.
2026-02-09T20:21:53.8759159Z info - 2026-02-09 20:21:53,875 -- Found 1 coverage files to report
2026-02-09T20:21:53.8760345Z info - 2026-02-09 20:21:53,875 -- > /home/runner/work/tinuous/tinuous/coverage.xml
2026-02-09T20:21:54.3849789Z info - 2026-02-09 20:21:54,384 -- Your upload is now processing. When finished, results will be available at: https://app.codecov.io/github/con/tinuous/commit/8ecd1a34b0682451f3c7d6b11c316d9b80aa9fd7
2026-02-09T20:21:54.5404571Z info - 2026-02-09 20:21:54,540 -- Process Upload complete
2026-02-09T20:21:54.7040505Z Post job cleanup.
2026-02-09T20:21:54.8635032Z Post job cleanup.
2026-02-09T20:21:54.9401361Z [command]/usr/bin/git version
2026-02-09T20:21:54.9469964Z git version 2.52.0
2026-02-09T20:21:54.9503997Z Copying '/home/runner/.gitconfig' to '/home/runner/work/_temp/e0d1cccb-01e4-4e25-9362-4a82e967e770/.gitconfig'
2026-02-09T20:21:54.9513890Z Temporarily overriding HOME='/home/runner/work/_temp/e0d1cccb-01e4-4e25-9362-4a82e967e770' before making global git config changes
2026-02-09T20:21:54.9515496Z Adding repository directory to the temporary git global config as a safe directory
2026-02-09T20:21:54.9519290Z [command]/usr/bin/git config --global --add safe.directory /home/runner/work/tinuous/tinuous
2026-02-09T20:21:54.9548225Z Removing SSH command configuration
2026-02-09T20:21:54.9554094Z [command]/usr/bin/git config --local --name-only --get-regexp core\.sshCommand
2026-02-09T20:21:54.9588121Z [command]/usr/bin/git submodule foreach --recursive sh -c "git config --local --name-only --get-regexp 'core\.sshCommand' && git config --local --unset-all 'core.sshCommand' || :"
2026-02-09T20:21:54.9816928Z Removing HTTP extra header
2026-02-09T20:21:54.9822282Z [command]/usr/bin/git config --local --name-only --get-regexp http\.https\:\/\/github\.com\/\.extraheader
2026-02-09T20:21:54.9853921Z [command]/usr/bin/git submodule foreach --recursive sh -c "git config --local --name-only --get-regexp 'http\.https\:\/\/github\.com\/\.extraheader' && git config --local --unset-all 'http.https://github.com/.extraheader' || :"
2026-02-09T20:21:55.0072805Z Removing includeIf entries pointing to credentials config files
2026-02-09T20:21:55.0078971Z [command]/usr/bin/git config --local --name-only --get-regexp ^includeIf\.gitdir:
2026-02-09T20:21:55.0100932Z includeif.gitdir:/home/runner/work/tinuous/tinuous/.git.path
2026-02-09T20:21:55.0101848Z includeif.gitdir:/home/runner/work/tinuous/tinuous/.git/worktrees/*.path
2026-02-09T20:21:55.0102542Z includeif.gitdir:/github/workspace/.git.path
2026-02-09T20:21:55.0103123Z includeif.gitdir:/github/workspace/.git/worktrees/*.path
2026-02-09T20:21:55.0111682Z [command]/usr/bin/git config --local --get-all includeif.gitdir:/home/runner/work/tinuous/tinuous/.git.path
2026-02-09T20:21:55.0132684Z /home/runner/work/_temp/git-credentials-8a90b36f-32c9-4863-a875-9a8f7206707e.config
2026-02-09T20:21:55.0144119Z [command]/usr/bin/git config --local --unset includeif.gitdir:/home/runner/work/tinuous/tinuous/.git.path /home/runner/work/_temp/git-credentials-8a90b36f-32c9-4863-a875-9a8f7206707e.config
2026-02-09T20:21:55.0176750Z [command]/usr/bin/git config --local --get-all includeif.gitdir:/home/runner/work/tinuous/tinuous/.git/worktrees/*.path
2026-02-09T20:21:55.0198057Z /home/runner/work/_temp/git-credentials-8a90b36f-32c9-4863-a875-9a8f7206707e.config
2026-02-09T20:21:55.0208087Z [command]/usr/bin/git config --local --unset includeif.gitdir:/home/runner/work/tinuous/tinuous/.git/worktrees/*.path /home/runner/work/_temp/git-credentials-8a90b36f-32c9-4863-a875-9a8f7206707e.config
2026-02-09T20:21:55.0238202Z [command]/usr/bin/git config --local --get-all includeif.gitdir:/github/workspace/.git.path
2026-02-09T20:21:55.0258577Z /github/runner_temp/git-credentials-8a90b36f-32c9-4863-a875-9a8f7206707e.config
2026-02-09T20:21:55.0267456Z [command]/usr/bin/git config --local --unset includeif.gitdir:/github/workspace/.git.path /github/runner_temp/git-credentials-8a90b36f-32c9-4863-a875-9a8f7206707e.config
2026-02-09T20:21:55.0298001Z [command]/usr/bin/git config --local --get-all includeif.gitdir:/github/workspace/.git/worktrees/*.path
2026-02-09T20:21:55.0318419Z /github/runner_temp/git-credentials-8a90b36f-32c9-4863-a875-9a8f7206707e.config
2026-02-09T20:21:55.0327972Z [command]/usr/bin/git config --local --unset includeif.gitdir:/github/workspace/.git/worktrees/*.path /github/runner_temp/git-credentials-8a90b36f-32c9-4863-a875-9a8f7206707e.config
2026-02-09T20:21:55.0364320Z [command]/usr/bin/git submodule foreach --recursive git config --local --show-origin --name-only --get-regexp remote.origin.url
2026-02-09T20:21:55.0580411Z Removing credentials config '/home/runner/work/_temp/git-credentials-8a90b36f-32c9-4863-a875-9a8f7206707e.config'
2026-02-09T20:21:55.0696539Z Cleaning up orphan processes
