2025-03-18T19:30:43.2774780Z Current runner version: '2.322.0'
2025-03-18T19:30:43.2802623Z ##[group]Operating System
2025-03-18T19:30:43.2803474Z Ubuntu
2025-03-18T19:30:43.2804126Z 24.04.2
2025-03-18T19:30:43.2804638Z LTS
2025-03-18T19:30:43.2805146Z ##[endgroup]
2025-03-18T19:30:43.2805761Z ##[group]Runner Image
2025-03-18T19:30:43.2806313Z Image: ubuntu-24.04
2025-03-18T19:30:43.2806835Z Version: 20250316.1.0
2025-03-18T19:30:43.2807932Z Included Software: https://github.com/actions/runner-images/blob/ubuntu24/20250316.1/images/ubuntu/Ubuntu2404-Readme.md
2025-03-18T19:30:43.2809256Z Image Release: https://github.com/actions/runner-images/releases/tag/ubuntu24%2F20250316.1
2025-03-18T19:30:43.2810158Z ##[endgroup]
2025-03-18T19:30:43.2810733Z ##[group]Runner Image Provisioner
2025-03-18T19:30:43.2811494Z 2.0.422.1
2025-03-18T19:30:43.2812005Z ##[endgroup]
2025-03-18T19:30:43.2814408Z ##[group]GITHUB_TOKEN Permissions
2025-03-18T19:30:43.2816582Z Actions: write
2025-03-18T19:30:43.2817394Z Attestations: write
2025-03-18T19:30:43.2817996Z Checks: write
2025-03-18T19:30:43.2818551Z Contents: write
2025-03-18T19:30:43.2819079Z Deployments: write
2025-03-18T19:30:43.2819564Z Discussions: write
2025-03-18T19:30:43.2820121Z Issues: write
2025-03-18T19:30:43.2820655Z Metadata: read
2025-03-18T19:30:43.2821110Z Packages: write
2025-03-18T19:30:43.2821988Z Pages: write
2025-03-18T19:30:43.2822482Z PullRequests: write
2025-03-18T19:30:43.2823012Z RepositoryProjects: write
2025-03-18T19:30:43.2823649Z SecurityEvents: write
2025-03-18T19:30:43.2824202Z Statuses: write
2025-03-18T19:30:43.2824731Z ##[endgroup]
2025-03-18T19:30:43.2827208Z Secret source: Actions
2025-03-18T19:30:43.2828094Z Prepare workflow directory
2025-03-18T19:30:43.3155565Z Prepare all required actions
2025-03-18T19:30:43.3194022Z Getting action download info
2025-03-18T19:30:43.7552207Z Download action repository 'actions/checkout@v4' (SHA:11bd71901bbe5b1630ceea73d27597364c9af683)
2025-03-18T19:30:43.8491233Z Download action repository 'actions/setup-python@v5' (SHA:42375524e23c412d93fb67b49958b491fce71c38)
2025-03-18T19:30:43.9399599Z Download action repository 'codecov/codecov-action@v5' (SHA:0565863a31f2c772f9f0395002a31e3f06189574)
2025-03-18T19:30:44.2883338Z Complete job name: test (3.10, py)
2025-03-18T19:30:44.3541818Z ##[group]Run actions/checkout@v4
2025-03-18T19:30:44.3542927Z with:
2025-03-18T19:30:44.3543333Z   fetch-depth: 0
2025-03-18T19:30:44.3543756Z   repository: con/tinuous
2025-03-18T19:30:44.3544365Z   token: ***
2025-03-18T19:30:44.3544733Z   ssh-strict: true
2025-03-18T19:30:44.3545171Z   ssh-user: git
2025-03-18T19:30:44.3545600Z   persist-credentials: true
2025-03-18T19:30:44.3546037Z   clean: true
2025-03-18T19:30:44.3546430Z   sparse-checkout-cone-mode: true
2025-03-18T19:30:44.3546890Z   fetch-tags: false
2025-03-18T19:30:44.3547274Z   show-progress: true
2025-03-18T19:30:44.3547671Z   lfs: false
2025-03-18T19:30:44.3548071Z   submodules: false
2025-03-18T19:30:44.3548511Z   set-safe-directory: true
2025-03-18T19:30:44.3549235Z ##[endgroup]
2025-03-18T19:30:44.5297736Z Syncing repository: con/tinuous
2025-03-18T19:30:44.5299509Z ##[group]Getting Git version info
2025-03-18T19:30:44.5300337Z Working directory is '/home/runner/work/tinuous/tinuous'
2025-03-18T19:30:44.5301523Z [command]/usr/bin/git version
2025-03-18T19:30:44.5358937Z git version 2.48.1
2025-03-18T19:30:44.5386565Z ##[endgroup]
2025-03-18T19:30:44.5402510Z Temporarily overriding HOME='/home/runner/work/_temp/8763ebf2-c563-4c50-8283-661107895e16' before making global git config changes
2025-03-18T19:30:44.5404902Z Adding repository directory to the temporary git global config as a safe directory
2025-03-18T19:30:44.5408825Z [command]/usr/bin/git config --global --add safe.directory /home/runner/work/tinuous/tinuous
2025-03-18T19:30:44.5443602Z Deleting the contents of '/home/runner/work/tinuous/tinuous'
2025-03-18T19:30:44.5448023Z ##[group]Initializing the repository
2025-03-18T19:30:44.5452850Z [command]/usr/bin/git init /home/runner/work/tinuous/tinuous
2025-03-18T19:30:44.5510555Z hint: Using 'master' as the name for the initial branch. This default branch name
2025-03-18T19:30:44.5512477Z hint: is subject to change. To configure the initial branch name to use in all
2025-03-18T19:30:44.5513381Z hint: of your new repositories, which will suppress this warning, call:
2025-03-18T19:30:44.5514199Z hint:
2025-03-18T19:30:44.5515050Z hint: 	git config --global init.defaultBranch <name>
2025-03-18T19:30:44.5515747Z hint:
2025-03-18T19:30:44.5516297Z hint: Names commonly chosen instead of 'master' are 'main', 'trunk' and
2025-03-18T19:30:44.5517883Z hint: 'development'. The just-created branch can be renamed via this command:
2025-03-18T19:30:44.5519174Z hint:
2025-03-18T19:30:44.5519838Z hint: 	git branch -m <name>
2025-03-18T19:30:44.5521082Z Initialized empty Git repository in /home/runner/work/tinuous/tinuous/.git/
2025-03-18T19:30:44.5528381Z [command]/usr/bin/git remote add origin https://github.com/con/tinuous
2025-03-18T19:30:44.5560480Z ##[endgroup]
2025-03-18T19:30:44.5561857Z ##[group]Disabling automatic garbage collection
2025-03-18T19:30:44.5565669Z [command]/usr/bin/git config --local gc.auto 0
2025-03-18T19:30:44.5594506Z ##[endgroup]
2025-03-18T19:30:44.5595169Z ##[group]Setting up auth
2025-03-18T19:30:44.5600870Z [command]/usr/bin/git config --local --name-only --get-regexp core\.sshCommand
2025-03-18T19:30:44.5630728Z [command]/usr/bin/git submodule foreach --recursive sh -c "git config --local --name-only --get-regexp 'core\.sshCommand' && git config --local --unset-all 'core.sshCommand' || :"
2025-03-18T19:30:44.5911008Z [command]/usr/bin/git config --local --name-only --get-regexp http\.https\:\/\/github\.com\/\.extraheader
2025-03-18T19:30:44.5940173Z [command]/usr/bin/git submodule foreach --recursive sh -c "git config --local --name-only --get-regexp 'http\.https\:\/\/github\.com\/\.extraheader' && git config --local --unset-all 'http.https://github.com/.extraheader' || :"
2025-03-18T19:30:44.6174228Z [command]/usr/bin/git config --local http.https://github.com/.extraheader AUTHORIZATION: basic ***
2025-03-18T19:30:44.6209262Z ##[endgroup]
2025-03-18T19:30:44.6210025Z ##[group]Fetching the repository
2025-03-18T19:30:44.6219816Z [command]/usr/bin/git -c protocol.version=2 fetch --prune --no-recurse-submodules origin +refs/heads/*:refs/remotes/origin/* +refs/tags/*:refs/tags/* +08c42dfbd986d580f1961425cded3af34e1ad266:refs/remotes/pull/205/merge
2025-03-18T19:30:45.0903591Z From https://github.com/con/tinuous
2025-03-18T19:30:45.0905509Z  * [new branch]      gh-203                                   -> origin/gh-203
2025-03-18T19:30:45.0907593Z  * [new branch]      gh-55                                    -> origin/gh-55
2025-03-18T19:30:45.0909553Z  * [new branch]      master                                   -> origin/master
2025-03-18T19:30:45.0911893Z  * [new branch]      no-extra-search                          -> origin/no-extra-search
2025-03-18T19:30:45.0914042Z  * [new branch]      not-run                                  -> origin/not-run
2025-03-18T19:30:45.0916138Z  * [new branch]      pragmata                                 -> origin/pragmata
2025-03-18T19:30:45.0918419Z  * [new branch]      test-appveyor                            -> origin/test-appveyor
2025-03-18T19:30:45.0920452Z  * [new tag]         0.1.0                                    -> 0.1.0
2025-03-18T19:30:45.0922467Z  * [new tag]         0.2.0                                    -> 0.2.0
2025-03-18T19:30:45.0924262Z  * [new tag]         0.3.0                                    -> 0.3.0
2025-03-18T19:30:45.0926038Z  * [new tag]         0.4.0                                    -> 0.4.0
2025-03-18T19:30:45.0927851Z  * [new tag]         0.5.0                                    -> 0.5.0
2025-03-18T19:30:45.0929675Z  * [new tag]         0.5.1                                    -> 0.5.1
2025-03-18T19:30:45.0931793Z  * [new tag]         0.5.2                                    -> 0.5.2
2025-03-18T19:30:45.0933765Z  * [new tag]         0.5.3                                    -> 0.5.3
2025-03-18T19:30:45.0935683Z  * [new tag]         0.5.4                                    -> 0.5.4
2025-03-18T19:30:45.0937536Z  * [new tag]         0.6.0                                    -> 0.6.0
2025-03-18T19:30:45.0938972Z  * [new tag]         0.6.1                                    -> 0.6.1
2025-03-18T19:30:45.1003377Z  * [new tag]         0.7.0                                    -> 0.7.0
2025-03-18T19:30:45.1005033Z  * [new ref]         08c42dfbd986d580f1961425cded3af34e1ad266 -> pull/205/merge
2025-03-18T19:30:45.1008217Z ##[endgroup]
2025-03-18T19:30:45.1009520Z ##[group]Determining the checkout info
2025-03-18T19:30:45.1010894Z ##[endgroup]
2025-03-18T19:30:45.1012246Z [command]/usr/bin/git sparse-checkout disable
2025-03-18T19:30:45.1015846Z [command]/usr/bin/git config --local --unset-all extensions.worktreeConfig
2025-03-18T19:30:45.1045538Z ##[group]Checking out the ref
2025-03-18T19:30:45.1049331Z [command]/usr/bin/git checkout --progress --force refs/remotes/pull/205/merge
2025-03-18T19:30:45.1105029Z Note: switching to 'refs/remotes/pull/205/merge'.
2025-03-18T19:30:45.1106090Z 
2025-03-18T19:30:45.1106885Z You are in 'detached HEAD' state. You can look around, make experimental
2025-03-18T19:30:45.1108932Z changes and commit them, and you can discard any commits you make in this
2025-03-18T19:30:45.1112428Z state without impacting any branches by switching back to a branch.
2025-03-18T19:30:45.1114533Z 
2025-03-18T19:30:45.1115752Z If you want to create a new branch to retain commits you create, you may
2025-03-18T19:30:45.1118757Z do so (now or later) by using -c with the switch command. Example:
2025-03-18T19:30:45.1120532Z 
2025-03-18T19:30:45.1121189Z   git switch -c <new-branch-name>
2025-03-18T19:30:45.1122572Z 
2025-03-18T19:30:45.1123193Z Or undo this operation with:
2025-03-18T19:30:45.1124227Z 
2025-03-18T19:30:45.1124828Z   git switch -
2025-03-18T19:30:45.1125401Z 
2025-03-18T19:30:45.1126382Z Turn off this advice by setting config variable advice.detachedHead to false
2025-03-18T19:30:45.1127702Z 
2025-03-18T19:30:45.1129257Z HEAD is now at 08c42df Merge 9d95e7e27520092b0a409247905a504644ea20ab into 50fb656c25cb21db819da59423bcd1e412c57487
2025-03-18T19:30:45.1134715Z ##[endgroup]
2025-03-18T19:30:45.1152278Z [command]/usr/bin/git log -1 --format=%H
2025-03-18T19:30:45.1174867Z 08c42dfbd986d580f1961425cded3af34e1ad266
2025-03-18T19:30:45.1463477Z ##[group]Run actions/setup-python@v5
2025-03-18T19:30:45.1464551Z with:
2025-03-18T19:30:45.1465262Z   python-version: 3.10
2025-03-18T19:30:45.1466109Z   check-latest: false
2025-03-18T19:30:45.1467182Z   token: ***
2025-03-18T19:30:45.1467967Z   update-environment: true
2025-03-18T19:30:45.1468888Z   allow-prereleases: false
2025-03-18T19:30:45.1469767Z ##[endgroup]
2025-03-18T19:30:45.3303231Z ##[group]Installed versions
2025-03-18T19:30:45.3366794Z Successfully set up CPython (3.10.16)
2025-03-18T19:30:45.3369636Z ##[endgroup]
2025-03-18T19:30:45.3551527Z ##[group]Run python -m pip install --upgrade pip wheel
2025-03-18T19:30:45.3553074Z [36;1mpython -m pip install --upgrade pip wheel[0m
2025-03-18T19:30:45.3554672Z [36;1mpython -m pip install --upgrade --upgrade-strategy=eager tox[0m
2025-03-18T19:30:45.3610365Z shell: /usr/bin/bash -e {0}
2025-03-18T19:30:45.3611474Z env:
2025-03-18T19:30:45.3612427Z   pythonLocation: /opt/hostedtoolcache/Python/3.10.16/x64
2025-03-18T19:30:45.3614095Z   PKG_CONFIG_PATH: /opt/hostedtoolcache/Python/3.10.16/x64/lib/pkgconfig
2025-03-18T19:30:45.3615729Z   Python_ROOT_DIR: /opt/hostedtoolcache/Python/3.10.16/x64
2025-03-18T19:30:45.3617202Z   Python2_ROOT_DIR: /opt/hostedtoolcache/Python/3.10.16/x64
2025-03-18T19:30:45.3618669Z   Python3_ROOT_DIR: /opt/hostedtoolcache/Python/3.10.16/x64
2025-03-18T19:30:45.3620150Z   LD_LIBRARY_PATH: /opt/hostedtoolcache/Python/3.10.16/x64/lib
2025-03-18T19:30:45.3621469Z ##[endgroup]
2025-03-18T19:30:45.9069160Z Requirement already satisfied: pip in /opt/hostedtoolcache/Python/3.10.16/x64/lib/python3.10/site-packages (25.0.1)
2025-03-18T19:30:46.0064052Z Collecting wheel
2025-03-18T19:30:46.0504153Z   Downloading wheel-0.45.1-py3-none-any.whl.metadata (2.3 kB)
2025-03-18T19:30:46.0590533Z Downloading wheel-0.45.1-py3-none-any.whl (72 kB)
2025-03-18T19:30:46.0937153Z Installing collected packages: wheel
2025-03-18T19:30:46.1372033Z Successfully installed wheel-0.45.1
2025-03-18T19:30:46.7096667Z Collecting tox
2025-03-18T19:30:46.7457119Z   Downloading tox-4.24.2-py3-none-any.whl.metadata (3.7 kB)
2025-03-18T19:30:46.7801829Z Collecting cachetools>=5.5.1 (from tox)
2025-03-18T19:30:46.7937362Z   Downloading cachetools-5.5.2-py3-none-any.whl.metadata (5.4 kB)
2025-03-18T19:30:46.8052627Z Collecting chardet>=5.2 (from tox)
2025-03-18T19:30:46.8094023Z   Downloading chardet-5.2.0-py3-none-any.whl.metadata (3.4 kB)
2025-03-18T19:30:46.8255627Z Collecting colorama>=0.4.6 (from tox)
2025-03-18T19:30:46.8318619Z   Downloading colorama-0.4.6-py2.py3-none-any.whl.metadata (17 kB)
2025-03-18T19:30:46.8531481Z Collecting filelock>=3.16.1 (from tox)
2025-03-18T19:30:46.8572515Z   Downloading filelock-3.18.0-py3-none-any.whl.metadata (2.9 kB)
2025-03-18T19:30:46.8766006Z Collecting packaging>=24.2 (from tox)
2025-03-18T19:30:46.8814704Z   Downloading packaging-24.2-py3-none-any.whl.metadata (3.2 kB)
2025-03-18T19:30:46.8979027Z Collecting platformdirs>=4.3.6 (from tox)
2025-03-18T19:30:46.9020923Z   Downloading platformdirs-4.3.6-py3-none-any.whl.metadata (11 kB)
2025-03-18T19:30:46.9169336Z Collecting pluggy>=1.5 (from tox)
2025-03-18T19:30:46.9216917Z   Downloading pluggy-1.5.0-py3-none-any.whl.metadata (4.8 kB)
2025-03-18T19:30:46.9373027Z Collecting pyproject-api>=1.8 (from tox)
2025-03-18T19:30:46.9416259Z   Downloading pyproject_api-1.9.0-py3-none-any.whl.metadata (2.7 kB)
2025-03-18T19:30:46.9576458Z Collecting tomli>=2.2.1 (from tox)
2025-03-18T19:30:46.9710231Z   Downloading tomli-2.2.1-py3-none-any.whl.metadata (10 kB)
2025-03-18T19:30:46.9884369Z Collecting typing-extensions>=4.12.2 (from tox)
2025-03-18T19:30:46.9927608Z   Downloading typing_extensions-4.12.2-py3-none-any.whl.metadata (3.0 kB)
2025-03-18T19:30:47.0525062Z Collecting virtualenv>=20.29.1 (from tox)
2025-03-18T19:30:47.0568706Z   Downloading virtualenv-20.29.3-py3-none-any.whl.metadata (4.5 kB)
2025-03-18T19:30:47.0822434Z Collecting distlib<1,>=0.3.7 (from virtualenv>=20.29.1->tox)
2025-03-18T19:30:47.0864232Z   Downloading distlib-0.3.9-py2.py3-none-any.whl.metadata (5.2 kB)
2025-03-18T19:30:47.1024539Z Downloading tox-4.24.2-py3-none-any.whl (172 kB)
2025-03-18T19:30:47.1132752Z Downloading cachetools-5.5.2-py3-none-any.whl (10 kB)
2025-03-18T19:30:47.1197895Z Downloading chardet-5.2.0-py3-none-any.whl (199 kB)
2025-03-18T19:30:47.1269162Z Downloading colorama-0.4.6-py2.py3-none-any.whl (25 kB)
2025-03-18T19:30:47.1333022Z Downloading filelock-3.18.0-py3-none-any.whl (16 kB)
2025-03-18T19:30:47.1405919Z Downloading packaging-24.2-py3-none-any.whl (65 kB)
2025-03-18T19:30:47.1469755Z Downloading platformdirs-4.3.6-py3-none-any.whl (18 kB)
2025-03-18T19:30:47.1534447Z Downloading pluggy-1.5.0-py3-none-any.whl (20 kB)
2025-03-18T19:30:47.1607568Z Downloading pyproject_api-1.9.0-py3-none-any.whl (13 kB)
2025-03-18T19:30:47.1673875Z Downloading tomli-2.2.1-py3-none-any.whl (14 kB)
2025-03-18T19:30:47.1734917Z Downloading typing_extensions-4.12.2-py3-none-any.whl (37 kB)
2025-03-18T19:30:47.1807893Z Downloading virtualenv-20.29.3-py3-none-any.whl (4.3 MB)
2025-03-18T19:30:47.2083460Z    ━━━━━━━━━━━━━━━━━━━━━━━━━━━━━━━━━━━━━━━━ 4.3/4.3 MB 167.3 MB/s eta 0:00:00
2025-03-18T19:30:47.2130652Z Downloading distlib-0.3.9-py2.py3-none-any.whl (468 kB)
2025-03-18T19:30:47.2674634Z Installing collected packages: distlib, typing-extensions, tomli, pluggy, platformdirs, packaging, filelock, colorama, chardet, cachetools, virtualenv, pyproject-api, tox
2025-03-18T19:30:47.8696418Z Successfully installed cachetools-5.5.2 chardet-5.2.0 colorama-0.4.6 distlib-0.3.9 filelock-3.18.0 packaging-24.2 platformdirs-4.3.6 pluggy-1.5.0 pyproject-api-1.9.0 tomli-2.2.1 tox-4.24.2 typing-extensions-4.12.2 virtualenv-20.29.3
2025-03-18T19:30:47.9477503Z ##[group]Run tox -e py -- --cov-report=xml
2025-03-18T19:30:47.9478028Z [36;1mtox -e py -- --cov-report=xml[0m
2025-03-18T19:30:47.9527253Z shell: /usr/bin/bash -e {0}
2025-03-18T19:30:47.9527484Z env:
2025-03-18T19:30:47.9527723Z   pythonLocation: /opt/hostedtoolcache/Python/3.10.16/x64
2025-03-18T19:30:47.9528137Z   PKG_CONFIG_PATH: /opt/hostedtoolcache/Python/3.10.16/x64/lib/pkgconfig
2025-03-18T19:30:47.9528522Z   Python_ROOT_DIR: /opt/hostedtoolcache/Python/3.10.16/x64
2025-03-18T19:30:47.9528866Z   Python2_ROOT_DIR: /opt/hostedtoolcache/Python/3.10.16/x64
2025-03-18T19:30:47.9529204Z   Python3_ROOT_DIR: /opt/hostedtoolcache/Python/3.10.16/x64
2025-03-18T19:30:47.9529538Z   LD_LIBRARY_PATH: /opt/hostedtoolcache/Python/3.10.16/x64/lib
2025-03-18T19:30:47.9529822Z ##[endgroup]
2025-03-18T19:30:50.3124680Z py: install_deps> python -I -m pip install pytest pytest-cov pytest-mock
2025-03-18T19:30:52.3068313Z .pkg: install_requires> python -I -m pip install 'setuptools>=46.4.0' versioningit
2025-03-18T19:30:53.3801546Z .pkg: _optional_hooks> python /opt/hostedtoolcache/Python/3.10.16/x64/lib/python3.10/site-packages/pyproject_api/_backend.py True setuptools.build_meta
2025-03-18T19:30:53.6256003Z .pkg: get_requires_for_build_sdist> python /opt/hostedtoolcache/Python/3.10.16/x64/lib/python3.10/site-packages/pyproject_api/_backend.py True setuptools.build_meta
2025-03-18T19:30:53.8865118Z .pkg: get_requires_for_build_wheel> python /opt/hostedtoolcache/Python/3.10.16/x64/lib/python3.10/site-packages/pyproject_api/_backend.py True setuptools.build_meta
2025-03-18T19:30:54.1170665Z .pkg: freeze> python -m pip freeze --all
2025-03-18T19:30:54.3446828Z .pkg: packaging==24.2,pip==25.0.1,setuptools==75.8.0,tomli==2.2.1,versioningit==3.1.2,wheel==0.45.1
2025-03-18T19:30:54.3451985Z .pkg: prepare_metadata_for_build_wheel> python /opt/hostedtoolcache/Python/3.10.16/x64/lib/python3.10/site-packages/pyproject_api/_backend.py True setuptools.build_meta
2025-03-18T19:30:54.5957223Z .pkg: build_sdist> python /opt/hostedtoolcache/Python/3.10.16/x64/lib/python3.10/site-packages/pyproject_api/_backend.py True setuptools.build_meta
2025-03-18T19:30:54.8604898Z py: install_package_deps> python -I -m pip install 'PyYAML>=5.0' 'click-loglevel~=0.2' 'click>=7.0' 'ghtoken~=0.1' 'in_place~=1.0' 'pydantic~=2.0' 'python-dateutil~=2.7' 'python-dotenv<2.0,>=0.11' 'requests~=2.20' 'typing_extensions; python_version < "3.9"'
2025-03-18T19:30:57.6215408Z py: install_package> python -I -m pip install --force-reinstall --no-deps /home/runner/work/tinuous/tinuous/.tox/.tmp/package/1/tinuous-0.7.0.post11+g08c42df.tar.gz
2025-03-18T19:31:00.2365110Z py: freeze> python -m pip freeze --all
2025-03-18T19:31:00.4819424Z py: annotated-types==0.7.0,certifi==2025.1.31,charset-normalizer==3.4.1,click==8.1.8,click-loglevel==0.6.0,coverage==7.7.0,exceptiongroup==1.2.2,ghtoken==0.1.2,idna==3.10,in_place==1.0.1,iniconfig==2.0.0,packaging==24.2,pip==25.0.1,pluggy==1.5.0,pydantic==2.10.6,pydantic_core==2.27.2,pytest==8.3.5,pytest-cov==6.0.0,pytest-mock==3.14.0,python-dateutil==2.9.0.post0,python-dotenv==1.0.1,PyYAML==6.0.2,requests==2.32.3,ruamel.yaml==0.18.10,ruamel.yaml.clib==0.2.12,setuptools==75.8.0,six==1.17.0,tinuous @ file:///home/runner/work/tinuous/tinuous/.tox/.tmp/package/1/tinuous-0.7.0.post11%2Bg08c42df.tar.gz#sha256=1c042516d266bf12a80b7f2303d4d42bc862d53fa81fd37a8283be07fdbe2ad3,tomli==2.2.1,typing_extensions==4.12.2,urllib3==2.3.0,wheel==0.45.1
2025-03-18T19:31:00.4824068Z py: commands[0]> tinuous --help
2025-03-18T19:31:00.8581042Z Usage: tinuous [OPTIONS] COMMAND [ARGS]...
2025-03-18T19:31:00.8581942Z 
2025-03-18T19:31:00.8582273Z   Download build logs from GitHub Actions, Travis, Appveyor, and CircleCI
2025-03-18T19:31:00.8582698Z 
2025-03-18T19:31:00.8582799Z Options:
2025-03-18T19:31:00.8583172Z   -V, --version                   Show the version and exit.
2025-03-18T19:31:00.8583719Z   -c, --config FILE               Read configuration from the given file
2025-03-18T19:31:00.8584682Z                                   [default: tinuous.yaml]
2025-03-18T19:31:00.8585169Z   -E, --env FILE                  Load environment variables from given .env
2025-03-18T19:31:00.8585848Z                                   file
2025-03-18T19:31:00.8586267Z   -l, --log-level [NOTSET|DEBUG|INFO|WARNING|ERROR|CRITICAL]
2025-03-18T19:31:00.8586741Z                                   Set logging level  [default: INFO]
2025-03-18T19:31:00.8587168Z   --help                          Show this message and exit.
2025-03-18T19:31:00.8587469Z 
2025-03-18T19:31:00.8587568Z Commands:
2025-03-18T19:31:00.8587825Z   fetch         Download logs
2025-03-18T19:31:00.8588185Z   fetch-commit  Download logs for a specific commit
2025-03-18T19:31:00.8588618Z   sanitize      Sanitize secrets in logs
2025-03-18T19:31:00.8884516Z py: commands[1]> pytest --cov-report=xml test
2025-03-18T19:31:02.2459417Z ============================= test session starts ==============================
2025-03-18T19:31:02.2460166Z platform linux -- Python 3.10.16, pytest-8.3.5, pluggy-1.5.0
2025-03-18T19:31:02.2460721Z cachedir: .tox/py/.pytest_cache
2025-03-18T19:31:02.2461188Z rootdir: /home/runner/work/tinuous/tinuous
2025-03-18T19:31:02.2461875Z configfile: tox.ini
2025-03-18T19:31:02.2462266Z plugins: cov-6.0.0, mock-3.14.0
2025-03-18T19:31:02.2462629Z collected 64 items
2025-03-18T19:31:02.2462826Z 
2025-03-18T19:31:02.2593189Z test/test_base.py .........                                              [ 14%]
2025-03-18T19:31:02.2701779Z test/test_config.py ........                                             [ 26%]
2025-03-18T19:31:02.2913683Z test/test_state.py ........                                              [ 39%]
2025-03-18T19:31:02.5429197Z test/test_util.py .......................................                [100%]
2025-03-18T19:31:02.5429698Z 
2025-03-18T19:31:02.5429981Z ---------- coverage: platform linux, python 3.10.16-final-0 ----------
2025-03-18T19:31:02.5430545Z Coverage XML written to file coverage.xml
2025-03-18T19:31:02.5430849Z 
2025-03-18T19:31:02.5430855Z 
2025-03-18T19:31:02.5431059Z ============================== 64 passed in 0.79s ==============================
2025-03-18T19:31:02.6143247Z   py: OK (12.64=setup[10.51]+cmd[0.41,1.72] seconds)
2025-03-18T19:31:02.6143597Z   congratulations :) (14.32 seconds)
2025-03-18T19:31:02.6840054Z ##[group]Run codecov/codecov-action@v5
2025-03-18T19:31:02.6840333Z with:
2025-03-18T19:31:02.6840513Z   fail_ci_if_error: false
2025-03-18T19:31:02.6840861Z   token: ***
2025-03-18T19:31:02.6841024Z   name: 3.10
2025-03-18T19:31:02.6841190Z   disable_file_fixes: false
2025-03-18T19:31:02.6841571Z   disable_search: false
2025-03-18T19:31:02.6841771Z   disable_safe_directory: false
2025-03-18T19:31:02.6841972Z   disable_telem: false
2025-03-18T19:31:02.6842150Z   dry_run: false
2025-03-18T19:31:02.6842318Z   git_service: github
2025-03-18T19:31:02.6842502Z   gcov_executable: gcov
2025-03-18T19:31:02.6842699Z   handle_no_reports_found: false
2025-03-18T19:31:02.6842912Z   recurse_submodules: false
2025-03-18T19:31:02.6843121Z   run_command: upload-coverage
2025-03-18T19:31:02.6843334Z   skip_validation: false
2025-03-18T19:31:02.6843555Z   use_legacy_upload_endpoint: false
2025-03-18T19:31:02.6843772Z   use_oidc: false
2025-03-18T19:31:02.6843936Z   use_pypi: false
2025-03-18T19:31:02.6844136Z   verbose: false
2025-03-18T19:31:02.6844300Z   version: latest
2025-03-18T19:31:02.6844461Z env:
2025-03-18T19:31:02.6844686Z   pythonLocation: /opt/hostedtoolcache/Python/3.10.16/x64
2025-03-18T19:31:02.6845079Z   PKG_CONFIG_PATH: /opt/hostedtoolcache/Python/3.10.16/x64/lib/pkgconfig
2025-03-18T19:31:02.6845475Z   Python_ROOT_DIR: /opt/hostedtoolcache/Python/3.10.16/x64
2025-03-18T19:31:02.6845814Z   Python2_ROOT_DIR: /opt/hostedtoolcache/Python/3.10.16/x64
2025-03-18T19:31:02.6846153Z   Python3_ROOT_DIR: /opt/hostedtoolcache/Python/3.10.16/x64
2025-03-18T19:31:02.6846494Z   LD_LIBRARY_PATH: /opt/hostedtoolcache/Python/3.10.16/x64/lib
2025-03-18T19:31:02.6846767Z ##[endgroup]
2025-03-18T19:31:02.6940302Z ##[group]Run CC_ACTION_VERSION=$(cat ${GITHUB_ACTION_PATH}/src/version)
2025-03-18T19:31:02.6941019Z [36;1mCC_ACTION_VERSION=$(cat ${GITHUB_ACTION_PATH}/src/version)[0m
2025-03-18T19:31:02.6942149Z [36;1mecho -e "\033[0;32m==>\033[0m Running Action version $CC_ACTION_VERSION"[0m
2025-03-18T19:31:02.6992209Z shell: /usr/bin/bash --noprofile --norc -e -o pipefail {0}
2025-03-18T19:31:02.6992519Z env:
2025-03-18T19:31:02.6992751Z   pythonLocation: /opt/hostedtoolcache/Python/3.10.16/x64
2025-03-18T19:31:02.6993163Z   PKG_CONFIG_PATH: /opt/hostedtoolcache/Python/3.10.16/x64/lib/pkgconfig
2025-03-18T19:31:02.6993563Z   Python_ROOT_DIR: /opt/hostedtoolcache/Python/3.10.16/x64
2025-03-18T19:31:02.6993897Z   Python2_ROOT_DIR: /opt/hostedtoolcache/Python/3.10.16/x64
2025-03-18T19:31:02.6994234Z   Python3_ROOT_DIR: /opt/hostedtoolcache/Python/3.10.16/x64
2025-03-18T19:31:02.6994577Z   LD_LIBRARY_PATH: /opt/hostedtoolcache/Python/3.10.16/x64/lib
2025-03-18T19:31:02.6994851Z ##[endgroup]
2025-03-18T19:31:02.7076979Z [0;32m==>[0m Running Action version 5.4.0
2025-03-18T19:31:02.7122037Z ##[group]Run git config --global --add safe.directory "/home/runner/work/tinuous/tinuous"
2025-03-18T19:31:02.7122583Z [36;1mgit config --global --add safe.directory "/home/runner/work/tinuous/tinuous"[0m
2025-03-18T19:31:02.7123028Z [36;1mgit config --global --add safe.directory "$GITHUB_WORKSPACE"[0m
2025-03-18T19:31:02.7167142Z shell: /usr/bin/bash --noprofile --norc -e -o pipefail {0}
2025-03-18T19:31:02.7167434Z env:
2025-03-18T19:31:02.7167676Z   pythonLocation: /opt/hostedtoolcache/Python/3.10.16/x64
2025-03-18T19:31:02.7168082Z   PKG_CONFIG_PATH: /opt/hostedtoolcache/Python/3.10.16/x64/lib/pkgconfig
2025-03-18T19:31:02.7168462Z   Python_ROOT_DIR: /opt/hostedtoolcache/Python/3.10.16/x64
2025-03-18T19:31:02.7168798Z   Python2_ROOT_DIR: /opt/hostedtoolcache/Python/3.10.16/x64
2025-03-18T19:31:02.7169128Z   Python3_ROOT_DIR: /opt/hostedtoolcache/Python/3.10.16/x64
2025-03-18T19:31:02.7169465Z   LD_LIBRARY_PATH: /opt/hostedtoolcache/Python/3.10.16/x64/lib
2025-03-18T19:31:02.7169746Z ##[endgroup]
2025-03-18T19:31:02.7282711Z ##[group]Run CC_FORK="false"
2025-03-18T19:31:02.7282966Z [36;1mCC_FORK="false"[0m
2025-03-18T19:31:02.7283614Z [36;1mif [ -n "$GITHUB_EVENT_PULL_REQUEST_HEAD_REPO_FULL_NAME" ] && [ "$GITHUB_EVENT_PULL_REQUEST_HEAD_REPO_FULL_NAME" != "$GITHUB_REPOSITORY" ];[0m
2025-03-18T19:31:02.7284112Z [36;1mthen[0m
2025-03-18T19:31:02.7284322Z [36;1m  echo -e "\033[0;32m==>\033[0m Fork detected"[0m
2025-03-18T19:31:02.7284597Z [36;1m  CC_FORK="true"[0m
2025-03-18T19:31:02.7284845Z [36;1mfi[0m
2025-03-18T19:31:02.7285038Z [36;1mecho "CC_FORK=$CC_FORK" >> "$GITHUB_ENV"[0m
2025-03-18T19:31:02.7327739Z shell: /usr/bin/bash --noprofile --norc -e -o pipefail {0}
2025-03-18T19:31:02.7328038Z env:
2025-03-18T19:31:02.7328271Z   pythonLocation: /opt/hostedtoolcache/Python/3.10.16/x64
2025-03-18T19:31:02.7328679Z   PKG_CONFIG_PATH: /opt/hostedtoolcache/Python/3.10.16/x64/lib/pkgconfig
2025-03-18T19:31:02.7329059Z   Python_ROOT_DIR: /opt/hostedtoolcache/Python/3.10.16/x64
2025-03-18T19:31:02.7329436Z   Python2_ROOT_DIR: /opt/hostedtoolcache/Python/3.10.16/x64
2025-03-18T19:31:02.7329783Z   Python3_ROOT_DIR: /opt/hostedtoolcache/Python/3.10.16/x64
2025-03-18T19:31:02.7330135Z   LD_LIBRARY_PATH: /opt/hostedtoolcache/Python/3.10.16/x64/lib
2025-03-18T19:31:02.7330461Z   GITHUB_EVENT_PULL_REQUEST_HEAD_LABEL: con:not-run
2025-03-18T19:31:02.7330771Z   GITHUB_EVENT_PULL_REQUEST_HEAD_REPO_FULL_NAME: con/tinuous
2025-03-18T19:31:02.7331063Z   GITHUB_REPOSITORY: con/tinuous
2025-03-18T19:31:02.7331451Z ##[endgroup]
2025-03-18T19:31:02.7421211Z ##[group]Run if [ "false" == 'true' ] && [ "$CC_FORK" != 'true' ];
2025-03-18T19:31:02.7421827Z [36;1mif [ "false" == 'true' ] && [ "$CC_FORK" != 'true' ];[0m
2025-03-18T19:31:02.7422097Z [36;1mthen[0m
2025-03-18T19:31:02.7422363Z [36;1m  # {"count":1984,"value":"***"}[0m
2025-03-18T19:31:02.7422752Z [36;1m  echo -e "\033[0;32m==>\033[0m Requesting OIDC token from '$ACTIONS_ID_TOKEN_REQUEST_URL'"[0m
2025-03-18T19:31:02.7423512Z [36;1m  CC_TOKEN=$(curl -H "Authorization: bearer $ACTIONS_ID_TOKEN_REQUEST_TOKEN" "$ACTIONS_ID_TOKEN_REQUEST_URL&audience=$CC_OIDC_AUDIENCE" | cut -d\" -f6)[0m
2025-03-18T19:31:02.7424376Z [36;1m  echo "CC_TOKEN=$CC_TOKEN" >> "$GITHUB_ENV"[0m
2025-03-18T19:31:02.7424644Z [36;1melif [ -n "" ];[0m
2025-03-18T19:31:02.7424888Z [36;1mthen[0m
2025-03-18T19:31:02.7425124Z [36;1m  echo -e "\033[0;32m==>\033[0m Token set from env"[0m
2025-03-18T19:31:02.7425403Z [36;1m    echo "CC_TOKEN=" >> "$GITHUB_ENV"[0m
2025-03-18T19:31:02.7425633Z [36;1melse[0m
2025-03-18T19:31:02.7425940Z [36;1m  if [ -n "***" ];[0m
2025-03-18T19:31:02.7426130Z [36;1m  then[0m
2025-03-18T19:31:02.7426436Z [36;1m    echo -e "\033[0;32m==>\033[0m Token set from input"[0m
2025-03-18T19:31:02.7426827Z [36;1m    CC_TOKEN=$(echo "***" | tr -d '\n')[0m
2025-03-18T19:31:02.7427116Z [36;1m    echo "CC_TOKEN=$CC_TOKEN" >> "$GITHUB_ENV"[0m
2025-03-18T19:31:02.7427367Z [36;1m  fi[0m
2025-03-18T19:31:02.7427528Z [36;1mfi[0m
2025-03-18T19:31:02.7470740Z shell: /usr/bin/bash --noprofile --norc -e -o pipefail {0}
2025-03-18T19:31:02.7471042Z env:
2025-03-18T19:31:02.7471428Z   pythonLocation: /opt/hostedtoolcache/Python/3.10.16/x64
2025-03-18T19:31:02.7471852Z   PKG_CONFIG_PATH: /opt/hostedtoolcache/Python/3.10.16/x64/lib/pkgconfig
2025-03-18T19:31:02.7472237Z   Python_ROOT_DIR: /opt/hostedtoolcache/Python/3.10.16/x64
2025-03-18T19:31:02.7472595Z   Python2_ROOT_DIR: /opt/hostedtoolcache/Python/3.10.16/x64
2025-03-18T19:31:02.7472945Z   Python3_ROOT_DIR: /opt/hostedtoolcache/Python/3.10.16/x64
2025-03-18T19:31:02.7473279Z   LD_LIBRARY_PATH: /opt/hostedtoolcache/Python/3.10.16/x64/lib
2025-03-18T19:31:02.7473562Z   CC_FORK: false
2025-03-18T19:31:02.7473771Z   CC_OIDC_AUDIENCE: https://codecov.io
2025-03-18T19:31:02.7474022Z ##[endgroup]
2025-03-18T19:31:02.7539442Z [0;32m==>[0m Token set from input
2025-03-18T19:31:02.7578029Z ##[group]Run if [ -z "$CC_BRANCH" ] && [ -z "$CC_TOKEN" ] && [ "$CC_FORK" == 'true' ]
2025-03-18T19:31:02.7578466Z [36;1mif [ -z "$CC_BRANCH" ] && [ -z "$CC_TOKEN" ] && [ "$CC_FORK" == 'true' ][0m
2025-03-18T19:31:02.7578778Z [36;1mthen[0m
2025-03-18T19:31:02.7579300Z [36;1m  echo -e "\033[0;32m==>\033[0m Fork detected, setting branch to $GITHUB_EVENT_PULL_REQUEST_HEAD_LABEL"[0m
2025-03-18T19:31:02.7579781Z [36;1m  TOKENLESS="$GITHUB_EVENT_PULL_REQUEST_HEAD_LABEL"[0m
2025-03-18T19:31:02.7580100Z [36;1m  CC_BRANCH="$GITHUB_EVENT_PULL_REQUEST_HEAD_LABEL"[0m
2025-03-18T19:31:02.7580408Z [36;1m  echo "TOKENLESS=$TOKENLESS" >> "$GITHUB_ENV"[0m
2025-03-18T19:31:02.7580662Z [36;1mfi[0m
2025-03-18T19:31:02.7580817Z [36;1m[0m
2025-03-18T19:31:02.7581014Z [36;1mecho "CC_BRANCH=$CC_BRANCH" >> "$GITHUB_ENV"[0m
2025-03-18T19:31:02.7624781Z shell: /usr/bin/bash --noprofile --norc -e -o pipefail {0}
2025-03-18T19:31:02.7625090Z env:
2025-03-18T19:31:02.7625326Z   pythonLocation: /opt/hostedtoolcache/Python/3.10.16/x64
2025-03-18T19:31:02.7625725Z   PKG_CONFIG_PATH: /opt/hostedtoolcache/Python/3.10.16/x64/lib/pkgconfig
2025-03-18T19:31:02.7626119Z   Python_ROOT_DIR: /opt/hostedtoolcache/Python/3.10.16/x64
2025-03-18T19:31:02.7626465Z   Python2_ROOT_DIR: /opt/hostedtoolcache/Python/3.10.16/x64
2025-03-18T19:31:02.7626817Z   Python3_ROOT_DIR: /opt/hostedtoolcache/Python/3.10.16/x64
2025-03-18T19:31:02.7627161Z   LD_LIBRARY_PATH: /opt/hostedtoolcache/Python/3.10.16/x64/lib
2025-03-18T19:31:02.7627443Z   CC_FORK: false
2025-03-18T19:31:02.7627727Z   CC_TOKEN: ***
2025-03-18T19:31:02.7627892Z   CC_BRANCH: 
2025-03-18T19:31:02.7628115Z   GITHUB_EVENT_PULL_REQUEST_HEAD_LABEL: con:not-run
2025-03-18T19:31:02.7628440Z   GITHUB_EVENT_PULL_REQUEST_HEAD_REPO_FULL_NAME: con/tinuous
2025-03-18T19:31:02.7628739Z   GITHUB_REPOSITORY: con/tinuous
2025-03-18T19:31:02.7628947Z ##[endgroup]
2025-03-18T19:31:02.7714380Z ##[group]Run if [ -z "$CC_SHA" ];
2025-03-18T19:31:02.7714640Z [36;1mif [ -z "$CC_SHA" ];[0m
2025-03-18T19:31:02.7714842Z [36;1mthen[0m
2025-03-18T19:31:02.7715056Z [36;1m  CC_SHA="$GITHUB_EVENT_PULL_REQUEST_HEAD_SHA"[0m
2025-03-18T19:31:02.7715315Z [36;1mfi[0m
2025-03-18T19:31:02.7715692Z [36;1mif [ -z "$CC_PR" ] && [ "${GITHUB_EVENT_NAME}" == "pull_request_target" ];[0m
2025-03-18T19:31:02.7715996Z [36;1mthen[0m
2025-03-18T19:31:02.7716182Z [36;1m  CC_PR="$GITHUB_EVENT_NUMBER"[0m
2025-03-18T19:31:02.7716411Z [36;1mfi[0m
2025-03-18T19:31:02.7716569Z [36;1m[0m
2025-03-18T19:31:02.7716747Z [36;1mecho "CC_SHA=$CC_SHA" >> "$GITHUB_ENV"[0m
2025-03-18T19:31:02.7717014Z [36;1mecho "CC_PR=$CC_PR" >> "$GITHUB_ENV"[0m
2025-03-18T19:31:02.7759741Z shell: /usr/bin/bash --noprofile --norc -e -o pipefail {0}
2025-03-18T19:31:02.7760045Z env:
2025-03-18T19:31:02.7760277Z   pythonLocation: /opt/hostedtoolcache/Python/3.10.16/x64
2025-03-18T19:31:02.7760665Z   PKG_CONFIG_PATH: /opt/hostedtoolcache/Python/3.10.16/x64/lib/pkgconfig
2025-03-18T19:31:02.7761039Z   Python_ROOT_DIR: /opt/hostedtoolcache/Python/3.10.16/x64
2025-03-18T19:31:02.7761536Z   Python2_ROOT_DIR: /opt/hostedtoolcache/Python/3.10.16/x64
2025-03-18T19:31:02.7761875Z   Python3_ROOT_DIR: /opt/hostedtoolcache/Python/3.10.16/x64
2025-03-18T19:31:02.7762210Z   LD_LIBRARY_PATH: /opt/hostedtoolcache/Python/3.10.16/x64/lib
2025-03-18T19:31:02.7762494Z   CC_FORK: false
2025-03-18T19:31:02.7762756Z   CC_TOKEN: ***
2025-03-18T19:31:02.7762929Z   CC_BRANCH: 
2025-03-18T19:31:02.7763090Z   CC_PR: 
2025-03-18T19:31:02.7763240Z   CC_SHA: 
2025-03-18T19:31:02.7763402Z   GITHUB_EVENT_NAME: pull_request
2025-03-18T19:31:02.7763622Z   GITHUB_EVENT_NUMBER: 205
2025-03-18T19:31:02.7763917Z   GITHUB_EVENT_PULL_REQUEST_HEAD_SHA: 9d95e7e27520092b0a409247905a504644ea20ab
2025-03-18T19:31:02.7764244Z ##[endgroup]
2025-03-18T19:31:02.7855893Z ##[group]Run ${GITHUB_ACTION_PATH}/dist/codecov.sh
2025-03-18T19:31:02.7856220Z [36;1m${GITHUB_ACTION_PATH}/dist/codecov.sh[0m
2025-03-18T19:31:02.7898849Z shell: /usr/bin/bash --noprofile --norc -e -o pipefail {0}
2025-03-18T19:31:02.7899146Z env:
2025-03-18T19:31:02.7899377Z   pythonLocation: /opt/hostedtoolcache/Python/3.10.16/x64
2025-03-18T19:31:02.7899792Z   PKG_CONFIG_PATH: /opt/hostedtoolcache/Python/3.10.16/x64/lib/pkgconfig
2025-03-18T19:31:02.7900204Z   Python_ROOT_DIR: /opt/hostedtoolcache/Python/3.10.16/x64
2025-03-18T19:31:02.7900749Z   Python2_ROOT_DIR: /opt/hostedtoolcache/Python/3.10.16/x64
2025-03-18T19:31:02.7901099Z   Python3_ROOT_DIR: /opt/hostedtoolcache/Python/3.10.16/x64
2025-03-18T19:31:02.7901706Z   LD_LIBRARY_PATH: /opt/hostedtoolcache/Python/3.10.16/x64/lib
2025-03-18T19:31:02.7901994Z   CC_FORK: false
2025-03-18T19:31:02.7902253Z   CC_TOKEN: ***
2025-03-18T19:31:02.7902428Z   CC_BRANCH: 
2025-03-18T19:31:02.7902621Z   CC_SHA: 9d95e7e27520092b0a409247905a504644ea20ab
2025-03-18T19:31:02.7902866Z   CC_PR: 
2025-03-18T19:31:02.7903020Z   CC_BASE_SHA: 
2025-03-18T19:31:02.7903186Z   CC_BINARY: 
2025-03-18T19:31:02.7903345Z   CC_BUILD: 
2025-03-18T19:31:02.7903496Z   CC_BUILD_URL: 
2025-03-18T19:31:02.7903658Z   CC_CODE: 
2025-03-18T19:31:02.7903801Z   CC_DIR: 
2025-03-18T19:31:02.7903976Z   CC_DISABLE_FILE_FIXES: false
2025-03-18T19:31:02.7904192Z   CC_DISABLE_SEARCH: false
2025-03-18T19:31:02.7904404Z   CC_DISABLE_TELEM: false
2025-03-18T19:31:02.7904587Z   CC_DRY_RUN: false
2025-03-18T19:31:02.7904771Z   CC_ENTERPRISE_URL: 
2025-03-18T19:31:02.7904942Z   CC_ENV: 
2025-03-18T19:31:02.7905101Z   CC_EXCLUDES: 
2025-03-18T19:31:02.7905289Z   CC_FAIL_ON_ERROR: false
2025-03-18T19:31:02.7905476Z   CC_FILES: 
2025-03-18T19:31:02.7905623Z   CC_FLAGS: 
2025-03-18T19:31:02.7905778Z   CC_FORCE: 
2025-03-18T19:31:02.7905934Z   CC_GCOV_ARGS: 
2025-03-18T19:31:02.7906103Z   CC_GCOV_EXECUTABLE: gcov
2025-03-18T19:31:02.7906294Z   CC_GCOV_IGNORE: 
2025-03-18T19:31:02.7906459Z   CC_GCOV_INCLUDE: 
2025-03-18T19:31:02.7906634Z   CC_GIT_SERVICE: github
2025-03-18T19:31:02.7906837Z   CC_HANDLE_NO_REPORTS_FOUND: false
2025-03-18T19:31:02.7907047Z   CC_JOB_CODE: 
2025-03-18T19:31:02.7907210Z   CC_LEGACY: false
2025-03-18T19:31:02.7907370Z   CC_NAME: 3.10
2025-03-18T19:31:02.7907532Z   CC_NETWORK_FILTER: 
2025-03-18T19:31:02.7907714Z   CC_NETWORK_PREFIX: 
2025-03-18T19:31:02.7907960Z   CC_NETWORK_ROOT_FOLDER: 
2025-03-18T19:31:02.7908308Z   CC_OS: 
2025-03-18T19:31:02.7908454Z   CC_PARENT_SHA: 
2025-03-18T19:31:02.7908623Z   CC_PLUGINS: 
2025-03-18T19:31:02.7908796Z   CC_RECURSE_SUBMODULES: false
2025-03-18T19:31:02.7908999Z   CC_REPORT_TYPE: 
2025-03-18T19:31:02.7909180Z   CC_RUN_CMD: upload-coverage
2025-03-18T19:31:02.7909385Z   CC_SERVICE: github
2025-03-18T19:31:02.7909570Z   CC_SKIP_VALIDATION: false
2025-03-18T19:31:02.7909763Z   CC_SLUG: 
2025-03-18T19:31:02.7909914Z   CC_SWIFT_PROJECT: 
2025-03-18T19:31:02.7910093Z   CC_USE_PYPI: false
2025-03-18T19:31:02.7910267Z   CC_VERBOSE: false
2025-03-18T19:31:02.7910431Z   CC_VERSION: latest
2025-03-18T19:31:02.7910600Z   CC_YML_PATH: 
2025-03-18T19:31:02.7910765Z ##[endgroup]
2025-03-18T19:31:02.8001216Z      _____          _
2025-03-18T19:31:02.8001680Z     / ____|        | |
2025-03-18T19:31:02.8001999Z    | |     ___   __| | ___  ___ _____   __
2025-03-18T19:31:02.8002372Z    | |    / _ \ / _` |/ _ \/ __/ _ \ \ / /
2025-03-18T19:31:02.8002749Z    | |___| (_) | (_| |  __/ (_| (_) \ V /
2025-03-18T19:31:02.8003136Z     \_____\___/ \__,_|\___|\___\___/ \_/
2025-03-18T19:31:02.8003736Z                            [0;31m Wrapper-0.2.0[0m
2025-03-18T19:31:02.8004152Z                                   
2025-03-18T19:31:02.8059378Z [0;32m==>[0m Detected [0;36mlinux[0m
2025-03-18T19:31:02.8059875Z [0;32m ->[0m Downloading [0;36mhttps://cli.codecov.io/latest/linux/codecov[0m
2025-03-18T19:31:02.8119653Z   % Total    % Received % Xferd  Average Speed   Time    Time     Time  Current
2025-03-18T19:31:02.8120330Z                                  Dload  Upload   Total   Spent    Left  Speed
2025-03-18T19:31:02.8120680Z 
2025-03-18T19:31:02.9165396Z   0     0    0     0    0     0      0      0 --:--:-- --:--:-- --:--:--     0
2025-03-18T19:31:03.0022783Z  38 27.5M   38 10.5M    0     0   100M      0 --:--:-- --:--:-- --:--:--  100M
2025-03-18T19:31:03.0023400Z 100 27.5M  100 27.5M    0     0   144M      0 --:--:-- --:--:-- --:--:--  144M
2025-03-18T19:31:03.0047424Z [0;32m==>[0m Finishing downloading [0;36mlinux:latest[0m
2025-03-18T19:31:03.0603407Z       Version: [0;36mv10.2.1[0m
2025-03-18T19:31:03.0603778Z  
2025-03-18T19:31:03.2788836Z gpg: directory '/home/runner/.gnupg' created
2025-03-18T19:31:03.2791851Z gpg: keybox '/home/runner/.gnupg/pubring.kbx' created
2025-03-18T19:31:03.2808503Z gpg: /home/runner/.gnupg/trustdb.gpg: trustdb created
2025-03-18T19:31:03.2809449Z gpg: key 806BB28AED779869: public key "Codecov Uploader (Codecov Uploader Verification Key) <security@codecov.io>" imported
2025-03-18T19:31:03.2929735Z gpg: Total number processed: 1
2025-03-18T19:31:03.2930398Z gpg:               imported: 1
2025-03-18T19:31:03.2935614Z [0;32m==>[0m Verifying GPG signature integrity
2025-03-18T19:31:03.2936624Z [0;32m ->[0m Downloading [0;36mhttps://cli.codecov.io/latest/linux/codecov.SHA256SUM[0m
2025-03-18T19:31:03.2937667Z [0;32m ->[0m Downloading [0;36mhttps://cli.codecov.io/latest/linux/codecov.SHA256SUM.sig[0m
2025-03-18T19:31:03.2938295Z  
2025-03-18T19:31:03.4085412Z gpg: Signature made Wed Mar 12 16:00:55 2025 UTC
2025-03-18T19:31:03.4086036Z gpg:                using RSA key 27034E7FDB850E0BBC2C62FF806BB28AED779869
2025-03-18T19:31:03.4088721Z gpg: Good signature from "Codecov Uploader (Codecov Uploader Verification Key) <security@codecov.io>" [unknown]
2025-03-18T19:31:03.4089653Z gpg: WARNING: This key is not certified with a trusted signature!
2025-03-18T19:31:03.4090417Z gpg:          There is no indication that the signature belongs to the owner.
2025-03-18T19:31:03.4091247Z Primary key fingerprint: 2703 4E7F DB85 0E0B BC2C  62FF 806B B28A ED77 9869
2025-03-18T19:31:03.5427171Z codecov: OK
2025-03-18T19:31:03.5436153Z [0;32m==>[0m CLI integrity verified
2025-03-18T19:31:03.5436490Z 
2025-03-18T19:31:03.5522135Z [0;32m ->[0m Token of length 36 detected
2025-03-18T19:31:03.6106732Z [0;32m==>[0m Running upload-coverage
2025-03-18T19:31:03.6117856Z       [0;36m./codecov  upload-coverage -t <redacted> --git-service github --sha 9d95e7e27520092b0a409247905a504644ea20ab --gcov-executable gcov --name 3.10[0m
2025-03-18T19:31:04.2444479Z info - 2025-03-18 19:31:04,244 -- ci service found: github-actions
2025-03-18T19:31:04.2691503Z warning - 2025-03-18 19:31:04,268 -- xcrun is not installed or can't be found.
2025-03-18T19:31:04.3108780Z warning - 2025-03-18 19:31:04,310 -- No gcov data found.
2025-03-18T19:31:04.3113235Z warning - 2025-03-18 19:31:04,311 -- coverage.py is not installed or can't be found.
2025-03-18T19:31:04.3212915Z info - 2025-03-18 19:31:04,321 -- Found 1 coverage files to report
2025-03-18T19:31:04.3213727Z info - 2025-03-18 19:31:04,321 -- > /home/runner/work/tinuous/tinuous/coverage.xml
2025-03-18T19:31:04.8523250Z info - 2025-03-18 19:31:04,851 -- Your upload is now processing. When finished, results will be available at: https://app.codecov.io/github/con/tinuous/commit/9d95e7e27520092b0a409247905a504644ea20ab
2025-03-18T19:31:04.9705338Z info - 2025-03-18 19:31:04,970 -- Process Upload complete
2025-03-18T19:31:05.1396523Z Post job cleanup.
2025-03-18T19:31:05.3038748Z Post job cleanup.
2025-03-18T19:31:05.4013057Z [command]/usr/bin/git version
2025-03-18T19:31:05.4053141Z git version 2.48.1
2025-03-18T19:31:05.4094718Z Copying '/home/runner/.gitconfig' to '/home/runner/work/_temp/512ec822-ec26-459b-af9b-cd800b6e55f8/.gitconfig'
2025-03-18T19:31:05.4112714Z Temporarily overriding HOME='/home/runner/work/_temp/512ec822-ec26-459b-af9b-cd800b6e55f8' before making global git config changes
2025-03-18T19:31:05.4113898Z Adding repository directory to the temporary git global config as a safe directory
2025-03-18T19:31:05.4118416Z [command]/usr/bin/git config --global --add safe.directory /home/runner/work/tinuous/tinuous
2025-03-18T19:31:05.4153605Z [command]/usr/bin/git config --local --name-only --get-regexp core\.sshCommand
2025-03-18T19:31:05.4185686Z [command]/usr/bin/git submodule foreach --recursive sh -c "git config --local --name-only --get-regexp 'core\.sshCommand' && git config --local --unset-all 'core.sshCommand' || :"
2025-03-18T19:31:05.4422820Z [command]/usr/bin/git config --local --name-only --get-regexp http\.https\:\/\/github\.com\/\.extraheader
2025-03-18T19:31:05.4444024Z http.https://github.com/.extraheader
2025-03-18T19:31:05.4456503Z [command]/usr/bin/git config --local --unset-all http.https://github.com/.extraheader
2025-03-18T19:31:05.4487372Z [command]/usr/bin/git submodule foreach --recursive sh -c "git config --local --name-only --get-regexp 'http\.https\:\/\/github\.com\/\.extraheader' && git config --local --unset-all 'http.https://github.com/.extraheader' || :"
2025-03-18T19:31:05.4838307Z Cleaning up orphan processes
