2025-03-18T19:30:42.9746807Z Current runner version: '2.322.0'
2025-03-18T19:30:42.9773163Z ##[group]Operating System
2025-03-18T19:30:42.9773954Z Ubuntu
2025-03-18T19:30:42.9774626Z 24.04.2
2025-03-18T19:30:42.9775085Z LTS
2025-03-18T19:30:42.9775660Z ##[endgroup]
2025-03-18T19:30:42.9776221Z ##[group]Runner Image
2025-03-18T19:30:42.9776758Z Image: ubuntu-24.04
2025-03-18T19:30:42.9777366Z Version: 20250316.1.0
2025-03-18T19:30:42.9778406Z Included Software: https://github.com/actions/runner-images/blob/ubuntu24/20250316.1/images/ubuntu/Ubuntu2404-Readme.md
2025-03-18T19:30:42.9779729Z Image Release: https://github.com/actions/runner-images/releases/tag/ubuntu24%2F20250316.1
2025-03-18T19:30:42.9780763Z ##[endgroup]
2025-03-18T19:30:42.9781308Z ##[group]Runner Image Provisioner
2025-03-18T19:30:42.9781840Z 2.0.422.1
2025-03-18T19:30:42.9782388Z ##[endgroup]
2025-03-18T19:30:42.9785056Z ##[group]GITHUB_TOKEN Permissions
2025-03-18T19:30:42.9787343Z Actions: write
2025-03-18T19:30:42.9788063Z Attestations: write
2025-03-18T19:30:42.9788754Z Checks: write
2025-03-18T19:30:42.9789222Z Contents: write
2025-03-18T19:30:42.9789735Z Deployments: write
2025-03-18T19:30:42.9790312Z Discussions: write
2025-03-18T19:30:42.9790834Z Issues: write
2025-03-18T19:30:42.9791334Z Metadata: read
2025-03-18T19:30:42.9791864Z Packages: write
2025-03-18T19:30:42.9792376Z Pages: write
2025-03-18T19:30:42.9792881Z PullRequests: write
2025-03-18T19:30:42.9793467Z RepositoryProjects: write
2025-03-18T19:30:42.9794475Z SecurityEvents: write
2025-03-18T19:30:42.9795006Z Statuses: write
2025-03-18T19:30:42.9795585Z ##[endgroup]
2025-03-18T19:30:42.9797658Z Secret source: Actions
2025-03-18T19:30:42.9798318Z Prepare workflow directory
2025-03-18T19:30:43.0148443Z Prepare all required actions
2025-03-18T19:30:43.0189158Z Getting action download info
2025-03-18T19:30:43.4964874Z Download action repository 'actions/checkout@v4' (SHA:11bd71901bbe5b1630ceea73d27597364c9af683)
2025-03-18T19:30:43.5809919Z Download action repository 'actions/setup-python@v5' (SHA:42375524e23c412d93fb67b49958b491fce71c38)
2025-03-18T19:30:43.6720075Z Download action repository 'codecov/codecov-action@v5' (SHA:0565863a31f2c772f9f0395002a31e3f06189574)
2025-03-18T19:30:44.0173838Z Complete job name: test (3.8, py)
2025-03-18T19:30:44.0920451Z ##[group]Run actions/checkout@v4
2025-03-18T19:30:44.0921388Z with:
2025-03-18T19:30:44.0921832Z   fetch-depth: 0
2025-03-18T19:30:44.0922303Z   repository: con/tinuous
2025-03-18T19:30:44.0922983Z   token: ***
2025-03-18T19:30:44.0923422Z   ssh-strict: true
2025-03-18T19:30:44.0923886Z   ssh-user: git
2025-03-18T19:30:44.0924573Z   persist-credentials: true
2025-03-18T19:30:44.0925113Z   clean: true
2025-03-18T19:30:44.0925575Z   sparse-checkout-cone-mode: true
2025-03-18T19:30:44.0926136Z   fetch-tags: false
2025-03-18T19:30:44.0926607Z   show-progress: true
2025-03-18T19:30:44.0927079Z   lfs: false
2025-03-18T19:30:44.0927502Z   submodules: false
2025-03-18T19:30:44.0927966Z   set-safe-directory: true
2025-03-18T19:30:44.0928722Z ##[endgroup]
2025-03-18T19:30:44.2694904Z Syncing repository: con/tinuous
2025-03-18T19:30:44.2696849Z ##[group]Getting Git version info
2025-03-18T19:30:44.2697576Z Working directory is '/home/runner/work/tinuous/tinuous'
2025-03-18T19:30:44.2698744Z [command]/usr/bin/git version
2025-03-18T19:30:44.2711007Z git version 2.48.1
2025-03-18T19:30:44.2740950Z ##[endgroup]
2025-03-18T19:30:44.2758176Z Temporarily overriding HOME='/home/runner/work/_temp/f4b8c80a-4720-4a73-9aa2-b18a25daec29' before making global git config changes
2025-03-18T19:30:44.2760683Z Adding repository directory to the temporary git global config as a safe directory
2025-03-18T19:30:44.2765498Z [command]/usr/bin/git config --global --add safe.directory /home/runner/work/tinuous/tinuous
2025-03-18T19:30:44.2808130Z Deleting the contents of '/home/runner/work/tinuous/tinuous'
2025-03-18T19:30:44.2812077Z ##[group]Initializing the repository
2025-03-18T19:30:44.2816738Z [command]/usr/bin/git init /home/runner/work/tinuous/tinuous
2025-03-18T19:30:44.2878519Z hint: Using 'master' as the name for the initial branch. This default branch name
2025-03-18T19:30:44.2880402Z hint: is subject to change. To configure the initial branch name to use in all
2025-03-18T19:30:44.2881585Z hint: of your new repositories, which will suppress this warning, call:
2025-03-18T19:30:44.2882872Z hint:
2025-03-18T19:30:44.2883468Z hint: 	git config --global init.defaultBranch <name>
2025-03-18T19:30:44.2884376Z hint:
2025-03-18T19:30:44.2885028Z hint: Names commonly chosen instead of 'master' are 'main', 'trunk' and
2025-03-18T19:30:44.2886107Z hint: 'development'. The just-created branch can be renamed via this command:
2025-03-18T19:30:44.2886938Z hint:
2025-03-18T19:30:44.2887335Z hint: 	git branch -m <name>
2025-03-18T19:30:44.2888222Z Initialized empty Git repository in /home/runner/work/tinuous/tinuous/.git/
2025-03-18T19:30:44.2895224Z [command]/usr/bin/git remote add origin https://github.com/con/tinuous
2025-03-18T19:30:44.2931948Z ##[endgroup]
2025-03-18T19:30:44.2933286Z ##[group]Disabling automatic garbage collection
2025-03-18T19:30:44.2937354Z [command]/usr/bin/git config --local gc.auto 0
2025-03-18T19:30:44.2969029Z ##[endgroup]
2025-03-18T19:30:44.2970351Z ##[group]Setting up auth
2025-03-18T19:30:44.2977607Z [command]/usr/bin/git config --local --name-only --get-regexp core\.sshCommand
2025-03-18T19:30:44.3011848Z [command]/usr/bin/git submodule foreach --recursive sh -c "git config --local --name-only --get-regexp 'core\.sshCommand' && git config --local --unset-all 'core.sshCommand' || :"
2025-03-18T19:30:44.3303530Z [command]/usr/bin/git config --local --name-only --get-regexp http\.https\:\/\/github\.com\/\.extraheader
2025-03-18T19:30:44.3335050Z [command]/usr/bin/git submodule foreach --recursive sh -c "git config --local --name-only --get-regexp 'http\.https\:\/\/github\.com\/\.extraheader' && git config --local --unset-all 'http.https://github.com/.extraheader' || :"
2025-03-18T19:30:44.3572667Z [command]/usr/bin/git config --local http.https://github.com/.extraheader AUTHORIZATION: basic ***
2025-03-18T19:30:44.3610059Z ##[endgroup]
2025-03-18T19:30:44.3611448Z ##[group]Fetching the repository
2025-03-18T19:30:44.3621975Z [command]/usr/bin/git -c protocol.version=2 fetch --prune --no-recurse-submodules origin +refs/heads/*:refs/remotes/origin/* +refs/tags/*:refs/tags/* +08c42dfbd986d580f1961425cded3af34e1ad266:refs/remotes/pull/205/merge
2025-03-18T19:30:44.7668930Z From https://github.com/con/tinuous
2025-03-18T19:30:44.7670488Z  * [new branch]      gh-203                                   -> origin/gh-203
2025-03-18T19:30:44.7672047Z  * [new branch]      gh-55                                    -> origin/gh-55
2025-03-18T19:30:44.7673629Z  * [new branch]      master                                   -> origin/master
2025-03-18T19:30:44.7676222Z  * [new branch]      no-extra-search                          -> origin/no-extra-search
2025-03-18T19:30:44.7678346Z  * [new branch]      not-run                                  -> origin/not-run
2025-03-18T19:30:44.7680735Z  * [new branch]      pragmata                                 -> origin/pragmata
2025-03-18T19:30:44.7683348Z  * [new branch]      test-appveyor                            -> origin/test-appveyor
2025-03-18T19:30:44.7685833Z  * [new tag]         0.1.0                                    -> 0.1.0
2025-03-18T19:30:44.7687988Z  * [new tag]         0.2.0                                    -> 0.2.0
2025-03-18T19:30:44.7689993Z  * [new tag]         0.3.0                                    -> 0.3.0
2025-03-18T19:30:44.7691813Z  * [new tag]         0.4.0                                    -> 0.4.0
2025-03-18T19:30:44.7693093Z  * [new tag]         0.5.0                                    -> 0.5.0
2025-03-18T19:30:44.7695190Z  * [new tag]         0.5.1                                    -> 0.5.1
2025-03-18T19:30:44.7696452Z  * [new tag]         0.5.2                                    -> 0.5.2
2025-03-18T19:30:44.7697712Z  * [new tag]         0.5.3                                    -> 0.5.3
2025-03-18T19:30:44.7698951Z  * [new tag]         0.5.4                                    -> 0.5.4
2025-03-18T19:30:44.7700453Z  * [new tag]         0.6.0                                    -> 0.6.0
2025-03-18T19:30:44.7701793Z  * [new tag]         0.6.1                                    -> 0.6.1
2025-03-18T19:30:44.7703444Z  * [new tag]         0.7.0                                    -> 0.7.0
2025-03-18T19:30:44.7705562Z  * [new ref]         08c42dfbd986d580f1961425cded3af34e1ad266 -> pull/205/merge
2025-03-18T19:30:44.7780582Z ##[endgroup]
2025-03-18T19:30:44.7782528Z ##[group]Determining the checkout info
2025-03-18T19:30:44.7785426Z ##[endgroup]
2025-03-18T19:30:44.7786641Z [command]/usr/bin/git sparse-checkout disable
2025-03-18T19:30:44.7790040Z [command]/usr/bin/git config --local --unset-all extensions.worktreeConfig
2025-03-18T19:30:44.7820251Z ##[group]Checking out the ref
2025-03-18T19:30:44.7823821Z [command]/usr/bin/git checkout --progress --force refs/remotes/pull/205/merge
2025-03-18T19:30:44.7879041Z Note: switching to 'refs/remotes/pull/205/merge'.
2025-03-18T19:30:44.7880839Z 
2025-03-18T19:30:44.7882185Z You are in 'detached HEAD' state. You can look around, make experimental
2025-03-18T19:30:44.7885155Z changes and commit them, and you can discard any commits you make in this
2025-03-18T19:30:44.7887991Z state without impacting any branches by switching back to a branch.
2025-03-18T19:30:44.7889464Z 
2025-03-18T19:30:44.7890411Z If you want to create a new branch to retain commits you create, you may
2025-03-18T19:30:44.7892738Z do so (now or later) by using -c with the switch command. Example:
2025-03-18T19:30:44.7893993Z 
2025-03-18T19:30:44.7894727Z   git switch -c <new-branch-name>
2025-03-18T19:30:44.7895608Z 
2025-03-18T19:30:44.7896108Z Or undo this operation with:
2025-03-18T19:30:44.7896900Z 
2025-03-18T19:30:44.7897353Z   git switch -
2025-03-18T19:30:44.7897942Z 
2025-03-18T19:30:44.7898954Z Turn off this advice by setting config variable advice.detachedHead to false
2025-03-18T19:30:44.7900465Z 
2025-03-18T19:30:44.7902179Z HEAD is now at 08c42df Merge 9d95e7e27520092b0a409247905a504644ea20ab into 50fb656c25cb21db819da59423bcd1e412c57487
2025-03-18T19:30:44.7907229Z ##[endgroup]
2025-03-18T19:30:44.7931513Z [command]/usr/bin/git log -1 --format=%H
2025-03-18T19:30:44.7958928Z 08c42dfbd986d580f1961425cded3af34e1ad266
2025-03-18T19:30:44.8272652Z ##[group]Run actions/setup-python@v5
2025-03-18T19:30:44.8273807Z with:
2025-03-18T19:30:44.8274766Z   python-version: 3.8
2025-03-18T19:30:44.8275685Z   check-latest: false
2025-03-18T19:30:44.8276858Z   token: ***
2025-03-18T19:30:44.8277696Z   update-environment: true
2025-03-18T19:30:44.8278713Z   allow-prereleases: false
2025-03-18T19:30:44.8279684Z ##[endgroup]
2025-03-18T19:30:45.0063949Z ##[group]Installed versions
2025-03-18T19:30:45.0112836Z Version 3.8 was not found in the local cache
2025-03-18T19:30:45.4011646Z Version 3.8 is available for downloading
2025-03-18T19:30:45.4014971Z Download from "https://github.com/actions/python-versions/releases/download/3.8.18-12303122501/python-3.8.18-linux-24.04-x64.tar.gz"
2025-03-18T19:30:46.0352301Z Extract downloaded archive
2025-03-18T19:30:46.0458810Z [command]/usr/bin/tar xz --warning=no-unknown-keyword --overwrite -C /home/runner/work/_temp/7d29b6aa-6bf5-4f75-b73b-f24e44891c49 -f /home/runner/work/_temp/5589a05c-f40c-4e73-a400-63dd8e354a7e
2025-03-18T19:30:47.3870243Z Execute installation script
2025-03-18T19:30:47.3960448Z Check if Python hostedtoolcache folder exist...
2025-03-18T19:30:47.3962188Z Create Python 3.8.18 folder
2025-03-18T19:30:47.3978622Z Copy Python binaries to hostedtoolcache folder
2025-03-18T19:30:47.8637013Z Create additional symlinks (Required for the UsePythonVersion Azure Pipelines task and the setup-python GitHub Action)
2025-03-18T19:30:47.8681829Z Upgrading pip...
2025-03-18T19:30:49.5923183Z Looking in links: /tmp/tmprblj20sl
2025-03-18T19:30:49.5927881Z Requirement already satisfied: setuptools in /opt/hostedtoolcache/Python/3.8.18/x64/lib/python3.8/site-packages (56.0.0)
2025-03-18T19:30:49.5933035Z Requirement already satisfied: pip in /opt/hostedtoolcache/Python/3.8.18/x64/lib/python3.8/site-packages (23.0.1)
2025-03-18T19:30:50.6162838Z Collecting pip
2025-03-18T19:30:50.7176748Z Downloading pip-25.0.1-py3-none-any.whl (1.8 MB)
2025-03-18T19:30:50.8566900Z ━━━━━━━━━━━━━━━━━━━━━━━━━━━━━━━━━━━━━━━━ 1.8/1.8 MB 13.6 MB/s eta 0:00:00
2025-03-18T19:30:50.8567598Z 
2025-03-18T19:30:50.8916421Z Installing collected packages: pip
2025-03-18T19:30:50.8917159Z Attempting uninstall: pip
2025-03-18T19:30:50.8923635Z Found existing installation: pip 23.0.1
2025-03-18T19:30:51.0726115Z Uninstalling pip-23.0.1:
2025-03-18T19:30:51.0845014Z Successfully uninstalled pip-23.0.1
2025-03-18T19:30:51.8252412Z Successfully installed pip-25.0.1
2025-03-18T19:30:51.8914016Z Create complete file
2025-03-18T19:30:51.8964573Z Successfully set up CPython (3.8.18)
2025-03-18T19:30:51.8965478Z ##[endgroup]
2025-03-18T19:30:51.9130228Z ##[group]Run python -m pip install --upgrade pip wheel
2025-03-18T19:30:51.9130729Z [36;1mpython -m pip install --upgrade pip wheel[0m
2025-03-18T19:30:51.9131163Z [36;1mpython -m pip install --upgrade --upgrade-strategy=eager tox[0m
2025-03-18T19:30:51.9189853Z shell: /usr/bin/bash -e {0}
2025-03-18T19:30:51.9190169Z env:
2025-03-18T19:30:51.9190459Z   pythonLocation: /opt/hostedtoolcache/Python/3.8.18/x64
2025-03-18T19:30:51.9190877Z   PKG_CONFIG_PATH: /opt/hostedtoolcache/Python/3.8.18/x64/lib/pkgconfig
2025-03-18T19:30:51.9191308Z   Python_ROOT_DIR: /opt/hostedtoolcache/Python/3.8.18/x64
2025-03-18T19:30:51.9191660Z   Python2_ROOT_DIR: /opt/hostedtoolcache/Python/3.8.18/x64
2025-03-18T19:30:51.9192024Z   Python3_ROOT_DIR: /opt/hostedtoolcache/Python/3.8.18/x64
2025-03-18T19:30:51.9192367Z   LD_LIBRARY_PATH: /opt/hostedtoolcache/Python/3.8.18/x64/lib
2025-03-18T19:30:51.9192652Z ##[endgroup]
2025-03-18T19:30:52.2713548Z Requirement already satisfied: pip in /opt/hostedtoolcache/Python/3.8.18/x64/lib/python3.8/site-packages (25.0.1)
2025-03-18T19:30:52.3415414Z Collecting wheel
2025-03-18T19:30:52.4065144Z   Downloading wheel-0.45.1-py3-none-any.whl.metadata (2.3 kB)
2025-03-18T19:30:52.4343193Z Downloading wheel-0.45.1-py3-none-any.whl (72 kB)
2025-03-18T19:30:52.4734802Z Installing collected packages: wheel
2025-03-18T19:30:52.5174698Z Successfully installed wheel-0.45.1
2025-03-18T19:30:53.0360262Z Collecting tox
2025-03-18T19:30:53.1013626Z   Downloading tox-4.24.2-py3-none-any.whl.metadata (3.7 kB)
2025-03-18T19:30:53.1364816Z Collecting cachetools>=5.5.1 (from tox)
2025-03-18T19:30:53.1589327Z   Downloading cachetools-5.5.2-py3-none-any.whl.metadata (5.4 kB)
2025-03-18T19:30:53.1751327Z Collecting chardet>=5.2 (from tox)
2025-03-18T19:30:53.1973648Z   Downloading chardet-5.2.0-py3-none-any.whl.metadata (3.4 kB)
2025-03-18T19:30:53.2161261Z Collecting colorama>=0.4.6 (from tox)
2025-03-18T19:30:53.2385405Z   Downloading colorama-0.4.6-py2.py3-none-any.whl.metadata (17 kB)
2025-03-18T19:30:53.2654321Z Collecting filelock>=3.16.1 (from tox)
2025-03-18T19:30:53.2873829Z   Downloading filelock-3.16.1-py3-none-any.whl.metadata (2.9 kB)
2025-03-18T19:30:53.3087725Z Collecting packaging>=24.2 (from tox)
2025-03-18T19:30:53.3309776Z   Downloading packaging-24.2-py3-none-any.whl.metadata (3.2 kB)
2025-03-18T19:30:53.3507310Z Collecting platformdirs>=4.3.6 (from tox)
2025-03-18T19:30:53.3733330Z   Downloading platformdirs-4.3.6-py3-none-any.whl.metadata (11 kB)
2025-03-18T19:30:53.3950324Z Collecting pluggy>=1.5 (from tox)
2025-03-18T19:30:53.4173423Z   Downloading pluggy-1.5.0-py3-none-any.whl.metadata (4.8 kB)
2025-03-18T19:30:53.4350425Z Collecting pyproject-api>=1.8 (from tox)
2025-03-18T19:30:53.4575343Z   Downloading pyproject_api-1.8.0-py3-none-any.whl.metadata (2.7 kB)
2025-03-18T19:30:53.4778800Z Collecting tomli>=2.2.1 (from tox)
2025-03-18T19:30:53.5000777Z   Downloading tomli-2.2.1-py3-none-any.whl.metadata (10 kB)
2025-03-18T19:30:53.5210972Z Collecting typing-extensions>=4.12.2 (from tox)
2025-03-18T19:30:53.5436129Z   Downloading typing_extensions-4.12.2-py3-none-any.whl.metadata (3.0 kB)
2025-03-18T19:30:53.5912404Z Collecting virtualenv>=20.29.1 (from tox)
2025-03-18T19:30:53.6138864Z   Downloading virtualenv-20.29.3-py3-none-any.whl.metadata (4.5 kB)
2025-03-18T19:30:53.6491263Z Collecting distlib<1,>=0.3.7 (from virtualenv>=20.29.1->tox)
2025-03-18T19:30:53.6716537Z   Downloading distlib-0.3.9-py2.py3-none-any.whl.metadata (5.2 kB)
2025-03-18T19:30:53.7083861Z Downloading tox-4.24.2-py3-none-any.whl (172 kB)
2025-03-18T19:30:53.7759015Z Downloading cachetools-5.5.2-py3-none-any.whl (10 kB)
2025-03-18T19:30:53.8011950Z Downloading chardet-5.2.0-py3-none-any.whl (199 kB)
2025-03-18T19:30:53.8343891Z Downloading colorama-0.4.6-py2.py3-none-any.whl (25 kB)
2025-03-18T19:30:53.8591636Z Downloading filelock-3.16.1-py3-none-any.whl (16 kB)
2025-03-18T19:30:53.8839723Z Downloading packaging-24.2-py3-none-any.whl (65 kB)
2025-03-18T19:30:53.9112076Z Downloading platformdirs-4.3.6-py3-none-any.whl (18 kB)
2025-03-18T19:30:53.9363286Z Downloading pluggy-1.5.0-py3-none-any.whl (20 kB)
2025-03-18T19:30:53.9616108Z Downloading pyproject_api-1.8.0-py3-none-any.whl (13 kB)
2025-03-18T19:30:53.9866989Z Downloading tomli-2.2.1-py3-none-any.whl (14 kB)
2025-03-18T19:30:54.0112624Z Downloading typing_extensions-4.12.2-py3-none-any.whl (37 kB)
2025-03-18T19:30:54.0366236Z Downloading virtualenv-20.29.3-py3-none-any.whl (4.3 MB)
2025-03-18T19:30:54.1164748Z    ━━━━━━━━━━━━━━━━━━━━━━━━━━━━━━━━━━━━━━━━ 4.3/4.3 MB 55.8 MB/s eta 0:00:00
2025-03-18T19:30:54.1393113Z Downloading distlib-0.3.9-py2.py3-none-any.whl (468 kB)
2025-03-18T19:30:54.1934902Z Installing collected packages: distlib, typing-extensions, tomli, pluggy, platformdirs, packaging, filelock, colorama, chardet, cachetools, virtualenv, pyproject-api, tox
2025-03-18T19:30:54.7729789Z Successfully installed cachetools-5.5.2 chardet-5.2.0 colorama-0.4.6 distlib-0.3.9 filelock-3.16.1 packaging-24.2 platformdirs-4.3.6 pluggy-1.5.0 pyproject-api-1.8.0 tomli-2.2.1 tox-4.24.2 typing-extensions-4.12.2 virtualenv-20.29.3
2025-03-18T19:30:54.8367842Z ##[group]Run tox -e py -- --cov-report=xml
2025-03-18T19:30:54.8368208Z [36;1mtox -e py -- --cov-report=xml[0m
2025-03-18T19:30:54.8416372Z shell: /usr/bin/bash -e {0}
2025-03-18T19:30:54.8416608Z env:
2025-03-18T19:30:54.8416852Z   pythonLocation: /opt/hostedtoolcache/Python/3.8.18/x64
2025-03-18T19:30:54.8417251Z   PKG_CONFIG_PATH: /opt/hostedtoolcache/Python/3.8.18/x64/lib/pkgconfig
2025-03-18T19:30:54.8417635Z   Python_ROOT_DIR: /opt/hostedtoolcache/Python/3.8.18/x64
2025-03-18T19:30:54.8417969Z   Python2_ROOT_DIR: /opt/hostedtoolcache/Python/3.8.18/x64
2025-03-18T19:30:54.8418334Z   Python3_ROOT_DIR: /opt/hostedtoolcache/Python/3.8.18/x64
2025-03-18T19:30:54.8418689Z   LD_LIBRARY_PATH: /opt/hostedtoolcache/Python/3.8.18/x64/lib
2025-03-18T19:30:54.8418976Z ##[endgroup]
2025-03-18T19:30:55.4575963Z py: install_deps> python -I -m pip install pytest pytest-cov pytest-mock
2025-03-18T19:30:57.7257930Z .pkg: install_requires> python -I -m pip install 'setuptools>=46.4.0' versioningit
2025-03-18T19:30:58.9765111Z .pkg: _optional_hooks> python /opt/hostedtoolcache/Python/3.8.18/x64/lib/python3.8/site-packages/pyproject_api/_backend.py True setuptools.build_meta
2025-03-18T19:30:59.2179710Z .pkg: get_requires_for_build_sdist> python /opt/hostedtoolcache/Python/3.8.18/x64/lib/python3.8/site-packages/pyproject_api/_backend.py True setuptools.build_meta
2025-03-18T19:30:59.5186396Z .pkg: get_requires_for_build_wheel> python /opt/hostedtoolcache/Python/3.8.18/x64/lib/python3.8/site-packages/pyproject_api/_backend.py True setuptools.build_meta
2025-03-18T19:30:59.8051349Z .pkg: freeze> python -m pip freeze --all
2025-03-18T19:31:00.0396608Z .pkg: importlib_metadata==8.5.0,packaging==24.2,pip==25.0.1,setuptools==75.3.0,tomli==2.2.1,versioningit==3.1.2,wheel==0.45.1,zipp==3.20.2
2025-03-18T19:31:00.0402741Z .pkg: prepare_metadata_for_build_wheel> python /opt/hostedtoolcache/Python/3.8.18/x64/lib/python3.8/site-packages/pyproject_api/_backend.py True setuptools.build_meta
2025-03-18T19:31:00.3425271Z .pkg: build_sdist> python /opt/hostedtoolcache/Python/3.8.18/x64/lib/python3.8/site-packages/pyproject_api/_backend.py True setuptools.build_meta
2025-03-18T19:31:00.6339678Z py: install_package_deps> python -I -m pip install 'PyYAML>=5.0' 'click-loglevel~=0.2' 'click>=7.0' 'ghtoken~=0.1' 'in-place~=1.0' 'pydantic~=2.0' 'python-dateutil~=2.7' 'python-dotenv<2.0,>=0.11' 'requests~=2.20' 'typing-extensions; python_version < "3.9"'
2025-03-18T19:31:04.0875775Z py: install_package> python -I -m pip install --force-reinstall --no-deps /home/runner/work/tinuous/tinuous/.tox/.tmp/package/1/tinuous-0.7.0.post11+g08c42df.tar.gz
2025-03-18T19:31:06.9749267Z py: freeze> python -m pip freeze --all
2025-03-18T19:31:07.2247009Z py: annotated-types==0.7.0,certifi==2025.1.31,charset-normalizer==3.4.1,click==8.1.8,click-loglevel==0.6.0,coverage==7.6.1,exceptiongroup==1.2.2,ghtoken==0.1.2,idna==3.10,in_place==1.0.1,iniconfig==2.0.0,packaging==24.2,pip==25.0.1,pluggy==1.5.0,pydantic==2.10.6,pydantic_core==2.27.2,pytest==8.3.5,pytest-cov==5.0.0,pytest-mock==3.14.0,python-dateutil==2.9.0.post0,python-dotenv==1.0.1,PyYAML==6.0.2,requests==2.32.3,ruamel.yaml==0.18.10,ruamel.yaml.clib==0.2.8,setuptools==75.3.0,six==1.17.0,tinuous @ file:///home/runner/work/tinuous/tinuous/.tox/.tmp/package/1/tinuous-0.7.0.post11%2Bg08c42df.tar.gz#sha256=eeb27e4d1e21ca3bf8223d707f9d52ffd497ec781182de5ed0ff999728bcfe77,tomli==2.2.1,typing_extensions==4.12.2,urllib3==2.2.3,wheel==0.45.1
2025-03-18T19:31:07.2252274Z py: commands[0]> tinuous --help
2025-03-18T19:31:07.5429345Z Usage: tinuous [OPTIONS] COMMAND [ARGS]...
2025-03-18T19:31:07.5429718Z 
2025-03-18T19:31:07.5430007Z   Download build logs from GitHub Actions, Travis, Appveyor, and CircleCI
2025-03-18T19:31:07.5430459Z 
2025-03-18T19:31:07.5430572Z Options:
2025-03-18T19:31:07.5430968Z   -V, --version                   Show the version and exit.
2025-03-18T19:31:07.5431551Z   -c, --config FILE               Read configuration from the given file
2025-03-18T19:31:07.5432559Z                                   [default: tinuous.yaml]
2025-03-18T19:31:07.5433104Z   -E, --env FILE                  Load environment variables from given .env
2025-03-18T19:31:07.5433591Z                                   file
2025-03-18T19:31:07.5434033Z   -l, --log-level [NOTSET|DEBUG|INFO|WARNING|ERROR|CRITICAL]
2025-03-18T19:31:07.5434775Z                                   Set logging level  [default: INFO]
2025-03-18T19:31:07.5435286Z   --help                          Show this message and exit.
2025-03-18T19:31:07.5435608Z 
2025-03-18T19:31:07.5435713Z Commands:
2025-03-18T19:31:07.5435985Z   fetch         Download logs
2025-03-18T19:31:07.5436371Z   fetch-commit  Download logs for a specific commit
2025-03-18T19:31:07.5436822Z   sanitize      Sanitize secrets in logs
2025-03-18T19:31:07.5702987Z py: commands[1]> pytest --cov-report=xml test
2025-03-18T19:31:08.3861140Z ============================= test session starts ==============================
2025-03-18T19:31:08.3861872Z platform linux -- Python 3.8.18, pytest-8.3.5, pluggy-1.5.0
2025-03-18T19:31:08.3862440Z cachedir: .tox/py/.pytest_cache
2025-03-18T19:31:08.3862898Z rootdir: /home/runner/work/tinuous/tinuous
2025-03-18T19:31:08.3863340Z configfile: tox.ini
2025-03-18T19:31:08.3863693Z plugins: cov-5.0.0, mock-3.14.0
2025-03-18T19:31:08.3864311Z collected 64 items
2025-03-18T19:31:08.3864531Z 
2025-03-18T19:31:08.3994355Z test/test_base.py .........                                              [ 14%]
2025-03-18T19:31:08.4104380Z test/test_config.py ........                                             [ 26%]
2025-03-18T19:31:08.4298129Z test/test_state.py ........                                              [ 39%]
2025-03-18T19:31:08.7054827Z test/test_util.py .......................................                [100%]
2025-03-18T19:31:08.7055297Z 
2025-03-18T19:31:08.7055507Z ---------- coverage: platform linux, python 3.8.18-final-0 -----------
2025-03-18T19:31:08.7055921Z Coverage XML written to file coverage.xml
2025-03-18T19:31:08.7056122Z 
2025-03-18T19:31:08.7056163Z 
2025-03-18T19:31:08.7056298Z ============================== 64 passed in 0.80s ==============================
2025-03-18T19:31:08.7631351Z   py: OK (13.69=setup[12.15]+cmd[0.34,1.19] seconds)
2025-03-18T19:31:08.7631714Z   congratulations :) (13.77 seconds)
2025-03-18T19:31:08.8189953Z ##[group]Run codecov/codecov-action@v5
2025-03-18T19:31:08.8190260Z with:
2025-03-18T19:31:08.8190459Z   fail_ci_if_error: false
2025-03-18T19:31:08.8190967Z   token: ***
2025-03-18T19:31:08.8191177Z   name: 3.8
2025-03-18T19:31:08.8191376Z   disable_file_fixes: false
2025-03-18T19:31:08.8191622Z   disable_search: false
2025-03-18T19:31:08.8191857Z   disable_safe_directory: false
2025-03-18T19:31:08.8192097Z   disable_telem: false
2025-03-18T19:31:08.8192308Z   dry_run: false
2025-03-18T19:31:08.8192505Z   git_service: github
2025-03-18T19:31:08.8192723Z   gcov_executable: gcov
2025-03-18T19:31:08.8192952Z   handle_no_reports_found: false
2025-03-18T19:31:08.8193201Z   recurse_submodules: false
2025-03-18T19:31:08.8193442Z   run_command: upload-coverage
2025-03-18T19:31:08.8193695Z   skip_validation: false
2025-03-18T19:31:08.8193935Z   use_legacy_upload_endpoint: false
2025-03-18T19:31:08.8194362Z   use_oidc: false
2025-03-18T19:31:08.8194559Z   use_pypi: false
2025-03-18T19:31:08.8194785Z   verbose: false
2025-03-18T19:31:08.8194976Z   version: latest
2025-03-18T19:31:08.8195175Z env:
2025-03-18T19:31:08.8195419Z   pythonLocation: /opt/hostedtoolcache/Python/3.8.18/x64
2025-03-18T19:31:08.8195838Z   PKG_CONFIG_PATH: /opt/hostedtoolcache/Python/3.8.18/x64/lib/pkgconfig
2025-03-18T19:31:08.8196239Z   Python_ROOT_DIR: /opt/hostedtoolcache/Python/3.8.18/x64
2025-03-18T19:31:08.8196592Z   Python2_ROOT_DIR: /opt/hostedtoolcache/Python/3.8.18/x64
2025-03-18T19:31:08.8196957Z   Python3_ROOT_DIR: /opt/hostedtoolcache/Python/3.8.18/x64
2025-03-18T19:31:08.8197317Z   LD_LIBRARY_PATH: /opt/hostedtoolcache/Python/3.8.18/x64/lib
2025-03-18T19:31:08.8197621Z ##[endgroup]
2025-03-18T19:31:08.8269576Z ##[group]Run CC_ACTION_VERSION=$(cat ${GITHUB_ACTION_PATH}/src/version)
2025-03-18T19:31:08.8270068Z [36;1mCC_ACTION_VERSION=$(cat ${GITHUB_ACTION_PATH}/src/version)[0m
2025-03-18T19:31:08.8270508Z [36;1mecho -e "\033[0;32m==>\033[0m Running Action version $CC_ACTION_VERSION"[0m
2025-03-18T19:31:08.8319223Z shell: /usr/bin/bash --noprofile --norc -e -o pipefail {0}
2025-03-18T19:31:08.8319574Z env:
2025-03-18T19:31:08.8319848Z   pythonLocation: /opt/hostedtoolcache/Python/3.8.18/x64
2025-03-18T19:31:08.8320273Z   PKG_CONFIG_PATH: /opt/hostedtoolcache/Python/3.8.18/x64/lib/pkgconfig
2025-03-18T19:31:08.8320705Z   Python_ROOT_DIR: /opt/hostedtoolcache/Python/3.8.18/x64
2025-03-18T19:31:08.8321082Z   Python2_ROOT_DIR: /opt/hostedtoolcache/Python/3.8.18/x64
2025-03-18T19:31:08.8321445Z   Python3_ROOT_DIR: /opt/hostedtoolcache/Python/3.8.18/x64
2025-03-18T19:31:08.8321821Z   LD_LIBRARY_PATH: /opt/hostedtoolcache/Python/3.8.18/x64/lib
2025-03-18T19:31:08.8322140Z ##[endgroup]
2025-03-18T19:31:08.8405836Z [0;32m==>[0m Running Action version 5.4.0
2025-03-18T19:31:08.8450092Z ##[group]Run git config --global --add safe.directory "/home/runner/work/tinuous/tinuous"
2025-03-18T19:31:08.8450649Z [36;1mgit config --global --add safe.directory "/home/runner/work/tinuous/tinuous"[0m
2025-03-18T19:31:08.8451111Z [36;1mgit config --global --add safe.directory "$GITHUB_WORKSPACE"[0m
2025-03-18T19:31:08.8497152Z shell: /usr/bin/bash --noprofile --norc -e -o pipefail {0}
2025-03-18T19:31:08.8497459Z env:
2025-03-18T19:31:08.8497702Z   pythonLocation: /opt/hostedtoolcache/Python/3.8.18/x64
2025-03-18T19:31:08.8498081Z   PKG_CONFIG_PATH: /opt/hostedtoolcache/Python/3.8.18/x64/lib/pkgconfig
2025-03-18T19:31:08.8498480Z   Python_ROOT_DIR: /opt/hostedtoolcache/Python/3.8.18/x64
2025-03-18T19:31:08.8498831Z   Python2_ROOT_DIR: /opt/hostedtoolcache/Python/3.8.18/x64
2025-03-18T19:31:08.8499169Z   Python3_ROOT_DIR: /opt/hostedtoolcache/Python/3.8.18/x64
2025-03-18T19:31:08.8499514Z   LD_LIBRARY_PATH: /opt/hostedtoolcache/Python/3.8.18/x64/lib
2025-03-18T19:31:08.8499806Z ##[endgroup]
2025-03-18T19:31:08.8625552Z ##[group]Run CC_FORK="false"
2025-03-18T19:31:08.8625849Z [36;1mCC_FORK="false"[0m
2025-03-18T19:31:08.8626556Z [36;1mif [ -n "$GITHUB_EVENT_PULL_REQUEST_HEAD_REPO_FULL_NAME" ] && [ "$GITHUB_EVENT_PULL_REQUEST_HEAD_REPO_FULL_NAME" != "$GITHUB_REPOSITORY" ];[0m
2025-03-18T19:31:08.8627101Z [36;1mthen[0m
2025-03-18T19:31:08.8627351Z [36;1m  echo -e "\033[0;32m==>\033[0m Fork detected"[0m
2025-03-18T19:31:08.8627640Z [36;1m  CC_FORK="true"[0m
2025-03-18T19:31:08.8627863Z [36;1mfi[0m
2025-03-18T19:31:08.8628081Z [36;1mecho "CC_FORK=$CC_FORK" >> "$GITHUB_ENV"[0m
2025-03-18T19:31:08.8673770Z shell: /usr/bin/bash --noprofile --norc -e -o pipefail {0}
2025-03-18T19:31:08.8674405Z env:
2025-03-18T19:31:08.8674707Z   pythonLocation: /opt/hostedtoolcache/Python/3.8.18/x64
2025-03-18T19:31:08.8675126Z   PKG_CONFIG_PATH: /opt/hostedtoolcache/Python/3.8.18/x64/lib/pkgconfig
2025-03-18T19:31:08.8675524Z   Python_ROOT_DIR: /opt/hostedtoolcache/Python/3.8.18/x64
2025-03-18T19:31:08.8675887Z   Python2_ROOT_DIR: /opt/hostedtoolcache/Python/3.8.18/x64
2025-03-18T19:31:08.8676270Z   Python3_ROOT_DIR: /opt/hostedtoolcache/Python/3.8.18/x64
2025-03-18T19:31:08.8676627Z   LD_LIBRARY_PATH: /opt/hostedtoolcache/Python/3.8.18/x64/lib
2025-03-18T19:31:08.8676992Z   GITHUB_EVENT_PULL_REQUEST_HEAD_LABEL: con:not-run
2025-03-18T19:31:08.8677348Z   GITHUB_EVENT_PULL_REQUEST_HEAD_REPO_FULL_NAME: con/tinuous
2025-03-18T19:31:08.8677669Z   GITHUB_REPOSITORY: con/tinuous
2025-03-18T19:31:08.8677910Z ##[endgroup]
2025-03-18T19:31:08.8774853Z ##[group]Run if [ "false" == 'true' ] && [ "$CC_FORK" != 'true' ];
2025-03-18T19:31:08.8775242Z [36;1mif [ "false" == 'true' ] && [ "$CC_FORK" != 'true' ];[0m
2025-03-18T19:31:08.8775532Z [36;1mthen[0m
2025-03-18T19:31:08.8775724Z [36;1m  # {"count":1984,"value":"***"}[0m
2025-03-18T19:31:08.8776120Z [36;1m  echo -e "\033[0;32m==>\033[0m Requesting OIDC token from '$ACTIONS_ID_TOKEN_REQUEST_URL'"[0m
2025-03-18T19:31:08.8776829Z [36;1m  CC_TOKEN=$(curl -H "Authorization: bearer $ACTIONS_ID_TOKEN_REQUEST_TOKEN" "$ACTIONS_ID_TOKEN_REQUEST_URL&audience=$CC_OIDC_AUDIENCE" | cut -d\" -f6)[0m
2025-03-18T19:31:08.8777446Z [36;1m  echo "CC_TOKEN=$CC_TOKEN" >> "$GITHUB_ENV"[0m
2025-03-18T19:31:08.8777721Z [36;1melif [ -n "" ];[0m
2025-03-18T19:31:08.8777930Z [36;1mthen[0m
2025-03-18T19:31:08.8778151Z [36;1m  echo -e "\033[0;32m==>\033[0m Token set from env"[0m
2025-03-18T19:31:08.8778455Z [36;1m    echo "CC_TOKEN=" >> "$GITHUB_ENV"[0m
2025-03-18T19:31:08.8778697Z [36;1melse[0m
2025-03-18T19:31:08.8779008Z [36;1m  if [ -n "***" ];[0m
2025-03-18T19:31:08.8779217Z [36;1m  then[0m
2025-03-18T19:31:08.8779449Z [36;1m    echo -e "\033[0;32m==>\033[0m Token set from input"[0m
2025-03-18T19:31:08.8779878Z [36;1m    CC_TOKEN=$(echo "***" | tr -d '\n')[0m
2025-03-18T19:31:08.8780162Z [36;1m    echo "CC_TOKEN=$CC_TOKEN" >> "$GITHUB_ENV"[0m
2025-03-18T19:31:08.8780422Z [36;1m  fi[0m
2025-03-18T19:31:08.8780585Z [36;1mfi[0m
2025-03-18T19:31:08.8824258Z shell: /usr/bin/bash --noprofile --norc -e -o pipefail {0}
2025-03-18T19:31:08.8824587Z env:
2025-03-18T19:31:08.8824830Z   pythonLocation: /opt/hostedtoolcache/Python/3.8.18/x64
2025-03-18T19:31:08.8825224Z   PKG_CONFIG_PATH: /opt/hostedtoolcache/Python/3.8.18/x64/lib/pkgconfig
2025-03-18T19:31:08.8825608Z   Python_ROOT_DIR: /opt/hostedtoolcache/Python/3.8.18/x64
2025-03-18T19:31:08.8825952Z   Python2_ROOT_DIR: /opt/hostedtoolcache/Python/3.8.18/x64
2025-03-18T19:31:08.8826290Z   Python3_ROOT_DIR: /opt/hostedtoolcache/Python/3.8.18/x64
2025-03-18T19:31:08.8826631Z   LD_LIBRARY_PATH: /opt/hostedtoolcache/Python/3.8.18/x64/lib
2025-03-18T19:31:08.8826919Z   CC_FORK: false
2025-03-18T19:31:08.8827133Z   CC_OIDC_AUDIENCE: https://codecov.io
2025-03-18T19:31:08.8827376Z ##[endgroup]
2025-03-18T19:31:08.8894277Z [0;32m==>[0m Token set from input
2025-03-18T19:31:08.8933073Z ##[group]Run if [ -z "$CC_BRANCH" ] && [ -z "$CC_TOKEN" ] && [ "$CC_FORK" == 'true' ]
2025-03-18T19:31:08.8933512Z [36;1mif [ -z "$CC_BRANCH" ] && [ -z "$CC_TOKEN" ] && [ "$CC_FORK" == 'true' ][0m
2025-03-18T19:31:08.8933981Z [36;1mthen[0m
2025-03-18T19:31:08.8934615Z [36;1m  echo -e "\033[0;32m==>\033[0m Fork detected, setting branch to $GITHUB_EVENT_PULL_REQUEST_HEAD_LABEL"[0m
2025-03-18T19:31:08.8935229Z [36;1m  TOKENLESS="$GITHUB_EVENT_PULL_REQUEST_HEAD_LABEL"[0m
2025-03-18T19:31:08.8935577Z [36;1m  CC_BRANCH="$GITHUB_EVENT_PULL_REQUEST_HEAD_LABEL"[0m
2025-03-18T19:31:08.8935907Z [36;1m  echo "TOKENLESS=$TOKENLESS" >> "$GITHUB_ENV"[0m
2025-03-18T19:31:08.8936172Z [36;1mfi[0m
2025-03-18T19:31:08.8936337Z [36;1m[0m
2025-03-18T19:31:08.8936543Z [36;1mecho "CC_BRANCH=$CC_BRANCH" >> "$GITHUB_ENV"[0m
2025-03-18T19:31:08.8979234Z shell: /usr/bin/bash --noprofile --norc -e -o pipefail {0}
2025-03-18T19:31:08.8979551Z env:
2025-03-18T19:31:08.8979793Z   pythonLocation: /opt/hostedtoolcache/Python/3.8.18/x64
2025-03-18T19:31:08.8980188Z   PKG_CONFIG_PATH: /opt/hostedtoolcache/Python/3.8.18/x64/lib/pkgconfig
2025-03-18T19:31:08.8980579Z   Python_ROOT_DIR: /opt/hostedtoolcache/Python/3.8.18/x64
2025-03-18T19:31:08.8980924Z   Python2_ROOT_DIR: /opt/hostedtoolcache/Python/3.8.18/x64
2025-03-18T19:31:08.8981274Z   Python3_ROOT_DIR: /opt/hostedtoolcache/Python/3.8.18/x64
2025-03-18T19:31:08.8981628Z   LD_LIBRARY_PATH: /opt/hostedtoolcache/Python/3.8.18/x64/lib
2025-03-18T19:31:08.8981911Z   CC_FORK: false
2025-03-18T19:31:08.8982196Z   CC_TOKEN: ***
2025-03-18T19:31:08.8982368Z   CC_BRANCH: 
2025-03-18T19:31:08.8982583Z   GITHUB_EVENT_PULL_REQUEST_HEAD_LABEL: con:not-run
2025-03-18T19:31:08.8982914Z   GITHUB_EVENT_PULL_REQUEST_HEAD_REPO_FULL_NAME: con/tinuous
2025-03-18T19:31:08.8983212Z   GITHUB_REPOSITORY: con/tinuous
2025-03-18T19:31:08.8983434Z ##[endgroup]
2025-03-18T19:31:08.9070002Z ##[group]Run if [ -z "$CC_SHA" ];
2025-03-18T19:31:08.9070289Z [36;1mif [ -z "$CC_SHA" ];[0m
2025-03-18T19:31:08.9070522Z [36;1mthen[0m
2025-03-18T19:31:08.9070767Z [36;1m  CC_SHA="$GITHUB_EVENT_PULL_REQUEST_HEAD_SHA"[0m
2025-03-18T19:31:08.9071054Z [36;1mfi[0m
2025-03-18T19:31:08.9071338Z [36;1mif [ -z "$CC_PR" ] && [ "${GITHUB_EVENT_NAME}" == "pull_request_target" ];[0m
2025-03-18T19:31:08.9071681Z [36;1mthen[0m
2025-03-18T19:31:08.9071889Z [36;1m  CC_PR="$GITHUB_EVENT_NUMBER"[0m
2025-03-18T19:31:08.9072157Z [36;1mfi[0m
2025-03-18T19:31:08.9072342Z [36;1m[0m
2025-03-18T19:31:08.9072551Z [36;1mecho "CC_SHA=$CC_SHA" >> "$GITHUB_ENV"[0m
2025-03-18T19:31:08.9072848Z [36;1mecho "CC_PR=$CC_PR" >> "$GITHUB_ENV"[0m
2025-03-18T19:31:08.9114736Z shell: /usr/bin/bash --noprofile --norc -e -o pipefail {0}
2025-03-18T19:31:08.9115068Z env:
2025-03-18T19:31:08.9115334Z   pythonLocation: /opt/hostedtoolcache/Python/3.8.18/x64
2025-03-18T19:31:08.9115743Z   PKG_CONFIG_PATH: /opt/hostedtoolcache/Python/3.8.18/x64/lib/pkgconfig
2025-03-18T19:31:08.9116146Z   Python_ROOT_DIR: /opt/hostedtoolcache/Python/3.8.18/x64
2025-03-18T19:31:08.9116513Z   Python2_ROOT_DIR: /opt/hostedtoolcache/Python/3.8.18/x64
2025-03-18T19:31:08.9116868Z   Python3_ROOT_DIR: /opt/hostedtoolcache/Python/3.8.18/x64
2025-03-18T19:31:08.9117243Z   LD_LIBRARY_PATH: /opt/hostedtoolcache/Python/3.8.18/x64/lib
2025-03-18T19:31:08.9117552Z   CC_FORK: false
2025-03-18T19:31:08.9117849Z   CC_TOKEN: ***
2025-03-18T19:31:08.9118044Z   CC_BRANCH: 
2025-03-18T19:31:08.9118230Z   CC_PR: 
2025-03-18T19:31:08.9118409Z   CC_SHA: 
2025-03-18T19:31:08.9118604Z   GITHUB_EVENT_NAME: pull_request
2025-03-18T19:31:08.9118858Z   GITHUB_EVENT_NUMBER: 205
2025-03-18T19:31:08.9119189Z   GITHUB_EVENT_PULL_REQUEST_HEAD_SHA: 9d95e7e27520092b0a409247905a504644ea20ab
2025-03-18T19:31:08.9119539Z ##[endgroup]
2025-03-18T19:31:08.9210439Z ##[group]Run ${GITHUB_ACTION_PATH}/dist/codecov.sh
2025-03-18T19:31:08.9210802Z [36;1m${GITHUB_ACTION_PATH}/dist/codecov.sh[0m
2025-03-18T19:31:08.9252328Z shell: /usr/bin/bash --noprofile --norc -e -o pipefail {0}
2025-03-18T19:31:08.9252647Z env:
2025-03-18T19:31:08.9252883Z   pythonLocation: /opt/hostedtoolcache/Python/3.8.18/x64
2025-03-18T19:31:08.9253285Z   PKG_CONFIG_PATH: /opt/hostedtoolcache/Python/3.8.18/x64/lib/pkgconfig
2025-03-18T19:31:08.9253840Z   Python_ROOT_DIR: /opt/hostedtoolcache/Python/3.8.18/x64
2025-03-18T19:31:08.9254379Z   Python2_ROOT_DIR: /opt/hostedtoolcache/Python/3.8.18/x64
2025-03-18T19:31:08.9254860Z   Python3_ROOT_DIR: /opt/hostedtoolcache/Python/3.8.18/x64
2025-03-18T19:31:08.9255219Z   LD_LIBRARY_PATH: /opt/hostedtoolcache/Python/3.8.18/x64/lib
2025-03-18T19:31:08.9255509Z   CC_FORK: false
2025-03-18T19:31:08.9255783Z   CC_TOKEN: ***
2025-03-18T19:31:08.9255975Z   CC_BRANCH: 
2025-03-18T19:31:08.9256172Z   CC_SHA: 9d95e7e27520092b0a409247905a504644ea20ab
2025-03-18T19:31:08.9256430Z   CC_PR: 
2025-03-18T19:31:08.9256587Z   CC_BASE_SHA: 
2025-03-18T19:31:08.9256759Z   CC_BINARY: 
2025-03-18T19:31:08.9256925Z   CC_BUILD: 
2025-03-18T19:31:08.9257086Z   CC_BUILD_URL: 
2025-03-18T19:31:08.9257261Z   CC_CODE: 
2025-03-18T19:31:08.9257413Z   CC_DIR: 
2025-03-18T19:31:08.9257590Z   CC_DISABLE_FILE_FIXES: false
2025-03-18T19:31:08.9257818Z   CC_DISABLE_SEARCH: false
2025-03-18T19:31:08.9258021Z   CC_DISABLE_TELEM: false
2025-03-18T19:31:08.9258228Z   CC_DRY_RUN: false
2025-03-18T19:31:08.9258410Z   CC_ENTERPRISE_URL: 
2025-03-18T19:31:08.9258599Z   CC_ENV: 
2025-03-18T19:31:08.9258760Z   CC_EXCLUDES: 
2025-03-18T19:31:08.9258942Z   CC_FAIL_ON_ERROR: false
2025-03-18T19:31:08.9259135Z   CC_FILES: 
2025-03-18T19:31:08.9259289Z   CC_FLAGS: 
2025-03-18T19:31:08.9259447Z   CC_FORCE: 
2025-03-18T19:31:08.9259636Z   CC_GCOV_ARGS: 
2025-03-18T19:31:08.9259824Z   CC_GCOV_EXECUTABLE: gcov
2025-03-18T19:31:08.9260023Z   CC_GCOV_IGNORE: 
2025-03-18T19:31:08.9260203Z   CC_GCOV_INCLUDE: 
2025-03-18T19:31:08.9260388Z   CC_GIT_SERVICE: github
2025-03-18T19:31:08.9260598Z   CC_HANDLE_NO_REPORTS_FOUND: false
2025-03-18T19:31:08.9260830Z   CC_JOB_CODE: 
2025-03-18T19:31:08.9260999Z   CC_LEGACY: false
2025-03-18T19:31:08.9261177Z   CC_NAME: 3.8
2025-03-18T19:31:08.9261354Z   CC_NETWORK_FILTER: 
2025-03-18T19:31:08.9261540Z   CC_NETWORK_PREFIX: 
2025-03-18T19:31:08.9261742Z   CC_NETWORK_ROOT_FOLDER: 
2025-03-18T19:31:08.9261939Z   CC_OS: 
2025-03-18T19:31:08.9262098Z   CC_PARENT_SHA: 
2025-03-18T19:31:08.9262278Z   CC_PLUGINS: 
2025-03-18T19:31:08.9262455Z   CC_RECURSE_SUBMODULES: false
2025-03-18T19:31:08.9262669Z   CC_REPORT_TYPE: 
2025-03-18T19:31:08.9262866Z   CC_RUN_CMD: upload-coverage
2025-03-18T19:31:08.9263079Z   CC_SERVICE: github
2025-03-18T19:31:08.9263274Z   CC_SKIP_VALIDATION: false
2025-03-18T19:31:08.9263468Z   CC_SLUG: 
2025-03-18T19:31:08.9263633Z   CC_SWIFT_PROJECT: 
2025-03-18T19:31:08.9263812Z   CC_USE_PYPI: false
2025-03-18T19:31:08.9263994Z   CC_VERBOSE: false
2025-03-18T19:31:08.9264373Z   CC_VERSION: latest
2025-03-18T19:31:08.9264556Z   CC_YML_PATH: 
2025-03-18T19:31:08.9264730Z ##[endgroup]
2025-03-18T19:31:08.9352854Z      _____          _
2025-03-18T19:31:08.9353221Z     / ____|        | |
2025-03-18T19:31:08.9353557Z    | |     ___   __| | ___  ___ _____   __
2025-03-18T19:31:08.9353962Z    | |    / _ \ / _` |/ _ \/ __/ _ \ \ / /
2025-03-18T19:31:08.9354631Z    | |___| (_) | (_| |  __/ (_| (_) \ V /
2025-03-18T19:31:08.9355049Z     \_____\___/ \__,_|\___|\___\___/ \_/
2025-03-18T19:31:08.9355754Z                            [0;31m Wrapper-0.2.0[0m
2025-03-18T19:31:08.9356194Z                                   
2025-03-18T19:31:08.9411658Z [0;32m==>[0m Detected [0;36mlinux[0m
2025-03-18T19:31:08.9412480Z [0;32m ->[0m Downloading [0;36mhttps://cli.codecov.io/latest/linux/codecov[0m
2025-03-18T19:31:08.9481723Z   % Total    % Received % Xferd  Average Speed   Time    Time     Time  Current
2025-03-18T19:31:08.9482372Z                                  Dload  Upload   Total   Spent    Left  Speed
2025-03-18T19:31:08.9482747Z 
2025-03-18T19:31:09.5183570Z   0     0    0     0    0     0      0      0 --:--:-- --:--:-- --:--:--     0
2025-03-18T19:31:09.5185779Z 100 27.5M  100 27.5M    0     0  48.2M      0 --:--:-- --:--:-- --:--:-- 48.3M
2025-03-18T19:31:09.5208177Z [0;32m==>[0m Finishing downloading [0;36mlinux:latest[0m
2025-03-18T19:31:09.5889287Z       Version: [0;36mv10.2.1[0m
2025-03-18T19:31:09.5890404Z  
2025-03-18T19:31:09.8867678Z gpg: directory '/home/runner/.gnupg' created
2025-03-18T19:31:09.8872211Z gpg: keybox '/home/runner/.gnupg/pubring.kbx' created
2025-03-18T19:31:09.8891040Z gpg: /home/runner/.gnupg/trustdb.gpg: trustdb created
2025-03-18T19:31:09.8891900Z gpg: key 806BB28AED779869: public key "Codecov Uploader (Codecov Uploader Verification Key) <security@codecov.io>" imported
2025-03-18T19:31:09.9070731Z gpg: Total number processed: 1
2025-03-18T19:31:09.9071051Z gpg:               imported: 1
2025-03-18T19:31:09.9077098Z [0;32m==>[0m Verifying GPG signature integrity
2025-03-18T19:31:09.9078021Z [0;32m ->[0m Downloading [0;36mhttps://cli.codecov.io/latest/linux/codecov.SHA256SUM[0m
2025-03-18T19:31:09.9079122Z [0;32m ->[0m Downloading [0;36mhttps://cli.codecov.io/latest/linux/codecov.SHA256SUM.sig[0m
2025-03-18T19:31:09.9079644Z  
2025-03-18T19:31:10.0685897Z gpg: Signature made Wed Mar 12 16:00:55 2025 UTC
2025-03-18T19:31:10.0686667Z gpg:                using RSA key 27034E7FDB850E0BBC2C62FF806BB28AED779869
2025-03-18T19:31:10.0689459Z gpg: Good signature from "Codecov Uploader (Codecov Uploader Verification Key) <security@codecov.io>" [unknown]
2025-03-18T19:31:10.0690241Z gpg: WARNING: This key is not certified with a trusted signature!
2025-03-18T19:31:10.0690753Z gpg:          There is no indication that the signature belongs to the owner.
2025-03-18T19:31:10.0691351Z Primary key fingerprint: 2703 4E7F DB85 0E0B BC2C  62FF 806B B28A ED77 9869
2025-03-18T19:31:10.2023571Z codecov: OK
2025-03-18T19:31:10.2033410Z [0;32m==>[0m CLI integrity verified
2025-03-18T19:31:10.2033653Z 
2025-03-18T19:31:10.2118344Z [0;32m ->[0m Token of length 36 detected
2025-03-18T19:31:10.2673918Z [0;32m==>[0m Running upload-coverage
2025-03-18T19:31:10.2683300Z       [0;36m./codecov  upload-coverage -t <redacted> --git-service github --sha 9d95e7e27520092b0a409247905a504644ea20ab --gcov-executable gcov --name 3.8[0m
2025-03-18T19:31:10.9120346Z info - 2025-03-18 19:31:10,911 -- ci service found: github-actions
2025-03-18T19:31:10.9378561Z warning - 2025-03-18 19:31:10,937 -- xcrun is not installed or can't be found.
2025-03-18T19:31:10.9816778Z warning - 2025-03-18 19:31:10,981 -- No gcov data found.
2025-03-18T19:31:10.9820763Z warning - 2025-03-18 19:31:10,981 -- coverage.py is not installed or can't be found.
2025-03-18T19:31:10.9920068Z info - 2025-03-18 19:31:10,991 -- Found 1 coverage files to report
2025-03-18T19:31:10.9920853Z info - 2025-03-18 19:31:10,991 -- > /home/runner/work/tinuous/tinuous/coverage.xml
2025-03-18T19:31:11.4908068Z info - 2025-03-18 19:31:11,490 -- Your upload is now processing. When finished, results will be available at: https://app.codecov.io/github/con/tinuous/commit/9d95e7e27520092b0a409247905a504644ea20ab
2025-03-18T19:31:11.7529451Z info - 2025-03-18 19:31:11,752 -- Process Upload complete
2025-03-18T19:31:11.9280218Z Post job cleanup.
2025-03-18T19:31:12.0931238Z Post job cleanup.
2025-03-18T19:31:12.1874467Z [command]/usr/bin/git version
2025-03-18T19:31:12.1911089Z git version 2.48.1
2025-03-18T19:31:12.1956591Z Copying '/home/runner/.gitconfig' to '/home/runner/work/_temp/0c63cd9a-cce7-4f4a-ba76-a7d4ac359321/.gitconfig'
2025-03-18T19:31:12.1968705Z Temporarily overriding HOME='/home/runner/work/_temp/0c63cd9a-cce7-4f4a-ba76-a7d4ac359321' before making global git config changes
2025-03-18T19:31:12.1969884Z Adding repository directory to the temporary git global config as a safe directory
2025-03-18T19:31:12.1977685Z [command]/usr/bin/git config --global --add safe.directory /home/runner/work/tinuous/tinuous
2025-03-18T19:31:12.2018382Z [command]/usr/bin/git config --local --name-only --get-regexp core\.sshCommand
2025-03-18T19:31:12.2055273Z [command]/usr/bin/git submodule foreach --recursive sh -c "git config --local --name-only --get-regexp 'core\.sshCommand' && git config --local --unset-all 'core.sshCommand' || :"
2025-03-18T19:31:12.2320172Z [command]/usr/bin/git config --local --name-only --get-regexp http\.https\:\/\/github\.com\/\.extraheader
2025-03-18T19:31:12.2344693Z http.https://github.com/.extraheader
2025-03-18T19:31:12.2357898Z [command]/usr/bin/git config --local --unset-all http.https://github.com/.extraheader
2025-03-18T19:31:12.2392281Z [command]/usr/bin/git submodule foreach --recursive sh -c "git config --local --name-only --get-regexp 'http\.https\:\/\/github\.com\/\.extraheader' && git config --local --unset-all 'http.https://github.com/.extraheader' || :"
2025-03-18T19:31:12.2749038Z Cleaning up orphan processes
