2025-12-03T01:53:02.7788865Z ##[group]Run codecov/codecov-action@v5
2025-12-03T01:53:02.7789159Z with:
2025-12-03T01:53:02.7789335Z   fail_ci_if_error: false
2025-12-03T01:53:02.7789657Z   token: ***
2025-12-03T01:53:02.7789835Z   name: pypy-3.10
2025-12-03T01:53:02.7790032Z   disable_file_fixes: false
2025-12-03T01:53:02.7790236Z   disable_search: false
2025-12-03T01:53:02.7790435Z   disable_safe_directory: false
2025-12-03T01:53:02.7790658Z   disable_telem: false
2025-12-03T01:53:02.7790832Z   dry_run: false
2025-12-03T01:53:02.7791008Z   git_service: github
2025-12-03T01:53:02.7791186Z   gcov_executable: gcov
2025-12-03T01:53:02.7791388Z   handle_no_reports_found: false
2025-12-03T01:53:02.7791608Z   recurse_submodules: false
2025-12-03T01:53:02.7791812Z   run_command: upload-coverage
2025-12-03T01:53:02.7792020Z   skip_validation: false
2025-12-03T01:53:02.7792221Z   use_legacy_upload_endpoint: false
2025-12-03T01:53:02.7792439Z   use_oidc: false
2025-12-03T01:53:02.7792611Z   use_pypi: false
2025-12-03T01:53:02.7792773Z   verbose: false
2025-12-03T01:53:02.7792984Z   version: latest
2025-12-03T01:53:02.7793148Z env:
2025-12-03T01:53:02.7793373Z   pythonLocation: /opt/hostedtoolcache/PyPy/3.10.16/x64
2025-12-03T01:53:02.7793720Z   Python_ROOT_DIR: /opt/hostedtoolcache/PyPy/3.10.16/x64
2025-12-03T01:53:02.7794059Z   Python2_ROOT_DIR: /opt/hostedtoolcache/PyPy/3.10.16/x64
2025-12-03T01:53:02.7794390Z   Python3_ROOT_DIR: /opt/hostedtoolcache/PyPy/3.10.16/x64
2025-12-03T01:53:02.7794790Z   PKG_CONFIG_PATH: /opt/hostedtoolcache/PyPy/3.10.16/x64/bin/lib/pkgconfig
2025-12-03T01:53:02.7795113Z ##[endgroup]
2025-12-03T01:53:02.7863838Z ##[group]Run missing_deps=""
2025-12-03T01:53:02.7864116Z [36;1mmissing_deps=""[0m
2025-12-03T01:53:02.7864304Z [36;1m[0m
2025-12-03T01:53:02.7864483Z [36;1m# Check for required commands[0m
2025-12-03T01:53:02.7864741Z [36;1mfor cmd in bash git curl gpg; do[0m
2025-12-03T01:53:02.7865024Z [36;1m  if ! command -v "$cmd" >/dev/null 2>&1; then[0m
2025-12-03T01:53:02.7865313Z [36;1m    missing_deps="$missing_deps $cmd"[0m
2025-12-03T01:53:02.7865574Z [36;1m  fi[0m
2025-12-03T01:53:02.7865735Z [36;1mdone[0m
2025-12-03T01:53:02.7865894Z [36;1m[0m
2025-12-03T01:53:02.7866082Z [36;1m# Report missing required dependencies[0m
2025-12-03T01:53:02.7866355Z [36;1mif [ -n "$missing_deps" ]; then[0m
2025-12-03T01:53:02.7866716Z [36;1m  echo "Error: The following required dependencies are missing:$missing_deps"[0m
2025-12-03T01:53:02.7867180Z [36;1m  echo "Please install these dependencies before using this action."[0m
2025-12-03T01:53:02.7867755Z [36;1m  exit 1[0m
2025-12-03T01:53:02.7867985Z [36;1mfi[0m
2025-12-03T01:53:02.7868143Z [36;1m[0m
2025-12-03T01:53:02.7868373Z [36;1mecho "All required system dependencies are available."[0m
2025-12-03T01:53:02.8057009Z shell: /usr/bin/sh -e {0}
2025-12-03T01:53:02.8057278Z env:
2025-12-03T01:53:02.8057711Z   pythonLocation: /opt/hostedtoolcache/PyPy/3.10.16/x64
2025-12-03T01:53:02.8058117Z   Python_ROOT_DIR: /opt/hostedtoolcache/PyPy/3.10.16/x64
2025-12-03T01:53:02.8058515Z   Python2_ROOT_DIR: /opt/hostedtoolcache/PyPy/3.10.16/x64
2025-12-03T01:53:02.8058891Z   Python3_ROOT_DIR: /opt/hostedtoolcache/PyPy/3.10.16/x64
2025-12-03T01:53:02.8059316Z   PKG_CONFIG_PATH: /opt/hostedtoolcache/PyPy/3.10.16/x64/bin/lib/pkgconfig
2025-12-03T01:53:02.8059692Z ##[endgroup]
2025-12-03T01:53:02.8130087Z All required system dependencies are available.
2025-12-03T01:53:02.8158157Z ##[group]Run CC_ACTION_VERSION=$(cat ${GITHUB_ACTION_PATH}/src/version)
2025-12-03T01:53:02.8158596Z [36;1mCC_ACTION_VERSION=$(cat ${GITHUB_ACTION_PATH}/src/version)[0m
2025-12-03T01:53:02.8159015Z [36;1mecho -e "\033[0;32m==>\033[0m Running Action version $CC_ACTION_VERSION"[0m
2025-12-03T01:53:02.8190380Z shell: /usr/bin/bash --noprofile --norc -e -o pipefail {0}
2025-12-03T01:53:02.8190696Z env:
2025-12-03T01:53:02.8190931Z   pythonLocation: /opt/hostedtoolcache/PyPy/3.10.16/x64
2025-12-03T01:53:02.8191263Z   Python_ROOT_DIR: /opt/hostedtoolcache/PyPy/3.10.16/x64
2025-12-03T01:53:02.8191595Z   Python2_ROOT_DIR: /opt/hostedtoolcache/PyPy/3.10.16/x64
2025-12-03T01:53:02.8192151Z   Python3_ROOT_DIR: /opt/hostedtoolcache/PyPy/3.10.16/x64
2025-12-03T01:53:02.8192529Z   PKG_CONFIG_PATH: /opt/hostedtoolcache/PyPy/3.10.16/x64/bin/lib/pkgconfig
2025-12-03T01:53:02.8192865Z ##[endgroup]
2025-12-03T01:53:02.8256648Z [0;32m==>[0m Running Action version 5.5.1
2025-12-03T01:53:02.8295591Z ##[group]Run git config --global --add safe.directory "/home/runner/work/tinuous/tinuous"
2025-12-03T01:53:02.8296140Z [36;1mgit config --global --add safe.directory "/home/runner/work/tinuous/tinuous"[0m
2025-12-03T01:53:02.8296594Z [36;1mgit config --global --add safe.directory "$GITHUB_WORKSPACE"[0m
2025-12-03T01:53:02.8327240Z shell: /usr/bin/bash --noprofile --norc -e -o pipefail {0}
2025-12-03T01:53:02.8327755Z env:
2025-12-03T01:53:02.8328006Z   pythonLocation: /opt/hostedtoolcache/PyPy/3.10.16/x64
2025-12-03T01:53:02.8328346Z   Python_ROOT_DIR: /opt/hostedtoolcache/PyPy/3.10.16/x64
2025-12-03T01:53:02.8328699Z   Python2_ROOT_DIR: /opt/hostedtoolcache/PyPy/3.10.16/x64
2025-12-03T01:53:02.8329065Z   Python3_ROOT_DIR: /opt/hostedtoolcache/PyPy/3.10.16/x64
2025-12-03T01:53:02.8329437Z   PKG_CONFIG_PATH: /opt/hostedtoolcache/PyPy/3.10.16/x64/bin/lib/pkgconfig
2025-12-03T01:53:02.8329770Z ##[endgroup]
2025-12-03T01:53:02.8430010Z ##[group]Run CC_FORK="false"
2025-12-03T01:53:02.8430278Z [36;1mCC_FORK="false"[0m
2025-12-03T01:53:02.8430753Z [36;1mif [ -n "$GITHUB_EVENT_PULL_REQUEST_HEAD_REPO_FULL_NAME" ] && [ "$GITHUB_EVENT_PULL_REQUEST_HEAD_REPO_FULL_NAME" != "$GITHUB_REPOSITORY" ];[0m
2025-12-03T01:53:02.8431252Z [36;1mthen[0m
2025-12-03T01:53:02.8431476Z [36;1m  echo -e "\033[0;32m==>\033[0m Fork detected"[0m
2025-12-03T01:53:02.8431736Z [36;1m  CC_FORK="true"[0m
2025-12-03T01:53:02.8431927Z [36;1mfi[0m
2025-12-03T01:53:02.8432117Z [36;1mecho "CC_FORK=$CC_FORK" >> "$GITHUB_ENV"[0m
2025-12-03T01:53:02.8461106Z shell: /usr/bin/bash --noprofile --norc -e -o pipefail {0}
2025-12-03T01:53:02.8461410Z env:
2025-12-03T01:53:02.8461658Z   pythonLocation: /opt/hostedtoolcache/PyPy/3.10.16/x64
2025-12-03T01:53:02.8462002Z   Python_ROOT_DIR: /opt/hostedtoolcache/PyPy/3.10.16/x64
2025-12-03T01:53:02.8462331Z   Python2_ROOT_DIR: /opt/hostedtoolcache/PyPy/3.10.16/x64
2025-12-03T01:53:02.8462657Z   Python3_ROOT_DIR: /opt/hostedtoolcache/PyPy/3.10.16/x64
2025-12-03T01:53:02.8463024Z   PKG_CONFIG_PATH: /opt/hostedtoolcache/PyPy/3.10.16/x64/bin/lib/pkgconfig
2025-12-03T01:53:02.8463485Z   GITHUB_EVENT_PULL_REQUEST_HEAD_LABEL: con:copilot/fix-workflow-overlap-issue
2025-12-03T01:53:02.8463897Z   GITHUB_EVENT_PULL_REQUEST_HEAD_REPO_FULL_NAME: con/tinuous
2025-12-03T01:53:02.8464191Z   GITHUB_REPOSITORY: con/tinuous
2025-12-03T01:53:02.8464404Z ##[endgroup]
2025-12-03T01:53:02.8565333Z ##[group]Run actions/github-script@60a0d83039c74a4aee543508d2ffcb1c3799cdea
2025-12-03T01:53:02.8565686Z with:
2025-12-03T01:53:02.8566197Z   script: if (process.env.CC_USE_OIDC === 'true' && process.env.CC_FORK != 'true') {
  const id_token = await core.getIDToken(process.env.CC_OIDC_AUDIENCE)
  return id_token
}

2025-12-03T01:53:02.8566928Z   github-token: ***
2025-12-03T01:53:02.8567130Z   debug: false
2025-12-03T01:53:02.8567324Z   user-agent: actions/github-script
2025-12-03T01:53:02.8567792Z   result-encoding: json
2025-12-03T01:53:02.8568007Z   retries: 0
2025-12-03T01:53:02.8568214Z   retry-exempt-status-codes: 400,401,403,404,422
2025-12-03T01:53:02.8568656Z env:
2025-12-03T01:53:02.8568878Z   pythonLocation: /opt/hostedtoolcache/PyPy/3.10.16/x64
2025-12-03T01:53:02.8569210Z   Python_ROOT_DIR: /opt/hostedtoolcache/PyPy/3.10.16/x64
2025-12-03T01:53:02.8569541Z   Python2_ROOT_DIR: /opt/hostedtoolcache/PyPy/3.10.16/x64
2025-12-03T01:53:02.8569865Z   Python3_ROOT_DIR: /opt/hostedtoolcache/PyPy/3.10.16/x64
2025-12-03T01:53:02.8570318Z   PKG_CONFIG_PATH: /opt/hostedtoolcache/PyPy/3.10.16/x64/bin/lib/pkgconfig
2025-12-03T01:53:02.8570670Z   CC_FORK: false
2025-12-03T01:53:02.8570872Z   CC_OIDC_AUDIENCE: https://codecov.io
2025-12-03T01:53:02.8571102Z   CC_USE_OIDC: false
2025-12-03T01:53:02.8571439Z ##[endgroup]
2025-12-03T01:53:02.9519358Z ##[group]Run if [ "false" == 'true' ] && [ "$CC_FORK" != 'true' ];
2025-12-03T01:53:02.9519770Z [36;1mif [ "false" == 'true' ] && [ "$CC_FORK" != 'true' ];[0m
2025-12-03T01:53:02.9520040Z [36;1mthen[0m
2025-12-03T01:53:02.9520296Z [36;1m  echo "CC_TOKEN=$CC_OIDC_TOKEN" >> "$GITHUB_ENV"[0m
2025-12-03T01:53:02.9520591Z [36;1melif [ -n "" ];[0m
2025-12-03T01:53:02.9520778Z [36;1mthen[0m
2025-12-03T01:53:02.9520994Z [36;1m  echo -e "\033[0;32m==>\033[0m Token set from env"[0m
2025-12-03T01:53:02.9521274Z [36;1m    echo "CC_TOKEN=" >> "$GITHUB_ENV"[0m
2025-12-03T01:53:02.9521506Z [36;1melse[0m
2025-12-03T01:53:02.9521844Z [36;1m  if [ -n "***" ];[0m
2025-12-03T01:53:02.9522057Z [36;1m  then[0m
2025-12-03T01:53:02.9522290Z [36;1m    echo -e "\033[0;32m==>\033[0m Token set from input"[0m
2025-12-03T01:53:02.9522681Z [36;1m    CC_TOKEN=$(echo "***" | tr -d '\n')[0m
2025-12-03T01:53:02.9522960Z [36;1m    echo "CC_TOKEN=$CC_TOKEN" >> "$GITHUB_ENV"[0m
2025-12-03T01:53:02.9523220Z [36;1m  fi[0m
2025-12-03T01:53:02.9523381Z [36;1mfi[0m
2025-12-03T01:53:02.9555200Z shell: /usr/bin/bash --noprofile --norc -e -o pipefail {0}
2025-12-03T01:53:02.9555501Z env:
2025-12-03T01:53:02.9555735Z   pythonLocation: /opt/hostedtoolcache/PyPy/3.10.16/x64
2025-12-03T01:53:02.9556099Z   Python_ROOT_DIR: /opt/hostedtoolcache/PyPy/3.10.16/x64
2025-12-03T01:53:02.9556427Z   Python2_ROOT_DIR: /opt/hostedtoolcache/PyPy/3.10.16/x64
2025-12-03T01:53:02.9556760Z   Python3_ROOT_DIR: /opt/hostedtoolcache/PyPy/3.10.16/x64
2025-12-03T01:53:02.9557131Z   PKG_CONFIG_PATH: /opt/hostedtoolcache/PyPy/3.10.16/x64/bin/lib/pkgconfig
2025-12-03T01:53:02.9557466Z   CC_FORK: false
2025-12-03T01:53:02.9557849Z   CC_OIDC_TOKEN: 
2025-12-03T01:53:02.9558054Z   CC_OIDC_AUDIENCE: https://codecov.io
2025-12-03T01:53:02.9558289Z ##[endgroup]
2025-12-03T01:53:02.9609752Z [0;32m==>[0m Token set from input
2025-12-03T01:53:02.9648161Z ##[group]Run if [ -z "$CC_BRANCH" ] && [ -z "$CC_TOKEN" ] && [ "$CC_FORK" == 'true' ]
2025-12-03T01:53:02.9648621Z [36;1mif [ -z "$CC_BRANCH" ] && [ -z "$CC_TOKEN" ] && [ "$CC_FORK" == 'true' ][0m
2025-12-03T01:53:02.9648923Z [36;1mthen[0m
2025-12-03T01:53:02.9649269Z [36;1m  echo -e "\033[0;32m==>\033[0m Fork detected, setting branch to $GITHUB_EVENT_PULL_REQUEST_HEAD_LABEL"[0m
2025-12-03T01:53:02.9649720Z [36;1m  TOKENLESS="$GITHUB_EVENT_PULL_REQUEST_HEAD_LABEL"[0m
2025-12-03T01:53:02.9650064Z [36;1m  CC_BRANCH="$GITHUB_EVENT_PULL_REQUEST_HEAD_LABEL"[0m
2025-12-03T01:53:02.9650377Z [36;1m  echo "TOKENLESS=$TOKENLESS" >> "$GITHUB_ENV"[0m
2025-12-03T01:53:02.9650624Z [36;1mfi[0m
2025-12-03T01:53:02.9650784Z [36;1m[0m
2025-12-03T01:53:02.9650984Z [36;1mecho "CC_BRANCH=$CC_BRANCH" >> "$GITHUB_ENV"[0m
2025-12-03T01:53:02.9680711Z shell: /usr/bin/bash --noprofile --norc -e -o pipefail {0}
2025-12-03T01:53:02.9681025Z env:
2025-12-03T01:53:02.9681264Z   pythonLocation: /opt/hostedtoolcache/PyPy/3.10.16/x64
2025-12-03T01:53:02.9681612Z   Python_ROOT_DIR: /opt/hostedtoolcache/PyPy/3.10.16/x64
2025-12-03T01:53:02.9681940Z   Python2_ROOT_DIR: /opt/hostedtoolcache/PyPy/3.10.16/x64
2025-12-03T01:53:02.9682268Z   Python3_ROOT_DIR: /opt/hostedtoolcache/PyPy/3.10.16/x64
2025-12-03T01:53:02.9682630Z   PKG_CONFIG_PATH: /opt/hostedtoolcache/PyPy/3.10.16/x64/bin/lib/pkgconfig
2025-12-03T01:53:02.9683120Z   CC_FORK: false
2025-12-03T01:53:02.9683395Z   CC_TOKEN: ***
2025-12-03T01:53:02.9683560Z   CC_BRANCH: 
2025-12-03T01:53:02.9683849Z   GITHUB_EVENT_PULL_REQUEST_HEAD_LABEL: con:copilot/fix-workflow-overlap-issue
2025-12-03T01:53:02.9684256Z   GITHUB_EVENT_PULL_REQUEST_HEAD_REPO_FULL_NAME: con/tinuous
2025-12-03T01:53:02.9684553Z   GITHUB_REPOSITORY: con/tinuous
2025-12-03T01:53:02.9684766Z ##[endgroup]
2025-12-03T01:53:02.9779515Z ##[group]Run if [ -z "$CC_SHA" ];
2025-12-03T01:53:02.9779791Z [36;1mif [ -z "$CC_SHA" ];[0m
2025-12-03T01:53:02.9779998Z [36;1mthen[0m
2025-12-03T01:53:02.9780224Z [36;1m  CC_SHA="$GITHUB_EVENT_PULL_REQUEST_HEAD_SHA"[0m
2025-12-03T01:53:02.9780659Z [36;1mfi[0m
2025-12-03T01:53:02.9780862Z [36;1mif [ -z "$CC_PR" ] && [ "$CC_FORK" == 'true' ];[0m
2025-12-03T01:53:02.9781115Z [36;1mthen[0m
2025-12-03T01:53:02.9781292Z [36;1m  CC_PR="$GITHUB_EVENT_NUMBER"[0m
2025-12-03T01:53:02.9781523Z [36;1mfi[0m
2025-12-03T01:53:02.9781680Z [36;1m[0m
2025-12-03T01:53:02.9781867Z [36;1mecho "CC_SHA=$CC_SHA" >> "$GITHUB_ENV"[0m
2025-12-03T01:53:02.9782138Z [36;1mecho "CC_PR=$CC_PR" >> "$GITHUB_ENV"[0m
2025-12-03T01:53:02.9811553Z shell: /usr/bin/bash --noprofile --norc -e -o pipefail {0}
2025-12-03T01:53:02.9811861Z env:
2025-12-03T01:53:02.9812090Z   pythonLocation: /opt/hostedtoolcache/PyPy/3.10.16/x64
2025-12-03T01:53:02.9812444Z   Python_ROOT_DIR: /opt/hostedtoolcache/PyPy/3.10.16/x64
2025-12-03T01:53:02.9812776Z   Python2_ROOT_DIR: /opt/hostedtoolcache/PyPy/3.10.16/x64
2025-12-03T01:53:02.9813093Z   Python3_ROOT_DIR: /opt/hostedtoolcache/PyPy/3.10.16/x64
2025-12-03T01:53:02.9813468Z   PKG_CONFIG_PATH: /opt/hostedtoolcache/PyPy/3.10.16/x64/bin/lib/pkgconfig
2025-12-03T01:53:02.9813810Z   CC_FORK: false
2025-12-03T01:53:02.9814084Z   CC_TOKEN: ***
2025-12-03T01:53:02.9814255Z   CC_BRANCH: 
2025-12-03T01:53:02.9814410Z   CC_PR: 
2025-12-03T01:53:02.9814563Z   CC_SHA: 
2025-12-03T01:53:02.9814734Z   GITHUB_EVENT_NAME: pull_request
2025-12-03T01:53:02.9814956Z   GITHUB_EVENT_NUMBER: 221
2025-12-03T01:53:02.9815267Z   GITHUB_EVENT_PULL_REQUEST_HEAD_SHA: c18690ec8007c8c2f21048856938ce9f1a144711
2025-12-03T01:53:02.9815597Z ##[endgroup]
2025-12-03T01:53:02.9891453Z ##[group]Run ${GITHUB_ACTION_PATH}/dist/codecov.sh
2025-12-03T01:53:02.9891805Z [36;1m${GITHUB_ACTION_PATH}/dist/codecov.sh[0m
2025-12-03T01:53:02.9921511Z shell: /usr/bin/bash --noprofile --norc -e -o pipefail {0}
2025-12-03T01:53:02.9921831Z env:
2025-12-03T01:53:02.9922063Z   pythonLocation: /opt/hostedtoolcache/PyPy/3.10.16/x64
2025-12-03T01:53:02.9922412Z   Python_ROOT_DIR: /opt/hostedtoolcache/PyPy/3.10.16/x64
2025-12-03T01:53:02.9922743Z   Python2_ROOT_DIR: /opt/hostedtoolcache/PyPy/3.10.16/x64
2025-12-03T01:53:02.9923082Z   Python3_ROOT_DIR: /opt/hostedtoolcache/PyPy/3.10.16/x64
2025-12-03T01:53:02.9923454Z   PKG_CONFIG_PATH: /opt/hostedtoolcache/PyPy/3.10.16/x64/bin/lib/pkgconfig
2025-12-03T01:53:02.9923772Z   CC_FORK: false
2025-12-03T01:53:02.9924088Z   CC_TOKEN: ***
2025-12-03T01:53:02.9924259Z   CC_BRANCH: 
2025-12-03T01:53:02.9924455Z   CC_SHA: c18690ec8007c8c2f21048856938ce9f1a144711
2025-12-03T01:53:02.9924704Z   CC_PR: 
2025-12-03T01:53:02.9924863Z   CC_BASE_SHA: 
2025-12-03T01:53:02.9925024Z   CC_BINARY: 
2025-12-03T01:53:02.9925185Z   CC_BUILD: 
2025-12-03T01:53:02.9925335Z   CC_BUILD_URL: 
2025-12-03T01:53:02.9925499Z   CC_CODE: 
2025-12-03T01:53:02.9925648Z   CC_DIR: 
2025-12-03T01:53:02.9925811Z   CC_DISABLE_FILE_FIXES: false
2025-12-03T01:53:02.9926025Z   CC_DISABLE_SEARCH: false
2025-12-03T01:53:02.9926219Z   CC_DISABLE_TELEM: false
2025-12-03T01:53:02.9926413Z   CC_DRY_RUN: false
2025-12-03T01:53:02.9926595Z   CC_ENTERPRISE_URL: 
2025-12-03T01:53:02.9926772Z   CC_ENV: 
2025-12-03T01:53:02.9926926Z   CC_EXCLUDES: 
2025-12-03T01:53:02.9927093Z   CC_FAIL_ON_ERROR: false
2025-12-03T01:53:02.9927281Z   CC_FILES: 
2025-12-03T01:53:02.9927440Z   CC_FLAGS: 
2025-12-03T01:53:02.9927835Z   CC_FORCE: 
2025-12-03T01:53:02.9928004Z   CC_GCOV_ARGS: 
2025-12-03T01:53:02.9928175Z   CC_GCOV_EXECUTABLE: gcov
2025-12-03T01:53:02.9928554Z   CC_GCOV_IGNORE: 
2025-12-03T01:53:02.9928727Z   CC_GCOV_INCLUDE: 
2025-12-03T01:53:02.9928900Z   CC_GIT_SERVICE: github
2025-12-03T01:53:02.9929107Z   CC_HANDLE_NO_REPORTS_FOUND: false
2025-12-03T01:53:02.9929315Z   CC_JOB_CODE: 
2025-12-03T01:53:02.9929477Z   CC_LEGACY: false
2025-12-03T01:53:02.9929653Z   CC_NAME: pypy-3.10
2025-12-03T01:53:02.9929834Z   CC_NETWORK_FILTER: 
2025-12-03T01:53:02.9930017Z   CC_NETWORK_PREFIX: 
2025-12-03T01:53:02.9930193Z   CC_NETWORK_ROOT_FOLDER: 
2025-12-03T01:53:02.9930414Z   CC_OS: 
2025-12-03T01:53:02.9930561Z   CC_PARENT_SHA: 
2025-12-03T01:53:02.9930732Z   CC_PLUGINS: 
2025-12-03T01:53:02.9931038Z   CC_RECURSE_SUBMODULES: false
2025-12-03T01:53:02.9931243Z   CC_REPORT_TYPE: 
2025-12-03T01:53:02.9931425Z   CC_RUN_CMD: upload-coverage
2025-12-03T01:53:02.9931619Z   CC_SERVICE: github
2025-12-03T01:53:02.9931802Z   CC_SKIP_VALIDATION: false
2025-12-03T01:53:02.9931988Z   CC_SLUG: 
2025-12-03T01:53:02.9932146Z   CC_SWIFT_PROJECT: 
2025-12-03T01:53:02.9932325Z   CC_USE_PYPI: false
2025-12-03T01:53:02.9932491Z   CC_VERBOSE: false
2025-12-03T01:53:02.9932660Z   CC_VERSION: latest
2025-12-03T01:53:02.9932822Z   CC_YML_PATH: 
2025-12-03T01:53:02.9932989Z ##[endgroup]
2025-12-03T01:53:03.0005980Z      _____          _
2025-12-03T01:53:03.0006347Z     / ____|        | |
2025-12-03T01:53:03.0006664Z    | |     ___   __| | ___  ___ _____   __
2025-12-03T01:53:03.0006961Z    | |    / _ \ / _` |/ _ \/ __/ _ \ \ / /
2025-12-03T01:53:03.0007204Z    | |___| (_) | (_| |  __/ (_| (_) \ V /
2025-12-03T01:53:03.0007433Z     \_____\___/ \__,_|\___|\___\___/ \_/
2025-12-03T01:53:03.0008078Z                            [0;31m Wrapper-0.2.7[0m
2025-12-03T01:53:03.0008346Z                            
2025-12-03T01:53:03.0063139Z [0;32m==>[0m Detected [0;36mlinux[0m
2025-12-03T01:53:03.0063734Z [0;32m ->[0m Downloading [0;36mhttps://cli.codecov.io/latest/linux/codecov[0m
2025-12-03T01:53:03.0115463Z   % Total    % Received % Xferd  Average Speed   Time    Time     Time  Current
2025-12-03T01:53:03.0116139Z                                  Dload  Upload   Total   Spent    Left  Speed
2025-12-03T01:53:03.0116466Z 
2025-12-03T01:53:03.1763420Z   0     0    0     0    0     0      0      0 --:--:-- --:--:-- --:--:--     0
2025-12-03T01:53:03.1764177Z 100 10.6M  100 10.6M    0     0  64.5M      0 --:--:-- --:--:-- --:--:-- 64.9M
2025-12-03T01:53:03.1791822Z [0;32m==>[0m Finishing downloading [0;36mlinux:latest[0m
2025-12-03T01:53:03.2279144Z       Version: [0;36mv11.2.5[0m
2025-12-03T01:53:03.2279655Z  
2025-12-03T01:53:03.2711141Z gpg: directory '/home/runner/.gnupg' created
2025-12-03T01:53:03.2757190Z gpg: keybox '/home/runner/.gnupg/pubring.kbx' created
2025-12-03T01:53:03.6447921Z gpg: /home/runner/.gnupg/trustdb.gpg: trustdb created
2025-12-03T01:53:03.6448971Z gpg: key 806BB28AED779869: public key "Codecov Uploader (Codecov Uploader Verification Key) <security@codecov.io>" imported
2025-12-03T01:53:03.6840347Z gpg: Total number processed: 1
2025-12-03T01:53:03.6840818Z gpg:               imported: 1
2025-12-03T01:53:03.6846499Z [0;32m==>[0m Verifying GPG signature integrity
2025-12-03T01:53:03.6847386Z [0;32m ->[0m Downloading [0;36mhttps://cli.codecov.io/latest/linux/codecov.SHA256SUM[0m
2025-12-03T01:53:03.6848675Z [0;32m ->[0m Downloading [0;36mhttps://cli.codecov.io/latest/linux/codecov.SHA256SUM.sig[0m
2025-12-03T01:53:03.6849302Z  
2025-12-03T01:53:03.7705837Z gpg: Signature made Mon Nov 10 14:58:43 2025 UTC
2025-12-03T01:53:03.7706468Z gpg:                using RSA key 27034E7FDB850E0BBC2C62FF806BB28AED779869
2025-12-03T01:53:03.7708673Z gpg: Good signature from "Codecov Uploader (Codecov Uploader Verification Key) <security@codecov.io>" [unknown]
2025-12-03T01:53:03.7709717Z gpg: WARNING: This key is not certified with a trusted signature!
2025-12-03T01:53:03.7710419Z gpg:          There is no indication that the signature belongs to the owner.
2025-12-03T01:53:03.7711174Z Primary key fingerprint: 2703 4E7F DB85 0E0B BC2C  62FF 806B B28A ED77 9869
2025-12-03T01:53:03.8919324Z codecov: OK
2025-12-03T01:53:03.8930636Z [0;32m==>[0m CLI integrity verified
2025-12-03T01:53:03.8930974Z 
2025-12-03T01:53:03.9536502Z [0;32m ->[0m Token length: 36
2025-12-03T01:53:03.9536966Z [0;32m==>[0m Running upload-coverage
2025-12-03T01:53:03.9546257Z       [0;36m./codecov  upload-coverage -t <redacted> --git-service github --sha c18690ec8007c8c2f21048856938ce9f1a144711 --gcov-executable gcov --name pypy-3.10[0m
2025-12-03T01:53:04.3038515Z info - 2025-12-03 01:53:04,303 -- ci service found: github-actions
2025-12-03T01:53:04.3455573Z warning - 2025-12-03 01:53:04,345 -- xcrun is not installed or can't be found.
2025-12-03T01:53:04.4158703Z warning - 2025-12-03 01:53:04,415 -- No gcov data found.
2025-12-03T01:53:04.4162789Z warning - 2025-12-03 01:53:04,416 -- coverage.py is not installed or can't be found.
2025-12-03T01:53:04.4338259Z info - 2025-12-03 01:53:04,433 -- Found 1 coverage files to report
2025-12-03T01:53:04.4339602Z info - 2025-12-03 01:53:04,433 -- > /home/runner/work/tinuous/tinuous/coverage.xml
2025-12-03T01:53:05.0174518Z info - 2025-12-03 01:53:05,017 -- Your upload is now processing. When finished, results will be available at: https://app.codecov.io/github/con/tinuous/commit/c18690ec8007c8c2f21048856938ce9f1a144711
2025-12-03T01:53:05.1749095Z info - 2025-12-03 01:53:05,174 -- Process Upload complete
