2024-02-17T00:32:20.1154543Z Requested labels: ubuntu-latest
2024-02-17T00:32:20.1154808Z Job defined at: con/tinuous/.github/workflows/test.yml@refs/heads/master
2024-02-17T00:32:20.1154901Z Waiting for a runner to pick up this job...
2024-02-17T00:32:20.6604724Z Job is waiting for a hosted runner to come online.
2024-02-17T00:32:23.7690594Z Job is about to start running on the hosted runner: GitHub Actions 5 (hosted)
2024-02-17T00:32:26.2145021Z Current runner version: '2.313.0'
2024-02-17T00:32:26.2171544Z ##[group]Operating System
2024-02-17T00:32:26.2172362Z Ubuntu
2024-02-17T00:32:26.2172872Z 22.04.3
2024-02-17T00:32:26.2173205Z LTS
2024-02-17T00:32:26.2173513Z ##[endgroup]
2024-02-17T00:32:26.2173996Z ##[group]Runner Image
2024-02-17T00:32:26.2174465Z Image: ubuntu-22.04
2024-02-17T00:32:26.2174953Z Version: 20240212.1.0
2024-02-17T00:32:26.2176419Z Included Software: https://github.com/actions/runner-images/blob/ubuntu22/20240212.1/images/ubuntu/Ubuntu2204-Readme.md
2024-02-17T00:32:26.2178804Z Image Release: https://github.com/actions/runner-images/releases/tag/ubuntu22%2F20240212.1
2024-02-17T00:32:26.2180148Z ##[endgroup]
2024-02-17T00:32:26.2181235Z ##[group]Runner Image Provisioner
2024-02-17T00:32:26.2182021Z 2.0.341.1
2024-02-17T00:32:26.2182599Z ##[endgroup]
2024-02-17T00:32:26.2185978Z ##[group]GITHUB_TOKEN Permissions
2024-02-17T00:32:26.2188104Z Actions: write
2024-02-17T00:32:26.2188901Z Checks: write
2024-02-17T00:32:26.2189726Z Contents: write
2024-02-17T00:32:26.2190526Z Deployments: write
2024-02-17T00:32:26.2191110Z Discussions: write
2024-02-17T00:32:26.2191833Z Issues: write
2024-02-17T00:32:26.2192348Z Metadata: read
2024-02-17T00:32:26.2192936Z Packages: write
2024-02-17T00:32:26.2193593Z Pages: write
2024-02-17T00:32:26.2194122Z PullRequests: write
2024-02-17T00:32:26.2194784Z RepositoryProjects: write
2024-02-17T00:32:26.2195561Z SecurityEvents: write
2024-02-17T00:32:26.2196225Z Statuses: write
2024-02-17T00:32:26.2196778Z ##[endgroup]
2024-02-17T00:32:26.2200714Z Secret source: Actions
2024-02-17T00:32:26.2201549Z Prepare workflow directory
2024-02-17T00:32:26.2831927Z Prepare all required actions
2024-02-17T00:32:26.2991279Z Getting action download info
2024-02-17T00:32:26.5052263Z Download action repository 'actions/checkout@v4' (SHA:b4ffde65f46336ab88eb53be808477a3936bae11)
2024-02-17T00:32:26.6333775Z Download action repository 'actions/setup-python@v5' (SHA:0a5c61591373683505ea898e09a3ea4f39ef2b9c)
2024-02-17T00:32:26.8681008Z Download action repository 'codecov/codecov-action@v4' (SHA:e0b68c6749509c5f83f984dd99a76a1c1a231044)
2024-02-17T00:32:27.5071062Z Complete job name: test (3.8, typing)
2024-02-17T00:32:27.6012862Z ##[group]Run actions/checkout@v4
2024-02-17T00:32:27.6013464Z with:
2024-02-17T00:32:27.6013804Z   fetch-depth: 0
2024-02-17T00:32:27.6014350Z   repository: con/tinuous
2024-02-17T00:32:27.6015018Z   token: ***
2024-02-17T00:32:27.6015420Z   ssh-strict: true
2024-02-17T00:32:27.6015916Z   persist-credentials: true
2024-02-17T00:32:27.6016389Z   clean: true
2024-02-17T00:32:27.6016817Z   sparse-checkout-cone-mode: true
2024-02-17T00:32:27.6017393Z   fetch-tags: false
2024-02-17T00:32:27.6017785Z   show-progress: true
2024-02-17T00:32:27.6018209Z   lfs: false
2024-02-17T00:32:27.6018642Z   submodules: false
2024-02-17T00:32:27.6019060Z   set-safe-directory: true
2024-02-17T00:32:27.6019490Z ##[endgroup]
2024-02-17T00:32:27.8267588Z Syncing repository: con/tinuous
2024-02-17T00:32:27.8269843Z ##[group]Getting Git version info
2024-02-17T00:32:27.8270739Z Working directory is '/home/runner/work/tinuous/tinuous'
2024-02-17T00:32:27.8272032Z [command]/usr/bin/git version
2024-02-17T00:32:27.8312164Z git version 2.43.0
2024-02-17T00:32:27.8337961Z ##[endgroup]
2024-02-17T00:32:27.8360103Z Temporarily overriding HOME='/home/runner/work/_temp/04b451b1-aeee-400d-837e-7ac8e21cf8a3' before making global git config changes
2024-02-17T00:32:27.8363005Z Adding repository directory to the temporary git global config as a safe directory
2024-02-17T00:32:27.8365541Z [command]/usr/bin/git config --global --add safe.directory /home/runner/work/tinuous/tinuous
2024-02-17T00:32:27.8397858Z Deleting the contents of '/home/runner/work/tinuous/tinuous'
2024-02-17T00:32:27.8403737Z ##[group]Initializing the repository
2024-02-17T00:32:27.8407194Z [command]/usr/bin/git init /home/runner/work/tinuous/tinuous
2024-02-17T00:32:27.8485191Z hint: Using 'master' as the name for the initial branch. This default branch name
2024-02-17T00:32:27.8487773Z hint: is subject to change. To configure the initial branch name to use in all
2024-02-17T00:32:27.8489993Z hint: of your new repositories, which will suppress this warning, call:
2024-02-17T00:32:27.8491609Z hint: 
2024-02-17T00:32:27.8492672Z hint: 	git config --global init.defaultBranch <name>
2024-02-17T00:32:27.8493865Z hint: 
2024-02-17T00:32:27.8495346Z hint: Names commonly chosen instead of 'master' are 'main', 'trunk' and
2024-02-17T00:32:27.8497365Z hint: 'development'. The just-created branch can be renamed via this command:
2024-02-17T00:32:27.8498669Z hint: 
2024-02-17T00:32:27.8499440Z hint: 	git branch -m <name>
2024-02-17T00:32:27.8500276Z Initialized empty Git repository in /home/runner/work/tinuous/tinuous/.git/
2024-02-17T00:32:27.8507139Z [command]/usr/bin/git remote add origin https://github.com/con/tinuous
2024-02-17T00:32:27.8540455Z ##[endgroup]
2024-02-17T00:32:27.8541824Z ##[group]Disabling automatic garbage collection
2024-02-17T00:32:27.8543210Z [command]/usr/bin/git config --local gc.auto 0
2024-02-17T00:32:27.8570387Z ##[endgroup]
2024-02-17T00:32:27.8571707Z ##[group]Setting up auth
2024-02-17T00:32:27.8575450Z [command]/usr/bin/git config --local --name-only --get-regexp core\.sshCommand
2024-02-17T00:32:27.8603668Z [command]/usr/bin/git submodule foreach --recursive sh -c "git config --local --name-only --get-regexp 'core\.sshCommand' && git config --local --unset-all 'core.sshCommand' || :"
2024-02-17T00:32:27.8960103Z [command]/usr/bin/git config --local --name-only --get-regexp http\.https\:\/\/github\.com\/\.extraheader
2024-02-17T00:32:27.8989720Z [command]/usr/bin/git submodule foreach --recursive sh -c "git config --local --name-only --get-regexp 'http\.https\:\/\/github\.com\/\.extraheader' && git config --local --unset-all 'http.https://github.com/.extraheader' || :"
2024-02-17T00:32:27.9222050Z [command]/usr/bin/git config --local http.https://github.com/.extraheader AUTHORIZATION: basic ***
2024-02-17T00:32:27.9257322Z ##[endgroup]
2024-02-17T00:32:27.9258786Z ##[group]Fetching the repository
2024-02-17T00:32:27.9268341Z [command]/usr/bin/git -c protocol.version=2 fetch --prune --no-recurse-submodules origin +refs/heads/*:refs/remotes/origin/* +refs/tags/*:refs/tags/*
2024-02-17T00:32:28.5655330Z From https://github.com/con/tinuous
2024-02-17T00:32:28.5656830Z  * [new branch]      gh-55           -> origin/gh-55
2024-02-17T00:32:28.5657980Z  * [new branch]      master          -> origin/master
2024-02-17T00:32:28.5659140Z  * [new branch]      no-extra-search -> origin/no-extra-search
2024-02-17T00:32:28.5660477Z  * [new branch]      pragmata        -> origin/pragmata
2024-02-17T00:32:28.5661687Z  * [new branch]      test-appveyor   -> origin/test-appveyor
2024-02-17T00:32:28.5662725Z  * [new tag]         0.1.0           -> 0.1.0
2024-02-17T00:32:28.5664149Z  * [new tag]         0.2.0           -> 0.2.0
2024-02-17T00:32:28.5665477Z  * [new tag]         0.3.0           -> 0.3.0
2024-02-17T00:32:28.5666854Z  * [new tag]         0.4.0           -> 0.4.0
2024-02-17T00:32:28.5668678Z  * [new tag]         0.5.0           -> 0.5.0
2024-02-17T00:32:28.5669719Z  * [new tag]         0.5.1           -> 0.5.1
2024-02-17T00:32:28.5671044Z  * [new tag]         0.5.2           -> 0.5.2
2024-02-17T00:32:28.5672424Z  * [new tag]         0.5.3           -> 0.5.3
2024-02-17T00:32:28.5673892Z  * [new tag]         0.5.4           -> 0.5.4
2024-02-17T00:32:28.5675108Z  * [new tag]         0.6.0           -> 0.6.0
2024-02-17T00:32:28.5676501Z  * [new tag]         0.6.1           -> 0.6.1
2024-02-17T00:32:28.5713015Z [command]/usr/bin/git branch --list --remote origin/master
2024-02-17T00:32:28.5735149Z   origin/master
2024-02-17T00:32:28.5744102Z [command]/usr/bin/git rev-parse refs/remotes/origin/master
2024-02-17T00:32:28.5763517Z 9ca71bcc2e4b6129c9e37629014a0d350a033669
2024-02-17T00:32:28.5768697Z ##[endgroup]
2024-02-17T00:32:28.5769614Z ##[group]Determining the checkout info
2024-02-17T00:32:28.5770406Z ##[endgroup]
2024-02-17T00:32:28.5770949Z ##[group]Checking out the ref
2024-02-17T00:32:28.5774194Z [command]/usr/bin/git checkout --progress --force -B master refs/remotes/origin/master
2024-02-17T00:32:28.5833915Z Reset branch 'master'
2024-02-17T00:32:28.5834707Z branch 'master' set up to track 'origin/master'.
2024-02-17T00:32:28.5840532Z ##[endgroup]
2024-02-17T00:32:28.5875935Z [command]/usr/bin/git log -1 --format='%H'
2024-02-17T00:32:28.5900605Z '9ca71bcc2e4b6129c9e37629014a0d350a033669'
2024-02-17T00:32:28.6281124Z ##[group]Run actions/setup-python@v5
2024-02-17T00:32:28.6281598Z with:
2024-02-17T00:32:28.6282036Z   python-version: 3.8
2024-02-17T00:32:28.6282381Z   check-latest: false
2024-02-17T00:32:28.6282920Z   token: ***
2024-02-17T00:32:28.6283327Z   update-environment: true
2024-02-17T00:32:28.6283712Z   allow-prereleases: false
2024-02-17T00:32:28.6284056Z ##[endgroup]
2024-02-17T00:32:28.7870414Z ##[group]Installed versions
2024-02-17T00:32:28.7946748Z Successfully set up CPython (3.8.18)
2024-02-17T00:32:28.7948008Z ##[endgroup]
2024-02-17T00:32:28.8117981Z ##[group]Run python -m pip install --upgrade pip wheel
2024-02-17T00:32:28.8118839Z [36;1mpython -m pip install --upgrade pip wheel[0m
2024-02-17T00:32:28.8119470Z [36;1mpython -m pip install --upgrade --upgrade-strategy=eager tox[0m
2024-02-17T00:32:28.8164329Z shell: /usr/bin/bash -e {0}
2024-02-17T00:32:28.8164744Z env:
2024-02-17T00:32:28.8165255Z   pythonLocation: /opt/hostedtoolcache/Python/3.8.18/x64
2024-02-17T00:32:28.8165898Z   PKG_CONFIG_PATH: /opt/hostedtoolcache/Python/3.8.18/x64/lib/pkgconfig
2024-02-17T00:32:28.8166633Z   Python_ROOT_DIR: /opt/hostedtoolcache/Python/3.8.18/x64
2024-02-17T00:32:28.8167167Z   Python2_ROOT_DIR: /opt/hostedtoolcache/Python/3.8.18/x64
2024-02-17T00:32:28.8167722Z   Python3_ROOT_DIR: /opt/hostedtoolcache/Python/3.8.18/x64
2024-02-17T00:32:28.8168376Z   LD_LIBRARY_PATH: /opt/hostedtoolcache/Python/3.8.18/x64/lib
2024-02-17T00:32:28.8168878Z ##[endgroup]
2024-02-17T00:32:35.3806009Z Requirement already satisfied: pip in /opt/hostedtoolcache/Python/3.8.18/x64/lib/python3.8/site-packages (23.0.1)
2024-02-17T00:32:35.5749804Z Collecting pip
2024-02-17T00:32:35.6144930Z   Downloading pip-24.0-py3-none-any.whl.metadata (3.6 kB)
2024-02-17T00:32:35.6524038Z Collecting wheel
2024-02-17T00:32:35.6593381Z   Downloading wheel-0.42.0-py3-none-any.whl.metadata (2.2 kB)
2024-02-17T00:32:35.6700698Z Downloading pip-24.0-py3-none-any.whl (2.1 MB)
2024-02-17T00:32:35.7091128Z    ━━━━━━━━━━━━━━━━━━━━━━━━━━━━━━━━━━━━━━━━ 2.1/2.1 MB 58.1 MB/s eta 0:00:00
2024-02-17T00:32:35.7132556Z Downloading wheel-0.42.0-py3-none-any.whl (65 kB)
2024-02-17T00:32:35.7183870Z    ━━━━━━━━━━━━━━━━━━━━━━━━━━━━━━━━━━━━━━━━ 65.4/65.4 kB 18.8 MB/s eta 0:00:00
2024-02-17T00:32:35.8231204Z Installing collected packages: wheel, pip
2024-02-17T00:32:35.8613024Z   Attempting uninstall: pip
2024-02-17T00:32:35.8619284Z     Found existing installation: pip 23.0.1
2024-02-17T00:32:35.9447207Z     Uninstalling pip-23.0.1:
2024-02-17T00:32:36.0083278Z       Successfully uninstalled pip-23.0.1
2024-02-17T00:32:36.9889772Z Successfully installed pip-24.0 wheel-0.42.0
2024-02-17T00:32:38.6341901Z Collecting tox
2024-02-17T00:32:38.6794482Z   Downloading tox-4.12.1-py3-none-any.whl.metadata (5.0 kB)
2024-02-17T00:32:38.7386317Z Collecting cachetools>=5.3.2 (from tox)
2024-02-17T00:32:38.7426196Z   Downloading cachetools-5.3.2-py3-none-any.whl.metadata (5.2 kB)
2024-02-17T00:32:38.7600708Z Collecting chardet>=5.2 (from tox)
2024-02-17T00:32:38.7645819Z   Downloading chardet-5.2.0-py3-none-any.whl.metadata (3.4 kB)
2024-02-17T00:32:38.7898770Z Collecting colorama>=0.4.6 (from tox)
2024-02-17T00:32:38.7939667Z   Downloading colorama-0.4.6-py2.py3-none-any.whl (25 kB)
2024-02-17T00:32:38.8278077Z Collecting filelock>=3.13.1 (from tox)
2024-02-17T00:32:38.8325483Z   Downloading filelock-3.13.1-py3-none-any.whl.metadata (2.8 kB)
2024-02-17T00:32:38.8629108Z Collecting packaging>=23.2 (from tox)
2024-02-17T00:32:38.8669585Z   Downloading packaging-23.2-py3-none-any.whl.metadata (3.2 kB)
2024-02-17T00:32:38.8943406Z Collecting platformdirs>=4.1 (from tox)
2024-02-17T00:32:38.9025679Z   Downloading platformdirs-4.2.0-py3-none-any.whl.metadata (11 kB)
2024-02-17T00:32:38.9263686Z Collecting pluggy>=1.3 (from tox)
2024-02-17T00:32:38.9302665Z   Downloading pluggy-1.4.0-py3-none-any.whl.metadata (4.3 kB)
2024-02-17T00:32:38.9497900Z Collecting pyproject-api>=1.6.1 (from tox)
2024-02-17T00:32:38.9541271Z   Downloading pyproject_api-1.6.1-py3-none-any.whl.metadata (2.8 kB)
2024-02-17T00:32:38.9755893Z Collecting tomli>=2.0.1 (from tox)
2024-02-17T00:32:38.9801725Z   Downloading tomli-2.0.1-py3-none-any.whl (12 kB)
2024-02-17T00:32:39.0735101Z Collecting virtualenv>=20.25 (from tox)
2024-02-17T00:32:39.0781721Z   Downloading virtualenv-20.25.0-py3-none-any.whl.metadata (4.5 kB)
2024-02-17T00:32:39.1626000Z Collecting distlib<1,>=0.3.7 (from virtualenv>=20.25->tox)
2024-02-17T00:32:39.1666559Z   Downloading distlib-0.3.8-py2.py3-none-any.whl.metadata (5.1 kB)
2024-02-17T00:32:39.1896946Z Downloading tox-4.12.1-py3-none-any.whl (154 kB)
2024-02-17T00:32:39.1968114Z    ━━━━━━━━━━━━━━━━━━━━━━━━━━━━━━━━━━━━━━━━ 154.4/154.4 kB 31.6 MB/s eta 0:00:00
2024-02-17T00:32:39.2009923Z Downloading cachetools-5.3.2-py3-none-any.whl (9.3 kB)
2024-02-17T00:32:39.2069127Z Downloading chardet-5.2.0-py3-none-any.whl (199 kB)
2024-02-17T00:32:39.2126848Z    ━━━━━━━━━━━━━━━━━━━━━━━━━━━━━━━━━━━━━━━━ 199.4/199.4 kB 54.6 MB/s eta 0:00:00
2024-02-17T00:32:39.2181889Z Downloading filelock-3.13.1-py3-none-any.whl (11 kB)
2024-02-17T00:32:39.2245441Z Downloading packaging-23.2-py3-none-any.whl (53 kB)
2024-02-17T00:32:39.2300146Z    ━━━━━━━━━━━━━━━━━━━━━━━━━━━━━━━━━━━━━━━━ 53.0/53.0 kB 12.8 MB/s eta 0:00:00
2024-02-17T00:32:39.2340152Z Downloading platformdirs-4.2.0-py3-none-any.whl (17 kB)
2024-02-17T00:32:39.2406864Z Downloading pluggy-1.4.0-py3-none-any.whl (20 kB)
2024-02-17T00:32:39.2464229Z Downloading pyproject_api-1.6.1-py3-none-any.whl (12 kB)
2024-02-17T00:32:39.2534436Z Downloading virtualenv-20.25.0-py3-none-any.whl (3.8 MB)
2024-02-17T00:32:39.2884329Z    ━━━━━━━━━━━━━━━━━━━━━━━━━━━━━━━━━━━━━━━━ 3.8/3.8 MB 115.3 MB/s eta 0:00:00
2024-02-17T00:32:39.2937594Z Downloading distlib-0.3.8-py2.py3-none-any.whl (468 kB)
2024-02-17T00:32:39.3018239Z    ━━━━━━━━━━━━━━━━━━━━━━━━━━━━━━━━━━━━━━━━ 468.9/468.9 kB 77.3 MB/s eta 0:00:00
2024-02-17T00:32:39.4322453Z Installing collected packages: distlib, tomli, pluggy, platformdirs, packaging, filelock, colorama, chardet, cachetools, virtualenv, pyproject-api, tox
2024-02-17T00:32:39.9619878Z Successfully installed cachetools-5.3.2 chardet-5.2.0 colorama-0.4.6 distlib-0.3.8 filelock-3.13.1 packaging-23.2 platformdirs-4.2.0 pluggy-1.4.0 pyproject-api-1.6.1 tomli-2.0.1 tox-4.12.1 virtualenv-20.25.0
2024-02-17T00:32:40.5386781Z ##[group]Run tox -e typing
2024-02-17T00:32:40.5387264Z [36;1mtox -e typing[0m
2024-02-17T00:32:40.5416119Z shell: /usr/bin/bash -e {0}
2024-02-17T00:32:40.5416584Z env:
2024-02-17T00:32:40.5416998Z   pythonLocation: /opt/hostedtoolcache/Python/3.8.18/x64
2024-02-17T00:32:40.5417671Z   PKG_CONFIG_PATH: /opt/hostedtoolcache/Python/3.8.18/x64/lib/pkgconfig
2024-02-17T00:32:40.5418400Z   Python_ROOT_DIR: /opt/hostedtoolcache/Python/3.8.18/x64
2024-02-17T00:32:40.5418949Z   Python2_ROOT_DIR: /opt/hostedtoolcache/Python/3.8.18/x64
2024-02-17T00:32:40.5419524Z   Python3_ROOT_DIR: /opt/hostedtoolcache/Python/3.8.18/x64
2024-02-17T00:32:40.5420169Z   LD_LIBRARY_PATH: /opt/hostedtoolcache/Python/3.8.18/x64/lib
2024-02-17T00:32:40.5420675Z ##[endgroup]
2024-02-17T00:32:41.6298790Z typing: install_deps> python -I -m pip install mypy pytest pytest-cov pytest-mock types-python-dateutil types-PyYAML types-requests
2024-02-17T00:32:46.0806900Z .pkg: install_requires> python -I -m pip install 'setuptools>=46.4.0' versioningit
2024-02-17T00:32:47.9618427Z .pkg: _optional_hooks> python /opt/hostedtoolcache/Python/3.8.18/x64/lib/python3.8/site-packages/pyproject_api/_backend.py True setuptools.build_meta
2024-02-17T00:32:48.2589266Z .pkg: get_requires_for_build_sdist> python /opt/hostedtoolcache/Python/3.8.18/x64/lib/python3.8/site-packages/pyproject_api/_backend.py True setuptools.build_meta
2024-02-17T00:32:48.3885595Z .pkg: get_requires_for_build_wheel> python /opt/hostedtoolcache/Python/3.8.18/x64/lib/python3.8/site-packages/pyproject_api/_backend.py True setuptools.build_meta
2024-02-17T00:32:48.4534477Z .pkg: install_requires_for_build_wheel> python -I -m pip install wheel
2024-02-17T00:32:49.4301018Z .pkg: freeze> python -m pip freeze --all
2024-02-17T00:32:49.7338349Z .pkg: importlib-metadata==7.0.1,packaging==23.2,pip==23.3.1,setuptools==69.0.2,tomli==2.0.1,versioningit==3.0.0,wheel==0.42.0,zipp==3.17.0
2024-02-17T00:32:49.7344524Z .pkg: prepare_metadata_for_build_wheel> python /opt/hostedtoolcache/Python/3.8.18/x64/lib/python3.8/site-packages/pyproject_api/_backend.py True setuptools.build_meta
2024-02-17T00:32:49.9334198Z .pkg: build_sdist> python /opt/hostedtoolcache/Python/3.8.18/x64/lib/python3.8/site-packages/pyproject_api/_backend.py True setuptools.build_meta
2024-02-17T00:32:50.0184178Z typing: install_package_deps> python -I -m pip install 'PyYAML>=5.0' 'click-loglevel~=0.2' 'click>=7.0' 'ghtoken~=0.1' 'in-place~=1.0' 'pydantic~=2.0' 'python-dateutil~=2.7' 'python-dotenv<2.0,>=0.11' 'requests~=2.20' 'typing-extensions; python_version < "3.9"'
2024-02-17T00:32:53.6608171Z typing: install_package> python -I -m pip install --force-reinstall --no-deps /home/runner/work/tinuous/tinuous/.tox/.tmp/package/1/tinuous-0.6.1.post73+g9ca71bc.tar.gz
2024-02-17T00:32:58.5743216Z typing: freeze> python -m pip freeze --all
2024-02-17T00:32:58.9000520Z typing: annotated-types==0.6.0,certifi==2024.2.2,charset-normalizer==3.3.2,click==8.1.7,click-loglevel==0.5.0,coverage==7.4.1,exceptiongroup==1.2.0,ghtoken==0.1.0,idna==3.6,in-place==1.0.0,iniconfig==2.0.0,mypy==1.8.0,mypy-extensions==1.0.0,packaging==23.2,pip==23.3.1,pluggy==1.4.0,pydantic==2.6.1,pydantic_core==2.16.2,pytest==8.0.1,pytest-cov==4.1.0,pytest-mock==3.12.0,python-dateutil==2.8.2,python-dotenv==1.0.1,PyYAML==6.0.1,requests==2.31.0,ruamel.yaml==0.18.6,ruamel.yaml.clib==0.2.8,setuptools==69.0.2,six==1.16.0,tinuous @ file:///home/runner/work/tinuous/tinuous/.tox/.tmp/package/1/tinuous-0.6.1.post73%2Bg9ca71bc.tar.gz#sha256=6149fd324624c2d25b1ae65a4a03f219f700094a9f156ce7f4045b363e64b142,tomli==2.0.1,types-python-dateutil==2.8.19.20240106,types-PyYAML==6.0.12.12,types-requests==2.31.0.20240125,typing_extensions==4.9.0,urllib3==2.2.0,wheel==0.42.0
2024-02-17T00:32:58.9004658Z typing: commands[0]> mypy src test
2024-02-17T00:33:05.2167850Z Success: no issues found in 15 source files
2024-02-17T00:33:05.2324424Z .pkg: _exit> python /opt/hostedtoolcache/Python/3.8.18/x64/lib/python3.8/site-packages/pyproject_api/_backend.py True setuptools.build_meta
2024-02-17T00:33:05.2595101Z   typing: OK (23.94=setup[17.61]+cmd[6.33] seconds)
2024-02-17T00:33:05.2595932Z   congratulations :) (24.36 seconds)
2024-02-17T00:33:05.2905462Z Post job cleanup.
2024-02-17T00:33:05.4463372Z Post job cleanup.
2024-02-17T00:33:05.5208162Z [command]/usr/bin/git version
2024-02-17T00:33:05.5251434Z git version 2.43.0
2024-02-17T00:33:05.5298663Z Temporarily overriding HOME='/home/runner/work/_temp/ccac9f9b-ffbb-436b-abc6-09ba9f48d1ca' before making global git config changes
2024-02-17T00:33:05.5299973Z Adding repository directory to the temporary git global config as a safe directory
2024-02-17T00:33:05.5304266Z [command]/usr/bin/git config --global --add safe.directory /home/runner/work/tinuous/tinuous
2024-02-17T00:33:05.5338777Z [command]/usr/bin/git config --local --name-only --get-regexp core\.sshCommand
2024-02-17T00:33:05.5370408Z [command]/usr/bin/git submodule foreach --recursive sh -c "git config --local --name-only --get-regexp 'core\.sshCommand' && git config --local --unset-all 'core.sshCommand' || :"
2024-02-17T00:33:05.5626185Z [command]/usr/bin/git config --local --name-only --get-regexp http\.https\:\/\/github\.com\/\.extraheader
2024-02-17T00:33:05.5646638Z http.https://github.com/.extraheader
2024-02-17T00:33:05.5657766Z [command]/usr/bin/git config --local --unset-all http.https://github.com/.extraheader
2024-02-17T00:33:05.5686057Z [command]/usr/bin/git submodule foreach --recursive sh -c "git config --local --name-only --get-regexp 'http\.https\:\/\/github\.com\/\.extraheader' && git config --local --unset-all 'http.https://github.com/.extraheader' || :"
2024-02-17T00:33:05.6279521Z Cleaning up orphan processes
