2022-01-26T18:51:57.6702741Z Found online and idle hosted runner in the current repository's organization account that matches the required labels: 'ubuntu-latest'
2022-01-26T18:51:57.8064513Z Waiting for a Hosted runner in the 'organization' to pick this job...
2022-01-26T18:51:58.8483437Z Job is waiting for a hosted runner to come online.
2022-01-26T18:52:04.1172158Z Job is about to start running on the hosted runner: GitHub Actions 7 (hosted)
2022-01-26T18:52:07.7363558Z Current runner version: '2.286.1'
2022-01-26T18:52:07.7390449Z ##[group]Operating System
2022-01-26T18:52:07.7390885Z Ubuntu
2022-01-26T18:52:07.7391142Z 20.04.3
2022-01-26T18:52:07.7391347Z LTS
2022-01-26T18:52:07.7391693Z ##[endgroup]
2022-01-26T18:52:07.7392004Z ##[group]Virtual Environment
2022-01-26T18:52:07.7392294Z Environment: ubuntu-20.04
2022-01-26T18:52:07.7392593Z Version: 20220123.1
2022-01-26T18:52:07.7393009Z Included Software: https://github.com/actions/virtual-environments/blob/ubuntu20/20220123.1/images/linux/Ubuntu2004-Readme.md
2022-01-26T18:52:07.7393633Z Image Release: https://github.com/actions/virtual-environments/releases/tag/ubuntu20%2F20220123.1
2022-01-26T18:52:07.7394049Z ##[endgroup]
2022-01-26T18:52:07.7394347Z ##[group]Virtual Environment Provisioner
2022-01-26T18:52:07.7394676Z 1.0.0.0-main-20220120-1
2022-01-26T18:52:07.7394912Z ##[endgroup]
2022-01-26T18:52:07.7395834Z ##[group]GITHUB_TOKEN Permissions
2022-01-26T18:52:07.7396384Z Actions: write
2022-01-26T18:52:07.7396810Z Checks: write
2022-01-26T18:52:07.7397166Z Contents: write
2022-01-26T18:52:07.7397412Z Deployments: write
2022-01-26T18:52:07.7397704Z Discussions: write
2022-01-26T18:52:07.7397942Z Issues: write
2022-01-26T18:52:07.7398213Z Metadata: read
2022-01-26T18:52:07.7398464Z Packages: write
2022-01-26T18:52:07.7398770Z Pages: write
2022-01-26T18:52:07.7399050Z PullRequests: write
2022-01-26T18:52:07.7399317Z RepositoryProjects: write
2022-01-26T18:52:07.7399627Z SecurityEvents: write
2022-01-26T18:52:07.7399886Z Statuses: write
2022-01-26T18:52:07.7400190Z ##[endgroup]
2022-01-26T18:52:07.7403650Z Secret source: Actions
2022-01-26T18:52:07.7404504Z Prepare workflow directory
2022-01-26T18:52:07.8168305Z Prepare all required actions
2022-01-26T18:52:07.8339721Z Getting action download info
2022-01-26T18:52:08.1290584Z Download action repository 'actions/checkout@v2' (SHA:ec3a7ce113134d7a93b817d10a8272cb61118579)
2022-01-26T18:52:08.7730454Z Download action repository 'actions/setup-python@v2' (SHA:f38219332975fe8f9c04cca981d674bf22aea1d3)
2022-01-26T18:52:09.4078351Z Download action repository 'codecov/codecov-action@v2' (SHA:f32b3a3741e1053eb607407145bc9619351dc93b)
2022-01-26T18:52:10.1684437Z ##[group]Run actions/checkout@v2
2022-01-26T18:52:10.1684725Z with:
2022-01-26T18:52:10.1684923Z   fetch-depth: 0
2022-01-26T18:52:10.1685137Z   repository: con/tinuous
2022-01-26T18:52:10.1685599Z   token: ***
2022-01-26T18:52:10.1685792Z   ssh-strict: true
2022-01-26T18:52:10.1686014Z   persist-credentials: true
2022-01-26T18:52:10.1686222Z   clean: true
2022-01-26T18:52:10.1686405Z   lfs: false
2022-01-26T18:52:10.1686581Z   submodules: false
2022-01-26T18:52:10.1686782Z ##[endgroup]
2022-01-26T18:52:10.4238708Z Syncing repository: con/tinuous
2022-01-26T18:52:10.4240825Z ##[group]Getting Git version info
2022-01-26T18:52:10.4241841Z Working directory is '/home/runner/work/tinuous/tinuous'
2022-01-26T18:52:10.4242995Z [command]/usr/bin/git version
2022-01-26T18:52:10.4325410Z git version 2.34.1
2022-01-26T18:52:10.4326894Z ##[endgroup]
2022-01-26T18:52:10.4333625Z Deleting the contents of '/home/runner/work/tinuous/tinuous'
2022-01-26T18:52:10.4338242Z ##[group]Initializing the repository
2022-01-26T18:52:10.4342001Z [command]/usr/bin/git init /home/runner/work/tinuous/tinuous
2022-01-26T18:52:10.4413027Z hint: Using 'master' as the name for the initial branch. This default branch name
2022-01-26T18:52:10.4413656Z hint: is subject to change. To configure the initial branch name to use in all
2022-01-26T18:52:10.4414618Z hint: of your new repositories, which will suppress this warning, call:
2022-01-26T18:52:10.4415350Z hint: 
2022-01-26T18:52:10.4416233Z hint: 	git config --global init.defaultBranch <name>
2022-01-26T18:52:10.4416630Z hint: 
2022-01-26T18:52:10.4417351Z hint: Names commonly chosen instead of 'master' are 'main', 'trunk' and
2022-01-26T18:52:10.4417870Z hint: 'development'. The just-created branch can be renamed via this command:
2022-01-26T18:52:10.4418222Z hint: 
2022-01-26T18:52:10.4418854Z hint: 	git branch -m <name>
2022-01-26T18:52:10.4431095Z Initialized empty Git repository in /home/runner/work/tinuous/tinuous/.git/
2022-01-26T18:52:10.4440082Z [command]/usr/bin/git remote add origin https://github.com/con/tinuous
2022-01-26T18:52:10.4484558Z ##[endgroup]
2022-01-26T18:52:10.4485077Z ##[group]Disabling automatic garbage collection
2022-01-26T18:52:10.4490327Z [command]/usr/bin/git config --local gc.auto 0
2022-01-26T18:52:10.4527368Z ##[endgroup]
2022-01-26T18:52:10.4546748Z ##[group]Setting up auth
2022-01-26T18:52:10.4555480Z [command]/usr/bin/git config --local --name-only --get-regexp core\.sshCommand
2022-01-26T18:52:10.4591103Z [command]/usr/bin/git submodule foreach --recursive git config --local --name-only --get-regexp 'core\.sshCommand' && git config --local --unset-all 'core.sshCommand' || :
2022-01-26T18:52:10.4941345Z [command]/usr/bin/git config --local --name-only --get-regexp http\.https\:\/\/github\.com\/\.extraheader
2022-01-26T18:52:10.5005451Z [command]/usr/bin/git submodule foreach --recursive git config --local --name-only --get-regexp 'http\.https\:\/\/github\.com\/\.extraheader' && git config --local --unset-all 'http.https://github.com/.extraheader' || :
2022-01-26T18:52:10.5243005Z [command]/usr/bin/git config --local http.https://github.com/.extraheader AUTHORIZATION: basic ***
2022-01-26T18:52:10.5287218Z ##[endgroup]
2022-01-26T18:52:10.5288202Z ##[group]Fetching the repository
2022-01-26T18:52:10.5303956Z [command]/usr/bin/git -c protocol.version=2 fetch --prune --progress --no-recurse-submodules origin +refs/heads/*:refs/remotes/origin/* +refs/tags/*:refs/tags/*
2022-01-26T18:52:10.9502739Z remote: Enumerating objects: 938, done.        
2022-01-26T18:52:10.9504062Z remote: Counting objects:   0% (1/592)        
2022-01-26T18:52:10.9504432Z remote: Counting objects:   1% (6/592)        
2022-01-26T18:52:10.9504740Z remote: Counting objects:   2% (12/592)        
2022-01-26T18:52:10.9505050Z remote: Counting objects:   3% (18/592)        
2022-01-26T18:52:10.9505344Z remote: Counting objects:   4% (24/592)        
2022-01-26T18:52:10.9505670Z remote: Counting objects:   5% (30/592)        
2022-01-26T18:52:10.9506396Z remote: Counting objects:   6% (36/592)        
2022-01-26T18:52:10.9506702Z remote: Counting objects:   7% (42/592)        
2022-01-26T18:52:10.9512291Z remote: Counting objects:   8% (48/592)        
2022-01-26T18:52:10.9512596Z remote: Counting objects:   9% (54/592)        
2022-01-26T18:52:10.9512904Z remote: Counting objects:  10% (60/592)        
2022-01-26T18:52:10.9513186Z remote: Counting objects:  11% (66/592)        
2022-01-26T18:52:10.9513482Z remote: Counting objects:  12% (72/592)        
2022-01-26T18:52:10.9513783Z remote: Counting objects:  13% (77/592)        
2022-01-26T18:52:10.9514068Z remote: Counting objects:  14% (83/592)        
2022-01-26T18:52:10.9514371Z remote: Counting objects:  15% (89/592)        
2022-01-26T18:52:10.9514650Z remote: Counting objects:  16% (95/592)        
2022-01-26T18:52:10.9514948Z remote: Counting objects:  17% (101/592)        
2022-01-26T18:52:10.9515256Z remote: Counting objects:  18% (107/592)        
2022-01-26T18:52:10.9515575Z remote: Counting objects:  19% (113/592)        
2022-01-26T18:52:10.9515879Z remote: Counting objects:  20% (119/592)        
2022-01-26T18:52:10.9516166Z remote: Counting objects:  21% (125/592)        
2022-01-26T18:52:10.9516464Z remote: Counting objects:  22% (131/592)        
2022-01-26T18:52:10.9516750Z remote: Counting objects:  23% (137/592)        
2022-01-26T18:52:10.9517051Z remote: Counting objects:  24% (143/592)        
2022-01-26T18:52:10.9517342Z remote: Counting objects:  25% (148/592)        
2022-01-26T18:52:10.9517625Z remote: Counting objects:  26% (154/592)        
2022-01-26T18:52:10.9517918Z remote: Counting objects:  27% (160/592)        
2022-01-26T18:52:10.9518219Z remote: Counting objects:  28% (166/592)        
2022-01-26T18:52:10.9518510Z remote: Counting objects:  29% (172/592)        
2022-01-26T18:52:10.9558464Z remote: Counting objects:  30% (178/592)        
2022-01-26T18:52:10.9559053Z remote: Counting objects:  31% (184/592)        
2022-01-26T18:52:10.9559322Z remote: Counting objects:  32% (190/592)        
2022-01-26T18:52:10.9559583Z remote: Counting objects:  33% (196/592)        
2022-01-26T18:52:10.9559850Z remote: Counting objects:  34% (202/592)        
2022-01-26T18:52:10.9560117Z remote: Counting objects:  35% (208/592)        
2022-01-26T18:52:10.9560365Z remote: Counting objects:  36% (214/592)        
2022-01-26T18:52:10.9560625Z remote: Counting objects:  37% (220/592)        
2022-01-26T18:52:10.9560871Z remote: Counting objects:  38% (225/592)        
2022-01-26T18:52:10.9561127Z remote: Counting objects:  39% (231/592)        
2022-01-26T18:52:10.9561389Z remote: Counting objects:  40% (237/592)        
2022-01-26T18:52:10.9561643Z remote: Counting objects:  41% (243/592)        
2022-01-26T18:52:10.9561910Z remote: Counting objects:  42% (249/592)        
2022-01-26T18:52:10.9562159Z remote: Counting objects:  43% (255/592)        
2022-01-26T18:52:10.9562420Z remote: Counting objects:  44% (261/592)        
2022-01-26T18:52:10.9562664Z remote: Counting objects:  45% (267/592)        
2022-01-26T18:52:10.9562927Z remote: Counting objects:  46% (273/592)        
2022-01-26T18:52:10.9563186Z remote: Counting objects:  47% (279/592)        
2022-01-26T18:52:10.9563429Z remote: Counting objects:  48% (285/592)        
2022-01-26T18:52:10.9563685Z remote: Counting objects:  49% (291/592)        
2022-01-26T18:52:10.9563927Z remote: Counting objects:  50% (296/592)        
2022-01-26T18:52:10.9564349Z remote: Counting objects:  51% (302/592)        
2022-01-26T18:52:10.9564611Z remote: Counting objects:  52% (308/592)        
2022-01-26T18:52:10.9564857Z remote: Counting objects:  53% (314/592)        
2022-01-26T18:52:10.9565113Z remote: Counting objects:  54% (320/592)        
2022-01-26T18:52:10.9565360Z remote: Counting objects:  55% (326/592)        
2022-01-26T18:52:10.9565618Z remote: Counting objects:  56% (332/592)        
2022-01-26T18:52:10.9565863Z remote: Counting objects:  57% (338/592)        
2022-01-26T18:52:10.9566123Z remote: Counting objects:  58% (344/592)        
2022-01-26T18:52:10.9566488Z remote: Counting objects:  59% (350/592)        
2022-01-26T18:52:10.9566739Z remote: Counting objects:  60% (356/592)        
2022-01-26T18:52:10.9567001Z remote: Counting objects:  61% (362/592)        
2022-01-26T18:52:10.9567245Z remote: Counting objects:  62% (368/592)        
2022-01-26T18:52:10.9567504Z remote: Counting objects:  63% (373/592)        
2022-01-26T18:52:10.9568043Z remote: Counting objects:  64% (379/592)        
2022-01-26T18:52:10.9568289Z remote: Counting objects:  65% (385/592)        
2022-01-26T18:52:10.9568549Z remote: Counting objects:  66% (391/592)        
2022-01-26T18:52:10.9568805Z remote: Counting objects:  67% (397/592)        
2022-01-26T18:52:10.9569048Z remote: Counting objects:  68% (403/592)        
2022-01-26T18:52:10.9569303Z remote: Counting objects:  69% (409/592)        
2022-01-26T18:52:10.9569547Z remote: Counting objects:  70% (415/592)        
2022-01-26T18:52:10.9569806Z remote: Counting objects:  71% (421/592)        
2022-01-26T18:52:10.9570071Z remote: Counting objects:  72% (427/592)        
2022-01-26T18:52:10.9570314Z remote: Counting objects:  73% (433/592)        
2022-01-26T18:52:10.9570569Z remote: Counting objects:  74% (439/592)        
2022-01-26T18:52:10.9570811Z remote: Counting objects:  75% (444/592)        
2022-01-26T18:52:10.9571066Z remote: Counting objects:  76% (450/592)        
2022-01-26T18:52:10.9571307Z remote: Counting objects:  77% (456/592)        
2022-01-26T18:52:10.9571566Z remote: Counting objects:  78% (462/592)        
2022-01-26T18:52:10.9571825Z remote: Counting objects:  79% (468/592)        
2022-01-26T18:52:10.9572069Z remote: Counting objects:  80% (474/592)        
2022-01-26T18:52:10.9572328Z remote: Counting objects:  81% (480/592)        
2022-01-26T18:52:10.9572571Z remote: Counting objects:  82% (486/592)        
2022-01-26T18:52:10.9572825Z remote: Counting objects:  83% (492/592)        
2022-01-26T18:52:10.9573178Z remote: Counting objects:  84% (498/592)        
2022-01-26T18:52:10.9573425Z remote: Counting objects:  85% (504/592)        
2022-01-26T18:52:10.9573694Z remote: Counting objects:  86% (510/592)        
2022-01-26T18:52:10.9573947Z remote: Counting objects:  87% (516/592)        
2022-01-26T18:52:10.9574205Z remote: Counting objects:  88% (521/592)        
2022-01-26T18:52:10.9574450Z remote: Counting objects:  89% (527/592)        
2022-01-26T18:52:10.9574708Z remote: Counting objects:  90% (533/592)        
2022-01-26T18:52:10.9574966Z remote: Counting objects:  91% (539/592)        
2022-01-26T18:52:10.9575212Z remote: Counting objects:  92% (545/592)        
2022-01-26T18:52:10.9575476Z remote: Counting objects:  93% (551/592)        
2022-01-26T18:52:10.9575721Z remote: Counting objects:  94% (557/592)        
2022-01-26T18:52:10.9575982Z remote: Counting objects:  95% (563/592)        
2022-01-26T18:52:10.9576241Z remote: Counting objects:  96% (569/592)        
2022-01-26T18:52:10.9576494Z remote: Counting objects:  97% (575/592)        
2022-01-26T18:52:10.9576754Z remote: Counting objects:  98% (581/592)        
2022-01-26T18:52:10.9577004Z remote: Counting objects:  99% (587/592)        
2022-01-26T18:52:10.9577262Z remote: Counting objects: 100% (592/592)        
2022-01-26T18:52:10.9577522Z remote: Counting objects: 100% (592/592), done.        
2022-01-26T18:52:10.9577866Z remote: Compressing objects:   0% (1/323)        
2022-01-26T18:52:10.9578150Z remote: Compressing objects:   1% (4/323)        
2022-01-26T18:52:10.9578412Z remote: Compressing objects:   2% (7/323)        
2022-01-26T18:52:10.9578691Z remote: Compressing objects:   3% (10/323)        
2022-01-26T18:52:10.9578960Z remote: Compressing objects:   4% (13/323)        
2022-01-26T18:52:10.9579245Z remote: Compressing objects:   5% (17/323)        
2022-01-26T18:52:10.9579523Z remote: Compressing objects:   6% (20/323)        
2022-01-26T18:52:10.9579782Z remote: Compressing objects:   7% (23/323)        
2022-01-26T18:52:10.9580063Z remote: Compressing objects:   8% (26/323)        
2022-01-26T18:52:10.9580400Z remote: Compressing objects:   9% (30/323)        
2022-01-26T18:52:10.9580680Z remote: Compressing objects:  10% (33/323)        
2022-01-26T18:52:10.9580957Z remote: Compressing objects:  11% (36/323)        
2022-01-26T18:52:10.9581214Z remote: Compressing objects:  12% (39/323)        
2022-01-26T18:52:10.9748548Z remote: Compressing objects:  13% (42/323)        
2022-01-26T18:52:10.9748915Z remote: Compressing objects:  14% (46/323)        
2022-01-26T18:52:10.9749199Z remote: Compressing objects:  15% (49/323)        
2022-01-26T18:52:10.9749479Z remote: Compressing objects:  16% (52/323)        
2022-01-26T18:52:10.9749742Z remote: Compressing objects:  17% (55/323)        
2022-01-26T18:52:10.9750027Z remote: Compressing objects:  18% (59/323)        
2022-01-26T18:52:10.9750293Z remote: Compressing objects:  19% (62/323)        
2022-01-26T18:52:10.9750598Z remote: Compressing objects:  20% (65/323)        
2022-01-26T18:52:10.9750861Z remote: Compressing objects:  21% (68/323)        
2022-01-26T18:52:10.9751150Z remote: Compressing objects:  22% (72/323)        
2022-01-26T18:52:10.9751424Z remote: Compressing objects:  23% (75/323)        
2022-01-26T18:52:10.9751702Z remote: Compressing objects:  24% (78/323)        
2022-01-26T18:52:10.9751972Z remote: Compressing objects:  25% (81/323)        
2022-01-26T18:52:10.9752246Z remote: Compressing objects:  26% (84/323)        
2022-01-26T18:52:10.9752504Z remote: Compressing objects:  27% (88/323)        
2022-01-26T18:52:10.9752773Z remote: Compressing objects:  28% (91/323)        
2022-01-26T18:52:10.9753035Z remote: Compressing objects:  29% (94/323)        
2022-01-26T18:52:10.9753314Z remote: Compressing objects:  30% (97/323)        
2022-01-26T18:52:10.9753579Z remote: Compressing objects:  31% (101/323)        
2022-01-26T18:52:10.9753864Z remote: Compressing objects:  32% (104/323)        
2022-01-26T18:52:10.9754505Z remote: Compressing objects:  33% (107/323)        
2022-01-26T18:52:10.9754770Z remote: Compressing objects:  34% (110/323)        
2022-01-26T18:52:10.9755055Z remote: Compressing objects:  35% (114/323)        
2022-01-26T18:52:10.9755318Z remote: Compressing objects:  36% (117/323)        
2022-01-26T18:52:10.9755591Z remote: Compressing objects:  37% (120/323)        
2022-01-26T18:52:10.9755873Z remote: Compressing objects:  38% (123/323)        
2022-01-26T18:52:10.9756134Z remote: Compressing objects:  39% (126/323)        
2022-01-26T18:52:10.9756409Z remote: Compressing objects:  40% (130/323)        
2022-01-26T18:52:10.9756670Z remote: Compressing objects:  41% (133/323)        
2022-01-26T18:52:10.9756941Z remote: Compressing objects:  42% (136/323)        
2022-01-26T18:52:10.9757199Z remote: Compressing objects:  43% (139/323)        
2022-01-26T18:52:10.9757468Z remote: Compressing objects:  44% (143/323)        
2022-01-26T18:52:10.9757740Z remote: Compressing objects:  45% (146/323)        
2022-01-26T18:52:10.9758002Z remote: Compressing objects:  46% (149/323)        
2022-01-26T18:52:10.9758274Z remote: Compressing objects:  47% (152/323)        
2022-01-26T18:52:10.9758534Z remote: Compressing objects:  48% (156/323)        
2022-01-26T18:52:10.9758803Z remote: Compressing objects:  49% (159/323)        
2022-01-26T18:52:10.9759078Z remote: Compressing objects:  50% (162/323)        
2022-01-26T18:52:10.9759335Z remote: Compressing objects:  51% (165/323)        
2022-01-26T18:52:10.9811379Z remote: Compressing objects:  52% (168/323)        
2022-01-26T18:52:10.9811734Z remote: Compressing objects:  53% (172/323)        
2022-01-26T18:52:10.9812008Z remote: Compressing objects:  54% (175/323)        
2022-01-26T18:52:10.9812298Z remote: Compressing objects:  55% (178/323)        
2022-01-26T18:52:10.9812564Z remote: Compressing objects:  56% (181/323)        
2022-01-26T18:52:10.9812838Z remote: Compressing objects:  57% (185/323)        
2022-01-26T18:52:10.9813101Z remote: Compressing objects:  58% (188/323)        
2022-01-26T18:52:10.9813389Z remote: Compressing objects:  59% (191/323)        
2022-01-26T18:52:10.9814023Z remote: Compressing objects:  60% (194/323)        
2022-01-26T18:52:10.9814294Z remote: Compressing objects:  61% (198/323)        
2022-01-26T18:52:10.9814564Z remote: Compressing objects:  62% (201/323)        
2022-01-26T18:52:10.9814827Z remote: Compressing objects:  63% (204/323)        
2022-01-26T18:52:10.9815098Z remote: Compressing objects:  64% (207/323)        
2022-01-26T18:52:10.9815376Z remote: Compressing objects:  65% (210/323)        
2022-01-26T18:52:10.9815634Z remote: Compressing objects:  66% (214/323)        
2022-01-26T18:52:10.9815906Z remote: Compressing objects:  67% (217/323)        
2022-01-26T18:52:10.9816170Z remote: Compressing objects:  68% (220/323)        
2022-01-26T18:52:10.9816437Z remote: Compressing objects:  69% (223/323)        
2022-01-26T18:52:10.9816705Z remote: Compressing objects:  70% (227/323)        
2022-01-26T18:52:10.9816966Z remote: Compressing objects:  71% (230/323)        
2022-01-26T18:52:10.9817237Z remote: Compressing objects:  72% (233/323)        
2022-01-26T18:52:10.9817500Z remote: Compressing objects:  73% (236/323)        
2022-01-26T18:52:10.9817768Z remote: Compressing objects:  74% (240/323)        
2022-01-26T18:52:10.9818029Z remote: Compressing objects:  75% (243/323)        
2022-01-26T18:52:10.9818298Z remote: Compressing objects:  76% (246/323)        
2022-01-26T18:52:10.9818570Z remote: Compressing objects:  77% (249/323)        
2022-01-26T18:52:10.9818827Z remote: Compressing objects:  78% (252/323)        
2022-01-26T18:52:10.9819092Z remote: Compressing objects:  79% (256/323)        
2022-01-26T18:52:10.9819348Z remote: Compressing objects:  80% (259/323)        
2022-01-26T18:52:10.9819617Z remote: Compressing objects:  81% (262/323)        
2022-01-26T18:52:10.9819886Z remote: Compressing objects:  82% (265/323)        
2022-01-26T18:52:10.9820139Z remote: Compressing objects:  83% (269/323)        
2022-01-26T18:52:10.9820501Z remote: Compressing objects:  84% (272/323)        
2022-01-26T18:52:10.9820762Z remote: Compressing objects:  85% (275/323)        
2022-01-26T18:52:10.9821029Z remote: Compressing objects:  86% (278/323)        
2022-01-26T18:52:10.9821285Z remote: Compressing objects:  87% (282/323)        
2022-01-26T18:52:10.9821551Z remote: Compressing objects:  88% (285/323)        
2022-01-26T18:52:10.9821821Z remote: Compressing objects:  89% (288/323)        
2022-01-26T18:52:10.9822126Z remote: Compressing objects:  90% (291/323)        
2022-01-26T18:52:10.9822382Z remote: Compressing objects:  91% (294/323)        
2022-01-26T18:52:10.9822649Z remote: Compressing objects:  92% (298/323)        
2022-01-26T18:52:10.9822916Z remote: Compressing objects:  93% (301/323)        
2022-01-26T18:52:10.9823174Z remote: Compressing objects:  94% (304/323)        
2022-01-26T18:52:10.9823443Z remote: Compressing objects:  95% (307/323)        
2022-01-26T18:52:10.9823702Z remote: Compressing objects:  96% (311/323)        
2022-01-26T18:52:10.9823970Z remote: Compressing objects:  97% (314/323)        
2022-01-26T18:52:10.9824227Z remote: Compressing objects:  98% (317/323)        
2022-01-26T18:52:10.9824493Z remote: Compressing objects:  99% (320/323)        
2022-01-26T18:52:10.9824761Z remote: Compressing objects: 100% (323/323)        
2022-01-26T18:52:10.9825030Z remote: Compressing objects: 100% (323/323), done.        
2022-01-26T18:52:10.9913884Z Receiving objects:   0% (1/938)
2022-01-26T18:52:10.9917024Z Receiving objects:   1% (10/938)
2022-01-26T18:52:11.0121328Z Receiving objects:   2% (19/938)
2022-01-26T18:52:11.0181210Z Receiving objects:   3% (29/938)
2022-01-26T18:52:11.0257564Z Receiving objects:   4% (38/938)
2022-01-26T18:52:11.0258223Z Receiving objects:   5% (47/938)
2022-01-26T18:52:11.0258708Z Receiving objects:   6% (57/938)
2022-01-26T18:52:11.0259492Z Receiving objects:   7% (66/938)
2022-01-26T18:52:11.0259776Z Receiving objects:   8% (76/938)
2022-01-26T18:52:11.0260037Z Receiving objects:   9% (85/938)
2022-01-26T18:52:11.0260264Z Receiving objects:  10% (94/938)
2022-01-26T18:52:11.0260738Z Receiving objects:  11% (104/938)
2022-01-26T18:52:11.0260998Z Receiving objects:  12% (113/938)
2022-01-26T18:52:11.0265115Z Receiving objects:  13% (122/938)
2022-01-26T18:52:11.0265419Z Receiving objects:  14% (132/938)
2022-01-26T18:52:11.0265700Z Receiving objects:  15% (141/938)
2022-01-26T18:52:11.0265973Z Receiving objects:  16% (151/938)
2022-01-26T18:52:11.0493477Z Receiving objects:  17% (160/938)
2022-01-26T18:52:11.0493951Z Receiving objects:  18% (169/938)
2022-01-26T18:52:11.0494582Z Receiving objects:  19% (179/938)
2022-01-26T18:52:11.0546961Z Receiving objects:  20% (188/938)
2022-01-26T18:52:11.0549152Z Receiving objects:  21% (197/938)
2022-01-26T18:52:11.0617018Z Receiving objects:  22% (207/938)
2022-01-26T18:52:11.0618106Z Receiving objects:  23% (216/938)
2022-01-26T18:52:11.0620078Z Receiving objects:  24% (226/938)
2022-01-26T18:52:11.0620544Z Receiving objects:  25% (235/938)
2022-01-26T18:52:11.0624545Z Receiving objects:  26% (244/938)
2022-01-26T18:52:11.0625453Z Receiving objects:  27% (254/938)
2022-01-26T18:52:11.0627428Z Receiving objects:  28% (263/938)
2022-01-26T18:52:11.0627873Z Receiving objects:  29% (273/938)
2022-01-26T18:52:11.0629116Z Receiving objects:  30% (282/938)
2022-01-26T18:52:11.0629637Z Receiving objects:  31% (291/938)
2022-01-26T18:52:11.0630915Z Receiving objects:  32% (301/938)
2022-01-26T18:52:11.0631351Z Receiving objects:  33% (310/938)
2022-01-26T18:52:11.0632960Z Receiving objects:  34% (319/938)
2022-01-26T18:52:11.0633413Z Receiving objects:  35% (329/938)
2022-01-26T18:52:11.0635642Z Receiving objects:  36% (338/938)
2022-01-26T18:52:11.0636133Z Receiving objects:  37% (348/938)
2022-01-26T18:52:11.0636757Z Receiving objects:  38% (357/938)
2022-01-26T18:52:11.0637163Z Receiving objects:  39% (366/938)
2022-01-26T18:52:11.0639043Z Receiving objects:  40% (376/938)
2022-01-26T18:52:11.0639516Z Receiving objects:  41% (385/938)
2022-01-26T18:52:11.0641401Z Receiving objects:  42% (394/938)
2022-01-26T18:52:11.0641889Z Receiving objects:  43% (404/938)
2022-01-26T18:52:11.0643429Z Receiving objects:  44% (413/938)
2022-01-26T18:52:11.0644843Z Receiving objects:  45% (423/938)
2022-01-26T18:52:11.0645434Z Receiving objects:  46% (432/938)
2022-01-26T18:52:11.0645951Z Receiving objects:  47% (441/938)
2022-01-26T18:52:11.0646384Z Receiving objects:  48% (451/938)
2022-01-26T18:52:11.0647096Z Receiving objects:  49% (460/938)
2022-01-26T18:52:11.0647572Z Receiving objects:  50% (469/938)
2022-01-26T18:52:11.0649091Z Receiving objects:  51% (479/938)
2022-01-26T18:52:11.0649539Z Receiving objects:  52% (488/938)
2022-01-26T18:52:11.0651030Z Receiving objects:  53% (498/938)
2022-01-26T18:52:11.0651826Z Receiving objects:  54% (507/938)
2022-01-26T18:52:11.0652165Z Receiving objects:  55% (516/938)
2022-01-26T18:52:11.0652832Z Receiving objects:  56% (526/938)
2022-01-26T18:52:11.0653802Z Receiving objects:  57% (535/938)
2022-01-26T18:52:11.0654317Z Receiving objects:  58% (545/938)
2022-01-26T18:52:11.0656879Z Receiving objects:  59% (554/938)
2022-01-26T18:52:11.0658799Z Receiving objects:  60% (563/938)
2022-01-26T18:52:11.0661601Z Receiving objects:  61% (573/938)
2022-01-26T18:52:11.0663109Z Receiving objects:  62% (582/938)
2022-01-26T18:52:11.0666713Z Receiving objects:  63% (591/938)
2022-01-26T18:52:11.0667160Z Receiving objects:  64% (601/938)
2022-01-26T18:52:11.0667684Z Receiving objects:  65% (610/938)
2022-01-26T18:52:11.0668410Z Receiving objects:  66% (620/938)
2022-01-26T18:52:11.0668874Z Receiving objects:  67% (629/938)
2022-01-26T18:52:11.0669526Z Receiving objects:  68% (638/938)
2022-01-26T18:52:11.0670021Z Receiving objects:  69% (648/938)
2022-01-26T18:52:11.0670535Z Receiving objects:  70% (657/938)
2022-01-26T18:52:11.0671065Z Receiving objects:  71% (666/938)
2022-01-26T18:52:11.0864806Z Receiving objects:  72% (676/938)
2022-01-26T18:52:11.0865267Z Receiving objects:  73% (685/938)
2022-01-26T18:52:11.0866668Z Receiving objects:  74% (695/938)
2022-01-26T18:52:11.0867235Z Receiving objects:  75% (704/938)
2022-01-26T18:52:11.0867853Z Receiving objects:  76% (713/938)
2022-01-26T18:52:11.0868203Z Receiving objects:  77% (723/938)
2022-01-26T18:52:11.0868515Z Receiving objects:  78% (732/938)
2022-01-26T18:52:11.0868877Z Receiving objects:  79% (742/938)
2022-01-26T18:52:11.0869201Z Receiving objects:  80% (751/938)
2022-01-26T18:52:11.0869506Z Receiving objects:  81% (760/938)
2022-01-26T18:52:11.0869829Z Receiving objects:  82% (770/938)
2022-01-26T18:52:11.0881966Z Receiving objects:  83% (779/938)
2022-01-26T18:52:11.0882773Z Receiving objects:  84% (788/938)
2022-01-26T18:52:11.0883496Z Receiving objects:  85% (798/938)
2022-01-26T18:52:11.0919854Z Receiving objects:  86% (807/938)
2022-01-26T18:52:11.0920402Z Receiving objects:  87% (817/938)
2022-01-26T18:52:11.0921075Z Receiving objects:  88% (826/938)
2022-01-26T18:52:11.0921482Z Receiving objects:  89% (835/938)
2022-01-26T18:52:11.0986203Z Receiving objects:  90% (845/938)
2022-01-26T18:52:11.1018489Z Receiving objects:  91% (854/938)
2022-01-26T18:52:11.1019442Z remote: Total 938 (delta 327), reused 353 (delta 217), pack-reused 346        
2022-01-26T18:52:11.1024580Z Receiving objects:  92% (863/938)
2022-01-26T18:52:11.1029128Z Receiving objects:  93% (873/938)
2022-01-26T18:52:11.1032054Z Receiving objects:  94% (882/938)
2022-01-26T18:52:11.1036722Z Receiving objects:  95% (892/938)
2022-01-26T18:52:11.1040403Z Receiving objects:  96% (901/938)
2022-01-26T18:52:11.1043943Z Receiving objects:  97% (910/938)
2022-01-26T18:52:11.1046659Z Receiving objects:  98% (920/938)
2022-01-26T18:52:11.1049116Z Receiving objects:  99% (929/938)
2022-01-26T18:52:11.1051519Z Receiving objects: 100% (938/938)
2022-01-26T18:52:11.1052505Z Receiving objects: 100% (938/938), 242.65 KiB | 2.07 MiB/s, done.
2022-01-26T18:52:11.1058325Z Resolving deltas:   0% (0/507)
2022-01-26T18:52:11.1061268Z Resolving deltas:   1% (6/507)
2022-01-26T18:52:11.1064230Z Resolving deltas:   2% (11/507)
2022-01-26T18:52:11.1067008Z Resolving deltas:   3% (16/507)
2022-01-26T18:52:11.1069799Z Resolving deltas:   4% (21/507)
2022-01-26T18:52:11.1072629Z Resolving deltas:   5% (26/507)
2022-01-26T18:52:11.1075400Z Resolving deltas:   6% (31/507)
2022-01-26T18:52:11.1079202Z Resolving deltas:   7% (36/507)
2022-01-26T18:52:11.1082144Z Resolving deltas:   8% (41/507)
2022-01-26T18:52:11.1089188Z Resolving deltas:   9% (46/507)
2022-01-26T18:52:11.1094963Z Resolving deltas:  10% (51/507)
2022-01-26T18:52:11.1100681Z Resolving deltas:  11% (56/507)
2022-01-26T18:52:11.1105718Z Resolving deltas:  12% (61/507)
2022-01-26T18:52:11.1111061Z Resolving deltas:  13% (66/507)
2022-01-26T18:52:11.1115943Z Resolving deltas:  14% (71/507)
2022-01-26T18:52:11.1121629Z Resolving deltas:  15% (77/507)
2022-01-26T18:52:11.1125390Z Resolving deltas:  16% (82/507)
2022-01-26T18:52:11.1133793Z Resolving deltas:  17% (87/507)
2022-01-26T18:52:11.1143461Z Resolving deltas:  18% (92/507)
2022-01-26T18:52:11.1151871Z Resolving deltas:  19% (97/507)
2022-01-26T18:52:11.1161862Z Resolving deltas:  20% (102/507)
2022-01-26T18:52:11.1170400Z Resolving deltas:  21% (107/507)
2022-01-26T18:52:11.1178139Z Resolving deltas:  22% (112/507)
2022-01-26T18:52:11.1187549Z Resolving deltas:  23% (117/507)
2022-01-26T18:52:11.1192742Z Resolving deltas:  24% (122/507)
2022-01-26T18:52:11.1196859Z Resolving deltas:  25% (127/507)
2022-01-26T18:52:11.1201843Z Resolving deltas:  26% (132/507)
2022-01-26T18:52:11.1207406Z Resolving deltas:  27% (137/507)
2022-01-26T18:52:11.1212153Z Resolving deltas:  28% (142/507)
2022-01-26T18:52:11.1215428Z Resolving deltas:  29% (148/507)
2022-01-26T18:52:11.1218278Z Resolving deltas:  30% (153/507)
2022-01-26T18:52:11.1220791Z Resolving deltas:  31% (158/507)
2022-01-26T18:52:11.1223589Z Resolving deltas:  32% (163/507)
2022-01-26T18:52:11.1230550Z Resolving deltas:  33% (168/507)
2022-01-26T18:52:11.1233548Z Resolving deltas:  34% (173/507)
2022-01-26T18:52:11.1247234Z Resolving deltas:  35% (178/507)
2022-01-26T18:52:11.1250818Z Resolving deltas:  36% (183/507)
2022-01-26T18:52:11.1254002Z Resolving deltas:  37% (188/507)
2022-01-26T18:52:11.1257152Z Resolving deltas:  38% (193/507)
2022-01-26T18:52:11.1259973Z Resolving deltas:  39% (198/507)
2022-01-26T18:52:11.1262774Z Resolving deltas:  40% (203/507)
2022-01-26T18:52:11.1265422Z Resolving deltas:  41% (208/507)
2022-01-26T18:52:11.1268046Z Resolving deltas:  42% (213/507)
2022-01-26T18:52:11.1270647Z Resolving deltas:  43% (219/507)
2022-01-26T18:52:11.1273545Z Resolving deltas:  44% (224/507)
2022-01-26T18:52:11.1275618Z Resolving deltas:  45% (229/507)
2022-01-26T18:52:11.1277747Z Resolving deltas:  46% (234/507)
2022-01-26T18:52:11.1280019Z Resolving deltas:  47% (239/507)
2022-01-26T18:52:11.1282190Z Resolving deltas:  48% (244/507)
2022-01-26T18:52:11.1285003Z Resolving deltas:  49% (249/507)
2022-01-26T18:52:11.1287167Z Resolving deltas:  50% (254/507)
2022-01-26T18:52:11.1289205Z Resolving deltas:  51% (259/507)
2022-01-26T18:52:11.1291271Z Resolving deltas:  52% (264/507)
2022-01-26T18:52:11.1293445Z Resolving deltas:  53% (269/507)
2022-01-26T18:52:11.1295507Z Resolving deltas:  54% (274/507)
2022-01-26T18:52:11.1297564Z Resolving deltas:  55% (279/507)
2022-01-26T18:52:11.1299626Z Resolving deltas:  56% (284/507)
2022-01-26T18:52:11.1301922Z Resolving deltas:  57% (289/507)
2022-01-26T18:52:11.1304039Z Resolving deltas:  58% (295/507)
2022-01-26T18:52:11.1306184Z Resolving deltas:  59% (300/507)
2022-01-26T18:52:11.1308256Z Resolving deltas:  60% (305/507)
2022-01-26T18:52:11.1310380Z Resolving deltas:  61% (310/507)
2022-01-26T18:52:11.1312472Z Resolving deltas:  62% (315/507)
2022-01-26T18:52:11.1315993Z Resolving deltas:  63% (320/507)
2022-01-26T18:52:11.1320152Z Resolving deltas:  64% (325/507)
2022-01-26T18:52:11.1328235Z Resolving deltas:  65% (330/507)
2022-01-26T18:52:11.1334019Z Resolving deltas:  66% (335/507)
2022-01-26T18:52:11.1339478Z Resolving deltas:  67% (340/507)
2022-01-26T18:52:11.1341881Z Resolving deltas:  68% (345/507)
2022-01-26T18:52:11.1344443Z Resolving deltas:  69% (350/507)
2022-01-26T18:52:11.1346553Z Resolving deltas:  70% (355/507)
2022-01-26T18:52:11.1348712Z Resolving deltas:  71% (360/507)
2022-01-26T18:52:11.1350767Z Resolving deltas:  72% (366/507)
2022-01-26T18:52:11.1352819Z Resolving deltas:  73% (371/507)
2022-01-26T18:52:11.1354976Z Resolving deltas:  74% (376/507)
2022-01-26T18:52:11.1357129Z Resolving deltas:  75% (381/507)
2022-01-26T18:52:11.1359212Z Resolving deltas:  76% (386/507)
2022-01-26T18:52:11.1361610Z Resolving deltas:  77% (391/507)
2022-01-26T18:52:11.1364574Z Resolving deltas:  78% (396/507)
2022-01-26T18:52:11.1370439Z Resolving deltas:  79% (401/507)
2022-01-26T18:52:11.1376333Z Resolving deltas:  80% (406/507)
2022-01-26T18:52:11.1383006Z Resolving deltas:  81% (411/507)
2022-01-26T18:52:11.1389363Z Resolving deltas:  82% (416/507)
2022-01-26T18:52:11.1395064Z Resolving deltas:  83% (421/507)
2022-01-26T18:52:11.1400772Z Resolving deltas:  84% (426/507)
2022-01-26T18:52:11.1407320Z Resolving deltas:  85% (431/507)
2022-01-26T18:52:11.1412980Z Resolving deltas:  86% (437/507)
2022-01-26T18:52:11.1416581Z Resolving deltas:  87% (442/507)
2022-01-26T18:52:11.1421393Z Resolving deltas:  88% (447/507)
2022-01-26T18:52:11.1425552Z Resolving deltas:  89% (452/507)
2022-01-26T18:52:11.1429404Z Resolving deltas:  90% (457/507)
2022-01-26T18:52:11.1433351Z Resolving deltas:  91% (462/507)
2022-01-26T18:52:11.1439757Z Resolving deltas:  92% (467/507)
2022-01-26T18:52:11.1445504Z Resolving deltas:  93% (472/507)
2022-01-26T18:52:11.1450307Z Resolving deltas:  94% (477/507)
2022-01-26T18:52:11.1454104Z Resolving deltas:  95% (482/507)
2022-01-26T18:52:11.1458805Z Resolving deltas:  96% (487/507)
2022-01-26T18:52:11.1462557Z Resolving deltas:  97% (492/507)
2022-01-26T18:52:11.1466813Z Resolving deltas:  98% (497/507)
2022-01-26T18:52:11.1470020Z Resolving deltas:  99% (502/507)
2022-01-26T18:52:11.1478296Z Resolving deltas: 100% (507/507)
2022-01-26T18:52:11.1478776Z Resolving deltas: 100% (507/507), done.
2022-01-26T18:52:11.1643639Z From https://github.com/con/tinuous
2022-01-26T18:52:11.1645373Z  * [new branch]      gh-55           -> origin/gh-55
2022-01-26T18:52:11.1646323Z  * [new branch]      master          -> origin/master
2022-01-26T18:52:11.1646981Z  * [new branch]      no-extra-search -> origin/no-extra-search
2022-01-26T18:52:11.1647769Z  * [new branch]      py3.10          -> origin/py3.10
2022-01-26T18:52:11.1648313Z  * [new branch]      test-appveyor   -> origin/test-appveyor
2022-01-26T18:52:11.1649059Z  * [new tag]         0.1.0           -> 0.1.0
2022-01-26T18:52:11.1649995Z  * [new tag]         0.2.0           -> 0.2.0
2022-01-26T18:52:11.1650699Z  * [new tag]         0.3.0           -> 0.3.0
2022-01-26T18:52:11.1651179Z  * [new tag]         0.4.0           -> 0.4.0
2022-01-26T18:52:11.1651848Z  * [new tag]         0.5.0           -> 0.5.0
2022-01-26T18:52:11.1652304Z  * [new tag]         0.5.1           -> 0.5.1
2022-01-26T18:52:11.1693264Z [command]/usr/bin/git branch --list --remote origin/py3.10
2022-01-26T18:52:11.1725278Z   origin/py3.10
2022-01-26T18:52:11.1744930Z [command]/usr/bin/git rev-parse refs/remotes/origin/py3.10
2022-01-26T18:52:11.1770873Z 6a17d4cb752c97a6eefdc7183a37a98785229908
2022-01-26T18:52:11.1793335Z ##[endgroup]
2022-01-26T18:52:11.1794042Z ##[group]Determining the checkout info
2022-01-26T18:52:11.1794859Z ##[endgroup]
2022-01-26T18:52:11.1795408Z ##[group]Checking out the ref
2022-01-26T18:52:11.1796465Z [command]/usr/bin/git checkout --progress --force -B py3.10 refs/remotes/origin/py3.10
2022-01-26T18:52:11.1867631Z Switched to a new branch 'py3.10'
2022-01-26T18:52:11.1872313Z Branch 'py3.10' set up to track remote branch 'py3.10' from 'origin'.
2022-01-26T18:52:11.1895810Z ##[endgroup]
2022-01-26T18:52:11.1941654Z [command]/usr/bin/git log -1 --format='%H'
2022-01-26T18:52:11.1971772Z '6a17d4cb752c97a6eefdc7183a37a98785229908'
2022-01-26T18:52:11.2204249Z ##[group]Run actions/setup-python@v2
2022-01-26T18:52:11.2204629Z with:
2022-01-26T18:52:11.2204983Z   python-version: 3.8
2022-01-26T18:52:11.2205457Z   token: ***
2022-01-26T18:52:11.2205690Z ##[endgroup]
2022-01-26T18:52:11.3646346Z Successfully setup CPython (3.8.12)
2022-01-26T18:52:11.3757214Z ##[group]Run python -m pip install --upgrade pip wheel
2022-01-26T18:52:11.3757687Z [36;1mpython -m pip install --upgrade pip wheel[0m
2022-01-26T18:52:11.3758006Z [36;1mpython -m pip install --upgrade --upgrade-strategy=eager tox[0m
2022-01-26T18:52:11.3807337Z shell: /usr/bin/bash -e {0}
2022-01-26T18:52:11.3807569Z env:
2022-01-26T18:52:11.3807957Z   pythonLocation: /opt/hostedtoolcache/Python/3.8.12/x64
2022-01-26T18:52:11.3808315Z   LD_LIBRARY_PATH: /opt/hostedtoolcache/Python/3.8.12/x64/lib
2022-01-26T18:52:11.3808571Z ##[endgroup]
2022-01-26T18:52:12.1872742Z Requirement already satisfied: pip in /opt/hostedtoolcache/Python/3.8.12/x64/lib/python3.8/site-packages (21.3.1)
2022-01-26T18:52:12.3936537Z Collecting wheel
2022-01-26T18:52:12.4466182Z   Downloading wheel-0.37.1-py2.py3-none-any.whl (35 kB)
2022-01-26T18:52:12.5045647Z Installing collected packages: wheel
2022-01-26T18:52:12.5395107Z Successfully installed wheel-0.37.1
2022-01-26T18:52:13.4257887Z Collecting tox
2022-01-26T18:52:13.4674747Z   Downloading tox-3.24.5-py2.py3-none-any.whl (85 kB)
2022-01-26T18:52:13.5445765Z Collecting toml>=0.9.4
2022-01-26T18:52:13.5555388Z   Downloading toml-0.10.2-py2.py3-none-any.whl (16 kB)
2022-01-26T18:52:13.6013448Z Collecting py>=1.4.17
2022-01-26T18:52:13.6127652Z   Downloading py-1.11.0-py2.py3-none-any.whl (98 kB)
2022-01-26T18:52:13.6605224Z Collecting filelock>=3.0.0
2022-01-26T18:52:13.6716417Z   Downloading filelock-3.4.2-py3-none-any.whl (9.9 kB)
2022-01-26T18:52:13.7212488Z Collecting six>=1.14.0
2022-01-26T18:52:13.7330933Z   Downloading six-1.16.0-py2.py3-none-any.whl (11 kB)
2022-01-26T18:52:13.7714667Z Collecting pluggy>=0.12.0
2022-01-26T18:52:13.7826977Z   Downloading pluggy-1.0.0-py2.py3-none-any.whl (13 kB)
2022-01-26T18:52:13.8410143Z Collecting packaging>=14
2022-01-26T18:52:13.8526356Z   Downloading packaging-21.3-py3-none-any.whl (40 kB)
2022-01-26T18:52:14.0647046Z Collecting virtualenv!=20.0.0,!=20.0.1,!=20.0.2,!=20.0.3,!=20.0.4,!=20.0.5,!=20.0.6,!=20.0.7,>=16.0.0
2022-01-26T18:52:14.0765126Z   Downloading virtualenv-20.13.0-py2.py3-none-any.whl (6.5 MB)
2022-01-26T18:52:14.2729533Z Collecting pyparsing!=3.0.5,>=2.0.2
2022-01-26T18:52:14.2842432Z   Downloading pyparsing-3.0.7-py3-none-any.whl (98 kB)
2022-01-26T18:52:14.3559069Z Collecting distlib<1,>=0.3.1
2022-01-26T18:52:14.3696214Z   Downloading distlib-0.3.4-py2.py3-none-any.whl (461 kB)
2022-01-26T18:52:14.4387700Z Collecting platformdirs<3,>=2
2022-01-26T18:52:14.4583707Z   Downloading platformdirs-2.4.1-py3-none-any.whl (14 kB)
2022-01-26T18:52:14.5860438Z Installing collected packages: six, pyparsing, platformdirs, filelock, distlib, virtualenv, toml, py, pluggy, packaging, tox
2022-01-26T18:52:15.1226049Z Successfully installed distlib-0.3.4 filelock-3.4.2 packaging-21.3 platformdirs-2.4.1 pluggy-1.0.0 py-1.11.0 pyparsing-3.0.7 six-1.16.0 toml-0.10.2 tox-3.24.5 virtualenv-20.13.0
2022-01-26T18:52:15.3215830Z ##[group]Run tox -e typing
2022-01-26T18:52:15.3216053Z [36;1mtox -e typing[0m
2022-01-26T18:52:15.3259835Z shell: /usr/bin/bash -e {0}
2022-01-26T18:52:15.3260027Z env:
2022-01-26T18:52:15.3260253Z   pythonLocation: /opt/hostedtoolcache/Python/3.8.12/x64
2022-01-26T18:52:15.3260538Z   LD_LIBRARY_PATH: /opt/hostedtoolcache/Python/3.8.12/x64/lib
2022-01-26T18:52:15.3260766Z ##[endgroup]
2022-01-26T18:52:15.6089117Z .package create: /home/runner/work/tinuous/tinuous/.tox/.package
2022-01-26T18:52:16.1861347Z .package installdeps: setuptools >= 46.4.0, wheel ~= 0.32
2022-01-26T18:52:19.7589382Z typing create: /home/runner/work/tinuous/tinuous/.tox/typing
2022-01-26T18:52:19.9860605Z typing installdeps: mypy~=0.900, types-python-dateutil, types-PyYAML, types-requests, pytest~=6.0, pytest-cov~=2.0, pytest-mock~=3.0
2022-01-26T18:52:25.4196936Z typing inst: /home/runner/work/tinuous/tinuous/.tox/.tmp/package/1/tinuous-0.5.1+1.g6a17d4c.tar.gz
2022-01-26T18:52:33.6339470Z typing installed: attrs==21.4.0,certifi==2021.10.8,cffi==1.15.0,charset-normalizer==2.0.10,click==8.0.3,click-loglevel==0.4.0.post1,coverage==6.3,Deprecated==1.2.13,idna==3.3,in-place==0.5.0,iniconfig==1.1.1,mypy==0.931,mypy-extensions==0.4.3,packaging==21.3,pluggy==1.0.0,py==1.11.0,pycparser==2.21,pydantic==1.9.0,PyGithub==1.55,PyJWT==2.3.0,PyNaCl==1.5.0,pyparsing==3.0.7,pytest==6.2.5,pytest-cov==2.12.1,pytest-mock==3.6.1,python-dateutil==2.8.2,python-dotenv==0.19.2,PyYAML==5.4.1,requests==2.27.1,six==1.16.0,tinuous @ file:///home/runner/work/tinuous/tinuous/.tox/.tmp/package/1/tinuous-0.5.1%2B1.g6a17d4c.tar.gz,toml==0.10.2,tomli==2.0.0,types-python-dateutil==2.8.8,types-PyYAML==6.0.3,types-requests==2.27.7,types-urllib3==1.26.7,typing_extensions==4.0.1,urllib3==1.26.8,wrapt==1.13.3
2022-01-26T18:52:33.6341205Z typing run-test-pre: PYTHONHASHSEED='1052307373'
2022-01-26T18:52:33.6342322Z typing run-test: commands[0] | mypy src test
2022-01-26T18:52:40.7305830Z Success: no issues found in 13 source files
2022-01-26T18:52:40.7385309Z ___________________________________ summary ____________________________________
2022-01-26T18:52:40.7385814Z   typing: commands succeeded
2022-01-26T18:52:40.7428199Z   congratulations :)
2022-01-26T18:52:40.7689161Z Post job cleanup.
2022-01-26T18:52:40.9106343Z Post job cleanup.
2022-01-26T18:52:41.0307345Z [command]/usr/bin/git version
2022-01-26T18:52:41.0392925Z git version 2.34.1
2022-01-26T18:52:41.0444354Z [command]/usr/bin/git config --local --name-only --get-regexp core\.sshCommand
2022-01-26T18:52:41.0538714Z [command]/usr/bin/git submodule foreach --recursive git config --local --name-only --get-regexp 'core\.sshCommand' && git config --local --unset-all 'core.sshCommand' || :
2022-01-26T18:52:41.0802025Z [command]/usr/bin/git config --local --name-only --get-regexp http\.https\:\/\/github\.com\/\.extraheader
2022-01-26T18:52:41.0835391Z http.https://github.com/.extraheader
2022-01-26T18:52:41.0847078Z [command]/usr/bin/git config --local --unset-all http.https://github.com/.extraheader
2022-01-26T18:52:41.0883957Z [command]/usr/bin/git submodule foreach --recursive git config --local --name-only --get-regexp 'http\.https\:\/\/github\.com\/\.extraheader' && git config --local --unset-all 'http.https://github.com/.extraheader' || :
2022-01-26T18:52:41.1304764Z Cleaning up orphan processes
