2023-11-09T17:10:36.5168238Z Requested labels: ubuntu-latest
2023-11-09T17:10:36.5168524Z Job defined at: con/tinuous/.github/workflows/test.yml@refs/heads/py312
2023-11-09T17:10:36.5168645Z Waiting for a runner to pick up this job...
2023-11-09T17:10:36.9411381Z Job is waiting for a hosted runner to come online.
2023-11-09T17:10:39.5772443Z Job is about to start running on the hosted runner: GitHub Actions 8 (hosted)
2023-11-09T17:10:41.7871308Z Current runner version: '2.311.0'
2023-11-09T17:10:41.7899966Z ##[group]Operating System
2023-11-09T17:10:41.7900732Z Ubuntu
2023-11-09T17:10:41.7901309Z 22.04.3
2023-11-09T17:10:41.7901699Z LTS
2023-11-09T17:10:41.7902130Z ##[endgroup]
2023-11-09T17:10:41.7902664Z ##[group]Runner Image
2023-11-09T17:10:41.7903233Z Image: ubuntu-22.04
2023-11-09T17:10:41.7903703Z Version: 20231030.2.0
2023-11-09T17:10:41.7905062Z Included Software: https://github.com/actions/runner-images/blob/ubuntu22/20231030.2/images/linux/Ubuntu2204-Readme.md
2023-11-09T17:10:41.7906920Z Image Release: https://github.com/actions/runner-images/releases/tag/ubuntu22%2F20231030.2
2023-11-09T17:10:41.7907983Z ##[endgroup]
2023-11-09T17:10:41.7908546Z ##[group]Runner Image Provisioner
2023-11-09T17:10:41.7909165Z 2.0.312.1
2023-11-09T17:10:41.7909569Z ##[endgroup]
2023-11-09T17:10:41.7912339Z ##[group]GITHUB_TOKEN Permissions
2023-11-09T17:10:41.7914417Z Actions: write
2023-11-09T17:10:41.7915042Z Checks: write
2023-11-09T17:10:41.7915725Z Contents: write
2023-11-09T17:10:41.7916381Z Deployments: write
2023-11-09T17:10:41.7916897Z Discussions: write
2023-11-09T17:10:41.7917346Z Issues: write
2023-11-09T17:10:41.7917899Z Metadata: read
2023-11-09T17:10:41.7918375Z Packages: write
2023-11-09T17:10:41.7918813Z Pages: write
2023-11-09T17:10:41.7919357Z PullRequests: write
2023-11-09T17:10:41.7919894Z RepositoryProjects: write
2023-11-09T17:10:41.7920444Z SecurityEvents: write
2023-11-09T17:10:41.7921037Z Statuses: write
2023-11-09T17:10:41.7921511Z ##[endgroup]
2023-11-09T17:10:41.7925191Z Secret source: Actions
2023-11-09T17:10:41.7926052Z Prepare workflow directory
2023-11-09T17:10:41.8692043Z Prepare all required actions
2023-11-09T17:10:41.8881787Z Getting action download info
2023-11-09T17:10:42.1298119Z Download action repository 'actions/checkout@v4' (SHA:b4ffde65f46336ab88eb53be808477a3936bae11)
2023-11-09T17:10:42.2472552Z Download action repository 'actions/setup-python@v4' (SHA:65d7f2d534ac1bc67fcd62888c5f4f3d2cb2b236)
2023-11-09T17:10:42.3216626Z Download action repository 'codecov/codecov-action@v3' (SHA:eaaf4bedf32dbdc6b720b63067d99c4d77d6047d)
2023-11-09T17:10:42.7307167Z Complete job name: test (3.8, lint)
2023-11-09T17:10:42.8526783Z ##[group]Run actions/checkout@v4
2023-11-09T17:10:42.8527366Z with:
2023-11-09T17:10:42.8527710Z   fetch-depth: 0
2023-11-09T17:10:42.8528115Z   repository: con/tinuous
2023-11-09T17:10:42.8528833Z   token: ***
2023-11-09T17:10:42.8529214Z   ssh-strict: true
2023-11-09T17:10:42.8529631Z   persist-credentials: true
2023-11-09T17:10:42.8530087Z   clean: true
2023-11-09T17:10:42.8530491Z   sparse-checkout-cone-mode: true
2023-11-09T17:10:42.8531017Z   fetch-tags: false
2023-11-09T17:10:42.8531417Z   show-progress: true
2023-11-09T17:10:42.8531825Z   lfs: false
2023-11-09T17:10:42.8532175Z   submodules: false
2023-11-09T17:10:42.8532578Z   set-safe-directory: true
2023-11-09T17:10:42.8533028Z ##[endgroup]
2023-11-09T17:10:43.0968014Z Syncing repository: con/tinuous
2023-11-09T17:10:43.0970154Z ##[group]Getting Git version info
2023-11-09T17:10:43.0971067Z Working directory is '/home/runner/work/tinuous/tinuous'
2023-11-09T17:10:43.0972935Z [command]/usr/bin/git version
2023-11-09T17:10:43.1081732Z git version 2.42.0
2023-11-09T17:10:43.1116515Z ##[endgroup]
2023-11-09T17:10:43.1158653Z Temporarily overriding HOME='/home/runner/work/_temp/e5c58bf4-b663-4553-b8e0-e9e2521e2a51' before making global git config changes
2023-11-09T17:10:43.1160347Z Adding repository directory to the temporary git global config as a safe directory
2023-11-09T17:10:43.1161742Z [command]/usr/bin/git config --global --add safe.directory /home/runner/work/tinuous/tinuous
2023-11-09T17:10:43.1201245Z Deleting the contents of '/home/runner/work/tinuous/tinuous'
2023-11-09T17:10:43.1216747Z ##[group]Initializing the repository
2023-11-09T17:10:43.1217648Z [command]/usr/bin/git init /home/runner/work/tinuous/tinuous
2023-11-09T17:10:43.1293181Z hint: Using 'master' as the name for the initial branch. This default branch name
2023-11-09T17:10:43.1298588Z hint: is subject to change. To configure the initial branch name to use in all
2023-11-09T17:10:43.1302018Z hint: of your new repositories, which will suppress this warning, call:
2023-11-09T17:10:43.1304764Z hint: 
2023-11-09T17:10:43.1307283Z hint: 	git config --global init.defaultBranch <name>
2023-11-09T17:10:43.1309783Z hint: 
2023-11-09T17:10:43.1312282Z hint: Names commonly chosen instead of 'master' are 'main', 'trunk' and
2023-11-09T17:10:43.1315297Z hint: 'development'. The just-created branch can be renamed via this command:
2023-11-09T17:10:43.1318813Z hint: 
2023-11-09T17:10:43.1321263Z hint: 	git branch -m <name>
2023-11-09T17:10:43.1335749Z Initialized empty Git repository in /home/runner/work/tinuous/tinuous/.git/
2023-11-09T17:10:43.1353670Z [command]/usr/bin/git remote add origin https://github.com/con/tinuous
2023-11-09T17:10:43.1382550Z ##[endgroup]
2023-11-09T17:10:43.1383635Z ##[group]Disabling automatic garbage collection
2023-11-09T17:10:43.1389305Z [command]/usr/bin/git config --local gc.auto 0
2023-11-09T17:10:43.1421524Z ##[endgroup]
2023-11-09T17:10:43.1423603Z ##[group]Setting up auth
2023-11-09T17:10:43.1433362Z [command]/usr/bin/git config --local --name-only --get-regexp core\.sshCommand
2023-11-09T17:10:43.1469514Z [command]/usr/bin/git submodule foreach --recursive sh -c "git config --local --name-only --get-regexp 'core\.sshCommand' && git config --local --unset-all 'core.sshCommand' || :"
2023-11-09T17:10:43.1796298Z [command]/usr/bin/git config --local --name-only --get-regexp http\.https\:\/\/github\.com\/\.extraheader
2023-11-09T17:10:43.1826430Z [command]/usr/bin/git submodule foreach --recursive sh -c "git config --local --name-only --get-regexp 'http\.https\:\/\/github\.com\/\.extraheader' && git config --local --unset-all 'http.https://github.com/.extraheader' || :"
2023-11-09T17:10:43.2053656Z [command]/usr/bin/git config --local http.https://github.com/.extraheader AUTHORIZATION: basic ***
2023-11-09T17:10:43.2100937Z ##[endgroup]
2023-11-09T17:10:43.2103257Z ##[group]Fetching the repository
2023-11-09T17:10:43.2116281Z [command]/usr/bin/git -c protocol.version=2 fetch --prune --no-recurse-submodules origin +refs/heads/*:refs/remotes/origin/* +refs/tags/*:refs/tags/*
2023-11-09T17:10:43.6358669Z From https://github.com/con/tinuous
2023-11-09T17:10:43.6363542Z  * [new branch]      gh-55           -> origin/gh-55
2023-11-09T17:10:43.6364194Z  * [new branch]      ghtoken         -> origin/ghtoken
2023-11-09T17:10:43.6364792Z  * [new branch]      headers         -> origin/headers
2023-11-09T17:10:43.6365395Z  * [new branch]      limit-ci        -> origin/limit-ci
2023-11-09T17:10:43.6365987Z  * [new branch]      master          -> origin/master
2023-11-09T17:10:43.6372517Z  * [new branch]      mypy-import     -> origin/mypy-import
2023-11-09T17:10:43.6373505Z  * [new branch]      no-extra-search -> origin/no-extra-search
2023-11-09T17:10:43.6374428Z  * [new branch]      pragmata        -> origin/pragmata
2023-11-09T17:10:43.6375040Z  * [new branch]      py312           -> origin/py312
2023-11-09T17:10:43.6375711Z  * [new branch]      test-appveyor   -> origin/test-appveyor
2023-11-09T17:10:43.6376355Z  * [new branch]      unused          -> origin/unused
2023-11-09T17:10:43.6376944Z  * [new branch]      updates         -> origin/updates
2023-11-09T17:10:43.6377509Z  * [new tag]         0.1.0           -> 0.1.0
2023-11-09T17:10:43.6378016Z  * [new tag]         0.2.0           -> 0.2.0
2023-11-09T17:10:43.6378513Z  * [new tag]         0.3.0           -> 0.3.0
2023-11-09T17:10:43.6379006Z  * [new tag]         0.4.0           -> 0.4.0
2023-11-09T17:10:43.6379488Z  * [new tag]         0.5.0           -> 0.5.0
2023-11-09T17:10:43.6379970Z  * [new tag]         0.5.1           -> 0.5.1
2023-11-09T17:10:43.6380468Z  * [new tag]         0.5.2           -> 0.5.2
2023-11-09T17:10:43.6380944Z  * [new tag]         0.5.3           -> 0.5.3
2023-11-09T17:10:43.6381420Z  * [new tag]         0.5.4           -> 0.5.4
2023-11-09T17:10:43.6381895Z  * [new tag]         0.6.0           -> 0.6.0
2023-11-09T17:10:43.6382649Z  * [new tag]         0.6.1           -> 0.6.1
2023-11-09T17:10:43.6384717Z [command]/usr/bin/git branch --list --remote origin/py312
2023-11-09T17:10:43.6406424Z   origin/py312
2023-11-09T17:10:43.6415311Z [command]/usr/bin/git rev-parse refs/remotes/origin/py312
2023-11-09T17:10:43.6435921Z 59fe3fbbeed5791fac30a9b14106a8249dc7850e
2023-11-09T17:10:43.6442098Z ##[endgroup]
2023-11-09T17:10:43.6442728Z ##[group]Determining the checkout info
2023-11-09T17:10:43.6445900Z ##[endgroup]
2023-11-09T17:10:43.6446526Z ##[group]Checking out the ref
2023-11-09T17:10:43.6452177Z [command]/usr/bin/git checkout --progress --force -B py312 refs/remotes/origin/py312
2023-11-09T17:10:43.6511234Z Switched to a new branch 'py312'
2023-11-09T17:10:43.6512594Z branch 'py312' set up to track 'origin/py312'.
2023-11-09T17:10:43.6518313Z ##[endgroup]
2023-11-09T17:10:43.6597137Z [command]/usr/bin/git log -1 --format='%H'
2023-11-09T17:10:43.6601844Z '59fe3fbbeed5791fac30a9b14106a8249dc7850e'
2023-11-09T17:10:43.7042312Z ##[group]Run actions/setup-python@v4
2023-11-09T17:10:43.7042753Z with:
2023-11-09T17:10:43.7043022Z   python-version: 3.8
2023-11-09T17:10:43.7043371Z   check-latest: false
2023-11-09T17:10:43.7043901Z   token: ***
2023-11-09T17:10:43.7044213Z   update-environment: true
2023-11-09T17:10:43.7044581Z   allow-prereleases: false
2023-11-09T17:10:43.7044929Z ##[endgroup]
2023-11-09T17:10:43.9817520Z ##[group]Installed versions
2023-11-09T17:10:43.9900688Z Successfully set up CPython (3.8.18)
2023-11-09T17:10:43.9902670Z ##[endgroup]
2023-11-09T17:10:44.0040330Z ##[group]Run python -m pip install --upgrade pip wheel
2023-11-09T17:10:44.0041062Z [36;1mpython -m pip install --upgrade pip wheel[0m
2023-11-09T17:10:44.0041748Z [36;1mpython -m pip install --upgrade --upgrade-strategy=eager tox[0m
2023-11-09T17:10:44.0101115Z shell: /usr/bin/bash -e {0}
2023-11-09T17:10:44.0101515Z env:
2023-11-09T17:10:44.0101916Z   pythonLocation: /opt/hostedtoolcache/Python/3.8.18/x64
2023-11-09T17:10:44.0102626Z   PKG_CONFIG_PATH: /opt/hostedtoolcache/Python/3.8.18/x64/lib/pkgconfig
2023-11-09T17:10:44.0103319Z   Python_ROOT_DIR: /opt/hostedtoolcache/Python/3.8.18/x64
2023-11-09T17:10:44.0103928Z   Python2_ROOT_DIR: /opt/hostedtoolcache/Python/3.8.18/x64
2023-11-09T17:10:44.0104530Z   Python3_ROOT_DIR: /opt/hostedtoolcache/Python/3.8.18/x64
2023-11-09T17:10:44.0105147Z   LD_LIBRARY_PATH: /opt/hostedtoolcache/Python/3.8.18/x64/lib
2023-11-09T17:10:44.0105642Z ##[endgroup]
2023-11-09T17:10:44.7251849Z Requirement already satisfied: pip in /opt/hostedtoolcache/Python/3.8.18/x64/lib/python3.8/site-packages (23.0.1)
2023-11-09T17:10:44.9100132Z Collecting pip
2023-11-09T17:10:45.0238933Z   Downloading pip-23.3.1-py3-none-any.whl.metadata (3.5 kB)
2023-11-09T17:10:45.0762247Z Collecting wheel
2023-11-09T17:10:45.0845695Z   Downloading wheel-0.41.3-py3-none-any.whl.metadata (2.2 kB)
2023-11-09T17:10:45.1004569Z Downloading pip-23.3.1-py3-none-any.whl (2.1 MB)
2023-11-09T17:10:45.2758727Z    ━━━━━━━━━━━━━━━━━━━━━━━━━━━━━━━━━━━━━━━━ 2.1/2.1 MB 12.4 MB/s eta 0:00:00
2023-11-09T17:10:45.2843469Z Downloading wheel-0.41.3-py3-none-any.whl (65 kB)
2023-11-09T17:10:45.2912804Z    ━━━━━━━━━━━━━━━━━━━━━━━━━━━━━━━━━━━━━━━━ 65.8/65.8 kB 14.6 MB/s eta 0:00:00
2023-11-09T17:10:45.3454027Z Installing collected packages: wheel, pip
2023-11-09T17:10:45.3934825Z   Attempting uninstall: pip
2023-11-09T17:10:45.3942053Z     Found existing installation: pip 23.0.1
2023-11-09T17:10:45.4450536Z     Uninstalling pip-23.0.1:
2023-11-09T17:10:45.4921258Z       Successfully uninstalled pip-23.0.1
2023-11-09T17:10:46.6054496Z Successfully installed pip-23.3.1 wheel-0.41.3
2023-11-09T17:10:47.5761834Z Collecting tox
2023-11-09T17:10:47.6765973Z   Downloading tox-4.11.3-py3-none-any.whl.metadata (5.0 kB)
2023-11-09T17:10:47.7465202Z Collecting cachetools>=5.3.1 (from tox)
2023-11-09T17:10:47.7549093Z   Downloading cachetools-5.3.2-py3-none-any.whl.metadata (5.2 kB)
2023-11-09T17:10:47.7798311Z Collecting chardet>=5.2 (from tox)
2023-11-09T17:10:47.7888031Z   Downloading chardet-5.2.0-py3-none-any.whl.metadata (3.4 kB)
2023-11-09T17:10:47.8239755Z Collecting colorama>=0.4.6 (from tox)
2023-11-09T17:10:47.8322464Z   Downloading colorama-0.4.6-py2.py3-none-any.whl (25 kB)
2023-11-09T17:10:47.8815867Z Collecting filelock>=3.12.3 (from tox)
2023-11-09T17:10:47.8898433Z   Downloading filelock-3.13.1-py3-none-any.whl.metadata (2.8 kB)
2023-11-09T17:10:47.9274462Z Collecting packaging>=23.1 (from tox)
2023-11-09T17:10:47.9361466Z   Downloading packaging-23.2-py3-none-any.whl.metadata (3.2 kB)
2023-11-09T17:10:47.9709814Z Collecting platformdirs>=3.10 (from tox)
2023-11-09T17:10:47.9796312Z   Downloading platformdirs-3.11.0-py3-none-any.whl.metadata (11 kB)
2023-11-09T17:10:48.0107542Z Collecting pluggy>=1.3 (from tox)
2023-11-09T17:10:48.0193064Z   Downloading pluggy-1.3.0-py3-none-any.whl.metadata (4.3 kB)
2023-11-09T17:10:48.0460308Z Collecting pyproject-api>=1.6.1 (from tox)
2023-11-09T17:10:48.0551735Z   Downloading pyproject_api-1.6.1-py3-none-any.whl.metadata (2.8 kB)
2023-11-09T17:10:48.0835538Z Collecting tomli>=2.0.1 (from tox)
2023-11-09T17:10:48.0940181Z   Downloading tomli-2.0.1-py3-none-any.whl (12 kB)
2023-11-09T17:10:48.2125970Z Collecting virtualenv>=20.24.3 (from tox)
2023-11-09T17:10:48.2212129Z   Downloading virtualenv-20.24.6-py3-none-any.whl.metadata (4.5 kB)
2023-11-09T17:10:48.3227653Z Collecting distlib<1,>=0.3.7 (from virtualenv>=20.24.3->tox)
2023-11-09T17:10:48.3313509Z   Downloading distlib-0.3.7-py2.py3-none-any.whl.metadata (5.1 kB)
2023-11-09T17:10:48.3583994Z Downloading tox-4.11.3-py3-none-any.whl (153 kB)
2023-11-09T17:10:48.3809638Z    ━━━━━━━━━━━━━━━━━━━━━━━━━━━━━━━━━━━━━━━━ 153.8/153.8 kB 7.4 MB/s eta 0:00:00
2023-11-09T17:10:48.3900975Z Downloading cachetools-5.3.2-py3-none-any.whl (9.3 kB)
2023-11-09T17:10:48.4018856Z Downloading chardet-5.2.0-py3-none-any.whl (199 kB)
2023-11-09T17:10:48.4258093Z    ━━━━━━━━━━━━━━━━━━━━━━━━━━━━━━━━━━━━━━━━ 199.4/199.4 kB 8.9 MB/s eta 0:00:00
2023-11-09T17:10:48.4340965Z Downloading filelock-3.13.1-py3-none-any.whl (11 kB)
2023-11-09T17:10:48.4456603Z Downloading packaging-23.2-py3-none-any.whl (53 kB)
2023-11-09T17:10:48.4537973Z    ━━━━━━━━━━━━━━━━━━━━━━━━━━━━━━━━━━━━━━━━ 53.0/53.0 kB 7.7 MB/s eta 0:00:00
2023-11-09T17:10:48.4621720Z Downloading platformdirs-3.11.0-py3-none-any.whl (17 kB)
2023-11-09T17:10:48.4726776Z Downloading pluggy-1.3.0-py3-none-any.whl (18 kB)
2023-11-09T17:10:48.4830725Z Downloading pyproject_api-1.6.1-py3-none-any.whl (12 kB)
2023-11-09T17:10:48.4937873Z Downloading virtualenv-20.24.6-py3-none-any.whl (3.8 MB)
2023-11-09T17:10:48.6750190Z    ━━━━━━━━━━━━━━━━━━━━━━━━━━━━━━━━━━━━━━━━ 3.8/3.8 MB 21.1 MB/s eta 0:00:00
2023-11-09T17:10:48.6838530Z Downloading distlib-0.3.7-py2.py3-none-any.whl (468 kB)
2023-11-09T17:10:48.6984768Z    ━━━━━━━━━━━━━━━━━━━━━━━━━━━━━━━━━━━━━━━━ 468.9/468.9 kB 38.6 MB/s eta 0:00:00
2023-11-09T17:10:48.8634906Z Installing collected packages: distlib, tomli, pluggy, platformdirs, packaging, filelock, colorama, chardet, cachetools, virtualenv, pyproject-api, tox
2023-11-09T17:10:49.5037199Z Successfully installed cachetools-5.3.2 chardet-5.2.0 colorama-0.4.6 distlib-0.3.7 filelock-3.13.1 packaging-23.2 platformdirs-3.11.0 pluggy-1.3.0 pyproject-api-1.6.1 tomli-2.0.1 tox-4.11.3 virtualenv-20.24.6
2023-11-09T17:10:49.6405174Z ##[group]Run tox -e lint
2023-11-09T17:10:49.6405527Z [36;1mtox -e lint[0m
2023-11-09T17:10:49.6442516Z shell: /usr/bin/bash -e {0}
2023-11-09T17:10:49.6442877Z env:
2023-11-09T17:10:49.6443252Z   pythonLocation: /opt/hostedtoolcache/Python/3.8.18/x64
2023-11-09T17:10:49.6443941Z   PKG_CONFIG_PATH: /opt/hostedtoolcache/Python/3.8.18/x64/lib/pkgconfig
2023-11-09T17:10:49.6444622Z   Python_ROOT_DIR: /opt/hostedtoolcache/Python/3.8.18/x64
2023-11-09T17:10:49.6445217Z   Python2_ROOT_DIR: /opt/hostedtoolcache/Python/3.8.18/x64
2023-11-09T17:10:49.6445809Z   Python3_ROOT_DIR: /opt/hostedtoolcache/Python/3.8.18/x64
2023-11-09T17:10:49.6446413Z   LD_LIBRARY_PATH: /opt/hostedtoolcache/Python/3.8.18/x64/lib
2023-11-09T17:10:49.6446907Z ##[endgroup]
2023-11-09T17:10:50.3972146Z lint: install_deps> python -I -m pip install flake8 flake8-bugbear flake8-builtins flake8-unused-arguments
2023-11-09T17:10:52.5376906Z lint: freeze> python -m pip freeze --all
2023-11-09T17:10:52.9203271Z lint: attrs==23.1.0,flake8==6.1.0,flake8-bugbear==23.9.16,flake8-builtins==2.2.0,flake8-unused-arguments==0.0.13,mccabe==0.7.0,pip==23.3.1,pycodestyle==2.11.1,pyflakes==3.1.0,setuptools==68.2.2,wheel==0.41.2
2023-11-09T17:10:52.9210108Z lint: commands[0]> flake8 --config=tox.ini src test
2023-11-09T17:10:53.7875385Z   lint: OK (3.68=setup[2.82]+cmd[0.86] seconds)
2023-11-09T17:10:53.7876237Z   congratulations :) (3.90 seconds)
2023-11-09T17:10:53.8245251Z Post job cleanup.
2023-11-09T17:10:53.9961002Z Post job cleanup.
2023-11-09T17:10:54.1191707Z [command]/usr/bin/git version
2023-11-09T17:10:54.1261351Z git version 2.42.0
2023-11-09T17:10:54.1307841Z Temporarily overriding HOME='/home/runner/work/_temp/80856442-39af-4808-b2e4-6e65ce4a5154' before making global git config changes
2023-11-09T17:10:54.1309475Z Adding repository directory to the temporary git global config as a safe directory
2023-11-09T17:10:54.1312854Z [command]/usr/bin/git config --global --add safe.directory /home/runner/work/tinuous/tinuous
2023-11-09T17:10:54.1354131Z [command]/usr/bin/git config --local --name-only --get-regexp core\.sshCommand
2023-11-09T17:10:54.1391298Z [command]/usr/bin/git submodule foreach --recursive sh -c "git config --local --name-only --get-regexp 'core\.sshCommand' && git config --local --unset-all 'core.sshCommand' || :"
2023-11-09T17:10:54.1674604Z [command]/usr/bin/git config --local --name-only --get-regexp http\.https\:\/\/github\.com\/\.extraheader
2023-11-09T17:10:54.1698956Z http.https://github.com/.extraheader
2023-11-09T17:10:54.1714772Z [command]/usr/bin/git config --local --unset-all http.https://github.com/.extraheader
2023-11-09T17:10:54.1915923Z [command]/usr/bin/git submodule foreach --recursive sh -c "git config --local --name-only --get-regexp 'http\.https\:\/\/github\.com\/\.extraheader' && git config --local --unset-all 'http.https://github.com/.extraheader' || :"
2023-11-09T17:10:54.2395873Z Cleaning up orphan processes
