2025-12-03T01:52:24.0034354Z ##[group]Run codecov/codecov-action@v5
2025-12-03T01:52:24.0034637Z with:
2025-12-03T01:52:24.0034841Z   fail_ci_if_error: false
2025-12-03T01:52:24.0035347Z   token: ***
2025-12-03T01:52:24.0035515Z   name: 3.11
2025-12-03T01:52:24.0035708Z   disable_file_fixes: false
2025-12-03T01:52:24.0035923Z   disable_search: false
2025-12-03T01:52:24.0036119Z   disable_safe_directory: false
2025-12-03T01:52:24.0036337Z   disable_telem: false
2025-12-03T01:52:24.0036673Z   dry_run: false
2025-12-03T01:52:24.0036857Z   git_service: github
2025-12-03T01:52:24.0037049Z   gcov_executable: gcov
2025-12-03T01:52:24.0037242Z   handle_no_reports_found: false
2025-12-03T01:52:24.0037473Z   recurse_submodules: false
2025-12-03T01:52:24.0037678Z   run_command: upload-coverage
2025-12-03T01:52:24.0037896Z   skip_validation: false
2025-12-03T01:52:24.0038104Z   use_legacy_upload_endpoint: false
2025-12-03T01:52:24.0038317Z   use_oidc: false
2025-12-03T01:52:24.0038492Z   use_pypi: false
2025-12-03T01:52:24.0038656Z   verbose: false
2025-12-03T01:52:24.0038869Z   version: latest
2025-12-03T01:52:24.0039035Z env:
2025-12-03T01:52:24.0039267Z   pythonLocation: /opt/hostedtoolcache/Python/3.11.14/x64
2025-12-03T01:52:24.0039645Z   PKG_CONFIG_PATH: /opt/hostedtoolcache/Python/3.11.14/x64/lib/pkgconfig
2025-12-03T01:52:24.0040062Z   Python_ROOT_DIR: /opt/hostedtoolcache/Python/3.11.14/x64
2025-12-03T01:52:24.0040386Z   Python2_ROOT_DIR: /opt/hostedtoolcache/Python/3.11.14/x64
2025-12-03T01:52:24.0040720Z   Python3_ROOT_DIR: /opt/hostedtoolcache/Python/3.11.14/x64
2025-12-03T01:52:24.0041051Z   LD_LIBRARY_PATH: /opt/hostedtoolcache/Python/3.11.14/x64/lib
2025-12-03T01:52:24.0041322Z ##[endgroup]
2025-12-03T01:52:24.0232552Z ##[group]Run missing_deps=""
2025-12-03T01:52:24.0232868Z [36;1mmissing_deps=""[0m
2025-12-03T01:52:24.0233231Z [36;1m[0m
2025-12-03T01:52:24.0233435Z [36;1m# Check for required commands[0m
2025-12-03T01:52:24.0233741Z [36;1mfor cmd in bash git curl gpg; do[0m
2025-12-03T01:52:24.0234072Z [36;1m  if ! command -v "$cmd" >/dev/null 2>&1; then[0m
2025-12-03T01:52:24.0234442Z [36;1m    missing_deps="$missing_deps $cmd"[0m
2025-12-03T01:52:24.0234733Z [36;1m  fi[0m
2025-12-03T01:52:24.0234913Z [36;1mdone[0m
2025-12-03T01:52:24.0235094Z [36;1m[0m
2025-12-03T01:52:24.0235301Z [36;1m# Report missing required dependencies[0m
2025-12-03T01:52:24.0235626Z [36;1mif [ -n "$missing_deps" ]; then[0m
2025-12-03T01:52:24.0236083Z [36;1m  echo "Error: The following required dependencies are missing:$missing_deps"[0m
2025-12-03T01:52:24.0236657Z [36;1m  echo "Please install these dependencies before using this action."[0m
2025-12-03T01:52:24.0237047Z [36;1m  exit 1[0m
2025-12-03T01:52:24.0237236Z [36;1mfi[0m
2025-12-03T01:52:24.0237403Z [36;1m[0m
2025-12-03T01:52:24.0237670Z [36;1mecho "All required system dependencies are available."[0m
2025-12-03T01:52:24.0361377Z shell: /usr/bin/sh -e {0}
2025-12-03T01:52:24.0361617Z env:
2025-12-03T01:52:24.0361858Z   pythonLocation: /opt/hostedtoolcache/Python/3.11.14/x64
2025-12-03T01:52:24.0362267Z   PKG_CONFIG_PATH: /opt/hostedtoolcache/Python/3.11.14/x64/lib/pkgconfig
2025-12-03T01:52:24.0362632Z   Python_ROOT_DIR: /opt/hostedtoolcache/Python/3.11.14/x64
2025-12-03T01:52:24.0363115Z   Python2_ROOT_DIR: /opt/hostedtoolcache/Python/3.11.14/x64
2025-12-03T01:52:24.0363444Z   Python3_ROOT_DIR: /opt/hostedtoolcache/Python/3.11.14/x64
2025-12-03T01:52:24.0363770Z   LD_LIBRARY_PATH: /opt/hostedtoolcache/Python/3.11.14/x64/lib
2025-12-03T01:52:24.0364066Z ##[endgroup]
2025-12-03T01:52:24.0411867Z All required system dependencies are available.
2025-12-03T01:52:24.0439305Z ##[group]Run CC_ACTION_VERSION=$(cat ${GITHUB_ACTION_PATH}/src/version)
2025-12-03T01:52:24.0439735Z [36;1mCC_ACTION_VERSION=$(cat ${GITHUB_ACTION_PATH}/src/version)[0m
2025-12-03T01:52:24.0440114Z [36;1mecho -e "\033[0;32m==>\033[0m Running Action version $CC_ACTION_VERSION"[0m
2025-12-03T01:52:24.0458717Z shell: /usr/bin/bash --noprofile --norc -e -o pipefail {0}
2025-12-03T01:52:24.0459021Z env:
2025-12-03T01:52:24.0459421Z   pythonLocation: /opt/hostedtoolcache/Python/3.11.14/x64
2025-12-03T01:52:24.0459895Z   PKG_CONFIG_PATH: /opt/hostedtoolcache/Python/3.11.14/x64/lib/pkgconfig
2025-12-03T01:52:24.0460287Z   Python_ROOT_DIR: /opt/hostedtoolcache/Python/3.11.14/x64
2025-12-03T01:52:24.0460617Z   Python2_ROOT_DIR: /opt/hostedtoolcache/Python/3.11.14/x64
2025-12-03T01:52:24.0460938Z   Python3_ROOT_DIR: /opt/hostedtoolcache/Python/3.11.14/x64
2025-12-03T01:52:24.0461372Z   LD_LIBRARY_PATH: /opt/hostedtoolcache/Python/3.11.14/x64/lib
2025-12-03T01:52:24.0461654Z ##[endgroup]
2025-12-03T01:52:24.0510072Z [0;32m==>[0m Running Action version 5.5.1
2025-12-03T01:52:24.0549226Z ##[group]Run git config --global --add safe.directory "/home/runner/work/tinuous/tinuous"
2025-12-03T01:52:24.0549754Z [36;1mgit config --global --add safe.directory "/home/runner/work/tinuous/tinuous"[0m
2025-12-03T01:52:24.0550184Z [36;1mgit config --global --add safe.directory "$GITHUB_WORKSPACE"[0m
2025-12-03T01:52:24.0568615Z shell: /usr/bin/bash --noprofile --norc -e -o pipefail {0}
2025-12-03T01:52:24.0568928Z env:
2025-12-03T01:52:24.0569172Z   pythonLocation: /opt/hostedtoolcache/Python/3.11.14/x64
2025-12-03T01:52:24.0569541Z   PKG_CONFIG_PATH: /opt/hostedtoolcache/Python/3.11.14/x64/lib/pkgconfig
2025-12-03T01:52:24.0569913Z   Python_ROOT_DIR: /opt/hostedtoolcache/Python/3.11.14/x64
2025-12-03T01:52:24.0570254Z   Python2_ROOT_DIR: /opt/hostedtoolcache/Python/3.11.14/x64
2025-12-03T01:52:24.0570619Z   Python3_ROOT_DIR: /opt/hostedtoolcache/Python/3.11.14/x64
2025-12-03T01:52:24.0570948Z   LD_LIBRARY_PATH: /opt/hostedtoolcache/Python/3.11.14/x64/lib
2025-12-03T01:52:24.0571234Z ##[endgroup]
2025-12-03T01:52:24.0654684Z ##[group]Run CC_FORK="false"
2025-12-03T01:52:24.0654961Z [36;1mCC_FORK="false"[0m
2025-12-03T01:52:24.0655415Z [36;1mif [ -n "$GITHUB_EVENT_PULL_REQUEST_HEAD_REPO_FULL_NAME" ] && [ "$GITHUB_EVENT_PULL_REQUEST_HEAD_REPO_FULL_NAME" != "$GITHUB_REPOSITORY" ];[0m
2025-12-03T01:52:24.0655892Z [36;1mthen[0m
2025-12-03T01:52:24.0656116Z [36;1m  echo -e "\033[0;32m==>\033[0m Fork detected"[0m
2025-12-03T01:52:24.0656367Z [36;1m  CC_FORK="true"[0m
2025-12-03T01:52:24.0656554Z [36;1mfi[0m
2025-12-03T01:52:24.0656743Z [36;1mecho "CC_FORK=$CC_FORK" >> "$GITHUB_ENV"[0m
2025-12-03T01:52:24.0673908Z shell: /usr/bin/bash --noprofile --norc -e -o pipefail {0}
2025-12-03T01:52:24.0674196Z env:
2025-12-03T01:52:24.0674433Z   pythonLocation: /opt/hostedtoolcache/Python/3.11.14/x64
2025-12-03T01:52:24.0674816Z   PKG_CONFIG_PATH: /opt/hostedtoolcache/Python/3.11.14/x64/lib/pkgconfig
2025-12-03T01:52:24.0675182Z   Python_ROOT_DIR: /opt/hostedtoolcache/Python/3.11.14/x64
2025-12-03T01:52:24.0675504Z   Python2_ROOT_DIR: /opt/hostedtoolcache/Python/3.11.14/x64
2025-12-03T01:52:24.0675819Z   Python3_ROOT_DIR: /opt/hostedtoolcache/Python/3.11.14/x64
2025-12-03T01:52:24.0676145Z   LD_LIBRARY_PATH: /opt/hostedtoolcache/Python/3.11.14/x64/lib
2025-12-03T01:52:24.0676532Z   GITHUB_EVENT_PULL_REQUEST_HEAD_LABEL: con:copilot/fix-workflow-overlap-issue
2025-12-03T01:52:24.0676927Z   GITHUB_EVENT_PULL_REQUEST_HEAD_REPO_FULL_NAME: con/tinuous
2025-12-03T01:52:24.0677217Z   GITHUB_REPOSITORY: con/tinuous
2025-12-03T01:52:24.0677430Z ##[endgroup]
2025-12-03T01:52:24.0764111Z ##[group]Run actions/github-script@60a0d83039c74a4aee543508d2ffcb1c3799cdea
2025-12-03T01:52:24.0764459Z with:
2025-12-03T01:52:24.0764947Z   script: if (process.env.CC_USE_OIDC === 'true' && process.env.CC_FORK != 'true') {
  const id_token = await core.getIDToken(process.env.CC_OIDC_AUDIENCE)
  return id_token
}

2025-12-03T01:52:24.0765646Z   github-token: ***
2025-12-03T01:52:24.0765835Z   debug: false
2025-12-03T01:52:24.0766031Z   user-agent: actions/github-script
2025-12-03T01:52:24.0766259Z   result-encoding: json
2025-12-03T01:52:24.0766448Z   retries: 0
2025-12-03T01:52:24.0766646Z   retry-exempt-status-codes: 400,401,403,404,422
2025-12-03T01:52:24.0766892Z env:
2025-12-03T01:52:24.0767116Z   pythonLocation: /opt/hostedtoolcache/Python/3.11.14/x64
2025-12-03T01:52:24.0767622Z   PKG_CONFIG_PATH: /opt/hostedtoolcache/Python/3.11.14/x64/lib/pkgconfig
2025-12-03T01:52:24.0767987Z   Python_ROOT_DIR: /opt/hostedtoolcache/Python/3.11.14/x64
2025-12-03T01:52:24.0768322Z   Python2_ROOT_DIR: /opt/hostedtoolcache/Python/3.11.14/x64
2025-12-03T01:52:24.0768635Z   Python3_ROOT_DIR: /opt/hostedtoolcache/Python/3.11.14/x64
2025-12-03T01:52:24.0768970Z   LD_LIBRARY_PATH: /opt/hostedtoolcache/Python/3.11.14/x64/lib
2025-12-03T01:52:24.0769324Z   CC_FORK: false
2025-12-03T01:52:24.0769529Z   CC_OIDC_AUDIENCE: https://codecov.io
2025-12-03T01:52:24.0769761Z   CC_USE_OIDC: false
2025-12-03T01:52:24.0769935Z ##[endgroup]
2025-12-03T01:52:24.1659243Z ##[group]Run if [ "false" == 'true' ] && [ "$CC_FORK" != 'true' ];
2025-12-03T01:52:24.1659653Z [36;1mif [ "false" == 'true' ] && [ "$CC_FORK" != 'true' ];[0m
2025-12-03T01:52:24.1659911Z [36;1mthen[0m
2025-12-03T01:52:24.1660129Z [36;1m  echo "CC_TOKEN=$CC_OIDC_TOKEN" >> "$GITHUB_ENV"[0m
2025-12-03T01:52:24.1660403Z [36;1melif [ -n "" ];[0m
2025-12-03T01:52:24.1660602Z [36;1mthen[0m
2025-12-03T01:52:24.1660821Z [36;1m  echo -e "\033[0;32m==>\033[0m Token set from env"[0m
2025-12-03T01:52:24.1661094Z [36;1m    echo "CC_TOKEN=" >> "$GITHUB_ENV"[0m
2025-12-03T01:52:24.1661335Z [36;1melse[0m
2025-12-03T01:52:24.1661662Z [36;1m  if [ -n "***" ];[0m
2025-12-03T01:52:24.1661856Z [36;1m  then[0m
2025-12-03T01:52:24.1662084Z [36;1m    echo -e "\033[0;32m==>\033[0m Token set from input"[0m
2025-12-03T01:52:24.1662466Z [36;1m    CC_TOKEN=$(echo "***" | tr -d '\n')[0m
2025-12-03T01:52:24.1662736Z [36;1m    echo "CC_TOKEN=$CC_TOKEN" >> "$GITHUB_ENV"[0m
2025-12-03T01:52:24.1663180Z [36;1m  fi[0m
2025-12-03T01:52:24.1663350Z [36;1mfi[0m
2025-12-03T01:52:24.1682485Z shell: /usr/bin/bash --noprofile --norc -e -o pipefail {0}
2025-12-03T01:52:24.1682780Z env:
2025-12-03T01:52:24.1683112Z   pythonLocation: /opt/hostedtoolcache/Python/3.11.14/x64
2025-12-03T01:52:24.1683496Z   PKG_CONFIG_PATH: /opt/hostedtoolcache/Python/3.11.14/x64/lib/pkgconfig
2025-12-03T01:52:24.1683873Z   Python_ROOT_DIR: /opt/hostedtoolcache/Python/3.11.14/x64
2025-12-03T01:52:24.1684215Z   Python2_ROOT_DIR: /opt/hostedtoolcache/Python/3.11.14/x64
2025-12-03T01:52:24.1684557Z   Python3_ROOT_DIR: /opt/hostedtoolcache/Python/3.11.14/x64
2025-12-03T01:52:24.1684891Z   LD_LIBRARY_PATH: /opt/hostedtoolcache/Python/3.11.14/x64/lib
2025-12-03T01:52:24.1685174Z   CC_FORK: false
2025-12-03T01:52:24.1685348Z   CC_OIDC_TOKEN: 
2025-12-03T01:52:24.1685576Z   CC_OIDC_AUDIENCE: https://codecov.io
2025-12-03T01:52:24.1685813Z ##[endgroup]
2025-12-03T01:52:24.1725747Z [0;32m==>[0m Token set from input
2025-12-03T01:52:24.1764149Z ##[group]Run if [ -z "$CC_BRANCH" ] && [ -z "$CC_TOKEN" ] && [ "$CC_FORK" == 'true' ]
2025-12-03T01:52:24.1764630Z [36;1mif [ -z "$CC_BRANCH" ] && [ -z "$CC_TOKEN" ] && [ "$CC_FORK" == 'true' ][0m
2025-12-03T01:52:24.1764921Z [36;1mthen[0m
2025-12-03T01:52:24.1765268Z [36;1m  echo -e "\033[0;32m==>\033[0m Fork detected, setting branch to $GITHUB_EVENT_PULL_REQUEST_HEAD_LABEL"[0m
2025-12-03T01:52:24.1765735Z [36;1m  TOKENLESS="$GITHUB_EVENT_PULL_REQUEST_HEAD_LABEL"[0m
2025-12-03T01:52:24.1766057Z [36;1m  CC_BRANCH="$GITHUB_EVENT_PULL_REQUEST_HEAD_LABEL"[0m
2025-12-03T01:52:24.1766377Z [36;1m  echo "TOKENLESS=$TOKENLESS" >> "$GITHUB_ENV"[0m
2025-12-03T01:52:24.1766640Z [36;1mfi[0m
2025-12-03T01:52:24.1766801Z [36;1m[0m
2025-12-03T01:52:24.1767008Z [36;1mecho "CC_BRANCH=$CC_BRANCH" >> "$GITHUB_ENV"[0m
2025-12-03T01:52:24.1785769Z shell: /usr/bin/bash --noprofile --norc -e -o pipefail {0}
2025-12-03T01:52:24.1786073Z env:
2025-12-03T01:52:24.1786302Z   pythonLocation: /opt/hostedtoolcache/Python/3.11.14/x64
2025-12-03T01:52:24.1786680Z   PKG_CONFIG_PATH: /opt/hostedtoolcache/Python/3.11.14/x64/lib/pkgconfig
2025-12-03T01:52:24.1787056Z   Python_ROOT_DIR: /opt/hostedtoolcache/Python/3.11.14/x64
2025-12-03T01:52:24.1787381Z   Python2_ROOT_DIR: /opt/hostedtoolcache/Python/3.11.14/x64
2025-12-03T01:52:24.1787708Z   Python3_ROOT_DIR: /opt/hostedtoolcache/Python/3.11.14/x64
2025-12-03T01:52:24.1788187Z   LD_LIBRARY_PATH: /opt/hostedtoolcache/Python/3.11.14/x64/lib
2025-12-03T01:52:24.1788464Z   CC_FORK: false
2025-12-03T01:52:24.1788780Z   CC_TOKEN: ***
2025-12-03T01:52:24.1788953Z   CC_BRANCH: 
2025-12-03T01:52:24.1789245Z   GITHUB_EVENT_PULL_REQUEST_HEAD_LABEL: con:copilot/fix-workflow-overlap-issue
2025-12-03T01:52:24.1789655Z   GITHUB_EVENT_PULL_REQUEST_HEAD_REPO_FULL_NAME: con/tinuous
2025-12-03T01:52:24.1790029Z   GITHUB_REPOSITORY: con/tinuous
2025-12-03T01:52:24.1790244Z ##[endgroup]
2025-12-03T01:52:24.1854873Z ##[group]Run if [ -z "$CC_SHA" ];
2025-12-03T01:52:24.1855168Z [36;1mif [ -z "$CC_SHA" ];[0m
2025-12-03T01:52:24.1855362Z [36;1mthen[0m
2025-12-03T01:52:24.1855579Z [36;1m  CC_SHA="$GITHUB_EVENT_PULL_REQUEST_HEAD_SHA"[0m
2025-12-03T01:52:24.1855827Z [36;1mfi[0m
2025-12-03T01:52:24.1856047Z [36;1mif [ -z "$CC_PR" ] && [ "$CC_FORK" == 'true' ];[0m
2025-12-03T01:52:24.1856304Z [36;1mthen[0m
2025-12-03T01:52:24.1856487Z [36;1m  CC_PR="$GITHUB_EVENT_NUMBER"[0m
2025-12-03T01:52:24.1856744Z [36;1mfi[0m
2025-12-03T01:52:24.1856907Z [36;1m[0m
2025-12-03T01:52:24.1857090Z [36;1mecho "CC_SHA=$CC_SHA" >> "$GITHUB_ENV"[0m
2025-12-03T01:52:24.1857351Z [36;1mecho "CC_PR=$CC_PR" >> "$GITHUB_ENV"[0m
2025-12-03T01:52:24.1878714Z shell: /usr/bin/bash --noprofile --norc -e -o pipefail {0}
2025-12-03T01:52:24.1879022Z env:
2025-12-03T01:52:24.1879252Z   pythonLocation: /opt/hostedtoolcache/Python/3.11.14/x64
2025-12-03T01:52:24.1879645Z   PKG_CONFIG_PATH: /opt/hostedtoolcache/Python/3.11.14/x64/lib/pkgconfig
2025-12-03T01:52:24.1880003Z   Python_ROOT_DIR: /opt/hostedtoolcache/Python/3.11.14/x64
2025-12-03T01:52:24.1880328Z   Python2_ROOT_DIR: /opt/hostedtoolcache/Python/3.11.14/x64
2025-12-03T01:52:24.1880648Z   Python3_ROOT_DIR: /opt/hostedtoolcache/Python/3.11.14/x64
2025-12-03T01:52:24.1880969Z   LD_LIBRARY_PATH: /opt/hostedtoolcache/Python/3.11.14/x64/lib
2025-12-03T01:52:24.1881242Z   CC_FORK: false
2025-12-03T01:52:24.1881542Z   CC_TOKEN: ***
2025-12-03T01:52:24.1881718Z   CC_BRANCH: 
2025-12-03T01:52:24.1881889Z   CC_PR: 
2025-12-03T01:52:24.1882048Z   CC_SHA: 
2025-12-03T01:52:24.1882220Z   GITHUB_EVENT_NAME: pull_request
2025-12-03T01:52:24.1882446Z   GITHUB_EVENT_NUMBER: 221
2025-12-03T01:52:24.1882748Z   GITHUB_EVENT_PULL_REQUEST_HEAD_SHA: c18690ec8007c8c2f21048856938ce9f1a144711
2025-12-03T01:52:24.1883277Z ##[endgroup]
2025-12-03T01:52:24.1948471Z ##[group]Run ${GITHUB_ACTION_PATH}/dist/codecov.sh
2025-12-03T01:52:24.1948830Z [36;1m${GITHUB_ACTION_PATH}/dist/codecov.sh[0m
2025-12-03T01:52:24.1966872Z shell: /usr/bin/bash --noprofile --norc -e -o pipefail {0}
2025-12-03T01:52:24.1967168Z env:
2025-12-03T01:52:24.1967401Z   pythonLocation: /opt/hostedtoolcache/Python/3.11.14/x64
2025-12-03T01:52:24.1967785Z   PKG_CONFIG_PATH: /opt/hostedtoolcache/Python/3.11.14/x64/lib/pkgconfig
2025-12-03T01:52:24.1968160Z   Python_ROOT_DIR: /opt/hostedtoolcache/Python/3.11.14/x64
2025-12-03T01:52:24.1968483Z   Python2_ROOT_DIR: /opt/hostedtoolcache/Python/3.11.14/x64
2025-12-03T01:52:24.1968831Z   Python3_ROOT_DIR: /opt/hostedtoolcache/Python/3.11.14/x64
2025-12-03T01:52:24.1969166Z   LD_LIBRARY_PATH: /opt/hostedtoolcache/Python/3.11.14/x64/lib
2025-12-03T01:52:24.1969433Z   CC_FORK: false
2025-12-03T01:52:24.1969753Z   CC_TOKEN: ***
2025-12-03T01:52:24.1969936Z   CC_BRANCH: 
2025-12-03T01:52:24.1970132Z   CC_SHA: c18690ec8007c8c2f21048856938ce9f1a144711
2025-12-03T01:52:24.1970375Z   CC_PR: 
2025-12-03T01:52:24.1970546Z   CC_BASE_SHA: 
2025-12-03T01:52:24.1970720Z   CC_BINARY: 
2025-12-03T01:52:24.1970886Z   CC_BUILD: 
2025-12-03T01:52:24.1971044Z   CC_BUILD_URL: 
2025-12-03T01:52:24.1971224Z   CC_CODE: 
2025-12-03T01:52:24.1971374Z   CC_DIR: 
2025-12-03T01:52:24.1971544Z   CC_DISABLE_FILE_FIXES: false
2025-12-03T01:52:24.1971755Z   CC_DISABLE_SEARCH: false
2025-12-03T01:52:24.1971952Z   CC_DISABLE_TELEM: false
2025-12-03T01:52:24.1972146Z   CC_DRY_RUN: false
2025-12-03T01:52:24.1972329Z   CC_ENTERPRISE_URL: 
2025-12-03T01:52:24.1972515Z   CC_ENV: 
2025-12-03T01:52:24.1972813Z   CC_EXCLUDES: 
2025-12-03T01:52:24.1973213Z   CC_FAIL_ON_ERROR: false
2025-12-03T01:52:24.1973500Z   CC_FILES: 
2025-12-03T01:52:24.1973711Z   CC_FLAGS: 
2025-12-03T01:52:24.1973869Z   CC_FORCE: 
2025-12-03T01:52:24.1974026Z   CC_GCOV_ARGS: 
2025-12-03T01:52:24.1974197Z   CC_GCOV_EXECUTABLE: gcov
2025-12-03T01:52:24.1974393Z   CC_GCOV_IGNORE: 
2025-12-03T01:52:24.1974563Z   CC_GCOV_INCLUDE: 
2025-12-03T01:52:24.1974750Z   CC_GIT_SERVICE: github
2025-12-03T01:52:24.1975057Z   CC_HANDLE_NO_REPORTS_FOUND: false
2025-12-03T01:52:24.1975275Z   CC_JOB_CODE: 
2025-12-03T01:52:24.1975445Z   CC_LEGACY: false
2025-12-03T01:52:24.1975611Z   CC_NAME: 3.11
2025-12-03T01:52:24.1975780Z   CC_NETWORK_FILTER: 
2025-12-03T01:52:24.1975971Z   CC_NETWORK_PREFIX: 
2025-12-03T01:52:24.1976152Z   CC_NETWORK_ROOT_FOLDER: 
2025-12-03T01:52:24.1976347Z   CC_OS: 
2025-12-03T01:52:24.1976497Z   CC_PARENT_SHA: 
2025-12-03T01:52:24.1976676Z   CC_PLUGINS: 
2025-12-03T01:52:24.1976857Z   CC_RECURSE_SUBMODULES: false
2025-12-03T01:52:24.1977065Z   CC_REPORT_TYPE: 
2025-12-03T01:52:24.1977257Z   CC_RUN_CMD: upload-coverage
2025-12-03T01:52:24.1977468Z   CC_SERVICE: github
2025-12-03T01:52:24.1977654Z   CC_SKIP_VALIDATION: false
2025-12-03T01:52:24.1977850Z   CC_SLUG: 
2025-12-03T01:52:24.1978013Z   CC_SWIFT_PROJECT: 
2025-12-03T01:52:24.1978196Z   CC_USE_PYPI: false
2025-12-03T01:52:24.1978373Z   CC_VERBOSE: false
2025-12-03T01:52:24.1978541Z   CC_VERSION: latest
2025-12-03T01:52:24.1978722Z   CC_YML_PATH: 
2025-12-03T01:52:24.1978889Z ##[endgroup]
2025-12-03T01:52:24.2038174Z      _____          _
2025-12-03T01:52:24.2038563Z     / ____|        | |
2025-12-03T01:52:24.2038850Z    | |     ___   __| | ___  ___ _____   __
2025-12-03T01:52:24.2039077Z    | |    / _ \ / _` |/ _ \/ __/ _ \ \ / /
2025-12-03T01:52:24.2039314Z    | |___| (_) | (_| |  __/ (_| (_) \ V /
2025-12-03T01:52:24.2039530Z     \_____\___/ \__,_|\___|\___\___/ \_/
2025-12-03T01:52:24.2039987Z                            [0;31m Wrapper-0.2.7[0m
2025-12-03T01:52:24.2040256Z                            
2025-12-03T01:52:24.2087006Z [0;32m==>[0m Detected [0;36mlinux[0m
2025-12-03T01:52:24.2087886Z [0;32m ->[0m Downloading [0;36mhttps://cli.codecov.io/latest/linux/codecov[0m
2025-12-03T01:52:24.2146976Z   % Total    % Received % Xferd  Average Speed   Time    Time     Time  Current
2025-12-03T01:52:24.2147453Z                                  Dload  Upload   Total   Spent    Left  Speed
2025-12-03T01:52:24.2147716Z 
2025-12-03T01:52:24.3561764Z   0     0    0     0    0     0      0      0 --:--:-- --:--:-- --:--:--     0
2025-12-03T01:52:24.3562339Z 100 10.6M  100 10.6M    0     0  75.2M      0 --:--:-- --:--:-- --:--:-- 75.5M
2025-12-03T01:52:24.3582712Z [0;32m==>[0m Finishing downloading [0;36mlinux:latest[0m
2025-12-03T01:52:24.4009017Z       Version: [0;36mv11.2.5[0m
2025-12-03T01:52:24.4009487Z  
2025-12-03T01:52:24.4499605Z gpg: directory '/home/runner/.gnupg' created
2025-12-03T01:52:24.4556591Z gpg: keybox '/home/runner/.gnupg/pubring.kbx' created
2025-12-03T01:52:24.5662626Z gpg: /home/runner/.gnupg/trustdb.gpg: trustdb created
2025-12-03T01:52:24.5664040Z gpg: key 806BB28AED779869: public key "Codecov Uploader (Codecov Uploader Verification Key) <security@codecov.io>" imported
2025-12-03T01:52:24.6021665Z gpg: Total number processed: 1
2025-12-03T01:52:24.6022216Z gpg:               imported: 1
2025-12-03T01:52:24.6027069Z [0;32m==>[0m Verifying GPG signature integrity
2025-12-03T01:52:24.6028019Z [0;32m ->[0m Downloading [0;36mhttps://cli.codecov.io/latest/linux/codecov.SHA256SUM[0m
2025-12-03T01:52:24.6029058Z [0;32m ->[0m Downloading [0;36mhttps://cli.codecov.io/latest/linux/codecov.SHA256SUM.sig[0m
2025-12-03T01:52:24.6029664Z  
2025-12-03T01:52:24.6925270Z gpg: Signature made Mon Nov 10 14:58:43 2025 UTC
2025-12-03T01:52:24.6925984Z gpg:                using RSA key 27034E7FDB850E0BBC2C62FF806BB28AED779869
2025-12-03T01:52:24.6928301Z gpg: Good signature from "Codecov Uploader (Codecov Uploader Verification Key) <security@codecov.io>" [unknown]
2025-12-03T01:52:24.6929841Z gpg: WARNING: This key is not certified with a trusted signature!
2025-12-03T01:52:24.6930581Z gpg:          There is no indication that the signature belongs to the owner.
2025-12-03T01:52:24.6931356Z Primary key fingerprint: 2703 4E7F DB85 0E0B BC2C  62FF 806B B28A ED77 9869
2025-12-03T01:52:24.7726871Z codecov: OK
2025-12-03T01:52:24.7734534Z [0;32m==>[0m CLI integrity verified
2025-12-03T01:52:24.7734909Z 
2025-12-03T01:52:24.8297476Z [0;32m ->[0m Token length: 36
2025-12-03T01:52:24.8297956Z [0;32m==>[0m Running upload-coverage
2025-12-03T01:52:24.8306378Z       [0;36m./codecov  upload-coverage -t <redacted> --git-service github --sha c18690ec8007c8c2f21048856938ce9f1a144711 --gcov-executable gcov --name 3.11[0m
2025-12-03T01:52:25.1609514Z info - 2025-12-03 01:52:25,160 -- ci service found: github-actions
2025-12-03T01:52:25.1988367Z warning - 2025-12-03 01:52:25,198 -- xcrun is not installed or can't be found.
2025-12-03T01:52:25.2539441Z warning - 2025-12-03 01:52:25,253 -- No gcov data found.
2025-12-03T01:52:25.2543722Z warning - 2025-12-03 01:52:25,254 -- coverage.py is not installed or can't be found.
2025-12-03T01:52:25.2692485Z info - 2025-12-03 01:52:25,268 -- Found 1 coverage files to report
2025-12-03T01:52:25.2693410Z info - 2025-12-03 01:52:25,269 -- > /home/runner/work/tinuous/tinuous/coverage.xml
2025-12-03T01:52:25.8473407Z info - 2025-12-03 01:52:25,846 -- Your upload is now processing. When finished, results will be available at: https://app.codecov.io/github/con/tinuous/commit/c18690ec8007c8c2f21048856938ce9f1a144711
2025-12-03T01:52:25.9718040Z info - 2025-12-03 01:52:25,971 -- Process Upload complete
