2021-02-03T14:51:13.8533366Z ##[section]Starting: Request a runner to run this job
2021-02-03T14:51:14.8273718Z Can't find any online and idle self-hosted runner in current repository that matches the required labels: 'ubuntu-latest'
2021-02-03T14:51:14.8273822Z Can't find any online and idle self-hosted runner in current repository's account/organization that matches the required labels: 'ubuntu-latest'
2021-02-03T14:51:14.8274193Z Found online and idle hosted runner in current repository's account/organization that matches the required labels: 'ubuntu-latest'
2021-02-03T14:51:15.0250617Z ##[section]Finishing: Request a runner to run this job
2021-02-03T14:51:24.4749639Z Current runner version: '2.276.1'
2021-02-03T14:51:24.4773930Z ##[group]Operating System
2021-02-03T14:51:24.4774772Z Ubuntu
2021-02-03T14:51:24.4775245Z 20.04.2
2021-02-03T14:51:24.4775723Z LTS
2021-02-03T14:51:24.4776152Z ##[endgroup]
2021-02-03T14:51:24.4776705Z ##[group]Virtual Environment
2021-02-03T14:51:24.4777304Z Environment: ubuntu-20.04
2021-02-03T14:51:24.4777866Z Version: 20210131.1
2021-02-03T14:51:24.4778791Z Included Software: https://github.com/actions/virtual-environments/blob/ubuntu20/20210131.1/images/linux/Ubuntu2004-README.md
2021-02-03T14:51:24.4779749Z ##[endgroup]
2021-02-03T14:51:24.4782665Z Prepare workflow directory
2021-02-03T14:51:24.5424185Z Prepare all required actions
2021-02-03T14:51:24.5434145Z Getting action download info
2021-02-03T14:51:24.7601071Z Download action repository 'actions/checkout@v2'
2021-02-03T14:51:27.1367389Z Download action repository 'actions/setup-python@v2'
2021-02-03T14:51:27.4090427Z ##[group]Run actions/checkout@v2
2021-02-03T14:51:27.4091017Z with:
2021-02-03T14:51:27.4091602Z   repository: con/tinuous
2021-02-03T14:51:27.4092419Z   token: ***
2021-02-03T14:51:27.4092836Z   ssh-strict: true
2021-02-03T14:51:27.4093361Z   persist-credentials: true
2021-02-03T14:51:27.4093848Z   clean: true
2021-02-03T14:51:27.4094273Z   fetch-depth: 1
2021-02-03T14:51:27.4094678Z   lfs: false
2021-02-03T14:51:27.4095087Z   submodules: false
2021-02-03T14:51:27.4095534Z ##[endgroup]
2021-02-03T14:51:28.8845862Z Syncing repository: con/tinuous
2021-02-03T14:51:28.8986916Z ##[group]Getting Git version info
2021-02-03T14:51:28.8988055Z Working directory is '/home/runner/work/tinuous/tinuous'
2021-02-03T14:51:28.9055862Z [command]/usr/bin/git version
2021-02-03T14:51:29.0296964Z git version 2.30.0
2021-02-03T14:51:29.0319828Z ##[endgroup]
2021-02-03T14:51:29.0326828Z Deleting the contents of '/home/runner/work/tinuous/tinuous'
2021-02-03T14:51:29.0333976Z ##[group]Initializing the repository
2021-02-03T14:51:29.0338947Z [command]/usr/bin/git init /home/runner/work/tinuous/tinuous
2021-02-03T14:51:29.0563843Z hint: Using 'master' as the name for the initial branch. This default branch name
2021-02-03T14:51:29.0565133Z hint: is subject to change. To configure the initial branch name to use in all
2021-02-03T14:51:29.0566155Z hint: of your new repositories, which will suppress this warning, call:
2021-02-03T14:51:29.0566947Z hint: 
2021-02-03T14:51:29.0568517Z hint: 	git config --global init.defaultBranch <name>
2021-02-03T14:51:29.0569218Z hint: 
2021-02-03T14:51:29.0570213Z hint: Names commonly chosen instead of 'master' are 'main', 'trunk' and
2021-02-03T14:51:29.0571411Z hint: 'development'. The just-created branch can be renamed via this command:
2021-02-03T14:51:29.0572133Z hint: 
2021-02-03T14:51:29.0572774Z hint: 	git branch -m <name>
2021-02-03T14:51:29.0575889Z Initialized empty Git repository in /home/runner/work/tinuous/tinuous/.git/
2021-02-03T14:51:29.0587093Z [command]/usr/bin/git remote add origin https://github.com/con/tinuous
2021-02-03T14:51:29.0699683Z ##[endgroup]
2021-02-03T14:51:29.0700716Z ##[group]Disabling automatic garbage collection
2021-02-03T14:51:29.0704162Z [command]/usr/bin/git config --local gc.auto 0
2021-02-03T14:51:29.0786342Z ##[endgroup]
2021-02-03T14:51:29.0791061Z ##[group]Setting up auth
2021-02-03T14:51:29.0797549Z [command]/usr/bin/git config --local --name-only --get-regexp core\.sshCommand
2021-02-03T14:51:29.0829233Z [command]/usr/bin/git submodule foreach --recursive git config --local --name-only --get-regexp 'core\.sshCommand' && git config --local --unset-all 'core.sshCommand' || :
2021-02-03T14:51:29.2623710Z [command]/usr/bin/git config --local --name-only --get-regexp http\.https\:\/\/github\.com\/\.extraheader
2021-02-03T14:51:29.2657567Z [command]/usr/bin/git submodule foreach --recursive git config --local --name-only --get-regexp 'http\.https\:\/\/github\.com\/\.extraheader' && git config --local --unset-all 'http.https://github.com/.extraheader' || :
2021-02-03T14:51:29.2873172Z [command]/usr/bin/git config --local http.https://github.com/.extraheader AUTHORIZATION: basic ***
2021-02-03T14:51:29.2916190Z ##[endgroup]
2021-02-03T14:51:29.2917055Z ##[group]Fetching the repository
2021-02-03T14:51:29.2924315Z [command]/usr/bin/git -c protocol.version=2 fetch --no-tags --prune --progress --no-recurse-submodules --depth=1 origin +39dbfa340efdd21a7d194f6e9bee13c09f5fd2f2:refs/remotes/pull/8/merge
2021-02-03T14:51:29.5958372Z remote: Enumerating objects: 10, done.        
2021-02-03T14:51:29.5959937Z remote: Counting objects:  10% (1/10)        
2021-02-03T14:51:29.5961244Z remote: Counting objects:  20% (2/10)        
2021-02-03T14:51:29.5962389Z remote: Counting objects:  30% (3/10)        
2021-02-03T14:51:29.5963503Z remote: Counting objects:  40% (4/10)        
2021-02-03T14:51:29.5964543Z remote: Counting objects:  50% (5/10)        
2021-02-03T14:51:29.5965521Z remote: Counting objects:  60% (6/10)        
2021-02-03T14:51:29.5966887Z remote: Counting objects:  70% (7/10)        
2021-02-03T14:51:29.5967864Z remote: Counting objects:  80% (8/10)        
2021-02-03T14:51:29.5968963Z remote: Counting objects:  90% (9/10)        
2021-02-03T14:51:29.5969909Z remote: Counting objects: 100% (10/10)        
2021-02-03T14:51:29.5971031Z remote: Counting objects: 100% (10/10), done.        
2021-02-03T14:51:29.5972111Z remote: Compressing objects:  12% (1/8)        
2021-02-03T14:51:29.5976098Z remote: Compressing objects:  25% (2/8)        
2021-02-03T14:51:29.5976832Z remote: Compressing objects:  37% (3/8)        
2021-02-03T14:51:29.5977543Z remote: Compressing objects:  50% (4/8)        
2021-02-03T14:51:29.5978267Z remote: Compressing objects:  62% (5/8)        
2021-02-03T14:51:29.5978981Z remote: Compressing objects:  75% (6/8)        
2021-02-03T14:51:29.5979695Z remote: Compressing objects:  87% (7/8)        
2021-02-03T14:51:29.5980412Z remote: Compressing objects: 100% (8/8)        
2021-02-03T14:51:29.5981271Z remote: Compressing objects: 100% (8/8), done.        
2021-02-03T14:51:29.6196005Z remote: Total 10 (delta 0), reused 6 (delta 0), pack-reused 0        
2021-02-03T14:51:29.6571720Z From https://github.com/con/tinuous
2021-02-03T14:51:29.6573638Z  * [new ref]         39dbfa340efdd21a7d194f6e9bee13c09f5fd2f2 -> pull/8/merge
2021-02-03T14:51:29.6690288Z ##[endgroup]
2021-02-03T14:51:29.6691147Z ##[group]Determining the checkout info
2021-02-03T14:51:29.6691858Z ##[endgroup]
2021-02-03T14:51:29.6692476Z ##[group]Checking out the ref
2021-02-03T14:51:29.6693708Z [command]/usr/bin/git checkout --progress --force refs/remotes/pull/8/merge
2021-02-03T14:51:29.6802901Z Note: switching to 'refs/remotes/pull/8/merge'.
2021-02-03T14:51:29.6803303Z 
2021-02-03T14:51:29.6804435Z You are in 'detached HEAD' state. You can look around, make experimental
2021-02-03T14:51:29.6805193Z changes and commit them, and you can discard any commits you make in this
2021-02-03T14:51:29.6806594Z state without impacting any branches by switching back to a branch.
2021-02-03T14:51:29.6807009Z 
2021-02-03T14:51:29.6807479Z If you want to create a new branch to retain commits you create, you may
2021-02-03T14:51:29.6808337Z do so (now or later) by using -c with the switch command. Example:
2021-02-03T14:51:29.6808710Z 
2021-02-03T14:51:29.6809209Z   git switch -c <new-branch-name>
2021-02-03T14:51:29.6809525Z 
2021-02-03T14:51:29.6809863Z Or undo this operation with:
2021-02-03T14:51:29.6810144Z 
2021-02-03T14:51:29.6810549Z   git switch -
2021-02-03T14:51:29.6810765Z 
2021-02-03T14:51:29.6811328Z Turn off this advice by setting config variable advice.detachedHead to false
2021-02-03T14:51:29.6811796Z 
2021-02-03T14:51:29.6812556Z HEAD is now at 39dbfa3 Merge c65a70eaa7d1f447a7180036c84616d34efe8a71 into 0ffa2ae945119873913a727a6a29b6299b951bc4
2021-02-03T14:51:29.6814978Z ##[endgroup]
2021-02-03T14:51:29.6901300Z [command]/usr/bin/git log -1 --format='%H'
2021-02-03T14:51:29.6928187Z '39dbfa340efdd21a7d194f6e9bee13c09f5fd2f2'
2021-02-03T14:51:29.7092373Z ##[group]Run actions/setup-python@v2
2021-02-03T14:51:29.7092793Z with:
2021-02-03T14:51:29.7093160Z   python-version: 3.8
2021-02-03T14:51:29.7094016Z   token: ***
2021-02-03T14:51:29.7094353Z ##[endgroup]
2021-02-03T14:51:29.7602749Z Successfully setup CPython (3.8.7)
2021-02-03T14:51:29.7686294Z ##[group]Run python -m pip install --upgrade pip wheel
2021-02-03T14:51:29.7686922Z [36;1mpython -m pip install --upgrade pip wheel[0m
2021-02-03T14:51:29.7687515Z [36;1mpython -m pip install -r requirements.txt[0m
2021-02-03T14:51:29.7732033Z shell: /usr/bin/bash -e {0}
2021-02-03T14:51:29.7732379Z env:
2021-02-03T14:51:29.7732869Z   pythonLocation: /opt/hostedtoolcache/Python/3.8.7/x64
2021-02-03T14:51:29.7733560Z   LD_LIBRARY_PATH: /opt/hostedtoolcache/Python/3.8.7/x64/lib
2021-02-03T14:51:29.7734058Z ##[endgroup]
2021-02-03T14:51:33.3581527Z Requirement already satisfied: pip in /opt/hostedtoolcache/Python/3.8.7/x64/lib/python3.8/site-packages (21.0.1)
2021-02-03T14:51:33.7345452Z Collecting wheel
2021-02-03T14:51:33.7947728Z   Downloading wheel-0.36.2-py2.py3-none-any.whl (35 kB)
2021-02-03T14:51:33.8385262Z Installing collected packages: wheel
2021-02-03T14:51:33.8838731Z Successfully installed wheel-0.36.2
2021-02-03T14:51:34.6241405Z Collecting cfgv~=3.0
2021-02-03T14:51:34.6245494Z   Downloading cfgv-3.2.0-py2.py3-none-any.whl (7.3 kB)
2021-02-03T14:51:34.6264627Z Collecting click~=7.0
2021-02-03T14:51:34.6419015Z   Downloading click-7.1.2-py2.py3-none-any.whl (82 kB)
2021-02-03T14:51:34.6772997Z Collecting click-loglevel~=0.2
2021-02-03T14:51:34.6972632Z   Downloading click_loglevel-0.2.0-py3-none-any.whl (4.2 kB)
2021-02-03T14:51:34.7464558Z Collecting PyGithub~=1.53
2021-02-03T14:51:34.7614455Z   Downloading PyGithub-1.54.1-py3-none-any.whl (289 kB)
2021-02-03T14:51:34.8530136Z Collecting python-dateutil~=2.7
2021-02-03T14:51:34.8671794Z   Downloading python_dateutil-2.8.1-py2.py3-none-any.whl (227 kB)
2021-02-03T14:51:34.9781632Z Collecting PyYAML~=5.0
2021-02-03T14:51:34.9924300Z   Downloading PyYAML-5.4.1-cp38-cp38-manylinux1_x86_64.whl (662 kB)
2021-02-03T14:51:35.1623970Z Collecting requests~=2.20
2021-02-03T14:51:35.1766843Z   Downloading requests-2.25.1-py2.py3-none-any.whl (61 kB)
2021-02-03T14:51:35.2781464Z Collecting deprecated
2021-02-03T14:51:35.2921305Z   Downloading Deprecated-1.2.11-py2.py3-none-any.whl (9.1 kB)
2021-02-03T14:51:35.3691047Z Collecting pyjwt<2.0
2021-02-03T14:51:35.3947891Z   Downloading PyJWT-1.7.1-py2.py3-none-any.whl (18 kB)
2021-02-03T14:51:35.4558170Z Collecting six>=1.5
2021-02-03T14:51:35.4689608Z   Downloading six-1.15.0-py2.py3-none-any.whl (10 kB)
2021-02-03T14:51:35.5205561Z Collecting idna<3,>=2.5
2021-02-03T14:51:35.5345762Z   Downloading idna-2.10-py2.py3-none-any.whl (58 kB)
2021-02-03T14:51:35.5672451Z Collecting chardet<5,>=3.0.2
2021-02-03T14:51:35.5810226Z   Downloading chardet-4.0.0-py2.py3-none-any.whl (178 kB)
2021-02-03T14:51:35.6904643Z Collecting urllib3<1.27,>=1.21.1
2021-02-03T14:51:35.7059155Z   Downloading urllib3-1.26.3-py2.py3-none-any.whl (137 kB)
2021-02-03T14:51:35.7826108Z Collecting certifi>=2017.4.17
2021-02-03T14:51:35.7963238Z   Downloading certifi-2020.12.5-py2.py3-none-any.whl (147 kB)
2021-02-03T14:51:35.8936788Z Collecting wrapt<2,>=1.10
2021-02-03T14:51:35.9057382Z   Downloading wrapt-1.12.1.tar.gz (27 kB)
2021-02-03T14:51:37.4713954Z Building wheels for collected packages: wrapt
2021-02-03T14:51:37.4718730Z   Building wheel for wrapt (setup.py): started
2021-02-03T14:51:41.0088198Z   Building wheel for wrapt (setup.py): finished with status 'done'
2021-02-03T14:51:41.0099510Z   Created wheel for wrapt: filename=wrapt-1.12.1-cp38-cp38-linux_x86_64.whl size=81800 sha256=ea780458a37cf4bbfaeef81063cb0da3f33b23d1622647db0f581cc96ff2cd2c
2021-02-03T14:51:41.0101476Z   Stored in directory: /home/runner/.cache/pip/wheels/5f/fd/9e/b6cf5890494cb8ef0b5eaff72e5d55a70fb56316007d6dfe73
2021-02-03T14:51:41.0120018Z Successfully built wrapt
2021-02-03T14:51:41.0900523Z Installing collected packages: wrapt, urllib3, idna, chardet, certifi, six, requests, pyjwt, deprecated, click, PyYAML, python-dateutil, PyGithub, click-loglevel, cfgv
2021-02-03T14:51:41.8691692Z Successfully installed PyGithub-1.54.1 PyYAML-5.4.1 certifi-2020.12.5 cfgv-3.2.0 chardet-4.0.0 click-7.1.2 click-loglevel-0.2.0 deprecated-1.2.11 idna-2.10 pyjwt-1.7.1 python-dateutil-2.8.1 requests-2.25.1 six-1.15.0 urllib3-1.26.3 wrapt-1.12.1
2021-02-03T14:51:41.9452152Z ##[group]Run python tinuous --help
2021-02-03T14:51:41.9452690Z [36;1mpython tinuous --help[0m
2021-02-03T14:51:41.9493977Z shell: /usr/bin/bash -e {0}
2021-02-03T14:51:41.9494326Z env:
2021-02-03T14:51:41.9494845Z   pythonLocation: /opt/hostedtoolcache/Python/3.8.7/x64
2021-02-03T14:51:41.9495525Z   LD_LIBRARY_PATH: /opt/hostedtoolcache/Python/3.8.7/x64/lib
2021-02-03T14:51:41.9496028Z ##[endgroup]
2021-02-03T14:51:42.1452673Z Usage: tinuous [OPTIONS]
2021-02-03T14:51:42.1453031Z 
2021-02-03T14:51:42.1453368Z Options:
2021-02-03T14:51:42.1454584Z   -c, --config FILE               Read configuration from the given file
2021-02-03T14:51:42.1455260Z                                   [default: config.yml]
2021-02-03T14:51:42.1455594Z 
2021-02-03T14:51:42.1456337Z   -l, --log-level [NOTSET|DEBUG|INFO|WARNING|ERROR|CRITICAL]
2021-02-03T14:51:42.1457011Z                                   Set logging level [default: INFO]
2021-02-03T14:51:42.1457905Z   -S, --state FILE                Store program state in the given file
2021-02-03T14:51:42.1458570Z                                   [default: .dlstate.json]
2021-02-03T14:51:42.1458919Z 
2021-02-03T14:51:42.1459532Z   --help                          Show this message and exit.
2021-02-03T14:51:42.1724184Z Post job cleanup.
2021-02-03T14:51:42.2777979Z [command]/usr/bin/git version
2021-02-03T14:51:42.2830466Z git version 2.30.0
2021-02-03T14:51:42.2864411Z [command]/usr/bin/git config --local --name-only --get-regexp core\.sshCommand
2021-02-03T14:51:42.2906631Z [command]/usr/bin/git submodule foreach --recursive git config --local --name-only --get-regexp 'core\.sshCommand' && git config --local --unset-all 'core.sshCommand' || :
2021-02-03T14:51:42.3180464Z [command]/usr/bin/git config --local --name-only --get-regexp http\.https\:\/\/github\.com\/\.extraheader
2021-02-03T14:51:42.3212292Z http.https://github.com/.extraheader
2021-02-03T14:51:42.3221202Z [command]/usr/bin/git config --local --unset-all http.https://github.com/.extraheader
2021-02-03T14:51:42.3258642Z [command]/usr/bin/git submodule foreach --recursive git config --local --name-only --get-regexp 'http\.https\:\/\/github\.com\/\.extraheader' && git config --local --unset-all 'http.https://github.com/.extraheader' || :
2021-02-03T14:51:42.3545215Z Cleaning up orphan processes
