2021-04-27T20:14:35.6914708Z ##[section]Starting: Request a runner to run this job
2021-04-27T20:14:35.9233582Z Can't find any online and idle self-hosted runner in current repository that matches the required labels: 'ubuntu-latest'
2021-04-27T20:14:35.9233707Z Can't find any online and idle self-hosted runner in current repository's account/organization that matches the required labels: 'ubuntu-latest'
2021-04-27T20:14:35.9233925Z Found online and idle hosted runner in current repository's account/organization that matches the required labels: 'ubuntu-latest'
2021-04-27T20:14:36.0648991Z ##[section]Finishing: Request a runner to run this job
2021-04-27T20:14:45.5987010Z Current runner version: '2.278.0'
2021-04-27T20:14:45.6027473Z ##[group]Operating System
2021-04-27T20:14:45.6028637Z Ubuntu
2021-04-27T20:14:45.6029112Z 20.04.2
2021-04-27T20:14:45.6029591Z LTS
2021-04-27T20:14:45.6030060Z ##[endgroup]
2021-04-27T20:14:45.6030673Z ##[group]Virtual Environment
2021-04-27T20:14:45.6031353Z Environment: ubuntu-20.04
2021-04-27T20:14:45.6032025Z Version: 20210425.1
2021-04-27T20:14:45.6033061Z Included Software: https://github.com/actions/virtual-environments/blob/ubuntu20/20210425.1/images/linux/Ubuntu2004-README.md
2021-04-27T20:14:45.6036088Z Image Release: https://github.com/actions/virtual-environments/releases/tag/ubuntu20%2F20210425.1
2021-04-27T20:14:45.6037536Z ##[endgroup]
2021-04-27T20:14:45.6039873Z ##[group]GITHUB_TOKEN Permissions
2021-04-27T20:14:45.6042054Z Actions: write
2021-04-27T20:14:45.6042601Z Checks: write
2021-04-27T20:14:45.6046495Z Contents: write
2021-04-27T20:14:45.6047242Z Deployments: write
2021-04-27T20:14:45.6048026Z Issues: write
2021-04-27T20:14:45.6049462Z Metadata: read
2021-04-27T20:14:45.6050047Z Packages: write
2021-04-27T20:14:45.6050679Z PullRequests: write
2021-04-27T20:14:45.6051774Z RepositoryProjects: write
2021-04-27T20:14:45.6053202Z SecurityEvents: write
2021-04-27T20:14:45.6054223Z Statuses: write
2021-04-27T20:14:45.6056471Z ##[endgroup]
2021-04-27T20:14:45.6060380Z Prepare workflow directory
2021-04-27T20:14:45.6923517Z Prepare all required actions
2021-04-27T20:14:45.6936653Z Getting action download info
2021-04-27T20:14:46.0713304Z Download action repository 'actions/checkout@v2'
2021-04-27T20:14:47.9771202Z Download action repository 'actions/setup-python@v2'
2021-04-27T20:14:48.6705649Z ##[group]Run actions/checkout@v2
2021-04-27T20:14:48.6706330Z with:
2021-04-27T20:14:48.6706759Z   repository: con/tinuous
2021-04-27T20:14:48.6707670Z   token: ***
2021-04-27T20:14:48.6708083Z   ssh-strict: true
2021-04-27T20:14:48.6708610Z   persist-credentials: true
2021-04-27T20:14:48.6709096Z   clean: true
2021-04-27T20:14:48.6709504Z   fetch-depth: 1
2021-04-27T20:14:48.6709915Z   lfs: false
2021-04-27T20:14:48.6710322Z   submodules: false
2021-04-27T20:14:48.6710732Z ##[endgroup]
2021-04-27T20:14:48.8973181Z Syncing repository: con/tinuous
2021-04-27T20:14:48.8974249Z ##[group]Getting Git version info
2021-04-27T20:14:48.8975553Z Working directory is '/home/runner/work/tinuous/tinuous'
2021-04-27T20:14:48.9009364Z [command]/usr/bin/git version
2021-04-27T20:14:48.9167402Z git version 2.31.1
2021-04-27T20:14:48.9169043Z ##[endgroup]
2021-04-27T20:14:49.4211134Z Deleting the contents of '/home/runner/work/tinuous/tinuous'
2021-04-27T20:14:49.4213301Z ##[group]Initializing the repository
2021-04-27T20:14:49.4214216Z [command]/usr/bin/git init /home/runner/work/tinuous/tinuous
2021-04-27T20:14:49.4215482Z hint: Using 'master' as the name for the initial branch. This default branch name
2021-04-27T20:14:49.4216557Z hint: is subject to change. To configure the initial branch name to use in all
2021-04-27T20:14:49.4217547Z hint: of your new repositories, which will suppress this warning, call:
2021-04-27T20:14:49.4218331Z hint: 
2021-04-27T20:14:49.4219293Z hint: 	git config --global init.defaultBranch <name>
2021-04-27T20:14:49.4220028Z hint: 
2021-04-27T20:14:49.4220979Z hint: Names commonly chosen instead of 'master' are 'main', 'trunk' and
2021-04-27T20:14:49.4222250Z hint: 'development'. The just-created branch can be renamed via this command:
2021-04-27T20:14:49.4223075Z hint: 
2021-04-27T20:14:49.4223834Z hint: 	git branch -m <name>
2021-04-27T20:14:49.4224708Z Initialized empty Git repository in /home/runner/work/tinuous/tinuous/.git/
2021-04-27T20:14:49.4225778Z [command]/usr/bin/git remote add origin https://github.com/con/tinuous
2021-04-27T20:14:49.4226613Z ##[endgroup]
2021-04-27T20:14:49.4227370Z ##[group]Disabling automatic garbage collection
2021-04-27T20:14:49.4228431Z [command]/usr/bin/git config --local gc.auto 0
2021-04-27T20:14:49.4229147Z ##[endgroup]
2021-04-27T20:14:49.4231314Z ##[group]Setting up auth
2021-04-27T20:14:49.4232750Z [command]/usr/bin/git config --local --name-only --get-regexp core\.sshCommand
2021-04-27T20:14:49.4234566Z [command]/usr/bin/git submodule foreach --recursive git config --local --name-only --get-regexp 'core\.sshCommand' && git config --local --unset-all 'core.sshCommand' || :
2021-04-27T20:14:49.4236381Z [command]/usr/bin/git config --local --name-only --get-regexp http\.https\:\/\/github\.com\/\.extraheader
2021-04-27T20:14:49.4238572Z [command]/usr/bin/git submodule foreach --recursive git config --local --name-only --get-regexp 'http\.https\:\/\/github\.com\/\.extraheader' && git config --local --unset-all 'http.https://github.com/.extraheader' || :
2021-04-27T20:14:49.4240712Z [command]/usr/bin/git config --local http.https://github.com/.extraheader AUTHORIZATION: basic ***
2021-04-27T20:14:49.4241795Z ##[endgroup]
2021-04-27T20:14:49.4242486Z ##[group]Fetching the repository
2021-04-27T20:14:49.4244760Z [command]/usr/bin/git -c protocol.version=2 fetch --no-tags --prune --progress --no-recurse-submodules --depth=1 origin +554aaf397b868ef12d6ec759e31130d25a403e8b:refs/remotes/pull/29/merge
2021-04-27T20:14:49.4246455Z remote: Enumerating objects: 12, done.        
2021-04-27T20:14:49.4247511Z remote: Counting objects:   8% (1/12)        
2021-04-27T20:14:49.4249503Z remote: Counting objects:  16% (2/12)        
2021-04-27T20:14:49.4250210Z remote: Counting objects:  25% (3/12)        
2021-04-27T20:14:49.4250906Z remote: Counting objects:  33% (4/12)        
2021-04-27T20:14:49.4251582Z remote: Counting objects:  41% (5/12)        
2021-04-27T20:14:49.4252269Z remote: Counting objects:  50% (6/12)        
2021-04-27T20:14:49.4253145Z remote: Counting objects:  58% (7/12)        
2021-04-27T20:14:49.4253894Z remote: Counting objects:  66% (8/12)        
2021-04-27T20:14:49.4254572Z remote: Counting objects:  75% (9/12)        
2021-04-27T20:14:49.4255234Z remote: Counting objects:  83% (10/12)        
2021-04-27T20:14:49.4255918Z remote: Counting objects:  91% (11/12)        
2021-04-27T20:14:49.4256590Z remote: Counting objects: 100% (12/12)        
2021-04-27T20:14:49.4257301Z remote: Counting objects: 100% (12/12), done.        
2021-04-27T20:14:49.4258030Z remote: Compressing objects:  10% (1/10)        
2021-04-27T20:14:49.4258742Z remote: Compressing objects:  20% (2/10)        
2021-04-27T20:14:49.4259467Z remote: Compressing objects:  30% (3/10)        
2021-04-27T20:14:49.4260260Z remote: Compressing objects:  40% (4/10)        
2021-04-27T20:14:49.4260979Z remote: Compressing objects:  50% (5/10)        
2021-04-27T20:14:49.4261698Z remote: Compressing objects:  60% (6/10)        
2021-04-27T20:14:49.4262429Z remote: Compressing objects:  70% (7/10)        
2021-04-27T20:14:49.4263142Z remote: Compressing objects:  80% (8/10)        
2021-04-27T20:14:49.4263857Z remote: Compressing objects:  90% (9/10)        
2021-04-27T20:14:49.4264567Z remote: Compressing objects: 100% (10/10)        
2021-04-27T20:14:49.4265318Z remote: Compressing objects: 100% (10/10), done.        
2021-04-27T20:14:49.4266509Z remote: Total 12 (delta 0), reused 7 (delta 0), pack-reused 0        
2021-04-27T20:14:49.4267409Z From https://github.com/con/tinuous
2021-04-27T20:14:49.4268660Z  * [new ref]         554aaf397b868ef12d6ec759e31130d25a403e8b -> pull/29/merge
2021-04-27T20:14:49.4269552Z ##[endgroup]
2021-04-27T20:14:49.4270254Z ##[group]Determining the checkout info
2021-04-27T20:14:49.4270930Z ##[endgroup]
2021-04-27T20:14:49.4271541Z ##[group]Checking out the ref
2021-04-27T20:14:49.4272723Z [command]/usr/bin/git checkout --progress --force refs/remotes/pull/29/merge
2021-04-27T20:14:49.4273892Z Note: switching to 'refs/remotes/pull/29/merge'.
2021-04-27T20:14:49.4274463Z 
2021-04-27T20:14:49.4275472Z You are in 'detached HEAD' state. You can look around, make experimental
2021-04-27T20:14:49.4276468Z changes and commit them, and you can discard any commits you make in this
2021-04-27T20:14:49.4277390Z state without impacting any branches by switching back to a branch.
2021-04-27T20:14:49.4277984Z 
2021-04-27T20:14:49.4278901Z If you want to create a new branch to retain commits you create, you may
2021-04-27T20:14:49.4280063Z do so (now or later) by using -c with the switch command. Example:
2021-04-27T20:14:49.4280679Z 
2021-04-27T20:14:49.4281500Z   git switch -c <new-branch-name>
2021-04-27T20:14:49.4282029Z 
2021-04-27T20:14:49.4282585Z Or undo this operation with:
2021-04-27T20:14:49.4283034Z 
2021-04-27T20:14:49.4315018Z   git switch -
2021-04-27T20:14:49.4315566Z 
2021-04-27T20:14:49.4316393Z Turn off this advice by setting config variable advice.detachedHead to false
2021-04-27T20:14:49.4317084Z 
2021-04-27T20:14:49.4317985Z HEAD is now at 554aaf3 Merge 48a42f917e425f6f060fc21ccf808fd4bb7d898b into 674264b23b0184e81ec444d114a46207a63e775a
2021-04-27T20:14:49.4318857Z ##[endgroup]
2021-04-27T20:14:49.4319618Z [command]/usr/bin/git log -1 --format='%H'
2021-04-27T20:14:49.4320472Z '554aaf397b868ef12d6ec759e31130d25a403e8b'
2021-04-27T20:14:49.4469181Z ##[group]Run actions/setup-python@v2
2021-04-27T20:14:49.4469737Z with:
2021-04-27T20:14:49.4470185Z   python-version: 3.9
2021-04-27T20:14:49.4471458Z   token: ***
2021-04-27T20:14:49.4471890Z ##[endgroup]
2021-04-27T20:14:49.5310670Z Successfully setup CPython (3.9.4)
2021-04-27T20:14:49.5383158Z ##[group]Run python -m pip install --upgrade pip wheel
2021-04-27T20:14:49.5384062Z [36;1mpython -m pip install --upgrade pip wheel[0m
2021-04-27T20:14:49.5384865Z [36;1mpython -m pip install -r requirements.txt[0m
2021-04-27T20:14:49.5429241Z shell: /usr/bin/bash -e {0}
2021-04-27T20:14:49.5429725Z env:
2021-04-27T20:14:49.5430389Z   pythonLocation: /opt/hostedtoolcache/Python/3.9.4/x64
2021-04-27T20:14:49.5431240Z   LD_LIBRARY_PATH: /opt/hostedtoolcache/Python/3.9.4/x64/lib
2021-04-27T20:14:49.5431835Z ##[endgroup]
2021-04-27T20:14:51.8024211Z WARNING: Value for scheme.headers does not match. Please report this to <https://github.com/pypa/pip/issues/9617>
2021-04-27T20:14:51.8136741Z distutils: /opt/hostedtoolcache/Python/3.9.4/x64/include/python3.9/UNKNOWN
2021-04-27T20:14:51.8137665Z sysconfig: /opt/hostedtoolcache/Python/3.9.4/x64/include/python3.9
2021-04-27T20:14:51.8194304Z WARNING: Additional context:
2021-04-27T20:14:51.8195054Z user = False
2021-04-27T20:14:51.8195507Z home = None
2021-04-27T20:14:51.8195872Z root = None
2021-04-27T20:14:51.8196243Z prefix = None
2021-04-27T20:14:51.9008305Z Requirement already satisfied: pip in /opt/hostedtoolcache/Python/3.9.4/x64/lib/python3.9/site-packages (21.1)
2021-04-27T20:14:52.2800758Z Collecting wheel
2021-04-27T20:14:52.3334316Z   Downloading wheel-0.36.2-py2.py3-none-any.whl (35 kB)
2021-04-27T20:14:52.3996019Z Installing collected packages: wheel
2021-04-27T20:14:52.4356718Z WARNING: Value for scheme.headers does not match. Please report this to <https://github.com/pypa/pip/issues/9617>
2021-04-27T20:14:52.4358353Z distutils: /opt/hostedtoolcache/Python/3.9.4/x64/include/python3.9/UNKNOWN
2021-04-27T20:14:52.4359479Z sysconfig: /opt/hostedtoolcache/Python/3.9.4/x64/include/python3.9
2021-04-27T20:14:52.4360457Z WARNING: Additional context:
2021-04-27T20:14:52.4361184Z user = False
2021-04-27T20:14:52.4361765Z home = None
2021-04-27T20:14:52.4362343Z root = None
2021-04-27T20:14:52.4362914Z prefix = None
2021-04-27T20:14:52.4371635Z Successfully installed wheel-0.36.2
2021-04-27T20:14:52.9371979Z WARNING: Value for scheme.headers does not match. Please report this to <https://github.com/pypa/pip/issues/9617>
2021-04-27T20:14:52.9373959Z distutils: /opt/hostedtoolcache/Python/3.9.4/x64/include/python3.9/UNKNOWN
2021-04-27T20:14:52.9375160Z sysconfig: /opt/hostedtoolcache/Python/3.9.4/x64/include/python3.9
2021-04-27T20:14:52.9376382Z WARNING: Additional context:
2021-04-27T20:14:52.9377240Z user = False
2021-04-27T20:14:52.9377667Z home = None
2021-04-27T20:14:52.9378021Z root = None
2021-04-27T20:14:52.9378453Z prefix = None
2021-04-27T20:14:53.1317196Z Collecting click~=7.0
2021-04-27T20:14:53.1724404Z   Downloading click-7.1.2-py2.py3-none-any.whl (82 kB)
2021-04-27T20:14:53.2116233Z Collecting click-loglevel~=0.2
2021-04-27T20:14:53.2218511Z   Downloading click_loglevel-0.3.0-py3-none-any.whl (5.0 kB)
2021-04-27T20:14:53.2698756Z Collecting datalad~=0.14
2021-04-27T20:14:53.2836052Z   Downloading datalad-0.14.2.tar.gz (1.6 MB)
2021-04-27T20:14:54.5303951Z   Installing build dependencies: started
2021-04-27T20:14:57.4893073Z   Installing build dependencies: finished with status 'done'
2021-04-27T20:14:57.4950031Z   Getting requirements to build wheel: started
2021-04-27T20:14:58.2832769Z   Getting requirements to build wheel: finished with status 'done'
2021-04-27T20:14:58.2858289Z     Preparing wheel metadata: started
2021-04-27T20:14:58.8542056Z     Preparing wheel metadata: finished with status 'done'
2021-04-27T20:14:58.8852642Z Collecting in_place~=0.4
2021-04-27T20:14:58.8956886Z   Downloading in_place-0.5.0-py3-none-any.whl (9.1 kB)
2021-04-27T20:14:59.0999693Z Collecting pydantic~=1.7
2021-04-27T20:14:59.1107824Z   Downloading pydantic-1.8.1-cp39-cp39-manylinux2014_x86_64.whl (11.3 MB)
2021-04-27T20:14:59.5264473Z Collecting PyGithub~=1.53
2021-04-27T20:14:59.5399210Z   Downloading PyGithub-1.55-py3-none-any.whl (291 kB)
2021-04-27T20:14:59.5895643Z Collecting python-dateutil~=2.7
2021-04-27T20:14:59.6006343Z   Downloading python_dateutil-2.8.1-py2.py3-none-any.whl (227 kB)
2021-04-27T20:14:59.7123143Z Collecting PyYAML~=5.0
2021-04-27T20:14:59.7241098Z   Downloading PyYAML-5.4.1-cp39-cp39-manylinux1_x86_64.whl (630 kB)
2021-04-27T20:14:59.8237701Z Collecting requests~=2.20
2021-04-27T20:14:59.8321640Z   Downloading requests-2.25.1-py2.py3-none-any.whl (61 kB)
2021-04-27T20:15:00.0555652Z Collecting keyrings.alt
2021-04-27T20:15:00.0677705Z   Downloading keyrings.alt-4.0.2-py3-none-any.whl (20 kB)
2021-04-27T20:15:00.1837778Z Collecting simplejson
2021-04-27T20:15:00.1951777Z   Downloading simplejson-3.17.2.tar.gz (83 kB)
2021-04-27T20:15:00.9849124Z Collecting msgpack
2021-04-27T20:15:01.0002379Z   Downloading msgpack-1.0.2-cp39-cp39-manylinux1_x86_64.whl (294 kB)
2021-04-27T20:15:01.0425319Z Collecting fasteners>=0.14
2021-04-27T20:15:01.0530251Z   Downloading fasteners-0.16-py2.py3-none-any.whl (28 kB)
2021-04-27T20:15:01.0831608Z Collecting chardet>=3.0.4
2021-04-27T20:15:01.0955036Z   Downloading chardet-4.0.0-py2.py3-none-any.whl (178 kB)
2021-04-27T20:15:01.1246811Z Collecting appdirs
2021-04-27T20:15:01.1345280Z   Downloading appdirs-1.4.4-py2.py3-none-any.whl (9.6 kB)
2021-04-27T20:15:01.2746172Z Collecting keyring>=8.0
2021-04-27T20:15:01.2846281Z   Downloading keyring-23.0.1-py3-none-any.whl (33 kB)
2021-04-27T20:15:01.3174433Z Collecting wrapt
2021-04-27T20:15:01.3281135Z   Downloading wrapt-1.12.1.tar.gz (27 kB)
2021-04-27T20:15:01.5986340Z Collecting iso8601
2021-04-27T20:15:01.6090002Z   Downloading iso8601-0.1.14-py2.py3-none-any.whl (9.5 kB)
2021-04-27T20:15:01.6633493Z Collecting humanize
2021-04-27T20:15:01.6741506Z   Downloading humanize-3.4.1-py3-none-any.whl (73 kB)
2021-04-27T20:15:01.7875278Z Collecting whoosh
2021-04-27T20:15:01.7989241Z   Downloading Whoosh-2.7.4-py2.py3-none-any.whl (468 kB)
2021-04-27T20:15:01.8366791Z Collecting distro
2021-04-27T20:15:01.8464593Z   Downloading distro-1.5.0-py2.py3-none-any.whl (18 kB)
2021-04-27T20:15:01.9111849Z Collecting boto
2021-04-27T20:15:01.9248346Z   Downloading boto-2.49.0-py2.py3-none-any.whl (1.4 MB)
2021-04-27T20:15:01.9827878Z Collecting annexremote
2021-04-27T20:15:01.9935444Z   Downloading annexremote-1.5.0-py3-none-any.whl (25 kB)
2021-04-27T20:15:02.0247256Z Collecting patool>=1.7
2021-04-27T20:15:02.0373458Z   Downloading patool-1.12-py2.py3-none-any.whl (77 kB)
2021-04-27T20:15:02.1808706Z Collecting tqdm
2021-04-27T20:15:02.1912596Z   Downloading tqdm-4.60.0-py2.py3-none-any.whl (75 kB)
2021-04-27T20:15:02.2259952Z Collecting jsmin
2021-04-27T20:15:02.2428728Z   Downloading jsmin-2.2.2.tar.gz (12 kB)
2021-04-27T20:15:02.5538497Z Collecting typing-extensions>=3.7.4.3
2021-04-27T20:15:02.5664210Z   Downloading typing_extensions-3.7.4.3-py3-none-any.whl (22 kB)
2021-04-27T20:15:02.6240230Z Collecting deprecated
2021-04-27T20:15:02.6355605Z   Downloading Deprecated-1.2.12-py2.py3-none-any.whl (9.5 kB)
2021-04-27T20:15:02.7170351Z Collecting pynacl>=1.4.0
2021-04-27T20:15:02.7309689Z   Downloading PyNaCl-1.4.0-cp35-abi3-manylinux1_x86_64.whl (961 kB)
2021-04-27T20:15:02.7991023Z Collecting pyjwt>=2.0
2021-04-27T20:15:02.8092960Z   Downloading PyJWT-2.0.1-py3-none-any.whl (15 kB)
2021-04-27T20:15:02.8730227Z Collecting six>=1.5
2021-04-27T20:15:02.8848195Z   Downloading six-1.15.0-py2.py3-none-any.whl (10 kB)
2021-04-27T20:15:02.9838071Z Collecting urllib3<1.27,>=1.21.1
2021-04-27T20:15:02.9948047Z   Downloading urllib3-1.26.4-py2.py3-none-any.whl (153 kB)
2021-04-27T20:15:03.0365049Z Collecting idna<3,>=2.5
2021-04-27T20:15:03.0465980Z   Downloading idna-2.10-py2.py3-none-any.whl (58 kB)
2021-04-27T20:15:03.0996036Z Collecting certifi>=2017.4.17
2021-04-27T20:15:03.1105551Z   Downloading certifi-2020.12.5-py2.py3-none-any.whl (147 kB)
2021-04-27T20:15:03.1931820Z Collecting SecretStorage>=3.2
2021-04-27T20:15:03.2039554Z   Downloading SecretStorage-3.3.1-py3-none-any.whl (15 kB)
2021-04-27T20:15:03.2994234Z Collecting importlib-metadata>=3.6
2021-04-27T20:15:03.3091707Z   Downloading importlib_metadata-4.0.1-py3-none-any.whl (16 kB)
2021-04-27T20:15:03.3408645Z Collecting jeepney>=0.4.2
2021-04-27T20:15:03.3506985Z   Downloading jeepney-0.6.0-py3-none-any.whl (45 kB)
2021-04-27T20:15:03.4292894Z Collecting zipp>=0.5
2021-04-27T20:15:03.4396101Z   Downloading zipp-3.4.1-py3-none-any.whl (5.2 kB)
2021-04-27T20:15:03.8699529Z Collecting cffi>=1.4.1
2021-04-27T20:15:03.8819264Z   Downloading cffi-1.14.5-cp39-cp39-manylinux1_x86_64.whl (406 kB)
2021-04-27T20:15:03.9303558Z Collecting pycparser
2021-04-27T20:15:03.9403606Z   Downloading pycparser-2.20-py2.py3-none-any.whl (112 kB)
2021-04-27T20:15:04.4962693Z Collecting cryptography>=2.0
2021-04-27T20:15:04.5133643Z   Downloading cryptography-3.4.7-cp36-abi3-manylinux2014_x86_64.whl (3.2 MB)
2021-04-27T20:15:04.7197907Z Collecting future
2021-04-27T20:15:04.7317844Z   Downloading future-0.18.2.tar.gz (829 kB)
2021-04-27T20:15:05.2227310Z Requirement already satisfied: setuptools in /opt/hostedtoolcache/Python/3.9.4/x64/lib/python3.9/site-packages (from humanize->datalad~=0.14->-r requirements.txt (line 4)) (49.2.1)
2021-04-27T20:15:05.3600160Z Building wheels for collected packages: datalad, wrapt, future, jsmin, simplejson
2021-04-27T20:15:05.3613510Z   Building wheel for datalad (PEP 517): started
2021-04-27T20:15:06.3742774Z   Building wheel for datalad (PEP 517): finished with status 'done'
2021-04-27T20:15:06.3809360Z   Created wheel for datalad: filename=datalad-0.14.2-py3-none-any.whl size=1603393 sha256=c24f274c0e321d927a6b0922d08f1c1331a8ce43404589ead1fd50446df0f25a
2021-04-27T20:15:06.3813289Z   Stored in directory: /home/runner/.cache/pip/wheels/d8/48/3f/12d27b732161b109efb697a979af55e8c1808ea87d68839bda
2021-04-27T20:15:06.3880505Z   Building wheel for wrapt (setup.py): started
2021-04-27T20:15:07.8972333Z   Building wheel for wrapt (setup.py): finished with status 'done'
2021-04-27T20:15:07.8980230Z   Created wheel for wrapt: filename=wrapt-1.12.1-cp39-cp39-linux_x86_64.whl size=78664 sha256=115b3b58cccb417d5128f8e8d6e0a95b8777750b71d20603ecf6fbd0439d694b
2021-04-27T20:15:07.8982369Z   Stored in directory: /home/runner/.cache/pip/wheels/98/23/68/efe259aaca055e93b08e74fbe512819c69a2155c11ba3c0f10
2021-04-27T20:15:07.9009810Z   Building wheel for future (setup.py): started
2021-04-27T20:15:08.4257834Z   Building wheel for future (setup.py): finished with status 'done'
2021-04-27T20:15:08.4282765Z   Created wheel for future: filename=future-0.18.2-py3-none-any.whl size=491059 sha256=104ac7f0d3b04db24140215d107a99b95bb97ffaa74944812e9b3ca088f2194c
2021-04-27T20:15:08.4287073Z   Stored in directory: /home/runner/.cache/pip/wheels/2f/a0/d3/4030d9f80e6b3be787f19fc911b8e7aa462986a40ab1e4bb94
2021-04-27T20:15:08.4340941Z   Building wheel for jsmin (setup.py): started
2021-04-27T20:15:09.8208207Z   Building wheel for jsmin (setup.py): finished with status 'done'
2021-04-27T20:15:09.8247867Z   Created wheel for jsmin: filename=jsmin-2.2.2-py3-none-any.whl size=13920 sha256=9851701a6396e1a5c11ef34e01cd7b1458ae356929c1f30be4b2f4b5ba18c536
2021-04-27T20:15:09.8250367Z   Stored in directory: /home/runner/.cache/pip/wheels/40/dd/1e/fa3c36f3dda73beb0d0d2cd44ca9bf5119ea8881e99fc45e6d
2021-04-27T20:15:09.8251861Z   Building wheel for simplejson (setup.py): started
2021-04-27T20:15:11.4872363Z   Building wheel for simplejson (setup.py): finished with status 'done'
2021-04-27T20:15:11.4886947Z   Created wheel for simplejson: filename=simplejson-3.17.2-cp39-cp39-linux_x86_64.whl size=135298 sha256=6833db3f11fd45d3c1c32c0eceba17d8cdfb972cea3d7bd6765bc9731a6a0cdd
2021-04-27T20:15:11.4891237Z   Stored in directory: /home/runner/.cache/pip/wheels/a2/c7/6a/2dabbded050716dd50faef2145e3ffa509b0d3895899c599f5
2021-04-27T20:15:11.4918618Z Successfully built datalad wrapt future jsmin simplejson
2021-04-27T20:15:11.9254763Z Installing collected packages: pycparser, cffi, zipp, wrapt, urllib3, six, jeepney, idna, cryptography, chardet, certifi, SecretStorage, requests, pynacl, pyjwt, importlib-metadata, future, deprecated, whoosh, typing-extensions, tqdm, simplejson, PyGithub, patool, msgpack, keyrings.alt, keyring, jsmin, iso8601, humanize, fasteners, distro, click, boto, appdirs, annexremote, PyYAML, python-dateutil, pydantic, in-place, datalad, click-loglevel
2021-04-27T20:15:16.5583550Z WARNING: Value for scheme.headers does not match. Please report this to <https://github.com/pypa/pip/issues/9617>
2021-04-27T20:15:16.5584696Z distutils: /opt/hostedtoolcache/Python/3.9.4/x64/include/python3.9/UNKNOWN
2021-04-27T20:15:16.5585559Z sysconfig: /opt/hostedtoolcache/Python/3.9.4/x64/include/python3.9
2021-04-27T20:15:16.5586242Z WARNING: Additional context:
2021-04-27T20:15:16.5586690Z user = False
2021-04-27T20:15:16.5587064Z home = None
2021-04-27T20:15:16.5587413Z root = None
2021-04-27T20:15:16.5587789Z prefix = None
2021-04-27T20:15:16.5779094Z Successfully installed PyGithub-1.55 PyYAML-5.4.1 SecretStorage-3.3.1 annexremote-1.5.0 appdirs-1.4.4 boto-2.49.0 certifi-2020.12.5 cffi-1.14.5 chardet-4.0.0 click-7.1.2 click-loglevel-0.3.0 cryptography-3.4.7 datalad-0.14.2 deprecated-1.2.12 distro-1.5.0 fasteners-0.16 future-0.18.2 humanize-3.4.1 idna-2.10 importlib-metadata-4.0.1 in-place-0.5.0 iso8601-0.1.14 jeepney-0.6.0 jsmin-2.2.2 keyring-23.0.1 keyrings.alt-4.0.2 msgpack-1.0.2 patool-1.12 pycparser-2.20 pydantic-1.8.1 pyjwt-2.0.1 pynacl-1.4.0 python-dateutil-2.8.1 requests-2.25.1 simplejson-3.17.2 six-1.15.0 tqdm-4.60.0 typing-extensions-3.7.4.3 urllib3-1.26.4 whoosh-2.7.4 wrapt-1.12.1 zipp-3.4.1
2021-04-27T20:15:16.7530345Z ##[group]Run python tinuous --help
2021-04-27T20:15:16.7530963Z [36;1mpython tinuous --help[0m
2021-04-27T20:15:16.7571505Z shell: /usr/bin/bash -e {0}
2021-04-27T20:15:16.7571916Z env:
2021-04-27T20:15:16.7572469Z   pythonLocation: /opt/hostedtoolcache/Python/3.9.4/x64
2021-04-27T20:15:16.7573240Z   LD_LIBRARY_PATH: /opt/hostedtoolcache/Python/3.9.4/x64/lib
2021-04-27T20:15:16.7573815Z ##[endgroup]
2021-04-27T20:15:16.9456934Z It is highly recommended to configure Git before using DataLad. Set both 'user.name' and 'user.email' configuration variables.
2021-04-27T20:15:16.9461347Z It is highly recommended to configure Git before using DataLad. Set both 'user.name' and 'user.email' configuration variables.
2021-04-27T20:15:17.6655959Z Usage: tinuous [OPTIONS] COMMAND [ARGS]...
2021-04-27T20:15:17.6656824Z 
2021-04-27T20:15:17.6657767Z   Download build logs from GitHub Actions, Travis, and Appveyor
2021-04-27T20:15:17.6658295Z 
2021-04-27T20:15:17.6658639Z Options:
2021-04-27T20:15:17.6659971Z   -c, --config FILE               Read configuration from the given file
2021-04-27T20:15:17.6660660Z                                   [default: config.yml]
2021-04-27T20:15:17.6660993Z 
2021-04-27T20:15:17.6662119Z   -l, --log-level [NOTSET|DEBUG|INFO|WARNING|ERROR|CRITICAL]
2021-04-27T20:15:17.6662848Z                                   Set logging level  [default: INFO]
2021-04-27T20:15:17.6663669Z   --help                          Show this message and exit.
2021-04-27T20:15:17.6664313Z 
2021-04-27T20:15:17.6664665Z Commands:
2021-04-27T20:15:17.6665066Z   fetch     Download logs
2021-04-27T20:15:17.6665578Z   sanitize  Sanitize secrets in logs
2021-04-27T20:15:17.7439415Z ##[group]Run python -m pip install mypy
2021-04-27T20:15:17.7440074Z [36;1mpython -m pip install mypy[0m
2021-04-27T20:15:17.7483693Z shell: /usr/bin/bash -e {0}
2021-04-27T20:15:17.7484102Z env:
2021-04-27T20:15:17.7484699Z   pythonLocation: /opt/hostedtoolcache/Python/3.9.4/x64
2021-04-27T20:15:17.7485487Z   LD_LIBRARY_PATH: /opt/hostedtoolcache/Python/3.9.4/x64/lib
2021-04-27T20:15:17.7486319Z ##[endgroup]
2021-04-27T20:15:18.1055784Z WARNING: Value for scheme.headers does not match. Please report this to <https://github.com/pypa/pip/issues/9617>
2021-04-27T20:15:18.1056937Z distutils: /opt/hostedtoolcache/Python/3.9.4/x64/include/python3.9/UNKNOWN
2021-04-27T20:15:18.1057814Z sysconfig: /opt/hostedtoolcache/Python/3.9.4/x64/include/python3.9
2021-04-27T20:15:18.1058486Z WARNING: Additional context:
2021-04-27T20:15:18.1058968Z user = False
2021-04-27T20:15:18.1059328Z home = None
2021-04-27T20:15:18.1059693Z root = None
2021-04-27T20:15:18.1060054Z prefix = None
2021-04-27T20:15:18.3919971Z Collecting mypy
2021-04-27T20:15:18.4458824Z   Downloading mypy-0.812-cp39-cp39-manylinux2010_x86_64.whl (22.7 MB)
2021-04-27T20:15:19.2773418Z Collecting typed-ast<1.5.0,>=1.4.0
2021-04-27T20:15:19.2906539Z   Downloading typed_ast-1.4.3-cp39-cp39-manylinux1_x86_64.whl (769 kB)
2021-04-27T20:15:19.3324098Z Collecting mypy-extensions<0.5.0,>=0.4.3
2021-04-27T20:15:19.3422181Z   Downloading mypy_extensions-0.4.3-py2.py3-none-any.whl (4.5 kB)
2021-04-27T20:15:19.3466741Z Requirement already satisfied: typing-extensions>=3.7.4 in /opt/hostedtoolcache/Python/3.9.4/x64/lib/python3.9/site-packages (from mypy) (3.7.4.3)
2021-04-27T20:15:19.7510219Z Installing collected packages: typed-ast, mypy-extensions, mypy
2021-04-27T20:15:21.5348631Z WARNING: Value for scheme.headers does not match. Please report this to <https://github.com/pypa/pip/issues/9617>
2021-04-27T20:15:21.5349975Z distutils: /opt/hostedtoolcache/Python/3.9.4/x64/include/python3.9/UNKNOWN
2021-04-27T20:15:21.5351177Z sysconfig: /opt/hostedtoolcache/Python/3.9.4/x64/include/python3.9
2021-04-27T20:15:21.5351867Z WARNING: Additional context:
2021-04-27T20:15:21.5352773Z user = False
2021-04-27T20:15:21.5353144Z home = None
2021-04-27T20:15:21.5354210Z root = None
2021-04-27T20:15:21.5354580Z prefix = None
2021-04-27T20:15:21.5473957Z Successfully installed mypy-0.812 mypy-extensions-0.4.3 typed-ast-1.4.3
2021-04-27T20:15:21.6174129Z ##[group]Run mypy tinuous
2021-04-27T20:15:21.6174692Z [36;1mmypy tinuous[0m
2021-04-27T20:15:21.6216538Z shell: /usr/bin/bash -e {0}
2021-04-27T20:15:21.6216943Z env:
2021-04-27T20:15:21.6217494Z   pythonLocation: /opt/hostedtoolcache/Python/3.9.4/x64
2021-04-27T20:15:21.6218262Z   LD_LIBRARY_PATH: /opt/hostedtoolcache/Python/3.9.4/x64/lib
2021-04-27T20:15:21.6218816Z ##[endgroup]
2021-04-27T20:15:26.7915773Z Success: no issues found in 1 source file
2021-04-27T20:15:27.1699700Z Post job cleanup.
2021-04-27T20:15:27.2775834Z [command]/usr/bin/git version
2021-04-27T20:15:27.2826874Z git version 2.31.1
2021-04-27T20:15:27.2875406Z [command]/usr/bin/git config --local --name-only --get-regexp core\.sshCommand
2021-04-27T20:15:27.2908894Z [command]/usr/bin/git submodule foreach --recursive git config --local --name-only --get-regexp 'core\.sshCommand' && git config --local --unset-all 'core.sshCommand' || :
2021-04-27T20:15:27.3161016Z [command]/usr/bin/git config --local --name-only --get-regexp http\.https\:\/\/github\.com\/\.extraheader
2021-04-27T20:15:27.3188777Z http.https://github.com/.extraheader
2021-04-27T20:15:27.3199397Z [command]/usr/bin/git config --local --unset-all http.https://github.com/.extraheader
2021-04-27T20:15:27.3233895Z [command]/usr/bin/git submodule foreach --recursive git config --local --name-only --get-regexp 'http\.https\:\/\/github\.com\/\.extraheader' && git config --local --unset-all 'http.https://github.com/.extraheader' || :
2021-04-27T20:15:27.3566258Z Cleaning up orphan processes
