2021-04-27T20:52:59.4860739Z ##[section]Starting: Request a runner to run this job
2021-04-27T20:53:00.4829752Z Can't find any online and idle self-hosted runner in current repository that matches the required labels: 'ubuntu-latest'
2021-04-27T20:53:00.4829866Z Can't find any online and idle self-hosted runner in current repository's account/organization that matches the required labels: 'ubuntu-latest'
2021-04-27T20:53:00.4830081Z Found online and idle hosted runner in current repository's account/organization that matches the required labels: 'ubuntu-latest'
2021-04-27T20:53:00.6197136Z ##[section]Finishing: Request a runner to run this job
2021-04-27T20:53:08.4134643Z Current runner version: '2.278.0'
2021-04-27T20:53:08.4163461Z ##[group]Operating System
2021-04-27T20:53:08.4164340Z Ubuntu
2021-04-27T20:53:08.4164727Z 20.04.2
2021-04-27T20:53:08.4165145Z LTS
2021-04-27T20:53:08.4165566Z ##[endgroup]
2021-04-27T20:53:08.4166120Z ##[group]Virtual Environment
2021-04-27T20:53:08.4166748Z Environment: ubuntu-20.04
2021-04-27T20:53:08.4167233Z Version: 20210425.1
2021-04-27T20:53:08.4168402Z Included Software: https://github.com/actions/virtual-environments/blob/ubuntu20/20210425.1/images/linux/Ubuntu2004-README.md
2021-04-27T20:53:08.4169803Z Image Release: https://github.com/actions/virtual-environments/releases/tag/ubuntu20%2F20210425.1
2021-04-27T20:53:08.4170774Z ##[endgroup]
2021-04-27T20:53:08.4172700Z ##[group]GITHUB_TOKEN Permissions
2021-04-27T20:53:08.4173899Z Actions: write
2021-04-27T20:53:08.4174465Z Checks: write
2021-04-27T20:53:08.4174975Z Contents: write
2021-04-27T20:53:08.4175631Z Deployments: write
2021-04-27T20:53:08.4176293Z Issues: write
2021-04-27T20:53:08.4176862Z Metadata: read
2021-04-27T20:53:08.4177376Z Packages: write
2021-04-27T20:53:08.4178013Z PullRequests: write
2021-04-27T20:53:08.4178699Z RepositoryProjects: write
2021-04-27T20:53:08.4179341Z SecurityEvents: write
2021-04-27T20:53:08.4179951Z Statuses: write
2021-04-27T20:53:08.4180548Z ##[endgroup]
2021-04-27T20:53:08.4183597Z Prepare workflow directory
2021-04-27T20:53:08.4793345Z Prepare all required actions
2021-04-27T20:53:08.4803694Z Getting action download info
2021-04-27T20:53:08.8960976Z Download action repository 'actions/checkout@v2'
2021-04-27T20:53:10.9918656Z Download action repository 'actions/setup-python@v2'
2021-04-27T20:53:11.4624705Z ##[group]Run actions/checkout@v2
2021-04-27T20:53:11.4625355Z with:
2021-04-27T20:53:11.4625784Z   repository: con/tinuous
2021-04-27T20:53:11.4626725Z   token: ***
2021-04-27T20:53:11.4627149Z   ssh-strict: true
2021-04-27T20:53:11.4627680Z   persist-credentials: true
2021-04-27T20:53:11.4628197Z   clean: true
2021-04-27T20:53:11.4628681Z   fetch-depth: 1
2021-04-27T20:53:11.4629064Z   lfs: false
2021-04-27T20:53:11.4629418Z   submodules: false
2021-04-27T20:53:11.4629806Z ##[endgroup]
2021-04-27T20:53:11.6872910Z Syncing repository: con/tinuous
2021-04-27T20:53:11.6873786Z ##[group]Getting Git version info
2021-04-27T20:53:11.6875091Z Working directory is '/home/runner/work/tinuous/tinuous'
2021-04-27T20:53:11.6875774Z [command]/usr/bin/git version
2021-04-27T20:53:11.7015505Z git version 2.31.1
2021-04-27T20:53:11.7045299Z ##[endgroup]
2021-04-27T20:53:11.7051652Z Deleting the contents of '/home/runner/work/tinuous/tinuous'
2021-04-27T20:53:11.7056070Z ##[group]Initializing the repository
2021-04-27T20:53:11.7060117Z [command]/usr/bin/git init /home/runner/work/tinuous/tinuous
2021-04-27T20:53:11.7137201Z hint: Using 'master' as the name for the initial branch. This default branch name
2021-04-27T20:53:11.7138204Z hint: is subject to change. To configure the initial branch name to use in all
2021-04-27T20:53:11.7139341Z hint: of your new repositories, which will suppress this warning, call:
2021-04-27T20:53:11.7140133Z hint: 
2021-04-27T20:53:11.7140906Z hint: 	git config --global init.defaultBranch <name>
2021-04-27T20:53:11.7141623Z hint: 
2021-04-27T20:53:11.7142377Z hint: Names commonly chosen instead of 'master' are 'main', 'trunk' and
2021-04-27T20:53:11.7143423Z hint: 'development'. The just-created branch can be renamed via this command:
2021-04-27T20:53:11.7144059Z hint: 
2021-04-27T20:53:11.7144695Z hint: 	git branch -m <name>
2021-04-27T20:53:11.7149752Z Initialized empty Git repository in /home/runner/work/tinuous/tinuous/.git/
2021-04-27T20:53:11.7156317Z [command]/usr/bin/git remote add origin https://github.com/con/tinuous
2021-04-27T20:53:11.7198072Z ##[endgroup]
2021-04-27T20:53:11.7199053Z ##[group]Disabling automatic garbage collection
2021-04-27T20:53:11.7203410Z [command]/usr/bin/git config --local gc.auto 0
2021-04-27T20:53:11.7248176Z ##[endgroup]
2021-04-27T20:53:12.2122399Z ##[group]Setting up auth
2021-04-27T20:53:12.2124096Z [command]/usr/bin/git config --local --name-only --get-regexp core\.sshCommand
2021-04-27T20:53:12.2125942Z [command]/usr/bin/git submodule foreach --recursive git config --local --name-only --get-regexp 'core\.sshCommand' && git config --local --unset-all 'core.sshCommand' || :
2021-04-27T20:53:12.2128024Z [command]/usr/bin/git config --local --name-only --get-regexp http\.https\:\/\/github\.com\/\.extraheader
2021-04-27T20:53:12.2130319Z [command]/usr/bin/git submodule foreach --recursive git config --local --name-only --get-regexp 'http\.https\:\/\/github\.com\/\.extraheader' && git config --local --unset-all 'http.https://github.com/.extraheader' || :
2021-04-27T20:53:12.2132791Z [command]/usr/bin/git config --local http.https://github.com/.extraheader AUTHORIZATION: basic ***
2021-04-27T20:53:12.2134018Z ##[endgroup]
2021-04-27T20:53:12.2134789Z ##[group]Fetching the repository
2021-04-27T20:53:12.2136779Z [command]/usr/bin/git -c protocol.version=2 fetch --no-tags --prune --progress --no-recurse-submodules --depth=1 origin +734bbd0d79c76eecca30ab899c0ee92edbe407dc:refs/remotes/pull/32/merge
2021-04-27T20:53:12.2138442Z remote: Enumerating objects: 21, done.        
2021-04-27T20:53:12.2139208Z remote: Counting objects:   4% (1/21)        
2021-04-27T20:53:12.2139916Z remote: Counting objects:   9% (2/21)        
2021-04-27T20:53:12.2140613Z remote: Counting objects:  14% (3/21)        
2021-04-27T20:53:12.2141424Z remote: Counting objects:  19% (4/21)        
2021-04-27T20:53:12.2142078Z remote: Counting objects:  23% (5/21)        
2021-04-27T20:53:12.2142722Z remote: Counting objects:  28% (6/21)        
2021-04-27T20:53:12.2143532Z remote: Counting objects:  33% (7/21)        
2021-04-27T20:53:12.2144196Z remote: Counting objects:  38% (8/21)        
2021-04-27T20:53:12.2144854Z remote: Counting objects:  42% (9/21)        
2021-04-27T20:53:12.2145516Z remote: Counting objects:  47% (10/21)        
2021-04-27T20:53:12.2146160Z remote: Counting objects:  52% (11/21)        
2021-04-27T20:53:12.2146815Z remote: Counting objects:  57% (12/21)        
2021-04-27T20:53:12.2147469Z remote: Counting objects:  61% (13/21)        
2021-04-27T20:53:12.2148122Z remote: Counting objects:  66% (14/21)        
2021-04-27T20:53:12.2148779Z remote: Counting objects:  71% (15/21)        
2021-04-27T20:53:12.2149422Z remote: Counting objects:  76% (16/21)        
2021-04-27T20:53:12.2150074Z remote: Counting objects:  80% (17/21)        
2021-04-27T20:53:12.2150725Z remote: Counting objects:  85% (18/21)        
2021-04-27T20:53:12.2151419Z remote: Counting objects:  90% (19/21)        
2021-04-27T20:53:12.2152085Z remote: Counting objects:  95% (20/21)        
2021-04-27T20:53:12.2152725Z remote: Counting objects: 100% (21/21)        
2021-04-27T20:53:12.2153413Z remote: Counting objects: 100% (21/21), done.        
2021-04-27T20:53:12.2154124Z remote: Compressing objects:   6% (1/16)        
2021-04-27T20:53:12.2155198Z remote: Compressing objects:  12% (2/16)        
2021-04-27T20:53:12.2155917Z remote: Compressing objects:  18% (3/16)        
2021-04-27T20:53:12.2156635Z remote: Compressing objects:  25% (4/16)        
2021-04-27T20:53:12.2157355Z remote: Compressing objects:  31% (5/16)        
2021-04-27T20:53:12.2158062Z remote: Compressing objects:  37% (6/16)        
2021-04-27T20:53:12.2158746Z remote: Compressing objects:  43% (7/16)        
2021-04-27T20:53:12.2159449Z remote: Compressing objects:  50% (8/16)        
2021-04-27T20:53:12.2160149Z remote: Compressing objects:  56% (9/16)        
2021-04-27T20:53:12.2160843Z remote: Compressing objects:  62% (10/16)        
2021-04-27T20:53:12.2161721Z remote: Compressing objects:  68% (11/16)        
2021-04-27T20:53:12.2162695Z remote: Compressing objects:  75% (12/16)        
2021-04-27T20:53:12.2163408Z remote: Compressing objects:  81% (13/16)        
2021-04-27T20:53:12.2164120Z remote: Compressing objects:  87% (14/16)        
2021-04-27T20:53:12.2164808Z remote: Compressing objects:  93% (15/16)        
2021-04-27T20:53:12.2165513Z remote: Compressing objects: 100% (16/16)        
2021-04-27T20:53:12.2166461Z remote: Compressing objects: 100% (16/16), done.        
2021-04-27T20:53:12.2167602Z remote: Total 21 (delta 1), reused 18 (delta 1), pack-reused 0        
2021-04-27T20:53:12.2168443Z From https://github.com/con/tinuous
2021-04-27T20:53:12.2169655Z  * [new ref]         734bbd0d79c76eecca30ab899c0ee92edbe407dc -> pull/32/merge
2021-04-27T20:53:12.2170599Z ##[endgroup]
2021-04-27T20:53:12.2171250Z ##[group]Determining the checkout info
2021-04-27T20:53:12.2171868Z ##[endgroup]
2021-04-27T20:53:12.2172447Z ##[group]Checking out the ref
2021-04-27T20:53:12.2173461Z [command]/usr/bin/git checkout --progress --force refs/remotes/pull/32/merge
2021-04-27T20:53:12.2174526Z Note: switching to 'refs/remotes/pull/32/merge'.
2021-04-27T20:53:12.2175044Z 
2021-04-27T20:53:12.2175938Z You are in 'detached HEAD' state. You can look around, make experimental
2021-04-27T20:53:12.2176888Z changes and commit them, and you can discard any commits you make in this
2021-04-27T20:53:12.2177820Z state without impacting any branches by switching back to a branch.
2021-04-27T20:53:12.2178397Z 
2021-04-27T20:53:12.2179036Z If you want to create a new branch to retain commits you create, you may
2021-04-27T20:53:12.2180095Z do so (now or later) by using -c with the switch command. Example:
2021-04-27T20:53:12.2180647Z 
2021-04-27T20:53:12.2181356Z   git switch -c <new-branch-name>
2021-04-27T20:53:12.2181840Z 
2021-04-27T20:53:12.2182362Z Or undo this operation with:
2021-04-27T20:53:12.2182792Z 
2021-04-27T20:53:12.2183376Z   git switch -
2021-04-27T20:53:12.2183761Z 
2021-04-27T20:53:12.2184636Z Turn off this advice by setting config variable advice.detachedHead to false
2021-04-27T20:53:12.2185322Z 
2021-04-27T20:53:12.2186154Z HEAD is now at 734bbd0 Merge a243e908010b05b690456349a62d6d0e4e9caa6b into 97538692451f968607a2c289e0ad80fb9d2e1e32
2021-04-27T20:53:12.2187052Z ##[endgroup]
2021-04-27T20:53:12.2187831Z [command]/usr/bin/git log -1 --format='%H'
2021-04-27T20:53:12.2188886Z '734bbd0d79c76eecca30ab899c0ee92edbe407dc'
2021-04-27T20:53:12.2311252Z ##[group]Run actions/setup-python@v2
2021-04-27T20:53:12.2311772Z with:
2021-04-27T20:53:12.2312390Z   python-version: 3.8
2021-04-27T20:53:12.2313395Z   token: ***
2021-04-27T20:53:12.2313810Z ##[endgroup]
2021-04-27T20:53:12.2951178Z Successfully setup CPython (3.8.9)
2021-04-27T20:53:12.3010994Z ##[group]Run python -m pip install --upgrade pip wheel
2021-04-27T20:53:12.3011769Z [36;1mpython -m pip install --upgrade pip wheel[0m
2021-04-27T20:53:12.3012449Z [36;1mpython -m pip install -r requirements.txt[0m
2021-04-27T20:53:12.3059115Z shell: /usr/bin/bash -e {0}
2021-04-27T20:53:12.3059573Z env:
2021-04-27T20:53:12.3060210Z   pythonLocation: /opt/hostedtoolcache/Python/3.8.9/x64
2021-04-27T20:53:12.3061055Z   LD_LIBRARY_PATH: /opt/hostedtoolcache/Python/3.8.9/x64/lib
2021-04-27T20:53:12.3061694Z ##[endgroup]
2021-04-27T20:53:12.8266639Z WARNING: Value for scheme.headers does not match. Please report this to <https://github.com/pypa/pip/issues/9617>
2021-04-27T20:53:12.8267888Z distutils: /opt/hostedtoolcache/Python/3.8.9/x64/include/python3.8/UNKNOWN
2021-04-27T20:53:12.8268770Z sysconfig: /opt/hostedtoolcache/Python/3.8.9/x64/include/python3.8
2021-04-27T20:53:12.8269466Z WARNING: Additional context:
2021-04-27T20:53:12.8269917Z user = False
2021-04-27T20:53:12.8270568Z home = None
2021-04-27T20:53:12.8270944Z root = None
2021-04-27T20:53:12.8271309Z prefix = None
2021-04-27T20:53:12.9117314Z Requirement already satisfied: pip in /opt/hostedtoolcache/Python/3.8.9/x64/lib/python3.8/site-packages (21.1)
2021-04-27T20:53:13.1009330Z Collecting wheel
2021-04-27T20:53:13.1470405Z   Downloading wheel-0.36.2-py2.py3-none-any.whl (35 kB)
2021-04-27T20:53:13.1940799Z Installing collected packages: wheel
2021-04-27T20:53:13.2248889Z WARNING: Value for scheme.headers does not match. Please report this to <https://github.com/pypa/pip/issues/9617>
2021-04-27T20:53:13.2251090Z distutils: /opt/hostedtoolcache/Python/3.8.9/x64/include/python3.8/UNKNOWN
2021-04-27T20:53:13.2253096Z sysconfig: /opt/hostedtoolcache/Python/3.8.9/x64/include/python3.8
2021-04-27T20:53:13.2254518Z WARNING: Additional context:
2021-04-27T20:53:13.2255075Z user = False
2021-04-27T20:53:13.2256660Z home = None
2021-04-27T20:53:13.2257094Z root = None
2021-04-27T20:53:13.2257553Z prefix = None
2021-04-27T20:53:13.2258859Z Successfully installed wheel-0.36.2
2021-04-27T20:53:13.6440975Z WARNING: Value for scheme.headers does not match. Please report this to <https://github.com/pypa/pip/issues/9617>
2021-04-27T20:53:13.6446901Z distutils: /opt/hostedtoolcache/Python/3.8.9/x64/include/python3.8/UNKNOWN
2021-04-27T20:53:13.6448081Z sysconfig: /opt/hostedtoolcache/Python/3.8.9/x64/include/python3.8
2021-04-27T20:53:13.6448988Z WARNING: Additional context:
2021-04-27T20:53:13.6449658Z user = False
2021-04-27T20:53:13.6450219Z home = None
2021-04-27T20:53:13.6450827Z root = None
2021-04-27T20:53:13.6451338Z prefix = None
2021-04-27T20:53:13.7170074Z ERROR: Could not open requirements file: [Errno 2] No such file or directory: 'requirements.txt'
2021-04-27T20:53:13.7731942Z ##[error]Process completed with exit code 1.
2021-04-27T20:53:13.7842987Z Post job cleanup.
2021-04-27T20:53:13.8978231Z [command]/usr/bin/git version
2021-04-27T20:53:13.9026811Z git version 2.31.1
2021-04-27T20:53:13.9061849Z [command]/usr/bin/git config --local --name-only --get-regexp core\.sshCommand
2021-04-27T20:53:13.9097851Z [command]/usr/bin/git submodule foreach --recursive git config --local --name-only --get-regexp 'core\.sshCommand' && git config --local --unset-all 'core.sshCommand' || :
2021-04-27T20:53:13.9374570Z [command]/usr/bin/git config --local --name-only --get-regexp http\.https\:\/\/github\.com\/\.extraheader
2021-04-27T20:53:13.9403201Z http.https://github.com/.extraheader
2021-04-27T20:53:13.9406859Z [command]/usr/bin/git config --local --unset-all http.https://github.com/.extraheader
2021-04-27T20:53:13.9443629Z [command]/usr/bin/git submodule foreach --recursive git config --local --name-only --get-regexp 'http\.https\:\/\/github\.com\/\.extraheader' && git config --local --unset-all 'http.https://github.com/.extraheader' || :
2021-04-27T20:53:13.9731672Z Cleaning up orphan processes
