2022-10-12T18:54:40.6794167Z Requested labels: ubuntu-latest
2022-10-12T18:54:40.6794221Z Job defined at: con/tinuous/.github/workflows/test.yml@refs/pull/153/merge
2022-10-12T18:54:40.6794246Z Waiting for a runner to pick up this job...
2022-10-12T18:54:43.7340692Z Job is waiting for a hosted runner to come online.
2022-10-12T18:54:44.6726346Z Job is about to start running on the hosted runner: GitHub Actions 8 (hosted)
2022-10-12T18:54:47.9644590Z Current runner version: '2.298.2'
2022-10-12T18:54:47.9670068Z ##[group]Operating System
2022-10-12T18:54:47.9670604Z Ubuntu
2022-10-12T18:54:47.9670832Z 20.04.5
2022-10-12T18:54:47.9671093Z LTS
2022-10-12T18:54:47.9671462Z ##[endgroup]
2022-10-12T18:54:47.9671723Z ##[group]Runner Image
2022-10-12T18:54:47.9672073Z Image: ubuntu-20.04
2022-10-12T18:54:47.9672379Z Version: 20221002.2
2022-10-12T18:54:47.9672824Z Included Software: https://github.com/actions/runner-images/blob/ubuntu20/20221002.2/images/linux/Ubuntu2004-Readme.md
2022-10-12T18:54:47.9673461Z Image Release: https://github.com/actions/runner-images/releases/tag/ubuntu20%2F20221002.2
2022-10-12T18:54:47.9673886Z ##[endgroup]
2022-10-12T18:54:47.9674208Z ##[group]Runner Image Provisioner
2022-10-12T18:54:47.9674503Z 1.0.0.0-main-20220916-1
2022-10-12T18:54:47.9674839Z ##[endgroup]
2022-10-12T18:54:47.9675701Z ##[group]GITHUB_TOKEN Permissions
2022-10-12T18:54:47.9676314Z Actions: write
2022-10-12T18:54:47.9676716Z Checks: write
2022-10-12T18:54:47.9677120Z Contents: write
2022-10-12T18:54:47.9677381Z Deployments: write
2022-10-12T18:54:47.9677711Z Discussions: write
2022-10-12T18:54:47.9677992Z Issues: write
2022-10-12T18:54:47.9678309Z Metadata: read
2022-10-12T18:54:47.9678562Z Packages: write
2022-10-12T18:54:47.9678878Z Pages: write
2022-10-12T18:54:47.9679196Z PullRequests: write
2022-10-12T18:54:47.9679486Z RepositoryProjects: write
2022-10-12T18:54:47.9679845Z SecurityEvents: write
2022-10-12T18:54:47.9680156Z Statuses: write
2022-10-12T18:54:47.9680400Z ##[endgroup]
2022-10-12T18:54:47.9684143Z Secret source: Actions
2022-10-12T18:54:47.9684651Z Prepare workflow directory
2022-10-12T18:54:48.0541218Z Prepare all required actions
2022-10-12T18:54:48.0728803Z Getting action download info
2022-10-12T18:54:48.3062349Z Download action repository 'actions/checkout@v3' (SHA:93ea575cb5d8a053eaa0ac8fa3b40d7e05a33cc8)
2022-10-12T18:54:48.8627951Z Download action repository 'actions/setup-python@v4' (SHA:13ae5bb136fac2878aff31522b9efb785519f984)
2022-10-12T18:54:49.3906187Z Download action repository 'codecov/codecov-action@v3' (SHA:d9f34f8cd5cb3b3eb79b3e4b5dae3a16df499a70)
2022-10-12T18:54:50.1573246Z ##[group]Run actions/checkout@v3
2022-10-12T18:54:50.1573552Z with:
2022-10-12T18:54:50.1573747Z   fetch-depth: 0
2022-10-12T18:54:50.1573965Z   repository: con/tinuous
2022-10-12T18:54:50.1574609Z   token: ***
2022-10-12T18:54:50.1574803Z   ssh-strict: true
2022-10-12T18:54:50.1575020Z   persist-credentials: true
2022-10-12T18:54:50.1575235Z   clean: true
2022-10-12T18:54:50.1575406Z   lfs: false
2022-10-12T18:54:50.1575588Z   submodules: false
2022-10-12T18:54:50.1575815Z   set-safe-directory: true
2022-10-12T18:54:50.1576033Z ##[endgroup]
2022-10-12T18:54:50.4233847Z Syncing repository: con/tinuous
2022-10-12T18:54:50.4236120Z ##[group]Getting Git version info
2022-10-12T18:54:50.4236931Z Working directory is '/home/runner/work/tinuous/tinuous'
2022-10-12T18:54:50.4241045Z [command]/usr/bin/git version
2022-10-12T18:54:50.4350960Z git version 2.37.3
2022-10-12T18:54:50.4381112Z ##[endgroup]
2022-10-12T18:54:50.4415239Z Temporarily overriding HOME='/home/runner/work/_temp/39107a72-be17-4a38-a3ea-5f0539bb316d' before making global git config changes
2022-10-12T18:54:50.4417939Z Adding repository directory to the temporary git global config as a safe directory
2022-10-12T18:54:50.4424101Z [command]/usr/bin/git config --global --add safe.directory /home/runner/work/tinuous/tinuous
2022-10-12T18:54:50.4473632Z Deleting the contents of '/home/runner/work/tinuous/tinuous'
2022-10-12T18:54:50.4480339Z ##[group]Initializing the repository
2022-10-12T18:54:50.4485564Z [command]/usr/bin/git init /home/runner/work/tinuous/tinuous
2022-10-12T18:54:50.4558029Z hint: Using 'master' as the name for the initial branch. This default branch name
2022-10-12T18:54:50.4558907Z hint: is subject to change. To configure the initial branch name to use in all
2022-10-12T18:54:50.4560063Z hint: of your new repositories, which will suppress this warning, call:
2022-10-12T18:54:50.4560464Z hint: 
2022-10-12T18:54:50.4561195Z hint: 	git config --global init.defaultBranch <name>
2022-10-12T18:54:50.4561539Z hint: 
2022-10-12T18:54:50.4562331Z hint: Names commonly chosen instead of 'master' are 'main', 'trunk' and
2022-10-12T18:54:50.4562869Z hint: 'development'. The just-created branch can be renamed via this command:
2022-10-12T18:54:50.4563264Z hint: 
2022-10-12T18:54:50.4564023Z hint: 	git branch -m <name>
2022-10-12T18:54:50.4581549Z Initialized empty Git repository in /home/runner/work/tinuous/tinuous/.git/
2022-10-12T18:54:50.4591752Z [command]/usr/bin/git remote add origin https://github.com/con/tinuous
2022-10-12T18:54:50.4634012Z ##[endgroup]
2022-10-12T18:54:50.4634560Z ##[group]Disabling automatic garbage collection
2022-10-12T18:54:50.4640491Z [command]/usr/bin/git config --local gc.auto 0
2022-10-12T18:54:50.4671686Z ##[endgroup]
2022-10-12T18:54:50.4674188Z ##[group]Setting up auth
2022-10-12T18:54:50.4683496Z [command]/usr/bin/git config --local --name-only --get-regexp core\.sshCommand
2022-10-12T18:54:50.4718829Z [command]/usr/bin/git submodule foreach --recursive git config --local --name-only --get-regexp 'core\.sshCommand' && git config --local --unset-all 'core.sshCommand' || :
2022-10-12T18:54:50.5075406Z [command]/usr/bin/git config --local --name-only --get-regexp http\.https\:\/\/github\.com\/\.extraheader
2022-10-12T18:54:50.5100098Z [command]/usr/bin/git submodule foreach --recursive git config --local --name-only --get-regexp 'http\.https\:\/\/github\.com\/\.extraheader' && git config --local --unset-all 'http.https://github.com/.extraheader' || :
2022-10-12T18:54:50.5346323Z [command]/usr/bin/git config --local http.https://github.com/.extraheader AUTHORIZATION: basic ***
2022-10-12T18:54:50.5367283Z ##[endgroup]
2022-10-12T18:54:50.5367990Z ##[group]Fetching the repository
2022-10-12T18:54:50.5380235Z [command]/usr/bin/git -c protocol.version=2 fetch --prune --progress --no-recurse-submodules origin +refs/heads/*:refs/remotes/origin/* +refs/tags/*:refs/tags/* +693d5ae7bfff9361f49d2cbde1d3ff151d86f895:refs/remotes/pull/153/merge
2022-10-12T18:54:50.9563820Z remote: Enumerating objects: 1004, done.        
2022-10-12T18:54:50.9564566Z remote: Counting objects:   0% (1/226)        
2022-10-12T18:54:50.9564932Z remote: Counting objects:   1% (3/226)        
2022-10-12T18:54:50.9565264Z remote: Counting objects:   2% (5/226)        
2022-10-12T18:54:50.9565580Z remote: Counting objects:   3% (7/226)        
2022-10-12T18:54:50.9565913Z remote: Counting objects:   4% (10/226)        
2022-10-12T18:54:50.9566231Z remote: Counting objects:   5% (12/226)        
2022-10-12T18:54:50.9566552Z remote: Counting objects:   6% (14/226)        
2022-10-12T18:54:50.9566872Z remote: Counting objects:   7% (16/226)        
2022-10-12T18:54:50.9567232Z remote: Counting objects:   8% (19/226)        
2022-10-12T18:54:50.9567557Z remote: Counting objects:   9% (21/226)        
2022-10-12T18:54:50.9567872Z remote: Counting objects:  10% (23/226)        
2022-10-12T18:54:50.9568185Z remote: Counting objects:  11% (25/226)        
2022-10-12T18:54:50.9568500Z remote: Counting objects:  12% (28/226)        
2022-10-12T18:54:50.9568814Z remote: Counting objects:  13% (30/226)        
2022-10-12T18:54:50.9569189Z remote: Counting objects:  14% (32/226)        
2022-10-12T18:54:50.9569501Z remote: Counting objects:  15% (34/226)        
2022-10-12T18:54:50.9569803Z remote: Counting objects:  16% (37/226)        
2022-10-12T18:54:50.9570104Z remote: Counting objects:  17% (39/226)        
2022-10-12T18:54:50.9570414Z remote: Counting objects:  18% (41/226)        
2022-10-12T18:54:50.9570718Z remote: Counting objects:  19% (43/226)        
2022-10-12T18:54:50.9571019Z remote: Counting objects:  20% (46/226)        
2022-10-12T18:54:50.9571327Z remote: Counting objects:  21% (48/226)        
2022-10-12T18:54:50.9571630Z remote: Counting objects:  22% (50/226)        
2022-10-12T18:54:50.9571922Z remote: Counting objects:  23% (52/226)        
2022-10-12T18:54:50.9572229Z remote: Counting objects:  24% (55/226)        
2022-10-12T18:54:50.9572659Z remote: Counting objects:  25% (57/226)        
2022-10-12T18:54:50.9572972Z remote: Counting objects:  26% (59/226)        
2022-10-12T18:54:50.9573270Z remote: Counting objects:  27% (62/226)        
2022-10-12T18:54:50.9573671Z remote: Counting objects:  28% (64/226)        
2022-10-12T18:54:50.9574238Z remote: Counting objects:  29% (66/226)        
2022-10-12T18:54:50.9574590Z remote: Counting objects:  30% (68/226)        
2022-10-12T18:54:50.9574898Z remote: Counting objects:  31% (71/226)        
2022-10-12T18:54:50.9575194Z remote: Counting objects:  32% (73/226)        
2022-10-12T18:54:50.9575497Z remote: Counting objects:  33% (75/226)        
2022-10-12T18:54:50.9575798Z remote: Counting objects:  34% (77/226)        
2022-10-12T18:54:50.9576090Z remote: Counting objects:  35% (80/226)        
2022-10-12T18:54:50.9576398Z remote: Counting objects:  36% (82/226)        
2022-10-12T18:54:50.9576703Z remote: Counting objects:  37% (84/226)        
2022-10-12T18:54:50.9577014Z remote: Counting objects:  38% (86/226)        
2022-10-12T18:54:50.9577313Z remote: Counting objects:  39% (89/226)        
2022-10-12T18:54:50.9577637Z remote: Counting objects:  40% (91/226)        
2022-10-12T18:54:50.9577945Z remote: Counting objects:  41% (93/226)        
2022-10-12T18:54:50.9578248Z remote: Counting objects:  42% (95/226)        
2022-10-12T18:54:50.9578546Z remote: Counting objects:  43% (98/226)        
2022-10-12T18:54:50.9578859Z remote: Counting objects:  44% (100/226)        
2022-10-12T18:54:50.9579178Z remote: Counting objects:  45% (102/226)        
2022-10-12T18:54:50.9579502Z remote: Counting objects:  46% (104/226)        
2022-10-12T18:54:50.9579957Z remote: Counting objects:  47% (107/226)        
2022-10-12T18:54:50.9580917Z remote: Counting objects:  48% (109/226)        
2022-10-12T18:54:50.9581167Z remote: Counting objects:  49% (111/226)        
2022-10-12T18:54:50.9581395Z remote: Counting objects:  50% (113/226)        
2022-10-12T18:54:50.9581637Z remote: Counting objects:  51% (116/226)        
2022-10-12T18:54:50.9581977Z remote: Counting objects:  52% (118/226)        
2022-10-12T18:54:50.9582215Z remote: Counting objects:  53% (120/226)        
2022-10-12T18:54:50.9582442Z remote: Counting objects:  54% (123/226)        
2022-10-12T18:54:50.9582669Z remote: Counting objects:  55% (125/226)        
2022-10-12T18:54:50.9582898Z remote: Counting objects:  56% (127/226)        
2022-10-12T18:54:50.9583122Z remote: Counting objects:  57% (129/226)        
2022-10-12T18:54:50.9583347Z remote: Counting objects:  58% (132/226)        
2022-10-12T18:54:50.9583577Z remote: Counting objects:  59% (134/226)        
2022-10-12T18:54:50.9583803Z remote: Counting objects:  60% (136/226)        
2022-10-12T18:54:50.9584033Z remote: Counting objects:  61% (138/226)        
2022-10-12T18:54:50.9584265Z remote: Counting objects:  62% (141/226)        
2022-10-12T18:54:50.9584495Z remote: Counting objects:  63% (143/226)        
2022-10-12T18:54:50.9584717Z remote: Counting objects:  64% (145/226)        
2022-10-12T18:54:50.9584949Z remote: Counting objects:  65% (147/226)        
2022-10-12T18:54:50.9585182Z remote: Counting objects:  66% (150/226)        
2022-10-12T18:54:50.9585407Z remote: Counting objects:  67% (152/226)        
2022-10-12T18:54:50.9585637Z remote: Counting objects:  68% (154/226)        
2022-10-12T18:54:50.9585865Z remote: Counting objects:  69% (156/226)        
2022-10-12T18:54:50.9586088Z remote: Counting objects:  70% (159/226)        
2022-10-12T18:54:50.9586319Z remote: Counting objects:  71% (161/226)        
2022-10-12T18:54:50.9586550Z remote: Counting objects:  72% (163/226)        
2022-10-12T18:54:50.9586772Z remote: Counting objects:  73% (165/226)        
2022-10-12T18:54:50.9587005Z remote: Counting objects:  74% (168/226)        
2022-10-12T18:54:50.9587236Z remote: Counting objects:  75% (170/226)        
2022-10-12T18:54:50.9587464Z remote: Counting objects:  76% (172/226)        
2022-10-12T18:54:50.9587684Z remote: Counting objects:  77% (175/226)        
2022-10-12T18:54:50.9587970Z remote: Counting objects:  78% (177/226)        
2022-10-12T18:54:50.9588200Z remote: Counting objects:  79% (179/226)        
2022-10-12T18:54:50.9588421Z remote: Counting objects:  80% (181/226)        
2022-10-12T18:54:50.9588653Z remote: Counting objects:  81% (184/226)        
2022-10-12T18:54:50.9588886Z remote: Counting objects:  82% (186/226)        
2022-10-12T18:54:50.9589109Z remote: Counting objects:  83% (188/226)        
2022-10-12T18:54:50.9589335Z remote: Counting objects:  84% (190/226)        
2022-10-12T18:54:50.9589566Z remote: Counting objects:  85% (193/226)        
2022-10-12T18:54:50.9589789Z remote: Counting objects:  86% (195/226)        
2022-10-12T18:54:50.9590016Z remote: Counting objects:  87% (197/226)        
2022-10-12T18:54:50.9590241Z remote: Counting objects:  88% (199/226)        
2022-10-12T18:54:50.9590467Z remote: Counting objects:  89% (202/226)        
2022-10-12T18:54:50.9590688Z remote: Counting objects:  90% (204/226)        
2022-10-12T18:54:50.9590920Z remote: Counting objects:  91% (206/226)        
2022-10-12T18:54:50.9591152Z remote: Counting objects:  92% (208/226)        
2022-10-12T18:54:50.9591374Z remote: Counting objects:  93% (211/226)        
2022-10-12T18:54:50.9591604Z remote: Counting objects:  94% (213/226)        
2022-10-12T18:54:50.9591836Z remote: Counting objects:  95% (215/226)        
2022-10-12T18:54:50.9592060Z remote: Counting objects:  96% (217/226)        
2022-10-12T18:54:50.9592286Z remote: Counting objects:  97% (220/226)        
2022-10-12T18:54:50.9592515Z remote: Counting objects:  98% (222/226)        
2022-10-12T18:54:50.9592732Z remote: Counting objects:  99% (224/226)        
2022-10-12T18:54:50.9592962Z remote: Counting objects: 100% (226/226)        
2022-10-12T18:54:50.9593206Z remote: Counting objects: 100% (226/226), done.        
2022-10-12T18:54:50.9593481Z remote: Compressing objects:   0% (1/155)        
2022-10-12T18:54:50.9593731Z remote: Compressing objects:   1% (2/155)        
2022-10-12T18:54:50.9593984Z remote: Compressing objects:   2% (4/155)        
2022-10-12T18:54:50.9594278Z remote: Compressing objects:   3% (5/155)        
2022-10-12T18:54:50.9594517Z remote: Compressing objects:   4% (7/155)        
2022-10-12T18:54:50.9594759Z remote: Compressing objects:   5% (8/155)        
2022-10-12T18:54:50.9595014Z remote: Compressing objects:   6% (10/155)        
2022-10-12T18:54:50.9799237Z remote: Compressing objects:   7% (11/155)        
2022-10-12T18:54:50.9799552Z remote: Compressing objects:   8% (13/155)        
2022-10-12T18:54:50.9799806Z remote: Compressing objects:   9% (14/155)        
2022-10-12T18:54:50.9800062Z remote: Compressing objects:  10% (16/155)        
2022-10-12T18:54:50.9800319Z remote: Compressing objects:  11% (18/155)        
2022-10-12T18:54:50.9800560Z remote: Compressing objects:  12% (19/155)        
2022-10-12T18:54:50.9800813Z remote: Compressing objects:  13% (21/155)        
2022-10-12T18:54:50.9801063Z remote: Compressing objects:  14% (22/155)        
2022-10-12T18:54:50.9801315Z remote: Compressing objects:  15% (24/155)        
2022-10-12T18:54:50.9801572Z remote: Compressing objects:  16% (25/155)        
2022-10-12T18:54:50.9801817Z remote: Compressing objects:  17% (27/155)        
2022-10-12T18:54:50.9802051Z remote: Compressing objects:  18% (28/155)        
2022-10-12T18:54:50.9802336Z remote: Compressing objects:  19% (30/155)        
2022-10-12T18:54:50.9802581Z remote: Compressing objects:  20% (31/155)        
2022-10-12T18:54:50.9802823Z remote: Compressing objects:  21% (33/155)        
2022-10-12T18:54:50.9803058Z remote: Compressing objects:  22% (35/155)        
2022-10-12T18:54:50.9803302Z remote: Compressing objects:  23% (36/155)        
2022-10-12T18:54:50.9803548Z remote: Compressing objects:  24% (38/155)        
2022-10-12T18:54:50.9803778Z remote: Compressing objects:  25% (39/155)        
2022-10-12T18:54:50.9804018Z remote: Compressing objects:  26% (41/155)        
2022-10-12T18:54:50.9804258Z remote: Compressing objects:  27% (42/155)        
2022-10-12T18:54:50.9804730Z remote: Compressing objects:  28% (44/155)        
2022-10-12T18:54:50.9804975Z remote: Compressing objects:  29% (45/155)        
2022-10-12T18:54:50.9805216Z remote: Compressing objects:  30% (47/155)        
2022-10-12T18:54:50.9805463Z remote: Compressing objects:  31% (49/155)        
2022-10-12T18:54:50.9805696Z remote: Compressing objects:  32% (50/155)        
2022-10-12T18:54:50.9805938Z remote: Compressing objects:  33% (52/155)        
2022-10-12T18:54:50.9806175Z remote: Compressing objects:  34% (53/155)        
2022-10-12T18:54:50.9806408Z remote: Compressing objects:  35% (55/155)        
2022-10-12T18:54:50.9806651Z remote: Compressing objects:  36% (56/155)        
2022-10-12T18:54:50.9806893Z remote: Compressing objects:  37% (58/155)        
2022-10-12T18:54:50.9807126Z remote: Compressing objects:  38% (59/155)        
2022-10-12T18:54:50.9807366Z remote: Compressing objects:  39% (61/155)        
2022-10-12T18:54:50.9807611Z remote: Compressing objects:  40% (62/155)        
2022-10-12T18:54:50.9807853Z remote: Compressing objects:  41% (64/155)        
2022-10-12T18:54:50.9808086Z remote: Compressing objects:  42% (66/155)        
2022-10-12T18:54:50.9808325Z remote: Compressing objects:  43% (67/155)        
2022-10-12T18:54:50.9808566Z remote: Compressing objects:  44% (69/155)        
2022-10-12T18:54:50.9808800Z remote: Compressing objects:  45% (70/155)        
2022-10-12T18:54:50.9809040Z remote: Compressing objects:  46% (72/155)        
2022-10-12T18:54:50.9809276Z remote: Compressing objects:  47% (73/155)        
2022-10-12T18:54:50.9809505Z remote: Compressing objects:  48% (75/155)        
2022-10-12T18:54:50.9809744Z remote: Compressing objects:  49% (76/155)        
2022-10-12T18:54:50.9809982Z remote: Compressing objects:  50% (78/155)        
2022-10-12T18:54:50.9810211Z remote: Compressing objects:  51% (80/155)        
2022-10-12T18:54:50.9810449Z remote: Compressing objects:  52% (81/155)        
2022-10-12T18:54:50.9810688Z remote: Compressing objects:  53% (83/155)        
2022-10-12T18:54:50.9810994Z remote: Compressing objects:  54% (84/155)        
2022-10-12T18:54:50.9811228Z remote: Compressing objects:  55% (86/155)        
2022-10-12T18:54:50.9811472Z remote: Compressing objects:  56% (87/155)        
2022-10-12T18:54:50.9873711Z remote: Compressing objects:  57% (89/155)        
2022-10-12T18:54:50.9874003Z remote: Compressing objects:  58% (90/155)        
2022-10-12T18:54:50.9874256Z remote: Compressing objects:  59% (92/155)        
2022-10-12T18:54:50.9874516Z remote: Compressing objects:  60% (93/155)        
2022-10-12T18:54:50.9874771Z remote: Compressing objects:  61% (95/155)        
2022-10-12T18:54:50.9875010Z remote: Compressing objects:  62% (97/155)        
2022-10-12T18:54:50.9875255Z remote: Compressing objects:  63% (98/155)        
2022-10-12T18:54:50.9875508Z remote: Compressing objects:  64% (100/155)        
2022-10-12T18:54:50.9875757Z remote: Compressing objects:  65% (101/155)        
2022-10-12T18:54:50.9876026Z remote: Compressing objects:  66% (103/155)        
2022-10-12T18:54:50.9876286Z remote: Compressing objects:  67% (104/155)        
2022-10-12T18:54:50.9876527Z remote: Compressing objects:  68% (106/155)        
2022-10-12T18:54:50.9876773Z remote: Compressing objects:  69% (107/155)        
2022-10-12T18:54:50.9877018Z remote: Compressing objects:  70% (109/155)        
2022-10-12T18:54:50.9877271Z remote: Compressing objects:  71% (111/155)        
2022-10-12T18:54:50.9877506Z remote: Compressing objects:  72% (112/155)        
2022-10-12T18:54:50.9877747Z remote: Compressing objects:  73% (114/155)        
2022-10-12T18:54:50.9877992Z remote: Compressing objects:  74% (115/155)        
2022-10-12T18:54:50.9878229Z remote: Compressing objects:  75% (117/155)        
2022-10-12T18:54:50.9878478Z remote: Compressing objects:  76% (118/155)        
2022-10-12T18:54:50.9878725Z remote: Compressing objects:  77% (120/155)        
2022-10-12T18:54:50.9878962Z remote: Compressing objects:  78% (121/155)        
2022-10-12T18:54:50.9879356Z remote: Compressing objects:  79% (123/155)        
2022-10-12T18:54:50.9879601Z remote: Compressing objects:  80% (124/155)        
2022-10-12T18:54:50.9879849Z remote: Compressing objects:  81% (126/155)        
2022-10-12T18:54:50.9880083Z remote: Compressing objects:  82% (128/155)        
2022-10-12T18:54:50.9880328Z remote: Compressing objects:  83% (129/155)        
2022-10-12T18:54:50.9880572Z remote: Compressing objects:  84% (131/155)        
2022-10-12T18:54:50.9880810Z remote: Compressing objects:  85% (132/155)        
2022-10-12T18:54:50.9881053Z remote: Compressing objects:  86% (134/155)        
2022-10-12T18:54:50.9881295Z remote: Compressing objects:  87% (135/155)        
2022-10-12T18:54:50.9881527Z remote: Compressing objects:  88% (137/155)        
2022-10-12T18:54:50.9881769Z remote: Compressing objects:  89% (138/155)        
2022-10-12T18:54:50.9882012Z remote: Compressing objects:  90% (140/155)        
2022-10-12T18:54:50.9882257Z remote: Compressing objects:  91% (142/155)        
2022-10-12T18:54:50.9882495Z remote: Compressing objects:  92% (143/155)        
2022-10-12T18:54:50.9882739Z remote: Compressing objects:  93% (145/155)        
2022-10-12T18:54:50.9882984Z remote: Compressing objects:  94% (146/155)        
2022-10-12T18:54:50.9883221Z remote: Compressing objects:  95% (148/155)        
2022-10-12T18:54:50.9883465Z remote: Compressing objects:  96% (149/155)        
2022-10-12T18:54:50.9883711Z remote: Compressing objects:  97% (151/155)        
2022-10-12T18:54:50.9883942Z remote: Compressing objects:  98% (152/155)        
2022-10-12T18:54:50.9884183Z remote: Compressing objects:  99% (154/155)        
2022-10-12T18:54:50.9884426Z remote: Compressing objects: 100% (155/155)        
2022-10-12T18:54:50.9884682Z remote: Compressing objects: 100% (155/155), done.        
2022-10-12T18:54:50.9967985Z Receiving objects:   0% (1/1004)
2022-10-12T18:54:50.9971094Z Receiving objects:   1% (11/1004)
2022-10-12T18:54:50.9973091Z Receiving objects:   2% (21/1004)
2022-10-12T18:54:51.0171947Z Receiving objects:   3% (31/1004)
2022-10-12T18:54:51.0172489Z Receiving objects:   4% (41/1004)
2022-10-12T18:54:51.0175378Z Receiving objects:   5% (51/1004)
2022-10-12T18:54:51.0241990Z Receiving objects:   6% (61/1004)
2022-10-12T18:54:51.0242321Z Receiving objects:   7% (71/1004)
2022-10-12T18:54:51.0301814Z Receiving objects:   8% (81/1004)
2022-10-12T18:54:51.0304369Z Receiving objects:   9% (91/1004)
2022-10-12T18:54:51.0304620Z Receiving objects:  10% (101/1004)
2022-10-12T18:54:51.0307432Z Receiving objects:  11% (111/1004)
2022-10-12T18:54:51.0307656Z Receiving objects:  12% (121/1004)
2022-10-12T18:54:51.0308807Z Receiving objects:  13% (131/1004)
2022-10-12T18:54:51.0312694Z Receiving objects:  14% (141/1004)
2022-10-12T18:54:51.0312900Z Receiving objects:  15% (151/1004)
2022-10-12T18:54:51.0314346Z Receiving objects:  16% (161/1004)
2022-10-12T18:54:51.0314546Z Receiving objects:  17% (171/1004)
2022-10-12T18:54:51.0314771Z Receiving objects:  18% (181/1004)
2022-10-12T18:54:51.0314992Z Receiving objects:  19% (191/1004)
2022-10-12T18:54:51.0317796Z Receiving objects:  20% (201/1004)
2022-10-12T18:54:51.0319811Z Receiving objects:  21% (211/1004)
2022-10-12T18:54:51.0320034Z Receiving objects:  22% (221/1004)
2022-10-12T18:54:51.0320247Z Receiving objects:  23% (231/1004)
2022-10-12T18:54:51.0320447Z Receiving objects:  24% (241/1004)
2022-10-12T18:54:51.0549764Z Receiving objects:  25% (251/1004)
2022-10-12T18:54:51.0550059Z Receiving objects:  26% (262/1004)
2022-10-12T18:54:51.0616513Z Receiving objects:  27% (272/1004)
2022-10-12T18:54:51.0616758Z Receiving objects:  28% (282/1004)
2022-10-12T18:54:51.0672859Z Receiving objects:  29% (292/1004)
2022-10-12T18:54:51.0673076Z Receiving objects:  30% (302/1004)
2022-10-12T18:54:51.0679180Z Receiving objects:  31% (312/1004)
2022-10-12T18:54:51.0681795Z Receiving objects:  32% (322/1004)
2022-10-12T18:54:51.0682010Z Receiving objects:  33% (332/1004)
2022-10-12T18:54:51.0683308Z Receiving objects:  34% (342/1004)
2022-10-12T18:54:51.0685911Z Receiving objects:  35% (352/1004)
2022-10-12T18:54:51.0686929Z Receiving objects:  36% (362/1004)
2022-10-12T18:54:51.0687147Z Receiving objects:  37% (372/1004)
2022-10-12T18:54:51.0688839Z Receiving objects:  38% (382/1004)
2022-10-12T18:54:51.0690634Z Receiving objects:  39% (392/1004)
2022-10-12T18:54:51.0691656Z Receiving objects:  40% (402/1004)
2022-10-12T18:54:51.0692673Z Receiving objects:  41% (412/1004)
2022-10-12T18:54:51.0692873Z Receiving objects:  42% (422/1004)
2022-10-12T18:54:51.0693954Z Receiving objects:  43% (432/1004)
2022-10-12T18:54:51.0695155Z Receiving objects:  44% (442/1004)
2022-10-12T18:54:51.0695352Z Receiving objects:  45% (452/1004)
2022-10-12T18:54:51.0695562Z Receiving objects:  46% (462/1004)
2022-10-12T18:54:51.0695771Z Receiving objects:  47% (472/1004)
2022-10-12T18:54:51.0695966Z Receiving objects:  48% (482/1004)
2022-10-12T18:54:51.0696171Z Receiving objects:  49% (492/1004)
2022-10-12T18:54:51.0696386Z Receiving objects:  50% (502/1004)
2022-10-12T18:54:51.0696593Z Receiving objects:  51% (513/1004)
2022-10-12T18:54:51.0696789Z Receiving objects:  52% (523/1004)
2022-10-12T18:54:51.0706873Z Receiving objects:  53% (533/1004)
2022-10-12T18:54:51.0707091Z Receiving objects:  54% (543/1004)
2022-10-12T18:54:51.0707289Z Receiving objects:  55% (553/1004)
2022-10-12T18:54:51.0707496Z Receiving objects:  56% (563/1004)
2022-10-12T18:54:51.0709223Z Receiving objects:  57% (573/1004)
2022-10-12T18:54:51.0715684Z Receiving objects:  58% (583/1004)
2022-10-12T18:54:51.0715906Z Receiving objects:  59% (593/1004)
2022-10-12T18:54:51.0716116Z Receiving objects:  60% (603/1004)
2022-10-12T18:54:51.0717749Z Receiving objects:  61% (613/1004)
2022-10-12T18:54:51.0718738Z Receiving objects:  62% (623/1004)
2022-10-12T18:54:51.0718948Z Receiving objects:  63% (633/1004)
2022-10-12T18:54:51.0719942Z Receiving objects:  64% (643/1004)
2022-10-12T18:54:51.0720142Z Receiving objects:  65% (653/1004)
2022-10-12T18:54:51.0720363Z Receiving objects:  66% (663/1004)
2022-10-12T18:54:51.0720563Z Receiving objects:  67% (673/1004)
2022-10-12T18:54:51.0720909Z Receiving objects:  68% (683/1004)
2022-10-12T18:54:51.0721121Z Receiving objects:  69% (693/1004)
2022-10-12T18:54:51.0725168Z Receiving objects:  70% (703/1004)
2022-10-12T18:54:51.0725370Z Receiving objects:  71% (713/1004)
2022-10-12T18:54:51.0726589Z Receiving objects:  72% (723/1004)
2022-10-12T18:54:51.0729045Z Receiving objects:  73% (733/1004)
2022-10-12T18:54:51.0753343Z Receiving objects:  74% (743/1004)
2022-10-12T18:54:51.0753592Z Receiving objects:  75% (753/1004)
2022-10-12T18:54:51.0924214Z Receiving objects:  76% (764/1004)
2022-10-12T18:54:51.0924487Z Receiving objects:  77% (774/1004)
2022-10-12T18:54:51.0925542Z Receiving objects:  78% (784/1004)
2022-10-12T18:54:51.0925764Z Receiving objects:  79% (794/1004)
2022-10-12T18:54:51.0925987Z Receiving objects:  80% (804/1004)
2022-10-12T18:54:51.0927457Z Receiving objects:  81% (814/1004)
2022-10-12T18:54:51.0929591Z Receiving objects:  82% (824/1004)
2022-10-12T18:54:51.0931275Z Receiving objects:  83% (834/1004)
2022-10-12T18:54:51.0989370Z Receiving objects:  84% (844/1004)
2022-10-12T18:54:51.0989600Z Receiving objects:  85% (854/1004)
2022-10-12T18:54:51.0989815Z Receiving objects:  86% (864/1004)
2022-10-12T18:54:51.0990038Z Receiving objects:  87% (874/1004)
2022-10-12T18:54:51.0990243Z Receiving objects:  88% (884/1004)
2022-10-12T18:54:51.0990453Z Receiving objects:  89% (894/1004)
2022-10-12T18:54:51.1065709Z Receiving objects:  90% (904/1004)
2022-10-12T18:54:51.1066848Z Receiving objects:  91% (914/1004)
2022-10-12T18:54:51.1067053Z Receiving objects:  92% (924/1004)
2022-10-12T18:54:51.1067629Z remote: Total 1004 (delta 84), reused 89 (delta 64), pack-reused 778        
2022-10-12T18:54:51.1067916Z Receiving objects:  93% (934/1004)
2022-10-12T18:54:51.1068128Z Receiving objects:  94% (944/1004)
2022-10-12T18:54:51.1068338Z Receiving objects:  95% (954/1004)
2022-10-12T18:54:51.1068553Z Receiving objects:  96% (964/1004)
2022-10-12T18:54:51.1068942Z Receiving objects:  97% (974/1004)
2022-10-12T18:54:51.1069982Z Receiving objects:  98% (984/1004)
2022-10-12T18:54:51.1070194Z Receiving objects:  99% (994/1004)
2022-10-12T18:54:51.1071199Z Receiving objects: 100% (1004/1004)
2022-10-12T18:54:51.1071469Z Receiving objects: 100% (1004/1004), 244.52 KiB | 2.14 MiB/s, done.
2022-10-12T18:54:51.1072528Z Resolving deltas:   0% (0/553)
2022-10-12T18:54:51.1073543Z Resolving deltas:   1% (6/553)
2022-10-12T18:54:51.1074546Z Resolving deltas:   2% (12/553)
2022-10-12T18:54:51.1075560Z Resolving deltas:   3% (17/553)
2022-10-12T18:54:51.1076569Z Resolving deltas:   4% (23/553)
2022-10-12T18:54:51.1077572Z Resolving deltas:   5% (28/553)
2022-10-12T18:54:51.1078574Z Resolving deltas:   6% (34/553)
2022-10-12T18:54:51.1078786Z Resolving deltas:   7% (39/553)
2022-10-12T18:54:51.1079783Z Resolving deltas:   8% (45/553)
2022-10-12T18:54:51.1080787Z Resolving deltas:   9% (50/553)
2022-10-12T18:54:51.1081784Z Resolving deltas:  10% (56/553)
2022-10-12T18:54:51.1082789Z Resolving deltas:  11% (61/553)
2022-10-12T18:54:51.1083782Z Resolving deltas:  12% (67/553)
2022-10-12T18:54:51.1083985Z Resolving deltas:  13% (72/553)
2022-10-12T18:54:51.1084638Z Resolving deltas:  14% (78/553)
2022-10-12T18:54:51.1085189Z Resolving deltas:  15% (83/553)
2022-10-12T18:54:51.1086144Z Resolving deltas:  16% (89/553)
2022-10-12T18:54:51.1087078Z Resolving deltas:  17% (95/553)
2022-10-12T18:54:51.1088003Z Resolving deltas:  18% (100/553)
2022-10-12T18:54:51.1088952Z Resolving deltas:  19% (106/553)
2022-10-12T18:54:51.1089939Z Resolving deltas:  20% (111/553)
2022-10-12T18:54:51.1090819Z Resolving deltas:  21% (117/553)
2022-10-12T18:54:51.1091801Z Resolving deltas:  22% (122/553)
2022-10-12T18:54:51.1092695Z Resolving deltas:  23% (128/553)
2022-10-12T18:54:51.1093704Z Resolving deltas:  24% (133/553)
2022-10-12T18:54:51.1098188Z Resolving deltas:  25% (139/553)
2022-10-12T18:54:51.1098398Z Resolving deltas:  26% (144/553)
2022-10-12T18:54:51.1099056Z Resolving deltas:  27% (150/553)
2022-10-12T18:54:51.1099924Z Resolving deltas:  28% (155/553)
2022-10-12T18:54:51.1100918Z Resolving deltas:  29% (161/553)
2022-10-12T18:54:51.1106642Z Resolving deltas:  30% (166/553)
2022-10-12T18:54:51.1110046Z Resolving deltas:  31% (172/553)
2022-10-12T18:54:51.1114045Z Resolving deltas:  32% (177/553)
2022-10-12T18:54:51.1117741Z Resolving deltas:  33% (183/553)
2022-10-12T18:54:51.1121040Z Resolving deltas:  34% (189/553)
2022-10-12T18:54:51.1121963Z Resolving deltas:  35% (195/553)
2022-10-12T18:54:51.1124361Z Resolving deltas:  36% (200/553)
2022-10-12T18:54:51.1126132Z Resolving deltas:  37% (205/553)
2022-10-12T18:54:51.1131277Z Resolving deltas:  38% (211/553)
2022-10-12T18:54:51.1131510Z Resolving deltas:  39% (216/553)
2022-10-12T18:54:51.1131730Z Resolving deltas:  40% (222/553)
2022-10-12T18:54:51.1133893Z Resolving deltas:  41% (227/553)
2022-10-12T18:54:51.1137352Z Resolving deltas:  42% (233/553)
2022-10-12T18:54:51.1137580Z Resolving deltas:  43% (238/553)
2022-10-12T18:54:51.1141195Z Resolving deltas:  44% (244/553)
2022-10-12T18:54:51.1141685Z Resolving deltas:  45% (249/553)
2022-10-12T18:54:51.1144782Z Resolving deltas:  46% (255/553)
2022-10-12T18:54:51.1145006Z Resolving deltas:  47% (260/553)
2022-10-12T18:54:51.1148899Z Resolving deltas:  48% (266/553)
2022-10-12T18:54:51.1149553Z Resolving deltas:  49% (271/553)
2022-10-12T18:54:51.1155487Z Resolving deltas:  50% (277/553)
2022-10-12T18:54:51.1159735Z Resolving deltas:  51% (283/553)
2022-10-12T18:54:51.1165052Z Resolving deltas:  52% (288/553)
2022-10-12T18:54:51.1167715Z Resolving deltas:  53% (294/553)
2022-10-12T18:54:51.1171501Z Resolving deltas:  54% (299/553)
2022-10-12T18:54:51.1177352Z Resolving deltas:  55% (305/553)
2022-10-12T18:54:51.1181290Z Resolving deltas:  56% (310/553)
2022-10-12T18:54:51.1185671Z Resolving deltas:  57% (316/553)
2022-10-12T18:54:51.1189438Z Resolving deltas:  58% (321/553)
2022-10-12T18:54:51.1192777Z Resolving deltas:  59% (327/553)
2022-10-12T18:54:51.1197242Z Resolving deltas:  60% (332/553)
2022-10-12T18:54:51.1200084Z Resolving deltas:  61% (338/553)
2022-10-12T18:54:51.1203388Z Resolving deltas:  62% (343/553)
2022-10-12T18:54:51.1205949Z Resolving deltas:  63% (349/553)
2022-10-12T18:54:51.1210324Z Resolving deltas:  64% (354/553)
2022-10-12T18:54:51.1215843Z Resolving deltas:  65% (360/553)
2022-10-12T18:54:51.1222115Z Resolving deltas:  66% (365/553)
2022-10-12T18:54:51.1231683Z Resolving deltas:  67% (371/553)
2022-10-12T18:54:51.1236856Z Resolving deltas:  68% (377/553)
2022-10-12T18:54:51.1243311Z Resolving deltas:  69% (382/553)
2022-10-12T18:54:51.1247347Z Resolving deltas:  70% (388/553)
2022-10-12T18:54:51.1247561Z Resolving deltas:  71% (393/553)
2022-10-12T18:54:51.1248699Z Resolving deltas:  72% (399/553)
2022-10-12T18:54:51.1250643Z Resolving deltas:  73% (404/553)
2022-10-12T18:54:51.1254994Z Resolving deltas:  74% (410/553)
2022-10-12T18:54:51.1258994Z Resolving deltas:  75% (415/553)
2022-10-12T18:54:51.1259208Z Resolving deltas:  76% (421/553)
2022-10-12T18:54:51.1259423Z Resolving deltas:  77% (426/553)
2022-10-12T18:54:51.1259627Z Resolving deltas:  78% (432/553)
2022-10-12T18:54:51.1259830Z Resolving deltas:  79% (437/553)
2022-10-12T18:54:51.1260040Z Resolving deltas:  80% (443/553)
2022-10-12T18:54:51.1260237Z Resolving deltas:  81% (448/553)
2022-10-12T18:54:51.1260439Z Resolving deltas:  82% (454/553)
2022-10-12T18:54:51.1266202Z Resolving deltas:  83% (459/553)
2022-10-12T18:54:51.1270567Z Resolving deltas:  84% (465/553)
2022-10-12T18:54:51.1270779Z Resolving deltas:  85% (471/553)
2022-10-12T18:54:51.1270977Z Resolving deltas:  86% (476/553)
2022-10-12T18:54:51.1271178Z Resolving deltas:  87% (482/553)
2022-10-12T18:54:51.1271385Z Resolving deltas:  88% (487/553)
2022-10-12T18:54:51.1271580Z Resolving deltas:  89% (493/553)
2022-10-12T18:54:51.1271780Z Resolving deltas:  90% (498/553)
2022-10-12T18:54:51.1271988Z Resolving deltas:  91% (504/553)
2022-10-12T18:54:51.1272182Z Resolving deltas:  92% (509/553)
2022-10-12T18:54:51.1272393Z Resolving deltas:  93% (515/553)
2022-10-12T18:54:51.1274941Z Resolving deltas:  94% (520/553)
2022-10-12T18:54:51.1279030Z Resolving deltas:  95% (526/553)
2022-10-12T18:54:51.1285152Z Resolving deltas:  96% (531/553)
2022-10-12T18:54:51.1289198Z Resolving deltas:  97% (537/553)
2022-10-12T18:54:51.1293525Z Resolving deltas:  98% (542/553)
2022-10-12T18:54:51.1302942Z Resolving deltas:  99% (548/553)
2022-10-12T18:54:51.1303405Z Resolving deltas: 100% (553/553)
2022-10-12T18:54:51.1303654Z Resolving deltas: 100% (553/553), done.
2022-10-12T18:54:51.1431395Z From https://github.com/con/tinuous
2022-10-12T18:54:51.1432031Z  * [new branch]      gh-55                                    -> origin/gh-55
2022-10-12T18:54:51.1432415Z  * [new branch]      master                                   -> origin/master
2022-10-12T18:54:51.1432831Z  * [new branch]      no-extra-search                          -> origin/no-extra-search
2022-10-12T18:54:51.1433260Z  * [new branch]      test-appveyor                            -> origin/test-appveyor
2022-10-12T18:54:51.1433705Z  * [new branch]      update-actions                           -> origin/update-actions
2022-10-12T18:54:51.1434095Z  * [new tag]         0.1.0                                    -> 0.1.0
2022-10-12T18:54:51.1434437Z  * [new tag]         0.2.0                                    -> 0.2.0
2022-10-12T18:54:51.1434760Z  * [new tag]         0.3.0                                    -> 0.3.0
2022-10-12T18:54:51.1435076Z  * [new tag]         0.4.0                                    -> 0.4.0
2022-10-12T18:54:51.1435391Z  * [new tag]         0.5.0                                    -> 0.5.0
2022-10-12T18:54:51.1435702Z  * [new tag]         0.5.1                                    -> 0.5.1
2022-10-12T18:54:51.1436002Z  * [new tag]         0.5.2                                    -> 0.5.2
2022-10-12T18:54:51.1436308Z  * [new tag]         0.5.3                                    -> 0.5.3
2022-10-12T18:54:51.1436610Z  * [new tag]         0.5.4                                    -> 0.5.4
2022-10-12T18:54:51.1437152Z  * [new ref]         693d5ae7bfff9361f49d2cbde1d3ff151d86f895 -> pull/153/merge
2022-10-12T18:54:51.1454419Z ##[endgroup]
2022-10-12T18:54:51.1454833Z ##[group]Determining the checkout info
2022-10-12T18:54:51.1457967Z ##[endgroup]
2022-10-12T18:54:51.1458318Z ##[group]Checking out the ref
2022-10-12T18:54:51.1461385Z [command]/usr/bin/git checkout --progress --force refs/remotes/pull/153/merge
2022-10-12T18:54:51.1520851Z Note: switching to 'refs/remotes/pull/153/merge'.
2022-10-12T18:54:51.1521283Z 
2022-10-12T18:54:51.1521630Z You are in 'detached HEAD' state. You can look around, make experimental
2022-10-12T18:54:51.1522087Z changes and commit them, and you can discard any commits you make in this
2022-10-12T18:54:51.1522521Z state without impacting any branches by switching back to a branch.
2022-10-12T18:54:51.1522791Z 
2022-10-12T18:54:51.1523022Z If you want to create a new branch to retain commits you create, you may
2022-10-12T18:54:51.1523522Z do so (now or later) by using -c with the switch command. Example:
2022-10-12T18:54:51.1523779Z 
2022-10-12T18:54:51.1524018Z   git switch -c <new-branch-name>
2022-10-12T18:54:51.1524244Z 
2022-10-12T18:54:51.1524414Z Or undo this operation with:
2022-10-12T18:54:51.1524616Z 
2022-10-12T18:54:51.1524769Z   git switch -
2022-10-12T18:54:51.1524958Z 
2022-10-12T18:54:51.1525204Z Turn off this advice by setting config variable advice.detachedHead to false
2022-10-12T18:54:51.1525479Z 
2022-10-12T18:54:51.1525759Z HEAD is now at 693d5ae Merge b97c31e2710322c5c5fdded3d0468a4217c18e92 into dcd10483059b81b506591dfdffc763bd1f2a70fc
2022-10-12T18:54:51.1532768Z ##[endgroup]
2022-10-12T18:54:51.1577264Z [command]/usr/bin/git log -1 --format='%H'
2022-10-12T18:54:51.1606866Z '693d5ae7bfff9361f49d2cbde1d3ff151d86f895'
2022-10-12T18:54:51.1918376Z ##[group]Run actions/setup-python@v4
2022-10-12T18:54:51.1918607Z with:
2022-10-12T18:54:51.1918800Z   python-version: 3.8
2022-10-12T18:54:51.1919000Z   check-latest: false
2022-10-12T18:54:51.1919359Z   token: ***
2022-10-12T18:54:51.1919565Z   update-environment: true
2022-10-12T18:54:51.1919767Z ##[endgroup]
2022-10-12T18:54:51.3720449Z Successfully set up CPython (3.8.14)
2022-10-12T18:54:51.3889937Z ##[group]Run python -m pip install --upgrade pip wheel
2022-10-12T18:54:51.3890325Z [36;1mpython -m pip install --upgrade pip wheel[0m
2022-10-12T18:54:51.3890659Z [36;1mpython -m pip install --upgrade --upgrade-strategy=eager tox[0m
2022-10-12T18:54:51.3948134Z shell: /usr/bin/bash -e {0}
2022-10-12T18:54:51.3948356Z env:
2022-10-12T18:54:51.3948620Z   pythonLocation: /opt/hostedtoolcache/Python/3.8.14/x64
2022-10-12T18:54:51.3948959Z   PKG_CONFIG_PATH: /opt/hostedtoolcache/Python/3.8.14/x64/lib/pkgconfig
2022-10-12T18:54:51.3949289Z   Python_ROOT_DIR: /opt/hostedtoolcache/Python/3.8.14/x64
2022-10-12T18:54:51.3949591Z   Python2_ROOT_DIR: /opt/hostedtoolcache/Python/3.8.14/x64
2022-10-12T18:54:51.3949876Z   Python3_ROOT_DIR: /opt/hostedtoolcache/Python/3.8.14/x64
2022-10-12T18:54:51.3950176Z   LD_LIBRARY_PATH: /opt/hostedtoolcache/Python/3.8.14/x64/lib
2022-10-12T18:54:51.3950426Z ##[endgroup]
2022-10-12T18:54:52.1826733Z Requirement already satisfied: pip in /opt/hostedtoolcache/Python/3.8.14/x64/lib/python3.8/site-packages (22.2.2)
2022-10-12T18:54:52.3579090Z Collecting wheel
2022-10-12T18:54:52.4426600Z   Downloading wheel-0.37.1-py2.py3-none-any.whl (35 kB)
2022-10-12T18:54:52.4828976Z Installing collected packages: wheel
2022-10-12T18:54:52.5137709Z Successfully installed wheel-0.37.1
2022-10-12T18:54:53.3690509Z Collecting tox
2022-10-12T18:54:53.4351873Z   Downloading tox-3.26.0-py2.py3-none-any.whl (86 kB)
2022-10-12T18:54:53.4567507Z      ━━━━━━━━━━━━━━━━━━━━━━━━━━━━━━━━━━━━━━━━ 86.3/86.3 kB 4.2 MB/s eta 0:00:00
2022-10-12T18:54:53.5201026Z Collecting tomli>=2.0.1
2022-10-12T18:54:53.5361630Z   Downloading tomli-2.0.1-py3-none-any.whl (12 kB)
2022-10-12T18:54:53.5901123Z Collecting filelock>=3.0.0
2022-10-12T18:54:53.6076467Z   Downloading filelock-3.8.0-py3-none-any.whl (10 kB)
2022-10-12T18:54:53.7910664Z Collecting virtualenv!=20.0.0,!=20.0.1,!=20.0.2,!=20.0.3,!=20.0.4,!=20.0.5,!=20.0.6,!=20.0.7,>=16.0.0
2022-10-12T18:54:53.8081698Z   Downloading virtualenv-20.16.5-py3-none-any.whl (8.8 MB)
2022-10-12T18:54:53.9272306Z      ━━━━━━━━━━━━━━━━━━━━━━━━━━━━━━━━━━━━━━━━ 8.8/8.8 MB 75.7 MB/s eta 0:00:00
2022-10-12T18:54:53.9940448Z Collecting six>=1.14.0
2022-10-12T18:54:54.0120505Z   Downloading six-1.16.0-py2.py3-none-any.whl (11 kB)
2022-10-12T18:54:54.0574956Z Collecting py>=1.4.17
2022-10-12T18:54:54.0738733Z   Downloading py-1.11.0-py2.py3-none-any.whl (98 kB)
2022-10-12T18:54:54.0794418Z      ━━━━━━━━━━━━━━━━━━━━━━━━━━━━━━━━━━━━━━━━ 98.7/98.7 kB 31.3 MB/s eta 0:00:00
2022-10-12T18:54:54.1210769Z Collecting pluggy>=0.12.0
2022-10-12T18:54:54.1375352Z   Downloading pluggy-1.0.0-py2.py3-none-any.whl (13 kB)
2022-10-12T18:54:54.1863344Z Collecting packaging>=14
2022-10-12T18:54:54.2026621Z   Downloading packaging-21.3-py3-none-any.whl (40 kB)
2022-10-12T18:54:54.2073028Z      ━━━━━━━━━━━━━━━━━━━━━━━━━━━━━━━━━━━━━━━━ 40.8/40.8 kB 15.0 MB/s eta 0:00:00
2022-10-12T18:54:54.2852908Z Collecting pyparsing!=3.0.5,>=2.0.2
2022-10-12T18:54:54.3017309Z   Downloading pyparsing-3.0.9-py3-none-any.whl (98 kB)
2022-10-12T18:54:54.3071042Z      ━━━━━━━━━━━━━━━━━━━━━━━━━━━━━━━━━━━━━━━━ 98.3/98.3 kB 32.3 MB/s eta 0:00:00
2022-10-12T18:54:54.3703119Z Collecting distlib<1,>=0.3.5
2022-10-12T18:54:54.3875215Z   Downloading distlib-0.3.6-py2.py3-none-any.whl (468 kB)
2022-10-12T18:54:54.3960164Z      ━━━━━━━━━━━━━━━━━━━━━━━━━━━━━━━━━━━━━━ 468.5/468.5 kB 85.1 MB/s eta 0:00:00
2022-10-12T18:54:54.4313295Z Collecting platformdirs<3,>=2.4
2022-10-12T18:54:54.4477853Z   Downloading platformdirs-2.5.2-py3-none-any.whl (14 kB)
2022-10-12T18:54:54.5716477Z Installing collected packages: distlib, tomli, six, pyparsing, py, pluggy, platformdirs, filelock, virtualenv, packaging, tox
2022-10-12T18:54:55.0910647Z Successfully installed distlib-0.3.6 filelock-3.8.0 packaging-21.3 platformdirs-2.5.2 pluggy-1.0.0 py-1.11.0 pyparsing-3.0.9 six-1.16.0 tomli-2.0.1 tox-3.26.0 virtualenv-20.16.5
2022-10-12T18:54:55.2566323Z ##[group]Run tox -e lint
2022-10-12T18:54:55.2566568Z [36;1mtox -e lint[0m
2022-10-12T18:54:55.2618312Z shell: /usr/bin/bash -e {0}
2022-10-12T18:54:55.2618520Z env:
2022-10-12T18:54:55.2618784Z   pythonLocation: /opt/hostedtoolcache/Python/3.8.14/x64
2022-10-12T18:54:55.2619117Z   PKG_CONFIG_PATH: /opt/hostedtoolcache/Python/3.8.14/x64/lib/pkgconfig
2022-10-12T18:54:55.2619439Z   Python_ROOT_DIR: /opt/hostedtoolcache/Python/3.8.14/x64
2022-10-12T18:54:55.2619738Z   Python2_ROOT_DIR: /opt/hostedtoolcache/Python/3.8.14/x64
2022-10-12T18:54:55.2620023Z   Python3_ROOT_DIR: /opt/hostedtoolcache/Python/3.8.14/x64
2022-10-12T18:54:55.2620327Z   LD_LIBRARY_PATH: /opt/hostedtoolcache/Python/3.8.14/x64/lib
2022-10-12T18:54:55.2620565Z ##[endgroup]
2022-10-12T18:54:55.4858899Z lint create: /home/runner/work/tinuous/tinuous/.tox/lint
2022-10-12T18:54:56.1908511Z lint installdeps: flake8~=3.7, flake8-bugbear, flake8-builtins~=1.4, flake8-unused-arguments
2022-10-12T18:55:00.4702911Z lint installed: attrs==22.1.0,flake8==3.9.2,flake8-bugbear==22.9.23,flake8-builtins==1.5.3,flake8-unused-arguments==0.0.11,mccabe==0.6.1,pycodestyle==2.7.0,pyflakes==2.3.1
2022-10-12T18:55:00.4703808Z lint run-test-pre: PYTHONHASHSEED='394636357'
2022-10-12T18:55:00.4704775Z lint run-test: commands[0] | flake8 --config=tox.ini src test
2022-10-12T18:55:01.7695496Z ___________________________________ summary ____________________________________
2022-10-12T18:55:01.7696160Z   lint: commands succeeded
2022-10-12T18:55:01.7696798Z   congratulations :)
2022-10-12T18:55:01.7909534Z Post job cleanup.
2022-10-12T18:55:01.9613180Z Post job cleanup.
2022-10-12T18:55:02.1022948Z [command]/usr/bin/git version
2022-10-12T18:55:02.1079121Z git version 2.37.3
2022-10-12T18:55:02.1128655Z Temporarily overriding HOME='/home/runner/work/_temp/54ab94f0-8774-480a-aec5-76e685280714' before making global git config changes
2022-10-12T18:55:02.1129533Z Adding repository directory to the temporary git global config as a safe directory
2022-10-12T18:55:02.1134735Z [command]/usr/bin/git config --global --add safe.directory /home/runner/work/tinuous/tinuous
2022-10-12T18:55:02.1180845Z [command]/usr/bin/git config --local --name-only --get-regexp core\.sshCommand
2022-10-12T18:55:02.1225373Z [command]/usr/bin/git submodule foreach --recursive git config --local --name-only --get-regexp 'core\.sshCommand' && git config --local --unset-all 'core.sshCommand' || :
2022-10-12T18:55:02.1490352Z [command]/usr/bin/git config --local --name-only --get-regexp http\.https\:\/\/github\.com\/\.extraheader
2022-10-12T18:55:02.1523893Z http.https://github.com/.extraheader
2022-10-12T18:55:02.1535859Z [command]/usr/bin/git config --local --unset-all http.https://github.com/.extraheader
2022-10-12T18:55:02.1577732Z [command]/usr/bin/git submodule foreach --recursive git config --local --name-only --get-regexp 'http\.https\:\/\/github\.com\/\.extraheader' && git config --local --unset-all 'http.https://github.com/.extraheader' || :
2022-10-12T18:55:02.2299007Z Cleaning up orphan processes
2022-10-12T18:55:02.2680134Z Terminate orphan process: pid (1720) (python)
2022-10-12T18:55:02.2711252Z Terminate orphan process: pid (1792) (python)
