2025-03-14T12:00:40.5762446Z Current runner version: '2.322.0'
2025-03-14T12:00:40.5798325Z ##[group]Operating System
2025-03-14T12:00:40.5799448Z Ubuntu
2025-03-14T12:00:40.5800138Z 24.04.2
2025-03-14T12:00:40.5801064Z LTS
2025-03-14T12:00:40.5801812Z ##[endgroup]
2025-03-14T12:00:40.5802831Z ##[group]Runner Image
2025-03-14T12:00:40.5803882Z Image: ubuntu-24.04
2025-03-14T12:00:40.5804792Z Version: 20250309.1.0
2025-03-14T12:00:40.5806583Z Included Software: https://github.com/actions/runner-images/blob/ubuntu24/20250309.1/images/ubuntu/Ubuntu2404-Readme.md
2025-03-14T12:00:40.5809209Z Image Release: https://github.com/actions/runner-images/releases/tag/ubuntu24%2F20250309.1
2025-03-14T12:00:40.5810788Z ##[endgroup]
2025-03-14T12:00:40.5811644Z ##[group]Runner Image Provisioner
2025-03-14T12:00:40.5812823Z 2.0.422.1
2025-03-14T12:00:40.5813629Z ##[endgroup]
2025-03-14T12:00:40.5817919Z ##[group]GITHUB_TOKEN Permissions
2025-03-14T12:00:40.5820883Z Actions: write
2025-03-14T12:00:40.5822013Z Attestations: write
2025-03-14T12:00:40.5823290Z Checks: write
2025-03-14T12:00:40.5824267Z Contents: write
2025-03-14T12:00:40.5825058Z Deployments: write
2025-03-14T12:00:40.5825854Z Discussions: write
2025-03-14T12:00:40.5826707Z Issues: write
2025-03-14T12:00:40.5827564Z Metadata: read
2025-03-14T12:00:40.5828362Z Packages: write
2025-03-14T12:00:40.5829225Z Pages: write
2025-03-14T12:00:40.5830086Z PullRequests: write
2025-03-14T12:00:40.5831009Z RepositoryProjects: write
2025-03-14T12:00:40.5831959Z SecurityEvents: write
2025-03-14T12:00:40.5833082Z Statuses: write
2025-03-14T12:00:40.5833859Z ##[endgroup]
2025-03-14T12:00:40.5837098Z Secret source: Actions
2025-03-14T12:00:40.5838545Z Prepare workflow directory
2025-03-14T12:00:40.6295052Z Prepare all required actions
2025-03-14T12:00:40.6351068Z Getting action download info
2025-03-14T12:00:41.0138979Z Download action repository 'actions/checkout@v4' (SHA:11bd71901bbe5b1630ceea73d27597364c9af683)
2025-03-14T12:00:41.0974687Z Download action repository 'actions/setup-python@v5' (SHA:42375524e23c412d93fb67b49958b491fce71c38)
2025-03-14T12:00:41.1873520Z Download action repository 'codecov/codecov-action@v5' (SHA:0565863a31f2c772f9f0395002a31e3f06189574)
2025-03-14T12:00:41.4596042Z Complete job name: test (3.8, typing)
2025-03-14T12:00:41.5264728Z ##[group]Run actions/checkout@v4
2025-03-14T12:00:41.5265538Z with:
2025-03-14T12:00:41.5265896Z   fetch-depth: 0
2025-03-14T12:00:41.5266308Z   repository: con/tinuous
2025-03-14T12:00:41.5266896Z   token: ***
2025-03-14T12:00:41.5267260Z   ssh-strict: true
2025-03-14T12:00:41.5267645Z   ssh-user: git
2025-03-14T12:00:41.5268030Z   persist-credentials: true
2025-03-14T12:00:41.5268465Z   clean: true
2025-03-14T12:00:41.5268859Z   sparse-checkout-cone-mode: true
2025-03-14T12:00:41.5269349Z   fetch-tags: false
2025-03-14T12:00:41.5269792Z   show-progress: true
2025-03-14T12:00:41.5270186Z   lfs: false
2025-03-14T12:00:41.5270546Z   submodules: false
2025-03-14T12:00:41.5270951Z   set-safe-directory: true
2025-03-14T12:00:41.5271570Z ##[endgroup]
2025-03-14T12:00:41.6919275Z Syncing repository: con/tinuous
2025-03-14T12:00:41.6920867Z ##[group]Getting Git version info
2025-03-14T12:00:41.6921646Z Working directory is '/home/runner/work/tinuous/tinuous'
2025-03-14T12:00:41.6922848Z [command]/usr/bin/git version
2025-03-14T12:00:41.6966878Z git version 2.48.1
2025-03-14T12:00:41.6995664Z ##[endgroup]
2025-03-14T12:00:41.7018732Z Temporarily overriding HOME='/home/runner/work/_temp/6cdf510d-4564-4fbd-a5b9-bfd0be103a4d' before making global git config changes
2025-03-14T12:00:41.7021172Z Adding repository directory to the temporary git global config as a safe directory
2025-03-14T12:00:41.7025502Z [command]/usr/bin/git config --global --add safe.directory /home/runner/work/tinuous/tinuous
2025-03-14T12:00:41.7060614Z Deleting the contents of '/home/runner/work/tinuous/tinuous'
2025-03-14T12:00:41.7064698Z ##[group]Initializing the repository
2025-03-14T12:00:41.7069404Z [command]/usr/bin/git init /home/runner/work/tinuous/tinuous
2025-03-14T12:00:41.7125119Z hint: Using 'master' as the name for the initial branch. This default branch name
2025-03-14T12:00:41.7127006Z hint: is subject to change. To configure the initial branch name to use in all
2025-03-14T12:00:41.7128569Z hint: of your new repositories, which will suppress this warning, call:
2025-03-14T12:00:41.7129687Z hint:
2025-03-14T12:00:41.7130392Z hint: 	git config --global init.defaultBranch <name>
2025-03-14T12:00:41.7131303Z hint:
2025-03-14T12:00:41.7131854Z hint: Names commonly chosen instead of 'master' are 'main', 'trunk' and
2025-03-14T12:00:41.7132992Z hint: 'development'. The just-created branch can be renamed via this command:
2025-03-14T12:00:41.7133688Z hint:
2025-03-14T12:00:41.7134047Z hint: 	git branch -m <name>
2025-03-14T12:00:41.7134733Z Initialized empty Git repository in /home/runner/work/tinuous/tinuous/.git/
2025-03-14T12:00:41.7142136Z [command]/usr/bin/git remote add origin https://github.com/con/tinuous
2025-03-14T12:00:41.7175132Z ##[endgroup]
2025-03-14T12:00:41.7176322Z ##[group]Disabling automatic garbage collection
2025-03-14T12:00:41.7179528Z [command]/usr/bin/git config --local gc.auto 0
2025-03-14T12:00:41.7208786Z ##[endgroup]
2025-03-14T12:00:41.7210016Z ##[group]Setting up auth
2025-03-14T12:00:41.7216482Z [command]/usr/bin/git config --local --name-only --get-regexp core\.sshCommand
2025-03-14T12:00:41.7247488Z [command]/usr/bin/git submodule foreach --recursive sh -c "git config --local --name-only --get-regexp 'core\.sshCommand' && git config --local --unset-all 'core.sshCommand' || :"
2025-03-14T12:00:41.7523973Z [command]/usr/bin/git config --local --name-only --get-regexp http\.https\:\/\/github\.com\/\.extraheader
2025-03-14T12:00:41.7555574Z [command]/usr/bin/git submodule foreach --recursive sh -c "git config --local --name-only --get-regexp 'http\.https\:\/\/github\.com\/\.extraheader' && git config --local --unset-all 'http.https://github.com/.extraheader' || :"
2025-03-14T12:00:41.7787228Z [command]/usr/bin/git config --local http.https://github.com/.extraheader AUTHORIZATION: basic ***
2025-03-14T12:00:41.7831103Z ##[endgroup]
2025-03-14T12:00:41.7831934Z ##[group]Fetching the repository
2025-03-14T12:00:41.7840848Z [command]/usr/bin/git -c protocol.version=2 fetch --prune --no-recurse-submodules origin +refs/heads/*:refs/remotes/origin/* +refs/tags/*:refs/tags/*
2025-03-14T12:00:42.0903972Z From https://github.com/con/tinuous
2025-03-14T12:00:42.0905538Z  * [new branch]      gh-55           -> origin/gh-55
2025-03-14T12:00:42.0906873Z  * [new branch]      master          -> origin/master
2025-03-14T12:00:42.0908177Z  * [new branch]      no-extra-search -> origin/no-extra-search
2025-03-14T12:00:42.0909537Z  * [new branch]      pragmata        -> origin/pragmata
2025-03-14T12:00:42.0914462Z  * [new branch]      test-appveyor   -> origin/test-appveyor
2025-03-14T12:00:42.0917570Z  * [new tag]         0.1.0           -> 0.1.0
2025-03-14T12:00:42.0918713Z  * [new tag]         0.2.0           -> 0.2.0
2025-03-14T12:00:42.0919779Z  * [new tag]         0.3.0           -> 0.3.0
2025-03-14T12:00:42.0920899Z  * [new tag]         0.4.0           -> 0.4.0
2025-03-14T12:00:42.0921942Z  * [new tag]         0.5.0           -> 0.5.0
2025-03-14T12:00:42.0923221Z  * [new tag]         0.5.1           -> 0.5.1
2025-03-14T12:00:42.0924242Z  * [new tag]         0.5.2           -> 0.5.2
2025-03-14T12:00:42.0925260Z  * [new tag]         0.5.3           -> 0.5.3
2025-03-14T12:00:42.0929937Z  * [new tag]         0.5.4           -> 0.5.4
2025-03-14T12:00:42.0931219Z  * [new tag]         0.6.0           -> 0.6.0
2025-03-14T12:00:42.0932495Z  * [new tag]         0.6.1           -> 0.6.1
2025-03-14T12:00:42.0933588Z  * [new tag]         0.7.0           -> 0.7.0
2025-03-14T12:00:42.0966670Z [command]/usr/bin/git branch --list --remote origin/master
2025-03-14T12:00:42.0990761Z   origin/master
2025-03-14T12:00:42.1001343Z [command]/usr/bin/git rev-parse refs/remotes/origin/master
2025-03-14T12:00:42.1024128Z 8d2b28b5f38d35f8cafee877df79a69630a67570
2025-03-14T12:00:42.1030371Z ##[endgroup]
2025-03-14T12:00:42.1032769Z ##[group]Determining the checkout info
2025-03-14T12:00:42.1034623Z ##[endgroup]
2025-03-14T12:00:42.1036641Z [command]/usr/bin/git sparse-checkout disable
2025-03-14T12:00:42.1076219Z [command]/usr/bin/git config --local --unset-all extensions.worktreeConfig
2025-03-14T12:00:42.1105879Z ##[group]Checking out the ref
2025-03-14T12:00:42.1110102Z [command]/usr/bin/git checkout --progress --force -B master refs/remotes/origin/master
2025-03-14T12:00:42.1171200Z Reset branch 'master'
2025-03-14T12:00:42.1175171Z branch 'master' set up to track 'origin/master'.
2025-03-14T12:00:42.1181109Z ##[endgroup]
2025-03-14T12:00:42.1217536Z [command]/usr/bin/git log -1 --format=%H
2025-03-14T12:00:42.1240606Z 8d2b28b5f38d35f8cafee877df79a69630a67570
2025-03-14T12:00:42.1581222Z ##[group]Run actions/setup-python@v5
2025-03-14T12:00:42.1582434Z with:
2025-03-14T12:00:42.1583122Z   python-version: 3.8
2025-03-14T12:00:42.1583963Z   check-latest: false
2025-03-14T12:00:42.1585082Z   token: ***
2025-03-14T12:00:42.1585854Z   update-environment: true
2025-03-14T12:00:42.1586775Z   allow-prereleases: false
2025-03-14T12:00:42.1587660Z ##[endgroup]
2025-03-14T12:00:42.3273976Z ##[group]Installed versions
2025-03-14T12:00:42.3320781Z Version 3.8 was not found in the local cache
2025-03-14T12:00:42.6607930Z Version 3.8 is available for downloading
2025-03-14T12:00:42.6609684Z Download from "https://github.com/actions/python-versions/releases/download/3.8.18-12303122501/python-3.8.18-linux-24.04-x64.tar.gz"
2025-03-14T12:00:43.2873805Z Extract downloaded archive
2025-03-14T12:00:43.2982038Z [command]/usr/bin/tar xz --warning=no-unknown-keyword --overwrite -C /home/runner/work/_temp/a91b0c9e-4dd5-47b3-9d62-a9688669836e -f /home/runner/work/_temp/9e341b83-8819-4fb3-8447-16b890085647
2025-03-14T12:00:44.6229272Z Execute installation script
2025-03-14T12:00:44.6322566Z Check if Python hostedtoolcache folder exist...
2025-03-14T12:00:44.6323103Z Create Python 3.8.18 folder
2025-03-14T12:00:44.6337384Z Copy Python binaries to hostedtoolcache folder
2025-03-14T12:00:45.1007771Z Create additional symlinks (Required for the UsePythonVersion Azure Pipelines task and the setup-python GitHub Action)
2025-03-14T12:00:45.1049730Z Upgrading pip...
2025-03-14T12:00:46.7050456Z Looking in links: /tmp/tmpfv19bhjz
2025-03-14T12:00:46.7056655Z Requirement already satisfied: setuptools in /opt/hostedtoolcache/Python/3.8.18/x64/lib/python3.8/site-packages (56.0.0)
2025-03-14T12:00:46.7061628Z Requirement already satisfied: pip in /opt/hostedtoolcache/Python/3.8.18/x64/lib/python3.8/site-packages (23.0.1)
2025-03-14T12:00:47.8788848Z Collecting pip
2025-03-14T12:00:47.9280192Z Downloading pip-25.0.1-py3-none-any.whl (1.8 MB)
2025-03-14T12:00:48.0090628Z ━━━━━━━━━━━━━━━━━━━━━━━━━━━━━━━━━━━━━━━━ 1.8/1.8 MB 23.5 MB/s eta 0:00:00
2025-03-14T12:00:48.0091018Z 
2025-03-14T12:00:48.0427540Z Installing collected packages: pip
2025-03-14T12:00:48.0429598Z Attempting uninstall: pip
2025-03-14T12:00:48.0435896Z Found existing installation: pip 23.0.1
2025-03-14T12:00:48.2213714Z Uninstalling pip-23.0.1:
2025-03-14T12:00:48.2284618Z Successfully uninstalled pip-23.0.1
2025-03-14T12:00:48.9346025Z Successfully installed pip-25.0.1
2025-03-14T12:00:48.9822413Z Create complete file
2025-03-14T12:00:48.9870891Z Successfully set up CPython (3.8.18)
2025-03-14T12:00:48.9871698Z ##[endgroup]
2025-03-14T12:00:49.0031512Z ##[group]Run python -m pip install --upgrade pip wheel
2025-03-14T12:00:49.0031978Z [36;1mpython -m pip install --upgrade pip wheel[0m
2025-03-14T12:00:49.0033119Z [36;1mpython -m pip install --upgrade --upgrade-strategy=eager tox[0m
2025-03-14T12:00:49.0087129Z shell: /usr/bin/bash -e {0}
2025-03-14T12:00:49.0087373Z env:
2025-03-14T12:00:49.0087652Z   pythonLocation: /opt/hostedtoolcache/Python/3.8.18/x64
2025-03-14T12:00:49.0088058Z   PKG_CONFIG_PATH: /opt/hostedtoolcache/Python/3.8.18/x64/lib/pkgconfig
2025-03-14T12:00:49.0088432Z   Python_ROOT_DIR: /opt/hostedtoolcache/Python/3.8.18/x64
2025-03-14T12:00:49.0088774Z   Python2_ROOT_DIR: /opt/hostedtoolcache/Python/3.8.18/x64
2025-03-14T12:00:49.0089394Z   Python3_ROOT_DIR: /opt/hostedtoolcache/Python/3.8.18/x64
2025-03-14T12:00:49.0089735Z   LD_LIBRARY_PATH: /opt/hostedtoolcache/Python/3.8.18/x64/lib
2025-03-14T12:00:49.0090020Z ##[endgroup]
2025-03-14T12:00:49.3425770Z Requirement already satisfied: pip in /opt/hostedtoolcache/Python/3.8.18/x64/lib/python3.8/site-packages (25.0.1)
2025-03-14T12:00:49.4313569Z Collecting wheel
2025-03-14T12:00:49.4533303Z   Downloading wheel-0.45.1-py3-none-any.whl.metadata (2.3 kB)
2025-03-14T12:00:49.4653987Z Downloading wheel-0.45.1-py3-none-any.whl (72 kB)
2025-03-14T12:00:49.4851248Z Installing collected packages: wheel
2025-03-14T12:00:49.5264788Z Successfully installed wheel-0.45.1
2025-03-14T12:00:50.0168898Z Collecting tox
2025-03-14T12:00:50.0391669Z   Downloading tox-4.24.2-py3-none-any.whl.metadata (3.7 kB)
2025-03-14T12:00:50.0732422Z Collecting cachetools>=5.5.1 (from tox)
2025-03-14T12:00:50.0815832Z   Downloading cachetools-5.5.2-py3-none-any.whl.metadata (5.4 kB)
2025-03-14T12:00:50.0968204Z Collecting chardet>=5.2 (from tox)
2025-03-14T12:00:50.1044492Z   Downloading chardet-5.2.0-py3-none-any.whl.metadata (3.4 kB)
2025-03-14T12:00:50.1244987Z Collecting colorama>=0.4.6 (from tox)
2025-03-14T12:00:50.1325835Z   Downloading colorama-0.4.6-py2.py3-none-any.whl.metadata (17 kB)
2025-03-14T12:00:50.1555550Z Collecting filelock>=3.16.1 (from tox)
2025-03-14T12:00:50.1648985Z   Downloading filelock-3.16.1-py3-none-any.whl.metadata (2.9 kB)
2025-03-14T12:00:50.1880376Z Collecting packaging>=24.2 (from tox)
2025-03-14T12:00:50.1959046Z   Downloading packaging-24.2-py3-none-any.whl.metadata (3.2 kB)
2025-03-14T12:00:50.2166020Z Collecting platformdirs>=4.3.6 (from tox)
2025-03-14T12:00:50.2248418Z   Downloading platformdirs-4.3.6-py3-none-any.whl.metadata (11 kB)
2025-03-14T12:00:50.2442693Z Collecting pluggy>=1.5 (from tox)
2025-03-14T12:00:50.2521180Z   Downloading pluggy-1.5.0-py3-none-any.whl.metadata (4.8 kB)
2025-03-14T12:00:50.2697023Z Collecting pyproject-api>=1.8 (from tox)
2025-03-14T12:00:50.2775585Z   Downloading pyproject_api-1.8.0-py3-none-any.whl.metadata (2.7 kB)
2025-03-14T12:00:50.2978040Z Collecting tomli>=2.2.1 (from tox)
2025-03-14T12:00:50.3068828Z   Downloading tomli-2.2.1-py3-none-any.whl.metadata (10 kB)
2025-03-14T12:00:50.3273351Z Collecting typing-extensions>=4.12.2 (from tox)
2025-03-14T12:00:50.3351461Z   Downloading typing_extensions-4.12.2-py3-none-any.whl.metadata (3.0 kB)
2025-03-14T12:00:50.3823973Z Collecting virtualenv>=20.29.1 (from tox)
2025-03-14T12:00:50.3908673Z   Downloading virtualenv-20.29.3-py3-none-any.whl.metadata (4.5 kB)
2025-03-14T12:00:50.4242099Z Collecting distlib<1,>=0.3.7 (from virtualenv>=20.29.1->tox)
2025-03-14T12:00:50.4319412Z   Downloading distlib-0.3.9-py2.py3-none-any.whl.metadata (5.2 kB)
2025-03-14T12:00:50.4502119Z Downloading tox-4.24.2-py3-none-any.whl (172 kB)
2025-03-14T12:00:50.4709976Z Downloading cachetools-5.5.2-py3-none-any.whl (10 kB)
2025-03-14T12:00:50.4803434Z Downloading chardet-5.2.0-py3-none-any.whl (199 kB)
2025-03-14T12:00:50.4920271Z Downloading colorama-0.4.6-py2.py3-none-any.whl (25 kB)
2025-03-14T12:00:50.5014680Z Downloading filelock-3.16.1-py3-none-any.whl (16 kB)
2025-03-14T12:00:50.5109895Z Downloading packaging-24.2-py3-none-any.whl (65 kB)
2025-03-14T12:00:50.5208288Z Downloading platformdirs-4.3.6-py3-none-any.whl (18 kB)
2025-03-14T12:00:50.5302410Z Downloading pluggy-1.5.0-py3-none-any.whl (20 kB)
2025-03-14T12:00:50.5395984Z Downloading pyproject_api-1.8.0-py3-none-any.whl (13 kB)
2025-03-14T12:00:50.5490098Z Downloading tomli-2.2.1-py3-none-any.whl (14 kB)
2025-03-14T12:00:50.5592585Z Downloading typing_extensions-4.12.2-py3-none-any.whl (37 kB)
2025-03-14T12:00:50.5687727Z Downloading virtualenv-20.29.3-py3-none-any.whl (4.3 MB)
2025-03-14T12:00:50.6049507Z    ━━━━━━━━━━━━━━━━━━━━━━━━━━━━━━━━━━━━━━━━ 4.3/4.3 MB 125.0 MB/s eta 0:00:00
2025-03-14T12:00:50.6127819Z Downloading distlib-0.3.9-py2.py3-none-any.whl (468 kB)
2025-03-14T12:00:50.6655775Z Installing collected packages: distlib, typing-extensions, tomli, pluggy, platformdirs, packaging, filelock, colorama, chardet, cachetools, virtualenv, pyproject-api, tox
2025-03-14T12:00:51.2167351Z Successfully installed cachetools-5.5.2 chardet-5.2.0 colorama-0.4.6 distlib-0.3.9 filelock-3.16.1 packaging-24.2 platformdirs-4.3.6 pluggy-1.5.0 pyproject-api-1.8.0 tomli-2.2.1 tox-4.24.2 typing-extensions-4.12.2 virtualenv-20.29.3
2025-03-14T12:00:51.2686902Z ##[group]Run tox -e typing
2025-03-14T12:00:51.2687167Z [36;1mtox -e typing[0m
2025-03-14T12:00:51.2736711Z shell: /usr/bin/bash -e {0}
2025-03-14T12:00:51.2736935Z env:
2025-03-14T12:00:51.2737177Z   pythonLocation: /opt/hostedtoolcache/Python/3.8.18/x64
2025-03-14T12:00:51.2737587Z   PKG_CONFIG_PATH: /opt/hostedtoolcache/Python/3.8.18/x64/lib/pkgconfig
2025-03-14T12:00:51.2737973Z   Python_ROOT_DIR: /opt/hostedtoolcache/Python/3.8.18/x64
2025-03-14T12:00:51.2738308Z   Python2_ROOT_DIR: /opt/hostedtoolcache/Python/3.8.18/x64
2025-03-14T12:00:51.2738642Z   Python3_ROOT_DIR: /opt/hostedtoolcache/Python/3.8.18/x64
2025-03-14T12:00:51.2738991Z   LD_LIBRARY_PATH: /opt/hostedtoolcache/Python/3.8.18/x64/lib
2025-03-14T12:00:51.2739270Z ##[endgroup]
2025-03-14T12:00:51.8838119Z typing: install_deps> python -I -m pip install mypy pytest pytest-cov pytest-mock types-python-dateutil types-PyYAML types-requests
2025-03-14T12:00:55.3008966Z .pkg: install_requires> python -I -m pip install 'setuptools>=46.4.0' versioningit
2025-03-14T12:00:56.3469008Z .pkg: _optional_hooks> python /opt/hostedtoolcache/Python/3.8.18/x64/lib/python3.8/site-packages/pyproject_api/_backend.py True setuptools.build_meta
2025-03-14T12:00:56.5878524Z .pkg: get_requires_for_build_sdist> python /opt/hostedtoolcache/Python/3.8.18/x64/lib/python3.8/site-packages/pyproject_api/_backend.py True setuptools.build_meta
2025-03-14T12:00:56.8903724Z .pkg: get_requires_for_build_wheel> python /opt/hostedtoolcache/Python/3.8.18/x64/lib/python3.8/site-packages/pyproject_api/_backend.py True setuptools.build_meta
2025-03-14T12:00:57.1757275Z .pkg: freeze> python -m pip freeze --all
2025-03-14T12:00:57.4046273Z .pkg: importlib_metadata==8.5.0,packaging==24.2,pip==25.0.1,setuptools==75.3.0,tomli==2.2.1,versioningit==3.1.2,wheel==0.45.1,zipp==3.20.2
2025-03-14T12:00:57.4052334Z .pkg: prepare_metadata_for_build_wheel> python /opt/hostedtoolcache/Python/3.8.18/x64/lib/python3.8/site-packages/pyproject_api/_backend.py True setuptools.build_meta
2025-03-14T12:00:57.7055026Z .pkg: build_sdist> python /opt/hostedtoolcache/Python/3.8.18/x64/lib/python3.8/site-packages/pyproject_api/_backend.py True setuptools.build_meta
2025-03-14T12:00:57.9952640Z typing: install_package_deps> python -I -m pip install 'PyYAML>=5.0' 'click-loglevel~=0.2' 'click>=7.0' 'ghtoken~=0.1' 'in-place~=1.0' 'pydantic~=2.0' 'python-dateutil~=2.7' 'python-dotenv<2.0,>=0.11' 'requests~=2.20' 'typing-extensions; python_version < "3.9"'
2025-03-14T12:01:00.6351390Z typing: install_package> python -I -m pip install --force-reinstall --no-deps /home/runner/work/tinuous/tinuous/.tox/.tmp/package/1/tinuous-0.7.0.post2+g8d2b28b.tar.gz
2025-03-14T12:01:03.3013657Z typing: freeze> python -m pip freeze --all
2025-03-14T12:01:03.5488565Z typing: annotated-types==0.7.0,certifi==2025.1.31,charset-normalizer==3.4.1,click==8.1.8,click-loglevel==0.6.0,coverage==7.6.1,exceptiongroup==1.2.2,ghtoken==0.1.2,idna==3.10,in_place==1.0.1,iniconfig==2.0.0,mypy==1.14.1,mypy-extensions==1.0.0,packaging==24.2,pip==25.0.1,pluggy==1.5.0,pydantic==2.10.6,pydantic_core==2.27.2,pytest==8.3.5,pytest-cov==5.0.0,pytest-mock==3.14.0,python-dateutil==2.9.0.post0,python-dotenv==1.0.1,PyYAML==6.0.2,requests==2.32.3,ruamel.yaml==0.18.10,ruamel.yaml.clib==0.2.8,setuptools==75.3.0,six==1.17.0,tinuous @ file:///home/runner/work/tinuous/tinuous/.tox/.tmp/package/1/tinuous-0.7.0.post2%2Bg8d2b28b.tar.gz#sha256=f0e806b260435c18895fc99898875c9209a17f8225c63c33e052a01adc4d895d,tomli==2.2.1,types-python-dateutil==2.9.0.20241206,types-PyYAML==6.0.12.20241230,types-requests==2.32.0.20241016,typing_extensions==4.12.2,urllib3==2.2.3,wheel==0.45.1
2025-03-14T12:01:03.5494227Z typing: commands[0]> mypy src test
2025-03-14T12:01:10.2143596Z Success: no issues found in 15 source files
2025-03-14T12:01:10.2314404Z   typing: OK (18.73=setup[12.05]+cmd[6.68] seconds)
2025-03-14T12:01:10.2314751Z   congratulations :) (18.82 seconds)
2025-03-14T12:01:10.2668092Z Post job cleanup.
2025-03-14T12:01:10.4322534Z Post job cleanup.
2025-03-14T12:01:10.5257459Z [command]/usr/bin/git version
2025-03-14T12:01:10.5294075Z git version 2.48.1
2025-03-14T12:01:10.5336770Z Temporarily overriding HOME='/home/runner/work/_temp/58b9cf3f-bac6-45fe-95bd-478d5b3eda86' before making global git config changes
2025-03-14T12:01:10.5337901Z Adding repository directory to the temporary git global config as a safe directory
2025-03-14T12:01:10.5349588Z [command]/usr/bin/git config --global --add safe.directory /home/runner/work/tinuous/tinuous
2025-03-14T12:01:10.5388863Z [command]/usr/bin/git config --local --name-only --get-regexp core\.sshCommand
2025-03-14T12:01:10.5424066Z [command]/usr/bin/git submodule foreach --recursive sh -c "git config --local --name-only --get-regexp 'core\.sshCommand' && git config --local --unset-all 'core.sshCommand' || :"
2025-03-14T12:01:10.5676084Z [command]/usr/bin/git config --local --name-only --get-regexp http\.https\:\/\/github\.com\/\.extraheader
2025-03-14T12:01:10.5700975Z http.https://github.com/.extraheader
2025-03-14T12:01:10.5718074Z [command]/usr/bin/git config --local --unset-all http.https://github.com/.extraheader
2025-03-14T12:01:10.5753631Z [command]/usr/bin/git submodule foreach --recursive sh -c "git config --local --name-only --get-regexp 'http\.https\:\/\/github\.com\/\.extraheader' && git config --local --unset-all 'http.https://github.com/.extraheader' || :"
2025-03-14T12:01:10.6122413Z Cleaning up orphan processes
