2022-10-17T15:12:05.3342061Z Requested labels: ubuntu-latest
2022-10-17T15:12:05.3342105Z Job defined at: con/tinuous/.github/workflows/test.yml@refs/pull/155/merge
2022-10-17T15:12:05.3342125Z Waiting for a runner to pick up this job...
2022-10-17T15:12:06.2121007Z Job is waiting for a hosted runner to come online.
2022-10-17T15:12:13.9976717Z Job is about to start running on the hosted runner: GitHub Actions 10 (hosted)
2022-10-17T15:12:16.7177451Z Current runner version: '2.298.2'
2022-10-17T15:12:16.7205012Z ##[group]Operating System
2022-10-17T15:12:16.7205554Z Ubuntu
2022-10-17T15:12:16.7205873Z 20.04.5
2022-10-17T15:12:16.7206151Z LTS
2022-10-17T15:12:16.7206436Z ##[endgroup]
2022-10-17T15:12:16.7206714Z ##[group]Runner Image
2022-10-17T15:12:16.7207064Z Image: ubuntu-20.04
2022-10-17T15:12:16.7207406Z Version: 20221002.2
2022-10-17T15:12:16.7207857Z Included Software: https://github.com/actions/runner-images/blob/ubuntu20/20221002.2/images/linux/Ubuntu2004-Readme.md
2022-10-17T15:12:16.7208481Z Image Release: https://github.com/actions/runner-images/releases/tag/ubuntu20%2F20221002.2
2022-10-17T15:12:16.7208899Z ##[endgroup]
2022-10-17T15:12:16.7209251Z ##[group]Runner Image Provisioner
2022-10-17T15:12:16.7209533Z 2.0.78.1
2022-10-17T15:12:16.7209814Z ##[endgroup]
2022-10-17T15:12:16.7210687Z ##[group]GITHUB_TOKEN Permissions
2022-10-17T15:12:16.7211360Z Actions: write
2022-10-17T15:12:16.7211623Z Checks: write
2022-10-17T15:12:16.7212091Z Contents: write
2022-10-17T15:12:16.7212410Z Deployments: write
2022-10-17T15:12:16.7212730Z Discussions: write
2022-10-17T15:12:16.7213028Z Issues: write
2022-10-17T15:12:16.7213335Z Metadata: read
2022-10-17T15:12:16.7213590Z Packages: write
2022-10-17T15:12:16.7213906Z Pages: write
2022-10-17T15:12:16.7214233Z PullRequests: write
2022-10-17T15:12:16.7214536Z RepositoryProjects: write
2022-10-17T15:12:16.7214882Z SecurityEvents: write
2022-10-17T15:12:16.7215199Z Statuses: write
2022-10-17T15:12:16.7215449Z ##[endgroup]
2022-10-17T15:12:16.7219135Z Secret source: Actions
2022-10-17T15:12:16.7219615Z Prepare workflow directory
2022-10-17T15:12:16.8071089Z Prepare all required actions
2022-10-17T15:12:16.8255386Z Getting action download info
2022-10-17T15:12:17.0352664Z Download action repository 'actions/checkout@v3' (SHA:93ea575cb5d8a053eaa0ac8fa3b40d7e05a33cc8)
2022-10-17T15:12:17.3324233Z Download action repository 'actions/setup-python@v4' (SHA:13ae5bb136fac2878aff31522b9efb785519f984)
2022-10-17T15:12:17.6713960Z Download action repository 'codecov/codecov-action@v3' (SHA:d9f34f8cd5cb3b3eb79b3e4b5dae3a16df499a70)
2022-10-17T15:12:18.1479472Z ##[group]Run actions/checkout@v3
2022-10-17T15:12:18.1479773Z with:
2022-10-17T15:12:18.1479989Z   fetch-depth: 0
2022-10-17T15:12:18.1480212Z   repository: con/tinuous
2022-10-17T15:12:18.1480666Z   token: ***
2022-10-17T15:12:18.1480881Z   ssh-strict: true
2022-10-17T15:12:18.1481128Z   persist-credentials: true
2022-10-17T15:12:18.1481355Z   clean: true
2022-10-17T15:12:18.1481552Z   lfs: false
2022-10-17T15:12:18.1481756Z   submodules: false
2022-10-17T15:12:18.1481986Z   set-safe-directory: true
2022-10-17T15:12:18.1482219Z ##[endgroup]
2022-10-17T15:12:18.3781218Z Syncing repository: con/tinuous
2022-10-17T15:12:18.3783617Z ##[group]Getting Git version info
2022-10-17T15:12:18.3784733Z Working directory is '/home/runner/work/tinuous/tinuous'
2022-10-17T15:12:18.3785824Z [command]/usr/bin/git version
2022-10-17T15:12:18.3864788Z git version 2.37.3
2022-10-17T15:12:18.3891636Z ##[endgroup]
2022-10-17T15:12:18.3911444Z Temporarily overriding HOME='/home/runner/work/_temp/3039a3cb-d10a-4be8-8e73-21bdeee2ea45' before making global git config changes
2022-10-17T15:12:18.3912015Z Adding repository directory to the temporary git global config as a safe directory
2022-10-17T15:12:18.3914580Z [command]/usr/bin/git config --global --add safe.directory /home/runner/work/tinuous/tinuous
2022-10-17T15:12:18.3958189Z Deleting the contents of '/home/runner/work/tinuous/tinuous'
2022-10-17T15:12:18.3964560Z ##[group]Initializing the repository
2022-10-17T15:12:18.3968632Z [command]/usr/bin/git init /home/runner/work/tinuous/tinuous
2022-10-17T15:12:18.4019293Z hint: Using 'master' as the name for the initial branch. This default branch name
2022-10-17T15:12:18.4020020Z hint: is subject to change. To configure the initial branch name to use in all
2022-10-17T15:12:18.4021128Z hint: of your new repositories, which will suppress this warning, call:
2022-10-17T15:12:18.4021800Z hint: 
2022-10-17T15:12:18.4022526Z hint: 	git config --global init.defaultBranch <name>
2022-10-17T15:12:18.4022973Z hint: 
2022-10-17T15:12:18.4023797Z hint: Names commonly chosen instead of 'master' are 'main', 'trunk' and
2022-10-17T15:12:18.4024407Z hint: 'development'. The just-created branch can be renamed via this command:
2022-10-17T15:12:18.4024816Z hint: 
2022-10-17T15:12:18.4025527Z hint: 	git branch -m <name>
2022-10-17T15:12:18.4033232Z Initialized empty Git repository in /home/runner/work/tinuous/tinuous/.git/
2022-10-17T15:12:18.4041773Z [command]/usr/bin/git remote add origin https://github.com/con/tinuous
2022-10-17T15:12:18.4077851Z ##[endgroup]
2022-10-17T15:12:18.4078663Z ##[group]Disabling automatic garbage collection
2022-10-17T15:12:18.4082898Z [command]/usr/bin/git config --local gc.auto 0
2022-10-17T15:12:18.4111770Z ##[endgroup]
2022-10-17T15:12:18.4112509Z ##[group]Setting up auth
2022-10-17T15:12:18.4120745Z [command]/usr/bin/git config --local --name-only --get-regexp core\.sshCommand
2022-10-17T15:12:18.4153055Z [command]/usr/bin/git submodule foreach --recursive git config --local --name-only --get-regexp 'core\.sshCommand' && git config --local --unset-all 'core.sshCommand' || :
2022-10-17T15:12:18.4525491Z [command]/usr/bin/git config --local --name-only --get-regexp http\.https\:\/\/github\.com\/\.extraheader
2022-10-17T15:12:18.4526444Z [command]/usr/bin/git submodule foreach --recursive git config --local --name-only --get-regexp 'http\.https\:\/\/github\.com\/\.extraheader' && git config --local --unset-all 'http.https://github.com/.extraheader' || :
2022-10-17T15:12:18.4710085Z [command]/usr/bin/git config --local http.https://github.com/.extraheader AUTHORIZATION: basic ***
2022-10-17T15:12:18.4746214Z ##[endgroup]
2022-10-17T15:12:18.4788410Z ##[group]Fetching the repository
2022-10-17T15:12:18.4789348Z [command]/usr/bin/git -c protocol.version=2 fetch --prune --progress --no-recurse-submodules origin +refs/heads/*:refs/remotes/origin/* +refs/tags/*:refs/tags/* +1ef69874a42d4abf2985ebe207a61aaed27aa056:refs/remotes/pull/155/merge
2022-10-17T15:12:18.7941518Z remote: Enumerating objects: 1015, done.        
2022-10-17T15:12:18.7942249Z remote: Counting objects:   0% (1/237)        
2022-10-17T15:12:18.7987878Z remote: Counting objects:   1% (3/237)        
2022-10-17T15:12:18.7988501Z remote: Counting objects:   2% (5/237)        
2022-10-17T15:12:18.7988783Z remote: Counting objects:   3% (8/237)        
2022-10-17T15:12:18.7989067Z remote: Counting objects:   4% (10/237)        
2022-10-17T15:12:18.7989341Z remote: Counting objects:   5% (12/237)        
2022-10-17T15:12:18.7993345Z remote: Counting objects:   6% (15/237)        
2022-10-17T15:12:18.7993622Z remote: Counting objects:   7% (17/237)        
2022-10-17T15:12:18.7993889Z remote: Counting objects:   8% (19/237)        
2022-10-17T15:12:18.7994166Z remote: Counting objects:   9% (22/237)        
2022-10-17T15:12:18.7994509Z remote: Counting objects:  10% (24/237)        
2022-10-17T15:12:18.7994899Z remote: Counting objects:  11% (27/237)        
2022-10-17T15:12:18.7995170Z remote: Counting objects:  12% (29/237)        
2022-10-17T15:12:18.7995429Z remote: Counting objects:  13% (31/237)        
2022-10-17T15:12:18.7995688Z remote: Counting objects:  14% (34/237)        
2022-10-17T15:12:18.7995935Z remote: Counting objects:  15% (36/237)        
2022-10-17T15:12:18.7996189Z remote: Counting objects:  16% (38/237)        
2022-10-17T15:12:18.7996450Z remote: Counting objects:  17% (41/237)        
2022-10-17T15:12:18.7996697Z remote: Counting objects:  18% (43/237)        
2022-10-17T15:12:18.7996950Z remote: Counting objects:  19% (46/237)        
2022-10-17T15:12:18.7997209Z remote: Counting objects:  20% (48/237)        
2022-10-17T15:12:18.7997465Z remote: Counting objects:  21% (50/237)        
2022-10-17T15:12:18.7997730Z remote: Counting objects:  22% (53/237)        
2022-10-17T15:12:18.7997985Z remote: Counting objects:  23% (55/237)        
2022-10-17T15:12:18.7998243Z remote: Counting objects:  24% (57/237)        
2022-10-17T15:12:18.7998662Z remote: Counting objects:  25% (60/237)        
2022-10-17T15:12:18.7998923Z remote: Counting objects:  26% (62/237)        
2022-10-17T15:12:18.7999182Z remote: Counting objects:  27% (64/237)        
2022-10-17T15:12:18.7999453Z remote: Counting objects:  28% (67/237)        
2022-10-17T15:12:18.7999710Z remote: Counting objects:  29% (69/237)        
2022-10-17T15:12:18.7999965Z remote: Counting objects:  30% (72/237)        
2022-10-17T15:12:18.8000216Z remote: Counting objects:  31% (74/237)        
2022-10-17T15:12:18.8000469Z remote: Counting objects:  32% (76/237)        
2022-10-17T15:12:18.8000722Z remote: Counting objects:  33% (79/237)        
2022-10-17T15:12:18.8000969Z remote: Counting objects:  34% (81/237)        
2022-10-17T15:12:18.8001221Z remote: Counting objects:  35% (83/237)        
2022-10-17T15:12:18.8001472Z remote: Counting objects:  36% (86/237)        
2022-10-17T15:12:18.8001722Z remote: Counting objects:  37% (88/237)        
2022-10-17T15:12:18.8001967Z remote: Counting objects:  38% (91/237)        
2022-10-17T15:12:18.8002227Z remote: Counting objects:  39% (93/237)        
2022-10-17T15:12:18.8002680Z remote: Counting objects:  40% (95/237)        
2022-10-17T15:12:18.8002926Z remote: Counting objects:  41% (98/237)        
2022-10-17T15:12:18.8003190Z remote: Counting objects:  42% (100/237)        
2022-10-17T15:12:18.8003467Z remote: Counting objects:  43% (102/237)        
2022-10-17T15:12:18.8003735Z remote: Counting objects:  44% (105/237)        
2022-10-17T15:12:18.8003995Z remote: Counting objects:  45% (107/237)        
2022-10-17T15:12:18.8004266Z remote: Counting objects:  46% (110/237)        
2022-10-17T15:12:18.8004528Z remote: Counting objects:  47% (112/237)        
2022-10-17T15:12:18.8004795Z remote: Counting objects:  48% (114/237)        
2022-10-17T15:12:18.8005061Z remote: Counting objects:  49% (117/237)        
2022-10-17T15:12:18.8005330Z remote: Counting objects:  50% (119/237)        
2022-10-17T15:12:18.8005591Z remote: Counting objects:  51% (121/237)        
2022-10-17T15:12:18.8005933Z remote: Counting objects:  52% (124/237)        
2022-10-17T15:12:18.8006200Z remote: Counting objects:  53% (126/237)        
2022-10-17T15:12:18.8006449Z remote: Counting objects:  54% (128/237)        
2022-10-17T15:12:18.8006708Z remote: Counting objects:  55% (131/237)        
2022-10-17T15:12:18.8006965Z remote: Counting objects:  56% (133/237)        
2022-10-17T15:12:18.8007215Z remote: Counting objects:  57% (136/237)        
2022-10-17T15:12:18.8007471Z remote: Counting objects:  58% (138/237)        
2022-10-17T15:12:18.8007729Z remote: Counting objects:  59% (140/237)        
2022-10-17T15:12:18.8007984Z remote: Counting objects:  60% (143/237)        
2022-10-17T15:12:18.8008234Z remote: Counting objects:  61% (145/237)        
2022-10-17T15:12:18.8008491Z remote: Counting objects:  62% (147/237)        
2022-10-17T15:12:18.8008935Z remote: Counting objects:  63% (150/237)        
2022-10-17T15:12:18.8009207Z remote: Counting objects:  64% (152/237)        
2022-10-17T15:12:18.8009676Z remote: Counting objects:  65% (155/237)        
2022-10-17T15:12:18.8009954Z remote: Counting objects:  66% (157/237)        
2022-10-17T15:12:18.8010444Z remote: Counting objects:  67% (159/237)        
2022-10-17T15:12:18.8010834Z remote: Counting objects:  68% (162/237)        
2022-10-17T15:12:18.8011097Z remote: Counting objects:  69% (164/237)        
2022-10-17T15:12:18.8011359Z remote: Counting objects:  70% (166/237)        
2022-10-17T15:12:18.8011609Z remote: Counting objects:  71% (169/237)        
2022-10-17T15:12:18.8011962Z remote: Counting objects:  72% (171/237)        
2022-10-17T15:12:18.8012222Z remote: Counting objects:  73% (174/237)        
2022-10-17T15:12:18.8012470Z remote: Counting objects:  74% (176/237)        
2022-10-17T15:12:18.8012726Z remote: Counting objects:  75% (178/237)        
2022-10-17T15:12:18.8012982Z remote: Counting objects:  76% (181/237)        
2022-10-17T15:12:18.8013236Z remote: Counting objects:  77% (183/237)        
2022-10-17T15:12:18.8013618Z remote: Counting objects:  78% (185/237)        
2022-10-17T15:12:18.8013873Z remote: Counting objects:  79% (188/237)        
2022-10-17T15:12:18.8018154Z remote: Counting objects:  80% (190/237)        
2022-10-17T15:12:18.8018407Z remote: Counting objects:  81% (192/237)        
2022-10-17T15:12:18.8018701Z remote: Counting objects:  82% (195/237)        
2022-10-17T15:12:18.8018957Z remote: Counting objects:  83% (197/237)        
2022-10-17T15:12:18.8019208Z remote: Counting objects:  84% (200/237)        
2022-10-17T15:12:18.8019466Z remote: Counting objects:  85% (202/237)        
2022-10-17T15:12:18.8019724Z remote: Counting objects:  86% (204/237)        
2022-10-17T15:12:18.8020088Z remote: Counting objects:  87% (207/237)        
2022-10-17T15:12:18.8020340Z remote: Counting objects:  88% (209/237)        
2022-10-17T15:12:18.8020595Z remote: Counting objects:  89% (211/237)        
2022-10-17T15:12:18.8024713Z remote: Counting objects:  90% (214/237)        
2022-10-17T15:12:18.8024974Z remote: Counting objects:  91% (216/237)        
2022-10-17T15:12:18.8025231Z remote: Counting objects:  92% (219/237)        
2022-10-17T15:12:18.8025502Z remote: Counting objects:  93% (221/237)        
2022-10-17T15:12:18.8025752Z remote: Counting objects:  94% (223/237)        
2022-10-17T15:12:18.8026009Z remote: Counting objects:  95% (226/237)        
2022-10-17T15:12:18.8026270Z remote: Counting objects:  96% (228/237)        
2022-10-17T15:12:18.8026522Z remote: Counting objects:  97% (230/237)        
2022-10-17T15:12:18.8026783Z remote: Counting objects:  98% (233/237)        
2022-10-17T15:12:18.8027041Z remote: Counting objects:  99% (235/237)        
2022-10-17T15:12:18.8027297Z remote: Counting objects: 100% (237/237)        
2022-10-17T15:12:18.8027570Z remote: Counting objects: 100% (237/237), done.        
2022-10-17T15:12:18.8027879Z remote: Compressing objects:   0% (1/163)        
2022-10-17T15:12:18.8028166Z remote: Compressing objects:   1% (2/163)        
2022-10-17T15:12:18.8028445Z remote: Compressing objects:   2% (4/163)        
2022-10-17T15:12:18.8028805Z remote: Compressing objects:   3% (5/163)        
2022-10-17T15:12:18.8029083Z remote: Compressing objects:   4% (7/163)        
2022-10-17T15:12:18.8029351Z remote: Compressing objects:   5% (9/163)        
2022-10-17T15:12:18.8029665Z remote: Compressing objects:   6% (10/163)        
2022-10-17T15:12:18.8029955Z remote: Compressing objects:   7% (12/163)        
2022-10-17T15:12:18.8030247Z remote: Compressing objects:   8% (14/163)        
2022-10-17T15:12:18.8030525Z remote: Compressing objects:   9% (15/163)        
2022-10-17T15:12:18.8030815Z remote: Compressing objects:  10% (17/163)        
2022-10-17T15:12:18.8031104Z remote: Compressing objects:  11% (18/163)        
2022-10-17T15:12:18.8031377Z remote: Compressing objects:  12% (20/163)        
2022-10-17T15:12:18.8031659Z remote: Compressing objects:  13% (22/163)        
2022-10-17T15:12:18.8031939Z remote: Compressing objects:  14% (23/163)        
2022-10-17T15:12:18.8032211Z remote: Compressing objects:  15% (25/163)        
2022-10-17T15:12:18.8032490Z remote: Compressing objects:  16% (27/163)        
2022-10-17T15:12:18.8032766Z remote: Compressing objects:  17% (28/163)        
2022-10-17T15:12:18.8033044Z remote: Compressing objects:  18% (30/163)        
2022-10-17T15:12:18.8033439Z remote: Compressing objects:  19% (31/163)        
2022-10-17T15:12:18.8033719Z remote: Compressing objects:  20% (33/163)        
2022-10-17T15:12:18.8033999Z remote: Compressing objects:  21% (35/163)        
2022-10-17T15:12:18.8034799Z remote: Compressing objects:  22% (36/163)        
2022-10-17T15:12:18.8035082Z remote: Compressing objects:  23% (38/163)        
2022-10-17T15:12:18.8035360Z remote: Compressing objects:  24% (40/163)        
2022-10-17T15:12:18.8035632Z remote: Compressing objects:  25% (41/163)        
2022-10-17T15:12:18.8035905Z remote: Compressing objects:  26% (43/163)        
2022-10-17T15:12:18.8036178Z remote: Compressing objects:  27% (45/163)        
2022-10-17T15:12:18.8036528Z remote: Compressing objects:  28% (46/163)        
2022-10-17T15:12:18.8036794Z remote: Compressing objects:  29% (48/163)        
2022-10-17T15:12:18.8037076Z remote: Compressing objects:  30% (49/163)        
2022-10-17T15:12:18.8037352Z remote: Compressing objects:  31% (51/163)        
2022-10-17T15:12:18.8037618Z remote: Compressing objects:  32% (53/163)        
2022-10-17T15:12:18.8037887Z remote: Compressing objects:  33% (54/163)        
2022-10-17T15:12:18.8038165Z remote: Compressing objects:  34% (56/163)        
2022-10-17T15:12:18.8038427Z remote: Compressing objects:  35% (58/163)        
2022-10-17T15:12:18.8038700Z remote: Compressing objects:  36% (59/163)        
2022-10-17T15:12:18.8038982Z remote: Compressing objects:  37% (61/163)        
2022-10-17T15:12:18.8039253Z remote: Compressing objects:  38% (62/163)        
2022-10-17T15:12:18.8039519Z remote: Compressing objects:  39% (64/163)        
2022-10-17T15:12:18.8039796Z remote: Compressing objects:  40% (66/163)        
2022-10-17T15:12:18.8040082Z remote: Compressing objects:  41% (67/163)        
2022-10-17T15:12:18.8050408Z remote: Compressing objects:  42% (69/163)        
2022-10-17T15:12:18.8050769Z remote: Compressing objects:  43% (71/163)        
2022-10-17T15:12:18.8051068Z remote: Compressing objects:  44% (72/163)        
2022-10-17T15:12:18.8051356Z remote: Compressing objects:  45% (74/163)        
2022-10-17T15:12:18.8051630Z remote: Compressing objects:  46% (75/163)        
2022-10-17T15:12:18.8051923Z remote: Compressing objects:  47% (77/163)        
2022-10-17T15:12:18.8052212Z remote: Compressing objects:  48% (79/163)        
2022-10-17T15:12:18.8052541Z remote: Compressing objects:  49% (80/163)        
2022-10-17T15:12:18.8052822Z remote: Compressing objects:  50% (82/163)        
2022-10-17T15:12:18.8053101Z remote: Compressing objects:  51% (84/163)        
2022-10-17T15:12:18.8053363Z remote: Compressing objects:  52% (85/163)        
2022-10-17T15:12:18.8054148Z remote: Compressing objects:  53% (87/163)        
2022-10-17T15:12:18.8054574Z remote: Compressing objects:  54% (89/163)        
2022-10-17T15:12:18.8055124Z remote: Compressing objects:  55% (90/163)        
2022-10-17T15:12:18.8055764Z remote: Compressing objects:  56% (92/163)        
2022-10-17T15:12:18.8062281Z remote: Compressing objects:  57% (93/163)        
2022-10-17T15:12:18.8062626Z remote: Compressing objects:  58% (95/163)        
2022-10-17T15:12:18.8062929Z remote: Compressing objects:  59% (97/163)        
2022-10-17T15:12:18.8063226Z remote: Compressing objects:  60% (98/163)        
2022-10-17T15:12:18.8063530Z remote: Compressing objects:  61% (100/163)        
2022-10-17T15:12:18.8063816Z remote: Compressing objects:  62% (102/163)        
2022-10-17T15:12:18.8064111Z remote: Compressing objects:  63% (103/163)        
2022-10-17T15:12:18.8096994Z remote: Compressing objects:  64% (105/163)        
2022-10-17T15:12:18.8097381Z remote: Compressing objects:  65% (106/163)        
2022-10-17T15:12:18.8097694Z remote: Compressing objects:  66% (108/163)        
2022-10-17T15:12:18.8098098Z remote: Compressing objects:  67% (110/163)        
2022-10-17T15:12:18.8099049Z remote: Compressing objects:  68% (111/163)        
2022-10-17T15:12:18.8099346Z remote: Compressing objects:  69% (113/163)        
2022-10-17T15:12:18.8099622Z remote: Compressing objects:  70% (115/163)        
2022-10-17T15:12:18.8099905Z remote: Compressing objects:  71% (116/163)        
2022-10-17T15:12:18.8100194Z remote: Compressing objects:  72% (118/163)        
2022-10-17T15:12:18.8100533Z remote: Compressing objects:  73% (119/163)        
2022-10-17T15:12:18.8100804Z remote: Compressing objects:  74% (121/163)        
2022-10-17T15:12:18.8101081Z remote: Compressing objects:  75% (123/163)        
2022-10-17T15:12:18.8101352Z remote: Compressing objects:  76% (124/163)        
2022-10-17T15:12:18.8101618Z remote: Compressing objects:  77% (126/163)        
2022-10-17T15:12:18.8101898Z remote: Compressing objects:  78% (128/163)        
2022-10-17T15:12:18.8104564Z remote: Compressing objects:  79% (129/163)        
2022-10-17T15:12:18.8104833Z remote: Compressing objects:  80% (131/163)        
2022-10-17T15:12:18.8115035Z remote: Compressing objects:  81% (133/163)        
2022-10-17T15:12:18.8115350Z remote: Compressing objects:  82% (134/163)        
2022-10-17T15:12:18.8115627Z remote: Compressing objects:  83% (136/163)        
2022-10-17T15:12:18.8119447Z remote: Compressing objects:  84% (137/163)        
2022-10-17T15:12:18.8119733Z remote: Compressing objects:  85% (139/163)        
2022-10-17T15:12:18.8120010Z remote: Compressing objects:  86% (141/163)        
2022-10-17T15:12:18.8120324Z remote: Compressing objects:  87% (142/163)        
2022-10-17T15:12:18.8120636Z remote: Compressing objects:  88% (144/163)        
2022-10-17T15:12:18.8124637Z remote: Compressing objects:  89% (146/163)        
2022-10-17T15:12:18.8124930Z remote: Compressing objects:  90% (147/163)        
2022-10-17T15:12:18.8125213Z remote: Compressing objects:  91% (149/163)        
2022-10-17T15:12:18.8125480Z remote: Compressing objects:  92% (150/163)        
2022-10-17T15:12:18.8125758Z remote: Compressing objects:  93% (152/163)        
2022-10-17T15:12:18.8126034Z remote: Compressing objects:  94% (154/163)        
2022-10-17T15:12:18.8126300Z remote: Compressing objects:  95% (155/163)        
2022-10-17T15:12:18.8126575Z remote: Compressing objects:  96% (157/163)        
2022-10-17T15:12:18.8126847Z remote: Compressing objects:  97% (159/163)        
2022-10-17T15:12:18.8127108Z remote: Compressing objects:  98% (160/163)        
2022-10-17T15:12:18.8127379Z remote: Compressing objects:  99% (162/163)        
2022-10-17T15:12:18.8127650Z remote: Compressing objects: 100% (163/163)        
2022-10-17T15:12:18.8127948Z remote: Compressing objects: 100% (163/163), done.        
2022-10-17T15:12:18.8128245Z Receiving objects:   0% (1/1015)
2022-10-17T15:12:18.8128498Z Receiving objects:   1% (11/1015)
2022-10-17T15:12:18.8128749Z Receiving objects:   2% (21/1015)
2022-10-17T15:12:18.8128988Z Receiving objects:   3% (31/1015)
2022-10-17T15:12:18.8129334Z Receiving objects:   4% (41/1015)
2022-10-17T15:12:18.8129574Z Receiving objects:   5% (51/1015)
2022-10-17T15:12:18.8129800Z Receiving objects:   6% (61/1015)
2022-10-17T15:12:18.8130035Z Receiving objects:   7% (72/1015)
2022-10-17T15:12:18.8130270Z Receiving objects:   8% (82/1015)
2022-10-17T15:12:18.8130495Z Receiving objects:   9% (92/1015)
2022-10-17T15:12:18.8161488Z Receiving objects:  10% (102/1015)
2022-10-17T15:12:18.8175194Z Receiving objects:  11% (112/1015)
2022-10-17T15:12:18.8175487Z Receiving objects:  12% (122/1015)
2022-10-17T15:12:18.8175733Z Receiving objects:  13% (132/1015)
2022-10-17T15:12:18.8177154Z Receiving objects:  14% (143/1015)
2022-10-17T15:12:18.8177468Z Receiving objects:  15% (153/1015)
2022-10-17T15:12:18.8181949Z Receiving objects:  16% (163/1015)
2022-10-17T15:12:18.8182257Z Receiving objects:  17% (173/1015)
2022-10-17T15:12:18.8182890Z Receiving objects:  18% (183/1015)
2022-10-17T15:12:18.8187017Z Receiving objects:  19% (193/1015)
2022-10-17T15:12:18.8192296Z Receiving objects:  20% (203/1015)
2022-10-17T15:12:18.8192547Z Receiving objects:  21% (214/1015)
2022-10-17T15:12:18.8192929Z Receiving objects:  22% (224/1015)
2022-10-17T15:12:18.8193277Z Receiving objects:  23% (234/1015)
2022-10-17T15:12:18.8197844Z Receiving objects:  24% (244/1015)
2022-10-17T15:12:18.8212369Z Receiving objects:  25% (254/1015)
2022-10-17T15:12:18.8225152Z Receiving objects:  26% (264/1015)
2022-10-17T15:12:18.8225631Z Receiving objects:  27% (275/1015)
2022-10-17T15:12:18.8228812Z Receiving objects:  28% (285/1015)
2022-10-17T15:12:18.8234744Z Receiving objects:  29% (295/1015)
2022-10-17T15:12:18.8235052Z Receiving objects:  30% (305/1015)
2022-10-17T15:12:18.8236824Z Receiving objects:  31% (315/1015)
2022-10-17T15:12:18.8237290Z Receiving objects:  32% (325/1015)
2022-10-17T15:12:18.8237719Z Receiving objects:  33% (335/1015)
2022-10-17T15:12:18.8238312Z Receiving objects:  34% (346/1015)
2022-10-17T15:12:18.8238690Z Receiving objects:  35% (356/1015)
2022-10-17T15:12:18.8238948Z Receiving objects:  36% (366/1015)
2022-10-17T15:12:18.8239202Z Receiving objects:  37% (376/1015)
2022-10-17T15:12:18.8239442Z Receiving objects:  38% (386/1015)
2022-10-17T15:12:18.8239674Z Receiving objects:  39% (396/1015)
2022-10-17T15:12:18.8265649Z Receiving objects:  40% (406/1015)
2022-10-17T15:12:18.8265932Z Receiving objects:  41% (417/1015)
2022-10-17T15:12:18.8266175Z Receiving objects:  42% (427/1015)
2022-10-17T15:12:18.8266399Z Receiving objects:  43% (437/1015)
2022-10-17T15:12:18.8266639Z Receiving objects:  44% (447/1015)
2022-10-17T15:12:18.8266873Z Receiving objects:  45% (457/1015)
2022-10-17T15:12:18.8267104Z Receiving objects:  46% (467/1015)
2022-10-17T15:12:18.8267343Z Receiving objects:  47% (478/1015)
2022-10-17T15:12:18.8267575Z Receiving objects:  48% (488/1015)
2022-10-17T15:12:18.8267804Z Receiving objects:  49% (498/1015)
2022-10-17T15:12:18.8268047Z Receiving objects:  50% (508/1015)
2022-10-17T15:12:18.8268279Z Receiving objects:  51% (518/1015)
2022-10-17T15:12:18.8292884Z Receiving objects:  52% (528/1015)
2022-10-17T15:12:18.8296487Z Receiving objects:  53% (538/1015)
2022-10-17T15:12:18.8296733Z Receiving objects:  54% (549/1015)
2022-10-17T15:12:18.8311811Z Receiving objects:  55% (559/1015)
2022-10-17T15:12:18.8312105Z Receiving objects:  56% (569/1015)
2022-10-17T15:12:18.8325619Z Receiving objects:  57% (579/1015)
2022-10-17T15:12:18.8338605Z Receiving objects:  58% (589/1015)
2022-10-17T15:12:18.8339992Z Receiving objects:  59% (599/1015)
2022-10-17T15:12:18.8340944Z Receiving objects:  60% (609/1015)
2022-10-17T15:12:18.8344183Z Receiving objects:  61% (620/1015)
2022-10-17T15:12:18.8344541Z Receiving objects:  62% (630/1015)
2022-10-17T15:12:18.8344866Z Receiving objects:  63% (640/1015)
2022-10-17T15:12:18.8345179Z Receiving objects:  64% (650/1015)
2022-10-17T15:12:18.8349538Z Receiving objects:  65% (660/1015)
2022-10-17T15:12:18.8350022Z Receiving objects:  66% (670/1015)
2022-10-17T15:12:18.8350442Z Receiving objects:  67% (681/1015)
2022-10-17T15:12:18.8353117Z Receiving objects:  68% (691/1015)
2022-10-17T15:12:18.8359516Z Receiving objects:  69% (701/1015)
2022-10-17T15:12:18.8360621Z Receiving objects:  70% (711/1015)
2022-10-17T15:12:18.8373803Z Receiving objects:  71% (721/1015)
2022-10-17T15:12:18.8374920Z Receiving objects:  72% (731/1015)
2022-10-17T15:12:18.8384568Z Receiving objects:  73% (741/1015)
2022-10-17T15:12:18.8385646Z Receiving objects:  74% (752/1015)
2022-10-17T15:12:18.8409656Z Receiving objects:  75% (762/1015)
2022-10-17T15:12:18.8410129Z Receiving objects:  76% (772/1015)
2022-10-17T15:12:18.8413287Z Receiving objects:  77% (782/1015)
2022-10-17T15:12:18.8413540Z Receiving objects:  78% (792/1015)
2022-10-17T15:12:18.8423681Z Receiving objects:  79% (802/1015)
2022-10-17T15:12:18.8424756Z Receiving objects:  80% (812/1015)
2022-10-17T15:12:18.8425215Z Receiving objects:  81% (823/1015)
2022-10-17T15:12:18.8426719Z Receiving objects:  82% (833/1015)
2022-10-17T15:12:18.8428629Z Receiving objects:  83% (843/1015)
2022-10-17T15:12:18.8430125Z Receiving objects:  84% (853/1015)
2022-10-17T15:12:18.8431499Z Receiving objects:  85% (863/1015)
2022-10-17T15:12:18.8435042Z Receiving objects:  86% (873/1015)
2022-10-17T15:12:18.8435895Z Receiving objects:  87% (884/1015)
2022-10-17T15:12:18.8436558Z Receiving objects:  88% (894/1015)
2022-10-17T15:12:18.8437529Z Receiving objects:  89% (904/1015)
2022-10-17T15:12:18.8438441Z Receiving objects:  90% (914/1015)
2022-10-17T15:12:18.8444178Z Receiving objects:  91% (924/1015)
2022-10-17T15:12:18.8446775Z Receiving objects:  92% (934/1015)
2022-10-17T15:12:18.8447026Z Receiving objects:  93% (944/1015)
2022-10-17T15:12:18.8478379Z Receiving objects:  94% (955/1015)
2022-10-17T15:12:18.8479503Z Receiving objects:  95% (965/1015)
2022-10-17T15:12:18.8479746Z Receiving objects:  96% (975/1015)
2022-10-17T15:12:18.8479992Z Receiving objects:  97% (985/1015)
2022-10-17T15:12:18.8505412Z Receiving objects:  98% (995/1015)
2022-10-17T15:12:18.8505707Z Receiving objects:  99% (1005/1015)
2022-10-17T15:12:18.8506307Z remote: Total 1015 (delta 87), reused 93 (delta 66), pack-reused 778        
2022-10-17T15:12:18.8510999Z Receiving objects: 100% (1015/1015)
2022-10-17T15:12:18.8511309Z Receiving objects: 100% (1015/1015), 253.65 KiB | 6.04 MiB/s, done.
2022-10-17T15:12:18.8515037Z Resolving deltas:   0% (0/556)
2022-10-17T15:12:18.8518104Z Resolving deltas:   1% (6/556)
2022-10-17T15:12:18.8518532Z Resolving deltas:   2% (12/556)
2022-10-17T15:12:18.8518964Z Resolving deltas:   3% (17/556)
2022-10-17T15:12:18.8519832Z Resolving deltas:   4% (23/556)
2022-10-17T15:12:18.8520196Z Resolving deltas:   5% (28/556)
2022-10-17T15:12:18.8520570Z Resolving deltas:   6% (34/556)
2022-10-17T15:12:18.8520904Z Resolving deltas:   7% (39/556)
2022-10-17T15:12:18.8521203Z Resolving deltas:   8% (45/556)
2022-10-17T15:12:18.8521507Z Resolving deltas:   9% (51/556)
2022-10-17T15:12:18.8527470Z Resolving deltas:  10% (56/556)
2022-10-17T15:12:18.8527919Z Resolving deltas:  11% (62/556)
2022-10-17T15:12:18.8528280Z Resolving deltas:  12% (67/556)
2022-10-17T15:12:18.8528613Z Resolving deltas:  13% (73/556)
2022-10-17T15:12:18.8528933Z Resolving deltas:  14% (78/556)
2022-10-17T15:12:18.8529253Z Resolving deltas:  15% (84/556)
2022-10-17T15:12:18.8529567Z Resolving deltas:  16% (89/556)
2022-10-17T15:12:18.8529877Z Resolving deltas:  17% (95/556)
2022-10-17T15:12:18.8530187Z Resolving deltas:  18% (101/556)
2022-10-17T15:12:18.8530528Z Resolving deltas:  19% (106/556)
2022-10-17T15:12:18.8530850Z Resolving deltas:  20% (112/556)
2022-10-17T15:12:18.8531169Z Resolving deltas:  21% (117/556)
2022-10-17T15:12:18.8531481Z Resolving deltas:  22% (123/556)
2022-10-17T15:12:18.8531795Z Resolving deltas:  23% (128/556)
2022-10-17T15:12:18.8532103Z Resolving deltas:  24% (134/556)
2022-10-17T15:12:18.8532409Z Resolving deltas:  25% (139/556)
2022-10-17T15:12:18.8532730Z Resolving deltas:  26% (145/556)
2022-10-17T15:12:18.8533045Z Resolving deltas:  27% (151/556)
2022-10-17T15:12:18.8533358Z Resolving deltas:  28% (156/556)
2022-10-17T15:12:18.8533810Z Resolving deltas:  29% (162/556)
2022-10-17T15:12:18.8534187Z Resolving deltas:  30% (167/556)
2022-10-17T15:12:18.8537593Z Resolving deltas:  31% (173/556)
2022-10-17T15:12:18.8542128Z Resolving deltas:  32% (178/556)
2022-10-17T15:12:18.8545782Z Resolving deltas:  33% (184/556)
2022-10-17T15:12:18.8546948Z Resolving deltas:  34% (190/556)
2022-10-17T15:12:18.8548309Z Resolving deltas:  35% (195/556)
2022-10-17T15:12:18.8549808Z Resolving deltas:  36% (201/556)
2022-10-17T15:12:18.8551364Z Resolving deltas:  37% (206/556)
2022-10-17T15:12:18.8554098Z Resolving deltas:  38% (212/556)
2022-10-17T15:12:18.8556871Z Resolving deltas:  39% (217/556)
2022-10-17T15:12:18.8558877Z Resolving deltas:  40% (223/556)
2022-10-17T15:12:18.8561478Z Resolving deltas:  41% (228/556)
2022-10-17T15:12:18.8564523Z Resolving deltas:  42% (234/556)
2022-10-17T15:12:18.8566278Z Resolving deltas:  43% (240/556)
2022-10-17T15:12:18.8569973Z Resolving deltas:  44% (245/556)
2022-10-17T15:12:18.8570957Z Resolving deltas:  45% (252/556)
2022-10-17T15:12:18.8572646Z Resolving deltas:  46% (256/556)
2022-10-17T15:12:18.8575312Z Resolving deltas:  47% (262/556)
2022-10-17T15:12:18.8580583Z Resolving deltas:  48% (267/556)
2022-10-17T15:12:18.8584915Z Resolving deltas:  49% (273/556)
2022-10-17T15:12:18.8589410Z Resolving deltas:  50% (278/556)
2022-10-17T15:12:18.8593542Z Resolving deltas:  51% (284/556)
2022-10-17T15:12:18.8597633Z Resolving deltas:  52% (290/556)
2022-10-17T15:12:18.8601487Z Resolving deltas:  53% (295/556)
2022-10-17T15:12:18.8605111Z Resolving deltas:  54% (301/556)
2022-10-17T15:12:18.8608900Z Resolving deltas:  55% (306/556)
2022-10-17T15:12:18.8611503Z Resolving deltas:  56% (312/556)
2022-10-17T15:12:18.8615113Z Resolving deltas:  57% (317/556)
2022-10-17T15:12:18.8618329Z Resolving deltas:  58% (323/556)
2022-10-17T15:12:18.8622809Z Resolving deltas:  59% (329/556)
2022-10-17T15:12:18.8630451Z Resolving deltas:  60% (334/556)
2022-10-17T15:12:18.8631259Z Resolving deltas:  61% (340/556)
2022-10-17T15:12:18.8637976Z Resolving deltas:  62% (345/556)
2022-10-17T15:12:18.8643306Z Resolving deltas:  63% (351/556)
2022-10-17T15:12:18.8646793Z Resolving deltas:  64% (356/556)
2022-10-17T15:12:18.8649607Z Resolving deltas:  65% (362/556)
2022-10-17T15:12:18.8656754Z Resolving deltas:  66% (367/556)
2022-10-17T15:12:18.8659125Z Resolving deltas:  67% (373/556)
2022-10-17T15:12:18.8660528Z Resolving deltas:  68% (379/556)
2022-10-17T15:12:18.8663489Z Resolving deltas:  69% (384/556)
2022-10-17T15:12:18.8666803Z Resolving deltas:  70% (390/556)
2022-10-17T15:12:18.8671903Z Resolving deltas:  71% (395/556)
2022-10-17T15:12:18.8675894Z Resolving deltas:  72% (401/556)
2022-10-17T15:12:18.8681427Z Resolving deltas:  73% (406/556)
2022-10-17T15:12:18.8684262Z Resolving deltas:  74% (412/556)
2022-10-17T15:12:18.8691655Z Resolving deltas:  75% (417/556)
2022-10-17T15:12:18.8691920Z Resolving deltas:  76% (423/556)
2022-10-17T15:12:18.8692172Z Resolving deltas:  77% (429/556)
2022-10-17T15:12:18.8692401Z Resolving deltas:  78% (434/556)
2022-10-17T15:12:18.8692631Z Resolving deltas:  79% (440/556)
2022-10-17T15:12:18.8692864Z Resolving deltas:  80% (445/556)
2022-10-17T15:12:18.8693085Z Resolving deltas:  81% (451/556)
2022-10-17T15:12:18.8693309Z Resolving deltas:  82% (456/556)
2022-10-17T15:12:18.8697537Z Resolving deltas:  83% (462/556)
2022-10-17T15:12:18.8701896Z Resolving deltas:  84% (468/556)
2022-10-17T15:12:18.8702158Z Resolving deltas:  85% (473/556)
2022-10-17T15:12:18.8703846Z Resolving deltas:  86% (479/556)
2022-10-17T15:12:18.8704375Z Resolving deltas:  87% (484/556)
2022-10-17T15:12:18.8707069Z Resolving deltas:  88% (490/556)
2022-10-17T15:12:18.8707321Z Resolving deltas:  89% (495/556)
2022-10-17T15:12:18.8707559Z Resolving deltas:  90% (501/556)
2022-10-17T15:12:18.8707787Z Resolving deltas:  91% (506/556)
2022-10-17T15:12:18.8709193Z Resolving deltas:  92% (512/556)
2022-10-17T15:12:18.8715783Z Resolving deltas:  93% (518/556)
2022-10-17T15:12:18.8717728Z Resolving deltas:  94% (523/556)
2022-10-17T15:12:18.8722097Z Resolving deltas:  95% (529/556)
2022-10-17T15:12:18.8726490Z Resolving deltas:  96% (534/556)
2022-10-17T15:12:18.8730148Z Resolving deltas:  97% (540/556)
2022-10-17T15:12:18.8736392Z Resolving deltas:  98% (545/556)
2022-10-17T15:12:18.8746485Z Resolving deltas:  99% (551/556)
2022-10-17T15:12:18.8747653Z Resolving deltas: 100% (556/556)
2022-10-17T15:12:18.8747911Z Resolving deltas: 100% (556/556), done.
2022-10-17T15:12:18.8831727Z From https://github.com/con/tinuous
2022-10-17T15:12:18.8832574Z  * [new branch]      gh-152                                   -> origin/gh-152
2022-10-17T15:12:18.8850225Z  * [new branch]      gh-55                                    -> origin/gh-55
2022-10-17T15:12:18.8851437Z  * [new branch]      master                                   -> origin/master
2022-10-17T15:12:18.8852211Z  * [new branch]      no-extra-search                          -> origin/no-extra-search
2022-10-17T15:12:18.8852913Z  * [new branch]      test-appveyor                            -> origin/test-appveyor
2022-10-17T15:12:18.8853538Z  * [new tag]         0.1.0                                    -> 0.1.0
2022-10-17T15:12:18.8854127Z  * [new tag]         0.2.0                                    -> 0.2.0
2022-10-17T15:12:18.8854647Z  * [new tag]         0.3.0                                    -> 0.3.0
2022-10-17T15:12:18.8855217Z  * [new tag]         0.4.0                                    -> 0.4.0
2022-10-17T15:12:18.8856028Z  * [new tag]         0.5.0                                    -> 0.5.0
2022-10-17T15:12:18.8856447Z  * [new tag]         0.5.1                                    -> 0.5.1
2022-10-17T15:12:18.8856807Z  * [new tag]         0.5.2                                    -> 0.5.2
2022-10-17T15:12:18.8857154Z  * [new tag]         0.5.3                                    -> 0.5.3
2022-10-17T15:12:18.8857487Z  * [new tag]         0.5.4                                    -> 0.5.4
2022-10-17T15:12:18.8858104Z  * [new ref]         1ef69874a42d4abf2985ebe207a61aaed27aa056 -> pull/155/merge
2022-10-17T15:12:18.8876056Z ##[endgroup]
2022-10-17T15:12:18.8877025Z ##[group]Determining the checkout info
2022-10-17T15:12:18.8877664Z ##[endgroup]
2022-10-17T15:12:18.8878217Z ##[group]Checking out the ref
2022-10-17T15:12:18.8883415Z [command]/usr/bin/git checkout --progress --force refs/remotes/pull/155/merge
2022-10-17T15:12:18.8939697Z Note: switching to 'refs/remotes/pull/155/merge'.
2022-10-17T15:12:18.8940198Z 
2022-10-17T15:12:18.8940662Z You are in 'detached HEAD' state. You can look around, make experimental
2022-10-17T15:12:18.8941097Z changes and commit them, and you can discard any commits you make in this
2022-10-17T15:12:18.8941511Z state without impacting any branches by switching back to a branch.
2022-10-17T15:12:18.8941727Z 
2022-10-17T15:12:18.8941902Z If you want to create a new branch to retain commits you create, you may
2022-10-17T15:12:18.8942345Z do so (now or later) by using -c with the switch command. Example:
2022-10-17T15:12:18.8942563Z 
2022-10-17T15:12:18.8942734Z   git switch -c <new-branch-name>
2022-10-17T15:12:18.8942905Z 
2022-10-17T15:12:18.8943009Z Or undo this operation with:
2022-10-17T15:12:18.8943163Z 
2022-10-17T15:12:18.8943249Z   git switch -
2022-10-17T15:12:18.8943379Z 
2022-10-17T15:12:18.8943574Z Turn off this advice by setting config variable advice.detachedHead to false
2022-10-17T15:12:18.8943808Z 
2022-10-17T15:12:18.8944058Z HEAD is now at 1ef6987 Merge fcd7dc1afec967ea5f700843f0f07e08c7fb5b0c into 181330a2b66af423ade6489a8f66ab56c33e0255
2022-10-17T15:12:18.8950284Z ##[endgroup]
2022-10-17T15:12:18.8993528Z [command]/usr/bin/git log -1 --format='%H'
2022-10-17T15:12:18.9022515Z '1ef69874a42d4abf2985ebe207a61aaed27aa056'
2022-10-17T15:12:18.9332092Z ##[group]Run actions/setup-python@v4
2022-10-17T15:12:18.9332363Z with:
2022-10-17T15:12:18.9332576Z   python-version: 3.8
2022-10-17T15:12:18.9332806Z   check-latest: false
2022-10-17T15:12:18.9333228Z   token: ***
2022-10-17T15:12:18.9333461Z   update-environment: true
2022-10-17T15:12:18.9333693Z ##[endgroup]
2022-10-17T15:12:19.1100277Z Successfully set up CPython (3.8.14)
2022-10-17T15:12:19.1269254Z ##[group]Run python -m pip install --upgrade pip wheel
2022-10-17T15:12:19.1269705Z [36;1mpython -m pip install --upgrade pip wheel[0m
2022-10-17T15:12:19.1270073Z [36;1mpython -m pip install --upgrade --upgrade-strategy=eager tox[0m
2022-10-17T15:12:19.1327891Z shell: /usr/bin/bash -e {0}
2022-10-17T15:12:19.1328151Z env:
2022-10-17T15:12:19.1328446Z   pythonLocation: /opt/hostedtoolcache/Python/3.8.14/x64
2022-10-17T15:12:19.1328823Z   PKG_CONFIG_PATH: /opt/hostedtoolcache/Python/3.8.14/x64/lib/pkgconfig
2022-10-17T15:12:19.1329196Z   Python_ROOT_DIR: /opt/hostedtoolcache/Python/3.8.14/x64
2022-10-17T15:12:19.1329538Z   Python2_ROOT_DIR: /opt/hostedtoolcache/Python/3.8.14/x64
2022-10-17T15:12:19.1330090Z   Python3_ROOT_DIR: /opt/hostedtoolcache/Python/3.8.14/x64
2022-10-17T15:12:19.1330646Z   LD_LIBRARY_PATH: /opt/hostedtoolcache/Python/3.8.14/x64/lib
2022-10-17T15:12:19.1330932Z ##[endgroup]
2022-10-17T15:12:19.8133679Z Requirement already satisfied: pip in /opt/hostedtoolcache/Python/3.8.14/x64/lib/python3.8/site-packages (22.2.2)
2022-10-17T15:12:19.9200992Z Collecting pip
2022-10-17T15:12:19.9607111Z   Downloading pip-22.3-py3-none-any.whl (2.1 MB)
2022-10-17T15:12:20.0037166Z      ‚îÅ‚îÅ‚îÅ‚îÅ‚îÅ‚îÅ‚îÅ‚îÅ‚îÅ‚îÅ‚îÅ‚îÅ‚îÅ‚îÅ‚îÅ‚îÅ‚îÅ‚îÅ‚îÅ‚îÅ‚îÅ‚îÅ‚îÅ‚îÅ‚îÅ‚îÅ‚îÅ‚îÅ‚îÅ‚îÅ‚îÅ‚îÅ‚îÅ‚îÅ‚îÅ‚îÅ‚îÅ‚îÅ‚îÅ‚îÅ 2.1/2.1 MB 53.1 MB/s eta 0:00:00
2022-10-17T15:12:20.0687117Z Collecting wheel
2022-10-17T15:12:20.0750627Z   Downloading wheel-0.37.1-py2.py3-none-any.whl (35 kB)
2022-10-17T15:12:20.1165788Z Installing collected packages: wheel, pip
2022-10-17T15:12:20.1439839Z   Attempting uninstall: pip
2022-10-17T15:12:20.1448914Z     Found existing installation: pip 22.2.2
2022-10-17T15:12:20.3332281Z     Uninstalling pip-22.2.2:
2022-10-17T15:12:20.3854519Z       Successfully uninstalled pip-22.2.2
2022-10-17T15:12:21.4398304Z Successfully installed pip-22.3 wheel-0.37.1
2022-10-17T15:12:22.2172411Z Collecting tox
2022-10-17T15:12:22.2497049Z   Downloading tox-3.26.0-py2.py3-none-any.whl (86 kB)
2022-10-17T15:12:22.2610848Z      ‚îÅ‚îÅ‚îÅ‚îÅ‚îÅ‚îÅ‚îÅ‚îÅ‚îÅ‚îÅ‚îÅ‚îÅ‚îÅ‚îÅ‚îÅ‚îÅ‚îÅ‚îÅ‚îÅ‚îÅ‚îÅ‚îÅ‚îÅ‚îÅ‚îÅ‚îÅ‚îÅ‚îÅ‚îÅ‚îÅ‚îÅ‚îÅ‚îÅ‚îÅ‚îÅ‚îÅ‚îÅ‚îÅ‚îÅ‚îÅ 86.3/86.3 kB 9.2 MB/s eta 0:00:00
2022-10-17T15:12:22.3167584Z Collecting filelock>=3.0.0
2022-10-17T15:12:22.3248548Z   Downloading filelock-3.8.0-py3-none-any.whl (10 kB)
2022-10-17T15:12:22.3524059Z Collecting pluggy>=0.12.0
2022-10-17T15:12:22.3599858Z   Downloading pluggy-1.0.0-py2.py3-none-any.whl (13 kB)
2022-10-17T15:12:22.3874996Z Collecting six>=1.14.0
2022-10-17T15:12:22.3931977Z   Downloading six-1.16.0-py2.py3-none-any.whl (11 kB)
2022-10-17T15:12:22.4217006Z Collecting tomli>=2.0.1
2022-10-17T15:12:22.4631919Z   Downloading tomli-2.0.1-py3-none-any.whl (12 kB)
2022-10-17T15:12:22.6438710Z Collecting virtualenv!=20.0.0,!=20.0.1,!=20.0.2,!=20.0.3,!=20.0.4,!=20.0.5,!=20.0.6,!=20.0.7,>=16.0.0
2022-10-17T15:12:22.6719031Z   Downloading virtualenv-20.16.5-py3-none-any.whl (8.8 MB)
2022-10-17T15:12:22.7546648Z      ‚îÅ‚îÅ‚îÅ‚îÅ‚îÅ‚îÅ‚îÅ‚îÅ‚îÅ‚îÅ‚îÅ‚îÅ‚îÅ‚îÅ‚îÅ‚îÅ‚îÅ‚îÅ‚îÅ‚îÅ‚îÅ‚îÅ‚îÅ‚îÅ‚îÅ‚îÅ‚îÅ‚îÅ‚îÅ‚îÅ‚îÅ‚îÅ‚îÅ‚îÅ‚îÅ‚îÅ‚îÅ‚îÅ‚îÅ‚îÅ 8.8/8.8 MB 109.9 MB/s eta 0:00:00
2022-10-17T15:12:22.8208109Z Collecting py>=1.4.17
2022-10-17T15:12:22.8285700Z   Downloading py-1.11.0-py2.py3-none-any.whl (98 kB)
2022-10-17T15:12:22.8332033Z      ‚îÅ‚îÅ‚îÅ‚îÅ‚îÅ‚îÅ‚îÅ‚îÅ‚îÅ‚îÅ‚îÅ‚îÅ‚îÅ‚îÅ‚îÅ‚îÅ‚îÅ‚îÅ‚îÅ‚îÅ‚îÅ‚îÅ‚îÅ‚îÅ‚îÅ‚îÅ‚îÅ‚îÅ‚îÅ‚îÅ‚îÅ‚îÅ‚îÅ‚îÅ‚îÅ‚îÅ‚îÅ‚îÅ‚îÅ‚îÅ 98.7/98.7 kB 40.7 MB/s eta 0:00:00
2022-10-17T15:12:22.8712632Z Collecting packaging>=14
2022-10-17T15:12:22.8828950Z   Downloading packaging-21.3-py3-none-any.whl (40 kB)
2022-10-17T15:12:22.9102538Z      ‚îÅ‚îÅ‚îÅ‚îÅ‚îÅ‚îÅ‚îÅ‚îÅ‚îÅ‚îÅ‚îÅ‚îÅ‚îÅ‚îÅ‚îÅ‚îÅ‚îÅ‚îÅ‚îÅ‚îÅ‚îÅ‚îÅ‚îÅ‚îÅ‚îÅ‚îÅ‚îÅ‚îÅ‚îÅ‚îÅ‚îÅ‚îÅ‚îÅ‚îÅ‚îÅ‚îÅ‚îÅ‚îÅ‚îÅ‚îÅ 40.8/40.8 kB 1.2 MB/s eta 0:00:00
2022-10-17T15:12:22.9785263Z Collecting pyparsing!=3.0.5,>=2.0.2
2022-10-17T15:12:22.9863502Z   Downloading pyparsing-3.0.9-py3-none-any.whl (98 kB)
2022-10-17T15:12:22.9909108Z      ‚îÅ‚îÅ‚îÅ‚îÅ‚îÅ‚îÅ‚îÅ‚îÅ‚îÅ‚îÅ‚îÅ‚îÅ‚îÅ‚îÅ‚îÅ‚îÅ‚îÅ‚îÅ‚îÅ‚îÅ‚îÅ‚îÅ‚îÅ‚îÅ‚îÅ‚îÅ‚îÅ‚îÅ‚îÅ‚îÅ‚îÅ‚îÅ‚îÅ‚îÅ‚îÅ‚îÅ‚îÅ‚îÅ‚îÅ‚îÅ 98.3/98.3 kB 41.2 MB/s eta 0:00:00
2022-10-17T15:12:23.0478009Z Collecting platformdirs<3,>=2.4
2022-10-17T15:12:23.0554990Z   Downloading platformdirs-2.5.2-py3-none-any.whl (14 kB)
2022-10-17T15:12:23.0780255Z Collecting distlib<1,>=0.3.5
2022-10-17T15:12:23.0859713Z   Downloading distlib-0.3.6-py2.py3-none-any.whl (468 kB)
2022-10-17T15:12:23.0931666Z      ‚îÅ‚îÅ‚îÅ‚îÅ‚îÅ‚îÅ‚îÅ‚îÅ‚îÅ‚îÅ‚îÅ‚îÅ‚îÅ‚îÅ‚îÅ‚îÅ‚îÅ‚îÅ‚îÅ‚îÅ‚îÅ‚îÅ‚îÅ‚îÅ‚îÅ‚îÅ‚îÅ‚îÅ‚îÅ‚îÅ‚îÅ‚îÅ‚îÅ‚îÅ‚îÅ‚îÅ‚îÅ 468.5/468.5 kB 103.2 MB/s eta 0:00:00
2022-10-17T15:12:23.2168012Z Installing collected packages: distlib, tomli, six, pyparsing, py, pluggy, platformdirs, filelock, virtualenv, packaging, tox
2022-10-17T15:12:23.7507358Z Successfully installed distlib-0.3.6 filelock-3.8.0 packaging-21.3 platformdirs-2.5.2 pluggy-1.0.0 py-1.11.0 pyparsing-3.0.9 six-1.16.0 tomli-2.0.1 tox-3.26.0 virtualenv-20.16.5
2022-10-17T15:12:23.8839456Z ##[group]Run tox -e py -- --cov-report=xml
2022-10-17T15:12:23.8839755Z [36;1mtox -e py -- --cov-report=xml[0m
2022-10-17T15:12:23.8891257Z shell: /usr/bin/bash -e {0}
2022-10-17T15:12:23.8891476Z env:
2022-10-17T15:12:23.8891730Z   pythonLocation: /opt/hostedtoolcache/Python/3.8.14/x64
2022-10-17T15:12:23.8892070Z   PKG_CONFIG_PATH: /opt/hostedtoolcache/Python/3.8.14/x64/lib/pkgconfig
2022-10-17T15:12:23.8892384Z   Python_ROOT_DIR: /opt/hostedtoolcache/Python/3.8.14/x64
2022-10-17T15:12:23.8892709Z   Python2_ROOT_DIR: /opt/hostedtoolcache/Python/3.8.14/x64
2022-10-17T15:12:23.8893001Z   Python3_ROOT_DIR: /opt/hostedtoolcache/Python/3.8.14/x64
2022-10-17T15:12:23.8893291Z   LD_LIBRARY_PATH: /opt/hostedtoolcache/Python/3.8.14/x64/lib
2022-10-17T15:12:23.8893535Z ##[endgroup]
2022-10-17T15:12:24.1133495Z .package create: /home/runner/work/tinuous/tinuous/.tox/.package
2022-10-17T15:12:24.7643823Z .package installdeps: setuptools >= 46.4.0, wheel ~= 0.32
2022-10-17T15:12:28.3766198Z warning: no previously-included files matching '*.py[cod]' found anywhere in distribution
2022-10-17T15:12:28.6789599Z warning: no previously-included files matching '*.py[cod]' found anywhere in distribution
2022-10-17T15:12:28.7566655Z py create: /home/runner/work/tinuous/tinuous/.tox/py
2022-10-17T15:12:28.9917979Z py installdeps: pytest~=6.0, pytest-cov~=2.0, pytest-mock~=3.0
2022-10-17T15:12:32.5613624Z py inst: /home/runner/work/tinuous/tinuous/.tox/.tmp/package/1/tinuous-0.5.4+5.g1ef6987.tar.gz
2022-10-17T15:12:39.6864516Z py installed: attrs==22.1.0,certifi==2022.9.24,cffi==1.15.1,charset-normalizer==2.1.1,click==8.1.3,click-loglevel==0.4.0.post1,coverage==6.5.0,Deprecated==1.2.13,idna==3.4,in-place==0.5.0,iniconfig==1.1.1,packaging==21.3,pluggy==1.0.0,py==1.11.0,pycparser==2.21,pydantic==1.10.2,PyGithub==1.56,PyJWT==2.5.0,PyNaCl==1.5.0,pyparsing==3.0.9,pytest==6.2.5,pytest-cov==2.12.1,pytest-mock==3.10.0,python-dateutil==2.8.2,python-dotenv==0.21.0,PyYAML==5.4.1,requests==2.28.1,six==1.16.0,tinuous @ file:///home/runner/work/tinuous/tinuous/.tox/.tmp/package/1/tinuous-0.5.4%2B5.g1ef6987.tar.gz,toml==0.10.2,typing_extensions==4.4.0,urllib3==1.26.12,wrapt==1.14.1
2022-10-17T15:12:39.6867754Z py run-test-pre: PYTHONHASHSEED='2213128114'
2022-10-17T15:12:39.6869043Z py run-test: commands[0] | tinuous --help
2022-10-17T15:12:39.9410206Z Usage: tinuous [OPTIONS] COMMAND [ARGS]...
2022-10-17T15:12:39.9410554Z 
2022-10-17T15:12:39.9410813Z   Download build logs from GitHub Actions, Travis, and Appveyor
2022-10-17T15:12:39.9411102Z 
2022-10-17T15:12:39.9411243Z Options:
2022-10-17T15:12:39.9411798Z   -V, --version                   Show the version and exit.
2022-10-17T15:12:39.9412279Z   -c, --config FILE               Read configuration from the given file
2022-10-17T15:12:39.9412695Z                                   [default: tinuous.yaml]
2022-10-17T15:12:39.9413157Z   -E, --env FILE                  Load environment variables from given .env
2022-10-17T15:12:39.9413517Z                                   file
2022-10-17T15:12:39.9413927Z   -l, --log-level [NOTSET|DEBUG|INFO|WARNING|ERROR|CRITICAL]
2022-10-17T15:12:39.9414302Z                                   Set logging level  [default: INFO]
2022-10-17T15:12:39.9414731Z   --help                          Show this message and exit.
2022-10-17T15:12:39.9414966Z 
2022-10-17T15:12:39.9415103Z Commands:
2022-10-17T15:12:39.9415371Z   fetch     Download logs
2022-10-17T15:12:39.9415665Z   sanitize  Sanitize secrets in logs
2022-10-17T15:12:39.9665816Z py run-test: commands[1] | pytest --cov-report=xml test
2022-10-17T15:12:41.0538195Z ============================= test session starts ==============================
2022-10-17T15:12:41.0539002Z platform linux -- Python 3.8.14, pytest-6.2.5, py-1.11.0, pluggy-1.0.0
2022-10-17T15:12:41.0539371Z cachedir: .tox/py/.pytest_cache
2022-10-17T15:12:41.0539746Z rootdir: /home/runner/work/tinuous/tinuous, configfile: tox.ini
2022-10-17T15:12:41.0540164Z plugins: mock-3.10.0, cov-2.12.1
2022-10-17T15:12:41.0540700Z collected 63 items
2022-10-17T15:12:41.0540908Z 
2022-10-17T15:12:41.0666413Z test/test_base.py .........                                              [ 14%]
2022-10-17T15:12:41.0785019Z test/test_config.py ........                                             [ 26%]
2022-10-17T15:12:41.0968022Z test/test_state.py .......                                               [ 38%]
2022-10-17T15:12:41.3304944Z test/test_util.py .......................................                [100%]
2022-10-17T15:12:41.3305298Z 
2022-10-17T15:12:41.3305827Z ---------- coverage: platform linux, python 3.8.14-final-0 -----------
2022-10-17T15:12:41.3306230Z Coverage XML written to file coverage.xml
2022-10-17T15:12:41.3306462Z 
2022-10-17T15:12:41.3306536Z 
2022-10-17T15:12:41.3306738Z ============================== 63 passed in 0.63s ==============================
2022-10-17T15:12:41.3738930Z ___________________________________ summary ____________________________________
2022-10-17T15:12:41.3739416Z   py: commands succeeded
2022-10-17T15:12:41.3739727Z   congratulations :)
2022-10-17T15:12:41.4001447Z ##[group]Run codecov/codecov-action@v3
2022-10-17T15:12:41.4001746Z with:
2022-10-17T15:12:41.4002039Z   fail_ci_if_error: false
2022-10-17T15:12:41.4002285Z env:
2022-10-17T15:12:41.4002794Z   pythonLocation: /opt/hostedtoolcache/Python/3.8.14/x64
2022-10-17T15:12:41.4003208Z   PKG_CONFIG_PATH: /opt/hostedtoolcache/Python/3.8.14/x64/lib/pkgconfig
2022-10-17T15:12:41.4003634Z   Python_ROOT_DIR: /opt/hostedtoolcache/Python/3.8.14/x64
2022-10-17T15:12:41.4004071Z   Python2_ROOT_DIR: /opt/hostedtoolcache/Python/3.8.14/x64
2022-10-17T15:12:41.4004447Z   Python3_ROOT_DIR: /opt/hostedtoolcache/Python/3.8.14/x64
2022-10-17T15:12:41.4004821Z   LD_LIBRARY_PATH: /opt/hostedtoolcache/Python/3.8.14/x64/lib
2022-10-17T15:12:41.4005086Z ##[endgroup]
2022-10-17T15:12:41.5510410Z ==> linux OS detected
2022-10-17T15:12:42.0327661Z https://uploader.codecov.io/latest/linux/codecov.SHA256SUM
2022-10-17T15:12:42.2071698Z ==> SHASUM file signed by key id 806bb28aed779869
2022-10-17T15:12:42.4114247Z ==> Uploader SHASUM verified (20f9c9d78483fce977b6cc39e231a734a23bcd36f4d536bb7355222fb88d02bc  codecov)
2022-10-17T15:12:42.4119830Z ==> Running version latest
2022-10-17T15:12:42.4812567Z ==> Running version v0.3.2
2022-10-17T15:12:42.4837100Z [command]/home/runner/work/_actions/codecov/codecov-action/v3/dist/codecov -n  -Q github-action-3.1.1 -C fcd7dc1afec967ea5f700843f0f07e08c7fb5b0c
2022-10-17T15:12:42.7101896Z [2022-10-17T15:12:42.708Z] ['info'] 
2022-10-17T15:12:42.7102521Z      _____          _
2022-10-17T15:12:42.7103064Z     / ____|        | |
2022-10-17T15:12:42.7103817Z    | |     ___   __| | ___  ___ _____   __
2022-10-17T15:12:42.7104113Z    | |    / _ \ / _` |/ _ \/ __/ _ \ \ / /
2022-10-17T15:12:42.7104401Z    | |___| (_) | (_| |  __/ (_| (_) \ V /
2022-10-17T15:12:42.7104803Z     \_____\___/ \__,_|\___|\___\___/ \_/
2022-10-17T15:12:42.7104976Z 
2022-10-17T15:12:42.7105081Z   Codecov report uploader 0.3.2
2022-10-17T15:12:42.7215716Z [2022-10-17T15:12:42.717Z] ['info'] => Project root located at: /home/runner/work/tinuous/tinuous
2022-10-17T15:12:42.7216512Z [2022-10-17T15:12:42.720Z] ['info'] -> No token specified or token is empty
2022-10-17T15:12:42.7332192Z [2022-10-17T15:12:42.727Z] ['info'] Searching for coverage files...
2022-10-17T15:12:42.8254517Z [2022-10-17T15:12:42.825Z] ['info'] Warning: Some files located via search were excluded from upload.
2022-10-17T15:12:42.8259025Z [2022-10-17T15:12:42.825Z] ['info'] If Codecov did not locate your files, please review https://docs.codecov.com/docs/supported-report-formats
2022-10-17T15:12:42.8263233Z [2022-10-17T15:12:42.826Z] ['info'] => Found 1 possible coverage files:
2022-10-17T15:12:42.8263779Z   coverage.xml
2022-10-17T15:12:42.8267089Z [2022-10-17T15:12:42.826Z] ['info'] Processing /home/runner/work/tinuous/tinuous/coverage.xml...
2022-10-17T15:12:42.8392533Z [2022-10-17T15:12:42.838Z] ['info'] Detected GitHub Actions as the CI provider.
2022-10-17T15:12:42.8414133Z [2022-10-17T15:12:42.841Z] ['info'] Pinging Codecov: https://codecov.io/upload/v4?package=github-action-3.1.1-uploader-0.3.2&token=*******&branch=gh-152&build=3266337489&build_url=https%3A%2F%2Fgithub.com%2Fcon%2Ftinuous%2Factions%2Fruns%2F3266337489&commit=fcd7dc1afec967ea5f700843f0f07e08c7fb5b0c&job=Test&pr=155&service=github-actions&slug=con%2Ftinuous&name=&tag=&flags=&parent=
2022-10-17T15:12:43.4701354Z [2022-10-17T15:12:43.469Z] ['info'] https://app.codecov.io/github/con/tinuous/commit/fcd7dc1afec967ea5f700843f0f07e08c7fb5b0c
2022-10-17T15:12:43.4703351Z https://storage.googleapis.com/codecov/v4/raw/2022-10-17/0010CBA6D851417C00BB0BC3FC5895F9/fcd7dc1afec967ea5f700843f0f07e08c7fb5b0c/12e8e65c-23bc-4fbf-b803-2706cb341219.txt?X-Amz-Algorithm=AWS4-HMAC-SHA256&X-Amz-Credential=GOOG1EJOGFN2JQ4OCTGA2MU5AEIT7OT5Z7HTFOAN2SPG4NWSN2UJYOY5U6LZQ%2F20221017%2FUS%2Fs3%2Faws4_request&X-Amz-Date=20221017T151243Z&X-Amz-Expires=10&X-Amz-SignedHeaders=host&X-Amz-Signature=2a4071e91e228e4c2624131fc604d496df8ea5af579bf8b8eb1d87c4bec90365
2022-10-17T15:12:43.4713267Z [2022-10-17T15:12:43.471Z] ['info'] Uploading...
2022-10-17T15:12:43.7444125Z [2022-10-17T15:12:43.743Z] ['info'] {"status":"success","resultURL":"https://app.codecov.io/github/con/tinuous/commit/fcd7dc1afec967ea5f700843f0f07e08c7fb5b0c"}
2022-10-17T15:12:43.7805132Z Post job cleanup.
2022-10-17T15:12:43.9619003Z Post job cleanup.
2022-10-17T15:12:44.1004282Z [command]/usr/bin/git version
2022-10-17T15:12:44.1062794Z git version 2.37.3
2022-10-17T15:12:44.1112379Z Temporarily overriding HOME='/home/runner/work/_temp/ba273de0-65c5-49e7-9789-120b182637bd' before making global git config changes
2022-10-17T15:12:44.1113879Z Adding repository directory to the temporary git global config as a safe directory
2022-10-17T15:12:44.1118792Z [command]/usr/bin/git config --global --add safe.directory /home/runner/work/tinuous/tinuous
2022-10-17T15:12:44.1163042Z [command]/usr/bin/git config --local --name-only --get-regexp core\.sshCommand
2022-10-17T15:12:44.1204861Z [command]/usr/bin/git submodule foreach --recursive git config --local --name-only --get-regexp 'core\.sshCommand' && git config --local --unset-all 'core.sshCommand' || :
2022-10-17T15:12:44.1461907Z [command]/usr/bin/git config --local --name-only --get-regexp http\.https\:\/\/github\.com\/\.extraheader
2022-10-17T15:12:44.1494216Z http.https://github.com/.extraheader
2022-10-17T15:12:44.1507362Z [command]/usr/bin/git config --local --unset-all http.https://github.com/.extraheader
2022-10-17T15:12:44.1560757Z [command]/usr/bin/git submodule foreach --recursive git config --local --name-only --get-regexp 'http\.https\:\/\/github\.com\/\.extraheader' && git config --local --unset-all 'http.https://github.com/.extraheader' || :
2022-10-17T15:12:44.2068281Z Cleaning up orphan processes
