2022-10-17T15:12:05.3011298Z Requested labels: ubuntu-latest
2022-10-17T15:12:05.3011339Z Job defined at: con/tinuous/.github/workflows/test.yml@refs/pull/155/merge
2022-10-17T15:12:05.3011363Z Waiting for a runner to pick up this job...
2022-10-17T15:12:06.1051036Z Job is waiting for a hosted runner to come online.
2022-10-17T15:12:08.7996593Z Job is about to start running on the hosted runner: GitHub Actions 9 (hosted)
2022-10-17T15:12:12.8602335Z Current runner version: '2.298.2'
2022-10-17T15:12:12.8628423Z ##[group]Operating System
2022-10-17T15:12:12.8628955Z Ubuntu
2022-10-17T15:12:12.8629233Z 20.04.5
2022-10-17T15:12:12.8629618Z LTS
2022-10-17T15:12:12.8629921Z ##[endgroup]
2022-10-17T15:12:12.8630202Z ##[group]Runner Image
2022-10-17T15:12:12.8630563Z Image: ubuntu-20.04
2022-10-17T15:12:12.8630925Z Version: 20221002.2
2022-10-17T15:12:12.8631475Z Included Software: https://github.com/actions/runner-images/blob/ubuntu20/20221002.2/images/linux/Ubuntu2004-Readme.md
2022-10-17T15:12:12.8632094Z Image Release: https://github.com/actions/runner-images/releases/tag/ubuntu20%2F20221002.2
2022-10-17T15:12:12.8632577Z ##[endgroup]
2022-10-17T15:12:12.8632928Z ##[group]Runner Image Provisioner
2022-10-17T15:12:12.8633249Z 2.0.78.1
2022-10-17T15:12:12.8633545Z ##[endgroup]
2022-10-17T15:12:12.8634421Z ##[group]GITHUB_TOKEN Permissions
2022-10-17T15:12:12.8635098Z Actions: write
2022-10-17T15:12:12.8635399Z Checks: write
2022-10-17T15:12:12.8635867Z Contents: write
2022-10-17T15:12:12.8636214Z Deployments: write
2022-10-17T15:12:12.8636522Z Discussions: write
2022-10-17T15:12:12.8636883Z Issues: write
2022-10-17T15:12:12.8637190Z Metadata: read
2022-10-17T15:12:12.8637735Z Packages: write
2022-10-17T15:12:12.8638043Z Pages: write
2022-10-17T15:12:12.8638379Z PullRequests: write
2022-10-17T15:12:12.8638674Z RepositoryProjects: write
2022-10-17T15:12:12.8639019Z SecurityEvents: write
2022-10-17T15:12:12.8639344Z Statuses: write
2022-10-17T15:12:12.8639596Z ##[endgroup]
2022-10-17T15:12:12.8643187Z Secret source: Actions
2022-10-17T15:12:12.8643644Z Prepare workflow directory
2022-10-17T15:12:12.9489561Z Prepare all required actions
2022-10-17T15:12:12.9673260Z Getting action download info
2022-10-17T15:12:13.2056440Z Download action repository 'actions/checkout@v3' (SHA:93ea575cb5d8a053eaa0ac8fa3b40d7e05a33cc8)
2022-10-17T15:12:13.7940396Z Download action repository 'actions/setup-python@v4' (SHA:13ae5bb136fac2878aff31522b9efb785519f984)
2022-10-17T15:12:14.3734535Z Download action repository 'codecov/codecov-action@v3' (SHA:d9f34f8cd5cb3b3eb79b3e4b5dae3a16df499a70)
2022-10-17T15:12:15.1733894Z ##[group]Run actions/checkout@v3
2022-10-17T15:12:15.1734191Z with:
2022-10-17T15:12:15.1734415Z   fetch-depth: 0
2022-10-17T15:12:15.1734637Z   repository: con/tinuous
2022-10-17T15:12:15.1735022Z   token: ***
2022-10-17T15:12:15.1735226Z   ssh-strict: true
2022-10-17T15:12:15.1735459Z   persist-credentials: true
2022-10-17T15:12:15.1735692Z   clean: true
2022-10-17T15:12:15.1735881Z   lfs: false
2022-10-17T15:12:15.1736075Z   submodules: false
2022-10-17T15:12:15.1736305Z   set-safe-directory: true
2022-10-17T15:12:15.1736528Z ##[endgroup]
2022-10-17T15:12:15.4498282Z Syncing repository: con/tinuous
2022-10-17T15:12:15.4500174Z ##[group]Getting Git version info
2022-10-17T15:12:15.4500696Z Working directory is '/home/runner/work/tinuous/tinuous'
2022-10-17T15:12:15.4501236Z [command]/usr/bin/git version
2022-10-17T15:12:15.4603480Z git version 2.37.3
2022-10-17T15:12:15.4631867Z ##[endgroup]
2022-10-17T15:12:15.4651997Z Temporarily overriding HOME='/home/runner/work/_temp/0ec6b668-5297-46ac-bd6a-4216751376b5' before making global git config changes
2022-10-17T15:12:15.4652544Z Adding repository directory to the temporary git global config as a safe directory
2022-10-17T15:12:15.4653078Z [command]/usr/bin/git config --global --add safe.directory /home/runner/work/tinuous/tinuous
2022-10-17T15:12:15.4693055Z Deleting the contents of '/home/runner/work/tinuous/tinuous'
2022-10-17T15:12:15.4698472Z ##[group]Initializing the repository
2022-10-17T15:12:15.4702000Z [command]/usr/bin/git init /home/runner/work/tinuous/tinuous
2022-10-17T15:12:15.4777656Z hint: Using 'master' as the name for the initial branch. This default branch name
2022-10-17T15:12:15.4778855Z hint: is subject to change. To configure the initial branch name to use in all
2022-10-17T15:12:15.4779747Z hint: of your new repositories, which will suppress this warning, call:
2022-10-17T15:12:15.4780115Z hint: 
2022-10-17T15:12:15.4780755Z hint: 	git config --global init.defaultBranch <name>
2022-10-17T15:12:15.4781075Z hint: 
2022-10-17T15:12:15.4781434Z hint: Names commonly chosen instead of 'master' are 'main', 'trunk' and
2022-10-17T15:12:15.4781909Z hint: 'development'. The just-created branch can be renamed via this command:
2022-10-17T15:12:15.4782197Z hint: 
2022-10-17T15:12:15.4782448Z hint: 	git branch -m <name>
2022-10-17T15:12:15.4794176Z Initialized empty Git repository in /home/runner/work/tinuous/tinuous/.git/
2022-10-17T15:12:15.4806537Z [command]/usr/bin/git remote add origin https://github.com/con/tinuous
2022-10-17T15:12:15.4866268Z ##[endgroup]
2022-10-17T15:12:15.4866778Z ##[group]Disabling automatic garbage collection
2022-10-17T15:12:15.4871378Z [command]/usr/bin/git config --local gc.auto 0
2022-10-17T15:12:15.4899192Z ##[endgroup]
2022-10-17T15:12:15.4900085Z ##[group]Setting up auth
2022-10-17T15:12:15.4908287Z [command]/usr/bin/git config --local --name-only --get-regexp core\.sshCommand
2022-10-17T15:12:15.4939956Z [command]/usr/bin/git submodule foreach --recursive git config --local --name-only --get-regexp 'core\.sshCommand' && git config --local --unset-all 'core.sshCommand' || :
2022-10-17T15:12:15.5277164Z [command]/usr/bin/git config --local --name-only --get-regexp http\.https\:\/\/github\.com\/\.extraheader
2022-10-17T15:12:15.5308596Z [command]/usr/bin/git submodule foreach --recursive git config --local --name-only --get-regexp 'http\.https\:\/\/github\.com\/\.extraheader' && git config --local --unset-all 'http.https://github.com/.extraheader' || :
2022-10-17T15:12:15.5529824Z [command]/usr/bin/git config --local http.https://github.com/.extraheader AUTHORIZATION: basic ***
2022-10-17T15:12:15.5566562Z ##[endgroup]
2022-10-17T15:12:15.5567090Z ##[group]Fetching the repository
2022-10-17T15:12:15.5579353Z [command]/usr/bin/git -c protocol.version=2 fetch --prune --progress --no-recurse-submodules origin +refs/heads/*:refs/remotes/origin/* +refs/tags/*:refs/tags/* +1ef69874a42d4abf2985ebe207a61aaed27aa056:refs/remotes/pull/155/merge
2022-10-17T15:12:16.0063265Z remote: Enumerating objects: 1015, done.        
2022-10-17T15:12:16.0065825Z remote: Counting objects:   0% (1/237)        
2022-10-17T15:12:16.0066391Z remote: Counting objects:   1% (3/237)        
2022-10-17T15:12:16.0066873Z remote: Counting objects:   2% (5/237)        
2022-10-17T15:12:16.0067595Z remote: Counting objects:   3% (8/237)        
2022-10-17T15:12:16.0068008Z remote: Counting objects:   4% (10/237)        
2022-10-17T15:12:16.0068393Z remote: Counting objects:   5% (12/237)        
2022-10-17T15:12:16.0069090Z remote: Counting objects:   6% (15/237)        
2022-10-17T15:12:16.0069405Z remote: Counting objects:   7% (17/237)        
2022-10-17T15:12:16.0069652Z remote: Counting objects:   8% (19/237)        
2022-10-17T15:12:16.0070037Z remote: Counting objects:   9% (22/237)        
2022-10-17T15:12:16.0070295Z remote: Counting objects:  10% (24/237)        
2022-10-17T15:12:16.0070535Z remote: Counting objects:  11% (27/237)        
2022-10-17T15:12:16.0070782Z remote: Counting objects:  12% (29/237)        
2022-10-17T15:12:16.0071026Z remote: Counting objects:  13% (31/237)        
2022-10-17T15:12:16.0071257Z remote: Counting objects:  14% (34/237)        
2022-10-17T15:12:16.0071489Z remote: Counting objects:  15% (36/237)        
2022-10-17T15:12:16.0071726Z remote: Counting objects:  16% (38/237)        
2022-10-17T15:12:16.0071951Z remote: Counting objects:  17% (41/237)        
2022-10-17T15:12:16.0072188Z remote: Counting objects:  18% (43/237)        
2022-10-17T15:12:16.0072430Z remote: Counting objects:  19% (46/237)        
2022-10-17T15:12:16.0072661Z remote: Counting objects:  20% (48/237)        
2022-10-17T15:12:16.0072888Z remote: Counting objects:  21% (50/237)        
2022-10-17T15:12:16.0078173Z remote: Counting objects:  22% (53/237)        
2022-10-17T15:12:16.0078438Z remote: Counting objects:  23% (55/237)        
2022-10-17T15:12:16.0078674Z remote: Counting objects:  24% (57/237)        
2022-10-17T15:12:16.0079059Z remote: Counting objects:  25% (60/237)        
2022-10-17T15:12:16.0079310Z remote: Counting objects:  26% (62/237)        
2022-10-17T15:12:16.0079545Z remote: Counting objects:  27% (64/237)        
2022-10-17T15:12:16.0079794Z remote: Counting objects:  28% (67/237)        
2022-10-17T15:12:16.0080027Z remote: Counting objects:  29% (69/237)        
2022-10-17T15:12:16.0080253Z remote: Counting objects:  30% (72/237)        
2022-10-17T15:12:16.0080494Z remote: Counting objects:  31% (74/237)        
2022-10-17T15:12:16.0080725Z remote: Counting objects:  32% (76/237)        
2022-10-17T15:12:16.0080959Z remote: Counting objects:  33% (79/237)        
2022-10-17T15:12:16.0081287Z remote: Counting objects:  34% (81/237)        
2022-10-17T15:12:16.0081521Z remote: Counting objects:  35% (83/237)        
2022-10-17T15:12:16.0081762Z remote: Counting objects:  36% (86/237)        
2022-10-17T15:12:16.0081994Z remote: Counting objects:  37% (88/237)        
2022-10-17T15:12:16.0082223Z remote: Counting objects:  38% (91/237)        
2022-10-17T15:12:16.0082462Z remote: Counting objects:  39% (93/237)        
2022-10-17T15:12:16.0082686Z remote: Counting objects:  40% (95/237)        
2022-10-17T15:12:16.0082917Z remote: Counting objects:  41% (98/237)        
2022-10-17T15:12:16.0083158Z remote: Counting objects:  42% (100/237)        
2022-10-17T15:12:16.0083399Z remote: Counting objects:  43% (102/237)        
2022-10-17T15:12:16.0083645Z remote: Counting objects:  44% (105/237)        
2022-10-17T15:12:16.0083883Z remote: Counting objects:  45% (107/237)        
2022-10-17T15:12:16.0084130Z remote: Counting objects:  46% (110/237)        
2022-10-17T15:12:16.0084366Z remote: Counting objects:  47% (112/237)        
2022-10-17T15:12:16.0084603Z remote: Counting objects:  48% (114/237)        
2022-10-17T15:12:16.0084847Z remote: Counting objects:  49% (117/237)        
2022-10-17T15:12:16.0085073Z remote: Counting objects:  50% (119/237)        
2022-10-17T15:12:16.0085307Z remote: Counting objects:  51% (121/237)        
2022-10-17T15:12:16.0085619Z remote: Counting objects:  52% (124/237)        
2022-10-17T15:12:16.0085849Z remote: Counting objects:  53% (126/237)        
2022-10-17T15:12:16.0086087Z remote: Counting objects:  54% (128/237)        
2022-10-17T15:12:16.0086325Z remote: Counting objects:  55% (131/237)        
2022-10-17T15:12:16.0086551Z remote: Counting objects:  56% (133/237)        
2022-10-17T15:12:16.0086787Z remote: Counting objects:  57% (136/237)        
2022-10-17T15:12:16.0087018Z remote: Counting objects:  58% (138/237)        
2022-10-17T15:12:16.0087247Z remote: Counting objects:  59% (140/237)        
2022-10-17T15:12:16.0087476Z remote: Counting objects:  60% (143/237)        
2022-10-17T15:12:16.0087715Z remote: Counting objects:  61% (145/237)        
2022-10-17T15:12:16.0087948Z remote: Counting objects:  62% (147/237)        
2022-10-17T15:12:16.0088173Z remote: Counting objects:  63% (150/237)        
2022-10-17T15:12:16.0088489Z remote: Counting objects:  64% (152/237)        
2022-10-17T15:12:16.0088733Z remote: Counting objects:  65% (155/237)        
2022-10-17T15:12:16.0088972Z remote: Counting objects:  66% (157/237)        
2022-10-17T15:12:16.0089200Z remote: Counting objects:  67% (159/237)        
2022-10-17T15:12:16.0089429Z remote: Counting objects:  68% (162/237)        
2022-10-17T15:12:16.0089667Z remote: Counting objects:  69% (164/237)        
2022-10-17T15:12:16.0089897Z remote: Counting objects:  70% (166/237)        
2022-10-17T15:12:16.0090131Z remote: Counting objects:  71% (169/237)        
2022-10-17T15:12:16.0090369Z remote: Counting objects:  72% (171/237)        
2022-10-17T15:12:16.0090600Z remote: Counting objects:  73% (174/237)        
2022-10-17T15:12:16.0090823Z remote: Counting objects:  74% (176/237)        
2022-10-17T15:12:16.0091055Z remote: Counting objects:  75% (178/237)        
2022-10-17T15:12:16.0091286Z remote: Counting objects:  76% (181/237)        
2022-10-17T15:12:16.0091512Z remote: Counting objects:  77% (183/237)        
2022-10-17T15:12:16.0091802Z remote: Counting objects:  78% (185/237)        
2022-10-17T15:12:16.0092037Z remote: Counting objects:  79% (188/237)        
2022-10-17T15:12:16.0092258Z remote: Counting objects:  80% (190/237)        
2022-10-17T15:12:16.0092485Z remote: Counting objects:  81% (192/237)        
2022-10-17T15:12:16.0092716Z remote: Counting objects:  82% (195/237)        
2022-10-17T15:12:16.0092940Z remote: Counting objects:  83% (197/237)        
2022-10-17T15:12:16.0093176Z remote: Counting objects:  84% (200/237)        
2022-10-17T15:12:16.0093406Z remote: Counting objects:  85% (202/237)        
2022-10-17T15:12:16.0093638Z remote: Counting objects:  86% (204/237)        
2022-10-17T15:12:16.0093864Z remote: Counting objects:  87% (207/237)        
2022-10-17T15:12:16.0094098Z remote: Counting objects:  88% (209/237)        
2022-10-17T15:12:16.0094333Z remote: Counting objects:  89% (211/237)        
2022-10-17T15:12:16.0094558Z remote: Counting objects:  90% (214/237)        
2022-10-17T15:12:16.0094792Z remote: Counting objects:  91% (216/237)        
2022-10-17T15:12:16.0095024Z remote: Counting objects:  92% (219/237)        
2022-10-17T15:12:16.0095247Z remote: Counting objects:  93% (221/237)        
2022-10-17T15:12:16.0095479Z remote: Counting objects:  94% (223/237)        
2022-10-17T15:12:16.0095710Z remote: Counting objects:  95% (226/237)        
2022-10-17T15:12:16.0095943Z remote: Counting objects:  96% (228/237)        
2022-10-17T15:12:16.0096165Z remote: Counting objects:  97% (230/237)        
2022-10-17T15:12:16.0096401Z remote: Counting objects:  98% (233/237)        
2022-10-17T15:12:16.0096634Z remote: Counting objects:  99% (235/237)        
2022-10-17T15:12:16.0096858Z remote: Counting objects: 100% (237/237)        
2022-10-17T15:12:16.0097113Z remote: Counting objects: 100% (237/237), done.        
2022-10-17T15:12:16.0097393Z remote: Compressing objects:   0% (1/163)        
2022-10-17T15:12:16.0097648Z remote: Compressing objects:   1% (2/163)        
2022-10-17T15:12:16.0097907Z remote: Compressing objects:   2% (4/163)        
2022-10-17T15:12:16.0098200Z remote: Compressing objects:   3% (5/163)        
2022-10-17T15:12:16.0339256Z remote: Compressing objects:   4% (7/163)        
2022-10-17T15:12:16.0339557Z remote: Compressing objects:   5% (9/163)        
2022-10-17T15:12:16.0339829Z remote: Compressing objects:   6% (10/163)        
2022-10-17T15:12:16.0340098Z remote: Compressing objects:   7% (12/163)        
2022-10-17T15:12:16.0340355Z remote: Compressing objects:   8% (14/163)        
2022-10-17T15:12:16.0340614Z remote: Compressing objects:   9% (15/163)        
2022-10-17T15:12:16.0340871Z remote: Compressing objects:  10% (17/163)        
2022-10-17T15:12:16.0341114Z remote: Compressing objects:  11% (18/163)        
2022-10-17T15:12:16.0341367Z remote: Compressing objects:  12% (20/163)        
2022-10-17T15:12:16.0341620Z remote: Compressing objects:  13% (22/163)        
2022-10-17T15:12:16.0341872Z remote: Compressing objects:  14% (23/163)        
2022-10-17T15:12:16.0342119Z remote: Compressing objects:  15% (25/163)        
2022-10-17T15:12:16.0342374Z remote: Compressing objects:  16% (27/163)        
2022-10-17T15:12:16.0342619Z remote: Compressing objects:  17% (28/163)        
2022-10-17T15:12:16.0342856Z remote: Compressing objects:  18% (30/163)        
2022-10-17T15:12:16.0343100Z remote: Compressing objects:  19% (31/163)        
2022-10-17T15:12:16.0343347Z remote: Compressing objects:  20% (33/163)        
2022-10-17T15:12:16.0343582Z remote: Compressing objects:  21% (35/163)        
2022-10-17T15:12:16.0343829Z remote: Compressing objects:  22% (36/163)        
2022-10-17T15:12:16.0344077Z remote: Compressing objects:  23% (38/163)        
2022-10-17T15:12:16.0344325Z remote: Compressing objects:  24% (40/163)        
2022-10-17T15:12:16.0344561Z remote: Compressing objects:  25% (41/163)        
2022-10-17T15:12:16.0344813Z remote: Compressing objects:  26% (43/163)        
2022-10-17T15:12:16.0345063Z remote: Compressing objects:  27% (45/163)        
2022-10-17T15:12:16.0345487Z remote: Compressing objects:  28% (46/163)        
2022-10-17T15:12:16.0345734Z remote: Compressing objects:  29% (48/163)        
2022-10-17T15:12:16.0345980Z remote: Compressing objects:  30% (49/163)        
2022-10-17T15:12:16.0346220Z remote: Compressing objects:  31% (51/163)        
2022-10-17T15:12:16.0346469Z remote: Compressing objects:  32% (53/163)        
2022-10-17T15:12:16.0346722Z remote: Compressing objects:  33% (54/163)        
2022-10-17T15:12:16.0346971Z remote: Compressing objects:  34% (56/163)        
2022-10-17T15:12:16.0347208Z remote: Compressing objects:  35% (58/163)        
2022-10-17T15:12:16.0347451Z remote: Compressing objects:  36% (59/163)        
2022-10-17T15:12:16.0347696Z remote: Compressing objects:  37% (61/163)        
2022-10-17T15:12:16.0347934Z remote: Compressing objects:  38% (62/163)        
2022-10-17T15:12:16.0348182Z remote: Compressing objects:  39% (64/163)        
2022-10-17T15:12:16.0348431Z remote: Compressing objects:  40% (66/163)        
2022-10-17T15:12:16.0348676Z remote: Compressing objects:  41% (67/163)        
2022-10-17T15:12:16.0348921Z remote: Compressing objects:  42% (69/163)        
2022-10-17T15:12:16.0349164Z remote: Compressing objects:  43% (71/163)        
2022-10-17T15:12:16.0349403Z remote: Compressing objects:  44% (72/163)        
2022-10-17T15:12:16.0349643Z remote: Compressing objects:  45% (74/163)        
2022-10-17T15:12:16.0349893Z remote: Compressing objects:  46% (75/163)        
2022-10-17T15:12:16.0350139Z remote: Compressing objects:  47% (77/163)        
2022-10-17T15:12:16.0350372Z remote: Compressing objects:  48% (79/163)        
2022-10-17T15:12:16.0350617Z remote: Compressing objects:  49% (80/163)        
2022-10-17T15:12:16.0350859Z remote: Compressing objects:  50% (82/163)        
2022-10-17T15:12:16.0351099Z remote: Compressing objects:  51% (84/163)        
2022-10-17T15:12:16.0351343Z remote: Compressing objects:  52% (85/163)        
2022-10-17T15:12:16.0351591Z remote: Compressing objects:  53% (87/163)        
2022-10-17T15:12:16.0362700Z remote: Compressing objects:  54% (89/163)        
2022-10-17T15:12:16.0362966Z remote: Compressing objects:  55% (90/163)        
2022-10-17T15:12:16.0363220Z remote: Compressing objects:  56% (92/163)        
2022-10-17T15:12:16.0363473Z remote: Compressing objects:  57% (93/163)        
2022-10-17T15:12:16.0363711Z remote: Compressing objects:  58% (95/163)        
2022-10-17T15:12:16.0363958Z remote: Compressing objects:  59% (97/163)        
2022-10-17T15:12:16.0364207Z remote: Compressing objects:  60% (98/163)        
2022-10-17T15:12:16.0364455Z remote: Compressing objects:  61% (100/163)        
2022-10-17T15:12:16.0364728Z remote: Compressing objects:  62% (102/163)        
2022-10-17T15:12:16.0364993Z remote: Compressing objects:  63% (103/163)        
2022-10-17T15:12:16.0365257Z remote: Compressing objects:  64% (105/163)        
2022-10-17T15:12:16.0365509Z remote: Compressing objects:  65% (106/163)        
2022-10-17T15:12:16.0365776Z remote: Compressing objects:  66% (108/163)        
2022-10-17T15:12:16.0366034Z remote: Compressing objects:  67% (110/163)        
2022-10-17T15:12:16.0366278Z remote: Compressing objects:  68% (111/163)        
2022-10-17T15:12:16.0366533Z remote: Compressing objects:  69% (113/163)        
2022-10-17T15:12:16.0366785Z remote: Compressing objects:  70% (115/163)        
2022-10-17T15:12:16.0367026Z remote: Compressing objects:  71% (116/163)        
2022-10-17T15:12:16.0367274Z remote: Compressing objects:  72% (118/163)        
2022-10-17T15:12:16.0367523Z remote: Compressing objects:  73% (119/163)        
2022-10-17T15:12:16.0367778Z remote: Compressing objects:  74% (121/163)        
2022-10-17T15:12:16.0368015Z remote: Compressing objects:  75% (123/163)        
2022-10-17T15:12:16.0368263Z remote: Compressing objects:  76% (124/163)        
2022-10-17T15:12:16.0368514Z remote: Compressing objects:  77% (126/163)        
2022-10-17T15:12:16.0368755Z remote: Compressing objects:  78% (128/163)        
2022-10-17T15:12:16.0369058Z remote: Compressing objects:  79% (129/163)        
2022-10-17T15:12:16.0369310Z remote: Compressing objects:  80% (131/163)        
2022-10-17T15:12:16.0369554Z remote: Compressing objects:  81% (133/163)        
2022-10-17T15:12:16.0369850Z remote: Compressing objects:  82% (134/163)        
2022-10-17T15:12:16.0370104Z remote: Compressing objects:  83% (136/163)        
2022-10-17T15:12:16.0370356Z remote: Compressing objects:  84% (137/163)        
2022-10-17T15:12:16.0370594Z remote: Compressing objects:  85% (139/163)        
2022-10-17T15:12:16.0370842Z remote: Compressing objects:  86% (141/163)        
2022-10-17T15:12:16.0411338Z remote: Compressing objects:  87% (142/163)        
2022-10-17T15:12:16.0411638Z remote: Compressing objects:  88% (144/163)        
2022-10-17T15:12:16.0411909Z remote: Compressing objects:  89% (146/163)        
2022-10-17T15:12:16.0412196Z remote: Compressing objects:  90% (147/163)        
2022-10-17T15:12:16.0412466Z remote: Compressing objects:  91% (149/163)        
2022-10-17T15:12:16.0412721Z remote: Compressing objects:  92% (150/163)        
2022-10-17T15:12:16.0412963Z remote: Compressing objects:  93% (152/163)        
2022-10-17T15:12:16.0413225Z remote: Compressing objects:  94% (154/163)        
2022-10-17T15:12:16.0413479Z remote: Compressing objects:  95% (155/163)        
2022-10-17T15:12:16.0413725Z remote: Compressing objects:  96% (157/163)        
2022-10-17T15:12:16.0413978Z remote: Compressing objects:  97% (159/163)        
2022-10-17T15:12:16.0414235Z remote: Compressing objects:  98% (160/163)        
2022-10-17T15:12:16.0414485Z remote: Compressing objects:  99% (162/163)        
2022-10-17T15:12:16.0414727Z remote: Compressing objects: 100% (163/163)        
2022-10-17T15:12:16.0415000Z remote: Compressing objects: 100% (163/163), done.        
2022-10-17T15:12:16.0442762Z Receiving objects:   0% (1/1015)
2022-10-17T15:12:16.0444863Z Receiving objects:   1% (11/1015)
2022-10-17T15:12:16.0447105Z Receiving objects:   2% (21/1015)
2022-10-17T15:12:16.0669146Z Receiving objects:   3% (31/1015)
2022-10-17T15:12:16.0669634Z Receiving objects:   4% (41/1015)
2022-10-17T15:12:16.0669865Z Receiving objects:   5% (51/1015)
2022-10-17T15:12:16.0708476Z Receiving objects:   6% (61/1015)
2022-10-17T15:12:16.0708727Z Receiving objects:   7% (72/1015)
2022-10-17T15:12:16.0759051Z Receiving objects:   8% (82/1015)
2022-10-17T15:12:16.0759345Z Receiving objects:   9% (92/1015)
2022-10-17T15:12:16.0759583Z Receiving objects:  10% (102/1015)
2022-10-17T15:12:16.0759801Z Receiving objects:  11% (112/1015)
2022-10-17T15:12:16.0760021Z Receiving objects:  12% (122/1015)
2022-10-17T15:12:16.0760242Z Receiving objects:  13% (132/1015)
2022-10-17T15:12:16.0760444Z Receiving objects:  14% (143/1015)
2022-10-17T15:12:16.0760664Z Receiving objects:  15% (153/1015)
2022-10-17T15:12:16.0760880Z Receiving objects:  16% (163/1015)
2022-10-17T15:12:16.0761094Z Receiving objects:  17% (173/1015)
2022-10-17T15:12:16.0761305Z Receiving objects:  18% (183/1015)
2022-10-17T15:12:16.0761515Z Receiving objects:  19% (193/1015)
2022-10-17T15:12:16.0766664Z Receiving objects:  20% (203/1015)
2022-10-17T15:12:16.0767515Z Receiving objects:  21% (214/1015)
2022-10-17T15:12:16.0767949Z Receiving objects:  22% (224/1015)
2022-10-17T15:12:16.0768682Z Receiving objects:  23% (234/1015)
2022-10-17T15:12:16.0769317Z Receiving objects:  24% (244/1015)
2022-10-17T15:12:16.1006906Z Receiving objects:  25% (254/1015)
2022-10-17T15:12:16.1047913Z Receiving objects:  26% (264/1015)
2022-10-17T15:12:16.1048159Z Receiving objects:  27% (275/1015)
2022-10-17T15:12:16.1048500Z Receiving objects:  28% (285/1015)
2022-10-17T15:12:16.1095805Z Receiving objects:  29% (295/1015)
2022-10-17T15:12:16.1096051Z Receiving objects:  30% (305/1015)
2022-10-17T15:12:16.1096270Z Receiving objects:  31% (315/1015)
2022-10-17T15:12:16.1096475Z Receiving objects:  32% (325/1015)
2022-10-17T15:12:16.1096689Z Receiving objects:  33% (335/1015)
2022-10-17T15:12:16.1097038Z Receiving objects:  34% (346/1015)
2022-10-17T15:12:16.1097239Z Receiving objects:  35% (356/1015)
2022-10-17T15:12:16.1097466Z Receiving objects:  36% (366/1015)
2022-10-17T15:12:16.1097681Z Receiving objects:  37% (376/1015)
2022-10-17T15:12:16.1097884Z Receiving objects:  38% (386/1015)
2022-10-17T15:12:16.1098097Z Receiving objects:  39% (396/1015)
2022-10-17T15:12:16.1098305Z Receiving objects:  40% (406/1015)
2022-10-17T15:12:16.1098505Z Receiving objects:  41% (417/1015)
2022-10-17T15:12:16.1098719Z Receiving objects:  42% (427/1015)
2022-10-17T15:12:16.1098933Z Receiving objects:  43% (437/1015)
2022-10-17T15:12:16.1099131Z Receiving objects:  44% (447/1015)
2022-10-17T15:12:16.1099352Z Receiving objects:  45% (457/1015)
2022-10-17T15:12:16.1099561Z Receiving objects:  46% (467/1015)
2022-10-17T15:12:16.1099771Z Receiving objects:  47% (478/1015)
2022-10-17T15:12:16.1099972Z Receiving objects:  48% (488/1015)
2022-10-17T15:12:16.1100181Z Receiving objects:  49% (498/1015)
2022-10-17T15:12:16.1100394Z Receiving objects:  50% (508/1015)
2022-10-17T15:12:16.1100595Z Receiving objects:  51% (518/1015)
2022-10-17T15:12:16.1105016Z Receiving objects:  52% (528/1015)
2022-10-17T15:12:16.1105250Z Receiving objects:  53% (538/1015)
2022-10-17T15:12:16.1105451Z Receiving objects:  54% (549/1015)
2022-10-17T15:12:16.1106641Z Receiving objects:  55% (559/1015)
2022-10-17T15:12:16.1109432Z Receiving objects:  56% (569/1015)
2022-10-17T15:12:16.1115192Z Receiving objects:  57% (579/1015)
2022-10-17T15:12:16.1115427Z Receiving objects:  58% (589/1015)
2022-10-17T15:12:16.1115643Z Receiving objects:  59% (599/1015)
2022-10-17T15:12:16.1115857Z Receiving objects:  60% (609/1015)
2022-10-17T15:12:16.1116056Z Receiving objects:  61% (620/1015)
2022-10-17T15:12:16.1116270Z Receiving objects:  62% (630/1015)
2022-10-17T15:12:16.1116892Z Receiving objects:  63% (640/1015)
2022-10-17T15:12:16.1118305Z Receiving objects:  64% (650/1015)
2022-10-17T15:12:16.1118583Z Receiving objects:  65% (660/1015)
2022-10-17T15:12:16.1119396Z Receiving objects:  66% (670/1015)
2022-10-17T15:12:16.1119601Z Receiving objects:  67% (681/1015)
2022-10-17T15:12:16.1119932Z Receiving objects:  68% (691/1015)
2022-10-17T15:12:16.1121667Z Receiving objects:  69% (701/1015)
2022-10-17T15:12:16.1121886Z Receiving objects:  70% (711/1015)
2022-10-17T15:12:16.1122938Z Receiving objects:  71% (721/1015)
2022-10-17T15:12:16.1123170Z Receiving objects:  72% (731/1015)
2022-10-17T15:12:16.1124360Z Receiving objects:  73% (741/1015)
2022-10-17T15:12:16.1124568Z Receiving objects:  74% (752/1015)
2022-10-17T15:12:16.1350139Z Receiving objects:  75% (762/1015)
2022-10-17T15:12:16.1351236Z Receiving objects:  76% (772/1015)
2022-10-17T15:12:16.1351958Z Receiving objects:  77% (782/1015)
2022-10-17T15:12:16.1352172Z Receiving objects:  78% (792/1015)
2022-10-17T15:12:16.1353806Z Receiving objects:  79% (802/1015)
2022-10-17T15:12:16.1354025Z Receiving objects:  80% (812/1015)
2022-10-17T15:12:16.1354224Z Receiving objects:  81% (823/1015)
2022-10-17T15:12:16.1354451Z Receiving objects:  82% (833/1015)
2022-10-17T15:12:16.1389736Z Receiving objects:  83% (843/1015)
2022-10-17T15:12:16.1389993Z Receiving objects:  84% (853/1015)
2022-10-17T15:12:16.1390209Z Receiving objects:  85% (863/1015)
2022-10-17T15:12:16.1390552Z Receiving objects:  86% (873/1015)
2022-10-17T15:12:16.1391532Z Receiving objects:  87% (884/1015)
2022-10-17T15:12:16.1391929Z Receiving objects:  88% (894/1015)
2022-10-17T15:12:16.1459256Z Receiving objects:  89% (904/1015)
2022-10-17T15:12:16.1459628Z Receiving objects:  90% (914/1015)
2022-10-17T15:12:16.1460230Z Receiving objects:  91% (924/1015)
2022-10-17T15:12:16.1461380Z remote: Total 1015 (delta 87), reused 93 (delta 66), pack-reused 778        
2022-10-17T15:12:16.1462040Z Receiving objects:  92% (934/1015)
2022-10-17T15:12:16.1462621Z Receiving objects:  93% (944/1015)
2022-10-17T15:12:16.1463178Z Receiving objects:  94% (955/1015)
2022-10-17T15:12:16.1463741Z Receiving objects:  95% (965/1015)
2022-10-17T15:12:16.1464204Z Receiving objects:  96% (975/1015)
2022-10-17T15:12:16.1464545Z Receiving objects:  97% (985/1015)
2022-10-17T15:12:16.1464764Z Receiving objects:  98% (995/1015)
2022-10-17T15:12:16.1464988Z Receiving objects:  99% (1005/1015)
2022-10-17T15:12:16.1465312Z Receiving objects: 100% (1015/1015)
2022-10-17T15:12:16.1466040Z Receiving objects: 100% (1015/1015), 253.67 KiB | 2.44 MiB/s, done.
2022-10-17T15:12:16.1466624Z Resolving deltas:   0% (0/556)
2022-10-17T15:12:16.1466848Z Resolving deltas:   1% (6/556)
2022-10-17T15:12:16.1467132Z Resolving deltas:   2% (12/556)
2022-10-17T15:12:16.1467578Z Resolving deltas:   3% (17/556)
2022-10-17T15:12:16.1468370Z Resolving deltas:   4% (23/556)
2022-10-17T15:12:16.1468774Z Resolving deltas:   5% (28/556)
2022-10-17T15:12:16.1469563Z Resolving deltas:   6% (34/556)
2022-10-17T15:12:16.1470012Z Resolving deltas:   7% (39/556)
2022-10-17T15:12:16.1470784Z Resolving deltas:   8% (45/556)
2022-10-17T15:12:16.1471171Z Resolving deltas:   9% (51/556)
2022-10-17T15:12:16.1472424Z Resolving deltas:  10% (56/556)
2022-10-17T15:12:16.1472822Z Resolving deltas:  11% (62/556)
2022-10-17T15:12:16.1473766Z Resolving deltas:  12% (67/556)
2022-10-17T15:12:16.1474142Z Resolving deltas:  13% (73/556)
2022-10-17T15:12:16.1474446Z Resolving deltas:  14% (78/556)
2022-10-17T15:12:16.1475672Z Resolving deltas:  15% (84/556)
2022-10-17T15:12:16.1476053Z Resolving deltas:  16% (89/556)
2022-10-17T15:12:16.1476783Z Resolving deltas:  17% (95/556)
2022-10-17T15:12:16.1477180Z Resolving deltas:  18% (101/556)
2022-10-17T15:12:16.1478203Z Resolving deltas:  19% (106/556)
2022-10-17T15:12:16.1478582Z Resolving deltas:  20% (112/556)
2022-10-17T15:12:16.1478889Z Resolving deltas:  21% (117/556)
2022-10-17T15:12:16.1479717Z Resolving deltas:  22% (123/556)
2022-10-17T15:12:16.1480364Z Resolving deltas:  23% (128/556)
2022-10-17T15:12:16.1480955Z Resolving deltas:  24% (134/556)
2022-10-17T15:12:16.1481511Z Resolving deltas:  25% (140/556)
2022-10-17T15:12:16.1482046Z Resolving deltas:  26% (145/556)
2022-10-17T15:12:16.1482642Z Resolving deltas:  27% (151/556)
2022-10-17T15:12:16.1483235Z Resolving deltas:  28% (156/556)
2022-10-17T15:12:16.1483864Z Resolving deltas:  29% (162/556)
2022-10-17T15:12:16.1487885Z Resolving deltas:  30% (167/556)
2022-10-17T15:12:16.1495713Z Resolving deltas:  31% (173/556)
2022-10-17T15:12:16.1516357Z Resolving deltas:  32% (178/556)
2022-10-17T15:12:16.1519653Z Resolving deltas:  33% (184/556)
2022-10-17T15:12:16.1520166Z Resolving deltas:  34% (190/556)
2022-10-17T15:12:16.1520983Z Resolving deltas:  35% (195/556)
2022-10-17T15:12:16.1522492Z Resolving deltas:  36% (201/556)
2022-10-17T15:12:16.1525505Z Resolving deltas:  37% (206/556)
2022-10-17T15:12:16.1526792Z Resolving deltas:  38% (212/556)
2022-10-17T15:12:16.1529130Z Resolving deltas:  39% (217/556)
2022-10-17T15:12:16.1531514Z Resolving deltas:  40% (223/556)
2022-10-17T15:12:16.1533210Z Resolving deltas:  41% (228/556)
2022-10-17T15:12:16.1536049Z Resolving deltas:  42% (234/556)
2022-10-17T15:12:16.1538494Z Resolving deltas:  43% (240/556)
2022-10-17T15:12:16.1540688Z Resolving deltas:  44% (245/556)
2022-10-17T15:12:16.1544358Z Resolving deltas:  45% (251/556)
2022-10-17T15:12:16.1545917Z Resolving deltas:  46% (256/556)
2022-10-17T15:12:16.1548034Z Resolving deltas:  47% (262/556)
2022-10-17T15:12:16.1553351Z Resolving deltas:  48% (267/556)
2022-10-17T15:12:16.1557350Z Resolving deltas:  49% (273/556)
2022-10-17T15:12:16.1562091Z Resolving deltas:  50% (278/556)
2022-10-17T15:12:16.1566281Z Resolving deltas:  51% (284/556)
2022-10-17T15:12:16.1569340Z Resolving deltas:  52% (290/556)
2022-10-17T15:12:16.1572964Z Resolving deltas:  53% (295/556)
2022-10-17T15:12:16.1574790Z Resolving deltas:  54% (301/556)
2022-10-17T15:12:16.1577931Z Resolving deltas:  55% (306/556)
2022-10-17T15:12:16.1580954Z Resolving deltas:  56% (312/556)
2022-10-17T15:12:16.1585025Z Resolving deltas:  57% (317/556)
2022-10-17T15:12:16.1588632Z Resolving deltas:  58% (323/556)
2022-10-17T15:12:16.1592628Z Resolving deltas:  59% (329/556)
2022-10-17T15:12:16.1594476Z Resolving deltas:  60% (334/556)
2022-10-17T15:12:16.1594895Z Resolving deltas:  61% (340/556)
2022-10-17T15:12:16.1596832Z Resolving deltas:  62% (345/556)
2022-10-17T15:12:16.1600557Z Resolving deltas:  63% (351/556)
2022-10-17T15:12:16.1604268Z Resolving deltas:  64% (356/556)
2022-10-17T15:12:16.1607555Z Resolving deltas:  65% (362/556)
2022-10-17T15:12:16.1609917Z Resolving deltas:  66% (367/556)
2022-10-17T15:12:16.1615202Z Resolving deltas:  67% (373/556)
2022-10-17T15:12:16.1621853Z Resolving deltas:  68% (379/556)
2022-10-17T15:12:16.1624092Z Resolving deltas:  69% (384/556)
2022-10-17T15:12:16.1626629Z Resolving deltas:  70% (390/556)
2022-10-17T15:12:16.1630758Z Resolving deltas:  71% (395/556)
2022-10-17T15:12:16.1634812Z Resolving deltas:  72% (401/556)
2022-10-17T15:12:16.1639529Z Resolving deltas:  73% (406/556)
2022-10-17T15:12:16.1641673Z Resolving deltas:  74% (413/556)
2022-10-17T15:12:16.1646094Z Resolving deltas:  75% (417/556)
2022-10-17T15:12:16.1646528Z Resolving deltas:  76% (423/556)
2022-10-17T15:12:16.1647138Z Resolving deltas:  77% (429/556)
2022-10-17T15:12:16.1647531Z Resolving deltas:  78% (434/556)
2022-10-17T15:12:16.1648116Z Resolving deltas:  79% (440/556)
2022-10-17T15:12:16.1648487Z Resolving deltas:  80% (445/556)
2022-10-17T15:12:16.1649067Z Resolving deltas:  81% (451/556)
2022-10-17T15:12:16.1649441Z Resolving deltas:  82% (456/556)
2022-10-17T15:12:16.1652625Z Resolving deltas:  83% (462/556)
2022-10-17T15:12:16.1653812Z Resolving deltas:  84% (469/556)
2022-10-17T15:12:16.1654209Z Resolving deltas:  85% (473/556)
2022-10-17T15:12:16.1655203Z Resolving deltas:  86% (479/556)
2022-10-17T15:12:16.1655612Z Resolving deltas:  87% (484/556)
2022-10-17T15:12:16.1657018Z Resolving deltas:  88% (490/556)
2022-10-17T15:12:16.1658487Z Resolving deltas:  89% (495/556)
2022-10-17T15:12:16.1659053Z Resolving deltas:  90% (501/556)
2022-10-17T15:12:16.1660316Z Resolving deltas:  91% (506/556)
2022-10-17T15:12:16.1660981Z Resolving deltas:  92% (513/556)
2022-10-17T15:12:16.1666274Z Resolving deltas:  93% (518/556)
2022-10-17T15:12:16.1668070Z Resolving deltas:  94% (523/556)
2022-10-17T15:12:16.1671194Z Resolving deltas:  95% (529/556)
2022-10-17T15:12:16.1674915Z Resolving deltas:  96% (534/556)
2022-10-17T15:12:16.1681245Z Resolving deltas:  97% (540/556)
2022-10-17T15:12:16.1686370Z Resolving deltas:  98% (545/556)
2022-10-17T15:12:16.1695476Z Resolving deltas:  99% (551/556)
2022-10-17T15:12:16.1696109Z Resolving deltas: 100% (556/556)
2022-10-17T15:12:16.1696466Z Resolving deltas: 100% (556/556), done.
2022-10-17T15:12:16.1805001Z From https://github.com/con/tinuous
2022-10-17T15:12:16.1805796Z  * [new branch]      gh-152                                   -> origin/gh-152
2022-10-17T15:12:16.1806292Z  * [new branch]      gh-55                                    -> origin/gh-55
2022-10-17T15:12:16.1806757Z  * [new branch]      master                                   -> origin/master
2022-10-17T15:12:16.1807256Z  * [new branch]      no-extra-search                          -> origin/no-extra-search
2022-10-17T15:12:16.1807808Z  * [new branch]      test-appveyor                            -> origin/test-appveyor
2022-10-17T15:12:16.1808285Z  * [new tag]         0.1.0                                    -> 0.1.0
2022-10-17T15:12:16.1808712Z  * [new tag]         0.2.0                                    -> 0.2.0
2022-10-17T15:12:16.1809126Z  * [new tag]         0.3.0                                    -> 0.3.0
2022-10-17T15:12:16.1819716Z  * [new tag]         0.4.0                                    -> 0.4.0
2022-10-17T15:12:16.1820079Z  * [new tag]         0.5.0                                    -> 0.5.0
2022-10-17T15:12:16.1820418Z  * [new tag]         0.5.1                                    -> 0.5.1
2022-10-17T15:12:16.1820739Z  * [new tag]         0.5.2                                    -> 0.5.2
2022-10-17T15:12:16.1821055Z  * [new tag]         0.5.3                                    -> 0.5.3
2022-10-17T15:12:16.1821376Z  * [new tag]         0.5.4                                    -> 0.5.4
2022-10-17T15:12:16.1821880Z  * [new ref]         1ef69874a42d4abf2985ebe207a61aaed27aa056 -> pull/155/merge
2022-10-17T15:12:16.1835586Z ##[endgroup]
2022-10-17T15:12:16.1836356Z ##[group]Determining the checkout info
2022-10-17T15:12:16.1837074Z ##[endgroup]
2022-10-17T15:12:16.1837445Z ##[group]Checking out the ref
2022-10-17T15:12:16.1841642Z [command]/usr/bin/git checkout --progress --force refs/remotes/pull/155/merge
2022-10-17T15:12:16.1899933Z Note: switching to 'refs/remotes/pull/155/merge'.
2022-10-17T15:12:16.1900427Z 
2022-10-17T15:12:16.1900974Z You are in 'detached HEAD' state. You can look around, make experimental
2022-10-17T15:12:16.1902095Z changes and commit them, and you can discard any commits you make in this
2022-10-17T15:12:16.1902702Z state without impacting any branches by switching back to a branch.
2022-10-17T15:12:16.1902991Z 
2022-10-17T15:12:16.1903262Z If you want to create a new branch to retain commits you create, you may
2022-10-17T15:12:16.1903710Z do so (now or later) by using -c with the switch command. Example:
2022-10-17T15:12:16.1903911Z 
2022-10-17T15:12:16.1904079Z   git switch -c <new-branch-name>
2022-10-17T15:12:16.1904232Z 
2022-10-17T15:12:16.1904325Z Or undo this operation with:
2022-10-17T15:12:16.1904564Z 
2022-10-17T15:12:16.1904742Z   git switch -
2022-10-17T15:12:16.1904861Z 
2022-10-17T15:12:16.1905331Z Turn off this advice by setting config variable advice.detachedHead to false
2022-10-17T15:12:16.1905625Z 
2022-10-17T15:12:16.1905939Z HEAD is now at 1ef6987 Merge fcd7dc1afec967ea5f700843f0f07e08c7fb5b0c into 181330a2b66af423ade6489a8f66ab56c33e0255
2022-10-17T15:12:16.1910270Z ##[endgroup]
2022-10-17T15:12:16.1954405Z [command]/usr/bin/git log -1 --format='%H'
2022-10-17T15:12:16.1982147Z '1ef69874a42d4abf2985ebe207a61aaed27aa056'
2022-10-17T15:12:16.2289565Z ##[group]Run actions/setup-python@v4
2022-10-17T15:12:16.2289809Z with:
2022-10-17T15:12:16.2290001Z   python-version: 3.8
2022-10-17T15:12:16.2290208Z   check-latest: false
2022-10-17T15:12:16.2290528Z   token: ***
2022-10-17T15:12:16.2290736Z   update-environment: true
2022-10-17T15:12:16.2290941Z ##[endgroup]
2022-10-17T15:12:16.4047077Z Successfully set up CPython (3.8.14)
2022-10-17T15:12:16.4216601Z ##[group]Run python -m pip install --upgrade pip wheel
2022-10-17T15:12:16.4217021Z [36;1mpython -m pip install --upgrade pip wheel[0m
2022-10-17T15:12:16.4217362Z [36;1mpython -m pip install --upgrade --upgrade-strategy=eager tox[0m
2022-10-17T15:12:16.4274034Z shell: /usr/bin/bash -e {0}
2022-10-17T15:12:16.4274266Z env:
2022-10-17T15:12:16.4274525Z   pythonLocation: /opt/hostedtoolcache/Python/3.8.14/x64
2022-10-17T15:12:16.4274869Z   PKG_CONFIG_PATH: /opt/hostedtoolcache/Python/3.8.14/x64/lib/pkgconfig
2022-10-17T15:12:16.4275198Z   Python_ROOT_DIR: /opt/hostedtoolcache/Python/3.8.14/x64
2022-10-17T15:12:16.4275505Z   Python2_ROOT_DIR: /opt/hostedtoolcache/Python/3.8.14/x64
2022-10-17T15:12:16.4275794Z   Python3_ROOT_DIR: /opt/hostedtoolcache/Python/3.8.14/x64
2022-10-17T15:12:16.4276104Z   LD_LIBRARY_PATH: /opt/hostedtoolcache/Python/3.8.14/x64/lib
2022-10-17T15:12:16.4276356Z ##[endgroup]
2022-10-17T15:12:17.2132544Z Requirement already satisfied: pip in /opt/hostedtoolcache/Python/3.8.14/x64/lib/python3.8/site-packages (22.2.2)
2022-10-17T15:12:17.3417519Z Collecting pip
2022-10-17T15:12:17.4253796Z   Downloading pip-22.3-py3-none-any.whl (2.1 MB)
2022-10-17T15:12:17.5073524Z      ‚îÅ‚îÅ‚îÅ‚îÅ‚îÅ‚îÅ‚îÅ‚îÅ‚îÅ‚îÅ‚îÅ‚îÅ‚îÅ‚îÅ‚îÅ‚îÅ‚îÅ‚îÅ‚îÅ‚îÅ‚îÅ‚îÅ‚îÅ‚îÅ‚îÅ‚îÅ‚îÅ‚îÅ‚îÅ‚îÅ‚îÅ‚îÅ‚îÅ‚îÅ‚îÅ‚îÅ‚îÅ‚îÅ‚îÅ‚îÅ 2.1/2.1 MB 26.0 MB/s eta 0:00:00
2022-10-17T15:12:17.7024993Z Collecting wheel
2022-10-17T15:12:17.7185808Z   Downloading wheel-0.37.1-py2.py3-none-any.whl (35 kB)
2022-10-17T15:12:17.7589997Z Installing collected packages: wheel, pip
2022-10-17T15:12:17.7883422Z   Attempting uninstall: pip
2022-10-17T15:12:17.7893216Z     Found existing installation: pip 22.2.2
2022-10-17T15:12:17.9639905Z     Uninstalling pip-22.2.2:
2022-10-17T15:12:18.0158041Z       Successfully uninstalled pip-22.2.2
2022-10-17T15:12:19.0533489Z Successfully installed pip-22.3 wheel-0.37.1
2022-10-17T15:12:19.8701514Z Collecting tox
2022-10-17T15:12:19.9369562Z   Downloading tox-3.26.0-py2.py3-none-any.whl (86 kB)
2022-10-17T15:12:19.9588033Z      ‚îÅ‚îÅ‚îÅ‚îÅ‚îÅ‚îÅ‚îÅ‚îÅ‚îÅ‚îÅ‚îÅ‚îÅ‚îÅ‚îÅ‚îÅ‚îÅ‚îÅ‚îÅ‚îÅ‚îÅ‚îÅ‚îÅ‚îÅ‚îÅ‚îÅ‚îÅ‚îÅ‚îÅ‚îÅ‚îÅ‚îÅ‚îÅ‚îÅ‚îÅ‚îÅ‚îÅ‚îÅ‚îÅ‚îÅ‚îÅ 86.3/86.3 kB 4.1 MB/s eta 0:00:00
2022-10-17T15:12:20.1945245Z Collecting virtualenv!=20.0.0,!=20.0.1,!=20.0.2,!=20.0.3,!=20.0.4,!=20.0.5,!=20.0.6,!=20.0.7,>=16.0.0
2022-10-17T15:12:20.2114925Z   Downloading virtualenv-20.16.5-py3-none-any.whl (8.8 MB)
2022-10-17T15:12:20.3342891Z      ‚îÅ‚îÅ‚îÅ‚îÅ‚îÅ‚îÅ‚îÅ‚îÅ‚îÅ‚îÅ‚îÅ‚îÅ‚îÅ‚îÅ‚îÅ‚îÅ‚îÅ‚îÅ‚îÅ‚îÅ‚îÅ‚îÅ‚îÅ‚îÅ‚îÅ‚îÅ‚îÅ‚îÅ‚îÅ‚îÅ‚îÅ‚îÅ‚îÅ‚îÅ‚îÅ‚îÅ‚îÅ‚îÅ‚îÅ‚îÅ 8.8/8.8 MB 73.4 MB/s eta 0:00:00
2022-10-17T15:12:20.4030116Z Collecting tomli>=2.0.1
2022-10-17T15:12:20.4191774Z   Downloading tomli-2.0.1-py3-none-any.whl (12 kB)
2022-10-17T15:12:20.4591684Z Collecting filelock>=3.0.0
2022-10-17T15:12:20.4750282Z   Downloading filelock-3.8.0-py3-none-any.whl (10 kB)
2022-10-17T15:12:20.5221989Z Collecting packaging>=14
2022-10-17T15:12:20.5385154Z   Downloading packaging-21.3-py3-none-any.whl (40 kB)
2022-10-17T15:12:20.5429333Z      ‚îÅ‚îÅ‚îÅ‚îÅ‚îÅ‚îÅ‚îÅ‚îÅ‚îÅ‚îÅ‚îÅ‚îÅ‚îÅ‚îÅ‚îÅ‚îÅ‚îÅ‚îÅ‚îÅ‚îÅ‚îÅ‚îÅ‚îÅ‚îÅ‚îÅ‚îÅ‚îÅ‚îÅ‚îÅ‚îÅ‚îÅ‚îÅ‚îÅ‚îÅ‚îÅ‚îÅ‚îÅ‚îÅ‚îÅ‚îÅ 40.8/40.8 kB 17.3 MB/s eta 0:00:00
2022-10-17T15:12:20.5763886Z Collecting six>=1.14.0
2022-10-17T15:12:20.5925309Z   Downloading six-1.16.0-py2.py3-none-any.whl (11 kB)
2022-10-17T15:12:20.6361400Z Collecting py>=1.4.17
2022-10-17T15:12:20.6523981Z   Downloading py-1.11.0-py2.py3-none-any.whl (98 kB)
2022-10-17T15:12:20.6575244Z      ‚îÅ‚îÅ‚îÅ‚îÅ‚îÅ‚îÅ‚îÅ‚îÅ‚îÅ‚îÅ‚îÅ‚îÅ‚îÅ‚îÅ‚îÅ‚îÅ‚îÅ‚îÅ‚îÅ‚îÅ‚îÅ‚îÅ‚îÅ‚îÅ‚îÅ‚îÅ‚îÅ‚îÅ‚îÅ‚îÅ‚îÅ‚îÅ‚îÅ‚îÅ‚îÅ‚îÅ‚îÅ‚îÅ‚îÅ‚îÅ 98.7/98.7 kB 36.3 MB/s eta 0:00:00
2022-10-17T15:12:20.6924082Z Collecting pluggy>=0.12.0
2022-10-17T15:12:20.7104805Z   Downloading pluggy-1.0.0-py2.py3-none-any.whl (13 kB)
2022-10-17T15:12:20.7861158Z Collecting pyparsing!=3.0.5,>=2.0.2
2022-10-17T15:12:20.8018370Z   Downloading pyparsing-3.0.9-py3-none-any.whl (98 kB)
2022-10-17T15:12:20.8069438Z      ‚îÅ‚îÅ‚îÅ‚îÅ‚îÅ‚îÅ‚îÅ‚îÅ‚îÅ‚îÅ‚îÅ‚îÅ‚îÅ‚îÅ‚îÅ‚îÅ‚îÅ‚îÅ‚îÅ‚îÅ‚îÅ‚îÅ‚îÅ‚îÅ‚îÅ‚îÅ‚îÅ‚îÅ‚îÅ‚îÅ‚îÅ‚îÅ‚îÅ‚îÅ‚îÅ‚îÅ‚îÅ‚îÅ‚îÅ‚îÅ 98.3/98.3 kB 35.5 MB/s eta 0:00:00
2022-10-17T15:12:20.8727623Z Collecting distlib<1,>=0.3.5
2022-10-17T15:12:20.8888576Z   Downloading distlib-0.3.6-py2.py3-none-any.whl (468 kB)
2022-10-17T15:12:20.8967166Z      ‚îÅ‚îÅ‚îÅ‚îÅ‚îÅ‚îÅ‚îÅ‚îÅ‚îÅ‚îÅ‚îÅ‚îÅ‚îÅ‚îÅ‚îÅ‚îÅ‚îÅ‚îÅ‚îÅ‚îÅ‚îÅ‚îÅ‚îÅ‚îÅ‚îÅ‚îÅ‚îÅ‚îÅ‚îÅ‚îÅ‚îÅ‚îÅ‚îÅ‚îÅ‚îÅ‚îÅ‚îÅ‚îÅ 468.5/468.5 kB 90.8 MB/s eta 0:00:00
2022-10-17T15:12:20.9309699Z Collecting platformdirs<3,>=2.4
2022-10-17T15:12:20.9470347Z   Downloading platformdirs-2.5.2-py3-none-any.whl (14 kB)
2022-10-17T15:12:21.0631585Z Installing collected packages: distlib, tomli, six, pyparsing, py, pluggy, platformdirs, filelock, virtualenv, packaging, tox
2022-10-17T15:12:21.5665354Z Successfully installed distlib-0.3.6 filelock-3.8.0 packaging-21.3 platformdirs-2.5.2 pluggy-1.0.0 py-1.11.0 pyparsing-3.0.9 six-1.16.0 tomli-2.0.1 tox-3.26.0 virtualenv-20.16.5
2022-10-17T15:12:21.7063766Z ##[group]Run tox -e lint
2022-10-17T15:12:21.7064007Z [36;1mtox -e lint[0m
2022-10-17T15:12:21.7114873Z shell: /usr/bin/bash -e {0}
2022-10-17T15:12:21.7115090Z env:
2022-10-17T15:12:21.7115340Z   pythonLocation: /opt/hostedtoolcache/Python/3.8.14/x64
2022-10-17T15:12:21.7115680Z   PKG_CONFIG_PATH: /opt/hostedtoolcache/Python/3.8.14/x64/lib/pkgconfig
2022-10-17T15:12:21.7116004Z   Python_ROOT_DIR: /opt/hostedtoolcache/Python/3.8.14/x64
2022-10-17T15:12:21.7116335Z   Python2_ROOT_DIR: /opt/hostedtoolcache/Python/3.8.14/x64
2022-10-17T15:12:21.7116627Z   Python3_ROOT_DIR: /opt/hostedtoolcache/Python/3.8.14/x64
2022-10-17T15:12:21.7116915Z   LD_LIBRARY_PATH: /opt/hostedtoolcache/Python/3.8.14/x64/lib
2022-10-17T15:12:21.7117159Z ##[endgroup]
2022-10-17T15:12:21.9025967Z lint create: /home/runner/work/tinuous/tinuous/.tox/lint
2022-10-17T15:12:22.4721168Z lint installdeps: flake8~=3.7, flake8-bugbear, flake8-builtins~=1.4, flake8-unused-arguments
2022-10-17T15:12:26.7606567Z lint installed: attrs==22.1.0,flake8==3.9.2,flake8-bugbear==22.9.23,flake8-builtins==1.5.3,flake8-unused-arguments==0.0.11,mccabe==0.6.1,pycodestyle==2.7.0,pyflakes==2.3.1
2022-10-17T15:12:26.7621400Z lint run-test-pre: PYTHONHASHSEED='1333675402'
2022-10-17T15:12:26.7621830Z lint run-test: commands[0] | flake8 --config=tox.ini src test
2022-10-17T15:12:28.3398869Z ___________________________________ summary ____________________________________
2022-10-17T15:12:28.3399583Z   lint: commands succeeded
2022-10-17T15:12:28.3399907Z   congratulations :)
2022-10-17T15:12:28.3586556Z Post job cleanup.
2022-10-17T15:12:28.5411710Z Post job cleanup.
2022-10-17T15:12:28.6933284Z [command]/usr/bin/git version
2022-10-17T15:12:28.7040247Z git version 2.37.3
2022-10-17T15:12:28.7120115Z Temporarily overriding HOME='/home/runner/work/_temp/c065bd09-63b7-4b4a-83d9-d3219b844f9e' before making global git config changes
2022-10-17T15:12:28.7153623Z Adding repository directory to the temporary git global config as a safe directory
2022-10-17T15:12:28.7162115Z [command]/usr/bin/git config --global --add safe.directory /home/runner/work/tinuous/tinuous
2022-10-17T15:12:28.7316928Z [command]/usr/bin/git config --local --name-only --get-regexp core\.sshCommand
2022-10-17T15:12:28.7392481Z [command]/usr/bin/git submodule foreach --recursive git config --local --name-only --get-regexp 'core\.sshCommand' && git config --local --unset-all 'core.sshCommand' || :
2022-10-17T15:12:28.7920891Z [command]/usr/bin/git config --local --name-only --get-regexp http\.https\:\/\/github\.com\/\.extraheader
2022-10-17T15:12:28.7949023Z http.https://github.com/.extraheader
2022-10-17T15:12:28.7969537Z [command]/usr/bin/git config --local --unset-all http.https://github.com/.extraheader
2022-10-17T15:12:28.8013042Z [command]/usr/bin/git submodule foreach --recursive git config --local --name-only --get-regexp 'http\.https\:\/\/github\.com\/\.extraheader' && git config --local --unset-all 'http.https://github.com/.extraheader' || :
2022-10-17T15:12:28.8535795Z Cleaning up orphan processes
2022-10-17T15:12:28.8906422Z Terminate orphan process: pid (1674) (python)
2022-10-17T15:12:28.8925189Z Terminate orphan process: pid (1711) (python)
