2021-06-11T18:38:13.3467309Z ##[section]Starting: Request a runner to run this job
2021-06-11T18:38:13.5023809Z Can't find any online and idle self-hosted runner in current repository that matches the required labels: 'ubuntu-latest'
2021-06-11T18:38:13.5023913Z Can't find any online and idle self-hosted runner in current repository's account/organization that matches the required labels: 'ubuntu-latest'
2021-06-11T18:38:13.5024367Z Found online and idle hosted runner in current repository's account/organization that matches the required labels: 'ubuntu-latest'
2021-06-11T18:38:13.6754284Z ##[section]Finishing: Request a runner to run this job
2021-06-11T18:38:22.0770563Z Current runner version: '2.278.0'
2021-06-11T18:38:22.0797092Z ##[group]Operating System
2021-06-11T18:38:22.0798078Z Ubuntu
2021-06-11T18:38:22.0798579Z 20.04.2
2021-06-11T18:38:22.0798981Z LTS
2021-06-11T18:38:22.0799455Z ##[endgroup]
2021-06-11T18:38:22.0799961Z ##[group]Virtual Environment
2021-06-11T18:38:22.0800621Z Environment: ubuntu-20.04
2021-06-11T18:38:22.0802356Z Version: 20210606.1
2021-06-11T18:38:22.0803634Z Included Software: https://github.com/actions/virtual-environments/blob/ubuntu20/20210606.1/images/linux/Ubuntu2004-README.md
2021-06-11T18:38:22.0805291Z Image Release: https://github.com/actions/virtual-environments/releases/tag/ubuntu20%2F20210606.1
2021-06-11T18:38:22.0807305Z ##[endgroup]
2021-06-11T18:38:22.0809275Z ##[group]GITHUB_TOKEN Permissions
2021-06-11T18:38:22.0810555Z Actions: write
2021-06-11T18:38:22.0811101Z Checks: write
2021-06-11T18:38:22.0811683Z Contents: write
2021-06-11T18:38:22.0812276Z Deployments: write
2021-06-11T18:38:22.0813513Z Discussions: write
2021-06-11T18:38:22.0814324Z Issues: write
2021-06-11T18:38:22.0815020Z Metadata: read
2021-06-11T18:38:22.0815520Z Packages: write
2021-06-11T18:38:22.0816091Z PullRequests: write
2021-06-11T18:38:22.0816688Z RepositoryProjects: write
2021-06-11T18:38:22.0817377Z SecurityEvents: write
2021-06-11T18:38:22.0817908Z Statuses: write
2021-06-11T18:38:22.0818596Z ##[endgroup]
2021-06-11T18:38:22.0821946Z Prepare workflow directory
2021-06-11T18:38:22.1544809Z Prepare all required actions
2021-06-11T18:38:22.1557474Z Getting action download info
2021-06-11T18:38:22.6514940Z Download action repository 'actions/checkout@v2'
2021-06-11T18:38:24.5693974Z Download action repository 'actions/setup-python@v2'
2021-06-11T18:38:24.8721109Z Download action repository 'codecov/codecov-action@v1'
2021-06-11T18:38:25.3581276Z ##[group]Run actions/checkout@v2
2021-06-11T18:38:25.3581953Z with:
2021-06-11T18:38:25.3582332Z   fetch-depth: 0
2021-06-11T18:38:25.3582957Z   repository: con/tinuous
2021-06-11T18:38:25.3583797Z   token: ***
2021-06-11T18:38:25.3584174Z   ssh-strict: true
2021-06-11T18:38:25.3584695Z   persist-credentials: true
2021-06-11T18:38:25.3585123Z   clean: true
2021-06-11T18:38:25.3585671Z   lfs: false
2021-06-11T18:38:25.3586024Z   submodules: false
2021-06-11T18:38:25.3586420Z ##[endgroup]
2021-06-11T18:38:26.3180993Z Syncing repository: con/tinuous
2021-06-11T18:38:26.3280053Z ##[group]Getting Git version info
2021-06-11T18:38:26.3281828Z Working directory is '/home/runner/work/tinuous/tinuous'
2021-06-11T18:38:26.3282870Z [command]/usr/bin/git version
2021-06-11T18:38:26.3283450Z git version 2.31.1
2021-06-11T18:38:26.3284909Z ##[endgroup]
2021-06-11T18:38:26.3286184Z Deleting the contents of '/home/runner/work/tinuous/tinuous'
2021-06-11T18:38:26.3292179Z ##[group]Initializing the repository
2021-06-11T18:38:26.3294119Z [command]/usr/bin/git init /home/runner/work/tinuous/tinuous
2021-06-11T18:38:26.3295530Z hint: Using 'master' as the name for the initial branch. This default branch name
2021-06-11T18:38:26.3297532Z hint: is subject to change. To configure the initial branch name to use in all
2021-06-11T18:38:26.3298879Z hint: of your new repositories, which will suppress this warning, call:
2021-06-11T18:38:26.3300092Z hint: 
2021-06-11T18:38:26.3301684Z hint: 	git config --global init.defaultBranch <name>
2021-06-11T18:38:26.3303088Z hint: 
2021-06-11T18:38:26.3304287Z hint: Names commonly chosen instead of 'master' are 'main', 'trunk' and
2021-06-11T18:38:26.3305632Z hint: 'development'. The just-created branch can be renamed via this command:
2021-06-11T18:38:26.3307448Z hint: 
2021-06-11T18:38:26.3308817Z hint: 	git branch -m <name>
2021-06-11T18:38:26.3310159Z Initialized empty Git repository in /home/runner/work/tinuous/tinuous/.git/
2021-06-11T18:38:26.3311990Z [command]/usr/bin/git remote add origin https://github.com/con/tinuous
2021-06-11T18:38:26.3312789Z ##[endgroup]
2021-06-11T18:38:26.3314157Z ##[group]Disabling automatic garbage collection
2021-06-11T18:38:26.3315424Z [command]/usr/bin/git config --local gc.auto 0
2021-06-11T18:38:26.3316595Z ##[endgroup]
2021-06-11T18:38:26.3319487Z ##[group]Setting up auth
2021-06-11T18:38:26.3320719Z [command]/usr/bin/git config --local --name-only --get-regexp core\.sshCommand
2021-06-11T18:38:26.3322565Z [command]/usr/bin/git submodule foreach --recursive git config --local --name-only --get-regexp 'core\.sshCommand' && git config --local --unset-all 'core.sshCommand' || :
2021-06-11T18:38:26.3324186Z [command]/usr/bin/git config --local --name-only --get-regexp http\.https\:\/\/github\.com\/\.extraheader
2021-06-11T18:38:26.3326138Z [command]/usr/bin/git submodule foreach --recursive git config --local --name-only --get-regexp 'http\.https\:\/\/github\.com\/\.extraheader' && git config --local --unset-all 'http.https://github.com/.extraheader' || :
2021-06-11T18:38:26.3328322Z [command]/usr/bin/git config --local http.https://github.com/.extraheader AUTHORIZATION: basic ***
2021-06-11T18:38:26.3329318Z ##[endgroup]
2021-06-11T18:38:26.3329914Z ##[group]Fetching the repository
2021-06-11T18:38:26.3331730Z [command]/usr/bin/git -c protocol.version=2 fetch --prune --progress --no-recurse-submodules origin +refs/heads/*:refs/remotes/origin/* +refs/tags/*:refs/tags/*
2021-06-11T18:38:26.3332924Z remote: Enumerating objects: 671, done.        
2021-06-11T18:38:26.3333763Z remote: Counting objects:   0% (1/325)        
2021-06-11T18:38:26.3334383Z remote: Counting objects:   1% (4/325)        
2021-06-11T18:38:26.3335013Z remote: Counting objects:   2% (7/325)        
2021-06-11T18:38:26.3335641Z remote: Counting objects:   3% (10/325)        
2021-06-11T18:38:26.3336258Z remote: Counting objects:   4% (13/325)        
2021-06-11T18:38:26.3336888Z remote: Counting objects:   5% (17/325)        
2021-06-11T18:38:26.3337825Z remote: Counting objects:   6% (20/325)        
2021-06-11T18:38:26.3338507Z remote: Counting objects:   7% (23/325)        
2021-06-11T18:38:26.3339124Z remote: Counting objects:   8% (26/325)        
2021-06-11T18:38:26.3339726Z remote: Counting objects:   9% (30/325)        
2021-06-11T18:38:26.3340351Z remote: Counting objects:  10% (33/325)        
2021-06-11T18:38:26.3340947Z remote: Counting objects:  11% (36/325)        
2021-06-11T18:38:26.3341558Z remote: Counting objects:  12% (39/325)        
2021-06-11T18:38:26.3342171Z remote: Counting objects:  13% (43/325)        
2021-06-11T18:38:26.3342767Z remote: Counting objects:  14% (46/325)        
2021-06-11T18:38:26.3343559Z remote: Counting objects:  15% (49/325)        
2021-06-11T18:38:26.3344345Z remote: Counting objects:  16% (52/325)        
2021-06-11T18:38:26.3344951Z remote: Counting objects:  17% (56/325)        
2021-06-11T18:38:26.3345707Z remote: Counting objects:  18% (59/325)        
2021-06-11T18:38:26.3346292Z remote: Counting objects:  19% (62/325)        
2021-06-11T18:38:26.3346887Z remote: Counting objects:  20% (65/325)        
2021-06-11T18:38:26.3347481Z remote: Counting objects:  21% (69/325)        
2021-06-11T18:38:26.3348061Z remote: Counting objects:  22% (72/325)        
2021-06-11T18:38:26.3348662Z remote: Counting objects:  23% (75/325)        
2021-06-11T18:38:26.3349233Z remote: Counting objects:  24% (78/325)        
2021-06-11T18:38:26.3349828Z remote: Counting objects:  25% (82/325)        
2021-06-11T18:38:26.3350419Z remote: Counting objects:  26% (85/325)        
2021-06-11T18:38:26.3351173Z remote: Counting objects:  27% (88/325)        
2021-06-11T18:38:26.3351783Z remote: Counting objects:  28% (91/325)        
2021-06-11T18:38:26.3352375Z remote: Counting objects:  29% (95/325)        
2021-06-11T18:38:26.3353215Z remote: Counting objects:  30% (98/325)        
2021-06-11T18:38:26.3353843Z remote: Counting objects:  31% (101/325)        
2021-06-11T18:38:26.3354661Z remote: Counting objects:  32% (104/325)        
2021-06-11T18:38:26.3355258Z remote: Counting objects:  33% (108/325)        
2021-06-11T18:38:26.3355840Z remote: Counting objects:  34% (111/325)        
2021-06-11T18:38:26.3356435Z remote: Counting objects:  35% (114/325)        
2021-06-11T18:38:26.3357197Z remote: Counting objects:  36% (117/325)        
2021-06-11T18:38:26.3357784Z remote: Counting objects:  37% (121/325)        
2021-06-11T18:38:26.3358388Z remote: Counting objects:  38% (124/325)        
2021-06-11T18:38:26.3358984Z remote: Counting objects:  39% (127/325)        
2021-06-11T18:38:26.3359566Z remote: Counting objects:  40% (130/325)        
2021-06-11T18:38:26.3360166Z remote: Counting objects:  41% (134/325)        
2021-06-11T18:38:26.3360750Z remote: Counting objects:  42% (137/325)        
2021-06-11T18:38:26.3361351Z remote: Counting objects:  43% (140/325)        
2021-06-11T18:38:26.3361951Z remote: Counting objects:  44% (143/325)        
2021-06-11T18:38:26.3362532Z remote: Counting objects:  45% (147/325)        
2021-06-11T18:38:26.3363399Z remote: Counting objects:  46% (150/325)        
2021-06-11T18:38:26.3363993Z remote: Counting objects:  47% (153/325)        
2021-06-11T18:38:26.3364604Z remote: Counting objects:  48% (156/325)        
2021-06-11T18:38:26.3365210Z remote: Counting objects:  49% (160/325)        
2021-06-11T18:38:26.3365971Z remote: Counting objects:  50% (163/325)        
2021-06-11T18:38:26.3366752Z remote: Counting objects:  51% (166/325)        
2021-06-11T18:38:26.3367454Z remote: Counting objects:  52% (169/325)        
2021-06-11T18:38:26.3368063Z remote: Counting objects:  53% (173/325)        
2021-06-11T18:38:26.3368645Z remote: Counting objects:  54% (176/325)        
2021-06-11T18:38:26.3369217Z remote: Counting objects:  55% (179/325)        
2021-06-11T18:38:26.3369800Z remote: Counting objects:  56% (182/325)        
2021-06-11T18:38:26.3370377Z remote: Counting objects:  57% (186/325)        
2021-06-11T18:38:26.3370944Z remote: Counting objects:  58% (189/325)        
2021-06-11T18:38:26.3371627Z remote: Counting objects:  59% (192/325)        
2021-06-11T18:38:26.3372237Z remote: Counting objects:  60% (195/325)        
2021-06-11T18:38:26.3372818Z remote: Counting objects:  61% (199/325)        
2021-06-11T18:38:26.3373697Z remote: Counting objects:  62% (202/325)        
2021-06-11T18:38:26.3374290Z remote: Counting objects:  63% (205/325)        
2021-06-11T18:38:26.3374884Z remote: Counting objects:  64% (208/325)        
2021-06-11T18:38:26.3375480Z remote: Counting objects:  65% (212/325)        
2021-06-11T18:38:26.3376057Z remote: Counting objects:  66% (215/325)        
2021-06-11T18:38:26.3376989Z remote: Counting objects:  67% (218/325)        
2021-06-11T18:38:26.3377929Z remote: Counting objects:  68% (221/325)        
2021-06-11T18:38:26.3378524Z remote: Counting objects:  69% (225/325)        
2021-06-11T18:38:26.3379134Z remote: Counting objects:  70% (228/325)        
2021-06-11T18:38:26.3379723Z remote: Counting objects:  71% (231/325)        
2021-06-11T18:38:26.3380338Z remote: Counting objects:  72% (234/325)        
2021-06-11T18:38:26.3381295Z remote: Counting objects:  73% (238/325)        
2021-06-11T18:38:26.3381855Z remote: Counting objects:  74% (241/325)        
2021-06-11T18:38:26.3382434Z remote: Counting objects:  75% (244/325)        
2021-06-11T18:38:26.3383003Z remote: Counting objects:  76% (247/325)        
2021-06-11T18:38:26.3383581Z remote: Counting objects:  77% (251/325)        
2021-06-11T18:38:26.3384154Z remote: Counting objects:  78% (254/325)        
2021-06-11T18:38:26.3384719Z remote: Counting objects:  79% (257/325)        
2021-06-11T18:38:26.3385293Z remote: Counting objects:  80% (260/325)        
2021-06-11T18:38:26.3385854Z remote: Counting objects:  81% (264/325)        
2021-06-11T18:38:26.3386435Z remote: Counting objects:  82% (267/325)        
2021-06-11T18:38:26.3387013Z remote: Counting objects:  83% (270/325)        
2021-06-11T18:38:26.3387573Z remote: Counting objects:  84% (273/325)        
2021-06-11T18:38:26.3388163Z remote: Counting objects:  85% (277/325)        
2021-06-11T18:38:26.3388724Z remote: Counting objects:  86% (280/325)        
2021-06-11T18:38:26.3389304Z remote: Counting objects:  87% (283/325)        
2021-06-11T18:38:26.3389885Z remote: Counting objects:  88% (286/325)        
2021-06-11T18:38:26.3390580Z remote: Counting objects:  89% (290/325)        
2021-06-11T18:38:26.3391166Z remote: Counting objects:  90% (293/325)        
2021-06-11T18:38:26.3391749Z remote: Counting objects:  91% (296/325)        
2021-06-11T18:38:26.3392315Z remote: Counting objects:  92% (299/325)        
2021-06-11T18:38:26.3392893Z remote: Counting objects:  93% (303/325)        
2021-06-11T18:38:26.3393643Z remote: Counting objects:  94% (306/325)        
2021-06-11T18:38:26.3394232Z remote: Counting objects:  95% (309/325)        
2021-06-11T18:38:26.3394982Z remote: Counting objects:  96% (312/325)        
2021-06-11T18:38:26.3395544Z remote: Counting objects:  97% (316/325)        
2021-06-11T18:38:26.3396505Z remote: Counting objects:  98% (319/325)        
2021-06-11T18:38:26.3397069Z remote: Counting objects:  99% (322/325)        
2021-06-11T18:38:26.3397649Z remote: Counting objects: 100% (325/325)        
2021-06-11T18:38:26.3398252Z remote: Counting objects: 100% (325/325), done.        
2021-06-11T18:38:26.3398867Z remote: Compressing objects:   0% (1/165)        
2021-06-11T18:38:26.3399492Z remote: Compressing objects:   1% (2/165)        
2021-06-11T18:38:26.3400099Z remote: Compressing objects:   2% (4/165)        
2021-06-11T18:38:26.3400716Z remote: Compressing objects:   3% (5/165)        
2021-06-11T18:38:26.3401336Z remote: Compressing objects:   4% (7/165)        
2021-06-11T18:38:26.3401935Z remote: Compressing objects:   5% (9/165)        
2021-06-11T18:38:26.3402563Z remote: Compressing objects:   6% (10/165)        
2021-06-11T18:38:26.3403191Z remote: Compressing objects:   7% (12/165)        
2021-06-11T18:38:26.3403799Z remote: Compressing objects:   8% (14/165)        
2021-06-11T18:38:26.3404500Z remote: Compressing objects:   9% (15/165)        
2021-06-11T18:38:26.3405144Z remote: Compressing objects:  10% (17/165)        
2021-06-11T18:38:26.3405774Z remote: Compressing objects:  11% (19/165)        
2021-06-11T18:38:26.3406578Z remote: Compressing objects:  12% (20/165)        
2021-06-11T18:38:26.3407293Z remote: Compressing objects:  13% (22/165)        
2021-06-11T18:38:27.0697601Z remote: Compressing objects:  14% (24/165)        
2021-06-11T18:38:27.0727811Z remote: Compressing objects:  15% (25/165)        
2021-06-11T18:38:27.0728618Z remote: Compressing objects:  16% (27/165)        
2021-06-11T18:38:27.0729346Z remote: Compressing objects:  17% (29/165)        
2021-06-11T18:38:27.0729857Z remote: Compressing objects:  18% (30/165)        
2021-06-11T18:38:27.0730470Z remote: Compressing objects:  19% (32/165)        
2021-06-11T18:38:27.0731090Z remote: Compressing objects:  20% (33/165)        
2021-06-11T18:38:27.0731891Z remote: Compressing objects:  21% (35/165)        
2021-06-11T18:38:27.0732711Z remote: Compressing objects:  22% (37/165)        
2021-06-11T18:38:27.0733718Z remote: Compressing objects:  23% (38/165)        
2021-06-11T18:38:27.0734380Z remote: Compressing objects:  24% (40/165)        
2021-06-11T18:38:27.0735057Z remote: Compressing objects:  25% (42/165)        
2021-06-11T18:38:27.0735754Z remote: Compressing objects:  26% (43/165)        
2021-06-11T18:38:27.0736420Z remote: Compressing objects:  27% (45/165)        
2021-06-11T18:38:27.0737443Z remote: Compressing objects:  28% (47/165)        
2021-06-11T18:38:27.0738621Z remote: Compressing objects:  29% (48/165)        
2021-06-11T18:38:27.0739448Z remote: Compressing objects:  30% (50/165)        
2021-06-11T18:38:27.0740160Z remote: Compressing objects:  31% (52/165)        
2021-06-11T18:38:27.0740806Z remote: Compressing objects:  32% (53/165)        
2021-06-11T18:38:27.0741460Z remote: Compressing objects:  33% (55/165)        
2021-06-11T18:38:27.0742112Z remote: Compressing objects:  34% (57/165)        
2021-06-11T18:38:27.0742769Z remote: Compressing objects:  35% (58/165)        
2021-06-11T18:38:27.0743429Z remote: Compressing objects:  36% (60/165)        
2021-06-11T18:38:27.0744071Z remote: Compressing objects:  37% (62/165)        
2021-06-11T18:38:27.0744993Z remote: Compressing objects:  38% (63/165)        
2021-06-11T18:38:27.0745810Z remote: Compressing objects:  39% (65/165)        
2021-06-11T18:38:27.0746576Z remote: Compressing objects:  40% (66/165)        
2021-06-11T18:38:27.0747203Z remote: Compressing objects:  41% (68/165)        
2021-06-11T18:38:27.0747812Z remote: Compressing objects:  42% (70/165)        
2021-06-11T18:38:27.0748436Z remote: Compressing objects:  43% (71/165)        
2021-06-11T18:38:27.0749064Z remote: Compressing objects:  44% (73/165)        
2021-06-11T18:38:27.0749672Z remote: Compressing objects:  45% (75/165)        
2021-06-11T18:38:27.0750295Z remote: Compressing objects:  46% (76/165)        
2021-06-11T18:38:27.0750928Z remote: Compressing objects:  47% (78/165)        
2021-06-11T18:38:27.0751548Z remote: Compressing objects:  48% (80/165)        
2021-06-11T18:38:27.0752357Z remote: Compressing objects:  49% (81/165)        
2021-06-11T18:38:27.0753178Z remote: Compressing objects:  50% (83/165)        
2021-06-11T18:38:27.0753847Z remote: Compressing objects:  51% (85/165)        
2021-06-11T18:38:27.0754503Z remote: Compressing objects:  52% (86/165)        
2021-06-11T18:38:27.0755148Z remote: Compressing objects:  53% (88/165)        
2021-06-11T18:38:27.0756165Z remote: Compressing objects:  54% (90/165)        
2021-06-11T18:38:27.0756776Z remote: Compressing objects:  55% (91/165)        
2021-06-11T18:38:27.0757402Z remote: Compressing objects:  56% (93/165)        
2021-06-11T18:38:27.0758024Z remote: Compressing objects:  57% (95/165)        
2021-06-11T18:38:27.0758651Z remote: Compressing objects:  58% (96/165)        
2021-06-11T18:38:27.0759267Z remote: Compressing objects:  59% (98/165)        
2021-06-11T18:38:27.0760002Z remote: Compressing objects:  60% (99/165)        
2021-06-11T18:38:27.0760676Z remote: Compressing objects:  61% (101/165)        
2021-06-11T18:38:27.0761301Z remote: Compressing objects:  62% (103/165)        
2021-06-11T18:38:27.0761938Z remote: Compressing objects:  63% (104/165)        
2021-06-11T18:38:27.0762579Z remote: Compressing objects:  64% (106/165)        
2021-06-11T18:38:27.0763377Z remote: Compressing objects:  65% (108/165)        
2021-06-11T18:38:27.0764243Z remote: Compressing objects:  66% (109/165)        
2021-06-11T18:38:27.0764888Z remote: Compressing objects:  67% (111/165)        
2021-06-11T18:38:27.0765552Z remote: Compressing objects:  68% (113/165)        
2021-06-11T18:38:27.0766220Z remote: Compressing objects:  69% (114/165)        
2021-06-11T18:38:27.0767226Z remote: Compressing objects:  70% (116/165)        
2021-06-11T18:38:27.0768229Z remote: Compressing objects:  71% (118/165)        
2021-06-11T18:38:27.0769112Z remote: Compressing objects:  72% (119/165)        
2021-06-11T18:38:27.0769848Z remote: Compressing objects:  73% (121/165)        
2021-06-11T18:38:27.0770540Z remote: Compressing objects:  74% (123/165)        
2021-06-11T18:38:27.0771223Z remote: Compressing objects:  75% (124/165)        
2021-06-11T18:38:27.0771908Z remote: Compressing objects:  76% (126/165)        
2021-06-11T18:38:27.0772602Z remote: Compressing objects:  77% (128/165)        
2021-06-11T18:38:27.0773312Z remote: Compressing objects:  78% (129/165)        
2021-06-11T18:38:27.0785885Z remote: Compressing objects:  79% (131/165)        
2021-06-11T18:38:27.0786405Z remote: Compressing objects:  80% (132/165)        
2021-06-11T18:38:27.0787114Z remote: Compressing objects:  81% (134/165)        
2021-06-11T18:38:27.0787820Z remote: Compressing objects:  82% (136/165)        
2021-06-11T18:38:27.0790897Z remote: Compressing objects:  83% (137/165)        
2021-06-11T18:38:27.0791652Z remote: Compressing objects:  84% (139/165)        
2021-06-11T18:38:27.0792171Z remote: Compressing objects:  85% (141/165)        
2021-06-11T18:38:27.0792674Z remote: Compressing objects:  86% (142/165)        
2021-06-11T18:38:27.0794131Z remote: Compressing objects:  87% (144/165)        
2021-06-11T18:38:27.0794800Z remote: Compressing objects:  88% (146/165)        
2021-06-11T18:38:27.0795641Z remote: Compressing objects:  89% (147/165)        
2021-06-11T18:38:27.0796283Z remote: Compressing objects:  90% (149/165)        
2021-06-11T18:38:27.0797042Z remote: Compressing objects:  91% (151/165)        
2021-06-11T18:38:27.0797538Z remote: Compressing objects:  92% (152/165)        
2021-06-11T18:38:27.0798017Z remote: Compressing objects:  93% (154/165)        
2021-06-11T18:38:27.0798516Z remote: Compressing objects:  94% (156/165)        
2021-06-11T18:38:27.0798993Z remote: Compressing objects:  95% (157/165)        
2021-06-11T18:38:27.0799490Z remote: Compressing objects:  96% (159/165)        
2021-06-11T18:38:27.0799968Z remote: Compressing objects:  97% (161/165)        
2021-06-11T18:38:27.0800466Z remote: Compressing objects:  98% (162/165)        
2021-06-11T18:38:27.0800968Z remote: Compressing objects:  99% (164/165)        
2021-06-11T18:38:27.0801451Z remote: Compressing objects: 100% (165/165)        
2021-06-11T18:38:27.0801968Z remote: Compressing objects: 100% (165/165), done.        
2021-06-11T18:38:27.0802435Z Receiving objects:   0% (1/671)
2021-06-11T18:38:27.0802854Z Receiving objects:   1% (7/671)
2021-06-11T18:38:27.0803247Z Receiving objects:   2% (14/671)
2021-06-11T18:38:27.0803658Z Receiving objects:   3% (21/671)
2021-06-11T18:38:27.0804234Z Receiving objects:   4% (27/671)
2021-06-11T18:38:27.0804659Z Receiving objects:   5% (34/671)
2021-06-11T18:38:27.0805075Z Receiving objects:   6% (41/671)
2021-06-11T18:38:27.0805635Z Receiving objects:   7% (47/671)
2021-06-11T18:38:27.0806210Z Receiving objects:   8% (54/671)
2021-06-11T18:38:27.0807619Z Receiving objects:   9% (61/671)
2021-06-11T18:38:27.0808083Z Receiving objects:  10% (68/671)
2021-06-11T18:38:27.0808478Z Receiving objects:  11% (74/671)
2021-06-11T18:38:27.0809012Z Receiving objects:  12% (81/671)
2021-06-11T18:38:27.0809431Z Receiving objects:  13% (88/671)
2021-06-11T18:38:27.0809942Z Receiving objects:  14% (94/671)
2021-06-11T18:38:27.0810354Z Receiving objects:  15% (101/671)
2021-06-11T18:38:27.0810773Z Receiving objects:  16% (108/671)
2021-06-11T18:38:27.0811169Z Receiving objects:  17% (115/671)
2021-06-11T18:38:27.0811579Z Receiving objects:  18% (121/671)
2021-06-11T18:38:27.0811971Z Receiving objects:  19% (128/671)
2021-06-11T18:38:27.0812380Z Receiving objects:  20% (135/671)
2021-06-11T18:38:27.0812774Z Receiving objects:  21% (141/671)
2021-06-11T18:38:27.0813182Z Receiving objects:  22% (148/671)
2021-06-11T18:38:27.0813574Z Receiving objects:  23% (155/671)
2021-06-11T18:38:27.0814383Z Receiving objects:  24% (162/671)
2021-06-11T18:38:27.0814810Z Receiving objects:  25% (168/671)
2021-06-11T18:38:27.0815255Z Receiving objects:  26% (175/671)
2021-06-11T18:38:27.0815683Z Receiving objects:  27% (182/671)
2021-06-11T18:38:27.0816133Z Receiving objects:  28% (188/671)
2021-06-11T18:38:27.0816578Z Receiving objects:  29% (195/671)
2021-06-11T18:38:27.0817168Z Receiving objects:  30% (202/671)
2021-06-11T18:38:27.0817741Z Receiving objects:  31% (209/671)
2021-06-11T18:38:27.0818131Z Receiving objects:  32% (215/671)
2021-06-11T18:38:27.0818544Z Receiving objects:  33% (222/671)
2021-06-11T18:38:27.0818936Z Receiving objects:  34% (229/671)
2021-06-11T18:38:27.0819345Z Receiving objects:  35% (235/671)
2021-06-11T18:38:27.0819736Z Receiving objects:  36% (242/671)
2021-06-11T18:38:27.0820186Z Receiving objects:  37% (249/671)
2021-06-11T18:38:27.0820582Z Receiving objects:  38% (255/671)
2021-06-11T18:38:27.0820997Z Receiving objects:  39% (262/671)
2021-06-11T18:38:27.0821407Z Receiving objects:  40% (269/671)
2021-06-11T18:38:27.0821799Z Receiving objects:  41% (276/671)
2021-06-11T18:38:27.0822227Z Receiving objects:  42% (282/671)
2021-06-11T18:38:27.0822635Z Receiving objects:  43% (289/671)
2021-06-11T18:38:27.0823032Z Receiving objects:  44% (296/671)
2021-06-11T18:38:27.0823441Z Receiving objects:  45% (302/671)
2021-06-11T18:38:27.0823833Z Receiving objects:  46% (309/671)
2021-06-11T18:38:27.0824239Z Receiving objects:  47% (316/671)
2021-06-11T18:38:27.0825075Z Receiving objects:  48% (323/671)
2021-06-11T18:38:27.0825765Z Receiving objects:  49% (329/671)
2021-06-11T18:38:27.0826543Z Receiving objects:  50% (336/671)
2021-06-11T18:38:27.0827148Z Receiving objects:  51% (343/671)
2021-06-11T18:38:27.0827606Z Receiving objects:  52% (349/671)
2021-06-11T18:38:27.0828196Z Receiving objects:  53% (356/671)
2021-06-11T18:38:27.0828830Z Receiving objects:  54% (363/671)
2021-06-11T18:38:27.0829270Z Receiving objects:  55% (370/671)
2021-06-11T18:38:27.0829726Z Receiving objects:  56% (376/671)
2021-06-11T18:38:27.0830164Z Receiving objects:  57% (383/671)
2021-06-11T18:38:27.0830785Z Receiving objects:  58% (390/671)
2021-06-11T18:38:27.0831213Z Receiving objects:  59% (396/671)
2021-06-11T18:38:27.0831653Z Receiving objects:  60% (403/671)
2021-06-11T18:38:27.0832082Z Receiving objects:  61% (410/671)
2021-06-11T18:38:27.0832529Z Receiving objects:  62% (417/671)
2021-06-11T18:38:27.0833162Z Receiving objects:  63% (423/671)
2021-06-11T18:38:27.0833774Z Receiving objects:  64% (430/671)
2021-06-11T18:38:27.0834225Z Receiving objects:  65% (437/671)
2021-06-11T18:38:27.0834654Z Receiving objects:  66% (443/671)
2021-06-11T18:38:27.0835097Z Receiving objects:  67% (450/671)
2021-06-11T18:38:27.0835522Z Receiving objects:  68% (457/671)
2021-06-11T18:38:27.0836147Z Receiving objects:  69% (463/671)
2021-06-11T18:38:27.0836561Z Receiving objects:  70% (470/671)
2021-06-11T18:38:27.0836991Z Receiving objects:  71% (477/671)
2021-06-11T18:38:27.0837402Z Receiving objects:  72% (484/671)
2021-06-11T18:38:27.0837833Z Receiving objects:  73% (490/671)
2021-06-11T18:38:27.0838265Z Receiving objects:  74% (497/671)
2021-06-11T18:38:27.0838677Z Receiving objects:  75% (504/671)
2021-06-11T18:38:27.0839105Z Receiving objects:  76% (510/671)
2021-06-11T18:38:27.0839588Z Receiving objects:  77% (517/671)
2021-06-11T18:38:27.0840036Z Receiving objects:  78% (524/671)
2021-06-11T18:38:27.0840450Z Receiving objects:  79% (531/671)
2021-06-11T18:38:27.0840887Z Receiving objects:  80% (537/671)
2021-06-11T18:38:27.0842048Z remote: Total 671 (delta 170), reused 201 (delta 137), pack-reused 346        
2021-06-11T18:38:27.0842626Z Receiving objects:  81% (544/671)
2021-06-11T18:38:27.0843065Z Receiving objects:  82% (551/671)
2021-06-11T18:38:27.0843661Z Receiving objects:  83% (557/671)
2021-06-11T18:38:27.0844827Z Receiving objects:  84% (564/671)
2021-06-11T18:38:27.0845302Z Receiving objects:  85% (571/671)
2021-06-11T18:38:27.0845938Z Receiving objects:  86% (578/671)
2021-06-11T18:38:27.0846367Z Receiving objects:  87% (584/671)
2021-06-11T18:38:27.0846813Z Receiving objects:  88% (591/671)
2021-06-11T18:38:27.0847519Z Receiving objects:  89% (598/671)
2021-06-11T18:38:27.0847952Z Receiving objects:  90% (604/671)
2021-06-11T18:38:27.0848377Z Receiving objects:  91% (611/671)
2021-06-11T18:38:27.0848812Z Receiving objects:  92% (618/671)
2021-06-11T18:38:27.0849418Z Receiving objects:  93% (625/671)
2021-06-11T18:38:27.0849864Z Receiving objects:  94% (631/671)
2021-06-11T18:38:27.0850460Z Receiving objects:  95% (638/671)
2021-06-11T18:38:27.0851055Z Receiving objects:  96% (645/671)
2021-06-11T18:38:27.0851844Z Receiving objects:  97% (651/671)
2021-06-11T18:38:27.0853600Z Receiving objects:  98% (658/671)
2021-06-11T18:38:27.0854175Z Receiving objects:  99% (665/671)
2021-06-11T18:38:27.0854680Z Receiving objects: 100% (671/671)
2021-06-11T18:38:27.0855471Z Receiving objects: 100% (671/671), 190.69 KiB | 9.53 MiB/s, done.
2021-06-11T18:38:27.0856128Z Resolving deltas:   0% (0/350)
2021-06-11T18:38:27.0856723Z Resolving deltas:   1% (4/350)
2021-06-11T18:38:27.0857314Z Resolving deltas:   2% (7/350)
2021-06-11T18:38:27.0857765Z Resolving deltas:   3% (11/350)
2021-06-11T18:38:27.0858211Z Resolving deltas:   4% (14/350)
2021-06-11T18:38:27.0858799Z Resolving deltas:   5% (18/350)
2021-06-11T18:38:27.0859230Z Resolving deltas:   6% (21/350)
2021-06-11T18:38:27.0859978Z Resolving deltas:   7% (25/350)
2021-06-11T18:38:27.0860384Z Resolving deltas:   8% (28/350)
2021-06-11T18:38:27.0860773Z Resolving deltas:   9% (32/350)
2021-06-11T18:38:27.0861340Z Resolving deltas:  10% (35/350)
2021-06-11T18:38:27.0861730Z Resolving deltas:  11% (39/350)
2021-06-11T18:38:27.0862135Z Resolving deltas:  12% (42/350)
2021-06-11T18:38:27.0862528Z Resolving deltas:  13% (46/350)
2021-06-11T18:38:27.0863269Z Resolving deltas:  14% (49/350)
2021-06-11T18:38:27.0863675Z Resolving deltas:  15% (53/350)
2021-06-11T18:38:27.0864064Z Resolving deltas:  16% (56/350)
2021-06-11T18:38:27.0864469Z Resolving deltas:  17% (60/350)
2021-06-11T18:38:27.0865051Z Resolving deltas:  18% (63/350)
2021-06-11T18:38:27.0865468Z Resolving deltas:  19% (67/350)
2021-06-11T18:38:27.0866713Z Resolving deltas:  20% (70/350)
2021-06-11T18:38:27.0867189Z Resolving deltas:  21% (74/350)
2021-06-11T18:38:27.0867604Z Resolving deltas:  22% (77/350)
2021-06-11T18:38:27.0868180Z Resolving deltas:  23% (81/350)
2021-06-11T18:38:27.0868568Z Resolving deltas:  24% (84/350)
2021-06-11T18:38:27.0869305Z Resolving deltas:  25% (89/350)
2021-06-11T18:38:27.0869695Z Resolving deltas:  26% (91/350)
2021-06-11T18:38:27.0870106Z Resolving deltas:  27% (95/350)
2021-06-11T18:38:27.0870511Z Resolving deltas:  28% (98/350)
2021-06-11T18:38:27.0870903Z Resolving deltas:  29% (102/350)
2021-06-11T18:38:27.0871313Z Resolving deltas:  30% (105/350)
2021-06-11T18:38:27.0871706Z Resolving deltas:  31% (109/350)
2021-06-11T18:38:27.0872113Z Resolving deltas:  32% (112/350)
2021-06-11T18:38:27.0872834Z Resolving deltas:  33% (116/350)
2021-06-11T18:38:27.0873245Z Resolving deltas:  34% (119/350)
2021-06-11T18:38:27.0873635Z Resolving deltas:  35% (123/350)
2021-06-11T18:38:27.0874037Z Resolving deltas:  36% (126/350)
2021-06-11T18:38:27.0874428Z Resolving deltas:  37% (130/350)
2021-06-11T18:38:27.0874840Z Resolving deltas:  38% (133/350)
2021-06-11T18:38:27.0875363Z Resolving deltas:  39% (137/350)
2021-06-11T18:38:27.0875803Z Resolving deltas:  40% (140/350)
2021-06-11T18:38:27.0876554Z Resolving deltas:  41% (144/350)
2021-06-11T18:38:27.0876957Z Resolving deltas:  42% (147/350)
2021-06-11T18:38:27.0877379Z Resolving deltas:  43% (151/350)
2021-06-11T18:38:27.0877782Z Resolving deltas:  44% (154/350)
2021-06-11T18:38:27.0878198Z Resolving deltas:  45% (158/350)
2021-06-11T18:38:27.0878599Z Resolving deltas:  46% (161/350)
2021-06-11T18:38:27.0879014Z Resolving deltas:  47% (165/350)
2021-06-11T18:38:27.0879415Z Resolving deltas:  48% (168/350)
2021-06-11T18:38:27.0879833Z Resolving deltas:  49% (172/350)
2021-06-11T18:38:27.0880232Z Resolving deltas:  50% (175/350)
2021-06-11T18:38:27.0880647Z Resolving deltas:  51% (179/350)
2021-06-11T18:38:27.0881219Z Resolving deltas:  52% (182/350)
2021-06-11T18:38:27.0881606Z Resolving deltas:  53% (186/350)
2021-06-11T18:38:27.0882013Z Resolving deltas:  54% (189/350)
2021-06-11T18:38:27.0882409Z Resolving deltas:  55% (193/350)
2021-06-11T18:38:27.0882814Z Resolving deltas:  56% (196/350)
2021-06-11T18:38:27.0883202Z Resolving deltas:  57% (200/350)
2021-06-11T18:38:27.0883607Z Resolving deltas:  58% (203/350)
2021-06-11T18:38:27.0884169Z Resolving deltas:  59% (207/350)
2021-06-11T18:38:27.0884568Z Resolving deltas:  60% (210/350)
2021-06-11T18:38:27.0884947Z Resolving deltas:  61% (214/350)
2021-06-11T18:38:27.0885338Z Resolving deltas:  62% (217/350)
2021-06-11T18:38:27.0885715Z Resolving deltas:  63% (221/350)
2021-06-11T18:38:27.0886109Z Resolving deltas:  64% (224/350)
2021-06-11T18:38:27.0886504Z Resolving deltas:  65% (228/350)
2021-06-11T18:38:27.0886881Z Resolving deltas:  66% (231/350)
2021-06-11T18:38:27.0887657Z Resolving deltas:  67% (235/350)
2021-06-11T18:38:27.0888050Z Resolving deltas:  68% (238/350)
2021-06-11T18:38:27.0888459Z Resolving deltas:  69% (242/350)
2021-06-11T18:38:27.0888853Z Resolving deltas:  70% (245/350)
2021-06-11T18:38:27.0889260Z Resolving deltas:  71% (249/350)
2021-06-11T18:38:27.0889652Z Resolving deltas:  72% (252/350)
2021-06-11T18:38:27.0890057Z Resolving deltas:  73% (256/350)
2021-06-11T18:38:27.0890849Z Resolving deltas:  74% (259/350)
2021-06-11T18:38:27.0891257Z Resolving deltas:  75% (263/350)
2021-06-11T18:38:27.0891750Z Resolving deltas:  76% (266/350)
2021-06-11T18:38:27.0892161Z Resolving deltas:  77% (270/350)
2021-06-11T18:38:27.0892567Z Resolving deltas:  78% (273/350)
2021-06-11T18:38:27.0892956Z Resolving deltas:  79% (277/350)
2021-06-11T18:38:27.0893363Z Resolving deltas:  80% (280/350)
2021-06-11T18:38:27.0895288Z Resolving deltas:  81% (284/350)
2021-06-11T18:38:27.0895813Z Resolving deltas:  82% (287/350)
2021-06-11T18:38:27.0896305Z Resolving deltas:  83% (291/350)
2021-06-11T18:38:27.0896813Z Resolving deltas:  84% (294/350)
2021-06-11T18:38:27.0897303Z Resolving deltas:  85% (298/350)
2021-06-11T18:38:27.0897812Z Resolving deltas:  86% (302/350)
2021-06-11T18:38:27.0898383Z Resolving deltas:  87% (305/350)
2021-06-11T18:38:27.0899022Z Resolving deltas:  88% (308/350)
2021-06-11T18:38:27.0900208Z Resolving deltas:  89% (312/350)
2021-06-11T18:38:27.0900835Z Resolving deltas:  90% (315/350)
2021-06-11T18:38:27.0901283Z Resolving deltas:  91% (319/350)
2021-06-11T18:38:27.0902045Z Resolving deltas:  92% (322/350)
2021-06-11T18:38:27.0902932Z Resolving deltas:  93% (326/350)
2021-06-11T18:38:27.0903388Z Resolving deltas:  94% (329/350)
2021-06-11T18:38:27.0903860Z Resolving deltas:  95% (333/350)
2021-06-11T18:38:27.0904504Z Resolving deltas:  96% (336/350)
2021-06-11T18:38:27.0904992Z Resolving deltas:  97% (340/350)
2021-06-11T18:38:27.0905466Z Resolving deltas:  98% (343/350)
2021-06-11T18:38:27.0906335Z Resolving deltas:  99% (347/350)
2021-06-11T18:38:27.0906806Z Resolving deltas: 100% (350/350)
2021-06-11T18:38:27.0907672Z Resolving deltas: 100% (350/350), done.
2021-06-11T18:38:27.0908744Z From https://github.com/con/tinuous
2021-06-11T18:38:27.0910166Z  * [new branch]      conda-badge   -> origin/conda-badge
2021-06-11T18:38:27.0911587Z  * [new branch]      doc-cron      -> origin/doc-cron
2021-06-11T18:38:27.0912539Z  * [new branch]      fix-ci        -> origin/fix-ci
2021-06-11T18:38:27.0913274Z  * [new branch]      gh-55         -> origin/gh-55
2021-06-11T18:38:27.0914465Z  * [new branch]      master        -> origin/master
2021-06-11T18:38:27.0915357Z  * [new branch]      new-since     -> origin/new-since
2021-06-11T18:38:27.0916307Z  * [new branch]      test-appveyor -> origin/test-appveyor
2021-06-11T18:38:27.0917257Z  * [new tag]         0.1.0         -> 0.1.0
2021-06-11T18:38:27.0917818Z  * [new tag]         0.2.0         -> 0.2.0
2021-06-11T18:38:27.0918545Z [command]/usr/bin/git branch --list --remote origin/conda-badge
2021-06-11T18:38:27.0919273Z   origin/conda-badge
2021-06-11T18:38:27.0920044Z [command]/usr/bin/git rev-parse refs/remotes/origin/conda-badge
2021-06-11T18:38:27.0921047Z 0c769834167c2ab4761667217084c03a00dffb8e
2021-06-11T18:38:27.0922091Z ##[endgroup]
2021-06-11T18:38:27.0922656Z ##[group]Determining the checkout info
2021-06-11T18:38:27.0923200Z ##[endgroup]
2021-06-11T18:38:27.0924179Z ##[group]Checking out the ref
2021-06-11T18:38:27.0925571Z [command]/usr/bin/git checkout --progress --force -B conda-badge refs/remotes/origin/conda-badge
2021-06-11T18:38:27.0926550Z Switched to a new branch 'conda-badge'
2021-06-11T18:38:27.0927870Z Branch 'conda-badge' set up to track remote branch 'conda-badge' from 'origin'.
2021-06-11T18:38:27.0929602Z ##[endgroup]
2021-06-11T18:38:27.0930891Z [command]/usr/bin/git log -1 --format='%H'
2021-06-11T18:38:27.0931568Z '0c769834167c2ab4761667217084c03a00dffb8e'
2021-06-11T18:38:27.1031688Z ##[group]Run actions/setup-python@v2
2021-06-11T18:38:27.1032212Z with:
2021-06-11T18:38:27.1032603Z   python-version: 3.8
2021-06-11T18:38:27.1033495Z   token: ***
2021-06-11T18:38:27.1034208Z ##[endgroup]
2021-06-11T18:38:27.1629698Z Successfully setup CPython (3.8.10)
2021-06-11T18:38:27.1716137Z ##[group]Run python -m pip install --upgrade pip wheel
2021-06-11T18:38:27.1717342Z [36;1mpython -m pip install --upgrade pip wheel[0m
2021-06-11T18:38:27.1718410Z [36;1mpython -m pip install --upgrade --upgrade-strategy=eager tox[0m
2021-06-11T18:38:27.1759703Z shell: /usr/bin/bash -e {0}
2021-06-11T18:38:27.1760054Z env:
2021-06-11T18:38:27.1760509Z   pythonLocation: /opt/hostedtoolcache/Python/3.8.10/x64
2021-06-11T18:38:27.1761299Z   LD_LIBRARY_PATH: /opt/hostedtoolcache/Python/3.8.10/x64/lib
2021-06-11T18:38:27.1761771Z ##[endgroup]
2021-06-11T18:38:27.7993957Z Requirement already satisfied: pip in /opt/hostedtoolcache/Python/3.8.10/x64/lib/python3.8/site-packages (21.1.2)
2021-06-11T18:38:28.0504213Z Collecting wheel
2021-06-11T18:38:28.0861708Z   Downloading wheel-0.36.2-py2.py3-none-any.whl (35 kB)
2021-06-11T18:38:28.1452360Z Installing collected packages: wheel
2021-06-11T18:38:28.1846147Z Successfully installed wheel-0.36.2
2021-06-11T18:38:28.9136429Z Collecting tox
2021-06-11T18:38:28.9465871Z   Downloading tox-3.23.1-py2.py3-none-any.whl (85 kB)
2021-06-11T18:38:29.0057531Z Collecting toml>=0.9.4
2021-06-11T18:38:29.0130494Z   Downloading toml-0.10.2-py2.py3-none-any.whl (16 kB)
2021-06-11T18:38:29.0649921Z Collecting pluggy>=0.12.0
2021-06-11T18:38:29.0734150Z   Downloading pluggy-0.13.1-py2.py3-none-any.whl (18 kB)
2021-06-11T18:38:29.1255262Z Collecting packaging>=14
2021-06-11T18:38:29.1340219Z   Downloading packaging-20.9-py2.py3-none-any.whl (40 kB)
2021-06-11T18:38:29.1697004Z Collecting filelock>=3.0.0
2021-06-11T18:38:29.1770681Z   Downloading filelock-3.0.12-py3-none-any.whl (7.6 kB)
2021-06-11T18:38:29.3639843Z Collecting virtualenv!=20.0.0,!=20.0.1,!=20.0.2,!=20.0.3,!=20.0.4,!=20.0.5,!=20.0.6,!=20.0.7,>=16.0.0
2021-06-11T18:38:29.3722942Z   Downloading virtualenv-20.4.7-py2.py3-none-any.whl (7.2 MB)
2021-06-11T18:38:29.6622199Z Collecting py>=1.4.17
2021-06-11T18:38:29.6706557Z   Downloading py-1.10.0-py2.py3-none-any.whl (97 kB)
2021-06-11T18:38:29.7078843Z Collecting six>=1.14.0
2021-06-11T18:38:29.7153992Z   Downloading six-1.16.0-py2.py3-none-any.whl (11 kB)
2021-06-11T18:38:29.7980042Z Collecting pyparsing>=2.0.2
2021-06-11T18:38:29.8062200Z   Downloading pyparsing-2.4.7-py2.py3-none-any.whl (67 kB)
2021-06-11T18:38:29.8856140Z Collecting distlib<1,>=0.3.1
2021-06-11T18:38:29.8952805Z   Downloading distlib-0.3.2-py2.py3-none-any.whl (338 kB)
2021-06-11T18:38:29.9327538Z Collecting appdirs<2,>=1.4.3
2021-06-11T18:38:29.9412416Z   Downloading appdirs-1.4.4-py2.py3-none-any.whl (9.6 kB)
2021-06-11T18:38:30.0628449Z Installing collected packages: six, pyparsing, filelock, distlib, appdirs, virtualenv, toml, py, pluggy, packaging, tox
2021-06-11T18:38:30.7558576Z Successfully installed appdirs-1.4.4 distlib-0.3.2 filelock-3.0.12 packaging-20.9 pluggy-0.13.1 py-1.10.0 pyparsing-2.4.7 six-1.16.0 toml-0.10.2 tox-3.23.1 virtualenv-20.4.7
2021-06-11T18:38:30.8314565Z ##[group]Run tox -e lint
2021-06-11T18:38:30.8315038Z [36;1mtox -e lint[0m
2021-06-11T18:38:30.8352686Z shell: /usr/bin/bash -e {0}
2021-06-11T18:38:30.8353217Z env:
2021-06-11T18:38:30.8353751Z   pythonLocation: /opt/hostedtoolcache/Python/3.8.10/x64
2021-06-11T18:38:30.8354784Z   LD_LIBRARY_PATH: /opt/hostedtoolcache/Python/3.8.10/x64/lib
2021-06-11T18:38:30.8355240Z ##[endgroup]
2021-06-11T18:38:31.0720030Z lint create: /home/runner/work/tinuous/tinuous/.tox/lint
2021-06-11T18:38:31.8212155Z lint installdeps: flake8~=3.7, flake8-bugbear, flake8-builtins~=1.4, flake8-import-order-jwodder, flake8-unused-arguments
2021-06-11T18:38:35.8726530Z lint installed: attrs==21.2.0,flake8==3.9.2,flake8-bugbear==21.4.3,flake8-builtins==1.5.3,flake8-import-order==0.18.1,flake8-import-order-jwodder==0.1.0,flake8-unused-arguments==0.0.6,mccabe==0.6.1,pycodestyle==2.7.0,pyflakes==2.3.1
2021-06-11T18:38:35.8739110Z lint run-test-pre: PYTHONHASHSEED='180586779'
2021-06-11T18:38:35.8771067Z lint run-test: commands[0] | flake8 --config=tox.ini src test
2021-06-11T18:38:36.9347830Z ___________________________________ summary ____________________________________
2021-06-11T18:38:36.9370468Z   lint: commands succeeded
2021-06-11T18:38:36.9372689Z   congratulations :)
2021-06-11T18:38:36.9682779Z Post job cleanup.
2021-06-11T18:38:37.0867211Z [command]/usr/bin/git version
2021-06-11T18:38:37.0914737Z git version 2.31.1
2021-06-11T18:38:37.0968158Z [command]/usr/bin/git config --local --name-only --get-regexp core\.sshCommand
2021-06-11T18:38:37.1005839Z [command]/usr/bin/git submodule foreach --recursive git config --local --name-only --get-regexp 'core\.sshCommand' && git config --local --unset-all 'core.sshCommand' || :
2021-06-11T18:38:37.1255866Z [command]/usr/bin/git config --local --name-only --get-regexp http\.https\:\/\/github\.com\/\.extraheader
2021-06-11T18:38:37.1285944Z http.https://github.com/.extraheader
2021-06-11T18:38:37.1288667Z [command]/usr/bin/git config --local --unset-all http.https://github.com/.extraheader
2021-06-11T18:38:37.1316266Z [command]/usr/bin/git submodule foreach --recursive git config --local --name-only --get-regexp 'http\.https\:\/\/github\.com\/\.extraheader' && git config --local --unset-all 'http.https://github.com/.extraheader' || :
2021-06-11T18:38:37.1598092Z Cleaning up orphan processes
