2021-11-29T18:57:12.3538257Z Found online and idle hosted runner in the current repository's organization account that matches the required labels: 'ubuntu-latest'
2021-11-29T18:57:12.4911002Z Waiting for a Hosted runner in the 'organization' to pick this job...
2021-11-29T18:57:13.3631369Z Job is waiting for a hosted runner to come online.
2021-11-29T18:57:16.4706618Z Job is about to start running on the hosted runner: GitHub Actions 2 (hosted)
2021-11-29T18:57:20.2844837Z Current runner version: '2.284.0'
2021-11-29T18:57:20.2887688Z ##[group]Operating System
2021-11-29T18:57:20.2888984Z Ubuntu
2021-11-29T18:57:20.2889453Z 20.04.3
2021-11-29T18:57:20.2889899Z LTS
2021-11-29T18:57:20.2890340Z ##[endgroup]
2021-11-29T18:57:20.2890914Z ##[group]Virtual Environment
2021-11-29T18:57:20.2891594Z Environment: ubuntu-20.04
2021-11-29T18:57:20.2892121Z Version: 20211122.1
2021-11-29T18:57:20.2893107Z Included Software: https://github.com/actions/virtual-environments/blob/ubuntu20/20211122.1/images/linux/Ubuntu2004-README.md
2021-11-29T18:57:20.2894371Z Image Release: https://github.com/actions/virtual-environments/releases/tag/ubuntu20%2F20211122.1
2021-11-29T18:57:20.2895243Z ##[endgroup]
2021-11-29T18:57:20.2895863Z ##[group]Virtual Environment Provisioner
2021-11-29T18:57:20.2896481Z 1.0.0.0-master-20211123-1
2021-11-29T18:57:20.2897023Z ##[endgroup]
2021-11-29T18:57:20.2898937Z ##[group]GITHUB_TOKEN Permissions
2021-11-29T18:57:20.2900343Z Actions: write
2021-11-29T18:57:20.2900909Z Checks: write
2021-11-29T18:57:20.2901373Z Contents: write
2021-11-29T18:57:20.2901932Z Deployments: write
2021-11-29T18:57:20.2902446Z Discussions: write
2021-11-29T18:57:20.2902979Z Issues: write
2021-11-29T18:57:20.2903505Z Metadata: read
2021-11-29T18:57:20.2903981Z Packages: write
2021-11-29T18:57:20.2904509Z Pages: write
2021-11-29T18:57:20.2904999Z PullRequests: write
2021-11-29T18:57:20.2905645Z RepositoryProjects: write
2021-11-29T18:57:20.2906257Z SecurityEvents: write
2021-11-29T18:57:20.2906815Z Statuses: write
2021-11-29T18:57:20.2907391Z ##[endgroup]
2021-11-29T18:57:20.2910549Z Prepare workflow directory
2021-11-29T18:57:20.3508303Z Prepare all required actions
2021-11-29T18:57:20.3518235Z Getting action download info
2021-11-29T18:57:20.5841896Z Download action repository 'actions/checkout@v2' (SHA:ec3a7ce113134d7a93b817d10a8272cb61118579)
2021-11-29T18:57:22.7065032Z Download action repository 'actions/setup-python@v2' (SHA:f38219332975fe8f9c04cca981d674bf22aea1d3)
2021-11-29T18:57:23.3873956Z Download action repository 'codecov/codecov-action@v1' (SHA:29386c70ef20e286228c72b668a06fd0e8399192)
2021-11-29T18:57:24.0194390Z ##[group]Run actions/checkout@v2
2021-11-29T18:57:24.0195038Z with:
2021-11-29T18:57:24.0195477Z   fetch-depth: 0
2021-11-29T18:57:24.0195962Z   repository: con/tinuous
2021-11-29T18:57:24.0196957Z   token: ***
2021-11-29T18:57:24.0197403Z   ssh-strict: true
2021-11-29T18:57:24.0197935Z   persist-credentials: true
2021-11-29T18:57:24.0198458Z   clean: true
2021-11-29T18:57:24.0198854Z   lfs: false
2021-11-29T18:57:24.0199299Z   submodules: false
2021-11-29T18:57:24.0199745Z ##[endgroup]
2021-11-29T18:57:24.7170508Z Syncing repository: con/tinuous
2021-11-29T18:57:24.7172056Z ##[group]Getting Git version info
2021-11-29T18:57:24.7173445Z Working directory is '/home/runner/work/tinuous/tinuous'
2021-11-29T18:57:24.7174828Z [command]/usr/bin/git version
2021-11-29T18:57:24.7175416Z git version 2.34.0
2021-11-29T18:57:24.7177497Z ##[endgroup]
2021-11-29T18:57:24.7178409Z Deleting the contents of '/home/runner/work/tinuous/tinuous'
2021-11-29T18:57:24.7180906Z ##[group]Initializing the repository
2021-11-29T18:57:24.7181712Z [command]/usr/bin/git init /home/runner/work/tinuous/tinuous
2021-11-29T18:57:24.7182775Z hint: Using 'master' as the name for the initial branch. This default branch name
2021-11-29T18:57:24.7183709Z hint: is subject to change. To configure the initial branch name to use in all
2021-11-29T18:57:24.7184625Z hint: of your new repositories, which will suppress this warning, call:
2021-11-29T18:57:24.7185315Z hint: 
2021-11-29T18:57:24.7186166Z hint: 	git config --global init.defaultBranch <name>
2021-11-29T18:57:24.7186856Z hint: 
2021-11-29T18:57:24.7187708Z hint: Names commonly chosen instead of 'master' are 'main', 'trunk' and
2021-11-29T18:57:24.7188807Z hint: 'development'. The just-created branch can be renamed via this command:
2021-11-29T18:57:24.7189545Z hint: 
2021-11-29T18:57:24.7190224Z hint: 	git branch -m <name>
2021-11-29T18:57:24.7191015Z Initialized empty Git repository in /home/runner/work/tinuous/tinuous/.git/
2021-11-29T18:57:24.7192476Z [command]/usr/bin/git remote add origin https://github.com/con/tinuous
2021-11-29T18:57:24.7193765Z ##[endgroup]
2021-11-29T18:57:24.7194928Z ##[group]Disabling automatic garbage collection
2021-11-29T18:57:24.7195889Z [command]/usr/bin/git config --local gc.auto 0
2021-11-29T18:57:24.7197009Z ##[endgroup]
2021-11-29T18:57:24.7199821Z ##[group]Setting up auth
2021-11-29T18:57:24.7200858Z [command]/usr/bin/git config --local --name-only --get-regexp core\.sshCommand
2021-11-29T18:57:24.7202401Z [command]/usr/bin/git submodule foreach --recursive git config --local --name-only --get-regexp 'core\.sshCommand' && git config --local --unset-all 'core.sshCommand' || :
2021-11-29T18:57:24.7203961Z [command]/usr/bin/git config --local --name-only --get-regexp http\.https\:\/\/github\.com\/\.extraheader
2021-11-29T18:57:24.7205843Z [command]/usr/bin/git submodule foreach --recursive git config --local --name-only --get-regexp 'http\.https\:\/\/github\.com\/\.extraheader' && git config --local --unset-all 'http.https://github.com/.extraheader' || :
2021-11-29T18:57:24.7207696Z [command]/usr/bin/git config --local http.https://github.com/.extraheader AUTHORIZATION: basic ***
2021-11-29T18:57:24.7209369Z ##[endgroup]
2021-11-29T18:57:24.7210479Z ##[group]Fetching the repository
2021-11-29T18:57:24.7211892Z [command]/usr/bin/git -c protocol.version=2 fetch --prune --progress --no-recurse-submodules origin +refs/heads/*:refs/remotes/origin/* +refs/tags/*:refs/tags/*
2021-11-29T18:57:24.7985385Z remote: Enumerating objects: 894, done.        
2021-11-29T18:57:24.7986247Z remote: Counting objects:   0% (1/548)        
2021-11-29T18:57:24.7987145Z remote: Counting objects:   1% (6/548)        
2021-11-29T18:57:24.7994104Z remote: Counting objects:   2% (11/548)        
2021-11-29T18:57:24.7994900Z remote: Counting objects:   3% (17/548)        
2021-11-29T18:57:24.7995567Z remote: Counting objects:   4% (22/548)        
2021-11-29T18:57:24.7997056Z remote: Counting objects:   5% (28/548)        
2021-11-29T18:57:24.7998558Z remote: Counting objects:   6% (33/548)        
2021-11-29T18:57:24.8003610Z remote: Counting objects:   7% (39/548)        
2021-11-29T18:57:24.8008999Z remote: Counting objects:   8% (44/548)        
2021-11-29T18:57:24.8195149Z remote: Counting objects:   9% (50/548)        
2021-11-29T18:57:24.8196290Z remote: Counting objects:  10% (55/548)        
2021-11-29T18:57:24.8197002Z remote: Counting objects:  11% (61/548)        
2021-11-29T18:57:24.8197661Z remote: Counting objects:  12% (66/548)        
2021-11-29T18:57:24.8198293Z remote: Counting objects:  13% (72/548)        
2021-11-29T18:57:24.8198932Z remote: Counting objects:  14% (77/548)        
2021-11-29T18:57:24.8199561Z remote: Counting objects:  15% (83/548)        
2021-11-29T18:57:24.8200205Z remote: Counting objects:  16% (88/548)        
2021-11-29T18:57:24.8200844Z remote: Counting objects:  17% (94/548)        
2021-11-29T18:57:24.8201469Z remote: Counting objects:  18% (99/548)        
2021-11-29T18:57:24.8202177Z remote: Counting objects:  19% (105/548)        
2021-11-29T18:57:24.8202810Z remote: Counting objects:  20% (110/548)        
2021-11-29T18:57:24.8203450Z remote: Counting objects:  21% (116/548)        
2021-11-29T18:57:24.8204091Z remote: Counting objects:  22% (121/548)        
2021-11-29T18:57:24.8204716Z remote: Counting objects:  23% (127/548)        
2021-11-29T18:57:24.8205356Z remote: Counting objects:  24% (132/548)        
2021-11-29T18:57:24.8205990Z remote: Counting objects:  25% (137/548)        
2021-11-29T18:57:24.8206631Z remote: Counting objects:  26% (143/548)        
2021-11-29T18:57:24.8207250Z remote: Counting objects:  27% (148/548)        
2021-11-29T18:57:24.8207908Z remote: Counting objects:  28% (154/548)        
2021-11-29T18:57:24.8208783Z remote: Counting objects:  29% (159/548)        
2021-11-29T18:57:24.8210007Z remote: Counting objects:  30% (165/548)        
2021-11-29T18:57:24.8210672Z remote: Counting objects:  31% (170/548)        
2021-11-29T18:57:24.8211731Z remote: Counting objects:  32% (176/548)        
2021-11-29T18:57:24.8212374Z remote: Counting objects:  33% (181/548)        
2021-11-29T18:57:24.8213142Z remote: Counting objects:  34% (187/548)        
2021-11-29T18:57:24.8213779Z remote: Counting objects:  35% (192/548)        
2021-11-29T18:57:24.8214426Z remote: Counting objects:  36% (198/548)        
2021-11-29T18:57:24.8215065Z remote: Counting objects:  37% (203/548)        
2021-11-29T18:57:24.8215703Z remote: Counting objects:  38% (209/548)        
2021-11-29T18:57:24.8216354Z remote: Counting objects:  39% (214/548)        
2021-11-29T18:57:24.8216984Z remote: Counting objects:  40% (220/548)        
2021-11-29T18:57:24.8220066Z remote: Counting objects:  41% (225/548)        
2021-11-29T18:57:24.8220784Z remote: Counting objects:  42% (231/548)        
2021-11-29T18:57:24.8221457Z remote: Counting objects:  43% (236/548)        
2021-11-29T18:57:24.8222101Z remote: Counting objects:  44% (242/548)        
2021-11-29T18:57:24.8222796Z remote: Counting objects:  45% (247/548)        
2021-11-29T18:57:24.8223461Z remote: Counting objects:  46% (253/548)        
2021-11-29T18:57:24.8224104Z remote: Counting objects:  47% (258/548)        
2021-11-29T18:57:24.8224774Z remote: Counting objects:  48% (264/548)        
2021-11-29T18:57:24.8225412Z remote: Counting objects:  49% (269/548)        
2021-11-29T18:57:24.8226060Z remote: Counting objects:  50% (274/548)        
2021-11-29T18:57:24.8226720Z remote: Counting objects:  51% (280/548)        
2021-11-29T18:57:24.8227358Z remote: Counting objects:  52% (285/548)        
2021-11-29T18:57:24.8228021Z remote: Counting objects:  53% (291/548)        
2021-11-29T18:57:24.8228668Z remote: Counting objects:  54% (296/548)        
2021-11-29T18:57:24.8229318Z remote: Counting objects:  55% (302/548)        
2021-11-29T18:57:24.8229963Z remote: Counting objects:  56% (307/548)        
2021-11-29T18:57:24.8230617Z remote: Counting objects:  57% (313/548)        
2021-11-29T18:57:24.8231289Z remote: Counting objects:  58% (318/548)        
2021-11-29T18:57:24.8232209Z remote: Counting objects:  59% (324/548)        
2021-11-29T18:57:24.8232882Z remote: Counting objects:  60% (329/548)        
2021-11-29T18:57:24.8233529Z remote: Counting objects:  61% (335/548)        
2021-11-29T18:57:24.8234193Z remote: Counting objects:  62% (340/548)        
2021-11-29T18:57:24.8234845Z remote: Counting objects:  63% (346/548)        
2021-11-29T18:57:24.8235489Z remote: Counting objects:  64% (351/548)        
2021-11-29T18:57:24.8236140Z remote: Counting objects:  65% (357/548)        
2021-11-29T18:57:24.8236785Z remote: Counting objects:  66% (362/548)        
2021-11-29T18:57:24.8237440Z remote: Counting objects:  67% (368/548)        
2021-11-29T18:57:24.8238078Z remote: Counting objects:  68% (373/548)        
2021-11-29T18:57:24.8238737Z remote: Counting objects:  69% (379/548)        
2021-11-29T18:57:24.8239389Z remote: Counting objects:  70% (384/548)        
2021-11-29T18:57:24.8240042Z remote: Counting objects:  71% (390/548)        
2021-11-29T18:57:24.8240709Z remote: Counting objects:  72% (395/548)        
2021-11-29T18:57:24.8241359Z remote: Counting objects:  73% (401/548)        
2021-11-29T18:57:24.8242018Z remote: Counting objects:  74% (406/548)        
2021-11-29T18:57:24.8242681Z remote: Counting objects:  75% (411/548)        
2021-11-29T18:57:24.8243320Z remote: Counting objects:  76% (417/548)        
2021-11-29T18:57:24.8243979Z remote: Counting objects:  77% (422/548)        
2021-11-29T18:57:24.8244620Z remote: Counting objects:  78% (428/548)        
2021-11-29T18:57:24.8245277Z remote: Counting objects:  79% (433/548)        
2021-11-29T18:57:24.8245988Z remote: Counting objects:  80% (439/548)        
2021-11-29T18:57:24.8246560Z remote: Counting objects:  81% (444/548)        
2021-11-29T18:57:24.8247138Z remote: Counting objects:  82% (450/548)        
2021-11-29T18:57:24.8247694Z remote: Counting objects:  83% (455/548)        
2021-11-29T18:57:24.8248648Z remote: Counting objects:  84% (461/548)        
2021-11-29T18:57:24.8249221Z remote: Counting objects:  85% (466/548)        
2021-11-29T18:57:24.8249798Z remote: Counting objects:  86% (472/548)        
2021-11-29T18:57:24.8250367Z remote: Counting objects:  87% (477/548)        
2021-11-29T18:57:24.8250920Z remote: Counting objects:  88% (483/548)        
2021-11-29T18:57:24.8251493Z remote: Counting objects:  89% (488/548)        
2021-11-29T18:57:24.8252048Z remote: Counting objects:  90% (494/548)        
2021-11-29T18:57:24.8252647Z remote: Counting objects:  91% (499/548)        
2021-11-29T18:57:24.8253202Z remote: Counting objects:  92% (505/548)        
2021-11-29T18:57:24.8253769Z remote: Counting objects:  93% (510/548)        
2021-11-29T18:57:24.8254336Z remote: Counting objects:  94% (516/548)        
2021-11-29T18:57:24.8254892Z remote: Counting objects:  95% (521/548)        
2021-11-29T18:57:24.8255476Z remote: Counting objects:  96% (527/548)        
2021-11-29T18:57:24.8256058Z remote: Counting objects:  97% (532/548)        
2021-11-29T18:57:24.8256629Z remote: Counting objects:  98% (538/548)        
2021-11-29T18:57:24.8257199Z remote: Counting objects:  99% (543/548)        
2021-11-29T18:57:24.8257757Z remote: Counting objects: 100% (548/548)        
2021-11-29T18:57:24.8258356Z remote: Counting objects: 100% (548/548), done.        
2021-11-29T18:57:24.8258971Z remote: Compressing objects:   0% (1/287)        
2021-11-29T18:57:24.8259586Z remote: Compressing objects:   1% (3/287)        
2021-11-29T18:57:24.8260205Z remote: Compressing objects:   2% (6/287)        
2021-11-29T18:57:24.8260799Z remote: Compressing objects:   3% (9/287)        
2021-11-29T18:57:24.8261430Z remote: Compressing objects:   4% (12/287)        
2021-11-29T18:57:24.8262033Z remote: Compressing objects:   5% (15/287)        
2021-11-29T18:57:24.8262655Z remote: Compressing objects:   6% (18/287)        
2021-11-29T18:57:24.8263265Z remote: Compressing objects:   7% (21/287)        
2021-11-29T18:57:24.8263887Z remote: Compressing objects:   8% (23/287)        
2021-11-29T18:57:24.8264638Z remote: Compressing objects:   9% (26/287)        
2021-11-29T18:57:24.8265254Z remote: Compressing objects:  10% (29/287)        
2021-11-29T18:57:24.8265873Z remote: Compressing objects:  11% (32/287)        
2021-11-29T18:57:24.8266473Z remote: Compressing objects:  12% (35/287)        
2021-11-29T18:57:24.8267083Z remote: Compressing objects:  13% (38/287)        
2021-11-29T18:57:24.8267698Z remote: Compressing objects:  14% (41/287)        
2021-11-29T18:57:24.8268293Z remote: Compressing objects:  15% (44/287)        
2021-11-29T18:57:24.8268909Z remote: Compressing objects:  16% (46/287)        
2021-11-29T18:57:24.8269510Z remote: Compressing objects:  17% (49/287)        
2021-11-29T18:57:24.8270118Z remote: Compressing objects:  18% (52/287)        
2021-11-29T18:57:24.8270726Z remote: Compressing objects:  19% (55/287)        
2021-11-29T18:57:24.8271328Z remote: Compressing objects:  20% (58/287)        
2021-11-29T18:57:24.8271947Z remote: Compressing objects:  21% (61/287)        
2021-11-29T18:57:24.8272564Z remote: Compressing objects:  22% (64/287)        
2021-11-29T18:57:24.8273173Z remote: Compressing objects:  23% (67/287)        
2021-11-29T18:57:24.8273770Z remote: Compressing objects:  24% (69/287)        
2021-11-29T18:57:24.8274387Z remote: Compressing objects:  25% (72/287)        
2021-11-29T18:57:24.8275008Z remote: Compressing objects:  26% (75/287)        
2021-11-29T18:57:24.8275616Z remote: Compressing objects:  27% (78/287)        
2021-11-29T18:57:24.8276228Z remote: Compressing objects:  28% (81/287)        
2021-11-29T18:57:24.8276821Z remote: Compressing objects:  29% (84/287)        
2021-11-29T18:57:24.8277440Z remote: Compressing objects:  30% (87/287)        
2021-11-29T18:57:24.8278087Z remote: Compressing objects:  31% (89/287)        
2021-11-29T18:57:24.8278701Z remote: Compressing objects:  32% (92/287)        
2021-11-29T18:57:24.8279319Z remote: Compressing objects:  33% (95/287)        
2021-11-29T18:57:24.8280065Z remote: Compressing objects:  34% (98/287)        
2021-11-29T18:57:24.8280708Z remote: Compressing objects:  35% (101/287)        
2021-11-29T18:57:24.8281355Z remote: Compressing objects:  36% (104/287)        
2021-11-29T18:57:24.8281985Z remote: Compressing objects:  37% (107/287)        
2021-11-29T18:57:24.8282611Z remote: Compressing objects:  38% (110/287)        
2021-11-29T18:57:24.8283229Z remote: Compressing objects:  39% (112/287)        
2021-11-29T18:57:24.8283880Z remote: Compressing objects:  40% (115/287)        
2021-11-29T18:57:24.8284490Z remote: Compressing objects:  41% (118/287)        
2021-11-29T18:57:24.8285137Z remote: Compressing objects:  42% (121/287)        
2021-11-29T18:57:24.8285768Z remote: Compressing objects:  43% (124/287)        
2021-11-29T18:57:24.8286385Z remote: Compressing objects:  44% (127/287)        
2021-11-29T18:57:24.8352663Z remote: Compressing objects:  45% (130/287)        
2021-11-29T18:57:24.8356922Z remote: Compressing objects:  46% (133/287)        
2021-11-29T18:57:24.8357634Z remote: Compressing objects:  47% (135/287)        
2021-11-29T18:57:24.8358255Z remote: Compressing objects:  48% (138/287)        
2021-11-29T18:57:24.8358860Z remote: Compressing objects:  49% (141/287)        
2021-11-29T18:57:24.8359475Z remote: Compressing objects:  50% (144/287)        
2021-11-29T18:57:24.8360384Z remote: Compressing objects:  51% (147/287)        
2021-11-29T18:57:24.8361010Z remote: Compressing objects:  52% (150/287)        
2021-11-29T18:57:24.8361625Z remote: Compressing objects:  53% (153/287)        
2021-11-29T18:57:24.8362226Z remote: Compressing objects:  54% (155/287)        
2021-11-29T18:57:24.8362842Z remote: Compressing objects:  55% (158/287)        
2021-11-29T18:57:24.8364747Z remote: Compressing objects:  56% (161/287)        
2021-11-29T18:57:24.8365372Z remote: Compressing objects:  57% (164/287)        
2021-11-29T18:57:24.8365973Z remote: Compressing objects:  58% (167/287)        
2021-11-29T18:57:24.8366607Z remote: Compressing objects:  59% (170/287)        
2021-11-29T18:57:24.8367489Z remote: Compressing objects:  60% (173/287)        
2021-11-29T18:57:24.8369176Z remote: Compressing objects:  61% (176/287)        
2021-11-29T18:57:24.8369790Z remote: Compressing objects:  62% (178/287)        
2021-11-29T18:57:24.8370408Z remote: Compressing objects:  63% (181/287)        
2021-11-29T18:57:24.8371024Z remote: Compressing objects:  64% (184/287)        
2021-11-29T18:57:24.8371620Z remote: Compressing objects:  65% (187/287)        
2021-11-29T18:57:24.8372231Z remote: Compressing objects:  66% (190/287)        
2021-11-29T18:57:24.8372831Z remote: Compressing objects:  67% (193/287)        
2021-11-29T18:57:24.8373444Z remote: Compressing objects:  68% (196/287)        
2021-11-29T18:57:24.8374058Z remote: Compressing objects:  69% (199/287)        
2021-11-29T18:57:24.8374652Z remote: Compressing objects:  70% (201/287)        
2021-11-29T18:57:24.8375267Z remote: Compressing objects:  71% (204/287)        
2021-11-29T18:57:24.8375885Z remote: Compressing objects:  72% (207/287)        
2021-11-29T18:57:24.8376510Z remote: Compressing objects:  73% (210/287)        
2021-11-29T18:57:24.8377119Z remote: Compressing objects:  74% (213/287)        
2021-11-29T18:57:24.8377713Z remote: Compressing objects:  75% (216/287)        
2021-11-29T18:57:24.8378321Z remote: Compressing objects:  76% (219/287)        
2021-11-29T18:57:24.8378914Z remote: Compressing objects:  77% (221/287)        
2021-11-29T18:57:24.8379520Z remote: Compressing objects:  78% (224/287)        
2021-11-29T18:57:24.8380113Z remote: Compressing objects:  79% (227/287)        
2021-11-29T18:57:24.8380717Z remote: Compressing objects:  80% (230/287)        
2021-11-29T18:57:24.8381327Z remote: Compressing objects:  81% (233/287)        
2021-11-29T18:57:24.8381921Z remote: Compressing objects:  82% (236/287)        
2021-11-29T18:57:24.8382528Z remote: Compressing objects:  83% (239/287)        
2021-11-29T18:57:24.8383122Z remote: Compressing objects:  84% (242/287)        
2021-11-29T18:57:24.8383945Z remote: Compressing objects:  85% (244/287)        
2021-11-29T18:57:24.8384566Z remote: Compressing objects:  86% (247/287)        
2021-11-29T18:57:24.8385164Z remote: Compressing objects:  87% (250/287)        
2021-11-29T18:57:24.8385786Z remote: Compressing objects:  88% (253/287)        
2021-11-29T18:57:24.8388731Z remote: Compressing objects:  89% (256/287)        
2021-11-29T18:57:24.8389374Z remote: Compressing objects:  90% (259/287)        
2021-11-29T18:57:24.8389974Z remote: Compressing objects:  91% (262/287)        
2021-11-29T18:57:24.8390589Z remote: Compressing objects:  92% (265/287)        
2021-11-29T18:57:24.8391207Z remote: Compressing objects:  93% (267/287)        
2021-11-29T18:57:24.8391807Z remote: Compressing objects:  94% (270/287)        
2021-11-29T18:57:24.8392415Z remote: Compressing objects:  95% (273/287)        
2021-11-29T18:57:24.8393767Z remote: Compressing objects:  96% (276/287)        
2021-11-29T18:57:24.8395255Z remote: Compressing objects:  97% (279/287)        
2021-11-29T18:57:24.8395900Z remote: Compressing objects:  98% (282/287)        
2021-11-29T18:57:24.8396499Z remote: Compressing objects:  99% (285/287)        
2021-11-29T18:57:24.8397109Z remote: Compressing objects: 100% (287/287)        
2021-11-29T18:57:24.8397729Z remote: Compressing objects: 100% (287/287), done.        
2021-11-29T18:57:24.8398466Z Receiving objects:   0% (1/894)
2021-11-29T18:57:24.8398992Z Receiving objects:   1% (9/894)
2021-11-29T18:57:24.8399501Z Receiving objects:   2% (18/894)
2021-11-29T18:57:24.8715365Z Receiving objects:   3% (27/894)
2021-11-29T18:57:24.8716127Z Receiving objects:   4% (36/894)
2021-11-29T18:57:24.8723570Z Receiving objects:   5% (45/894)
2021-11-29T18:57:24.8725256Z Receiving objects:   6% (54/894)
2021-11-29T18:57:24.8725796Z Receiving objects:   7% (63/894)
2021-11-29T18:57:24.8726339Z Receiving objects:   8% (72/894)
2021-11-29T18:57:24.8726873Z Receiving objects:   9% (81/894)
2021-11-29T18:57:24.8727461Z Receiving objects:  10% (90/894)
2021-11-29T18:57:24.8728533Z Receiving objects:  11% (99/894)
2021-11-29T18:57:24.8730253Z Receiving objects:  12% (108/894)
2021-11-29T18:57:24.8730827Z Receiving objects:  13% (117/894)
2021-11-29T18:57:24.8732344Z Receiving objects:  14% (126/894)
2021-11-29T18:57:24.8732911Z Receiving objects:  15% (135/894)
2021-11-29T18:57:24.8734334Z Receiving objects:  16% (144/894)
2021-11-29T18:57:24.8735813Z Receiving objects:  17% (152/894)
2021-11-29T18:57:24.8946606Z Receiving objects:  18% (161/894)
2021-11-29T18:57:24.8947319Z Receiving objects:  19% (170/894)
2021-11-29T18:57:24.8947852Z Receiving objects:  20% (179/894)
2021-11-29T18:57:24.8960699Z Receiving objects:  21% (188/894)
2021-11-29T18:57:24.8961280Z Receiving objects:  22% (197/894)
2021-11-29T18:57:24.9079263Z Receiving objects:  23% (206/894)
2021-11-29T18:57:24.9081887Z Receiving objects:  24% (215/894)
2021-11-29T18:57:24.9082466Z Receiving objects:  25% (224/894)
2021-11-29T18:57:24.9083028Z Receiving objects:  26% (233/894)
2021-11-29T18:57:24.9083677Z Receiving objects:  27% (242/894)
2021-11-29T18:57:24.9084193Z Receiving objects:  28% (251/894)
2021-11-29T18:57:24.9084840Z Receiving objects:  29% (260/894)
2021-11-29T18:57:24.9085360Z Receiving objects:  30% (269/894)
2021-11-29T18:57:24.9085958Z Receiving objects:  31% (278/894)
2021-11-29T18:57:24.9087187Z Receiving objects:  32% (287/894)
2021-11-29T18:57:24.9087709Z Receiving objects:  33% (296/894)
2021-11-29T18:57:24.9088649Z Receiving objects:  34% (304/894)
2021-11-29T18:57:24.9092846Z Receiving objects:  35% (313/894)
2021-11-29T18:57:24.9094497Z Receiving objects:  36% (322/894)
2021-11-29T18:57:24.9095102Z Receiving objects:  37% (331/894)
2021-11-29T18:57:24.9095622Z Receiving objects:  38% (340/894)
2021-11-29T18:57:24.9096680Z Receiving objects:  39% (349/894)
2021-11-29T18:57:24.9099806Z Receiving objects:  40% (358/894)
2021-11-29T18:57:24.9100940Z Receiving objects:  41% (367/894)
2021-11-29T18:57:24.9102543Z Receiving objects:  42% (376/894)
2021-11-29T18:57:24.9104012Z Receiving objects:  43% (385/894)
2021-11-29T18:57:24.9106103Z Receiving objects:  44% (394/894)
2021-11-29T18:57:24.9107617Z Receiving objects:  45% (403/894)
2021-11-29T18:57:24.9108571Z Receiving objects:  46% (412/894)
2021-11-29T18:57:24.9110350Z Receiving objects:  47% (421/894)
2021-11-29T18:57:24.9111926Z Receiving objects:  48% (430/894)
2021-11-29T18:57:24.9114225Z Receiving objects:  49% (439/894)
2021-11-29T18:57:24.9114860Z Receiving objects:  50% (447/894)
2021-11-29T18:57:24.9116544Z Receiving objects:  51% (456/894)
2021-11-29T18:57:24.9117100Z Receiving objects:  52% (465/894)
2021-11-29T18:57:24.9124209Z Receiving objects:  53% (474/894)
2021-11-29T18:57:24.9124785Z Receiving objects:  54% (483/894)
2021-11-29T18:57:24.9126804Z Receiving objects:  55% (492/894)
2021-11-29T18:57:24.9127367Z Receiving objects:  56% (501/894)
2021-11-29T18:57:24.9128643Z Receiving objects:  57% (510/894)
2021-11-29T18:57:24.9129993Z Receiving objects:  58% (519/894)
2021-11-29T18:57:24.9130556Z Receiving objects:  59% (528/894)
2021-11-29T18:57:24.9131082Z Receiving objects:  60% (537/894)
2021-11-29T18:57:24.9131604Z Receiving objects:  61% (546/894)
2021-11-29T18:57:24.9133242Z Receiving objects:  62% (555/894)
2021-11-29T18:57:24.9135097Z Receiving objects:  63% (564/894)
2021-11-29T18:57:24.9136856Z Receiving objects:  64% (573/894)
2021-11-29T18:57:24.9138852Z Receiving objects:  65% (582/894)
2021-11-29T18:57:24.9141549Z Receiving objects:  66% (591/894)
2021-11-29T18:57:24.9142067Z Receiving objects:  67% (599/894)
2021-11-29T18:57:24.9142565Z Receiving objects:  68% (608/894)
2021-11-29T18:57:24.9143253Z Receiving objects:  69% (617/894)
2021-11-29T18:57:24.9292260Z Receiving objects:  70% (626/894)
2021-11-29T18:57:24.9293343Z Receiving objects:  71% (635/894)
2021-11-29T18:57:24.9294165Z Receiving objects:  72% (644/894)
2021-11-29T18:57:24.9294805Z Receiving objects:  73% (653/894)
2021-11-29T18:57:24.9295450Z Receiving objects:  74% (662/894)
2021-11-29T18:57:24.9296142Z Receiving objects:  75% (671/894)
2021-11-29T18:57:24.9297066Z Receiving objects:  76% (680/894)
2021-11-29T18:57:24.9297738Z Receiving objects:  77% (689/894)
2021-11-29T18:57:24.9298367Z Receiving objects:  78% (698/894)
2021-11-29T18:57:24.9299007Z Receiving objects:  79% (707/894)
2021-11-29T18:57:24.9299644Z Receiving objects:  80% (716/894)
2021-11-29T18:57:24.9300266Z Receiving objects:  81% (725/894)
2021-11-29T18:57:24.9300902Z Receiving objects:  82% (734/894)
2021-11-29T18:57:24.9303178Z Receiving objects:  83% (743/894)
2021-11-29T18:57:24.9310619Z Receiving objects:  84% (751/894)
2021-11-29T18:57:24.9311459Z Receiving objects:  85% (760/894)
2021-11-29T18:57:24.9312105Z Receiving objects:  86% (769/894)
2021-11-29T18:57:24.9312767Z Receiving objects:  87% (778/894)
2021-11-29T18:57:24.9313419Z Receiving objects:  88% (787/894)
2021-11-29T18:57:24.9315159Z Receiving objects:  89% (796/894)
2021-11-29T18:57:24.9315845Z Receiving objects:  90% (805/894)
2021-11-29T18:57:24.9323858Z Receiving objects:  91% (814/894)
2021-11-29T18:57:24.9324436Z Receiving objects:  92% (823/894)
2021-11-29T18:57:24.9468078Z Receiving objects:  93% (832/894)
2021-11-29T18:57:24.9470040Z remote: Total 894 (delta 301), reused 338 (delta 213), pack-reused 346        
2021-11-29T18:57:24.9470869Z Receiving objects:  94% (841/894)
2021-11-29T18:57:24.9471531Z Receiving objects:  95% (850/894)
2021-11-29T18:57:24.9472172Z Receiving objects:  96% (859/894)
2021-11-29T18:57:24.9472812Z Receiving objects:  97% (868/894)
2021-11-29T18:57:24.9473454Z Receiving objects:  98% (877/894)
2021-11-29T18:57:24.9474083Z Receiving objects:  99% (886/894)
2021-11-29T18:57:24.9474722Z Receiving objects: 100% (894/894)
2021-11-29T18:57:24.9475412Z Receiving objects: 100% (894/894), 234.38 KiB | 2.15 MiB/s, done.
2021-11-29T18:57:24.9476104Z Resolving deltas:   0% (0/481)
2021-11-29T18:57:24.9476734Z Resolving deltas:   1% (5/481)
2021-11-29T18:57:24.9477352Z Resolving deltas:   2% (10/481)
2021-11-29T18:57:24.9478263Z Resolving deltas:   3% (15/481)
2021-11-29T18:57:24.9478900Z Resolving deltas:   4% (20/481)
2021-11-29T18:57:24.9479532Z Resolving deltas:   5% (25/481)
2021-11-29T18:57:24.9480162Z Resolving deltas:   6% (29/481)
2021-11-29T18:57:24.9480772Z Resolving deltas:   7% (34/481)
2021-11-29T18:57:24.9481396Z Resolving deltas:   8% (39/481)
2021-11-29T18:57:24.9482019Z Resolving deltas:   9% (44/481)
2021-11-29T18:57:24.9482634Z Resolving deltas:  10% (49/481)
2021-11-29T18:57:24.9483256Z Resolving deltas:  11% (53/481)
2021-11-29T18:57:24.9483870Z Resolving deltas:  12% (58/481)
2021-11-29T18:57:24.9484495Z Resolving deltas:  13% (63/481)
2021-11-29T18:57:24.9486066Z Resolving deltas:  14% (68/481)
2021-11-29T18:57:24.9486705Z Resolving deltas:  15% (73/481)
2021-11-29T18:57:24.9487336Z Resolving deltas:  16% (77/481)
2021-11-29T18:57:24.9487965Z Resolving deltas:  17% (82/481)
2021-11-29T18:57:24.9488740Z Resolving deltas:  18% (87/481)
2021-11-29T18:57:24.9490566Z Resolving deltas:  19% (92/481)
2021-11-29T18:57:24.9491843Z Resolving deltas:  20% (97/481)
2021-11-29T18:57:24.9496709Z Resolving deltas:  21% (102/481)
2021-11-29T18:57:24.9500505Z Resolving deltas:  22% (106/481)
2021-11-29T18:57:24.9505601Z Resolving deltas:  23% (111/481)
2021-11-29T18:57:24.9509478Z Resolving deltas:  24% (116/481)
2021-11-29T18:57:24.9510898Z Resolving deltas:  25% (121/481)
2021-11-29T18:57:24.9512114Z Resolving deltas:  26% (126/481)
2021-11-29T18:57:24.9514576Z Resolving deltas:  27% (130/481)
2021-11-29T18:57:24.9517890Z Resolving deltas:  28% (135/481)
2021-11-29T18:57:24.9521010Z Resolving deltas:  29% (140/481)
2021-11-29T18:57:24.9522581Z Resolving deltas:  30% (145/481)
2021-11-29T18:57:24.9523244Z Resolving deltas:  31% (150/481)
2021-11-29T18:57:24.9523971Z Resolving deltas:  32% (154/481)
2021-11-29T18:57:24.9525866Z Resolving deltas:  33% (159/481)
2021-11-29T18:57:24.9526396Z Resolving deltas:  34% (164/481)
2021-11-29T18:57:24.9528393Z Resolving deltas:  35% (169/481)
2021-11-29T18:57:24.9528912Z Resolving deltas:  36% (174/481)
2021-11-29T18:57:24.9530995Z Resolving deltas:  37% (178/481)
2021-11-29T18:57:24.9531725Z Resolving deltas:  38% (183/481)
2021-11-29T18:57:24.9532232Z Resolving deltas:  39% (188/481)
2021-11-29T18:57:24.9532729Z Resolving deltas:  40% (193/481)
2021-11-29T18:57:24.9533215Z Resolving deltas:  41% (198/481)
2021-11-29T18:57:24.9533711Z Resolving deltas:  42% (203/481)
2021-11-29T18:57:24.9534192Z Resolving deltas:  43% (207/481)
2021-11-29T18:57:24.9534686Z Resolving deltas:  44% (212/481)
2021-11-29T18:57:24.9535168Z Resolving deltas:  45% (217/481)
2021-11-29T18:57:24.9537333Z Resolving deltas:  46% (222/481)
2021-11-29T18:57:24.9537851Z Resolving deltas:  47% (227/481)
2021-11-29T18:57:24.9538338Z Resolving deltas:  48% (231/481)
2021-11-29T18:57:24.9538833Z Resolving deltas:  49% (236/481)
2021-11-29T18:57:24.9539317Z Resolving deltas:  50% (241/481)
2021-11-29T18:57:24.9539820Z Resolving deltas:  51% (246/481)
2021-11-29T18:57:24.9540322Z Resolving deltas:  52% (251/481)
2021-11-29T18:57:24.9540826Z Resolving deltas:  53% (255/481)
2021-11-29T18:57:24.9541330Z Resolving deltas:  54% (260/481)
2021-11-29T18:57:24.9541810Z Resolving deltas:  55% (265/481)
2021-11-29T18:57:24.9542306Z Resolving deltas:  56% (270/481)
2021-11-29T18:57:24.9542787Z Resolving deltas:  57% (275/481)
2021-11-29T18:57:24.9543285Z Resolving deltas:  58% (279/481)
2021-11-29T18:57:24.9543783Z Resolving deltas:  59% (284/481)
2021-11-29T18:57:24.9544266Z Resolving deltas:  60% (289/481)
2021-11-29T18:57:24.9544764Z Resolving deltas:  61% (294/481)
2021-11-29T18:57:24.9545251Z Resolving deltas:  62% (299/481)
2021-11-29T18:57:24.9545746Z Resolving deltas:  63% (304/481)
2021-11-29T18:57:24.9546230Z Resolving deltas:  64% (308/481)
2021-11-29T18:57:24.9546726Z Resolving deltas:  65% (313/481)
2021-11-29T18:57:24.9549393Z Resolving deltas:  66% (318/481)
2021-11-29T18:57:24.9549904Z Resolving deltas:  67% (323/481)
2021-11-29T18:57:24.9550401Z Resolving deltas:  68% (328/481)
2021-11-29T18:57:24.9554921Z Resolving deltas:  69% (332/481)
2021-11-29T18:57:24.9555669Z Resolving deltas:  70% (337/481)
2021-11-29T18:57:24.9556181Z Resolving deltas:  71% (342/481)
2021-11-29T18:57:24.9556666Z Resolving deltas:  72% (347/481)
2021-11-29T18:57:24.9557162Z Resolving deltas:  73% (352/481)
2021-11-29T18:57:24.9557649Z Resolving deltas:  74% (356/481)
2021-11-29T18:57:24.9558148Z Resolving deltas:  75% (361/481)
2021-11-29T18:57:24.9558629Z Resolving deltas:  76% (366/481)
2021-11-29T18:57:24.9559130Z Resolving deltas:  77% (371/481)
2021-11-29T18:57:24.9559628Z Resolving deltas:  78% (376/481)
2021-11-29T18:57:24.9560107Z Resolving deltas:  79% (380/481)
2021-11-29T18:57:24.9565734Z Resolving deltas:  80% (385/481)
2021-11-29T18:57:24.9566267Z Resolving deltas:  81% (390/481)
2021-11-29T18:57:24.9566775Z Resolving deltas:  82% (395/481)
2021-11-29T18:57:24.9567263Z Resolving deltas:  83% (400/481)
2021-11-29T18:57:24.9567762Z Resolving deltas:  84% (405/481)
2021-11-29T18:57:24.9570807Z Resolving deltas:  85% (409/481)
2021-11-29T18:57:24.9574169Z Resolving deltas:  86% (414/481)
2021-11-29T18:57:24.9581231Z Resolving deltas:  87% (419/481)
2021-11-29T18:57:24.9581901Z Resolving deltas:  88% (424/481)
2021-11-29T18:57:24.9582497Z Resolving deltas:  89% (429/481)
2021-11-29T18:57:24.9584635Z Resolving deltas:  90% (433/481)
2021-11-29T18:57:24.9586337Z Resolving deltas:  91% (438/481)
2021-11-29T18:57:24.9592062Z Resolving deltas:  92% (443/481)
2021-11-29T18:57:24.9592719Z Resolving deltas:  93% (448/481)
2021-11-29T18:57:24.9593317Z Resolving deltas:  94% (453/481)
2021-11-29T18:57:24.9596362Z Resolving deltas:  95% (457/481)
2021-11-29T18:57:24.9597018Z Resolving deltas:  96% (462/481)
2021-11-29T18:57:24.9599838Z Resolving deltas:  97% (467/481)
2021-11-29T18:57:24.9600471Z Resolving deltas:  98% (472/481)
2021-11-29T18:57:24.9602495Z Resolving deltas:  99% (477/481)
2021-11-29T18:57:24.9608514Z Resolving deltas: 100% (481/481)
2021-11-29T18:57:24.9609201Z Resolving deltas: 100% (481/481), done.
2021-11-29T18:57:24.9711462Z From https://github.com/con/tinuous
2021-11-29T18:57:24.9713558Z  * [new branch]      codecov2        -> origin/codecov2
2021-11-29T18:57:24.9717097Z  * [new branch]      gh-131          -> origin/gh-131
2021-11-29T18:57:24.9718069Z  * [new branch]      gh-138          -> origin/gh-138
2021-11-29T18:57:24.9718959Z  * [new branch]      gh-55           -> origin/gh-55
2021-11-29T18:57:24.9719872Z  * [new branch]      master          -> origin/master
2021-11-29T18:57:24.9720885Z  * [new branch]      no-extra-search -> origin/no-extra-search
2021-11-29T18:57:24.9721870Z  * [new branch]      py3.10          -> origin/py3.10
2021-11-29T18:57:24.9724785Z  * [new branch]      test-appveyor   -> origin/test-appveyor
2021-11-29T18:57:24.9725791Z  * [new tag]         0.1.0           -> 0.1.0
2021-11-29T18:57:24.9726555Z  * [new tag]         0.2.0           -> 0.2.0
2021-11-29T18:57:24.9727285Z  * [new tag]         0.3.0           -> 0.3.0
2021-11-29T18:57:24.9728029Z  * [new tag]         0.4.0           -> 0.4.0
2021-11-29T18:57:24.9729095Z  * [new tag]         0.5.0           -> 0.5.0
2021-11-29T18:57:24.9775932Z [command]/usr/bin/git branch --list --remote origin/gh-138
2021-11-29T18:57:24.9809665Z   origin/gh-138
2021-11-29T18:57:24.9810474Z [command]/usr/bin/git rev-parse refs/remotes/origin/gh-138
2021-11-29T18:57:24.9849329Z ff5d38d4a3b281aaff4f988908d64be4d41fb2b6
2021-11-29T18:57:24.9850751Z ##[endgroup]
2021-11-29T18:57:24.9851770Z ##[group]Determining the checkout info
2021-11-29T18:57:24.9852753Z ##[endgroup]
2021-11-29T18:57:24.9853747Z ##[group]Checking out the ref
2021-11-29T18:57:24.9854835Z [command]/usr/bin/git checkout --progress --force -B gh-138 refs/remotes/origin/gh-138
2021-11-29T18:57:24.9931372Z Switched to a new branch 'gh-138'
2021-11-29T18:57:24.9932422Z Branch 'gh-138' set up to track remote branch 'gh-138' from 'origin'.
2021-11-29T18:57:24.9933894Z ##[endgroup]
2021-11-29T18:57:24.9972738Z [command]/usr/bin/git log -1 --format='%H'
2021-11-29T18:57:25.0003168Z 'ff5d38d4a3b281aaff4f988908d64be4d41fb2b6'
2021-11-29T18:57:25.0143987Z ##[group]Run actions/setup-python@v2
2021-11-29T18:57:25.0144545Z with:
2021-11-29T18:57:25.0145077Z   python-version: 3.8
2021-11-29T18:57:25.0146078Z   token: ***
2021-11-29T18:57:25.0146534Z ##[endgroup]
2021-11-29T18:57:25.1639298Z Successfully setup CPython (3.8.12)
2021-11-29T18:57:25.1757730Z ##[group]Run python -m pip install --upgrade pip wheel
2021-11-29T18:57:25.1758616Z [36;1mpython -m pip install --upgrade pip wheel[0m
2021-11-29T18:57:25.1759387Z [36;1mpython -m pip install --upgrade --upgrade-strategy=eager tox[0m
2021-11-29T18:57:25.1811411Z shell: /usr/bin/bash -e {0}
2021-11-29T18:57:25.1811973Z env:
2021-11-29T18:57:25.1812631Z   pythonLocation: /opt/hostedtoolcache/Python/3.8.12/x64
2021-11-29T18:57:25.1813551Z   LD_LIBRARY_PATH: /opt/hostedtoolcache/Python/3.8.12/x64/lib
2021-11-29T18:57:25.1814179Z ##[endgroup]
2021-11-29T18:57:26.2616108Z Requirement already satisfied: pip in /opt/hostedtoolcache/Python/3.8.12/x64/lib/python3.8/site-packages (21.3.1)
2021-11-29T18:57:26.5052484Z Collecting wheel
2021-11-29T18:57:26.5624930Z   Downloading wheel-0.37.0-py2.py3-none-any.whl (35 kB)
2021-11-29T18:57:26.6234062Z Installing collected packages: wheel
2021-11-29T18:57:26.6604929Z Successfully installed wheel-0.37.0
2021-11-29T18:57:28.5466549Z Collecting tox
2021-11-29T18:57:28.5900029Z   Downloading tox-3.24.4-py2.py3-none-any.whl (85 kB)
2021-11-29T18:57:28.6802511Z Collecting pluggy>=0.12.0
2021-11-29T18:57:28.6945913Z   Downloading pluggy-1.0.0-py2.py3-none-any.whl (13 kB)
2021-11-29T18:57:28.7525469Z Collecting py>=1.4.17
2021-11-29T18:57:28.7612409Z   Downloading py-1.11.0-py2.py3-none-any.whl (98 kB)
2021-11-29T18:57:28.7999877Z Collecting six>=1.14.0
2021-11-29T18:57:28.8114148Z   Downloading six-1.16.0-py2.py3-none-any.whl (11 kB)
2021-11-29T18:57:28.8391654Z Collecting toml>=0.9.4
2021-11-29T18:57:28.8526456Z   Downloading toml-0.10.2-py2.py3-none-any.whl (16 kB)
2021-11-29T18:57:29.0436445Z Collecting virtualenv!=20.0.0,!=20.0.1,!=20.0.2,!=20.0.3,!=20.0.4,!=20.0.5,!=20.0.6,!=20.0.7,>=16.0.0
2021-11-29T18:57:29.0581680Z   Downloading virtualenv-20.10.0-py2.py3-none-any.whl (5.6 MB)
2021-11-29T18:57:29.1998165Z Collecting packaging>=14
2021-11-29T18:57:29.2132280Z   Downloading packaging-21.3-py3-none-any.whl (40 kB)
2021-11-29T18:57:29.2516122Z Collecting filelock>=3.0.0
2021-11-29T18:57:29.2633375Z   Downloading filelock-3.4.0-py3-none-any.whl (9.8 kB)
2021-11-29T18:57:29.3642883Z Collecting pyparsing!=3.0.5,>=2.0.2
2021-11-29T18:57:29.3757125Z   Downloading pyparsing-3.0.6-py3-none-any.whl (97 kB)
2021-11-29T18:57:29.4430462Z Collecting backports.entry-points-selectable>=1.0.4
2021-11-29T18:57:29.4549092Z   Downloading backports.entry_points_selectable-1.1.1-py2.py3-none-any.whl (6.2 kB)
2021-11-29T18:57:29.4907767Z Collecting platformdirs<3,>=2
2021-11-29T18:57:29.5021770Z   Downloading platformdirs-2.4.0-py3-none-any.whl (14 kB)
2021-11-29T18:57:29.5534219Z Collecting distlib<1,>=0.3.1
2021-11-29T18:57:29.5786970Z   Downloading distlib-0.3.3-py2.py3-none-any.whl (496 kB)
2021-11-29T18:57:29.7517078Z Installing collected packages: six, pyparsing, platformdirs, filelock, distlib, backports.entry-points-selectable, virtualenv, toml, py, pluggy, packaging, tox
2021-11-29T18:57:30.3243381Z Successfully installed backports.entry-points-selectable-1.1.1 distlib-0.3.3 filelock-3.4.0 packaging-21.3 platformdirs-2.4.0 pluggy-1.0.0 py-1.11.0 pyparsing-3.0.6 six-1.16.0 toml-0.10.2 tox-3.24.4 virtualenv-20.10.0
2021-11-29T18:57:30.7189115Z ##[group]Run tox -e typing
2021-11-29T18:57:30.7189599Z [36;1mtox -e typing[0m
2021-11-29T18:57:30.7234941Z shell: /usr/bin/bash -e {0}
2021-11-29T18:57:30.7235311Z env:
2021-11-29T18:57:30.7235837Z   pythonLocation: /opt/hostedtoolcache/Python/3.8.12/x64
2021-11-29T18:57:30.7236524Z   LD_LIBRARY_PATH: /opt/hostedtoolcache/Python/3.8.12/x64/lib
2021-11-29T18:57:30.7237037Z ##[endgroup]
2021-11-29T18:57:31.0541236Z .package create: /home/runner/work/tinuous/tinuous/.tox/.package
2021-11-29T18:57:31.7258533Z .package installdeps: setuptools >= 46.4.0, wheel ~= 0.32
2021-11-29T18:57:35.8349989Z typing create: /home/runner/work/tinuous/tinuous/.tox/typing
2021-11-29T18:57:36.1131649Z typing installdeps: mypy~=0.900, types-python-dateutil, types-PyYAML, types-requests, pytest~=6.0, pytest-cov~=2.0, pytest-mock~=3.0
2021-11-29T18:57:41.8982095Z typing inst: /home/runner/work/tinuous/tinuous/.tox/.tmp/package/1/tinuous-0.5.0+7.gff5d38d.tar.gz
2021-11-29T18:58:03.4776869Z typing installed: attrs==21.2.0,certifi==2021.10.8,cffi==1.15.0,charset-normalizer==2.0.8,click==8.0.3,click-loglevel==0.4.0.post1,coverage==6.2,Deprecated==1.2.13,idna==3.3,in-place==0.5.0,iniconfig==1.1.1,mypy==0.910,mypy-extensions==0.4.3,packaging==21.3,pluggy==1.0.0,py==1.11.0,pycparser==2.21,pydantic==1.8.2,PyGithub==1.55,PyJWT==2.3.0,PyNaCl==1.4.0,pyparsing==3.0.6,pytest==6.2.5,pytest-cov==2.12.1,pytest-mock==3.6.1,python-dateutil==2.8.2,python-dotenv==0.19.2,PyYAML==5.4.1,requests==2.26.0,six==1.16.0,tinuous @ file:///home/runner/work/tinuous/tinuous/.tox/.tmp/package/1/tinuous-0.5.0%2B7.gff5d38d.tar.gz,toml==0.10.2,types-python-dateutil==2.8.3,types-PyYAML==6.0.1,types-requests==2.26.1,typing_extensions==4.0.0,urllib3==1.26.7,wrapt==1.13.3
2021-11-29T18:58:03.4781966Z typing run-test-pre: PYTHONHASHSEED='3872296789'
2021-11-29T18:58:03.4783055Z typing run-test: commands[0] | mypy src test
2021-11-29T18:58:12.1974410Z Success: no issues found in 13 source files
2021-11-29T18:58:13.0544344Z ___________________________________ summary ____________________________________
2021-11-29T18:58:13.0544885Z   typing: commands succeeded
2021-11-29T18:58:13.0545357Z   congratulations :)
2021-11-29T18:58:13.0916676Z Post job cleanup.
2021-11-29T18:58:13.2381013Z Post job cleanup.
2021-11-29T18:58:13.3614025Z [command]/usr/bin/git version
2021-11-29T18:58:13.3665143Z git version 2.34.0
2021-11-29T18:58:13.3699793Z [command]/usr/bin/git config --local --name-only --get-regexp core\.sshCommand
2021-11-29T18:58:13.3745499Z [command]/usr/bin/git submodule foreach --recursive git config --local --name-only --get-regexp 'core\.sshCommand' && git config --local --unset-all 'core.sshCommand' || :
2021-11-29T18:58:13.3999382Z [command]/usr/bin/git config --local --name-only --get-regexp http\.https\:\/\/github\.com\/\.extraheader
2021-11-29T18:58:13.4032926Z http.https://github.com/.extraheader
2021-11-29T18:58:13.4044746Z [command]/usr/bin/git config --local --unset-all http.https://github.com/.extraheader
2021-11-29T18:58:13.4087736Z [command]/usr/bin/git submodule foreach --recursive git config --local --name-only --get-regexp 'http\.https\:\/\/github\.com\/\.extraheader' && git config --local --unset-all 'http.https://github.com/.extraheader' || :
2021-11-29T18:58:13.4405700Z Cleaning up orphan processes
