2021-08-12T13:17:14.8861341Z Found online and idle hosted runner(s) in the current repository's organization account that matches the required labels: 'ubuntu-latest'
2021-08-12T13:17:14.8861412Z Waiting for a hosted runner in 'organization' to pick this job...
2021-08-12T13:17:24.7980098Z Current runner version: '2.280.1'
2021-08-12T13:17:24.8015670Z ##[group]Operating System
2021-08-12T13:17:24.8016656Z Ubuntu
2021-08-12T13:17:24.8017118Z 20.04.2
2021-08-12T13:17:24.8017562Z LTS
2021-08-12T13:17:24.8018347Z ##[endgroup]
2021-08-12T13:17:24.8020840Z ##[group]Virtual Environment
2021-08-12T13:17:24.8021920Z Environment: ubuntu-20.04
2021-08-12T13:17:24.8022752Z Version: 20210810.1
2021-08-12T13:17:24.8023919Z Included Software: https://github.com/actions/virtual-environments/blob/ubuntu20/20210810.1/images/linux/Ubuntu2004-README.md
2021-08-12T13:17:24.8025297Z Image Release: https://github.com/actions/virtual-environments/releases/tag/ubuntu20%2F20210810.1
2021-08-12T13:17:24.8026203Z ##[endgroup]
2021-08-12T13:17:24.8026807Z ##[group]Virtual Environment Provisioner
2021-08-12T13:17:24.8027538Z 1.0.0.0-master-20210802-2
2021-08-12T13:17:24.8028050Z ##[endgroup]
2021-08-12T13:17:24.8030041Z ##[group]GITHUB_TOKEN Permissions
2021-08-12T13:17:24.8031720Z Actions: write
2021-08-12T13:17:24.8032375Z Checks: write
2021-08-12T13:17:24.8033449Z Contents: write
2021-08-12T13:17:24.8033984Z Deployments: write
2021-08-12T13:17:24.8034582Z Discussions: write
2021-08-12T13:17:24.8035078Z Issues: write
2021-08-12T13:17:24.8036200Z Metadata: read
2021-08-12T13:17:24.8036703Z Packages: write
2021-08-12T13:17:24.8037272Z PullRequests: write
2021-08-12T13:17:24.8037892Z RepositoryProjects: write
2021-08-12T13:17:24.8038554Z SecurityEvents: write
2021-08-12T13:17:24.8039085Z Statuses: write
2021-08-12T13:17:24.8039817Z ##[endgroup]
2021-08-12T13:17:24.8043047Z Prepare workflow directory
2021-08-12T13:17:24.8793519Z Prepare all required actions
2021-08-12T13:17:24.8806707Z Getting action download info
2021-08-12T13:17:31.0503611Z Download action repository 'actions/checkout@v2' (SHA:5a4ac9002d0be2fb38bd78e4b4dbde5606d7042f)
2021-08-12T13:17:33.1016998Z Download action repository 'actions/setup-python@v2' (SHA:dc73133d4da04e56a135ae2246682783cc7c7cb6)
2021-08-12T13:17:33.4304560Z Download action repository 'codecov/codecov-action@v1' (SHA:29386c70ef20e286228c72b668a06fd0e8399192)
2021-08-12T13:17:33.9966645Z ##[group]Run actions/checkout@v2
2021-08-12T13:17:33.9967445Z with:
2021-08-12T13:17:33.9967896Z   fetch-depth: 0
2021-08-12T13:17:33.9968316Z   repository: con/tinuous
2021-08-12T13:17:33.9969143Z   token: ***
2021-08-12T13:17:33.9969519Z   ssh-strict: true
2021-08-12T13:17:33.9970511Z   persist-credentials: true
2021-08-12T13:17:33.9970910Z   clean: true
2021-08-12T13:17:33.9971284Z   lfs: false
2021-08-12T13:17:33.9971663Z   submodules: false
2021-08-12T13:17:33.9972003Z ##[endgroup]
2021-08-12T13:17:34.2687851Z Syncing repository: con/tinuous
2021-08-12T13:17:34.2689038Z ##[group]Getting Git version info
2021-08-12T13:17:34.2690073Z Working directory is '/home/runner/work/tinuous/tinuous'
2021-08-12T13:17:34.2758734Z [command]/usr/bin/git version
2021-08-12T13:17:34.2925511Z git version 2.32.0
2021-08-12T13:17:34.2954262Z ##[endgroup]
2021-08-12T13:17:34.2962733Z Deleting the contents of '/home/runner/work/tinuous/tinuous'
2021-08-12T13:17:34.2969331Z ##[group]Initializing the repository
2021-08-12T13:17:34.2974781Z [command]/usr/bin/git init /home/runner/work/tinuous/tinuous
2021-08-12T13:17:34.3054817Z hint: Using 'master' as the name for the initial branch. This default branch name
2021-08-12T13:17:34.3055971Z hint: is subject to change. To configure the initial branch name to use in all
2021-08-12T13:17:34.3056987Z hint: of your new repositories, which will suppress this warning, call:
2021-08-12T13:17:34.3057738Z hint: 
2021-08-12T13:17:34.3059006Z hint: 	git config --global init.defaultBranch <name>
2021-08-12T13:17:34.3059554Z hint: 
2021-08-12T13:17:34.3060239Z hint: Names commonly chosen instead of 'master' are 'main', 'trunk' and
2021-08-12T13:17:34.3061167Z hint: 'development'. The just-created branch can be renamed via this command:
2021-08-12T13:17:34.3061716Z hint: 
2021-08-12T13:17:34.3062175Z hint: 	git branch -m <name>
2021-08-12T13:17:34.3072999Z Initialized empty Git repository in /home/runner/work/tinuous/tinuous/.git/
2021-08-12T13:17:34.3085900Z [command]/usr/bin/git remote add origin https://github.com/con/tinuous
2021-08-12T13:17:34.3121430Z ##[endgroup]
2021-08-12T13:17:34.3122802Z ##[group]Disabling automatic garbage collection
2021-08-12T13:17:34.3125994Z [command]/usr/bin/git config --local gc.auto 0
2021-08-12T13:17:34.3162408Z ##[endgroup]
2021-08-12T13:17:34.3168021Z ##[group]Setting up auth
2021-08-12T13:17:34.3174282Z [command]/usr/bin/git config --local --name-only --get-regexp core\.sshCommand
2021-08-12T13:17:34.3204855Z [command]/usr/bin/git submodule foreach --recursive git config --local --name-only --get-regexp 'core\.sshCommand' && git config --local --unset-all 'core.sshCommand' || :
2021-08-12T13:17:34.3617413Z [command]/usr/bin/git config --local --name-only --get-regexp http\.https\:\/\/github\.com\/\.extraheader
2021-08-12T13:17:34.3653114Z [command]/usr/bin/git submodule foreach --recursive git config --local --name-only --get-regexp 'http\.https\:\/\/github\.com\/\.extraheader' && git config --local --unset-all 'http.https://github.com/.extraheader' || :
2021-08-12T13:17:34.3908850Z [command]/usr/bin/git config --local http.https://github.com/.extraheader AUTHORIZATION: basic ***
2021-08-12T13:17:34.3959409Z ##[endgroup]
2021-08-12T13:17:34.3960834Z ##[group]Fetching the repository
2021-08-12T13:17:34.3988162Z [command]/usr/bin/git -c protocol.version=2 fetch --prune --progress --no-recurse-submodules origin +refs/heads/*:refs/remotes/origin/* +refs/tags/*:refs/tags/*
2021-08-12T13:17:34.9124086Z remote: Enumerating objects: 869, done.        
2021-08-12T13:17:34.9128511Z remote: Counting objects:   0% (1/523)        
2021-08-12T13:17:34.9129039Z remote: Counting objects:   1% (6/523)        
2021-08-12T13:17:34.9129880Z remote: Counting objects:   2% (11/523)        
2021-08-12T13:17:34.9130373Z remote: Counting objects:   3% (16/523)        
2021-08-12T13:17:34.9132398Z remote: Counting objects:   4% (21/523)        
2021-08-12T13:17:34.9132837Z remote: Counting objects:   5% (27/523)        
2021-08-12T13:17:34.9133863Z remote: Counting objects:   6% (32/523)        
2021-08-12T13:17:34.9134352Z remote: Counting objects:   7% (37/523)        
2021-08-12T13:17:34.9134782Z remote: Counting objects:   8% (42/523)        
2021-08-12T13:17:34.9135399Z remote: Counting objects:   9% (48/523)        
2021-08-12T13:17:34.9135991Z remote: Counting objects:  10% (53/523)        
2021-08-12T13:17:34.9136440Z remote: Counting objects:  11% (58/523)        
2021-08-12T13:17:34.9136871Z remote: Counting objects:  12% (63/523)        
2021-08-12T13:17:34.9137321Z remote: Counting objects:  13% (68/523)        
2021-08-12T13:17:34.9137765Z remote: Counting objects:  14% (74/523)        
2021-08-12T13:17:34.9138192Z remote: Counting objects:  15% (79/523)        
2021-08-12T13:17:34.9138960Z remote: Counting objects:  16% (84/523)        
2021-08-12T13:17:34.9139545Z remote: Counting objects:  17% (89/523)        
2021-08-12T13:17:34.9139976Z remote: Counting objects:  18% (95/523)        
2021-08-12T13:17:34.9140413Z remote: Counting objects:  19% (100/523)        
2021-08-12T13:17:34.9140854Z remote: Counting objects:  20% (105/523)        
2021-08-12T13:17:34.9141277Z remote: Counting objects:  21% (110/523)        
2021-08-12T13:17:34.9141719Z remote: Counting objects:  22% (116/523)        
2021-08-12T13:17:34.9142432Z remote: Counting objects:  23% (121/523)        
2021-08-12T13:17:34.9143037Z remote: Counting objects:  24% (126/523)        
2021-08-12T13:17:34.9143471Z remote: Counting objects:  25% (131/523)        
2021-08-12T13:17:34.9143894Z remote: Counting objects:  26% (136/523)        
2021-08-12T13:17:34.9144331Z remote: Counting objects:  27% (142/523)        
2021-08-12T13:17:34.9144748Z remote: Counting objects:  28% (147/523)        
2021-08-12T13:17:34.9145332Z remote: Counting objects:  29% (152/523)        
2021-08-12T13:17:34.9145730Z remote: Counting objects:  30% (157/523)        
2021-08-12T13:17:34.9146144Z remote: Counting objects:  31% (163/523)        
2021-08-12T13:17:34.9146696Z remote: Counting objects:  32% (168/523)        
2021-08-12T13:17:34.9147099Z remote: Counting objects:  33% (173/523)        
2021-08-12T13:17:34.9147698Z remote: Counting objects:  34% (178/523)        
2021-08-12T13:17:34.9148119Z remote: Counting objects:  35% (184/523)        
2021-08-12T13:17:34.9148851Z remote: Counting objects:  36% (189/523)        
2021-08-12T13:17:34.9149287Z remote: Counting objects:  37% (194/523)        
2021-08-12T13:17:34.9149734Z remote: Counting objects:  38% (199/523)        
2021-08-12T13:17:34.9150165Z remote: Counting objects:  39% (204/523)        
2021-08-12T13:17:34.9150612Z remote: Counting objects:  40% (210/523)        
2021-08-12T13:17:34.9151044Z remote: Counting objects:  41% (215/523)        
2021-08-12T13:17:34.9151667Z remote: Counting objects:  42% (220/523)        
2021-08-12T13:17:34.9152239Z remote: Counting objects:  43% (225/523)        
2021-08-12T13:17:34.9152639Z remote: Counting objects:  44% (231/523)        
2021-08-12T13:17:34.9153056Z remote: Counting objects:  45% (236/523)        
2021-08-12T13:17:34.9153455Z remote: Counting objects:  46% (241/523)        
2021-08-12T13:17:34.9153872Z remote: Counting objects:  47% (246/523)        
2021-08-12T13:17:34.9154271Z remote: Counting objects:  48% (252/523)        
2021-08-12T13:17:34.9154686Z remote: Counting objects:  49% (257/523)        
2021-08-12T13:17:34.9155082Z remote: Counting objects:  50% (262/523)        
2021-08-12T13:17:34.9155829Z remote: Counting objects:  51% (267/523)        
2021-08-12T13:17:34.9156279Z remote: Counting objects:  52% (272/523)        
2021-08-12T13:17:34.9156698Z remote: Counting objects:  53% (278/523)        
2021-08-12T13:17:34.9157136Z remote: Counting objects:  54% (283/523)        
2021-08-12T13:17:34.9157556Z remote: Counting objects:  55% (288/523)        
2021-08-12T13:17:34.9157991Z remote: Counting objects:  56% (293/523)        
2021-08-12T13:17:34.9158411Z remote: Counting objects:  57% (299/523)        
2021-08-12T13:17:34.9159176Z remote: Counting objects:  58% (304/523)        
2021-08-12T13:17:34.9159709Z remote: Counting objects:  59% (309/523)        
2021-08-12T13:17:34.9160444Z remote: Counting objects:  60% (314/523)        
2021-08-12T13:17:34.9160927Z remote: Counting objects:  61% (320/523)        
2021-08-12T13:17:34.9161389Z remote: Counting objects:  62% (325/523)        
2021-08-12T13:17:34.9161863Z remote: Counting objects:  63% (330/523)        
2021-08-12T13:17:34.9162489Z remote: Counting objects:  64% (335/523)        
2021-08-12T13:17:34.9163125Z remote: Counting objects:  65% (340/523)        
2021-08-12T13:17:34.9163904Z remote: Counting objects:  66% (346/523)        
2021-08-12T13:17:34.9164301Z remote: Counting objects:  67% (351/523)        
2021-08-12T13:17:34.9164714Z remote: Counting objects:  68% (356/523)        
2021-08-12T13:17:34.9165112Z remote: Counting objects:  69% (361/523)        
2021-08-12T13:17:34.9165526Z remote: Counting objects:  70% (367/523)        
2021-08-12T13:17:34.9165923Z remote: Counting objects:  71% (372/523)        
2021-08-12T13:17:34.9166348Z remote: Counting objects:  72% (377/523)        
2021-08-12T13:17:34.9166748Z remote: Counting objects:  73% (382/523)        
2021-08-12T13:17:34.9167799Z remote: Counting objects:  74% (388/523)        
2021-08-12T13:17:34.9168427Z remote: Counting objects:  75% (393/523)        
2021-08-12T13:17:34.9169044Z remote: Counting objects:  76% (398/523)        
2021-08-12T13:17:34.9169522Z remote: Counting objects:  77% (403/523)        
2021-08-12T13:17:34.9170294Z remote: Counting objects:  78% (408/523)        
2021-08-12T13:17:34.9170840Z remote: Counting objects:  79% (414/523)        
2021-08-12T13:17:34.9171315Z remote: Counting objects:  80% (419/523)        
2021-08-12T13:17:34.9171806Z remote: Counting objects:  81% (424/523)        
2021-08-12T13:17:34.9172280Z remote: Counting objects:  82% (429/523)        
2021-08-12T13:17:34.9172922Z remote: Counting objects:  83% (435/523)        
2021-08-12T13:17:34.9173708Z remote: Counting objects:  84% (440/523)        
2021-08-12T13:17:34.9174270Z remote: Counting objects:  85% (445/523)        
2021-08-12T13:17:34.9174882Z remote: Counting objects:  86% (450/523)        
2021-08-12T13:17:34.9175314Z remote: Counting objects:  87% (456/523)        
2021-08-12T13:17:34.9175959Z remote: Counting objects:  88% (461/523)        
2021-08-12T13:17:34.9176405Z remote: Counting objects:  89% (466/523)        
2021-08-12T13:17:34.9176869Z remote: Counting objects:  90% (471/523)        
2021-08-12T13:17:34.9179398Z remote: Counting objects:  91% (476/523)        
2021-08-12T13:17:34.9179866Z remote: Counting objects:  92% (482/523)        
2021-08-12T13:17:34.9180743Z remote: Counting objects:  93% (487/523)        
2021-08-12T13:17:34.9181220Z remote: Counting objects:  94% (492/523)        
2021-08-12T13:17:34.9182082Z remote: Counting objects:  95% (497/523)        
2021-08-12T13:17:34.9183630Z remote: Counting objects:  96% (503/523)        
2021-08-12T13:17:34.9184430Z remote: Counting objects:  97% (508/523)        
2021-08-12T13:17:34.9185424Z remote: Counting objects:  98% (513/523)        
2021-08-12T13:17:34.9186088Z remote: Counting objects:  99% (518/523)        
2021-08-12T13:17:34.9186877Z remote: Counting objects: 100% (523/523)        
2021-08-12T13:17:34.9188260Z remote: Counting objects: 100% (523/523), done.        
2021-08-12T13:17:34.9190260Z remote: Compressing objects:   0% (1/273)        
2021-08-12T13:17:34.9191075Z remote: Compressing objects:   1% (3/273)        
2021-08-12T13:17:34.9191607Z remote: Compressing objects:   2% (6/273)        
2021-08-12T13:17:34.9192073Z remote: Compressing objects:   3% (9/273)        
2021-08-12T13:17:34.9192553Z remote: Compressing objects:   4% (11/273)        
2021-08-12T13:17:34.9195309Z remote: Compressing objects:   5% (14/273)        
2021-08-12T13:17:34.9196140Z remote: Compressing objects:   6% (17/273)        
2021-08-12T13:17:34.9196767Z remote: Compressing objects:   7% (20/273)        
2021-08-12T13:17:34.9197364Z remote: Compressing objects:   8% (22/273)        
2021-08-12T13:17:34.9198180Z remote: Compressing objects:   9% (25/273)        
2021-08-12T13:17:34.9198811Z remote: Compressing objects:  10% (28/273)        
2021-08-12T13:17:34.9199427Z remote: Compressing objects:  11% (31/273)        
2021-08-12T13:17:34.9200024Z remote: Compressing objects:  12% (33/273)        
2021-08-12T13:17:34.9208808Z remote: Compressing objects:  13% (36/273)        
2021-08-12T13:17:34.9209340Z remote: Compressing objects:  14% (39/273)        
2021-08-12T13:17:34.9218166Z remote: Compressing objects:  15% (41/273)        
2021-08-12T13:17:34.9222628Z remote: Compressing objects:  16% (44/273)        
2021-08-12T13:17:34.9230444Z remote: Compressing objects:  17% (47/273)        
2021-08-12T13:17:34.9232063Z remote: Compressing objects:  18% (50/273)        
2021-08-12T13:17:34.9261540Z remote: Compressing objects:  19% (52/273)        
2021-08-12T13:17:34.9263350Z remote: Compressing objects:  20% (55/273)        
2021-08-12T13:17:34.9263884Z remote: Compressing objects:  21% (58/273)        
2021-08-12T13:17:34.9264394Z remote: Compressing objects:  22% (61/273)        
2021-08-12T13:17:34.9264906Z remote: Compressing objects:  23% (63/273)        
2021-08-12T13:17:34.9265714Z remote: Compressing objects:  24% (66/273)        
2021-08-12T13:17:34.9267960Z remote: Compressing objects:  25% (69/273)        
2021-08-12T13:17:34.9269271Z remote: Compressing objects:  26% (71/273)        
2021-08-12T13:17:34.9270025Z remote: Compressing objects:  27% (74/273)        
2021-08-12T13:17:34.9270698Z remote: Compressing objects:  28% (77/273)        
2021-08-12T13:17:34.9271375Z remote: Compressing objects:  29% (80/273)        
2021-08-12T13:17:34.9272371Z remote: Compressing objects:  30% (82/273)        
2021-08-12T13:17:34.9272999Z remote: Compressing objects:  31% (85/273)        
2021-08-12T13:17:34.9273638Z remote: Compressing objects:  32% (88/273)        
2021-08-12T13:17:34.9276447Z remote: Compressing objects:  33% (91/273)        
2021-08-12T13:17:34.9277420Z remote: Compressing objects:  34% (93/273)        
2021-08-12T13:17:34.9278080Z remote: Compressing objects:  35% (96/273)        
2021-08-12T13:17:34.9278709Z remote: Compressing objects:  36% (99/273)        
2021-08-12T13:17:34.9279344Z remote: Compressing objects:  37% (102/273)        
2021-08-12T13:17:34.9280453Z remote: Compressing objects:  38% (104/273)        
2021-08-12T13:17:34.9282339Z remote: Compressing objects:  39% (107/273)        
2021-08-12T13:17:34.9283057Z remote: Compressing objects:  40% (110/273)        
2021-08-12T13:17:34.9284055Z remote: Compressing objects:  41% (112/273)        
2021-08-12T13:17:34.9284903Z remote: Compressing objects:  42% (115/273)        
2021-08-12T13:17:34.9286766Z remote: Compressing objects:  43% (118/273)        
2021-08-12T13:17:34.9287520Z remote: Compressing objects:  44% (121/273)        
2021-08-12T13:17:34.9288500Z remote: Compressing objects:  45% (123/273)        
2021-08-12T13:17:34.9289468Z remote: Compressing objects:  46% (126/273)        
2021-08-12T13:17:34.9290524Z remote: Compressing objects:  47% (129/273)        
2021-08-12T13:17:34.9291166Z remote: Compressing objects:  48% (132/273)        
2021-08-12T13:17:34.9293281Z remote: Compressing objects:  49% (134/273)        
2021-08-12T13:17:34.9293865Z remote: Compressing objects:  50% (137/273)        
2021-08-12T13:17:34.9295466Z remote: Compressing objects:  51% (140/273)        
2021-08-12T13:17:34.9297460Z remote: Compressing objects:  52% (142/273)        
2021-08-12T13:17:34.9300062Z remote: Compressing objects:  53% (145/273)        
2021-08-12T13:17:34.9303099Z remote: Compressing objects:  54% (148/273)        
2021-08-12T13:17:34.9310558Z remote: Compressing objects:  55% (151/273)        
2021-08-12T13:17:34.9311310Z remote: Compressing objects:  56% (153/273)        
2021-08-12T13:17:34.9315180Z remote: Compressing objects:  57% (156/273)        
2021-08-12T13:17:34.9316093Z remote: Compressing objects:  58% (159/273)        
2021-08-12T13:17:34.9318132Z remote: Compressing objects:  59% (162/273)        
2021-08-12T13:17:34.9331648Z remote: Compressing objects:  60% (164/273)        
2021-08-12T13:17:34.9332223Z remote: Compressing objects:  61% (167/273)        
2021-08-12T13:17:34.9332752Z remote: Compressing objects:  62% (170/273)        
2021-08-12T13:17:34.9333408Z remote: Compressing objects:  63% (172/273)        
2021-08-12T13:17:34.9333904Z remote: Compressing objects:  64% (175/273)        
2021-08-12T13:17:34.9334706Z remote: Compressing objects:  65% (178/273)        
2021-08-12T13:17:34.9335173Z remote: Compressing objects:  66% (181/273)        
2021-08-12T13:17:34.9335640Z remote: Compressing objects:  67% (183/273)        
2021-08-12T13:17:34.9336087Z remote: Compressing objects:  68% (186/273)        
2021-08-12T13:17:34.9336547Z remote: Compressing objects:  69% (189/273)        
2021-08-12T13:17:34.9336998Z remote: Compressing objects:  70% (192/273)        
2021-08-12T13:17:34.9352430Z remote: Compressing objects:  71% (194/273)        
2021-08-12T13:17:34.9353175Z remote: Compressing objects:  72% (197/273)        
2021-08-12T13:17:34.9353723Z remote: Compressing objects:  73% (200/273)        
2021-08-12T13:17:34.9354266Z remote: Compressing objects:  74% (203/273)        
2021-08-12T13:17:34.9355585Z remote: Compressing objects:  75% (205/273)        
2021-08-12T13:17:34.9356344Z remote: Compressing objects:  76% (208/273)        
2021-08-12T13:17:34.9357230Z remote: Compressing objects:  77% (211/273)        
2021-08-12T13:17:34.9357753Z remote: Compressing objects:  78% (213/273)        
2021-08-12T13:17:34.9358260Z remote: Compressing objects:  79% (216/273)        
2021-08-12T13:17:34.9358786Z remote: Compressing objects:  80% (219/273)        
2021-08-12T13:17:34.9359292Z remote: Compressing objects:  81% (222/273)        
2021-08-12T13:17:34.9360303Z remote: Compressing objects:  82% (224/273)        
2021-08-12T13:17:34.9360935Z remote: Compressing objects:  83% (227/273)        
2021-08-12T13:17:34.9361385Z remote: Compressing objects:  84% (230/273)        
2021-08-12T13:17:34.9362034Z remote: Compressing objects:  85% (233/273)        
2021-08-12T13:17:34.9362483Z remote: Compressing objects:  86% (235/273)        
2021-08-12T13:17:34.9362952Z remote: Compressing objects:  87% (238/273)        
2021-08-12T13:17:34.9363401Z remote: Compressing objects:  88% (241/273)        
2021-08-12T13:17:34.9363863Z remote: Compressing objects:  89% (243/273)        
2021-08-12T13:17:34.9364347Z remote: Compressing objects:  90% (246/273)        
2021-08-12T13:17:34.9364813Z remote: Compressing objects:  91% (249/273)        
2021-08-12T13:17:34.9365259Z remote: Compressing objects:  92% (252/273)        
2021-08-12T13:17:34.9365725Z remote: Compressing objects:  93% (254/273)        
2021-08-12T13:17:34.9366174Z remote: Compressing objects:  94% (257/273)        
2021-08-12T13:17:34.9366640Z remote: Compressing objects:  95% (260/273)        
2021-08-12T13:17:34.9367266Z remote: Compressing objects:  96% (263/273)        
2021-08-12T13:17:34.9368588Z remote: Compressing objects:  97% (265/273)        
2021-08-12T13:17:34.9369553Z remote: Compressing objects:  98% (268/273)        
2021-08-12T13:17:34.9370079Z remote: Compressing objects:  99% (271/273)        
2021-08-12T13:17:34.9370620Z remote: Compressing objects: 100% (273/273)        
2021-08-12T13:17:34.9371163Z remote: Compressing objects: 100% (273/273), done.        
2021-08-12T13:17:34.9406014Z Receiving objects:   0% (1/869)
2021-08-12T13:17:34.9408824Z Receiving objects:   1% (9/869)
2021-08-12T13:17:34.9409281Z Receiving objects:   2% (18/869)
2021-08-12T13:17:34.9416521Z Receiving objects:   3% (27/869)
2021-08-12T13:17:34.9425739Z Receiving objects:   4% (35/869)
2021-08-12T13:17:34.9426363Z Receiving objects:   5% (44/869)
2021-08-12T13:17:34.9433149Z Receiving objects:   6% (53/869)
2021-08-12T13:17:34.9434092Z Receiving objects:   7% (61/869)
2021-08-12T13:17:34.9434845Z Receiving objects:   8% (70/869)
2021-08-12T13:17:34.9435795Z Receiving objects:   9% (79/869)
2021-08-12T13:17:34.9436383Z Receiving objects:  10% (87/869)
2021-08-12T13:17:34.9437037Z Receiving objects:  11% (96/869)
2021-08-12T13:17:34.9437636Z Receiving objects:  12% (105/869)
2021-08-12T13:17:34.9438165Z Receiving objects:  13% (113/869)
2021-08-12T13:17:34.9438826Z Receiving objects:  14% (122/869)
2021-08-12T13:17:34.9439333Z Receiving objects:  15% (131/869)
2021-08-12T13:17:34.9440224Z Receiving objects:  16% (140/869)
2021-08-12T13:17:34.9441247Z Receiving objects:  17% (148/869)
2021-08-12T13:17:34.9484973Z Receiving objects:  18% (157/869)
2021-08-12T13:17:34.9485611Z Receiving objects:  19% (166/869)
2021-08-12T13:17:34.9486157Z Receiving objects:  20% (174/869)
2021-08-12T13:17:34.9486664Z Receiving objects:  21% (183/869)
2021-08-12T13:17:34.9487349Z Receiving objects:  22% (192/869)
2021-08-12T13:17:34.9487857Z Receiving objects:  23% (200/869)
2021-08-12T13:17:34.9502886Z Receiving objects:  24% (209/869)
2021-08-12T13:17:34.9503566Z Receiving objects:  25% (218/869)
2021-08-12T13:17:34.9504080Z Receiving objects:  26% (226/869)
2021-08-12T13:17:34.9504622Z Receiving objects:  27% (235/869)
2021-08-12T13:17:34.9536662Z Receiving objects:  28% (244/869)
2021-08-12T13:17:34.9537539Z Receiving objects:  29% (253/869)
2021-08-12T13:17:34.9538081Z Receiving objects:  30% (261/869)
2021-08-12T13:17:34.9538786Z Receiving objects:  31% (270/869)
2021-08-12T13:17:34.9539327Z Receiving objects:  32% (279/869)
2021-08-12T13:17:34.9540089Z Receiving objects:  33% (287/869)
2021-08-12T13:17:34.9540632Z Receiving objects:  34% (296/869)
2021-08-12T13:17:34.9541340Z Receiving objects:  35% (305/869)
2021-08-12T13:17:34.9541863Z Receiving objects:  36% (313/869)
2021-08-12T13:17:34.9543065Z Receiving objects:  37% (322/869)
2021-08-12T13:17:34.9543607Z Receiving objects:  38% (331/869)
2021-08-12T13:17:34.9544098Z Receiving objects:  39% (339/869)
2021-08-12T13:17:34.9544611Z Receiving objects:  40% (348/869)
2021-08-12T13:17:34.9545102Z Receiving objects:  41% (357/869)
2021-08-12T13:17:34.9545607Z Receiving objects:  42% (365/869)
2021-08-12T13:17:34.9546320Z Receiving objects:  43% (374/869)
2021-08-12T13:17:34.9546831Z Receiving objects:  44% (383/869)
2021-08-12T13:17:34.9547453Z Receiving objects:  45% (392/869)
2021-08-12T13:17:34.9547946Z Receiving objects:  46% (400/869)
2021-08-12T13:17:34.9548457Z Receiving objects:  47% (409/869)
2021-08-12T13:17:34.9548970Z Receiving objects:  48% (418/869)
2021-08-12T13:17:34.9549467Z Receiving objects:  49% (426/869)
2021-08-12T13:17:34.9585886Z Receiving objects:  50% (435/869)
2021-08-12T13:17:34.9586492Z Receiving objects:  51% (444/869)
2021-08-12T13:17:34.9587034Z Receiving objects:  52% (452/869)
2021-08-12T13:17:34.9587548Z Receiving objects:  53% (461/869)
2021-08-12T13:17:34.9588043Z Receiving objects:  54% (470/869)
2021-08-12T13:17:34.9588555Z Receiving objects:  55% (478/869)
2021-08-12T13:17:34.9589050Z Receiving objects:  56% (487/869)
2021-08-12T13:17:34.9589560Z Receiving objects:  57% (496/869)
2021-08-12T13:17:34.9590070Z Receiving objects:  58% (505/869)
2021-08-12T13:17:34.9590721Z Receiving objects:  59% (513/869)
2021-08-12T13:17:34.9591269Z Receiving objects:  60% (522/869)
2021-08-12T13:17:34.9591764Z Receiving objects:  61% (531/869)
2021-08-12T13:17:34.9592275Z Receiving objects:  62% (539/869)
2021-08-12T13:17:34.9592780Z Receiving objects:  63% (548/869)
2021-08-12T13:17:34.9593273Z Receiving objects:  64% (557/869)
2021-08-12T13:17:34.9593782Z Receiving objects:  65% (565/869)
2021-08-12T13:17:34.9625609Z Receiving objects:  66% (574/869)
2021-08-12T13:17:34.9640045Z Receiving objects:  67% (583/869)
2021-08-12T13:17:34.9640706Z Receiving objects:  68% (591/869)
2021-08-12T13:17:34.9641260Z Receiving objects:  69% (600/869)
2021-08-12T13:17:34.9642018Z Receiving objects:  70% (609/869)
2021-08-12T13:17:34.9642539Z Receiving objects:  71% (617/869)
2021-08-12T13:17:34.9643368Z Receiving objects:  72% (626/869)
2021-08-12T13:17:34.9643877Z Receiving objects:  73% (635/869)
2021-08-12T13:17:34.9644369Z Receiving objects:  74% (644/869)
2021-08-12T13:17:34.9644876Z Receiving objects:  75% (652/869)
2021-08-12T13:17:34.9645522Z Receiving objects:  76% (661/869)
2021-08-12T13:17:34.9646093Z Receiving objects:  77% (670/869)
2021-08-12T13:17:34.9646610Z Receiving objects:  78% (678/869)
2021-08-12T13:17:34.9647106Z Receiving objects:  79% (687/869)
2021-08-12T13:17:34.9647619Z Receiving objects:  80% (696/869)
2021-08-12T13:17:34.9648119Z Receiving objects:  81% (704/869)
2021-08-12T13:17:34.9648636Z Receiving objects:  82% (713/869)
2021-08-12T13:17:34.9649148Z Receiving objects:  83% (722/869)
2021-08-12T13:17:34.9649642Z Receiving objects:  84% (730/869)
2021-08-12T13:17:34.9650330Z Receiving objects:  85% (739/869)
2021-08-12T13:17:34.9651196Z Receiving objects:  86% (748/869)
2021-08-12T13:17:34.9651748Z Receiving objects:  87% (757/869)
2021-08-12T13:17:34.9652482Z Receiving objects:  88% (765/869)
2021-08-12T13:17:34.9653202Z Receiving objects:  89% (774/869)
2021-08-12T13:17:34.9654002Z Receiving objects:  90% (783/869)
2021-08-12T13:17:34.9654588Z Receiving objects:  91% (791/869)
2021-08-12T13:17:34.9675909Z Receiving objects:  92% (800/869)
2021-08-12T13:17:34.9676709Z Receiving objects:  93% (809/869)
2021-08-12T13:17:34.9677404Z Receiving objects:  94% (817/869)
2021-08-12T13:17:34.9678906Z remote: Total 869 (delta 289), reused 324 (delta 206), pack-reused 346        
2021-08-12T13:17:34.9685348Z Receiving objects:  95% (826/869)
2021-08-12T13:17:34.9686092Z Receiving objects:  96% (835/869)
2021-08-12T13:17:34.9686727Z Receiving objects:  97% (843/869)
2021-08-12T13:17:34.9687457Z Receiving objects:  98% (852/869)
2021-08-12T13:17:34.9688166Z Receiving objects:  99% (861/869)
2021-08-12T13:17:34.9688704Z Receiving objects: 100% (869/869)
2021-08-12T13:17:34.9689462Z Receiving objects: 100% (869/869), 229.94 KiB | 7.93 MiB/s, done.
2021-08-12T13:17:34.9690111Z Resolving deltas:   0% (0/469)
2021-08-12T13:17:34.9690813Z Resolving deltas:   1% (5/469)
2021-08-12T13:17:34.9692412Z Resolving deltas:   2% (10/469)
2021-08-12T13:17:34.9693751Z Resolving deltas:   3% (15/469)
2021-08-12T13:17:34.9695138Z Resolving deltas:   4% (19/469)
2021-08-12T13:17:34.9696364Z Resolving deltas:   5% (24/469)
2021-08-12T13:17:34.9697519Z Resolving deltas:   6% (29/469)
2021-08-12T13:17:34.9699707Z Resolving deltas:   7% (33/469)
2021-08-12T13:17:34.9700891Z Resolving deltas:   8% (38/469)
2021-08-12T13:17:34.9701878Z Resolving deltas:   9% (43/469)
2021-08-12T13:17:34.9705020Z Resolving deltas:  10% (47/469)
2021-08-12T13:17:34.9709356Z Resolving deltas:  11% (52/469)
2021-08-12T13:17:34.9712679Z Resolving deltas:  12% (57/469)
2021-08-12T13:17:34.9716047Z Resolving deltas:  13% (61/469)
2021-08-12T13:17:34.9720112Z Resolving deltas:  14% (66/469)
2021-08-12T13:17:34.9723674Z Resolving deltas:  15% (71/469)
2021-08-12T13:17:34.9724735Z Resolving deltas:  16% (76/469)
2021-08-12T13:17:34.9726783Z Resolving deltas:  17% (80/469)
2021-08-12T13:17:34.9730012Z Resolving deltas:  18% (85/469)
2021-08-12T13:17:34.9733798Z Resolving deltas:  19% (90/469)
2021-08-12T13:17:34.9738181Z Resolving deltas:  20% (94/469)
2021-08-12T13:17:34.9742378Z Resolving deltas:  21% (99/469)
2021-08-12T13:17:34.9746538Z Resolving deltas:  22% (104/469)
2021-08-12T13:17:34.9749877Z Resolving deltas:  23% (108/469)
2021-08-12T13:17:34.9754598Z Resolving deltas:  24% (113/469)
2021-08-12T13:17:34.9757015Z Resolving deltas:  25% (118/469)
2021-08-12T13:17:34.9759920Z Resolving deltas:  26% (122/469)
2021-08-12T13:17:34.9762907Z Resolving deltas:  27% (127/469)
2021-08-12T13:17:34.9766540Z Resolving deltas:  28% (132/469)
2021-08-12T13:17:34.9770316Z Resolving deltas:  29% (137/469)
2021-08-12T13:17:34.9773482Z Resolving deltas:  30% (142/469)
2021-08-12T13:17:34.9775177Z Resolving deltas:  31% (146/469)
2021-08-12T13:17:34.9776970Z Resolving deltas:  32% (151/469)
2021-08-12T13:17:34.9777740Z Resolving deltas:  33% (155/469)
2021-08-12T13:17:34.9778318Z Resolving deltas:  34% (160/469)
2021-08-12T13:17:34.9779450Z Resolving deltas:  35% (165/469)
2021-08-12T13:17:34.9782383Z Resolving deltas:  36% (169/469)
2021-08-12T13:17:34.9783839Z Resolving deltas:  37% (174/469)
2021-08-12T13:17:34.9786019Z Resolving deltas:  38% (179/469)
2021-08-12T13:17:34.9786845Z Resolving deltas:  39% (183/469)
2021-08-12T13:17:34.9787233Z Resolving deltas:  40% (188/469)
2021-08-12T13:17:34.9788221Z Resolving deltas:  41% (193/469)
2021-08-12T13:17:34.9789429Z Resolving deltas:  42% (197/469)
2021-08-12T13:17:34.9790406Z Resolving deltas:  43% (202/469)
2021-08-12T13:17:34.9791114Z Resolving deltas:  44% (207/469)
2021-08-12T13:17:34.9791520Z Resolving deltas:  45% (212/469)
2021-08-12T13:17:34.9792474Z Resolving deltas:  46% (216/469)
2021-08-12T13:17:34.9793670Z Resolving deltas:  47% (221/469)
2021-08-12T13:17:34.9794638Z Resolving deltas:  48% (226/469)
2021-08-12T13:17:34.9795738Z Resolving deltas:  49% (230/469)
2021-08-12T13:17:34.9796504Z Resolving deltas:  50% (235/469)
2021-08-12T13:17:34.9796903Z Resolving deltas:  51% (240/469)
2021-08-12T13:17:34.9797838Z Resolving deltas:  52% (244/469)
2021-08-12T13:17:34.9800288Z Resolving deltas:  53% (249/469)
2021-08-12T13:17:34.9801298Z Resolving deltas:  54% (254/469)
2021-08-12T13:17:34.9803010Z Resolving deltas:  55% (258/469)
2021-08-12T13:17:34.9804050Z Resolving deltas:  56% (263/469)
2021-08-12T13:17:34.9805385Z Resolving deltas:  57% (268/469)
2021-08-12T13:17:34.9806448Z Resolving deltas:  58% (273/469)
2021-08-12T13:17:34.9808196Z Resolving deltas:  59% (277/469)
2021-08-12T13:17:34.9809046Z Resolving deltas:  60% (282/469)
2021-08-12T13:17:34.9809667Z Resolving deltas:  61% (287/469)
2021-08-12T13:17:34.9810929Z Resolving deltas:  62% (291/469)
2021-08-12T13:17:34.9812288Z Resolving deltas:  63% (296/469)
2021-08-12T13:17:34.9813577Z Resolving deltas:  64% (301/469)
2021-08-12T13:17:34.9814032Z Resolving deltas:  65% (305/469)
2021-08-12T13:17:34.9816579Z Resolving deltas:  66% (310/469)
2021-08-12T13:17:34.9819516Z Resolving deltas:  67% (315/469)
2021-08-12T13:17:34.9821423Z Resolving deltas:  68% (319/469)
2021-08-12T13:17:34.9822552Z Resolving deltas:  69% (324/469)
2021-08-12T13:17:34.9822978Z Resolving deltas:  70% (329/469)
2021-08-12T13:17:34.9825312Z Resolving deltas:  71% (333/469)
2021-08-12T13:17:34.9825745Z Resolving deltas:  72% (338/469)
2021-08-12T13:17:34.9836573Z Resolving deltas:  73% (343/469)
2021-08-12T13:17:34.9837050Z Resolving deltas:  74% (348/469)
2021-08-12T13:17:34.9837476Z Resolving deltas:  75% (352/469)
2021-08-12T13:17:34.9837877Z Resolving deltas:  76% (357/469)
2021-08-12T13:17:34.9838294Z Resolving deltas:  77% (362/469)
2021-08-12T13:17:34.9838842Z Resolving deltas:  78% (366/469)
2021-08-12T13:17:34.9839244Z Resolving deltas:  79% (371/469)
2021-08-12T13:17:34.9840715Z Resolving deltas:  80% (376/469)
2021-08-12T13:17:34.9842032Z Resolving deltas:  81% (380/469)
2021-08-12T13:17:34.9845804Z Resolving deltas:  82% (385/469)
2021-08-12T13:17:34.9849544Z Resolving deltas:  83% (390/469)
2021-08-12T13:17:34.9853833Z Resolving deltas:  84% (394/469)
2021-08-12T13:17:34.9856595Z Resolving deltas:  85% (399/469)
2021-08-12T13:17:34.9859786Z Resolving deltas:  86% (404/469)
2021-08-12T13:17:34.9862705Z Resolving deltas:  87% (409/469)
2021-08-12T13:17:34.9866235Z Resolving deltas:  88% (413/469)
2021-08-12T13:17:34.9870041Z Resolving deltas:  89% (418/469)
2021-08-12T13:17:34.9871805Z Resolving deltas:  90% (423/469)
2021-08-12T13:17:34.9874499Z Resolving deltas:  91% (427/469)
2021-08-12T13:17:34.9876889Z Resolving deltas:  92% (432/469)
2021-08-12T13:17:34.9879478Z Resolving deltas:  93% (437/469)
2021-08-12T13:17:34.9883014Z Resolving deltas:  94% (441/469)
2021-08-12T13:17:34.9885743Z Resolving deltas:  95% (446/469)
2021-08-12T13:17:34.9887758Z Resolving deltas:  96% (451/469)
2021-08-12T13:17:34.9890654Z Resolving deltas:  97% (455/469)
2021-08-12T13:17:34.9892589Z Resolving deltas:  98% (460/469)
2021-08-12T13:17:34.9894590Z Resolving deltas:  99% (465/469)
2021-08-12T13:17:34.9900641Z Resolving deltas: 100% (469/469)
2021-08-12T13:17:34.9901510Z Resolving deltas: 100% (469/469), done.
2021-08-12T13:17:35.0052817Z From https://github.com/con/tinuous
2021-08-12T13:17:35.0054455Z  * [new branch]      gh-131          -> origin/gh-131
2021-08-12T13:17:35.0055341Z  * [new branch]      gh-55           -> origin/gh-55
2021-08-12T13:17:35.0056067Z  * [new branch]      master          -> origin/master
2021-08-12T13:17:35.0056836Z  * [new branch]      no-extra-search -> origin/no-extra-search
2021-08-12T13:17:35.0057691Z  * [new branch]      test-appveyor   -> origin/test-appveyor
2021-08-12T13:17:35.0058363Z  * [new tag]         0.1.0           -> 0.1.0
2021-08-12T13:17:35.0058867Z  * [new tag]         0.2.0           -> 0.2.0
2021-08-12T13:17:35.0059382Z  * [new tag]         0.3.0           -> 0.3.0
2021-08-12T13:17:35.0059878Z  * [new tag]         0.4.0           -> 0.4.0
2021-08-12T13:17:35.0060391Z  * [new tag]         0.5.0           -> 0.5.0
2021-08-12T13:17:35.0079249Z [command]/usr/bin/git branch --list --remote origin/gh-131
2021-08-12T13:17:35.0108012Z   origin/gh-131
2021-08-12T13:17:35.0116144Z [command]/usr/bin/git rev-parse refs/remotes/origin/gh-131
2021-08-12T13:17:35.0139594Z 8799d5ce48a23f94ca31d82a9776725dd17c6bb7
2021-08-12T13:17:35.0147649Z ##[endgroup]
2021-08-12T13:17:35.0149901Z ##[group]Determining the checkout info
2021-08-12T13:17:35.0152373Z ##[endgroup]
2021-08-12T13:17:35.0153816Z ##[group]Checking out the ref
2021-08-12T13:17:35.0155026Z [command]/usr/bin/git checkout --progress --force -B gh-131 refs/remotes/origin/gh-131
2021-08-12T13:17:35.0226486Z Switched to a new branch 'gh-131'
2021-08-12T13:17:35.0228655Z Branch 'gh-131' set up to track remote branch 'gh-131' from 'origin'.
2021-08-12T13:17:35.0236961Z ##[endgroup]
2021-08-12T13:17:35.0278549Z [command]/usr/bin/git log -1 --format='%H'
2021-08-12T13:17:35.0301929Z '8799d5ce48a23f94ca31d82a9776725dd17c6bb7'
2021-08-12T13:17:35.0474143Z ##[group]Run actions/setup-python@v2
2021-08-12T13:17:35.0474652Z with:
2021-08-12T13:17:35.0475024Z   python-version: 3.8
2021-08-12T13:17:35.0476018Z   token: ***
2021-08-12T13:17:35.0476379Z ##[endgroup]
2021-08-12T13:17:35.1185538Z Successfully setup CPython (3.8.11)
2021-08-12T13:17:35.1281340Z ##[group]Run python -m pip install --upgrade pip wheel
2021-08-12T13:17:35.1282085Z [36;1mpython -m pip install --upgrade pip wheel[0m
2021-08-12T13:17:35.1282778Z [36;1mpython -m pip install --upgrade --upgrade-strategy=eager tox[0m
2021-08-12T13:17:35.1334337Z shell: /usr/bin/bash -e {0}
2021-08-12T13:17:35.1334910Z env:
2021-08-12T13:17:35.1335484Z   pythonLocation: /opt/hostedtoolcache/Python/3.8.11/x64
2021-08-12T13:17:35.1336240Z   LD_LIBRARY_PATH: /opt/hostedtoolcache/Python/3.8.11/x64/lib
2021-08-12T13:17:35.1336985Z ##[endgroup]
2021-08-12T13:17:36.2157167Z Requirement already satisfied: pip in /opt/hostedtoolcache/Python/3.8.11/x64/lib/python3.8/site-packages (21.2.3)
2021-08-12T13:17:36.4345708Z Collecting wheel
2021-08-12T13:17:36.4705568Z   Downloading wheel-0.37.0-py2.py3-none-any.whl (35 kB)
2021-08-12T13:17:36.5309795Z Installing collected packages: wheel
2021-08-12T13:17:36.5708717Z Successfully installed wheel-0.37.0
2021-08-12T13:17:37.5302969Z Collecting tox
2021-08-12T13:17:37.5659795Z   Downloading tox-3.24.1-py2.py3-none-any.whl (85 kB)
2021-08-12T13:17:37.6551581Z Collecting pluggy>=0.12.0
2021-08-12T13:17:37.6640295Z   Downloading pluggy-0.13.1-py2.py3-none-any.whl (18 kB)
2021-08-12T13:17:37.6985437Z Collecting toml>=0.9.4
2021-08-12T13:17:37.7079953Z   Downloading toml-0.10.2-py2.py3-none-any.whl (16 kB)
2021-08-12T13:17:37.7449331Z Collecting filelock>=3.0.0
2021-08-12T13:17:37.7535973Z   Downloading filelock-3.0.12-py3-none-any.whl (7.6 kB)
2021-08-12T13:17:37.8130634Z Collecting packaging>=14
2021-08-12T13:17:37.8217993Z   Downloading packaging-21.0-py3-none-any.whl (40 kB)
2021-08-12T13:17:38.0702810Z Collecting virtualenv!=20.0.0,!=20.0.1,!=20.0.2,!=20.0.3,!=20.0.4,!=20.0.5,!=20.0.6,!=20.0.7,>=16.0.0
2021-08-12T13:17:38.0810280Z   Downloading virtualenv-20.7.2-py2.py3-none-any.whl (5.3 MB)
2021-08-12T13:17:38.2208461Z Collecting six>=1.14.0
2021-08-12T13:17:38.2299351Z   Downloading six-1.16.0-py2.py3-none-any.whl (11 kB)
2021-08-12T13:17:38.2825386Z Collecting py>=1.4.17
2021-08-12T13:17:38.2922171Z   Downloading py-1.10.0-py2.py3-none-any.whl (97 kB)
2021-08-12T13:17:38.3823897Z Collecting pyparsing>=2.0.2
2021-08-12T13:17:38.3917978Z   Downloading pyparsing-2.4.7-py2.py3-none-any.whl (67 kB)
2021-08-12T13:17:38.4712465Z Collecting backports.entry-points-selectable>=1.0.4
2021-08-12T13:17:38.4778997Z   Downloading backports.entry_points_selectable-1.1.0-py2.py3-none-any.whl (6.2 kB)
2021-08-12T13:17:38.5124828Z Collecting platformdirs<3,>=2
2021-08-12T13:17:38.5213000Z   Downloading platformdirs-2.2.0-py3-none-any.whl (13 kB)
2021-08-12T13:17:38.5513037Z Collecting distlib<1,>=0.3.1
2021-08-12T13:17:38.5637269Z   Downloading distlib-0.3.2-py2.py3-none-any.whl (338 kB)
2021-08-12T13:17:38.7347695Z Installing collected packages: six, pyparsing, platformdirs, filelock, distlib, backports.entry-points-selectable, virtualenv, toml, py, pluggy, packaging, tox
2021-08-12T13:17:39.3449523Z Successfully installed backports.entry-points-selectable-1.1.0 distlib-0.3.2 filelock-3.0.12 packaging-21.0 platformdirs-2.2.0 pluggy-0.13.1 py-1.10.0 pyparsing-2.4.7 six-1.16.0 toml-0.10.2 tox-3.24.1 virtualenv-20.7.2
2021-08-12T13:17:39.5510820Z ##[group]Run tox -e typing
2021-08-12T13:17:39.5511336Z [36;1mtox -e typing[0m
2021-08-12T13:17:39.5557577Z shell: /usr/bin/bash -e {0}
2021-08-12T13:17:39.5558103Z env:
2021-08-12T13:17:39.5558620Z   pythonLocation: /opt/hostedtoolcache/Python/3.8.11/x64
2021-08-12T13:17:39.5559305Z   LD_LIBRARY_PATH: /opt/hostedtoolcache/Python/3.8.11/x64/lib
2021-08-12T13:17:39.5559815Z ##[endgroup]
2021-08-12T13:17:39.7587647Z .package create: /home/runner/work/tinuous/tinuous/.tox/.package
2021-08-12T13:17:40.6025543Z .package installdeps: setuptools >= 46.4.0, wheel ~= 0.32
2021-08-12T13:17:44.4699671Z typing create: /home/runner/work/tinuous/tinuous/.tox/typing
2021-08-12T13:17:44.7599035Z typing installdeps: mypy~=0.900, types-python-dateutil, types-PyYAML, types-requests, pytest~=6.0, pytest-cov~=2.0, pytest-mock~=3.0
2021-08-12T13:17:50.7032263Z typing inst: /home/runner/work/tinuous/tinuous/.tox/.tmp/package/1/tinuous-0.5.0+3.g8799d5c.tar.gz
2021-08-12T13:18:01.6100719Z typing installed: attrs==21.2.0,certifi==2021.5.30,cffi==1.14.6,charset-normalizer==2.0.4,click==8.0.1,click-loglevel==0.4.0.post1,coverage==5.5,Deprecated==1.2.12,idna==3.2,in-place==0.5.0,iniconfig==1.1.1,mypy==0.910,mypy-extensions==0.4.3,packaging==21.0,pluggy==0.13.1,py==1.10.0,pycparser==2.20,pydantic==1.8.2,PyGithub==1.55,PyJWT==2.1.0,PyNaCl==1.4.0,pyparsing==2.4.7,pytest==6.2.4,pytest-cov==2.12.1,pytest-mock==3.6.1,python-dateutil==2.8.2,python-dotenv==0.19.0,PyYAML==5.4.1,requests==2.26.0,six==1.16.0,tinuous @ file:///home/runner/work/tinuous/tinuous/.tox/.tmp/package/1/tinuous-0.5.0%2B3.g8799d5c.tar.gz,toml==0.10.2,types-python-dateutil==0.1.6,types-PyYAML==5.4.6,types-requests==2.25.6,typing-extensions==3.10.0.0,urllib3==1.26.6,wrapt==1.12.1
2021-08-12T13:18:01.6150463Z typing run-test-pre: PYTHONHASHSEED='2440768511'
2021-08-12T13:18:01.6155076Z typing run-test: commands[0] | mypy src test
2021-08-12T13:18:11.3370436Z Success: no issues found in 13 source files
2021-08-12T13:18:12.0100734Z ___________________________________ summary ____________________________________
2021-08-12T13:18:12.0101532Z   typing: commands succeeded
2021-08-12T13:18:12.0102230Z   congratulations :)
2021-08-12T13:18:12.0396542Z Post job cleanup.
2021-08-12T13:18:12.1539962Z [command]/usr/bin/git version
2021-08-12T13:18:12.1581788Z git version 2.32.0
2021-08-12T13:18:12.1626892Z [command]/usr/bin/git config --local --name-only --get-regexp core\.sshCommand
2021-08-12T13:18:12.1663437Z [command]/usr/bin/git submodule foreach --recursive git config --local --name-only --get-regexp 'core\.sshCommand' && git config --local --unset-all 'core.sshCommand' || :
2021-08-12T13:18:12.1896596Z [command]/usr/bin/git config --local --name-only --get-regexp http\.https\:\/\/github\.com\/\.extraheader
2021-08-12T13:18:12.1916595Z http.https://github.com/.extraheader
2021-08-12T13:18:12.1925085Z [command]/usr/bin/git config --local --unset-all http.https://github.com/.extraheader
2021-08-12T13:18:12.1958695Z [command]/usr/bin/git submodule foreach --recursive git config --local --name-only --get-regexp 'http\.https\:\/\/github\.com\/\.extraheader' && git config --local --unset-all 'http.https://github.com/.extraheader' || :
2021-08-12T13:18:12.2249281Z Cleaning up orphan processes
