2021-02-03T15:06:12.4473073Z ##[section]Starting: Request a runner to run this job
2021-02-03T15:06:13.4548931Z Can't find any online and idle self-hosted runner in current repository that matches the required labels: 'ubuntu-latest'
2021-02-03T15:06:13.4549046Z Can't find any online and idle self-hosted runner in current repository's account/organization that matches the required labels: 'ubuntu-latest'
2021-02-03T15:06:13.4549239Z Found online and idle hosted runner in current repository's account/organization that matches the required labels: 'ubuntu-latest'
2021-02-03T15:06:13.6652616Z ##[section]Finishing: Request a runner to run this job
2021-02-03T15:06:22.3179764Z Current runner version: '2.276.1'
2021-02-03T15:06:22.3203522Z ##[group]Operating System
2021-02-03T15:06:22.3204424Z Ubuntu
2021-02-03T15:06:22.3204847Z 20.04.2
2021-02-03T15:06:22.3205280Z LTS
2021-02-03T15:06:22.3205690Z ##[endgroup]
2021-02-03T15:06:22.3206182Z ##[group]Virtual Environment
2021-02-03T15:06:22.3206812Z Environment: ubuntu-20.04
2021-02-03T15:06:22.3207302Z Version: 20210131.1
2021-02-03T15:06:22.3208265Z Included Software: https://github.com/actions/virtual-environments/blob/ubuntu20/20210131.1/images/linux/Ubuntu2004-README.md
2021-02-03T15:06:22.3209151Z ##[endgroup]
2021-02-03T15:06:22.3212024Z Prepare workflow directory
2021-02-03T15:06:22.3786413Z Prepare all required actions
2021-02-03T15:06:22.3796203Z Getting action download info
2021-02-03T15:06:22.6392362Z Download action repository 'actions/checkout@v2'
2021-02-03T15:06:24.5543450Z Download action repository 'actions/setup-python@v2'
2021-02-03T15:06:24.8638669Z ##[group]Run actions/checkout@v2
2021-02-03T15:06:24.8639272Z with:
2021-02-03T15:06:24.8639834Z   repository: con/tinuous
2021-02-03T15:06:24.8640632Z   token: ***
2021-02-03T15:06:24.8641048Z   ssh-strict: true
2021-02-03T15:06:24.8641551Z   persist-credentials: true
2021-02-03T15:06:24.8642036Z   clean: true
2021-02-03T15:06:24.8642458Z   fetch-depth: 1
2021-02-03T15:06:24.8642863Z   lfs: false
2021-02-03T15:06:24.8643282Z   submodules: false
2021-02-03T15:06:24.8643703Z ##[endgroup]
2021-02-03T15:06:25.5629855Z Syncing repository: con/tinuous
2021-02-03T15:06:25.5630699Z ##[group]Getting Git version info
2021-02-03T15:06:25.5631707Z Working directory is '/home/runner/work/tinuous/tinuous'
2021-02-03T15:06:25.5632328Z [command]/usr/bin/git version
2021-02-03T15:06:25.5632799Z git version 2.30.0
2021-02-03T15:06:25.5633601Z ##[endgroup]
2021-02-03T15:06:25.5634338Z Deleting the contents of '/home/runner/work/tinuous/tinuous'
2021-02-03T15:06:25.5635407Z ##[group]Initializing the repository
2021-02-03T15:06:25.5636031Z [command]/usr/bin/git init /home/runner/work/tinuous/tinuous
2021-02-03T15:06:25.5636949Z hint: Using 'master' as the name for the initial branch. This default branch name
2021-02-03T15:06:25.5637706Z hint: is subject to change. To configure the initial branch name to use in all
2021-02-03T15:06:25.5638474Z hint: of your new repositories, which will suppress this warning, call:
2021-02-03T15:06:25.5639033Z hint: 
2021-02-03T15:06:25.5639717Z hint: 	git config --global init.defaultBranch <name>
2021-02-03T15:06:25.5640244Z hint: 
2021-02-03T15:06:25.5640942Z hint: Names commonly chosen instead of 'master' are 'main', 'trunk' and
2021-02-03T15:06:25.5641856Z hint: 'development'. The just-created branch can be renamed via this command:
2021-02-03T15:06:25.5642452Z hint: 
2021-02-03T15:06:25.5643124Z hint: 	git branch -m <name>
2021-02-03T15:06:25.5643789Z Initialized empty Git repository in /home/runner/work/tinuous/tinuous/.git/
2021-02-03T15:06:25.5644641Z [command]/usr/bin/git remote add origin https://github.com/con/tinuous
2021-02-03T15:06:25.5645289Z ##[endgroup]
2021-02-03T15:06:25.5645883Z ##[group]Disabling automatic garbage collection
2021-02-03T15:06:25.5646634Z [command]/usr/bin/git config --local gc.auto 0
2021-02-03T15:06:25.5647142Z ##[endgroup]
2021-02-03T15:06:25.5648491Z ##[group]Setting up auth
2021-02-03T15:06:25.5649326Z [command]/usr/bin/git config --local --name-only --get-regexp core\.sshCommand
2021-02-03T15:06:25.5650670Z [command]/usr/bin/git submodule foreach --recursive git config --local --name-only --get-regexp 'core\.sshCommand' && git config --local --unset-all 'core.sshCommand' || :
2021-02-03T15:06:25.5652017Z [command]/usr/bin/git config --local --name-only --get-regexp http\.https\:\/\/github\.com\/\.extraheader
2021-02-03T15:06:25.5653742Z [command]/usr/bin/git submodule foreach --recursive git config --local --name-only --get-regexp 'http\.https\:\/\/github\.com\/\.extraheader' && git config --local --unset-all 'http.https://github.com/.extraheader' || :
2021-02-03T15:06:25.5655476Z [command]/usr/bin/git config --local http.https://github.com/.extraheader AUTHORIZATION: basic ***
2021-02-03T15:06:25.5656436Z ##[endgroup]
2021-02-03T15:06:25.5657194Z ##[group]Fetching the repository
2021-02-03T15:06:25.5658943Z [command]/usr/bin/git -c protocol.version=2 fetch --no-tags --prune --progress --no-recurse-submodules --depth=1 origin +e018364a976a55a49ec7a7f39e5ad452dddd7526:refs/remotes/origin/master
2021-02-03T15:06:25.5764423Z remote: Enumerating objects: 9, done.        
2021-02-03T15:06:25.5765030Z remote: Counting objects:  11% (1/9)        
2021-02-03T15:06:25.5765574Z remote: Counting objects:  22% (2/9)        
2021-02-03T15:06:25.5766096Z remote: Counting objects:  33% (3/9)        
2021-02-03T15:06:25.5766635Z remote: Counting objects:  44% (4/9)        
2021-02-03T15:06:25.5767156Z remote: Counting objects:  55% (5/9)        
2021-02-03T15:06:25.5767690Z remote: Counting objects:  66% (6/9)        
2021-02-03T15:06:25.5768369Z remote: Counting objects:  77% (7/9)        
2021-02-03T15:06:25.5769053Z remote: Counting objects:  88% (8/9)        
2021-02-03T15:06:25.5769597Z remote: Counting objects: 100% (9/9)        
2021-02-03T15:06:25.5770583Z remote: Counting objects: 100% (9/9), done.        
2021-02-03T15:06:25.5771166Z remote: Compressing objects:  14% (1/7)        
2021-02-03T15:06:25.5771851Z remote: Compressing objects:  28% (2/7)        
2021-02-03T15:06:25.5772469Z remote: Compressing objects:  42% (3/7)        
2021-02-03T15:06:25.5773028Z remote: Compressing objects:  57% (4/7)        
2021-02-03T15:06:25.5775506Z remote: Compressing objects:  71% (5/7)        
2021-02-03T15:06:25.5776066Z remote: Compressing objects:  85% (6/7)        
2021-02-03T15:06:25.5776753Z remote: Compressing objects: 100% (7/7)        
2021-02-03T15:06:25.5777346Z remote: Compressing objects: 100% (7/7), done.        
2021-02-03T15:06:25.5823669Z remote: Total 9 (delta 0), reused 5 (delta 0), pack-reused 0        
2021-02-03T15:06:25.6277674Z From https://github.com/con/tinuous
2021-02-03T15:06:25.6279166Z  * [new ref]         e018364a976a55a49ec7a7f39e5ad452dddd7526 -> origin/master
2021-02-03T15:06:25.6305486Z ##[endgroup]
2021-02-03T15:06:25.6307031Z ##[group]Determining the checkout info
2021-02-03T15:06:25.6307598Z ##[endgroup]
2021-02-03T15:06:25.6308061Z ##[group]Checking out the ref
2021-02-03T15:06:25.6312589Z [command]/usr/bin/git checkout --progress --force -B master refs/remotes/origin/master
2021-02-03T15:06:25.6676419Z Reset branch 'master'
2021-02-03T15:06:25.6677659Z Branch 'master' set up to track remote branch 'master' from 'origin'.
2021-02-03T15:06:25.6679098Z ##[endgroup]
2021-02-03T15:06:25.6727955Z [command]/usr/bin/git log -1 --format='%H'
2021-02-03T15:06:25.6753301Z 'e018364a976a55a49ec7a7f39e5ad452dddd7526'
2021-02-03T15:06:25.6983868Z ##[group]Run actions/setup-python@v2
2021-02-03T15:06:25.6984362Z with:
2021-02-03T15:06:25.6984781Z   python-version: 3.8
2021-02-03T15:06:25.6985587Z   token: ***
2021-02-03T15:06:25.6985992Z ##[endgroup]
2021-02-03T15:06:25.7487602Z Successfully setup CPython (3.8.7)
2021-02-03T15:06:25.7562693Z ##[group]Run python -m pip install --upgrade pip wheel
2021-02-03T15:06:25.7563413Z [36;1mpython -m pip install --upgrade pip wheel[0m
2021-02-03T15:06:25.7564052Z [36;1mpython -m pip install -r requirements.txt[0m
2021-02-03T15:06:25.7607697Z shell: /usr/bin/bash -e {0}
2021-02-03T15:06:25.7608128Z env:
2021-02-03T15:06:25.7608689Z   pythonLocation: /opt/hostedtoolcache/Python/3.8.7/x64
2021-02-03T15:06:25.7609418Z   LD_LIBRARY_PATH: /opt/hostedtoolcache/Python/3.8.7/x64/lib
2021-02-03T15:06:25.7609970Z ##[endgroup]
2021-02-03T15:06:26.2281222Z Requirement already satisfied: pip in /opt/hostedtoolcache/Python/3.8.7/x64/lib/python3.8/site-packages (21.0.1)
2021-02-03T15:06:26.5603545Z Collecting wheel
2021-02-03T15:06:26.6059277Z   Downloading wheel-0.36.2-py2.py3-none-any.whl (35 kB)
2021-02-03T15:06:26.6383928Z Installing collected packages: wheel
2021-02-03T15:06:26.6687766Z Successfully installed wheel-0.36.2
2021-02-03T15:06:27.2969611Z Collecting cfgv~=3.0
2021-02-03T15:06:27.3298070Z   Downloading cfgv-3.2.0-py2.py3-none-any.whl (7.3 kB)
2021-02-03T15:06:27.3779397Z Collecting click~=7.0
2021-02-03T15:06:27.3873102Z   Downloading click-7.1.2-py2.py3-none-any.whl (82 kB)
2021-02-03T15:06:27.4159671Z Collecting click-loglevel~=0.2
2021-02-03T15:06:27.4278435Z   Downloading click_loglevel-0.2.0-py3-none-any.whl (4.2 kB)
2021-02-03T15:06:27.4799571Z Collecting PyGithub~=1.53
2021-02-03T15:06:27.4884921Z   Downloading PyGithub-1.54.1-py3-none-any.whl (289 kB)
2021-02-03T15:06:27.5545538Z Collecting python-dateutil~=2.7
2021-02-03T15:06:27.5636893Z   Downloading python_dateutil-2.8.1-py2.py3-none-any.whl (227 kB)
2021-02-03T15:06:27.6616994Z Collecting PyYAML~=5.0
2021-02-03T15:06:27.6710703Z   Downloading PyYAML-5.4.1-cp38-cp38-manylinux1_x86_64.whl (662 kB)
2021-02-03T15:06:27.8013571Z Collecting requests~=2.20
2021-02-03T15:06:27.8101363Z   Downloading requests-2.25.1-py2.py3-none-any.whl (61 kB)
2021-02-03T15:06:27.8921914Z Collecting deprecated
2021-02-03T15:06:27.9021910Z   Downloading Deprecated-1.2.11-py2.py3-none-any.whl (9.1 kB)
2021-02-03T15:06:27.9806225Z Collecting pyjwt<2.0
2021-02-03T15:06:27.9876725Z   Downloading PyJWT-1.7.1-py2.py3-none-any.whl (18 kB)
2021-02-03T15:06:28.0681770Z Collecting six>=1.5
2021-02-03T15:06:28.0763950Z   Downloading six-1.15.0-py2.py3-none-any.whl (10 kB)
2021-02-03T15:06:28.1796957Z Collecting urllib3<1.27,>=1.21.1
2021-02-03T15:06:28.1885410Z   Downloading urllib3-1.26.3-py2.py3-none-any.whl (137 kB)
2021-02-03T15:06:28.2323423Z Collecting idna<3,>=2.5
2021-02-03T15:06:28.2414117Z   Downloading idna-2.10-py2.py3-none-any.whl (58 kB)
2021-02-03T15:06:28.3069536Z Collecting certifi>=2017.4.17
2021-02-03T15:06:28.3174284Z   Downloading certifi-2020.12.5-py2.py3-none-any.whl (147 kB)
2021-02-03T15:06:28.3525881Z Collecting chardet<5,>=3.0.2
2021-02-03T15:06:28.3611527Z   Downloading chardet-4.0.0-py2.py3-none-any.whl (178 kB)
2021-02-03T15:06:28.4542230Z Collecting wrapt<2,>=1.10
2021-02-03T15:06:28.4793895Z   Downloading wrapt-1.12.1.tar.gz (27 kB)
2021-02-03T15:06:29.6247413Z Building wheels for collected packages: wrapt
2021-02-03T15:06:29.6254216Z   Building wheel for wrapt (setup.py): started
2021-02-03T15:06:31.0636012Z   Building wheel for wrapt (setup.py): finished with status 'done'
2021-02-03T15:06:31.0666071Z   Created wheel for wrapt: filename=wrapt-1.12.1-cp38-cp38-linux_x86_64.whl size=81795 sha256=a96a8b132646b9b90eca3d6cc20930fa6a1ee53b6fb7640f695e3f2871d702d8
2021-02-03T15:06:31.0670336Z   Stored in directory: /home/runner/.cache/pip/wheels/5f/fd/9e/b6cf5890494cb8ef0b5eaff72e5d55a70fb56316007d6dfe73
2021-02-03T15:06:31.0690866Z Successfully built wrapt
2021-02-03T15:06:31.1474535Z Installing collected packages: wrapt, urllib3, idna, chardet, certifi, six, requests, pyjwt, deprecated, click, PyYAML, python-dateutil, PyGithub, click-loglevel, cfgv
2021-02-03T15:06:31.9100370Z Successfully installed PyGithub-1.54.1 PyYAML-5.4.1 certifi-2020.12.5 cfgv-3.2.0 chardet-4.0.0 click-7.1.2 click-loglevel-0.2.0 deprecated-1.2.11 idna-2.10 pyjwt-1.7.1 python-dateutil-2.8.1 requests-2.25.1 six-1.15.0 urllib3-1.26.3 wrapt-1.12.1
2021-02-03T15:06:32.0221428Z ##[group]Run python tinuous --help
2021-02-03T15:06:32.0222029Z [36;1mpython tinuous --help[0m
2021-02-03T15:06:32.0265996Z shell: /usr/bin/bash -e {0}
2021-02-03T15:06:32.0266356Z env:
2021-02-03T15:06:32.0266842Z   pythonLocation: /opt/hostedtoolcache/Python/3.8.7/x64
2021-02-03T15:06:32.0267514Z   LD_LIBRARY_PATH: /opt/hostedtoolcache/Python/3.8.7/x64/lib
2021-02-03T15:06:32.0267997Z ##[endgroup]
2021-02-03T15:06:32.2296227Z Usage: tinuous [OPTIONS]
2021-02-03T15:06:32.2296818Z 
2021-02-03T15:06:32.2297163Z Options:
2021-02-03T15:06:32.2298329Z   -c, --config FILE               Read configuration from the given file
2021-02-03T15:06:32.2299012Z                                   [default: config.yml]
2021-02-03T15:06:32.2299346Z 
2021-02-03T15:06:32.2300039Z   -l, --log-level [NOTSET|DEBUG|INFO|WARNING|ERROR|CRITICAL]
2021-02-03T15:06:32.2300721Z                                   Set logging level [default: INFO]
2021-02-03T15:06:32.2301863Z   -S, --state FILE                Store program state in the given file
2021-02-03T15:06:32.2302497Z                                   [default: .dlstate.json]
2021-02-03T15:06:32.2302840Z 
2021-02-03T15:06:32.2303453Z   --help                          Show this message and exit.
2021-02-03T15:06:32.2544329Z Post job cleanup.
2021-02-03T15:06:32.3367879Z [command]/usr/bin/git version
2021-02-03T15:06:32.3447861Z git version 2.30.0
2021-02-03T15:06:32.3477820Z [command]/usr/bin/git config --local --name-only --get-regexp core\.sshCommand
2021-02-03T15:06:32.3512842Z [command]/usr/bin/git submodule foreach --recursive git config --local --name-only --get-regexp 'core\.sshCommand' && git config --local --unset-all 'core.sshCommand' || :
2021-02-03T15:06:32.3746588Z [command]/usr/bin/git config --local --name-only --get-regexp http\.https\:\/\/github\.com\/\.extraheader
2021-02-03T15:06:32.3771540Z http.https://github.com/.extraheader
2021-02-03T15:06:32.3784947Z [command]/usr/bin/git config --local --unset-all http.https://github.com/.extraheader
2021-02-03T15:06:32.3810038Z [command]/usr/bin/git submodule foreach --recursive git config --local --name-only --get-regexp 'http\.https\:\/\/github\.com\/\.extraheader' && git config --local --unset-all 'http.https://github.com/.extraheader' || :
2021-02-03T15:06:32.4085131Z Cleaning up orphan processes
