2024-11-18T16:22:14.8758821Z Requested labels: ubuntu-latest
2024-11-18T16:22:14.8759067Z Job defined at: con/tinuous/.github/workflows/test.yml@refs/pull/198/merge
2024-11-18T16:22:14.8759147Z Waiting for a runner to pick up this job...
2024-11-18T16:22:17.2651045Z Job is waiting for a hosted runner to come online.
2024-11-18T16:22:21.6741222Z Job is about to start running on the hosted runner: GitHub Actions 13 (hosted)
2024-11-18T16:22:24.4419609Z Current runner version: '2.320.0'
2024-11-18T16:22:24.4444927Z ##[group]Operating System
2024-11-18T16:22:24.4445567Z Ubuntu
2024-11-18T16:22:24.4446046Z 22.04.5
2024-11-18T16:22:24.4446688Z LTS
2024-11-18T16:22:24.4446996Z ##[endgroup]
2024-11-18T16:22:24.4447531Z ##[group]Runner Image
2024-11-18T16:22:24.4447981Z Image: ubuntu-22.04
2024-11-18T16:22:24.4448439Z Version: 20241112.1.0
2024-11-18T16:22:24.4449501Z Included Software: https://github.com/actions/runner-images/blob/ubuntu22/20241112.1/images/ubuntu/Ubuntu2204-Readme.md
2024-11-18T16:22:24.4450972Z Image Release: https://github.com/actions/runner-images/releases/tag/ubuntu22%2F20241112.1
2024-11-18T16:22:24.4451884Z ##[endgroup]
2024-11-18T16:22:24.4452361Z ##[group]Runner Image Provisioner
2024-11-18T16:22:24.4452810Z 2.0.384.1
2024-11-18T16:22:24.4453167Z ##[endgroup]
2024-11-18T16:22:24.4469003Z ##[group]GITHUB_TOKEN Permissions
2024-11-18T16:22:24.4470761Z Actions: read
2024-11-18T16:22:24.4471388Z Attestations: read
2024-11-18T16:22:24.4471953Z Checks: read
2024-11-18T16:22:24.4472357Z Contents: read
2024-11-18T16:22:24.4472812Z Deployments: read
2024-11-18T16:22:24.4473226Z Discussions: read
2024-11-18T16:22:24.4473568Z Issues: read
2024-11-18T16:22:24.4473992Z Metadata: read
2024-11-18T16:22:24.4474394Z Packages: read
2024-11-18T16:22:24.4474735Z Pages: read
2024-11-18T16:22:24.4475169Z PullRequests: read
2024-11-18T16:22:24.4475598Z RepositoryProjects: read
2024-11-18T16:22:24.4476047Z SecurityEvents: read
2024-11-18T16:22:24.4476474Z Statuses: read
2024-11-18T16:22:24.4476896Z ##[endgroup]
2024-11-18T16:22:24.4479893Z Secret source: Dependabot
2024-11-18T16:22:24.4480627Z Prepare workflow directory
2024-11-18T16:22:24.5101411Z Prepare all required actions
2024-11-18T16:22:24.5261123Z Getting action download info
2024-11-18T16:22:24.8665225Z Download action repository 'actions/checkout@v4' (SHA:11bd71901bbe5b1630ceea73d27597364c9af683)
2024-11-18T16:22:24.9870358Z Download action repository 'actions/setup-python@v5' (SHA:0b93645e9fea7318ecaed2b359559ac225c90a2b)
2024-11-18T16:22:25.0689963Z Download action repository 'codecov/codecov-action@v5' (SHA:5c47607acb93fed5485fdbf7232e8a31425f672a)
2024-11-18T16:22:25.7622101Z Complete job name: test (pypy-3.8, py)
2024-11-18T16:22:25.8639501Z ##[group]Run actions/checkout@v4
2024-11-18T16:22:25.8640248Z with:
2024-11-18T16:22:25.8640618Z   fetch-depth: 0
2024-11-18T16:22:25.8641080Z   repository: con/tinuous
2024-11-18T16:22:25.8641857Z   token: ***
2024-11-18T16:22:25.8642291Z   ssh-strict: true
2024-11-18T16:22:25.8642683Z   ssh-user: git
2024-11-18T16:22:25.8643192Z   persist-credentials: true
2024-11-18T16:22:25.8643714Z   clean: true
2024-11-18T16:22:25.8644206Z   sparse-checkout-cone-mode: true
2024-11-18T16:22:25.8644721Z   fetch-tags: false
2024-11-18T16:22:25.8645157Z   show-progress: true
2024-11-18T16:22:25.8645652Z   lfs: false
2024-11-18T16:22:25.8646017Z   submodules: false
2024-11-18T16:22:25.8646804Z   set-safe-directory: true
2024-11-18T16:22:25.8647370Z ##[endgroup]
2024-11-18T16:22:26.0894701Z Syncing repository: con/tinuous
2024-11-18T16:22:26.0896729Z ##[group]Getting Git version info
2024-11-18T16:22:26.0897695Z Working directory is '/home/runner/work/tinuous/tinuous'
2024-11-18T16:22:26.0898784Z [command]/usr/bin/git version
2024-11-18T16:22:26.0918508Z git version 2.47.0
2024-11-18T16:22:26.0944136Z ##[endgroup]
2024-11-18T16:22:26.0959020Z Temporarily overriding HOME='/home/runner/work/_temp/459c80ea-0c93-4d35-852e-fd8a4e706e04' before making global git config changes
2024-11-18T16:22:26.0960249Z Adding repository directory to the temporary git global config as a safe directory
2024-11-18T16:22:26.0963181Z [command]/usr/bin/git config --global --add safe.directory /home/runner/work/tinuous/tinuous
2024-11-18T16:22:26.1000827Z Deleting the contents of '/home/runner/work/tinuous/tinuous'
2024-11-18T16:22:26.1004264Z ##[group]Initializing the repository
2024-11-18T16:22:26.1008783Z [command]/usr/bin/git init /home/runner/work/tinuous/tinuous
2024-11-18T16:22:26.1081924Z hint: Using 'master' as the name for the initial branch. This default branch name
2024-11-18T16:22:26.1083739Z hint: is subject to change. To configure the initial branch name to use in all
2024-11-18T16:22:26.1085266Z hint: of your new repositories, which will suppress this warning, call:
2024-11-18T16:22:26.1086541Z hint:
2024-11-18T16:22:26.1087554Z hint: 	git config --global init.defaultBranch <name>
2024-11-18T16:22:26.1088470Z hint:
2024-11-18T16:22:26.1089129Z hint: Names commonly chosen instead of 'master' are 'main', 'trunk' and
2024-11-18T16:22:26.1090176Z hint: 'development'. The just-created branch can be renamed via this command:
2024-11-18T16:22:26.1090845Z hint:
2024-11-18T16:22:26.1091230Z hint: 	git branch -m <name>
2024-11-18T16:22:26.1091949Z Initialized empty Git repository in /home/runner/work/tinuous/tinuous/.git/
2024-11-18T16:22:26.1098926Z [command]/usr/bin/git remote add origin https://github.com/con/tinuous
2024-11-18T16:22:26.1136381Z ##[endgroup]
2024-11-18T16:22:26.1137233Z ##[group]Disabling automatic garbage collection
2024-11-18T16:22:26.1140404Z [command]/usr/bin/git config --local gc.auto 0
2024-11-18T16:22:26.1169908Z ##[endgroup]
2024-11-18T16:22:26.1170635Z ##[group]Setting up auth
2024-11-18T16:22:26.1176378Z [command]/usr/bin/git config --local --name-only --get-regexp core\.sshCommand
2024-11-18T16:22:26.1207578Z [command]/usr/bin/git submodule foreach --recursive sh -c "git config --local --name-only --get-regexp 'core\.sshCommand' && git config --local --unset-all 'core.sshCommand' || :"
2024-11-18T16:22:26.1539025Z [command]/usr/bin/git config --local --name-only --get-regexp http\.https\:\/\/github\.com\/\.extraheader
2024-11-18T16:22:26.1579332Z [command]/usr/bin/git submodule foreach --recursive sh -c "git config --local --name-only --get-regexp 'http\.https\:\/\/github\.com\/\.extraheader' && git config --local --unset-all 'http.https://github.com/.extraheader' || :"
2024-11-18T16:22:26.1820483Z [command]/usr/bin/git config --local http.https://github.com/.extraheader AUTHORIZATION: basic ***
2024-11-18T16:22:26.1857427Z ##[endgroup]
2024-11-18T16:22:26.1858461Z ##[group]Fetching the repository
2024-11-18T16:22:26.1867735Z [command]/usr/bin/git -c protocol.version=2 fetch --prune --no-recurse-submodules origin +refs/heads/*:refs/remotes/origin/* +refs/tags/*:refs/tags/* +006832ded213d716d915eec64cd69c8c42c4fdf2:refs/remotes/pull/198/merge
2024-11-18T16:22:26.9495628Z From https://github.com/con/tinuous
2024-11-18T16:22:26.9497499Z  * [new branch]      dependabot/github_actions/codecov/codecov-action-5 -> origin/dependabot/github_actions/codecov/codecov-action-5
2024-11-18T16:22:26.9498845Z  * [new branch]      gh-55                                    -> origin/gh-55
2024-11-18T16:22:26.9500035Z  * [new branch]      master                                   -> origin/master
2024-11-18T16:22:26.9501155Z  * [new branch]      no-extra-search                          -> origin/no-extra-search
2024-11-18T16:22:26.9502140Z  * [new branch]      pragmata                                 -> origin/pragmata
2024-11-18T16:22:26.9503456Z  * [new branch]      test-appveyor                            -> origin/test-appveyor
2024-11-18T16:22:26.9504890Z  * [new tag]         0.1.0                                    -> 0.1.0
2024-11-18T16:22:26.9506301Z  * [new tag]         0.2.0                                    -> 0.2.0
2024-11-18T16:22:26.9508021Z  * [new tag]         0.3.0                                    -> 0.3.0
2024-11-18T16:22:26.9509509Z  * [new tag]         0.4.0                                    -> 0.4.0
2024-11-18T16:22:26.9510755Z  * [new tag]         0.5.0                                    -> 0.5.0
2024-11-18T16:22:26.9512315Z  * [new tag]         0.5.1                                    -> 0.5.1
2024-11-18T16:22:26.9513747Z  * [new tag]         0.5.2                                    -> 0.5.2
2024-11-18T16:22:26.9515161Z  * [new tag]         0.5.3                                    -> 0.5.3
2024-11-18T16:22:26.9516776Z  * [new tag]         0.5.4                                    -> 0.5.4
2024-11-18T16:22:26.9518218Z  * [new tag]         0.6.0                                    -> 0.6.0
2024-11-18T16:22:26.9519462Z  * [new tag]         0.6.1                                    -> 0.6.1
2024-11-18T16:22:26.9520942Z  * [new tag]         0.7.0                                    -> 0.7.0
2024-11-18T16:22:26.9524383Z  * [new ref]         006832ded213d716d915eec64cd69c8c42c4fdf2 -> pull/198/merge
2024-11-18T16:22:26.9557514Z ##[endgroup]
2024-11-18T16:22:26.9558260Z ##[group]Determining the checkout info
2024-11-18T16:22:26.9559254Z ##[endgroup]
2024-11-18T16:22:26.9564789Z [command]/usr/bin/git sparse-checkout disable
2024-11-18T16:22:26.9626976Z [command]/usr/bin/git config --local --unset-all extensions.worktreeConfig
2024-11-18T16:22:26.9658829Z ##[group]Checking out the ref
2024-11-18T16:22:26.9663396Z [command]/usr/bin/git checkout --progress --force refs/remotes/pull/198/merge
2024-11-18T16:22:26.9719646Z Note: switching to 'refs/remotes/pull/198/merge'.
2024-11-18T16:22:26.9720339Z 
2024-11-18T16:22:26.9720906Z You are in 'detached HEAD' state. You can look around, make experimental
2024-11-18T16:22:26.9721802Z changes and commit them, and you can discard any commits you make in this
2024-11-18T16:22:26.9723003Z state without impacting any branches by switching back to a branch.
2024-11-18T16:22:26.9724010Z 
2024-11-18T16:22:26.9724715Z If you want to create a new branch to retain commits you create, you may
2024-11-18T16:22:26.9727171Z do so (now or later) by using -c with the switch command. Example:
2024-11-18T16:22:26.9728091Z 
2024-11-18T16:22:26.9728597Z   git switch -c <new-branch-name>
2024-11-18T16:22:26.9729182Z 
2024-11-18T16:22:26.9729503Z Or undo this operation with:
2024-11-18T16:22:26.9730057Z 
2024-11-18T16:22:26.9730394Z   git switch -
2024-11-18T16:22:26.9730744Z 
2024-11-18T16:22:26.9731268Z Turn off this advice by setting config variable advice.detachedHead to false
2024-11-18T16:22:26.9732030Z 
2024-11-18T16:22:26.9732880Z HEAD is now at 006832d Merge aa318d398c215cff594609b657066e303defd562 into 103e18f985bc3095b023825d628014ded0d6d273
2024-11-18T16:22:26.9735668Z ##[endgroup]
2024-11-18T16:22:26.9771012Z [command]/usr/bin/git log -1 --format=%H
2024-11-18T16:22:26.9796262Z 006832ded213d716d915eec64cd69c8c42c4fdf2
2024-11-18T16:22:27.0112451Z ##[group]Run actions/setup-python@v5
2024-11-18T16:22:27.0112947Z with:
2024-11-18T16:22:27.0113400Z   python-version: pypy-3.8
2024-11-18T16:22:27.0113802Z   check-latest: false
2024-11-18T16:22:27.0114281Z   token: ***
2024-11-18T16:22:27.0114711Z   update-environment: true
2024-11-18T16:22:27.0115103Z   allow-prereleases: false
2024-11-18T16:22:27.0115514Z ##[endgroup]
2024-11-18T16:22:27.1765494Z ##[group]Installed versions
2024-11-18T16:22:27.2130356Z Successfully set up PyPy 7.3.11 with Python (3.8.16)
2024-11-18T16:22:27.2132147Z ##[endgroup]
2024-11-18T16:22:27.2276661Z ##[group]Run python -m pip install --upgrade pip wheel
2024-11-18T16:22:27.2277406Z [36;1mpython -m pip install --upgrade pip wheel[0m
2024-11-18T16:22:27.2278172Z [36;1mpython -m pip install --upgrade --upgrade-strategy=eager tox[0m
2024-11-18T16:22:27.2377986Z shell: /usr/bin/bash -e {0}
2024-11-18T16:22:27.2378600Z env:
2024-11-18T16:22:27.2379053Z   pythonLocation: /opt/hostedtoolcache/PyPy/3.8.16/x64
2024-11-18T16:22:27.2379632Z   Python_ROOT_DIR: /opt/hostedtoolcache/PyPy/3.8.16/x64
2024-11-18T16:22:27.2380303Z   Python2_ROOT_DIR: /opt/hostedtoolcache/PyPy/3.8.16/x64
2024-11-18T16:22:27.2380906Z   Python3_ROOT_DIR: /opt/hostedtoolcache/PyPy/3.8.16/x64
2024-11-18T16:22:27.2381577Z   PKG_CONFIG_PATH: /opt/hostedtoolcache/PyPy/3.8.16/x64/bin/lib/pkgconfig
2024-11-18T16:22:27.2382202Z ##[endgroup]
2024-11-18T16:22:33.1137579Z Requirement already satisfied: pip in /opt/hostedtoolcache/PyPy/3.8.16/x64/lib/pypy3.8/site-packages (22.0.4)
2024-11-18T16:22:33.3898026Z Collecting pip
2024-11-18T16:22:33.4266356Z   Downloading pip-24.3.1-py3-none-any.whl.metadata (3.7 kB)
2024-11-18T16:22:33.5529746Z Collecting wheel
2024-11-18T16:22:33.5704497Z   Downloading wheel-0.45.0-py3-none-any.whl.metadata (2.3 kB)
2024-11-18T16:22:33.5953181Z Downloading pip-24.3.1-py3-none-any.whl (1.8 MB)
2024-11-18T16:22:33.6631210Z    â”â”â”â”â”â”â”â”â”â”â”â”â”â”â”â”â”â”â”â”â”â”â”â”â”â”â”â”â”â”â”â”â”â”â”â”â”â”â”â” 1.8/1.8 MB 46.7 MB/s eta 0:00:00
2024-11-18T16:22:33.6776497Z Downloading wheel-0.45.0-py3-none-any.whl (72 kB)
2024-11-18T16:22:33.8031885Z Installing collected packages: wheel, pip
2024-11-18T16:22:33.8923722Z   Attempting uninstall: pip
2024-11-18T16:22:33.8937719Z     Found existing installation: pip 22.0.4
2024-11-18T16:22:34.0653438Z     Uninstalling pip-22.0.4:
2024-11-18T16:22:34.1869651Z       Successfully uninstalled pip-22.0.4
2024-11-18T16:22:35.3832309Z Successfully installed pip-24.3.1 wheel-0.45.0
2024-11-18T16:22:36.7116967Z Collecting tox
2024-11-18T16:22:36.7502917Z   Downloading tox-4.23.2-py3-none-any.whl.metadata (3.7 kB)
2024-11-18T16:22:36.8097690Z Collecting cachetools>=5.5 (from tox)
2024-11-18T16:22:36.8261487Z   Downloading cachetools-5.5.0-py3-none-any.whl.metadata (5.3 kB)
2024-11-18T16:22:36.8594606Z Collecting chardet>=5.2 (from tox)
2024-11-18T16:22:36.8780586Z   Downloading chardet-5.2.0-py3-none-any.whl.metadata (3.4 kB)
2024-11-18T16:22:36.9301733Z Collecting colorama>=0.4.6 (from tox)
2024-11-18T16:22:36.9456434Z   Downloading colorama-0.4.6-py2.py3-none-any.whl.metadata (17 kB)
2024-11-18T16:22:37.0027200Z Collecting filelock>=3.16.1 (from tox)
2024-11-18T16:22:37.0171084Z   Downloading filelock-3.16.1-py3-none-any.whl.metadata (2.9 kB)
2024-11-18T16:22:37.0798546Z Collecting packaging>=24.1 (from tox)
2024-11-18T16:22:37.0924994Z   Downloading packaging-24.2-py3-none-any.whl.metadata (3.2 kB)
2024-11-18T16:22:37.1451966Z Collecting platformdirs>=4.3.6 (from tox)
2024-11-18T16:22:37.1577995Z   Downloading platformdirs-4.3.6-py3-none-any.whl.metadata (11 kB)
2024-11-18T16:22:37.2067264Z Collecting pluggy>=1.5 (from tox)
2024-11-18T16:22:37.2193583Z   Downloading pluggy-1.5.0-py3-none-any.whl.metadata (4.8 kB)
2024-11-18T16:22:37.2587921Z Collecting pyproject-api>=1.8 (from tox)
2024-11-18T16:22:37.2734969Z   Downloading pyproject_api-1.8.0-py3-none-any.whl.metadata (2.7 kB)
2024-11-18T16:22:37.3133422Z Collecting tomli>=2.0.1 (from tox)
2024-11-18T16:22:37.3272463Z   Downloading tomli-2.1.0-py3-none-any.whl.metadata (10.0 kB)
2024-11-18T16:22:37.3789628Z Collecting typing-extensions>=4.12.2 (from tox)
2024-11-18T16:22:37.3915287Z   Downloading typing_extensions-4.12.2-py3-none-any.whl.metadata (3.0 kB)
2024-11-18T16:22:37.6344526Z Collecting virtualenv>=20.26.6 (from tox)
2024-11-18T16:22:37.6475672Z   Downloading virtualenv-20.27.1-py3-none-any.whl.metadata (4.5 kB)
2024-11-18T16:22:37.7067041Z Collecting distlib<1,>=0.3.7 (from virtualenv>=20.26.6->tox)
2024-11-18T16:22:37.7226131Z   Downloading distlib-0.3.9-py2.py3-none-any.whl.metadata (5.2 kB)
2024-11-18T16:22:37.7524128Z Downloading tox-4.23.2-py3-none-any.whl (166 kB)
2024-11-18T16:22:37.7865840Z Downloading cachetools-5.5.0-py3-none-any.whl (9.5 kB)
2024-11-18T16:22:37.8023847Z Downloading chardet-5.2.0-py3-none-any.whl (199 kB)
2024-11-18T16:22:37.8260563Z Downloading colorama-0.4.6-py2.py3-none-any.whl (25 kB)
2024-11-18T16:22:37.8415859Z Downloading filelock-3.16.1-py3-none-any.whl (16 kB)
2024-11-18T16:22:37.8585269Z Downloading packaging-24.2-py3-none-any.whl (65 kB)
2024-11-18T16:22:37.8747502Z Downloading platformdirs-4.3.6-py3-none-any.whl (18 kB)
2024-11-18T16:22:37.8913097Z Downloading pluggy-1.5.0-py3-none-any.whl (20 kB)
2024-11-18T16:22:37.9074257Z Downloading pyproject_api-1.8.0-py3-none-any.whl (13 kB)
2024-11-18T16:22:37.9231093Z Downloading tomli-2.1.0-py3-none-any.whl (13 kB)
2024-11-18T16:22:37.9379474Z Downloading typing_extensions-4.12.2-py3-none-any.whl (37 kB)
2024-11-18T16:22:37.9546368Z Downloading virtualenv-20.27.1-py3-none-any.whl (3.1 MB)
2024-11-18T16:22:37.9970888Z    â”â”â”â”â”â”â”â”â”â”â”â”â”â”â”â”â”â”â”â”â”â”â”â”â”â”â”â”â”â”â”â”â”â”â”â”â”â”â”â” 3.1/3.1 MB 86.5 MB/s eta 0:00:00
2024-11-18T16:22:38.0096528Z Downloading distlib-0.3.9-py2.py3-none-any.whl (468 kB)
2024-11-18T16:22:38.1492129Z Installing collected packages: distlib, typing-extensions, tomli, pluggy, platformdirs, packaging, filelock, colorama, chardet, cachetools, virtualenv, pyproject-api, tox
2024-11-18T16:22:39.1920595Z Successfully installed cachetools-5.5.0 chardet-5.2.0 colorama-0.4.6 distlib-0.3.9 filelock-3.16.1 packaging-24.2 platformdirs-4.3.6 pluggy-1.5.0 pyproject-api-1.8.0 tomli-2.1.0 tox-4.23.2 typing-extensions-4.12.2 virtualenv-20.27.1
2024-11-18T16:22:39.2150861Z ##[group]Run tox -e py -- --cov-report=xml
2024-11-18T16:22:39.2151410Z [36;1mtox -e py -- --cov-report=xml[0m
2024-11-18T16:22:39.2210137Z shell: /usr/bin/bash -e {0}
2024-11-18T16:22:39.2210643Z env:
2024-11-18T16:22:39.2211067Z   pythonLocation: /opt/hostedtoolcache/PyPy/3.8.16/x64
2024-11-18T16:22:39.2211635Z   Python_ROOT_DIR: /opt/hostedtoolcache/PyPy/3.8.16/x64
2024-11-18T16:22:39.2212285Z   Python2_ROOT_DIR: /opt/hostedtoolcache/PyPy/3.8.16/x64
2024-11-18T16:22:39.2212805Z   Python3_ROOT_DIR: /opt/hostedtoolcache/PyPy/3.8.16/x64
2024-11-18T16:22:39.2213423Z   PKG_CONFIG_PATH: /opt/hostedtoolcache/PyPy/3.8.16/x64/bin/lib/pkgconfig
2024-11-18T16:22:39.2214062Z ##[endgroup]
2024-11-18T16:22:40.6391574Z py: install_deps> python -I -m pip install pytest pytest-cov pytest-mock
2024-11-18T16:22:44.4449694Z .pkg: install_requires> python -I -m pip install 'setuptools>=46.4.0' versioningit
2024-11-18T16:22:46.8615891Z .pkg: _optional_hooks> python /opt/hostedtoolcache/PyPy/3.8.16/x64/lib/pypy3.8/site-packages/pyproject_api/_backend.py True setuptools.build_meta
2024-11-18T16:22:47.3811872Z .pkg: get_requires_for_build_sdist> python /opt/hostedtoolcache/PyPy/3.8.16/x64/lib/pypy3.8/site-packages/pyproject_api/_backend.py True setuptools.build_meta
2024-11-18T16:22:47.9879116Z .pkg: get_requires_for_build_wheel> python /opt/hostedtoolcache/PyPy/3.8.16/x64/lib/pypy3.8/site-packages/pyproject_api/_backend.py True setuptools.build_meta
2024-11-18T16:22:48.5765397Z .pkg: freeze> python -m pip freeze --all
2024-11-18T16:22:49.0867590Z .pkg: cffi==1.15.1,greenlet==0.4.13,hpy==0.0.4.dev179+g9b5d200,importlib_metadata==8.5.0,packaging==24.2,pip==24.3.1,readline==6.2.4.1,setuptools==75.2.0,tomli==2.1.0,versioningit==3.1.2,wheel==0.44.0,zipp==3.20.2
2024-11-18T16:22:49.0877163Z .pkg: prepare_metadata_for_build_wheel> python /opt/hostedtoolcache/PyPy/3.8.16/x64/lib/pypy3.8/site-packages/pyproject_api/_backend.py True setuptools.build_meta
2024-11-18T16:22:49.7948394Z .pkg: build_sdist> python /opt/hostedtoolcache/PyPy/3.8.16/x64/lib/pypy3.8/site-packages/pyproject_api/_backend.py True setuptools.build_meta
2024-11-18T16:22:50.4195965Z py: install_package_deps> python -I -m pip install 'PyYAML>=5.0' 'click-loglevel~=0.2' 'click>=7.0' 'ghtoken~=0.1' 'in-place~=1.0' 'pydantic~=2.0' 'python-dateutil~=2.7' 'python-dotenv<2.0,>=0.11' 'requests~=2.20' 'typing-extensions; python_version < "3.9"'
2024-11-18T16:24:35.2359525Z py: install_package> python -I -m pip install --force-reinstall --no-deps /home/runner/work/tinuous/tinuous/.tox/.tmp/package/1/tinuous-0.7.0.post2+g006832d.tar.gz
2024-11-18T16:24:41.2719644Z py: freeze> python -m pip freeze --all
2024-11-18T16:24:41.8617449Z py: annotated-types==0.7.0,certifi==2024.8.30,cffi==1.15.1,charset-normalizer==3.4.0,click==8.1.7,click-loglevel==0.5.0,coverage==7.6.1,exceptiongroup==1.2.2,ghtoken==0.1.2,greenlet==0.4.13,hpy==0.0.4.dev179+g9b5d200,idna==3.10,in-place==1.0.0,iniconfig==2.0.0,packaging==24.2,pip==24.3.1,pluggy==1.5.0,pydantic==2.9.2,pydantic_core==2.23.4,pytest==8.3.3,pytest-cov==5.0.0,pytest-mock==3.14.0,python-dateutil==2.9.0.post0,python-dotenv==1.0.1,PyYAML==6.0.2,readline==6.2.4.1,requests==2.32.3,ruamel.yaml==0.18.6,setuptools==75.2.0,six==1.16.0,tinuous @ file:///home/runner/work/tinuous/tinuous/.tox/.tmp/package/1/tinuous-0.7.0.post2%2Bg006832d.tar.gz#sha256=9c53482ee0cccc2a16d63f5f03bdfdb17be596a66b4aa1e566e06a40fe50f44b,tomli==2.1.0,typing_extensions==4.12.2,urllib3==2.2.3,wheel==0.44.0
2024-11-18T16:24:41.8623041Z py: commands[0]> tinuous --help
2024-11-18T16:24:42.7333438Z Usage: tinuous [OPTIONS] COMMAND [ARGS]...
2024-11-18T16:24:42.7334060Z 
2024-11-18T16:24:42.7334619Z   Download build logs from GitHub Actions, Travis, Appveyor, and CircleCI
2024-11-18T16:24:42.7335755Z 
2024-11-18T16:24:42.7335916Z Options:
2024-11-18T16:24:42.7336832Z   -V, --version                   Show the version and exit.
2024-11-18T16:24:42.7337976Z   -c, --config FILE               Read configuration from the given file
2024-11-18T16:24:42.7339021Z                                   [default: tinuous.yaml]
2024-11-18T16:24:42.7339697Z   -E, --env FILE                  Load environment variables from given .env
2024-11-18T16:24:42.7340289Z                                   file
2024-11-18T16:24:42.7340956Z   -l, --log-level [NOTSET|DEBUG|INFO|WARNING|ERROR|CRITICAL]
2024-11-18T16:24:42.7341589Z                                   Set logging level  [default: INFO]
2024-11-18T16:24:42.7342190Z   --help                          Show this message and exit.
2024-11-18T16:24:42.7342568Z 
2024-11-18T16:24:42.7342763Z Commands:
2024-11-18T16:24:42.7343097Z   fetch         Download logs
2024-11-18T16:24:42.7343633Z   fetch-commit  Download logs for a specific commit
2024-11-18T16:24:42.7344172Z   sanitize      Sanitize secrets in logs
2024-11-18T16:24:42.7435263Z py: commands[1]> pytest --cov-report=xml test
2024-11-18T16:24:47.5983959Z ============================= test session starts ==============================
2024-11-18T16:24:47.5985907Z platform linux -- Python 3.8.16[pypy-7.3.11-final], pytest-8.3.3, pluggy-1.5.0
2024-11-18T16:24:47.5987266Z cachedir: .tox/py/.pytest_cache
2024-11-18T16:24:47.5989527Z rootdir: /home/runner/work/tinuous/tinuous
2024-11-18T16:24:47.5990492Z configfile: tox.ini
2024-11-18T16:24:47.5991347Z plugins: cov-5.0.0, mock-3.14.0
2024-11-18T16:24:47.6051026Z collected 64 items
2024-11-18T16:24:47.6051356Z 
2024-11-18T16:24:47.7286516Z test/test_base.py .........                                              [ 14%]
2024-11-18T16:24:47.8306222Z test/test_config.py ........                                             [ 26%]
2024-11-18T16:24:48.0185361Z test/test_state.py ........                                              [ 39%]
2024-11-18T16:24:49.5257055Z test/test_util.py .......................................                [100%]
2024-11-18T16:24:49.5257715Z 
2024-11-18T16:24:49.5258896Z ---------- coverage: platform linux, python 3.8.16-final-0 -----------
2024-11-18T16:24:49.5259925Z Coverage XML written to file coverage.xml
2024-11-18T16:24:49.5260618Z 
2024-11-18T16:24:49.5260628Z 
2024-11-18T16:24:49.5260966Z ============================== 64 passed in 5.47s ==============================
2024-11-18T16:24:49.5421689Z   py: OK (129.62=setup[121.94]+cmd[0.88,6.80] seconds)
2024-11-18T16:24:49.5422319Z   congratulations :) (129.89 seconds)
2024-11-18T16:24:49.5716925Z ##[group]Run codecov/codecov-action@v5
2024-11-18T16:24:49.5717468Z with:
2024-11-18T16:24:49.5717805Z   fail_ci_if_error: false
2024-11-18T16:24:49.5718532Z   token: ***
2024-11-18T16:24:49.5718924Z   name: pypy-3.8
2024-11-18T16:24:49.5719296Z   disable_file_fixes: false
2024-11-18T16:24:49.5719673Z   disable_search: false
2024-11-18T16:24:49.5720136Z   disable_safe_directory: false
2024-11-18T16:24:49.5720506Z   dry_run: false
2024-11-18T16:24:49.5720845Z   git_service: github
2024-11-18T16:24:49.5721275Z   gcov_executable: gcov
2024-11-18T16:24:49.5721729Z   handle_no_reports_found: false
2024-11-18T16:24:49.5722101Z   skip_validation: false
2024-11-18T16:24:49.5722562Z   use_legacy_upload_endpoint: false
2024-11-18T16:24:49.5722970Z   use_oidc: false
2024-11-18T16:24:49.5723378Z   verbose: false
2024-11-18T16:24:49.5723699Z   version: latest
2024-11-18T16:24:49.5724033Z env:
2024-11-18T16:24:49.5724506Z   pythonLocation: /opt/hostedtoolcache/PyPy/3.8.16/x64
2024-11-18T16:24:49.5725177Z   Python_ROOT_DIR: /opt/hostedtoolcache/PyPy/3.8.16/x64
2024-11-18T16:24:49.5725723Z   Python2_ROOT_DIR: /opt/hostedtoolcache/PyPy/3.8.16/x64
2024-11-18T16:24:49.5726697Z   Python3_ROOT_DIR: /opt/hostedtoolcache/PyPy/3.8.16/x64
2024-11-18T16:24:49.5727365Z   PKG_CONFIG_PATH: /opt/hostedtoolcache/PyPy/3.8.16/x64/bin/lib/pkgconfig
2024-11-18T16:24:49.5728175Z ##[endgroup]
2024-11-18T16:24:49.5997052Z ##[group]Run git config --global --add safe.directory /home/runner/work/tinuous/tinuous
2024-11-18T16:24:49.5997926Z [36;1mgit config --global --add safe.directory /home/runner/work/tinuous/tinuous[0m
2024-11-18T16:24:49.6058788Z shell: /usr/bin/bash --noprofile --norc -e -o pipefail {0}
2024-11-18T16:24:49.6059417Z env:
2024-11-18T16:24:49.6059969Z   pythonLocation: /opt/hostedtoolcache/PyPy/3.8.16/x64
2024-11-18T16:24:49.6060523Z   Python_ROOT_DIR: /opt/hostedtoolcache/PyPy/3.8.16/x64
2024-11-18T16:24:49.6061106Z   Python2_ROOT_DIR: /opt/hostedtoolcache/PyPy/3.8.16/x64
2024-11-18T16:24:49.6061769Z   Python3_ROOT_DIR: /opt/hostedtoolcache/PyPy/3.8.16/x64
2024-11-18T16:24:49.6062406Z   PKG_CONFIG_PATH: /opt/hostedtoolcache/PyPy/3.8.16/x64/bin/lib/pkgconfig
2024-11-18T16:24:49.6062938Z ##[endgroup]
2024-11-18T16:24:49.6209271Z ##[group]Run if [ false == 'true' ];
2024-11-18T16:24:49.6209849Z [36;1mif [ false == 'true' ];[0m
2024-11-18T16:24:49.6210325Z [36;1mthen[0m
2024-11-18T16:24:49.6210697Z [36;1m  # {"count":1984,"value":"***"}[0m
2024-11-18T16:24:49.6211731Z [36;1m  CC_TOKEN=$(curl -H "Authorization: bearer $ACTIONS_ID_TOKEN_REQUEST_TOKEN" "$ACTIONS_ID_TOKEN_REQUEST_URL&audience=api://AzureADTokenExchange" | cut -d\' -f6)[0m
2024-11-18T16:24:49.6212710Z [36;1m  echo "CC_TOKEN=$CC_TOKEN" >> "$GITHUB_ENV"[0m
2024-11-18T16:24:49.6213195Z [36;1melse[0m
2024-11-18T16:24:49.6213731Z [36;1m  if [ -n *** ];[0m
2024-11-18T16:24:49.6214112Z [36;1m  then[0m
2024-11-18T16:24:49.6214623Z [36;1m    CC_TOKEN=***[0m
2024-11-18T16:24:49.6215045Z [36;1m    echo "CC_TOKEN=$CC_TOKEN" >> "$GITHUB_ENV"[0m
2024-11-18T16:24:49.6215533Z [36;1m  fi[0m
2024-11-18T16:24:49.6215924Z [36;1mfi[0m
2024-11-18T16:24:49.6273714Z shell: /usr/bin/bash --noprofile --norc -e -o pipefail {0}
2024-11-18T16:24:49.6274340Z env:
2024-11-18T16:24:49.6274759Z   pythonLocation: /opt/hostedtoolcache/PyPy/3.8.16/x64
2024-11-18T16:24:49.6275292Z   Python_ROOT_DIR: /opt/hostedtoolcache/PyPy/3.8.16/x64
2024-11-18T16:24:49.6275970Z   Python2_ROOT_DIR: /opt/hostedtoolcache/PyPy/3.8.16/x64
2024-11-18T16:24:49.6276545Z   Python3_ROOT_DIR: /opt/hostedtoolcache/PyPy/3.8.16/x64
2024-11-18T16:24:49.6277169Z   PKG_CONFIG_PATH: /opt/hostedtoolcache/PyPy/3.8.16/x64/bin/lib/pkgconfig
2024-11-18T16:24:49.6277766Z ##[endgroup]
2024-11-18T16:24:49.6399654Z ##[group]Run if [ -z "$CC_BRANCH" ] && [ -z "$CC_TOKEN" ] && [ "${GITHUB_EVENT_PULL_REQUEST_REPO_FULL_NAME}" != "$GITHUB_REPOSITORY" ];
2024-11-18T16:24:49.6400988Z [36;1mif [ -z "$CC_BRANCH" ] && [ -z "$CC_TOKEN" ] && [ "${GITHUB_EVENT_PULL_REQUEST_REPO_FULL_NAME}" != "$GITHUB_REPOSITORY" ];[0m
2024-11-18T16:24:49.6401690Z [36;1mthen[0m
2024-11-18T16:24:49.6402205Z [36;1m  echo -e "\033[0;32m==>\033[0m Fork detected, tokenless uploading used"[0m
2024-11-18T16:24:49.6403072Z [36;1m  TOKENLESS="$GITHUB_EVENT_PULL_REQUEST_HEAD_LABEL"[0m
2024-11-18T16:24:49.6403689Z [36;1m  CC_BRANCH="$GITHUB_EVENT_PULL_REQUEST_HEAD_LABEL"[0m
2024-11-18T16:24:49.6404283Z [36;1m  echo "TOKENLESS=$TOKENLESS" >> "$GITHUB_ENV"[0m
2024-11-18T16:24:49.6404846Z [36;1mfi[0m
2024-11-18T16:24:49.6405178Z [36;1m[0m
2024-11-18T16:24:49.6405572Z [36;1mecho "CC_BRANCH=$CC_BRANCH" >> "$GITHUB_ENV"[0m
2024-11-18T16:24:49.6463804Z shell: /usr/bin/bash --noprofile --norc -e -o pipefail {0}
2024-11-18T16:24:49.6464343Z env:
2024-11-18T16:24:49.6464853Z   pythonLocation: /opt/hostedtoolcache/PyPy/3.8.16/x64
2024-11-18T16:24:49.6465403Z   Python_ROOT_DIR: /opt/hostedtoolcache/PyPy/3.8.16/x64
2024-11-18T16:24:49.6465984Z   Python2_ROOT_DIR: /opt/hostedtoolcache/PyPy/3.8.16/x64
2024-11-18T16:24:49.6466629Z   Python3_ROOT_DIR: /opt/hostedtoolcache/PyPy/3.8.16/x64
2024-11-18T16:24:49.6467369Z   PKG_CONFIG_PATH: /opt/hostedtoolcache/PyPy/3.8.16/x64/bin/lib/pkgconfig
2024-11-18T16:24:49.6468104Z   CC_TOKEN: ***
2024-11-18T16:24:49.6468409Z   CC_BRANCH: 
2024-11-18T16:24:49.6468986Z   GITHUB_EVENT_PULL_REQUEST_HEAD_LABEL: con:dependabot/github_actions/codecov/codecov-action-5
2024-11-18T16:24:49.6469952Z   GITHUB_EVENT_PULL_REQUEST_REPO_FULL_NAME: 
2024-11-18T16:24:49.6470434Z   GITHUB_REPOSITORY: con/tinuous
2024-11-18T16:24:49.6470789Z ##[endgroup]
2024-11-18T16:24:49.6592486Z ##[group]Run if [ -z "$CC_SHA" ];
2024-11-18T16:24:49.6593006Z [36;1mif [ -z "$CC_SHA" ];[0m
2024-11-18T16:24:49.6593416Z [36;1mthen[0m
2024-11-18T16:24:49.6593787Z [36;1m  CC_SHA="$GITHUB_EVENT_PULL_REQUEST_HEAD_SHA"[0m
2024-11-18T16:24:49.6594322Z [36;1mfi[0m
2024-11-18T16:24:49.6594809Z [36;1mif [ -z "$CC_PR" ] && [ "${GITHUB_EVENT_NAME}" == "pull_request_target" ];[0m
2024-11-18T16:24:49.6595354Z [36;1mthen[0m
2024-11-18T16:24:49.6595751Z [36;1m  CC_PR="$GITHUB_EVENT_NUMBER"[0m
2024-11-18T16:24:49.6596179Z [36;1mfi[0m
2024-11-18T16:24:49.6596487Z [36;1m[0m
2024-11-18T16:24:49.6596923Z [36;1mecho "CC_SHA=$CC_SHA" >> "$GITHUB_ENV"[0m
2024-11-18T16:24:49.6597374Z [36;1mecho "CC_PR=$CC_PR" >> "$GITHUB_ENV"[0m
2024-11-18T16:24:49.6657126Z shell: /usr/bin/bash --noprofile --norc -e -o pipefail {0}
2024-11-18T16:24:49.6657830Z env:
2024-11-18T16:24:49.6658499Z   pythonLocation: /opt/hostedtoolcache/PyPy/3.8.16/x64
2024-11-18T16:24:49.6659355Z   Python_ROOT_DIR: /opt/hostedtoolcache/PyPy/3.8.16/x64
2024-11-18T16:24:49.6660162Z   Python2_ROOT_DIR: /opt/hostedtoolcache/PyPy/3.8.16/x64
2024-11-18T16:24:49.6661021Z   Python3_ROOT_DIR: /opt/hostedtoolcache/PyPy/3.8.16/x64
2024-11-18T16:24:49.6661961Z   PKG_CONFIG_PATH: /opt/hostedtoolcache/PyPy/3.8.16/x64/bin/lib/pkgconfig
2024-11-18T16:24:49.6662927Z   CC_TOKEN: ***
2024-11-18T16:24:49.6663551Z   CC_BRANCH: 
2024-11-18T16:24:49.6664035Z   CC_PR: 
2024-11-18T16:24:49.6664453Z   CC_SHA: 
2024-11-18T16:24:49.6665084Z   GITHUB_EVENT_NAME: pull_request
2024-11-18T16:24:49.6665738Z   GITHUB_EVENT_NUMBER: 198
2024-11-18T16:24:49.6666533Z   GITHUB_EVENT_PULL_REQUEST_HEAD_SHA: aa318d398c215cff594609b657066e303defd562
2024-11-18T16:24:49.6667552Z ##[endgroup]
2024-11-18T16:24:49.6793052Z ##[group]Run ${GITHUB_ACTION_PATH}/dist/codecov.sh
2024-11-18T16:24:49.6793694Z [36;1m${GITHUB_ACTION_PATH}/dist/codecov.sh[0m
2024-11-18T16:24:49.6848846Z shell: /usr/bin/bash --noprofile --norc -e -o pipefail {0}
2024-11-18T16:24:49.6849555Z env:
2024-11-18T16:24:49.6849928Z   pythonLocation: /opt/hostedtoolcache/PyPy/3.8.16/x64
2024-11-18T16:24:49.6850503Z   Python_ROOT_DIR: /opt/hostedtoolcache/PyPy/3.8.16/x64
2024-11-18T16:24:49.6851167Z   Python2_ROOT_DIR: /opt/hostedtoolcache/PyPy/3.8.16/x64
2024-11-18T16:24:49.6851750Z   Python3_ROOT_DIR: /opt/hostedtoolcache/PyPy/3.8.16/x64
2024-11-18T16:24:49.6852454Z   PKG_CONFIG_PATH: /opt/hostedtoolcache/PyPy/3.8.16/x64/bin/lib/pkgconfig
2024-11-18T16:24:49.6853306Z   CC_TOKEN: ***
2024-11-18T16:24:49.6853660Z   CC_BRANCH: 
2024-11-18T16:24:49.6854143Z   CC_SHA: aa318d398c215cff594609b657066e303defd562
2024-11-18T16:24:49.6854597Z   CC_PR: 
2024-11-18T16:24:49.6854868Z   CC_BINARY: 
2024-11-18T16:24:49.6855259Z   CC_BUILD: 
2024-11-18T16:24:49.6855645Z   CC_BUILD_URL: 
2024-11-18T16:24:49.6855937Z   CC_CODE: 
2024-11-18T16:24:49.6856389Z   CC_DIR: 
2024-11-18T16:24:49.6856724Z   CC_DISABLE_FILE_FIXES: false
2024-11-18T16:24:49.6857139Z   CC_DISABLE_SEARCH: false
2024-11-18T16:24:49.6857582Z   CC_DRY_RUN: false
2024-11-18T16:24:49.6857938Z   CC_ENTERPRISE_URL: 
2024-11-18T16:24:49.6858304Z   CC_ENV: 
2024-11-18T16:24:49.6858649Z   CC_EXCLUDES: 
2024-11-18T16:24:49.6858987Z   CC_FAIL_ON_ERROR: false
2024-11-18T16:24:49.6859362Z   CC_FILES: 
2024-11-18T16:24:49.6859830Z   CC_FLAGS: 
2024-11-18T16:24:49.6860110Z   CC_GCOV_ARGS: 
2024-11-18T16:24:49.6860468Z   CC_GCOV_EXECUTABLE: gcov
2024-11-18T16:24:49.6860896Z   CC_GCOV_IGNORE: 
2024-11-18T16:24:49.6861244Z   CC_GCOV_INCLUDE: 
2024-11-18T16:24:49.6861559Z   CC_GIT_SERVICE: github
2024-11-18T16:24:49.6862006Z   CC_HANDLE_NO_REPORTS_FOUND: false
2024-11-18T16:24:49.6862431Z   CC_JOB_CODE: 
2024-11-18T16:24:49.6862727Z   CC_LEGACY: false
2024-11-18T16:24:49.6863128Z   CC_NAME: pypy-3.8
2024-11-18T16:24:49.6863493Z   CC_NETWORK_FILTER: 
2024-11-18T16:24:49.6863911Z   CC_NETWORK_PREFIX: 
2024-11-18T16:24:49.6864517Z   CC_NETWORK_ROOT_FOLDER: 
2024-11-18T16:24:49.6864892Z   CC_OS: 
2024-11-18T16:24:49.6865205Z   CC_PARENT_SHA: 
2024-11-18T16:24:49.6865623Z   CC_PLUGINS: 
2024-11-18T16:24:49.6865912Z   CC_REPORT_TYPE: 
2024-11-18T16:24:49.6866261Z   CC_SKIP_VALIDATION: false
2024-11-18T16:24:49.6866712Z   CC_SLUG: 
2024-11-18T16:24:49.6866994Z   CC_SWIFT_PROJECT: 
2024-11-18T16:24:49.6867343Z   CC_VERBOSE: false
2024-11-18T16:24:49.6867769Z   CC_VERSION: latest
2024-11-18T16:24:49.6868109Z   CC_YML_PATH: 
2024-11-18T16:24:49.6868472Z ##[endgroup]
2024-11-18T16:24:49.6987278Z      _____          _
2024-11-18T16:24:49.6988006Z     / ____|        | |
2024-11-18T16:24:49.6988424Z    | |     ___   __| | ___  ___ _____   __
2024-11-18T16:24:49.6989070Z    | |    / _ \ / _` |/ _ \/ __/ _ \ \ / /
2024-11-18T16:24:49.6989492Z    | |___| (_) | (_| |  __/ (_| (_) \ V /
2024-11-18T16:24:49.6989939Z     \_____\___/ \__,_|\___|\___\___/ \_/
2024-11-18T16:24:49.6990719Z                            [0;31m Wrapper-0.0.24[0m
2024-11-18T16:24:49.6991197Z                                   
2024-11-18T16:24:49.7053472Z [0;32m==>[0m Detected [0;36mlinux[0m
2024-11-18T16:24:49.7054412Z [0;32m ->[0m Downloading [0;36mhttps://cli.codecov.io/latest/linux/codecov[0m
2024-11-18T16:24:50.6695183Z [0;32m==>[0m Finishing downloading [0;36mlinux:latest[0m
2024-11-18T16:24:50.8484035Z       Version: [0;36mv9.0.4[0m
2024-11-18T16:24:50.8484812Z  
2024-11-18T16:24:51.2244775Z gpg: directory '/home/runner/.gnupg' created
2024-11-18T16:24:51.2247253Z gpg: keybox '/home/runner/.gnupg/pubring.kbx' created
2024-11-18T16:24:51.2267263Z gpg: /home/runner/.gnupg/trustdb.gpg: trustdb created
2024-11-18T16:24:51.2268655Z gpg: key 806BB28AED779869: public key "Codecov Uploader (Codecov Uploader Verification Key) <security@codecov.io>" imported
2024-11-18T16:24:51.2539540Z gpg: Total number processed: 1
2024-11-18T16:24:51.2540439Z gpg:               imported: 1
2024-11-18T16:24:51.2547010Z [0;32m==>[0m Verifying GPG signature integrity
2024-11-18T16:24:51.2547850Z [0;32m ->[0m Downloading [0;36mhttps://cli.codecov.io/latest/linux/codecov.SHA256SUM[0m
2024-11-18T16:24:51.2548851Z [0;32m ->[0m Downloading [0;36mhttps://cli.codecov.io/latest/linux/codecov.SHA256SUM.sig[0m
2024-11-18T16:24:51.2549804Z  
2024-11-18T16:24:51.6181754Z gpg: Signature made Fri Nov 15 18:59:14 2024 UTC
2024-11-18T16:24:51.6182739Z gpg:                using RSA key 27034E7FDB850E0BBC2C62FF806BB28AED779869
2024-11-18T16:24:51.6184596Z gpg: Good signature from "Codecov Uploader (Codecov Uploader Verification Key) <security@codecov.io>" [unknown]
2024-11-18T16:24:51.6186193Z gpg: WARNING: This key is not certified with a trusted signature!
2024-11-18T16:24:51.6187139Z gpg:          There is no indication that the signature belongs to the owner.
2024-11-18T16:24:51.6188163Z Primary key fingerprint: 2703 4E7F DB85 0E0B BC2C  62FF 806B B28A ED77 9869
2024-11-18T16:24:51.7781867Z codecov: OK
2024-11-18T16:24:51.7791777Z [0;32m==>[0m CLI integrity verified
2024-11-18T16:24:51.7792293Z 
2024-11-18T16:24:51.8545246Z [0;32m ->[0m Token of length 36 detected
2024-11-18T16:24:51.8546288Z [0;32m==>[0m Running create-commit
2024-11-18T16:24:51.8554867Z       [0;36m./codecov  create-commit -t <redacted> --git-service github --sha aa318d398c215cff594609b657066e303defd562[0m
2024-11-18T16:24:52.5284875Z info - 2024-11-18 16:24:52,528 -- ci service found: github-actions
2024-11-18T16:24:53.2094792Z info - 2024-11-18 16:24:53,208 -- Process Commit creating complete
2024-11-18T16:24:53.2843571Z  
2024-11-18T16:24:53.2844325Z [0;32m==>[0m Running create-report
2024-11-18T16:24:53.2854497Z       [0;36m./codecov  create-report -t <redacted> --git-service github --sha aa318d398c215cff594609b657066e303defd562[0m
2024-11-18T16:24:53.9524184Z info - 2024-11-18 16:24:53,952 -- ci service found: github-actions
2024-11-18T16:24:54.6020368Z info - 2024-11-18 16:24:54,601 -- Process Report creating complete
2024-11-18T16:24:54.6021532Z info - 2024-11-18 16:24:54,601 -- Finished creating report successfully --- {"response": "{\"status\":\"queued\"}\n"}
2024-11-18T16:24:54.6680077Z  
2024-11-18T16:24:54.6681063Z [0;32m==>[0m Running do-upload
2024-11-18T16:24:54.6691487Z       [0;36m./codecov  do-upload -t <redacted>  --gcov-executable gcov  --git-service github  --name pypy-3.8  --sha aa318d398c215cff594609b657066e303defd562[0m
2024-11-18T16:24:55.3360692Z info - 2024-11-18 16:24:55,335 -- ci service found: github-actions
2024-11-18T16:24:55.3463061Z warning - 2024-11-18 16:24:55,346 -- xcrun is not installed or can't be found.
2024-11-18T16:24:55.3912622Z warning - 2024-11-18 16:24:55,391 -- No gcov data found.
2024-11-18T16:24:55.3914555Z warning - 2024-11-18 16:24:55,391 -- coverage.py is not installed or can't be found.
2024-11-18T16:24:55.4011984Z info - 2024-11-18 16:24:55,400 -- Found 1 coverage files to report
2024-11-18T16:24:55.4013478Z info - 2024-11-18 16:24:55,401 -- > /home/runner/work/tinuous/tinuous/coverage.xml
2024-11-18T16:24:55.8947580Z info - 2024-11-18 16:24:55,894 -- Your upload is now processing. When finished, results will be available at: https://app.codecov.io/github/con/tinuous/commit/aa318d398c215cff594609b657066e303defd562
2024-11-18T16:24:56.1785510Z info - 2024-11-18 16:24:56,178 -- Process Upload complete
2024-11-18T16:24:56.2817565Z Post job cleanup.
2024-11-18T16:24:56.4367934Z Post job cleanup.
2024-11-18T16:24:56.5339681Z [command]/usr/bin/git version
2024-11-18T16:24:56.5377063Z git version 2.47.0
2024-11-18T16:24:56.5415607Z Copying '/home/runner/.gitconfig' to '/home/runner/work/_temp/ef1eae28-e9eb-4759-974f-64df16aa488f/.gitconfig'
2024-11-18T16:24:56.5425422Z Temporarily overriding HOME='/home/runner/work/_temp/ef1eae28-e9eb-4759-974f-64df16aa488f' before making global git config changes
2024-11-18T16:24:56.5427433Z Adding repository directory to the temporary git global config as a safe directory
2024-11-18T16:24:56.5432150Z [command]/usr/bin/git config --global --add safe.directory /home/runner/work/tinuous/tinuous
2024-11-18T16:24:56.5474420Z [command]/usr/bin/git config --local --name-only --get-regexp core\.sshCommand
2024-11-18T16:24:56.5509818Z [command]/usr/bin/git submodule foreach --recursive sh -c "git config --local --name-only --get-regexp 'core\.sshCommand' && git config --local --unset-all 'core.sshCommand' || :"
2024-11-18T16:24:56.5777877Z [command]/usr/bin/git config --local --name-only --get-regexp http\.https\:\/\/github\.com\/\.extraheader
2024-11-18T16:24:56.5800536Z http.https://github.com/.extraheader
2024-11-18T16:24:56.5814952Z [command]/usr/bin/git config --local --unset-all http.https://github.com/.extraheader
2024-11-18T16:24:56.5851857Z [command]/usr/bin/git submodule foreach --recursive sh -c "git config --local --name-only --get-regexp 'http\.https\:\/\/github\.com\/\.extraheader' && git config --local --unset-all 'http.https://github.com/.extraheader' || :"
2024-11-18T16:24:56.6324053Z Cleaning up orphan processes
