2024-11-18T16:22:14.8593725Z Requested labels: ubuntu-latest
2024-11-18T16:22:14.8593992Z Job defined at: con/tinuous/.github/workflows/test.yml@refs/pull/198/merge
2024-11-18T16:22:14.8594074Z Waiting for a runner to pick up this job...
2024-11-18T16:22:17.2649217Z Job is waiting for a hosted runner to come online.
2024-11-18T16:22:19.1714499Z Job is about to start running on the hosted runner: GitHub Actions 6 (hosted)
2024-11-18T16:22:21.5942686Z Current runner version: '2.320.0'
2024-11-18T16:22:21.5967971Z ##[group]Operating System
2024-11-18T16:22:21.5968789Z Ubuntu
2024-11-18T16:22:21.5969105Z 22.04.5
2024-11-18T16:22:21.5969498Z LTS
2024-11-18T16:22:21.5969933Z ##[endgroup]
2024-11-18T16:22:21.5970301Z ##[group]Runner Image
2024-11-18T16:22:21.5970737Z Image: ubuntu-22.04
2024-11-18T16:22:21.5971209Z Version: 20241112.1.0
2024-11-18T16:22:21.5972215Z Included Software: https://github.com/actions/runner-images/blob/ubuntu22/20241112.1/images/ubuntu/Ubuntu2204-Readme.md
2024-11-18T16:22:21.5973603Z Image Release: https://github.com/actions/runner-images/releases/tag/ubuntu22%2F20241112.1
2024-11-18T16:22:21.5974560Z ##[endgroup]
2024-11-18T16:22:21.5974983Z ##[group]Runner Image Provisioner
2024-11-18T16:22:21.5975558Z 2.0.384.1
2024-11-18T16:22:21.5975867Z ##[endgroup]
2024-11-18T16:22:21.5993434Z ##[group]GITHUB_TOKEN Permissions
2024-11-18T16:22:21.5995235Z Actions: read
2024-11-18T16:22:21.5996007Z Attestations: read
2024-11-18T16:22:21.5996496Z Checks: read
2024-11-18T16:22:21.5996991Z Contents: read
2024-11-18T16:22:21.5997345Z Deployments: read
2024-11-18T16:22:21.5997770Z Discussions: read
2024-11-18T16:22:21.5998246Z Issues: read
2024-11-18T16:22:21.5998573Z Metadata: read
2024-11-18T16:22:21.5998960Z Packages: read
2024-11-18T16:22:21.5999416Z Pages: read
2024-11-18T16:22:21.5999773Z PullRequests: read
2024-11-18T16:22:21.6000150Z RepositoryProjects: read
2024-11-18T16:22:21.6000698Z SecurityEvents: read
2024-11-18T16:22:21.6001102Z Statuses: read
2024-11-18T16:22:21.6001460Z ##[endgroup]
2024-11-18T16:22:21.6005170Z Secret source: Dependabot
2024-11-18T16:22:21.6005848Z Prepare workflow directory
2024-11-18T16:22:21.6661931Z Prepare all required actions
2024-11-18T16:22:21.6827688Z Getting action download info
2024-11-18T16:22:21.9474704Z Download action repository 'actions/checkout@v4' (SHA:11bd71901bbe5b1630ceea73d27597364c9af683)
2024-11-18T16:22:22.0583485Z Download action repository 'actions/setup-python@v5' (SHA:0b93645e9fea7318ecaed2b359559ac225c90a2b)
2024-11-18T16:22:22.1422239Z Download action repository 'codecov/codecov-action@v5' (SHA:5c47607acb93fed5485fdbf7232e8a31425f672a)
2024-11-18T16:22:22.5047092Z Complete job name: test (pypy-3.10, py)
2024-11-18T16:22:22.6055036Z ##[group]Run actions/checkout@v4
2024-11-18T16:22:22.6055602Z with:
2024-11-18T16:22:22.6056000Z   fetch-depth: 0
2024-11-18T16:22:22.6056521Z   repository: con/tinuous
2024-11-18T16:22:22.6057274Z   token: ***
2024-11-18T16:22:22.6057647Z   ssh-strict: true
2024-11-18T16:22:22.6058129Z   ssh-user: git
2024-11-18T16:22:22.6058551Z   persist-credentials: true
2024-11-18T16:22:22.6059086Z   clean: true
2024-11-18T16:22:22.6059464Z   sparse-checkout-cone-mode: true
2024-11-18T16:22:22.6059979Z   fetch-tags: false
2024-11-18T16:22:22.6060456Z   show-progress: true
2024-11-18T16:22:22.6060826Z   lfs: false
2024-11-18T16:22:22.6061211Z   submodules: false
2024-11-18T16:22:22.6061675Z   set-safe-directory: true
2024-11-18T16:22:22.6062134Z ##[endgroup]
2024-11-18T16:22:22.8146315Z Syncing repository: con/tinuous
2024-11-18T16:22:22.8148817Z ##[group]Getting Git version info
2024-11-18T16:22:22.8150116Z Working directory is '/home/runner/work/tinuous/tinuous'
2024-11-18T16:22:22.8151463Z [command]/usr/bin/git version
2024-11-18T16:22:22.8156057Z git version 2.47.0
2024-11-18T16:22:22.8182565Z ##[endgroup]
2024-11-18T16:22:22.8197258Z Temporarily overriding HOME='/home/runner/work/_temp/c1568c27-1df7-4101-87a9-2bb625afe8b8' before making global git config changes
2024-11-18T16:22:22.8198937Z Adding repository directory to the temporary git global config as a safe directory
2024-11-18T16:22:22.8203066Z [command]/usr/bin/git config --global --add safe.directory /home/runner/work/tinuous/tinuous
2024-11-18T16:22:22.8242934Z Deleting the contents of '/home/runner/work/tinuous/tinuous'
2024-11-18T16:22:22.8247271Z ##[group]Initializing the repository
2024-11-18T16:22:22.8251175Z [command]/usr/bin/git init /home/runner/work/tinuous/tinuous
2024-11-18T16:22:22.8326516Z hint: Using 'master' as the name for the initial branch. This default branch name
2024-11-18T16:22:22.8329454Z hint: is subject to change. To configure the initial branch name to use in all
2024-11-18T16:22:22.8331375Z hint: of your new repositories, which will suppress this warning, call:
2024-11-18T16:22:22.8332835Z hint:
2024-11-18T16:22:22.8333788Z hint: 	git config --global init.defaultBranch <name>
2024-11-18T16:22:22.8334757Z hint:
2024-11-18T16:22:22.8335594Z hint: Names commonly chosen instead of 'master' are 'main', 'trunk' and
2024-11-18T16:22:22.8336749Z hint: 'development'. The just-created branch can be renamed via this command:
2024-11-18T16:22:22.8337558Z hint:
2024-11-18T16:22:22.8338054Z hint: 	git branch -m <name>
2024-11-18T16:22:22.8339071Z Initialized empty Git repository in /home/runner/work/tinuous/tinuous/.git/
2024-11-18T16:22:22.8345393Z [command]/usr/bin/git remote add origin https://github.com/con/tinuous
2024-11-18T16:22:22.8382011Z ##[endgroup]
2024-11-18T16:22:22.8382946Z ##[group]Disabling automatic garbage collection
2024-11-18T16:22:22.8385895Z [command]/usr/bin/git config --local gc.auto 0
2024-11-18T16:22:22.8417264Z ##[endgroup]
2024-11-18T16:22:22.8418166Z ##[group]Setting up auth
2024-11-18T16:22:22.8424345Z [command]/usr/bin/git config --local --name-only --get-regexp core\.sshCommand
2024-11-18T16:22:22.8458091Z [command]/usr/bin/git submodule foreach --recursive sh -c "git config --local --name-only --get-regexp 'core\.sshCommand' && git config --local --unset-all 'core.sshCommand' || :"
2024-11-18T16:22:22.8776547Z [command]/usr/bin/git config --local --name-only --get-regexp http\.https\:\/\/github\.com\/\.extraheader
2024-11-18T16:22:22.8819867Z [command]/usr/bin/git submodule foreach --recursive sh -c "git config --local --name-only --get-regexp 'http\.https\:\/\/github\.com\/\.extraheader' && git config --local --unset-all 'http.https://github.com/.extraheader' || :"
2024-11-18T16:22:22.9066458Z [command]/usr/bin/git config --local http.https://github.com/.extraheader AUTHORIZATION: basic ***
2024-11-18T16:22:22.9104560Z ##[endgroup]
2024-11-18T16:22:22.9105576Z ##[group]Fetching the repository
2024-11-18T16:22:22.9114649Z [command]/usr/bin/git -c protocol.version=2 fetch --prune --no-recurse-submodules origin +refs/heads/*:refs/remotes/origin/* +refs/tags/*:refs/tags/* +006832ded213d716d915eec64cd69c8c42c4fdf2:refs/remotes/pull/198/merge
2024-11-18T16:22:23.2615367Z From https://github.com/con/tinuous
2024-11-18T16:22:23.2617944Z  * [new branch]      dependabot/github_actions/codecov/codecov-action-5 -> origin/dependabot/github_actions/codecov/codecov-action-5
2024-11-18T16:22:23.2619590Z  * [new branch]      gh-55                                    -> origin/gh-55
2024-11-18T16:22:23.2620397Z  * [new branch]      master                                   -> origin/master
2024-11-18T16:22:23.2621973Z  * [new branch]      no-extra-search                          -> origin/no-extra-search
2024-11-18T16:22:23.2623467Z  * [new branch]      pragmata                                 -> origin/pragmata
2024-11-18T16:22:23.2624959Z  * [new branch]      test-appveyor                            -> origin/test-appveyor
2024-11-18T16:22:23.2625889Z  * [new tag]         0.1.0                                    -> 0.1.0
2024-11-18T16:22:23.2626534Z  * [new tag]         0.2.0                                    -> 0.2.0
2024-11-18T16:22:23.2629798Z  * [new tag]         0.3.0                                    -> 0.3.0
2024-11-18T16:22:23.2631039Z  * [new tag]         0.4.0                                    -> 0.4.0
2024-11-18T16:22:23.2632081Z  * [new tag]         0.5.0                                    -> 0.5.0
2024-11-18T16:22:23.2633347Z  * [new tag]         0.5.1                                    -> 0.5.1
2024-11-18T16:22:23.2634658Z  * [new tag]         0.5.2                                    -> 0.5.2
2024-11-18T16:22:23.2635797Z  * [new tag]         0.5.3                                    -> 0.5.3
2024-11-18T16:22:23.2636900Z  * [new tag]         0.5.4                                    -> 0.5.4
2024-11-18T16:22:23.2638516Z  * [new tag]         0.6.0                                    -> 0.6.0
2024-11-18T16:22:23.2639194Z  * [new tag]         0.6.1                                    -> 0.6.1
2024-11-18T16:22:23.2640095Z  * [new tag]         0.7.0                                    -> 0.7.0
2024-11-18T16:22:23.2641711Z  * [new ref]         006832ded213d716d915eec64cd69c8c42c4fdf2 -> pull/198/merge
2024-11-18T16:22:23.2678570Z ##[endgroup]
2024-11-18T16:22:23.2679632Z ##[group]Determining the checkout info
2024-11-18T16:22:23.2680746Z ##[endgroup]
2024-11-18T16:22:23.2686138Z [command]/usr/bin/git sparse-checkout disable
2024-11-18T16:22:23.2726315Z [command]/usr/bin/git config --local --unset-all extensions.worktreeConfig
2024-11-18T16:22:23.2755558Z ##[group]Checking out the ref
2024-11-18T16:22:23.2759950Z [command]/usr/bin/git checkout --progress --force refs/remotes/pull/198/merge
2024-11-18T16:22:23.2817266Z Note: switching to 'refs/remotes/pull/198/merge'.
2024-11-18T16:22:23.2817932Z 
2024-11-18T16:22:23.2818428Z You are in 'detached HEAD' state. You can look around, make experimental
2024-11-18T16:22:23.2819125Z changes and commit them, and you can discard any commits you make in this
2024-11-18T16:22:23.2820066Z state without impacting any branches by switching back to a branch.
2024-11-18T16:22:23.2820840Z 
2024-11-18T16:22:23.2821455Z If you want to create a new branch to retain commits you create, you may
2024-11-18T16:22:23.2822964Z do so (now or later) by using -c with the switch command. Example:
2024-11-18T16:22:23.2823718Z 
2024-11-18T16:22:23.2824224Z   git switch -c <new-branch-name>
2024-11-18T16:22:23.2824753Z 
2024-11-18T16:22:23.2825014Z Or undo this operation with:
2024-11-18T16:22:23.2825503Z 
2024-11-18T16:22:23.2825708Z   git switch -
2024-11-18T16:22:23.2825999Z 
2024-11-18T16:22:23.2826707Z Turn off this advice by setting config variable advice.detachedHead to false
2024-11-18T16:22:23.2827466Z 
2024-11-18T16:22:23.2828306Z HEAD is now at 006832d Merge aa318d398c215cff594609b657066e303defd562 into 103e18f985bc3095b023825d628014ded0d6d273
2024-11-18T16:22:23.2831078Z ##[endgroup]
2024-11-18T16:22:23.2868831Z [command]/usr/bin/git log -1 --format=%H
2024-11-18T16:22:23.2892863Z 006832ded213d716d915eec64cd69c8c42c4fdf2
2024-11-18T16:22:23.3222837Z ##[group]Run actions/setup-python@v5
2024-11-18T16:22:23.3223321Z with:
2024-11-18T16:22:23.3223807Z   python-version: pypy-3.10
2024-11-18T16:22:23.3224203Z   check-latest: false
2024-11-18T16:22:23.3224803Z   token: ***
2024-11-18T16:22:23.3225226Z   update-environment: true
2024-11-18T16:22:23.3225614Z   allow-prereleases: false
2024-11-18T16:22:23.3226063Z ##[endgroup]
2024-11-18T16:22:23.4827261Z ##[group]Installed versions
2024-11-18T16:22:23.5131030Z Successfully set up PyPy 7.3.17 with Python (3.10.14)
2024-11-18T16:22:23.5132594Z ##[endgroup]
2024-11-18T16:22:23.5282831Z ##[group]Run python -m pip install --upgrade pip wheel
2024-11-18T16:22:23.5283678Z [36;1mpython -m pip install --upgrade pip wheel[0m
2024-11-18T16:22:23.5284354Z [36;1mpython -m pip install --upgrade --upgrade-strategy=eager tox[0m
2024-11-18T16:22:23.5383971Z shell: /usr/bin/bash -e {0}
2024-11-18T16:22:23.5384428Z env:
2024-11-18T16:22:23.5385009Z   pythonLocation: /opt/hostedtoolcache/PyPy/3.10.14/x64
2024-11-18T16:22:23.5385620Z   Python_ROOT_DIR: /opt/hostedtoolcache/PyPy/3.10.14/x64
2024-11-18T16:22:23.5386181Z   Python2_ROOT_DIR: /opt/hostedtoolcache/PyPy/3.10.14/x64
2024-11-18T16:22:23.5386843Z   Python3_ROOT_DIR: /opt/hostedtoolcache/PyPy/3.10.14/x64
2024-11-18T16:22:23.5387427Z   PKG_CONFIG_PATH: /opt/hostedtoolcache/PyPy/3.10.14/x64/bin/lib/pkgconfig
2024-11-18T16:22:23.5387985Z ##[endgroup]
2024-11-18T16:22:29.4133733Z Requirement already satisfied: pip in /opt/hostedtoolcache/PyPy/3.10.14/x64/lib/pypy3.10/site-packages (23.0.1)
2024-11-18T16:22:29.6789447Z Collecting pip
2024-11-18T16:22:29.7277323Z   Downloading pip-24.3.1-py3-none-any.whl.metadata (3.7 kB)
2024-11-18T16:22:29.8169388Z Collecting wheel
2024-11-18T16:22:29.8278168Z   Downloading wheel-0.45.0-py3-none-any.whl.metadata (2.3 kB)
2024-11-18T16:22:29.8477183Z Downloading pip-24.3.1-py3-none-any.whl (1.8 MB)
2024-11-18T16:22:29.9123770Z    ━━━━━━━━━━━━━━━━━━━━━━━━━━━━━━━━━━━━━━━━ 1.8/1.8 MB 37.9 MB/s eta 0:00:00
2024-11-18T16:22:29.9376071Z Downloading wheel-0.45.0-py3-none-any.whl (72 kB)
2024-11-18T16:22:30.0589858Z Installing collected packages: wheel, pip
2024-11-18T16:22:30.1279009Z   Attempting uninstall: pip
2024-11-18T16:22:30.1293786Z     Found existing installation: pip 23.0.1
2024-11-18T16:22:30.2961353Z     Uninstalling pip-23.0.1:
2024-11-18T16:22:30.3968830Z       Successfully uninstalled pip-23.0.1
2024-11-18T16:22:31.5974488Z Successfully installed pip-24.3.1 wheel-0.45.0
2024-11-18T16:22:32.9511612Z Collecting tox
2024-11-18T16:22:32.9962307Z   Downloading tox-4.23.2-py3-none-any.whl.metadata (3.7 kB)
2024-11-18T16:22:33.0465813Z Collecting cachetools>=5.5 (from tox)
2024-11-18T16:22:33.0588184Z   Downloading cachetools-5.5.0-py3-none-any.whl.metadata (5.3 kB)
2024-11-18T16:22:33.0858214Z Collecting chardet>=5.2 (from tox)
2024-11-18T16:22:33.1011562Z   Downloading chardet-5.2.0-py3-none-any.whl.metadata (3.4 kB)
2024-11-18T16:22:33.1405695Z Collecting colorama>=0.4.6 (from tox)
2024-11-18T16:22:33.1536284Z   Downloading colorama-0.4.6-py2.py3-none-any.whl.metadata (17 kB)
2024-11-18T16:22:33.2064177Z Collecting filelock>=3.16.1 (from tox)
2024-11-18T16:22:33.2186095Z   Downloading filelock-3.16.1-py3-none-any.whl.metadata (2.9 kB)
2024-11-18T16:22:33.2798886Z Collecting packaging>=24.1 (from tox)
2024-11-18T16:22:33.2916522Z   Downloading packaging-24.2-py3-none-any.whl.metadata (3.2 kB)
2024-11-18T16:22:33.3365404Z Collecting platformdirs>=4.3.6 (from tox)
2024-11-18T16:22:33.3479576Z   Downloading platformdirs-4.3.6-py3-none-any.whl.metadata (11 kB)
2024-11-18T16:22:33.4014726Z Collecting pluggy>=1.5 (from tox)
2024-11-18T16:22:33.4132618Z   Downloading pluggy-1.5.0-py3-none-any.whl.metadata (4.8 kB)
2024-11-18T16:22:33.4480960Z Collecting pyproject-api>=1.8 (from tox)
2024-11-18T16:22:33.4607662Z   Downloading pyproject_api-1.8.0-py3-none-any.whl.metadata (2.7 kB)
2024-11-18T16:22:33.4982137Z Collecting tomli>=2.0.1 (from tox)
2024-11-18T16:22:33.5094480Z   Downloading tomli-2.1.0-py3-none-any.whl.metadata (10.0 kB)
2024-11-18T16:22:33.5498106Z Collecting typing-extensions>=4.12.2 (from tox)
2024-11-18T16:22:33.5620449Z   Downloading typing_extensions-4.12.2-py3-none-any.whl.metadata (3.0 kB)
2024-11-18T16:22:33.7641680Z Collecting virtualenv>=20.26.6 (from tox)
2024-11-18T16:22:33.7755898Z   Downloading virtualenv-20.27.1-py3-none-any.whl.metadata (4.5 kB)
2024-11-18T16:22:33.8311084Z Collecting distlib<1,>=0.3.7 (from virtualenv>=20.26.6->tox)
2024-11-18T16:22:33.8421143Z   Downloading distlib-0.3.9-py2.py3-none-any.whl.metadata (5.2 kB)
2024-11-18T16:22:33.8702882Z Downloading tox-4.23.2-py3-none-any.whl (166 kB)
2024-11-18T16:22:33.9016355Z Downloading cachetools-5.5.0-py3-none-any.whl (9.5 kB)
2024-11-18T16:22:33.9169227Z Downloading chardet-5.2.0-py3-none-any.whl (199 kB)
2024-11-18T16:22:33.9329091Z Downloading colorama-0.4.6-py2.py3-none-any.whl (25 kB)
2024-11-18T16:22:33.9481594Z Downloading filelock-3.16.1-py3-none-any.whl (16 kB)
2024-11-18T16:22:33.9633750Z Downloading packaging-24.2-py3-none-any.whl (65 kB)
2024-11-18T16:22:33.9787529Z Downloading platformdirs-4.3.6-py3-none-any.whl (18 kB)
2024-11-18T16:22:33.9944210Z Downloading pluggy-1.5.0-py3-none-any.whl (20 kB)
2024-11-18T16:22:34.0099130Z Downloading pyproject_api-1.8.0-py3-none-any.whl (13 kB)
2024-11-18T16:22:34.0238447Z Downloading tomli-2.1.0-py3-none-any.whl (13 kB)
2024-11-18T16:22:34.0387035Z Downloading typing_extensions-4.12.2-py3-none-any.whl (37 kB)
2024-11-18T16:22:34.0569686Z Downloading virtualenv-20.27.1-py3-none-any.whl (3.1 MB)
2024-11-18T16:22:34.0978433Z    ━━━━━━━━━━━━━━━━━━━━━━━━━━━━━━━━━━━━━━━━ 3.1/3.1 MB 88.8 MB/s eta 0:00:00
2024-11-18T16:22:34.1088698Z Downloading distlib-0.3.9-py2.py3-none-any.whl (468 kB)
2024-11-18T16:22:34.2643536Z Installing collected packages: distlib, typing-extensions, tomli, pluggy, platformdirs, packaging, filelock, colorama, chardet, cachetools, virtualenv, pyproject-api, tox
2024-11-18T16:22:35.2843554Z Successfully installed cachetools-5.5.0 chardet-5.2.0 colorama-0.4.6 distlib-0.3.9 filelock-3.16.1 packaging-24.2 platformdirs-4.3.6 pluggy-1.5.0 pyproject-api-1.8.0 tomli-2.1.0 tox-4.23.2 typing-extensions-4.12.2 virtualenv-20.27.1
2024-11-18T16:22:35.3212983Z ##[group]Run tox -e py -- --cov-report=xml
2024-11-18T16:22:35.3213620Z [36;1mtox -e py -- --cov-report=xml[0m
2024-11-18T16:22:35.3271923Z shell: /usr/bin/bash -e {0}
2024-11-18T16:22:35.3272314Z env:
2024-11-18T16:22:35.3272723Z   pythonLocation: /opt/hostedtoolcache/PyPy/3.10.14/x64
2024-11-18T16:22:35.3273373Z   Python_ROOT_DIR: /opt/hostedtoolcache/PyPy/3.10.14/x64
2024-11-18T16:22:35.3273925Z   Python2_ROOT_DIR: /opt/hostedtoolcache/PyPy/3.10.14/x64
2024-11-18T16:22:35.3274476Z   Python3_ROOT_DIR: /opt/hostedtoolcache/PyPy/3.10.14/x64
2024-11-18T16:22:35.3275161Z   PKG_CONFIG_PATH: /opt/hostedtoolcache/PyPy/3.10.14/x64/bin/lib/pkgconfig
2024-11-18T16:22:35.3275736Z ##[endgroup]
2024-11-18T16:22:37.5941058Z py: install_deps> python -I -m pip install pytest pytest-cov pytest-mock
2024-11-18T16:22:41.2739114Z .pkg: install_requires> python -I -m pip install 'setuptools>=46.4.0' versioningit
2024-11-18T16:22:43.3142000Z .pkg: _optional_hooks> python /opt/hostedtoolcache/PyPy/3.10.14/x64/lib/pypy3.10/site-packages/pyproject_api/_backend.py True setuptools.build_meta
2024-11-18T16:22:43.7724180Z .pkg: get_requires_for_build_sdist> python /opt/hostedtoolcache/PyPy/3.10.14/x64/lib/pypy3.10/site-packages/pyproject_api/_backend.py True setuptools.build_meta
2024-11-18T16:22:44.2758765Z .pkg: get_requires_for_build_wheel> python /opt/hostedtoolcache/PyPy/3.10.14/x64/lib/pypy3.10/site-packages/pyproject_api/_backend.py True setuptools.build_meta
2024-11-18T16:22:44.7568267Z .pkg: freeze> python -m pip freeze --all
2024-11-18T16:22:45.2786734Z .pkg: cffi==1.17.0,greenlet==0.4.13,hpy==0.9.0,packaging==24.2,pip==24.3.1,readline==6.2.4.1,setuptools==75.2.0,tomli==2.1.0,versioningit==3.1.2,wheel==0.44.0
2024-11-18T16:22:45.2796181Z .pkg: prepare_metadata_for_build_wheel> python /opt/hostedtoolcache/PyPy/3.10.14/x64/lib/pypy3.10/site-packages/pyproject_api/_backend.py True setuptools.build_meta
2024-11-18T16:22:45.8720488Z .pkg: build_sdist> python /opt/hostedtoolcache/PyPy/3.10.14/x64/lib/pypy3.10/site-packages/pyproject_api/_backend.py True setuptools.build_meta
2024-11-18T16:22:46.3858408Z py: install_package_deps> python -I -m pip install 'PyYAML>=5.0' 'click-loglevel~=0.2' 'click>=7.0' 'ghtoken~=0.1' 'in-place~=1.0' 'pydantic~=2.0' 'python-dateutil~=2.7' 'python-dotenv<2.0,>=0.11' 'requests~=2.20' 'typing-extensions; python_version < "3.9"'
2024-11-18T16:23:07.2423563Z py: install_package> python -I -m pip install --force-reinstall --no-deps /home/runner/work/tinuous/tinuous/.tox/.tmp/package/1/tinuous-0.7.0.post2+g006832d.tar.gz
2024-11-18T16:23:12.9938229Z py: freeze> python -m pip freeze --all
2024-11-18T16:23:13.5844296Z py: annotated-types==0.7.0,certifi==2024.8.30,cffi==1.17.0,charset-normalizer==3.4.0,click==8.1.7,click-loglevel==0.5.0,coverage==7.6.7,exceptiongroup==1.2.2,ghtoken==0.1.2,greenlet==0.4.13,hpy==0.9.0,idna==3.10,in-place==1.0.0,iniconfig==2.0.0,packaging==24.2,pip==24.3.1,pluggy==1.5.0,pydantic==2.9.2,pydantic_core==2.23.4,pytest==8.3.3,pytest-cov==6.0.0,pytest-mock==3.14.0,python-dateutil==2.9.0.post0,python-dotenv==1.0.1,PyYAML==6.0.2,readline==6.2.4.1,requests==2.32.3,ruamel.yaml==0.18.6,setuptools==75.2.0,six==1.16.0,tinuous @ file:///home/runner/work/tinuous/tinuous/.tox/.tmp/package/1/tinuous-0.7.0.post2%2Bg006832d.tar.gz#sha256=4eb9706d3431843bdfd435618ca5b284f728bf209398c5dd43066ca7efeaade0,tomli==2.1.0,typing_extensions==4.12.2,urllib3==2.2.3,wheel==0.44.0
2024-11-18T16:23:13.5852613Z py: commands[0]> tinuous --help
2024-11-18T16:23:14.4723445Z Usage: tinuous [OPTIONS] COMMAND [ARGS]...
2024-11-18T16:23:14.4724029Z 
2024-11-18T16:23:14.4724467Z   Download build logs from GitHub Actions, Travis, Appveyor, and CircleCI
2024-11-18T16:23:14.4725593Z 
2024-11-18T16:23:14.4788544Z Options:
2024-11-18T16:23:14.4789520Z   -V, --version                   Show the version and exit.
2024-11-18T16:23:14.4792520Z   -c, --config FILE               Read configuration from the given file
2024-11-18T16:23:14.4793532Z                                   [default: tinuous.yaml]
2024-11-18T16:23:14.4795013Z   -E, --env FILE                  Load environment variables from given .env
2024-11-18T16:23:14.4796039Z                                   file
2024-11-18T16:23:14.4796860Z   -l, --log-level [NOTSET|DEBUG|INFO|WARNING|ERROR|CRITICAL]
2024-11-18T16:23:14.4797753Z                                   Set logging level  [default: INFO]
2024-11-18T16:23:14.4798848Z   --help                          Show this message and exit.
2024-11-18T16:23:14.4799372Z 
2024-11-18T16:23:14.4799605Z Commands:
2024-11-18T16:23:14.4799987Z   fetch         Download logs
2024-11-18T16:23:14.4800524Z   fetch-commit  Download logs for a specific commit
2024-11-18T16:23:14.4801043Z   sanitize      Sanitize secrets in logs
2024-11-18T16:23:14.4869452Z py: commands[1]> pytest --cov-report=xml test
2024-11-18T16:23:19.0195697Z ============================= test session starts ==============================
2024-11-18T16:23:19.0197919Z platform linux -- Python 3.10.14[pypy-7.3.17-final], pytest-8.3.3, pluggy-1.5.0
2024-11-18T16:23:19.0199137Z cachedir: .tox/py/.pytest_cache
2024-11-18T16:23:19.0199965Z rootdir: /home/runner/work/tinuous/tinuous
2024-11-18T16:23:19.0200652Z configfile: tox.ini
2024-11-18T16:23:19.0201316Z plugins: cov-6.0.0, mock-3.14.0
2024-11-18T16:23:19.0202345Z collected 64 items
2024-11-18T16:23:19.0202708Z 
2024-11-18T16:23:19.1392983Z test/test_base.py .........                                              [ 14%]
2024-11-18T16:23:19.2364478Z test/test_config.py ........                                             [ 26%]
2024-11-18T16:23:19.4008490Z test/test_state.py ........                                              [ 39%]
2024-11-18T16:23:20.7979102Z test/test_util.py .......................................                [100%]
2024-11-18T16:23:20.7979916Z 
2024-11-18T16:23:20.7980703Z ---------- coverage: platform linux, python 3.10.14-final-0 ----------
2024-11-18T16:23:20.7981638Z Coverage XML written to file coverage.xml
2024-11-18T16:23:20.7982393Z 
2024-11-18T16:23:20.7982403Z 
2024-11-18T16:23:20.7982841Z ============================== 64 passed in 5.10s ==============================
2024-11-18T16:23:20.8141392Z   py: OK (43.84=setup[36.61]+cmd[0.90,6.32] seconds)
2024-11-18T16:23:20.8142028Z   congratulations :) (44.99 seconds)
2024-11-18T16:23:20.8466763Z ##[group]Run codecov/codecov-action@v5
2024-11-18T16:23:20.8467326Z with:
2024-11-18T16:23:20.8467883Z   fail_ci_if_error: false
2024-11-18T16:23:20.8468457Z   token: ***
2024-11-18T16:23:20.8468791Z   name: pypy-3.10
2024-11-18T16:23:20.8469236Z   disable_file_fixes: false
2024-11-18T16:23:20.8469614Z   disable_search: false
2024-11-18T16:23:20.8469943Z   disable_safe_directory: false
2024-11-18T16:23:20.8470440Z   dry_run: false
2024-11-18T16:23:20.8470772Z   git_service: github
2024-11-18T16:23:20.8471099Z   gcov_executable: gcov
2024-11-18T16:23:20.8471648Z   handle_no_reports_found: false
2024-11-18T16:23:20.8472102Z   skip_validation: false
2024-11-18T16:23:20.8472560Z   use_legacy_upload_endpoint: false
2024-11-18T16:23:20.8473008Z   use_oidc: false
2024-11-18T16:23:20.8473332Z   verbose: false
2024-11-18T16:23:20.8473667Z   version: latest
2024-11-18T16:23:20.8474063Z env:
2024-11-18T16:23:20.8474421Z   pythonLocation: /opt/hostedtoolcache/PyPy/3.10.14/x64
2024-11-18T16:23:20.8475190Z   Python_ROOT_DIR: /opt/hostedtoolcache/PyPy/3.10.14/x64
2024-11-18T16:23:20.8475769Z   Python2_ROOT_DIR: /opt/hostedtoolcache/PyPy/3.10.14/x64
2024-11-18T16:23:20.8476279Z   Python3_ROOT_DIR: /opt/hostedtoolcache/PyPy/3.10.14/x64
2024-11-18T16:23:20.8476950Z   PKG_CONFIG_PATH: /opt/hostedtoolcache/PyPy/3.10.14/x64/bin/lib/pkgconfig
2024-11-18T16:23:20.8477513Z ##[endgroup]
2024-11-18T16:23:20.8812244Z ##[group]Run git config --global --add safe.directory /home/runner/work/tinuous/tinuous
2024-11-18T16:23:20.8813220Z [36;1mgit config --global --add safe.directory /home/runner/work/tinuous/tinuous[0m
2024-11-18T16:23:20.8874600Z shell: /usr/bin/bash --noprofile --norc -e -o pipefail {0}
2024-11-18T16:23:20.8875172Z env:
2024-11-18T16:23:20.8875656Z   pythonLocation: /opt/hostedtoolcache/PyPy/3.10.14/x64
2024-11-18T16:23:20.8876257Z   Python_ROOT_DIR: /opt/hostedtoolcache/PyPy/3.10.14/x64
2024-11-18T16:23:20.8876828Z   Python2_ROOT_DIR: /opt/hostedtoolcache/PyPy/3.10.14/x64
2024-11-18T16:23:20.8877395Z   Python3_ROOT_DIR: /opt/hostedtoolcache/PyPy/3.10.14/x64
2024-11-18T16:23:20.8878086Z   PKG_CONFIG_PATH: /opt/hostedtoolcache/PyPy/3.10.14/x64/bin/lib/pkgconfig
2024-11-18T16:23:20.8878625Z ##[endgroup]
2024-11-18T16:23:20.9026695Z ##[group]Run if [ false == 'true' ];
2024-11-18T16:23:20.9027180Z [36;1mif [ false == 'true' ];[0m
2024-11-18T16:23:20.9027619Z [36;1mthen[0m
2024-11-18T16:23:20.9028007Z [36;1m  # {"count":1984,"value":"***"}[0m
2024-11-18T16:23:20.9028974Z [36;1m  CC_TOKEN=$(curl -H "Authorization: bearer $ACTIONS_ID_TOKEN_REQUEST_TOKEN" "$ACTIONS_ID_TOKEN_REQUEST_URL&audience=api://AzureADTokenExchange" | cut -d\' -f6)[0m
2024-11-18T16:23:20.9030110Z [36;1m  echo "CC_TOKEN=$CC_TOKEN" >> "$GITHUB_ENV"[0m
2024-11-18T16:23:20.9030546Z [36;1melse[0m
2024-11-18T16:23:20.9031114Z [36;1m  if [ -n *** ];[0m
2024-11-18T16:23:20.9031565Z [36;1m  then[0m
2024-11-18T16:23:20.9032006Z [36;1m    CC_TOKEN=***[0m
2024-11-18T16:23:20.9032442Z [36;1m    echo "CC_TOKEN=$CC_TOKEN" >> "$GITHUB_ENV"[0m
2024-11-18T16:23:20.9032927Z [36;1m  fi[0m
2024-11-18T16:23:20.9033252Z [36;1mfi[0m
2024-11-18T16:23:20.9091528Z shell: /usr/bin/bash --noprofile --norc -e -o pipefail {0}
2024-11-18T16:23:20.9092010Z env:
2024-11-18T16:23:20.9092602Z   pythonLocation: /opt/hostedtoolcache/PyPy/3.10.14/x64
2024-11-18T16:23:20.9093173Z   Python_ROOT_DIR: /opt/hostedtoolcache/PyPy/3.10.14/x64
2024-11-18T16:23:20.9093710Z   Python2_ROOT_DIR: /opt/hostedtoolcache/PyPy/3.10.14/x64
2024-11-18T16:23:20.9094353Z   Python3_ROOT_DIR: /opt/hostedtoolcache/PyPy/3.10.14/x64
2024-11-18T16:23:20.9094968Z   PKG_CONFIG_PATH: /opt/hostedtoolcache/PyPy/3.10.14/x64/bin/lib/pkgconfig
2024-11-18T16:23:20.9095507Z ##[endgroup]
2024-11-18T16:23:20.9222248Z ##[group]Run if [ -z "$CC_BRANCH" ] && [ -z "$CC_TOKEN" ] && [ "${GITHUB_EVENT_PULL_REQUEST_REPO_FULL_NAME}" != "$GITHUB_REPOSITORY" ];
2024-11-18T16:23:20.9223568Z [36;1mif [ -z "$CC_BRANCH" ] && [ -z "$CC_TOKEN" ] && [ "${GITHUB_EVENT_PULL_REQUEST_REPO_FULL_NAME}" != "$GITHUB_REPOSITORY" ];[0m
2024-11-18T16:23:20.9224462Z [36;1mthen[0m
2024-11-18T16:23:20.9225068Z [36;1m  echo -e "\033[0;32m==>\033[0m Fork detected, tokenless uploading used"[0m
2024-11-18T16:23:20.9225840Z [36;1m  TOKENLESS="$GITHUB_EVENT_PULL_REQUEST_HEAD_LABEL"[0m
2024-11-18T16:23:20.9226814Z [36;1m  CC_BRANCH="$GITHUB_EVENT_PULL_REQUEST_HEAD_LABEL"[0m
2024-11-18T16:23:20.9227490Z [36;1m  echo "TOKENLESS=$TOKENLESS" >> "$GITHUB_ENV"[0m
2024-11-18T16:23:20.9228001Z [36;1mfi[0m
2024-11-18T16:23:20.9228310Z [36;1m[0m
2024-11-18T16:23:20.9228750Z [36;1mecho "CC_BRANCH=$CC_BRANCH" >> "$GITHUB_ENV"[0m
2024-11-18T16:23:20.9289479Z shell: /usr/bin/bash --noprofile --norc -e -o pipefail {0}
2024-11-18T16:23:20.9290142Z env:
2024-11-18T16:23:20.9290569Z   pythonLocation: /opt/hostedtoolcache/PyPy/3.10.14/x64
2024-11-18T16:23:20.9291143Z   Python_ROOT_DIR: /opt/hostedtoolcache/PyPy/3.10.14/x64
2024-11-18T16:23:20.9291760Z   Python2_ROOT_DIR: /opt/hostedtoolcache/PyPy/3.10.14/x64
2024-11-18T16:23:20.9292420Z   Python3_ROOT_DIR: /opt/hostedtoolcache/PyPy/3.10.14/x64
2024-11-18T16:23:20.9293075Z   PKG_CONFIG_PATH: /opt/hostedtoolcache/PyPy/3.10.14/x64/bin/lib/pkgconfig
2024-11-18T16:23:20.9293926Z   CC_TOKEN: ***
2024-11-18T16:23:20.9294260Z   CC_BRANCH: 
2024-11-18T16:23:20.9294776Z   GITHUB_EVENT_PULL_REQUEST_HEAD_LABEL: con:dependabot/github_actions/codecov/codecov-action-5
2024-11-18T16:23:20.9295810Z   GITHUB_EVENT_PULL_REQUEST_REPO_FULL_NAME: 
2024-11-18T16:23:20.9296295Z   GITHUB_REPOSITORY: con/tinuous
2024-11-18T16:23:20.9296696Z ##[endgroup]
2024-11-18T16:23:20.9427616Z ##[group]Run if [ -z "$CC_SHA" ];
2024-11-18T16:23:20.9428154Z [36;1mif [ -z "$CC_SHA" ];[0m
2024-11-18T16:23:20.9428509Z [36;1mthen[0m
2024-11-18T16:23:20.9428930Z [36;1m  CC_SHA="$GITHUB_EVENT_PULL_REQUEST_HEAD_SHA"[0m
2024-11-18T16:23:20.9429582Z [36;1mfi[0m
2024-11-18T16:23:20.9430082Z [36;1mif [ -z "$CC_PR" ] && [ "${GITHUB_EVENT_NAME}" == "pull_request_target" ];[0m
2024-11-18T16:23:20.9430588Z [36;1mthen[0m
2024-11-18T16:23:20.9431015Z [36;1m  CC_PR="$GITHUB_EVENT_NUMBER"[0m
2024-11-18T16:23:20.9431443Z [36;1mfi[0m
2024-11-18T16:23:20.9431779Z [36;1m[0m
2024-11-18T16:23:20.9432165Z [36;1mecho "CC_SHA=$CC_SHA" >> "$GITHUB_ENV"[0m
2024-11-18T16:23:20.9432667Z [36;1mecho "CC_PR=$CC_PR" >> "$GITHUB_ENV"[0m
2024-11-18T16:23:20.9490982Z shell: /usr/bin/bash --noprofile --norc -e -o pipefail {0}
2024-11-18T16:23:20.9491506Z env:
2024-11-18T16:23:20.9491901Z   pythonLocation: /opt/hostedtoolcache/PyPy/3.10.14/x64
2024-11-18T16:23:20.9492591Z   Python_ROOT_DIR: /opt/hostedtoolcache/PyPy/3.10.14/x64
2024-11-18T16:23:20.9493131Z   Python2_ROOT_DIR: /opt/hostedtoolcache/PyPy/3.10.14/x64
2024-11-18T16:23:20.9493687Z   Python3_ROOT_DIR: /opt/hostedtoolcache/PyPy/3.10.14/x64
2024-11-18T16:23:20.9494416Z   PKG_CONFIG_PATH: /opt/hostedtoolcache/PyPy/3.10.14/x64/bin/lib/pkgconfig
2024-11-18T16:23:20.9495241Z   CC_TOKEN: ***
2024-11-18T16:23:20.9495548Z   CC_BRANCH: 
2024-11-18T16:23:20.9495923Z   CC_PR: 
2024-11-18T16:23:20.9496223Z   CC_SHA: 
2024-11-18T16:23:20.9496620Z   GITHUB_EVENT_NAME: pull_request
2024-11-18T16:23:20.9496988Z   GITHUB_EVENT_NUMBER: 198
2024-11-18T16:23:20.9497503Z   GITHUB_EVENT_PULL_REQUEST_HEAD_SHA: aa318d398c215cff594609b657066e303defd562
2024-11-18T16:23:20.9498128Z ##[endgroup]
2024-11-18T16:23:20.9626050Z ##[group]Run ${GITHUB_ACTION_PATH}/dist/codecov.sh
2024-11-18T16:23:20.9626617Z [36;1m${GITHUB_ACTION_PATH}/dist/codecov.sh[0m
2024-11-18T16:23:20.9685618Z shell: /usr/bin/bash --noprofile --norc -e -o pipefail {0}
2024-11-18T16:23:20.9686184Z env:
2024-11-18T16:23:20.9686750Z   pythonLocation: /opt/hostedtoolcache/PyPy/3.10.14/x64
2024-11-18T16:23:20.9687292Z   Python_ROOT_DIR: /opt/hostedtoolcache/PyPy/3.10.14/x64
2024-11-18T16:23:20.9687876Z   Python2_ROOT_DIR: /opt/hostedtoolcache/PyPy/3.10.14/x64
2024-11-18T16:23:20.9688500Z   Python3_ROOT_DIR: /opt/hostedtoolcache/PyPy/3.10.14/x64
2024-11-18T16:23:20.9689136Z   PKG_CONFIG_PATH: /opt/hostedtoolcache/PyPy/3.10.14/x64/bin/lib/pkgconfig
2024-11-18T16:23:20.9690671Z   CC_TOKEN: ***
2024-11-18T16:23:20.9691346Z   CC_BRANCH: 
2024-11-18T16:23:20.9691834Z   CC_SHA: aa318d398c215cff594609b657066e303defd562
2024-11-18T16:23:20.9692370Z   CC_PR: 
2024-11-18T16:23:20.9692705Z   CC_BINARY: 
2024-11-18T16:23:20.9693030Z   CC_BUILD: 
2024-11-18T16:23:20.9693417Z   CC_BUILD_URL: 
2024-11-18T16:23:20.9693752Z   CC_CODE: 
2024-11-18T16:23:20.9694081Z   CC_DIR: 
2024-11-18T16:23:20.9694419Z   CC_DISABLE_FILE_FIXES: false
2024-11-18T16:23:20.9694956Z   CC_DISABLE_SEARCH: false
2024-11-18T16:23:20.9695316Z   CC_DRY_RUN: false
2024-11-18T16:23:20.9695631Z   CC_ENTERPRISE_URL: 
2024-11-18T16:23:20.9696031Z   CC_ENV: 
2024-11-18T16:23:20.9696330Z   CC_EXCLUDES: 
2024-11-18T16:23:20.9696670Z   CC_FAIL_ON_ERROR: false
2024-11-18T16:23:20.9697077Z   CC_FILES: 
2024-11-18T16:23:20.9697381Z   CC_FLAGS: 
2024-11-18T16:23:20.9697698Z   CC_GCOV_ARGS: 
2024-11-18T16:23:20.9698055Z   CC_GCOV_EXECUTABLE: gcov
2024-11-18T16:23:20.9698413Z   CC_GCOV_IGNORE: 
2024-11-18T16:23:20.9698760Z   CC_GCOV_INCLUDE: 
2024-11-18T16:23:20.9699149Z   CC_GIT_SERVICE: github
2024-11-18T16:23:20.9699499Z   CC_HANDLE_NO_REPORTS_FOUND: false
2024-11-18T16:23:20.9699890Z   CC_JOB_CODE: 
2024-11-18T16:23:20.9700267Z   CC_LEGACY: false
2024-11-18T16:23:20.9700579Z   CC_NAME: pypy-3.10
2024-11-18T16:23:20.9700925Z   CC_NETWORK_FILTER: 
2024-11-18T16:23:20.9701363Z   CC_NETWORK_PREFIX: 
2024-11-18T16:23:20.9701927Z   CC_NETWORK_ROOT_FOLDER: 
2024-11-18T16:23:20.9702239Z   CC_OS: 
2024-11-18T16:23:20.9702630Z   CC_PARENT_SHA: 
2024-11-18T16:23:20.9702960Z   CC_PLUGINS: 
2024-11-18T16:23:20.9703272Z   CC_REPORT_TYPE: 
2024-11-18T16:23:20.9703656Z   CC_SKIP_VALIDATION: false
2024-11-18T16:23:20.9704013Z   CC_SLUG: 
2024-11-18T16:23:20.9704319Z   CC_SWIFT_PROJECT: 
2024-11-18T16:23:20.9704699Z   CC_VERBOSE: false
2024-11-18T16:23:20.9705031Z   CC_VERSION: latest
2024-11-18T16:23:20.9705484Z   CC_YML_PATH: 
2024-11-18T16:23:20.9706028Z ##[endgroup]
2024-11-18T16:23:20.9826383Z      _____          _
2024-11-18T16:23:20.9827215Z     / ____|        | |
2024-11-18T16:23:20.9827829Z    | |     ___   __| | ___  ___ _____   __
2024-11-18T16:23:20.9828519Z    | |    / _ \ / _` |/ _ \/ __/ _ \ \ / /
2024-11-18T16:23:20.9829415Z    | |___| (_) | (_| |  __/ (_| (_) \ V /
2024-11-18T16:23:20.9829963Z     \_____\___/ \__,_|\___|\___\___/ \_/
2024-11-18T16:23:20.9830685Z                            [0;31m Wrapper-0.0.24[0m
2024-11-18T16:23:20.9831246Z                                   
2024-11-18T16:23:20.9885858Z [0;32m==>[0m Detected [0;36mlinux[0m
2024-11-18T16:23:20.9886804Z [0;32m ->[0m Downloading [0;36mhttps://cli.codecov.io/latest/linux/codecov[0m
2024-11-18T16:23:21.3992830Z [0;32m==>[0m Finishing downloading [0;36mlinux:latest[0m
2024-11-18T16:23:21.5228507Z       Version: [0;36mv9.0.4[0m
2024-11-18T16:23:21.5229488Z  
2024-11-18T16:23:21.6470700Z gpg: directory '/home/runner/.gnupg' created
2024-11-18T16:23:21.6514897Z gpg: keybox '/home/runner/.gnupg/pubring.kbx' created
2024-11-18T16:23:21.6632133Z gpg: /home/runner/.gnupg/trustdb.gpg: trustdb created
2024-11-18T16:23:21.6633307Z gpg: key 806BB28AED779869: public key "Codecov Uploader (Codecov Uploader Verification Key) <security@codecov.io>" imported
2024-11-18T16:23:21.7018848Z gpg: Total number processed: 1
2024-11-18T16:23:21.7023775Z gpg:               imported: 1
2024-11-18T16:23:21.7024802Z [0;32m==>[0m Verifying GPG signature integrity
2024-11-18T16:23:21.7026247Z [0;32m ->[0m Downloading [0;36mhttps://cli.codecov.io/latest/linux/codecov.SHA256SUM[0m
2024-11-18T16:23:21.7027621Z [0;32m ->[0m Downloading [0;36mhttps://cli.codecov.io/latest/linux/codecov.SHA256SUM.sig[0m
2024-11-18T16:23:21.7028327Z  
2024-11-18T16:23:21.9523384Z gpg: Signature made Fri Nov 15 18:59:14 2024 UTC
2024-11-18T16:23:21.9524203Z gpg:                using RSA key 27034E7FDB850E0BBC2C62FF806BB28AED779869
2024-11-18T16:23:21.9526490Z gpg: Good signature from "Codecov Uploader (Codecov Uploader Verification Key) <security@codecov.io>" [unknown]
2024-11-18T16:23:21.9528249Z gpg: WARNING: This key is not certified with a trusted signature!
2024-11-18T16:23:21.9529160Z gpg:          There is no indication that the signature belongs to the owner.
2024-11-18T16:23:21.9530800Z Primary key fingerprint: 2703 4E7F DB85 0E0B BC2C  62FF 806B B28A ED77 9869
2024-11-18T16:23:22.1006272Z codecov: OK
2024-11-18T16:23:22.1015967Z [0;32m==>[0m CLI integrity verified
2024-11-18T16:23:22.1016359Z 
2024-11-18T16:23:22.1760663Z [0;32m ->[0m Token of length 36 detected
2024-11-18T16:23:22.1761553Z [0;32m==>[0m Running create-commit
2024-11-18T16:23:22.1771826Z       [0;36m./codecov  create-commit -t <redacted> --git-service github --sha aa318d398c215cff594609b657066e303defd562[0m
2024-11-18T16:23:22.8548925Z info - 2024-11-18 16:23:22,854 -- ci service found: github-actions
2024-11-18T16:23:23.4648743Z info - 2024-11-18 16:23:23,464 -- Process Commit creating complete
2024-11-18T16:23:23.5428625Z  
2024-11-18T16:23:23.5429777Z [0;32m==>[0m Running create-report
2024-11-18T16:23:23.5440324Z       [0;36m./codecov  create-report -t <redacted> --git-service github --sha aa318d398c215cff594609b657066e303defd562[0m
2024-11-18T16:23:24.2294597Z info - 2024-11-18 16:23:24,229 -- ci service found: github-actions
2024-11-18T16:23:24.8622452Z info - 2024-11-18 16:23:24,861 -- Process Report creating complete
2024-11-18T16:23:24.8623563Z info - 2024-11-18 16:23:24,862 -- Finished creating report successfully --- {"response": "{\"status\":\"queued\"}\n"}
2024-11-18T16:23:24.9429873Z  
2024-11-18T16:23:24.9442759Z [0;32m==>[0m Running do-upload
2024-11-18T16:23:24.9444068Z       [0;36m./codecov  do-upload -t <redacted>  --gcov-executable gcov  --git-service github  --name pypy-3.10  --sha aa318d398c215cff594609b657066e303defd562[0m
2024-11-18T16:23:25.6277201Z info - 2024-11-18 16:23:25,627 -- ci service found: github-actions
2024-11-18T16:23:25.6391770Z warning - 2024-11-18 16:23:25,638 -- xcrun is not installed or can't be found.
2024-11-18T16:23:25.6842946Z warning - 2024-11-18 16:23:25,683 -- No gcov data found.
2024-11-18T16:23:25.6845025Z warning - 2024-11-18 16:23:25,684 -- coverage.py is not installed or can't be found.
2024-11-18T16:23:25.6941840Z info - 2024-11-18 16:23:25,693 -- Found 1 coverage files to report
2024-11-18T16:23:25.6943177Z info - 2024-11-18 16:23:25,694 -- > /home/runner/work/tinuous/tinuous/coverage.xml
2024-11-18T16:23:26.2809386Z info - 2024-11-18 16:23:26,280 -- Your upload is now processing. When finished, results will be available at: https://app.codecov.io/github/con/tinuous/commit/aa318d398c215cff594609b657066e303defd562
2024-11-18T16:23:26.4618190Z info - 2024-11-18 16:23:26,461 -- Process Upload complete
2024-11-18T16:23:26.5723800Z Post job cleanup.
2024-11-18T16:23:26.7272689Z Post job cleanup.
2024-11-18T16:23:26.8350190Z [command]/usr/bin/git version
2024-11-18T16:23:26.8390206Z git version 2.47.0
2024-11-18T16:23:26.8438266Z Copying '/home/runner/.gitconfig' to '/home/runner/work/_temp/91d3aead-22d6-4b7d-80a0-5a8d87df2960/.gitconfig'
2024-11-18T16:23:26.8449729Z Temporarily overriding HOME='/home/runner/work/_temp/91d3aead-22d6-4b7d-80a0-5a8d87df2960' before making global git config changes
2024-11-18T16:23:26.8451454Z Adding repository directory to the temporary git global config as a safe directory
2024-11-18T16:23:26.8455844Z [command]/usr/bin/git config --global --add safe.directory /home/runner/work/tinuous/tinuous
2024-11-18T16:23:26.8497259Z [command]/usr/bin/git config --local --name-only --get-regexp core\.sshCommand
2024-11-18T16:23:26.8534880Z [command]/usr/bin/git submodule foreach --recursive sh -c "git config --local --name-only --get-regexp 'core\.sshCommand' && git config --local --unset-all 'core.sshCommand' || :"
2024-11-18T16:23:26.8785764Z [command]/usr/bin/git config --local --name-only --get-regexp http\.https\:\/\/github\.com\/\.extraheader
2024-11-18T16:23:26.8810232Z http.https://github.com/.extraheader
2024-11-18T16:23:26.8824616Z [command]/usr/bin/git config --local --unset-all http.https://github.com/.extraheader
2024-11-18T16:23:26.8862453Z [command]/usr/bin/git submodule foreach --recursive sh -c "git config --local --name-only --get-regexp 'http\.https\:\/\/github\.com\/\.extraheader' && git config --local --unset-all 'http.https://github.com/.extraheader' || :"
2024-11-18T16:23:26.9315989Z Cleaning up orphan processes
