2023-05-10T19:13:28.2314298Z Requested labels: ubuntu-latest
2023-05-10T19:13:28.2314716Z Job defined at: con/tinuous/.github/workflows/test.yml@refs/heads/master
2023-05-10T19:13:28.2314869Z Waiting for a runner to pick up this job...
2023-05-10T19:13:29.9672072Z Job is waiting for a hosted runner to come online.
2023-05-10T19:15:11.2744262Z Job is about to start running on the hosted runner: GitHub Actions 7 (hosted)
2023-05-10T19:15:26.7547845Z Current runner version: '2.304.0'
2023-05-10T19:15:26.7579599Z ##[group]Operating System
2023-05-10T19:15:26.7580263Z Ubuntu
2023-05-10T19:15:26.7580728Z 22.04.2
2023-05-10T19:15:26.7581011Z LTS
2023-05-10T19:15:26.7581377Z ##[endgroup]
2023-05-10T19:15:26.7581768Z ##[group]Runner Image
2023-05-10T19:15:26.7582137Z Image: ubuntu-22.04
2023-05-10T19:15:26.7582566Z Version: 20230426.1
2023-05-10T19:15:26.7583714Z Included Software: https://github.com/actions/runner-images/blob/ubuntu22/20230426.1/images/linux/Ubuntu2204-Readme.md
2023-05-10T19:15:26.7584453Z Image Release: https://github.com/actions/runner-images/releases/tag/ubuntu22%2F20230426.1
2023-05-10T19:15:26.7585125Z ##[endgroup]
2023-05-10T19:15:26.7585742Z ##[group]Runner Image Provisioner
2023-05-10T19:15:26.7586205Z 2.0.171.1
2023-05-10T19:15:26.7586545Z ##[endgroup]
2023-05-10T19:15:26.7587883Z ##[group]GITHUB_TOKEN Permissions
2023-05-10T19:15:26.7588666Z Actions: write
2023-05-10T19:15:26.7589049Z Checks: write
2023-05-10T19:15:26.7589670Z Contents: write
2023-05-10T19:15:26.7590165Z Deployments: write
2023-05-10T19:15:26.7590844Z Discussions: write
2023-05-10T19:15:26.7591231Z Issues: write
2023-05-10T19:15:26.7591553Z Metadata: read
2023-05-10T19:15:26.7591937Z Packages: write
2023-05-10T19:15:26.7592368Z Pages: write
2023-05-10T19:15:26.7592718Z PullRequests: write
2023-05-10T19:15:26.7593147Z RepositoryProjects: write
2023-05-10T19:15:26.7593585Z SecurityEvents: write
2023-05-10T19:15:26.7594017Z Statuses: write
2023-05-10T19:15:26.7594364Z ##[endgroup]
2023-05-10T19:15:26.7598569Z Secret source: Actions
2023-05-10T19:15:26.7599164Z Prepare workflow directory
2023-05-10T19:15:26.8511365Z Prepare all required actions
2023-05-10T19:15:26.8741013Z Getting action download info
2023-05-10T19:15:27.1178219Z Download action repository 'actions/checkout@v3' (SHA:8e5e7e5ab8b370d6c329ec480221332ada57f0ab)
2023-05-10T19:15:27.8226823Z Download action repository 'actions/setup-python@v4' (SHA:57ded4d7d5e986d7296eab16560982c6dd7c923b)
2023-05-10T19:15:28.4457138Z Download action repository 'codecov/codecov-action@v3' (SHA:894ff025c7b54547a9a2a1e9f228beae737ad3c2)
2023-05-10T19:15:29.2000474Z Complete job name: test (3.8, lint)
2023-05-10T19:15:29.3371368Z ##[group]Run actions/checkout@v3
2023-05-10T19:15:29.3371716Z with:
2023-05-10T19:15:29.3371949Z   fetch-depth: 0
2023-05-10T19:15:29.3372215Z   repository: con/tinuous
2023-05-10T19:15:29.3372746Z   token: ***
2023-05-10T19:15:29.3372990Z   ssh-strict: true
2023-05-10T19:15:29.3373252Z   persist-credentials: true
2023-05-10T19:15:29.3373523Z   clean: true
2023-05-10T19:15:29.3373753Z   lfs: false
2023-05-10T19:15:29.3373987Z   submodules: false
2023-05-10T19:15:29.3374266Z   set-safe-directory: true
2023-05-10T19:15:29.3374537Z ##[endgroup]
2023-05-10T19:15:29.6383875Z Syncing repository: con/tinuous
2023-05-10T19:15:29.6385916Z ##[group]Getting Git version info
2023-05-10T19:15:29.6386490Z Working directory is '/home/runner/work/tinuous/tinuous'
2023-05-10T19:15:29.6387084Z [command]/usr/bin/git version
2023-05-10T19:15:29.6478580Z git version 2.40.1
2023-05-10T19:15:29.6509682Z ##[endgroup]
2023-05-10T19:15:29.6532755Z Temporarily overriding HOME='/home/runner/work/_temp/71583550-ed43-426f-9553-e472cae37813' before making global git config changes
2023-05-10T19:15:29.6535954Z Adding repository directory to the temporary git global config as a safe directory
2023-05-10T19:15:29.6536579Z [command]/usr/bin/git config --global --add safe.directory /home/runner/work/tinuous/tinuous
2023-05-10T19:15:29.6590528Z Deleting the contents of '/home/runner/work/tinuous/tinuous'
2023-05-10T19:15:29.6597608Z ##[group]Initializing the repository
2023-05-10T19:15:29.6602450Z [command]/usr/bin/git init /home/runner/work/tinuous/tinuous
2023-05-10T19:15:29.6688925Z hint: Using 'master' as the name for the initial branch. This default branch name
2023-05-10T19:15:29.6689716Z hint: is subject to change. To configure the initial branch name to use in all
2023-05-10T19:15:29.6690368Z hint: of your new repositories, which will suppress this warning, call:
2023-05-10T19:15:29.6691107Z hint: 
2023-05-10T19:15:29.6692319Z hint: 	git config --global init.defaultBranch <name>
2023-05-10T19:15:29.6692644Z hint: 
2023-05-10T19:15:29.6693070Z hint: Names commonly chosen instead of 'master' are 'main', 'trunk' and
2023-05-10T19:15:29.6693614Z hint: 'development'. The just-created branch can be renamed via this command:
2023-05-10T19:15:29.6765162Z hint: 
2023-05-10T19:15:29.6765617Z hint: 	git branch -m <name>
2023-05-10T19:15:29.6766012Z Initialized empty Git repository in /home/runner/work/tinuous/tinuous/.git/
2023-05-10T19:15:29.6767090Z [command]/usr/bin/git remote add origin https://github.com/con/tinuous
2023-05-10T19:15:29.6813013Z ##[endgroup]
2023-05-10T19:15:29.6817775Z ##[group]Disabling automatic garbage collection
2023-05-10T19:15:29.6820739Z [command]/usr/bin/git config --local gc.auto 0
2023-05-10T19:15:29.6865401Z ##[endgroup]
2023-05-10T19:15:29.6865884Z ##[group]Setting up auth
2023-05-10T19:15:29.6873007Z [command]/usr/bin/git config --local --name-only --get-regexp core\.sshCommand
2023-05-10T19:15:29.6916177Z [command]/usr/bin/git submodule foreach --recursive sh -c "git config --local --name-only --get-regexp 'core\.sshCommand' && git config --local --unset-all 'core.sshCommand' || :"
2023-05-10T19:15:29.7394720Z [command]/usr/bin/git config --local --name-only --get-regexp http\.https\:\/\/github\.com\/\.extraheader
2023-05-10T19:15:29.7423263Z [command]/usr/bin/git submodule foreach --recursive sh -c "git config --local --name-only --get-regexp 'http\.https\:\/\/github\.com\/\.extraheader' && git config --local --unset-all 'http.https://github.com/.extraheader' || :"
2023-05-10T19:15:29.7719924Z [command]/usr/bin/git config --local http.https://github.com/.extraheader AUTHORIZATION: basic ***
2023-05-10T19:15:29.7782149Z ##[endgroup]
2023-05-10T19:15:29.7782963Z ##[group]Fetching the repository
2023-05-10T19:15:29.7784460Z [command]/usr/bin/git -c protocol.version=2 fetch --prune --progress --no-recurse-submodules origin +refs/heads/*:refs/remotes/origin/* +refs/tags/*:refs/tags/*
2023-05-10T19:15:30.2184811Z remote: Enumerating objects: 1181, done.        
2023-05-10T19:15:30.2186184Z remote: Counting objects:   0% (1/403)        
2023-05-10T19:15:30.2186782Z remote: Counting objects:   1% (5/403)        
2023-05-10T19:15:30.2187196Z remote: Counting objects:   2% (9/403)        
2023-05-10T19:15:30.2187608Z remote: Counting objects:   3% (13/403)        
2023-05-10T19:15:30.2188006Z remote: Counting objects:   4% (17/403)        
2023-05-10T19:15:30.2188419Z remote: Counting objects:   5% (21/403)        
2023-05-10T19:15:30.2188820Z remote: Counting objects:   6% (25/403)        
2023-05-10T19:15:30.2189221Z remote: Counting objects:   7% (29/403)        
2023-05-10T19:15:30.2189618Z remote: Counting objects:   8% (33/403)        
2023-05-10T19:15:30.2190013Z remote: Counting objects:   9% (37/403)        
2023-05-10T19:15:30.2190549Z remote: Counting objects:  10% (41/403)        
2023-05-10T19:15:30.2191633Z remote: Counting objects:  11% (45/403)        
2023-05-10T19:15:30.2191956Z remote: Counting objects:  12% (49/403)        
2023-05-10T19:15:30.2192273Z remote: Counting objects:  13% (53/403)        
2023-05-10T19:15:30.2192577Z remote: Counting objects:  14% (57/403)        
2023-05-10T19:15:30.2192872Z remote: Counting objects:  15% (61/403)        
2023-05-10T19:15:30.2193176Z remote: Counting objects:  16% (65/403)        
2023-05-10T19:15:30.2193485Z remote: Counting objects:  17% (69/403)        
2023-05-10T19:15:30.2193775Z remote: Counting objects:  18% (73/403)        
2023-05-10T19:15:30.2194079Z remote: Counting objects:  19% (77/403)        
2023-05-10T19:15:30.2194385Z remote: Counting objects:  20% (81/403)        
2023-05-10T19:15:30.2194677Z remote: Counting objects:  21% (85/403)        
2023-05-10T19:15:30.2195009Z remote: Counting objects:  22% (89/403)        
2023-05-10T19:15:30.2195314Z remote: Counting objects:  23% (93/403)        
2023-05-10T19:15:30.2195617Z remote: Counting objects:  24% (97/403)        
2023-05-10T19:15:30.2196124Z remote: Counting objects:  25% (101/403)        
2023-05-10T19:15:30.2196447Z remote: Counting objects:  26% (105/403)        
2023-05-10T19:15:30.2196771Z remote: Counting objects:  27% (109/403)        
2023-05-10T19:15:30.2197086Z remote: Counting objects:  28% (113/403)        
2023-05-10T19:15:30.2197397Z remote: Counting objects:  29% (117/403)        
2023-05-10T19:15:30.2197707Z remote: Counting objects:  30% (121/403)        
2023-05-10T19:15:30.2198004Z remote: Counting objects:  31% (125/403)        
2023-05-10T19:15:30.2198309Z remote: Counting objects:  32% (129/403)        
2023-05-10T19:15:30.2198620Z remote: Counting objects:  33% (133/403)        
2023-05-10T19:15:30.2198915Z remote: Counting objects:  34% (138/403)        
2023-05-10T19:15:30.2199222Z remote: Counting objects:  35% (142/403)        
2023-05-10T19:15:30.2199530Z remote: Counting objects:  36% (146/403)        
2023-05-10T19:15:30.2199838Z remote: Counting objects:  37% (150/403)        
2023-05-10T19:15:30.2200140Z remote: Counting objects:  38% (154/403)        
2023-05-10T19:15:30.2200443Z remote: Counting objects:  39% (158/403)        
2023-05-10T19:15:30.2200758Z remote: Counting objects:  40% (162/403)        
2023-05-10T19:15:30.2201050Z remote: Counting objects:  41% (166/403)        
2023-05-10T19:15:30.2201353Z remote: Counting objects:  42% (170/403)        
2023-05-10T19:15:30.2201661Z remote: Counting objects:  43% (174/403)        
2023-05-10T19:15:30.2201950Z remote: Counting objects:  44% (178/403)        
2023-05-10T19:15:30.2202254Z remote: Counting objects:  45% (182/403)        
2023-05-10T19:15:30.2202558Z remote: Counting objects:  46% (186/403)        
2023-05-10T19:15:30.2202849Z remote: Counting objects:  47% (190/403)        
2023-05-10T19:15:30.2203155Z remote: Counting objects:  48% (194/403)        
2023-05-10T19:15:30.2203461Z remote: Counting objects:  49% (198/403)        
2023-05-10T19:15:30.2203830Z remote: Counting objects:  50% (202/403)        
2023-05-10T19:15:30.2204130Z remote: Counting objects:  51% (206/403)        
2023-05-10T19:15:30.2204437Z remote: Counting objects:  52% (210/403)        
2023-05-10T19:15:30.2204930Z remote: Counting objects:  53% (214/403)        
2023-05-10T19:15:30.2205231Z remote: Counting objects:  54% (218/403)        
2023-05-10T19:15:30.2205538Z remote: Counting objects:  55% (222/403)        
2023-05-10T19:15:30.2205845Z remote: Counting objects:  56% (226/403)        
2023-05-10T19:15:30.2206373Z remote: Counting objects:  57% (230/403)        
2023-05-10T19:15:30.2206777Z remote: Counting objects:  58% (234/403)        
2023-05-10T19:15:30.2207176Z remote: Counting objects:  59% (238/403)        
2023-05-10T19:15:30.2207555Z remote: Counting objects:  60% (242/403)        
2023-05-10T19:15:30.2207956Z remote: Counting objects:  61% (246/403)        
2023-05-10T19:15:30.2208349Z remote: Counting objects:  62% (250/403)        
2023-05-10T19:15:30.2208742Z remote: Counting objects:  63% (254/403)        
2023-05-10T19:15:30.2209310Z remote: Counting objects:  64% (258/403)        
2023-05-10T19:15:30.2209714Z remote: Counting objects:  65% (262/403)        
2023-05-10T19:15:30.2210121Z remote: Counting objects:  66% (266/403)        
2023-05-10T19:15:30.2210547Z remote: Counting objects:  67% (271/403)        
2023-05-10T19:15:30.2210935Z remote: Counting objects:  68% (275/403)        
2023-05-10T19:15:30.2211336Z remote: Counting objects:  69% (279/403)        
2023-05-10T19:15:30.2211734Z remote: Counting objects:  70% (283/403)        
2023-05-10T19:15:30.2212126Z remote: Counting objects:  71% (287/403)        
2023-05-10T19:15:30.2212563Z remote: Counting objects:  72% (291/403)        
2023-05-10T19:15:30.2212958Z remote: Counting objects:  73% (295/403)        
2023-05-10T19:15:30.2213354Z remote: Counting objects:  74% (299/403)        
2023-05-10T19:15:30.2213733Z remote: Counting objects:  75% (303/403)        
2023-05-10T19:15:30.2214128Z remote: Counting objects:  76% (307/403)        
2023-05-10T19:15:30.2214565Z remote: Counting objects:  77% (311/403)        
2023-05-10T19:15:30.2215163Z remote: Counting objects:  78% (315/403)        
2023-05-10T19:15:30.2215594Z remote: Counting objects:  79% (319/403)        
2023-05-10T19:15:30.2216025Z remote: Counting objects:  80% (323/403)        
2023-05-10T19:15:30.2216445Z remote: Counting objects:  81% (327/403)        
2023-05-10T19:15:30.2216854Z remote: Counting objects:  82% (331/403)        
2023-05-10T19:15:30.2217278Z remote: Counting objects:  83% (335/403)        
2023-05-10T19:15:30.2217684Z remote: Counting objects:  84% (339/403)        
2023-05-10T19:15:30.2218114Z remote: Counting objects:  85% (343/403)        
2023-05-10T19:15:30.2218539Z remote: Counting objects:  86% (347/403)        
2023-05-10T19:15:30.2218960Z remote: Counting objects:  87% (351/403)        
2023-05-10T19:15:30.2219378Z remote: Counting objects:  88% (355/403)        
2023-05-10T19:15:30.2219802Z remote: Counting objects:  89% (359/403)        
2023-05-10T19:15:30.2220193Z remote: Counting objects:  90% (363/403)        
2023-05-10T19:15:30.2220627Z remote: Counting objects:  91% (367/403)        
2023-05-10T19:15:30.2221055Z remote: Counting objects:  92% (371/403)        
2023-05-10T19:15:30.2221480Z remote: Counting objects:  93% (375/403)        
2023-05-10T19:15:30.2221899Z remote: Counting objects:  94% (379/403)        
2023-05-10T19:15:30.2222318Z remote: Counting objects:  95% (383/403)        
2023-05-10T19:15:30.2222736Z remote: Counting objects:  96% (387/403)        
2023-05-10T19:15:30.2223140Z remote: Counting objects:  97% (391/403)        
2023-05-10T19:15:30.2223544Z remote: Counting objects:  98% (395/403)        
2023-05-10T19:15:30.2223967Z remote: Counting objects:  99% (399/403)        
2023-05-10T19:15:30.2224388Z remote: Counting objects: 100% (403/403)        
2023-05-10T19:15:30.2224801Z remote: Counting objects: 100% (403/403), done.        
2023-05-10T19:15:30.2225445Z remote: Compressing objects:   0% (1/224)        
2023-05-10T19:15:30.2225900Z remote: Compressing objects:   1% (3/224)        
2023-05-10T19:15:30.2226348Z remote: Compressing objects:   2% (5/224)        
2023-05-10T19:15:30.2360335Z remote: Compressing objects:   3% (7/224)        
2023-05-10T19:15:30.2362845Z remote: Compressing objects:   4% (9/224)        
2023-05-10T19:15:30.2363523Z remote: Compressing objects:   5% (12/224)        
2023-05-10T19:15:30.2365711Z remote: Compressing objects:   6% (14/224)        
2023-05-10T19:15:30.2366093Z remote: Compressing objects:   7% (16/224)        
2023-05-10T19:15:30.2366431Z remote: Compressing objects:   8% (18/224)        
2023-05-10T19:15:30.2366761Z remote: Compressing objects:   9% (21/224)        
2023-05-10T19:15:30.2367194Z remote: Compressing objects:  10% (23/224)        
2023-05-10T19:15:30.2367998Z remote: Compressing objects:  11% (25/224)        
2023-05-10T19:15:30.2369357Z remote: Compressing objects:  12% (27/224)        
2023-05-10T19:15:30.2369771Z remote: Compressing objects:  13% (30/224)        
2023-05-10T19:15:30.2371220Z remote: Compressing objects:  14% (32/224)        
2023-05-10T19:15:30.2371637Z remote: Compressing objects:  15% (34/224)        
2023-05-10T19:15:30.2372310Z remote: Compressing objects:  16% (36/224)        
2023-05-10T19:15:30.2373018Z remote: Compressing objects:  17% (39/224)        
2023-05-10T19:15:30.2373621Z remote: Compressing objects:  18% (41/224)        
2023-05-10T19:15:30.2375488Z remote: Compressing objects:  19% (43/224)        
2023-05-10T19:15:30.2376168Z remote: Compressing objects:  20% (45/224)        
2023-05-10T19:15:30.2376861Z remote: Compressing objects:  21% (48/224)        
2023-05-10T19:15:30.2377460Z remote: Compressing objects:  22% (50/224)        
2023-05-10T19:15:30.2378759Z remote: Compressing objects:  23% (52/224)        
2023-05-10T19:15:30.2379452Z remote: Compressing objects:  24% (54/224)        
2023-05-10T19:15:30.2380089Z remote: Compressing objects:  25% (56/224)        
2023-05-10T19:15:30.2380698Z remote: Compressing objects:  26% (59/224)        
2023-05-10T19:15:30.2381398Z remote: Compressing objects:  27% (61/224)        
2023-05-10T19:15:30.2382855Z remote: Compressing objects:  28% (63/224)        
2023-05-10T19:15:30.2383308Z remote: Compressing objects:  29% (65/224)        
2023-05-10T19:15:30.2383996Z remote: Compressing objects:  30% (68/224)        
2023-05-10T19:15:30.2384725Z remote: Compressing objects:  31% (70/224)        
2023-05-10T19:15:30.2386015Z remote: Compressing objects:  32% (72/224)        
2023-05-10T19:15:30.2386423Z remote: Compressing objects:  33% (74/224)        
2023-05-10T19:15:30.2387057Z remote: Compressing objects:  34% (77/224)        
2023-05-10T19:15:30.2387755Z remote: Compressing objects:  35% (79/224)        
2023-05-10T19:15:30.2388986Z remote: Compressing objects:  36% (81/224)        
2023-05-10T19:15:30.2389455Z remote: Compressing objects:  37% (83/224)        
2023-05-10T19:15:30.2390189Z remote: Compressing objects:  38% (86/224)        
2023-05-10T19:15:30.2391352Z remote: Compressing objects:  39% (88/224)        
2023-05-10T19:15:30.2392767Z remote: Compressing objects:  40% (90/224)        
2023-05-10T19:15:30.2393236Z remote: Compressing objects:  41% (92/224)        
2023-05-10T19:15:30.2393929Z remote: Compressing objects:  42% (95/224)        
2023-05-10T19:15:30.2394348Z remote: Compressing objects:  43% (97/224)        
2023-05-10T19:15:30.2394993Z remote: Compressing objects:  44% (99/224)        
2023-05-10T19:15:30.2395838Z remote: Compressing objects:  45% (101/224)        
2023-05-10T19:15:30.2396258Z remote: Compressing objects:  46% (104/224)        
2023-05-10T19:15:30.2397536Z remote: Compressing objects:  47% (106/224)        
2023-05-10T19:15:30.2397960Z remote: Compressing objects:  48% (108/224)        
2023-05-10T19:15:30.2403331Z remote: Compressing objects:  49% (110/224)        
2023-05-10T19:15:30.2404880Z remote: Compressing objects:  50% (112/224)        
2023-05-10T19:15:30.2406445Z remote: Compressing objects:  51% (115/224)        
2023-05-10T19:15:30.2407923Z remote: Compressing objects:  52% (117/224)        
2023-05-10T19:15:30.2409391Z remote: Compressing objects:  53% (119/224)        
2023-05-10T19:15:30.2411205Z remote: Compressing objects:  54% (121/224)        
2023-05-10T19:15:30.2412771Z remote: Compressing objects:  55% (124/224)        
2023-05-10T19:15:30.2414288Z remote: Compressing objects:  56% (126/224)        
2023-05-10T19:15:30.2416223Z remote: Compressing objects:  57% (128/224)        
2023-05-10T19:15:30.2416671Z remote: Compressing objects:  58% (130/224)        
2023-05-10T19:15:30.2418614Z remote: Compressing objects:  59% (133/224)        
2023-05-10T19:15:30.2419057Z remote: Compressing objects:  60% (135/224)        
2023-05-10T19:15:30.2422651Z remote: Compressing objects:  61% (137/224)        
2023-05-10T19:15:30.2423110Z remote: Compressing objects:  62% (139/224)        
2023-05-10T19:15:30.2423691Z remote: Compressing objects:  63% (142/224)        
2023-05-10T19:15:30.2424316Z remote: Compressing objects:  64% (144/224)        
2023-05-10T19:15:30.2424905Z remote: Compressing objects:  65% (146/224)        
2023-05-10T19:15:30.2425543Z remote: Compressing objects:  66% (148/224)        
2023-05-10T19:15:30.2426226Z remote: Compressing objects:  67% (151/224)        
2023-05-10T19:15:30.2426770Z remote: Compressing objects:  68% (153/224)        
2023-05-10T19:15:30.2427500Z remote: Compressing objects:  69% (155/224)        
2023-05-10T19:15:30.2428035Z remote: Compressing objects:  70% (157/224)        
2023-05-10T19:15:30.2428650Z remote: Compressing objects:  71% (160/224)        
2023-05-10T19:15:30.2429246Z remote: Compressing objects:  72% (162/224)        
2023-05-10T19:15:30.2429894Z remote: Compressing objects:  73% (164/224)        
2023-05-10T19:15:30.2431457Z remote: Compressing objects:  74% (166/224)        
2023-05-10T19:15:30.2431919Z remote: Compressing objects:  75% (168/224)        
2023-05-10T19:15:30.2432457Z remote: Compressing objects:  76% (171/224)        
2023-05-10T19:15:30.2433138Z remote: Compressing objects:  77% (173/224)        
2023-05-10T19:15:30.2433825Z remote: Compressing objects:  78% (175/224)        
2023-05-10T19:15:30.2434539Z remote: Compressing objects:  79% (177/224)        
2023-05-10T19:15:30.2435243Z remote: Compressing objects:  80% (180/224)        
2023-05-10T19:15:30.2435936Z remote: Compressing objects:  81% (182/224)        
2023-05-10T19:15:30.2436637Z remote: Compressing objects:  82% (184/224)        
2023-05-10T19:15:30.2437298Z remote: Compressing objects:  83% (186/224)        
2023-05-10T19:15:30.2437962Z remote: Compressing objects:  84% (189/224)        
2023-05-10T19:15:30.2438682Z remote: Compressing objects:  85% (191/224)        
2023-05-10T19:15:30.2439350Z remote: Compressing objects:  86% (193/224)        
2023-05-10T19:15:30.2440065Z remote: Compressing objects:  87% (195/224)        
2023-05-10T19:15:30.2440717Z remote: Compressing objects:  88% (198/224)        
2023-05-10T19:15:30.2441690Z remote: Compressing objects:  89% (200/224)        
2023-05-10T19:15:30.2442135Z remote: Compressing objects:  90% (202/224)        
2023-05-10T19:15:30.2442823Z remote: Compressing objects:  91% (204/224)        
2023-05-10T19:15:30.2443516Z remote: Compressing objects:  92% (207/224)        
2023-05-10T19:15:30.2444179Z remote: Compressing objects:  93% (209/224)        
2023-05-10T19:15:30.2444881Z remote: Compressing objects:  94% (211/224)        
2023-05-10T19:15:30.2445546Z remote: Compressing objects:  95% (213/224)        
2023-05-10T19:15:30.2446294Z remote: Compressing objects:  96% (216/224)        
2023-05-10T19:15:30.2447558Z remote: Compressing objects:  97% (218/224)        
2023-05-10T19:15:30.2448250Z remote: Compressing objects:  98% (220/224)        
2023-05-10T19:15:30.2448952Z remote: Compressing objects:  99% (222/224)        
2023-05-10T19:15:30.2449620Z remote: Compressing objects: 100% (224/224)        
2023-05-10T19:15:30.2450289Z remote: Compressing objects: 100% (224/224), done.        
2023-05-10T19:15:30.2534531Z Receiving objects:   0% (1/1181)
2023-05-10T19:15:30.2534891Z Receiving objects:   1% (12/1181)
2023-05-10T19:15:30.2538368Z Receiving objects:   2% (24/1181)
2023-05-10T19:15:30.2539808Z Receiving objects:   3% (36/1181)
2023-05-10T19:15:30.2540905Z Receiving objects:   4% (48/1181)
2023-05-10T19:15:30.2722533Z Receiving objects:   5% (60/1181)
2023-05-10T19:15:30.2722993Z Receiving objects:   6% (71/1181)
2023-05-10T19:15:30.2815368Z Receiving objects:   7% (83/1181)
2023-05-10T19:15:30.2815723Z Receiving objects:   8% (95/1181)
2023-05-10T19:15:30.2823842Z Receiving objects:   9% (107/1181)
2023-05-10T19:15:30.2824180Z Receiving objects:  10% (119/1181)
2023-05-10T19:15:30.2824469Z Receiving objects:  11% (130/1181)
2023-05-10T19:15:30.2826553Z Receiving objects:  12% (142/1181)
2023-05-10T19:15:30.2826841Z Receiving objects:  13% (154/1181)
2023-05-10T19:15:30.2827126Z Receiving objects:  14% (166/1181)
2023-05-10T19:15:30.2827408Z Receiving objects:  15% (178/1181)
2023-05-10T19:15:30.2827673Z Receiving objects:  16% (189/1181)
2023-05-10T19:15:30.2831962Z Receiving objects:  17% (201/1181)
2023-05-10T19:15:30.2832302Z Receiving objects:  18% (213/1181)
2023-05-10T19:15:30.2832571Z Receiving objects:  19% (225/1181)
2023-05-10T19:15:30.2832868Z Receiving objects:  20% (237/1181)
2023-05-10T19:15:30.2833150Z Receiving objects:  21% (249/1181)
2023-05-10T19:15:30.2834831Z Receiving objects:  22% (260/1181)
2023-05-10T19:15:30.3046272Z Receiving objects:  23% (272/1181)
2023-05-10T19:15:30.3046642Z Receiving objects:  24% (284/1181)
2023-05-10T19:15:30.3132368Z Receiving objects:  25% (296/1181)
2023-05-10T19:15:30.3132713Z Receiving objects:  26% (308/1181)
2023-05-10T19:15:30.3133004Z Receiving objects:  27% (319/1181)
2023-05-10T19:15:30.3133290Z Receiving objects:  28% (331/1181)
2023-05-10T19:15:30.3133562Z Receiving objects:  29% (343/1181)
2023-05-10T19:15:30.3133843Z Receiving objects:  30% (355/1181)
2023-05-10T19:15:30.3134125Z Receiving objects:  31% (367/1181)
2023-05-10T19:15:30.3134388Z Receiving objects:  32% (378/1181)
2023-05-10T19:15:30.3134672Z Receiving objects:  33% (390/1181)
2023-05-10T19:15:30.3138112Z Receiving objects:  34% (402/1181)
2023-05-10T19:15:30.3138416Z Receiving objects:  35% (414/1181)
2023-05-10T19:15:30.3138699Z Receiving objects:  36% (426/1181)
2023-05-10T19:15:30.3138982Z Receiving objects:  37% (437/1181)
2023-05-10T19:15:30.3139261Z Receiving objects:  38% (449/1181)
2023-05-10T19:15:30.3139522Z Receiving objects:  39% (461/1181)
2023-05-10T19:15:30.3139803Z Receiving objects:  40% (473/1181)
2023-05-10T19:15:30.3140078Z Receiving objects:  41% (485/1181)
2023-05-10T19:15:30.3140342Z Receiving objects:  42% (497/1181)
2023-05-10T19:15:30.3140622Z Receiving objects:  43% (508/1181)
2023-05-10T19:15:30.3140903Z Receiving objects:  44% (520/1181)
2023-05-10T19:15:30.3147979Z Receiving objects:  45% (532/1181)
2023-05-10T19:15:30.3148309Z Receiving objects:  46% (544/1181)
2023-05-10T19:15:30.3151019Z Receiving objects:  47% (556/1181)
2023-05-10T19:15:30.3151325Z Receiving objects:  48% (567/1181)
2023-05-10T19:15:30.3154775Z Receiving objects:  49% (579/1181)
2023-05-10T19:15:30.3155098Z Receiving objects:  50% (591/1181)
2023-05-10T19:15:30.3155380Z Receiving objects:  51% (603/1181)
2023-05-10T19:15:30.3158723Z Receiving objects:  52% (615/1181)
2023-05-10T19:15:30.3159035Z Receiving objects:  53% (626/1181)
2023-05-10T19:15:30.3159316Z Receiving objects:  54% (638/1181)
2023-05-10T19:15:30.3159586Z Receiving objects:  55% (650/1181)
2023-05-10T19:15:30.3159865Z Receiving objects:  56% (662/1181)
2023-05-10T19:15:30.3160146Z Receiving objects:  57% (674/1181)
2023-05-10T19:15:30.3160412Z Receiving objects:  58% (685/1181)
2023-05-10T19:15:30.3170401Z Receiving objects:  59% (697/1181)
2023-05-10T19:15:30.3170735Z Receiving objects:  60% (709/1181)
2023-05-10T19:15:30.3171028Z Receiving objects:  61% (721/1181)
2023-05-10T19:15:30.3171297Z Receiving objects:  62% (733/1181)
2023-05-10T19:15:30.3171580Z Receiving objects:  63% (745/1181)
2023-05-10T19:15:30.3305071Z Receiving objects:  64% (756/1181)
2023-05-10T19:15:30.3307113Z Receiving objects:  65% (768/1181)
2023-05-10T19:15:30.3309726Z Receiving objects:  66% (780/1181)
2023-05-10T19:15:30.3311825Z Receiving objects:  67% (792/1181)
2023-05-10T19:15:30.3351330Z Receiving objects:  68% (804/1181)
2023-05-10T19:15:30.3353356Z Receiving objects:  69% (815/1181)
2023-05-10T19:15:30.3355804Z Receiving objects:  70% (827/1181)
2023-05-10T19:15:30.3358168Z Receiving objects:  71% (839/1181)
2023-05-10T19:15:30.3360127Z Receiving objects:  72% (851/1181)
2023-05-10T19:15:30.3362411Z Receiving objects:  73% (863/1181)
2023-05-10T19:15:30.3364297Z Receiving objects:  74% (874/1181)
2023-05-10T19:15:30.3456274Z Receiving objects:  75% (886/1181)
2023-05-10T19:15:30.3456597Z Receiving objects:  76% (898/1181)
2023-05-10T19:15:30.3456888Z Receiving objects:  77% (910/1181)
2023-05-10T19:15:30.3457175Z Receiving objects:  78% (922/1181)
2023-05-10T19:15:30.3457443Z Receiving objects:  79% (933/1181)
2023-05-10T19:15:30.3457727Z Receiving objects:  80% (945/1181)
2023-05-10T19:15:30.3458010Z Receiving objects:  81% (957/1181)
2023-05-10T19:15:30.3458288Z Receiving objects:  82% (969/1181)
2023-05-10T19:15:30.3458573Z Receiving objects:  83% (981/1181)
2023-05-10T19:15:30.3458862Z Receiving objects:  84% (993/1181)
2023-05-10T19:15:30.3459207Z Receiving objects:  85% (1004/1181)
2023-05-10T19:15:30.3459500Z Receiving objects:  86% (1016/1181)
2023-05-10T19:15:30.3459785Z Receiving objects:  87% (1028/1181)
2023-05-10T19:15:30.3460071Z Receiving objects:  88% (1040/1181)
2023-05-10T19:15:30.3460342Z Receiving objects:  89% (1052/1181)
2023-05-10T19:15:30.3460628Z Receiving objects:  90% (1063/1181)
2023-05-10T19:15:30.3468697Z Receiving objects:  91% (1075/1181)
2023-05-10T19:15:30.3469436Z remote: Total 1181 (delta 175), reused 248 (delta 156), pack-reused 778        
2023-05-10T19:15:30.3473778Z Receiving objects:  92% (1087/1181)
2023-05-10T19:15:30.3478802Z Receiving objects:  93% (1099/1181)
2023-05-10T19:15:30.3481833Z Receiving objects:  94% (1111/1181)
2023-05-10T19:15:30.3485638Z Receiving objects:  95% (1122/1181)
2023-05-10T19:15:30.3488807Z Receiving objects:  96% (1134/1181)
2023-05-10T19:15:30.3492227Z Receiving objects:  97% (1146/1181)
2023-05-10T19:15:30.3496559Z Receiving objects:  98% (1158/1181)
2023-05-10T19:15:30.3497670Z Receiving objects:  99% (1170/1181)
2023-05-10T19:15:30.3498769Z Receiving objects: 100% (1181/1181)
2023-05-10T19:15:30.3499437Z Receiving objects: 100% (1181/1181), 291.34 KiB | 2.94 MiB/s, done.
2023-05-10T19:15:30.3505253Z Resolving deltas:   0% (0/644)
2023-05-10T19:15:30.3508987Z Resolving deltas:   1% (7/644)
2023-05-10T19:15:30.3509535Z Resolving deltas:   2% (13/644)
2023-05-10T19:15:30.3510251Z Resolving deltas:   3% (20/644)
2023-05-10T19:15:30.3511036Z Resolving deltas:   4% (26/644)
2023-05-10T19:15:30.3511744Z Resolving deltas:   5% (33/644)
2023-05-10T19:15:30.3515391Z Resolving deltas:   6% (39/644)
2023-05-10T19:15:30.3515903Z Resolving deltas:   7% (46/644)
2023-05-10T19:15:30.3516610Z Resolving deltas:   8% (52/644)
2023-05-10T19:15:30.3517076Z Resolving deltas:   9% (58/644)
2023-05-10T19:15:30.3517785Z Resolving deltas:  10% (65/644)
2023-05-10T19:15:30.3518243Z Resolving deltas:  11% (71/644)
2023-05-10T19:15:30.3518944Z Resolving deltas:  12% (78/644)
2023-05-10T19:15:30.3519406Z Resolving deltas:  13% (84/644)
2023-05-10T19:15:30.3520072Z Resolving deltas:  14% (91/644)
2023-05-10T19:15:30.3520537Z Resolving deltas:  15% (97/644)
2023-05-10T19:15:30.3521222Z Resolving deltas:  16% (104/644)
2023-05-10T19:15:30.3521692Z Resolving deltas:  17% (110/644)
2023-05-10T19:15:30.3522369Z Resolving deltas:  18% (116/644)
2023-05-10T19:15:30.3522835Z Resolving deltas:  19% (123/644)
2023-05-10T19:15:30.3525207Z Resolving deltas:  20% (129/644)
2023-05-10T19:15:30.3525713Z Resolving deltas:  21% (136/644)
2023-05-10T19:15:30.3526442Z Resolving deltas:  22% (142/644)
2023-05-10T19:15:30.3526920Z Resolving deltas:  23% (149/644)
2023-05-10T19:15:30.3527612Z Resolving deltas:  24% (155/644)
2023-05-10T19:15:30.3528064Z Resolving deltas:  25% (161/644)
2023-05-10T19:15:30.3531621Z Resolving deltas:  26% (168/644)
2023-05-10T19:15:30.3532148Z Resolving deltas:  27% (175/644)
2023-05-10T19:15:30.3535492Z Resolving deltas:  28% (181/644)
2023-05-10T19:15:30.3536310Z Resolving deltas:  29% (187/644)
2023-05-10T19:15:30.3538026Z Resolving deltas:  30% (194/644)
2023-05-10T19:15:30.3538545Z Resolving deltas:  31% (200/644)
2023-05-10T19:15:30.3540256Z Resolving deltas:  32% (207/644)
2023-05-10T19:15:30.3545384Z Resolving deltas:  33% (213/644)
2023-05-10T19:15:30.3546846Z Resolving deltas:  34% (219/644)
2023-05-10T19:15:30.3547662Z Resolving deltas:  35% (226/644)
2023-05-10T19:15:30.3550743Z Resolving deltas:  36% (232/644)
2023-05-10T19:15:30.3551284Z Resolving deltas:  37% (239/644)
2023-05-10T19:15:30.3571711Z Resolving deltas:  38% (245/644)
2023-05-10T19:15:30.3572276Z Resolving deltas:  39% (252/644)
2023-05-10T19:15:30.3573015Z Resolving deltas:  40% (258/644)
2023-05-10T19:15:30.3573497Z Resolving deltas:  41% (265/644)
2023-05-10T19:15:30.3574197Z Resolving deltas:  42% (271/644)
2023-05-10T19:15:30.3574677Z Resolving deltas:  43% (277/644)
2023-05-10T19:15:30.3575376Z Resolving deltas:  44% (284/644)
2023-05-10T19:15:30.3575849Z Resolving deltas:  45% (290/644)
2023-05-10T19:15:30.3577554Z Resolving deltas:  46% (297/644)
2023-05-10T19:15:30.3578073Z Resolving deltas:  47% (303/644)
2023-05-10T19:15:30.3583965Z Resolving deltas:  48% (310/644)
2023-05-10T19:15:30.3584507Z Resolving deltas:  49% (316/644)
2023-05-10T19:15:30.3627738Z Resolving deltas:  50% (322/644)
2023-05-10T19:15:30.3628325Z Resolving deltas:  51% (329/644)
2023-05-10T19:15:30.3629175Z Resolving deltas:  52% (335/644)
2023-05-10T19:15:30.3629765Z Resolving deltas:  53% (342/644)
2023-05-10T19:15:30.3630870Z Resolving deltas:  54% (348/644)
2023-05-10T19:15:30.3631521Z Resolving deltas:  55% (355/644)
2023-05-10T19:15:30.3632385Z Resolving deltas:  56% (361/644)
2023-05-10T19:15:30.3632895Z Resolving deltas:  57% (368/644)
2023-05-10T19:15:30.3633775Z Resolving deltas:  58% (374/644)
2023-05-10T19:15:30.3634649Z Resolving deltas:  59% (380/644)
2023-05-10T19:15:30.3635449Z Resolving deltas:  60% (387/644)
2023-05-10T19:15:30.3635951Z Resolving deltas:  61% (393/644)
2023-05-10T19:15:30.3636750Z Resolving deltas:  62% (400/644)
2023-05-10T19:15:30.3639907Z Resolving deltas:  63% (406/644)
2023-05-10T19:15:30.3640525Z Resolving deltas:  64% (413/644)
2023-05-10T19:15:30.3641285Z Resolving deltas:  65% (419/644)
2023-05-10T19:15:30.3641850Z Resolving deltas:  66% (426/644)
2023-05-10T19:15:30.3642764Z Resolving deltas:  67% (432/644)
2023-05-10T19:15:30.3643275Z Resolving deltas:  68% (438/644)
2023-05-10T19:15:30.3644067Z Resolving deltas:  69% (445/644)
2023-05-10T19:15:30.3644621Z Resolving deltas:  70% (451/644)
2023-05-10T19:15:30.3646542Z Resolving deltas:  71% (458/644)
2023-05-10T19:15:30.3647196Z Resolving deltas:  72% (464/644)
2023-05-10T19:15:30.3648012Z Resolving deltas:  73% (471/644)
2023-05-10T19:15:30.3648571Z Resolving deltas:  74% (477/644)
2023-05-10T19:15:30.3649308Z Resolving deltas:  75% (483/644)
2023-05-10T19:15:30.3649903Z Resolving deltas:  76% (490/644)
2023-05-10T19:15:30.3650744Z Resolving deltas:  77% (496/644)
2023-05-10T19:15:30.3651321Z Resolving deltas:  78% (503/644)
2023-05-10T19:15:30.3652056Z Resolving deltas:  79% (509/644)
2023-05-10T19:15:30.3652607Z Resolving deltas:  80% (516/644)
2023-05-10T19:15:30.3654574Z Resolving deltas:  81% (522/644)
2023-05-10T19:15:30.3655132Z Resolving deltas:  82% (529/644)
2023-05-10T19:15:30.3655952Z Resolving deltas:  83% (535/644)
2023-05-10T19:15:30.3656511Z Resolving deltas:  84% (541/644)
2023-05-10T19:15:30.3657311Z Resolving deltas:  85% (548/644)
2023-05-10T19:15:30.3657869Z Resolving deltas:  86% (554/644)
2023-05-10T19:15:30.3658661Z Resolving deltas:  87% (561/644)
2023-05-10T19:15:30.3661229Z Resolving deltas:  88% (567/644)
2023-05-10T19:15:30.3666745Z Resolving deltas:  89% (574/644)
2023-05-10T19:15:30.3673304Z Resolving deltas:  90% (580/644)
2023-05-10T19:15:30.3678267Z Resolving deltas:  91% (587/644)
2023-05-10T19:15:30.3682121Z Resolving deltas:  92% (593/644)
2023-05-10T19:15:30.3688986Z Resolving deltas:  93% (599/644)
2023-05-10T19:15:30.3693273Z Resolving deltas:  94% (606/644)
2023-05-10T19:15:30.3696699Z Resolving deltas:  95% (612/644)
2023-05-10T19:15:30.3701714Z Resolving deltas:  96% (619/644)
2023-05-10T19:15:30.3705921Z Resolving deltas:  97% (625/644)
2023-05-10T19:15:30.3712251Z Resolving deltas:  98% (632/644)
2023-05-10T19:15:30.3721167Z Resolving deltas:  99% (638/644)
2023-05-10T19:15:30.3721655Z Resolving deltas: 100% (644/644)
2023-05-10T19:15:30.3722132Z Resolving deltas: 100% (644/644), done.
2023-05-10T19:15:30.3836244Z From https://github.com/con/tinuous
2023-05-10T19:15:30.3837383Z  * [new branch]      decoupled-ingestion -> origin/decoupled-ingestion
2023-05-10T19:15:30.3839715Z  * [new branch]      gh-55               -> origin/gh-55
2023-05-10T19:15:30.3840534Z  * [new branch]      master              -> origin/master
2023-05-10T19:15:30.3842505Z  * [new branch]      no-extra-search     -> origin/no-extra-search
2023-05-10T19:15:30.3843423Z  * [new branch]      test-appveyor       -> origin/test-appveyor
2023-05-10T19:15:30.3846065Z  * [new tag]         0.1.0               -> 0.1.0
2023-05-10T19:15:30.3848376Z  * [new tag]         0.2.0               -> 0.2.0
2023-05-10T19:15:30.3850508Z  * [new tag]         0.3.0               -> 0.3.0
2023-05-10T19:15:30.3851231Z  * [new tag]         0.4.0               -> 0.4.0
2023-05-10T19:15:30.3852913Z  * [new tag]         0.5.0               -> 0.5.0
2023-05-10T19:15:30.3853780Z  * [new tag]         0.5.1               -> 0.5.1
2023-05-10T19:15:30.3854713Z  * [new tag]         0.5.2               -> 0.5.2
2023-05-10T19:15:30.3855394Z  * [new tag]         0.5.3               -> 0.5.3
2023-05-10T19:15:30.3856226Z  * [new tag]         0.5.4               -> 0.5.4
2023-05-10T19:15:30.3856875Z  * [new tag]         0.6.0               -> 0.6.0
2023-05-10T19:15:30.3857902Z  * [new tag]         0.6.1               -> 0.6.1
2023-05-10T19:15:30.3889366Z [command]/usr/bin/git branch --list --remote origin/master
2023-05-10T19:15:30.3923157Z   origin/master
2023-05-10T19:15:30.3933359Z [command]/usr/bin/git rev-parse refs/remotes/origin/master
2023-05-10T19:15:30.3963297Z 6e4256d648d8a940186fd44d6639f0c1e91bd854
2023-05-10T19:15:30.3968363Z ##[endgroup]
2023-05-10T19:15:30.3969207Z ##[group]Determining the checkout info
2023-05-10T19:15:30.3972754Z ##[endgroup]
2023-05-10T19:15:30.3973764Z ##[group]Checking out the ref
2023-05-10T19:15:30.3975070Z [command]/usr/bin/git checkout --progress --force -B master refs/remotes/origin/master
2023-05-10T19:15:30.4060505Z Reset branch 'master'
2023-05-10T19:15:30.4063218Z branch 'master' set up to track 'origin/master'.
2023-05-10T19:15:30.4067459Z ##[endgroup]
2023-05-10T19:15:30.4113877Z [command]/usr/bin/git log -1 --format='%H'
2023-05-10T19:15:30.4144471Z '6e4256d648d8a940186fd44d6639f0c1e91bd854'
2023-05-10T19:15:30.4489792Z ##[group]Run actions/setup-python@v4
2023-05-10T19:15:30.4490154Z with:
2023-05-10T19:15:30.4490485Z   python-version: 3.8
2023-05-10T19:15:30.4490853Z   check-latest: false
2023-05-10T19:15:30.4491346Z   token: ***
2023-05-10T19:15:30.4491760Z   update-environment: true
2023-05-10T19:15:30.4492131Z   allow-prereleases: false
2023-05-10T19:15:30.4492419Z ##[endgroup]
2023-05-10T19:15:30.6522943Z ##[group]Installed versions
2023-05-10T19:15:30.6675322Z Successfully set up CPython (3.8.16)
2023-05-10T19:15:30.6678339Z ##[endgroup]
2023-05-10T19:15:30.6994313Z ##[group]Run python -m pip install --upgrade pip wheel
2023-05-10T19:15:30.6994789Z [36;1mpython -m pip install --upgrade pip wheel[0m
2023-05-10T19:15:30.6995204Z [36;1mpython -m pip install --upgrade --upgrade-strategy=eager tox[0m
2023-05-10T19:15:30.7073110Z shell: /usr/bin/bash -e {0}
2023-05-10T19:15:30.7073410Z env:
2023-05-10T19:15:30.7073722Z   pythonLocation: /opt/hostedtoolcache/Python/3.8.16/x64
2023-05-10T19:15:30.7074133Z   PKG_CONFIG_PATH: /opt/hostedtoolcache/Python/3.8.16/x64/lib/pkgconfig
2023-05-10T19:15:30.7074533Z   Python_ROOT_DIR: /opt/hostedtoolcache/Python/3.8.16/x64
2023-05-10T19:15:30.7074916Z   Python2_ROOT_DIR: /opt/hostedtoolcache/Python/3.8.16/x64
2023-05-10T19:15:30.7075285Z   Python3_ROOT_DIR: /opt/hostedtoolcache/Python/3.8.16/x64
2023-05-10T19:15:30.7075653Z   LD_LIBRARY_PATH: /opt/hostedtoolcache/Python/3.8.16/x64/lib
2023-05-10T19:15:30.7075965Z ##[endgroup]
2023-05-10T19:15:31.6807330Z Requirement already satisfied: pip in /opt/hostedtoolcache/Python/3.8.16/x64/lib/python3.8/site-packages (22.0.4)
2023-05-10T19:15:31.9067036Z Collecting pip
2023-05-10T19:15:32.0435830Z   Downloading pip-23.1.2-py3-none-any.whl (2.1 MB)
2023-05-10T19:15:32.2333950Z      ━━━━━━━━━━━━━━━━━━━━━━━━━━━━━━━━━━━━━━━━ 2.1/2.1 MB 11.1 MB/s eta 0:00:00
2023-05-10T19:15:32.3093332Z Collecting wheel
2023-05-10T19:15:32.3214919Z   Downloading wheel-0.40.0-py3-none-any.whl (64 kB)
2023-05-10T19:15:32.3273337Z      ━━━━━━━━━━━━━━━━━━━━━━━━━━━━━━━━━━━━━━━━ 64.5/64.5 kB 19.4 MB/s eta 0:00:00
2023-05-10T19:15:32.3714693Z Installing collected packages: wheel, pip
2023-05-10T19:15:32.4278779Z   Attempting uninstall: pip
2023-05-10T19:15:32.4288119Z     Found existing installation: pip 22.0.4
2023-05-10T19:15:32.4996676Z     Uninstalling pip-22.0.4:
2023-05-10T19:15:32.5865006Z       Successfully uninstalled pip-22.0.4
2023-05-10T19:15:33.9626392Z Successfully installed pip-23.1.2 wheel-0.40.0
2023-05-10T19:15:35.2457753Z Collecting tox
2023-05-10T19:15:35.3793194Z   Downloading tox-4.5.1-py3-none-any.whl (148 kB)
2023-05-10T19:15:35.4261157Z      ━━━━━━━━━━━━━━━━━━━━━━━━━━━━━━━━━━━━━━━ 149.0/149.0 kB 3.7 MB/s eta 0:00:00
2023-05-10T19:15:35.5168624Z Collecting cachetools>=5.3 (from tox)
2023-05-10T19:15:35.5293442Z   Downloading cachetools-5.3.0-py3-none-any.whl (9.3 kB)
2023-05-10T19:15:35.5610433Z Collecting chardet>=5.1 (from tox)
2023-05-10T19:15:35.5754859Z   Downloading chardet-5.1.0-py3-none-any.whl (199 kB)
2023-05-10T19:15:35.6034671Z      ━━━━━━━━━━━━━━━━━━━━━━━━━━━━━━━━━━━━━━━ 199.1/199.1 kB 7.7 MB/s eta 0:00:00
2023-05-10T19:15:35.6465305Z Collecting colorama>=0.4.6 (from tox)
2023-05-10T19:15:35.6589862Z   Downloading colorama-0.4.6-py2.py3-none-any.whl (25 kB)
2023-05-10T19:15:35.7048958Z Collecting filelock>=3.11 (from tox)
2023-05-10T19:15:35.7173587Z   Downloading filelock-3.12.0-py3-none-any.whl (10 kB)
2023-05-10T19:15:35.7668605Z Collecting packaging>=23.1 (from tox)
2023-05-10T19:15:35.7789665Z   Downloading packaging-23.1-py3-none-any.whl (48 kB)
2023-05-10T19:15:35.7863786Z      ━━━━━━━━━━━━━━━━━━━━━━━━━━━━━━━━━━━━━━━━ 48.9/48.9 kB 9.9 MB/s eta 0:00:00
2023-05-10T19:15:35.8266485Z Collecting platformdirs>=3.2 (from tox)
2023-05-10T19:15:35.8390174Z   Downloading platformdirs-3.5.0-py3-none-any.whl (15 kB)
2023-05-10T19:15:35.8782251Z Collecting pluggy>=1 (from tox)
2023-05-10T19:15:35.8907415Z   Downloading pluggy-1.0.0-py2.py3-none-any.whl (13 kB)
2023-05-10T19:15:35.9241952Z Collecting pyproject-api>=1.5.1 (from tox)
2023-05-10T19:15:35.9391660Z   Downloading pyproject_api-1.5.1-py3-none-any.whl (12 kB)
2023-05-10T19:15:35.9757941Z Collecting tomli>=2.0.1 (from tox)
2023-05-10T19:15:35.9879708Z   Downloading tomli-2.0.1-py3-none-any.whl (12 kB)
2023-05-10T19:15:36.1381698Z Collecting virtualenv>=20.21 (from tox)
2023-05-10T19:15:36.1507033Z   Downloading virtualenv-20.23.0-py3-none-any.whl (3.3 MB)
2023-05-10T19:15:36.3566701Z      ━━━━━━━━━━━━━━━━━━━━━━━━━━━━━━━━━━━━━━━━ 3.3/3.3 MB 16.1 MB/s eta 0:00:00
2023-05-10T19:15:36.4978377Z Collecting distlib<1,>=0.3.6 (from virtualenv>=20.21->tox)
2023-05-10T19:15:36.5253325Z   Downloading distlib-0.3.6-py2.py3-none-any.whl (468 kB)
2023-05-10T19:15:36.5463407Z      ━━━━━━━━━━━━━━━━━━━━━━━━━━━━━━━━━━━━━━ 468.5/468.5 kB 26.4 MB/s eta 0:00:00
2023-05-10T19:15:36.7262129Z Installing collected packages: distlib, tomli, pluggy, platformdirs, packaging, filelock, colorama, chardet, cachetools, virtualenv, pyproject-api, tox
2023-05-10T19:15:37.4756093Z Successfully installed cachetools-5.3.0 chardet-5.1.0 colorama-0.4.6 distlib-0.3.6 filelock-3.12.0 packaging-23.1 platformdirs-3.5.0 pluggy-1.0.0 pyproject-api-1.5.1 tomli-2.0.1 tox-4.5.1 virtualenv-20.23.0
2023-05-10T19:15:37.6794663Z ##[group]Run tox -e lint
2023-05-10T19:15:37.6794953Z [36;1mtox -e lint[0m
2023-05-10T19:15:37.6857680Z shell: /usr/bin/bash -e {0}
2023-05-10T19:15:37.6857939Z env:
2023-05-10T19:15:37.6858266Z   pythonLocation: /opt/hostedtoolcache/Python/3.8.16/x64
2023-05-10T19:15:37.6858682Z   PKG_CONFIG_PATH: /opt/hostedtoolcache/Python/3.8.16/x64/lib/pkgconfig
2023-05-10T19:15:37.6859074Z   Python_ROOT_DIR: /opt/hostedtoolcache/Python/3.8.16/x64
2023-05-10T19:15:37.6859454Z   Python2_ROOT_DIR: /opt/hostedtoolcache/Python/3.8.16/x64
2023-05-10T19:15:37.6859823Z   Python3_ROOT_DIR: /opt/hostedtoolcache/Python/3.8.16/x64
2023-05-10T19:15:37.6860201Z   LD_LIBRARY_PATH: /opt/hostedtoolcache/Python/3.8.16/x64/lib
2023-05-10T19:15:37.6860492Z ##[endgroup]
2023-05-10T19:15:38.3958461Z lint: install_deps> python -I -m pip install flake8 flake8-bugbear flake8-builtins flake8-unused-arguments
2023-05-10T19:15:40.9828360Z lint: freeze> python -m pip freeze --all
2023-05-10T19:15:41.4306110Z lint: attrs==23.1.0,flake8==6.0.0,flake8-bugbear==23.5.9,flake8-builtins==2.1.0,flake8-unused-arguments==0.0.13,mccabe==0.7.0,pip==23.1.2,pycodestyle==2.10.0,pyflakes==3.0.1,setuptools==67.7.2,wheel==0.40.0
2023-05-10T19:15:41.4314563Z lint: commands[0]> flake8 --config=tox.ini src test
2023-05-10T19:15:42.3100398Z   lint: OK (4.29=setup[3.41]+cmd[0.88] seconds)
2023-05-10T19:15:42.3101596Z   congratulations :) (4.41 seconds)
2023-05-10T19:15:42.3542575Z Post job cleanup.
2023-05-10T19:15:42.5537226Z Post job cleanup.
2023-05-10T19:15:42.6766651Z [command]/usr/bin/git version
2023-05-10T19:15:42.6824852Z git version 2.40.1
2023-05-10T19:15:42.6876132Z Temporarily overriding HOME='/home/runner/work/_temp/1b250fff-fe3d-4bf2-9104-e3da5d1f04e0' before making global git config changes
2023-05-10T19:15:42.6877626Z Adding repository directory to the temporary git global config as a safe directory
2023-05-10T19:15:42.6884487Z [command]/usr/bin/git config --global --add safe.directory /home/runner/work/tinuous/tinuous
2023-05-10T19:15:42.6934647Z [command]/usr/bin/git config --local --name-only --get-regexp core\.sshCommand
2023-05-10T19:15:42.6980240Z [command]/usr/bin/git submodule foreach --recursive sh -c "git config --local --name-only --get-regexp 'core\.sshCommand' && git config --local --unset-all 'core.sshCommand' || :"
2023-05-10T19:15:42.7290494Z [command]/usr/bin/git config --local --name-only --get-regexp http\.https\:\/\/github\.com\/\.extraheader
2023-05-10T19:15:42.7322945Z http.https://github.com/.extraheader
2023-05-10T19:15:42.7338074Z [command]/usr/bin/git config --local --unset-all http.https://github.com/.extraheader
2023-05-10T19:15:42.7380807Z [command]/usr/bin/git submodule foreach --recursive sh -c "git config --local --name-only --get-regexp 'http\.https\:\/\/github\.com\/\.extraheader' && git config --local --unset-all 'http.https://github.com/.extraheader' || :"
2023-05-10T19:15:42.7886326Z Cleaning up orphan processes
