2021-06-11T16:12:58.1715436Z ##[section]Starting: Request a runner to run this job
2021-06-11T16:12:58.3781603Z Can't find any online and idle self-hosted runner in current repository that matches the required labels: 'ubuntu-latest'
2021-06-11T16:12:58.3781730Z Can't find any online and idle self-hosted runner in current repository's account/organization that matches the required labels: 'ubuntu-latest'
2021-06-11T16:12:58.3781941Z Found online and idle hosted runner in current repository's account/organization that matches the required labels: 'ubuntu-latest'
2021-06-11T16:12:58.5006026Z ##[section]Finishing: Request a runner to run this job
2021-06-11T16:13:06.5674277Z Current runner version: '2.278.0'
2021-06-11T16:13:06.5708241Z ##[group]Operating System
2021-06-11T16:13:06.5709320Z Ubuntu
2021-06-11T16:13:06.5710449Z 20.04.2
2021-06-11T16:13:06.5711486Z LTS
2021-06-11T16:13:06.5712004Z ##[endgroup]
2021-06-11T16:13:06.5713487Z ##[group]Virtual Environment
2021-06-11T16:13:06.5714248Z Environment: ubuntu-20.04
2021-06-11T16:13:06.5714940Z Version: 20210606.1
2021-06-11T16:13:06.5849307Z Included Software: https://github.com/actions/virtual-environments/blob/ubuntu20/20210606.1/images/linux/Ubuntu2004-README.md
2021-06-11T16:13:06.5850954Z Image Release: https://github.com/actions/virtual-environments/releases/tag/ubuntu20%2F20210606.1
2021-06-11T16:13:06.5851868Z ##[endgroup]
2021-06-11T16:13:06.5854910Z ##[group]GITHUB_TOKEN Permissions
2021-06-11T16:13:06.5856762Z Actions: write
2021-06-11T16:13:06.5857274Z Checks: write
2021-06-11T16:13:06.5857758Z Contents: write
2021-06-11T16:13:06.5858291Z Deployments: write
2021-06-11T16:13:06.5858969Z Discussions: write
2021-06-11T16:13:06.5859521Z Issues: write
2021-06-11T16:13:06.5860000Z Metadata: read
2021-06-11T16:13:06.5860505Z Packages: write
2021-06-11T16:13:06.5861041Z PullRequests: write
2021-06-11T16:13:06.5861650Z RepositoryProjects: write
2021-06-11T16:13:06.5862286Z SecurityEvents: write
2021-06-11T16:13:06.5862821Z Statuses: write
2021-06-11T16:13:06.5863502Z ##[endgroup]
2021-06-11T16:13:06.5867600Z Prepare workflow directory
2021-06-11T16:13:06.6633104Z Prepare all required actions
2021-06-11T16:13:06.6646061Z Getting action download info
2021-06-11T16:13:07.0802120Z Download action repository 'actions/checkout@v2'
2021-06-11T16:13:08.6504095Z Download action repository 'actions/setup-python@v2'
2021-06-11T16:13:09.5930768Z Download action repository 'codecov/codecov-action@v1'
2021-06-11T16:13:10.2295449Z ##[group]Run actions/checkout@v2
2021-06-11T16:13:10.2296170Z with:
2021-06-11T16:13:10.2296545Z   fetch-depth: 0
2021-06-11T16:13:10.2296987Z   repository: con/tinuous
2021-06-11T16:13:10.2297892Z   token: ***
2021-06-11T16:13:10.2298308Z   ssh-strict: true
2021-06-11T16:13:10.2298790Z   persist-credentials: true
2021-06-11T16:13:10.2299262Z   clean: true
2021-06-11T16:13:10.2299749Z   lfs: false
2021-06-11T16:13:10.2300134Z   submodules: false
2021-06-11T16:13:10.2300548Z ##[endgroup]
2021-06-11T16:13:10.5719382Z Syncing repository: con/tinuous
2021-06-11T16:13:10.5759992Z ##[group]Getting Git version info
2021-06-11T16:13:10.5761453Z Working directory is '/home/runner/work/tinuous/tinuous'
2021-06-11T16:13:10.5816752Z [command]/usr/bin/git version
2021-06-11T16:13:10.6009247Z git version 2.31.1
2021-06-11T16:13:10.6039244Z ##[endgroup]
2021-06-11T16:13:10.6045695Z Deleting the contents of '/home/runner/work/tinuous/tinuous'
2021-06-11T16:13:10.6049614Z ##[group]Initializing the repository
2021-06-11T16:13:10.6052630Z [command]/usr/bin/git init /home/runner/work/tinuous/tinuous
2021-06-11T16:13:10.6129954Z hint: Using 'master' as the name for the initial branch. This default branch name
2021-06-11T16:13:10.6131398Z hint: is subject to change. To configure the initial branch name to use in all
2021-06-11T16:13:10.6132674Z hint: of your new repositories, which will suppress this warning, call:
2021-06-11T16:13:10.6133754Z hint: 
2021-06-11T16:13:10.6135282Z hint: 	git config --global init.defaultBranch <name>
2021-06-11T16:13:10.6136007Z hint: 
2021-06-11T16:13:10.6160848Z hint: Names commonly chosen instead of 'master' are 'main', 'trunk' and
2021-06-11T16:13:10.6162651Z hint: 'development'. The just-created branch can be renamed via this command:
2021-06-11T16:13:10.6163670Z hint: 
2021-06-11T16:13:10.6164552Z hint: 	git branch -m <name>
2021-06-11T16:13:10.6165988Z Initialized empty Git repository in /home/runner/work/tinuous/tinuous/.git/
2021-06-11T16:13:10.6167292Z [command]/usr/bin/git remote add origin https://github.com/con/tinuous
2021-06-11T16:13:10.6204523Z ##[endgroup]
2021-06-11T16:13:10.6205708Z ##[group]Disabling automatic garbage collection
2021-06-11T16:13:10.6206975Z [command]/usr/bin/git config --local gc.auto 0
2021-06-11T16:13:10.6248372Z ##[endgroup]
2021-06-11T16:13:10.6250996Z ##[group]Setting up auth
2021-06-11T16:13:10.6252100Z [command]/usr/bin/git config --local --name-only --get-regexp core\.sshCommand
2021-06-11T16:13:10.6287775Z [command]/usr/bin/git submodule foreach --recursive git config --local --name-only --get-regexp 'core\.sshCommand' && git config --local --unset-all 'core.sshCommand' || :
2021-06-11T16:13:10.6746031Z [command]/usr/bin/git config --local --name-only --get-regexp http\.https\:\/\/github\.com\/\.extraheader
2021-06-11T16:13:10.6770215Z [command]/usr/bin/git submodule foreach --recursive git config --local --name-only --get-regexp 'http\.https\:\/\/github\.com\/\.extraheader' && git config --local --unset-all 'http.https://github.com/.extraheader' || :
2021-06-11T16:13:10.7058554Z [command]/usr/bin/git config --local http.https://github.com/.extraheader AUTHORIZATION: basic ***
2021-06-11T16:13:10.7108266Z ##[endgroup]
2021-06-11T16:13:10.7109825Z ##[group]Fetching the repository
2021-06-11T16:13:10.7120422Z [command]/usr/bin/git -c protocol.version=2 fetch --prune --progress --no-recurse-submodules origin +refs/heads/*:refs/remotes/origin/* +refs/tags/*:refs/tags/* +471678b11e4cb25bf76f34341ff840198bdbcbe8:refs/remotes/pull/98/merge
2021-06-11T16:13:12.1627909Z remote: Enumerating objects: 626, done.        
2021-06-11T16:13:12.1628791Z remote: Counting objects:   0% (1/280)        
2021-06-11T16:13:12.1630189Z remote: Counting objects:   1% (3/280)        
2021-06-11T16:13:12.1630956Z remote: Counting objects:   2% (6/280)        
2021-06-11T16:13:12.1631522Z remote: Counting objects:   3% (9/280)        
2021-06-11T16:13:12.1632144Z remote: Counting objects:   4% (12/280)        
2021-06-11T16:13:12.1633060Z remote: Counting objects:   5% (14/280)        
2021-06-11T16:13:12.1633703Z remote: Counting objects:   6% (17/280)        
2021-06-11T16:13:12.1634330Z remote: Counting objects:   7% (20/280)        
2021-06-11T16:13:12.1634879Z remote: Counting objects:   8% (23/280)        
2021-06-11T16:13:12.1635494Z remote: Counting objects:   9% (26/280)        
2021-06-11T16:13:12.1636045Z remote: Counting objects:  10% (28/280)        
2021-06-11T16:13:12.1636662Z remote: Counting objects:  11% (31/280)        
2021-06-11T16:13:12.1637228Z remote: Counting objects:  12% (34/280)        
2021-06-11T16:13:12.1637818Z remote: Counting objects:  13% (37/280)        
2021-06-11T16:13:12.1638441Z remote: Counting objects:  14% (40/280)        
2021-06-11T16:13:12.1638988Z remote: Counting objects:  15% (42/280)        
2021-06-11T16:13:12.1639612Z remote: Counting objects:  16% (45/280)        
2021-06-11T16:13:12.1640163Z remote: Counting objects:  17% (48/280)        
2021-06-11T16:13:12.1640893Z remote: Counting objects:  18% (51/280)        
2021-06-11T16:13:12.1641469Z remote: Counting objects:  19% (54/280)        
2021-06-11T16:13:12.1642088Z remote: Counting objects:  20% (56/280)        
2021-06-11T16:13:12.1642656Z remote: Counting objects:  21% (59/280)        
2021-06-11T16:13:12.1643319Z remote: Counting objects:  22% (62/280)        
2021-06-11T16:13:12.1643886Z remote: Counting objects:  23% (65/280)        
2021-06-11T16:13:12.1644500Z remote: Counting objects:  24% (68/280)        
2021-06-11T16:13:12.1645113Z remote: Counting objects:  25% (70/280)        
2021-06-11T16:13:12.1649796Z remote: Counting objects:  26% (73/280)        
2021-06-11T16:13:12.1651257Z remote: Counting objects:  27% (76/280)        
2021-06-11T16:13:12.1651850Z remote: Counting objects:  28% (79/280)        
2021-06-11T16:13:12.1652479Z remote: Counting objects:  29% (82/280)        
2021-06-11T16:13:12.1653850Z remote: Counting objects:  30% (84/280)        
2021-06-11T16:13:12.1654528Z remote: Counting objects:  31% (87/280)        
2021-06-11T16:13:12.1655336Z remote: Counting objects:  32% (90/280)        
2021-06-11T16:13:12.1656749Z remote: Counting objects:  33% (93/280)        
2021-06-11T16:13:12.1657394Z remote: Counting objects:  34% (96/280)        
2021-06-11T16:13:12.1657964Z remote: Counting objects:  35% (98/280)        
2021-06-11T16:13:12.1659653Z remote: Counting objects:  36% (101/280)        
2021-06-11T16:13:12.1660239Z remote: Counting objects:  37% (104/280)        
2021-06-11T16:13:12.1661953Z remote: Counting objects:  38% (107/280)        
2021-06-11T16:13:12.1662625Z remote: Counting objects:  39% (110/280)        
2021-06-11T16:13:12.1663198Z remote: Counting objects:  40% (112/280)        
2021-06-11T16:13:12.1664696Z remote: Counting objects:  41% (115/280)        
2021-06-11T16:13:12.1665289Z remote: Counting objects:  42% (118/280)        
2021-06-11T16:13:12.1665920Z remote: Counting objects:  43% (121/280)        
2021-06-11T16:13:12.1667441Z remote: Counting objects:  44% (124/280)        
2021-06-11T16:13:12.1668103Z remote: Counting objects:  45% (126/280)        
2021-06-11T16:13:12.1668768Z remote: Counting objects:  46% (129/280)        
2021-06-11T16:13:12.1669340Z remote: Counting objects:  47% (132/280)        
2021-06-11T16:13:12.1669971Z remote: Counting objects:  48% (135/280)        
2021-06-11T16:13:12.1670556Z remote: Counting objects:  49% (138/280)        
2021-06-11T16:13:12.1671168Z remote: Counting objects:  50% (140/280)        
2021-06-11T16:13:12.1671761Z remote: Counting objects:  51% (143/280)        
2021-06-11T16:13:12.1672387Z remote: Counting objects:  52% (146/280)        
2021-06-11T16:13:12.1672971Z remote: Counting objects:  53% (149/280)        
2021-06-11T16:13:12.1673585Z remote: Counting objects:  54% (152/280)        
2021-06-11T16:13:12.1674736Z remote: Counting objects:  55% (154/280)        
2021-06-11T16:13:12.1675505Z remote: Counting objects:  56% (157/280)        
2021-06-11T16:13:12.1676146Z remote: Counting objects:  57% (160/280)        
2021-06-11T16:13:12.1676897Z remote: Counting objects:  58% (163/280)        
2021-06-11T16:13:12.1677565Z remote: Counting objects:  59% (166/280)        
2021-06-11T16:13:12.1678135Z remote: Counting objects:  60% (168/280)        
2021-06-11T16:13:12.1678784Z remote: Counting objects:  61% (171/280)        
2021-06-11T16:13:12.1679377Z remote: Counting objects:  62% (174/280)        
2021-06-11T16:13:12.1680011Z remote: Counting objects:  63% (177/280)        
2021-06-11T16:13:12.1680578Z remote: Counting objects:  64% (180/280)        
2021-06-11T16:13:12.1681196Z remote: Counting objects:  65% (182/280)        
2021-06-11T16:13:12.1681832Z remote: Counting objects:  66% (185/280)        
2021-06-11T16:13:12.1682418Z remote: Counting objects:  67% (188/280)        
2021-06-11T16:13:12.1683036Z remote: Counting objects:  68% (191/280)        
2021-06-11T16:13:12.1683605Z remote: Counting objects:  69% (194/280)        
2021-06-11T16:13:12.1684218Z remote: Counting objects:  70% (196/280)        
2021-06-11T16:13:12.1684797Z remote: Counting objects:  71% (199/280)        
2021-06-11T16:13:12.1685655Z remote: Counting objects:  72% (202/280)        
2021-06-11T16:13:12.1686252Z remote: Counting objects:  73% (205/280)        
2021-06-11T16:13:12.1686870Z remote: Counting objects:  74% (208/280)        
2021-06-11T16:13:12.1687652Z remote: Counting objects:  75% (210/280)        
2021-06-11T16:13:12.1688221Z remote: Counting objects:  76% (213/280)        
2021-06-11T16:13:12.1688889Z remote: Counting objects:  77% (216/280)        
2021-06-11T16:13:12.1689459Z remote: Counting objects:  78% (219/280)        
2021-06-11T16:13:12.1690079Z remote: Counting objects:  79% (222/280)        
2021-06-11T16:13:12.1690644Z remote: Counting objects:  80% (224/280)        
2021-06-11T16:13:12.1691253Z remote: Counting objects:  81% (227/280)        
2021-06-11T16:13:12.1691906Z remote: Counting objects:  82% (230/280)        
2021-06-11T16:13:12.1692474Z remote: Counting objects:  83% (233/280)        
2021-06-11T16:13:12.1693095Z remote: Counting objects:  84% (236/280)        
2021-06-11T16:13:12.1693671Z remote: Counting objects:  85% (238/280)        
2021-06-11T16:13:12.1694302Z remote: Counting objects:  86% (241/280)        
2021-06-11T16:13:12.1694893Z remote: Counting objects:  87% (244/280)        
2021-06-11T16:13:12.1695655Z remote: Counting objects:  88% (247/280)        
2021-06-11T16:13:12.1696446Z remote: Counting objects:  89% (250/280)        
2021-06-11T16:13:12.1697068Z remote: Counting objects:  90% (252/280)        
2021-06-11T16:13:12.1697730Z remote: Counting objects:  91% (255/280)        
2021-06-11T16:13:12.1698327Z remote: Counting objects:  92% (258/280)        
2021-06-11T16:13:12.1699046Z remote: Counting objects:  93% (261/280)        
2021-06-11T16:13:12.1699589Z remote: Counting objects:  94% (264/280)        
2021-06-11T16:13:12.1700298Z remote: Counting objects:  95% (266/280)        
2021-06-11T16:13:12.1701122Z remote: Counting objects:  96% (269/280)        
2021-06-11T16:13:12.1701689Z remote: Counting objects:  97% (272/280)        
2021-06-11T16:13:12.1702317Z remote: Counting objects:  98% (275/280)        
2021-06-11T16:13:12.1702891Z remote: Counting objects:  99% (278/280)        
2021-06-11T16:13:12.1703522Z remote: Counting objects: 100% (280/280)        
2021-06-11T16:13:12.1704338Z remote: Counting objects: 100% (280/280), done.        
2021-06-11T16:13:12.1705003Z remote: Compressing objects:   0% (1/136)        
2021-06-11T16:13:12.1705631Z remote: Compressing objects:   1% (2/136)        
2021-06-11T16:13:12.1706208Z remote: Compressing objects:   2% (3/136)        
2021-06-11T16:13:12.1905841Z remote: Compressing objects:   3% (5/136)        
2021-06-11T16:13:12.1906571Z remote: Compressing objects:   4% (6/136)        
2021-06-11T16:13:12.3253426Z remote: Compressing objects:   5% (7/136)        
2021-06-11T16:13:12.3255038Z remote: Compressing objects:   6% (9/136)        
2021-06-11T16:13:12.3255941Z remote: Compressing objects:   7% (10/136)        
2021-06-11T16:13:12.3257005Z remote: Compressing objects:   8% (11/136)        
2021-06-11T16:13:12.3258510Z remote: Compressing objects:   9% (13/136)        
2021-06-11T16:13:12.3259357Z remote: Compressing objects:  10% (14/136)        
2021-06-11T16:13:12.3260197Z remote: Compressing objects:  11% (15/136)        
2021-06-11T16:13:12.3261649Z remote: Compressing objects:  12% (17/136)        
2021-06-11T16:13:12.3262499Z remote: Compressing objects:  13% (18/136)        
2021-06-11T16:13:12.3263313Z remote: Compressing objects:  14% (20/136)        
2021-06-11T16:13:12.3264181Z remote: Compressing objects:  15% (21/136)        
2021-06-11T16:13:12.3264973Z remote: Compressing objects:  16% (22/136)        
2021-06-11T16:13:12.3265748Z remote: Compressing objects:  17% (24/136)        
2021-06-11T16:13:12.3266537Z remote: Compressing objects:  18% (25/136)        
2021-06-11T16:13:12.3267308Z remote: Compressing objects:  19% (26/136)        
2021-06-11T16:13:12.3268046Z remote: Compressing objects:  20% (28/136)        
2021-06-11T16:13:12.3268829Z remote: Compressing objects:  21% (29/136)        
2021-06-11T16:13:12.3269604Z remote: Compressing objects:  22% (30/136)        
2021-06-11T16:13:12.3270390Z remote: Compressing objects:  23% (32/136)        
2021-06-11T16:13:12.3271153Z remote: Compressing objects:  24% (33/136)        
2021-06-11T16:13:12.3271937Z remote: Compressing objects:  25% (34/136)        
2021-06-11T16:13:12.3272619Z remote: Compressing objects:  26% (36/136)        
2021-06-11T16:13:12.3273214Z remote: Compressing objects:  27% (37/136)        
2021-06-11T16:13:12.3274002Z remote: Compressing objects:  28% (39/136)        
2021-06-11T16:13:12.3274673Z remote: Compressing objects:  29% (40/136)        
2021-06-11T16:13:12.3275376Z remote: Compressing objects:  30% (41/136)        
2021-06-11T16:13:12.3276038Z remote: Compressing objects:  31% (43/136)        
2021-06-11T16:13:12.3276635Z remote: Compressing objects:  32% (44/136)        
2021-06-11T16:13:12.3277661Z remote: Compressing objects:  33% (45/136)        
2021-06-11T16:13:12.3278252Z remote: Compressing objects:  34% (47/136)        
2021-06-11T16:13:12.3279251Z remote: Compressing objects:  35% (48/136)        
2021-06-11T16:13:12.3386386Z remote: Compressing objects:  36% (49/136)        
2021-06-11T16:13:12.3416623Z remote: Compressing objects:  37% (51/136)        
2021-06-11T16:13:12.3417780Z remote: Compressing objects:  38% (52/136)        
2021-06-11T16:13:12.3418509Z remote: Compressing objects:  39% (54/136)        
2021-06-11T16:13:12.3419205Z remote: Compressing objects:  40% (55/136)        
2021-06-11T16:13:12.3419894Z remote: Compressing objects:  41% (56/136)        
2021-06-11T16:13:12.3420583Z remote: Compressing objects:  42% (58/136)        
2021-06-11T16:13:12.3421256Z remote: Compressing objects:  43% (59/136)        
2021-06-11T16:13:12.3421948Z remote: Compressing objects:  44% (60/136)        
2021-06-11T16:13:12.3422635Z remote: Compressing objects:  45% (62/136)        
2021-06-11T16:13:12.3423315Z remote: Compressing objects:  46% (63/136)        
2021-06-11T16:13:12.3424018Z remote: Compressing objects:  47% (64/136)        
2021-06-11T16:13:12.3424849Z remote: Compressing objects:  48% (66/136)        
2021-06-11T16:13:12.3425569Z remote: Compressing objects:  49% (67/136)        
2021-06-11T16:13:12.3426285Z remote: Compressing objects:  50% (68/136)        
2021-06-11T16:13:12.3426998Z remote: Compressing objects:  51% (70/136)        
2021-06-11T16:13:12.3427710Z remote: Compressing objects:  52% (71/136)        
2021-06-11T16:13:12.3428413Z remote: Compressing objects:  53% (73/136)        
2021-06-11T16:13:12.3429239Z remote: Compressing objects:  54% (74/136)        
2021-06-11T16:13:12.3429920Z remote: Compressing objects:  55% (75/136)        
2021-06-11T16:13:12.3430600Z remote: Compressing objects:  56% (77/136)        
2021-06-11T16:13:12.3431285Z remote: Compressing objects:  57% (78/136)        
2021-06-11T16:13:12.3432141Z remote: Compressing objects:  58% (79/136)        
2021-06-11T16:13:12.3432841Z remote: Compressing objects:  59% (81/136)        
2021-06-11T16:13:12.3433658Z remote: Compressing objects:  60% (82/136)        
2021-06-11T16:13:12.3434412Z remote: Compressing objects:  61% (83/136)        
2021-06-11T16:13:12.3435291Z remote: Compressing objects:  62% (85/136)        
2021-06-11T16:13:12.3436002Z remote: Compressing objects:  63% (86/136)        
2021-06-11T16:13:12.3436687Z remote: Compressing objects:  64% (88/136)        
2021-06-11T16:13:12.3437373Z remote: Compressing objects:  65% (89/136)        
2021-06-11T16:13:12.3438050Z remote: Compressing objects:  66% (90/136)        
2021-06-11T16:13:12.3438741Z remote: Compressing objects:  67% (92/136)        
2021-06-11T16:13:12.3439432Z remote: Compressing objects:  68% (93/136)        
2021-06-11T16:13:12.3440111Z remote: Compressing objects:  69% (94/136)        
2021-06-11T16:13:12.3440795Z remote: Compressing objects:  70% (96/136)        
2021-06-11T16:13:12.3441477Z remote: Compressing objects:  71% (97/136)        
2021-06-11T16:13:12.3442162Z remote: Compressing objects:  72% (98/136)        
2021-06-11T16:13:12.3442858Z remote: Compressing objects:  73% (100/136)        
2021-06-11T16:13:12.3443538Z remote: Compressing objects:  74% (101/136)        
2021-06-11T16:13:12.3444232Z remote: Compressing objects:  75% (102/136)        
2021-06-11T16:13:12.3444937Z remote: Compressing objects:  76% (104/136)        
2021-06-11T16:13:12.3446139Z remote: Compressing objects:  77% (105/136)        
2021-06-11T16:13:12.3446847Z remote: Compressing objects:  78% (107/136)        
2021-06-11T16:13:12.3447524Z remote: Compressing objects:  79% (108/136)        
2021-06-11T16:13:12.3448220Z remote: Compressing objects:  80% (109/136)        
2021-06-11T16:13:12.3448915Z remote: Compressing objects:  81% (111/136)        
2021-06-11T16:13:12.3449598Z remote: Compressing objects:  82% (112/136)        
2021-06-11T16:13:12.3450285Z remote: Compressing objects:  83% (113/136)        
2021-06-11T16:13:12.3450956Z remote: Compressing objects:  84% (115/136)        
2021-06-11T16:13:12.3451656Z remote: Compressing objects:  85% (116/136)        
2021-06-11T16:13:12.3452356Z remote: Compressing objects:  86% (117/136)        
2021-06-11T16:13:12.3453036Z remote: Compressing objects:  87% (119/136)        
2021-06-11T16:13:12.3453726Z remote: Compressing objects:  88% (120/136)        
2021-06-11T16:13:12.3454593Z remote: Compressing objects:  89% (122/136)        
2021-06-11T16:13:12.3455279Z remote: Compressing objects:  90% (123/136)        
2021-06-11T16:13:12.3455965Z remote: Compressing objects:  91% (124/136)        
2021-06-11T16:13:12.3456643Z remote: Compressing objects:  92% (126/136)        
2021-06-11T16:13:12.3457346Z remote: Compressing objects:  93% (127/136)        
2021-06-11T16:13:12.3458034Z remote: Compressing objects:  94% (128/136)        
2021-06-11T16:13:12.3458709Z remote: Compressing objects:  95% (130/136)        
2021-06-11T16:13:12.3459395Z remote: Compressing objects:  96% (131/136)        
2021-06-11T16:13:12.3460067Z remote: Compressing objects:  97% (132/136)        
2021-06-11T16:13:12.3460767Z remote: Compressing objects:  98% (134/136)        
2021-06-11T16:13:12.3461464Z remote: Compressing objects:  99% (135/136)        
2021-06-11T16:13:12.3462141Z remote: Compressing objects: 100% (136/136)        
2021-06-11T16:13:12.3462865Z remote: Compressing objects: 100% (136/136), done.        
2021-06-11T16:13:12.3464317Z Receiving objects:   0% (1/626)
2021-06-11T16:13:12.3464957Z Receiving objects:   1% (7/626)
2021-06-11T16:13:12.3465570Z Receiving objects:   2% (13/626)
2021-06-11T16:13:12.3466141Z Receiving objects:   3% (19/626)
2021-06-11T16:13:12.3469399Z Receiving objects:   4% (26/626)
2021-06-11T16:13:12.3469998Z Receiving objects:   5% (32/626)
2021-06-11T16:13:12.3470572Z Receiving objects:   6% (38/626)
2021-06-11T16:13:12.3471163Z Receiving objects:   7% (44/626)
2021-06-11T16:13:12.3471734Z Receiving objects:   8% (51/626)
2021-06-11T16:13:12.3472311Z Receiving objects:   9% (57/626)
2021-06-11T16:13:12.3472896Z Receiving objects:  10% (63/626)
2021-06-11T16:13:12.3473617Z Receiving objects:  11% (69/626)
2021-06-11T16:13:12.3474271Z Receiving objects:  12% (76/626)
2021-06-11T16:13:12.3474851Z Receiving objects:  13% (82/626)
2021-06-11T16:13:12.3475576Z Receiving objects:  14% (88/626)
2021-06-11T16:13:12.3476193Z Receiving objects:  15% (94/626)
2021-06-11T16:13:12.3476788Z Receiving objects:  16% (101/626)
2021-06-11T16:13:12.3477402Z Receiving objects:  17% (107/626)
2021-06-11T16:13:12.3478000Z Receiving objects:  18% (113/626)
2021-06-11T16:13:12.3478609Z Receiving objects:  19% (119/626)
2021-06-11T16:13:12.3479215Z Receiving objects:  20% (126/626)
2021-06-11T16:13:12.3479805Z Receiving objects:  21% (132/626)
2021-06-11T16:13:12.3480516Z Receiving objects:  22% (138/626)
2021-06-11T16:13:12.3481091Z Receiving objects:  23% (144/626)
2021-06-11T16:13:12.3481678Z Receiving objects:  24% (151/626)
2021-06-11T16:13:12.3482265Z Receiving objects:  25% (157/626)
2021-06-11T16:13:12.3482840Z Receiving objects:  26% (163/626)
2021-06-11T16:13:12.3483435Z Receiving objects:  27% (170/626)
2021-06-11T16:13:12.3484016Z Receiving objects:  28% (176/626)
2021-06-11T16:13:12.3484602Z Receiving objects:  29% (182/626)
2021-06-11T16:13:12.3485189Z Receiving objects:  30% (188/626)
2021-06-11T16:13:12.3485971Z Receiving objects:  31% (195/626)
2021-06-11T16:13:12.3486619Z Receiving objects:  32% (201/626)
2021-06-11T16:13:12.3487348Z Receiving objects:  33% (207/626)
2021-06-11T16:13:12.3487954Z Receiving objects:  34% (213/626)
2021-06-11T16:13:12.3488550Z Receiving objects:  35% (220/626)
2021-06-11T16:13:12.3489156Z Receiving objects:  36% (226/626)
2021-06-11T16:13:12.3489747Z Receiving objects:  37% (232/626)
2021-06-11T16:13:12.3490351Z Receiving objects:  38% (238/626)
2021-06-11T16:13:12.3490958Z Receiving objects:  39% (245/626)
2021-06-11T16:13:12.3491556Z Receiving objects:  40% (251/626)
2021-06-11T16:13:12.3492166Z Receiving objects:  41% (257/626)
2021-06-11T16:13:12.3492754Z Receiving objects:  42% (263/626)
2021-06-11T16:13:12.3493356Z Receiving objects:  43% (270/626)
2021-06-11T16:13:12.3493960Z Receiving objects:  44% (276/626)
2021-06-11T16:13:12.3494562Z Receiving objects:  45% (282/626)
2021-06-11T16:13:12.3495168Z Receiving objects:  46% (288/626)
2021-06-11T16:13:12.3495760Z Receiving objects:  47% (295/626)
2021-06-11T16:13:12.3496533Z Receiving objects:  48% (301/626)
2021-06-11T16:13:12.3497318Z Receiving objects:  49% (307/626)
2021-06-11T16:13:12.3497897Z Receiving objects:  50% (313/626)
2021-06-11T16:13:12.3498484Z Receiving objects:  51% (320/626)
2021-06-11T16:13:12.3499057Z Receiving objects:  52% (326/626)
2021-06-11T16:13:12.3499643Z Receiving objects:  53% (332/626)
2021-06-11T16:13:12.3500222Z Receiving objects:  54% (339/626)
2021-06-11T16:13:12.3500973Z Receiving objects:  55% (345/626)
2021-06-11T16:13:12.3501583Z Receiving objects:  56% (351/626)
2021-06-11T16:13:12.3502174Z Receiving objects:  57% (357/626)
2021-06-11T16:13:12.3502782Z Receiving objects:  58% (364/626)
2021-06-11T16:13:12.3503388Z Receiving objects:  59% (370/626)
2021-06-11T16:13:12.3504100Z Receiving objects:  60% (376/626)
2021-06-11T16:13:12.3504702Z Receiving objects:  61% (382/626)
2021-06-11T16:13:12.3505279Z Receiving objects:  62% (389/626)
2021-06-11T16:13:12.3505864Z Receiving objects:  63% (395/626)
2021-06-11T16:13:12.3506462Z Receiving objects:  64% (401/626)
2021-06-11T16:13:12.3507036Z Receiving objects:  65% (407/626)
2021-06-11T16:13:12.3507620Z Receiving objects:  66% (414/626)
2021-06-11T16:13:12.3508191Z Receiving objects:  67% (420/626)
2021-06-11T16:13:12.3508776Z Receiving objects:  68% (426/626)
2021-06-11T16:13:12.3509359Z Receiving objects:  69% (432/626)
2021-06-11T16:13:12.3509936Z Receiving objects:  70% (439/626)
2021-06-11T16:13:12.3510522Z Receiving objects:  71% (445/626)
2021-06-11T16:13:12.3511098Z Receiving objects:  72% (451/626)
2021-06-11T16:13:12.3511683Z Receiving objects:  73% (457/626)
2021-06-11T16:13:12.3512270Z Receiving objects:  74% (464/626)
2021-06-11T16:13:12.3512845Z Receiving objects:  75% (470/626)
2021-06-11T16:13:12.3513537Z Receiving objects:  76% (476/626)
2021-06-11T16:13:12.3514914Z remote: Total 626 (delta 145), reused 179 (delta 126), pack-reused 346        
2021-06-11T16:13:12.3515715Z Receiving objects:  77% (483/626)
2021-06-11T16:13:12.3516315Z Receiving objects:  78% (489/626)
2021-06-11T16:13:12.3516917Z Receiving objects:  79% (495/626)
2021-06-11T16:13:12.3517508Z Receiving objects:  80% (501/626)
2021-06-11T16:13:12.3518082Z Receiving objects:  81% (508/626)
2021-06-11T16:13:12.3518674Z Receiving objects:  82% (514/626)
2021-06-11T16:13:12.3519263Z Receiving objects:  83% (520/626)
2021-06-11T16:13:12.3519839Z Receiving objects:  84% (526/626)
2021-06-11T16:13:12.3520433Z Receiving objects:  85% (533/626)
2021-06-11T16:13:12.3521007Z Receiving objects:  86% (539/626)
2021-06-11T16:13:12.3521594Z Receiving objects:  87% (545/626)
2021-06-11T16:13:12.3522184Z Receiving objects:  88% (551/626)
2021-06-11T16:13:12.3522760Z Receiving objects:  89% (558/626)
2021-06-11T16:13:12.3523343Z Receiving objects:  90% (564/626)
2021-06-11T16:13:12.3524053Z Receiving objects:  91% (570/626)
2021-06-11T16:13:12.3524672Z Receiving objects:  92% (576/626)
2021-06-11T16:13:12.3525414Z Receiving objects:  93% (583/626)
2021-06-11T16:13:12.3526052Z Receiving objects:  94% (589/626)
2021-06-11T16:13:12.3526678Z Receiving objects:  95% (595/626)
2021-06-11T16:13:12.3527274Z Receiving objects:  96% (601/626)
2021-06-11T16:13:12.3527882Z Receiving objects:  97% (608/626)
2021-06-11T16:13:12.3528484Z Receiving objects:  98% (614/626)
2021-06-11T16:13:12.3529075Z Receiving objects:  99% (620/626)
2021-06-11T16:13:12.3529686Z Receiving objects: 100% (626/626)
2021-06-11T16:13:12.3530353Z Receiving objects: 100% (626/626), 180.52 KiB | 2.44 MiB/s, done.
2021-06-11T16:13:12.3531013Z Resolving deltas:   0% (0/325)
2021-06-11T16:13:12.3531608Z Resolving deltas:   1% (4/325)
2021-06-11T16:13:12.3532185Z Resolving deltas:   2% (7/325)
2021-06-11T16:13:12.3532888Z Resolving deltas:   3% (10/325)
2021-06-11T16:13:12.3533451Z Resolving deltas:   4% (13/325)
2021-06-11T16:13:12.3534034Z Resolving deltas:   5% (17/325)
2021-06-11T16:13:12.3534609Z Resolving deltas:   6% (20/325)
2021-06-11T16:13:12.3535172Z Resolving deltas:   7% (23/325)
2021-06-11T16:13:12.3535747Z Resolving deltas:   8% (26/325)
2021-06-11T16:13:12.3536494Z Resolving deltas:   9% (30/325)
2021-06-11T16:13:12.3537076Z Resolving deltas:  10% (33/325)
2021-06-11T16:13:12.3537651Z Resolving deltas:  11% (36/325)
2021-06-11T16:13:12.3538210Z Resolving deltas:  12% (39/325)
2021-06-11T16:13:12.3538785Z Resolving deltas:  13% (43/325)
2021-06-11T16:13:12.3539346Z Resolving deltas:  14% (46/325)
2021-06-11T16:13:12.3539917Z Resolving deltas:  15% (49/325)
2021-06-11T16:13:12.3540618Z Resolving deltas:  16% (52/325)
2021-06-11T16:13:12.3541197Z Resolving deltas:  17% (56/325)
2021-06-11T16:13:12.3541786Z Resolving deltas:  18% (59/325)
2021-06-11T16:13:12.3542366Z Resolving deltas:  19% (62/325)
2021-06-11T16:13:12.3542958Z Resolving deltas:  20% (65/325)
2021-06-11T16:13:12.3543667Z Resolving deltas:  21% (69/325)
2021-06-11T16:13:12.3544241Z Resolving deltas:  22% (72/325)
2021-06-11T16:13:12.3544817Z Resolving deltas:  23% (75/325)
2021-06-11T16:13:12.3545375Z Resolving deltas:  24% (78/325)
2021-06-11T16:13:12.3545952Z Resolving deltas:  25% (82/325)
2021-06-11T16:13:12.3546539Z Resolving deltas:  26% (85/325)
2021-06-11T16:13:12.3547099Z Resolving deltas:  27% (88/325)
2021-06-11T16:13:12.3547673Z Resolving deltas:  28% (91/325)
2021-06-11T16:13:12.3548234Z Resolving deltas:  29% (95/325)
2021-06-11T16:13:12.3548811Z Resolving deltas:  30% (98/325)
2021-06-11T16:13:12.3549390Z Resolving deltas:  31% (101/325)
2021-06-11T16:13:12.3549958Z Resolving deltas:  32% (104/325)
2021-06-11T16:13:12.3550535Z Resolving deltas:  33% (108/325)
2021-06-11T16:13:12.3551100Z Resolving deltas:  34% (111/325)
2021-06-11T16:13:12.3551683Z Resolving deltas:  35% (114/325)
2021-06-11T16:13:12.3552249Z Resolving deltas:  36% (117/325)
2021-06-11T16:13:12.3552811Z Resolving deltas:  37% (121/325)
2021-06-11T16:13:12.3553483Z Resolving deltas:  38% (124/325)
2021-06-11T16:13:12.3554092Z Resolving deltas:  39% (127/325)
2021-06-11T16:13:12.3554677Z Resolving deltas:  40% (130/325)
2021-06-11T16:13:12.3555250Z Resolving deltas:  41% (134/325)
2021-06-11T16:13:12.3555828Z Resolving deltas:  42% (137/325)
2021-06-11T16:13:12.3556407Z Resolving deltas:  43% (140/325)
2021-06-11T16:13:12.3556965Z Resolving deltas:  44% (143/325)
2021-06-11T16:13:12.3557543Z Resolving deltas:  45% (147/325)
2021-06-11T16:13:12.3558118Z Resolving deltas:  46% (150/325)
2021-06-11T16:13:12.3558681Z Resolving deltas:  47% (153/325)
2021-06-11T16:13:12.3559257Z Resolving deltas:  48% (156/325)
2021-06-11T16:13:12.3559959Z Resolving deltas:  49% (160/325)
2021-06-11T16:13:12.3560554Z Resolving deltas:  50% (163/325)
2021-06-11T16:13:12.3561147Z Resolving deltas:  51% (166/325)
2021-06-11T16:13:12.3561732Z Resolving deltas:  52% (169/325)
2021-06-11T16:13:12.3562328Z Resolving deltas:  53% (173/325)
2021-06-11T16:13:12.3563012Z Resolving deltas:  54% (176/325)
2021-06-11T16:13:12.3563599Z Resolving deltas:  55% (179/325)
2021-06-11T16:13:12.3565786Z Resolving deltas:  56% (182/325)
2021-06-11T16:13:12.3566416Z Resolving deltas:  57% (186/325)
2021-06-11T16:13:12.3567021Z Resolving deltas:  58% (189/325)
2021-06-11T16:13:12.3567630Z Resolving deltas:  59% (192/325)
2021-06-11T16:13:12.3568231Z Resolving deltas:  60% (195/325)
2021-06-11T16:13:12.3568930Z Resolving deltas:  61% (199/325)
2021-06-11T16:13:12.3569496Z Resolving deltas:  62% (202/325)
2021-06-11T16:13:12.3570067Z Resolving deltas:  63% (205/325)
2021-06-11T16:13:12.3570629Z Resolving deltas:  64% (208/325)
2021-06-11T16:13:12.3571208Z Resolving deltas:  65% (212/325)
2021-06-11T16:13:12.3571784Z Resolving deltas:  66% (215/325)
2021-06-11T16:13:12.3572349Z Resolving deltas:  67% (218/325)
2021-06-11T16:13:12.3572922Z Resolving deltas:  68% (221/325)
2021-06-11T16:13:12.3573480Z Resolving deltas:  69% (225/325)
2021-06-11T16:13:12.3574064Z Resolving deltas:  70% (228/325)
2021-06-11T16:13:12.3574651Z Resolving deltas:  71% (231/325)
2021-06-11T16:13:12.3575221Z Resolving deltas:  72% (234/325)
2021-06-11T16:13:12.3575799Z Resolving deltas:  73% (238/325)
2021-06-11T16:13:12.3576361Z Resolving deltas:  74% (241/325)
2021-06-11T16:13:12.3576936Z Resolving deltas:  75% (244/325)
2021-06-11T16:13:12.3577837Z Resolving deltas:  76% (247/325)
2021-06-11T16:13:12.3578427Z Resolving deltas:  77% (251/325)
2021-06-11T16:13:12.3579020Z Resolving deltas:  78% (254/325)
2021-06-11T16:13:12.3579602Z Resolving deltas:  79% (257/325)
2021-06-11T16:13:12.3580198Z Resolving deltas:  80% (260/325)
2021-06-11T16:13:12.3580793Z Resolving deltas:  81% (264/325)
2021-06-11T16:13:12.3581378Z Resolving deltas:  82% (267/325)
2021-06-11T16:13:12.3581972Z Resolving deltas:  83% (270/325)
2021-06-11T16:13:12.3582551Z Resolving deltas:  84% (273/325)
2021-06-11T16:13:12.3583147Z Resolving deltas:  85% (277/325)
2021-06-11T16:13:12.3583846Z Resolving deltas:  86% (280/325)
2021-06-11T16:13:12.3584409Z Resolving deltas:  87% (283/325)
2021-06-11T16:13:12.3584997Z Resolving deltas:  88% (286/325)
2021-06-11T16:13:12.3585569Z Resolving deltas:  89% (290/325)
2021-06-11T16:13:12.3586144Z Resolving deltas:  90% (293/325)
2021-06-11T16:13:12.3586726Z Resolving deltas:  91% (296/325)
2021-06-11T16:13:12.3587303Z Resolving deltas:  92% (299/325)
2021-06-11T16:13:12.3587874Z Resolving deltas:  93% (303/325)
2021-06-11T16:13:12.3588439Z Resolving deltas:  94% (306/325)
2021-06-11T16:13:12.3589013Z Resolving deltas:  95% (309/325)
2021-06-11T16:13:12.3589586Z Resolving deltas:  96% (312/325)
2021-06-11T16:13:12.3590147Z Resolving deltas:  97% (316/325)
2021-06-11T16:13:12.3590721Z Resolving deltas:  98% (319/325)
2021-06-11T16:13:12.3591282Z Resolving deltas:  99% (322/325)
2021-06-11T16:13:12.3591859Z Resolving deltas: 100% (325/325)
2021-06-11T16:13:12.3592460Z Resolving deltas: 100% (325/325), done.
2021-06-11T16:13:12.3593154Z From https://github.com/con/tinuous
2021-06-11T16:13:12.3594480Z  * [new branch]      docfix01                                 -> origin/docfix01
2021-06-11T16:13:12.3595653Z  * [new branch]      gh-55                                    -> origin/gh-55
2021-06-11T16:13:12.3596677Z  * [new branch]      gh-93                                    -> origin/gh-93
2021-06-11T16:13:12.3597698Z  * [new branch]      gh-94                                    -> origin/gh-94
2021-06-11T16:13:12.3598681Z  * [new branch]      master                                   -> origin/master
2021-06-11T16:13:12.3599807Z  * [new branch]      optional-types                           -> origin/optional-types
2021-06-11T16:13:12.3600977Z  * [new branch]      redo-state                               -> origin/redo-state
2021-06-11T16:13:12.3602107Z  * [new branch]      rename-config                            -> origin/rename-config
2021-06-11T16:13:12.3603290Z  * [new branch]      test-appveyor                            -> origin/test-appveyor
2021-06-11T16:13:12.3604304Z  * [new tag]         0.1.0                                    -> 0.1.0
2021-06-11T16:13:12.3605165Z  * [new tag]         0.2.0                                    -> 0.2.0
2021-06-11T16:13:12.3606499Z  * [new ref]         471678b11e4cb25bf76f34341ff840198bdbcbe8 -> pull/98/merge
2021-06-11T16:13:12.3607749Z ##[endgroup]
2021-06-11T16:13:12.3608512Z ##[group]Determining the checkout info
2021-06-11T16:13:12.3609166Z ##[endgroup]
2021-06-11T16:13:12.3609747Z ##[group]Checking out the ref
2021-06-11T16:13:12.3610825Z [command]/usr/bin/git checkout --progress --force refs/remotes/pull/98/merge
2021-06-11T16:13:12.3611932Z Note: switching to 'refs/remotes/pull/98/merge'.
2021-06-11T16:13:12.3612596Z 
2021-06-11T16:13:12.3613570Z You are in 'detached HEAD' state. You can look around, make experimental
2021-06-11T16:13:12.3614561Z changes and commit them, and you can discard any commits you make in this
2021-06-11T16:13:12.3615480Z state without impacting any branches by switching back to a branch.
2021-06-11T16:13:12.3616166Z 
2021-06-11T16:13:12.3616831Z If you want to create a new branch to retain commits you create, you may
2021-06-11T16:13:12.3617926Z do so (now or later) by using -c with the switch command. Example:
2021-06-11T16:13:12.3618500Z 
2021-06-11T16:13:12.3619267Z   git switch -c <new-branch-name>
2021-06-11T16:13:12.3619966Z 
2021-06-11T16:13:12.3620618Z Or undo this operation with:
2021-06-11T16:13:12.3621060Z 
2021-06-11T16:13:12.3621694Z   git switch -
2021-06-11T16:13:12.3621957Z 
2021-06-11T16:13:12.3622603Z Turn off this advice by setting config variable advice.detachedHead to false
2021-06-11T16:13:12.3623324Z 
2021-06-11T16:13:12.3624450Z HEAD is now at 471678b Merge 50d3ebea1234666a0b6133ab220b1bcec9348b76 into b4f1a5ebe88486fab44fe8439b910587f2fb6977
2021-06-11T16:13:12.3625541Z ##[endgroup]
2021-06-11T16:13:12.3626385Z [command]/usr/bin/git log -1 --format='%H'
2021-06-11T16:13:12.3627484Z '471678b11e4cb25bf76f34341ff840198bdbcbe8'
2021-06-11T16:13:12.3741773Z ##[group]Run actions/setup-python@v2
2021-06-11T16:13:12.3742263Z with:
2021-06-11T16:13:12.3742651Z   python-version: 3.8
2021-06-11T16:13:12.3743504Z   token: ***
2021-06-11T16:13:12.3743876Z ##[endgroup]
2021-06-11T16:13:12.4478560Z Successfully setup CPython (3.8.10)
2021-06-11T16:13:12.4554121Z ##[group]Run python -m pip install --upgrade pip wheel
2021-06-11T16:13:12.4554917Z [36;1mpython -m pip install --upgrade pip wheel[0m
2021-06-11T16:13:12.4555662Z [36;1mpython -m pip install --upgrade --upgrade-strategy=eager tox[0m
2021-06-11T16:13:12.4603075Z shell: /usr/bin/bash -e {0}
2021-06-11T16:13:12.4603477Z env:
2021-06-11T16:13:12.4604037Z   pythonLocation: /opt/hostedtoolcache/Python/3.8.10/x64
2021-06-11T16:13:12.4604789Z   LD_LIBRARY_PATH: /opt/hostedtoolcache/Python/3.8.10/x64/lib
2021-06-11T16:13:12.4605714Z ##[endgroup]
2021-06-11T16:13:13.1309966Z Requirement already satisfied: pip in /opt/hostedtoolcache/Python/3.8.10/x64/lib/python3.8/site-packages (21.1.2)
2021-06-11T16:13:13.3718823Z Collecting wheel
2021-06-11T16:13:13.4329336Z   Downloading wheel-0.36.2-py2.py3-none-any.whl (35 kB)
2021-06-11T16:13:13.4937399Z Installing collected packages: wheel
2021-06-11T16:13:13.5324278Z Successfully installed wheel-0.36.2
2021-06-11T16:13:14.3419846Z Collecting tox
2021-06-11T16:13:14.3991098Z   Downloading tox-3.23.1-py2.py3-none-any.whl (85 kB)
2021-06-11T16:13:14.4869225Z Collecting six>=1.14.0
2021-06-11T16:13:14.5021915Z   Downloading six-1.16.0-py2.py3-none-any.whl (11 kB)
2021-06-11T16:13:14.5916388Z Collecting py>=1.4.17
2021-06-11T16:13:14.6089641Z   Downloading py-1.10.0-py2.py3-none-any.whl (97 kB)
2021-06-11T16:13:14.6767426Z Collecting pluggy>=0.12.0
2021-06-11T16:13:14.6895590Z   Downloading pluggy-0.13.1-py2.py3-none-any.whl (18 kB)
2021-06-11T16:13:14.7611583Z Collecting packaging>=14
2021-06-11T16:13:14.7764896Z   Downloading packaging-20.9-py2.py3-none-any.whl (40 kB)
2021-06-11T16:13:15.0249136Z Collecting virtualenv!=20.0.0,!=20.0.1,!=20.0.2,!=20.0.3,!=20.0.4,!=20.0.5,!=20.0.6,!=20.0.7,>=16.0.0
2021-06-11T16:13:15.0385398Z   Downloading virtualenv-20.4.7-py2.py3-none-any.whl (7.2 MB)
2021-06-11T16:13:15.2282957Z Collecting toml>=0.9.4
2021-06-11T16:13:15.2433072Z   Downloading toml-0.10.2-py2.py3-none-any.whl (16 kB)
2021-06-11T16:13:15.2799842Z Collecting filelock>=3.0.0
2021-06-11T16:13:15.2930488Z   Downloading filelock-3.0.12-py3-none-any.whl (7.6 kB)
2021-06-11T16:13:15.3893974Z Collecting pyparsing>=2.0.2
2021-06-11T16:13:15.4063099Z   Downloading pyparsing-2.4.7-py2.py3-none-any.whl (67 kB)
2021-06-11T16:13:15.4960146Z Collecting distlib<1,>=0.3.1
2021-06-11T16:13:15.5144562Z   Downloading distlib-0.3.2-py2.py3-none-any.whl (338 kB)
2021-06-11T16:13:15.5493552Z Collecting appdirs<2,>=1.4.3
2021-06-11T16:13:15.5634108Z   Downloading appdirs-1.4.4-py2.py3-none-any.whl (9.6 kB)
2021-06-11T16:13:15.6929513Z Installing collected packages: six, pyparsing, filelock, distlib, appdirs, virtualenv, toml, py, pluggy, packaging, tox
2021-06-11T16:13:17.0942185Z Successfully installed appdirs-1.4.4 distlib-0.3.2 filelock-3.0.12 packaging-20.9 pluggy-0.13.1 py-1.10.0 pyparsing-2.4.7 six-1.16.0 toml-0.10.2 tox-3.23.1 virtualenv-20.4.7
2021-06-11T16:13:17.1113517Z ##[group]Run tox -e typing
2021-06-11T16:13:17.1114131Z [36;1mtox -e typing[0m
2021-06-11T16:13:17.1157059Z shell: /usr/bin/bash -e {0}
2021-06-11T16:13:17.1157492Z env:
2021-06-11T16:13:17.1158238Z   pythonLocation: /opt/hostedtoolcache/Python/3.8.10/x64
2021-06-11T16:13:17.1159008Z   LD_LIBRARY_PATH: /opt/hostedtoolcache/Python/3.8.10/x64/lib
2021-06-11T16:13:17.1159594Z ##[endgroup]
2021-06-11T16:13:17.3550929Z .package create: /home/runner/work/tinuous/tinuous/.tox/.package
2021-06-11T16:13:18.0435550Z .package installdeps: setuptools >= 46.4.0, wheel ~= 0.32
2021-06-11T16:13:21.9210887Z typing create: /home/runner/work/tinuous/tinuous/.tox/typing
2021-06-11T16:13:22.2238826Z typing installdeps: mypy~=0.900, types-python-dateutil, types-PyYAML, types-requests, pytest~=6.0, pytest-cov~=2.0, pytest-mock~=3.0
2021-06-11T16:13:28.5626002Z typing inst: /home/runner/work/tinuous/tinuous/.tox/.tmp/package/1/tinuous-0.2.0+59.g471678b.tar.gz
2021-06-11T16:13:40.1893009Z typing installed: attrs==21.2.0,certifi==2021.5.30,cffi==1.14.5,chardet==4.0.0,click==8.0.1,click-loglevel==0.4.0.post1,coverage==5.5,Deprecated==1.2.12,idna==2.10,in-place==0.5.0,iniconfig==1.1.1,mypy==0.902,mypy-extensions==0.4.3,packaging==20.9,pluggy==0.13.1,py==1.10.0,pycparser==2.20,pydantic==1.8.2,PyGithub==1.55,PyJWT==2.1.0,PyNaCl==1.4.0,pyparsing==2.4.7,pytest==6.2.4,pytest-cov==2.12.1,pytest-mock==3.6.1,python-dateutil==2.8.1,python-dotenv==0.17.1,PyYAML==5.4.1,requests==2.25.1,six==1.16.0,tinuous @ file:///home/runner/work/tinuous/tinuous/.tox/.tmp/package/1/tinuous-0.2.0%2B59.g471678b.tar.gz,toml==0.10.2,types-python-dateutil==0.1.2,types-PyYAML==0.1.6,types-requests==0.1.10,typing-extensions==3.10.0.0,urllib3==1.26.5,wrapt==1.12.1
2021-06-11T16:13:40.1896937Z typing run-test-pre: PYTHONHASHSEED='3603228094'
2021-06-11T16:13:40.1898461Z typing run-test: commands[0] | mypy src test
2021-06-11T16:13:50.5863339Z Success: no issues found in 10 source files
2021-06-11T16:13:51.2192630Z ___________________________________ summary ____________________________________
2021-06-11T16:13:51.2193482Z   typing: commands succeeded
2021-06-11T16:13:51.2193932Z   congratulations :)
2021-06-11T16:13:51.2484691Z Post job cleanup.
2021-06-11T16:13:51.3611943Z [command]/usr/bin/git version
2021-06-11T16:13:51.3659478Z git version 2.31.1
2021-06-11T16:13:51.3712796Z [command]/usr/bin/git config --local --name-only --get-regexp core\.sshCommand
2021-06-11T16:13:51.3748244Z [command]/usr/bin/git submodule foreach --recursive git config --local --name-only --get-regexp 'core\.sshCommand' && git config --local --unset-all 'core.sshCommand' || :
2021-06-11T16:13:51.3996416Z [command]/usr/bin/git config --local --name-only --get-regexp http\.https\:\/\/github\.com\/\.extraheader
2021-06-11T16:13:51.4013248Z http.https://github.com/.extraheader
2021-06-11T16:13:51.4029200Z [command]/usr/bin/git config --local --unset-all http.https://github.com/.extraheader
2021-06-11T16:13:51.4057648Z [command]/usr/bin/git submodule foreach --recursive git config --local --name-only --get-regexp 'http\.https\:\/\/github\.com\/\.extraheader' && git config --local --unset-all 'http.https://github.com/.extraheader' || :
2021-06-11T16:13:51.4375545Z Cleaning up orphan processes
