2023-11-09T17:38:52.6097328Z Requested labels: ubuntu-latest
2023-11-09T17:38:52.6097627Z Job defined at: con/tinuous/.github/workflows/test.yml@refs/pull/176/merge
2023-11-09T17:38:52.6097739Z Waiting for a runner to pick up this job...
2023-11-09T17:38:53.0044677Z Job is waiting for a hosted runner to come online.
2023-11-09T17:38:56.4582030Z Job is about to start running on the hosted runner: GitHub Actions 8 (hosted)
2023-11-09T17:38:59.1545235Z Current runner version: '2.311.0'
2023-11-09T17:38:59.1569589Z ##[group]Operating System
2023-11-09T17:38:59.1570215Z Ubuntu
2023-11-09T17:38:59.1570556Z 22.04.3
2023-11-09T17:38:59.1570987Z LTS
2023-11-09T17:38:59.1571293Z ##[endgroup]
2023-11-09T17:38:59.1571667Z ##[group]Runner Image
2023-11-09T17:38:59.1572183Z Image: ubuntu-22.04
2023-11-09T17:38:59.1572547Z Version: 20231030.2.0
2023-11-09T17:38:59.1573549Z Included Software: https://github.com/actions/runner-images/blob/ubuntu22/20231030.2/images/linux/Ubuntu2204-Readme.md
2023-11-09T17:38:59.1575046Z Image Release: https://github.com/actions/runner-images/releases/tag/ubuntu22%2F20231030.2
2023-11-09T17:38:59.1575873Z ##[endgroup]
2023-11-09T17:38:59.1576286Z ##[group]Runner Image Provisioner
2023-11-09T17:38:59.1576871Z 2.0.312.1
2023-11-09T17:38:59.1577172Z ##[endgroup]
2023-11-09T17:38:59.1579318Z ##[group]GITHUB_TOKEN Permissions
2023-11-09T17:38:59.1581024Z Actions: write
2023-11-09T17:38:59.1581440Z Checks: write
2023-11-09T17:38:59.1582094Z Contents: write
2023-11-09T17:38:59.1582565Z Deployments: write
2023-11-09T17:38:59.1583048Z Discussions: write
2023-11-09T17:38:59.1583404Z Issues: write
2023-11-09T17:38:59.1583790Z Metadata: read
2023-11-09T17:38:59.1584266Z Packages: write
2023-11-09T17:38:59.1584631Z Pages: write
2023-11-09T17:38:59.1585007Z PullRequests: write
2023-11-09T17:38:59.1585493Z RepositoryProjects: write
2023-11-09T17:38:59.1585932Z SecurityEvents: write
2023-11-09T17:38:59.1586344Z Statuses: write
2023-11-09T17:38:59.1586783Z ##[endgroup]
2023-11-09T17:38:59.1589889Z Secret source: Actions
2023-11-09T17:38:59.1590499Z Prepare workflow directory
2023-11-09T17:38:59.2208243Z Prepare all required actions
2023-11-09T17:38:59.2371806Z Getting action download info
2023-11-09T17:38:59.4777587Z Download action repository 'actions/checkout@v4' (SHA:b4ffde65f46336ab88eb53be808477a3936bae11)
2023-11-09T17:38:59.5903246Z Download action repository 'actions/setup-python@v4' (SHA:65d7f2d534ac1bc67fcd62888c5f4f3d2cb2b236)
2023-11-09T17:38:59.6608725Z Download action repository 'codecov/codecov-action@v3' (SHA:eaaf4bedf32dbdc6b720b63067d99c4d77d6047d)
2023-11-09T17:39:00.3679075Z Complete job name: test (3.8, py)
2023-11-09T17:39:00.4651703Z ##[group]Run actions/checkout@v4
2023-11-09T17:39:00.4652295Z with:
2023-11-09T17:39:00.4652843Z   fetch-depth: 0
2023-11-09T17:39:00.4653287Z   repository: con/tinuous
2023-11-09T17:39:00.4653992Z   token: ***
2023-11-09T17:39:00.4654513Z   ssh-strict: true
2023-11-09T17:39:00.4654956Z   persist-credentials: true
2023-11-09T17:39:00.4655421Z   clean: true
2023-11-09T17:39:00.4655927Z   sparse-checkout-cone-mode: true
2023-11-09T17:39:00.4656463Z   fetch-tags: false
2023-11-09T17:39:00.4656887Z   show-progress: true
2023-11-09T17:39:00.4657402Z   lfs: false
2023-11-09T17:39:00.4657785Z   submodules: false
2023-11-09T17:39:00.4658212Z   set-safe-directory: true
2023-11-09T17:39:00.4658763Z ##[endgroup]
2023-11-09T17:39:00.7027141Z Syncing repository: con/tinuous
2023-11-09T17:39:00.7029989Z ##[group]Getting Git version info
2023-11-09T17:39:00.7031466Z Working directory is '/home/runner/work/tinuous/tinuous'
2023-11-09T17:39:00.7033122Z [command]/usr/bin/git version
2023-11-09T17:39:00.7034121Z git version 2.42.0
2023-11-09T17:39:00.7036775Z ##[endgroup]
2023-11-09T17:39:00.7052187Z Temporarily overriding HOME='/home/runner/work/_temp/c8521c5c-402d-480b-8aa8-b02a559017ab' before making global git config changes
2023-11-09T17:39:00.7054862Z Adding repository directory to the temporary git global config as a safe directory
2023-11-09T17:39:00.7056917Z [command]/usr/bin/git config --global --add safe.directory /home/runner/work/tinuous/tinuous
2023-11-09T17:39:00.7059862Z Deleting the contents of '/home/runner/work/tinuous/tinuous'
2023-11-09T17:39:00.7066524Z ##[group]Initializing the repository
2023-11-09T17:39:00.7069382Z [command]/usr/bin/git init /home/runner/work/tinuous/tinuous
2023-11-09T17:39:00.7131244Z hint: Using 'master' as the name for the initial branch. This default branch name
2023-11-09T17:39:00.7133618Z hint: is subject to change. To configure the initial branch name to use in all
2023-11-09T17:39:00.7135486Z hint: of your new repositories, which will suppress this warning, call:
2023-11-09T17:39:00.7136749Z hint: 
2023-11-09T17:39:00.7137674Z hint: 	git config --global init.defaultBranch <name>
2023-11-09T17:39:00.7138873Z hint: 
2023-11-09T17:39:00.7139977Z hint: Names commonly chosen instead of 'master' are 'main', 'trunk' and
2023-11-09T17:39:00.7141756Z hint: 'development'. The just-created branch can be renamed via this command:
2023-11-09T17:39:00.7143067Z hint: 
2023-11-09T17:39:00.7143747Z hint: 	git branch -m <name>
2023-11-09T17:39:00.7144947Z Initialized empty Git repository in /home/runner/work/tinuous/tinuous/.git/
2023-11-09T17:39:00.7157071Z [command]/usr/bin/git remote add origin https://github.com/con/tinuous
2023-11-09T17:39:00.7188150Z ##[endgroup]
2023-11-09T17:39:00.7189528Z ##[group]Disabling automatic garbage collection
2023-11-09T17:39:00.7190814Z [command]/usr/bin/git config --local gc.auto 0
2023-11-09T17:39:00.7218708Z ##[endgroup]
2023-11-09T17:39:00.7219941Z ##[group]Setting up auth
2023-11-09T17:39:00.7224056Z [command]/usr/bin/git config --local --name-only --get-regexp core\.sshCommand
2023-11-09T17:39:00.7252290Z [command]/usr/bin/git submodule foreach --recursive sh -c "git config --local --name-only --get-regexp 'core\.sshCommand' && git config --local --unset-all 'core.sshCommand' || :"
2023-11-09T17:39:00.7548243Z [command]/usr/bin/git config --local --name-only --get-regexp http\.https\:\/\/github\.com\/\.extraheader
2023-11-09T17:39:00.7577712Z [command]/usr/bin/git submodule foreach --recursive sh -c "git config --local --name-only --get-regexp 'http\.https\:\/\/github\.com\/\.extraheader' && git config --local --unset-all 'http.https://github.com/.extraheader' || :"
2023-11-09T17:39:00.7809476Z [command]/usr/bin/git config --local http.https://github.com/.extraheader AUTHORIZATION: basic ***
2023-11-09T17:39:00.7843443Z ##[endgroup]
2023-11-09T17:39:00.7844907Z ##[group]Fetching the repository
2023-11-09T17:39:00.7853970Z [command]/usr/bin/git -c protocol.version=2 fetch --prune --no-recurse-submodules origin +refs/heads/*:refs/remotes/origin/* +refs/tags/*:refs/tags/* +b84f278afc7ce77797c04d74cfd67f0d3d1b0d97:refs/remotes/pull/176/merge
2023-11-09T17:39:01.6012374Z From https://github.com/con/tinuous
2023-11-09T17:39:01.6013986Z  * [new branch]      gh-55                                    -> origin/gh-55
2023-11-09T17:39:01.6015539Z  * [new branch]      headers                                  -> origin/headers
2023-11-09T17:39:01.6017029Z  * [new branch]      master                                   -> origin/master
2023-11-09T17:39:01.6018403Z  * [new branch]      mypy-import                              -> origin/mypy-import
2023-11-09T17:39:01.6019909Z  * [new branch]      no-extra-search                          -> origin/no-extra-search
2023-11-09T17:39:01.6021447Z  * [new branch]      pragmata                                 -> origin/pragmata
2023-11-09T17:39:01.6022900Z  * [new branch]      test-appveyor                            -> origin/test-appveyor
2023-11-09T17:39:01.6024333Z  * [new branch]      updates                                  -> origin/updates
2023-11-09T17:39:01.6026037Z  * [new tag]         0.1.0                                    -> 0.1.0
2023-11-09T17:39:01.6027409Z  * [new tag]         0.2.0                                    -> 0.2.0
2023-11-09T17:39:01.6029317Z  * [new tag]         0.3.0                                    -> 0.3.0
2023-11-09T17:39:01.6030591Z  * [new tag]         0.4.0                                    -> 0.4.0
2023-11-09T17:39:01.6031716Z  * [new tag]         0.5.0                                    -> 0.5.0
2023-11-09T17:39:01.6032647Z  * [new tag]         0.5.1                                    -> 0.5.1
2023-11-09T17:39:01.6034394Z  * [new tag]         0.5.2                                    -> 0.5.2
2023-11-09T17:39:01.6035554Z  * [new tag]         0.5.3                                    -> 0.5.3
2023-11-09T17:39:01.6037184Z  * [new tag]         0.5.4                                    -> 0.5.4
2023-11-09T17:39:01.6038268Z  * [new tag]         0.6.0                                    -> 0.6.0
2023-11-09T17:39:01.6039555Z  * [new tag]         0.6.1                                    -> 0.6.1
2023-11-09T17:39:01.6043813Z  * [new ref]         b84f278afc7ce77797c04d74cfd67f0d3d1b0d97 -> pull/176/merge
2023-11-09T17:39:01.6073769Z ##[endgroup]
2023-11-09T17:39:01.6075063Z ##[group]Determining the checkout info
2023-11-09T17:39:01.6076172Z ##[endgroup]
2023-11-09T17:39:01.6077244Z ##[group]Checking out the ref
2023-11-09T17:39:01.6081120Z [command]/usr/bin/git checkout --progress --force refs/remotes/pull/176/merge
2023-11-09T17:39:01.6136748Z Note: switching to 'refs/remotes/pull/176/merge'.
2023-11-09T17:39:01.6137518Z 
2023-11-09T17:39:01.6138233Z You are in 'detached HEAD' state. You can look around, make experimental
2023-11-09T17:39:01.6138978Z changes and commit them, and you can discard any commits you make in this
2023-11-09T17:39:01.6140052Z state without impacting any branches by switching back to a branch.
2023-11-09T17:39:01.6140807Z 
2023-11-09T17:39:01.6141419Z If you want to create a new branch to retain commits you create, you may
2023-11-09T17:39:01.6142857Z do so (now or later) by using -c with the switch command. Example:
2023-11-09T17:39:01.6143822Z 
2023-11-09T17:39:01.6144214Z   git switch -c <new-branch-name>
2023-11-09T17:39:01.6144713Z 
2023-11-09T17:39:01.6144955Z Or undo this operation with:
2023-11-09T17:39:01.6145342Z 
2023-11-09T17:39:01.6145790Z   git switch -
2023-11-09T17:39:01.6146153Z 
2023-11-09T17:39:01.6146703Z Turn off this advice by setting config variable advice.detachedHead to false
2023-11-09T17:39:01.6147530Z 
2023-11-09T17:39:01.6148316Z HEAD is now at b84f278 Merge 0664e6a0b4d725fcd2b84513c523e9a3f0814b67 into 49ca485b676e73872d3f5922f085087c93a2fd7e
2023-11-09T17:39:01.6150929Z ##[endgroup]
2023-11-09T17:39:01.6181721Z [command]/usr/bin/git log -1 --format='%H'
2023-11-09T17:39:01.6205064Z 'b84f278afc7ce77797c04d74cfd67f0d3d1b0d97'
2023-11-09T17:39:01.6532765Z ##[group]Run actions/setup-python@v4
2023-11-09T17:39:01.6533248Z with:
2023-11-09T17:39:01.6533588Z   python-version: 3.8
2023-11-09T17:39:01.6534008Z   check-latest: false
2023-11-09T17:39:01.6534517Z   token: ***
2023-11-09T17:39:01.6534876Z   update-environment: true
2023-11-09T17:39:01.6535343Z   allow-prereleases: false
2023-11-09T17:39:01.6535670Z ##[endgroup]
2023-11-09T17:39:01.8436312Z ##[group]Installed versions
2023-11-09T17:39:01.8514177Z Successfully set up CPython (3.8.18)
2023-11-09T17:39:01.8515807Z ##[endgroup]
2023-11-09T17:39:01.8655216Z ##[group]Run python -m pip install --upgrade pip wheel
2023-11-09T17:39:01.8656054Z [36;1mpython -m pip install --upgrade pip wheel[0m
2023-11-09T17:39:01.8656733Z [36;1mpython -m pip install --upgrade --upgrade-strategy=eager tox[0m
2023-11-09T17:39:01.8718822Z shell: /usr/bin/bash -e {0}
2023-11-09T17:39:01.8719250Z env:
2023-11-09T17:39:01.8719794Z   pythonLocation: /opt/hostedtoolcache/Python/3.8.18/x64
2023-11-09T17:39:01.8720474Z   PKG_CONFIG_PATH: /opt/hostedtoolcache/Python/3.8.18/x64/lib/pkgconfig
2023-11-09T17:39:01.8721119Z   Python_ROOT_DIR: /opt/hostedtoolcache/Python/3.8.18/x64
2023-11-09T17:39:01.8721723Z   Python2_ROOT_DIR: /opt/hostedtoolcache/Python/3.8.18/x64
2023-11-09T17:39:01.8722302Z   Python3_ROOT_DIR: /opt/hostedtoolcache/Python/3.8.18/x64
2023-11-09T17:39:01.8722895Z   LD_LIBRARY_PATH: /opt/hostedtoolcache/Python/3.8.18/x64/lib
2023-11-09T17:39:01.8723422Z ##[endgroup]
2023-11-09T17:39:02.4562068Z Requirement already satisfied: pip in /opt/hostedtoolcache/Python/3.8.18/x64/lib/python3.8/site-packages (23.0.1)
2023-11-09T17:39:02.5719474Z Collecting pip
2023-11-09T17:39:02.6221760Z   Downloading pip-23.3.1-py3-none-any.whl.metadata (3.5 kB)
2023-11-09T17:39:02.6607487Z Collecting wheel
2023-11-09T17:39:02.6661918Z   Downloading wheel-0.41.3-py3-none-any.whl.metadata (2.2 kB)
2023-11-09T17:39:02.6972561Z Downloading pip-23.3.1-py3-none-any.whl (2.1 MB)
2023-11-09T17:39:02.7479585Z    ━━━━━━━━━━━━━━━━━━━━━━━━━━━━━━━━━━━━━━━━ 2.1/2.1 MB 43.9 MB/s eta 0:00:00
2023-11-09T17:39:02.7520656Z Downloading wheel-0.41.3-py3-none-any.whl (65 kB)
2023-11-09T17:39:02.7572147Z    ━━━━━━━━━━━━━━━━━━━━━━━━━━━━━━━━━━━━━━━━ 65.8/65.8 kB 19.7 MB/s eta 0:00:00
2023-11-09T17:39:02.7961729Z Installing collected packages: wheel, pip
2023-11-09T17:39:02.8365764Z   Attempting uninstall: pip
2023-11-09T17:39:02.8372120Z     Found existing installation: pip 23.0.1
2023-11-09T17:39:02.8847971Z     Uninstalling pip-23.0.1:
2023-11-09T17:39:02.9324399Z       Successfully uninstalled pip-23.0.1
2023-11-09T17:39:03.8517992Z Successfully installed pip-23.3.1 wheel-0.41.3
2023-11-09T17:39:04.5932279Z Collecting tox
2023-11-09T17:39:04.6394555Z   Downloading tox-4.11.3-py3-none-any.whl.metadata (5.0 kB)
2023-11-09T17:39:04.6961696Z Collecting cachetools>=5.3.1 (from tox)
2023-11-09T17:39:04.7000460Z   Downloading cachetools-5.3.2-py3-none-any.whl.metadata (5.2 kB)
2023-11-09T17:39:04.7173630Z Collecting chardet>=5.2 (from tox)
2023-11-09T17:39:04.7208436Z   Downloading chardet-5.2.0-py3-none-any.whl.metadata (3.4 kB)
2023-11-09T17:39:04.7472354Z Collecting colorama>=0.4.6 (from tox)
2023-11-09T17:39:04.7515408Z   Downloading colorama-0.4.6-py2.py3-none-any.whl (25 kB)
2023-11-09T17:39:04.7866595Z Collecting filelock>=3.12.3 (from tox)
2023-11-09T17:39:04.7908083Z   Downloading filelock-3.13.1-py3-none-any.whl.metadata (2.8 kB)
2023-11-09T17:39:04.8207554Z Collecting packaging>=23.1 (from tox)
2023-11-09T17:39:04.8242048Z   Downloading packaging-23.2-py3-none-any.whl.metadata (3.2 kB)
2023-11-09T17:39:04.8509760Z Collecting platformdirs>=3.10 (from tox)
2023-11-09T17:39:04.8544076Z   Downloading platformdirs-3.11.0-py3-none-any.whl.metadata (11 kB)
2023-11-09T17:39:04.8770550Z Collecting pluggy>=1.3 (from tox)
2023-11-09T17:39:04.8804448Z   Downloading pluggy-1.3.0-py3-none-any.whl.metadata (4.3 kB)
2023-11-09T17:39:04.9004842Z Collecting pyproject-api>=1.6.1 (from tox)
2023-11-09T17:39:04.9087899Z   Downloading pyproject_api-1.6.1-py3-none-any.whl.metadata (2.8 kB)
2023-11-09T17:39:04.9307564Z Collecting tomli>=2.0.1 (from tox)
2023-11-09T17:39:04.9343242Z   Downloading tomli-2.0.1-py3-none-any.whl (12 kB)
2023-11-09T17:39:05.0267404Z Collecting virtualenv>=20.24.3 (from tox)
2023-11-09T17:39:05.0311696Z   Downloading virtualenv-20.24.6-py3-none-any.whl.metadata (4.5 kB)
2023-11-09T17:39:05.1133919Z Collecting distlib<1,>=0.3.7 (from virtualenv>=20.24.3->tox)
2023-11-09T17:39:05.1169495Z   Downloading distlib-0.3.7-py2.py3-none-any.whl.metadata (5.1 kB)
2023-11-09T17:39:05.1376398Z Downloading tox-4.11.3-py3-none-any.whl (153 kB)
2023-11-09T17:39:05.1465597Z    ━━━━━━━━━━━━━━━━━━━━━━━━━━━━━━━━━━━━━━━━ 153.8/153.8 kB 23.1 MB/s eta 0:00:00
2023-11-09T17:39:05.1501417Z Downloading cachetools-5.3.2-py3-none-any.whl (9.3 kB)
2023-11-09T17:39:05.1573310Z Downloading chardet-5.2.0-py3-none-any.whl (199 kB)
2023-11-09T17:39:05.1643033Z    ━━━━━━━━━━━━━━━━━━━━━━━━━━━━━━━━━━━━━━━━ 199.4/199.4 kB 40.6 MB/s eta 0:00:00
2023-11-09T17:39:05.1675033Z Downloading filelock-3.13.1-py3-none-any.whl (11 kB)
2023-11-09T17:39:05.1734310Z Downloading packaging-23.2-py3-none-any.whl (53 kB)
2023-11-09T17:39:05.1780854Z    ━━━━━━━━━━━━━━━━━━━━━━━━━━━━━━━━━━━━━━━━ 53.0/53.0 kB 16.5 MB/s eta 0:00:00
2023-11-09T17:39:05.1816487Z Downloading platformdirs-3.11.0-py3-none-any.whl (17 kB)
2023-11-09T17:39:05.1872806Z Downloading pluggy-1.3.0-py3-none-any.whl (18 kB)
2023-11-09T17:39:05.1948847Z Downloading pyproject_api-1.6.1-py3-none-any.whl (12 kB)
2023-11-09T17:39:05.2009554Z Downloading virtualenv-20.24.6-py3-none-any.whl (3.8 MB)
2023-11-09T17:39:05.2428215Z    ━━━━━━━━━━━━━━━━━━━━━━━━━━━━━━━━━━━━━━━━ 3.8/3.8 MB 95.5 MB/s eta 0:00:00
2023-11-09T17:39:05.2468800Z Downloading distlib-0.3.7-py2.py3-none-any.whl (468 kB)
2023-11-09T17:39:05.2553652Z    ━━━━━━━━━━━━━━━━━━━━━━━━━━━━━━━━━━━━━━━━ 468.9/468.9 kB 71.7 MB/s eta 0:00:00
2023-11-09T17:39:05.3819654Z Installing collected packages: distlib, tomli, pluggy, platformdirs, packaging, filelock, colorama, chardet, cachetools, virtualenv, pyproject-api, tox
2023-11-09T17:39:05.9099838Z Successfully installed cachetools-5.3.2 chardet-5.2.0 colorama-0.4.6 distlib-0.3.7 filelock-3.13.1 packaging-23.2 platformdirs-3.11.0 pluggy-1.3.0 pyproject-api-1.6.1 tomli-2.0.1 tox-4.11.3 virtualenv-20.24.6
2023-11-09T17:39:06.0247707Z ##[group]Run tox -e py -- --cov-report=xml
2023-11-09T17:39:06.0248247Z [36;1mtox -e py -- --cov-report=xml[0m
2023-11-09T17:39:06.0292499Z shell: /usr/bin/bash -e {0}
2023-11-09T17:39:06.0292881Z env:
2023-11-09T17:39:06.0293390Z   pythonLocation: /opt/hostedtoolcache/Python/3.8.18/x64
2023-11-09T17:39:06.0294044Z   PKG_CONFIG_PATH: /opt/hostedtoolcache/Python/3.8.18/x64/lib/pkgconfig
2023-11-09T17:39:06.0294690Z   Python_ROOT_DIR: /opt/hostedtoolcache/Python/3.8.18/x64
2023-11-09T17:39:06.0295341Z   Python2_ROOT_DIR: /opt/hostedtoolcache/Python/3.8.18/x64
2023-11-09T17:39:06.0295862Z   Python3_ROOT_DIR: /opt/hostedtoolcache/Python/3.8.18/x64
2023-11-09T17:39:06.0296451Z   LD_LIBRARY_PATH: /opt/hostedtoolcache/Python/3.8.18/x64/lib
2023-11-09T17:39:06.0297014Z ##[endgroup]
2023-11-09T17:39:06.5464662Z py: install_deps> python -I -m pip install pytest pytest-cov pytest-mock
2023-11-09T17:39:08.7895303Z .pkg: install_requires> python -I -m pip install 'setuptools>=46.4.0' versioningit
2023-11-09T17:39:10.2236064Z .pkg: _optional_hooks> python /opt/hostedtoolcache/Python/3.8.18/x64/lib/python3.8/site-packages/pyproject_api/_backend.py True setuptools.build_meta
2023-11-09T17:39:10.4302862Z .pkg: get_requires_for_build_sdist> python /opt/hostedtoolcache/Python/3.8.18/x64/lib/python3.8/site-packages/pyproject_api/_backend.py True setuptools.build_meta
2023-11-09T17:39:10.5386652Z .pkg: get_requires_for_build_wheel> python /opt/hostedtoolcache/Python/3.8.18/x64/lib/python3.8/site-packages/pyproject_api/_backend.py True setuptools.build_meta
2023-11-09T17:39:10.6034369Z .pkg: install_requires_for_build_wheel> python -I -m pip install wheel
2023-11-09T17:39:11.1198946Z .pkg: freeze> python -m pip freeze --all
2023-11-09T17:39:11.4169591Z .pkg: importlib-metadata==6.8.0,packaging==23.2,pip==23.3.1,setuptools==68.2.2,tomli==2.0.1,versioningit==2.2.1,wheel==0.41.2,zipp==3.17.0
2023-11-09T17:39:11.4175612Z .pkg: prepare_metadata_for_build_wheel> python /opt/hostedtoolcache/Python/3.8.18/x64/lib/python3.8/site-packages/pyproject_api/_backend.py True setuptools.build_meta
2023-11-09T17:39:11.5218008Z .pkg: build_sdist> python /opt/hostedtoolcache/Python/3.8.18/x64/lib/python3.8/site-packages/pyproject_api/_backend.py True setuptools.build_meta
2023-11-09T17:39:11.6063188Z py: install_package_deps> python -I -m pip install 'PyYAML>=5.0' 'click-loglevel~=0.2' 'click>=7.0' 'ghtoken~=0.1' 'in-place~=1.0' 'pydantic~=2.0' 'python-dateutil~=2.7' 'python-dotenv<2.0,>=0.11' 'requests~=2.20' 'typing-extensions; python_version < "3.9"'
2023-11-09T17:39:14.7943869Z py: install_package> python -I -m pip install --force-reinstall --no-deps /home/runner/work/tinuous/tinuous/.tox/.tmp/package/1/tinuous-0.6.1.post62+gb84f278.tar.gz
2023-11-09T17:39:18.3240610Z py: freeze> python -m pip freeze --all
2023-11-09T17:39:18.6446567Z py: annotated-types==0.6.0,certifi==2023.7.22,charset-normalizer==3.3.2,click==8.1.7,click-loglevel==0.5.0,coverage==7.3.2,exceptiongroup==1.1.3,ghtoken==0.1.0,idna==3.4,in-place==1.0.0,iniconfig==2.0.0,packaging==23.2,pip==23.3.1,pluggy==1.3.0,pydantic==2.4.2,pydantic_core==2.10.1,pytest==7.4.3,pytest-cov==4.1.0,pytest-mock==3.12.0,python-dateutil==2.8.2,python-dotenv==1.0.0,PyYAML==6.0.1,requests==2.31.0,ruamel.yaml==0.18.5,ruamel.yaml.clib==0.2.8,setuptools==68.2.2,six==1.16.0,tinuous @ file:///home/runner/work/tinuous/tinuous/.tox/.tmp/package/1/tinuous-0.6.1.post62%2Bgb84f278.tar.gz#sha256=b8ea26c112dc71d44b5267dc44239cc779d6cf1ce3d6954c42ecc05315a48d1b,tomli==2.0.1,typing_extensions==4.8.0,urllib3==2.0.7,wheel==0.41.2
2023-11-09T17:39:18.6450988Z py: commands[0]> tinuous --help
2023-11-09T17:39:18.9503172Z Usage: tinuous [OPTIONS] COMMAND [ARGS]...
2023-11-09T17:39:18.9504289Z 
2023-11-09T17:39:18.9505636Z   Download build logs from GitHub Actions, Travis, Appveyor, and CircleCI
2023-11-09T17:39:18.9506676Z 
2023-11-09T17:39:18.9506935Z Options:
2023-11-09T17:39:18.9508138Z   -V, --version                   Show the version and exit.
2023-11-09T17:39:18.9510942Z   -c, --config FILE               Read configuration from the given file
2023-11-09T17:39:18.9512087Z                                   [default: tinuous.yaml]
2023-11-09T17:39:18.9513548Z   -E, --env FILE                  Load environment variables from given .env
2023-11-09T17:39:18.9514609Z                                   file
2023-11-09T17:39:18.9515422Z   -l, --log-level [NOTSET|DEBUG|INFO|WARNING|ERROR|CRITICAL]
2023-11-09T17:39:18.9516324Z                                   Set logging level  [default: INFO]
2023-11-09T17:39:18.9517299Z   --help                          Show this message and exit.
2023-11-09T17:39:18.9517771Z 
2023-11-09T17:39:18.9517928Z Commands:
2023-11-09T17:39:18.9518391Z   fetch         Download logs
2023-11-09T17:39:18.9519876Z   fetch-commit  Download logs for a specific commit
2023-11-09T17:39:18.9520585Z   sanitize      Sanitize secrets in logs
2023-11-09T17:39:18.9788377Z py: commands[1]> pytest --cov-report=xml test
2023-11-09T17:39:19.7753814Z ============================= test session starts ==============================
2023-11-09T17:39:19.7755303Z platform linux -- Python 3.8.18, pytest-7.4.3, pluggy-1.3.0
2023-11-09T17:39:19.7756087Z cachedir: .tox/py/.pytest_cache
2023-11-09T17:39:19.7756648Z rootdir: /home/runner/work/tinuous/tinuous
2023-11-09T17:39:19.7757081Z configfile: tox.ini
2023-11-09T17:39:19.7757518Z plugins: mock-3.12.0, cov-4.1.0
2023-11-09T17:39:19.7758002Z collected 64 items
2023-11-09T17:39:19.7758199Z 
2023-11-09T17:39:19.7895403Z test/test_base.py .........                                              [ 14%]
2023-11-09T17:39:19.8014017Z test/test_config.py ........                                             [ 26%]
2023-11-09T17:39:19.8220758Z test/test_state.py ........                                              [ 39%]
2023-11-09T17:39:20.0785035Z test/test_util.py .......................................                [100%]
2023-11-09T17:39:20.0786236Z 
2023-11-09T17:39:20.0787055Z ---------- coverage: platform linux, python 3.8.18-final-0 -----------
2023-11-09T17:39:20.0787879Z Coverage XML written to file coverage.xml
2023-11-09T17:39:20.0788368Z 
2023-11-09T17:39:20.0788374Z 
2023-11-09T17:39:20.0788654Z ============================== 64 passed in 0.77s ==============================
2023-11-09T17:39:20.1272478Z .pkg: _exit> python /opt/hostedtoolcache/Python/3.8.18/x64/lib/python3.8/site-packages/pyproject_api/_backend.py True setuptools.build_meta
2023-11-09T17:39:20.1539418Z   py: OK (13.91=setup[12.43]+cmd[0.33,1.15] seconds)
2023-11-09T17:39:20.1540079Z   congratulations :) (13.99 seconds)
2023-11-09T17:39:20.1883280Z ##[group]Run codecov/codecov-action@v3
2023-11-09T17:39:20.1883711Z with:
2023-11-09T17:39:20.1884119Z   fail_ci_if_error: false
2023-11-09T17:39:20.1884501Z env:
2023-11-09T17:39:20.1884878Z   pythonLocation: /opt/hostedtoolcache/Python/3.8.18/x64
2023-11-09T17:39:20.1885583Z   PKG_CONFIG_PATH: /opt/hostedtoolcache/Python/3.8.18/x64/lib/pkgconfig
2023-11-09T17:39:20.1886212Z   Python_ROOT_DIR: /opt/hostedtoolcache/Python/3.8.18/x64
2023-11-09T17:39:20.1886754Z   Python2_ROOT_DIR: /opt/hostedtoolcache/Python/3.8.18/x64
2023-11-09T17:39:20.1887423Z   Python3_ROOT_DIR: /opt/hostedtoolcache/Python/3.8.18/x64
2023-11-09T17:39:20.1888014Z   LD_LIBRARY_PATH: /opt/hostedtoolcache/Python/3.8.18/x64/lib
2023-11-09T17:39:20.1888465Z ##[endgroup]
2023-11-09T17:39:20.3125473Z ==> linux OS detected
2023-11-09T17:39:20.8087207Z https://uploader.codecov.io/latest/linux/codecov.SHA256SUM
2023-11-09T17:39:20.8793414Z ==> SHASUM file signed by key id 806bb28aed779869
2023-11-09T17:39:20.9658258Z ==> Uploader SHASUM verified (b9282b8b43eef83f722646d8992c4dd36563046afe0806722184e7e9923a6d7b  codecov)
2023-11-09T17:39:20.9659398Z ==> Running version latest
2023-11-09T17:39:21.1005480Z ==> Running version v0.7.1
2023-11-09T17:39:21.1023284Z [command]/home/runner/work/_actions/codecov/codecov-action/v3/dist/codecov -n  -Q github-action-3.1.4 -C 0664e6a0b4d725fcd2b84513c523e9a3f0814b67
2023-11-09T17:39:21.3182847Z [2023-11-09T17:39:21.316Z] ['info'] 
2023-11-09T17:39:21.3183690Z      _____          _
2023-11-09T17:39:21.3184392Z     / ____|        | |
2023-11-09T17:39:21.3185100Z    | |     ___   __| | ___  ___ _____   __
2023-11-09T17:39:21.3185909Z    | |    / _ \ / _` |/ _ \/ __/ _ \ \ / /
2023-11-09T17:39:21.3186776Z    | |___| (_) | (_| |  __/ (_| (_) \ V /
2023-11-09T17:39:21.3187519Z     \_____\___/ \__,_|\___|\___\___/ \_/
2023-11-09T17:39:21.3187953Z 
2023-11-09T17:39:21.3188229Z   Codecov report uploader 0.7.1
2023-11-09T17:39:21.3248763Z [2023-11-09T17:39:21.324Z] ['info'] => Project root located at: /home/runner/work/tinuous/tinuous
2023-11-09T17:39:21.3269343Z [2023-11-09T17:39:21.326Z] ['info'] -> No token specified or token is empty
2023-11-09T17:39:21.3352780Z [2023-11-09T17:39:21.335Z] ['info'] Searching for coverage files...
2023-11-09T17:39:21.3851423Z [2023-11-09T17:39:21.384Z] ['info'] Warning: Some files located via search were excluded from upload.
2023-11-09T17:39:21.3853539Z [2023-11-09T17:39:21.384Z] ['info'] If Codecov did not locate your files, please review https://docs.codecov.com/docs/supported-report-formats
2023-11-09T17:39:21.3855268Z [2023-11-09T17:39:21.384Z] ['info'] => Found 1 possible coverage files:
2023-11-09T17:39:21.3856298Z   coverage.xml
2023-11-09T17:39:21.3857317Z [2023-11-09T17:39:21.385Z] ['info'] Processing /home/runner/work/tinuous/tinuous/coverage.xml...
2023-11-09T17:39:21.3885769Z [2023-11-09T17:39:21.388Z] ['info'] Detected GitHub Actions as the CI provider.
2023-11-09T17:39:22.2383946Z [2023-11-09T17:39:22.237Z] ['info'] Pinging Codecov: https://codecov.io/upload/v4?package=github-action-3.1.4-uploader-0.7.1&token=*******&branch=updates&build=6815438496&build_url=https%3A%2F%2Fgithub.com%2Fcon%2Ftinuous%2Factions%2Fruns%2F6815438496&commit=0664e6a0b4d725fcd2b84513c523e9a3f0814b67&job=Test&pr=176&service=github-actions&slug=con%2Ftinuous&name=&tag=&flags=&parent=
2023-11-09T17:39:22.6168830Z [2023-11-09T17:39:22.616Z] ['info'] https://app.codecov.io/github/con/tinuous/commit/0664e6a0b4d725fcd2b84513c523e9a3f0814b67
2023-11-09T17:39:22.6173109Z https://storage.googleapis.com/codecov/v4/raw/2023-11-09/0010CBA6D851417C00BB0BC3FC5895F9/0664e6a0b4d725fcd2b84513c523e9a3f0814b67/6efacf67-5288-444e-9b85-d85f4dee97fd.txt?X-Amz-Algorithm=AWS4-HMAC-SHA256&X-Amz-Credential=GOOG1EJOGFN2JQ4OCTGA2MU5AEIT7OT5Z7HTFOAN2SPG4NWSN2UJYOY5U6LZQ%2F20231109%2FUS%2Fs3%2Faws4_request&X-Amz-Date=20231109T173922Z&X-Amz-Expires=10&X-Amz-SignedHeaders=host&X-Amz-Signature=1e2b94958f9d713df5200bbcdc3b3c444d4f4f44e9587bbf00957290c2666404
2023-11-09T17:39:22.6176524Z [2023-11-09T17:39:22.616Z] ['info'] Uploading...
2023-11-09T17:39:22.9112532Z [2023-11-09T17:39:22.910Z] ['info'] {"status":"processing","resultURL":"https://app.codecov.io/github/con/tinuous/commit/0664e6a0b4d725fcd2b84513c523e9a3f0814b67"}
2023-11-09T17:39:22.9496618Z Post job cleanup.
2023-11-09T17:39:23.0817845Z Post job cleanup.
2023-11-09T17:39:23.1547404Z [command]/usr/bin/git version
2023-11-09T17:39:23.1586721Z git version 2.42.0
2023-11-09T17:39:23.1626903Z Temporarily overriding HOME='/home/runner/work/_temp/f34d795a-89ea-4557-93d3-b15a5e6e21d8' before making global git config changes
2023-11-09T17:39:23.1628764Z Adding repository directory to the temporary git global config as a safe directory
2023-11-09T17:39:23.1631126Z [command]/usr/bin/git config --global --add safe.directory /home/runner/work/tinuous/tinuous
2023-11-09T17:39:23.1664097Z [command]/usr/bin/git config --local --name-only --get-regexp core\.sshCommand
2023-11-09T17:39:23.1695198Z [command]/usr/bin/git submodule foreach --recursive sh -c "git config --local --name-only --get-regexp 'core\.sshCommand' && git config --local --unset-all 'core.sshCommand' || :"
2023-11-09T17:39:23.1941997Z [command]/usr/bin/git config --local --name-only --get-regexp http\.https\:\/\/github\.com\/\.extraheader
2023-11-09T17:39:23.1962732Z http.https://github.com/.extraheader
2023-11-09T17:39:23.1973319Z [command]/usr/bin/git config --local --unset-all http.https://github.com/.extraheader
2023-11-09T17:39:23.2002266Z [command]/usr/bin/git submodule foreach --recursive sh -c "git config --local --name-only --get-regexp 'http\.https\:\/\/github\.com\/\.extraheader' && git config --local --unset-all 'http.https://github.com/.extraheader' || :"
2023-11-09T17:39:23.2477946Z Cleaning up orphan processes
