2023-11-09T17:38:52.6295513Z Requested labels: ubuntu-latest
2023-11-09T17:38:52.6295802Z Job defined at: con/tinuous/.github/workflows/test.yml@refs/pull/176/merge
2023-11-09T17:38:52.6295917Z Waiting for a runner to pick up this job...
2023-11-09T17:38:53.1621904Z Job is waiting for a hosted runner to come online.
2023-11-09T17:38:56.9894264Z Job is about to start running on the hosted runner: GitHub Actions 11 (hosted)
2023-11-09T17:38:59.6464332Z Current runner version: '2.311.0'
2023-11-09T17:38:59.6495056Z ##[group]Operating System
2023-11-09T17:38:59.6495888Z Ubuntu
2023-11-09T17:38:59.6496562Z 22.04.3
2023-11-09T17:38:59.6497080Z LTS
2023-11-09T17:38:59.6497538Z ##[endgroup]
2023-11-09T17:38:59.6498179Z ##[group]Runner Image
2023-11-09T17:38:59.6498829Z Image: ubuntu-22.04
2023-11-09T17:38:59.6499408Z Version: 20231030.2.0
2023-11-09T17:38:59.6500872Z Included Software: https://github.com/actions/runner-images/blob/ubuntu22/20231030.2/images/linux/Ubuntu2204-Readme.md
2023-11-09T17:38:59.6502916Z Image Release: https://github.com/actions/runner-images/releases/tag/ubuntu22%2F20231030.2
2023-11-09T17:38:59.6504215Z ##[endgroup]
2023-11-09T17:38:59.6504762Z ##[group]Runner Image Provisioner
2023-11-09T17:38:59.6505477Z 2.0.312.1
2023-11-09T17:38:59.6506070Z ##[endgroup]
2023-11-09T17:38:59.6509097Z ##[group]GITHUB_TOKEN Permissions
2023-11-09T17:38:59.6511337Z Actions: write
2023-11-09T17:38:59.6512032Z Checks: write
2023-11-09T17:38:59.6512873Z Contents: write
2023-11-09T17:38:59.6513595Z Deployments: write
2023-11-09T17:38:59.6514210Z Discussions: write
2023-11-09T17:38:59.6514861Z Issues: write
2023-11-09T17:38:59.6515379Z Metadata: read
2023-11-09T17:38:59.6515948Z Packages: write
2023-11-09T17:38:59.6516574Z Pages: write
2023-11-09T17:38:59.6517105Z PullRequests: write
2023-11-09T17:38:59.6517755Z RepositoryProjects: write
2023-11-09T17:38:59.6518513Z SecurityEvents: write
2023-11-09T17:38:59.6519090Z Statuses: write
2023-11-09T17:38:59.6519684Z ##[endgroup]
2023-11-09T17:38:59.6523932Z Secret source: Actions
2023-11-09T17:38:59.6524734Z Prepare workflow directory
2023-11-09T17:38:59.7281545Z Prepare all required actions
2023-11-09T17:38:59.7473891Z Getting action download info
2023-11-09T17:38:59.9912588Z Download action repository 'actions/checkout@v4' (SHA:b4ffde65f46336ab88eb53be808477a3936bae11)
2023-11-09T17:39:00.1312649Z Download action repository 'actions/setup-python@v4' (SHA:65d7f2d534ac1bc67fcd62888c5f4f3d2cb2b236)
2023-11-09T17:39:00.2036007Z Download action repository 'codecov/codecov-action@v3' (SHA:eaaf4bedf32dbdc6b720b63067d99c4d77d6047d)
2023-11-09T17:39:01.1002322Z Complete job name: test (3.8, typing)
2023-11-09T17:39:01.2045451Z ##[group]Run actions/checkout@v4
2023-11-09T17:39:01.2046001Z with:
2023-11-09T17:39:01.2046312Z   fetch-depth: 0
2023-11-09T17:39:01.2046663Z   repository: con/tinuous
2023-11-09T17:39:01.2047341Z   token: ***
2023-11-09T17:39:01.2047683Z   ssh-strict: true
2023-11-09T17:39:01.2048071Z   persist-credentials: true
2023-11-09T17:39:01.2048466Z   clean: true
2023-11-09T17:39:01.2048828Z   sparse-checkout-cone-mode: true
2023-11-09T17:39:01.2049291Z   fetch-tags: false
2023-11-09T17:39:01.2049645Z   show-progress: true
2023-11-09T17:39:01.2050001Z   lfs: false
2023-11-09T17:39:01.2050307Z   submodules: false
2023-11-09T17:39:01.2050674Z   set-safe-directory: true
2023-11-09T17:39:01.2051075Z ##[endgroup]
2023-11-09T17:39:01.4893363Z Syncing repository: con/tinuous
2023-11-09T17:39:01.4895680Z ##[group]Getting Git version info
2023-11-09T17:39:01.4896505Z Working directory is '/home/runner/work/tinuous/tinuous'
2023-11-09T17:39:01.4898333Z [command]/usr/bin/git version
2023-11-09T17:39:01.5037955Z git version 2.42.0
2023-11-09T17:39:01.5061295Z ##[endgroup]
2023-11-09T17:39:01.5108599Z Temporarily overriding HOME='/home/runner/work/_temp/e4dfd2bf-c7eb-40c0-8f36-3a955a0c3401' before making global git config changes
2023-11-09T17:39:01.5110108Z Adding repository directory to the temporary git global config as a safe directory
2023-11-09T17:39:01.5111372Z [command]/usr/bin/git config --global --add safe.directory /home/runner/work/tinuous/tinuous
2023-11-09T17:39:01.5150528Z Deleting the contents of '/home/runner/work/tinuous/tinuous'
2023-11-09T17:39:01.5166410Z ##[group]Initializing the repository
2023-11-09T17:39:01.5167421Z [command]/usr/bin/git init /home/runner/work/tinuous/tinuous
2023-11-09T17:39:01.5241498Z hint: Using 'master' as the name for the initial branch. This default branch name
2023-11-09T17:39:01.5246573Z hint: is subject to change. To configure the initial branch name to use in all
2023-11-09T17:39:01.5250529Z hint: of your new repositories, which will suppress this warning, call:
2023-11-09T17:39:01.5254066Z hint: 
2023-11-09T17:39:01.5257296Z hint: 	git config --global init.defaultBranch <name>
2023-11-09T17:39:01.5260376Z hint: 
2023-11-09T17:39:01.5263506Z hint: Names commonly chosen instead of 'master' are 'main', 'trunk' and
2023-11-09T17:39:01.5267100Z hint: 'development'. The just-created branch can be renamed via this command:
2023-11-09T17:39:01.5271090Z hint: 
2023-11-09T17:39:01.5274141Z hint: 	git branch -m <name>
2023-11-09T17:39:01.5290951Z Initialized empty Git repository in /home/runner/work/tinuous/tinuous/.git/
2023-11-09T17:39:01.5309788Z [command]/usr/bin/git remote add origin https://github.com/con/tinuous
2023-11-09T17:39:01.5341094Z ##[endgroup]
2023-11-09T17:39:01.5342215Z ##[group]Disabling automatic garbage collection
2023-11-09T17:39:01.5348108Z [command]/usr/bin/git config --local gc.auto 0
2023-11-09T17:39:01.5380991Z ##[endgroup]
2023-11-09T17:39:01.5383065Z ##[group]Setting up auth
2023-11-09T17:39:01.5392349Z [command]/usr/bin/git config --local --name-only --get-regexp core\.sshCommand
2023-11-09T17:39:01.5427731Z [command]/usr/bin/git submodule foreach --recursive sh -c "git config --local --name-only --get-regexp 'core\.sshCommand' && git config --local --unset-all 'core.sshCommand' || :"
2023-11-09T17:39:01.5853368Z [command]/usr/bin/git config --local --name-only --get-regexp http\.https\:\/\/github\.com\/\.extraheader
2023-11-09T17:39:01.5857539Z [command]/usr/bin/git submodule foreach --recursive sh -c "git config --local --name-only --get-regexp 'http\.https\:\/\/github\.com\/\.extraheader' && git config --local --unset-all 'http.https://github.com/.extraheader' || :"
2023-11-09T17:39:01.6166227Z [command]/usr/bin/git config --local http.https://github.com/.extraheader AUTHORIZATION: basic ***
2023-11-09T17:39:01.6191430Z ##[endgroup]
2023-11-09T17:39:01.6192356Z ##[group]Fetching the repository
2023-11-09T17:39:01.6194810Z [command]/usr/bin/git -c protocol.version=2 fetch --prune --no-recurse-submodules origin +refs/heads/*:refs/remotes/origin/* +refs/tags/*:refs/tags/* +b84f278afc7ce77797c04d74cfd67f0d3d1b0d97:refs/remotes/pull/176/merge
2023-11-09T17:39:02.3495899Z From https://github.com/con/tinuous
2023-11-09T17:39:02.3547691Z  * [new branch]      gh-55                                    -> origin/gh-55
2023-11-09T17:39:02.3549249Z  * [new branch]      headers                                  -> origin/headers
2023-11-09T17:39:02.3550375Z  * [new branch]      master                                   -> origin/master
2023-11-09T17:39:02.3595099Z  * [new branch]      mypy-import                              -> origin/mypy-import
2023-11-09T17:39:02.3596334Z  * [new branch]      no-extra-search                          -> origin/no-extra-search
2023-11-09T17:39:02.3597551Z  * [new branch]      pragmata                                 -> origin/pragmata
2023-11-09T17:39:02.3598637Z  * [new branch]      test-appveyor                            -> origin/test-appveyor
2023-11-09T17:39:02.3599760Z  * [new branch]      updates                                  -> origin/updates
2023-11-09T17:39:02.3600806Z  * [new tag]         0.1.0                                    -> 0.1.0
2023-11-09T17:39:02.3601734Z  * [new tag]         0.2.0                                    -> 0.2.0
2023-11-09T17:39:02.3602648Z  * [new tag]         0.3.0                                    -> 0.3.0
2023-11-09T17:39:02.3603599Z  * [new tag]         0.4.0                                    -> 0.4.0
2023-11-09T17:39:02.3607128Z  * [new tag]         0.5.0                                    -> 0.5.0
2023-11-09T17:39:02.3608190Z  * [new tag]         0.5.1                                    -> 0.5.1
2023-11-09T17:39:02.3609101Z  * [new tag]         0.5.2                                    -> 0.5.2
2023-11-09T17:39:02.3610019Z  * [new tag]         0.5.3                                    -> 0.5.3
2023-11-09T17:39:02.3611141Z  * [new tag]         0.5.4                                    -> 0.5.4
2023-11-09T17:39:02.3612144Z  * [new tag]         0.6.0                                    -> 0.6.0
2023-11-09T17:39:02.3613037Z  * [new tag]         0.6.1                                    -> 0.6.1
2023-11-09T17:39:02.3614248Z  * [new ref]         b84f278afc7ce77797c04d74cfd67f0d3d1b0d97 -> pull/176/merge
2023-11-09T17:39:02.3616345Z ##[endgroup]
2023-11-09T17:39:02.3617120Z ##[group]Determining the checkout info
2023-11-09T17:39:02.3618036Z ##[endgroup]
2023-11-09T17:39:02.3618776Z ##[group]Checking out the ref
2023-11-09T17:39:02.3619683Z [command]/usr/bin/git checkout --progress --force refs/remotes/pull/176/merge
2023-11-09T17:39:02.3620710Z Note: switching to 'refs/remotes/pull/176/merge'.
2023-11-09T17:39:02.3621208Z 
2023-11-09T17:39:02.3621708Z You are in 'detached HEAD' state. You can look around, make experimental
2023-11-09T17:39:02.3622773Z changes and commit them, and you can discard any commits you make in this
2023-11-09T17:39:02.3623884Z state without impacting any branches by switching back to a branch.
2023-11-09T17:39:02.3624466Z 
2023-11-09T17:39:02.3624881Z If you want to create a new branch to retain commits you create, you may
2023-11-09T17:39:02.3625954Z do so (now or later) by using -c with the switch command. Example:
2023-11-09T17:39:02.3626582Z 
2023-11-09T17:39:02.3626913Z   git switch -c <new-branch-name>
2023-11-09T17:39:02.3627270Z 
2023-11-09T17:39:02.3627522Z Or undo this operation with:
2023-11-09T17:39:02.3627847Z 
2023-11-09T17:39:02.3628008Z   git switch -
2023-11-09T17:39:02.3628363Z 
2023-11-09T17:39:02.3628803Z Turn off this advice by setting config variable advice.detachedHead to false
2023-11-09T17:39:02.3629445Z 
2023-11-09T17:39:02.3630166Z HEAD is now at b84f278 Merge 0664e6a0b4d725fcd2b84513c523e9a3f0814b67 into 49ca485b676e73872d3f5922f085087c93a2fd7e
2023-11-09T17:39:02.3632153Z ##[endgroup]
2023-11-09T17:39:02.3633402Z [command]/usr/bin/git log -1 --format='%H'
2023-11-09T17:39:02.3634146Z 'b84f278afc7ce77797c04d74cfd67f0d3d1b0d97'
2023-11-09T17:39:02.4050572Z ##[group]Run actions/setup-python@v4
2023-11-09T17:39:02.4051047Z with:
2023-11-09T17:39:02.4051349Z   python-version: 3.8
2023-11-09T17:39:02.4051711Z   check-latest: false
2023-11-09T17:39:02.4052308Z   token: ***
2023-11-09T17:39:02.4052642Z   update-environment: true
2023-11-09T17:39:02.4053043Z   allow-prereleases: false
2023-11-09T17:39:02.4053653Z ##[endgroup]
2023-11-09T17:39:02.6964740Z ##[group]Installed versions
2023-11-09T17:39:02.7051480Z Successfully set up CPython (3.8.18)
2023-11-09T17:39:02.7052431Z ##[endgroup]
2023-11-09T17:39:02.7191223Z ##[group]Run python -m pip install --upgrade pip wheel
2023-11-09T17:39:02.7192011Z [36;1mpython -m pip install --upgrade pip wheel[0m
2023-11-09T17:39:02.7192785Z [36;1mpython -m pip install --upgrade --upgrade-strategy=eager tox[0m
2023-11-09T17:39:02.7250407Z shell: /usr/bin/bash -e {0}
2023-11-09T17:39:02.7250852Z env:
2023-11-09T17:39:02.7251275Z   pythonLocation: /opt/hostedtoolcache/Python/3.8.18/x64
2023-11-09T17:39:02.7252103Z   PKG_CONFIG_PATH: /opt/hostedtoolcache/Python/3.8.18/x64/lib/pkgconfig
2023-11-09T17:39:02.7252912Z   Python_ROOT_DIR: /opt/hostedtoolcache/Python/3.8.18/x64
2023-11-09T17:39:02.7253777Z   Python2_ROOT_DIR: /opt/hostedtoolcache/Python/3.8.18/x64
2023-11-09T17:39:02.7254474Z   Python3_ROOT_DIR: /opt/hostedtoolcache/Python/3.8.18/x64
2023-11-09T17:39:02.7255207Z   LD_LIBRARY_PATH: /opt/hostedtoolcache/Python/3.8.18/x64/lib
2023-11-09T17:39:02.7255808Z ##[endgroup]
2023-11-09T17:39:03.5263332Z Requirement already satisfied: pip in /opt/hostedtoolcache/Python/3.8.18/x64/lib/python3.8/site-packages (23.0.1)
2023-11-09T17:39:03.7285087Z Collecting pip
2023-11-09T17:39:03.8411525Z   Downloading pip-23.3.1-py3-none-any.whl.metadata (3.5 kB)
2023-11-09T17:39:03.9002804Z Collecting wheel
2023-11-09T17:39:03.9141472Z   Downloading wheel-0.41.3-py3-none-any.whl.metadata (2.2 kB)
2023-11-09T17:39:03.9353472Z Downloading pip-23.3.1-py3-none-any.whl (2.1 MB)
2023-11-09T17:39:04.1537622Z    ━━━━━━━━━━━━━━━━━━━━━━━━━━━━━━━━━━━━━━━━ 2.1/2.1 MB 9.9 MB/s eta 0:00:00
2023-11-09T17:39:04.1655474Z Downloading wheel-0.41.3-py3-none-any.whl (65 kB)
2023-11-09T17:39:04.1719550Z    ━━━━━━━━━━━━━━━━━━━━━━━━━━━━━━━━━━━━━━━━ 65.8/65.8 kB 15.0 MB/s eta 0:00:00
2023-11-09T17:39:04.2258335Z Installing collected packages: wheel, pip
2023-11-09T17:39:04.2750666Z   Attempting uninstall: pip
2023-11-09T17:39:04.2757747Z     Found existing installation: pip 23.0.1
2023-11-09T17:39:04.3295843Z     Uninstalling pip-23.0.1:
2023-11-09T17:39:04.3796768Z       Successfully uninstalled pip-23.0.1
2023-11-09T17:39:05.5397818Z Successfully installed pip-23.3.1 wheel-0.41.3
2023-11-09T17:39:06.5846314Z Collecting tox
2023-11-09T17:39:06.6895637Z   Downloading tox-4.11.3-py3-none-any.whl.metadata (5.0 kB)
2023-11-09T17:39:06.7649729Z Collecting cachetools>=5.3.1 (from tox)
2023-11-09T17:39:06.7794466Z   Downloading cachetools-5.3.2-py3-none-any.whl.metadata (5.2 kB)
2023-11-09T17:39:06.8086856Z Collecting chardet>=5.2 (from tox)
2023-11-09T17:39:06.8306129Z   Downloading chardet-5.2.0-py3-none-any.whl.metadata (3.4 kB)
2023-11-09T17:39:06.8705524Z Collecting colorama>=0.4.6 (from tox)
2023-11-09T17:39:06.8833945Z   Downloading colorama-0.4.6-py2.py3-none-any.whl (25 kB)
2023-11-09T17:39:06.9372443Z Collecting filelock>=3.12.3 (from tox)
2023-11-09T17:39:06.9502168Z   Downloading filelock-3.13.1-py3-none-any.whl.metadata (2.8 kB)
2023-11-09T17:39:06.9940777Z Collecting packaging>=23.1 (from tox)
2023-11-09T17:39:07.0144901Z   Downloading packaging-23.2-py3-none-any.whl.metadata (3.2 kB)
2023-11-09T17:39:07.0557550Z Collecting platformdirs>=3.10 (from tox)
2023-11-09T17:39:07.0689170Z   Downloading platformdirs-3.11.0-py3-none-any.whl.metadata (11 kB)
2023-11-09T17:39:07.1041931Z Collecting pluggy>=1.3 (from tox)
2023-11-09T17:39:07.1166905Z   Downloading pluggy-1.3.0-py3-none-any.whl.metadata (4.3 kB)
2023-11-09T17:39:07.1470317Z Collecting pyproject-api>=1.6.1 (from tox)
2023-11-09T17:39:07.1631312Z   Downloading pyproject_api-1.6.1-py3-none-any.whl.metadata (2.8 kB)
2023-11-09T17:39:07.1965861Z Collecting tomli>=2.0.1 (from tox)
2023-11-09T17:39:07.2091502Z   Downloading tomli-2.0.1-py3-none-any.whl (12 kB)
2023-11-09T17:39:07.3354338Z Collecting virtualenv>=20.24.3 (from tox)
2023-11-09T17:39:07.3480344Z   Downloading virtualenv-20.24.6-py3-none-any.whl.metadata (4.5 kB)
2023-11-09T17:39:07.4578375Z Collecting distlib<1,>=0.3.7 (from virtualenv>=20.24.3->tox)
2023-11-09T17:39:07.4711981Z   Downloading distlib-0.3.7-py2.py3-none-any.whl.metadata (5.1 kB)
2023-11-09T17:39:07.5034998Z Downloading tox-4.11.3-py3-none-any.whl (153 kB)
2023-11-09T17:39:07.5229961Z    ━━━━━━━━━━━━━━━━━━━━━━━━━━━━━━━━━━━━━━━━ 153.8/153.8 kB 8.9 MB/s eta 0:00:00
2023-11-09T17:39:07.5477068Z Downloading cachetools-5.3.2-py3-none-any.whl (9.3 kB)
2023-11-09T17:39:07.5651992Z Downloading chardet-5.2.0-py3-none-any.whl (199 kB)
2023-11-09T17:39:07.5731041Z    ━━━━━━━━━━━━━━━━━━━━━━━━━━━━━━━━━━━━━━━━ 199.4/199.4 kB 37.4 MB/s eta 0:00:00
2023-11-09T17:39:07.5859347Z Downloading filelock-3.13.1-py3-none-any.whl (11 kB)
2023-11-09T17:39:07.6015089Z Downloading packaging-23.2-py3-none-any.whl (53 kB)
2023-11-09T17:39:07.6075110Z    ━━━━━━━━━━━━━━━━━━━━━━━━━━━━━━━━━━━━━━━━ 53.0/53.0 kB 14.1 MB/s eta 0:00:00
2023-11-09T17:39:07.6202871Z Downloading platformdirs-3.11.0-py3-none-any.whl (17 kB)
2023-11-09T17:39:07.6376176Z Downloading pluggy-1.3.0-py3-none-any.whl (18 kB)
2023-11-09T17:39:07.6532650Z Downloading pyproject_api-1.6.1-py3-none-any.whl (12 kB)
2023-11-09T17:39:07.6687530Z Downloading virtualenv-20.24.6-py3-none-any.whl (3.8 MB)
2023-11-09T17:39:07.7152407Z    ━━━━━━━━━━━━━━━━━━━━━━━━━━━━━━━━━━━━━━━━ 3.8/3.8 MB 86.8 MB/s eta 0:00:00
2023-11-09T17:39:07.7285721Z Downloading distlib-0.3.7-py2.py3-none-any.whl (468 kB)
2023-11-09T17:39:07.7377160Z    ━━━━━━━━━━━━━━━━━━━━━━━━━━━━━━━━━━━━━━━━ 468.9/468.9 kB 74.8 MB/s eta 0:00:00
2023-11-09T17:39:07.9096566Z Installing collected packages: distlib, tomli, pluggy, platformdirs, packaging, filelock, colorama, chardet, cachetools, virtualenv, pyproject-api, tox
2023-11-09T17:39:08.5711112Z Successfully installed cachetools-5.3.2 chardet-5.2.0 colorama-0.4.6 distlib-0.3.7 filelock-3.13.1 packaging-23.2 platformdirs-3.11.0 pluggy-1.3.0 pyproject-api-1.6.1 tomli-2.0.1 tox-4.11.3 virtualenv-20.24.6
2023-11-09T17:39:08.7224400Z ##[group]Run tox -e typing
2023-11-09T17:39:08.7224830Z [36;1mtox -e typing[0m
2023-11-09T17:39:08.7262801Z shell: /usr/bin/bash -e {0}
2023-11-09T17:39:08.7263219Z env:
2023-11-09T17:39:08.7263643Z   pythonLocation: /opt/hostedtoolcache/Python/3.8.18/x64
2023-11-09T17:39:08.7264454Z   PKG_CONFIG_PATH: /opt/hostedtoolcache/Python/3.8.18/x64/lib/pkgconfig
2023-11-09T17:39:08.7265258Z   Python_ROOT_DIR: /opt/hostedtoolcache/Python/3.8.18/x64
2023-11-09T17:39:08.7265955Z   Python2_ROOT_DIR: /opt/hostedtoolcache/Python/3.8.18/x64
2023-11-09T17:39:08.7266663Z   Python3_ROOT_DIR: /opt/hostedtoolcache/Python/3.8.18/x64
2023-11-09T17:39:08.7267388Z   LD_LIBRARY_PATH: /opt/hostedtoolcache/Python/3.8.18/x64/lib
2023-11-09T17:39:08.7267979Z ##[endgroup]
2023-11-09T17:39:09.2951371Z typing: install_deps> python -I -m pip install mypy pytest pytest-cov pytest-mock types-python-dateutil types-PyYAML types-requests
2023-11-09T17:39:15.1689407Z .pkg: install_requires> python -I -m pip install 'setuptools>=46.4.0' versioningit
2023-11-09T17:39:17.1542099Z .pkg: _optional_hooks> python /opt/hostedtoolcache/Python/3.8.18/x64/lib/python3.8/site-packages/pyproject_api/_backend.py True setuptools.build_meta
2023-11-09T17:39:17.4235053Z .pkg: get_requires_for_build_sdist> python /opt/hostedtoolcache/Python/3.8.18/x64/lib/python3.8/site-packages/pyproject_api/_backend.py True setuptools.build_meta
2023-11-09T17:39:17.5517125Z .pkg: get_requires_for_build_wheel> python /opt/hostedtoolcache/Python/3.8.18/x64/lib/python3.8/site-packages/pyproject_api/_backend.py True setuptools.build_meta
2023-11-09T17:39:17.6264661Z .pkg: install_requires_for_build_wheel> python -I -m pip install wheel
2023-11-09T17:39:18.2692758Z .pkg: freeze> python -m pip freeze --all
2023-11-09T17:39:18.6497056Z .pkg: importlib-metadata==6.8.0,packaging==23.2,pip==23.3.1,setuptools==68.2.2,tomli==2.0.1,versioningit==2.2.1,wheel==0.41.2,zipp==3.17.0
2023-11-09T17:39:18.6503536Z .pkg: prepare_metadata_for_build_wheel> python /opt/hostedtoolcache/Python/3.8.18/x64/lib/python3.8/site-packages/pyproject_api/_backend.py True setuptools.build_meta
2023-11-09T17:39:18.7687094Z .pkg: build_sdist> python /opt/hostedtoolcache/Python/3.8.18/x64/lib/python3.8/site-packages/pyproject_api/_backend.py True setuptools.build_meta
2023-11-09T17:39:18.8631726Z typing: install_package_deps> python -I -m pip install 'PyYAML>=5.0' 'click-loglevel~=0.2' 'click>=7.0' 'ghtoken~=0.1' 'in-place~=1.0' 'pydantic~=2.0' 'python-dateutil~=2.7' 'python-dotenv<2.0,>=0.11' 'requests~=2.20' 'typing-extensions; python_version < "3.9"'
2023-11-09T17:39:23.1709005Z typing: install_package> python -I -m pip install --force-reinstall --no-deps /home/runner/work/tinuous/tinuous/.tox/.tmp/package/1/tinuous-0.6.1.post62+gb84f278.tar.gz
2023-11-09T17:39:27.8022919Z typing: freeze> python -m pip freeze --all
2023-11-09T17:39:28.2044792Z typing: annotated-types==0.6.0,certifi==2023.7.22,charset-normalizer==3.3.2,click==8.1.7,click-loglevel==0.5.0,coverage==7.3.2,exceptiongroup==1.1.3,ghtoken==0.1.0,idna==3.4,in-place==1.0.0,iniconfig==2.0.0,mypy==1.6.1,mypy-extensions==1.0.0,packaging==23.2,pip==23.3.1,pluggy==1.3.0,pydantic==2.4.2,pydantic_core==2.10.1,pytest==7.4.3,pytest-cov==4.1.0,pytest-mock==3.12.0,python-dateutil==2.8.2,python-dotenv==1.0.0,PyYAML==6.0.1,requests==2.31.0,ruamel.yaml==0.18.5,ruamel.yaml.clib==0.2.8,setuptools==68.2.2,six==1.16.0,tinuous @ file:///home/runner/work/tinuous/tinuous/.tox/.tmp/package/1/tinuous-0.6.1.post62%2Bgb84f278.tar.gz#sha256=32e90b2be6b81364d4be9a91d16e83d3c8802a80847cf9b8539deccc574b86af,tomli==2.0.1,types-python-dateutil==2.8.19.14,types-PyYAML==6.0.12.12,types-requests==2.31.0.10,typing_extensions==4.8.0,urllib3==2.0.7,wheel==0.41.2
2023-11-09T17:39:28.2051107Z typing: commands[0]> mypy src test
2023-11-09T17:39:35.9442513Z Success: no issues found in 15 source files
2023-11-09T17:39:35.9572998Z .pkg: _exit> python /opt/hostedtoolcache/Python/3.8.18/x64/lib/python3.8/site-packages/pyproject_api/_backend.py True setuptools.build_meta
2023-11-09T17:39:35.9853278Z   typing: OK (27.00=setup[19.25]+cmd[7.75] seconds)
2023-11-09T17:39:35.9854164Z   congratulations :) (27.09 seconds)
2023-11-09T17:39:36.0254599Z Post job cleanup.
2023-11-09T17:39:36.1965791Z Post job cleanup.
2023-11-09T17:39:36.2892393Z [command]/usr/bin/git version
2023-11-09T17:39:36.2930525Z git version 2.42.0
2023-11-09T17:39:36.2998780Z Temporarily overriding HOME='/home/runner/work/_temp/8bdaf10e-7681-4941-9b56-740ed5952155' before making global git config changes
2023-11-09T17:39:36.3003418Z Adding repository directory to the temporary git global config as a safe directory
2023-11-09T17:39:36.3012527Z [command]/usr/bin/git config --global --add safe.directory /home/runner/work/tinuous/tinuous
2023-11-09T17:39:36.3062054Z [command]/usr/bin/git config --local --name-only --get-regexp core\.sshCommand
2023-11-09T17:39:36.3107667Z [command]/usr/bin/git submodule foreach --recursive sh -c "git config --local --name-only --get-regexp 'core\.sshCommand' && git config --local --unset-all 'core.sshCommand' || :"
2023-11-09T17:39:36.3419917Z [command]/usr/bin/git config --local --name-only --get-regexp http\.https\:\/\/github\.com\/\.extraheader
2023-11-09T17:39:36.3421026Z http.https://github.com/.extraheader
2023-11-09T17:39:36.3422550Z [command]/usr/bin/git config --local --unset-all http.https://github.com/.extraheader
2023-11-09T17:39:36.3456702Z [command]/usr/bin/git submodule foreach --recursive sh -c "git config --local --name-only --get-regexp 'http\.https\:\/\/github\.com\/\.extraheader' && git config --local --unset-all 'http.https://github.com/.extraheader' || :"
2023-11-09T17:39:36.4100548Z Cleaning up orphan processes
