2023-05-08T15:41:47.9538268Z Requested labels: ubuntu-latest
2023-05-08T15:41:47.9538561Z Job defined at: con/tinuous/.github/workflows/test.yml@refs/heads/master
2023-05-08T15:41:47.9538668Z Waiting for a runner to pick up this job...
2023-05-08T15:41:50.1899627Z Job is waiting for a hosted runner to come online.
2023-05-08T15:41:51.0595433Z Job is about to start running on the hosted runner: GitHub Actions 7 (hosted)
2023-05-08T15:41:53.5107564Z Current runner version: '2.304.0'
2023-05-08T15:41:53.5134508Z ##[group]Operating System
2023-05-08T15:41:53.5135018Z Ubuntu
2023-05-08T15:41:53.5135407Z 22.04.2
2023-05-08T15:41:53.5135691Z LTS
2023-05-08T15:41:53.5135943Z ##[endgroup]
2023-05-08T15:41:53.5136279Z ##[group]Runner Image
2023-05-08T15:41:53.5136665Z Image: ubuntu-22.04
2023-05-08T15:41:53.5136953Z Version: 20230426.1
2023-05-08T15:41:53.5137480Z Included Software: https://github.com/actions/runner-images/blob/ubuntu22/20230426.1/images/linux/Ubuntu2204-Readme.md
2023-05-08T15:41:53.5138131Z Image Release: https://github.com/actions/runner-images/releases/tag/ubuntu22%2F20230426.1
2023-05-08T15:41:53.5138531Z ##[endgroup]
2023-05-08T15:41:53.5138907Z ##[group]Runner Image Provisioner
2023-05-08T15:41:53.5139245Z 2.0.171.1
2023-05-08T15:41:53.5139491Z ##[endgroup]
2023-05-08T15:41:53.5140469Z ##[group]GITHUB_TOKEN Permissions
2023-05-08T15:41:53.5141122Z Actions: write
2023-05-08T15:41:53.5141447Z Checks: write
2023-05-08T15:41:53.5142235Z Contents: write
2023-05-08T15:41:53.5142700Z Deployments: write
2023-05-08T15:41:53.5142989Z Discussions: write
2023-05-08T15:41:53.5143326Z Issues: write
2023-05-08T15:41:53.5143636Z Metadata: read
2023-05-08T15:41:53.5143907Z Packages: write
2023-05-08T15:41:53.5144258Z Pages: write
2023-05-08T15:41:53.5144616Z PullRequests: write
2023-05-08T15:41:53.5144931Z RepositoryProjects: write
2023-05-08T15:41:53.5145298Z SecurityEvents: write
2023-05-08T15:41:53.5145661Z Statuses: write
2023-05-08T15:41:53.5145936Z ##[endgroup]
2023-05-08T15:41:53.5149552Z Secret source: Actions
2023-05-08T15:41:53.5150042Z Prepare workflow directory
2023-05-08T15:41:53.5876233Z Prepare all required actions
2023-05-08T15:41:53.6060868Z Getting action download info
2023-05-08T15:41:53.8623588Z Download action repository 'actions/checkout@v3' (SHA:8e5e7e5ab8b370d6c329ec480221332ada57f0ab)
2023-05-08T15:41:54.4482445Z Download action repository 'actions/setup-python@v4' (SHA:57ded4d7d5e986d7296eab16560982c6dd7c923b)
2023-05-08T15:41:54.9818015Z Download action repository 'codecov/codecov-action@v3' (SHA:894ff025c7b54547a9a2a1e9f228beae737ad3c2)
2023-05-08T15:41:55.5797296Z Complete job name: test (3.8, lint)
2023-05-08T15:41:55.6979417Z ##[group]Run actions/checkout@v3
2023-05-08T15:41:55.6979740Z with:
2023-05-08T15:41:55.6979945Z   fetch-depth: 0
2023-05-08T15:41:55.6980155Z   repository: con/tinuous
2023-05-08T15:41:55.6980647Z   token: ***
2023-05-08T15:41:55.6980852Z   ssh-strict: true
2023-05-08T15:41:55.6981070Z   persist-credentials: true
2023-05-08T15:41:55.6981294Z   clean: true
2023-05-08T15:41:55.6981486Z   lfs: false
2023-05-08T15:41:55.6981879Z   submodules: false
2023-05-08T15:41:55.6982114Z   set-safe-directory: true
2023-05-08T15:41:55.6982340Z ##[endgroup]
2023-05-08T15:41:55.9274985Z Syncing repository: con/tinuous
2023-05-08T15:41:55.9278223Z ##[group]Getting Git version info
2023-05-08T15:41:55.9278805Z Working directory is '/home/runner/work/tinuous/tinuous'
2023-05-08T15:41:55.9279344Z [command]/usr/bin/git version
2023-05-08T15:41:55.9334622Z git version 2.40.1
2023-05-08T15:41:55.9361903Z ##[endgroup]
2023-05-08T15:41:55.9379932Z Temporarily overriding HOME='/home/runner/work/_temp/d6c0dfd5-80d4-46ab-8ffd-81a2903402d1' before making global git config changes
2023-05-08T15:41:55.9380447Z Adding repository directory to the temporary git global config as a safe directory
2023-05-08T15:41:55.9384744Z [command]/usr/bin/git config --global --add safe.directory /home/runner/work/tinuous/tinuous
2023-05-08T15:41:55.9432491Z Deleting the contents of '/home/runner/work/tinuous/tinuous'
2023-05-08T15:41:55.9437987Z ##[group]Initializing the repository
2023-05-08T15:41:55.9441474Z [command]/usr/bin/git init /home/runner/work/tinuous/tinuous
2023-05-08T15:41:55.9502695Z hint: Using 'master' as the name for the initial branch. This default branch name
2023-05-08T15:41:55.9503416Z hint: is subject to change. To configure the initial branch name to use in all
2023-05-08T15:41:55.9504289Z hint: of your new repositories, which will suppress this warning, call:
2023-05-08T15:41:55.9505091Z hint: 
2023-05-08T15:41:55.9505949Z hint: 	git config --global init.defaultBranch <name>
2023-05-08T15:41:55.9506398Z hint: 
2023-05-08T15:41:55.9507151Z hint: Names commonly chosen instead of 'master' are 'main', 'trunk' and
2023-05-08T15:41:55.9507798Z hint: 'development'. The just-created branch can be renamed via this command:
2023-05-08T15:41:55.9508472Z hint: 
2023-05-08T15:41:55.9508893Z hint: 	git branch -m <name>
2023-05-08T15:41:55.9515606Z Initialized empty Git repository in /home/runner/work/tinuous/tinuous/.git/
2023-05-08T15:41:55.9524583Z [command]/usr/bin/git remote add origin https://github.com/con/tinuous
2023-05-08T15:41:55.9566080Z ##[endgroup]
2023-05-08T15:41:55.9566746Z ##[group]Disabling automatic garbage collection
2023-05-08T15:41:55.9569097Z [command]/usr/bin/git config --local gc.auto 0
2023-05-08T15:41:55.9602216Z ##[endgroup]
2023-05-08T15:41:55.9602808Z ##[group]Setting up auth
2023-05-08T15:41:55.9608351Z [command]/usr/bin/git config --local --name-only --get-regexp core\.sshCommand
2023-05-08T15:41:55.9641059Z [command]/usr/bin/git submodule foreach --recursive sh -c "git config --local --name-only --get-regexp 'core\.sshCommand' && git config --local --unset-all 'core.sshCommand' || :"
2023-05-08T15:41:55.9981995Z [command]/usr/bin/git config --local --name-only --get-regexp http\.https\:\/\/github\.com\/\.extraheader
2023-05-08T15:41:56.0013619Z [command]/usr/bin/git submodule foreach --recursive sh -c "git config --local --name-only --get-regexp 'http\.https\:\/\/github\.com\/\.extraheader' && git config --local --unset-all 'http.https://github.com/.extraheader' || :"
2023-05-08T15:41:56.0237479Z [command]/usr/bin/git config --local http.https://github.com/.extraheader AUTHORIZATION: basic ***
2023-05-08T15:41:56.0279639Z ##[endgroup]
2023-05-08T15:41:56.0327041Z ##[group]Fetching the repository
2023-05-08T15:41:56.0327921Z [command]/usr/bin/git -c protocol.version=2 fetch --prune --progress --no-recurse-submodules origin +refs/heads/*:refs/remotes/origin/* +refs/tags/*:refs/tags/*
2023-05-08T15:41:56.4827675Z remote: Enumerating objects: 1170, done.        
2023-05-08T15:41:56.4828780Z remote: Counting objects:   0% (1/392)        
2023-05-08T15:41:56.4829125Z remote: Counting objects:   1% (4/392)        
2023-05-08T15:41:56.4829522Z remote: Counting objects:   2% (8/392)        
2023-05-08T15:41:56.4829835Z remote: Counting objects:   3% (12/392)        
2023-05-08T15:41:56.4830136Z remote: Counting objects:   4% (16/392)        
2023-05-08T15:41:56.4830443Z remote: Counting objects:   5% (20/392)        
2023-05-08T15:41:56.4830747Z remote: Counting objects:   6% (24/392)        
2023-05-08T15:41:56.4831056Z remote: Counting objects:   7% (28/392)        
2023-05-08T15:41:56.4831348Z remote: Counting objects:   8% (32/392)        
2023-05-08T15:41:56.4831645Z remote: Counting objects:   9% (36/392)        
2023-05-08T15:41:56.4831942Z remote: Counting objects:  10% (40/392)        
2023-05-08T15:41:56.4832224Z remote: Counting objects:  11% (44/392)        
2023-05-08T15:41:56.4832534Z remote: Counting objects:  12% (48/392)        
2023-05-08T15:41:56.4832837Z remote: Counting objects:  13% (51/392)        
2023-05-08T15:41:56.4833123Z remote: Counting objects:  14% (55/392)        
2023-05-08T15:41:56.4833415Z remote: Counting objects:  15% (59/392)        
2023-05-08T15:41:56.4833711Z remote: Counting objects:  16% (63/392)        
2023-05-08T15:41:56.4834005Z remote: Counting objects:  17% (67/392)        
2023-05-08T15:41:56.4834288Z remote: Counting objects:  18% (71/392)        
2023-05-08T15:41:56.4834581Z remote: Counting objects:  19% (75/392)        
2023-05-08T15:41:56.4834877Z remote: Counting objects:  20% (79/392)        
2023-05-08T15:41:56.4835159Z remote: Counting objects:  21% (83/392)        
2023-05-08T15:41:56.4835450Z remote: Counting objects:  22% (87/392)        
2023-05-08T15:41:56.4835987Z remote: Counting objects:  23% (91/392)        
2023-05-08T15:41:56.4836281Z remote: Counting objects:  24% (95/392)        
2023-05-08T15:41:56.4836800Z remote: Counting objects:  25% (98/392)        
2023-05-08T15:41:56.4837108Z remote: Counting objects:  26% (102/392)        
2023-05-08T15:41:56.4837420Z remote: Counting objects:  27% (106/392)        
2023-05-08T15:41:56.4837745Z remote: Counting objects:  28% (110/392)        
2023-05-08T15:41:56.4838049Z remote: Counting objects:  29% (114/392)        
2023-05-08T15:41:56.4838355Z remote: Counting objects:  30% (118/392)        
2023-05-08T15:41:56.4838641Z remote: Counting objects:  31% (122/392)        
2023-05-08T15:41:56.4838947Z remote: Counting objects:  32% (126/392)        
2023-05-08T15:41:56.4839249Z remote: Counting objects:  33% (130/392)        
2023-05-08T15:41:56.4839535Z remote: Counting objects:  34% (134/392)        
2023-05-08T15:41:56.4839838Z remote: Counting objects:  35% (138/392)        
2023-05-08T15:41:56.4840146Z remote: Counting objects:  36% (142/392)        
2023-05-08T15:41:56.4840433Z remote: Counting objects:  37% (146/392)        
2023-05-08T15:41:56.4840738Z remote: Counting objects:  38% (149/392)        
2023-05-08T15:41:56.4841040Z remote: Counting objects:  39% (153/392)        
2023-05-08T15:41:56.4841330Z remote: Counting objects:  40% (157/392)        
2023-05-08T15:41:56.4841628Z remote: Counting objects:  41% (161/392)        
2023-05-08T15:41:56.4841924Z remote: Counting objects:  42% (165/392)        
2023-05-08T15:41:56.4842220Z remote: Counting objects:  43% (169/392)        
2023-05-08T15:41:56.4842507Z remote: Counting objects:  44% (173/392)        
2023-05-08T15:41:56.4842804Z remote: Counting objects:  45% (177/392)        
2023-05-08T15:41:56.4843103Z remote: Counting objects:  46% (181/392)        
2023-05-08T15:41:56.4843388Z remote: Counting objects:  47% (185/392)        
2023-05-08T15:41:56.4843685Z remote: Counting objects:  48% (189/392)        
2023-05-08T15:41:56.4843984Z remote: Counting objects:  49% (193/392)        
2023-05-08T15:41:56.4844268Z remote: Counting objects:  50% (196/392)        
2023-05-08T15:41:56.4844570Z remote: Counting objects:  51% (200/392)        
2023-05-08T15:41:56.4844870Z remote: Counting objects:  52% (204/392)        
2023-05-08T15:41:56.4845304Z remote: Counting objects:  53% (208/392)        
2023-05-08T15:41:56.4845613Z remote: Counting objects:  54% (212/392)        
2023-05-08T15:41:56.4845912Z remote: Counting objects:  55% (216/392)        
2023-05-08T15:41:56.4846211Z remote: Counting objects:  56% (220/392)        
2023-05-08T15:41:56.4846495Z remote: Counting objects:  57% (224/392)        
2023-05-08T15:41:56.4846799Z remote: Counting objects:  58% (228/392)        
2023-05-08T15:41:56.4847101Z remote: Counting objects:  59% (232/392)        
2023-05-08T15:41:56.4847387Z remote: Counting objects:  60% (236/392)        
2023-05-08T15:41:56.4847690Z remote: Counting objects:  61% (240/392)        
2023-05-08T15:41:56.4847990Z remote: Counting objects:  62% (244/392)        
2023-05-08T15:41:56.4848277Z remote: Counting objects:  63% (247/392)        
2023-05-08T15:41:56.4848888Z remote: Counting objects:  64% (251/392)        
2023-05-08T15:41:56.4849198Z remote: Counting objects:  65% (255/392)        
2023-05-08T15:41:56.4849507Z remote: Counting objects:  66% (259/392)        
2023-05-08T15:41:56.4849796Z remote: Counting objects:  67% (263/392)        
2023-05-08T15:41:56.4850097Z remote: Counting objects:  68% (267/392)        
2023-05-08T15:41:56.4850395Z remote: Counting objects:  69% (271/392)        
2023-05-08T15:41:56.4850695Z remote: Counting objects:  70% (275/392)        
2023-05-08T15:41:56.4850982Z remote: Counting objects:  71% (279/392)        
2023-05-08T15:41:56.4851274Z remote: Counting objects:  72% (283/392)        
2023-05-08T15:41:56.4851576Z remote: Counting objects:  73% (287/392)        
2023-05-08T15:41:56.4851867Z remote: Counting objects:  74% (291/392)        
2023-05-08T15:41:56.4852166Z remote: Counting objects:  75% (294/392)        
2023-05-08T15:41:56.4852474Z remote: Counting objects:  76% (298/392)        
2023-05-08T15:41:56.4852761Z remote: Counting objects:  77% (302/392)        
2023-05-08T15:41:56.4853190Z remote: Counting objects:  78% (306/392)        
2023-05-08T15:41:56.4853502Z remote: Counting objects:  79% (310/392)        
2023-05-08T15:41:56.4853788Z remote: Counting objects:  80% (314/392)        
2023-05-08T15:41:56.4854095Z remote: Counting objects:  81% (318/392)        
2023-05-08T15:41:56.4854398Z remote: Counting objects:  82% (322/392)        
2023-05-08T15:41:56.4854700Z remote: Counting objects:  83% (326/392)        
2023-05-08T15:41:56.4854989Z remote: Counting objects:  84% (330/392)        
2023-05-08T15:41:56.4855290Z remote: Counting objects:  85% (334/392)        
2023-05-08T15:41:56.4855593Z remote: Counting objects:  86% (338/392)        
2023-05-08T15:41:56.4855880Z remote: Counting objects:  87% (342/392)        
2023-05-08T15:41:56.4856178Z remote: Counting objects:  88% (345/392)        
2023-05-08T15:41:56.4856474Z remote: Counting objects:  89% (349/392)        
2023-05-08T15:41:56.4856759Z remote: Counting objects:  90% (353/392)        
2023-05-08T15:41:56.4857066Z remote: Counting objects:  91% (357/392)        
2023-05-08T15:41:56.4857371Z remote: Counting objects:  92% (361/392)        
2023-05-08T15:41:56.4857663Z remote: Counting objects:  93% (365/392)        
2023-05-08T15:41:56.4857959Z remote: Counting objects:  94% (369/392)        
2023-05-08T15:41:56.4858252Z remote: Counting objects:  95% (373/392)        
2023-05-08T15:41:56.4858548Z remote: Counting objects:  96% (377/392)        
2023-05-08T15:41:56.4858830Z remote: Counting objects:  97% (381/392)        
2023-05-08T15:41:56.4859122Z remote: Counting objects:  98% (385/392)        
2023-05-08T15:41:56.4859427Z remote: Counting objects:  99% (389/392)        
2023-05-08T15:41:56.4859710Z remote: Counting objects: 100% (392/392)        
2023-05-08T15:41:56.4860021Z remote: Counting objects: 100% (392/392), done.        
2023-05-08T15:41:56.4860363Z remote: Compressing objects:   0% (1/219)        
2023-05-08T15:41:56.4860669Z remote: Compressing objects:   1% (3/219)        
2023-05-08T15:41:56.4860989Z remote: Compressing objects:   2% (5/219)        
2023-05-08T15:41:56.4861442Z remote: Compressing objects:   3% (7/219)        
2023-05-08T15:41:56.4861964Z remote: Compressing objects:   4% (9/219)        
2023-05-08T15:41:56.4875809Z remote: Compressing objects:   5% (11/219)        
2023-05-08T15:41:56.4891269Z remote: Compressing objects:   6% (14/219)        
2023-05-08T15:41:56.4894427Z remote: Compressing objects:   7% (16/219)        
2023-05-08T15:41:56.5076116Z remote: Compressing objects:   8% (18/219)        
2023-05-08T15:41:56.5076540Z remote: Compressing objects:   9% (20/219)        
2023-05-08T15:41:56.5076859Z remote: Compressing objects:  10% (22/219)        
2023-05-08T15:41:56.5077171Z remote: Compressing objects:  11% (25/219)        
2023-05-08T15:41:56.5077472Z remote: Compressing objects:  12% (27/219)        
2023-05-08T15:41:56.5077757Z remote: Compressing objects:  13% (29/219)        
2023-05-08T15:41:56.5078060Z remote: Compressing objects:  14% (31/219)        
2023-05-08T15:41:56.5081383Z remote: Compressing objects:  15% (33/219)        
2023-05-08T15:41:56.5081756Z remote: Compressing objects:  16% (36/219)        
2023-05-08T15:41:56.5082049Z remote: Compressing objects:  17% (38/219)        
2023-05-08T15:41:56.5082333Z remote: Compressing objects:  18% (40/219)        
2023-05-08T15:41:56.5082598Z remote: Compressing objects:  19% (42/219)        
2023-05-08T15:41:56.5082876Z remote: Compressing objects:  20% (44/219)        
2023-05-08T15:41:56.5083153Z remote: Compressing objects:  21% (46/219)        
2023-05-08T15:41:56.5083413Z remote: Compressing objects:  22% (49/219)        
2023-05-08T15:41:56.5083686Z remote: Compressing objects:  23% (51/219)        
2023-05-08T15:41:56.5083960Z remote: Compressing objects:  24% (53/219)        
2023-05-08T15:41:56.5084235Z remote: Compressing objects:  25% (55/219)        
2023-05-08T15:41:56.5084495Z remote: Compressing objects:  26% (57/219)        
2023-05-08T15:41:56.5085448Z remote: Compressing objects:  27% (60/219)        
2023-05-08T15:41:56.5085723Z remote: Compressing objects:  28% (62/219)        
2023-05-08T15:41:56.5085990Z remote: Compressing objects:  29% (64/219)        
2023-05-08T15:41:56.5086269Z remote: Compressing objects:  30% (66/219)        
2023-05-08T15:41:56.5086544Z remote: Compressing objects:  31% (68/219)        
2023-05-08T15:41:56.5086805Z remote: Compressing objects:  32% (71/219)        
2023-05-08T15:41:56.5087082Z remote: Compressing objects:  33% (73/219)        
2023-05-08T15:41:56.5087356Z remote: Compressing objects:  34% (75/219)        
2023-05-08T15:41:56.5087625Z remote: Compressing objects:  35% (77/219)        
2023-05-08T15:41:56.5087880Z remote: Compressing objects:  36% (79/219)        
2023-05-08T15:41:56.5088155Z remote: Compressing objects:  37% (82/219)        
2023-05-08T15:41:56.5088426Z remote: Compressing objects:  38% (84/219)        
2023-05-08T15:41:56.5088685Z remote: Compressing objects:  39% (86/219)        
2023-05-08T15:41:56.5088961Z remote: Compressing objects:  40% (88/219)        
2023-05-08T15:41:56.5089231Z remote: Compressing objects:  41% (90/219)        
2023-05-08T15:41:56.5089494Z remote: Compressing objects:  42% (92/219)        
2023-05-08T15:41:56.5089767Z remote: Compressing objects:  43% (95/219)        
2023-05-08T15:41:56.5090038Z remote: Compressing objects:  44% (97/219)        
2023-05-08T15:41:56.5090296Z remote: Compressing objects:  45% (99/219)        
2023-05-08T15:41:56.5090571Z remote: Compressing objects:  46% (101/219)        
2023-05-08T15:41:56.5090850Z remote: Compressing objects:  47% (103/219)        
2023-05-08T15:41:56.5091127Z remote: Compressing objects:  48% (106/219)        
2023-05-08T15:41:56.5091392Z remote: Compressing objects:  49% (108/219)        
2023-05-08T15:41:56.5091670Z remote: Compressing objects:  50% (110/219)        
2023-05-08T15:41:56.5091947Z remote: Compressing objects:  51% (112/219)        
2023-05-08T15:41:56.5092208Z remote: Compressing objects:  52% (114/219)        
2023-05-08T15:41:56.5092491Z remote: Compressing objects:  53% (117/219)        
2023-05-08T15:41:56.5092886Z remote: Compressing objects:  54% (119/219)        
2023-05-08T15:41:56.5093155Z remote: Compressing objects:  55% (121/219)        
2023-05-08T15:41:56.5093430Z remote: Compressing objects:  56% (123/219)        
2023-05-08T15:41:56.5093706Z remote: Compressing objects:  57% (125/219)        
2023-05-08T15:41:56.5093985Z remote: Compressing objects:  58% (128/219)        
2023-05-08T15:41:56.5094280Z remote: Compressing objects:  59% (130/219)        
2023-05-08T15:41:56.5094554Z remote: Compressing objects:  60% (132/219)        
2023-05-08T15:41:56.5094828Z remote: Compressing objects:  61% (134/219)        
2023-05-08T15:41:56.5095089Z remote: Compressing objects:  62% (136/219)        
2023-05-08T15:41:56.5095360Z remote: Compressing objects:  63% (138/219)        
2023-05-08T15:41:56.5095635Z remote: Compressing objects:  64% (141/219)        
2023-05-08T15:41:56.5096214Z remote: Compressing objects:  65% (143/219)        
2023-05-08T15:41:56.5096485Z remote: Compressing objects:  66% (145/219)        
2023-05-08T15:41:56.5096766Z remote: Compressing objects:  67% (147/219)        
2023-05-08T15:41:56.5097043Z remote: Compressing objects:  68% (149/219)        
2023-05-08T15:41:56.5097304Z remote: Compressing objects:  69% (152/219)        
2023-05-08T15:41:56.5097583Z remote: Compressing objects:  70% (154/219)        
2023-05-08T15:41:56.5097858Z remote: Compressing objects:  71% (156/219)        
2023-05-08T15:41:56.5098119Z remote: Compressing objects:  72% (158/219)        
2023-05-08T15:41:56.5098390Z remote: Compressing objects:  73% (160/219)        
2023-05-08T15:41:56.5098664Z remote: Compressing objects:  74% (163/219)        
2023-05-08T15:41:56.5098937Z remote: Compressing objects:  75% (165/219)        
2023-05-08T15:41:56.5099195Z remote: Compressing objects:  76% (167/219)        
2023-05-08T15:41:56.5099467Z remote: Compressing objects:  77% (169/219)        
2023-05-08T15:41:56.5099868Z remote: Compressing objects:  78% (171/219)        
2023-05-08T15:41:56.5100129Z remote: Compressing objects:  79% (174/219)        
2023-05-08T15:41:56.5100597Z remote: Compressing objects:  80% (176/219)        
2023-05-08T15:41:56.5100874Z remote: Compressing objects:  81% (178/219)        
2023-05-08T15:41:56.5101139Z remote: Compressing objects:  82% (180/219)        
2023-05-08T15:41:56.5101414Z remote: Compressing objects:  83% (182/219)        
2023-05-08T15:41:56.5101839Z remote: Compressing objects:  84% (184/219)        
2023-05-08T15:41:56.5102116Z remote: Compressing objects:  85% (187/219)        
2023-05-08T15:41:56.5102374Z remote: Compressing objects:  86% (189/219)        
2023-05-08T15:41:56.5102649Z remote: Compressing objects:  87% (191/219)        
2023-05-08T15:41:56.5102927Z remote: Compressing objects:  88% (193/219)        
2023-05-08T15:41:56.5103186Z remote: Compressing objects:  89% (195/219)        
2023-05-08T15:41:56.5103522Z remote: Compressing objects:  90% (198/219)        
2023-05-08T15:41:56.5103789Z remote: Compressing objects:  91% (200/219)        
2023-05-08T15:41:56.5104065Z remote: Compressing objects:  92% (202/219)        
2023-05-08T15:41:56.5104439Z remote: Compressing objects:  93% (204/219)        
2023-05-08T15:41:56.5105069Z remote: Compressing objects:  94% (206/219)        
2023-05-08T15:41:56.5105348Z remote: Compressing objects:  95% (209/219)        
2023-05-08T15:41:56.5105623Z remote: Compressing objects:  96% (211/219)        
2023-05-08T15:41:56.5105883Z remote: Compressing objects:  97% (213/219)        
2023-05-08T15:41:56.5106158Z remote: Compressing objects:  98% (215/219)        
2023-05-08T15:41:56.5106432Z remote: Compressing objects:  99% (217/219)        
2023-05-08T15:41:56.5106693Z remote: Compressing objects: 100% (219/219)        
2023-05-08T15:41:56.5106980Z remote: Compressing objects: 100% (219/219), done.        
2023-05-08T15:41:56.5117322Z Receiving objects:   0% (1/1170)
2023-05-08T15:41:56.5117610Z Receiving objects:   1% (12/1170)
2023-05-08T15:41:56.5117860Z Receiving objects:   2% (24/1170)
2023-05-08T15:41:56.5175724Z Receiving objects:   3% (36/1170)
2023-05-08T15:41:56.5176498Z Receiving objects:   4% (47/1170)
2023-05-08T15:41:56.5361748Z Receiving objects:   5% (59/1170)
2023-05-08T15:41:56.5362391Z Receiving objects:   6% (71/1170)
2023-05-08T15:41:56.5365161Z Receiving objects:   7% (82/1170)
2023-05-08T15:41:56.5365552Z Receiving objects:   8% (94/1170)
2023-05-08T15:41:56.5384610Z Receiving objects:   9% (106/1170)
2023-05-08T15:41:56.5384926Z Receiving objects:  10% (117/1170)
2023-05-08T15:41:56.5385188Z Receiving objects:  11% (129/1170)
2023-05-08T15:41:56.5392423Z Receiving objects:  12% (141/1170)
2023-05-08T15:41:56.5392714Z Receiving objects:  13% (153/1170)
2023-05-08T15:41:56.5392984Z Receiving objects:  14% (164/1170)
2023-05-08T15:41:56.5393260Z Receiving objects:  15% (176/1170)
2023-05-08T15:41:56.5393531Z Receiving objects:  16% (188/1170)
2023-05-08T15:41:56.5400204Z Receiving objects:  17% (199/1170)
2023-05-08T15:41:56.5403052Z Receiving objects:  18% (211/1170)
2023-05-08T15:41:56.5403333Z Receiving objects:  19% (223/1170)
2023-05-08T15:41:56.5403616Z Receiving objects:  20% (234/1170)
2023-05-08T15:41:56.5444929Z Receiving objects:  21% (246/1170)
2023-05-08T15:41:56.5447431Z Receiving objects:  22% (258/1170)
2023-05-08T15:41:56.5654702Z Receiving objects:  23% (270/1170)
2023-05-08T15:41:56.5655059Z Receiving objects:  24% (281/1170)
2023-05-08T15:41:56.5655326Z Receiving objects:  25% (293/1170)
2023-05-08T15:41:56.5655605Z Receiving objects:  26% (305/1170)
2023-05-08T15:41:56.5655881Z Receiving objects:  27% (316/1170)
2023-05-08T15:41:56.5656136Z Receiving objects:  28% (328/1170)
2023-05-08T15:41:56.5656408Z Receiving objects:  29% (340/1170)
2023-05-08T15:41:56.5656678Z Receiving objects:  30% (351/1170)
2023-05-08T15:41:56.5656932Z Receiving objects:  31% (363/1170)
2023-05-08T15:41:56.5657204Z Receiving objects:  32% (375/1170)
2023-05-08T15:41:56.5657473Z Receiving objects:  33% (387/1170)
2023-05-08T15:41:56.5658086Z Receiving objects:  34% (398/1170)
2023-05-08T15:41:56.5658359Z Receiving objects:  35% (410/1170)
2023-05-08T15:41:56.5658649Z Receiving objects:  36% (422/1170)
2023-05-08T15:41:56.5658904Z Receiving objects:  37% (433/1170)
2023-05-08T15:41:56.5659178Z Receiving objects:  38% (445/1170)
2023-05-08T15:41:56.5659451Z Receiving objects:  39% (457/1170)
2023-05-08T15:41:56.5659726Z Receiving objects:  40% (468/1170)
2023-05-08T15:41:56.5659981Z Receiving objects:  41% (480/1170)
2023-05-08T15:41:56.5660248Z Receiving objects:  42% (492/1170)
2023-05-08T15:41:56.5660517Z Receiving objects:  43% (504/1170)
2023-05-08T15:41:56.5660768Z Receiving objects:  44% (515/1170)
2023-05-08T15:41:56.5689947Z Receiving objects:  45% (527/1170)
2023-05-08T15:41:56.5690278Z Receiving objects:  46% (539/1170)
2023-05-08T15:41:56.5690545Z Receiving objects:  47% (550/1170)
2023-05-08T15:41:56.5690822Z Receiving objects:  48% (562/1170)
2023-05-08T15:41:56.5691095Z Receiving objects:  49% (574/1170)
2023-05-08T15:41:56.5691370Z Receiving objects:  50% (585/1170)
2023-05-08T15:41:56.5691639Z Receiving objects:  51% (597/1170)
2023-05-08T15:41:56.5691923Z Receiving objects:  52% (609/1170)
2023-05-08T15:41:56.5692180Z Receiving objects:  53% (621/1170)
2023-05-08T15:41:56.5692447Z Receiving objects:  54% (632/1170)
2023-05-08T15:41:56.5692713Z Receiving objects:  55% (644/1170)
2023-05-08T15:41:56.5692984Z Receiving objects:  56% (656/1170)
2023-05-08T15:41:56.5693233Z Receiving objects:  57% (667/1170)
2023-05-08T15:41:56.5693498Z Receiving objects:  58% (679/1170)
2023-05-08T15:41:56.5693763Z Receiving objects:  59% (691/1170)
2023-05-08T15:41:56.5731717Z Receiving objects:  60% (702/1170)
2023-05-08T15:41:56.5732006Z Receiving objects:  61% (714/1170)
2023-05-08T15:41:56.5732304Z Receiving objects:  62% (726/1170)
2023-05-08T15:41:56.5742536Z Receiving objects:  63% (738/1170)
2023-05-08T15:41:56.5742839Z Receiving objects:  64% (749/1170)
2023-05-08T15:41:56.5743088Z Receiving objects:  65% (761/1170)
2023-05-08T15:41:56.5743333Z Receiving objects:  66% (773/1170)
2023-05-08T15:41:56.5743574Z Receiving objects:  67% (784/1170)
2023-05-08T15:41:56.5744139Z Receiving objects:  68% (796/1170)
2023-05-08T15:41:56.5744399Z Receiving objects:  69% (808/1170)
2023-05-08T15:41:56.5744633Z Receiving objects:  70% (819/1170)
2023-05-08T15:41:56.5744871Z Receiving objects:  71% (831/1170)
2023-05-08T15:41:56.5931364Z Receiving objects:  72% (843/1170)
2023-05-08T15:41:56.5936464Z Receiving objects:  73% (855/1170)
2023-05-08T15:41:56.5937140Z Receiving objects:  74% (866/1170)
2023-05-08T15:41:56.5938130Z Receiving objects:  75% (878/1170)
2023-05-08T15:41:56.5940318Z Receiving objects:  76% (890/1170)
2023-05-08T15:41:56.5943329Z Receiving objects:  77% (901/1170)
2023-05-08T15:41:56.5948625Z Receiving objects:  78% (913/1170)
2023-05-08T15:41:56.5966988Z Receiving objects:  79% (925/1170)
2023-05-08T15:41:56.5968032Z Receiving objects:  80% (936/1170)
2023-05-08T15:41:56.5968626Z Receiving objects:  81% (948/1170)
2023-05-08T15:41:56.5969533Z Receiving objects:  82% (960/1170)
2023-05-08T15:41:56.5970011Z Receiving objects:  83% (972/1170)
2023-05-08T15:41:56.5970733Z Receiving objects:  84% (983/1170)
2023-05-08T15:41:56.5971207Z Receiving objects:  85% (995/1170)
2023-05-08T15:41:56.5971904Z Receiving objects:  86% (1007/1170)
2023-05-08T15:41:56.5972380Z Receiving objects:  87% (1018/1170)
2023-05-08T15:41:56.5973075Z Receiving objects:  88% (1030/1170)
2023-05-08T15:41:56.5973547Z Receiving objects:  89% (1042/1170)
2023-05-08T15:41:56.5976675Z Receiving objects:  90% (1053/1170)
2023-05-08T15:41:56.5977269Z Receiving objects:  91% (1065/1170)
2023-05-08T15:41:56.5977994Z Receiving objects:  92% (1077/1170)
2023-05-08T15:41:56.5978482Z Receiving objects:  93% (1089/1170)
2023-05-08T15:41:56.5979188Z Receiving objects:  94% (1100/1170)
2023-05-08T15:41:56.5979707Z Receiving objects:  95% (1112/1170)
2023-05-08T15:41:56.5980888Z remote: Total 1170 (delta 169), reused 239 (delta 151), pack-reused 778        
2023-05-08T15:41:56.5983903Z Receiving objects:  96% (1124/1170)
2023-05-08T15:41:56.5988534Z Receiving objects:  97% (1135/1170)
2023-05-08T15:41:56.5992031Z Receiving objects:  98% (1147/1170)
2023-05-08T15:41:56.5993183Z Receiving objects:  99% (1159/1170)
2023-05-08T15:41:56.5993497Z Receiving objects: 100% (1170/1170)
2023-05-08T15:41:56.5993801Z Receiving objects: 100% (1170/1170), 289.70 KiB | 3.22 MiB/s, done.
2023-05-08T15:41:56.6001991Z Resolving deltas:   0% (0/638)
2023-05-08T15:41:56.6002293Z Resolving deltas:   1% (7/638)
2023-05-08T15:41:56.6002567Z Resolving deltas:   2% (13/638)
2023-05-08T15:41:56.6002823Z Resolving deltas:   3% (20/638)
2023-05-08T15:41:56.6003089Z Resolving deltas:   4% (26/638)
2023-05-08T15:41:56.6003354Z Resolving deltas:   5% (32/638)
2023-05-08T15:41:56.6003605Z Resolving deltas:   6% (39/638)
2023-05-08T15:41:56.6003870Z Resolving deltas:   7% (45/638)
2023-05-08T15:41:56.6004134Z Resolving deltas:   8% (52/638)
2023-05-08T15:41:56.6004379Z Resolving deltas:   9% (58/638)
2023-05-08T15:41:56.6004756Z Resolving deltas:  10% (64/638)
2023-05-08T15:41:56.6005026Z Resolving deltas:  11% (71/638)
2023-05-08T15:41:56.6005294Z Resolving deltas:  12% (77/638)
2023-05-08T15:41:56.6005557Z Resolving deltas:  13% (83/638)
2023-05-08T15:41:56.6005827Z Resolving deltas:  14% (90/638)
2023-05-08T15:41:56.6006074Z Resolving deltas:  15% (96/638)
2023-05-08T15:41:56.6006339Z Resolving deltas:  16% (103/638)
2023-05-08T15:41:56.6006617Z Resolving deltas:  17% (109/638)
2023-05-08T15:41:56.6006874Z Resolving deltas:  18% (115/638)
2023-05-08T15:41:56.6007338Z Resolving deltas:  19% (122/638)
2023-05-08T15:41:56.6009709Z Resolving deltas:  20% (128/638)
2023-05-08T15:41:56.6010109Z Resolving deltas:  21% (134/638)
2023-05-08T15:41:56.6010403Z Resolving deltas:  22% (141/638)
2023-05-08T15:41:56.6010833Z Resolving deltas:  23% (147/638)
2023-05-08T15:41:56.6011198Z Resolving deltas:  24% (154/638)
2023-05-08T15:41:56.6011500Z Resolving deltas:  25% (160/638)
2023-05-08T15:41:56.6014635Z Resolving deltas:  26% (166/638)
2023-05-08T15:41:56.6017378Z Resolving deltas:  27% (173/638)
2023-05-08T15:41:56.6019055Z Resolving deltas:  28% (179/638)
2023-05-08T15:41:56.6022298Z Resolving deltas:  29% (186/638)
2023-05-08T15:41:56.6040262Z Resolving deltas:  30% (192/638)
2023-05-08T15:41:56.6040646Z Resolving deltas:  31% (198/638)
2023-05-08T15:41:56.6040961Z Resolving deltas:  32% (205/638)
2023-05-08T15:41:56.6041227Z Resolving deltas:  33% (211/638)
2023-05-08T15:41:56.6042113Z Resolving deltas:  34% (217/638)
2023-05-08T15:41:56.6042421Z Resolving deltas:  35% (224/638)
2023-05-08T15:41:56.6043107Z Resolving deltas:  36% (230/638)
2023-05-08T15:41:56.6044038Z Resolving deltas:  37% (237/638)
2023-05-08T15:41:56.6047526Z Resolving deltas:  38% (243/638)
2023-05-08T15:41:56.6049986Z Resolving deltas:  39% (249/638)
2023-05-08T15:41:56.6052667Z Resolving deltas:  40% (256/638)
2023-05-08T15:41:56.6055075Z Resolving deltas:  41% (262/638)
2023-05-08T15:41:56.6060319Z Resolving deltas:  42% (268/638)
2023-05-08T15:41:56.6060793Z Resolving deltas:  43% (275/638)
2023-05-08T15:41:56.6065464Z Resolving deltas:  44% (281/638)
2023-05-08T15:41:56.6069918Z Resolving deltas:  45% (288/638)
2023-05-08T15:41:56.6073837Z Resolving deltas:  46% (294/638)
2023-05-08T15:41:56.6077933Z Resolving deltas:  47% (300/638)
2023-05-08T15:41:56.6080802Z Resolving deltas:  48% (307/638)
2023-05-08T15:41:56.6083532Z Resolving deltas:  49% (313/638)
2023-05-08T15:41:56.6086355Z Resolving deltas:  50% (319/638)
2023-05-08T15:41:56.6089622Z Resolving deltas:  51% (326/638)
2023-05-08T15:41:56.6093739Z Resolving deltas:  52% (332/638)
2023-05-08T15:41:56.6096641Z Resolving deltas:  53% (339/638)
2023-05-08T15:41:56.6100493Z Resolving deltas:  54% (345/638)
2023-05-08T15:41:56.6106097Z Resolving deltas:  55% (351/638)
2023-05-08T15:41:56.6108423Z Resolving deltas:  56% (358/638)
2023-05-08T15:41:56.6114359Z Resolving deltas:  57% (364/638)
2023-05-08T15:41:56.6120154Z Resolving deltas:  58% (371/638)
2023-05-08T15:41:56.6124436Z Resolving deltas:  59% (377/638)
2023-05-08T15:41:56.6129533Z Resolving deltas:  60% (383/638)
2023-05-08T15:41:56.6131925Z Resolving deltas:  61% (390/638)
2023-05-08T15:41:56.6134101Z Resolving deltas:  62% (396/638)
2023-05-08T15:41:56.6136063Z Resolving deltas:  63% (402/638)
2023-05-08T15:41:56.6138900Z Resolving deltas:  64% (409/638)
2023-05-08T15:41:56.6141509Z Resolving deltas:  65% (415/638)
2023-05-08T15:41:56.6142843Z Resolving deltas:  66% (422/638)
2023-05-08T15:41:56.6144721Z Resolving deltas:  67% (428/638)
2023-05-08T15:41:56.6146406Z Resolving deltas:  68% (434/638)
2023-05-08T15:41:56.6148307Z Resolving deltas:  69% (441/638)
2023-05-08T15:41:56.6149829Z Resolving deltas:  70% (447/638)
2023-05-08T15:41:56.6151324Z Resolving deltas:  71% (453/638)
2023-05-08T15:41:56.6153812Z Resolving deltas:  72% (460/638)
2023-05-08T15:41:56.6159393Z Resolving deltas:  73% (466/638)
2023-05-08T15:41:56.6161527Z Resolving deltas:  74% (473/638)
2023-05-08T15:41:56.6163689Z Resolving deltas:  75% (479/638)
2023-05-08T15:41:56.6166495Z Resolving deltas:  76% (485/638)
2023-05-08T15:41:56.6168139Z Resolving deltas:  77% (492/638)
2023-05-08T15:41:56.6169982Z Resolving deltas:  78% (498/638)
2023-05-08T15:41:56.6171696Z Resolving deltas:  79% (505/638)
2023-05-08T15:41:56.6173432Z Resolving deltas:  80% (511/638)
2023-05-08T15:41:56.6175102Z Resolving deltas:  81% (517/638)
2023-05-08T15:41:56.6176689Z Resolving deltas:  82% (524/638)
2023-05-08T15:41:56.6178449Z Resolving deltas:  83% (530/638)
2023-05-08T15:41:56.6180169Z Resolving deltas:  84% (536/638)
2023-05-08T15:41:56.6181875Z Resolving deltas:  85% (543/638)
2023-05-08T15:41:56.6183912Z Resolving deltas:  86% (549/638)
2023-05-08T15:41:56.6188325Z Resolving deltas:  87% (556/638)
2023-05-08T15:41:56.6191975Z Resolving deltas:  88% (562/638)
2023-05-08T15:41:56.6195922Z Resolving deltas:  89% (568/638)
2023-05-08T15:41:56.6199333Z Resolving deltas:  90% (575/638)
2023-05-08T15:41:56.6202521Z Resolving deltas:  91% (581/638)
2023-05-08T15:41:56.6205753Z Resolving deltas:  92% (587/638)
2023-05-08T15:41:56.6208788Z Resolving deltas:  93% (594/638)
2023-05-08T15:41:56.6215681Z Resolving deltas:  94% (600/638)
2023-05-08T15:41:56.6218541Z Resolving deltas:  95% (607/638)
2023-05-08T15:41:56.6222979Z Resolving deltas:  96% (613/638)
2023-05-08T15:41:56.6226940Z Resolving deltas:  97% (619/638)
2023-05-08T15:41:56.6231028Z Resolving deltas:  98% (626/638)
2023-05-08T15:41:56.6234206Z Resolving deltas:  99% (632/638)
2023-05-08T15:41:56.6241569Z Resolving deltas: 100% (638/638)
2023-05-08T15:41:56.6241982Z Resolving deltas: 100% (638/638), done.
2023-05-08T15:41:56.6382889Z From https://github.com/con/tinuous
2023-05-08T15:41:56.6383885Z  * [new branch]      gh-55           -> origin/gh-55
2023-05-08T15:41:56.6384518Z  * [new branch]      master          -> origin/master
2023-05-08T15:41:56.6385091Z  * [new branch]      no-extra-search -> origin/no-extra-search
2023-05-08T15:41:56.6385716Z  * [new branch]      test-appveyor   -> origin/test-appveyor
2023-05-08T15:41:56.6386741Z  * [new tag]         0.1.0           -> 0.1.0
2023-05-08T15:41:56.6387068Z  * [new tag]         0.2.0           -> 0.2.0
2023-05-08T15:41:56.6387460Z  * [new tag]         0.3.0           -> 0.3.0
2023-05-08T15:41:56.6387826Z  * [new tag]         0.4.0           -> 0.4.0
2023-05-08T15:41:56.6394520Z  * [new tag]         0.5.0           -> 0.5.0
2023-05-08T15:41:56.6394900Z  * [new tag]         0.5.1           -> 0.5.1
2023-05-08T15:41:56.6395278Z  * [new tag]         0.5.2           -> 0.5.2
2023-05-08T15:41:56.6395668Z  * [new tag]         0.5.3           -> 0.5.3
2023-05-08T15:41:56.6395986Z  * [new tag]         0.5.4           -> 0.5.4
2023-05-08T15:41:56.6396457Z  * [new tag]         0.6.0           -> 0.6.0
2023-05-08T15:41:56.6396832Z  * [new tag]         0.6.1           -> 0.6.1
2023-05-08T15:41:56.6421427Z [command]/usr/bin/git branch --list --remote origin/master
2023-05-08T15:41:56.6450804Z   origin/master
2023-05-08T15:41:56.6460315Z [command]/usr/bin/git rev-parse refs/remotes/origin/master
2023-05-08T15:41:56.6487580Z c5a095328e1ecd04751457044ae85f902fc867dd
2023-05-08T15:41:56.6492322Z ##[endgroup]
2023-05-08T15:41:56.6493066Z ##[group]Determining the checkout info
2023-05-08T15:41:56.6493956Z ##[endgroup]
2023-05-08T15:41:56.6494666Z ##[group]Checking out the ref
2023-05-08T15:41:56.6497581Z [command]/usr/bin/git checkout --progress --force -B master refs/remotes/origin/master
2023-05-08T15:41:56.6565980Z Reset branch 'master'
2023-05-08T15:41:56.6570359Z branch 'master' set up to track 'origin/master'.
2023-05-08T15:41:56.6573068Z ##[endgroup]
2023-05-08T15:41:56.6615164Z [command]/usr/bin/git log -1 --format='%H'
2023-05-08T15:41:56.6653283Z 'c5a095328e1ecd04751457044ae85f902fc867dd'
2023-05-08T15:41:56.6991808Z ##[group]Run actions/setup-python@v4
2023-05-08T15:41:56.6992161Z with:
2023-05-08T15:41:56.6992442Z   python-version: 3.8
2023-05-08T15:41:56.6992692Z   check-latest: false
2023-05-08T15:41:56.6993220Z   token: ***
2023-05-08T15:41:56.6993530Z   update-environment: true
2023-05-08T15:41:56.6993867Z   allow-prereleases: false
2023-05-08T15:41:56.6994107Z ##[endgroup]
2023-05-08T15:41:56.8606486Z ##[group]Installed versions
2023-05-08T15:41:56.8805143Z Successfully set up CPython (3.8.16)
2023-05-08T15:41:56.8805606Z ##[endgroup]
2023-05-08T15:41:56.8904704Z ##[group]Run python -m pip install --upgrade pip wheel
2023-05-08T15:41:56.8905110Z [36;1mpython -m pip install --upgrade pip wheel[0m
2023-05-08T15:41:56.8905438Z [36;1mpython -m pip install --upgrade --upgrade-strategy=eager tox[0m
2023-05-08T15:41:56.8963804Z shell: /usr/bin/bash -e {0}
2023-05-08T15:41:56.8964058Z env:
2023-05-08T15:41:56.8964320Z   pythonLocation: /opt/hostedtoolcache/Python/3.8.16/x64
2023-05-08T15:41:56.8964671Z   PKG_CONFIG_PATH: /opt/hostedtoolcache/Python/3.8.16/x64/lib/pkgconfig
2023-05-08T15:41:56.8965014Z   Python_ROOT_DIR: /opt/hostedtoolcache/Python/3.8.16/x64
2023-05-08T15:41:56.8965318Z   Python2_ROOT_DIR: /opt/hostedtoolcache/Python/3.8.16/x64
2023-05-08T15:41:56.8965631Z   Python3_ROOT_DIR: /opt/hostedtoolcache/Python/3.8.16/x64
2023-05-08T15:41:56.8965971Z   LD_LIBRARY_PATH: /opt/hostedtoolcache/Python/3.8.16/x64/lib
2023-05-08T15:41:56.8966237Z ##[endgroup]
2023-05-08T15:41:57.6491808Z Requirement already satisfied: pip in /opt/hostedtoolcache/Python/3.8.16/x64/lib/python3.8/site-packages (22.0.4)
2023-05-08T15:41:57.8575029Z Collecting pip
2023-05-08T15:41:58.0050547Z   Downloading pip-23.1.2-py3-none-any.whl (2.1 MB)
2023-05-08T15:41:58.2122653Z      ━━━━━━━━━━━━━━━━━━━━━━━━━━━━━━━━━━━━━━━━ 2.1/2.1 MB 10.2 MB/s eta 0:00:00
2023-05-08T15:41:58.2844004Z Collecting wheel
2023-05-08T15:41:58.3012639Z   Downloading wheel-0.40.0-py3-none-any.whl (64 kB)
2023-05-08T15:41:58.3071128Z      ━━━━━━━━━━━━━━━━━━━━━━━━━━━━━━━━━━━━━━━━ 64.5/64.5 kB 17.8 MB/s eta 0:00:00
2023-05-08T15:41:58.3458167Z Installing collected packages: wheel, pip
2023-05-08T15:41:58.3939529Z   Attempting uninstall: pip
2023-05-08T15:41:58.3950088Z     Found existing installation: pip 22.0.4
2023-05-08T15:41:58.4708832Z     Uninstalling pip-22.0.4:
2023-05-08T15:41:58.5406973Z       Successfully uninstalled pip-22.0.4
2023-05-08T15:41:59.6312051Z Successfully installed pip-23.1.2 wheel-0.40.0
2023-05-08T15:42:00.6931058Z Collecting tox
2023-05-08T15:42:00.8384482Z   Downloading tox-4.5.1-py3-none-any.whl (148 kB)
2023-05-08T15:42:00.8820015Z      ━━━━━━━━━━━━━━━━━━━━━━━━━━━━━━━━━━━━━━━ 149.0/149.0 kB 3.6 MB/s eta 0:00:00
2023-05-08T15:42:00.9591005Z Collecting cachetools>=5.3 (from tox)
2023-05-08T15:42:00.9760747Z   Downloading cachetools-5.3.0-py3-none-any.whl (9.3 kB)
2023-05-08T15:42:01.0110070Z Collecting chardet>=5.1 (from tox)
2023-05-08T15:42:01.0286139Z   Downloading chardet-5.1.0-py3-none-any.whl (199 kB)
2023-05-08T15:42:01.0543128Z      ━━━━━━━━━━━━━━━━━━━━━━━━━━━━━━━━━━━━━━━ 199.1/199.1 kB 8.3 MB/s eta 0:00:00
2023-05-08T15:42:01.0975717Z Collecting colorama>=0.4.6 (from tox)
2023-05-08T15:42:01.1146591Z   Downloading colorama-0.4.6-py2.py3-none-any.whl (25 kB)
2023-05-08T15:42:01.1637186Z Collecting filelock>=3.11 (from tox)
2023-05-08T15:42:01.1805861Z   Downloading filelock-3.12.0-py3-none-any.whl (10 kB)
2023-05-08T15:42:01.2309962Z Collecting packaging>=23.1 (from tox)
2023-05-08T15:42:01.2475168Z   Downloading packaging-23.1-py3-none-any.whl (48 kB)
2023-05-08T15:42:01.2532117Z      ━━━━━━━━━━━━━━━━━━━━━━━━━━━━━━━━━━━━━━━━ 48.9/48.9 kB 13.4 MB/s eta 0:00:00
2023-05-08T15:42:01.2930915Z Collecting platformdirs>=3.2 (from tox)
2023-05-08T15:42:01.3105624Z   Downloading platformdirs-3.5.0-py3-none-any.whl (15 kB)
2023-05-08T15:42:01.3510404Z Collecting pluggy>=1 (from tox)
2023-05-08T15:42:01.3676705Z   Downloading pluggy-1.0.0-py2.py3-none-any.whl (13 kB)
2023-05-08T15:42:01.4036963Z Collecting pyproject-api>=1.5.1 (from tox)
2023-05-08T15:42:01.4207539Z   Downloading pyproject_api-1.5.1-py3-none-any.whl (12 kB)
2023-05-08T15:42:01.4739236Z Collecting tomli>=2.0.1 (from tox)
2023-05-08T15:42:01.4904266Z   Downloading tomli-2.0.1-py3-none-any.whl (12 kB)
2023-05-08T15:42:01.6259904Z Collecting virtualenv>=20.21 (from tox)
2023-05-08T15:42:01.6425982Z   Downloading virtualenv-20.23.0-py3-none-any.whl (3.3 MB)
2023-05-08T15:42:01.8750056Z      ━━━━━━━━━━━━━━━━━━━━━━━━━━━━━━━━━━━━━━━━ 3.3/3.3 MB 14.2 MB/s eta 0:00:00
2023-05-08T15:42:01.9997719Z Collecting distlib<1,>=0.3.6 (from virtualenv>=20.21->tox)
2023-05-08T15:42:02.0161371Z   Downloading distlib-0.3.6-py2.py3-none-any.whl (468 kB)
2023-05-08T15:42:02.0411134Z      ━━━━━━━━━━━━━━━━━━━━━━━━━━━━━━━━━━━━━━ 468.5/468.5 kB 20.9 MB/s eta 0:00:00
2023-05-08T15:42:02.1976915Z Installing collected packages: distlib, tomli, pluggy, platformdirs, packaging, filelock, colorama, chardet, cachetools, virtualenv, pyproject-api, tox
2023-05-08T15:42:02.8258842Z Successfully installed cachetools-5.3.0 chardet-5.1.0 colorama-0.4.6 distlib-0.3.6 filelock-3.12.0 packaging-23.1 platformdirs-3.5.0 pluggy-1.0.0 pyproject-api-1.5.1 tomli-2.0.1 tox-4.5.1 virtualenv-20.23.0
2023-05-08T15:42:02.9806632Z ##[group]Run tox -e lint
2023-05-08T15:42:02.9806878Z [36;1mtox -e lint[0m
2023-05-08T15:42:02.9859397Z shell: /usr/bin/bash -e {0}
2023-05-08T15:42:02.9859604Z env:
2023-05-08T15:42:02.9859875Z   pythonLocation: /opt/hostedtoolcache/Python/3.8.16/x64
2023-05-08T15:42:02.9860227Z   PKG_CONFIG_PATH: /opt/hostedtoolcache/Python/3.8.16/x64/lib/pkgconfig
2023-05-08T15:42:02.9860552Z   Python_ROOT_DIR: /opt/hostedtoolcache/Python/3.8.16/x64
2023-05-08T15:42:02.9860871Z   Python2_ROOT_DIR: /opt/hostedtoolcache/Python/3.8.16/x64
2023-05-08T15:42:02.9861188Z   Python3_ROOT_DIR: /opt/hostedtoolcache/Python/3.8.16/x64
2023-05-08T15:42:02.9861511Z   LD_LIBRARY_PATH: /opt/hostedtoolcache/Python/3.8.16/x64/lib
2023-05-08T15:42:02.9861887Z ##[endgroup]
2023-05-08T15:42:03.5251136Z lint: install_deps> python -I -m pip install flake8 flake8-bugbear flake8-builtins flake8-unused-arguments
2023-05-08T15:42:05.7336613Z lint: freeze> python -m pip freeze --all
2023-05-08T15:42:06.1194470Z lint: attrs==23.1.0,flake8==6.0.0,flake8-bugbear==23.3.23,flake8-builtins==2.1.0,flake8-unused-arguments==0.0.13,mccabe==0.7.0,pip==23.1.2,pycodestyle==2.10.0,pyflakes==3.0.1,setuptools==67.7.2,wheel==0.40.0
2023-05-08T15:42:06.1201928Z lint: commands[0]> flake8 --config=tox.ini src test
2023-05-08T15:42:06.8103246Z   lint: OK (3.59=setup[2.90]+cmd[0.68] seconds)
2023-05-08T15:42:06.8103586Z   congratulations :) (3.67 seconds)
2023-05-08T15:42:06.8427508Z Post job cleanup.
2023-05-08T15:42:06.9954511Z Post job cleanup.
2023-05-08T15:42:07.0970630Z [command]/usr/bin/git version
2023-05-08T15:42:07.1021572Z git version 2.40.1
2023-05-08T15:42:07.1071349Z Temporarily overriding HOME='/home/runner/work/_temp/f0f11810-9203-4401-ba8f-4b962b138b4a' before making global git config changes
2023-05-08T15:42:07.1073734Z Adding repository directory to the temporary git global config as a safe directory
2023-05-08T15:42:07.1079762Z [command]/usr/bin/git config --global --add safe.directory /home/runner/work/tinuous/tinuous
2023-05-08T15:42:07.1122657Z [command]/usr/bin/git config --local --name-only --get-regexp core\.sshCommand
2023-05-08T15:42:07.1160859Z [command]/usr/bin/git submodule foreach --recursive sh -c "git config --local --name-only --get-regexp 'core\.sshCommand' && git config --local --unset-all 'core.sshCommand' || :"
2023-05-08T15:42:07.1403341Z [command]/usr/bin/git config --local --name-only --get-regexp http\.https\:\/\/github\.com\/\.extraheader
2023-05-08T15:42:07.1432769Z http.https://github.com/.extraheader
2023-05-08T15:42:07.1445029Z [command]/usr/bin/git config --local --unset-all http.https://github.com/.extraheader
2023-05-08T15:42:07.1484364Z [command]/usr/bin/git submodule foreach --recursive sh -c "git config --local --name-only --get-regexp 'http\.https\:\/\/github\.com\/\.extraheader' && git config --local --unset-all 'http.https://github.com/.extraheader' || :"
2023-05-08T15:42:07.1927719Z Cleaning up orphan processes
