2021-06-08T16:15:51.4360724Z ##[section]Starting: Request a runner to run this job
2021-06-08T16:15:51.8754106Z Can't find any online and idle self-hosted runner in current repository that matches the required labels: 'ubuntu-latest'
2021-06-08T16:15:51.8754242Z Can't find any online and idle self-hosted runner in current repository's account/organization that matches the required labels: 'ubuntu-latest'
2021-06-08T16:15:51.8754462Z Found online and idle hosted runner in current repository's account/organization that matches the required labels: 'ubuntu-latest'
2021-06-08T16:15:52.0347727Z ##[section]Finishing: Request a runner to run this job
2021-06-08T16:16:01.0056908Z Current runner version: '2.278.0'
2021-06-08T16:16:01.0089889Z ##[group]Operating System
2021-06-08T16:16:01.0090900Z Ubuntu
2021-06-08T16:16:01.0091470Z 20.04.2
2021-06-08T16:16:01.0092220Z LTS
2021-06-08T16:16:01.0092786Z ##[endgroup]
2021-06-08T16:16:01.0093397Z ##[group]Virtual Environment
2021-06-08T16:16:01.0094162Z Environment: ubuntu-20.04
2021-06-08T16:16:01.0094761Z Version: 20210606.1
2021-06-08T16:16:01.0095952Z Included Software: https://github.com/actions/virtual-environments/blob/ubuntu20/20210606.1/images/linux/Ubuntu2004-README.md
2021-06-08T16:16:01.0098363Z Image Release: https://github.com/actions/virtual-environments/releases/tag/ubuntu20%2F20210606.1
2021-06-08T16:16:01.0099360Z ##[endgroup]
2021-06-08T16:16:01.0101686Z ##[group]GITHUB_TOKEN Permissions
2021-06-08T16:16:01.0103191Z Actions: write
2021-06-08T16:16:01.0103755Z Checks: write
2021-06-08T16:16:01.0104395Z Contents: write
2021-06-08T16:16:01.0104984Z Deployments: write
2021-06-08T16:16:01.0105727Z Discussions: write
2021-06-08T16:16:01.0106411Z Issues: write
2021-06-08T16:16:01.0107020Z Metadata: read
2021-06-08T16:16:01.0107575Z Packages: write
2021-06-08T16:16:01.0108223Z PullRequests: write
2021-06-08T16:16:01.0108909Z RepositoryProjects: write
2021-06-08T16:16:01.0109684Z SecurityEvents: write
2021-06-08T16:16:01.0110353Z Statuses: write
2021-06-08T16:16:01.0111014Z ##[endgroup]
2021-06-08T16:16:01.0114623Z Prepare workflow directory
2021-06-08T16:16:01.0837699Z Prepare all required actions
2021-06-08T16:16:01.0850409Z Getting action download info
2021-06-08T16:16:01.5796041Z Download action repository 'actions/checkout@v2'
2021-06-08T16:16:02.9029648Z Download action repository 'actions/setup-python@v2'
2021-06-08T16:16:03.9220792Z Download action repository 'codecov/codecov-action@v1'
2021-06-08T16:16:04.6224445Z ##[group]Run actions/checkout@v2
2021-06-08T16:16:04.6225284Z with:
2021-06-08T16:16:04.6225801Z   fetch-depth: 0
2021-06-08T16:16:04.6226369Z   repository: con/tinuous
2021-06-08T16:16:04.6227493Z   token: ***
2021-06-08T16:16:04.6228028Z   ssh-strict: true
2021-06-08T16:16:04.6229086Z   persist-credentials: true
2021-06-08T16:16:04.6229723Z   clean: true
2021-06-08T16:16:04.6230204Z   lfs: false
2021-06-08T16:16:04.6230708Z   submodules: false
2021-06-08T16:16:04.6231249Z ##[endgroup]
2021-06-08T16:16:04.8925184Z Syncing repository: con/tinuous
2021-06-08T16:16:04.8926151Z ##[group]Getting Git version info
2021-06-08T16:16:04.8959919Z Working directory is '/home/runner/work/tinuous/tinuous'
2021-06-08T16:16:04.8975612Z [command]/usr/bin/git version
2021-06-08T16:16:04.9155243Z git version 2.31.1
2021-06-08T16:16:04.9215949Z ##[endgroup]
2021-06-08T16:16:04.9225949Z Deleting the contents of '/home/runner/work/tinuous/tinuous'
2021-06-08T16:16:04.9238621Z ##[group]Initializing the repository
2021-06-08T16:16:04.9245965Z [command]/usr/bin/git init /home/runner/work/tinuous/tinuous
2021-06-08T16:16:04.9360987Z hint: Using 'master' as the name for the initial branch. This default branch name
2021-06-08T16:16:04.9362020Z hint: is subject to change. To configure the initial branch name to use in all
2021-06-08T16:16:04.9363027Z hint: of your new repositories, which will suppress this warning, call:
2021-06-08T16:16:04.9363725Z hint: 
2021-06-08T16:16:04.9364597Z hint: 	git config --global init.defaultBranch <name>
2021-06-08T16:16:04.9365263Z hint: 
2021-06-08T16:16:04.9366887Z hint: Names commonly chosen instead of 'master' are 'main', 'trunk' and
2021-06-08T16:16:04.9368048Z hint: 'development'. The just-created branch can be renamed via this command:
2021-06-08T16:16:04.9368771Z hint: 
2021-06-08T16:16:04.9369434Z hint: 	git branch -m <name>
2021-06-08T16:16:04.9370221Z Initialized empty Git repository in /home/runner/work/tinuous/tinuous/.git/
2021-06-08T16:16:04.9373038Z [command]/usr/bin/git remote add origin https://github.com/con/tinuous
2021-06-08T16:16:04.9421480Z ##[endgroup]
2021-06-08T16:16:04.9422779Z ##[group]Disabling automatic garbage collection
2021-06-08T16:16:04.9426862Z [command]/usr/bin/git config --local gc.auto 0
2021-06-08T16:16:04.9517337Z ##[endgroup]
2021-06-08T16:16:04.9528412Z ##[group]Setting up auth
2021-06-08T16:16:04.9536090Z [command]/usr/bin/git config --local --name-only --get-regexp core\.sshCommand
2021-06-08T16:16:04.9577183Z [command]/usr/bin/git submodule foreach --recursive git config --local --name-only --get-regexp 'core\.sshCommand' && git config --local --unset-all 'core.sshCommand' || :
2021-06-08T16:16:05.0050659Z [command]/usr/bin/git config --local --name-only --get-regexp http\.https\:\/\/github\.com\/\.extraheader
2021-06-08T16:16:05.0140957Z [command]/usr/bin/git submodule foreach --recursive git config --local --name-only --get-regexp 'http\.https\:\/\/github\.com\/\.extraheader' && git config --local --unset-all 'http.https://github.com/.extraheader' || :
2021-06-08T16:16:05.0426723Z [command]/usr/bin/git config --local http.https://github.com/.extraheader AUTHORIZATION: basic ***
2021-06-08T16:16:05.0492881Z ##[endgroup]
2021-06-08T16:16:05.0494015Z ##[group]Fetching the repository
2021-06-08T16:16:05.0503660Z [command]/usr/bin/git -c protocol.version=2 fetch --prune --progress --no-recurse-submodules origin +refs/heads/*:refs/remotes/origin/* +refs/tags/*:refs/tags/*
2021-06-08T16:16:05.5551183Z remote: Enumerating objects: 465, done.        
2021-06-08T16:16:05.5552212Z remote: Counting objects:   0% (1/465)        
2021-06-08T16:16:05.5552809Z remote: Counting objects:   1% (5/465)        
2021-06-08T16:16:05.5553379Z remote: Counting objects:   2% (10/465)        
2021-06-08T16:16:05.5553958Z remote: Counting objects:   3% (14/465)        
2021-06-08T16:16:05.5555320Z remote: Counting objects:   4% (19/465)        
2021-06-08T16:16:05.5555905Z remote: Counting objects:   5% (24/465)        
2021-06-08T16:16:05.5556891Z remote: Counting objects:   6% (28/465)        
2021-06-08T16:16:05.5557485Z remote: Counting objects:   7% (33/465)        
2021-06-08T16:16:05.5558064Z remote: Counting objects:   8% (38/465)        
2021-06-08T16:16:05.5558627Z remote: Counting objects:   9% (42/465)        
2021-06-08T16:16:05.5559210Z remote: Counting objects:  10% (47/465)        
2021-06-08T16:16:05.5559768Z remote: Counting objects:  11% (52/465)        
2021-06-08T16:16:05.5560342Z remote: Counting objects:  12% (56/465)        
2021-06-08T16:16:05.5560896Z remote: Counting objects:  13% (61/465)        
2021-06-08T16:16:05.5561464Z remote: Counting objects:  14% (66/465)        
2021-06-08T16:16:05.5562019Z remote: Counting objects:  15% (70/465)        
2021-06-08T16:16:05.5562588Z remote: Counting objects:  16% (75/465)        
2021-06-08T16:16:05.5563159Z remote: Counting objects:  17% (80/465)        
2021-06-08T16:16:05.5563718Z remote: Counting objects:  18% (84/465)        
2021-06-08T16:16:05.5564289Z remote: Counting objects:  19% (89/465)        
2021-06-08T16:16:05.5564843Z remote: Counting objects:  20% (93/465)        
2021-06-08T16:16:05.5565410Z remote: Counting objects:  21% (98/465)        
2021-06-08T16:16:05.5565973Z remote: Counting objects:  22% (103/465)        
2021-06-08T16:16:05.5566559Z remote: Counting objects:  23% (107/465)        
2021-06-08T16:16:05.5567123Z remote: Counting objects:  24% (112/465)        
2021-06-08T16:16:05.5567695Z remote: Counting objects:  25% (117/465)        
2021-06-08T16:16:05.5568274Z remote: Counting objects:  26% (121/465)        
2021-06-08T16:16:05.5568832Z remote: Counting objects:  27% (126/465)        
2021-06-08T16:16:05.5569402Z remote: Counting objects:  28% (131/465)        
2021-06-08T16:16:05.5569965Z remote: Counting objects:  29% (135/465)        
2021-06-08T16:16:05.5570537Z remote: Counting objects:  30% (140/465)        
2021-06-08T16:16:05.5571095Z remote: Counting objects:  31% (145/465)        
2021-06-08T16:16:05.5572206Z remote: Counting objects:  32% (149/465)        
2021-06-08T16:16:05.5572794Z remote: Counting objects:  33% (154/465)        
2021-06-08T16:16:05.5573353Z remote: Counting objects:  34% (159/465)        
2021-06-08T16:16:05.5573923Z remote: Counting objects:  35% (163/465)        
2021-06-08T16:16:05.5574661Z remote: Counting objects:  36% (168/465)        
2021-06-08T16:16:05.5575274Z remote: Counting objects:  37% (173/465)        
2021-06-08T16:16:05.5575855Z remote: Counting objects:  38% (177/465)        
2021-06-08T16:16:05.5576414Z remote: Counting objects:  39% (182/465)        
2021-06-08T16:16:05.5576985Z remote: Counting objects:  40% (186/465)        
2021-06-08T16:16:05.5577544Z remote: Counting objects:  41% (191/465)        
2021-06-08T16:16:05.5578115Z remote: Counting objects:  42% (196/465)        
2021-06-08T16:16:05.5578673Z remote: Counting objects:  43% (200/465)        
2021-06-08T16:16:05.5579246Z remote: Counting objects:  44% (205/465)        
2021-06-08T16:16:05.5579803Z remote: Counting objects:  45% (210/465)        
2021-06-08T16:16:05.5580414Z remote: Counting objects:  46% (214/465)        
2021-06-08T16:16:05.5580988Z remote: Counting objects:  47% (219/465)        
2021-06-08T16:16:05.5581548Z remote: Counting objects:  48% (224/465)        
2021-06-08T16:16:05.5582127Z remote: Counting objects:  49% (228/465)        
2021-06-08T16:16:05.5582684Z remote: Counting objects:  50% (233/465)        
2021-06-08T16:16:05.5583260Z remote: Counting objects:  51% (238/465)        
2021-06-08T16:16:05.5583817Z remote: Counting objects:  52% (242/465)        
2021-06-08T16:16:05.5584385Z remote: Counting objects:  53% (247/465)        
2021-06-08T16:16:05.5584937Z remote: Counting objects:  54% (252/465)        
2021-06-08T16:16:05.5585506Z remote: Counting objects:  55% (256/465)        
2021-06-08T16:16:05.5586075Z remote: Counting objects:  56% (261/465)        
2021-06-08T16:16:05.5586637Z remote: Counting objects:  57% (266/465)        
2021-06-08T16:16:05.5587207Z remote: Counting objects:  58% (270/465)        
2021-06-08T16:16:05.5587861Z remote: Counting objects:  59% (275/465)        
2021-06-08T16:16:05.5588443Z remote: Counting objects:  60% (279/465)        
2021-06-08T16:16:05.5588998Z remote: Counting objects:  61% (284/465)        
2021-06-08T16:16:05.5589565Z remote: Counting objects:  62% (289/465)        
2021-06-08T16:16:05.5590130Z remote: Counting objects:  63% (293/465)        
2021-06-08T16:16:05.5590698Z remote: Counting objects:  64% (298/465)        
2021-06-08T16:16:05.5591270Z remote: Counting objects:  65% (303/465)        
2021-06-08T16:16:05.5591829Z remote: Counting objects:  66% (307/465)        
2021-06-08T16:16:05.5592405Z remote: Counting objects:  67% (312/465)        
2021-06-08T16:16:05.5592960Z remote: Counting objects:  68% (317/465)        
2021-06-08T16:16:05.5593530Z remote: Counting objects:  69% (321/465)        
2021-06-08T16:16:05.5594091Z remote: Counting objects:  70% (326/465)        
2021-06-08T16:16:05.5594663Z remote: Counting objects:  71% (331/465)        
2021-06-08T16:16:05.5595221Z remote: Counting objects:  72% (335/465)        
2021-06-08T16:16:05.5595791Z remote: Counting objects:  73% (340/465)        
2021-06-08T16:16:05.5596346Z remote: Counting objects:  74% (345/465)        
2021-06-08T16:16:05.5596917Z remote: Counting objects:  75% (349/465)        
2021-06-08T16:16:05.5597487Z remote: Counting objects:  76% (354/465)        
2021-06-08T16:16:05.5598046Z remote: Counting objects:  77% (359/465)        
2021-06-08T16:16:05.5598617Z remote: Counting objects:  78% (363/465)        
2021-06-08T16:16:05.5599176Z remote: Counting objects:  79% (368/465)        
2021-06-08T16:16:05.5599743Z remote: Counting objects:  80% (372/465)        
2021-06-08T16:16:05.5600369Z remote: Counting objects:  81% (377/465)        
2021-06-08T16:16:05.5600936Z remote: Counting objects:  82% (382/465)        
2021-06-08T16:16:05.5601489Z remote: Counting objects:  83% (386/465)        
2021-06-08T16:16:05.5602059Z remote: Counting objects:  84% (391/465)        
2021-06-08T16:16:05.5602630Z remote: Counting objects:  85% (396/465)        
2021-06-08T16:16:05.5603183Z remote: Counting objects:  86% (400/465)        
2021-06-08T16:16:05.5603752Z remote: Counting objects:  87% (405/465)        
2021-06-08T16:16:05.5604308Z remote: Counting objects:  88% (410/465)        
2021-06-08T16:16:05.5604958Z remote: Counting objects:  89% (414/465)        
2021-06-08T16:16:05.5605514Z remote: Counting objects:  90% (419/465)        
2021-06-08T16:16:05.5606083Z remote: Counting objects:  91% (424/465)        
2021-06-08T16:16:05.5606636Z remote: Counting objects:  92% (428/465)        
2021-06-08T16:16:05.5607209Z remote: Counting objects:  93% (433/465)        
2021-06-08T16:16:05.5607781Z remote: Counting objects:  94% (438/465)        
2021-06-08T16:16:05.5608337Z remote: Counting objects:  95% (442/465)        
2021-06-08T16:16:05.5608921Z remote: Counting objects:  96% (447/465)        
2021-06-08T16:16:05.5609477Z remote: Counting objects:  97% (452/465)        
2021-06-08T16:16:05.5610057Z remote: Counting objects:  98% (456/465)        
2021-06-08T16:16:05.5610626Z remote: Counting objects:  99% (461/465)        
2021-06-08T16:16:05.5611183Z remote: Counting objects: 100% (465/465)        
2021-06-08T16:16:05.5611923Z remote: Counting objects: 100% (465/465), done.        
2021-06-08T16:16:05.5612569Z remote: Compressing objects:   0% (1/255)        
2021-06-08T16:16:05.5613211Z remote: Compressing objects:   1% (3/255)        
2021-06-08T16:16:05.5613825Z remote: Compressing objects:   2% (6/255)        
2021-06-08T16:16:05.5706114Z remote: Compressing objects:   3% (8/255)        
2021-06-08T16:16:05.5706934Z remote: Compressing objects:   4% (11/255)        
2021-06-08T16:16:05.5707561Z remote: Compressing objects:   5% (13/255)        
2021-06-08T16:16:05.5708199Z remote: Compressing objects:   6% (16/255)        
2021-06-08T16:16:05.5708812Z remote: Compressing objects:   7% (18/255)        
2021-06-08T16:16:05.5709444Z remote: Compressing objects:   8% (21/255)        
2021-06-08T16:16:05.5710382Z remote: Compressing objects:   9% (23/255)        
2021-06-08T16:16:05.5711020Z remote: Compressing objects:  10% (26/255)        
2021-06-08T16:16:05.5711649Z remote: Compressing objects:  11% (29/255)        
2021-06-08T16:16:05.5712264Z remote: Compressing objects:  12% (31/255)        
2021-06-08T16:16:05.5712900Z remote: Compressing objects:  13% (34/255)        
2021-06-08T16:16:05.5713514Z remote: Compressing objects:  14% (36/255)        
2021-06-08T16:16:05.5714140Z remote: Compressing objects:  15% (39/255)        
2021-06-08T16:16:05.5714750Z remote: Compressing objects:  16% (41/255)        
2021-06-08T16:16:05.5715377Z remote: Compressing objects:  17% (44/255)        
2021-06-08T16:16:05.5715987Z remote: Compressing objects:  18% (46/255)        
2021-06-08T16:16:05.5716612Z remote: Compressing objects:  19% (49/255)        
2021-06-08T16:16:05.5717237Z remote: Compressing objects:  20% (51/255)        
2021-06-08T16:16:05.5717845Z remote: Compressing objects:  21% (54/255)        
2021-06-08T16:16:05.5718468Z remote: Compressing objects:  22% (57/255)        
2021-06-08T16:16:05.5719073Z remote: Compressing objects:  23% (59/255)        
2021-06-08T16:16:05.5719692Z remote: Compressing objects:  24% (62/255)        
2021-06-08T16:16:05.5720296Z remote: Compressing objects:  25% (64/255)        
2021-06-08T16:16:05.5720919Z remote: Compressing objects:  26% (67/255)        
2021-06-08T16:16:05.5721524Z remote: Compressing objects:  27% (69/255)        
2021-06-08T16:16:05.5722142Z remote: Compressing objects:  28% (72/255)        
2021-06-08T16:16:05.5722760Z remote: Compressing objects:  29% (74/255)        
2021-06-08T16:16:05.5723366Z remote: Compressing objects:  30% (77/255)        
2021-06-08T16:16:05.5723985Z remote: Compressing objects:  31% (80/255)        
2021-06-08T16:16:05.5724592Z remote: Compressing objects:  32% (82/255)        
2021-06-08T16:16:05.5725214Z remote: Compressing objects:  33% (85/255)        
2021-06-08T16:16:05.5725819Z remote: Compressing objects:  34% (87/255)        
2021-06-08T16:16:05.5726449Z remote: Compressing objects:  35% (90/255)        
2021-06-08T16:16:05.5727054Z remote: Compressing objects:  36% (92/255)        
2021-06-08T16:16:05.5727678Z remote: Compressing objects:  37% (95/255)        
2021-06-08T16:16:05.5728406Z remote: Compressing objects:  38% (97/255)        
2021-06-08T16:16:05.5729019Z remote: Compressing objects:  39% (100/255)        
2021-06-08T16:16:05.5729657Z remote: Compressing objects:  40% (102/255)        
2021-06-08T16:16:05.5730274Z remote: Compressing objects:  41% (105/255)        
2021-06-08T16:16:05.5730903Z remote: Compressing objects:  42% (108/255)        
2021-06-08T16:16:05.5731518Z remote: Compressing objects:  43% (110/255)        
2021-06-08T16:16:05.5732361Z remote: Compressing objects:  44% (113/255)        
2021-06-08T16:16:05.5732980Z remote: Compressing objects:  45% (115/255)        
2021-06-08T16:16:05.5733612Z remote: Compressing objects:  46% (118/255)        
2021-06-08T16:16:05.5734255Z remote: Compressing objects:  47% (120/255)        
2021-06-08T16:16:05.5734865Z remote: Compressing objects:  48% (123/255)        
2021-06-08T16:16:05.5735493Z remote: Compressing objects:  49% (125/255)        
2021-06-08T16:16:05.5736109Z remote: Compressing objects:  50% (128/255)        
2021-06-08T16:16:05.5736741Z remote: Compressing objects:  51% (131/255)        
2021-06-08T16:16:05.5737353Z remote: Compressing objects:  52% (133/255)        
2021-06-08T16:16:05.5737982Z remote: Compressing objects:  53% (136/255)        
2021-06-08T16:16:05.5738595Z remote: Compressing objects:  54% (138/255)        
2021-06-08T16:16:05.5739225Z remote: Compressing objects:  55% (141/255)        
2021-06-08T16:16:05.5739853Z remote: Compressing objects:  56% (143/255)        
2021-06-08T16:16:05.5740464Z remote: Compressing objects:  57% (146/255)        
2021-06-08T16:16:05.5741092Z remote: Compressing objects:  58% (148/255)        
2021-06-08T16:16:05.5741755Z remote: Compressing objects:  59% (151/255)        
2021-06-08T16:16:05.5742483Z remote: Compressing objects:  60% (153/255)        
2021-06-08T16:16:05.5769649Z remote: Compressing objects:  61% (156/255)        
2021-06-08T16:16:05.5770307Z remote: Compressing objects:  62% (159/255)        
2021-06-08T16:16:05.5770942Z remote: Compressing objects:  63% (161/255)        
2021-06-08T16:16:05.5771575Z remote: Compressing objects:  64% (164/255)        
2021-06-08T16:16:05.5772345Z remote: Compressing objects:  65% (166/255)        
2021-06-08T16:16:05.5772958Z remote: Compressing objects:  66% (169/255)        
2021-06-08T16:16:05.5773583Z remote: Compressing objects:  67% (171/255)        
2021-06-08T16:16:05.5774195Z remote: Compressing objects:  68% (174/255)        
2021-06-08T16:16:05.5774823Z remote: Compressing objects:  69% (176/255)        
2021-06-08T16:16:05.5775451Z remote: Compressing objects:  70% (179/255)        
2021-06-08T16:16:05.5776058Z remote: Compressing objects:  71% (182/255)        
2021-06-08T16:16:05.5776684Z remote: Compressing objects:  72% (184/255)        
2021-06-08T16:16:05.5777304Z remote: Compressing objects:  73% (187/255)        
2021-06-08T16:16:05.5777930Z remote: Compressing objects:  74% (189/255)        
2021-06-08T16:16:05.5778535Z remote: Compressing objects:  75% (192/255)        
2021-06-08T16:16:05.5779199Z remote: Compressing objects:  76% (194/255)        
2021-06-08T16:16:05.5779808Z remote: Compressing objects:  77% (197/255)        
2021-06-08T16:16:05.5780433Z remote: Compressing objects:  78% (199/255)        
2021-06-08T16:16:05.5781055Z remote: Compressing objects:  79% (202/255)        
2021-06-08T16:16:05.5781665Z remote: Compressing objects:  80% (204/255)        
2021-06-08T16:16:05.5782292Z remote: Compressing objects:  81% (207/255)        
2021-06-08T16:16:05.5782899Z remote: Compressing objects:  82% (210/255)        
2021-06-08T16:16:05.5783517Z remote: Compressing objects:  83% (212/255)        
2021-06-08T16:16:05.5784122Z remote: Compressing objects:  84% (215/255)        
2021-06-08T16:16:05.5784750Z remote: Compressing objects:  85% (217/255)        
2021-06-08T16:16:05.5785359Z remote: Compressing objects:  86% (220/255)        
2021-06-08T16:16:05.5785982Z remote: Compressing objects:  87% (222/255)        
2021-06-08T16:16:05.5786610Z remote: Compressing objects:  88% (225/255)        
2021-06-08T16:16:05.5787439Z remote: Compressing objects:  89% (227/255)        
2021-06-08T16:16:05.5788066Z remote: Compressing objects:  90% (230/255)        
2021-06-08T16:16:05.5788674Z remote: Compressing objects:  91% (233/255)        
2021-06-08T16:16:05.5789301Z remote: Compressing objects:  92% (235/255)        
2021-06-08T16:16:05.5789910Z remote: Compressing objects:  93% (238/255)        
2021-06-08T16:16:05.5790539Z remote: Compressing objects:  94% (240/255)        
2021-06-08T16:16:05.5791149Z remote: Compressing objects:  95% (243/255)        
2021-06-08T16:16:05.5791780Z remote: Compressing objects:  96% (245/255)        
2021-06-08T16:16:05.5792404Z remote: Compressing objects:  97% (248/255)        
2021-06-08T16:16:05.5793019Z remote: Compressing objects:  98% (250/255)        
2021-06-08T16:16:05.5793647Z remote: Compressing objects:  99% (253/255)        
2021-06-08T16:16:05.5794257Z remote: Compressing objects: 100% (255/255)        
2021-06-08T16:16:05.5794908Z remote: Compressing objects: 100% (255/255), done.        
2021-06-08T16:16:05.5948533Z Receiving objects:   0% (1/465)
2021-06-08T16:16:05.5949517Z Receiving objects:   1% (5/465)
2021-06-08T16:16:05.5950311Z Receiving objects:   2% (10/465)
2021-06-08T16:16:05.5951052Z Receiving objects:   3% (14/465)
2021-06-08T16:16:05.5954073Z Receiving objects:   4% (19/465)
2021-06-08T16:16:05.5954617Z Receiving objects:   5% (24/465)
2021-06-08T16:16:05.5955163Z Receiving objects:   6% (28/465)
2021-06-08T16:16:05.5955676Z Receiving objects:   7% (33/465)
2021-06-08T16:16:05.5956171Z Receiving objects:   8% (38/465)
2021-06-08T16:16:05.6072975Z Receiving objects:   9% (42/465)
2021-06-08T16:16:05.6073962Z Receiving objects:  10% (47/465)
2021-06-08T16:16:05.6079078Z Receiving objects:  11% (52/465)
2021-06-08T16:16:05.6080009Z Receiving objects:  12% (56/465)
2021-06-08T16:16:05.6081116Z Receiving objects:  13% (61/465)
2021-06-08T16:16:05.6137164Z Receiving objects:  14% (66/465)
2021-06-08T16:16:05.6137834Z Receiving objects:  15% (70/465)
2021-06-08T16:16:05.6138390Z Receiving objects:  16% (75/465)
2021-06-08T16:16:05.6138904Z Receiving objects:  17% (80/465)
2021-06-08T16:16:05.6142243Z Receiving objects:  18% (84/465)
2021-06-08T16:16:05.6142803Z Receiving objects:  19% (89/465)
2021-06-08T16:16:05.6278509Z Receiving objects:  20% (93/465)
2021-06-08T16:16:05.6280548Z Receiving objects:  21% (98/465)
2021-06-08T16:16:05.6281499Z Receiving objects:  22% (103/465)
2021-06-08T16:16:05.6283009Z Receiving objects:  23% (107/465)
2021-06-08T16:16:05.6284077Z Receiving objects:  24% (112/465)
2021-06-08T16:16:05.6284865Z Receiving objects:  25% (117/465)
2021-06-08T16:16:05.6285734Z Receiving objects:  26% (121/465)
2021-06-08T16:16:05.6286419Z Receiving objects:  27% (126/465)
2021-06-08T16:16:05.6287259Z Receiving objects:  28% (131/465)
2021-06-08T16:16:05.6287944Z Receiving objects:  29% (135/465)
2021-06-08T16:16:05.6288605Z Receiving objects:  30% (140/465)
2021-06-08T16:16:05.6289713Z Receiving objects:  31% (145/465)
2021-06-08T16:16:05.6290413Z Receiving objects:  32% (149/465)
2021-06-08T16:16:05.6291076Z Receiving objects:  33% (154/465)
2021-06-08T16:16:05.6291937Z Receiving objects:  34% (159/465)
2021-06-08T16:16:05.6298877Z Receiving objects:  35% (163/465)
2021-06-08T16:16:05.6299555Z Receiving objects:  36% (168/465)
2021-06-08T16:16:05.6301629Z Receiving objects:  37% (173/465)
2021-06-08T16:16:05.6303441Z Receiving objects:  38% (177/465)
2021-06-08T16:16:05.6305787Z Receiving objects:  39% (182/465)
2021-06-08T16:16:05.6306334Z Receiving objects:  40% (186/465)
2021-06-08T16:16:05.6307846Z Receiving objects:  41% (191/465)
2021-06-08T16:16:05.6308361Z Receiving objects:  42% (196/465)
2021-06-08T16:16:05.6308875Z Receiving objects:  43% (200/465)
2021-06-08T16:16:05.6309398Z Receiving objects:  44% (205/465)
2021-06-08T16:16:05.6311577Z Receiving objects:  45% (210/465)
2021-06-08T16:16:05.6314059Z Receiving objects:  46% (214/465)
2021-06-08T16:16:05.6314577Z Receiving objects:  47% (219/465)
2021-06-08T16:16:05.6316924Z Receiving objects:  48% (224/465)
2021-06-08T16:16:05.6318479Z Receiving objects:  49% (228/465)
2021-06-08T16:16:05.6319005Z Receiving objects:  50% (233/465)
2021-06-08T16:16:05.6319503Z Receiving objects:  51% (238/465)
2021-06-08T16:16:05.6320021Z Receiving objects:  52% (242/465)
2021-06-08T16:16:05.6320561Z Receiving objects:  53% (247/465)
2021-06-08T16:16:05.6321073Z Receiving objects:  54% (252/465)
2021-06-08T16:16:05.6321570Z Receiving objects:  55% (256/465)
2021-06-08T16:16:05.6322081Z Receiving objects:  56% (261/465)
2021-06-08T16:16:05.6322579Z Receiving objects:  57% (266/465)
2021-06-08T16:16:05.6323087Z Receiving objects:  58% (270/465)
2021-06-08T16:16:05.6323594Z Receiving objects:  59% (275/465)
2021-06-08T16:16:05.6324097Z Receiving objects:  60% (279/465)
2021-06-08T16:16:05.6324609Z Receiving objects:  61% (284/465)
2021-06-08T16:16:05.6325105Z Receiving objects:  62% (289/465)
2021-06-08T16:16:05.6444605Z Receiving objects:  63% (293/465)
2021-06-08T16:16:05.6445209Z Receiving objects:  64% (298/465)
2021-06-08T16:16:05.6445762Z Receiving objects:  65% (303/465)
2021-06-08T16:16:05.6503521Z Receiving objects:  66% (307/465)
2021-06-08T16:16:05.6504215Z Receiving objects:  67% (312/465)
2021-06-08T16:16:05.6504741Z Receiving objects:  68% (317/465)
2021-06-08T16:16:05.6505247Z Receiving objects:  69% (321/465)
2021-06-08T16:16:05.6505764Z Receiving objects:  70% (326/465)
2021-06-08T16:16:05.6506260Z Receiving objects:  71% (331/465)
2021-06-08T16:16:05.6506771Z Receiving objects:  72% (335/465)
2021-06-08T16:16:05.6507272Z Receiving objects:  73% (340/465)
2021-06-08T16:16:05.6507783Z Receiving objects:  74% (345/465)
2021-06-08T16:16:05.6651539Z Receiving objects:  75% (349/465)
2021-06-08T16:16:05.6653500Z remote: Total 465 (delta 249), reused 328 (delta 157), pack-reused 0        
2021-06-08T16:16:05.6658922Z Receiving objects:  76% (354/465)
2021-06-08T16:16:05.6659485Z Receiving objects:  77% (359/465)
2021-06-08T16:16:05.6659995Z Receiving objects:  78% (363/465)
2021-06-08T16:16:05.6660529Z Receiving objects:  79% (368/465)
2021-06-08T16:16:05.6661024Z Receiving objects:  80% (372/465)
2021-06-08T16:16:05.6672800Z Receiving objects:  81% (377/465)
2021-06-08T16:16:05.6673404Z Receiving objects:  82% (382/465)
2021-06-08T16:16:05.6673922Z Receiving objects:  83% (386/465)
2021-06-08T16:16:05.6674424Z Receiving objects:  84% (391/465)
2021-06-08T16:16:05.6675286Z Receiving objects:  85% (396/465)
2021-06-08T16:16:05.6676154Z Receiving objects:  86% (400/465)
2021-06-08T16:16:05.6677415Z Receiving objects:  87% (405/465)
2021-06-08T16:16:05.6680885Z Receiving objects:  88% (410/465)
2021-06-08T16:16:05.6681393Z Receiving objects:  89% (414/465)
2021-06-08T16:16:05.6681908Z Receiving objects:  90% (419/465)
2021-06-08T16:16:05.6682426Z Receiving objects:  91% (424/465)
2021-06-08T16:16:05.6682937Z Receiving objects:  92% (428/465)
2021-06-08T16:16:05.6683448Z Receiving objects:  93% (433/465)
2021-06-08T16:16:05.6683942Z Receiving objects:  94% (438/465)
2021-06-08T16:16:05.6684466Z Receiving objects:  95% (442/465)
2021-06-08T16:16:05.6684964Z Receiving objects:  96% (447/465)
2021-06-08T16:16:05.6685477Z Receiving objects:  97% (452/465)
2021-06-08T16:16:05.6685975Z Receiving objects:  98% (456/465)
2021-06-08T16:16:05.6686491Z Receiving objects:  99% (461/465)
2021-06-08T16:16:05.6686988Z Receiving objects: 100% (465/465)
2021-06-08T16:16:05.6687582Z Receiving objects: 100% (465/465), 128.59 KiB | 1.74 MiB/s, done.
2021-06-08T16:16:05.6688160Z Resolving deltas:   0% (0/249)
2021-06-08T16:16:05.6688665Z Resolving deltas:   1% (3/249)
2021-06-08T16:16:05.6689169Z Resolving deltas:   2% (5/249)
2021-06-08T16:16:05.6689653Z Resolving deltas:   3% (8/249)
2021-06-08T16:16:05.6690149Z Resolving deltas:   4% (10/249)
2021-06-08T16:16:05.6690639Z Resolving deltas:   5% (13/249)
2021-06-08T16:16:05.6691132Z Resolving deltas:   6% (15/249)
2021-06-08T16:16:05.6691623Z Resolving deltas:   7% (18/249)
2021-06-08T16:16:05.6692317Z Resolving deltas:   8% (20/249)
2021-06-08T16:16:05.6692802Z Resolving deltas:   9% (23/249)
2021-06-08T16:16:05.6693532Z Resolving deltas:  10% (25/249)
2021-06-08T16:16:05.6694014Z Resolving deltas:  11% (28/249)
2021-06-08T16:16:05.6694509Z Resolving deltas:  12% (30/249)
2021-06-08T16:16:05.6695007Z Resolving deltas:  13% (33/249)
2021-06-08T16:16:05.6695491Z Resolving deltas:  14% (35/249)
2021-06-08T16:16:05.6695987Z Resolving deltas:  15% (38/249)
2021-06-08T16:16:05.6696464Z Resolving deltas:  16% (40/249)
2021-06-08T16:16:05.6696957Z Resolving deltas:  17% (43/249)
2021-06-08T16:16:05.6697440Z Resolving deltas:  18% (45/249)
2021-06-08T16:16:05.6697937Z Resolving deltas:  19% (48/249)
2021-06-08T16:16:05.6698417Z Resolving deltas:  20% (50/249)
2021-06-08T16:16:05.6698911Z Resolving deltas:  21% (53/249)
2021-06-08T16:16:05.6699402Z Resolving deltas:  22% (55/249)
2021-06-08T16:16:05.6699896Z Resolving deltas:  23% (58/249)
2021-06-08T16:16:05.6700388Z Resolving deltas:  24% (60/249)
2021-06-08T16:16:05.6700872Z Resolving deltas:  25% (63/249)
2021-06-08T16:16:05.6701409Z Resolving deltas:  26% (65/249)
2021-06-08T16:16:05.6701905Z Resolving deltas:  27% (68/249)
2021-06-08T16:16:05.6702384Z Resolving deltas:  28% (70/249)
2021-06-08T16:16:05.6702880Z Resolving deltas:  29% (73/249)
2021-06-08T16:16:05.6703360Z Resolving deltas:  30% (75/249)
2021-06-08T16:16:05.6704444Z Resolving deltas:  31% (78/249)
2021-06-08T16:16:05.6704944Z Resolving deltas:  32% (80/249)
2021-06-08T16:16:05.6705439Z Resolving deltas:  33% (83/249)
2021-06-08T16:16:05.6705920Z Resolving deltas:  34% (85/249)
2021-06-08T16:16:05.6706415Z Resolving deltas:  35% (88/249)
2021-06-08T16:16:05.6706913Z Resolving deltas:  36% (90/249)
2021-06-08T16:16:05.6707395Z Resolving deltas:  37% (93/249)
2021-06-08T16:16:05.6707895Z Resolving deltas:  38% (95/249)
2021-06-08T16:16:05.6708538Z Resolving deltas:  39% (98/249)
2021-06-08T16:16:05.6709048Z Resolving deltas:  40% (100/249)
2021-06-08T16:16:05.6709540Z Resolving deltas:  41% (103/249)
2021-06-08T16:16:05.6710039Z Resolving deltas:  42% (105/249)
2021-06-08T16:16:05.6710533Z Resolving deltas:  43% (108/249)
2021-06-08T16:16:05.6711032Z Resolving deltas:  44% (110/249)
2021-06-08T16:16:05.6711521Z Resolving deltas:  45% (113/249)
2021-06-08T16:16:05.6716872Z Resolving deltas:  46% (115/249)
2021-06-08T16:16:05.6717438Z Resolving deltas:  47% (118/249)
2021-06-08T16:16:05.6717932Z Resolving deltas:  48% (120/249)
2021-06-08T16:16:05.6718428Z Resolving deltas:  49% (123/249)
2021-06-08T16:16:05.6718917Z Resolving deltas:  50% (125/249)
2021-06-08T16:16:05.6719418Z Resolving deltas:  51% (127/249)
2021-06-08T16:16:05.6719903Z Resolving deltas:  52% (130/249)
2021-06-08T16:16:05.6720401Z Resolving deltas:  53% (132/249)
2021-06-08T16:16:05.6720883Z Resolving deltas:  54% (135/249)
2021-06-08T16:16:05.6721393Z Resolving deltas:  55% (137/249)
2021-06-08T16:16:05.6724899Z Resolving deltas:  56% (140/249)
2021-06-08T16:16:05.6726246Z Resolving deltas:  57% (142/249)
2021-06-08T16:16:05.6726769Z Resolving deltas:  58% (145/249)
2021-06-08T16:16:05.6727275Z Resolving deltas:  59% (147/249)
2021-06-08T16:16:05.6727788Z Resolving deltas:  60% (150/249)
2021-06-08T16:16:05.6728273Z Resolving deltas:  61% (152/249)
2021-06-08T16:16:05.6728769Z Resolving deltas:  62% (155/249)
2021-06-08T16:16:05.6729257Z Resolving deltas:  63% (157/249)
2021-06-08T16:16:05.6729755Z Resolving deltas:  64% (160/249)
2021-06-08T16:16:05.6730240Z Resolving deltas:  65% (162/249)
2021-06-08T16:16:05.6732758Z Resolving deltas:  66% (165/249)
2021-06-08T16:16:05.6733316Z Resolving deltas:  67% (167/249)
2021-06-08T16:16:05.6733881Z Resolving deltas:  68% (170/249)
2021-06-08T16:16:05.6734368Z Resolving deltas:  69% (172/249)
2021-06-08T16:16:05.6734865Z Resolving deltas:  70% (175/249)
2021-06-08T16:16:05.6737699Z Resolving deltas:  71% (177/249)
2021-06-08T16:16:05.6738290Z Resolving deltas:  72% (180/249)
2021-06-08T16:16:05.6741076Z Resolving deltas:  73% (182/249)
2021-06-08T16:16:05.6743485Z Resolving deltas:  74% (185/249)
2021-06-08T16:16:05.6746896Z Resolving deltas:  75% (187/249)
2021-06-08T16:16:05.6748961Z Resolving deltas:  76% (190/249)
2021-06-08T16:16:05.6753977Z Resolving deltas:  77% (192/249)
2021-06-08T16:16:05.6758825Z Resolving deltas:  78% (196/249)
2021-06-08T16:16:05.6763977Z Resolving deltas:  79% (197/249)
2021-06-08T16:16:05.6766993Z Resolving deltas:  80% (200/249)
2021-06-08T16:16:05.6771979Z Resolving deltas:  81% (202/249)
2021-06-08T16:16:05.6775141Z Resolving deltas:  82% (205/249)
2021-06-08T16:16:05.6777802Z Resolving deltas:  83% (207/249)
2021-06-08T16:16:05.6779031Z Resolving deltas:  84% (210/249)
2021-06-08T16:16:05.6782766Z Resolving deltas:  85% (212/249)
2021-06-08T16:16:05.6785575Z Resolving deltas:  86% (215/249)
2021-06-08T16:16:05.6787638Z Resolving deltas:  87% (217/249)
2021-06-08T16:16:05.6789695Z Resolving deltas:  88% (220/249)
2021-06-08T16:16:05.6791741Z Resolving deltas:  89% (222/249)
2021-06-08T16:16:05.6794783Z Resolving deltas:  90% (225/249)
2021-06-08T16:16:05.6797454Z Resolving deltas:  91% (227/249)
2021-06-08T16:16:05.6798900Z Resolving deltas:  92% (230/249)
2021-06-08T16:16:05.6801025Z Resolving deltas:  93% (232/249)
2021-06-08T16:16:05.6802972Z Resolving deltas:  94% (235/249)
2021-06-08T16:16:05.6806040Z Resolving deltas:  95% (237/249)
2021-06-08T16:16:05.6808336Z Resolving deltas:  96% (240/249)
2021-06-08T16:16:05.6815228Z Resolving deltas:  97% (242/249)
2021-06-08T16:16:05.6816110Z Resolving deltas:  98% (245/249)
2021-06-08T16:16:05.6816948Z Resolving deltas:  99% (247/249)
2021-06-08T16:16:05.6817949Z Resolving deltas: 100% (249/249)
2021-06-08T16:16:05.6818537Z Resolving deltas: 100% (249/249), done.
2021-06-08T16:16:05.6920312Z From https://github.com/con/tinuous
2021-06-08T16:16:05.7335437Z  * [new branch]      gh-55         -> origin/gh-55
2021-06-08T16:16:05.7350265Z  * [new branch]      master        -> origin/master
2021-06-08T16:16:05.7351510Z  * [new branch]      test-appveyor -> origin/test-appveyor
2021-06-08T16:16:05.7353537Z  * [new tag]         0.1.0         -> 0.1.0
2021-06-08T16:16:05.7354162Z  * [new tag]         0.2.0         -> 0.2.0
2021-06-08T16:16:05.7356813Z [command]/usr/bin/git branch --list --remote origin/master
2021-06-08T16:16:05.7359514Z   origin/master
2021-06-08T16:16:05.7360502Z [command]/usr/bin/git rev-parse refs/remotes/origin/master
2021-06-08T16:16:05.7361395Z 61dae01addbd841ca1db7fd884fd213c17e3e366
2021-06-08T16:16:05.7363325Z ##[endgroup]
2021-06-08T16:16:05.7363922Z ##[group]Determining the checkout info
2021-06-08T16:16:05.7364463Z ##[endgroup]
2021-06-08T16:16:05.7364937Z ##[group]Checking out the ref
2021-06-08T16:16:05.7366055Z [command]/usr/bin/git checkout --progress --force -B master refs/remotes/origin/master
2021-06-08T16:16:05.7366928Z Reset branch 'master'
2021-06-08T16:16:05.7367785Z Branch 'master' set up to track remote branch 'master' from 'origin'.
2021-06-08T16:16:05.7368408Z ##[endgroup]
2021-06-08T16:16:05.7369067Z [command]/usr/bin/git log -1 --format='%H'
2021-06-08T16:16:05.7370036Z '61dae01addbd841ca1db7fd884fd213c17e3e366'
2021-06-08T16:16:05.7476127Z ##[group]Run actions/setup-python@v2
2021-06-08T16:16:05.7476722Z with:
2021-06-08T16:16:05.7477245Z   python-version: 3.8
2021-06-08T16:16:05.7478360Z   token: ***
2021-06-08T16:16:05.7478796Z ##[endgroup]
2021-06-08T16:16:05.8244662Z Successfully setup CPython (3.8.10)
2021-06-08T16:16:05.8321237Z ##[group]Run python -m pip install --upgrade pip wheel
2021-06-08T16:16:05.8322099Z [36;1mpython -m pip install --upgrade pip wheel[0m
2021-06-08T16:16:05.8323060Z [36;1mpython -m pip install --upgrade --upgrade-strategy=eager tox[0m
2021-06-08T16:16:05.8372524Z shell: /usr/bin/bash -e {0}
2021-06-08T16:16:05.8373015Z env:
2021-06-08T16:16:05.8373696Z   pythonLocation: /opt/hostedtoolcache/Python/3.8.10/x64
2021-06-08T16:16:05.8374627Z   LD_LIBRARY_PATH: /opt/hostedtoolcache/Python/3.8.10/x64/lib
2021-06-08T16:16:05.8375338Z ##[endgroup]
2021-06-08T16:16:06.4433260Z Requirement already satisfied: pip in /opt/hostedtoolcache/Python/3.8.10/x64/lib/python3.8/site-packages (21.1.2)
2021-06-08T16:16:06.6908767Z Collecting wheel
2021-06-08T16:16:06.7468559Z   Downloading wheel-0.36.2-py2.py3-none-any.whl (35 kB)
2021-06-08T16:16:06.8110079Z Installing collected packages: wheel
2021-06-08T16:16:06.8554494Z Successfully installed wheel-0.36.2
2021-06-08T16:16:07.6393744Z Collecting tox
2021-06-08T16:16:07.6858729Z   Downloading tox-3.23.1-py2.py3-none-any.whl (85 kB)
2021-06-08T16:16:07.7991850Z Collecting py>=1.4.17
2021-06-08T16:16:07.8095893Z   Downloading py-1.10.0-py2.py3-none-any.whl (97 kB)
2021-06-08T16:16:07.8606150Z Collecting pluggy>=0.12.0
2021-06-08T16:16:07.8712836Z   Downloading pluggy-0.13.1-py2.py3-none-any.whl (18 kB)
2021-06-08T16:16:08.1029196Z Collecting virtualenv!=20.0.0,!=20.0.1,!=20.0.2,!=20.0.3,!=20.0.4,!=20.0.5,!=20.0.6,!=20.0.7,>=16.0.0
2021-06-08T16:16:08.1139225Z   Downloading virtualenv-20.4.7-py2.py3-none-any.whl (7.2 MB)
2021-06-08T16:16:08.4775550Z Collecting filelock>=3.0.0
2021-06-08T16:16:08.4888860Z   Downloading filelock-3.0.12-py3-none-any.whl (7.6 kB)
2021-06-08T16:16:08.5318898Z Collecting six>=1.14.0
2021-06-08T16:16:08.5426779Z   Downloading six-1.16.0-py2.py3-none-any.whl (11 kB)
2021-06-08T16:16:08.5733947Z Collecting toml>=0.9.4
2021-06-08T16:16:08.5837198Z   Downloading toml-0.10.2-py2.py3-none-any.whl (16 kB)
2021-06-08T16:16:08.6433966Z Collecting packaging>=14
2021-06-08T16:16:08.6676763Z   Downloading packaging-20.9-py2.py3-none-any.whl (40 kB)
2021-06-08T16:16:08.7658787Z Collecting pyparsing>=2.0.2
2021-06-08T16:16:08.7766484Z   Downloading pyparsing-2.4.7-py2.py3-none-any.whl (67 kB)
2021-06-08T16:16:08.8685733Z Collecting appdirs<2,>=1.4.3
2021-06-08T16:16:08.8802210Z   Downloading appdirs-1.4.4-py2.py3-none-any.whl (9.6 kB)
2021-06-08T16:16:08.9256325Z Collecting distlib<1,>=0.3.1
2021-06-08T16:16:08.9391592Z   Downloading distlib-0.3.2-py2.py3-none-any.whl (338 kB)
2021-06-08T16:16:09.0534061Z Installing collected packages: six, pyparsing, filelock, distlib, appdirs, virtualenv, toml, py, pluggy, packaging, tox
2021-06-08T16:16:09.7001945Z Successfully installed appdirs-1.4.4 distlib-0.3.2 filelock-3.0.12 packaging-20.9 pluggy-0.13.1 py-1.10.0 pyparsing-2.4.7 six-1.16.0 toml-0.10.2 tox-3.23.1 virtualenv-20.4.7
2021-06-08T16:16:09.7941494Z ##[group]Run tox -e typing
2021-06-08T16:16:09.7942099Z [36;1mtox -e typing[0m
2021-06-08T16:16:09.7987735Z shell: /usr/bin/bash -e {0}
2021-06-08T16:16:09.7988177Z env:
2021-06-08T16:16:09.7988771Z   pythonLocation: /opt/hostedtoolcache/Python/3.8.10/x64
2021-06-08T16:16:09.7989600Z   LD_LIBRARY_PATH: /opt/hostedtoolcache/Python/3.8.10/x64/lib
2021-06-08T16:16:09.7990198Z ##[endgroup]
2021-06-08T16:16:10.0194576Z .package create: /home/runner/work/tinuous/tinuous/.tox/.package
2021-06-08T16:16:10.7455175Z .package installdeps: setuptools >= 46.4.0, wheel ~= 0.32
2021-06-08T16:16:14.8013469Z typing create: /home/runner/work/tinuous/tinuous/.tox/typing
2021-06-08T16:16:15.0966740Z typing installdeps: mypy~=0.570, pytest~=6.0, pytest-cov~=2.0
2021-06-08T16:16:21.7296074Z typing inst: /home/runner/work/tinuous/tinuous/.tox/.tmp/package/1/tinuous-0.2.0+34.g61dae01.tar.gz
2021-06-08T16:16:33.5645765Z typing installed: attrs==21.2.0,certifi==2021.5.30,cffi==1.14.5,chardet==4.0.0,click==8.0.1,click-loglevel==0.4.0.post1,coverage==5.5,Deprecated==1.2.12,idna==2.10,in-place==0.5.0,iniconfig==1.1.1,mypy==0.812,mypy-extensions==0.4.3,packaging==20.9,pluggy==0.13.1,py==1.10.0,pycparser==2.20,pydantic==1.8.2,PyGithub==1.55,PyJWT==2.1.0,PyNaCl==1.4.0,pyparsing==2.4.7,pytest==6.2.4,pytest-cov==2.12.1,python-dateutil==2.8.1,python-dotenv==0.17.1,PyYAML==5.4.1,requests==2.25.1,six==1.16.0,tinuous @ file:///home/runner/work/tinuous/tinuous/.tox/.tmp/package/1/tinuous-0.2.0%2B34.g61dae01.tar.gz,toml==0.10.2,typed-ast==1.4.3,typing-extensions==3.10.0.0,urllib3==1.26.5,wrapt==1.12.1
2021-06-08T16:16:33.5658916Z typing run-test-pre: PYTHONHASHSEED='2391091331'
2021-06-08T16:16:33.5694482Z typing run-test: commands[0] | mypy src test
2021-06-08T16:16:39.0483594Z Success: no issues found in 9 source files
2021-06-08T16:16:39.5063811Z ___________________________________ summary ____________________________________
2021-06-08T16:16:39.5064966Z   typing: commands succeeded
2021-06-08T16:16:39.5078469Z   congratulations :)
2021-06-08T16:16:39.5453617Z Post job cleanup.
2021-06-08T16:16:39.6737313Z [command]/usr/bin/git version
2021-06-08T16:16:39.6794606Z git version 2.31.1
2021-06-08T16:16:39.6841714Z [command]/usr/bin/git config --local --name-only --get-regexp core\.sshCommand
2021-06-08T16:16:39.6956662Z [command]/usr/bin/git submodule foreach --recursive git config --local --name-only --get-regexp 'core\.sshCommand' && git config --local --unset-all 'core.sshCommand' || :
2021-06-08T16:16:39.7310455Z [command]/usr/bin/git config --local --name-only --get-regexp http\.https\:\/\/github\.com\/\.extraheader
2021-06-08T16:16:39.7401569Z http.https://github.com/.extraheader
2021-06-08T16:16:39.7403469Z [command]/usr/bin/git config --local --unset-all http.https://github.com/.extraheader
2021-06-08T16:16:39.7442542Z [command]/usr/bin/git submodule foreach --recursive git config --local --name-only --get-regexp 'http\.https\:\/\/github\.com\/\.extraheader' && git config --local --unset-all 'http.https://github.com/.extraheader' || :
2021-06-08T16:16:39.7841305Z Cleaning up orphan processes
