2025-03-18T19:25:36.4397458Z Current runner version: '2.322.0'
2025-03-18T19:25:36.4422317Z ##[group]Operating System
2025-03-18T19:25:36.4423466Z Ubuntu
2025-03-18T19:25:36.4424005Z 24.04.2
2025-03-18T19:25:36.4424522Z LTS
2025-03-18T19:25:36.4425001Z ##[endgroup]
2025-03-18T19:25:36.4425569Z ##[group]Runner Image
2025-03-18T19:25:36.4426198Z Image: ubuntu-24.04
2025-03-18T19:25:36.4426698Z Version: 20250309.1.0
2025-03-18T19:25:36.4427755Z Included Software: https://github.com/actions/runner-images/blob/ubuntu24/20250309.1/images/ubuntu/Ubuntu2404-Readme.md
2025-03-18T19:25:36.4429136Z Image Release: https://github.com/actions/runner-images/releases/tag/ubuntu24%2F20250309.1
2025-03-18T19:25:36.4429990Z ##[endgroup]
2025-03-18T19:25:36.4430536Z ##[group]Runner Image Provisioner
2025-03-18T19:25:36.4431150Z 2.0.422.1
2025-03-18T19:25:36.4431581Z ##[endgroup]
2025-03-18T19:25:36.4434156Z ##[group]GITHUB_TOKEN Permissions
2025-03-18T19:25:36.4436278Z Actions: write
2025-03-18T19:25:36.4437079Z Attestations: write
2025-03-18T19:25:36.4437671Z Checks: write
2025-03-18T19:25:36.4438202Z Contents: write
2025-03-18T19:25:36.4438700Z Deployments: write
2025-03-18T19:25:36.4439218Z Discussions: write
2025-03-18T19:25:36.4439749Z Issues: write
2025-03-18T19:25:36.4440232Z Metadata: read
2025-03-18T19:25:36.4440719Z Packages: write
2025-03-18T19:25:36.4441181Z Pages: write
2025-03-18T19:25:36.4441748Z PullRequests: write
2025-03-18T19:25:36.4442279Z RepositoryProjects: write
2025-03-18T19:25:36.4442783Z SecurityEvents: write
2025-03-18T19:25:36.4443573Z Statuses: write
2025-03-18T19:25:36.4444046Z ##[endgroup]
2025-03-18T19:25:36.4446250Z Secret source: Actions
2025-03-18T19:25:36.4447232Z Prepare workflow directory
2025-03-18T19:25:36.4776257Z Prepare all required actions
2025-03-18T19:25:36.4812870Z Getting action download info
2025-03-18T19:25:37.0111638Z Download action repository 'actions/checkout@v4' (SHA:11bd71901bbe5b1630ceea73d27597364c9af683)
2025-03-18T19:25:37.0965176Z Download action repository 'actions/setup-python@v5' (SHA:42375524e23c412d93fb67b49958b491fce71c38)
2025-03-18T19:25:37.1877040Z Download action repository 'codecov/codecov-action@v5' (SHA:0565863a31f2c772f9f0395002a31e3f06189574)
2025-03-18T19:25:37.8411512Z Complete job name: test (3.9, py)
2025-03-18T19:25:37.9105808Z ##[group]Run actions/checkout@v4
2025-03-18T19:25:37.9107005Z with:
2025-03-18T19:25:37.9107467Z   fetch-depth: 0
2025-03-18T19:25:37.9107914Z   repository: con/tinuous
2025-03-18T19:25:37.9108572Z   token: ***
2025-03-18T19:25:37.9108990Z   ssh-strict: true
2025-03-18T19:25:37.9109413Z   ssh-user: git
2025-03-18T19:25:37.9109863Z   persist-credentials: true
2025-03-18T19:25:37.9110358Z   clean: true
2025-03-18T19:25:37.9110797Z   sparse-checkout-cone-mode: true
2025-03-18T19:25:37.9111327Z   fetch-tags: false
2025-03-18T19:25:37.9111756Z   show-progress: true
2025-03-18T19:25:37.9112197Z   lfs: false
2025-03-18T19:25:37.9112614Z   submodules: false
2025-03-18T19:25:37.9113261Z   set-safe-directory: true
2025-03-18T19:25:37.9114062Z ##[endgroup]
2025-03-18T19:25:38.0904713Z Syncing repository: con/tinuous
2025-03-18T19:25:38.0907522Z ##[group]Getting Git version info
2025-03-18T19:25:38.0908629Z Working directory is '/home/runner/work/tinuous/tinuous'
2025-03-18T19:25:38.0910138Z [command]/usr/bin/git version
2025-03-18T19:25:38.0967921Z git version 2.48.1
2025-03-18T19:25:38.0997918Z ##[endgroup]
2025-03-18T19:25:38.1013683Z Temporarily overriding HOME='/home/runner/work/_temp/2fca8019-259d-4092-aa42-ddb460f30127' before making global git config changes
2025-03-18T19:25:38.1017532Z Adding repository directory to the temporary git global config as a safe directory
2025-03-18T19:25:38.1020766Z [command]/usr/bin/git config --global --add safe.directory /home/runner/work/tinuous/tinuous
2025-03-18T19:25:38.1055664Z Deleting the contents of '/home/runner/work/tinuous/tinuous'
2025-03-18T19:25:38.1059624Z ##[group]Initializing the repository
2025-03-18T19:25:38.1064931Z [command]/usr/bin/git init /home/runner/work/tinuous/tinuous
2025-03-18T19:25:38.1130268Z hint: Using 'master' as the name for the initial branch. This default branch name
2025-03-18T19:25:38.1132606Z hint: is subject to change. To configure the initial branch name to use in all
2025-03-18T19:25:38.1135230Z hint: of your new repositories, which will suppress this warning, call:
2025-03-18T19:25:38.1137405Z hint:
2025-03-18T19:25:38.1138942Z hint: 	git config --global init.defaultBranch <name>
2025-03-18T19:25:38.1140936Z hint:
2025-03-18T19:25:38.1142821Z hint: Names commonly chosen instead of 'master' are 'main', 'trunk' and
2025-03-18T19:25:38.1146120Z hint: 'development'. The just-created branch can be renamed via this command:
2025-03-18T19:25:38.1148601Z hint:
2025-03-18T19:25:38.1149867Z hint: 	git branch -m <name>
2025-03-18T19:25:38.1152097Z Initialized empty Git repository in /home/runner/work/tinuous/tinuous/.git/
2025-03-18T19:25:38.1156622Z [command]/usr/bin/git remote add origin https://github.com/con/tinuous
2025-03-18T19:25:38.1211294Z ##[endgroup]
2025-03-18T19:25:38.1213955Z ##[group]Disabling automatic garbage collection
2025-03-18T19:25:38.1216284Z [command]/usr/bin/git config --local gc.auto 0
2025-03-18T19:25:38.1246279Z ##[endgroup]
2025-03-18T19:25:38.1248558Z ##[group]Setting up auth
2025-03-18T19:25:38.1254087Z [command]/usr/bin/git config --local --name-only --get-regexp core\.sshCommand
2025-03-18T19:25:38.1287088Z [command]/usr/bin/git submodule foreach --recursive sh -c "git config --local --name-only --get-regexp 'core\.sshCommand' && git config --local --unset-all 'core.sshCommand' || :"
2025-03-18T19:25:38.1619075Z [command]/usr/bin/git config --local --name-only --get-regexp http\.https\:\/\/github\.com\/\.extraheader
2025-03-18T19:25:38.1648800Z [command]/usr/bin/git submodule foreach --recursive sh -c "git config --local --name-only --get-regexp 'http\.https\:\/\/github\.com\/\.extraheader' && git config --local --unset-all 'http.https://github.com/.extraheader' || :"
2025-03-18T19:25:38.1879491Z [command]/usr/bin/git config --local http.https://github.com/.extraheader AUTHORIZATION: basic ***
2025-03-18T19:25:38.1913603Z ##[endgroup]
2025-03-18T19:25:38.1915118Z ##[group]Fetching the repository
2025-03-18T19:25:38.1924807Z [command]/usr/bin/git -c protocol.version=2 fetch --prune --no-recurse-submodules origin +refs/heads/*:refs/remotes/origin/* +refs/tags/*:refs/tags/* +80663d351b458eb8a590574df59a0cb44e6d7661:refs/remotes/pull/204/merge
2025-03-18T19:25:38.9326641Z From https://github.com/con/tinuous
2025-03-18T19:25:38.9401732Z  * [new branch]      gh-203                                   -> origin/gh-203
2025-03-18T19:25:38.9404792Z  * [new branch]      gh-55                                    -> origin/gh-55
2025-03-18T19:25:38.9407399Z  * [new branch]      master                                   -> origin/master
2025-03-18T19:25:38.9410412Z  * [new branch]      no-extra-search                          -> origin/no-extra-search
2025-03-18T19:25:38.9413554Z  * [new branch]      pragmata                                 -> origin/pragmata
2025-03-18T19:25:38.9416544Z  * [new branch]      test-appveyor                            -> origin/test-appveyor
2025-03-18T19:25:38.9419345Z  * [new tag]         0.1.0                                    -> 0.1.0
2025-03-18T19:25:38.9421418Z  * [new tag]         0.2.0                                    -> 0.2.0
2025-03-18T19:25:38.9423923Z  * [new tag]         0.3.0                                    -> 0.3.0
2025-03-18T19:25:38.9426280Z  * [new tag]         0.4.0                                    -> 0.4.0
2025-03-18T19:25:38.9428599Z  * [new tag]         0.5.0                                    -> 0.5.0
2025-03-18T19:25:38.9430450Z  * [new tag]         0.5.1                                    -> 0.5.1
2025-03-18T19:25:38.9432293Z  * [new tag]         0.5.2                                    -> 0.5.2
2025-03-18T19:25:38.9434607Z  * [new tag]         0.5.3                                    -> 0.5.3
2025-03-18T19:25:38.9436044Z  * [new tag]         0.5.4                                    -> 0.5.4
2025-03-18T19:25:38.9437625Z  * [new tag]         0.6.0                                    -> 0.6.0
2025-03-18T19:25:38.9440269Z  * [new tag]         0.6.1                                    -> 0.6.1
2025-03-18T19:25:38.9441839Z  * [new tag]         0.7.0                                    -> 0.7.0
2025-03-18T19:25:38.9444176Z  * [new ref]         80663d351b458eb8a590574df59a0cb44e6d7661 -> pull/204/merge
2025-03-18T19:25:38.9447749Z ##[endgroup]
2025-03-18T19:25:38.9449291Z ##[group]Determining the checkout info
2025-03-18T19:25:38.9451261Z ##[endgroup]
2025-03-18T19:25:38.9452272Z [command]/usr/bin/git sparse-checkout disable
2025-03-18T19:25:38.9455533Z [command]/usr/bin/git config --local --unset-all extensions.worktreeConfig
2025-03-18T19:25:38.9473494Z ##[group]Checking out the ref
2025-03-18T19:25:38.9476606Z [command]/usr/bin/git checkout --progress --force refs/remotes/pull/204/merge
2025-03-18T19:25:38.9528348Z Note: switching to 'refs/remotes/pull/204/merge'.
2025-03-18T19:25:38.9529885Z 
2025-03-18T19:25:38.9531116Z You are in 'detached HEAD' state. You can look around, make experimental
2025-03-18T19:25:38.9533973Z changes and commit them, and you can discard any commits you make in this
2025-03-18T19:25:38.9536532Z state without impacting any branches by switching back to a branch.
2025-03-18T19:25:38.9537849Z 
2025-03-18T19:25:38.9538662Z If you want to create a new branch to retain commits you create, you may
2025-03-18T19:25:38.9540622Z do so (now or later) by using -c with the switch command. Example:
2025-03-18T19:25:38.9541707Z 
2025-03-18T19:25:38.9542135Z   git switch -c <new-branch-name>
2025-03-18T19:25:38.9542861Z 
2025-03-18T19:25:38.9543491Z Or undo this operation with:
2025-03-18T19:25:38.9544180Z 
2025-03-18T19:25:38.9544541Z   git switch -
2025-03-18T19:25:38.9545051Z 
2025-03-18T19:25:38.9545919Z Turn off this advice by setting config variable advice.detachedHead to false
2025-03-18T19:25:38.9547399Z 
2025-03-18T19:25:38.9548839Z HEAD is now at 80663d3 Merge b9661910528bcde90c3fa7b3294704d8a7426995 into 50fb656c25cb21db819da59423bcd1e412c57487
2025-03-18T19:25:38.9552792Z ##[endgroup]
2025-03-18T19:25:38.9572707Z [command]/usr/bin/git log -1 --format=%H
2025-03-18T19:25:38.9595469Z 80663d351b458eb8a590574df59a0cb44e6d7661
2025-03-18T19:25:38.9882207Z ##[group]Run actions/setup-python@v5
2025-03-18T19:25:38.9883463Z with:
2025-03-18T19:25:38.9884210Z   python-version: 3.9
2025-03-18T19:25:38.9885071Z   check-latest: false
2025-03-18T19:25:38.9886177Z   token: ***
2025-03-18T19:25:38.9886960Z   update-environment: true
2025-03-18T19:25:38.9887906Z   allow-prereleases: false
2025-03-18T19:25:38.9888793Z ##[endgroup]
2025-03-18T19:25:39.1606648Z ##[group]Installed versions
2025-03-18T19:25:39.1667092Z Successfully set up CPython (3.9.21)
2025-03-18T19:25:39.1669491Z ##[endgroup]
2025-03-18T19:25:39.1817333Z ##[group]Run python -m pip install --upgrade pip wheel
2025-03-18T19:25:39.1818792Z [36;1mpython -m pip install --upgrade pip wheel[0m
2025-03-18T19:25:39.1820311Z [36;1mpython -m pip install --upgrade --upgrade-strategy=eager tox[0m
2025-03-18T19:25:39.1878604Z shell: /usr/bin/bash -e {0}
2025-03-18T19:25:39.1879559Z env:
2025-03-18T19:25:39.1880487Z   pythonLocation: /opt/hostedtoolcache/Python/3.9.21/x64
2025-03-18T19:25:39.1882098Z   PKG_CONFIG_PATH: /opt/hostedtoolcache/Python/3.9.21/x64/lib/pkgconfig
2025-03-18T19:25:39.1883827Z   Python_ROOT_DIR: /opt/hostedtoolcache/Python/3.9.21/x64
2025-03-18T19:25:39.1885230Z   Python2_ROOT_DIR: /opt/hostedtoolcache/Python/3.9.21/x64
2025-03-18T19:25:39.1886643Z   Python3_ROOT_DIR: /opt/hostedtoolcache/Python/3.9.21/x64
2025-03-18T19:25:39.1888088Z   LD_LIBRARY_PATH: /opt/hostedtoolcache/Python/3.9.21/x64/lib
2025-03-18T19:25:39.1889294Z ##[endgroup]
2025-03-18T19:25:39.8036992Z Requirement already satisfied: pip in /opt/hostedtoolcache/Python/3.9.21/x64/lib/python3.9/site-packages (25.0.1)
2025-03-18T19:25:39.9070598Z Collecting wheel
2025-03-18T19:25:39.9488622Z   Downloading wheel-0.45.1-py3-none-any.whl.metadata (2.3 kB)
2025-03-18T19:25:39.9651274Z Downloading wheel-0.45.1-py3-none-any.whl (72 kB)
2025-03-18T19:25:40.0001203Z Installing collected packages: wheel
2025-03-18T19:25:40.0477237Z Successfully installed wheel-0.45.1
2025-03-18T19:25:40.5644205Z Collecting tox
2025-03-18T19:25:40.6075572Z   Downloading tox-4.24.2-py3-none-any.whl.metadata (3.7 kB)
2025-03-18T19:25:40.6372024Z Collecting cachetools>=5.5.1 (from tox)
2025-03-18T19:25:40.6482087Z   Downloading cachetools-5.5.2-py3-none-any.whl.metadata (5.4 kB)
2025-03-18T19:25:40.6680028Z Collecting chardet>=5.2 (from tox)
2025-03-18T19:25:40.6785945Z   Downloading chardet-5.2.0-py3-none-any.whl.metadata (3.4 kB)
2025-03-18T19:25:40.7028690Z Collecting colorama>=0.4.6 (from tox)
2025-03-18T19:25:40.7135271Z   Downloading colorama-0.4.6-py2.py3-none-any.whl.metadata (17 kB)
2025-03-18T19:25:40.7423397Z Collecting filelock>=3.16.1 (from tox)
2025-03-18T19:25:40.7532811Z   Downloading filelock-3.18.0-py3-none-any.whl.metadata (2.9 kB)
2025-03-18T19:25:40.7812127Z Collecting packaging>=24.2 (from tox)
2025-03-18T19:25:40.7920107Z   Downloading packaging-24.2-py3-none-any.whl.metadata (3.2 kB)
2025-03-18T19:25:40.8174336Z Collecting platformdirs>=4.3.6 (from tox)
2025-03-18T19:25:40.8283818Z   Downloading platformdirs-4.3.6-py3-none-any.whl.metadata (11 kB)
2025-03-18T19:25:40.8519525Z Collecting pluggy>=1.5 (from tox)
2025-03-18T19:25:40.8626679Z   Downloading pluggy-1.5.0-py3-none-any.whl.metadata (4.8 kB)
2025-03-18T19:25:40.8845705Z Collecting pyproject-api>=1.8 (from tox)
2025-03-18T19:25:40.8956802Z   Downloading pyproject_api-1.9.0-py3-none-any.whl.metadata (2.7 kB)
2025-03-18T19:25:40.9202431Z Collecting tomli>=2.2.1 (from tox)
2025-03-18T19:25:40.9311369Z   Downloading tomli-2.2.1-py3-none-any.whl.metadata (10 kB)
2025-03-18T19:25:40.9556774Z Collecting typing-extensions>=4.12.2 (from tox)
2025-03-18T19:25:40.9663558Z   Downloading typing_extensions-4.12.2-py3-none-any.whl.metadata (3.0 kB)
2025-03-18T19:25:41.0178174Z Collecting virtualenv>=20.29.1 (from tox)
2025-03-18T19:25:41.0286295Z   Downloading virtualenv-20.29.3-py3-none-any.whl.metadata (4.5 kB)
2025-03-18T19:25:41.0645260Z Collecting distlib<1,>=0.3.7 (from virtualenv>=20.29.1->tox)
2025-03-18T19:25:41.0753901Z   Downloading distlib-0.3.9-py2.py3-none-any.whl.metadata (5.2 kB)
2025-03-18T19:25:41.0972821Z Downloading tox-4.24.2-py3-none-any.whl (172 kB)
2025-03-18T19:25:41.1290158Z Downloading cachetools-5.5.2-py3-none-any.whl (10 kB)
2025-03-18T19:25:41.1423398Z Downloading chardet-5.2.0-py3-none-any.whl (199 kB)
2025-03-18T19:25:41.1596321Z Downloading colorama-0.4.6-py2.py3-none-any.whl (25 kB)
2025-03-18T19:25:41.1743562Z Downloading filelock-3.18.0-py3-none-any.whl (16 kB)
2025-03-18T19:25:41.1896845Z Downloading packaging-24.2-py3-none-any.whl (65 kB)
2025-03-18T19:25:41.2057526Z Downloading platformdirs-4.3.6-py3-none-any.whl (18 kB)
2025-03-18T19:25:41.2187531Z Downloading pluggy-1.5.0-py3-none-any.whl (20 kB)
2025-03-18T19:25:41.2318963Z Downloading pyproject_api-1.9.0-py3-none-any.whl (13 kB)
2025-03-18T19:25:41.2449832Z Downloading tomli-2.2.1-py3-none-any.whl (14 kB)
2025-03-18T19:25:41.2579100Z Downloading typing_extensions-4.12.2-py3-none-any.whl (37 kB)
2025-03-18T19:25:41.2711142Z Downloading virtualenv-20.29.3-py3-none-any.whl (4.3 MB)
2025-03-18T19:25:41.3132636Z    ━━━━━━━━━━━━━━━━━━━━━━━━━━━━━━━━━━━━━━━━ 4.3/4.3 MB 106.4 MB/s eta 0:00:00
2025-03-18T19:25:41.3238038Z Downloading distlib-0.3.9-py2.py3-none-any.whl (468 kB)
2025-03-18T19:25:41.3764796Z Installing collected packages: distlib, typing-extensions, tomli, pluggy, platformdirs, packaging, filelock, colorama, chardet, cachetools, virtualenv, pyproject-api, tox
2025-03-18T19:25:42.0120410Z Successfully installed cachetools-5.5.2 chardet-5.2.0 colorama-0.4.6 distlib-0.3.9 filelock-3.18.0 packaging-24.2 platformdirs-4.3.6 pluggy-1.5.0 pyproject-api-1.9.0 tomli-2.2.1 tox-4.24.2 typing-extensions-4.12.2 virtualenv-20.29.3
2025-03-18T19:25:42.0664455Z ##[group]Run tox -e py -- --cov-report=xml
2025-03-18T19:25:42.0664789Z [36;1mtox -e py -- --cov-report=xml[0m
2025-03-18T19:25:42.0712804Z shell: /usr/bin/bash -e {0}
2025-03-18T19:25:42.0713444Z env:
2025-03-18T19:25:42.0713686Z   pythonLocation: /opt/hostedtoolcache/Python/3.9.21/x64
2025-03-18T19:25:42.0714088Z   PKG_CONFIG_PATH: /opt/hostedtoolcache/Python/3.9.21/x64/lib/pkgconfig
2025-03-18T19:25:42.0714478Z   Python_ROOT_DIR: /opt/hostedtoolcache/Python/3.9.21/x64
2025-03-18T19:25:42.0714815Z   Python2_ROOT_DIR: /opt/hostedtoolcache/Python/3.9.21/x64
2025-03-18T19:25:42.0715149Z   Python3_ROOT_DIR: /opt/hostedtoolcache/Python/3.9.21/x64
2025-03-18T19:25:42.0715491Z   LD_LIBRARY_PATH: /opt/hostedtoolcache/Python/3.9.21/x64/lib
2025-03-18T19:25:42.0715772Z ##[endgroup]
2025-03-18T19:25:42.7651341Z py: install_deps> python -I -m pip install pytest pytest-cov pytest-mock
2025-03-18T19:25:44.8896171Z .pkg: install_requires> python -I -m pip install 'setuptools>=46.4.0' versioningit
2025-03-18T19:25:46.1076358Z .pkg: _optional_hooks> python /opt/hostedtoolcache/Python/3.9.21/x64/lib/python3.9/site-packages/pyproject_api/_backend.py True setuptools.build_meta
2025-03-18T19:25:46.3890953Z .pkg: get_requires_for_build_sdist> python /opt/hostedtoolcache/Python/3.9.21/x64/lib/python3.9/site-packages/pyproject_api/_backend.py True setuptools.build_meta
2025-03-18T19:25:46.6942106Z .pkg: get_requires_for_build_wheel> python /opt/hostedtoolcache/Python/3.9.21/x64/lib/python3.9/site-packages/pyproject_api/_backend.py True setuptools.build_meta
2025-03-18T19:25:46.9754934Z .pkg: freeze> python -m pip freeze --all
2025-03-18T19:25:47.2038882Z .pkg: importlib_metadata==8.6.1,packaging==24.2,pip==25.0.1,setuptools==75.8.0,tomli==2.2.1,versioningit==3.1.2,wheel==0.45.1,zipp==3.21.0
2025-03-18T19:25:47.2045498Z .pkg: prepare_metadata_for_build_wheel> python /opt/hostedtoolcache/Python/3.9.21/x64/lib/python3.9/site-packages/pyproject_api/_backend.py True setuptools.build_meta
2025-03-18T19:25:47.4810411Z .pkg: build_sdist> python /opt/hostedtoolcache/Python/3.9.21/x64/lib/python3.9/site-packages/pyproject_api/_backend.py True setuptools.build_meta
2025-03-18T19:25:47.7723745Z py: install_package_deps> python -I -m pip install 'PyYAML>=5.0' 'click-loglevel~=0.2' 'click>=7.0' 'ghtoken~=0.1' 'in_place~=1.0' 'pydantic~=2.0' 'python-dateutil~=2.7' 'python-dotenv<2.0,>=0.11' 'requests~=2.20' 'typing_extensions; python_version < "3.9"'
2025-03-18T19:25:50.9203188Z py: install_package> python -I -m pip install --force-reinstall --no-deps /home/runner/work/tinuous/tinuous/.tox/.tmp/package/1/tinuous-0.7.0.post10+g80663d3.tar.gz
2025-03-18T19:25:53.7501070Z py: freeze> python -m pip freeze --all
2025-03-18T19:25:53.9909463Z py: annotated-types==0.7.0,certifi==2025.1.31,charset-normalizer==3.4.1,click==8.1.8,click-loglevel==0.6.0,coverage==7.7.0,exceptiongroup==1.2.2,ghtoken==0.1.2,idna==3.10,in_place==1.0.1,iniconfig==2.0.0,packaging==24.2,pip==25.0.1,pluggy==1.5.0,pydantic==2.10.6,pydantic_core==2.27.2,pytest==8.3.5,pytest-cov==6.0.0,pytest-mock==3.14.0,python-dateutil==2.9.0.post0,python-dotenv==1.0.1,PyYAML==6.0.2,requests==2.32.3,ruamel.yaml==0.18.10,ruamel.yaml.clib==0.2.12,setuptools==75.8.0,six==1.17.0,tinuous @ file:///home/runner/work/tinuous/tinuous/.tox/.tmp/package/1/tinuous-0.7.0.post10%2Bg80663d3.tar.gz#sha256=8c8a1cc802badbbb964482c44df334cd3749d3358fe5ce519f2509a39021dca0,tomli==2.2.1,typing_extensions==4.12.2,urllib3==2.3.0,wheel==0.45.1
2025-03-18T19:25:53.9916140Z py: commands[0]> tinuous --help
2025-03-18T19:25:54.3477338Z Usage: tinuous [OPTIONS] COMMAND [ARGS]...
2025-03-18T19:25:54.3477728Z 
2025-03-18T19:25:54.3478081Z   Download build logs from GitHub Actions, Travis, Appveyor, and CircleCI
2025-03-18T19:25:54.3478413Z 
2025-03-18T19:25:54.3478507Z Options:
2025-03-18T19:25:54.3478798Z   -V, --version                   Show the version and exit.
2025-03-18T19:25:54.3479227Z   -c, --config FILE               Read configuration from the given file
2025-03-18T19:25:54.3479993Z                                   [default: tinuous.yaml]
2025-03-18T19:25:54.3480377Z   -E, --env FILE                  Load environment variables from given .env
2025-03-18T19:25:54.3480737Z                                   file
2025-03-18T19:25:54.3481257Z   -l, --log-level [NOTSET|DEBUG|INFO|WARNING|ERROR|CRITICAL]
2025-03-18T19:25:54.3481628Z                                   Set logging level  [default: INFO]
2025-03-18T19:25:54.3481982Z   --help                          Show this message and exit.
2025-03-18T19:25:54.3482213Z 
2025-03-18T19:25:54.3482292Z Commands:
2025-03-18T19:25:54.3482498Z   fetch         Download logs
2025-03-18T19:25:54.3482798Z   fetch-commit  Download logs for a specific commit
2025-03-18T19:25:54.3483355Z   sanitize      Sanitize secrets in logs
2025-03-18T19:25:54.3736408Z py: commands[1]> pytest --cov-report=xml test
2025-03-18T19:25:55.3344348Z ============================= test session starts ==============================
2025-03-18T19:25:55.3345226Z platform linux -- Python 3.9.21, pytest-8.3.5, pluggy-1.5.0
2025-03-18T19:25:55.3345886Z cachedir: .tox/py/.pytest_cache
2025-03-18T19:25:55.3346411Z rootdir: /home/runner/work/tinuous/tinuous
2025-03-18T19:25:55.3346952Z configfile: tox.ini
2025-03-18T19:25:55.3347402Z plugins: cov-6.0.0, mock-3.14.0
2025-03-18T19:25:55.3347863Z collected 64 items
2025-03-18T19:25:55.3348152Z 
2025-03-18T19:25:55.3479867Z test/test_base.py .........                                              [ 14%]
2025-03-18T19:25:55.3583994Z test/test_config.py ........                                             [ 26%]
2025-03-18T19:25:55.3771376Z test/test_state.py ........                                              [ 39%]
2025-03-18T19:25:55.6375482Z test/test_util.py .......................................                [100%]
2025-03-18T19:25:55.6376107Z 
2025-03-18T19:25:55.6376410Z ---------- coverage: platform linux, python 3.9.21-final-0 -----------
2025-03-18T19:25:55.6377010Z Coverage XML written to file coverage.xml
2025-03-18T19:25:55.6377252Z 
2025-03-18T19:25:55.6377284Z 
2025-03-18T19:25:55.6377421Z ============================== 64 passed in 0.80s ==============================
2025-03-18T19:25:55.6933437Z   py: OK (13.33=setup[11.63]+cmd[0.38,1.32] seconds)
2025-03-18T19:25:55.6934008Z   congratulations :) (13.42 seconds)
2025-03-18T19:25:55.7453628Z ##[group]Run codecov/codecov-action@v5
2025-03-18T19:25:55.7453921Z with:
2025-03-18T19:25:55.7454103Z   fail_ci_if_error: false
2025-03-18T19:25:55.7454481Z   token: ***
2025-03-18T19:25:55.7454652Z   name: 3.9
2025-03-18T19:25:55.7454821Z   disable_file_fixes: false
2025-03-18T19:25:55.7455052Z   disable_search: false
2025-03-18T19:25:55.7455254Z   disable_safe_directory: false
2025-03-18T19:25:55.7455461Z   disable_telem: false
2025-03-18T19:25:55.7455643Z   dry_run: false
2025-03-18T19:25:55.7455814Z   git_service: github
2025-03-18T19:25:55.7456000Z   gcov_executable: gcov
2025-03-18T19:25:55.7456201Z   handle_no_reports_found: false
2025-03-18T19:25:55.7456424Z   recurse_submodules: false
2025-03-18T19:25:55.7456640Z   run_command: upload-coverage
2025-03-18T19:25:55.7456858Z   skip_validation: false
2025-03-18T19:25:55.7457064Z   use_legacy_upload_endpoint: false
2025-03-18T19:25:55.7457306Z   use_oidc: false
2025-03-18T19:25:55.7457474Z   use_pypi: false
2025-03-18T19:25:55.7457669Z   verbose: false
2025-03-18T19:25:55.7457834Z   version: latest
2025-03-18T19:25:55.7457997Z env:
2025-03-18T19:25:55.7458225Z   pythonLocation: /opt/hostedtoolcache/Python/3.9.21/x64
2025-03-18T19:25:55.7458624Z   PKG_CONFIG_PATH: /opt/hostedtoolcache/Python/3.9.21/x64/lib/pkgconfig
2025-03-18T19:25:55.7459017Z   Python_ROOT_DIR: /opt/hostedtoolcache/Python/3.9.21/x64
2025-03-18T19:25:55.7459351Z   Python2_ROOT_DIR: /opt/hostedtoolcache/Python/3.9.21/x64
2025-03-18T19:25:55.7459691Z   Python3_ROOT_DIR: /opt/hostedtoolcache/Python/3.9.21/x64
2025-03-18T19:25:55.7460036Z   LD_LIBRARY_PATH: /opt/hostedtoolcache/Python/3.9.21/x64/lib
2025-03-18T19:25:55.7460312Z ##[endgroup]
2025-03-18T19:25:55.7550484Z ##[group]Run CC_ACTION_VERSION=$(cat ${GITHUB_ACTION_PATH}/src/version)
2025-03-18T19:25:55.7550922Z [36;1mCC_ACTION_VERSION=$(cat ${GITHUB_ACTION_PATH}/src/version)[0m
2025-03-18T19:25:55.7551329Z [36;1mecho -e "\033[0;32m==>\033[0m Running Action version $CC_ACTION_VERSION"[0m
2025-03-18T19:25:55.7599816Z shell: /usr/bin/bash --noprofile --norc -e -o pipefail {0}
2025-03-18T19:25:55.7600131Z env:
2025-03-18T19:25:55.7600364Z   pythonLocation: /opt/hostedtoolcache/Python/3.9.21/x64
2025-03-18T19:25:55.7600751Z   PKG_CONFIG_PATH: /opt/hostedtoolcache/Python/3.9.21/x64/lib/pkgconfig
2025-03-18T19:25:55.7601122Z   Python_ROOT_DIR: /opt/hostedtoolcache/Python/3.9.21/x64
2025-03-18T19:25:55.7601450Z   Python2_ROOT_DIR: /opt/hostedtoolcache/Python/3.9.21/x64
2025-03-18T19:25:55.7601784Z   Python3_ROOT_DIR: /opt/hostedtoolcache/Python/3.9.21/x64
2025-03-18T19:25:55.7602123Z   LD_LIBRARY_PATH: /opt/hostedtoolcache/Python/3.9.21/x64/lib
2025-03-18T19:25:55.7602401Z ##[endgroup]
2025-03-18T19:25:55.7684547Z [0;32m==>[0m Running Action version 5.4.0
2025-03-18T19:25:55.7727572Z ##[group]Run git config --global --add safe.directory "/home/runner/work/tinuous/tinuous"
2025-03-18T19:25:55.7728095Z [36;1mgit config --global --add safe.directory "/home/runner/work/tinuous/tinuous"[0m
2025-03-18T19:25:55.7728565Z [36;1mgit config --global --add safe.directory "$GITHUB_WORKSPACE"[0m
2025-03-18T19:25:55.7770955Z shell: /usr/bin/bash --noprofile --norc -e -o pipefail {0}
2025-03-18T19:25:55.7771256Z env:
2025-03-18T19:25:55.7771501Z   pythonLocation: /opt/hostedtoolcache/Python/3.9.21/x64
2025-03-18T19:25:55.7771899Z   PKG_CONFIG_PATH: /opt/hostedtoolcache/Python/3.9.21/x64/lib/pkgconfig
2025-03-18T19:25:55.7772275Z   Python_ROOT_DIR: /opt/hostedtoolcache/Python/3.9.21/x64
2025-03-18T19:25:55.7772608Z   Python2_ROOT_DIR: /opt/hostedtoolcache/Python/3.9.21/x64
2025-03-18T19:25:55.7773098Z   Python3_ROOT_DIR: /opt/hostedtoolcache/Python/3.9.21/x64
2025-03-18T19:25:55.7773450Z   LD_LIBRARY_PATH: /opt/hostedtoolcache/Python/3.9.21/x64/lib
2025-03-18T19:25:55.7773735Z ##[endgroup]
2025-03-18T19:25:55.7887554Z ##[group]Run CC_FORK="false"
2025-03-18T19:25:55.7887805Z [36;1mCC_FORK="false"[0m
2025-03-18T19:25:55.7888452Z [36;1mif [ -n "$GITHUB_EVENT_PULL_REQUEST_HEAD_REPO_FULL_NAME" ] && [ "$GITHUB_EVENT_PULL_REQUEST_HEAD_REPO_FULL_NAME" != "$GITHUB_REPOSITORY" ];[0m
2025-03-18T19:25:55.7888981Z [36;1mthen[0m
2025-03-18T19:25:55.7889197Z [36;1m  echo -e "\033[0;32m==>\033[0m Fork detected"[0m
2025-03-18T19:25:55.7889458Z [36;1m  CC_FORK="true"[0m
2025-03-18T19:25:55.7889654Z [36;1mfi[0m
2025-03-18T19:25:55.7889850Z [36;1mecho "CC_FORK=$CC_FORK" >> "$GITHUB_ENV"[0m
2025-03-18T19:25:55.7932591Z shell: /usr/bin/bash --noprofile --norc -e -o pipefail {0}
2025-03-18T19:25:55.7932894Z env:
2025-03-18T19:25:55.7933365Z   pythonLocation: /opt/hostedtoolcache/Python/3.9.21/x64
2025-03-18T19:25:55.7933766Z   PKG_CONFIG_PATH: /opt/hostedtoolcache/Python/3.9.21/x64/lib/pkgconfig
2025-03-18T19:25:55.7934146Z   Python_ROOT_DIR: /opt/hostedtoolcache/Python/3.9.21/x64
2025-03-18T19:25:55.7934479Z   Python2_ROOT_DIR: /opt/hostedtoolcache/Python/3.9.21/x64
2025-03-18T19:25:55.7934817Z   Python3_ROOT_DIR: /opt/hostedtoolcache/Python/3.9.21/x64
2025-03-18T19:25:55.7935163Z   LD_LIBRARY_PATH: /opt/hostedtoolcache/Python/3.9.21/x64/lib
2025-03-18T19:25:55.7935490Z   GITHUB_EVENT_PULL_REQUEST_HEAD_LABEL: con:gh-203
2025-03-18T19:25:55.7935812Z   GITHUB_EVENT_PULL_REQUEST_HEAD_REPO_FULL_NAME: con/tinuous
2025-03-18T19:25:55.7936108Z   GITHUB_REPOSITORY: con/tinuous
2025-03-18T19:25:55.7936319Z ##[endgroup]
2025-03-18T19:25:55.8020199Z ##[group]Run if [ "false" == 'true' ] && [ "$CC_FORK" != 'true' ];
2025-03-18T19:25:55.8020578Z [36;1mif [ "false" == 'true' ] && [ "$CC_FORK" != 'true' ];[0m
2025-03-18T19:25:55.8020854Z [36;1mthen[0m
2025-03-18T19:25:55.8021042Z [36;1m  # {"count":1984,"value":"***"}[0m
2025-03-18T19:25:55.8021420Z [36;1m  echo -e "\033[0;32m==>\033[0m Requesting OIDC token from '$ACTIONS_ID_TOKEN_REQUEST_URL'"[0m
2025-03-18T19:25:55.8022116Z [36;1m  CC_TOKEN=$(curl -H "Authorization: bearer $ACTIONS_ID_TOKEN_REQUEST_TOKEN" "$ACTIONS_ID_TOKEN_REQUEST_URL&audience=$CC_OIDC_AUDIENCE" | cut -d\" -f6)[0m
2025-03-18T19:25:55.8022703Z [36;1m  echo "CC_TOKEN=$CC_TOKEN" >> "$GITHUB_ENV"[0m
2025-03-18T19:25:55.8023403Z [36;1melif [ -n "" ];[0m
2025-03-18T19:25:55.8023607Z [36;1mthen[0m
2025-03-18T19:25:55.8023834Z [36;1m  echo -e "\033[0;32m==>\033[0m Token set from env"[0m
2025-03-18T19:25:55.8024121Z [36;1m    echo "CC_TOKEN=" >> "$GITHUB_ENV"[0m
2025-03-18T19:25:55.8024358Z [36;1melse[0m
2025-03-18T19:25:55.8024661Z [36;1m  if [ -n "***" ];[0m
2025-03-18T19:25:55.8024856Z [36;1m  then[0m
2025-03-18T19:25:55.8025088Z [36;1m    echo -e "\033[0;32m==>\033[0m Token set from input"[0m
2025-03-18T19:25:55.8025489Z [36;1m    CC_TOKEN=$(echo "***" | tr -d '\n')[0m
2025-03-18T19:25:55.8025771Z [36;1m    echo "CC_TOKEN=$CC_TOKEN" >> "$GITHUB_ENV"[0m
2025-03-18T19:25:55.8026029Z [36;1m  fi[0m
2025-03-18T19:25:55.8026191Z [36;1mfi[0m
2025-03-18T19:25:55.8067965Z shell: /usr/bin/bash --noprofile --norc -e -o pipefail {0}
2025-03-18T19:25:55.8068280Z env:
2025-03-18T19:25:55.8068565Z   pythonLocation: /opt/hostedtoolcache/Python/3.9.21/x64
2025-03-18T19:25:55.8068976Z   PKG_CONFIG_PATH: /opt/hostedtoolcache/Python/3.9.21/x64/lib/pkgconfig
2025-03-18T19:25:55.8069357Z   Python_ROOT_DIR: /opt/hostedtoolcache/Python/3.9.21/x64
2025-03-18T19:25:55.8069692Z   Python2_ROOT_DIR: /opt/hostedtoolcache/Python/3.9.21/x64
2025-03-18T19:25:55.8070031Z   Python3_ROOT_DIR: /opt/hostedtoolcache/Python/3.9.21/x64
2025-03-18T19:25:55.8070365Z   LD_LIBRARY_PATH: /opt/hostedtoolcache/Python/3.9.21/x64/lib
2025-03-18T19:25:55.8070652Z   CC_FORK: false
2025-03-18T19:25:55.8070862Z   CC_OIDC_AUDIENCE: https://codecov.io
2025-03-18T19:25:55.8071097Z ##[endgroup]
2025-03-18T19:25:55.8132430Z [0;32m==>[0m Token set from input
2025-03-18T19:25:55.8169282Z ##[group]Run if [ -z "$CC_BRANCH" ] && [ -z "$CC_TOKEN" ] && [ "$CC_FORK" == 'true' ]
2025-03-18T19:25:55.8169722Z [36;1mif [ -z "$CC_BRANCH" ] && [ -z "$CC_TOKEN" ] && [ "$CC_FORK" == 'true' ][0m
2025-03-18T19:25:55.8170033Z [36;1mthen[0m
2025-03-18T19:25:55.8170390Z [36;1m  echo -e "\033[0;32m==>\033[0m Fork detected, setting branch to $GITHUB_EVENT_PULL_REQUEST_HEAD_LABEL"[0m
2025-03-18T19:25:55.8171033Z [36;1m  TOKENLESS="$GITHUB_EVENT_PULL_REQUEST_HEAD_LABEL"[0m
2025-03-18T19:25:55.8171367Z [36;1m  CC_BRANCH="$GITHUB_EVENT_PULL_REQUEST_HEAD_LABEL"[0m
2025-03-18T19:25:55.8171678Z [36;1m  echo "TOKENLESS=$TOKENLESS" >> "$GITHUB_ENV"[0m
2025-03-18T19:25:55.8171935Z [36;1mfi[0m
2025-03-18T19:25:55.8172092Z [36;1m[0m
2025-03-18T19:25:55.8172291Z [36;1mecho "CC_BRANCH=$CC_BRANCH" >> "$GITHUB_ENV"[0m
2025-03-18T19:25:55.8214395Z shell: /usr/bin/bash --noprofile --norc -e -o pipefail {0}
2025-03-18T19:25:55.8214699Z env:
2025-03-18T19:25:55.8214931Z   pythonLocation: /opt/hostedtoolcache/Python/3.9.21/x64
2025-03-18T19:25:55.8215321Z   PKG_CONFIG_PATH: /opt/hostedtoolcache/Python/3.9.21/x64/lib/pkgconfig
2025-03-18T19:25:55.8215700Z   Python_ROOT_DIR: /opt/hostedtoolcache/Python/3.9.21/x64
2025-03-18T19:25:55.8216028Z   Python2_ROOT_DIR: /opt/hostedtoolcache/Python/3.9.21/x64
2025-03-18T19:25:55.8216367Z   Python3_ROOT_DIR: /opt/hostedtoolcache/Python/3.9.21/x64
2025-03-18T19:25:55.8216707Z   LD_LIBRARY_PATH: /opt/hostedtoolcache/Python/3.9.21/x64/lib
2025-03-18T19:25:55.8216985Z   CC_FORK: false
2025-03-18T19:25:55.8217239Z   CC_TOKEN: ***
2025-03-18T19:25:55.8217406Z   CC_BRANCH: 
2025-03-18T19:25:55.8217613Z   GITHUB_EVENT_PULL_REQUEST_HEAD_LABEL: con:gh-203
2025-03-18T19:25:55.8217941Z   GITHUB_EVENT_PULL_REQUEST_HEAD_REPO_FULL_NAME: con/tinuous
2025-03-18T19:25:55.8218234Z   GITHUB_REPOSITORY: con/tinuous
2025-03-18T19:25:55.8218453Z ##[endgroup]
2025-03-18T19:25:55.8301590Z ##[group]Run if [ -z "$CC_SHA" ];
2025-03-18T19:25:55.8301853Z [36;1mif [ -z "$CC_SHA" ];[0m
2025-03-18T19:25:55.8302071Z [36;1mthen[0m
2025-03-18T19:25:55.8302297Z [36;1m  CC_SHA="$GITHUB_EVENT_PULL_REQUEST_HEAD_SHA"[0m
2025-03-18T19:25:55.8302557Z [36;1mfi[0m
2025-03-18T19:25:55.8302812Z [36;1mif [ -z "$CC_PR" ] && [ "${GITHUB_EVENT_NAME}" == "pull_request_target" ];[0m
2025-03-18T19:25:55.8303374Z [36;1mthen[0m
2025-03-18T19:25:55.8303738Z [36;1m  CC_PR="$GITHUB_EVENT_NUMBER"[0m
2025-03-18T19:25:55.8303977Z [36;1mfi[0m
2025-03-18T19:25:55.8304131Z [36;1m[0m
2025-03-18T19:25:55.8304328Z [36;1mecho "CC_SHA=$CC_SHA" >> "$GITHUB_ENV"[0m
2025-03-18T19:25:55.8304596Z [36;1mecho "CC_PR=$CC_PR" >> "$GITHUB_ENV"[0m
2025-03-18T19:25:55.8346864Z shell: /usr/bin/bash --noprofile --norc -e -o pipefail {0}
2025-03-18T19:25:55.8347166Z env:
2025-03-18T19:25:55.8347405Z   pythonLocation: /opt/hostedtoolcache/Python/3.9.21/x64
2025-03-18T19:25:55.8347783Z   PKG_CONFIG_PATH: /opt/hostedtoolcache/Python/3.9.21/x64/lib/pkgconfig
2025-03-18T19:25:55.8348160Z   Python_ROOT_DIR: /opt/hostedtoolcache/Python/3.9.21/x64
2025-03-18T19:25:55.8348494Z   Python2_ROOT_DIR: /opt/hostedtoolcache/Python/3.9.21/x64
2025-03-18T19:25:55.8348826Z   Python3_ROOT_DIR: /opt/hostedtoolcache/Python/3.9.21/x64
2025-03-18T19:25:55.8349164Z   LD_LIBRARY_PATH: /opt/hostedtoolcache/Python/3.9.21/x64/lib
2025-03-18T19:25:55.8349452Z   CC_FORK: false
2025-03-18T19:25:55.8349710Z   CC_TOKEN: ***
2025-03-18T19:25:55.8349879Z   CC_BRANCH: 
2025-03-18T19:25:55.8350039Z   CC_PR: 
2025-03-18T19:25:55.8350193Z   CC_SHA: 
2025-03-18T19:25:55.8350364Z   GITHUB_EVENT_NAME: pull_request
2025-03-18T19:25:55.8350592Z   GITHUB_EVENT_NUMBER: 204
2025-03-18T19:25:55.8350905Z   GITHUB_EVENT_PULL_REQUEST_HEAD_SHA: b9661910528bcde90c3fa7b3294704d8a7426995
2025-03-18T19:25:55.8351245Z ##[endgroup]
2025-03-18T19:25:55.8439977Z ##[group]Run ${GITHUB_ACTION_PATH}/dist/codecov.sh
2025-03-18T19:25:55.8440308Z [36;1m${GITHUB_ACTION_PATH}/dist/codecov.sh[0m
2025-03-18T19:25:55.8482339Z shell: /usr/bin/bash --noprofile --norc -e -o pipefail {0}
2025-03-18T19:25:55.8482637Z env:
2025-03-18T19:25:55.8482868Z   pythonLocation: /opt/hostedtoolcache/Python/3.9.21/x64
2025-03-18T19:25:55.8483478Z   PKG_CONFIG_PATH: /opt/hostedtoolcache/Python/3.9.21/x64/lib/pkgconfig
2025-03-18T19:25:55.8483863Z   Python_ROOT_DIR: /opt/hostedtoolcache/Python/3.9.21/x64
2025-03-18T19:25:55.8484194Z   Python2_ROOT_DIR: /opt/hostedtoolcache/Python/3.9.21/x64
2025-03-18T19:25:55.8484690Z   Python3_ROOT_DIR: /opt/hostedtoolcache/Python/3.9.21/x64
2025-03-18T19:25:55.8485067Z   LD_LIBRARY_PATH: /opt/hostedtoolcache/Python/3.9.21/x64/lib
2025-03-18T19:25:55.8485351Z   CC_FORK: false
2025-03-18T19:25:55.8485616Z   CC_TOKEN: ***
2025-03-18T19:25:55.8485784Z   CC_BRANCH: 
2025-03-18T19:25:55.8485976Z   CC_SHA: b9661910528bcde90c3fa7b3294704d8a7426995
2025-03-18T19:25:55.8486223Z   CC_PR: 
2025-03-18T19:25:55.8486370Z   CC_BASE_SHA: 
2025-03-18T19:25:55.8486534Z   CC_BINARY: 
2025-03-18T19:25:55.8486690Z   CC_BUILD: 
2025-03-18T19:25:55.8486839Z   CC_BUILD_URL: 
2025-03-18T19:25:55.8487003Z   CC_CODE: 
2025-03-18T19:25:55.8487146Z   CC_DIR: 
2025-03-18T19:25:55.8487315Z   CC_DISABLE_FILE_FIXES: false
2025-03-18T19:25:55.8487528Z   CC_DISABLE_SEARCH: false
2025-03-18T19:25:55.8487722Z   CC_DISABLE_TELEM: false
2025-03-18T19:25:55.8487924Z   CC_DRY_RUN: false
2025-03-18T19:25:55.8488097Z   CC_ENTERPRISE_URL: 
2025-03-18T19:25:55.8488283Z   CC_ENV: 
2025-03-18T19:25:55.8488436Z   CC_EXCLUDES: 
2025-03-18T19:25:55.8488610Z   CC_FAIL_ON_ERROR: false
2025-03-18T19:25:55.8488798Z   CC_FILES: 
2025-03-18T19:25:55.8488947Z   CC_FLAGS: 
2025-03-18T19:25:55.8489098Z   CC_FORCE: 
2025-03-18T19:25:55.8489251Z   CC_GCOV_ARGS: 
2025-03-18T19:25:55.8489418Z   CC_GCOV_EXECUTABLE: gcov
2025-03-18T19:25:55.8489610Z   CC_GCOV_IGNORE: 
2025-03-18T19:25:55.8489777Z   CC_GCOV_INCLUDE: 
2025-03-18T19:25:55.8489949Z   CC_GIT_SERVICE: github
2025-03-18T19:25:55.8490150Z   CC_HANDLE_NO_REPORTS_FOUND: false
2025-03-18T19:25:55.8490363Z   CC_JOB_CODE: 
2025-03-18T19:25:55.8490526Z   CC_LEGACY: false
2025-03-18T19:25:55.8490685Z   CC_NAME: 3.9
2025-03-18T19:25:55.8490848Z   CC_NETWORK_FILTER: 
2025-03-18T19:25:55.8491028Z   CC_NETWORK_PREFIX: 
2025-03-18T19:25:55.8491204Z   CC_NETWORK_ROOT_FOLDER: 
2025-03-18T19:25:55.8491393Z   CC_OS: 
2025-03-18T19:25:55.8491541Z   CC_PARENT_SHA: 
2025-03-18T19:25:55.8491712Z   CC_PLUGINS: 
2025-03-18T19:25:55.8491882Z   CC_RECURSE_SUBMODULES: false
2025-03-18T19:25:55.8492212Z   CC_REPORT_TYPE: 
2025-03-18T19:25:55.8492398Z   CC_RUN_CMD: upload-coverage
2025-03-18T19:25:55.8492604Z   CC_SERVICE: github
2025-03-18T19:25:55.8492784Z   CC_SKIP_VALIDATION: false
2025-03-18T19:25:55.8493126Z   CC_SLUG: 
2025-03-18T19:25:55.8493393Z   CC_SWIFT_PROJECT: 
2025-03-18T19:25:55.8493577Z   CC_USE_PYPI: false
2025-03-18T19:25:55.8493754Z   CC_VERBOSE: false
2025-03-18T19:25:55.8493920Z   CC_VERSION: latest
2025-03-18T19:25:55.8494093Z   CC_YML_PATH: 
2025-03-18T19:25:55.8494252Z ##[endgroup]
2025-03-18T19:25:55.8580597Z      _____          _
2025-03-18T19:25:55.8580925Z     / ____|        | |
2025-03-18T19:25:55.8581240Z    | |     ___   __| | ___  ___ _____   __
2025-03-18T19:25:55.8581610Z    | |    / _ \ / _` |/ _ \/ __/ _ \ \ / /
2025-03-18T19:25:55.8582009Z    | |___| (_) | (_| |  __/ (_| (_) \ V /
2025-03-18T19:25:55.8582373Z     \_____\___/ \__,_|\___|\___\___/ \_/
2025-03-18T19:25:55.8583117Z                            [0;31m Wrapper-0.2.0[0m
2025-03-18T19:25:55.8583558Z                                   
2025-03-18T19:25:55.8638037Z [0;32m==>[0m Detected [0;36mlinux[0m
2025-03-18T19:25:55.8638733Z [0;32m ->[0m Downloading [0;36mhttps://cli.codecov.io/latest/linux/codecov[0m
2025-03-18T19:25:55.8712001Z   % Total    % Received % Xferd  Average Speed   Time    Time     Time  Current
2025-03-18T19:25:55.8713148Z                                  Dload  Upload   Total   Spent    Left  Speed
2025-03-18T19:25:55.8713496Z 
2025-03-18T19:25:56.2203824Z   0     0    0     0    0     0      0      0 --:--:-- --:--:-- --:--:--     0
2025-03-18T19:25:56.8979653Z   0 27.5M    0   99k    0     0   283k      0  0:01:39 --:--:--  0:01:39  283k
2025-03-18T19:25:56.8980382Z 100 27.5M  100 27.5M    0     0  26.8M      0  0:00:01  0:00:01 --:--:-- 26.8M
2025-03-18T19:25:56.9003841Z [0;32m==>[0m Finishing downloading [0;36mlinux:latest[0m
2025-03-18T19:25:56.9640052Z       Version: [0;36mv10.2.1[0m
2025-03-18T19:25:56.9640331Z  
2025-03-18T19:25:57.3201611Z gpg: directory '/home/runner/.gnupg' created
2025-03-18T19:25:57.3204904Z gpg: keybox '/home/runner/.gnupg/pubring.kbx' created
2025-03-18T19:25:57.3222092Z gpg: /home/runner/.gnupg/trustdb.gpg: trustdb created
2025-03-18T19:25:57.3223397Z gpg: key 806BB28AED779869: public key "Codecov Uploader (Codecov Uploader Verification Key) <security@codecov.io>" imported
2025-03-18T19:25:57.3814882Z gpg: Total number processed: 1
2025-03-18T19:25:57.3815296Z gpg:               imported: 1
2025-03-18T19:25:57.3820617Z [0;32m==>[0m Verifying GPG signature integrity
2025-03-18T19:25:57.3821298Z [0;32m ->[0m Downloading [0;36mhttps://cli.codecov.io/latest/linux/codecov.SHA256SUM[0m
2025-03-18T19:25:57.3821931Z [0;32m ->[0m Downloading [0;36mhttps://cli.codecov.io/latest/linux/codecov.SHA256SUM.sig[0m
2025-03-18T19:25:57.3822311Z  
2025-03-18T19:25:57.6491437Z gpg: Signature made Wed Mar 12 16:00:55 2025 UTC
2025-03-18T19:25:57.6492059Z gpg:                using RSA key 27034E7FDB850E0BBC2C62FF806BB28AED779869
2025-03-18T19:25:57.6495094Z gpg: Good signature from "Codecov Uploader (Codecov Uploader Verification Key) <security@codecov.io>" [unknown]
2025-03-18T19:25:57.6496068Z gpg: WARNING: This key is not certified with a trusted signature!
2025-03-18T19:25:57.6496743Z gpg:          There is no indication that the signature belongs to the owner.
2025-03-18T19:25:57.6497452Z Primary key fingerprint: 2703 4E7F DB85 0E0B BC2C  62FF 806B B28A ED77 9869
2025-03-18T19:25:57.8795277Z codecov: OK
2025-03-18T19:25:57.8805813Z [0;32m==>[0m CLI integrity verified
2025-03-18T19:25:57.8806113Z 
2025-03-18T19:25:57.8889246Z [0;32m ->[0m Token of length 36 detected
2025-03-18T19:25:57.9430892Z [0;32m==>[0m Running upload-coverage
2025-03-18T19:25:57.9440449Z       [0;36m./codecov  upload-coverage -t <redacted> --git-service github --sha b9661910528bcde90c3fa7b3294704d8a7426995 --gcov-executable gcov --name 3.9[0m
2025-03-18T19:25:58.5751447Z info - 2025-03-18 19:25:58,574 -- ci service found: github-actions
2025-03-18T19:25:58.5999429Z warning - 2025-03-18 19:25:58,599 -- xcrun is not installed or can't be found.
2025-03-18T19:25:58.6415900Z warning - 2025-03-18 19:25:58,641 -- No gcov data found.
2025-03-18T19:25:58.6418651Z warning - 2025-03-18 19:25:58,641 -- coverage.py is not installed or can't be found.
2025-03-18T19:25:58.6512346Z info - 2025-03-18 19:25:58,651 -- Found 1 coverage files to report
2025-03-18T19:25:58.6513266Z info - 2025-03-18 19:25:58,651 -- > /home/runner/work/tinuous/tinuous/coverage.xml
2025-03-18T19:25:59.3823531Z info - 2025-03-18 19:25:59,381 -- Your upload is now processing. When finished, results will be available at: https://app.codecov.io/github/con/tinuous/commit/b9661910528bcde90c3fa7b3294704d8a7426995
2025-03-18T19:25:59.8511795Z info - 2025-03-18 19:25:59,850 -- Process Upload complete
2025-03-18T19:26:00.0352599Z Post job cleanup.
2025-03-18T19:26:00.2032315Z Post job cleanup.
2025-03-18T19:26:00.2961315Z [command]/usr/bin/git version
2025-03-18T19:26:00.3000483Z git version 2.48.1
2025-03-18T19:26:00.3047360Z Copying '/home/runner/.gitconfig' to '/home/runner/work/_temp/ce75bbd1-0470-4280-b9de-cbb925ebc10e/.gitconfig'
2025-03-18T19:26:00.3057128Z Temporarily overriding HOME='/home/runner/work/_temp/ce75bbd1-0470-4280-b9de-cbb925ebc10e' before making global git config changes
2025-03-18T19:26:00.3057942Z Adding repository directory to the temporary git global config as a safe directory
2025-03-18T19:26:00.3062430Z [command]/usr/bin/git config --global --add safe.directory /home/runner/work/tinuous/tinuous
2025-03-18T19:26:00.3097525Z [command]/usr/bin/git config --local --name-only --get-regexp core\.sshCommand
2025-03-18T19:26:00.3128536Z [command]/usr/bin/git submodule foreach --recursive sh -c "git config --local --name-only --get-regexp 'core\.sshCommand' && git config --local --unset-all 'core.sshCommand' || :"
2025-03-18T19:26:00.3372285Z [command]/usr/bin/git config --local --name-only --get-regexp http\.https\:\/\/github\.com\/\.extraheader
2025-03-18T19:26:00.3394876Z http.https://github.com/.extraheader
2025-03-18T19:26:00.3412828Z [command]/usr/bin/git config --local --unset-all http.https://github.com/.extraheader
2025-03-18T19:26:00.3448481Z [command]/usr/bin/git submodule foreach --recursive sh -c "git config --local --name-only --get-regexp 'http\.https\:\/\/github\.com\/\.extraheader' && git config --local --unset-all 'http.https://github.com/.extraheader' || :"
2025-03-18T19:26:00.3816975Z Cleaning up orphan processes
