2021-04-27T21:04:20.2469546Z ##[section]Starting: Request a runner to run this job
2021-04-27T21:04:20.4885574Z Can't find any online and idle self-hosted runner in current repository that matches the required labels: 'ubuntu-latest'
2021-04-27T21:04:20.4885687Z Can't find any online and idle self-hosted runner in current repository's account/organization that matches the required labels: 'ubuntu-latest'
2021-04-27T21:04:20.4885897Z Found online and idle hosted runner in current repository's account/organization that matches the required labels: 'ubuntu-latest'
2021-04-27T21:04:20.6540971Z ##[section]Finishing: Request a runner to run this job
2021-04-27T21:04:27.8319481Z Current runner version: '2.278.0'
2021-04-27T21:04:27.8350812Z ##[group]Operating System
2021-04-27T21:04:27.8351791Z Ubuntu
2021-04-27T21:04:27.8352347Z 20.04.2
2021-04-27T21:04:27.8352803Z LTS
2021-04-27T21:04:27.8353359Z ##[endgroup]
2021-04-27T21:04:27.8353958Z ##[group]Virtual Environment
2021-04-27T21:04:27.8354720Z Environment: ubuntu-20.04
2021-04-27T21:04:27.8355332Z Version: 20210425.1
2021-04-27T21:04:27.8356481Z Included Software: https://github.com/actions/virtual-environments/blob/ubuntu20/20210425.1/images/linux/Ubuntu2004-README.md
2021-04-27T21:04:27.8358059Z Image Release: https://github.com/actions/virtual-environments/releases/tag/ubuntu20%2F20210425.1
2021-04-27T21:04:27.8359084Z ##[endgroup]
2021-04-27T21:04:27.8361369Z ##[group]GITHUB_TOKEN Permissions
2021-04-27T21:04:27.8362805Z Actions: write
2021-04-27T21:04:27.8363350Z Checks: write
2021-04-27T21:04:27.8363987Z Contents: write
2021-04-27T21:04:27.8364682Z Deployments: write
2021-04-27T21:04:27.8365361Z Issues: write
2021-04-27T21:04:27.8365925Z Metadata: read
2021-04-27T21:04:27.8366504Z Packages: write
2021-04-27T21:04:27.8367053Z PullRequests: write
2021-04-27T21:04:27.8367732Z RepositoryProjects: write
2021-04-27T21:04:27.8368398Z SecurityEvents: write
2021-04-27T21:04:27.8369003Z Statuses: write
2021-04-27T21:04:27.8369597Z ##[endgroup]
2021-04-27T21:04:27.8372667Z Prepare workflow directory
2021-04-27T21:04:27.9012827Z Prepare all required actions
2021-04-27T21:04:27.9024604Z Getting action download info
2021-04-27T21:04:28.3568372Z Download action repository 'actions/checkout@v2'
2021-04-27T21:04:30.4127563Z Download action repository 'actions/setup-python@v2'
2021-04-27T21:04:30.8869229Z ##[group]Run actions/checkout@v2
2021-04-27T21:04:30.8869752Z with:
2021-04-27T21:04:30.8870120Z   repository: con/tinuous
2021-04-27T21:04:30.8870884Z   token: ***
2021-04-27T21:04:30.8871249Z   ssh-strict: true
2021-04-27T21:04:30.8871685Z   persist-credentials: true
2021-04-27T21:04:30.8872115Z   clean: true
2021-04-27T21:04:30.8872471Z   fetch-depth: 1
2021-04-27T21:04:30.8872845Z   lfs: false
2021-04-27T21:04:30.8873193Z   submodules: false
2021-04-27T21:04:30.8873570Z ##[endgroup]
2021-04-27T21:04:31.1160663Z Syncing repository: con/tinuous
2021-04-27T21:04:31.1162804Z ##[group]Getting Git version info
2021-04-27T21:04:31.1164084Z Working directory is '/home/runner/work/tinuous/tinuous'
2021-04-27T21:04:31.1203061Z [command]/usr/bin/git version
2021-04-27T21:04:31.1357843Z git version 2.31.1
2021-04-27T21:04:31.1378991Z ##[endgroup]
2021-04-27T21:04:31.1385034Z Deleting the contents of '/home/runner/work/tinuous/tinuous'
2021-04-27T21:04:31.1388775Z ##[group]Initializing the repository
2021-04-27T21:04:31.1392469Z [command]/usr/bin/git init /home/runner/work/tinuous/tinuous
2021-04-27T21:04:31.1460912Z hint: Using 'master' as the name for the initial branch. This default branch name
2021-04-27T21:04:31.1462068Z hint: is subject to change. To configure the initial branch name to use in all
2021-04-27T21:04:31.1463110Z hint: of your new repositories, which will suppress this warning, call:
2021-04-27T21:04:31.1463925Z hint: 
2021-04-27T21:04:31.1464888Z hint: 	git config --global init.defaultBranch <name>
2021-04-27T21:04:31.1465667Z hint: 
2021-04-27T21:04:31.1466609Z hint: Names commonly chosen instead of 'master' are 'main', 'trunk' and
2021-04-27T21:04:31.1467834Z hint: 'development'. The just-created branch can be renamed via this command:
2021-04-27T21:04:31.1468647Z hint: 
2021-04-27T21:04:31.1469410Z hint: 	git branch -m <name>
2021-04-27T21:04:31.1485905Z Initialized empty Git repository in /home/runner/work/tinuous/tinuous/.git/
2021-04-27T21:04:31.1496796Z [command]/usr/bin/git remote add origin https://github.com/con/tinuous
2021-04-27T21:04:31.1538727Z ##[endgroup]
2021-04-27T21:04:31.1539759Z ##[group]Disabling automatic garbage collection
2021-04-27T21:04:31.1543487Z [command]/usr/bin/git config --local gc.auto 0
2021-04-27T21:04:31.1577461Z ##[endgroup]
2021-04-27T21:04:31.1581968Z ##[group]Setting up auth
2021-04-27T21:04:31.1589143Z [command]/usr/bin/git config --local --name-only --get-regexp core\.sshCommand
2021-04-27T21:04:31.1621962Z [command]/usr/bin/git submodule foreach --recursive git config --local --name-only --get-regexp 'core\.sshCommand' && git config --local --unset-all 'core.sshCommand' || :
2021-04-27T21:04:31.1995813Z [command]/usr/bin/git config --local --name-only --get-regexp http\.https\:\/\/github\.com\/\.extraheader
2021-04-27T21:04:31.2026412Z [command]/usr/bin/git submodule foreach --recursive git config --local --name-only --get-regexp 'http\.https\:\/\/github\.com\/\.extraheader' && git config --local --unset-all 'http.https://github.com/.extraheader' || :
2021-04-27T21:04:31.2258972Z [command]/usr/bin/git config --local http.https://github.com/.extraheader AUTHORIZATION: basic ***
2021-04-27T21:04:31.2303025Z ##[endgroup]
2021-04-27T21:04:31.2304163Z ##[group]Fetching the repository
2021-04-27T21:04:31.2312433Z [command]/usr/bin/git -c protocol.version=2 fetch --no-tags --prune --progress --no-recurse-submodules --depth=1 origin +52f70b274cb6b6440ebef5c083520c57c291156e:refs/remotes/origin/fix-tests
2021-04-27T21:04:31.6103564Z remote: Enumerating objects: 20, done.        
2021-04-27T21:04:31.6104692Z remote: Counting objects:   5% (1/20)        
2021-04-27T21:04:31.6105490Z remote: Counting objects:  10% (2/20)        
2021-04-27T21:04:31.6106274Z remote: Counting objects:  15% (3/20)        
2021-04-27T21:04:31.6107036Z remote: Counting objects:  20% (4/20)        
2021-04-27T21:04:31.6107810Z remote: Counting objects:  25% (5/20)        
2021-04-27T21:04:31.6108560Z remote: Counting objects:  30% (6/20)        
2021-04-27T21:04:31.6109490Z remote: Counting objects:  35% (7/20)        
2021-04-27T21:04:31.6110295Z remote: Counting objects:  40% (8/20)        
2021-04-27T21:04:31.6111059Z remote: Counting objects:  45% (9/20)        
2021-04-27T21:04:31.6111834Z remote: Counting objects:  50% (10/20)        
2021-04-27T21:04:31.6112592Z remote: Counting objects:  55% (11/20)        
2021-04-27T21:04:31.6113382Z remote: Counting objects:  60% (12/20)        
2021-04-27T21:04:31.6114152Z remote: Counting objects:  65% (13/20)        
2021-04-27T21:04:31.6114907Z remote: Counting objects:  70% (14/20)        
2021-04-27T21:04:31.6115679Z remote: Counting objects:  75% (15/20)        
2021-04-27T21:04:31.6116507Z remote: Counting objects:  80% (16/20)        
2021-04-27T21:04:31.6117357Z remote: Counting objects:  85% (17/20)        
2021-04-27T21:04:31.6117982Z remote: Counting objects:  90% (18/20)        
2021-04-27T21:04:31.6118589Z remote: Counting objects:  95% (19/20)        
2021-04-27T21:04:31.6119208Z remote: Counting objects: 100% (20/20)        
2021-04-27T21:04:31.6119834Z remote: Counting objects: 100% (20/20), done.        
2021-04-27T21:04:31.6120497Z remote: Compressing objects:   6% (1/15)        
2021-04-27T21:04:31.6121546Z remote: Compressing objects:  13% (2/15)        
2021-04-27T21:04:31.6122258Z remote: Compressing objects:  20% (3/15)        
2021-04-27T21:04:31.6122965Z remote: Compressing objects:  26% (4/15)        
2021-04-27T21:04:31.6123668Z remote: Compressing objects:  33% (5/15)        
2021-04-27T21:04:31.6124555Z remote: Compressing objects:  40% (6/15)        
2021-04-27T21:04:31.6125359Z remote: Compressing objects:  46% (7/15)        
2021-04-27T21:04:31.6126179Z remote: Compressing objects:  53% (8/15)        
2021-04-27T21:04:31.6126987Z remote: Compressing objects:  60% (9/15)        
2021-04-27T21:04:31.6127807Z remote: Compressing objects:  66% (10/15)        
2021-04-27T21:04:31.6128631Z remote: Compressing objects:  73% (11/15)        
2021-04-27T21:04:31.6129445Z remote: Compressing objects:  80% (12/15)        
2021-04-27T21:04:31.6130265Z remote: Compressing objects:  86% (13/15)        
2021-04-27T21:04:31.6131085Z remote: Compressing objects:  93% (14/15)        
2021-04-27T21:04:31.6131896Z remote: Compressing objects: 100% (15/15)        
2021-04-27T21:04:31.6132843Z remote: Compressing objects: 100% (15/15), done.        
2021-04-27T21:04:31.6134412Z remote: Total 20 (delta 1), reused 14 (delta 1), pack-reused 0        
2021-04-27T21:04:31.6135477Z From https://github.com/con/tinuous
2021-04-27T21:04:31.6136716Z  * [new ref]         52f70b274cb6b6440ebef5c083520c57c291156e -> origin/fix-tests
2021-04-27T21:04:31.6137717Z ##[endgroup]
2021-04-27T21:04:31.6138438Z ##[group]Determining the checkout info
2021-04-27T21:04:31.6139197Z ##[endgroup]
2021-04-27T21:04:31.6139829Z ##[group]Checking out the ref
2021-04-27T21:04:31.6140989Z [command]/usr/bin/git checkout --progress --force -B fix-tests refs/remotes/origin/fix-tests
2021-04-27T21:04:31.6142095Z Switched to a new branch 'fix-tests'
2021-04-27T21:04:31.6143193Z Branch 'fix-tests' set up to track remote branch 'fix-tests' from 'origin'.
2021-04-27T21:04:31.6144014Z ##[endgroup]
2021-04-27T21:04:31.6144833Z [command]/usr/bin/git log -1 --format='%H'
2021-04-27T21:04:31.6145851Z '52f70b274cb6b6440ebef5c083520c57c291156e'
2021-04-27T21:04:31.6266806Z ##[group]Run actions/setup-python@v2
2021-04-27T21:04:31.6267418Z with:
2021-04-27T21:04:31.6267965Z   python-version: 3.8
2021-04-27T21:04:31.6269005Z   token: ***
2021-04-27T21:04:31.6269504Z ##[endgroup]
2021-04-27T21:04:31.6888501Z Successfully setup CPython (3.8.9)
2021-04-27T21:04:31.6946229Z ##[group]Run python -m pip install --upgrade pip wheel
2021-04-27T21:04:31.6947303Z [36;1mpython -m pip install --upgrade pip wheel[0m
2021-04-27T21:04:31.6947848Z [36;1mpython -m pip install .[0m
2021-04-27T21:04:31.6991377Z shell: /usr/bin/bash -e {0}
2021-04-27T21:04:31.6991835Z env:
2021-04-27T21:04:31.6992398Z   pythonLocation: /opt/hostedtoolcache/Python/3.8.9/x64
2021-04-27T21:04:31.6993114Z   LD_LIBRARY_PATH: /opt/hostedtoolcache/Python/3.8.9/x64/lib
2021-04-27T21:04:31.6993674Z ##[endgroup]
2021-04-27T21:04:32.4163573Z WARNING: Value for scheme.headers does not match. Please report this to <https://github.com/pypa/pip/issues/9617>
2021-04-27T21:04:32.4165653Z Requirement already satisfied: pip in /opt/hostedtoolcache/Python/3.8.9/x64/lib/python3.8/site-packages (21.1)
2021-04-27T21:04:32.4173986Z distutils: /opt/hostedtoolcache/Python/3.8.9/x64/include/python3.8/UNKNOWN
2021-04-27T21:04:32.4175699Z sysconfig: /opt/hostedtoolcache/Python/3.8.9/x64/include/python3.8
2021-04-27T21:04:32.4176787Z WARNING: Additional context:
2021-04-27T21:04:32.4177507Z user = False
2021-04-27T21:04:32.4178092Z home = None
2021-04-27T21:04:32.4178688Z root = None
2021-04-27T21:04:32.4179295Z prefix = None
2021-04-27T21:04:32.4874436Z Collecting wheel
2021-04-27T21:04:32.5290860Z   Downloading wheel-0.36.2-py2.py3-none-any.whl (35 kB)
2021-04-27T21:04:32.5819810Z Installing collected packages: wheel
2021-04-27T21:04:32.6141044Z WARNING: Value for scheme.headers does not match. Please report this to <https://github.com/pypa/pip/issues/9617>
2021-04-27T21:04:32.6143311Z distutils: /opt/hostedtoolcache/Python/3.8.9/x64/include/python3.8/UNKNOWN
2021-04-27T21:04:32.6145104Z sysconfig: /opt/hostedtoolcache/Python/3.8.9/x64/include/python3.8
2021-04-27T21:04:32.6148496Z WARNING: Additional context:
2021-04-27T21:04:32.6149600Z user = False
2021-04-27T21:04:32.6150465Z home = None
2021-04-27T21:04:32.6151285Z root = None
2021-04-27T21:04:32.6152152Z prefix = None
2021-04-27T21:04:32.6154188Z Successfully installed wheel-0.36.2
2021-04-27T21:04:33.0718017Z WARNING: Value for scheme.headers does not match. Please report this to <https://github.com/pypa/pip/issues/9617>
2021-04-27T21:04:33.0723368Z distutils: /opt/hostedtoolcache/Python/3.8.9/x64/include/python3.8/UNKNOWN
2021-04-27T21:04:33.0725989Z sysconfig: /opt/hostedtoolcache/Python/3.8.9/x64/include/python3.8
2021-04-27T21:04:33.0728311Z WARNING: Additional context:
2021-04-27T21:04:33.0757674Z user = False
2021-04-27T21:04:33.0758709Z home = None
2021-04-27T21:04:33.0759687Z root = None
2021-04-27T21:04:33.0797095Z prefix = None
2021-04-27T21:04:33.1592416Z   DEPRECATION: A future pip version will change local packages to be built in-place without first copying to a temporary directory. We recommend you use --use-feature=in-tree-build to test your packages with this new behavior before it becomes the default.
2021-04-27T21:04:33.1594849Z Processing /home/runner/work/tinuous/tinuous
2021-04-27T21:04:33.1597159Z    pip 21.3 will remove support for this functionality. You can find discussion regarding this at https://github.com/pypa/pip/issues/7555.
2021-04-27T21:04:33.4057975Z   Installing build dependencies: started
2021-04-27T21:04:35.7885934Z   Installing build dependencies: finished with status 'done'
2021-04-27T21:04:35.7935941Z   Getting requirements to build wheel: started
2021-04-27T21:04:36.1094956Z   Getting requirements to build wheel: finished with status 'done'
2021-04-27T21:04:36.1139898Z     Preparing wheel metadata: started
2021-04-27T21:04:36.3547577Z     Preparing wheel metadata: finished with status 'done'
2021-04-27T21:04:36.4606736Z Collecting PyGithub~=1.53
2021-04-27T21:04:36.4951228Z   Downloading PyGithub-1.55-py3-none-any.whl (291 kB)
2021-04-27T21:04:36.5471756Z Collecting in-place~=0.4
2021-04-27T21:04:36.5556505Z   Downloading in_place-0.5.0-py3-none-any.whl (9.1 kB)
2021-04-27T21:04:36.5969304Z Collecting python-dateutil~=2.7
2021-04-27T21:04:36.6051469Z   Downloading python_dateutil-2.8.1-py2.py3-none-any.whl (227 kB)
2021-04-27T21:04:36.6751046Z Collecting click~=7.0
2021-04-27T21:04:36.6917031Z   Downloading click-7.1.2-py2.py3-none-any.whl (82 kB)
2021-04-27T21:04:36.7875449Z Collecting PyYAML~=5.0
2021-04-27T21:04:36.7974894Z   Downloading PyYAML-5.4.1-cp38-cp38-manylinux1_x86_64.whl (662 kB)
2021-04-27T21:04:36.8575882Z Collecting click-loglevel~=0.2
2021-04-27T21:04:36.8660466Z   Downloading click_loglevel-0.3.0-py3-none-any.whl (5.0 kB)
2021-04-27T21:04:37.0269682Z Collecting pydantic~=1.7
2021-04-27T21:04:37.0351019Z   Downloading pydantic-1.8.1-cp38-cp38-manylinux2014_x86_64.whl (13.7 MB)
2021-04-27T21:04:37.3692173Z Collecting datalad~=0.14
2021-04-27T21:04:37.3845119Z   Downloading datalad-0.14.2.tar.gz (1.6 MB)
2021-04-27T21:04:37.6998163Z   Installing build dependencies: started
2021-04-27T21:04:40.9133941Z   Installing build dependencies: finished with status 'done'
2021-04-27T21:04:40.9164078Z   Getting requirements to build wheel: started
2021-04-27T21:04:40.9165547Z   Getting requirements to build wheel: finished with status 'done'
2021-04-27T21:04:40.9166330Z     Preparing wheel metadata: started
2021-04-27T21:04:40.9167237Z     Preparing wheel metadata: finished with status 'done'
2021-04-27T21:04:40.9685015Z Collecting requests~=2.20
2021-04-27T21:04:40.9763776Z   Downloading requests-2.25.1-py2.py3-none-any.whl (61 kB)
2021-04-27T21:04:41.1477844Z Collecting appdirs
2021-04-27T21:04:41.1570081Z   Downloading appdirs-1.4.4-py2.py3-none-any.whl (9.6 kB)
2021-04-27T21:04:41.2715223Z Collecting whoosh
2021-04-27T21:04:41.2816039Z   Downloading Whoosh-2.7.4-py2.py3-none-any.whl (468 kB)
2021-04-27T21:04:41.3149333Z Collecting distro
2021-04-27T21:04:41.3229406Z   Downloading distro-1.5.0-py2.py3-none-any.whl (18 kB)
2021-04-27T21:04:41.4050069Z Collecting msgpack
2021-04-27T21:04:41.4187248Z   Downloading msgpack-1.0.2-cp38-cp38-manylinux1_x86_64.whl (302 kB)
2021-04-27T21:04:41.4517121Z Collecting fasteners>=0.14
2021-04-27T21:04:41.4653387Z   Downloading fasteners-0.16-py2.py3-none-any.whl (28 kB)
2021-04-27T21:04:41.5030144Z Collecting keyrings.alt
2021-04-27T21:04:41.5117505Z   Downloading keyrings.alt-4.0.2-py3-none-any.whl (20 kB)
2021-04-27T21:04:41.5928628Z Collecting boto
2021-04-27T21:04:41.6033405Z   Downloading boto-2.49.0-py2.py3-none-any.whl (1.4 MB)
2021-04-27T21:04:41.6537991Z Collecting annexremote
2021-04-27T21:04:41.6621475Z   Downloading annexremote-1.5.0-py3-none-any.whl (25 kB)
2021-04-27T21:04:41.6893180Z Collecting chardet>=3.0.4
2021-04-27T21:04:41.6976341Z   Downloading chardet-4.0.0-py2.py3-none-any.whl (178 kB)
2021-04-27T21:04:41.7325030Z Collecting humanize
2021-04-27T21:04:41.7415126Z   Downloading humanize-3.4.1-py3-none-any.whl (73 kB)
2021-04-27T21:04:41.7676725Z Collecting patool>=1.7
2021-04-27T21:04:41.7775793Z   Downloading patool-1.12-py2.py3-none-any.whl (77 kB)
2021-04-27T21:04:41.8047562Z Collecting wrapt
2021-04-27T21:04:41.8127561Z   Downloading wrapt-1.12.1.tar.gz (27 kB)
2021-04-27T21:04:42.2019200Z Collecting jsmin
2021-04-27T21:04:42.2105175Z   Downloading jsmin-2.2.2.tar.gz (12 kB)
2021-04-27T21:04:42.5474598Z Collecting tqdm
2021-04-27T21:04:42.5578947Z   Downloading tqdm-4.60.0-py2.py3-none-any.whl (75 kB)
2021-04-27T21:04:42.6556730Z Collecting simplejson
2021-04-27T21:04:42.6641674Z   Downloading simplejson-3.17.2-cp38-cp38-manylinux2010_x86_64.whl (137 kB)
2021-04-27T21:04:42.6947211Z Collecting iso8601
2021-04-27T21:04:42.7025433Z   Downloading iso8601-0.1.14-py2.py3-none-any.whl (9.5 kB)
2021-04-27T21:04:42.8144190Z Collecting keyring>=8.0
2021-04-27T21:04:42.8231234Z   Downloading keyring-23.0.1-py3-none-any.whl (33 kB)
2021-04-27T21:04:42.8656499Z Collecting six
2021-04-27T21:04:42.8742304Z   Downloading six-1.15.0-py2.py3-none-any.whl (10 kB)
2021-04-27T21:04:43.0458523Z Collecting jeepney>=0.4.2
2021-04-27T21:04:43.0534478Z   Downloading jeepney-0.6.0-py3-none-any.whl (45 kB)
2021-04-27T21:04:43.1338802Z Collecting importlib-metadata>=3.6
2021-04-27T21:04:43.1412887Z   Downloading importlib_metadata-4.0.1-py3-none-any.whl (16 kB)
2021-04-27T21:04:43.1710780Z Collecting SecretStorage>=3.2
2021-04-27T21:04:43.1801596Z   Downloading SecretStorage-3.3.1-py3-none-any.whl (15 kB)
2021-04-27T21:04:43.2418239Z Collecting zipp>=0.5
2021-04-27T21:04:43.2527783Z   Downloading zipp-3.4.1-py3-none-any.whl (5.2 kB)
2021-04-27T21:04:43.2952924Z Collecting typing-extensions>=3.7.4.3
2021-04-27T21:04:43.3037370Z   Downloading typing_extensions-3.7.4.3-py3-none-any.whl (22 kB)
2021-04-27T21:04:43.3648126Z Collecting pyjwt>=2.0
2021-04-27T21:04:43.3731292Z   Downloading PyJWT-2.0.1-py3-none-any.whl (15 kB)
2021-04-27T21:04:43.4344196Z Collecting pynacl>=1.4.0
2021-04-27T21:04:43.4428980Z   Downloading PyNaCl-1.4.0-cp35-abi3-manylinux1_x86_64.whl (961 kB)
2021-04-27T21:04:43.4906393Z Collecting deprecated
2021-04-27T21:04:43.4978988Z   Downloading Deprecated-1.2.12-py2.py3-none-any.whl (9.5 kB)
2021-04-27T21:04:43.8352300Z Collecting cffi>=1.4.1
2021-04-27T21:04:43.8467393Z   Downloading cffi-1.14.5-cp38-cp38-manylinux1_x86_64.whl (411 kB)
2021-04-27T21:04:43.8824315Z Collecting pycparser
2021-04-27T21:04:43.8905845Z   Downloading pycparser-2.20-py2.py3-none-any.whl (112 kB)
2021-04-27T21:04:43.9934413Z Collecting urllib3<1.27,>=1.21.1
2021-04-27T21:04:44.0062189Z   Downloading urllib3-1.26.4-py2.py3-none-any.whl (153 kB)
2021-04-27T21:04:44.0917559Z Collecting certifi>=2017.4.17
2021-04-27T21:04:44.0997281Z   Downloading certifi-2020.12.5-py2.py3-none-any.whl (147 kB)
2021-04-27T21:04:44.1314919Z Collecting idna<3,>=2.5
2021-04-27T21:04:44.1393126Z   Downloading idna-2.10-py2.py3-none-any.whl (58 kB)
2021-04-27T21:04:44.6085054Z Collecting cryptography>=2.0
2021-04-27T21:04:44.6231730Z   Downloading cryptography-3.4.7-cp36-abi3-manylinux2014_x86_64.whl (3.2 MB)
2021-04-27T21:04:44.7814066Z Collecting future
2021-04-27T21:04:44.7897042Z   Downloading future-0.18.2.tar.gz (829 kB)
2021-04-27T21:04:45.1904956Z Requirement already satisfied: setuptools in /opt/hostedtoolcache/Python/3.8.9/x64/lib/python3.8/site-packages (from humanize->datalad~=0.14->tinuous==0+untagged.1.g52f70b2) (49.2.1)
2021-04-27T21:04:45.2973972Z Building wheels for collected packages: tinuous, datalad, wrapt, future, jsmin
2021-04-27T21:04:45.2982579Z   Building wheel for tinuous (PEP 517): started
2021-04-27T21:04:45.5854386Z   Building wheel for tinuous (PEP 517): finished with status 'done'
2021-04-27T21:04:45.5873314Z   Created wheel for tinuous: filename=tinuous-0+untagged.1.g52f70b2-py3-none-any.whl size=14228 sha256=e3ab6b28cd879635d08bfbb5275768e4df4a4683326026d0ee166646e2ce119e
2021-04-27T21:04:45.5876562Z   Stored in directory: /tmp/pip-ephem-wheel-cache-lc00ep8a/wheels/c3/66/fd/aa40fe57fc56b6eafce6be9c19ebd0e1315c64984fda7c47af
2021-04-27T21:04:45.5930262Z   Building wheel for datalad (PEP 517): started
2021-04-27T21:04:46.4402530Z   Building wheel for datalad (PEP 517): finished with status 'done'
2021-04-27T21:04:46.4481042Z   Created wheel for datalad: filename=datalad-0.14.2-py3-none-any.whl size=1603393 sha256=c9992f59cb9147b7a44d57a15975a840a80d864aeef8aad4631208d6e0fc2bda
2021-04-27T21:04:46.4483175Z   Stored in directory: /home/runner/.cache/pip/wheels/5f/d3/15/1e36a77a4d222a134678396152e3b066be4d289e731045fa5a
2021-04-27T21:04:46.4543014Z   Building wheel for wrapt (setup.py): started
2021-04-27T21:04:47.6137852Z   Building wheel for wrapt (setup.py): finished with status 'done'
2021-04-27T21:04:47.6150281Z   Created wheel for wrapt: filename=wrapt-1.12.1-cp38-cp38-linux_x86_64.whl size=81801 sha256=2fbeb60a6c4363a41781e7ffa10865da011de86c8d2ddb05a5dca828d34dfe17
2021-04-27T21:04:47.6152641Z   Stored in directory: /home/runner/.cache/pip/wheels/5f/fd/9e/b6cf5890494cb8ef0b5eaff72e5d55a70fb56316007d6dfe73
2021-04-27T21:04:47.6180953Z   Building wheel for future (setup.py): started
2021-04-27T21:04:48.0701144Z   Building wheel for future (setup.py): finished with status 'done'
2021-04-27T21:04:48.0733620Z   Created wheel for future: filename=future-0.18.2-py3-none-any.whl size=491059 sha256=7f33078c3bf9a25f521d2d4f4faf1feaa20342e0538c77e10d5395e2882c7328
2021-04-27T21:04:48.0737503Z   Stored in directory: /home/runner/.cache/pip/wheels/8e/70/28/3d6ccd6e315f65f245da085482a2e1c7d14b90b30f239e2cf4
2021-04-27T21:04:48.0779121Z   Building wheel for jsmin (setup.py): started
2021-04-27T21:04:49.0733889Z   Building wheel for jsmin (setup.py): finished with status 'done'
2021-04-27T21:04:49.0743166Z   Created wheel for jsmin: filename=jsmin-2.2.2-py3-none-any.whl size=13920 sha256=0fb92e5504882b4a79bf347354d6b9d095879ff90f8121d4f73a05c74467cf10
2021-04-27T21:04:49.0745423Z   Stored in directory: /home/runner/.cache/pip/wheels/65/b7/04/fc4b059d177fd88f3ca362ad372a15e364b0c5433121c7b135
2021-04-27T21:04:49.0780003Z Successfully built tinuous datalad wrapt future jsmin
2021-04-27T21:04:49.4437418Z Installing collected packages: pycparser, cffi, zipp, wrapt, urllib3, six, jeepney, idna, cryptography, chardet, certifi, SecretStorage, requests, pynacl, pyjwt, importlib-metadata, future, deprecated, whoosh, typing-extensions, tqdm, simplejson, PyGithub, patool, msgpack, keyrings.alt, keyring, jsmin, iso8601, humanize, fasteners, distro, click, boto, appdirs, annexremote, PyYAML, python-dateutil, pydantic, in-place, datalad, click-loglevel, tinuous
2021-04-27T21:04:53.9174506Z WARNING: Value for scheme.headers does not match. Please report this to <https://github.com/pypa/pip/issues/9617>
2021-04-27T21:04:53.9185198Z Successfully installed PyGithub-1.55 PyYAML-5.4.1 SecretStorage-3.3.1 annexremote-1.5.0 appdirs-1.4.4 boto-2.49.0 certifi-2020.12.5 cffi-1.14.5 chardet-4.0.0 click-7.1.2 click-loglevel-0.3.0 cryptography-3.4.7 datalad-0.14.2 deprecated-1.2.12 distro-1.5.0 fasteners-0.16 future-0.18.2 humanize-3.4.1 idna-2.10 importlib-metadata-4.0.1 in-place-0.5.0 iso8601-0.1.14 jeepney-0.6.0 jsmin-2.2.2 keyring-23.0.1 keyrings.alt-4.0.2 msgpack-1.0.2 patool-1.12 pycparser-2.20 pydantic-1.8.1 pyjwt-2.0.1 pynacl-1.4.0 python-dateutil-2.8.1 requests-2.25.1 simplejson-3.17.2 six-1.15.0 tinuous-0+untagged.1.g52f70b2 tqdm-4.60.0 typing-extensions-3.7.4.3 urllib3-1.26.4 whoosh-2.7.4 wrapt-1.12.1 zipp-3.4.1
2021-04-27T21:04:53.9193313Z distutils: /opt/hostedtoolcache/Python/3.8.9/x64/include/python3.8/UNKNOWN
2021-04-27T21:04:53.9195066Z sysconfig: /opt/hostedtoolcache/Python/3.8.9/x64/include/python3.8
2021-04-27T21:04:53.9196650Z WARNING: Additional context:
2021-04-27T21:04:53.9197659Z user = False
2021-04-27T21:04:53.9198411Z home = None
2021-04-27T21:04:53.9199240Z root = None
2021-04-27T21:04:53.9200025Z prefix = None
2021-04-27T21:04:53.9273009Z ##[group]Run tinuous --help
2021-04-27T21:04:53.9273587Z [36;1mtinuous --help[0m
2021-04-27T21:04:53.9316181Z shell: /usr/bin/bash -e {0}
2021-04-27T21:04:53.9316572Z env:
2021-04-27T21:04:53.9317142Z   pythonLocation: /opt/hostedtoolcache/Python/3.8.9/x64
2021-04-27T21:04:53.9317842Z   LD_LIBRARY_PATH: /opt/hostedtoolcache/Python/3.8.9/x64/lib
2021-04-27T21:04:53.9318433Z ##[endgroup]
2021-04-27T21:04:54.0432277Z It is highly recommended to configure Git before using DataLad. Set both 'user.name' and 'user.email' configuration variables.
2021-04-27T21:04:54.0434748Z It is highly recommended to configure Git before using DataLad. Set both 'user.name' and 'user.email' configuration variables.
2021-04-27T21:04:54.6492230Z Usage: tinuous [OPTIONS] COMMAND [ARGS]...
2021-04-27T21:04:54.6493094Z 
2021-04-27T21:04:54.6494294Z   Download build logs from GitHub Actions, Travis, and Appveyor
2021-04-27T21:04:54.6495240Z 
2021-04-27T21:04:54.6495936Z Options:
2021-04-27T21:04:54.6498330Z   -c, --config FILE               Read configuration from the given file
2021-04-27T21:04:54.6499778Z                                   [default: config.yml]
2021-04-27T21:04:54.6500474Z 
2021-04-27T21:04:54.6501876Z   -l, --log-level [NOTSET|DEBUG|INFO|WARNING|ERROR|CRITICAL]
2021-04-27T21:04:54.6503328Z                                   Set logging level  [default: INFO]
2021-04-27T21:04:54.6504938Z   --help                          Show this message and exit.
2021-04-27T21:04:54.6505721Z 
2021-04-27T21:04:54.6506495Z Commands:
2021-04-27T21:04:54.6507336Z   fetch     Download logs
2021-04-27T21:04:54.6508449Z   sanitize  Sanitize secrets in logs
2021-04-27T21:04:54.7062155Z ##[group]Run python -m pip install mypy
2021-04-27T21:04:54.7062921Z [36;1mpython -m pip install mypy[0m
2021-04-27T21:04:54.7110136Z shell: /usr/bin/bash -e {0}
2021-04-27T21:04:54.7110592Z env:
2021-04-27T21:04:54.7111366Z   pythonLocation: /opt/hostedtoolcache/Python/3.8.9/x64
2021-04-27T21:04:54.7112261Z   LD_LIBRARY_PATH: /opt/hostedtoolcache/Python/3.8.9/x64/lib
2021-04-27T21:04:54.7112891Z ##[endgroup]
2021-04-27T21:04:55.0014331Z WARNING: Value for scheme.headers does not match. Please report this to <https://github.com/pypa/pip/issues/9617>
2021-04-27T21:04:55.0017151Z distutils: /opt/hostedtoolcache/Python/3.8.9/x64/include/python3.8/UNKNOWN
2021-04-27T21:04:55.0019216Z sysconfig: /opt/hostedtoolcache/Python/3.8.9/x64/include/python3.8
2021-04-27T21:04:55.0021073Z WARNING: Additional context:
2021-04-27T21:04:55.0022305Z user = False
2021-04-27T21:04:55.0023321Z home = None
2021-04-27T21:04:55.0024342Z root = None
2021-04-27T21:04:55.0025365Z prefix = None
2021-04-27T21:04:55.2319803Z Collecting mypy
2021-04-27T21:04:55.2699317Z   Downloading mypy-0.812-cp38-cp38-manylinux2010_x86_64.whl (22.5 MB)
2021-04-27T21:04:55.7487239Z Collecting mypy-extensions<0.5.0,>=0.4.3
2021-04-27T21:04:55.7562741Z   Downloading mypy_extensions-0.4.3-py2.py3-none-any.whl (4.5 kB)
2021-04-27T21:04:55.7605001Z Requirement already satisfied: typing-extensions>=3.7.4 in /opt/hostedtoolcache/Python/3.8.9/x64/lib/python3.8/site-packages (from mypy) (3.7.4.3)
2021-04-27T21:04:55.8849755Z Collecting typed-ast<1.5.0,>=1.4.0
2021-04-27T21:04:55.8954467Z   Downloading typed_ast-1.4.3-cp38-cp38-manylinux1_x86_64.whl (774 kB)
2021-04-27T21:04:56.2571368Z Installing collected packages: typed-ast, mypy-extensions, mypy
2021-04-27T21:04:57.7258592Z WARNING: Value for scheme.headers does not match. Please report this to <https://github.com/pypa/pip/issues/9617>
2021-04-27T21:04:57.7260126Z distutils: /opt/hostedtoolcache/Python/3.8.9/x64/include/python3.8/UNKNOWN
2021-04-27T21:04:57.7261221Z sysconfig: /opt/hostedtoolcache/Python/3.8.9/x64/include/python3.8
2021-04-27T21:04:57.7262175Z WARNING: Additional context:
2021-04-27T21:04:57.7262812Z user = False
2021-04-27T21:04:57.7263374Z home = None
2021-04-27T21:04:57.7263901Z root = None
2021-04-27T21:04:57.7264466Z prefix = None
2021-04-27T21:04:57.7358555Z Successfully installed mypy-0.812 mypy-extensions-0.4.3 typed-ast-1.4.3
2021-04-27T21:04:57.7974861Z ##[group]Run mypy src
2021-04-27T21:04:57.7975339Z [36;1mmypy src[0m
2021-04-27T21:04:57.8015977Z shell: /usr/bin/bash -e {0}
2021-04-27T21:04:57.8016337Z env:
2021-04-27T21:04:57.8016839Z   pythonLocation: /opt/hostedtoolcache/Python/3.8.9/x64
2021-04-27T21:04:57.8017496Z   LD_LIBRARY_PATH: /opt/hostedtoolcache/Python/3.8.9/x64/lib
2021-04-27T21:04:57.8017998Z ##[endgroup]
2021-04-27T21:05:01.0743261Z src/tinuous/_version.py:20: error: Function is missing a return type annotation
2021-04-27T21:05:01.0745390Z  [no-untyped-def]
2021-04-27T21:05:01.0746293Z     def get_keywords():
2021-04-27T21:05:01.0747004Z     ^
2021-04-27T21:05:01.0748132Z src/tinuous/_version.py:37: error: Function is missing a return type annotation
2021-04-27T21:05:01.0749756Z  [no-untyped-def]
2021-04-27T21:05:01.0750568Z     def get_config():
2021-04-27T21:05:01.0751276Z     ^
2021-04-27T21:05:01.0752740Z src/tinuous/_version.py:55: error: Need type annotation for 'LONG_VERSION_PY'
2021-04-27T21:05:01.0754690Z (hint: "LONG_VERSION_PY: Dict[<type>, <type>] = ...")  [var-annotated]
2021-04-27T21:05:01.0755813Z     LONG_VERSION_PY = {}
2021-04-27T21:05:01.0756512Z     ^
2021-04-27T21:05:01.0757984Z src/tinuous/_version.py:56: error: Need type annotation for 'HANDLERS' (hint:
2021-04-27T21:05:01.0759723Z "HANDLERS: Dict[<type>, <type>] = ...")  [var-annotated]
2021-04-27T21:05:01.0760703Z     HANDLERS = {}
2021-04-27T21:05:01.0761789Z     ^
2021-04-27T21:05:01.0762902Z src/tinuous/_version.py:59: error: Function is missing a type annotation 
2021-04-27T21:05:01.0764400Z [no-untyped-def]
2021-04-27T21:05:01.0765479Z     def register_vcs_handler(vcs, method):  # decorator
2021-04-27T21:05:01.0766403Z     ^
2021-04-27T21:05:01.0767470Z src/tinuous/_version.py:61: error: Function is missing a type annotation 
2021-04-27T21:05:01.0768926Z [no-untyped-def]
2021-04-27T21:05:01.0769762Z         def decorate(f):
2021-04-27T21:05:01.0770473Z         ^
2021-04-27T21:05:01.0771576Z src/tinuous/_version.py:70: error: Function is missing a type annotation 
2021-04-27T21:05:01.0773010Z [no-untyped-def]
2021-04-27T21:05:01.0774247Z     def run_command(commands, args, cwd=None, verbose=False, hide_stderr=F...
2021-04-27T21:05:01.0775301Z     ^
2021-04-27T21:05:01.0776401Z src/tinuous/_version.py:105: error: Function is missing a type annotation 
2021-04-27T21:05:01.0777826Z [no-untyped-def]
2021-04-27T21:05:01.0779043Z     def versions_from_parentdir(parentdir_prefix, root, verbose):
2021-04-27T21:05:01.0780085Z     ^
2021-04-27T21:05:01.0781164Z src/tinuous/_version.py:131: error: Function is missing a type annotation 
2021-04-27T21:05:01.0782602Z [no-untyped-def]
2021-04-27T21:05:01.0783615Z     def git_get_keywords(versionfile_abs):
2021-04-27T21:05:01.0784471Z     ^
2021-04-27T21:05:01.0785536Z src/tinuous/_version.py:160: error: Function is missing a type annotation 
2021-04-27T21:05:01.0786979Z [no-untyped-def]
2021-04-27T21:05:01.0788160Z     def git_versions_from_keywords(keywords, tag_prefix, verbose):
2021-04-27T21:05:01.0789115Z     ^
2021-04-27T21:05:01.0789720Z src/tinuous/_version.py:219: error: Function is missing a type annotation 
2021-04-27T21:05:01.0790539Z [no-untyped-def]
2021-04-27T21:05:01.0791219Z     def git_pieces_from_vcs(tag_prefix, root, verbose, run_command=run_com...
2021-04-27T21:05:01.0791813Z     ^
2021-04-27T21:05:01.0792423Z src/tinuous/_version.py:313: error: Function is missing a type annotation 
2021-04-27T21:05:01.0793250Z [no-untyped-def]
2021-04-27T21:05:01.0793753Z     def plus_or_dot(pieces):
2021-04-27T21:05:01.0794157Z     ^
2021-04-27T21:05:01.0794813Z src/tinuous/_version.py:320: error: Function is missing a type annotation 
2021-04-27T21:05:01.0795628Z [no-untyped-def]
2021-04-27T21:05:01.0796158Z     def render_pep440(pieces):
2021-04-27T21:05:01.0796588Z     ^
2021-04-27T21:05:01.0797210Z src/tinuous/_version.py:345: error: Function is missing a type annotation 
2021-04-27T21:05:01.0798015Z [no-untyped-def]
2021-04-27T21:05:01.0798562Z     def render_pep440_pre(pieces):
2021-04-27T21:05:01.0799260Z     ^
2021-04-27T21:05:01.0799884Z src/tinuous/_version.py:361: error: Function is missing a type annotation 
2021-04-27T21:05:01.0800718Z [no-untyped-def]
2021-04-27T21:05:01.0801447Z     def render_pep440_post(pieces):
2021-04-27T21:05:01.0801920Z     ^
2021-04-27T21:05:01.0802528Z src/tinuous/_version.py:388: error: Function is missing a type annotation 
2021-04-27T21:05:01.0803371Z [no-untyped-def]
2021-04-27T21:05:01.0804007Z     def render_pep440_old(pieces):
2021-04-27T21:05:01.0804467Z     ^
2021-04-27T21:05:01.0805077Z src/tinuous/_version.py:410: error: Function is missing a type annotation 
2021-04-27T21:05:01.0805906Z [no-untyped-def]
2021-04-27T21:05:01.0806449Z     def render_git_describe(pieces):
2021-04-27T21:05:01.0806917Z     ^
2021-04-27T21:05:01.0807520Z src/tinuous/_version.py:430: error: Function is missing a type annotation 
2021-04-27T21:05:01.0808338Z [no-untyped-def]
2021-04-27T21:05:01.0808908Z     def render_git_describe_long(pieces):
2021-04-27T21:05:01.0809375Z     ^
2021-04-27T21:05:01.0809997Z src/tinuous/_version.py:450: error: Function is missing a type annotation 
2021-04-27T21:05:01.0810907Z [no-untyped-def]
2021-04-27T21:05:01.0811587Z     def render(pieces, style):
2021-04-27T21:05:01.0812008Z     ^
2021-04-27T21:05:01.0812602Z src/tinuous/_version.py:482: error: Function is missing a return type
2021-04-27T21:05:01.0813452Z annotation  [no-untyped-def]
2021-04-27T21:05:01.0813992Z     def get_versions():
2021-04-27T21:05:01.0814386Z     ^
2021-04-27T21:05:01.6066190Z Found 20 errors in 1 file (checked 2 source files)
2021-04-27T21:05:01.9128375Z ##[error]Process completed with exit code 1.
2021-04-27T21:05:01.9242258Z Post job cleanup.
2021-04-27T21:05:02.0184772Z [command]/usr/bin/git version
2021-04-27T21:05:02.0228449Z git version 2.31.1
2021-04-27T21:05:02.0263914Z [command]/usr/bin/git config --local --name-only --get-regexp core\.sshCommand
2021-04-27T21:05:02.0305657Z [command]/usr/bin/git submodule foreach --recursive git config --local --name-only --get-regexp 'core\.sshCommand' && git config --local --unset-all 'core.sshCommand' || :
2021-04-27T21:05:02.0553011Z [command]/usr/bin/git config --local --name-only --get-regexp http\.https\:\/\/github\.com\/\.extraheader
2021-04-27T21:05:02.0581049Z http.https://github.com/.extraheader
2021-04-27T21:05:02.0590765Z [command]/usr/bin/git config --local --unset-all http.https://github.com/.extraheader
2021-04-27T21:05:02.0624295Z [command]/usr/bin/git submodule foreach --recursive git config --local --name-only --get-regexp 'http\.https\:\/\/github\.com\/\.extraheader' && git config --local --unset-all 'http.https://github.com/.extraheader' || :
2021-04-27T21:05:02.0907790Z Cleaning up orphan processes
