2021-04-27T21:04:20.2474714Z ##[section]Starting: Request a runner to run this job
2021-04-27T21:04:20.4808790Z Can't find any online and idle self-hosted runner in current repository that matches the required labels: 'ubuntu-latest'
2021-04-27T21:04:20.4808929Z Can't find any online and idle self-hosted runner in current repository's account/organization that matches the required labels: 'ubuntu-latest'
2021-04-27T21:04:20.4809346Z Found online and idle hosted runner in current repository's account/organization that matches the required labels: 'ubuntu-latest'
2021-04-27T21:04:20.6536595Z ##[section]Finishing: Request a runner to run this job
2021-04-27T21:04:28.9924865Z Current runner version: '2.278.0'
2021-04-27T21:04:28.9967508Z ##[group]Operating System
2021-04-27T21:04:28.9968661Z Ubuntu
2021-04-27T21:04:28.9969147Z 20.04.2
2021-04-27T21:04:28.9969692Z LTS
2021-04-27T21:04:28.9970192Z ##[endgroup]
2021-04-27T21:04:28.9970909Z ##[group]Virtual Environment
2021-04-27T21:04:28.9971759Z Environment: ubuntu-20.04
2021-04-27T21:04:28.9972391Z Version: 20210425.1
2021-04-27T21:04:28.9973449Z Included Software: https://github.com/actions/virtual-environments/blob/ubuntu20/20210425.1/images/linux/Ubuntu2004-README.md
2021-04-27T21:04:28.9975333Z Image Release: https://github.com/actions/virtual-environments/releases/tag/ubuntu20%2F20210425.1
2021-04-27T21:04:28.9976537Z ##[endgroup]
2021-04-27T21:04:28.9978699Z ##[group]GITHUB_TOKEN Permissions
2021-04-27T21:04:28.9980404Z Actions: write
2021-04-27T21:04:28.9980960Z Checks: write
2021-04-27T21:04:28.9981467Z Contents: write
2021-04-27T21:04:28.9982337Z Deployments: write
2021-04-27T21:04:28.9983045Z Issues: write
2021-04-27T21:04:28.9983622Z Metadata: read
2021-04-27T21:04:28.9984123Z Packages: write
2021-04-27T21:04:28.9985100Z PullRequests: write
2021-04-27T21:04:28.9985792Z RepositoryProjects: write
2021-04-27T21:04:28.9986543Z SecurityEvents: write
2021-04-27T21:04:28.9987173Z Statuses: write
2021-04-27T21:04:28.9988014Z ##[endgroup]
2021-04-27T21:04:28.9991626Z Prepare workflow directory
2021-04-27T21:04:29.0812693Z Prepare all required actions
2021-04-27T21:04:29.0827593Z Getting action download info
2021-04-27T21:04:29.5063442Z Download action repository 'actions/checkout@v2'
2021-04-27T21:04:31.3626134Z Download action repository 'actions/setup-python@v2'
2021-04-27T21:04:31.8684157Z ##[group]Run actions/checkout@v2
2021-04-27T21:04:31.8685219Z with:
2021-04-27T21:04:31.8685887Z   repository: con/tinuous
2021-04-27T21:04:31.8687206Z   token: ***
2021-04-27T21:04:31.8687785Z   ssh-strict: true
2021-04-27T21:04:31.8688524Z   persist-credentials: true
2021-04-27T21:04:31.8689216Z   clean: true
2021-04-27T21:04:31.8689844Z   fetch-depth: 1
2021-04-27T21:04:31.8690431Z   lfs: false
2021-04-27T21:04:31.8691040Z   submodules: false
2021-04-27T21:04:31.8691611Z ##[endgroup]
2021-04-27T21:04:32.1349689Z Syncing repository: con/tinuous
2021-04-27T21:04:32.1359784Z ##[group]Getting Git version info
2021-04-27T21:04:32.1361413Z Working directory is '/home/runner/work/tinuous/tinuous'
2021-04-27T21:04:32.1418009Z [command]/usr/bin/git version
2021-04-27T21:04:32.1646742Z git version 2.31.1
2021-04-27T21:04:32.1688962Z ##[endgroup]
2021-04-27T21:04:32.1697424Z Deleting the contents of '/home/runner/work/tinuous/tinuous'
2021-04-27T21:04:32.1727333Z ##[group]Initializing the repository
2021-04-27T21:04:32.1731765Z [command]/usr/bin/git init /home/runner/work/tinuous/tinuous
2021-04-27T21:04:32.1843384Z hint: Using 'master' as the name for the initial branch. This default branch name
2021-04-27T21:04:32.1844944Z hint: is subject to change. To configure the initial branch name to use in all
2021-04-27T21:04:32.1846163Z hint: of your new repositories, which will suppress this warning, call:
2021-04-27T21:04:32.1847234Z hint: 
2021-04-27T21:04:32.1848464Z hint: 	git config --global init.defaultBranch <name>
2021-04-27T21:04:32.1849520Z hint: 
2021-04-27T21:04:32.1850776Z hint: Names commonly chosen instead of 'master' are 'main', 'trunk' and
2021-04-27T21:04:32.1852278Z hint: 'development'. The just-created branch can be renamed via this command:
2021-04-27T21:04:32.1853364Z hint: 
2021-04-27T21:04:32.1854326Z hint: 	git branch -m <name>
2021-04-27T21:04:32.1869555Z Initialized empty Git repository in /home/runner/work/tinuous/tinuous/.git/
2021-04-27T21:04:32.1885572Z [command]/usr/bin/git remote add origin https://github.com/con/tinuous
2021-04-27T21:04:32.1944974Z ##[endgroup]
2021-04-27T21:04:32.1946301Z ##[group]Disabling automatic garbage collection
2021-04-27T21:04:32.1951102Z [command]/usr/bin/git config --local gc.auto 0
2021-04-27T21:04:32.2003093Z ##[endgroup]
2021-04-27T21:04:32.2008724Z ##[group]Setting up auth
2021-04-27T21:04:32.2018031Z [command]/usr/bin/git config --local --name-only --get-regexp core\.sshCommand
2021-04-27T21:04:32.2059300Z [command]/usr/bin/git submodule foreach --recursive git config --local --name-only --get-regexp 'core\.sshCommand' && git config --local --unset-all 'core.sshCommand' || :
2021-04-27T21:04:32.2609132Z [command]/usr/bin/git config --local --name-only --get-regexp http\.https\:\/\/github\.com\/\.extraheader
2021-04-27T21:04:32.7154749Z [command]/usr/bin/git submodule foreach --recursive git config --local --name-only --get-regexp 'http\.https\:\/\/github\.com\/\.extraheader' && git config --local --unset-all 'http.https://github.com/.extraheader' || :
2021-04-27T21:04:32.7158676Z [command]/usr/bin/git config --local http.https://github.com/.extraheader AUTHORIZATION: basic ***
2021-04-27T21:04:32.7160461Z ##[endgroup]
2021-04-27T21:04:32.7161629Z ##[group]Fetching the repository
2021-04-27T21:04:32.7163813Z [command]/usr/bin/git -c protocol.version=2 fetch --no-tags --prune --progress --no-recurse-submodules --depth=1 origin +52f70b274cb6b6440ebef5c083520c57c291156e:refs/remotes/origin/fix-tests
2021-04-27T21:04:32.7166244Z remote: Enumerating objects: 20, done.        
2021-04-27T21:04:32.7167190Z remote: Counting objects:   5% (1/20)        
2021-04-27T21:04:32.7168278Z remote: Counting objects:  10% (2/20)        
2021-04-27T21:04:32.7169140Z remote: Counting objects:  15% (3/20)        
2021-04-27T21:04:32.7170184Z remote: Counting objects:  20% (4/20)        
2021-04-27T21:04:32.7171291Z remote: Counting objects:  25% (5/20)        
2021-04-27T21:04:32.7172384Z remote: Counting objects:  30% (6/20)        
2021-04-27T21:04:32.7173680Z remote: Counting objects:  35% (7/20)        
2021-04-27T21:04:32.7174570Z remote: Counting objects:  40% (8/20)        
2021-04-27T21:04:32.7175477Z remote: Counting objects:  45% (9/20)        
2021-04-27T21:04:32.7176134Z remote: Counting objects:  50% (10/20)        
2021-04-27T21:04:32.7177236Z remote: Counting objects:  55% (11/20)        
2021-04-27T21:04:32.7178012Z remote: Counting objects:  60% (12/20)        
2021-04-27T21:04:32.7178715Z remote: Counting objects:  65% (13/20)        
2021-04-27T21:04:32.7179674Z remote: Counting objects:  70% (14/20)        
2021-04-27T21:04:32.7180723Z remote: Counting objects:  75% (15/20)        
2021-04-27T21:04:32.7181449Z remote: Counting objects:  80% (16/20)        
2021-04-27T21:04:32.7183338Z remote: Counting objects:  85% (17/20)        
2021-04-27T21:04:32.7184157Z remote: Counting objects:  90% (18/20)        
2021-04-27T21:04:32.7184856Z remote: Counting objects:  95% (19/20)        
2021-04-27T21:04:32.7185680Z remote: Counting objects: 100% (20/20)        
2021-04-27T21:04:32.7186765Z remote: Counting objects: 100% (20/20), done.        
2021-04-27T21:04:32.7187709Z remote: Compressing objects:   6% (1/15)        
2021-04-27T21:04:32.7188672Z remote: Compressing objects:  13% (2/15)        
2021-04-27T21:04:32.7189570Z remote: Compressing objects:  20% (3/15)        
2021-04-27T21:04:32.7190608Z remote: Compressing objects:  26% (4/15)        
2021-04-27T21:04:32.7191590Z remote: Compressing objects:  33% (5/15)        
2021-04-27T21:04:32.7192507Z remote: Compressing objects:  40% (6/15)        
2021-04-27T21:04:32.7193913Z remote: Compressing objects:  46% (7/15)        
2021-04-27T21:04:32.7195302Z remote: Compressing objects:  53% (8/15)        
2021-04-27T21:04:32.7196234Z remote: Compressing objects:  60% (9/15)        
2021-04-27T21:04:32.7197203Z remote: Compressing objects:  66% (10/15)        
2021-04-27T21:04:32.7198222Z remote: Compressing objects:  73% (11/15)        
2021-04-27T21:04:32.7199058Z remote: Compressing objects:  80% (12/15)        
2021-04-27T21:04:32.7199912Z remote: Compressing objects:  86% (13/15)        
2021-04-27T21:04:32.7200671Z remote: Compressing objects:  93% (14/15)        
2021-04-27T21:04:32.7201476Z remote: Compressing objects: 100% (15/15)        
2021-04-27T21:04:32.7202257Z remote: Compressing objects: 100% (15/15), done.        
2021-04-27T21:04:32.7203526Z remote: Total 20 (delta 1), reused 14 (delta 1), pack-reused 0        
2021-04-27T21:04:32.7204700Z From https://github.com/con/tinuous
2021-04-27T21:04:32.7206518Z  * [new ref]         52f70b274cb6b6440ebef5c083520c57c291156e -> origin/fix-tests
2021-04-27T21:04:32.7207438Z ##[endgroup]
2021-04-27T21:04:32.7208202Z ##[group]Determining the checkout info
2021-04-27T21:04:32.7209264Z ##[endgroup]
2021-04-27T21:04:32.7210096Z ##[group]Checking out the ref
2021-04-27T21:04:32.7211573Z [command]/usr/bin/git checkout --progress --force -B fix-tests refs/remotes/origin/fix-tests
2021-04-27T21:04:32.7213174Z Switched to a new branch 'fix-tests'
2021-04-27T21:04:32.7215092Z Branch 'fix-tests' set up to track remote branch 'fix-tests' from 'origin'.
2021-04-27T21:04:32.7216188Z ##[endgroup]
2021-04-27T21:04:32.7217376Z [command]/usr/bin/git log -1 --format='%H'
2021-04-27T21:04:32.7218712Z '52f70b274cb6b6440ebef5c083520c57c291156e'
2021-04-27T21:04:32.7584257Z ##[group]Run actions/setup-python@v2
2021-04-27T21:04:32.7584950Z with:
2021-04-27T21:04:32.7585522Z   python-version: 3.9
2021-04-27T21:04:32.7586577Z   token: ***
2021-04-27T21:04:32.7587091Z ##[endgroup]
2021-04-27T21:04:32.8512702Z Successfully setup CPython (3.9.4)
2021-04-27T21:04:32.8582539Z ##[group]Run python -m pip install --upgrade pip wheel
2021-04-27T21:04:32.8583539Z [36;1mpython -m pip install --upgrade pip wheel[0m
2021-04-27T21:04:32.8584249Z [36;1mpython -m pip install .[0m
2021-04-27T21:04:32.8637087Z shell: /usr/bin/bash -e {0}
2021-04-27T21:04:32.8637650Z env:
2021-04-27T21:04:32.8638345Z   pythonLocation: /opt/hostedtoolcache/Python/3.9.4/x64
2021-04-27T21:04:32.8639269Z   LD_LIBRARY_PATH: /opt/hostedtoolcache/Python/3.9.4/x64/lib
2021-04-27T21:04:32.8639967Z ##[endgroup]
2021-04-27T21:04:33.6176195Z WARNING: Value for scheme.headers does not match. Please report this to <https://github.com/pypa/pip/issues/9617>
2021-04-27T21:04:33.6181486Z distutils: /opt/hostedtoolcache/Python/3.9.4/x64/include/python3.9/UNKNOWN
2021-04-27T21:04:33.6189740Z sysconfig: /opt/hostedtoolcache/Python/3.9.4/x64/include/python3.9
2021-04-27T21:04:33.6224206Z WARNING: Additional context:
2021-04-27T21:04:33.6225724Z user = False
2021-04-27T21:04:33.6226969Z home = None
2021-04-27T21:04:33.6228321Z root = None
2021-04-27T21:04:33.6229471Z prefix = None
2021-04-27T21:04:33.7214040Z Requirement already satisfied: pip in /opt/hostedtoolcache/Python/3.9.4/x64/lib/python3.9/site-packages (21.1)
2021-04-27T21:04:33.9570927Z Collecting wheel
2021-04-27T21:04:33.9957714Z   Downloading wheel-0.36.2-py2.py3-none-any.whl (35 kB)
2021-04-27T21:04:34.0652717Z Installing collected packages: wheel
2021-04-27T21:04:34.1066869Z WARNING: Value for scheme.headers does not match. Please report this to <https://github.com/pypa/pip/issues/9617>
2021-04-27T21:04:34.1068071Z distutils: /opt/hostedtoolcache/Python/3.9.4/x64/include/python3.9/UNKNOWN
2021-04-27T21:04:34.1068961Z sysconfig: /opt/hostedtoolcache/Python/3.9.4/x64/include/python3.9
2021-04-27T21:04:34.1069673Z WARNING: Additional context:
2021-04-27T21:04:34.1070158Z user = False
2021-04-27T21:04:34.1070547Z home = None
2021-04-27T21:04:34.1070907Z root = None
2021-04-27T21:04:34.1071302Z prefix = None
2021-04-27T21:04:34.1084377Z Successfully installed wheel-0.36.2
2021-04-27T21:04:34.6637697Z WARNING: Value for scheme.headers does not match. Please report this to <https://github.com/pypa/pip/issues/9617>
2021-04-27T21:04:34.6642825Z distutils: /opt/hostedtoolcache/Python/3.9.4/x64/include/python3.9/UNKNOWN
2021-04-27T21:04:34.6685180Z sysconfig: /opt/hostedtoolcache/Python/3.9.4/x64/include/python3.9
2021-04-27T21:04:34.6686229Z WARNING: Additional context:
2021-04-27T21:04:34.6686806Z user = False
2021-04-27T21:04:34.6687268Z home = None
2021-04-27T21:04:34.6687730Z root = None
2021-04-27T21:04:34.6688230Z prefix = None
2021-04-27T21:04:34.7682083Z Processing /home/runner/work/tinuous/tinuous
2021-04-27T21:04:34.7747329Z   DEPRECATION: A future pip version will change local packages to be built in-place without first copying to a temporary directory. We recommend you use --use-feature=in-tree-build to test your packages with this new behavior before it becomes the default.
2021-04-27T21:04:34.7750368Z    pip 21.3 will remove support for this functionality. You can find discussion regarding this at https://github.com/pypa/pip/issues/7555.
2021-04-27T21:04:36.1634209Z   Installing build dependencies: started
2021-04-27T21:04:39.2528649Z   Installing build dependencies: finished with status 'done'
2021-04-27T21:04:39.2553092Z   Getting requirements to build wheel: started
2021-04-27T21:04:39.6599413Z   Getting requirements to build wheel: finished with status 'done'
2021-04-27T21:04:39.6631909Z     Preparing wheel metadata: started
2021-04-27T21:04:40.0427102Z     Preparing wheel metadata: finished with status 'done'
2021-04-27T21:04:40.1687113Z Collecting click~=7.0
2021-04-27T21:04:40.2047821Z   Downloading click-7.1.2-py2.py3-none-any.whl (82 kB)
2021-04-27T21:04:40.8629082Z Collecting click-loglevel~=0.2
2021-04-27T21:04:40.8631118Z   Downloading click_loglevel-0.3.0-py3-none-any.whl (5.0 kB)
2021-04-27T21:04:40.8632501Z Collecting in-place~=0.4
2021-04-27T21:04:40.8633685Z   Downloading in_place-0.5.0-py3-none-any.whl (9.1 kB)
2021-04-27T21:04:40.8636488Z Collecting PyGithub~=1.53
2021-04-27T21:04:40.8637819Z   Downloading PyGithub-1.55-py3-none-any.whl (291 kB)
2021-04-27T21:04:40.8639016Z Collecting python-dateutil~=2.7
2021-04-27T21:04:40.8640302Z   Downloading python_dateutil-2.8.1-py2.py3-none-any.whl (227 kB)
2021-04-27T21:04:40.8641418Z Collecting pydantic~=1.7
2021-04-27T21:04:40.8642825Z   Downloading pydantic-1.8.1-cp39-cp39-manylinux2014_x86_64.whl (11.3 MB)
2021-04-27T21:04:41.0990348Z Collecting datalad~=0.14
2021-04-27T21:04:41.1113983Z   Downloading datalad-0.14.2.tar.gz (1.6 MB)
2021-04-27T21:04:41.5061408Z   Installing build dependencies: started
2021-04-27T21:04:44.5314967Z   Installing build dependencies: finished with status 'done'
2021-04-27T21:04:44.5389748Z   Getting requirements to build wheel: started
2021-04-27T21:04:45.0312306Z   Getting requirements to build wheel: finished with status 'done'
2021-04-27T21:04:45.0337417Z     Preparing wheel metadata: started
2021-04-27T21:04:45.6140878Z     Preparing wheel metadata: finished with status 'done'
2021-04-27T21:04:45.7329088Z Collecting PyYAML~=5.0
2021-04-27T21:04:45.7461802Z   Downloading PyYAML-5.4.1-cp39-cp39-manylinux1_x86_64.whl (630 kB)
2021-04-27T21:04:45.8582644Z Collecting requests~=2.20
2021-04-27T21:04:45.8663923Z   Downloading requests-2.25.1-py2.py3-none-any.whl (61 kB)
2021-04-27T21:04:46.0950096Z Collecting keyrings.alt
2021-04-27T21:04:46.1042527Z   Downloading keyrings.alt-4.0.2-py3-none-any.whl (20 kB)
2021-04-27T21:04:46.1464192Z Collecting annexremote
2021-04-27T21:04:46.1561763Z   Downloading annexremote-1.5.0-py3-none-any.whl (25 kB)
2021-04-27T21:04:46.2149392Z Collecting iso8601
2021-04-27T21:04:46.2236754Z   Downloading iso8601-0.1.14-py2.py3-none-any.whl (9.5 kB)
2021-04-27T21:04:46.2559959Z Collecting distro
2021-04-27T21:04:46.2657269Z   Downloading distro-1.5.0-py2.py3-none-any.whl (18 kB)
2021-04-27T21:04:46.2932018Z Collecting appdirs
2021-04-27T21:04:46.3017887Z   Downloading appdirs-1.4.4-py2.py3-none-any.whl (9.6 kB)
2021-04-27T21:04:46.4396402Z Collecting whoosh
2021-04-27T21:04:46.4514029Z   Downloading Whoosh-2.7.4-py2.py3-none-any.whl (468 kB)
2021-04-27T21:04:46.4906195Z Collecting patool>=1.7
2021-04-27T21:04:46.5017852Z   Downloading patool-1.12-py2.py3-none-any.whl (77 kB)
2021-04-27T21:04:46.5619761Z Collecting jsmin
2021-04-27T21:04:46.5728695Z   Downloading jsmin-2.2.2.tar.gz (12 kB)
2021-04-27T21:04:47.0722835Z Collecting chardet>=3.0.4
2021-04-27T21:04:47.0819406Z   Downloading chardet-4.0.0-py2.py3-none-any.whl (178 kB)
2021-04-27T21:04:47.1912742Z Collecting msgpack
2021-04-27T21:04:47.2030564Z   Downloading msgpack-1.0.2-cp39-cp39-manylinux1_x86_64.whl (294 kB)
2021-04-27T21:04:47.2435262Z Collecting fasteners>=0.14
2021-04-27T21:04:47.2524316Z   Downloading fasteners-0.16-py2.py3-none-any.whl (28 kB)
2021-04-27T21:04:47.4059656Z Collecting tqdm
2021-04-27T21:04:47.4157084Z   Downloading tqdm-4.60.0-py2.py3-none-any.whl (75 kB)
2021-04-27T21:04:47.5523445Z Collecting simplejson
2021-04-27T21:04:47.5624246Z   Downloading simplejson-3.17.2.tar.gz (83 kB)
2021-04-27T21:04:47.9079817Z Collecting humanize
2021-04-27T21:04:47.9184098Z   Downloading humanize-3.4.1-py3-none-any.whl (73 kB)
2021-04-27T21:04:48.0725224Z Collecting keyring>=8.0
2021-04-27T21:04:48.0816835Z   Downloading keyring-23.0.1-py3-none-any.whl (33 kB)
2021-04-27T21:04:48.1181983Z Collecting wrapt
2021-04-27T21:04:48.1286760Z   Downloading wrapt-1.12.1.tar.gz (27 kB)
2021-04-27T21:04:48.4811497Z Collecting boto
2021-04-27T21:04:48.4954211Z   Downloading boto-2.49.0-py2.py3-none-any.whl (1.4 MB)
2021-04-27T21:04:48.7080616Z Collecting six
2021-04-27T21:04:48.7165810Z   Downloading six-1.15.0-py2.py3-none-any.whl (10 kB)
2021-04-27T21:04:48.8469182Z Collecting importlib-metadata>=3.6
2021-04-27T21:04:48.8559514Z   Downloading importlib_metadata-4.0.1-py3-none-any.whl (16 kB)
2021-04-27T21:04:48.8894463Z Collecting SecretStorage>=3.2
2021-04-27T21:04:48.8983023Z   Downloading SecretStorage-3.3.1-py3-none-any.whl (15 kB)
2021-04-27T21:04:48.9450274Z Collecting jeepney>=0.4.2
2021-04-27T21:04:48.9558959Z   Downloading jeepney-0.6.0-py3-none-any.whl (45 kB)
2021-04-27T21:04:49.0438154Z Collecting zipp>=0.5
2021-04-27T21:04:49.0517299Z   Downloading zipp-3.4.1-py3-none-any.whl (5.2 kB)
2021-04-27T21:04:49.1065914Z Collecting typing-extensions>=3.7.4.3
2021-04-27T21:04:49.1151757Z   Downloading typing_extensions-3.7.4.3-py3-none-any.whl (22 kB)
2021-04-27T21:04:49.1718710Z Collecting deprecated
2021-04-27T21:04:49.1807940Z   Downloading Deprecated-1.2.12-py2.py3-none-any.whl (9.5 kB)
2021-04-27T21:04:49.2319492Z Collecting pyjwt>=2.0
2021-04-27T21:04:49.2402471Z   Downloading PyJWT-2.0.1-py3-none-any.whl (15 kB)
2021-04-27T21:04:49.3382523Z Collecting pynacl>=1.4.0
2021-04-27T21:04:49.3494669Z   Downloading PyNaCl-1.4.0-cp35-abi3-manylinux1_x86_64.whl (961 kB)
2021-04-27T21:04:49.8140531Z Collecting cffi>=1.4.1
2021-04-27T21:04:49.8270915Z   Downloading cffi-1.14.5-cp39-cp39-manylinux1_x86_64.whl (406 kB)
2021-04-27T21:04:49.8813231Z Collecting pycparser
2021-04-27T21:04:49.8912828Z   Downloading pycparser-2.20-py2.py3-none-any.whl (112 kB)
2021-04-27T21:04:49.9812033Z Collecting certifi>=2017.4.17
2021-04-27T21:04:49.9928301Z   Downloading certifi-2020.12.5-py2.py3-none-any.whl (147 kB)
2021-04-27T21:04:50.0761691Z Collecting urllib3<1.27,>=1.21.1
2021-04-27T21:04:50.0848481Z   Downloading urllib3-1.26.4-py2.py3-none-any.whl (153 kB)
2021-04-27T21:04:50.1343925Z Collecting idna<3,>=2.5
2021-04-27T21:04:50.1431523Z   Downloading idna-2.10-py2.py3-none-any.whl (58 kB)
2021-04-27T21:04:50.7300556Z Collecting cryptography>=2.0
2021-04-27T21:04:50.7444194Z   Downloading cryptography-3.4.7-cp36-abi3-manylinux2014_x86_64.whl (3.2 MB)
2021-04-27T21:04:50.9625895Z Collecting future
2021-04-27T21:04:50.9784034Z   Downloading future-0.18.2.tar.gz (829 kB)
2021-04-27T21:04:51.5167962Z Requirement already satisfied: setuptools in /opt/hostedtoolcache/Python/3.9.4/x64/lib/python3.9/site-packages (from humanize->datalad~=0.14->tinuous==0+untagged.1.g52f70b2) (49.2.1)
2021-04-27T21:04:51.6594483Z Building wheels for collected packages: tinuous, datalad, wrapt, future, jsmin, simplejson
2021-04-27T21:04:51.6605075Z   Building wheel for tinuous (PEP 517): started
2021-04-27T21:04:52.0378911Z   Building wheel for tinuous (PEP 517): finished with status 'done'
2021-04-27T21:04:52.0393694Z   Created wheel for tinuous: filename=tinuous-0+untagged.1.g52f70b2-py3-none-any.whl size=14228 sha256=aac2d0ef2670d8e239d8d3e15515453bd92a3f2c711ed3b1e89fa59aceb69beb
2021-04-27T21:04:52.0400001Z   Stored in directory: /tmp/pip-ephem-wheel-cache-cll1rxwn/wheels/90/c4/03/917c42adcde0fda113460da55703d811beff51352ae68a48ef
2021-04-27T21:04:52.0443134Z   Building wheel for datalad (PEP 517): started
2021-04-27T21:04:53.1562158Z   Building wheel for datalad (PEP 517): finished with status 'done'
2021-04-27T21:04:53.1631482Z   Created wheel for datalad: filename=datalad-0.14.2-py3-none-any.whl size=1603393 sha256=a6445557583fdf3b0d137d5cf77974d59fc3eaca7f22d73f0b1d2bf2a6451d49
2021-04-27T21:04:53.1634109Z   Stored in directory: /home/runner/.cache/pip/wheels/d8/48/3f/12d27b732161b109efb697a979af55e8c1808ea87d68839bda
2021-04-27T21:04:53.1696801Z   Building wheel for wrapt (setup.py): started
2021-04-27T21:04:54.7802936Z   Building wheel for wrapt (setup.py): finished with status 'done'
2021-04-27T21:04:54.7811866Z   Created wheel for wrapt: filename=wrapt-1.12.1-cp39-cp39-linux_x86_64.whl size=78678 sha256=a4b83a32bd533c8affde8b53fc2395829b245a79df2b1e25335f87362d73ec83
2021-04-27T21:04:54.7814304Z   Stored in directory: /home/runner/.cache/pip/wheels/98/23/68/efe259aaca055e93b08e74fbe512819c69a2155c11ba3c0f10
2021-04-27T21:04:54.7842222Z   Building wheel for future (setup.py): started
2021-04-27T21:04:55.3900264Z   Building wheel for future (setup.py): finished with status 'done'
2021-04-27T21:04:55.3923900Z   Created wheel for future: filename=future-0.18.2-py3-none-any.whl size=491059 sha256=8bc7774f930ea91e5d7218d274f0ae81b9b5dc7be7183b51c8f74a33ee52c6b5
2021-04-27T21:04:55.3928474Z   Stored in directory: /home/runner/.cache/pip/wheels/2f/a0/d3/4030d9f80e6b3be787f19fc911b8e7aa462986a40ab1e4bb94
2021-04-27T21:04:55.3971513Z   Building wheel for jsmin (setup.py): started
2021-04-27T21:04:57.1778120Z   Building wheel for jsmin (setup.py): finished with status 'done'
2021-04-27T21:04:57.1784508Z   Created wheel for jsmin: filename=jsmin-2.2.2-py3-none-any.whl size=13920 sha256=0c9253f35f4a37c450d54b681f4ae90e78b0ecdeba7fea54c60d73e94fa130a1
2021-04-27T21:04:57.1786868Z   Stored in directory: /home/runner/.cache/pip/wheels/40/dd/1e/fa3c36f3dda73beb0d0d2cd44ca9bf5119ea8881e99fc45e6d
2021-04-27T21:04:57.1815457Z   Building wheel for simplejson (setup.py): started
2021-04-27T21:04:58.9724664Z   Building wheel for simplejson (setup.py): finished with status 'done'
2021-04-27T21:04:58.9735003Z   Created wheel for simplejson: filename=simplejson-3.17.2-cp39-cp39-linux_x86_64.whl size=135291 sha256=1ae325d41915925ee8c44964c90f38fae16b1be09df2418c42e8d04eb5808742
2021-04-27T21:04:58.9737443Z   Stored in directory: /home/runner/.cache/pip/wheels/a2/c7/6a/2dabbded050716dd50faef2145e3ffa509b0d3895899c599f5
2021-04-27T21:04:58.9761713Z Successfully built tinuous datalad wrapt future jsmin simplejson
2021-04-27T21:04:59.4802673Z Installing collected packages: pycparser, cffi, zipp, wrapt, urllib3, six, jeepney, idna, cryptography, chardet, certifi, SecretStorage, requests, pynacl, pyjwt, importlib-metadata, future, deprecated, whoosh, typing-extensions, tqdm, simplejson, PyGithub, patool, msgpack, keyrings.alt, keyring, jsmin, iso8601, humanize, fasteners, distro, click, boto, appdirs, annexremote, PyYAML, python-dateutil, pydantic, in-place, datalad, click-loglevel, tinuous
2021-04-27T21:05:04.7086372Z WARNING: Value for scheme.headers does not match. Please report this to <https://github.com/pypa/pip/issues/9617>
2021-04-27T21:05:04.7088443Z distutils: /opt/hostedtoolcache/Python/3.9.4/x64/include/python3.9/UNKNOWN
2021-04-27T21:05:04.7089727Z sysconfig: /opt/hostedtoolcache/Python/3.9.4/x64/include/python3.9
2021-04-27T21:05:04.7090750Z WARNING: Additional context:
2021-04-27T21:05:04.7091465Z user = False
2021-04-27T21:05:04.7092072Z home = None
2021-04-27T21:05:04.7092725Z root = None
2021-04-27T21:05:04.7093326Z prefix = None
2021-04-27T21:05:04.7282040Z Successfully installed PyGithub-1.55 PyYAML-5.4.1 SecretStorage-3.3.1 annexremote-1.5.0 appdirs-1.4.4 boto-2.49.0 certifi-2020.12.5 cffi-1.14.5 chardet-4.0.0 click-7.1.2 click-loglevel-0.3.0 cryptography-3.4.7 datalad-0.14.2 deprecated-1.2.12 distro-1.5.0 fasteners-0.16 future-0.18.2 humanize-3.4.1 idna-2.10 importlib-metadata-4.0.1 in-place-0.5.0 iso8601-0.1.14 jeepney-0.6.0 jsmin-2.2.2 keyring-23.0.1 keyrings.alt-4.0.2 msgpack-1.0.2 patool-1.12 pycparser-2.20 pydantic-1.8.1 pyjwt-2.0.1 pynacl-1.4.0 python-dateutil-2.8.1 requests-2.25.1 simplejson-3.17.2 six-1.15.0 tinuous-0+untagged.1.g52f70b2 tqdm-4.60.0 typing-extensions-3.7.4.3 urllib3-1.26.4 whoosh-2.7.4 wrapt-1.12.1 zipp-3.4.1
2021-04-27T21:05:04.9286655Z ##[group]Run tinuous --help
2021-04-27T21:05:04.9287315Z [36;1mtinuous --help[0m
2021-04-27T21:05:04.9333106Z shell: /usr/bin/bash -e {0}
2021-04-27T21:05:04.9333545Z env:
2021-04-27T21:05:04.9334131Z   pythonLocation: /opt/hostedtoolcache/Python/3.9.4/x64
2021-04-27T21:05:04.9335050Z   LD_LIBRARY_PATH: /opt/hostedtoolcache/Python/3.9.4/x64/lib
2021-04-27T21:05:04.9335643Z ##[endgroup]
2021-04-27T21:05:05.0974715Z It is highly recommended to configure Git before using DataLad. Set both 'user.name' and 'user.email' configuration variables.
2021-04-27T21:05:05.0977236Z It is highly recommended to configure Git before using DataLad. Set both 'user.name' and 'user.email' configuration variables.
2021-04-27T21:05:06.0594426Z Usage: tinuous [OPTIONS] COMMAND [ARGS]...
2021-04-27T21:05:06.0595185Z 
2021-04-27T21:05:06.0595905Z   Download build logs from GitHub Actions, Travis, and Appveyor
2021-04-27T21:05:06.0596532Z 
2021-04-27T21:05:06.0597013Z Options:
2021-04-27T21:05:06.0598494Z   -c, --config FILE               Read configuration from the given file
2021-04-27T21:05:06.0599381Z                                   [default: config.yml]
2021-04-27T21:05:06.0599853Z 
2021-04-27T21:05:06.0600798Z   -l, --log-level [NOTSET|DEBUG|INFO|WARNING|ERROR|CRITICAL]
2021-04-27T21:05:06.0601673Z                                   Set logging level  [default: INFO]
2021-04-27T21:05:06.0602667Z   --help                          Show this message and exit.
2021-04-27T21:05:06.0603209Z 
2021-04-27T21:05:06.0603702Z Commands:
2021-04-27T21:05:06.0604269Z   fetch     Download logs
2021-04-27T21:05:06.0604925Z   sanitize  Sanitize secrets in logs
2021-04-27T21:05:06.1542845Z ##[group]Run python -m pip install mypy
2021-04-27T21:05:06.1543515Z [36;1mpython -m pip install mypy[0m
2021-04-27T21:05:06.1587818Z shell: /usr/bin/bash -e {0}
2021-04-27T21:05:06.1588268Z env:
2021-04-27T21:05:06.1588885Z   pythonLocation: /opt/hostedtoolcache/Python/3.9.4/x64
2021-04-27T21:05:06.1589775Z   LD_LIBRARY_PATH: /opt/hostedtoolcache/Python/3.9.4/x64/lib
2021-04-27T21:05:06.1590401Z ##[endgroup]
2021-04-27T21:05:06.5810994Z WARNING: Value for scheme.headers does not match. Please report this to <https://github.com/pypa/pip/issues/9617>
2021-04-27T21:05:06.5812162Z distutils: /opt/hostedtoolcache/Python/3.9.4/x64/include/python3.9/UNKNOWN
2021-04-27T21:05:06.5813054Z sysconfig: /opt/hostedtoolcache/Python/3.9.4/x64/include/python3.9
2021-04-27T21:05:06.5813788Z WARNING: Additional context:
2021-04-27T21:05:06.5814251Z user = False
2021-04-27T21:05:06.5814636Z home = None
2021-04-27T21:05:06.5815013Z root = None
2021-04-27T21:05:06.5815383Z prefix = None
2021-04-27T21:05:06.8692869Z Collecting mypy
2021-04-27T21:05:06.9070799Z   Downloading mypy-0.812-cp39-cp39-manylinux2010_x86_64.whl (22.7 MB)
2021-04-27T21:05:07.6076697Z Collecting mypy-extensions<0.5.0,>=0.4.3
2021-04-27T21:05:07.6156469Z   Downloading mypy_extensions-0.4.3-py2.py3-none-any.whl (4.5 kB)
2021-04-27T21:05:07.7691406Z Collecting typed-ast<1.5.0,>=1.4.0
2021-04-27T21:05:07.7802658Z   Downloading typed_ast-1.4.3-cp39-cp39-manylinux1_x86_64.whl (769 kB)
2021-04-27T21:05:07.8007278Z Requirement already satisfied: typing-extensions>=3.7.4 in /opt/hostedtoolcache/Python/3.9.4/x64/lib/python3.9/site-packages (from mypy) (3.7.4.3)
2021-04-27T21:05:08.2481192Z Installing collected packages: typed-ast, mypy-extensions, mypy
2021-04-27T21:05:10.1485426Z WARNING: Value for scheme.headers does not match. Please report this to <https://github.com/pypa/pip/issues/9617>
2021-04-27T21:05:10.1486850Z distutils: /opt/hostedtoolcache/Python/3.9.4/x64/include/python3.9/UNKNOWN
2021-04-27T21:05:10.1487790Z sysconfig: /opt/hostedtoolcache/Python/3.9.4/x64/include/python3.9
2021-04-27T21:05:10.1488481Z WARNING: Additional context:
2021-04-27T21:05:10.1488959Z user = False
2021-04-27T21:05:10.1489330Z home = None
2021-04-27T21:05:10.1489708Z root = None
2021-04-27T21:05:10.1490227Z prefix = None
2021-04-27T21:05:10.1634451Z Successfully installed mypy-0.812 mypy-extensions-0.4.3 typed-ast-1.4.3
2021-04-27T21:05:10.2452626Z ##[group]Run mypy src
2021-04-27T21:05:10.2453144Z [36;1mmypy src[0m
2021-04-27T21:05:10.2496911Z shell: /usr/bin/bash -e {0}
2021-04-27T21:05:10.2497347Z env:
2021-04-27T21:05:10.2497966Z   pythonLocation: /opt/hostedtoolcache/Python/3.9.4/x64
2021-04-27T21:05:10.2498765Z   LD_LIBRARY_PATH: /opt/hostedtoolcache/Python/3.9.4/x64/lib
2021-04-27T21:05:10.2499385Z ##[endgroup]
2021-04-27T21:05:15.2773916Z src/tinuous/_version.py:20: error: Function is missing a return type annotation
2021-04-27T21:05:15.2775264Z  [no-untyped-def]
2021-04-27T21:05:15.2775768Z     def get_keywords():
2021-04-27T21:05:15.2776151Z     ^
2021-04-27T21:05:15.2776784Z src/tinuous/_version.py:37: error: Function is missing a return type annotation
2021-04-27T21:05:15.2777656Z  [no-untyped-def]
2021-04-27T21:05:15.2778113Z     def get_config():
2021-04-27T21:05:15.2778493Z     ^
2021-04-27T21:05:15.2779325Z src/tinuous/_version.py:55: error: Need type annotation for 'LONG_VERSION_PY'
2021-04-27T21:05:15.2780458Z (hint: "LONG_VERSION_PY: Dict[<type>, <type>] = ...")  [var-annotated]
2021-04-27T21:05:15.2781084Z     LONG_VERSION_PY = {}
2021-04-27T21:05:15.2781463Z     ^
2021-04-27T21:05:15.2782482Z src/tinuous/_version.py:56: error: Need type annotation for 'HANDLERS' (hint:
2021-04-27T21:05:15.2783490Z "HANDLERS: Dict[<type>, <type>] = ...")  [var-annotated]
2021-04-27T21:05:15.2784046Z     HANDLERS = {}
2021-04-27T21:05:15.2784400Z     ^
2021-04-27T21:05:15.2785005Z src/tinuous/_version.py:59: error: Function is missing a type annotation 
2021-04-27T21:05:15.2785843Z [no-untyped-def]
2021-04-27T21:05:15.2786444Z     def register_vcs_handler(vcs, method):  # decorator
2021-04-27T21:05:15.2786959Z     ^
2021-04-27T21:05:15.2787547Z src/tinuous/_version.py:61: error: Function is missing a type annotation 
2021-04-27T21:05:15.2788386Z [no-untyped-def]
2021-04-27T21:05:15.2788852Z         def decorate(f):
2021-04-27T21:05:15.2789259Z         ^
2021-04-27T21:05:15.2789854Z src/tinuous/_version.py:70: error: Function is missing a type annotation 
2021-04-27T21:05:15.2790691Z [no-untyped-def]
2021-04-27T21:05:15.2791362Z     def run_command(commands, args, cwd=None, verbose=False, hide_stderr=F...
2021-04-27T21:05:15.2791951Z     ^
2021-04-27T21:05:15.2792553Z src/tinuous/_version.py:105: error: Function is missing a type annotation 
2021-04-27T21:05:15.2793375Z [no-untyped-def]
2021-04-27T21:05:15.2794055Z     def versions_from_parentdir(parentdir_prefix, root, verbose):
2021-04-27T21:05:15.2794617Z     ^
2021-04-27T21:05:15.2795219Z src/tinuous/_version.py:131: error: Function is missing a type annotation 
2021-04-27T21:05:15.2796090Z [no-untyped-def]
2021-04-27T21:05:15.2796659Z     def git_get_keywords(versionfile_abs):
2021-04-27T21:05:15.2797116Z     ^
2021-04-27T21:05:15.2797720Z src/tinuous/_version.py:160: error: Function is missing a type annotation 
2021-04-27T21:05:15.2798535Z [no-untyped-def]
2021-04-27T21:05:15.2799202Z     def git_versions_from_keywords(keywords, tag_prefix, verbose):
2021-04-27T21:05:15.2799786Z     ^
2021-04-27T21:05:15.2800373Z src/tinuous/_version.py:219: error: Function is missing a type annotation 
2021-04-27T21:05:15.2801204Z [no-untyped-def]
2021-04-27T21:05:15.2801862Z     def git_pieces_from_vcs(tag_prefix, root, verbose, run_command=run_com...
2021-04-27T21:05:15.2802438Z     ^
2021-04-27T21:05:15.2803021Z src/tinuous/_version.py:313: error: Function is missing a type annotation 
2021-04-27T21:05:15.2803855Z [no-untyped-def]
2021-04-27T21:05:15.2804337Z     def plus_or_dot(pieces):
2021-04-27T21:05:15.2804748Z     ^
2021-04-27T21:05:15.2805328Z src/tinuous/_version.py:320: error: Function is missing a type annotation 
2021-04-27T21:05:15.2806152Z [no-untyped-def]
2021-04-27T21:05:15.2806674Z     def render_pep440(pieces):
2021-04-27T21:05:15.2807087Z     ^
2021-04-27T21:05:15.2807683Z src/tinuous/_version.py:345: error: Function is missing a type annotation 
2021-04-27T21:05:15.2808492Z [no-untyped-def]
2021-04-27T21:05:15.2809371Z     def render_pep440_pre(pieces):
2021-04-27T21:05:15.2809967Z     ^
2021-04-27T21:05:15.2810590Z src/tinuous/_version.py:361: error: Function is missing a type annotation 
2021-04-27T21:05:15.2811438Z [no-untyped-def]
2021-04-27T21:05:15.2811984Z     def render_pep440_post(pieces):
2021-04-27T21:05:15.2812415Z     ^
2021-04-27T21:05:15.2813012Z src/tinuous/_version.py:388: error: Function is missing a type annotation 
2021-04-27T21:05:15.2813843Z [no-untyped-def]
2021-04-27T21:05:15.2814357Z     def render_pep440_old(pieces):
2021-04-27T21:05:15.2814799Z     ^
2021-04-27T21:05:15.2815383Z src/tinuous/_version.py:410: error: Function is missing a type annotation 
2021-04-27T21:05:15.2816420Z [no-untyped-def]
2021-04-27T21:05:15.2816952Z     def render_git_describe(pieces):
2021-04-27T21:05:15.2817409Z     ^
2021-04-27T21:05:15.2818005Z src/tinuous/_version.py:430: error: Function is missing a type annotation 
2021-04-27T21:05:15.2818928Z [no-untyped-def]
2021-04-27T21:05:15.2819562Z     def render_git_describe_long(pieces):
2021-04-27T21:05:15.2820016Z     ^
2021-04-27T21:05:15.2820620Z src/tinuous/_version.py:450: error: Function is missing a type annotation 
2021-04-27T21:05:15.2821437Z [no-untyped-def]
2021-04-27T21:05:15.2821956Z     def render(pieces, style):
2021-04-27T21:05:15.2822702Z     ^
2021-04-27T21:05:15.2823279Z src/tinuous/_version.py:482: error: Function is missing a return type
2021-04-27T21:05:15.2824169Z annotation  [no-untyped-def]
2021-04-27T21:05:15.2824706Z     def get_versions():
2021-04-27T21:05:15.2825099Z     ^
2021-04-27T21:05:16.0695989Z Found 20 errors in 1 file (checked 2 source files)
2021-04-27T21:05:16.5179114Z ##[error]Process completed with exit code 1.
2021-04-27T21:05:16.5279136Z Post job cleanup.
2021-04-27T21:05:16.6653602Z [command]/usr/bin/git version
2021-04-27T21:05:16.6712338Z git version 2.31.1
2021-04-27T21:05:16.6755488Z [command]/usr/bin/git config --local --name-only --get-regexp core\.sshCommand
2021-04-27T21:05:16.6801534Z [command]/usr/bin/git submodule foreach --recursive git config --local --name-only --get-regexp 'core\.sshCommand' && git config --local --unset-all 'core.sshCommand' || :
2021-04-27T21:05:16.7081281Z [command]/usr/bin/git config --local --name-only --get-regexp http\.https\:\/\/github\.com\/\.extraheader
2021-04-27T21:05:16.7115297Z http.https://github.com/.extraheader
2021-04-27T21:05:16.7124449Z [command]/usr/bin/git config --local --unset-all http.https://github.com/.extraheader
2021-04-27T21:05:16.7164243Z [command]/usr/bin/git submodule foreach --recursive git config --local --name-only --get-regexp 'http\.https\:\/\/github\.com\/\.extraheader' && git config --local --unset-all 'http.https://github.com/.extraheader' || :
2021-04-27T21:05:16.7540740Z Cleaning up orphan processes
