2023-12-11T17:17:13.0252130Z Requested labels: ubuntu-latest
2023-12-11T17:17:13.0252453Z Job defined at: con/tinuous/.github/workflows/test.yml@refs/heads/master
2023-12-11T17:17:13.0252601Z Waiting for a runner to pick up this job...
2023-12-11T17:17:15.1848789Z Job is waiting for a hosted runner to come online.
2023-12-11T17:17:17.0571591Z Job is about to start running on the hosted runner: GitHub Actions 7 (hosted)
2023-12-11T17:17:21.1129063Z Current runner version: '2.311.0'
2023-12-11T17:17:21.1150166Z ##[group]Operating System
2023-12-11T17:17:21.1150739Z Ubuntu
2023-12-11T17:17:21.1151187Z 22.04.3
2023-12-11T17:17:21.1151559Z LTS
2023-12-11T17:17:21.1151850Z ##[endgroup]
2023-12-11T17:17:21.1152300Z ##[group]Runner Image
2023-12-11T17:17:21.1152747Z Image: ubuntu-22.04
2023-12-11T17:17:21.1153105Z Version: 20231205.1.0
2023-12-11T17:17:21.1154151Z Included Software: https://github.com/actions/runner-images/blob/ubuntu22/20231205.1/images/ubuntu/Ubuntu2204-Readme.md
2023-12-11T17:17:21.1155597Z Image Release: https://github.com/actions/runner-images/releases/tag/ubuntu22%2F20231205.1
2023-12-11T17:17:21.1156409Z ##[endgroup]
2023-12-11T17:17:21.1156857Z ##[group]Runner Image Provisioner
2023-12-11T17:17:21.1157350Z 2.0.321.1
2023-12-11T17:17:21.1157644Z ##[endgroup]
2023-12-11T17:17:21.1159838Z ##[group]GITHUB_TOKEN Permissions
2023-12-11T17:17:21.1161464Z Actions: write
2023-12-11T17:17:21.1161842Z Checks: write
2023-12-11T17:17:21.1162497Z Contents: write
2023-12-11T17:17:21.1163030Z Deployments: write
2023-12-11T17:17:21.1163443Z Discussions: write
2023-12-11T17:17:21.1163825Z Issues: write
2023-12-11T17:17:21.1164225Z Metadata: read
2023-12-11T17:17:21.1164607Z Packages: write
2023-12-11T17:17:21.1164950Z Pages: write
2023-12-11T17:17:21.1165639Z PullRequests: write
2023-12-11T17:17:21.1166108Z RepositoryProjects: write
2023-12-11T17:17:21.1166532Z SecurityEvents: write
2023-12-11T17:17:21.1167024Z Statuses: write
2023-12-11T17:17:21.1167404Z ##[endgroup]
2023-12-11T17:17:21.1170495Z Secret source: Actions
2023-12-11T17:17:21.1171159Z Prepare workflow directory
2023-12-11T17:17:21.1778743Z Prepare all required actions
2023-12-11T17:17:21.1934607Z Getting action download info
2023-12-11T17:17:21.4473436Z Download action repository 'actions/checkout@v4' (SHA:b4ffde65f46336ab88eb53be808477a3936bae11)
2023-12-11T17:17:21.5487304Z Download action repository 'actions/setup-python@v5' (SHA:0a5c61591373683505ea898e09a3ea4f39ef2b9c)
2023-12-11T17:17:22.1164597Z Download action repository 'codecov/codecov-action@v3' (SHA:eaaf4bedf32dbdc6b720b63067d99c4d77d6047d)
2023-12-11T17:17:22.7811347Z Complete job name: test (3.10, py)
2023-12-11T17:17:22.8728361Z ##[group]Run actions/checkout@v4
2023-12-11T17:17:22.8728850Z with:
2023-12-11T17:17:22.8729169Z   fetch-depth: 0
2023-12-11T17:17:22.8729605Z   repository: con/tinuous
2023-12-11T17:17:22.8730133Z   token: ***
2023-12-11T17:17:22.8730475Z   ssh-strict: true
2023-12-11T17:17:22.8730904Z   persist-credentials: true
2023-12-11T17:17:22.8731272Z   clean: true
2023-12-11T17:17:22.8731620Z   sparse-checkout-cone-mode: true
2023-12-11T17:17:22.8732127Z   fetch-tags: false
2023-12-11T17:17:22.8732463Z   show-progress: true
2023-12-11T17:17:22.8732821Z   lfs: false
2023-12-11T17:17:22.8733216Z   submodules: false
2023-12-11T17:17:22.8733545Z   set-safe-directory: true
2023-12-11T17:17:22.8733916Z ##[endgroup]
2023-12-11T17:17:23.0252459Z Syncing repository: con/tinuous
2023-12-11T17:17:23.0255225Z ##[group]Getting Git version info
2023-12-11T17:17:23.0256401Z Working directory is '/home/runner/work/tinuous/tinuous'
2023-12-11T17:17:23.0258044Z [command]/usr/bin/git version
2023-12-11T17:17:23.0259037Z git version 2.43.0
2023-12-11T17:17:23.0261762Z ##[endgroup]
2023-12-11T17:17:23.0276289Z Temporarily overriding HOME='/home/runner/work/_temp/f8936cfb-e1fb-4780-977a-9a8e7d34150d' before making global git config changes
2023-12-11T17:17:23.0277410Z Adding repository directory to the temporary git global config as a safe directory
2023-12-11T17:17:23.0278769Z [command]/usr/bin/git config --global --add safe.directory /home/runner/work/tinuous/tinuous
2023-12-11T17:17:23.0304698Z Deleting the contents of '/home/runner/work/tinuous/tinuous'
2023-12-11T17:17:23.0311062Z ##[group]Initializing the repository
2023-12-11T17:17:23.0314504Z [command]/usr/bin/git init /home/runner/work/tinuous/tinuous
2023-12-11T17:17:23.0366881Z hint: Using 'master' as the name for the initial branch. This default branch name
2023-12-11T17:17:23.0369295Z hint: is subject to change. To configure the initial branch name to use in all
2023-12-11T17:17:23.0370735Z hint: of your new repositories, which will suppress this warning, call:
2023-12-11T17:17:23.0371866Z hint: 
2023-12-11T17:17:23.0372780Z hint: 	git config --global init.defaultBranch <name>
2023-12-11T17:17:23.0373608Z hint: 
2023-12-11T17:17:23.0374742Z hint: Names commonly chosen instead of 'master' are 'main', 'trunk' and
2023-12-11T17:17:23.0376289Z hint: 'development'. The just-created branch can be renamed via this command:
2023-12-11T17:17:23.0377304Z hint: 
2023-12-11T17:17:23.0378127Z hint: 	git branch -m <name>
2023-12-11T17:17:23.0380954Z Initialized empty Git repository in /home/runner/work/tinuous/tinuous/.git/
2023-12-11T17:17:23.0391178Z [command]/usr/bin/git remote add origin https://github.com/con/tinuous
2023-12-11T17:17:23.0426114Z ##[endgroup]
2023-12-11T17:17:23.0427707Z ##[group]Disabling automatic garbage collection
2023-12-11T17:17:23.0429221Z [command]/usr/bin/git config --local gc.auto 0
2023-12-11T17:17:23.0471846Z ##[endgroup]
2023-12-11T17:17:23.0472447Z ##[group]Setting up auth
2023-12-11T17:17:23.0477030Z [command]/usr/bin/git config --local --name-only --get-regexp core\.sshCommand
2023-12-11T17:17:23.0504835Z [command]/usr/bin/git submodule foreach --recursive sh -c "git config --local --name-only --get-regexp 'core\.sshCommand' && git config --local --unset-all 'core.sshCommand' || :"
2023-12-11T17:17:23.0794705Z [command]/usr/bin/git config --local --name-only --get-regexp http\.https\:\/\/github\.com\/\.extraheader
2023-12-11T17:17:23.0822969Z [command]/usr/bin/git submodule foreach --recursive sh -c "git config --local --name-only --get-regexp 'http\.https\:\/\/github\.com\/\.extraheader' && git config --local --unset-all 'http.https://github.com/.extraheader' || :"
2023-12-11T17:17:23.1049963Z [command]/usr/bin/git config --local http.https://github.com/.extraheader AUTHORIZATION: basic ***
2023-12-11T17:17:23.1082089Z ##[endgroup]
2023-12-11T17:17:23.1083341Z ##[group]Fetching the repository
2023-12-11T17:17:23.1092932Z [command]/usr/bin/git -c protocol.version=2 fetch --prune --no-recurse-submodules origin +refs/heads/*:refs/remotes/origin/* +refs/tags/*:refs/tags/*
2023-12-11T17:17:23.7546973Z From https://github.com/con/tinuous
2023-12-11T17:17:23.7548015Z  * [new branch]      gh-55           -> origin/gh-55
2023-12-11T17:17:23.7549592Z  * [new branch]      master          -> origin/master
2023-12-11T17:17:23.7550863Z  * [new branch]      no-extra-search -> origin/no-extra-search
2023-12-11T17:17:23.7552352Z  * [new branch]      pragmata        -> origin/pragmata
2023-12-11T17:17:23.7554624Z  * [new branch]      test-appveyor   -> origin/test-appveyor
2023-12-11T17:17:23.7555865Z  * [new tag]         0.1.0           -> 0.1.0
2023-12-11T17:17:23.7557301Z  * [new tag]         0.2.0           -> 0.2.0
2023-12-11T17:17:23.7558888Z  * [new tag]         0.3.0           -> 0.3.0
2023-12-11T17:17:23.7560338Z  * [new tag]         0.4.0           -> 0.4.0
2023-12-11T17:17:23.7562650Z  * [new tag]         0.5.0           -> 0.5.0
2023-12-11T17:17:23.7563748Z  * [new tag]         0.5.1           -> 0.5.1
2023-12-11T17:17:23.7564760Z  * [new tag]         0.5.2           -> 0.5.2
2023-12-11T17:17:23.7567107Z  * [new tag]         0.5.3           -> 0.5.3
2023-12-11T17:17:23.7568088Z  * [new tag]         0.5.4           -> 0.5.4
2023-12-11T17:17:23.7569927Z  * [new tag]         0.6.0           -> 0.6.0
2023-12-11T17:17:23.7570972Z  * [new tag]         0.6.1           -> 0.6.1
2023-12-11T17:17:23.7604606Z [command]/usr/bin/git branch --list --remote origin/master
2023-12-11T17:17:23.7627031Z   origin/master
2023-12-11T17:17:23.7636018Z [command]/usr/bin/git rev-parse refs/remotes/origin/master
2023-12-11T17:17:23.7656053Z 8f657ffef4eed7f724d60b3278ac0f1b7105cc28
2023-12-11T17:17:23.7662145Z ##[endgroup]
2023-12-11T17:17:23.7663941Z ##[group]Determining the checkout info
2023-12-11T17:17:23.7667382Z ##[endgroup]
2023-12-11T17:17:23.7668355Z ##[group]Checking out the ref
2023-12-11T17:17:23.7669795Z [command]/usr/bin/git checkout --progress --force -B master refs/remotes/origin/master
2023-12-11T17:17:23.7726194Z Reset branch 'master'
2023-12-11T17:17:23.7727031Z branch 'master' set up to track 'origin/master'.
2023-12-11T17:17:23.7733068Z ##[endgroup]
2023-12-11T17:17:23.7765010Z [command]/usr/bin/git log -1 --format='%H'
2023-12-11T17:17:23.7786632Z '8f657ffef4eed7f724d60b3278ac0f1b7105cc28'
2023-12-11T17:17:23.8084054Z ##[group]Run actions/setup-python@v5
2023-12-11T17:17:23.8084534Z with:
2023-12-11T17:17:23.8084842Z   python-version: 3.10
2023-12-11T17:17:23.8085251Z   check-latest: false
2023-12-11T17:17:23.8086035Z   token: ***
2023-12-11T17:17:23.8086374Z   update-environment: true
2023-12-11T17:17:23.8086838Z   allow-prereleases: false
2023-12-11T17:17:23.8087203Z ##[endgroup]
2023-12-11T17:17:23.9621757Z ##[group]Installed versions
2023-12-11T17:17:23.9698067Z Successfully set up CPython (3.10.13)
2023-12-11T17:17:23.9699497Z ##[endgroup]
2023-12-11T17:17:23.9859241Z ##[group]Run python -m pip install --upgrade pip wheel
2023-12-11T17:17:23.9859908Z [36;1mpython -m pip install --upgrade pip wheel[0m
2023-12-11T17:17:23.9860558Z [36;1mpython -m pip install --upgrade --upgrade-strategy=eager tox[0m
2023-12-11T17:17:23.9920764Z shell: /usr/bin/bash -e {0}
2023-12-11T17:17:23.9921280Z env:
2023-12-11T17:17:23.9921661Z   pythonLocation: /opt/hostedtoolcache/Python/3.10.13/x64
2023-12-11T17:17:23.9922316Z   PKG_CONFIG_PATH: /opt/hostedtoolcache/Python/3.10.13/x64/lib/pkgconfig
2023-12-11T17:17:23.9923029Z   Python_ROOT_DIR: /opt/hostedtoolcache/Python/3.10.13/x64
2023-12-11T17:17:23.9923564Z   Python2_ROOT_DIR: /opt/hostedtoolcache/Python/3.10.13/x64
2023-12-11T17:17:23.9924126Z   Python3_ROOT_DIR: /opt/hostedtoolcache/Python/3.10.13/x64
2023-12-11T17:17:23.9924775Z   LD_LIBRARY_PATH: /opt/hostedtoolcache/Python/3.10.13/x64/lib
2023-12-11T17:17:23.9925233Z ##[endgroup]
2023-12-11T17:17:24.5409860Z Requirement already satisfied: pip in /opt/hostedtoolcache/Python/3.10.13/x64/lib/python3.10/site-packages (23.0.1)
2023-12-11T17:17:24.6527330Z Collecting pip
2023-12-11T17:17:24.7037503Z   Downloading pip-23.3.1-py3-none-any.whl.metadata (3.5 kB)
2023-12-11T17:17:24.7405510Z Collecting wheel
2023-12-11T17:17:24.7441333Z   Downloading wheel-0.42.0-py3-none-any.whl.metadata (2.2 kB)
2023-12-11T17:17:24.7534279Z Downloading pip-23.3.1-py3-none-any.whl (2.1 MB)
2023-12-11T17:17:24.8013472Z    ━━━━━━━━━━━━━━━━━━━━━━━━━━━━━━━━━━━━━━━━ 2.1/2.1 MB 47.5 MB/s eta 0:00:00
2023-12-11T17:17:24.8055089Z Downloading wheel-0.42.0-py3-none-any.whl (65 kB)
2023-12-11T17:17:24.8100044Z    ━━━━━━━━━━━━━━━━━━━━━━━━━━━━━━━━━━━━━━━━ 65.4/65.4 kB 21.9 MB/s eta 0:00:00
2023-12-11T17:17:24.8607522Z Installing collected packages: wheel, pip
2023-12-11T17:17:24.9033204Z   Attempting uninstall: pip
2023-12-11T17:17:24.9039210Z     Found existing installation: pip 23.0.1
2023-12-11T17:17:24.9508944Z     Uninstalling pip-23.0.1:
2023-12-11T17:17:24.9952561Z       Successfully uninstalled pip-23.0.1
2023-12-11T17:17:26.1097471Z Successfully installed pip-23.3.1 wheel-0.42.0
2023-12-11T17:17:26.8129841Z Collecting tox
2023-12-11T17:17:26.8623882Z   Downloading tox-4.11.4-py3-none-any.whl.metadata (5.0 kB)
2023-12-11T17:17:26.9132885Z Collecting cachetools>=5.3.1 (from tox)
2023-12-11T17:17:26.9170432Z   Downloading cachetools-5.3.2-py3-none-any.whl.metadata (5.2 kB)
2023-12-11T17:17:26.9340253Z Collecting chardet>=5.2 (from tox)
2023-12-11T17:17:26.9376316Z   Downloading chardet-5.2.0-py3-none-any.whl.metadata (3.4 kB)
2023-12-11T17:17:26.9675742Z Collecting colorama>=0.4.6 (from tox)
2023-12-11T17:17:26.9710408Z   Downloading colorama-0.4.6-py2.py3-none-any.whl (25 kB)
2023-12-11T17:17:27.0035672Z Collecting filelock>=3.12.3 (from tox)
2023-12-11T17:17:27.0077268Z   Downloading filelock-3.13.1-py3-none-any.whl.metadata (2.8 kB)
2023-12-11T17:17:27.0354337Z Collecting packaging>=23.1 (from tox)
2023-12-11T17:17:27.0389372Z   Downloading packaging-23.2-py3-none-any.whl.metadata (3.2 kB)
2023-12-11T17:17:27.0653356Z Collecting platformdirs>=3.10 (from tox)
2023-12-11T17:17:27.0686520Z   Downloading platformdirs-4.1.0-py3-none-any.whl.metadata (11 kB)
2023-12-11T17:17:27.0896957Z Collecting pluggy>=1.3 (from tox)
2023-12-11T17:17:27.0931548Z   Downloading pluggy-1.3.0-py3-none-any.whl.metadata (4.3 kB)
2023-12-11T17:17:27.1111876Z Collecting pyproject-api>=1.6.1 (from tox)
2023-12-11T17:17:27.1144433Z   Downloading pyproject_api-1.6.1-py3-none-any.whl.metadata (2.8 kB)
2023-12-11T17:17:27.1343805Z Collecting tomli>=2.0.1 (from tox)
2023-12-11T17:17:27.1376487Z   Downloading tomli-2.0.1-py3-none-any.whl (12 kB)
2023-12-11T17:17:27.2247067Z Collecting virtualenv>=20.24.3 (from tox)
2023-12-11T17:17:27.2283291Z   Downloading virtualenv-20.25.0-py3-none-any.whl.metadata (4.5 kB)
2023-12-11T17:17:27.3035044Z Collecting distlib<1,>=0.3.7 (from virtualenv>=20.24.3->tox)
2023-12-11T17:17:27.3068974Z   Downloading distlib-0.3.7-py2.py3-none-any.whl.metadata (5.1 kB)
2023-12-11T17:17:27.3256459Z Downloading tox-4.11.4-py3-none-any.whl (153 kB)
2023-12-11T17:17:27.3332510Z    ━━━━━━━━━━━━━━━━━━━━━━━━━━━━━━━━━━━━━━━━ 154.0/154.0 kB 27.7 MB/s eta 0:00:00
2023-12-11T17:17:27.3368808Z Downloading cachetools-5.3.2-py3-none-any.whl (9.3 kB)
2023-12-11T17:17:27.3431125Z Downloading chardet-5.2.0-py3-none-any.whl (199 kB)
2023-12-11T17:17:27.3485183Z    ━━━━━━━━━━━━━━━━━━━━━━━━━━━━━━━━━━━━━━━━ 199.4/199.4 kB 56.4 MB/s eta 0:00:00
2023-12-11T17:17:27.3518576Z Downloading filelock-3.13.1-py3-none-any.whl (11 kB)
2023-12-11T17:17:27.3572475Z Downloading packaging-23.2-py3-none-any.whl (53 kB)
2023-12-11T17:17:27.3613597Z    ━━━━━━━━━━━━━━━━━━━━━━━━━━━━━━━━━━━━━━━━ 53.0/53.0 kB 19.6 MB/s eta 0:00:00
2023-12-11T17:17:27.3647342Z Downloading platformdirs-4.1.0-py3-none-any.whl (17 kB)
2023-12-11T17:17:27.3701589Z Downloading pluggy-1.3.0-py3-none-any.whl (18 kB)
2023-12-11T17:17:27.3755622Z Downloading pyproject_api-1.6.1-py3-none-any.whl (12 kB)
2023-12-11T17:17:27.3811290Z Downloading virtualenv-20.25.0-py3-none-any.whl (3.8 MB)
2023-12-11T17:17:27.4139585Z    ━━━━━━━━━━━━━━━━━━━━━━━━━━━━━━━━━━━━━━━━ 3.8/3.8 MB 122.7 MB/s eta 0:00:00
2023-12-11T17:17:27.4173874Z Downloading distlib-0.3.7-py2.py3-none-any.whl (468 kB)
2023-12-11T17:17:27.4246363Z    ━━━━━━━━━━━━━━━━━━━━━━━━━━━━━━━━━━━━━━━━ 468.9/468.9 kB 84.8 MB/s eta 0:00:00
2023-12-11T17:17:27.5572202Z Installing collected packages: distlib, tomli, pluggy, platformdirs, packaging, filelock, colorama, chardet, cachetools, virtualenv, pyproject-api, tox
2023-12-11T17:17:28.1832844Z Successfully installed cachetools-5.3.2 chardet-5.2.0 colorama-0.4.6 distlib-0.3.7 filelock-3.13.1 packaging-23.2 platformdirs-4.1.0 pluggy-1.3.0 pyproject-api-1.6.1 tomli-2.0.1 tox-4.11.4 virtualenv-20.25.0
2023-12-11T17:17:28.2840880Z ##[group]Run tox -e py -- --cov-report=xml
2023-12-11T17:17:28.2841414Z [36;1mtox -e py -- --cov-report=xml[0m
2023-12-11T17:17:28.2889250Z shell: /usr/bin/bash -e {0}
2023-12-11T17:17:28.2889654Z env:
2023-12-11T17:17:28.2890186Z   pythonLocation: /opt/hostedtoolcache/Python/3.10.13/x64
2023-12-11T17:17:28.2890834Z   PKG_CONFIG_PATH: /opt/hostedtoolcache/Python/3.10.13/x64/lib/pkgconfig
2023-12-11T17:17:28.2891460Z   Python_ROOT_DIR: /opt/hostedtoolcache/Python/3.10.13/x64
2023-12-11T17:17:28.2892109Z   Python2_ROOT_DIR: /opt/hostedtoolcache/Python/3.10.13/x64
2023-12-11T17:17:28.2892631Z   Python3_ROOT_DIR: /opt/hostedtoolcache/Python/3.10.13/x64
2023-12-11T17:17:28.2893223Z   LD_LIBRARY_PATH: /opt/hostedtoolcache/Python/3.10.13/x64/lib
2023-12-11T17:17:28.2893768Z ##[endgroup]
2023-12-11T17:17:29.1683497Z py: install_deps> python -I -m pip install pytest pytest-cov pytest-mock
2023-12-11T17:17:31.5276427Z .pkg: install_requires> python -I -m pip install 'setuptools>=46.4.0' versioningit
2023-12-11T17:17:32.8654544Z .pkg: _optional_hooks> python /opt/hostedtoolcache/Python/3.10.13/x64/lib/python3.10/site-packages/pyproject_api/_backend.py True setuptools.build_meta
2023-12-11T17:17:33.0593729Z .pkg: get_requires_for_build_sdist> python /opt/hostedtoolcache/Python/3.10.13/x64/lib/python3.10/site-packages/pyproject_api/_backend.py True setuptools.build_meta
2023-12-11T17:17:33.1594258Z .pkg: get_requires_for_build_wheel> python /opt/hostedtoolcache/Python/3.10.13/x64/lib/python3.10/site-packages/pyproject_api/_backend.py True setuptools.build_meta
2023-12-11T17:17:33.2115350Z .pkg: install_requires_for_build_wheel> python -I -m pip install wheel
2023-12-11T17:17:33.6629904Z .pkg: freeze> python -m pip freeze --all
2023-12-11T17:17:33.9553753Z .pkg: packaging==23.2,pip==23.3.1,setuptools==69.0.2,tomli==2.0.1,versioningit==2.3.0,wheel==0.42.0
2023-12-11T17:17:33.9559574Z .pkg: prepare_metadata_for_build_wheel> python /opt/hostedtoolcache/Python/3.10.13/x64/lib/python3.10/site-packages/pyproject_api/_backend.py True setuptools.build_meta
2023-12-11T17:17:34.0490983Z .pkg: build_sdist> python /opt/hostedtoolcache/Python/3.10.13/x64/lib/python3.10/site-packages/pyproject_api/_backend.py True setuptools.build_meta
2023-12-11T17:17:34.1205305Z py: install_package_deps> python -I -m pip install 'PyYAML>=5.0' 'click-loglevel~=0.2' 'click>=7.0' 'ghtoken~=0.1' 'in-place~=1.0' 'pydantic~=2.0' 'python-dateutil~=2.7' 'python-dotenv<2.0,>=0.11' 'requests~=2.20' 'typing-extensions; python_version < "3.9"'
2023-12-11T17:17:37.2156578Z py: install_package> python -I -m pip install --force-reinstall --no-deps /home/runner/work/tinuous/tinuous/.tox/.tmp/package/1/tinuous-0.6.1.post70+g8f657ff.tar.gz
2023-12-11T17:17:40.4812646Z py: freeze> python -m pip freeze --all
2023-12-11T17:17:40.7892393Z py: annotated-types==0.6.0,certifi==2023.11.17,charset-normalizer==3.3.2,click==8.1.7,click-loglevel==0.5.0,coverage==7.3.2,exceptiongroup==1.2.0,ghtoken==0.1.0,idna==3.6,in-place==1.0.0,iniconfig==2.0.0,packaging==23.2,pip==23.3.1,pluggy==1.3.0,pydantic==2.5.2,pydantic_core==2.14.5,pytest==7.4.3,pytest-cov==4.1.0,pytest-mock==3.12.0,python-dateutil==2.8.2,python-dotenv==1.0.0,PyYAML==6.0.1,requests==2.31.0,ruamel.yaml==0.18.5,ruamel.yaml.clib==0.2.8,setuptools==69.0.2,six==1.16.0,tinuous @ file:///home/runner/work/tinuous/tinuous/.tox/.tmp/package/1/tinuous-0.6.1.post70%2Bg8f657ff.tar.gz#sha256=99e35053e31496f0c8d1b5913e48f075eef27eed180b3368baed4cfd0bc69f59,tomli==2.0.1,typing_extensions==4.9.0,urllib3==2.1.0,wheel==0.42.0
2023-12-11T17:17:40.7897304Z py: commands[0]> tinuous --help
2023-12-11T17:17:41.0955272Z Usage: tinuous [OPTIONS] COMMAND [ARGS]...
2023-12-11T17:17:41.0956020Z 
2023-12-11T17:17:41.0957185Z   Download build logs from GitHub Actions, Travis, Appveyor, and CircleCI
2023-12-11T17:17:41.0958385Z 
2023-12-11T17:17:41.0958854Z Options:
2023-12-11T17:17:41.0959804Z   -V, --version                   Show the version and exit.
2023-12-11T17:17:41.0961326Z   -c, --config FILE               Read configuration from the given file
2023-12-11T17:17:41.0962310Z                                   [default: tinuous.yaml]
2023-12-11T17:17:41.0963345Z   -E, --env FILE                  Load environment variables from given .env
2023-12-11T17:17:41.0964256Z                                   file
2023-12-11T17:17:41.0965148Z   -l, --log-level [NOTSET|DEBUG|INFO|WARNING|ERROR|CRITICAL]
2023-12-11T17:17:41.0966269Z                                   Set logging level  [default: INFO]
2023-12-11T17:17:41.0967355Z   --help                          Show this message and exit.
2023-12-11T17:17:41.0967885Z 
2023-12-11T17:17:41.0968062Z Commands:
2023-12-11T17:17:41.0968557Z   fetch         Download logs
2023-12-11T17:17:41.0969439Z   fetch-commit  Download logs for a specific commit
2023-12-11T17:17:41.0970197Z   sanitize      Sanitize secrets in logs
2023-12-11T17:17:41.1246009Z py: commands[1]> pytest --cov-report=xml test
2023-12-11T17:17:41.9139153Z ============================= test session starts ==============================
2023-12-11T17:17:41.9140290Z platform linux -- Python 3.10.13, pytest-7.4.3, pluggy-1.3.0
2023-12-11T17:17:41.9140799Z cachedir: .tox/py/.pytest_cache
2023-12-11T17:17:41.9141254Z rootdir: /home/runner/work/tinuous/tinuous
2023-12-11T17:17:41.9141754Z configfile: tox.ini
2023-12-11T17:17:41.9142114Z plugins: cov-4.1.0, mock-3.12.0
2023-12-11T17:17:41.9142779Z collected 64 items
2023-12-11T17:17:41.9143072Z 
2023-12-11T17:17:41.9273199Z test/test_base.py .........                                              [ 14%]
2023-12-11T17:17:41.9387123Z test/test_config.py ........                                             [ 26%]
2023-12-11T17:17:41.9587738Z test/test_state.py ........                                              [ 39%]
2023-12-11T17:17:42.1965518Z test/test_util.py .......................................                [100%]
2023-12-11T17:17:42.1966214Z 
2023-12-11T17:17:42.1966913Z ---------- coverage: platform linux, python 3.10.13-final-0 ----------
2023-12-11T17:17:42.1968079Z Coverage XML written to file coverage.xml
2023-12-11T17:17:42.1968562Z 
2023-12-11T17:17:42.1968568Z 
2023-12-11T17:17:42.1968820Z ============================== 64 passed in 0.72s ==============================
2023-12-11T17:17:42.2457751Z .pkg: _exit> python /opt/hostedtoolcache/Python/3.10.13/x64/lib/python3.10/site-packages/pyproject_api/_backend.py True setuptools.build_meta
2023-12-11T17:17:42.2649728Z   py: OK (13.37=setup[11.91]+cmd[0.33,1.12] seconds)
2023-12-11T17:17:42.2650301Z   congratulations :) (13.83 seconds)
2023-12-11T17:17:42.3136000Z ##[group]Run codecov/codecov-action@v3
2023-12-11T17:17:42.3136478Z with:
2023-12-11T17:17:42.3136877Z   fail_ci_if_error: false
2023-12-11T17:17:42.3137214Z env:
2023-12-11T17:17:42.3137626Z   pythonLocation: /opt/hostedtoolcache/Python/3.10.13/x64
2023-12-11T17:17:42.3138336Z   PKG_CONFIG_PATH: /opt/hostedtoolcache/Python/3.10.13/x64/lib/pkgconfig
2023-12-11T17:17:42.3138937Z   Python_ROOT_DIR: /opt/hostedtoolcache/Python/3.10.13/x64
2023-12-11T17:17:42.3139533Z   Python2_ROOT_DIR: /opt/hostedtoolcache/Python/3.10.13/x64
2023-12-11T17:17:42.3140169Z   Python3_ROOT_DIR: /opt/hostedtoolcache/Python/3.10.13/x64
2023-12-11T17:17:42.3140709Z   LD_LIBRARY_PATH: /opt/hostedtoolcache/Python/3.10.13/x64/lib
2023-12-11T17:17:42.3141213Z ##[endgroup]
2023-12-11T17:17:42.4746533Z ==> linux OS detected
2023-12-11T17:17:43.1281955Z https://uploader.codecov.io/latest/linux/codecov.SHA256SUM
2023-12-11T17:17:43.2008007Z ==> SHASUM file signed by key id 806bb28aed779869
2023-12-11T17:17:43.2834688Z ==> Uploader SHASUM verified (b9282b8b43eef83f722646d8992c4dd36563046afe0806722184e7e9923a6d7b  codecov)
2023-12-11T17:17:43.2835765Z ==> Running version latest
2023-12-11T17:17:43.4201731Z ==> Running version v0.7.1
2023-12-11T17:17:43.4219862Z [command]/home/runner/work/_actions/codecov/codecov-action/v3/dist/codecov -n  -Q github-action-3.1.4
2023-12-11T17:17:43.6213034Z [2023-12-11T17:17:43.619Z] ['info'] 
2023-12-11T17:17:43.6213956Z      _____          _
2023-12-11T17:17:43.6214809Z     / ____|        | |
2023-12-11T17:17:43.6215432Z    | |     ___   __| | ___  ___ _____   __
2023-12-11T17:17:43.6216149Z    | |    / _ \ / _` |/ _ \/ __/ _ \ \ / /
2023-12-11T17:17:43.6216932Z    | |___| (_) | (_| |  __/ (_| (_) \ V /
2023-12-11T17:17:43.6217611Z     \_____\___/ \__,_|\___|\___\___/ \_/
2023-12-11T17:17:43.6218029Z 
2023-12-11T17:17:43.6218312Z   Codecov report uploader 0.7.1
2023-12-11T17:17:43.6277560Z [2023-12-11T17:17:43.627Z] ['info'] => Project root located at: /home/runner/work/tinuous/tinuous
2023-12-11T17:17:43.6299567Z [2023-12-11T17:17:43.629Z] ['info'] -> No token specified or token is empty
2023-12-11T17:17:43.6383902Z [2023-12-11T17:17:43.638Z] ['info'] Searching for coverage files...
2023-12-11T17:17:43.6867846Z [2023-12-11T17:17:43.686Z] ['info'] Warning: Some files located via search were excluded from upload.
2023-12-11T17:17:43.6870163Z [2023-12-11T17:17:43.686Z] ['info'] If Codecov did not locate your files, please review https://docs.codecov.com/docs/supported-report-formats
2023-12-11T17:17:43.6872082Z [2023-12-11T17:17:43.686Z] ['info'] => Found 1 possible coverage files:
2023-12-11T17:17:43.6873260Z   coverage.xml
2023-12-11T17:17:43.6874492Z [2023-12-11T17:17:43.686Z] ['info'] Processing /home/runner/work/tinuous/tinuous/coverage.xml...
2023-12-11T17:17:43.6903682Z [2023-12-11T17:17:43.690Z] ['info'] Detected GitHub Actions as the CI provider.
2023-12-11T17:17:44.3322752Z [2023-12-11T17:17:44.331Z] ['info'] Pinging Codecov: https://codecov.io/upload/v4?package=github-action-3.1.4-uploader-0.7.1&token=*******&branch=master&build=7170989732&build_url=https%3A%2F%2Fgithub.com%2Fcon%2Ftinuous%2Factions%2Fruns%2F7170989732&commit=8f657ffef4eed7f724d60b3278ac0f1b7105cc28&job=Test&pr=&service=github-actions&slug=con%2Ftinuous&name=&tag=&flags=&parent=
2023-12-11T17:17:44.6150584Z [2023-12-11T17:17:44.614Z] ['error'] There was an error running the uploader: Error uploading to https://codecov.io: Error: There was an error fetching the storage URL during POST: 404 - {'detail': ErrorDetail(string='Unable to locate build via Github Actions API. Please upload with the Codecov repository upload token to resolve issue.', code='not_found')}
2023-12-11T17:17:44.6508636Z Post job cleanup.
2023-12-11T17:17:44.8118147Z Post job cleanup.
2023-12-11T17:17:44.8843935Z [command]/usr/bin/git version
2023-12-11T17:17:44.8884927Z git version 2.43.0
2023-12-11T17:17:44.8931956Z Temporarily overriding HOME='/home/runner/work/_temp/547ef177-d3a2-431f-af0f-b41fc06aa2ad' before making global git config changes
2023-12-11T17:17:44.8933863Z Adding repository directory to the temporary git global config as a safe directory
2023-12-11T17:17:44.8937684Z [command]/usr/bin/git config --global --add safe.directory /home/runner/work/tinuous/tinuous
2023-12-11T17:17:44.8971191Z [command]/usr/bin/git config --local --name-only --get-regexp core\.sshCommand
2023-12-11T17:17:44.9002527Z [command]/usr/bin/git submodule foreach --recursive sh -c "git config --local --name-only --get-regexp 'core\.sshCommand' && git config --local --unset-all 'core.sshCommand' || :"
2023-12-11T17:17:44.9244926Z [command]/usr/bin/git config --local --name-only --get-regexp http\.https\:\/\/github\.com\/\.extraheader
2023-12-11T17:17:44.9265329Z http.https://github.com/.extraheader
2023-12-11T17:17:44.9276612Z [command]/usr/bin/git config --local --unset-all http.https://github.com/.extraheader
2023-12-11T17:17:44.9306907Z [command]/usr/bin/git submodule foreach --recursive sh -c "git config --local --name-only --get-regexp 'http\.https\:\/\/github\.com\/\.extraheader' && git config --local --unset-all 'http.https://github.com/.extraheader' || :"
2023-12-11T17:17:44.9771819Z Cleaning up orphan processes
