2023-12-11T17:17:13.1130207Z Requested labels: ubuntu-latest
2023-12-11T17:17:13.1130462Z Job defined at: con/tinuous/.github/workflows/test.yml@refs/heads/master
2023-12-11T17:17:13.1130553Z Waiting for a runner to pick up this job...
2023-12-11T17:17:15.1873188Z Job is waiting for a hosted runner to come online.
2023-12-11T17:17:17.1768634Z Job is about to start running on the hosted runner: GitHub Actions 10 (hosted)
2023-12-11T17:17:21.3796180Z Current runner version: '2.311.0'
2023-12-11T17:17:21.3819464Z ##[group]Operating System
2023-12-11T17:17:21.3820097Z Ubuntu
2023-12-11T17:17:21.3820436Z 22.04.3
2023-12-11T17:17:21.3820877Z LTS
2023-12-11T17:17:21.3821222Z ##[endgroup]
2023-12-11T17:17:21.3821565Z ##[group]Runner Image
2023-12-11T17:17:21.3822106Z Image: ubuntu-22.04
2023-12-11T17:17:21.3822503Z Version: 20231205.1.0
2023-12-11T17:17:21.3823525Z Included Software: https://github.com/actions/runner-images/blob/ubuntu22/20231205.1/images/ubuntu/Ubuntu2204-Readme.md
2023-12-11T17:17:21.3825039Z Image Release: https://github.com/actions/runner-images/releases/tag/ubuntu22%2F20231205.1
2023-12-11T17:17:21.3825906Z ##[endgroup]
2023-12-11T17:17:21.3826314Z ##[group]Runner Image Provisioner
2023-12-11T17:17:21.3826882Z 2.0.321.1
2023-12-11T17:17:21.3827220Z ##[endgroup]
2023-12-11T17:17:21.3829443Z ##[group]GITHUB_TOKEN Permissions
2023-12-11T17:17:21.3831027Z Actions: write
2023-12-11T17:17:21.3831475Z Checks: write
2023-12-11T17:17:21.3832108Z Contents: write
2023-12-11T17:17:21.3832615Z Deployments: write
2023-12-11T17:17:21.3833163Z Discussions: write
2023-12-11T17:17:21.3833556Z Issues: write
2023-12-11T17:17:21.3833931Z Metadata: read
2023-12-11T17:17:21.3834331Z Packages: write
2023-12-11T17:17:21.3834710Z Pages: write
2023-12-11T17:17:21.3835103Z PullRequests: write
2023-12-11T17:17:21.3835574Z RepositoryProjects: write
2023-12-11T17:17:21.3836043Z SecurityEvents: write
2023-12-11T17:17:21.3836448Z Statuses: write
2023-12-11T17:17:21.3836851Z ##[endgroup]
2023-12-11T17:17:21.3839836Z Secret source: Actions
2023-12-11T17:17:21.3840439Z Prepare workflow directory
2023-12-11T17:17:21.4463334Z Prepare all required actions
2023-12-11T17:17:21.4619303Z Getting action download info
2023-12-11T17:17:21.7586772Z Download action repository 'actions/checkout@v4' (SHA:b4ffde65f46336ab88eb53be808477a3936bae11)
2023-12-11T17:17:21.8733297Z Download action repository 'actions/setup-python@v5' (SHA:0a5c61591373683505ea898e09a3ea4f39ef2b9c)
2023-12-11T17:17:22.7318102Z Download action repository 'codecov/codecov-action@v3' (SHA:eaaf4bedf32dbdc6b720b63067d99c4d77d6047d)
2023-12-11T17:17:23.6413431Z Complete job name: test (3.8, typing)
2023-12-11T17:17:23.7330846Z ##[group]Run actions/checkout@v4
2023-12-11T17:17:23.7331339Z with:
2023-12-11T17:17:23.7331657Z   fetch-depth: 0
2023-12-11T17:17:23.7332120Z   repository: con/tinuous
2023-12-11T17:17:23.7332697Z   token: ***
2023-12-11T17:17:23.7333006Z   ssh-strict: true
2023-12-11T17:17:23.7333434Z   persist-credentials: true
2023-12-11T17:17:23.7333830Z   clean: true
2023-12-11T17:17:23.7334131Z   sparse-checkout-cone-mode: true
2023-12-11T17:17:23.7334599Z   fetch-tags: false
2023-12-11T17:17:23.7334946Z   show-progress: true
2023-12-11T17:17:23.7335249Z   lfs: false
2023-12-11T17:17:23.7335636Z   submodules: false
2023-12-11T17:17:23.7335969Z   set-safe-directory: true
2023-12-11T17:17:23.7336318Z ##[endgroup]
2023-12-11T17:17:23.9129211Z Syncing repository: con/tinuous
2023-12-11T17:17:23.9131717Z ##[group]Getting Git version info
2023-12-11T17:17:23.9133017Z Working directory is '/home/runner/work/tinuous/tinuous'
2023-12-11T17:17:23.9134468Z [command]/usr/bin/git version
2023-12-11T17:17:23.9135530Z git version 2.43.0
2023-12-11T17:17:23.9153730Z ##[endgroup]
2023-12-11T17:17:23.9174481Z Temporarily overriding HOME='/home/runner/work/_temp/11e76562-bc8e-4eaf-a4f8-d474ac87f3ed' before making global git config changes
2023-12-11T17:17:23.9176597Z Adding repository directory to the temporary git global config as a safe directory
2023-12-11T17:17:23.9178363Z [command]/usr/bin/git config --global --add safe.directory /home/runner/work/tinuous/tinuous
2023-12-11T17:17:23.9212698Z Deleting the contents of '/home/runner/work/tinuous/tinuous'
2023-12-11T17:17:23.9218898Z ##[group]Initializing the repository
2023-12-11T17:17:23.9222281Z [command]/usr/bin/git init /home/runner/work/tinuous/tinuous
2023-12-11T17:17:23.9281394Z hint: Using 'master' as the name for the initial branch. This default branch name
2023-12-11T17:17:23.9283245Z hint: is subject to change. To configure the initial branch name to use in all
2023-12-11T17:17:23.9284997Z hint: of your new repositories, which will suppress this warning, call:
2023-12-11T17:17:23.9285950Z hint: 
2023-12-11T17:17:23.9286672Z hint: 	git config --global init.defaultBranch <name>
2023-12-11T17:17:23.9287685Z hint: 
2023-12-11T17:17:23.9288575Z hint: Names commonly chosen instead of 'master' are 'main', 'trunk' and
2023-12-11T17:17:23.9321692Z hint: 'development'. The just-created branch can be renamed via this command:
2023-12-11T17:17:23.9322826Z hint: 
2023-12-11T17:17:23.9324435Z hint: 	git branch -m <name>
2023-12-11T17:17:23.9325387Z Initialized empty Git repository in /home/runner/work/tinuous/tinuous/.git/
2023-12-11T17:17:23.9328111Z [command]/usr/bin/git remote add origin https://github.com/con/tinuous
2023-12-11T17:17:23.9366494Z ##[endgroup]
2023-12-11T17:17:23.9367899Z ##[group]Disabling automatic garbage collection
2023-12-11T17:17:23.9370951Z [command]/usr/bin/git config --local gc.auto 0
2023-12-11T17:17:23.9399378Z ##[endgroup]
2023-12-11T17:17:23.9400586Z ##[group]Setting up auth
2023-12-11T17:17:23.9405632Z [command]/usr/bin/git config --local --name-only --get-regexp core\.sshCommand
2023-12-11T17:17:23.9435922Z [command]/usr/bin/git submodule foreach --recursive sh -c "git config --local --name-only --get-regexp 'core\.sshCommand' && git config --local --unset-all 'core.sshCommand' || :"
2023-12-11T17:17:23.9732539Z [command]/usr/bin/git config --local --name-only --get-regexp http\.https\:\/\/github\.com\/\.extraheader
2023-12-11T17:17:23.9759324Z [command]/usr/bin/git submodule foreach --recursive sh -c "git config --local --name-only --get-regexp 'http\.https\:\/\/github\.com\/\.extraheader' && git config --local --unset-all 'http.https://github.com/.extraheader' || :"
2023-12-11T17:17:23.9990289Z [command]/usr/bin/git config --local http.https://github.com/.extraheader AUTHORIZATION: basic ***
2023-12-11T17:17:24.0022638Z ##[endgroup]
2023-12-11T17:17:24.0023667Z ##[group]Fetching the repository
2023-12-11T17:17:24.0033128Z [command]/usr/bin/git -c protocol.version=2 fetch --prune --no-recurse-submodules origin +refs/heads/*:refs/remotes/origin/* +refs/tags/*:refs/tags/*
2023-12-11T17:17:24.7845408Z From https://github.com/con/tinuous
2023-12-11T17:17:24.7847646Z  * [new branch]      gh-55           -> origin/gh-55
2023-12-11T17:17:24.7848718Z  * [new branch]      master          -> origin/master
2023-12-11T17:17:24.7851026Z  * [new branch]      no-extra-search -> origin/no-extra-search
2023-12-11T17:17:24.7853037Z  * [new branch]      pragmata        -> origin/pragmata
2023-12-11T17:17:24.7854140Z  * [new branch]      test-appveyor   -> origin/test-appveyor
2023-12-11T17:17:24.7855126Z  * [new tag]         0.1.0           -> 0.1.0
2023-12-11T17:17:24.7858634Z  * [new tag]         0.2.0           -> 0.2.0
2023-12-11T17:17:24.7859623Z  * [new tag]         0.3.0           -> 0.3.0
2023-12-11T17:17:24.7860513Z  * [new tag]         0.4.0           -> 0.4.0
2023-12-11T17:17:24.7861609Z  * [new tag]         0.5.0           -> 0.5.0
2023-12-11T17:17:24.7862552Z  * [new tag]         0.5.1           -> 0.5.1
2023-12-11T17:17:24.7863388Z  * [new tag]         0.5.2           -> 0.5.2
2023-12-11T17:17:24.7864337Z  * [new tag]         0.5.3           -> 0.5.3
2023-12-11T17:17:24.7865110Z  * [new tag]         0.5.4           -> 0.5.4
2023-12-11T17:17:24.7865832Z  * [new tag]         0.6.0           -> 0.6.0
2023-12-11T17:17:24.7866779Z  * [new tag]         0.6.1           -> 0.6.1
2023-12-11T17:17:24.7898791Z [command]/usr/bin/git branch --list --remote origin/master
2023-12-11T17:17:24.7920804Z   origin/master
2023-12-11T17:17:24.7930531Z [command]/usr/bin/git rev-parse refs/remotes/origin/master
2023-12-11T17:17:24.7949961Z 8f657ffef4eed7f724d60b3278ac0f1b7105cc28
2023-12-11T17:17:24.7955376Z ##[endgroup]
2023-12-11T17:17:24.7956431Z ##[group]Determining the checkout info
2023-12-11T17:17:24.7957742Z ##[endgroup]
2023-12-11T17:17:24.7958675Z ##[group]Checking out the ref
2023-12-11T17:17:24.7961955Z [command]/usr/bin/git checkout --progress --force -B master refs/remotes/origin/master
2023-12-11T17:17:24.8021531Z Reset branch 'master'
2023-12-11T17:17:24.8022122Z branch 'master' set up to track 'origin/master'.
2023-12-11T17:17:24.8028259Z ##[endgroup]
2023-12-11T17:17:24.8060084Z [command]/usr/bin/git log -1 --format='%H'
2023-12-11T17:17:24.8081958Z '8f657ffef4eed7f724d60b3278ac0f1b7105cc28'
2023-12-11T17:17:24.8385810Z ##[group]Run actions/setup-python@v5
2023-12-11T17:17:24.8386268Z with:
2023-12-11T17:17:24.8386553Z   python-version: 3.8
2023-12-11T17:17:24.8387030Z   check-latest: false
2023-12-11T17:17:24.8387538Z   token: ***
2023-12-11T17:17:24.8387855Z   update-environment: true
2023-12-11T17:17:24.8388303Z   allow-prereleases: false
2023-12-11T17:17:24.8388660Z ##[endgroup]
2023-12-11T17:17:24.9944956Z ##[group]Installed versions
2023-12-11T17:17:25.0021693Z Successfully set up CPython (3.8.18)
2023-12-11T17:17:25.0023085Z ##[endgroup]
2023-12-11T17:17:25.0187567Z ##[group]Run python -m pip install --upgrade pip wheel
2023-12-11T17:17:25.0188373Z [36;1mpython -m pip install --upgrade pip wheel[0m
2023-12-11T17:17:25.0189052Z [36;1mpython -m pip install --upgrade --upgrade-strategy=eager tox[0m
2023-12-11T17:17:25.0250058Z shell: /usr/bin/bash -e {0}
2023-12-11T17:17:25.0250498Z env:
2023-12-11T17:17:25.0251006Z   pythonLocation: /opt/hostedtoolcache/Python/3.8.18/x64
2023-12-11T17:17:25.0251663Z   PKG_CONFIG_PATH: /opt/hostedtoolcache/Python/3.8.18/x64/lib/pkgconfig
2023-12-11T17:17:25.0252311Z   Python_ROOT_DIR: /opt/hostedtoolcache/Python/3.8.18/x64
2023-12-11T17:17:25.0252929Z   Python2_ROOT_DIR: /opt/hostedtoolcache/Python/3.8.18/x64
2023-12-11T17:17:25.0253505Z   Python3_ROOT_DIR: /opt/hostedtoolcache/Python/3.8.18/x64
2023-12-11T17:17:25.0254073Z   LD_LIBRARY_PATH: /opt/hostedtoolcache/Python/3.8.18/x64/lib
2023-12-11T17:17:25.0254645Z ##[endgroup]
2023-12-11T17:17:25.6914161Z Requirement already satisfied: pip in /opt/hostedtoolcache/Python/3.8.18/x64/lib/python3.8/site-packages (23.0.1)
2023-12-11T17:17:25.8279286Z Collecting pip
2023-12-11T17:17:25.8971736Z   Downloading pip-23.3.1-py3-none-any.whl.metadata (3.5 kB)
2023-12-11T17:17:25.9443934Z Collecting wheel
2023-12-11T17:17:25.9554026Z   Downloading wheel-0.42.0-py3-none-any.whl.metadata (2.2 kB)
2023-12-11T17:17:25.9727322Z Downloading pip-23.3.1-py3-none-any.whl (2.1 MB)
2023-12-11T17:17:26.1513584Z    ━━━━━━━━━━━━━━━━━━━━━━━━━━━━━━━━━━━━━━━━ 2.1/2.1 MB 12.2 MB/s eta 0:00:00
2023-12-11T17:17:26.1623344Z Downloading wheel-0.42.0-py3-none-any.whl (65 kB)
2023-12-11T17:17:26.1688250Z    ━━━━━━━━━━━━━━━━━━━━━━━━━━━━━━━━━━━━━━━━ 65.4/65.4 kB 13.0 MB/s eta 0:00:00
2023-12-11T17:17:26.2086994Z Installing collected packages: wheel, pip
2023-12-11T17:17:26.2478992Z   Attempting uninstall: pip
2023-12-11T17:17:26.2485347Z     Found existing installation: pip 23.0.1
2023-12-11T17:17:26.2974474Z     Uninstalling pip-23.0.1:
2023-12-11T17:17:26.3442775Z       Successfully uninstalled pip-23.0.1
2023-12-11T17:17:27.2538772Z Successfully installed pip-23.3.1 wheel-0.42.0
2023-12-11T17:17:28.0283331Z Collecting tox
2023-12-11T17:17:28.0951080Z   Downloading tox-4.11.4-py3-none-any.whl.metadata (5.0 kB)
2023-12-11T17:17:28.1567814Z Collecting cachetools>=5.3.1 (from tox)
2023-12-11T17:17:28.1675923Z   Downloading cachetools-5.3.2-py3-none-any.whl.metadata (5.2 kB)
2023-12-11T17:17:28.1925824Z Collecting chardet>=5.2 (from tox)
2023-12-11T17:17:28.2038584Z   Downloading chardet-5.2.0-py3-none-any.whl.metadata (3.4 kB)
2023-12-11T17:17:28.2368725Z Collecting colorama>=0.4.6 (from tox)
2023-12-11T17:17:28.2473822Z   Downloading colorama-0.4.6-py2.py3-none-any.whl (25 kB)
2023-12-11T17:17:28.2910676Z Collecting filelock>=3.12.3 (from tox)
2023-12-11T17:17:28.3016337Z   Downloading filelock-3.13.1-py3-none-any.whl.metadata (2.8 kB)
2023-12-11T17:17:28.3484451Z Collecting packaging>=23.1 (from tox)
2023-12-11T17:17:28.3589549Z   Downloading packaging-23.2-py3-none-any.whl.metadata (3.2 kB)
2023-12-11T17:17:28.3930900Z Collecting platformdirs>=3.10 (from tox)
2023-12-11T17:17:28.4038516Z   Downloading platformdirs-4.1.0-py3-none-any.whl.metadata (11 kB)
2023-12-11T17:17:28.4355540Z Collecting pluggy>=1.3 (from tox)
2023-12-11T17:17:28.4461860Z   Downloading pluggy-1.3.0-py3-none-any.whl.metadata (4.3 kB)
2023-12-11T17:17:28.4733269Z Collecting pyproject-api>=1.6.1 (from tox)
2023-12-11T17:17:28.4842073Z   Downloading pyproject_api-1.6.1-py3-none-any.whl.metadata (2.8 kB)
2023-12-11T17:17:28.5123235Z Collecting tomli>=2.0.1 (from tox)
2023-12-11T17:17:28.5229898Z   Downloading tomli-2.0.1-py3-none-any.whl (12 kB)
2023-12-11T17:17:28.6263042Z Collecting virtualenv>=20.24.3 (from tox)
2023-12-11T17:17:28.6371813Z   Downloading virtualenv-20.25.0-py3-none-any.whl.metadata (4.5 kB)
2023-12-11T17:17:28.7233850Z Collecting distlib<1,>=0.3.7 (from virtualenv>=20.24.3->tox)
2023-12-11T17:17:28.7339860Z   Downloading distlib-0.3.7-py2.py3-none-any.whl.metadata (5.1 kB)
2023-12-11T17:17:28.7598055Z Downloading tox-4.11.4-py3-none-any.whl (153 kB)
2023-12-11T17:17:28.7756397Z    ━━━━━━━━━━━━━━━━━━━━━━━━━━━━━━━━━━━━━━━━ 154.0/154.0 kB 10.9 MB/s eta 0:00:00
2023-12-11T17:17:28.7862899Z Downloading cachetools-5.3.2-py3-none-any.whl (9.3 kB)
2023-12-11T17:17:28.7999247Z Downloading chardet-5.2.0-py3-none-any.whl (199 kB)
2023-12-11T17:17:28.8068631Z    ━━━━━━━━━━━━━━━━━━━━━━━━━━━━━━━━━━━━━━━━ 199.4/199.4 kB 38.2 MB/s eta 0:00:00
2023-12-11T17:17:28.8174020Z Downloading filelock-3.13.1-py3-none-any.whl (11 kB)
2023-12-11T17:17:28.8302067Z Downloading packaging-23.2-py3-none-any.whl (53 kB)
2023-12-11T17:17:28.8349457Z    ━━━━━━━━━━━━━━━━━━━━━━━━━━━━━━━━━━━━━━━━ 53.0/53.0 kB 16.2 MB/s eta 0:00:00
2023-12-11T17:17:28.8455144Z Downloading platformdirs-4.1.0-py3-none-any.whl (17 kB)
2023-12-11T17:17:28.8584479Z Downloading pluggy-1.3.0-py3-none-any.whl (18 kB)
2023-12-11T17:17:28.8710381Z Downloading pyproject_api-1.6.1-py3-none-any.whl (12 kB)
2023-12-11T17:17:28.8841127Z Downloading virtualenv-20.25.0-py3-none-any.whl (3.8 MB)
2023-12-11T17:17:28.9308576Z    ━━━━━━━━━━━━━━━━━━━━━━━━━━━━━━━━━━━━━━━━ 3.8/3.8 MB 84.6 MB/s eta 0:00:00
2023-12-11T17:17:28.9417207Z Downloading distlib-0.3.7-py2.py3-none-any.whl (468 kB)
2023-12-11T17:17:28.9498715Z    ━━━━━━━━━━━━━━━━━━━━━━━━━━━━━━━━━━━━━━━━ 468.9/468.9 kB 77.9 MB/s eta 0:00:00
2023-12-11T17:17:29.0817877Z Installing collected packages: distlib, tomli, pluggy, platformdirs, packaging, filelock, colorama, chardet, cachetools, virtualenv, pyproject-api, tox
2023-12-11T17:17:29.6285331Z Successfully installed cachetools-5.3.2 chardet-5.2.0 colorama-0.4.6 distlib-0.3.7 filelock-3.13.1 packaging-23.2 platformdirs-4.1.0 pluggy-1.3.0 pyproject-api-1.6.1 tomli-2.0.1 tox-4.11.4 virtualenv-20.25.0
2023-12-11T17:17:29.7421336Z ##[group]Run tox -e typing
2023-12-11T17:17:29.7421803Z [36;1mtox -e typing[0m
2023-12-11T17:17:29.7466439Z shell: /usr/bin/bash -e {0}
2023-12-11T17:17:29.7466792Z env:
2023-12-11T17:17:29.7467298Z   pythonLocation: /opt/hostedtoolcache/Python/3.8.18/x64
2023-12-11T17:17:29.7467958Z   PKG_CONFIG_PATH: /opt/hostedtoolcache/Python/3.8.18/x64/lib/pkgconfig
2023-12-11T17:17:29.7468561Z   Python_ROOT_DIR: /opt/hostedtoolcache/Python/3.8.18/x64
2023-12-11T17:17:29.7469185Z   Python2_ROOT_DIR: /opt/hostedtoolcache/Python/3.8.18/x64
2023-12-11T17:17:29.7469757Z   Python3_ROOT_DIR: /opt/hostedtoolcache/Python/3.8.18/x64
2023-12-11T17:17:29.7470285Z   LD_LIBRARY_PATH: /opt/hostedtoolcache/Python/3.8.18/x64/lib
2023-12-11T17:17:29.7470835Z ##[endgroup]
2023-12-11T17:17:30.2943788Z typing: install_deps> python -I -m pip install mypy pytest pytest-cov pytest-mock types-python-dateutil types-PyYAML types-requests
2023-12-11T17:17:34.5390181Z .pkg: install_requires> python -I -m pip install 'setuptools>=46.4.0' versioningit
2023-12-11T17:17:36.0852342Z .pkg: _optional_hooks> python /opt/hostedtoolcache/Python/3.8.18/x64/lib/python3.8/site-packages/pyproject_api/_backend.py True setuptools.build_meta
2023-12-11T17:17:36.2916131Z .pkg: get_requires_for_build_sdist> python /opt/hostedtoolcache/Python/3.8.18/x64/lib/python3.8/site-packages/pyproject_api/_backend.py True setuptools.build_meta
2023-12-11T17:17:36.3955177Z .pkg: get_requires_for_build_wheel> python /opt/hostedtoolcache/Python/3.8.18/x64/lib/python3.8/site-packages/pyproject_api/_backend.py True setuptools.build_meta
2023-12-11T17:17:36.4583474Z .pkg: install_requires_for_build_wheel> python -I -m pip install wheel
2023-12-11T17:17:36.9559403Z .pkg: freeze> python -m pip freeze --all
2023-12-11T17:17:37.2579797Z .pkg: importlib-metadata==7.0.0,packaging==23.2,pip==23.3.1,setuptools==69.0.2,tomli==2.0.1,versioningit==2.3.0,wheel==0.42.0,zipp==3.17.0
2023-12-11T17:17:37.2586050Z .pkg: prepare_metadata_for_build_wheel> python /opt/hostedtoolcache/Python/3.8.18/x64/lib/python3.8/site-packages/pyproject_api/_backend.py True setuptools.build_meta
2023-12-11T17:17:37.3585331Z .pkg: build_sdist> python /opt/hostedtoolcache/Python/3.8.18/x64/lib/python3.8/site-packages/pyproject_api/_backend.py True setuptools.build_meta
2023-12-11T17:17:37.4410760Z typing: install_package_deps> python -I -m pip install 'PyYAML>=5.0' 'click-loglevel~=0.2' 'click>=7.0' 'ghtoken~=0.1' 'in-place~=1.0' 'pydantic~=2.0' 'python-dateutil~=2.7' 'python-dotenv<2.0,>=0.11' 'requests~=2.20' 'typing-extensions; python_version < "3.9"'
2023-12-11T17:17:41.1827148Z typing: install_package> python -I -m pip install --force-reinstall --no-deps /home/runner/work/tinuous/tinuous/.tox/.tmp/package/1/tinuous-0.6.1.post70+g8f657ff.tar.gz
2023-12-11T17:17:44.8789454Z typing: freeze> python -m pip freeze --all
2023-12-11T17:17:45.1972577Z typing: annotated-types==0.6.0,certifi==2023.11.17,charset-normalizer==3.3.2,click==8.1.7,click-loglevel==0.5.0,coverage==7.3.2,exceptiongroup==1.2.0,ghtoken==0.1.0,idna==3.6,in-place==1.0.0,iniconfig==2.0.0,mypy==1.7.1,mypy-extensions==1.0.0,packaging==23.2,pip==23.3.1,pluggy==1.3.0,pydantic==2.5.2,pydantic_core==2.14.5,pytest==7.4.3,pytest-cov==4.1.0,pytest-mock==3.12.0,python-dateutil==2.8.2,python-dotenv==1.0.0,PyYAML==6.0.1,requests==2.31.0,ruamel.yaml==0.18.5,ruamel.yaml.clib==0.2.8,setuptools==69.0.2,six==1.16.0,tinuous @ file:///home/runner/work/tinuous/tinuous/.tox/.tmp/package/1/tinuous-0.6.1.post70%2Bg8f657ff.tar.gz#sha256=8f021efa24c94e48a4dfbebd84f319a658407fa30d877195a84f05354f87db2d,tomli==2.0.1,types-python-dateutil==2.8.19.14,types-PyYAML==6.0.12.12,types-requests==2.31.0.10,typing_extensions==4.9.0,urllib3==2.1.0,wheel==0.42.0
2023-12-11T17:17:45.1978470Z typing: commands[0]> mypy src test
2023-12-11T17:17:51.0907075Z Success: no issues found in 15 source files
2023-12-11T17:17:51.1063491Z .pkg: _exit> python /opt/hostedtoolcache/Python/3.8.18/x64/lib/python3.8/site-packages/pyproject_api/_backend.py True setuptools.build_meta
2023-12-11T17:17:51.1260053Z   typing: OK (21.15=setup[15.24]+cmd[5.91] seconds)
2023-12-11T17:17:51.1260596Z   congratulations :) (21.24 seconds)
2023-12-11T17:17:51.1585836Z Post job cleanup.
2023-12-11T17:17:51.3132321Z Post job cleanup.
2023-12-11T17:17:51.3873883Z [command]/usr/bin/git version
2023-12-11T17:17:51.3914926Z git version 2.43.0
2023-12-11T17:17:51.3957675Z Temporarily overriding HOME='/home/runner/work/_temp/6043925e-d48b-4502-b79d-4918083ecefd' before making global git config changes
2023-12-11T17:17:51.3959628Z Adding repository directory to the temporary git global config as a safe directory
2023-12-11T17:17:51.3963825Z [command]/usr/bin/git config --global --add safe.directory /home/runner/work/tinuous/tinuous
2023-12-11T17:17:51.3999062Z [command]/usr/bin/git config --local --name-only --get-regexp core\.sshCommand
2023-12-11T17:17:51.4031849Z [command]/usr/bin/git submodule foreach --recursive sh -c "git config --local --name-only --get-regexp 'core\.sshCommand' && git config --local --unset-all 'core.sshCommand' || :"
2023-12-11T17:17:51.4284165Z [command]/usr/bin/git config --local --name-only --get-regexp http\.https\:\/\/github\.com\/\.extraheader
2023-12-11T17:17:51.4309793Z http.https://github.com/.extraheader
2023-12-11T17:17:51.4321665Z [command]/usr/bin/git config --local --unset-all http.https://github.com/.extraheader
2023-12-11T17:17:51.4351073Z [command]/usr/bin/git submodule foreach --recursive sh -c "git config --local --name-only --get-regexp 'http\.https\:\/\/github\.com\/\.extraheader' && git config --local --unset-all 'http.https://github.com/.extraheader' || :"
2023-12-11T17:17:51.4835702Z Cleaning up orphan processes
