2021-06-14T15:44:27.0939721Z ##[section]Starting: Request a runner to run this job
2021-06-14T15:44:27.1905726Z Can't find any online and idle self-hosted runner in current repository that matches the required labels: 'ubuntu-latest'
2021-06-14T15:44:27.2273061Z Can't find any online and idle self-hosted runner in current repository's organization account that matches the required labels: 'ubuntu-latest'
2021-06-14T15:44:27.3533630Z Found online and idle hosted runner in current repository's organization account that matches the required labels: 'ubuntu-latest'
2021-06-14T15:44:27.5189986Z ##[section]Finishing: Request a runner to run this job
2021-06-14T15:44:36.2169032Z Current runner version: '2.278.0'
2021-06-14T15:44:36.2200913Z ##[group]Operating System
2021-06-14T15:44:36.2202086Z Ubuntu
2021-06-14T15:44:36.2202592Z 20.04.2
2021-06-14T15:44:36.2203167Z LTS
2021-06-14T15:44:36.2203701Z ##[endgroup]
2021-06-14T15:44:36.2204392Z ##[group]Virtual Environment
2021-06-14T15:44:36.2205132Z Environment: ubuntu-20.04
2021-06-14T15:44:36.2205841Z Version: 20210606.1
2021-06-14T15:44:36.2245845Z Included Software: https://github.com/actions/virtual-environments/blob/ubuntu20/20210606.1/images/linux/Ubuntu2004-README.md
2021-06-14T15:44:36.2250648Z Image Release: https://github.com/actions/virtual-environments/releases/tag/ubuntu20%2F20210606.1
2021-06-14T15:44:36.2252080Z ##[endgroup]
2021-06-14T15:44:36.2254622Z ##[group]GITHUB_TOKEN Permissions
2021-06-14T15:44:36.2256223Z Actions: write
2021-06-14T15:44:36.2256875Z Checks: write
2021-06-14T15:44:36.2257454Z Contents: write
2021-06-14T15:44:36.2258150Z Deployments: write
2021-06-14T15:44:36.2258993Z Discussions: write
2021-06-14T15:44:36.2259669Z Issues: write
2021-06-14T15:44:36.2260240Z Metadata: read
2021-06-14T15:44:36.2260904Z Packages: write
2021-06-14T15:44:36.2261529Z PullRequests: write
2021-06-14T15:44:36.2262350Z RepositoryProjects: write
2021-06-14T15:44:36.2263310Z SecurityEvents: write
2021-06-14T15:44:36.2264008Z Statuses: write
2021-06-14T15:44:36.2264748Z ##[endgroup]
2021-06-14T15:44:36.2268521Z Prepare workflow directory
2021-06-14T15:44:36.3017728Z Prepare all required actions
2021-06-14T15:44:36.3031272Z Getting action download info
2021-06-14T15:44:36.6889019Z Download action repository 'actions/checkout@v2'
2021-06-14T15:44:38.7026891Z Download action repository 'actions/setup-python@v2'
2021-06-14T15:44:38.9137518Z Download action repository 'codecov/codecov-action@v1'
2021-06-14T15:44:39.2254786Z ##[group]Run actions/checkout@v2
2021-06-14T15:44:39.2255562Z with:
2021-06-14T15:44:39.2256085Z   fetch-depth: 0
2021-06-14T15:44:39.2256677Z   repository: con/tinuous
2021-06-14T15:44:39.2257753Z   token: ***
2021-06-14T15:44:39.2258300Z   ssh-strict: true
2021-06-14T15:44:39.2258939Z   persist-credentials: true
2021-06-14T15:44:39.2259574Z   clean: true
2021-06-14T15:44:39.2260049Z   lfs: false
2021-06-14T15:44:39.2260574Z   submodules: false
2021-06-14T15:44:39.2261119Z ##[endgroup]
2021-06-14T15:44:39.4593070Z Syncing repository: con/tinuous
2021-06-14T15:44:39.4594289Z ##[group]Getting Git version info
2021-06-14T15:44:39.4595898Z Working directory is '/home/runner/work/tinuous/tinuous'
2021-06-14T15:44:39.4660425Z [command]/usr/bin/git version
2021-06-14T15:44:39.4797684Z git version 2.31.1
2021-06-14T15:44:39.4821959Z ##[endgroup]
2021-06-14T15:44:39.4828856Z Deleting the contents of '/home/runner/work/tinuous/tinuous'
2021-06-14T15:44:39.4833595Z ##[group]Initializing the repository
2021-06-14T15:44:39.4838041Z [command]/usr/bin/git init /home/runner/work/tinuous/tinuous
2021-06-14T15:44:39.4908861Z hint: Using 'master' as the name for the initial branch. This default branch name
2021-06-14T15:44:40.0029669Z hint: is subject to change. To configure the initial branch name to use in all
2021-06-14T15:44:40.0053403Z hint: of your new repositories, which will suppress this warning, call:
2021-06-14T15:44:40.0054384Z hint: 
2021-06-14T15:44:40.0055895Z hint: 	git config --global init.defaultBranch <name>
2021-06-14T15:44:40.0056763Z hint: 
2021-06-14T15:44:40.0057816Z hint: Names commonly chosen instead of 'master' are 'main', 'trunk' and
2021-06-14T15:44:40.0059172Z hint: 'development'. The just-created branch can be renamed via this command:
2021-06-14T15:44:40.0060093Z hint: 
2021-06-14T15:44:40.0060924Z hint: 	git branch -m <name>
2021-06-14T15:44:40.0061896Z Initialized empty Git repository in /home/runner/work/tinuous/tinuous/.git/
2021-06-14T15:44:40.0063458Z [command]/usr/bin/git remote add origin https://github.com/con/tinuous
2021-06-14T15:44:40.0064591Z ##[endgroup]
2021-06-14T15:44:40.0065455Z ##[group]Disabling automatic garbage collection
2021-06-14T15:44:40.0066629Z [command]/usr/bin/git config --local gc.auto 0
2021-06-14T15:44:40.0067795Z ##[endgroup]
2021-06-14T15:44:40.0070043Z ##[group]Setting up auth
2021-06-14T15:44:40.0071287Z [command]/usr/bin/git config --local --name-only --get-regexp core\.sshCommand
2021-06-14T15:44:40.0074369Z [command]/usr/bin/git submodule foreach --recursive git config --local --name-only --get-regexp 'core\.sshCommand' && git config --local --unset-all 'core.sshCommand' || :
2021-06-14T15:44:40.0076503Z [command]/usr/bin/git config --local --name-only --get-regexp http\.https\:\/\/github\.com\/\.extraheader
2021-06-14T15:44:40.0078863Z [command]/usr/bin/git submodule foreach --recursive git config --local --name-only --get-regexp 'http\.https\:\/\/github\.com\/\.extraheader' && git config --local --unset-all 'http.https://github.com/.extraheader' || :
2021-06-14T15:44:40.0081152Z [command]/usr/bin/git config --local http.https://github.com/.extraheader AUTHORIZATION: basic ***
2021-06-14T15:44:40.0082350Z ##[endgroup]
2021-06-14T15:44:40.0083125Z ##[group]Fetching the repository
2021-06-14T15:44:40.0084865Z [command]/usr/bin/git -c protocol.version=2 fetch --prune --progress --no-recurse-submodules origin +refs/heads/*:refs/remotes/origin/* +refs/tags/*:refs/tags/*
2021-06-14T15:44:40.0086293Z remote: Enumerating objects: 751, done.        
2021-06-14T15:44:40.0087135Z remote: Counting objects:   0% (1/405)        
2021-06-14T15:44:40.0087948Z remote: Counting objects:   1% (5/405)        
2021-06-14T15:44:40.0088761Z remote: Counting objects:   2% (9/405)        
2021-06-14T15:44:40.0089565Z remote: Counting objects:   3% (13/405)        
2021-06-14T15:44:40.0090404Z remote: Counting objects:   4% (17/405)        
2021-06-14T15:44:40.0091197Z remote: Counting objects:   5% (21/405)        
2021-06-14T15:44:40.0092415Z remote: Counting objects:   6% (25/405)        
2021-06-14T15:44:40.0093276Z remote: Counting objects:   7% (29/405)        
2021-06-14T15:44:40.0094074Z remote: Counting objects:   8% (33/405)        
2021-06-14T15:44:40.0095347Z remote: Counting objects:   9% (37/405)        
2021-06-14T15:44:40.0096186Z remote: Counting objects:  10% (41/405)        
2021-06-14T15:44:40.0096979Z remote: Counting objects:  11% (45/405)        
2021-06-14T15:44:40.0097785Z remote: Counting objects:  12% (49/405)        
2021-06-14T15:44:40.0098575Z remote: Counting objects:  13% (53/405)        
2021-06-14T15:44:40.0099389Z remote: Counting objects:  14% (57/405)        
2021-06-14T15:44:40.0100461Z remote: Counting objects:  15% (61/405)        
2021-06-14T15:44:40.0101258Z remote: Counting objects:  16% (65/405)        
2021-06-14T15:44:40.0102065Z remote: Counting objects:  17% (69/405)        
2021-06-14T15:44:40.0103019Z remote: Counting objects:  18% (73/405)        
2021-06-14T15:44:40.0103866Z remote: Counting objects:  19% (77/405)        
2021-06-14T15:44:40.0105235Z remote: Counting objects:  20% (81/405)        
2021-06-14T15:44:40.0110358Z remote: Counting objects:  21% (86/405)        
2021-06-14T15:44:40.0111232Z remote: Counting objects:  22% (90/405)        
2021-06-14T15:44:40.0112086Z remote: Counting objects:  23% (94/405)        
2021-06-14T15:44:40.0112888Z remote: Counting objects:  24% (98/405)        
2021-06-14T15:44:40.0113707Z remote: Counting objects:  25% (102/405)        
2021-06-14T15:44:40.0114530Z remote: Counting objects:  26% (106/405)        
2021-06-14T15:44:40.0115329Z remote: Counting objects:  27% (110/405)        
2021-06-14T15:44:40.0116145Z remote: Counting objects:  28% (114/405)        
2021-06-14T15:44:40.0116966Z remote: Counting objects:  29% (118/405)        
2021-06-14T15:44:40.0117762Z remote: Counting objects:  30% (122/405)        
2021-06-14T15:44:40.0118633Z remote: Counting objects:  31% (126/405)        
2021-06-14T15:44:40.0119471Z remote: Counting objects:  32% (130/405)        
2021-06-14T15:44:40.0120298Z remote: Counting objects:  33% (134/405)        
2021-06-14T15:44:40.0121107Z remote: Counting objects:  34% (138/405)        
2021-06-14T15:44:40.0121902Z remote: Counting objects:  35% (142/405)        
2021-06-14T15:44:40.0122958Z remote: Counting objects:  36% (146/405)        
2021-06-14T15:44:40.0123752Z remote: Counting objects:  37% (150/405)        
2021-06-14T15:44:40.0124571Z remote: Counting objects:  38% (154/405)        
2021-06-14T15:44:40.0125381Z remote: Counting objects:  39% (158/405)        
2021-06-14T15:44:40.0126177Z remote: Counting objects:  40% (162/405)        
2021-06-14T15:44:40.0126989Z remote: Counting objects:  41% (167/405)        
2021-06-14T15:44:40.0127780Z remote: Counting objects:  42% (171/405)        
2021-06-14T15:44:40.0128591Z remote: Counting objects:  43% (175/405)        
2021-06-14T15:44:40.0129404Z remote: Counting objects:  44% (179/405)        
2021-06-14T15:44:40.0130195Z remote: Counting objects:  45% (183/405)        
2021-06-14T15:44:40.0131007Z remote: Counting objects:  46% (187/405)        
2021-06-14T15:44:40.0131818Z remote: Counting objects:  47% (191/405)        
2021-06-14T15:44:40.0132613Z remote: Counting objects:  48% (195/405)        
2021-06-14T15:44:40.0133416Z remote: Counting objects:  49% (199/405)        
2021-06-14T15:44:40.0134218Z remote: Counting objects:  50% (203/405)        
2021-06-14T15:44:40.0135023Z remote: Counting objects:  51% (207/405)        
2021-06-14T15:44:40.0135832Z remote: Counting objects:  52% (211/405)        
2021-06-14T15:44:40.0136628Z remote: Counting objects:  53% (215/405)        
2021-06-14T15:44:40.0137433Z remote: Counting objects:  54% (219/405)        
2021-06-14T15:44:40.0138231Z remote: Counting objects:  55% (223/405)        
2021-06-14T15:44:40.0139038Z remote: Counting objects:  56% (227/405)        
2021-06-14T15:44:40.0139850Z remote: Counting objects:  57% (231/405)        
2021-06-14T15:44:40.0140643Z remote: Counting objects:  58% (235/405)        
2021-06-14T15:44:40.0141560Z remote: Counting objects:  59% (239/405)        
2021-06-14T15:44:40.0142381Z remote: Counting objects:  60% (243/405)        
2021-06-14T15:44:40.0143473Z remote: Counting objects:  61% (248/405)        
2021-06-14T15:44:40.0144296Z remote: Counting objects:  62% (252/405)        
2021-06-14T15:44:40.0145110Z remote: Counting objects:  63% (256/405)        
2021-06-14T15:44:40.0145916Z remote: Counting objects:  64% (260/405)        
2021-06-14T15:44:40.0146707Z remote: Counting objects:  65% (264/405)        
2021-06-14T15:44:40.0147524Z remote: Counting objects:  66% (268/405)        
2021-06-14T15:44:40.0148335Z remote: Counting objects:  67% (272/405)        
2021-06-14T15:44:40.0149124Z remote: Counting objects:  68% (276/405)        
2021-06-14T15:44:40.0149932Z remote: Counting objects:  69% (280/405)        
2021-06-14T15:44:40.0150735Z remote: Counting objects:  70% (284/405)        
2021-06-14T15:44:40.0151533Z remote: Counting objects:  71% (288/405)        
2021-06-14T15:44:40.0152348Z remote: Counting objects:  72% (292/405)        
2021-06-14T15:44:40.0153347Z remote: Counting objects:  73% (296/405)        
2021-06-14T15:44:40.0154137Z remote: Counting objects:  74% (300/405)        
2021-06-14T15:44:40.0154949Z remote: Counting objects:  75% (304/405)        
2021-06-14T15:44:40.0155758Z remote: Counting objects:  76% (308/405)        
2021-06-14T15:44:40.0156573Z remote: Counting objects:  77% (312/405)        
2021-06-14T15:44:40.0157713Z remote: Counting objects:  78% (316/405)        
2021-06-14T15:44:40.0158522Z remote: Counting objects:  79% (320/405)        
2021-06-14T15:44:40.0159335Z remote: Counting objects:  80% (324/405)        
2021-06-14T15:44:40.0160144Z remote: Counting objects:  81% (329/405)        
2021-06-14T15:44:40.0160937Z remote: Counting objects:  82% (333/405)        
2021-06-14T15:44:40.0161741Z remote: Counting objects:  83% (337/405)        
2021-06-14T15:44:40.0162542Z remote: Counting objects:  84% (341/405)        
2021-06-14T15:44:40.0163361Z remote: Counting objects:  85% (345/405)        
2021-06-14T15:44:40.0164173Z remote: Counting objects:  86% (349/405)        
2021-06-14T15:44:40.0164971Z remote: Counting objects:  87% (353/405)        
2021-06-14T15:44:40.0165778Z remote: Counting objects:  88% (357/405)        
2021-06-14T15:44:40.0166769Z remote: Counting objects:  89% (361/405)        
2021-06-14T15:44:40.0167580Z remote: Counting objects:  90% (365/405)        
2021-06-14T15:44:40.0168389Z remote: Counting objects:  91% (369/405)        
2021-06-14T15:44:40.0169186Z remote: Counting objects:  92% (373/405)        
2021-06-14T15:44:40.0170354Z remote: Counting objects:  93% (377/405)        
2021-06-14T15:44:40.0204435Z remote: Counting objects:  94% (381/405)        
2021-06-14T15:44:40.0205284Z remote: Counting objects:  95% (385/405)        
2021-06-14T15:44:40.0206121Z remote: Counting objects:  96% (389/405)        
2021-06-14T15:44:40.0206938Z remote: Counting objects:  97% (393/405)        
2021-06-14T15:44:40.0207769Z remote: Counting objects:  98% (397/405)        
2021-06-14T15:44:40.0208589Z remote: Counting objects:  99% (401/405)        
2021-06-14T15:44:40.0209403Z remote: Counting objects: 100% (405/405)        
2021-06-14T15:44:40.0210232Z remote: Counting objects: 100% (405/405), done.        
2021-06-14T15:44:40.0211106Z remote: Compressing objects:   0% (1/204)        
2021-06-14T15:44:40.0211954Z remote: Compressing objects:   1% (3/204)        
2021-06-14T15:44:40.0212824Z remote: Compressing objects:   2% (5/204)        
2021-06-14T15:44:40.0213686Z remote: Compressing objects:   3% (7/204)        
2021-06-14T15:44:40.0214531Z remote: Compressing objects:   4% (9/204)        
2021-06-14T15:44:40.0215394Z remote: Compressing objects:   5% (11/204)        
2021-06-14T15:44:40.0216258Z remote: Compressing objects:   6% (13/204)        
2021-06-14T15:44:40.0217160Z remote: Compressing objects:   7% (15/204)        
2021-06-14T15:44:40.0218028Z remote: Compressing objects:   8% (17/204)        
2021-06-14T15:44:40.0219073Z remote: Compressing objects:   9% (19/204)        
2021-06-14T15:44:40.0219974Z remote: Compressing objects:  10% (21/204)        
2021-06-14T15:44:40.0220836Z remote: Compressing objects:  11% (23/204)        
2021-06-14T15:44:40.0221684Z remote: Compressing objects:  12% (25/204)        
2021-06-14T15:44:40.0222555Z remote: Compressing objects:  13% (27/204)        
2021-06-14T15:44:40.0223772Z remote: Compressing objects:  14% (29/204)        
2021-06-14T15:44:40.0224638Z remote: Compressing objects:  15% (31/204)        
2021-06-14T15:44:40.0225494Z remote: Compressing objects:  16% (33/204)        
2021-06-14T15:44:40.0226338Z remote: Compressing objects:  17% (35/204)        
2021-06-14T15:44:40.0227199Z remote: Compressing objects:  18% (37/204)        
2021-06-14T15:44:40.0228054Z remote: Compressing objects:  19% (39/204)        
2021-06-14T15:44:40.0228904Z remote: Compressing objects:  20% (41/204)        
2021-06-14T15:44:40.0229758Z remote: Compressing objects:  21% (43/204)        
2021-06-14T15:44:40.0230610Z remote: Compressing objects:  22% (45/204)        
2021-06-14T15:44:40.0231469Z remote: Compressing objects:  23% (47/204)        
2021-06-14T15:44:40.0232327Z remote: Compressing objects:  24% (49/204)        
2021-06-14T15:44:40.0233170Z remote: Compressing objects:  25% (51/204)        
2021-06-14T15:44:40.0234032Z remote: Compressing objects:  26% (54/204)        
2021-06-14T15:44:40.0320385Z remote: Compressing objects:  27% (56/204)        
2021-06-14T15:44:40.0337549Z remote: Compressing objects:  28% (58/204)        
2021-06-14T15:44:40.0338530Z remote: Compressing objects:  29% (60/204)        
2021-06-14T15:44:40.0339403Z remote: Compressing objects:  30% (62/204)        
2021-06-14T15:44:40.0340280Z remote: Compressing objects:  31% (64/204)        
2021-06-14T15:44:40.0341154Z remote: Compressing objects:  32% (66/204)        
2021-06-14T15:44:40.0342004Z remote: Compressing objects:  33% (68/204)        
2021-06-14T15:44:40.0343062Z remote: Compressing objects:  34% (70/204)        
2021-06-14T15:44:40.0360346Z remote: Compressing objects:  35% (72/204)        
2021-06-14T15:44:40.0361364Z remote: Compressing objects:  36% (74/204)        
2021-06-14T15:44:40.0362272Z remote: Compressing objects:  37% (76/204)        
2021-06-14T15:44:40.0363410Z remote: Compressing objects:  38% (78/204)        
2021-06-14T15:44:40.0364285Z remote: Compressing objects:  39% (80/204)        
2021-06-14T15:44:40.0365153Z remote: Compressing objects:  40% (82/204)        
2021-06-14T15:44:40.0366007Z remote: Compressing objects:  41% (84/204)        
2021-06-14T15:44:40.0366877Z remote: Compressing objects:  42% (86/204)        
2021-06-14T15:44:40.0367745Z remote: Compressing objects:  43% (88/204)        
2021-06-14T15:44:40.0368597Z remote: Compressing objects:  44% (90/204)        
2021-06-14T15:44:40.0369458Z remote: Compressing objects:  45% (92/204)        
2021-06-14T15:44:40.0370303Z remote: Compressing objects:  46% (94/204)        
2021-06-14T15:44:40.0371173Z remote: Compressing objects:  47% (96/204)        
2021-06-14T15:44:40.0372042Z remote: Compressing objects:  48% (98/204)        
2021-06-14T15:44:40.0372895Z remote: Compressing objects:  49% (100/204)        
2021-06-14T15:44:40.0373759Z remote: Compressing objects:  50% (102/204)        
2021-06-14T15:44:40.0374618Z remote: Compressing objects:  51% (105/204)        
2021-06-14T15:44:40.0375485Z remote: Compressing objects:  52% (107/204)        
2021-06-14T15:44:40.0376350Z remote: Compressing objects:  53% (109/204)        
2021-06-14T15:44:40.0377197Z remote: Compressing objects:  54% (111/204)        
2021-06-14T15:44:40.0378060Z remote: Compressing objects:  55% (113/204)        
2021-06-14T15:44:40.0379802Z remote: Compressing objects:  56% (115/204)        
2021-06-14T15:44:40.0380684Z remote: Compressing objects:  57% (117/204)        
2021-06-14T15:44:40.0381561Z remote: Compressing objects:  58% (119/204)        
2021-06-14T15:44:40.0382412Z remote: Compressing objects:  59% (121/204)        
2021-06-14T15:44:40.0383784Z remote: Compressing objects:  60% (123/204)        
2021-06-14T15:44:40.0384960Z remote: Compressing objects:  61% (125/204)        
2021-06-14T15:44:40.0385820Z remote: Compressing objects:  62% (127/204)        
2021-06-14T15:44:40.0386684Z remote: Compressing objects:  63% (129/204)        
2021-06-14T15:44:40.0387544Z remote: Compressing objects:  64% (131/204)        
2021-06-14T15:44:40.0388405Z remote: Compressing objects:  65% (133/204)        
2021-06-14T15:44:40.0389272Z remote: Compressing objects:  66% (135/204)        
2021-06-14T15:44:40.0390120Z remote: Compressing objects:  67% (137/204)        
2021-06-14T15:44:40.0390985Z remote: Compressing objects:  68% (139/204)        
2021-06-14T15:44:40.0391830Z remote: Compressing objects:  69% (141/204)        
2021-06-14T15:44:40.0392760Z remote: Compressing objects:  70% (143/204)        
2021-06-14T15:44:40.0393618Z remote: Compressing objects:  71% (145/204)        
2021-06-14T15:44:40.0394467Z remote: Compressing objects:  72% (147/204)        
2021-06-14T15:44:40.0395339Z remote: Compressing objects:  73% (149/204)        
2021-06-14T15:44:40.0396200Z remote: Compressing objects:  74% (151/204)        
2021-06-14T15:44:40.0397049Z remote: Compressing objects:  75% (153/204)        
2021-06-14T15:44:40.0397917Z remote: Compressing objects:  76% (156/204)        
2021-06-14T15:44:40.0398760Z remote: Compressing objects:  77% (158/204)        
2021-06-14T15:44:40.0399622Z remote: Compressing objects:  78% (160/204)        
2021-06-14T15:44:40.0400482Z remote: Compressing objects:  79% (162/204)        
2021-06-14T15:44:40.0401335Z remote: Compressing objects:  80% (164/204)        
2021-06-14T15:44:40.0402198Z remote: Compressing objects:  81% (166/204)        
2021-06-14T15:44:40.0403050Z remote: Compressing objects:  82% (168/204)        
2021-06-14T15:44:40.0403911Z remote: Compressing objects:  83% (170/204)        
2021-06-14T15:44:40.0404772Z remote: Compressing objects:  84% (172/204)        
2021-06-14T15:44:40.0405625Z remote: Compressing objects:  85% (174/204)        
2021-06-14T15:44:40.0406487Z remote: Compressing objects:  86% (176/204)        
2021-06-14T15:44:40.0407338Z remote: Compressing objects:  87% (178/204)        
2021-06-14T15:44:40.0408198Z remote: Compressing objects:  88% (180/204)        
2021-06-14T15:44:40.0409211Z remote: Compressing objects:  89% (182/204)        
2021-06-14T15:44:40.0410054Z remote: Compressing objects:  90% (184/204)        
2021-06-14T15:44:40.0410917Z remote: Compressing objects:  91% (186/204)        
2021-06-14T15:44:40.0411776Z remote: Compressing objects:  92% (188/204)        
2021-06-14T15:44:40.0412614Z remote: Compressing objects:  93% (190/204)        
2021-06-14T15:44:40.0413513Z remote: Compressing objects:  94% (192/204)        
2021-06-14T15:44:40.0414362Z remote: Compressing objects:  95% (194/204)        
2021-06-14T15:44:40.0415225Z remote: Compressing objects:  96% (196/204)        
2021-06-14T15:44:40.0416087Z remote: Compressing objects:  97% (198/204)        
2021-06-14T15:44:40.0416946Z remote: Compressing objects:  98% (200/204)        
2021-06-14T15:44:40.0417835Z remote: Compressing objects:  99% (202/204)        
2021-06-14T15:44:40.0418698Z remote: Compressing objects: 100% (204/204)        
2021-06-14T15:44:40.0419591Z remote: Compressing objects: 100% (204/204), done.        
2021-06-14T15:44:40.0420421Z Receiving objects:   0% (1/751)
2021-06-14T15:44:40.0421167Z Receiving objects:   1% (8/751)
2021-06-14T15:44:40.0421905Z Receiving objects:   2% (16/751)
2021-06-14T15:44:40.0422658Z Receiving objects:   3% (23/751)
2021-06-14T15:44:40.0423573Z Receiving objects:   4% (31/751)
2021-06-14T15:44:40.0424323Z Receiving objects:   5% (38/751)
2021-06-14T15:44:40.0425080Z Receiving objects:   6% (46/751)
2021-06-14T15:44:40.0425818Z Receiving objects:   7% (53/751)
2021-06-14T15:44:40.0426576Z Receiving objects:   8% (61/751)
2021-06-14T15:44:40.0427366Z Receiving objects:   9% (68/751)
2021-06-14T15:44:40.0428103Z Receiving objects:  10% (76/751)
2021-06-14T15:44:40.0428982Z Receiving objects:  11% (83/751)
2021-06-14T15:44:40.0429749Z Receiving objects:  12% (91/751)
2021-06-14T15:44:40.0430507Z Receiving objects:  13% (98/751)
2021-06-14T15:44:40.0431269Z Receiving objects:  14% (106/751)
2021-06-14T15:44:40.0432017Z Receiving objects:  15% (113/751)
2021-06-14T15:44:40.0432784Z Receiving objects:  16% (121/751)
2021-06-14T15:44:40.0433528Z Receiving objects:  17% (128/751)
2021-06-14T15:44:40.0434288Z Receiving objects:  18% (136/751)
2021-06-14T15:44:40.0435045Z Receiving objects:  19% (143/751)
2021-06-14T15:44:40.0435783Z Receiving objects:  20% (151/751)
2021-06-14T15:44:40.0436531Z Receiving objects:  21% (158/751)
2021-06-14T15:44:40.0437275Z Receiving objects:  22% (166/751)
2021-06-14T15:44:40.0438032Z Receiving objects:  23% (173/751)
2021-06-14T15:44:40.0438787Z Receiving objects:  24% (181/751)
2021-06-14T15:44:40.0439525Z Receiving objects:  25% (188/751)
2021-06-14T15:44:40.0440321Z Receiving objects:  26% (196/751)
2021-06-14T15:44:40.0441056Z Receiving objects:  27% (203/751)
2021-06-14T15:44:40.0441821Z Receiving objects:  28% (211/751)
2021-06-14T15:44:40.0442577Z Receiving objects:  29% (218/751)
2021-06-14T15:44:40.0443315Z Receiving objects:  30% (226/751)
2021-06-14T15:44:40.0444065Z Receiving objects:  31% (233/751)
2021-06-14T15:44:40.0444814Z Receiving objects:  32% (241/751)
2021-06-14T15:44:40.0445573Z Receiving objects:  33% (248/751)
2021-06-14T15:44:40.0446321Z Receiving objects:  34% (256/751)
2021-06-14T15:44:40.0447062Z Receiving objects:  35% (263/751)
2021-06-14T15:44:40.0447807Z Receiving objects:  36% (271/751)
2021-06-14T15:44:40.0448544Z Receiving objects:  37% (278/751)
2021-06-14T15:44:40.0449304Z Receiving objects:  38% (286/751)
2021-06-14T15:44:40.0450060Z Receiving objects:  39% (293/751)
2021-06-14T15:44:40.0450800Z Receiving objects:  40% (301/751)
2021-06-14T15:44:40.0451550Z Receiving objects:  41% (308/751)
2021-06-14T15:44:40.0452286Z Receiving objects:  42% (316/751)
2021-06-14T15:44:40.0453040Z Receiving objects:  43% (323/751)
2021-06-14T15:44:40.0453804Z Receiving objects:  44% (331/751)
2021-06-14T15:44:40.0454545Z Receiving objects:  45% (338/751)
2021-06-14T15:44:40.0455293Z Receiving objects:  46% (346/751)
2021-06-14T15:44:40.0456033Z Receiving objects:  47% (353/751)
2021-06-14T15:44:40.0456936Z Receiving objects:  48% (361/751)
2021-06-14T15:44:40.0457689Z Receiving objects:  49% (368/751)
2021-06-14T15:44:40.0458427Z Receiving objects:  50% (376/751)
2021-06-14T15:44:40.0459176Z Receiving objects:  51% (384/751)
2021-06-14T15:44:40.0459912Z Receiving objects:  52% (391/751)
2021-06-14T15:44:40.0460671Z Receiving objects:  53% (399/751)
2021-06-14T15:44:40.0461425Z Receiving objects:  54% (406/751)
2021-06-14T15:44:40.0462161Z Receiving objects:  55% (414/751)
2021-06-14T15:44:40.0463264Z Receiving objects:  56% (421/751)
2021-06-14T15:44:40.0464037Z Receiving objects:  57% (429/751)
2021-06-14T15:44:40.0464796Z Receiving objects:  58% (436/751)
2021-06-14T15:44:40.0465555Z Receiving objects:  59% (444/751)
2021-06-14T15:44:40.0466311Z Receiving objects:  60% (451/751)
2021-06-14T15:44:40.0467063Z Receiving objects:  61% (459/751)
2021-06-14T15:44:40.0467804Z Receiving objects:  62% (466/751)
2021-06-14T15:44:40.0468563Z Receiving objects:  63% (474/751)
2021-06-14T15:44:40.0469319Z Receiving objects:  64% (481/751)
2021-06-14T15:44:40.0470076Z Receiving objects:  65% (489/751)
2021-06-14T15:44:40.0470825Z Receiving objects:  66% (496/751)
2021-06-14T15:44:40.0471566Z Receiving objects:  67% (504/751)
2021-06-14T15:44:40.0472323Z Receiving objects:  68% (511/751)
2021-06-14T15:44:40.0473080Z Receiving objects:  69% (519/751)
2021-06-14T15:44:40.0473823Z Receiving objects:  70% (526/751)
2021-06-14T15:44:40.0474580Z Receiving objects:  71% (534/751)
2021-06-14T15:44:40.0475322Z Receiving objects:  72% (541/751)
2021-06-14T15:44:40.0476083Z Receiving objects:  73% (549/751)
2021-06-14T15:44:40.0476842Z Receiving objects:  74% (556/751)
2021-06-14T15:44:40.0477580Z Receiving objects:  75% (564/751)
2021-06-14T15:44:40.0478335Z Receiving objects:  76% (571/751)
2021-06-14T15:44:40.0479208Z Receiving objects:  77% (579/751)
2021-06-14T15:44:40.0480688Z Receiving objects:  78% (586/751)
2021-06-14T15:44:40.0484439Z Receiving objects:  79% (594/751)
2021-06-14T15:44:40.0485089Z Receiving objects:  80% (601/751)
2021-06-14T15:44:40.0488333Z Receiving objects:  81% (609/751)
2021-06-14T15:44:40.0489153Z Receiving objects:  82% (616/751)
2021-06-14T15:44:40.0490713Z remote: Total 751 (delta 220), reused 260 (delta 173), pack-reused 346        
2021-06-14T15:44:40.0491652Z Receiving objects:  83% (624/751)
2021-06-14T15:44:40.0492404Z Receiving objects:  84% (631/751)
2021-06-14T15:44:40.0493161Z Receiving objects:  85% (639/751)
2021-06-14T15:44:40.0493900Z Receiving objects:  86% (646/751)
2021-06-14T15:44:40.0494658Z Receiving objects:  87% (654/751)
2021-06-14T15:44:40.0495411Z Receiving objects:  88% (661/751)
2021-06-14T15:44:40.0496151Z Receiving objects:  89% (669/751)
2021-06-14T15:44:40.0496911Z Receiving objects:  90% (676/751)
2021-06-14T15:44:40.0497676Z Receiving objects:  91% (684/751)
2021-06-14T15:44:40.0498436Z Receiving objects:  92% (691/751)
2021-06-14T15:44:40.0499191Z Receiving objects:  93% (699/751)
2021-06-14T15:44:40.0499929Z Receiving objects:  94% (706/751)
2021-06-14T15:44:40.0500697Z Receiving objects:  95% (714/751)
2021-06-14T15:44:40.0501446Z Receiving objects:  96% (721/751)
2021-06-14T15:44:40.0502203Z Receiving objects:  97% (729/751)
2021-06-14T15:44:40.0503159Z Receiving objects:  98% (736/751)
2021-06-14T15:44:40.0503911Z Receiving objects:  99% (744/751)
2021-06-14T15:44:40.0504667Z Receiving objects: 100% (751/751)
2021-06-14T15:44:40.0505486Z Receiving objects: 100% (751/751), 207.76 KiB | 20.78 MiB/s, done.
2021-06-14T15:44:40.0506309Z Resolving deltas:   0% (0/400)
2021-06-14T15:44:40.0507044Z Resolving deltas:   1% (4/400)
2021-06-14T15:44:40.0507767Z Resolving deltas:   2% (8/400)
2021-06-14T15:44:40.0508511Z Resolving deltas:   3% (12/400)
2021-06-14T15:44:40.0509238Z Resolving deltas:   4% (16/400)
2021-06-14T15:44:40.0509991Z Resolving deltas:   5% (20/400)
2021-06-14T15:44:40.0510731Z Resolving deltas:   6% (24/400)
2021-06-14T15:44:40.0511453Z Resolving deltas:   7% (28/400)
2021-06-14T15:44:40.0512230Z Resolving deltas:   8% (32/400)
2021-06-14T15:44:40.0512958Z Resolving deltas:   9% (36/400)
2021-06-14T15:44:40.0513947Z Resolving deltas:  10% (40/400)
2021-06-14T15:44:40.0514691Z Resolving deltas:  11% (44/400)
2021-06-14T15:44:40.0515417Z Resolving deltas:  12% (48/400)
2021-06-14T15:44:40.0516158Z Resolving deltas:  13% (52/400)
2021-06-14T15:44:40.0516882Z Resolving deltas:  14% (56/400)
2021-06-14T15:44:40.0517623Z Resolving deltas:  15% (60/400)
2021-06-14T15:44:40.0518359Z Resolving deltas:  16% (64/400)
2021-06-14T15:44:40.0519083Z Resolving deltas:  17% (68/400)
2021-06-14T15:44:40.0519817Z Resolving deltas:  18% (72/400)
2021-06-14T15:44:40.0520538Z Resolving deltas:  19% (76/400)
2021-06-14T15:44:40.0521276Z Resolving deltas:  20% (80/400)
2021-06-14T15:44:40.0522007Z Resolving deltas:  21% (84/400)
2021-06-14T15:44:40.0522736Z Resolving deltas:  22% (88/400)
2021-06-14T15:44:40.0523476Z Resolving deltas:  23% (92/400)
2021-06-14T15:44:40.0524197Z Resolving deltas:  24% (96/400)
2021-06-14T15:44:40.0524938Z Resolving deltas:  25% (100/400)
2021-06-14T15:44:40.0525690Z Resolving deltas:  26% (104/400)
2021-06-14T15:44:40.0526417Z Resolving deltas:  27% (108/400)
2021-06-14T15:44:40.0527156Z Resolving deltas:  28% (112/400)
2021-06-14T15:44:40.0527889Z Resolving deltas:  29% (116/400)
2021-06-14T15:44:40.0528628Z Resolving deltas:  30% (120/400)
2021-06-14T15:44:40.0529361Z Resolving deltas:  31% (124/400)
2021-06-14T15:44:40.0530092Z Resolving deltas:  32% (128/400)
2021-06-14T15:44:40.0530829Z Resolving deltas:  33% (132/400)
2021-06-14T15:44:40.0531554Z Resolving deltas:  34% (137/400)
2021-06-14T15:44:40.0532300Z Resolving deltas:  35% (140/400)
2021-06-14T15:44:40.0533043Z Resolving deltas:  36% (144/400)
2021-06-14T15:44:40.0533773Z Resolving deltas:  37% (148/400)
2021-06-14T15:44:40.0534615Z Resolving deltas:  38% (152/400)
2021-06-14T15:44:40.0535374Z Resolving deltas:  39% (156/400)
2021-06-14T15:44:40.0536115Z Resolving deltas:  40% (160/400)
2021-06-14T15:44:40.0536862Z Resolving deltas:  41% (164/400)
2021-06-14T15:44:40.0537587Z Resolving deltas:  42% (168/400)
2021-06-14T15:44:40.0538338Z Resolving deltas:  43% (172/400)
2021-06-14T15:44:40.0539063Z Resolving deltas:  44% (176/400)
2021-06-14T15:44:40.0539802Z Resolving deltas:  45% (180/400)
2021-06-14T15:44:40.0540537Z Resolving deltas:  46% (184/400)
2021-06-14T15:44:40.0541268Z Resolving deltas:  47% (188/400)
2021-06-14T15:44:40.0542009Z Resolving deltas:  48% (192/400)
2021-06-14T15:44:40.0543129Z Resolving deltas:  49% (196/400)
2021-06-14T15:44:40.0543925Z Resolving deltas:  50% (200/400)
2021-06-14T15:44:40.0544664Z Resolving deltas:  51% (204/400)
2021-06-14T15:44:40.0545393Z Resolving deltas:  52% (208/400)
2021-06-14T15:44:40.0546138Z Resolving deltas:  53% (212/400)
2021-06-14T15:44:40.0546858Z Resolving deltas:  54% (216/400)
2021-06-14T15:44:40.0547608Z Resolving deltas:  55% (220/400)
2021-06-14T15:44:40.0548352Z Resolving deltas:  56% (224/400)
2021-06-14T15:44:40.0549078Z Resolving deltas:  57% (228/400)
2021-06-14T15:44:40.0549817Z Resolving deltas:  58% (232/400)
2021-06-14T15:44:40.0550553Z Resolving deltas:  59% (236/400)
2021-06-14T15:44:40.0551294Z Resolving deltas:  60% (240/400)
2021-06-14T15:44:40.0552030Z Resolving deltas:  61% (244/400)
2021-06-14T15:44:40.0552757Z Resolving deltas:  62% (248/400)
2021-06-14T15:44:40.0553497Z Resolving deltas:  63% (252/400)
2021-06-14T15:44:40.0554222Z Resolving deltas:  64% (256/400)
2021-06-14T15:44:40.0554961Z Resolving deltas:  65% (260/400)
2021-06-14T15:44:40.0555699Z Resolving deltas:  66% (264/400)
2021-06-14T15:44:40.0556420Z Resolving deltas:  67% (268/400)
2021-06-14T15:44:40.0557158Z Resolving deltas:  68% (272/400)
2021-06-14T15:44:40.0557876Z Resolving deltas:  69% (276/400)
2021-06-14T15:44:40.0558611Z Resolving deltas:  70% (280/400)
2021-06-14T15:44:40.0559361Z Resolving deltas:  71% (284/400)
2021-06-14T15:44:40.0560089Z Resolving deltas:  72% (288/400)
2021-06-14T15:44:40.0560831Z Resolving deltas:  73% (292/400)
2021-06-14T15:44:40.0561556Z Resolving deltas:  74% (296/400)
2021-06-14T15:44:40.0562296Z Resolving deltas:  75% (300/400)
2021-06-14T15:44:40.0563201Z Resolving deltas:  76% (304/400)
2021-06-14T15:44:40.0563935Z Resolving deltas:  77% (308/400)
2021-06-14T15:44:40.0564681Z Resolving deltas:  78% (312/400)
2021-06-14T15:44:40.0565764Z Resolving deltas:  79% (316/400)
2021-06-14T15:44:40.0566895Z Resolving deltas:  80% (320/400)
2021-06-14T15:44:40.0567791Z Resolving deltas:  81% (324/400)
2021-06-14T15:44:40.0568523Z Resolving deltas:  82% (328/400)
2021-06-14T15:44:40.0569266Z Resolving deltas:  83% (332/400)
2021-06-14T15:44:40.0569991Z Resolving deltas:  84% (336/400)
2021-06-14T15:44:40.0570732Z Resolving deltas:  85% (340/400)
2021-06-14T15:44:40.0571474Z Resolving deltas:  86% (344/400)
2021-06-14T15:44:40.0572198Z Resolving deltas:  87% (348/400)
2021-06-14T15:44:40.0572953Z Resolving deltas:  88% (352/400)
2021-06-14T15:44:40.0573679Z Resolving deltas:  89% (356/400)
2021-06-14T15:44:40.0574423Z Resolving deltas:  90% (360/400)
2021-06-14T15:44:40.0575163Z Resolving deltas:  91% (364/400)
2021-06-14T15:44:40.0575895Z Resolving deltas:  92% (368/400)
2021-06-14T15:44:40.0576635Z Resolving deltas:  93% (372/400)
2021-06-14T15:44:40.0577358Z Resolving deltas:  94% (377/400)
2021-06-14T15:44:40.0578095Z Resolving deltas:  95% (380/400)
2021-06-14T15:44:40.0578833Z Resolving deltas:  96% (384/400)
2021-06-14T15:44:40.0579558Z Resolving deltas:  97% (388/400)
2021-06-14T15:44:40.0580302Z Resolving deltas:  98% (392/400)
2021-06-14T15:44:40.0581020Z Resolving deltas:  99% (396/400)
2021-06-14T15:44:40.0581759Z Resolving deltas: 100% (400/400)
2021-06-14T15:44:40.0582526Z Resolving deltas: 100% (400/400), done.
2021-06-14T15:44:40.0584307Z From https://github.com/con/tinuous
2021-06-14T15:44:40.0585806Z  * [new branch]      delay-config      -> origin/delay-config
2021-06-14T15:44:40.0587197Z  * [new branch]      gh-55             -> origin/gh-55
2021-06-14T15:44:40.0588302Z  * [new branch]      master            -> origin/master
2021-06-14T15:44:40.0589507Z  * [new branch]      no-extra-search   -> origin/no-extra-search
2021-06-14T15:44:40.0590760Z  * [new branch]      regex-link        -> origin/regex-link
2021-06-14T15:44:40.0591982Z  * [new branch]      test-appveyor     -> origin/test-appveyor
2021-06-14T15:44:40.0593285Z  * [new branch]      test-wkspec-match -> origin/test-wkspec-match
2021-06-14T15:44:40.0594548Z  * [new branch]      timestamp         -> origin/timestamp
2021-06-14T15:44:40.0595566Z  * [new tag]         0.1.0             -> 0.1.0
2021-06-14T15:44:40.0596454Z  * [new tag]         0.2.0             -> 0.2.0
2021-06-14T15:44:40.0597363Z  * [new tag]         0.3.0             -> 0.3.0
2021-06-14T15:44:40.0598407Z [command]/usr/bin/git branch --list --remote origin/master
2021-06-14T15:44:40.0599218Z   origin/master
2021-06-14T15:44:40.0600270Z [command]/usr/bin/git rev-parse refs/remotes/origin/master
2021-06-14T15:44:40.0601213Z 7ef481448a5980349de96990947d568a32310986
2021-06-14T15:44:40.0602127Z ##[endgroup]
2021-06-14T15:44:40.0602936Z ##[group]Determining the checkout info
2021-06-14T15:44:40.0603713Z ##[endgroup]
2021-06-14T15:44:40.0604448Z ##[group]Checking out the ref
2021-06-14T15:44:40.0605687Z [command]/usr/bin/git checkout --progress --force -B master refs/remotes/origin/master
2021-06-14T15:44:40.0606848Z Reset branch 'master'
2021-06-14T15:44:40.0607953Z Branch 'master' set up to track remote branch 'master' from 'origin'.
2021-06-14T15:44:40.0608820Z ##[endgroup]
2021-06-14T15:44:40.0609794Z [command]/usr/bin/git log -1 --format='%H'
2021-06-14T15:44:40.0610848Z '7ef481448a5980349de96990947d568a32310986'
2021-06-14T15:44:40.0700038Z ##[group]Run actions/setup-python@v2
2021-06-14T15:44:40.0700680Z with:
2021-06-14T15:44:40.0701247Z   python-version: 3.8
2021-06-14T15:44:40.0702306Z   token: ***
2021-06-14T15:44:40.0703044Z ##[endgroup]
2021-06-14T15:44:40.1532372Z Successfully setup CPython (3.8.10)
2021-06-14T15:44:40.1604886Z ##[group]Run python -m pip install --upgrade pip wheel
2021-06-14T15:44:40.1606048Z [36;1mpython -m pip install --upgrade pip wheel[0m
2021-06-14T15:44:40.1607005Z [36;1mpython -m pip install --upgrade --upgrade-strategy=eager tox[0m
2021-06-14T15:44:40.1660943Z shell: /usr/bin/bash -e {0}
2021-06-14T15:44:40.1661593Z env:
2021-06-14T15:44:40.1662411Z   pythonLocation: /opt/hostedtoolcache/Python/3.8.10/x64
2021-06-14T15:44:40.1663658Z   LD_LIBRARY_PATH: /opt/hostedtoolcache/Python/3.8.10/x64/lib
2021-06-14T15:44:40.1664462Z ##[endgroup]
2021-06-14T15:44:41.4118219Z Requirement already satisfied: pip in /opt/hostedtoolcache/Python/3.8.10/x64/lib/python3.8/site-packages (21.1.2)
2021-06-14T15:44:41.7449147Z Collecting wheel
2021-06-14T15:44:41.8019325Z   Downloading wheel-0.36.2-py2.py3-none-any.whl (35 kB)
2021-06-14T15:44:41.8770617Z Installing collected packages: wheel
2021-06-14T15:44:41.9181577Z Successfully installed wheel-0.36.2
2021-06-14T15:44:42.7556417Z Collecting tox
2021-06-14T15:44:42.7868052Z   Downloading tox-3.23.1-py2.py3-none-any.whl (85 kB)
2021-06-14T15:44:42.8643406Z Collecting pluggy>=0.12.0
2021-06-14T15:44:42.8752830Z   Downloading pluggy-0.13.1-py2.py3-none-any.whl (18 kB)
2021-06-14T15:44:42.9202337Z Collecting filelock>=3.0.0
2021-06-14T15:44:42.9382416Z   Downloading filelock-3.0.12-py3-none-any.whl (7.6 kB)
2021-06-14T15:44:42.9963985Z Collecting packaging>=14
2021-06-14T15:44:43.0069923Z   Downloading packaging-20.9-py2.py3-none-any.whl (40 kB)
2021-06-14T15:44:43.0365144Z Collecting toml>=0.9.4
2021-06-14T15:44:43.0483156Z   Downloading toml-0.10.2-py2.py3-none-any.whl (16 kB)
2021-06-14T15:44:43.2895309Z Collecting virtualenv!=20.0.0,!=20.0.1,!=20.0.2,!=20.0.3,!=20.0.4,!=20.0.5,!=20.0.6,!=20.0.7,>=16.0.0
2021-06-14T15:44:43.3003834Z   Downloading virtualenv-20.4.7-py2.py3-none-any.whl (7.2 MB)
2021-06-14T15:44:43.7139209Z Collecting py>=1.4.17
2021-06-14T15:44:43.7248177Z   Downloading py-1.10.0-py2.py3-none-any.whl (97 kB)
2021-06-14T15:44:43.7612014Z Collecting six>=1.14.0
2021-06-14T15:44:43.7726842Z   Downloading six-1.16.0-py2.py3-none-any.whl (11 kB)
2021-06-14T15:44:43.8766765Z Collecting pyparsing>=2.0.2
2021-06-14T15:44:43.8886312Z   Downloading pyparsing-2.4.7-py2.py3-none-any.whl (67 kB)
2021-06-14T15:44:43.9743921Z Collecting distlib<1,>=0.3.1
2021-06-14T15:44:43.9852291Z   Downloading distlib-0.3.2-py2.py3-none-any.whl (338 kB)
2021-06-14T15:44:44.0188832Z Collecting appdirs<2,>=1.4.3
2021-06-14T15:44:44.0297037Z   Downloading appdirs-1.4.4-py2.py3-none-any.whl (9.6 kB)
2021-06-14T15:44:44.1468451Z Installing collected packages: six, pyparsing, filelock, distlib, appdirs, virtualenv, toml, py, pluggy, packaging, tox
2021-06-14T15:44:45.7031939Z Successfully installed appdirs-1.4.4 distlib-0.3.2 filelock-3.0.12 packaging-20.9 pluggy-0.13.1 py-1.10.0 pyparsing-2.4.7 six-1.16.0 toml-0.10.2 tox-3.23.1 virtualenv-20.4.7
2021-06-14T15:44:45.7239090Z ##[group]Run tox -e lint
2021-06-14T15:44:45.7239681Z [36;1mtox -e lint[0m
2021-06-14T15:44:45.7291630Z shell: /usr/bin/bash -e {0}
2021-06-14T15:44:45.7292108Z env:
2021-06-14T15:44:45.7292752Z   pythonLocation: /opt/hostedtoolcache/Python/3.8.10/x64
2021-06-14T15:44:45.7293651Z   LD_LIBRARY_PATH: /opt/hostedtoolcache/Python/3.8.10/x64/lib
2021-06-14T15:44:45.7294330Z ##[endgroup]
2021-06-14T15:44:46.0296611Z lint create: /home/runner/work/tinuous/tinuous/.tox/lint
2021-06-14T15:44:46.7163358Z lint installdeps: flake8~=3.7, flake8-bugbear, flake8-builtins~=1.4, flake8-import-order-jwodder, flake8-unused-arguments
2021-06-14T15:44:51.2025511Z lint installed: attrs==21.2.0,flake8==3.9.2,flake8-bugbear==21.4.3,flake8-builtins==1.5.3,flake8-import-order==0.18.1,flake8-import-order-jwodder==0.1.0,flake8-unused-arguments==0.0.6,mccabe==0.6.1,pycodestyle==2.7.0,pyflakes==2.3.1
2021-06-14T15:44:51.2033344Z lint run-test-pre: PYTHONHASHSEED='4011180544'
2021-06-14T15:44:51.2065061Z lint run-test: commands[0] | flake8 --config=tox.ini src test
2021-06-14T15:44:52.3539437Z ___________________________________ summary ____________________________________
2021-06-14T15:44:52.3578856Z   lint: commands succeeded
2021-06-14T15:44:52.3582471Z   congratulations :)
2021-06-14T15:44:52.3896888Z Post job cleanup.
2021-06-14T15:44:52.5153064Z [command]/usr/bin/git version
2021-06-14T15:44:52.5207994Z git version 2.31.1
2021-06-14T15:44:52.5258791Z [command]/usr/bin/git config --local --name-only --get-regexp core\.sshCommand
2021-06-14T15:44:52.5306718Z [command]/usr/bin/git submodule foreach --recursive git config --local --name-only --get-regexp 'core\.sshCommand' && git config --local --unset-all 'core.sshCommand' || :
2021-06-14T15:44:52.5611329Z [command]/usr/bin/git config --local --name-only --get-regexp http\.https\:\/\/github\.com\/\.extraheader
2021-06-14T15:44:52.5645274Z http.https://github.com/.extraheader
2021-06-14T15:44:52.5659249Z [command]/usr/bin/git config --local --unset-all http.https://github.com/.extraheader
2021-06-14T15:44:52.5704264Z [command]/usr/bin/git submodule foreach --recursive git config --local --name-only --get-regexp 'http\.https\:\/\/github\.com\/\.extraheader' && git config --local --unset-all 'http.https://github.com/.extraheader' || :
2021-06-14T15:44:52.6077138Z Cleaning up orphan processes
