2021-02-23T14:50:28.6353138Z ##[section]Starting: Request a runner to run this job
2021-02-23T14:50:29.1343231Z Can't find any online and idle self-hosted runner in current repository that matches the required labels: 'ubuntu-latest'
2021-02-23T14:50:29.1343334Z Can't find any online and idle self-hosted runner in current repository's account/organization that matches the required labels: 'ubuntu-latest'
2021-02-23T14:50:29.1343510Z Found online and idle hosted runner in current repository's account/organization that matches the required labels: 'ubuntu-latest'
2021-02-23T14:50:29.3373069Z ##[section]Finishing: Request a runner to run this job
2021-02-23T14:50:36.6729977Z Current runner version: '2.277.1'
2021-02-23T14:50:36.6780023Z ##[group]Operating System
2021-02-23T14:50:36.6781108Z Ubuntu
2021-02-23T14:50:36.6781623Z 20.04.2
2021-02-23T14:50:36.6782153Z LTS
2021-02-23T14:50:36.6782669Z ##[endgroup]
2021-02-23T14:50:36.6783336Z ##[group]Virtual Environment
2021-02-23T14:50:36.6784060Z Environment: ubuntu-20.04
2021-02-23T14:50:36.6784734Z Version: 20210219.1
2021-02-23T14:50:36.6785848Z Included Software: https://github.com/actions/virtual-environments/blob/ubuntu20/20210219.1/images/linux/Ubuntu2004-README.md
2021-02-23T14:50:36.6786941Z ##[endgroup]
2021-02-23T14:50:36.6789309Z ##[group]GITHUB_TOKEN Permissions
2021-02-23T14:50:36.6790751Z Actions: write
2021-02-23T14:50:36.6791311Z Checks: write
2021-02-23T14:50:36.6791955Z Contents: write
2021-02-23T14:50:36.6792548Z Deployments: write
2021-02-23T14:50:36.6793127Z Issues: write
2021-02-23T14:50:36.6793767Z Metadata: read
2021-02-23T14:50:36.6794445Z OrganizationPackages: write
2021-02-23T14:50:36.6795279Z Packages: write
2021-02-23T14:50:36.6795944Z PullRequests: write
2021-02-23T14:50:36.6796639Z RepositoryProjects: write
2021-02-23T14:50:36.6797428Z SecurityEvents: write
2021-02-23T14:50:36.6798042Z Statuses: write
2021-02-23T14:50:36.6798757Z ##[endgroup]
2021-02-23T14:50:36.6802286Z Prepare workflow directory
2021-02-23T14:50:36.7566491Z Prepare all required actions
2021-02-23T14:50:36.7579178Z Getting action download info
2021-02-23T14:50:36.9909479Z Download action repository 'actions/checkout@v2'
2021-02-23T14:50:38.8081387Z Download action repository 'actions/setup-python@v2'
2021-02-23T14:50:39.8121559Z ##[group]Run actions/checkout@v2
2021-02-23T14:50:39.8122259Z with:
2021-02-23T14:50:39.8122692Z   repository: con/tinuous
2021-02-23T14:50:39.8123588Z   token: ***
2021-02-23T14:50:39.8123993Z   ssh-strict: true
2021-02-23T14:50:39.8124528Z   persist-credentials: true
2021-02-23T14:50:39.8125050Z   clean: true
2021-02-23T14:50:39.8125464Z   fetch-depth: 1
2021-02-23T14:50:39.8125881Z   lfs: false
2021-02-23T14:50:39.8126307Z   submodules: false
2021-02-23T14:50:39.8126746Z ##[endgroup]
2021-02-23T14:50:40.2917695Z Syncing repository: con/tinuous
2021-02-23T14:50:40.2918683Z ##[group]Getting Git version info
2021-02-23T14:50:40.2919956Z Working directory is '/home/runner/work/tinuous/tinuous'
2021-02-23T14:50:40.2978720Z [command]/usr/bin/git version
2021-02-23T14:50:40.3284667Z git version 2.30.0
2021-02-23T14:50:40.3317104Z ##[endgroup]
2021-02-23T14:50:40.3329753Z Deleting the contents of '/home/runner/work/tinuous/tinuous'
2021-02-23T14:50:40.3333934Z ##[group]Initializing the repository
2021-02-23T14:50:40.3338217Z [command]/usr/bin/git init /home/runner/work/tinuous/tinuous
2021-02-23T14:50:40.3437925Z hint: Using 'master' as the name for the initial branch. This default branch name
2021-02-23T14:50:40.3439772Z hint: is subject to change. To configure the initial branch name to use in all
2021-02-23T14:50:40.3441000Z hint: of your new repositories, which will suppress this warning, call:
2021-02-23T14:50:40.3441888Z hint: 
2021-02-23T14:50:40.3442960Z hint: 	git config --global init.defaultBranch <name>
2021-02-23T14:50:40.3444156Z hint: 
2021-02-23T14:50:40.3445616Z hint: Names commonly chosen instead of 'master' are 'main', 'trunk' and
2021-02-23T14:50:40.3447109Z hint: 'development'. The just-created branch can be renamed via this command:
2021-02-23T14:50:40.3447985Z hint: 
2021-02-23T14:50:40.3449188Z hint: 	git branch -m <name>
2021-02-23T14:50:40.3452254Z Initialized empty Git repository in /home/runner/work/tinuous/tinuous/.git/
2021-02-23T14:50:40.3476712Z [command]/usr/bin/git remote add origin https://github.com/con/tinuous
2021-02-23T14:50:40.3545277Z ##[endgroup]
2021-02-23T14:50:40.3546517Z ##[group]Disabling automatic garbage collection
2021-02-23T14:50:40.3550816Z [command]/usr/bin/git config --local gc.auto 0
2021-02-23T14:50:40.3600312Z ##[endgroup]
2021-02-23T14:50:40.3610611Z ##[group]Setting up auth
2021-02-23T14:50:40.3618151Z [command]/usr/bin/git config --local --name-only --get-regexp core\.sshCommand
2021-02-23T14:50:40.3673952Z [command]/usr/bin/git submodule foreach --recursive git config --local --name-only --get-regexp 'core\.sshCommand' && git config --local --unset-all 'core.sshCommand' || :
2021-02-23T14:50:40.4113209Z [command]/usr/bin/git config --local --name-only --get-regexp http\.https\:\/\/github\.com\/\.extraheader
2021-02-23T14:50:40.4199771Z [command]/usr/bin/git submodule foreach --recursive git config --local --name-only --get-regexp 'http\.https\:\/\/github\.com\/\.extraheader' && git config --local --unset-all 'http.https://github.com/.extraheader' || :
2021-02-23T14:50:40.4469158Z [command]/usr/bin/git config --local http.https://github.com/.extraheader AUTHORIZATION: basic ***
2021-02-23T14:50:40.4533703Z ##[endgroup]
2021-02-23T14:50:40.4534797Z ##[group]Fetching the repository
2021-02-23T14:50:40.4545939Z [command]/usr/bin/git -c protocol.version=2 fetch --no-tags --prune --progress --no-recurse-submodules --depth=1 origin +5af9c5c0f41da38dbbdee8d8563bd63250d326e0:refs/remotes/origin/gh-18
2021-02-23T14:50:40.6861943Z remote: Enumerating objects: 12, done.        
2021-02-23T14:50:40.6864267Z remote: Counting objects:   8% (1/12)        
2021-02-23T14:50:40.6866868Z remote: Counting objects:  16% (2/12)        
2021-02-23T14:50:40.6868465Z remote: Counting objects:  25% (3/12)        
2021-02-23T14:50:40.6871746Z remote: Counting objects:  33% (4/12)        
2021-02-23T14:50:40.6874347Z remote: Counting objects:  41% (5/12)        
2021-02-23T14:50:40.6876019Z remote: Counting objects:  50% (6/12)        
2021-02-23T14:50:40.6878322Z remote: Counting objects:  58% (7/12)        
2021-02-23T14:50:40.6879109Z remote: Counting objects:  66% (8/12)        
2021-02-23T14:50:40.6879856Z remote: Counting objects:  75% (9/12)        
2021-02-23T14:50:40.6881755Z remote: Counting objects:  83% (10/12)        
2021-02-23T14:50:40.6882987Z remote: Counting objects:  91% (11/12)        
2021-02-23T14:50:40.6884503Z remote: Counting objects: 100% (12/12)        
2021-02-23T14:50:40.6885677Z remote: Counting objects: 100% (12/12), done.        
2021-02-23T14:50:40.6886855Z remote: Compressing objects:  10% (1/10)        
2021-02-23T14:50:40.6888296Z remote: Compressing objects:  20% (2/10)        
2021-02-23T14:50:40.6890545Z remote: Compressing objects:  30% (3/10)        
2021-02-23T14:50:40.6891677Z remote: Compressing objects:  40% (4/10)        
2021-02-23T14:50:40.6892784Z remote: Compressing objects:  50% (5/10)        
2021-02-23T14:50:40.6895102Z remote: Compressing objects:  60% (6/10)        
2021-02-23T14:50:40.6897755Z remote: Compressing objects:  70% (7/10)        
2021-02-23T14:50:40.6899499Z remote: Compressing objects:  80% (8/10)        
2021-02-23T14:50:40.6900581Z remote: Compressing objects:  90% (9/10)        
2021-02-23T14:50:40.6901674Z remote: Compressing objects: 100% (10/10)        
2021-02-23T14:50:40.6902969Z remote: Compressing objects: 100% (10/10), done.        
2021-02-23T14:50:40.6940179Z remote: Total 12 (delta 0), reused 6 (delta 0), pack-reused 0        
2021-02-23T14:50:40.7837065Z From https://github.com/con/tinuous
2021-02-23T14:50:40.7838830Z  * [new ref]         5af9c5c0f41da38dbbdee8d8563bd63250d326e0 -> origin/gh-18
2021-02-23T14:50:40.7898129Z ##[endgroup]
2021-02-23T14:50:40.7898876Z ##[group]Determining the checkout info
2021-02-23T14:50:40.7899518Z ##[endgroup]
2021-02-23T14:50:40.7900099Z ##[group]Checking out the ref
2021-02-23T14:50:40.7911690Z [command]/usr/bin/git checkout --progress --force -B gh-18 refs/remotes/origin/gh-18
2021-02-23T14:50:40.8038792Z Switched to a new branch 'gh-18'
2021-02-23T14:50:40.8039715Z Branch 'gh-18' set up to track remote branch 'gh-18' from 'origin'.
2021-02-23T14:50:40.8062396Z ##[endgroup]
2021-02-23T14:50:40.8152796Z [command]/usr/bin/git log -1 --format='%H'
2021-02-23T14:50:40.8188455Z '5af9c5c0f41da38dbbdee8d8563bd63250d326e0'
2021-02-23T14:50:40.8483448Z ##[group]Run actions/setup-python@v2
2021-02-23T14:50:40.8483953Z with:
2021-02-23T14:50:40.8484391Z   python-version: 3.8
2021-02-23T14:50:40.8485187Z   token: ***
2021-02-23T14:50:40.8485718Z ##[endgroup]
2021-02-23T14:50:40.9215026Z Successfully setup CPython (3.8.7)
2021-02-23T14:50:40.9313066Z ##[group]Run python -m pip install --upgrade pip wheel
2021-02-23T14:50:40.9313828Z [36;1mpython -m pip install --upgrade pip wheel[0m
2021-02-23T14:50:40.9314523Z [36;1mpython -m pip install -r requirements.txt[0m
2021-02-23T14:50:40.9363038Z shell: /usr/bin/bash -e {0}
2021-02-23T14:50:40.9363460Z env:
2021-02-23T14:50:40.9364039Z   pythonLocation: /opt/hostedtoolcache/Python/3.8.7/x64
2021-02-23T14:50:40.9364843Z   LD_LIBRARY_PATH: /opt/hostedtoolcache/Python/3.8.7/x64/lib
2021-02-23T14:50:40.9365418Z ##[endgroup]
2021-02-23T14:50:43.1079737Z Requirement already satisfied: pip in /opt/hostedtoolcache/Python/3.8.7/x64/lib/python3.8/site-packages (21.0.1)
2021-02-23T14:50:43.4444873Z Collecting wheel
2021-02-23T14:50:43.4677701Z   Downloading wheel-0.36.2-py2.py3-none-any.whl (35 kB)
2021-02-23T14:50:43.5139144Z Installing collected packages: wheel
2021-02-23T14:50:43.5500970Z Successfully installed wheel-0.36.2
2021-02-23T14:50:44.3611528Z Collecting click~=7.0
2021-02-23T14:50:44.3837108Z   Downloading click-7.1.2-py2.py3-none-any.whl (82 kB)
2021-02-23T14:50:44.4147802Z Collecting click-loglevel~=0.2
2021-02-23T14:50:44.4242083Z   Downloading click_loglevel-0.3.0-py3-none-any.whl (5.0 kB)
2021-02-23T14:50:44.4549008Z Collecting in_place~=0.4
2021-02-23T14:50:44.4597967Z   Downloading in_place-0.5.0-py3-none-any.whl (9.1 kB)
2021-02-23T14:50:44.6378605Z Collecting pydantic~=1.7
2021-02-23T14:50:44.6583376Z   Downloading pydantic-1.7.3-cp38-cp38-manylinux2014_x86_64.whl (12.2 MB)
2021-02-23T14:50:45.0717867Z Collecting PyGithub~=1.53
2021-02-23T14:50:45.0885920Z   Downloading PyGithub-1.54.1-py3-none-any.whl (289 kB)
2021-02-23T14:50:45.1507312Z Collecting python-dateutil~=2.7
2021-02-23T14:50:45.1630611Z   Downloading python_dateutil-2.8.1-py2.py3-none-any.whl (227 kB)
2021-02-23T14:50:45.2924994Z Collecting PyYAML~=5.0
2021-02-23T14:50:45.2975462Z   Downloading PyYAML-5.4.1-cp38-cp38-manylinux1_x86_64.whl (662 kB)
2021-02-23T14:50:45.4008643Z Collecting requests~=2.20
2021-02-23T14:50:45.4057759Z   Downloading requests-2.25.1-py2.py3-none-any.whl (61 kB)
2021-02-23T14:50:45.5290602Z Collecting pyjwt<2.0
2021-02-23T14:50:45.5342813Z   Downloading PyJWT-1.7.1-py2.py3-none-any.whl (18 kB)
2021-02-23T14:50:45.6281014Z Collecting deprecated
2021-02-23T14:50:45.6447846Z   Downloading Deprecated-1.2.11-py2.py3-none-any.whl (9.1 kB)
2021-02-23T14:50:45.7096506Z Collecting six>=1.5
2021-02-23T14:50:45.7157072Z   Downloading six-1.15.0-py2.py3-none-any.whl (10 kB)
2021-02-23T14:50:45.8147895Z Collecting certifi>=2017.4.17
2021-02-23T14:50:45.8209957Z   Downloading certifi-2020.12.5-py2.py3-none-any.whl (147 kB)
2021-02-23T14:50:45.9303575Z Collecting urllib3<1.27,>=1.21.1
2021-02-23T14:50:45.9357280Z   Downloading urllib3-1.26.3-py2.py3-none-any.whl (137 kB)
2021-02-23T14:50:45.9696667Z Collecting chardet<5,>=3.0.2
2021-02-23T14:50:45.9827694Z   Downloading chardet-4.0.0-py2.py3-none-any.whl (178 kB)
2021-02-23T14:50:46.0375091Z Collecting idna<3,>=2.5
2021-02-23T14:50:46.0423368Z   Downloading idna-2.10-py2.py3-none-any.whl (58 kB)
2021-02-23T14:50:46.1404422Z Collecting wrapt<2,>=1.10
2021-02-23T14:50:46.1466959Z   Downloading wrapt-1.12.1.tar.gz (27 kB)
2021-02-23T14:50:47.0957008Z Building wheels for collected packages: wrapt
2021-02-23T14:50:47.0962243Z   Building wheel for wrapt (setup.py): started
2021-02-23T14:50:49.9013874Z   Building wheel for wrapt (setup.py): finished with status 'done'
2021-02-23T14:50:49.9020994Z   Created wheel for wrapt: filename=wrapt-1.12.1-cp38-cp38-linux_x86_64.whl size=81803 sha256=325aa7696bd32c282cf3a42698625625587c041e16ef1d6072cd42b832007ccc
2021-02-23T14:50:49.9023067Z   Stored in directory: /home/runner/.cache/pip/wheels/5f/fd/9e/b6cf5890494cb8ef0b5eaff72e5d55a70fb56316007d6dfe73
2021-02-23T14:50:49.9041489Z Successfully built wrapt
2021-02-23T14:50:50.0218332Z Installing collected packages: wrapt, urllib3, idna, chardet, certifi, six, requests, pyjwt, deprecated, click, PyYAML, python-dateutil, PyGithub, pydantic, in-place, click-loglevel
2021-02-23T14:50:51.4638519Z Successfully installed PyGithub-1.54.1 PyYAML-5.4.1 certifi-2020.12.5 chardet-4.0.0 click-7.1.2 click-loglevel-0.3.0 deprecated-1.2.11 idna-2.10 in-place-0.5.0 pydantic-1.7.3 pyjwt-1.7.1 python-dateutil-2.8.1 requests-2.25.1 six-1.15.0 urllib3-1.26.3 wrapt-1.12.1
2021-02-23T14:50:51.5741487Z ##[group]Run python tinuous --help
2021-02-23T14:50:51.5742091Z [36;1mpython tinuous --help[0m
2021-02-23T14:50:51.5787111Z shell: /usr/bin/bash -e {0}
2021-02-23T14:50:51.5787536Z env:
2021-02-23T14:50:51.5788113Z   pythonLocation: /opt/hostedtoolcache/Python/3.8.7/x64
2021-02-23T14:50:51.5788919Z   LD_LIBRARY_PATH: /opt/hostedtoolcache/Python/3.8.7/x64/lib
2021-02-23T14:50:51.5789495Z ##[endgroup]
2021-02-23T14:50:51.8632303Z Usage: tinuous [OPTIONS] COMMAND [ARGS]...
2021-02-23T14:50:51.8633219Z 
2021-02-23T14:50:51.8633987Z   Download build logs from GitHub Actions, Travis, and Appveyor
2021-02-23T14:50:51.8634669Z 
2021-02-23T14:50:51.8635237Z Options:
2021-02-23T14:50:51.8636698Z   -c, --config FILE               Read configuration from the given file
2021-02-23T14:50:51.8637614Z                                   [default: config.yml]
2021-02-23T14:50:51.8638158Z 
2021-02-23T14:50:51.8639105Z   -l, --log-level [NOTSET|DEBUG|INFO|WARNING|ERROR|CRITICAL]
2021-02-23T14:50:51.8640075Z                                   Set logging level  [default: INFO]
2021-02-23T14:50:51.8641101Z   --help                          Show this message and exit.
2021-02-23T14:50:51.8641664Z 
2021-02-23T14:50:51.8642191Z Commands:
2021-02-23T14:50:51.8642830Z   fetch     Download logs
2021-02-23T14:50:51.8643528Z   sanitize  Sanitize secrets in logs
2021-02-23T14:50:51.9062911Z ##[group]Run python -m pip install mypy
2021-02-23T14:50:51.9063756Z [36;1mpython -m pip install mypy[0m
2021-02-23T14:50:51.9109354Z shell: /usr/bin/bash -e {0}
2021-02-23T14:50:51.9109806Z env:
2021-02-23T14:50:51.9110432Z   pythonLocation: /opt/hostedtoolcache/Python/3.8.7/x64
2021-02-23T14:50:51.9111259Z   LD_LIBRARY_PATH: /opt/hostedtoolcache/Python/3.8.7/x64/lib
2021-02-23T14:50:51.9111886Z ##[endgroup]
2021-02-23T14:50:52.5502815Z Collecting mypy
2021-02-23T14:50:52.5911342Z   Downloading mypy-0.812-cp38-cp38-manylinux2010_x86_64.whl (22.5 MB)
2021-02-23T14:50:53.2498493Z Collecting mypy-extensions<0.5.0,>=0.4.3
2021-02-23T14:50:53.2560352Z   Downloading mypy_extensions-0.4.3-py2.py3-none-any.whl (4.5 kB)
2021-02-23T14:50:53.3711823Z Collecting typed-ast<1.5.0,>=1.4.0
2021-02-23T14:50:53.3763770Z   Downloading typed_ast-1.4.2-cp38-cp38-manylinux1_x86_64.whl (774 kB)
2021-02-23T14:50:53.4212494Z Collecting typing-extensions>=3.7.4
2021-02-23T14:50:53.4313696Z   Downloading typing_extensions-3.7.4.3-py3-none-any.whl (22 kB)
2021-02-23T14:50:53.5779457Z Installing collected packages: typing-extensions, typed-ast, mypy-extensions, mypy
2021-02-23T14:50:55.5237747Z Successfully installed mypy-0.812 mypy-extensions-0.4.3 typed-ast-1.4.2 typing-extensions-3.7.4.3
2021-02-23T14:50:55.6115611Z ##[group]Run mypy tinuous
2021-02-23T14:50:55.6116239Z [36;1mmypy tinuous[0m
2021-02-23T14:50:55.6159327Z shell: /usr/bin/bash -e {0}
2021-02-23T14:50:55.6159933Z env:
2021-02-23T14:50:55.6160603Z   pythonLocation: /opt/hostedtoolcache/Python/3.8.7/x64
2021-02-23T14:50:55.6161437Z   LD_LIBRARY_PATH: /opt/hostedtoolcache/Python/3.8.7/x64/lib
2021-02-23T14:50:55.6162122Z ##[endgroup]
2021-02-23T14:51:00.0529289Z Success: no issues found in 1 source file
2021-02-23T14:51:00.4314257Z Post job cleanup.
2021-02-23T14:51:00.5532941Z [command]/usr/bin/git version
2021-02-23T14:51:00.5624941Z git version 2.30.0
2021-02-23T14:51:00.5663412Z [command]/usr/bin/git config --local --name-only --get-regexp core\.sshCommand
2021-02-23T14:51:00.5763624Z [command]/usr/bin/git submodule foreach --recursive git config --local --name-only --get-regexp 'core\.sshCommand' && git config --local --unset-all 'core.sshCommand' || :
2021-02-23T14:51:00.6054292Z [command]/usr/bin/git config --local --name-only --get-regexp http\.https\:\/\/github\.com\/\.extraheader
2021-02-23T14:51:00.6088982Z http.https://github.com/.extraheader
2021-02-23T14:51:00.6100144Z [command]/usr/bin/git config --local --unset-all http.https://github.com/.extraheader
2021-02-23T14:51:00.6168823Z [command]/usr/bin/git submodule foreach --recursive git config --local --name-only --get-regexp 'http\.https\:\/\/github\.com\/\.extraheader' && git config --local --unset-all 'http.https://github.com/.extraheader' || :
2021-02-23T14:51:00.6534983Z Cleaning up orphan processes
