2021-02-23T14:50:28.6356167Z ##[section]Starting: Request a runner to run this job
2021-02-23T14:50:29.1294424Z Can't find any online and idle self-hosted runner in current repository that matches the required labels: 'ubuntu-latest'
2021-02-23T14:50:29.1294544Z Can't find any online and idle self-hosted runner in current repository's account/organization that matches the required labels: 'ubuntu-latest'
2021-02-23T14:50:29.1294926Z Found online and idle hosted runner in current repository's account/organization that matches the required labels: 'ubuntu-latest'
2021-02-23T14:50:29.3491009Z ##[section]Finishing: Request a runner to run this job
2021-02-23T14:50:37.4838308Z Current runner version: '2.277.1'
2021-02-23T14:50:37.4866923Z ##[group]Operating System
2021-02-23T14:50:37.4867998Z Ubuntu
2021-02-23T14:50:37.4868522Z 20.04.2
2021-02-23T14:50:37.4868972Z LTS
2021-02-23T14:50:37.4869460Z ##[endgroup]
2021-02-23T14:50:37.4870179Z ##[group]Virtual Environment
2021-02-23T14:50:37.4870826Z Environment: ubuntu-20.04
2021-02-23T14:50:37.4871606Z Version: 20210219.1
2021-02-23T14:50:37.4872754Z Included Software: https://github.com/actions/virtual-environments/blob/ubuntu20/20210219.1/images/linux/Ubuntu2004-README.md
2021-02-23T14:50:37.4873803Z ##[endgroup]
2021-02-23T14:50:37.4876142Z ##[group]GITHUB_TOKEN Permissions
2021-02-23T14:50:37.4877492Z Actions: write
2021-02-23T14:50:37.4878139Z Checks: write
2021-02-23T14:50:37.4878892Z Contents: write
2021-02-23T14:50:37.4879453Z Deployments: write
2021-02-23T14:50:37.4880005Z Issues: write
2021-02-23T14:50:37.4880621Z Metadata: read
2021-02-23T14:50:37.4881275Z OrganizationPackages: write
2021-02-23T14:50:37.4882064Z Packages: write
2021-02-23T14:50:37.4882712Z PullRequests: write
2021-02-23T14:50:37.4883449Z RepositoryProjects: write
2021-02-23T14:50:37.4884165Z SecurityEvents: write
2021-02-23T14:50:37.4884757Z Statuses: write
2021-02-23T14:50:37.4885441Z ##[endgroup]
2021-02-23T14:50:37.4888611Z Prepare workflow directory
2021-02-23T14:50:37.5570915Z Prepare all required actions
2021-02-23T14:50:37.5582345Z Getting action download info
2021-02-23T14:50:37.8491507Z Download action repository 'actions/checkout@v2'
2021-02-23T14:50:39.5455025Z Download action repository 'actions/setup-python@v2'
2021-02-23T14:50:39.8508721Z ##[group]Run actions/checkout@v2
2021-02-23T14:50:39.8509379Z with:
2021-02-23T14:50:39.8509839Z   repository: con/tinuous
2021-02-23T14:50:39.8510749Z   token: ***
2021-02-23T14:50:39.8511195Z   ssh-strict: true
2021-02-23T14:50:39.8511820Z   persist-credentials: true
2021-02-23T14:50:39.8512348Z   clean: true
2021-02-23T14:50:39.8512789Z   fetch-depth: 1
2021-02-23T14:50:39.8513241Z   lfs: false
2021-02-23T14:50:39.8513702Z   submodules: false
2021-02-23T14:50:39.8514168Z ##[endgroup]
2021-02-23T14:50:40.5552888Z Syncing repository: con/tinuous
2021-02-23T14:50:40.5553889Z ##[group]Getting Git version info
2021-02-23T14:50:40.5555236Z Working directory is '/home/runner/work/tinuous/tinuous'
2021-02-23T14:50:40.5556016Z [command]/usr/bin/git version
2021-02-23T14:50:40.5556568Z git version 2.30.0
2021-02-23T14:50:40.5557560Z ##[endgroup]
2021-02-23T14:50:40.5558429Z Deleting the contents of '/home/runner/work/tinuous/tinuous'
2021-02-23T14:50:40.5559773Z ##[group]Initializing the repository
2021-02-23T14:50:40.5560562Z [command]/usr/bin/git init /home/runner/work/tinuous/tinuous
2021-02-23T14:50:40.5561638Z hint: Using 'master' as the name for the initial branch. This default branch name
2021-02-23T14:50:40.5562569Z hint: is subject to change. To configure the initial branch name to use in all
2021-02-23T14:50:40.5563489Z hint: of your new repositories, which will suppress this warning, call:
2021-02-23T14:50:40.5564199Z hint: 
2021-02-23T14:50:40.5565017Z hint: 	git config --global init.defaultBranch <name>
2021-02-23T14:50:40.5565680Z hint: 
2021-02-23T14:50:40.5566556Z hint: Names commonly chosen instead of 'master' are 'main', 'trunk' and
2021-02-23T14:50:40.5567676Z hint: 'development'. The just-created branch can be renamed via this command:
2021-02-23T14:50:40.5568395Z hint: 
2021-02-23T14:50:40.5569047Z hint: 	git branch -m <name>
2021-02-23T14:50:40.5570629Z Initialized empty Git repository in /home/runner/work/tinuous/tinuous/.git/
2021-02-23T14:50:40.5571805Z [command]/usr/bin/git remote add origin https://github.com/con/tinuous
2021-02-23T14:50:40.5572608Z ##[endgroup]
2021-02-23T14:50:40.5573275Z ##[group]Disabling automatic garbage collection
2021-02-23T14:50:40.5574238Z [command]/usr/bin/git config --local gc.auto 0
2021-02-23T14:50:40.5574851Z ##[endgroup]
2021-02-23T14:50:40.5576594Z ##[group]Setting up auth
2021-02-23T14:50:40.5577604Z [command]/usr/bin/git config --local --name-only --get-regexp core\.sshCommand
2021-02-23T14:50:40.5579438Z [command]/usr/bin/git submodule foreach --recursive git config --local --name-only --get-regexp 'core\.sshCommand' && git config --local --unset-all 'core.sshCommand' || :
2021-02-23T14:50:40.5581184Z [command]/usr/bin/git config --local --name-only --get-regexp http\.https\:\/\/github\.com\/\.extraheader
2021-02-23T14:50:40.5583065Z [command]/usr/bin/git submodule foreach --recursive git config --local --name-only --get-regexp 'http\.https\:\/\/github\.com\/\.extraheader' && git config --local --unset-all 'http.https://github.com/.extraheader' || :
2021-02-23T14:50:40.5585105Z [command]/usr/bin/git config --local http.https://github.com/.extraheader AUTHORIZATION: basic ***
2021-02-23T14:50:40.5586055Z ##[endgroup]
2021-02-23T14:50:40.5586649Z ##[group]Fetching the repository
2021-02-23T14:50:40.5588794Z [command]/usr/bin/git -c protocol.version=2 fetch --no-tags --prune --progress --no-recurse-submodules --depth=1 origin +5af9c5c0f41da38dbbdee8d8563bd63250d326e0:refs/remotes/origin/gh-18
2021-02-23T14:50:40.6231871Z remote: Enumerating objects: 12, done.        
2021-02-23T14:50:40.6237636Z remote: Counting objects:   8% (1/12)        
2021-02-23T14:50:40.6239105Z remote: Counting objects:  16% (2/12)        
2021-02-23T14:50:40.6240212Z remote: Counting objects:  25% (3/12)        
2021-02-23T14:50:40.6241324Z remote: Counting objects:  33% (4/12)        
2021-02-23T14:50:40.6242406Z remote: Counting objects:  41% (5/12)        
2021-02-23T14:50:40.6243504Z remote: Counting objects:  50% (6/12)        
2021-02-23T14:50:40.6244952Z remote: Counting objects:  58% (7/12)        
2021-02-23T14:50:40.6246090Z remote: Counting objects:  66% (8/12)        
2021-02-23T14:50:40.6247167Z remote: Counting objects:  75% (9/12)        
2021-02-23T14:50:40.6248243Z remote: Counting objects:  83% (10/12)        
2021-02-23T14:50:40.6249454Z remote: Counting objects:  91% (11/12)        
2021-02-23T14:50:40.6250535Z remote: Counting objects: 100% (12/12)        
2021-02-23T14:50:40.6252004Z remote: Counting objects: 100% (12/12), done.        
2021-02-23T14:50:40.6253175Z remote: Compressing objects:  10% (1/10)        
2021-02-23T14:50:40.6254360Z remote: Compressing objects:  20% (2/10)        
2021-02-23T14:50:40.6255523Z remote: Compressing objects:  30% (3/10)        
2021-02-23T14:50:40.6256696Z remote: Compressing objects:  40% (4/10)        
2021-02-23T14:50:40.6275545Z remote: Compressing objects:  50% (5/10)        
2021-02-23T14:50:40.6276347Z remote: Compressing objects:  60% (6/10)        
2021-02-23T14:50:40.6277119Z remote: Compressing objects:  70% (7/10)        
2021-02-23T14:50:40.6277839Z remote: Compressing objects:  80% (8/10)        
2021-02-23T14:50:40.6278572Z remote: Compressing objects:  90% (9/10)        
2021-02-23T14:50:40.6279301Z remote: Compressing objects: 100% (10/10)        
2021-02-23T14:50:40.6280068Z remote: Compressing objects: 100% (10/10), done.        
2021-02-23T14:50:40.6281662Z remote: Total 12 (delta 0), reused 6 (delta 0), pack-reused 0        
2021-02-23T14:50:40.7079304Z From https://github.com/con/tinuous
2021-02-23T14:50:40.7082026Z  * [new ref]         5af9c5c0f41da38dbbdee8d8563bd63250d326e0 -> origin/gh-18
2021-02-23T14:50:40.7111289Z ##[endgroup]
2021-02-23T14:50:40.7111989Z ##[group]Determining the checkout info
2021-02-23T14:50:40.7113720Z ##[endgroup]
2021-02-23T14:50:40.7114285Z ##[group]Checking out the ref
2021-02-23T14:50:40.7119210Z [command]/usr/bin/git checkout --progress --force -B gh-18 refs/remotes/origin/gh-18
2021-02-23T14:50:40.7874564Z Switched to a new branch 'gh-18'
2021-02-23T14:50:40.7876719Z Branch 'gh-18' set up to track remote branch 'gh-18' from 'origin'.
2021-02-23T14:50:40.7880948Z ##[endgroup]
2021-02-23T14:50:40.7949548Z [command]/usr/bin/git log -1 --format='%H'
2021-02-23T14:50:40.7985747Z '5af9c5c0f41da38dbbdee8d8563bd63250d326e0'
2021-02-23T14:50:40.8198677Z ##[group]Run actions/setup-python@v2
2021-02-23T14:50:40.8199286Z with:
2021-02-23T14:50:40.8199779Z   python-version: 3.9
2021-02-23T14:50:40.8200733Z   token: ***
2021-02-23T14:50:40.8201325Z ##[endgroup]
2021-02-23T14:50:40.8802960Z Successfully setup CPython (3.9.1)
2021-02-23T14:50:40.8902343Z ##[group]Run python -m pip install --upgrade pip wheel
2021-02-23T14:50:40.8903199Z [36;1mpython -m pip install --upgrade pip wheel[0m
2021-02-23T14:50:40.8903961Z [36;1mpython -m pip install -r requirements.txt[0m
2021-02-23T14:50:40.8952340Z shell: /usr/bin/bash -e {0}
2021-02-23T14:50:40.8952844Z env:
2021-02-23T14:50:40.8953498Z   pythonLocation: /opt/hostedtoolcache/Python/3.9.1/x64
2021-02-23T14:50:40.8954370Z   LD_LIBRARY_PATH: /opt/hostedtoolcache/Python/3.9.1/x64/lib
2021-02-23T14:50:40.8955022Z ##[endgroup]
2021-02-23T14:50:43.6907942Z Requirement already satisfied: pip in /opt/hostedtoolcache/Python/3.9.1/x64/lib/python3.9/site-packages (21.0.1)
2021-02-23T14:50:44.0901468Z Collecting wheel
2021-02-23T14:50:44.1458023Z   Downloading wheel-0.36.2-py2.py3-none-any.whl (35 kB)
2021-02-23T14:50:44.1908828Z Installing collected packages: wheel
2021-02-23T14:50:44.2256824Z Successfully installed wheel-0.36.2
2021-02-23T14:50:44.9454289Z Collecting click~=7.0
2021-02-23T14:50:44.9862178Z   Downloading click-7.1.2-py2.py3-none-any.whl (82 kB)
2021-02-23T14:50:45.0209233Z Collecting click-loglevel~=0.2
2021-02-23T14:50:45.1885268Z   Downloading click_loglevel-0.3.0-py3-none-any.whl (5.0 kB)
2021-02-23T14:50:45.2162383Z Collecting in_place~=0.4
2021-02-23T14:50:45.2272835Z   Downloading in_place-0.5.0-py3-none-any.whl (9.1 kB)
2021-02-23T14:50:45.3899750Z Collecting pydantic~=1.7
2021-02-23T14:50:45.4089404Z   Downloading pydantic-1.7.3-cp39-cp39-manylinux2014_x86_64.whl (10.3 MB)
2021-02-23T14:50:45.9108611Z Collecting PyGithub~=1.53
2021-02-23T14:50:45.9234443Z   Downloading PyGithub-1.54.1-py3-none-any.whl (289 kB)
2021-02-23T14:50:45.9927562Z Collecting python-dateutil~=2.7
2021-02-23T14:50:46.0038081Z   Downloading python_dateutil-2.8.1-py2.py3-none-any.whl (227 kB)
2021-02-23T14:50:46.0957266Z Collecting PyYAML~=5.0
2021-02-23T14:50:46.1085168Z   Downloading PyYAML-5.4.1-cp39-cp39-manylinux1_x86_64.whl (630 kB)
2021-02-23T14:50:46.2076372Z Collecting requests~=2.20
2021-02-23T14:50:46.2173258Z   Downloading requests-2.25.1-py2.py3-none-any.whl (61 kB)
2021-02-23T14:50:46.3401042Z Collecting deprecated
2021-02-23T14:50:46.3499108Z   Downloading Deprecated-1.2.11-py2.py3-none-any.whl (9.1 kB)
2021-02-23T14:50:46.4335613Z Collecting pyjwt<2.0
2021-02-23T14:50:46.4443349Z   Downloading PyJWT-1.7.1-py2.py3-none-any.whl (18 kB)
2021-02-23T14:50:46.5049383Z Collecting six>=1.5
2021-02-23T14:50:46.5154084Z   Downloading six-1.15.0-py2.py3-none-any.whl (10 kB)
2021-02-23T14:50:46.5762331Z Collecting idna<3,>=2.5
2021-02-23T14:50:46.5875203Z   Downloading idna-2.10-py2.py3-none-any.whl (58 kB)
2021-02-23T14:50:46.6891961Z Collecting urllib3<1.27,>=1.21.1
2021-02-23T14:50:46.7007145Z   Downloading urllib3-1.26.3-py2.py3-none-any.whl (137 kB)
2021-02-23T14:50:46.7332264Z Collecting chardet<5,>=3.0.2
2021-02-23T14:50:46.7456373Z   Downloading chardet-4.0.0-py2.py3-none-any.whl (178 kB)
2021-02-23T14:50:46.8192054Z Collecting certifi>=2017.4.17
2021-02-23T14:50:46.8300572Z   Downloading certifi-2020.12.5-py2.py3-none-any.whl (147 kB)
2021-02-23T14:50:46.9269897Z Collecting wrapt<2,>=1.10
2021-02-23T14:50:46.9372595Z   Downloading wrapt-1.12.1.tar.gz (27 kB)
2021-02-23T14:50:48.0873762Z Building wheels for collected packages: wrapt
2021-02-23T14:50:48.0887496Z   Building wheel for wrapt (setup.py): started
2021-02-23T14:50:52.1382376Z   Building wheel for wrapt (setup.py): finished with status 'done'
2021-02-23T14:50:52.1389415Z   Created wheel for wrapt: filename=wrapt-1.12.1-cp39-cp39-linux_x86_64.whl size=78667 sha256=c281a480ccbdb3ef129eaefd22d8fbf2921fc89e7c8ba866a2419f4e7a9a3cce
2021-02-23T14:50:52.1391952Z   Stored in directory: /home/runner/.cache/pip/wheels/98/23/68/efe259aaca055e93b08e74fbe512819c69a2155c11ba3c0f10
2021-02-23T14:50:52.1409783Z Successfully built wrapt
2021-02-23T14:50:52.2426964Z Installing collected packages: wrapt, urllib3, idna, chardet, certifi, six, requests, pyjwt, deprecated, click, PyYAML, python-dateutil, PyGithub, pydantic, in-place, click-loglevel
2021-02-23T14:50:53.4976699Z Successfully installed PyGithub-1.54.1 PyYAML-5.4.1 certifi-2020.12.5 chardet-4.0.0 click-7.1.2 click-loglevel-0.3.0 deprecated-1.2.11 idna-2.10 in-place-0.5.0 pydantic-1.7.3 pyjwt-1.7.1 python-dateutil-2.8.1 requests-2.25.1 six-1.15.0 urllib3-1.26.3 wrapt-1.12.1
2021-02-23T14:50:53.6084206Z ##[group]Run python tinuous --help
2021-02-23T14:50:53.6084872Z [36;1mpython tinuous --help[0m
2021-02-23T14:50:53.6131533Z shell: /usr/bin/bash -e {0}
2021-02-23T14:50:53.6131967Z env:
2021-02-23T14:50:53.6132552Z   pythonLocation: /opt/hostedtoolcache/Python/3.9.1/x64
2021-02-23T14:50:53.6133369Z   LD_LIBRARY_PATH: /opt/hostedtoolcache/Python/3.9.1/x64/lib
2021-02-23T14:50:53.6133962Z ##[endgroup]
2021-02-23T14:50:54.0130259Z Usage: tinuous [OPTIONS] COMMAND [ARGS]...
2021-02-23T14:50:54.0131266Z 
2021-02-23T14:50:54.0131990Z   Download build logs from GitHub Actions, Travis, and Appveyor
2021-02-23T14:50:54.0132630Z 
2021-02-23T14:50:54.0133203Z Options:
2021-02-23T14:50:54.0134559Z   -c, --config FILE               Read configuration from the given file
2021-02-23T14:50:54.0135394Z                                   [default: config.yml]
2021-02-23T14:50:54.0135865Z 
2021-02-23T14:50:54.0136740Z   -l, --log-level [NOTSET|DEBUG|INFO|WARNING|ERROR|CRITICAL]
2021-02-23T14:50:54.0137732Z                                   Set logging level  [default: INFO]
2021-02-23T14:50:54.0138718Z   --help                          Show this message and exit.
2021-02-23T14:50:54.0139228Z 
2021-02-23T14:50:54.0139707Z Commands:
2021-02-23T14:50:54.0140266Z   fetch     Download logs
2021-02-23T14:50:54.0140892Z   sanitize  Sanitize secrets in logs
2021-02-23T14:50:54.0463136Z ##[group]Run python -m pip install mypy
2021-02-23T14:50:54.0463812Z [36;1mpython -m pip install mypy[0m
2021-02-23T14:50:54.0509292Z shell: /usr/bin/bash -e {0}
2021-02-23T14:50:54.0509713Z env:
2021-02-23T14:50:54.0510316Z   pythonLocation: /opt/hostedtoolcache/Python/3.9.1/x64
2021-02-23T14:50:54.0511135Z   LD_LIBRARY_PATH: /opt/hostedtoolcache/Python/3.9.1/x64/lib
2021-02-23T14:50:54.0511749Z ##[endgroup]
2021-02-23T14:50:54.6200237Z Collecting mypy
2021-02-23T14:50:54.6621321Z   Downloading mypy-0.812-cp39-cp39-manylinux2010_x86_64.whl (22.7 MB)
2021-02-23T14:50:55.5441766Z Collecting mypy-extensions<0.5.0,>=0.4.3
2021-02-23T14:50:55.5558382Z   Downloading mypy_extensions-0.4.3-py2.py3-none-any.whl (4.5 kB)
2021-02-23T14:50:55.6776887Z Collecting typed-ast<1.5.0,>=1.4.0
2021-02-23T14:50:55.7069575Z   Downloading typed_ast-1.4.2-cp39-cp39-manylinux1_x86_64.whl (769 kB)
2021-02-23T14:50:55.7344570Z Collecting typing-extensions>=3.7.4
2021-02-23T14:50:55.7440007Z   Downloading typing_extensions-3.7.4.3-py3-none-any.whl (22 kB)
2021-02-23T14:50:55.8621967Z Installing collected packages: typing-extensions, typed-ast, mypy-extensions, mypy
2021-02-23T14:50:57.6470742Z Successfully installed mypy-0.812 mypy-extensions-0.4.3 typed-ast-1.4.2 typing-extensions-3.7.4.3
2021-02-23T14:50:57.7156923Z ##[group]Run mypy tinuous
2021-02-23T14:50:57.7157449Z [36;1mmypy tinuous[0m
2021-02-23T14:50:57.7203237Z shell: /usr/bin/bash -e {0}
2021-02-23T14:50:57.7203750Z env:
2021-02-23T14:50:57.7204362Z   pythonLocation: /opt/hostedtoolcache/Python/3.9.1/x64
2021-02-23T14:50:57.7205356Z   LD_LIBRARY_PATH: /opt/hostedtoolcache/Python/3.9.1/x64/lib
2021-02-23T14:50:57.7205983Z ##[endgroup]
2021-02-23T14:51:02.1182805Z Success: no issues found in 1 source file
2021-02-23T14:51:02.5070400Z Post job cleanup.
2021-02-23T14:51:02.6138384Z [command]/usr/bin/git version
2021-02-23T14:51:02.6311046Z git version 2.30.0
2021-02-23T14:51:02.6366930Z [command]/usr/bin/git config --local --name-only --get-regexp core\.sshCommand
2021-02-23T14:51:02.6368448Z [command]/usr/bin/git submodule foreach --recursive git config --local --name-only --get-regexp 'core\.sshCommand' && git config --local --unset-all 'core.sshCommand' || :
2021-02-23T14:51:02.6540447Z [command]/usr/bin/git config --local --name-only --get-regexp http\.https\:\/\/github\.com\/\.extraheader
2021-02-23T14:51:02.6569887Z http.https://github.com/.extraheader
2021-02-23T14:51:02.6579790Z [command]/usr/bin/git config --local --unset-all http.https://github.com/.extraheader
2021-02-23T14:51:02.6616607Z [command]/usr/bin/git submodule foreach --recursive git config --local --name-only --get-regexp 'http\.https\:\/\/github\.com\/\.extraheader' && git config --local --unset-all 'http.https://github.com/.extraheader' || :
2021-02-23T14:51:02.6907284Z Cleaning up orphan processes
