2021-06-11T17:39:22.3965494Z ##[section]Starting: Request a runner to run this job
2021-06-11T17:39:22.9554387Z Can't find any online and idle self-hosted runner in current repository that matches the required labels: 'ubuntu-latest'
2021-06-11T17:39:22.9554483Z Can't find any online and idle self-hosted runner in current repository's account/organization that matches the required labels: 'ubuntu-latest'
2021-06-11T17:39:22.9554685Z Found online and idle hosted runner in current repository's account/organization that matches the required labels: 'ubuntu-latest'
2021-06-11T17:39:23.1048423Z ##[section]Finishing: Request a runner to run this job
2021-06-11T17:39:29.3137761Z Current runner version: '2.278.0'
2021-06-11T17:39:29.3166008Z ##[group]Operating System
2021-06-11T17:39:29.3167072Z Ubuntu
2021-06-11T17:39:29.3167606Z 20.04.2
2021-06-11T17:39:29.3168094Z LTS
2021-06-11T17:39:29.3168653Z ##[endgroup]
2021-06-11T17:39:29.3169271Z ##[group]Virtual Environment
2021-06-11T17:39:29.3170017Z Environment: ubuntu-20.04
2021-06-11T17:39:29.3170616Z Version: 20210606.1
2021-06-11T17:39:29.3171786Z Included Software: https://github.com/actions/virtual-environments/blob/ubuntu20/20210606.1/images/linux/Ubuntu2004-README.md
2021-06-11T17:39:29.3173289Z Image Release: https://github.com/actions/virtual-environments/releases/tag/ubuntu20%2F20210606.1
2021-06-11T17:39:29.3174312Z ##[endgroup]
2021-06-11T17:39:29.3176460Z ##[group]GITHUB_TOKEN Permissions
2021-06-11T17:39:29.3177793Z Actions: write
2021-06-11T17:39:29.3178429Z Checks: write
2021-06-11T17:39:29.3179070Z Contents: write
2021-06-11T17:39:29.3179652Z Deployments: write
2021-06-11T17:39:29.3180633Z Discussions: write
2021-06-11T17:39:29.3181283Z Issues: write
2021-06-11T17:39:29.3181886Z Metadata: read
2021-06-11T17:39:29.3182431Z Packages: write
2021-06-11T17:39:29.3183069Z PullRequests: write
2021-06-11T17:39:29.3183912Z RepositoryProjects: write
2021-06-11T17:39:29.3184698Z SecurityEvents: write
2021-06-11T17:39:29.3185315Z Statuses: write
2021-06-11T17:39:29.3186048Z ##[endgroup]
2021-06-11T17:39:29.3189245Z Prepare workflow directory
2021-06-11T17:39:29.3872782Z Prepare all required actions
2021-06-11T17:39:29.3884620Z Getting action download info
2021-06-11T17:39:29.7818360Z Download action repository 'actions/checkout@v2'
2021-06-11T17:39:31.8769770Z Download action repository 'actions/setup-python@v2'
2021-06-11T17:39:32.0193077Z Download action repository 'codecov/codecov-action@v1'
2021-06-11T17:39:32.3173410Z ##[group]Run actions/checkout@v2
2021-06-11T17:39:32.3174158Z with:
2021-06-11T17:39:32.3174660Z   fetch-depth: 0
2021-06-11T17:39:32.3175245Z   repository: con/tinuous
2021-06-11T17:39:32.3176321Z   token: ***
2021-06-11T17:39:32.3176852Z   ssh-strict: true
2021-06-11T17:39:32.3177499Z   persist-credentials: true
2021-06-11T17:39:32.3178100Z   clean: true
2021-06-11T17:39:32.3178585Z   lfs: false
2021-06-11T17:39:32.3179092Z   submodules: false
2021-06-11T17:39:32.3179629Z ##[endgroup]
2021-06-11T17:39:32.5588153Z Syncing repository: con/tinuous
2021-06-11T17:39:32.5589148Z ##[group]Getting Git version info
2021-06-11T17:39:32.5590483Z Working directory is '/home/runner/work/tinuous/tinuous'
2021-06-11T17:39:32.5629130Z [command]/usr/bin/git version
2021-06-11T17:39:32.5765306Z git version 2.31.1
2021-06-11T17:39:33.0154184Z ##[endgroup]
2021-06-11T17:39:33.0155873Z Deleting the contents of '/home/runner/work/tinuous/tinuous'
2021-06-11T17:39:33.0158050Z ##[group]Initializing the repository
2021-06-11T17:39:33.0159049Z [command]/usr/bin/git init /home/runner/work/tinuous/tinuous
2021-06-11T17:39:33.0160358Z hint: Using 'master' as the name for the initial branch. This default branch name
2021-06-11T17:39:33.0161438Z hint: is subject to change. To configure the initial branch name to use in all
2021-06-11T17:39:33.0162538Z hint: of your new repositories, which will suppress this warning, call:
2021-06-11T17:39:33.0163361Z hint: 
2021-06-11T17:39:33.0164351Z hint: 	git config --global init.defaultBranch <name>
2021-06-11T17:39:33.0165142Z hint: 
2021-06-11T17:39:33.0166131Z hint: Names commonly chosen instead of 'master' are 'main', 'trunk' and
2021-06-11T17:39:33.0167434Z hint: 'development'. The just-created branch can be renamed via this command:
2021-06-11T17:39:33.0168299Z hint: 
2021-06-11T17:39:33.0169096Z hint: 	git branch -m <name>
2021-06-11T17:39:33.0170038Z Initialized empty Git repository in /home/runner/work/tinuous/tinuous/.git/
2021-06-11T17:39:33.0171172Z [command]/usr/bin/git remote add origin https://github.com/con/tinuous
2021-06-11T17:39:33.0172081Z ##[endgroup]
2021-06-11T17:39:33.0172886Z ##[group]Disabling automatic garbage collection
2021-06-11T17:39:33.0173979Z [command]/usr/bin/git config --local gc.auto 0
2021-06-11T17:39:33.0175100Z ##[endgroup]
2021-06-11T17:39:33.0177137Z ##[group]Setting up auth
2021-06-11T17:39:33.0178428Z [command]/usr/bin/git config --local --name-only --get-regexp core\.sshCommand
2021-06-11T17:39:33.0180263Z [command]/usr/bin/git submodule foreach --recursive git config --local --name-only --get-regexp 'core\.sshCommand' && git config --local --unset-all 'core.sshCommand' || :
2021-06-11T17:39:33.0182107Z [command]/usr/bin/git config --local --name-only --get-regexp http\.https\:\/\/github\.com\/\.extraheader
2021-06-11T17:39:33.0184725Z [command]/usr/bin/git submodule foreach --recursive git config --local --name-only --get-regexp 'http\.https\:\/\/github\.com\/\.extraheader' && git config --local --unset-all 'http.https://github.com/.extraheader' || :
2021-06-11T17:39:33.0187229Z [command]/usr/bin/git config --local http.https://github.com/.extraheader AUTHORIZATION: basic ***
2021-06-11T17:39:33.0188358Z ##[endgroup]
2021-06-11T17:39:33.0189095Z ##[group]Fetching the repository
2021-06-11T17:39:33.0190781Z [command]/usr/bin/git -c protocol.version=2 fetch --prune --progress --no-recurse-submodules origin +refs/heads/*:refs/remotes/origin/* +refs/tags/*:refs/tags/*
2021-06-11T17:39:33.0192150Z remote: Enumerating objects: 665, done.        
2021-06-11T17:39:33.0192962Z remote: Counting objects:   0% (1/319)        
2021-06-11T17:39:33.0193739Z remote: Counting objects:   1% (4/319)        
2021-06-11T17:39:33.0194515Z remote: Counting objects:   2% (7/319)        
2021-06-11T17:39:33.0195654Z remote: Counting objects:   3% (10/319)        
2021-06-11T17:39:33.0196431Z remote: Counting objects:   4% (13/319)        
2021-06-11T17:39:33.0197220Z remote: Counting objects:   5% (16/319)        
2021-06-11T17:39:33.0198170Z remote: Counting objects:   6% (20/319)        
2021-06-11T17:39:33.0198980Z remote: Counting objects:   7% (23/319)        
2021-06-11T17:39:33.0199742Z remote: Counting objects:   8% (26/319)        
2021-06-11T17:39:33.0200609Z remote: Counting objects:   9% (29/319)        
2021-06-11T17:39:33.0201422Z remote: Counting objects:  10% (32/319)        
2021-06-11T17:39:33.0202196Z remote: Counting objects:  11% (36/319)        
2021-06-11T17:39:33.0202968Z remote: Counting objects:  12% (39/319)        
2021-06-11T17:39:33.0203726Z remote: Counting objects:  13% (42/319)        
2021-06-11T17:39:33.0204501Z remote: Counting objects:  14% (45/319)        
2021-06-11T17:39:33.0205273Z remote: Counting objects:  15% (48/319)        
2021-06-11T17:39:33.0206037Z remote: Counting objects:  16% (52/319)        
2021-06-11T17:39:33.0206810Z remote: Counting objects:  17% (55/319)        
2021-06-11T17:39:33.0207562Z remote: Counting objects:  18% (58/319)        
2021-06-11T17:39:33.0208344Z remote: Counting objects:  19% (61/319)        
2021-06-11T17:39:33.0209123Z remote: Counting objects:  20% (64/319)        
2021-06-11T17:39:33.0209898Z remote: Counting objects:  21% (67/319)        
2021-06-11T17:39:33.0210667Z remote: Counting objects:  22% (71/319)        
2021-06-11T17:39:33.0211457Z remote: Counting objects:  23% (74/319)        
2021-06-11T17:39:33.0212209Z remote: Counting objects:  24% (77/319)        
2021-06-11T17:39:33.0212990Z remote: Counting objects:  25% (80/319)        
2021-06-11T17:39:33.0213750Z remote: Counting objects:  26% (83/319)        
2021-06-11T17:39:33.0214523Z remote: Counting objects:  27% (87/319)        
2021-06-11T17:39:33.0215295Z remote: Counting objects:  28% (90/319)        
2021-06-11T17:39:33.0216057Z remote: Counting objects:  29% (93/319)        
2021-06-11T17:39:33.0216831Z remote: Counting objects:  30% (96/319)        
2021-06-11T17:39:33.0217587Z remote: Counting objects:  31% (99/319)        
2021-06-11T17:39:33.0218364Z remote: Counting objects:  32% (103/319)        
2021-06-11T17:39:33.0219155Z remote: Counting objects:  33% (106/319)        
2021-06-11T17:39:33.0219920Z remote: Counting objects:  34% (109/319)        
2021-06-11T17:39:33.0220745Z remote: Counting objects:  35% (112/319)        
2021-06-11T17:39:33.0221666Z remote: Counting objects:  36% (115/319)        
2021-06-11T17:39:33.0222451Z remote: Counting objects:  37% (119/319)        
2021-06-11T17:39:33.0223231Z remote: Counting objects:  38% (122/319)        
2021-06-11T17:39:33.0224210Z remote: Counting objects:  39% (125/319)        
2021-06-11T17:39:33.0225012Z remote: Counting objects:  40% (128/319)        
2021-06-11T17:39:33.0225793Z remote: Counting objects:  41% (131/319)        
2021-06-11T17:39:33.0226560Z remote: Counting objects:  42% (134/319)        
2021-06-11T17:39:33.0227334Z remote: Counting objects:  43% (138/319)        
2021-06-11T17:39:33.0228106Z remote: Counting objects:  44% (141/319)        
2021-06-11T17:39:33.0228884Z remote: Counting objects:  45% (144/319)        
2021-06-11T17:39:33.0229671Z remote: Counting objects:  46% (147/319)        
2021-06-11T17:39:33.0230438Z remote: Counting objects:  47% (150/319)        
2021-06-11T17:39:33.0231210Z remote: Counting objects:  48% (154/319)        
2021-06-11T17:39:33.0231980Z remote: Counting objects:  49% (157/319)        
2021-06-11T17:39:33.0232778Z remote: Counting objects:  50% (160/319)        
2021-06-11T17:39:33.0233558Z remote: Counting objects:  51% (163/319)        
2021-06-11T17:39:33.0234320Z remote: Counting objects:  52% (166/319)        
2021-06-11T17:39:33.0235094Z remote: Counting objects:  53% (170/319)        
2021-06-11T17:39:33.0235869Z remote: Counting objects:  54% (173/319)        
2021-06-11T17:39:33.0236650Z remote: Counting objects:  55% (176/319)        
2021-06-11T17:39:33.0237424Z remote: Counting objects:  56% (179/319)        
2021-06-11T17:39:33.0238183Z remote: Counting objects:  57% (182/319)        
2021-06-11T17:39:33.0238958Z remote: Counting objects:  58% (186/319)        
2021-06-11T17:39:33.0239840Z remote: Counting objects:  59% (189/319)        
2021-06-11T17:39:33.0240624Z remote: Counting objects:  60% (192/319)        
2021-06-11T17:39:33.0241408Z remote: Counting objects:  61% (195/319)        
2021-06-11T17:39:33.0242170Z remote: Counting objects:  62% (198/319)        
2021-06-11T17:39:33.0242971Z remote: Counting objects:  63% (201/319)        
2021-06-11T17:39:33.0243756Z remote: Counting objects:  64% (205/319)        
2021-06-11T17:39:33.0244521Z remote: Counting objects:  65% (208/319)        
2021-06-11T17:39:33.0245312Z remote: Counting objects:  66% (211/319)        
2021-06-11T17:39:33.0246259Z remote: Counting objects:  67% (214/319)        
2021-06-11T17:39:33.0247018Z remote: Counting objects:  68% (217/319)        
2021-06-11T17:39:33.0247803Z remote: Counting objects:  69% (221/319)        
2021-06-11T17:39:33.0248574Z remote: Counting objects:  70% (224/319)        
2021-06-11T17:39:33.0249336Z remote: Counting objects:  71% (227/319)        
2021-06-11T17:39:33.0250116Z remote: Counting objects:  72% (230/319)        
2021-06-11T17:39:33.0250876Z remote: Counting objects:  73% (233/319)        
2021-06-11T17:39:33.0251660Z remote: Counting objects:  74% (237/319)        
2021-06-11T17:39:33.0252432Z remote: Counting objects:  75% (240/319)        
2021-06-11T17:39:33.0253197Z remote: Counting objects:  76% (243/319)        
2021-06-11T17:39:33.0253972Z remote: Counting objects:  77% (246/319)        
2021-06-11T17:39:33.0254835Z remote: Counting objects:  78% (249/319)        
2021-06-11T17:39:33.0255613Z remote: Counting objects:  79% (253/319)        
2021-06-11T17:39:33.0256389Z remote: Counting objects:  80% (256/319)        
2021-06-11T17:39:33.0257146Z remote: Counting objects:  81% (259/319)        
2021-06-11T17:39:33.0257913Z remote: Counting objects:  82% (262/319)        
2021-06-11T17:39:33.0258679Z remote: Counting objects:  83% (265/319)        
2021-06-11T17:39:33.0259460Z remote: Counting objects:  84% (268/319)        
2021-06-11T17:39:33.0260377Z remote: Counting objects:  85% (272/319)        
2021-06-11T17:39:33.0261145Z remote: Counting objects:  86% (275/319)        
2021-06-11T17:39:33.0262425Z remote: Counting objects:  87% (278/319)        
2021-06-11T17:39:33.0269286Z remote: Counting objects:  88% (281/319)        
2021-06-11T17:39:33.0270246Z remote: Counting objects:  89% (284/319)        
2021-06-11T17:39:33.0271027Z remote: Counting objects:  90% (288/319)        
2021-06-11T17:39:33.0271821Z remote: Counting objects:  91% (291/319)        
2021-06-11T17:39:33.0272590Z remote: Counting objects:  92% (294/319)        
2021-06-11T17:39:33.0273375Z remote: Counting objects:  93% (297/319)        
2021-06-11T17:39:33.0274132Z remote: Counting objects:  94% (300/319)        
2021-06-11T17:39:33.0274923Z remote: Counting objects:  95% (304/319)        
2021-06-11T17:39:33.0275720Z remote: Counting objects:  96% (307/319)        
2021-06-11T17:39:33.0276480Z remote: Counting objects:  97% (310/319)        
2021-06-11T17:39:33.0277271Z remote: Counting objects:  98% (313/319)        
2021-06-11T17:39:33.0278044Z remote: Counting objects:  99% (316/319)        
2021-06-11T17:39:33.0278835Z remote: Counting objects: 100% (319/319)        
2021-06-11T17:39:33.0279652Z remote: Counting objects: 100% (319/319), done.        
2021-06-11T17:39:33.0280486Z remote: Compressing objects:   0% (1/161)        
2021-06-11T17:39:33.0281324Z remote: Compressing objects:   1% (2/161)        
2021-06-11T17:39:33.0282146Z remote: Compressing objects:   2% (4/161)        
2021-06-11T17:39:33.0282957Z remote: Compressing objects:   3% (5/161)        
2021-06-11T17:39:33.0283799Z remote: Compressing objects:   4% (7/161)        
2021-06-11T17:39:33.0284603Z remote: Compressing objects:   5% (9/161)        
2021-06-11T17:39:33.0285433Z remote: Compressing objects:   6% (10/161)        
2021-06-11T17:39:33.0286266Z remote: Compressing objects:   7% (12/161)        
2021-06-11T17:39:33.0287083Z remote: Compressing objects:   8% (13/161)        
2021-06-11T17:39:33.0288007Z remote: Compressing objects:   9% (15/161)        
2021-06-11T17:39:33.0288839Z remote: Compressing objects:  10% (17/161)        
2021-06-11T17:39:33.0289659Z remote: Compressing objects:  11% (18/161)        
2021-06-11T17:39:33.0290482Z remote: Compressing objects:  12% (20/161)        
2021-06-11T17:39:33.0291307Z remote: Compressing objects:  13% (21/161)        
2021-06-11T17:39:33.0292126Z remote: Compressing objects:  14% (23/161)        
2021-06-11T17:39:33.0292931Z remote: Compressing objects:  15% (25/161)        
2021-06-11T17:39:33.0293753Z remote: Compressing objects:  16% (26/161)        
2021-06-11T17:39:33.0294574Z remote: Compressing objects:  17% (28/161)        
2021-06-11T17:39:33.0295393Z remote: Compressing objects:  18% (29/161)        
2021-06-11T17:39:33.0296218Z remote: Compressing objects:  19% (31/161)        
2021-06-11T17:39:33.0297050Z remote: Compressing objects:  20% (33/161)        
2021-06-11T17:39:33.0297860Z remote: Compressing objects:  21% (34/161)        
2021-06-11T17:39:33.0298689Z remote: Compressing objects:  22% (36/161)        
2021-06-11T17:39:33.0299508Z remote: Compressing objects:  23% (38/161)        
2021-06-11T17:39:33.0300336Z remote: Compressing objects:  24% (39/161)        
2021-06-11T17:39:33.0301158Z remote: Compressing objects:  25% (41/161)        
2021-06-11T17:39:33.0301989Z remote: Compressing objects:  26% (42/161)        
2021-06-11T17:39:33.0302809Z remote: Compressing objects:  27% (44/161)        
2021-06-11T17:39:33.0303621Z remote: Compressing objects:  28% (46/161)        
2021-06-11T17:39:33.0304626Z remote: Compressing objects:  29% (47/161)        
2021-06-11T17:39:33.0305464Z remote: Compressing objects:  30% (49/161)        
2021-06-11T17:39:33.0306277Z remote: Compressing objects:  31% (50/161)        
2021-06-11T17:39:33.0307104Z remote: Compressing objects:  32% (52/161)        
2021-06-11T17:39:33.0307923Z remote: Compressing objects:  33% (54/161)        
2021-06-11T17:39:33.0309264Z remote: Compressing objects:  34% (55/161)        
2021-06-11T17:39:33.0405802Z remote: Compressing objects:  35% (57/161)        
2021-06-11T17:39:33.0406783Z remote: Compressing objects:  36% (58/161)        
2021-06-11T17:39:33.0407642Z remote: Compressing objects:  37% (60/161)        
2021-06-11T17:39:33.0408475Z remote: Compressing objects:  38% (62/161)        
2021-06-11T17:39:33.0409553Z remote: Compressing objects:  39% (63/161)        
2021-06-11T17:39:33.0410378Z remote: Compressing objects:  40% (65/161)        
2021-06-11T17:39:33.0411197Z remote: Compressing objects:  41% (67/161)        
2021-06-11T17:39:33.0412025Z remote: Compressing objects:  42% (68/161)        
2021-06-11T17:39:33.0412831Z remote: Compressing objects:  43% (70/161)        
2021-06-11T17:39:33.0413658Z remote: Compressing objects:  44% (71/161)        
2021-06-11T17:39:33.0414476Z remote: Compressing objects:  45% (73/161)        
2021-06-11T17:39:33.0415277Z remote: Compressing objects:  46% (75/161)        
2021-06-11T17:39:33.0416103Z remote: Compressing objects:  47% (76/161)        
2021-06-11T17:39:33.0416919Z remote: Compressing objects:  48% (78/161)        
2021-06-11T17:39:33.0417745Z remote: Compressing objects:  49% (79/161)        
2021-06-11T17:39:33.0418652Z remote: Compressing objects:  50% (81/161)        
2021-06-11T17:39:33.0419468Z remote: Compressing objects:  51% (83/161)        
2021-06-11T17:39:33.0420288Z remote: Compressing objects:  52% (84/161)        
2021-06-11T17:39:33.0421171Z remote: Compressing objects:  53% (86/161)        
2021-06-11T17:39:33.0421980Z remote: Compressing objects:  54% (87/161)        
2021-06-11T17:39:33.0422798Z remote: Compressing objects:  55% (89/161)        
2021-06-11T17:39:33.0423605Z remote: Compressing objects:  56% (91/161)        
2021-06-11T17:39:33.0424633Z remote: Compressing objects:  57% (92/161)        
2021-06-11T17:39:33.0425460Z remote: Compressing objects:  58% (94/161)        
2021-06-11T17:39:33.0426264Z remote: Compressing objects:  59% (95/161)        
2021-06-11T17:39:33.0427208Z remote: Compressing objects:  60% (97/161)        
2021-06-11T17:39:33.0428042Z remote: Compressing objects:  61% (99/161)        
2021-06-11T17:39:33.0428872Z remote: Compressing objects:  62% (100/161)        
2021-06-11T17:39:33.0429701Z remote: Compressing objects:  63% (102/161)        
2021-06-11T17:39:33.0430523Z remote: Compressing objects:  64% (104/161)        
2021-06-11T17:39:33.0431350Z remote: Compressing objects:  65% (105/161)        
2021-06-11T17:39:33.0432163Z remote: Compressing objects:  66% (107/161)        
2021-06-11T17:39:33.0432993Z remote: Compressing objects:  67% (108/161)        
2021-06-11T17:39:33.0433817Z remote: Compressing objects:  68% (110/161)        
2021-06-11T17:39:33.0434623Z remote: Compressing objects:  69% (112/161)        
2021-06-11T17:39:33.0435444Z remote: Compressing objects:  70% (113/161)        
2021-06-11T17:39:33.0436264Z remote: Compressing objects:  71% (115/161)        
2021-06-11T17:39:33.0437069Z remote: Compressing objects:  72% (116/161)        
2021-06-11T17:39:33.0437892Z remote: Compressing objects:  73% (118/161)        
2021-06-11T17:39:33.0438699Z remote: Compressing objects:  74% (120/161)        
2021-06-11T17:39:33.0439522Z remote: Compressing objects:  75% (121/161)        
2021-06-11T17:39:33.0440343Z remote: Compressing objects:  76% (123/161)        
2021-06-11T17:39:33.0441163Z remote: Compressing objects:  77% (124/161)        
2021-06-11T17:39:33.0441985Z remote: Compressing objects:  78% (126/161)        
2021-06-11T17:39:33.0442790Z remote: Compressing objects:  79% (128/161)        
2021-06-11T17:39:33.0443611Z remote: Compressing objects:  80% (129/161)        
2021-06-11T17:39:33.0444464Z remote: Compressing objects:  81% (131/161)        
2021-06-11T17:39:33.0445270Z remote: Compressing objects:  82% (133/161)        
2021-06-11T17:39:33.0446090Z remote: Compressing objects:  83% (134/161)        
2021-06-11T17:39:33.0446903Z remote: Compressing objects:  84% (136/161)        
2021-06-11T17:39:33.0447707Z remote: Compressing objects:  85% (137/161)        
2021-06-11T17:39:33.0448534Z remote: Compressing objects:  86% (139/161)        
2021-06-11T17:39:33.0449336Z remote: Compressing objects:  87% (141/161)        
2021-06-11T17:39:33.0450152Z remote: Compressing objects:  88% (142/161)        
2021-06-11T17:39:33.0451093Z remote: Compressing objects:  89% (144/161)        
2021-06-11T17:39:33.0451891Z remote: Compressing objects:  90% (145/161)        
2021-06-11T17:39:33.0452716Z remote: Compressing objects:  91% (147/161)        
2021-06-11T17:39:33.0453521Z remote: Compressing objects:  92% (149/161)        
2021-06-11T17:39:33.0454367Z remote: Compressing objects:  93% (150/161)        
2021-06-11T17:39:33.0455168Z remote: Compressing objects:  94% (152/161)        
2021-06-11T17:39:33.0455987Z remote: Compressing objects:  95% (153/161)        
2021-06-11T17:39:33.0456807Z remote: Compressing objects:  96% (155/161)        
2021-06-11T17:39:33.0457626Z remote: Compressing objects:  97% (157/161)        
2021-06-11T17:39:33.0458451Z remote: Compressing objects:  98% (158/161)        
2021-06-11T17:39:33.0459260Z remote: Compressing objects:  99% (160/161)        
2021-06-11T17:39:33.0460078Z remote: Compressing objects: 100% (161/161)        
2021-06-11T17:39:33.0460918Z remote: Compressing objects: 100% (161/161), done.        
2021-06-11T17:39:33.0461727Z Receiving objects:   0% (1/665)
2021-06-11T17:39:33.0462450Z Receiving objects:   1% (7/665)
2021-06-11T17:39:33.0463160Z Receiving objects:   2% (14/665)
2021-06-11T17:39:33.0464079Z Receiving objects:   3% (20/665)
2021-06-11T17:39:33.0464828Z Receiving objects:   4% (27/665)
2021-06-11T17:39:33.0465524Z Receiving objects:   5% (34/665)
2021-06-11T17:39:33.0466249Z Receiving objects:   6% (40/665)
2021-06-11T17:39:33.0466949Z Receiving objects:   7% (47/665)
2021-06-11T17:39:33.0467665Z Receiving objects:   8% (54/665)
2021-06-11T17:39:33.0468380Z Receiving objects:   9% (60/665)
2021-06-11T17:39:33.0469075Z Receiving objects:  10% (67/665)
2021-06-11T17:39:33.0469789Z Receiving objects:  11% (74/665)
2021-06-11T17:39:33.0470596Z Receiving objects:  12% (80/665)
2021-06-11T17:39:33.0471330Z Receiving objects:  13% (87/665)
2021-06-11T17:39:33.0472046Z Receiving objects:  14% (94/665)
2021-06-11T17:39:33.0472749Z Receiving objects:  15% (100/665)
2021-06-11T17:39:33.0473482Z Receiving objects:  16% (107/665)
2021-06-11T17:39:33.0474193Z Receiving objects:  17% (114/665)
2021-06-11T17:39:33.0474914Z Receiving objects:  18% (120/665)
2021-06-11T17:39:33.0475628Z Receiving objects:  19% (127/665)
2021-06-11T17:39:33.0476330Z Receiving objects:  20% (133/665)
2021-06-11T17:39:33.0477044Z Receiving objects:  21% (140/665)
2021-06-11T17:39:33.0477743Z Receiving objects:  22% (147/665)
2021-06-11T17:39:33.0478461Z Receiving objects:  23% (153/665)
2021-06-11T17:39:33.0479175Z Receiving objects:  24% (160/665)
2021-06-11T17:39:33.0479866Z Receiving objects:  25% (167/665)
2021-06-11T17:39:33.0480578Z Receiving objects:  26% (173/665)
2021-06-11T17:39:33.0481280Z Receiving objects:  27% (180/665)
2021-06-11T17:39:33.0482002Z Receiving objects:  28% (187/665)
2021-06-11T17:39:33.0482716Z Receiving objects:  29% (193/665)
2021-06-11T17:39:33.0483415Z Receiving objects:  30% (200/665)
2021-06-11T17:39:33.0484131Z Receiving objects:  31% (207/665)
2021-06-11T17:39:33.0484831Z Receiving objects:  32% (213/665)
2021-06-11T17:39:33.0485561Z Receiving objects:  33% (220/665)
2021-06-11T17:39:33.0486275Z Receiving objects:  34% (227/665)
2021-06-11T17:39:33.0486974Z Receiving objects:  35% (233/665)
2021-06-11T17:39:33.0487689Z Receiving objects:  36% (240/665)
2021-06-11T17:39:33.0488387Z Receiving objects:  37% (247/665)
2021-06-11T17:39:33.0489110Z Receiving objects:  38% (253/665)
2021-06-11T17:39:33.0489824Z Receiving objects:  39% (260/665)
2021-06-11T17:39:33.0490522Z Receiving objects:  40% (266/665)
2021-06-11T17:39:33.0491236Z Receiving objects:  41% (273/665)
2021-06-11T17:39:33.0491937Z Receiving objects:  42% (280/665)
2021-06-11T17:39:33.0492656Z Receiving objects:  43% (286/665)
2021-06-11T17:39:33.0493380Z Receiving objects:  44% (293/665)
2021-06-11T17:39:33.0494079Z Receiving objects:  45% (300/665)
2021-06-11T17:39:33.0494796Z Receiving objects:  46% (306/665)
2021-06-11T17:39:33.0495493Z Receiving objects:  47% (313/665)
2021-06-11T17:39:33.0496209Z Receiving objects:  48% (320/665)
2021-06-11T17:39:33.0497033Z Receiving objects:  49% (326/665)
2021-06-11T17:39:33.0497739Z Receiving objects:  50% (333/665)
2021-06-11T17:39:33.0498456Z Receiving objects:  51% (340/665)
2021-06-11T17:39:33.0499159Z Receiving objects:  52% (346/665)
2021-06-11T17:39:33.0499888Z Receiving objects:  53% (353/665)
2021-06-11T17:39:33.0500605Z Receiving objects:  54% (360/665)
2021-06-11T17:39:33.0501305Z Receiving objects:  55% (366/665)
2021-06-11T17:39:33.0502028Z Receiving objects:  56% (373/665)
2021-06-11T17:39:33.0502733Z Receiving objects:  57% (380/665)
2021-06-11T17:39:33.0503451Z Receiving objects:  58% (386/665)
2021-06-11T17:39:33.0504350Z Receiving objects:  59% (393/665)
2021-06-11T17:39:33.0505084Z Receiving objects:  60% (399/665)
2021-06-11T17:39:33.0505815Z Receiving objects:  61% (406/665)
2021-06-11T17:39:33.0506525Z Receiving objects:  62% (413/665)
2021-06-11T17:39:33.0507242Z Receiving objects:  63% (419/665)
2021-06-11T17:39:33.0507961Z Receiving objects:  64% (426/665)
2021-06-11T17:39:33.0508673Z Receiving objects:  65% (433/665)
2021-06-11T17:39:33.0509393Z Receiving objects:  66% (439/665)
2021-06-11T17:39:33.0510099Z Receiving objects:  67% (446/665)
2021-06-11T17:39:33.0510815Z Receiving objects:  68% (453/665)
2021-06-11T17:39:33.0511527Z Receiving objects:  69% (459/665)
2021-06-11T17:39:33.0512225Z Receiving objects:  70% (466/665)
2021-06-11T17:39:33.0512938Z Receiving objects:  71% (473/665)
2021-06-11T17:39:33.0513643Z Receiving objects:  72% (479/665)
2021-06-11T17:39:33.0515133Z remote: Total 665 (delta 166), reused 197 (delta 135), pack-reused 346        
2021-06-11T17:39:33.0516021Z Receiving objects:  73% (486/665)
2021-06-11T17:39:33.0516736Z Receiving objects:  74% (493/665)
2021-06-11T17:39:33.0517595Z Receiving objects:  75% (499/665)
2021-06-11T17:39:33.0518330Z Receiving objects:  76% (506/665)
2021-06-11T17:39:33.0519048Z Receiving objects:  77% (513/665)
2021-06-11T17:39:33.0519768Z Receiving objects:  78% (519/665)
2021-06-11T17:39:33.0520472Z Receiving objects:  79% (526/665)
2021-06-11T17:39:33.0521246Z Receiving objects:  80% (532/665)
2021-06-11T17:39:33.0521945Z Receiving objects:  81% (539/665)
2021-06-11T17:39:33.0522663Z Receiving objects:  82% (546/665)
2021-06-11T17:39:33.0523380Z Receiving objects:  83% (552/665)
2021-06-11T17:39:33.0524084Z Receiving objects:  84% (559/665)
2021-06-11T17:39:33.0524801Z Receiving objects:  85% (566/665)
2021-06-11T17:39:33.0525507Z Receiving objects:  86% (572/665)
2021-06-11T17:39:33.0526243Z Receiving objects:  87% (579/665)
2021-06-11T17:39:33.0526961Z Receiving objects:  88% (586/665)
2021-06-11T17:39:33.0527662Z Receiving objects:  89% (592/665)
2021-06-11T17:39:33.0528377Z Receiving objects:  90% (599/665)
2021-06-11T17:39:33.0529090Z Receiving objects:  91% (606/665)
2021-06-11T17:39:33.0529813Z Receiving objects:  92% (612/665)
2021-06-11T17:39:33.0530529Z Receiving objects:  93% (619/665)
2021-06-11T17:39:33.0531229Z Receiving objects:  94% (626/665)
2021-06-11T17:39:33.0531950Z Receiving objects:  95% (632/665)
2021-06-11T17:39:33.0532664Z Receiving objects:  96% (639/665)
2021-06-11T17:39:33.0533390Z Receiving objects:  97% (646/665)
2021-06-11T17:39:33.0534106Z Receiving objects:  98% (652/665)
2021-06-11T17:39:33.0534802Z Receiving objects:  99% (659/665)
2021-06-11T17:39:33.0535524Z Receiving objects: 100% (665/665)
2021-06-11T17:39:33.0536322Z Receiving objects: 100% (665/665), 188.78 KiB | 20.97 MiB/s, done.
2021-06-11T17:39:33.0537091Z Resolving deltas:   0% (0/346)
2021-06-11T17:39:33.0537798Z Resolving deltas:   1% (4/346)
2021-06-11T17:39:33.0538483Z Resolving deltas:   2% (7/346)
2021-06-11T17:39:33.0539188Z Resolving deltas:   3% (11/346)
2021-06-11T17:39:33.0539894Z Resolving deltas:   4% (14/346)
2021-06-11T17:39:33.0540592Z Resolving deltas:   5% (18/346)
2021-06-11T17:39:33.0541290Z Resolving deltas:   6% (21/346)
2021-06-11T17:39:33.0541976Z Resolving deltas:   7% (25/346)
2021-06-11T17:39:33.0542678Z Resolving deltas:   8% (28/346)
2021-06-11T17:39:33.0543382Z Resolving deltas:   9% (32/346)
2021-06-11T17:39:33.0544333Z Resolving deltas:  10% (35/346)
2021-06-11T17:39:33.0545032Z Resolving deltas:  11% (39/346)
2021-06-11T17:39:33.0545710Z Resolving deltas:  12% (42/346)
2021-06-11T17:39:33.0546412Z Resolving deltas:  13% (45/346)
2021-06-11T17:39:33.0547096Z Resolving deltas:  14% (49/346)
2021-06-11T17:39:33.0547795Z Resolving deltas:  15% (52/346)
2021-06-11T17:39:33.0548491Z Resolving deltas:  16% (56/346)
2021-06-11T17:39:33.0549174Z Resolving deltas:  17% (59/346)
2021-06-11T17:39:33.0549873Z Resolving deltas:  18% (63/346)
2021-06-11T17:39:33.0550564Z Resolving deltas:  19% (66/346)
2021-06-11T17:39:33.0551262Z Resolving deltas:  20% (70/346)
2021-06-11T17:39:33.0551961Z Resolving deltas:  21% (73/346)
2021-06-11T17:39:33.0552658Z Resolving deltas:  22% (77/346)
2021-06-11T17:39:33.0553360Z Resolving deltas:  23% (80/346)
2021-06-11T17:39:33.0554041Z Resolving deltas:  24% (84/346)
2021-06-11T17:39:33.0554745Z Resolving deltas:  25% (87/346)
2021-06-11T17:39:33.0555447Z Resolving deltas:  26% (90/346)
2021-06-11T17:39:33.0556142Z Resolving deltas:  27% (94/346)
2021-06-11T17:39:33.0556846Z Resolving deltas:  28% (97/346)
2021-06-11T17:39:33.0557535Z Resolving deltas:  29% (101/346)
2021-06-11T17:39:33.0558291Z Resolving deltas:  30% (104/346)
2021-06-11T17:39:33.0558991Z Resolving deltas:  31% (108/346)
2021-06-11T17:39:33.0559679Z Resolving deltas:  32% (111/346)
2021-06-11T17:39:33.0560385Z Resolving deltas:  33% (115/346)
2021-06-11T17:39:33.0561068Z Resolving deltas:  34% (118/346)
2021-06-11T17:39:33.0561769Z Resolving deltas:  35% (122/346)
2021-06-11T17:39:33.0562468Z Resolving deltas:  36% (125/346)
2021-06-11T17:39:33.0563162Z Resolving deltas:  37% (129/346)
2021-06-11T17:39:33.0563873Z Resolving deltas:  38% (133/346)
2021-06-11T17:39:33.0564723Z Resolving deltas:  39% (135/346)
2021-06-11T17:39:33.0565445Z Resolving deltas:  40% (139/346)
2021-06-11T17:39:33.0566148Z Resolving deltas:  41% (142/346)
2021-06-11T17:39:33.0566846Z Resolving deltas:  42% (146/346)
2021-06-11T17:39:33.0567571Z Resolving deltas:  43% (149/346)
2021-06-11T17:39:33.0568260Z Resolving deltas:  44% (153/346)
2021-06-11T17:39:33.0568964Z Resolving deltas:  45% (156/346)
2021-06-11T17:39:33.0569672Z Resolving deltas:  46% (160/346)
2021-06-11T17:39:33.0570362Z Resolving deltas:  47% (163/346)
2021-06-11T17:39:33.0571073Z Resolving deltas:  48% (167/346)
2021-06-11T17:39:33.0571765Z Resolving deltas:  49% (170/346)
2021-06-11T17:39:33.0572468Z Resolving deltas:  50% (173/346)
2021-06-11T17:39:33.0573173Z Resolving deltas:  51% (177/346)
2021-06-11T17:39:33.0573865Z Resolving deltas:  52% (180/346)
2021-06-11T17:39:33.0574574Z Resolving deltas:  53% (184/346)
2021-06-11T17:39:33.0575262Z Resolving deltas:  54% (187/346)
2021-06-11T17:39:33.0575980Z Resolving deltas:  55% (191/346)
2021-06-11T17:39:33.0576682Z Resolving deltas:  56% (194/346)
2021-06-11T17:39:33.0577362Z Resolving deltas:  57% (198/346)
2021-06-11T17:39:33.0578069Z Resolving deltas:  58% (201/346)
2021-06-11T17:39:33.0578752Z Resolving deltas:  59% (205/346)
2021-06-11T17:39:33.0579456Z Resolving deltas:  60% (208/346)
2021-06-11T17:39:33.0580154Z Resolving deltas:  61% (212/346)
2021-06-11T17:39:33.0580841Z Resolving deltas:  62% (215/346)
2021-06-11T17:39:33.0581532Z Resolving deltas:  63% (218/346)
2021-06-11T17:39:33.0582214Z Resolving deltas:  64% (222/346)
2021-06-11T17:39:33.0582913Z Resolving deltas:  65% (225/346)
2021-06-11T17:39:33.0583609Z Resolving deltas:  66% (229/346)
2021-06-11T17:39:33.0584421Z Resolving deltas:  67% (232/346)
2021-06-11T17:39:33.0585122Z Resolving deltas:  68% (236/346)
2021-06-11T17:39:33.0585799Z Resolving deltas:  69% (239/346)
2021-06-11T17:39:33.0586497Z Resolving deltas:  70% (243/346)
2021-06-11T17:39:33.0587195Z Resolving deltas:  71% (246/346)
2021-06-11T17:39:33.0587897Z Resolving deltas:  72% (250/346)
2021-06-11T17:39:33.0588600Z Resolving deltas:  73% (253/346)
2021-06-11T17:39:33.0589289Z Resolving deltas:  74% (257/346)
2021-06-11T17:39:33.0589984Z Resolving deltas:  75% (260/346)
2021-06-11T17:39:33.0590817Z Resolving deltas:  76% (263/346)
2021-06-11T17:39:33.0591504Z Resolving deltas:  77% (267/346)
2021-06-11T17:39:33.0592206Z Resolving deltas:  78% (270/346)
2021-06-11T17:39:33.0592896Z Resolving deltas:  79% (274/346)
2021-06-11T17:39:33.0593598Z Resolving deltas:  80% (277/346)
2021-06-11T17:39:33.0594301Z Resolving deltas:  81% (281/346)
2021-06-11T17:39:33.0594991Z Resolving deltas:  82% (284/346)
2021-06-11T17:39:33.0595687Z Resolving deltas:  83% (288/346)
2021-06-11T17:39:33.0596377Z Resolving deltas:  84% (291/346)
2021-06-11T17:39:33.0597083Z Resolving deltas:  85% (295/346)
2021-06-11T17:39:33.0597786Z Resolving deltas:  86% (298/346)
2021-06-11T17:39:33.0598476Z Resolving deltas:  87% (302/346)
2021-06-11T17:39:33.0599264Z Resolving deltas:  88% (305/346)
2021-06-11T17:39:33.0599960Z Resolving deltas:  89% (308/346)
2021-06-11T17:39:33.0601021Z Resolving deltas:  90% (312/346)
2021-06-11T17:39:33.0601924Z Resolving deltas:  91% (315/346)
2021-06-11T17:39:33.0602624Z Resolving deltas:  92% (319/346)
2021-06-11T17:39:33.0603337Z Resolving deltas:  93% (322/346)
2021-06-11T17:39:33.0604022Z Resolving deltas:  94% (326/346)
2021-06-11T17:39:33.0604725Z Resolving deltas:  95% (329/346)
2021-06-11T17:39:33.0605425Z Resolving deltas:  96% (333/346)
2021-06-11T17:39:33.0606108Z Resolving deltas:  97% (336/346)
2021-06-11T17:39:33.0606815Z Resolving deltas:  98% (340/346)
2021-06-11T17:39:33.0607500Z Resolving deltas:  99% (343/346)
2021-06-11T17:39:33.0608199Z Resolving deltas: 100% (346/346)
2021-06-11T17:39:33.0608925Z Resolving deltas: 100% (346/346), done.
2021-06-11T17:39:33.0609756Z From https://github.com/con/tinuous
2021-06-11T17:39:33.0611073Z  * [new branch]      fix-ci        -> origin/fix-ci
2021-06-11T17:39:33.0612243Z  * [new branch]      gh-55         -> origin/gh-55
2021-06-11T17:39:33.0613278Z  * [new branch]      master        -> origin/master
2021-06-11T17:39:33.0614323Z  * [new branch]      new-since     -> origin/new-since
2021-06-11T17:39:33.0615446Z  * [new branch]      test-appveyor -> origin/test-appveyor
2021-06-11T17:39:33.0616487Z  * [new tag]         0.1.0         -> 0.1.0
2021-06-11T17:39:33.0617314Z  * [new tag]         0.2.0         -> 0.2.0
2021-06-11T17:39:33.0618316Z [command]/usr/bin/git branch --list --remote origin/master
2021-06-11T17:39:33.0619104Z   origin/master
2021-06-11T17:39:33.0620094Z [command]/usr/bin/git rev-parse refs/remotes/origin/master
2021-06-11T17:39:33.0621212Z 0ee8b5dbf9603b035fe38fdda916f3f7e7d3ba53
2021-06-11T17:39:33.0622223Z ##[endgroup]
2021-06-11T17:39:33.0622976Z ##[group]Determining the checkout info
2021-06-11T17:39:33.0623719Z ##[endgroup]
2021-06-11T17:39:33.0624594Z ##[group]Checking out the ref
2021-06-11T17:39:33.0625847Z [command]/usr/bin/git checkout --progress --force -B master refs/remotes/origin/master
2021-06-11T17:39:33.0626956Z Reset branch 'master'
2021-06-11T17:39:33.0628008Z Branch 'master' set up to track remote branch 'master' from 'origin'.
2021-06-11T17:39:33.0628838Z ##[endgroup]
2021-06-11T17:39:33.0629721Z [command]/usr/bin/git log -1 --format='%H'
2021-06-11T17:39:33.0630910Z '0ee8b5dbf9603b035fe38fdda916f3f7e7d3ba53'
2021-06-11T17:39:33.0713204Z ##[group]Run actions/setup-python@v2
2021-06-11T17:39:33.0713826Z with:
2021-06-11T17:39:33.0714341Z   python-version: 3.9
2021-06-11T17:39:33.0715441Z   token: ***
2021-06-11T17:39:33.0715883Z ##[endgroup]
2021-06-11T17:39:33.1478058Z Successfully setup CPython (3.9.5)
2021-06-11T17:39:33.1542458Z ##[group]Run python -m pip install --upgrade pip wheel
2021-06-11T17:39:33.1543379Z [36;1mpython -m pip install --upgrade pip wheel[0m
2021-06-11T17:39:33.1544509Z [36;1mpython -m pip install --upgrade --upgrade-strategy=eager tox[0m
2021-06-11T17:39:33.1593342Z shell: /usr/bin/bash -e {0}
2021-06-11T17:39:33.1593910Z env:
2021-06-11T17:39:33.1594680Z   pythonLocation: /opt/hostedtoolcache/Python/3.9.5/x64
2021-06-11T17:39:33.1595608Z   LD_LIBRARY_PATH: /opt/hostedtoolcache/Python/3.9.5/x64/lib
2021-06-11T17:39:33.1596430Z ##[endgroup]
2021-06-11T17:39:33.7608808Z Requirement already satisfied: pip in /opt/hostedtoolcache/Python/3.9.5/x64/lib/python3.9/site-packages (21.1.2)
2021-06-11T17:39:33.9551348Z Collecting wheel
2021-06-11T17:39:34.0091849Z   Downloading wheel-0.36.2-py2.py3-none-any.whl (35 kB)
2021-06-11T17:39:34.0706468Z Installing collected packages: wheel
2021-06-11T17:39:34.1077631Z Successfully installed wheel-0.36.2
2021-06-11T17:39:34.7896731Z Collecting tox
2021-06-11T17:39:34.8371820Z   Downloading tox-3.23.1-py2.py3-none-any.whl (85 kB)
2021-06-11T17:39:35.0906199Z Collecting virtualenv!=20.0.0,!=20.0.1,!=20.0.2,!=20.0.3,!=20.0.4,!=20.0.5,!=20.0.6,!=20.0.7,>=16.0.0
2021-06-11T17:39:35.1018273Z   Downloading virtualenv-20.4.7-py2.py3-none-any.whl (7.2 MB)
2021-06-11T17:39:35.4852202Z Collecting py>=1.4.17
2021-06-11T17:39:35.4960299Z   Downloading py-1.10.0-py2.py3-none-any.whl (97 kB)
2021-06-11T17:39:35.5379454Z Collecting filelock>=3.0.0
2021-06-11T17:39:35.5381113Z   Downloading filelock-3.0.12-py3-none-any.whl (7.6 kB)
2021-06-11T17:39:35.5862960Z Collecting packaging>=14
2021-06-11T17:39:35.5969641Z   Downloading packaging-20.9-py2.py3-none-any.whl (40 kB)
2021-06-11T17:39:35.6207658Z Collecting toml>=0.9.4
2021-06-11T17:39:35.6312741Z   Downloading toml-0.10.2-py2.py3-none-any.whl (16 kB)
2021-06-11T17:39:35.6648268Z Collecting six>=1.14.0
2021-06-11T17:39:35.6749752Z   Downloading six-1.16.0-py2.py3-none-any.whl (11 kB)
2021-06-11T17:39:35.7074910Z Collecting pluggy>=0.12.0
2021-06-11T17:39:35.7183181Z   Downloading pluggy-0.13.1-py2.py3-none-any.whl (18 kB)
2021-06-11T17:39:35.8024198Z Collecting pyparsing>=2.0.2
2021-06-11T17:39:35.8193576Z   Downloading pyparsing-2.4.7-py2.py3-none-any.whl (67 kB)
2021-06-11T17:39:35.8897386Z Collecting appdirs<2,>=1.4.3
2021-06-11T17:39:35.9035760Z   Downloading appdirs-1.4.4-py2.py3-none-any.whl (9.6 kB)
2021-06-11T17:39:35.9266334Z Collecting distlib<1,>=0.3.1
2021-06-11T17:39:35.9388515Z   Downloading distlib-0.3.2-py2.py3-none-any.whl (338 kB)
2021-06-11T17:39:36.0555319Z Installing collected packages: six, pyparsing, filelock, distlib, appdirs, virtualenv, toml, py, pluggy, packaging, tox
2021-06-11T17:39:36.6377188Z Successfully installed appdirs-1.4.4 distlib-0.3.2 filelock-3.0.12 packaging-20.9 pluggy-0.13.1 py-1.10.0 pyparsing-2.4.7 six-1.16.0 toml-0.10.2 tox-3.23.1 virtualenv-20.4.7
2021-06-11T17:39:36.7166649Z ##[group]Run tox -e py -- --cov-report=xml
2021-06-11T17:39:36.7167360Z [36;1mtox -e py -- --cov-report=xml[0m
2021-06-11T17:39:36.7212072Z shell: /usr/bin/bash -e {0}
2021-06-11T17:39:36.7212499Z env:
2021-06-11T17:39:36.7213121Z   pythonLocation: /opt/hostedtoolcache/Python/3.9.5/x64
2021-06-11T17:39:36.7213952Z   LD_LIBRARY_PATH: /opt/hostedtoolcache/Python/3.9.5/x64/lib
2021-06-11T17:39:36.7214580Z ##[endgroup]
2021-06-11T17:39:36.9436697Z .package create: /home/runner/work/tinuous/tinuous/.tox/.package
2021-06-11T17:39:37.8753205Z .package installdeps: setuptools >= 46.4.0, wheel ~= 0.32
2021-06-11T17:39:41.4016583Z py create: /home/runner/work/tinuous/tinuous/.tox/py
2021-06-11T17:39:41.6706572Z py installdeps: pytest~=6.0, pytest-cov~=2.0, pytest-mock~=3.0
2021-06-11T17:39:44.9672071Z py inst: /home/runner/work/tinuous/tinuous/.tox/.tmp/package/1/tinuous-0.2.0+72.g0ee8b5d.tar.gz
2021-06-11T17:39:55.4517461Z py installed: attrs==21.2.0,certifi==2021.5.30,cffi==1.14.5,chardet==4.0.0,click==8.0.1,click-loglevel==0.4.0.post1,coverage==5.5,Deprecated==1.2.12,idna==2.10,in-place==0.5.0,iniconfig==1.1.1,packaging==20.9,pluggy==0.13.1,py==1.10.0,pycparser==2.20,pydantic==1.8.2,PyGithub==1.55,PyJWT==2.1.0,PyNaCl==1.4.0,pyparsing==2.4.7,pytest==6.2.4,pytest-cov==2.12.1,pytest-mock==3.6.1,python-dateutil==2.8.1,python-dotenv==0.17.1,PyYAML==5.4.1,requests==2.25.1,six==1.16.0,tinuous @ file:///home/runner/work/tinuous/tinuous/.tox/.tmp/package/1/tinuous-0.2.0%2B72.g0ee8b5d.tar.gz,toml==0.10.2,typing-extensions==3.10.0.0,urllib3==1.26.5,wrapt==1.12.1
2021-06-11T17:39:55.4531761Z py run-test-pre: PYTHONHASHSEED='1044414642'
2021-06-11T17:39:55.4533564Z py run-test: commands[0] | tinuous --help
2021-06-11T17:39:55.7469952Z Usage: tinuous [OPTIONS] COMMAND [ARGS]...
2021-06-11T17:39:55.7470913Z 
2021-06-11T17:39:55.7471969Z   Download build logs from GitHub Actions, Travis, and Appveyor
2021-06-11T17:39:55.7472832Z 
2021-06-11T17:39:55.7473456Z Options:
2021-06-11T17:39:55.7475274Z   -V, --version                   Show the version and exit.
2021-06-11T17:39:55.7476941Z   -c, --config FILE               Read configuration from the given file
2021-06-11T17:39:55.7478247Z                                   [default: tinuous.yaml]
2021-06-11T17:39:55.7479861Z   -E, --env FILE                  Load environment variables from given .env
2021-06-11T17:39:55.7481015Z                                   file
2021-06-11T17:39:55.7482412Z   -l, --log-level [NOTSET|DEBUG|INFO|WARNING|ERROR|CRITICAL]
2021-06-11T17:39:55.7483669Z                                   Set logging level  [default: 20]
2021-06-11T17:39:55.7485101Z   --help                          Show this message and exit.
2021-06-11T17:39:55.7485799Z 
2021-06-11T17:39:55.7486434Z Commands:
2021-06-11T17:39:55.7487217Z   fetch     Download logs
2021-06-11T17:39:55.7488161Z   sanitize  Sanitize secrets in logs
2021-06-11T17:39:55.7875302Z py run-test: commands[1] | pytest --cov-report=xml test
2021-06-11T17:39:56.7083491Z ============================= test session starts ==============================
2021-06-11T17:39:56.7086503Z platform linux -- Python 3.9.5, pytest-6.2.4, py-1.10.0, pluggy-0.13.1
2021-06-11T17:39:56.7088313Z cachedir: .tox/py/.pytest_cache
2021-06-11T17:39:56.7090056Z rootdir: /home/runner/work/tinuous/tinuous, configfile: tox.ini
2021-06-11T17:39:56.7092035Z plugins: cov-2.12.1, mock-3.6.1
2021-06-11T17:39:56.7093482Z collected 37 items
2021-06-11T17:39:56.7101995Z 
2021-06-11T17:39:56.7253630Z test/test_config.py ........                                             [ 21%]
2021-06-11T17:39:56.7471464Z test/test_state.py .......                                               [ 40%]
2021-06-11T17:39:56.9668592Z test/test_util.py ......................                                 [100%]
2021-06-11T17:39:56.9669354Z 
2021-06-11T17:39:56.9671280Z ----------- coverage: platform linux, python 3.9.5-final-0 -----------
2021-06-11T17:39:56.9672677Z Coverage XML written to file coverage.xml
2021-06-11T17:39:56.9673412Z 
2021-06-11T17:39:56.9674148Z 
2021-06-11T17:39:56.9674913Z ============================== 37 passed in 0.74s ==============================
2021-06-11T17:39:57.0301890Z ___________________________________ summary ____________________________________
2021-06-11T17:39:57.0302526Z   py: commands succeeded
2021-06-11T17:39:57.0303074Z   congratulations :)
2021-06-11T17:39:57.0678305Z ##[group]Run codecov/codecov-action@v1
2021-06-11T17:39:57.0678853Z with:
2021-06-11T17:39:57.0679261Z   fail_ci_if_error: false
2021-06-11T17:39:57.0679689Z env:
2021-06-11T17:39:57.0680299Z   pythonLocation: /opt/hostedtoolcache/Python/3.9.5/x64
2021-06-11T17:39:57.0681129Z   LD_LIBRARY_PATH: /opt/hostedtoolcache/Python/3.9.5/x64/lib
2021-06-11T17:39:57.0681748Z ##[endgroup]
2021-06-11T17:39:57.1309521Z [command]/usr/bin/bash codecov.sh -n  -F  -Q github-action-v1.5.2
2021-06-11T17:39:57.1399427Z 
2021-06-11T17:39:57.1400246Z   _____          _
2021-06-11T17:39:57.1400831Z  / ____|        | |
2021-06-11T17:39:57.1401526Z | |     ___   __| | ___  ___ _____   __
2021-06-11T17:39:57.1402113Z | |    / _ \ / _` |/ _ \/ __/ _ \ \ / /
2021-06-11T17:39:57.1402709Z | |___| (_) | (_| |  __/ (_| (_) \ V /
2021-06-11T17:39:57.1403299Z  \_____\___/ \__,_|\___|\___\___/ \_/
2021-06-11T17:39:57.1404450Z                               Bash-1.0.3
2021-06-11T17:39:57.1404945Z 
2021-06-11T17:39:57.1405430Z 
2021-06-11T17:39:57.1417202Z [0;36m==>[0m git version 2.31.1 found
2021-06-11T17:39:57.1536349Z [0;36m==>[0m curl 7.68.0 (x86_64-pc-linux-gnu) libcurl/7.68.0 OpenSSL/1.1.1f zlib/1.2.11 brotli/1.0.7 libidn2/2.2.0 libpsl/0.21.0 (+libidn2/2.2.0) libssh/0.9.3/openssl/zlib nghttp2/1.40.0 librtmp/2.3
2021-06-11T17:39:57.1537888Z Release-Date: 2020-01-08
2021-06-11T17:39:57.1539063Z Protocols: dict file ftp ftps gopher http https imap imaps ldap ldaps pop3 pop3s rtmp rtsp scp sftp smb smbs smtp smtps telnet tftp 
2021-06-11T17:39:57.1541215Z Features: AsynchDNS brotli GSS-API HTTP2 HTTPS-proxy IDN IPv6 Kerberos Largefile libz NTLM NTLM_WB PSL SPNEGO SSL TLS-SRP UnixSockets
2021-06-11T17:39:57.1542672Z [0;90m==>[0m GitHub Actions detected.
2021-06-11T17:39:57.1543382Z     Env vars used:
2021-06-11T17:39:57.1544411Z       -> GITHUB_ACTIONS:    true
2021-06-11T17:39:57.1545302Z       -> GITHUB_HEAD_REF:   
2021-06-11T17:39:57.1546222Z       -> GITHUB_REF:        refs/heads/master
2021-06-11T17:39:57.1547224Z       -> GITHUB_REPOSITORY: con/tinuous
2021-06-11T17:39:57.1548153Z       -> GITHUB_RUN_ID:     929353226
2021-06-11T17:39:57.1549384Z       -> GITHUB_SHA:        0ee8b5dbf9603b035fe38fdda916f3f7e7d3ba53
2021-06-11T17:39:57.1552060Z       -> GITHUB_WORKFLOW:   Test
2021-06-11T17:39:57.1735459Z     [0;90mproject root:[0m .
2021-06-11T17:39:57.1827795Z     [0;90mYaml found at:[0m codecov.yml
2021-06-11T17:39:57.2319590Z [0;90m==>[0m Running gcov in . [0;90m(disable via -X gcov)[0m
2021-06-11T17:39:57.2466520Z [0;90m==>[0m Searching for coverage reports in:
2021-06-11T17:39:57.2467642Z     [0;32m+[0m .
2021-06-11T17:39:57.2550062Z     [0;90m->[0m Found 1 reports
2021-06-11T17:39:57.2552616Z [0;90m==>[0m Detecting git/mercurial file structure
2021-06-11T17:39:57.2633273Z [0;90m==>[0m Reading reports
2021-06-11T17:39:57.2698512Z     [0;32m+[0m ./coverage.xml [0;90mbytes=42717[0m
2021-06-11T17:39:57.2732212Z [0;90m==>[0m Appending adjustments
2021-06-11T17:39:57.2733522Z     [0;36mhttps://docs.codecov.io/docs/fixing-reports[0m
2021-06-11T17:39:57.2839736Z     [0;90m->[0m No adjustments found
2021-06-11T17:39:57.2842424Z [0;90m==>[0m Gzipping contents
2021-06-11T17:39:57.2901854Z         4.0K	/tmp/codecov.QGhAVT.gz
2021-06-11T17:39:57.2926484Z [0;90m==>[0m Uploading reports
2021-06-11T17:39:57.2927476Z     [0;90murl:[0m https://codecov.io
2021-06-11T17:39:57.2929950Z     [0;90mquery:[0m branch=master&commit=0ee8b5dbf9603b035fe38fdda916f3f7e7d3ba53&build=929353226&build_url=http%3A%2F%2Fgithub.com%2Fcon%2Ftinuous%2Factions%2Fruns%2F929353226&name=&tag=&slug=con%2Ftinuous&service=github-actions&flags=&pr=&job=Test&cmd_args=n,F,Q
2021-06-11T17:39:57.2969508Z [0;90m->[0m  Pinging Codecov
2021-06-11T17:39:57.2972598Z https://codecov.io/upload/v4?package=github-action-v1.5.2-1.0.3&token=secret&branch=master&commit=0ee8b5dbf9603b035fe38fdda916f3f7e7d3ba53&build=929353226&build_url=http%3A%2F%2Fgithub.com%2Fcon%2Ftinuous%2Factions%2Fruns%2F929353226&name=&tag=&slug=con%2Ftinuous&service=github-actions&flags=&pr=&job=Test&cmd_args=n,F,Q
2021-06-11T17:39:57.7732722Z [0;90m->[0m  Uploading to
2021-06-11T17:39:57.7737826Z https://storage.googleapis.com/codecov/v4/raw/2021-06-11/0010CBA6D851417C00BB0BC3FC5895F9/0ee8b5dbf9603b035fe38fdda916f3f7e7d3ba53/52b30188-84e4-4777-a566-724001d0cd80.txt?X-Amz-Algorithm=AWS4-HMAC-SHA256&X-Amz-Credential=GOOG1EKKHVKCKHW7KBCGM7IHR55T63V2PAVJWLVFNITJHDU5G6R5IRN3LMWJA%2F20210611%2FUS%2Fs3%2Faws4_request&X-Amz-Date=20210611T173957Z&X-Amz-Expires=10&X-Amz-SignedHeaders=host&X-Amz-Signature=687a65d3bb4316dd458e550fc6a401a77f72933895773d31d96796cfddcf76dc
2021-06-11T17:39:57.7816807Z   % Total    % Received % Xferd  Average Speed   Time    Time     Time  Current
2021-06-11T17:39:57.7818020Z                                  Dload  Upload   Total   Spent    Left  Speed
2021-06-11T17:39:57.7818638Z 
2021-06-11T17:39:57.9881285Z   0     0    0     0    0     0      0      0 --:--:-- --:--:-- --:--:--     0
2021-06-11T17:39:57.9882142Z 100  3569    0     0  100  3569      0  17325 --:--:-- --:--:-- --:--:-- 17241
2021-06-11T17:39:57.9882898Z 100  3569    0     0  100  3569      0  17325 --:--:-- --:--:-- --:--:-- 17241
2021-06-11T17:39:57.9940375Z     [0;32m->[0m Reports have been successfully queued for processing at [0;36mhttps://codecov.io/github/con/tinuous/commit/0ee8b5dbf9603b035fe38fdda916f3f7e7d3ba53[0m
2021-06-11T17:39:58.0101476Z Post job cleanup.
2021-06-11T17:39:58.1206947Z [command]/usr/bin/git version
2021-06-11T17:39:58.1252189Z git version 2.31.1
2021-06-11T17:39:58.1288052Z [command]/usr/bin/git config --local --name-only --get-regexp core\.sshCommand
2021-06-11T17:39:58.1324089Z [command]/usr/bin/git submodule foreach --recursive git config --local --name-only --get-regexp 'core\.sshCommand' && git config --local --unset-all 'core.sshCommand' || :
2021-06-11T17:39:58.1585561Z [command]/usr/bin/git config --local --name-only --get-regexp http\.https\:\/\/github\.com\/\.extraheader
2021-06-11T17:39:58.1609401Z http.https://github.com/.extraheader
2021-06-11T17:39:58.1619642Z [command]/usr/bin/git config --local --unset-all http.https://github.com/.extraheader
2021-06-11T17:39:58.1653559Z [command]/usr/bin/git submodule foreach --recursive git config --local --name-only --get-regexp 'http\.https\:\/\/github\.com\/\.extraheader' && git config --local --unset-all 'http.https://github.com/.extraheader' || :
2021-06-11T17:39:58.1958455Z Cleaning up orphan processes
