2023-11-09T15:10:14.3801648Z Requested labels: ubuntu-latest
2023-11-09T15:10:14.3801972Z Job defined at: con/tinuous/.github/workflows/test.yml@refs/heads/pypy
2023-11-09T15:10:14.3802064Z Waiting for a runner to pick up this job...
2023-11-09T15:10:14.8257109Z Job is waiting for a hosted runner to come online.
2023-11-09T15:10:17.3653892Z Job is about to start running on the hosted runner: GitHub Actions 9 (hosted)
2023-11-09T15:10:19.3725975Z Current runner version: '2.311.0'
2023-11-09T15:10:19.3748682Z ##[group]Operating System
2023-11-09T15:10:19.3749275Z Ubuntu
2023-11-09T15:10:19.3749606Z 22.04.3
2023-11-09T15:10:19.3750040Z LTS
2023-11-09T15:10:19.3750375Z ##[endgroup]
2023-11-09T15:10:19.3750745Z ##[group]Runner Image
2023-11-09T15:10:19.3751251Z Image: ubuntu-22.04
2023-11-09T15:10:19.3751613Z Version: 20231030.2.0
2023-11-09T15:10:19.3752595Z Included Software: https://github.com/actions/runner-images/blob/ubuntu22/20231030.2/images/linux/Ubuntu2204-Readme.md
2023-11-09T15:10:19.3754094Z Image Release: https://github.com/actions/runner-images/releases/tag/ubuntu22%2F20231030.2
2023-11-09T15:10:19.3754911Z ##[endgroup]
2023-11-09T15:10:19.3755317Z ##[group]Runner Image Provisioner
2023-11-09T15:10:19.3755873Z 2.0.312.1
2023-11-09T15:10:19.3756174Z ##[endgroup]
2023-11-09T15:10:19.3758300Z ##[group]GITHUB_TOKEN Permissions
2023-11-09T15:10:19.3760055Z Actions: write
2023-11-09T15:10:19.3760461Z Checks: write
2023-11-09T15:10:19.3761105Z Contents: write
2023-11-09T15:10:19.3761583Z Deployments: write
2023-11-09T15:10:19.3762062Z Discussions: write
2023-11-09T15:10:19.3762410Z Issues: write
2023-11-09T15:10:19.3762783Z Metadata: read
2023-11-09T15:10:19.3763225Z Packages: write
2023-11-09T15:10:19.3763564Z Pages: write
2023-11-09T15:10:19.3763945Z PullRequests: write
2023-11-09T15:10:19.3764470Z RepositoryProjects: write
2023-11-09T15:10:19.3764900Z SecurityEvents: write
2023-11-09T15:10:19.3765302Z Statuses: write
2023-11-09T15:10:19.3765741Z ##[endgroup]
2023-11-09T15:10:19.3768627Z Secret source: Actions
2023-11-09T15:10:19.3769197Z Prepare workflow directory
2023-11-09T15:10:19.4379958Z Prepare all required actions
2023-11-09T15:10:19.4542446Z Getting action download info
2023-11-09T15:10:19.6506943Z Download action repository 'actions/checkout@v4' (SHA:b4ffde65f46336ab88eb53be808477a3936bae11)
2023-11-09T15:10:19.7642639Z Download action repository 'actions/setup-python@v4' (SHA:65d7f2d534ac1bc67fcd62888c5f4f3d2cb2b236)
2023-11-09T15:10:19.8339001Z Download action repository 'codecov/codecov-action@v3' (SHA:eaaf4bedf32dbdc6b720b63067d99c4d77d6047d)
2023-11-09T15:10:20.2153591Z Complete job name: test (3.10, py)
2023-11-09T15:10:20.3085460Z ##[group]Run actions/checkout@v4
2023-11-09T15:10:20.3086150Z with:
2023-11-09T15:10:20.3086518Z   fetch-depth: 0
2023-11-09T15:10:20.3086932Z   repository: con/tinuous
2023-11-09T15:10:20.3087654Z   token: ***
2023-11-09T15:10:20.3088014Z   ssh-strict: true
2023-11-09T15:10:20.3088437Z   persist-credentials: true
2023-11-09T15:10:20.3088983Z   clean: true
2023-11-09T15:10:20.3089363Z   sparse-checkout-cone-mode: true
2023-11-09T15:10:20.3089894Z   fetch-tags: false
2023-11-09T15:10:20.3090384Z   show-progress: true
2023-11-09T15:10:20.3090749Z   lfs: false
2023-11-09T15:10:20.3091113Z   submodules: false
2023-11-09T15:10:20.3091604Z   set-safe-directory: true
2023-11-09T15:10:20.3092054Z ##[endgroup]
2023-11-09T15:10:20.5431587Z Syncing repository: con/tinuous
2023-11-09T15:10:20.5434196Z ##[group]Getting Git version info
2023-11-09T15:10:20.5435388Z Working directory is '/home/runner/work/tinuous/tinuous'
2023-11-09T15:10:20.5436897Z [command]/usr/bin/git version
2023-11-09T15:10:20.5437812Z git version 2.42.0
2023-11-09T15:10:20.5440217Z ##[endgroup]
2023-11-09T15:10:20.5454792Z Temporarily overriding HOME='/home/runner/work/_temp/a9c5df33-83d5-4b84-bd6c-721225f60cc4' before making global git config changes
2023-11-09T15:10:20.5457179Z Adding repository directory to the temporary git global config as a safe directory
2023-11-09T15:10:20.5459091Z [command]/usr/bin/git config --global --add safe.directory /home/runner/work/tinuous/tinuous
2023-11-09T15:10:20.5467992Z Deleting the contents of '/home/runner/work/tinuous/tinuous'
2023-11-09T15:10:20.5474015Z ##[group]Initializing the repository
2023-11-09T15:10:20.5477472Z [command]/usr/bin/git init /home/runner/work/tinuous/tinuous
2023-11-09T15:10:20.5543401Z hint: Using 'master' as the name for the initial branch. This default branch name
2023-11-09T15:10:20.5545886Z hint: is subject to change. To configure the initial branch name to use in all
2023-11-09T15:10:20.5547522Z hint: of your new repositories, which will suppress this warning, call:
2023-11-09T15:10:20.5548632Z hint: 
2023-11-09T15:10:20.5549622Z hint: 	git config --global init.defaultBranch <name>
2023-11-09T15:10:20.5550251Z hint: 
2023-11-09T15:10:20.5550895Z hint: Names commonly chosen instead of 'master' are 'main', 'trunk' and
2023-11-09T15:10:20.5552507Z hint: 'development'. The just-created branch can be renamed via this command:
2023-11-09T15:10:20.5553759Z hint: 
2023-11-09T15:10:20.5554355Z hint: 	git branch -m <name>
2023-11-09T15:10:20.5555606Z Initialized empty Git repository in /home/runner/work/tinuous/tinuous/.git/
2023-11-09T15:10:20.5566908Z [command]/usr/bin/git remote add origin https://github.com/con/tinuous
2023-11-09T15:10:20.5600628Z ##[endgroup]
2023-11-09T15:10:20.5602035Z ##[group]Disabling automatic garbage collection
2023-11-09T15:10:20.5604033Z [command]/usr/bin/git config --local gc.auto 0
2023-11-09T15:10:20.5633167Z ##[endgroup]
2023-11-09T15:10:20.5634545Z ##[group]Setting up auth
2023-11-09T15:10:20.5639892Z [command]/usr/bin/git config --local --name-only --get-regexp core\.sshCommand
2023-11-09T15:10:20.5669970Z [command]/usr/bin/git submodule foreach --recursive sh -c "git config --local --name-only --get-regexp 'core\.sshCommand' && git config --local --unset-all 'core.sshCommand' || :"
2023-11-09T15:10:20.5961088Z [command]/usr/bin/git config --local --name-only --get-regexp http\.https\:\/\/github\.com\/\.extraheader
2023-11-09T15:10:20.5989838Z [command]/usr/bin/git submodule foreach --recursive sh -c "git config --local --name-only --get-regexp 'http\.https\:\/\/github\.com\/\.extraheader' && git config --local --unset-all 'http.https://github.com/.extraheader' || :"
2023-11-09T15:10:20.6217420Z [command]/usr/bin/git config --local http.https://github.com/.extraheader AUTHORIZATION: basic ***
2023-11-09T15:10:20.6249889Z ##[endgroup]
2023-11-09T15:10:20.6251109Z ##[group]Fetching the repository
2023-11-09T15:10:20.6259781Z [command]/usr/bin/git -c protocol.version=2 fetch --prune --no-recurse-submodules origin +refs/heads/*:refs/remotes/origin/* +refs/tags/*:refs/tags/*
2023-11-09T15:10:21.0327064Z From https://github.com/con/tinuous
2023-11-09T15:10:21.0328305Z  * [new branch]      fix-typing      -> origin/fix-typing
2023-11-09T15:10:21.0329432Z  * [new branch]      gh-55           -> origin/gh-55
2023-11-09T15:10:21.0330413Z  * [new branch]      master          -> origin/master
2023-11-09T15:10:21.0331483Z  * [new branch]      mypy-import     -> origin/mypy-import
2023-11-09T15:10:21.0333471Z  * [new branch]      no-extra-search -> origin/no-extra-search
2023-11-09T15:10:21.0335297Z  * [new branch]      py312           -> origin/py312
2023-11-09T15:10:21.0337423Z  * [new branch]      pypy            -> origin/pypy
2023-11-09T15:10:21.0339613Z  * [new branch]      test-appveyor   -> origin/test-appveyor
2023-11-09T15:10:21.0341402Z  * [new branch]      unused          -> origin/unused
2023-11-09T15:10:21.0344007Z  * [new branch]      updates         -> origin/updates
2023-11-09T15:10:21.0345369Z  * [new tag]         0.1.0           -> 0.1.0
2023-11-09T15:10:21.0346901Z  * [new tag]         0.2.0           -> 0.2.0
2023-11-09T15:10:21.0348318Z  * [new tag]         0.3.0           -> 0.3.0
2023-11-09T15:10:21.0350035Z  * [new tag]         0.4.0           -> 0.4.0
2023-11-09T15:10:21.0351205Z  * [new tag]         0.5.0           -> 0.5.0
2023-11-09T15:10:21.0352590Z  * [new tag]         0.5.1           -> 0.5.1
2023-11-09T15:10:21.0354213Z  * [new tag]         0.5.2           -> 0.5.2
2023-11-09T15:10:21.0355455Z  * [new tag]         0.5.3           -> 0.5.3
2023-11-09T15:10:21.0356734Z  * [new tag]         0.5.4           -> 0.5.4
2023-11-09T15:10:21.0358298Z  * [new tag]         0.6.0           -> 0.6.0
2023-11-09T15:10:21.0359547Z  * [new tag]         0.6.1           -> 0.6.1
2023-11-09T15:10:21.0392297Z [command]/usr/bin/git branch --list --remote origin/pypy
2023-11-09T15:10:21.0415134Z   origin/pypy
2023-11-09T15:10:21.0424360Z [command]/usr/bin/git rev-parse refs/remotes/origin/pypy
2023-11-09T15:10:21.0444933Z 7c67fae61d530f4c4954b0c70e4ef69f49428c8d
2023-11-09T15:10:21.0449991Z ##[endgroup]
2023-11-09T15:10:21.0450868Z ##[group]Determining the checkout info
2023-11-09T15:10:21.0451896Z ##[endgroup]
2023-11-09T15:10:21.0452446Z ##[group]Checking out the ref
2023-11-09T15:10:21.0454442Z [command]/usr/bin/git checkout --progress --force -B pypy refs/remotes/origin/pypy
2023-11-09T15:10:21.0512261Z Switched to a new branch 'pypy'
2023-11-09T15:10:21.0513162Z branch 'pypy' set up to track 'origin/pypy'.
2023-11-09T15:10:21.0519054Z ##[endgroup]
2023-11-09T15:10:21.0550263Z [command]/usr/bin/git log -1 --format='%H'
2023-11-09T15:10:21.0571519Z '7c67fae61d530f4c4954b0c70e4ef69f49428c8d'
2023-11-09T15:10:21.0894202Z ##[group]Run actions/setup-python@v4
2023-11-09T15:10:21.0894776Z with:
2023-11-09T15:10:21.0895116Z   python-version: 3.10
2023-11-09T15:10:21.0895513Z   check-latest: false
2023-11-09T15:10:21.0896147Z   token: ***
2023-11-09T15:10:21.0896501Z   update-environment: true
2023-11-09T15:10:21.0896905Z   allow-prereleases: false
2023-11-09T15:10:21.0897317Z ##[endgroup]
2023-11-09T15:10:21.2883104Z ##[group]Installed versions
2023-11-09T15:10:21.2957399Z Successfully set up CPython (3.10.13)
2023-11-09T15:10:21.2958763Z ##[endgroup]
2023-11-09T15:10:21.3083283Z ##[group]Run python -m pip install --upgrade pip wheel
2023-11-09T15:10:21.3084013Z [36;1mpython -m pip install --upgrade pip wheel[0m
2023-11-09T15:10:21.3084815Z [36;1mpython -m pip install --upgrade --upgrade-strategy=eager tox[0m
2023-11-09T15:10:21.3146409Z shell: /usr/bin/bash -e {0}
2023-11-09T15:10:21.3146802Z env:
2023-11-09T15:10:21.3147246Z   pythonLocation: /opt/hostedtoolcache/Python/3.10.13/x64
2023-11-09T15:10:21.3148039Z   PKG_CONFIG_PATH: /opt/hostedtoolcache/Python/3.10.13/x64/lib/pkgconfig
2023-11-09T15:10:21.3148688Z   Python_ROOT_DIR: /opt/hostedtoolcache/Python/3.10.13/x64
2023-11-09T15:10:21.3149273Z   Python2_ROOT_DIR: /opt/hostedtoolcache/Python/3.10.13/x64
2023-11-09T15:10:21.3149941Z   Python3_ROOT_DIR: /opt/hostedtoolcache/Python/3.10.13/x64
2023-11-09T15:10:21.3150543Z   LD_LIBRARY_PATH: /opt/hostedtoolcache/Python/3.10.13/x64/lib
2023-11-09T15:10:21.3151014Z ##[endgroup]
2023-11-09T15:10:21.9519805Z Requirement already satisfied: pip in /opt/hostedtoolcache/Python/3.10.13/x64/lib/python3.10/site-packages (23.0.1)
2023-11-09T15:10:22.0769199Z Collecting pip
2023-11-09T15:10:22.1354814Z   Downloading pip-23.3.1-py3-none-any.whl.metadata (3.5 kB)
2023-11-09T15:10:22.1902610Z Collecting wheel
2023-11-09T15:10:22.1976245Z   Downloading wheel-0.41.3-py3-none-any.whl.metadata (2.2 kB)
2023-11-09T15:10:22.2108508Z Downloading pip-23.3.1-py3-none-any.whl (2.1 MB)
2023-11-09T15:10:22.3373475Z    â”â”â”â”â”â”â”â”â”â”â”â”â”â”â”â”â”â”â”â”â”â”â”â”â”â”â”â”â”â”â”â”â”â”â”â”â”â”â”â” 2.1/2.1 MB 17.3 MB/s eta 0:00:00
2023-11-09T15:10:22.3446581Z Downloading wheel-0.41.3-py3-none-any.whl (65 kB)
2023-11-09T15:10:22.3493990Z    â”â”â”â”â”â”â”â”â”â”â”â”â”â”â”â”â”â”â”â”â”â”â”â”â”â”â”â”â”â”â”â”â”â”â”â”â”â”â”â” 65.8/65.8 kB 20.4 MB/s eta 0:00:00
2023-11-09T15:10:22.3993651Z Installing collected packages: wheel, pip
2023-11-09T15:10:22.4429662Z   Attempting uninstall: pip
2023-11-09T15:10:22.4435839Z     Found existing installation: pip 23.0.1
2023-11-09T15:10:22.4898382Z     Uninstalling pip-23.0.1:
2023-11-09T15:10:22.5339765Z       Successfully uninstalled pip-23.0.1
2023-11-09T15:10:23.6625559Z Successfully installed pip-23.3.1 wheel-0.41.3
2023-11-09T15:10:24.3948308Z Collecting tox
2023-11-09T15:10:24.4515412Z   Downloading tox-4.11.3-py3-none-any.whl.metadata (5.0 kB)
2023-11-09T15:10:24.5058965Z Collecting cachetools>=5.3.1 (from tox)
2023-11-09T15:10:24.5130822Z   Downloading cachetools-5.3.2-py3-none-any.whl.metadata (5.2 kB)
2023-11-09T15:10:24.5343990Z Collecting chardet>=5.2 (from tox)
2023-11-09T15:10:24.5414258Z   Downloading chardet-5.2.0-py3-none-any.whl.metadata (3.4 kB)
2023-11-09T15:10:24.5689792Z Collecting colorama>=0.4.6 (from tox)
2023-11-09T15:10:24.5759501Z   Downloading colorama-0.4.6-py2.py3-none-any.whl (25 kB)
2023-11-09T15:10:24.6141449Z Collecting filelock>=3.12.3 (from tox)
2023-11-09T15:10:24.6212914Z   Downloading filelock-3.13.1-py3-none-any.whl.metadata (2.8 kB)
2023-11-09T15:10:24.6544437Z Collecting packaging>=23.1 (from tox)
2023-11-09T15:10:24.6616457Z   Downloading packaging-23.2-py3-none-any.whl.metadata (3.2 kB)
2023-11-09T15:10:24.6913556Z Collecting platformdirs>=3.10 (from tox)
2023-11-09T15:10:24.6987504Z   Downloading platformdirs-3.11.0-py3-none-any.whl.metadata (11 kB)
2023-11-09T15:10:24.7240722Z Collecting pluggy>=1.3 (from tox)
2023-11-09T15:10:24.7315043Z   Downloading pluggy-1.3.0-py3-none-any.whl.metadata (4.3 kB)
2023-11-09T15:10:24.7540102Z Collecting pyproject-api>=1.6.1 (from tox)
2023-11-09T15:10:24.7613824Z   Downloading pyproject_api-1.6.1-py3-none-any.whl.metadata (2.8 kB)
2023-11-09T15:10:24.7853585Z Collecting tomli>=2.0.1 (from tox)
2023-11-09T15:10:24.7923036Z   Downloading tomli-2.0.1-py3-none-any.whl (12 kB)
2023-11-09T15:10:24.8837696Z Collecting virtualenv>=20.24.3 (from tox)
2023-11-09T15:10:24.8912401Z   Downloading virtualenv-20.24.6-py3-none-any.whl.metadata (4.5 kB)
2023-11-09T15:10:24.9712264Z Collecting distlib<1,>=0.3.7 (from virtualenv>=20.24.3->tox)
2023-11-09T15:10:24.9790498Z   Downloading distlib-0.3.7-py2.py3-none-any.whl.metadata (5.1 kB)
2023-11-09T15:10:25.0009392Z Downloading tox-4.11.3-py3-none-any.whl (153 kB)
2023-11-09T15:10:25.0131178Z    â”â”â”â”â”â”â”â”â”â”â”â”â”â”â”â”â”â”â”â”â”â”â”â”â”â”â”â”â”â”â”â”â”â”â”â”â”â”â”â” 153.8/153.8 kB 14.7 MB/s eta 0:00:00
2023-11-09T15:10:25.0205180Z Downloading cachetools-5.3.2-py3-none-any.whl (9.3 kB)
2023-11-09T15:10:25.0403737Z Downloading chardet-5.2.0-py3-none-any.whl (199 kB)
2023-11-09T15:10:25.0463482Z    â”â”â”â”â”â”â”â”â”â”â”â”â”â”â”â”â”â”â”â”â”â”â”â”â”â”â”â”â”â”â”â”â”â”â”â”â”â”â”â” 199.4/199.4 kB 47.6 MB/s eta 0:00:00
2023-11-09T15:10:25.0533497Z Downloading filelock-3.13.1-py3-none-any.whl (11 kB)
2023-11-09T15:10:25.0625199Z Downloading packaging-23.2-py3-none-any.whl (53 kB)
2023-11-09T15:10:25.0671045Z    â”â”â”â”â”â”â”â”â”â”â”â”â”â”â”â”â”â”â”â”â”â”â”â”â”â”â”â”â”â”â”â”â”â”â”â”â”â”â”â” 53.0/53.0 kB 17.9 MB/s eta 0:00:00
2023-11-09T15:10:25.0763534Z Downloading platformdirs-3.11.0-py3-none-any.whl (17 kB)
2023-11-09T15:10:25.0857008Z Downloading pluggy-1.3.0-py3-none-any.whl (18 kB)
2023-11-09T15:10:25.0945816Z Downloading pyproject_api-1.6.1-py3-none-any.whl (12 kB)
2023-11-09T15:10:25.1037507Z Downloading virtualenv-20.24.6-py3-none-any.whl (3.8 MB)
2023-11-09T15:10:25.1402734Z    â”â”â”â”â”â”â”â”â”â”â”â”â”â”â”â”â”â”â”â”â”â”â”â”â”â”â”â”â”â”â”â”â”â”â”â”â”â”â”â” 3.8/3.8 MB 108.7 MB/s eta 0:00:00
2023-11-09T15:10:25.1475165Z Downloading distlib-0.3.7-py2.py3-none-any.whl (468 kB)
2023-11-09T15:10:25.1556366Z    â”â”â”â”â”â”â”â”â”â”â”â”â”â”â”â”â”â”â”â”â”â”â”â”â”â”â”â”â”â”â”â”â”â”â”â”â”â”â”â” 468.9/468.9 kB 79.1 MB/s eta 0:00:00
2023-11-09T15:10:25.2897277Z Installing collected packages: distlib, tomli, pluggy, platformdirs, packaging, filelock, colorama, chardet, cachetools, virtualenv, pyproject-api, tox
2023-11-09T15:10:25.9161280Z Successfully installed cachetools-5.3.2 chardet-5.2.0 colorama-0.4.6 distlib-0.3.7 filelock-3.13.1 packaging-23.2 platformdirs-3.11.0 pluggy-1.3.0 pyproject-api-1.6.1 tomli-2.0.1 tox-4.11.3 virtualenv-20.24.6
2023-11-09T15:10:26.0179195Z ##[group]Run tox -e py -- --cov-report=xml
2023-11-09T15:10:26.0179726Z [36;1mtox -e py -- --cov-report=xml[0m
2023-11-09T15:10:26.0224403Z shell: /usr/bin/bash -e {0}
2023-11-09T15:10:26.0224842Z env:
2023-11-09T15:10:26.0225264Z   pythonLocation: /opt/hostedtoolcache/Python/3.10.13/x64
2023-11-09T15:10:26.0226115Z   PKG_CONFIG_PATH: /opt/hostedtoolcache/Python/3.10.13/x64/lib/pkgconfig
2023-11-09T15:10:26.0226823Z   Python_ROOT_DIR: /opt/hostedtoolcache/Python/3.10.13/x64
2023-11-09T15:10:26.0227389Z   Python2_ROOT_DIR: /opt/hostedtoolcache/Python/3.10.13/x64
2023-11-09T15:10:26.0227957Z   Python3_ROOT_DIR: /opt/hostedtoolcache/Python/3.10.13/x64
2023-11-09T15:10:26.0228575Z   LD_LIBRARY_PATH: /opt/hostedtoolcache/Python/3.10.13/x64/lib
2023-11-09T15:10:26.0229070Z ##[endgroup]
2023-11-09T15:10:26.9799145Z py: install_deps> python -I -m pip install pytest pytest-cov pytest-mock
2023-11-09T15:10:29.5261409Z .pkg: install_requires> python -I -m pip install 'setuptools>=46.4.0' versioningit
2023-11-09T15:10:30.9093203Z .pkg: _optional_hooks> python /opt/hostedtoolcache/Python/3.10.13/x64/lib/python3.10/site-packages/pyproject_api/_backend.py True setuptools.build_meta
2023-11-09T15:10:31.1033987Z .pkg: get_requires_for_build_sdist> python /opt/hostedtoolcache/Python/3.10.13/x64/lib/python3.10/site-packages/pyproject_api/_backend.py True setuptools.build_meta
2023-11-09T15:10:31.1994805Z .pkg: get_requires_for_build_wheel> python /opt/hostedtoolcache/Python/3.10.13/x64/lib/python3.10/site-packages/pyproject_api/_backend.py True setuptools.build_meta
2023-11-09T15:10:31.2483388Z .pkg: install_requires_for_build_wheel> python -I -m pip install wheel
2023-11-09T15:10:31.7027946Z .pkg: freeze> python -m pip freeze --all
2023-11-09T15:10:31.9947405Z .pkg: packaging==23.2,pip==23.3.1,setuptools==68.2.2,tomli==2.0.1,versioningit==2.2.1,wheel==0.41.2
2023-11-09T15:10:31.9952166Z .pkg: prepare_metadata_for_build_wheel> python /opt/hostedtoolcache/Python/3.10.13/x64/lib/python3.10/site-packages/pyproject_api/_backend.py True setuptools.build_meta
2023-11-09T15:10:32.0892565Z .pkg: build_sdist> python /opt/hostedtoolcache/Python/3.10.13/x64/lib/python3.10/site-packages/pyproject_api/_backend.py True setuptools.build_meta
2023-11-09T15:10:32.1608035Z py: install_package_deps> python -I -m pip install 'PyYAML>=5.0' 'click-loglevel~=0.2' 'click>=7.0' 'in-place~=0.4' 'pydantic~=1.7' 'python-dateutil~=2.7' 'python-dotenv<2.0,>=0.11' 'requests~=2.20'
2023-11-09T15:10:34.3208752Z py: install_package> python -I -m pip install --force-reinstall --no-deps /home/runner/work/tinuous/tinuous/.tox/.tmp/package/1/tinuous-0.6.1.post42+g7c67fae.tar.gz
2023-11-09T15:10:37.6430990Z py: freeze> python -m pip freeze --all
2023-11-09T15:10:37.9521272Z py: certifi==2023.7.22,charset-normalizer==3.3.2,click==8.1.7,click-loglevel==0.5.0,coverage==7.3.2,exceptiongroup==1.1.3,idna==3.4,in-place==0.5.0,iniconfig==2.0.0,packaging==23.2,pip==23.3.1,pluggy==1.3.0,pydantic==1.10.13,pytest==7.4.3,pytest-cov==4.1.0,pytest-mock==3.12.0,python-dateutil==2.8.2,python-dotenv==1.0.0,PyYAML==6.0.1,requests==2.31.0,setuptools==68.2.2,six==1.16.0,tinuous @ file:///home/runner/work/tinuous/tinuous/.tox/.tmp/package/1/tinuous-0.6.1.post42%2Bg7c67fae.tar.gz#sha256=faa742cd91061acead61f3ab02019c4df1046843d863a473d921a05dec794988,tomli==2.0.1,typing_extensions==4.8.0,urllib3==2.0.7,wheel==0.41.2
2023-11-09T15:10:37.9525581Z py: commands[0]> tinuous --help
2023-11-09T15:10:38.1505079Z Usage: tinuous [OPTIONS] COMMAND [ARGS]...
2023-11-09T15:10:38.1506396Z 
2023-11-09T15:10:38.1506973Z   Download build logs from GitHub Actions, Travis, Appveyor, and CircleCI
2023-11-09T15:10:38.1507677Z 
2023-11-09T15:10:38.1507937Z Options:
2023-11-09T15:10:38.1510100Z   -V, --version                   Show the version and exit.
2023-11-09T15:10:38.1511527Z   -c, --config FILE               Read configuration from the given file
2023-11-09T15:10:38.1512521Z                                   [default: tinuous.yaml]
2023-11-09T15:10:38.1513716Z   -E, --env FILE                  Load environment variables from given .env
2023-11-09T15:10:38.1514471Z                                   file
2023-11-09T15:10:38.1515277Z   -l, --log-level [NOTSET|DEBUG|INFO|WARNING|ERROR|CRITICAL]
2023-11-09T15:10:38.1515890Z                                   Set logging level  [default: INFO]
2023-11-09T15:10:38.1516514Z   --help                          Show this message and exit.
2023-11-09T15:10:38.1516882Z 
2023-11-09T15:10:38.1517109Z Commands:
2023-11-09T15:10:38.1517402Z   fetch         Download logs
2023-11-09T15:10:38.1517926Z   fetch-commit  Download logs for a specific commit
2023-11-09T15:10:38.1518506Z   sanitize      Sanitize secrets in logs
2023-11-09T15:10:38.1725533Z py: commands[1]> pytest --cov-report=xml test
2023-11-09T15:10:38.8394204Z ============================= test session starts ==============================
2023-11-09T15:10:38.8395671Z platform linux -- Python 3.10.13, pytest-7.4.3, pluggy-1.3.0
2023-11-09T15:10:38.8397006Z cachedir: .tox/py/.pytest_cache
2023-11-09T15:10:38.8397945Z rootdir: /home/runner/work/tinuous/tinuous
2023-11-09T15:10:38.8398705Z configfile: tox.ini
2023-11-09T15:10:38.8399419Z plugins: mock-3.12.0, cov-4.1.0
2023-11-09T15:10:38.8400314Z collected 64 items
2023-11-09T15:10:38.8400651Z 
2023-11-09T15:10:38.8532831Z test/test_base.py .........                                              [ 14%]
2023-11-09T15:10:38.8653526Z test/test_config.py ........                                             [ 26%]
2023-11-09T15:10:38.8860769Z test/test_state.py ........                                              [ 39%]
2023-11-09T15:10:39.1236577Z test/test_util.py .......................................                [100%]
2023-11-09T15:10:39.1237369Z 
2023-11-09T15:10:39.1237957Z ---------- coverage: platform linux, python 3.10.13-final-0 ----------
2023-11-09T15:10:39.1238609Z Coverage XML written to file coverage.xml
2023-11-09T15:10:39.1239012Z 
2023-11-09T15:10:39.1239037Z 
2023-11-09T15:10:39.1239278Z ============================== 64 passed in 0.59s ==============================
2023-11-09T15:10:39.1662022Z .pkg: _exit> python /opt/hostedtoolcache/Python/3.10.13/x64/lib/python3.10/site-packages/pyproject_api/_backend.py True setuptools.build_meta
2023-11-09T15:10:39.1858387Z   py: OK (12.50=setup[11.29]+cmd[0.22,0.99] seconds)
2023-11-09T15:10:39.1859209Z   congratulations :) (13.01 seconds)
2023-11-09T15:10:39.2359121Z ##[group]Run codecov/codecov-action@v3
2023-11-09T15:10:39.2359561Z with:
2023-11-09T15:10:39.2359885Z   fail_ci_if_error: false
2023-11-09T15:10:39.2360328Z env:
2023-11-09T15:10:39.2360717Z   pythonLocation: /opt/hostedtoolcache/Python/3.10.13/x64
2023-11-09T15:10:39.2361364Z   PKG_CONFIG_PATH: /opt/hostedtoolcache/Python/3.10.13/x64/lib/pkgconfig
2023-11-09T15:10:39.2362084Z   Python_ROOT_DIR: /opt/hostedtoolcache/Python/3.10.13/x64
2023-11-09T15:10:39.2362646Z   Python2_ROOT_DIR: /opt/hostedtoolcache/Python/3.10.13/x64
2023-11-09T15:10:39.2363210Z   Python3_ROOT_DIR: /opt/hostedtoolcache/Python/3.10.13/x64
2023-11-09T15:10:39.2363886Z   LD_LIBRARY_PATH: /opt/hostedtoolcache/Python/3.10.13/x64/lib
2023-11-09T15:10:39.2364380Z ##[endgroup]
2023-11-09T15:10:39.3584611Z ==> linux OS detected
2023-11-09T15:10:39.9794857Z https://uploader.codecov.io/latest/linux/codecov.SHA256SUM
2023-11-09T15:10:40.0729772Z ==> SHASUM file signed by key id 806bb28aed779869
2023-11-09T15:10:40.1584965Z ==> Uploader SHASUM verified (b9282b8b43eef83f722646d8992c4dd36563046afe0806722184e7e9923a6d7b  codecov)
2023-11-09T15:10:40.1586479Z ==> Running version latest
2023-11-09T15:10:40.2433075Z ==> Running version v0.7.1
2023-11-09T15:10:40.2449726Z [command]/home/runner/work/_actions/codecov/codecov-action/v3/dist/codecov -n  -Q github-action-3.1.4
2023-11-09T15:10:40.4577497Z [2023-11-09T15:10:40.456Z] ['info'] 
2023-11-09T15:10:40.4578300Z      _____          _
2023-11-09T15:10:40.4579072Z     / ____|        | |
2023-11-09T15:10:40.4579727Z    | |     ___   __| | ___  ___ _____   __
2023-11-09T15:10:40.4580677Z    | |    / _ \ / _` |/ _ \/ __/ _ \ \ / /
2023-11-09T15:10:40.4581668Z    | |___| (_) | (_| |  __/ (_| (_) \ V /
2023-11-09T15:10:40.4582457Z     \_____\___/ \__,_|\___|\___\___/ \_/
2023-11-09T15:10:40.4583059Z 
2023-11-09T15:10:40.4583343Z   Codecov report uploader 0.7.1
2023-11-09T15:10:40.4639034Z [2023-11-09T15:10:40.463Z] ['info'] => Project root located at: /home/runner/work/tinuous/tinuous
2023-11-09T15:10:40.4660110Z [2023-11-09T15:10:40.465Z] ['info'] -> No token specified or token is empty
2023-11-09T15:10:40.4741948Z [2023-11-09T15:10:40.473Z] ['info'] Searching for coverage files...
2023-11-09T15:10:40.5238745Z [2023-11-09T15:10:40.523Z] ['info'] Warning: Some files located via search were excluded from upload.
2023-11-09T15:10:40.5241227Z [2023-11-09T15:10:40.523Z] ['info'] If Codecov did not locate your files, please review https://docs.codecov.com/docs/supported-report-formats
2023-11-09T15:10:40.5243232Z [2023-11-09T15:10:40.523Z] ['info'] => Found 1 possible coverage files:
2023-11-09T15:10:40.5244647Z   coverage.xml
2023-11-09T15:10:40.5245975Z [2023-11-09T15:10:40.523Z] ['info'] Processing /home/runner/work/tinuous/tinuous/coverage.xml...
2023-11-09T15:10:40.5279239Z [2023-11-09T15:10:40.527Z] ['info'] Detected GitHub Actions as the CI provider.
2023-11-09T15:10:41.2223905Z [2023-11-09T15:10:41.221Z] ['info'] Pinging Codecov: https://codecov.io/upload/v4?package=github-action-3.1.4-uploader-0.7.1&token=*******&branch=pypy&build=6813686836&build_url=https%3A%2F%2Fgithub.com%2Fcon%2Ftinuous%2Factions%2Fruns%2F6813686836&commit=7c67fae61d530f4c4954b0c70e4ef69f49428c8d&job=Test&pr=&service=github-actions&slug=con%2Ftinuous&name=&tag=&flags=&parent=
2023-11-09T15:10:41.5403586Z [2023-11-09T15:10:41.539Z] ['info'] https://app.codecov.io/github/con/tinuous/commit/7c67fae61d530f4c4954b0c70e4ef69f49428c8d
2023-11-09T15:10:41.5409551Z https://storage.googleapis.com/codecov/v4/raw/2023-11-09/0010CBA6D851417C00BB0BC3FC5895F9/7c67fae61d530f4c4954b0c70e4ef69f49428c8d/3bb691d4-71ee-4407-bbc4-506ec6ba2244.txt?X-Amz-Algorithm=AWS4-HMAC-SHA256&X-Amz-Credential=GOOG1EJOGFN2JQ4OCTGA2MU5AEIT7OT5Z7HTFOAN2SPG4NWSN2UJYOY5U6LZQ%2F20231109%2FUS%2Fs3%2Faws4_request&X-Amz-Date=20231109T151041Z&X-Amz-Expires=10&X-Amz-SignedHeaders=host&X-Amz-Signature=33c3d4741481f9e869976ff368f680644a4062d64d1fddefc2d84e9323bdf4ca
2023-11-09T15:10:41.5412752Z [2023-11-09T15:10:41.540Z] ['info'] Uploading...
2023-11-09T15:10:41.7253296Z [2023-11-09T15:10:41.724Z] ['info'] {"status":"processing","resultURL":"https://app.codecov.io/github/con/tinuous/commit/7c67fae61d530f4c4954b0c70e4ef69f49428c8d"}
2023-11-09T15:10:41.7622093Z Post job cleanup.
2023-11-09T15:10:41.8932306Z Post job cleanup.
2023-11-09T15:10:41.9665091Z [command]/usr/bin/git version
2023-11-09T15:10:41.9704656Z git version 2.42.0
2023-11-09T15:10:41.9748433Z Temporarily overriding HOME='/home/runner/work/_temp/fcd38789-ca5e-4e3e-a084-5c5da0f26a1d' before making global git config changes
2023-11-09T15:10:41.9750507Z Adding repository directory to the temporary git global config as a safe directory
2023-11-09T15:10:41.9754476Z [command]/usr/bin/git config --global --add safe.directory /home/runner/work/tinuous/tinuous
2023-11-09T15:10:41.9789344Z [command]/usr/bin/git config --local --name-only --get-regexp core\.sshCommand
2023-11-09T15:10:41.9821724Z [command]/usr/bin/git submodule foreach --recursive sh -c "git config --local --name-only --get-regexp 'core\.sshCommand' && git config --local --unset-all 'core.sshCommand' || :"
2023-11-09T15:10:42.0068839Z [command]/usr/bin/git config --local --name-only --get-regexp http\.https\:\/\/github\.com\/\.extraheader
2023-11-09T15:10:42.0088586Z http.https://github.com/.extraheader
2023-11-09T15:10:42.0100024Z [command]/usr/bin/git config --local --unset-all http.https://github.com/.extraheader
2023-11-09T15:10:42.0130295Z [command]/usr/bin/git submodule foreach --recursive sh -c "git config --local --name-only --get-regexp 'http\.https\:\/\/github\.com\/\.extraheader' && git config --local --unset-all 'http.https://github.com/.extraheader' || :"
2023-11-09T15:10:42.0597381Z Cleaning up orphan processes
