2023-04-27T16:18:17.3415987Z Requested labels: ubuntu-latest
2023-04-27T16:18:17.3416216Z Job defined at: con/tinuous/.github/workflows/test.yml@refs/pull/164/merge
2023-04-27T16:18:17.3416304Z Waiting for a runner to pick up this job...
2023-04-27T16:18:18.0722254Z Job is waiting for a hosted runner to come online.
2023-04-27T16:18:20.6187178Z Job is about to start running on the hosted runner: GitHub Actions 15 (hosted)
2023-04-27T16:18:22.9945148Z Current runner version: '2.303.0'
2023-04-27T16:18:22.9973575Z ##[group]Operating System
2023-04-27T16:18:22.9974147Z Ubuntu
2023-04-27T16:18:22.9974412Z 22.04.2
2023-04-27T16:18:22.9974703Z LTS
2023-04-27T16:18:22.9975092Z ##[endgroup]
2023-04-27T16:18:22.9975371Z ##[group]Runner Image
2023-04-27T16:18:22.9975737Z Image: ubuntu-22.04
2023-04-27T16:18:22.9976066Z Version: 20230426.1
2023-04-27T16:18:22.9976612Z Included Software: https://github.com/actions/runner-images/blob/ubuntu22/20230426.1/images/linux/Ubuntu2204-Readme.md
2023-04-27T16:18:22.9977209Z Image Release: https://github.com/actions/runner-images/releases/tag/ubuntu22%2F20230426.1
2023-04-27T16:18:22.9977652Z ##[endgroup]
2023-04-27T16:18:22.9978006Z ##[group]Runner Image Provisioner
2023-04-27T16:18:22.9978297Z 2.0.161.1
2023-04-27T16:18:22.9978615Z ##[endgroup]
2023-04-27T16:18:22.9979616Z ##[group]GITHUB_TOKEN Permissions
2023-04-27T16:18:22.9980242Z Actions: write
2023-04-27T16:18:22.9980519Z Checks: write
2023-04-27T16:18:22.9981149Z Contents: write
2023-04-27T16:18:22.9981601Z Deployments: write
2023-04-27T16:18:22.9981923Z Discussions: write
2023-04-27T16:18:22.9982276Z Issues: write
2023-04-27T16:18:22.9982559Z Metadata: read
2023-04-27T16:18:22.9982880Z Packages: write
2023-04-27T16:18:22.9983199Z Pages: write
2023-04-27T16:18:22.9983476Z PullRequests: write
2023-04-27T16:18:22.9983862Z RepositoryProjects: write
2023-04-27T16:18:22.9984235Z SecurityEvents: write
2023-04-27T16:18:22.9984528Z Statuses: write
2023-04-27T16:18:22.9984883Z ##[endgroup]
2023-04-27T16:18:22.9989108Z Secret source: Actions
2023-04-27T16:18:22.9989636Z Prepare workflow directory
2023-04-27T16:18:23.0730801Z Prepare all required actions
2023-04-27T16:18:23.0920363Z Getting action download info
2023-04-27T16:18:23.3220047Z Download action repository 'actions/checkout@v3' (SHA:8e5e7e5ab8b370d6c329ec480221332ada57f0ab)
2023-04-27T16:18:23.9254784Z Download action repository 'actions/setup-python@v4' (SHA:57ded4d7d5e986d7296eab16560982c6dd7c923b)
2023-04-27T16:18:24.4597872Z Download action repository 'codecov/codecov-action@v3' (SHA:894ff025c7b54547a9a2a1e9f228beae737ad3c2)
2023-04-27T16:18:25.3403422Z Complete job name: test (3.8, typing)
2023-04-27T16:18:25.4384841Z ##[group]Run actions/checkout@v3
2023-04-27T16:18:25.4385139Z with:
2023-04-27T16:18:25.4385361Z   fetch-depth: 0
2023-04-27T16:18:25.4385587Z   repository: con/tinuous
2023-04-27T16:18:25.4386099Z   token: ***
2023-04-27T16:18:25.4386310Z   ssh-strict: true
2023-04-27T16:18:25.4386548Z   persist-credentials: true
2023-04-27T16:18:25.4386765Z   clean: true
2023-04-27T16:18:25.4386963Z   lfs: false
2023-04-27T16:18:25.4387166Z   submodules: false
2023-04-27T16:18:25.4387389Z   set-safe-directory: true
2023-04-27T16:18:25.4387622Z ##[endgroup]
2023-04-27T16:18:25.7017245Z Syncing repository: con/tinuous
2023-04-27T16:18:25.7019114Z ##[group]Getting Git version info
2023-04-27T16:18:25.7019727Z Working directory is '/home/runner/work/tinuous/tinuous'
2023-04-27T16:18:25.7021559Z [command]/usr/bin/git version
2023-04-27T16:18:25.7050638Z git version 2.40.1
2023-04-27T16:18:25.7078689Z ##[endgroup]
2023-04-27T16:18:25.7097833Z Temporarily overriding HOME='/home/runner/work/_temp/511ac8e3-0eec-4b1e-8e16-49ebbefa82b1' before making global git config changes
2023-04-27T16:18:25.7098667Z Adding repository directory to the temporary git global config as a safe directory
2023-04-27T16:18:25.7105200Z [command]/usr/bin/git config --global --add safe.directory /home/runner/work/tinuous/tinuous
2023-04-27T16:18:25.7158733Z Deleting the contents of '/home/runner/work/tinuous/tinuous'
2023-04-27T16:18:25.7165309Z ##[group]Initializing the repository
2023-04-27T16:18:25.7169909Z [command]/usr/bin/git init /home/runner/work/tinuous/tinuous
2023-04-27T16:18:25.7242772Z hint: Using 'master' as the name for the initial branch. This default branch name
2023-04-27T16:18:25.7243341Z hint: is subject to change. To configure the initial branch name to use in all
2023-04-27T16:18:25.7243924Z hint: of your new repositories, which will suppress this warning, call:
2023-04-27T16:18:25.7244695Z hint: 
2023-04-27T16:18:25.7245092Z hint: 	git config --global init.defaultBranch <name>
2023-04-27T16:18:25.7245360Z hint: 
2023-04-27T16:18:25.7245710Z hint: Names commonly chosen instead of 'master' are 'main', 'trunk' and
2023-04-27T16:18:25.7246153Z hint: 'development'. The just-created branch can be renamed via this command:
2023-04-27T16:18:25.7246419Z hint: 
2023-04-27T16:18:25.7246773Z hint: 	git branch -m <name>
2023-04-27T16:18:25.7254403Z Initialized empty Git repository in /home/runner/work/tinuous/tinuous/.git/
2023-04-27T16:18:25.7266674Z [command]/usr/bin/git remote add origin https://github.com/con/tinuous
2023-04-27T16:18:25.7312731Z ##[endgroup]
2023-04-27T16:18:25.7313182Z ##[group]Disabling automatic garbage collection
2023-04-27T16:18:25.7318545Z [command]/usr/bin/git config --local gc.auto 0
2023-04-27T16:18:25.7353983Z ##[endgroup]
2023-04-27T16:18:25.7354547Z ##[group]Setting up auth
2023-04-27T16:18:25.7366063Z [command]/usr/bin/git config --local --name-only --get-regexp core\.sshCommand
2023-04-27T16:18:25.7399343Z [command]/usr/bin/git submodule foreach --recursive sh -c "git config --local --name-only --get-regexp 'core\.sshCommand' && git config --local --unset-all 'core.sshCommand' || :"
2023-04-27T16:18:25.7767155Z [command]/usr/bin/git config --local --name-only --get-regexp http\.https\:\/\/github\.com\/\.extraheader
2023-04-27T16:18:25.7796858Z [command]/usr/bin/git submodule foreach --recursive sh -c "git config --local --name-only --get-regexp 'http\.https\:\/\/github\.com\/\.extraheader' && git config --local --unset-all 'http.https://github.com/.extraheader' || :"
2023-04-27T16:18:25.8035097Z [command]/usr/bin/git config --local http.https://github.com/.extraheader AUTHORIZATION: basic ***
2023-04-27T16:18:25.8079577Z ##[endgroup]
2023-04-27T16:18:25.8080376Z ##[group]Fetching the repository
2023-04-27T16:18:25.8090949Z [command]/usr/bin/git -c protocol.version=2 fetch --prune --progress --no-recurse-submodules origin +refs/heads/*:refs/remotes/origin/* +refs/tags/*:refs/tags/* +7ce1d24cfb0f54fe53be3a13a43d9aa9bda2bea2:refs/remotes/pull/164/merge
2023-04-27T16:18:26.2674249Z remote: Enumerating objects: 1157, done.        
2023-04-27T16:18:26.2710795Z remote: Counting objects:   0% (1/379)        
2023-04-27T16:18:26.2711222Z remote: Counting objects:   1% (4/379)        
2023-04-27T16:18:26.2711573Z remote: Counting objects:   2% (8/379)        
2023-04-27T16:18:26.2711928Z remote: Counting objects:   3% (12/379)        
2023-04-27T16:18:26.2712275Z remote: Counting objects:   4% (16/379)        
2023-04-27T16:18:26.2712622Z remote: Counting objects:   5% (19/379)        
2023-04-27T16:18:26.2712972Z remote: Counting objects:   6% (23/379)        
2023-04-27T16:18:26.2713262Z remote: Counting objects:   7% (27/379)        
2023-04-27T16:18:26.2761986Z remote: Counting objects:   8% (31/379)        
2023-04-27T16:18:26.2801877Z remote: Counting objects:   9% (35/379)        
2023-04-27T16:18:26.2802171Z remote: Counting objects:  10% (38/379)        
2023-04-27T16:18:26.2802613Z remote: Counting objects:  11% (42/379)        
2023-04-27T16:18:26.2803304Z remote: Counting objects:  12% (46/379)        
2023-04-27T16:18:26.2803602Z remote: Counting objects:  13% (50/379)        
2023-04-27T16:18:26.2803862Z remote: Counting objects:  14% (54/379)        
2023-04-27T16:18:26.2804130Z remote: Counting objects:  15% (57/379)        
2023-04-27T16:18:26.2804377Z remote: Counting objects:  16% (61/379)        
2023-04-27T16:18:26.2804633Z remote: Counting objects:  17% (65/379)        
2023-04-27T16:18:26.2804894Z remote: Counting objects:  18% (69/379)        
2023-04-27T16:18:26.2805139Z remote: Counting objects:  19% (73/379)        
2023-04-27T16:18:26.2805393Z remote: Counting objects:  20% (76/379)        
2023-04-27T16:18:26.2805657Z remote: Counting objects:  21% (80/379)        
2023-04-27T16:18:26.2805936Z remote: Counting objects:  22% (84/379)        
2023-04-27T16:18:26.2806191Z remote: Counting objects:  23% (88/379)        
2023-04-27T16:18:26.2806753Z remote: Counting objects:  24% (91/379)        
2023-04-27T16:18:26.2807010Z remote: Counting objects:  25% (95/379)        
2023-04-27T16:18:26.2807262Z remote: Counting objects:  26% (99/379)        
2023-04-27T16:18:26.2807534Z remote: Counting objects:  27% (103/379)        
2023-04-27T16:18:26.2807874Z remote: Counting objects:  28% (107/379)        
2023-04-27T16:18:26.2808145Z remote: Counting objects:  29% (110/379)        
2023-04-27T16:18:26.2808397Z remote: Counting objects:  30% (114/379)        
2023-04-27T16:18:26.2808655Z remote: Counting objects:  31% (118/379)        
2023-04-27T16:18:26.2808914Z remote: Counting objects:  32% (122/379)        
2023-04-27T16:18:26.2809207Z remote: Counting objects:  33% (126/379)        
2023-04-27T16:18:26.2809466Z remote: Counting objects:  34% (129/379)        
2023-04-27T16:18:26.2809730Z remote: Counting objects:  35% (133/379)        
2023-04-27T16:18:26.2809977Z remote: Counting objects:  36% (137/379)        
2023-04-27T16:18:26.2810241Z remote: Counting objects:  37% (141/379)        
2023-04-27T16:18:26.2810505Z remote: Counting objects:  38% (145/379)        
2023-04-27T16:18:26.2810771Z remote: Counting objects:  39% (148/379)        
2023-04-27T16:18:26.2811016Z remote: Counting objects:  40% (152/379)        
2023-04-27T16:18:26.2811272Z remote: Counting objects:  41% (156/379)        
2023-04-27T16:18:26.2811532Z remote: Counting objects:  42% (160/379)        
2023-04-27T16:18:26.2811775Z remote: Counting objects:  43% (163/379)        
2023-04-27T16:18:26.2812028Z remote: Counting objects:  44% (167/379)        
2023-04-27T16:18:26.2812286Z remote: Counting objects:  45% (171/379)        
2023-04-27T16:18:26.2812525Z remote: Counting objects:  46% (175/379)        
2023-04-27T16:18:26.2812781Z remote: Counting objects:  47% (179/379)        
2023-04-27T16:18:26.2813038Z remote: Counting objects:  48% (182/379)        
2023-04-27T16:18:26.2813282Z remote: Counting objects:  49% (186/379)        
2023-04-27T16:18:26.2813544Z remote: Counting objects:  50% (190/379)        
2023-04-27T16:18:26.2813799Z remote: Counting objects:  51% (194/379)        
2023-04-27T16:18:26.2814186Z remote: Counting objects:  52% (198/379)        
2023-04-27T16:18:26.2814436Z remote: Counting objects:  53% (201/379)        
2023-04-27T16:18:26.2814694Z remote: Counting objects:  54% (205/379)        
2023-04-27T16:18:26.2814954Z remote: Counting objects:  55% (209/379)        
2023-04-27T16:18:26.2815201Z remote: Counting objects:  56% (213/379)        
2023-04-27T16:18:26.2815499Z remote: Counting objects:  57% (217/379)        
2023-04-27T16:18:26.2815758Z remote: Counting objects:  58% (220/379)        
2023-04-27T16:18:26.2816001Z remote: Counting objects:  59% (224/379)        
2023-04-27T16:18:26.2816257Z remote: Counting objects:  60% (228/379)        
2023-04-27T16:18:26.2816516Z remote: Counting objects:  61% (232/379)        
2023-04-27T16:18:26.2816761Z remote: Counting objects:  62% (235/379)        
2023-04-27T16:18:26.2817023Z remote: Counting objects:  63% (239/379)        
2023-04-27T16:18:26.2817290Z remote: Counting objects:  64% (243/379)        
2023-04-27T16:18:26.2817554Z remote: Counting objects:  65% (247/379)        
2023-04-27T16:18:26.2817796Z remote: Counting objects:  66% (251/379)        
2023-04-27T16:18:26.2818054Z remote: Counting objects:  67% (254/379)        
2023-04-27T16:18:26.2818313Z remote: Counting objects:  68% (258/379)        
2023-04-27T16:18:26.2818554Z remote: Counting objects:  69% (262/379)        
2023-04-27T16:18:26.2818810Z remote: Counting objects:  70% (266/379)        
2023-04-27T16:18:26.2819065Z remote: Counting objects:  71% (270/379)        
2023-04-27T16:18:26.2819305Z remote: Counting objects:  72% (273/379)        
2023-04-27T16:18:26.2819579Z remote: Counting objects:  73% (277/379)        
2023-04-27T16:18:26.2819835Z remote: Counting objects:  74% (281/379)        
2023-04-27T16:18:26.2820089Z remote: Counting objects:  75% (285/379)        
2023-04-27T16:18:26.2820331Z remote: Counting objects:  76% (289/379)        
2023-04-27T16:18:26.2820696Z remote: Counting objects:  77% (292/379)        
2023-04-27T16:18:26.2820960Z remote: Counting objects:  78% (296/379)        
2023-04-27T16:18:26.2821214Z remote: Counting objects:  79% (300/379)        
2023-04-27T16:18:26.2821455Z remote: Counting objects:  80% (304/379)        
2023-04-27T16:18:26.2821708Z remote: Counting objects:  81% (307/379)        
2023-04-27T16:18:26.2821967Z remote: Counting objects:  82% (311/379)        
2023-04-27T16:18:26.2822212Z remote: Counting objects:  83% (315/379)        
2023-04-27T16:18:26.2822469Z remote: Counting objects:  84% (319/379)        
2023-04-27T16:18:26.2822724Z remote: Counting objects:  85% (323/379)        
2023-04-27T16:18:26.2822966Z remote: Counting objects:  86% (326/379)        
2023-04-27T16:18:26.2823222Z remote: Counting objects:  87% (330/379)        
2023-04-27T16:18:26.2823477Z remote: Counting objects:  88% (334/379)        
2023-04-27T16:18:26.2823719Z remote: Counting objects:  89% (338/379)        
2023-04-27T16:18:26.2823980Z remote: Counting objects:  90% (342/379)        
2023-04-27T16:18:26.2824237Z remote: Counting objects:  91% (345/379)        
2023-04-27T16:18:26.2824492Z remote: Counting objects:  92% (349/379)        
2023-04-27T16:18:26.2824733Z remote: Counting objects:  93% (353/379)        
2023-04-27T16:18:26.2824988Z remote: Counting objects:  94% (357/379)        
2023-04-27T16:18:26.2825241Z remote: Counting objects:  95% (361/379)        
2023-04-27T16:18:26.2825483Z remote: Counting objects:  96% (364/379)        
2023-04-27T16:18:26.2825736Z remote: Counting objects:  97% (368/379)        
2023-04-27T16:18:26.2825990Z remote: Counting objects:  98% (372/379)        
2023-04-27T16:18:26.2826234Z remote: Counting objects:  99% (376/379)        
2023-04-27T16:18:26.2826490Z remote: Counting objects: 100% (379/379)        
2023-04-27T16:18:26.2826762Z remote: Counting objects: 100% (379/379), done.        
2023-04-27T16:18:26.2827061Z remote: Compressing objects:   0% (1/213)        
2023-04-27T16:18:26.2827338Z remote: Compressing objects:   1% (3/213)        
2023-04-27T16:18:26.2827711Z remote: Compressing objects:   2% (5/213)        
2023-04-27T16:18:26.2827987Z remote: Compressing objects:   3% (7/213)        
2023-04-27T16:18:26.2952775Z remote: Compressing objects:   4% (9/213)        
2023-04-27T16:18:26.2953756Z remote: Compressing objects:   5% (11/213)        
2023-04-27T16:18:26.2954066Z remote: Compressing objects:   6% (13/213)        
2023-04-27T16:18:26.2954351Z remote: Compressing objects:   7% (15/213)        
2023-04-27T16:18:26.2954634Z remote: Compressing objects:   8% (18/213)        
2023-04-27T16:18:26.2954897Z remote: Compressing objects:   9% (20/213)        
2023-04-27T16:18:26.2955178Z remote: Compressing objects:  10% (22/213)        
2023-04-27T16:18:26.2955454Z remote: Compressing objects:  11% (24/213)        
2023-04-27T16:18:26.2955728Z remote: Compressing objects:  12% (26/213)        
2023-04-27T16:18:26.2955988Z remote: Compressing objects:  13% (28/213)        
2023-04-27T16:18:26.2956289Z remote: Compressing objects:  14% (30/213)        
2023-04-27T16:18:26.2956575Z remote: Compressing objects:  15% (32/213)        
2023-04-27T16:18:26.2956831Z remote: Compressing objects:  16% (35/213)        
2023-04-27T16:18:26.2957103Z remote: Compressing objects:  17% (37/213)        
2023-04-27T16:18:26.2957376Z remote: Compressing objects:  18% (39/213)        
2023-04-27T16:18:26.2957638Z remote: Compressing objects:  19% (41/213)        
2023-04-27T16:18:26.2957911Z remote: Compressing objects:  20% (43/213)        
2023-04-27T16:18:26.2958182Z remote: Compressing objects:  21% (45/213)        
2023-04-27T16:18:26.2958442Z remote: Compressing objects:  22% (47/213)        
2023-04-27T16:18:26.2958714Z remote: Compressing objects:  23% (49/213)        
2023-04-27T16:18:26.2958984Z remote: Compressing objects:  24% (52/213)        
2023-04-27T16:18:26.2959258Z remote: Compressing objects:  25% (54/213)        
2023-04-27T16:18:26.2959973Z remote: Compressing objects:  26% (56/213)        
2023-04-27T16:18:26.2960247Z remote: Compressing objects:  27% (58/213)        
2023-04-27T16:18:26.2960531Z remote: Compressing objects:  28% (60/213)        
2023-04-27T16:18:26.2960794Z remote: Compressing objects:  29% (62/213)        
2023-04-27T16:18:26.2961068Z remote: Compressing objects:  30% (64/213)        
2023-04-27T16:18:26.2961342Z remote: Compressing objects:  31% (67/213)        
2023-04-27T16:18:26.2961602Z remote: Compressing objects:  32% (69/213)        
2023-04-27T16:18:26.2961875Z remote: Compressing objects:  33% (71/213)        
2023-04-27T16:18:26.2962146Z remote: Compressing objects:  34% (73/213)        
2023-04-27T16:18:26.2962420Z remote: Compressing objects:  35% (75/213)        
2023-04-27T16:18:26.2962677Z remote: Compressing objects:  36% (77/213)        
2023-04-27T16:18:26.2962948Z remote: Compressing objects:  37% (79/213)        
2023-04-27T16:18:26.2963224Z remote: Compressing objects:  38% (81/213)        
2023-04-27T16:18:26.2963488Z remote: Compressing objects:  39% (84/213)        
2023-04-27T16:18:26.2963762Z remote: Compressing objects:  40% (86/213)        
2023-04-27T16:18:26.2964038Z remote: Compressing objects:  41% (88/213)        
2023-04-27T16:18:26.2964295Z remote: Compressing objects:  42% (90/213)        
2023-04-27T16:18:26.2964566Z remote: Compressing objects:  43% (92/213)        
2023-04-27T16:18:26.2964858Z remote: Compressing objects:  44% (94/213)        
2023-04-27T16:18:26.2965135Z remote: Compressing objects:  45% (96/213)        
2023-04-27T16:18:26.2965392Z remote: Compressing objects:  46% (98/213)        
2023-04-27T16:18:26.2965667Z remote: Compressing objects:  47% (101/213)        
2023-04-27T16:18:26.2965951Z remote: Compressing objects:  48% (103/213)        
2023-04-27T16:18:26.2966220Z remote: Compressing objects:  49% (105/213)        
2023-04-27T16:18:26.2966503Z remote: Compressing objects:  50% (107/213)        
2023-04-27T16:18:26.2966782Z remote: Compressing objects:  51% (109/213)        
2023-04-27T16:18:26.2967048Z remote: Compressing objects:  52% (111/213)        
2023-04-27T16:18:26.2967325Z remote: Compressing objects:  53% (113/213)        
2023-04-27T16:18:26.2967736Z remote: Compressing objects:  54% (116/213)        
2023-04-27T16:18:26.2968024Z remote: Compressing objects:  55% (118/213)        
2023-04-27T16:18:26.2972763Z remote: Compressing objects:  56% (120/213)        
2023-04-27T16:18:26.2973059Z remote: Compressing objects:  57% (122/213)        
2023-04-27T16:18:26.2973567Z remote: Compressing objects:  58% (124/213)        
2023-04-27T16:18:26.2973829Z remote: Compressing objects:  59% (126/213)        
2023-04-27T16:18:26.2974100Z remote: Compressing objects:  60% (128/213)        
2023-04-27T16:18:26.2974378Z remote: Compressing objects:  61% (130/213)        
2023-04-27T16:18:26.2974643Z remote: Compressing objects:  62% (133/213)        
2023-04-27T16:18:26.2974918Z remote: Compressing objects:  63% (135/213)        
2023-04-27T16:18:26.2975194Z remote: Compressing objects:  64% (137/213)        
2023-04-27T16:18:26.2975479Z remote: Compressing objects:  65% (139/213)        
2023-04-27T16:18:26.2975777Z remote: Compressing objects:  66% (141/213)        
2023-04-27T16:18:26.2976050Z remote: Compressing objects:  67% (143/213)        
2023-04-27T16:18:26.2976326Z remote: Compressing objects:  68% (145/213)        
2023-04-27T16:18:26.2976583Z remote: Compressing objects:  69% (147/213)        
2023-04-27T16:18:26.2976852Z remote: Compressing objects:  70% (150/213)        
2023-04-27T16:18:26.2977134Z remote: Compressing objects:  71% (152/213)        
2023-04-27T16:18:26.2977409Z remote: Compressing objects:  72% (154/213)        
2023-04-27T16:18:26.2977670Z remote: Compressing objects:  73% (156/213)        
2023-04-27T16:18:26.2977944Z remote: Compressing objects:  74% (158/213)        
2023-04-27T16:18:26.2978214Z remote: Compressing objects:  75% (160/213)        
2023-04-27T16:18:26.2978469Z remote: Compressing objects:  76% (162/213)        
2023-04-27T16:18:26.2978994Z remote: Compressing objects:  77% (165/213)        
2023-04-27T16:18:26.2979267Z remote: Compressing objects:  78% (167/213)        
2023-04-27T16:18:26.2979530Z remote: Compressing objects:  79% (169/213)        
2023-04-27T16:18:26.2979805Z remote: Compressing objects:  80% (171/213)        
2023-04-27T16:18:26.2980080Z remote: Compressing objects:  81% (173/213)        
2023-04-27T16:18:26.2980351Z remote: Compressing objects:  82% (175/213)        
2023-04-27T16:18:26.2980607Z remote: Compressing objects:  83% (177/213)        
2023-04-27T16:18:26.2980881Z remote: Compressing objects:  84% (179/213)        
2023-04-27T16:18:26.2981152Z remote: Compressing objects:  85% (182/213)        
2023-04-27T16:18:26.2981413Z remote: Compressing objects:  86% (184/213)        
2023-04-27T16:18:26.2981685Z remote: Compressing objects:  87% (186/213)        
2023-04-27T16:18:26.2981953Z remote: Compressing objects:  88% (188/213)        
2023-04-27T16:18:26.2982215Z remote: Compressing objects:  89% (190/213)        
2023-04-27T16:18:26.2982494Z remote: Compressing objects:  90% (192/213)        
2023-04-27T16:18:26.2982770Z remote: Compressing objects:  91% (194/213)        
2023-04-27T16:18:26.2983026Z remote: Compressing objects:  92% (196/213)        
2023-04-27T16:18:26.2983294Z remote: Compressing objects:  93% (199/213)        
2023-04-27T16:18:26.2983561Z remote: Compressing objects:  94% (201/213)        
2023-04-27T16:18:26.2983831Z remote: Compressing objects:  95% (203/213)        
2023-04-27T16:18:26.2984082Z remote: Compressing objects:  96% (205/213)        
2023-04-27T16:18:26.2984353Z remote: Compressing objects:  97% (207/213)        
2023-04-27T16:18:26.2984624Z remote: Compressing objects:  98% (209/213)        
2023-04-27T16:18:26.2984937Z remote: Compressing objects:  99% (211/213)        
2023-04-27T16:18:26.3013769Z remote: Compressing objects: 100% (213/213)        
2023-04-27T16:18:26.3014084Z remote: Compressing objects: 100% (213/213), done.        
2023-04-27T16:18:26.3050492Z Receiving objects:   0% (1/1157)
2023-04-27T16:18:26.3050786Z Receiving objects:   1% (12/1157)
2023-04-27T16:18:26.3051016Z Receiving objects:   2% (24/1157)
2023-04-27T16:18:26.3297222Z Receiving objects:   3% (35/1157)
2023-04-27T16:18:26.3297578Z Receiving objects:   4% (47/1157)
2023-04-27T16:18:26.3314504Z Receiving objects:   5% (58/1157)
2023-04-27T16:18:26.3314794Z Receiving objects:   6% (70/1157)
2023-04-27T16:18:26.3356248Z Receiving objects:   7% (81/1157)
2023-04-27T16:18:26.3356533Z Receiving objects:   8% (93/1157)
2023-04-27T16:18:26.3364130Z Receiving objects:   9% (105/1157)
2023-04-27T16:18:26.3365343Z Receiving objects:  10% (116/1157)
2023-04-27T16:18:26.3366464Z Receiving objects:  11% (128/1157)
2023-04-27T16:18:26.3369490Z Receiving objects:  12% (139/1157)
2023-04-27T16:18:26.3372782Z Receiving objects:  13% (151/1157)
2023-04-27T16:18:26.3373054Z Receiving objects:  14% (162/1157)
2023-04-27T16:18:26.3373315Z Receiving objects:  15% (174/1157)
2023-04-27T16:18:26.3373557Z Receiving objects:  16% (186/1157)
2023-04-27T16:18:26.3378369Z Receiving objects:  17% (197/1157)
2023-04-27T16:18:26.3378929Z Receiving objects:  18% (209/1157)
2023-04-27T16:18:26.3379305Z Receiving objects:  19% (220/1157)
2023-04-27T16:18:26.3379569Z Receiving objects:  20% (232/1157)
2023-04-27T16:18:26.3637642Z Receiving objects:  21% (243/1157)
2023-04-27T16:18:26.3639493Z Receiving objects:  22% (255/1157)
2023-04-27T16:18:26.3655121Z Receiving objects:  23% (267/1157)
2023-04-27T16:18:26.3657539Z Receiving objects:  24% (278/1157)
2023-04-27T16:18:26.3698898Z Receiving objects:  25% (290/1157)
2023-04-27T16:18:26.3699665Z Receiving objects:  26% (301/1157)
2023-04-27T16:18:26.3702673Z Receiving objects:  27% (313/1157)
2023-04-27T16:18:26.3708356Z Receiving objects:  28% (324/1157)
2023-04-27T16:18:26.3711198Z Receiving objects:  29% (336/1157)
2023-04-27T16:18:26.3713603Z Receiving objects:  30% (348/1157)
2023-04-27T16:18:26.3716783Z Receiving objects:  31% (359/1157)
2023-04-27T16:18:26.3720121Z Receiving objects:  32% (371/1157)
2023-04-27T16:18:26.3723899Z Receiving objects:  33% (382/1157)
2023-04-27T16:18:26.3726858Z Receiving objects:  34% (394/1157)
2023-04-27T16:18:26.3729878Z Receiving objects:  35% (405/1157)
2023-04-27T16:18:26.3730682Z Receiving objects:  36% (417/1157)
2023-04-27T16:18:26.3730986Z Receiving objects:  37% (429/1157)
2023-04-27T16:18:26.3731300Z Receiving objects:  38% (440/1157)
2023-04-27T16:18:26.3731634Z Receiving objects:  39% (452/1157)
2023-04-27T16:18:26.3731962Z Receiving objects:  40% (463/1157)
2023-04-27T16:18:26.3732258Z Receiving objects:  41% (475/1157)
2023-04-27T16:18:26.3732562Z Receiving objects:  42% (486/1157)
2023-04-27T16:18:26.3732896Z Receiving objects:  43% (498/1157)
2023-04-27T16:18:26.3733150Z Receiving objects:  44% (510/1157)
2023-04-27T16:18:26.3733466Z Receiving objects:  45% (521/1157)
2023-04-27T16:18:26.3733801Z Receiving objects:  46% (533/1157)
2023-04-27T16:18:26.3734056Z Receiving objects:  47% (544/1157)
2023-04-27T16:18:26.3734361Z Receiving objects:  48% (556/1157)
2023-04-27T16:18:26.3734692Z Receiving objects:  49% (567/1157)
2023-04-27T16:18:26.3734943Z Receiving objects:  50% (579/1157)
2023-04-27T16:18:26.3735297Z Receiving objects:  51% (591/1157)
2023-04-27T16:18:26.3735604Z Receiving objects:  52% (602/1157)
2023-04-27T16:18:26.3735861Z Receiving objects:  53% (614/1157)
2023-04-27T16:18:26.3736177Z Receiving objects:  54% (625/1157)
2023-04-27T16:18:26.3736514Z Receiving objects:  55% (637/1157)
2023-04-27T16:18:26.3736775Z Receiving objects:  56% (648/1157)
2023-04-27T16:18:26.3737080Z Receiving objects:  57% (660/1157)
2023-04-27T16:18:26.3737393Z Receiving objects:  58% (672/1157)
2023-04-27T16:18:26.3737705Z Receiving objects:  59% (683/1157)
2023-04-27T16:18:26.3737991Z Receiving objects:  60% (695/1157)
2023-04-27T16:18:26.3738296Z Receiving objects:  61% (706/1157)
2023-04-27T16:18:26.3979402Z Receiving objects:  62% (718/1157)
2023-04-27T16:18:26.3981247Z Receiving objects:  63% (729/1157)
2023-04-27T16:18:26.3982615Z Receiving objects:  64% (741/1157)
2023-04-27T16:18:26.3983791Z Receiving objects:  65% (753/1157)
2023-04-27T16:18:26.3987317Z Receiving objects:  66% (764/1157)
2023-04-27T16:18:26.3990216Z Receiving objects:  67% (776/1157)
2023-04-27T16:18:26.3995281Z Receiving objects:  68% (787/1157)
2023-04-27T16:18:26.3996622Z Receiving objects:  69% (799/1157)
2023-04-27T16:18:26.4000955Z Receiving objects:  70% (810/1157)
2023-04-27T16:18:26.4001777Z Receiving objects:  71% (822/1157)
2023-04-27T16:18:26.4005699Z Receiving objects:  72% (834/1157)
2023-04-27T16:18:26.4008460Z Receiving objects:  73% (845/1157)
2023-04-27T16:18:26.4010983Z Receiving objects:  74% (857/1157)
2023-04-27T16:18:26.4013855Z Receiving objects:  75% (868/1157)
2023-04-27T16:18:26.4016527Z Receiving objects:  76% (880/1157)
2023-04-27T16:18:26.4041729Z Receiving objects:  77% (891/1157)
2023-04-27T16:18:26.4042478Z Receiving objects:  78% (903/1157)
2023-04-27T16:18:26.4047923Z Receiving objects:  79% (915/1157)
2023-04-27T16:18:26.4052997Z Receiving objects:  80% (926/1157)
2023-04-27T16:18:26.4058589Z Receiving objects:  81% (938/1157)
2023-04-27T16:18:26.4059661Z remote: Total 1157 (delta 162), reused 232 (delta 145), pack-reused 778        
2023-04-27T16:18:26.4066841Z Receiving objects:  82% (949/1157)
2023-04-27T16:18:26.4068350Z Receiving objects:  83% (961/1157)
2023-04-27T16:18:26.4069278Z Receiving objects:  84% (972/1157)
2023-04-27T16:18:26.4069858Z Receiving objects:  85% (984/1157)
2023-04-27T16:18:26.4070473Z Receiving objects:  86% (996/1157)
2023-04-27T16:18:26.4070966Z Receiving objects:  87% (1007/1157)
2023-04-27T16:18:26.4072651Z Receiving objects:  88% (1019/1157)
2023-04-27T16:18:26.4073306Z Receiving objects:  89% (1030/1157)
2023-04-27T16:18:26.4075019Z Receiving objects:  90% (1042/1157)
2023-04-27T16:18:26.4079992Z Receiving objects:  91% (1053/1157)
2023-04-27T16:18:26.4080703Z Receiving objects:  92% (1065/1157)
2023-04-27T16:18:26.4081414Z Receiving objects:  93% (1077/1157)
2023-04-27T16:18:26.4086619Z Receiving objects:  94% (1088/1157)
2023-04-27T16:18:26.4090097Z Receiving objects:  95% (1100/1157)
2023-04-27T16:18:26.4093375Z Receiving objects:  96% (1111/1157)
2023-04-27T16:18:26.4093982Z Receiving objects:  97% (1123/1157)
2023-04-27T16:18:26.4097681Z Receiving objects:  98% (1134/1157)
2023-04-27T16:18:26.4098223Z Receiving objects:  99% (1146/1157)
2023-04-27T16:18:26.4098959Z Receiving objects: 100% (1157/1157)
2023-04-27T16:18:26.4099318Z Receiving objects: 100% (1157/1157), 287.41 KiB | 2.66 MiB/s, done.
2023-04-27T16:18:26.4103203Z Resolving deltas:   0% (0/631)
2023-04-27T16:18:26.4103649Z Resolving deltas:   1% (7/631)
2023-04-27T16:18:26.4107447Z Resolving deltas:   2% (13/631)
2023-04-27T16:18:26.4108080Z Resolving deltas:   3% (19/631)
2023-04-27T16:18:26.4108644Z Resolving deltas:   4% (26/631)
2023-04-27T16:18:26.4109193Z Resolving deltas:   5% (32/631)
2023-04-27T16:18:26.4109452Z Resolving deltas:   6% (38/631)
2023-04-27T16:18:26.4109841Z Resolving deltas:   7% (45/631)
2023-04-27T16:18:26.4110147Z Resolving deltas:   8% (51/631)
2023-04-27T16:18:26.4110483Z Resolving deltas:   9% (57/631)
2023-04-27T16:18:26.4110736Z Resolving deltas:  10% (64/631)
2023-04-27T16:18:26.4111448Z Resolving deltas:  11% (70/631)
2023-04-27T16:18:26.4111780Z Resolving deltas:  12% (76/631)
2023-04-27T16:18:26.4115005Z Resolving deltas:  13% (83/631)
2023-04-27T16:18:26.4116247Z Resolving deltas:  14% (89/631)
2023-04-27T16:18:26.4143077Z Resolving deltas:  15% (95/631)
2023-04-27T16:18:26.4143372Z Resolving deltas:  16% (101/631)
2023-04-27T16:18:26.4143774Z Resolving deltas:  17% (108/631)
2023-04-27T16:18:26.4144090Z Resolving deltas:  18% (114/631)
2023-04-27T16:18:26.4144366Z Resolving deltas:  19% (120/631)
2023-04-27T16:18:26.4144679Z Resolving deltas:  20% (127/631)
2023-04-27T16:18:26.4144988Z Resolving deltas:  21% (133/631)
2023-04-27T16:18:26.4145277Z Resolving deltas:  22% (139/631)
2023-04-27T16:18:26.4145585Z Resolving deltas:  23% (146/631)
2023-04-27T16:18:26.4145894Z Resolving deltas:  24% (152/631)
2023-04-27T16:18:26.4146167Z Resolving deltas:  25% (158/631)
2023-04-27T16:18:26.4146470Z Resolving deltas:  26% (165/631)
2023-04-27T16:18:26.4146794Z Resolving deltas:  27% (171/631)
2023-04-27T16:18:26.4147355Z Resolving deltas:  28% (177/631)
2023-04-27T16:18:26.4147616Z Resolving deltas:  29% (183/631)
2023-04-27T16:18:26.4147914Z Resolving deltas:  30% (190/631)
2023-04-27T16:18:26.4148250Z Resolving deltas:  31% (196/631)
2023-04-27T16:18:26.4148499Z Resolving deltas:  32% (202/631)
2023-04-27T16:18:26.4148984Z Resolving deltas:  33% (209/631)
2023-04-27T16:18:26.4149283Z Resolving deltas:  34% (215/631)
2023-04-27T16:18:26.4151095Z Resolving deltas:  35% (221/631)
2023-04-27T16:18:26.4151604Z Resolving deltas:  36% (228/631)
2023-04-27T16:18:26.4151952Z Resolving deltas:  37% (234/631)
2023-04-27T16:18:26.4152346Z Resolving deltas:  38% (240/631)
2023-04-27T16:18:26.4153353Z Resolving deltas:  39% (247/631)
2023-04-27T16:18:26.4154339Z Resolving deltas:  40% (253/631)
2023-04-27T16:18:26.4156325Z Resolving deltas:  41% (259/631)
2023-04-27T16:18:26.4161307Z Resolving deltas:  42% (266/631)
2023-04-27T16:18:26.4167513Z Resolving deltas:  43% (272/631)
2023-04-27T16:18:26.4172109Z Resolving deltas:  44% (278/631)
2023-04-27T16:18:26.4178277Z Resolving deltas:  45% (284/631)
2023-04-27T16:18:26.4182733Z Resolving deltas:  46% (291/631)
2023-04-27T16:18:26.4185806Z Resolving deltas:  47% (297/631)
2023-04-27T16:18:26.4190474Z Resolving deltas:  48% (303/631)
2023-04-27T16:18:26.4191686Z Resolving deltas:  49% (310/631)
2023-04-27T16:18:26.4195710Z Resolving deltas:  50% (316/631)
2023-04-27T16:18:26.4201264Z Resolving deltas:  51% (322/631)
2023-04-27T16:18:26.4206642Z Resolving deltas:  52% (329/631)
2023-04-27T16:18:26.4208541Z Resolving deltas:  53% (335/631)
2023-04-27T16:18:26.4213921Z Resolving deltas:  54% (341/631)
2023-04-27T16:18:26.4218604Z Resolving deltas:  55% (348/631)
2023-04-27T16:18:26.4219318Z Resolving deltas:  56% (354/631)
2023-04-27T16:18:26.4228069Z Resolving deltas:  57% (360/631)
2023-04-27T16:18:26.4237085Z Resolving deltas:  58% (366/631)
2023-04-27T16:18:26.4244400Z Resolving deltas:  59% (373/631)
2023-04-27T16:18:26.4250944Z Resolving deltas:  60% (379/631)
2023-04-27T16:18:26.4259963Z Resolving deltas:  61% (385/631)
2023-04-27T16:18:26.4260315Z Resolving deltas:  62% (392/631)
2023-04-27T16:18:26.4260622Z Resolving deltas:  63% (398/631)
2023-04-27T16:18:26.4263720Z Resolving deltas:  64% (404/631)
2023-04-27T16:18:26.4265181Z Resolving deltas:  65% (411/631)
2023-04-27T16:18:26.4265922Z Resolving deltas:  66% (417/631)
2023-04-27T16:18:26.4270877Z Resolving deltas:  67% (423/631)
2023-04-27T16:18:26.4271143Z Resolving deltas:  68% (430/631)
2023-04-27T16:18:26.4271529Z Resolving deltas:  69% (436/631)
2023-04-27T16:18:26.4271885Z Resolving deltas:  70% (442/631)
2023-04-27T16:18:26.4272192Z Resolving deltas:  71% (449/631)
2023-04-27T16:18:26.4272453Z Resolving deltas:  72% (455/631)
2023-04-27T16:18:26.4281612Z Resolving deltas:  73% (461/631)
2023-04-27T16:18:26.4281959Z Resolving deltas:  74% (467/631)
2023-04-27T16:18:26.4282233Z Resolving deltas:  75% (474/631)
2023-04-27T16:18:26.4282533Z Resolving deltas:  76% (480/631)
2023-04-27T16:18:26.4282848Z Resolving deltas:  77% (486/631)
2023-04-27T16:18:26.4283143Z Resolving deltas:  78% (493/631)
2023-04-27T16:18:26.4283470Z Resolving deltas:  79% (499/631)
2023-04-27T16:18:26.4283773Z Resolving deltas:  80% (505/631)
2023-04-27T16:18:26.4284023Z Resolving deltas:  81% (512/631)
2023-04-27T16:18:26.4284322Z Resolving deltas:  82% (518/631)
2023-04-27T16:18:26.4284671Z Resolving deltas:  83% (524/631)
2023-04-27T16:18:26.4284923Z Resolving deltas:  84% (531/631)
2023-04-27T16:18:26.4285222Z Resolving deltas:  85% (537/631)
2023-04-27T16:18:26.4285526Z Resolving deltas:  86% (543/631)
2023-04-27T16:18:26.4287295Z Resolving deltas:  87% (549/631)
2023-04-27T16:18:26.4287634Z Resolving deltas:  88% (556/631)
2023-04-27T16:18:26.4290662Z Resolving deltas:  89% (562/631)
2023-04-27T16:18:26.4297720Z Resolving deltas:  90% (568/631)
2023-04-27T16:18:26.4301726Z Resolving deltas:  91% (575/631)
2023-04-27T16:18:26.4305136Z Resolving deltas:  92% (581/631)
2023-04-27T16:18:26.4309293Z Resolving deltas:  93% (587/631)
2023-04-27T16:18:26.4313856Z Resolving deltas:  94% (594/631)
2023-04-27T16:18:26.4315443Z Resolving deltas:  95% (600/631)
2023-04-27T16:18:26.4320918Z Resolving deltas:  96% (606/631)
2023-04-27T16:18:26.4322889Z Resolving deltas:  97% (613/631)
2023-04-27T16:18:26.4327354Z Resolving deltas:  98% (619/631)
2023-04-27T16:18:26.4336031Z Resolving deltas:  99% (625/631)
2023-04-27T16:18:26.4336312Z Resolving deltas: 100% (631/631)
2023-04-27T16:18:26.4336700Z Resolving deltas: 100% (631/631), done.
2023-04-27T16:18:26.4454336Z From https://github.com/con/tinuous
2023-04-27T16:18:26.4455390Z  * [new branch]      gh-124                                   -> origin/gh-124
2023-04-27T16:18:26.4455882Z  * [new branch]      gh-55                                    -> origin/gh-55
2023-04-27T16:18:26.4456470Z  * [new branch]      master                                   -> origin/master
2023-04-27T16:18:26.4457012Z  * [new branch]      no-extra-search                          -> origin/no-extra-search
2023-04-27T16:18:26.4457507Z  * [new branch]      test-appveyor                            -> origin/test-appveyor
2023-04-27T16:18:26.4457973Z  * [new tag]         0.1.0                                    -> 0.1.0
2023-04-27T16:18:26.4458407Z  * [new tag]         0.2.0                                    -> 0.2.0
2023-04-27T16:18:26.4458810Z  * [new tag]         0.3.0                                    -> 0.3.0
2023-04-27T16:18:26.4459224Z  * [new tag]         0.4.0                                    -> 0.4.0
2023-04-27T16:18:26.4459633Z  * [new tag]         0.5.0                                    -> 0.5.0
2023-04-27T16:18:26.4460051Z  * [new tag]         0.5.1                                    -> 0.5.1
2023-04-27T16:18:26.4460418Z  * [new tag]         0.5.2                                    -> 0.5.2
2023-04-27T16:18:26.4460862Z  * [new tag]         0.5.3                                    -> 0.5.3
2023-04-27T16:18:26.4461521Z  * [new tag]         0.5.4                                    -> 0.5.4
2023-04-27T16:18:26.4461888Z  * [new tag]         0.6.0                                    -> 0.6.0
2023-04-27T16:18:26.4462309Z  * [new tag]         0.6.1                                    -> 0.6.1
2023-04-27T16:18:26.4462830Z  * [new ref]         7ce1d24cfb0f54fe53be3a13a43d9aa9bda2bea2 -> pull/164/merge
2023-04-27T16:18:26.4480957Z ##[endgroup]
2023-04-27T16:18:26.4481563Z ##[group]Determining the checkout info
2023-04-27T16:18:26.4482031Z ##[endgroup]
2023-04-27T16:18:26.4482501Z ##[group]Checking out the ref
2023-04-27T16:18:26.4485631Z [command]/usr/bin/git checkout --progress --force refs/remotes/pull/164/merge
2023-04-27T16:18:26.4544023Z Note: switching to 'refs/remotes/pull/164/merge'.
2023-04-27T16:18:26.4544277Z 
2023-04-27T16:18:26.4544798Z You are in 'detached HEAD' state. You can look around, make experimental
2023-04-27T16:18:26.4545433Z changes and commit them, and you can discard any commits you make in this
2023-04-27T16:18:26.4546323Z state without impacting any branches by switching back to a branch.
2023-04-27T16:18:26.4546606Z 
2023-04-27T16:18:26.4546885Z If you want to create a new branch to retain commits you create, you may
2023-04-27T16:18:26.4547446Z do so (now or later) by using -c with the switch command. Example:
2023-04-27T16:18:26.4547674Z 
2023-04-27T16:18:26.4547872Z   git switch -c <new-branch-name>
2023-04-27T16:18:26.4548061Z 
2023-04-27T16:18:26.4548216Z Or undo this operation with:
2023-04-27T16:18:26.4548393Z 
2023-04-27T16:18:26.4548508Z   git switch -
2023-04-27T16:18:26.4549320Z 
2023-04-27T16:18:26.4549502Z Turn off this advice by setting config variable advice.detachedHead to false
2023-04-27T16:18:26.4549750Z 
2023-04-27T16:18:26.4550004Z HEAD is now at 7ce1d24 Merge c8ea35d7a734c9d9d256f63ea676b693724d947b into 5e88fd1737f10db36e14dd02fd03be38793d26b6
2023-04-27T16:18:26.4555317Z ##[endgroup]
2023-04-27T16:18:26.4602491Z [command]/usr/bin/git log -1 --format='%H'
2023-04-27T16:18:26.4632023Z '7ce1d24cfb0f54fe53be3a13a43d9aa9bda2bea2'
2023-04-27T16:18:26.5093290Z ##[group]Run actions/setup-python@v4
2023-04-27T16:18:26.5093538Z with:
2023-04-27T16:18:26.5093740Z   python-version: 3.8
2023-04-27T16:18:26.5093962Z   check-latest: false
2023-04-27T16:18:26.5094349Z   token: ***
2023-04-27T16:18:26.5094572Z   update-environment: true
2023-04-27T16:18:26.5094814Z   allow-prereleases: false
2023-04-27T16:18:26.5095025Z ##[endgroup]
2023-04-27T16:18:26.6753431Z ##[group]Installed versions
2023-04-27T16:18:26.6850060Z Successfully set up CPython (3.8.16)
2023-04-27T16:18:26.6850900Z ##[endgroup]
2023-04-27T16:18:26.6983299Z ##[group]Run python -m pip install --upgrade pip wheel
2023-04-27T16:18:26.6983697Z [36;1mpython -m pip install --upgrade pip wheel[0m
2023-04-27T16:18:26.6984029Z [36;1mpython -m pip install --upgrade --upgrade-strategy=eager tox[0m
2023-04-27T16:18:26.7044066Z shell: /usr/bin/bash -e {0}
2023-04-27T16:18:26.7044318Z env:
2023-04-27T16:18:26.7044577Z   pythonLocation: /opt/hostedtoolcache/Python/3.8.16/x64
2023-04-27T16:18:26.7044927Z   PKG_CONFIG_PATH: /opt/hostedtoolcache/Python/3.8.16/x64/lib/pkgconfig
2023-04-27T16:18:26.7045264Z   Python_ROOT_DIR: /opt/hostedtoolcache/Python/3.8.16/x64
2023-04-27T16:18:26.7045579Z   Python2_ROOT_DIR: /opt/hostedtoolcache/Python/3.8.16/x64
2023-04-27T16:18:26.7045876Z   Python3_ROOT_DIR: /opt/hostedtoolcache/Python/3.8.16/x64
2023-04-27T16:18:26.7046191Z   LD_LIBRARY_PATH: /opt/hostedtoolcache/Python/3.8.16/x64/lib
2023-04-27T16:18:26.7046456Z ##[endgroup]
2023-04-27T16:18:27.5678351Z Requirement already satisfied: pip in /opt/hostedtoolcache/Python/3.8.16/x64/lib/python3.8/site-packages (22.0.4)
2023-04-27T16:18:27.7759236Z Collecting pip
2023-04-27T16:18:27.9183940Z   Downloading pip-23.1.2-py3-none-any.whl (2.1 MB)
2023-04-27T16:18:28.1262440Z      ‚îÅ‚îÅ‚îÅ‚îÅ‚îÅ‚îÅ‚îÅ‚îÅ‚îÅ‚îÅ‚îÅ‚îÅ‚îÅ‚îÅ‚îÅ‚îÅ‚îÅ‚îÅ‚îÅ‚îÅ‚îÅ‚îÅ‚îÅ‚îÅ‚îÅ‚îÅ‚îÅ‚îÅ‚îÅ‚îÅ‚îÅ‚îÅ‚îÅ‚îÅ‚îÅ‚îÅ‚îÅ‚îÅ‚îÅ‚îÅ 2.1/2.1 MB 10.1 MB/s eta 0:00:00
2023-04-27T16:18:28.1990255Z Collecting wheel
2023-04-27T16:18:28.2158045Z   Downloading wheel-0.40.0-py3-none-any.whl (64 kB)
2023-04-27T16:18:28.2222211Z      ‚îÅ‚îÅ‚îÅ‚îÅ‚îÅ‚îÅ‚îÅ‚îÅ‚îÅ‚îÅ‚îÅ‚îÅ‚îÅ‚îÅ‚îÅ‚îÅ‚îÅ‚îÅ‚îÅ‚îÅ‚îÅ‚îÅ‚îÅ‚îÅ‚îÅ‚îÅ‚îÅ‚îÅ‚îÅ‚îÅ‚îÅ‚îÅ‚îÅ‚îÅ‚îÅ‚îÅ‚îÅ‚îÅ‚îÅ‚îÅ 64.5/64.5 kB 16.0 MB/s eta 0:00:00
2023-04-27T16:18:28.2611401Z Installing collected packages: wheel, pip
2023-04-27T16:18:28.3087335Z   Attempting uninstall: pip
2023-04-27T16:18:28.3094941Z     Found existing installation: pip 22.0.4
2023-04-27T16:18:28.3865309Z     Uninstalling pip-22.0.4:
2023-04-27T16:18:28.4562036Z       Successfully uninstalled pip-22.0.4
2023-04-27T16:18:29.5624437Z Successfully installed pip-23.1.2 wheel-0.40.0
2023-04-27T16:18:30.6328943Z Collecting tox
2023-04-27T16:18:30.7673710Z   Downloading tox-4.5.1-py3-none-any.whl (148 kB)
2023-04-27T16:18:30.8113440Z      ‚îÅ‚îÅ‚îÅ‚îÅ‚îÅ‚îÅ‚îÅ‚îÅ‚îÅ‚îÅ‚îÅ‚îÅ‚îÅ‚îÅ‚îÅ‚îÅ‚îÅ‚îÅ‚îÅ‚îÅ‚îÅ‚îÅ‚îÅ‚îÅ‚îÅ‚îÅ‚îÅ‚îÅ‚îÅ‚îÅ‚îÅ‚îÅ‚îÅ‚îÅ‚îÅ‚îÅ‚îÅ‚îÅ‚îÅ 149.0/149.0 kB 3.6 MB/s eta 0:00:00
2023-04-27T16:18:30.8915474Z Collecting cachetools>=5.3 (from tox)
2023-04-27T16:18:30.9087675Z   Downloading cachetools-5.3.0-py3-none-any.whl (9.3 kB)
2023-04-27T16:18:30.9436958Z Collecting chardet>=5.1 (from tox)
2023-04-27T16:18:30.9622377Z   Downloading chardet-5.1.0-py3-none-any.whl (199 kB)
2023-04-27T16:18:30.9884582Z      ‚îÅ‚îÅ‚îÅ‚îÅ‚îÅ‚îÅ‚îÅ‚îÅ‚îÅ‚îÅ‚îÅ‚îÅ‚îÅ‚îÅ‚îÅ‚îÅ‚îÅ‚îÅ‚îÅ‚îÅ‚îÅ‚îÅ‚îÅ‚îÅ‚îÅ‚îÅ‚îÅ‚îÅ‚îÅ‚îÅ‚îÅ‚îÅ‚îÅ‚îÅ‚îÅ‚îÅ‚îÅ‚îÅ‚îÅ 199.1/199.1 kB 8.2 MB/s eta 0:00:00
2023-04-27T16:18:31.0354873Z Collecting colorama>=0.4.6 (from tox)
2023-04-27T16:18:31.0682375Z   Downloading colorama-0.4.6-py2.py3-none-any.whl (25 kB)
2023-04-27T16:18:31.1190904Z Collecting filelock>=3.11 (from tox)
2023-04-27T16:18:31.1363922Z   Downloading filelock-3.12.0-py3-none-any.whl (10 kB)
2023-04-27T16:18:31.1893786Z Collecting packaging>=23.1 (from tox)
2023-04-27T16:18:31.2065010Z   Downloading packaging-23.1-py3-none-any.whl (48 kB)
2023-04-27T16:18:31.2141138Z      ‚îÅ‚îÅ‚îÅ‚îÅ‚îÅ‚îÅ‚îÅ‚îÅ‚îÅ‚îÅ‚îÅ‚îÅ‚îÅ‚îÅ‚îÅ‚îÅ‚îÅ‚îÅ‚îÅ‚îÅ‚îÅ‚îÅ‚îÅ‚îÅ‚îÅ‚îÅ‚îÅ‚îÅ‚îÅ‚îÅ‚îÅ‚îÅ‚îÅ‚îÅ‚îÅ‚îÅ‚îÅ‚îÅ‚îÅ‚îÅ 48.9/48.9 kB 8.6 MB/s eta 0:00:00
2023-04-27T16:18:31.2546957Z Collecting platformdirs>=3.2 (from tox)
2023-04-27T16:18:31.2717213Z   Downloading platformdirs-3.4.0-py3-none-any.whl (15 kB)
2023-04-27T16:18:31.3138047Z Collecting pluggy>=1 (from tox)
2023-04-27T16:18:31.3308253Z   Downloading pluggy-1.0.0-py2.py3-none-any.whl (13 kB)
2023-04-27T16:18:31.3659852Z Collecting pyproject-api>=1.5.1 (from tox)
2023-04-27T16:18:31.3827001Z   Downloading pyproject_api-1.5.1-py3-none-any.whl (12 kB)
2023-04-27T16:18:31.4251956Z Collecting tomli>=2.0.1 (from tox)
2023-04-27T16:18:31.4422068Z   Downloading tomli-2.0.1-py3-none-any.whl (12 kB)
2023-04-27T16:18:31.5784380Z Collecting virtualenv>=20.21 (from tox)
2023-04-27T16:18:31.5956781Z   Downloading virtualenv-20.22.0-py3-none-any.whl (3.2 MB)
2023-04-27T16:18:31.8423552Z      ‚îÅ‚îÅ‚îÅ‚îÅ‚îÅ‚îÅ‚îÅ‚îÅ‚îÅ‚îÅ‚îÅ‚îÅ‚îÅ‚îÅ‚îÅ‚îÅ‚îÅ‚îÅ‚îÅ‚îÅ‚îÅ‚îÅ‚îÅ‚îÅ‚îÅ‚îÅ‚îÅ‚îÅ‚îÅ‚îÅ‚îÅ‚îÅ‚îÅ‚îÅ‚îÅ‚îÅ‚îÅ‚îÅ‚îÅ‚îÅ 3.2/3.2 MB 13.3 MB/s eta 0:00:00
2023-04-27T16:18:31.9656122Z Collecting distlib<1,>=0.3.6 (from virtualenv>=20.21->tox)
2023-04-27T16:18:31.9818177Z   Downloading distlib-0.3.6-py2.py3-none-any.whl (468 kB)
2023-04-27T16:18:32.0077104Z      ‚îÅ‚îÅ‚îÅ‚îÅ‚îÅ‚îÅ‚îÅ‚îÅ‚îÅ‚îÅ‚îÅ‚îÅ‚îÅ‚îÅ‚îÅ‚îÅ‚îÅ‚îÅ‚îÅ‚îÅ‚îÅ‚îÅ‚îÅ‚îÅ‚îÅ‚îÅ‚îÅ‚îÅ‚îÅ‚îÅ‚îÅ‚îÅ‚îÅ‚îÅ‚îÅ‚îÅ‚îÅ‚îÅ 468.5/468.5 kB 20.3 MB/s eta 0:00:00
2023-04-27T16:18:32.1702859Z Installing collected packages: distlib, tomli, pluggy, platformdirs, packaging, filelock, colorama, chardet, cachetools, virtualenv, pyproject-api, tox
2023-04-27T16:18:32.8364233Z Successfully installed cachetools-5.3.0 chardet-5.1.0 colorama-0.4.6 distlib-0.3.6 filelock-3.12.0 packaging-23.1 platformdirs-3.4.0 pluggy-1.0.0 pyproject-api-1.5.1 tomli-2.0.1 tox-4.5.1 virtualenv-20.22.0
2023-04-27T16:18:33.0114892Z ##[group]Run tox -e typing
2023-04-27T16:18:33.0115145Z [36;1mtox -e typing[0m
2023-04-27T16:18:33.0169523Z shell: /usr/bin/bash -e {0}
2023-04-27T16:18:33.0169741Z env:
2023-04-27T16:18:33.0170016Z   pythonLocation: /opt/hostedtoolcache/Python/3.8.16/x64
2023-04-27T16:18:33.0170377Z   PKG_CONFIG_PATH: /opt/hostedtoolcache/Python/3.8.16/x64/lib/pkgconfig
2023-04-27T16:18:33.0170703Z   Python_ROOT_DIR: /opt/hostedtoolcache/Python/3.8.16/x64
2023-04-27T16:18:33.0171019Z   Python2_ROOT_DIR: /opt/hostedtoolcache/Python/3.8.16/x64
2023-04-27T16:18:33.0171331Z   Python3_ROOT_DIR: /opt/hostedtoolcache/Python/3.8.16/x64
2023-04-27T16:18:33.0171633Z   LD_LIBRARY_PATH: /opt/hostedtoolcache/Python/3.8.16/x64/lib
2023-04-27T16:18:33.0172098Z ##[endgroup]
2023-04-27T16:18:33.5538092Z typing: install_deps> python -I -m pip install mypy pytest pytest-cov pytest-mock types-python-dateutil types-PyYAML types-requests
2023-04-27T16:18:39.2965701Z .pkg: install_requires> python -I -m pip install 'setuptools>=46.4.0' versioningit
2023-04-27T16:18:41.2978794Z .pkg: _optional_hooks> python /opt/hostedtoolcache/Python/3.8.16/x64/lib/python3.8/site-packages/pyproject_api/_backend.py True setuptools.build_meta
2023-04-27T16:18:41.5572692Z .pkg: get_requires_for_build_sdist> python /opt/hostedtoolcache/Python/3.8.16/x64/lib/python3.8/site-packages/pyproject_api/_backend.py True setuptools.build_meta
2023-04-27T16:18:41.6865232Z .pkg: freeze> python -m pip freeze --all
2023-04-27T16:18:42.0746204Z .pkg: importlib-metadata==6.6.0,packaging==23.1,pip==23.1,setuptools==67.6.1,tomli==2.0.1,versioningit==2.2.0,wheel==0.40.0,zipp==3.15.0
2023-04-27T16:18:42.0752550Z .pkg: prepare_metadata_for_build_wheel> python /opt/hostedtoolcache/Python/3.8.16/x64/lib/python3.8/site-packages/pyproject_api/_backend.py True setuptools.build_meta
2023-04-27T16:18:42.1925661Z .pkg: build_sdist> python /opt/hostedtoolcache/Python/3.8.16/x64/lib/python3.8/site-packages/pyproject_api/_backend.py True setuptools.build_meta
2023-04-27T16:18:42.2853054Z typing: install_package_deps> python -I -m pip install 'PyGithub~=1.55' 'PyYAML>=5.0' 'click-loglevel~=0.2' 'click>=7.0' 'in-place~=0.4' 'pydantic~=1.7' 'python-dateutil~=2.7' 'python-dotenv<2.0,>=0.11' 'requests~=2.20'
2023-04-27T16:18:47.7334081Z typing: install_package> python -I -m pip install --force-reinstall --no-deps /home/runner/work/tinuous/tinuous/.tox/.tmp/package/1/tinuous-0.6.1.post23+g7ce1d24.tar.gz
2023-04-27T16:18:52.6690017Z typing: freeze> python -m pip freeze --all
2023-04-27T16:18:53.0801663Z typing: certifi==2022.12.7,cffi==1.15.1,charset-normalizer==3.1.0,click==8.1.3,click-loglevel==0.4.0.post1,coverage==7.2.3,cryptography==40.0.2,Deprecated==1.2.13,exceptiongroup==1.1.1,idna==3.4,in-place==0.5.0,iniconfig==2.0.0,mypy==1.2.0,mypy-extensions==1.0.0,packaging==23.1,pip==23.1,pluggy==1.0.0,pycparser==2.21,pydantic==1.10.7,PyGithub==1.58.1,PyJWT==2.6.0,PyNaCl==1.5.0,pytest==7.3.1,pytest-cov==4.0.0,pytest-mock==3.10.0,python-dateutil==2.8.2,python-dotenv==1.0.0,PyYAML==6.0,requests==2.29.0,setuptools==67.6.1,six==1.16.0,tinuous @ file:///home/runner/work/tinuous/tinuous/.tox/.tmp/package/1/tinuous-0.6.1.post23%2Bg7ce1d24.tar.gz#sha256=439a977bfe11afa82e4eef0f3bd08e9e9b39280eb4a9851952329d61aec355b4,tomli==2.0.1,types-python-dateutil==2.8.19.12,types-PyYAML==6.0.12.9,types-requests==2.28.11.17,types-urllib3==1.26.25.11,typing_extensions==4.5.0,urllib3==1.26.15,wheel==0.40.0,wrapt==1.15.0
2023-04-27T16:18:53.0808426Z typing: commands[0]> mypy src test
2023-04-27T16:19:02.5348278Z Success: no issues found in 15 source files
2023-04-27T16:19:02.5469778Z .pkg: _exit> python /opt/hostedtoolcache/Python/3.8.16/x64/lib/python3.8/site-packages/pyproject_api/_backend.py True setuptools.build_meta
2023-04-27T16:19:02.5951402Z   typing: OK (29.34=setup[19.87]+cmd[9.46] seconds)
2023-04-27T16:19:02.5951723Z   congratulations :) (29.42 seconds)
2023-04-27T16:19:02.6372643Z Post job cleanup.
2023-04-27T16:19:02.7965607Z Post job cleanup.
2023-04-27T16:19:02.9008248Z [command]/usr/bin/git version
2023-04-27T16:19:02.9062298Z git version 2.40.1
2023-04-27T16:19:02.9117047Z Temporarily overriding HOME='/home/runner/work/_temp/8a535640-2743-4543-b7db-cd4299adf9a6' before making global git config changes
2023-04-27T16:19:02.9120601Z Adding repository directory to the temporary git global config as a safe directory
2023-04-27T16:19:02.9128207Z [command]/usr/bin/git config --global --add safe.directory /home/runner/work/tinuous/tinuous
2023-04-27T16:19:02.9176498Z [command]/usr/bin/git config --local --name-only --get-regexp core\.sshCommand
2023-04-27T16:19:02.9218776Z [command]/usr/bin/git submodule foreach --recursive sh -c "git config --local --name-only --get-regexp 'core\.sshCommand' && git config --local --unset-all 'core.sshCommand' || :"
2023-04-27T16:19:02.9470559Z [command]/usr/bin/git config --local --name-only --get-regexp http\.https\:\/\/github\.com\/\.extraheader
2023-04-27T16:19:02.9500165Z http.https://github.com/.extraheader
2023-04-27T16:19:02.9514909Z [command]/usr/bin/git config --local --unset-all http.https://github.com/.extraheader
2023-04-27T16:19:02.9551395Z [command]/usr/bin/git submodule foreach --recursive sh -c "git config --local --name-only --get-regexp 'http\.https\:\/\/github\.com\/\.extraheader' && git config --local --unset-all 'http.https://github.com/.extraheader' || :"
2023-04-27T16:19:02.9981055Z Cleaning up orphan processes
