2021-06-11T15:19:48.7738837Z ##[section]Starting: Request a runner to run this job
2021-06-11T15:19:49.6183767Z Can't find any online and idle self-hosted runner in current repository that matches the required labels: 'ubuntu-latest'
2021-06-11T15:19:49.6183868Z Can't find any online and idle self-hosted runner in current repository's account/organization that matches the required labels: 'ubuntu-latest'
2021-06-11T15:19:49.6184119Z Found online and idle hosted runner in current repository's account/organization that matches the required labels: 'ubuntu-latest'
2021-06-11T15:19:49.8000231Z ##[section]Finishing: Request a runner to run this job
2021-06-11T15:19:57.8969999Z Current runner version: '2.278.0'
2021-06-11T15:19:57.9001101Z ##[group]Operating System
2021-06-11T15:19:57.9002357Z Ubuntu
2021-06-11T15:19:57.9002864Z 20.04.2
2021-06-11T15:19:57.9003374Z LTS
2021-06-11T15:19:57.9004088Z ##[endgroup]
2021-06-11T15:19:57.9004945Z ##[group]Virtual Environment
2021-06-11T15:19:57.9005676Z Environment: ubuntu-20.04
2021-06-11T15:19:57.9006262Z Version: 20210606.1
2021-06-11T15:19:57.9007554Z Included Software: https://github.com/actions/virtual-environments/blob/ubuntu20/20210606.1/images/linux/Ubuntu2004-README.md
2021-06-11T15:19:57.9009002Z Image Release: https://github.com/actions/virtual-environments/releases/tag/ubuntu20%2F20210606.1
2021-06-11T15:19:57.9009978Z ##[endgroup]
2021-06-11T15:19:57.9012334Z ##[group]GITHUB_TOKEN Permissions
2021-06-11T15:19:57.9013763Z Actions: write
2021-06-11T15:19:57.9014424Z Checks: write
2021-06-11T15:19:57.9014984Z Contents: write
2021-06-11T15:19:57.9015610Z Deployments: write
2021-06-11T15:19:57.9016341Z Discussions: write
2021-06-11T15:19:57.9017207Z Issues: write
2021-06-11T15:19:57.9017855Z Metadata: read
2021-06-11T15:19:57.9018410Z Packages: write
2021-06-11T15:19:57.9019052Z PullRequests: write
2021-06-11T15:19:57.9019750Z RepositoryProjects: write
2021-06-11T15:19:57.9020490Z SecurityEvents: write
2021-06-11T15:19:57.9021123Z Statuses: write
2021-06-11T15:19:57.9021925Z ##[endgroup]
2021-06-11T15:19:57.9025432Z Prepare workflow directory
2021-06-11T15:19:57.9792653Z Prepare all required actions
2021-06-11T15:19:57.9806911Z Getting action download info
2021-06-11T15:19:58.4212824Z Download action repository 'actions/checkout@v2'
2021-06-11T15:20:00.4105215Z Download action repository 'actions/setup-python@v2'
2021-06-11T15:20:00.7442855Z Download action repository 'codecov/codecov-action@v1'
2021-06-11T15:20:01.3188314Z ##[group]Run actions/checkout@v2
2021-06-11T15:20:01.3189048Z with:
2021-06-11T15:20:01.3189456Z   fetch-depth: 0
2021-06-11T15:20:01.3189951Z   repository: con/tinuous
2021-06-11T15:20:01.3190910Z   token: ***
2021-06-11T15:20:01.3191472Z   ssh-strict: true
2021-06-11T15:20:01.3192027Z   persist-credentials: true
2021-06-11T15:20:01.3192536Z   clean: true
2021-06-11T15:20:01.3192925Z   lfs: false
2021-06-11T15:20:01.3193338Z   submodules: false
2021-06-11T15:20:01.3193781Z ##[endgroup]
2021-06-11T15:20:01.9208266Z Syncing repository: con/tinuous
2021-06-11T15:20:01.9209168Z ##[group]Getting Git version info
2021-06-11T15:20:01.9210274Z Working directory is '/home/runner/work/tinuous/tinuous'
2021-06-11T15:20:01.9210982Z [command]/usr/bin/git version
2021-06-11T15:20:01.9211465Z git version 2.31.1
2021-06-11T15:20:01.9212371Z ##[endgroup]
2021-06-11T15:20:01.9213201Z Deleting the contents of '/home/runner/work/tinuous/tinuous'
2021-06-11T15:20:01.9214505Z ##[group]Initializing the repository
2021-06-11T15:20:01.9215219Z [command]/usr/bin/git init /home/runner/work/tinuous/tinuous
2021-06-11T15:20:01.9216294Z hint: Using 'master' as the name for the initial branch. This default branch name
2021-06-11T15:20:01.9217397Z hint: is subject to change. To configure the initial branch name to use in all
2021-06-11T15:20:01.9218298Z hint: of your new repositories, which will suppress this warning, call:
2021-06-11T15:20:01.9218933Z hint: 
2021-06-11T15:20:01.9219733Z hint: 	git config --global init.defaultBranch <name>
2021-06-11T15:20:01.9220325Z hint: 
2021-06-11T15:20:01.9221090Z hint: Names commonly chosen instead of 'master' are 'main', 'trunk' and
2021-06-11T15:20:01.9222177Z hint: 'development'. The just-created branch can be renamed via this command:
2021-06-11T15:20:01.9222841Z hint: 
2021-06-11T15:20:01.9223398Z hint: 	git branch -m <name>
2021-06-11T15:20:01.9224120Z Initialized empty Git repository in /home/runner/work/tinuous/tinuous/.git/
2021-06-11T15:20:01.9225070Z [command]/usr/bin/git remote add origin https://github.com/con/tinuous
2021-06-11T15:20:01.9225784Z ##[endgroup]
2021-06-11T15:20:01.9226365Z ##[group]Disabling automatic garbage collection
2021-06-11T15:20:01.9227253Z [command]/usr/bin/git config --local gc.auto 0
2021-06-11T15:20:01.9228144Z ##[endgroup]
2021-06-11T15:20:01.9229827Z ##[group]Setting up auth
2021-06-11T15:20:01.9230829Z [command]/usr/bin/git config --local --name-only --get-regexp core\.sshCommand
2021-06-11T15:20:01.9232455Z [command]/usr/bin/git submodule foreach --recursive git config --local --name-only --get-regexp 'core\.sshCommand' && git config --local --unset-all 'core.sshCommand' || :
2021-06-11T15:20:01.9234214Z [command]/usr/bin/git config --local --name-only --get-regexp http\.https\:\/\/github\.com\/\.extraheader
2021-06-11T15:20:01.9236229Z [command]/usr/bin/git submodule foreach --recursive git config --local --name-only --get-regexp 'http\.https\:\/\/github\.com\/\.extraheader' && git config --local --unset-all 'http.https://github.com/.extraheader' || :
2021-06-11T15:20:01.9238223Z [command]/usr/bin/git config --local http.https://github.com/.extraheader AUTHORIZATION: basic ***
2021-06-11T15:20:01.9239120Z ##[endgroup]
2021-06-11T15:20:01.9239634Z ##[group]Fetching the repository
2021-06-11T15:20:01.9241674Z [command]/usr/bin/git -c protocol.version=2 fetch --prune --progress --no-recurse-submodules origin +refs/heads/*:refs/remotes/origin/* +refs/tags/*:refs/tags/* +33dd762de9a66d252c96084dd08a088c4dd1d3cb:refs/remotes/pull/100/merge
2021-06-11T15:20:02.7552225Z remote: Enumerating objects: 607, done.        
2021-06-11T15:20:02.7553659Z remote: Counting objects:   0% (1/261)        
2021-06-11T15:20:02.7554392Z remote: Counting objects:   1% (3/261)        
2021-06-11T15:20:02.7555261Z remote: Counting objects:   2% (6/261)        
2021-06-11T15:20:02.7555966Z remote: Counting objects:   3% (8/261)        
2021-06-11T15:20:02.7556655Z remote: Counting objects:   4% (11/261)        
2021-06-11T15:20:02.7557717Z remote: Counting objects:   5% (14/261)        
2021-06-11T15:20:02.7558820Z remote: Counting objects:   6% (16/261)        
2021-06-11T15:20:02.7559500Z remote: Counting objects:   7% (19/261)        
2021-06-11T15:20:02.7560206Z remote: Counting objects:   8% (21/261)        
2021-06-11T15:20:02.7560901Z remote: Counting objects:   9% (24/261)        
2021-06-11T15:20:02.7561593Z remote: Counting objects:  10% (27/261)        
2021-06-11T15:20:02.7562289Z remote: Counting objects:  11% (29/261)        
2021-06-11T15:20:02.7562972Z remote: Counting objects:  12% (32/261)        
2021-06-11T15:20:02.7563670Z remote: Counting objects:  13% (34/261)        
2021-06-11T15:20:02.7564350Z remote: Counting objects:  14% (37/261)        
2021-06-11T15:20:02.7565143Z remote: Counting objects:  15% (40/261)        
2021-06-11T15:20:02.7612932Z remote: Counting objects:  16% (42/261)        
2021-06-11T15:20:02.7613763Z remote: Counting objects:  17% (45/261)        
2021-06-11T15:20:02.7614477Z remote: Counting objects:  18% (47/261)        
2021-06-11T15:20:02.7615232Z remote: Counting objects:  19% (50/261)        
2021-06-11T15:20:02.7615934Z remote: Counting objects:  20% (53/261)        
2021-06-11T15:20:02.7616782Z remote: Counting objects:  21% (55/261)        
2021-06-11T15:20:02.7617507Z remote: Counting objects:  22% (58/261)        
2021-06-11T15:20:02.7618207Z remote: Counting objects:  23% (61/261)        
2021-06-11T15:20:02.7618898Z remote: Counting objects:  24% (63/261)        
2021-06-11T15:20:02.7619578Z remote: Counting objects:  25% (66/261)        
2021-06-11T15:20:02.7620275Z remote: Counting objects:  26% (68/261)        
2021-06-11T15:20:02.7620952Z remote: Counting objects:  27% (71/261)        
2021-06-11T15:20:02.7621640Z remote: Counting objects:  28% (74/261)        
2021-06-11T15:20:02.7622336Z remote: Counting objects:  29% (76/261)        
2021-06-11T15:20:02.7623012Z remote: Counting objects:  30% (79/261)        
2021-06-11T15:20:02.7623700Z remote: Counting objects:  31% (81/261)        
2021-06-11T15:20:02.7624392Z remote: Counting objects:  32% (84/261)        
2021-06-11T15:20:02.7625086Z remote: Counting objects:  33% (87/261)        
2021-06-11T15:20:02.7625776Z remote: Counting objects:  34% (89/261)        
2021-06-11T15:20:02.7626453Z remote: Counting objects:  35% (92/261)        
2021-06-11T15:20:02.7627484Z remote: Counting objects:  36% (94/261)        
2021-06-11T15:20:02.7628161Z remote: Counting objects:  37% (97/261)        
2021-06-11T15:20:02.7628861Z remote: Counting objects:  38% (100/261)        
2021-06-11T15:20:02.7629709Z remote: Counting objects:  39% (102/261)        
2021-06-11T15:20:02.7630712Z remote: Counting objects:  40% (105/261)        
2021-06-11T15:20:02.7631662Z remote: Counting objects:  41% (108/261)        
2021-06-11T15:20:02.7632354Z remote: Counting objects:  42% (110/261)        
2021-06-11T15:20:02.7633032Z remote: Counting objects:  43% (113/261)        
2021-06-11T15:20:02.7633734Z remote: Counting objects:  44% (115/261)        
2021-06-11T15:20:02.7634418Z remote: Counting objects:  45% (118/261)        
2021-06-11T15:20:02.7636002Z remote: Counting objects:  46% (121/261)        
2021-06-11T15:20:02.7636576Z remote: Counting objects:  47% (123/261)        
2021-06-11T15:20:02.7637130Z remote: Counting objects:  48% (126/261)        
2021-06-11T15:20:02.7637704Z remote: Counting objects:  49% (128/261)        
2021-06-11T15:20:02.7638254Z remote: Counting objects:  50% (131/261)        
2021-06-11T15:20:02.7638822Z remote: Counting objects:  51% (134/261)        
2021-06-11T15:20:02.7639378Z remote: Counting objects:  52% (136/261)        
2021-06-11T15:20:02.7639940Z remote: Counting objects:  53% (139/261)        
2021-06-11T15:20:02.7640506Z remote: Counting objects:  54% (141/261)        
2021-06-11T15:20:02.7641094Z remote: Counting objects:  55% (144/261)        
2021-06-11T15:20:02.7641669Z remote: Counting objects:  56% (147/261)        
2021-06-11T15:20:02.7642216Z remote: Counting objects:  57% (149/261)        
2021-06-11T15:20:02.7642961Z remote: Counting objects:  58% (152/261)        
2021-06-11T15:20:02.7643537Z remote: Counting objects:  59% (154/261)        
2021-06-11T15:20:02.7644225Z remote: Counting objects:  60% (157/261)        
2021-06-11T15:20:02.7644777Z remote: Counting objects:  61% (160/261)        
2021-06-11T15:20:02.7645351Z remote: Counting objects:  62% (162/261)        
2021-06-11T15:20:02.7646204Z remote: Counting objects:  63% (165/261)        
2021-06-11T15:20:02.7646913Z remote: Counting objects:  64% (168/261)        
2021-06-11T15:20:02.7647905Z remote: Counting objects:  65% (170/261)        
2021-06-11T15:20:02.7648564Z remote: Counting objects:  66% (173/261)        
2021-06-11T15:20:02.7649130Z remote: Counting objects:  67% (175/261)        
2021-06-11T15:20:02.7649682Z remote: Counting objects:  68% (178/261)        
2021-06-11T15:20:02.7650250Z remote: Counting objects:  69% (181/261)        
2021-06-11T15:20:02.7650813Z remote: Counting objects:  70% (183/261)        
2021-06-11T15:20:02.7651410Z remote: Counting objects:  71% (186/261)        
2021-06-11T15:20:02.7651978Z remote: Counting objects:  72% (188/261)        
2021-06-11T15:20:02.7652526Z remote: Counting objects:  73% (191/261)        
2021-06-11T15:20:02.7653089Z remote: Counting objects:  74% (194/261)        
2021-06-11T15:20:02.7653644Z remote: Counting objects:  75% (196/261)        
2021-06-11T15:20:02.7654505Z remote: Counting objects:  76% (199/261)        
2021-06-11T15:20:02.7655121Z remote: Counting objects:  77% (201/261)        
2021-06-11T15:20:02.7655795Z remote: Counting objects:  78% (204/261)        
2021-06-11T15:20:02.7656494Z remote: Counting objects:  79% (207/261)        
2021-06-11T15:20:02.7665224Z remote: Counting objects:  80% (209/261)        
2021-06-11T15:20:02.7666978Z remote: Counting objects:  81% (212/261)        
2021-06-11T15:20:02.7668494Z remote: Counting objects:  82% (215/261)        
2021-06-11T15:20:02.7669568Z remote: Counting objects:  83% (217/261)        
2021-06-11T15:20:02.7671193Z remote: Counting objects:  84% (220/261)        
2021-06-11T15:20:02.7671977Z remote: Counting objects:  85% (222/261)        
2021-06-11T15:20:02.7673180Z remote: Counting objects:  86% (225/261)        
2021-06-11T15:20:02.7673818Z remote: Counting objects:  87% (228/261)        
2021-06-11T15:20:02.7674580Z remote: Counting objects:  88% (230/261)        
2021-06-11T15:20:02.7675136Z remote: Counting objects:  89% (233/261)        
2021-06-11T15:20:02.7675707Z remote: Counting objects:  90% (235/261)        
2021-06-11T15:20:02.7676265Z remote: Counting objects:  91% (238/261)        
2021-06-11T15:20:02.7676863Z remote: Counting objects:  92% (241/261)        
2021-06-11T15:20:02.7677442Z remote: Counting objects:  93% (243/261)        
2021-06-11T15:20:02.7677997Z remote: Counting objects:  94% (246/261)        
2021-06-11T15:20:02.7678569Z remote: Counting objects:  95% (248/261)        
2021-06-11T15:20:02.7679122Z remote: Counting objects:  96% (251/261)        
2021-06-11T15:20:02.7679691Z remote: Counting objects:  97% (254/261)        
2021-06-11T15:20:02.7680252Z remote: Counting objects:  98% (256/261)        
2021-06-11T15:20:02.7680819Z remote: Counting objects:  99% (259/261)        
2021-06-11T15:20:02.7681373Z remote: Counting objects: 100% (261/261)        
2021-06-11T15:20:02.7681976Z remote: Counting objects: 100% (261/261), done.        
2021-06-11T15:20:02.7682615Z remote: Compressing objects:   0% (1/132)        
2021-06-11T15:20:02.7683231Z remote: Compressing objects:   1% (2/132)        
2021-06-11T15:20:02.7683853Z remote: Compressing objects:   2% (3/132)        
2021-06-11T15:20:02.7684457Z remote: Compressing objects:   3% (4/132)        
2021-06-11T15:20:02.7685076Z remote: Compressing objects:   4% (6/132)        
2021-06-11T15:20:02.8075663Z remote: Compressing objects:   5% (7/132)        
2021-06-11T15:20:02.8077160Z remote: Compressing objects:   6% (8/132)        
2021-06-11T15:20:02.8077879Z remote: Compressing objects:   7% (10/132)        
2021-06-11T15:20:02.8078717Z remote: Compressing objects:   8% (11/132)        
2021-06-11T15:20:02.8079369Z remote: Compressing objects:   9% (12/132)        
2021-06-11T15:20:02.8079977Z remote: Compressing objects:  10% (14/132)        
2021-06-11T15:20:02.8080600Z remote: Compressing objects:  11% (15/132)        
2021-06-11T15:20:02.8081231Z remote: Compressing objects:  12% (16/132)        
2021-06-11T15:20:02.8081834Z remote: Compressing objects:  13% (18/132)        
2021-06-11T15:20:02.8082452Z remote: Compressing objects:  14% (19/132)        
2021-06-11T15:20:02.8083054Z remote: Compressing objects:  15% (20/132)        
2021-06-11T15:20:02.8083903Z remote: Compressing objects:  16% (22/132)        
2021-06-11T15:20:02.8084508Z remote: Compressing objects:  17% (23/132)        
2021-06-11T15:20:02.8085127Z remote: Compressing objects:  18% (24/132)        
2021-06-11T15:20:02.8085727Z remote: Compressing objects:  19% (26/132)        
2021-06-11T15:20:02.8086343Z remote: Compressing objects:  20% (27/132)        
2021-06-11T15:20:02.8086971Z remote: Compressing objects:  21% (28/132)        
2021-06-11T15:20:02.8087573Z remote: Compressing objects:  22% (30/132)        
2021-06-11T15:20:02.8088192Z remote: Compressing objects:  23% (31/132)        
2021-06-11T15:20:02.8088793Z remote: Compressing objects:  24% (32/132)        
2021-06-11T15:20:02.8089418Z remote: Compressing objects:  25% (33/132)        
2021-06-11T15:20:02.8090021Z remote: Compressing objects:  26% (35/132)        
2021-06-11T15:20:02.8090789Z remote: Compressing objects:  27% (36/132)        
2021-06-11T15:20:02.8091890Z remote: Compressing objects:  28% (37/132)        
2021-06-11T15:20:02.8092508Z remote: Compressing objects:  29% (39/132)        
2021-06-11T15:20:02.8093126Z remote: Compressing objects:  30% (40/132)        
2021-06-11T15:20:02.8093726Z remote: Compressing objects:  31% (41/132)        
2021-06-11T15:20:02.8094375Z remote: Compressing objects:  32% (43/132)        
2021-06-11T15:20:02.8094976Z remote: Compressing objects:  33% (44/132)        
2021-06-11T15:20:02.8095601Z remote: Compressing objects:  34% (45/132)        
2021-06-11T15:20:02.8096359Z remote: Compressing objects:  35% (47/132)        
2021-06-11T15:20:02.8097393Z remote: Compressing objects:  36% (48/132)        
2021-06-11T15:20:02.8097996Z remote: Compressing objects:  37% (49/132)        
2021-06-11T15:20:02.8099097Z remote: Compressing objects:  38% (51/132)        
2021-06-11T15:20:02.8099711Z remote: Compressing objects:  39% (52/132)        
2021-06-11T15:20:02.8100307Z remote: Compressing objects:  40% (53/132)        
2021-06-11T15:20:02.8100921Z remote: Compressing objects:  41% (55/132)        
2021-06-11T15:20:02.8101538Z remote: Compressing objects:  42% (56/132)        
2021-06-11T15:20:02.8102137Z remote: Compressing objects:  43% (57/132)        
2021-06-11T15:20:02.8102752Z remote: Compressing objects:  44% (59/132)        
2021-06-11T15:20:02.8103348Z remote: Compressing objects:  45% (60/132)        
2021-06-11T15:20:02.8103956Z remote: Compressing objects:  46% (61/132)        
2021-06-11T15:20:02.8104560Z remote: Compressing objects:  47% (63/132)        
2021-06-11T15:20:02.8105177Z remote: Compressing objects:  48% (64/132)        
2021-06-11T15:20:02.8105778Z remote: Compressing objects:  49% (65/132)        
2021-06-11T15:20:02.8106897Z remote: Compressing objects:  50% (66/132)        
2021-06-11T15:20:02.8107691Z remote: Compressing objects:  51% (68/132)        
2021-06-11T15:20:02.8108285Z remote: Compressing objects:  52% (69/132)        
2021-06-11T15:20:02.8108900Z remote: Compressing objects:  53% (70/132)        
2021-06-11T15:20:02.8109500Z remote: Compressing objects:  54% (72/132)        
2021-06-11T15:20:02.8110109Z remote: Compressing objects:  55% (73/132)        
2021-06-11T15:20:02.8110704Z remote: Compressing objects:  56% (74/132)        
2021-06-11T15:20:02.8111314Z remote: Compressing objects:  57% (76/132)        
2021-06-11T15:20:02.8111909Z remote: Compressing objects:  58% (77/132)        
2021-06-11T15:20:02.8112522Z remote: Compressing objects:  59% (78/132)        
2021-06-11T15:20:02.8113932Z remote: Compressing objects:  60% (80/132)        
2021-06-11T15:20:02.8114703Z remote: Compressing objects:  61% (81/132)        
2021-06-11T15:20:02.8120686Z remote: Compressing objects:  62% (82/132)        
2021-06-11T15:20:02.8121552Z remote: Compressing objects:  63% (84/132)        
2021-06-11T15:20:02.8122169Z remote: Compressing objects:  64% (85/132)        
2021-06-11T15:20:02.8122770Z remote: Compressing objects:  65% (86/132)        
2021-06-11T15:20:02.8123384Z remote: Compressing objects:  66% (88/132)        
2021-06-11T15:20:02.8123995Z remote: Compressing objects:  67% (89/132)        
2021-06-11T15:20:02.8124596Z remote: Compressing objects:  68% (90/132)        
2021-06-11T15:20:02.8125209Z remote: Compressing objects:  69% (92/132)        
2021-06-11T15:20:02.8125808Z remote: Compressing objects:  70% (93/132)        
2021-06-11T15:20:02.8126417Z remote: Compressing objects:  71% (94/132)        
2021-06-11T15:20:02.8127020Z remote: Compressing objects:  72% (96/132)        
2021-06-11T15:20:02.8127633Z remote: Compressing objects:  73% (97/132)        
2021-06-11T15:20:02.8128233Z remote: Compressing objects:  74% (98/132)        
2021-06-11T15:20:02.8128843Z remote: Compressing objects:  75% (99/132)        
2021-06-11T15:20:02.8129464Z remote: Compressing objects:  76% (101/132)        
2021-06-11T15:20:02.8130071Z remote: Compressing objects:  77% (102/132)        
2021-06-11T15:20:02.8130687Z remote: Compressing objects:  78% (103/132)        
2021-06-11T15:20:02.8131293Z remote: Compressing objects:  79% (105/132)        
2021-06-11T15:20:02.8131911Z remote: Compressing objects:  80% (106/132)        
2021-06-11T15:20:02.8132516Z remote: Compressing objects:  81% (107/132)        
2021-06-11T15:20:02.8133133Z remote: Compressing objects:  82% (109/132)        
2021-06-11T15:20:02.8133732Z remote: Compressing objects:  83% (110/132)        
2021-06-11T15:20:02.8134348Z remote: Compressing objects:  84% (111/132)        
2021-06-11T15:20:02.8134970Z remote: Compressing objects:  85% (113/132)        
2021-06-11T15:20:02.8135573Z remote: Compressing objects:  86% (114/132)        
2021-06-11T15:20:02.8136188Z remote: Compressing objects:  87% (115/132)        
2021-06-11T15:20:02.8136946Z remote: Compressing objects:  88% (117/132)        
2021-06-11T15:20:02.8137730Z remote: Compressing objects:  89% (118/132)        
2021-06-11T15:20:02.8138372Z remote: Compressing objects:  90% (119/132)        
2021-06-11T15:20:02.8138971Z remote: Compressing objects:  91% (121/132)        
2021-06-11T15:20:02.8139585Z remote: Compressing objects:  92% (122/132)        
2021-06-11T15:20:02.8140198Z remote: Compressing objects:  93% (123/132)        
2021-06-11T15:20:02.8140797Z remote: Compressing objects:  94% (125/132)        
2021-06-11T15:20:02.8141411Z remote: Compressing objects:  95% (126/132)        
2021-06-11T15:20:02.8142011Z remote: Compressing objects:  96% (127/132)        
2021-06-11T15:20:02.8142625Z remote: Compressing objects:  97% (129/132)        
2021-06-11T15:20:02.8143227Z remote: Compressing objects:  98% (130/132)        
2021-06-11T15:20:02.8143843Z remote: Compressing objects:  99% (131/132)        
2021-06-11T15:20:02.8144447Z remote: Compressing objects: 100% (132/132)        
2021-06-11T15:20:02.8145095Z remote: Compressing objects: 100% (132/132), done.        
2021-06-11T15:20:02.8219984Z Receiving objects:   0% (1/607)
2021-06-11T15:20:02.8220531Z Receiving objects:   1% (7/607)
2021-06-11T15:20:02.8225984Z Receiving objects:   2% (13/607)
2021-06-11T15:20:02.8226677Z Receiving objects:   3% (19/607)
2021-06-11T15:20:02.8703123Z Receiving objects:   4% (25/607)
2021-06-11T15:20:02.8754161Z Receiving objects:   5% (31/607)
2021-06-11T15:20:02.8801459Z Receiving objects:   6% (37/607)
2021-06-11T15:20:02.8806460Z Receiving objects:   7% (43/607)
2021-06-11T15:20:02.8807155Z Receiving objects:   8% (49/607)
2021-06-11T15:20:02.8809493Z Receiving objects:   9% (55/607)
2021-06-11T15:20:02.8810010Z Receiving objects:  10% (61/607)
2021-06-11T15:20:02.8812554Z Receiving objects:  11% (67/607)
2021-06-11T15:20:02.8813089Z Receiving objects:  12% (73/607)
2021-06-11T15:20:02.8815692Z Receiving objects:  13% (79/607)
2021-06-11T15:20:02.8816369Z Receiving objects:  14% (85/607)
2021-06-11T15:20:02.8819862Z Receiving objects:  15% (92/607)
2021-06-11T15:20:02.8820497Z Receiving objects:  16% (98/607)
2021-06-11T15:20:02.8820995Z Receiving objects:  17% (104/607)
2021-06-11T15:20:02.8821507Z Receiving objects:  18% (110/607)
2021-06-11T15:20:02.8825048Z Receiving objects:  19% (116/607)
2021-06-11T15:20:02.8825589Z Receiving objects:  20% (122/607)
2021-06-11T15:20:02.8826085Z Receiving objects:  21% (128/607)
2021-06-11T15:20:02.8828178Z Receiving objects:  22% (134/607)
2021-06-11T15:20:02.8830733Z Receiving objects:  23% (140/607)
2021-06-11T15:20:02.8835885Z Receiving objects:  24% (146/607)
2021-06-11T15:20:02.8836565Z Receiving objects:  25% (152/607)
2021-06-11T15:20:02.8847005Z Receiving objects:  26% (158/607)
2021-06-11T15:20:02.9327512Z Receiving objects:  27% (164/607)
2021-06-11T15:20:02.9328076Z Receiving objects:  28% (170/607)
2021-06-11T15:20:02.9328592Z Receiving objects:  29% (177/607)
2021-06-11T15:20:02.9331026Z Receiving objects:  30% (183/607)
2021-06-11T15:20:02.9334345Z Receiving objects:  31% (189/607)
2021-06-11T15:20:02.9372488Z Receiving objects:  32% (195/607)
2021-06-11T15:20:02.9376472Z Receiving objects:  33% (201/607)
2021-06-11T15:20:02.9379985Z Receiving objects:  34% (207/607)
2021-06-11T15:20:02.9383095Z Receiving objects:  35% (213/607)
2021-06-11T15:20:02.9385642Z Receiving objects:  36% (219/607)
2021-06-11T15:20:02.9386157Z Receiving objects:  37% (225/607)
2021-06-11T15:20:02.9388312Z Receiving objects:  38% (231/607)
2021-06-11T15:20:02.9389012Z Receiving objects:  39% (237/607)
2021-06-11T15:20:02.9390618Z Receiving objects:  40% (243/607)
2021-06-11T15:20:02.9498316Z Receiving objects:  41% (249/607)
2021-06-11T15:20:02.9500871Z Receiving objects:  42% (255/607)
2021-06-11T15:20:02.9501661Z Receiving objects:  43% (262/607)
2021-06-11T15:20:02.9506309Z Receiving objects:  44% (268/607)
2021-06-11T15:20:02.9507427Z Receiving objects:  45% (274/607)
2021-06-11T15:20:02.9510084Z Receiving objects:  46% (280/607)
2021-06-11T15:20:02.9512419Z Receiving objects:  47% (286/607)
2021-06-11T15:20:02.9513584Z Receiving objects:  48% (292/607)
2021-06-11T15:20:02.9514190Z Receiving objects:  49% (298/607)
2021-06-11T15:20:02.9521688Z Receiving objects:  50% (304/607)
2021-06-11T15:20:02.9522414Z Receiving objects:  51% (310/607)
2021-06-11T15:20:02.9523112Z Receiving objects:  52% (316/607)
2021-06-11T15:20:02.9523725Z Receiving objects:  53% (322/607)
2021-06-11T15:20:02.9524335Z Receiving objects:  54% (328/607)
2021-06-11T15:20:02.9524921Z Receiving objects:  55% (334/607)
2021-06-11T15:20:02.9525824Z Receiving objects:  56% (340/607)
2021-06-11T15:20:02.9526580Z Receiving objects:  57% (346/607)
2021-06-11T15:20:02.9527329Z Receiving objects:  58% (353/607)
2021-06-11T15:20:02.9527954Z Receiving objects:  59% (359/607)
2021-06-11T15:20:02.9528705Z Receiving objects:  60% (365/607)
2021-06-11T15:20:02.9529431Z Receiving objects:  61% (371/607)
2021-06-11T15:20:02.9530003Z Receiving objects:  62% (377/607)
2021-06-11T15:20:02.9531783Z remote: Total 607 (delta 135), reused 158 (delta 114), pack-reused 346        
2021-06-11T15:20:02.9532668Z Receiving objects:  63% (383/607)
2021-06-11T15:20:02.9533259Z Receiving objects:  64% (389/607)
2021-06-11T15:20:02.9533880Z Receiving objects:  65% (395/607)
2021-06-11T15:20:02.9534416Z Receiving objects:  66% (401/607)
2021-06-11T15:20:02.9535388Z Receiving objects:  67% (407/607)
2021-06-11T15:20:02.9535880Z Receiving objects:  68% (413/607)
2021-06-11T15:20:02.9536350Z Receiving objects:  69% (419/607)
2021-06-11T15:20:02.9537157Z Receiving objects:  70% (425/607)
2021-06-11T15:20:02.9537634Z Receiving objects:  71% (431/607)
2021-06-11T15:20:02.9538300Z Receiving objects:  72% (438/607)
2021-06-11T15:20:02.9538789Z Receiving objects:  73% (444/607)
2021-06-11T15:20:02.9539452Z Receiving objects:  74% (450/607)
2021-06-11T15:20:02.9539969Z Receiving objects:  75% (456/607)
2021-06-11T15:20:02.9540474Z Receiving objects:  76% (462/607)
2021-06-11T15:20:02.9540964Z Receiving objects:  77% (468/607)
2021-06-11T15:20:02.9541471Z Receiving objects:  78% (474/607)
2021-06-11T15:20:02.9541983Z Receiving objects:  79% (480/607)
2021-06-11T15:20:02.9542470Z Receiving objects:  80% (486/607)
2021-06-11T15:20:02.9542987Z Receiving objects:  81% (492/607)
2021-06-11T15:20:02.9543476Z Receiving objects:  82% (498/607)
2021-06-11T15:20:02.9543980Z Receiving objects:  83% (504/607)
2021-06-11T15:20:02.9544692Z Receiving objects:  84% (510/607)
2021-06-11T15:20:02.9545179Z Receiving objects:  85% (516/607)
2021-06-11T15:20:02.9545649Z Receiving objects:  86% (523/607)
2021-06-11T15:20:02.9546134Z Receiving objects:  87% (529/607)
2021-06-11T15:20:02.9546603Z Receiving objects:  88% (535/607)
2021-06-11T15:20:02.9547227Z Receiving objects:  89% (541/607)
2021-06-11T15:20:02.9547715Z Receiving objects:  90% (547/607)
2021-06-11T15:20:02.9548194Z Receiving objects:  91% (553/607)
2021-06-11T15:20:02.9548683Z Receiving objects:  92% (559/607)
2021-06-11T15:20:02.9549440Z Receiving objects:  93% (565/607)
2021-06-11T15:20:02.9550269Z Receiving objects:  94% (571/607)
2021-06-11T15:20:02.9550765Z Receiving objects:  95% (577/607)
2021-06-11T15:20:02.9551339Z Receiving objects:  96% (583/607)
2021-06-11T15:20:02.9551830Z Receiving objects:  97% (589/607)
2021-06-11T15:20:02.9617771Z Receiving objects:  98% (595/607)
2021-06-11T15:20:02.9618480Z Receiving objects:  99% (601/607)
2021-06-11T15:20:02.9618983Z Receiving objects: 100% (607/607)
2021-06-11T15:20:02.9619568Z Receiving objects: 100% (607/607), 177.68 KiB | 1.30 MiB/s, done.
2021-06-11T15:20:02.9620122Z Resolving deltas:   0% (0/315)
2021-06-11T15:20:02.9620610Z Resolving deltas:   1% (4/315)
2021-06-11T15:20:02.9621083Z Resolving deltas:   2% (7/315)
2021-06-11T15:20:02.9621572Z Resolving deltas:   3% (10/315)
2021-06-11T15:20:02.9622051Z Resolving deltas:   4% (13/315)
2021-06-11T15:20:02.9622555Z Resolving deltas:   5% (16/315)
2021-06-11T15:20:02.9623049Z Resolving deltas:   6% (19/315)
2021-06-11T15:20:02.9623521Z Resolving deltas:   7% (23/315)
2021-06-11T15:20:02.9624009Z Resolving deltas:   8% (26/315)
2021-06-11T15:20:02.9624850Z Resolving deltas:   9% (29/315)
2021-06-11T15:20:02.9625306Z Resolving deltas:  10% (32/315)
2021-06-11T15:20:02.9625747Z Resolving deltas:  11% (35/315)
2021-06-11T15:20:02.9626198Z Resolving deltas:  12% (38/315)
2021-06-11T15:20:02.9626826Z Resolving deltas:  13% (41/315)
2021-06-11T15:20:02.9627632Z Resolving deltas:  14% (45/315)
2021-06-11T15:20:02.9628275Z Resolving deltas:  15% (48/315)
2021-06-11T15:20:02.9628762Z Resolving deltas:  16% (51/315)
2021-06-11T15:20:02.9629235Z Resolving deltas:  17% (54/315)
2021-06-11T15:20:02.9629724Z Resolving deltas:  18% (57/315)
2021-06-11T15:20:02.9630209Z Resolving deltas:  19% (60/315)
2021-06-11T15:20:02.9630683Z Resolving deltas:  20% (63/315)
2021-06-11T15:20:02.9631181Z Resolving deltas:  21% (67/315)
2021-06-11T15:20:02.9631654Z Resolving deltas:  22% (70/315)
2021-06-11T15:20:02.9632140Z Resolving deltas:  23% (73/315)
2021-06-11T15:20:02.9902152Z Resolving deltas:  24% (76/315)
2021-06-11T15:20:02.9903766Z Resolving deltas:  25% (79/315)
2021-06-11T15:20:02.9904684Z Resolving deltas:  26% (82/315)
2021-06-11T15:20:02.9905425Z Resolving deltas:  27% (86/315)
2021-06-11T15:20:02.9906175Z Resolving deltas:  28% (89/315)
2021-06-11T15:20:02.9906951Z Resolving deltas:  29% (92/315)
2021-06-11T15:20:02.9907697Z Resolving deltas:  30% (95/315)
2021-06-11T15:20:02.9908448Z Resolving deltas:  31% (98/315)
2021-06-11T15:20:02.9909241Z Resolving deltas:  32% (101/315)
2021-06-11T15:20:02.9909991Z Resolving deltas:  33% (104/315)
2021-06-11T15:20:02.9910717Z Resolving deltas:  34% (108/315)
2021-06-11T15:20:02.9911497Z Resolving deltas:  35% (111/315)
2021-06-11T15:20:02.9924003Z Resolving deltas:  36% (114/315)
2021-06-11T15:20:02.9925986Z Resolving deltas:  37% (117/315)
2021-06-11T15:20:02.9926693Z Resolving deltas:  38% (120/315)
2021-06-11T15:20:02.9927204Z Resolving deltas:  39% (123/315)
2021-06-11T15:20:02.9927699Z Resolving deltas:  40% (126/315)
2021-06-11T15:20:02.9928520Z Resolving deltas:  41% (130/315)
2021-06-11T15:20:02.9928994Z Resolving deltas:  42% (133/315)
2021-06-11T15:20:02.9929492Z Resolving deltas:  43% (136/315)
2021-06-11T15:20:02.9929968Z Resolving deltas:  44% (139/315)
2021-06-11T15:20:02.9930459Z Resolving deltas:  45% (142/315)
2021-06-11T15:20:02.9930935Z Resolving deltas:  46% (145/315)
2021-06-11T15:20:02.9931422Z Resolving deltas:  47% (149/315)
2021-06-11T15:20:02.9931898Z Resolving deltas:  48% (152/315)
2021-06-11T15:20:02.9932387Z Resolving deltas:  49% (155/315)
2021-06-11T15:20:02.9932861Z Resolving deltas:  50% (158/315)
2021-06-11T15:20:02.9933347Z Resolving deltas:  51% (161/315)
2021-06-11T15:20:02.9933838Z Resolving deltas:  52% (164/315)
2021-06-11T15:20:02.9934313Z Resolving deltas:  53% (167/315)
2021-06-11T15:20:02.9934801Z Resolving deltas:  54% (171/315)
2021-06-11T15:20:02.9935284Z Resolving deltas:  55% (174/315)
2021-06-11T15:20:02.9935775Z Resolving deltas:  56% (177/315)
2021-06-11T15:20:02.9936248Z Resolving deltas:  57% (180/315)
2021-06-11T15:20:02.9937037Z Resolving deltas:  58% (183/315)
2021-06-11T15:20:02.9937525Z Resolving deltas:  59% (186/315)
2021-06-11T15:20:02.9938013Z Resolving deltas:  60% (189/315)
2021-06-11T15:20:02.9938491Z Resolving deltas:  61% (193/315)
2021-06-11T15:20:02.9939320Z Resolving deltas:  62% (196/315)
2021-06-11T15:20:02.9939795Z Resolving deltas:  63% (199/315)
2021-06-11T15:20:02.9940284Z Resolving deltas:  64% (202/315)
2021-06-11T15:20:02.9940772Z Resolving deltas:  65% (205/315)
2021-06-11T15:20:02.9941409Z Resolving deltas:  66% (208/315)
2021-06-11T15:20:02.9941881Z Resolving deltas:  67% (212/315)
2021-06-11T15:20:02.9942487Z Resolving deltas:  68% (215/315)
2021-06-11T15:20:02.9943300Z Resolving deltas:  69% (218/315)
2021-06-11T15:20:02.9943779Z Resolving deltas:  70% (221/315)
2021-06-11T15:20:02.9944272Z Resolving deltas:  71% (224/315)
2021-06-11T15:20:02.9944748Z Resolving deltas:  72% (227/315)
2021-06-11T15:20:02.9945233Z Resolving deltas:  73% (230/315)
2021-06-11T15:20:02.9945708Z Resolving deltas:  74% (234/315)
2021-06-11T15:20:02.9946286Z Resolving deltas:  75% (237/315)
2021-06-11T15:20:02.9946908Z Resolving deltas:  76% (240/315)
2021-06-11T15:20:02.9947449Z Resolving deltas:  77% (243/315)
2021-06-11T15:20:02.9947942Z Resolving deltas:  78% (246/315)
2021-06-11T15:20:02.9948565Z Resolving deltas:  79% (249/315)
2021-06-11T15:20:02.9949231Z Resolving deltas:  80% (252/315)
2021-06-11T15:20:02.9949831Z Resolving deltas:  81% (256/315)
2021-06-11T15:20:02.9950448Z Resolving deltas:  82% (259/315)
2021-06-11T15:20:02.9950920Z Resolving deltas:  83% (262/315)
2021-06-11T15:20:02.9951407Z Resolving deltas:  84% (265/315)
2021-06-11T15:20:02.9951882Z Resolving deltas:  85% (268/315)
2021-06-11T15:20:02.9952374Z Resolving deltas:  86% (271/315)
2021-06-11T15:20:02.9952847Z Resolving deltas:  87% (275/315)
2021-06-11T15:20:02.9953427Z Resolving deltas:  88% (278/315)
2021-06-11T15:20:02.9953920Z Resolving deltas:  89% (281/315)
2021-06-11T15:20:02.9954395Z Resolving deltas:  90% (284/315)
2021-06-11T15:20:02.9954885Z Resolving deltas:  91% (287/315)
2021-06-11T15:20:02.9955472Z Resolving deltas:  92% (290/315)
2021-06-11T15:20:02.9955961Z Resolving deltas:  93% (293/315)
2021-06-11T15:20:02.9956540Z Resolving deltas:  94% (297/315)
2021-06-11T15:20:02.9957043Z Resolving deltas:  95% (300/315)
2021-06-11T15:20:02.9957520Z Resolving deltas:  96% (303/315)
2021-06-11T15:20:02.9958703Z Resolving deltas:  97% (306/315)
2021-06-11T15:20:02.9959215Z Resolving deltas:  98% (309/315)
2021-06-11T15:20:02.9959752Z Resolving deltas:  99% (312/315)
2021-06-11T15:20:02.9960442Z Resolving deltas: 100% (315/315)
2021-06-11T15:20:02.9960976Z Resolving deltas: 100% (315/315), done.
2021-06-11T15:20:02.9966214Z From https://github.com/con/tinuous
2021-06-11T15:20:02.9968203Z  * [new branch]      docfix01                                 -> origin/docfix01
2021-06-11T15:20:02.9969148Z  * [new branch]      gh-55                                    -> origin/gh-55
2021-06-11T15:20:02.9969951Z  * [new branch]      gh-93                                    -> origin/gh-93
2021-06-11T15:20:02.9970764Z  * [new branch]      gh-94                                    -> origin/gh-94
2021-06-11T15:20:02.9971579Z  * [new branch]      manual                                   -> origin/manual
2021-06-11T15:20:02.9972385Z  * [new branch]      master                                   -> origin/master
2021-06-11T15:20:02.9973338Z  * [new branch]      optional-types                           -> origin/optional-types
2021-06-11T15:20:02.9974328Z  * [new branch]      redo-state                               -> origin/redo-state
2021-06-11T15:20:02.9975318Z  * [new branch]      test-appveyor                            -> origin/test-appveyor
2021-06-11T15:20:02.9976151Z  * [new tag]         0.1.0                                    -> 0.1.0
2021-06-11T15:20:02.9977078Z  * [new tag]         0.2.0                                    -> 0.2.0
2021-06-11T15:20:02.9978037Z  * [new ref]         33dd762de9a66d252c96084dd08a088c4dd1d3cb -> pull/100/merge
2021-06-11T15:20:03.0037073Z ##[endgroup]
2021-06-11T15:20:03.0037869Z ##[group]Determining the checkout info
2021-06-11T15:20:03.0038586Z ##[endgroup]
2021-06-11T15:20:03.0039197Z ##[group]Checking out the ref
2021-06-11T15:20:03.0040386Z [command]/usr/bin/git checkout --progress --force refs/remotes/pull/100/merge
2021-06-11T15:20:03.0208722Z Note: switching to 'refs/remotes/pull/100/merge'.
2021-06-11T15:20:03.0210206Z 
2021-06-11T15:20:03.0211843Z You are in 'detached HEAD' state. You can look around, make experimental
2021-06-11T15:20:03.0213395Z changes and commit them, and you can discard any commits you make in this
2021-06-11T15:20:03.0214831Z state without impacting any branches by switching back to a branch.
2021-06-11T15:20:03.0215494Z 
2021-06-11T15:20:03.0216329Z If you want to create a new branch to retain commits you create, you may
2021-06-11T15:20:03.0217961Z do so (now or later) by using -c with the switch command. Example:
2021-06-11T15:20:03.0218615Z 
2021-06-11T15:20:03.0219453Z   git switch -c <new-branch-name>
2021-06-11T15:20:03.0220042Z 
2021-06-11T15:20:03.0220872Z Or undo this operation with:
2021-06-11T15:20:03.0221375Z 
2021-06-11T15:20:03.0222145Z   git switch -
2021-06-11T15:20:03.0222604Z 
2021-06-11T15:20:03.0223463Z Turn off this advice by setting config variable advice.detachedHead to false
2021-06-11T15:20:03.0224190Z 
2021-06-11T15:20:03.0225598Z HEAD is now at 33dd762 Merge e76efc913b9d12b8214f6787471303ec92303fe1 into 0f13cf6c84ed09599e0fb7da7803e2febaaa532e
2021-06-11T15:20:03.0227122Z ##[endgroup]
2021-06-11T15:20:03.0228088Z [command]/usr/bin/git log -1 --format='%H'
2021-06-11T15:20:03.0229275Z '33dd762de9a66d252c96084dd08a088c4dd1d3cb'
2021-06-11T15:20:03.0344672Z ##[group]Run actions/setup-python@v2
2021-06-11T15:20:03.0345224Z with:
2021-06-11T15:20:03.0345645Z   python-version: 3.9
2021-06-11T15:20:03.0346564Z   token: ***
2021-06-11T15:20:03.0346953Z ##[endgroup]
2021-06-11T15:20:03.1055250Z Successfully setup CPython (3.9.5)
2021-06-11T15:20:03.1152047Z ##[group]Run python -m pip install --upgrade pip wheel
2021-06-11T15:20:03.1152985Z [36;1mpython -m pip install --upgrade pip wheel[0m
2021-06-11T15:20:03.1154071Z [36;1mpython -m pip install --upgrade --upgrade-strategy=eager tox[0m
2021-06-11T15:20:03.1205181Z shell: /usr/bin/bash -e {0}
2021-06-11T15:20:03.1205675Z env:
2021-06-11T15:20:03.1206261Z   pythonLocation: /opt/hostedtoolcache/Python/3.9.5/x64
2021-06-11T15:20:03.1207078Z   LD_LIBRARY_PATH: /opt/hostedtoolcache/Python/3.9.5/x64/lib
2021-06-11T15:20:03.1207683Z ##[endgroup]
2021-06-11T15:20:03.8147606Z Requirement already satisfied: pip in /opt/hostedtoolcache/Python/3.9.5/x64/lib/python3.9/site-packages (21.1.2)
2021-06-11T15:20:04.0566766Z Collecting wheel
2021-06-11T15:20:04.1132638Z   Downloading wheel-0.36.2-py2.py3-none-any.whl (35 kB)
2021-06-11T15:20:04.1795214Z Installing collected packages: wheel
2021-06-11T15:20:04.2224763Z Successfully installed wheel-0.36.2
2021-06-11T15:20:05.0406003Z Collecting tox
2021-06-11T15:20:05.0769468Z   Downloading tox-3.23.1-py2.py3-none-any.whl (85 kB)
2021-06-11T15:20:05.1870837Z Collecting pluggy>=0.12.0
2021-06-11T15:20:05.1957746Z   Downloading pluggy-0.13.1-py2.py3-none-any.whl (18 kB)
2021-06-11T15:20:05.4413715Z Collecting virtualenv!=20.0.0,!=20.0.1,!=20.0.2,!=20.0.3,!=20.0.4,!=20.0.5,!=20.0.6,!=20.0.7,>=16.0.0
2021-06-11T15:20:05.4535342Z   Downloading virtualenv-20.4.7-py2.py3-none-any.whl (7.2 MB)
2021-06-11T15:20:05.7572670Z Collecting packaging>=14
2021-06-11T15:20:05.7654537Z   Downloading packaging-20.9-py2.py3-none-any.whl (40 kB)
2021-06-11T15:20:05.8065395Z Collecting filelock>=3.0.0
2021-06-11T15:20:05.8146227Z   Downloading filelock-3.0.12-py3-none-any.whl (7.6 kB)
2021-06-11T15:20:05.8441625Z Collecting toml>=0.9.4
2021-06-11T15:20:05.8523401Z   Downloading toml-0.10.2-py2.py3-none-any.whl (16 kB)
2021-06-11T15:20:05.9154915Z Collecting py>=1.4.17
2021-06-11T15:20:05.9238668Z   Downloading py-1.10.0-py2.py3-none-any.whl (97 kB)
2021-06-11T15:20:05.9665940Z Collecting six>=1.14.0
2021-06-11T15:20:05.9747182Z   Downloading six-1.16.0-py2.py3-none-any.whl (11 kB)
2021-06-11T15:20:06.0687243Z Collecting pyparsing>=2.0.2
2021-06-11T15:20:06.0814006Z   Downloading pyparsing-2.4.7-py2.py3-none-any.whl (67 kB)
2021-06-11T15:20:06.1753254Z Collecting appdirs<2,>=1.4.3
2021-06-11T15:20:06.1835053Z   Downloading appdirs-1.4.4-py2.py3-none-any.whl (9.6 kB)
2021-06-11T15:20:06.2161770Z Collecting distlib<1,>=0.3.1
2021-06-11T15:20:06.2262832Z   Downloading distlib-0.3.2-py2.py3-none-any.whl (338 kB)
2021-06-11T15:20:06.3574954Z Installing collected packages: six, pyparsing, filelock, distlib, appdirs, virtualenv, toml, py, pluggy, packaging, tox
2021-06-11T15:20:07.0581267Z Successfully installed appdirs-1.4.4 distlib-0.3.2 filelock-3.0.12 packaging-20.9 pluggy-0.13.1 py-1.10.0 pyparsing-2.4.7 six-1.16.0 toml-0.10.2 tox-3.23.1 virtualenv-20.4.7
2021-06-11T15:20:07.1415467Z ##[group]Run tox -e py -- --cov-report=xml
2021-06-11T15:20:07.1416175Z [36;1mtox -e py -- --cov-report=xml[0m
2021-06-11T15:20:07.1462483Z shell: /usr/bin/bash -e {0}
2021-06-11T15:20:07.1462910Z env:
2021-06-11T15:20:07.1463793Z   pythonLocation: /opt/hostedtoolcache/Python/3.9.5/x64
2021-06-11T15:20:07.1464597Z   LD_LIBRARY_PATH: /opt/hostedtoolcache/Python/3.9.5/x64/lib
2021-06-11T15:20:07.1465211Z ##[endgroup]
2021-06-11T15:20:07.4012881Z .package create: /home/runner/work/tinuous/tinuous/.tox/.package
2021-06-11T15:20:08.2075039Z .package installdeps: setuptools >= 46.4.0, wheel ~= 0.32
2021-06-11T15:20:12.7135094Z py create: /home/runner/work/tinuous/tinuous/.tox/py
2021-06-11T15:20:13.0332340Z py installdeps: pytest~=6.0, pytest-cov~=2.0, pytest-mock~=3.0
2021-06-11T15:20:17.1040730Z py inst: /home/runner/work/tinuous/tinuous/.tox/.tmp/package/1/tinuous-0.2.0+56.g33dd762.tar.gz
2021-06-11T15:20:29.1049298Z py installed: attrs==21.2.0,certifi==2021.5.30,cffi==1.14.5,chardet==4.0.0,click==8.0.1,click-loglevel==0.4.0.post1,coverage==5.5,Deprecated==1.2.12,idna==2.10,in-place==0.5.0,iniconfig==1.1.1,packaging==20.9,pluggy==0.13.1,py==1.10.0,pycparser==2.20,pydantic==1.8.2,PyGithub==1.55,PyJWT==2.1.0,PyNaCl==1.4.0,pyparsing==2.4.7,pytest==6.2.4,pytest-cov==2.12.1,pytest-mock==3.6.1,python-dateutil==2.8.1,python-dotenv==0.17.1,PyYAML==5.4.1,requests==2.25.1,six==1.16.0,tinuous @ file:///home/runner/work/tinuous/tinuous/.tox/.tmp/package/1/tinuous-0.2.0%2B56.g33dd762.tar.gz,toml==0.10.2,typing-extensions==3.10.0.0,urllib3==1.26.5,wrapt==1.12.1
2021-06-11T15:20:29.1052198Z py run-test-pre: PYTHONHASHSEED='4173063781'
2021-06-11T15:20:29.1053042Z py run-test: commands[0] | tinuous --help
2021-06-11T15:20:29.4440899Z Usage: tinuous [OPTIONS] COMMAND [ARGS]...
2021-06-11T15:20:29.4441461Z 
2021-06-11T15:20:29.4442042Z   Download build logs from GitHub Actions, Travis, and Appveyor
2021-06-11T15:20:29.4445033Z 
2021-06-11T15:20:29.4445461Z Options:
2021-06-11T15:20:29.4446650Z   -V, --version                   Show the version and exit.
2021-06-11T15:20:29.4454520Z   -c, --config FILE               Read configuration from the given file
2021-06-11T15:20:29.4456815Z                                   [default: config.yml]
2021-06-11T15:20:29.4458080Z   -E, --env FILE                  Load environment variables from given .env
2021-06-11T15:20:29.4458751Z                                   file
2021-06-11T15:20:29.4459559Z   -l, --log-level [NOTSET|DEBUG|INFO|WARNING|ERROR|CRITICAL]
2021-06-11T15:20:29.4460256Z                                   Set logging level  [default: 20]
2021-06-11T15:20:29.4461050Z   --help                          Show this message and exit.
2021-06-11T15:20:29.4461443Z 
2021-06-11T15:20:29.4461789Z Commands:
2021-06-11T15:20:29.4462230Z   fetch     Download logs
2021-06-11T15:20:29.4462758Z   sanitize  Sanitize secrets in logs
2021-06-11T15:20:29.4790310Z py run-test: commands[1] | pytest --cov-report=xml test
2021-06-11T15:20:30.5527640Z ============================= test session starts ==============================
2021-06-11T15:20:30.5529175Z platform linux -- Python 3.9.5, pytest-6.2.4, py-1.10.0, pluggy-0.13.1
2021-06-11T15:20:30.5529896Z cachedir: .tox/py/.pytest_cache
2021-06-11T15:20:30.5530610Z rootdir: /home/runner/work/tinuous/tinuous, configfile: tox.ini
2021-06-11T15:20:30.5531528Z plugins: cov-2.12.1, mock-3.6.1
2021-06-11T15:20:30.5532027Z collected 37 items
2021-06-11T15:20:30.5532313Z 
2021-06-11T15:20:30.5718180Z test/test_config.py ........                                             [ 21%]
2021-06-11T15:20:30.5983104Z test/test_state.py .......                                               [ 40%]
2021-06-11T15:20:30.8400291Z test/test_util.py ......................                                 [100%]
2021-06-11T15:20:30.8400690Z 
2021-06-11T15:20:30.8402019Z ----------- coverage: platform linux, python 3.9.5-final-0 -----------
2021-06-11T15:20:30.8402762Z Coverage XML written to file coverage.xml
2021-06-11T15:20:30.8403173Z 
2021-06-11T15:20:30.8403666Z 
2021-06-11T15:20:30.8404115Z ============================== 37 passed in 0.85s ==============================
2021-06-11T15:20:30.9026365Z ___________________________________ summary ____________________________________
2021-06-11T15:20:30.9027283Z   py: commands succeeded
2021-06-11T15:20:30.9027792Z   congratulations :)
2021-06-11T15:20:30.9399761Z ##[group]Run codecov/codecov-action@v1
2021-06-11T15:20:30.9400317Z with:
2021-06-11T15:20:30.9400710Z   fail_ci_if_error: false
2021-06-11T15:20:30.9401123Z env:
2021-06-11T15:20:30.9401709Z   pythonLocation: /opt/hostedtoolcache/Python/3.9.5/x64
2021-06-11T15:20:30.9402499Z   LD_LIBRARY_PATH: /opt/hostedtoolcache/Python/3.9.5/x64/lib
2021-06-11T15:20:30.9403093Z ##[endgroup]
2021-06-11T15:20:31.0223406Z [command]/usr/bin/bash codecov.sh -n  -F  -Q github-action-v1.5.2 -C e76efc913b9d12b8214f6787471303ec92303fe1
2021-06-11T15:20:31.0316648Z 
2021-06-11T15:20:31.0317483Z   _____          _
2021-06-11T15:20:31.0318296Z  / ____|        | |
2021-06-11T15:20:31.0318968Z | |     ___   __| | ___  ___ _____   __
2021-06-11T15:20:31.0319460Z | |    / _ \ / _` |/ _ \/ __/ _ \ \ / /
2021-06-11T15:20:31.0319844Z | |___| (_) | (_| |  __/ (_| (_) \ V /
2021-06-11T15:20:31.0320355Z  \_____\___/ \__,_|\___|\___\___/ \_/
2021-06-11T15:20:31.0321437Z                               Bash-1.0.3
2021-06-11T15:20:31.0321930Z 
2021-06-11T15:20:31.0322154Z 
2021-06-11T15:20:31.0350525Z [0;36m==>[0m git version 2.31.1 found
2021-06-11T15:20:31.0483634Z [0;36m==>[0m curl 7.68.0 (x86_64-pc-linux-gnu) libcurl/7.68.0 OpenSSL/1.1.1f zlib/1.2.11 brotli/1.0.7 libidn2/2.2.0 libpsl/0.21.0 (+libidn2/2.2.0) libssh/0.9.3/openssl/zlib nghttp2/1.40.0 librtmp/2.3
2021-06-11T15:20:31.0484834Z Release-Date: 2020-01-08
2021-06-11T15:20:31.0485762Z Protocols: dict file ftp ftps gopher http https imap imaps ldap ldaps pop3 pop3s rtmp rtsp scp sftp smb smbs smtp smtps telnet tftp 
2021-06-11T15:20:31.0487493Z Features: AsynchDNS brotli GSS-API HTTP2 HTTPS-proxy IDN IPv6 Kerberos Largefile libz NTLM NTLM_WB PSL SPNEGO SSL TLS-SRP UnixSockets
2021-06-11T15:20:31.0488642Z [0;90m==>[0m GitHub Actions detected.
2021-06-11T15:20:31.0489143Z     Env vars used:
2021-06-11T15:20:31.0489747Z       -> GITHUB_ACTIONS:    true
2021-06-11T15:20:31.0490466Z       -> GITHUB_HEAD_REF:   redo-state
2021-06-11T15:20:31.0491190Z       -> GITHUB_REF:        refs/pull/100/merge
2021-06-11T15:20:31.0491928Z       -> GITHUB_REPOSITORY: con/tinuous
2021-06-11T15:20:31.0492590Z       -> GITHUB_RUN_ID:     929012142
2021-06-11T15:20:31.0493486Z       -> GITHUB_SHA:        33dd762de9a66d252c96084dd08a088c4dd1d3cb
2021-06-11T15:20:31.0494344Z       -> GITHUB_WORKFLOW:   Test
2021-06-11T15:20:31.0702394Z     [0;90mproject root:[0m .
2021-06-11T15:20:31.0784597Z     [0;90mYaml found at:[0m codecov.yml
2021-06-11T15:20:31.1320691Z [0;90m==>[0m Running gcov in . [0;90m(disable via -X gcov)[0m
2021-06-11T15:20:31.1469503Z [0;90m==>[0m Searching for coverage reports in:
2021-06-11T15:20:31.1470905Z     [0;32m+[0m .
2021-06-11T15:20:31.1554568Z     [0;90m->[0m Found 1 reports
2021-06-11T15:20:31.1557379Z [0;90m==>[0m Detecting git/mercurial file structure
2021-06-11T15:20:31.1644932Z [0;90m==>[0m Reading reports
2021-06-11T15:20:31.1714442Z     [0;32m+[0m ./coverage.xml [0;90mbytes=40977[0m
2021-06-11T15:20:31.1747439Z [0;90m==>[0m Appending adjustments
2021-06-11T15:20:31.1748532Z     [0;36mhttps://docs.codecov.io/docs/fixing-reports[0m
2021-06-11T15:20:31.1861933Z     [0;90m->[0m No adjustments found
2021-06-11T15:20:31.1864767Z [0;90m==>[0m Gzipping contents
2021-06-11T15:20:31.1924594Z         4.0K	/tmp/codecov.Tm9zzX.gz
2021-06-11T15:20:31.1949859Z [0;90m==>[0m Uploading reports
2021-06-11T15:20:31.1951113Z     [0;90murl:[0m https://codecov.io
2021-06-11T15:20:31.1953377Z     [0;90mquery:[0m branch=redo-state&commit=e76efc913b9d12b8214f6787471303ec92303fe1&build=929012142&build_url=http%3A%2F%2Fgithub.com%2Fcon%2Ftinuous%2Factions%2Fruns%2F929012142&name=&tag=&slug=con%2Ftinuous&service=github-actions&flags=&pr=100&job=Test&cmd_args=n,F,Q,C
2021-06-11T15:20:31.2002868Z [0;90m->[0m  Pinging Codecov
2021-06-11T15:20:31.2006026Z https://codecov.io/upload/v4?package=github-action-v1.5.2-1.0.3&token=secret&branch=redo-state&commit=e76efc913b9d12b8214f6787471303ec92303fe1&build=929012142&build_url=http%3A%2F%2Fgithub.com%2Fcon%2Ftinuous%2Factions%2Fruns%2F929012142&name=&tag=&slug=con%2Ftinuous&service=github-actions&flags=&pr=100&job=Test&cmd_args=n,F,Q,C
2021-06-11T15:20:31.8474070Z [0;90m->[0m  Uploading to
2021-06-11T15:20:31.8487097Z https://storage.googleapis.com/codecov/v4/raw/2021-06-11/0010CBA6D851417C00BB0BC3FC5895F9/e76efc913b9d12b8214f6787471303ec92303fe1/93933127-3dcf-4ded-8891-a2598af94861.txt?X-Amz-Algorithm=AWS4-HMAC-SHA256&X-Amz-Credential=GOOG1EKKHVKCKHW7KBCGM7IHR55T63V2PAVJWLVFNITJHDU5G6R5IRN3LMWJA%2F20210611%2FUS%2Fs3%2Faws4_request&X-Amz-Date=20210611T152031Z&X-Amz-Expires=10&X-Amz-SignedHeaders=host&X-Amz-Signature=afb48a49cc29ada5400ec75f815e61035394986582fb8f05e6c0dc7a0288257f
2021-06-11T15:20:31.8566431Z   % Total    % Received % Xferd  Average Speed   Time    Time     Time  Current
2021-06-11T15:20:31.8567606Z                                  Dload  Upload   Total   Spent    Left  Speed
2021-06-11T15:20:31.8569340Z 
2021-06-11T15:20:32.0314865Z   0     0    0     0    0     0      0      0 --:--:-- --:--:-- --:--:--     0
2021-06-11T15:20:32.0315829Z 100  3397    0     0  100  3397      0  19411 --:--:-- --:--:-- --:--:-- 19522
2021-06-11T15:20:32.0391683Z     [0;32m->[0m Reports have been successfully queued for processing at [0;36mhttps://codecov.io/github/con/tinuous/commit/e76efc913b9d12b8214f6787471303ec92303fe1[0m
2021-06-11T15:20:32.0574850Z Post job cleanup.
2021-06-11T15:20:32.1969620Z [command]/usr/bin/git version
2021-06-11T15:20:32.2022054Z git version 2.31.1
2021-06-11T15:20:32.2073249Z [command]/usr/bin/git config --local --name-only --get-regexp core\.sshCommand
2021-06-11T15:20:32.2111778Z [command]/usr/bin/git submodule foreach --recursive git config --local --name-only --get-regexp 'core\.sshCommand' && git config --local --unset-all 'core.sshCommand' || :
2021-06-11T15:20:32.2401215Z [command]/usr/bin/git config --local --name-only --get-regexp http\.https\:\/\/github\.com\/\.extraheader
2021-06-11T15:20:32.2420151Z http.https://github.com/.extraheader
2021-06-11T15:20:32.2431966Z [command]/usr/bin/git config --local --unset-all http.https://github.com/.extraheader
2021-06-11T15:20:32.2469373Z [command]/usr/bin/git submodule foreach --recursive git config --local --name-only --get-regexp 'http\.https\:\/\/github\.com\/\.extraheader' && git config --local --unset-all 'http.https://github.com/.extraheader' || :
2021-06-11T15:20:32.2832989Z Cleaning up orphan processes
