2021-06-11T15:19:48.7735184Z ##[section]Starting: Request a runner to run this job
2021-06-11T15:19:49.6211235Z Can't find any online and idle self-hosted runner in current repository that matches the required labels: 'ubuntu-latest'
2021-06-11T15:19:49.6211339Z Can't find any online and idle self-hosted runner in current repository's account/organization that matches the required labels: 'ubuntu-latest'
2021-06-11T15:19:49.6211603Z Found online and idle hosted runner in current repository's account/organization that matches the required labels: 'ubuntu-latest'
2021-06-11T15:19:49.7994760Z ##[section]Finishing: Request a runner to run this job
2021-06-11T15:19:57.0716608Z Current runner version: '2.278.0'
2021-06-11T15:19:57.0741662Z ##[group]Operating System
2021-06-11T15:19:57.0742499Z Ubuntu
2021-06-11T15:19:57.0742974Z 20.04.2
2021-06-11T15:19:57.0743363Z LTS
2021-06-11T15:19:57.0743830Z ##[endgroup]
2021-06-11T15:19:57.0744352Z ##[group]Virtual Environment
2021-06-11T15:19:57.0744977Z Environment: ubuntu-20.04
2021-06-11T15:19:57.0745574Z Version: 20210606.1
2021-06-11T15:19:57.0746499Z Included Software: https://github.com/actions/virtual-environments/blob/ubuntu20/20210606.1/images/linux/Ubuntu2004-README.md
2021-06-11T15:19:57.0747804Z Image Release: https://github.com/actions/virtual-environments/releases/tag/ubuntu20%2F20210606.1
2021-06-11T15:19:57.0748618Z ##[endgroup]
2021-06-11T15:19:57.0750462Z ##[group]GITHUB_TOKEN Permissions
2021-06-11T15:19:57.0751852Z Actions: write
2021-06-11T15:19:57.0752319Z Checks: write
2021-06-11T15:19:57.0752837Z Contents: write
2021-06-11T15:19:57.0753328Z Deployments: write
2021-06-11T15:19:57.0753951Z Discussions: write
2021-06-11T15:19:57.0754513Z Issues: write
2021-06-11T15:19:57.0755028Z Metadata: read
2021-06-11T15:19:57.0755494Z Packages: write
2021-06-11T15:19:57.0756041Z PullRequests: write
2021-06-11T15:19:57.0756681Z RepositoryProjects: write
2021-06-11T15:19:57.0757264Z SecurityEvents: write
2021-06-11T15:19:57.0757836Z Statuses: write
2021-06-11T15:19:57.0758391Z ##[endgroup]
2021-06-11T15:19:57.0761197Z Prepare workflow directory
2021-06-11T15:19:57.1341270Z Prepare all required actions
2021-06-11T15:19:57.1351647Z Getting action download info
2021-06-11T15:19:57.6476495Z Download action repository 'actions/checkout@v2'
2021-06-11T15:19:58.7868533Z Download action repository 'actions/setup-python@v2'
2021-06-11T15:19:59.7563613Z Download action repository 'codecov/codecov-action@v1'
2021-06-11T15:20:00.3513880Z ##[group]Run actions/checkout@v2
2021-06-11T15:20:00.3514426Z with:
2021-06-11T15:20:00.3514770Z   fetch-depth: 0
2021-06-11T15:20:00.3515186Z   repository: con/tinuous
2021-06-11T15:20:00.3516058Z   token: ***
2021-06-11T15:20:00.3516425Z   ssh-strict: true
2021-06-11T15:20:00.3516890Z   persist-credentials: true
2021-06-11T15:20:00.3517318Z   clean: true
2021-06-11T15:20:00.3517651Z   lfs: false
2021-06-11T15:20:00.3517995Z   submodules: false
2021-06-11T15:20:00.3518371Z ##[endgroup]
2021-06-11T15:20:01.2722276Z Syncing repository: con/tinuous
2021-06-11T15:20:01.2730695Z ##[group]Getting Git version info
2021-06-11T15:20:01.2731898Z Working directory is '/home/runner/work/tinuous/tinuous'
2021-06-11T15:20:01.2736750Z [command]/usr/bin/git version
2021-06-11T15:20:01.2737484Z git version 2.31.1
2021-06-11T15:20:01.2739792Z ##[endgroup]
2021-06-11T15:20:01.2740981Z Deleting the contents of '/home/runner/work/tinuous/tinuous'
2021-06-11T15:20:01.2742529Z ##[group]Initializing the repository
2021-06-11T15:20:01.2743283Z [command]/usr/bin/git init /home/runner/work/tinuous/tinuous
2021-06-11T15:20:01.2744311Z hint: Using 'master' as the name for the initial branch. This default branch name
2021-06-11T15:20:01.2745190Z hint: is subject to change. To configure the initial branch name to use in all
2021-06-11T15:20:01.2746291Z hint: of your new repositories, which will suppress this warning, call:
2021-06-11T15:20:01.2746955Z hint: 
2021-06-11T15:20:01.2747773Z hint: 	git config --global init.defaultBranch <name>
2021-06-11T15:20:01.2748388Z hint: 
2021-06-11T15:20:01.2749190Z hint: Names commonly chosen instead of 'master' are 'main', 'trunk' and
2021-06-11T15:20:01.2750240Z hint: 'development'. The just-created branch can be renamed via this command:
2021-06-11T15:20:01.2750946Z hint: 
2021-06-11T15:20:01.2751779Z hint: 	git branch -m <name>
2021-06-11T15:20:01.2752711Z Initialized empty Git repository in /home/runner/work/tinuous/tinuous/.git/
2021-06-11T15:20:01.2753633Z [command]/usr/bin/git remote add origin https://github.com/con/tinuous
2021-06-11T15:20:01.2754275Z ##[endgroup]
2021-06-11T15:20:01.2754766Z ##[group]Disabling automatic garbage collection
2021-06-11T15:20:01.2755629Z [command]/usr/bin/git config --local gc.auto 0
2021-06-11T15:20:01.2756379Z ##[endgroup]
2021-06-11T15:20:01.2757764Z ##[group]Setting up auth
2021-06-11T15:20:01.2758563Z [command]/usr/bin/git config --local --name-only --get-regexp core\.sshCommand
2021-06-11T15:20:01.2760004Z [command]/usr/bin/git submodule foreach --recursive git config --local --name-only --get-regexp 'core\.sshCommand' && git config --local --unset-all 'core.sshCommand' || :
2021-06-11T15:20:01.2761385Z [command]/usr/bin/git config --local --name-only --get-regexp http\.https\:\/\/github\.com\/\.extraheader
2021-06-11T15:20:01.2763056Z [command]/usr/bin/git submodule foreach --recursive git config --local --name-only --get-regexp 'http\.https\:\/\/github\.com\/\.extraheader' && git config --local --unset-all 'http.https://github.com/.extraheader' || :
2021-06-11T15:20:01.2764726Z [command]/usr/bin/git config --local http.https://github.com/.extraheader AUTHORIZATION: basic ***
2021-06-11T15:20:01.2765481Z ##[endgroup]
2021-06-11T15:20:01.2765914Z ##[group]Fetching the repository
2021-06-11T15:20:01.2767795Z [command]/usr/bin/git -c protocol.version=2 fetch --prune --progress --no-recurse-submodules origin +refs/heads/*:refs/remotes/origin/* +refs/tags/*:refs/tags/* +33dd762de9a66d252c96084dd08a088c4dd1d3cb:refs/remotes/pull/100/merge
2021-06-11T15:20:01.2941070Z remote: Enumerating objects: 607, done.        
2021-06-11T15:20:01.2941619Z remote: Counting objects:   0% (1/261)        
2021-06-11T15:20:01.2942107Z remote: Counting objects:   1% (3/261)        
2021-06-11T15:20:01.2942583Z remote: Counting objects:   2% (6/261)        
2021-06-11T15:20:01.2943067Z remote: Counting objects:   3% (8/261)        
2021-06-11T15:20:01.2943728Z remote: Counting objects:   4% (11/261)        
2021-06-11T15:20:01.2944408Z remote: Counting objects:   5% (14/261)        
2021-06-11T15:20:01.2945372Z remote: Counting objects:   6% (16/261)        
2021-06-11T15:20:01.2945853Z remote: Counting objects:   7% (19/261)        
2021-06-11T15:20:01.2946461Z remote: Counting objects:   8% (21/261)        
2021-06-11T15:20:01.2946960Z remote: Counting objects:   9% (24/261)        
2021-06-11T15:20:01.2947439Z remote: Counting objects:  10% (27/261)        
2021-06-11T15:20:01.2947907Z remote: Counting objects:  11% (29/261)        
2021-06-11T15:20:01.2948390Z remote: Counting objects:  12% (32/261)        
2021-06-11T15:20:01.2948868Z remote: Counting objects:  13% (34/261)        
2021-06-11T15:20:01.2949334Z remote: Counting objects:  14% (37/261)        
2021-06-11T15:20:01.2949809Z remote: Counting objects:  15% (40/261)        
2021-06-11T15:20:01.2950280Z remote: Counting objects:  16% (42/261)        
2021-06-11T15:20:01.2950756Z remote: Counting objects:  17% (45/261)        
2021-06-11T15:20:01.2951225Z remote: Counting objects:  18% (47/261)        
2021-06-11T15:20:01.2951839Z remote: Counting objects:  19% (50/261)        
2021-06-11T15:20:01.2952309Z remote: Counting objects:  20% (53/261)        
2021-06-11T15:20:01.2952791Z remote: Counting objects:  21% (55/261)        
2021-06-11T15:20:01.2953282Z remote: Counting objects:  22% (58/261)        
2021-06-11T15:20:01.2953750Z remote: Counting objects:  23% (61/261)        
2021-06-11T15:20:01.2954229Z remote: Counting objects:  24% (63/261)        
2021-06-11T15:20:01.2954696Z remote: Counting objects:  25% (66/261)        
2021-06-11T15:20:01.2955181Z remote: Counting objects:  26% (68/261)        
2021-06-11T15:20:01.2955650Z remote: Counting objects:  27% (71/261)        
2021-06-11T15:20:01.2956133Z remote: Counting objects:  28% (74/261)        
2021-06-11T15:20:01.2956602Z remote: Counting objects:  29% (76/261)        
2021-06-11T15:20:01.2957085Z remote: Counting objects:  30% (79/261)        
2021-06-11T15:20:01.2957572Z remote: Counting objects:  31% (81/261)        
2021-06-11T15:20:01.2958042Z remote: Counting objects:  32% (84/261)        
2021-06-11T15:20:01.2958519Z remote: Counting objects:  33% (87/261)        
2021-06-11T15:20:01.2958982Z remote: Counting objects:  34% (89/261)        
2021-06-11T15:20:01.2959465Z remote: Counting objects:  35% (92/261)        
2021-06-11T15:20:01.2960041Z remote: Counting objects:  36% (94/261)        
2021-06-11T15:20:01.2960518Z remote: Counting objects:  37% (97/261)        
2021-06-11T15:20:01.2960990Z remote: Counting objects:  38% (100/261)        
2021-06-11T15:20:01.2961479Z remote: Counting objects:  39% (102/261)        
2021-06-11T15:20:01.2961950Z remote: Counting objects:  40% (105/261)        
2021-06-11T15:20:01.2962436Z remote: Counting objects:  41% (108/261)        
2021-06-11T15:20:01.2962917Z remote: Counting objects:  42% (110/261)        
2021-06-11T15:20:01.2963386Z remote: Counting objects:  43% (113/261)        
2021-06-11T15:20:01.2963871Z remote: Counting objects:  44% (115/261)        
2021-06-11T15:20:01.2964348Z remote: Counting objects:  45% (118/261)        
2021-06-11T15:20:01.2964826Z remote: Counting objects:  46% (121/261)        
2021-06-11T15:20:01.2965291Z remote: Counting objects:  47% (123/261)        
2021-06-11T15:20:01.2965767Z remote: Counting objects:  48% (126/261)        
2021-06-11T15:20:01.2966244Z remote: Counting objects:  49% (128/261)        
2021-06-11T15:20:01.2966720Z remote: Counting objects:  50% (131/261)        
2021-06-11T15:20:01.2967194Z remote: Counting objects:  51% (134/261)        
2021-06-11T15:20:01.2967662Z remote: Counting objects:  52% (136/261)        
2021-06-11T15:20:01.2968141Z remote: Counting objects:  53% (139/261)        
2021-06-11T15:20:01.2968612Z remote: Counting objects:  54% (141/261)        
2021-06-11T15:20:01.2969090Z remote: Counting objects:  55% (144/261)        
2021-06-11T15:20:01.2969555Z remote: Counting objects:  56% (147/261)        
2021-06-11T15:20:01.2970032Z remote: Counting objects:  57% (149/261)        
2021-06-11T15:20:01.2970563Z remote: Counting objects:  58% (152/261)        
2021-06-11T15:20:01.2971043Z remote: Counting objects:  59% (154/261)        
2021-06-11T15:20:01.2971524Z remote: Counting objects:  60% (157/261)        
2021-06-11T15:20:01.2971992Z remote: Counting objects:  61% (160/261)        
2021-06-11T15:20:01.2972581Z remote: Counting objects:  62% (162/261)        
2021-06-11T15:20:01.2973055Z remote: Counting objects:  63% (165/261)        
2021-06-11T15:20:01.2973538Z remote: Counting objects:  64% (168/261)        
2021-06-11T15:20:01.2974019Z remote: Counting objects:  65% (170/261)        
2021-06-11T15:20:01.2974486Z remote: Counting objects:  66% (173/261)        
2021-06-11T15:20:01.2974962Z remote: Counting objects:  67% (175/261)        
2021-06-11T15:20:01.2975427Z remote: Counting objects:  68% (178/261)        
2021-06-11T15:20:01.2975907Z remote: Counting objects:  69% (181/261)        
2021-06-11T15:20:01.2976374Z remote: Counting objects:  70% (183/261)        
2021-06-11T15:20:01.2976860Z remote: Counting objects:  71% (186/261)        
2021-06-11T15:20:01.2977323Z remote: Counting objects:  72% (188/261)        
2021-06-11T15:20:01.2977802Z remote: Counting objects:  73% (191/261)        
2021-06-11T15:20:01.2978281Z remote: Counting objects:  74% (194/261)        
2021-06-11T15:20:01.2978755Z remote: Counting objects:  75% (196/261)        
2021-06-11T15:20:01.2979234Z remote: Counting objects:  76% (199/261)        
2021-06-11T15:20:01.2979701Z remote: Counting objects:  77% (201/261)        
2021-06-11T15:20:01.2980179Z remote: Counting objects:  78% (204/261)        
2021-06-11T15:20:01.2980646Z remote: Counting objects:  79% (207/261)        
2021-06-11T15:20:01.2981122Z remote: Counting objects:  80% (209/261)        
2021-06-11T15:20:01.2981594Z remote: Counting objects:  81% (212/261)        
2021-06-11T15:20:01.2982078Z remote: Counting objects:  82% (215/261)        
2021-06-11T15:20:01.2982560Z remote: Counting objects:  83% (217/261)        
2021-06-11T15:20:01.2983036Z remote: Counting objects:  84% (220/261)        
2021-06-11T15:20:01.2983518Z remote: Counting objects:  85% (222/261)        
2021-06-11T15:20:01.2983984Z remote: Counting objects:  86% (225/261)        
2021-06-11T15:20:01.2984463Z remote: Counting objects:  87% (228/261)        
2021-06-11T15:20:01.2985007Z remote: Counting objects:  88% (230/261)        
2021-06-11T15:20:01.2985489Z remote: Counting objects:  89% (233/261)        
2021-06-11T15:20:01.2985959Z remote: Counting objects:  90% (235/261)        
2021-06-11T15:20:01.2986434Z remote: Counting objects:  91% (238/261)        
2021-06-11T15:20:01.2986905Z remote: Counting objects:  92% (241/261)        
2021-06-11T15:20:01.2987382Z remote: Counting objects:  93% (243/261)        
2021-06-11T15:20:01.2987862Z remote: Counting objects:  94% (246/261)        
2021-06-11T15:20:01.2988334Z remote: Counting objects:  95% (248/261)        
2021-06-11T15:20:01.2988820Z remote: Counting objects:  96% (251/261)        
2021-06-11T15:20:01.2989294Z remote: Counting objects:  97% (254/261)        
2021-06-11T15:20:01.2989780Z remote: Counting objects:  98% (256/261)        
2021-06-11T15:20:01.2990247Z remote: Counting objects:  99% (259/261)        
2021-06-11T15:20:01.2990726Z remote: Counting objects: 100% (261/261)        
2021-06-11T15:20:01.2991219Z remote: Counting objects: 100% (261/261), done.        
2021-06-11T15:20:01.2991904Z remote: Compressing objects:   0% (1/132)        
2021-06-11T15:20:01.2992433Z remote: Compressing objects:   1% (2/132)        
2021-06-11T15:20:01.2992943Z remote: Compressing objects:   2% (3/132)        
2021-06-11T15:20:01.2993468Z remote: Compressing objects:   3% (4/132)        
2021-06-11T15:20:01.2994032Z remote: Compressing objects:   4% (6/132)        
2021-06-11T15:20:01.2994556Z remote: Compressing objects:   5% (7/132)        
2021-06-11T15:20:01.3209047Z remote: Compressing objects:   6% (8/132)        
2021-06-11T15:20:01.3209990Z remote: Compressing objects:   7% (10/132)        
2021-06-11T15:20:01.3210860Z remote: Compressing objects:   8% (11/132)        
2021-06-11T15:20:01.3211553Z remote: Compressing objects:   9% (12/132)        
2021-06-11T15:20:01.3212238Z remote: Compressing objects:  10% (14/132)        
2021-06-11T15:20:01.3212880Z remote: Compressing objects:  11% (15/132)        
2021-06-11T15:20:01.3213555Z remote: Compressing objects:  12% (16/132)        
2021-06-11T15:20:01.3214241Z remote: Compressing objects:  13% (18/132)        
2021-06-11T15:20:01.3214878Z remote: Compressing objects:  14% (19/132)        
2021-06-11T15:20:01.3215540Z remote: Compressing objects:  15% (20/132)        
2021-06-11T15:20:01.3216178Z remote: Compressing objects:  16% (22/132)        
2021-06-11T15:20:01.3216827Z remote: Compressing objects:  17% (23/132)        
2021-06-11T15:20:01.3217501Z remote: Compressing objects:  18% (24/132)        
2021-06-11T15:20:01.3218137Z remote: Compressing objects:  19% (26/132)        
2021-06-11T15:20:01.3218788Z remote: Compressing objects:  20% (27/132)        
2021-06-11T15:20:01.3219432Z remote: Compressing objects:  21% (28/132)        
2021-06-11T15:20:01.3220090Z remote: Compressing objects:  22% (30/132)        
2021-06-11T15:20:01.3220753Z remote: Compressing objects:  23% (31/132)        
2021-06-11T15:20:01.3221388Z remote: Compressing objects:  24% (32/132)        
2021-06-11T15:20:01.3222046Z remote: Compressing objects:  25% (33/132)        
2021-06-11T15:20:01.3222685Z remote: Compressing objects:  26% (35/132)        
2021-06-11T15:20:01.3223359Z remote: Compressing objects:  27% (36/132)        
2021-06-11T15:20:01.3224010Z remote: Compressing objects:  28% (37/132)        
2021-06-11T15:20:01.3224641Z remote: Compressing objects:  29% (39/132)        
2021-06-11T15:20:01.3225291Z remote: Compressing objects:  30% (40/132)        
2021-06-11T15:20:01.3225927Z remote: Compressing objects:  31% (41/132)        
2021-06-11T15:20:01.3226576Z remote: Compressing objects:  32% (43/132)        
2021-06-11T15:20:01.3227224Z remote: Compressing objects:  33% (44/132)        
2021-06-11T15:20:01.3227863Z remote: Compressing objects:  34% (45/132)        
2021-06-11T15:20:01.3228809Z remote: Compressing objects:  35% (47/132)        
2021-06-11T15:20:01.3229392Z remote: Compressing objects:  36% (48/132)        
2021-06-11T15:20:01.3229918Z remote: Compressing objects:  37% (49/132)        
2021-06-11T15:20:01.3230693Z remote: Compressing objects:  38% (51/132)        
2021-06-11T15:20:01.3231214Z remote: Compressing objects:  39% (52/132)        
2021-06-11T15:20:01.3231994Z remote: Compressing objects:  40% (53/132)        
2021-06-11T15:20:01.3232511Z remote: Compressing objects:  41% (55/132)        
2021-06-11T15:20:01.3233040Z remote: Compressing objects:  42% (56/132)        
2021-06-11T15:20:01.3233574Z remote: Compressing objects:  43% (57/132)        
2021-06-11T15:20:01.3234088Z remote: Compressing objects:  44% (59/132)        
2021-06-11T15:20:01.3234615Z remote: Compressing objects:  45% (60/132)        
2021-06-11T15:20:01.3235129Z remote: Compressing objects:  46% (61/132)        
2021-06-11T15:20:01.3235667Z remote: Compressing objects:  47% (63/132)        
2021-06-11T15:20:01.3236188Z remote: Compressing objects:  48% (64/132)        
2021-06-11T15:20:01.3236717Z remote: Compressing objects:  49% (65/132)        
2021-06-11T15:20:01.3237231Z remote: Compressing objects:  50% (66/132)        
2021-06-11T15:20:01.3237766Z remote: Compressing objects:  51% (68/132)        
2021-06-11T15:20:01.3238293Z remote: Compressing objects:  52% (69/132)        
2021-06-11T15:20:01.3238808Z remote: Compressing objects:  53% (70/132)        
2021-06-11T15:20:01.3239334Z remote: Compressing objects:  54% (72/132)        
2021-06-11T15:20:01.3239846Z remote: Compressing objects:  55% (73/132)        
2021-06-11T15:20:01.3265800Z remote: Compressing objects:  56% (74/132)        
2021-06-11T15:20:01.3269012Z remote: Compressing objects:  57% (76/132)        
2021-06-11T15:20:01.3269700Z remote: Compressing objects:  58% (77/132)        
2021-06-11T15:20:01.3270236Z remote: Compressing objects:  59% (78/132)        
2021-06-11T15:20:01.3270889Z remote: Compressing objects:  60% (80/132)        
2021-06-11T15:20:01.3271580Z remote: Compressing objects:  61% (81/132)        
2021-06-11T15:20:01.3272102Z remote: Compressing objects:  62% (82/132)        
2021-06-11T15:20:01.3272642Z remote: Compressing objects:  63% (84/132)        
2021-06-11T15:20:01.3273211Z remote: Compressing objects:  64% (85/132)        
2021-06-11T15:20:01.3273737Z remote: Compressing objects:  65% (86/132)        
2021-06-11T15:20:01.3274265Z remote: Compressing objects:  66% (88/132)        
2021-06-11T15:20:01.3274778Z remote: Compressing objects:  67% (89/132)        
2021-06-11T15:20:01.3275309Z remote: Compressing objects:  68% (90/132)        
2021-06-11T15:20:01.3275818Z remote: Compressing objects:  69% (92/132)        
2021-06-11T15:20:01.3276351Z remote: Compressing objects:  70% (93/132)        
2021-06-11T15:20:01.3276863Z remote: Compressing objects:  71% (94/132)        
2021-06-11T15:20:01.3277393Z remote: Compressing objects:  72% (96/132)        
2021-06-11T15:20:01.3277914Z remote: Compressing objects:  73% (97/132)        
2021-06-11T15:20:01.3278442Z remote: Compressing objects:  74% (98/132)        
2021-06-11T15:20:01.3278974Z remote: Compressing objects:  75% (99/132)        
2021-06-11T15:20:01.3279500Z remote: Compressing objects:  76% (101/132)        
2021-06-11T15:20:01.3280031Z remote: Compressing objects:  77% (102/132)        
2021-06-11T15:20:01.3280550Z remote: Compressing objects:  78% (103/132)        
2021-06-11T15:20:01.3281079Z remote: Compressing objects:  79% (105/132)        
2021-06-11T15:20:01.3281597Z remote: Compressing objects:  80% (106/132)        
2021-06-11T15:20:01.3283467Z remote: Compressing objects:  81% (107/132)        
2021-06-11T15:20:01.3283993Z remote: Compressing objects:  82% (109/132)        
2021-06-11T15:20:01.3284531Z remote: Compressing objects:  83% (110/132)        
2021-06-11T15:20:01.3285063Z remote: Compressing objects:  84% (111/132)        
2021-06-11T15:20:01.3285588Z remote: Compressing objects:  85% (113/132)        
2021-06-11T15:20:01.3286114Z remote: Compressing objects:  86% (114/132)        
2021-06-11T15:20:01.3286628Z remote: Compressing objects:  87% (115/132)        
2021-06-11T15:20:01.3287175Z remote: Compressing objects:  88% (117/132)        
2021-06-11T15:20:01.3287813Z remote: Compressing objects:  89% (118/132)        
2021-06-11T15:20:01.3288326Z remote: Compressing objects:  90% (119/132)        
2021-06-11T15:20:01.3288854Z remote: Compressing objects:  91% (121/132)        
2021-06-11T15:20:01.3289383Z remote: Compressing objects:  92% (122/132)        
2021-06-11T15:20:01.3289898Z remote: Compressing objects:  93% (123/132)        
2021-06-11T15:20:01.3291671Z remote: Compressing objects:  94% (125/132)        
2021-06-11T15:20:01.3292195Z remote: Compressing objects:  95% (126/132)        
2021-06-11T15:20:01.3292720Z remote: Compressing objects:  96% (127/132)        
2021-06-11T15:20:01.3293239Z remote: Compressing objects:  97% (129/132)        
2021-06-11T15:20:01.3293772Z remote: Compressing objects:  98% (130/132)        
2021-06-11T15:20:01.3294295Z remote: Compressing objects:  99% (131/132)        
2021-06-11T15:20:01.3294806Z remote: Compressing objects: 100% (132/132)        
2021-06-11T15:20:01.3295369Z remote: Compressing objects: 100% (132/132), done.        
2021-06-11T15:20:01.3355423Z Receiving objects:   0% (1/607)
2021-06-11T15:20:01.3355910Z Receiving objects:   1% (7/607)
2021-06-11T15:20:01.3358294Z Receiving objects:   2% (13/607)
2021-06-11T15:20:01.3358773Z Receiving objects:   3% (19/607)
2021-06-11T15:20:01.3594209Z Receiving objects:   4% (25/607)
2021-06-11T15:20:01.3650892Z Receiving objects:   5% (31/607)
2021-06-11T15:20:01.3716490Z Receiving objects:   6% (37/607)
2021-06-11T15:20:01.3723446Z Receiving objects:   7% (43/607)
2021-06-11T15:20:01.3724102Z Receiving objects:   8% (49/607)
2021-06-11T15:20:01.3724671Z Receiving objects:   9% (55/607)
2021-06-11T15:20:01.3725233Z Receiving objects:  10% (61/607)
2021-06-11T15:20:01.3725936Z Receiving objects:  11% (67/607)
2021-06-11T15:20:01.3726517Z Receiving objects:  12% (73/607)
2021-06-11T15:20:01.3727120Z Receiving objects:  13% (79/607)
2021-06-11T15:20:01.3727677Z Receiving objects:  14% (85/607)
2021-06-11T15:20:01.3728214Z Receiving objects:  15% (92/607)
2021-06-11T15:20:01.3728786Z Receiving objects:  16% (98/607)
2021-06-11T15:20:01.3729343Z Receiving objects:  17% (104/607)
2021-06-11T15:20:01.3729891Z Receiving objects:  18% (110/607)
2021-06-11T15:20:01.3731293Z Receiving objects:  19% (116/607)
2021-06-11T15:20:01.3731868Z Receiving objects:  20% (122/607)
2021-06-11T15:20:01.3732429Z Receiving objects:  21% (128/607)
2021-06-11T15:20:01.3732984Z Receiving objects:  22% (134/607)
2021-06-11T15:20:01.3734057Z Receiving objects:  23% (140/607)
2021-06-11T15:20:01.3734645Z Receiving objects:  24% (146/607)
2021-06-11T15:20:01.3735186Z Receiving objects:  25% (152/607)
2021-06-11T15:20:01.3735851Z Receiving objects:  26% (158/607)
2021-06-11T15:20:01.3978703Z Receiving objects:  27% (164/607)
2021-06-11T15:20:01.3979252Z Receiving objects:  28% (170/607)
2021-06-11T15:20:01.3979758Z Receiving objects:  29% (177/607)
2021-06-11T15:20:01.3980247Z Receiving objects:  30% (183/607)
2021-06-11T15:20:01.3980754Z Receiving objects:  31% (189/607)
2021-06-11T15:20:01.4035932Z Receiving objects:  32% (195/607)
2021-06-11T15:20:01.4039504Z Receiving objects:  33% (201/607)
2021-06-11T15:20:01.4105875Z Receiving objects:  34% (207/607)
2021-06-11T15:20:01.4107240Z Receiving objects:  35% (213/607)
2021-06-11T15:20:01.4108564Z Receiving objects:  36% (219/607)
2021-06-11T15:20:01.4109296Z Receiving objects:  37% (225/607)
2021-06-11T15:20:01.4109979Z Receiving objects:  38% (231/607)
2021-06-11T15:20:01.4110681Z Receiving objects:  39% (237/607)
2021-06-11T15:20:01.4111121Z Receiving objects:  40% (243/607)
2021-06-11T15:20:01.4112482Z Receiving objects:  41% (249/607)
2021-06-11T15:20:01.4113193Z Receiving objects:  42% (255/607)
2021-06-11T15:20:01.4113884Z Receiving objects:  43% (262/607)
2021-06-11T15:20:01.4114608Z Receiving objects:  44% (268/607)
2021-06-11T15:20:01.4115047Z Receiving objects:  45% (274/607)
2021-06-11T15:20:01.4115988Z Receiving objects:  46% (280/607)
2021-06-11T15:20:01.4116680Z Receiving objects:  47% (286/607)
2021-06-11T15:20:01.4117554Z Receiving objects:  48% (292/607)
2021-06-11T15:20:01.4118240Z Receiving objects:  49% (298/607)
2021-06-11T15:20:01.4119193Z Receiving objects:  50% (304/607)
2021-06-11T15:20:01.4119622Z Receiving objects:  51% (310/607)
2021-06-11T15:20:01.4120338Z Receiving objects:  52% (316/607)
2021-06-11T15:20:01.4121014Z Receiving objects:  53% (322/607)
2021-06-11T15:20:01.4121725Z Receiving objects:  54% (328/607)
2021-06-11T15:20:01.4122163Z Receiving objects:  55% (334/607)
2021-06-11T15:20:01.4129900Z Receiving objects:  56% (340/607)
2021-06-11T15:20:01.4131795Z Receiving objects:  57% (346/607)
2021-06-11T15:20:01.4132232Z Receiving objects:  58% (353/607)
2021-06-11T15:20:01.4132672Z Receiving objects:  59% (359/607)
2021-06-11T15:20:01.4133112Z Receiving objects:  60% (365/607)
2021-06-11T15:20:01.4133552Z Receiving objects:  61% (371/607)
2021-06-11T15:20:01.4133977Z Receiving objects:  62% (377/607)
2021-06-11T15:20:01.4134652Z Receiving objects:  63% (383/607)
2021-06-11T15:20:01.4135217Z Receiving objects:  64% (389/607)
2021-06-11T15:20:01.4135742Z Receiving objects:  65% (395/607)
2021-06-11T15:20:01.4136281Z Receiving objects:  66% (401/607)
2021-06-11T15:20:01.4136806Z Receiving objects:  67% (407/607)
2021-06-11T15:20:01.4137583Z Receiving objects:  68% (413/607)
2021-06-11T15:20:01.4138281Z Receiving objects:  69% (419/607)
2021-06-11T15:20:01.4138816Z Receiving objects:  70% (425/607)
2021-06-11T15:20:01.4139353Z Receiving objects:  71% (431/607)
2021-06-11T15:20:01.4139885Z Receiving objects:  72% (438/607)
2021-06-11T15:20:01.4140421Z Receiving objects:  73% (444/607)
2021-06-11T15:20:01.4140953Z Receiving objects:  74% (450/607)
2021-06-11T15:20:01.4141471Z Receiving objects:  75% (456/607)
2021-06-11T15:20:01.4142141Z Receiving objects:  76% (462/607)
2021-06-11T15:20:01.4142676Z Receiving objects:  77% (468/607)
2021-06-11T15:20:01.4368240Z Receiving objects:  78% (474/607)
2021-06-11T15:20:01.4369155Z Receiving objects:  79% (480/607)
2021-06-11T15:20:01.4369659Z Receiving objects:  80% (486/607)
2021-06-11T15:20:01.4370190Z Receiving objects:  81% (492/607)
2021-06-11T15:20:01.4370679Z Receiving objects:  82% (498/607)
2021-06-11T15:20:01.4371175Z Receiving objects:  83% (504/607)
2021-06-11T15:20:01.4373276Z Receiving objects:  84% (510/607)
2021-06-11T15:20:01.4373798Z Receiving objects:  85% (516/607)
2021-06-11T15:20:01.4374286Z Receiving objects:  86% (523/607)
2021-06-11T15:20:01.4378842Z Receiving objects:  87% (529/607)
2021-06-11T15:20:01.4420517Z Receiving objects:  88% (535/607)
2021-06-11T15:20:01.4423241Z remote: Total 607 (delta 135), reused 158 (delta 114), pack-reused 346        
2021-06-11T15:20:01.4425543Z Receiving objects:  89% (541/607)
2021-06-11T15:20:01.4426056Z Receiving objects:  90% (547/607)
2021-06-11T15:20:01.4426591Z Receiving objects:  91% (553/607)
2021-06-11T15:20:01.4427078Z Receiving objects:  92% (559/607)
2021-06-11T15:20:01.4428096Z Receiving objects:  93% (565/607)
2021-06-11T15:20:01.4429551Z Receiving objects:  94% (571/607)
2021-06-11T15:20:01.4430416Z Receiving objects:  95% (577/607)
2021-06-11T15:20:01.4432938Z Receiving objects:  96% (583/607)
2021-06-11T15:20:01.4433475Z Receiving objects:  97% (589/607)
2021-06-11T15:20:01.4435260Z Receiving objects:  98% (595/607)
2021-06-11T15:20:01.4435801Z Receiving objects:  99% (601/607)
2021-06-11T15:20:01.4437499Z Receiving objects: 100% (607/607)
2021-06-11T15:20:01.4438079Z Receiving objects: 100% (607/607), 177.68 KiB | 1.60 MiB/s, done.
2021-06-11T15:20:01.4443834Z Resolving deltas:   0% (0/315)
2021-06-11T15:20:01.4444561Z Resolving deltas:   1% (4/315)
2021-06-11T15:20:01.4445199Z Resolving deltas:   2% (7/315)
2021-06-11T15:20:01.4445818Z Resolving deltas:   3% (10/315)
2021-06-11T15:20:01.4446444Z Resolving deltas:   4% (13/315)
2021-06-11T15:20:01.4447076Z Resolving deltas:   5% (16/315)
2021-06-11T15:20:01.4448327Z Resolving deltas:   6% (19/315)
2021-06-11T15:20:01.4448991Z Resolving deltas:   7% (23/315)
2021-06-11T15:20:01.4450236Z Resolving deltas:   8% (26/315)
2021-06-11T15:20:01.4451089Z Resolving deltas:   9% (29/315)
2021-06-11T15:20:01.4452278Z Resolving deltas:  10% (32/315)
2021-06-11T15:20:01.4452967Z Resolving deltas:  11% (35/315)
2021-06-11T15:20:01.4454202Z Resolving deltas:  12% (38/315)
2021-06-11T15:20:01.4454857Z Resolving deltas:  13% (41/315)
2021-06-11T15:20:01.4455482Z Resolving deltas:  14% (45/315)
2021-06-11T15:20:01.4456611Z Resolving deltas:  15% (48/315)
2021-06-11T15:20:01.4457259Z Resolving deltas:  16% (51/315)
2021-06-11T15:20:01.4458454Z Resolving deltas:  17% (54/315)
2021-06-11T15:20:01.4459127Z Resolving deltas:  18% (57/315)
2021-06-11T15:20:01.4459786Z Resolving deltas:  19% (60/315)
2021-06-11T15:20:01.4461072Z Resolving deltas:  20% (63/315)
2021-06-11T15:20:01.4462198Z Resolving deltas:  21% (67/315)
2021-06-11T15:20:01.4463316Z Resolving deltas:  22% (70/315)
2021-06-11T15:20:01.4464420Z Resolving deltas:  23% (73/315)
2021-06-11T15:20:01.4465526Z Resolving deltas:  24% (76/315)
2021-06-11T15:20:01.4467366Z Resolving deltas:  25% (79/315)
2021-06-11T15:20:01.4468495Z Resolving deltas:  26% (82/315)
2021-06-11T15:20:01.4472052Z Resolving deltas:  27% (86/315)
2021-06-11T15:20:01.4474733Z Resolving deltas:  28% (89/315)
2021-06-11T15:20:01.4478778Z Resolving deltas:  29% (92/315)
2021-06-11T15:20:01.4482316Z Resolving deltas:  30% (95/315)
2021-06-11T15:20:01.4485691Z Resolving deltas:  31% (98/315)
2021-06-11T15:20:01.4488727Z Resolving deltas:  32% (102/315)
2021-06-11T15:20:01.4492064Z Resolving deltas:  33% (104/315)
2021-06-11T15:20:01.4494644Z Resolving deltas:  34% (108/315)
2021-06-11T15:20:01.4497916Z Resolving deltas:  35% (111/315)
2021-06-11T15:20:01.4499606Z Resolving deltas:  36% (114/315)
2021-06-11T15:20:01.4501402Z Resolving deltas:  37% (117/315)
2021-06-11T15:20:01.4504367Z Resolving deltas:  38% (120/315)
2021-06-11T15:20:01.4507140Z Resolving deltas:  39% (123/315)
2021-06-11T15:20:01.4510430Z Resolving deltas:  40% (126/315)
2021-06-11T15:20:01.4513301Z Resolving deltas:  41% (130/315)
2021-06-11T15:20:01.4515734Z Resolving deltas:  42% (133/315)
2021-06-11T15:20:01.4518698Z Resolving deltas:  43% (136/315)
2021-06-11T15:20:01.4520291Z Resolving deltas:  44% (140/315)
2021-06-11T15:20:01.4521927Z Resolving deltas:  45% (142/315)
2021-06-11T15:20:01.4523989Z Resolving deltas:  46% (145/315)
2021-06-11T15:20:01.4524851Z Resolving deltas:  47% (149/315)
2021-06-11T15:20:01.4532345Z Resolving deltas:  48% (152/315)
2021-06-11T15:20:01.4532797Z Resolving deltas:  49% (155/315)
2021-06-11T15:20:01.4533369Z Resolving deltas:  50% (158/315)
2021-06-11T15:20:01.4533910Z Resolving deltas:  51% (161/315)
2021-06-11T15:20:01.4534426Z Resolving deltas:  52% (164/315)
2021-06-11T15:20:01.4534954Z Resolving deltas:  53% (167/315)
2021-06-11T15:20:01.4535483Z Resolving deltas:  54% (171/315)
2021-06-11T15:20:01.4536014Z Resolving deltas:  55% (174/315)
2021-06-11T15:20:01.4536538Z Resolving deltas:  56% (177/315)
2021-06-11T15:20:01.4537069Z Resolving deltas:  57% (180/315)
2021-06-11T15:20:01.4537597Z Resolving deltas:  58% (183/315)
2021-06-11T15:20:01.4538069Z Resolving deltas:  59% (186/315)
2021-06-11T15:20:01.4538528Z Resolving deltas:  60% (189/315)
2021-06-11T15:20:01.4539055Z Resolving deltas:  61% (193/315)
2021-06-11T15:20:01.4539555Z Resolving deltas:  62% (196/315)
2021-06-11T15:20:01.4540066Z Resolving deltas:  63% (199/315)
2021-06-11T15:20:01.4540523Z Resolving deltas:  64% (202/315)
2021-06-11T15:20:01.4541028Z Resolving deltas:  65% (205/315)
2021-06-11T15:20:01.4541550Z Resolving deltas:  66% (208/315)
2021-06-11T15:20:01.4542057Z Resolving deltas:  67% (212/315)
2021-06-11T15:20:01.4542577Z Resolving deltas:  68% (215/315)
2021-06-11T15:20:01.4543096Z Resolving deltas:  69% (218/315)
2021-06-11T15:20:01.4543603Z Resolving deltas:  70% (221/315)
2021-06-11T15:20:01.4544132Z Resolving deltas:  71% (224/315)
2021-06-11T15:20:01.4544695Z Resolving deltas:  72% (227/315)
2021-06-11T15:20:01.4545269Z Resolving deltas:  73% (230/315)
2021-06-11T15:20:01.4545845Z Resolving deltas:  74% (234/315)
2021-06-11T15:20:01.4546380Z Resolving deltas:  75% (237/315)
2021-06-11T15:20:01.4547123Z Resolving deltas:  76% (240/315)
2021-06-11T15:20:01.4547708Z Resolving deltas:  77% (243/315)
2021-06-11T15:20:01.4548286Z Resolving deltas:  78% (246/315)
2021-06-11T15:20:01.4548820Z Resolving deltas:  79% (249/315)
2021-06-11T15:20:01.4549396Z Resolving deltas:  80% (252/315)
2021-06-11T15:20:01.4549967Z Resolving deltas:  81% (256/315)
2021-06-11T15:20:01.4550549Z Resolving deltas:  82% (259/315)
2021-06-11T15:20:01.4551111Z Resolving deltas:  83% (262/315)
2021-06-11T15:20:01.4551856Z Resolving deltas:  84% (265/315)
2021-06-11T15:20:01.4552798Z Resolving deltas:  85% (268/315)
2021-06-11T15:20:01.4556490Z Resolving deltas:  86% (271/315)
2021-06-11T15:20:01.4557020Z Resolving deltas:  87% (275/315)
2021-06-11T15:20:01.4560540Z Resolving deltas:  88% (278/315)
2021-06-11T15:20:01.4564105Z Resolving deltas:  89% (281/315)
2021-06-11T15:20:01.4566716Z Resolving deltas:  90% (284/315)
2021-06-11T15:20:01.4570241Z Resolving deltas:  91% (287/315)
2021-06-11T15:20:01.4573649Z Resolving deltas:  92% (290/315)
2021-06-11T15:20:01.4576632Z Resolving deltas:  93% (293/315)
2021-06-11T15:20:01.4578836Z Resolving deltas:  94% (297/315)
2021-06-11T15:20:01.4581956Z Resolving deltas:  95% (300/315)
2021-06-11T15:20:01.4584479Z Resolving deltas:  96% (303/315)
2021-06-11T15:20:01.4587495Z Resolving deltas:  97% (306/315)
2021-06-11T15:20:01.4588262Z Resolving deltas:  98% (309/315)
2021-06-11T15:20:01.4589083Z Resolving deltas:  99% (312/315)
2021-06-11T15:20:01.4592971Z Resolving deltas: 100% (315/315)
2021-06-11T15:20:01.4594397Z Resolving deltas: 100% (315/315), done.
2021-06-11T15:20:01.4703233Z From https://github.com/con/tinuous
2021-06-11T15:20:01.4704681Z  * [new branch]      docfix01                                 -> origin/docfix01
2021-06-11T15:20:01.4720074Z  * [new branch]      gh-55                                    -> origin/gh-55
2021-06-11T15:20:01.4721279Z  * [new branch]      gh-93                                    -> origin/gh-93
2021-06-11T15:20:01.4722382Z  * [new branch]      gh-94                                    -> origin/gh-94
2021-06-11T15:20:01.4723371Z  * [new branch]      manual                                   -> origin/manual
2021-06-11T15:20:01.4724387Z  * [new branch]      master                                   -> origin/master
2021-06-11T15:20:01.4725456Z  * [new branch]      optional-types                           -> origin/optional-types
2021-06-11T15:20:01.4726620Z  * [new branch]      redo-state                               -> origin/redo-state
2021-06-11T15:20:01.4727812Z  * [new branch]      test-appveyor                            -> origin/test-appveyor
2021-06-11T15:20:01.4728798Z  * [new tag]         0.1.0                                    -> 0.1.0
2021-06-11T15:20:01.4729687Z  * [new tag]         0.2.0                                    -> 0.2.0
2021-06-11T15:20:01.4730797Z  * [new ref]         33dd762de9a66d252c96084dd08a088c4dd1d3cb -> pull/100/merge
2021-06-11T15:20:01.4746551Z ##[endgroup]
2021-06-11T15:20:01.4747418Z ##[group]Determining the checkout info
2021-06-11T15:20:01.4748050Z ##[endgroup]
2021-06-11T15:20:01.4748656Z ##[group]Checking out the ref
2021-06-11T15:20:01.4752686Z [command]/usr/bin/git checkout --progress --force refs/remotes/pull/100/merge
2021-06-11T15:20:01.4800993Z Note: switching to 'refs/remotes/pull/100/merge'.
2021-06-11T15:20:01.4801676Z 
2021-06-11T15:20:01.4803017Z You are in 'detached HEAD' state. You can look around, make experimental
2021-06-11T15:20:01.4803798Z changes and commit them, and you can discard any commits you make in this
2021-06-11T15:20:01.4804553Z state without impacting any branches by switching back to a branch.
2021-06-11T15:20:01.4805044Z 
2021-06-11T15:20:01.4805562Z If you want to create a new branch to retain commits you create, you may
2021-06-11T15:20:01.4806525Z do so (now or later) by using -c with the switch command. Example:
2021-06-11T15:20:01.4806933Z 
2021-06-11T15:20:01.4807476Z   git switch -c <new-branch-name>
2021-06-11T15:20:01.4807826Z 
2021-06-11T15:20:01.4808332Z Or undo this operation with:
2021-06-11T15:20:01.4808651Z 
2021-06-11T15:20:01.4809183Z   git switch -
2021-06-11T15:20:01.4809454Z 
2021-06-11T15:20:01.4810030Z Turn off this advice by setting config variable advice.detachedHead to false
2021-06-11T15:20:01.4810545Z 
2021-06-11T15:20:01.4811369Z HEAD is now at 33dd762 Merge e76efc913b9d12b8214f6787471303ec92303fe1 into 0f13cf6c84ed09599e0fb7da7803e2febaaa532e
2021-06-11T15:20:01.4825494Z ##[endgroup]
2021-06-11T15:20:01.4854682Z [command]/usr/bin/git log -1 --format='%H'
2021-06-11T15:20:01.4878537Z '33dd762de9a66d252c96084dd08a088c4dd1d3cb'
2021-06-11T15:20:01.4999142Z ##[group]Run actions/setup-python@v2
2021-06-11T15:20:01.4999610Z with:
2021-06-11T15:20:01.5000073Z   python-version: 3.8
2021-06-11T15:20:01.5001018Z   token: ***
2021-06-11T15:20:01.5001390Z ##[endgroup]
2021-06-11T15:20:01.5526721Z Successfully setup CPython (3.8.10)
2021-06-11T15:20:01.5699443Z ##[group]Run python -m pip install --upgrade pip wheel
2021-06-11T15:20:01.5700230Z [36;1mpython -m pip install --upgrade pip wheel[0m
2021-06-11T15:20:01.5700916Z [36;1mpython -m pip install --upgrade --upgrade-strategy=eager tox[0m
2021-06-11T15:20:01.5744702Z shell: /usr/bin/bash -e {0}
2021-06-11T15:20:01.5745130Z env:
2021-06-11T15:20:01.5745706Z   pythonLocation: /opt/hostedtoolcache/Python/3.8.10/x64
2021-06-11T15:20:01.5746412Z   LD_LIBRARY_PATH: /opt/hostedtoolcache/Python/3.8.10/x64/lib
2021-06-11T15:20:01.5746986Z ##[endgroup]
2021-06-11T15:20:02.1841644Z Requirement already satisfied: pip in /opt/hostedtoolcache/Python/3.8.10/x64/lib/python3.8/site-packages (21.1.2)
2021-06-11T15:20:02.3905283Z Collecting wheel
2021-06-11T15:20:02.4710073Z   Downloading wheel-0.36.2-py2.py3-none-any.whl (35 kB)
2021-06-11T15:20:02.5275027Z Installing collected packages: wheel
2021-06-11T15:20:02.5615711Z Successfully installed wheel-0.36.2
2021-06-11T15:20:03.2098383Z Collecting tox
2021-06-11T15:20:03.2760090Z   Downloading tox-3.23.1-py2.py3-none-any.whl (85 kB)
2021-06-11T15:20:03.3476945Z Collecting six>=1.14.0
2021-06-11T15:20:03.3592860Z   Downloading six-1.16.0-py2.py3-none-any.whl (11 kB)
2021-06-11T15:20:03.4179744Z Collecting py>=1.4.17
2021-06-11T15:20:03.4337116Z   Downloading py-1.10.0-py2.py3-none-any.whl (97 kB)
2021-06-11T15:20:03.4784076Z Collecting pluggy>=0.12.0
2021-06-11T15:20:03.4964076Z   Downloading pluggy-0.13.1-py2.py3-none-any.whl (18 kB)
2021-06-11T15:20:03.6673740Z Collecting virtualenv!=20.0.0,!=20.0.1,!=20.0.2,!=20.0.3,!=20.0.4,!=20.0.5,!=20.0.6,!=20.0.7,>=16.0.0
2021-06-11T15:20:03.6801364Z   Downloading virtualenv-20.4.7-py2.py3-none-any.whl (7.2 MB)
2021-06-11T15:20:04.1066741Z Collecting packaging>=14
2021-06-11T15:20:04.1186467Z   Downloading packaging-20.9-py2.py3-none-any.whl (40 kB)
2021-06-11T15:20:04.1492880Z Collecting toml>=0.9.4
2021-06-11T15:20:04.1808530Z   Downloading toml-0.10.2-py2.py3-none-any.whl (16 kB)
2021-06-11T15:20:04.2090676Z Collecting filelock>=3.0.0
2021-06-11T15:20:04.2213955Z   Downloading filelock-3.0.12-py3-none-any.whl (7.6 kB)
2021-06-11T15:20:04.3013624Z Collecting pyparsing>=2.0.2
2021-06-11T15:20:04.3151575Z   Downloading pyparsing-2.4.7-py2.py3-none-any.whl (67 kB)
2021-06-11T15:20:04.3860317Z Collecting appdirs<2,>=1.4.3
2021-06-11T15:20:04.4008900Z   Downloading appdirs-1.4.4-py2.py3-none-any.whl (9.6 kB)
2021-06-11T15:20:04.4417837Z Collecting distlib<1,>=0.3.1
2021-06-11T15:20:04.4659843Z   Downloading distlib-0.3.2-py2.py3-none-any.whl (338 kB)
2021-06-11T15:20:04.5617812Z Installing collected packages: six, pyparsing, filelock, distlib, appdirs, virtualenv, toml, py, pluggy, packaging, tox
2021-06-11T15:20:05.0687378Z Successfully installed appdirs-1.4.4 distlib-0.3.2 filelock-3.0.12 packaging-20.9 pluggy-0.13.1 py-1.10.0 pyparsing-2.4.7 six-1.16.0 toml-0.10.2 tox-3.23.1 virtualenv-20.4.7
2021-06-11T15:20:05.1409624Z ##[group]Run tox -e typing
2021-06-11T15:20:05.1410121Z [36;1mtox -e typing[0m
2021-06-11T15:20:05.1448561Z shell: /usr/bin/bash -e {0}
2021-06-11T15:20:05.1448916Z env:
2021-06-11T15:20:05.1449541Z   pythonLocation: /opt/hostedtoolcache/Python/3.8.10/x64
2021-06-11T15:20:05.1450236Z   LD_LIBRARY_PATH: /opt/hostedtoolcache/Python/3.8.10/x64/lib
2021-06-11T15:20:05.1450734Z ##[endgroup]
2021-06-11T15:20:05.3225407Z .package create: /home/runner/work/tinuous/tinuous/.tox/.package
2021-06-11T15:20:05.9026184Z .package installdeps: setuptools >= 46.4.0, wheel ~= 0.32
2021-06-11T15:20:09.0934809Z typing create: /home/runner/work/tinuous/tinuous/.tox/typing
2021-06-11T15:20:09.3212195Z typing installdeps: mypy~=0.900, types-python-dateutil, types-PyYAML, types-requests, pytest~=6.0, pytest-cov~=2.0, pytest-mock~=3.0
2021-06-11T15:20:14.9258540Z typing inst: /home/runner/work/tinuous/tinuous/.tox/.tmp/package/1/tinuous-0.2.0+56.g33dd762.tar.gz
2021-06-11T15:20:24.5689293Z typing installed: attrs==21.2.0,certifi==2021.5.30,cffi==1.14.5,chardet==4.0.0,click==8.0.1,click-loglevel==0.4.0.post1,coverage==5.5,Deprecated==1.2.12,idna==2.10,in-place==0.5.0,iniconfig==1.1.1,mypy==0.902,mypy-extensions==0.4.3,packaging==20.9,pluggy==0.13.1,py==1.10.0,pycparser==2.20,pydantic==1.8.2,PyGithub==1.55,PyJWT==2.1.0,PyNaCl==1.4.0,pyparsing==2.4.7,pytest==6.2.4,pytest-cov==2.12.1,pytest-mock==3.6.1,python-dateutil==2.8.1,python-dotenv==0.17.1,PyYAML==5.4.1,requests==2.25.1,six==1.16.0,tinuous @ file:///home/runner/work/tinuous/tinuous/.tox/.tmp/package/1/tinuous-0.2.0%2B56.g33dd762.tar.gz,toml==0.10.2,types-python-dateutil==0.1.2,types-PyYAML==0.1.6,types-requests==0.1.9,typing-extensions==3.10.0.0,urllib3==1.26.5,wrapt==1.12.1
2021-06-11T15:20:24.5723905Z typing run-test-pre: PYTHONHASHSEED='582692627'
2021-06-11T15:20:24.5724809Z typing run-test: commands[0] | mypy src test
2021-06-11T15:20:32.2952912Z Success: no issues found in 12 source files
2021-06-11T15:20:32.8609935Z ___________________________________ summary ____________________________________
2021-06-11T15:20:32.8610550Z   typing: commands succeeded
2021-06-11T15:20:32.8611081Z   congratulations :)
2021-06-11T15:20:32.8921418Z Post job cleanup.
2021-06-11T15:20:32.9848029Z [command]/usr/bin/git version
2021-06-11T15:20:32.9891516Z git version 2.31.1
2021-06-11T15:20:32.9931079Z [command]/usr/bin/git config --local --name-only --get-regexp core\.sshCommand
2021-06-11T15:20:32.9964674Z [command]/usr/bin/git submodule foreach --recursive git config --local --name-only --get-regexp 'core\.sshCommand' && git config --local --unset-all 'core.sshCommand' || :
2021-06-11T15:20:33.0184786Z [command]/usr/bin/git config --local --name-only --get-regexp http\.https\:\/\/github\.com\/\.extraheader
2021-06-11T15:20:33.0201340Z http.https://github.com/.extraheader
2021-06-11T15:20:33.0214724Z [command]/usr/bin/git config --local --unset-all http.https://github.com/.extraheader
2021-06-11T15:20:33.0238527Z [command]/usr/bin/git submodule foreach --recursive git config --local --name-only --get-regexp 'http\.https\:\/\/github\.com\/\.extraheader' && git config --local --unset-all 'http.https://github.com/.extraheader' || :
2021-06-11T15:20:33.0505227Z Cleaning up orphan processes
