2021-06-22T12:14:17.3119615Z ##[section]Starting: Request a runner to run this job
2021-06-22T12:14:18.3426628Z Can't find any online and idle self-hosted runner in current repository that matches the required labels: 'ubuntu-latest'
2021-06-22T12:14:18.3820325Z Can't find any online and idle self-hosted runner in current repository's organization account that matches the required labels: 'ubuntu-latest'
2021-06-22T12:14:18.4849793Z Found online and idle hosted runner in current repository's organization account that matches the required labels: 'ubuntu-latest'
2021-06-22T12:14:18.6190828Z ##[section]Finishing: Request a runner to run this job
2021-06-22T12:14:26.9845285Z Current runner version: '2.278.0'
2021-06-22T12:14:26.9870754Z ##[group]Operating System
2021-06-22T12:14:26.9871557Z Ubuntu
2021-06-22T12:14:26.9872013Z 20.04.2
2021-06-22T12:14:26.9872363Z LTS
2021-06-22T12:14:26.9872776Z ##[endgroup]
2021-06-22T12:14:26.9873224Z ##[group]Virtual Environment
2021-06-22T12:14:26.9873803Z Environment: ubuntu-20.04
2021-06-22T12:14:26.9874247Z Version: 20210621.1
2021-06-22T12:14:26.9875118Z Included Software: https://github.com/actions/virtual-environments/blob/ubuntu20/20210621.1/images/linux/Ubuntu2004-README.md
2021-06-22T12:14:26.9876251Z Image Release: https://github.com/actions/virtual-environments/releases/tag/ubuntu20%2F20210621.1
2021-06-22T12:14:26.9876948Z ##[endgroup]
2021-06-22T12:14:26.9878854Z ##[group]GITHUB_TOKEN Permissions
2021-06-22T12:14:26.9880041Z Actions: write
2021-06-22T12:14:26.9880457Z Checks: write
2021-06-22T12:14:26.9880921Z Contents: write
2021-06-22T12:14:26.9881359Z Deployments: write
2021-06-22T12:14:26.9881918Z Discussions: write
2021-06-22T12:14:26.9882453Z Issues: write
2021-06-22T12:14:26.9882913Z Metadata: read
2021-06-22T12:14:26.9883339Z Packages: write
2021-06-22T12:14:26.9883819Z PullRequests: write
2021-06-22T12:14:26.9884326Z RepositoryProjects: write
2021-06-22T12:14:26.9884909Z SecurityEvents: write
2021-06-22T12:14:26.9885356Z Statuses: write
2021-06-22T12:14:26.9885926Z ##[endgroup]
2021-06-22T12:14:26.9888621Z Prepare workflow directory
2021-06-22T12:14:27.0467489Z Prepare all required actions
2021-06-22T12:14:27.0477202Z Getting action download info
2021-06-22T12:14:27.4974318Z Download action repository 'actions/checkout@v2'
2021-06-22T12:14:29.4504841Z Download action repository 'actions/setup-python@v2'
2021-06-22T12:14:29.9020146Z Download action repository 'codecov/codecov-action@v1'
2021-06-22T12:14:30.5205326Z ##[group]Run actions/checkout@v2
2021-06-22T12:14:30.5206031Z with:
2021-06-22T12:14:30.5206439Z   fetch-depth: 0
2021-06-22T12:14:30.5206832Z   repository: con/tinuous
2021-06-22T12:14:30.5207625Z   token: ***
2021-06-22T12:14:30.5207993Z   ssh-strict: true
2021-06-22T12:14:30.5208509Z   persist-credentials: true
2021-06-22T12:14:30.5208915Z   clean: true
2021-06-22T12:14:30.5209265Z   lfs: false
2021-06-22T12:14:30.5209700Z   submodules: false
2021-06-22T12:14:30.5210119Z ##[endgroup]
2021-06-22T12:14:31.4609567Z Syncing repository: con/tinuous
2021-06-22T12:14:31.4610354Z ##[group]Getting Git version info
2021-06-22T12:14:31.4787225Z Working directory is '/home/runner/work/tinuous/tinuous'
2021-06-22T12:14:31.4787842Z [command]/usr/bin/git version
2021-06-22T12:14:31.4788231Z git version 2.32.0
2021-06-22T12:14:31.4789054Z ##[endgroup]
2021-06-22T12:14:31.4789893Z Deleting the contents of '/home/runner/work/tinuous/tinuous'
2021-06-22T12:14:31.4791130Z ##[group]Initializing the repository
2021-06-22T12:14:31.4791859Z [command]/usr/bin/git init /home/runner/work/tinuous/tinuous
2021-06-22T12:14:31.4792895Z hint: Using 'master' as the name for the initial branch. This default branch name
2021-06-22T12:14:31.4793801Z hint: is subject to change. To configure the initial branch name to use in all
2021-06-22T12:14:31.4794547Z hint: of your new repositories, which will suppress this warning, call:
2021-06-22T12:14:31.4795052Z hint: 
2021-06-22T12:14:31.4795693Z hint: 	git config --global init.defaultBranch <name>
2021-06-22T12:14:31.4796319Z hint: 
2021-06-22T12:14:31.4797481Z hint: Names commonly chosen instead of 'master' are 'main', 'trunk' and
2021-06-22T12:14:31.4798540Z hint: 'development'. The just-created branch can be renamed via this command:
2021-06-22T12:14:31.4799058Z hint: 
2021-06-22T12:14:31.4799515Z hint: 	git branch -m <name>
2021-06-22T12:14:31.4800075Z Initialized empty Git repository in /home/runner/work/tinuous/tinuous/.git/
2021-06-22T12:14:31.4800846Z [command]/usr/bin/git remote add origin https://github.com/con/tinuous
2021-06-22T12:14:31.4801589Z ##[endgroup]
2021-06-22T12:14:31.4802045Z ##[group]Disabling automatic garbage collection
2021-06-22T12:14:31.4802723Z [command]/usr/bin/git config --local gc.auto 0
2021-06-22T12:14:31.4803422Z ##[endgroup]
2021-06-22T12:14:31.4804755Z ##[group]Setting up auth
2021-06-22T12:14:31.4805558Z [command]/usr/bin/git config --local --name-only --get-regexp core\.sshCommand
2021-06-22T12:14:31.4806799Z [command]/usr/bin/git submodule foreach --recursive git config --local --name-only --get-regexp 'core\.sshCommand' && git config --local --unset-all 'core.sshCommand' || :
2021-06-22T12:14:31.4808051Z [command]/usr/bin/git config --local --name-only --get-regexp http\.https\:\/\/github\.com\/\.extraheader
2021-06-22T12:14:31.4810188Z [command]/usr/bin/git submodule foreach --recursive git config --local --name-only --get-regexp 'http\.https\:\/\/github\.com\/\.extraheader' && git config --local --unset-all 'http.https://github.com/.extraheader' || :
2021-06-22T12:14:31.4811900Z [command]/usr/bin/git config --local http.https://github.com/.extraheader AUTHORIZATION: basic ***
2021-06-22T12:14:31.4812666Z ##[endgroup]
2021-06-22T12:14:31.4813268Z ##[group]Fetching the repository
2021-06-22T12:14:31.4814779Z [command]/usr/bin/git -c protocol.version=2 fetch --prune --progress --no-recurse-submodules origin +refs/heads/*:refs/remotes/origin/* +refs/tags/*:refs/tags/*
2021-06-22T12:14:31.4815859Z remote: Enumerating objects: 782, done.        
2021-06-22T12:14:31.4816317Z remote: Counting objects:   0% (1/436)        
2021-06-22T12:14:31.4816741Z remote: Counting objects:   1% (5/436)        
2021-06-22T12:14:31.4817172Z remote: Counting objects:   2% (9/436)        
2021-06-22T12:14:31.4817598Z remote: Counting objects:   3% (14/436)        
2021-06-22T12:14:31.4818015Z remote: Counting objects:   4% (18/436)        
2021-06-22T12:14:31.4818433Z remote: Counting objects:   5% (22/436)        
2021-06-22T12:14:31.4819012Z remote: Counting objects:   6% (27/436)        
2021-06-22T12:14:31.4819474Z remote: Counting objects:   7% (31/436)        
2021-06-22T12:14:31.4819897Z remote: Counting objects:   8% (35/436)        
2021-06-22T12:14:31.4820318Z remote: Counting objects:   9% (40/436)        
2021-06-22T12:14:31.4820745Z remote: Counting objects:  10% (44/436)        
2021-06-22T12:14:31.4821173Z remote: Counting objects:  11% (48/436)        
2021-06-22T12:14:31.4821600Z remote: Counting objects:  12% (53/436)        
2021-06-22T12:14:31.4822022Z remote: Counting objects:  13% (57/436)        
2021-06-22T12:14:31.4822451Z remote: Counting objects:  14% (62/436)        
2021-06-22T12:14:31.4822866Z remote: Counting objects:  15% (66/436)        
2021-06-22T12:14:31.4823297Z remote: Counting objects:  16% (70/436)        
2021-06-22T12:14:31.4823718Z remote: Counting objects:  17% (75/436)        
2021-06-22T12:14:31.4824154Z remote: Counting objects:  18% (79/436)        
2021-06-22T12:14:31.4824584Z remote: Counting objects:  19% (83/436)        
2021-06-22T12:14:31.4825020Z remote: Counting objects:  20% (88/436)        
2021-06-22T12:14:31.4825444Z remote: Counting objects:  21% (92/436)        
2021-06-22T12:14:31.4825879Z remote: Counting objects:  22% (96/436)        
2021-06-22T12:14:31.4826322Z remote: Counting objects:  23% (101/436)        
2021-06-22T12:14:31.4826740Z remote: Counting objects:  24% (105/436)        
2021-06-22T12:14:31.4827160Z remote: Counting objects:  25% (109/436)        
2021-06-22T12:14:31.4827579Z remote: Counting objects:  26% (114/436)        
2021-06-22T12:14:31.4828001Z remote: Counting objects:  27% (118/436)        
2021-06-22T12:14:31.4828885Z remote: Counting objects:  28% (123/436)        
2021-06-22T12:14:31.4829395Z remote: Counting objects:  29% (127/436)        
2021-06-22T12:14:31.4829892Z remote: Counting objects:  30% (131/436)        
2021-06-22T12:14:31.4830383Z remote: Counting objects:  31% (136/436)        
2021-06-22T12:14:31.4830880Z remote: Counting objects:  32% (140/436)        
2021-06-22T12:14:31.4831385Z remote: Counting objects:  33% (144/436)        
2021-06-22T12:14:31.4831888Z remote: Counting objects:  34% (149/436)        
2021-06-22T12:14:31.4832659Z remote: Counting objects:  35% (153/436)        
2021-06-22T12:14:31.4833182Z remote: Counting objects:  36% (157/436)        
2021-06-22T12:14:31.4833602Z remote: Counting objects:  37% (162/436)        
2021-06-22T12:14:31.4834213Z remote: Counting objects:  38% (166/436)        
2021-06-22T12:14:31.4834644Z remote: Counting objects:  39% (171/436)        
2021-06-22T12:14:31.4835077Z remote: Counting objects:  40% (175/436)        
2021-06-22T12:14:31.4835692Z remote: Counting objects:  41% (179/436)        
2021-06-22T12:14:31.4836517Z remote: Counting objects:  42% (184/436)        
2021-06-22T12:14:31.4837011Z remote: Counting objects:  43% (188/436)        
2021-06-22T12:14:31.4838023Z remote: Counting objects:  44% (192/436)        
2021-06-22T12:14:31.4839084Z remote: Counting objects:  45% (197/436)        
2021-06-22T12:14:31.4839814Z remote: Counting objects:  46% (201/436)        
2021-06-22T12:14:31.4840317Z remote: Counting objects:  47% (205/436)        
2021-06-22T12:14:31.4840818Z remote: Counting objects:  48% (210/436)        
2021-06-22T12:14:31.4841322Z remote: Counting objects:  49% (214/436)        
2021-06-22T12:14:31.4841964Z remote: Counting objects:  50% (218/436)        
2021-06-22T12:14:31.4842606Z remote: Counting objects:  51% (223/436)        
2021-06-22T12:14:31.4843217Z remote: Counting objects:  52% (227/436)        
2021-06-22T12:14:31.4843827Z remote: Counting objects:  53% (232/436)        
2021-06-22T12:14:31.4844281Z remote: Counting objects:  54% (236/436)        
2021-06-22T12:14:31.4845165Z remote: Counting objects:  55% (240/436)        
2021-06-22T12:14:31.4845890Z remote: Counting objects:  56% (245/436)        
2021-06-22T12:14:31.4846398Z remote: Counting objects:  57% (249/436)        
2021-06-22T12:14:31.4846920Z remote: Counting objects:  58% (253/436)        
2021-06-22T12:14:31.4847592Z remote: Counting objects:  59% (258/436)        
2021-06-22T12:14:31.4848133Z remote: Counting objects:  60% (262/436)        
2021-06-22T12:14:31.4848959Z remote: Counting objects:  61% (266/436)        
2021-06-22T12:14:31.4849564Z remote: Counting objects:  62% (271/436)        
2021-06-22T12:14:31.4850005Z remote: Counting objects:  63% (275/436)        
2021-06-22T12:14:31.4850436Z remote: Counting objects:  64% (280/436)        
2021-06-22T12:14:31.4850870Z remote: Counting objects:  65% (284/436)        
2021-06-22T12:14:31.4851302Z remote: Counting objects:  66% (288/436)        
2021-06-22T12:14:31.4851731Z remote: Counting objects:  67% (293/436)        
2021-06-22T12:14:31.4852161Z remote: Counting objects:  68% (297/436)        
2021-06-22T12:14:31.4852589Z remote: Counting objects:  69% (301/436)        
2021-06-22T12:14:31.4853023Z remote: Counting objects:  70% (306/436)        
2021-06-22T12:14:31.4853457Z remote: Counting objects:  71% (310/436)        
2021-06-22T12:14:31.4853911Z remote: Counting objects:  72% (314/436)        
2021-06-22T12:14:31.4854340Z remote: Counting objects:  73% (319/436)        
2021-06-22T12:14:31.4854777Z remote: Counting objects:  74% (323/436)        
2021-06-22T12:14:31.4855212Z remote: Counting objects:  75% (327/436)        
2021-06-22T12:14:31.4855652Z remote: Counting objects:  76% (332/436)        
2021-06-22T12:14:31.4856089Z remote: Counting objects:  77% (336/436)        
2021-06-22T12:14:31.4856526Z remote: Counting objects:  78% (341/436)        
2021-06-22T12:14:31.4856974Z remote: Counting objects:  79% (345/436)        
2021-06-22T12:14:31.4857406Z remote: Counting objects:  80% (349/436)        
2021-06-22T12:14:31.4857837Z remote: Counting objects:  81% (354/436)        
2021-06-22T12:14:31.4858268Z remote: Counting objects:  82% (358/436)        
2021-06-22T12:14:31.4858705Z remote: Counting objects:  83% (362/436)        
2021-06-22T12:14:31.4859140Z remote: Counting objects:  84% (367/436)        
2021-06-22T12:14:31.4859575Z remote: Counting objects:  85% (371/436)        
2021-06-22T12:14:31.4860010Z remote: Counting objects:  86% (375/436)        
2021-06-22T12:14:31.4860486Z remote: Counting objects:  87% (380/436)        
2021-06-22T12:14:31.4860937Z remote: Counting objects:  88% (384/436)        
2021-06-22T12:14:31.4861466Z remote: Counting objects:  89% (389/436)        
2021-06-22T12:14:31.4861904Z remote: Counting objects:  90% (393/436)        
2021-06-22T12:14:31.4862331Z remote: Counting objects:  91% (397/436)        
2021-06-22T12:14:31.4862770Z remote: Counting objects:  92% (402/436)        
2021-06-22T12:14:31.4863206Z remote: Counting objects:  93% (406/436)        
2021-06-22T12:14:31.4863635Z remote: Counting objects:  94% (410/436)        
2021-06-22T12:14:31.4864069Z remote: Counting objects:  95% (415/436)        
2021-06-22T12:14:31.4864498Z remote: Counting objects:  96% (419/436)        
2021-06-22T12:14:31.4864934Z remote: Counting objects:  97% (423/436)        
2021-06-22T12:14:31.4865371Z remote: Counting objects:  98% (428/436)        
2021-06-22T12:14:31.4865992Z remote: Counting objects:  99% (432/436)        
2021-06-22T12:14:31.4867846Z remote: Counting objects: 100% (436/436)        
2021-06-22T12:14:31.4868453Z remote: Counting objects: 100% (436/436), done.        
2021-06-22T12:14:31.4869090Z remote: Compressing objects:   0% (1/223)        
2021-06-22T12:14:31.4869714Z remote: Compressing objects:   1% (3/223)        
2021-06-22T12:14:31.4870612Z remote: Compressing objects:   2% (5/223)        
2021-06-22T12:14:31.4871476Z remote: Compressing objects:   3% (7/223)        
2021-06-22T12:14:31.4872219Z remote: Compressing objects:   4% (9/223)        
2021-06-22T12:14:31.4873015Z remote: Compressing objects:   5% (12/223)        
2021-06-22T12:14:31.4873519Z remote: Compressing objects:   6% (14/223)        
2021-06-22T12:14:31.4874012Z remote: Compressing objects:   7% (16/223)        
2021-06-22T12:14:31.4874690Z remote: Compressing objects:   8% (18/223)        
2021-06-22T12:14:31.4875328Z remote: Compressing objects:   9% (21/223)        
2021-06-22T12:14:31.4876023Z remote: Compressing objects:  10% (23/223)        
2021-06-22T12:14:31.4876688Z remote: Compressing objects:  11% (25/223)        
2021-06-22T12:14:31.4877699Z remote: Compressing objects:  12% (27/223)        
2021-06-22T12:14:31.4878460Z remote: Compressing objects:  13% (29/223)        
2021-06-22T12:14:31.4878958Z remote: Compressing objects:  14% (32/223)        
2021-06-22T12:14:31.4879463Z remote: Compressing objects:  15% (34/223)        
2021-06-22T12:14:31.4880121Z remote: Compressing objects:  16% (36/223)        
2021-06-22T12:14:31.4880766Z remote: Compressing objects:  17% (38/223)        
2021-06-22T12:14:31.4881239Z remote: Compressing objects:  18% (41/223)        
2021-06-22T12:14:31.4881715Z remote: Compressing objects:  19% (43/223)        
2021-06-22T12:14:31.4882189Z remote: Compressing objects:  20% (45/223)        
2021-06-22T12:14:31.4882661Z remote: Compressing objects:  21% (47/223)        
2021-06-22T12:14:31.4883144Z remote: Compressing objects:  22% (50/223)        
2021-06-22T12:14:31.4883620Z remote: Compressing objects:  23% (52/223)        
2021-06-22T12:14:31.4884110Z remote: Compressing objects:  24% (54/223)        
2021-06-22T12:14:31.4884583Z remote: Compressing objects:  25% (56/223)        
2021-06-22T12:14:31.4885065Z remote: Compressing objects:  26% (58/223)        
2021-06-22T12:14:31.4885538Z remote: Compressing objects:  27% (61/223)        
2021-06-22T12:14:31.4886016Z remote: Compressing objects:  28% (63/223)        
2021-06-22T12:14:31.4886491Z remote: Compressing objects:  29% (65/223)        
2021-06-22T12:14:31.4887141Z remote: Compressing objects:  30% (67/223)        
2021-06-22T12:14:31.4887635Z remote: Compressing objects:  31% (70/223)        
2021-06-22T12:14:31.4888122Z remote: Compressing objects:  32% (72/223)        
2021-06-22T12:14:31.4888618Z remote: Compressing objects:  33% (74/223)        
2021-06-22T12:14:31.4889104Z remote: Compressing objects:  34% (76/223)        
2021-06-22T12:14:31.4889618Z remote: Compressing objects:  35% (79/223)        
2021-06-22T12:14:31.4890269Z remote: Compressing objects:  36% (81/223)        
2021-06-22T12:14:31.4890764Z remote: Compressing objects:  37% (83/223)        
2021-06-22T12:14:31.4891376Z remote: Compressing objects:  38% (85/223)        
2021-06-22T12:14:31.4892024Z remote: Compressing objects:  39% (87/223)        
2021-06-22T12:14:31.4892523Z remote: Compressing objects:  40% (90/223)        
2021-06-22T12:14:31.4893008Z remote: Compressing objects:  41% (92/223)        
2021-06-22T12:14:31.4893496Z remote: Compressing objects:  42% (94/223)        
2021-06-22T12:14:31.4893980Z remote: Compressing objects:  43% (96/223)        
2021-06-22T12:14:31.4894474Z remote: Compressing objects:  44% (99/223)        
2021-06-22T12:14:31.4895120Z remote: Compressing objects:  45% (101/223)        
2021-06-22T12:14:31.4895625Z remote: Compressing objects:  46% (103/223)        
2021-06-22T12:14:31.4896493Z remote: Compressing objects:  47% (105/223)        
2021-06-22T12:14:31.4897204Z remote: Compressing objects:  48% (108/223)        
2021-06-22T12:14:31.4898240Z remote: Compressing objects:  49% (110/223)        
2021-06-22T12:14:31.4899272Z remote: Compressing objects:  50% (112/223)        
2021-06-22T12:14:31.4899909Z remote: Compressing objects:  51% (114/223)        
2021-06-22T12:14:31.4900664Z remote: Compressing objects:  52% (116/223)        
2021-06-22T12:14:31.4901569Z remote: Compressing objects:  53% (119/223)        
2021-06-22T12:14:31.4902556Z remote: Compressing objects:  54% (121/223)        
2021-06-22T12:14:31.4903055Z remote: Compressing objects:  55% (123/223)        
2021-06-22T12:14:31.4903555Z remote: Compressing objects:  56% (125/223)        
2021-06-22T12:14:31.4904036Z remote: Compressing objects:  57% (128/223)        
2021-06-22T12:14:31.4904531Z remote: Compressing objects:  58% (130/223)        
2021-06-22T12:14:31.4905012Z remote: Compressing objects:  59% (132/223)        
2021-06-22T12:14:31.4905605Z remote: Compressing objects:  60% (134/223)        
2021-06-22T12:14:31.4906106Z remote: Compressing objects:  61% (137/223)        
2021-06-22T12:14:31.4906793Z remote: Compressing objects:  62% (139/223)        
2021-06-22T12:14:31.4907292Z remote: Compressing objects:  63% (141/223)        
2021-06-22T12:14:31.4907806Z remote: Compressing objects:  64% (143/223)        
2021-06-22T12:14:31.4908307Z remote: Compressing objects:  65% (145/223)        
2021-06-22T12:14:31.4908797Z remote: Compressing objects:  66% (148/223)        
2021-06-22T12:14:31.4909290Z remote: Compressing objects:  67% (150/223)        
2021-06-22T12:14:31.4910119Z remote: Compressing objects:  68% (152/223)        
2021-06-22T12:14:31.4910612Z remote: Compressing objects:  69% (154/223)        
2021-06-22T12:14:31.4911100Z remote: Compressing objects:  70% (157/223)        
2021-06-22T12:14:31.4911590Z remote: Compressing objects:  71% (159/223)        
2021-06-22T12:14:31.4912074Z remote: Compressing objects:  72% (161/223)        
2021-06-22T12:14:31.4912567Z remote: Compressing objects:  73% (163/223)        
2021-06-22T12:14:31.4913066Z remote: Compressing objects:  74% (166/223)        
2021-06-22T12:14:31.4913550Z remote: Compressing objects:  75% (168/223)        
2021-06-22T12:14:31.4914048Z remote: Compressing objects:  76% (170/223)        
2021-06-22T12:14:31.4914533Z remote: Compressing objects:  77% (172/223)        
2021-06-22T12:14:31.4915183Z remote: Compressing objects:  78% (174/223)        
2021-06-22T12:14:31.4915658Z remote: Compressing objects:  79% (177/223)        
2021-06-22T12:14:31.4916136Z remote: Compressing objects:  80% (179/223)        
2021-06-22T12:14:31.4916613Z remote: Compressing objects:  81% (181/223)        
2021-06-22T12:14:31.4917205Z remote: Compressing objects:  82% (183/223)        
2021-06-22T12:14:31.4917693Z remote: Compressing objects:  83% (186/223)        
2021-06-22T12:14:31.4918261Z remote: Compressing objects:  84% (188/223)        
2021-06-22T12:14:31.4918760Z remote: Compressing objects:  85% (190/223)        
2021-06-22T12:14:31.4919231Z remote: Compressing objects:  86% (192/223)        
2021-06-22T12:14:31.4919703Z remote: Compressing objects:  87% (195/223)        
2021-06-22T12:14:31.4920191Z remote: Compressing objects:  88% (197/223)        
2021-06-22T12:14:31.4920769Z remote: Compressing objects:  89% (199/223)        
2021-06-22T12:14:31.4921261Z remote: Compressing objects:  90% (201/223)        
2021-06-22T12:14:31.4921757Z remote: Compressing objects:  91% (203/223)        
2021-06-22T12:14:31.4922238Z remote: Compressing objects:  92% (206/223)        
2021-06-22T12:14:31.4922731Z remote: Compressing objects:  93% (208/223)        
2021-06-22T12:14:31.4923213Z remote: Compressing objects:  94% (210/223)        
2021-06-22T12:14:31.4923711Z remote: Compressing objects:  95% (212/223)        
2021-06-22T12:14:31.4924194Z remote: Compressing objects:  96% (215/223)        
2021-06-22T12:14:31.4924679Z remote: Compressing objects:  97% (217/223)        
2021-06-22T12:14:31.4925156Z remote: Compressing objects:  98% (219/223)        
2021-06-22T12:14:31.4925642Z remote: Compressing objects:  99% (221/223)        
2021-06-22T12:14:31.4926127Z remote: Compressing objects: 100% (223/223)        
2021-06-22T12:14:31.4926618Z remote: Compressing objects: 100% (223/223), done.        
2021-06-22T12:14:31.4927082Z Receiving objects:   0% (1/782)
2021-06-22T12:14:31.4927472Z Receiving objects:   1% (8/782)
2021-06-22T12:14:31.4927870Z Receiving objects:   2% (16/782)
2021-06-22T12:14:31.4928262Z Receiving objects:   3% (24/782)
2021-06-22T12:14:31.4928842Z Receiving objects:   4% (32/782)
2021-06-22T12:14:31.4929237Z Receiving objects:   5% (40/782)
2021-06-22T12:14:31.4929642Z Receiving objects:   6% (47/782)
2021-06-22T12:14:31.4930042Z Receiving objects:   7% (55/782)
2021-06-22T12:14:31.4930451Z Receiving objects:   8% (63/782)
2021-06-22T12:14:31.4930857Z Receiving objects:   9% (71/782)
2021-06-22T12:14:31.4931260Z Receiving objects:  10% (79/782)
2021-06-22T12:14:31.4931897Z Receiving objects:  11% (87/782)
2021-06-22T12:14:31.4932300Z Receiving objects:  12% (94/782)
2021-06-22T12:14:31.4932691Z Receiving objects:  13% (102/782)
2021-06-22T12:14:31.4933084Z Receiving objects:  14% (110/782)
2021-06-22T12:14:31.4933480Z Receiving objects:  15% (118/782)
2021-06-22T12:14:31.4933879Z Receiving objects:  16% (126/782)
2021-06-22T12:14:31.4934278Z Receiving objects:  17% (133/782)
2021-06-22T12:14:31.4934671Z Receiving objects:  18% (141/782)
2021-06-22T12:14:31.4935076Z Receiving objects:  19% (149/782)
2021-06-22T12:14:31.4935481Z Receiving objects:  20% (157/782)
2021-06-22T12:14:31.4935874Z Receiving objects:  21% (165/782)
2021-06-22T12:14:31.4936284Z Receiving objects:  22% (173/782)
2021-06-22T12:14:31.4936678Z Receiving objects:  23% (180/782)
2021-06-22T12:14:31.4937085Z Receiving objects:  24% (188/782)
2021-06-22T12:14:31.4937475Z Receiving objects:  25% (196/782)
2021-06-22T12:14:31.4937876Z Receiving objects:  26% (204/782)
2021-06-22T12:14:31.4938265Z Receiving objects:  27% (212/782)
2021-06-22T12:14:31.4938673Z Receiving objects:  28% (219/782)
2021-06-22T12:14:31.4939065Z Receiving objects:  29% (227/782)
2021-06-22T12:14:31.4939472Z Receiving objects:  30% (235/782)
2021-06-22T12:14:31.4939878Z Receiving objects:  31% (243/782)
2021-06-22T12:14:31.4940275Z Receiving objects:  32% (251/782)
2021-06-22T12:14:31.4940681Z Receiving objects:  33% (259/782)
2021-06-22T12:14:31.4941071Z Receiving objects:  34% (266/782)
2021-06-22T12:14:31.4941479Z Receiving objects:  35% (274/782)
2021-06-22T12:14:31.4941875Z Receiving objects:  36% (282/782)
2021-06-22T12:14:31.4942283Z Receiving objects:  37% (290/782)
2021-06-22T12:14:31.4942848Z Receiving objects:  38% (298/782)
2021-06-22T12:14:31.4943269Z Receiving objects:  39% (305/782)
2021-06-22T12:14:31.4943674Z Receiving objects:  40% (313/782)
2021-06-22T12:14:31.4944093Z Receiving objects:  41% (321/782)
2021-06-22T12:14:31.4944514Z Receiving objects:  42% (329/782)
2021-06-22T12:14:31.4944923Z Receiving objects:  43% (337/782)
2021-06-22T12:14:31.4945349Z Receiving objects:  44% (345/782)
2021-06-22T12:14:31.4945757Z Receiving objects:  45% (352/782)
2021-06-22T12:14:31.4946334Z Receiving objects:  46% (360/782)
2021-06-22T12:14:31.4946728Z Receiving objects:  47% (368/782)
2021-06-22T12:14:31.4947223Z Receiving objects:  48% (376/782)
2021-06-22T12:14:31.4947614Z Receiving objects:  49% (384/782)
2021-06-22T12:14:31.4948017Z Receiving objects:  50% (391/782)
2021-06-22T12:14:31.4948409Z Receiving objects:  51% (399/782)
2021-06-22T12:14:31.4948813Z Receiving objects:  52% (407/782)
2021-06-22T12:14:31.4949203Z Receiving objects:  53% (415/782)
2021-06-22T12:14:31.4949789Z Receiving objects:  54% (423/782)
2021-06-22T12:14:31.4950668Z Receiving objects:  55% (431/782)
2021-06-22T12:14:31.4951277Z Receiving objects:  56% (438/782)
2021-06-22T12:14:31.4951986Z Receiving objects:  57% (446/782)
2021-06-22T12:14:31.4952444Z Receiving objects:  58% (454/782)
2021-06-22T12:14:31.4952914Z Receiving objects:  59% (462/782)
2021-06-22T12:14:31.4953526Z Receiving objects:  60% (470/782)
2021-06-22T12:14:31.4953987Z Receiving objects:  61% (478/782)
2021-06-22T12:14:31.4954572Z Receiving objects:  62% (485/782)
2021-06-22T12:14:31.4955148Z Receiving objects:  63% (493/782)
2021-06-22T12:14:31.4955543Z Receiving objects:  64% (501/782)
2021-06-22T12:14:31.4955961Z Receiving objects:  65% (509/782)
2021-06-22T12:14:31.4956373Z Receiving objects:  66% (517/782)
2021-06-22T12:14:31.4956768Z Receiving objects:  67% (524/782)
2021-06-22T12:14:31.4957277Z Receiving objects:  68% (532/782)
2021-06-22T12:14:31.4957677Z Receiving objects:  69% (540/782)
2021-06-22T12:14:31.4958084Z Receiving objects:  70% (548/782)
2021-06-22T12:14:31.4958477Z Receiving objects:  71% (556/782)
2021-06-22T12:14:31.4958915Z Receiving objects:  72% (564/782)
2021-06-22T12:14:31.4959308Z Receiving objects:  73% (571/782)
2021-06-22T12:14:31.4959716Z Receiving objects:  74% (579/782)
2021-06-22T12:14:31.4960110Z Receiving objects:  75% (587/782)
2021-06-22T12:14:31.4960605Z Receiving objects:  76% (595/782)
2021-06-22T12:14:31.4961015Z Receiving objects:  77% (603/782)
2021-06-22T12:14:31.4961421Z Receiving objects:  78% (610/782)
2021-06-22T12:14:31.4961830Z Receiving objects:  79% (618/782)
2021-06-22T12:14:31.4962223Z Receiving objects:  80% (626/782)
2021-06-22T12:14:31.4962639Z Receiving objects:  81% (634/782)
2021-06-22T12:14:31.4963030Z Receiving objects:  82% (642/782)
2021-06-22T12:14:31.4963439Z Receiving objects:  83% (650/782)
2021-06-22T12:14:31.4963833Z Receiving objects:  84% (657/782)
2021-06-22T12:14:31.4964241Z Receiving objects:  85% (665/782)
2021-06-22T12:14:31.4964636Z Receiving objects:  86% (673/782)
2021-06-22T12:14:31.4965043Z Receiving objects:  87% (681/782)
2021-06-22T12:14:31.4965433Z Receiving objects:  88% (689/782)
2021-06-22T12:14:31.4965836Z Receiving objects:  89% (696/782)
2021-06-22T12:14:31.4966420Z Receiving objects:  90% (704/782)
2021-06-22T12:14:31.4966825Z Receiving objects:  91% (712/782)
2021-06-22T12:14:31.4968146Z Receiving objects:  92% (720/782)
2021-06-22T12:14:31.4969214Z Receiving objects:  93% (728/782)
2021-06-22T12:14:31.4969741Z Receiving objects:  94% (736/782)
2021-06-22T12:14:31.4970755Z remote: Total 782 (delta 239), reused 269 (delta 180), pack-reused 346        
2021-06-22T12:14:31.4971493Z Receiving objects:  95% (743/782)
2021-06-22T12:14:31.4972044Z Receiving objects:  96% (751/782)
2021-06-22T12:14:31.4972450Z Receiving objects:  97% (759/782)
2021-06-22T12:14:31.4972845Z Receiving objects:  98% (767/782)
2021-06-22T12:14:31.4973252Z Receiving objects:  99% (775/782)
2021-06-22T12:14:31.4973659Z Receiving objects: 100% (782/782)
2021-06-22T12:14:31.4974106Z Receiving objects: 100% (782/782), 214.06 KiB | 2.12 MiB/s, done.
2021-06-22T12:14:31.4974557Z Resolving deltas:   0% (0/419)
2021-06-22T12:14:31.4974937Z Resolving deltas:   1% (5/419)
2021-06-22T12:14:31.4975327Z Resolving deltas:   2% (9/419)
2021-06-22T12:14:31.4975705Z Resolving deltas:   3% (13/419)
2021-06-22T12:14:31.4976102Z Resolving deltas:   4% (17/419)
2021-06-22T12:14:31.4976491Z Resolving deltas:   5% (21/419)
2021-06-22T12:14:31.4976886Z Resolving deltas:   6% (26/419)
2021-06-22T12:14:31.4977272Z Resolving deltas:   7% (30/419)
2021-06-22T12:14:31.4977667Z Resolving deltas:   8% (34/419)
2021-06-22T12:14:31.4978407Z Resolving deltas:   9% (38/419)
2021-06-22T12:14:31.4978801Z Resolving deltas:  10% (42/419)
2021-06-22T12:14:31.4979204Z Resolving deltas:  11% (47/419)
2021-06-22T12:14:31.4979594Z Resolving deltas:  12% (51/419)
2021-06-22T12:14:31.4979997Z Resolving deltas:  13% (55/419)
2021-06-22T12:14:31.4980385Z Resolving deltas:  14% (59/419)
2021-06-22T12:14:31.4980787Z Resolving deltas:  15% (63/419)
2021-06-22T12:14:31.4981176Z Resolving deltas:  16% (68/419)
2021-06-22T12:14:31.4981728Z Resolving deltas:  17% (72/419)
2021-06-22T12:14:31.4982109Z Resolving deltas:  18% (76/419)
2021-06-22T12:14:31.4982500Z Resolving deltas:  19% (80/419)
2021-06-22T12:14:31.4982879Z Resolving deltas:  20% (84/419)
2021-06-22T12:14:31.4983279Z Resolving deltas:  21% (88/419)
2021-06-22T12:14:31.4983681Z Resolving deltas:  22% (93/419)
2021-06-22T12:14:31.4984060Z Resolving deltas:  23% (97/419)
2021-06-22T12:14:31.4984456Z Resolving deltas:  24% (101/419)
2021-06-22T12:14:31.4984840Z Resolving deltas:  25% (105/419)
2021-06-22T12:14:31.4985245Z Resolving deltas:  26% (109/419)
2021-06-22T12:14:31.4985625Z Resolving deltas:  27% (114/419)
2021-06-22T12:14:31.4986021Z Resolving deltas:  28% (118/419)
2021-06-22T12:14:31.4986403Z Resolving deltas:  29% (122/419)
2021-06-22T12:14:31.4986796Z Resolving deltas:  30% (126/419)
2021-06-22T12:14:31.4988225Z Resolving deltas:  31% (130/419)
2021-06-22T12:14:31.4988663Z Resolving deltas:  32% (135/419)
2021-06-22T12:14:31.4989060Z Resolving deltas:  33% (139/419)
2021-06-22T12:14:31.4989442Z Resolving deltas:  34% (143/419)
2021-06-22T12:14:31.4989827Z Resolving deltas:  35% (147/419)
2021-06-22T12:14:31.4990206Z Resolving deltas:  36% (151/419)
2021-06-22T12:14:31.4990593Z Resolving deltas:  37% (156/419)
2021-06-22T12:14:31.4991089Z Resolving deltas:  38% (160/419)
2021-06-22T12:14:31.4991508Z Resolving deltas:  39% (164/419)
2021-06-22T12:14:31.4991889Z Resolving deltas:  40% (168/419)
2021-06-22T12:14:31.4992283Z Resolving deltas:  41% (172/419)
2021-06-22T12:14:31.4992661Z Resolving deltas:  42% (176/419)
2021-06-22T12:14:31.4993063Z Resolving deltas:  43% (181/419)
2021-06-22T12:14:31.4993444Z Resolving deltas:  44% (185/419)
2021-06-22T12:14:31.4993839Z Resolving deltas:  45% (189/419)
2021-06-22T12:14:31.4994592Z Resolving deltas:  46% (193/419)
2021-06-22T12:14:31.4994996Z Resolving deltas:  47% (197/419)
2021-06-22T12:14:31.4995595Z Resolving deltas:  48% (202/419)
2021-06-22T12:14:31.4996192Z Resolving deltas:  49% (206/419)
2021-06-22T12:14:31.4996636Z Resolving deltas:  50% (210/419)
2021-06-22T12:14:31.4997303Z Resolving deltas:  51% (214/419)
2021-06-22T12:14:31.4997939Z Resolving deltas:  52% (218/419)
2021-06-22T12:14:31.4998502Z Resolving deltas:  53% (223/419)
2021-06-22T12:14:31.4999228Z Resolving deltas:  54% (227/419)
2021-06-22T12:14:31.4999619Z Resolving deltas:  55% (231/419)
2021-06-22T12:14:31.5000014Z Resolving deltas:  56% (235/419)
2021-06-22T12:14:31.5000393Z Resolving deltas:  57% (239/419)
2021-06-22T12:14:31.5000788Z Resolving deltas:  58% (244/419)
2021-06-22T12:14:31.5001187Z Resolving deltas:  59% (248/419)
2021-06-22T12:14:31.5001563Z Resolving deltas:  60% (252/419)
2021-06-22T12:14:31.5002495Z Resolving deltas:  61% (256/419)
2021-06-22T12:14:31.5003410Z Resolving deltas:  62% (260/419)
2021-06-22T12:14:31.5003865Z Resolving deltas:  63% (264/419)
2021-06-22T12:14:31.5004308Z Resolving deltas:  64% (269/419)
2021-06-22T12:14:31.5004764Z Resolving deltas:  65% (273/419)
2021-06-22T12:14:31.5005213Z Resolving deltas:  66% (277/419)
2021-06-22T12:14:31.5005822Z Resolving deltas:  67% (281/419)
2021-06-22T12:14:31.5006568Z Resolving deltas:  68% (285/419)
2021-06-22T12:14:31.5007120Z Resolving deltas:  69% (290/419)
2021-06-22T12:14:31.5007511Z Resolving deltas:  70% (294/419)
2021-06-22T12:14:31.5007897Z Resolving deltas:  71% (298/419)
2021-06-22T12:14:31.5008290Z Resolving deltas:  72% (302/419)
2021-06-22T12:14:31.5008669Z Resolving deltas:  73% (306/419)
2021-06-22T12:14:31.5009061Z Resolving deltas:  74% (311/419)
2021-06-22T12:14:31.5009440Z Resolving deltas:  75% (315/419)
2021-06-22T12:14:31.5009947Z Resolving deltas:  76% (319/419)
2021-06-22T12:14:31.5010329Z Resolving deltas:  77% (323/419)
2021-06-22T12:14:31.5010721Z Resolving deltas:  78% (327/419)
2021-06-22T12:14:31.5011101Z Resolving deltas:  79% (332/419)
2021-06-22T12:14:31.5011496Z Resolving deltas:  80% (336/419)
2021-06-22T12:14:31.5011878Z Resolving deltas:  81% (340/419)
2021-06-22T12:14:31.5012273Z Resolving deltas:  82% (344/419)
2021-06-22T12:14:31.5012664Z Resolving deltas:  83% (348/419)
2021-06-22T12:14:31.5013047Z Resolving deltas:  84% (352/419)
2021-06-22T12:14:31.5013438Z Resolving deltas:  85% (357/419)
2021-06-22T12:14:31.5013818Z Resolving deltas:  86% (361/419)
2021-06-22T12:14:31.5014209Z Resolving deltas:  87% (365/419)
2021-06-22T12:14:31.5014597Z Resolving deltas:  88% (369/419)
2021-06-22T12:14:31.5014989Z Resolving deltas:  89% (373/419)
2021-06-22T12:14:31.5015367Z Resolving deltas:  90% (378/419)
2021-06-22T12:14:31.5015754Z Resolving deltas:  91% (382/419)
2021-06-22T12:14:31.5016141Z Resolving deltas:  92% (386/419)
2021-06-22T12:14:31.5016532Z Resolving deltas:  93% (390/419)
2021-06-22T12:14:31.5016912Z Resolving deltas:  94% (394/419)
2021-06-22T12:14:31.5017308Z Resolving deltas:  95% (399/419)
2021-06-22T12:14:31.5017704Z Resolving deltas:  96% (403/419)
2021-06-22T12:14:31.5018085Z Resolving deltas:  97% (407/419)
2021-06-22T12:14:31.5018476Z Resolving deltas:  98% (411/419)
2021-06-22T12:14:31.5036569Z Resolving deltas:  99% (415/419)
2021-06-22T12:14:31.5043563Z Resolving deltas: 100% (419/419)
2021-06-22T12:14:31.5044541Z Resolving deltas: 100% (419/419), done.
2021-06-22T12:14:31.5045220Z From https://github.com/con/tinuous
2021-06-22T12:14:31.5046430Z  * [new branch]      gh-118          -> origin/gh-118
2021-06-22T12:14:31.5047954Z  * [new branch]      gh-55           -> origin/gh-55
2021-06-22T12:14:31.5049153Z  * [new branch]      master          -> origin/master
2021-06-22T12:14:31.5050275Z  * [new branch]      no-extra-search -> origin/no-extra-search
2021-06-22T12:14:31.5051868Z  * [new branch]      test-appveyor   -> origin/test-appveyor
2021-06-22T12:14:31.5052883Z  * [new tag]         0.1.0           -> 0.1.0
2021-06-22T12:14:31.5053570Z  * [new tag]         0.2.0           -> 0.2.0
2021-06-22T12:14:31.5054698Z  * [new tag]         0.3.0           -> 0.3.0
2021-06-22T12:14:31.5056640Z [command]/usr/bin/git branch --list --remote origin/gh-118
2021-06-22T12:14:31.5057330Z   origin/gh-118
2021-06-22T12:14:31.5058051Z [command]/usr/bin/git rev-parse refs/remotes/origin/gh-118
2021-06-22T12:14:31.5059353Z 1004975295d7f2b34c3f47b00a60a16b0d4fdb79
2021-06-22T12:14:31.5059845Z ##[endgroup]
2021-06-22T12:14:31.5060279Z ##[group]Determining the checkout info
2021-06-22T12:14:31.5060721Z ##[endgroup]
2021-06-22T12:14:31.5061108Z ##[group]Checking out the ref
2021-06-22T12:14:31.5061917Z [command]/usr/bin/git checkout --progress --force -B gh-118 refs/remotes/origin/gh-118
2021-06-22T12:14:31.5062643Z Switched to a new branch 'gh-118'
2021-06-22T12:14:31.5063330Z Branch 'gh-118' set up to track remote branch 'gh-118' from 'origin'.
2021-06-22T12:14:31.5063827Z ##[endgroup]
2021-06-22T12:14:31.5064353Z [command]/usr/bin/git log -1 --format='%H'
2021-06-22T12:14:31.5064992Z '1004975295d7f2b34c3f47b00a60a16b0d4fdb79'
2021-06-22T12:14:31.5144168Z ##[group]Run actions/setup-python@v2
2021-06-22T12:14:31.5144596Z with:
2021-06-22T12:14:31.5144938Z   python-version: 3.8
2021-06-22T12:14:31.5145675Z   token: ***
2021-06-22T12:14:31.5145992Z ##[endgroup]
2021-06-22T12:14:31.5728156Z Successfully setup CPython (3.8.10)
2021-06-22T12:14:31.5801199Z ##[group]Run python -m pip install --upgrade pip wheel
2021-06-22T12:14:31.5801869Z [36;1mpython -m pip install --upgrade pip wheel[0m
2021-06-22T12:14:31.5802506Z [36;1mpython -m pip install --upgrade --upgrade-strategy=eager tox[0m
2021-06-22T12:14:31.5847969Z shell: /usr/bin/bash -e {0}
2021-06-22T12:14:31.5848329Z env:
2021-06-22T12:14:31.5848800Z   pythonLocation: /opt/hostedtoolcache/Python/3.8.10/x64
2021-06-22T12:14:31.5849448Z   LD_LIBRARY_PATH: /opt/hostedtoolcache/Python/3.8.10/x64/lib
2021-06-22T12:14:31.5850073Z ##[endgroup]
2021-06-22T12:14:32.1473489Z Requirement already satisfied: pip in /opt/hostedtoolcache/Python/3.8.10/x64/lib/python3.8/site-packages (21.1.2)
2021-06-22T12:14:32.3541629Z Collecting wheel
2021-06-22T12:14:32.4147365Z   Downloading wheel-0.36.2-py2.py3-none-any.whl (35 kB)
2021-06-22T12:14:32.4721935Z Installing collected packages: wheel
2021-06-22T12:14:32.5082613Z Successfully installed wheel-0.36.2
2021-06-22T12:14:33.2585953Z Collecting tox
2021-06-22T12:14:33.3008301Z   Downloading tox-3.23.1-py2.py3-none-any.whl (85 kB)
2021-06-22T12:14:33.3897588Z Collecting six>=1.14.0
2021-06-22T12:14:33.3998029Z   Downloading six-1.16.0-py2.py3-none-any.whl (11 kB)
2021-06-22T12:14:33.4721220Z Collecting packaging>=14
2021-06-22T12:14:33.4826006Z   Downloading packaging-20.9-py2.py3-none-any.whl (40 kB)
2021-06-22T12:14:33.5286922Z Collecting pluggy>=0.12.0
2021-06-22T12:14:33.5385547Z   Downloading pluggy-0.13.1-py2.py3-none-any.whl (18 kB)
2021-06-22T12:14:33.5725492Z Collecting filelock>=3.0.0
2021-06-22T12:14:33.5830840Z   Downloading filelock-3.0.12-py3-none-any.whl (7.6 kB)
2021-06-22T12:14:33.6399083Z Collecting py>=1.4.17
2021-06-22T12:14:33.6505632Z   Downloading py-1.10.0-py2.py3-none-any.whl (97 kB)
2021-06-22T12:14:33.6892272Z Collecting toml>=0.9.4
2021-06-22T12:14:33.6994300Z   Downloading toml-0.10.2-py2.py3-none-any.whl (16 kB)
2021-06-22T12:14:33.9195313Z Collecting virtualenv!=20.0.0,!=20.0.1,!=20.0.2,!=20.0.3,!=20.0.4,!=20.0.5,!=20.0.6,!=20.0.7,>=16.0.0
2021-06-22T12:14:33.9278566Z   Downloading virtualenv-20.4.7-py2.py3-none-any.whl (7.2 MB)
2021-06-22T12:14:34.3673865Z Collecting pyparsing>=2.0.2
2021-06-22T12:14:34.3797928Z   Downloading pyparsing-2.4.7-py2.py3-none-any.whl (67 kB)
2021-06-22T12:14:34.4762133Z Collecting appdirs<2,>=1.4.3
2021-06-22T12:14:34.5130540Z   Downloading appdirs-1.4.4-py2.py3-none-any.whl (9.6 kB)
2021-06-22T12:14:34.5465624Z Collecting distlib<1,>=0.3.1
2021-06-22T12:14:34.5575581Z   Downloading distlib-0.3.2-py2.py3-none-any.whl (338 kB)
2021-06-22T12:14:34.6688118Z Installing collected packages: six, pyparsing, filelock, distlib, appdirs, virtualenv, toml, py, pluggy, packaging, tox
2021-06-22T12:14:35.2094767Z Successfully installed appdirs-1.4.4 distlib-0.3.2 filelock-3.0.12 packaging-20.9 pluggy-0.13.1 py-1.10.0 pyparsing-2.4.7 six-1.16.0 toml-0.10.2 tox-3.23.1 virtualenv-20.4.7
2021-06-22T12:14:35.2768130Z ##[group]Run tox -e typing
2021-06-22T12:14:35.2768603Z [36;1mtox -e typing[0m
2021-06-22T12:14:35.2804534Z shell: /usr/bin/bash -e {0}
2021-06-22T12:14:35.2804859Z env:
2021-06-22T12:14:35.2805291Z   pythonLocation: /opt/hostedtoolcache/Python/3.8.10/x64
2021-06-22T12:14:35.2805887Z   LD_LIBRARY_PATH: /opt/hostedtoolcache/Python/3.8.10/x64/lib
2021-06-22T12:14:35.2806311Z ##[endgroup]
2021-06-22T12:14:35.5118013Z .package create: /home/runner/work/tinuous/tinuous/.tox/.package
2021-06-22T12:14:36.1478854Z .package installdeps: setuptools >= 46.4.0, wheel ~= 0.32
2021-06-22T12:14:39.5152115Z typing create: /home/runner/work/tinuous/tinuous/.tox/typing
2021-06-22T12:14:39.8048649Z typing installdeps: mypy~=0.900, types-python-dateutil, types-PyYAML, types-requests, pytest~=6.0, pytest-cov~=2.0, pytest-mock~=3.0
2021-06-22T12:14:45.5395170Z typing inst: /home/runner/work/tinuous/tinuous/.tox/.tmp/package/1/tinuous-0.3.0+28.g1004975.tar.gz
2021-06-22T12:14:55.7905139Z typing installed: attrs==21.2.0,certifi==2021.5.30,cffi==1.14.5,chardet==4.0.0,click==8.0.1,click-loglevel==0.4.0.post1,coverage==5.5,Deprecated==1.2.12,idna==2.10,in-place==0.5.0,iniconfig==1.1.1,mypy==0.902,mypy-extensions==0.4.3,packaging==20.9,pluggy==0.13.1,py==1.10.0,pycparser==2.20,pydantic==1.8.2,PyGithub==1.55,PyJWT==2.1.0,PyNaCl==1.4.0,pyparsing==2.4.7,pytest==6.2.4,pytest-cov==2.12.1,pytest-mock==3.6.1,python-dateutil==2.8.1,python-dotenv==0.18.0,PyYAML==5.4.1,requests==2.25.1,six==1.16.0,tinuous @ file:///home/runner/work/tinuous/tinuous/.tox/.tmp/package/1/tinuous-0.3.0%2B28.g1004975.tar.gz,toml==0.10.2,types-python-dateutil==0.1.4,types-PyYAML==5.4.3,types-requests==2.25.0,typing-extensions==3.10.0.0,urllib3==1.26.5,wrapt==1.12.1
2021-06-22T12:14:55.7958183Z typing run-test-pre: PYTHONHASHSEED='2938066054'
2021-06-22T12:14:55.7959118Z typing run-test: commands[0] | mypy src test
2021-06-22T12:15:04.8870525Z Success: no issues found in 13 source files
2021-06-22T12:15:05.3846835Z ___________________________________ summary ____________________________________
2021-06-22T12:15:05.3847290Z   typing: commands succeeded
2021-06-22T12:15:05.3847691Z   congratulations :)
2021-06-22T12:15:05.4139760Z Post job cleanup.
2021-06-22T12:15:05.5093573Z [command]/usr/bin/git version
2021-06-22T12:15:05.5136753Z git version 2.32.0
2021-06-22T12:15:05.5173838Z [command]/usr/bin/git config --local --name-only --get-regexp core\.sshCommand
2021-06-22T12:15:05.5220521Z [command]/usr/bin/git submodule foreach --recursive git config --local --name-only --get-regexp 'core\.sshCommand' && git config --local --unset-all 'core.sshCommand' || :
2021-06-22T12:15:05.5436353Z [command]/usr/bin/git config --local --name-only --get-regexp http\.https\:\/\/github\.com\/\.extraheader
2021-06-22T12:15:05.5459885Z http.https://github.com/.extraheader
2021-06-22T12:15:05.5468599Z [command]/usr/bin/git config --local --unset-all http.https://github.com/.extraheader
2021-06-22T12:15:05.5501625Z [command]/usr/bin/git submodule foreach --recursive git config --local --name-only --get-regexp 'http\.https\:\/\/github\.com\/\.extraheader' && git config --local --unset-all 'http.https://github.com/.extraheader' || :
2021-06-22T12:15:05.5770763Z Cleaning up orphan processes
