2023-04-26T19:16:49.0657925Z Requested labels: ubuntu-latest
2023-04-26T19:16:49.0658168Z Job defined at: con/tinuous/.github/workflows/test.yml@refs/pull/164/merge
2023-04-26T19:16:49.0658242Z Waiting for a runner to pick up this job...
2023-04-26T19:16:53.3519995Z Job is waiting for a hosted runner to come online.
2023-04-26T19:16:53.4206659Z Job is about to start running on the hosted runner: GitHub Actions 13 (hosted)
2023-04-26T19:16:57.5484870Z Current runner version: '2.303.0'
2023-04-26T19:16:57.5513336Z ##[group]Operating System
2023-04-26T19:16:57.5513899Z Ubuntu
2023-04-26T19:16:57.5514140Z 22.04.2
2023-04-26T19:16:57.5514451Z LTS
2023-04-26T19:16:57.5514853Z ##[endgroup]
2023-04-26T19:16:57.5515132Z ##[group]Runner Image
2023-04-26T19:16:57.5515496Z Image: ubuntu-22.04
2023-04-26T19:16:57.5515819Z Version: 20230426.1
2023-04-26T19:16:57.5516365Z Included Software: https://github.com/actions/runner-images/blob/ubuntu22/20230426.1/images/linux/Ubuntu2204-Readme.md
2023-04-26T19:16:57.5516970Z Image Release: https://github.com/actions/runner-images/releases/tag/ubuntu22%2F20230426.1
2023-04-26T19:16:57.5517417Z ##[endgroup]
2023-04-26T19:16:57.5517763Z ##[group]Runner Image Provisioner
2023-04-26T19:16:57.5518054Z 2.0.159.1
2023-04-26T19:16:57.5518384Z ##[endgroup]
2023-04-26T19:16:57.5519355Z ##[group]GITHUB_TOKEN Permissions
2023-04-26T19:16:57.5519970Z Actions: write
2023-04-26T19:16:57.5520243Z Checks: write
2023-04-26T19:16:57.5520839Z Contents: write
2023-04-26T19:16:57.5521255Z Deployments: write
2023-04-26T19:16:57.5521583Z Discussions: write
2023-04-26T19:16:57.5521939Z Issues: write
2023-04-26T19:16:57.5522205Z Metadata: read
2023-04-26T19:16:57.5522527Z Packages: write
2023-04-26T19:16:57.5522839Z Pages: write
2023-04-26T19:16:57.5523135Z PullRequests: write
2023-04-26T19:16:57.5523520Z RepositoryProjects: write
2023-04-26T19:16:57.5523888Z SecurityEvents: write
2023-04-26T19:16:57.5524173Z Statuses: write
2023-04-26T19:16:57.5524498Z ##[endgroup]
2023-04-26T19:16:57.5528336Z Secret source: Actions
2023-04-26T19:16:57.5528802Z Prepare workflow directory
2023-04-26T19:16:57.6272329Z Prepare all required actions
2023-04-26T19:16:57.6460942Z Getting action download info
2023-04-26T19:16:57.9013631Z Download action repository 'actions/checkout@v3' (SHA:8e5e7e5ab8b370d6c329ec480221332ada57f0ab)
2023-04-26T19:16:58.7262298Z Download action repository 'actions/setup-python@v4' (SHA:57ded4d7d5e986d7296eab16560982c6dd7c923b)
2023-04-26T19:16:59.5353938Z Download action repository 'codecov/codecov-action@v3' (SHA:894ff025c7b54547a9a2a1e9f228beae737ad3c2)
2023-04-26T19:17:00.5079605Z Complete job name: test (3.8, typing)
2023-04-26T19:17:00.6062697Z ##[group]Run actions/checkout@v3
2023-04-26T19:17:00.6062995Z with:
2023-04-26T19:17:00.6063216Z   fetch-depth: 0
2023-04-26T19:17:00.6063445Z   repository: con/tinuous
2023-04-26T19:17:00.6063959Z   token: ***
2023-04-26T19:17:00.6064151Z   ssh-strict: true
2023-04-26T19:17:00.6064383Z   persist-credentials: true
2023-04-26T19:17:00.6064610Z   clean: true
2023-04-26T19:17:00.6064791Z   lfs: false
2023-04-26T19:17:00.6065003Z   submodules: false
2023-04-26T19:17:00.6065240Z   set-safe-directory: true
2023-04-26T19:17:00.6065452Z ##[endgroup]
2023-04-26T19:17:00.8796051Z Syncing repository: con/tinuous
2023-04-26T19:17:00.8798029Z ##[group]Getting Git version info
2023-04-26T19:17:00.8798652Z Working directory is '/home/runner/work/tinuous/tinuous'
2023-04-26T19:17:00.8800554Z [command]/usr/bin/git version
2023-04-26T19:17:00.8870853Z git version 2.40.1
2023-04-26T19:17:00.8899262Z ##[endgroup]
2023-04-26T19:17:00.8918662Z Temporarily overriding HOME='/home/runner/work/_temp/fabc85cd-54d8-4eb2-8ac3-758a10b19c61' before making global git config changes
2023-04-26T19:17:00.8919174Z Adding repository directory to the temporary git global config as a safe directory
2023-04-26T19:17:00.8923354Z [command]/usr/bin/git config --global --add safe.directory /home/runner/work/tinuous/tinuous
2023-04-26T19:17:00.8975951Z Deleting the contents of '/home/runner/work/tinuous/tinuous'
2023-04-26T19:17:00.8981561Z ##[group]Initializing the repository
2023-04-26T19:17:00.8985384Z [command]/usr/bin/git init /home/runner/work/tinuous/tinuous
2023-04-26T19:17:00.9064435Z hint: Using 'master' as the name for the initial branch. This default branch name
2023-04-26T19:17:00.9065151Z hint: is subject to change. To configure the initial branch name to use in all
2023-04-26T19:17:00.9066182Z hint: of your new repositories, which will suppress this warning, call:
2023-04-26T19:17:00.9067129Z hint: 
2023-04-26T19:17:00.9068117Z hint: 	git config --global init.defaultBranch <name>
2023-04-26T19:17:00.9068591Z hint: 
2023-04-26T19:17:00.9069356Z hint: Names commonly chosen instead of 'master' are 'main', 'trunk' and
2023-04-26T19:17:00.9069998Z hint: 'development'. The just-created branch can be renamed via this command:
2023-04-26T19:17:00.9070657Z hint: 
2023-04-26T19:17:00.9071240Z hint: 	git branch -m <name>
2023-04-26T19:17:00.9075502Z Initialized empty Git repository in /home/runner/work/tinuous/tinuous/.git/
2023-04-26T19:17:00.9086756Z [command]/usr/bin/git remote add origin https://github.com/con/tinuous
2023-04-26T19:17:00.9133975Z ##[endgroup]
2023-04-26T19:17:00.9134657Z ##[group]Disabling automatic garbage collection
2023-04-26T19:17:00.9137247Z [command]/usr/bin/git config --local gc.auto 0
2023-04-26T19:17:00.9172559Z ##[endgroup]
2023-04-26T19:17:00.9173150Z ##[group]Setting up auth
2023-04-26T19:17:00.9178924Z [command]/usr/bin/git config --local --name-only --get-regexp core\.sshCommand
2023-04-26T19:17:00.9213241Z [command]/usr/bin/git submodule foreach --recursive sh -c "git config --local --name-only --get-regexp 'core\.sshCommand' && git config --local --unset-all 'core.sshCommand' || :"
2023-04-26T19:17:00.9585264Z [command]/usr/bin/git config --local --name-only --get-regexp http\.https\:\/\/github\.com\/\.extraheader
2023-04-26T19:17:00.9624010Z [command]/usr/bin/git submodule foreach --recursive sh -c "git config --local --name-only --get-regexp 'http\.https\:\/\/github\.com\/\.extraheader' && git config --local --unset-all 'http.https://github.com/.extraheader' || :"
2023-04-26T19:17:00.9853996Z [command]/usr/bin/git config --local http.https://github.com/.extraheader AUTHORIZATION: basic ***
2023-04-26T19:17:00.9909466Z ##[endgroup]
2023-04-26T19:17:00.9910287Z ##[group]Fetching the repository
2023-04-26T19:17:00.9920029Z [command]/usr/bin/git -c protocol.version=2 fetch --prune --progress --no-recurse-submodules origin +refs/heads/*:refs/remotes/origin/* +refs/tags/*:refs/tags/* +eabe4d00e0cac3226c5b74227f4181fa6dca2965:refs/remotes/pull/164/merge
2023-04-26T19:17:01.6096736Z remote: Enumerating objects: 1069, done.        
2023-04-26T19:17:01.6160180Z remote: Counting objects:   0% (1/291)        
2023-04-26T19:17:01.6160691Z remote: Counting objects:   1% (3/291)        
2023-04-26T19:17:01.6161210Z remote: Counting objects:   2% (6/291)        
2023-04-26T19:17:01.6161714Z remote: Counting objects:   3% (9/291)        
2023-04-26T19:17:01.6162242Z remote: Counting objects:   4% (12/291)        
2023-04-26T19:17:01.6162737Z remote: Counting objects:   5% (15/291)        
2023-04-26T19:17:01.6163242Z remote: Counting objects:   6% (18/291)        
2023-04-26T19:17:01.6163746Z remote: Counting objects:   7% (21/291)        
2023-04-26T19:17:01.6164229Z remote: Counting objects:   8% (24/291)        
2023-04-26T19:17:01.6164735Z remote: Counting objects:   9% (27/291)        
2023-04-26T19:17:01.6165164Z remote: Counting objects:  10% (30/291)        
2023-04-26T19:17:01.6165664Z remote: Counting objects:  11% (33/291)        
2023-04-26T19:17:01.6166031Z remote: Counting objects:  12% (35/291)        
2023-04-26T19:17:01.6166510Z remote: Counting objects:  13% (38/291)        
2023-04-26T19:17:01.6167007Z remote: Counting objects:  14% (41/291)        
2023-04-26T19:17:01.6168043Z remote: Counting objects:  15% (44/291)        
2023-04-26T19:17:01.6168460Z remote: Counting objects:  16% (47/291)        
2023-04-26T19:17:01.6169045Z remote: Counting objects:  17% (50/291)        
2023-04-26T19:17:01.6169565Z remote: Counting objects:  18% (53/291)        
2023-04-26T19:17:01.6170645Z remote: Counting objects:  19% (56/291)        
2023-04-26T19:17:01.6171141Z remote: Counting objects:  20% (59/291)        
2023-04-26T19:17:01.6171831Z remote: Counting objects:  21% (62/291)        
2023-04-26T19:17:01.6172385Z remote: Counting objects:  22% (65/291)        
2023-04-26T19:17:01.6172941Z remote: Counting objects:  23% (67/291)        
2023-04-26T19:17:01.6173664Z remote: Counting objects:  24% (70/291)        
2023-04-26T19:17:01.6174225Z remote: Counting objects:  25% (73/291)        
2023-04-26T19:17:01.6174896Z remote: Counting objects:  26% (76/291)        
2023-04-26T19:17:01.6175449Z remote: Counting objects:  27% (79/291)        
2023-04-26T19:17:01.6176203Z remote: Counting objects:  28% (82/291)        
2023-04-26T19:17:01.6176729Z remote: Counting objects:  29% (85/291)        
2023-04-26T19:17:01.6177262Z remote: Counting objects:  30% (88/291)        
2023-04-26T19:17:01.6177754Z remote: Counting objects:  31% (91/291)        
2023-04-26T19:17:01.6178469Z remote: Counting objects:  32% (94/291)        
2023-04-26T19:17:01.6179052Z remote: Counting objects:  33% (97/291)        
2023-04-26T19:17:01.6179584Z remote: Counting objects:  34% (99/291)        
2023-04-26T19:17:01.6180127Z remote: Counting objects:  35% (102/291)        
2023-04-26T19:17:01.6180700Z remote: Counting objects:  36% (105/291)        
2023-04-26T19:17:01.6181243Z remote: Counting objects:  37% (108/291)        
2023-04-26T19:17:01.6181788Z remote: Counting objects:  38% (111/291)        
2023-04-26T19:17:01.6182521Z remote: Counting objects:  39% (114/291)        
2023-04-26T19:17:01.6183052Z remote: Counting objects:  40% (117/291)        
2023-04-26T19:17:01.6183566Z remote: Counting objects:  41% (120/291)        
2023-04-26T19:17:01.6184211Z remote: Counting objects:  42% (123/291)        
2023-04-26T19:17:01.6184742Z remote: Counting objects:  43% (126/291)        
2023-04-26T19:17:01.6185266Z remote: Counting objects:  44% (129/291)        
2023-04-26T19:17:01.6185794Z remote: Counting objects:  45% (131/291)        
2023-04-26T19:17:01.6186343Z remote: Counting objects:  46% (134/291)        
2023-04-26T19:17:01.6186873Z remote: Counting objects:  47% (137/291)        
2023-04-26T19:17:01.6187438Z remote: Counting objects:  48% (140/291)        
2023-04-26T19:17:01.6187879Z remote: Counting objects:  49% (143/291)        
2023-04-26T19:17:01.6188391Z remote: Counting objects:  50% (146/291)        
2023-04-26T19:17:01.6189036Z remote: Counting objects:  51% (149/291)        
2023-04-26T19:17:01.6189768Z remote: Counting objects:  52% (152/291)        
2023-04-26T19:17:01.6190143Z remote: Counting objects:  53% (155/291)        
2023-04-26T19:17:01.6190701Z remote: Counting objects:  54% (158/291)        
2023-04-26T19:17:01.6191242Z remote: Counting objects:  55% (161/291)        
2023-04-26T19:17:01.6191915Z remote: Counting objects:  56% (163/291)        
2023-04-26T19:17:01.6192462Z remote: Counting objects:  57% (166/291)        
2023-04-26T19:17:01.6192987Z remote: Counting objects:  58% (169/291)        
2023-04-26T19:17:01.6193557Z remote: Counting objects:  59% (172/291)        
2023-04-26T19:17:01.6194042Z remote: Counting objects:  60% (175/291)        
2023-04-26T19:17:01.6194574Z remote: Counting objects:  61% (178/291)        
2023-04-26T19:17:01.6195228Z remote: Counting objects:  62% (181/291)        
2023-04-26T19:17:01.6195724Z remote: Counting objects:  63% (184/291)        
2023-04-26T19:17:01.6196279Z remote: Counting objects:  64% (187/291)        
2023-04-26T19:17:01.6196840Z remote: Counting objects:  65% (190/291)        
2023-04-26T19:17:01.6197383Z remote: Counting objects:  66% (193/291)        
2023-04-26T19:17:01.6197912Z remote: Counting objects:  67% (195/291)        
2023-04-26T19:17:01.6198443Z remote: Counting objects:  68% (198/291)        
2023-04-26T19:17:01.6198984Z remote: Counting objects:  69% (201/291)        
2023-04-26T19:17:01.6199495Z remote: Counting objects:  70% (204/291)        
2023-04-26T19:17:01.6200039Z remote: Counting objects:  71% (207/291)        
2023-04-26T19:17:01.6200565Z remote: Counting objects:  72% (210/291)        
2023-04-26T19:17:01.6201094Z remote: Counting objects:  73% (213/291)        
2023-04-26T19:17:01.6201619Z remote: Counting objects:  74% (216/291)        
2023-04-26T19:17:01.6202278Z remote: Counting objects:  75% (219/291)        
2023-04-26T19:17:01.6202791Z remote: Counting objects:  76% (222/291)        
2023-04-26T19:17:01.6203405Z remote: Counting objects:  77% (225/291)        
2023-04-26T19:17:01.6203950Z remote: Counting objects:  78% (227/291)        
2023-04-26T19:17:01.6204501Z remote: Counting objects:  79% (230/291)        
2023-04-26T19:17:01.6205024Z remote: Counting objects:  80% (233/291)        
2023-04-26T19:17:01.6205554Z remote: Counting objects:  81% (236/291)        
2023-04-26T19:17:01.6206216Z remote: Counting objects:  82% (239/291)        
2023-04-26T19:17:01.6206759Z remote: Counting objects:  83% (242/291)        
2023-04-26T19:17:01.6207296Z remote: Counting objects:  84% (245/291)        
2023-04-26T19:17:01.6207940Z remote: Counting objects:  85% (248/291)        
2023-04-26T19:17:01.6208541Z remote: Counting objects:  86% (251/291)        
2023-04-26T19:17:01.6209185Z remote: Counting objects:  87% (254/291)        
2023-04-26T19:17:01.6209835Z remote: Counting objects:  88% (257/291)        
2023-04-26T19:17:01.6210535Z remote: Counting objects:  89% (259/291)        
2023-04-26T19:17:01.6211057Z remote: Counting objects:  90% (262/291)        
2023-04-26T19:17:01.6211601Z remote: Counting objects:  91% (265/291)        
2023-04-26T19:17:01.6212119Z remote: Counting objects:  92% (268/291)        
2023-04-26T19:17:01.6212633Z remote: Counting objects:  93% (271/291)        
2023-04-26T19:17:01.6213286Z remote: Counting objects:  94% (274/291)        
2023-04-26T19:17:01.6213772Z remote: Counting objects:  95% (277/291)        
2023-04-26T19:17:01.6214473Z remote: Counting objects:  96% (280/291)        
2023-04-26T19:17:01.6215012Z remote: Counting objects:  97% (283/291)        
2023-04-26T19:17:01.6215534Z remote: Counting objects:  98% (286/291)        
2023-04-26T19:17:01.6216068Z remote: Counting objects:  99% (289/291)        
2023-04-26T19:17:01.6216673Z remote: Counting objects: 100% (291/291)        
2023-04-26T19:17:01.6217327Z remote: Counting objects: 100% (291/291), done.        
2023-04-26T19:17:01.6218044Z remote: Compressing objects:   0% (1/197)        
2023-04-26T19:17:01.6218586Z remote: Compressing objects:   1% (2/197)        
2023-04-26T19:17:01.6219231Z remote: Compressing objects:   2% (4/197)        
2023-04-26T19:17:01.6220194Z remote: Compressing objects:   3% (6/197)        
2023-04-26T19:17:01.6220605Z remote: Compressing objects:   4% (8/197)        
2023-04-26T19:17:01.6221366Z remote: Compressing objects:   5% (10/197)        
2023-04-26T19:17:01.6486614Z remote: Compressing objects:   6% (12/197)        
2023-04-26T19:17:01.6489303Z remote: Compressing objects:   7% (14/197)        
2023-04-26T19:17:01.6490798Z remote: Compressing objects:   8% (16/197)        
2023-04-26T19:17:01.6491263Z remote: Compressing objects:   9% (18/197)        
2023-04-26T19:17:01.6492048Z remote: Compressing objects:  10% (20/197)        
2023-04-26T19:17:01.6492761Z remote: Compressing objects:  11% (22/197)        
2023-04-26T19:17:01.6493567Z remote: Compressing objects:  12% (24/197)        
2023-04-26T19:17:01.6494339Z remote: Compressing objects:  13% (26/197)        
2023-04-26T19:17:01.6495115Z remote: Compressing objects:  14% (28/197)        
2023-04-26T19:17:01.6495830Z remote: Compressing objects:  15% (30/197)        
2023-04-26T19:17:01.6496598Z remote: Compressing objects:  16% (32/197)        
2023-04-26T19:17:01.6497386Z remote: Compressing objects:  17% (34/197)        
2023-04-26T19:17:01.6498127Z remote: Compressing objects:  18% (36/197)        
2023-04-26T19:17:01.6498899Z remote: Compressing objects:  19% (38/197)        
2023-04-26T19:17:01.6499671Z remote: Compressing objects:  20% (40/197)        
2023-04-26T19:17:01.6500467Z remote: Compressing objects:  21% (42/197)        
2023-04-26T19:17:01.6501213Z remote: Compressing objects:  22% (44/197)        
2023-04-26T19:17:01.6501994Z remote: Compressing objects:  23% (46/197)        
2023-04-26T19:17:01.6502728Z remote: Compressing objects:  24% (48/197)        
2023-04-26T19:17:01.6503454Z remote: Compressing objects:  25% (50/197)        
2023-04-26T19:17:01.6504216Z remote: Compressing objects:  26% (52/197)        
2023-04-26T19:17:01.6505114Z remote: Compressing objects:  27% (54/197)        
2023-04-26T19:17:01.6505879Z remote: Compressing objects:  28% (56/197)        
2023-04-26T19:17:01.6506622Z remote: Compressing objects:  29% (58/197)        
2023-04-26T19:17:01.6507434Z remote: Compressing objects:  30% (60/197)        
2023-04-26T19:17:01.6508209Z remote: Compressing objects:  31% (62/197)        
2023-04-26T19:17:01.6508961Z remote: Compressing objects:  32% (64/197)        
2023-04-26T19:17:01.6509662Z remote: Compressing objects:  33% (66/197)        
2023-04-26T19:17:01.6510382Z remote: Compressing objects:  34% (67/197)        
2023-04-26T19:17:01.6511160Z remote: Compressing objects:  35% (69/197)        
2023-04-26T19:17:01.6511897Z remote: Compressing objects:  36% (71/197)        
2023-04-26T19:17:01.6512645Z remote: Compressing objects:  37% (73/197)        
2023-04-26T19:17:01.6513416Z remote: Compressing objects:  38% (75/197)        
2023-04-26T19:17:01.6514222Z remote: Compressing objects:  39% (77/197)        
2023-04-26T19:17:01.6514975Z remote: Compressing objects:  40% (79/197)        
2023-04-26T19:17:01.6515759Z remote: Compressing objects:  41% (81/197)        
2023-04-26T19:17:01.6516433Z remote: Compressing objects:  42% (83/197)        
2023-04-26T19:17:01.6517204Z remote: Compressing objects:  43% (85/197)        
2023-04-26T19:17:01.6517855Z remote: Compressing objects:  44% (87/197)        
2023-04-26T19:17:01.6518519Z remote: Compressing objects:  45% (89/197)        
2023-04-26T19:17:01.6519289Z remote: Compressing objects:  46% (91/197)        
2023-04-26T19:17:01.6520064Z remote: Compressing objects:  47% (93/197)        
2023-04-26T19:17:01.6520808Z remote: Compressing objects:  48% (95/197)        
2023-04-26T19:17:01.6521535Z remote: Compressing objects:  49% (97/197)        
2023-04-26T19:17:01.6522298Z remote: Compressing objects:  50% (99/197)        
2023-04-26T19:17:01.6523096Z remote: Compressing objects:  51% (101/197)        
2023-04-26T19:17:01.6523869Z remote: Compressing objects:  52% (103/197)        
2023-04-26T19:17:01.6524594Z remote: Compressing objects:  53% (105/197)        
2023-04-26T19:17:01.6525702Z remote: Compressing objects:  54% (107/197)        
2023-04-26T19:17:01.6526141Z remote: Compressing objects:  55% (109/197)        
2023-04-26T19:17:01.6542827Z remote: Compressing objects:  56% (111/197)        
2023-04-26T19:17:01.6543216Z remote: Compressing objects:  57% (113/197)        
2023-04-26T19:17:01.6544153Z remote: Compressing objects:  58% (115/197)        
2023-04-26T19:17:01.6544739Z remote: Compressing objects:  59% (117/197)        
2023-04-26T19:17:01.6545437Z remote: Compressing objects:  60% (119/197)        
2023-04-26T19:17:01.6546140Z remote: Compressing objects:  61% (121/197)        
2023-04-26T19:17:01.6546749Z remote: Compressing objects:  62% (123/197)        
2023-04-26T19:17:01.6547495Z remote: Compressing objects:  63% (125/197)        
2023-04-26T19:17:01.6548081Z remote: Compressing objects:  64% (127/197)        
2023-04-26T19:17:01.6548739Z remote: Compressing objects:  65% (129/197)        
2023-04-26T19:17:01.6549475Z remote: Compressing objects:  66% (131/197)        
2023-04-26T19:17:01.6550001Z remote: Compressing objects:  67% (132/197)        
2023-04-26T19:17:01.6550662Z remote: Compressing objects:  68% (134/197)        
2023-04-26T19:17:01.6551285Z remote: Compressing objects:  69% (136/197)        
2023-04-26T19:17:01.6551973Z remote: Compressing objects:  70% (138/197)        
2023-04-26T19:17:01.6552631Z remote: Compressing objects:  71% (140/197)        
2023-04-26T19:17:01.6553286Z remote: Compressing objects:  72% (142/197)        
2023-04-26T19:17:01.6553968Z remote: Compressing objects:  73% (144/197)        
2023-04-26T19:17:01.6554683Z remote: Compressing objects:  74% (146/197)        
2023-04-26T19:17:01.6555333Z remote: Compressing objects:  75% (148/197)        
2023-04-26T19:17:01.6556019Z remote: Compressing objects:  76% (150/197)        
2023-04-26T19:17:01.6556671Z remote: Compressing objects:  77% (152/197)        
2023-04-26T19:17:01.6557346Z remote: Compressing objects:  78% (154/197)        
2023-04-26T19:17:01.6558043Z remote: Compressing objects:  79% (156/197)        
2023-04-26T19:17:01.6558649Z remote: Compressing objects:  80% (158/197)        
2023-04-26T19:17:01.6559253Z remote: Compressing objects:  81% (160/197)        
2023-04-26T19:17:01.6559947Z remote: Compressing objects:  82% (162/197)        
2023-04-26T19:17:01.6560527Z remote: Compressing objects:  83% (164/197)        
2023-04-26T19:17:01.6561183Z remote: Compressing objects:  84% (166/197)        
2023-04-26T19:17:01.6561845Z remote: Compressing objects:  85% (168/197)        
2023-04-26T19:17:01.6562569Z remote: Compressing objects:  86% (170/197)        
2023-04-26T19:17:01.6563163Z remote: Compressing objects:  87% (172/197)        
2023-04-26T19:17:01.6563850Z remote: Compressing objects:  88% (174/197)        
2023-04-26T19:17:01.6564542Z remote: Compressing objects:  89% (176/197)        
2023-04-26T19:17:01.6565188Z remote: Compressing objects:  90% (178/197)        
2023-04-26T19:17:01.6565955Z remote: Compressing objects:  91% (180/197)        
2023-04-26T19:17:01.6566737Z remote: Compressing objects:  92% (182/197)        
2023-04-26T19:17:01.6567401Z remote: Compressing objects:  93% (184/197)        
2023-04-26T19:17:01.6567949Z remote: Compressing objects:  94% (186/197)        
2023-04-26T19:17:01.6568595Z remote: Compressing objects:  95% (188/197)        
2023-04-26T19:17:01.6569209Z remote: Compressing objects:  96% (190/197)        
2023-04-26T19:17:01.6569950Z remote: Compressing objects:  97% (192/197)        
2023-04-26T19:17:01.6570413Z remote: Compressing objects:  98% (194/197)        
2023-04-26T19:17:01.6570773Z remote: Compressing objects:  99% (196/197)        
2023-04-26T19:17:01.6571653Z remote: Compressing objects: 100% (197/197)        
2023-04-26T19:17:01.6572442Z remote: Compressing objects: 100% (197/197), done.        
2023-04-26T19:17:01.6657545Z Receiving objects:   0% (1/1069)
2023-04-26T19:17:01.6657911Z Receiving objects:   1% (11/1069)
2023-04-26T19:17:01.6658359Z Receiving objects:   2% (22/1069)
2023-04-26T19:17:01.7085568Z Receiving objects:   3% (33/1069)
2023-04-26T19:17:01.7085984Z Receiving objects:   4% (43/1069)
2023-04-26T19:17:01.7087331Z Receiving objects:   5% (54/1069)
2023-04-26T19:17:01.7087827Z Receiving objects:   6% (65/1069)
2023-04-26T19:17:01.7144135Z Receiving objects:   7% (75/1069)
2023-04-26T19:17:01.7145406Z Receiving objects:   8% (86/1069)
2023-04-26T19:17:01.7145952Z Receiving objects:   9% (97/1069)
2023-04-26T19:17:01.7179059Z Receiving objects:  10% (107/1069)
2023-04-26T19:17:01.7180119Z Receiving objects:  11% (118/1069)
2023-04-26T19:17:01.7181046Z Receiving objects:  12% (129/1069)
2023-04-26T19:17:01.7185293Z Receiving objects:  13% (139/1069)
2023-04-26T19:17:01.7185695Z Receiving objects:  14% (150/1069)
2023-04-26T19:17:01.7186374Z Receiving objects:  15% (161/1069)
2023-04-26T19:17:01.7186706Z Receiving objects:  16% (172/1069)
2023-04-26T19:17:01.7186985Z Receiving objects:  17% (182/1069)
2023-04-26T19:17:01.7187295Z Receiving objects:  18% (193/1069)
2023-04-26T19:17:01.7188341Z Receiving objects:  19% (204/1069)
2023-04-26T19:17:01.7188607Z Receiving objects:  20% (214/1069)
2023-04-26T19:17:01.7189259Z Receiving objects:  21% (225/1069)
2023-04-26T19:17:01.7189567Z Receiving objects:  22% (236/1069)
2023-04-26T19:17:01.7535941Z Receiving objects:  23% (246/1069)
2023-04-26T19:17:01.7537860Z Receiving objects:  24% (257/1069)
2023-04-26T19:17:01.7591274Z Receiving objects:  25% (268/1069)
2023-04-26T19:17:01.7593331Z Receiving objects:  26% (278/1069)
2023-04-26T19:17:01.7593750Z Receiving objects:  27% (289/1069)
2023-04-26T19:17:01.7667624Z Receiving objects:  28% (300/1069)
2023-04-26T19:17:01.7671183Z Receiving objects:  29% (311/1069)
2023-04-26T19:17:01.7672475Z Receiving objects:  30% (321/1069)
2023-04-26T19:17:01.7673052Z Receiving objects:  31% (332/1069)
2023-04-26T19:17:01.7673655Z Receiving objects:  32% (343/1069)
2023-04-26T19:17:01.7674860Z Receiving objects:  33% (353/1069)
2023-04-26T19:17:01.7675375Z Receiving objects:  34% (364/1069)
2023-04-26T19:17:01.7675951Z Receiving objects:  35% (375/1069)
2023-04-26T19:17:01.7676535Z Receiving objects:  36% (385/1069)
2023-04-26T19:17:01.7677188Z Receiving objects:  37% (396/1069)
2023-04-26T19:17:01.7677748Z Receiving objects:  38% (407/1069)
2023-04-26T19:17:01.7678340Z Receiving objects:  39% (417/1069)
2023-04-26T19:17:01.7678934Z Receiving objects:  40% (428/1069)
2023-04-26T19:17:01.7679566Z Receiving objects:  41% (439/1069)
2023-04-26T19:17:01.7680128Z Receiving objects:  42% (449/1069)
2023-04-26T19:17:01.7680743Z Receiving objects:  43% (460/1069)
2023-04-26T19:17:01.7681331Z Receiving objects:  44% (471/1069)
2023-04-26T19:17:01.7681916Z Receiving objects:  45% (482/1069)
2023-04-26T19:17:01.7682506Z Receiving objects:  46% (492/1069)
2023-04-26T19:17:01.7682845Z Receiving objects:  47% (503/1069)
2023-04-26T19:17:01.7683173Z Receiving objects:  48% (514/1069)
2023-04-26T19:17:01.7683454Z Receiving objects:  49% (524/1069)
2023-04-26T19:17:01.7687250Z Receiving objects:  50% (535/1069)
2023-04-26T19:17:01.7688231Z Receiving objects:  51% (546/1069)
2023-04-26T19:17:01.7689898Z Receiving objects:  52% (556/1069)
2023-04-26T19:17:01.7692389Z Receiving objects:  53% (567/1069)
2023-04-26T19:17:01.7700989Z Receiving objects:  54% (578/1069)
2023-04-26T19:17:01.7707475Z Receiving objects:  55% (588/1069)
2023-04-26T19:17:01.7707822Z Receiving objects:  56% (599/1069)
2023-04-26T19:17:01.7708141Z Receiving objects:  57% (610/1069)
2023-04-26T19:17:01.7708473Z Receiving objects:  58% (621/1069)
2023-04-26T19:17:01.7708788Z Receiving objects:  59% (631/1069)
2023-04-26T19:17:01.7709110Z Receiving objects:  60% (642/1069)
2023-04-26T19:17:01.7710112Z Receiving objects:  61% (653/1069)
2023-04-26T19:17:01.7710451Z Receiving objects:  62% (663/1069)
2023-04-26T19:17:01.7711274Z Receiving objects:  63% (674/1069)
2023-04-26T19:17:01.7711587Z Receiving objects:  64% (685/1069)
2023-04-26T19:17:01.7714041Z Receiving objects:  65% (695/1069)
2023-04-26T19:17:01.7714959Z Receiving objects:  66% (706/1069)
2023-04-26T19:17:01.7715523Z Receiving objects:  67% (717/1069)
2023-04-26T19:17:01.7715842Z Receiving objects:  68% (727/1069)
2023-04-26T19:17:01.7716290Z Receiving objects:  69% (738/1069)
2023-04-26T19:17:01.7716711Z Receiving objects:  70% (749/1069)
2023-04-26T19:17:01.8063538Z Receiving objects:  71% (759/1069)
2023-04-26T19:17:01.8064451Z Receiving objects:  72% (770/1069)
2023-04-26T19:17:01.8064767Z Receiving objects:  73% (781/1069)
2023-04-26T19:17:01.8065316Z Receiving objects:  74% (792/1069)
2023-04-26T19:17:01.8065675Z Receiving objects:  75% (802/1069)
2023-04-26T19:17:01.8065976Z Receiving objects:  76% (813/1069)
2023-04-26T19:17:01.8066816Z Receiving objects:  77% (824/1069)
2023-04-26T19:17:01.8067218Z Receiving objects:  78% (834/1069)
2023-04-26T19:17:01.8116222Z Receiving objects:  79% (845/1069)
2023-04-26T19:17:01.8116778Z Receiving objects:  80% (856/1069)
2023-04-26T19:17:01.8117494Z Receiving objects:  81% (866/1069)
2023-04-26T19:17:01.8117895Z Receiving objects:  82% (877/1069)
2023-04-26T19:17:01.8118396Z Receiving objects:  83% (888/1069)
2023-04-26T19:17:01.8209792Z Receiving objects:  84% (898/1069)
2023-04-26T19:17:01.8211033Z Receiving objects:  85% (909/1069)
2023-04-26T19:17:01.8213354Z Receiving objects:  86% (920/1069)
2023-04-26T19:17:01.8216380Z Receiving objects:  87% (931/1069)
2023-04-26T19:17:01.8217283Z remote: Total 1069 (delta 109), reused 132 (delta 81), pack-reused 778        
2023-04-26T19:17:01.8222529Z Receiving objects:  88% (941/1069)
2023-04-26T19:17:01.8226534Z Receiving objects:  89% (952/1069)
2023-04-26T19:17:01.8228533Z Receiving objects:  90% (963/1069)
2023-04-26T19:17:01.8231530Z Receiving objects:  91% (973/1069)
2023-04-26T19:17:01.8233909Z Receiving objects:  92% (984/1069)
2023-04-26T19:17:01.8235370Z Receiving objects:  93% (995/1069)
2023-04-26T19:17:01.8236850Z Receiving objects:  94% (1005/1069)
2023-04-26T19:17:01.8238682Z Receiving objects:  95% (1016/1069)
2023-04-26T19:17:01.8242540Z Receiving objects:  96% (1027/1069)
2023-04-26T19:17:01.8248432Z Receiving objects:  97% (1037/1069)
2023-04-26T19:17:01.8255852Z Receiving objects:  98% (1048/1069)
2023-04-26T19:17:01.8258399Z Receiving objects:  99% (1059/1069)
2023-04-26T19:17:01.8259869Z Receiving objects: 100% (1069/1069)
2023-04-26T19:17:01.8260579Z Receiving objects: 100% (1069/1069), 276.33 KiB | 1.67 MiB/s, done.
2023-04-26T19:17:01.8265499Z Resolving deltas:   0% (0/578)
2023-04-26T19:17:01.8267055Z Resolving deltas:   1% (6/578)
2023-04-26T19:17:01.8268800Z Resolving deltas:   2% (12/578)
2023-04-26T19:17:01.8270511Z Resolving deltas:   3% (18/578)
2023-04-26T19:17:01.8272080Z Resolving deltas:   4% (24/578)
2023-04-26T19:17:01.8274126Z Resolving deltas:   5% (29/578)
2023-04-26T19:17:01.8275596Z Resolving deltas:   6% (35/578)
2023-04-26T19:17:01.8277235Z Resolving deltas:   7% (41/578)
2023-04-26T19:17:01.8278875Z Resolving deltas:   8% (47/578)
2023-04-26T19:17:01.8280494Z Resolving deltas:   9% (53/578)
2023-04-26T19:17:01.8282087Z Resolving deltas:  10% (58/578)
2023-04-26T19:17:01.8283817Z Resolving deltas:  11% (64/578)
2023-04-26T19:17:01.8285350Z Resolving deltas:  12% (70/578)
2023-04-26T19:17:01.8287075Z Resolving deltas:  13% (76/578)
2023-04-26T19:17:01.8288784Z Resolving deltas:  14% (81/578)
2023-04-26T19:17:01.8290695Z Resolving deltas:  15% (87/578)
2023-04-26T19:17:01.8292396Z Resolving deltas:  16% (93/578)
2023-04-26T19:17:01.8294060Z Resolving deltas:  17% (99/578)
2023-04-26T19:17:01.8295711Z Resolving deltas:  18% (105/578)
2023-04-26T19:17:01.8297322Z Resolving deltas:  19% (110/578)
2023-04-26T19:17:01.8298933Z Resolving deltas:  20% (116/578)
2023-04-26T19:17:01.8300567Z Resolving deltas:  21% (122/578)
2023-04-26T19:17:01.8302107Z Resolving deltas:  22% (128/578)
2023-04-26T19:17:01.8303768Z Resolving deltas:  23% (133/578)
2023-04-26T19:17:01.8307923Z Resolving deltas:  24% (139/578)
2023-04-26T19:17:01.8309571Z Resolving deltas:  25% (145/578)
2023-04-26T19:17:01.8311263Z Resolving deltas:  26% (151/578)
2023-04-26T19:17:01.8312711Z Resolving deltas:  27% (157/578)
2023-04-26T19:17:01.8317105Z Resolving deltas:  28% (162/578)
2023-04-26T19:17:01.8322690Z Resolving deltas:  29% (168/578)
2023-04-26T19:17:01.8324676Z Resolving deltas:  30% (174/578)
2023-04-26T19:17:01.8326904Z Resolving deltas:  31% (180/578)
2023-04-26T19:17:01.8329162Z Resolving deltas:  32% (185/578)
2023-04-26T19:17:01.8331631Z Resolving deltas:  33% (191/578)
2023-04-26T19:17:01.8336018Z Resolving deltas:  34% (197/578)
2023-04-26T19:17:01.8340661Z Resolving deltas:  35% (203/578)
2023-04-26T19:17:01.8345380Z Resolving deltas:  36% (209/578)
2023-04-26T19:17:01.8350031Z Resolving deltas:  37% (214/578)
2023-04-26T19:17:01.8353013Z Resolving deltas:  38% (220/578)
2023-04-26T19:17:01.8356247Z Resolving deltas:  39% (226/578)
2023-04-26T19:17:01.8358863Z Resolving deltas:  40% (232/578)
2023-04-26T19:17:01.8362412Z Resolving deltas:  41% (237/578)
2023-04-26T19:17:01.8365294Z Resolving deltas:  42% (243/578)
2023-04-26T19:17:01.8368884Z Resolving deltas:  43% (249/578)
2023-04-26T19:17:01.8372845Z Resolving deltas:  44% (255/578)
2023-04-26T19:17:01.8374608Z Resolving deltas:  45% (261/578)
2023-04-26T19:17:01.8382949Z Resolving deltas:  46% (266/578)
2023-04-26T19:17:01.8389518Z Resolving deltas:  47% (272/578)
2023-04-26T19:17:01.8393558Z Resolving deltas:  48% (278/578)
2023-04-26T19:17:01.8399826Z Resolving deltas:  49% (284/578)
2023-04-26T19:17:01.8406369Z Resolving deltas:  50% (289/578)
2023-04-26T19:17:01.8411941Z Resolving deltas:  51% (295/578)
2023-04-26T19:17:01.8417245Z Resolving deltas:  52% (301/578)
2023-04-26T19:17:01.8421565Z Resolving deltas:  53% (307/578)
2023-04-26T19:17:01.8426396Z Resolving deltas:  54% (313/578)
2023-04-26T19:17:01.8430099Z Resolving deltas:  55% (318/578)
2023-04-26T19:17:01.8435508Z Resolving deltas:  56% (324/578)
2023-04-26T19:17:01.8441071Z Resolving deltas:  57% (330/578)
2023-04-26T19:17:01.8445077Z Resolving deltas:  58% (336/578)
2023-04-26T19:17:01.8451530Z Resolving deltas:  59% (342/578)
2023-04-26T19:17:01.8457356Z Resolving deltas:  60% (347/578)
2023-04-26T19:17:01.8465540Z Resolving deltas:  61% (353/578)
2023-04-26T19:17:01.8469084Z Resolving deltas:  62% (359/578)
2023-04-26T19:17:01.8480136Z Resolving deltas:  63% (365/578)
2023-04-26T19:17:01.8491597Z Resolving deltas:  64% (370/578)
2023-04-26T19:17:01.8498645Z Resolving deltas:  65% (376/578)
2023-04-26T19:17:01.8506029Z Resolving deltas:  66% (382/578)
2023-04-26T19:17:01.8510669Z Resolving deltas:  67% (388/578)
2023-04-26T19:17:01.8512261Z Resolving deltas:  68% (394/578)
2023-04-26T19:17:01.8515666Z Resolving deltas:  69% (399/578)
2023-04-26T19:17:01.8519764Z Resolving deltas:  70% (405/578)
2023-04-26T19:17:01.8523251Z Resolving deltas:  71% (411/578)
2023-04-26T19:17:01.8526880Z Resolving deltas:  72% (417/578)
2023-04-26T19:17:01.8530513Z Resolving deltas:  73% (422/578)
2023-04-26T19:17:01.8532352Z Resolving deltas:  74% (428/578)
2023-04-26T19:17:01.8533909Z Resolving deltas:  75% (434/578)
2023-04-26T19:17:01.8535774Z Resolving deltas:  76% (440/578)
2023-04-26T19:17:01.8544233Z Resolving deltas:  77% (446/578)
2023-04-26T19:17:01.8545833Z Resolving deltas:  78% (451/578)
2023-04-26T19:17:01.8547305Z Resolving deltas:  79% (457/578)
2023-04-26T19:17:01.8548988Z Resolving deltas:  80% (463/578)
2023-04-26T19:17:01.8550975Z Resolving deltas:  81% (469/578)
2023-04-26T19:17:01.8552493Z Resolving deltas:  82% (474/578)
2023-04-26T19:17:01.8554090Z Resolving deltas:  83% (480/578)
2023-04-26T19:17:01.8555659Z Resolving deltas:  84% (486/578)
2023-04-26T19:17:01.8557255Z Resolving deltas:  85% (492/578)
2023-04-26T19:17:01.8558845Z Resolving deltas:  86% (498/578)
2023-04-26T19:17:01.8560560Z Resolving deltas:  87% (503/578)
2023-04-26T19:17:01.8561209Z Resolving deltas:  88% (509/578)
2023-04-26T19:17:01.8564459Z Resolving deltas:  89% (515/578)
2023-04-26T19:17:01.8564989Z Resolving deltas:  90% (521/578)
2023-04-26T19:17:01.8571500Z Resolving deltas:  91% (526/578)
2023-04-26T19:17:01.8577200Z Resolving deltas:  92% (532/578)
2023-04-26T19:17:01.8581168Z Resolving deltas:  93% (538/578)
2023-04-26T19:17:01.8584015Z Resolving deltas:  94% (544/578)
2023-04-26T19:17:01.8584528Z Resolving deltas:  95% (550/578)
2023-04-26T19:17:01.8590283Z Resolving deltas:  96% (555/578)
2023-04-26T19:17:01.8597409Z Resolving deltas:  97% (561/578)
2023-04-26T19:17:01.8599300Z Resolving deltas:  98% (567/578)
2023-04-26T19:17:01.8604245Z Resolving deltas:  99% (573/578)
2023-04-26T19:17:01.8604742Z Resolving deltas: 100% (578/578)
2023-04-26T19:17:01.8605421Z Resolving deltas: 100% (578/578), done.
2023-04-26T19:17:01.8715895Z From https://github.com/con/tinuous
2023-04-26T19:17:01.8717025Z  * [new branch]      gh-124                                   -> origin/gh-124
2023-04-26T19:17:01.8717938Z  * [new branch]      gh-55                                    -> origin/gh-55
2023-04-26T19:17:01.8727141Z  * [new branch]      master                                   -> origin/master
2023-04-26T19:17:01.8728031Z  * [new branch]      no-extra-search                          -> origin/no-extra-search
2023-04-26T19:17:01.8728974Z  * [new branch]      test-appveyor                            -> origin/test-appveyor
2023-04-26T19:17:01.8729844Z  * [new tag]         0.1.0                                    -> 0.1.0
2023-04-26T19:17:01.8730678Z  * [new tag]         0.2.0                                    -> 0.2.0
2023-04-26T19:17:01.8731274Z  * [new tag]         0.3.0                                    -> 0.3.0
2023-04-26T19:17:01.8732080Z  * [new tag]         0.4.0                                    -> 0.4.0
2023-04-26T19:17:01.8732670Z  * [new tag]         0.5.0                                    -> 0.5.0
2023-04-26T19:17:01.8733448Z  * [new tag]         0.5.1                                    -> 0.5.1
2023-04-26T19:17:01.8734032Z  * [new tag]         0.5.2                                    -> 0.5.2
2023-04-26T19:17:01.8734753Z  * [new tag]         0.5.3                                    -> 0.5.3
2023-04-26T19:17:01.8735683Z  * [new tag]         0.5.4                                    -> 0.5.4
2023-04-26T19:17:01.8736477Z  * [new tag]         0.6.0                                    -> 0.6.0
2023-04-26T19:17:01.8737056Z  * [new tag]         0.6.1                                    -> 0.6.1
2023-04-26T19:17:01.8737865Z  * [new ref]         eabe4d00e0cac3226c5b74227f4181fa6dca2965 -> pull/164/merge
2023-04-26T19:17:01.8750660Z ##[endgroup]
2023-04-26T19:17:01.8751372Z ##[group]Determining the checkout info
2023-04-26T19:17:01.8752594Z ##[endgroup]
2023-04-26T19:17:01.8753022Z ##[group]Checking out the ref
2023-04-26T19:17:01.8757386Z [command]/usr/bin/git checkout --progress --force refs/remotes/pull/164/merge
2023-04-26T19:17:01.8819525Z Note: switching to 'refs/remotes/pull/164/merge'.
2023-04-26T19:17:01.8820103Z 
2023-04-26T19:17:01.8820575Z You are in 'detached HEAD' state. You can look around, make experimental
2023-04-26T19:17:01.8821825Z changes and commit them, and you can discard any commits you make in this
2023-04-26T19:17:01.8822584Z state without impacting any branches by switching back to a branch.
2023-04-26T19:17:01.8823218Z 
2023-04-26T19:17:01.8823593Z If you want to create a new branch to retain commits you create, you may
2023-04-26T19:17:01.8824654Z do so (now or later) by using -c with the switch command. Example:
2023-04-26T19:17:01.8825064Z 
2023-04-26T19:17:01.8825618Z   git switch -c <new-branch-name>
2023-04-26T19:17:01.8825966Z 
2023-04-26T19:17:01.8826453Z Or undo this operation with:
2023-04-26T19:17:01.8826778Z 
2023-04-26T19:17:01.8827230Z   git switch -
2023-04-26T19:17:01.8827529Z 
2023-04-26T19:17:01.8828080Z Turn off this advice by setting config variable advice.detachedHead to false
2023-04-26T19:17:01.8828536Z 
2023-04-26T19:17:01.8829135Z HEAD is now at eabe4d0 Merge d5708f0d26d50373691b6dde9edb3ba4d7a107fb into 3deb066da94165e75d6893a090a8788a5a81a925
2023-04-26T19:17:01.8830996Z ##[endgroup]
2023-04-26T19:17:01.8870369Z [command]/usr/bin/git log -1 --format='%H'
2023-04-26T19:17:01.8899845Z 'eabe4d00e0cac3226c5b74227f4181fa6dca2965'
2023-04-26T19:17:01.9366628Z ##[group]Run actions/setup-python@v4
2023-04-26T19:17:01.9366870Z with:
2023-04-26T19:17:01.9367076Z   python-version: 3.8
2023-04-26T19:17:01.9367305Z   check-latest: false
2023-04-26T19:17:01.9367666Z   token: ***
2023-04-26T19:17:01.9367877Z   update-environment: true
2023-04-26T19:17:01.9368118Z   allow-prereleases: false
2023-04-26T19:17:01.9368326Z ##[endgroup]
2023-04-26T19:17:02.1025758Z ##[group]Installed versions
2023-04-26T19:17:02.1158161Z Successfully set up CPython (3.8.16)
2023-04-26T19:17:02.1161301Z ##[endgroup]
2023-04-26T19:17:02.1319890Z ##[group]Run python -m pip install --upgrade pip wheel
2023-04-26T19:17:02.1320290Z [36;1mpython -m pip install --upgrade pip wheel[0m
2023-04-26T19:17:02.1320619Z [36;1mpython -m pip install --upgrade --upgrade-strategy=eager tox[0m
2023-04-26T19:17:02.1382580Z shell: /usr/bin/bash -e {0}
2023-04-26T19:17:02.1382827Z env:
2023-04-26T19:17:02.1383110Z   pythonLocation: /opt/hostedtoolcache/Python/3.8.16/x64
2023-04-26T19:17:02.1383463Z   PKG_CONFIG_PATH: /opt/hostedtoolcache/Python/3.8.16/x64/lib/pkgconfig
2023-04-26T19:17:02.1383800Z   Python_ROOT_DIR: /opt/hostedtoolcache/Python/3.8.16/x64
2023-04-26T19:17:02.1384117Z   Python2_ROOT_DIR: /opt/hostedtoolcache/Python/3.8.16/x64
2023-04-26T19:17:02.1384415Z   Python3_ROOT_DIR: /opt/hostedtoolcache/Python/3.8.16/x64
2023-04-26T19:17:02.1384732Z   LD_LIBRARY_PATH: /opt/hostedtoolcache/Python/3.8.16/x64/lib
2023-04-26T19:17:02.1384996Z ##[endgroup]
2023-04-26T19:17:04.2032036Z Requirement already satisfied: pip in /opt/hostedtoolcache/Python/3.8.16/x64/lib/python3.8/site-packages (22.0.4)
2023-04-26T19:17:04.4185077Z Collecting pip
2023-04-26T19:17:04.5278539Z   Downloading pip-23.1.2-py3-none-any.whl (2.1 MB)
2023-04-26T19:17:04.7080311Z      ━━━━━━━━━━━━━━━━━━━━━━━━━━━━━━━━━━━━━━━━ 2.1/2.1 MB 11.7 MB/s eta 0:00:00
2023-04-26T19:17:04.7758876Z Collecting wheel
2023-04-26T19:17:04.7878175Z   Downloading wheel-0.40.0-py3-none-any.whl (64 kB)
2023-04-26T19:17:04.7935914Z      ━━━━━━━━━━━━━━━━━━━━━━━━━━━━━━━━━━━━━━━━ 64.5/64.5 kB 18.3 MB/s eta 0:00:00
2023-04-26T19:17:04.8369896Z Installing collected packages: wheel, pip
2023-04-26T19:17:04.8859821Z   Attempting uninstall: pip
2023-04-26T19:17:04.8867326Z     Found existing installation: pip 22.0.4
2023-04-26T19:17:04.9492181Z     Uninstalling pip-22.0.4:
2023-04-26T19:17:05.0194250Z       Successfully uninstalled pip-22.0.4
2023-04-26T19:17:06.1502512Z Successfully installed pip-23.1.2 wheel-0.40.0
2023-04-26T19:17:07.1888634Z Collecting tox
2023-04-26T19:17:07.3144804Z   Downloading tox-4.5.1-py3-none-any.whl (148 kB)
2023-04-26T19:17:07.3586944Z      ━━━━━━━━━━━━━━━━━━━━━━━━━━━━━━━━━━━━━━━ 149.0/149.0 kB 4.3 MB/s eta 0:00:00
2023-04-26T19:17:07.4321319Z Collecting cachetools>=5.3 (from tox)
2023-04-26T19:17:07.4540788Z   Downloading cachetools-5.3.0-py3-none-any.whl (9.3 kB)
2023-04-26T19:17:07.4837344Z Collecting chardet>=5.1 (from tox)
2023-04-26T19:17:07.4971628Z   Downloading chardet-5.1.0-py3-none-any.whl (199 kB)
2023-04-26T19:17:07.5263226Z      ━━━━━━━━━━━━━━━━━━━━━━━━━━━━━━━━━━━━━━━ 199.1/199.1 kB 7.3 MB/s eta 0:00:00
2023-04-26T19:17:07.5663730Z Collecting colorama>=0.4.6 (from tox)
2023-04-26T19:17:07.5791368Z   Downloading colorama-0.4.6-py2.py3-none-any.whl (25 kB)
2023-04-26T19:17:07.6254136Z Collecting filelock>=3.11 (from tox)
2023-04-26T19:17:07.6374667Z   Downloading filelock-3.12.0-py3-none-any.whl (10 kB)
2023-04-26T19:17:07.6848462Z Collecting packaging>=23.1 (from tox)
2023-04-26T19:17:07.6971483Z   Downloading packaging-23.1-py3-none-any.whl (48 kB)
2023-04-26T19:17:07.7047743Z      ━━━━━━━━━━━━━━━━━━━━━━━━━━━━━━━━━━━━━━━━ 48.9/48.9 kB 8.8 MB/s eta 0:00:00
2023-04-26T19:17:07.7407051Z Collecting platformdirs>=3.2 (from tox)
2023-04-26T19:17:07.7529938Z   Downloading platformdirs-3.4.0-py3-none-any.whl (15 kB)
2023-04-26T19:17:07.7907689Z Collecting pluggy>=1 (from tox)
2023-04-26T19:17:07.8027085Z   Downloading pluggy-1.0.0-py2.py3-none-any.whl (13 kB)
2023-04-26T19:17:07.8340929Z Collecting pyproject-api>=1.5.1 (from tox)
2023-04-26T19:17:07.8460496Z   Downloading pyproject_api-1.5.1-py3-none-any.whl (12 kB)
2023-04-26T19:17:07.8837613Z Collecting tomli>=2.0.1 (from tox)
2023-04-26T19:17:07.8961655Z   Downloading tomli-2.0.1-py3-none-any.whl (12 kB)
2023-04-26T19:17:08.0304511Z Collecting virtualenv>=20.21 (from tox)
2023-04-26T19:17:08.0442041Z   Downloading virtualenv-20.22.0-py3-none-any.whl (3.2 MB)
2023-04-26T19:17:08.2526859Z      ━━━━━━━━━━━━━━━━━━━━━━━━━━━━━━━━━━━━━━━━ 3.2/3.2 MB 15.8 MB/s eta 0:00:00
2023-04-26T19:17:08.3723248Z Collecting distlib<1,>=0.3.6 (from virtualenv>=20.21->tox)
2023-04-26T19:17:08.3908230Z   Downloading distlib-0.3.6-py2.py3-none-any.whl (468 kB)
2023-04-26T19:17:08.4155887Z      ━━━━━━━━━━━━━━━━━━━━━━━━━━━━━━━━━━━━━━ 468.5/468.5 kB 21.9 MB/s eta 0:00:00
2023-04-26T19:17:08.5774839Z Installing collected packages: distlib, tomli, pluggy, platformdirs, packaging, filelock, colorama, chardet, cachetools, virtualenv, pyproject-api, tox
2023-04-26T19:17:09.2455604Z Successfully installed cachetools-5.3.0 chardet-5.1.0 colorama-0.4.6 distlib-0.3.6 filelock-3.12.0 packaging-23.1 platformdirs-3.4.0 pluggy-1.0.0 pyproject-api-1.5.1 tomli-2.0.1 tox-4.5.1 virtualenv-20.22.0
2023-04-26T19:17:09.4343888Z ##[group]Run tox -e typing
2023-04-26T19:17:09.4344137Z [36;1mtox -e typing[0m
2023-04-26T19:17:09.4399104Z shell: /usr/bin/bash -e {0}
2023-04-26T19:17:09.4399321Z env:
2023-04-26T19:17:09.4399602Z   pythonLocation: /opt/hostedtoolcache/Python/3.8.16/x64
2023-04-26T19:17:09.4399956Z   PKG_CONFIG_PATH: /opt/hostedtoolcache/Python/3.8.16/x64/lib/pkgconfig
2023-04-26T19:17:09.4400292Z   Python_ROOT_DIR: /opt/hostedtoolcache/Python/3.8.16/x64
2023-04-26T19:17:09.4400615Z   Python2_ROOT_DIR: /opt/hostedtoolcache/Python/3.8.16/x64
2023-04-26T19:17:09.4400933Z   Python3_ROOT_DIR: /opt/hostedtoolcache/Python/3.8.16/x64
2023-04-26T19:17:09.4401245Z   LD_LIBRARY_PATH: /opt/hostedtoolcache/Python/3.8.16/x64/lib
2023-04-26T19:17:09.4401720Z ##[endgroup]
2023-04-26T19:17:10.1069805Z typing: install_deps> python -I -m pip install 'mypy~=0.900' 'pytest-cov~=2.0' 'pytest-mock~=3.0' 'pytest~=6.0' types-python-dateutil types-PyYAML types-requests
2023-04-26T19:17:16.1116828Z .pkg: install_requires> python -I -m pip install 'setuptools>=46.4.0' 'wheel~=0.32'
2023-04-26T19:17:17.3476509Z .pkg: _optional_hooks> python /opt/hostedtoolcache/Python/3.8.16/x64/lib/python3.8/site-packages/pyproject_api/_backend.py True setuptools.build_meta
2023-04-26T19:17:17.6268657Z .pkg: get_requires_for_build_sdist> python /opt/hostedtoolcache/Python/3.8.16/x64/lib/python3.8/site-packages/pyproject_api/_backend.py True setuptools.build_meta
2023-04-26T19:17:17.7579544Z .pkg: freeze> python -m pip freeze --all
2023-04-26T19:17:18.1505093Z .pkg: pip==23.1,setuptools==67.6.1,wheel==0.40.0
2023-04-26T19:17:18.1512278Z .pkg: prepare_metadata_for_build_wheel> python /opt/hostedtoolcache/Python/3.8.16/x64/lib/python3.8/site-packages/pyproject_api/_backend.py True setuptools.build_meta
2023-04-26T19:17:18.2784835Z .pkg: build_sdist> python /opt/hostedtoolcache/Python/3.8.16/x64/lib/python3.8/site-packages/pyproject_api/_backend.py True setuptools.build_meta
2023-04-26T19:17:18.3887831Z typing: install_package_deps> python -I -m pip install 'PyGithub~=1.55' 'PyYAML~=5.0' 'click-loglevel~=0.2' 'click>=7.0' 'in-place~=0.4' 'pydantic~=1.7' 'python-dateutil~=2.7' 'python-dotenv~=0.11' 'requests~=2.20'
2023-04-26T19:17:23.8841094Z typing: install_package> python -I -m pip install --force-reinstall --no-deps /home/runner/work/tinuous/tinuous/.tox/.tmp/package/1/tinuous-0.6.1+5.geabe4d0.tar.gz
2023-04-26T19:17:27.3852871Z typing: freeze> python -m pip freeze --all
2023-04-26T19:17:27.8118804Z typing: attrs==23.1.0,certifi==2022.12.7,cffi==1.15.1,charset-normalizer==3.1.0,click==8.1.3,click-loglevel==0.4.0.post1,coverage==7.2.3,cryptography==40.0.2,Deprecated==1.2.13,idna==3.4,in-place==0.5.0,iniconfig==2.0.0,mypy==0.991,mypy-extensions==1.0.0,packaging==23.1,pip==23.1,pluggy==1.0.0,py==1.11.0,pycparser==2.21,pydantic==1.10.7,PyGithub==1.58.1,PyJWT==2.6.0,PyNaCl==1.5.0,pytest==6.2.5,pytest-cov==2.12.1,pytest-mock==3.10.0,python-dateutil==2.8.2,python-dotenv==0.21.1,PyYAML==5.4.1,requests==2.29.0,setuptools==67.6.1,six==1.16.0,tinuous @ file:///home/runner/work/tinuous/tinuous/.tox/.tmp/package/1/tinuous-0.6.1%2B5.geabe4d0.tar.gz#sha256=7c14987ac81835c7e2205768aa7e9337cc0996c99a3731a2b7b95d207043b587,toml==0.10.2,tomli==2.0.1,types-python-dateutil==2.8.19.12,types-PyYAML==6.0.12.9,types-requests==2.28.11.17,types-urllib3==1.26.25.10,typing_extensions==4.5.0,urllib3==1.26.15,wheel==0.40.0,wrapt==1.15.0
2023-04-26T19:17:27.8127507Z typing: commands[0]> mypy src test
2023-04-26T19:17:39.3669645Z Success: no issues found in 14 source files
2023-04-26T19:17:39.3792168Z .pkg: _exit> python /opt/hostedtoolcache/Python/3.8.16/x64/lib/python3.8/site-packages/pyproject_api/_backend.py True setuptools.build_meta
2023-04-26T19:17:39.4066367Z   typing: OK (29.60=setup[18.04]+cmd[11.56] seconds)
2023-04-26T19:17:39.4066963Z   congratulations :) (29.79 seconds)
2023-04-26T19:17:39.4482443Z Post job cleanup.
2023-04-26T19:17:39.6117216Z Post job cleanup.
2023-04-26T19:17:39.7172685Z [command]/usr/bin/git version
2023-04-26T19:17:39.7223607Z git version 2.40.1
2023-04-26T19:17:39.7280289Z Temporarily overriding HOME='/home/runner/work/_temp/5d0688ad-2616-466c-a7ee-6a0dae7fc952' before making global git config changes
2023-04-26T19:17:39.7284258Z Adding repository directory to the temporary git global config as a safe directory
2023-04-26T19:17:39.7292814Z [command]/usr/bin/git config --global --add safe.directory /home/runner/work/tinuous/tinuous
2023-04-26T19:17:39.7343502Z [command]/usr/bin/git config --local --name-only --get-regexp core\.sshCommand
2023-04-26T19:17:39.7388339Z [command]/usr/bin/git submodule foreach --recursive sh -c "git config --local --name-only --get-regexp 'core\.sshCommand' && git config --local --unset-all 'core.sshCommand' || :"
2023-04-26T19:17:39.7652979Z [command]/usr/bin/git config --local --name-only --get-regexp http\.https\:\/\/github\.com\/\.extraheader
2023-04-26T19:17:39.7671866Z http.https://github.com/.extraheader
2023-04-26T19:17:39.7689133Z [command]/usr/bin/git config --local --unset-all http.https://github.com/.extraheader
2023-04-26T19:17:39.7731178Z [command]/usr/bin/git submodule foreach --recursive sh -c "git config --local --name-only --get-regexp 'http\.https\:\/\/github\.com\/\.extraheader' && git config --local --unset-all 'http.https://github.com/.extraheader' || :"
2023-04-26T19:17:39.8198159Z Cleaning up orphan processes
