2023-11-09T16:12:23.6590361Z Requested labels: ubuntu-latest
2023-11-09T16:12:23.6590607Z Job defined at: con/tinuous/.github/workflows/test.yml@refs/heads/py312
2023-11-09T16:12:23.6590687Z Waiting for a runner to pick up this job...
2023-11-09T16:12:39.5725791Z Job is waiting for a hosted runner to come online.
2023-11-09T16:12:43.2167013Z Job is about to start running on the hosted runner: GitHub Actions 3 (hosted)
2023-11-09T16:12:47.5039387Z Current runner version: '2.311.0'
2023-11-09T16:12:47.5062589Z ##[group]Operating System
2023-11-09T16:12:47.5063291Z Ubuntu
2023-11-09T16:12:47.5063620Z 22.04.3
2023-11-09T16:12:47.5063960Z LTS
2023-11-09T16:12:47.5064317Z ##[endgroup]
2023-11-09T16:12:47.5064720Z ##[group]Runner Image
2023-11-09T16:12:47.5065159Z Image: ubuntu-22.04
2023-11-09T16:12:47.5065581Z Version: 20231030.2.0
2023-11-09T16:12:47.5066560Z Included Software: https://github.com/actions/runner-images/blob/ubuntu22/20231030.2/images/linux/Ubuntu2204-Readme.md
2023-11-09T16:12:47.5067994Z Image Release: https://github.com/actions/runner-images/releases/tag/ubuntu22%2F20231030.2
2023-11-09T16:12:47.5068911Z ##[endgroup]
2023-11-09T16:12:47.5069285Z ##[group]Runner Image Provisioner
2023-11-09T16:12:47.5069750Z 2.0.312.1
2023-11-09T16:12:47.5070100Z ##[endgroup]
2023-11-09T16:12:47.5072268Z ##[group]GITHUB_TOKEN Permissions
2023-11-09T16:12:47.5073972Z Actions: write
2023-11-09T16:12:47.5074373Z Checks: write
2023-11-09T16:12:47.5074925Z Contents: write
2023-11-09T16:12:47.5075450Z Deployments: write
2023-11-09T16:12:47.5075853Z Discussions: write
2023-11-09T16:12:47.5076314Z Issues: write
2023-11-09T16:12:47.5076635Z Metadata: read
2023-11-09T16:12:47.5077000Z Packages: write
2023-11-09T16:12:47.5077463Z Pages: write
2023-11-09T16:12:47.5077790Z PullRequests: write
2023-11-09T16:12:47.5078203Z RepositoryProjects: write
2023-11-09T16:12:47.5078725Z SecurityEvents: write
2023-11-09T16:12:47.5079130Z Statuses: write
2023-11-09T16:12:47.5079499Z ##[endgroup]
2023-11-09T16:12:47.5083086Z Secret source: Actions
2023-11-09T16:12:47.5083647Z Prepare workflow directory
2023-11-09T16:12:47.5714259Z Prepare all required actions
2023-11-09T16:12:47.5873540Z Getting action download info
2023-11-09T16:12:47.8206471Z Download action repository 'actions/checkout@v4' (SHA:b4ffde65f46336ab88eb53be808477a3936bae11)
2023-11-09T16:12:47.9316170Z Download action repository 'actions/setup-python@v4' (SHA:65d7f2d534ac1bc67fcd62888c5f4f3d2cb2b236)
2023-11-09T16:12:48.0014278Z Download action repository 'codecov/codecov-action@v3' (SHA:eaaf4bedf32dbdc6b720b63067d99c4d77d6047d)
2023-11-09T16:12:48.9498293Z Complete job name: test (3.8, py)
2023-11-09T16:12:49.0420011Z ##[group]Run actions/checkout@v4
2023-11-09T16:12:49.0420461Z with:
2023-11-09T16:12:49.0420908Z   fetch-depth: 0
2023-11-09T16:12:49.0421263Z   repository: con/tinuous
2023-11-09T16:12:49.0421786Z   token: ***
2023-11-09T16:12:49.0422284Z   ssh-strict: true
2023-11-09T16:12:49.0422679Z   persist-credentials: true
2023-11-09T16:12:49.0423019Z   clean: true
2023-11-09T16:12:49.0423452Z   sparse-checkout-cone-mode: true
2023-11-09T16:12:49.0423865Z   fetch-tags: false
2023-11-09T16:12:49.0424193Z   show-progress: true
2023-11-09T16:12:49.0424599Z   lfs: false
2023-11-09T16:12:49.0424912Z   submodules: false
2023-11-09T16:12:49.0425251Z   set-safe-directory: true
2023-11-09T16:12:49.0425683Z ##[endgroup]
2023-11-09T16:12:49.2114292Z Syncing repository: con/tinuous
2023-11-09T16:12:49.2116769Z ##[group]Getting Git version info
2023-11-09T16:12:49.2117934Z Working directory is '/home/runner/work/tinuous/tinuous'
2023-11-09T16:12:49.2119503Z [command]/usr/bin/git version
2023-11-09T16:12:49.2120573Z git version 2.42.0
2023-11-09T16:12:49.2123487Z ##[endgroup]
2023-11-09T16:12:49.2140948Z Temporarily overriding HOME='/home/runner/work/_temp/55767f28-d94a-421b-bde4-adb7e1363396' before making global git config changes
2023-11-09T16:12:49.2142839Z Adding repository directory to the temporary git global config as a safe directory
2023-11-09T16:12:49.2144402Z [command]/usr/bin/git config --global --add safe.directory /home/runner/work/tinuous/tinuous
2023-11-09T16:12:49.2177901Z Deleting the contents of '/home/runner/work/tinuous/tinuous'
2023-11-09T16:12:49.2183653Z ##[group]Initializing the repository
2023-11-09T16:12:49.2186130Z [command]/usr/bin/git init /home/runner/work/tinuous/tinuous
2023-11-09T16:12:49.2249551Z hint: Using 'master' as the name for the initial branch. This default branch name
2023-11-09T16:12:49.2251354Z hint: is subject to change. To configure the initial branch name to use in all
2023-11-09T16:12:49.2252643Z hint: of your new repositories, which will suppress this warning, call:
2023-11-09T16:12:49.2253473Z hint: 
2023-11-09T16:12:49.2254605Z hint: 	git config --global init.defaultBranch <name>
2023-11-09T16:12:49.2255361Z hint: 
2023-11-09T16:12:49.2256138Z hint: Names commonly chosen instead of 'master' are 'main', 'trunk' and
2023-11-09T16:12:49.2257777Z hint: 'development'. The just-created branch can be renamed via this command:
2023-11-09T16:12:49.2258678Z hint: 
2023-11-09T16:12:49.2259167Z hint: 	git branch -m <name>
2023-11-09T16:12:49.2260154Z Initialized empty Git repository in /home/runner/work/tinuous/tinuous/.git/
2023-11-09T16:12:49.2271317Z [command]/usr/bin/git remote add origin https://github.com/con/tinuous
2023-11-09T16:12:49.2307102Z ##[endgroup]
2023-11-09T16:12:49.2308321Z ##[group]Disabling automatic garbage collection
2023-11-09T16:12:49.2311017Z [command]/usr/bin/git config --local gc.auto 0
2023-11-09T16:12:49.2340248Z ##[endgroup]
2023-11-09T16:12:49.2341313Z ##[group]Setting up auth
2023-11-09T16:12:49.2346223Z [command]/usr/bin/git config --local --name-only --get-regexp core\.sshCommand
2023-11-09T16:12:49.2375884Z [command]/usr/bin/git submodule foreach --recursive sh -c "git config --local --name-only --get-regexp 'core\.sshCommand' && git config --local --unset-all 'core.sshCommand' || :"
2023-11-09T16:12:49.2679977Z [command]/usr/bin/git config --local --name-only --get-regexp http\.https\:\/\/github\.com\/\.extraheader
2023-11-09T16:12:49.2708286Z [command]/usr/bin/git submodule foreach --recursive sh -c "git config --local --name-only --get-regexp 'http\.https\:\/\/github\.com\/\.extraheader' && git config --local --unset-all 'http.https://github.com/.extraheader' || :"
2023-11-09T16:12:49.2941615Z [command]/usr/bin/git config --local http.https://github.com/.extraheader AUTHORIZATION: basic ***
2023-11-09T16:12:49.2980288Z ##[endgroup]
2023-11-09T16:12:49.2981575Z ##[group]Fetching the repository
2023-11-09T16:12:49.2986882Z [command]/usr/bin/git -c protocol.version=2 fetch --prune --no-recurse-submodules origin +refs/heads/*:refs/remotes/origin/* +refs/tags/*:refs/tags/*
2023-11-09T16:12:50.1261076Z From https://github.com/con/tinuous
2023-11-09T16:12:50.1262484Z  * [new branch]      gh-55           -> origin/gh-55
2023-11-09T16:12:50.1264282Z  * [new branch]      ghtoken         -> origin/ghtoken
2023-11-09T16:12:50.1265210Z  * [new branch]      headers         -> origin/headers
2023-11-09T16:12:50.1266377Z  * [new branch]      master          -> origin/master
2023-11-09T16:12:50.1267955Z  * [new branch]      mypy-import     -> origin/mypy-import
2023-11-09T16:12:50.1270122Z  * [new branch]      no-extra-search -> origin/no-extra-search
2023-11-09T16:12:50.1272215Z  * [new branch]      pragmata        -> origin/pragmata
2023-11-09T16:12:50.1274099Z  * [new branch]      py312           -> origin/py312
2023-11-09T16:12:50.1276131Z  * [new branch]      pypy            -> origin/pypy
2023-11-09T16:12:50.1278926Z  * [new branch]      test-appveyor   -> origin/test-appveyor
2023-11-09T16:12:50.1280552Z  * [new branch]      unused          -> origin/unused
2023-11-09T16:12:50.1282866Z  * [new branch]      updates         -> origin/updates
2023-11-09T16:12:50.1284282Z  * [new tag]         0.1.0           -> 0.1.0
2023-11-09T16:12:50.1285809Z  * [new tag]         0.2.0           -> 0.2.0
2023-11-09T16:12:50.1287096Z  * [new tag]         0.3.0           -> 0.3.0
2023-11-09T16:12:50.1288516Z  * [new tag]         0.4.0           -> 0.4.0
2023-11-09T16:12:50.1289907Z  * [new tag]         0.5.0           -> 0.5.0
2023-11-09T16:12:50.1291363Z  * [new tag]         0.5.1           -> 0.5.1
2023-11-09T16:12:50.1292748Z  * [new tag]         0.5.2           -> 0.5.2
2023-11-09T16:12:50.1294697Z  * [new tag]         0.5.3           -> 0.5.3
2023-11-09T16:12:50.1295986Z  * [new tag]         0.5.4           -> 0.5.4
2023-11-09T16:12:50.1297334Z  * [new tag]         0.6.0           -> 0.6.0
2023-11-09T16:12:50.1298782Z  * [new tag]         0.6.1           -> 0.6.1
2023-11-09T16:12:50.1333998Z [command]/usr/bin/git branch --list --remote origin/py312
2023-11-09T16:12:50.1358027Z   origin/py312
2023-11-09T16:12:50.1367478Z [command]/usr/bin/git rev-parse refs/remotes/origin/py312
2023-11-09T16:12:50.1387798Z 2f8b45c52aae74f9e283057091d51c21fa17ff34
2023-11-09T16:12:50.1393203Z ##[endgroup]
2023-11-09T16:12:50.1394390Z ##[group]Determining the checkout info
2023-11-09T16:12:50.1395499Z ##[endgroup]
2023-11-09T16:12:50.1396531Z ##[group]Checking out the ref
2023-11-09T16:12:50.1399178Z [command]/usr/bin/git checkout --progress --force -B py312 refs/remotes/origin/py312
2023-11-09T16:12:50.1458173Z Switched to a new branch 'py312'
2023-11-09T16:12:50.1459019Z branch 'py312' set up to track 'origin/py312'.
2023-11-09T16:12:50.1464785Z ##[endgroup]
2023-11-09T16:12:50.1497982Z [command]/usr/bin/git log -1 --format='%H'
2023-11-09T16:12:50.1519957Z '2f8b45c52aae74f9e283057091d51c21fa17ff34'
2023-11-09T16:12:50.1831072Z ##[group]Run actions/setup-python@v4
2023-11-09T16:12:50.1831557Z with:
2023-11-09T16:12:50.1831956Z   python-version: 3.8
2023-11-09T16:12:50.1832332Z   check-latest: false
2023-11-09T16:12:50.1832834Z   token: ***
2023-11-09T16:12:50.1833260Z   update-environment: true
2023-11-09T16:12:50.1833610Z   allow-prereleases: false
2023-11-09T16:12:50.1833964Z ##[endgroup]
2023-11-09T16:12:50.4034348Z ##[group]Installed versions
2023-11-09T16:12:50.4147328Z Successfully set up CPython (3.8.18)
2023-11-09T16:12:50.4149078Z ##[endgroup]
2023-11-09T16:12:50.4281862Z ##[group]Run python -m pip install --upgrade pip wheel
2023-11-09T16:12:50.4282591Z [36;1mpython -m pip install --upgrade pip wheel[0m
2023-11-09T16:12:50.4283336Z [36;1mpython -m pip install --upgrade --upgrade-strategy=eager tox[0m
2023-11-09T16:12:50.4343148Z shell: /usr/bin/bash -e {0}
2023-11-09T16:12:50.4343574Z env:
2023-11-09T16:12:50.4343950Z   pythonLocation: /opt/hostedtoolcache/Python/3.8.18/x64
2023-11-09T16:12:50.4344697Z   PKG_CONFIG_PATH: /opt/hostedtoolcache/Python/3.8.18/x64/lib/pkgconfig
2023-11-09T16:12:50.4345351Z   Python_ROOT_DIR: /opt/hostedtoolcache/Python/3.8.18/x64
2023-11-09T16:12:50.4345926Z   Python2_ROOT_DIR: /opt/hostedtoolcache/Python/3.8.18/x64
2023-11-09T16:12:50.4346505Z   Python3_ROOT_DIR: /opt/hostedtoolcache/Python/3.8.18/x64
2023-11-09T16:12:50.4347068Z   LD_LIBRARY_PATH: /opt/hostedtoolcache/Python/3.8.18/x64/lib
2023-11-09T16:12:50.4347568Z ##[endgroup]
2023-11-09T16:12:54.2558850Z Requirement already satisfied: pip in /opt/hostedtoolcache/Python/3.8.18/x64/lib/python3.8/site-packages (23.0.1)
2023-11-09T16:12:54.4363131Z Collecting pip
2023-11-09T16:12:54.5173644Z   Downloading pip-23.3.1-py3-none-any.whl.metadata (3.5 kB)
2023-11-09T16:12:54.5674261Z Collecting wheel
2023-11-09T16:12:54.5781599Z   Downloading wheel-0.41.3-py3-none-any.whl.metadata (2.2 kB)
2023-11-09T16:12:54.5972412Z Downloading pip-23.3.1-py3-none-any.whl (2.1 MB)
2023-11-09T16:12:54.7284134Z    â”â”â”â”â”â”â”â”â”â”â”â”â”â”â”â”â”â”â”â”â”â”â”â”â”â”â”â”â”â”â”â”â”â”â”â”â”â”â”â” 2.1/2.1 MB 16.5 MB/s eta 0:00:00
2023-11-09T16:12:54.7388699Z Downloading wheel-0.41.3-py3-none-any.whl (65 kB)
2023-11-09T16:12:54.7444930Z    â”â”â”â”â”â”â”â”â”â”â”â”â”â”â”â”â”â”â”â”â”â”â”â”â”â”â”â”â”â”â”â”â”â”â”â”â”â”â”â” 65.8/65.8 kB 18.0 MB/s eta 0:00:00
2023-11-09T16:12:54.8040411Z Installing collected packages: wheel, pip
2023-11-09T16:12:54.8445253Z   Attempting uninstall: pip
2023-11-09T16:12:54.8452050Z     Found existing installation: pip 23.0.1
2023-11-09T16:12:54.9594333Z     Uninstalling pip-23.0.1:
2023-11-09T16:12:55.0067087Z       Successfully uninstalled pip-23.0.1
2023-11-09T16:12:55.9436285Z Successfully installed pip-23.3.1 wheel-0.41.3
2023-11-09T16:12:56.7251205Z Collecting tox
2023-11-09T16:12:56.7920360Z   Downloading tox-4.11.3-py3-none-any.whl.metadata (5.0 kB)
2023-11-09T16:12:56.8536074Z Collecting cachetools>=5.3.1 (from tox)
2023-11-09T16:12:56.8645429Z   Downloading cachetools-5.3.2-py3-none-any.whl.metadata (5.2 kB)
2023-11-09T16:12:56.8884532Z Collecting chardet>=5.2 (from tox)
2023-11-09T16:12:56.8990940Z   Downloading chardet-5.2.0-py3-none-any.whl.metadata (3.4 kB)
2023-11-09T16:12:56.9315508Z Collecting colorama>=0.4.6 (from tox)
2023-11-09T16:12:56.9440464Z   Downloading colorama-0.4.6-py2.py3-none-any.whl (25 kB)
2023-11-09T16:12:56.9873806Z Collecting filelock>=3.12.3 (from tox)
2023-11-09T16:12:56.9977383Z   Downloading filelock-3.13.1-py3-none-any.whl.metadata (2.8 kB)
2023-11-09T16:12:57.0336575Z Collecting packaging>=23.1 (from tox)
2023-11-09T16:12:57.0652245Z   Downloading packaging-23.2-py3-none-any.whl.metadata (3.2 kB)
2023-11-09T16:12:57.1020861Z Collecting platformdirs>=3.10 (from tox)
2023-11-09T16:12:57.1138884Z   Downloading platformdirs-3.11.0-py3-none-any.whl.metadata (11 kB)
2023-11-09T16:12:57.1443285Z Collecting pluggy>=1.3 (from tox)
2023-11-09T16:12:57.1553183Z   Downloading pluggy-1.3.0-py3-none-any.whl.metadata (4.3 kB)
2023-11-09T16:12:57.1859473Z Collecting pyproject-api>=1.6.1 (from tox)
2023-11-09T16:12:57.2066172Z   Downloading pyproject_api-1.6.1-py3-none-any.whl.metadata (2.8 kB)
2023-11-09T16:12:57.2360707Z Collecting tomli>=2.0.1 (from tox)
2023-11-09T16:12:57.2471293Z   Downloading tomli-2.0.1-py3-none-any.whl (12 kB)
2023-11-09T16:12:57.3521790Z Collecting virtualenv>=20.24.3 (from tox)
2023-11-09T16:12:57.3677970Z   Downloading virtualenv-20.24.6-py3-none-any.whl.metadata (4.5 kB)
2023-11-09T16:12:57.4558616Z Collecting distlib<1,>=0.3.7 (from virtualenv>=20.24.3->tox)
2023-11-09T16:12:57.4697020Z   Downloading distlib-0.3.7-py2.py3-none-any.whl.metadata (5.1 kB)
2023-11-09T16:12:57.4989821Z Downloading tox-4.11.3-py3-none-any.whl (153 kB)
2023-11-09T16:12:57.5150277Z    â”â”â”â”â”â”â”â”â”â”â”â”â”â”â”â”â”â”â”â”â”â”â”â”â”â”â”â”â”â”â”â”â”â”â”â”â”â”â”â” 153.8/153.8 kB 10.8 MB/s eta 0:00:00
2023-11-09T16:12:57.5254839Z Downloading cachetools-5.3.2-py3-none-any.whl (9.3 kB)
2023-11-09T16:12:57.5434540Z Downloading chardet-5.2.0-py3-none-any.whl (199 kB)
2023-11-09T16:12:57.5504066Z    â”â”â”â”â”â”â”â”â”â”â”â”â”â”â”â”â”â”â”â”â”â”â”â”â”â”â”â”â”â”â”â”â”â”â”â”â”â”â”â” 199.4/199.4 kB 42.3 MB/s eta 0:00:00
2023-11-09T16:12:57.5614757Z Downloading filelock-3.13.1-py3-none-any.whl (11 kB)
2023-11-09T16:12:57.5873005Z Downloading packaging-23.2-py3-none-any.whl (53 kB)
2023-11-09T16:12:57.5931069Z    â”â”â”â”â”â”â”â”â”â”â”â”â”â”â”â”â”â”â”â”â”â”â”â”â”â”â”â”â”â”â”â”â”â”â”â”â”â”â”â” 53.0/53.0 kB 13.8 MB/s eta 0:00:00
2023-11-09T16:12:57.6094527Z Downloading platformdirs-3.11.0-py3-none-any.whl (17 kB)
2023-11-09T16:12:57.6233613Z Downloading pluggy-1.3.0-py3-none-any.whl (18 kB)
2023-11-09T16:12:57.6378148Z Downloading pyproject_api-1.6.1-py3-none-any.whl (12 kB)
2023-11-09T16:12:57.6533730Z Downloading virtualenv-20.24.6-py3-none-any.whl (3.8 MB)
2023-11-09T16:12:57.6974537Z    â”â”â”â”â”â”â”â”â”â”â”â”â”â”â”â”â”â”â”â”â”â”â”â”â”â”â”â”â”â”â”â”â”â”â”â”â”â”â”â” 3.8/3.8 MB 90.4 MB/s eta 0:00:00
2023-11-09T16:12:57.7099567Z Downloading distlib-0.3.7-py2.py3-none-any.whl (468 kB)
2023-11-09T16:12:57.7186586Z    â”â”â”â”â”â”â”â”â”â”â”â”â”â”â”â”â”â”â”â”â”â”â”â”â”â”â”â”â”â”â”â”â”â”â”â”â”â”â”â” 468.9/468.9 kB 73.6 MB/s eta 0:00:00
2023-11-09T16:12:57.8482694Z Installing collected packages: distlib, tomli, pluggy, platformdirs, packaging, filelock, colorama, chardet, cachetools, virtualenv, pyproject-api, tox
2023-11-09T16:12:58.3810981Z Successfully installed cachetools-5.3.2 chardet-5.2.0 colorama-0.4.6 distlib-0.3.7 filelock-3.13.1 packaging-23.2 platformdirs-3.11.0 pluggy-1.3.0 pyproject-api-1.6.1 tomli-2.0.1 tox-4.11.3 virtualenv-20.24.6
2023-11-09T16:12:58.4898937Z ##[group]Run tox -e py -- --cov-report=xml
2023-11-09T16:12:58.4899447Z [36;1mtox -e py -- --cov-report=xml[0m
2023-11-09T16:12:58.4943156Z shell: /usr/bin/bash -e {0}
2023-11-09T16:12:58.4943624Z env:
2023-11-09T16:12:58.4944013Z   pythonLocation: /opt/hostedtoolcache/Python/3.8.18/x64
2023-11-09T16:12:58.4944632Z   PKG_CONFIG_PATH: /opt/hostedtoolcache/Python/3.8.18/x64/lib/pkgconfig
2023-11-09T16:12:58.4945319Z   Python_ROOT_DIR: /opt/hostedtoolcache/Python/3.8.18/x64
2023-11-09T16:12:58.4945878Z   Python2_ROOT_DIR: /opt/hostedtoolcache/Python/3.8.18/x64
2023-11-09T16:12:58.4946407Z   Python3_ROOT_DIR: /opt/hostedtoolcache/Python/3.8.18/x64
2023-11-09T16:12:58.4947024Z   LD_LIBRARY_PATH: /opt/hostedtoolcache/Python/3.8.18/x64/lib
2023-11-09T16:12:58.4947722Z ##[endgroup]
2023-11-09T16:12:59.2798254Z py: install_deps> python -I -m pip install pytest pytest-cov pytest-mock
2023-11-09T16:13:01.8113743Z .pkg: install_requires> python -I -m pip install 'setuptools>=46.4.0' versioningit
2023-11-09T16:13:03.3797176Z .pkg: _optional_hooks> python /opt/hostedtoolcache/Python/3.8.18/x64/lib/python3.8/site-packages/pyproject_api/_backend.py True setuptools.build_meta
2023-11-09T16:13:03.7174407Z .pkg: get_requires_for_build_sdist> python /opt/hostedtoolcache/Python/3.8.18/x64/lib/python3.8/site-packages/pyproject_api/_backend.py True setuptools.build_meta
2023-11-09T16:13:03.8246688Z .pkg: get_requires_for_build_wheel> python /opt/hostedtoolcache/Python/3.8.18/x64/lib/python3.8/site-packages/pyproject_api/_backend.py True setuptools.build_meta
2023-11-09T16:13:03.8873583Z .pkg: install_requires_for_build_wheel> python -I -m pip install wheel
2023-11-09T16:13:04.4165851Z .pkg: freeze> python -m pip freeze --all
2023-11-09T16:13:04.7337744Z .pkg: importlib-metadata==6.8.0,packaging==23.2,pip==23.3.1,setuptools==68.2.2,tomli==2.0.1,versioningit==2.2.1,wheel==0.41.2,zipp==3.17.0
2023-11-09T16:13:04.7341697Z .pkg: prepare_metadata_for_build_wheel> python /opt/hostedtoolcache/Python/3.8.18/x64/lib/python3.8/site-packages/pyproject_api/_backend.py True setuptools.build_meta
2023-11-09T16:13:04.8879948Z .pkg: build_sdist> python /opt/hostedtoolcache/Python/3.8.18/x64/lib/python3.8/site-packages/pyproject_api/_backend.py True setuptools.build_meta
2023-11-09T16:13:04.9727556Z py: install_package_deps> python -I -m pip install 'PyYAML>=5.0' 'click-loglevel~=0.2' 'click>=7.0' 'in-place~=0.4' 'pydantic~=1.7' 'python-dateutil~=2.7' 'python-dotenv<2.0,>=0.11' 'requests~=2.20'
2023-11-09T16:13:07.4661778Z py: install_package> python -I -m pip install --force-reinstall --no-deps /home/runner/work/tinuous/tinuous/.tox/.tmp/package/1/tinuous-0.6.1.post46+g2f8b45c.tar.gz
2023-11-09T16:13:11.1827987Z py: freeze> python -m pip freeze --all
2023-11-09T16:13:11.5024159Z py: certifi==2023.7.22,charset-normalizer==3.3.2,click==8.1.7,click-loglevel==0.5.0,coverage==7.3.2,exceptiongroup==1.1.3,idna==3.4,in-place==0.5.0,iniconfig==2.0.0,packaging==23.2,pip==23.3.1,pluggy==1.3.0,pydantic==1.10.13,pytest==7.4.3,pytest-cov==4.1.0,pytest-mock==3.12.0,python-dateutil==2.8.2,python-dotenv==1.0.0,PyYAML==6.0.1,requests==2.31.0,setuptools==68.2.2,six==1.16.0,tinuous @ file:///home/runner/work/tinuous/tinuous/.tox/.tmp/package/1/tinuous-0.6.1.post46%2Bg2f8b45c.tar.gz#sha256=2d64e69111e51c4cf48695e0c66efac07dc66702cf35147798608afe981d103c,tomli==2.0.1,typing_extensions==4.8.0,urllib3==2.0.7,wheel==0.41.2
2023-11-09T16:13:11.5028353Z py: commands[0]> tinuous --help
2023-11-09T16:13:11.7376810Z Usage: tinuous [OPTIONS] COMMAND [ARGS]...
2023-11-09T16:13:11.7377369Z 
2023-11-09T16:13:11.7377907Z   Download build logs from GitHub Actions, Travis, Appveyor, and CircleCI
2023-11-09T16:13:11.7378884Z 
2023-11-09T16:13:11.7379145Z Options:
2023-11-09T16:13:11.7380021Z   -V, --version                   Show the version and exit.
2023-11-09T16:13:11.7381237Z   -c, --config FILE               Read configuration from the given file
2023-11-09T16:13:11.7382181Z                                   [default: tinuous.yaml]
2023-11-09T16:13:11.7383348Z   -E, --env FILE                  Load environment variables from given .env
2023-11-09T16:13:11.7384041Z                                   file
2023-11-09T16:13:11.7384647Z   -l, --log-level [NOTSET|DEBUG|INFO|WARNING|ERROR|CRITICAL]
2023-11-09T16:13:11.7385200Z                                   Set logging level  [default: INFO]
2023-11-09T16:13:11.7385879Z   --help                          Show this message and exit.
2023-11-09T16:13:11.7386271Z 
2023-11-09T16:13:11.7386390Z Commands:
2023-11-09T16:13:11.7386714Z   fetch         Download logs
2023-11-09T16:13:11.7387250Z   fetch-commit  Download logs for a specific commit
2023-11-09T16:13:11.7387789Z   sanitize      Sanitize secrets in logs
2023-11-09T16:13:11.7604298Z py: commands[1]> pytest --cov-report=xml test
2023-11-09T16:13:12.9952911Z ============================= test session starts ==============================
2023-11-09T16:13:12.9954423Z platform linux -- Python 3.8.18, pytest-7.4.3, pluggy-1.3.0
2023-11-09T16:13:12.9955725Z cachedir: .tox/py/.pytest_cache
2023-11-09T16:13:12.9956497Z rootdir: /home/runner/work/tinuous/tinuous
2023-11-09T16:13:12.9957264Z configfile: tox.ini
2023-11-09T16:13:12.9958157Z plugins: mock-3.12.0, cov-4.1.0
2023-11-09T16:13:12.9958802Z collected 64 items
2023-11-09T16:13:12.9959180Z 
2023-11-09T16:13:13.0100405Z test/test_base.py .........                                              [ 14%]
2023-11-09T16:13:13.0227388Z test/test_config.py ........                                             [ 26%]
2023-11-09T16:13:13.0447927Z test/test_state.py ........                                              [ 39%]
2023-11-09T16:13:13.3042501Z test/test_util.py .......................................                [100%]
2023-11-09T16:13:13.3043650Z 
2023-11-09T16:13:13.3044574Z ---------- coverage: platform linux, python 3.8.18-final-0 -----------
2023-11-09T16:13:13.3045536Z Coverage XML written to file coverage.xml
2023-11-09T16:13:13.3045996Z 
2023-11-09T16:13:13.3046005Z 
2023-11-09T16:13:13.3046551Z ============================== 64 passed in 0.67s ==============================
2023-11-09T16:13:13.3487030Z .pkg: _exit> python /opt/hostedtoolcache/Python/3.8.18/x64/lib/python3.8/site-packages/pyproject_api/_backend.py True setuptools.build_meta
2023-11-09T16:13:13.3758833Z   py: OK (14.41=setup[12.57]+cmd[0.26,1.59] seconds)
2023-11-09T16:13:13.3759669Z   congratulations :) (14.61 seconds)
2023-11-09T16:13:13.4101390Z ##[group]Run codecov/codecov-action@v3
2023-11-09T16:13:13.4101871Z with:
2023-11-09T16:13:13.4102149Z   fail_ci_if_error: false
2023-11-09T16:13:13.4102600Z env:
2023-11-09T16:13:13.4102979Z   pythonLocation: /opt/hostedtoolcache/Python/3.8.18/x64
2023-11-09T16:13:13.4103620Z   PKG_CONFIG_PATH: /opt/hostedtoolcache/Python/3.8.18/x64/lib/pkgconfig
2023-11-09T16:13:13.4104325Z   Python_ROOT_DIR: /opt/hostedtoolcache/Python/3.8.18/x64
2023-11-09T16:13:13.4104918Z   Python2_ROOT_DIR: /opt/hostedtoolcache/Python/3.8.18/x64
2023-11-09T16:13:13.4105439Z   Python3_ROOT_DIR: /opt/hostedtoolcache/Python/3.8.18/x64
2023-11-09T16:13:13.4106089Z   LD_LIBRARY_PATH: /opt/hostedtoolcache/Python/3.8.18/x64/lib
2023-11-09T16:13:13.4106590Z ##[endgroup]
2023-11-09T16:13:13.5333208Z ==> linux OS detected
2023-11-09T16:13:13.9006143Z https://uploader.codecov.io/latest/linux/codecov.SHA256SUM
2023-11-09T16:13:14.0214983Z ==> SHASUM file signed by key id 806bb28aed779869
2023-11-09T16:13:14.1091511Z ==> Uploader SHASUM verified (b9282b8b43eef83f722646d8992c4dd36563046afe0806722184e7e9923a6d7b  codecov)
2023-11-09T16:13:14.1092762Z ==> Running version latest
2023-11-09T16:13:14.2375702Z ==> Running version v0.7.1
2023-11-09T16:13:14.2393163Z [command]/home/runner/work/_actions/codecov/codecov-action/v3/dist/codecov -n  -Q github-action-3.1.4
2023-11-09T16:13:14.4584673Z [2023-11-09T16:13:14.456Z] ['info'] 
2023-11-09T16:13:14.4585469Z      _____          _
2023-11-09T16:13:14.4586367Z     / ____|        | |
2023-11-09T16:13:14.4591487Z    | |     ___   __| | ___  ___ _____   __
2023-11-09T16:13:14.4594692Z    | |    / _ \ / _` |/ _ \/ __/ _ \ \ / /
2023-11-09T16:13:14.4595991Z    | |___| (_) | (_| |  __/ (_| (_) \ V /
2023-11-09T16:13:14.4596763Z     \_____\___/ \__,_|\___|\___\___/ \_/
2023-11-09T16:13:14.4597375Z 
2023-11-09T16:13:14.4597665Z   Codecov report uploader 0.7.1
2023-11-09T16:13:14.4654883Z [2023-11-09T16:13:14.465Z] ['info'] => Project root located at: /home/runner/work/tinuous/tinuous
2023-11-09T16:13:14.4677006Z [2023-11-09T16:13:14.467Z] ['info'] -> No token specified or token is empty
2023-11-09T16:13:14.4764658Z [2023-11-09T16:13:14.476Z] ['info'] Searching for coverage files...
2023-11-09T16:13:14.5274773Z [2023-11-09T16:13:14.527Z] ['info'] Warning: Some files located via search were excluded from upload.
2023-11-09T16:13:14.5277202Z [2023-11-09T16:13:14.527Z] ['info'] If Codecov did not locate your files, please review https://docs.codecov.com/docs/supported-report-formats
2023-11-09T16:13:14.5278982Z [2023-11-09T16:13:14.527Z] ['info'] => Found 1 possible coverage files:
2023-11-09T16:13:14.5279520Z   coverage.xml
2023-11-09T16:13:14.5280202Z [2023-11-09T16:13:14.527Z] ['info'] Processing /home/runner/work/tinuous/tinuous/coverage.xml...
2023-11-09T16:13:14.5311081Z [2023-11-09T16:13:14.530Z] ['info'] Detected GitHub Actions as the CI provider.
2023-11-09T16:13:15.1993310Z [2023-11-09T16:13:15.198Z] ['info'] Pinging Codecov: https://codecov.io/upload/v4?package=github-action-3.1.4-uploader-0.7.1&token=*******&branch=py312&build=6814447706&build_url=https%3A%2F%2Fgithub.com%2Fcon%2Ftinuous%2Factions%2Fruns%2F6814447706&commit=2f8b45c52aae74f9e283057091d51c21fa17ff34&job=Test&pr=&service=github-actions&slug=con%2Ftinuous&name=&tag=&flags=&parent=
2023-11-09T16:13:15.5876520Z [2023-11-09T16:13:15.587Z] ['info'] https://app.codecov.io/github/con/tinuous/commit/2f8b45c52aae74f9e283057091d51c21fa17ff34
2023-11-09T16:13:15.5880715Z https://storage.googleapis.com/codecov/v4/raw/2023-11-09/0010CBA6D851417C00BB0BC3FC5895F9/2f8b45c52aae74f9e283057091d51c21fa17ff34/c0a8332a-c6c9-4e9f-a002-ff982ee5c262.txt?X-Amz-Algorithm=AWS4-HMAC-SHA256&X-Amz-Credential=GOOG1EJOGFN2JQ4OCTGA2MU5AEIT7OT5Z7HTFOAN2SPG4NWSN2UJYOY5U6LZQ%2F20231109%2FUS%2Fs3%2Faws4_request&X-Amz-Date=20231109T161315Z&X-Amz-Expires=10&X-Amz-SignedHeaders=host&X-Amz-Signature=d0bc3999c9609f9d8868a5a62c1f1bc602226c38c15da80b235d8a03245367ab
2023-11-09T16:13:15.5884279Z [2023-11-09T16:13:15.587Z] ['info'] Uploading...
2023-11-09T16:13:15.8706144Z [2023-11-09T16:13:15.869Z] ['info'] {"status":"processing","resultURL":"https://app.codecov.io/github/con/tinuous/commit/2f8b45c52aae74f9e283057091d51c21fa17ff34"}
2023-11-09T16:13:15.9105731Z Post job cleanup.
2023-11-09T16:13:16.0459828Z Post job cleanup.
2023-11-09T16:13:16.1221715Z [command]/usr/bin/git version
2023-11-09T16:13:16.1263844Z git version 2.42.0
2023-11-09T16:13:16.1306065Z Temporarily overriding HOME='/home/runner/work/_temp/a335cf42-b4bf-496c-ac89-b16ed33dda61' before making global git config changes
2023-11-09T16:13:16.1307868Z Adding repository directory to the temporary git global config as a safe directory
2023-11-09T16:13:16.1311575Z [command]/usr/bin/git config --global --add safe.directory /home/runner/work/tinuous/tinuous
2023-11-09T16:13:16.1348958Z [command]/usr/bin/git config --local --name-only --get-regexp core\.sshCommand
2023-11-09T16:13:16.1385195Z [command]/usr/bin/git submodule foreach --recursive sh -c "git config --local --name-only --get-regexp 'core\.sshCommand' && git config --local --unset-all 'core.sshCommand' || :"
2023-11-09T16:13:16.1639987Z [command]/usr/bin/git config --local --name-only --get-regexp http\.https\:\/\/github\.com\/\.extraheader
2023-11-09T16:13:16.1662183Z http.https://github.com/.extraheader
2023-11-09T16:13:16.1674141Z [command]/usr/bin/git config --local --unset-all http.https://github.com/.extraheader
2023-11-09T16:13:16.1707591Z [command]/usr/bin/git submodule foreach --recursive sh -c "git config --local --name-only --get-regexp 'http\.https\:\/\/github\.com\/\.extraheader' && git config --local --unset-all 'http.https://github.com/.extraheader' || :"
2023-11-09T16:13:16.2197836Z Cleaning up orphan processes
