2023-11-09T16:12:23.4841036Z Requested labels: ubuntu-latest
2023-11-09T16:12:23.4841258Z Job defined at: con/tinuous/.github/workflows/test.yml@refs/heads/py312
2023-11-09T16:12:23.4841350Z Waiting for a runner to pick up this job...
2023-11-09T16:12:36.2163408Z Job is waiting for a hosted runner to come online.
2023-11-09T16:12:38.5476387Z Job is about to start running on the hosted runner: GitHub Actions 20 (hosted)
2023-11-09T16:12:41.3598282Z Current runner version: '2.311.0'
2023-11-09T16:12:41.3627789Z ##[group]Operating System
2023-11-09T16:12:41.3628778Z Ubuntu
2023-11-09T16:12:41.3629218Z 22.04.3
2023-11-09T16:12:41.3629600Z LTS
2023-11-09T16:12:41.3630113Z ##[endgroup]
2023-11-09T16:12:41.3630596Z ##[group]Runner Image
2023-11-09T16:12:41.3631102Z Image: ubuntu-22.04
2023-11-09T16:12:41.3631687Z Version: 20231030.2.0
2023-11-09T16:12:41.3632949Z Included Software: https://github.com/actions/runner-images/blob/ubuntu22/20231030.2/images/linux/Ubuntu2204-Readme.md
2023-11-09T16:12:41.3634716Z Image Release: https://github.com/actions/runner-images/releases/tag/ubuntu22%2F20231030.2
2023-11-09T16:12:41.3635875Z ##[endgroup]
2023-11-09T16:12:41.3636388Z ##[group]Runner Image Provisioner
2023-11-09T16:12:41.3636976Z 2.0.312.1
2023-11-09T16:12:41.3637493Z ##[endgroup]
2023-11-09T16:12:41.3640149Z ##[group]GITHUB_TOKEN Permissions
2023-11-09T16:12:41.3642416Z Actions: write
2023-11-09T16:12:41.3642920Z Checks: write
2023-11-09T16:12:41.3643692Z Contents: write
2023-11-09T16:12:41.3644284Z Deployments: write
2023-11-09T16:12:41.3644900Z Discussions: write
2023-11-09T16:12:41.3645355Z Issues: write
2023-11-09T16:12:41.3645824Z Metadata: read
2023-11-09T16:12:41.3646416Z Packages: write
2023-11-09T16:12:41.3646919Z Pages: write
2023-11-09T16:12:41.3647421Z PullRequests: write
2023-11-09T16:12:41.3648037Z RepositoryProjects: write
2023-11-09T16:12:41.3648598Z SecurityEvents: write
2023-11-09T16:12:41.3649136Z Statuses: write
2023-11-09T16:12:41.3649581Z ##[endgroup]
2023-11-09T16:12:41.3653818Z Secret source: Actions
2023-11-09T16:12:41.3654573Z Prepare workflow directory
2023-11-09T16:12:41.4446966Z Prepare all required actions
2023-11-09T16:12:41.4643074Z Getting action download info
2023-11-09T16:12:41.8042514Z Download action repository 'actions/checkout@v4' (SHA:b4ffde65f46336ab88eb53be808477a3936bae11)
2023-11-09T16:12:41.9261570Z Download action repository 'actions/setup-python@v4' (SHA:65d7f2d534ac1bc67fcd62888c5f4f3d2cb2b236)
2023-11-09T16:12:42.0041270Z Download action repository 'codecov/codecov-action@v3' (SHA:eaaf4bedf32dbdc6b720b63067d99c4d77d6047d)
2023-11-09T16:12:43.0014810Z Complete job name: test (3.10, py)
2023-11-09T16:12:43.1210529Z ##[group]Run actions/checkout@v4
2023-11-09T16:12:43.1211031Z with:
2023-11-09T16:12:43.1211309Z   fetch-depth: 0
2023-11-09T16:12:43.1211624Z   repository: con/tinuous
2023-11-09T16:12:43.1212247Z   token: ***
2023-11-09T16:12:43.1212560Z   ssh-strict: true
2023-11-09T16:12:43.1213055Z   persist-credentials: true
2023-11-09T16:12:43.1213421Z   clean: true
2023-11-09T16:12:43.1213741Z   sparse-checkout-cone-mode: true
2023-11-09T16:12:43.1214127Z   fetch-tags: false
2023-11-09T16:12:43.1214456Z   show-progress: true
2023-11-09T16:12:43.1214772Z   lfs: false
2023-11-09T16:12:43.1215053Z   submodules: false
2023-11-09T16:12:43.1215375Z   set-safe-directory: true
2023-11-09T16:12:43.1215716Z ##[endgroup]
2023-11-09T16:12:43.4031241Z Syncing repository: con/tinuous
2023-11-09T16:12:43.4033344Z ##[group]Getting Git version info
2023-11-09T16:12:43.4034238Z Working directory is '/home/runner/work/tinuous/tinuous'
2023-11-09T16:12:43.4035052Z [command]/usr/bin/git version
2023-11-09T16:12:43.4174528Z git version 2.42.0
2023-11-09T16:12:43.4191007Z ##[endgroup]
2023-11-09T16:12:43.4244489Z Temporarily overriding HOME='/home/runner/work/_temp/769983d4-5296-4fe8-9382-c702d2f4c50c' before making global git config changes
2023-11-09T16:12:43.4245767Z Adding repository directory to the temporary git global config as a safe directory
2023-11-09T16:12:43.4246846Z [command]/usr/bin/git config --global --add safe.directory /home/runner/work/tinuous/tinuous
2023-11-09T16:12:43.4289120Z Deleting the contents of '/home/runner/work/tinuous/tinuous'
2023-11-09T16:12:43.4307665Z ##[group]Initializing the repository
2023-11-09T16:12:43.4308627Z [command]/usr/bin/git init /home/runner/work/tinuous/tinuous
2023-11-09T16:12:43.4393096Z hint: Using 'master' as the name for the initial branch. This default branch name
2023-11-09T16:12:43.4399054Z hint: is subject to change. To configure the initial branch name to use in all
2023-11-09T16:12:43.4403669Z hint: of your new repositories, which will suppress this warning, call:
2023-11-09T16:12:43.4407702Z hint: 
2023-11-09T16:12:43.4411615Z hint: 	git config --global init.defaultBranch <name>
2023-11-09T16:12:43.4415837Z hint: 
2023-11-09T16:12:43.4419701Z hint: Names commonly chosen instead of 'master' are 'main', 'trunk' and
2023-11-09T16:12:43.4423970Z hint: 'development'. The just-created branch can be renamed via this command:
2023-11-09T16:12:43.4428653Z hint: 
2023-11-09T16:12:43.4432521Z hint: 	git branch -m <name>
2023-11-09T16:12:43.4447518Z Initialized empty Git repository in /home/runner/work/tinuous/tinuous/.git/
2023-11-09T16:12:43.4491163Z [command]/usr/bin/git remote add origin https://github.com/con/tinuous
2023-11-09T16:12:43.4516424Z ##[endgroup]
2023-11-09T16:12:43.4517037Z ##[group]Disabling automatic garbage collection
2023-11-09T16:12:43.4517738Z [command]/usr/bin/git config --local gc.auto 0
2023-11-09T16:12:43.4545315Z ##[endgroup]
2023-11-09T16:12:43.4545969Z ##[group]Setting up auth
2023-11-09T16:12:43.4551690Z [command]/usr/bin/git config --local --name-only --get-regexp core\.sshCommand
2023-11-09T16:12:43.4581627Z [command]/usr/bin/git submodule foreach --recursive sh -c "git config --local --name-only --get-regexp 'core\.sshCommand' && git config --local --unset-all 'core.sshCommand' || :"
2023-11-09T16:12:43.4943271Z [command]/usr/bin/git config --local --name-only --get-regexp http\.https\:\/\/github\.com\/\.extraheader
2023-11-09T16:12:43.4971385Z [command]/usr/bin/git submodule foreach --recursive sh -c "git config --local --name-only --get-regexp 'http\.https\:\/\/github\.com\/\.extraheader' && git config --local --unset-all 'http.https://github.com/.extraheader' || :"
2023-11-09T16:12:43.5214958Z [command]/usr/bin/git config --local http.https://github.com/.extraheader AUTHORIZATION: basic ***
2023-11-09T16:12:43.5244656Z ##[endgroup]
2023-11-09T16:12:43.5246859Z ##[group]Fetching the repository
2023-11-09T16:12:43.5260591Z [command]/usr/bin/git -c protocol.version=2 fetch --prune --no-recurse-submodules origin +refs/heads/*:refs/remotes/origin/* +refs/tags/*:refs/tags/*
2023-11-09T16:12:44.6058316Z From https://github.com/con/tinuous
2023-11-09T16:12:44.6059865Z  * [new branch]      gh-55           -> origin/gh-55
2023-11-09T16:12:44.6060585Z  * [new branch]      ghtoken         -> origin/ghtoken
2023-11-09T16:12:44.6061195Z  * [new branch]      headers         -> origin/headers
2023-11-09T16:12:44.6061780Z  * [new branch]      master          -> origin/master
2023-11-09T16:12:44.6062419Z  * [new branch]      mypy-import     -> origin/mypy-import
2023-11-09T16:12:44.6063108Z  * [new branch]      no-extra-search -> origin/no-extra-search
2023-11-09T16:12:44.6063767Z  * [new branch]      py312           -> origin/py312
2023-11-09T16:12:44.6064358Z  * [new branch]      pypy            -> origin/pypy
2023-11-09T16:12:44.6064998Z  * [new branch]      test-appveyor   -> origin/test-appveyor
2023-11-09T16:12:44.6065724Z  * [new branch]      unused          -> origin/unused
2023-11-09T16:12:44.6066349Z  * [new branch]      updates         -> origin/updates
2023-11-09T16:12:44.6066929Z  * [new tag]         0.1.0           -> 0.1.0
2023-11-09T16:12:44.6067448Z  * [new tag]         0.2.0           -> 0.2.0
2023-11-09T16:12:44.6067955Z  * [new tag]         0.3.0           -> 0.3.0
2023-11-09T16:12:44.6068459Z  * [new tag]         0.4.0           -> 0.4.0
2023-11-09T16:12:44.6068953Z  * [new tag]         0.5.0           -> 0.5.0
2023-11-09T16:12:44.6069433Z  * [new tag]         0.5.1           -> 0.5.1
2023-11-09T16:12:44.6069921Z  * [new tag]         0.5.2           -> 0.5.2
2023-11-09T16:12:44.6070401Z  * [new tag]         0.5.3           -> 0.5.3
2023-11-09T16:12:44.6124528Z  * [new tag]         0.5.4           -> 0.5.4
2023-11-09T16:12:44.6128034Z  * [new tag]         0.6.0           -> 0.6.0
2023-11-09T16:12:44.6128549Z  * [new tag]         0.6.1           -> 0.6.1
2023-11-09T16:12:44.6130613Z [command]/usr/bin/git branch --list --remote origin/py312
2023-11-09T16:12:44.6148499Z   origin/py312
2023-11-09T16:12:44.6156038Z [command]/usr/bin/git rev-parse refs/remotes/origin/py312
2023-11-09T16:12:44.6178458Z 2f8b45c52aae74f9e283057091d51c21fa17ff34
2023-11-09T16:12:44.6184442Z ##[endgroup]
2023-11-09T16:12:44.6186072Z ##[group]Determining the checkout info
2023-11-09T16:12:44.6188022Z ##[endgroup]
2023-11-09T16:12:44.6188525Z ##[group]Checking out the ref
2023-11-09T16:12:44.6195554Z [command]/usr/bin/git checkout --progress --force -B py312 refs/remotes/origin/py312
2023-11-09T16:12:44.6257240Z Switched to a new branch 'py312'
2023-11-09T16:12:44.6262621Z branch 'py312' set up to track 'origin/py312'.
2023-11-09T16:12:44.6273121Z ##[endgroup]
2023-11-09T16:12:44.6312202Z [command]/usr/bin/git log -1 --format='%H'
2023-11-09T16:12:44.6335095Z '2f8b45c52aae74f9e283057091d51c21fa17ff34'
2023-11-09T16:12:44.6801107Z ##[group]Run actions/setup-python@v4
2023-11-09T16:12:44.6801527Z with:
2023-11-09T16:12:44.6801803Z   python-version: 3.10
2023-11-09T16:12:44.6802131Z   check-latest: false
2023-11-09T16:12:44.6802598Z   token: ***
2023-11-09T16:12:44.6802887Z   update-environment: true
2023-11-09T16:12:44.6803234Z   allow-prereleases: false
2023-11-09T16:12:44.6803564Z ##[endgroup]
2023-11-09T16:12:44.9430845Z ##[group]Installed versions
2023-11-09T16:12:44.9536530Z Successfully set up CPython (3.10.13)
2023-11-09T16:12:44.9538474Z ##[endgroup]
2023-11-09T16:12:44.9665343Z ##[group]Run python -m pip install --upgrade pip wheel
2023-11-09T16:12:44.9666058Z [36;1mpython -m pip install --upgrade pip wheel[0m
2023-11-09T16:12:44.9666743Z [36;1mpython -m pip install --upgrade --upgrade-strategy=eager tox[0m
2023-11-09T16:12:44.9724379Z shell: /usr/bin/bash -e {0}
2023-11-09T16:12:44.9724764Z env:
2023-11-09T16:12:44.9725166Z   pythonLocation: /opt/hostedtoolcache/Python/3.10.13/x64
2023-11-09T16:12:44.9725884Z   PKG_CONFIG_PATH: /opt/hostedtoolcache/Python/3.10.13/x64/lib/pkgconfig
2023-11-09T16:12:44.9726592Z   Python_ROOT_DIR: /opt/hostedtoolcache/Python/3.10.13/x64
2023-11-09T16:12:44.9727221Z   Python2_ROOT_DIR: /opt/hostedtoolcache/Python/3.10.13/x64
2023-11-09T16:12:44.9727844Z   Python3_ROOT_DIR: /opt/hostedtoolcache/Python/3.10.13/x64
2023-11-09T16:12:44.9728471Z   LD_LIBRARY_PATH: /opt/hostedtoolcache/Python/3.10.13/x64/lib
2023-11-09T16:12:44.9728974Z ##[endgroup]
2023-11-09T16:12:45.7024509Z Requirement already satisfied: pip in /opt/hostedtoolcache/Python/3.10.13/x64/lib/python3.10/site-packages (23.0.1)
2023-11-09T16:12:45.8995247Z Collecting pip
2023-11-09T16:12:46.0165815Z   Downloading pip-23.3.1-py3-none-any.whl.metadata (3.5 kB)
2023-11-09T16:12:46.0693429Z Collecting wheel
2023-11-09T16:12:46.0799160Z   Downloading wheel-0.41.3-py3-none-any.whl.metadata (2.2 kB)
2023-11-09T16:12:46.1005558Z Downloading pip-23.3.1-py3-none-any.whl (2.1 MB)
2023-11-09T16:12:46.2718611Z    ━━━━━━━━━━━━━━━━━━━━━━━━━━━━━━━━━━━━━━━━ 2.1/2.1 MB 12.7 MB/s eta 0:00:00
2023-11-09T16:12:46.2824063Z Downloading wheel-0.41.3-py3-none-any.whl (65 kB)
2023-11-09T16:12:46.2887846Z    ━━━━━━━━━━━━━━━━━━━━━━━━━━━━━━━━━━━━━━━━ 65.8/65.8 kB 16.2 MB/s eta 0:00:00
2023-11-09T16:12:46.3581186Z Installing collected packages: wheel, pip
2023-11-09T16:12:46.4079974Z   Attempting uninstall: pip
2023-11-09T16:12:46.4089450Z     Found existing installation: pip 23.0.1
2023-11-09T16:12:46.4589129Z     Uninstalling pip-23.0.1:
2023-11-09T16:12:46.5053722Z       Successfully uninstalled pip-23.0.1
2023-11-09T16:12:47.7429835Z Successfully installed pip-23.3.1 wheel-0.41.3
2023-11-09T16:12:48.7303528Z Collecting tox
2023-11-09T16:12:48.8405091Z   Downloading tox-4.11.3-py3-none-any.whl.metadata (5.0 kB)
2023-11-09T16:12:48.9121135Z Collecting cachetools>=5.3.1 (from tox)
2023-11-09T16:12:48.9226811Z   Downloading cachetools-5.3.2-py3-none-any.whl.metadata (5.2 kB)
2023-11-09T16:12:48.9512953Z Collecting chardet>=5.2 (from tox)
2023-11-09T16:12:48.9618343Z   Downloading chardet-5.2.0-py3-none-any.whl.metadata (3.4 kB)
2023-11-09T16:12:49.0010979Z Collecting colorama>=0.4.6 (from tox)
2023-11-09T16:12:49.0133230Z   Downloading colorama-0.4.6-py2.py3-none-any.whl (25 kB)
2023-11-09T16:12:49.0664890Z Collecting filelock>=3.12.3 (from tox)
2023-11-09T16:12:49.0774608Z   Downloading filelock-3.13.1-py3-none-any.whl.metadata (2.8 kB)
2023-11-09T16:12:49.1189668Z Collecting packaging>=23.1 (from tox)
2023-11-09T16:12:49.1301297Z   Downloading packaging-23.2-py3-none-any.whl.metadata (3.2 kB)
2023-11-09T16:12:49.1686691Z Collecting platformdirs>=3.10 (from tox)
2023-11-09T16:12:49.1794767Z   Downloading platformdirs-3.11.0-py3-none-any.whl.metadata (11 kB)
2023-11-09T16:12:49.2145022Z Collecting pluggy>=1.3 (from tox)
2023-11-09T16:12:49.2254296Z   Downloading pluggy-1.3.0-py3-none-any.whl.metadata (4.3 kB)
2023-11-09T16:12:49.2556656Z Collecting pyproject-api>=1.6.1 (from tox)
2023-11-09T16:12:49.2666079Z   Downloading pyproject_api-1.6.1-py3-none-any.whl.metadata (2.8 kB)
2023-11-09T16:12:49.3001165Z Collecting tomli>=2.0.1 (from tox)
2023-11-09T16:12:49.3114105Z   Downloading tomli-2.0.1-py3-none-any.whl (12 kB)
2023-11-09T16:12:49.4315444Z Collecting virtualenv>=20.24.3 (from tox)
2023-11-09T16:12:49.4426947Z   Downloading virtualenv-20.24.6-py3-none-any.whl.metadata (4.5 kB)
2023-11-09T16:12:49.5463175Z Collecting distlib<1,>=0.3.7 (from virtualenv>=20.24.3->tox)
2023-11-09T16:12:49.5567872Z   Downloading distlib-0.3.7-py2.py3-none-any.whl.metadata (5.1 kB)
2023-11-09T16:12:49.5885614Z Downloading tox-4.11.3-py3-none-any.whl (153 kB)
2023-11-09T16:12:49.6163123Z    ━━━━━━━━━━━━━━━━━━━━━━━━━━━━━━━━━━━━━━━━ 153.8/153.8 kB 5.8 MB/s eta 0:00:00
2023-11-09T16:12:49.6273262Z Downloading cachetools-5.3.2-py3-none-any.whl (9.3 kB)
2023-11-09T16:12:49.6414413Z Downloading chardet-5.2.0-py3-none-any.whl (199 kB)
2023-11-09T16:12:49.6702298Z    ━━━━━━━━━━━━━━━━━━━━━━━━━━━━━━━━━━━━━━━━ 199.4/199.4 kB 7.3 MB/s eta 0:00:00
2023-11-09T16:12:49.6815161Z Downloading filelock-3.13.1-py3-none-any.whl (11 kB)
2023-11-09T16:12:49.6941295Z Downloading packaging-23.2-py3-none-any.whl (53 kB)
2023-11-09T16:12:49.7020726Z    ━━━━━━━━━━━━━━━━━━━━━━━━━━━━━━━━━━━━━━━━ 53.0/53.0 kB 7.9 MB/s eta 0:00:00
2023-11-09T16:12:49.7129731Z Downloading platformdirs-3.11.0-py3-none-any.whl (17 kB)
2023-11-09T16:12:49.7264214Z Downloading pluggy-1.3.0-py3-none-any.whl (18 kB)
2023-11-09T16:12:49.7392887Z Downloading pyproject_api-1.6.1-py3-none-any.whl (12 kB)
2023-11-09T16:12:49.7542612Z Downloading virtualenv-20.24.6-py3-none-any.whl (3.8 MB)
2023-11-09T16:12:49.9917652Z    ━━━━━━━━━━━━━━━━━━━━━━━━━━━━━━━━━━━━━━━━ 3.8/3.8 MB 16.0 MB/s eta 0:00:00
2023-11-09T16:12:50.0041094Z Downloading distlib-0.3.7-py2.py3-none-any.whl (468 kB)
2023-11-09T16:12:50.0225928Z    ━━━━━━━━━━━━━━━━━━━━━━━━━━━━━━━━━━━━━━━━ 468.9/468.9 kB 29.6 MB/s eta 0:00:00
2023-11-09T16:12:50.2081146Z Installing collected packages: distlib, tomli, pluggy, platformdirs, packaging, filelock, colorama, chardet, cachetools, virtualenv, pyproject-api, tox
2023-11-09T16:12:50.8884200Z Successfully installed cachetools-5.3.2 chardet-5.2.0 colorama-0.4.6 distlib-0.3.7 filelock-3.13.1 packaging-23.2 platformdirs-3.11.0 pluggy-1.3.0 pyproject-api-1.6.1 tomli-2.0.1 tox-4.11.3 virtualenv-20.24.6
2023-11-09T16:12:51.0167360Z ##[group]Run tox -e py -- --cov-report=xml
2023-11-09T16:12:51.0167867Z [36;1mtox -e py -- --cov-report=xml[0m
2023-11-09T16:12:51.0205108Z shell: /usr/bin/bash -e {0}
2023-11-09T16:12:51.0205482Z env:
2023-11-09T16:12:51.0205863Z   pythonLocation: /opt/hostedtoolcache/Python/3.10.13/x64
2023-11-09T16:12:51.0206564Z   PKG_CONFIG_PATH: /opt/hostedtoolcache/Python/3.10.13/x64/lib/pkgconfig
2023-11-09T16:12:51.0207268Z   Python_ROOT_DIR: /opt/hostedtoolcache/Python/3.10.13/x64
2023-11-09T16:12:51.0207892Z   Python2_ROOT_DIR: /opt/hostedtoolcache/Python/3.10.13/x64
2023-11-09T16:12:51.0208500Z   Python3_ROOT_DIR: /opt/hostedtoolcache/Python/3.10.13/x64
2023-11-09T16:12:51.0209128Z   LD_LIBRARY_PATH: /opt/hostedtoolcache/Python/3.10.13/x64/lib
2023-11-09T16:12:51.0209638Z ##[endgroup]
2023-11-09T16:12:52.0618530Z py: install_deps> python -I -m pip install pytest pytest-cov pytest-mock
2023-11-09T16:12:55.1893675Z .pkg: install_requires> python -I -m pip install 'setuptools>=46.4.0' versioningit
2023-11-09T16:12:56.9296014Z .pkg: _optional_hooks> python /opt/hostedtoolcache/Python/3.10.13/x64/lib/python3.10/site-packages/pyproject_api/_backend.py True setuptools.build_meta
2023-11-09T16:12:57.1641653Z .pkg: get_requires_for_build_sdist> python /opt/hostedtoolcache/Python/3.10.13/x64/lib/python3.10/site-packages/pyproject_api/_backend.py True setuptools.build_meta
2023-11-09T16:12:57.2778951Z .pkg: get_requires_for_build_wheel> python /opt/hostedtoolcache/Python/3.10.13/x64/lib/python3.10/site-packages/pyproject_api/_backend.py True setuptools.build_meta
2023-11-09T16:12:57.3369001Z .pkg: install_requires_for_build_wheel> python -I -m pip install wheel
2023-11-09T16:12:57.9103681Z .pkg: freeze> python -m pip freeze --all
2023-11-09T16:12:58.2817550Z .pkg: packaging==23.2,pip==23.3.1,setuptools==68.2.2,tomli==2.0.1,versioningit==2.2.1,wheel==0.41.2
2023-11-09T16:12:58.2821711Z .pkg: prepare_metadata_for_build_wheel> python /opt/hostedtoolcache/Python/3.10.13/x64/lib/python3.10/site-packages/pyproject_api/_backend.py True setuptools.build_meta
2023-11-09T16:12:58.3887209Z .pkg: build_sdist> python /opt/hostedtoolcache/Python/3.10.13/x64/lib/python3.10/site-packages/pyproject_api/_backend.py True setuptools.build_meta
2023-11-09T16:12:58.4711969Z py: install_package_deps> python -I -m pip install 'PyYAML>=5.0' 'click-loglevel~=0.2' 'click>=7.0' 'in-place~=0.4' 'pydantic~=1.7' 'python-dateutil~=2.7' 'python-dotenv<2.0,>=0.11' 'requests~=2.20'
2023-11-09T16:13:01.4506081Z py: install_package> python -I -m pip install --force-reinstall --no-deps /home/runner/work/tinuous/tinuous/.tox/.tmp/package/1/tinuous-0.6.1.post46+g2f8b45c.tar.gz
2023-11-09T16:13:05.7149898Z py: freeze> python -m pip freeze --all
2023-11-09T16:13:06.1037088Z py: certifi==2023.7.22,charset-normalizer==3.3.2,click==8.1.7,click-loglevel==0.5.0,coverage==7.3.2,exceptiongroup==1.1.3,idna==3.4,in-place==0.5.0,iniconfig==2.0.0,packaging==23.2,pip==23.3.1,pluggy==1.3.0,pydantic==1.10.13,pytest==7.4.3,pytest-cov==4.1.0,pytest-mock==3.12.0,python-dateutil==2.8.2,python-dotenv==1.0.0,PyYAML==6.0.1,requests==2.31.0,setuptools==68.2.2,six==1.16.0,tinuous @ file:///home/runner/work/tinuous/tinuous/.tox/.tmp/package/1/tinuous-0.6.1.post46%2Bg2f8b45c.tar.gz#sha256=ddd546bc956797c0645771912e85f79adda9d7cf3cad0bbf58896ee624dd2b57,tomli==2.0.1,typing_extensions==4.8.0,urllib3==2.0.7,wheel==0.41.2
2023-11-09T16:13:06.1041066Z py: commands[0]> tinuous --help
2023-11-09T16:13:06.3504514Z Usage: tinuous [OPTIONS] COMMAND [ARGS]...
2023-11-09T16:13:06.3504984Z 
2023-11-09T16:13:06.3505385Z   Download build logs from GitHub Actions, Travis, Appveyor, and CircleCI
2023-11-09T16:13:06.3505916Z 
2023-11-09T16:13:06.3506085Z Options:
2023-11-09T16:13:06.3506704Z   -V, --version                   Show the version and exit.
2023-11-09T16:13:06.3507448Z   -c, --config FILE               Read configuration from the given file
2023-11-09T16:13:06.3508125Z                                   [default: tinuous.yaml]
2023-11-09T16:13:06.3509252Z   -E, --env FILE                  Load environment variables from given .env
2023-11-09T16:13:06.3509915Z                                   file
2023-11-09T16:13:06.3510564Z   -l, --log-level [NOTSET|DEBUG|INFO|WARNING|ERROR|CRITICAL]
2023-11-09T16:13:06.3511240Z                                   Set logging level  [default: INFO]
2023-11-09T16:13:06.3511946Z   --help                          Show this message and exit.
2023-11-09T16:13:06.3512403Z 
2023-11-09T16:13:06.3512573Z Commands:
2023-11-09T16:13:06.3512924Z   fetch         Download logs
2023-11-09T16:13:06.3513503Z   fetch-commit  Download logs for a specific commit
2023-11-09T16:13:06.3514093Z   sanitize      Sanitize secrets in logs
2023-11-09T16:13:06.3811798Z py: commands[1]> pytest --cov-report=xml test
2023-11-09T16:13:07.2055397Z ============================= test session starts ==============================
2023-11-09T16:13:07.2057202Z platform linux -- Python 3.10.13, pytest-7.4.3, pluggy-1.3.0
2023-11-09T16:13:07.2057862Z cachedir: .tox/py/.pytest_cache
2023-11-09T16:13:07.2058395Z rootdir: /home/runner/work/tinuous/tinuous
2023-11-09T16:13:07.2058910Z configfile: tox.ini
2023-11-09T16:13:07.2059365Z plugins: mock-3.12.0, cov-4.1.0
2023-11-09T16:13:07.2059818Z collected 64 items
2023-11-09T16:13:07.2060086Z 
2023-11-09T16:13:07.2213199Z test/test_base.py .........                                              [ 14%]
2023-11-09T16:13:07.2354603Z test/test_config.py ........                                             [ 26%]
2023-11-09T16:13:07.2597365Z test/test_state.py ........                                              [ 39%]
2023-11-09T16:13:07.5554178Z test/test_util.py .......................................                [100%]
2023-11-09T16:13:07.5554917Z 
2023-11-09T16:13:07.5558060Z ---------- coverage: platform linux, python 3.10.13-final-0 ----------
2023-11-09T16:13:07.5558758Z Coverage XML written to file coverage.xml
2023-11-09T16:13:07.5559184Z 
2023-11-09T16:13:07.5559795Z 
2023-11-09T16:13:07.5560276Z ============================== 64 passed in 0.74s ==============================
2023-11-09T16:13:07.6261121Z .pkg: _exit> python /opt/hostedtoolcache/Python/3.10.13/x64/lib/python3.10/site-packages/pyproject_api/_backend.py True setuptools.build_meta
2023-11-09T16:13:07.6531706Z   py: OK (15.88=setup[14.36]+cmd[0.28,1.24] seconds)
2023-11-09T16:13:07.6532545Z   congratulations :) (16.44 seconds)
2023-11-09T16:13:07.7096517Z ##[group]Run codecov/codecov-action@v3
2023-11-09T16:13:07.7097076Z with:
2023-11-09T16:13:07.7097416Z   fail_ci_if_error: false
2023-11-09T16:13:07.7097941Z env:
2023-11-09T16:13:07.7098447Z   pythonLocation: /opt/hostedtoolcache/Python/3.10.13/x64
2023-11-09T16:13:07.7099235Z   PKG_CONFIG_PATH: /opt/hostedtoolcache/Python/3.10.13/x64/lib/pkgconfig
2023-11-09T16:13:07.7100114Z   Python_ROOT_DIR: /opt/hostedtoolcache/Python/3.10.13/x64
2023-11-09T16:13:07.7100863Z   Python2_ROOT_DIR: /opt/hostedtoolcache/Python/3.10.13/x64
2023-11-09T16:13:07.7101563Z   Python3_ROOT_DIR: /opt/hostedtoolcache/Python/3.10.13/x64
2023-11-09T16:13:07.7102398Z   LD_LIBRARY_PATH: /opt/hostedtoolcache/Python/3.10.13/x64/lib
2023-11-09T16:13:07.7103066Z ##[endgroup]
2023-11-09T16:13:07.8762399Z ==> linux OS detected
2023-11-09T16:13:08.3033549Z https://uploader.codecov.io/latest/linux/codecov.SHA256SUM
2023-11-09T16:13:08.4176959Z ==> SHASUM file signed by key id 806bb28aed779869
2023-11-09T16:13:08.6496469Z ==> Uploader SHASUM verified (b9282b8b43eef83f722646d8992c4dd36563046afe0806722184e7e9923a6d7b  codecov)
2023-11-09T16:13:08.6500307Z ==> Running version latest
2023-11-09T16:13:08.7838190Z ==> Running version v0.7.1
2023-11-09T16:13:08.7860483Z [command]/home/runner/work/_actions/codecov/codecov-action/v3/dist/codecov -n  -Q github-action-3.1.4
2023-11-09T16:13:09.0288244Z [2023-11-09T16:13:09.026Z] ['info'] 
2023-11-09T16:13:09.0289040Z      _____          _
2023-11-09T16:13:09.0289636Z     / ____|        | |
2023-11-09T16:13:09.0290176Z    | |     ___   __| | ___  ___ _____   __
2023-11-09T16:13:09.0290791Z    | |    / _ \ / _` |/ _ \/ __/ _ \ \ / /
2023-11-09T16:13:09.0309116Z    | |___| (_) | (_| |  __/ (_| (_) \ V /
2023-11-09T16:13:09.0309851Z     \_____\___/ \__,_|\___|\___\___/ \_/
2023-11-09T16:13:09.0310339Z 
2023-11-09T16:13:09.0310674Z   Codecov report uploader 0.7.1
2023-11-09T16:13:09.0369254Z [2023-11-09T16:13:09.036Z] ['info'] => Project root located at: /home/runner/work/tinuous/tinuous
2023-11-09T16:13:09.0393242Z [2023-11-09T16:13:09.039Z] ['info'] -> No token specified or token is empty
2023-11-09T16:13:09.0470737Z [2023-11-09T16:13:09.046Z] ['info'] Searching for coverage files...
2023-11-09T16:13:09.1125677Z [2023-11-09T16:13:09.112Z] ['info'] Warning: Some files located via search were excluded from upload.
2023-11-09T16:13:09.1127557Z [2023-11-09T16:13:09.112Z] ['info'] If Codecov did not locate your files, please review https://docs.codecov.com/docs/supported-report-formats
2023-11-09T16:13:09.1132613Z [2023-11-09T16:13:09.113Z] ['info'] => Found 1 possible coverage files:
2023-11-09T16:13:09.1133650Z   coverage.xml
2023-11-09T16:13:09.1136940Z [2023-11-09T16:13:09.113Z] ['info'] Processing /home/runner/work/tinuous/tinuous/coverage.xml...
2023-11-09T16:13:09.1181425Z [2023-11-09T16:13:09.117Z] ['info'] Detected GitHub Actions as the CI provider.
2023-11-09T16:13:09.8240326Z [2023-11-09T16:13:09.823Z] ['info'] Pinging Codecov: https://codecov.io/upload/v4?package=github-action-3.1.4-uploader-0.7.1&token=*******&branch=py312&build=6814447706&build_url=https%3A%2F%2Fgithub.com%2Fcon%2Ftinuous%2Factions%2Fruns%2F6814447706&commit=2f8b45c52aae74f9e283057091d51c21fa17ff34&job=Test&pr=&service=github-actions&slug=con%2Ftinuous&name=&tag=&flags=&parent=
2023-11-09T16:13:10.2286060Z [2023-11-09T16:13:10.227Z] ['info'] https://app.codecov.io/github/con/tinuous/commit/2f8b45c52aae74f9e283057091d51c21fa17ff34
2023-11-09T16:13:10.2290385Z https://storage.googleapis.com/codecov/v4/raw/2023-11-09/0010CBA6D851417C00BB0BC3FC5895F9/2f8b45c52aae74f9e283057091d51c21fa17ff34/2f775c69-f6a2-4caf-a7cd-d6729b0051b4.txt?X-Amz-Algorithm=AWS4-HMAC-SHA256&X-Amz-Credential=GOOG1EJOGFN2JQ4OCTGA2MU5AEIT7OT5Z7HTFOAN2SPG4NWSN2UJYOY5U6LZQ%2F20231109%2FUS%2Fs3%2Faws4_request&X-Amz-Date=20231109T161310Z&X-Amz-Expires=10&X-Amz-SignedHeaders=host&X-Amz-Signature=197660d575e277923214a7a2fd8f9ba72b15f01ddabf675a7c91a4c4b862cd81
2023-11-09T16:13:10.2293859Z [2023-11-09T16:13:10.228Z] ['info'] Uploading...
2023-11-09T16:13:10.5094394Z [2023-11-09T16:13:10.508Z] ['info'] {"status":"processing","resultURL":"https://app.codecov.io/github/con/tinuous/commit/2f8b45c52aae74f9e283057091d51c21fa17ff34"}
2023-11-09T16:13:10.5409266Z Post job cleanup.
2023-11-09T16:13:10.7127185Z Post job cleanup.
2023-11-09T16:13:10.8083669Z [command]/usr/bin/git version
2023-11-09T16:13:10.8120201Z git version 2.42.0
2023-11-09T16:13:10.8176563Z Temporarily overriding HOME='/home/runner/work/_temp/ec2e6fac-060e-4d1f-b744-f010f92dc043' before making global git config changes
2023-11-09T16:13:10.8178819Z Adding repository directory to the temporary git global config as a safe directory
2023-11-09T16:13:10.8186065Z [command]/usr/bin/git config --global --add safe.directory /home/runner/work/tinuous/tinuous
2023-11-09T16:13:10.8236120Z [command]/usr/bin/git config --local --name-only --get-regexp core\.sshCommand
2023-11-09T16:13:10.8274590Z [command]/usr/bin/git submodule foreach --recursive sh -c "git config --local --name-only --get-regexp 'core\.sshCommand' && git config --local --unset-all 'core.sshCommand' || :"
2023-11-09T16:13:10.8543638Z [command]/usr/bin/git config --local --name-only --get-regexp http\.https\:\/\/github\.com\/\.extraheader
2023-11-09T16:13:10.8566075Z http.https://github.com/.extraheader
2023-11-09T16:13:10.8580528Z [command]/usr/bin/git config --local --unset-all http.https://github.com/.extraheader
2023-11-09T16:13:10.8610954Z [command]/usr/bin/git submodule foreach --recursive sh -c "git config --local --name-only --get-regexp 'http\.https\:\/\/github\.com\/\.extraheader' && git config --local --unset-all 'http.https://github.com/.extraheader' || :"
2023-11-09T16:13:10.9126844Z Cleaning up orphan processes
