2023-11-09T16:12:23.5894010Z Requested labels: ubuntu-latest
2023-11-09T16:12:23.5894270Z Job defined at: con/tinuous/.github/workflows/test.yml@refs/heads/py312
2023-11-09T16:12:23.5894365Z Waiting for a runner to pick up this job...
2023-11-09T16:12:37.4403625Z Job is waiting for a hosted runner to come online.
2023-11-09T16:12:42.1294165Z Job is about to start running on the hosted runner: GitHub Actions 4 (hosted)
2023-11-09T16:12:45.4905971Z Current runner version: '2.311.0'
2023-11-09T16:12:45.4945544Z ##[group]Operating System
2023-11-09T16:12:45.4946851Z Ubuntu
2023-11-09T16:12:45.4947290Z 22.04.3
2023-11-09T16:12:45.4947765Z LTS
2023-11-09T16:12:45.4948566Z ##[endgroup]
2023-11-09T16:12:45.4949962Z ##[group]Runner Image
2023-11-09T16:12:45.4959740Z Image: ubuntu-22.04
2023-11-09T16:12:45.4960616Z Version: 20231030.2.0
2023-11-09T16:12:45.4962088Z Included Software: https://github.com/actions/runner-images/blob/ubuntu22/20231030.2/images/linux/Ubuntu2204-Readme.md
2023-11-09T16:12:45.4964910Z Image Release: https://github.com/actions/runner-images/releases/tag/ubuntu22%2F20231030.2
2023-11-09T16:12:45.4966340Z ##[endgroup]
2023-11-09T16:12:45.4967051Z ##[group]Runner Image Provisioner
2023-11-09T16:12:45.4968307Z 2.0.312.1
2023-11-09T16:12:45.4968906Z ##[endgroup]
2023-11-09T16:12:45.4972113Z ##[group]GITHUB_TOKEN Permissions
2023-11-09T16:12:45.4975431Z Actions: write
2023-11-09T16:12:45.4976093Z Checks: write
2023-11-09T16:12:45.4976896Z Contents: write
2023-11-09T16:12:45.4977749Z Deployments: write
2023-11-09T16:12:45.4978367Z Discussions: write
2023-11-09T16:12:45.4979031Z Issues: write
2023-11-09T16:12:45.4979608Z Metadata: read
2023-11-09T16:12:45.4980126Z Packages: write
2023-11-09T16:12:45.4980792Z Pages: write
2023-11-09T16:12:45.4981374Z PullRequests: write
2023-11-09T16:12:45.4981994Z RepositoryProjects: write
2023-11-09T16:12:45.4985454Z SecurityEvents: write
2023-11-09T16:12:45.4986342Z Statuses: write
2023-11-09T16:12:45.4987348Z ##[endgroup]
2023-11-09T16:12:45.4993538Z Secret source: Actions
2023-11-09T16:12:45.4994401Z Prepare workflow directory
2023-11-09T16:12:45.5949273Z Prepare all required actions
2023-11-09T16:12:45.6247535Z Getting action download info
2023-11-09T16:12:45.9057708Z Download action repository 'actions/checkout@v4' (SHA:b4ffde65f46336ab88eb53be808477a3936bae11)
2023-11-09T16:12:46.1086112Z Download action repository 'actions/setup-python@v4' (SHA:65d7f2d534ac1bc67fcd62888c5f4f3d2cb2b236)
2023-11-09T16:12:46.2172015Z Download action repository 'codecov/codecov-action@v3' (SHA:eaaf4bedf32dbdc6b720b63067d99c4d77d6047d)
2023-11-09T16:12:46.7575748Z Complete job name: test (3.12, py)
2023-11-09T16:12:46.9311695Z ##[group]Run actions/checkout@v4
2023-11-09T16:12:46.9312427Z with:
2023-11-09T16:12:46.9312823Z   fetch-depth: 0
2023-11-09T16:12:46.9313301Z   repository: con/tinuous
2023-11-09T16:12:46.9314140Z   token: ***
2023-11-09T16:12:46.9314584Z   ssh-strict: true
2023-11-09T16:12:46.9315099Z   persist-credentials: true
2023-11-09T16:12:46.9315843Z   clean: true
2023-11-09T16:12:46.9316335Z   sparse-checkout-cone-mode: true
2023-11-09T16:12:46.9316948Z   fetch-tags: false
2023-11-09T16:12:46.9317444Z   show-progress: true
2023-11-09T16:12:46.9317915Z   lfs: false
2023-11-09T16:12:46.9318342Z   submodules: false
2023-11-09T16:12:46.9318830Z   set-safe-directory: true
2023-11-09T16:12:46.9319505Z ##[endgroup]
2023-11-09T16:12:47.3645855Z Syncing repository: con/tinuous
2023-11-09T16:12:47.3650004Z ##[group]Getting Git version info
2023-11-09T16:12:47.3651016Z Working directory is '/home/runner/work/tinuous/tinuous'
2023-11-09T16:12:47.3652918Z [command]/usr/bin/git version
2023-11-09T16:12:47.3779070Z git version 2.42.0
2023-11-09T16:12:47.3820802Z ##[endgroup]
2023-11-09T16:12:47.3874912Z Temporarily overriding HOME='/home/runner/work/_temp/98b7e97a-b574-4b0e-b6a5-d5c2850ef5d4' before making global git config changes
2023-11-09T16:12:47.3876546Z Adding repository directory to the temporary git global config as a safe directory
2023-11-09T16:12:47.3877732Z [command]/usr/bin/git config --global --add safe.directory /home/runner/work/tinuous/tinuous
2023-11-09T16:12:47.4015281Z Deleting the contents of '/home/runner/work/tinuous/tinuous'
2023-11-09T16:12:47.4016401Z ##[group]Initializing the repository
2023-11-09T16:12:47.4017092Z [command]/usr/bin/git init /home/runner/work/tinuous/tinuous
2023-11-09T16:12:47.4339961Z hint: Using 'master' as the name for the initial branch. This default branch name
2023-11-09T16:12:47.4354813Z hint: is subject to change. To configure the initial branch name to use in all
2023-11-09T16:12:47.4366870Z hint: of your new repositories, which will suppress this warning, call:
2023-11-09T16:12:47.4367605Z hint: 
2023-11-09T16:12:47.4368214Z hint: 	git config --global init.defaultBranch <name>
2023-11-09T16:12:47.4368766Z hint: 
2023-11-09T16:12:47.4369390Z hint: Names commonly chosen instead of 'master' are 'main', 'trunk' and
2023-11-09T16:12:47.4370383Z hint: 'development'. The just-created branch can be renamed via this command:
2023-11-09T16:12:47.4371079Z hint: 
2023-11-09T16:12:47.4371455Z hint: 	git branch -m <name>
2023-11-09T16:12:47.4372276Z Initialized empty Git repository in /home/runner/work/tinuous/tinuous/.git/
2023-11-09T16:12:47.4374131Z [command]/usr/bin/git remote add origin https://github.com/con/tinuous
2023-11-09T16:12:47.4375532Z ##[endgroup]
2023-11-09T16:12:47.4376207Z ##[group]Disabling automatic garbage collection
2023-11-09T16:12:47.4376916Z [command]/usr/bin/git config --local gc.auto 0
2023-11-09T16:12:47.4378159Z ##[endgroup]
2023-11-09T16:12:47.4378736Z ##[group]Setting up auth
2023-11-09T16:12:47.4379465Z [command]/usr/bin/git config --local --name-only --get-regexp core\.sshCommand
2023-11-09T16:12:47.4381869Z [command]/usr/bin/git submodule foreach --recursive sh -c "git config --local --name-only --get-regexp 'core\.sshCommand' && git config --local --unset-all 'core.sshCommand' || :"
2023-11-09T16:12:47.4997082Z [command]/usr/bin/git config --local --name-only --get-regexp http\.https\:\/\/github\.com\/\.extraheader
2023-11-09T16:12:47.5000056Z [command]/usr/bin/git submodule foreach --recursive sh -c "git config --local --name-only --get-regexp 'http\.https\:\/\/github\.com\/\.extraheader' && git config --local --unset-all 'http.https://github.com/.extraheader' || :"
2023-11-09T16:12:47.5451467Z [command]/usr/bin/git config --local http.https://github.com/.extraheader AUTHORIZATION: basic ***
2023-11-09T16:12:47.5455100Z ##[endgroup]
2023-11-09T16:12:47.5456186Z ##[group]Fetching the repository
2023-11-09T16:12:47.5458654Z [command]/usr/bin/git -c protocol.version=2 fetch --prune --no-recurse-submodules origin +refs/heads/*:refs/remotes/origin/* +refs/tags/*:refs/tags/*
2023-11-09T16:12:48.1740460Z From https://github.com/con/tinuous
2023-11-09T16:12:48.1741396Z  * [new branch]      gh-55           -> origin/gh-55
2023-11-09T16:12:48.1742135Z  * [new branch]      ghtoken         -> origin/ghtoken
2023-11-09T16:12:48.1742855Z  * [new branch]      headers         -> origin/headers
2023-11-09T16:12:48.1743566Z  * [new branch]      master          -> origin/master
2023-11-09T16:12:48.1744292Z  * [new branch]      mypy-import     -> origin/mypy-import
2023-11-09T16:12:48.1745100Z  * [new branch]      no-extra-search -> origin/no-extra-search
2023-11-09T16:12:48.1745875Z  * [new branch]      pragmata        -> origin/pragmata
2023-11-09T16:12:48.1746579Z  * [new branch]      py312           -> origin/py312
2023-11-09T16:12:48.1747271Z  * [new branch]      pypy            -> origin/pypy
2023-11-09T16:12:48.1748048Z  * [new branch]      test-appveyor   -> origin/test-appveyor
2023-11-09T16:12:48.1748798Z  * [new branch]      unused          -> origin/unused
2023-11-09T16:12:48.1750207Z  * [new branch]      updates         -> origin/updates
2023-11-09T16:12:48.1750984Z  * [new tag]         0.1.0           -> 0.1.0
2023-11-09T16:12:48.1751614Z  * [new tag]         0.2.0           -> 0.2.0
2023-11-09T16:12:48.1752257Z  * [new tag]         0.3.0           -> 0.3.0
2023-11-09T16:12:48.1752898Z  * [new tag]         0.4.0           -> 0.4.0
2023-11-09T16:12:48.1753673Z  * [new tag]         0.5.0           -> 0.5.0
2023-11-09T16:12:48.1754441Z  * [new tag]         0.5.1           -> 0.5.1
2023-11-09T16:12:48.1755034Z  * [new tag]         0.5.2           -> 0.5.2
2023-11-09T16:12:48.1763756Z  * [new tag]         0.5.3           -> 0.5.3
2023-11-09T16:12:48.1764677Z  * [new tag]         0.5.4           -> 0.5.4
2023-11-09T16:12:48.1765285Z  * [new tag]         0.6.0           -> 0.6.0
2023-11-09T16:12:48.1766275Z  * [new tag]         0.6.1           -> 0.6.1
2023-11-09T16:12:48.1767653Z [command]/usr/bin/git branch --list --remote origin/py312
2023-11-09T16:12:48.1783168Z   origin/py312
2023-11-09T16:12:48.1786872Z [command]/usr/bin/git rev-parse refs/remotes/origin/py312
2023-11-09T16:12:48.1806316Z 2f8b45c52aae74f9e283057091d51c21fa17ff34
2023-11-09T16:12:48.1814435Z ##[endgroup]
2023-11-09T16:12:48.1815047Z ##[group]Determining the checkout info
2023-11-09T16:12:48.1816824Z ##[endgroup]
2023-11-09T16:12:48.1817408Z ##[group]Checking out the ref
2023-11-09T16:12:48.1820976Z [command]/usr/bin/git checkout --progress --force -B py312 refs/remotes/origin/py312
2023-11-09T16:12:48.1926000Z Switched to a new branch 'py312'
2023-11-09T16:12:48.1930120Z branch 'py312' set up to track 'origin/py312'.
2023-11-09T16:12:48.1942419Z ##[endgroup]
2023-11-09T16:12:48.1986867Z [command]/usr/bin/git log -1 --format='%H'
2023-11-09T16:12:48.2015818Z '2f8b45c52aae74f9e283057091d51c21fa17ff34'
2023-11-09T16:12:48.2756212Z ##[group]Run actions/setup-python@v4
2023-11-09T16:12:48.2756706Z with:
2023-11-09T16:12:48.2756978Z   python-version: 3.12
2023-11-09T16:12:48.2757331Z   check-latest: false
2023-11-09T16:12:48.2757874Z   token: ***
2023-11-09T16:12:48.2758412Z   update-environment: true
2023-11-09T16:12:48.2758790Z   allow-prereleases: false
2023-11-09T16:12:48.2759312Z ##[endgroup]
2023-11-09T16:12:48.7447284Z ##[group]Installed versions
2023-11-09T16:12:48.7553560Z Successfully set up CPython (3.12.0)
2023-11-09T16:12:48.7554881Z ##[endgroup]
2023-11-09T16:12:48.7735296Z ##[group]Run python -m pip install --upgrade pip wheel
2023-11-09T16:12:48.7736199Z [36;1mpython -m pip install --upgrade pip wheel[0m
2023-11-09T16:12:48.7736946Z [36;1mpython -m pip install --upgrade --upgrade-strategy=eager tox[0m
2023-11-09T16:12:48.7803806Z shell: /usr/bin/bash -e {0}
2023-11-09T16:12:48.7809195Z env:
2023-11-09T16:12:48.7809672Z   pythonLocation: /opt/hostedtoolcache/Python/3.12.0/x64
2023-11-09T16:12:48.7810523Z   PKG_CONFIG_PATH: /opt/hostedtoolcache/Python/3.12.0/x64/lib/pkgconfig
2023-11-09T16:12:48.7811989Z   Python_ROOT_DIR: /opt/hostedtoolcache/Python/3.12.0/x64
2023-11-09T16:12:48.7812650Z   Python2_ROOT_DIR: /opt/hostedtoolcache/Python/3.12.0/x64
2023-11-09T16:12:48.7813465Z   Python3_ROOT_DIR: /opt/hostedtoolcache/Python/3.12.0/x64
2023-11-09T16:12:48.7814153Z   LD_LIBRARY_PATH: /opt/hostedtoolcache/Python/3.12.0/x64/lib
2023-11-09T16:12:48.7814929Z ##[endgroup]
2023-11-09T16:12:50.0253297Z Requirement already satisfied: pip in /opt/hostedtoolcache/Python/3.12.0/x64/lib/python3.12/site-packages (23.2.1)
2023-11-09T16:12:50.2853293Z Collecting pip
2023-11-09T16:12:50.4150196Z   Downloading pip-23.3.1-py3-none-any.whl.metadata (3.5 kB)
2023-11-09T16:12:50.5076620Z Collecting wheel
2023-11-09T16:12:50.5206070Z   Downloading wheel-0.41.3-py3-none-any.whl.metadata (2.2 kB)
2023-11-09T16:12:50.5428716Z Downloading pip-23.3.1-py3-none-any.whl (2.1 MB)
2023-11-09T16:12:50.7363818Z    ━━━━━━━━━━━━━━━━━━━━━━━━━━━━━━━━━━━━━━━━ 2.1/2.1 MB 12.0 MB/s eta 0:00:00
2023-11-09T16:12:50.7496056Z Downloading wheel-0.41.3-py3-none-any.whl (65 kB)
2023-11-09T16:12:50.7599319Z    ━━━━━━━━━━━━━━━━━━━━━━━━━━━━━━━━━━━━━━━━ 65.8/65.8 kB 8.4 MB/s eta 0:00:00
2023-11-09T16:12:50.8013181Z Installing collected packages: wheel, pip
2023-11-09T16:12:50.8792326Z   Attempting uninstall: pip
2023-11-09T16:12:50.8833233Z     Found existing installation: pip 23.2.1
2023-11-09T16:12:50.9649133Z     Uninstalling pip-23.2.1:
2023-11-09T16:12:50.9924471Z       Successfully uninstalled pip-23.2.1
2023-11-09T16:12:52.7946151Z Successfully installed pip-23.3.1 wheel-0.41.3
2023-11-09T16:12:54.0872955Z Collecting tox
2023-11-09T16:12:54.2079572Z   Downloading tox-4.11.3-py3-none-any.whl.metadata (5.0 kB)
2023-11-09T16:12:54.3088190Z Collecting cachetools>=5.3.1 (from tox)
2023-11-09T16:12:54.3198297Z   Downloading cachetools-5.3.2-py3-none-any.whl.metadata (5.2 kB)
2023-11-09T16:12:54.3584693Z Collecting chardet>=5.2 (from tox)
2023-11-09T16:12:54.3700779Z   Downloading chardet-5.2.0-py3-none-any.whl.metadata (3.4 kB)
2023-11-09T16:12:54.4226620Z Collecting colorama>=0.4.6 (from tox)
2023-11-09T16:12:54.4334486Z   Downloading colorama-0.4.6-py2.py3-none-any.whl (25 kB)
2023-11-09T16:12:54.4969320Z Collecting filelock>=3.12.3 (from tox)
2023-11-09T16:12:54.5074329Z   Downloading filelock-3.13.1-py3-none-any.whl.metadata (2.8 kB)
2023-11-09T16:12:54.5590105Z Collecting packaging>=23.1 (from tox)
2023-11-09T16:12:54.5702756Z   Downloading packaging-23.2-py3-none-any.whl.metadata (3.2 kB)
2023-11-09T16:12:54.6212699Z Collecting platformdirs>=3.10 (from tox)
2023-11-09T16:12:54.6324876Z   Downloading platformdirs-3.11.0-py3-none-any.whl.metadata (11 kB)
2023-11-09T16:12:54.6776197Z Collecting pluggy>=1.3 (from tox)
2023-11-09T16:12:54.6876259Z   Downloading pluggy-1.3.0-py3-none-any.whl.metadata (4.3 kB)
2023-11-09T16:12:54.7275461Z Collecting pyproject-api>=1.6.1 (from tox)
2023-11-09T16:12:54.7390903Z   Downloading pyproject_api-1.6.1-py3-none-any.whl.metadata (2.8 kB)
2023-11-09T16:12:54.8957500Z Collecting virtualenv>=20.24.3 (from tox)
2023-11-09T16:12:54.9071775Z   Downloading virtualenv-20.24.6-py3-none-any.whl.metadata (4.5 kB)
2023-11-09T16:12:55.0357771Z Collecting distlib<1,>=0.3.7 (from virtualenv>=20.24.3->tox)
2023-11-09T16:12:55.0470146Z   Downloading distlib-0.3.7-py2.py3-none-any.whl.metadata (5.1 kB)
2023-11-09T16:12:55.0839868Z Downloading tox-4.11.3-py3-none-any.whl (153 kB)
2023-11-09T16:12:55.1088463Z    ━━━━━━━━━━━━━━━━━━━━━━━━━━━━━━━━━━━━━━━━ 153.8/153.8 kB 7.1 MB/s eta 0:00:00
2023-11-09T16:12:55.1191020Z Downloading cachetools-5.3.2-py3-none-any.whl (9.3 kB)
2023-11-09T16:12:55.1338925Z Downloading chardet-5.2.0-py3-none-any.whl (199 kB)
2023-11-09T16:12:55.1655446Z    ━━━━━━━━━━━━━━━━━━━━━━━━━━━━━━━━━━━━━━━━ 199.4/199.4 kB 6.8 MB/s eta 0:00:00
2023-11-09T16:12:55.1773631Z Downloading filelock-3.13.1-py3-none-any.whl (11 kB)
2023-11-09T16:12:55.1930583Z Downloading packaging-23.2-py3-none-any.whl (53 kB)
2023-11-09T16:12:55.2030775Z    ━━━━━━━━━━━━━━━━━━━━━━━━━━━━━━━━━━━━━━━━ 53.0/53.0 kB 6.4 MB/s eta 0:00:00
2023-11-09T16:12:55.2136968Z Downloading platformdirs-3.11.0-py3-none-any.whl (17 kB)
2023-11-09T16:12:55.2282417Z Downloading pluggy-1.3.0-py3-none-any.whl (18 kB)
2023-11-09T16:12:55.2434059Z Downloading pyproject_api-1.6.1-py3-none-any.whl (12 kB)
2023-11-09T16:12:55.2610846Z Downloading virtualenv-20.24.6-py3-none-any.whl (3.8 MB)
2023-11-09T16:12:55.4951367Z    ━━━━━━━━━━━━━━━━━━━━━━━━━━━━━━━━━━━━━━━━ 3.8/3.8 MB 16.3 MB/s eta 0:00:00
2023-11-09T16:12:55.5175315Z Downloading distlib-0.3.7-py2.py3-none-any.whl (468 kB)
2023-11-09T16:12:55.5372693Z    ━━━━━━━━━━━━━━━━━━━━━━━━━━━━━━━━━━━━━━━━ 468.9/468.9 kB 27.3 MB/s eta 0:00:00
2023-11-09T16:12:55.7106747Z Installing collected packages: distlib, pluggy, platformdirs, packaging, filelock, colorama, chardet, cachetools, virtualenv, pyproject-api, tox
2023-11-09T16:12:56.7486673Z Successfully installed cachetools-5.3.2 chardet-5.2.0 colorama-0.4.6 distlib-0.3.7 filelock-3.13.1 packaging-23.2 platformdirs-3.11.0 pluggy-1.3.0 pyproject-api-1.6.1 tox-4.11.3 virtualenv-20.24.6
2023-11-09T16:12:56.9465078Z ##[group]Run tox -e py -- --cov-report=xml
2023-11-09T16:12:56.9465642Z [36;1mtox -e py -- --cov-report=xml[0m
2023-11-09T16:12:56.9508867Z shell: /usr/bin/bash -e {0}
2023-11-09T16:12:56.9509427Z env:
2023-11-09T16:12:56.9509812Z   pythonLocation: /opt/hostedtoolcache/Python/3.12.0/x64
2023-11-09T16:12:56.9510535Z   PKG_CONFIG_PATH: /opt/hostedtoolcache/Python/3.12.0/x64/lib/pkgconfig
2023-11-09T16:12:56.9511426Z   Python_ROOT_DIR: /opt/hostedtoolcache/Python/3.12.0/x64
2023-11-09T16:12:56.9512087Z   Python2_ROOT_DIR: /opt/hostedtoolcache/Python/3.12.0/x64
2023-11-09T16:12:56.9512885Z   Python3_ROOT_DIR: /opt/hostedtoolcache/Python/3.12.0/x64
2023-11-09T16:12:56.9513539Z   LD_LIBRARY_PATH: /opt/hostedtoolcache/Python/3.12.0/x64/lib
2023-11-09T16:12:56.9514073Z ##[endgroup]
2023-11-09T16:12:57.6927512Z py: install_deps> python -I -m pip install pytest pytest-cov pytest-mock
2023-11-09T16:13:01.7074372Z .pkg: install_requires> python -I -m pip install 'setuptools>=46.4.0' versioningit
2023-11-09T16:13:05.2399297Z .pkg: _optional_hooks> python /opt/hostedtoolcache/Python/3.12.0/x64/lib/python3.12/site-packages/pyproject_api/_backend.py True setuptools.build_meta
2023-11-09T16:13:05.4475893Z .pkg: get_requires_for_build_sdist> python /opt/hostedtoolcache/Python/3.12.0/x64/lib/python3.12/site-packages/pyproject_api/_backend.py True setuptools.build_meta
2023-11-09T16:13:05.5754985Z .pkg: get_requires_for_build_wheel> python /opt/hostedtoolcache/Python/3.12.0/x64/lib/python3.12/site-packages/pyproject_api/_backend.py True setuptools.build_meta
2023-11-09T16:13:05.6634006Z .pkg: install_requires_for_build_wheel> python -I -m pip install wheel
2023-11-09T16:13:06.7032677Z .pkg: freeze> python -m pip freeze --all
2023-11-09T16:13:07.2214304Z .pkg: packaging==23.2,pip==23.3.1,setuptools==68.2.2,versioningit==2.2.1,wheel==0.41.3
2023-11-09T16:13:07.2219766Z .pkg: prepare_metadata_for_build_wheel> python /opt/hostedtoolcache/Python/3.12.0/x64/lib/python3.12/site-packages/pyproject_api/_backend.py True setuptools.build_meta
2023-11-09T16:13:07.3420922Z .pkg: build_sdist> python /opt/hostedtoolcache/Python/3.12.0/x64/lib/python3.12/site-packages/pyproject_api/_backend.py True setuptools.build_meta
2023-11-09T16:13:07.4586797Z py: install_package_deps> python -I -m pip install 'PyYAML>=5.0' 'click-loglevel~=0.2' 'click>=7.0' 'in-place~=0.4' 'pydantic~=1.7' 'python-dateutil~=2.7' 'python-dotenv<2.0,>=0.11' 'requests~=2.20'
2023-11-09T16:13:11.1822322Z py: install_package> python -I -m pip install --force-reinstall --no-deps /home/runner/work/tinuous/tinuous/.tox/.tmp/package/1/tinuous-0.6.1.post46+g2f8b45c.tar.gz
2023-11-09T16:13:16.5455624Z py: freeze> python -m pip freeze --all
2023-11-09T16:13:17.0838758Z py: certifi==2023.7.22,charset-normalizer==3.3.2,click==8.1.7,click-loglevel==0.5.0,coverage==7.3.2,idna==3.4,in-place==0.5.0,iniconfig==2.0.0,packaging==23.2,pip==23.3.1,pluggy==1.3.0,pydantic==1.10.13,pytest==7.4.3,pytest-cov==4.1.0,pytest-mock==3.12.0,python-dateutil==2.8.2,python-dotenv==1.0.0,PyYAML==6.0.1,requests==2.31.0,six==1.16.0,tinuous @ file:///home/runner/work/tinuous/tinuous/.tox/.tmp/package/1/tinuous-0.6.1.post46%2Bg2f8b45c.tar.gz#sha256=07f1a09649d3e54e654c626f6b44a28780fc08de20affd27bbc5c51306103045,typing_extensions==4.8.0,urllib3==2.0.7
2023-11-09T16:13:17.0846118Z py: commands[0]> tinuous --help
2023-11-09T16:13:17.3887743Z Usage: tinuous [OPTIONS] COMMAND [ARGS]...
2023-11-09T16:13:17.3888171Z 
2023-11-09T16:13:17.3888490Z   Download build logs from GitHub Actions, Travis, Appveyor, and CircleCI
2023-11-09T16:13:17.3889173Z 
2023-11-09T16:13:17.3889279Z Options:
2023-11-09T16:13:17.3889942Z   -V, --version                   Show the version and exit.
2023-11-09T16:13:17.3890707Z   -c, --config FILE               Read configuration from the given file
2023-11-09T16:13:17.3891326Z                                   [default: tinuous.yaml]
2023-11-09T16:13:17.3892009Z   -E, --env FILE                  Load environment variables from given .env
2023-11-09T16:13:17.3893049Z                                   file
2023-11-09T16:13:17.3893691Z   -l, --log-level [NOTSET|DEBUG|INFO|WARNING|ERROR|CRITICAL]
2023-11-09T16:13:17.3894720Z                                   Set logging level  [default: INFO]
2023-11-09T16:13:17.3895370Z   --help                          Show this message and exit.
2023-11-09T16:13:17.3895772Z 
2023-11-09T16:13:17.3895882Z Commands:
2023-11-09T16:13:17.3896186Z   fetch         Download logs
2023-11-09T16:13:17.3896710Z   fetch-commit  Download logs for a specific commit
2023-11-09T16:13:17.3897421Z   sanitize      Sanitize secrets in logs
2023-11-09T16:13:17.4337199Z py: commands[1]> pytest --cov-report=xml test
2023-11-09T16:13:19.5787783Z ============================= test session starts ==============================
2023-11-09T16:13:19.5793602Z platform linux -- Python 3.12.0, pytest-7.4.3, pluggy-1.3.0
2023-11-09T16:13:19.5794779Z cachedir: .tox/py/.pytest_cache
2023-11-09T16:13:19.5796208Z rootdir: /home/runner/work/tinuous/tinuous
2023-11-09T16:13:19.5797146Z configfile: tox.ini
2023-11-09T16:13:19.5797816Z plugins: mock-3.12.0, cov-4.1.0
2023-11-09T16:13:19.5798640Z collected 64 items
2023-11-09T16:13:19.5799046Z 
2023-11-09T16:13:19.6098574Z test/test_base.py .........                                              [ 14%]
2023-11-09T16:13:19.6380347Z test/test_config.py ........                                             [ 26%]
2023-11-09T16:13:19.6862540Z test/test_state.py ........                                              [ 39%]
2023-11-09T16:13:20.0898475Z test/test_util.py .......................................                [100%]
2023-11-09T16:13:20.0899766Z 
2023-11-09T16:13:20.0901139Z ---------- coverage: platform linux, python 3.12.0-final-0 -----------
2023-11-09T16:13:20.0902238Z Coverage XML written to file coverage.xml
2023-11-09T16:13:20.0903057Z 
2023-11-09T16:13:20.0903232Z 
2023-11-09T16:13:20.0904040Z ============================== 64 passed in 1.48s ==============================
2023-11-09T16:13:20.1848594Z .pkg: _exit> python /opt/hostedtoolcache/Python/3.12.0/x64/lib/python3.12/site-packages/pyproject_api/_backend.py True setuptools.build_meta
2023-11-09T16:13:20.2288310Z   py: OK (22.81=setup[19.72]+cmd[0.35,2.75] seconds)
2023-11-09T16:13:20.2289207Z   congratulations :) (23.02 seconds)
2023-11-09T16:13:20.2860787Z ##[group]Run codecov/codecov-action@v3
2023-11-09T16:13:20.2861662Z with:
2023-11-09T16:13:20.2862556Z   fail_ci_if_error: false
2023-11-09T16:13:20.2863173Z env:
2023-11-09T16:13:20.2863863Z   pythonLocation: /opt/hostedtoolcache/Python/3.12.0/x64
2023-11-09T16:13:20.2864854Z   PKG_CONFIG_PATH: /opt/hostedtoolcache/Python/3.12.0/x64/lib/pkgconfig
2023-11-09T16:13:20.2866276Z   Python_ROOT_DIR: /opt/hostedtoolcache/Python/3.12.0/x64
2023-11-09T16:13:20.2867192Z   Python2_ROOT_DIR: /opt/hostedtoolcache/Python/3.12.0/x64
2023-11-09T16:13:20.2867963Z   Python3_ROOT_DIR: /opt/hostedtoolcache/Python/3.12.0/x64
2023-11-09T16:13:20.2868917Z   LD_LIBRARY_PATH: /opt/hostedtoolcache/Python/3.12.0/x64/lib
2023-11-09T16:13:20.2869568Z ##[endgroup]
2023-11-09T16:13:20.4852272Z ==> linux OS detected
2023-11-09T16:13:21.2358683Z https://uploader.codecov.io/latest/linux/codecov.SHA256SUM
2023-11-09T16:13:21.3720593Z ==> SHASUM file signed by key id 806bb28aed779869
2023-11-09T16:13:21.6562178Z ==> Uploader SHASUM verified (b9282b8b43eef83f722646d8992c4dd36563046afe0806722184e7e9923a6d7b  codecov)
2023-11-09T16:13:21.6563899Z ==> Running version latest
2023-11-09T16:13:21.8164682Z ==> Running version v0.7.1
2023-11-09T16:13:21.8191532Z [command]/home/runner/work/_actions/codecov/codecov-action/v3/dist/codecov -n  -Q github-action-3.1.4
2023-11-09T16:13:22.1670047Z [2023-11-09T16:13:22.164Z] ['info'] 
2023-11-09T16:13:22.1671199Z      _____          _
2023-11-09T16:13:22.1671859Z     / ____|        | |
2023-11-09T16:13:22.1672477Z    | |     ___   __| | ___  ___ _____   __
2023-11-09T16:13:22.1673382Z    | |    / _ \ / _` |/ _ \/ __/ _ \ \ / /
2023-11-09T16:13:22.1674153Z    | |___| (_) | (_| |  __/ (_| (_) \ V /
2023-11-09T16:13:22.1674963Z     \_____\___/ \__,_|\___|\___\___/ \_/
2023-11-09T16:13:22.1675800Z 
2023-11-09T16:13:22.1676279Z   Codecov report uploader 0.7.1
2023-11-09T16:13:22.1757247Z [2023-11-09T16:13:22.175Z] ['info'] => Project root located at: /home/runner/work/tinuous/tinuous
2023-11-09T16:13:22.1792922Z [2023-11-09T16:13:22.178Z] ['info'] -> No token specified or token is empty
2023-11-09T16:13:22.1918581Z [2023-11-09T16:13:22.191Z] ['info'] Searching for coverage files...
2023-11-09T16:13:22.2856492Z [2023-11-09T16:13:22.285Z] ['info'] Warning: Some files located via search were excluded from upload.
2023-11-09T16:13:22.2881531Z [2023-11-09T16:13:22.285Z] ['info'] If Codecov did not locate your files, please review https://docs.codecov.com/docs/supported-report-formats
2023-11-09T16:13:22.2887782Z [2023-11-09T16:13:22.288Z] ['info'] => Found 1 possible coverage files:
2023-11-09T16:13:22.2890330Z   coverage.xml
2023-11-09T16:13:22.2892296Z [2023-11-09T16:13:22.288Z] ['info'] Processing /home/runner/work/tinuous/tinuous/coverage.xml...
2023-11-09T16:13:22.2952773Z [2023-11-09T16:13:22.294Z] ['info'] Detected GitHub Actions as the CI provider.
2023-11-09T16:13:22.7277726Z [2023-11-09T16:13:22.726Z] ['info'] Pinging Codecov: https://codecov.io/upload/v4?package=github-action-3.1.4-uploader-0.7.1&token=*******&branch=py312&build=6814447706&build_url=https%3A%2F%2Fgithub.com%2Fcon%2Ftinuous%2Factions%2Fruns%2F6814447706&commit=2f8b45c52aae74f9e283057091d51c21fa17ff34&job=Test&pr=&service=github-actions&slug=con%2Ftinuous&name=&tag=&flags=&parent=
2023-11-09T16:13:23.1465129Z [2023-11-09T16:13:23.145Z] ['info'] https://app.codecov.io/github/con/tinuous/commit/2f8b45c52aae74f9e283057091d51c21fa17ff34
2023-11-09T16:13:23.1472495Z https://storage.googleapis.com/codecov/v4/raw/2023-11-09/0010CBA6D851417C00BB0BC3FC5895F9/2f8b45c52aae74f9e283057091d51c21fa17ff34/1e5bfb37-da3a-442e-b471-96bd3de61eca.txt?X-Amz-Algorithm=AWS4-HMAC-SHA256&X-Amz-Credential=GOOG1EJOGFN2JQ4OCTGA2MU5AEIT7OT5Z7HTFOAN2SPG4NWSN2UJYOY5U6LZQ%2F20231109%2FUS%2Fs3%2Faws4_request&X-Amz-Date=20231109T161323Z&X-Amz-Expires=10&X-Amz-SignedHeaders=host&X-Amz-Signature=e888a02416f6a299f963d199f03a50bfa0e7f926dcfcce55f0a725d677a81d05
2023-11-09T16:13:23.1478085Z [2023-11-09T16:13:23.146Z] ['info'] Uploading...
2023-11-09T16:13:23.3614458Z [2023-11-09T16:13:23.360Z] ['info'] {"status":"processing","resultURL":"https://app.codecov.io/github/con/tinuous/commit/2f8b45c52aae74f9e283057091d51c21fa17ff34"}
2023-11-09T16:13:23.4273547Z Post job cleanup.
2023-11-09T16:13:23.6520478Z Post job cleanup.
2023-11-09T16:13:23.7740417Z [command]/usr/bin/git version
2023-11-09T16:13:23.7810018Z git version 2.42.0
2023-11-09T16:13:23.7884490Z Temporarily overriding HOME='/home/runner/work/_temp/e3be23f6-7cda-47e1-9acf-a770f623064f' before making global git config changes
2023-11-09T16:13:23.7886352Z Adding repository directory to the temporary git global config as a safe directory
2023-11-09T16:13:23.7891581Z [command]/usr/bin/git config --global --add safe.directory /home/runner/work/tinuous/tinuous
2023-11-09T16:13:23.7942208Z [command]/usr/bin/git config --local --name-only --get-regexp core\.sshCommand
2023-11-09T16:13:23.7983416Z [command]/usr/bin/git submodule foreach --recursive sh -c "git config --local --name-only --get-regexp 'core\.sshCommand' && git config --local --unset-all 'core.sshCommand' || :"
2023-11-09T16:13:23.8315542Z [command]/usr/bin/git config --local --name-only --get-regexp http\.https\:\/\/github\.com\/\.extraheader
2023-11-09T16:13:23.8345568Z http.https://github.com/.extraheader
2023-11-09T16:13:23.8361951Z [command]/usr/bin/git config --local --unset-all http.https://github.com/.extraheader
2023-11-09T16:13:23.8402419Z [command]/usr/bin/git submodule foreach --recursive sh -c "git config --local --name-only --get-regexp 'http\.https\:\/\/github\.com\/\.extraheader' && git config --local --unset-all 'http.https://github.com/.extraheader' || :"
2023-11-09T16:13:23.9107567Z Cleaning up orphan processes
