2023-11-09T16:18:34.3191488Z Requested labels: ubuntu-latest
2023-11-09T16:18:34.3191731Z Job defined at: con/tinuous/.github/workflows/test.yml@refs/pull/176/merge
2023-11-09T16:18:34.3191825Z Waiting for a runner to pick up this job...
2023-11-09T16:19:44.4818696Z Job is waiting for a hosted runner to come online.
2023-11-09T16:19:47.3136409Z Job is about to start running on the hosted runner: GitHub Actions 14 (hosted)
2023-11-09T16:19:49.3348402Z Current runner version: '2.311.0'
2023-11-09T16:19:49.3371012Z ##[group]Operating System
2023-11-09T16:19:49.3371914Z Ubuntu
2023-11-09T16:19:49.3372428Z 22.04.3
2023-11-09T16:19:49.3372752Z LTS
2023-11-09T16:19:49.3373089Z ##[endgroup]
2023-11-09T16:19:49.3373546Z ##[group]Runner Image
2023-11-09T16:19:49.3373970Z Image: ubuntu-22.04
2023-11-09T16:19:49.3374372Z Version: 20231030.2.0
2023-11-09T16:19:49.3375419Z Included Software: https://github.com/actions/runner-images/blob/ubuntu22/20231030.2/images/linux/Ubuntu2204-Readme.md
2023-11-09T16:19:49.3376840Z Image Release: https://github.com/actions/runner-images/releases/tag/ubuntu22%2F20231030.2
2023-11-09T16:19:49.3377700Z ##[endgroup]
2023-11-09T16:19:49.3378181Z ##[group]Runner Image Provisioner
2023-11-09T16:19:49.3378652Z 2.0.312.1
2023-11-09T16:19:49.3378992Z ##[endgroup]
2023-11-09T16:19:49.3381220Z ##[group]GITHUB_TOKEN Permissions
2023-11-09T16:19:49.3382837Z Actions: write
2023-11-09T16:19:49.3383389Z Checks: write
2023-11-09T16:19:49.3383902Z Contents: write
2023-11-09T16:19:49.3384479Z Deployments: write
2023-11-09T16:19:49.3384886Z Discussions: write
2023-11-09T16:19:49.3385239Z Issues: write
2023-11-09T16:19:49.3385687Z Metadata: read
2023-11-09T16:19:49.3386043Z Packages: write
2023-11-09T16:19:49.3386414Z Pages: write
2023-11-09T16:19:49.3386867Z PullRequests: write
2023-11-09T16:19:49.3387453Z RepositoryProjects: write
2023-11-09T16:19:49.3387926Z SecurityEvents: write
2023-11-09T16:19:49.3388411Z Statuses: write
2023-11-09T16:19:49.3388754Z ##[endgroup]
2023-11-09T16:19:49.3391661Z Secret source: Actions
2023-11-09T16:19:49.3392391Z Prepare workflow directory
2023-11-09T16:19:49.4002454Z Prepare all required actions
2023-11-09T16:19:49.4158117Z Getting action download info
2023-11-09T16:19:49.5885876Z Download action repository 'actions/checkout@v4' (SHA:b4ffde65f46336ab88eb53be808477a3936bae11)
2023-11-09T16:19:49.7020913Z Download action repository 'actions/setup-python@v4' (SHA:65d7f2d534ac1bc67fcd62888c5f4f3d2cb2b236)
2023-11-09T16:19:49.7713905Z Download action repository 'codecov/codecov-action@v3' (SHA:eaaf4bedf32dbdc6b720b63067d99c4d77d6047d)
2023-11-09T16:19:50.1350151Z Complete job name: test (3.8, typing)
2023-11-09T16:19:50.2291224Z ##[group]Run actions/checkout@v4
2023-11-09T16:19:50.2291827Z with:
2023-11-09T16:19:50.2292158Z   fetch-depth: 0
2023-11-09T16:19:50.2292665Z   repository: con/tinuous
2023-11-09T16:19:50.2293347Z   token: ***
2023-11-09T16:19:50.2293737Z   ssh-strict: true
2023-11-09T16:19:50.2294200Z   persist-credentials: true
2023-11-09T16:19:50.2294688Z   clean: true
2023-11-09T16:19:50.2295102Z   sparse-checkout-cone-mode: true
2023-11-09T16:19:50.2295638Z   fetch-tags: false
2023-11-09T16:19:50.2296066Z   show-progress: true
2023-11-09T16:19:50.2296466Z   lfs: false
2023-11-09T16:19:50.2296875Z   submodules: false
2023-11-09T16:19:50.2297295Z   set-safe-directory: true
2023-11-09T16:19:50.2297726Z ##[endgroup]
2023-11-09T16:19:50.3995427Z Syncing repository: con/tinuous
2023-11-09T16:19:50.3998139Z ##[group]Getting Git version info
2023-11-09T16:19:50.3999365Z Working directory is '/home/runner/work/tinuous/tinuous'
2023-11-09T16:19:50.4001128Z [command]/usr/bin/git version
2023-11-09T16:19:50.4001977Z git version 2.42.0
2023-11-09T16:19:50.4004394Z ##[endgroup]
2023-11-09T16:19:50.4019098Z Temporarily overriding HOME='/home/runner/work/_temp/b9ff9975-30ec-40ce-bc8d-f139134d14f3' before making global git config changes
2023-11-09T16:19:50.4021524Z Adding repository directory to the temporary git global config as a safe directory
2023-11-09T16:19:50.4023576Z [command]/usr/bin/git config --global --add safe.directory /home/runner/work/tinuous/tinuous
2023-11-09T16:19:50.4031038Z Deleting the contents of '/home/runner/work/tinuous/tinuous'
2023-11-09T16:19:50.4036498Z ##[group]Initializing the repository
2023-11-09T16:19:50.4039315Z [command]/usr/bin/git init /home/runner/work/tinuous/tinuous
2023-11-09T16:19:50.4098956Z hint: Using 'master' as the name for the initial branch. This default branch name
2023-11-09T16:19:50.4100873Z hint: is subject to change. To configure the initial branch name to use in all
2023-11-09T16:19:50.4102421Z hint: of your new repositories, which will suppress this warning, call:
2023-11-09T16:19:50.4103656Z hint: 
2023-11-09T16:19:50.4104614Z hint: 	git config --global init.defaultBranch <name>
2023-11-09T16:19:50.4105575Z hint: 
2023-11-09T16:19:50.4106764Z hint: Names commonly chosen instead of 'master' are 'main', 'trunk' and
2023-11-09T16:19:50.4108539Z hint: 'development'. The just-created branch can be renamed via this command:
2023-11-09T16:19:50.4109662Z hint: 
2023-11-09T16:19:50.4110374Z hint: 	git branch -m <name>
2023-11-09T16:19:50.4111446Z Initialized empty Git repository in /home/runner/work/tinuous/tinuous/.git/
2023-11-09T16:19:50.4120009Z [command]/usr/bin/git remote add origin https://github.com/con/tinuous
2023-11-09T16:19:50.4154136Z ##[endgroup]
2023-11-09T16:19:50.4154993Z ##[group]Disabling automatic garbage collection
2023-11-09T16:19:50.4156644Z [command]/usr/bin/git config --local gc.auto 0
2023-11-09T16:19:50.4184510Z ##[endgroup]
2023-11-09T16:19:50.4185299Z ##[group]Setting up auth
2023-11-09T16:19:50.4189891Z [command]/usr/bin/git config --local --name-only --get-regexp core\.sshCommand
2023-11-09T16:19:50.4217847Z [command]/usr/bin/git submodule foreach --recursive sh -c "git config --local --name-only --get-regexp 'core\.sshCommand' && git config --local --unset-all 'core.sshCommand' || :"
2023-11-09T16:19:50.4507845Z [command]/usr/bin/git config --local --name-only --get-regexp http\.https\:\/\/github\.com\/\.extraheader
2023-11-09T16:19:50.4534966Z [command]/usr/bin/git submodule foreach --recursive sh -c "git config --local --name-only --get-regexp 'http\.https\:\/\/github\.com\/\.extraheader' && git config --local --unset-all 'http.https://github.com/.extraheader' || :"
2023-11-09T16:19:50.4767495Z [command]/usr/bin/git config --local http.https://github.com/.extraheader AUTHORIZATION: basic ***
2023-11-09T16:19:50.4801885Z ##[endgroup]
2023-11-09T16:19:50.4802781Z ##[group]Fetching the repository
2023-11-09T16:19:50.4813604Z [command]/usr/bin/git -c protocol.version=2 fetch --prune --no-recurse-submodules origin +refs/heads/*:refs/remotes/origin/* +refs/tags/*:refs/tags/* +37bb9d56d57f98b74b4eb8a479079239dbc6354e:refs/remotes/pull/176/merge
2023-11-09T16:19:50.8517614Z From https://github.com/con/tinuous
2023-11-09T16:19:50.8520329Z  * [new branch]      gh-55                                    -> origin/gh-55
2023-11-09T16:19:50.8521989Z  * [new branch]      ghtoken                                  -> origin/ghtoken
2023-11-09T16:19:50.8523617Z  * [new branch]      headers                                  -> origin/headers
2023-11-09T16:19:50.8525247Z  * [new branch]      master                                   -> origin/master
2023-11-09T16:19:50.8526988Z  * [new branch]      mypy-import                              -> origin/mypy-import
2023-11-09T16:19:50.8529002Z  * [new branch]      no-extra-search                          -> origin/no-extra-search
2023-11-09T16:19:50.8530992Z  * [new branch]      pragmata                                 -> origin/pragmata
2023-11-09T16:19:50.8532629Z  * [new branch]      py312                                    -> origin/py312
2023-11-09T16:19:50.8534311Z  * [new branch]      pypy                                     -> origin/pypy
2023-11-09T16:19:50.8537879Z  * [new branch]      test-appveyor                            -> origin/test-appveyor
2023-11-09T16:19:50.8540109Z  * [new branch]      unused                                   -> origin/unused
2023-11-09T16:19:50.8542056Z  * [new branch]      updates                                  -> origin/updates
2023-11-09T16:19:50.8544435Z  * [new tag]         0.1.0                                    -> 0.1.0
2023-11-09T16:19:50.8546085Z  * [new tag]         0.2.0                                    -> 0.2.0
2023-11-09T16:19:50.8547709Z  * [new tag]         0.3.0                                    -> 0.3.0
2023-11-09T16:19:50.8549017Z  * [new tag]         0.4.0                                    -> 0.4.0
2023-11-09T16:19:50.8570614Z  * [new tag]         0.5.0                                    -> 0.5.0
2023-11-09T16:19:50.8572513Z  * [new tag]         0.5.1                                    -> 0.5.1
2023-11-09T16:19:50.8574811Z  * [new tag]         0.5.2                                    -> 0.5.2
2023-11-09T16:19:50.8577164Z  * [new tag]         0.5.3                                    -> 0.5.3
2023-11-09T16:19:50.8579233Z  * [new tag]         0.5.4                                    -> 0.5.4
2023-11-09T16:19:50.8581347Z  * [new tag]         0.6.0                                    -> 0.6.0
2023-11-09T16:19:50.8584166Z  * [new tag]         0.6.1                                    -> 0.6.1
2023-11-09T16:19:50.8586040Z  * [new ref]         37bb9d56d57f98b74b4eb8a479079239dbc6354e -> pull/176/merge
2023-11-09T16:19:50.8601520Z ##[endgroup]
2023-11-09T16:19:50.8603042Z ##[group]Determining the checkout info
2023-11-09T16:19:50.8604673Z ##[endgroup]
2023-11-09T16:19:50.8605881Z ##[group]Checking out the ref
2023-11-09T16:19:50.8608208Z [command]/usr/bin/git checkout --progress --force refs/remotes/pull/176/merge
2023-11-09T16:19:50.8661705Z Note: switching to 'refs/remotes/pull/176/merge'.
2023-11-09T16:19:50.8662419Z 
2023-11-09T16:19:50.8663177Z You are in 'detached HEAD' state. You can look around, make experimental
2023-11-09T16:19:50.8664773Z changes and commit them, and you can discard any commits you make in this
2023-11-09T16:19:50.8666228Z state without impacting any branches by switching back to a branch.
2023-11-09T16:19:50.8667271Z 
2023-11-09T16:19:50.8667814Z If you want to create a new branch to retain commits you create, you may
2023-11-09T16:19:50.8669448Z do so (now or later) by using -c with the switch command. Example:
2023-11-09T16:19:50.8670253Z 
2023-11-09T16:19:50.8670577Z   git switch -c <new-branch-name>
2023-11-09T16:19:50.8671104Z 
2023-11-09T16:19:50.8671338Z Or undo this operation with:
2023-11-09T16:19:50.8671898Z 
2023-11-09T16:19:50.8672174Z   git switch -
2023-11-09T16:19:50.8672510Z 
2023-11-09T16:19:50.8673116Z Turn off this advice by setting config variable advice.detachedHead to false
2023-11-09T16:19:50.8674061Z 
2023-11-09T16:19:50.8675317Z HEAD is now at 37bb9d5 Merge 5c49f9a9b96ab4b5c1ef8881926b2ac36aa53fe8 into 44068cc6332d11dc824ac5e270cec41a54d7acf2
2023-11-09T16:19:50.8678324Z ##[endgroup]
2023-11-09T16:19:50.8702279Z [command]/usr/bin/git log -1 --format='%H'
2023-11-09T16:19:50.8724955Z '37bb9d56d57f98b74b4eb8a479079239dbc6354e'
2023-11-09T16:19:50.9086019Z ##[group]Run actions/setup-python@v4
2023-11-09T16:19:50.9086528Z with:
2023-11-09T16:19:50.9086863Z   python-version: 3.8
2023-11-09T16:19:50.9087292Z   check-latest: false
2023-11-09T16:19:50.9087824Z   token: ***
2023-11-09T16:19:50.9088194Z   update-environment: true
2023-11-09T16:19:50.9088651Z   allow-prereleases: false
2023-11-09T16:19:50.9089032Z ##[endgroup]
2023-11-09T16:19:51.1176690Z ##[group]Installed versions
2023-11-09T16:19:51.1253986Z Successfully set up CPython (3.8.18)
2023-11-09T16:19:51.1255345Z ##[endgroup]
2023-11-09T16:19:51.1392997Z ##[group]Run python -m pip install --upgrade pip wheel
2023-11-09T16:19:51.1393650Z [36;1mpython -m pip install --upgrade pip wheel[0m
2023-11-09T16:19:51.1394424Z [36;1mpython -m pip install --upgrade --upgrade-strategy=eager tox[0m
2023-11-09T16:19:51.1455312Z shell: /usr/bin/bash -e {0}
2023-11-09T16:19:51.1455767Z env:
2023-11-09T16:19:51.1456153Z   pythonLocation: /opt/hostedtoolcache/Python/3.8.18/x64
2023-11-09T16:19:51.1456899Z   PKG_CONFIG_PATH: /opt/hostedtoolcache/Python/3.8.18/x64/lib/pkgconfig
2023-11-09T16:19:51.1457536Z   Python_ROOT_DIR: /opt/hostedtoolcache/Python/3.8.18/x64
2023-11-09T16:19:51.1458067Z   Python2_ROOT_DIR: /opt/hostedtoolcache/Python/3.8.18/x64
2023-11-09T16:19:51.1458703Z   Python3_ROOT_DIR: /opt/hostedtoolcache/Python/3.8.18/x64
2023-11-09T16:19:51.1459291Z   LD_LIBRARY_PATH: /opt/hostedtoolcache/Python/3.8.18/x64/lib
2023-11-09T16:19:51.1459780Z ##[endgroup]
2023-11-09T16:19:51.8184655Z Requirement already satisfied: pip in /opt/hostedtoolcache/Python/3.8.18/x64/lib/python3.8/site-packages (23.0.1)
2023-11-09T16:19:51.9388048Z Collecting pip
2023-11-09T16:19:51.9865850Z   Downloading pip-23.3.1-py3-none-any.whl.metadata (3.5 kB)
2023-11-09T16:19:52.0264934Z Collecting wheel
2023-11-09T16:19:52.0305836Z   Downloading wheel-0.41.3-py3-none-any.whl.metadata (2.2 kB)
2023-11-09T16:19:52.0410797Z Downloading pip-23.3.1-py3-none-any.whl (2.1 MB)
2023-11-09T16:19:52.0872553Z    â”â”â”â”â”â”â”â”â”â”â”â”â”â”â”â”â”â”â”â”â”â”â”â”â”â”â”â”â”â”â”â”â”â”â”â”â”â”â”â” 2.1/2.1 MB 48.4 MB/s eta 0:00:00
2023-11-09T16:19:52.0912496Z Downloading wheel-0.41.3-py3-none-any.whl (65 kB)
2023-11-09T16:19:52.0963561Z    â”â”â”â”â”â”â”â”â”â”â”â”â”â”â”â”â”â”â”â”â”â”â”â”â”â”â”â”â”â”â”â”â”â”â”â”â”â”â”â” 65.8/65.8 kB 19.2 MB/s eta 0:00:00
2023-11-09T16:19:52.1352232Z Installing collected packages: wheel, pip
2023-11-09T16:19:52.1755117Z   Attempting uninstall: pip
2023-11-09T16:19:52.1761266Z     Found existing installation: pip 23.0.1
2023-11-09T16:19:52.2389311Z     Uninstalling pip-23.0.1:
2023-11-09T16:19:52.2851189Z       Successfully uninstalled pip-23.0.1
2023-11-09T16:19:53.1962644Z Successfully installed pip-23.3.1 wheel-0.41.3
2023-11-09T16:19:53.9573204Z Collecting tox
2023-11-09T16:19:54.0023406Z   Downloading tox-4.11.3-py3-none-any.whl.metadata (5.0 kB)
2023-11-09T16:19:54.0550011Z Collecting cachetools>=5.3.1 (from tox)
2023-11-09T16:19:54.0590229Z   Downloading cachetools-5.3.2-py3-none-any.whl.metadata (5.2 kB)
2023-11-09T16:19:54.0768961Z Collecting chardet>=5.2 (from tox)
2023-11-09T16:19:54.0813126Z   Downloading chardet-5.2.0-py3-none-any.whl.metadata (3.4 kB)
2023-11-09T16:19:54.1065957Z Collecting colorama>=0.4.6 (from tox)
2023-11-09T16:19:54.1104918Z   Downloading colorama-0.4.6-py2.py3-none-any.whl (25 kB)
2023-11-09T16:19:54.1449685Z Collecting filelock>=3.12.3 (from tox)
2023-11-09T16:19:54.1485407Z   Downloading filelock-3.13.1-py3-none-any.whl.metadata (2.8 kB)
2023-11-09T16:19:54.1772930Z Collecting packaging>=23.1 (from tox)
2023-11-09T16:19:54.1813939Z   Downloading packaging-23.2-py3-none-any.whl.metadata (3.2 kB)
2023-11-09T16:19:54.2078231Z Collecting platformdirs>=3.10 (from tox)
2023-11-09T16:19:54.2115434Z   Downloading platformdirs-3.11.0-py3-none-any.whl.metadata (11 kB)
2023-11-09T16:19:54.2357540Z Collecting pluggy>=1.3 (from tox)
2023-11-09T16:19:54.2396357Z   Downloading pluggy-1.3.0-py3-none-any.whl.metadata (4.3 kB)
2023-11-09T16:19:54.2589077Z Collecting pyproject-api>=1.6.1 (from tox)
2023-11-09T16:19:54.2628465Z   Downloading pyproject_api-1.6.1-py3-none-any.whl.metadata (2.8 kB)
2023-11-09T16:19:54.2834363Z Collecting tomli>=2.0.1 (from tox)
2023-11-09T16:19:54.2872192Z   Downloading tomli-2.0.1-py3-none-any.whl (12 kB)
2023-11-09T16:19:54.3808681Z Collecting virtualenv>=20.24.3 (from tox)
2023-11-09T16:19:54.3848778Z   Downloading virtualenv-20.24.6-py3-none-any.whl.metadata (4.5 kB)
2023-11-09T16:19:54.4730814Z Collecting distlib<1,>=0.3.7 (from virtualenv>=20.24.3->tox)
2023-11-09T16:19:54.4768555Z   Downloading distlib-0.3.7-py2.py3-none-any.whl.metadata (5.1 kB)
2023-11-09T16:19:54.4968031Z Downloading tox-4.11.3-py3-none-any.whl (153 kB)
2023-11-09T16:19:54.5039416Z    â”â”â”â”â”â”â”â”â”â”â”â”â”â”â”â”â”â”â”â”â”â”â”â”â”â”â”â”â”â”â”â”â”â”â”â”â”â”â”â” 153.8/153.8 kB 32.0 MB/s eta 0:00:00
2023-11-09T16:19:54.5078715Z Downloading cachetools-5.3.2-py3-none-any.whl (9.3 kB)
2023-11-09T16:19:54.5138555Z Downloading chardet-5.2.0-py3-none-any.whl (199 kB)
2023-11-09T16:19:54.5200609Z    â”â”â”â”â”â”â”â”â”â”â”â”â”â”â”â”â”â”â”â”â”â”â”â”â”â”â”â”â”â”â”â”â”â”â”â”â”â”â”â” 199.4/199.4 kB 48.5 MB/s eta 0:00:00
2023-11-09T16:19:54.5239004Z Downloading filelock-3.13.1-py3-none-any.whl (11 kB)
2023-11-09T16:19:54.5298476Z Downloading packaging-23.2-py3-none-any.whl (53 kB)
2023-11-09T16:19:54.5342696Z    â”â”â”â”â”â”â”â”â”â”â”â”â”â”â”â”â”â”â”â”â”â”â”â”â”â”â”â”â”â”â”â”â”â”â”â”â”â”â”â” 53.0/53.0 kB 17.7 MB/s eta 0:00:00
2023-11-09T16:19:54.5380220Z Downloading platformdirs-3.11.0-py3-none-any.whl (17 kB)
2023-11-09T16:19:54.5440085Z Downloading pluggy-1.3.0-py3-none-any.whl (18 kB)
2023-11-09T16:19:54.5511628Z Downloading pyproject_api-1.6.1-py3-none-any.whl (12 kB)
2023-11-09T16:19:54.5598079Z Downloading virtualenv-20.24.6-py3-none-any.whl (3.8 MB)
2023-11-09T16:19:54.5973527Z    â”â”â”â”â”â”â”â”â”â”â”â”â”â”â”â”â”â”â”â”â”â”â”â”â”â”â”â”â”â”â”â”â”â”â”â”â”â”â”â” 3.8/3.8 MB 106.8 MB/s eta 0:00:00
2023-11-09T16:19:54.6031871Z Downloading distlib-0.3.7-py2.py3-none-any.whl (468 kB)
2023-11-09T16:19:54.6112870Z    â”â”â”â”â”â”â”â”â”â”â”â”â”â”â”â”â”â”â”â”â”â”â”â”â”â”â”â”â”â”â”â”â”â”â”â”â”â”â”â” 468.9/468.9 kB 79.2 MB/s eta 0:00:00
2023-11-09T16:19:54.7401834Z Installing collected packages: distlib, tomli, pluggy, platformdirs, packaging, filelock, colorama, chardet, cachetools, virtualenv, pyproject-api, tox
2023-11-09T16:19:55.2612491Z Successfully installed cachetools-5.3.2 chardet-5.2.0 colorama-0.4.6 distlib-0.3.7 filelock-3.13.1 packaging-23.2 platformdirs-3.11.0 pluggy-1.3.0 pyproject-api-1.6.1 tomli-2.0.1 tox-4.11.3 virtualenv-20.24.6
2023-11-09T16:19:55.3733030Z ##[group]Run tox -e typing
2023-11-09T16:19:55.3733502Z [36;1mtox -e typing[0m
2023-11-09T16:19:55.3778319Z shell: /usr/bin/bash -e {0}
2023-11-09T16:19:55.3778718Z env:
2023-11-09T16:19:55.3779251Z   pythonLocation: /opt/hostedtoolcache/Python/3.8.18/x64
2023-11-09T16:19:55.3779888Z   PKG_CONFIG_PATH: /opt/hostedtoolcache/Python/3.8.18/x64/lib/pkgconfig
2023-11-09T16:19:55.3780511Z   Python_ROOT_DIR: /opt/hostedtoolcache/Python/3.8.18/x64
2023-11-09T16:19:55.3781170Z   Python2_ROOT_DIR: /opt/hostedtoolcache/Python/3.8.18/x64
2023-11-09T16:19:55.3781709Z   Python3_ROOT_DIR: /opt/hostedtoolcache/Python/3.8.18/x64
2023-11-09T16:19:55.3782297Z   LD_LIBRARY_PATH: /opt/hostedtoolcache/Python/3.8.18/x64/lib
2023-11-09T16:19:55.3782882Z ##[endgroup]
2023-11-09T16:19:55.9064439Z typing: install_deps> python -I -m pip install mypy pytest pytest-cov pytest-mock types-python-dateutil types-PyYAML types-requests
2023-11-09T16:19:59.8240936Z .pkg: install_requires> python -I -m pip install 'setuptools>=46.4.0' versioningit
2023-11-09T16:20:01.2332114Z .pkg: _optional_hooks> python /opt/hostedtoolcache/Python/3.8.18/x64/lib/python3.8/site-packages/pyproject_api/_backend.py True setuptools.build_meta
2023-11-09T16:20:01.4395563Z .pkg: get_requires_for_build_sdist> python /opt/hostedtoolcache/Python/3.8.18/x64/lib/python3.8/site-packages/pyproject_api/_backend.py True setuptools.build_meta
2023-11-09T16:20:01.5471952Z .pkg: get_requires_for_build_wheel> python /opt/hostedtoolcache/Python/3.8.18/x64/lib/python3.8/site-packages/pyproject_api/_backend.py True setuptools.build_meta
2023-11-09T16:20:01.6102402Z .pkg: install_requires_for_build_wheel> python -I -m pip install wheel
2023-11-09T16:20:02.1094506Z .pkg: freeze> python -m pip freeze --all
2023-11-09T16:20:02.4081299Z .pkg: importlib-metadata==6.8.0,packaging==23.2,pip==23.3.1,setuptools==68.2.2,tomli==2.0.1,versioningit==2.2.1,wheel==0.41.2,zipp==3.17.0
2023-11-09T16:20:02.4085982Z .pkg: prepare_metadata_for_build_wheel> python /opt/hostedtoolcache/Python/3.8.18/x64/lib/python3.8/site-packages/pyproject_api/_backend.py True setuptools.build_meta
2023-11-09T16:20:02.5073123Z .pkg: build_sdist> python /opt/hostedtoolcache/Python/3.8.18/x64/lib/python3.8/site-packages/pyproject_api/_backend.py True setuptools.build_meta
2023-11-09T16:20:02.5886183Z typing: install_package_deps> python -I -m pip install 'PyYAML>=5.0' 'click-loglevel~=0.2' 'click>=7.0' 'in-place~=1.0' 'pydantic~=2.0' 'python-dateutil~=2.7' 'python-dotenv<2.0,>=0.11' 'requests~=2.20' 'typing-extensions; python_version < "3.9"'
2023-11-09T16:20:05.1732612Z typing: install_package> python -I -m pip install --force-reinstall --no-deps /home/runner/work/tinuous/tinuous/.tox/.tmp/package/1/tinuous-0.6.1.post49+g37bb9d5.tar.gz
2023-11-09T16:20:08.6755540Z typing: freeze> python -m pip freeze --all
2023-11-09T16:20:08.9952183Z typing: annotated-types==0.6.0,certifi==2023.7.22,charset-normalizer==3.3.2,click==8.1.7,click-loglevel==0.5.0,coverage==7.3.2,exceptiongroup==1.1.3,idna==3.4,in-place==1.0.0,iniconfig==2.0.0,mypy==1.6.1,mypy-extensions==1.0.0,packaging==23.2,pip==23.3.1,pluggy==1.3.0,pydantic==2.4.2,pydantic_core==2.10.1,pytest==7.4.3,pytest-cov==4.1.0,pytest-mock==3.12.0,python-dateutil==2.8.2,python-dotenv==1.0.0,PyYAML==6.0.1,requests==2.31.0,setuptools==68.2.2,six==1.16.0,tinuous @ file:///home/runner/work/tinuous/tinuous/.tox/.tmp/package/1/tinuous-0.6.1.post49%2Bg37bb9d5.tar.gz#sha256=e463b852d494126cba34acd50d1528953bcef6b28bdc08d035957d799263b066,tomli==2.0.1,types-python-dateutil==2.8.19.14,types-PyYAML==6.0.12.12,types-requests==2.31.0.10,typing_extensions==4.8.0,urllib3==2.0.7,wheel==0.41.2
2023-11-09T16:20:08.9958582Z typing: commands[0]> mypy src test
2023-11-09T16:20:14.6871379Z Success: no issues found in 15 source files
2023-11-09T16:20:14.7021936Z .pkg: _exit> python /opt/hostedtoolcache/Python/3.8.18/x64/lib/python3.8/site-packages/pyproject_api/_backend.py True setuptools.build_meta
2023-11-09T16:20:14.7235652Z   typing: OK (19.12=setup[13.41]+cmd[5.71] seconds)
2023-11-09T16:20:14.7236637Z   congratulations :) (19.20 seconds)
2023-11-09T16:20:14.7544624Z Post job cleanup.
2023-11-09T16:20:14.8860173Z Post job cleanup.
2023-11-09T16:20:14.9585956Z [command]/usr/bin/git version
2023-11-09T16:20:14.9625272Z git version 2.42.0
2023-11-09T16:20:14.9666124Z Temporarily overriding HOME='/home/runner/work/_temp/480029b7-250e-4869-8f63-02d33c553aa9' before making global git config changes
2023-11-09T16:20:14.9668717Z Adding repository directory to the temporary git global config as a safe directory
2023-11-09T16:20:14.9672220Z [command]/usr/bin/git config --global --add safe.directory /home/runner/work/tinuous/tinuous
2023-11-09T16:20:14.9706163Z [command]/usr/bin/git config --local --name-only --get-regexp core\.sshCommand
2023-11-09T16:20:14.9737444Z [command]/usr/bin/git submodule foreach --recursive sh -c "git config --local --name-only --get-regexp 'core\.sshCommand' && git config --local --unset-all 'core.sshCommand' || :"
2023-11-09T16:20:14.9984235Z [command]/usr/bin/git config --local --name-only --get-regexp http\.https\:\/\/github\.com\/\.extraheader
2023-11-09T16:20:15.0005257Z http.https://github.com/.extraheader
2023-11-09T16:20:15.0016370Z [command]/usr/bin/git config --local --unset-all http.https://github.com/.extraheader
2023-11-09T16:20:15.0046847Z [command]/usr/bin/git submodule foreach --recursive sh -c "git config --local --name-only --get-regexp 'http\.https\:\/\/github\.com\/\.extraheader' && git config --local --unset-all 'http.https://github.com/.extraheader' || :"
2023-11-09T16:20:15.0515248Z Cleaning up orphan processes
