2021-02-03T16:26:45.5871746Z ##[section]Starting: Request a runner to run this job
2021-02-03T16:26:46.2953289Z Can't find any online and idle self-hosted runner in current repository that matches the required labels: 'ubuntu-latest'
2021-02-03T16:26:46.2953401Z Can't find any online and idle self-hosted runner in current repository's account/organization that matches the required labels: 'ubuntu-latest'
2021-02-03T16:26:46.2953956Z Found online and idle hosted runner in current repository's account/organization that matches the required labels: 'ubuntu-latest'
2021-02-03T16:26:46.4621432Z ##[section]Finishing: Request a runner to run this job
2021-02-03T16:26:55.6098510Z Current runner version: '2.276.1'
2021-02-03T16:26:55.6126815Z ##[group]Operating System
2021-02-03T16:26:55.6127813Z Ubuntu
2021-02-03T16:26:55.6128342Z 20.04.2
2021-02-03T16:26:55.6128760Z LTS
2021-02-03T16:26:55.6129269Z ##[endgroup]
2021-02-03T16:26:55.6129867Z ##[group]Virtual Environment
2021-02-03T16:26:55.6130515Z Environment: ubuntu-20.04
2021-02-03T16:26:55.6131118Z Version: 20210131.1
2021-02-03T16:26:55.6132157Z Included Software: https://github.com/actions/virtual-environments/blob/ubuntu20/20210131.1/images/linux/Ubuntu2004-README.md
2021-02-03T16:26:55.6133216Z ##[endgroup]
2021-02-03T16:26:55.6136780Z Prepare workflow directory
2021-02-03T16:26:55.7044575Z Prepare all required actions
2021-02-03T16:26:55.7056675Z Getting action download info
2021-02-03T16:26:55.9307327Z Download action repository 'actions/checkout@v2'
2021-02-03T16:26:57.6126501Z Download action repository 'actions/setup-python@v2'
2021-02-03T16:26:57.9300146Z ##[group]Run actions/checkout@v2
2021-02-03T16:26:57.9300898Z with:
2021-02-03T16:26:57.9301596Z   repository: con/tinuous
2021-02-03T16:26:57.9302409Z   token: ***
2021-02-03T16:26:57.9302873Z   ssh-strict: true
2021-02-03T16:26:57.9303458Z   persist-credentials: true
2021-02-03T16:26:57.9304007Z   clean: true
2021-02-03T16:26:57.9304482Z   fetch-depth: 1
2021-02-03T16:26:57.9304935Z   lfs: false
2021-02-03T16:26:57.9305493Z   submodules: false
2021-02-03T16:26:57.9306060Z ##[endgroup]
2021-02-03T16:26:58.3536640Z Syncing repository: con/tinuous
2021-02-03T16:26:58.3538154Z ##[group]Getting Git version info
2021-02-03T16:26:58.3539718Z Working directory is '/home/runner/work/tinuous/tinuous'
2021-02-03T16:26:58.3587099Z [command]/usr/bin/git version
2021-02-03T16:26:58.3968340Z git version 2.30.0
2021-02-03T16:26:58.4000514Z ##[endgroup]
2021-02-03T16:26:58.4008880Z Deleting the contents of '/home/runner/work/tinuous/tinuous'
2021-02-03T16:26:58.4012813Z ##[group]Initializing the repository
2021-02-03T16:26:58.4016933Z [command]/usr/bin/git init /home/runner/work/tinuous/tinuous
2021-02-03T16:26:58.4102851Z hint: Using 'master' as the name for the initial branch. This default branch name
2021-02-03T16:26:58.4104069Z hint: is subject to change. To configure the initial branch name to use in all
2021-02-03T16:26:58.4105160Z hint: of your new repositories, which will suppress this warning, call:
2021-02-03T16:26:58.4105971Z hint: 
2021-02-03T16:26:58.4107038Z hint: 	git config --global init.defaultBranch <name>
2021-02-03T16:26:58.4107862Z hint: 
2021-02-03T16:26:58.4108902Z hint: Names commonly chosen instead of 'master' are 'main', 'trunk' and
2021-02-03T16:26:58.4110235Z hint: 'development'. The just-created branch can be renamed via this command:
2021-02-03T16:26:58.4111140Z hint: 
2021-02-03T16:26:58.4111969Z hint: 	git branch -m <name>
2021-02-03T16:26:58.4122453Z Initialized empty Git repository in /home/runner/work/tinuous/tinuous/.git/
2021-02-03T16:26:58.4137800Z [command]/usr/bin/git remote add origin https://github.com/con/tinuous
2021-02-03T16:26:58.4181830Z ##[endgroup]
2021-02-03T16:26:58.4182967Z ##[group]Disabling automatic garbage collection
2021-02-03T16:26:58.4186050Z [command]/usr/bin/git config --local gc.auto 0
2021-02-03T16:26:58.4224113Z ##[endgroup]
2021-02-03T16:26:58.4229472Z ##[group]Setting up auth
2021-02-03T16:26:58.4237369Z [command]/usr/bin/git config --local --name-only --get-regexp core\.sshCommand
2021-02-03T16:26:58.4274944Z [command]/usr/bin/git submodule foreach --recursive git config --local --name-only --get-regexp 'core\.sshCommand' && git config --local --unset-all 'core.sshCommand' || :
2021-02-03T16:26:58.4661318Z [command]/usr/bin/git config --local --name-only --get-regexp http\.https\:\/\/github\.com\/\.extraheader
2021-02-03T16:26:58.4697971Z [command]/usr/bin/git submodule foreach --recursive git config --local --name-only --get-regexp 'http\.https\:\/\/github\.com\/\.extraheader' && git config --local --unset-all 'http.https://github.com/.extraheader' || :
2021-02-03T16:26:58.4945753Z [command]/usr/bin/git config --local http.https://github.com/.extraheader AUTHORIZATION: basic ***
2021-02-03T16:26:58.4999857Z ##[endgroup]
2021-02-03T16:26:58.5000932Z ##[group]Fetching the repository
2021-02-03T16:26:58.5010102Z [command]/usr/bin/git -c protocol.version=2 fetch --no-tags --prune --progress --no-recurse-submodules --depth=1 origin +809f2d67b1c24d84760ecc1a987190ef0ddfd8b9:refs/remotes/pull/13/merge
2021-02-03T16:26:58.7552846Z remote: Enumerating objects: 11, done.        
2021-02-03T16:26:58.7555618Z remote: Counting objects:   9% (1/11)        
2021-02-03T16:26:58.7564817Z remote: Counting objects:  18% (2/11)        
2021-02-03T16:26:58.7568124Z remote: Counting objects:  27% (3/11)        
2021-02-03T16:26:58.7569097Z remote: Counting objects:  36% (4/11)        
2021-02-03T16:26:58.7571141Z remote: Counting objects:  45% (5/11)        
2021-02-03T16:26:58.7571749Z remote: Counting objects:  54% (6/11)        
2021-02-03T16:26:58.7573117Z remote: Counting objects:  63% (7/11)        
2021-02-03T16:26:58.7574008Z remote: Counting objects:  72% (8/11)        
2021-02-03T16:26:58.7574802Z remote: Counting objects:  81% (9/11)        
2021-02-03T16:26:58.7575541Z remote: Counting objects:  90% (10/11)        
2021-02-03T16:26:58.7576296Z remote: Counting objects: 100% (11/11)        
2021-02-03T16:26:58.7577049Z remote: Counting objects: 100% (11/11), done.        
2021-02-03T16:26:58.7577847Z remote: Compressing objects:  11% (1/9)        
2021-02-03T16:26:58.7578618Z remote: Compressing objects:  22% (2/9)        
2021-02-03T16:26:58.7579403Z remote: Compressing objects:  33% (3/9)        
2021-02-03T16:26:58.7580177Z remote: Compressing objects:  44% (4/9)        
2021-02-03T16:26:58.7580964Z remote: Compressing objects:  55% (5/9)        
2021-02-03T16:26:58.7581733Z remote: Compressing objects:  66% (6/9)        
2021-02-03T16:26:58.7582519Z remote: Compressing objects:  77% (7/9)        
2021-02-03T16:26:58.7583423Z remote: Compressing objects:  88% (8/9)        
2021-02-03T16:26:58.7584075Z remote: Compressing objects: 100% (9/9)        
2021-02-03T16:26:58.7584729Z remote: Compressing objects: 100% (9/9), done.        
2021-02-03T16:26:58.7586241Z remote: Total 11 (delta 0), reused 7 (delta 0), pack-reused 0        
2021-02-03T16:26:58.7587071Z From https://github.com/con/tinuous
2021-02-03T16:26:58.7588157Z  * [new ref]         809f2d67b1c24d84760ecc1a987190ef0ddfd8b9 -> pull/13/merge
2021-02-03T16:26:58.7589535Z ##[endgroup]
2021-02-03T16:26:58.7590500Z ##[group]Determining the checkout info
2021-02-03T16:26:58.7591293Z ##[endgroup]
2021-02-03T16:26:58.7591982Z ##[group]Checking out the ref
2021-02-03T16:26:58.7593208Z [command]/usr/bin/git checkout --progress --force refs/remotes/pull/13/merge
2021-02-03T16:26:58.7594456Z Note: switching to 'refs/remotes/pull/13/merge'.
2021-02-03T16:26:58.7595125Z 
2021-02-03T16:26:58.7596234Z You are in 'detached HEAD' state. You can look around, make experimental
2021-02-03T16:26:58.7597112Z changes and commit them, and you can discard any commits you make in this
2021-02-03T16:26:58.7598160Z state without impacting any branches by switching back to a branch.
2021-02-03T16:26:58.7598805Z 
2021-02-03T16:26:58.7599553Z If you want to create a new branch to retain commits you create, you may
2021-02-03T16:26:58.7600766Z do so (now or later) by using -c with the switch command. Example:
2021-02-03T16:26:58.7601392Z 
2021-02-03T16:26:58.7602299Z   git switch -c <new-branch-name>
2021-02-03T16:26:58.7602872Z 
2021-02-03T16:26:58.7604078Z Or undo this operation with:
2021-02-03T16:26:58.7604644Z 
2021-02-03T16:26:58.7605472Z   git switch -
2021-02-03T16:26:58.7605966Z 
2021-02-03T16:26:58.7606819Z Turn off this advice by setting config variable advice.detachedHead to false
2021-02-03T16:26:58.7607528Z 
2021-02-03T16:26:58.7608682Z HEAD is now at 809f2d6 Merge b6ebdc6de17ba0d0320ee9c080799ef1e36ee66c into e5e762623adba98075ccf26d687537db764029ee
2021-02-03T16:26:58.7610023Z ##[endgroup]
2021-02-03T16:26:58.7611031Z [command]/usr/bin/git log -1 --format='%H'
2021-02-03T16:26:58.7612202Z '809f2d67b1c24d84760ecc1a987190ef0ddfd8b9'
2021-02-03T16:26:58.7805934Z ##[group]Run actions/setup-python@v2
2021-02-03T16:26:58.7806558Z with:
2021-02-03T16:26:58.7807040Z   python-version: 3.8
2021-02-03T16:26:58.7807841Z   token: ***
2021-02-03T16:26:58.7808294Z ##[endgroup]
2021-02-03T16:26:58.8558575Z Successfully setup CPython (3.8.7)
2021-02-03T16:26:58.8636033Z ##[group]Run python -m pip install --upgrade pip wheel
2021-02-03T16:26:58.8637084Z [36;1mpython -m pip install --upgrade pip wheel[0m
2021-02-03T16:26:58.8637866Z [36;1mpython -m pip install -r requirements.txt[0m
2021-02-03T16:26:58.8689408Z shell: /usr/bin/bash -e {0}
2021-02-03T16:26:58.8690003Z env:
2021-02-03T16:26:58.8690667Z   pythonLocation: /opt/hostedtoolcache/Python/3.8.7/x64
2021-02-03T16:26:58.8691587Z   LD_LIBRARY_PATH: /opt/hostedtoolcache/Python/3.8.7/x64/lib
2021-02-03T16:26:58.8692241Z ##[endgroup]
2021-02-03T16:26:59.6157469Z Requirement already satisfied: pip in /opt/hostedtoolcache/Python/3.8.7/x64/lib/python3.8/site-packages (21.0.1)
2021-02-03T16:26:59.8242927Z Collecting wheel
2021-02-03T16:26:59.9991257Z   Downloading wheel-0.36.2-py2.py3-none-any.whl (35 kB)
2021-02-03T16:27:00.0411910Z Installing collected packages: wheel
2021-02-03T16:27:00.0771847Z Successfully installed wheel-0.36.2
2021-02-03T16:27:00.8504365Z Collecting cfgv~=3.0
2021-02-03T16:27:00.9097410Z   Downloading cfgv-3.2.0-py2.py3-none-any.whl (7.3 kB)
2021-02-03T16:27:00.9672675Z Collecting click~=7.0
2021-02-03T16:27:00.9819174Z   Downloading click-7.1.2-py2.py3-none-any.whl (82 kB)
2021-02-03T16:27:01.0256602Z Collecting click-loglevel~=0.2
2021-02-03T16:27:01.0421975Z   Downloading click_loglevel-0.2.0-py3-none-any.whl (4.2 kB)
2021-02-03T16:27:01.1049530Z Collecting PyGithub~=1.53
2021-02-03T16:27:01.1210965Z   Downloading PyGithub-1.54.1-py3-none-any.whl (289 kB)
2021-02-03T16:27:01.2295758Z Collecting python-dateutil~=2.7
2021-02-03T16:27:01.2461221Z   Downloading python_dateutil-2.8.1-py2.py3-none-any.whl (227 kB)
2021-02-03T16:27:01.3772039Z Collecting PyYAML~=5.0
2021-02-03T16:27:01.3945386Z   Downloading PyYAML-5.4.1-cp38-cp38-manylinux1_x86_64.whl (662 kB)
2021-02-03T16:27:01.5840852Z Collecting requests~=2.20
2021-02-03T16:27:01.5995126Z   Downloading requests-2.25.1-py2.py3-none-any.whl (61 kB)
2021-02-03T16:27:01.7069340Z Collecting deprecated
2021-02-03T16:27:01.7208221Z   Downloading Deprecated-1.2.11-py2.py3-none-any.whl (9.1 kB)
2021-02-03T16:27:01.8453895Z Collecting pyjwt<2.0
2021-02-03T16:27:01.8595556Z   Downloading PyJWT-1.7.1-py2.py3-none-any.whl (18 kB)
2021-02-03T16:27:01.9320909Z Collecting six>=1.5
2021-02-03T16:27:01.9461767Z   Downloading six-1.15.0-py2.py3-none-any.whl (10 kB)
2021-02-03T16:27:02.0822448Z Collecting urllib3<1.27,>=1.21.1
2021-02-03T16:27:02.0969160Z   Downloading urllib3-1.26.3-py2.py3-none-any.whl (137 kB)
2021-02-03T16:27:02.1435508Z Collecting chardet<5,>=3.0.2
2021-02-03T16:27:02.1576899Z   Downloading chardet-4.0.0-py2.py3-none-any.whl (178 kB)
2021-02-03T16:27:02.2209856Z Collecting idna<3,>=2.5
2021-02-03T16:27:02.2366841Z   Downloading idna-2.10-py2.py3-none-any.whl (58 kB)
2021-02-03T16:27:02.3221128Z Collecting certifi>=2017.4.17
2021-02-03T16:27:02.3379600Z   Downloading certifi-2020.12.5-py2.py3-none-any.whl (147 kB)
2021-02-03T16:27:02.4532332Z Collecting wrapt<2,>=1.10
2021-02-03T16:27:02.4695991Z   Downloading wrapt-1.12.1.tar.gz (27 kB)
2021-02-03T16:27:03.0016854Z Building wheels for collected packages: wrapt
2021-02-03T16:27:03.0038900Z   Building wheel for wrapt (setup.py): started
2021-02-03T16:27:05.0398507Z   Building wheel for wrapt (setup.py): finished with status 'done'
2021-02-03T16:27:05.0414131Z   Created wheel for wrapt: filename=wrapt-1.12.1-cp38-cp38-linux_x86_64.whl size=81796 sha256=97f79ec25c2958fa8aecc26b09432bb94e1b598f93815ce7fbc2b9c78b16652d
2021-02-03T16:27:05.0484894Z   Stored in directory: /home/runner/.cache/pip/wheels/5f/fd/9e/b6cf5890494cb8ef0b5eaff72e5d55a70fb56316007d6dfe73
2021-02-03T16:27:05.0524451Z Successfully built wrapt
2021-02-03T16:27:05.1482755Z Installing collected packages: wrapt, urllib3, idna, chardet, certifi, six, requests, pyjwt, deprecated, click, PyYAML, python-dateutil, PyGithub, click-loglevel, cfgv
2021-02-03T16:27:06.1127127Z Successfully installed PyGithub-1.54.1 PyYAML-5.4.1 certifi-2020.12.5 cfgv-3.2.0 chardet-4.0.0 click-7.1.2 click-loglevel-0.2.0 deprecated-1.2.11 idna-2.10 pyjwt-1.7.1 python-dateutil-2.8.1 requests-2.25.1 six-1.15.0 urllib3-1.26.3 wrapt-1.12.1
2021-02-03T16:27:06.1778152Z ##[group]Run python tinuous --help
2021-02-03T16:27:06.1778776Z [36;1mpython tinuous --help[0m
2021-02-03T16:27:06.1826584Z shell: /usr/bin/bash -e {0}
2021-02-03T16:27:06.1826965Z env:
2021-02-03T16:27:06.1827520Z   pythonLocation: /opt/hostedtoolcache/Python/3.8.7/x64
2021-02-03T16:27:06.1828253Z   LD_LIBRARY_PATH: /opt/hostedtoolcache/Python/3.8.7/x64/lib
2021-02-03T16:27:06.1828799Z ##[endgroup]
2021-02-03T16:27:06.4178676Z Usage: tinuous [OPTIONS]
2021-02-03T16:27:06.4179350Z 
2021-02-03T16:27:06.4179843Z Options:
2021-02-03T16:27:06.4181333Z   -c, --config FILE               Read configuration from the given file
2021-02-03T16:27:06.4182335Z                                   [default: config.yml]
2021-02-03T16:27:06.4182789Z 
2021-02-03T16:27:06.4183720Z   -l, --log-level [NOTSET|DEBUG|INFO|WARNING|ERROR|CRITICAL]
2021-02-03T16:27:06.4184562Z                                   Set logging level  [default: INFO]
2021-02-03T16:27:06.4185653Z   -S, --state FILE                Store program state in the given file
2021-02-03T16:27:06.4186488Z                                   [default: .dlstate.json]
2021-02-03T16:27:06.4186937Z 
2021-02-03T16:27:06.4187765Z   --help                          Show this message and exit.
2021-02-03T16:27:06.4495958Z Post job cleanup.
2021-02-03T16:27:06.5639067Z [command]/usr/bin/git version
2021-02-03T16:27:06.5693418Z git version 2.30.0
2021-02-03T16:27:06.5743197Z [command]/usr/bin/git config --local --name-only --get-regexp core\.sshCommand
2021-02-03T16:27:06.5781126Z [command]/usr/bin/git submodule foreach --recursive git config --local --name-only --get-regexp 'core\.sshCommand' && git config --local --unset-all 'core.sshCommand' || :
2021-02-03T16:27:06.6063974Z [command]/usr/bin/git config --local --name-only --get-regexp http\.https\:\/\/github\.com\/\.extraheader
2021-02-03T16:27:06.6093955Z http.https://github.com/.extraheader
2021-02-03T16:27:06.6104481Z [command]/usr/bin/git config --local --unset-all http.https://github.com/.extraheader
2021-02-03T16:27:06.6145746Z [command]/usr/bin/git submodule foreach --recursive git config --local --name-only --get-regexp 'http\.https\:\/\/github\.com\/\.extraheader' && git config --local --unset-all 'http.https://github.com/.extraheader' || :
2021-02-03T16:27:06.6491045Z Cleaning up orphan processes
