2021-05-21T16:33:55.4652092Z ##[section]Starting: Request a runner to run this job
2021-05-21T16:33:55.6423087Z Can't find any online and idle self-hosted runner in current repository that matches the required labels: 'ubuntu-latest'
2021-05-21T16:33:55.6423205Z Can't find any online and idle self-hosted runner in current repository's account/organization that matches the required labels: 'ubuntu-latest'
2021-05-21T16:33:55.6423459Z Found online and idle hosted runner in current repository's account/organization that matches the required labels: 'ubuntu-latest'
2021-05-21T16:33:55.7973742Z ##[section]Finishing: Request a runner to run this job
2021-05-21T16:34:02.9826276Z Current runner version: '2.278.0'
2021-05-21T16:34:02.9856023Z ##[group]Operating System
2021-05-21T16:34:02.9857043Z Ubuntu
2021-05-21T16:34:02.9857512Z 20.04.2
2021-05-21T16:34:02.9858043Z LTS
2021-05-21T16:34:02.9858539Z ##[endgroup]
2021-05-21T16:34:02.9859191Z ##[group]Virtual Environment
2021-05-21T16:34:02.9859871Z Environment: ubuntu-20.04
2021-05-21T16:34:02.9860513Z Version: 20210517.1
2021-05-21T16:34:02.9861677Z Included Software: https://github.com/actions/virtual-environments/blob/ubuntu20/20210517.1/images/linux/Ubuntu2004-README.md
2021-05-21T16:34:02.9863171Z Image Release: https://github.com/actions/virtual-environments/releases/tag/ubuntu20%2F20210517.1
2021-05-21T16:34:02.9864181Z ##[endgroup]
2021-05-21T16:34:02.9866268Z ##[group]GITHUB_TOKEN Permissions
2021-05-21T16:34:02.9867605Z Actions: write
2021-05-21T16:34:02.9868199Z Checks: write
2021-05-21T16:34:02.9868749Z Contents: write
2021-05-21T16:34:02.9869373Z Deployments: write
2021-05-21T16:34:02.9870071Z Issues: write
2021-05-21T16:34:02.9870687Z Metadata: read
2021-05-21T16:34:02.9871251Z Packages: write
2021-05-21T16:34:02.9871883Z PullRequests: write
2021-05-21T16:34:02.9872555Z RepositoryProjects: write
2021-05-21T16:34:02.9873292Z SecurityEvents: write
2021-05-21T16:34:02.9874024Z Statuses: write
2021-05-21T16:34:02.9874677Z ##[endgroup]
2021-05-21T16:34:02.9877891Z Prepare workflow directory
2021-05-21T16:34:03.0574939Z Prepare all required actions
2021-05-21T16:34:03.0587460Z Getting action download info
2021-05-21T16:34:03.4317216Z Download action repository 'actions/checkout@v2'
2021-05-21T16:34:05.4687721Z Download action repository 'actions/setup-python@v2'
2021-05-21T16:34:05.6211365Z Download action repository 'codecov/codecov-action@v1'
2021-05-21T16:34:05.9558853Z ##[group]Run actions/checkout@v2
2021-05-21T16:34:05.9559644Z with:
2021-05-21T16:34:05.9560135Z   fetch-depth: 0
2021-05-21T16:34:05.9560703Z   repository: con/tinuous
2021-05-21T16:34:05.9561785Z   token: ***
2021-05-21T16:34:05.9562281Z   ssh-strict: true
2021-05-21T16:34:05.9563101Z   persist-credentials: true
2021-05-21T16:34:05.9563691Z   clean: true
2021-05-21T16:34:05.9564162Z   lfs: false
2021-05-21T16:34:05.9564648Z   submodules: false
2021-05-21T16:34:05.9565172Z ##[endgroup]
2021-05-21T16:34:06.7575842Z Syncing repository: con/tinuous
2021-05-21T16:34:06.7576967Z ##[group]Getting Git version info
2021-05-21T16:34:06.7578605Z Working directory is '/home/runner/work/tinuous/tinuous'
2021-05-21T16:34:06.7596126Z [command]/usr/bin/git version
2021-05-21T16:34:06.7596959Z git version 2.31.1
2021-05-21T16:34:06.7598537Z ##[endgroup]
2021-05-21T16:34:06.7599585Z Deleting the contents of '/home/runner/work/tinuous/tinuous'
2021-05-21T16:34:06.7601397Z ##[group]Initializing the repository
2021-05-21T16:34:06.7602315Z [command]/usr/bin/git init /home/runner/work/tinuous/tinuous
2021-05-21T16:34:06.7603759Z hint: Using 'master' as the name for the initial branch. This default branch name
2021-05-21T16:34:06.7604846Z hint: is subject to change. To configure the initial branch name to use in all
2021-05-21T16:34:06.7605923Z hint: of your new repositories, which will suppress this warning, call:
2021-05-21T16:34:06.7606708Z hint: 
2021-05-21T16:34:06.7607683Z hint: 	git config --global init.defaultBranch <name>
2021-05-21T16:34:06.7608458Z hint: 
2021-05-21T16:34:06.7609414Z hint: Names commonly chosen instead of 'master' are 'main', 'trunk' and
2021-05-21T16:34:06.7610678Z hint: 'development'. The just-created branch can be renamed via this command:
2021-05-21T16:34:06.7611518Z hint: 
2021-05-21T16:34:06.7612305Z hint: 	git branch -m <name>
2021-05-21T16:34:06.7613219Z Initialized empty Git repository in /home/runner/work/tinuous/tinuous/.git/
2021-05-21T16:34:06.7614472Z [command]/usr/bin/git remote add origin https://github.com/con/tinuous
2021-05-21T16:34:06.7615258Z ##[endgroup]
2021-05-21T16:34:06.7618266Z ##[group]Disabling automatic garbage collection
2021-05-21T16:34:06.7619592Z [command]/usr/bin/git config --local gc.auto 0
2021-05-21T16:34:06.7620375Z ##[endgroup]
2021-05-21T16:34:06.7622896Z ##[group]Setting up auth
2021-05-21T16:34:06.7624088Z [command]/usr/bin/git config --local --name-only --get-regexp core\.sshCommand
2021-05-21T16:34:06.7625890Z [command]/usr/bin/git submodule foreach --recursive git config --local --name-only --get-regexp 'core\.sshCommand' && git config --local --unset-all 'core.sshCommand' || :
2021-05-21T16:34:06.7627689Z [command]/usr/bin/git config --local --name-only --get-regexp http\.https\:\/\/github\.com\/\.extraheader
2021-05-21T16:34:06.7629896Z [command]/usr/bin/git submodule foreach --recursive git config --local --name-only --get-regexp 'http\.https\:\/\/github\.com\/\.extraheader' && git config --local --unset-all 'http.https://github.com/.extraheader' || :
2021-05-21T16:34:06.7632041Z [command]/usr/bin/git config --local http.https://github.com/.extraheader AUTHORIZATION: basic ***
2021-05-21T16:34:06.7633112Z ##[endgroup]
2021-05-21T16:34:06.7633845Z ##[group]Fetching the repository
2021-05-21T16:34:06.7636320Z [command]/usr/bin/git -c protocol.version=2 fetch --prune --progress --no-recurse-submodules origin +refs/heads/*:refs/remotes/origin/* +refs/tags/*:refs/tags/* +7c451a7bbb59b45f712912a2a967c0d0c02b8e28:refs/remotes/pull/52/merge
2021-05-21T16:34:06.7638005Z remote: Enumerating objects: 284, done.        
2021-05-21T16:34:06.7638796Z remote: Counting objects:   0% (1/284)        
2021-05-21T16:34:06.7639556Z remote: Counting objects:   1% (3/284)        
2021-05-21T16:34:06.7640383Z remote: Counting objects:   2% (6/284)        
2021-05-21T16:34:06.7641127Z remote: Counting objects:   3% (9/284)        
2021-05-21T16:34:06.7641884Z remote: Counting objects:   4% (12/284)        
2021-05-21T16:34:06.7642982Z remote: Counting objects:   5% (15/284)        
2021-05-21T16:34:06.7643796Z remote: Counting objects:   6% (18/284)        
2021-05-21T16:34:06.7644481Z remote: Counting objects:   7% (20/284)        
2021-05-21T16:34:06.7645216Z remote: Counting objects:   8% (23/284)        
2021-05-21T16:34:06.7645972Z remote: Counting objects:   9% (26/284)        
2021-05-21T16:34:06.7646731Z remote: Counting objects:  10% (29/284)        
2021-05-21T16:34:06.7647491Z remote: Counting objects:  11% (32/284)        
2021-05-21T16:34:06.7649340Z remote: Counting objects:  12% (35/284)        
2021-05-21T16:34:06.7650188Z remote: Counting objects:  13% (37/284)        
2021-05-21T16:34:06.7650950Z remote: Counting objects:  14% (40/284)        
2021-05-21T16:34:06.7651696Z remote: Counting objects:  15% (43/284)        
2021-05-21T16:34:06.7652459Z remote: Counting objects:  16% (46/284)        
2021-05-21T16:34:06.7653210Z remote: Counting objects:  17% (49/284)        
2021-05-21T16:34:06.7653946Z remote: Counting objects:  18% (52/284)        
2021-05-21T16:34:06.7654713Z remote: Counting objects:  19% (54/284)        
2021-05-21T16:34:06.7655475Z remote: Counting objects:  20% (57/284)        
2021-05-21T16:34:06.7656223Z remote: Counting objects:  21% (60/284)        
2021-05-21T16:34:06.7656970Z remote: Counting objects:  22% (63/284)        
2021-05-21T16:34:06.7657727Z remote: Counting objects:  23% (66/284)        
2021-05-21T16:34:06.7658478Z remote: Counting objects:  24% (69/284)        
2021-05-21T16:34:06.7659229Z remote: Counting objects:  25% (71/284)        
2021-05-21T16:34:06.7659972Z remote: Counting objects:  26% (74/284)        
2021-05-21T16:34:06.7660724Z remote: Counting objects:  27% (77/284)        
2021-05-21T16:34:06.7661455Z remote: Counting objects:  28% (80/284)        
2021-05-21T16:34:06.7662207Z remote: Counting objects:  29% (83/284)        
2021-05-21T16:34:06.7662962Z remote: Counting objects:  30% (86/284)        
2021-05-21T16:34:06.7663701Z remote: Counting objects:  31% (89/284)        
2021-05-21T16:34:06.7664464Z remote: Counting objects:  32% (91/284)        
2021-05-21T16:34:06.7665200Z remote: Counting objects:  33% (94/284)        
2021-05-21T16:34:06.7665958Z remote: Counting objects:  34% (97/284)        
2021-05-21T16:34:06.7666720Z remote: Counting objects:  35% (100/284)        
2021-05-21T16:34:06.7667672Z remote: Counting objects:  36% (103/284)        
2021-05-21T16:34:06.7668438Z remote: Counting objects:  37% (106/284)        
2021-05-21T16:34:06.7669197Z remote: Counting objects:  38% (108/284)        
2021-05-21T16:34:06.7669942Z remote: Counting objects:  39% (111/284)        
2021-05-21T16:34:06.7670706Z remote: Counting objects:  40% (114/284)        
2021-05-21T16:34:06.7671451Z remote: Counting objects:  41% (117/284)        
2021-05-21T16:34:06.7672225Z remote: Counting objects:  42% (120/284)        
2021-05-21T16:34:06.7672994Z remote: Counting objects:  43% (123/284)        
2021-05-21T16:34:06.7673742Z remote: Counting objects:  44% (125/284)        
2021-05-21T16:34:06.7674515Z remote: Counting objects:  45% (128/284)        
2021-05-21T16:34:06.7675259Z remote: Counting objects:  46% (131/284)        
2021-05-21T16:34:06.7676020Z remote: Counting objects:  47% (134/284)        
2021-05-21T16:34:06.7676777Z remote: Counting objects:  48% (137/284)        
2021-05-21T16:34:06.7677527Z remote: Counting objects:  49% (140/284)        
2021-05-21T16:34:06.7678291Z remote: Counting objects:  50% (142/284)        
2021-05-21T16:34:06.7679034Z remote: Counting objects:  51% (145/284)        
2021-05-21T16:34:06.7679791Z remote: Counting objects:  52% (148/284)        
2021-05-21T16:34:06.7680550Z remote: Counting objects:  53% (151/284)        
2021-05-21T16:34:06.7681298Z remote: Counting objects:  54% (154/284)        
2021-05-21T16:34:06.7682062Z remote: Counting objects:  55% (157/284)        
2021-05-21T16:34:06.7682957Z remote: Counting objects:  56% (160/284)        
2021-05-21T16:34:06.7684065Z remote: Counting objects:  57% (162/284)        
2021-05-21T16:34:06.7685647Z remote: Counting objects:  58% (165/284)        
2021-05-21T16:34:06.7686460Z remote: Counting objects:  59% (168/284)        
2021-05-21T16:34:06.7769168Z remote: Counting objects:  60% (171/284)        
2021-05-21T16:34:06.7770155Z remote: Counting objects:  61% (174/284)        
2021-05-21T16:34:06.7771120Z remote: Counting objects:  62% (177/284)        
2021-05-21T16:34:06.7771929Z remote: Counting objects:  63% (179/284)        
2021-05-21T16:34:06.7772678Z remote: Counting objects:  64% (182/284)        
2021-05-21T16:34:06.7773443Z remote: Counting objects:  65% (185/284)        
2021-05-21T16:34:06.7774192Z remote: Counting objects:  66% (188/284)        
2021-05-21T16:34:06.7774953Z remote: Counting objects:  67% (191/284)        
2021-05-21T16:34:06.7775711Z remote: Counting objects:  68% (194/284)        
2021-05-21T16:34:06.7776464Z remote: Counting objects:  69% (196/284)        
2021-05-21T16:34:06.7777224Z remote: Counting objects:  70% (199/284)        
2021-05-21T16:34:06.7777979Z remote: Counting objects:  71% (202/284)        
2021-05-21T16:34:06.7778739Z remote: Counting objects:  72% (205/284)        
2021-05-21T16:34:06.7779421Z remote: Counting objects:  73% (208/284)        
2021-05-21T16:34:06.7780054Z remote: Counting objects:  74% (211/284)        
2021-05-21T16:34:06.7780814Z remote: Counting objects:  75% (213/284)        
2021-05-21T16:34:06.7781567Z remote: Counting objects:  76% (216/284)        
2021-05-21T16:34:06.7782324Z remote: Counting objects:  77% (219/284)        
2021-05-21T16:34:06.7783079Z remote: Counting objects:  78% (222/284)        
2021-05-21T16:34:06.7783826Z remote: Counting objects:  79% (225/284)        
2021-05-21T16:34:06.7784585Z remote: Counting objects:  80% (228/284)        
2021-05-21T16:34:06.7785324Z remote: Counting objects:  81% (231/284)        
2021-05-21T16:34:06.7786082Z remote: Counting objects:  82% (233/284)        
2021-05-21T16:34:06.7786840Z remote: Counting objects:  83% (236/284)        
2021-05-21T16:34:06.7787634Z remote: Counting objects:  84% (239/284)        
2021-05-21T16:34:06.7788397Z remote: Counting objects:  85% (242/284)        
2021-05-21T16:34:06.7789154Z remote: Counting objects:  86% (245/284)        
2021-05-21T16:34:06.7789893Z remote: Counting objects:  87% (248/284)        
2021-05-21T16:34:06.7790653Z remote: Counting objects:  88% (250/284)        
2021-05-21T16:34:06.7791691Z remote: Counting objects:  89% (253/284)        
2021-05-21T16:34:06.7792453Z remote: Counting objects:  90% (256/284)        
2021-05-21T16:34:06.7793213Z remote: Counting objects:  91% (259/284)        
2021-05-21T16:34:06.7793950Z remote: Counting objects:  92% (262/284)        
2021-05-21T16:34:06.7794709Z remote: Counting objects:  93% (265/284)        
2021-05-21T16:34:06.7795456Z remote: Counting objects:  94% (267/284)        
2021-05-21T16:34:06.7796210Z remote: Counting objects:  95% (270/284)        
2021-05-21T16:34:06.7796955Z remote: Counting objects:  96% (273/284)        
2021-05-21T16:34:06.7797698Z remote: Counting objects:  97% (276/284)        
2021-05-21T16:34:06.7798470Z remote: Counting objects:  98% (279/284)        
2021-05-21T16:34:06.7799218Z remote: Counting objects:  99% (282/284)        
2021-05-21T16:34:06.7799976Z remote: Counting objects: 100% (284/284)        
2021-05-21T16:34:06.7800758Z remote: Counting objects: 100% (284/284), done.        
2021-05-21T16:34:06.7801565Z remote: Compressing objects:   0% (1/162)        
2021-05-21T16:34:06.7802387Z remote: Compressing objects:   1% (2/162)        
2021-05-21T16:34:06.7803342Z remote: Compressing objects:   2% (4/162)        
2021-05-21T16:34:06.7804126Z remote: Compressing objects:   3% (5/162)        
2021-05-21T16:34:06.7804925Z remote: Compressing objects:   4% (7/162)        
2021-05-21T16:34:06.7805711Z remote: Compressing objects:   5% (9/162)        
2021-05-21T16:34:06.7806520Z remote: Compressing objects:   6% (10/162)        
2021-05-21T16:34:06.7807323Z remote: Compressing objects:   7% (12/162)        
2021-05-21T16:34:06.7808222Z remote: Compressing objects:   8% (13/162)        
2021-05-21T16:34:06.7809053Z remote: Compressing objects:   9% (15/162)        
2021-05-21T16:34:06.7809851Z remote: Compressing objects:  10% (17/162)        
2021-05-21T16:34:06.7810664Z remote: Compressing objects:  11% (18/162)        
2021-05-21T16:34:06.7811462Z remote: Compressing objects:  12% (20/162)        
2021-05-21T16:34:06.7812258Z remote: Compressing objects:  13% (22/162)        
2021-05-21T16:34:06.7813064Z remote: Compressing objects:  14% (23/162)        
2021-05-21T16:34:06.7813867Z remote: Compressing objects:  15% (25/162)        
2021-05-21T16:34:06.7814653Z remote: Compressing objects:  16% (26/162)        
2021-05-21T16:34:06.7815452Z remote: Compressing objects:  17% (28/162)        
2021-05-21T16:34:06.7816241Z remote: Compressing objects:  18% (30/162)        
2021-05-21T16:34:06.7817303Z remote: Compressing objects:  19% (31/162)        
2021-05-21T16:34:06.7818114Z remote: Compressing objects:  20% (33/162)        
2021-05-21T16:34:06.7818911Z remote: Compressing objects:  21% (35/162)        
2021-05-21T16:34:06.7819712Z remote: Compressing objects:  22% (36/162)        
2021-05-21T16:34:06.7820494Z remote: Compressing objects:  23% (38/162)        
2021-05-21T16:34:06.7821289Z remote: Compressing objects:  24% (39/162)        
2021-05-21T16:34:06.7822230Z remote: Compressing objects:  25% (41/162)        
2021-05-21T16:34:06.7823025Z remote: Compressing objects:  26% (43/162)        
2021-05-21T16:34:06.7823836Z remote: Compressing objects:  27% (44/162)        
2021-05-21T16:34:06.7824637Z remote: Compressing objects:  28% (46/162)        
2021-05-21T16:34:06.7825418Z remote: Compressing objects:  29% (47/162)        
2021-05-21T16:34:06.7826217Z remote: Compressing objects:  30% (49/162)        
2021-05-21T16:34:06.7827007Z remote: Compressing objects:  31% (51/162)        
2021-05-21T16:34:06.7827808Z remote: Compressing objects:  32% (52/162)        
2021-05-21T16:34:06.7828611Z remote: Compressing objects:  33% (54/162)        
2021-05-21T16:34:06.7829409Z remote: Compressing objects:  34% (56/162)        
2021-05-21T16:34:06.7830204Z remote: Compressing objects:  35% (57/162)        
2021-05-21T16:34:06.7830990Z remote: Compressing objects:  36% (59/162)        
2021-05-21T16:34:06.7831791Z remote: Compressing objects:  37% (60/162)        
2021-05-21T16:34:06.7832766Z remote: Compressing objects:  38% (62/162)        
2021-05-21T16:34:06.7833553Z remote: Compressing objects:  39% (64/162)        
2021-05-21T16:34:06.7834357Z remote: Compressing objects:  40% (65/162)        
2021-05-21T16:34:06.7835145Z remote: Compressing objects:  41% (67/162)        
2021-05-21T16:34:06.7835950Z remote: Compressing objects:  42% (69/162)        
2021-05-21T16:34:06.7836750Z remote: Compressing objects:  43% (70/162)        
2021-05-21T16:34:06.7837572Z remote: Compressing objects:  44% (72/162)        
2021-05-21T16:34:06.7838379Z remote: Compressing objects:  45% (73/162)        
2021-05-21T16:34:06.7839184Z remote: Compressing objects:  46% (75/162)        
2021-05-21T16:34:06.7839978Z remote: Compressing objects:  47% (77/162)        
2021-05-21T16:34:06.7840785Z remote: Compressing objects:  48% (78/162)        
2021-05-21T16:34:06.7841576Z remote: Compressing objects:  49% (80/162)        
2021-05-21T16:34:06.7842388Z remote: Compressing objects:  50% (81/162)        
2021-05-21T16:34:06.7843363Z remote: Compressing objects:  51% (83/162)        
2021-05-21T16:34:06.7844189Z remote: Compressing objects:  52% (85/162)        
2021-05-21T16:34:06.7844988Z remote: Compressing objects:  53% (86/162)        
2021-05-21T16:34:06.7846188Z remote: Compressing objects:  54% (88/162)        
2021-05-21T16:34:06.7847003Z remote: Compressing objects:  55% (90/162)        
2021-05-21T16:34:06.7847796Z remote: Compressing objects:  56% (91/162)        
2021-05-21T16:34:06.7848586Z remote: Compressing objects:  57% (93/162)        
2021-05-21T16:34:06.7849397Z remote: Compressing objects:  58% (94/162)        
2021-05-21T16:34:06.7851137Z remote: Compressing objects:  59% (96/162)        
2021-05-21T16:34:06.7852220Z remote: Compressing objects:  60% (98/162)        
2021-05-21T16:34:06.7853066Z remote: Compressing objects:  61% (99/162)        
2021-05-21T16:34:06.7853861Z remote: Compressing objects:  62% (101/162)        
2021-05-21T16:34:06.7854677Z remote: Compressing objects:  63% (103/162)        
2021-05-21T16:34:06.7855506Z remote: Compressing objects:  64% (104/162)        
2021-05-21T16:34:06.7856300Z remote: Compressing objects:  65% (106/162)        
2021-05-21T16:34:06.7857111Z remote: Compressing objects:  66% (107/162)        
2021-05-21T16:34:06.7857903Z remote: Compressing objects:  67% (109/162)        
2021-05-21T16:34:06.7858708Z remote: Compressing objects:  68% (111/162)        
2021-05-21T16:34:06.7859513Z remote: Compressing objects:  69% (112/162)        
2021-05-21T16:34:06.7860309Z remote: Compressing objects:  70% (114/162)        
2021-05-21T16:34:06.7861113Z remote: Compressing objects:  71% (116/162)        
2021-05-21T16:34:06.7861925Z remote: Compressing objects:  72% (117/162)        
2021-05-21T16:34:06.7862721Z remote: Compressing objects:  73% (119/162)        
2021-05-21T16:34:06.7863522Z remote: Compressing objects:  74% (120/162)        
2021-05-21T16:34:06.7864316Z remote: Compressing objects:  75% (122/162)        
2021-05-21T16:34:06.7865124Z remote: Compressing objects:  76% (124/162)        
2021-05-21T16:34:06.7865929Z remote: Compressing objects:  77% (125/162)        
2021-05-21T16:34:06.7866720Z remote: Compressing objects:  78% (127/162)        
2021-05-21T16:34:06.7867524Z remote: Compressing objects:  79% (128/162)        
2021-05-21T16:34:06.7868318Z remote: Compressing objects:  80% (130/162)        
2021-05-21T16:34:06.7869122Z remote: Compressing objects:  81% (132/162)        
2021-05-21T16:34:06.7869925Z remote: Compressing objects:  82% (133/162)        
2021-05-21T16:34:06.7870709Z remote: Compressing objects:  83% (135/162)        
2021-05-21T16:34:06.7871511Z remote: Compressing objects:  84% (137/162)        
2021-05-21T16:34:06.7872311Z remote: Compressing objects:  85% (138/162)        
2021-05-21T16:34:06.7873119Z remote: Compressing objects:  86% (140/162)        
2021-05-21T16:34:06.7873924Z remote: Compressing objects:  87% (141/162)        
2021-05-21T16:34:06.7874750Z remote: Compressing objects:  88% (143/162)        
2021-05-21T16:34:06.7875652Z remote: Compressing objects:  89% (145/162)        
2021-05-21T16:34:06.7876462Z remote: Compressing objects:  90% (146/162)        
2021-05-21T16:34:06.7877267Z remote: Compressing objects:  91% (148/162)        
2021-05-21T16:34:06.7878059Z remote: Compressing objects:  92% (150/162)        
2021-05-21T16:34:06.7878865Z remote: Compressing objects:  93% (151/162)        
2021-05-21T16:34:06.7879673Z remote: Compressing objects:  94% (153/162)        
2021-05-21T16:34:06.7880467Z remote: Compressing objects:  95% (154/162)        
2021-05-21T16:34:06.7881273Z remote: Compressing objects:  96% (156/162)        
2021-05-21T16:34:06.7882061Z remote: Compressing objects:  97% (158/162)        
2021-05-21T16:34:06.7883081Z remote: Compressing objects:  98% (159/162)        
2021-05-21T16:34:06.7883891Z remote: Compressing objects:  99% (161/162)        
2021-05-21T16:34:06.7884685Z remote: Compressing objects: 100% (162/162)        
2021-05-21T16:34:06.7885523Z remote: Compressing objects: 100% (162/162), done.        
2021-05-21T16:34:06.7886394Z Receiving objects:   0% (1/284)
2021-05-21T16:34:06.7887126Z Receiving objects:   1% (3/284)
2021-05-21T16:34:06.7887818Z Receiving objects:   2% (6/284)
2021-05-21T16:34:06.7888507Z Receiving objects:   3% (9/284)
2021-05-21T16:34:06.7889212Z Receiving objects:   4% (12/284)
2021-05-21T16:34:06.7889901Z Receiving objects:   5% (15/284)
2021-05-21T16:34:06.7890608Z Receiving objects:   6% (18/284)
2021-05-21T16:34:06.7891310Z Receiving objects:   7% (20/284)
2021-05-21T16:34:06.7891996Z Receiving objects:   8% (23/284)
2021-05-21T16:34:06.7892699Z Receiving objects:   9% (26/284)
2021-05-21T16:34:06.7893390Z Receiving objects:  10% (29/284)
2021-05-21T16:34:06.7894635Z Receiving objects:  11% (32/284)
2021-05-21T16:34:06.7895489Z Receiving objects:  12% (35/284)
2021-05-21T16:34:06.7896192Z Receiving objects:  13% (37/284)
2021-05-21T16:34:06.7896897Z Receiving objects:  14% (40/284)
2021-05-21T16:34:06.7897584Z Receiving objects:  15% (43/284)
2021-05-21T16:34:06.7898311Z Receiving objects:  16% (46/284)
2021-05-21T16:34:06.7899012Z Receiving objects:  17% (49/284)
2021-05-21T16:34:06.7899689Z Receiving objects:  18% (52/284)
2021-05-21T16:34:06.7900395Z Receiving objects:  19% (54/284)
2021-05-21T16:34:06.7901079Z Receiving objects:  20% (57/284)
2021-05-21T16:34:06.7901785Z Receiving objects:  21% (60/284)
2021-05-21T16:34:06.7902496Z Receiving objects:  22% (63/284)
2021-05-21T16:34:06.7903181Z Receiving objects:  23% (66/284)
2021-05-21T16:34:06.7903878Z Receiving objects:  24% (69/284)
2021-05-21T16:34:06.7904566Z Receiving objects:  25% (71/284)
2021-05-21T16:34:06.7905279Z Receiving objects:  26% (74/284)
2021-05-21T16:34:06.7905990Z Receiving objects:  27% (77/284)
2021-05-21T16:34:06.7906678Z Receiving objects:  28% (80/284)
2021-05-21T16:34:06.7907378Z Receiving objects:  29% (83/284)
2021-05-21T16:34:06.7908058Z Receiving objects:  30% (86/284)
2021-05-21T16:34:06.7908767Z Receiving objects:  31% (89/284)
2021-05-21T16:34:06.7909470Z Receiving objects:  32% (91/284)
2021-05-21T16:34:06.7910162Z Receiving objects:  33% (94/284)
2021-05-21T16:34:06.7910865Z Receiving objects:  34% (97/284)
2021-05-21T16:34:06.7911557Z Receiving objects:  35% (100/284)
2021-05-21T16:34:06.7912269Z Receiving objects:  36% (103/284)
2021-05-21T16:34:06.7912974Z Receiving objects:  37% (106/284)
2021-05-21T16:34:06.7913662Z Receiving objects:  38% (108/284)
2021-05-21T16:34:06.7914373Z Receiving objects:  39% (111/284)
2021-05-21T16:34:06.7915061Z Receiving objects:  40% (114/284)
2021-05-21T16:34:06.7915772Z Receiving objects:  41% (117/284)
2021-05-21T16:34:06.7916476Z Receiving objects:  42% (120/284)
2021-05-21T16:34:06.7917165Z Receiving objects:  43% (123/284)
2021-05-21T16:34:06.7917877Z Receiving objects:  44% (125/284)
2021-05-21T16:34:06.7918567Z Receiving objects:  45% (128/284)
2021-05-21T16:34:06.7919279Z Receiving objects:  46% (131/284)
2021-05-21T16:34:06.7919991Z Receiving objects:  47% (134/284)
2021-05-21T16:34:06.7920680Z Receiving objects:  48% (137/284)
2021-05-21T16:34:06.7921531Z Receiving objects:  49% (140/284)
2021-05-21T16:34:06.7922222Z Receiving objects:  50% (142/284)
2021-05-21T16:34:06.7923154Z Receiving objects:  51% (145/284)
2021-05-21T16:34:06.7923759Z Receiving objects:  52% (148/284)
2021-05-21T16:34:06.7924338Z Receiving objects:  53% (151/284)
2021-05-21T16:34:06.7925075Z Receiving objects:  54% (154/284)
2021-05-21T16:34:06.7925767Z Receiving objects:  55% (157/284)
2021-05-21T16:34:06.7926478Z Receiving objects:  56% (160/284)
2021-05-21T16:34:06.7927171Z Receiving objects:  57% (162/284)
2021-05-21T16:34:06.7927886Z Receiving objects:  58% (165/284)
2021-05-21T16:34:06.7928596Z Receiving objects:  59% (168/284)
2021-05-21T16:34:06.7929312Z Receiving objects:  60% (171/284)
2021-05-21T16:34:06.7930022Z Receiving objects:  61% (174/284)
2021-05-21T16:34:06.7930717Z Receiving objects:  62% (177/284)
2021-05-21T16:34:06.7931425Z Receiving objects:  63% (179/284)
2021-05-21T16:34:06.7932136Z Receiving objects:  64% (182/284)
2021-05-21T16:34:06.7932840Z Receiving objects:  65% (185/284)
2021-05-21T16:34:06.7933551Z Receiving objects:  66% (188/284)
2021-05-21T16:34:06.7934244Z Receiving objects:  67% (191/284)
2021-05-21T16:34:06.7934952Z Receiving objects:  68% (194/284)
2021-05-21T16:34:06.7935666Z Receiving objects:  69% (196/284)
2021-05-21T16:34:06.7936363Z Receiving objects:  70% (199/284)
2021-05-21T16:34:06.7937072Z Receiving objects:  71% (202/284)
2021-05-21T16:34:06.7937872Z Receiving objects:  72% (205/284)
2021-05-21T16:34:06.7938587Z Receiving objects:  73% (208/284)
2021-05-21T16:34:06.7939298Z Receiving objects:  74% (211/284)
2021-05-21T16:34:06.7940000Z Receiving objects:  75% (213/284)
2021-05-21T16:34:06.7941041Z Receiving objects:  76% (216/284)
2021-05-21T16:34:06.7941920Z Receiving objects:  77% (219/284)
2021-05-21T16:34:06.7942830Z Receiving objects:  78% (222/284)
2021-05-21T16:34:06.7943555Z Receiving objects:  79% (225/284)
2021-05-21T16:34:06.7944245Z Receiving objects:  80% (228/284)
2021-05-21T16:34:06.7944963Z Receiving objects:  81% (231/284)
2021-05-21T16:34:06.7945659Z Receiving objects:  82% (233/284)
2021-05-21T16:34:06.7946373Z Receiving objects:  83% (236/284)
2021-05-21T16:34:06.7947082Z Receiving objects:  84% (239/284)
2021-05-21T16:34:06.7947774Z Receiving objects:  85% (242/284)
2021-05-21T16:34:06.7948481Z Receiving objects:  86% (245/284)
2021-05-21T16:34:06.7949925Z remote: Total 284 (delta 140), reused 220 (delta 95), pack-reused 0        
2021-05-21T16:34:06.7951757Z Receiving objects:  87% (248/284)
2021-05-21T16:34:06.7952627Z Receiving objects:  88% (250/284)
2021-05-21T16:34:06.7953333Z Receiving objects:  89% (253/284)
2021-05-21T16:34:06.7954042Z Receiving objects:  90% (256/284)
2021-05-21T16:34:06.7954764Z Receiving objects:  91% (259/284)
2021-05-21T16:34:06.7955457Z Receiving objects:  92% (262/284)
2021-05-21T16:34:06.7956163Z Receiving objects:  93% (265/284)
2021-05-21T16:34:06.7956856Z Receiving objects:  94% (267/284)
2021-05-21T16:34:06.7957562Z Receiving objects:  95% (270/284)
2021-05-21T16:34:06.7958271Z Receiving objects:  96% (273/284)
2021-05-21T16:34:06.7958956Z Receiving objects:  97% (276/284)
2021-05-21T16:34:06.7959691Z Receiving objects:  98% (279/284)
2021-05-21T16:34:06.7960376Z Receiving objects:  99% (282/284)
2021-05-21T16:34:06.7961076Z Receiving objects: 100% (284/284)
2021-05-21T16:34:06.7961854Z Receiving objects: 100% (284/284), 81.41 KiB | 6.26 MiB/s, done.
2021-05-21T16:34:06.7962730Z Resolving deltas:   0% (0/140)
2021-05-21T16:34:06.7963435Z Resolving deltas:   1% (2/140)
2021-05-21T16:34:06.7964117Z Resolving deltas:   2% (3/140)
2021-05-21T16:34:06.7964805Z Resolving deltas:   3% (5/140)
2021-05-21T16:34:06.7965483Z Resolving deltas:   4% (6/140)
2021-05-21T16:34:06.7966178Z Resolving deltas:   5% (7/140)
2021-05-21T16:34:06.7966874Z Resolving deltas:   6% (9/140)
2021-05-21T16:34:06.7967545Z Resolving deltas:   7% (10/140)
2021-05-21T16:34:06.7968248Z Resolving deltas:   8% (12/140)
2021-05-21T16:34:06.7968941Z Resolving deltas:   9% (13/140)
2021-05-21T16:34:06.7969828Z Resolving deltas:  10% (14/140)
2021-05-21T16:34:06.7970521Z Resolving deltas:  11% (16/140)
2021-05-21T16:34:06.7971203Z Resolving deltas:  12% (17/140)
2021-05-21T16:34:06.7971895Z Resolving deltas:  13% (19/140)
2021-05-21T16:34:06.7972592Z Resolving deltas:  14% (20/140)
2021-05-21T16:34:06.7973270Z Resolving deltas:  15% (21/140)
2021-05-21T16:34:06.7973960Z Resolving deltas:  16% (23/140)
2021-05-21T16:34:06.7974640Z Resolving deltas:  17% (24/140)
2021-05-21T16:34:06.7975328Z Resolving deltas:  18% (26/140)
2021-05-21T16:34:06.7976022Z Resolving deltas:  19% (27/140)
2021-05-21T16:34:06.7976698Z Resolving deltas:  20% (28/140)
2021-05-21T16:34:06.7977386Z Resolving deltas:  21% (30/140)
2021-05-21T16:34:06.7978068Z Resolving deltas:  22% (31/140)
2021-05-21T16:34:06.7978772Z Resolving deltas:  23% (33/140)
2021-05-21T16:34:06.7979463Z Resolving deltas:  24% (34/140)
2021-05-21T16:34:06.7980137Z Resolving deltas:  25% (35/140)
2021-05-21T16:34:06.7980833Z Resolving deltas:  26% (37/140)
2021-05-21T16:34:06.7981516Z Resolving deltas:  27% (38/140)
2021-05-21T16:34:06.7982200Z Resolving deltas:  28% (40/140)
2021-05-21T16:34:06.7982890Z Resolving deltas:  29% (41/140)
2021-05-21T16:34:06.7983562Z Resolving deltas:  30% (42/140)
2021-05-21T16:34:06.7984250Z Resolving deltas:  31% (44/140)
2021-05-21T16:34:06.7984926Z Resolving deltas:  32% (45/140)
2021-05-21T16:34:06.7985683Z Resolving deltas:  33% (47/140)
2021-05-21T16:34:06.7986370Z Resolving deltas:  34% (48/140)
2021-05-21T16:34:06.7987038Z Resolving deltas:  35% (49/140)
2021-05-21T16:34:06.7987726Z Resolving deltas:  36% (51/140)
2021-05-21T16:34:06.7988399Z Resolving deltas:  37% (52/140)
2021-05-21T16:34:06.7989198Z Resolving deltas:  38% (54/140)
2021-05-21T16:34:06.7989920Z Resolving deltas:  39% (55/140)
2021-05-21T16:34:06.7990590Z Resolving deltas:  40% (56/140)
2021-05-21T16:34:06.7991289Z Resolving deltas:  41% (58/140)
2021-05-21T16:34:06.7991966Z Resolving deltas:  42% (59/140)
2021-05-21T16:34:06.7992653Z Resolving deltas:  43% (61/140)
2021-05-21T16:34:06.7993350Z Resolving deltas:  44% (62/140)
2021-05-21T16:34:06.7994024Z Resolving deltas:  45% (63/140)
2021-05-21T16:34:06.7994709Z Resolving deltas:  46% (65/140)
2021-05-21T16:34:06.7995384Z Resolving deltas:  47% (66/140)
2021-05-21T16:34:06.7996065Z Resolving deltas:  48% (68/140)
2021-05-21T16:34:06.7996754Z Resolving deltas:  49% (69/140)
2021-05-21T16:34:06.7997435Z Resolving deltas:  50% (70/140)
2021-05-21T16:34:06.7998130Z Resolving deltas:  51% (72/140)
2021-05-21T16:34:06.7998805Z Resolving deltas:  52% (73/140)
2021-05-21T16:34:06.7999493Z Resolving deltas:  53% (75/140)
2021-05-21T16:34:06.8000181Z Resolving deltas:  54% (76/140)
2021-05-21T16:34:06.8000862Z Resolving deltas:  55% (77/140)
2021-05-21T16:34:06.8001555Z Resolving deltas:  56% (79/140)
2021-05-21T16:34:06.8002237Z Resolving deltas:  57% (80/140)
2021-05-21T16:34:06.8003064Z Resolving deltas:  58% (82/140)
2021-05-21T16:34:06.8003769Z Resolving deltas:  59% (83/140)
2021-05-21T16:34:06.8004443Z Resolving deltas:  60% (84/140)
2021-05-21T16:34:06.8005154Z Resolving deltas:  61% (86/140)
2021-05-21T16:34:06.8005830Z Resolving deltas:  62% (87/140)
2021-05-21T16:34:06.8006525Z Resolving deltas:  63% (89/140)
2021-05-21T16:34:06.8007222Z Resolving deltas:  64% (90/140)
2021-05-21T16:34:06.8007905Z Resolving deltas:  65% (91/140)
2021-05-21T16:34:06.8008599Z Resolving deltas:  66% (93/140)
2021-05-21T16:34:06.8009274Z Resolving deltas:  67% (94/140)
2021-05-21T16:34:06.8009972Z Resolving deltas:  68% (96/140)
2021-05-21T16:34:06.8010693Z Resolving deltas:  69% (97/140)
2021-05-21T16:34:06.8011374Z Resolving deltas:  70% (98/140)
2021-05-21T16:34:06.8012071Z Resolving deltas:  71% (100/140)
2021-05-21T16:34:06.8012763Z Resolving deltas:  72% (101/140)
2021-05-21T16:34:06.8013592Z Resolving deltas:  73% (103/140)
2021-05-21T16:34:06.8014166Z Resolving deltas:  75% (105/140)
2021-05-21T16:34:06.8014875Z Resolving deltas:  76% (107/140)
2021-05-21T16:34:06.8015573Z Resolving deltas:  77% (108/140)
2021-05-21T16:34:06.8016389Z Resolving deltas:  78% (110/140)
2021-05-21T16:34:06.8017172Z Resolving deltas:  79% (111/140)
2021-05-21T16:34:06.8017895Z Resolving deltas:  80% (112/140)
2021-05-21T16:34:06.8018806Z Resolving deltas:  81% (114/140)
2021-05-21T16:34:06.8019535Z Resolving deltas:  82% (115/140)
2021-05-21T16:34:06.8020315Z Resolving deltas:  83% (117/140)
2021-05-21T16:34:06.8021035Z Resolving deltas:  84% (118/140)
2021-05-21T16:34:06.8021818Z Resolving deltas:  85% (119/140)
2021-05-21T16:34:06.8022638Z Resolving deltas:  86% (121/140)
2021-05-21T16:34:06.8023364Z Resolving deltas:  87% (123/140)
2021-05-21T16:34:06.8024154Z Resolving deltas:  88% (124/140)
2021-05-21T16:34:06.8024882Z Resolving deltas:  89% (125/140)
2021-05-21T16:34:06.8025688Z Resolving deltas:  90% (126/140)
2021-05-21T16:34:06.8026523Z Resolving deltas:  91% (128/140)
2021-05-21T16:34:06.8027309Z Resolving deltas:  92% (129/140)
2021-05-21T16:34:06.8028097Z Resolving deltas:  93% (131/140)
2021-05-21T16:34:06.8028703Z Resolving deltas:  94% (132/140)
2021-05-21T16:34:06.8029514Z Resolving deltas:  95% (133/140)
2021-05-21T16:34:06.8030255Z Resolving deltas:  96% (135/140)
2021-05-21T16:34:06.8031060Z Resolving deltas:  97% (136/140)
2021-05-21T16:34:06.8031848Z Resolving deltas:  98% (138/140)
2021-05-21T16:34:06.8032615Z Resolving deltas:  99% (139/140)
2021-05-21T16:34:06.8033412Z Resolving deltas: 100% (140/140)
2021-05-21T16:34:06.8034195Z Resolving deltas: 100% (140/140), done.
2021-05-21T16:34:06.8035119Z From https://github.com/con/tinuous
2021-05-21T16:34:06.8036680Z  * [new branch]      gh-51                                    -> origin/gh-51
2021-05-21T16:34:06.8037936Z  * [new branch]      master                                   -> origin/master
2021-05-21T16:34:06.8039269Z  * [new branch]      test-appveyor                            -> origin/test-appveyor
2021-05-21T16:34:06.8040503Z  * [new tag]         0.1.0                                    -> 0.1.0
2021-05-21T16:34:06.8041473Z  * [new tag]         0.2.0                                    -> 0.2.0
2021-05-21T16:34:06.8043056Z  * [new ref]         7c451a7bbb59b45f712912a2a967c0d0c02b8e28 -> pull/52/merge
2021-05-21T16:34:06.8044167Z ##[endgroup]
2021-05-21T16:34:06.8045039Z ##[group]Determining the checkout info
2021-05-21T16:34:06.8045908Z ##[endgroup]
2021-05-21T16:34:06.8046623Z ##[group]Checking out the ref
2021-05-21T16:34:06.8047890Z [command]/usr/bin/git checkout --progress --force refs/remotes/pull/52/merge
2021-05-21T16:34:06.8049181Z Note: switching to 'refs/remotes/pull/52/merge'.
2021-05-21T16:34:06.8049744Z 
2021-05-21T16:34:06.8050889Z You are in 'detached HEAD' state. You can look around, make experimental
2021-05-21T16:34:06.8053520Z changes and commit them, and you can discard any commits you make in this
2021-05-21T16:34:06.8054666Z state without impacting any branches by switching back to a branch.
2021-05-21T16:34:06.8055359Z 
2021-05-21T16:34:06.8056376Z If you want to create a new branch to retain commits you create, you may
2021-05-21T16:34:06.8057752Z do so (now or later) by using -c with the switch command. Example:
2021-05-21T16:34:06.8058470Z 
2021-05-21T16:34:06.8060300Z   git switch -c <new-branch-name>
2021-05-21T16:34:06.8060890Z 
2021-05-21T16:34:06.8061573Z Or undo this operation with:
2021-05-21T16:34:06.8062105Z 
2021-05-21T16:34:06.8062921Z   git switch -
2021-05-21T16:34:06.8063453Z 
2021-05-21T16:34:06.8064342Z Turn off this advice by setting config variable advice.detachedHead to false
2021-05-21T16:34:06.8065098Z 
2021-05-21T16:34:06.8066257Z HEAD is now at 7c451a7 Merge 85f7029f1420d407d669e023db465a0c49f8ee6b into 27326db1dedaf19f5a7f71120a5250d265b9e937
2021-05-21T16:34:06.8067467Z ##[endgroup]
2021-05-21T16:34:06.8068520Z [command]/usr/bin/git log -1 --format='%H'
2021-05-21T16:34:06.8069717Z '7c451a7bbb59b45f712912a2a967c0d0c02b8e28'
2021-05-21T16:34:06.8165360Z ##[group]Run actions/setup-python@v2
2021-05-21T16:34:06.8166003Z with:
2021-05-21T16:34:06.8166627Z   python-version: 3.8
2021-05-21T16:34:06.8167760Z   token: ***
2021-05-21T16:34:06.8168406Z ##[endgroup]
2021-05-21T16:34:06.8847070Z Successfully setup CPython (3.8.10)
2021-05-21T16:34:06.8927913Z ##[group]Run python -m pip install --upgrade pip wheel
2021-05-21T16:34:06.8928833Z [36;1mpython -m pip install --upgrade pip wheel[0m
2021-05-21T16:34:06.8929859Z [36;1mpython -m pip install --upgrade --upgrade-strategy=eager tox[0m
2021-05-21T16:34:06.8982796Z shell: /usr/bin/bash -e {0}
2021-05-21T16:34:06.8983415Z env:
2021-05-21T16:34:06.8984109Z   pythonLocation: /opt/hostedtoolcache/Python/3.8.10/x64
2021-05-21T16:34:06.8985109Z   LD_LIBRARY_PATH: /opt/hostedtoolcache/Python/3.8.10/x64/lib
2021-05-21T16:34:06.8985890Z ##[endgroup]
2021-05-21T16:34:07.5559555Z Requirement already satisfied: pip in /opt/hostedtoolcache/Python/3.8.10/x64/lib/python3.8/site-packages (21.1.1)
2021-05-21T16:34:07.7775386Z Collecting wheel
2021-05-21T16:34:07.8184779Z   Downloading wheel-0.36.2-py2.py3-none-any.whl (35 kB)
2021-05-21T16:34:07.8776542Z Installing collected packages: wheel
2021-05-21T16:34:07.9168558Z Successfully installed wheel-0.36.2
2021-05-21T16:34:08.6837484Z Collecting tox
2021-05-21T16:34:08.7188147Z   Downloading tox-3.23.1-py2.py3-none-any.whl (85 kB)
2021-05-21T16:34:08.8357402Z Collecting packaging>=14
2021-05-21T16:34:08.8449759Z   Downloading packaging-20.9-py2.py3-none-any.whl (40 kB)
2021-05-21T16:34:08.9013535Z Collecting py>=1.4.17
2021-05-21T16:34:08.9126721Z   Downloading py-1.10.0-py2.py3-none-any.whl (97 kB)
2021-05-21T16:34:08.9482869Z Collecting filelock>=3.0.0
2021-05-21T16:34:08.9579479Z   Downloading filelock-3.0.12-py3-none-any.whl (7.6 kB)
2021-05-21T16:34:09.1713026Z Collecting virtualenv!=20.0.0,!=20.0.1,!=20.0.2,!=20.0.3,!=20.0.4,!=20.0.5,!=20.0.6,!=20.0.7,>=16.0.0
2021-05-21T16:34:09.1797029Z   Downloading virtualenv-20.4.6-py2.py3-none-any.whl (7.2 MB)
2021-05-21T16:34:09.4650738Z Collecting six>=1.14.0
2021-05-21T16:34:09.4734027Z   Downloading six-1.16.0-py2.py3-none-any.whl (11 kB)
2021-05-21T16:34:09.5131816Z Collecting pluggy>=0.12.0
2021-05-21T16:34:09.5248830Z   Downloading pluggy-0.13.1-py2.py3-none-any.whl (18 kB)
2021-05-21T16:34:09.5520428Z Collecting toml>=0.9.4
2021-05-21T16:34:09.5608047Z   Downloading toml-0.10.2-py2.py3-none-any.whl (16 kB)
2021-05-21T16:34:09.6747800Z Collecting pyparsing>=2.0.2
2021-05-21T16:34:09.6821899Z   Downloading pyparsing-2.4.7-py2.py3-none-any.whl (67 kB)
2021-05-21T16:34:09.7784731Z Collecting appdirs<2,>=1.4.3
2021-05-21T16:34:09.7867056Z   Downloading appdirs-1.4.4-py2.py3-none-any.whl (9.6 kB)
2021-05-21T16:34:09.8184052Z Collecting distlib<1,>=0.3.1
2021-05-21T16:34:09.8254894Z   Downloading distlib-0.3.1-py2.py3-none-any.whl (335 kB)
2021-05-21T16:34:09.9493302Z Installing collected packages: six, pyparsing, filelock, distlib, appdirs, virtualenv, toml, py, pluggy, packaging, tox
2021-05-21T16:34:11.4696643Z Successfully installed appdirs-1.4.4 distlib-0.3.1 filelock-3.0.12 packaging-20.9 pluggy-0.13.1 py-1.10.0 pyparsing-2.4.7 six-1.16.0 toml-0.10.2 tox-3.23.1 virtualenv-20.4.6
2021-05-21T16:34:11.4849538Z ##[group]Run tox -e py -- --cov-report=xml
2021-05-21T16:34:11.4850271Z [36;1mtox -e py -- --cov-report=xml[0m
2021-05-21T16:34:11.4893877Z shell: /usr/bin/bash -e {0}
2021-05-21T16:34:11.4894307Z env:
2021-05-21T16:34:11.4894925Z   pythonLocation: /opt/hostedtoolcache/Python/3.8.10/x64
2021-05-21T16:34:11.4895769Z   LD_LIBRARY_PATH: /opt/hostedtoolcache/Python/3.8.10/x64/lib
2021-05-21T16:34:11.4896373Z ##[endgroup]
2021-05-21T16:34:11.7132693Z .package create: /home/runner/work/tinuous/tinuous/.tox/.package
2021-05-21T16:34:12.3208470Z .package installdeps: setuptools >= 46.4.0, wheel ~= 0.32
2021-05-21T16:34:16.0608940Z py create: /home/runner/work/tinuous/tinuous/.tox/py
2021-05-21T16:34:16.3612305Z py installdeps: pytest~=6.0, pytest-cov~=2.0
2021-05-21T16:34:19.6326337Z py inst: /home/runner/work/tinuous/tinuous/.tox/.tmp/package/1/tinuous-0.2.0+2.g7c451a7.tar.gz
2021-05-21T16:34:43.6554442Z py installed: annexremote==1.5.0,appdirs==1.4.4,attrs==21.2.0,boto==2.49.0,certifi==2020.12.5,cffi==1.14.5,chardet==4.0.0,click==7.1.2,click-loglevel==0.3.0,coverage==5.5,cryptography==3.4.7,datalad==0.14.4,Deprecated==1.2.12,distro==1.5.0,fasteners==0.16,future==0.18.2,humanize==3.5.0,idna==2.10,importlib-metadata==4.0.1,in-place==0.5.0,iniconfig==1.1.1,iso8601==0.1.14,jeepney==0.6.0,jsmin==2.2.2,keyring==23.0.1,keyrings.alt==4.0.2,msgpack==1.0.2,packaging==20.9,patool==1.12,pluggy==0.13.1,py==1.10.0,pycparser==2.20,pydantic==1.8.2,PyGithub==1.55,PyJWT==2.1.0,PyNaCl==1.4.0,pyparsing==2.4.7,pytest==6.2.4,pytest-cov==2.12.0,python-dateutil==2.8.1,PyYAML==5.4.1,requests==2.25.1,SecretStorage==3.3.1,simplejson==3.17.2,six==1.16.0,tinuous @ file:///home/runner/work/tinuous/tinuous/.tox/.tmp/package/1/tinuous-0.2.0%2B2.g7c451a7.tar.gz,toml==0.10.2,tqdm==4.60.0,typing-extensions==3.10.0.0,urllib3==1.26.4,Whoosh==2.7.4,wrapt==1.12.1,zipp==3.4.1
2021-05-21T16:34:43.6568380Z py run-test-pre: PYTHONHASHSEED='4060354849'
2021-05-21T16:34:43.6569667Z py run-test: commands[0] | tinuous --help
2021-05-21T16:34:43.7807272Z It is highly recommended to configure Git before using DataLad. Set both 'user.name' and 'user.email' configuration variables.
2021-05-21T16:34:43.7809481Z It is highly recommended to configure Git before using DataLad. Set both 'user.name' and 'user.email' configuration variables.
2021-05-21T16:34:44.4583449Z Usage: tinuous [OPTIONS] COMMAND [ARGS]...
2021-05-21T16:34:44.4583940Z 
2021-05-21T16:34:44.4584541Z   Download build logs from GitHub Actions, Travis, and Appveyor
2021-05-21T16:34:44.4585025Z 
2021-05-21T16:34:44.4585372Z Options:
2021-05-21T16:34:44.4586606Z   -c, --config FILE               Read configuration from the given file
2021-05-21T16:34:44.4587326Z                                   [default: config.yml]
2021-05-21T16:34:44.4587685Z 
2021-05-21T16:34:44.4588442Z   -l, --log-level [NOTSET|DEBUG|INFO|WARNING|ERROR|CRITICAL]
2021-05-21T16:34:44.4589169Z                                   Set logging level  [default: INFO]
2021-05-21T16:34:44.4590023Z   --help                          Show this message and exit.
2021-05-21T16:34:44.4590407Z 
2021-05-21T16:34:44.4590774Z Commands:
2021-05-21T16:34:44.4591221Z   fetch     Download logs
2021-05-21T16:34:44.4591756Z   sanitize  Sanitize secrets in logs
2021-05-21T16:34:44.5237141Z py run-test: commands[1] | pytest --cov-report=xml test
2021-05-21T16:34:44.9434141Z ============================= test session starts ==============================
2021-05-21T16:34:44.9437250Z platform linux -- Python 3.8.10, pytest-6.2.4, py-1.10.0, pluggy-0.13.1
2021-05-21T16:34:44.9439134Z cachedir: .tox/py/.pytest_cache
2021-05-21T16:34:44.9444204Z rootdir: /home/runner/work/tinuous/tinuous, configfile: tox.ini
2021-05-21T16:34:44.9446279Z plugins: cov-2.12.0
2021-05-21T16:34:44.9447435Z collected 1 item
2021-05-21T16:34:44.9448234Z 
2021-05-21T16:34:45.0905172Z test/test_util.py .                                                      [100%]
2021-05-21T16:34:45.0906099Z 
2021-05-21T16:34:45.0907766Z ---------- coverage: platform linux, python 3.8.10-final-0 -----------
2021-05-21T16:34:45.0908827Z Coverage XML written to file coverage.xml
2021-05-21T16:34:45.0909378Z 
2021-05-21T16:34:45.0909738Z 
2021-05-21T16:34:45.0910323Z ============================== 1 passed in 0.17s ===============================
2021-05-21T16:34:45.1286384Z ___________________________________ summary ____________________________________
2021-05-21T16:34:45.1286995Z   py: commands succeeded
2021-05-21T16:34:45.1287517Z   congratulations :)
2021-05-21T16:34:45.1650505Z ##[group]Run codecov/codecov-action@v1
2021-05-21T16:34:45.1651056Z with:
2021-05-21T16:34:45.1651467Z   fail_ci_if_error: false
2021-05-21T16:34:45.1651895Z env:
2021-05-21T16:34:45.1652496Z   pythonLocation: /opt/hostedtoolcache/Python/3.8.10/x64
2021-05-21T16:34:45.1653310Z   LD_LIBRARY_PATH: /opt/hostedtoolcache/Python/3.8.10/x64/lib
2021-05-21T16:34:45.1653926Z ##[endgroup]
2021-05-21T16:34:45.2331276Z [command]/usr/bin/bash codecov.sh -n  -F  -Q github-action -C 85f7029f1420d407d669e023db465a0c49f8ee6b
2021-05-21T16:34:45.2426403Z 
2021-05-21T16:34:45.2427702Z   _____          _
2021-05-21T16:34:45.2428286Z  / ____|        | |
2021-05-21T16:34:45.2429947Z | |     ___   __| | ___  ___ _____   __
2021-05-21T16:34:45.2430571Z | |    / _ \ / _` |/ _ \/ __/ _ \ \ / /
2021-05-21T16:34:45.2431160Z | |___| (_) | (_| |  __/ (_| (_) \ V /
2021-05-21T16:34:45.2431761Z  \_____\___/ \__,_|\___|\___\___/ \_/
2021-05-21T16:34:45.2432942Z                               Bash-1.0.2
2021-05-21T16:34:45.2433562Z 
2021-05-21T16:34:45.2433993Z 
2021-05-21T16:34:45.2443745Z [0;36m==>[0m git version 2.31.1 found
2021-05-21T16:34:45.2563892Z [0;36m==>[0m curl 7.68.0 (x86_64-pc-linux-gnu) libcurl/7.68.0 OpenSSL/1.1.1f zlib/1.2.11 brotli/1.0.7 libidn2/2.2.0 libpsl/0.21.0 (+libidn2/2.2.0) libssh/0.9.3/openssl/zlib nghttp2/1.40.0 librtmp/2.3
2021-05-21T16:34:45.2565515Z Release-Date: 2020-01-08
2021-05-21T16:34:45.2566678Z Protocols: dict file ftp ftps gopher http https imap imaps ldap ldaps pop3 pop3s rtmp rtsp scp sftp smb smbs smtp smtps telnet tftp 
2021-05-21T16:34:45.2623406Z Features: AsynchDNS brotli GSS-API HTTP2 HTTPS-proxy IDN IPv6 Kerberos Largefile libz NTLM NTLM_WB PSL SPNEGO SSL TLS-SRP UnixSockets
2021-05-21T16:34:45.2625064Z [0;90m==>[0m GitHub Actions detected.
2021-05-21T16:34:45.2625569Z     Env vars used:
2021-05-21T16:34:45.2626201Z       -> GITHUB_ACTIONS:    true
2021-05-21T16:34:45.2626853Z       -> GITHUB_HEAD_REF:   gh-51
2021-05-21T16:34:45.2627587Z       -> GITHUB_REF:        refs/pull/52/merge
2021-05-21T16:34:45.2628333Z       -> GITHUB_REPOSITORY: con/tinuous
2021-05-21T16:34:45.2629001Z       -> GITHUB_RUN_ID:     864519215
2021-05-21T16:34:45.2629908Z       -> GITHUB_SHA:        7c451a7bbb59b45f712912a2a967c0d0c02b8e28
2021-05-21T16:34:45.2630772Z       -> GITHUB_WORKFLOW:   Test
2021-05-21T16:34:45.2823407Z     [0;90mproject root:[0m .
2021-05-21T16:34:45.2899488Z     [0;32mYaml not found, that's ok! Learn more at[0m [0;36mhttp://docs.codecov.io/docs/codecov-yaml[0m
2021-05-21T16:34:45.3233124Z [0;90m==>[0m Running gcov in . [0;90m(disable via -X gcov)[0m
2021-05-21T16:34:45.3475566Z [0;90m==>[0m Searching for coverage reports in:
2021-05-21T16:34:45.3476767Z     [0;32m+[0m .
2021-05-21T16:34:45.3569256Z     [0;90m->[0m Found 1 reports
2021-05-21T16:34:45.3570615Z [0;90m==>[0m Detecting git/mercurial file structure
2021-05-21T16:34:45.3659510Z [0;90m==>[0m Reading reports
2021-05-21T16:34:45.3732483Z     [0;32m+[0m ./coverage.xml [0;90mbytes=30781[0m
2021-05-21T16:34:45.3763850Z [0;90m==>[0m Appending adjustments
2021-05-21T16:34:45.3764942Z     [0;36mhttps://docs.codecov.io/docs/fixing-reports[0m
2021-05-21T16:34:45.3872620Z     [0;90m->[0m No adjustments found
2021-05-21T16:34:45.3876164Z [0;90m==>[0m Gzipping contents
2021-05-21T16:34:45.4028567Z         4.0K	/tmp/codecov.0isoDf.gz
2021-05-21T16:34:45.4057461Z [0;90m==>[0m Uploading reports
2021-05-21T16:34:45.4058630Z     [0;90murl:[0m https://codecov.io
2021-05-21T16:34:45.4060875Z     [0;90mquery:[0m branch=gh-51&commit=85f7029f1420d407d669e023db465a0c49f8ee6b&build=864519215&build_url=http%3A%2F%2Fgithub.com%2Fcon%2Ftinuous%2Factions%2Fruns%2F864519215&name=&tag=&slug=con%2Ftinuous&service=github-actions&flags=&pr=52&job=Test&cmd_args=n,F,Q,C
2021-05-21T16:34:45.4111449Z [0;90m->[0m  Pinging Codecov
2021-05-21T16:34:45.4114239Z https://codecov.io/upload/v4?package=github-action-1.0.2&token=secret&branch=gh-51&commit=85f7029f1420d407d669e023db465a0c49f8ee6b&build=864519215&build_url=http%3A%2F%2Fgithub.com%2Fcon%2Ftinuous%2Factions%2Fruns%2F864519215&name=&tag=&slug=con%2Ftinuous&service=github-actions&flags=&pr=52&job=Test&cmd_args=n,F,Q,C
2021-05-21T16:34:45.8886435Z [0;90m->[0m  Uploading to
2021-05-21T16:34:45.8891991Z https://storage.googleapis.com/codecov/v4/raw/2021-05-21/0010CBA6D851417C00BB0BC3FC5895F9/85f7029f1420d407d669e023db465a0c49f8ee6b/e844b53c-d443-426b-9c4b-1228bfa5d669.txt?X-Amz-Algorithm=AWS4-HMAC-SHA256&X-Amz-Credential=GOOG1EQM3VGPYSAFECJRMNAFIPCV2R3P2BOORCJC7NM537NPJQSFLHUDNIDWA%2F20210521%2FUS%2Fs3%2Faws4_request&X-Amz-Date=20210521T163445Z&X-Amz-Expires=10&X-Amz-SignedHeaders=host&X-Amz-Signature=5831d883f0048761258f0882a18014cb1c7e33b142c640540084a478eaeecbb3
2021-05-21T16:34:45.9006627Z   % Total    % Received % Xferd  Average Speed   Time    Time     Time  Current
2021-05-21T16:34:45.9007881Z                                  Dload  Upload   Total   Spent    Left  Speed
2021-05-21T16:34:45.9008509Z 
2021-05-21T16:34:46.0782410Z   0     0    0     0    0     0      0      0 --:--:-- --:--:-- --:--:--     0
2021-05-21T16:34:46.0783934Z 100  3153    0     0  100  3153      0  17813 --:--:-- --:--:-- --:--:-- 17813
2021-05-21T16:34:46.0830454Z     [0;32m->[0m Reports have been successfully queued for processing at [0;36mhttps://codecov.io/github/con/tinuous/commit/85f7029f1420d407d669e023db465a0c49f8ee6b[0m
2021-05-21T16:34:46.0979060Z Post job cleanup.
2021-05-21T16:34:46.2185241Z [command]/usr/bin/git version
2021-05-21T16:34:46.2244819Z git version 2.31.1
2021-05-21T16:34:46.2292287Z [command]/usr/bin/git config --local --name-only --get-regexp core\.sshCommand
2021-05-21T16:34:46.2337229Z [command]/usr/bin/git submodule foreach --recursive git config --local --name-only --get-regexp 'core\.sshCommand' && git config --local --unset-all 'core.sshCommand' || :
2021-05-21T16:34:46.2626152Z [command]/usr/bin/git config --local --name-only --get-regexp http\.https\:\/\/github\.com\/\.extraheader
2021-05-21T16:34:46.2666262Z http.https://github.com/.extraheader
2021-05-21T16:34:46.2680301Z [command]/usr/bin/git config --local --unset-all http.https://github.com/.extraheader
2021-05-21T16:34:46.2739355Z [command]/usr/bin/git submodule foreach --recursive git config --local --name-only --get-regexp 'http\.https\:\/\/github\.com\/\.extraheader' && git config --local --unset-all 'http.https://github.com/.extraheader' || :
2021-05-21T16:34:46.3123363Z Cleaning up orphan processes
