2024-11-18T16:22:40.2980518Z ##[group]Run codecov/codecov-action@v5
2024-11-18T16:22:40.2981061Z with:
2024-11-18T16:22:40.2981385Z   fail_ci_if_error: false
2024-11-18T16:22:40.2981946Z   token: ***
2024-11-18T16:22:40.2982328Z   name: 3.8
2024-11-18T16:22:40.2982687Z   disable_file_fixes: false
2024-11-18T16:22:40.2983054Z   disable_search: false
2024-11-18T16:22:40.2983495Z   disable_safe_directory: false
2024-11-18T16:22:40.2983832Z   dry_run: false
2024-11-18T16:22:40.2984152Z   git_service: github
2024-11-18T16:22:40.2984569Z   gcov_executable: gcov
2024-11-18T16:22:40.2984921Z   handle_no_reports_found: false
2024-11-18T16:22:40.2985266Z   skip_validation: false
2024-11-18T16:22:40.2985701Z   use_legacy_upload_endpoint: false
2024-11-18T16:22:40.2986091Z   use_oidc: false
2024-11-18T16:22:40.2986467Z   verbose: false
2024-11-18T16:22:40.2986762Z   version: latest
2024-11-18T16:22:40.2987156Z env:
2024-11-18T16:22:40.2987618Z   pythonLocation: /opt/hostedtoolcache/Python/3.8.18/x64
2024-11-18T16:22:40.2988214Z   PKG_CONFIG_PATH: /opt/hostedtoolcache/Python/3.8.18/x64/lib/pkgconfig
2024-11-18T16:22:40.2988922Z   Python_ROOT_DIR: /opt/hostedtoolcache/Python/3.8.18/x64
2024-11-18T16:22:40.2989555Z   Python2_ROOT_DIR: /opt/hostedtoolcache/Python/3.8.18/x64
2024-11-18T16:22:40.2990100Z   Python3_ROOT_DIR: /opt/hostedtoolcache/Python/3.8.18/x64
2024-11-18T16:22:40.2990636Z   LD_LIBRARY_PATH: /opt/hostedtoolcache/Python/3.8.18/x64/lib
2024-11-18T16:22:40.2991167Z ##[endgroup]
2024-11-18T16:22:40.3248166Z ##[group]Run git config --global --add safe.directory /home/runner/work/tinuous/tinuous
2024-11-18T16:22:40.3248999Z [36;1mgit config --global --add safe.directory /home/runner/work/tinuous/tinuous[0m
2024-11-18T16:22:40.3310930Z shell: /usr/bin/bash --noprofile --norc -e -o pipefail {0}
2024-11-18T16:22:40.3311641Z env:
2024-11-18T16:22:40.3312060Z   pythonLocation: /opt/hostedtoolcache/Python/3.8.18/x64
2024-11-18T16:22:40.3313065Z   PKG_CONFIG_PATH: /opt/hostedtoolcache/Python/3.8.18/x64/lib/pkgconfig
2024-11-18T16:22:40.3313920Z   Python_ROOT_DIR: /opt/hostedtoolcache/Python/3.8.18/x64
2024-11-18T16:22:40.3314595Z   Python2_ROOT_DIR: /opt/hostedtoolcache/Python/3.8.18/x64
2024-11-18T16:22:40.3315217Z   Python3_ROOT_DIR: /opt/hostedtoolcache/Python/3.8.18/x64
2024-11-18T16:22:40.3315976Z   LD_LIBRARY_PATH: /opt/hostedtoolcache/Python/3.8.18/x64/lib
2024-11-18T16:22:40.3316547Z ##[endgroup]
2024-11-18T16:22:40.3466172Z ##[group]Run if [ false == 'true' ];
2024-11-18T16:22:40.3466644Z [36;1mif [ false == 'true' ];[0m
2024-11-18T16:22:40.3467111Z [36;1mthen[0m
2024-11-18T16:22:40.3467432Z [36;1m  # {"count":1984,"value":"***"}[0m
2024-11-18T16:22:40.3468401Z [36;1m  CC_TOKEN=$(curl -H "Authorization: bearer $ACTIONS_ID_TOKEN_REQUEST_TOKEN" "$ACTIONS_ID_TOKEN_REQUEST_URL&audience=api://AzureADTokenExchange" | cut -d\' -f6)[0m
2024-11-18T16:22:40.3469493Z [36;1m  echo "CC_TOKEN=$CC_TOKEN" >> "$GITHUB_ENV"[0m
2024-11-18T16:22:40.3469974Z [36;1melse[0m
2024-11-18T16:22:40.3470492Z [36;1m  if [ -n *** ];[0m
2024-11-18T16:22:40.3470916Z [36;1m  then[0m
2024-11-18T16:22:40.3471366Z [36;1m    CC_TOKEN=***[0m
2024-11-18T16:22:40.3471788Z [36;1m    echo "CC_TOKEN=$CC_TOKEN" >> "$GITHUB_ENV"[0m
2024-11-18T16:22:40.3472328Z [36;1m  fi[0m
2024-11-18T16:22:40.3472594Z [36;1mfi[0m
2024-11-18T16:22:40.3529298Z shell: /usr/bin/bash --noprofile --norc -e -o pipefail {0}
2024-11-18T16:22:40.3529789Z env:
2024-11-18T16:22:40.3530280Z   pythonLocation: /opt/hostedtoolcache/Python/3.8.18/x64
2024-11-18T16:22:40.3530949Z   PKG_CONFIG_PATH: /opt/hostedtoolcache/Python/3.8.18/x64/lib/pkgconfig
2024-11-18T16:22:40.3531630Z   Python_ROOT_DIR: /opt/hostedtoolcache/Python/3.8.18/x64
2024-11-18T16:22:40.3532281Z   Python2_ROOT_DIR: /opt/hostedtoolcache/Python/3.8.18/x64
2024-11-18T16:22:40.3532887Z   Python3_ROOT_DIR: /opt/hostedtoolcache/Python/3.8.18/x64
2024-11-18T16:22:40.3533507Z   LD_LIBRARY_PATH: /opt/hostedtoolcache/Python/3.8.18/x64/lib
2024-11-18T16:22:40.3534124Z ##[endgroup]
2024-11-18T16:22:40.3647288Z ##[group]Run if [ -z "$CC_BRANCH" ] && [ -z "$CC_TOKEN" ] && [ "${GITHUB_EVENT_PULL_REQUEST_REPO_FULL_NAME}" != "$GITHUB_REPOSITORY" ];
2024-11-18T16:22:40.3648636Z [36;1mif [ -z "$CC_BRANCH" ] && [ -z "$CC_TOKEN" ] && [ "${GITHUB_EVENT_PULL_REQUEST_REPO_FULL_NAME}" != "$GITHUB_REPOSITORY" ];[0m
2024-11-18T16:22:40.3649428Z [36;1mthen[0m
2024-11-18T16:22:40.3649938Z [36;1m  echo -e "\033[0;32m==>\033[0m Fork detected, tokenless uploading used"[0m
2024-11-18T16:22:40.3650635Z [36;1m  TOKENLESS="$GITHUB_EVENT_PULL_REQUEST_HEAD_LABEL"[0m
2024-11-18T16:22:40.3651331Z [36;1m  CC_BRANCH="$GITHUB_EVENT_PULL_REQUEST_HEAD_LABEL"[0m
2024-11-18T16:22:40.3651916Z [36;1m  echo "TOKENLESS=$TOKENLESS" >> "$GITHUB_ENV"[0m
2024-11-18T16:22:40.3652397Z [36;1mfi[0m
2024-11-18T16:22:40.3652911Z [36;1m[0m
2024-11-18T16:22:40.3653304Z [36;1mecho "CC_BRANCH=$CC_BRANCH" >> "$GITHUB_ENV"[0m
2024-11-18T16:22:40.3705949Z shell: /usr/bin/bash --noprofile --norc -e -o pipefail {0}
2024-11-18T16:22:40.3706518Z env:
2024-11-18T16:22:40.3707050Z   pythonLocation: /opt/hostedtoolcache/Python/3.8.18/x64
2024-11-18T16:22:40.3707753Z   PKG_CONFIG_PATH: /opt/hostedtoolcache/Python/3.8.18/x64/lib/pkgconfig
2024-11-18T16:22:40.3708414Z   Python_ROOT_DIR: /opt/hostedtoolcache/Python/3.8.18/x64
2024-11-18T16:22:40.3709090Z   Python2_ROOT_DIR: /opt/hostedtoolcache/Python/3.8.18/x64
2024-11-18T16:22:40.3709694Z   Python3_ROOT_DIR: /opt/hostedtoolcache/Python/3.8.18/x64
2024-11-18T16:22:40.3710363Z   LD_LIBRARY_PATH: /opt/hostedtoolcache/Python/3.8.18/x64/lib
2024-11-18T16:22:40.3711108Z   CC_TOKEN: ***
2024-11-18T16:22:40.3711416Z   CC_BRANCH: 
2024-11-18T16:22:40.3712022Z   GITHUB_EVENT_PULL_REQUEST_HEAD_LABEL: con:dependabot/github_actions/codecov/codecov-action-5
2024-11-18T16:22:40.3712829Z   GITHUB_EVENT_PULL_REQUEST_REPO_FULL_NAME: 
2024-11-18T16:22:40.3713302Z   GITHUB_REPOSITORY: con/tinuous
2024-11-18T16:22:40.3713890Z ##[endgroup]
2024-11-18T16:22:40.3827033Z ##[group]Run if [ -z "$CC_SHA" ];
2024-11-18T16:22:40.3827467Z [36;1mif [ -z "$CC_SHA" ];[0m
2024-11-18T16:22:40.3827949Z [36;1mthen[0m
2024-11-18T16:22:40.3828312Z [36;1m  CC_SHA="$GITHUB_EVENT_PULL_REQUEST_HEAD_SHA"[0m
2024-11-18T16:22:40.3828773Z [36;1mfi[0m
2024-11-18T16:22:40.3829308Z [36;1mif [ -z "$CC_PR" ] && [ "${GITHUB_EVENT_NAME}" == "pull_request_target" ];[0m
2024-11-18T16:22:40.3829854Z [36;1mthen[0m
2024-11-18T16:22:40.3830156Z [36;1m  CC_PR="$GITHUB_EVENT_NUMBER"[0m
2024-11-18T16:22:40.3830637Z [36;1mfi[0m
2024-11-18T16:22:40.3830936Z [36;1m[0m
2024-11-18T16:22:40.3831246Z [36;1mecho "CC_SHA=$CC_SHA" >> "$GITHUB_ENV"[0m
2024-11-18T16:22:40.3831803Z [36;1mecho "CC_PR=$CC_PR" >> "$GITHUB_ENV"[0m
2024-11-18T16:22:40.3884100Z shell: /usr/bin/bash --noprofile --norc -e -o pipefail {0}
2024-11-18T16:22:40.3884636Z env:
2024-11-18T16:22:40.3884999Z   pythonLocation: /opt/hostedtoolcache/Python/3.8.18/x64
2024-11-18T16:22:40.3885731Z   PKG_CONFIG_PATH: /opt/hostedtoolcache/Python/3.8.18/x64/lib/pkgconfig
2024-11-18T16:22:40.3886399Z   Python_ROOT_DIR: /opt/hostedtoolcache/Python/3.8.18/x64
2024-11-18T16:22:40.3886987Z   Python2_ROOT_DIR: /opt/hostedtoolcache/Python/3.8.18/x64
2024-11-18T16:22:40.3887623Z   Python3_ROOT_DIR: /opt/hostedtoolcache/Python/3.8.18/x64
2024-11-18T16:22:40.3888215Z   LD_LIBRARY_PATH: /opt/hostedtoolcache/Python/3.8.18/x64/lib
2024-11-18T16:22:40.3888893Z   CC_TOKEN: ***
2024-11-18T16:22:40.3889317Z   CC_BRANCH: 
2024-11-18T16:22:40.3889627Z   CC_PR: 
2024-11-18T16:22:40.3889890Z   CC_SHA: 
2024-11-18T16:22:40.3890299Z   GITHUB_EVENT_NAME: pull_request
2024-11-18T16:22:40.3890716Z   GITHUB_EVENT_NUMBER: 198
2024-11-18T16:22:40.3891209Z   GITHUB_EVENT_PULL_REQUEST_HEAD_SHA: aa318d398c215cff594609b657066e303defd562
2024-11-18T16:22:40.3891864Z ##[endgroup]
2024-11-18T16:22:40.4008550Z ##[group]Run ${GITHUB_ACTION_PATH}/dist/codecov.sh
2024-11-18T16:22:40.4009178Z [36;1m${GITHUB_ACTION_PATH}/dist/codecov.sh[0m
2024-11-18T16:22:40.4060909Z shell: /usr/bin/bash --noprofile --norc -e -o pipefail {0}
2024-11-18T16:22:40.4061576Z env:
2024-11-18T16:22:40.4061965Z   pythonLocation: /opt/hostedtoolcache/Python/3.8.18/x64
2024-11-18T16:22:40.4062887Z   PKG_CONFIG_PATH: /opt/hostedtoolcache/Python/3.8.18/x64/lib/pkgconfig
2024-11-18T16:22:40.4063650Z   Python_ROOT_DIR: /opt/hostedtoolcache/Python/3.8.18/x64
2024-11-18T16:22:40.4064268Z   Python2_ROOT_DIR: /opt/hostedtoolcache/Python/3.8.18/x64
2024-11-18T16:22:40.4064881Z   Python3_ROOT_DIR: /opt/hostedtoolcache/Python/3.8.18/x64
2024-11-18T16:22:40.4065582Z   LD_LIBRARY_PATH: /opt/hostedtoolcache/Python/3.8.18/x64/lib
2024-11-18T16:22:40.4066290Z   CC_TOKEN: ***
2024-11-18T16:22:40.4066723Z   CC_BRANCH: 
2024-11-18T16:22:40.4067117Z   CC_SHA: aa318d398c215cff594609b657066e303defd562
2024-11-18T16:22:40.4067555Z   CC_PR: 
2024-11-18T16:22:40.4067947Z   CC_BINARY: 
2024-11-18T16:22:40.4068271Z   CC_BUILD: 
2024-11-18T16:22:40.4068577Z   CC_BUILD_URL: 
2024-11-18T16:22:40.4068977Z   CC_CODE: 
2024-11-18T16:22:40.4069292Z   CC_DIR: 
2024-11-18T16:22:40.4069640Z   CC_DISABLE_FILE_FIXES: false
2024-11-18T16:22:40.4070074Z   CC_DISABLE_SEARCH: false
2024-11-18T16:22:40.4070464Z   CC_DRY_RUN: false
2024-11-18T16:22:40.4070866Z   CC_ENTERPRISE_URL: 
2024-11-18T16:22:40.4071276Z   CC_ENV: 
2024-11-18T16:22:40.4071559Z   CC_EXCLUDES: 
2024-11-18T16:22:40.4071917Z   CC_FAIL_ON_ERROR: false
2024-11-18T16:22:40.4072349Z   CC_FILES: 
2024-11-18T16:22:40.4072650Z   CC_FLAGS: 
2024-11-18T16:22:40.4072972Z   CC_GCOV_ARGS: 
2024-11-18T16:22:40.4073383Z   CC_GCOV_EXECUTABLE: gcov
2024-11-18T16:22:40.4073787Z   CC_GCOV_IGNORE: 
2024-11-18T16:22:40.4074096Z   CC_GCOV_INCLUDE: 
2024-11-18T16:22:40.4074486Z   CC_GIT_SERVICE: github
2024-11-18T16:22:40.4074899Z   CC_HANDLE_NO_REPORTS_FOUND: false
2024-11-18T16:22:40.4075255Z   CC_JOB_CODE: 
2024-11-18T16:22:40.4075628Z   CC_LEGACY: false
2024-11-18T16:22:40.4075962Z   CC_NAME: 3.8
2024-11-18T16:22:40.4076271Z   CC_NETWORK_FILTER: 
2024-11-18T16:22:40.4077078Z   CC_NETWORK_PREFIX: 
2024-11-18T16:22:40.4077450Z   CC_NETWORK_ROOT_FOLDER: 
2024-11-18T16:22:40.4077797Z   CC_OS: 
2024-11-18T16:22:40.4078189Z   CC_PARENT_SHA: 
2024-11-18T16:22:40.4078481Z   CC_PLUGINS: 
2024-11-18T16:22:40.4078808Z   CC_REPORT_TYPE: 
2024-11-18T16:22:40.4079213Z   CC_SKIP_VALIDATION: false
2024-11-18T16:22:40.4079565Z   CC_SLUG: 
2024-11-18T16:22:40.4079880Z   CC_SWIFT_PROJECT: 
2024-11-18T16:22:40.4080278Z   CC_VERBOSE: false
2024-11-18T16:22:40.4080598Z   CC_VERSION: latest
2024-11-18T16:22:40.4080901Z   CC_YML_PATH: 
2024-11-18T16:22:40.4081270Z ##[endgroup]
2024-11-18T16:22:40.4196202Z      _____          _
2024-11-18T16:22:40.4197048Z     / ____|        | |
2024-11-18T16:22:40.4197641Z    | |     ___   __| | ___  ___ _____   __
2024-11-18T16:22:40.4198162Z    | |    / _ \ / _` |/ _ \/ __/ _ \ \ / /
2024-11-18T16:22:40.4198678Z    | |___| (_) | (_| |  __/ (_| (_) \ V /
2024-11-18T16:22:40.4199521Z     \_____\___/ \__,_|\___|\___\___/ \_/
2024-11-18T16:22:40.4200583Z                            [0;31m Wrapper-0.0.24[0m
2024-11-18T16:22:40.4201487Z                                   
2024-11-18T16:22:40.4255587Z [0;32m==>[0m Detected [0;36mlinux[0m
2024-11-18T16:22:40.4256851Z [0;32m ->[0m Downloading [0;36mhttps://cli.codecov.io/latest/linux/codecov[0m
2024-11-18T16:22:40.9778167Z [0;32m==>[0m Finishing downloading [0;36mlinux:latest[0m
2024-11-18T16:22:41.0971597Z       Version: [0;36mv9.0.4[0m
2024-11-18T16:22:41.0972352Z  
2024-11-18T16:22:41.3338943Z gpg: directory '/home/runner/.gnupg' created
2024-11-18T16:22:41.3341291Z gpg: keybox '/home/runner/.gnupg/pubring.kbx' created
2024-11-18T16:22:41.3361776Z gpg: /home/runner/.gnupg/trustdb.gpg: trustdb created
2024-11-18T16:22:41.3363370Z gpg: key 806BB28AED779869: public key "Codecov Uploader (Codecov Uploader Verification Key) <security@codecov.io>" imported
2024-11-18T16:22:41.3607852Z gpg: Total number processed: 1
2024-11-18T16:22:41.3609182Z gpg:               imported: 1
2024-11-18T16:22:41.3614140Z [0;32m==>[0m Verifying GPG signature integrity
2024-11-18T16:22:41.3615130Z [0;32m ->[0m Downloading [0;36mhttps://cli.codecov.io/latest/linux/codecov.SHA256SUM[0m
2024-11-18T16:22:41.3616830Z [0;32m ->[0m Downloading [0;36mhttps://cli.codecov.io/latest/linux/codecov.SHA256SUM.sig[0m
2024-11-18T16:22:41.3617844Z  
2024-11-18T16:22:41.5759208Z gpg: Signature made Fri Nov 15 18:59:14 2024 UTC
2024-11-18T16:22:41.5760179Z gpg:                using RSA key 27034E7FDB850E0BBC2C62FF806BB28AED779869
2024-11-18T16:22:41.5762231Z gpg: Good signature from "Codecov Uploader (Codecov Uploader Verification Key) <security@codecov.io>" [unknown]
2024-11-18T16:22:41.5764374Z gpg: WARNING: This key is not certified with a trusted signature!
2024-11-18T16:22:41.5766000Z gpg:          There is no indication that the signature belongs to the owner.
2024-11-18T16:22:41.5767647Z Primary key fingerprint: 2703 4E7F DB85 0E0B BC2C  62FF 806B B28A ED77 9869
2024-11-18T16:22:41.7045883Z codecov: OK
2024-11-18T16:22:41.7055782Z [0;32m==>[0m CLI integrity verified
2024-11-18T16:22:41.7056333Z 
2024-11-18T16:22:41.7844870Z [0;32m ->[0m Token of length 36 detected
2024-11-18T16:22:41.7845989Z [0;32m==>[0m Running create-commit
2024-11-18T16:22:41.7856734Z       [0;36m./codecov  create-commit -t <redacted> --git-service github --sha aa318d398c215cff594609b657066e303defd562[0m
2024-11-18T16:22:42.4474279Z info - 2024-11-18 16:22:42,447 -- ci service found: github-actions
2024-11-18T16:22:42.9825793Z info - 2024-11-18 16:22:42,982 -- Process Commit creating complete
2024-11-18T16:22:43.0459857Z  
2024-11-18T16:22:43.0460884Z [0;32m==>[0m Running create-report
2024-11-18T16:22:43.0471070Z       [0;36m./codecov  create-report -t <redacted> --git-service github --sha aa318d398c215cff594609b657066e303defd562[0m
2024-11-18T16:22:43.7111276Z info - 2024-11-18 16:22:43,710 -- ci service found: github-actions
2024-11-18T16:22:44.3658710Z info - 2024-11-18 16:22:44,365 -- Process Report creating complete
2024-11-18T16:22:44.3660197Z info - 2024-11-18 16:22:44,365 -- Finished creating report successfully --- {"response": "{\"status\":\"queued\"}\n"}
2024-11-18T16:22:44.4244625Z  
2024-11-18T16:22:44.4245728Z [0;32m==>[0m Running do-upload
2024-11-18T16:22:44.4255987Z       [0;36m./codecov  do-upload -t <redacted>  --gcov-executable gcov  --git-service github  --name 3.8  --sha aa318d398c215cff594609b657066e303defd562[0m
2024-11-18T16:22:45.0878434Z info - 2024-11-18 16:22:45,087 -- ci service found: github-actions
2024-11-18T16:22:45.0989943Z warning - 2024-11-18 16:22:45,098 -- xcrun is not installed or can't be found.
2024-11-18T16:22:45.1447294Z warning - 2024-11-18 16:22:45,144 -- No gcov data found.
2024-11-18T16:22:45.1449242Z warning - 2024-11-18 16:22:45,144 -- coverage.py is not installed or can't be found.
2024-11-18T16:22:45.1548424Z info - 2024-11-18 16:22:45,154 -- Found 1 coverage files to report
2024-11-18T16:22:45.1550332Z info - 2024-11-18 16:22:45,154 -- > /home/runner/work/tinuous/tinuous/coverage.xml
2024-11-18T16:22:45.6111058Z info - 2024-11-18 16:22:45,610 -- Your upload is now processing. When finished, results will be available at: https://app.codecov.io/github/con/tinuous/commit/aa318d398c215cff594609b657066e303defd562
2024-11-18T16:22:45.7871895Z info - 2024-11-18 16:22:45,786 -- Process Upload complete
