2021-06-14T16:04:06.1074022Z ##[section]Starting: Request a runner to run this job
2021-06-14T16:04:06.8080279Z Can't find any online and idle self-hosted runner in current repository that matches the required labels: 'ubuntu-latest'
2021-06-14T16:04:06.8493209Z Can't find any online and idle self-hosted runner in current repository's organization account that matches the required labels: 'ubuntu-latest'
2021-06-14T16:04:06.9450980Z Found online and idle hosted runner in current repository's organization account that matches the required labels: 'ubuntu-latest'
2021-06-14T16:04:07.1435974Z ##[section]Finishing: Request a runner to run this job
2021-06-14T16:04:17.3033295Z Current runner version: '2.278.0'
2021-06-14T16:04:17.3068345Z ##[group]Operating System
2021-06-14T16:04:17.3069621Z Ubuntu
2021-06-14T16:04:17.3070148Z 20.04.2
2021-06-14T16:04:17.3071148Z LTS
2021-06-14T16:04:17.3072570Z ##[endgroup]
2021-06-14T16:04:17.3073189Z ##[group]Virtual Environment
2021-06-14T16:04:17.3073958Z Environment: ubuntu-20.04
2021-06-14T16:04:17.3074539Z Version: 20210606.1
2021-06-14T16:04:17.3075693Z Included Software: https://github.com/actions/virtual-environments/blob/ubuntu20/20210606.1/images/linux/Ubuntu2004-README.md
2021-06-14T16:04:17.3077230Z Image Release: https://github.com/actions/virtual-environments/releases/tag/ubuntu20%2F20210606.1
2021-06-14T16:04:17.3078236Z ##[endgroup]
2021-06-14T16:04:17.3080524Z ##[group]GITHUB_TOKEN Permissions
2021-06-14T16:04:17.3082097Z Actions: write
2021-06-14T16:04:17.3082779Z Checks: write
2021-06-14T16:04:17.3083371Z Contents: write
2021-06-14T16:04:17.3083939Z Deployments: write
2021-06-14T16:04:17.3084691Z Discussions: write
2021-06-14T16:04:17.3085344Z Issues: write
2021-06-14T16:04:17.3085953Z Metadata: read
2021-06-14T16:04:17.3086494Z Packages: write
2021-06-14T16:04:17.3087118Z PullRequests: write
2021-06-14T16:04:17.3087898Z RepositoryProjects: write
2021-06-14T16:04:17.3088661Z SecurityEvents: write
2021-06-14T16:04:17.3089326Z Statuses: write
2021-06-14T16:04:17.3090056Z ##[endgroup]
2021-06-14T16:04:17.3094212Z Prepare workflow directory
2021-06-14T16:04:17.3866482Z Prepare all required actions
2021-06-14T16:04:17.3879823Z Getting action download info
2021-06-14T16:04:17.8225423Z Download action repository 'actions/checkout@v2'
2021-06-14T16:04:19.6324276Z Download action repository 'actions/setup-python@v2'
2021-06-14T16:04:19.8046293Z Download action repository 'codecov/codecov-action@v1'
2021-06-14T16:04:20.1675846Z ##[group]Run actions/checkout@v2
2021-06-14T16:04:20.1676768Z with:
2021-06-14T16:04:20.1677364Z   fetch-depth: 0
2021-06-14T16:04:20.1677961Z   repository: con/tinuous
2021-06-14T16:04:20.1679260Z   token: ***
2021-06-14T16:04:20.1679865Z   ssh-strict: true
2021-06-14T16:04:20.1680575Z   persist-credentials: true
2021-06-14T16:04:20.1681258Z   clean: true
2021-06-14T16:04:20.1681775Z   lfs: false
2021-06-14T16:04:20.1682392Z   submodules: false
2021-06-14T16:04:20.1682952Z ##[endgroup]
2021-06-14T16:04:20.4541637Z Syncing repository: con/tinuous
2021-06-14T16:04:20.4543092Z ##[group]Getting Git version info
2021-06-14T16:04:20.4544537Z Working directory is '/home/runner/work/tinuous/tinuous'
2021-06-14T16:04:20.4851012Z [command]/usr/bin/git version
2021-06-14T16:04:20.4913316Z git version 2.31.1
2021-06-14T16:04:20.4915502Z ##[endgroup]
2021-06-14T16:04:20.4916916Z Deleting the contents of '/home/runner/work/tinuous/tinuous'
2021-06-14T16:04:20.4918909Z ##[group]Initializing the repository
2021-06-14T16:04:20.9468787Z [command]/usr/bin/git init /home/runner/work/tinuous/tinuous
2021-06-14T16:04:20.9557463Z hint: Using 'master' as the name for the initial branch. This default branch name
2021-06-14T16:04:20.9558906Z hint: is subject to change. To configure the initial branch name to use in all
2021-06-14T16:04:20.9560185Z hint: of your new repositories, which will suppress this warning, call:
2021-06-14T16:04:20.9561559Z hint: 
2021-06-14T16:04:20.9562616Z hint: 	git config --global init.defaultBranch <name>
2021-06-14T16:04:20.9563676Z hint: 
2021-06-14T16:04:20.9564684Z hint: Names commonly chosen instead of 'master' are 'main', 'trunk' and
2021-06-14T16:04:20.9566008Z hint: 'development'. The just-created branch can be renamed via this command:
2021-06-14T16:04:20.9566865Z hint: 
2021-06-14T16:04:20.9567841Z hint: 	git branch -m <name>
2021-06-14T16:04:20.9568745Z Initialized empty Git repository in /home/runner/work/tinuous/tinuous/.git/
2021-06-14T16:04:20.9569823Z [command]/usr/bin/git remote add origin https://github.com/con/tinuous
2021-06-14T16:04:20.9571127Z ##[endgroup]
2021-06-14T16:04:20.9572304Z ##[group]Disabling automatic garbage collection
2021-06-14T16:04:20.9574038Z [command]/usr/bin/git config --local gc.auto 0
2021-06-14T16:04:20.9581721Z ##[endgroup]
2021-06-14T16:04:20.9584338Z ##[group]Setting up auth
2021-06-14T16:04:20.9585757Z [command]/usr/bin/git config --local --name-only --get-regexp core\.sshCommand
2021-06-14T16:04:20.9587705Z [command]/usr/bin/git submodule foreach --recursive git config --local --name-only --get-regexp 'core\.sshCommand' && git config --local --unset-all 'core.sshCommand' || :
2021-06-14T16:04:20.9589487Z [command]/usr/bin/git config --local --name-only --get-regexp http\.https\:\/\/github\.com\/\.extraheader
2021-06-14T16:04:20.9591796Z [command]/usr/bin/git submodule foreach --recursive git config --local --name-only --get-regexp 'http\.https\:\/\/github\.com\/\.extraheader' && git config --local --unset-all 'http.https://github.com/.extraheader' || :
2021-06-14T16:04:20.9594779Z [command]/usr/bin/git config --local http.https://github.com/.extraheader AUTHORIZATION: basic ***
2021-06-14T16:04:20.9595958Z ##[endgroup]
2021-06-14T16:04:20.9596898Z ##[group]Fetching the repository
2021-06-14T16:04:20.9601995Z [command]/usr/bin/git -c protocol.version=2 fetch --prune --progress --no-recurse-submodules origin +refs/heads/*:refs/remotes/origin/* +refs/tags/*:refs/tags/*
2021-06-14T16:04:20.9603459Z remote: Enumerating objects: 755, done.        
2021-06-14T16:04:20.9604312Z remote: Counting objects:   0% (1/409)        
2021-06-14T16:04:20.9605089Z remote: Counting objects:   1% (5/409)        
2021-06-14T16:04:20.9605885Z remote: Counting objects:   2% (9/409)        
2021-06-14T16:04:20.9606659Z remote: Counting objects:   3% (13/409)        
2021-06-14T16:04:20.9607451Z remote: Counting objects:   4% (17/409)        
2021-06-14T16:04:20.9608674Z remote: Counting objects:   5% (21/409)        
2021-06-14T16:04:20.9643218Z remote: Counting objects:   6% (25/409)        
2021-06-14T16:04:20.9644251Z remote: Counting objects:   7% (29/409)        
2021-06-14T16:04:20.9645093Z remote: Counting objects:   8% (33/409)        
2021-06-14T16:04:20.9645894Z remote: Counting objects:   9% (37/409)        
2021-06-14T16:04:20.9646692Z remote: Counting objects:  10% (41/409)        
2021-06-14T16:04:20.9647483Z remote: Counting objects:  11% (45/409)        
2021-06-14T16:04:20.9648270Z remote: Counting objects:  12% (50/409)        
2021-06-14T16:04:20.9649339Z remote: Counting objects:  13% (54/409)        
2021-06-14T16:04:20.9650077Z remote: Counting objects:  14% (58/409)        
2021-06-14T16:04:20.9650969Z remote: Counting objects:  15% (62/409)        
2021-06-14T16:04:20.9651861Z remote: Counting objects:  16% (66/409)        
2021-06-14T16:04:20.9652498Z remote: Counting objects:  17% (70/409)        
2021-06-14T16:04:20.9653110Z remote: Counting objects:  18% (74/409)        
2021-06-14T16:04:20.9653959Z remote: Counting objects:  19% (78/409)        
2021-06-14T16:04:20.9654753Z remote: Counting objects:  20% (82/409)        
2021-06-14T16:04:20.9655382Z remote: Counting objects:  21% (86/409)        
2021-06-14T16:04:20.9656143Z remote: Counting objects:  22% (90/409)        
2021-06-14T16:04:20.9657114Z remote: Counting objects:  23% (95/409)        
2021-06-14T16:04:20.9657839Z remote: Counting objects:  24% (99/409)        
2021-06-14T16:04:20.9658593Z remote: Counting objects:  25% (103/409)        
2021-06-14T16:04:20.9659190Z remote: Counting objects:  26% (107/409)        
2021-06-14T16:04:20.9660326Z remote: Counting objects:  27% (111/409)        
2021-06-14T16:04:20.9661209Z remote: Counting objects:  28% (115/409)        
2021-06-14T16:04:20.9661977Z remote: Counting objects:  29% (119/409)        
2021-06-14T16:04:20.9662701Z remote: Counting objects:  30% (123/409)        
2021-06-14T16:04:20.9663340Z remote: Counting objects:  31% (127/409)        
2021-06-14T16:04:20.9664001Z remote: Counting objects:  32% (131/409)        
2021-06-14T16:04:20.9664674Z remote: Counting objects:  33% (135/409)        
2021-06-14T16:04:20.9665404Z remote: Counting objects:  34% (140/409)        
2021-06-14T16:04:20.9666060Z remote: Counting objects:  35% (144/409)        
2021-06-14T16:04:20.9666885Z remote: Counting objects:  36% (148/409)        
2021-06-14T16:04:20.9667543Z remote: Counting objects:  37% (152/409)        
2021-06-14T16:04:20.9668480Z remote: Counting objects:  38% (156/409)        
2021-06-14T16:04:20.9669165Z remote: Counting objects:  39% (160/409)        
2021-06-14T16:04:20.9669806Z remote: Counting objects:  40% (164/409)        
2021-06-14T16:04:20.9670968Z remote: Counting objects:  41% (168/409)        
2021-06-14T16:04:20.9672200Z remote: Counting objects:  42% (172/409)        
2021-06-14T16:04:20.9695155Z remote: Counting objects:  43% (176/409)        
2021-06-14T16:04:20.9696051Z remote: Counting objects:  44% (180/409)        
2021-06-14T16:04:20.9697022Z remote: Counting objects:  45% (185/409)        
2021-06-14T16:04:20.9697823Z remote: Counting objects:  46% (189/409)        
2021-06-14T16:04:20.9722772Z remote: Counting objects:  47% (193/409)        
2021-06-14T16:04:20.9723737Z remote: Counting objects:  48% (197/409)        
2021-06-14T16:04:20.9724539Z remote: Counting objects:  49% (201/409)        
2021-06-14T16:04:20.9725382Z remote: Counting objects:  50% (205/409)        
2021-06-14T16:04:20.9726181Z remote: Counting objects:  51% (209/409)        
2021-06-14T16:04:20.9726966Z remote: Counting objects:  52% (213/409)        
2021-06-14T16:04:20.9727767Z remote: Counting objects:  53% (217/409)        
2021-06-14T16:04:20.9728541Z remote: Counting objects:  54% (221/409)        
2021-06-14T16:04:20.9729327Z remote: Counting objects:  55% (225/409)        
2021-06-14T16:04:20.9730122Z remote: Counting objects:  56% (230/409)        
2021-06-14T16:04:20.9730896Z remote: Counting objects:  57% (234/409)        
2021-06-14T16:04:20.9731697Z remote: Counting objects:  58% (238/409)        
2021-06-14T16:04:20.9732692Z remote: Counting objects:  59% (242/409)        
2021-06-14T16:04:20.9733569Z remote: Counting objects:  60% (246/409)        
2021-06-14T16:04:20.9734364Z remote: Counting objects:  61% (250/409)        
2021-06-14T16:04:20.9735148Z remote: Counting objects:  62% (254/409)        
2021-06-14T16:04:20.9735952Z remote: Counting objects:  63% (258/409)        
2021-06-14T16:04:20.9736727Z remote: Counting objects:  64% (262/409)        
2021-06-14T16:04:20.9737522Z remote: Counting objects:  65% (266/409)        
2021-06-14T16:04:20.9738312Z remote: Counting objects:  66% (270/409)        
2021-06-14T16:04:20.9739235Z remote: Counting objects:  67% (275/409)        
2021-06-14T16:04:20.9739998Z remote: Counting objects:  68% (279/409)        
2021-06-14T16:04:20.9740760Z remote: Counting objects:  69% (283/409)        
2021-06-14T16:04:20.9741907Z remote: Counting objects:  70% (287/409)        
2021-06-14T16:04:20.9742704Z remote: Counting objects:  71% (291/409)        
2021-06-14T16:04:20.9743597Z remote: Counting objects:  72% (295/409)        
2021-06-14T16:04:20.9744371Z remote: Counting objects:  73% (299/409)        
2021-06-14T16:04:20.9745302Z remote: Counting objects:  74% (303/409)        
2021-06-14T16:04:20.9746226Z remote: Counting objects:  75% (307/409)        
2021-06-14T16:04:20.9747181Z remote: Counting objects:  76% (311/409)        
2021-06-14T16:04:20.9747945Z remote: Counting objects:  77% (315/409)        
2021-06-14T16:04:20.9748865Z remote: Counting objects:  78% (320/409)        
2021-06-14T16:04:20.9749653Z remote: Counting objects:  79% (324/409)        
2021-06-14T16:04:20.9750713Z remote: Counting objects:  80% (328/409)        
2021-06-14T16:04:20.9751564Z remote: Counting objects:  81% (332/409)        
2021-06-14T16:04:20.9752426Z remote: Counting objects:  82% (336/409)        
2021-06-14T16:04:20.9753296Z remote: Counting objects:  83% (340/409)        
2021-06-14T16:04:20.9754086Z remote: Counting objects:  84% (344/409)        
2021-06-14T16:04:20.9754888Z remote: Counting objects:  85% (348/409)        
2021-06-14T16:04:20.9755673Z remote: Counting objects:  86% (352/409)        
2021-06-14T16:04:20.9756773Z remote: Counting objects:  87% (356/409)        
2021-06-14T16:04:20.9757872Z remote: Counting objects:  88% (360/409)        
2021-06-14T16:04:20.9758874Z remote: Counting objects:  89% (365/409)        
2021-06-14T16:04:20.9759667Z remote: Counting objects:  90% (369/409)        
2021-06-14T16:04:20.9760439Z remote: Counting objects:  91% (373/409)        
2021-06-14T16:04:20.9761230Z remote: Counting objects:  92% (377/409)        
2021-06-14T16:04:20.9762063Z remote: Counting objects:  93% (381/409)        
2021-06-14T16:04:20.9762856Z remote: Counting objects:  94% (385/409)        
2021-06-14T16:04:20.9763645Z remote: Counting objects:  95% (389/409)        
2021-06-14T16:04:20.9764415Z remote: Counting objects:  96% (393/409)        
2021-06-14T16:04:20.9765262Z remote: Counting objects:  97% (397/409)        
2021-06-14T16:04:20.9766189Z remote: Counting objects:  98% (401/409)        
2021-06-14T16:04:20.9766961Z remote: Counting objects:  99% (405/409)        
2021-06-14T16:04:20.9767868Z remote: Counting objects: 100% (409/409)        
2021-06-14T16:04:20.9768620Z remote: Counting objects: 100% (409/409), done.        
2021-06-14T16:04:20.9769420Z remote: Compressing objects:   0% (1/206)        
2021-06-14T16:04:20.9770366Z remote: Compressing objects:   1% (3/206)        
2021-06-14T16:04:20.9771345Z remote: Compressing objects:   2% (5/206)        
2021-06-14T16:04:20.9772182Z remote: Compressing objects:   3% (7/206)        
2021-06-14T16:04:20.9773057Z remote: Compressing objects:   4% (9/206)        
2021-06-14T16:04:20.9773944Z remote: Compressing objects:   5% (11/206)        
2021-06-14T16:04:20.9774790Z remote: Compressing objects:   6% (13/206)        
2021-06-14T16:04:20.9775773Z remote: Compressing objects:   7% (15/206)        
2021-06-14T16:04:20.9776763Z remote: Compressing objects:   8% (17/206)        
2021-06-14T16:04:20.9777946Z remote: Compressing objects:   9% (19/206)        
2021-06-14T16:04:20.9779009Z remote: Compressing objects:  10% (21/206)        
2021-06-14T16:04:20.9779859Z remote: Compressing objects:  11% (23/206)        
2021-06-14T16:04:20.9780679Z remote: Compressing objects:  12% (25/206)        
2021-06-14T16:04:20.9781534Z remote: Compressing objects:  13% (27/206)        
2021-06-14T16:04:20.9782379Z remote: Compressing objects:  14% (29/206)        
2021-06-14T16:04:20.9783201Z remote: Compressing objects:  15% (31/206)        
2021-06-14T16:04:20.9784184Z remote: Compressing objects:  16% (33/206)        
2021-06-14T16:04:20.9784982Z remote: Compressing objects:  17% (36/206)        
2021-06-14T16:04:20.9785836Z remote: Compressing objects:  18% (38/206)        
2021-06-14T16:04:20.9786814Z remote: Compressing objects:  19% (40/206)        
2021-06-14T16:04:20.9787631Z remote: Compressing objects:  20% (42/206)        
2021-06-14T16:04:20.9788582Z remote: Compressing objects:  21% (44/206)        
2021-06-14T16:04:20.9789407Z remote: Compressing objects:  22% (46/206)        
2021-06-14T16:04:20.9790427Z remote: Compressing objects:  23% (48/206)        
2021-06-14T16:04:20.9791312Z remote: Compressing objects:  24% (50/206)        
2021-06-14T16:04:20.9792134Z remote: Compressing objects:  25% (52/206)        
2021-06-14T16:04:20.9793056Z remote: Compressing objects:  26% (54/206)        
2021-06-14T16:04:20.9793880Z remote: Compressing objects:  27% (56/206)        
2021-06-14T16:04:20.9794725Z remote: Compressing objects:  28% (58/206)        
2021-06-14T16:04:20.9795567Z remote: Compressing objects:  29% (60/206)        
2021-06-14T16:04:20.9796384Z remote: Compressing objects:  30% (62/206)        
2021-06-14T16:04:20.9797226Z remote: Compressing objects:  31% (64/206)        
2021-06-14T16:04:20.9798213Z remote: Compressing objects:  32% (66/206)        
2021-06-14T16:04:20.9799007Z remote: Compressing objects:  33% (68/206)        
2021-06-14T16:04:20.9810338Z remote: Compressing objects:  34% (71/206)        
2021-06-14T16:04:20.9811438Z remote: Compressing objects:  35% (73/206)        
2021-06-14T16:04:20.9812311Z remote: Compressing objects:  36% (75/206)        
2021-06-14T16:04:20.9813157Z remote: Compressing objects:  37% (77/206)        
2021-06-14T16:04:20.9814305Z remote: Compressing objects:  38% (79/206)        
2021-06-14T16:04:20.9815147Z remote: Compressing objects:  39% (81/206)        
2021-06-14T16:04:20.9815972Z remote: Compressing objects:  40% (83/206)        
2021-06-14T16:04:20.9816889Z remote: Compressing objects:  41% (85/206)        
2021-06-14T16:04:20.9817727Z remote: Compressing objects:  42% (87/206)        
2021-06-14T16:04:20.9818547Z remote: Compressing objects:  43% (89/206)        
2021-06-14T16:04:20.9819387Z remote: Compressing objects:  44% (91/206)        
2021-06-14T16:04:20.9820223Z remote: Compressing objects:  45% (93/206)        
2021-06-14T16:04:20.9821043Z remote: Compressing objects:  46% (95/206)        
2021-06-14T16:04:20.9821881Z remote: Compressing objects:  47% (97/206)        
2021-06-14T16:04:20.9822713Z remote: Compressing objects:  48% (99/206)        
2021-06-14T16:04:20.9823597Z remote: Compressing objects:  49% (101/206)        
2021-06-14T16:04:20.9824573Z remote: Compressing objects:  50% (103/206)        
2021-06-14T16:04:20.9825409Z remote: Compressing objects:  51% (106/206)        
2021-06-14T16:04:20.9826241Z remote: Compressing objects:  52% (108/206)        
2021-06-14T16:04:20.9826970Z remote: Compressing objects:  53% (110/206)        
2021-06-14T16:04:20.9827804Z remote: Compressing objects:  54% (112/206)        
2021-06-14T16:04:20.9828625Z remote: Compressing objects:  55% (114/206)        
2021-06-14T16:04:20.9829450Z remote: Compressing objects:  56% (116/206)        
2021-06-14T16:04:20.9830582Z remote: Compressing objects:  57% (118/206)        
2021-06-14T16:04:20.9831470Z remote: Compressing objects:  58% (120/206)        
2021-06-14T16:04:20.9832319Z remote: Compressing objects:  59% (122/206)        
2021-06-14T16:04:20.9833288Z remote: Compressing objects:  60% (124/206)        
2021-06-14T16:04:20.9834158Z remote: Compressing objects:  61% (126/206)        
2021-06-14T16:04:20.9835004Z remote: Compressing objects:  62% (128/206)        
2021-06-14T16:04:20.9835847Z remote: Compressing objects:  63% (130/206)        
2021-06-14T16:04:20.9836686Z remote: Compressing objects:  64% (132/206)        
2021-06-14T16:04:20.9837527Z remote: Compressing objects:  65% (134/206)        
2021-06-14T16:04:20.9838350Z remote: Compressing objects:  66% (136/206)        
2021-06-14T16:04:20.9839190Z remote: Compressing objects:  67% (139/206)        
2021-06-14T16:04:20.9840028Z remote: Compressing objects:  68% (141/206)        
2021-06-14T16:04:20.9840845Z remote: Compressing objects:  69% (143/206)        
2021-06-14T16:04:20.9841678Z remote: Compressing objects:  70% (145/206)        
2021-06-14T16:04:20.9842556Z remote: Compressing objects:  71% (147/206)        
2021-06-14T16:04:20.9843395Z remote: Compressing objects:  72% (149/206)        
2021-06-14T16:04:20.9844240Z remote: Compressing objects:  73% (151/206)        
2021-06-14T16:04:20.9845061Z remote: Compressing objects:  74% (153/206)        
2021-06-14T16:04:20.9845899Z remote: Compressing objects:  75% (155/206)        
2021-06-14T16:04:20.9846747Z remote: Compressing objects:  76% (157/206)        
2021-06-14T16:04:20.9847567Z remote: Compressing objects:  77% (159/206)        
2021-06-14T16:04:20.9848400Z remote: Compressing objects:  78% (161/206)        
2021-06-14T16:04:20.9849213Z remote: Compressing objects:  79% (163/206)        
2021-06-14T16:04:20.9850051Z remote: Compressing objects:  80% (165/206)        
2021-06-14T16:04:20.9850891Z remote: Compressing objects:  81% (167/206)        
2021-06-14T16:04:20.9851709Z remote: Compressing objects:  82% (169/206)        
2021-06-14T16:04:20.9852547Z remote: Compressing objects:  83% (171/206)        
2021-06-14T16:04:20.9853364Z remote: Compressing objects:  84% (174/206)        
2021-06-14T16:04:20.9854210Z remote: Compressing objects:  85% (176/206)        
2021-06-14T16:04:20.9855049Z remote: Compressing objects:  86% (178/206)        
2021-06-14T16:04:20.9855871Z remote: Compressing objects:  87% (180/206)        
2021-06-14T16:04:20.9856709Z remote: Compressing objects:  88% (182/206)        
2021-06-14T16:04:20.9857673Z remote: Compressing objects:  89% (184/206)        
2021-06-14T16:04:20.9858515Z remote: Compressing objects:  90% (186/206)        
2021-06-14T16:04:20.9859584Z remote: Compressing objects:  91% (188/206)        
2021-06-14T16:04:20.9860408Z remote: Compressing objects:  92% (190/206)        
2021-06-14T16:04:20.9861242Z remote: Compressing objects:  93% (192/206)        
2021-06-14T16:04:20.9862056Z remote: Compressing objects:  94% (194/206)        
2021-06-14T16:04:20.9862962Z remote: Compressing objects:  95% (196/206)        
2021-06-14T16:04:20.9863824Z remote: Compressing objects:  96% (198/206)        
2021-06-14T16:04:20.9864662Z remote: Compressing objects:  97% (200/206)        
2021-06-14T16:04:20.9865486Z remote: Compressing objects:  98% (202/206)        
2021-06-14T16:04:20.9866387Z remote: Compressing objects:  99% (204/206)        
2021-06-14T16:04:20.9867247Z remote: Compressing objects: 100% (206/206)        
2021-06-14T16:04:20.9868097Z remote: Compressing objects: 100% (206/206), done.        
2021-06-14T16:04:20.9868920Z Receiving objects:   0% (1/755)
2021-06-14T16:04:20.9869633Z Receiving objects:   1% (8/755)
2021-06-14T16:04:20.9870573Z Receiving objects:   2% (16/755)
2021-06-14T16:04:20.9871377Z Receiving objects:   3% (23/755)
2021-06-14T16:04:20.9872104Z Receiving objects:   4% (31/755)
2021-06-14T16:04:20.9872895Z Receiving objects:   5% (38/755)
2021-06-14T16:04:20.9873718Z Receiving objects:   6% (46/755)
2021-06-14T16:04:20.9874518Z Receiving objects:   7% (53/755)
2021-06-14T16:04:20.9875254Z Receiving objects:   8% (61/755)
2021-06-14T16:04:20.9875966Z Receiving objects:   9% (68/755)
2021-06-14T16:04:20.9876697Z Receiving objects:  10% (76/755)
2021-06-14T16:04:20.9877547Z Receiving objects:  11% (84/755)
2021-06-14T16:04:20.9878315Z Receiving objects:  12% (91/755)
2021-06-14T16:04:20.9879046Z Receiving objects:  13% (99/755)
2021-06-14T16:04:20.9879915Z Receiving objects:  14% (106/755)
2021-06-14T16:04:20.9880626Z Receiving objects:  15% (114/755)
2021-06-14T16:04:20.9881345Z Receiving objects:  16% (121/755)
2021-06-14T16:04:20.9882045Z Receiving objects:  17% (129/755)
2021-06-14T16:04:20.9886138Z Receiving objects:  18% (136/755)
2021-06-14T16:04:20.9898639Z Receiving objects:  19% (144/755)
2021-06-14T16:04:20.9992052Z Receiving objects:  20% (151/755)
2021-06-14T16:04:20.9993716Z Receiving objects:  21% (159/755)
2021-06-14T16:04:20.9994677Z Receiving objects:  22% (167/755)
2021-06-14T16:04:20.9995446Z Receiving objects:  23% (174/755)
2021-06-14T16:04:20.9996164Z Receiving objects:  24% (182/755)
2021-06-14T16:04:20.9996899Z Receiving objects:  25% (189/755)
2021-06-14T16:04:20.9997941Z Receiving objects:  26% (197/755)
2021-06-14T16:04:20.9998938Z Receiving objects:  27% (204/755)
2021-06-14T16:04:20.9999872Z Receiving objects:  28% (212/755)
2021-06-14T16:04:21.0000759Z Receiving objects:  29% (219/755)
2021-06-14T16:04:21.0001494Z Receiving objects:  30% (227/755)
2021-06-14T16:04:21.0003631Z Receiving objects:  31% (235/755)
2021-06-14T16:04:21.0004639Z Receiving objects:  32% (242/755)
2021-06-14T16:04:21.0005389Z Receiving objects:  33% (250/755)
2021-06-14T16:04:21.0006105Z Receiving objects:  34% (257/755)
2021-06-14T16:04:21.0006847Z Receiving objects:  35% (265/755)
2021-06-14T16:04:21.0007768Z Receiving objects:  36% (272/755)
2021-06-14T16:04:21.0008443Z Receiving objects:  37% (280/755)
2021-06-14T16:04:21.0009187Z Receiving objects:  38% (287/755)
2021-06-14T16:04:21.0009908Z Receiving objects:  39% (295/755)
2021-06-14T16:04:21.0010640Z Receiving objects:  40% (302/755)
2021-06-14T16:04:21.0011358Z Receiving objects:  41% (310/755)
2021-06-14T16:04:21.0012097Z Receiving objects:  42% (318/755)
2021-06-14T16:04:21.0012829Z Receiving objects:  43% (325/755)
2021-06-14T16:04:21.0013554Z Receiving objects:  44% (333/755)
2021-06-14T16:04:21.0014289Z Receiving objects:  45% (340/755)
2021-06-14T16:04:21.0015016Z Receiving objects:  46% (348/755)
2021-06-14T16:04:21.0015749Z Receiving objects:  47% (355/755)
2021-06-14T16:04:21.0016757Z Receiving objects:  48% (363/755)
2021-06-14T16:04:21.0017480Z Receiving objects:  49% (370/755)
2021-06-14T16:04:21.0018283Z Receiving objects:  50% (378/755)
2021-06-14T16:04:21.0019085Z Receiving objects:  51% (386/755)
2021-06-14T16:04:21.0019868Z Receiving objects:  52% (393/755)
2021-06-14T16:04:21.0020594Z Receiving objects:  53% (401/755)
2021-06-14T16:04:21.0021275Z Receiving objects:  54% (408/755)
2021-06-14T16:04:21.0021872Z Receiving objects:  55% (416/755)
2021-06-14T16:04:21.0022452Z Receiving objects:  56% (423/755)
2021-06-14T16:04:21.0023198Z Receiving objects:  57% (431/755)
2021-06-14T16:04:21.0023928Z Receiving objects:  58% (438/755)
2021-06-14T16:04:21.0024655Z Receiving objects:  59% (446/755)
2021-06-14T16:04:21.0025397Z Receiving objects:  60% (453/755)
2021-06-14T16:04:21.0026118Z Receiving objects:  61% (461/755)
2021-06-14T16:04:21.0026762Z Receiving objects:  62% (469/755)
2021-06-14T16:04:21.0031479Z Receiving objects:  63% (476/755)
2021-06-14T16:04:21.0032077Z Receiving objects:  64% (484/755)
2021-06-14T16:04:21.0032691Z Receiving objects:  65% (491/755)
2021-06-14T16:04:21.0033460Z Receiving objects:  66% (499/755)
2021-06-14T16:04:21.0034200Z Receiving objects:  67% (506/755)
2021-06-14T16:04:21.0034916Z Receiving objects:  68% (514/755)
2021-06-14T16:04:21.0035653Z Receiving objects:  69% (521/755)
2021-06-14T16:04:21.0036390Z Receiving objects:  70% (529/755)
2021-06-14T16:04:21.0037108Z Receiving objects:  71% (537/755)
2021-06-14T16:04:21.0037836Z Receiving objects:  72% (544/755)
2021-06-14T16:04:21.0038549Z Receiving objects:  73% (552/755)
2021-06-14T16:04:21.0039282Z Receiving objects:  74% (559/755)
2021-06-14T16:04:21.0040014Z Receiving objects:  75% (567/755)
2021-06-14T16:04:21.0040730Z Receiving objects:  76% (574/755)
2021-06-14T16:04:21.0041735Z Receiving objects:  77% (582/755)
2021-06-14T16:04:21.0042345Z Receiving objects:  78% (589/755)
2021-06-14T16:04:21.0043110Z Receiving objects:  79% (597/755)
2021-06-14T16:04:21.0043824Z Receiving objects:  80% (604/755)
2021-06-14T16:04:21.0044419Z Receiving objects:  81% (612/755)
2021-06-14T16:04:21.0045148Z Receiving objects:  82% (620/755)
2021-06-14T16:04:21.0045769Z Receiving objects:  83% (627/755)
2021-06-14T16:04:21.0046368Z Receiving objects:  84% (635/755)
2021-06-14T16:04:21.0047075Z Receiving objects:  85% (642/755)
2021-06-14T16:04:21.0047719Z Receiving objects:  86% (650/755)
2021-06-14T16:04:21.0048350Z Receiving objects:  87% (657/755)
2021-06-14T16:04:21.0048964Z Receiving objects:  88% (665/755)
2021-06-14T16:04:21.0049603Z Receiving objects:  89% (672/755)
2021-06-14T16:04:21.0051121Z remote: Total 755 (delta 222), reused 260 (delta 174), pack-reused 346        
2021-06-14T16:04:21.0052154Z Receiving objects:  90% (680/755)
2021-06-14T16:04:21.0052816Z Receiving objects:  91% (688/755)
2021-06-14T16:04:21.0053438Z Receiving objects:  92% (695/755)
2021-06-14T16:04:21.0054170Z Receiving objects:  93% (703/755)
2021-06-14T16:04:21.0054984Z Receiving objects:  94% (710/755)
2021-06-14T16:04:21.0058006Z Receiving objects:  95% (718/755)
2021-06-14T16:04:21.0058670Z Receiving objects:  96% (725/755)
2021-06-14T16:04:21.0059407Z Receiving objects:  97% (733/755)
2021-06-14T16:04:21.0060275Z Receiving objects:  98% (740/755)
2021-06-14T16:04:21.0061068Z Receiving objects:  99% (748/755)
2021-06-14T16:04:21.0061695Z Receiving objects: 100% (755/755)
2021-06-14T16:04:21.0063036Z Receiving objects: 100% (755/755), 208.57 KiB | 16.04 MiB/s, done.
2021-06-14T16:04:21.0063722Z Resolving deltas:   0% (0/402)
2021-06-14T16:04:21.0064444Z Resolving deltas:   1% (5/402)
2021-06-14T16:04:21.0065055Z Resolving deltas:   2% (9/402)
2021-06-14T16:04:21.0068069Z Resolving deltas:   3% (13/402)
2021-06-14T16:04:21.0068836Z Resolving deltas:   4% (17/402)
2021-06-14T16:04:21.0069498Z Resolving deltas:   5% (21/402)
2021-06-14T16:04:21.0070446Z Resolving deltas:   6% (25/402)
2021-06-14T16:04:21.0071274Z Resolving deltas:   7% (29/402)
2021-06-14T16:04:21.0071891Z Resolving deltas:   8% (33/402)
2021-06-14T16:04:21.0072487Z Resolving deltas:   9% (37/402)
2021-06-14T16:04:21.0073299Z Resolving deltas:  10% (41/402)
2021-06-14T16:04:21.0073913Z Resolving deltas:  11% (45/402)
2021-06-14T16:04:21.0074518Z Resolving deltas:  12% (49/402)
2021-06-14T16:04:21.0075571Z Resolving deltas:  13% (53/402)
2021-06-14T16:04:21.0076299Z Resolving deltas:  14% (57/402)
2021-06-14T16:04:21.0077074Z Resolving deltas:  15% (61/402)
2021-06-14T16:04:21.0077805Z Resolving deltas:  16% (65/402)
2021-06-14T16:04:21.0078511Z Resolving deltas:  17% (69/402)
2021-06-14T16:04:21.0079228Z Resolving deltas:  18% (73/402)
2021-06-14T16:04:21.0079838Z Resolving deltas:  19% (77/402)
2021-06-14T16:04:21.0080550Z Resolving deltas:  20% (81/402)
2021-06-14T16:04:21.0081173Z Resolving deltas:  21% (85/402)
2021-06-14T16:04:21.0081860Z Resolving deltas:  22% (89/402)
2021-06-14T16:04:21.0082485Z Resolving deltas:  23% (93/402)
2021-06-14T16:04:21.0083137Z Resolving deltas:  24% (97/402)
2021-06-14T16:04:21.0083723Z Resolving deltas:  25% (101/402)
2021-06-14T16:04:21.0084457Z Resolving deltas:  26% (105/402)
2021-06-14T16:04:21.0085187Z Resolving deltas:  27% (109/402)
2021-06-14T16:04:21.0085900Z Resolving deltas:  28% (113/402)
2021-06-14T16:04:21.0087791Z Resolving deltas:  29% (117/402)
2021-06-14T16:04:21.0088564Z Resolving deltas:  30% (122/402)
2021-06-14T16:04:21.0089270Z Resolving deltas:  31% (125/402)
2021-06-14T16:04:21.0090005Z Resolving deltas:  32% (129/402)
2021-06-14T16:04:21.0090725Z Resolving deltas:  33% (133/402)
2021-06-14T16:04:21.0091427Z Resolving deltas:  34% (137/402)
2021-06-14T16:04:21.0092150Z Resolving deltas:  35% (141/402)
2021-06-14T16:04:21.0092916Z Resolving deltas:  36% (145/402)
2021-06-14T16:04:21.0093644Z Resolving deltas:  37% (149/402)
2021-06-14T16:04:21.0094531Z Resolving deltas:  38% (153/402)
2021-06-14T16:04:21.0095296Z Resolving deltas:  39% (157/402)
2021-06-14T16:04:21.0096021Z Resolving deltas:  40% (161/402)
2021-06-14T16:04:21.0096727Z Resolving deltas:  41% (165/402)
2021-06-14T16:04:21.0097452Z Resolving deltas:  42% (169/402)
2021-06-14T16:04:21.0098190Z Resolving deltas:  43% (173/402)
2021-06-14T16:04:21.0101393Z Resolving deltas:  44% (177/402)
2021-06-14T16:04:21.0102155Z Resolving deltas:  45% (181/402)
2021-06-14T16:04:21.0102884Z Resolving deltas:  46% (185/402)
2021-06-14T16:04:21.0103697Z Resolving deltas:  47% (189/402)
2021-06-14T16:04:21.0105111Z Resolving deltas:  48% (193/402)
2021-06-14T16:04:21.0108889Z Resolving deltas:  49% (197/402)
2021-06-14T16:04:21.0109548Z Resolving deltas:  50% (201/402)
2021-06-14T16:04:21.0110119Z Resolving deltas:  51% (206/402)
2021-06-14T16:04:21.0110925Z Resolving deltas:  52% (210/402)
2021-06-14T16:04:21.0111497Z Resolving deltas:  53% (214/402)
2021-06-14T16:04:21.0112120Z Resolving deltas:  54% (218/402)
2021-06-14T16:04:21.0112705Z Resolving deltas:  55% (222/402)
2021-06-14T16:04:21.0113293Z Resolving deltas:  56% (226/402)
2021-06-14T16:04:21.0113862Z Resolving deltas:  57% (230/402)
2021-06-14T16:04:21.0114453Z Resolving deltas:  58% (234/402)
2021-06-14T16:04:21.0115026Z Resolving deltas:  59% (238/402)
2021-06-14T16:04:21.0115750Z Resolving deltas:  60% (242/402)
2021-06-14T16:04:21.0116312Z Resolving deltas:  61% (246/402)
2021-06-14T16:04:21.0117033Z Resolving deltas:  62% (250/402)
2021-06-14T16:04:21.0118079Z Resolving deltas:  63% (254/402)
2021-06-14T16:04:21.0119094Z Resolving deltas:  64% (258/402)
2021-06-14T16:04:21.0120003Z Resolving deltas:  65% (262/402)
2021-06-14T16:04:21.0120738Z Resolving deltas:  66% (266/402)
2021-06-14T16:04:21.0121621Z Resolving deltas:  67% (270/402)
2021-06-14T16:04:21.0122340Z Resolving deltas:  68% (274/402)
2021-06-14T16:04:21.0123071Z Resolving deltas:  69% (278/402)
2021-06-14T16:04:21.0123786Z Resolving deltas:  70% (282/402)
2021-06-14T16:04:21.0124517Z Resolving deltas:  71% (286/402)
2021-06-14T16:04:21.0125246Z Resolving deltas:  72% (290/402)
2021-06-14T16:04:21.0125940Z Resolving deltas:  73% (294/402)
2021-06-14T16:04:21.0126759Z Resolving deltas:  74% (298/402)
2021-06-14T16:04:21.0127410Z Resolving deltas:  75% (302/402)
2021-06-14T16:04:21.0128301Z Resolving deltas:  76% (306/402)
2021-06-14T16:04:21.0129138Z Resolving deltas:  77% (310/402)
2021-06-14T16:04:21.0130195Z Resolving deltas:  78% (314/402)
2021-06-14T16:04:21.0130822Z Resolving deltas:  79% (318/402)
2021-06-14T16:04:21.0131696Z Resolving deltas:  80% (322/402)
2021-06-14T16:04:21.0132600Z Resolving deltas:  81% (326/402)
2021-06-14T16:04:21.0133343Z Resolving deltas:  82% (330/402)
2021-06-14T16:04:21.0134111Z Resolving deltas:  83% (334/402)
2021-06-14T16:04:21.0134831Z Resolving deltas:  84% (338/402)
2021-06-14T16:04:21.0135704Z Resolving deltas:  85% (342/402)
2021-06-14T16:04:21.0136526Z Resolving deltas:  86% (346/402)
2021-06-14T16:04:21.0137351Z Resolving deltas:  87% (350/402)
2021-06-14T16:04:21.0137985Z Resolving deltas:  88% (354/402)
2021-06-14T16:04:21.0138737Z Resolving deltas:  89% (358/402)
2021-06-14T16:04:21.0139457Z Resolving deltas:  90% (362/402)
2021-06-14T16:04:21.0140018Z Resolving deltas:  91% (366/402)
2021-06-14T16:04:21.0140738Z Resolving deltas:  92% (370/402)
2021-06-14T16:04:21.0141600Z Resolving deltas:  93% (374/402)
2021-06-14T16:04:21.0142541Z Resolving deltas:  94% (378/402)
2021-06-14T16:04:21.0143243Z Resolving deltas:  95% (382/402)
2021-06-14T16:04:21.0143958Z Resolving deltas:  96% (386/402)
2021-06-14T16:04:21.0144672Z Resolving deltas:  97% (390/402)
2021-06-14T16:04:21.0145378Z Resolving deltas:  98% (394/402)
2021-06-14T16:04:21.0146089Z Resolving deltas:  99% (398/402)
2021-06-14T16:04:21.0146934Z Resolving deltas: 100% (402/402)
2021-06-14T16:04:21.0147655Z Resolving deltas: 100% (402/402), done.
2021-06-14T16:04:21.0148632Z From https://github.com/con/tinuous
2021-06-14T16:04:21.0149858Z  * [new branch]      gh-55             -> origin/gh-55
2021-06-14T16:04:21.0152116Z  * [new branch]      master            -> origin/master
2021-06-14T16:04:21.0153394Z  * [new branch]      no-extra-search   -> origin/no-extra-search
2021-06-14T16:04:21.0154656Z  * [new branch]      regex-link        -> origin/regex-link
2021-06-14T16:04:21.0156060Z  * [new branch]      test-appveyor     -> origin/test-appveyor
2021-06-14T16:04:21.0157610Z  * [new branch]      test-wkspec-match -> origin/test-wkspec-match
2021-06-14T16:04:21.0158879Z  * [new branch]      timestamp         -> origin/timestamp
2021-06-14T16:04:21.0159694Z  * [new tag]         0.1.0             -> 0.1.0
2021-06-14T16:04:21.0160490Z  * [new tag]         0.2.0             -> 0.2.0
2021-06-14T16:04:21.0161676Z  * [new tag]         0.3.0             -> 0.3.0
2021-06-14T16:04:21.0163326Z [command]/usr/bin/git branch --list --remote origin/master
2021-06-14T16:04:21.0164345Z   origin/master
2021-06-14T16:04:21.0165492Z [command]/usr/bin/git rev-parse refs/remotes/origin/master
2021-06-14T16:04:21.0166723Z 0c65e9619babc62eee46f6341e964bc58dd05d4e
2021-06-14T16:04:21.0167834Z ##[endgroup]
2021-06-14T16:04:21.0168541Z ##[group]Determining the checkout info
2021-06-14T16:04:21.0169240Z ##[endgroup]
2021-06-14T16:04:21.0170068Z ##[group]Checking out the ref
2021-06-14T16:04:21.0171678Z [command]/usr/bin/git checkout --progress --force -B master refs/remotes/origin/master
2021-06-14T16:04:21.0172843Z Reset branch 'master'
2021-06-14T16:04:21.0174029Z Branch 'master' set up to track remote branch 'master' from 'origin'.
2021-06-14T16:04:21.0174922Z ##[endgroup]
2021-06-14T16:04:21.0175881Z [command]/usr/bin/git log -1 --format='%H'
2021-06-14T16:04:21.0177058Z '0c65e9619babc62eee46f6341e964bc58dd05d4e'
2021-06-14T16:04:21.0286501Z ##[group]Run actions/setup-python@v2
2021-06-14T16:04:21.0287294Z with:
2021-06-14T16:04:21.0287819Z   python-version: 3.8
2021-06-14T16:04:21.0288964Z   token: ***
2021-06-14T16:04:21.0289443Z ##[endgroup]
2021-06-14T16:04:21.1166608Z Successfully setup CPython (3.8.10)
2021-06-14T16:04:21.1243147Z ##[group]Run python -m pip install --upgrade pip wheel
2021-06-14T16:04:21.1244144Z [36;1mpython -m pip install --upgrade pip wheel[0m
2021-06-14T16:04:21.1245026Z [36;1mpython -m pip install --upgrade --upgrade-strategy=eager tox[0m
2021-06-14T16:04:21.1299399Z shell: /usr/bin/bash -e {0}
2021-06-14T16:04:21.1299924Z env:
2021-06-14T16:04:21.1300575Z   pythonLocation: /opt/hostedtoolcache/Python/3.8.10/x64
2021-06-14T16:04:21.1301614Z   LD_LIBRARY_PATH: /opt/hostedtoolcache/Python/3.8.10/x64/lib
2021-06-14T16:04:21.1302364Z ##[endgroup]
2021-06-14T16:04:21.8490655Z Requirement already satisfied: pip in /opt/hostedtoolcache/Python/3.8.10/x64/lib/python3.8/site-packages (21.1.2)
2021-06-14T16:04:22.0772834Z Collecting wheel
2021-06-14T16:04:22.1043457Z   Downloading wheel-0.36.2-py2.py3-none-any.whl (35 kB)
2021-06-14T16:04:22.1805989Z Installing collected packages: wheel
2021-06-14T16:04:22.2239281Z Successfully installed wheel-0.36.2
2021-06-14T16:04:23.0519014Z Collecting tox
2021-06-14T16:04:23.0970346Z   Downloading tox-3.23.1-py2.py3-none-any.whl (85 kB)
2021-06-14T16:04:23.1735823Z Collecting pluggy>=0.12.0
2021-06-14T16:04:23.1792529Z   Downloading pluggy-0.13.1-py2.py3-none-any.whl (18 kB)
2021-06-14T16:04:23.4775460Z Collecting virtualenv!=20.0.0,!=20.0.1,!=20.0.2,!=20.0.3,!=20.0.4,!=20.0.5,!=20.0.6,!=20.0.7,>=16.0.0
2021-06-14T16:04:23.4807166Z   Downloading virtualenv-20.4.7-py2.py3-none-any.whl (7.2 MB)
2021-06-14T16:04:23.6867803Z Collecting py>=1.4.17
2021-06-14T16:04:23.6923802Z   Downloading py-1.10.0-py2.py3-none-any.whl (97 kB)
2021-06-14T16:04:23.7340240Z Collecting six>=1.14.0
2021-06-14T16:04:23.7391087Z   Downloading six-1.16.0-py2.py3-none-any.whl (11 kB)
2021-06-14T16:04:23.7767147Z Collecting filelock>=3.0.0
2021-06-14T16:04:23.7881253Z   Downloading filelock-3.0.12-py3-none-any.whl (7.6 kB)
2021-06-14T16:04:23.8576795Z Collecting packaging>=14
2021-06-14T16:04:23.8629679Z   Downloading packaging-20.9-py2.py3-none-any.whl (40 kB)
2021-06-14T16:04:23.9072983Z Collecting toml>=0.9.4
2021-06-14T16:04:23.9131266Z   Downloading toml-0.10.2-py2.py3-none-any.whl (16 kB)
2021-06-14T16:04:24.0151259Z Collecting pyparsing>=2.0.2
2021-06-14T16:04:24.0235896Z   Downloading pyparsing-2.4.7-py2.py3-none-any.whl (67 kB)
2021-06-14T16:04:24.1252614Z Collecting appdirs<2,>=1.4.3
2021-06-14T16:04:24.1301180Z   Downloading appdirs-1.4.4-py2.py3-none-any.whl (9.6 kB)
2021-06-14T16:04:24.1795115Z Collecting distlib<1,>=0.3.1
2021-06-14T16:04:24.1852570Z   Downloading distlib-0.3.2-py2.py3-none-any.whl (338 kB)
2021-06-14T16:04:24.3302013Z Installing collected packages: six, pyparsing, filelock, distlib, appdirs, virtualenv, toml, py, pluggy, packaging, tox
2021-06-14T16:04:25.6317373Z Successfully installed appdirs-1.4.4 distlib-0.3.2 filelock-3.0.12 packaging-20.9 pluggy-0.13.1 py-1.10.0 pyparsing-2.4.7 six-1.16.0 toml-0.10.2 tox-3.23.1 virtualenv-20.4.7
2021-06-14T16:04:25.6508646Z ##[group]Run tox -e typing
2021-06-14T16:04:25.6509316Z [36;1mtox -e typing[0m
2021-06-14T16:04:25.6556987Z shell: /usr/bin/bash -e {0}
2021-06-14T16:04:25.6557428Z env:
2021-06-14T16:04:25.6558109Z   pythonLocation: /opt/hostedtoolcache/Python/3.8.10/x64
2021-06-14T16:04:25.6558910Z   LD_LIBRARY_PATH: /opt/hostedtoolcache/Python/3.8.10/x64/lib
2021-06-14T16:04:25.6561365Z ##[endgroup]
2021-06-14T16:04:25.9073039Z .package create: /home/runner/work/tinuous/tinuous/.tox/.package
2021-06-14T16:04:26.7547905Z .package installdeps: setuptools >= 46.4.0, wheel ~= 0.32
2021-06-14T16:04:31.2304334Z typing create: /home/runner/work/tinuous/tinuous/.tox/typing
2021-06-14T16:04:31.5709880Z typing installdeps: mypy~=0.900, types-python-dateutil, types-PyYAML, types-requests, pytest~=6.0, pytest-cov~=2.0, pytest-mock~=3.0
2021-06-14T16:04:38.3595912Z typing inst: /home/runner/work/tinuous/tinuous/.tox/.tmp/package/1/tinuous-0.3.0+19.g0c65e96.tar.gz
2021-06-14T16:04:50.6396441Z typing installed: attrs==21.2.0,certifi==2021.5.30,cffi==1.14.5,chardet==4.0.0,click==8.0.1,click-loglevel==0.4.0.post1,coverage==5.5,Deprecated==1.2.12,idna==2.10,in-place==0.5.0,iniconfig==1.1.1,mypy==0.902,mypy-extensions==0.4.3,packaging==20.9,pluggy==0.13.1,py==1.10.0,pycparser==2.20,pydantic==1.8.2,PyGithub==1.55,PyJWT==2.1.0,PyNaCl==1.4.0,pyparsing==2.4.7,pytest==6.2.4,pytest-cov==2.12.1,pytest-mock==3.6.1,python-dateutil==2.8.1,python-dotenv==0.17.1,PyYAML==5.4.1,requests==2.25.1,six==1.16.0,tinuous @ file:///home/runner/work/tinuous/tinuous/.tox/.tmp/package/1/tinuous-0.3.0%2B19.g0c65e96.tar.gz,toml==0.10.2,types-python-dateutil==0.1.3,types-PyYAML==0.1.9,types-requests==0.1.11,typing-extensions==3.10.0.0,urllib3==1.26.5,wrapt==1.12.1
2021-06-14T16:04:50.6418110Z typing run-test-pre: PYTHONHASHSEED='227260124'
2021-06-14T16:04:50.6419652Z typing run-test: commands[0] | mypy src test
2021-06-14T16:05:02.8074392Z Success: no issues found in 12 source files
2021-06-14T16:05:03.6338310Z ___________________________________ summary ____________________________________
2021-06-14T16:05:03.6338936Z   typing: commands succeeded
2021-06-14T16:05:03.6339463Z   congratulations :)
2021-06-14T16:05:03.6722893Z Post job cleanup.
2021-06-14T16:05:03.8196444Z [command]/usr/bin/git version
2021-06-14T16:05:03.8252496Z git version 2.31.1
2021-06-14T16:05:03.8302527Z [command]/usr/bin/git config --local --name-only --get-regexp core\.sshCommand
2021-06-14T16:05:03.8355290Z [command]/usr/bin/git submodule foreach --recursive git config --local --name-only --get-regexp 'core\.sshCommand' && git config --local --unset-all 'core.sshCommand' || :
2021-06-14T16:05:03.8649919Z [command]/usr/bin/git config --local --name-only --get-regexp http\.https\:\/\/github\.com\/\.extraheader
2021-06-14T16:05:03.8677198Z http.https://github.com/.extraheader
2021-06-14T16:05:03.8689740Z [command]/usr/bin/git config --local --unset-all http.https://github.com/.extraheader
2021-06-14T16:05:03.8733424Z [command]/usr/bin/git submodule foreach --recursive git config --local --name-only --get-regexp 'http\.https\:\/\/github\.com\/\.extraheader' && git config --local --unset-all 'http.https://github.com/.extraheader' || :
2021-06-14T16:05:03.9114835Z Cleaning up orphan processes
