2021-02-19T19:44:01.4305041Z ##[section]Starting: Request a runner to run this job
2021-02-19T19:44:02.4806758Z Can't find any online and idle self-hosted runner in current repository that matches the required labels: 'ubuntu-latest'
2021-02-19T19:44:02.4806860Z Can't find any online and idle self-hosted runner in current repository's account/organization that matches the required labels: 'ubuntu-latest'
2021-02-19T19:44:02.4807239Z Found online and idle hosted runner in current repository's account/organization that matches the required labels: 'ubuntu-latest'
2021-02-19T19:44:02.7184850Z ##[section]Finishing: Request a runner to run this job
2021-02-19T19:44:10.1770274Z Current runner version: '2.277.1'
2021-02-19T19:44:10.1797489Z ##[group]Operating System
2021-02-19T19:44:10.1798551Z Ubuntu
2021-02-19T19:44:10.1798993Z 20.04.2
2021-02-19T19:44:10.1799365Z LTS
2021-02-19T19:44:10.1799828Z ##[endgroup]
2021-02-19T19:44:10.1800372Z ##[group]Virtual Environment
2021-02-19T19:44:10.1800947Z Environment: ubuntu-20.04
2021-02-19T19:44:10.1801655Z Version: 20210216.1
2021-02-19T19:44:10.1802542Z Included Software: https://github.com/actions/virtual-environments/blob/ubuntu20/20210216.1/images/linux/Ubuntu2004-README.md
2021-02-19T19:44:10.1803482Z ##[endgroup]
2021-02-19T19:44:10.1806124Z ##[group]GITHUB_TOKEN Permissions
2021-02-19T19:44:10.1807976Z Actions: write
2021-02-19T19:44:10.1808483Z Checks: write
2021-02-19T19:44:10.1809026Z Contents: write
2021-02-19T19:44:10.1809741Z Deployments: write
2021-02-19T19:44:10.1810530Z Issues: write
2021-02-19T19:44:10.1810992Z Metadata: read
2021-02-19T19:44:10.1811774Z OrganizationPackages: write
2021-02-19T19:44:10.1812710Z Packages: write
2021-02-19T19:44:10.1813517Z PullRequests: write
2021-02-19T19:44:10.1814402Z RepositoryProjects: write
2021-02-19T19:44:10.1815172Z SecurityEvents: write
2021-02-19T19:44:10.1815679Z Statuses: write
2021-02-19T19:44:10.1816635Z ##[endgroup]
2021-02-19T19:44:10.1819707Z Prepare workflow directory
2021-02-19T19:44:10.2468561Z Prepare all required actions
2021-02-19T19:44:10.2477920Z Getting action download info
2021-02-19T19:44:10.5080412Z Download action repository 'actions/checkout@v2'
2021-02-19T19:44:12.6582103Z Download action repository 'actions/setup-python@v2'
2021-02-19T19:44:13.1684326Z ##[group]Run actions/checkout@v2
2021-02-19T19:44:13.1685028Z with:
2021-02-19T19:44:13.1685417Z   repository: con/tinuous
2021-02-19T19:44:13.1686159Z   token: ***
2021-02-19T19:44:13.1686551Z   ssh-strict: true
2021-02-19T19:44:13.1687063Z   persist-credentials: true
2021-02-19T19:44:13.1687502Z   clean: true
2021-02-19T19:44:13.1687902Z   fetch-depth: 1
2021-02-19T19:44:13.1688305Z   lfs: false
2021-02-19T19:44:13.1688720Z   submodules: false
2021-02-19T19:44:13.1689144Z ##[endgroup]
2021-02-19T19:44:13.5899076Z Syncing repository: con/tinuous
2021-02-19T19:44:13.5902781Z ##[group]Getting Git version info
2021-02-19T19:44:13.5904810Z Working directory is '/home/runner/work/tinuous/tinuous'
2021-02-19T19:44:13.5935058Z [command]/usr/bin/git version
2021-02-19T19:44:13.6080437Z git version 2.30.0
2021-02-19T19:44:13.6107731Z ##[endgroup]
2021-02-19T19:44:13.6115940Z Deleting the contents of '/home/runner/work/tinuous/tinuous'
2021-02-19T19:44:13.6122964Z ##[group]Initializing the repository
2021-02-19T19:44:13.6127433Z [command]/usr/bin/git init /home/runner/work/tinuous/tinuous
2021-02-19T19:44:13.6210290Z hint: Using 'master' as the name for the initial branch. This default branch name
2021-02-19T19:44:13.6211210Z hint: is subject to change. To configure the initial branch name to use in all
2021-02-19T19:44:13.6212632Z hint: of your new repositories, which will suppress this warning, call:
2021-02-19T19:44:13.6213390Z hint: 
2021-02-19T19:44:13.6214665Z hint: 	git config --global init.defaultBranch <name>
2021-02-19T19:44:13.6215361Z hint: 
2021-02-19T19:44:13.6216382Z hint: Names commonly chosen instead of 'master' are 'main', 'trunk' and
2021-02-19T19:44:13.6217735Z hint: 'development'. The just-created branch can be renamed via this command:
2021-02-19T19:44:13.6218411Z hint: 
2021-02-19T19:44:13.6219116Z hint: 	git branch -m <name>
2021-02-19T19:44:14.1825372Z Initialized empty Git repository in /home/runner/work/tinuous/tinuous/.git/
2021-02-19T19:44:14.1826359Z [command]/usr/bin/git remote add origin https://github.com/con/tinuous
2021-02-19T19:44:14.1827078Z ##[endgroup]
2021-02-19T19:44:14.1827649Z ##[group]Disabling automatic garbage collection
2021-02-19T19:44:14.1828911Z [command]/usr/bin/git config --local gc.auto 0
2021-02-19T19:44:14.1829448Z ##[endgroup]
2021-02-19T19:44:14.1831230Z ##[group]Setting up auth
2021-02-19T19:44:14.1832214Z [command]/usr/bin/git config --local --name-only --get-regexp core\.sshCommand
2021-02-19T19:44:14.1834097Z [command]/usr/bin/git submodule foreach --recursive git config --local --name-only --get-regexp 'core\.sshCommand' && git config --local --unset-all 'core.sshCommand' || :
2021-02-19T19:44:14.1835681Z [command]/usr/bin/git config --local --name-only --get-regexp http\.https\:\/\/github\.com\/\.extraheader
2021-02-19T19:44:14.1837635Z [command]/usr/bin/git submodule foreach --recursive git config --local --name-only --get-regexp 'http\.https\:\/\/github\.com\/\.extraheader' && git config --local --unset-all 'http.https://github.com/.extraheader' || :
2021-02-19T19:44:14.1839612Z [command]/usr/bin/git config --local http.https://github.com/.extraheader AUTHORIZATION: basic ***
2021-02-19T19:44:14.1840477Z ##[endgroup]
2021-02-19T19:44:14.1840979Z ##[group]Fetching the repository
2021-02-19T19:44:14.1842566Z [command]/usr/bin/git -c protocol.version=2 fetch --no-tags --prune --progress --no-recurse-submodules --depth=1 origin +19d56ff1550a54808194bc3548dd4f4599cff717:refs/remotes/pull/17/merge
2021-02-19T19:44:14.1843870Z remote: Enumerating objects: 12, done.        
2021-02-19T19:44:14.1844446Z remote: Counting objects:   8% (1/12)        
2021-02-19T19:44:14.1844988Z remote: Counting objects:  16% (2/12)        
2021-02-19T19:44:14.1845515Z remote: Counting objects:  25% (3/12)        
2021-02-19T19:44:14.1846055Z remote: Counting objects:  33% (4/12)        
2021-02-19T19:44:14.1846578Z remote: Counting objects:  41% (5/12)        
2021-02-19T19:44:14.1847125Z remote: Counting objects:  50% (6/12)        
2021-02-19T19:44:14.1847822Z remote: Counting objects:  58% (7/12)        
2021-02-19T19:44:14.1848378Z remote: Counting objects:  66% (8/12)        
2021-02-19T19:44:14.1848916Z remote: Counting objects:  75% (9/12)        
2021-02-19T19:44:14.1849440Z remote: Counting objects:  83% (10/12)        
2021-02-19T19:44:14.1849975Z remote: Counting objects:  91% (11/12)        
2021-02-19T19:44:14.1850511Z remote: Counting objects: 100% (12/12)        
2021-02-19T19:44:14.1851084Z remote: Counting objects: 100% (12/12), done.        
2021-02-19T19:44:14.1851664Z remote: Compressing objects:  10% (1/10)        
2021-02-19T19:44:14.1852257Z remote: Compressing objects:  20% (2/10)        
2021-02-19T19:44:14.1852838Z remote: Compressing objects:  30% (3/10)        
2021-02-19T19:44:14.1853417Z remote: Compressing objects:  40% (4/10)        
2021-02-19T19:44:14.1854386Z remote: Compressing objects:  50% (5/10)        
2021-02-19T19:44:14.1854970Z remote: Compressing objects:  60% (6/10)        
2021-02-19T19:44:14.1855563Z remote: Compressing objects:  70% (7/10)        
2021-02-19T19:44:14.1856137Z remote: Compressing objects:  80% (8/10)        
2021-02-19T19:44:14.1856719Z remote: Compressing objects:  90% (9/10)        
2021-02-19T19:44:14.1857309Z remote: Compressing objects: 100% (10/10)        
2021-02-19T19:44:14.1857924Z remote: Compressing objects: 100% (10/10), done.        
2021-02-19T19:44:14.1858887Z remote: Total 12 (delta 0), reused 7 (delta 0), pack-reused 0        
2021-02-19T19:44:14.1859605Z From https://github.com/con/tinuous
2021-02-19T19:44:14.1860574Z  * [new ref]         19d56ff1550a54808194bc3548dd4f4599cff717 -> pull/17/merge
2021-02-19T19:44:14.1861257Z ##[endgroup]
2021-02-19T19:44:14.1861771Z ##[group]Determining the checkout info
2021-02-19T19:44:14.1862270Z ##[endgroup]
2021-02-19T19:44:14.1862731Z ##[group]Checking out the ref
2021-02-19T19:44:14.1863626Z [command]/usr/bin/git checkout --progress --force refs/remotes/pull/17/merge
2021-02-19T19:44:14.1864560Z Note: switching to 'refs/remotes/pull/17/merge'.
2021-02-19T19:44:14.1864981Z 
2021-02-19T19:44:14.1865750Z You are in 'detached HEAD' state. You can look around, make experimental
2021-02-19T19:44:14.1866572Z changes and commit them, and you can discard any commits you make in this
2021-02-19T19:44:14.1867377Z state without impacting any branches by switching back to a branch.
2021-02-19T19:44:14.1867853Z 
2021-02-19T19:44:14.1868384Z If you want to create a new branch to retain commits you create, you may
2021-02-19T19:44:14.1869562Z do so (now or later) by using -c with the switch command. Example:
2021-02-19T19:44:14.1869997Z 
2021-02-19T19:44:14.1870594Z   git switch -c <new-branch-name>
2021-02-19T19:44:14.1870947Z 
2021-02-19T19:44:14.1871355Z Or undo this operation with:
2021-02-19T19:44:14.1871681Z 
2021-02-19T19:44:14.1872149Z   git switch -
2021-02-19T19:44:14.1872421Z 
2021-02-19T19:44:14.1873062Z Turn off this advice by setting config variable advice.detachedHead to false
2021-02-19T19:44:14.1873624Z 
2021-02-19T19:44:14.1874529Z HEAD is now at 19d56ff Merge d17793dea8027cec6b4602cca4266f68aa02c9ba into b90957ed3e3c3c98af909b87a2835eba6c335aa6
2021-02-19T19:44:14.1875511Z ##[endgroup]
2021-02-19T19:44:14.1876165Z [command]/usr/bin/git log -1 --format='%H'
2021-02-19T19:44:14.1876965Z '19d56ff1550a54808194bc3548dd4f4599cff717'
2021-02-19T19:44:14.2024613Z ##[group]Run actions/setup-python@v2
2021-02-19T19:44:14.2025154Z with:
2021-02-19T19:44:14.2025554Z   python-version: 3.8
2021-02-19T19:44:14.2026345Z   token: ***
2021-02-19T19:44:14.2026723Z ##[endgroup]
2021-02-19T19:44:14.2884551Z Successfully setup CPython (3.8.7)
2021-02-19T19:44:14.2953490Z ##[group]Run python -m pip install --upgrade pip wheel
2021-02-19T19:44:14.2954308Z [36;1mpython -m pip install --upgrade pip wheel[0m
2021-02-19T19:44:14.2954986Z [36;1mpython -m pip install -r requirements.txt[0m
2021-02-19T19:44:14.3001499Z shell: /usr/bin/bash -e {0}
2021-02-19T19:44:14.3001909Z env:
2021-02-19T19:44:14.3002471Z   pythonLocation: /opt/hostedtoolcache/Python/3.8.7/x64
2021-02-19T19:44:14.3003260Z   LD_LIBRARY_PATH: /opt/hostedtoolcache/Python/3.8.7/x64/lib
2021-02-19T19:44:14.3003829Z ##[endgroup]
2021-02-19T19:44:14.9030773Z Requirement already satisfied: pip in /opt/hostedtoolcache/Python/3.8.7/x64/lib/python3.8/site-packages (21.0.1)
2021-02-19T19:44:15.3576298Z Collecting wheel
2021-02-19T19:44:15.4450183Z   Downloading wheel-0.36.2-py2.py3-none-any.whl (35 kB)
2021-02-19T19:44:15.4908196Z Installing collected packages: wheel
2021-02-19T19:44:15.5389177Z Successfully installed wheel-0.36.2
2021-02-19T19:44:16.3770595Z Collecting click~=7.0
2021-02-19T19:44:16.4808093Z   Downloading click-7.1.2-py2.py3-none-any.whl (82 kB)
2021-02-19T19:44:16.5539962Z Collecting click-loglevel~=0.2
2021-02-19T19:44:16.5732733Z   Downloading click_loglevel-0.3.0-py3-none-any.whl (5.0 kB)
2021-02-19T19:44:16.7790886Z Collecting pydantic~=1.7
2021-02-19T19:44:16.7970507Z   Downloading pydantic-1.7.3-cp38-cp38-manylinux2014_x86_64.whl (12.2 MB)
2021-02-19T19:44:17.3753111Z Collecting PyGithub~=1.53
2021-02-19T19:44:17.3940717Z   Downloading PyGithub-1.54.1-py3-none-any.whl (289 kB)
2021-02-19T19:44:17.4777975Z Collecting python-dateutil~=2.7
2021-02-19T19:44:17.4977796Z   Downloading python_dateutil-2.8.1-py2.py3-none-any.whl (227 kB)
2021-02-19T19:44:17.6396383Z Collecting PyYAML~=5.0
2021-02-19T19:44:17.6604789Z   Downloading PyYAML-5.4.1-cp38-cp38-manylinux1_x86_64.whl (662 kB)
2021-02-19T19:44:17.7940104Z Collecting requests~=2.20
2021-02-19T19:44:17.8123364Z   Downloading requests-2.25.1-py2.py3-none-any.whl (61 kB)
2021-02-19T19:44:18.6575721Z Collecting deprecated
2021-02-19T19:44:18.6656480Z   Downloading Deprecated-1.2.11-py2.py3-none-any.whl (9.1 kB)
2021-02-19T19:44:18.6658996Z Collecting pyjwt<2.0
2021-02-19T19:44:18.6660288Z   Downloading PyJWT-1.7.1-py2.py3-none-any.whl (18 kB)
2021-02-19T19:44:18.6661139Z Collecting six>=1.5
2021-02-19T19:44:18.6661925Z   Downloading six-1.15.0-py2.py3-none-any.whl (10 kB)
2021-02-19T19:44:18.6662578Z Collecting idna<3,>=2.5
2021-02-19T19:44:18.6663544Z   Downloading idna-2.10-py2.py3-none-any.whl (58 kB)
2021-02-19T19:44:18.6664234Z Collecting urllib3<1.27,>=1.21.1
2021-02-19T19:44:18.6665084Z   Downloading urllib3-1.26.3-py2.py3-none-any.whl (137 kB)
2021-02-19T19:44:18.6665796Z Collecting certifi>=2017.4.17
2021-02-19T19:44:18.6666631Z   Downloading certifi-2020.12.5-py2.py3-none-any.whl (147 kB)
2021-02-19T19:44:18.7033405Z Collecting chardet<5,>=3.0.2
2021-02-19T19:44:18.7221785Z   Downloading chardet-4.0.0-py2.py3-none-any.whl (178 kB)
2021-02-19T19:44:18.8459931Z Collecting wrapt<2,>=1.10
2021-02-19T19:44:18.8645283Z   Downloading wrapt-1.12.1.tar.gz (27 kB)
2021-02-19T19:44:19.3248604Z Building wheels for collected packages: wrapt
2021-02-19T19:44:19.3256641Z   Building wheel for wrapt (setup.py): started
2021-02-19T19:44:20.7774319Z   Building wheel for wrapt (setup.py): finished with status 'done'
2021-02-19T19:44:20.7807106Z   Created wheel for wrapt: filename=wrapt-1.12.1-cp38-cp38-linux_x86_64.whl size=81796 sha256=d7cbd840d7a604d98fc1c2cd5776b38ad0c6103b54292092fe058cb39ffb45fe
2021-02-19T19:44:20.7809260Z   Stored in directory: /home/runner/.cache/pip/wheels/5f/fd/9e/b6cf5890494cb8ef0b5eaff72e5d55a70fb56316007d6dfe73
2021-02-19T19:44:20.7810385Z Successfully built wrapt
2021-02-19T19:44:20.8724644Z Installing collected packages: wrapt, urllib3, idna, chardet, certifi, six, requests, pyjwt, deprecated, click, PyYAML, python-dateutil, PyGithub, pydantic, click-loglevel
2021-02-19T19:44:22.3039156Z Successfully installed PyGithub-1.54.1 PyYAML-5.4.1 certifi-2020.12.5 chardet-4.0.0 click-7.1.2 click-loglevel-0.3.0 deprecated-1.2.11 idna-2.10 pydantic-1.7.3 pyjwt-1.7.1 python-dateutil-2.8.1 requests-2.25.1 six-1.15.0 urllib3-1.26.3 wrapt-1.12.1
2021-02-19T19:44:22.3694316Z ##[group]Run python tinuous --help
2021-02-19T19:44:22.3694824Z [36;1mpython tinuous --help[0m
2021-02-19T19:44:22.3730270Z shell: /usr/bin/bash -e {0}
2021-02-19T19:44:22.3730753Z env:
2021-02-19T19:44:22.3731165Z   pythonLocation: /opt/hostedtoolcache/Python/3.8.7/x64
2021-02-19T19:44:22.3731745Z   LD_LIBRARY_PATH: /opt/hostedtoolcache/Python/3.8.7/x64/lib
2021-02-19T19:44:22.3732164Z ##[endgroup]
2021-02-19T19:44:22.6199575Z Usage: tinuous [OPTIONS]
2021-02-19T19:44:22.6200155Z 
2021-02-19T19:44:22.6200794Z Options:
2021-02-19T19:44:22.6201791Z   -c, --config FILE               Read configuration from the given file
2021-02-19T19:44:22.6202576Z                                   [default: config.yml]
2021-02-19T19:44:22.6202991Z 
2021-02-19T19:44:22.6203647Z   -l, --log-level [NOTSET|DEBUG|INFO|WARNING|ERROR|CRITICAL]
2021-02-19T19:44:22.6204161Z                                   Set logging level  [default: INFO]
2021-02-19T19:44:22.6204878Z   -S, --state FILE                Store program state in the given file
2021-02-19T19:44:22.6205373Z                                   [default: .dlstate.json]
2021-02-19T19:44:22.6205633Z 
2021-02-19T19:44:22.6206100Z   --help                          Show this message and exit.
2021-02-19T19:44:22.6506229Z ##[group]Run python -m pip install mypy
2021-02-19T19:44:22.6506761Z [36;1mpython -m pip install mypy[0m
2021-02-19T19:44:22.6543218Z shell: /usr/bin/bash -e {0}
2021-02-19T19:44:22.6543555Z env:
2021-02-19T19:44:22.6544035Z   pythonLocation: /opt/hostedtoolcache/Python/3.8.7/x64
2021-02-19T19:44:22.6544647Z   LD_LIBRARY_PATH: /opt/hostedtoolcache/Python/3.8.7/x64/lib
2021-02-19T19:44:22.6545130Z ##[endgroup]
2021-02-19T19:44:23.2486088Z Collecting mypy
2021-02-19T19:44:23.3077955Z   Downloading mypy-0.812-cp38-cp38-manylinux2010_x86_64.whl (22.5 MB)
2021-02-19T19:44:24.4443059Z Collecting typing-extensions>=3.7.4
2021-02-19T19:44:24.4591699Z   Downloading typing_extensions-3.7.4.3-py3-none-any.whl (22 kB)
2021-02-19T19:44:24.5912987Z Collecting typed-ast<1.5.0,>=1.4.0
2021-02-19T19:44:24.6086172Z   Downloading typed_ast-1.4.2-cp38-cp38-manylinux1_x86_64.whl (774 kB)
2021-02-19T19:44:24.6657800Z Collecting mypy-extensions<0.5.0,>=0.4.3
2021-02-19T19:44:24.6800565Z   Downloading mypy_extensions-0.4.3-py2.py3-none-any.whl (4.5 kB)
2021-02-19T19:44:24.8203001Z Installing collected packages: typing-extensions, typed-ast, mypy-extensions, mypy
2021-02-19T19:44:26.4898506Z Successfully installed mypy-0.812 mypy-extensions-0.4.3 typed-ast-1.4.2 typing-extensions-3.7.4.3
2021-02-19T19:44:26.5515056Z ##[group]Run mypy tinuous
2021-02-19T19:44:26.5515513Z [36;1mmypy tinuous[0m
2021-02-19T19:44:26.5556244Z shell: /usr/bin/bash -e {0}
2021-02-19T19:44:26.5556589Z env:
2021-02-19T19:44:26.5557060Z   pythonLocation: /opt/hostedtoolcache/Python/3.8.7/x64
2021-02-19T19:44:26.5557838Z   LD_LIBRARY_PATH: /opt/hostedtoolcache/Python/3.8.7/x64/lib
2021-02-19T19:44:26.5558312Z ##[endgroup]
2021-02-19T19:44:31.4285067Z Success: no issues found in 1 source file
2021-02-19T19:44:31.7233872Z Post job cleanup.
2021-02-19T19:44:31.8190753Z [command]/usr/bin/git version
2021-02-19T19:44:31.8236100Z git version 2.30.0
2021-02-19T19:44:31.8276216Z [command]/usr/bin/git config --local --name-only --get-regexp core\.sshCommand
2021-02-19T19:44:31.8312458Z [command]/usr/bin/git submodule foreach --recursive git config --local --name-only --get-regexp 'core\.sshCommand' && git config --local --unset-all 'core.sshCommand' || :
2021-02-19T19:44:31.8554705Z [command]/usr/bin/git config --local --name-only --get-regexp http\.https\:\/\/github\.com\/\.extraheader
2021-02-19T19:44:31.8582571Z http.https://github.com/.extraheader
2021-02-19T19:44:31.8592831Z [command]/usr/bin/git config --local --unset-all http.https://github.com/.extraheader
2021-02-19T19:44:31.8627554Z [command]/usr/bin/git submodule foreach --recursive git config --local --name-only --get-regexp 'http\.https\:\/\/github\.com\/\.extraheader' && git config --local --unset-all 'http.https://github.com/.extraheader' || :
2021-02-19T19:44:31.8931175Z Cleaning up orphan processes
