2025-09-08T16:09:10.9826027Z Current runner version: '2.328.0'
2025-09-08T16:09:10.9847846Z ##[group]Runner Image Provisioner
2025-09-08T16:09:10.9848662Z Hosted Compute Agent
2025-09-08T16:09:10.9849321Z Version: 20250829.383
2025-09-08T16:09:10.9849922Z Commit: 27cb235aab5b0e52e153a26cd86b4742e89dac5d
2025-09-08T16:09:10.9850671Z Build Date: 2025-08-29T13:48:48Z
2025-09-08T16:09:10.9851408Z ##[endgroup]
2025-09-08T16:09:10.9852065Z ##[group]Operating System
2025-09-08T16:09:10.9852640Z Ubuntu
2025-09-08T16:09:10.9853062Z 24.04.3
2025-09-08T16:09:10.9853603Z LTS
2025-09-08T16:09:10.9854063Z ##[endgroup]
2025-09-08T16:09:10.9854546Z ##[group]Runner Image
2025-09-08T16:09:10.9855172Z Image: ubuntu-24.04
2025-09-08T16:09:10.9855648Z Version: 20250831.1.0
2025-09-08T16:09:10.9856643Z Included Software: https://github.com/actions/runner-images/blob/ubuntu24/20250831.1/images/ubuntu/Ubuntu2404-Readme.md
2025-09-08T16:09:10.9858230Z Image Release: https://github.com/actions/runner-images/releases/tag/ubuntu24%2F20250831.1
2025-09-08T16:09:10.9859271Z ##[endgroup]
2025-09-08T16:09:10.9862035Z ##[group]GITHUB_TOKEN Permissions
2025-09-08T16:09:10.9863939Z Actions: read
2025-09-08T16:09:10.9864665Z Attestations: read
2025-09-08T16:09:10.9865163Z Checks: read
2025-09-08T16:09:10.9865641Z Contents: read
2025-09-08T16:09:10.9866202Z Deployments: read
2025-09-08T16:09:10.9866726Z Discussions: read
2025-09-08T16:09:10.9867223Z Issues: read
2025-09-08T16:09:10.9867750Z Metadata: read
2025-09-08T16:09:10.9868268Z Models: read
2025-09-08T16:09:10.9868728Z Packages: read
2025-09-08T16:09:10.9869299Z Pages: read
2025-09-08T16:09:10.9869793Z PullRequests: read
2025-09-08T16:09:10.9870298Z RepositoryProjects: read
2025-09-08T16:09:10.9870956Z SecurityEvents: read
2025-09-08T16:09:10.9872049Z Statuses: read
2025-09-08T16:09:10.9872545Z ##[endgroup]
2025-09-08T16:09:10.9874616Z Secret source: Dependabot
2025-09-08T16:09:10.9875303Z Prepare workflow directory
2025-09-08T16:09:11.0192207Z Prepare all required actions
2025-09-08T16:09:11.0228755Z Getting action download info
2025-09-08T16:09:11.5449293Z Download action repository 'actions/checkout@v4' (SHA:08eba0b27e820071cde6df949e0beb9ba4906955)
2025-09-08T16:09:11.6250921Z Download action repository 'actions/setup-python@v6' (SHA:e797f83bcb11b83ae66e0230d6156d7c80228e7c)
2025-09-08T16:09:12.2588785Z Download action repository 'codecov/codecov-action@v5' (SHA:5a1091511ad55cbe89839c7260b706298ca349f7)
2025-09-08T16:09:12.7962616Z Getting action download info
2025-09-08T16:09:13.0106853Z Download action repository 'actions/github-script@60a0d83039c74a4aee543508d2ffcb1c3799cdea' (SHA:60a0d83039c74a4aee543508d2ffcb1c3799cdea)
2025-09-08T16:09:13.5530877Z Complete job name: test (pypy-3.9, py)
2025-09-08T16:09:13.6188532Z ##[group]Run actions/checkout@v4
2025-09-08T16:09:13.6189351Z with:
2025-09-08T16:09:13.6189676Z   fetch-depth: 0
2025-09-08T16:09:13.6190024Z   repository: con/tinuous
2025-09-08T16:09:13.6190601Z   token: ***
2025-09-08T16:09:13.6190959Z   ssh-strict: true
2025-09-08T16:09:13.6191481Z   ssh-user: git
2025-09-08T16:09:13.6191802Z   persist-credentials: true
2025-09-08T16:09:13.6192263Z   clean: true
2025-09-08T16:09:13.6192613Z   sparse-checkout-cone-mode: true
2025-09-08T16:09:13.6192948Z   fetch-tags: false
2025-09-08T16:09:13.6193397Z   show-progress: true
2025-09-08T16:09:13.6193728Z   lfs: false
2025-09-08T16:09:13.6193990Z   submodules: false
2025-09-08T16:09:13.6194395Z   set-safe-directory: true
2025-09-08T16:09:13.6195008Z ##[endgroup]
2025-09-08T16:09:13.7263238Z Syncing repository: con/tinuous
2025-09-08T16:09:13.7265627Z ##[group]Getting Git version info
2025-09-08T16:09:13.7266193Z Working directory is '/home/runner/work/tinuous/tinuous'
2025-09-08T16:09:13.7267357Z [command]/usr/bin/git version
2025-09-08T16:09:13.7321614Z git version 2.51.0
2025-09-08T16:09:13.7347502Z ##[endgroup]
2025-09-08T16:09:13.7361274Z Temporarily overriding HOME='/home/runner/work/_temp/797057a9-0cac-48e6-b9da-7baad0885459' before making global git config changes
2025-09-08T16:09:13.7362273Z Adding repository directory to the temporary git global config as a safe directory
2025-09-08T16:09:13.7366631Z [command]/usr/bin/git config --global --add safe.directory /home/runner/work/tinuous/tinuous
2025-09-08T16:09:13.7404299Z Deleting the contents of '/home/runner/work/tinuous/tinuous'
2025-09-08T16:09:13.7407920Z ##[group]Initializing the repository
2025-09-08T16:09:13.7411513Z [command]/usr/bin/git init /home/runner/work/tinuous/tinuous
2025-09-08T16:09:13.7486929Z hint: Using 'master' as the name for the initial branch. This default branch name
2025-09-08T16:09:13.7488049Z hint: is subject to change. To configure the initial branch name to use in all
2025-09-08T16:09:13.7488710Z hint: of your new repositories, which will suppress this warning, call:
2025-09-08T16:09:13.7489134Z hint:
2025-09-08T16:09:13.7489683Z hint: 	git config --global init.defaultBranch <name>
2025-09-08T16:09:13.7490348Z hint:
2025-09-08T16:09:13.7491005Z hint: Names commonly chosen instead of 'master' are 'main', 'trunk' and
2025-09-08T16:09:13.7492032Z hint: 'development'. The just-created branch can be renamed via this command:
2025-09-08T16:09:13.7492488Z hint:
2025-09-08T16:09:13.7492794Z hint: 	git branch -m <name>
2025-09-08T16:09:13.7493257Z hint:
2025-09-08T16:09:13.7493683Z hint: Disable this message with "git config set advice.defaultBranchName false"
2025-09-08T16:09:13.7494326Z Initialized empty Git repository in /home/runner/work/tinuous/tinuous/.git/
2025-09-08T16:09:13.7501963Z [command]/usr/bin/git remote add origin https://github.com/con/tinuous
2025-09-08T16:09:13.7537229Z ##[endgroup]
2025-09-08T16:09:13.7538327Z ##[group]Disabling automatic garbage collection
2025-09-08T16:09:13.7541924Z [command]/usr/bin/git config --local gc.auto 0
2025-09-08T16:09:13.7570280Z ##[endgroup]
2025-09-08T16:09:13.7571512Z ##[group]Setting up auth
2025-09-08T16:09:13.7577840Z [command]/usr/bin/git config --local --name-only --get-regexp core\.sshCommand
2025-09-08T16:09:13.7607718Z [command]/usr/bin/git submodule foreach --recursive sh -c "git config --local --name-only --get-regexp 'core\.sshCommand' && git config --local --unset-all 'core.sshCommand' || :"
2025-09-08T16:09:13.7899122Z [command]/usr/bin/git config --local --name-only --get-regexp http\.https\:\/\/github\.com\/\.extraheader
2025-09-08T16:09:13.7930672Z [command]/usr/bin/git submodule foreach --recursive sh -c "git config --local --name-only --get-regexp 'http\.https\:\/\/github\.com\/\.extraheader' && git config --local --unset-all 'http.https://github.com/.extraheader' || :"
2025-09-08T16:09:13.8145936Z [command]/usr/bin/git config --local http.https://github.com/.extraheader AUTHORIZATION: basic ***
2025-09-08T16:09:13.8179354Z ##[endgroup]
2025-09-08T16:09:13.8180697Z ##[group]Fetching the repository
2025-09-08T16:09:13.8189180Z [command]/usr/bin/git -c protocol.version=2 fetch --prune --no-recurse-submodules origin +refs/heads/*:refs/remotes/origin/* +refs/tags/*:refs/tags/* +866c3ee86edf288168e3f9319b4d9e2675b163b8:refs/remotes/pull/218/merge
2025-09-08T16:09:14.4905294Z From https://github.com/con/tinuous
2025-09-08T16:09:14.4906177Z  * [new branch]      bf-circleci                              -> origin/bf-circleci
2025-09-08T16:09:14.4907343Z  * [new branch]      dependabot/github_actions/actions/checkout-5 -> origin/dependabot/github_actions/actions/checkout-5
2025-09-08T16:09:14.4909171Z  * [new branch]      dependabot/github_actions/actions/setup-python-6 -> origin/dependabot/github_actions/actions/setup-python-6
2025-09-08T16:09:14.4910302Z  * [new branch]      gh-55                                    -> origin/gh-55
2025-09-08T16:09:14.4910750Z  * [new branch]      master                                   -> origin/master
2025-09-08T16:09:14.4911446Z  * [new branch]      no-extra-search                          -> origin/no-extra-search
2025-09-08T16:09:14.4911946Z  * [new branch]      pragmata                                 -> origin/pragmata
2025-09-08T16:09:14.4912435Z  * [new branch]      test-appveyor                            -> origin/test-appveyor
2025-09-08T16:09:14.4913132Z  * [new tag]         0.1.0                                    -> 0.1.0
2025-09-08T16:09:14.4913519Z  * [new tag]         0.2.0                                    -> 0.2.0
2025-09-08T16:09:14.4913870Z  * [new tag]         0.3.0                                    -> 0.3.0
2025-09-08T16:09:14.4914232Z  * [new tag]         0.4.0                                    -> 0.4.0
2025-09-08T16:09:14.4914581Z  * [new tag]         0.5.0                                    -> 0.5.0
2025-09-08T16:09:14.4914966Z  * [new tag]         0.5.1                                    -> 0.5.1
2025-09-08T16:09:14.4915331Z  * [new tag]         0.5.2                                    -> 0.5.2
2025-09-08T16:09:14.4915683Z  * [new tag]         0.5.3                                    -> 0.5.3
2025-09-08T16:09:14.4916033Z  * [new tag]         0.5.4                                    -> 0.5.4
2025-09-08T16:09:14.4916384Z  * [new tag]         0.6.0                                    -> 0.6.0
2025-09-08T16:09:14.4916725Z  * [new tag]         0.6.1                                    -> 0.6.1
2025-09-08T16:09:14.4917073Z  * [new tag]         0.7.0                                    -> 0.7.0
2025-09-08T16:09:14.4917437Z  * [new tag]         0.7.1                                    -> 0.7.1
2025-09-08T16:09:14.4917794Z  * [new tag]         0.7.2                                    -> 0.7.2
2025-09-08T16:09:14.4918222Z  * [new ref]         866c3ee86edf288168e3f9319b4d9e2675b163b8 -> pull/218/merge
2025-09-08T16:09:14.4960841Z ##[endgroup]
2025-09-08T16:09:14.4961862Z ##[group]Determining the checkout info
2025-09-08T16:09:14.4962747Z ##[endgroup]
2025-09-08T16:09:14.4967959Z [command]/usr/bin/git sparse-checkout disable
2025-09-08T16:09:14.5006378Z [command]/usr/bin/git config --local --unset-all extensions.worktreeConfig
2025-09-08T16:09:14.5033832Z ##[group]Checking out the ref
2025-09-08T16:09:14.5037595Z [command]/usr/bin/git checkout --progress --force refs/remotes/pull/218/merge
2025-09-08T16:09:14.5092007Z Note: switching to 'refs/remotes/pull/218/merge'.
2025-09-08T16:09:14.5092396Z 
2025-09-08T16:09:14.5092661Z You are in 'detached HEAD' state. You can look around, make experimental
2025-09-08T16:09:14.5093181Z changes and commit them, and you can discard any commits you make in this
2025-09-08T16:09:14.5093696Z state without impacting any branches by switching back to a branch.
2025-09-08T16:09:14.5093997Z 
2025-09-08T16:09:14.5094204Z If you want to create a new branch to retain commits you create, you may
2025-09-08T16:09:14.5094668Z do so (now or later) by using -c with the switch command. Example:
2025-09-08T16:09:14.5094925Z 
2025-09-08T16:09:14.5095049Z   git switch -c <new-branch-name>
2025-09-08T16:09:14.5095441Z 
2025-09-08T16:09:14.5095571Z Or undo this operation with:
2025-09-08T16:09:14.5095750Z 
2025-09-08T16:09:14.5095856Z   git switch -
2025-09-08T16:09:14.5095993Z 
2025-09-08T16:09:14.5096220Z Turn off this advice by setting config variable advice.detachedHead to false
2025-09-08T16:09:14.5096536Z 
2025-09-08T16:09:14.5096889Z HEAD is now at 866c3ee Merge 0696fac55870329fd170575a6881d40a48a91b2d into 996b2b07ba111d746f412ad3e634e1eddc22c7b8
2025-09-08T16:09:14.5100170Z ##[endgroup]
2025-09-08T16:09:14.5134649Z [command]/usr/bin/git log -1 --format=%H
2025-09-08T16:09:14.5155834Z 866c3ee86edf288168e3f9319b4d9e2675b163b8
2025-09-08T16:09:14.5376037Z ##[group]Run actions/setup-python@v6
2025-09-08T16:09:14.5376361Z with:
2025-09-08T16:09:14.5376587Z   python-version: pypy-3.9
2025-09-08T16:09:14.5376850Z   check-latest: false
2025-09-08T16:09:14.5377228Z   token: ***
2025-09-08T16:09:14.5377463Z   update-environment: true
2025-09-08T16:09:14.5377733Z   allow-prereleases: false
2025-09-08T16:09:14.5377979Z   freethreaded: false
2025-09-08T16:09:14.5378210Z ##[endgroup]
2025-09-08T16:09:14.6630526Z ##[group]Installed versions
2025-09-08T16:09:14.7484876Z (node:2192) [DEP0040] DeprecationWarning: The `punycode` module is deprecated. Please use a userland alternative instead.
2025-09-08T16:09:14.7486149Z (Use `node --trace-deprecation ...` to show where the warning was created)
2025-09-08T16:09:14.7495545Z Successfully set up PyPy 7.3.16 with Python (3.9.19)
2025-09-08T16:09:14.7497923Z ##[endgroup]
2025-09-08T16:09:14.7678793Z ##[group]Run python -m pip install --upgrade pip wheel
2025-09-08T16:09:14.7679262Z [36;1mpython -m pip install --upgrade pip wheel[0m
2025-09-08T16:09:14.7679661Z [36;1mpython -m pip install --upgrade --upgrade-strategy=eager tox[0m
2025-09-08T16:09:14.7740523Z shell: /usr/bin/bash -e {0}
2025-09-08T16:09:14.7740781Z env:
2025-09-08T16:09:14.7741024Z   pythonLocation: /opt/hostedtoolcache/PyPy/3.9.19/x64
2025-09-08T16:09:14.7741690Z   Python_ROOT_DIR: /opt/hostedtoolcache/PyPy/3.9.19/x64
2025-09-08T16:09:14.7742043Z   Python2_ROOT_DIR: /opt/hostedtoolcache/PyPy/3.9.19/x64
2025-09-08T16:09:14.7742393Z   Python3_ROOT_DIR: /opt/hostedtoolcache/PyPy/3.9.19/x64
2025-09-08T16:09:14.7742802Z   PKG_CONFIG_PATH: /opt/hostedtoolcache/PyPy/3.9.19/x64/bin/lib/pkgconfig
2025-09-08T16:09:14.7743142Z ##[endgroup]
2025-09-08T16:09:19.2535461Z Requirement already satisfied: pip in /opt/hostedtoolcache/PyPy/3.9.19/x64/lib/pypy3.9/site-packages (23.0.1)
2025-09-08T16:09:19.4440637Z Collecting pip
2025-09-08T16:09:19.4614930Z   Downloading pip-25.2-py3-none-any.whl.metadata (4.7 kB)
2025-09-08T16:09:19.5256668Z Collecting wheel
2025-09-08T16:09:19.5310373Z   Downloading wheel-0.45.1-py3-none-any.whl.metadata (2.3 kB)
2025-09-08T16:09:19.5458093Z Downloading pip-25.2-py3-none-any.whl (1.8 MB)
2025-09-08T16:09:19.5990001Z    ━━━━━━━━━━━━━━━━━━━━━━━━━━━━━━━━━━━━━━━━ 1.8/1.8 MB 35.5 MB/s  0:00:00
2025-09-08T16:09:19.6094591Z Downloading wheel-0.45.1-py3-none-any.whl (72 kB)
2025-09-08T16:09:19.7296494Z Installing collected packages: wheel, pip
2025-09-08T16:09:19.8158698Z   Attempting uninstall: pip
2025-09-08T16:09:19.8170534Z     Found existing installation: pip 23.0.1
2025-09-08T16:09:19.9564629Z     Uninstalling pip-23.0.1:
2025-09-08T16:09:20.0660065Z       Successfully uninstalled pip-23.0.1
2025-09-08T16:09:21.1386430Z 
2025-09-08T16:09:21.1434153Z Successfully installed pip-25.2 wheel-0.45.1
2025-09-08T16:09:22.1459386Z Collecting tox
2025-09-08T16:09:22.1592585Z   Downloading tox-4.30.2-py3-none-any.whl.metadata (3.6 kB)
2025-09-08T16:09:22.2012165Z Collecting cachetools>=6.1 (from tox)
2025-09-08T16:09:22.2099135Z   Downloading cachetools-6.2.0-py3-none-any.whl.metadata (5.4 kB)
2025-09-08T16:09:22.2354776Z Collecting chardet>=5.2 (from tox)
2025-09-08T16:09:22.2409341Z   Downloading chardet-5.2.0-py3-none-any.whl.metadata (3.4 kB)
2025-09-08T16:09:22.2857884Z Collecting colorama>=0.4.6 (from tox)
2025-09-08T16:09:22.2923833Z   Downloading colorama-0.4.6-py2.py3-none-any.whl.metadata (17 kB)
2025-09-08T16:09:22.3391077Z Collecting filelock>=3.18 (from tox)
2025-09-08T16:09:22.3448592Z   Downloading filelock-3.19.1-py3-none-any.whl.metadata (2.1 kB)
2025-09-08T16:09:22.3740660Z Collecting packaging>=25 (from tox)
2025-09-08T16:09:22.3787116Z   Downloading packaging-25.0-py3-none-any.whl.metadata (3.3 kB)
2025-09-08T16:09:22.4080562Z Collecting platformdirs>=4.3.8 (from tox)
2025-09-08T16:09:22.4326063Z   Downloading platformdirs-4.4.0-py3-none-any.whl.metadata (12 kB)
2025-09-08T16:09:22.4685750Z Collecting pluggy>=1.6 (from tox)
2025-09-08T16:09:22.4756643Z   Downloading pluggy-1.6.0-py3-none-any.whl.metadata (4.8 kB)
2025-09-08T16:09:22.5334694Z Collecting pyproject-api>=1.9.1 (from tox)
2025-09-08T16:09:22.5385014Z   Downloading pyproject_api-1.9.1-py3-none-any.whl.metadata (2.7 kB)
2025-09-08T16:09:22.5727386Z Collecting tomli>=2.2.1 (from tox)
2025-09-08T16:09:22.5773442Z   Downloading tomli-2.2.1-py3-none-any.whl.metadata (10 kB)
2025-09-08T16:09:22.6131945Z Collecting typing-extensions>=4.14.1 (from tox)
2025-09-08T16:09:22.6180187Z   Downloading typing_extensions-4.15.0-py3-none-any.whl.metadata (3.3 kB)
2025-09-08T16:09:22.6939641Z Collecting virtualenv>=20.31.2 (from tox)
2025-09-08T16:09:22.6988855Z   Downloading virtualenv-20.34.0-py3-none-any.whl.metadata (4.6 kB)
2025-09-08T16:09:22.7541881Z Collecting distlib<1,>=0.3.7 (from virtualenv>=20.31.2->tox)
2025-09-08T16:09:22.7587885Z   Downloading distlib-0.4.0-py2.py3-none-any.whl.metadata (5.2 kB)
2025-09-08T16:09:22.7857455Z Downloading tox-4.30.2-py3-none-any.whl (175 kB)
2025-09-08T16:09:22.7965948Z Downloading cachetools-6.2.0-py3-none-any.whl (11 kB)
2025-09-08T16:09:22.8045085Z Downloading chardet-5.2.0-py3-none-any.whl (199 kB)
2025-09-08T16:09:22.8141054Z Downloading colorama-0.4.6-py2.py3-none-any.whl (25 kB)
2025-09-08T16:09:22.8215004Z Downloading filelock-3.19.1-py3-none-any.whl (15 kB)
2025-09-08T16:09:22.8301658Z Downloading packaging-25.0-py3-none-any.whl (66 kB)
2025-09-08T16:09:22.8378555Z Downloading platformdirs-4.4.0-py3-none-any.whl (18 kB)
2025-09-08T16:09:22.8452776Z Downloading pluggy-1.6.0-py3-none-any.whl (20 kB)
2025-09-08T16:09:22.8527878Z Downloading pyproject_api-1.9.1-py3-none-any.whl (13 kB)
2025-09-08T16:09:22.8612722Z Downloading tomli-2.2.1-py3-none-any.whl (14 kB)
2025-09-08T16:09:22.8686456Z Downloading typing_extensions-4.15.0-py3-none-any.whl (44 kB)
2025-09-08T16:09:22.8763344Z Downloading virtualenv-20.34.0-py3-none-any.whl (6.0 MB)
2025-09-08T16:09:22.9300503Z    ━━━━━━━━━━━━━━━━━━━━━━━━━━━━━━━━━━━━━━━━ 6.0/6.0 MB 132.3 MB/s  0:00:00
2025-09-08T16:09:22.9360010Z Downloading distlib-0.4.0-py2.py3-none-any.whl (469 kB)
2025-09-08T16:09:23.0688988Z Installing collected packages: distlib, typing-extensions, tomli, pluggy, platformdirs, packaging, filelock, colorama, chardet, cachetools, virtualenv, pyproject-api, tox
2025-09-08T16:09:24.0613593Z 
2025-09-08T16:09:24.0704477Z Successfully installed cachetools-6.2.0 chardet-5.2.0 colorama-0.4.6 distlib-0.4.0 filelock-3.19.1 packaging-25.0 platformdirs-4.4.0 pluggy-1.6.0 pyproject-api-1.9.1 tomli-2.2.1 tox-4.30.2 typing-extensions-4.15.0 virtualenv-20.34.0
2025-09-08T16:09:24.0914321Z ##[group]Run tox -e py -- --cov-report=xml
2025-09-08T16:09:24.0914666Z [36;1mtox -e py -- --cov-report=xml[0m
2025-09-08T16:09:24.0944378Z shell: /usr/bin/bash -e {0}
2025-09-08T16:09:24.0944612Z env:
2025-09-08T16:09:24.0944862Z   pythonLocation: /opt/hostedtoolcache/PyPy/3.9.19/x64
2025-09-08T16:09:24.0945215Z   Python_ROOT_DIR: /opt/hostedtoolcache/PyPy/3.9.19/x64
2025-09-08T16:09:24.0945553Z   Python2_ROOT_DIR: /opt/hostedtoolcache/PyPy/3.9.19/x64
2025-09-08T16:09:24.0945924Z   Python3_ROOT_DIR: /opt/hostedtoolcache/PyPy/3.9.19/x64
2025-09-08T16:09:24.0946299Z   PKG_CONFIG_PATH: /opt/hostedtoolcache/PyPy/3.9.19/x64/bin/lib/pkgconfig
2025-09-08T16:09:24.0946627Z ##[endgroup]
2025-09-08T16:09:25.3555653Z py: install_deps> python -I -m pip install pytest pytest-cov pytest-mock
2025-09-08T16:09:29.6047213Z .pkg: install_requires> python -I -m pip install 'setuptools>=46.4.0' versioningit
2025-09-08T16:09:31.5444308Z .pkg: _optional_hooks> python /opt/hostedtoolcache/PyPy/3.9.19/x64/lib/pypy3.9/site-packages/pyproject_api/_backend.py True setuptools.build_meta
2025-09-08T16:09:32.0036187Z .pkg: get_requires_for_build_sdist> python /opt/hostedtoolcache/PyPy/3.9.19/x64/lib/pypy3.9/site-packages/pyproject_api/_backend.py True setuptools.build_meta
2025-09-08T16:09:32.4652532Z .pkg: get_requires_for_build_wheel> python /opt/hostedtoolcache/PyPy/3.9.19/x64/lib/pypy3.9/site-packages/pyproject_api/_backend.py True setuptools.build_meta
2025-09-08T16:09:32.8933013Z .pkg: freeze> python -m pip freeze --all
2025-09-08T16:09:33.3552545Z .pkg: cffi==1.17.0.dev0,greenlet==0.4.13,hpy==0.9.0,importlib_metadata==8.7.0,packaging==25.0,pip==25.2,readline==6.2.4.1,setuptools==80.9.0,tomli==2.2.1,versioningit==3.3.0,zipp==3.23.0
2025-09-08T16:09:33.3561772Z .pkg: prepare_metadata_for_build_wheel> python /opt/hostedtoolcache/PyPy/3.9.19/x64/lib/pypy3.9/site-packages/pyproject_api/_backend.py True setuptools.build_meta
2025-09-08T16:09:33.8378695Z .pkg: build_sdist> python /opt/hostedtoolcache/PyPy/3.9.19/x64/lib/pypy3.9/site-packages/pyproject_api/_backend.py True setuptools.build_meta
2025-09-08T16:09:34.3208689Z py: install_package_deps> python -I -m pip install 'PyYAML>=5.0' 'click-loglevel~=0.2' 'click>=7.0' 'ghtoken~=0.1' 'in_place~=1.0' 'pydantic~=2.0' 'python-dateutil~=2.7' 'python-dotenv<2.0,>=0.11' 'requests~=2.20'
2025-09-08T16:09:50.9498276Z py: install_package> python -I -m pip install --force-reinstall --no-deps /home/runner/work/tinuous/tinuous/.tox/.tmp/package/1/tinuous-0.7.2.post2+g866c3ee.tar.gz
2025-09-08T16:09:55.2785732Z py: freeze> python -m pip freeze --all
2025-09-08T16:09:55.8222598Z py: annotated-types==0.7.0,certifi==2025.8.3,cffi==1.17.0.dev0,charset-normalizer==3.4.3,click==8.1.8,click-loglevel==0.6.1,coverage==7.10.6,exceptiongroup==1.3.0,ghtoken==0.1.2,greenlet==0.4.13,hpy==0.9.0,idna==3.10,in_place==1.0.1,iniconfig==2.1.0,packaging==25.0,pip==25.2,pluggy==1.6.0,pydantic==2.11.7,pydantic_core==2.33.2,Pygments==2.19.2,pytest==8.4.2,pytest-cov==6.3.0,pytest-mock==3.15.0,python-dateutil==2.9.0.post0,python-dotenv==1.1.1,PyYAML==6.0.2,readline==6.2.4.1,requests==2.32.5,ruamel.yaml==0.18.15,setuptools==80.9.0,six==1.17.0,tinuous @ file:///home/runner/work/tinuous/tinuous/.tox/.tmp/package/1/tinuous-0.7.2.post2%2Bg866c3ee.tar.gz#sha256=f6ca98b250d5d672f0b01fa40ee306d30abb89686238d850d609501dabce2df9,tomli==2.2.1,typing-inspection==0.4.1,typing_extensions==4.15.0,urllib3==2.5.0
2025-09-08T16:09:55.8232425Z py: commands[0]> tinuous --help
2025-09-08T16:09:56.5831863Z Usage: tinuous [OPTIONS] COMMAND [ARGS]...
2025-09-08T16:09:56.5832391Z 
2025-09-08T16:09:56.5832674Z   Download build logs from GitHub Actions, Travis, Appveyor, and CircleCI
2025-09-08T16:09:56.5833103Z 
2025-09-08T16:09:56.5833207Z Options:
2025-09-08T16:09:56.5833586Z   -V, --version                   Show the version and exit.
2025-09-08T16:09:56.5834117Z   -c, --config FILE               Read configuration from the given file
2025-09-08T16:09:56.5834626Z                                   [default: tinuous.yaml]
2025-09-08T16:09:56.5835558Z   -E, --env FILE                  Load environment variables from given .env
2025-09-08T16:09:56.5836074Z                                   file
2025-09-08T16:09:56.5836535Z   -l, --log-level [NOTSET|DEBUG|INFO|WARNING|ERROR|CRITICAL]
2025-09-08T16:09:56.5837062Z                                   Set logging level  [default: INFO]
2025-09-08T16:09:56.5837517Z   --help                          Show this message and exit.
2025-09-08T16:09:56.5837841Z 
2025-09-08T16:09:56.5837941Z Commands:
2025-09-08T16:09:56.5838224Z   fetch         Download logs
2025-09-08T16:09:56.5838630Z   fetch-commit  Download logs for a specific commit
2025-09-08T16:09:56.5839100Z   sanitize      Sanitize secrets in logs
2025-09-08T16:09:56.5909684Z py: commands[1]> pytest --cov-report=xml test
2025-09-08T16:10:00.5872543Z ============================= test session starts ==============================
2025-09-08T16:10:00.5873405Z platform linux -- Python 3.9.19[pypy-7.3.16-final], pytest-8.4.2, pluggy-1.6.0
2025-09-08T16:10:00.5874134Z cachedir: .tox/py/.pytest_cache
2025-09-08T16:10:00.5874581Z rootdir: /home/runner/work/tinuous/tinuous
2025-09-08T16:10:00.5875037Z configfile: tox.ini
2025-09-08T16:10:00.5875383Z plugins: mock-3.15.0, cov-6.3.0
2025-09-08T16:10:00.5875791Z collected 64 items
2025-09-08T16:10:00.5875993Z 
2025-09-08T16:10:00.6947905Z test/test_base.py .........                                              [ 14%]
2025-09-08T16:10:00.7851335Z test/test_config.py ........                                             [ 26%]
2025-09-08T16:10:01.0026534Z test/test_state.py ........                                              [ 39%]
2025-09-08T16:10:02.5299325Z test/test_util.py .......................................                [100%]
2025-09-08T16:10:02.5299916Z 
2025-09-08T16:10:02.5300168Z ================================ tests coverage ================================
2025-09-08T16:10:02.5300910Z _______________ coverage: platform linux, python 3.9.19-final-0 ________________
2025-09-08T16:10:02.5301553Z 
2025-09-08T16:10:02.5301677Z Coverage XML written to file coverage.xml
2025-09-08T16:10:02.5302008Z ============================== 64 passed in 4.59s ==============================
2025-09-08T16:10:02.5460949Z   py: OK (37.78=setup[31.06]+cmd[0.77,5.95] seconds)
2025-09-08T16:10:02.5461999Z   congratulations :) (37.85 seconds)
2025-09-08T16:10:02.5787129Z ##[group]Run codecov/codecov-action@v5
2025-09-08T16:10:02.5787392Z with:
2025-09-08T16:10:02.5787567Z   fail_ci_if_error: false
2025-09-08T16:10:02.5788135Z   token: ***
2025-09-08T16:10:02.5788315Z   name: pypy-3.9
2025-09-08T16:10:02.5788498Z   disable_file_fixes: false
2025-09-08T16:10:02.5788709Z   disable_search: false
2025-09-08T16:10:02.5788903Z   disable_safe_directory: false
2025-09-08T16:10:02.5789118Z   disable_telem: false
2025-09-08T16:10:02.5789296Z   dry_run: false
2025-09-08T16:10:02.5789470Z   git_service: github
2025-09-08T16:10:02.5789654Z   gcov_executable: gcov
2025-09-08T16:10:02.5789849Z   handle_no_reports_found: false
2025-09-08T16:10:02.5790069Z   recurse_submodules: false
2025-09-08T16:10:02.5790275Z   run_command: upload-coverage
2025-09-08T16:10:02.5790491Z   skip_validation: false
2025-09-08T16:10:02.5790702Z   use_legacy_upload_endpoint: false
2025-09-08T16:10:02.5790928Z   use_oidc: false
2025-09-08T16:10:02.5791295Z   use_pypi: false
2025-09-08T16:10:02.5791523Z   verbose: false
2025-09-08T16:10:02.5791692Z   version: latest
2025-09-08T16:10:02.5791860Z env:
2025-09-08T16:10:02.5792094Z   pythonLocation: /opt/hostedtoolcache/PyPy/3.9.19/x64
2025-09-08T16:10:02.5814768Z   Python_ROOT_DIR: /opt/hostedtoolcache/PyPy/3.9.19/x64
2025-09-08T16:10:02.5815346Z   Python2_ROOT_DIR: /opt/hostedtoolcache/PyPy/3.9.19/x64
2025-09-08T16:10:02.5815948Z   Python3_ROOT_DIR: /opt/hostedtoolcache/PyPy/3.9.19/x64
2025-09-08T16:10:02.5816622Z   PKG_CONFIG_PATH: /opt/hostedtoolcache/PyPy/3.9.19/x64/bin/lib/pkgconfig
2025-09-08T16:10:02.5817209Z ##[endgroup]
2025-09-08T16:10:02.5895674Z ##[group]Run missing_deps=""
2025-09-08T16:10:02.5895934Z [36;1mmissing_deps=""[0m
2025-09-08T16:10:02.5896139Z [36;1m[0m
2025-09-08T16:10:02.5896313Z [36;1m# Check for required commands[0m
2025-09-08T16:10:02.5896567Z [36;1mfor cmd in bash git curl gpg; do[0m
2025-09-08T16:10:02.5896838Z [36;1m  if ! command -v "$cmd" >/dev/null 2>&1; then[0m
2025-09-08T16:10:02.5897142Z [36;1m    missing_deps="$missing_deps $cmd"[0m
2025-09-08T16:10:02.5897380Z [36;1m  fi[0m
2025-09-08T16:10:02.5897537Z [36;1mdone[0m
2025-09-08T16:10:02.5897695Z [36;1m[0m
2025-09-08T16:10:02.5897876Z [36;1m# Report missing required dependencies[0m
2025-09-08T16:10:02.5898143Z [36;1mif [ -n "$missing_deps" ]; then[0m
2025-09-08T16:10:02.5898503Z [36;1m  echo "Error: The following required dependencies are missing:$missing_deps"[0m
2025-09-08T16:10:02.5898950Z [36;1m  echo "Please install these dependencies before using this action."[0m
2025-09-08T16:10:02.5899269Z [36;1m  exit 1[0m
2025-09-08T16:10:02.5899434Z [36;1mfi[0m
2025-09-08T16:10:02.5899582Z [36;1m[0m
2025-09-08T16:10:02.5899811Z [36;1mecho "All required system dependencies are available."[0m
2025-09-08T16:10:02.5924604Z shell: /usr/bin/sh -e {0}
2025-09-08T16:10:02.5924818Z env:
2025-09-08T16:10:02.5925057Z   pythonLocation: /opt/hostedtoolcache/PyPy/3.9.19/x64
2025-09-08T16:10:02.5925418Z   Python_ROOT_DIR: /opt/hostedtoolcache/PyPy/3.9.19/x64
2025-09-08T16:10:02.5925752Z   Python2_ROOT_DIR: /opt/hostedtoolcache/PyPy/3.9.19/x64
2025-09-08T16:10:02.5926086Z   Python3_ROOT_DIR: /opt/hostedtoolcache/PyPy/3.9.19/x64
2025-09-08T16:10:02.5926466Z   PKG_CONFIG_PATH: /opt/hostedtoolcache/PyPy/3.9.19/x64/bin/lib/pkgconfig
2025-09-08T16:10:02.5926784Z ##[endgroup]
2025-09-08T16:10:02.5966893Z All required system dependencies are available.
2025-09-08T16:10:02.5992426Z ##[group]Run CC_ACTION_VERSION=$(cat ${GITHUB_ACTION_PATH}/src/version)
2025-09-08T16:10:02.5992866Z [36;1mCC_ACTION_VERSION=$(cat ${GITHUB_ACTION_PATH}/src/version)[0m
2025-09-08T16:10:02.5993271Z [36;1mecho -e "\033[0;32m==>\033[0m Running Action version $CC_ACTION_VERSION"[0m
2025-09-08T16:10:02.6021051Z shell: /usr/bin/bash --noprofile --norc -e -o pipefail {0}
2025-09-08T16:10:02.6021597Z env:
2025-09-08T16:10:02.6021833Z   pythonLocation: /opt/hostedtoolcache/PyPy/3.9.19/x64
2025-09-08T16:10:02.6022347Z   Python_ROOT_DIR: /opt/hostedtoolcache/PyPy/3.9.19/x64
2025-09-08T16:10:02.6022827Z   Python2_ROOT_DIR: /opt/hostedtoolcache/PyPy/3.9.19/x64
2025-09-08T16:10:02.6023164Z   Python3_ROOT_DIR: /opt/hostedtoolcache/PyPy/3.9.19/x64
2025-09-08T16:10:02.6023533Z   PKG_CONFIG_PATH: /opt/hostedtoolcache/PyPy/3.9.19/x64/bin/lib/pkgconfig
2025-09-08T16:10:02.6023856Z ##[endgroup]
2025-09-08T16:10:02.6083304Z [0;32m==>[0m Running Action version 5.5.1
2025-09-08T16:10:02.6120415Z ##[group]Run git config --global --add safe.directory "/home/runner/work/tinuous/tinuous"
2025-09-08T16:10:02.6120937Z [36;1mgit config --global --add safe.directory "/home/runner/work/tinuous/tinuous"[0m
2025-09-08T16:10:02.6121551Z [36;1mgit config --global --add safe.directory "$GITHUB_WORKSPACE"[0m
2025-09-08T16:10:02.6147811Z shell: /usr/bin/bash --noprofile --norc -e -o pipefail {0}
2025-09-08T16:10:02.6148115Z env:
2025-09-08T16:10:02.6148348Z   pythonLocation: /opt/hostedtoolcache/PyPy/3.9.19/x64
2025-09-08T16:10:02.6148702Z   Python_ROOT_DIR: /opt/hostedtoolcache/PyPy/3.9.19/x64
2025-09-08T16:10:02.6149040Z   Python2_ROOT_DIR: /opt/hostedtoolcache/PyPy/3.9.19/x64
2025-09-08T16:10:02.6149367Z   Python3_ROOT_DIR: /opt/hostedtoolcache/PyPy/3.9.19/x64
2025-09-08T16:10:02.6149732Z   PKG_CONFIG_PATH: /opt/hostedtoolcache/PyPy/3.9.19/x64/bin/lib/pkgconfig
2025-09-08T16:10:02.6150058Z ##[endgroup]
2025-09-08T16:10:02.6244142Z ##[group]Run CC_FORK="false"
2025-09-08T16:10:02.6244380Z [36;1mCC_FORK="false"[0m
2025-09-08T16:10:02.6244862Z [36;1mif [ -n "$GITHUB_EVENT_PULL_REQUEST_HEAD_REPO_FULL_NAME" ] && [ "$GITHUB_EVENT_PULL_REQUEST_HEAD_REPO_FULL_NAME" != "$GITHUB_REPOSITORY" ];[0m
2025-09-08T16:10:02.6245383Z [36;1mthen[0m
2025-09-08T16:10:02.6245604Z [36;1m  echo -e "\033[0;32m==>\033[0m Fork detected"[0m
2025-09-08T16:10:02.6245863Z [36;1m  CC_FORK="true"[0m
2025-09-08T16:10:02.6246053Z [36;1mfi[0m
2025-09-08T16:10:02.6246243Z [36;1mecho "CC_FORK=$CC_FORK" >> "$GITHUB_ENV"[0m
2025-09-08T16:10:02.6272741Z shell: /usr/bin/bash --noprofile --norc -e -o pipefail {0}
2025-09-08T16:10:02.6273051Z env:
2025-09-08T16:10:02.6273285Z   pythonLocation: /opt/hostedtoolcache/PyPy/3.9.19/x64
2025-09-08T16:10:02.6273621Z   Python_ROOT_DIR: /opt/hostedtoolcache/PyPy/3.9.19/x64
2025-09-08T16:10:02.6273954Z   Python2_ROOT_DIR: /opt/hostedtoolcache/PyPy/3.9.19/x64
2025-09-08T16:10:02.6274288Z   Python3_ROOT_DIR: /opt/hostedtoolcache/PyPy/3.9.19/x64
2025-09-08T16:10:02.6274659Z   PKG_CONFIG_PATH: /opt/hostedtoolcache/PyPy/3.9.19/x64/bin/lib/pkgconfig
2025-09-08T16:10:02.6275159Z   GITHUB_EVENT_PULL_REQUEST_HEAD_LABEL: con:dependabot/github_actions/actions/setup-python-6
2025-09-08T16:10:02.6275610Z   GITHUB_EVENT_PULL_REQUEST_HEAD_REPO_FULL_NAME: con/tinuous
2025-09-08T16:10:02.6275901Z   GITHUB_REPOSITORY: con/tinuous
2025-09-08T16:10:02.6276112Z ##[endgroup]
2025-09-08T16:10:02.6371404Z ##[group]Run actions/github-script@60a0d83039c74a4aee543508d2ffcb1c3799cdea
2025-09-08T16:10:02.6371747Z with:
2025-09-08T16:10:02.6372282Z   script: if (process.env.CC_USE_OIDC === 'true' && process.env.CC_FORK != 'true') {
  const id_token = await core.getIDToken(process.env.CC_OIDC_AUDIENCE)
  return id_token
}

2025-09-08T16:10:02.6373012Z   github-token: ***
2025-09-08T16:10:02.6373201Z   debug: false
2025-09-08T16:10:02.6373384Z   user-agent: actions/github-script
2025-09-08T16:10:02.6373620Z   result-encoding: json
2025-09-08T16:10:02.6373803Z   retries: 0
2025-09-08T16:10:02.6374003Z   retry-exempt-status-codes: 400,401,403,404,422
2025-09-08T16:10:02.6374256Z env:
2025-09-08T16:10:02.6374466Z   pythonLocation: /opt/hostedtoolcache/PyPy/3.9.19/x64
2025-09-08T16:10:02.6374794Z   Python_ROOT_DIR: /opt/hostedtoolcache/PyPy/3.9.19/x64
2025-09-08T16:10:02.6375117Z   Python2_ROOT_DIR: /opt/hostedtoolcache/PyPy/3.9.19/x64
2025-09-08T16:10:02.6375430Z   Python3_ROOT_DIR: /opt/hostedtoolcache/PyPy/3.9.19/x64
2025-09-08T16:10:02.6375796Z   PKG_CONFIG_PATH: /opt/hostedtoolcache/PyPy/3.9.19/x64/bin/lib/pkgconfig
2025-09-08T16:10:02.6376112Z   CC_FORK: false
2025-09-08T16:10:02.6376503Z   CC_OIDC_AUDIENCE: https://codecov.io
2025-09-08T16:10:02.6376864Z   CC_USE_OIDC: false
2025-09-08T16:10:02.6377045Z ##[endgroup]
2025-09-08T16:10:02.7285019Z ##[group]Run if [ "false" == 'true' ] && [ "$CC_FORK" != 'true' ];
2025-09-08T16:10:02.7285412Z [36;1mif [ "false" == 'true' ] && [ "$CC_FORK" != 'true' ];[0m
2025-09-08T16:10:02.7285679Z [36;1mthen[0m
2025-09-08T16:10:02.7285907Z [36;1m  echo "CC_TOKEN=$CC_OIDC_TOKEN" >> "$GITHUB_ENV"[0m
2025-09-08T16:10:02.7286199Z [36;1melif [ -n "" ];[0m
2025-09-08T16:10:02.7286387Z [36;1mthen[0m
2025-09-08T16:10:02.7286610Z [36;1m  echo -e "\033[0;32m==>\033[0m Token set from env"[0m
2025-09-08T16:10:02.7286898Z [36;1m    echo "CC_TOKEN=" >> "$GITHUB_ENV"[0m
2025-09-08T16:10:02.7287138Z [36;1melse[0m
2025-09-08T16:10:02.7287461Z [36;1m  if [ -n "***" ];[0m
2025-09-08T16:10:02.7287658Z [36;1m  then[0m
2025-09-08T16:10:02.7287889Z [36;1m    echo -e "\033[0;32m==>\033[0m Token set from input"[0m
2025-09-08T16:10:02.7288287Z [36;1m    CC_TOKEN=$(echo "***" | tr -d '\n')[0m
2025-09-08T16:10:02.7288585Z [36;1m    echo "CC_TOKEN=$CC_TOKEN" >> "$GITHUB_ENV"[0m
2025-09-08T16:10:02.7288841Z [36;1m  fi[0m
2025-09-08T16:10:02.7289005Z [36;1mfi[0m
2025-09-08T16:10:02.7318632Z shell: /usr/bin/bash --noprofile --norc -e -o pipefail {0}
2025-09-08T16:10:02.7318943Z env:
2025-09-08T16:10:02.7319188Z   pythonLocation: /opt/hostedtoolcache/PyPy/3.9.19/x64
2025-09-08T16:10:02.7319537Z   Python_ROOT_DIR: /opt/hostedtoolcache/PyPy/3.9.19/x64
2025-09-08T16:10:02.7319863Z   Python2_ROOT_DIR: /opt/hostedtoolcache/PyPy/3.9.19/x64
2025-09-08T16:10:02.7320199Z   Python3_ROOT_DIR: /opt/hostedtoolcache/PyPy/3.9.19/x64
2025-09-08T16:10:02.7320571Z   PKG_CONFIG_PATH: /opt/hostedtoolcache/PyPy/3.9.19/x64/bin/lib/pkgconfig
2025-09-08T16:10:02.7320899Z   CC_FORK: false
2025-09-08T16:10:02.7321231Z   CC_OIDC_TOKEN: 
2025-09-08T16:10:02.7321441Z   CC_OIDC_AUDIENCE: https://codecov.io
2025-09-08T16:10:02.7321728Z ##[endgroup]
2025-09-08T16:10:02.7370299Z [0;32m==>[0m Token set from input
2025-09-08T16:10:02.7408940Z ##[group]Run if [ -z "$CC_BRANCH" ] && [ -z "$CC_TOKEN" ] && [ "$CC_FORK" == 'true' ]
2025-09-08T16:10:02.7409393Z [36;1mif [ -z "$CC_BRANCH" ] && [ -z "$CC_TOKEN" ] && [ "$CC_FORK" == 'true' ][0m
2025-09-08T16:10:02.7409698Z [36;1mthen[0m
2025-09-08T16:10:02.7410055Z [36;1m  echo -e "\033[0;32m==>\033[0m Fork detected, setting branch to $GITHUB_EVENT_PULL_REQUEST_HEAD_LABEL"[0m
2025-09-08T16:10:02.7410515Z [36;1m  TOKENLESS="$GITHUB_EVENT_PULL_REQUEST_HEAD_LABEL"[0m
2025-09-08T16:10:02.7410843Z [36;1m  CC_BRANCH="$GITHUB_EVENT_PULL_REQUEST_HEAD_LABEL"[0m
2025-09-08T16:10:02.7411385Z [36;1m  echo "TOKENLESS=$TOKENLESS" >> "$GITHUB_ENV"[0m
2025-09-08T16:10:02.7411654Z [36;1mfi[0m
2025-09-08T16:10:02.7411812Z [36;1m[0m
2025-09-08T16:10:02.7412013Z [36;1mecho "CC_BRANCH=$CC_BRANCH" >> "$GITHUB_ENV"[0m
2025-09-08T16:10:02.7438456Z shell: /usr/bin/bash --noprofile --norc -e -o pipefail {0}
2025-09-08T16:10:02.7438769Z env:
2025-09-08T16:10:02.7439006Z   pythonLocation: /opt/hostedtoolcache/PyPy/3.9.19/x64
2025-09-08T16:10:02.7439371Z   Python_ROOT_DIR: /opt/hostedtoolcache/PyPy/3.9.19/x64
2025-09-08T16:10:02.7439699Z   Python2_ROOT_DIR: /opt/hostedtoolcache/PyPy/3.9.19/x64
2025-09-08T16:10:02.7440032Z   Python3_ROOT_DIR: /opt/hostedtoolcache/PyPy/3.9.19/x64
2025-09-08T16:10:02.7440411Z   PKG_CONFIG_PATH: /opt/hostedtoolcache/PyPy/3.9.19/x64/bin/lib/pkgconfig
2025-09-08T16:10:02.7440731Z   CC_FORK: false
2025-09-08T16:10:02.7440987Z   CC_TOKEN: ***
2025-09-08T16:10:02.7441422Z   CC_BRANCH: 
2025-09-08T16:10:02.7441750Z   GITHUB_EVENT_PULL_REQUEST_HEAD_LABEL: con:dependabot/github_actions/actions/setup-python-6
2025-09-08T16:10:02.7442203Z   GITHUB_EVENT_PULL_REQUEST_HEAD_REPO_FULL_NAME: con/tinuous
2025-09-08T16:10:02.7442504Z   GITHUB_REPOSITORY: con/tinuous
2025-09-08T16:10:02.7442714Z ##[endgroup]
2025-09-08T16:10:02.7511417Z ##[group]Run if [ -z "$CC_SHA" ];
2025-09-08T16:10:02.7511687Z [36;1mif [ -z "$CC_SHA" ];[0m
2025-09-08T16:10:02.7512077Z [36;1mthen[0m
2025-09-08T16:10:02.7512429Z [36;1m  CC_SHA="$GITHUB_EVENT_PULL_REQUEST_HEAD_SHA"[0m
2025-09-08T16:10:02.7512695Z [36;1mfi[0m
2025-09-08T16:10:02.7512900Z [36;1mif [ -z "$CC_PR" ] && [ "$CC_FORK" == 'true' ];[0m
2025-09-08T16:10:02.7513154Z [36;1mthen[0m
2025-09-08T16:10:02.7513331Z [36;1m  CC_PR="$GITHUB_EVENT_NUMBER"[0m
2025-09-08T16:10:02.7513557Z [36;1mfi[0m
2025-09-08T16:10:02.7513710Z [36;1m[0m
2025-09-08T16:10:02.7513886Z [36;1mecho "CC_SHA=$CC_SHA" >> "$GITHUB_ENV"[0m
2025-09-08T16:10:02.7514154Z [36;1mecho "CC_PR=$CC_PR" >> "$GITHUB_ENV"[0m
2025-09-08T16:10:02.7540546Z shell: /usr/bin/bash --noprofile --norc -e -o pipefail {0}
2025-09-08T16:10:02.7540857Z env:
2025-09-08T16:10:02.7541240Z   pythonLocation: /opt/hostedtoolcache/PyPy/3.9.19/x64
2025-09-08T16:10:02.7541718Z   Python_ROOT_DIR: /opt/hostedtoolcache/PyPy/3.9.19/x64
2025-09-08T16:10:02.7542046Z   Python2_ROOT_DIR: /opt/hostedtoolcache/PyPy/3.9.19/x64
2025-09-08T16:10:02.7542382Z   Python3_ROOT_DIR: /opt/hostedtoolcache/PyPy/3.9.19/x64
2025-09-08T16:10:02.7542773Z   PKG_CONFIG_PATH: /opt/hostedtoolcache/PyPy/3.9.19/x64/bin/lib/pkgconfig
2025-09-08T16:10:02.7543093Z   CC_FORK: false
2025-09-08T16:10:02.7543356Z   CC_TOKEN: ***
2025-09-08T16:10:02.7543527Z   CC_BRANCH: 
2025-09-08T16:10:02.7543684Z   CC_PR: 
2025-09-08T16:10:02.7543837Z   CC_SHA: 
2025-09-08T16:10:02.7544002Z   GITHUB_EVENT_NAME: pull_request
2025-09-08T16:10:02.7544230Z   GITHUB_EVENT_NUMBER: 218
2025-09-08T16:10:02.7544539Z   GITHUB_EVENT_PULL_REQUEST_HEAD_SHA: 0696fac55870329fd170575a6881d40a48a91b2d
2025-09-08T16:10:02.7544869Z ##[endgroup]
2025-09-08T16:10:02.7637851Z ##[group]Run ${GITHUB_ACTION_PATH}/dist/codecov.sh
2025-09-08T16:10:02.7638179Z [36;1m${GITHUB_ACTION_PATH}/dist/codecov.sh[0m
2025-09-08T16:10:02.7664837Z shell: /usr/bin/bash --noprofile --norc -e -o pipefail {0}
2025-09-08T16:10:02.7665150Z env:
2025-09-08T16:10:02.7665388Z   pythonLocation: /opt/hostedtoolcache/PyPy/3.9.19/x64
2025-09-08T16:10:02.7665733Z   Python_ROOT_DIR: /opt/hostedtoolcache/PyPy/3.9.19/x64
2025-09-08T16:10:02.7666085Z   Python2_ROOT_DIR: /opt/hostedtoolcache/PyPy/3.9.19/x64
2025-09-08T16:10:02.7666427Z   Python3_ROOT_DIR: /opt/hostedtoolcache/PyPy/3.9.19/x64
2025-09-08T16:10:02.7666799Z   PKG_CONFIG_PATH: /opt/hostedtoolcache/PyPy/3.9.19/x64/bin/lib/pkgconfig
2025-09-08T16:10:02.7667124Z   CC_FORK: false
2025-09-08T16:10:02.7667374Z   CC_TOKEN: ***
2025-09-08T16:10:02.7667539Z   CC_BRANCH: 
2025-09-08T16:10:02.7667735Z   CC_SHA: 0696fac55870329fd170575a6881d40a48a91b2d
2025-09-08T16:10:02.7667976Z   CC_PR: 
2025-09-08T16:10:02.7668130Z   CC_BASE_SHA: 
2025-09-08T16:10:02.7668291Z   CC_BINARY: 
2025-09-08T16:10:02.7668446Z   CC_BUILD: 
2025-09-08T16:10:02.7668602Z   CC_BUILD_URL: 
2025-09-08T16:10:02.7668760Z   CC_CODE: 
2025-09-08T16:10:02.7668912Z   CC_DIR: 
2025-09-08T16:10:02.7669077Z   CC_DISABLE_FILE_FIXES: false
2025-09-08T16:10:02.7669287Z   CC_DISABLE_SEARCH: false
2025-09-08T16:10:02.7669487Z   CC_DISABLE_TELEM: false
2025-09-08T16:10:02.7669680Z   CC_DRY_RUN: false
2025-09-08T16:10:02.7669865Z   CC_ENTERPRISE_URL: 
2025-09-08T16:10:02.7670042Z   CC_ENV: 
2025-09-08T16:10:02.7670189Z   CC_EXCLUDES: 
2025-09-08T16:10:02.7670358Z   CC_FAIL_ON_ERROR: false
2025-09-08T16:10:02.7670538Z   CC_FILES: 
2025-09-08T16:10:02.7670690Z   CC_FLAGS: 
2025-09-08T16:10:02.7670867Z   CC_FORCE: 
2025-09-08T16:10:02.7671031Z   CC_GCOV_ARGS: 
2025-09-08T16:10:02.7671404Z   CC_GCOV_EXECUTABLE: gcov
2025-09-08T16:10:02.7671601Z   CC_GCOV_IGNORE: 
2025-09-08T16:10:02.7671772Z   CC_GCOV_INCLUDE: 
2025-09-08T16:10:02.7671945Z   CC_GIT_SERVICE: github
2025-09-08T16:10:02.7672151Z   CC_HANDLE_NO_REPORTS_FOUND: false
2025-09-08T16:10:02.7672364Z   CC_JOB_CODE: 
2025-09-08T16:10:02.7672530Z   CC_LEGACY: false
2025-09-08T16:10:02.7672708Z   CC_NAME: pypy-3.9
2025-09-08T16:10:02.7672876Z   CC_NETWORK_FILTER: 
2025-09-08T16:10:02.7673065Z   CC_NETWORK_PREFIX: 
2025-09-08T16:10:02.7673247Z   CC_NETWORK_ROOT_FOLDER: 
2025-09-08T16:10:02.7673437Z   CC_OS: 
2025-09-08T16:10:02.7673769Z   CC_PARENT_SHA: 
2025-09-08T16:10:02.7673938Z   CC_PLUGINS: 
2025-09-08T16:10:02.7674232Z   CC_RECURSE_SUBMODULES: false
2025-09-08T16:10:02.7674436Z   CC_REPORT_TYPE: 
2025-09-08T16:10:02.7674623Z   CC_RUN_CMD: upload-coverage
2025-09-08T16:10:02.7674838Z   CC_SERVICE: github
2025-09-08T16:10:02.7675019Z   CC_SKIP_VALIDATION: false
2025-09-08T16:10:02.7675215Z   CC_SLUG: 
2025-09-08T16:10:02.7675371Z   CC_SWIFT_PROJECT: 
2025-09-08T16:10:02.7675550Z   CC_USE_PYPI: false
2025-09-08T16:10:02.7675722Z   CC_VERBOSE: false
2025-09-08T16:10:02.7675887Z   CC_VERSION: latest
2025-09-08T16:10:02.7676060Z   CC_YML_PATH: 
2025-09-08T16:10:02.7676223Z ##[endgroup]
2025-09-08T16:10:02.7744533Z      _____          _
2025-09-08T16:10:02.7744877Z     / ____|        | |
2025-09-08T16:10:02.7745191Z    | |     ___   __| | ___  ___ _____   __
2025-09-08T16:10:02.7745509Z    | |    / _ \ / _` |/ _ \/ __/ _ \ \ / /
2025-09-08T16:10:02.7745759Z    | |___| (_) | (_| |  __/ (_| (_) \ V /
2025-09-08T16:10:02.7746011Z     \_____\___/ \__,_|\___|\___\___/ \_/
2025-09-08T16:10:02.7746519Z                            [0;31m Wrapper-0.2.7[0m
2025-09-08T16:10:02.7746784Z                            
2025-09-08T16:10:02.7798416Z [0;32m==>[0m Detected [0;36mlinux[0m
2025-09-08T16:10:02.7799030Z [0;32m ->[0m Downloading [0;36mhttps://cli.codecov.io/latest/linux/codecov[0m
2025-09-08T16:10:02.7850814Z   % Total    % Received % Xferd  Average Speed   Time    Time     Time  Current
2025-09-08T16:10:02.7851617Z                                  Dload  Upload   Total   Spent    Left  Speed
2025-09-08T16:10:02.7851943Z 
2025-09-08T16:10:02.9352138Z   0     0    0     0    0     0      0      0 --:--:-- --:--:-- --:--:--     0
2025-09-08T16:10:03.6251473Z   0     0    0     0    0     0      0      0 --:--:-- --:--:-- --:--:--     0
2025-09-08T16:10:03.6252328Z 100 10.6M  100 10.6M    0     0  12.6M      0 --:--:-- --:--:-- --:--:-- 12.6M
2025-09-08T16:10:03.6277284Z [0;32m==>[0m Finishing downloading [0;36mlinux:latest[0m
2025-09-08T16:10:04.1157575Z       Version: [0;36mv11.2.0[0m
2025-09-08T16:10:04.1157881Z  
2025-09-08T16:10:04.1647533Z gpg: directory '/home/runner/.gnupg' created
2025-09-08T16:10:04.1651269Z gpg: keybox '/home/runner/.gnupg/pubring.kbx' created
2025-09-08T16:10:04.3554889Z gpg: /home/runner/.gnupg/trustdb.gpg: trustdb created
2025-09-08T16:10:04.3556076Z gpg: key 806BB28AED779869: public key "Codecov Uploader (Codecov Uploader Verification Key) <security@codecov.io>" imported
2025-09-08T16:10:04.3883913Z gpg: Total number processed: 1
2025-09-08T16:10:04.3884373Z gpg:               imported: 1
2025-09-08T16:10:04.3890073Z [0;32m==>[0m Verifying GPG signature integrity
2025-09-08T16:10:04.3890719Z [0;32m ->[0m Downloading [0;36mhttps://cli.codecov.io/latest/linux/codecov.SHA256SUM[0m
2025-09-08T16:10:04.3891895Z [0;32m ->[0m Downloading [0;36mhttps://cli.codecov.io/latest/linux/codecov.SHA256SUM.sig[0m
2025-09-08T16:10:04.3892545Z  
2025-09-08T16:10:05.2627204Z gpg: Signature made Thu Aug 21 16:12:56 2025 UTC
2025-09-08T16:10:05.2627716Z gpg:                using RSA key 27034E7FDB850E0BBC2C62FF806BB28AED779869
2025-09-08T16:10:05.2629790Z gpg: Good signature from "Codecov Uploader (Codecov Uploader Verification Key) <security@codecov.io>" [unknown]
2025-09-08T16:10:05.2630548Z gpg: WARNING: This key is not certified with a trusted signature!
2025-09-08T16:10:05.2631062Z gpg:          There is no indication that the signature belongs to the owner.
2025-09-08T16:10:05.2631899Z Primary key fingerprint: 2703 4E7F DB85 0E0B BC2C  62FF 806B B28A ED77 9869
2025-09-08T16:10:05.3346097Z codecov: OK
2025-09-08T16:10:05.3354957Z [0;32m==>[0m CLI integrity verified
2025-09-08T16:10:05.3355291Z 
2025-09-08T16:10:05.3952980Z [0;32m ->[0m Token length: 36
2025-09-08T16:10:05.3953488Z [0;32m==>[0m Running upload-coverage
2025-09-08T16:10:05.3963561Z       [0;36m./codecov  upload-coverage -t <redacted> --git-service github --sha 0696fac55870329fd170575a6881d40a48a91b2d --gcov-executable gcov --name pypy-3.9[0m
2025-09-08T16:10:05.7388596Z info - 2025-09-08 16:10:05,738 -- ci service found: github-actions
2025-09-08T16:10:05.7791710Z warning - 2025-09-08 16:10:05,778 -- xcrun is not installed or can't be found.
2025-09-08T16:10:05.8504215Z warning - 2025-09-08 16:10:05,850 -- No gcov data found.
2025-09-08T16:10:05.8508005Z warning - 2025-09-08 16:10:05,850 -- coverage.py is not installed or can't be found.
2025-09-08T16:10:05.8665655Z info - 2025-09-08 16:10:05,866 -- Found 1 coverage files to report
2025-09-08T16:10:05.8666689Z info - 2025-09-08 16:10:05,866 -- > /home/runner/work/tinuous/tinuous/coverage.xml
2025-09-08T16:10:06.4868315Z info - 2025-09-08 16:10:06,486 -- Your upload is now processing. When finished, results will be available at: https://app.codecov.io/github/con/tinuous/commit/0696fac55870329fd170575a6881d40a48a91b2d
2025-09-08T16:10:06.7346050Z info - 2025-09-08 16:10:06,734 -- Process Upload complete
2025-09-08T16:10:06.9354781Z Post job cleanup.
2025-09-08T16:10:07.0489915Z (node:2801) [DEP0040] DeprecationWarning: The `punycode` module is deprecated. Please use a userland alternative instead.
2025-09-08T16:10:07.0490806Z (Use `node --trace-deprecation ...` to show where the warning was created)
2025-09-08T16:10:07.0609894Z Post job cleanup.
2025-09-08T16:10:07.1543648Z [command]/usr/bin/git version
2025-09-08T16:10:07.1578281Z git version 2.51.0
2025-09-08T16:10:07.1613692Z Copying '/home/runner/.gitconfig' to '/home/runner/work/_temp/bdd66803-6265-4711-ba3b-3be0b6bd7aec/.gitconfig'
2025-09-08T16:10:07.1622950Z Temporarily overriding HOME='/home/runner/work/_temp/bdd66803-6265-4711-ba3b-3be0b6bd7aec' before making global git config changes
2025-09-08T16:10:07.1623978Z Adding repository directory to the temporary git global config as a safe directory
2025-09-08T16:10:07.1627863Z [command]/usr/bin/git config --global --add safe.directory /home/runner/work/tinuous/tinuous
2025-09-08T16:10:07.1661833Z [command]/usr/bin/git config --local --name-only --get-regexp core\.sshCommand
2025-09-08T16:10:07.1692769Z [command]/usr/bin/git submodule foreach --recursive sh -c "git config --local --name-only --get-regexp 'core\.sshCommand' && git config --local --unset-all 'core.sshCommand' || :"
2025-09-08T16:10:07.1913086Z [command]/usr/bin/git config --local --name-only --get-regexp http\.https\:\/\/github\.com\/\.extraheader
2025-09-08T16:10:07.1933053Z http.https://github.com/.extraheader
2025-09-08T16:10:07.1946350Z [command]/usr/bin/git config --local --unset-all http.https://github.com/.extraheader
2025-09-08T16:10:07.1976084Z [command]/usr/bin/git submodule foreach --recursive sh -c "git config --local --name-only --get-regexp 'http\.https\:\/\/github\.com\/\.extraheader' && git config --local --unset-all 'http.https://github.com/.extraheader' || :"
2025-09-08T16:10:07.2292456Z Cleaning up orphan processes
