2025-09-08T16:09:10.4432976Z Current runner version: '2.328.0'
2025-09-08T16:09:10.4456280Z ##[group]Runner Image Provisioner
2025-09-08T16:09:10.4457164Z Hosted Compute Agent
2025-09-08T16:09:10.4457792Z Version: 20250829.383
2025-09-08T16:09:10.4458417Z Commit: 27cb235aab5b0e52e153a26cd86b4742e89dac5d
2025-09-08T16:09:10.4459202Z Build Date: 2025-08-29T13:48:48Z
2025-09-08T16:09:10.4459771Z ##[endgroup]
2025-09-08T16:09:10.4460804Z ##[group]Operating System
2025-09-08T16:09:10.4461562Z Ubuntu
2025-09-08T16:09:10.4462026Z 24.04.3
2025-09-08T16:09:10.4462485Z LTS
2025-09-08T16:09:10.4462921Z ##[endgroup]
2025-09-08T16:09:10.4463482Z ##[group]Runner Image
2025-09-08T16:09:10.4464014Z Image: ubuntu-24.04
2025-09-08T16:09:10.4464467Z Version: 20250831.1.0
2025-09-08T16:09:10.4465549Z Included Software: https://github.com/actions/runner-images/blob/ubuntu24/20250831.1/images/ubuntu/Ubuntu2404-Readme.md
2025-09-08T16:09:10.4467135Z Image Release: https://github.com/actions/runner-images/releases/tag/ubuntu24%2F20250831.1
2025-09-08T16:09:10.4468132Z ##[endgroup]
2025-09-08T16:09:10.4470616Z ##[group]GITHUB_TOKEN Permissions
2025-09-08T16:09:10.4473076Z Actions: read
2025-09-08T16:09:10.4473635Z Attestations: read
2025-09-08T16:09:10.4474107Z Checks: read
2025-09-08T16:09:10.4474688Z Contents: read
2025-09-08T16:09:10.4475150Z Deployments: read
2025-09-08T16:09:10.4475650Z Discussions: read
2025-09-08T16:09:10.4476256Z Issues: read
2025-09-08T16:09:10.4476706Z Metadata: read
2025-09-08T16:09:10.4477174Z Models: read
2025-09-08T16:09:10.4477691Z Packages: read
2025-09-08T16:09:10.4478193Z Pages: read
2025-09-08T16:09:10.4478701Z PullRequests: read
2025-09-08T16:09:10.4479253Z RepositoryProjects: read
2025-09-08T16:09:10.4479984Z SecurityEvents: read
2025-09-08T16:09:10.4480609Z Statuses: read
2025-09-08T16:09:10.4481154Z ##[endgroup]
2025-09-08T16:09:10.4483307Z Secret source: Dependabot
2025-09-08T16:09:10.4484128Z Prepare workflow directory
2025-09-08T16:09:10.4815868Z Prepare all required actions
2025-09-08T16:09:10.4853966Z Getting action download info
2025-09-08T16:09:10.8512114Z Download action repository 'actions/checkout@v4' (SHA:08eba0b27e820071cde6df949e0beb9ba4906955)
2025-09-08T16:09:11.0536007Z Download action repository 'actions/setup-python@v6' (SHA:e797f83bcb11b83ae66e0230d6156d7c80228e7c)
2025-09-08T16:09:11.5509246Z Download action repository 'codecov/codecov-action@v5' (SHA:5a1091511ad55cbe89839c7260b706298ca349f7)
2025-09-08T16:09:11.9824908Z Getting action download info
2025-09-08T16:09:12.1121740Z Download action repository 'actions/github-script@60a0d83039c74a4aee543508d2ffcb1c3799cdea' (SHA:60a0d83039c74a4aee543508d2ffcb1c3799cdea)
2025-09-08T16:09:12.5466517Z Complete job name: test (3.11, py)
2025-09-08T16:09:12.6270378Z ##[group]Run actions/checkout@v4
2025-09-08T16:09:12.6271789Z with:
2025-09-08T16:09:12.6272756Z   fetch-depth: 0
2025-09-08T16:09:12.6273758Z   repository: con/tinuous
2025-09-08T16:09:12.6274965Z   token: ***
2025-09-08T16:09:12.6275966Z   ssh-strict: true
2025-09-08T16:09:12.6276883Z   ssh-user: git
2025-09-08T16:09:12.6277782Z   persist-credentials: true
2025-09-08T16:09:12.6278869Z   clean: true
2025-09-08T16:09:12.6279776Z   sparse-checkout-cone-mode: true
2025-09-08T16:09:12.6281001Z   fetch-tags: false
2025-09-08T16:09:12.6282037Z   show-progress: true
2025-09-08T16:09:12.6282929Z   lfs: false
2025-09-08T16:09:12.6283784Z   submodules: false
2025-09-08T16:09:12.6284739Z   set-safe-directory: true
2025-09-08T16:09:12.6286049Z ##[endgroup]
2025-09-08T16:09:12.7378411Z Syncing repository: con/tinuous
2025-09-08T16:09:12.7381424Z ##[group]Getting Git version info
2025-09-08T16:09:12.7382749Z Working directory is '/home/runner/work/tinuous/tinuous'
2025-09-08T16:09:12.7384939Z [command]/usr/bin/git version
2025-09-08T16:09:12.7435142Z git version 2.51.0
2025-09-08T16:09:12.7461278Z ##[endgroup]
2025-09-08T16:09:12.7476093Z Temporarily overriding HOME='/home/runner/work/_temp/29b8ebd9-1dd1-4520-8b73-41ff29fe9d17' before making global git config changes
2025-09-08T16:09:12.7478933Z Adding repository directory to the temporary git global config as a safe directory
2025-09-08T16:09:12.7482158Z [command]/usr/bin/git config --global --add safe.directory /home/runner/work/tinuous/tinuous
2025-09-08T16:09:12.7517778Z Deleting the contents of '/home/runner/work/tinuous/tinuous'
2025-09-08T16:09:12.7521604Z ##[group]Initializing the repository
2025-09-08T16:09:12.7525330Z [command]/usr/bin/git init /home/runner/work/tinuous/tinuous
2025-09-08T16:09:12.7623892Z hint: Using 'master' as the name for the initial branch. This default branch name
2025-09-08T16:09:12.7627050Z hint: is subject to change. To configure the initial branch name to use in all
2025-09-08T16:09:12.7630102Z hint: of your new repositories, which will suppress this warning, call:
2025-09-08T16:09:12.7631807Z hint:
2025-09-08T16:09:12.7632933Z hint: 	git config --global init.defaultBranch <name>
2025-09-08T16:09:12.7634305Z hint:
2025-09-08T16:09:12.7635846Z hint: Names commonly chosen instead of 'master' are 'main', 'trunk' and
2025-09-08T16:09:12.7637764Z hint: 'development'. The just-created branch can be renamed via this command:
2025-09-08T16:09:12.7639220Z hint:
2025-09-08T16:09:12.7640704Z hint: 	git branch -m <name>
2025-09-08T16:09:12.7641671Z hint:
2025-09-08T16:09:12.7642931Z hint: Disable this message with "git config set advice.defaultBranchName false"
2025-09-08T16:09:12.7645008Z Initialized empty Git repository in /home/runner/work/tinuous/tinuous/.git/
2025-09-08T16:09:12.7648032Z [command]/usr/bin/git remote add origin https://github.com/con/tinuous
2025-09-08T16:09:12.7696945Z ##[endgroup]
2025-09-08T16:09:12.7698596Z ##[group]Disabling automatic garbage collection
2025-09-08T16:09:12.7700494Z [command]/usr/bin/git config --local gc.auto 0
2025-09-08T16:09:12.7730022Z ##[endgroup]
2025-09-08T16:09:12.7731460Z ##[group]Setting up auth
2025-09-08T16:09:12.7736064Z [command]/usr/bin/git config --local --name-only --get-regexp core\.sshCommand
2025-09-08T16:09:12.7767095Z [command]/usr/bin/git submodule foreach --recursive sh -c "git config --local --name-only --get-regexp 'core\.sshCommand' && git config --local --unset-all 'core.sshCommand' || :"
2025-09-08T16:09:12.8073237Z [command]/usr/bin/git config --local --name-only --get-regexp http\.https\:\/\/github\.com\/\.extraheader
2025-09-08T16:09:12.8108261Z [command]/usr/bin/git submodule foreach --recursive sh -c "git config --local --name-only --get-regexp 'http\.https\:\/\/github\.com\/\.extraheader' && git config --local --unset-all 'http.https://github.com/.extraheader' || :"
2025-09-08T16:09:12.8329017Z [command]/usr/bin/git config --local http.https://github.com/.extraheader AUTHORIZATION: basic ***
2025-09-08T16:09:12.8364114Z ##[endgroup]
2025-09-08T16:09:12.8366077Z ##[group]Fetching the repository
2025-09-08T16:09:12.8373861Z [command]/usr/bin/git -c protocol.version=2 fetch --prune --no-recurse-submodules origin +refs/heads/*:refs/remotes/origin/* +refs/tags/*:refs/tags/* +866c3ee86edf288168e3f9319b4d9e2675b163b8:refs/remotes/pull/218/merge
2025-09-08T16:09:13.2514229Z From https://github.com/con/tinuous
2025-09-08T16:09:13.2516277Z  * [new branch]      bf-circleci                              -> origin/bf-circleci
2025-09-08T16:09:13.2521213Z  * [new branch]      dependabot/github_actions/actions/checkout-5 -> origin/dependabot/github_actions/actions/checkout-5
2025-09-08T16:09:13.2523264Z  * [new branch]      dependabot/github_actions/actions/setup-python-6 -> origin/dependabot/github_actions/actions/setup-python-6
2025-09-08T16:09:13.2524650Z  * [new branch]      gh-55                                    -> origin/gh-55
2025-09-08T16:09:13.2525881Z  * [new branch]      master                                   -> origin/master
2025-09-08T16:09:13.2526971Z  * [new branch]      no-extra-search                          -> origin/no-extra-search
2025-09-08T16:09:13.2528144Z  * [new branch]      pragmata                                 -> origin/pragmata
2025-09-08T16:09:13.2593128Z  * [new branch]      test-appveyor                            -> origin/test-appveyor
2025-09-08T16:09:13.2594244Z  * [new tag]         0.1.0                                    -> 0.1.0
2025-09-08T16:09:13.2595628Z  * [new tag]         0.2.0                                    -> 0.2.0
2025-09-08T16:09:13.2596394Z  * [new tag]         0.3.0                                    -> 0.3.0
2025-09-08T16:09:13.2597053Z  * [new tag]         0.4.0                                    -> 0.4.0
2025-09-08T16:09:13.2597721Z  * [new tag]         0.5.0                                    -> 0.5.0
2025-09-08T16:09:13.2598453Z  * [new tag]         0.5.1                                    -> 0.5.1
2025-09-08T16:09:13.2599200Z  * [new tag]         0.5.2                                    -> 0.5.2
2025-09-08T16:09:13.2600173Z  * [new tag]         0.5.3                                    -> 0.5.3
2025-09-08T16:09:13.2600799Z  * [new tag]         0.5.4                                    -> 0.5.4
2025-09-08T16:09:13.2601248Z  * [new tag]         0.6.0                                    -> 0.6.0
2025-09-08T16:09:13.2601702Z  * [new tag]         0.6.1                                    -> 0.6.1
2025-09-08T16:09:13.2602149Z  * [new tag]         0.7.0                                    -> 0.7.0
2025-09-08T16:09:13.2602588Z  * [new tag]         0.7.1                                    -> 0.7.1
2025-09-08T16:09:13.2603012Z  * [new tag]         0.7.2                                    -> 0.7.2
2025-09-08T16:09:13.2603497Z  * [new ref]         866c3ee86edf288168e3f9319b4d9e2675b163b8 -> pull/218/merge
2025-09-08T16:09:13.2604802Z ##[endgroup]
2025-09-08T16:09:13.2605315Z ##[group]Determining the checkout info
2025-09-08T16:09:13.2605851Z ##[endgroup]
2025-09-08T16:09:13.2606198Z [command]/usr/bin/git sparse-checkout disable
2025-09-08T16:09:13.2623729Z [command]/usr/bin/git config --local --unset-all extensions.worktreeConfig
2025-09-08T16:09:13.2651644Z ##[group]Checking out the ref
2025-09-08T16:09:13.2655110Z [command]/usr/bin/git checkout --progress --force refs/remotes/pull/218/merge
2025-09-08T16:09:13.2707052Z Note: switching to 'refs/remotes/pull/218/merge'.
2025-09-08T16:09:13.2707536Z 
2025-09-08T16:09:13.2707845Z You are in 'detached HEAD' state. You can look around, make experimental
2025-09-08T16:09:13.2708434Z changes and commit them, and you can discard any commits you make in this
2025-09-08T16:09:13.2709012Z state without impacting any branches by switching back to a branch.
2025-09-08T16:09:13.2709348Z 
2025-09-08T16:09:13.2709592Z If you want to create a new branch to retain commits you create, you may
2025-09-08T16:09:13.2710444Z do so (now or later) by using -c with the switch command. Example:
2025-09-08T16:09:13.2710756Z 
2025-09-08T16:09:13.2710912Z   git switch -c <new-branch-name>
2025-09-08T16:09:13.2711352Z 
2025-09-08T16:09:13.2711516Z Or undo this operation with:
2025-09-08T16:09:13.2711864Z 
2025-09-08T16:09:13.2712091Z   git switch -
2025-09-08T16:09:13.2712412Z 
2025-09-08T16:09:13.2712882Z Turn off this advice by setting config variable advice.detachedHead to false
2025-09-08T16:09:13.2713563Z 
2025-09-08T16:09:13.2714299Z HEAD is now at 866c3ee Merge 0696fac55870329fd170575a6881d40a48a91b2d into 996b2b07ba111d746f412ad3e634e1eddc22c7b8
2025-09-08T16:09:13.2716727Z ##[endgroup]
2025-09-08T16:09:13.2750805Z [command]/usr/bin/git log -1 --format=%H
2025-09-08T16:09:13.2772719Z 866c3ee86edf288168e3f9319b4d9e2675b163b8
2025-09-08T16:09:13.2997686Z ##[group]Run actions/setup-python@v6
2025-09-08T16:09:13.2998095Z with:
2025-09-08T16:09:13.2998372Z   python-version: 3.11
2025-09-08T16:09:13.2998683Z   check-latest: false
2025-09-08T16:09:13.2999145Z   token: ***
2025-09-08T16:09:13.2999435Z   update-environment: true
2025-09-08T16:09:13.2999768Z   allow-prereleases: false
2025-09-08T16:09:13.3000330Z   freethreaded: false
2025-09-08T16:09:13.3000624Z ##[endgroup]
2025-09-08T16:09:13.4271664Z ##[group]Installed versions
2025-09-08T16:09:13.4391905Z (node:2218) [DEP0040] DeprecationWarning: The `punycode` module is deprecated. Please use a userland alternative instead.
2025-09-08T16:09:13.4392761Z (Use `node --trace-deprecation ...` to show where the warning was created)
2025-09-08T16:09:13.4394035Z Successfully set up CPython (3.11.13)
2025-09-08T16:09:13.4395076Z ##[endgroup]
2025-09-08T16:09:13.4536947Z ##[group]Run python -m pip install --upgrade pip wheel
2025-09-08T16:09:13.4537536Z [36;1mpython -m pip install --upgrade pip wheel[0m
2025-09-08T16:09:13.4538040Z [36;1mpython -m pip install --upgrade --upgrade-strategy=eager tox[0m
2025-09-08T16:09:13.4831913Z shell: /usr/bin/bash -e {0}
2025-09-08T16:09:13.4832306Z env:
2025-09-08T16:09:13.4832663Z   pythonLocation: /opt/hostedtoolcache/Python/3.11.13/x64
2025-09-08T16:09:13.4833246Z   PKG_CONFIG_PATH: /opt/hostedtoolcache/Python/3.11.13/x64/lib/pkgconfig
2025-09-08T16:09:13.4833800Z   Python_ROOT_DIR: /opt/hostedtoolcache/Python/3.11.13/x64
2025-09-08T16:09:13.4834280Z   Python2_ROOT_DIR: /opt/hostedtoolcache/Python/3.11.13/x64
2025-09-08T16:09:13.4834770Z   Python3_ROOT_DIR: /opt/hostedtoolcache/Python/3.11.13/x64
2025-09-08T16:09:13.4835299Z   LD_LIBRARY_PATH: /opt/hostedtoolcache/Python/3.11.13/x64/lib
2025-09-08T16:09:13.4835740Z ##[endgroup]
2025-09-08T16:09:19.7583178Z Requirement already satisfied: pip in /opt/hostedtoolcache/Python/3.11.13/x64/lib/python3.11/site-packages (25.2)
2025-09-08T16:09:19.8609279Z Collecting wheel
2025-09-08T16:09:19.9414726Z   Downloading wheel-0.45.1-py3-none-any.whl.metadata (2.3 kB)
2025-09-08T16:09:19.9785683Z Downloading wheel-0.45.1-py3-none-any.whl (72 kB)
2025-09-08T16:09:20.0452239Z Installing collected packages: wheel
2025-09-08T16:09:20.0894310Z Successfully installed wheel-0.45.1
2025-09-08T16:09:21.0715106Z Collecting tox
2025-09-08T16:09:21.2283896Z   Downloading tox-4.30.2-py3-none-any.whl.metadata (3.6 kB)
2025-09-08T16:09:21.2493629Z Collecting cachetools>=6.1 (from tox)
2025-09-08T16:09:21.2642434Z   Downloading cachetools-6.2.0-py3-none-any.whl.metadata (5.4 kB)
2025-09-08T16:09:21.2768691Z Collecting chardet>=5.2 (from tox)
2025-09-08T16:09:21.2915191Z   Downloading chardet-5.2.0-py3-none-any.whl.metadata (3.4 kB)
2025-09-08T16:09:21.3083646Z Collecting colorama>=0.4.6 (from tox)
2025-09-08T16:09:21.3236839Z   Downloading colorama-0.4.6-py2.py3-none-any.whl.metadata (17 kB)
2025-09-08T16:09:21.3447701Z Collecting filelock>=3.18 (from tox)
2025-09-08T16:09:21.3608560Z   Downloading filelock-3.19.1-py3-none-any.whl.metadata (2.1 kB)
2025-09-08T16:09:21.3773561Z Collecting packaging>=25 (from tox)
2025-09-08T16:09:21.3923620Z   Downloading packaging-25.0-py3-none-any.whl.metadata (3.3 kB)
2025-09-08T16:09:21.4200604Z Collecting platformdirs>=4.3.8 (from tox)
2025-09-08T16:09:21.4345432Z   Downloading platformdirs-4.4.0-py3-none-any.whl.metadata (12 kB)
2025-09-08T16:09:21.4508891Z Collecting pluggy>=1.6 (from tox)
2025-09-08T16:09:21.4654478Z   Downloading pluggy-1.6.0-py3-none-any.whl.metadata (4.8 kB)
2025-09-08T16:09:21.4784328Z Collecting pyproject-api>=1.9.1 (from tox)
2025-09-08T16:09:21.4926471Z   Downloading pyproject_api-1.9.1-py3-none-any.whl.metadata (2.7 kB)
2025-09-08T16:09:21.5346214Z Collecting virtualenv>=20.31.2 (from tox)
2025-09-08T16:09:21.5488303Z   Downloading virtualenv-20.34.0-py3-none-any.whl.metadata (4.6 kB)
2025-09-08T16:09:21.5695312Z Collecting distlib<1,>=0.3.7 (from virtualenv>=20.31.2->tox)
2025-09-08T16:09:21.5839018Z   Downloading distlib-0.4.0-py2.py3-none-any.whl.metadata (5.2 kB)
2025-09-08T16:09:21.6103494Z Downloading tox-4.30.2-py3-none-any.whl (175 kB)
2025-09-08T16:09:21.6528450Z Downloading cachetools-6.2.0-py3-none-any.whl (11 kB)
2025-09-08T16:09:21.6698012Z Downloading chardet-5.2.0-py3-none-any.whl (199 kB)
2025-09-08T16:09:21.6911069Z Downloading colorama-0.4.6-py2.py3-none-any.whl (25 kB)
2025-09-08T16:09:21.7079259Z Downloading filelock-3.19.1-py3-none-any.whl (15 kB)
2025-09-08T16:09:21.7244558Z Downloading packaging-25.0-py3-none-any.whl (66 kB)
2025-09-08T16:09:21.7429692Z Downloading platformdirs-4.4.0-py3-none-any.whl (18 kB)
2025-09-08T16:09:21.7594173Z Downloading pluggy-1.6.0-py3-none-any.whl (20 kB)
2025-09-08T16:09:21.7756181Z Downloading pyproject_api-1.9.1-py3-none-any.whl (13 kB)
2025-09-08T16:09:21.7918726Z Downloading virtualenv-20.34.0-py3-none-any.whl (6.0 MB)
2025-09-08T16:09:21.8505430Z    ━━━━━━━━━━━━━━━━━━━━━━━━━━━━━━━━━━━━━━━━ 6.0/6.0 MB 107.2 MB/s  0:00:00
2025-09-08T16:09:21.8649666Z Downloading distlib-0.4.0-py2.py3-none-any.whl (469 kB)
2025-09-08T16:09:21.9039319Z Installing collected packages: distlib, pluggy, platformdirs, packaging, filelock, colorama, chardet, cachetools, virtualenv, pyproject-api, tox
2025-09-08T16:09:22.5437130Z 
2025-09-08T16:09:22.5451332Z Successfully installed cachetools-6.2.0 chardet-5.2.0 colorama-0.4.6 distlib-0.4.0 filelock-3.19.1 packaging-25.0 platformdirs-4.4.0 pluggy-1.6.0 pyproject-api-1.9.1 tox-4.30.2 virtualenv-20.34.0
2025-09-08T16:09:22.5999195Z ##[group]Run tox -e py -- --cov-report=xml
2025-09-08T16:09:22.5999581Z [36;1mtox -e py -- --cov-report=xml[0m
2025-09-08T16:09:22.6029944Z shell: /usr/bin/bash -e {0}
2025-09-08T16:09:22.6030190Z env:
2025-09-08T16:09:22.6030445Z   pythonLocation: /opt/hostedtoolcache/Python/3.11.13/x64
2025-09-08T16:09:22.6030887Z   PKG_CONFIG_PATH: /opt/hostedtoolcache/Python/3.11.13/x64/lib/pkgconfig
2025-09-08T16:09:22.6031293Z   Python_ROOT_DIR: /opt/hostedtoolcache/Python/3.11.13/x64
2025-09-08T16:09:22.6031651Z   Python2_ROOT_DIR: /opt/hostedtoolcache/Python/3.11.13/x64
2025-09-08T16:09:22.6032025Z   Python3_ROOT_DIR: /opt/hostedtoolcache/Python/3.11.13/x64
2025-09-08T16:09:22.6032404Z   LD_LIBRARY_PATH: /opt/hostedtoolcache/Python/3.11.13/x64/lib
2025-09-08T16:09:22.6032708Z ##[endgroup]
2025-09-08T16:09:23.6996354Z py: install_deps> python -I -m pip install pytest pytest-cov pytest-mock
2025-09-08T16:09:27.1402839Z .pkg: install_requires> python -I -m pip install 'setuptools>=46.4.0' versioningit
2025-09-08T16:09:28.6820941Z .pkg: _optional_hooks> python /opt/hostedtoolcache/Python/3.11.13/x64/lib/python3.11/site-packages/pyproject_api/_backend.py True setuptools.build_meta
2025-09-08T16:09:29.0076115Z .pkg: get_requires_for_build_sdist> python /opt/hostedtoolcache/Python/3.11.13/x64/lib/python3.11/site-packages/pyproject_api/_backend.py True setuptools.build_meta
2025-09-08T16:09:29.2455289Z .pkg: get_requires_for_build_wheel> python /opt/hostedtoolcache/Python/3.11.13/x64/lib/python3.11/site-packages/pyproject_api/_backend.py True setuptools.build_meta
2025-09-08T16:09:29.4521601Z .pkg: freeze> python -m pip freeze --all
2025-09-08T16:09:29.6609494Z .pkg: packaging==25.0,pip==25.2,setuptools==80.9.0,versioningit==3.3.0
2025-09-08T16:09:29.6614010Z .pkg: prepare_metadata_for_build_wheel> python /opt/hostedtoolcache/Python/3.11.13/x64/lib/python3.11/site-packages/pyproject_api/_backend.py True setuptools.build_meta
2025-09-08T16:09:29.9072825Z .pkg: build_sdist> python /opt/hostedtoolcache/Python/3.11.13/x64/lib/python3.11/site-packages/pyproject_api/_backend.py True setuptools.build_meta
2025-09-08T16:09:30.1449654Z py: install_package_deps> python -I -m pip install 'PyYAML>=5.0' 'click-loglevel~=0.2' 'click>=7.0' 'ghtoken~=0.1' 'in_place~=1.0' 'pydantic~=2.0' 'python-dateutil~=2.7' 'python-dotenv<2.0,>=0.11' 'requests~=2.20'
2025-09-08T16:09:34.0168936Z py: install_package> python -I -m pip install --force-reinstall --no-deps /home/runner/work/tinuous/tinuous/.tox/.tmp/package/1/tinuous-0.7.2.post2+g866c3ee.tar.gz
2025-09-08T16:09:36.0069257Z py: freeze> python -m pip freeze --all
2025-09-08T16:09:36.2278781Z py: annotated-types==0.7.0,certifi==2025.8.3,charset-normalizer==3.4.3,click==8.2.1,click-loglevel==0.6.1,coverage==7.10.6,ghtoken==0.1.2,idna==3.10,in_place==1.0.1,iniconfig==2.1.0,packaging==25.0,pip==25.2,pluggy==1.6.0,pydantic==2.11.7,pydantic_core==2.33.2,Pygments==2.19.2,pytest==8.4.2,pytest-cov==6.3.0,pytest-mock==3.15.0,python-dateutil==2.9.0.post0,python-dotenv==1.1.1,PyYAML==6.0.2,requests==2.32.5,ruamel.yaml==0.18.15,ruamel.yaml.clib==0.2.12,setuptools==80.9.0,six==1.17.0,tinuous @ file:///home/runner/work/tinuous/tinuous/.tox/.tmp/package/1/tinuous-0.7.2.post2%2Bg866c3ee.tar.gz#sha256=3d162e0e9541de3abcce3fe54d06f645ec8255c4b222398609806224b583d703,typing-inspection==0.4.1,typing_extensions==4.15.0,urllib3==2.5.0
2025-09-08T16:09:36.2282549Z py: commands[0]> tinuous --help
2025-09-08T16:09:36.5668687Z Usage: tinuous [OPTIONS] COMMAND [ARGS]...
2025-09-08T16:09:36.5669068Z 
2025-09-08T16:09:36.5669384Z   Download build logs from GitHub Actions, Travis, Appveyor, and CircleCI
2025-09-08T16:09:36.5670105Z 
2025-09-08T16:09:36.5670237Z Options:
2025-09-08T16:09:36.5670636Z   -V, --version                   Show the version and exit.
2025-09-08T16:09:36.5671224Z   -c, --config FILE               Read configuration from the given file
2025-09-08T16:09:36.5671882Z                                   [default: tinuous.yaml]
2025-09-08T16:09:36.5672878Z   -E, --env FILE                  Load environment variables from given .env
2025-09-08T16:09:36.5673389Z                                   file
2025-09-08T16:09:36.5673885Z   -l, --log-level [NOTSET|DEBUG|INFO|WARNING|ERROR|CRITICAL]
2025-09-08T16:09:36.5674419Z                                   Set logging level  [default: INFO]
2025-09-08T16:09:36.5674946Z   --help                          Show this message and exit.
2025-09-08T16:09:36.5675272Z 
2025-09-08T16:09:36.5675395Z Commands:
2025-09-08T16:09:36.5675701Z   fetch         Download logs
2025-09-08T16:09:36.5676116Z   fetch-commit  Download logs for a specific commit
2025-09-08T16:09:36.5676588Z   sanitize      Sanitize secrets in logs
2025-09-08T16:09:36.5985615Z py: commands[1]> pytest --cov-report=xml test
2025-09-08T16:09:37.8845153Z ============================= test session starts ==============================
2025-09-08T16:09:37.8845986Z platform linux -- Python 3.11.13, pytest-8.4.2, pluggy-1.6.0
2025-09-08T16:09:37.8846646Z cachedir: .tox/py/.pytest_cache
2025-09-08T16:09:37.8847140Z rootdir: /home/runner/work/tinuous/tinuous
2025-09-08T16:09:37.8847622Z configfile: tox.ini
2025-09-08T16:09:37.8847991Z plugins: mock-3.15.0, cov-6.3.0
2025-09-08T16:09:37.8848451Z collected 64 items
2025-09-08T16:09:37.8848698Z 
2025-09-08T16:09:37.8969730Z test/test_base.py .........                                              [ 14%]
2025-09-08T16:09:37.9072135Z test/test_config.py ........                                             [ 26%]
2025-09-08T16:09:37.9259126Z test/test_state.py ........                                              [ 39%]
2025-09-08T16:09:38.2246371Z test/test_util.py .......................................                [100%]
2025-09-08T16:09:38.2247005Z 
2025-09-08T16:09:38.2247207Z ================================ tests coverage ================================
2025-09-08T16:09:38.2247716Z _______________ coverage: platform linux, python 3.11.13-final-0 _______________
2025-09-08T16:09:38.2248057Z 
2025-09-08T16:09:38.2248223Z Coverage XML written to file coverage.xml
2025-09-08T16:09:38.2248638Z ============================== 64 passed in 0.67s ==============================
2025-09-08T16:09:38.3008020Z   py: OK (14.92=setup[12.84]+cmd[0.37,1.70] seconds)
2025-09-08T16:09:38.3008417Z   congratulations :) (14.96 seconds)
2025-09-08T16:09:38.3581303Z ##[group]Run codecov/codecov-action@v5
2025-09-08T16:09:38.3581610Z with:
2025-09-08T16:09:38.3581792Z   fail_ci_if_error: false
2025-09-08T16:09:38.3582277Z   token: ***
2025-09-08T16:09:38.3582451Z   name: 3.11
2025-09-08T16:09:38.3582627Z   disable_file_fixes: false
2025-09-08T16:09:38.3582840Z   disable_search: false
2025-09-08T16:09:38.3583037Z   disable_safe_directory: false
2025-09-08T16:09:38.3583254Z   disable_telem: false
2025-09-08T16:09:38.3583432Z   dry_run: false
2025-09-08T16:09:38.3583607Z   git_service: github
2025-09-08T16:09:38.3583795Z   gcov_executable: gcov
2025-09-08T16:09:38.3583990Z   handle_no_reports_found: false
2025-09-08T16:09:38.3584216Z   recurse_submodules: false
2025-09-08T16:09:38.3584427Z   run_command: upload-coverage
2025-09-08T16:09:38.3584645Z   skip_validation: false
2025-09-08T16:09:38.3584856Z   use_legacy_upload_endpoint: false
2025-09-08T16:09:38.3585075Z   use_oidc: false
2025-09-08T16:09:38.3585248Z   use_pypi: false
2025-09-08T16:09:38.3585443Z   verbose: false
2025-09-08T16:09:38.3585607Z   version: latest
2025-09-08T16:09:38.3585948Z env:
2025-09-08T16:09:38.3586185Z   pythonLocation: /opt/hostedtoolcache/Python/3.11.13/x64
2025-09-08T16:09:38.3586597Z   PKG_CONFIG_PATH: /opt/hostedtoolcache/Python/3.11.13/x64/lib/pkgconfig
2025-09-08T16:09:38.3586992Z   Python_ROOT_DIR: /opt/hostedtoolcache/Python/3.11.13/x64
2025-09-08T16:09:38.3587340Z   Python2_ROOT_DIR: /opt/hostedtoolcache/Python/3.11.13/x64
2025-09-08T16:09:38.3587678Z   Python3_ROOT_DIR: /opt/hostedtoolcache/Python/3.11.13/x64
2025-09-08T16:09:38.3588040Z   LD_LIBRARY_PATH: /opt/hostedtoolcache/Python/3.11.13/x64/lib
2025-09-08T16:09:38.3588331Z ##[endgroup]
2025-09-08T16:09:38.3683614Z ##[group]Run missing_deps=""
2025-09-08T16:09:38.3683893Z [36;1mmissing_deps=""[0m
2025-09-08T16:09:38.3684096Z [36;1m[0m
2025-09-08T16:09:38.3684269Z [36;1m# Check for required commands[0m
2025-09-08T16:09:38.3684525Z [36;1mfor cmd in bash git curl gpg; do[0m
2025-09-08T16:09:38.3684804Z [36;1m  if ! command -v "$cmd" >/dev/null 2>&1; then[0m
2025-09-08T16:09:38.3685103Z [36;1m    missing_deps="$missing_deps $cmd"[0m
2025-09-08T16:09:38.3685341Z [36;1m  fi[0m
2025-09-08T16:09:38.3685498Z [36;1mdone[0m
2025-09-08T16:09:38.3685654Z [36;1m[0m
2025-09-08T16:09:38.3685840Z [36;1m# Report missing required dependencies[0m
2025-09-08T16:09:38.3686121Z [36;1mif [ -n "$missing_deps" ]; then[0m
2025-09-08T16:09:38.3686493Z [36;1m  echo "Error: The following required dependencies are missing:$missing_deps"[0m
2025-09-08T16:09:38.3686956Z [36;1m  echo "Please install these dependencies before using this action."[0m
2025-09-08T16:09:38.3687283Z [36;1m  exit 1[0m
2025-09-08T16:09:38.3687453Z [36;1mfi[0m
2025-09-08T16:09:38.3687605Z [36;1m[0m
2025-09-08T16:09:38.3687839Z [36;1mecho "All required system dependencies are available."[0m
2025-09-08T16:09:38.3712515Z shell: /usr/bin/sh -e {0}
2025-09-08T16:09:38.3712747Z env:
2025-09-08T16:09:38.3712999Z   pythonLocation: /opt/hostedtoolcache/Python/3.11.13/x64
2025-09-08T16:09:38.3713416Z   PKG_CONFIG_PATH: /opt/hostedtoolcache/Python/3.11.13/x64/lib/pkgconfig
2025-09-08T16:09:38.3713811Z   Python_ROOT_DIR: /opt/hostedtoolcache/Python/3.11.13/x64
2025-09-08T16:09:38.3714168Z   Python2_ROOT_DIR: /opt/hostedtoolcache/Python/3.11.13/x64
2025-09-08T16:09:38.3714519Z   Python3_ROOT_DIR: /opt/hostedtoolcache/Python/3.11.13/x64
2025-09-08T16:09:38.3714860Z   LD_LIBRARY_PATH: /opt/hostedtoolcache/Python/3.11.13/x64/lib
2025-09-08T16:09:38.3715144Z ##[endgroup]
2025-09-08T16:09:38.3754109Z All required system dependencies are available.
2025-09-08T16:09:38.3781126Z ##[group]Run CC_ACTION_VERSION=$(cat ${GITHUB_ACTION_PATH}/src/version)
2025-09-08T16:09:38.3781622Z [36;1mCC_ACTION_VERSION=$(cat ${GITHUB_ACTION_PATH}/src/version)[0m
2025-09-08T16:09:38.3782054Z [36;1mecho -e "\033[0;32m==>\033[0m Running Action version $CC_ACTION_VERSION"[0m
2025-09-08T16:09:38.3810474Z shell: /usr/bin/bash --noprofile --norc -e -o pipefail {0}
2025-09-08T16:09:38.3810972Z env:
2025-09-08T16:09:38.3811227Z   pythonLocation: /opt/hostedtoolcache/Python/3.11.13/x64
2025-09-08T16:09:38.3811640Z   PKG_CONFIG_PATH: /opt/hostedtoolcache/Python/3.11.13/x64/lib/pkgconfig
2025-09-08T16:09:38.3812026Z   Python_ROOT_DIR: /opt/hostedtoolcache/Python/3.11.13/x64
2025-09-08T16:09:38.3812372Z   Python2_ROOT_DIR: /opt/hostedtoolcache/Python/3.11.13/x64
2025-09-08T16:09:38.3812708Z   Python3_ROOT_DIR: /opt/hostedtoolcache/Python/3.11.13/x64
2025-09-08T16:09:38.3813050Z   LD_LIBRARY_PATH: /opt/hostedtoolcache/Python/3.11.13/x64/lib
2025-09-08T16:09:38.3813333Z ##[endgroup]
2025-09-08T16:09:38.3873386Z [0;32m==>[0m Running Action version 5.5.1
2025-09-08T16:09:38.3913123Z ##[group]Run git config --global --add safe.directory "/home/runner/work/tinuous/tinuous"
2025-09-08T16:09:38.3913669Z [36;1mgit config --global --add safe.directory "/home/runner/work/tinuous/tinuous"[0m
2025-09-08T16:09:38.3914112Z [36;1mgit config --global --add safe.directory "$GITHUB_WORKSPACE"[0m
2025-09-08T16:09:38.3941788Z shell: /usr/bin/bash --noprofile --norc -e -o pipefail {0}
2025-09-08T16:09:38.3942264Z env:
2025-09-08T16:09:38.3942507Z   pythonLocation: /opt/hostedtoolcache/Python/3.11.13/x64
2025-09-08T16:09:38.3942896Z   PKG_CONFIG_PATH: /opt/hostedtoolcache/Python/3.11.13/x64/lib/pkgconfig
2025-09-08T16:09:38.3943280Z   Python_ROOT_DIR: /opt/hostedtoolcache/Python/3.11.13/x64
2025-09-08T16:09:38.3943620Z   Python2_ROOT_DIR: /opt/hostedtoolcache/Python/3.11.13/x64
2025-09-08T16:09:38.3943963Z   Python3_ROOT_DIR: /opt/hostedtoolcache/Python/3.11.13/x64
2025-09-08T16:09:38.3944317Z   LD_LIBRARY_PATH: /opt/hostedtoolcache/Python/3.11.13/x64/lib
2025-09-08T16:09:38.3944604Z ##[endgroup]
2025-09-08T16:09:38.4043153Z ##[group]Run CC_FORK="false"
2025-09-08T16:09:38.4043390Z [36;1mCC_FORK="false"[0m
2025-09-08T16:09:38.4043860Z [36;1mif [ -n "$GITHUB_EVENT_PULL_REQUEST_HEAD_REPO_FULL_NAME" ] && [ "$GITHUB_EVENT_PULL_REQUEST_HEAD_REPO_FULL_NAME" != "$GITHUB_REPOSITORY" ];[0m
2025-09-08T16:09:38.4044366Z [36;1mthen[0m
2025-09-08T16:09:38.4044582Z [36;1m  echo -e "\033[0;32m==>\033[0m Fork detected"[0m
2025-09-08T16:09:38.4044849Z [36;1m  CC_FORK="true"[0m
2025-09-08T16:09:38.4045042Z [36;1mfi[0m
2025-09-08T16:09:38.4045235Z [36;1mecho "CC_FORK=$CC_FORK" >> "$GITHUB_ENV"[0m
2025-09-08T16:09:38.4072150Z shell: /usr/bin/bash --noprofile --norc -e -o pipefail {0}
2025-09-08T16:09:38.4072457Z env:
2025-09-08T16:09:38.4072700Z   pythonLocation: /opt/hostedtoolcache/Python/3.11.13/x64
2025-09-08T16:09:38.4073089Z   PKG_CONFIG_PATH: /opt/hostedtoolcache/Python/3.11.13/x64/lib/pkgconfig
2025-09-08T16:09:38.4073467Z   Python_ROOT_DIR: /opt/hostedtoolcache/Python/3.11.13/x64
2025-09-08T16:09:38.4073818Z   Python2_ROOT_DIR: /opt/hostedtoolcache/Python/3.11.13/x64
2025-09-08T16:09:38.4074151Z   Python3_ROOT_DIR: /opt/hostedtoolcache/Python/3.11.13/x64
2025-09-08T16:09:38.4074489Z   LD_LIBRARY_PATH: /opt/hostedtoolcache/Python/3.11.13/x64/lib
2025-09-08T16:09:38.4074935Z   GITHUB_EVENT_PULL_REQUEST_HEAD_LABEL: con:dependabot/github_actions/actions/setup-python-6
2025-09-08T16:09:38.4075386Z   GITHUB_EVENT_PULL_REQUEST_HEAD_REPO_FULL_NAME: con/tinuous
2025-09-08T16:09:38.4075683Z   GITHUB_REPOSITORY: con/tinuous
2025-09-08T16:09:38.4075899Z ##[endgroup]
2025-09-08T16:09:38.4176715Z ##[group]Run actions/github-script@60a0d83039c74a4aee543508d2ffcb1c3799cdea
2025-09-08T16:09:38.4177061Z with:
2025-09-08T16:09:38.4177571Z   script: if (process.env.CC_USE_OIDC === 'true' && process.env.CC_FORK != 'true') {
  const id_token = await core.getIDToken(process.env.CC_OIDC_AUDIENCE)
  return id_token
}

2025-09-08T16:09:38.4178277Z   github-token: ***
2025-09-08T16:09:38.4178473Z   debug: false
2025-09-08T16:09:38.4178665Z   user-agent: actions/github-script
2025-09-08T16:09:38.4178905Z   result-encoding: json
2025-09-08T16:09:38.4179101Z   retries: 0
2025-09-08T16:09:38.4179299Z   retry-exempt-status-codes: 400,401,403,404,422
2025-09-08T16:09:38.4179557Z env:
2025-09-08T16:09:38.4180217Z   pythonLocation: /opt/hostedtoolcache/Python/3.11.13/x64
2025-09-08T16:09:38.4180716Z   PKG_CONFIG_PATH: /opt/hostedtoolcache/Python/3.11.13/x64/lib/pkgconfig
2025-09-08T16:09:38.4181114Z   Python_ROOT_DIR: /opt/hostedtoolcache/Python/3.11.13/x64
2025-09-08T16:09:38.4181610Z   Python2_ROOT_DIR: /opt/hostedtoolcache/Python/3.11.13/x64
2025-09-08T16:09:38.4181985Z   Python3_ROOT_DIR: /opt/hostedtoolcache/Python/3.11.13/x64
2025-09-08T16:09:38.4182347Z   LD_LIBRARY_PATH: /opt/hostedtoolcache/Python/3.11.13/x64/lib
2025-09-08T16:09:38.4182643Z   CC_FORK: false
2025-09-08T16:09:38.4182841Z   CC_OIDC_AUDIENCE: https://codecov.io
2025-09-08T16:09:38.4183093Z   CC_USE_OIDC: false
2025-09-08T16:09:38.4183280Z ##[endgroup]
2025-09-08T16:09:38.5107697Z ##[group]Run if [ "false" == 'true' ] && [ "$CC_FORK" != 'true' ];
2025-09-08T16:09:38.5108088Z [36;1mif [ "false" == 'true' ] && [ "$CC_FORK" != 'true' ];[0m
2025-09-08T16:09:38.5108358Z [36;1mthen[0m
2025-09-08T16:09:38.5108579Z [36;1m  echo "CC_TOKEN=$CC_OIDC_TOKEN" >> "$GITHUB_ENV"[0m
2025-09-08T16:09:38.5108873Z [36;1melif [ -n "" ];[0m
2025-09-08T16:09:38.5109227Z [36;1mthen[0m
2025-09-08T16:09:38.5109456Z [36;1m  echo -e "\033[0;32m==>\033[0m Token set from env"[0m
2025-09-08T16:09:38.5109756Z [36;1m    echo "CC_TOKEN=" >> "$GITHUB_ENV"[0m
2025-09-08T16:09:38.5110327Z [36;1melse[0m
2025-09-08T16:09:38.5110670Z [36;1m  if [ -n "***" ];[0m
2025-09-08T16:09:38.5110870Z [36;1m  then[0m
2025-09-08T16:09:38.5111096Z [36;1m    echo -e "\033[0;32m==>\033[0m Token set from input"[0m
2025-09-08T16:09:38.5111484Z [36;1m    CC_TOKEN=$(echo "***" | tr -d '\n')[0m
2025-09-08T16:09:38.5111763Z [36;1m    echo "CC_TOKEN=$CC_TOKEN" >> "$GITHUB_ENV"[0m
2025-09-08T16:09:38.5112014Z [36;1m  fi[0m
2025-09-08T16:09:38.5112177Z [36;1mfi[0m
2025-09-08T16:09:38.5142146Z shell: /usr/bin/bash --noprofile --norc -e -o pipefail {0}
2025-09-08T16:09:38.5142456Z env:
2025-09-08T16:09:38.5142704Z   pythonLocation: /opt/hostedtoolcache/Python/3.11.13/x64
2025-09-08T16:09:38.5143126Z   PKG_CONFIG_PATH: /opt/hostedtoolcache/Python/3.11.13/x64/lib/pkgconfig
2025-09-08T16:09:38.5143524Z   Python_ROOT_DIR: /opt/hostedtoolcache/Python/3.11.13/x64
2025-09-08T16:09:38.5143871Z   Python2_ROOT_DIR: /opt/hostedtoolcache/Python/3.11.13/x64
2025-09-08T16:09:38.5144238Z   Python3_ROOT_DIR: /opt/hostedtoolcache/Python/3.11.13/x64
2025-09-08T16:09:38.5144603Z   LD_LIBRARY_PATH: /opt/hostedtoolcache/Python/3.11.13/x64/lib
2025-09-08T16:09:38.5144895Z   CC_FORK: false
2025-09-08T16:09:38.5145068Z   CC_OIDC_TOKEN: 
2025-09-08T16:09:38.5145277Z   CC_OIDC_AUDIENCE: https://codecov.io
2025-09-08T16:09:38.5145521Z ##[endgroup]
2025-09-08T16:09:38.5195067Z [0;32m==>[0m Token set from input
2025-09-08T16:09:38.5233020Z ##[group]Run if [ -z "$CC_BRANCH" ] && [ -z "$CC_TOKEN" ] && [ "$CC_FORK" == 'true' ]
2025-09-08T16:09:38.5233456Z [36;1mif [ -z "$CC_BRANCH" ] && [ -z "$CC_TOKEN" ] && [ "$CC_FORK" == 'true' ][0m
2025-09-08T16:09:38.5233757Z [36;1mthen[0m
2025-09-08T16:09:38.5234114Z [36;1m  echo -e "\033[0;32m==>\033[0m Fork detected, setting branch to $GITHUB_EVENT_PULL_REQUEST_HEAD_LABEL"[0m
2025-09-08T16:09:38.5234576Z [36;1m  TOKENLESS="$GITHUB_EVENT_PULL_REQUEST_HEAD_LABEL"[0m
2025-09-08T16:09:38.5234895Z [36;1m  CC_BRANCH="$GITHUB_EVENT_PULL_REQUEST_HEAD_LABEL"[0m
2025-09-08T16:09:38.5235195Z [36;1m  echo "TOKENLESS=$TOKENLESS" >> "$GITHUB_ENV"[0m
2025-09-08T16:09:38.5235444Z [36;1mfi[0m
2025-09-08T16:09:38.5235599Z [36;1m[0m
2025-09-08T16:09:38.5235796Z [36;1mecho "CC_BRANCH=$CC_BRANCH" >> "$GITHUB_ENV"[0m
2025-09-08T16:09:38.5262726Z shell: /usr/bin/bash --noprofile --norc -e -o pipefail {0}
2025-09-08T16:09:38.5263032Z env:
2025-09-08T16:09:38.5263272Z   pythonLocation: /opt/hostedtoolcache/Python/3.11.13/x64
2025-09-08T16:09:38.5263683Z   PKG_CONFIG_PATH: /opt/hostedtoolcache/Python/3.11.13/x64/lib/pkgconfig
2025-09-08T16:09:38.5264081Z   Python_ROOT_DIR: /opt/hostedtoolcache/Python/3.11.13/x64
2025-09-08T16:09:38.5264432Z   Python2_ROOT_DIR: /opt/hostedtoolcache/Python/3.11.13/x64
2025-09-08T16:09:38.5264926Z   Python3_ROOT_DIR: /opt/hostedtoolcache/Python/3.11.13/x64
2025-09-08T16:09:38.5265279Z   LD_LIBRARY_PATH: /opt/hostedtoolcache/Python/3.11.13/x64/lib
2025-09-08T16:09:38.5265557Z   CC_FORK: false
2025-09-08T16:09:38.5265826Z   CC_TOKEN: ***
2025-09-08T16:09:38.5265995Z   CC_BRANCH: 
2025-09-08T16:09:38.5266328Z   GITHUB_EVENT_PULL_REQUEST_HEAD_LABEL: con:dependabot/github_actions/actions/setup-python-6
2025-09-08T16:09:38.5266779Z   GITHUB_EVENT_PULL_REQUEST_HEAD_REPO_FULL_NAME: con/tinuous
2025-09-08T16:09:38.5267068Z   GITHUB_REPOSITORY: con/tinuous
2025-09-08T16:09:38.5267281Z ##[endgroup]
2025-09-08T16:09:38.5338465Z ##[group]Run if [ -z "$CC_SHA" ];
2025-09-08T16:09:38.5338732Z [36;1mif [ -z "$CC_SHA" ];[0m
2025-09-08T16:09:38.5338934Z [36;1mthen[0m
2025-09-08T16:09:38.5339148Z [36;1m  CC_SHA="$GITHUB_EVENT_PULL_REQUEST_HEAD_SHA"[0m
2025-09-08T16:09:38.5339408Z [36;1mfi[0m
2025-09-08T16:09:38.5339611Z [36;1mif [ -z "$CC_PR" ] && [ "$CC_FORK" == 'true' ];[0m
2025-09-08T16:09:38.5340502Z [36;1mthen[0m
2025-09-08T16:09:38.5340703Z [36;1m  CC_PR="$GITHUB_EVENT_NUMBER"[0m
2025-09-08T16:09:38.5341134Z [36;1mfi[0m
2025-09-08T16:09:38.5341425Z [36;1m[0m
2025-09-08T16:09:38.5341638Z [36;1mecho "CC_SHA=$CC_SHA" >> "$GITHUB_ENV"[0m
2025-09-08T16:09:38.5341913Z [36;1mecho "CC_PR=$CC_PR" >> "$GITHUB_ENV"[0m
2025-09-08T16:09:38.5368976Z shell: /usr/bin/bash --noprofile --norc -e -o pipefail {0}
2025-09-08T16:09:38.5369287Z env:
2025-09-08T16:09:38.5369527Z   pythonLocation: /opt/hostedtoolcache/Python/3.11.13/x64
2025-09-08T16:09:38.5370179Z   PKG_CONFIG_PATH: /opt/hostedtoolcache/Python/3.11.13/x64/lib/pkgconfig
2025-09-08T16:09:38.5370578Z   Python_ROOT_DIR: /opt/hostedtoolcache/Python/3.11.13/x64
2025-09-08T16:09:38.5370916Z   Python2_ROOT_DIR: /opt/hostedtoolcache/Python/3.11.13/x64
2025-09-08T16:09:38.5371255Z   Python3_ROOT_DIR: /opt/hostedtoolcache/Python/3.11.13/x64
2025-09-08T16:09:38.5371585Z   LD_LIBRARY_PATH: /opt/hostedtoolcache/Python/3.11.13/x64/lib
2025-09-08T16:09:38.5371873Z   CC_FORK: false
2025-09-08T16:09:38.5372144Z   CC_TOKEN: ***
2025-09-08T16:09:38.5372322Z   CC_BRANCH: 
2025-09-08T16:09:38.5372487Z   CC_PR: 
2025-09-08T16:09:38.5372637Z   CC_SHA: 
2025-09-08T16:09:38.5372801Z   GITHUB_EVENT_NAME: pull_request
2025-09-08T16:09:38.5373026Z   GITHUB_EVENT_NUMBER: 218
2025-09-08T16:09:38.5373328Z   GITHUB_EVENT_PULL_REQUEST_HEAD_SHA: 0696fac55870329fd170575a6881d40a48a91b2d
2025-09-08T16:09:38.5373660Z ##[endgroup]
2025-09-08T16:09:38.5466173Z ##[group]Run ${GITHUB_ACTION_PATH}/dist/codecov.sh
2025-09-08T16:09:38.5466531Z [36;1m${GITHUB_ACTION_PATH}/dist/codecov.sh[0m
2025-09-08T16:09:38.5493348Z shell: /usr/bin/bash --noprofile --norc -e -o pipefail {0}
2025-09-08T16:09:38.5493654Z env:
2025-09-08T16:09:38.5493903Z   pythonLocation: /opt/hostedtoolcache/Python/3.11.13/x64
2025-09-08T16:09:38.5494309Z   PKG_CONFIG_PATH: /opt/hostedtoolcache/Python/3.11.13/x64/lib/pkgconfig
2025-09-08T16:09:38.5494704Z   Python_ROOT_DIR: /opt/hostedtoolcache/Python/3.11.13/x64
2025-09-08T16:09:38.5495065Z   Python2_ROOT_DIR: /opt/hostedtoolcache/Python/3.11.13/x64
2025-09-08T16:09:38.5495415Z   Python3_ROOT_DIR: /opt/hostedtoolcache/Python/3.11.13/x64
2025-09-08T16:09:38.5495758Z   LD_LIBRARY_PATH: /opt/hostedtoolcache/Python/3.11.13/x64/lib
2025-09-08T16:09:38.5496046Z   CC_FORK: false
2025-09-08T16:09:38.5496318Z   CC_TOKEN: ***
2025-09-08T16:09:38.5496494Z   CC_BRANCH: 
2025-09-08T16:09:38.5496691Z   CC_SHA: 0696fac55870329fd170575a6881d40a48a91b2d
2025-09-08T16:09:38.5496929Z   CC_PR: 
2025-09-08T16:09:38.5497084Z   CC_BASE_SHA: 
2025-09-08T16:09:38.5497242Z   CC_BINARY: 
2025-09-08T16:09:38.5497401Z   CC_BUILD: 
2025-09-08T16:09:38.5497562Z   CC_BUILD_URL: 
2025-09-08T16:09:38.5497724Z   CC_CODE: 
2025-09-08T16:09:38.5497880Z   CC_DIR: 
2025-09-08T16:09:38.5498044Z   CC_DISABLE_FILE_FIXES: false
2025-09-08T16:09:38.5498265Z   CC_DISABLE_SEARCH: false
2025-09-08T16:09:38.5498471Z   CC_DISABLE_TELEM: false
2025-09-08T16:09:38.5498660Z   CC_DRY_RUN: false
2025-09-08T16:09:38.5499001Z   CC_ENTERPRISE_URL: 
2025-09-08T16:09:38.5499197Z   CC_ENV: 
2025-09-08T16:09:38.5499356Z   CC_EXCLUDES: 
2025-09-08T16:09:38.5499530Z   CC_FAIL_ON_ERROR: false
2025-09-08T16:09:38.5499719Z   CC_FILES: 
2025-09-08T16:09:38.5500111Z   CC_FLAGS: 
2025-09-08T16:09:38.5500275Z   CC_FORCE: 
2025-09-08T16:09:38.5500426Z   CC_GCOV_ARGS: 
2025-09-08T16:09:38.5500610Z   CC_GCOV_EXECUTABLE: gcov
2025-09-08T16:09:38.5500806Z   CC_GCOV_IGNORE: 
2025-09-08T16:09:38.5500984Z   CC_GCOV_INCLUDE: 
2025-09-08T16:09:38.5501165Z   CC_GIT_SERVICE: github
2025-09-08T16:09:38.5501365Z   CC_HANDLE_NO_REPORTS_FOUND: false
2025-09-08T16:09:38.5501591Z   CC_JOB_CODE: 
2025-09-08T16:09:38.5501754Z   CC_LEGACY: false
2025-09-08T16:09:38.5501926Z   CC_NAME: 3.11
2025-09-08T16:09:38.5502098Z   CC_NETWORK_FILTER: 
2025-09-08T16:09:38.5502275Z   CC_NETWORK_PREFIX: 
2025-09-08T16:09:38.5502459Z   CC_NETWORK_ROOT_FOLDER: 
2025-09-08T16:09:38.5502642Z   CC_OS: 
2025-09-08T16:09:38.5502803Z   CC_PARENT_SHA: 
2025-09-08T16:09:38.5503005Z   CC_PLUGINS: 
2025-09-08T16:09:38.5503197Z   CC_RECURSE_SUBMODULES: false
2025-09-08T16:09:38.5503548Z   CC_REPORT_TYPE: 
2025-09-08T16:09:38.5503738Z   CC_RUN_CMD: upload-coverage
2025-09-08T16:09:38.5503951Z   CC_SERVICE: github
2025-09-08T16:09:38.5504132Z   CC_SKIP_VALIDATION: false
2025-09-08T16:09:38.5504329Z   CC_SLUG: 
2025-09-08T16:09:38.5504487Z   CC_SWIFT_PROJECT: 
2025-09-08T16:09:38.5504668Z   CC_USE_PYPI: false
2025-09-08T16:09:38.5504844Z   CC_VERBOSE: false
2025-09-08T16:09:38.5505022Z   CC_VERSION: latest
2025-09-08T16:09:38.5505196Z   CC_YML_PATH: 
2025-09-08T16:09:38.5505365Z ##[endgroup]
2025-09-08T16:09:38.5575039Z      _____          _
2025-09-08T16:09:38.5575412Z     / ____|        | |
2025-09-08T16:09:38.5575737Z    | |     ___   __| | ___  ___ _____   __
2025-09-08T16:09:38.5576145Z    | |    / _ \ / _` |/ _ \/ __/ _ \ \ / /
2025-09-08T16:09:38.5576538Z    | |___| (_) | (_| |  __/ (_| (_) \ V /
2025-09-08T16:09:38.5576924Z     \_____\___/ \__,_|\___|\___\___/ \_/
2025-09-08T16:09:38.5577631Z                            [0;31m Wrapper-0.2.7[0m
2025-09-08T16:09:38.5578060Z                            
2025-09-08T16:09:38.5631966Z [0;32m==>[0m Detected [0;36mlinux[0m
2025-09-08T16:09:38.5633017Z [0;32m ->[0m Downloading [0;36mhttps://cli.codecov.io/latest/linux/codecov[0m
2025-09-08T16:09:38.5687009Z   % Total    % Received % Xferd  Average Speed   Time    Time     Time  Current
2025-09-08T16:09:38.5687661Z                                  Dload  Upload   Total   Spent    Left  Speed
2025-09-08T16:09:38.5688007Z 
2025-09-08T16:09:38.6420408Z   0     0    0     0    0     0      0      0 --:--:-- --:--:-- --:--:--     0
2025-09-08T16:09:38.6421188Z 100 10.6M  100 10.6M    0     0   145M      0 --:--:-- --:--:-- --:--:--  146M
2025-09-08T16:09:38.6447308Z [0;32m==>[0m Finishing downloading [0;36mlinux:latest[0m
2025-09-08T16:09:38.6947466Z       Version: [0;36mv11.2.0[0m
2025-09-08T16:09:38.6948018Z  
2025-09-08T16:09:38.7603846Z gpg: directory '/home/runner/.gnupg' created
2025-09-08T16:09:38.7665541Z gpg: keybox '/home/runner/.gnupg/pubring.kbx' created
2025-09-08T16:09:38.9492190Z gpg: /home/runner/.gnupg/trustdb.gpg: trustdb created
2025-09-08T16:09:38.9493479Z gpg: key 806BB28AED779869: public key "Codecov Uploader (Codecov Uploader Verification Key) <security@codecov.io>" imported
2025-09-08T16:09:38.9995777Z gpg: Total number processed: 1
2025-09-08T16:09:38.9996603Z gpg:               imported: 1
2025-09-08T16:09:39.0002773Z [0;32m==>[0m Verifying GPG signature integrity
2025-09-08T16:09:39.0003813Z [0;32m ->[0m Downloading [0;36mhttps://cli.codecov.io/latest/linux/codecov.SHA256SUM[0m
2025-09-08T16:09:39.0005063Z [0;32m ->[0m Downloading [0;36mhttps://cli.codecov.io/latest/linux/codecov.SHA256SUM.sig[0m
2025-09-08T16:09:39.0005787Z  
2025-09-08T16:09:39.1059280Z gpg: Signature made Thu Aug 21 16:12:56 2025 UTC
2025-09-08T16:09:39.1060295Z gpg:                using RSA key 27034E7FDB850E0BBC2C62FF806BB28AED779869
2025-09-08T16:09:39.1062659Z gpg: Good signature from "Codecov Uploader (Codecov Uploader Verification Key) <security@codecov.io>" [unknown]
2025-09-08T16:09:39.1063773Z gpg: WARNING: This key is not certified with a trusted signature!
2025-09-08T16:09:39.1064525Z gpg:          There is no indication that the signature belongs to the owner.
2025-09-08T16:09:39.1065324Z Primary key fingerprint: 2703 4E7F DB85 0E0B BC2C  62FF 806B B28A ED77 9869
2025-09-08T16:09:39.1870874Z codecov: OK
2025-09-08T16:09:39.1881532Z [0;32m==>[0m CLI integrity verified
2025-09-08T16:09:39.1881862Z 
2025-09-08T16:09:39.2523165Z [0;32m ->[0m Token length: 36
2025-09-08T16:09:39.2523972Z [0;32m==>[0m Running upload-coverage
2025-09-08T16:09:39.2533805Z       [0;36m./codecov  upload-coverage -t <redacted> --git-service github --sha 0696fac55870329fd170575a6881d40a48a91b2d --gcov-executable gcov --name 3.11[0m
2025-09-08T16:09:39.6047414Z info - 2025-09-08 16:09:39,604 -- ci service found: github-actions
2025-09-08T16:09:39.6472975Z warning - 2025-09-08 16:09:39,647 -- xcrun is not installed or can't be found.
2025-09-08T16:09:39.7174282Z warning - 2025-09-08 16:09:39,717 -- No gcov data found.
2025-09-08T16:09:39.7178363Z warning - 2025-09-08 16:09:39,717 -- coverage.py is not installed or can't be found.
2025-09-08T16:09:39.7349412Z info - 2025-09-08 16:09:39,734 -- Found 1 coverage files to report
2025-09-08T16:09:39.7350781Z info - 2025-09-08 16:09:39,734 -- > /home/runner/work/tinuous/tinuous/coverage.xml
2025-09-08T16:09:40.2352070Z info - 2025-09-08 16:09:40,234 -- Your upload is now processing. When finished, results will be available at: https://app.codecov.io/github/con/tinuous/commit/0696fac55870329fd170575a6881d40a48a91b2d
2025-09-08T16:09:40.3566184Z info - 2025-09-08 16:09:40,356 -- Process Upload complete
2025-09-08T16:09:40.4994195Z Post job cleanup.
2025-09-08T16:09:40.6163035Z (node:2758) [DEP0040] DeprecationWarning: The `punycode` module is deprecated. Please use a userland alternative instead.
2025-09-08T16:09:40.6163785Z (Use `node --trace-deprecation ...` to show where the warning was created)
2025-09-08T16:09:40.6284651Z Post job cleanup.
2025-09-08T16:09:40.7231552Z [command]/usr/bin/git version
2025-09-08T16:09:40.7268693Z git version 2.51.0
2025-09-08T16:09:40.7307290Z Copying '/home/runner/.gitconfig' to '/home/runner/work/_temp/b44df9a5-cf09-442e-8677-b2793435fce5/.gitconfig'
2025-09-08T16:09:40.7317234Z Temporarily overriding HOME='/home/runner/work/_temp/b44df9a5-cf09-442e-8677-b2793435fce5' before making global git config changes
2025-09-08T16:09:40.7318546Z Adding repository directory to the temporary git global config as a safe directory
2025-09-08T16:09:40.7323705Z [command]/usr/bin/git config --global --add safe.directory /home/runner/work/tinuous/tinuous
2025-09-08T16:09:40.7359420Z [command]/usr/bin/git config --local --name-only --get-regexp core\.sshCommand
2025-09-08T16:09:40.7392120Z [command]/usr/bin/git submodule foreach --recursive sh -c "git config --local --name-only --get-regexp 'core\.sshCommand' && git config --local --unset-all 'core.sshCommand' || :"
2025-09-08T16:09:40.7624562Z [command]/usr/bin/git config --local --name-only --get-regexp http\.https\:\/\/github\.com\/\.extraheader
2025-09-08T16:09:40.7647931Z http.https://github.com/.extraheader
2025-09-08T16:09:40.7661914Z [command]/usr/bin/git config --local --unset-all http.https://github.com/.extraheader
2025-09-08T16:09:40.7694156Z [command]/usr/bin/git submodule foreach --recursive sh -c "git config --local --name-only --get-regexp 'http\.https\:\/\/github\.com\/\.extraheader' && git config --local --unset-all 'http.https://github.com/.extraheader' || :"
2025-09-08T16:09:40.8033656Z Cleaning up orphan processes
