2023-11-09T17:20:56.8343314Z Requested labels: ubuntu-latest
2023-11-09T17:20:56.8343700Z Job defined at: con/tinuous/.github/workflows/test.yml@refs/pull/177/merge
2023-11-09T17:20:56.8343873Z Waiting for a runner to pick up this job...
2023-11-09T17:20:57.3755125Z Job is waiting for a hosted runner to come online.
2023-11-09T17:21:01.1608741Z Job is about to start running on the hosted runner: GitHub Actions 12 (hosted)
2023-11-09T17:21:03.6223931Z Current runner version: '2.311.0'
2023-11-09T17:21:03.6246584Z ##[group]Operating System
2023-11-09T17:21:03.6247187Z Ubuntu
2023-11-09T17:21:03.6247540Z 22.04.3
2023-11-09T17:21:03.6247868Z LTS
2023-11-09T17:21:03.6248310Z ##[endgroup]
2023-11-09T17:21:03.6248698Z ##[group]Runner Image
2023-11-09T17:21:03.6249218Z Image: ubuntu-22.04
2023-11-09T17:21:03.6249594Z Version: 20231030.2.0
2023-11-09T17:21:03.6250588Z Included Software: https://github.com/actions/runner-images/blob/ubuntu22/20231030.2/images/linux/Ubuntu2204-Readme.md
2023-11-09T17:21:03.6252128Z Image Release: https://github.com/actions/runner-images/releases/tag/ubuntu22%2F20231030.2
2023-11-09T17:21:03.6252972Z ##[endgroup]
2023-11-09T17:21:03.6253378Z ##[group]Runner Image Provisioner
2023-11-09T17:21:03.6253984Z 2.0.312.1
2023-11-09T17:21:03.6254304Z ##[endgroup]
2023-11-09T17:21:03.6256486Z ##[group]GITHUB_TOKEN Permissions
2023-11-09T17:21:03.6258158Z Actions: write
2023-11-09T17:21:03.6258555Z Checks: write
2023-11-09T17:21:03.6259214Z Contents: write
2023-11-09T17:21:03.6259708Z Deployments: write
2023-11-09T17:21:03.6260216Z Discussions: write
2023-11-09T17:21:03.6260576Z Issues: write
2023-11-09T17:21:03.6260960Z Metadata: read
2023-11-09T17:21:03.6261430Z Packages: write
2023-11-09T17:21:03.6261776Z Pages: write
2023-11-09T17:21:03.6262166Z PullRequests: write
2023-11-09T17:21:03.6262650Z RepositoryProjects: write
2023-11-09T17:21:03.6263070Z SecurityEvents: write
2023-11-09T17:21:03.6263496Z Statuses: write
2023-11-09T17:21:03.6263934Z ##[endgroup]
2023-11-09T17:21:03.6266818Z Secret source: Actions
2023-11-09T17:21:03.6267390Z Prepare workflow directory
2023-11-09T17:21:03.6878020Z Prepare all required actions
2023-11-09T17:21:03.7032825Z Getting action download info
2023-11-09T17:21:03.9569508Z Download action repository 'actions/checkout@v4' (SHA:b4ffde65f46336ab88eb53be808477a3936bae11)
2023-11-09T17:21:04.0766286Z Download action repository 'actions/setup-python@v4' (SHA:65d7f2d534ac1bc67fcd62888c5f4f3d2cb2b236)
2023-11-09T17:21:04.1532167Z Download action repository 'codecov/codecov-action@v3' (SHA:eaaf4bedf32dbdc6b720b63067d99c4d77d6047d)
2023-11-09T17:21:05.1125526Z Complete job name: test (3.8, lint)
2023-11-09T17:21:05.2075898Z ##[group]Run actions/checkout@v4
2023-11-09T17:21:05.2076603Z with:
2023-11-09T17:21:05.2077028Z   fetch-depth: 0
2023-11-09T17:21:05.2077477Z   repository: con/tinuous
2023-11-09T17:21:05.2078284Z   token: ***
2023-11-09T17:21:05.2078683Z   ssh-strict: true
2023-11-09T17:21:05.2079151Z   persist-credentials: true
2023-11-09T17:21:05.2079768Z   clean: true
2023-11-09T17:21:05.2080176Z   sparse-checkout-cone-mode: true
2023-11-09T17:21:05.2080726Z   fetch-tags: false
2023-11-09T17:21:05.2081278Z   show-progress: true
2023-11-09T17:21:05.2081696Z   lfs: false
2023-11-09T17:21:05.2082087Z   submodules: false
2023-11-09T17:21:05.2082626Z   set-safe-directory: true
2023-11-09T17:21:05.2083087Z ##[endgroup]
2023-11-09T17:21:05.3916340Z Syncing repository: con/tinuous
2023-11-09T17:21:05.3919012Z ##[group]Getting Git version info
2023-11-09T17:21:05.3920210Z Working directory is '/home/runner/work/tinuous/tinuous'
2023-11-09T17:21:05.3921596Z [command]/usr/bin/git version
2023-11-09T17:21:05.3922357Z git version 2.42.0
2023-11-09T17:21:05.3925026Z ##[endgroup]
2023-11-09T17:21:05.3942514Z Temporarily overriding HOME='/home/runner/work/_temp/5c474fa8-51b2-45a2-bbee-c34fb06899f2' before making global git config changes
2023-11-09T17:21:05.3944578Z Adding repository directory to the temporary git global config as a safe directory
2023-11-09T17:21:05.3946226Z [command]/usr/bin/git config --global --add safe.directory /home/runner/work/tinuous/tinuous
2023-11-09T17:21:05.3978470Z Deleting the contents of '/home/runner/work/tinuous/tinuous'
2023-11-09T17:21:05.3983801Z ##[group]Initializing the repository
2023-11-09T17:21:05.3986046Z [command]/usr/bin/git init /home/runner/work/tinuous/tinuous
2023-11-09T17:21:05.4049318Z hint: Using 'master' as the name for the initial branch. This default branch name
2023-11-09T17:21:05.4051230Z hint: is subject to change. To configure the initial branch name to use in all
2023-11-09T17:21:05.4052842Z hint: of your new repositories, which will suppress this warning, call:
2023-11-09T17:21:05.4053897Z hint: 
2023-11-09T17:21:05.4054778Z hint: 	git config --global init.defaultBranch <name>
2023-11-09T17:21:05.4055684Z hint: 
2023-11-09T17:21:05.4056476Z hint: Names commonly chosen instead of 'master' are 'main', 'trunk' and
2023-11-09T17:21:05.4058154Z hint: 'development'. The just-created branch can be renamed via this command:
2023-11-09T17:21:05.4059289Z hint: 
2023-11-09T17:21:05.4059944Z hint: 	git branch -m <name>
2023-11-09T17:21:05.4062067Z Initialized empty Git repository in /home/runner/work/tinuous/tinuous/.git/
2023-11-09T17:21:05.4072797Z [command]/usr/bin/git remote add origin https://github.com/con/tinuous
2023-11-09T17:21:05.4106087Z ##[endgroup]
2023-11-09T17:21:05.4106737Z ##[group]Disabling automatic garbage collection
2023-11-09T17:21:05.4108867Z [command]/usr/bin/git config --local gc.auto 0
2023-11-09T17:21:05.4136101Z ##[endgroup]
2023-11-09T17:21:05.4136808Z ##[group]Setting up auth
2023-11-09T17:21:05.4141257Z [command]/usr/bin/git config --local --name-only --get-regexp core\.sshCommand
2023-11-09T17:21:05.4170539Z [command]/usr/bin/git submodule foreach --recursive sh -c "git config --local --name-only --get-regexp 'core\.sshCommand' && git config --local --unset-all 'core.sshCommand' || :"
2023-11-09T17:21:05.4468327Z [command]/usr/bin/git config --local --name-only --get-regexp http\.https\:\/\/github\.com\/\.extraheader
2023-11-09T17:21:05.4495533Z [command]/usr/bin/git submodule foreach --recursive sh -c "git config --local --name-only --get-regexp 'http\.https\:\/\/github\.com\/\.extraheader' && git config --local --unset-all 'http.https://github.com/.extraheader' || :"
2023-11-09T17:21:05.4724400Z [command]/usr/bin/git config --local http.https://github.com/.extraheader AUTHORIZATION: basic ***
2023-11-09T17:21:05.4757375Z ##[endgroup]
2023-11-09T17:21:05.4758489Z ##[group]Fetching the repository
2023-11-09T17:21:05.4768395Z [command]/usr/bin/git -c protocol.version=2 fetch --prune --no-recurse-submodules origin +refs/heads/*:refs/remotes/origin/* +refs/tags/*:refs/tags/* +5270e4f1a3e98944c4efcb88e971c319105bd3d1:refs/remotes/pull/177/merge
2023-11-09T17:21:06.3512084Z From https://github.com/con/tinuous
2023-11-09T17:21:06.3513827Z  * [new branch]      gh-55                                    -> origin/gh-55
2023-11-09T17:21:06.3515654Z  * [new branch]      ghtoken                                  -> origin/ghtoken
2023-11-09T17:21:06.3517480Z  * [new branch]      headers                                  -> origin/headers
2023-11-09T17:21:06.3519508Z  * [new branch]      master                                   -> origin/master
2023-11-09T17:21:06.3521081Z  * [new branch]      mypy-import                              -> origin/mypy-import
2023-11-09T17:21:06.3524293Z  * [new branch]      no-extra-search                          -> origin/no-extra-search
2023-11-09T17:21:06.3525861Z  * [new branch]      pragmata                                 -> origin/pragmata
2023-11-09T17:21:06.3527412Z  * [new branch]      py312                                    -> origin/py312
2023-11-09T17:21:06.3530461Z  * [new branch]      test-appveyor                            -> origin/test-appveyor
2023-11-09T17:21:06.3532449Z  * [new branch]      updates                                  -> origin/updates
2023-11-09T17:21:06.3534324Z  * [new tag]         0.1.0                                    -> 0.1.0
2023-11-09T17:21:06.3535750Z  * [new tag]         0.2.0                                    -> 0.2.0
2023-11-09T17:21:06.3537143Z  * [new tag]         0.3.0                                    -> 0.3.0
2023-11-09T17:21:06.3538625Z  * [new tag]         0.4.0                                    -> 0.4.0
2023-11-09T17:21:06.3539898Z  * [new tag]         0.5.0                                    -> 0.5.0
2023-11-09T17:21:06.3541350Z  * [new tag]         0.5.1                                    -> 0.5.1
2023-11-09T17:21:06.3543089Z  * [new tag]         0.5.2                                    -> 0.5.2
2023-11-09T17:21:06.3544310Z  * [new tag]         0.5.3                                    -> 0.5.3
2023-11-09T17:21:06.3545496Z  * [new tag]         0.5.4                                    -> 0.5.4
2023-11-09T17:21:06.3546749Z  * [new tag]         0.6.0                                    -> 0.6.0
2023-11-09T17:21:06.3547896Z  * [new tag]         0.6.1                                    -> 0.6.1
2023-11-09T17:21:06.3549128Z  * [new ref]         5270e4f1a3e98944c4efcb88e971c319105bd3d1 -> pull/177/merge
2023-11-09T17:21:06.3577509Z ##[endgroup]
2023-11-09T17:21:06.3578842Z ##[group]Determining the checkout info
2023-11-09T17:21:06.3579720Z ##[endgroup]
2023-11-09T17:21:06.3580364Z ##[group]Checking out the ref
2023-11-09T17:21:06.3583033Z [command]/usr/bin/git checkout --progress --force refs/remotes/pull/177/merge
2023-11-09T17:21:06.3634910Z Note: switching to 'refs/remotes/pull/177/merge'.
2023-11-09T17:21:06.3635496Z 
2023-11-09T17:21:06.3636146Z You are in 'detached HEAD' state. You can look around, make experimental
2023-11-09T17:21:06.3637350Z changes and commit them, and you can discard any commits you make in this
2023-11-09T17:21:06.3638307Z state without impacting any branches by switching back to a branch.
2023-11-09T17:21:06.3638747Z 
2023-11-09T17:21:06.3639030Z If you want to create a new branch to retain commits you create, you may
2023-11-09T17:21:06.3639823Z do so (now or later) by using -c with the switch command. Example:
2023-11-09T17:21:06.3640205Z 
2023-11-09T17:21:06.3640473Z   git switch -c <new-branch-name>
2023-11-09T17:21:06.3640772Z 
2023-11-09T17:21:06.3640912Z Or undo this operation with:
2023-11-09T17:21:06.3641289Z 
2023-11-09T17:21:06.3641548Z   git switch -
2023-11-09T17:21:06.3641823Z 
2023-11-09T17:21:06.3642386Z Turn off this advice by setting config variable advice.detachedHead to false
2023-11-09T17:21:06.3642832Z 
2023-11-09T17:21:06.3643306Z HEAD is now at 5270e4f Merge 3aea961856af7a2d68cb76df88c0778de83aec97 into c9b9a9ac80bbb4debecb9f33f832eabd926318fa
2023-11-09T17:21:06.3644852Z ##[endgroup]
2023-11-09T17:21:06.3675474Z [command]/usr/bin/git log -1 --format='%H'
2023-11-09T17:21:06.3697411Z '5270e4f1a3e98944c4efcb88e971c319105bd3d1'
2023-11-09T17:21:06.4007149Z ##[group]Run actions/setup-python@v4
2023-11-09T17:21:06.4007631Z with:
2023-11-09T17:21:06.4008006Z   python-version: 3.8
2023-11-09T17:21:06.4008390Z   check-latest: false
2023-11-09T17:21:06.4008904Z   token: ***
2023-11-09T17:21:06.4009359Z   update-environment: true
2023-11-09T17:21:06.4009742Z   allow-prereleases: false
2023-11-09T17:21:06.4010117Z ##[endgroup]
2023-11-09T17:21:06.5948746Z ##[group]Installed versions
2023-11-09T17:21:06.6025958Z Successfully set up CPython (3.8.18)
2023-11-09T17:21:06.6027391Z ##[endgroup]
2023-11-09T17:21:06.6158377Z ##[group]Run python -m pip install --upgrade pip wheel
2023-11-09T17:21:06.6159087Z [36;1mpython -m pip install --upgrade pip wheel[0m
2023-11-09T17:21:06.6159860Z [36;1mpython -m pip install --upgrade --upgrade-strategy=eager tox[0m
2023-11-09T17:21:06.6219919Z shell: /usr/bin/bash -e {0}
2023-11-09T17:21:06.6220307Z env:
2023-11-09T17:21:06.6220755Z   pythonLocation: /opt/hostedtoolcache/Python/3.8.18/x64
2023-11-09T17:21:06.6221489Z   PKG_CONFIG_PATH: /opt/hostedtoolcache/Python/3.8.18/x64/lib/pkgconfig
2023-11-09T17:21:06.6222093Z   Python_ROOT_DIR: /opt/hostedtoolcache/Python/3.8.18/x64
2023-11-09T17:21:06.6222690Z   Python2_ROOT_DIR: /opt/hostedtoolcache/Python/3.8.18/x64
2023-11-09T17:21:06.6223329Z   Python3_ROOT_DIR: /opt/hostedtoolcache/Python/3.8.18/x64
2023-11-09T17:21:06.6223876Z   LD_LIBRARY_PATH: /opt/hostedtoolcache/Python/3.8.18/x64/lib
2023-11-09T17:21:06.6224386Z ##[endgroup]
2023-11-09T17:21:07.3134115Z Requirement already satisfied: pip in /opt/hostedtoolcache/Python/3.8.18/x64/lib/python3.8/site-packages (23.0.1)
2023-11-09T17:21:07.4485794Z Collecting pip
2023-11-09T17:21:07.5252608Z   Downloading pip-23.3.1-py3-none-any.whl.metadata (3.5 kB)
2023-11-09T17:21:07.5853995Z Collecting wheel
2023-11-09T17:21:07.5962019Z   Downloading wheel-0.41.3-py3-none-any.whl.metadata (2.2 kB)
2023-11-09T17:21:07.6168145Z Downloading pip-23.3.1-py3-none-any.whl (2.1 MB)
2023-11-09T17:21:07.8255693Z    ━━━━━━━━━━━━━━━━━━━━━━━━━━━━━━━━━━━━━━━━ 2.1/2.1 MB 10.3 MB/s eta 0:00:00
2023-11-09T17:21:07.8364886Z Downloading wheel-0.41.3-py3-none-any.whl (65 kB)
2023-11-09T17:21:07.8418912Z    ━━━━━━━━━━━━━━━━━━━━━━━━━━━━━━━━━━━━━━━━ 65.8/65.8 kB 17.8 MB/s eta 0:00:00
2023-11-09T17:21:07.8806575Z Installing collected packages: wheel, pip
2023-11-09T17:21:07.9211958Z   Attempting uninstall: pip
2023-11-09T17:21:07.9217945Z     Found existing installation: pip 23.0.1
2023-11-09T17:21:07.9784108Z     Uninstalling pip-23.0.1:
2023-11-09T17:21:08.0247523Z       Successfully uninstalled pip-23.0.1
2023-11-09T17:21:08.9366175Z Successfully installed pip-23.3.1 wheel-0.41.3
2023-11-09T17:21:09.7148185Z Collecting tox
2023-11-09T17:21:09.7809228Z   Downloading tox-4.11.3-py3-none-any.whl.metadata (5.0 kB)
2023-11-09T17:21:09.8409901Z Collecting cachetools>=5.3.1 (from tox)
2023-11-09T17:21:09.8518062Z   Downloading cachetools-5.3.2-py3-none-any.whl.metadata (5.2 kB)
2023-11-09T17:21:09.8769479Z Collecting chardet>=5.2 (from tox)
2023-11-09T17:21:09.8878960Z   Downloading chardet-5.2.0-py3-none-any.whl.metadata (3.4 kB)
2023-11-09T17:21:09.9227432Z Collecting colorama>=0.4.6 (from tox)
2023-11-09T17:21:09.9331518Z   Downloading colorama-0.4.6-py2.py3-none-any.whl (25 kB)
2023-11-09T17:21:09.9768464Z Collecting filelock>=3.12.3 (from tox)
2023-11-09T17:21:09.9872427Z   Downloading filelock-3.13.1-py3-none-any.whl.metadata (2.8 kB)
2023-11-09T17:21:10.0240711Z Collecting packaging>=23.1 (from tox)
2023-11-09T17:21:10.0344626Z   Downloading packaging-23.2-py3-none-any.whl.metadata (3.2 kB)
2023-11-09T17:21:10.0678220Z Collecting platformdirs>=3.10 (from tox)
2023-11-09T17:21:10.0789050Z   Downloading platformdirs-3.11.0-py3-none-any.whl.metadata (11 kB)
2023-11-09T17:21:10.1102822Z Collecting pluggy>=1.3 (from tox)
2023-11-09T17:21:10.1208504Z   Downloading pluggy-1.3.0-py3-none-any.whl.metadata (4.3 kB)
2023-11-09T17:21:10.1507182Z Collecting pyproject-api>=1.6.1 (from tox)
2023-11-09T17:21:10.1611176Z   Downloading pyproject_api-1.6.1-py3-none-any.whl.metadata (2.8 kB)
2023-11-09T17:21:10.1899433Z Collecting tomli>=2.0.1 (from tox)
2023-11-09T17:21:10.2004319Z   Downloading tomli-2.0.1-py3-none-any.whl (12 kB)
2023-11-09T17:21:10.3020248Z Collecting virtualenv>=20.24.3 (from tox)
2023-11-09T17:21:10.3125612Z   Downloading virtualenv-20.24.6-py3-none-any.whl.metadata (4.5 kB)
2023-11-09T17:21:10.4016958Z Collecting distlib<1,>=0.3.7 (from virtualenv>=20.24.3->tox)
2023-11-09T17:21:10.4121759Z   Downloading distlib-0.3.7-py2.py3-none-any.whl.metadata (5.1 kB)
2023-11-09T17:21:10.4368467Z Downloading tox-4.11.3-py3-none-any.whl (153 kB)
2023-11-09T17:21:10.4516678Z    ━━━━━━━━━━━━━━━━━━━━━━━━━━━━━━━━━━━━━━━━ 153.8/153.8 kB 11.8 MB/s eta 0:00:00
2023-11-09T17:21:10.4622587Z Downloading cachetools-5.3.2-py3-none-any.whl (9.3 kB)
2023-11-09T17:21:10.4940266Z Downloading chardet-5.2.0-py3-none-any.whl (199 kB)
2023-11-09T17:21:10.5006029Z    ━━━━━━━━━━━━━━━━━━━━━━━━━━━━━━━━━━━━━━━━ 199.4/199.4 kB 42.2 MB/s eta 0:00:00
2023-11-09T17:21:10.5111900Z Downloading filelock-3.13.1-py3-none-any.whl (11 kB)
2023-11-09T17:21:10.5235524Z Downloading packaging-23.2-py3-none-any.whl (53 kB)
2023-11-09T17:21:10.5281581Z    ━━━━━━━━━━━━━━━━━━━━━━━━━━━━━━━━━━━━━━━━ 53.0/53.0 kB 16.7 MB/s eta 0:00:00
2023-11-09T17:21:10.5387257Z Downloading platformdirs-3.11.0-py3-none-any.whl (17 kB)
2023-11-09T17:21:10.5517933Z Downloading pluggy-1.3.0-py3-none-any.whl (18 kB)
2023-11-09T17:21:10.5667972Z Downloading pyproject_api-1.6.1-py3-none-any.whl (12 kB)
2023-11-09T17:21:10.5795980Z Downloading virtualenv-20.24.6-py3-none-any.whl (3.8 MB)
2023-11-09T17:21:10.6248613Z    ━━━━━━━━━━━━━━━━━━━━━━━━━━━━━━━━━━━━━━━━ 3.8/3.8 MB 87.8 MB/s eta 0:00:00
2023-11-09T17:21:10.6355146Z Downloading distlib-0.3.7-py2.py3-none-any.whl (468 kB)
2023-11-09T17:21:10.6435464Z    ━━━━━━━━━━━━━━━━━━━━━━━━━━━━━━━━━━━━━━━━ 468.9/468.9 kB 79.4 MB/s eta 0:00:00
2023-11-09T17:21:10.7708041Z Installing collected packages: distlib, tomli, pluggy, platformdirs, packaging, filelock, colorama, chardet, cachetools, virtualenv, pyproject-api, tox
2023-11-09T17:21:11.2980755Z Successfully installed cachetools-5.3.2 chardet-5.2.0 colorama-0.4.6 distlib-0.3.7 filelock-3.13.1 packaging-23.2 platformdirs-3.11.0 pluggy-1.3.0 pyproject-api-1.6.1 tomli-2.0.1 tox-4.11.3 virtualenv-20.24.6
2023-11-09T17:21:11.4161645Z ##[group]Run tox -e lint
2023-11-09T17:21:11.4162124Z [36;1mtox -e lint[0m
2023-11-09T17:21:11.4206526Z shell: /usr/bin/bash -e {0}
2023-11-09T17:21:11.4206938Z env:
2023-11-09T17:21:11.4207450Z   pythonLocation: /opt/hostedtoolcache/Python/3.8.18/x64
2023-11-09T17:21:11.4208076Z   PKG_CONFIG_PATH: /opt/hostedtoolcache/Python/3.8.18/x64/lib/pkgconfig
2023-11-09T17:21:11.4208698Z   Python_ROOT_DIR: /opt/hostedtoolcache/Python/3.8.18/x64
2023-11-09T17:21:11.4209355Z   Python2_ROOT_DIR: /opt/hostedtoolcache/Python/3.8.18/x64
2023-11-09T17:21:11.4209920Z   Python3_ROOT_DIR: /opt/hostedtoolcache/Python/3.8.18/x64
2023-11-09T17:21:11.4210499Z   LD_LIBRARY_PATH: /opt/hostedtoolcache/Python/3.8.18/x64/lib
2023-11-09T17:21:11.4211044Z ##[endgroup]
2023-11-09T17:21:11.9558319Z lint: install_deps> python -I -m pip install flake8 flake8-bugbear flake8-builtins flake8-unused-arguments
2023-11-09T17:21:13.7480680Z lint: freeze> python -m pip freeze --all
2023-11-09T17:21:14.0576342Z lint: attrs==23.1.0,flake8==6.1.0,flake8-bugbear==23.9.16,flake8-builtins==2.2.0,flake8-unused-arguments==0.0.13,mccabe==0.7.0,pip==23.3.1,pycodestyle==2.11.1,pyflakes==3.1.0,setuptools==68.2.2,wheel==0.41.2
2023-11-09T17:21:14.0580000Z lint: commands[0]> flake8 --config=tox.ini src test
2023-11-09T17:21:14.6084871Z   lint: OK (2.94=setup[2.39]+cmd[0.55] seconds)
2023-11-09T17:21:14.6085476Z   congratulations :) (3.05 seconds)
2023-11-09T17:21:14.6390280Z Post job cleanup.
2023-11-09T17:21:14.7707662Z Post job cleanup.
2023-11-09T17:21:14.8448925Z [command]/usr/bin/git version
2023-11-09T17:21:14.8488499Z git version 2.42.0
2023-11-09T17:21:14.8530402Z Temporarily overriding HOME='/home/runner/work/_temp/ad2c7491-a592-4916-ad01-845327926d24' before making global git config changes
2023-11-09T17:21:14.8532292Z Adding repository directory to the temporary git global config as a safe directory
2023-11-09T17:21:14.8535220Z [command]/usr/bin/git config --global --add safe.directory /home/runner/work/tinuous/tinuous
2023-11-09T17:21:14.8569495Z [command]/usr/bin/git config --local --name-only --get-regexp core\.sshCommand
2023-11-09T17:21:14.8602494Z [command]/usr/bin/git submodule foreach --recursive sh -c "git config --local --name-only --get-regexp 'core\.sshCommand' && git config --local --unset-all 'core.sshCommand' || :"
2023-11-09T17:21:14.8847219Z [command]/usr/bin/git config --local --name-only --get-regexp http\.https\:\/\/github\.com\/\.extraheader
2023-11-09T17:21:14.8867218Z http.https://github.com/.extraheader
2023-11-09T17:21:14.8878301Z [command]/usr/bin/git config --local --unset-all http.https://github.com/.extraheader
2023-11-09T17:21:14.8906637Z [command]/usr/bin/git submodule foreach --recursive sh -c "git config --local --name-only --get-regexp 'http\.https\:\/\/github\.com\/\.extraheader' && git config --local --unset-all 'http.https://github.com/.extraheader' || :"
2023-11-09T17:21:14.9392390Z Cleaning up orphan processes
