2023-04-27T19:34:50.7237989Z Requested labels: ubuntu-latest
2023-04-27T19:34:50.7238326Z Job defined at: con/tinuous/.github/workflows/test.yml@refs/heads/gh-124
2023-04-27T19:34:50.7238466Z Waiting for a runner to pick up this job...
2023-04-27T19:34:54.1754614Z Job is waiting for a hosted runner to come online.
2023-04-27T19:34:56.8099518Z Job is about to start running on the hosted runner: GitHub Actions 6 (hosted)
2023-04-27T19:35:01.1920253Z Current runner version: '2.303.0'
2023-04-27T19:35:01.1951743Z ##[group]Operating System
2023-04-27T19:35:01.1952496Z Ubuntu
2023-04-27T19:35:01.1952842Z 22.04.2
2023-04-27T19:35:01.1953141Z LTS
2023-04-27T19:35:01.1953485Z ##[endgroup]
2023-04-27T19:35:01.1953900Z ##[group]Runner Image
2023-04-27T19:35:01.1954277Z Image: ubuntu-22.04
2023-04-27T19:35:01.1954653Z Version: 20230426.1
2023-04-27T19:35:01.1955256Z Included Software: https://github.com/actions/runner-images/blob/ubuntu22/20230426.1/images/linux/Ubuntu2204-Readme.md
2023-04-27T19:35:01.1955959Z Image Release: https://github.com/actions/runner-images/releases/tag/ubuntu22%2F20230426.1
2023-04-27T19:35:01.1956527Z ##[endgroup]
2023-04-27T19:35:01.1956933Z ##[group]Runner Image Provisioner
2023-04-27T19:35:01.1957281Z 2.0.161.1
2023-04-27T19:35:01.1957623Z ##[endgroup]
2023-04-27T19:35:01.1958800Z ##[group]GITHUB_TOKEN Permissions
2023-04-27T19:35:01.1959492Z Actions: write
2023-04-27T19:35:01.1959873Z Checks: write
2023-04-27T19:35:01.1960421Z Contents: write
2023-04-27T19:35:01.1960916Z Deployments: write
2023-04-27T19:35:01.1961331Z Discussions: write
2023-04-27T19:35:01.1961709Z Issues: write
2023-04-27T19:35:01.1962033Z Metadata: read
2023-04-27T19:35:01.1962440Z Packages: write
2023-04-27T19:35:01.1962813Z Pages: write
2023-04-27T19:35:01.1963140Z PullRequests: write
2023-04-27T19:35:01.1963569Z RepositoryProjects: write
2023-04-27T19:35:01.1964104Z SecurityEvents: write
2023-04-27T19:35:01.1964418Z Statuses: write
2023-04-27T19:35:01.1964761Z ##[endgroup]
2023-04-27T19:35:01.1968591Z Secret source: Actions
2023-04-27T19:35:01.1969095Z Prepare workflow directory
2023-04-27T19:35:01.2785448Z Prepare all required actions
2023-04-27T19:35:01.2993921Z Getting action download info
2023-04-27T19:35:01.7838873Z Download action repository 'actions/checkout@v3' (SHA:8e5e7e5ab8b370d6c329ec480221332ada57f0ab)
2023-04-27T19:35:02.4513528Z Download action repository 'actions/setup-python@v4' (SHA:57ded4d7d5e986d7296eab16560982c6dd7c923b)
2023-04-27T19:35:03.0885531Z Download action repository 'codecov/codecov-action@v3' (SHA:894ff025c7b54547a9a2a1e9f228beae737ad3c2)
2023-04-27T19:35:03.7456363Z Complete job name: test (3.8, typing)
2023-04-27T19:35:03.8693460Z ##[group]Run actions/checkout@v3
2023-04-27T19:35:03.8693946Z with:
2023-04-27T19:35:03.8694190Z   fetch-depth: 0
2023-04-27T19:35:03.8694456Z   repository: con/tinuous
2023-04-27T19:35:03.8694979Z   token: ***
2023-04-27T19:35:03.8695226Z   ssh-strict: true
2023-04-27T19:35:03.8695512Z   persist-credentials: true
2023-04-27T19:35:03.8695765Z   clean: true
2023-04-27T19:35:03.8695993Z   lfs: false
2023-04-27T19:35:03.8696244Z   submodules: false
2023-04-27T19:35:03.8696512Z   set-safe-directory: true
2023-04-27T19:35:03.8696777Z ##[endgroup]
2023-04-27T19:35:04.1574056Z Syncing repository: con/tinuous
2023-04-27T19:35:04.1576366Z ##[group]Getting Git version info
2023-04-27T19:35:04.1576971Z Working directory is '/home/runner/work/tinuous/tinuous'
2023-04-27T19:35:04.1577606Z [command]/usr/bin/git version
2023-04-27T19:35:04.1669010Z git version 2.40.1
2023-04-27T19:35:04.1701604Z ##[endgroup]
2023-04-27T19:35:04.1721411Z Temporarily overriding HOME='/home/runner/work/_temp/1f6de15f-4bc6-405b-89aa-2d980ff52844' before making global git config changes
2023-04-27T19:35:04.1722593Z Adding repository directory to the temporary git global config as a safe directory
2023-04-27T19:35:04.1730080Z [command]/usr/bin/git config --global --add safe.directory /home/runner/work/tinuous/tinuous
2023-04-27T19:35:04.1787758Z Deleting the contents of '/home/runner/work/tinuous/tinuous'
2023-04-27T19:35:04.1793115Z ##[group]Initializing the repository
2023-04-27T19:35:04.1796914Z [command]/usr/bin/git init /home/runner/work/tinuous/tinuous
2023-04-27T19:35:04.1872460Z hint: Using 'master' as the name for the initial branch. This default branch name
2023-04-27T19:35:04.1873601Z hint: is subject to change. To configure the initial branch name to use in all
2023-04-27T19:35:04.1874099Z hint: of your new repositories, which will suppress this warning, call:
2023-04-27T19:35:04.1874750Z hint: 
2023-04-27T19:35:04.1875243Z hint: 	git config --global init.defaultBranch <name>
2023-04-27T19:35:04.1875541Z hint: 
2023-04-27T19:35:04.1875925Z hint: Names commonly chosen instead of 'master' are 'main', 'trunk' and
2023-04-27T19:35:04.1876435Z hint: 'development'. The just-created branch can be renamed via this command:
2023-04-27T19:35:04.1876747Z hint: 
2023-04-27T19:35:04.1877011Z hint: 	git branch -m <name>
2023-04-27T19:35:04.1886092Z Initialized empty Git repository in /home/runner/work/tinuous/tinuous/.git/
2023-04-27T19:35:04.1903145Z [command]/usr/bin/git remote add origin https://github.com/con/tinuous
2023-04-27T19:35:04.1980001Z ##[endgroup]
2023-04-27T19:35:04.1980684Z ##[group]Disabling automatic garbage collection
2023-04-27T19:35:04.1986921Z [command]/usr/bin/git config --local gc.auto 0
2023-04-27T19:35:04.2043348Z ##[endgroup]
2023-04-27T19:35:04.2043824Z ##[group]Setting up auth
2023-04-27T19:35:04.2044426Z [command]/usr/bin/git config --local --name-only --get-regexp core\.sshCommand
2023-04-27T19:35:04.2072283Z [command]/usr/bin/git submodule foreach --recursive sh -c "git config --local --name-only --get-regexp 'core\.sshCommand' && git config --local --unset-all 'core.sshCommand' || :"
2023-04-27T19:35:04.2480263Z [command]/usr/bin/git config --local --name-only --get-regexp http\.https\:\/\/github\.com\/\.extraheader
2023-04-27T19:35:04.2508570Z [command]/usr/bin/git submodule foreach --recursive sh -c "git config --local --name-only --get-regexp 'http\.https\:\/\/github\.com\/\.extraheader' && git config --local --unset-all 'http.https://github.com/.extraheader' || :"
2023-04-27T19:35:04.2771309Z [command]/usr/bin/git config --local http.https://github.com/.extraheader AUTHORIZATION: basic ***
2023-04-27T19:35:04.2814863Z ##[endgroup]
2023-04-27T19:35:04.2815500Z ##[group]Fetching the repository
2023-04-27T19:35:04.2826746Z [command]/usr/bin/git -c protocol.version=2 fetch --prune --progress --no-recurse-submodules origin +refs/heads/*:refs/remotes/origin/* +refs/tags/*:refs/tags/*
2023-04-27T19:35:04.8139824Z remote: Enumerating objects: 1166, done.        
2023-04-27T19:35:04.8147794Z remote: Counting objects:   0% (1/388)        
2023-04-27T19:35:04.8148609Z remote: Counting objects:   1% (4/388)        
2023-04-27T19:35:04.8153258Z remote: Counting objects:   2% (8/388)        
2023-04-27T19:35:04.8154284Z remote: Counting objects:   3% (12/388)        
2023-04-27T19:35:04.8155308Z remote: Counting objects:   4% (16/388)        
2023-04-27T19:35:04.8156372Z remote: Counting objects:   5% (20/388)        
2023-04-27T19:35:04.8157350Z remote: Counting objects:   6% (24/388)        
2023-04-27T19:35:04.8158798Z remote: Counting objects:   7% (28/388)        
2023-04-27T19:35:04.8159881Z remote: Counting objects:   8% (32/388)        
2023-04-27T19:35:04.8160820Z remote: Counting objects:   9% (35/388)        
2023-04-27T19:35:04.8164080Z remote: Counting objects:  10% (39/388)        
2023-04-27T19:35:04.8165023Z remote: Counting objects:  11% (43/388)        
2023-04-27T19:35:04.8166160Z remote: Counting objects:  12% (47/388)        
2023-04-27T19:35:04.8167143Z remote: Counting objects:  13% (51/388)        
2023-04-27T19:35:04.8167999Z remote: Counting objects:  14% (55/388)        
2023-04-27T19:35:04.8168869Z remote: Counting objects:  15% (59/388)        
2023-04-27T19:35:04.8169755Z remote: Counting objects:  16% (63/388)        
2023-04-27T19:35:04.8170565Z remote: Counting objects:  17% (66/388)        
2023-04-27T19:35:04.8171456Z remote: Counting objects:  18% (70/388)        
2023-04-27T19:35:04.8173679Z remote: Counting objects:  19% (74/388)        
2023-04-27T19:35:04.8177486Z remote: Counting objects:  20% (78/388)        
2023-04-27T19:35:04.8178432Z remote: Counting objects:  21% (82/388)        
2023-04-27T19:35:04.8179336Z remote: Counting objects:  22% (86/388)        
2023-04-27T19:35:04.8180229Z remote: Counting objects:  23% (90/388)        
2023-04-27T19:35:04.8181102Z remote: Counting objects:  24% (94/388)        
2023-04-27T19:35:04.8182563Z remote: Counting objects:  25% (97/388)        
2023-04-27T19:35:04.8183088Z remote: Counting objects:  26% (101/388)        
2023-04-27T19:35:04.8184448Z remote: Counting objects:  27% (105/388)        
2023-04-27T19:35:04.8185071Z remote: Counting objects:  28% (109/388)        
2023-04-27T19:35:04.8185368Z remote: Counting objects:  29% (113/388)        
2023-04-27T19:35:04.8186353Z remote: Counting objects:  30% (117/388)        
2023-04-27T19:35:04.8187250Z remote: Counting objects:  31% (121/388)        
2023-04-27T19:35:04.8188113Z remote: Counting objects:  32% (125/388)        
2023-04-27T19:35:04.8188969Z remote: Counting objects:  33% (129/388)        
2023-04-27T19:35:04.8189832Z remote: Counting objects:  34% (132/388)        
2023-04-27T19:35:04.8190730Z remote: Counting objects:  35% (136/388)        
2023-04-27T19:35:04.8191586Z remote: Counting objects:  36% (140/388)        
2023-04-27T19:35:04.8196728Z remote: Counting objects:  37% (144/388)        
2023-04-27T19:35:04.8197037Z remote: Counting objects:  38% (148/388)        
2023-04-27T19:35:04.8197345Z remote: Counting objects:  39% (152/388)        
2023-04-27T19:35:04.8197663Z remote: Counting objects:  40% (156/388)        
2023-04-27T19:35:04.8197961Z remote: Counting objects:  41% (160/388)        
2023-04-27T19:35:04.8198266Z remote: Counting objects:  42% (163/388)        
2023-04-27T19:35:04.8198579Z remote: Counting objects:  43% (167/388)        
2023-04-27T19:35:04.8198874Z remote: Counting objects:  44% (171/388)        
2023-04-27T19:35:04.8199185Z remote: Counting objects:  45% (175/388)        
2023-04-27T19:35:04.8199489Z remote: Counting objects:  46% (179/388)        
2023-04-27T19:35:04.8199796Z remote: Counting objects:  47% (183/388)        
2023-04-27T19:35:04.8200091Z remote: Counting objects:  48% (187/388)        
2023-04-27T19:35:04.8200398Z remote: Counting objects:  49% (191/388)        
2023-04-27T19:35:04.8200705Z remote: Counting objects:  50% (194/388)        
2023-04-27T19:35:04.8201006Z remote: Counting objects:  51% (198/388)        
2023-04-27T19:35:04.8201379Z remote: Counting objects:  52% (202/388)        
2023-04-27T19:35:04.8201891Z remote: Counting objects:  53% (206/388)        
2023-04-27T19:35:04.8202193Z remote: Counting objects:  54% (210/388)        
2023-04-27T19:35:04.8202497Z remote: Counting objects:  55% (214/388)        
2023-04-27T19:35:04.8202805Z remote: Counting objects:  56% (218/388)        
2023-04-27T19:35:04.8203095Z remote: Counting objects:  57% (222/388)        
2023-04-27T19:35:04.8203401Z remote: Counting objects:  58% (226/388)        
2023-04-27T19:35:04.8203703Z remote: Counting objects:  59% (229/388)        
2023-04-27T19:35:04.8204011Z remote: Counting objects:  60% (233/388)        
2023-04-27T19:35:04.8204303Z remote: Counting objects:  61% (237/388)        
2023-04-27T19:35:04.8204607Z remote: Counting objects:  62% (241/388)        
2023-04-27T19:35:04.8204912Z remote: Counting objects:  63% (245/388)        
2023-04-27T19:35:04.8205232Z remote: Counting objects:  64% (249/388)        
2023-04-27T19:35:04.8205524Z remote: Counting objects:  65% (253/388)        
2023-04-27T19:35:04.8205830Z remote: Counting objects:  66% (257/388)        
2023-04-27T19:35:04.8206137Z remote: Counting objects:  67% (260/388)        
2023-04-27T19:35:04.8206428Z remote: Counting objects:  68% (264/388)        
2023-04-27T19:35:04.8206729Z remote: Counting objects:  69% (268/388)        
2023-04-27T19:35:04.8207039Z remote: Counting objects:  70% (272/388)        
2023-04-27T19:35:04.8207333Z remote: Counting objects:  71% (276/388)        
2023-04-27T19:35:04.8207744Z remote: Counting objects:  72% (280/388)        
2023-04-27T19:35:04.8208029Z remote: Counting objects:  73% (284/388)        
2023-04-27T19:35:04.8208310Z remote: Counting objects:  74% (288/388)        
2023-04-27T19:35:04.8208776Z remote: Counting objects:  75% (291/388)        
2023-04-27T19:35:04.8209080Z remote: Counting objects:  76% (295/388)        
2023-04-27T19:35:04.8209383Z remote: Counting objects:  77% (299/388)        
2023-04-27T19:35:04.8209801Z remote: Counting objects:  78% (303/388)        
2023-04-27T19:35:04.8210110Z remote: Counting objects:  79% (307/388)        
2023-04-27T19:35:04.8210413Z remote: Counting objects:  80% (311/388)        
2023-04-27T19:35:04.8210707Z remote: Counting objects:  81% (315/388)        
2023-04-27T19:35:04.8211011Z remote: Counting objects:  82% (319/388)        
2023-04-27T19:35:04.8211315Z remote: Counting objects:  83% (323/388)        
2023-04-27T19:35:04.8211670Z remote: Counting objects:  84% (326/388)        
2023-04-27T19:35:04.8211972Z remote: Counting objects:  85% (330/388)        
2023-04-27T19:35:04.8212431Z remote: Counting objects:  86% (334/388)        
2023-04-27T19:35:04.8212735Z remote: Counting objects:  87% (338/388)        
2023-04-27T19:35:04.8213025Z remote: Counting objects:  88% (342/388)        
2023-04-27T19:35:04.8213327Z remote: Counting objects:  89% (346/388)        
2023-04-27T19:35:04.8213632Z remote: Counting objects:  90% (350/388)        
2023-04-27T19:35:04.8213928Z remote: Counting objects:  91% (354/388)        
2023-04-27T19:35:04.8214236Z remote: Counting objects:  92% (357/388)        
2023-04-27T19:35:04.8214542Z remote: Counting objects:  93% (361/388)        
2023-04-27T19:35:04.8214832Z remote: Counting objects:  94% (365/388)        
2023-04-27T19:35:04.8215135Z remote: Counting objects:  95% (369/388)        
2023-04-27T19:35:04.8215441Z remote: Counting objects:  96% (373/388)        
2023-04-27T19:35:04.8215733Z remote: Counting objects:  97% (377/388)        
2023-04-27T19:35:04.8216039Z remote: Counting objects:  98% (381/388)        
2023-04-27T19:35:04.8216347Z remote: Counting objects:  99% (385/388)        
2023-04-27T19:35:04.8216652Z remote: Counting objects: 100% (388/388)        
2023-04-27T19:35:04.8216963Z remote: Counting objects: 100% (388/388), done.        
2023-04-27T19:35:04.8217308Z remote: Compressing objects:   0% (1/217)        
2023-04-27T19:35:04.8217637Z remote: Compressing objects:   1% (3/217)        
2023-04-27T19:35:04.8217957Z remote: Compressing objects:   2% (5/217)        
2023-04-27T19:35:04.8228873Z remote: Compressing objects:   3% (7/217)        
2023-04-27T19:35:04.8229527Z remote: Compressing objects:   4% (9/217)        
2023-04-27T19:35:04.8230164Z remote: Compressing objects:   5% (11/217)        
2023-04-27T19:35:04.8235039Z remote: Compressing objects:   6% (14/217)        
2023-04-27T19:35:04.8254238Z remote: Compressing objects:   7% (16/217)        
2023-04-27T19:35:04.8254579Z remote: Compressing objects:   8% (18/217)        
2023-04-27T19:35:04.8254894Z remote: Compressing objects:   9% (20/217)        
2023-04-27T19:35:04.8255221Z remote: Compressing objects:  10% (22/217)        
2023-04-27T19:35:04.8255550Z remote: Compressing objects:  11% (24/217)        
2023-04-27T19:35:04.8255857Z remote: Compressing objects:  12% (27/217)        
2023-04-27T19:35:04.8256180Z remote: Compressing objects:  13% (29/217)        
2023-04-27T19:35:04.8279913Z remote: Compressing objects:  14% (31/217)        
2023-04-27T19:35:04.8280262Z remote: Compressing objects:  15% (33/217)        
2023-04-27T19:35:04.8280581Z remote: Compressing objects:  16% (35/217)        
2023-04-27T19:35:04.8280908Z remote: Compressing objects:  17% (37/217)        
2023-04-27T19:35:04.8281235Z remote: Compressing objects:  18% (40/217)        
2023-04-27T19:35:04.8281541Z remote: Compressing objects:  19% (42/217)        
2023-04-27T19:35:04.8281864Z remote: Compressing objects:  20% (44/217)        
2023-04-27T19:35:04.8282186Z remote: Compressing objects:  21% (46/217)        
2023-04-27T19:35:04.8282508Z remote: Compressing objects:  22% (48/217)        
2023-04-27T19:35:04.8282814Z remote: Compressing objects:  23% (50/217)        
2023-04-27T19:35:04.8283138Z remote: Compressing objects:  24% (53/217)        
2023-04-27T19:35:04.8288706Z remote: Compressing objects:  25% (55/217)        
2023-04-27T19:35:04.8332380Z remote: Compressing objects:  26% (57/217)        
2023-04-27T19:35:04.8333341Z remote: Compressing objects:  27% (59/217)        
2023-04-27T19:35:04.8335212Z remote: Compressing objects:  28% (61/217)        
2023-04-27T19:35:04.8335712Z remote: Compressing objects:  29% (63/217)        
2023-04-27T19:35:04.8336052Z remote: Compressing objects:  30% (66/217)        
2023-04-27T19:35:04.8336440Z remote: Compressing objects:  31% (68/217)        
2023-04-27T19:35:04.8336772Z remote: Compressing objects:  32% (70/217)        
2023-04-27T19:35:04.8337087Z remote: Compressing objects:  33% (72/217)        
2023-04-27T19:35:04.8337413Z remote: Compressing objects:  34% (74/217)        
2023-04-27T19:35:04.8337739Z remote: Compressing objects:  35% (76/217)        
2023-04-27T19:35:04.8338048Z remote: Compressing objects:  36% (79/217)        
2023-04-27T19:35:04.8338374Z remote: Compressing objects:  37% (81/217)        
2023-04-27T19:35:04.8338697Z remote: Compressing objects:  38% (83/217)        
2023-04-27T19:35:04.8339007Z remote: Compressing objects:  39% (85/217)        
2023-04-27T19:35:04.8339342Z remote: Compressing objects:  40% (87/217)        
2023-04-27T19:35:04.8339662Z remote: Compressing objects:  41% (89/217)        
2023-04-27T19:35:04.8339986Z remote: Compressing objects:  42% (92/217)        
2023-04-27T19:35:04.8340295Z remote: Compressing objects:  43% (94/217)        
2023-04-27T19:35:04.8340619Z remote: Compressing objects:  44% (96/217)        
2023-04-27T19:35:04.8340941Z remote: Compressing objects:  45% (98/217)        
2023-04-27T19:35:04.8341250Z remote: Compressing objects:  46% (100/217)        
2023-04-27T19:35:04.8341582Z remote: Compressing objects:  47% (102/217)        
2023-04-27T19:35:04.8341914Z remote: Compressing objects:  48% (105/217)        
2023-04-27T19:35:04.8342226Z remote: Compressing objects:  49% (107/217)        
2023-04-27T19:35:04.8342551Z remote: Compressing objects:  50% (109/217)        
2023-04-27T19:35:04.8342880Z remote: Compressing objects:  51% (111/217)        
2023-04-27T19:35:04.8343191Z remote: Compressing objects:  52% (113/217)        
2023-04-27T19:35:04.8343522Z remote: Compressing objects:  53% (116/217)        
2023-04-27T19:35:04.8344081Z remote: Compressing objects:  54% (118/217)        
2023-04-27T19:35:04.8344414Z remote: Compressing objects:  55% (120/217)        
2023-04-27T19:35:04.8344721Z remote: Compressing objects:  56% (122/217)        
2023-04-27T19:35:04.8345049Z remote: Compressing objects:  57% (124/217)        
2023-04-27T19:35:04.8345375Z remote: Compressing objects:  58% (126/217)        
2023-04-27T19:35:04.8345685Z remote: Compressing objects:  59% (129/217)        
2023-04-27T19:35:04.8346013Z remote: Compressing objects:  60% (131/217)        
2023-04-27T19:35:04.8346338Z remote: Compressing objects:  61% (133/217)        
2023-04-27T19:35:04.8346647Z remote: Compressing objects:  62% (135/217)        
2023-04-27T19:35:04.8346969Z remote: Compressing objects:  63% (137/217)        
2023-04-27T19:35:04.8347296Z remote: Compressing objects:  64% (139/217)        
2023-04-27T19:35:04.8347615Z remote: Compressing objects:  65% (142/217)        
2023-04-27T19:35:04.8347926Z remote: Compressing objects:  66% (144/217)        
2023-04-27T19:35:04.8348253Z remote: Compressing objects:  67% (146/217)        
2023-04-27T19:35:04.8348571Z remote: Compressing objects:  68% (148/217)        
2023-04-27T19:35:04.8348880Z remote: Compressing objects:  69% (150/217)        
2023-04-27T19:35:04.8349198Z remote: Compressing objects:  70% (152/217)        
2023-04-27T19:35:04.8349520Z remote: Compressing objects:  71% (155/217)        
2023-04-27T19:35:04.8349827Z remote: Compressing objects:  72% (157/217)        
2023-04-27T19:35:04.8350147Z remote: Compressing objects:  73% (159/217)        
2023-04-27T19:35:04.8350469Z remote: Compressing objects:  74% (161/217)        
2023-04-27T19:35:04.8350777Z remote: Compressing objects:  75% (163/217)        
2023-04-27T19:35:04.8351098Z remote: Compressing objects:  76% (165/217)        
2023-04-27T19:35:04.8351423Z remote: Compressing objects:  77% (168/217)        
2023-04-27T19:35:04.8351863Z remote: Compressing objects:  78% (170/217)        
2023-04-27T19:35:04.8352173Z remote: Compressing objects:  79% (172/217)        
2023-04-27T19:35:04.8352501Z remote: Compressing objects:  80% (174/217)        
2023-04-27T19:35:04.8352824Z remote: Compressing objects:  81% (176/217)        
2023-04-27T19:35:04.8353128Z remote: Compressing objects:  82% (178/217)        
2023-04-27T19:35:04.8353449Z remote: Compressing objects:  83% (181/217)        
2023-04-27T19:35:04.8353771Z remote: Compressing objects:  84% (183/217)        
2023-04-27T19:35:04.8354077Z remote: Compressing objects:  85% (185/217)        
2023-04-27T19:35:04.8354399Z remote: Compressing objects:  86% (187/217)        
2023-04-27T19:35:04.8354722Z remote: Compressing objects:  87% (189/217)        
2023-04-27T19:35:04.8355047Z remote: Compressing objects:  88% (191/217)        
2023-04-27T19:35:04.8355356Z remote: Compressing objects:  89% (194/217)        
2023-04-27T19:35:04.8355705Z remote: Compressing objects:  90% (196/217)        
2023-04-27T19:35:04.8356033Z remote: Compressing objects:  91% (198/217)        
2023-04-27T19:35:04.8356363Z remote: Compressing objects:  92% (200/217)        
2023-04-27T19:35:04.8356686Z remote: Compressing objects:  93% (202/217)        
2023-04-27T19:35:04.8356993Z remote: Compressing objects:  94% (204/217)        
2023-04-27T19:35:04.8357315Z remote: Compressing objects:  95% (207/217)        
2023-04-27T19:35:04.8357640Z remote: Compressing objects:  96% (209/217)        
2023-04-27T19:35:04.8357947Z remote: Compressing objects:  97% (211/217)        
2023-04-27T19:35:04.8358272Z remote: Compressing objects:  98% (213/217)        
2023-04-27T19:35:04.8358593Z remote: Compressing objects:  99% (215/217)        
2023-04-27T19:35:04.8358899Z remote: Compressing objects: 100% (217/217)        
2023-04-27T19:35:04.8359246Z remote: Compressing objects: 100% (217/217), done.        
2023-04-27T19:35:04.8416322Z Receiving objects:   0% (1/1166)
2023-04-27T19:35:04.8418868Z Receiving objects:   1% (12/1166)
2023-04-27T19:35:04.8422971Z Receiving objects:   2% (24/1166)
2023-04-27T19:35:04.8443278Z Receiving objects:   3% (35/1166)
2023-04-27T19:35:04.8445782Z Receiving objects:   4% (47/1166)
2023-04-27T19:35:04.8513530Z Receiving objects:   5% (59/1166)
2023-04-27T19:35:04.8513860Z Receiving objects:   6% (70/1166)
2023-04-27T19:35:04.8522629Z Receiving objects:   7% (82/1166)
2023-04-27T19:35:04.8522930Z Receiving objects:   8% (94/1166)
2023-04-27T19:35:04.8532671Z Receiving objects:   9% (105/1166)
2023-04-27T19:35:04.8532996Z Receiving objects:  10% (117/1166)
2023-04-27T19:35:04.8535419Z Receiving objects:  11% (129/1166)
2023-04-27T19:35:04.8608004Z Receiving objects:  12% (140/1166)
2023-04-27T19:35:04.8608318Z Receiving objects:  13% (152/1166)
2023-04-27T19:35:04.8608992Z Receiving objects:  14% (164/1166)
2023-04-27T19:35:04.8609272Z Receiving objects:  15% (175/1166)
2023-04-27T19:35:04.8609540Z Receiving objects:  16% (187/1166)
2023-04-27T19:35:04.8616646Z Receiving objects:  17% (199/1166)
2023-04-27T19:35:04.8616964Z Receiving objects:  18% (210/1166)
2023-04-27T19:35:04.8617257Z Receiving objects:  19% (222/1166)
2023-04-27T19:35:04.8617530Z Receiving objects:  20% (234/1166)
2023-04-27T19:35:04.8665108Z Receiving objects:  21% (245/1166)
2023-04-27T19:35:04.8665414Z Receiving objects:  22% (257/1166)
2023-04-27T19:35:04.8669609Z Receiving objects:  23% (269/1166)
2023-04-27T19:35:04.8671971Z Receiving objects:  24% (280/1166)
2023-04-27T19:35:04.8704947Z Receiving objects:  25% (292/1166)
2023-04-27T19:35:04.8705363Z Receiving objects:  26% (304/1166)
2023-04-27T19:35:04.8706504Z Receiving objects:  27% (315/1166)
2023-04-27T19:35:04.8707052Z Receiving objects:  28% (327/1166)
2023-04-27T19:35:04.8710950Z Receiving objects:  29% (339/1166)
2023-04-27T19:35:04.8715231Z Receiving objects:  30% (350/1166)
2023-04-27T19:35:04.8719325Z Receiving objects:  31% (362/1166)
2023-04-27T19:35:04.8723633Z Receiving objects:  32% (374/1166)
2023-04-27T19:35:04.8727727Z Receiving objects:  33% (385/1166)
2023-04-27T19:35:04.8732450Z Receiving objects:  34% (397/1166)
2023-04-27T19:35:04.8737266Z Receiving objects:  35% (409/1166)
2023-04-27T19:35:04.8741125Z Receiving objects:  36% (420/1166)
2023-04-27T19:35:04.8744985Z Receiving objects:  37% (432/1166)
2023-04-27T19:35:04.8748738Z Receiving objects:  38% (444/1166)
2023-04-27T19:35:04.8753026Z Receiving objects:  39% (455/1166)
2023-04-27T19:35:04.8757081Z Receiving objects:  40% (467/1166)
2023-04-27T19:35:04.8760847Z Receiving objects:  41% (479/1166)
2023-04-27T19:35:04.8764638Z Receiving objects:  42% (490/1166)
2023-04-27T19:35:04.8768858Z Receiving objects:  43% (502/1166)
2023-04-27T19:35:04.8773438Z Receiving objects:  44% (514/1166)
2023-04-27T19:35:04.8786313Z Receiving objects:  45% (525/1166)
2023-04-27T19:35:04.8791302Z Receiving objects:  46% (537/1166)
2023-04-27T19:35:04.8795775Z Receiving objects:  47% (549/1166)
2023-04-27T19:35:04.8802567Z Receiving objects:  48% (560/1166)
2023-04-27T19:35:04.8808833Z Receiving objects:  49% (572/1166)
2023-04-27T19:35:04.8815395Z Receiving objects:  50% (583/1166)
2023-04-27T19:35:04.8819726Z Receiving objects:  51% (595/1166)
2023-04-27T19:35:04.8823974Z Receiving objects:  52% (607/1166)
2023-04-27T19:35:04.8828163Z Receiving objects:  53% (618/1166)
2023-04-27T19:35:04.8832771Z Receiving objects:  54% (630/1166)
2023-04-27T19:35:04.8836924Z Receiving objects:  55% (642/1166)
2023-04-27T19:35:04.8840785Z Receiving objects:  56% (653/1166)
2023-04-27T19:35:04.8845130Z Receiving objects:  57% (665/1166)
2023-04-27T19:35:04.8849071Z Receiving objects:  58% (677/1166)
2023-04-27T19:35:04.8854341Z Receiving objects:  59% (688/1166)
2023-04-27T19:35:04.8861755Z Receiving objects:  60% (700/1166)
2023-04-27T19:35:04.8867431Z Receiving objects:  61% (712/1166)
2023-04-27T19:35:04.8872755Z Receiving objects:  62% (723/1166)
2023-04-27T19:35:04.8878628Z Receiving objects:  63% (735/1166)
2023-04-27T19:35:04.8883572Z Receiving objects:  64% (747/1166)
2023-04-27T19:35:04.8889539Z Receiving objects:  65% (758/1166)
2023-04-27T19:35:04.8894816Z Receiving objects:  66% (770/1166)
2023-04-27T19:35:04.8900600Z Receiving objects:  67% (782/1166)
2023-04-27T19:35:04.8906258Z Receiving objects:  68% (793/1166)
2023-04-27T19:35:04.8911002Z Receiving objects:  69% (805/1166)
2023-04-27T19:35:04.8918316Z Receiving objects:  70% (817/1166)
2023-04-27T19:35:04.8923977Z Receiving objects:  71% (828/1166)
2023-04-27T19:35:04.8928900Z Receiving objects:  72% (840/1166)
2023-04-27T19:35:04.8934646Z Receiving objects:  73% (852/1166)
2023-04-27T19:35:04.8939761Z Receiving objects:  74% (863/1166)
2023-04-27T19:35:04.8945182Z Receiving objects:  75% (875/1166)
2023-04-27T19:35:04.8950114Z Receiving objects:  76% (887/1166)
2023-04-27T19:35:04.8955094Z Receiving objects:  77% (898/1166)
2023-04-27T19:35:04.8959602Z Receiving objects:  78% (910/1166)
2023-04-27T19:35:04.8964811Z Receiving objects:  79% (922/1166)
2023-04-27T19:35:04.8970039Z Receiving objects:  80% (933/1166)
2023-04-27T19:35:04.8974974Z Receiving objects:  81% (945/1166)
2023-04-27T19:35:04.8980862Z Receiving objects:  82% (957/1166)
2023-04-27T19:35:04.8981588Z remote: Total 1166 (delta 167), reused 239 (delta 149), pack-reused 778        
2023-04-27T19:35:04.8987577Z Receiving objects:  83% (968/1166)
2023-04-27T19:35:04.8991384Z Receiving objects:  84% (980/1166)
2023-04-27T19:35:04.8994964Z Receiving objects:  85% (992/1166)
2023-04-27T19:35:04.8998474Z Receiving objects:  86% (1003/1166)
2023-04-27T19:35:04.9002290Z Receiving objects:  87% (1015/1166)
2023-04-27T19:35:04.9005590Z Receiving objects:  88% (1027/1166)
2023-04-27T19:35:04.9009177Z Receiving objects:  89% (1038/1166)
2023-04-27T19:35:04.9013772Z Receiving objects:  90% (1050/1166)
2023-04-27T19:35:04.9021838Z Receiving objects:  91% (1062/1166)
2023-04-27T19:35:04.9022144Z Receiving objects:  92% (1073/1166)
2023-04-27T19:35:04.9022441Z Receiving objects:  93% (1085/1166)
2023-04-27T19:35:04.9029799Z Receiving objects:  94% (1097/1166)
2023-04-27T19:35:04.9032057Z Receiving objects:  95% (1108/1166)
2023-04-27T19:35:04.9035516Z Receiving objects:  96% (1120/1166)
2023-04-27T19:35:04.9039620Z Receiving objects:  97% (1132/1166)
2023-04-27T19:35:04.9042142Z Receiving objects:  98% (1143/1166)
2023-04-27T19:35:04.9043525Z Receiving objects:  99% (1155/1166)
2023-04-27T19:35:04.9045050Z Receiving objects: 100% (1166/1166)
2023-04-27T19:35:04.9047894Z Receiving objects: 100% (1166/1166), 288.59 KiB | 4.18 MiB/s, done.
2023-04-27T19:35:04.9050666Z Resolving deltas:   0% (0/636)
2023-04-27T19:35:04.9052683Z Resolving deltas:   1% (7/636)
2023-04-27T19:35:04.9054345Z Resolving deltas:   2% (13/636)
2023-04-27T19:35:04.9055886Z Resolving deltas:   3% (20/636)
2023-04-27T19:35:04.9057342Z Resolving deltas:   4% (26/636)
2023-04-27T19:35:04.9058838Z Resolving deltas:   5% (32/636)
2023-04-27T19:35:04.9060243Z Resolving deltas:   6% (39/636)
2023-04-27T19:35:04.9061644Z Resolving deltas:   7% (45/636)
2023-04-27T19:35:04.9063137Z Resolving deltas:   8% (51/636)
2023-04-27T19:35:04.9064534Z Resolving deltas:   9% (58/636)
2023-04-27T19:35:04.9066028Z Resolving deltas:  10% (64/636)
2023-04-27T19:35:04.9067173Z Resolving deltas:  11% (70/636)
2023-04-27T19:35:04.9069054Z Resolving deltas:  12% (77/636)
2023-04-27T19:35:04.9070466Z Resolving deltas:  13% (83/636)
2023-04-27T19:35:04.9072052Z Resolving deltas:  14% (90/636)
2023-04-27T19:35:04.9073531Z Resolving deltas:  15% (96/636)
2023-04-27T19:35:04.9075199Z Resolving deltas:  16% (102/636)
2023-04-27T19:35:04.9076575Z Resolving deltas:  17% (109/636)
2023-04-27T19:35:04.9077919Z Resolving deltas:  18% (115/636)
2023-04-27T19:35:04.9079380Z Resolving deltas:  19% (121/636)
2023-04-27T19:35:04.9080673Z Resolving deltas:  20% (128/636)
2023-04-27T19:35:04.9083786Z Resolving deltas:  21% (134/636)
2023-04-27T19:35:04.9086465Z Resolving deltas:  22% (140/636)
2023-04-27T19:35:04.9087666Z Resolving deltas:  23% (147/636)
2023-04-27T19:35:04.9088804Z Resolving deltas:  24% (153/636)
2023-04-27T19:35:04.9089959Z Resolving deltas:  25% (159/636)
2023-04-27T19:35:04.9096922Z Resolving deltas:  26% (166/636)
2023-04-27T19:35:04.9101383Z Resolving deltas:  27% (172/636)
2023-04-27T19:35:04.9106801Z Resolving deltas:  28% (179/636)
2023-04-27T19:35:04.9111186Z Resolving deltas:  29% (185/636)
2023-04-27T19:35:04.9112401Z Resolving deltas:  30% (191/636)
2023-04-27T19:35:04.9114635Z Resolving deltas:  31% (198/636)
2023-04-27T19:35:04.9116231Z Resolving deltas:  32% (204/636)
2023-04-27T19:35:04.9119968Z Resolving deltas:  33% (210/636)
2023-04-27T19:35:04.9122159Z Resolving deltas:  34% (217/636)
2023-04-27T19:35:04.9124736Z Resolving deltas:  35% (223/636)
2023-04-27T19:35:04.9128102Z Resolving deltas:  36% (229/636)
2023-04-27T19:35:04.9131477Z Resolving deltas:  37% (236/636)
2023-04-27T19:35:04.9133601Z Resolving deltas:  38% (242/636)
2023-04-27T19:35:04.9136984Z Resolving deltas:  39% (249/636)
2023-04-27T19:35:04.9138452Z Resolving deltas:  40% (255/636)
2023-04-27T19:35:04.9141850Z Resolving deltas:  41% (261/636)
2023-04-27T19:35:04.9166674Z Resolving deltas:  42% (268/636)
2023-04-27T19:35:04.9167075Z Resolving deltas:  43% (274/636)
2023-04-27T19:35:04.9167878Z Resolving deltas:  44% (280/636)
2023-04-27T19:35:04.9188359Z Resolving deltas:  45% (287/636)
2023-04-27T19:35:04.9188719Z Resolving deltas:  46% (293/636)
2023-04-27T19:35:04.9189108Z Resolving deltas:  47% (299/636)
2023-04-27T19:35:04.9217199Z Resolving deltas:  48% (306/636)
2023-04-27T19:35:04.9217556Z Resolving deltas:  49% (312/636)
2023-04-27T19:35:04.9218212Z Resolving deltas:  50% (318/636)
2023-04-27T19:35:04.9218609Z Resolving deltas:  51% (325/636)
2023-04-27T19:35:04.9228817Z Resolving deltas:  52% (331/636)
2023-04-27T19:35:04.9229171Z Resolving deltas:  53% (338/636)
2023-04-27T19:35:04.9229540Z Resolving deltas:  54% (344/636)
2023-04-27T19:35:04.9237745Z Resolving deltas:  55% (350/636)
2023-04-27T19:35:04.9243936Z Resolving deltas:  56% (357/636)
2023-04-27T19:35:04.9249879Z Resolving deltas:  57% (363/636)
2023-04-27T19:35:04.9258426Z Resolving deltas:  58% (369/636)
2023-04-27T19:35:04.9259801Z Resolving deltas:  59% (376/636)
2023-04-27T19:35:04.9262959Z Resolving deltas:  60% (382/636)
2023-04-27T19:35:04.9267551Z Resolving deltas:  61% (388/636)
2023-04-27T19:35:04.9271131Z Resolving deltas:  62% (395/636)
2023-04-27T19:35:04.9274350Z Resolving deltas:  63% (401/636)
2023-04-27T19:35:04.9275793Z Resolving deltas:  64% (408/636)
2023-04-27T19:35:04.9276993Z Resolving deltas:  65% (414/636)
2023-04-27T19:35:04.9278211Z Resolving deltas:  66% (420/636)
2023-04-27T19:35:04.9279331Z Resolving deltas:  67% (427/636)
2023-04-27T19:35:04.9280289Z Resolving deltas:  68% (433/636)
2023-04-27T19:35:04.9281320Z Resolving deltas:  69% (439/636)
2023-04-27T19:35:04.9290887Z Resolving deltas:  70% (446/636)
2023-04-27T19:35:04.9297061Z Resolving deltas:  71% (452/636)
2023-04-27T19:35:04.9301948Z Resolving deltas:  72% (458/636)
2023-04-27T19:35:04.9302624Z Resolving deltas:  73% (465/636)
2023-04-27T19:35:04.9304134Z Resolving deltas:  74% (471/636)
2023-04-27T19:35:04.9308205Z Resolving deltas:  75% (477/636)
2023-04-27T19:35:04.9312856Z Resolving deltas:  76% (484/636)
2023-04-27T19:35:04.9317399Z Resolving deltas:  77% (490/636)
2023-04-27T19:35:04.9322104Z Resolving deltas:  78% (497/636)
2023-04-27T19:35:04.9326927Z Resolving deltas:  79% (503/636)
2023-04-27T19:35:04.9331910Z Resolving deltas:  80% (509/636)
2023-04-27T19:35:04.9340067Z Resolving deltas:  81% (516/636)
2023-04-27T19:35:04.9341706Z Resolving deltas:  82% (522/636)
2023-04-27T19:35:04.9343106Z Resolving deltas:  83% (528/636)
2023-04-27T19:35:04.9344324Z Resolving deltas:  84% (535/636)
2023-04-27T19:35:04.9345500Z Resolving deltas:  85% (541/636)
2023-04-27T19:35:04.9347150Z Resolving deltas:  86% (547/636)
2023-04-27T19:35:04.9350601Z Resolving deltas:  87% (554/636)
2023-04-27T19:35:04.9357437Z Resolving deltas:  88% (560/636)
2023-04-27T19:35:04.9366130Z Resolving deltas:  89% (567/636)
2023-04-27T19:35:04.9374680Z Resolving deltas:  90% (573/636)
2023-04-27T19:35:04.9387670Z Resolving deltas:  91% (579/636)
2023-04-27T19:35:04.9393111Z Resolving deltas:  92% (586/636)
2023-04-27T19:35:04.9396960Z Resolving deltas:  93% (592/636)
2023-04-27T19:35:04.9401923Z Resolving deltas:  94% (598/636)
2023-04-27T19:35:04.9406350Z Resolving deltas:  95% (605/636)
2023-04-27T19:35:04.9410950Z Resolving deltas:  96% (611/636)
2023-04-27T19:35:04.9417241Z Resolving deltas:  97% (617/636)
2023-04-27T19:35:04.9424790Z Resolving deltas:  98% (624/636)
2023-04-27T19:35:04.9430573Z Resolving deltas:  99% (630/636)
2023-04-27T19:35:04.9437596Z Resolving deltas: 100% (636/636)
2023-04-27T19:35:04.9438244Z Resolving deltas: 100% (636/636), done.
2023-04-27T19:35:04.9646293Z From https://github.com/con/tinuous
2023-04-27T19:35:04.9647334Z  * [new branch]      gh-124          -> origin/gh-124
2023-04-27T19:35:04.9648173Z  * [new branch]      gh-55           -> origin/gh-55
2023-04-27T19:35:04.9649344Z  * [new branch]      master          -> origin/master
2023-04-27T19:35:04.9649877Z  * [new branch]      no-extra-search -> origin/no-extra-search
2023-04-27T19:35:04.9650477Z  * [new branch]      test-appveyor   -> origin/test-appveyor
2023-04-27T19:35:04.9650988Z  * [new tag]         0.1.0           -> 0.1.0
2023-04-27T19:35:04.9651381Z  * [new tag]         0.2.0           -> 0.2.0
2023-04-27T19:35:04.9651843Z  * [new tag]         0.3.0           -> 0.3.0
2023-04-27T19:35:04.9652417Z  * [new tag]         0.4.0           -> 0.4.0
2023-04-27T19:35:04.9652857Z  * [new tag]         0.5.0           -> 0.5.0
2023-04-27T19:35:04.9653228Z  * [new tag]         0.5.1           -> 0.5.1
2023-04-27T19:35:04.9653653Z  * [new tag]         0.5.2           -> 0.5.2
2023-04-27T19:35:04.9654118Z  * [new tag]         0.5.3           -> 0.5.3
2023-04-27T19:35:04.9654606Z  * [new tag]         0.5.4           -> 0.5.4
2023-04-27T19:35:04.9654994Z  * [new tag]         0.6.0           -> 0.6.0
2023-04-27T19:35:04.9655386Z  * [new tag]         0.6.1           -> 0.6.1
2023-04-27T19:35:04.9683849Z [command]/usr/bin/git branch --list --remote origin/gh-124
2023-04-27T19:35:04.9717843Z   origin/gh-124
2023-04-27T19:35:04.9732565Z [command]/usr/bin/git rev-parse refs/remotes/origin/gh-124
2023-04-27T19:35:04.9760771Z 818b3e06666207ed99aabda087166056c1b53e37
2023-04-27T19:35:04.9769433Z ##[endgroup]
2023-04-27T19:35:04.9770242Z ##[group]Determining the checkout info
2023-04-27T19:35:04.9770923Z ##[endgroup]
2023-04-27T19:35:04.9771685Z ##[group]Checking out the ref
2023-04-27T19:35:04.9777884Z [command]/usr/bin/git checkout --progress --force -B gh-124 refs/remotes/origin/gh-124
2023-04-27T19:35:04.9851933Z Switched to a new branch 'gh-124'
2023-04-27T19:35:04.9858152Z branch 'gh-124' set up to track 'origin/gh-124'.
2023-04-27T19:35:04.9860363Z ##[endgroup]
2023-04-27T19:35:04.9905482Z [command]/usr/bin/git log -1 --format='%H'
2023-04-27T19:35:04.9942227Z '818b3e06666207ed99aabda087166056c1b53e37'
2023-04-27T19:35:05.0282060Z ##[group]Run actions/setup-python@v4
2023-04-27T19:35:05.0282433Z with:
2023-04-27T19:35:05.0282733Z   python-version: 3.8
2023-04-27T19:35:05.0283006Z   check-latest: false
2023-04-27T19:35:05.0283529Z   token: ***
2023-04-27T19:35:05.0283907Z   update-environment: true
2023-04-27T19:35:05.0284252Z   allow-prereleases: false
2023-04-27T19:35:05.0284517Z ##[endgroup]
2023-04-27T19:35:05.2128765Z ##[group]Installed versions
2023-04-27T19:35:05.2253973Z Successfully set up CPython (3.8.16)
2023-04-27T19:35:05.2256524Z ##[endgroup]
2023-04-27T19:35:05.2578054Z ##[group]Run python -m pip install --upgrade pip wheel
2023-04-27T19:35:05.2578487Z [36;1mpython -m pip install --upgrade pip wheel[0m
2023-04-27T19:35:05.2578864Z [36;1mpython -m pip install --upgrade --upgrade-strategy=eager tox[0m
2023-04-27T19:35:05.2642429Z shell: /usr/bin/bash -e {0}
2023-04-27T19:35:05.2642682Z env:
2023-04-27T19:35:05.2642981Z   pythonLocation: /opt/hostedtoolcache/Python/3.8.16/x64
2023-04-27T19:35:05.2643353Z   PKG_CONFIG_PATH: /opt/hostedtoolcache/Python/3.8.16/x64/lib/pkgconfig
2023-04-27T19:35:05.2643729Z   Python_ROOT_DIR: /opt/hostedtoolcache/Python/3.8.16/x64
2023-04-27T19:35:05.2644080Z   Python2_ROOT_DIR: /opt/hostedtoolcache/Python/3.8.16/x64
2023-04-27T19:35:05.2644422Z   Python3_ROOT_DIR: /opt/hostedtoolcache/Python/3.8.16/x64
2023-04-27T19:35:05.2644760Z   LD_LIBRARY_PATH: /opt/hostedtoolcache/Python/3.8.16/x64/lib
2023-04-27T19:35:05.2645043Z ##[endgroup]
2023-04-27T19:35:07.9929851Z Requirement already satisfied: pip in /opt/hostedtoolcache/Python/3.8.16/x64/lib/python3.8/site-packages (22.0.4)
2023-04-27T19:35:08.2106704Z Collecting pip
2023-04-27T19:35:08.3232014Z   Downloading pip-23.1.2-py3-none-any.whl (2.1 MB)
2023-04-27T19:35:08.4352610Z      ‚îÅ‚îÅ‚îÅ‚îÅ‚îÅ‚îÅ‚îÅ‚îÅ‚îÅ‚îÅ‚îÅ‚îÅ‚îÅ‚îÅ‚îÅ‚îÅ‚îÅ‚îÅ‚îÅ‚îÅ‚îÅ‚îÅ‚îÅ‚îÅ‚îÅ‚îÅ‚îÅ‚îÅ‚îÅ‚îÅ‚îÅ‚îÅ‚îÅ‚îÅ‚îÅ‚îÅ‚îÅ‚îÅ‚îÅ‚îÅ 2.1/2.1 MB 19.1 MB/s eta 0:00:00
2023-04-27T19:35:08.5035065Z Collecting wheel
2023-04-27T19:35:08.5088564Z   Downloading wheel-0.40.0-py3-none-any.whl (64 kB)
2023-04-27T19:35:08.5164786Z      ‚îÅ‚îÅ‚îÅ‚îÅ‚îÅ‚îÅ‚îÅ‚îÅ‚îÅ‚îÅ‚îÅ‚îÅ‚îÅ‚îÅ‚îÅ‚îÅ‚îÅ‚îÅ‚îÅ‚îÅ‚îÅ‚îÅ‚îÅ‚îÅ‚îÅ‚îÅ‚îÅ‚îÅ‚îÅ‚îÅ‚îÅ‚îÅ‚îÅ‚îÅ‚îÅ‚îÅ‚îÅ‚îÅ‚îÅ‚îÅ 64.5/64.5 kB 17.9 MB/s eta 0:00:00
2023-04-27T19:35:08.5658148Z Installing collected packages: wheel, pip
2023-04-27T19:35:08.6203301Z   Attempting uninstall: pip
2023-04-27T19:35:08.6211921Z     Found existing installation: pip 22.0.4
2023-04-27T19:35:08.6903667Z     Uninstalling pip-22.0.4:
2023-04-27T19:35:08.7691321Z       Successfully uninstalled pip-22.0.4
2023-04-27T19:35:10.0266552Z Successfully installed pip-23.1.2 wheel-0.40.0
2023-04-27T19:35:11.1089033Z Collecting tox
2023-04-27T19:35:11.1992832Z   Downloading tox-4.5.1-py3-none-any.whl (148 kB)
2023-04-27T19:35:11.2491095Z      ‚îÅ‚îÅ‚îÅ‚îÅ‚îÅ‚îÅ‚îÅ‚îÅ‚îÅ‚îÅ‚îÅ‚îÅ‚îÅ‚îÅ‚îÅ‚îÅ‚îÅ‚îÅ‚îÅ‚îÅ‚îÅ‚îÅ‚îÅ‚îÅ‚îÅ‚îÅ‚îÅ‚îÅ‚îÅ‚îÅ‚îÅ‚îÅ‚îÅ‚îÅ‚îÅ‚îÅ‚îÅ‚îÅ‚îÅ 149.0/149.0 kB 3.1 MB/s eta 0:00:00
2023-04-27T19:35:11.3204105Z Collecting cachetools>=5.3 (from tox)
2023-04-27T19:35:11.3258921Z   Downloading cachetools-5.3.0-py3-none-any.whl (9.3 kB)
2023-04-27T19:35:11.3494228Z Collecting chardet>=5.1 (from tox)
2023-04-27T19:35:11.3554477Z   Downloading chardet-5.1.0-py3-none-any.whl (199 kB)
2023-04-27T19:35:11.3680846Z      ‚îÅ‚îÅ‚îÅ‚îÅ‚îÅ‚îÅ‚îÅ‚îÅ‚îÅ‚îÅ‚îÅ‚îÅ‚îÅ‚îÅ‚îÅ‚îÅ‚îÅ‚îÅ‚îÅ‚îÅ‚îÅ‚îÅ‚îÅ‚îÅ‚îÅ‚îÅ‚îÅ‚îÅ‚îÅ‚îÅ‚îÅ‚îÅ‚îÅ‚îÅ‚îÅ‚îÅ‚îÅ‚îÅ 199.1/199.1 kB 20.2 MB/s eta 0:00:00
2023-04-27T19:35:11.4673462Z Collecting colorama>=0.4.6 (from tox)
2023-04-27T19:35:11.4737879Z   Downloading colorama-0.4.6-py2.py3-none-any.whl (25 kB)
2023-04-27T19:35:11.5148292Z Collecting filelock>=3.11 (from tox)
2023-04-27T19:35:11.5197304Z   Downloading filelock-3.12.0-py3-none-any.whl (10 kB)
2023-04-27T19:35:11.5633608Z Collecting packaging>=23.1 (from tox)
2023-04-27T19:35:11.5685205Z   Downloading packaging-23.1-py3-none-any.whl (48 kB)
2023-04-27T19:35:11.5748670Z      ‚îÅ‚îÅ‚îÅ‚îÅ‚îÅ‚îÅ‚îÅ‚îÅ‚îÅ‚îÅ‚îÅ‚îÅ‚îÅ‚îÅ‚îÅ‚îÅ‚îÅ‚îÅ‚îÅ‚îÅ‚îÅ‚îÅ‚îÅ‚îÅ‚îÅ‚îÅ‚îÅ‚îÅ‚îÅ‚îÅ‚îÅ‚îÅ‚îÅ‚îÅ‚îÅ‚îÅ‚îÅ‚îÅ‚îÅ‚îÅ 48.9/48.9 kB 12.1 MB/s eta 0:00:00
2023-04-27T19:35:11.6064028Z Collecting platformdirs>=3.2 (from tox)
2023-04-27T19:35:11.6116350Z   Downloading platformdirs-3.5.0-py3-none-any.whl (15 kB)
2023-04-27T19:35:11.6480802Z Collecting pluggy>=1 (from tox)
2023-04-27T19:35:11.6569271Z   Downloading pluggy-1.0.0-py2.py3-none-any.whl (13 kB)
2023-04-27T19:35:11.6832653Z Collecting pyproject-api>=1.5.1 (from tox)
2023-04-27T19:35:11.6880980Z   Downloading pyproject_api-1.5.1-py3-none-any.whl (12 kB)
2023-04-27T19:35:11.7189432Z Collecting tomli>=2.0.1 (from tox)
2023-04-27T19:35:11.7244179Z   Downloading tomli-2.0.1-py3-none-any.whl (12 kB)
2023-04-27T19:35:11.8612803Z Collecting virtualenv>=20.21 (from tox)
2023-04-27T19:35:11.8665292Z   Downloading virtualenv-20.22.0-py3-none-any.whl (3.2 MB)
2023-04-27T19:35:11.9056811Z      ‚îÅ‚îÅ‚îÅ‚îÅ‚îÅ‚îÅ‚îÅ‚îÅ‚îÅ‚îÅ‚îÅ‚îÅ‚îÅ‚îÅ‚îÅ‚îÅ‚îÅ‚îÅ‚îÅ‚îÅ‚îÅ‚îÅ‚îÅ‚îÅ‚îÅ‚îÅ‚îÅ‚îÅ‚îÅ‚îÅ‚îÅ‚îÅ‚îÅ‚îÅ‚îÅ‚îÅ‚îÅ‚îÅ‚îÅ‚îÅ 3.2/3.2 MB 90.8 MB/s eta 0:00:00
2023-04-27T19:35:12.0285763Z Collecting distlib<1,>=0.3.6 (from virtualenv>=20.21->tox)
2023-04-27T19:35:12.0335076Z   Downloading distlib-0.3.6-py2.py3-none-any.whl (468 kB)
2023-04-27T19:35:12.0445161Z      ‚îÅ‚îÅ‚îÅ‚îÅ‚îÅ‚îÅ‚îÅ‚îÅ‚îÅ‚îÅ‚îÅ‚îÅ‚îÅ‚îÅ‚îÅ‚îÅ‚îÅ‚îÅ‚îÅ‚îÅ‚îÅ‚îÅ‚îÅ‚îÅ‚îÅ‚îÅ‚îÅ‚îÅ‚îÅ‚îÅ‚îÅ‚îÅ‚îÅ‚îÅ‚îÅ‚îÅ‚îÅ‚îÅ 468.5/468.5 kB 61.7 MB/s eta 0:00:00
2023-04-27T19:35:12.2154133Z Installing collected packages: distlib, tomli, pluggy, platformdirs, packaging, filelock, colorama, chardet, cachetools, virtualenv, pyproject-api, tox
2023-04-27T19:35:12.9536188Z Successfully installed cachetools-5.3.0 chardet-5.1.0 colorama-0.4.6 distlib-0.3.6 filelock-3.12.0 packaging-23.1 platformdirs-3.5.0 pluggy-1.0.0 pyproject-api-1.5.1 tomli-2.0.1 tox-4.5.1 virtualenv-20.22.0
2023-04-27T19:35:13.1406433Z ##[group]Run tox -e typing
2023-04-27T19:35:13.1406707Z [36;1mtox -e typing[0m
2023-04-27T19:35:13.1466083Z shell: /usr/bin/bash -e {0}
2023-04-27T19:35:13.1466317Z env:
2023-04-27T19:35:13.1466610Z   pythonLocation: /opt/hostedtoolcache/Python/3.8.16/x64
2023-04-27T19:35:13.1467004Z   PKG_CONFIG_PATH: /opt/hostedtoolcache/Python/3.8.16/x64/lib/pkgconfig
2023-04-27T19:35:13.1467368Z   Python_ROOT_DIR: /opt/hostedtoolcache/Python/3.8.16/x64
2023-04-27T19:35:13.1467724Z   Python2_ROOT_DIR: /opt/hostedtoolcache/Python/3.8.16/x64
2023-04-27T19:35:13.1468076Z   Python3_ROOT_DIR: /opt/hostedtoolcache/Python/3.8.16/x64
2023-04-27T19:35:13.1468420Z   LD_LIBRARY_PATH: /opt/hostedtoolcache/Python/3.8.16/x64/lib
2023-04-27T19:35:13.1468708Z ##[endgroup]
2023-04-27T19:35:13.9668325Z typing: install_deps> python -I -m pip install mypy pytest pytest-cov pytest-mock types-python-dateutil types-PyYAML types-requests
2023-04-27T19:35:19.4442141Z .pkg: install_requires> python -I -m pip install 'setuptools>=46.4.0' versioningit
2023-04-27T19:35:21.5197391Z .pkg: _optional_hooks> python /opt/hostedtoolcache/Python/3.8.16/x64/lib/python3.8/site-packages/pyproject_api/_backend.py True setuptools.build_meta
2023-04-27T19:35:21.8499743Z .pkg: get_requires_for_build_sdist> python /opt/hostedtoolcache/Python/3.8.16/x64/lib/python3.8/site-packages/pyproject_api/_backend.py True setuptools.build_meta
2023-04-27T19:35:22.0037570Z .pkg: freeze> python -m pip freeze --all
2023-04-27T19:35:22.4204841Z .pkg: importlib-metadata==6.6.0,packaging==23.1,pip==23.1,setuptools==67.6.1,tomli==2.0.1,versioningit==2.2.0,wheel==0.40.0,zipp==3.15.0
2023-04-27T19:35:22.4217212Z .pkg: prepare_metadata_for_build_wheel> python /opt/hostedtoolcache/Python/3.8.16/x64/lib/python3.8/site-packages/pyproject_api/_backend.py True setuptools.build_meta
2023-04-27T19:35:22.5897737Z .pkg: build_sdist> python /opt/hostedtoolcache/Python/3.8.16/x64/lib/python3.8/site-packages/pyproject_api/_backend.py True setuptools.build_meta
2023-04-27T19:35:22.6935506Z typing: install_package_deps> python -I -m pip install 'PyGithub~=1.55' 'PyYAML>=5.0' 'click-loglevel~=0.2' 'click>=7.0' 'in-place~=0.4' 'pydantic~=1.7' 'python-dateutil~=2.7' 'python-dotenv<2.0,>=0.11' 'requests~=2.20'
2023-04-27T19:35:28.0264837Z typing: install_package> python -I -m pip install --force-reinstall --no-deps /home/runner/work/tinuous/tinuous/.tox/.tmp/package/1/tinuous-0.6.1.post25+g818b3e0.tar.gz
2023-04-27T19:35:33.2352304Z typing: freeze> python -m pip freeze --all
2023-04-27T19:35:33.6866929Z typing: certifi==2022.12.7,cffi==1.15.1,charset-normalizer==3.1.0,click==8.1.3,click-loglevel==0.4.0.post1,coverage==7.2.3,cryptography==40.0.2,Deprecated==1.2.13,exceptiongroup==1.1.1,idna==3.4,in-place==0.5.0,iniconfig==2.0.0,mypy==1.2.0,mypy-extensions==1.0.0,packaging==23.1,pip==23.1,pluggy==1.0.0,pycparser==2.21,pydantic==1.10.7,PyGithub==1.58.1,PyJWT==2.6.0,PyNaCl==1.5.0,pytest==7.3.1,pytest-cov==4.0.0,pytest-mock==3.10.0,python-dateutil==2.8.2,python-dotenv==1.0.0,PyYAML==6.0,requests==2.29.0,setuptools==67.6.1,six==1.16.0,tinuous @ file:///home/runner/work/tinuous/tinuous/.tox/.tmp/package/1/tinuous-0.6.1.post25%2Bg818b3e0.tar.gz#sha256=d3b6687807498c0883e3625dd7a7ccc2d9d44c82cd912c437df39e48dacbdcd3,tomli==2.0.1,types-python-dateutil==2.8.19.12,types-PyYAML==6.0.12.9,types-requests==2.28.11.17,types-urllib3==1.26.25.11,typing_extensions==4.5.0,urllib3==1.26.15,wheel==0.40.0,wrapt==1.15.0
2023-04-27T19:35:33.6871328Z typing: commands[0]> mypy src test
2023-04-27T19:35:43.9362720Z Success: no issues found in 15 source files
2023-04-27T19:35:43.9491755Z .pkg: _exit> python /opt/hostedtoolcache/Python/3.8.16/x64/lib/python3.8/site-packages/pyproject_api/_backend.py True setuptools.build_meta
2023-04-27T19:35:43.9974535Z   typing: OK (30.36=setup[20.10]+cmd[10.26] seconds)
2023-04-27T19:35:43.9975163Z   congratulations :) (30.60 seconds)
2023-04-27T19:35:44.0413422Z Post job cleanup.
2023-04-27T19:35:44.2401662Z Post job cleanup.
2023-04-27T19:35:44.3592945Z [command]/usr/bin/git version
2023-04-27T19:35:44.3660339Z git version 2.40.1
2023-04-27T19:35:44.3723675Z Temporarily overriding HOME='/home/runner/work/_temp/cdc705b9-e9e4-42f9-adb7-a4044ff642a3' before making global git config changes
2023-04-27T19:35:44.3725077Z Adding repository directory to the temporary git global config as a safe directory
2023-04-27T19:35:44.3733449Z [command]/usr/bin/git config --global --add safe.directory /home/runner/work/tinuous/tinuous
2023-04-27T19:35:44.3781921Z [command]/usr/bin/git config --local --name-only --get-regexp core\.sshCommand
2023-04-27T19:35:44.3826375Z [command]/usr/bin/git submodule foreach --recursive sh -c "git config --local --name-only --get-regexp 'core\.sshCommand' && git config --local --unset-all 'core.sshCommand' || :"
2023-04-27T19:35:44.4147403Z [command]/usr/bin/git config --local --name-only --get-regexp http\.https\:\/\/github\.com\/\.extraheader
2023-04-27T19:35:44.4183840Z http.https://github.com/.extraheader
2023-04-27T19:35:44.4199521Z [command]/usr/bin/git config --local --unset-all http.https://github.com/.extraheader
2023-04-27T19:35:44.4245240Z [command]/usr/bin/git submodule foreach --recursive sh -c "git config --local --name-only --get-regexp 'http\.https\:\/\/github\.com\/\.extraheader' && git config --local --unset-all 'http.https://github.com/.extraheader' || :"
2023-04-27T19:35:44.4807896Z Cleaning up orphan processes
