2023-04-26T21:13:53.9550880Z Requested labels: ubuntu-latest
2023-04-26T21:13:53.9551140Z Job defined at: con/tinuous/.github/workflows/test.yml@refs/heads/gh-124
2023-04-26T21:13:53.9551230Z Waiting for a runner to pick up this job...
2023-04-26T21:13:57.4481527Z Job is waiting for a hosted runner to come online.
2023-04-26T21:14:00.0842587Z Job is about to start running on the hosted runner: GitHub Actions 7 (hosted)
2023-04-26T21:14:03.8616048Z Current runner version: '2.303.0'
2023-04-26T21:14:03.8650177Z ##[group]Operating System
2023-04-26T21:14:03.8650872Z Ubuntu
2023-04-26T21:14:03.8651238Z 22.04.2
2023-04-26T21:14:03.8651641Z LTS
2023-04-26T21:14:03.8652020Z ##[endgroup]
2023-04-26T21:14:03.8652445Z ##[group]Runner Image
2023-04-26T21:14:03.8652880Z Image: ubuntu-22.04
2023-04-26T21:14:03.8653234Z Version: 20230426.1
2023-04-26T21:14:03.8653916Z Included Software: https://github.com/actions/runner-images/blob/ubuntu22/20230426.1/images/linux/Ubuntu2204-Readme.md
2023-04-26T21:14:03.8654756Z Image Release: https://github.com/actions/runner-images/releases/tag/ubuntu22%2F20230426.1
2023-04-26T21:14:03.8655266Z ##[endgroup]
2023-04-26T21:14:03.8655705Z ##[group]Runner Image Provisioner
2023-04-26T21:14:03.8656166Z 2.0.161.1
2023-04-26T21:14:03.8656498Z ##[endgroup]
2023-04-26T21:14:03.8657774Z ##[group]GITHUB_TOKEN Permissions
2023-04-26T21:14:03.8658541Z Actions: write
2023-04-26T21:14:03.8658985Z Checks: write
2023-04-26T21:14:03.8659638Z Contents: write
2023-04-26T21:14:03.8660119Z Deployments: write
2023-04-26T21:14:03.8660562Z Discussions: write
2023-04-26T21:14:03.8660979Z Issues: write
2023-04-26T21:14:03.8661372Z Metadata: read
2023-04-26T21:14:03.8661719Z Packages: write
2023-04-26T21:14:03.8662114Z Pages: write
2023-04-26T21:14:03.8662571Z PullRequests: write
2023-04-26T21:14:03.8662975Z RepositoryProjects: write
2023-04-26T21:14:03.8663441Z SecurityEvents: write
2023-04-26T21:14:03.8663861Z Statuses: write
2023-04-26T21:14:03.8664205Z ##[endgroup]
2023-04-26T21:14:03.8668816Z Secret source: Actions
2023-04-26T21:14:03.8669452Z Prepare workflow directory
2023-04-26T21:14:03.9546667Z Prepare all required actions
2023-04-26T21:14:03.9764734Z Getting action download info
2023-04-26T21:14:04.1888822Z Download action repository 'actions/checkout@v3' (SHA:8e5e7e5ab8b370d6c329ec480221332ada57f0ab)
2023-04-26T21:14:04.5561033Z Download action repository 'actions/setup-python@v4' (SHA:57ded4d7d5e986d7296eab16560982c6dd7c923b)
2023-04-26T21:14:04.8364552Z Download action repository 'codecov/codecov-action@v3' (SHA:894ff025c7b54547a9a2a1e9f228beae737ad3c2)
2023-04-26T21:14:05.2414064Z Complete job name: test (3.8, typing)
2023-04-26T21:14:05.3529472Z ##[group]Run actions/checkout@v3
2023-04-26T21:14:05.3529875Z with:
2023-04-26T21:14:05.3530165Z   fetch-depth: 0
2023-04-26T21:14:05.3530478Z   repository: con/tinuous
2023-04-26T21:14:05.3531067Z   token: ***
2023-04-26T21:14:05.3531339Z   ssh-strict: true
2023-04-26T21:14:05.3531667Z   persist-credentials: true
2023-04-26T21:14:05.3531987Z   clean: true
2023-04-26T21:14:05.3532239Z   lfs: false
2023-04-26T21:14:05.3532518Z   submodules: false
2023-04-26T21:14:05.3532835Z   set-safe-directory: true
2023-04-26T21:14:05.3533133Z ##[endgroup]
2023-04-26T21:14:05.7248111Z Syncing repository: con/tinuous
2023-04-26T21:14:05.7250051Z ##[group]Getting Git version info
2023-04-26T21:14:05.7250657Z Working directory is '/home/runner/work/tinuous/tinuous'
2023-04-26T21:14:05.7251249Z [command]/usr/bin/git version
2023-04-26T21:14:05.7398166Z git version 2.40.1
2023-04-26T21:14:05.7399785Z ##[endgroup]
2023-04-26T21:14:05.7423533Z Temporarily overriding HOME='/home/runner/work/_temp/58906da6-9d52-40c1-ac10-aa3b76a2a722' before making global git config changes
2023-04-26T21:14:05.7424137Z Adding repository directory to the temporary git global config as a safe directory
2023-04-26T21:14:05.7424770Z [command]/usr/bin/git config --global --add safe.directory /home/runner/work/tinuous/tinuous
2023-04-26T21:14:05.7484992Z Deleting the contents of '/home/runner/work/tinuous/tinuous'
2023-04-26T21:14:05.7491315Z ##[group]Initializing the repository
2023-04-26T21:14:05.7495558Z [command]/usr/bin/git init /home/runner/work/tinuous/tinuous
2023-04-26T21:14:05.7609993Z hint: Using 'master' as the name for the initial branch. This default branch name
2023-04-26T21:14:05.7611304Z hint: is subject to change. To configure the initial branch name to use in all
2023-04-26T21:14:05.7611849Z hint: of your new repositories, which will suppress this warning, call:
2023-04-26T21:14:05.7612549Z hint: 
2023-04-26T21:14:05.7613108Z hint: 	git config --global init.defaultBranch <name>
2023-04-26T21:14:05.7613474Z hint: 
2023-04-26T21:14:05.7613901Z hint: Names commonly chosen instead of 'master' are 'main', 'trunk' and
2023-04-26T21:14:05.7614705Z hint: 'development'. The just-created branch can be renamed via this command:
2023-04-26T21:14:05.7615031Z hint: 
2023-04-26T21:14:05.7615333Z hint: 	git branch -m <name>
2023-04-26T21:14:05.7630571Z Initialized empty Git repository in /home/runner/work/tinuous/tinuous/.git/
2023-04-26T21:14:05.7645795Z [command]/usr/bin/git remote add origin https://github.com/con/tinuous
2023-04-26T21:14:05.7737399Z ##[endgroup]
2023-04-26T21:14:05.7738328Z ##[group]Disabling automatic garbage collection
2023-04-26T21:14:05.7744122Z [command]/usr/bin/git config --local gc.auto 0
2023-04-26T21:14:05.7782311Z ##[endgroup]
2023-04-26T21:14:05.7782812Z ##[group]Setting up auth
2023-04-26T21:14:05.7793657Z [command]/usr/bin/git config --local --name-only --get-regexp core\.sshCommand
2023-04-26T21:14:05.7831490Z [command]/usr/bin/git submodule foreach --recursive sh -c "git config --local --name-only --get-regexp 'core\.sshCommand' && git config --local --unset-all 'core.sshCommand' || :"
2023-04-26T21:14:05.8320302Z [command]/usr/bin/git config --local --name-only --get-regexp http\.https\:\/\/github\.com\/\.extraheader
2023-04-26T21:14:05.8358909Z [command]/usr/bin/git submodule foreach --recursive sh -c "git config --local --name-only --get-regexp 'http\.https\:\/\/github\.com\/\.extraheader' && git config --local --unset-all 'http.https://github.com/.extraheader' || :"
2023-04-26T21:14:05.8637602Z [command]/usr/bin/git config --local http.https://github.com/.extraheader AUTHORIZATION: basic ***
2023-04-26T21:14:05.8687718Z ##[endgroup]
2023-04-26T21:14:05.8688944Z ##[group]Fetching the repository
2023-04-26T21:14:05.8700957Z [command]/usr/bin/git -c protocol.version=2 fetch --prune --progress --no-recurse-submodules origin +refs/heads/*:refs/remotes/origin/* +refs/tags/*:refs/tags/*
2023-04-26T21:14:06.1489955Z remote: Enumerating objects: 1082, done.        
2023-04-26T21:14:06.1497559Z remote: Counting objects:   0% (1/304)        
2023-04-26T21:14:06.1504516Z remote: Counting objects:   1% (4/304)        
2023-04-26T21:14:06.1509936Z remote: Counting objects:   2% (7/304)        
2023-04-26T21:14:06.1514869Z remote: Counting objects:   3% (10/304)        
2023-04-26T21:14:06.1519135Z remote: Counting objects:   4% (13/304)        
2023-04-26T21:14:06.1523485Z remote: Counting objects:   5% (16/304)        
2023-04-26T21:14:06.1527699Z remote: Counting objects:   6% (19/304)        
2023-04-26T21:14:06.1532102Z remote: Counting objects:   7% (22/304)        
2023-04-26T21:14:06.1536435Z remote: Counting objects:   8% (25/304)        
2023-04-26T21:14:06.1542841Z remote: Counting objects:   9% (28/304)        
2023-04-26T21:14:06.1547834Z remote: Counting objects:  10% (31/304)        
2023-04-26T21:14:06.1553308Z remote: Counting objects:  11% (34/304)        
2023-04-26T21:14:06.1559005Z remote: Counting objects:  12% (37/304)        
2023-04-26T21:14:06.1564239Z remote: Counting objects:  13% (40/304)        
2023-04-26T21:14:06.1569009Z remote: Counting objects:  14% (43/304)        
2023-04-26T21:14:06.1573572Z remote: Counting objects:  15% (46/304)        
2023-04-26T21:14:06.1578216Z remote: Counting objects:  16% (49/304)        
2023-04-26T21:14:06.1583547Z remote: Counting objects:  17% (52/304)        
2023-04-26T21:14:06.1588976Z remote: Counting objects:  18% (55/304)        
2023-04-26T21:14:06.1596822Z remote: Counting objects:  19% (58/304)        
2023-04-26T21:14:06.1602599Z remote: Counting objects:  20% (61/304)        
2023-04-26T21:14:06.1607555Z remote: Counting objects:  21% (64/304)        
2023-04-26T21:14:06.1612519Z remote: Counting objects:  22% (67/304)        
2023-04-26T21:14:06.1618095Z remote: Counting objects:  23% (70/304)        
2023-04-26T21:14:06.1623406Z remote: Counting objects:  24% (73/304)        
2023-04-26T21:14:06.1629497Z remote: Counting objects:  25% (76/304)        
2023-04-26T21:14:06.1634375Z remote: Counting objects:  26% (80/304)        
2023-04-26T21:14:06.1638421Z remote: Counting objects:  27% (83/304)        
2023-04-26T21:14:06.1643242Z remote: Counting objects:  28% (86/304)        
2023-04-26T21:14:06.1646201Z remote: Counting objects:  29% (89/304)        
2023-04-26T21:14:06.1649195Z remote: Counting objects:  30% (92/304)        
2023-04-26T21:14:06.1652226Z remote: Counting objects:  31% (95/304)        
2023-04-26T21:14:06.1654790Z remote: Counting objects:  32% (98/304)        
2023-04-26T21:14:06.1657769Z remote: Counting objects:  33% (101/304)        
2023-04-26T21:14:06.1662276Z remote: Counting objects:  34% (104/304)        
2023-04-26T21:14:06.1665483Z remote: Counting objects:  35% (107/304)        
2023-04-26T21:14:06.1668371Z remote: Counting objects:  36% (110/304)        
2023-04-26T21:14:06.1670375Z remote: Counting objects:  37% (113/304)        
2023-04-26T21:14:06.1671644Z remote: Counting objects:  38% (116/304)        
2023-04-26T21:14:06.1676401Z remote: Counting objects:  39% (119/304)        
2023-04-26T21:14:06.1677349Z remote: Counting objects:  40% (122/304)        
2023-04-26T21:14:06.1682340Z remote: Counting objects:  41% (125/304)        
2023-04-26T21:14:06.1683516Z remote: Counting objects:  42% (128/304)        
2023-04-26T21:14:06.1686321Z remote: Counting objects:  43% (131/304)        
2023-04-26T21:14:06.1686808Z remote: Counting objects:  44% (134/304)        
2023-04-26T21:14:06.1695674Z remote: Counting objects:  45% (137/304)        
2023-04-26T21:14:06.1696019Z remote: Counting objects:  46% (140/304)        
2023-04-26T21:14:06.1700876Z remote: Counting objects:  47% (143/304)        
2023-04-26T21:14:06.1701214Z remote: Counting objects:  48% (146/304)        
2023-04-26T21:14:06.1706041Z remote: Counting objects:  49% (149/304)        
2023-04-26T21:14:06.1706378Z remote: Counting objects:  50% (152/304)        
2023-04-26T21:14:06.1706723Z remote: Counting objects:  51% (156/304)        
2023-04-26T21:14:06.1711556Z remote: Counting objects:  52% (159/304)        
2023-04-26T21:14:06.1712169Z remote: Counting objects:  53% (162/304)        
2023-04-26T21:14:06.1712485Z remote: Counting objects:  54% (165/304)        
2023-04-26T21:14:06.1712925Z remote: Counting objects:  55% (168/304)        
2023-04-26T21:14:06.1715574Z remote: Counting objects:  56% (171/304)        
2023-04-26T21:14:06.1715854Z remote: Counting objects:  57% (174/304)        
2023-04-26T21:14:06.1716121Z remote: Counting objects:  58% (177/304)        
2023-04-26T21:14:06.1716387Z remote: Counting objects:  59% (180/304)        
2023-04-26T21:14:06.1725270Z remote: Counting objects:  60% (183/304)        
2023-04-26T21:14:06.1725618Z remote: Counting objects:  61% (186/304)        
2023-04-26T21:14:06.1725919Z remote: Counting objects:  62% (189/304)        
2023-04-26T21:14:06.1726220Z remote: Counting objects:  63% (192/304)        
2023-04-26T21:14:06.1726658Z remote: Counting objects:  64% (195/304)        
2023-04-26T21:14:06.1726959Z remote: Counting objects:  65% (198/304)        
2023-04-26T21:14:06.1727267Z remote: Counting objects:  66% (201/304)        
2023-04-26T21:14:06.1727567Z remote: Counting objects:  67% (204/304)        
2023-04-26T21:14:06.1727852Z remote: Counting objects:  68% (207/304)        
2023-04-26T21:14:06.1728148Z remote: Counting objects:  69% (210/304)        
2023-04-26T21:14:06.1728444Z remote: Counting objects:  70% (213/304)        
2023-04-26T21:14:06.1728723Z remote: Counting objects:  71% (216/304)        
2023-04-26T21:14:06.1729014Z remote: Counting objects:  72% (219/304)        
2023-04-26T21:14:06.1729307Z remote: Counting objects:  73% (222/304)        
2023-04-26T21:14:06.1729668Z remote: Counting objects:  74% (225/304)        
2023-04-26T21:14:06.1729927Z remote: Counting objects:  75% (228/304)        
2023-04-26T21:14:06.1730184Z remote: Counting objects:  76% (232/304)        
2023-04-26T21:14:06.1730440Z remote: Counting objects:  77% (235/304)        
2023-04-26T21:14:06.1730897Z remote: Counting objects:  78% (238/304)        
2023-04-26T21:14:06.1731165Z remote: Counting objects:  79% (241/304)        
2023-04-26T21:14:06.1731427Z remote: Counting objects:  80% (244/304)        
2023-04-26T21:14:06.1731672Z remote: Counting objects:  81% (247/304)        
2023-04-26T21:14:06.1731930Z remote: Counting objects:  82% (250/304)        
2023-04-26T21:14:06.1732443Z remote: Counting objects:  83% (253/304)        
2023-04-26T21:14:06.1732721Z remote: Counting objects:  84% (256/304)        
2023-04-26T21:14:06.1733015Z remote: Counting objects:  85% (259/304)        
2023-04-26T21:14:06.1733373Z remote: Counting objects:  86% (262/304)        
2023-04-26T21:14:06.1733655Z remote: Counting objects:  87% (265/304)        
2023-04-26T21:14:06.1733951Z remote: Counting objects:  88% (268/304)        
2023-04-26T21:14:06.1734340Z remote: Counting objects:  89% (271/304)        
2023-04-26T21:14:06.1734602Z remote: Counting objects:  90% (274/304)        
2023-04-26T21:14:06.1734853Z remote: Counting objects:  91% (277/304)        
2023-04-26T21:14:06.1735119Z remote: Counting objects:  92% (280/304)        
2023-04-26T21:14:06.1781230Z remote: Counting objects:  93% (283/304)        
2023-04-26T21:14:06.1781610Z remote: Counting objects:  94% (286/304)        
2023-04-26T21:14:06.1781928Z remote: Counting objects:  95% (289/304)        
2023-04-26T21:14:06.1782258Z remote: Counting objects:  96% (292/304)        
2023-04-26T21:14:06.1782582Z remote: Counting objects:  97% (295/304)        
2023-04-26T21:14:06.1782889Z remote: Counting objects:  98% (298/304)        
2023-04-26T21:14:06.1783204Z remote: Counting objects:  99% (301/304)        
2023-04-26T21:14:06.1783521Z remote: Counting objects: 100% (304/304)        
2023-04-26T21:14:06.1783845Z remote: Counting objects: 100% (304/304), done.        
2023-04-26T21:14:06.1784198Z remote: Compressing objects:   0% (1/205)        
2023-04-26T21:14:06.1784539Z remote: Compressing objects:   1% (3/205)        
2023-04-26T21:14:06.1784894Z remote: Compressing objects:   2% (5/205)        
2023-04-26T21:14:06.1785997Z remote: Compressing objects:   3% (7/205)        
2023-04-26T21:14:06.1786346Z remote: Compressing objects:   4% (9/205)        
2023-04-26T21:14:06.1786682Z remote: Compressing objects:   5% (11/205)        
2023-04-26T21:14:06.1787008Z remote: Compressing objects:   6% (13/205)        
2023-04-26T21:14:06.1787349Z remote: Compressing objects:   7% (15/205)        
2023-04-26T21:14:06.1787690Z remote: Compressing objects:   8% (17/205)        
2023-04-26T21:14:06.1788012Z remote: Compressing objects:   9% (19/205)        
2023-04-26T21:14:06.1788351Z remote: Compressing objects:  10% (21/205)        
2023-04-26T21:14:06.1788685Z remote: Compressing objects:  11% (23/205)        
2023-04-26T21:14:06.1789020Z remote: Compressing objects:  12% (25/205)        
2023-04-26T21:14:06.1789335Z remote: Compressing objects:  13% (27/205)        
2023-04-26T21:14:06.1789668Z remote: Compressing objects:  14% (29/205)        
2023-04-26T21:14:06.1790005Z remote: Compressing objects:  15% (31/205)        
2023-04-26T21:14:06.1790329Z remote: Compressing objects:  16% (33/205)        
2023-04-26T21:14:06.1790658Z remote: Compressing objects:  17% (35/205)        
2023-04-26T21:14:06.1790988Z remote: Compressing objects:  18% (37/205)        
2023-04-26T21:14:06.1791304Z remote: Compressing objects:  19% (39/205)        
2023-04-26T21:14:06.1791638Z remote: Compressing objects:  20% (41/205)        
2023-04-26T21:14:06.1791967Z remote: Compressing objects:  21% (44/205)        
2023-04-26T21:14:06.1792296Z remote: Compressing objects:  22% (46/205)        
2023-04-26T21:14:06.1792764Z remote: Compressing objects:  23% (48/205)        
2023-04-26T21:14:06.1793106Z remote: Compressing objects:  24% (50/205)        
2023-04-26T21:14:06.1793440Z remote: Compressing objects:  25% (52/205)        
2023-04-26T21:14:06.1793754Z remote: Compressing objects:  26% (54/205)        
2023-04-26T21:14:06.1794240Z remote: Compressing objects:  27% (56/205)        
2023-04-26T21:14:06.1794576Z remote: Compressing objects:  28% (58/205)        
2023-04-26T21:14:06.1794902Z remote: Compressing objects:  29% (60/205)        
2023-04-26T21:14:06.1795236Z remote: Compressing objects:  30% (62/205)        
2023-04-26T21:14:06.1795569Z remote: Compressing objects:  31% (64/205)        
2023-04-26T21:14:06.1795884Z remote: Compressing objects:  32% (66/205)        
2023-04-26T21:14:06.1796217Z remote: Compressing objects:  33% (68/205)        
2023-04-26T21:14:06.1796549Z remote: Compressing objects:  34% (70/205)        
2023-04-26T21:14:06.1796884Z remote: Compressing objects:  35% (72/205)        
2023-04-26T21:14:06.1797202Z remote: Compressing objects:  36% (74/205)        
2023-04-26T21:14:06.1797530Z remote: Compressing objects:  37% (76/205)        
2023-04-26T21:14:06.1797858Z remote: Compressing objects:  38% (78/205)        
2023-04-26T21:14:06.1798174Z remote: Compressing objects:  39% (80/205)        
2023-04-26T21:14:06.1798513Z remote: Compressing objects:  40% (82/205)        
2023-04-26T21:14:06.1798843Z remote: Compressing objects:  41% (85/205)        
2023-04-26T21:14:06.1799166Z remote: Compressing objects:  42% (87/205)        
2023-04-26T21:14:06.1799498Z remote: Compressing objects:  43% (89/205)        
2023-04-26T21:14:06.1799827Z remote: Compressing objects:  44% (91/205)        
2023-04-26T21:14:06.1800153Z remote: Compressing objects:  45% (93/205)        
2023-04-26T21:14:06.1800465Z remote: Compressing objects:  46% (95/205)        
2023-04-26T21:14:06.1800792Z remote: Compressing objects:  47% (97/205)        
2023-04-26T21:14:06.1801122Z remote: Compressing objects:  48% (99/205)        
2023-04-26T21:14:06.1801442Z remote: Compressing objects:  49% (101/205)        
2023-04-26T21:14:06.1801784Z remote: Compressing objects:  50% (103/205)        
2023-04-26T21:14:06.1802124Z remote: Compressing objects:  51% (105/205)        
2023-04-26T21:14:06.1802444Z remote: Compressing objects:  52% (107/205)        
2023-04-26T21:14:06.1802787Z remote: Compressing objects:  53% (109/205)        
2023-04-26T21:14:06.1803126Z remote: Compressing objects:  54% (111/205)        
2023-04-26T21:14:06.1804076Z remote: Compressing objects:  55% (113/205)        
2023-04-26T21:14:06.1804426Z remote: Compressing objects:  56% (115/205)        
2023-04-26T21:14:06.1804764Z remote: Compressing objects:  57% (117/205)        
2023-04-26T21:14:06.1805102Z remote: Compressing objects:  58% (119/205)        
2023-04-26T21:14:06.1805419Z remote: Compressing objects:  59% (121/205)        
2023-04-26T21:14:06.1805752Z remote: Compressing objects:  60% (123/205)        
2023-04-26T21:14:06.1806147Z remote: Compressing objects:  61% (126/205)        
2023-04-26T21:14:06.1806464Z remote: Compressing objects:  62% (128/205)        
2023-04-26T21:14:06.1806795Z remote: Compressing objects:  63% (130/205)        
2023-04-26T21:14:06.1807129Z remote: Compressing objects:  64% (132/205)        
2023-04-26T21:14:06.1807448Z remote: Compressing objects:  65% (134/205)        
2023-04-26T21:14:06.1807791Z remote: Compressing objects:  66% (136/205)        
2023-04-26T21:14:06.1808128Z remote: Compressing objects:  67% (138/205)        
2023-04-26T21:14:06.1808462Z remote: Compressing objects:  68% (140/205)        
2023-04-26T21:14:06.1808775Z remote: Compressing objects:  69% (142/205)        
2023-04-26T21:14:06.1809107Z remote: Compressing objects:  70% (144/205)        
2023-04-26T21:14:06.1809437Z remote: Compressing objects:  71% (146/205)        
2023-04-26T21:14:06.1809754Z remote: Compressing objects:  72% (148/205)        
2023-04-26T21:14:06.1810088Z remote: Compressing objects:  73% (150/205)        
2023-04-26T21:14:06.1810472Z remote: Compressing objects:  74% (152/205)        
2023-04-26T21:14:06.1810785Z remote: Compressing objects:  75% (154/205)        
2023-04-26T21:14:06.1811123Z remote: Compressing objects:  76% (156/205)        
2023-04-26T21:14:06.1811453Z remote: Compressing objects:  77% (158/205)        
2023-04-26T21:14:06.1811904Z remote: Compressing objects:  78% (160/205)        
2023-04-26T21:14:06.1812220Z remote: Compressing objects:  79% (162/205)        
2023-04-26T21:14:06.1812559Z remote: Compressing objects:  80% (164/205)        
2023-04-26T21:14:06.1812889Z remote: Compressing objects:  81% (167/205)        
2023-04-26T21:14:06.1813207Z remote: Compressing objects:  82% (169/205)        
2023-04-26T21:14:06.1813538Z remote: Compressing objects:  83% (171/205)        
2023-04-26T21:14:06.1813869Z remote: Compressing objects:  84% (173/205)        
2023-04-26T21:14:06.1814188Z remote: Compressing objects:  85% (175/205)        
2023-04-26T21:14:06.1814523Z remote: Compressing objects:  86% (177/205)        
2023-04-26T21:14:06.1814861Z remote: Compressing objects:  87% (179/205)        
2023-04-26T21:14:06.1815174Z remote: Compressing objects:  88% (181/205)        
2023-04-26T21:14:06.1815502Z remote: Compressing objects:  89% (183/205)        
2023-04-26T21:14:06.1815859Z remote: Compressing objects:  90% (185/205)        
2023-04-26T21:14:06.1816198Z remote: Compressing objects:  91% (187/205)        
2023-04-26T21:14:06.1816537Z remote: Compressing objects:  92% (189/205)        
2023-04-26T21:14:06.1816852Z remote: Compressing objects:  93% (191/205)        
2023-04-26T21:14:06.1817186Z remote: Compressing objects:  94% (193/205)        
2023-04-26T21:14:06.1817524Z remote: Compressing objects:  95% (195/205)        
2023-04-26T21:14:06.1817862Z remote: Compressing objects:  96% (197/205)        
2023-04-26T21:14:06.1818179Z remote: Compressing objects:  97% (199/205)        
2023-04-26T21:14:06.1818507Z remote: Compressing objects:  98% (201/205)        
2023-04-26T21:14:06.1818841Z remote: Compressing objects:  99% (203/205)        
2023-04-26T21:14:06.1819157Z remote: Compressing objects: 100% (205/205)        
2023-04-26T21:14:06.1819512Z remote: Compressing objects: 100% (205/205), done.        
2023-04-26T21:14:06.1836503Z Receiving objects:   0% (1/1082)
2023-04-26T21:14:06.1842304Z Receiving objects:   1% (11/1082)
2023-04-26T21:14:06.1847357Z Receiving objects:   2% (22/1082)
2023-04-26T21:14:06.1852509Z Receiving objects:   3% (33/1082)
2023-04-26T21:14:06.1856017Z Receiving objects:   4% (44/1082)
2023-04-26T21:14:06.1861233Z Receiving objects:   5% (55/1082)
2023-04-26T21:14:06.1865405Z Receiving objects:   6% (65/1082)
2023-04-26T21:14:06.1872988Z Receiving objects:   7% (76/1082)
2023-04-26T21:14:06.1875926Z Receiving objects:   8% (87/1082)
2023-04-26T21:14:06.1880131Z Receiving objects:   9% (98/1082)
2023-04-26T21:14:06.1889096Z Receiving objects:  10% (109/1082)
2023-04-26T21:14:06.1892730Z Receiving objects:  11% (120/1082)
2023-04-26T21:14:06.1897976Z Receiving objects:  12% (130/1082)
2023-04-26T21:14:06.1902708Z Receiving objects:  13% (141/1082)
2023-04-26T21:14:06.1906035Z Receiving objects:  14% (152/1082)
2023-04-26T21:14:06.1908444Z Receiving objects:  15% (163/1082)
2023-04-26T21:14:06.1910934Z Receiving objects:  16% (174/1082)
2023-04-26T21:14:06.1913733Z Receiving objects:  17% (184/1082)
2023-04-26T21:14:06.1918799Z Receiving objects:  18% (195/1082)
2023-04-26T21:14:06.1923523Z Receiving objects:  19% (206/1082)
2023-04-26T21:14:06.1927135Z Receiving objects:  20% (217/1082)
2023-04-26T21:14:06.1931382Z Receiving objects:  21% (228/1082)
2023-04-26T21:14:06.1934078Z Receiving objects:  22% (239/1082)
2023-04-26T21:14:06.1938261Z Receiving objects:  23% (249/1082)
2023-04-26T21:14:06.1944432Z Receiving objects:  24% (260/1082)
2023-04-26T21:14:06.1949157Z Receiving objects:  25% (271/1082)
2023-04-26T21:14:06.1955090Z Receiving objects:  26% (282/1082)
2023-04-26T21:14:06.1958812Z Receiving objects:  27% (293/1082)
2023-04-26T21:14:06.1962344Z Receiving objects:  28% (303/1082)
2023-04-26T21:14:06.1965364Z Receiving objects:  29% (314/1082)
2023-04-26T21:14:06.1968476Z Receiving objects:  30% (325/1082)
2023-04-26T21:14:06.1973062Z Receiving objects:  31% (336/1082)
2023-04-26T21:14:06.1975330Z Receiving objects:  32% (347/1082)
2023-04-26T21:14:06.1977491Z Receiving objects:  33% (358/1082)
2023-04-26T21:14:06.1979800Z Receiving objects:  34% (368/1082)
2023-04-26T21:14:06.1981929Z Receiving objects:  35% (379/1082)
2023-04-26T21:14:06.1984352Z Receiving objects:  36% (390/1082)
2023-04-26T21:14:06.1987623Z Receiving objects:  37% (401/1082)
2023-04-26T21:14:06.1990358Z Receiving objects:  38% (412/1082)
2023-04-26T21:14:06.1993164Z Receiving objects:  39% (422/1082)
2023-04-26T21:14:06.1995808Z Receiving objects:  40% (433/1082)
2023-04-26T21:14:06.1998284Z Receiving objects:  41% (444/1082)
2023-04-26T21:14:06.2001802Z Receiving objects:  42% (455/1082)
2023-04-26T21:14:06.2004389Z Receiving objects:  43% (466/1082)
2023-04-26T21:14:06.2006727Z Receiving objects:  44% (477/1082)
2023-04-26T21:14:06.2009004Z Receiving objects:  45% (487/1082)
2023-04-26T21:14:06.2018648Z Receiving objects:  46% (498/1082)
2023-04-26T21:14:06.2022045Z Receiving objects:  47% (509/1082)
2023-04-26T21:14:06.2025051Z Receiving objects:  48% (520/1082)
2023-04-26T21:14:06.2038165Z Receiving objects:  49% (531/1082)
2023-04-26T21:14:06.2042421Z Receiving objects:  50% (541/1082)
2023-04-26T21:14:06.2045653Z Receiving objects:  51% (552/1082)
2023-04-26T21:14:06.2051372Z Receiving objects:  52% (563/1082)
2023-04-26T21:14:06.2056502Z Receiving objects:  53% (574/1082)
2023-04-26T21:14:06.2062659Z Receiving objects:  54% (585/1082)
2023-04-26T21:14:06.2065832Z Receiving objects:  55% (596/1082)
2023-04-26T21:14:06.2068823Z Receiving objects:  56% (606/1082)
2023-04-26T21:14:06.2072233Z Receiving objects:  57% (617/1082)
2023-04-26T21:14:06.2075260Z Receiving objects:  58% (628/1082)
2023-04-26T21:14:06.2080332Z Receiving objects:  59% (639/1082)
2023-04-26T21:14:06.2082872Z Receiving objects:  60% (650/1082)
2023-04-26T21:14:06.2086015Z Receiving objects:  61% (661/1082)
2023-04-26T21:14:06.2088332Z Receiving objects:  62% (671/1082)
2023-04-26T21:14:06.2091222Z Receiving objects:  63% (682/1082)
2023-04-26T21:14:06.2095400Z Receiving objects:  64% (693/1082)
2023-04-26T21:14:06.2126990Z Receiving objects:  65% (704/1082)
2023-04-26T21:14:06.2131355Z Receiving objects:  66% (715/1082)
2023-04-26T21:14:06.2135259Z Receiving objects:  67% (725/1082)
2023-04-26T21:14:06.2140735Z Receiving objects:  68% (736/1082)
2023-04-26T21:14:06.2144802Z Receiving objects:  69% (747/1082)
2023-04-26T21:14:06.2150089Z Receiving objects:  70% (758/1082)
2023-04-26T21:14:06.2154325Z Receiving objects:  71% (769/1082)
2023-04-26T21:14:06.2158871Z Receiving objects:  72% (780/1082)
2023-04-26T21:14:06.2162817Z Receiving objects:  73% (790/1082)
2023-04-26T21:14:06.2166848Z Receiving objects:  74% (801/1082)
2023-04-26T21:14:06.2170729Z Receiving objects:  75% (812/1082)
2023-04-26T21:14:06.2174967Z Receiving objects:  76% (823/1082)
2023-04-26T21:14:06.2178858Z Receiving objects:  77% (834/1082)
2023-04-26T21:14:06.2183304Z Receiving objects:  78% (844/1082)
2023-04-26T21:14:06.2187406Z Receiving objects:  79% (855/1082)
2023-04-26T21:14:06.2191975Z Receiving objects:  80% (866/1082)
2023-04-26T21:14:06.2196054Z Receiving objects:  81% (877/1082)
2023-04-26T21:14:06.2198954Z Receiving objects:  82% (888/1082)
2023-04-26T21:14:06.2202280Z Receiving objects:  83% (899/1082)
2023-04-26T21:14:06.2205573Z Receiving objects:  84% (909/1082)
2023-04-26T21:14:06.2210430Z Receiving objects:  85% (920/1082)
2023-04-26T21:14:06.2211168Z remote: Total 1082 (delta 116), reused 140 (delta 84), pack-reused 778        
2023-04-26T21:14:06.2218155Z Receiving objects:  86% (931/1082)
2023-04-26T21:14:06.2234689Z Receiving objects:  87% (942/1082)
2023-04-26T21:14:06.2241050Z Receiving objects:  88% (953/1082)
2023-04-26T21:14:06.2244929Z Receiving objects:  89% (963/1082)
2023-04-26T21:14:06.2249166Z Receiving objects:  90% (974/1082)
2023-04-26T21:14:06.2252643Z Receiving objects:  91% (985/1082)
2023-04-26T21:14:06.2255382Z Receiving objects:  92% (996/1082)
2023-04-26T21:14:06.2258270Z Receiving objects:  93% (1007/1082)
2023-04-26T21:14:06.2260568Z Receiving objects:  94% (1018/1082)
2023-04-26T21:14:06.2264479Z Receiving objects:  95% (1028/1082)
2023-04-26T21:14:06.2272892Z Receiving objects:  96% (1039/1082)
2023-04-26T21:14:06.2278655Z Receiving objects:  97% (1050/1082)
2023-04-26T21:14:06.2287298Z Receiving objects:  98% (1061/1082)
2023-04-26T21:14:06.2292620Z Receiving objects:  99% (1072/1082)
2023-04-26T21:14:06.2295875Z Receiving objects: 100% (1082/1082)
2023-04-26T21:14:06.2296472Z Receiving objects: 100% (1082/1082), 279.51 KiB | 5.95 MiB/s, done.
2023-04-26T21:14:06.2302627Z Resolving deltas:   0% (0/585)
2023-04-26T21:14:06.2306124Z Resolving deltas:   1% (6/585)
2023-04-26T21:14:06.2309679Z Resolving deltas:   2% (12/585)
2023-04-26T21:14:06.2313663Z Resolving deltas:   3% (18/585)
2023-04-26T21:14:06.2317136Z Resolving deltas:   4% (24/585)
2023-04-26T21:14:06.2320354Z Resolving deltas:   5% (30/585)
2023-04-26T21:14:06.2323469Z Resolving deltas:   6% (36/585)
2023-04-26T21:14:06.2326666Z Resolving deltas:   7% (41/585)
2023-04-26T21:14:06.2329999Z Resolving deltas:   8% (47/585)
2023-04-26T21:14:06.2333195Z Resolving deltas:   9% (53/585)
2023-04-26T21:14:06.2336324Z Resolving deltas:  10% (59/585)
2023-04-26T21:14:06.2339705Z Resolving deltas:  11% (65/585)
2023-04-26T21:14:06.2343054Z Resolving deltas:  12% (71/585)
2023-04-26T21:14:06.2346435Z Resolving deltas:  13% (77/585)
2023-04-26T21:14:06.2349812Z Resolving deltas:  14% (82/585)
2023-04-26T21:14:06.2353499Z Resolving deltas:  15% (88/585)
2023-04-26T21:14:06.2356932Z Resolving deltas:  16% (94/585)
2023-04-26T21:14:06.2360151Z Resolving deltas:  17% (100/585)
2023-04-26T21:14:06.2363493Z Resolving deltas:  18% (106/585)
2023-04-26T21:14:06.2366718Z Resolving deltas:  19% (112/585)
2023-04-26T21:14:06.2369855Z Resolving deltas:  20% (117/585)
2023-04-26T21:14:06.2373000Z Resolving deltas:  21% (123/585)
2023-04-26T21:14:06.2376178Z Resolving deltas:  22% (129/585)
2023-04-26T21:14:06.2381422Z Resolving deltas:  23% (135/585)
2023-04-26T21:14:06.2385656Z Resolving deltas:  24% (141/585)
2023-04-26T21:14:06.2388987Z Resolving deltas:  25% (147/585)
2023-04-26T21:14:06.2392235Z Resolving deltas:  26% (153/585)
2023-04-26T21:14:06.2395812Z Resolving deltas:  27% (158/585)
2023-04-26T21:14:06.2403498Z Resolving deltas:  28% (164/585)
2023-04-26T21:14:06.2410686Z Resolving deltas:  29% (170/585)
2023-04-26T21:14:06.2414839Z Resolving deltas:  30% (176/585)
2023-04-26T21:14:06.2419216Z Resolving deltas:  31% (182/585)
2023-04-26T21:14:06.2421347Z Resolving deltas:  32% (188/585)
2023-04-26T21:14:06.2423715Z Resolving deltas:  33% (194/585)
2023-04-26T21:14:06.2426573Z Resolving deltas:  34% (199/585)
2023-04-26T21:14:06.2428914Z Resolving deltas:  35% (205/585)
2023-04-26T21:14:06.2434170Z Resolving deltas:  36% (211/585)
2023-04-26T21:14:06.2443442Z Resolving deltas:  37% (217/585)
2023-04-26T21:14:06.2443806Z Resolving deltas:  38% (223/585)
2023-04-26T21:14:06.2444337Z Resolving deltas:  39% (229/585)
2023-04-26T21:14:06.2447668Z Resolving deltas:  40% (234/585)
2023-04-26T21:14:06.2453938Z Resolving deltas:  41% (240/585)
2023-04-26T21:14:06.2459532Z Resolving deltas:  42% (246/585)
2023-04-26T21:14:06.2463922Z Resolving deltas:  43% (252/585)
2023-04-26T21:14:06.2466751Z Resolving deltas:  44% (258/585)
2023-04-26T21:14:06.2468904Z Resolving deltas:  45% (264/585)
2023-04-26T21:14:06.2478860Z Resolving deltas:  46% (270/585)
2023-04-26T21:14:06.2485317Z Resolving deltas:  47% (275/585)
2023-04-26T21:14:06.2493729Z Resolving deltas:  48% (281/585)
2023-04-26T21:14:06.2502791Z Resolving deltas:  49% (287/585)
2023-04-26T21:14:06.2510277Z Resolving deltas:  50% (293/585)
2023-04-26T21:14:06.2515800Z Resolving deltas:  51% (299/585)
2023-04-26T21:14:06.2521690Z Resolving deltas:  52% (305/585)
2023-04-26T21:14:06.2525003Z Resolving deltas:  53% (311/585)
2023-04-26T21:14:06.2530566Z Resolving deltas:  54% (316/585)
2023-04-26T21:14:06.2538044Z Resolving deltas:  55% (322/585)
2023-04-26T21:14:06.2545240Z Resolving deltas:  56% (328/585)
2023-04-26T21:14:06.2552720Z Resolving deltas:  57% (334/585)
2023-04-26T21:14:06.2559975Z Resolving deltas:  58% (340/585)
2023-04-26T21:14:06.2563989Z Resolving deltas:  59% (346/585)
2023-04-26T21:14:06.2571949Z Resolving deltas:  60% (351/585)
2023-04-26T21:14:06.2575490Z Resolving deltas:  61% (357/585)
2023-04-26T21:14:06.2588063Z Resolving deltas:  62% (363/585)
2023-04-26T21:14:06.2603012Z Resolving deltas:  63% (369/585)
2023-04-26T21:14:06.2611280Z Resolving deltas:  64% (375/585)
2023-04-26T21:14:06.2620479Z Resolving deltas:  65% (381/585)
2023-04-26T21:14:06.2627015Z Resolving deltas:  66% (387/585)
2023-04-26T21:14:06.2628565Z Resolving deltas:  67% (392/585)
2023-04-26T21:14:06.2634461Z Resolving deltas:  68% (398/585)
2023-04-26T21:14:06.2642870Z Resolving deltas:  69% (404/585)
2023-04-26T21:14:06.2647010Z Resolving deltas:  70% (410/585)
2023-04-26T21:14:06.2650564Z Resolving deltas:  71% (416/585)
2023-04-26T21:14:06.2652691Z Resolving deltas:  72% (422/585)
2023-04-26T21:14:06.2654873Z Resolving deltas:  73% (428/585)
2023-04-26T21:14:06.2656604Z Resolving deltas:  74% (433/585)
2023-04-26T21:14:06.2658892Z Resolving deltas:  75% (439/585)
2023-04-26T21:14:06.2660796Z Resolving deltas:  76% (445/585)
2023-04-26T21:14:06.2662464Z Resolving deltas:  77% (451/585)
2023-04-26T21:14:06.2664104Z Resolving deltas:  78% (457/585)
2023-04-26T21:14:06.2674830Z Resolving deltas:  79% (463/585)
2023-04-26T21:14:06.2677124Z Resolving deltas:  80% (468/585)
2023-04-26T21:14:06.2679034Z Resolving deltas:  81% (474/585)
2023-04-26T21:14:06.2680964Z Resolving deltas:  82% (480/585)
2023-04-26T21:14:06.2682704Z Resolving deltas:  83% (486/585)
2023-04-26T21:14:06.2684397Z Resolving deltas:  84% (492/585)
2023-04-26T21:14:06.2686435Z Resolving deltas:  85% (498/585)
2023-04-26T21:14:06.2692069Z Resolving deltas:  86% (504/585)
2023-04-26T21:14:06.2694848Z Resolving deltas:  87% (509/585)
2023-04-26T21:14:06.2706773Z Resolving deltas:  88% (515/585)
2023-04-26T21:14:06.2720577Z Resolving deltas:  89% (521/585)
2023-04-26T21:14:06.2726245Z Resolving deltas:  90% (527/585)
2023-04-26T21:14:06.2729382Z Resolving deltas:  91% (533/585)
2023-04-26T21:14:06.2731300Z Resolving deltas:  92% (539/585)
2023-04-26T21:14:06.2733117Z Resolving deltas:  93% (545/585)
2023-04-26T21:14:06.2735083Z Resolving deltas:  94% (550/585)
2023-04-26T21:14:06.2738038Z Resolving deltas:  95% (556/585)
2023-04-26T21:14:06.2745364Z Resolving deltas:  96% (562/585)
2023-04-26T21:14:06.2756933Z Resolving deltas:  97% (568/585)
2023-04-26T21:14:06.2765581Z Resolving deltas:  98% (574/585)
2023-04-26T21:14:06.2773103Z Resolving deltas:  99% (580/585)
2023-04-26T21:14:06.2781386Z Resolving deltas: 100% (585/585)
2023-04-26T21:14:06.2781956Z Resolving deltas: 100% (585/585), done.
2023-04-26T21:14:06.2952134Z From https://github.com/con/tinuous
2023-04-26T21:14:06.2953284Z  * [new branch]      gh-124          -> origin/gh-124
2023-04-26T21:14:06.2954028Z  * [new branch]      gh-55           -> origin/gh-55
2023-04-26T21:14:06.2954658Z  * [new branch]      master          -> origin/master
2023-04-26T21:14:06.2955256Z  * [new branch]      no-extra-search -> origin/no-extra-search
2023-04-26T21:14:06.2955947Z  * [new branch]      test-appveyor   -> origin/test-appveyor
2023-04-26T21:14:06.2956590Z  * [new tag]         0.1.0           -> 0.1.0
2023-04-26T21:14:06.2957234Z  * [new tag]         0.2.0           -> 0.2.0
2023-04-26T21:14:06.2957718Z  * [new tag]         0.3.0           -> 0.3.0
2023-04-26T21:14:06.2958284Z  * [new tag]         0.4.0           -> 0.4.0
2023-04-26T21:14:06.2958829Z  * [new tag]         0.5.0           -> 0.5.0
2023-04-26T21:14:06.2959426Z  * [new tag]         0.5.1           -> 0.5.1
2023-04-26T21:14:06.2959925Z  * [new tag]         0.5.2           -> 0.5.2
2023-04-26T21:14:06.2960395Z  * [new tag]         0.5.3           -> 0.5.3
2023-04-26T21:14:06.2961655Z  * [new tag]         0.5.4           -> 0.5.4
2023-04-26T21:14:06.2962267Z  * [new tag]         0.6.0           -> 0.6.0
2023-04-26T21:14:06.2962804Z  * [new tag]         0.6.1           -> 0.6.1
2023-04-26T21:14:06.3002635Z [command]/usr/bin/git branch --list --remote origin/gh-124
2023-04-26T21:14:06.3057989Z   origin/gh-124
2023-04-26T21:14:06.3082860Z [command]/usr/bin/git rev-parse refs/remotes/origin/gh-124
2023-04-26T21:14:06.3109870Z 59b4450b48e7e061f9d6e37fb1c7ec93ce71ce2e
2023-04-26T21:14:06.3135051Z ##[endgroup]
2023-04-26T21:14:06.3135874Z ##[group]Determining the checkout info
2023-04-26T21:14:06.3136552Z ##[endgroup]
2023-04-26T21:14:06.3137268Z ##[group]Checking out the ref
2023-04-26T21:14:06.3138132Z [command]/usr/bin/git checkout --progress --force -B gh-124 refs/remotes/origin/gh-124
2023-04-26T21:14:06.3214679Z Switched to a new branch 'gh-124'
2023-04-26T21:14:06.3217180Z branch 'gh-124' set up to track 'origin/gh-124'.
2023-04-26T21:14:06.3237898Z ##[endgroup]
2023-04-26T21:14:06.3280624Z [command]/usr/bin/git log -1 --format='%H'
2023-04-26T21:14:06.3307069Z '59b4450b48e7e061f9d6e37fb1c7ec93ce71ce2e'
2023-04-26T21:14:06.3679056Z ##[group]Run actions/setup-python@v4
2023-04-26T21:14:06.3679462Z with:
2023-04-26T21:14:06.3679790Z   python-version: 3.8
2023-04-26T21:14:06.3680106Z   check-latest: false
2023-04-26T21:14:06.3680765Z   token: ***
2023-04-26T21:14:06.3681130Z   update-environment: true
2023-04-26T21:14:06.3681452Z   allow-prereleases: false
2023-04-26T21:14:06.3681907Z ##[endgroup]
2023-04-26T21:14:06.5677984Z ##[group]Installed versions
2023-04-26T21:14:06.5795645Z Successfully set up CPython (3.8.16)
2023-04-26T21:14:06.5796934Z ##[endgroup]
2023-04-26T21:14:06.5942667Z ##[group]Run python -m pip install --upgrade pip wheel
2023-04-26T21:14:06.5943260Z [36;1mpython -m pip install --upgrade pip wheel[0m
2023-04-26T21:14:06.5943777Z [36;1mpython -m pip install --upgrade --upgrade-strategy=eager tox[0m
2023-04-26T21:14:06.6012148Z shell: /usr/bin/bash -e {0}
2023-04-26T21:14:06.6012554Z env:
2023-04-26T21:14:06.6012971Z   pythonLocation: /opt/hostedtoolcache/Python/3.8.16/x64
2023-04-26T21:14:06.6013426Z   PKG_CONFIG_PATH: /opt/hostedtoolcache/Python/3.8.16/x64/lib/pkgconfig
2023-04-26T21:14:06.6013975Z   Python_ROOT_DIR: /opt/hostedtoolcache/Python/3.8.16/x64
2023-04-26T21:14:06.6014452Z   Python2_ROOT_DIR: /opt/hostedtoolcache/Python/3.8.16/x64
2023-04-26T21:14:06.6014938Z   Python3_ROOT_DIR: /opt/hostedtoolcache/Python/3.8.16/x64
2023-04-26T21:14:06.6015353Z   LD_LIBRARY_PATH: /opt/hostedtoolcache/Python/3.8.16/x64/lib
2023-04-26T21:14:06.6015753Z ##[endgroup]
2023-04-26T21:14:11.0321349Z Requirement already satisfied: pip in /opt/hostedtoolcache/Python/3.8.16/x64/lib/python3.8/site-packages (22.0.4)
2023-04-26T21:14:11.2826216Z Collecting pip
2023-04-26T21:14:11.3798397Z   Downloading pip-23.1.2-py3-none-any.whl (2.1 MB)
2023-04-26T21:14:11.4592323Z      ━━━━━━━━━━━━━━━━━━━━━━━━━━━━━━━━━━━━━━━━ 2.1/2.1 MB 27.2 MB/s eta 0:00:00
2023-04-26T21:14:11.5286803Z Collecting wheel
2023-04-26T21:14:11.5337218Z   Downloading wheel-0.40.0-py3-none-any.whl (64 kB)
2023-04-26T21:14:11.5402911Z      ━━━━━━━━━━━━━━━━━━━━━━━━━━━━━━━━━━━━━━━━ 64.5/64.5 kB 15.0 MB/s eta 0:00:00
2023-04-26T21:14:11.5949432Z Installing collected packages: wheel, pip
2023-04-26T21:14:11.6523548Z   Attempting uninstall: pip
2023-04-26T21:14:11.6531503Z     Found existing installation: pip 22.0.4
2023-04-26T21:14:11.7287210Z     Uninstalling pip-22.0.4:
2023-04-26T21:14:11.8108595Z       Successfully uninstalled pip-22.0.4
2023-04-26T21:14:13.1022294Z Successfully installed pip-23.1.2 wheel-0.40.0
2023-04-26T21:14:15.1144280Z Collecting tox
2023-04-26T21:14:15.2093082Z   Downloading tox-4.5.1-py3-none-any.whl (148 kB)
2023-04-26T21:14:15.2558164Z      ━━━━━━━━━━━━━━━━━━━━━━━━━━━━━━━━━━━━━━━ 149.0/149.0 kB 3.3 MB/s eta 0:00:00
2023-04-26T21:14:15.3368863Z Collecting cachetools>=5.3 (from tox)
2023-04-26T21:14:15.3433583Z   Downloading cachetools-5.3.0-py3-none-any.whl (9.3 kB)
2023-04-26T21:14:15.3704797Z Collecting chardet>=5.1 (from tox)
2023-04-26T21:14:15.3768932Z   Downloading chardet-5.1.0-py3-none-any.whl (199 kB)
2023-04-26T21:14:15.3909018Z      ━━━━━━━━━━━━━━━━━━━━━━━━━━━━━━━━━━━━━━ 199.1/199.1 kB 17.9 MB/s eta 0:00:00
2023-04-26T21:14:15.4274278Z Collecting colorama>=0.4.6 (from tox)
2023-04-26T21:14:15.4326867Z   Downloading colorama-0.4.6-py2.py3-none-any.whl (25 kB)
2023-04-26T21:14:15.4785568Z Collecting filelock>=3.11 (from tox)
2023-04-26T21:14:15.4831872Z   Downloading filelock-3.12.0-py3-none-any.whl (10 kB)
2023-04-26T21:14:15.5301479Z Collecting packaging>=23.1 (from tox)
2023-04-26T21:14:15.5352264Z   Downloading packaging-23.1-py3-none-any.whl (48 kB)
2023-04-26T21:14:15.5415114Z      ━━━━━━━━━━━━━━━━━━━━━━━━━━━━━━━━━━━━━━━━ 48.9/48.9 kB 13.1 MB/s eta 0:00:00
2023-04-26T21:14:15.6009860Z Collecting platformdirs>=3.2 (from tox)
2023-04-26T21:14:15.6077393Z   Downloading platformdirs-3.4.0-py3-none-any.whl (15 kB)
2023-04-26T21:14:15.6426458Z Collecting pluggy>=1 (from tox)
2023-04-26T21:14:15.6482348Z   Downloading pluggy-1.0.0-py2.py3-none-any.whl (13 kB)
2023-04-26T21:14:15.6796715Z Collecting pyproject-api>=1.5.1 (from tox)
2023-04-26T21:14:15.6924961Z   Downloading pyproject_api-1.5.1-py3-none-any.whl (12 kB)
2023-04-26T21:14:15.7296029Z Collecting tomli>=2.0.1 (from tox)
2023-04-26T21:14:15.7346118Z   Downloading tomli-2.0.1-py3-none-any.whl (12 kB)
2023-04-26T21:14:15.8783804Z Collecting virtualenv>=20.21 (from tox)
2023-04-26T21:14:15.8885171Z   Downloading virtualenv-20.22.0-py3-none-any.whl (3.2 MB)
2023-04-26T21:14:15.9302752Z      ━━━━━━━━━━━━━━━━━━━━━━━━━━━━━━━━━━━━━━━━ 3.2/3.2 MB 85.3 MB/s eta 0:00:00
2023-04-26T21:14:16.0549713Z Collecting distlib<1,>=0.3.6 (from virtualenv>=20.21->tox)
2023-04-26T21:14:16.0599512Z   Downloading distlib-0.3.6-py2.py3-none-any.whl (468 kB)
2023-04-26T21:14:16.0709635Z      ━━━━━━━━━━━━━━━━━━━━━━━━━━━━━━━━━━━━━━ 468.5/468.5 kB 62.4 MB/s eta 0:00:00
2023-04-26T21:14:16.2446451Z Installing collected packages: distlib, tomli, pluggy, platformdirs, packaging, filelock, colorama, chardet, cachetools, virtualenv, pyproject-api, tox
2023-04-26T21:14:17.0290160Z Successfully installed cachetools-5.3.0 chardet-5.1.0 colorama-0.4.6 distlib-0.3.6 filelock-3.12.0 packaging-23.1 platformdirs-3.4.0 pluggy-1.0.0 pyproject-api-1.5.1 tomli-2.0.1 tox-4.5.1 virtualenv-20.22.0
2023-04-26T21:14:17.6968589Z ##[group]Run tox -e typing
2023-04-26T21:14:17.6968940Z [36;1mtox -e typing[0m
2023-04-26T21:14:17.7030927Z shell: /usr/bin/bash -e {0}
2023-04-26T21:14:17.7031204Z env:
2023-04-26T21:14:17.7031509Z   pythonLocation: /opt/hostedtoolcache/Python/3.8.16/x64
2023-04-26T21:14:17.7031932Z   PKG_CONFIG_PATH: /opt/hostedtoolcache/Python/3.8.16/x64/lib/pkgconfig
2023-04-26T21:14:17.7032334Z   Python_ROOT_DIR: /opt/hostedtoolcache/Python/3.8.16/x64
2023-04-26T21:14:17.7032857Z   Python2_ROOT_DIR: /opt/hostedtoolcache/Python/3.8.16/x64
2023-04-26T21:14:17.7033234Z   Python3_ROOT_DIR: /opt/hostedtoolcache/Python/3.8.16/x64
2023-04-26T21:14:17.7033616Z   LD_LIBRARY_PATH: /opt/hostedtoolcache/Python/3.8.16/x64/lib
2023-04-26T21:14:17.7033911Z ##[endgroup]
2023-04-26T21:14:18.5755570Z typing: install_deps> python -I -m pip install 'mypy~=0.900' 'pytest-cov~=2.0' 'pytest-mock~=3.0' 'pytest~=6.0' types-python-dateutil types-PyYAML types-requests
2023-04-26T21:14:25.1608721Z .pkg: install_requires> python -I -m pip install 'setuptools>=46.4.0' 'wheel~=0.32'
2023-04-26T21:14:26.9703176Z .pkg: _optional_hooks> python /opt/hostedtoolcache/Python/3.8.16/x64/lib/python3.8/site-packages/pyproject_api/_backend.py True setuptools.build_meta
2023-04-26T21:14:27.3109432Z .pkg: get_requires_for_build_sdist> python /opt/hostedtoolcache/Python/3.8.16/x64/lib/python3.8/site-packages/pyproject_api/_backend.py True setuptools.build_meta
2023-04-26T21:14:27.4561311Z .pkg: freeze> python -m pip freeze --all
2023-04-26T21:14:27.8829867Z .pkg: pip==23.1,setuptools==67.6.1,wheel==0.40.0
2023-04-26T21:14:27.8837206Z .pkg: prepare_metadata_for_build_wheel> python /opt/hostedtoolcache/Python/3.8.16/x64/lib/python3.8/site-packages/pyproject_api/_backend.py True setuptools.build_meta
2023-04-26T21:14:28.0738891Z .pkg: build_sdist> python /opt/hostedtoolcache/Python/3.8.16/x64/lib/python3.8/site-packages/pyproject_api/_backend.py True setuptools.build_meta
2023-04-26T21:14:28.1998849Z typing: install_package_deps> python -I -m pip install 'PyGithub~=1.55' 'PyYAML~=5.0' 'click-loglevel~=0.2' 'click>=7.0' 'in-place~=0.4' 'pydantic~=1.7' 'python-dateutil~=2.7' 'python-dotenv~=0.11' 'requests~=2.20'
2023-04-26T21:14:33.5809826Z typing: install_package> python -I -m pip install --force-reinstall --no-deps /home/runner/work/tinuous/tinuous/.tox/.tmp/package/1/tinuous-0.6.1+7.g59b4450.tar.gz
2023-04-26T21:14:37.4456449Z typing: freeze> python -m pip freeze --all
2023-04-26T21:14:37.9123514Z typing: attrs==23.1.0,certifi==2022.12.7,cffi==1.15.1,charset-normalizer==3.1.0,click==8.1.3,click-loglevel==0.4.0.post1,coverage==7.2.3,cryptography==40.0.2,Deprecated==1.2.13,idna==3.4,in-place==0.5.0,iniconfig==2.0.0,mypy==0.991,mypy-extensions==1.0.0,packaging==23.1,pip==23.1,pluggy==1.0.0,py==1.11.0,pycparser==2.21,pydantic==1.10.7,PyGithub==1.58.1,PyJWT==2.6.0,PyNaCl==1.5.0,pytest==6.2.5,pytest-cov==2.12.1,pytest-mock==3.10.0,python-dateutil==2.8.2,python-dotenv==0.21.1,PyYAML==5.4.1,requests==2.29.0,setuptools==67.6.1,six==1.16.0,tinuous @ file:///home/runner/work/tinuous/tinuous/.tox/.tmp/package/1/tinuous-0.6.1%2B7.g59b4450.tar.gz#sha256=810c07e01c7162cf7b1f96e4e4cdef081900060d82f634de33f382e81aafccf8,toml==0.10.2,tomli==2.0.1,types-python-dateutil==2.8.19.12,types-PyYAML==6.0.12.9,types-requests==2.28.11.17,types-urllib3==1.26.25.10,typing_extensions==4.5.0,urllib3==1.26.15,wheel==0.40.0,wrapt==1.15.0
2023-04-26T21:14:37.9129573Z typing: commands[0]> mypy src test
2023-04-26T21:14:50.6657759Z Success: no issues found in 14 source files
2023-04-26T21:14:50.6784730Z .pkg: _exit> python /opt/hostedtoolcache/Python/3.8.16/x64/lib/python3.8/site-packages/pyproject_api/_backend.py True setuptools.build_meta
2023-04-26T21:14:50.7225351Z   typing: OK (32.53=setup[19.77]+cmd[12.76] seconds)
2023-04-26T21:14:50.7226072Z   congratulations :) (32.78 seconds)
2023-04-26T21:14:50.7663677Z Post job cleanup.
2023-04-26T21:14:50.9542477Z Post job cleanup.
2023-04-26T21:14:51.0730546Z [command]/usr/bin/git version
2023-04-26T21:14:51.0786341Z git version 2.40.1
2023-04-26T21:14:51.0844275Z Temporarily overriding HOME='/home/runner/work/_temp/648d5937-9dac-488f-a03c-c219cfdbb9ec' before making global git config changes
2023-04-26T21:14:51.0847015Z Adding repository directory to the temporary git global config as a safe directory
2023-04-26T21:14:51.0854675Z [command]/usr/bin/git config --global --add safe.directory /home/runner/work/tinuous/tinuous
2023-04-26T21:14:51.0907737Z [command]/usr/bin/git config --local --name-only --get-regexp core\.sshCommand
2023-04-26T21:14:51.0965975Z [command]/usr/bin/git submodule foreach --recursive sh -c "git config --local --name-only --get-regexp 'core\.sshCommand' && git config --local --unset-all 'core.sshCommand' || :"
2023-04-26T21:14:51.1273479Z [command]/usr/bin/git config --local --name-only --get-regexp http\.https\:\/\/github\.com\/\.extraheader
2023-04-26T21:14:51.1294802Z http.https://github.com/.extraheader
2023-04-26T21:14:51.1314260Z [command]/usr/bin/git config --local --unset-all http.https://github.com/.extraheader
2023-04-26T21:14:51.1369322Z [command]/usr/bin/git submodule foreach --recursive sh -c "git config --local --name-only --get-regexp 'http\.https\:\/\/github\.com\/\.extraheader' && git config --local --unset-all 'http.https://github.com/.extraheader' || :"
2023-04-26T21:14:51.1878224Z Cleaning up orphan processes
