2021-06-11T16:49:50.5560761Z ##[section]Starting: Request a runner to run this job
2021-06-11T16:49:51.1514118Z Can't find any online and idle self-hosted runner in current repository that matches the required labels: 'ubuntu-latest'
2021-06-11T16:49:51.1514231Z Can't find any online and idle self-hosted runner in current repository's account/organization that matches the required labels: 'ubuntu-latest'
2021-06-11T16:49:51.1514480Z Found online and idle hosted runner in current repository's account/organization that matches the required labels: 'ubuntu-latest'
2021-06-11T16:49:51.3079286Z ##[section]Finishing: Request a runner to run this job
2021-06-11T16:49:57.5225615Z Current runner version: '2.278.0'
2021-06-11T16:49:57.5252084Z ##[group]Operating System
2021-06-11T16:49:57.5253268Z Ubuntu
2021-06-11T16:49:57.5253701Z 20.04.2
2021-06-11T16:49:57.5254361Z LTS
2021-06-11T16:49:57.5254820Z ##[endgroup]
2021-06-11T16:49:57.5255401Z ##[group]Virtual Environment
2021-06-11T16:49:57.5256005Z Environment: ubuntu-20.04
2021-06-11T16:49:57.5256571Z Version: 20210606.1
2021-06-11T16:49:57.5257728Z Included Software: https://github.com/actions/virtual-environments/blob/ubuntu20/20210606.1/images/linux/Ubuntu2004-README.md
2021-06-11T16:49:57.5260586Z Image Release: https://github.com/actions/virtual-environments/releases/tag/ubuntu20%2F20210606.1
2021-06-11T16:49:57.5261473Z ##[endgroup]
2021-06-11T16:49:57.5263773Z ##[group]GITHUB_TOKEN Permissions
2021-06-11T16:49:57.5265243Z Actions: write
2021-06-11T16:49:57.5265956Z Checks: write
2021-06-11T16:49:57.5266445Z Contents: write
2021-06-11T16:49:57.5266995Z Deployments: write
2021-06-11T16:49:57.5267644Z Discussions: write
2021-06-11T16:49:57.5268241Z Issues: write
2021-06-11T16:49:57.5268709Z Metadata: read
2021-06-11T16:49:57.5269252Z Packages: write
2021-06-11T16:49:57.5270164Z PullRequests: write
2021-06-11T16:49:57.5270829Z RepositoryProjects: write
2021-06-11T16:49:57.5271490Z SecurityEvents: write
2021-06-11T16:49:57.5272115Z Statuses: write
2021-06-11T16:49:57.5272808Z ##[endgroup]
2021-06-11T16:49:57.5275945Z Prepare workflow directory
2021-06-11T16:49:57.5991985Z Prepare all required actions
2021-06-11T16:49:57.6006089Z Getting action download info
2021-06-11T16:49:58.0389981Z Download action repository 'actions/checkout@v2'
2021-06-11T16:49:59.9515095Z Download action repository 'actions/setup-python@v2'
2021-06-11T16:50:00.2676393Z Download action repository 'codecov/codecov-action@v1'
2021-06-11T16:50:00.7732872Z ##[group]Run actions/checkout@v2
2021-06-11T16:50:00.7733551Z with:
2021-06-11T16:50:00.7733899Z   fetch-depth: 0
2021-06-11T16:50:00.7734323Z   repository: con/tinuous
2021-06-11T16:50:00.7735352Z   token: ***
2021-06-11T16:50:00.7735733Z   ssh-strict: true
2021-06-11T16:50:00.7736224Z   persist-credentials: true
2021-06-11T16:50:00.7736678Z   clean: true
2021-06-11T16:50:00.7737201Z   lfs: false
2021-06-11T16:50:00.7737579Z   submodules: false
2021-06-11T16:50:00.7737989Z ##[endgroup]
2021-06-11T16:50:01.9608125Z Syncing repository: con/tinuous
2021-06-11T16:50:01.9608898Z ##[group]Getting Git version info
2021-06-11T16:50:01.9609923Z Working directory is '/home/runner/work/tinuous/tinuous'
2021-06-11T16:50:01.9610556Z [command]/usr/bin/git version
2021-06-11T16:50:01.9610969Z git version 2.31.1
2021-06-11T16:50:01.9612030Z ##[endgroup]
2021-06-11T16:50:01.9612812Z Deleting the contents of '/home/runner/work/tinuous/tinuous'
2021-06-11T16:50:01.9614063Z ##[group]Initializing the repository
2021-06-11T16:50:01.9614733Z [command]/usr/bin/git init /home/runner/work/tinuous/tinuous
2021-06-11T16:50:01.9615748Z hint: Using 'master' as the name for the initial branch. This default branch name
2021-06-11T16:50:01.9616557Z hint: is subject to change. To configure the initial branch name to use in all
2021-06-11T16:50:01.9617394Z hint: of your new repositories, which will suppress this warning, call:
2021-06-11T16:50:01.9617960Z hint: 
2021-06-11T16:50:01.9618697Z hint: 	git config --global init.defaultBranch <name>
2021-06-11T16:50:01.9619227Z hint: 
2021-06-11T16:50:01.9620039Z hint: Names commonly chosen instead of 'master' are 'main', 'trunk' and
2021-06-11T16:50:01.9621088Z hint: 'development'. The just-created branch can be renamed via this command:
2021-06-11T16:50:01.9621691Z hint: 
2021-06-11T16:50:01.9622247Z hint: 	git branch -m <name>
2021-06-11T16:50:01.9622900Z Initialized empty Git repository in /home/runner/work/tinuous/tinuous/.git/
2021-06-11T16:50:01.9623792Z [command]/usr/bin/git remote add origin https://github.com/con/tinuous
2021-06-11T16:50:01.9624437Z ##[endgroup]
2021-06-11T16:50:01.9624987Z ##[group]Disabling automatic garbage collection
2021-06-11T16:50:01.9625809Z [command]/usr/bin/git config --local gc.auto 0
2021-06-11T16:50:01.9626657Z ##[endgroup]
2021-06-11T16:50:01.9628611Z ##[group]Setting up auth
2021-06-11T16:50:01.9629775Z [command]/usr/bin/git config --local --name-only --get-regexp core\.sshCommand
2021-06-11T16:50:01.9631363Z [command]/usr/bin/git submodule foreach --recursive git config --local --name-only --get-regexp 'core\.sshCommand' && git config --local --unset-all 'core.sshCommand' || :
2021-06-11T16:50:01.9632899Z [command]/usr/bin/git config --local --name-only --get-regexp http\.https\:\/\/github\.com\/\.extraheader
2021-06-11T16:50:01.9634824Z [command]/usr/bin/git submodule foreach --recursive git config --local --name-only --get-regexp 'http\.https\:\/\/github\.com\/\.extraheader' && git config --local --unset-all 'http.https://github.com/.extraheader' || :
2021-06-11T16:50:01.9636710Z [command]/usr/bin/git config --local http.https://github.com/.extraheader AUTHORIZATION: basic ***
2021-06-11T16:50:01.9637538Z ##[endgroup]
2021-06-11T16:50:01.9638030Z ##[group]Fetching the repository
2021-06-11T16:50:01.9639906Z [command]/usr/bin/git -c protocol.version=2 fetch --prune --progress --no-recurse-submodules origin +refs/heads/*:refs/remotes/origin/* +refs/tags/*:refs/tags/* +8f41048990796963ceca673dcfd414756aed1a94:refs/remotes/pull/102/merge
2021-06-11T16:50:01.9641622Z remote: Enumerating objects: 657, done.        
2021-06-11T16:50:01.9642192Z remote: Counting objects:   0% (1/311)        
2021-06-11T16:50:01.9642721Z remote: Counting objects:   1% (4/311)        
2021-06-11T16:50:01.9643227Z remote: Counting objects:   2% (7/311)        
2021-06-11T16:50:01.9643751Z remote: Counting objects:   3% (10/311)        
2021-06-11T16:50:01.9644432Z remote: Counting objects:   4% (13/311)        
2021-06-11T16:50:01.9645117Z remote: Counting objects:   5% (16/311)        
2021-06-11T16:50:01.9645637Z remote: Counting objects:   6% (19/311)        
2021-06-11T16:50:01.9646142Z remote: Counting objects:   7% (22/311)        
2021-06-11T16:50:01.9646819Z remote: Counting objects:   8% (25/311)        
2021-06-11T16:50:01.9647504Z remote: Counting objects:   9% (28/311)        
2021-06-11T16:50:01.9649217Z remote: Counting objects:  10% (32/311)        
2021-06-11T16:50:01.9650064Z remote: Counting objects:  11% (35/311)        
2021-06-11T16:50:01.9650572Z remote: Counting objects:  12% (38/311)        
2021-06-11T16:50:01.9651063Z remote: Counting objects:  13% (41/311)        
2021-06-11T16:50:01.9651568Z remote: Counting objects:  14% (44/311)        
2021-06-11T16:50:01.9652259Z remote: Counting objects:  15% (47/311)        
2021-06-11T16:50:01.9652768Z remote: Counting objects:  16% (50/311)        
2021-06-11T16:50:01.9653439Z remote: Counting objects:  17% (53/311)        
2021-06-11T16:50:01.9653928Z remote: Counting objects:  18% (56/311)        
2021-06-11T16:50:01.9654442Z remote: Counting objects:  19% (60/311)        
2021-06-11T16:50:01.9655124Z remote: Counting objects:  20% (63/311)        
2021-06-11T16:50:01.9655645Z remote: Counting objects:  21% (66/311)        
2021-06-11T16:50:01.9656160Z remote: Counting objects:  22% (69/311)        
2021-06-11T16:50:01.9656681Z remote: Counting objects:  23% (72/311)        
2021-06-11T16:50:01.9657202Z remote: Counting objects:  24% (75/311)        
2021-06-11T16:50:01.9657711Z remote: Counting objects:  25% (78/311)        
2021-06-11T16:50:01.9658231Z remote: Counting objects:  26% (81/311)        
2021-06-11T16:50:01.9658739Z remote: Counting objects:  27% (84/311)        
2021-06-11T16:50:01.9659259Z remote: Counting objects:  28% (88/311)        
2021-06-11T16:50:01.9659766Z remote: Counting objects:  29% (91/311)        
2021-06-11T16:50:01.9660290Z remote: Counting objects:  30% (94/311)        
2021-06-11T16:50:01.9660798Z remote: Counting objects:  31% (97/311)        
2021-06-11T16:50:01.9661507Z remote: Counting objects:  32% (100/311)        
2021-06-11T16:50:01.9662062Z remote: Counting objects:  33% (103/311)        
2021-06-11T16:50:01.9662752Z remote: Counting objects:  34% (106/311)        
2021-06-11T16:50:01.9663279Z remote: Counting objects:  35% (109/311)        
2021-06-11T16:50:01.9664490Z remote: Counting objects:  36% (112/311)        
2021-06-11T16:50:01.9665180Z remote: Counting objects:  37% (116/311)        
2021-06-11T16:50:01.9665694Z remote: Counting objects:  38% (119/311)        
2021-06-11T16:50:01.9666219Z remote: Counting objects:  39% (122/311)        
2021-06-11T16:50:01.9666737Z remote: Counting objects:  40% (125/311)        
2021-06-11T16:50:01.9667260Z remote: Counting objects:  41% (128/311)        
2021-06-11T16:50:01.9667770Z remote: Counting objects:  42% (131/311)        
2021-06-11T16:50:01.9668299Z remote: Counting objects:  43% (134/311)        
2021-06-11T16:50:01.9668823Z remote: Counting objects:  44% (137/311)        
2021-06-11T16:50:01.9669338Z remote: Counting objects:  45% (140/311)        
2021-06-11T16:50:01.9670419Z remote: Counting objects:  46% (144/311)        
2021-06-11T16:50:01.9670963Z remote: Counting objects:  47% (147/311)        
2021-06-11T16:50:01.9672464Z remote: Counting objects:  48% (150/311)        
2021-06-11T16:50:01.9673014Z remote: Counting objects:  49% (153/311)        
2021-06-11T16:50:01.9673560Z remote: Counting objects:  50% (156/311)        
2021-06-11T16:50:01.9674335Z remote: Counting objects:  51% (159/311)        
2021-06-11T16:50:01.9674886Z remote: Counting objects:  52% (162/311)        
2021-06-11T16:50:01.9675935Z remote: Counting objects:  53% (165/311)        
2021-06-11T16:50:01.9676501Z remote: Counting objects:  54% (168/311)        
2021-06-11T16:50:01.9677048Z remote: Counting objects:  55% (172/311)        
2021-06-11T16:50:01.9677583Z remote: Counting objects:  56% (175/311)        
2021-06-11T16:50:01.9678128Z remote: Counting objects:  57% (178/311)        
2021-06-11T16:50:01.9678827Z remote: Counting objects:  58% (181/311)        
2021-06-11T16:50:01.9679400Z remote: Counting objects:  59% (184/311)        
2021-06-11T16:50:01.9679929Z remote: Counting objects:  60% (187/311)        
2021-06-11T16:50:01.9680475Z remote: Counting objects:  61% (190/311)        
2021-06-11T16:50:01.9681108Z remote: Counting objects:  62% (193/311)        
2021-06-11T16:50:01.9681640Z remote: Counting objects:  63% (196/311)        
2021-06-11T16:50:01.9682181Z remote: Counting objects:  64% (200/311)        
2021-06-11T16:50:01.9682710Z remote: Counting objects:  65% (203/311)        
2021-06-11T16:50:01.9683255Z remote: Counting objects:  66% (206/311)        
2021-06-11T16:50:01.9684066Z remote: Counting objects:  67% (209/311)        
2021-06-11T16:50:01.9684601Z remote: Counting objects:  68% (212/311)        
2021-06-11T16:50:01.9685144Z remote: Counting objects:  69% (215/311)        
2021-06-11T16:50:01.9685674Z remote: Counting objects:  70% (218/311)        
2021-06-11T16:50:01.9686224Z remote: Counting objects:  71% (221/311)        
2021-06-11T16:50:01.9686751Z remote: Counting objects:  72% (224/311)        
2021-06-11T16:50:01.9687290Z remote: Counting objects:  73% (228/311)        
2021-06-11T16:50:01.9687819Z remote: Counting objects:  74% (231/311)        
2021-06-11T16:50:01.9688366Z remote: Counting objects:  75% (234/311)        
2021-06-11T16:50:01.9688917Z remote: Counting objects:  76% (237/311)        
2021-06-11T16:50:01.9689450Z remote: Counting objects:  77% (240/311)        
2021-06-11T16:50:01.9689994Z remote: Counting objects:  78% (243/311)        
2021-06-11T16:50:01.9690522Z remote: Counting objects:  79% (246/311)        
2021-06-11T16:50:01.9691063Z remote: Counting objects:  80% (249/311)        
2021-06-11T16:50:01.9691592Z remote: Counting objects:  81% (252/311)        
2021-06-11T16:50:01.9692133Z remote: Counting objects:  82% (256/311)        
2021-06-11T16:50:01.9692662Z remote: Counting objects:  83% (259/311)        
2021-06-11T16:50:01.9693208Z remote: Counting objects:  84% (262/311)        
2021-06-11T16:50:01.9693756Z remote: Counting objects:  85% (265/311)        
2021-06-11T16:50:01.9694285Z remote: Counting objects:  86% (268/311)        
2021-06-11T16:50:01.9694827Z remote: Counting objects:  87% (271/311)        
2021-06-11T16:50:01.9695482Z remote: Counting objects:  88% (274/311)        
2021-06-11T16:50:01.9696022Z remote: Counting objects:  89% (277/311)        
2021-06-11T16:50:01.9697079Z remote: Counting objects:  90% (280/311)        
2021-06-11T16:50:01.9698539Z remote: Counting objects:  91% (284/311)        
2021-06-11T16:50:01.9699594Z remote: Counting objects:  92% (287/311)        
2021-06-11T16:50:01.9700753Z remote: Counting objects:  93% (290/311)        
2021-06-11T16:50:01.9702052Z remote: Counting objects:  94% (293/311)        
2021-06-11T16:50:01.9702591Z remote: Counting objects:  95% (296/311)        
2021-06-11T16:50:01.9703136Z remote: Counting objects:  96% (299/311)        
2021-06-11T16:50:01.9703847Z remote: Counting objects:  97% (302/311)        
2021-06-11T16:50:01.9704372Z remote: Counting objects:  98% (305/311)        
2021-06-11T16:50:01.9704885Z remote: Counting objects:  99% (308/311)        
2021-06-11T16:50:01.9705411Z remote: Counting objects: 100% (311/311)        
2021-06-11T16:50:01.9705965Z remote: Counting objects: 100% (311/311), done.        
2021-06-11T16:50:01.9706529Z remote: Compressing objects:   0% (1/158)        
2021-06-11T16:50:01.9707473Z remote: Compressing objects:   1% (2/158)        
2021-06-11T16:50:01.9708032Z remote: Compressing objects:   2% (4/158)        
2021-06-11T16:50:01.9708603Z remote: Compressing objects:   3% (5/158)        
2021-06-11T16:50:01.9709157Z remote: Compressing objects:   4% (7/158)        
2021-06-11T16:50:01.9709894Z remote: Compressing objects:   5% (8/158)        
2021-06-11T16:50:01.9710452Z remote: Compressing objects:   6% (10/158)        
2021-06-11T16:50:01.9711033Z remote: Compressing objects:   7% (12/158)        
2021-06-11T16:50:01.9711764Z remote: Compressing objects:   8% (13/158)        
2021-06-11T16:50:01.9712361Z remote: Compressing objects:   9% (15/158)        
2021-06-11T16:50:01.9712936Z remote: Compressing objects:  10% (16/158)        
2021-06-11T16:50:01.9713725Z remote: Compressing objects:  11% (18/158)        
2021-06-11T16:50:01.9714313Z remote: Compressing objects:  12% (19/158)        
2021-06-11T16:50:01.9714873Z remote: Compressing objects:  13% (21/158)        
2021-06-11T16:50:01.9717302Z remote: Compressing objects:  14% (23/158)        
2021-06-11T16:50:01.9717896Z remote: Compressing objects:  15% (24/158)        
2021-06-11T16:50:01.9718638Z remote: Compressing objects:  16% (26/158)        
2021-06-11T16:50:01.9719215Z remote: Compressing objects:  17% (27/158)        
2021-06-11T16:50:01.9719771Z remote: Compressing objects:  18% (29/158)        
2021-06-11T16:50:01.9720345Z remote: Compressing objects:  19% (31/158)        
2021-06-11T16:50:01.9720906Z remote: Compressing objects:  20% (32/158)        
2021-06-11T16:50:01.9721490Z remote: Compressing objects:  21% (34/158)        
2021-06-11T16:50:01.9722056Z remote: Compressing objects:  22% (35/158)        
2021-06-11T16:50:01.9722628Z remote: Compressing objects:  23% (37/158)        
2021-06-11T16:50:01.9723189Z remote: Compressing objects:  24% (38/158)        
2021-06-11T16:50:01.9723768Z remote: Compressing objects:  25% (40/158)        
2021-06-11T16:50:01.9724341Z remote: Compressing objects:  26% (42/158)        
2021-06-11T16:50:01.9725056Z remote: Compressing objects:  27% (43/158)        
2021-06-11T16:50:01.9725611Z remote: Compressing objects:  28% (45/158)        
2021-06-11T16:50:01.9726153Z remote: Compressing objects:  29% (46/158)        
2021-06-11T16:50:01.9727085Z remote: Compressing objects:  30% (48/158)        
2021-06-11T16:50:01.9727664Z remote: Compressing objects:  31% (49/158)        
2021-06-11T16:50:01.9728258Z remote: Compressing objects:  32% (51/158)        
2021-06-11T16:50:01.9728837Z remote: Compressing objects:  33% (53/158)        
2021-06-11T16:50:01.9729436Z remote: Compressing objects:  34% (54/158)        
2021-06-11T16:50:01.9730035Z remote: Compressing objects:  35% (56/158)        
2021-06-11T16:50:01.9731131Z remote: Compressing objects:  36% (57/158)        
2021-06-11T16:50:01.9731681Z remote: Compressing objects:  37% (59/158)        
2021-06-11T16:50:01.9732553Z remote: Compressing objects:  38% (61/158)        
2021-06-11T16:50:01.9733126Z remote: Compressing objects:  39% (62/158)        
2021-06-11T16:50:01.9733688Z remote: Compressing objects:  40% (64/158)        
2021-06-11T16:50:01.9734262Z remote: Compressing objects:  41% (65/158)        
2021-06-11T16:50:01.9734819Z remote: Compressing objects:  42% (67/158)        
2021-06-11T16:50:01.9735393Z remote: Compressing objects:  43% (68/158)        
2021-06-11T16:50:01.9735963Z remote: Compressing objects:  44% (70/158)        
2021-06-11T16:50:01.9736520Z remote: Compressing objects:  45% (72/158)        
2021-06-11T16:50:01.9737093Z remote: Compressing objects:  46% (73/158)        
2021-06-11T16:50:01.9738024Z remote: Compressing objects:  47% (75/158)        
2021-06-11T16:50:01.9740458Z remote: Compressing objects:  48% (76/158)        
2021-06-11T16:50:01.9741072Z remote: Compressing objects:  49% (78/158)        
2021-06-11T16:50:01.9742037Z remote: Compressing objects:  50% (79/158)        
2021-06-11T16:50:01.9742854Z remote: Compressing objects:  51% (81/158)        
2021-06-11T16:50:01.9743526Z remote: Compressing objects:  52% (83/158)        
2021-06-11T16:50:01.9744101Z remote: Compressing objects:  53% (84/158)        
2021-06-11T16:50:01.9744657Z remote: Compressing objects:  54% (86/158)        
2021-06-11T16:50:01.9745229Z remote: Compressing objects:  55% (87/158)        
2021-06-11T16:50:01.9745786Z remote: Compressing objects:  56% (89/158)        
2021-06-11T16:50:01.9746485Z remote: Compressing objects:  57% (91/158)        
2021-06-11T16:50:01.9747067Z remote: Compressing objects:  58% (92/158)        
2021-06-11T16:50:01.9747625Z remote: Compressing objects:  59% (94/158)        
2021-06-11T16:50:01.9748464Z remote: Compressing objects:  60% (95/158)        
2021-06-11T16:50:01.9749051Z remote: Compressing objects:  61% (97/158)        
2021-06-11T16:50:01.9749953Z remote: Compressing objects:  62% (98/158)        
2021-06-11T16:50:01.9750558Z remote: Compressing objects:  63% (100/158)        
2021-06-11T16:50:01.9752874Z remote: Compressing objects:  64% (102/158)        
2021-06-11T16:50:01.9754178Z remote: Compressing objects:  65% (103/158)        
2021-06-11T16:50:01.9754797Z remote: Compressing objects:  66% (105/158)        
2021-06-11T16:50:01.9755567Z remote: Compressing objects:  67% (106/158)        
2021-06-11T16:50:01.9756150Z remote: Compressing objects:  68% (108/158)        
2021-06-11T16:50:01.9756749Z remote: Compressing objects:  69% (110/158)        
2021-06-11T16:50:01.9757330Z remote: Compressing objects:  70% (111/158)        
2021-06-11T16:50:01.9757924Z remote: Compressing objects:  71% (113/158)        
2021-06-11T16:50:01.9758519Z remote: Compressing objects:  72% (114/158)        
2021-06-11T16:50:01.9759116Z remote: Compressing objects:  73% (116/158)        
2021-06-11T16:50:01.9759697Z remote: Compressing objects:  74% (117/158)        
2021-06-11T16:50:01.9760293Z remote: Compressing objects:  75% (119/158)        
2021-06-11T16:50:01.9760900Z remote: Compressing objects:  76% (121/158)        
2021-06-11T16:50:01.9761483Z remote: Compressing objects:  77% (122/158)        
2021-06-11T16:50:01.9762080Z remote: Compressing objects:  78% (124/158)        
2021-06-11T16:50:01.9762659Z remote: Compressing objects:  79% (125/158)        
2021-06-11T16:50:01.9763255Z remote: Compressing objects:  80% (127/158)        
2021-06-11T16:50:01.9763836Z remote: Compressing objects:  81% (128/158)        
2021-06-11T16:50:01.9764431Z remote: Compressing objects:  82% (130/158)        
2021-06-11T16:50:01.9765009Z remote: Compressing objects:  83% (132/158)        
2021-06-11T16:50:01.9765945Z remote: Compressing objects:  84% (133/158)        
2021-06-11T16:50:01.9766554Z remote: Compressing objects:  85% (135/158)        
2021-06-11T16:50:01.9767137Z remote: Compressing objects:  86% (136/158)        
2021-06-11T16:50:01.9767735Z remote: Compressing objects:  87% (138/158)        
2021-06-11T16:50:01.9768347Z remote: Compressing objects:  88% (140/158)        
2021-06-11T16:50:01.9769101Z remote: Compressing objects:  89% (141/158)        
2021-06-11T16:50:01.9769699Z remote: Compressing objects:  90% (143/158)        
2021-06-11T16:50:01.9770283Z remote: Compressing objects:  91% (144/158)        
2021-06-11T16:50:01.9770877Z remote: Compressing objects:  92% (146/158)        
2021-06-11T16:50:01.9771472Z remote: Compressing objects:  93% (147/158)        
2021-06-11T16:50:01.9772052Z remote: Compressing objects:  94% (149/158)        
2021-06-11T16:50:01.9772651Z remote: Compressing objects:  95% (151/158)        
2021-06-11T16:50:01.9773235Z remote: Compressing objects:  96% (152/158)        
2021-06-11T16:50:01.9773831Z remote: Compressing objects:  97% (154/158)        
2021-06-11T16:50:01.9774419Z remote: Compressing objects:  98% (155/158)        
2021-06-11T16:50:01.9775018Z remote: Compressing objects:  99% (157/158)        
2021-06-11T16:50:01.9775598Z remote: Compressing objects: 100% (158/158)        
2021-06-11T16:50:01.9776227Z remote: Compressing objects: 100% (158/158), done.        
2021-06-11T16:50:01.9777233Z Receiving objects:   0% (1/657)
2021-06-11T16:50:01.9777767Z Receiving objects:   1% (7/657)
2021-06-11T16:50:01.9778415Z Receiving objects:   2% (14/657)
2021-06-11T16:50:01.9779033Z Receiving objects:   3% (20/657)
2021-06-11T16:50:01.9779660Z Receiving objects:   4% (27/657)
2021-06-11T16:50:01.9845314Z Receiving objects:   5% (33/657)
2021-06-11T16:50:01.9846020Z Receiving objects:   6% (40/657)
2021-06-11T16:50:01.9846603Z Receiving objects:   7% (46/657)
2021-06-11T16:50:01.9855464Z Receiving objects:   8% (53/657)
2021-06-11T16:50:01.9856135Z Receiving objects:   9% (60/657)
2021-06-11T16:50:01.9856932Z Receiving objects:  10% (66/657)
2021-06-11T16:50:01.9857595Z Receiving objects:  11% (73/657)
2021-06-11T16:50:01.9858089Z Receiving objects:  12% (79/657)
2021-06-11T16:50:01.9858562Z Receiving objects:  13% (86/657)
2021-06-11T16:50:01.9859022Z Receiving objects:  14% (92/657)
2021-06-11T16:50:01.9859504Z Receiving objects:  15% (99/657)
2021-06-11T16:50:01.9860168Z Receiving objects:  16% (106/657)
2021-06-11T16:50:01.9860677Z Receiving objects:  17% (112/657)
2021-06-11T16:50:01.9861157Z Receiving objects:  18% (119/657)
2021-06-11T16:50:01.9861916Z Receiving objects:  19% (125/657)
2021-06-11T16:50:01.9862454Z Receiving objects:  20% (132/657)
2021-06-11T16:50:01.9862933Z Receiving objects:  21% (138/657)
2021-06-11T16:50:01.9863527Z Receiving objects:  22% (145/657)
2021-06-11T16:50:01.9864345Z Receiving objects:  23% (152/657)
2021-06-11T16:50:01.9875107Z Receiving objects:  24% (158/657)
2021-06-11T16:50:01.9876919Z Receiving objects:  25% (165/657)
2021-06-11T16:50:01.9885738Z Receiving objects:  26% (171/657)
2021-06-11T16:50:01.9886443Z Receiving objects:  27% (178/657)
2021-06-11T16:50:01.9888173Z Receiving objects:  28% (184/657)
2021-06-11T16:50:01.9891885Z Receiving objects:  29% (191/657)
2021-06-11T16:50:01.9896176Z Receiving objects:  30% (198/657)
2021-06-11T16:50:01.9896841Z Receiving objects:  31% (204/657)
2021-06-11T16:50:01.9897478Z Receiving objects:  32% (211/657)
2021-06-11T16:50:01.9898109Z Receiving objects:  33% (217/657)
2021-06-11T16:50:01.9898735Z Receiving objects:  34% (224/657)
2021-06-11T16:50:01.9899364Z Receiving objects:  35% (230/657)
2021-06-11T16:50:01.9899975Z Receiving objects:  36% (237/657)
2021-06-11T16:50:01.9903099Z Receiving objects:  37% (244/657)
2021-06-11T16:50:01.9906455Z Receiving objects:  38% (250/657)
2021-06-11T16:50:01.9909043Z Receiving objects:  39% (257/657)
2021-06-11T16:50:01.9910038Z Receiving objects:  40% (263/657)
2021-06-11T16:50:01.9913160Z Receiving objects:  41% (270/657)
2021-06-11T16:50:01.9913824Z Receiving objects:  42% (276/657)
2021-06-11T16:50:01.9914467Z Receiving objects:  43% (283/657)
2021-06-11T16:50:01.9919209Z Receiving objects:  44% (290/657)
2021-06-11T16:50:01.9922277Z Receiving objects:  45% (296/657)
2021-06-11T16:50:01.9923668Z Receiving objects:  46% (303/657)
2021-06-11T16:50:01.9924368Z Receiving objects:  47% (309/657)
2021-06-11T16:50:01.9925208Z Receiving objects:  48% (316/657)
2021-06-11T16:50:01.9925691Z Receiving objects:  49% (322/657)
2021-06-11T16:50:01.9926182Z Receiving objects:  50% (329/657)
2021-06-11T16:50:01.9926657Z Receiving objects:  51% (336/657)
2021-06-11T16:50:01.9927291Z Receiving objects:  52% (342/657)
2021-06-11T16:50:01.9927812Z Receiving objects:  53% (349/657)
2021-06-11T16:50:01.9928308Z Receiving objects:  54% (355/657)
2021-06-11T16:50:01.9928800Z Receiving objects:  55% (362/657)
2021-06-11T16:50:01.9929404Z Receiving objects:  56% (368/657)
2021-06-11T16:50:01.9930315Z Receiving objects:  57% (375/657)
2021-06-11T16:50:01.9930795Z Receiving objects:  58% (382/657)
2021-06-11T16:50:01.9931287Z Receiving objects:  59% (388/657)
2021-06-11T16:50:01.9931775Z Receiving objects:  60% (395/657)
2021-06-11T16:50:01.9932263Z Receiving objects:  61% (401/657)
2021-06-11T16:50:01.9932739Z Receiving objects:  62% (408/657)
2021-06-11T16:50:01.9933226Z Receiving objects:  63% (414/657)
2021-06-11T16:50:01.9933882Z Receiving objects:  64% (421/657)
2021-06-11T16:50:01.9934346Z Receiving objects:  65% (428/657)
2021-06-11T16:50:01.9934816Z Receiving objects:  66% (434/657)
2021-06-11T16:50:01.9935474Z Receiving objects:  67% (441/657)
2021-06-11T16:50:01.9936067Z Receiving objects:  68% (447/657)
2021-06-11T16:50:01.9936810Z Receiving objects:  69% (454/657)
2021-06-11T16:50:01.9937290Z Receiving objects:  70% (460/657)
2021-06-11T16:50:01.9937907Z Receiving objects:  71% (467/657)
2021-06-11T16:50:01.9938506Z Receiving objects:  72% (474/657)
2021-06-11T16:50:01.9939997Z remote: Total 657 (delta 162), reused 189 (delta 131), pack-reused 346        
2021-06-11T16:50:01.9940819Z Receiving objects:  73% (480/657)
2021-06-11T16:50:01.9941825Z Receiving objects:  74% (487/657)
2021-06-11T16:50:01.9942387Z Receiving objects:  75% (493/657)
2021-06-11T16:50:01.9942847Z Receiving objects:  76% (500/657)
2021-06-11T16:50:01.9943324Z Receiving objects:  77% (506/657)
2021-06-11T16:50:01.9943944Z Receiving objects:  78% (513/657)
2021-06-11T16:50:01.9944577Z Receiving objects:  79% (520/657)
2021-06-11T16:50:01.9945185Z Receiving objects:  80% (526/657)
2021-06-11T16:50:01.9945786Z Receiving objects:  81% (533/657)
2021-06-11T16:50:01.9946403Z Receiving objects:  82% (539/657)
2021-06-11T16:50:01.9946997Z Receiving objects:  83% (546/657)
2021-06-11T16:50:01.9948133Z Receiving objects:  84% (552/657)
2021-06-11T16:50:01.9955510Z Receiving objects:  85% (559/657)
2021-06-11T16:50:01.9956226Z Receiving objects:  86% (566/657)
2021-06-11T16:50:01.9956869Z Receiving objects:  87% (572/657)
2021-06-11T16:50:01.9957495Z Receiving objects:  88% (579/657)
2021-06-11T16:50:01.9962211Z Receiving objects:  89% (585/657)
2021-06-11T16:50:01.9963239Z Receiving objects:  90% (592/657)
2021-06-11T16:50:01.9964039Z Receiving objects:  91% (598/657)
2021-06-11T16:50:01.9965886Z Receiving objects:  92% (605/657)
2021-06-11T16:50:01.9966525Z Receiving objects:  93% (612/657)
2021-06-11T16:50:01.9967147Z Receiving objects:  94% (618/657)
2021-06-11T16:50:01.9967760Z Receiving objects:  95% (625/657)
2021-06-11T16:50:01.9968372Z Receiving objects:  96% (631/657)
2021-06-11T16:50:01.9968982Z Receiving objects:  97% (638/657)
2021-06-11T16:50:01.9970421Z Receiving objects:  98% (644/657)
2021-06-11T16:50:01.9971057Z Receiving objects:  99% (651/657)
2021-06-11T16:50:01.9971666Z Receiving objects: 100% (657/657)
2021-06-11T16:50:01.9972344Z Receiving objects: 100% (657/657), 187.98 KiB | 8.95 MiB/s, done.
2021-06-11T16:50:01.9973019Z Resolving deltas:   0% (0/342)
2021-06-11T16:50:01.9973949Z Resolving deltas:   1% (4/342)
2021-06-11T16:50:01.9974545Z Resolving deltas:   2% (7/342)
2021-06-11T16:50:01.9975218Z Resolving deltas:   3% (11/342)
2021-06-11T16:50:01.9975819Z Resolving deltas:   4% (14/342)
2021-06-11T16:50:01.9977464Z Resolving deltas:   5% (18/342)
2021-06-11T16:50:01.9978081Z Resolving deltas:   6% (21/342)
2021-06-11T16:50:01.9978709Z Resolving deltas:   7% (24/342)
2021-06-11T16:50:01.9979324Z Resolving deltas:   8% (28/342)
2021-06-11T16:50:01.9981052Z Resolving deltas:   9% (31/342)
2021-06-11T16:50:01.9981691Z Resolving deltas:  10% (35/342)
2021-06-11T16:50:01.9982287Z Resolving deltas:  11% (38/342)
2021-06-11T16:50:01.9982905Z Resolving deltas:  12% (42/342)
2021-06-11T16:50:01.9983520Z Resolving deltas:  13% (45/342)
2021-06-11T16:50:01.9984120Z Resolving deltas:  14% (48/342)
2021-06-11T16:50:01.9984737Z Resolving deltas:  15% (52/342)
2021-06-11T16:50:01.9986313Z Resolving deltas:  16% (55/342)
2021-06-11T16:50:01.9989171Z Resolving deltas:  17% (59/342)
2021-06-11T16:50:01.9991703Z Resolving deltas:  18% (62/342)
2021-06-11T16:50:01.9994555Z Resolving deltas:  19% (65/342)
2021-06-11T16:50:01.9996271Z Resolving deltas:  20% (69/342)
2021-06-11T16:50:01.9999416Z Resolving deltas:  21% (72/342)
2021-06-11T16:50:02.0002768Z Resolving deltas:  22% (76/342)
2021-06-11T16:50:02.0006673Z Resolving deltas:  23% (79/342)
2021-06-11T16:50:02.0007469Z Resolving deltas:  24% (83/342)
2021-06-11T16:50:02.0014148Z Resolving deltas:  25% (86/342)
2021-06-11T16:50:02.0016702Z Resolving deltas:  26% (89/342)
2021-06-11T16:50:02.0022765Z Resolving deltas:  27% (93/342)
2021-06-11T16:50:02.0026146Z Resolving deltas:  28% (96/342)
2021-06-11T16:50:02.0031609Z Resolving deltas:  29% (100/342)
2021-06-11T16:50:02.0039370Z Resolving deltas:  30% (103/342)
2021-06-11T16:50:02.0042212Z Resolving deltas:  31% (107/342)
2021-06-11T16:50:02.0043896Z Resolving deltas:  32% (110/342)
2021-06-11T16:50:02.0049858Z Resolving deltas:  33% (113/342)
2021-06-11T16:50:02.0051954Z Resolving deltas:  34% (117/342)
2021-06-11T16:50:02.0057412Z Resolving deltas:  35% (120/342)
2021-06-11T16:50:02.0061028Z Resolving deltas:  36% (124/342)
2021-06-11T16:50:02.0064892Z Resolving deltas:  37% (127/342)
2021-06-11T16:50:02.0069774Z Resolving deltas:  38% (130/342)
2021-06-11T16:50:02.0071964Z Resolving deltas:  39% (134/342)
2021-06-11T16:50:02.0073890Z Resolving deltas:  40% (137/342)
2021-06-11T16:50:02.0076422Z Resolving deltas:  41% (141/342)
2021-06-11T16:50:02.0079650Z Resolving deltas:  42% (144/342)
2021-06-11T16:50:02.0082777Z Resolving deltas:  43% (148/342)
2021-06-11T16:50:02.0085500Z Resolving deltas:  44% (151/342)
2021-06-11T16:50:02.0091765Z Resolving deltas:  45% (154/342)
2021-06-11T16:50:02.0092404Z Resolving deltas:  46% (158/342)
2021-06-11T16:50:02.0093010Z Resolving deltas:  47% (161/342)
2021-06-11T16:50:02.0093597Z Resolving deltas:  48% (165/342)
2021-06-11T16:50:02.0094386Z Resolving deltas:  49% (168/342)
2021-06-11T16:50:02.0094982Z Resolving deltas:  50% (171/342)
2021-06-11T16:50:02.0095604Z Resolving deltas:  51% (175/342)
2021-06-11T16:50:02.0096223Z Resolving deltas:  52% (178/342)
2021-06-11T16:50:02.0097014Z Resolving deltas:  53% (182/342)
2021-06-11T16:50:02.0097621Z Resolving deltas:  54% (185/342)
2021-06-11T16:50:02.0098215Z Resolving deltas:  55% (189/342)
2021-06-11T16:50:02.0099751Z Resolving deltas:  56% (192/342)
2021-06-11T16:50:02.0100415Z Resolving deltas:  57% (195/342)
2021-06-11T16:50:02.0101011Z Resolving deltas:  58% (199/342)
2021-06-11T16:50:02.0102593Z Resolving deltas:  59% (202/342)
2021-06-11T16:50:02.0103405Z Resolving deltas:  60% (206/342)
2021-06-11T16:50:02.0104047Z Resolving deltas:  61% (209/342)
2021-06-11T16:50:02.0104670Z Resolving deltas:  62% (213/342)
2021-06-11T16:50:02.0105278Z Resolving deltas:  63% (216/342)
2021-06-11T16:50:02.0105892Z Resolving deltas:  64% (219/342)
2021-06-11T16:50:02.0106489Z Resolving deltas:  65% (223/342)
2021-06-11T16:50:02.0108289Z Resolving deltas:  66% (226/342)
2021-06-11T16:50:02.0110042Z Resolving deltas:  67% (230/342)
2021-06-11T16:50:02.0110577Z Resolving deltas:  68% (233/342)
2021-06-11T16:50:02.0111039Z Resolving deltas:  69% (236/342)
2021-06-11T16:50:02.0111818Z Resolving deltas:  70% (240/342)
2021-06-11T16:50:02.0112455Z Resolving deltas:  71% (243/342)
2021-06-11T16:50:02.0113247Z Resolving deltas:  72% (247/342)
2021-06-11T16:50:02.0113851Z Resolving deltas:  73% (250/342)
2021-06-11T16:50:02.0114454Z Resolving deltas:  74% (254/342)
2021-06-11T16:50:02.0115515Z Resolving deltas:  75% (257/342)
2021-06-11T16:50:02.0117360Z Resolving deltas:  76% (260/342)
2021-06-11T16:50:02.0117877Z Resolving deltas:  77% (264/342)
2021-06-11T16:50:02.0118503Z Resolving deltas:  78% (267/342)
2021-06-11T16:50:02.0119277Z Resolving deltas:  79% (271/342)
2021-06-11T16:50:02.0120896Z Resolving deltas:  80% (274/342)
2021-06-11T16:50:02.0121807Z Resolving deltas:  81% (278/342)
2021-06-11T16:50:02.0125672Z Resolving deltas:  82% (281/342)
2021-06-11T16:50:02.0130596Z Resolving deltas:  83% (284/342)
2021-06-11T16:50:02.0133648Z Resolving deltas:  84% (288/342)
2021-06-11T16:50:02.0137746Z Resolving deltas:  85% (291/342)
2021-06-11T16:50:02.0140792Z Resolving deltas:  86% (295/342)
2021-06-11T16:50:02.0143824Z Resolving deltas:  87% (298/342)
2021-06-11T16:50:02.0145728Z Resolving deltas:  88% (301/342)
2021-06-11T16:50:02.0147325Z Resolving deltas:  89% (305/342)
2021-06-11T16:50:02.0149467Z Resolving deltas:  90% (308/342)
2021-06-11T16:50:02.0152027Z Resolving deltas:  91% (312/342)
2021-06-11T16:50:02.0154200Z Resolving deltas:  92% (315/342)
2021-06-11T16:50:02.0155911Z Resolving deltas:  93% (319/342)
2021-06-11T16:50:02.0159073Z Resolving deltas:  94% (322/342)
2021-06-11T16:50:02.0164618Z Resolving deltas:  95% (325/342)
2021-06-11T16:50:02.0167729Z Resolving deltas:  96% (329/342)
2021-06-11T16:50:02.0168206Z Resolving deltas:  97% (332/342)
2021-06-11T16:50:02.0168666Z Resolving deltas:  98% (336/342)
2021-06-11T16:50:02.0169110Z Resolving deltas:  99% (339/342)
2021-06-11T16:50:02.0169568Z Resolving deltas: 100% (342/342)
2021-06-11T16:50:02.0170038Z Resolving deltas: 100% (342/342), done.
2021-06-11T16:50:02.0328458Z From https://github.com/con/tinuous
2021-06-11T16:50:02.0330160Z  * [new branch]      gh-55                                    -> origin/gh-55
2021-06-11T16:50:02.0331947Z  * [new branch]      master                                   -> origin/master
2021-06-11T16:50:02.0333107Z  * [new branch]      new-since                                -> origin/new-since
2021-06-11T16:50:02.0334506Z  * [new branch]      test-appveyor                            -> origin/test-appveyor
2021-06-11T16:50:02.0335913Z  * [new tag]         0.1.0                                    -> 0.1.0
2021-06-11T16:50:02.0336830Z  * [new tag]         0.2.0                                    -> 0.2.0
2021-06-11T16:50:02.0337939Z  * [new ref]         8f41048990796963ceca673dcfd414756aed1a94 -> pull/102/merge
2021-06-11T16:50:02.0356358Z ##[endgroup]
2021-06-11T16:50:02.0356911Z ##[group]Determining the checkout info
2021-06-11T16:50:02.0358264Z ##[endgroup]
2021-06-11T16:50:02.0358746Z ##[group]Checking out the ref
2021-06-11T16:50:02.0363920Z [command]/usr/bin/git checkout --progress --force refs/remotes/pull/102/merge
2021-06-11T16:50:02.0422375Z Note: switching to 'refs/remotes/pull/102/merge'.
2021-06-11T16:50:02.0423094Z 
2021-06-11T16:50:02.0424155Z You are in 'detached HEAD' state. You can look around, make experimental
2021-06-11T16:50:02.0425366Z changes and commit them, and you can discard any commits you make in this
2021-06-11T16:50:02.0426298Z state without impacting any branches by switching back to a branch.
2021-06-11T16:50:02.0426901Z 
2021-06-11T16:50:02.0427839Z If you want to create a new branch to retain commits you create, you may
2021-06-11T16:50:02.0429173Z do so (now or later) by using -c with the switch command. Example:
2021-06-11T16:50:02.0430277Z 
2021-06-11T16:50:02.0431157Z   git switch -c <new-branch-name>
2021-06-11T16:50:02.0431706Z 
2021-06-11T16:50:02.0432253Z Or undo this operation with:
2021-06-11T16:50:02.0432711Z 
2021-06-11T16:50:02.0433403Z   git switch -
2021-06-11T16:50:02.0433856Z 
2021-06-11T16:50:02.0434822Z Turn off this advice by setting config variable advice.detachedHead to false
2021-06-11T16:50:02.0435534Z 
2021-06-11T16:50:02.0436551Z HEAD is now at 8f41048 Merge 0249d52b20de4e288839c5027d3b976dc2d5a8b8 into 3bce3d1841a982857172429c0b685b8e860ad834
2021-06-11T16:50:02.0437695Z ##[endgroup]
2021-06-11T16:50:02.0477570Z [command]/usr/bin/git log -1 --format='%H'
2021-06-11T16:50:02.0502769Z '8f41048990796963ceca673dcfd414756aed1a94'
2021-06-11T16:50:02.0644373Z ##[group]Run actions/setup-python@v2
2021-06-11T16:50:02.0644877Z with:
2021-06-11T16:50:02.0645594Z   python-version: 3.9
2021-06-11T16:50:02.0646508Z   token: ***
2021-06-11T16:50:02.0646886Z ##[endgroup]
2021-06-11T16:50:02.1306706Z Successfully setup CPython (3.9.5)
2021-06-11T16:50:02.1464852Z ##[group]Run python -m pip install --upgrade pip wheel
2021-06-11T16:50:02.1465582Z [36;1mpython -m pip install --upgrade pip wheel[0m
2021-06-11T16:50:02.1466277Z [36;1mpython -m pip install --upgrade --upgrade-strategy=eager tox[0m
2021-06-11T16:50:02.1511783Z shell: /usr/bin/bash -e {0}
2021-06-11T16:50:02.1512142Z env:
2021-06-11T16:50:02.1512645Z   pythonLocation: /opt/hostedtoolcache/Python/3.9.5/x64
2021-06-11T16:50:02.1513315Z   LD_LIBRARY_PATH: /opt/hostedtoolcache/Python/3.9.5/x64/lib
2021-06-11T16:50:02.1513821Z ##[endgroup]
2021-06-11T16:50:04.6973281Z Requirement already satisfied: pip in /opt/hostedtoolcache/Python/3.9.5/x64/lib/python3.9/site-packages (21.1.2)
2021-06-11T16:50:04.9414048Z Collecting wheel
2021-06-11T16:50:04.9755576Z   Downloading wheel-0.36.2-py2.py3-none-any.whl (35 kB)
2021-06-11T16:50:05.0502331Z Installing collected packages: wheel
2021-06-11T16:50:05.0892354Z Successfully installed wheel-0.36.2
2021-06-11T16:50:05.8466377Z Collecting tox
2021-06-11T16:50:05.8801111Z   Downloading tox-3.23.1-py2.py3-none-any.whl (85 kB)
2021-06-11T16:50:06.1448831Z Collecting virtualenv!=20.0.0,!=20.0.1,!=20.0.2,!=20.0.3,!=20.0.4,!=20.0.5,!=20.0.6,!=20.0.7,>=16.0.0
2021-06-11T16:50:06.1532349Z   Downloading virtualenv-20.4.7-py2.py3-none-any.whl (7.2 MB)
2021-06-11T16:50:06.4593569Z Collecting pluggy>=0.12.0
2021-06-11T16:50:06.4680934Z   Downloading pluggy-0.13.1-py2.py3-none-any.whl (18 kB)
2021-06-11T16:50:06.5270414Z Collecting packaging>=14
2021-06-11T16:50:06.5351488Z   Downloading packaging-20.9-py2.py3-none-any.whl (40 kB)
2021-06-11T16:50:06.5642496Z Collecting toml>=0.9.4
2021-06-11T16:50:06.5734069Z   Downloading toml-0.10.2-py2.py3-none-any.whl (16 kB)
2021-06-11T16:50:06.6034768Z Collecting filelock>=3.0.0
2021-06-11T16:50:06.6111756Z   Downloading filelock-3.0.12-py3-none-any.whl (7.6 kB)
2021-06-11T16:50:06.6497842Z Collecting six>=1.14.0
2021-06-11T16:50:06.6576623Z   Downloading six-1.16.0-py2.py3-none-any.whl (11 kB)
2021-06-11T16:50:06.7197472Z Collecting py>=1.4.17
2021-06-11T16:50:06.7282206Z   Downloading py-1.10.0-py2.py3-none-any.whl (97 kB)
2021-06-11T16:50:06.8194684Z Collecting pyparsing>=2.0.2
2021-06-11T16:50:06.8276399Z   Downloading pyparsing-2.4.7-py2.py3-none-any.whl (67 kB)
2021-06-11T16:50:06.9129422Z Collecting appdirs<2,>=1.4.3
2021-06-11T16:50:06.9206038Z   Downloading appdirs-1.4.4-py2.py3-none-any.whl (9.6 kB)
2021-06-11T16:50:06.9507446Z Collecting distlib<1,>=0.3.1
2021-06-11T16:50:06.9594874Z   Downloading distlib-0.3.2-py2.py3-none-any.whl (338 kB)
2021-06-11T16:50:07.0830214Z Installing collected packages: six, pyparsing, filelock, distlib, appdirs, virtualenv, toml, py, pluggy, packaging, tox
2021-06-11T16:50:07.7288220Z Successfully installed appdirs-1.4.4 distlib-0.3.2 filelock-3.0.12 packaging-20.9 pluggy-0.13.1 py-1.10.0 pyparsing-2.4.7 six-1.16.0 toml-0.10.2 tox-3.23.1 virtualenv-20.4.7
2021-06-11T16:50:07.8129905Z ##[group]Run tox -e py -- --cov-report=xml
2021-06-11T16:50:07.8130615Z [36;1mtox -e py -- --cov-report=xml[0m
2021-06-11T16:50:07.8171550Z shell: /usr/bin/bash -e {0}
2021-06-11T16:50:07.8171938Z env:
2021-06-11T16:50:07.8172463Z   pythonLocation: /opt/hostedtoolcache/Python/3.9.5/x64
2021-06-11T16:50:07.8173195Z   LD_LIBRARY_PATH: /opt/hostedtoolcache/Python/3.9.5/x64/lib
2021-06-11T16:50:07.8173723Z ##[endgroup]
2021-06-11T16:50:08.1339344Z .package create: /home/runner/work/tinuous/tinuous/.tox/.package
2021-06-11T16:50:09.4511880Z .package installdeps: setuptools >= 46.4.0, wheel ~= 0.32
2021-06-11T16:50:13.0203751Z py create: /home/runner/work/tinuous/tinuous/.tox/py
2021-06-11T16:50:13.3355850Z py installdeps: pytest~=6.0, pytest-cov~=2.0, pytest-mock~=3.0
2021-06-11T16:50:17.0855338Z py inst: /home/runner/work/tinuous/tinuous/.tox/.tmp/package/1/tinuous-0.2.0+72.g8f41048.tar.gz
2021-06-11T16:50:28.3529665Z py installed: attrs==21.2.0,certifi==2021.5.30,cffi==1.14.5,chardet==4.0.0,click==8.0.1,click-loglevel==0.4.0.post1,coverage==5.5,Deprecated==1.2.12,idna==2.10,in-place==0.5.0,iniconfig==1.1.1,packaging==20.9,pluggy==0.13.1,py==1.10.0,pycparser==2.20,pydantic==1.8.2,PyGithub==1.55,PyJWT==2.1.0,PyNaCl==1.4.0,pyparsing==2.4.7,pytest==6.2.4,pytest-cov==2.12.1,pytest-mock==3.6.1,python-dateutil==2.8.1,python-dotenv==0.17.1,PyYAML==5.4.1,requests==2.25.1,six==1.16.0,tinuous @ file:///home/runner/work/tinuous/tinuous/.tox/.tmp/package/1/tinuous-0.2.0%2B72.g8f41048.tar.gz,toml==0.10.2,typing-extensions==3.10.0.0,urllib3==1.26.5,wrapt==1.12.1
2021-06-11T16:50:28.3533104Z py run-test-pre: PYTHONHASHSEED='365563647'
2021-06-11T16:50:28.3534061Z py run-test: commands[0] | tinuous --help
2021-06-11T16:50:28.6832377Z Usage: tinuous [OPTIONS] COMMAND [ARGS]...
2021-06-11T16:50:28.6833872Z 
2021-06-11T16:50:28.6834985Z   Download build logs from GitHub Actions, Travis, and Appveyor
2021-06-11T16:50:28.6836133Z 
2021-06-11T16:50:28.6837997Z Options:
2021-06-11T16:50:28.6839238Z   -V, --version                   Show the version and exit.
2021-06-11T16:50:28.6840422Z   -c, --config FILE               Read configuration from the given file
2021-06-11T16:50:28.6841233Z                                   [default: tinuous.yaml]
2021-06-11T16:50:28.6842215Z   -E, --env FILE                  Load environment variables from given .env
2021-06-11T16:50:28.6842846Z                                   file
2021-06-11T16:50:28.6843635Z   -l, --log-level [NOTSET|DEBUG|INFO|WARNING|ERROR|CRITICAL]
2021-06-11T16:50:28.6844309Z                                   Set logging level  [default: 20]
2021-06-11T16:50:28.6845109Z   --help                          Show this message and exit.
2021-06-11T16:50:28.6845484Z 
2021-06-11T16:50:28.6845900Z Commands:
2021-06-11T16:50:28.6846352Z   fetch     Download logs
2021-06-11T16:50:28.6846859Z   sanitize  Sanitize secrets in logs
2021-06-11T16:50:28.7232057Z py run-test: commands[1] | pytest --cov-report=xml test
2021-06-11T16:50:30.1490732Z ============================= test session starts ==============================
2021-06-11T16:50:30.1493098Z platform linux -- Python 3.9.5, pytest-6.2.4, py-1.10.0, pluggy-0.13.1
2021-06-11T16:50:30.1494468Z cachedir: .tox/py/.pytest_cache
2021-06-11T16:50:30.1495451Z rootdir: /home/runner/work/tinuous/tinuous, configfile: tox.ini
2021-06-11T16:50:30.1497835Z plugins: cov-2.12.1, mock-3.6.1
2021-06-11T16:50:30.1498880Z collected 38 items
2021-06-11T16:50:30.1499432Z 
2021-06-11T16:50:30.1761924Z test/test_config.py ........                                             [ 21%]
2021-06-11T16:50:30.2044581Z test/test_state.py ........                                              [ 42%]
2021-06-11T16:50:30.4409191Z test/test_util.py ......................                                 [100%]
2021-06-11T16:50:30.4410008Z 
2021-06-11T16:50:30.4411209Z ----------- coverage: platform linux, python 3.9.5-final-0 -----------
2021-06-11T16:50:30.4411882Z Coverage XML written to file coverage.xml
2021-06-11T16:50:30.4412242Z 
2021-06-11T16:50:30.4412691Z 
2021-06-11T16:50:30.4413079Z ============================== 38 passed in 0.83s ==============================
2021-06-11T16:50:30.4922979Z ___________________________________ summary ____________________________________
2021-06-11T16:50:30.4923485Z   py: commands succeeded
2021-06-11T16:50:30.4923960Z   congratulations :)
2021-06-11T16:50:30.5280171Z ##[group]Run codecov/codecov-action@v1
2021-06-11T16:50:30.5280847Z with:
2021-06-11T16:50:30.5281204Z   fail_ci_if_error: false
2021-06-11T16:50:30.5281582Z env:
2021-06-11T16:50:30.5282092Z   pythonLocation: /opt/hostedtoolcache/Python/3.9.5/x64
2021-06-11T16:50:30.5282818Z   LD_LIBRARY_PATH: /opt/hostedtoolcache/Python/3.9.5/x64/lib
2021-06-11T16:50:30.5283980Z ##[endgroup]
2021-06-11T16:50:30.5979290Z [command]/usr/bin/bash codecov.sh -n  -F  -Q github-action-v1.5.2 -C 0249d52b20de4e288839c5027d3b976dc2d5a8b8
2021-06-11T16:50:30.6067070Z 
2021-06-11T16:50:30.6067911Z   _____          _
2021-06-11T16:50:30.6068304Z  / ____|        | |
2021-06-11T16:50:30.6068640Z | |     ___   __| | ___  ___ _____   __
2021-06-11T16:50:30.6068999Z | |    / _ \ / _` |/ _ \/ __/ _ \ \ / /
2021-06-11T16:50:30.6069337Z | |___| (_) | (_| |  __/ (_| (_) \ V /
2021-06-11T16:50:30.6069960Z  \_____\___/ \__,_|\___|\___\___/ \_/
2021-06-11T16:50:30.6070771Z                               Bash-1.0.3
2021-06-11T16:50:30.6071149Z 
2021-06-11T16:50:30.6071364Z 
2021-06-11T16:50:30.6093595Z [0;36m==>[0m git version 2.31.1 found
2021-06-11T16:50:30.6218383Z [0;36m==>[0m curl 7.68.0 (x86_64-pc-linux-gnu) libcurl/7.68.0 OpenSSL/1.1.1f zlib/1.2.11 brotli/1.0.7 libidn2/2.2.0 libpsl/0.21.0 (+libidn2/2.2.0) libssh/0.9.3/openssl/zlib nghttp2/1.40.0 librtmp/2.3
2021-06-11T16:50:30.6219801Z Release-Date: 2020-01-08
2021-06-11T16:50:30.6220620Z Protocols: dict file ftp ftps gopher http https imap imaps ldap ldaps pop3 pop3s rtmp rtsp scp sftp smb smbs smtp smtps telnet tftp 
2021-06-11T16:50:30.6222059Z Features: AsynchDNS brotli GSS-API HTTP2 HTTPS-proxy IDN IPv6 Kerberos Largefile libz NTLM NTLM_WB PSL SPNEGO SSL TLS-SRP UnixSockets
2021-06-11T16:50:30.6223098Z [0;90m==>[0m GitHub Actions detected.
2021-06-11T16:50:30.6223537Z     Env vars used:
2021-06-11T16:50:30.6225357Z       -> GITHUB_ACTIONS:    true
2021-06-11T16:50:30.6227791Z       -> GITHUB_HEAD_REF:   new-since
2021-06-11T16:50:30.6229015Z       -> GITHUB_REF:        refs/pull/102/merge
2021-06-11T16:50:30.6230713Z       -> GITHUB_REPOSITORY: con/tinuous
2021-06-11T16:50:30.6231702Z       -> GITHUB_RUN_ID:     929241871
2021-06-11T16:50:30.6232789Z       -> GITHUB_SHA:        8f41048990796963ceca673dcfd414756aed1a94
2021-06-11T16:50:30.6233880Z       -> GITHUB_WORKFLOW:   Test
2021-06-11T16:50:30.6419414Z     [0;90mproject root:[0m .
2021-06-11T16:50:30.6483817Z     [0;90mYaml found at:[0m codecov.yml
2021-06-11T16:50:30.6931389Z [0;90m==>[0m Running gcov in . [0;90m(disable via -X gcov)[0m
2021-06-11T16:50:30.7089804Z [0;90m==>[0m Searching for coverage reports in:
2021-06-11T16:50:30.7090926Z     [0;32m+[0m .
2021-06-11T16:50:30.7164011Z     [0;90m->[0m Found 1 reports
2021-06-11T16:50:30.7167021Z [0;90m==>[0m Detecting git/mercurial file structure
2021-06-11T16:50:30.7243373Z [0;90m==>[0m Reading reports
2021-06-11T16:50:30.7315803Z     [0;32m+[0m ./coverage.xml [0;90mbytes=42717[0m
2021-06-11T16:50:30.7345921Z [0;90m==>[0m Appending adjustments
2021-06-11T16:50:30.7347136Z     [0;36mhttps://docs.codecov.io/docs/fixing-reports[0m
2021-06-11T16:50:30.7444964Z     [0;90m->[0m No adjustments found
2021-06-11T16:50:30.7447699Z [0;90m==>[0m Gzipping contents
2021-06-11T16:50:30.8099751Z         4.0K	/tmp/codecov.Fo3Fnw.gz
2021-06-11T16:50:30.8123002Z [0;90m==>[0m Uploading reports
2021-06-11T16:50:30.8124191Z     [0;90murl:[0m https://codecov.io
2021-06-11T16:50:30.8126502Z     [0;90mquery:[0m branch=new-since&commit=0249d52b20de4e288839c5027d3b976dc2d5a8b8&build=929241871&build_url=http%3A%2F%2Fgithub.com%2Fcon%2Ftinuous%2Factions%2Fruns%2F929241871&name=&tag=&slug=con%2Ftinuous&service=github-actions&flags=&pr=102&job=Test&cmd_args=n,F,Q,C
2021-06-11T16:50:30.8165074Z [0;90m->[0m  Pinging Codecov
2021-06-11T16:50:30.8167877Z https://codecov.io/upload/v4?package=github-action-v1.5.2-1.0.3&token=secret&branch=new-since&commit=0249d52b20de4e288839c5027d3b976dc2d5a8b8&build=929241871&build_url=http%3A%2F%2Fgithub.com%2Fcon%2Ftinuous%2Factions%2Fruns%2F929241871&name=&tag=&slug=con%2Ftinuous&service=github-actions&flags=&pr=102&job=Test&cmd_args=n,F,Q,C
2021-06-11T16:50:31.3447793Z [0;90m->[0m  Uploading to
2021-06-11T16:50:31.3452476Z https://storage.googleapis.com/codecov/v4/raw/2021-06-11/0010CBA6D851417C00BB0BC3FC5895F9/0249d52b20de4e288839c5027d3b976dc2d5a8b8/b1891f8f-aa11-49a0-971d-289391e4f22c.txt?X-Amz-Algorithm=AWS4-HMAC-SHA256&X-Amz-Credential=GOOG1EKKHVKCKHW7KBCGM7IHR55T63V2PAVJWLVFNITJHDU5G6R5IRN3LMWJA%2F20210611%2FUS%2Fs3%2Faws4_request&X-Amz-Date=20210611T165031Z&X-Amz-Expires=10&X-Amz-SignedHeaders=host&X-Amz-Signature=cdaeaa752a35d59149e4c8ee6984166b7033ec7e86afdbb1039e1d314f709a5a
2021-06-11T16:50:31.3539040Z   % Total    % Received % Xferd  Average Speed   Time    Time     Time  Current
2021-06-11T16:50:31.3540255Z                                  Dload  Upload   Total   Spent    Left  Speed
2021-06-11T16:50:31.3544887Z 
2021-06-11T16:50:31.5413234Z   0     0    0     0    0     0      0      0 --:--:-- --:--:-- --:--:--     0
2021-06-11T16:50:31.5414548Z 100  3570    0     0  100  3570      0  19090 --:--:-- --:--:-- --:--:-- 18989
2021-06-11T16:50:31.5417604Z 100  3570    0     0  100  3570      0  19090 --:--:-- --:--:-- --:--:-- 18989
2021-06-11T16:50:31.5471727Z     [0;32m->[0m Reports have been successfully queued for processing at [0;36mhttps://codecov.io/github/con/tinuous/commit/0249d52b20de4e288839c5027d3b976dc2d5a8b8[0m
2021-06-11T16:50:31.5668797Z Post job cleanup.
2021-06-11T16:50:31.6836158Z [command]/usr/bin/git version
2021-06-11T16:50:31.6888048Z git version 2.31.1
2021-06-11T16:50:31.6943884Z [command]/usr/bin/git config --local --name-only --get-regexp core\.sshCommand
2021-06-11T16:50:31.6979387Z [command]/usr/bin/git submodule foreach --recursive git config --local --name-only --get-regexp 'core\.sshCommand' && git config --local --unset-all 'core.sshCommand' || :
2021-06-11T16:50:31.7233288Z [command]/usr/bin/git config --local --name-only --get-regexp http\.https\:\/\/github\.com\/\.extraheader
2021-06-11T16:50:31.7255782Z http.https://github.com/.extraheader
2021-06-11T16:50:31.7267435Z [command]/usr/bin/git config --local --unset-all http.https://github.com/.extraheader
2021-06-11T16:50:31.7299474Z [command]/usr/bin/git submodule foreach --recursive git config --local --name-only --get-regexp 'http\.https\:\/\/github\.com\/\.extraheader' && git config --local --unset-all 'http.https://github.com/.extraheader' || :
2021-06-11T16:50:31.7627896Z Cleaning up orphan processes
