2021-06-09T12:54:40.1809137Z ##[section]Starting: Request a runner to run this job
2021-06-09T12:54:40.6402320Z Can't find any online and idle self-hosted runner in current repository that matches the required labels: 'ubuntu-latest'
2021-06-09T12:54:40.6402427Z Can't find any online and idle self-hosted runner in current repository's account/organization that matches the required labels: 'ubuntu-latest'
2021-06-09T12:54:40.6402633Z Found online and idle hosted runner in current repository's account/organization that matches the required labels: 'ubuntu-latest'
2021-06-09T12:54:40.7831708Z ##[section]Finishing: Request a runner to run this job
2021-06-09T12:54:48.7455408Z Current runner version: '2.278.0'
2021-06-09T12:54:48.7480096Z ##[group]Operating System
2021-06-09T12:54:48.7481119Z Ubuntu
2021-06-09T12:54:48.7481540Z 20.04.2
2021-06-09T12:54:48.7481996Z LTS
2021-06-09T12:54:48.7482434Z ##[endgroup]
2021-06-09T12:54:48.7483025Z ##[group]Virtual Environment
2021-06-09T12:54:48.7483666Z Environment: ubuntu-20.04
2021-06-09T12:54:48.7484232Z Version: 20210606.1
2021-06-09T12:54:48.7485178Z Included Software: https://github.com/actions/virtual-environments/blob/ubuntu20/20210606.1/images/linux/Ubuntu2004-README.md
2021-06-09T12:54:48.7486501Z Image Release: https://github.com/actions/virtual-environments/releases/tag/ubuntu20%2F20210606.1
2021-06-09T12:54:48.7487383Z ##[endgroup]
2021-06-09T12:54:48.7489380Z ##[group]GITHUB_TOKEN Permissions
2021-06-09T12:54:48.7490922Z Actions: write
2021-06-09T12:54:48.7491526Z Checks: write
2021-06-09T12:54:48.7492077Z Contents: write
2021-06-09T12:54:48.7492752Z Deployments: write
2021-06-09T12:54:48.7493479Z Discussions: write
2021-06-09T12:54:48.7494238Z Issues: write
2021-06-09T12:54:48.7494752Z Metadata: read
2021-06-09T12:54:48.7495468Z Packages: write
2021-06-09T12:54:48.7496150Z PullRequests: write
2021-06-09T12:54:48.7496779Z RepositoryProjects: write
2021-06-09T12:54:48.7497375Z SecurityEvents: write
2021-06-09T12:54:48.7498016Z Statuses: write
2021-06-09T12:54:48.7498612Z ##[endgroup]
2021-06-09T12:54:48.7501646Z Prepare workflow directory
2021-06-09T12:54:48.8135081Z Prepare all required actions
2021-06-09T12:54:48.8154339Z Getting action download info
2021-06-09T12:54:49.3030654Z Download action repository 'actions/checkout@v2'
2021-06-09T12:54:51.3577833Z Download action repository 'actions/setup-python@v2'
2021-06-09T12:54:51.7962299Z Download action repository 'codecov/codecov-action@v1'
2021-06-09T12:54:52.4172184Z ##[group]Run actions/checkout@v2
2021-06-09T12:54:52.4172781Z with:
2021-06-09T12:54:52.4173122Z   fetch-depth: 0
2021-06-09T12:54:52.4173526Z   repository: con/tinuous
2021-06-09T12:54:52.4174304Z   token: ***
2021-06-09T12:54:52.4174683Z   ssh-strict: true
2021-06-09T12:54:52.4175124Z   persist-credentials: true
2021-06-09T12:54:52.4175560Z   clean: true
2021-06-09T12:54:52.4175869Z   lfs: false
2021-06-09T12:54:52.4176221Z   submodules: false
2021-06-09T12:54:52.4176591Z ##[endgroup]
2021-06-09T12:54:53.3509125Z Syncing repository: con/tinuous
2021-06-09T12:54:53.3510896Z ##[group]Getting Git version info
2021-06-09T12:54:53.3512187Z Working directory is '/home/runner/work/tinuous/tinuous'
2021-06-09T12:54:53.3513149Z [command]/usr/bin/git version
2021-06-09T12:54:53.3513625Z git version 2.31.1
2021-06-09T12:54:53.3514912Z ##[endgroup]
2021-06-09T12:54:53.3515953Z Deleting the contents of '/home/runner/work/tinuous/tinuous'
2021-06-09T12:54:53.3518066Z ##[group]Initializing the repository
2021-06-09T12:54:53.3519058Z [command]/usr/bin/git init /home/runner/work/tinuous/tinuous
2021-06-09T12:54:53.3520490Z hint: Using 'master' as the name for the initial branch. This default branch name
2021-06-09T12:54:53.3521487Z hint: is subject to change. To configure the initial branch name to use in all
2021-06-09T12:54:53.3522472Z hint: of your new repositories, which will suppress this warning, call:
2021-06-09T12:54:53.3523281Z hint: 
2021-06-09T12:54:53.3524228Z hint: 	git config --global init.defaultBranch <name>
2021-06-09T12:54:53.3524880Z hint: 
2021-06-09T12:54:53.3525698Z hint: Names commonly chosen instead of 'master' are 'main', 'trunk' and
2021-06-09T12:54:53.3526808Z hint: 'development'. The just-created branch can be renamed via this command:
2021-06-09T12:54:53.3527518Z hint: 
2021-06-09T12:54:53.3528166Z hint: 	git branch -m <name>
2021-06-09T12:54:53.3528928Z Initialized empty Git repository in /home/runner/work/tinuous/tinuous/.git/
2021-06-09T12:54:53.3529845Z [command]/usr/bin/git remote add origin https://github.com/con/tinuous
2021-06-09T12:54:53.3530589Z ##[endgroup]
2021-06-09T12:54:53.3531223Z ##[group]Disabling automatic garbage collection
2021-06-09T12:54:53.3532139Z [command]/usr/bin/git config --local gc.auto 0
2021-06-09T12:54:53.3533092Z ##[endgroup]
2021-06-09T12:54:53.3534866Z ##[group]Setting up auth
2021-06-09T12:54:53.3535917Z [command]/usr/bin/git config --local --name-only --get-regexp core\.sshCommand
2021-06-09T12:54:53.3537492Z [command]/usr/bin/git submodule foreach --recursive git config --local --name-only --get-regexp 'core\.sshCommand' && git config --local --unset-all 'core.sshCommand' || :
2021-06-09T12:54:53.3539069Z [command]/usr/bin/git config --local --name-only --get-regexp http\.https\:\/\/github\.com\/\.extraheader
2021-06-09T12:54:53.3540993Z [command]/usr/bin/git submodule foreach --recursive git config --local --name-only --get-regexp 'http\.https\:\/\/github\.com\/\.extraheader' && git config --local --unset-all 'http.https://github.com/.extraheader' || :
2021-06-09T12:54:53.3542892Z [command]/usr/bin/git config --local http.https://github.com/.extraheader AUTHORIZATION: basic ***
2021-06-09T12:54:53.3543833Z ##[endgroup]
2021-06-09T12:54:53.3544419Z ##[group]Fetching the repository
2021-06-09T12:54:53.3546212Z [command]/usr/bin/git -c protocol.version=2 fetch --prune --progress --no-recurse-submodules origin +refs/heads/*:refs/remotes/origin/* +refs/tags/*:refs/tags/*
2021-06-09T12:54:53.3547381Z remote: Enumerating objects: 504, done.        
2021-06-09T12:54:53.3548027Z remote: Counting objects:   0% (1/161)        
2021-06-09T12:54:53.3548627Z remote: Counting objects:   1% (2/161)        
2021-06-09T12:54:53.3549224Z remote: Counting objects:   2% (4/161)        
2021-06-09T12:54:53.3549808Z remote: Counting objects:   3% (5/161)        
2021-06-09T12:54:53.3550399Z remote: Counting objects:   4% (7/161)        
2021-06-09T12:54:53.3550979Z remote: Counting objects:   5% (9/161)        
2021-06-09T12:54:53.3551747Z remote: Counting objects:   6% (10/161)        
2021-06-09T12:54:53.3552427Z remote: Counting objects:   7% (12/161)        
2021-06-09T12:54:53.3553015Z remote: Counting objects:   8% (13/161)        
2021-06-09T12:54:53.3553616Z remote: Counting objects:   9% (15/161)        
2021-06-09T12:54:53.3554225Z remote: Counting objects:  10% (17/161)        
2021-06-09T12:54:53.3554809Z remote: Counting objects:  11% (18/161)        
2021-06-09T12:54:53.3555409Z remote: Counting objects:  12% (20/161)        
2021-06-09T12:54:53.3555988Z remote: Counting objects:  13% (21/161)        
2021-06-09T12:54:53.3556800Z remote: Counting objects:  14% (23/161)        
2021-06-09T12:54:53.3557400Z remote: Counting objects:  15% (25/161)        
2021-06-09T12:54:53.3557981Z remote: Counting objects:  16% (26/161)        
2021-06-09T12:54:53.3558572Z remote: Counting objects:  17% (28/161)        
2021-06-09T12:54:53.3559424Z remote: Counting objects:  18% (29/161)        
2021-06-09T12:54:53.3560080Z remote: Counting objects:  19% (31/161)        
2021-06-09T12:54:53.3560717Z remote: Counting objects:  20% (33/161)        
2021-06-09T12:54:53.3561496Z remote: Counting objects:  21% (34/161)        
2021-06-09T12:54:53.3562140Z remote: Counting objects:  22% (36/161)        
2021-06-09T12:54:53.3562781Z remote: Counting objects:  23% (38/161)        
2021-06-09T12:54:53.3563430Z remote: Counting objects:  24% (39/161)        
2021-06-09T12:54:53.3564073Z remote: Counting objects:  25% (41/161)        
2021-06-09T12:54:53.3564895Z remote: Counting objects:  26% (42/161)        
2021-06-09T12:54:53.3565484Z remote: Counting objects:  27% (44/161)        
2021-06-09T12:54:53.3566072Z remote: Counting objects:  28% (46/161)        
2021-06-09T12:54:53.3566649Z remote: Counting objects:  29% (47/161)        
2021-06-09T12:54:53.3567242Z remote: Counting objects:  30% (49/161)        
2021-06-09T12:54:53.3567820Z remote: Counting objects:  31% (50/161)        
2021-06-09T12:54:53.3568415Z remote: Counting objects:  32% (52/161)        
2021-06-09T12:54:53.3569011Z remote: Counting objects:  33% (54/161)        
2021-06-09T12:54:53.3569593Z remote: Counting objects:  34% (55/161)        
2021-06-09T12:54:53.3570181Z remote: Counting objects:  35% (57/161)        
2021-06-09T12:54:53.3570762Z remote: Counting objects:  36% (58/161)        
2021-06-09T12:54:53.3571547Z remote: Counting objects:  37% (60/161)        
2021-06-09T12:54:53.3572146Z remote: Counting objects:  38% (62/161)        
2021-06-09T12:54:53.3572739Z remote: Counting objects:  39% (63/161)        
2021-06-09T12:54:53.3573327Z remote: Counting objects:  40% (65/161)        
2021-06-09T12:54:53.3573903Z remote: Counting objects:  41% (67/161)        
2021-06-09T12:54:53.3574493Z remote: Counting objects:  42% (68/161)        
2021-06-09T12:54:53.3575088Z remote: Counting objects:  43% (70/161)        
2021-06-09T12:54:53.3575664Z remote: Counting objects:  44% (71/161)        
2021-06-09T12:54:53.3576258Z remote: Counting objects:  45% (73/161)        
2021-06-09T12:54:53.3576856Z remote: Counting objects:  46% (75/161)        
2021-06-09T12:54:53.3577496Z remote: Counting objects:  47% (76/161)        
2021-06-09T12:54:53.3577973Z remote: Counting objects:  48% (78/161)        
2021-06-09T12:54:53.3578657Z remote: Counting objects:  49% (79/161)        
2021-06-09T12:54:53.3579264Z remote: Counting objects:  50% (81/161)        
2021-06-09T12:54:53.3579855Z remote: Counting objects:  51% (83/161)        
2021-06-09T12:54:53.3580435Z remote: Counting objects:  52% (84/161)        
2021-06-09T12:54:53.3581023Z remote: Counting objects:  53% (86/161)        
2021-06-09T12:54:53.3581599Z remote: Counting objects:  54% (87/161)        
2021-06-09T12:54:53.3582184Z remote: Counting objects:  55% (89/161)        
2021-06-09T12:54:53.3582776Z remote: Counting objects:  56% (91/161)        
2021-06-09T12:54:53.3583356Z remote: Counting objects:  57% (92/161)        
2021-06-09T12:54:53.3583949Z remote: Counting objects:  58% (94/161)        
2021-06-09T12:54:53.3584645Z remote: Counting objects:  59% (95/161)        
2021-06-09T12:54:53.3585346Z remote: Counting objects:  60% (97/161)        
2021-06-09T12:54:53.3585943Z remote: Counting objects:  61% (99/161)        
2021-06-09T12:54:53.3586691Z remote: Counting objects:  62% (100/161)        
2021-06-09T12:54:53.3587465Z remote: Counting objects:  63% (102/161)        
2021-06-09T12:54:53.3588095Z remote: Counting objects:  64% (104/161)        
2021-06-09T12:54:53.3588887Z remote: Counting objects:  65% (105/161)        
2021-06-09T12:54:53.3589536Z remote: Counting objects:  66% (107/161)        
2021-06-09T12:54:53.3590183Z remote: Counting objects:  67% (108/161)        
2021-06-09T12:54:53.3590819Z remote: Counting objects:  68% (110/161)        
2021-06-09T12:54:53.3591467Z remote: Counting objects:  69% (112/161)        
2021-06-09T12:54:53.3592189Z remote: Counting objects:  70% (113/161)        
2021-06-09T12:54:53.3592780Z remote: Counting objects:  71% (115/161)        
2021-06-09T12:54:53.3593367Z remote: Counting objects:  72% (116/161)        
2021-06-09T12:54:53.3593955Z remote: Counting objects:  73% (118/161)        
2021-06-09T12:54:53.3594544Z remote: Counting objects:  74% (120/161)        
2021-06-09T12:54:53.3595114Z remote: Counting objects:  75% (121/161)        
2021-06-09T12:54:53.3595717Z remote: Counting objects:  76% (123/161)        
2021-06-09T12:54:53.3596450Z remote: Counting objects:  77% (124/161)        
2021-06-09T12:54:53.3597059Z remote: Counting objects:  78% (126/161)        
2021-06-09T12:54:53.3597652Z remote: Counting objects:  79% (128/161)        
2021-06-09T12:54:53.3598228Z remote: Counting objects:  80% (129/161)        
2021-06-09T12:54:53.3598815Z remote: Counting objects:  81% (131/161)        
2021-06-09T12:54:53.3599404Z remote: Counting objects:  82% (133/161)        
2021-06-09T12:54:53.3599980Z remote: Counting objects:  83% (134/161)        
2021-06-09T12:54:53.3600569Z remote: Counting objects:  84% (136/161)        
2021-06-09T12:54:53.3601157Z remote: Counting objects:  85% (137/161)        
2021-06-09T12:54:53.3601742Z remote: Counting objects:  86% (139/161)        
2021-06-09T12:54:53.3602339Z remote: Counting objects:  87% (141/161)        
2021-06-09T12:54:53.3602924Z remote: Counting objects:  88% (142/161)        
2021-06-09T12:54:53.3603686Z remote: Counting objects:  89% (144/161)        
2021-06-09T12:54:53.3604283Z remote: Counting objects:  90% (145/161)        
2021-06-09T12:54:53.3604866Z remote: Counting objects:  91% (147/161)        
2021-06-09T12:54:53.3605458Z remote: Counting objects:  92% (149/161)        
2021-06-09T12:54:53.3606030Z remote: Counting objects:  93% (150/161)        
2021-06-09T12:54:53.3606624Z remote: Counting objects:  94% (152/161)        
2021-06-09T12:54:53.3607216Z remote: Counting objects:  95% (153/161)        
2021-06-09T12:54:53.3607792Z remote: Counting objects:  96% (155/161)        
2021-06-09T12:54:53.3608383Z remote: Counting objects:  97% (157/161)        
2021-06-09T12:54:53.3609876Z remote: Counting objects:  98% (158/161)        
2021-06-09T12:54:53.3610597Z remote: Counting objects:  99% (160/161)        
2021-06-09T12:54:53.3611288Z remote: Counting objects: 100% (161/161)        
2021-06-09T12:54:53.3612091Z remote: Counting objects: 100% (161/161), done.        
2021-06-09T12:54:53.3612921Z remote: Compressing objects:   1% (1/85)        
2021-06-09T12:54:53.3613689Z remote: Compressing objects:   2% (2/85)        
2021-06-09T12:54:53.3614315Z remote: Compressing objects:   3% (3/85)        
2021-06-09T12:54:53.3614945Z remote: Compressing objects:   4% (4/85)        
2021-06-09T12:54:53.3615565Z remote: Compressing objects:   5% (5/85)        
2021-06-09T12:54:53.3616199Z remote: Compressing objects:   7% (6/85)        
2021-06-09T12:54:53.3616825Z remote: Compressing objects:   8% (7/85)        
2021-06-09T12:54:53.3617571Z remote: Compressing objects:   9% (8/85)        
2021-06-09T12:54:53.3618463Z remote: Compressing objects:  10% (9/85)        
2021-06-09T12:54:53.3619215Z remote: Compressing objects:  11% (10/85)        
2021-06-09T12:54:53.3620000Z remote: Compressing objects:  12% (11/85)        
2021-06-09T12:54:53.3620973Z remote: Compressing objects:  14% (12/85)        
2021-06-09T12:54:53.3621656Z remote: Compressing objects:  15% (13/85)        
2021-06-09T12:54:53.3622352Z remote: Compressing objects:  16% (14/85)        
2021-06-09T12:54:53.3623046Z remote: Compressing objects:  17% (15/85)        
2021-06-09T12:54:53.3623732Z remote: Compressing objects:  18% (16/85)        
2021-06-09T12:54:53.3624533Z remote: Compressing objects:  20% (17/85)        
2021-06-09T12:54:53.3625286Z remote: Compressing objects:  21% (18/85)        
2021-06-09T12:54:53.3625920Z remote: Compressing objects:  22% (19/85)        
2021-06-09T12:54:53.3626553Z remote: Compressing objects:  23% (20/85)        
2021-06-09T12:54:53.3627165Z remote: Compressing objects:  24% (21/85)        
2021-06-09T12:54:53.3627899Z remote: Compressing objects:  25% (22/85)        
2021-06-09T12:54:53.3628811Z remote: Compressing objects:  27% (23/85)        
2021-06-09T12:54:53.3629535Z remote: Compressing objects:  28% (24/85)        
2021-06-09T12:54:53.3630265Z remote: Compressing objects:  29% (25/85)        
2021-06-09T12:54:53.3630931Z remote: Compressing objects:  30% (26/85)        
2021-06-09T12:54:53.3631662Z remote: Compressing objects:  31% (27/85)        
2021-06-09T12:54:53.3632422Z remote: Compressing objects:  32% (28/85)        
2021-06-09T12:54:53.3633106Z remote: Compressing objects:  34% (29/85)        
2021-06-09T12:54:53.3633816Z remote: Compressing objects:  35% (30/85)        
2021-06-09T12:54:53.3634470Z remote: Compressing objects:  36% (31/85)        
2021-06-09T12:54:53.3635184Z remote: Compressing objects:  37% (32/85)        
2021-06-09T12:54:53.3635953Z remote: Compressing objects:  38% (33/85)        
2021-06-09T12:54:53.3636809Z remote: Compressing objects:  40% (34/85)        
2021-06-09T12:54:53.3637542Z remote: Compressing objects:  41% (35/85)        
2021-06-09T12:54:53.3638284Z remote: Compressing objects:  42% (36/85)        
2021-06-09T12:54:53.3638970Z remote: Compressing objects:  43% (37/85)        
2021-06-09T12:54:53.3639734Z remote: Compressing objects:  44% (38/85)        
2021-06-09T12:54:53.3640390Z remote: Compressing objects:  45% (39/85)        
2021-06-09T12:54:53.3641266Z remote: Compressing objects:  47% (40/85)        
2021-06-09T12:54:53.3641995Z remote: Compressing objects:  48% (41/85)        
2021-06-09T12:54:53.3642661Z remote: Compressing objects:  49% (42/85)        
2021-06-09T12:54:53.3643405Z remote: Compressing objects:  50% (43/85)        
2021-06-09T12:54:53.3644070Z remote: Compressing objects:  51% (44/85)        
2021-06-09T12:54:53.3644789Z remote: Compressing objects:  52% (45/85)        
2021-06-09T12:54:53.3645506Z remote: Compressing objects:  54% (46/85)        
2021-06-09T12:54:53.3646179Z remote: Compressing objects:  55% (47/85)        
2021-06-09T12:54:53.3646930Z remote: Compressing objects:  56% (48/85)        
2021-06-09T12:54:53.3647470Z remote: Compressing objects:  57% (49/85)        
2021-06-09T12:54:53.3648061Z remote: Compressing objects:  58% (50/85)        
2021-06-09T12:54:53.3648788Z remote: Compressing objects:  60% (51/85)        
2021-06-09T12:54:53.3649455Z remote: Compressing objects:  61% (52/85)        
2021-06-09T12:54:53.3650204Z remote: Compressing objects:  62% (53/85)        
2021-06-09T12:54:53.3650860Z remote: Compressing objects:  63% (54/85)        
2021-06-09T12:54:53.3651616Z remote: Compressing objects:  64% (55/85)        
2021-06-09T12:54:53.3652335Z remote: Compressing objects:  65% (56/85)        
2021-06-09T12:54:53.3652992Z remote: Compressing objects:  67% (57/85)        
2021-06-09T12:54:53.3653738Z remote: Compressing objects:  68% (58/85)        
2021-06-09T12:54:53.3654276Z remote: Compressing objects:  69% (59/85)        
2021-06-09T12:54:53.3654992Z remote: Compressing objects:  70% (60/85)        
2021-06-09T12:54:53.3655696Z remote: Compressing objects:  71% (61/85)        
2021-06-09T12:54:53.3656420Z remote: Compressing objects:  72% (62/85)        
2021-06-09T12:54:53.3657102Z remote: Compressing objects:  74% (63/85)        
2021-06-09T12:54:53.3657661Z remote: Compressing objects:  75% (64/85)        
2021-06-09T12:54:53.3658261Z remote: Compressing objects:  76% (65/85)        
2021-06-09T12:54:53.3658847Z remote: Compressing objects:  77% (66/85)        
2021-06-09T12:54:53.3659411Z remote: Compressing objects:  78% (67/85)        
2021-06-09T12:54:53.3659991Z remote: Compressing objects:  80% (68/85)        
2021-06-09T12:54:53.3660526Z remote: Compressing objects:  81% (69/85)        
2021-06-09T12:54:53.3661116Z remote: Compressing objects:  82% (70/85)        
2021-06-09T12:54:53.3661964Z remote: Compressing objects:  83% (71/85)        
2021-06-09T12:54:53.3662644Z remote: Compressing objects:  84% (72/85)        
2021-06-09T12:54:53.3663256Z remote: Compressing objects:  85% (73/85)        
2021-06-09T12:54:53.3663939Z remote: Compressing objects:  87% (74/85)        
2021-06-09T12:54:53.3664641Z remote: Compressing objects:  88% (75/85)        
2021-06-09T12:54:53.3665484Z remote: Compressing objects:  89% (76/85)        
2021-06-09T12:54:53.3666083Z remote: Compressing objects:  90% (77/85)        
2021-06-09T12:54:53.3666622Z remote: Compressing objects:  91% (78/85)        
2021-06-09T12:54:53.3667223Z remote: Compressing objects:  92% (79/85)        
2021-06-09T12:54:53.3667761Z remote: Compressing objects:  94% (80/85)        
2021-06-09T12:54:53.3668337Z remote: Compressing objects:  95% (81/85)        
2021-06-09T12:54:53.3668872Z remote: Compressing objects:  96% (82/85)        
2021-06-09T12:54:53.3669704Z remote: Compressing objects:  97% (83/85)        
2021-06-09T12:54:53.3670443Z remote: Compressing objects:  98% (84/85)        
2021-06-09T12:54:53.3671113Z remote: Compressing objects: 100% (85/85)        
2021-06-09T12:54:53.3671854Z remote: Compressing objects: 100% (85/85), done.        
2021-06-09T12:54:53.3672375Z Receiving objects:   0% (1/504)
2021-06-09T12:54:53.3673034Z Receiving objects:   1% (6/504)
2021-06-09T12:54:53.3673702Z Receiving objects:   2% (11/504)
2021-06-09T12:54:53.3674331Z Receiving objects:   3% (16/504)
2021-06-09T12:54:53.3675018Z Receiving objects:   4% (21/504)
2021-06-09T12:54:53.3675722Z Receiving objects:   5% (26/504)
2021-06-09T12:54:53.3676569Z Receiving objects:   6% (31/504)
2021-06-09T12:54:53.3677330Z Receiving objects:   7% (36/504)
2021-06-09T12:54:53.3677964Z Receiving objects:   8% (41/504)
2021-06-09T12:54:53.3678534Z Receiving objects:   9% (46/504)
2021-06-09T12:54:53.3679227Z Receiving objects:  10% (51/504)
2021-06-09T12:54:53.3679863Z Receiving objects:  11% (56/504)
2021-06-09T12:54:53.3680452Z Receiving objects:  12% (61/504)
2021-06-09T12:54:53.3681112Z Receiving objects:  13% (66/504)
2021-06-09T12:54:53.3681722Z Receiving objects:  14% (71/504)
2021-06-09T12:54:53.3682408Z Receiving objects:  15% (76/504)
2021-06-09T12:54:53.3683036Z Receiving objects:  16% (81/504)
2021-06-09T12:54:53.3683622Z Receiving objects:  17% (86/504)
2021-06-09T12:54:53.3684247Z Receiving objects:  18% (91/504)
2021-06-09T12:54:53.3684855Z Receiving objects:  19% (96/504)
2021-06-09T12:54:53.3685527Z Receiving objects:  20% (101/504)
2021-06-09T12:54:53.3686144Z Receiving objects:  21% (106/504)
2021-06-09T12:54:53.3686720Z Receiving objects:  22% (111/504)
2021-06-09T12:54:53.3687362Z Receiving objects:  23% (116/504)
2021-06-09T12:54:53.3687959Z Receiving objects:  24% (121/504)
2021-06-09T12:54:53.3688630Z Receiving objects:  25% (126/504)
2021-06-09T12:54:53.3689290Z Receiving objects:  26% (132/504)
2021-06-09T12:54:53.3689875Z Receiving objects:  27% (137/504)
2021-06-09T12:54:53.3690511Z Receiving objects:  28% (142/504)
2021-06-09T12:54:53.3691089Z Receiving objects:  29% (147/504)
2021-06-09T12:54:53.3691749Z Receiving objects:  30% (152/504)
2021-06-09T12:54:53.3692369Z Receiving objects:  31% (157/504)
2021-06-09T12:54:53.3692951Z Receiving objects:  32% (162/504)
2021-06-09T12:54:53.3693582Z Receiving objects:  33% (167/504)
2021-06-09T12:54:53.3694153Z Receiving objects:  34% (172/504)
2021-06-09T12:54:53.3694916Z Receiving objects:  35% (177/504)
2021-06-09T12:54:53.3695595Z Receiving objects:  36% (182/504)
2021-06-09T12:54:53.3696173Z Receiving objects:  37% (187/504)
2021-06-09T12:54:53.3696820Z Receiving objects:  38% (192/504)
2021-06-09T12:54:53.3697408Z Receiving objects:  39% (197/504)
2021-06-09T12:54:53.3698071Z Receiving objects:  40% (202/504)
2021-06-09T12:54:53.3698707Z Receiving objects:  41% (207/504)
2021-06-09T12:54:53.3699306Z Receiving objects:  42% (212/504)
2021-06-09T12:54:53.3699933Z Receiving objects:  43% (217/504)
2021-06-09T12:54:53.3700950Z remote: Total 504 (delta 87), reused 77 (delta 75), pack-reused 343        
2021-06-09T12:54:53.3701835Z Receiving objects:  44% (222/504)
2021-06-09T12:54:53.3702474Z Receiving objects:  45% (227/504)
2021-06-09T12:54:53.3703075Z Receiving objects:  46% (232/504)
2021-06-09T12:54:53.3703706Z Receiving objects:  47% (237/504)
2021-06-09T12:54:53.3704320Z Receiving objects:  48% (242/504)
2021-06-09T12:54:53.3704966Z Receiving objects:  49% (247/504)
2021-06-09T12:54:53.3705618Z Receiving objects:  50% (252/504)
2021-06-09T12:54:53.3706202Z Receiving objects:  51% (258/504)
2021-06-09T12:54:53.3706830Z Receiving objects:  52% (263/504)
2021-06-09T12:54:53.3707442Z Receiving objects:  53% (268/504)
2021-06-09T12:54:53.3708089Z Receiving objects:  54% (273/504)
2021-06-09T12:54:53.3708736Z Receiving objects:  55% (278/504)
2021-06-09T12:54:53.3710749Z Receiving objects:  56% (283/504)
2021-06-09T12:54:53.3711661Z Receiving objects:  57% (288/504)
2021-06-09T12:54:53.3774961Z Receiving objects:  58% (293/504)
2021-06-09T12:54:53.3782352Z Receiving objects:  59% (298/504)
2021-06-09T12:54:53.3783235Z Receiving objects:  60% (303/504)
2021-06-09T12:54:53.3789376Z Receiving objects:  61% (308/504)
2021-06-09T12:54:53.3790185Z Receiving objects:  62% (313/504)
2021-06-09T12:54:53.3791136Z Receiving objects:  63% (318/504)
2021-06-09T12:54:53.3791954Z Receiving objects:  64% (323/504)
2021-06-09T12:54:53.3792717Z Receiving objects:  65% (328/504)
2021-06-09T12:54:53.3793974Z Receiving objects:  66% (333/504)
2021-06-09T12:54:53.3794688Z Receiving objects:  67% (338/504)
2021-06-09T12:54:53.3795382Z Receiving objects:  68% (343/504)
2021-06-09T12:54:53.3796070Z Receiving objects:  69% (348/504)
2021-06-09T12:54:53.3797407Z Receiving objects:  70% (353/504)
2021-06-09T12:54:53.3798043Z Receiving objects:  71% (358/504)
2021-06-09T12:54:53.3798665Z Receiving objects:  72% (363/504)
2021-06-09T12:54:53.3799303Z Receiving objects:  73% (368/504)
2021-06-09T12:54:53.3799935Z Receiving objects:  74% (373/504)
2021-06-09T12:54:53.3800506Z Receiving objects:  75% (378/504)
2021-06-09T12:54:53.3801131Z Receiving objects:  76% (384/504)
2021-06-09T12:54:53.3801733Z Receiving objects:  77% (389/504)
2021-06-09T12:54:53.3802357Z Receiving objects:  78% (394/504)
2021-06-09T12:54:53.3803118Z Receiving objects:  79% (399/504)
2021-06-09T12:54:53.3804150Z Receiving objects:  80% (404/504)
2021-06-09T12:54:53.3805512Z Receiving objects:  81% (409/504)
2021-06-09T12:54:53.3806666Z Receiving objects:  82% (414/504)
2021-06-09T12:54:53.3839429Z Receiving objects:  83% (419/504)
2021-06-09T12:54:53.3840167Z Receiving objects:  84% (424/504)
2021-06-09T12:54:53.3841033Z Receiving objects:  85% (429/504)
2021-06-09T12:54:53.3841759Z Receiving objects:  86% (434/504)
2021-06-09T12:54:53.3842441Z Receiving objects:  87% (439/504)
2021-06-09T12:54:53.3843267Z Receiving objects:  88% (444/504)
2021-06-09T12:54:53.3844303Z Receiving objects:  89% (449/504)
2021-06-09T12:54:53.3845136Z Receiving objects:  90% (454/504)
2021-06-09T12:54:53.3845836Z Receiving objects:  91% (459/504)
2021-06-09T12:54:53.3846639Z Receiving objects:  92% (464/504)
2021-06-09T12:54:53.3847326Z Receiving objects:  93% (469/504)
2021-06-09T12:54:53.3848078Z Receiving objects:  94% (474/504)
2021-06-09T12:54:53.3848703Z Receiving objects:  95% (479/504)
2021-06-09T12:54:53.3849317Z Receiving objects:  96% (484/504)
2021-06-09T12:54:53.3849966Z Receiving objects:  97% (489/504)
2021-06-09T12:54:53.3850734Z Receiving objects:  98% (494/504)
2021-06-09T12:54:53.3851386Z Receiving objects:  99% (499/504)
2021-06-09T12:54:53.3852015Z Receiving objects: 100% (504/504)
2021-06-09T12:54:53.3852694Z Receiving objects: 100% (504/504), 142.97 KiB | 1.91 MiB/s, done.
2021-06-09T12:54:53.3853414Z Resolving deltas:   0% (0/265)
2021-06-09T12:54:53.3854030Z Resolving deltas:   1% (3/265)
2021-06-09T12:54:53.3854620Z Resolving deltas:   2% (6/265)
2021-06-09T12:54:53.3855373Z Resolving deltas:   3% (8/265)
2021-06-09T12:54:53.3856463Z Resolving deltas:   4% (11/265)
2021-06-09T12:54:53.3866767Z Resolving deltas:   5% (14/265)
2021-06-09T12:54:53.3867689Z Resolving deltas:   6% (16/265)
2021-06-09T12:54:53.3868347Z Resolving deltas:   7% (19/265)
2021-06-09T12:54:53.3869099Z Resolving deltas:   8% (22/265)
2021-06-09T12:54:53.3869706Z Resolving deltas:   9% (24/265)
2021-06-09T12:54:53.3870366Z Resolving deltas:  10% (27/265)
2021-06-09T12:54:53.3871465Z Resolving deltas:  11% (30/265)
2021-06-09T12:54:53.3872170Z Resolving deltas:  12% (32/265)
2021-06-09T12:54:53.3872992Z Resolving deltas:  13% (35/265)
2021-06-09T12:54:53.3873611Z Resolving deltas:  14% (38/265)
2021-06-09T12:54:53.3874373Z Resolving deltas:  15% (40/265)
2021-06-09T12:54:53.3875064Z Resolving deltas:  16% (43/265)
2021-06-09T12:54:53.3875843Z Resolving deltas:  17% (46/265)
2021-06-09T12:54:53.3876630Z Resolving deltas:  18% (48/265)
2021-06-09T12:54:53.3877226Z Resolving deltas:  19% (51/265)
2021-06-09T12:54:53.3877842Z Resolving deltas:  20% (53/265)
2021-06-09T12:54:53.3878527Z Resolving deltas:  21% (56/265)
2021-06-09T12:54:53.3879096Z Resolving deltas:  22% (59/265)
2021-06-09T12:54:53.3879702Z Resolving deltas:  23% (61/265)
2021-06-09T12:54:53.3880256Z Resolving deltas:  24% (64/265)
2021-06-09T12:54:53.3880882Z Resolving deltas:  25% (67/265)
2021-06-09T12:54:53.3881529Z Resolving deltas:  26% (69/265)
2021-06-09T12:54:53.3882094Z Resolving deltas:  27% (72/265)
2021-06-09T12:54:53.3882701Z Resolving deltas:  28% (75/265)
2021-06-09T12:54:53.3883269Z Resolving deltas:  29% (77/265)
2021-06-09T12:54:53.3883904Z Resolving deltas:  30% (80/265)
2021-06-09T12:54:53.3884559Z Resolving deltas:  31% (83/265)
2021-06-09T12:54:53.3885120Z Resolving deltas:  32% (85/265)
2021-06-09T12:54:53.3885727Z Resolving deltas:  33% (88/265)
2021-06-09T12:54:53.3886535Z Resolving deltas:  34% (91/265)
2021-06-09T12:54:53.3887177Z Resolving deltas:  35% (93/265)
2021-06-09T12:54:53.3887830Z Resolving deltas:  36% (96/265)
2021-06-09T12:54:53.3888398Z Resolving deltas:  37% (99/265)
2021-06-09T12:54:53.3993995Z Resolving deltas:  38% (101/265)
2021-06-09T12:54:53.3994712Z Resolving deltas:  39% (104/265)
2021-06-09T12:54:53.3997014Z Resolving deltas:  40% (106/265)
2021-06-09T12:54:53.3997678Z Resolving deltas:  41% (109/265)
2021-06-09T12:54:53.3998284Z Resolving deltas:  42% (112/265)
2021-06-09T12:54:53.3998869Z Resolving deltas:  43% (114/265)
2021-06-09T12:54:53.3999443Z Resolving deltas:  44% (117/265)
2021-06-09T12:54:53.4000017Z Resolving deltas:  45% (120/265)
2021-06-09T12:54:53.4000612Z Resolving deltas:  46% (122/265)
2021-06-09T12:54:53.4001201Z Resolving deltas:  47% (125/265)
2021-06-09T12:54:53.4001781Z Resolving deltas:  48% (128/265)
2021-06-09T12:54:53.4002484Z Resolving deltas:  49% (130/265)
2021-06-09T12:54:53.4003082Z Resolving deltas:  50% (133/265)
2021-06-09T12:54:53.4003669Z Resolving deltas:  51% (136/265)
2021-06-09T12:54:53.4004257Z Resolving deltas:  52% (138/265)
2021-06-09T12:54:53.4004854Z Resolving deltas:  53% (141/265)
2021-06-09T12:54:53.4005453Z Resolving deltas:  54% (144/265)
2021-06-09T12:54:53.4006050Z Resolving deltas:  55% (146/265)
2021-06-09T12:54:53.4006636Z Resolving deltas:  56% (149/265)
2021-06-09T12:54:53.4007315Z Resolving deltas:  57% (152/265)
2021-06-09T12:54:53.4007896Z Resolving deltas:  58% (154/265)
2021-06-09T12:54:53.4008477Z Resolving deltas:  59% (157/265)
2021-06-09T12:54:53.4009051Z Resolving deltas:  60% (159/265)
2021-06-09T12:54:53.4009630Z Resolving deltas:  61% (162/265)
2021-06-09T12:54:53.4010488Z Resolving deltas:  62% (165/265)
2021-06-09T12:54:53.4011307Z Resolving deltas:  63% (167/265)
2021-06-09T12:54:53.4012308Z Resolving deltas:  64% (170/265)
2021-06-09T12:54:53.4013122Z Resolving deltas:  65% (173/265)
2021-06-09T12:54:53.4013763Z Resolving deltas:  66% (175/265)
2021-06-09T12:54:53.4014411Z Resolving deltas:  67% (178/265)
2021-06-09T12:54:53.4015036Z Resolving deltas:  68% (181/265)
2021-06-09T12:54:53.4015640Z Resolving deltas:  69% (183/265)
2021-06-09T12:54:53.4016807Z Resolving deltas:  70% (186/265)
2021-06-09T12:54:53.4017442Z Resolving deltas:  71% (189/265)
2021-06-09T12:54:53.4018035Z Resolving deltas:  72% (191/265)
2021-06-09T12:54:53.4018635Z Resolving deltas:  73% (194/265)
2021-06-09T12:54:53.4019319Z Resolving deltas:  74% (197/265)
2021-06-09T12:54:53.4019896Z Resolving deltas:  75% (199/265)
2021-06-09T12:54:53.4020473Z Resolving deltas:  76% (202/265)
2021-06-09T12:54:53.4021177Z Resolving deltas:  77% (205/265)
2021-06-09T12:54:53.4022243Z Resolving deltas:  78% (207/265)
2021-06-09T12:54:53.4022761Z Resolving deltas:  79% (210/265)
2021-06-09T12:54:53.4023362Z Resolving deltas:  80% (212/265)
2021-06-09T12:54:53.4024069Z Resolving deltas:  81% (215/265)
2021-06-09T12:54:53.4024655Z Resolving deltas:  82% (218/265)
2021-06-09T12:54:53.4025176Z Resolving deltas:  83% (220/265)
2021-06-09T12:54:53.4033421Z Resolving deltas:  84% (223/265)
2021-06-09T12:54:53.4034204Z Resolving deltas:  85% (226/265)
2021-06-09T12:54:53.4034811Z Resolving deltas:  86% (228/265)
2021-06-09T12:54:53.4035401Z Resolving deltas:  87% (231/265)
2021-06-09T12:54:53.4035981Z Resolving deltas:  88% (234/265)
2021-06-09T12:54:53.4036798Z Resolving deltas:  89% (236/265)
2021-06-09T12:54:53.4037473Z Resolving deltas:  90% (239/265)
2021-06-09T12:54:53.4038509Z Resolving deltas:  91% (242/265)
2021-06-09T12:54:53.4039237Z Resolving deltas:  92% (244/265)
2021-06-09T12:54:53.4039817Z Resolving deltas:  93% (247/265)
2021-06-09T12:54:53.4040400Z Resolving deltas:  94% (250/265)
2021-06-09T12:54:53.4041081Z Resolving deltas:  95% (252/265)
2021-06-09T12:54:53.4041649Z Resolving deltas:  96% (255/265)
2021-06-09T12:54:53.4042212Z Resolving deltas:  97% (258/265)
2021-06-09T12:54:53.4042760Z Resolving deltas:  98% (260/265)
2021-06-09T12:54:53.4043318Z Resolving deltas:  99% (263/265)
2021-06-09T12:54:53.4044080Z Resolving deltas: 100% (265/265)
2021-06-09T12:54:53.4044671Z Resolving deltas: 100% (265/265), done.
2021-06-09T12:54:53.4045346Z From https://github.com/con/tinuous
2021-06-09T12:54:53.4046436Z  * [new branch]      gh-55         -> origin/gh-55
2021-06-09T12:54:53.4047361Z  * [new branch]      gh-74         -> origin/gh-74
2021-06-09T12:54:53.4048238Z  * [new branch]      gh-78         -> origin/gh-78
2021-06-09T12:54:53.4049140Z  * [new branch]      master        -> origin/master
2021-06-09T12:54:53.4050150Z  * [new branch]      test-appveyor -> origin/test-appveyor
2021-06-09T12:54:53.4051052Z  * [new tag]         0.1.0         -> 0.1.0
2021-06-09T12:54:53.4051810Z  * [new tag]         0.2.0         -> 0.2.0
2021-06-09T12:54:53.4052700Z [command]/usr/bin/git branch --list --remote origin/gh-74
2021-06-09T12:54:53.4053558Z   origin/gh-74
2021-06-09T12:54:53.4054586Z [command]/usr/bin/git rev-parse refs/remotes/origin/gh-74
2021-06-09T12:54:53.4055568Z 3776ef83e62355a7b9a92001c59dbf52a59707a4
2021-06-09T12:54:53.4058397Z ##[endgroup]
2021-06-09T12:54:53.4059138Z ##[group]Determining the checkout info
2021-06-09T12:54:53.4059636Z ##[endgroup]
2021-06-09T12:54:53.4060082Z ##[group]Checking out the ref
2021-06-09T12:54:53.4061231Z [command]/usr/bin/git checkout --progress --force -B gh-74 refs/remotes/origin/gh-74
2021-06-09T12:54:53.4062255Z Switched to a new branch 'gh-74'
2021-06-09T12:54:53.4063182Z Branch 'gh-74' set up to track remote branch 'gh-74' from 'origin'.
2021-06-09T12:54:53.4063789Z ##[endgroup]
2021-06-09T12:54:53.4064459Z [command]/usr/bin/git log -1 --format='%H'
2021-06-09T12:54:53.4065536Z '3776ef83e62355a7b9a92001c59dbf52a59707a4'
2021-06-09T12:54:53.4141837Z ##[group]Run actions/setup-python@v2
2021-06-09T12:54:53.4142335Z with:
2021-06-09T12:54:53.4142721Z   python-version: 3.8
2021-06-09T12:54:53.4143664Z   token: ***
2021-06-09T12:54:53.4144120Z ##[endgroup]
2021-06-09T12:54:53.4801273Z Successfully setup CPython (3.8.10)
2021-06-09T12:54:53.4879847Z ##[group]Run python -m pip install --upgrade pip wheel
2021-06-09T12:54:53.4880845Z [36;1mpython -m pip install --upgrade pip wheel[0m
2021-06-09T12:54:53.4881635Z [36;1mpython -m pip install --upgrade --upgrade-strategy=eager tox[0m
2021-06-09T12:54:53.4926045Z shell: /usr/bin/bash -e {0}
2021-06-09T12:54:53.4926484Z env:
2021-06-09T12:54:53.4927055Z   pythonLocation: /opt/hostedtoolcache/Python/3.8.10/x64
2021-06-09T12:54:53.4927848Z   LD_LIBRARY_PATH: /opt/hostedtoolcache/Python/3.8.10/x64/lib
2021-06-09T12:54:53.4928419Z ##[endgroup]
2021-06-09T12:54:54.0466169Z Requirement already satisfied: pip in /opt/hostedtoolcache/Python/3.8.10/x64/lib/python3.8/site-packages (21.1.2)
2021-06-09T12:54:54.2627759Z Collecting wheel
2021-06-09T12:54:54.3228377Z   Downloading wheel-0.36.2-py2.py3-none-any.whl (35 kB)
2021-06-09T12:54:54.3793256Z Installing collected packages: wheel
2021-06-09T12:54:54.4165550Z Successfully installed wheel-0.36.2
2021-06-09T12:54:55.1078542Z Collecting tox
2021-06-09T12:54:55.1491900Z   Downloading tox-3.23.1-py2.py3-none-any.whl (85 kB)
2021-06-09T12:54:55.2467936Z Collecting py>=1.4.17
2021-06-09T12:54:55.2564883Z   Downloading py-1.10.0-py2.py3-none-any.whl (97 kB)
2021-06-09T12:54:55.3171690Z Collecting packaging>=14
2021-06-09T12:54:55.3260839Z   Downloading packaging-20.9-py2.py3-none-any.whl (40 kB)
2021-06-09T12:54:55.3645713Z Collecting six>=1.14.0
2021-06-09T12:54:55.3738592Z   Downloading six-1.16.0-py2.py3-none-any.whl (11 kB)
2021-06-09T12:54:55.4043544Z Collecting toml>=0.9.4
2021-06-09T12:54:55.4134507Z   Downloading toml-0.10.2-py2.py3-none-any.whl (16 kB)
2021-06-09T12:54:55.6122236Z Collecting virtualenv!=20.0.0,!=20.0.1,!=20.0.2,!=20.0.3,!=20.0.4,!=20.0.5,!=20.0.6,!=20.0.7,>=16.0.0
2021-06-09T12:54:55.6256721Z   Downloading virtualenv-20.4.7-py2.py3-none-any.whl (7.2 MB)
2021-06-09T12:54:55.7979333Z Collecting pluggy>=0.12.0
2021-06-09T12:54:55.8080208Z   Downloading pluggy-0.13.1-py2.py3-none-any.whl (18 kB)
2021-06-09T12:54:55.8387422Z Collecting filelock>=3.0.0
2021-06-09T12:54:55.8485043Z   Downloading filelock-3.0.12-py3-none-any.whl (7.6 kB)
2021-06-09T12:54:55.9420006Z Collecting pyparsing>=2.0.2
2021-06-09T12:54:55.9525331Z   Downloading pyparsing-2.4.7-py2.py3-none-any.whl (67 kB)
2021-06-09T12:54:56.0338137Z Collecting distlib<1,>=0.3.1
2021-06-09T12:54:56.0460283Z   Downloading distlib-0.3.2-py2.py3-none-any.whl (338 kB)
2021-06-09T12:54:56.0775926Z Collecting appdirs<2,>=1.4.3
2021-06-09T12:54:57.3578361Z   Downloading appdirs-1.4.4-py2.py3-none-any.whl (9.6 kB)
2021-06-09T12:54:57.3584003Z Installing collected packages: six, pyparsing, filelock, distlib, appdirs, virtualenv, toml, py, pluggy, packaging, tox
2021-06-09T12:54:57.3589174Z Successfully installed appdirs-1.4.4 distlib-0.3.2 filelock-3.0.12 packaging-20.9 pluggy-0.13.1 py-1.10.0 pyparsing-2.4.7 six-1.16.0 toml-0.10.2 tox-3.23.1 virtualenv-20.4.7
2021-06-09T12:54:57.3726979Z ##[group]Run tox -e lint
2021-06-09T12:54:57.3727462Z [36;1mtox -e lint[0m
2021-06-09T12:54:57.3764395Z shell: /usr/bin/bash -e {0}
2021-06-09T12:54:57.3764764Z env:
2021-06-09T12:54:57.3765260Z   pythonLocation: /opt/hostedtoolcache/Python/3.8.10/x64
2021-06-09T12:54:57.3765917Z   LD_LIBRARY_PATH: /opt/hostedtoolcache/Python/3.8.10/x64/lib
2021-06-09T12:54:57.3766416Z ##[endgroup]
2021-06-09T12:54:57.5703007Z lint create: /home/runner/work/tinuous/tinuous/.tox/lint
2021-06-09T12:54:58.3359461Z lint installdeps: flake8~=3.7, flake8-bugbear, flake8-builtins~=1.4, flake8-import-order-jwodder, flake8-unused-arguments
2021-06-09T12:55:02.3594336Z lint installed: attrs==21.2.0,flake8==3.9.2,flake8-bugbear==21.4.3,flake8-builtins==1.5.3,flake8-import-order==0.18.1,flake8-import-order-jwodder==0.1.0,flake8-unused-arguments==0.0.6,mccabe==0.6.1,pycodestyle==2.7.0,pyflakes==2.3.1
2021-06-09T12:55:02.3638366Z lint run-test-pre: PYTHONHASHSEED='2748763776'
2021-06-09T12:55:02.3640346Z lint run-test: commands[0] | flake8 --config=tox.ini src test
2021-06-09T12:55:03.2532193Z ___________________________________ summary ____________________________________
2021-06-09T12:55:03.2533121Z   lint: commands succeeded
2021-06-09T12:55:03.2533832Z   congratulations :)
2021-06-09T12:55:03.2821881Z Post job cleanup.
2021-06-09T12:55:03.3933765Z [command]/usr/bin/git version
2021-06-09T12:55:03.3978378Z git version 2.31.1
2021-06-09T12:55:03.4022242Z [command]/usr/bin/git config --local --name-only --get-regexp core\.sshCommand
2021-06-09T12:55:03.4053704Z [command]/usr/bin/git submodule foreach --recursive git config --local --name-only --get-regexp 'core\.sshCommand' && git config --local --unset-all 'core.sshCommand' || :
2021-06-09T12:55:03.4275441Z [command]/usr/bin/git config --local --name-only --get-regexp http\.https\:\/\/github\.com\/\.extraheader
2021-06-09T12:55:03.4296580Z http.https://github.com/.extraheader
2021-06-09T12:55:03.4312215Z [command]/usr/bin/git config --local --unset-all http.https://github.com/.extraheader
2021-06-09T12:55:03.4343039Z [command]/usr/bin/git submodule foreach --recursive git config --local --name-only --get-regexp 'http\.https\:\/\/github\.com\/\.extraheader' && git config --local --unset-all 'http.https://github.com/.extraheader' || :
2021-06-09T12:55:03.4602955Z Cleaning up orphan processes
