2021-06-09T12:54:40.1815992Z ##[section]Starting: Request a runner to run this job
2021-06-09T12:54:40.5824340Z Can't find any online and idle self-hosted runner in current repository that matches the required labels: 'ubuntu-latest'
2021-06-09T12:54:40.5824431Z Can't find any online and idle self-hosted runner in current repository's account/organization that matches the required labels: 'ubuntu-latest'
2021-06-09T12:54:40.5824813Z Found online and idle hosted runner in current repository's account/organization that matches the required labels: 'ubuntu-latest'
2021-06-09T12:54:40.7827088Z ##[section]Finishing: Request a runner to run this job
2021-06-09T12:54:49.8028125Z Current runner version: '2.278.0'
2021-06-09T12:54:49.8051115Z ##[group]Operating System
2021-06-09T12:54:49.8051911Z Ubuntu
2021-06-09T12:54:49.8052340Z 20.04.2
2021-06-09T12:54:49.8052667Z LTS
2021-06-09T12:54:49.8053065Z ##[endgroup]
2021-06-09T12:54:49.8053503Z ##[group]Virtual Environment
2021-06-09T12:54:49.8054038Z Environment: ubuntu-20.04
2021-06-09T12:54:49.8054521Z Version: 20210606.1
2021-06-09T12:54:49.8055303Z Included Software: https://github.com/actions/virtual-environments/blob/ubuntu20/20210606.1/images/linux/Ubuntu2004-README.md
2021-06-09T12:54:49.8056409Z Image Release: https://github.com/actions/virtual-environments/releases/tag/ubuntu20%2F20210606.1
2021-06-09T12:54:49.8057096Z ##[endgroup]
2021-06-09T12:54:49.8058749Z ##[group]GITHUB_TOKEN Permissions
2021-06-09T12:54:49.8059864Z Actions: write
2021-06-09T12:54:49.8060265Z Checks: write
2021-06-09T12:54:49.8060709Z Contents: write
2021-06-09T12:54:49.8061117Z Deployments: write
2021-06-09T12:54:49.8061653Z Discussions: write
2021-06-09T12:54:49.8062170Z Issues: write
2021-06-09T12:54:49.8062621Z Metadata: read
2021-06-09T12:54:49.8063011Z Packages: write
2021-06-09T12:54:49.8063474Z PullRequests: write
2021-06-09T12:54:49.8064021Z RepositoryProjects: write
2021-06-09T12:54:49.8064518Z SecurityEvents: write
2021-06-09T12:54:49.8064996Z Statuses: write
2021-06-09T12:54:49.8065517Z ##[endgroup]
2021-06-09T12:54:49.8068293Z Prepare workflow directory
2021-06-09T12:54:49.8657317Z Prepare all required actions
2021-06-09T12:54:49.8666994Z Getting action download info
2021-06-09T12:54:50.3361542Z Download action repository 'actions/checkout@v2'
2021-06-09T12:54:52.3792366Z Download action repository 'actions/setup-python@v2'
2021-06-09T12:54:52.6890153Z Download action repository 'codecov/codecov-action@v1'
2021-06-09T12:54:53.2007954Z ##[group]Run actions/checkout@v2
2021-06-09T12:54:53.2008664Z with:
2021-06-09T12:54:53.2009035Z   fetch-depth: 0
2021-06-09T12:54:53.2009476Z   repository: con/tinuous
2021-06-09T12:54:53.2010455Z   token: ***
2021-06-09T12:54:53.2010814Z   ssh-strict: true
2021-06-09T12:54:53.2011287Z   persist-credentials: true
2021-06-09T12:54:53.2011864Z   clean: true
2021-06-09T12:54:53.2012235Z   lfs: false
2021-06-09T12:54:53.2012607Z   submodules: false
2021-06-09T12:54:53.2013011Z ##[endgroup]
2021-06-09T12:54:53.9065015Z Syncing repository: con/tinuous
2021-06-09T12:54:53.9065664Z ##[group]Getting Git version info
2021-06-09T12:54:53.9066893Z Working directory is '/home/runner/work/tinuous/tinuous'
2021-06-09T12:54:53.9067744Z [command]/usr/bin/git version
2021-06-09T12:54:53.9068123Z git version 2.31.1
2021-06-09T12:54:53.9069134Z ##[endgroup]
2021-06-09T12:54:53.9070165Z Deleting the contents of '/home/runner/work/tinuous/tinuous'
2021-06-09T12:54:53.9071828Z ##[group]Initializing the repository
2021-06-09T12:54:53.9072554Z [command]/usr/bin/git init /home/runner/work/tinuous/tinuous
2021-06-09T12:54:53.9073587Z hint: Using 'master' as the name for the initial branch. This default branch name
2021-06-09T12:54:53.9074467Z hint: is subject to change. To configure the initial branch name to use in all
2021-06-09T12:54:53.9075319Z hint: of your new repositories, which will suppress this warning, call:
2021-06-09T12:54:53.9075948Z hint: 
2021-06-09T12:54:53.9076744Z hint: 	git config --global init.defaultBranch <name>
2021-06-09T12:54:53.9077379Z hint: 
2021-06-09T12:54:53.9078193Z hint: Names commonly chosen instead of 'master' are 'main', 'trunk' and
2021-06-09T12:54:53.9079412Z hint: 'development'. The just-created branch can be renamed via this command:
2021-06-09T12:54:53.9080088Z hint: 
2021-06-09T12:54:53.9080718Z hint: 	git branch -m <name>
2021-06-09T12:54:53.9081424Z Initialized empty Git repository in /home/runner/work/tinuous/tinuous/.git/
2021-06-09T12:54:53.9082461Z [command]/usr/bin/git remote add origin https://github.com/con/tinuous
2021-06-09T12:54:53.9083153Z ##[endgroup]
2021-06-09T12:54:53.9083756Z ##[group]Disabling automatic garbage collection
2021-06-09T12:54:53.9084635Z [command]/usr/bin/git config --local gc.auto 0
2021-06-09T12:54:53.9085555Z ##[endgroup]
2021-06-09T12:54:53.9087469Z ##[group]Setting up auth
2021-06-09T12:54:53.9088451Z [command]/usr/bin/git config --local --name-only --get-regexp core\.sshCommand
2021-06-09T12:54:53.9089959Z [command]/usr/bin/git submodule foreach --recursive git config --local --name-only --get-regexp 'core\.sshCommand' && git config --local --unset-all 'core.sshCommand' || :
2021-06-09T12:54:53.9091622Z [command]/usr/bin/git config --local --name-only --get-regexp http\.https\:\/\/github\.com\/\.extraheader
2021-06-09T12:54:53.9093829Z [command]/usr/bin/git submodule foreach --recursive git config --local --name-only --get-regexp 'http\.https\:\/\/github\.com\/\.extraheader' && git config --local --unset-all 'http.https://github.com/.extraheader' || :
2021-06-09T12:54:53.9095662Z [command]/usr/bin/git config --local http.https://github.com/.extraheader AUTHORIZATION: basic ***
2021-06-09T12:54:53.9096697Z ##[endgroup]
2021-06-09T12:54:53.9097240Z ##[group]Fetching the repository
2021-06-09T12:54:53.9099070Z [command]/usr/bin/git -c protocol.version=2 fetch --prune --progress --no-recurse-submodules origin +refs/heads/*:refs/remotes/origin/* +refs/tags/*:refs/tags/*
2021-06-09T12:54:54.1800128Z remote: Enumerating objects: 504, done.        
2021-06-09T12:54:54.1801022Z remote: Counting objects:   0% (1/161)        
2021-06-09T12:54:54.1801503Z remote: Counting objects:   1% (2/161)        
2021-06-09T12:54:54.1802206Z remote: Counting objects:   2% (4/161)        
2021-06-09T12:54:54.1802687Z remote: Counting objects:   3% (5/161)        
2021-06-09T12:54:54.1803137Z remote: Counting objects:   4% (7/161)        
2021-06-09T12:54:54.1803757Z remote: Counting objects:   5% (9/161)        
2021-06-09T12:54:54.1804698Z remote: Counting objects:   6% (10/161)        
2021-06-09T12:54:54.1805180Z remote: Counting objects:   7% (12/161)        
2021-06-09T12:54:54.1805629Z remote: Counting objects:   8% (13/161)        
2021-06-09T12:54:54.1806057Z remote: Counting objects:   9% (15/161)        
2021-06-09T12:54:54.1806510Z remote: Counting objects:  10% (17/161)        
2021-06-09T12:54:54.1807271Z remote: Counting objects:  11% (18/161)        
2021-06-09T12:54:54.1807899Z remote: Counting objects:  12% (20/161)        
2021-06-09T12:54:54.1808338Z remote: Counting objects:  13% (21/161)        
2021-06-09T12:54:54.1808791Z remote: Counting objects:  14% (23/161)        
2021-06-09T12:54:54.1809227Z remote: Counting objects:  15% (25/161)        
2021-06-09T12:54:54.1809681Z remote: Counting objects:  16% (26/161)        
2021-06-09T12:54:54.1810131Z remote: Counting objects:  17% (28/161)        
2021-06-09T12:54:54.1810567Z remote: Counting objects:  18% (29/161)        
2021-06-09T12:54:54.1811173Z remote: Counting objects:  19% (31/161)        
2021-06-09T12:54:54.1811576Z remote: Counting objects:  20% (33/161)        
2021-06-09T12:54:54.1811992Z remote: Counting objects:  21% (34/161)        
2021-06-09T12:54:54.1812391Z remote: Counting objects:  22% (36/161)        
2021-06-09T12:54:54.1812814Z remote: Counting objects:  23% (38/161)        
2021-06-09T12:54:54.1813213Z remote: Counting objects:  24% (39/161)        
2021-06-09T12:54:54.1813631Z remote: Counting objects:  25% (41/161)        
2021-06-09T12:54:54.1814046Z remote: Counting objects:  26% (42/161)        
2021-06-09T12:54:54.1814445Z remote: Counting objects:  27% (44/161)        
2021-06-09T12:54:54.1814858Z remote: Counting objects:  28% (46/161)        
2021-06-09T12:54:54.1815451Z remote: Counting objects:  29% (47/161)        
2021-06-09T12:54:54.1816067Z remote: Counting objects:  30% (49/161)        
2021-06-09T12:54:54.1816504Z remote: Counting objects:  31% (50/161)        
2021-06-09T12:54:54.1816957Z remote: Counting objects:  32% (52/161)        
2021-06-09T12:54:54.1817398Z remote: Counting objects:  33% (54/161)        
2021-06-09T12:54:54.1817850Z remote: Counting objects:  34% (55/161)        
2021-06-09T12:54:54.1818478Z remote: Counting objects:  35% (57/161)        
2021-06-09T12:54:54.1819067Z remote: Counting objects:  36% (58/161)        
2021-06-09T12:54:54.1819609Z remote: Counting objects:  37% (60/161)        
2021-06-09T12:54:54.1820009Z remote: Counting objects:  38% (62/161)        
2021-06-09T12:54:54.1820429Z remote: Counting objects:  39% (63/161)        
2021-06-09T12:54:54.1820829Z remote: Counting objects:  40% (65/161)        
2021-06-09T12:54:54.1821246Z remote: Counting objects:  41% (67/161)        
2021-06-09T12:54:54.1821646Z remote: Counting objects:  42% (68/161)        
2021-06-09T12:54:54.1822063Z remote: Counting objects:  43% (70/161)        
2021-06-09T12:54:54.1822462Z remote: Counting objects:  44% (71/161)        
2021-06-09T12:54:54.1822880Z remote: Counting objects:  45% (73/161)        
2021-06-09T12:54:54.1823302Z remote: Counting objects:  46% (75/161)        
2021-06-09T12:54:54.1823705Z remote: Counting objects:  47% (76/161)        
2021-06-09T12:54:54.1824121Z remote: Counting objects:  48% (78/161)        
2021-06-09T12:54:54.1824521Z remote: Counting objects:  49% (79/161)        
2021-06-09T12:54:54.1824944Z remote: Counting objects:  50% (81/161)        
2021-06-09T12:54:54.1825345Z remote: Counting objects:  51% (83/161)        
2021-06-09T12:54:54.1825760Z remote: Counting objects:  52% (84/161)        
2021-06-09T12:54:54.1826161Z remote: Counting objects:  53% (86/161)        
2021-06-09T12:54:54.1826579Z remote: Counting objects:  54% (87/161)        
2021-06-09T12:54:54.1826996Z remote: Counting objects:  55% (89/161)        
2021-06-09T12:54:54.1827395Z remote: Counting objects:  56% (91/161)        
2021-06-09T12:54:54.1827811Z remote: Counting objects:  57% (92/161)        
2021-06-09T12:54:54.1828211Z remote: Counting objects:  58% (94/161)        
2021-06-09T12:54:54.1828696Z remote: Counting objects:  59% (95/161)        
2021-06-09T12:54:54.1829120Z remote: Counting objects:  60% (97/161)        
2021-06-09T12:54:54.1829535Z remote: Counting objects:  61% (99/161)        
2021-06-09T12:54:54.1829941Z remote: Counting objects:  62% (100/161)        
2021-06-09T12:54:54.1830367Z remote: Counting objects:  63% (102/161)        
2021-06-09T12:54:54.1830895Z remote: Counting objects:  64% (104/161)        
2021-06-09T12:54:54.1831301Z remote: Counting objects:  65% (105/161)        
2021-06-09T12:54:54.1831718Z remote: Counting objects:  66% (107/161)        
2021-06-09T12:54:54.1832124Z remote: Counting objects:  67% (108/161)        
2021-06-09T12:54:54.1832546Z remote: Counting objects:  68% (110/161)        
2021-06-09T12:54:54.1832962Z remote: Counting objects:  69% (112/161)        
2021-06-09T12:54:54.1833364Z remote: Counting objects:  70% (113/161)        
2021-06-09T12:54:54.1833784Z remote: Counting objects:  71% (115/161)        
2021-06-09T12:54:54.1834183Z remote: Counting objects:  72% (116/161)        
2021-06-09T12:54:54.1834601Z remote: Counting objects:  73% (118/161)        
2021-06-09T12:54:54.1835011Z remote: Counting objects:  74% (120/161)        
2021-06-09T12:54:54.1835429Z remote: Counting objects:  75% (121/161)        
2021-06-09T12:54:54.1835836Z remote: Counting objects:  76% (123/161)        
2021-06-09T12:54:54.1836252Z remote: Counting objects:  77% (124/161)        
2021-06-09T12:54:54.1836671Z remote: Counting objects:  78% (126/161)        
2021-06-09T12:54:54.1837071Z remote: Counting objects:  79% (128/161)        
2021-06-09T12:54:54.1837492Z remote: Counting objects:  80% (129/161)        
2021-06-09T12:54:54.1837893Z remote: Counting objects:  81% (131/161)        
2021-06-09T12:54:54.1838308Z remote: Counting objects:  82% (133/161)        
2021-06-09T12:54:54.1838733Z remote: Counting objects:  83% (134/161)        
2021-06-09T12:54:54.1839148Z remote: Counting objects:  84% (136/161)        
2021-06-09T12:54:54.1839552Z remote: Counting objects:  85% (137/161)        
2021-06-09T12:54:54.1841676Z remote: Counting objects:  86% (139/161)        
2021-06-09T12:54:54.1842349Z remote: Counting objects:  87% (141/161)        
2021-06-09T12:54:54.1842828Z remote: Counting objects:  88% (142/161)        
2021-06-09T12:54:54.1843472Z remote: Counting objects:  89% (144/161)        
2021-06-09T12:54:54.1844306Z remote: Counting objects:  90% (145/161)        
2021-06-09T12:54:54.1844747Z remote: Counting objects:  91% (147/161)        
2021-06-09T12:54:54.1845174Z remote: Counting objects:  92% (149/161)        
2021-06-09T12:54:54.1845616Z remote: Counting objects:  93% (150/161)        
2021-06-09T12:54:54.1846046Z remote: Counting objects:  94% (152/161)        
2021-06-09T12:54:54.1846488Z remote: Counting objects:  95% (153/161)        
2021-06-09T12:54:54.1846916Z remote: Counting objects:  96% (155/161)        
2021-06-09T12:54:54.1847420Z remote: Counting objects:  97% (157/161)        
2021-06-09T12:54:54.1848169Z remote: Counting objects:  98% (158/161)        
2021-06-09T12:54:54.1848723Z remote: Counting objects:  99% (160/161)        
2021-06-09T12:54:54.1849292Z remote: Counting objects: 100% (161/161)        
2021-06-09T12:54:54.1849869Z remote: Counting objects: 100% (161/161), done.        
2021-06-09T12:54:54.1850506Z remote: Compressing objects:   1% (1/85)        
2021-06-09T12:54:54.1851403Z remote: Compressing objects:   2% (2/85)        
2021-06-09T12:54:54.1852065Z remote: Compressing objects:   3% (3/85)        
2021-06-09T12:54:54.1852545Z remote: Compressing objects:   4% (4/85)        
2021-06-09T12:54:54.1853012Z remote: Compressing objects:   5% (5/85)        
2021-06-09T12:54:54.1853684Z remote: Compressing objects:   7% (6/85)        
2021-06-09T12:54:54.1854338Z remote: Compressing objects:   8% (7/85)        
2021-06-09T12:54:54.1854855Z remote: Compressing objects:   9% (8/85)        
2021-06-09T12:54:54.1855343Z remote: Compressing objects:  10% (9/85)        
2021-06-09T12:54:54.1855847Z remote: Compressing objects:  11% (10/85)        
2021-06-09T12:54:54.1856427Z remote: Compressing objects:  12% (11/85)        
2021-06-09T12:54:54.1857300Z remote: Compressing objects:  14% (12/85)        
2021-06-09T12:54:54.1858130Z remote: Compressing objects:  15% (13/85)        
2021-06-09T12:54:54.1858639Z remote: Compressing objects:  16% (14/85)        
2021-06-09T12:54:54.1859147Z remote: Compressing objects:  17% (15/85)        
2021-06-09T12:54:54.1859636Z remote: Compressing objects:  18% (16/85)        
2021-06-09T12:54:54.1860229Z remote: Compressing objects:  20% (17/85)        
2021-06-09T12:54:54.1860718Z remote: Compressing objects:  21% (18/85)        
2021-06-09T12:54:54.1861231Z remote: Compressing objects:  22% (19/85)        
2021-06-09T12:54:54.1861722Z remote: Compressing objects:  23% (20/85)        
2021-06-09T12:54:54.1862228Z remote: Compressing objects:  24% (21/85)        
2021-06-09T12:54:54.1862715Z remote: Compressing objects:  25% (22/85)        
2021-06-09T12:54:54.1863221Z remote: Compressing objects:  27% (23/85)        
2021-06-09T12:54:54.1864968Z remote: Compressing objects:  28% (24/85)        
2021-06-09T12:54:54.1865783Z remote: Compressing objects:  29% (25/85)        
2021-06-09T12:54:54.1866278Z remote: Compressing objects:  30% (26/85)        
2021-06-09T12:54:54.1866762Z remote: Compressing objects:  31% (27/85)        
2021-06-09T12:54:54.1867254Z remote: Compressing objects:  32% (28/85)        
2021-06-09T12:54:54.1868353Z remote: Compressing objects:  34% (29/85)        
2021-06-09T12:54:54.1868852Z remote: Compressing objects:  35% (30/85)        
2021-06-09T12:54:54.1869340Z remote: Compressing objects:  36% (31/85)        
2021-06-09T12:54:54.1869814Z remote: Compressing objects:  37% (32/85)        
2021-06-09T12:54:54.1870304Z remote: Compressing objects:  38% (33/85)        
2021-06-09T12:54:54.1870777Z remote: Compressing objects:  40% (34/85)        
2021-06-09T12:54:54.1871264Z remote: Compressing objects:  41% (35/85)        
2021-06-09T12:54:54.1871795Z remote: Compressing objects:  42% (36/85)        
2021-06-09T12:54:54.1872292Z remote: Compressing objects:  43% (37/85)        
2021-06-09T12:54:54.1872783Z remote: Compressing objects:  44% (38/85)        
2021-06-09T12:54:54.1873894Z remote: Compressing objects:  45% (39/85)        
2021-06-09T12:54:54.1874702Z remote: Compressing objects:  47% (40/85)        
2021-06-09T12:54:54.1875195Z remote: Compressing objects:  48% (41/85)        
2021-06-09T12:54:54.1875703Z remote: Compressing objects:  49% (42/85)        
2021-06-09T12:54:54.1876191Z remote: Compressing objects:  50% (43/85)        
2021-06-09T12:54:54.1876846Z remote: Compressing objects:  51% (44/85)        
2021-06-09T12:54:54.1877491Z remote: Compressing objects:  52% (45/85)        
2021-06-09T12:54:54.1877997Z remote: Compressing objects:  54% (46/85)        
2021-06-09T12:54:54.1878504Z remote: Compressing objects:  55% (47/85)        
2021-06-09T12:54:54.1878989Z remote: Compressing objects:  56% (48/85)        
2021-06-09T12:54:54.1879672Z remote: Compressing objects:  57% (49/85)        
2021-06-09T12:54:54.1880180Z remote: Compressing objects:  58% (50/85)        
2021-06-09T12:54:54.1880700Z remote: Compressing objects:  60% (51/85)        
2021-06-09T12:54:54.1881333Z remote: Compressing objects:  61% (52/85)        
2021-06-09T12:54:54.1882018Z remote: Compressing objects:  62% (53/85)        
2021-06-09T12:54:54.1883195Z remote: Compressing objects:  63% (54/85)        
2021-06-09T12:54:54.1883706Z remote: Compressing objects:  64% (55/85)        
2021-06-09T12:54:54.1884365Z remote: Compressing objects:  65% (56/85)        
2021-06-09T12:54:54.1884845Z remote: Compressing objects:  67% (57/85)        
2021-06-09T12:54:54.1885504Z remote: Compressing objects:  68% (58/85)        
2021-06-09T12:54:54.1885962Z remote: Compressing objects:  69% (59/85)        
2021-06-09T12:54:54.1886440Z remote: Compressing objects:  70% (60/85)        
2021-06-09T12:54:54.1886896Z remote: Compressing objects:  71% (61/85)        
2021-06-09T12:54:54.1887560Z remote: Compressing objects:  72% (62/85)        
2021-06-09T12:54:54.1888136Z remote: Compressing objects:  74% (63/85)        
2021-06-09T12:54:54.1888644Z remote: Compressing objects:  75% (64/85)        
2021-06-09T12:54:54.1889135Z remote: Compressing objects:  76% (65/85)        
2021-06-09T12:54:54.1889613Z remote: Compressing objects:  77% (66/85)        
2021-06-09T12:54:54.1890272Z remote: Compressing objects:  78% (67/85)        
2021-06-09T12:54:54.1890727Z remote: Compressing objects:  80% (68/85)        
2021-06-09T12:54:54.1891202Z remote: Compressing objects:  81% (69/85)        
2021-06-09T12:54:54.1891842Z remote: Compressing objects:  82% (70/85)        
2021-06-09T12:54:54.1893158Z remote: Compressing objects:  83% (71/85)        
2021-06-09T12:54:54.1894936Z remote: Compressing objects:  84% (72/85)        
2021-06-09T12:54:54.1895468Z remote: Compressing objects:  85% (73/85)        
2021-06-09T12:54:54.1896004Z remote: Compressing objects:  87% (74/85)        
2021-06-09T12:54:54.1896524Z remote: Compressing objects:  88% (75/85)        
2021-06-09T12:54:54.1897071Z remote: Compressing objects:  89% (76/85)        
2021-06-09T12:54:54.1897908Z remote: Compressing objects:  90% (77/85)        
2021-06-09T12:54:54.1898569Z remote: Compressing objects:  91% (78/85)        
2021-06-09T12:54:54.1899190Z remote: Compressing objects:  92% (79/85)        
2021-06-09T12:54:54.1899625Z remote: Compressing objects:  94% (80/85)        
2021-06-09T12:54:54.1900076Z remote: Compressing objects:  95% (81/85)        
2021-06-09T12:54:54.1900508Z remote: Compressing objects:  96% (82/85)        
2021-06-09T12:54:54.1900958Z remote: Compressing objects:  97% (83/85)        
2021-06-09T12:54:54.1901393Z remote: Compressing objects:  98% (84/85)        
2021-06-09T12:54:54.1901844Z remote: Compressing objects: 100% (85/85)        
2021-06-09T12:54:54.1902295Z remote: Compressing objects: 100% (85/85), done.        
2021-06-09T12:54:54.1980474Z Receiving objects:   0% (1/504)
2021-06-09T12:54:54.1985479Z Receiving objects:   1% (6/504)
2021-06-09T12:54:54.1993645Z Receiving objects:   2% (11/504)
2021-06-09T12:54:54.1994394Z Receiving objects:   3% (16/504)
2021-06-09T12:54:54.1994980Z Receiving objects:   4% (21/504)
2021-06-09T12:54:54.1995525Z Receiving objects:   5% (26/504)
2021-06-09T12:54:54.1996043Z Receiving objects:   6% (31/504)
2021-06-09T12:54:54.1996803Z Receiving objects:   7% (36/504)
2021-06-09T12:54:54.2000007Z Receiving objects:   8% (41/504)
2021-06-09T12:54:54.2004706Z Receiving objects:   9% (46/504)
2021-06-09T12:54:54.2005123Z Receiving objects:  10% (51/504)
2021-06-09T12:54:54.2005706Z Receiving objects:  11% (56/504)
2021-06-09T12:54:54.2006125Z Receiving objects:  12% (61/504)
2021-06-09T12:54:54.2006504Z Receiving objects:  13% (66/504)
2021-06-09T12:54:54.2006964Z Receiving objects:  14% (71/504)
2021-06-09T12:54:54.2017239Z Receiving objects:  15% (76/504)
2021-06-09T12:54:54.2020563Z Receiving objects:  16% (81/504)
2021-06-09T12:54:54.2021170Z Receiving objects:  17% (86/504)
2021-06-09T12:54:54.2021570Z Receiving objects:  18% (91/504)
2021-06-09T12:54:54.2021999Z Receiving objects:  19% (96/504)
2021-06-09T12:54:54.2022407Z Receiving objects:  20% (101/504)
2021-06-09T12:54:54.2022829Z Receiving objects:  21% (106/504)
2021-06-09T12:54:54.2023234Z Receiving objects:  22% (111/504)
2021-06-09T12:54:54.2023659Z Receiving objects:  23% (116/504)
2021-06-09T12:54:54.2024059Z Receiving objects:  24% (121/504)
2021-06-09T12:54:54.2024704Z Receiving objects:  25% (126/504)
2021-06-09T12:54:54.2025095Z Receiving objects:  26% (132/504)
2021-06-09T12:54:54.2025499Z Receiving objects:  27% (137/504)
2021-06-09T12:54:54.2025943Z Receiving objects:  28% (142/504)
2021-06-09T12:54:54.2026334Z Receiving objects:  29% (147/504)
2021-06-09T12:54:54.2026742Z Receiving objects:  30% (152/504)
2021-06-09T12:54:54.2029583Z Receiving objects:  31% (157/504)
2021-06-09T12:54:54.2033199Z Receiving objects:  32% (162/504)
2021-06-09T12:54:54.2033612Z Receiving objects:  33% (167/504)
2021-06-09T12:54:54.2034018Z Receiving objects:  34% (172/504)
2021-06-09T12:54:54.2035522Z Receiving objects:  35% (177/504)
2021-06-09T12:54:54.2035997Z Receiving objects:  36% (182/504)
2021-06-09T12:54:54.2036406Z Receiving objects:  37% (187/504)
2021-06-09T12:54:54.2039382Z remote: Total 504 (delta 87), reused 77 (delta 75), pack-reused 343        
2021-06-09T12:54:54.2040845Z Receiving objects:  38% (192/504)
2021-06-09T12:54:54.2041272Z Receiving objects:  39% (197/504)
2021-06-09T12:54:54.2042764Z Receiving objects:  40% (202/504)
2021-06-09T12:54:54.2043232Z Receiving objects:  41% (207/504)
2021-06-09T12:54:54.2044577Z Receiving objects:  42% (212/504)
2021-06-09T12:54:54.2050378Z Receiving objects:  43% (217/504)
2021-06-09T12:54:54.2050954Z Receiving objects:  44% (222/504)
2021-06-09T12:54:54.2056767Z Receiving objects:  45% (227/504)
2021-06-09T12:54:54.2062549Z Receiving objects:  46% (232/504)
2021-06-09T12:54:54.2065283Z Receiving objects:  47% (237/504)
2021-06-09T12:54:54.2065677Z Receiving objects:  48% (242/504)
2021-06-09T12:54:54.2066087Z Receiving objects:  49% (247/504)
2021-06-09T12:54:54.2066483Z Receiving objects:  50% (252/504)
2021-06-09T12:54:54.2068459Z Receiving objects:  51% (258/504)
2021-06-09T12:54:54.2069640Z Receiving objects:  52% (263/504)
2021-06-09T12:54:54.2070837Z Receiving objects:  53% (268/504)
2021-06-09T12:54:54.2072820Z Receiving objects:  54% (273/504)
2021-06-09T12:54:54.2073219Z Receiving objects:  55% (278/504)
2021-06-09T12:54:54.2075192Z Receiving objects:  56% (283/504)
2021-06-09T12:54:54.2076367Z Receiving objects:  57% (288/504)
2021-06-09T12:54:54.2077560Z Receiving objects:  58% (293/504)
2021-06-09T12:54:54.2077937Z Receiving objects:  59% (298/504)
2021-06-09T12:54:54.2079910Z Receiving objects:  60% (303/504)
2021-06-09T12:54:54.2081138Z Receiving objects:  61% (308/504)
2021-06-09T12:54:54.2088288Z Receiving objects:  62% (313/504)
2021-06-09T12:54:54.2092854Z Receiving objects:  63% (318/504)
2021-06-09T12:54:54.2093231Z Receiving objects:  64% (323/504)
2021-06-09T12:54:54.2093626Z Receiving objects:  65% (328/504)
2021-06-09T12:54:54.2094012Z Receiving objects:  66% (333/504)
2021-06-09T12:54:54.2094406Z Receiving objects:  67% (338/504)
2021-06-09T12:54:54.2094784Z Receiving objects:  68% (343/504)
2021-06-09T12:54:54.2098678Z Receiving objects:  69% (348/504)
2021-06-09T12:54:54.2101609Z Receiving objects:  70% (353/504)
2021-06-09T12:54:54.2102102Z Receiving objects:  71% (358/504)
2021-06-09T12:54:54.2102497Z Receiving objects:  72% (363/504)
2021-06-09T12:54:54.2103665Z Receiving objects:  73% (368/504)
2021-06-09T12:54:54.2108599Z Receiving objects:  74% (373/504)
2021-06-09T12:54:54.2112368Z Receiving objects:  75% (378/504)
2021-06-09T12:54:54.2113413Z Receiving objects:  76% (384/504)
2021-06-09T12:54:54.2113814Z Receiving objects:  77% (389/504)
2021-06-09T12:54:54.2117083Z Receiving objects:  78% (394/504)
2021-06-09T12:54:54.2117501Z Receiving objects:  79% (399/504)
2021-06-09T12:54:54.2117876Z Receiving objects:  80% (404/504)
2021-06-09T12:54:54.2118270Z Receiving objects:  81% (409/504)
2021-06-09T12:54:54.2120093Z Receiving objects:  82% (414/504)
2021-06-09T12:54:54.2120521Z Receiving objects:  83% (419/504)
2021-06-09T12:54:54.2120918Z Receiving objects:  84% (424/504)
2021-06-09T12:54:54.2121469Z Receiving objects:  85% (429/504)
2021-06-09T12:54:54.2121879Z Receiving objects:  86% (434/504)
2021-06-09T12:54:54.2122468Z Receiving objects:  87% (439/504)
2021-06-09T12:54:54.2122869Z Receiving objects:  88% (444/504)
2021-06-09T12:54:54.2123619Z Receiving objects:  89% (449/504)
2021-06-09T12:54:54.2124010Z Receiving objects:  90% (454/504)
2021-06-09T12:54:54.2125254Z Receiving objects:  91% (459/504)
2021-06-09T12:54:54.2125652Z Receiving objects:  92% (464/504)
2021-06-09T12:54:54.2126027Z Receiving objects:  93% (469/504)
2021-06-09T12:54:54.2126528Z Receiving objects:  94% (474/504)
2021-06-09T12:54:54.2126904Z Receiving objects:  95% (479/504)
2021-06-09T12:54:54.2127295Z Receiving objects:  96% (484/504)
2021-06-09T12:54:54.2127669Z Receiving objects:  97% (489/504)
2021-06-09T12:54:54.2129037Z Receiving objects:  98% (494/504)
2021-06-09T12:54:54.2129464Z Receiving objects:  99% (499/504)
2021-06-09T12:54:54.2129856Z Receiving objects: 100% (504/504)
2021-06-09T12:54:54.2130308Z Receiving objects: 100% (504/504), 142.97 KiB | 11.00 MiB/s, done.
2021-06-09T12:54:54.2130852Z Resolving deltas:   0% (0/265)
2021-06-09T12:54:54.2131240Z Resolving deltas:   1% (3/265)
2021-06-09T12:54:54.2131603Z Resolving deltas:   2% (6/265)
2021-06-09T12:54:54.2131983Z Resolving deltas:   3% (8/265)
2021-06-09T12:54:54.2133186Z Resolving deltas:   4% (11/265)
2021-06-09T12:54:54.2133572Z Resolving deltas:   5% (14/265)
2021-06-09T12:54:54.2133936Z Resolving deltas:   6% (16/265)
2021-06-09T12:54:54.2134425Z Resolving deltas:   7% (19/265)
2021-06-09T12:54:54.2134793Z Resolving deltas:   8% (22/265)
2021-06-09T12:54:54.2135175Z Resolving deltas:   9% (24/265)
2021-06-09T12:54:54.2135557Z Resolving deltas:  10% (27/265)
2021-06-09T12:54:54.2135923Z Resolving deltas:  11% (30/265)
2021-06-09T12:54:54.2137121Z Resolving deltas:  12% (32/265)
2021-06-09T12:54:54.2137544Z Resolving deltas:  13% (35/265)
2021-06-09T12:54:54.2137930Z Resolving deltas:  14% (38/265)
2021-06-09T12:54:54.2138295Z Resolving deltas:  15% (40/265)
2021-06-09T12:54:54.2147853Z Resolving deltas:  16% (43/265)
2021-06-09T12:54:54.2148239Z Resolving deltas:  17% (46/265)
2021-06-09T12:54:54.2149485Z Resolving deltas:  18% (48/265)
2021-06-09T12:54:54.2149851Z Resolving deltas:  19% (51/265)
2021-06-09T12:54:54.2151287Z Resolving deltas:  20% (53/265)
2021-06-09T12:54:54.2151871Z Resolving deltas:  21% (56/265)
2021-06-09T12:54:54.2152341Z Resolving deltas:  22% (59/265)
2021-06-09T12:54:54.2152828Z Resolving deltas:  23% (61/265)
2021-06-09T12:54:54.2153295Z Resolving deltas:  24% (64/265)
2021-06-09T12:54:54.2153841Z Resolving deltas:  25% (67/265)
2021-06-09T12:54:54.2154594Z Resolving deltas:  26% (69/265)
2021-06-09T12:54:54.2154975Z Resolving deltas:  27% (72/265)
2021-06-09T12:54:54.2155337Z Resolving deltas:  28% (75/265)
2021-06-09T12:54:54.2157789Z Resolving deltas:  29% (77/265)
2021-06-09T12:54:54.2158208Z Resolving deltas:  30% (80/265)
2021-06-09T12:54:54.2158589Z Resolving deltas:  31% (83/265)
2021-06-09T12:54:54.2160452Z Resolving deltas:  32% (85/265)
2021-06-09T12:54:54.2160821Z Resolving deltas:  33% (88/265)
2021-06-09T12:54:54.2164777Z Resolving deltas:  34% (91/265)
2021-06-09T12:54:54.2170728Z Resolving deltas:  35% (93/265)
2021-06-09T12:54:54.2171225Z Resolving deltas:  36% (96/265)
2021-06-09T12:54:54.2173864Z Resolving deltas:  37% (99/265)
2021-06-09T12:54:54.2177811Z Resolving deltas:  38% (101/265)
2021-06-09T12:54:54.2180954Z Resolving deltas:  39% (104/265)
2021-06-09T12:54:54.2183818Z Resolving deltas:  40% (106/265)
2021-06-09T12:54:54.2186844Z Resolving deltas:  41% (109/265)
2021-06-09T12:54:54.2188940Z Resolving deltas:  42% (112/265)
2021-06-09T12:54:54.2192166Z Resolving deltas:  43% (114/265)
2021-06-09T12:54:54.2196782Z Resolving deltas:  44% (117/265)
2021-06-09T12:54:54.2202744Z Resolving deltas:  45% (120/265)
2021-06-09T12:54:54.2203181Z Resolving deltas:  46% (122/265)
2021-06-09T12:54:54.2203550Z Resolving deltas:  47% (125/265)
2021-06-09T12:54:54.2207045Z Resolving deltas:  48% (128/265)
2021-06-09T12:54:54.2207442Z Resolving deltas:  49% (130/265)
2021-06-09T12:54:54.2207860Z Resolving deltas:  50% (133/265)
2021-06-09T12:54:54.2218769Z Resolving deltas:  51% (136/265)
2021-06-09T12:54:54.2219191Z Resolving deltas:  52% (138/265)
2021-06-09T12:54:54.2219573Z Resolving deltas:  53% (141/265)
2021-06-09T12:54:54.2219938Z Resolving deltas:  54% (144/265)
2021-06-09T12:54:54.2220323Z Resolving deltas:  55% (146/265)
2021-06-09T12:54:54.2220688Z Resolving deltas:  56% (149/265)
2021-06-09T12:54:54.2221069Z Resolving deltas:  57% (152/265)
2021-06-09T12:54:54.2261314Z Resolving deltas:  58% (154/265)
2021-06-09T12:54:54.2261801Z Resolving deltas:  59% (157/265)
2021-06-09T12:54:54.2262205Z Resolving deltas:  60% (159/265)
2021-06-09T12:54:54.2262626Z Resolving deltas:  61% (162/265)
2021-06-09T12:54:54.2263186Z Resolving deltas:  62% (165/265)
2021-06-09T12:54:54.2263709Z Resolving deltas:  63% (167/265)
2021-06-09T12:54:54.2264125Z Resolving deltas:  64% (170/265)
2021-06-09T12:54:54.2264524Z Resolving deltas:  65% (173/265)
2021-06-09T12:54:54.2264940Z Resolving deltas:  66% (175/265)
2021-06-09T12:54:54.2265349Z Resolving deltas:  67% (178/265)
2021-06-09T12:54:54.2265761Z Resolving deltas:  68% (181/265)
2021-06-09T12:54:54.2266159Z Resolving deltas:  69% (183/265)
2021-06-09T12:54:54.2266761Z Resolving deltas:  70% (186/265)
2021-06-09T12:54:54.2267188Z Resolving deltas:  71% (189/265)
2021-06-09T12:54:54.2267601Z Resolving deltas:  72% (191/265)
2021-06-09T12:54:54.2268025Z Resolving deltas:  73% (194/265)
2021-06-09T12:54:54.2268434Z Resolving deltas:  74% (197/265)
2021-06-09T12:54:54.2268859Z Resolving deltas:  75% (199/265)
2021-06-09T12:54:54.2269471Z Resolving deltas:  76% (202/265)
2021-06-09T12:54:54.2269951Z Resolving deltas:  77% (205/265)
2021-06-09T12:54:54.2270499Z Resolving deltas:  78% (207/265)
2021-06-09T12:54:54.2271065Z Resolving deltas:  79% (210/265)
2021-06-09T12:54:54.2271445Z Resolving deltas:  80% (212/265)
2021-06-09T12:54:54.2271834Z Resolving deltas:  81% (215/265)
2021-06-09T12:54:54.2272227Z Resolving deltas:  82% (218/265)
2021-06-09T12:54:54.2272607Z Resolving deltas:  83% (220/265)
2021-06-09T12:54:54.2273000Z Resolving deltas:  84% (223/265)
2021-06-09T12:54:54.2273376Z Resolving deltas:  85% (226/265)
2021-06-09T12:54:54.2273767Z Resolving deltas:  86% (228/265)
2021-06-09T12:54:54.2274143Z Resolving deltas:  87% (231/265)
2021-06-09T12:54:54.2274532Z Resolving deltas:  88% (234/265)
2021-06-09T12:54:54.2274908Z Resolving deltas:  89% (236/265)
2021-06-09T12:54:54.2275299Z Resolving deltas:  90% (239/265)
2021-06-09T12:54:54.2275906Z Resolving deltas:  91% (242/265)
2021-06-09T12:54:54.2276496Z Resolving deltas:  92% (244/265)
2021-06-09T12:54:54.2276895Z Resolving deltas:  93% (247/265)
2021-06-09T12:54:54.2277309Z Resolving deltas:  94% (250/265)
2021-06-09T12:54:54.2277730Z Resolving deltas:  95% (252/265)
2021-06-09T12:54:54.2278129Z Resolving deltas:  96% (255/265)
2021-06-09T12:54:54.2278858Z Resolving deltas:  97% (258/265)
2021-06-09T12:54:54.2279234Z Resolving deltas:  98% (260/265)
2021-06-09T12:54:54.2285463Z Resolving deltas:  99% (263/265)
2021-06-09T12:54:54.2286243Z Resolving deltas: 100% (265/265)
2021-06-09T12:54:54.2286681Z Resolving deltas: 100% (265/265), done.
2021-06-09T12:54:54.2407595Z From https://github.com/con/tinuous
2021-06-09T12:54:54.2408978Z  * [new branch]      gh-55         -> origin/gh-55
2021-06-09T12:54:54.2411422Z  * [new branch]      gh-74         -> origin/gh-74
2021-06-09T12:54:54.2412523Z  * [new branch]      gh-78         -> origin/gh-78
2021-06-09T12:54:54.2414668Z  * [new branch]      master        -> origin/master
2021-06-09T12:54:54.2415904Z  * [new branch]      test-appveyor -> origin/test-appveyor
2021-06-09T12:54:54.2416798Z  * [new tag]         0.1.0         -> 0.1.0
2021-06-09T12:54:54.2417934Z  * [new tag]         0.2.0         -> 0.2.0
2021-06-09T12:54:54.2444941Z [command]/usr/bin/git branch --list --remote origin/gh-74
2021-06-09T12:54:54.2468340Z   origin/gh-74
2021-06-09T12:54:54.2477610Z [command]/usr/bin/git rev-parse refs/remotes/origin/gh-74
2021-06-09T12:54:54.2499751Z 3776ef83e62355a7b9a92001c59dbf52a59707a4
2021-06-09T12:54:54.2505423Z ##[endgroup]
2021-06-09T12:54:54.2505936Z ##[group]Determining the checkout info
2021-06-09T12:54:54.2510084Z ##[endgroup]
2021-06-09T12:54:54.2510512Z ##[group]Checking out the ref
2021-06-09T12:54:54.2516738Z [command]/usr/bin/git checkout --progress --force -B gh-74 refs/remotes/origin/gh-74
2021-06-09T12:54:54.2577207Z Switched to a new branch 'gh-74'
2021-06-09T12:54:54.2581517Z Branch 'gh-74' set up to track remote branch 'gh-74' from 'origin'.
2021-06-09T12:54:54.2585944Z ##[endgroup]
2021-06-09T12:54:54.2620779Z [command]/usr/bin/git log -1 --format='%H'
2021-06-09T12:54:54.2641683Z '3776ef83e62355a7b9a92001c59dbf52a59707a4'
2021-06-09T12:54:54.2773990Z ##[group]Run actions/setup-python@v2
2021-06-09T12:54:54.2774646Z with:
2021-06-09T12:54:54.2775401Z   python-version: 3.8
2021-06-09T12:54:54.2776363Z   token: ***
2021-06-09T12:54:54.2776714Z ##[endgroup]
2021-06-09T12:54:54.3299033Z Successfully setup CPython (3.8.10)
2021-06-09T12:54:54.3467116Z ##[group]Run python -m pip install --upgrade pip wheel
2021-06-09T12:54:54.3467941Z [36;1mpython -m pip install --upgrade pip wheel[0m
2021-06-09T12:54:54.3468718Z [36;1mpython -m pip install --upgrade --upgrade-strategy=eager tox[0m
2021-06-09T12:54:54.3503886Z shell: /usr/bin/bash -e {0}
2021-06-09T12:54:54.3504246Z env:
2021-06-09T12:54:54.3504685Z   pythonLocation: /opt/hostedtoolcache/Python/3.8.10/x64
2021-06-09T12:54:54.3505277Z   LD_LIBRARY_PATH: /opt/hostedtoolcache/Python/3.8.10/x64/lib
2021-06-09T12:54:54.3505698Z ##[endgroup]
2021-06-09T12:54:56.5177555Z Requirement already satisfied: pip in /opt/hostedtoolcache/Python/3.8.10/x64/lib/python3.8/site-packages (21.1.2)
2021-06-09T12:54:56.7240320Z Collecting wheel
2021-06-09T12:54:56.7558122Z   Downloading wheel-0.36.2-py2.py3-none-any.whl (35 kB)
2021-06-09T12:54:56.8270470Z Installing collected packages: wheel
2021-06-09T12:54:56.8596719Z Successfully installed wheel-0.36.2
2021-06-09T12:54:57.4896912Z Collecting tox
2021-06-09T12:54:57.5237761Z   Downloading tox-3.23.1-py2.py3-none-any.whl (85 kB)
2021-06-09T12:54:57.5808488Z Collecting filelock>=3.0.0
2021-06-09T12:54:57.5882360Z   Downloading filelock-3.0.12-py3-none-any.whl (7.6 kB)
2021-06-09T12:54:57.6533331Z Collecting py>=1.4.17
2021-06-09T12:54:57.6636856Z   Downloading py-1.10.0-py2.py3-none-any.whl (97 kB)
2021-06-09T12:54:57.7054990Z Collecting six>=1.14.0
2021-06-09T12:54:57.7150018Z   Downloading six-1.16.0-py2.py3-none-any.whl (11 kB)
2021-06-09T12:54:57.9185718Z Collecting virtualenv!=20.0.0,!=20.0.1,!=20.0.2,!=20.0.3,!=20.0.4,!=20.0.5,!=20.0.6,!=20.0.7,>=16.0.0
2021-06-09T12:54:57.9278227Z   Downloading virtualenv-20.4.7-py2.py3-none-any.whl (7.2 MB)
2021-06-09T12:54:58.2525596Z Collecting pluggy>=0.12.0
2021-06-09T12:54:58.2602425Z   Downloading pluggy-0.13.1-py2.py3-none-any.whl (18 kB)
2021-06-09T12:54:58.3162673Z Collecting packaging>=14
2021-06-09T12:54:58.3385814Z   Downloading packaging-20.9-py2.py3-none-any.whl (40 kB)
2021-06-09T12:54:58.3650127Z Collecting toml>=0.9.4
2021-06-09T12:54:58.3744442Z   Downloading toml-0.10.2-py2.py3-none-any.whl (16 kB)
2021-06-09T12:54:58.4483384Z Collecting pyparsing>=2.0.2
2021-06-09T12:54:58.4624557Z   Downloading pyparsing-2.4.7-py2.py3-none-any.whl (67 kB)
2021-06-09T12:54:58.5424861Z Collecting distlib<1,>=0.3.1
2021-06-09T12:54:58.5511420Z   Downloading distlib-0.3.2-py2.py3-none-any.whl (338 kB)
2021-06-09T12:54:58.5838702Z Collecting appdirs<2,>=1.4.3
2021-06-09T12:54:58.5909236Z   Downloading appdirs-1.4.4-py2.py3-none-any.whl (9.6 kB)
2021-06-09T12:54:58.6837680Z Installing collected packages: six, pyparsing, filelock, distlib, appdirs, virtualenv, toml, py, pluggy, packaging, tox
2021-06-09T12:54:59.1920195Z Successfully installed appdirs-1.4.4 distlib-0.3.2 filelock-3.0.12 packaging-20.9 pluggy-0.13.1 py-1.10.0 pyparsing-2.4.7 six-1.16.0 toml-0.10.2 tox-3.23.1 virtualenv-20.4.7
2021-06-09T12:54:59.2706594Z ##[group]Run tox -e typing
2021-06-09T12:54:59.2707216Z [36;1mtox -e typing[0m
2021-06-09T12:54:59.2741719Z shell: /usr/bin/bash -e {0}
2021-06-09T12:54:59.2742032Z env:
2021-06-09T12:54:59.2742474Z   pythonLocation: /opt/hostedtoolcache/Python/3.8.10/x64
2021-06-09T12:54:59.2743055Z   LD_LIBRARY_PATH: /opt/hostedtoolcache/Python/3.8.10/x64/lib
2021-06-09T12:54:59.2743498Z ##[endgroup]
2021-06-09T12:54:59.5031956Z .package create: /home/runner/work/tinuous/tinuous/.tox/.package
2021-06-09T12:55:00.2389379Z .package installdeps: setuptools >= 46.4.0, wheel ~= 0.32
2021-06-09T12:55:03.6011364Z typing create: /home/runner/work/tinuous/tinuous/.tox/typing
2021-06-09T12:55:03.8657476Z typing installdeps: mypy~=0.900, types-python-dateutil, types-PyYAML, types-requests, pytest~=6.0, pytest-cov~=2.0
2021-06-09T12:55:09.0741040Z typing inst: /home/runner/work/tinuous/tinuous/.tox/.tmp/package/1/tinuous-0.2.0+37.g3776ef8.tar.gz
2021-06-09T12:55:21.0110912Z typing installed: attrs==21.2.0,certifi==2021.5.30,cffi==1.14.5,chardet==4.0.0,click==8.0.1,click-loglevel==0.4.0.post1,coverage==5.5,Deprecated==1.2.12,idna==2.10,in-place==0.5.0,iniconfig==1.1.1,mypy==0.901,mypy-extensions==0.4.3,packaging==20.9,pluggy==0.13.1,py==1.10.0,pycparser==2.20,pydantic==1.8.2,PyGithub==1.55,PyJWT==2.1.0,PyNaCl==1.4.0,pyparsing==2.4.7,pytest==6.2.4,pytest-cov==2.12.1,python-dateutil==2.8.1,python-dotenv==0.17.1,PyYAML==5.4.1,requests==2.25.1,six==1.16.0,tinuous @ file:///home/runner/work/tinuous/tinuous/.tox/.tmp/package/1/tinuous-0.2.0%2B37.g3776ef8.tar.gz,toml==0.10.2,types-python-dateutil==0.1.2,types-PyYAML==0.1.5,types-requests==0.1.8,typing-extensions==3.10.0.0,urllib3==1.26.5,wrapt==1.12.1
2021-06-09T12:55:21.0113942Z typing run-test-pre: PYTHONHASHSEED='118894786'
2021-06-09T12:55:21.0115090Z typing run-test: commands[0] | mypy src test
2021-06-09T12:55:29.0334941Z Success: no issues found in 10 source files
2021-06-09T12:55:29.5449294Z ___________________________________ summary ____________________________________
2021-06-09T12:55:29.5449948Z   typing: commands succeeded
2021-06-09T12:55:29.5450560Z   congratulations :)
2021-06-09T12:55:29.5806250Z Post job cleanup.
2021-06-09T12:55:29.6867502Z [command]/usr/bin/git version
2021-06-09T12:55:29.6908376Z git version 2.31.1
2021-06-09T12:55:29.6952629Z [command]/usr/bin/git config --local --name-only --get-regexp core\.sshCommand
2021-06-09T12:55:29.6984508Z [command]/usr/bin/git submodule foreach --recursive git config --local --name-only --get-regexp 'core\.sshCommand' && git config --local --unset-all 'core.sshCommand' || :
2021-06-09T12:55:29.7196555Z [command]/usr/bin/git config --local --name-only --get-regexp http\.https\:\/\/github\.com\/\.extraheader
2021-06-09T12:55:29.7224632Z http.https://github.com/.extraheader
2021-06-09T12:55:29.7226092Z [command]/usr/bin/git config --local --unset-all http.https://github.com/.extraheader
2021-06-09T12:55:29.7248480Z [command]/usr/bin/git submodule foreach --recursive git config --local --name-only --get-regexp 'http\.https\:\/\/github\.com\/\.extraheader' && git config --local --unset-all 'http.https://github.com/.extraheader' || :
2021-06-09T12:55:29.7477054Z Cleaning up orphan processes
