2021-02-19T17:55:22.7645111Z ##[section]Starting: Request a runner to run this job
2021-02-19T17:55:23.2405920Z Can't find any online and idle self-hosted runner in current repository that matches the required labels: 'ubuntu-latest'
2021-02-19T17:55:23.2406025Z Can't find any online and idle self-hosted runner in current repository's account/organization that matches the required labels: 'ubuntu-latest'
2021-02-19T17:55:23.2406453Z Found online and idle hosted runner in current repository's account/organization that matches the required labels: 'ubuntu-latest'
2021-02-19T17:55:23.4225594Z ##[section]Finishing: Request a runner to run this job
2021-02-19T17:55:31.8795710Z Current runner version: '2.277.1'
2021-02-19T17:55:31.8848174Z ##[group]Operating System
2021-02-19T17:55:31.8849139Z Ubuntu
2021-02-19T17:55:31.8849653Z 20.04.2
2021-02-19T17:55:31.8850068Z LTS
2021-02-19T17:55:31.8850563Z ##[endgroup]
2021-02-19T17:55:31.8851102Z ##[group]Virtual Environment
2021-02-19T17:55:31.8851825Z Environment: ubuntu-20.04
2021-02-19T17:55:31.8852379Z Version: 20210216.1
2021-02-19T17:55:31.8853386Z Included Software: https://github.com/actions/virtual-environments/blob/ubuntu20/20210216.1/images/linux/Ubuntu2004-README.md
2021-02-19T17:55:31.8854426Z ##[endgroup]
2021-02-19T17:55:31.8856554Z ##[group]GITHUB_TOKEN Permissions
2021-02-19T17:55:31.8857942Z Actions: write
2021-02-19T17:55:31.8858519Z Checks: write
2021-02-19T17:55:31.8859010Z Contents: write
2021-02-19T17:55:31.8859535Z Deployments: write
2021-02-19T17:55:31.8860332Z Issues: write
2021-02-19T17:55:31.8861088Z Metadata: read
2021-02-19T17:55:31.8861784Z OrganizationPackages: write
2021-02-19T17:55:31.8862562Z Packages: write
2021-02-19T17:55:31.8863149Z PullRequests: write
2021-02-19T17:55:31.8863845Z RepositoryProjects: write
2021-02-19T17:55:31.8864534Z SecurityEvents: write
2021-02-19T17:55:31.8865460Z Statuses: write
2021-02-19T17:55:31.8866070Z ##[endgroup]
2021-02-19T17:55:31.8869334Z Prepare workflow directory
2021-02-19T17:55:31.9592541Z Prepare all required actions
2021-02-19T17:55:31.9604631Z Getting action download info
2021-02-19T17:55:32.2490653Z Download action repository 'actions/checkout@v2'
2021-02-19T17:55:34.2569341Z Download action repository 'actions/setup-python@v2'
2021-02-19T17:55:34.8160239Z ##[group]Run actions/checkout@v2
2021-02-19T17:55:34.8160856Z with:
2021-02-19T17:55:34.8161441Z   repository: con/tinuous
2021-02-19T17:55:34.8162086Z   token: ***
2021-02-19T17:55:34.8162655Z   ssh-strict: true
2021-02-19T17:55:34.8163783Z   persist-credentials: true
2021-02-19T17:55:34.8164215Z   clean: true
2021-02-19T17:55:34.8164611Z   fetch-depth: 1
2021-02-19T17:55:34.8164958Z   lfs: false
2021-02-19T17:55:34.8165390Z   submodules: false
2021-02-19T17:55:34.8165786Z ##[endgroup]
2021-02-19T17:55:35.2276565Z Syncing repository: con/tinuous
2021-02-19T17:55:35.2277473Z ##[group]Getting Git version info
2021-02-19T17:55:35.2281140Z Working directory is '/home/runner/work/tinuous/tinuous'
2021-02-19T17:55:35.2313933Z [command]/usr/bin/git version
2021-02-19T17:55:35.2578431Z git version 2.30.0
2021-02-19T17:55:35.7716366Z ##[endgroup]
2021-02-19T17:55:35.7717891Z Deleting the contents of '/home/runner/work/tinuous/tinuous'
2021-02-19T17:55:35.7720696Z ##[group]Initializing the repository
2021-02-19T17:55:35.7721683Z [command]/usr/bin/git init /home/runner/work/tinuous/tinuous
2021-02-19T17:55:35.7723030Z hint: Using 'master' as the name for the initial branch. This default branch name
2021-02-19T17:55:35.7723941Z hint: is subject to change. To configure the initial branch name to use in all
2021-02-19T17:55:35.7725021Z hint: of your new repositories, which will suppress this warning, call:
2021-02-19T17:55:35.7725673Z hint: 
2021-02-19T17:55:35.7726558Z hint: 	git config --global init.defaultBranch <name>
2021-02-19T17:55:35.7727147Z hint: 
2021-02-19T17:55:35.7727944Z hint: Names commonly chosen instead of 'master' are 'main', 'trunk' and
2021-02-19T17:55:35.7729153Z hint: 'development'. The just-created branch can be renamed via this command:
2021-02-19T17:55:35.7729814Z hint: 
2021-02-19T17:55:35.7730793Z hint: 	git branch -m <name>
2021-02-19T17:55:35.7731711Z Initialized empty Git repository in /home/runner/work/tinuous/tinuous/.git/
2021-02-19T17:55:35.7732857Z [command]/usr/bin/git remote add origin https://github.com/con/tinuous
2021-02-19T17:55:35.7733772Z ##[endgroup]
2021-02-19T17:55:35.7734592Z ##[group]Disabling automatic garbage collection
2021-02-19T17:55:35.7735812Z [command]/usr/bin/git config --local gc.auto 0
2021-02-19T17:55:35.7736618Z ##[endgroup]
2021-02-19T17:55:35.7738802Z ##[group]Setting up auth
2021-02-19T17:55:35.7740309Z [command]/usr/bin/git config --local --name-only --get-regexp core\.sshCommand
2021-02-19T17:55:35.7743044Z [command]/usr/bin/git submodule foreach --recursive git config --local --name-only --get-regexp 'core\.sshCommand' && git config --local --unset-all 'core.sshCommand' || :
2021-02-19T17:55:35.7745017Z [command]/usr/bin/git config --local --name-only --get-regexp http\.https\:\/\/github\.com\/\.extraheader
2021-02-19T17:55:35.7747315Z [command]/usr/bin/git submodule foreach --recursive git config --local --name-only --get-regexp 'http\.https\:\/\/github\.com\/\.extraheader' && git config --local --unset-all 'http.https://github.com/.extraheader' || :
2021-02-19T17:55:35.7749590Z [command]/usr/bin/git config --local http.https://github.com/.extraheader AUTHORIZATION: basic ***
2021-02-19T17:55:35.7750787Z ##[endgroup]
2021-02-19T17:55:35.7751504Z ##[group]Fetching the repository
2021-02-19T17:55:35.7753696Z [command]/usr/bin/git -c protocol.version=2 fetch --no-tags --prune --progress --no-recurse-submodules --depth=1 origin +f7da1d1144fe0d7782ed4acee2f8077ce6453ad6:refs/remotes/origin/pydantic
2021-02-19T17:55:35.7755346Z remote: Enumerating objects: 12, done.        
2021-02-19T17:55:35.7756125Z remote: Counting objects:   8% (1/12)        
2021-02-19T17:55:35.7757154Z remote: Counting objects:  16% (2/12)        
2021-02-19T17:55:35.7757876Z remote: Counting objects:  25% (3/12)        
2021-02-19T17:55:35.7759104Z remote: Counting objects:  33% (4/12)        
2021-02-19T17:55:35.7759803Z remote: Counting objects:  41% (5/12)        
2021-02-19T17:55:35.7760594Z remote: Counting objects:  50% (6/12)        
2021-02-19T17:55:35.7761477Z remote: Counting objects:  58% (7/12)        
2021-02-19T17:55:35.7762317Z remote: Counting objects:  66% (8/12)        
2021-02-19T17:55:35.7762995Z remote: Counting objects:  75% (9/12)        
2021-02-19T17:55:35.7763733Z remote: Counting objects:  83% (10/12)        
2021-02-19T17:55:35.7764321Z remote: Counting objects:  91% (11/12)        
2021-02-19T17:55:35.7765135Z remote: Counting objects: 100% (12/12)        
2021-02-19T17:55:35.7765904Z remote: Counting objects: 100% (12/12), done.        
2021-02-19T17:55:35.7766699Z remote: Compressing objects:  10% (1/10)        
2021-02-19T17:55:35.7767419Z remote: Compressing objects:  20% (2/10)        
2021-02-19T17:55:35.7768202Z remote: Compressing objects:  30% (3/10)        
2021-02-19T17:55:35.7768962Z remote: Compressing objects:  40% (4/10)        
2021-02-19T17:55:35.7769957Z remote: Compressing objects:  50% (5/10)        
2021-02-19T17:55:35.7770695Z remote: Compressing objects:  60% (6/10)        
2021-02-19T17:55:35.7771519Z remote: Compressing objects:  70% (7/10)        
2021-02-19T17:55:35.7772431Z remote: Compressing objects:  80% (8/10)        
2021-02-19T17:55:35.7773459Z remote: Compressing objects:  90% (9/10)        
2021-02-19T17:55:35.7774192Z remote: Compressing objects: 100% (10/10)        
2021-02-19T17:55:35.7775004Z remote: Compressing objects: 100% (10/10), done.        
2021-02-19T17:55:35.7776347Z remote: Total 12 (delta 0), reused 8 (delta 0), pack-reused 0        
2021-02-19T17:55:35.7777358Z From https://github.com/con/tinuous
2021-02-19T17:55:35.7778963Z  * [new ref]         f7da1d1144fe0d7782ed4acee2f8077ce6453ad6 -> origin/pydantic
2021-02-19T17:55:35.7780275Z ##[endgroup]
2021-02-19T17:55:35.7781011Z ##[group]Determining the checkout info
2021-02-19T17:55:35.7781768Z ##[endgroup]
2021-02-19T17:55:35.7782389Z ##[group]Checking out the ref
2021-02-19T17:55:35.7783784Z [command]/usr/bin/git checkout --progress --force -B pydantic refs/remotes/origin/pydantic
2021-02-19T17:55:35.7784998Z Switched to a new branch 'pydantic'
2021-02-19T17:55:35.7786199Z Branch 'pydantic' set up to track remote branch 'pydantic' from 'origin'.
2021-02-19T17:55:35.7787027Z ##[endgroup]
2021-02-19T17:55:35.7789546Z [command]/usr/bin/git log -1 --format='%H'
2021-02-19T17:55:35.7791313Z 'f7da1d1144fe0d7782ed4acee2f8077ce6453ad6'
2021-02-19T17:55:35.7952968Z ##[group]Run actions/setup-python@v2
2021-02-19T17:55:35.7953793Z with:
2021-02-19T17:55:35.7954224Z   python-version: 3.9
2021-02-19T17:55:35.7955173Z   token: ***
2021-02-19T17:55:35.7955561Z ##[endgroup]
2021-02-19T17:55:35.8964786Z Successfully setup CPython (3.9.1)
2021-02-19T17:55:35.9030567Z ##[group]Run python -m pip install --upgrade pip wheel
2021-02-19T17:55:35.9031902Z [36;1mpython -m pip install --upgrade pip wheel[0m
2021-02-19T17:55:35.9032555Z [36;1mpython -m pip install -r requirements.txt[0m
2021-02-19T17:55:35.9080842Z shell: /usr/bin/bash -e {0}
2021-02-19T17:55:35.9081252Z env:
2021-02-19T17:55:35.9081823Z   pythonLocation: /opt/hostedtoolcache/Python/3.9.1/x64
2021-02-19T17:55:35.9082573Z   LD_LIBRARY_PATH: /opt/hostedtoolcache/Python/3.9.1/x64/lib
2021-02-19T17:55:35.9083151Z ##[endgroup]
2021-02-19T17:55:37.9129247Z Requirement already satisfied: pip in /opt/hostedtoolcache/Python/3.9.1/x64/lib/python3.9/site-packages (21.0.1)
2021-02-19T17:55:38.3280439Z Collecting wheel
2021-02-19T17:55:38.3884691Z   Downloading wheel-0.36.2-py2.py3-none-any.whl (35 kB)
2021-02-19T17:55:38.4367105Z Installing collected packages: wheel
2021-02-19T17:55:38.4715399Z Successfully installed wheel-0.36.2
2021-02-19T17:55:39.2260218Z Collecting click~=7.0
2021-02-19T17:55:39.2690482Z   Downloading click-7.1.2-py2.py3-none-any.whl (82 kB)
2021-02-19T17:55:39.3407691Z Collecting click-loglevel~=0.2
2021-02-19T17:55:39.3539379Z   Downloading click_loglevel-0.3.0-py3-none-any.whl (5.0 kB)
2021-02-19T17:55:39.5349108Z Collecting pydantic~=1.7
2021-02-19T17:55:39.5450968Z   Downloading pydantic-1.7.3-cp39-cp39-manylinux2014_x86_64.whl (10.3 MB)
2021-02-19T17:55:40.0361823Z Collecting PyGithub~=1.53
2021-02-19T17:55:40.0487935Z   Downloading PyGithub-1.54.1-py3-none-any.whl (289 kB)
2021-02-19T17:55:40.1106963Z Collecting python-dateutil~=2.7
2021-02-19T17:55:40.1235210Z   Downloading python_dateutil-2.8.1-py2.py3-none-any.whl (227 kB)
2021-02-19T17:55:40.2546366Z Collecting PyYAML~=5.0
2021-02-19T17:55:40.2723183Z   Downloading PyYAML-5.4.1-cp39-cp39-manylinux1_x86_64.whl (630 kB)
2021-02-19T17:55:40.3838837Z Collecting requests~=2.20
2021-02-19T17:55:40.3969089Z   Downloading requests-2.25.1-py2.py3-none-any.whl (61 kB)
2021-02-19T17:55:40.5116819Z Collecting deprecated
2021-02-19T17:55:40.5240105Z   Downloading Deprecated-1.2.11-py2.py3-none-any.whl (9.1 kB)
2021-02-19T17:55:40.6574818Z Collecting pyjwt<2.0
2021-02-19T17:55:40.6689573Z   Downloading PyJWT-1.7.1-py2.py3-none-any.whl (18 kB)
2021-02-19T17:55:40.7531691Z Collecting six>=1.5
2021-02-19T17:55:40.7645595Z   Downloading six-1.15.0-py2.py3-none-any.whl (10 kB)
2021-02-19T17:55:40.8214252Z Collecting chardet<5,>=3.0.2
2021-02-19T17:55:40.8356713Z   Downloading chardet-4.0.0-py2.py3-none-any.whl (178 kB)
2021-02-19T17:55:41.7548418Z Collecting certifi>=2017.4.17
2021-02-19T17:55:41.7560610Z   Downloading certifi-2020.12.5-py2.py3-none-any.whl (147 kB)
2021-02-19T17:55:41.7562179Z Collecting idna<3,>=2.5
2021-02-19T17:55:41.7563529Z   Downloading idna-2.10-py2.py3-none-any.whl (58 kB)
2021-02-19T17:55:41.7578684Z Collecting urllib3<1.27,>=1.21.1
2021-02-19T17:55:41.7580544Z   Downloading urllib3-1.26.3-py2.py3-none-any.whl (137 kB)
2021-02-19T17:55:41.7581638Z Collecting wrapt<2,>=1.10
2021-02-19T17:55:41.7582709Z   Downloading wrapt-1.12.1.tar.gz (27 kB)
2021-02-19T17:55:42.1758347Z Building wheels for collected packages: wrapt
2021-02-19T17:55:42.1761802Z   Building wheel for wrapt (setup.py): started
2021-02-19T17:55:43.9190110Z   Building wheel for wrapt (setup.py): finished with status 'done'
2021-02-19T17:55:43.9236961Z   Created wheel for wrapt: filename=wrapt-1.12.1-cp39-cp39-linux_x86_64.whl size=78687 sha256=5b22424303da3297ac3e7db8ff540a3fd86c3136b6728d3f76aa903f30ef91d7
2021-02-19T17:55:43.9239650Z   Stored in directory: /home/runner/.cache/pip/wheels/98/23/68/efe259aaca055e93b08e74fbe512819c69a2155c11ba3c0f10
2021-02-19T17:55:43.9255899Z Successfully built wrapt
2021-02-19T17:55:44.0280661Z Installing collected packages: wrapt, urllib3, idna, chardet, certifi, six, requests, pyjwt, deprecated, click, PyYAML, python-dateutil, PyGithub, pydantic, click-loglevel
2021-02-19T17:55:45.2346866Z Successfully installed PyGithub-1.54.1 PyYAML-5.4.1 certifi-2020.12.5 chardet-4.0.0 click-7.1.2 click-loglevel-0.3.0 deprecated-1.2.11 idna-2.10 pydantic-1.7.3 pyjwt-1.7.1 python-dateutil-2.8.1 requests-2.25.1 six-1.15.0 urllib3-1.26.3 wrapt-1.12.1
2021-02-19T17:55:45.3165908Z ##[group]Run python tinuous --help
2021-02-19T17:55:45.3166611Z [36;1mpython tinuous --help[0m
2021-02-19T17:55:45.3207697Z shell: /usr/bin/bash -e {0}
2021-02-19T17:55:45.3208019Z env:
2021-02-19T17:55:45.3208448Z   pythonLocation: /opt/hostedtoolcache/Python/3.9.1/x64
2021-02-19T17:55:45.3209039Z   LD_LIBRARY_PATH: /opt/hostedtoolcache/Python/3.9.1/x64/lib
2021-02-19T17:55:45.3209490Z ##[endgroup]
2021-02-19T17:55:45.6161934Z Usage: tinuous [OPTIONS]
2021-02-19T17:55:45.6162241Z 
2021-02-19T17:55:45.6162560Z Options:
2021-02-19T17:55:45.6164128Z   -c, --config FILE               Read configuration from the given file
2021-02-19T17:55:45.6164698Z                                   [default: config.yml]
2021-02-19T17:55:45.6164999Z 
2021-02-19T17:55:45.6165591Z   -l, --log-level [NOTSET|DEBUG|INFO|WARNING|ERROR|CRITICAL]
2021-02-19T17:55:45.6166146Z                                   Set logging level  [default: INFO]
2021-02-19T17:55:45.6166898Z   -S, --state FILE                Store program state in the given file
2021-02-19T17:55:45.6167445Z                                   [default: .dlstate.json]
2021-02-19T17:55:45.6167735Z 
2021-02-19T17:55:45.6168447Z   --help                          Show this message and exit.
2021-02-19T17:55:45.6479868Z ##[group]Run python -m pip install mypy
2021-02-19T17:55:45.6480852Z [36;1mpython -m pip install mypy[0m
2021-02-19T17:55:45.6526971Z shell: /usr/bin/bash -e {0}
2021-02-19T17:55:45.6527589Z env:
2021-02-19T17:55:45.6528445Z   pythonLocation: /opt/hostedtoolcache/Python/3.9.1/x64
2021-02-19T17:55:45.6529516Z   LD_LIBRARY_PATH: /opt/hostedtoolcache/Python/3.9.1/x64/lib
2021-02-19T17:55:45.6530105Z ##[endgroup]
2021-02-19T17:55:46.2966379Z Collecting mypy
2021-02-19T17:55:46.3802857Z   Downloading mypy-0.812-cp39-cp39-manylinux2010_x86_64.whl (22.7 MB)
2021-02-19T17:55:47.4742152Z Collecting typed-ast<1.5.0,>=1.4.0
2021-02-19T17:55:47.4929960Z   Downloading typed_ast-1.4.2-cp39-cp39-manylinux1_x86_64.whl (769 kB)
2021-02-19T17:55:47.5552692Z Collecting typing-extensions>=3.7.4
2021-02-19T17:55:47.5715598Z   Downloading typing_extensions-3.7.4.3-py3-none-any.whl (22 kB)
2021-02-19T17:55:47.6008827Z Collecting mypy-extensions<0.5.0,>=0.4.3
2021-02-19T17:55:47.6122922Z   Downloading mypy_extensions-0.4.3-py2.py3-none-any.whl (4.5 kB)
2021-02-19T17:55:47.7246124Z Installing collected packages: typing-extensions, typed-ast, mypy-extensions, mypy
2021-02-19T17:55:49.3719733Z Successfully installed mypy-0.812 mypy-extensions-0.4.3 typed-ast-1.4.2 typing-extensions-3.7.4.3
2021-02-19T17:55:49.4344194Z ##[group]Run mypy tinuous
2021-02-19T17:55:49.4344743Z [36;1mmypy tinuous[0m
2021-02-19T17:55:49.4383466Z shell: /usr/bin/bash -e {0}
2021-02-19T17:55:49.4383797Z env:
2021-02-19T17:55:49.4384253Z   pythonLocation: /opt/hostedtoolcache/Python/3.9.1/x64
2021-02-19T17:55:49.4384878Z   LD_LIBRARY_PATH: /opt/hostedtoolcache/Python/3.9.1/x64/lib
2021-02-19T17:55:49.4385325Z ##[endgroup]
2021-02-19T17:55:54.1156920Z Success: no issues found in 1 source file
2021-02-19T17:55:54.3515376Z Post job cleanup.
2021-02-19T17:55:54.4753188Z [command]/usr/bin/git version
2021-02-19T17:55:54.4804953Z git version 2.30.0
2021-02-19T17:55:54.4848916Z [command]/usr/bin/git config --local --name-only --get-regexp core\.sshCommand
2021-02-19T17:55:54.4886480Z [command]/usr/bin/git submodule foreach --recursive git config --local --name-only --get-regexp 'core\.sshCommand' && git config --local --unset-all 'core.sshCommand' || :
2021-02-19T17:55:54.5133448Z [command]/usr/bin/git config --local --name-only --get-regexp http\.https\:\/\/github\.com\/\.extraheader
2021-02-19T17:55:54.5156562Z http.https://github.com/.extraheader
2021-02-19T17:55:54.5164626Z [command]/usr/bin/git config --local --unset-all http.https://github.com/.extraheader
2021-02-19T17:55:54.5204473Z [command]/usr/bin/git submodule foreach --recursive git config --local --name-only --get-regexp 'http\.https\:\/\/github\.com\/\.extraheader' && git config --local --unset-all 'http.https://github.com/.extraheader' || :
2021-02-19T17:55:54.5502167Z Cleaning up orphan processes
