2023-05-10T18:23:37.6238465Z Requested labels: ubuntu-latest
2023-05-10T18:23:37.6238736Z Job defined at: con/tinuous/.github/workflows/test.yml@refs/pull/169/merge
2023-05-10T18:23:37.6238853Z Waiting for a runner to pick up this job...
2023-05-10T18:23:38.6236283Z Job is waiting for a hosted runner to come online.
2023-05-10T18:23:41.6668884Z Job is about to start running on the hosted runner: GitHub Actions 18 (hosted)
2023-05-10T18:24:24.9579854Z Current runner version: '2.304.0'
2023-05-10T18:24:24.9605021Z ##[group]Operating System
2023-05-10T18:24:24.9605489Z Ubuntu
2023-05-10T18:24:24.9605762Z 22.04.2
2023-05-10T18:24:24.9606091Z LTS
2023-05-10T18:24:24.9606319Z ##[endgroup]
2023-05-10T18:24:24.9606631Z ##[group]Runner Image
2023-05-10T18:24:24.9606957Z Image: ubuntu-22.04
2023-05-10T18:24:24.9607214Z Version: 20230426.1
2023-05-10T18:24:24.9607734Z Included Software: https://github.com/actions/runner-images/blob/ubuntu22/20230426.1/images/linux/Ubuntu2204-Readme.md
2023-05-10T18:24:24.9608328Z Image Release: https://github.com/actions/runner-images/releases/tag/ubuntu22%2F20230426.1
2023-05-10T18:24:24.9608752Z ##[endgroup]
2023-05-10T18:24:24.9609026Z ##[group]Runner Image Provisioner
2023-05-10T18:24:24.9609361Z 2.0.171.1
2023-05-10T18:24:24.9609647Z ##[endgroup]
2023-05-10T18:24:24.9610739Z ##[group]GITHUB_TOKEN Permissions
2023-05-10T18:24:24.9611319Z Actions: write
2023-05-10T18:24:24.9611655Z Checks: write
2023-05-10T18:24:24.9612098Z Contents: write
2023-05-10T18:24:24.9612471Z Deployments: write
2023-05-10T18:24:24.9612827Z Discussions: write
2023-05-10T18:24:24.9613092Z Issues: write
2023-05-10T18:24:24.9613375Z Metadata: read
2023-05-10T18:24:24.9613674Z Packages: write
2023-05-10T18:24:24.9613922Z Pages: write
2023-05-10T18:24:24.9614253Z PullRequests: write
2023-05-10T18:24:24.9614595Z RepositoryProjects: write
2023-05-10T18:24:24.9614889Z SecurityEvents: write
2023-05-10T18:24:24.9615198Z Statuses: write
2023-05-10T18:24:24.9615507Z ##[endgroup]
2023-05-10T18:24:24.9618956Z Secret source: Actions
2023-05-10T18:24:24.9619412Z Prepare workflow directory
2023-05-10T18:24:25.0357423Z Prepare all required actions
2023-05-10T18:24:25.0540561Z Getting action download info
2023-05-10T18:24:25.3132009Z Download action repository 'actions/checkout@v3' (SHA:8e5e7e5ab8b370d6c329ec480221332ada57f0ab)
2023-05-10T18:24:25.6302683Z Download action repository 'actions/setup-python@v4' (SHA:57ded4d7d5e986d7296eab16560982c6dd7c923b)
2023-05-10T18:24:25.8900970Z Download action repository 'codecov/codecov-action@v3' (SHA:894ff025c7b54547a9a2a1e9f228beae737ad3c2)
2023-05-10T18:24:26.2519457Z Complete job name: test (3.9, py)
2023-05-10T18:24:26.3636538Z ##[group]Run actions/checkout@v3
2023-05-10T18:24:26.3636809Z with:
2023-05-10T18:24:26.3637008Z   fetch-depth: 0
2023-05-10T18:24:26.3637224Z   repository: con/tinuous
2023-05-10T18:24:26.3637620Z   token: ***
2023-05-10T18:24:26.3637815Z   ssh-strict: true
2023-05-10T18:24:26.3638037Z   persist-credentials: true
2023-05-10T18:24:26.3638247Z   clean: true
2023-05-10T18:24:26.3638426Z   lfs: false
2023-05-10T18:24:26.3638619Z   submodules: false
2023-05-10T18:24:26.3638836Z   set-safe-directory: true
2023-05-10T18:24:26.3639043Z ##[endgroup]
2023-05-10T18:24:26.5822771Z Syncing repository: con/tinuous
2023-05-10T18:24:26.5824604Z ##[group]Getting Git version info
2023-05-10T18:24:26.5825082Z Working directory is '/home/runner/work/tinuous/tinuous'
2023-05-10T18:24:26.5825583Z [command]/usr/bin/git version
2023-05-10T18:24:26.5914123Z git version 2.40.1
2023-05-10T18:24:26.5944882Z ##[endgroup]
2023-05-10T18:24:26.5966095Z Temporarily overriding HOME='/home/runner/work/_temp/34fa9e7e-c264-4510-8303-2cb1b2e9ce16' before making global git config changes
2023-05-10T18:24:26.5966582Z Adding repository directory to the temporary git global config as a safe directory
2023-05-10T18:24:26.5967064Z [command]/usr/bin/git config --global --add safe.directory /home/runner/work/tinuous/tinuous
2023-05-10T18:24:26.6009951Z Deleting the contents of '/home/runner/work/tinuous/tinuous'
2023-05-10T18:24:26.6014027Z ##[group]Initializing the repository
2023-05-10T18:24:26.6017545Z [command]/usr/bin/git init /home/runner/work/tinuous/tinuous
2023-05-10T18:24:26.6081774Z hint: Using 'master' as the name for the initial branch. This default branch name
2023-05-10T18:24:26.6082866Z hint: is subject to change. To configure the initial branch name to use in all
2023-05-10T18:24:26.6083361Z hint: of your new repositories, which will suppress this warning, call:
2023-05-10T18:24:26.6083902Z hint: 
2023-05-10T18:24:26.6084354Z hint: 	git config --global init.defaultBranch <name>
2023-05-10T18:24:26.6084607Z hint: 
2023-05-10T18:24:26.6084945Z hint: Names commonly chosen instead of 'master' are 'main', 'trunk' and
2023-05-10T18:24:26.6085378Z hint: 'development'. The just-created branch can be renamed via this command:
2023-05-10T18:24:26.6085642Z hint: 
2023-05-10T18:24:26.6085878Z hint: 	git branch -m <name>
2023-05-10T18:24:26.6093229Z Initialized empty Git repository in /home/runner/work/tinuous/tinuous/.git/
2023-05-10T18:24:26.6111866Z [command]/usr/bin/git remote add origin https://github.com/con/tinuous
2023-05-10T18:24:26.6151528Z ##[endgroup]
2023-05-10T18:24:26.6152257Z ##[group]Disabling automatic garbage collection
2023-05-10T18:24:26.6158338Z [command]/usr/bin/git config --local gc.auto 0
2023-05-10T18:24:26.6187474Z ##[endgroup]
2023-05-10T18:24:26.6187873Z ##[group]Setting up auth
2023-05-10T18:24:26.6196401Z [command]/usr/bin/git config --local --name-only --get-regexp core\.sshCommand
2023-05-10T18:24:26.6228144Z [command]/usr/bin/git submodule foreach --recursive sh -c "git config --local --name-only --get-regexp 'core\.sshCommand' && git config --local --unset-all 'core.sshCommand' || :"
2023-05-10T18:24:26.6541122Z [command]/usr/bin/git config --local --name-only --get-regexp http\.https\:\/\/github\.com\/\.extraheader
2023-05-10T18:24:26.6569471Z [command]/usr/bin/git submodule foreach --recursive sh -c "git config --local --name-only --get-regexp 'http\.https\:\/\/github\.com\/\.extraheader' && git config --local --unset-all 'http.https://github.com/.extraheader' || :"
2023-05-10T18:24:26.6783407Z [command]/usr/bin/git config --local http.https://github.com/.extraheader AUTHORIZATION: basic ***
2023-05-10T18:24:26.6818112Z ##[endgroup]
2023-05-10T18:24:26.6818824Z ##[group]Fetching the repository
2023-05-10T18:24:26.6829521Z [command]/usr/bin/git -c protocol.version=2 fetch --prune --progress --no-recurse-submodules origin +refs/heads/*:refs/remotes/origin/* +refs/tags/*:refs/tags/* +5637a42785ee2526a439322f9a172f17a070211d:refs/remotes/pull/169/merge
2023-05-10T18:24:26.9755652Z remote: Enumerating objects: 1181, done.        
2023-05-10T18:24:26.9756489Z remote: Counting objects:   0% (1/403)        
2023-05-10T18:24:26.9756824Z remote: Counting objects:   1% (5/403)        
2023-05-10T18:24:26.9757249Z remote: Counting objects:   2% (9/403)        
2023-05-10T18:24:26.9757667Z remote: Counting objects:   3% (13/403)        
2023-05-10T18:24:26.9757918Z remote: Counting objects:   4% (17/403)        
2023-05-10T18:24:26.9758160Z remote: Counting objects:   5% (21/403)        
2023-05-10T18:24:26.9758410Z remote: Counting objects:   6% (25/403)        
2023-05-10T18:24:26.9758648Z remote: Counting objects:   7% (29/403)        
2023-05-10T18:24:26.9758890Z remote: Counting objects:   8% (33/403)        
2023-05-10T18:24:26.9759128Z remote: Counting objects:   9% (37/403)        
2023-05-10T18:24:26.9759367Z remote: Counting objects:  10% (41/403)        
2023-05-10T18:24:26.9759630Z remote: Counting objects:  11% (45/403)        
2023-05-10T18:24:26.9759875Z remote: Counting objects:  12% (49/403)        
2023-05-10T18:24:26.9760114Z remote: Counting objects:  13% (53/403)        
2023-05-10T18:24:26.9760338Z remote: Counting objects:  14% (57/403)        
2023-05-10T18:24:26.9760568Z remote: Counting objects:  15% (61/403)        
2023-05-10T18:24:26.9760805Z remote: Counting objects:  16% (65/403)        
2023-05-10T18:24:26.9761028Z remote: Counting objects:  17% (69/403)        
2023-05-10T18:24:26.9761259Z remote: Counting objects:  18% (73/403)        
2023-05-10T18:24:26.9761590Z remote: Counting objects:  19% (77/403)        
2023-05-10T18:24:26.9769147Z remote: Counting objects:  20% (81/403)        
2023-05-10T18:24:26.9769426Z remote: Counting objects:  21% (85/403)        
2023-05-10T18:24:26.9769664Z remote: Counting objects:  22% (89/403)        
2023-05-10T18:24:26.9770666Z remote: Counting objects:  23% (93/403)        
2023-05-10T18:24:26.9771154Z remote: Counting objects:  24% (97/403)        
2023-05-10T18:24:26.9771406Z remote: Counting objects:  25% (101/403)        
2023-05-10T18:24:26.9771671Z remote: Counting objects:  26% (105/403)        
2023-05-10T18:24:26.9771911Z remote: Counting objects:  27% (109/403)        
2023-05-10T18:24:26.9772335Z remote: Counting objects:  28% (113/403)        
2023-05-10T18:24:26.9772605Z remote: Counting objects:  29% (117/403)        
2023-05-10T18:24:26.9772872Z remote: Counting objects:  30% (121/403)        
2023-05-10T18:24:26.9773143Z remote: Counting objects:  31% (125/403)        
2023-05-10T18:24:26.9773398Z remote: Counting objects:  32% (129/403)        
2023-05-10T18:24:26.9773662Z remote: Counting objects:  33% (133/403)        
2023-05-10T18:24:26.9773974Z remote: Counting objects:  34% (138/403)        
2023-05-10T18:24:26.9774238Z remote: Counting objects:  35% (142/403)        
2023-05-10T18:24:26.9774479Z remote: Counting objects:  36% (146/403)        
2023-05-10T18:24:26.9774784Z remote: Counting objects:  37% (150/403)        
2023-05-10T18:24:26.9775035Z remote: Counting objects:  38% (154/403)        
2023-05-10T18:24:26.9775301Z remote: Counting objects:  39% (158/403)        
2023-05-10T18:24:26.9775562Z remote: Counting objects:  40% (162/403)        
2023-05-10T18:24:26.9775810Z remote: Counting objects:  41% (166/403)        
2023-05-10T18:24:26.9776080Z remote: Counting objects:  42% (170/403)        
2023-05-10T18:24:26.9776338Z remote: Counting objects:  43% (174/403)        
2023-05-10T18:24:26.9776603Z remote: Counting objects:  44% (178/403)        
2023-05-10T18:24:26.9776829Z remote: Counting objects:  45% (182/403)        
2023-05-10T18:24:26.9777069Z remote: Counting objects:  46% (186/403)        
2023-05-10T18:24:26.9777371Z remote: Counting objects:  47% (190/403)        
2023-05-10T18:24:26.9777626Z remote: Counting objects:  48% (194/403)        
2023-05-10T18:24:26.9777873Z remote: Counting objects:  49% (198/403)        
2023-05-10T18:24:26.9778144Z remote: Counting objects:  50% (202/403)        
2023-05-10T18:24:26.9778399Z remote: Counting objects:  51% (206/403)        
2023-05-10T18:24:26.9778783Z remote: Counting objects:  52% (210/403)        
2023-05-10T18:24:26.9779020Z remote: Counting objects:  53% (214/403)        
2023-05-10T18:24:26.9779327Z remote: Counting objects:  54% (218/403)        
2023-05-10T18:24:26.9779582Z remote: Counting objects:  55% (222/403)        
2023-05-10T18:24:26.9779809Z remote: Counting objects:  56% (226/403)        
2023-05-10T18:24:26.9780103Z remote: Counting objects:  57% (230/403)        
2023-05-10T18:24:26.9780350Z remote: Counting objects:  58% (234/403)        
2023-05-10T18:24:26.9780596Z remote: Counting objects:  59% (238/403)        
2023-05-10T18:24:26.9780854Z remote: Counting objects:  60% (242/403)        
2023-05-10T18:24:26.9781112Z remote: Counting objects:  61% (246/403)        
2023-05-10T18:24:26.9781368Z remote: Counting objects:  62% (250/403)        
2023-05-10T18:24:26.9781729Z remote: Counting objects:  63% (254/403)        
2023-05-10T18:24:26.9782145Z remote: Counting objects:  64% (258/403)        
2023-05-10T18:24:26.9782412Z remote: Counting objects:  65% (262/403)        
2023-05-10T18:24:26.9782669Z remote: Counting objects:  66% (266/403)        
2023-05-10T18:24:26.9782927Z remote: Counting objects:  67% (271/403)        
2023-05-10T18:24:26.9783172Z remote: Counting objects:  68% (275/403)        
2023-05-10T18:24:26.9783430Z remote: Counting objects:  69% (279/403)        
2023-05-10T18:24:26.9783692Z remote: Counting objects:  70% (283/403)        
2023-05-10T18:24:26.9783944Z remote: Counting objects:  71% (287/403)        
2023-05-10T18:24:26.9784191Z remote: Counting objects:  72% (291/403)        
2023-05-10T18:24:26.9784446Z remote: Counting objects:  73% (295/403)        
2023-05-10T18:24:26.9784700Z remote: Counting objects:  74% (299/403)        
2023-05-10T18:24:26.9784942Z remote: Counting objects:  75% (303/403)        
2023-05-10T18:24:26.9785175Z remote: Counting objects:  76% (307/403)        
2023-05-10T18:24:26.9785595Z remote: Counting objects:  77% (311/403)        
2023-05-10T18:24:26.9785860Z remote: Counting objects:  78% (315/403)        
2023-05-10T18:24:26.9786108Z remote: Counting objects:  79% (319/403)        
2023-05-10T18:24:26.9786359Z remote: Counting objects:  80% (323/403)        
2023-05-10T18:24:26.9786621Z remote: Counting objects:  81% (327/403)        
2023-05-10T18:24:26.9786875Z remote: Counting objects:  82% (331/403)        
2023-05-10T18:24:26.9787125Z remote: Counting objects:  83% (335/403)        
2023-05-10T18:24:26.9787382Z remote: Counting objects:  84% (339/403)        
2023-05-10T18:24:26.9787638Z remote: Counting objects:  85% (343/403)        
2023-05-10T18:24:26.9787881Z remote: Counting objects:  86% (347/403)        
2023-05-10T18:24:26.9788139Z remote: Counting objects:  87% (351/403)        
2023-05-10T18:24:26.9788396Z remote: Counting objects:  88% (355/403)        
2023-05-10T18:24:26.9788649Z remote: Counting objects:  89% (359/403)        
2023-05-10T18:24:26.9788903Z remote: Counting objects:  90% (363/403)        
2023-05-10T18:24:26.9789162Z remote: Counting objects:  91% (367/403)        
2023-05-10T18:24:26.9789414Z remote: Counting objects:  92% (371/403)        
2023-05-10T18:24:26.9789672Z remote: Counting objects:  93% (375/403)        
2023-05-10T18:24:26.9789919Z remote: Counting objects:  94% (379/403)        
2023-05-10T18:24:26.9790172Z remote: Counting objects:  95% (383/403)        
2023-05-10T18:24:26.9790424Z remote: Counting objects:  96% (387/403)        
2023-05-10T18:24:26.9790674Z remote: Counting objects:  97% (391/403)        
2023-05-10T18:24:26.9790949Z remote: Counting objects:  98% (395/403)        
2023-05-10T18:24:26.9791205Z remote: Counting objects:  99% (399/403)        
2023-05-10T18:24:26.9791461Z remote: Counting objects: 100% (403/403)        
2023-05-10T18:24:26.9791783Z remote: Counting objects: 100% (403/403), done.        
2023-05-10T18:24:26.9792078Z remote: Compressing objects:   0% (1/224)        
2023-05-10T18:24:26.9792345Z remote: Compressing objects:   1% (3/224)        
2023-05-10T18:24:26.9844708Z remote: Compressing objects:   2% (5/224)        
2023-05-10T18:24:26.9845016Z remote: Compressing objects:   3% (7/224)        
2023-05-10T18:24:26.9845278Z remote: Compressing objects:   4% (9/224)        
2023-05-10T18:24:26.9845550Z remote: Compressing objects:   5% (12/224)        
2023-05-10T18:24:26.9847954Z remote: Compressing objects:   6% (14/224)        
2023-05-10T18:24:26.9853443Z remote: Compressing objects:   7% (16/224)        
2023-05-10T18:24:26.9863888Z remote: Compressing objects:   8% (18/224)        
2023-05-10T18:24:26.9868681Z remote: Compressing objects:   9% (21/224)        
2023-05-10T18:24:26.9870905Z remote: Compressing objects:  10% (23/224)        
2023-05-10T18:24:26.9872961Z remote: Compressing objects:  11% (25/224)        
2023-05-10T18:24:26.9875382Z remote: Compressing objects:  12% (27/224)        
2023-05-10T18:24:26.9875628Z remote: Compressing objects:  13% (30/224)        
2023-05-10T18:24:26.9878104Z remote: Compressing objects:  14% (32/224)        
2023-05-10T18:24:26.9881149Z remote: Compressing objects:  15% (34/224)        
2023-05-10T18:24:26.9886162Z remote: Compressing objects:  16% (36/224)        
2023-05-10T18:24:26.9886449Z remote: Compressing objects:  17% (39/224)        
2023-05-10T18:24:26.9888616Z remote: Compressing objects:  18% (41/224)        
2023-05-10T18:24:26.9891450Z remote: Compressing objects:  19% (43/224)        
2023-05-10T18:24:26.9891806Z remote: Compressing objects:  20% (45/224)        
2023-05-10T18:24:26.9892059Z remote: Compressing objects:  21% (48/224)        
2023-05-10T18:24:26.9892313Z remote: Compressing objects:  22% (50/224)        
2023-05-10T18:24:26.9892594Z remote: Compressing objects:  23% (52/224)        
2023-05-10T18:24:26.9892844Z remote: Compressing objects:  24% (54/224)        
2023-05-10T18:24:26.9893090Z remote: Compressing objects:  25% (56/224)        
2023-05-10T18:24:26.9893340Z remote: Compressing objects:  26% (59/224)        
2023-05-10T18:24:26.9893793Z remote: Compressing objects:  27% (61/224)        
2023-05-10T18:24:26.9894106Z remote: Compressing objects:  28% (63/224)        
2023-05-10T18:24:26.9894440Z remote: Compressing objects:  29% (65/224)        
2023-05-10T18:24:26.9894697Z remote: Compressing objects:  30% (68/224)        
2023-05-10T18:24:26.9894940Z remote: Compressing objects:  31% (70/224)        
2023-05-10T18:24:26.9895182Z remote: Compressing objects:  32% (72/224)        
2023-05-10T18:24:26.9904225Z remote: Compressing objects:  33% (74/224)        
2023-05-10T18:24:26.9904535Z remote: Compressing objects:  34% (77/224)        
2023-05-10T18:24:26.9905028Z remote: Compressing objects:  35% (79/224)        
2023-05-10T18:24:26.9906706Z remote: Compressing objects:  36% (81/224)        
2023-05-10T18:24:26.9906966Z remote: Compressing objects:  37% (83/224)        
2023-05-10T18:24:26.9930750Z remote: Compressing objects:  38% (86/224)        
2023-05-10T18:24:26.9935594Z remote: Compressing objects:  39% (88/224)        
2023-05-10T18:24:26.9935944Z remote: Compressing objects:  40% (90/224)        
2023-05-10T18:24:26.9936263Z remote: Compressing objects:  41% (92/224)        
2023-05-10T18:24:26.9936525Z remote: Compressing objects:  42% (95/224)        
2023-05-10T18:24:26.9936768Z remote: Compressing objects:  43% (97/224)        
2023-05-10T18:24:26.9937021Z remote: Compressing objects:  44% (99/224)        
2023-05-10T18:24:26.9937287Z remote: Compressing objects:  45% (101/224)        
2023-05-10T18:24:26.9937549Z remote: Compressing objects:  46% (104/224)        
2023-05-10T18:24:26.9937804Z remote: Compressing objects:  47% (106/224)        
2023-05-10T18:24:26.9938066Z remote: Compressing objects:  48% (108/224)        
2023-05-10T18:24:26.9938326Z remote: Compressing objects:  49% (110/224)        
2023-05-10T18:24:26.9938572Z remote: Compressing objects:  50% (112/224)        
2023-05-10T18:24:26.9938828Z remote: Compressing objects:  51% (115/224)        
2023-05-10T18:24:26.9939782Z remote: Compressing objects:  52% (117/224)        
2023-05-10T18:24:26.9940207Z remote: Compressing objects:  53% (119/224)        
2023-05-10T18:24:26.9940476Z remote: Compressing objects:  54% (121/224)        
2023-05-10T18:24:26.9940730Z remote: Compressing objects:  55% (124/224)        
2023-05-10T18:24:26.9940971Z remote: Compressing objects:  56% (126/224)        
2023-05-10T18:24:26.9941220Z remote: Compressing objects:  57% (128/224)        
2023-05-10T18:24:26.9941469Z remote: Compressing objects:  58% (130/224)        
2023-05-10T18:24:26.9941717Z remote: Compressing objects:  59% (133/224)        
2023-05-10T18:24:26.9941957Z remote: Compressing objects:  60% (135/224)        
2023-05-10T18:24:26.9942202Z remote: Compressing objects:  61% (137/224)        
2023-05-10T18:24:26.9942454Z remote: Compressing objects:  62% (139/224)        
2023-05-10T18:24:26.9942688Z remote: Compressing objects:  63% (142/224)        
2023-05-10T18:24:26.9942937Z remote: Compressing objects:  64% (144/224)        
2023-05-10T18:24:26.9943191Z remote: Compressing objects:  65% (146/224)        
2023-05-10T18:24:26.9943436Z remote: Compressing objects:  66% (148/224)        
2023-05-10T18:24:26.9943684Z remote: Compressing objects:  67% (151/224)        
2023-05-10T18:24:26.9943927Z remote: Compressing objects:  68% (153/224)        
2023-05-10T18:24:26.9944168Z remote: Compressing objects:  69% (155/224)        
2023-05-10T18:24:26.9944409Z remote: Compressing objects:  70% (157/224)        
2023-05-10T18:24:26.9944656Z remote: Compressing objects:  71% (160/224)        
2023-05-10T18:24:26.9944901Z remote: Compressing objects:  72% (162/224)        
2023-05-10T18:24:26.9945136Z remote: Compressing objects:  73% (164/224)        
2023-05-10T18:24:26.9945383Z remote: Compressing objects:  74% (166/224)        
2023-05-10T18:24:26.9945632Z remote: Compressing objects:  75% (168/224)        
2023-05-10T18:24:26.9945868Z remote: Compressing objects:  76% (171/224)        
2023-05-10T18:24:26.9946216Z remote: Compressing objects:  77% (173/224)        
2023-05-10T18:24:26.9946458Z remote: Compressing objects:  78% (175/224)        
2023-05-10T18:24:26.9946697Z remote: Compressing objects:  79% (177/224)        
2023-05-10T18:24:26.9946944Z remote: Compressing objects:  80% (180/224)        
2023-05-10T18:24:26.9947191Z remote: Compressing objects:  81% (182/224)        
2023-05-10T18:24:26.9947436Z remote: Compressing objects:  82% (184/224)        
2023-05-10T18:24:26.9947671Z remote: Compressing objects:  83% (186/224)        
2023-05-10T18:24:26.9947920Z remote: Compressing objects:  84% (189/224)        
2023-05-10T18:24:26.9948170Z remote: Compressing objects:  85% (191/224)        
2023-05-10T18:24:26.9948416Z remote: Compressing objects:  86% (193/224)        
2023-05-10T18:24:26.9948667Z remote: Compressing objects:  87% (195/224)        
2023-05-10T18:24:26.9948915Z remote: Compressing objects:  88% (198/224)        
2023-05-10T18:24:26.9949159Z remote: Compressing objects:  89% (200/224)        
2023-05-10T18:24:26.9949446Z remote: Compressing objects:  90% (202/224)        
2023-05-10T18:24:26.9949696Z remote: Compressing objects:  91% (204/224)        
2023-05-10T18:24:26.9949946Z remote: Compressing objects:  92% (207/224)        
2023-05-10T18:24:26.9950193Z remote: Compressing objects:  93% (209/224)        
2023-05-10T18:24:26.9950429Z remote: Compressing objects:  94% (211/224)        
2023-05-10T18:24:26.9950675Z remote: Compressing objects:  95% (213/224)        
2023-05-10T18:24:26.9950918Z remote: Compressing objects:  96% (216/224)        
2023-05-10T18:24:26.9951166Z remote: Compressing objects:  97% (218/224)        
2023-05-10T18:24:26.9951403Z remote: Compressing objects:  98% (220/224)        
2023-05-10T18:24:26.9951652Z remote: Compressing objects:  99% (222/224)        
2023-05-10T18:24:26.9951897Z remote: Compressing objects: 100% (224/224)        
2023-05-10T18:24:26.9952159Z remote: Compressing objects: 100% (224/224), done.        
2023-05-10T18:24:26.9983995Z Receiving objects:   0% (1/1181)
2023-05-10T18:24:26.9984934Z Receiving objects:   1% (12/1181)
2023-05-10T18:24:26.9988998Z Receiving objects:   2% (24/1181)
2023-05-10T18:24:26.9990930Z Receiving objects:   3% (36/1181)
2023-05-10T18:24:26.9992388Z Receiving objects:   4% (48/1181)
2023-05-10T18:24:26.9994925Z Receiving objects:   5% (60/1181)
2023-05-10T18:24:26.9995741Z Receiving objects:   6% (71/1181)
2023-05-10T18:24:27.0008602Z Receiving objects:   7% (83/1181)
2023-05-10T18:24:27.0012890Z Receiving objects:   8% (95/1181)
2023-05-10T18:24:27.0039293Z Receiving objects:   9% (107/1181)
2023-05-10T18:24:27.0042949Z Receiving objects:  10% (119/1181)
2023-05-10T18:24:27.0047255Z Receiving objects:  11% (130/1181)
2023-05-10T18:24:27.0058062Z Receiving objects:  12% (142/1181)
2023-05-10T18:24:27.0059154Z Receiving objects:  13% (154/1181)
2023-05-10T18:24:27.0059394Z Receiving objects:  14% (166/1181)
2023-05-10T18:24:27.0062950Z Receiving objects:  15% (178/1181)
2023-05-10T18:24:27.0066896Z Receiving objects:  16% (189/1181)
2023-05-10T18:24:27.0086133Z Receiving objects:  17% (201/1181)
2023-05-10T18:24:27.0089671Z Receiving objects:  18% (213/1181)
2023-05-10T18:24:27.0093659Z Receiving objects:  19% (225/1181)
2023-05-10T18:24:27.0097275Z Receiving objects:  20% (237/1181)
2023-05-10T18:24:27.0102072Z Receiving objects:  21% (249/1181)
2023-05-10T18:24:27.0107327Z Receiving objects:  22% (260/1181)
2023-05-10T18:24:27.0111881Z Receiving objects:  23% (272/1181)
2023-05-10T18:24:27.0116328Z Receiving objects:  24% (284/1181)
2023-05-10T18:24:27.0139372Z Receiving objects:  25% (296/1181)
2023-05-10T18:24:27.0140892Z Receiving objects:  26% (308/1181)
2023-05-10T18:24:27.0142685Z Receiving objects:  27% (319/1181)
2023-05-10T18:24:27.0144323Z Receiving objects:  28% (331/1181)
2023-05-10T18:24:27.0146643Z Receiving objects:  29% (343/1181)
2023-05-10T18:24:27.0147738Z Receiving objects:  30% (355/1181)
2023-05-10T18:24:27.0148610Z Receiving objects:  31% (367/1181)
2023-05-10T18:24:27.0149425Z Receiving objects:  32% (378/1181)
2023-05-10T18:24:27.0150221Z Receiving objects:  33% (390/1181)
2023-05-10T18:24:27.0151551Z Receiving objects:  34% (402/1181)
2023-05-10T18:24:27.0152458Z Receiving objects:  35% (414/1181)
2023-05-10T18:24:27.0153266Z Receiving objects:  36% (426/1181)
2023-05-10T18:24:27.0154057Z Receiving objects:  37% (437/1181)
2023-05-10T18:24:27.0155219Z Receiving objects:  38% (449/1181)
2023-05-10T18:24:27.0155924Z Receiving objects:  39% (461/1181)
2023-05-10T18:24:27.0156901Z Receiving objects:  40% (473/1181)
2023-05-10T18:24:27.0157771Z Receiving objects:  41% (485/1181)
2023-05-10T18:24:27.0158516Z Receiving objects:  42% (497/1181)
2023-05-10T18:24:27.0160657Z Receiving objects:  43% (508/1181)
2023-05-10T18:24:27.0161828Z Receiving objects:  44% (520/1181)
2023-05-10T18:24:27.0194845Z Receiving objects:  45% (532/1181)
2023-05-10T18:24:27.0195140Z Receiving objects:  46% (544/1181)
2023-05-10T18:24:27.0195366Z Receiving objects:  47% (556/1181)
2023-05-10T18:24:27.0197276Z Receiving objects:  48% (567/1181)
2023-05-10T18:24:27.0199588Z Receiving objects:  49% (579/1181)
2023-05-10T18:24:27.0214162Z Receiving objects:  50% (591/1181)
2023-05-10T18:24:27.0214427Z Receiving objects:  51% (603/1181)
2023-05-10T18:24:27.0215478Z Receiving objects:  52% (615/1181)
2023-05-10T18:24:27.0215703Z Receiving objects:  53% (626/1181)
2023-05-10T18:24:27.0215909Z Receiving objects:  54% (638/1181)
2023-05-10T18:24:27.0216747Z Receiving objects:  55% (650/1181)
2023-05-10T18:24:27.0242591Z Receiving objects:  56% (662/1181)
2023-05-10T18:24:27.0242832Z Receiving objects:  57% (674/1181)
2023-05-10T18:24:27.0244223Z Receiving objects:  58% (685/1181)
2023-05-10T18:24:27.0247926Z Receiving objects:  59% (697/1181)
2023-05-10T18:24:27.0250360Z Receiving objects:  60% (709/1181)
2023-05-10T18:24:27.0262460Z Receiving objects:  61% (721/1181)
2023-05-10T18:24:27.0264610Z Receiving objects:  62% (733/1181)
2023-05-10T18:24:27.0266249Z Receiving objects:  63% (745/1181)
2023-05-10T18:24:27.0294292Z Receiving objects:  64% (756/1181)
2023-05-10T18:24:27.0296446Z Receiving objects:  65% (768/1181)
2023-05-10T18:24:27.0299086Z Receiving objects:  66% (780/1181)
2023-05-10T18:24:27.0301484Z Receiving objects:  67% (792/1181)
2023-05-10T18:24:27.0303692Z Receiving objects:  68% (804/1181)
2023-05-10T18:24:27.0305975Z Receiving objects:  69% (815/1181)
2023-05-10T18:24:27.0308792Z Receiving objects:  70% (827/1181)
2023-05-10T18:24:27.0311741Z Receiving objects:  71% (839/1181)
2023-05-10T18:24:27.0312607Z Receiving objects:  72% (851/1181)
2023-05-10T18:24:27.0315639Z Receiving objects:  73% (863/1181)
2023-05-10T18:24:27.0316431Z Receiving objects:  74% (874/1181)
2023-05-10T18:24:27.0319211Z Receiving objects:  75% (886/1181)
2023-05-10T18:24:27.0320921Z Receiving objects:  76% (898/1181)
2023-05-10T18:24:27.0323453Z Receiving objects:  77% (910/1181)
2023-05-10T18:24:27.0351821Z Receiving objects:  78% (922/1181)
2023-05-10T18:24:27.0352052Z Receiving objects:  79% (933/1181)
2023-05-10T18:24:27.0352271Z Receiving objects:  80% (945/1181)
2023-05-10T18:24:27.0352834Z Receiving objects:  81% (957/1181)
2023-05-10T18:24:27.0353040Z Receiving objects:  82% (969/1181)
2023-05-10T18:24:27.0353623Z Receiving objects:  83% (981/1181)
2023-05-10T18:24:27.0353842Z Receiving objects:  84% (993/1181)
2023-05-10T18:24:27.0354873Z Receiving objects:  85% (1004/1181)
2023-05-10T18:24:27.0355408Z Receiving objects:  86% (1016/1181)
2023-05-10T18:24:27.0355628Z Receiving objects:  87% (1028/1181)
2023-05-10T18:24:27.0356873Z Receiving objects:  88% (1040/1181)
2023-05-10T18:24:27.0357091Z Receiving objects:  89% (1052/1181)
2023-05-10T18:24:27.0359594Z Receiving objects:  90% (1063/1181)
2023-05-10T18:24:27.0371861Z Receiving objects:  91% (1075/1181)
2023-05-10T18:24:27.0372395Z Receiving objects:  92% (1087/1181)
2023-05-10T18:24:27.0400362Z Receiving objects:  93% (1099/1181)
2023-05-10T18:24:27.0402967Z Receiving objects:  94% (1111/1181)
2023-05-10T18:24:27.0436968Z Receiving objects:  95% (1122/1181)
2023-05-10T18:24:27.0437944Z Receiving objects:  96% (1134/1181)
2023-05-10T18:24:27.0438180Z Receiving objects:  97% (1146/1181)
2023-05-10T18:24:27.0438763Z remote: Total 1181 (delta 175), reused 251 (delta 156), pack-reused 778        
2023-05-10T18:24:27.0439379Z Receiving objects:  98% (1158/1181)
2023-05-10T18:24:27.0439594Z Receiving objects:  99% (1170/1181)
2023-05-10T18:24:27.0439812Z Receiving objects: 100% (1181/1181)
2023-05-10T18:24:27.0440075Z Receiving objects: 100% (1181/1181), 291.11 KiB | 6.33 MiB/s, done.
2023-05-10T18:24:27.0440325Z Resolving deltas:   0% (0/644)
2023-05-10T18:24:27.0440556Z Resolving deltas:   1% (7/644)
2023-05-10T18:24:27.0440781Z Resolving deltas:   2% (13/644)
2023-05-10T18:24:27.0440991Z Resolving deltas:   3% (20/644)
2023-05-10T18:24:27.0441201Z Resolving deltas:   4% (26/644)
2023-05-10T18:24:27.0441411Z Resolving deltas:   5% (33/644)
2023-05-10T18:24:27.0441618Z Resolving deltas:   6% (39/644)
2023-05-10T18:24:27.0441823Z Resolving deltas:   7% (46/644)
2023-05-10T18:24:27.0442036Z Resolving deltas:   8% (52/644)
2023-05-10T18:24:27.0442239Z Resolving deltas:   9% (58/644)
2023-05-10T18:24:27.0442449Z Resolving deltas:  10% (65/644)
2023-05-10T18:24:27.0443063Z Resolving deltas:  11% (71/644)
2023-05-10T18:24:27.0443283Z Resolving deltas:  12% (78/644)
2023-05-10T18:24:27.0443774Z Resolving deltas:  13% (84/644)
2023-05-10T18:24:27.0443987Z Resolving deltas:  14% (91/644)
2023-05-10T18:24:27.0444196Z Resolving deltas:  15% (97/644)
2023-05-10T18:24:27.0444717Z Resolving deltas:  16% (104/644)
2023-05-10T18:24:27.0444943Z Resolving deltas:  17% (110/644)
2023-05-10T18:24:27.0447861Z Resolving deltas:  18% (116/644)
2023-05-10T18:24:27.0448094Z Resolving deltas:  19% (123/644)
2023-05-10T18:24:27.0448309Z Resolving deltas:  20% (129/644)
2023-05-10T18:24:27.0452185Z Resolving deltas:  21% (136/644)
2023-05-10T18:24:27.0452422Z Resolving deltas:  22% (142/644)
2023-05-10T18:24:27.0452644Z Resolving deltas:  23% (149/644)
2023-05-10T18:24:27.0452856Z Resolving deltas:  24% (155/644)
2023-05-10T18:24:27.0455586Z Resolving deltas:  25% (161/644)
2023-05-10T18:24:27.0460531Z Resolving deltas:  26% (168/644)
2023-05-10T18:24:27.0465851Z Resolving deltas:  27% (174/644)
2023-05-10T18:24:27.0470105Z Resolving deltas:  28% (181/644)
2023-05-10T18:24:27.0472439Z Resolving deltas:  29% (187/644)
2023-05-10T18:24:27.0472681Z Resolving deltas:  30% (194/644)
2023-05-10T18:24:27.0475993Z Resolving deltas:  31% (200/644)
2023-05-10T18:24:27.0476234Z Resolving deltas:  32% (207/644)
2023-05-10T18:24:27.0478812Z Resolving deltas:  33% (213/644)
2023-05-10T18:24:27.0481530Z Resolving deltas:  34% (219/644)
2023-05-10T18:24:27.0484000Z Resolving deltas:  35% (226/644)
2023-05-10T18:24:27.0486396Z Resolving deltas:  36% (232/644)
2023-05-10T18:24:27.0488352Z Resolving deltas:  37% (239/644)
2023-05-10T18:24:27.0490721Z Resolving deltas:  38% (245/644)
2023-05-10T18:24:27.0495095Z Resolving deltas:  39% (252/644)
2023-05-10T18:24:27.0495341Z Resolving deltas:  40% (258/644)
2023-05-10T18:24:27.0495917Z Resolving deltas:  41% (265/644)
2023-05-10T18:24:27.0502531Z Resolving deltas:  42% (271/644)
2023-05-10T18:24:27.0506901Z Resolving deltas:  43% (277/644)
2023-05-10T18:24:27.0511121Z Resolving deltas:  44% (284/644)
2023-05-10T18:24:27.0514771Z Resolving deltas:  45% (290/644)
2023-05-10T18:24:27.0517254Z Resolving deltas:  46% (297/644)
2023-05-10T18:24:27.0519884Z Resolving deltas:  47% (303/644)
2023-05-10T18:24:27.0522453Z Resolving deltas:  48% (310/644)
2023-05-10T18:24:27.0525527Z Resolving deltas:  49% (316/644)
2023-05-10T18:24:27.0529134Z Resolving deltas:  50% (322/644)
2023-05-10T18:24:27.0533214Z Resolving deltas:  51% (329/644)
2023-05-10T18:24:27.0535684Z Resolving deltas:  52% (335/644)
2023-05-10T18:24:27.0538118Z Resolving deltas:  53% (342/644)
2023-05-10T18:24:27.0538599Z Resolving deltas:  54% (348/644)
2023-05-10T18:24:27.0544370Z Resolving deltas:  55% (355/644)
2023-05-10T18:24:27.0548108Z Resolving deltas:  56% (361/644)
2023-05-10T18:24:27.0550369Z Resolving deltas:  57% (368/644)
2023-05-10T18:24:27.0556586Z Resolving deltas:  58% (374/644)
2023-05-10T18:24:27.0561286Z Resolving deltas:  59% (381/644)
2023-05-10T18:24:27.0563568Z Resolving deltas:  60% (387/644)
2023-05-10T18:24:27.0569465Z Resolving deltas:  61% (393/644)
2023-05-10T18:24:27.0574820Z Resolving deltas:  62% (400/644)
2023-05-10T18:24:27.0579504Z Resolving deltas:  63% (406/644)
2023-05-10T18:24:27.0581256Z Resolving deltas:  64% (413/644)
2023-05-10T18:24:27.0585395Z Resolving deltas:  65% (419/644)
2023-05-10T18:24:27.0585937Z Resolving deltas:  66% (426/644)
2023-05-10T18:24:27.0586362Z Resolving deltas:  67% (432/644)
2023-05-10T18:24:27.0586589Z Resolving deltas:  68% (438/644)
2023-05-10T18:24:27.0586885Z Resolving deltas:  69% (445/644)
2023-05-10T18:24:27.0587119Z Resolving deltas:  70% (451/644)
2023-05-10T18:24:27.0587330Z Resolving deltas:  71% (458/644)
2023-05-10T18:24:27.0589339Z Resolving deltas:  72% (464/644)
2023-05-10T18:24:27.0590806Z Resolving deltas:  73% (471/644)
2023-05-10T18:24:27.0592142Z Resolving deltas:  74% (477/644)
2023-05-10T18:24:27.0593679Z Resolving deltas:  75% (483/644)
2023-05-10T18:24:27.0595016Z Resolving deltas:  76% (490/644)
2023-05-10T18:24:27.0596629Z Resolving deltas:  77% (496/644)
2023-05-10T18:24:27.0598281Z Resolving deltas:  78% (503/644)
2023-05-10T18:24:27.0599960Z Resolving deltas:  79% (509/644)
2023-05-10T18:24:27.0605552Z Resolving deltas:  80% (516/644)
2023-05-10T18:24:27.0605935Z Resolving deltas:  81% (522/644)
2023-05-10T18:24:27.0606343Z Resolving deltas:  82% (529/644)
2023-05-10T18:24:27.0606587Z Resolving deltas:  83% (535/644)
2023-05-10T18:24:27.0606877Z Resolving deltas:  84% (541/644)
2023-05-10T18:24:27.0609694Z Resolving deltas:  85% (548/644)
2023-05-10T18:24:27.0611122Z Resolving deltas:  86% (554/644)
2023-05-10T18:24:27.0615166Z Resolving deltas:  87% (561/644)
2023-05-10T18:24:27.0619488Z Resolving deltas:  88% (567/644)
2023-05-10T18:24:27.0623876Z Resolving deltas:  89% (574/644)
2023-05-10T18:24:27.0628130Z Resolving deltas:  90% (580/644)
2023-05-10T18:24:27.0631144Z Resolving deltas:  91% (587/644)
2023-05-10T18:24:27.0634480Z Resolving deltas:  92% (593/644)
2023-05-10T18:24:27.0637287Z Resolving deltas:  93% (599/644)
2023-05-10T18:24:27.0644588Z Resolving deltas:  94% (606/644)
2023-05-10T18:24:27.0646519Z Resolving deltas:  95% (612/644)
2023-05-10T18:24:27.0650901Z Resolving deltas:  96% (619/644)
2023-05-10T18:24:27.0654544Z Resolving deltas:  97% (625/644)
2023-05-10T18:24:27.0656232Z Resolving deltas:  98% (632/644)
2023-05-10T18:24:27.0668977Z Resolving deltas:  99% (638/644)
2023-05-10T18:24:27.0669369Z Resolving deltas: 100% (644/644)
2023-05-10T18:24:27.0670257Z Resolving deltas: 100% (644/644), done.
2023-05-10T18:24:27.0806108Z From https://github.com/con/tinuous
2023-05-10T18:24:27.0807031Z  * [new branch]      decoupled-ingestion                      -> origin/decoupled-ingestion
2023-05-10T18:24:27.0808261Z  * [new branch]      gh-55                                    -> origin/gh-55
2023-05-10T18:24:27.0808861Z  * [new branch]      master                                   -> origin/master
2023-05-10T18:24:27.0810015Z  * [new branch]      more-codespell                           -> origin/more-codespell
2023-05-10T18:24:27.0810664Z  * [new branch]      no-extra-search                          -> origin/no-extra-search
2023-05-10T18:24:27.0811678Z  * [new branch]      test-appveyor                            -> origin/test-appveyor
2023-05-10T18:24:27.0812248Z  * [new tag]         0.1.0                                    -> 0.1.0
2023-05-10T18:24:27.0813152Z  * [new tag]         0.2.0                                    -> 0.2.0
2023-05-10T18:24:27.0813660Z  * [new tag]         0.3.0                                    -> 0.3.0
2023-05-10T18:24:27.0814516Z  * [new tag]         0.4.0                                    -> 0.4.0
2023-05-10T18:24:27.0815006Z  * [new tag]         0.5.0                                    -> 0.5.0
2023-05-10T18:24:27.0815841Z  * [new tag]         0.5.1                                    -> 0.5.1
2023-05-10T18:24:27.0816548Z  * [new tag]         0.5.2                                    -> 0.5.2
2023-05-10T18:24:27.0817392Z  * [new tag]         0.5.3                                    -> 0.5.3
2023-05-10T18:24:27.0817863Z  * [new tag]         0.5.4                                    -> 0.5.4
2023-05-10T18:24:27.0818708Z  * [new tag]         0.6.0                                    -> 0.6.0
2023-05-10T18:24:27.0819190Z  * [new tag]         0.6.1                                    -> 0.6.1
2023-05-10T18:24:27.0820078Z  * [new ref]         5637a42785ee2526a439322f9a172f17a070211d -> pull/169/merge
2023-05-10T18:24:27.0845684Z ##[endgroup]
2023-05-10T18:24:27.0846171Z ##[group]Determining the checkout info
2023-05-10T18:24:27.0846606Z ##[endgroup]
2023-05-10T18:24:27.0847264Z ##[group]Checking out the ref
2023-05-10T18:24:27.0847829Z [command]/usr/bin/git checkout --progress --force refs/remotes/pull/169/merge
2023-05-10T18:24:27.0895155Z Note: switching to 'refs/remotes/pull/169/merge'.
2023-05-10T18:24:27.0895478Z 
2023-05-10T18:24:27.0895841Z You are in 'detached HEAD' state. You can look around, make experimental
2023-05-10T18:24:27.0896426Z changes and commit them, and you can discard any commits you make in this
2023-05-10T18:24:27.0896884Z state without impacting any branches by switching back to a branch.
2023-05-10T18:24:27.0897349Z 
2023-05-10T18:24:27.0897642Z If you want to create a new branch to retain commits you create, you may
2023-05-10T18:24:27.0898059Z do so (now or later) by using -c with the switch command. Example:
2023-05-10T18:24:27.0898323Z 
2023-05-10T18:24:27.0898587Z   git switch -c <new-branch-name>
2023-05-10T18:24:27.0898736Z 
2023-05-10T18:24:27.0898837Z Or undo this operation with:
2023-05-10T18:24:27.0899060Z 
2023-05-10T18:24:27.0899246Z   git switch -
2023-05-10T18:24:27.0899369Z 
2023-05-10T18:24:27.0899767Z Turn off this advice by setting config variable advice.detachedHead to false
2023-05-10T18:24:27.0900046Z 
2023-05-10T18:24:27.0900396Z HEAD is now at 5637a42 Merge 281b5b3660441e19d3bff60bff5811e293f5fc85 into c5a095328e1ecd04751457044ae85f902fc867dd
2023-05-10T18:24:27.0907492Z ##[endgroup]
2023-05-10T18:24:27.0944841Z [command]/usr/bin/git log -1 --format='%H'
2023-05-10T18:24:27.0971270Z '5637a42785ee2526a439322f9a172f17a070211d'
2023-05-10T18:24:27.1261108Z ##[group]Run actions/setup-python@v4
2023-05-10T18:24:27.1261383Z with:
2023-05-10T18:24:27.1261574Z   python-version: 3.9
2023-05-10T18:24:27.1261783Z   check-latest: false
2023-05-10T18:24:27.1262156Z   token: ***
2023-05-10T18:24:27.1262367Z   update-environment: true
2023-05-10T18:24:27.1262599Z   allow-prereleases: false
2023-05-10T18:24:27.1262803Z ##[endgroup]
2023-05-10T18:24:27.2895916Z ##[group]Installed versions
2023-05-10T18:24:27.2997295Z Successfully set up CPython (3.9.16)
2023-05-10T18:24:27.3000117Z ##[endgroup]
2023-05-10T18:24:27.3129075Z ##[group]Run python -m pip install --upgrade pip wheel
2023-05-10T18:24:27.3129488Z [36;1mpython -m pip install --upgrade pip wheel[0m
2023-05-10T18:24:27.3129973Z [36;1mpython -m pip install --upgrade --upgrade-strategy=eager tox[0m
2023-05-10T18:24:27.3188561Z shell: /usr/bin/bash -e {0}
2023-05-10T18:24:27.3188800Z env:
2023-05-10T18:24:27.3189063Z   pythonLocation: /opt/hostedtoolcache/Python/3.9.16/x64
2023-05-10T18:24:27.3189404Z   PKG_CONFIG_PATH: /opt/hostedtoolcache/Python/3.9.16/x64/lib/pkgconfig
2023-05-10T18:24:27.3189728Z   Python_ROOT_DIR: /opt/hostedtoolcache/Python/3.9.16/x64
2023-05-10T18:24:27.3190032Z   Python2_ROOT_DIR: /opt/hostedtoolcache/Python/3.9.16/x64
2023-05-10T18:24:27.3190328Z   Python3_ROOT_DIR: /opt/hostedtoolcache/Python/3.9.16/x64
2023-05-10T18:24:27.3190622Z   LD_LIBRARY_PATH: /opt/hostedtoolcache/Python/3.9.16/x64/lib
2023-05-10T18:24:27.3190868Z ##[endgroup]
2023-05-10T18:24:29.7004626Z Requirement already satisfied: pip in /opt/hostedtoolcache/Python/3.9.16/x64/lib/python3.9/site-packages (22.0.4)
2023-05-10T18:24:29.8930557Z Collecting pip
2023-05-10T18:24:29.9939220Z   Downloading pip-23.1.2-py3-none-any.whl (2.1 MB)
2023-05-10T18:24:30.1496210Z      ‚îÅ‚îÅ‚îÅ‚îÅ‚îÅ‚îÅ‚îÅ‚îÅ‚îÅ‚îÅ‚îÅ‚îÅ‚îÅ‚îÅ‚îÅ‚îÅ‚îÅ‚îÅ‚îÅ‚îÅ‚îÅ‚îÅ‚îÅ‚îÅ‚îÅ‚îÅ‚îÅ‚îÅ‚îÅ‚îÅ‚îÅ‚îÅ‚îÅ‚îÅ‚îÅ‚îÅ‚îÅ‚îÅ‚îÅ‚îÅ 2.1/2.1 MB 13.8 MB/s eta 0:00:00
2023-05-10T18:24:30.2119634Z Collecting wheel
2023-05-10T18:24:30.2202821Z   Downloading wheel-0.40.0-py3-none-any.whl (64 kB)
2023-05-10T18:24:30.2249393Z      ‚îÅ‚îÅ‚îÅ‚îÅ‚îÅ‚îÅ‚îÅ‚îÅ‚îÅ‚îÅ‚îÅ‚îÅ‚îÅ‚îÅ‚îÅ‚îÅ‚îÅ‚îÅ‚îÅ‚îÅ‚îÅ‚îÅ‚îÅ‚îÅ‚îÅ‚îÅ‚îÅ‚îÅ‚îÅ‚îÅ‚îÅ‚îÅ‚îÅ‚îÅ‚îÅ‚îÅ‚îÅ‚îÅ‚îÅ‚îÅ 64.5/64.5 kB 24.7 MB/s eta 0:00:00
2023-05-10T18:24:30.2654383Z Installing collected packages: wheel, pip
2023-05-10T18:24:30.3145926Z   Attempting uninstall: pip
2023-05-10T18:24:30.3152529Z     Found existing installation: pip 22.0.4
2023-05-10T18:24:30.3733913Z     Uninstalling pip-22.0.4:
2023-05-10T18:24:30.4382663Z       Successfully uninstalled pip-22.0.4
2023-05-10T18:24:31.5967226Z Successfully installed pip-23.1.2 wheel-0.40.0
2023-05-10T18:24:32.5424147Z Collecting tox
2023-05-10T18:24:32.6440687Z   Downloading tox-4.5.1-py3-none-any.whl (148 kB)
2023-05-10T18:24:32.6846374Z      ‚îÅ‚îÅ‚îÅ‚îÅ‚îÅ‚îÅ‚îÅ‚îÅ‚îÅ‚îÅ‚îÅ‚îÅ‚îÅ‚îÅ‚îÅ‚îÅ‚îÅ‚îÅ‚îÅ‚îÅ‚îÅ‚îÅ‚îÅ‚îÅ‚îÅ‚îÅ‚îÅ‚îÅ‚îÅ‚îÅ‚îÅ‚îÅ‚îÅ‚îÅ‚îÅ‚îÅ‚îÅ‚îÅ‚îÅ 149.0/149.0 kB 3.9 MB/s eta 0:00:00
2023-05-10T18:24:32.7515357Z Collecting cachetools>=5.3 (from tox)
2023-05-10T18:24:32.7603826Z   Downloading cachetools-5.3.0-py3-none-any.whl (9.3 kB)
2023-05-10T18:24:32.7837749Z Collecting chardet>=5.1 (from tox)
2023-05-10T18:24:32.7918478Z   Downloading chardet-5.1.0-py3-none-any.whl (199 kB)
2023-05-10T18:24:32.8143607Z      ‚îÅ‚îÅ‚îÅ‚îÅ‚îÅ‚îÅ‚îÅ‚îÅ‚îÅ‚îÅ‚îÅ‚îÅ‚îÅ‚îÅ‚îÅ‚îÅ‚îÅ‚îÅ‚îÅ‚îÅ‚îÅ‚îÅ‚îÅ‚îÅ‚îÅ‚îÅ‚îÅ‚îÅ‚îÅ‚îÅ‚îÅ‚îÅ‚îÅ‚îÅ‚îÅ‚îÅ‚îÅ‚îÅ‚îÅ 199.1/199.1 kB 9.6 MB/s eta 0:00:00
2023-05-10T18:24:32.8478456Z Collecting colorama>=0.4.6 (from tox)
2023-05-10T18:24:32.8562520Z   Downloading colorama-0.4.6-py2.py3-none-any.whl (25 kB)
2023-05-10T18:24:32.8932741Z Collecting filelock>=3.11 (from tox)
2023-05-10T18:24:32.9018807Z   Downloading filelock-3.12.0-py3-none-any.whl (10 kB)
2023-05-10T18:24:32.9409716Z Collecting packaging>=23.1 (from tox)
2023-05-10T18:24:32.9492066Z   Downloading packaging-23.1-py3-none-any.whl (48 kB)
2023-05-10T18:24:32.9547853Z      ‚îÅ‚îÅ‚îÅ‚îÅ‚îÅ‚îÅ‚îÅ‚îÅ‚îÅ‚îÅ‚îÅ‚îÅ‚îÅ‚îÅ‚îÅ‚îÅ‚îÅ‚îÅ‚îÅ‚îÅ‚îÅ‚îÅ‚îÅ‚îÅ‚îÅ‚îÅ‚îÅ‚îÅ‚îÅ‚îÅ‚îÅ‚îÅ‚îÅ‚îÅ‚îÅ‚îÅ‚îÅ‚îÅ‚îÅ‚îÅ 48.9/48.9 kB 13.1 MB/s eta 0:00:00
2023-05-10T18:24:32.9850621Z Collecting platformdirs>=3.2 (from tox)
2023-05-10T18:24:32.9932322Z   Downloading platformdirs-3.5.0-py3-none-any.whl (15 kB)
2023-05-10T18:24:33.0219122Z Collecting pluggy>=1 (from tox)
2023-05-10T18:24:33.0438303Z   Downloading pluggy-1.0.0-py2.py3-none-any.whl (13 kB)
2023-05-10T18:24:33.0669517Z Collecting pyproject-api>=1.5.1 (from tox)
2023-05-10T18:24:33.0759146Z   Downloading pyproject_api-1.5.1-py3-none-any.whl (12 kB)
2023-05-10T18:24:33.1055896Z Collecting tomli>=2.0.1 (from tox)
2023-05-10T18:24:33.1137531Z   Downloading tomli-2.0.1-py3-none-any.whl (12 kB)
2023-05-10T18:24:33.2343795Z Collecting virtualenv>=20.21 (from tox)
2023-05-10T18:24:33.2428675Z   Downloading virtualenv-20.23.0-py3-none-any.whl (3.3 MB)
2023-05-10T18:24:33.4026242Z      ‚îÅ‚îÅ‚îÅ‚îÅ‚îÅ‚îÅ‚îÅ‚îÅ‚îÅ‚îÅ‚îÅ‚îÅ‚îÅ‚îÅ‚îÅ‚îÅ‚îÅ‚îÅ‚îÅ‚îÅ‚îÅ‚îÅ‚îÅ‚îÅ‚îÅ‚îÅ‚îÅ‚îÅ‚îÅ‚îÅ‚îÅ‚îÅ‚îÅ‚îÅ‚îÅ‚îÅ‚îÅ‚îÅ‚îÅ‚îÅ 3.3/3.3 MB 20.7 MB/s eta 0:00:00
2023-05-10T18:24:33.5156962Z Collecting distlib<1,>=0.3.6 (from virtualenv>=20.21->tox)
2023-05-10T18:24:33.5243574Z   Downloading distlib-0.3.6-py2.py3-none-any.whl (468 kB)
2023-05-10T18:24:33.5407199Z      ‚îÅ‚îÅ‚îÅ‚îÅ‚îÅ‚îÅ‚îÅ‚îÅ‚îÅ‚îÅ‚îÅ‚îÅ‚îÅ‚îÅ‚îÅ‚îÅ‚îÅ‚îÅ‚îÅ‚îÅ‚îÅ‚îÅ‚îÅ‚îÅ‚îÅ‚îÅ‚îÅ‚îÅ‚îÅ‚îÅ‚îÅ‚îÅ‚îÅ‚îÅ‚îÅ‚îÅ‚îÅ‚îÅ 468.5/468.5 kB 34.1 MB/s eta 0:00:00
2023-05-10T18:24:33.6884228Z Installing collected packages: distlib, tomli, pluggy, platformdirs, packaging, filelock, colorama, chardet, cachetools, virtualenv, pyproject-api, tox
2023-05-10T18:24:34.3423129Z Successfully installed cachetools-5.3.0 chardet-5.1.0 colorama-0.4.6 distlib-0.3.6 filelock-3.12.0 packaging-23.1 platformdirs-3.5.0 pluggy-1.0.0 pyproject-api-1.5.1 tomli-2.0.1 tox-4.5.1 virtualenv-20.23.0
2023-05-10T18:24:34.4897869Z ##[group]Run tox -e py -- --cov-report=xml
2023-05-10T18:24:34.4898168Z [36;1mtox -e py -- --cov-report=xml[0m
2023-05-10T18:24:34.4950837Z shell: /usr/bin/bash -e {0}
2023-05-10T18:24:34.4951045Z env:
2023-05-10T18:24:34.4951291Z   pythonLocation: /opt/hostedtoolcache/Python/3.9.16/x64
2023-05-10T18:24:34.4951624Z   PKG_CONFIG_PATH: /opt/hostedtoolcache/Python/3.9.16/x64/lib/pkgconfig
2023-05-10T18:24:34.4951946Z   Python_ROOT_DIR: /opt/hostedtoolcache/Python/3.9.16/x64
2023-05-10T18:24:34.4952241Z   Python2_ROOT_DIR: /opt/hostedtoolcache/Python/3.9.16/x64
2023-05-10T18:24:34.4952685Z   Python3_ROOT_DIR: /opt/hostedtoolcache/Python/3.9.16/x64
2023-05-10T18:24:34.4952980Z   LD_LIBRARY_PATH: /opt/hostedtoolcache/Python/3.9.16/x64/lib
2023-05-10T18:24:34.4953222Z ##[endgroup]
2023-05-10T18:24:35.0596454Z py: install_deps> python -I -m pip install pytest pytest-cov pytest-mock
2023-05-10T18:24:38.0910719Z .pkg: install_requires> python -I -m pip install 'setuptools>=46.4.0' versioningit
2023-05-10T18:24:39.9716985Z .pkg: _optional_hooks> python /opt/hostedtoolcache/Python/3.9.16/x64/lib/python3.9/site-packages/pyproject_api/_backend.py True setuptools.build_meta
2023-05-10T18:24:40.2587980Z .pkg: get_requires_for_build_sdist> python /opt/hostedtoolcache/Python/3.9.16/x64/lib/python3.9/site-packages/pyproject_api/_backend.py True setuptools.build_meta
2023-05-10T18:24:40.3953734Z .pkg: freeze> python -m pip freeze --all
2023-05-10T18:24:40.7379361Z .pkg: importlib-metadata==6.6.0,packaging==23.1,pip==23.1.2,setuptools==67.7.2,tomli==2.0.1,versioningit==2.2.0,wheel==0.40.0,zipp==3.15.0
2023-05-10T18:24:40.7385956Z .pkg: prepare_metadata_for_build_wheel> python /opt/hostedtoolcache/Python/3.9.16/x64/lib/python3.9/site-packages/pyproject_api/_backend.py True setuptools.build_meta
2023-05-10T18:24:40.8826562Z .pkg: build_sdist> python /opt/hostedtoolcache/Python/3.9.16/x64/lib/python3.9/site-packages/pyproject_api/_backend.py True setuptools.build_meta
2023-05-10T18:24:40.9693460Z py: install_package_deps> python -I -m pip install 'PyGithub~=1.55' 'PyYAML>=5.0' 'click-loglevel~=0.2' 'click>=7.0' 'in-place~=0.4' 'pydantic~=1.7' 'python-dateutil~=2.7' 'python-dotenv<2.0,>=0.11' 'requests~=2.20'
2023-05-10T18:24:45.8011199Z py: install_package> python -I -m pip install --force-reinstall --no-deps /home/runner/work/tinuous/tinuous/.tox/.tmp/package/1/tinuous-0.6.1.post29+g5637a42.tar.gz
2023-05-10T18:24:50.2786418Z py: freeze> python -m pip freeze --all
2023-05-10T18:24:50.6465566Z py: certifi==2023.5.7,cffi==1.15.1,charset-normalizer==3.1.0,click==8.1.3,click-loglevel==0.4.0.post1,coverage==7.2.5,cryptography==40.0.2,Deprecated==1.2.13,exceptiongroup==1.1.1,idna==3.4,in-place==0.5.0,iniconfig==2.0.0,packaging==23.1,pip==23.1.2,pluggy==1.0.0,pycparser==2.21,pydantic==1.10.7,PyGithub==1.58.2,PyJWT==2.7.0,PyNaCl==1.5.0,pytest==7.3.1,pytest-cov==4.0.0,pytest-mock==3.10.0,python-dateutil==2.8.2,python-dotenv==1.0.0,PyYAML==6.0,requests==2.30.0,setuptools==67.7.2,six==1.16.0,tinuous @ file:///home/runner/work/tinuous/tinuous/.tox/.tmp/package/1/tinuous-0.6.1.post29%2Bg5637a42.tar.gz#sha256=3ea679e28d366a3d30431c8582dd8aa75d6d8023b2cea0a3fe9870f2c69666f1,tomli==2.0.1,typing_extensions==4.5.0,urllib3==2.0.2,wheel==0.40.0,wrapt==1.15.0
2023-05-10T18:24:50.6473073Z py: commands[0]> tinuous --help
2023-05-10T18:24:50.9273120Z Usage: tinuous [OPTIONS] COMMAND [ARGS]...
2023-05-10T18:24:50.9273427Z 
2023-05-10T18:24:50.9273684Z   Download build logs from GitHub Actions, Travis, Appveyor, and CircleCI
2023-05-10T18:24:50.9273958Z 
2023-05-10T18:24:50.9274117Z Options:
2023-05-10T18:24:50.9274643Z   -V, --version                   Show the version and exit.
2023-05-10T18:24:50.9275142Z   -c, --config FILE               Read configuration from the given file
2023-05-10T18:24:50.9275547Z                                   [default: tinuous.yaml]
2023-05-10T18:24:50.9276012Z   -E, --env FILE                  Load environment variables from given .env
2023-05-10T18:24:50.9276365Z                                   file
2023-05-10T18:24:50.9277080Z   -l, --log-level [NOTSET|DEBUG|INFO|WARNING|ERROR|CRITICAL]
2023-05-10T18:24:50.9277493Z                                   Set logging level  [default: INFO]
2023-05-10T18:24:50.9277918Z   --help                          Show this message and exit.
2023-05-10T18:24:50.9278161Z 
2023-05-10T18:24:50.9278310Z Commands:
2023-05-10T18:24:50.9278582Z   fetch     Download logs
2023-05-10T18:24:50.9278891Z   sanitize  Sanitize secrets in logs
2023-05-10T18:24:50.9576151Z py: commands[1]> pytest --cov-report=xml test
2023-05-10T18:24:51.9888500Z ============================= test session starts ==============================
2023-05-10T18:24:51.9889356Z platform linux -- Python 3.9.16, pytest-7.3.1, pluggy-1.0.0
2023-05-10T18:24:51.9889959Z cachedir: .tox/py/.pytest_cache
2023-05-10T18:24:51.9890313Z rootdir: /home/runner/work/tinuous/tinuous
2023-05-10T18:24:51.9890628Z configfile: tox.ini
2023-05-10T18:24:51.9890928Z plugins: cov-4.0.0, mock-3.10.0
2023-05-10T18:24:51.9891166Z collected 64 items
2023-05-10T18:24:51.9891364Z 
2023-05-10T18:24:52.0022479Z test/test_base.py .........                                              [ 14%]
2023-05-10T18:24:52.0147084Z test/test_config.py ........                                             [ 26%]
2023-05-10T18:24:52.0362003Z test/test_state.py ........                                              [ 39%]
2023-05-10T18:24:52.3215701Z test/test_util.py .......................................                [100%]
2023-05-10T18:24:52.3215909Z 
2023-05-10T18:24:52.3217093Z ---------- coverage: platform linux, python 3.9.16-final-0 -----------
2023-05-10T18:24:52.3217434Z Coverage XML written to file coverage.xml
2023-05-10T18:24:52.3217598Z 
2023-05-10T18:24:52.3217606Z 
2023-05-10T18:24:52.3217739Z ============================== 64 passed in 0.80s ==============================
2023-05-10T18:24:52.3750337Z .pkg: _exit> python /opt/hostedtoolcache/Python/3.9.16/x64/lib/python3.9/site-packages/pyproject_api/_backend.py True setuptools.build_meta
2023-05-10T18:24:52.4017591Z   py: OK (17.61=setup[15.88]+cmd[0.31,1.42] seconds)
2023-05-10T18:24:52.4018112Z   congratulations :) (17.74 seconds)
2023-05-10T18:24:52.4399526Z ##[group]Run codecov/codecov-action@v3
2023-05-10T18:24:52.4399847Z with:
2023-05-10T18:24:52.4400108Z   fail_ci_if_error: false
2023-05-10T18:24:52.4400348Z env:
2023-05-10T18:24:52.4400704Z   pythonLocation: /opt/hostedtoolcache/Python/3.9.16/x64
2023-05-10T18:24:52.4401141Z   PKG_CONFIG_PATH: /opt/hostedtoolcache/Python/3.9.16/x64/lib/pkgconfig
2023-05-10T18:24:52.4401501Z   Python_ROOT_DIR: /opt/hostedtoolcache/Python/3.9.16/x64
2023-05-10T18:24:52.4401889Z   Python2_ROOT_DIR: /opt/hostedtoolcache/Python/3.9.16/x64
2023-05-10T18:24:52.4402286Z   Python3_ROOT_DIR: /opt/hostedtoolcache/Python/3.9.16/x64
2023-05-10T18:24:52.4402668Z   LD_LIBRARY_PATH: /opt/hostedtoolcache/Python/3.9.16/x64/lib
2023-05-10T18:24:52.4402958Z ##[endgroup]
2023-05-10T18:24:52.5963386Z ==> linux OS detected
2023-05-10T18:24:52.9830872Z https://uploader.codecov.io/latest/linux/codecov.SHA256SUM
2023-05-10T18:24:53.0895831Z ==> SHASUM file signed by key id 806bb28aed779869
2023-05-10T18:24:53.2942475Z ==> Uploader SHASUM verified (02b055414cc124203ab061ffc45f5497ca39ede5e63a06717a6981c32d7b425f  codecov)
2023-05-10T18:24:53.2943395Z ==> Running version latest
2023-05-10T18:24:53.3901983Z ==> Running version v0.5.0
2023-05-10T18:24:53.3921333Z [command]/home/runner/work/_actions/codecov/codecov-action/v3/dist/codecov -n  -Q github-action-3.1.3 -C 281b5b3660441e19d3bff60bff5811e293f5fc85
2023-05-10T18:24:53.6007788Z [2023-05-10T18:24:53.599Z] ['info'] 
2023-05-10T18:24:53.6008633Z      _____          _
2023-05-10T18:24:53.6009290Z     / ____|        | |
2023-05-10T18:24:53.6009680Z    | |     ___   __| | ___  ___ _____   __
2023-05-10T18:24:53.6010282Z    | |    / _ \ / _` |/ _ \/ __/ _ \ \ / /
2023-05-10T18:24:53.6010838Z    | |___| (_) | (_| |  __/ (_| (_) \ V /
2023-05-10T18:24:53.6011834Z     \_____\___/ \__,_|\___|\___\___/ \_/
2023-05-10T18:24:53.6012161Z 
2023-05-10T18:24:53.6012464Z   Codecov report uploader 0.5.0
2023-05-10T18:24:53.6063910Z [2023-05-10T18:24:53.606Z] ['info'] => Project root located at: /home/runner/work/tinuous/tinuous
2023-05-10T18:24:53.6090063Z [2023-05-10T18:24:53.608Z] ['info'] -> No token specified or token is empty
2023-05-10T18:24:53.6157541Z [2023-05-10T18:24:53.615Z] ['info'] Searching for coverage files...
2023-05-10T18:24:53.7066037Z [2023-05-10T18:24:53.706Z] ['info'] Warning: Some files located via search were excluded from upload.
2023-05-10T18:24:53.7072024Z [2023-05-10T18:24:53.706Z] ['info'] If Codecov did not locate your files, please review https://docs.codecov.com/docs/supported-report-formats
2023-05-10T18:24:53.7077794Z [2023-05-10T18:24:53.707Z] ['info'] => Found 1 possible coverage files:
2023-05-10T18:24:53.7078372Z   coverage.xml
2023-05-10T18:24:53.7084892Z [2023-05-10T18:24:53.708Z] ['info'] Processing /home/runner/work/tinuous/tinuous/coverage.xml...
2023-05-10T18:24:53.7130041Z [2023-05-10T18:24:53.712Z] ['info'] Detected GitHub Actions as the CI provider.
2023-05-10T18:24:54.1765114Z [2023-05-10T18:24:54.176Z] ['info'] Pinging Codecov: https://codecov.io/upload/v4?package=github-action-3.1.3-uploader-0.5.0&token=*******&branch=more-codespell&build=4940117677&build_url=https%3A%2F%2Fgithub.com%2Fcon%2Ftinuous%2Factions%2Fruns%2F4940117677&commit=281b5b3660441e19d3bff60bff5811e293f5fc85&job=Test&pr=169&service=github-actions&slug=con%2Ftinuous&name=&tag=&flags=&parent=
2023-05-10T18:24:54.5047315Z [2023-05-10T18:24:54.504Z] ['info'] https://app.codecov.io/github/con/tinuous/commit/281b5b3660441e19d3bff60bff5811e293f5fc85
2023-05-10T18:24:54.5049247Z https://storage.googleapis.com/codecov/v4/raw/2023-05-10/0010CBA6D851417C00BB0BC3FC5895F9/281b5b3660441e19d3bff60bff5811e293f5fc85/03f87490-cddf-4d1d-9d5f-5453558e2c9b.txt?X-Amz-Algorithm=AWS4-HMAC-SHA256&X-Amz-Credential=GOOG1EJOGFN2JQ4OCTGA2MU5AEIT7OT5Z7HTFOAN2SPG4NWSN2UJYOY5U6LZQ%2F20230510%2FUS%2Fs3%2Faws4_request&X-Amz-Date=20230510T182454Z&X-Amz-Expires=10&X-Amz-SignedHeaders=host&X-Amz-Signature=7e6fb2f97a79f3299d4f5c5acab53762cb60fed774cc197c8c06645283fce53b
2023-05-10T18:24:54.5054444Z [2023-05-10T18:24:54.505Z] ['info'] Uploading...
2023-05-10T18:24:54.6848723Z [2023-05-10T18:24:54.684Z] ['info'] {"status":"success","resultURL":"https://app.codecov.io/github/con/tinuous/commit/281b5b3660441e19d3bff60bff5811e293f5fc85"}
2023-05-10T18:24:54.7165715Z Post job cleanup.
2023-05-10T18:24:54.8699313Z Post job cleanup.
2023-05-10T18:24:54.9728038Z [command]/usr/bin/git version
2023-05-10T18:24:54.9774250Z git version 2.40.1
2023-05-10T18:24:54.9821582Z Temporarily overriding HOME='/home/runner/work/_temp/bdcca935-5555-4675-808c-6b73d61806a2' before making global git config changes
2023-05-10T18:24:54.9823890Z Adding repository directory to the temporary git global config as a safe directory
2023-05-10T18:24:54.9830432Z [command]/usr/bin/git config --global --add safe.directory /home/runner/work/tinuous/tinuous
2023-05-10T18:24:54.9871827Z [command]/usr/bin/git config --local --name-only --get-regexp core\.sshCommand
2023-05-10T18:24:54.9909235Z [command]/usr/bin/git submodule foreach --recursive sh -c "git config --local --name-only --get-regexp 'core\.sshCommand' && git config --local --unset-all 'core.sshCommand' || :"
2023-05-10T18:24:55.0146860Z [command]/usr/bin/git config --local --name-only --get-regexp http\.https\:\/\/github\.com\/\.extraheader
2023-05-10T18:24:55.0164161Z http.https://github.com/.extraheader
2023-05-10T18:24:55.0177203Z [command]/usr/bin/git config --local --unset-all http.https://github.com/.extraheader
2023-05-10T18:24:55.0209357Z [command]/usr/bin/git submodule foreach --recursive sh -c "git config --local --name-only --get-regexp 'http\.https\:\/\/github\.com\/\.extraheader' && git config --local --unset-all 'http.https://github.com/.extraheader' || :"
2023-05-10T18:24:55.0622395Z Cleaning up orphan processes
