2023-11-09T14:09:55.7074066Z Requested labels: ubuntu-latest
2023-11-09T14:09:55.7074446Z Job defined at: con/tinuous/.github/workflows/test.yml@refs/pull/175/merge
2023-11-09T14:09:55.7074645Z Waiting for a runner to pick up this job...
2023-11-09T14:09:56.0906330Z Job is waiting for a hosted runner to come online.
2023-11-09T14:09:59.6393576Z Job is about to start running on the hosted runner: GitHub Actions 15 (hosted)
2023-11-09T14:10:02.0450871Z Current runner version: '2.311.0'
2023-11-09T14:10:02.0473832Z ##[group]Operating System
2023-11-09T14:10:02.0474581Z Ubuntu
2023-11-09T14:10:02.0474932Z 22.04.3
2023-11-09T14:10:02.0475217Z LTS
2023-11-09T14:10:02.0475618Z ##[endgroup]
2023-11-09T14:10:02.0476020Z ##[group]Runner Image
2023-11-09T14:10:02.0476412Z Image: ubuntu-22.04
2023-11-09T14:10:02.0476878Z Version: 20231030.2.0
2023-11-09T14:10:02.0477889Z Included Software: https://github.com/actions/runner-images/blob/ubuntu22/20231030.2/images/linux/Ubuntu2204-Readme.md
2023-11-09T14:10:02.0479288Z Image Release: https://github.com/actions/runner-images/releases/tag/ubuntu22%2F20231030.2
2023-11-09T14:10:02.0480215Z ##[endgroup]
2023-11-09T14:10:02.0480630Z ##[group]Runner Image Provisioner
2023-11-09T14:10:02.0481075Z 2.0.312.1
2023-11-09T14:10:02.0481470Z ##[endgroup]
2023-11-09T14:10:02.0483622Z ##[group]GITHUB_TOKEN Permissions
2023-11-09T14:10:02.0485274Z Actions: write
2023-11-09T14:10:02.0485725Z Checks: write
2023-11-09T14:10:02.0486340Z Contents: write
2023-11-09T14:10:02.0486805Z Deployments: write
2023-11-09T14:10:02.0487201Z Discussions: write
2023-11-09T14:10:02.0487676Z Issues: write
2023-11-09T14:10:02.0488040Z Metadata: read
2023-11-09T14:10:02.0488383Z Packages: write
2023-11-09T14:10:02.0488912Z Pages: write
2023-11-09T14:10:02.0489281Z PullRequests: write
2023-11-09T14:10:02.0489662Z RepositoryProjects: write
2023-11-09T14:10:02.0490200Z SecurityEvents: write
2023-11-09T14:10:02.0490626Z Statuses: write
2023-11-09T14:10:02.0490970Z ##[endgroup]
2023-11-09T14:10:02.0494340Z Secret source: Actions
2023-11-09T14:10:02.0494913Z Prepare workflow directory
2023-11-09T14:10:02.1137609Z Prepare all required actions
2023-11-09T14:10:02.1295946Z Getting action download info
2023-11-09T14:10:02.5674228Z Download action repository 'actions/checkout@v4' (SHA:b4ffde65f46336ab88eb53be808477a3936bae11)
2023-11-09T14:10:02.6971553Z Download action repository 'actions/setup-python@v4' (SHA:65d7f2d534ac1bc67fcd62888c5f4f3d2cb2b236)
2023-11-09T14:10:02.7843106Z Download action repository 'codecov/codecov-action@v3' (SHA:eaaf4bedf32dbdc6b720b63067d99c4d77d6047d)
2023-11-09T14:10:03.6820271Z Complete job name: test (3.8, lint)
2023-11-09T14:10:03.7740226Z ##[group]Run actions/checkout@v4
2023-11-09T14:10:03.7740851Z with:
2023-11-09T14:10:03.7741168Z   fetch-depth: 0
2023-11-09T14:10:03.7741487Z   repository: con/tinuous
2023-11-09T14:10:03.7742119Z   token: ***
2023-11-09T14:10:03.7742455Z   ssh-strict: true
2023-11-09T14:10:03.7742783Z   persist-credentials: true
2023-11-09T14:10:03.7743253Z   clean: true
2023-11-09T14:10:03.7743622Z   sparse-checkout-cone-mode: true
2023-11-09T14:10:03.7743987Z   fetch-tags: false
2023-11-09T14:10:03.7744403Z   show-progress: true
2023-11-09T14:10:03.7744739Z   lfs: false
2023-11-09T14:10:03.7745034Z   submodules: false
2023-11-09T14:10:03.7745430Z   set-safe-directory: true
2023-11-09T14:10:03.7745789Z ##[endgroup]
2023-11-09T14:10:03.9662656Z Syncing repository: con/tinuous
2023-11-09T14:10:03.9664876Z ##[group]Getting Git version info
2023-11-09T14:10:03.9665995Z Working directory is '/home/runner/work/tinuous/tinuous'
2023-11-09T14:10:03.9667254Z [command]/usr/bin/git version
2023-11-09T14:10:03.9692400Z git version 2.42.0
2023-11-09T14:10:03.9716209Z ##[endgroup]
2023-11-09T14:10:03.9736713Z Temporarily overriding HOME='/home/runner/work/_temp/50776731-dd59-443c-be32-81b91d856e53' before making global git config changes
2023-11-09T14:10:03.9738539Z Adding repository directory to the temporary git global config as a safe directory
2023-11-09T14:10:03.9740193Z [command]/usr/bin/git config --global --add safe.directory /home/runner/work/tinuous/tinuous
2023-11-09T14:10:03.9774724Z Deleting the contents of '/home/runner/work/tinuous/tinuous'
2023-11-09T14:10:03.9781939Z ##[group]Initializing the repository
2023-11-09T14:10:03.9784762Z [command]/usr/bin/git init /home/runner/work/tinuous/tinuous
2023-11-09T14:10:03.9879435Z hint: Using 'master' as the name for the initial branch. This default branch name
2023-11-09T14:10:03.9881444Z hint: is subject to change. To configure the initial branch name to use in all
2023-11-09T14:10:03.9882758Z hint: of your new repositories, which will suppress this warning, call:
2023-11-09T14:10:03.9883758Z hint: 
2023-11-09T14:10:03.9884569Z hint: 	git config --global init.defaultBranch <name>
2023-11-09T14:10:03.9885555Z hint: 
2023-11-09T14:10:03.9886668Z hint: Names commonly chosen instead of 'master' are 'main', 'trunk' and
2023-11-09T14:10:03.9888151Z hint: 'development'. The just-created branch can be renamed via this command:
2023-11-09T14:10:03.9888790Z hint: 
2023-11-09T14:10:03.9889299Z hint: 	git branch -m <name>
2023-11-09T14:10:03.9897175Z Initialized empty Git repository in /home/runner/work/tinuous/tinuous/.git/
2023-11-09T14:10:03.9907777Z [command]/usr/bin/git remote add origin https://github.com/con/tinuous
2023-11-09T14:10:03.9946398Z ##[endgroup]
2023-11-09T14:10:03.9947577Z ##[group]Disabling automatic garbage collection
2023-11-09T14:10:03.9949551Z [command]/usr/bin/git config --local gc.auto 0
2023-11-09T14:10:03.9985699Z ##[endgroup]
2023-11-09T14:10:03.9986408Z ##[group]Setting up auth
2023-11-09T14:10:03.9990055Z [command]/usr/bin/git config --local --name-only --get-regexp core\.sshCommand
2023-11-09T14:10:04.0019574Z [command]/usr/bin/git submodule foreach --recursive sh -c "git config --local --name-only --get-regexp 'core\.sshCommand' && git config --local --unset-all 'core.sshCommand' || :"
2023-11-09T14:10:04.0394844Z [command]/usr/bin/git config --local --name-only --get-regexp http\.https\:\/\/github\.com\/\.extraheader
2023-11-09T14:10:04.0426733Z [command]/usr/bin/git submodule foreach --recursive sh -c "git config --local --name-only --get-regexp 'http\.https\:\/\/github\.com\/\.extraheader' && git config --local --unset-all 'http.https://github.com/.extraheader' || :"
2023-11-09T14:10:04.0673251Z [command]/usr/bin/git config --local http.https://github.com/.extraheader AUTHORIZATION: basic ***
2023-11-09T14:10:04.0707725Z ##[endgroup]
2023-11-09T14:10:04.0708969Z ##[group]Fetching the repository
2023-11-09T14:10:04.0717916Z [command]/usr/bin/git -c protocol.version=2 fetch --prune --no-recurse-submodules origin +refs/heads/*:refs/remotes/origin/* +refs/tags/*:refs/tags/* +964f214e21f3da01aadabb74ff5d3d3635a01a15:refs/remotes/pull/175/merge
2023-11-09T14:10:04.8724339Z From https://github.com/con/tinuous
2023-11-09T14:10:04.8726085Z  * [new branch]      fix-typing                               -> origin/fix-typing
2023-11-09T14:10:04.8727857Z  * [new branch]      gh-55                                    -> origin/gh-55
2023-11-09T14:10:04.8729301Z  * [new branch]      master                                   -> origin/master
2023-11-09T14:10:04.8730960Z  * [new branch]      no-extra-search                          -> origin/no-extra-search
2023-11-09T14:10:04.8732511Z  * [new branch]      test-appveyor                            -> origin/test-appveyor
2023-11-09T14:10:04.8734571Z  * [new branch]      unused                                   -> origin/unused
2023-11-09T14:10:04.8735932Z  * [new tag]         0.1.0                                    -> 0.1.0
2023-11-09T14:10:04.8737276Z  * [new tag]         0.2.0                                    -> 0.2.0
2023-11-09T14:10:04.8739063Z  * [new tag]         0.3.0                                    -> 0.3.0
2023-11-09T14:10:04.8741285Z  * [new tag]         0.4.0                                    -> 0.4.0
2023-11-09T14:10:04.8742405Z  * [new tag]         0.5.0                                    -> 0.5.0
2023-11-09T14:10:04.8743822Z  * [new tag]         0.5.1                                    -> 0.5.1
2023-11-09T14:10:04.8744917Z  * [new tag]         0.5.2                                    -> 0.5.2
2023-11-09T14:10:04.8746522Z  * [new tag]         0.5.3                                    -> 0.5.3
2023-11-09T14:10:04.8747673Z  * [new tag]         0.5.4                                    -> 0.5.4
2023-11-09T14:10:04.8749075Z  * [new tag]         0.6.0                                    -> 0.6.0
2023-11-09T14:10:04.8750583Z  * [new tag]         0.6.1                                    -> 0.6.1
2023-11-09T14:10:04.8753923Z  * [new ref]         964f214e21f3da01aadabb74ff5d3d3635a01a15 -> pull/175/merge
2023-11-09T14:10:04.8783986Z ##[endgroup]
2023-11-09T14:10:04.8784863Z ##[group]Determining the checkout info
2023-11-09T14:10:04.8786023Z ##[endgroup]
2023-11-09T14:10:04.8786637Z ##[group]Checking out the ref
2023-11-09T14:10:04.8789793Z [command]/usr/bin/git checkout --progress --force refs/remotes/pull/175/merge
2023-11-09T14:10:04.8845438Z Note: switching to 'refs/remotes/pull/175/merge'.
2023-11-09T14:10:04.8846431Z 
2023-11-09T14:10:04.8847741Z You are in 'detached HEAD' state. You can look around, make experimental
2023-11-09T14:10:04.8848927Z changes and commit them, and you can discard any commits you make in this
2023-11-09T14:10:04.8849663Z state without impacting any branches by switching back to a branch.
2023-11-09T14:10:04.8850094Z 
2023-11-09T14:10:04.8850381Z If you want to create a new branch to retain commits you create, you may
2023-11-09T14:10:04.8851259Z do so (now or later) by using -c with the switch command. Example:
2023-11-09T14:10:04.8852223Z 
2023-11-09T14:10:04.8852521Z   git switch -c <new-branch-name>
2023-11-09T14:10:04.8852881Z 
2023-11-09T14:10:04.8853124Z Or undo this operation with:
2023-11-09T14:10:04.8853526Z 
2023-11-09T14:10:04.8853827Z   git switch -
2023-11-09T14:10:04.8854033Z 
2023-11-09T14:10:04.8854388Z Turn off this advice by setting config variable advice.detachedHead to false
2023-11-09T14:10:04.8854828Z 
2023-11-09T14:10:04.8855300Z HEAD is now at 964f214 Merge d97be6521a484fc03f6429006e310983811128d1 into e0ad333d939ebc7bdd0131684b3bb9606b6c2435
2023-11-09T14:10:04.8856880Z ##[endgroup]
2023-11-09T14:10:04.8888310Z [command]/usr/bin/git log -1 --format='%H'
2023-11-09T14:10:04.8911643Z '964f214e21f3da01aadabb74ff5d3d3635a01a15'
2023-11-09T14:10:04.9221042Z ##[group]Run actions/setup-python@v4
2023-11-09T14:10:04.9221564Z with:
2023-11-09T14:10:04.9221886Z   python-version: 3.8
2023-11-09T14:10:04.9222277Z   check-latest: false
2023-11-09T14:10:04.9222832Z   token: ***
2023-11-09T14:10:04.9223251Z   update-environment: true
2023-11-09T14:10:04.9223639Z   allow-prereleases: false
2023-11-09T14:10:04.9224030Z ##[endgroup]
2023-11-09T14:10:05.1423763Z ##[group]Installed versions
2023-11-09T14:10:05.1559800Z Successfully set up CPython (3.8.18)
2023-11-09T14:10:05.1561114Z ##[endgroup]
2023-11-09T14:10:05.1664844Z ##[group]Run python -m pip install --upgrade pip wheel
2023-11-09T14:10:05.1665555Z [36;1mpython -m pip install --upgrade pip wheel[0m
2023-11-09T14:10:05.1666269Z [36;1mpython -m pip install --upgrade --upgrade-strategy=eager tox[0m
2023-11-09T14:10:05.1726091Z shell: /usr/bin/bash -e {0}
2023-11-09T14:10:05.1726522Z env:
2023-11-09T14:10:05.1726952Z   pythonLocation: /opt/hostedtoolcache/Python/3.8.18/x64
2023-11-09T14:10:05.1727664Z   PKG_CONFIG_PATH: /opt/hostedtoolcache/Python/3.8.18/x64/lib/pkgconfig
2023-11-09T14:10:05.1728295Z   Python_ROOT_DIR: /opt/hostedtoolcache/Python/3.8.18/x64
2023-11-09T14:10:05.1728888Z   Python2_ROOT_DIR: /opt/hostedtoolcache/Python/3.8.18/x64
2023-11-09T14:10:05.1729470Z   Python3_ROOT_DIR: /opt/hostedtoolcache/Python/3.8.18/x64
2023-11-09T14:10:05.1730048Z   LD_LIBRARY_PATH: /opt/hostedtoolcache/Python/3.8.18/x64/lib
2023-11-09T14:10:05.1730554Z ##[endgroup]
2023-11-09T14:10:05.9223145Z Requirement already satisfied: pip in /opt/hostedtoolcache/Python/3.8.18/x64/lib/python3.8/site-packages (23.0.1)
2023-11-09T14:10:06.0596286Z Collecting pip
2023-11-09T14:10:06.1356809Z   Downloading pip-23.3.1-py3-none-any.whl.metadata (3.5 kB)
2023-11-09T14:10:06.1823988Z Collecting wheel
2023-11-09T14:10:06.1932456Z   Downloading wheel-0.41.3-py3-none-any.whl.metadata (2.2 kB)
2023-11-09T14:10:06.2104326Z Downloading pip-23.3.1-py3-none-any.whl (2.1 MB)
2023-11-09T14:10:06.3803065Z    â”â”â”â”â”â”â”â”â”â”â”â”â”â”â”â”â”â”â”â”â”â”â”â”â”â”â”â”â”â”â”â”â”â”â”â”â”â”â”â” 2.1/2.1 MB 12.8 MB/s eta 0:00:00
2023-11-09T14:10:06.3910445Z Downloading wheel-0.41.3-py3-none-any.whl (65 kB)
2023-11-09T14:10:06.3969463Z    â”â”â”â”â”â”â”â”â”â”â”â”â”â”â”â”â”â”â”â”â”â”â”â”â”â”â”â”â”â”â”â”â”â”â”â”â”â”â”â” 65.8/65.8 kB 15.2 MB/s eta 0:00:00
2023-11-09T14:10:06.4360730Z Installing collected packages: wheel, pip
2023-11-09T14:10:06.4773920Z   Attempting uninstall: pip
2023-11-09T14:10:06.4780095Z     Found existing installation: pip 23.0.1
2023-11-09T14:10:06.5274649Z     Uninstalling pip-23.0.1:
2023-11-09T14:10:06.5744064Z       Successfully uninstalled pip-23.0.1
2023-11-09T14:10:07.4845205Z Successfully installed pip-23.3.1 wheel-0.41.3
2023-11-09T14:10:08.2604899Z Collecting tox
2023-11-09T14:10:08.3279025Z   Downloading tox-4.11.3-py3-none-any.whl.metadata (5.0 kB)
2023-11-09T14:10:08.3890775Z Collecting cachetools>=5.3.1 (from tox)
2023-11-09T14:10:08.4001813Z   Downloading cachetools-5.3.2-py3-none-any.whl.metadata (5.2 kB)
2023-11-09T14:10:08.4237114Z Collecting chardet>=5.2 (from tox)
2023-11-09T14:10:08.4345225Z   Downloading chardet-5.2.0-py3-none-any.whl.metadata (3.4 kB)
2023-11-09T14:10:08.4678843Z Collecting colorama>=0.4.6 (from tox)
2023-11-09T14:10:08.4786005Z   Downloading colorama-0.4.6-py2.py3-none-any.whl (25 kB)
2023-11-09T14:10:08.5235093Z Collecting filelock>=3.12.3 (from tox)
2023-11-09T14:10:08.5344550Z   Downloading filelock-3.13.1-py3-none-any.whl.metadata (2.8 kB)
2023-11-09T14:10:08.5723067Z Collecting packaging>=23.1 (from tox)
2023-11-09T14:10:08.5832999Z   Downloading packaging-23.2-py3-none-any.whl.metadata (3.2 kB)
2023-11-09T14:10:08.6188505Z Collecting platformdirs>=3.10 (from tox)
2023-11-09T14:10:08.6300620Z   Downloading platformdirs-3.11.0-py3-none-any.whl.metadata (11 kB)
2023-11-09T14:10:08.6617793Z Collecting pluggy>=1.3 (from tox)
2023-11-09T14:10:08.6726445Z   Downloading pluggy-1.3.0-py3-none-any.whl.metadata (4.3 kB)
2023-11-09T14:10:08.6996518Z Collecting pyproject-api>=1.6.1 (from tox)
2023-11-09T14:10:08.7105631Z   Downloading pyproject_api-1.6.1-py3-none-any.whl.metadata (2.8 kB)
2023-11-09T14:10:08.7392221Z Collecting tomli>=2.0.1 (from tox)
2023-11-09T14:10:08.7503192Z   Downloading tomli-2.0.1-py3-none-any.whl (12 kB)
2023-11-09T14:10:08.8515832Z Collecting virtualenv>=20.24.3 (from tox)
2023-11-09T14:10:08.8624062Z   Downloading virtualenv-20.24.6-py3-none-any.whl.metadata (4.5 kB)
2023-11-09T14:10:08.9516930Z Collecting distlib<1,>=0.3.7 (from virtualenv>=20.24.3->tox)
2023-11-09T14:10:08.9625981Z   Downloading distlib-0.3.7-py2.py3-none-any.whl.metadata (5.1 kB)
2023-11-09T14:10:08.9898688Z Downloading tox-4.11.3-py3-none-any.whl (153 kB)
2023-11-09T14:10:09.0057964Z    â”â”â”â”â”â”â”â”â”â”â”â”â”â”â”â”â”â”â”â”â”â”â”â”â”â”â”â”â”â”â”â”â”â”â”â”â”â”â”â” 153.8/153.8 kB 10.9 MB/s eta 0:00:00
2023-11-09T14:10:09.0176160Z Downloading cachetools-5.3.2-py3-none-any.whl (9.3 kB)
2023-11-09T14:10:09.0327023Z Downloading chardet-5.2.0-py3-none-any.whl (199 kB)
2023-11-09T14:10:09.0394736Z    â”â”â”â”â”â”â”â”â”â”â”â”â”â”â”â”â”â”â”â”â”â”â”â”â”â”â”â”â”â”â”â”â”â”â”â”â”â”â”â” 199.4/199.4 kB 42.1 MB/s eta 0:00:00
2023-11-09T14:10:09.0511793Z Downloading filelock-3.13.1-py3-none-any.whl (11 kB)
2023-11-09T14:10:09.0646487Z Downloading packaging-23.2-py3-none-any.whl (53 kB)
2023-11-09T14:10:09.0694797Z    â”â”â”â”â”â”â”â”â”â”â”â”â”â”â”â”â”â”â”â”â”â”â”â”â”â”â”â”â”â”â”â”â”â”â”â”â”â”â”â” 53.0/53.0 kB 17.1 MB/s eta 0:00:00
2023-11-09T14:10:09.0802535Z Downloading platformdirs-3.11.0-py3-none-any.whl (17 kB)
2023-11-09T14:10:09.0932965Z Downloading pluggy-1.3.0-py3-none-any.whl (18 kB)
2023-11-09T14:10:09.1065869Z Downloading pyproject_api-1.6.1-py3-none-any.whl (12 kB)
2023-11-09T14:10:09.1193007Z Downloading virtualenv-20.24.6-py3-none-any.whl (3.8 MB)
2023-11-09T14:10:09.1626842Z    â”â”â”â”â”â”â”â”â”â”â”â”â”â”â”â”â”â”â”â”â”â”â”â”â”â”â”â”â”â”â”â”â”â”â”â”â”â”â”â” 3.8/3.8 MB 91.0 MB/s eta 0:00:00
2023-11-09T14:10:09.1733538Z Downloading distlib-0.3.7-py2.py3-none-any.whl (468 kB)
2023-11-09T14:10:09.1811425Z    â”â”â”â”â”â”â”â”â”â”â”â”â”â”â”â”â”â”â”â”â”â”â”â”â”â”â”â”â”â”â”â”â”â”â”â”â”â”â”â” 468.9/468.9 kB 81.4 MB/s eta 0:00:00
2023-11-09T14:10:09.3105885Z Installing collected packages: distlib, tomli, pluggy, platformdirs, packaging, filelock, colorama, chardet, cachetools, virtualenv, pyproject-api, tox
2023-11-09T14:10:09.8523135Z Successfully installed cachetools-5.3.2 chardet-5.2.0 colorama-0.4.6 distlib-0.3.7 filelock-3.13.1 packaging-23.2 platformdirs-3.11.0 pluggy-1.3.0 pyproject-api-1.6.1 tomli-2.0.1 tox-4.11.3 virtualenv-20.24.6
2023-11-09T14:10:09.9725347Z ##[group]Run tox -e lint
2023-11-09T14:10:09.9725899Z [36;1mtox -e lint[0m
2023-11-09T14:10:09.9770530Z shell: /usr/bin/bash -e {0}
2023-11-09T14:10:09.9770903Z env:
2023-11-09T14:10:09.9771300Z   pythonLocation: /opt/hostedtoolcache/Python/3.8.18/x64
2023-11-09T14:10:09.9772289Z   PKG_CONFIG_PATH: /opt/hostedtoolcache/Python/3.8.18/x64/lib/pkgconfig
2023-11-09T14:10:09.9772920Z   Python_ROOT_DIR: /opt/hostedtoolcache/Python/3.8.18/x64
2023-11-09T14:10:09.9773491Z   Python2_ROOT_DIR: /opt/hostedtoolcache/Python/3.8.18/x64
2023-11-09T14:10:09.9774120Z   Python3_ROOT_DIR: /opt/hostedtoolcache/Python/3.8.18/x64
2023-11-09T14:10:09.9774711Z   LD_LIBRARY_PATH: /opt/hostedtoolcache/Python/3.8.18/x64/lib
2023-11-09T14:10:09.9775161Z ##[endgroup]
2023-11-09T14:10:10.4957187Z lint: install_deps> python -I -m pip install flake8 flake8-bugbear flake8-builtins flake8-unused-arguments
2023-11-09T14:10:12.3109379Z lint: freeze> python -m pip freeze --all
2023-11-09T14:10:12.6254901Z lint: attrs==23.1.0,flake8==6.1.0,flake8-bugbear==23.9.16,flake8-builtins==2.2.0,flake8-unused-arguments==0.0.13,mccabe==0.7.0,pip==23.3.1,pycodestyle==2.11.1,pyflakes==3.1.0,setuptools==68.2.2,wheel==0.41.2
2023-11-09T14:10:12.6259266Z lint: commands[0]> flake8 --config=tox.ini src test
2023-11-09T14:10:13.1555407Z   lint: OK (2.97=setup[2.44]+cmd[0.53] seconds)
2023-11-09T14:10:13.1556191Z   congratulations :) (3.04 seconds)
2023-11-09T14:10:13.1862409Z Post job cleanup.
2023-11-09T14:10:13.3197135Z Post job cleanup.
2023-11-09T14:10:13.3936328Z [command]/usr/bin/git version
2023-11-09T14:10:13.3975169Z git version 2.42.0
2023-11-09T14:10:13.4022042Z Temporarily overriding HOME='/home/runner/work/_temp/aa1a26a1-e99f-4031-b982-f9f684f367ed' before making global git config changes
2023-11-09T14:10:13.4024010Z Adding repository directory to the temporary git global config as a safe directory
2023-11-09T14:10:13.4027674Z [command]/usr/bin/git config --global --add safe.directory /home/runner/work/tinuous/tinuous
2023-11-09T14:10:13.4061527Z [command]/usr/bin/git config --local --name-only --get-regexp core\.sshCommand
2023-11-09T14:10:13.4092998Z [command]/usr/bin/git submodule foreach --recursive sh -c "git config --local --name-only --get-regexp 'core\.sshCommand' && git config --local --unset-all 'core.sshCommand' || :"
2023-11-09T14:10:13.4337751Z [command]/usr/bin/git config --local --name-only --get-regexp http\.https\:\/\/github\.com\/\.extraheader
2023-11-09T14:10:13.4358014Z http.https://github.com/.extraheader
2023-11-09T14:10:13.4369386Z [command]/usr/bin/git config --local --unset-all http.https://github.com/.extraheader
2023-11-09T14:10:13.4399953Z [command]/usr/bin/git submodule foreach --recursive sh -c "git config --local --name-only --get-regexp 'http\.https\:\/\/github\.com\/\.extraheader' && git config --local --unset-all 'http.https://github.com/.extraheader' || :"
2023-11-09T14:10:13.4870259Z Cleaning up orphan processes
