2021-04-28T14:42:27.6399875Z ##[section]Starting: Request a runner to run this job
2021-04-28T14:42:27.8796532Z Can't find any online and idle self-hosted runner in current repository that matches the required labels: 'ubuntu-latest'
2021-04-28T14:42:27.8796685Z Can't find any online and idle self-hosted runner in current repository's account/organization that matches the required labels: 'ubuntu-latest'
2021-04-28T14:42:27.8797065Z Found online and idle hosted runner in current repository's account/organization that matches the required labels: 'ubuntu-latest'
2021-04-28T14:42:28.0783495Z ##[section]Finishing: Request a runner to run this job
2021-04-28T14:42:36.1692369Z Current runner version: '2.278.0'
2021-04-28T14:42:36.1720550Z ##[group]Operating System
2021-04-28T14:42:36.1721651Z Ubuntu
2021-04-28T14:42:36.1722110Z 20.04.2
2021-04-28T14:42:36.1722654Z LTS
2021-04-28T14:42:36.1723131Z ##[endgroup]
2021-04-28T14:42:36.1723788Z ##[group]Virtual Environment
2021-04-28T14:42:36.1724452Z Environment: ubuntu-20.04
2021-04-28T14:42:36.1725067Z Version: 20210425.1
2021-04-28T14:42:36.1726140Z Included Software: https://github.com/actions/virtual-environments/blob/ubuntu20/20210425.1/images/linux/Ubuntu2004-README.md
2021-04-28T14:42:36.1727622Z Image Release: https://github.com/actions/virtual-environments/releases/tag/ubuntu20%2F20210425.1
2021-04-28T14:42:36.1728599Z ##[endgroup]
2021-04-28T14:42:36.1730749Z ##[group]GITHUB_TOKEN Permissions
2021-04-28T14:42:36.1732148Z Actions: write
2021-04-28T14:42:36.1732694Z Checks: write
2021-04-28T14:42:36.1733979Z Contents: write
2021-04-28T14:42:36.1734610Z Deployments: write
2021-04-28T14:42:36.1735304Z Issues: write
2021-04-28T14:42:36.1735962Z Metadata: read
2021-04-28T14:42:36.1736508Z Packages: write
2021-04-28T14:42:36.1737125Z PullRequests: write
2021-04-28T14:42:36.1737773Z RepositoryProjects: write
2021-04-28T14:42:36.1738484Z SecurityEvents: write
2021-04-28T14:42:36.1739635Z Statuses: write
2021-04-28T14:42:36.1740410Z ##[endgroup]
2021-04-28T14:42:36.1744254Z Prepare workflow directory
2021-04-28T14:42:36.2597359Z Prepare all required actions
2021-04-28T14:42:36.2609615Z Getting action download info
2021-04-28T14:42:36.6133098Z Download action repository 'actions/checkout@v2'
2021-04-28T14:42:37.9091339Z Download action repository 'actions/setup-python@v2'
2021-04-28T14:42:38.2860472Z ##[group]Run actions/checkout@v2
2021-04-28T14:42:38.2861234Z with:
2021-04-28T14:42:38.2861749Z   repository: con/tinuous
2021-04-28T14:42:38.2862702Z   token: ***
2021-04-28T14:42:38.2863199Z   ssh-strict: true
2021-04-28T14:42:38.2863788Z   persist-credentials: true
2021-04-28T14:42:38.2864365Z   clean: true
2021-04-28T14:42:38.2864839Z   fetch-depth: 1
2021-04-28T14:42:38.2865348Z   lfs: false
2021-04-28T14:42:38.2865820Z   submodules: false
2021-04-28T14:42:38.2866328Z ##[endgroup]
2021-04-28T14:42:38.9222422Z Syncing repository: con/tinuous
2021-04-28T14:42:38.9223300Z ##[group]Getting Git version info
2021-04-28T14:42:38.9226811Z Working directory is '/home/runner/work/tinuous/tinuous'
2021-04-28T14:42:38.9231459Z [command]/usr/bin/git version
2021-04-28T14:42:38.9232022Z git version 2.31.1
2021-04-28T14:42:38.9233643Z ##[endgroup]
2021-04-28T14:42:38.9234803Z Deleting the contents of '/home/runner/work/tinuous/tinuous'
2021-04-28T14:42:38.9236990Z ##[group]Initializing the repository
2021-04-28T14:42:38.9237990Z [command]/usr/bin/git init /home/runner/work/tinuous/tinuous
2021-04-28T14:42:38.9239294Z hint: Using 'master' as the name for the initial branch. This default branch name
2021-04-28T14:42:38.9240595Z hint: is subject to change. To configure the initial branch name to use in all
2021-04-28T14:42:39.6904209Z hint: of your new repositories, which will suppress this warning, call:
2021-04-28T14:42:39.6947070Z hint: 
2021-04-28T14:42:39.6948585Z hint: 	git config --global init.defaultBranch <name>
2021-04-28T14:42:39.6949458Z hint: 
2021-04-28T14:42:39.6950559Z hint: Names commonly chosen instead of 'master' are 'main', 'trunk' and
2021-04-28T14:42:39.6952857Z hint: 'development'. The just-created branch can be renamed via this command:
2021-04-28T14:42:39.6958216Z hint: 
2021-04-28T14:42:39.6959264Z hint: 	git branch -m <name>
2021-04-28T14:42:39.6961003Z Initialized empty Git repository in /home/runner/work/tinuous/tinuous/.git/
2021-04-28T14:42:39.6962363Z [command]/usr/bin/git remote add origin https://github.com/con/tinuous
2021-04-28T14:42:39.6963386Z ##[endgroup]
2021-04-28T14:42:39.6967042Z ##[group]Disabling automatic garbage collection
2021-04-28T14:42:39.6969141Z [command]/usr/bin/git config --local gc.auto 0
2021-04-28T14:42:39.6970130Z ##[endgroup]
2021-04-28T14:42:39.6972677Z ##[group]Setting up auth
2021-04-28T14:42:39.6984303Z [command]/usr/bin/git config --local --name-only --get-regexp core\.sshCommand
2021-04-28T14:42:39.6986258Z [command]/usr/bin/git submodule foreach --recursive git config --local --name-only --get-regexp 'core\.sshCommand' && git config --local --unset-all 'core.sshCommand' || :
2021-04-28T14:42:39.6988481Z [command]/usr/bin/git config --local --name-only --get-regexp http\.https\:\/\/github\.com\/\.extraheader
2021-04-28T14:42:39.6990890Z [command]/usr/bin/git submodule foreach --recursive git config --local --name-only --get-regexp 'http\.https\:\/\/github\.com\/\.extraheader' && git config --local --unset-all 'http.https://github.com/.extraheader' || :
2021-04-28T14:42:39.6997808Z [command]/usr/bin/git config --local http.https://github.com/.extraheader AUTHORIZATION: basic ***
2021-04-28T14:42:39.6999007Z ##[endgroup]
2021-04-28T14:42:39.6999779Z ##[group]Fetching the repository
2021-04-28T14:42:40.6912953Z [command]/usr/bin/git -c protocol.version=2 fetch --no-tags --prune --progress --no-recurse-submodules --depth=1 origin +17256e8fe1c49ef791c6832f0bf7a6fcfdc905db:refs/remotes/pull/29/merge
2021-04-28T14:42:40.7024608Z remote: Enumerating objects: 22, done.        
2021-04-28T14:42:40.7031215Z remote: Counting objects:   4% (1/22)        
2021-04-28T14:42:40.7032196Z remote: Counting objects:   9% (2/22)        
2021-04-28T14:42:40.7033063Z remote: Counting objects:  13% (3/22)        
2021-04-28T14:42:40.7035245Z remote: Counting objects:  18% (4/22)        
2021-04-28T14:42:40.7036239Z remote: Counting objects:  22% (5/22)        
2021-04-28T14:42:40.7037104Z remote: Counting objects:  27% (6/22)        
2021-04-28T14:42:40.7038460Z remote: Counting objects:  31% (7/22)        
2021-04-28T14:42:40.7039476Z remote: Counting objects:  36% (8/22)        
2021-04-28T14:42:40.7040621Z remote: Counting objects:  40% (9/22)        
2021-04-28T14:42:40.7041530Z remote: Counting objects:  45% (10/22)        
2021-04-28T14:42:40.7042371Z remote: Counting objects:  50% (11/22)        
2021-04-28T14:42:40.7043243Z remote: Counting objects:  54% (12/22)        
2021-04-28T14:42:40.7044166Z remote: Counting objects:  59% (13/22)        
2021-04-28T14:42:40.7045015Z remote: Counting objects:  63% (14/22)        
2021-04-28T14:42:40.7045878Z remote: Counting objects:  68% (15/22)        
2021-04-28T14:42:40.7046723Z remote: Counting objects:  72% (16/22)        
2021-04-28T14:42:40.7047592Z remote: Counting objects:  77% (17/22)        
2021-04-28T14:42:40.7048451Z remote: Counting objects:  81% (18/22)        
2021-04-28T14:42:40.7049300Z remote: Counting objects:  86% (19/22)        
2021-04-28T14:42:40.7050173Z remote: Counting objects:  90% (20/22)        
2021-04-28T14:42:40.7051026Z remote: Counting objects:  95% (21/22)        
2021-04-28T14:42:40.7051895Z remote: Counting objects: 100% (22/22)        
2021-04-28T14:42:40.7052777Z remote: Counting objects: 100% (22/22), done.        
2021-04-28T14:42:40.7053663Z remote: Compressing objects:   6% (1/16)        
2021-04-28T14:42:40.7054568Z remote: Compressing objects:  12% (2/16)        
2021-04-28T14:42:40.7055490Z remote: Compressing objects:  18% (3/16)        
2021-04-28T14:42:40.7056402Z remote: Compressing objects:  25% (4/16)        
2021-04-28T14:42:40.7057302Z remote: Compressing objects:  31% (5/16)        
2021-04-28T14:42:40.7058194Z remote: Compressing objects:  37% (6/16)        
2021-04-28T14:42:40.7059099Z remote: Compressing objects:  43% (7/16)        
2021-04-28T14:42:40.7060017Z remote: Compressing objects:  50% (8/16)        
2021-04-28T14:42:40.7061518Z remote: Compressing objects:  56% (9/16)        
2021-04-28T14:42:40.7062469Z remote: Compressing objects:  62% (10/16)        
2021-04-28T14:42:40.7063430Z remote: Compressing objects:  68% (11/16)        
2021-04-28T14:42:40.7064352Z remote: Compressing objects:  75% (12/16)        
2021-04-28T14:42:40.7065272Z remote: Compressing objects:  81% (13/16)        
2021-04-28T14:42:40.7066161Z remote: Compressing objects:  87% (14/16)        
2021-04-28T14:42:40.7067073Z remote: Compressing objects:  93% (15/16)        
2021-04-28T14:42:40.7068342Z remote: Compressing objects: 100% (16/16)        
2021-04-28T14:42:40.7069272Z remote: Compressing objects: 100% (16/16), done.        
2021-04-28T14:42:40.7070847Z remote: Total 22 (delta 1), reused 14 (delta 1), pack-reused 0        
2021-04-28T14:42:40.7071951Z From https://github.com/con/tinuous
2021-04-28T14:42:40.7073472Z  * [new ref]         17256e8fe1c49ef791c6832f0bf7a6fcfdc905db -> pull/29/merge
2021-04-28T14:42:40.7074683Z ##[endgroup]
2021-04-28T14:42:40.7075579Z ##[group]Determining the checkout info
2021-04-28T14:42:40.7076448Z ##[endgroup]
2021-04-28T14:42:40.7077289Z ##[group]Checking out the ref
2021-04-28T14:42:40.7078766Z [command]/usr/bin/git checkout --progress --force refs/remotes/pull/29/merge
2021-04-28T14:42:40.7080428Z Note: switching to 'refs/remotes/pull/29/merge'.
2021-04-28T14:42:40.7081186Z 
2021-04-28T14:42:40.7082473Z You are in 'detached HEAD' state. You can look around, make experimental
2021-04-28T14:42:40.7083700Z changes and commit them, and you can discard any commits you make in this
2021-04-28T14:42:40.7084837Z state without impacting any branches by switching back to a branch.
2021-04-28T14:42:40.7085547Z 
2021-04-28T14:42:40.7086435Z If you want to create a new branch to retain commits you create, you may
2021-04-28T14:42:40.7087831Z do so (now or later) by using -c with the switch command. Example:
2021-04-28T14:42:40.7088549Z 
2021-04-28T14:42:40.7089653Z   git switch -c <new-branch-name>
2021-04-28T14:42:40.7090332Z 
2021-04-28T14:42:40.7091161Z Or undo this operation with:
2021-04-28T14:42:40.7091528Z 
2021-04-28T14:42:40.7092269Z   git switch -
2021-04-28T14:42:40.7092831Z 
2021-04-28T14:42:40.7093619Z Turn off this advice by setting config variable advice.detachedHead to false
2021-04-28T14:42:40.7094213Z 
2021-04-28T14:42:40.7095144Z HEAD is now at 17256e8 Merge 4c29915289c0d7ea942cd1279a7391a4845f7172 into 02ccf5e77963c21ed3f7a238f28bb349cd49d0c0
2021-04-28T14:42:40.7096163Z ##[endgroup]
2021-04-28T14:42:40.7097513Z [command]/usr/bin/git log -1 --format='%H'
2021-04-28T14:42:40.7098928Z '17256e8fe1c49ef791c6832f0bf7a6fcfdc905db'
2021-04-28T14:42:40.7259725Z ##[group]Run actions/setup-python@v2
2021-04-28T14:42:40.7260542Z with:
2021-04-28T14:42:40.7261097Z   python-version: 3.8
2021-04-28T14:42:40.7262202Z   token: ***
2021-04-28T14:42:40.7262752Z ##[endgroup]
2021-04-28T14:42:40.7937816Z Successfully setup CPython (3.8.9)
2021-04-28T14:42:40.8026997Z ##[group]Run python -m pip install --upgrade pip wheel
2021-04-28T14:42:40.8028072Z [36;1mpython -m pip install --upgrade pip wheel[0m
2021-04-28T14:42:40.8028774Z [36;1mpython -m pip install .[0m
2021-04-28T14:42:40.8078484Z shell: /usr/bin/bash -e {0}
2021-04-28T14:42:40.8079039Z env:
2021-04-28T14:42:40.8079839Z   pythonLocation: /opt/hostedtoolcache/Python/3.8.9/x64
2021-04-28T14:42:40.8080961Z   LD_LIBRARY_PATH: /opt/hostedtoolcache/Python/3.8.9/x64/lib
2021-04-28T14:42:40.8081703Z ##[endgroup]
2021-04-28T14:42:41.3566064Z WARNING: Value for scheme.headers does not match. Please report this to <https://github.com/pypa/pip/issues/9617>
2021-04-28T14:42:41.3568769Z distutils: /opt/hostedtoolcache/Python/3.8.9/x64/include/python3.8/UNKNOWN
2021-04-28T14:42:41.3570568Z sysconfig: /opt/hostedtoolcache/Python/3.8.9/x64/include/python3.8
2021-04-28T14:42:41.3577109Z WARNING: Additional context:
2021-04-28T14:42:41.3579228Z user = False
2021-04-28T14:42:41.3581081Z home = None
2021-04-28T14:42:41.3583194Z root = None
2021-04-28T14:42:41.3585082Z prefix = None
2021-04-28T14:42:41.4431676Z Requirement already satisfied: pip in /opt/hostedtoolcache/Python/3.8.9/x64/lib/python3.8/site-packages (21.1)
2021-04-28T14:42:41.7020744Z Collecting wheel
2021-04-28T14:42:41.7746974Z   Downloading wheel-0.36.2-py2.py3-none-any.whl (35 kB)
2021-04-28T14:42:41.8210832Z Installing collected packages: wheel
2021-04-28T14:42:41.8560097Z WARNING: Value for scheme.headers does not match. Please report this to <https://github.com/pypa/pip/issues/9617>
2021-04-28T14:42:41.8561311Z distutils: /opt/hostedtoolcache/Python/3.8.9/x64/include/python3.8/UNKNOWN
2021-04-28T14:42:41.8562436Z sysconfig: /opt/hostedtoolcache/Python/3.8.9/x64/include/python3.8
2021-04-28T14:42:41.8566737Z WARNING: Additional context:
2021-04-28T14:42:41.8567275Z user = False
2021-04-28T14:42:41.8567644Z home = None
2021-04-28T14:42:41.8568018Z root = None
2021-04-28T14:42:41.8568385Z prefix = None
2021-04-28T14:42:41.8585942Z Successfully installed wheel-0.36.2
2021-04-28T14:42:42.4421721Z WARNING: Value for scheme.headers does not match. Please report this to <https://github.com/pypa/pip/issues/9617>
2021-04-28T14:42:42.4432368Z distutils: /opt/hostedtoolcache/Python/3.8.9/x64/include/python3.8/UNKNOWN
2021-04-28T14:42:42.4451712Z sysconfig: /opt/hostedtoolcache/Python/3.8.9/x64/include/python3.8
2021-04-28T14:42:42.4461517Z WARNING: Additional context:
2021-04-28T14:42:42.4462712Z user = False
2021-04-28T14:42:42.4463670Z home = None
2021-04-28T14:42:42.4464632Z root = None
2021-04-28T14:42:42.4467031Z prefix = None
2021-04-28T14:42:42.5372277Z Processing /home/runner/work/tinuous/tinuous
2021-04-28T14:42:42.5377735Z   DEPRECATION: A future pip version will change local packages to be built in-place without first copying to a temporary directory. We recommend you use --use-feature=in-tree-build to test your packages with this new behavior before it becomes the default.
2021-04-28T14:42:42.5380371Z    pip 21.3 will remove support for this functionality. You can find discussion regarding this at https://github.com/pypa/pip/issues/7555.
2021-04-28T14:42:43.4869272Z   Installing build dependencies: started
2021-04-28T14:42:46.1308942Z   Installing build dependencies: finished with status 'done'
2021-04-28T14:42:46.1334588Z   Getting requirements to build wheel: started
2021-04-28T14:42:46.4734519Z   Getting requirements to build wheel: finished with status 'done'
2021-04-28T14:42:46.4735505Z     Preparing wheel metadata: started
2021-04-28T14:42:46.7573490Z     Preparing wheel metadata: finished with status 'done'
2021-04-28T14:42:47.0170622Z Collecting pydantic~=1.7
2021-04-28T14:42:47.0753942Z   Downloading pydantic-1.8.1-cp38-cp38-manylinux2014_x86_64.whl (13.7 MB)
2021-04-28T14:42:47.7928058Z Collecting PyGithub~=1.53
2021-04-28T14:42:47.8082120Z   Downloading PyGithub-1.55-py3-none-any.whl (291 kB)
2021-04-28T14:42:48.6915240Z Collecting python-dateutil~=2.7
2021-04-28T14:42:48.6953800Z   Downloading python_dateutil-2.8.1-py2.py3-none-any.whl (227 kB)
2021-04-28T14:42:48.6954621Z Collecting requests~=2.20
2021-04-28T14:42:48.6955633Z   Downloading requests-2.25.1-py2.py3-none-any.whl (61 kB)
2021-04-28T14:42:48.6956363Z Collecting PyYAML~=5.0
2021-04-28T14:42:48.6957276Z   Downloading PyYAML-5.4.1-cp38-cp38-manylinux1_x86_64.whl (662 kB)
2021-04-28T14:42:48.6958189Z Collecting click-loglevel~=0.2
2021-04-28T14:42:48.6959121Z   Downloading click_loglevel-0.3.0-py3-none-any.whl (5.0 kB)
2021-04-28T14:42:48.6960307Z Collecting in-place~=0.4
2021-04-28T14:42:48.6961205Z   Downloading in_place-0.5.0-py3-none-any.whl (9.1 kB)
2021-04-28T14:42:48.6961886Z Collecting datalad~=0.14
2021-04-28T14:42:48.6962618Z   Downloading datalad-0.14.2.tar.gz (1.6 MB)
2021-04-28T14:42:48.7650671Z   Installing build dependencies: started
2021-04-28T14:42:51.3071091Z   Installing build dependencies: finished with status 'done'
2021-04-28T14:42:51.3138308Z   Getting requirements to build wheel: started
2021-04-28T14:42:51.7641170Z   Getting requirements to build wheel: finished with status 'done'
2021-04-28T14:42:51.7671852Z     Preparing wheel metadata: started
2021-04-28T14:42:52.2880295Z     Preparing wheel metadata: finished with status 'done'
2021-04-28T14:42:52.3558389Z Collecting click~=7.0
2021-04-28T14:42:52.3728108Z   Downloading click-7.1.2-py2.py3-none-any.whl (82 kB)
2021-04-28T14:42:52.6604713Z Collecting keyring>=8.0
2021-04-28T14:42:52.6876608Z   Downloading keyring-23.0.1-py3-none-any.whl (33 kB)
2021-04-28T14:42:52.7135989Z Collecting patool>=1.7
2021-04-28T14:42:52.7368627Z   Downloading patool-1.12-py2.py3-none-any.whl (77 kB)
2021-04-28T14:42:52.8517827Z Collecting simplejson
2021-04-28T14:42:52.8674523Z   Downloading simplejson-3.17.2-cp38-cp38-manylinux2010_x86_64.whl (137 kB)
2021-04-28T14:42:52.9002259Z Collecting annexremote
2021-04-28T14:42:52.9147173Z   Downloading annexremote-1.5.0-py3-none-any.whl (25 kB)
2021-04-28T14:42:52.9467843Z Collecting fasteners>=0.14
2021-04-28T14:42:52.9616095Z   Downloading fasteners-0.16-py2.py3-none-any.whl (28 kB)
2021-04-28T14:42:53.0020069Z Collecting jsmin
2021-04-28T14:42:53.0175433Z   Downloading jsmin-2.2.2.tar.gz (12 kB)
2021-04-28T14:42:53.4213377Z Collecting appdirs
2021-04-28T14:42:53.4353900Z   Downloading appdirs-1.4.4-py2.py3-none-any.whl (9.6 kB)
2021-04-28T14:42:53.4656009Z Collecting chardet>=3.0.4
2021-04-28T14:42:53.4802254Z   Downloading chardet-4.0.0-py2.py3-none-any.whl (178 kB)
2021-04-28T14:42:53.5141994Z Collecting wrapt
2021-04-28T14:42:53.5284899Z   Downloading wrapt-1.12.1.tar.gz (27 kB)
2021-04-28T14:42:53.8820643Z Collecting whoosh
2021-04-28T14:42:53.8992545Z   Downloading Whoosh-2.7.4-py2.py3-none-any.whl (468 kB)
2021-04-28T14:42:53.9703768Z Collecting boto
2021-04-28T14:42:53.9887505Z   Downloading boto-2.49.0-py2.py3-none-any.whl (1.4 MB)
2021-04-28T14:42:54.0571687Z Collecting keyrings.alt
2021-04-28T14:42:54.0715668Z   Downloading keyrings.alt-4.0.2-py3-none-any.whl (20 kB)
2021-04-28T14:42:54.1204022Z Collecting humanize
2021-04-28T14:42:54.1442271Z   Downloading humanize-3.4.1-py3-none-any.whl (73 kB)
2021-04-28T14:42:54.1767442Z Collecting iso8601
2021-04-28T14:42:54.1915477Z   Downloading iso8601-0.1.14-py2.py3-none-any.whl (9.5 kB)
2021-04-28T14:42:54.3357396Z Collecting tqdm
2021-04-28T14:42:54.3515543Z   Downloading tqdm-4.60.0-py2.py3-none-any.whl (75 kB)
2021-04-28T14:42:54.4508037Z Collecting msgpack
2021-04-28T14:42:54.4664376Z   Downloading msgpack-1.0.2-cp38-cp38-manylinux1_x86_64.whl (302 kB)
2021-04-28T14:42:54.6039254Z Collecting distro
2021-04-28T14:42:54.6191630Z   Downloading distro-1.5.0-py2.py3-none-any.whl (18 kB)
2021-04-28T14:42:54.6816300Z Collecting six
2021-04-28T14:42:54.6942428Z   Downloading six-1.15.0-py2.py3-none-any.whl (10 kB)
2021-04-28T14:42:54.7567659Z Collecting SecretStorage>=3.2
2021-04-28T14:42:54.7712971Z   Downloading SecretStorage-3.3.1-py3-none-any.whl (15 kB)
2021-04-28T14:42:54.8036557Z Collecting jeepney>=0.4.2
2021-04-28T14:42:54.8304837Z   Downloading jeepney-0.6.0-py3-none-any.whl (45 kB)
2021-04-28T14:42:54.9259398Z Collecting importlib-metadata>=3.6
2021-04-28T14:42:54.9403319Z   Downloading importlib_metadata-4.0.1-py3-none-any.whl (16 kB)
2021-04-28T14:42:55.0204435Z Collecting zipp>=0.5
2021-04-28T14:42:55.0359398Z   Downloading zipp-3.4.1-py3-none-any.whl (5.2 kB)
2021-04-28T14:42:55.0896034Z Collecting typing-extensions>=3.7.4.3
2021-04-28T14:42:55.1034216Z   Downloading typing_extensions-3.7.4.3-py3-none-any.whl (22 kB)
2021-04-28T14:42:55.1827611Z Collecting pynacl>=1.4.0
2021-04-28T14:42:55.1971132Z   Downloading PyNaCl-1.4.0-cp35-abi3-manylinux1_x86_64.whl (961 kB)
2021-04-28T14:42:55.2602136Z Collecting deprecated
2021-04-28T14:42:55.2742357Z   Downloading Deprecated-1.2.12-py2.py3-none-any.whl (9.5 kB)
2021-04-28T14:42:55.3414479Z Collecting pyjwt>=2.0
2021-04-28T14:42:55.3553127Z   Downloading PyJWT-2.1.0-py3-none-any.whl (16 kB)
2021-04-28T14:42:55.7510157Z Collecting cffi>=1.4.1
2021-04-28T14:42:55.7668329Z   Downloading cffi-1.14.5-cp38-cp38-manylinux1_x86_64.whl (411 kB)
2021-04-28T14:42:55.8295916Z Collecting pycparser
2021-04-28T14:42:55.8444956Z   Downloading pycparser-2.20-py2.py3-none-any.whl (112 kB)
2021-04-28T14:42:55.9236510Z Collecting certifi>=2017.4.17
2021-04-28T14:42:55.9417187Z   Downloading certifi-2020.12.5-py2.py3-none-any.whl (147 kB)
2021-04-28T14:42:56.0176872Z Collecting urllib3<1.27,>=1.21.1
2021-04-28T14:42:56.0325582Z   Downloading urllib3-1.26.4-py2.py3-none-any.whl (153 kB)
2021-04-28T14:42:56.0730361Z Collecting idna<3,>=2.5
2021-04-28T14:42:56.0873326Z   Downloading idna-2.10-py2.py3-none-any.whl (58 kB)
2021-04-28T14:42:56.6319771Z Collecting cryptography>=2.0
2021-04-28T14:42:56.6635791Z   Downloading cryptography-3.4.7-cp36-abi3-manylinux2014_x86_64.whl (3.2 MB)
2021-04-28T14:42:56.8673413Z Collecting future
2021-04-28T14:42:56.8817585Z   Downloading future-0.18.2.tar.gz (829 kB)
2021-04-28T14:42:57.3710427Z Requirement already satisfied: setuptools in /opt/hostedtoolcache/Python/3.8.9/x64/lib/python3.8/site-packages (from humanize->datalad~=0.14->tinuous==0+untagged.1.g17256e8) (49.2.1)
2021-04-28T14:42:57.5033865Z Building wheels for collected packages: tinuous, datalad, wrapt, future, jsmin
2021-04-28T14:42:57.5044290Z   Building wheel for tinuous (PEP 517): started
2021-04-28T14:42:57.8348401Z   Building wheel for tinuous (PEP 517): finished with status 'done'
2021-04-28T14:42:57.8357576Z   Created wheel for tinuous: filename=tinuous-0+untagged.1.g17256e8-py3-none-any.whl size=14472 sha256=3915906d1fdc331750eb10d778c43bbc109fb8f8bc5c66c0c35e0d41d9836983
2021-04-28T14:42:57.8361297Z   Stored in directory: /tmp/pip-ephem-wheel-cache-4lk4b1ri/wheels/c3/66/fd/aa40fe57fc56b6eafce6be9c19ebd0e1315c64984fda7c47af
2021-04-28T14:42:57.8392357Z   Building wheel for datalad (PEP 517): started
2021-04-28T14:42:58.8132117Z   Building wheel for datalad (PEP 517): finished with status 'done'
2021-04-28T14:42:58.8198100Z   Created wheel for datalad: filename=datalad-0.14.2-py3-none-any.whl size=1603393 sha256=f526bbdec4318c3d102b61ef3bbb015e14f7e2a1b3a6a1902cc7d4689ce62e4e
2021-04-28T14:42:58.8202213Z   Stored in directory: /home/runner/.cache/pip/wheels/5f/d3/15/1e36a77a4d222a134678396152e3b066be4d289e731045fa5a
2021-04-28T14:42:58.8264232Z   Building wheel for wrapt (setup.py): started
2021-04-28T14:43:00.1094735Z   Building wheel for wrapt (setup.py): finished with status 'done'
2021-04-28T14:43:00.1096543Z   Created wheel for wrapt: filename=wrapt-1.12.1-cp38-cp38-linux_x86_64.whl size=81795 sha256=f4317cb336e2f43d49a99b205061024d9096a02be04f9367ae1a0ba080af9014
2021-04-28T14:43:00.1098239Z   Stored in directory: /home/runner/.cache/pip/wheels/5f/fd/9e/b6cf5890494cb8ef0b5eaff72e5d55a70fb56316007d6dfe73
2021-04-28T14:43:00.1099366Z   Building wheel for future (setup.py): started
2021-04-28T14:43:00.6102122Z   Building wheel for future (setup.py): finished with status 'done'
2021-04-28T14:43:00.6127582Z   Created wheel for future: filename=future-0.18.2-py3-none-any.whl size=491059 sha256=969d54721b520fe2dfcd63572ee23f4de9a0f3f96cc5dd7ed197aa619232483f
2021-04-28T14:43:00.6131953Z   Stored in directory: /home/runner/.cache/pip/wheels/8e/70/28/3d6ccd6e315f65f245da085482a2e1c7d14b90b30f239e2cf4
2021-04-28T14:43:00.6179259Z   Building wheel for jsmin (setup.py): started
2021-04-28T14:43:01.8041855Z   Building wheel for jsmin (setup.py): finished with status 'done'
2021-04-28T14:43:01.8044417Z   Created wheel for jsmin: filename=jsmin-2.2.2-py3-none-any.whl size=13920 sha256=5eccba5f1d9b0e29ba2003dee2573546d88ead08de1ed1550657da41498df601
2021-04-28T14:43:01.8046576Z   Stored in directory: /home/runner/.cache/pip/wheels/65/b7/04/fc4b059d177fd88f3ca362ad372a15e364b0c5433121c7b135
2021-04-28T14:43:01.8047909Z Successfully built tinuous datalad wrapt future jsmin
2021-04-28T14:43:02.2325035Z Installing collected packages: pycparser, cffi, zipp, wrapt, urllib3, six, jeepney, idna, cryptography, chardet, certifi, SecretStorage, requests, pynacl, pyjwt, importlib-metadata, future, deprecated, whoosh, typing-extensions, tqdm, simplejson, PyGithub, patool, msgpack, keyrings.alt, keyring, jsmin, iso8601, humanize, fasteners, distro, click, boto, appdirs, annexremote, PyYAML, python-dateutil, pydantic, in-place, datalad, click-loglevel, tinuous
2021-04-28T14:43:06.6882128Z WARNING: Value for scheme.headers does not match. Please report this to <https://github.com/pypa/pip/issues/9617>
2021-04-28T14:43:06.6883275Z distutils: /opt/hostedtoolcache/Python/3.8.9/x64/include/python3.8/UNKNOWN
2021-04-28T14:43:06.6884145Z sysconfig: /opt/hostedtoolcache/Python/3.8.9/x64/include/python3.8
2021-04-28T14:43:06.6884837Z WARNING: Additional context:
2021-04-28T14:43:06.6885305Z user = False
2021-04-28T14:43:06.6885662Z home = None
2021-04-28T14:43:06.6886321Z root = None
2021-04-28T14:43:06.6886686Z prefix = None
2021-04-28T14:43:06.7075346Z Successfully installed PyGithub-1.55 PyYAML-5.4.1 SecretStorage-3.3.1 annexremote-1.5.0 appdirs-1.4.4 boto-2.49.0 certifi-2020.12.5 cffi-1.14.5 chardet-4.0.0 click-7.1.2 click-loglevel-0.3.0 cryptography-3.4.7 datalad-0.14.2 deprecated-1.2.12 distro-1.5.0 fasteners-0.16 future-0.18.2 humanize-3.4.1 idna-2.10 importlib-metadata-4.0.1 in-place-0.5.0 iso8601-0.1.14 jeepney-0.6.0 jsmin-2.2.2 keyring-23.0.1 keyrings.alt-4.0.2 msgpack-1.0.2 patool-1.12 pycparser-2.20 pydantic-1.8.1 pyjwt-2.1.0 pynacl-1.4.0 python-dateutil-2.8.1 requests-2.25.1 simplejson-3.17.2 six-1.15.0 tinuous-0+untagged.1.g17256e8 tqdm-4.60.0 typing-extensions-3.7.4.3 urllib3-1.26.4 whoosh-2.7.4 wrapt-1.12.1 zipp-3.4.1
2021-04-28T14:43:06.8594279Z ##[group]Run tinuous --help
2021-04-28T14:43:06.8594858Z [36;1mtinuous --help[0m
2021-04-28T14:43:06.8639020Z shell: /usr/bin/bash -e {0}
2021-04-28T14:43:06.8639414Z env:
2021-04-28T14:43:06.8640219Z   pythonLocation: /opt/hostedtoolcache/Python/3.8.9/x64
2021-04-28T14:43:06.8640990Z   LD_LIBRARY_PATH: /opt/hostedtoolcache/Python/3.8.9/x64/lib
2021-04-28T14:43:06.8641565Z ##[endgroup]
2021-04-28T14:43:06.9995369Z It is highly recommended to configure Git before using DataLad. Set both 'user.name' and 'user.email' configuration variables.
2021-04-28T14:43:06.9997494Z It is highly recommended to configure Git before using DataLad. Set both 'user.name' and 'user.email' configuration variables.
2021-04-28T14:43:07.6260434Z Usage: tinuous [OPTIONS] COMMAND [ARGS]...
2021-04-28T14:43:07.6261219Z 
2021-04-28T14:43:07.6261974Z   Download build logs from GitHub Actions, Travis, and Appveyor
2021-04-28T14:43:07.6262557Z 
2021-04-28T14:43:07.6263042Z Options:
2021-04-28T14:43:07.6264492Z   -c, --config FILE               Read configuration from the given file
2021-04-28T14:43:07.6265367Z                                   [default: config.yml]
2021-04-28T14:43:07.6265810Z 
2021-04-28T14:43:07.6266736Z   -l, --log-level [NOTSET|DEBUG|INFO|WARNING|ERROR|CRITICAL]
2021-04-28T14:43:07.6267620Z                                   Set logging level  [default: INFO]
2021-04-28T14:43:07.6268567Z   --help                          Show this message and exit.
2021-04-28T14:43:07.6269086Z 
2021-04-28T14:43:07.6269572Z Commands:
2021-04-28T14:43:07.6270105Z   fetch     Download logs
2021-04-28T14:43:07.6270746Z   sanitize  Sanitize secrets in logs
2021-04-28T14:43:07.6826958Z ##[group]Run python -m pip install mypy
2021-04-28T14:43:07.6827624Z [36;1mpython -m pip install mypy[0m
2021-04-28T14:43:07.6882855Z shell: /usr/bin/bash -e {0}
2021-04-28T14:43:07.6883280Z env:
2021-04-28T14:43:07.6883890Z   pythonLocation: /opt/hostedtoolcache/Python/3.8.9/x64
2021-04-28T14:43:07.6884690Z   LD_LIBRARY_PATH: /opt/hostedtoolcache/Python/3.8.9/x64/lib
2021-04-28T14:43:07.6885279Z ##[endgroup]
2021-04-28T14:43:08.0528927Z WARNING: Value for scheme.headers does not match. Please report this to <https://github.com/pypa/pip/issues/9617>
2021-04-28T14:43:08.0530649Z distutils: /opt/hostedtoolcache/Python/3.8.9/x64/include/python3.8/UNKNOWN
2021-04-28T14:43:08.0531840Z sysconfig: /opt/hostedtoolcache/Python/3.8.9/x64/include/python3.8
2021-04-28T14:43:08.0532855Z WARNING: Additional context:
2021-04-28T14:43:08.0533558Z user = False
2021-04-28T14:43:08.0534156Z home = None
2021-04-28T14:43:08.0534742Z root = None
2021-04-28T14:43:08.0535327Z prefix = None
2021-04-28T14:43:08.3132842Z Collecting mypy
2021-04-28T14:43:08.4022432Z   Downloading mypy-0.812-cp38-cp38-manylinux2010_x86_64.whl (22.5 MB)
2021-04-28T14:43:09.1423417Z Collecting mypy-extensions<0.5.0,>=0.4.3
2021-04-28T14:43:09.1551121Z   Downloading mypy_extensions-0.4.3-py2.py3-none-any.whl (4.5 kB)
2021-04-28T14:43:09.3353819Z Collecting typed-ast<1.5.0,>=1.4.0
2021-04-28T14:43:09.3449086Z   Downloading typed_ast-1.4.3-cp38-cp38-manylinux1_x86_64.whl (774 kB)
2021-04-28T14:43:09.3624292Z Requirement already satisfied: typing-extensions>=3.7.4 in /opt/hostedtoolcache/Python/3.8.9/x64/lib/python3.8/site-packages (from mypy) (3.7.4.3)
2021-04-28T14:43:09.7646041Z Installing collected packages: typed-ast, mypy-extensions, mypy
2021-04-28T14:43:11.4828192Z WARNING: Value for scheme.headers does not match. Please report this to <https://github.com/pypa/pip/issues/9617>
2021-04-28T14:43:11.4829836Z distutils: /opt/hostedtoolcache/Python/3.8.9/x64/include/python3.8/UNKNOWN
2021-04-28T14:43:11.4831047Z sysconfig: /opt/hostedtoolcache/Python/3.8.9/x64/include/python3.8
2021-04-28T14:43:11.4832102Z WARNING: Additional context:
2021-04-28T14:43:11.4832800Z user = False
2021-04-28T14:43:11.4833413Z home = None
2021-04-28T14:43:11.4833994Z root = None
2021-04-28T14:43:11.4834602Z prefix = None
2021-04-28T14:43:11.4962396Z Successfully installed mypy-0.812 mypy-extensions-0.4.3 typed-ast-1.4.3
2021-04-28T14:43:11.5562100Z ##[group]Run mypy src
2021-04-28T14:43:11.5562627Z [36;1mmypy src[0m
2021-04-28T14:43:11.5603877Z shell: /usr/bin/bash -e {0}
2021-04-28T14:43:11.5604275Z env:
2021-04-28T14:43:11.5604863Z   pythonLocation: /opt/hostedtoolcache/Python/3.8.9/x64
2021-04-28T14:43:11.5605633Z   LD_LIBRARY_PATH: /opt/hostedtoolcache/Python/3.8.9/x64/lib
2021-04-28T14:43:11.5606189Z ##[endgroup]
2021-04-28T14:43:16.3180034Z Success: no issues found in 2 source files
2021-04-28T14:43:16.5986563Z Post job cleanup.
2021-04-28T14:43:16.7069331Z [command]/usr/bin/git version
2021-04-28T14:43:16.7120564Z git version 2.31.1
2021-04-28T14:43:16.7160514Z [command]/usr/bin/git config --local --name-only --get-regexp core\.sshCommand
2021-04-28T14:43:16.7196194Z [command]/usr/bin/git submodule foreach --recursive git config --local --name-only --get-regexp 'core\.sshCommand' && git config --local --unset-all 'core.sshCommand' || :
2021-04-28T14:43:16.7434281Z [command]/usr/bin/git config --local --name-only --get-regexp http\.https\:\/\/github\.com\/\.extraheader
2021-04-28T14:43:16.7475024Z http.https://github.com/.extraheader
2021-04-28T14:43:16.7476467Z [command]/usr/bin/git config --local --unset-all http.https://github.com/.extraheader
2021-04-28T14:43:16.7508353Z [command]/usr/bin/git submodule foreach --recursive git config --local --name-only --get-regexp 'http\.https\:\/\/github\.com\/\.extraheader' && git config --local --unset-all 'http.https://github.com/.extraheader' || :
2021-04-28T14:43:16.7808675Z Cleaning up orphan processes
