2021-04-28T14:42:27.6404535Z ##[section]Starting: Request a runner to run this job
2021-04-28T14:42:27.8876350Z Can't find any online and idle self-hosted runner in current repository that matches the required labels: 'ubuntu-latest'
2021-04-28T14:42:27.8876471Z Can't find any online and idle self-hosted runner in current repository's account/organization that matches the required labels: 'ubuntu-latest'
2021-04-28T14:42:27.8876688Z Found online and idle hosted runner in current repository's account/organization that matches the required labels: 'ubuntu-latest'
2021-04-28T14:42:28.0788844Z ##[section]Finishing: Request a runner to run this job
2021-04-28T14:42:36.3722744Z Current runner version: '2.278.0'
2021-04-28T14:42:36.3747517Z ##[group]Operating System
2021-04-28T14:42:36.3748428Z Ubuntu
2021-04-28T14:42:36.3748830Z 20.04.2
2021-04-28T14:42:36.3749282Z LTS
2021-04-28T14:42:36.3749726Z ##[endgroup]
2021-04-28T14:42:36.3750274Z ##[group]Virtual Environment
2021-04-28T14:42:36.3750861Z Environment: ubuntu-20.04
2021-04-28T14:42:36.3751414Z Version: 20210425.1
2021-04-28T14:42:36.3752594Z Included Software: https://github.com/actions/virtual-environments/blob/ubuntu20/20210425.1/images/linux/Ubuntu2004-README.md
2021-04-28T14:42:36.3753869Z Image Release: https://github.com/actions/virtual-environments/releases/tag/ubuntu20%2F20210425.1
2021-04-28T14:42:36.3754730Z ##[endgroup]
2021-04-28T14:42:36.3756598Z ##[group]GITHUB_TOKEN Permissions
2021-04-28T14:42:36.3757744Z Actions: write
2021-04-28T14:42:36.3758281Z Checks: write
2021-04-28T14:42:36.3758762Z Contents: write
2021-04-28T14:42:36.3759304Z Deployments: write
2021-04-28T14:42:36.3759906Z Issues: write
2021-04-28T14:42:36.3760426Z Metadata: read
2021-04-28T14:42:36.3760919Z Packages: write
2021-04-28T14:42:36.3761478Z PullRequests: write
2021-04-28T14:42:36.3762057Z RepositoryProjects: write
2021-04-28T14:42:36.3762718Z SecurityEvents: write
2021-04-28T14:42:36.3763277Z Statuses: write
2021-04-28T14:42:36.3763857Z ##[endgroup]
2021-04-28T14:42:36.3766822Z Prepare workflow directory
2021-04-28T14:42:36.4345171Z Prepare all required actions
2021-04-28T14:42:36.4355668Z Getting action download info
2021-04-28T14:42:36.8166109Z Download action repository 'actions/checkout@v2'
2021-04-28T14:42:38.5670454Z Download action repository 'actions/setup-python@v2'
2021-04-28T14:42:38.8699767Z ##[group]Run actions/checkout@v2
2021-04-28T14:42:38.8700387Z with:
2021-04-28T14:42:38.8700846Z   repository: con/tinuous
2021-04-28T14:42:38.8701719Z   token: ***
2021-04-28T14:42:38.8702151Z   ssh-strict: true
2021-04-28T14:42:38.8702688Z   persist-credentials: true
2021-04-28T14:42:38.8703183Z   clean: true
2021-04-28T14:42:38.8703619Z   fetch-depth: 1
2021-04-28T14:42:38.8704057Z   lfs: false
2021-04-28T14:42:38.8704500Z   submodules: false
2021-04-28T14:42:38.8704930Z ##[endgroup]
2021-04-28T14:42:39.0683052Z Syncing repository: con/tinuous
2021-04-28T14:42:39.0683857Z ##[group]Getting Git version info
2021-04-28T14:42:39.0684959Z Working directory is '/home/runner/work/tinuous/tinuous'
2021-04-28T14:42:39.0786850Z [command]/usr/bin/git version
2021-04-28T14:42:39.0893192Z git version 2.31.1
2021-04-28T14:42:39.0912981Z ##[endgroup]
2021-04-28T14:42:39.0918266Z Deleting the contents of '/home/runner/work/tinuous/tinuous'
2021-04-28T14:42:39.0922296Z ##[group]Initializing the repository
2021-04-28T14:42:39.0925909Z [command]/usr/bin/git init /home/runner/work/tinuous/tinuous
2021-04-28T14:42:39.0979922Z hint: Using 'master' as the name for the initial branch. This default branch name
2021-04-28T14:42:39.0980787Z hint: is subject to change. To configure the initial branch name to use in all
2021-04-28T14:42:39.0981593Z hint: of your new repositories, which will suppress this warning, call:
2021-04-28T14:42:39.0982227Z hint: 
2021-04-28T14:42:39.0982951Z hint: 	git config --global init.defaultBranch <name>
2021-04-28T14:42:39.0983515Z hint: 
2021-04-28T14:42:39.0984236Z hint: Names commonly chosen instead of 'master' are 'main', 'trunk' and
2021-04-28T14:42:39.0985215Z hint: 'development'. The just-created branch can be renamed via this command:
2021-04-28T14:42:39.0985837Z hint: 
2021-04-28T14:42:39.0986388Z hint: 	git branch -m <name>
2021-04-28T14:42:39.0990911Z Initialized empty Git repository in /home/runner/work/tinuous/tinuous/.git/
2021-04-28T14:42:39.0997403Z [command]/usr/bin/git remote add origin https://github.com/con/tinuous
2021-04-28T14:42:39.1039353Z ##[endgroup]
2021-04-28T14:42:39.1040287Z ##[group]Disabling automatic garbage collection
2021-04-28T14:42:39.1043673Z [command]/usr/bin/git config --local gc.auto 0
2021-04-28T14:42:39.1075733Z ##[endgroup]
2021-04-28T14:42:39.1080007Z ##[group]Setting up auth
2021-04-28T14:42:39.1086319Z [command]/usr/bin/git config --local --name-only --get-regexp core\.sshCommand
2021-04-28T14:42:39.1117654Z [command]/usr/bin/git submodule foreach --recursive git config --local --name-only --get-regexp 'core\.sshCommand' && git config --local --unset-all 'core.sshCommand' || :
2021-04-28T14:42:39.4186569Z [command]/usr/bin/git config --local --name-only --get-regexp http\.https\:\/\/github\.com\/\.extraheader
2021-04-28T14:42:39.4188595Z [command]/usr/bin/git submodule foreach --recursive git config --local --name-only --get-regexp 'http\.https\:\/\/github\.com\/\.extraheader' && git config --local --unset-all 'http.https://github.com/.extraheader' || :
2021-04-28T14:42:39.4190451Z [command]/usr/bin/git config --local http.https://github.com/.extraheader AUTHORIZATION: basic ***
2021-04-28T14:42:39.4191453Z ##[endgroup]
2021-04-28T14:42:39.4194573Z ##[group]Fetching the repository
2021-04-28T14:42:39.4196280Z [command]/usr/bin/git -c protocol.version=2 fetch --no-tags --prune --progress --no-recurse-submodules --depth=1 origin +17256e8fe1c49ef791c6832f0bf7a6fcfdc905db:refs/remotes/pull/29/merge
2021-04-28T14:42:39.4197619Z remote: Enumerating objects: 22, done.        
2021-04-28T14:42:39.4198314Z remote: Counting objects:   4% (1/22)        
2021-04-28T14:42:39.4198963Z remote: Counting objects:   9% (2/22)        
2021-04-28T14:42:39.4199634Z remote: Counting objects:  13% (3/22)        
2021-04-28T14:42:39.4200302Z remote: Counting objects:  18% (4/22)        
2021-04-28T14:42:39.4200945Z remote: Counting objects:  22% (5/22)        
2021-04-28T14:42:39.4201595Z remote: Counting objects:  27% (6/22)        
2021-04-28T14:42:39.4202438Z remote: Counting objects:  31% (7/22)        
2021-04-28T14:42:39.4203106Z remote: Counting objects:  36% (8/22)        
2021-04-28T14:42:39.4203762Z remote: Counting objects:  40% (9/22)        
2021-04-28T14:42:39.4204409Z remote: Counting objects:  45% (10/22)        
2021-04-28T14:42:39.4205068Z remote: Counting objects:  50% (11/22)        
2021-04-28T14:42:39.4205948Z remote: Counting objects:  54% (12/22)        
2021-04-28T14:42:39.4206720Z remote: Counting objects:  59% (13/22)        
2021-04-28T14:42:39.4207440Z remote: Counting objects:  63% (14/22)        
2021-04-28T14:42:39.4208083Z remote: Counting objects:  68% (15/22)        
2021-04-28T14:42:39.4208741Z remote: Counting objects:  72% (16/22)        
2021-04-28T14:42:39.4209411Z remote: Counting objects:  77% (17/22)        
2021-04-28T14:42:39.4210056Z remote: Counting objects:  81% (18/22)        
2021-04-28T14:42:39.4210716Z remote: Counting objects:  86% (19/22)        
2021-04-28T14:42:39.4211368Z remote: Counting objects:  90% (20/22)        
2021-04-28T14:42:39.4212019Z remote: Counting objects:  95% (21/22)        
2021-04-28T14:42:39.4212678Z remote: Counting objects: 100% (22/22)        
2021-04-28T14:42:39.4213348Z remote: Counting objects: 100% (22/22), done.        
2021-04-28T14:42:39.4214049Z remote: Compressing objects:   6% (1/16)        
2021-04-28T14:42:39.4214801Z remote: Compressing objects:  12% (2/16)        
2021-04-28T14:42:39.4215505Z remote: Compressing objects:  18% (3/16)        
2021-04-28T14:42:39.4216622Z remote: Compressing objects:  25% (4/16)        
2021-04-28T14:42:39.4217307Z remote: Compressing objects:  31% (5/16)        
2021-04-28T14:42:39.4218001Z remote: Compressing objects:  37% (6/16)        
2021-04-28T14:42:39.4218700Z remote: Compressing objects:  43% (7/16)        
2021-04-28T14:42:39.4219385Z remote: Compressing objects:  50% (8/16)        
2021-04-28T14:42:39.4220080Z remote: Compressing objects:  56% (9/16)        
2021-04-28T14:42:39.4220782Z remote: Compressing objects:  62% (10/16)        
2021-04-28T14:42:39.4221475Z remote: Compressing objects:  68% (11/16)        
2021-04-28T14:42:39.4222175Z remote: Compressing objects:  75% (12/16)        
2021-04-28T14:42:39.4222847Z remote: Compressing objects:  81% (13/16)        
2021-04-28T14:42:39.4223541Z remote: Compressing objects:  87% (14/16)        
2021-04-28T14:42:39.4224273Z remote: Compressing objects:  93% (15/16)        
2021-04-28T14:42:39.4225101Z remote: Compressing objects: 100% (16/16)        
2021-04-28T14:42:39.4225820Z remote: Compressing objects: 100% (16/16), done.        
2021-04-28T14:42:39.4226902Z remote: Total 22 (delta 1), reused 14 (delta 1), pack-reused 0        
2021-04-28T14:42:39.4227723Z From https://github.com/con/tinuous
2021-04-28T14:42:39.4228817Z  * [new ref]         17256e8fe1c49ef791c6832f0bf7a6fcfdc905db -> pull/29/merge
2021-04-28T14:42:39.4229652Z ##[endgroup]
2021-04-28T14:42:39.4230303Z ##[group]Determining the checkout info
2021-04-28T14:42:39.4230942Z ##[endgroup]
2021-04-28T14:42:39.4231533Z ##[group]Checking out the ref
2021-04-28T14:42:39.4232655Z [command]/usr/bin/git checkout --progress --force refs/remotes/pull/29/merge
2021-04-28T14:42:39.4233661Z Note: switching to 'refs/remotes/pull/29/merge'.
2021-04-28T14:42:39.4234162Z 
2021-04-28T14:42:39.4235043Z You are in 'detached HEAD' state. You can look around, make experimental
2021-04-28T14:42:39.4235939Z changes and commit them, and you can discard any commits you make in this
2021-04-28T14:42:39.4236802Z state without impacting any branches by switching back to a branch.
2021-04-28T14:42:39.4237386Z 
2021-04-28T14:42:39.4238052Z If you want to create a new branch to retain commits you create, you may
2021-04-28T14:42:39.4239051Z do so (now or later) by using -c with the switch command. Example:
2021-04-28T14:42:39.4239576Z 
2021-04-28T14:42:39.4240303Z   git switch -c <new-branch-name>
2021-04-28T14:42:39.4240778Z 
2021-04-28T14:42:39.4241318Z Or undo this operation with:
2021-04-28T14:42:39.4241742Z 
2021-04-28T14:42:39.4242365Z   git switch -
2021-04-28T14:42:39.4242858Z 
2021-04-28T14:42:39.4243626Z Turn off this advice by setting config variable advice.detachedHead to false
2021-04-28T14:42:39.4244243Z 
2021-04-28T14:42:39.4245161Z HEAD is now at 17256e8 Merge 4c29915289c0d7ea942cd1279a7391a4845f7172 into 02ccf5e77963c21ed3f7a238f28bb349cd49d0c0
2021-04-28T14:42:39.4246112Z ##[endgroup]
2021-04-28T14:42:39.4246902Z [command]/usr/bin/git log -1 --format='%H'
2021-04-28T14:42:39.4247842Z '17256e8fe1c49ef791c6832f0bf7a6fcfdc905db'
2021-04-28T14:42:39.4358922Z ##[group]Run actions/setup-python@v2
2021-04-28T14:42:39.4359468Z with:
2021-04-28T14:42:39.4359915Z   python-version: 3.9
2021-04-28T14:42:39.4360777Z   token: ***
2021-04-28T14:42:39.4361185Z ##[endgroup]
2021-04-28T14:42:39.4914339Z Successfully setup CPython (3.9.4)
2021-04-28T14:42:39.4970822Z ##[group]Run python -m pip install --upgrade pip wheel
2021-04-28T14:42:39.4971570Z [36;1mpython -m pip install --upgrade pip wheel[0m
2021-04-28T14:42:39.4972147Z [36;1mpython -m pip install .[0m
2021-04-28T14:42:39.5014860Z shell: /usr/bin/bash -e {0}
2021-04-28T14:42:39.5015309Z env:
2021-04-28T14:42:39.5015887Z   pythonLocation: /opt/hostedtoolcache/Python/3.9.4/x64
2021-04-28T14:42:39.5016627Z   LD_LIBRARY_PATH: /opt/hostedtoolcache/Python/3.9.4/x64/lib
2021-04-28T14:42:39.5017205Z ##[endgroup]
2021-04-28T14:42:40.0657733Z WARNING: Value for scheme.headers does not match. Please report this to <https://github.com/pypa/pip/issues/9617>
2021-04-28T14:42:40.0659903Z Requirement already satisfied: pip in /opt/hostedtoolcache/Python/3.9.4/x64/lib/python3.9/site-packages (21.1)
2021-04-28T14:42:40.0675111Z distutils: /opt/hostedtoolcache/Python/3.9.4/x64/include/python3.9/UNKNOWN
2021-04-28T14:42:40.0680471Z sysconfig: /opt/hostedtoolcache/Python/3.9.4/x64/include/python3.9
2021-04-28T14:42:40.0681326Z WARNING: Additional context:
2021-04-28T14:42:40.0681900Z user = False
2021-04-28T14:42:40.0682381Z home = None
2021-04-28T14:42:40.0682825Z root = None
2021-04-28T14:42:40.0683299Z prefix = None
2021-04-28T14:42:40.2618294Z Collecting wheel
2021-04-28T14:42:40.3028281Z   Downloading wheel-0.36.2-py2.py3-none-any.whl (35 kB)
2021-04-28T14:42:40.3500662Z Installing collected packages: wheel
2021-04-28T14:42:40.3803773Z WARNING: Value for scheme.headers does not match. Please report this to <https://github.com/pypa/pip/issues/9617>
2021-04-28T14:42:40.3804845Z distutils: /opt/hostedtoolcache/Python/3.9.4/x64/include/python3.9/UNKNOWN
2021-04-28T14:42:40.3805853Z sysconfig: /opt/hostedtoolcache/Python/3.9.4/x64/include/python3.9
2021-04-28T14:42:40.3806526Z WARNING: Additional context:
2021-04-28T14:42:40.3807002Z user = False
2021-04-28T14:42:40.3807410Z home = None
2021-04-28T14:42:40.3807800Z root = None
2021-04-28T14:42:40.3808213Z prefix = None
2021-04-28T14:42:40.3814108Z Successfully installed wheel-0.36.2
2021-04-28T14:42:40.7932103Z WARNING: Value for scheme.headers does not match. Please report this to <https://github.com/pypa/pip/issues/9617>
2021-04-28T14:42:40.7933420Z distutils: /opt/hostedtoolcache/Python/3.9.4/x64/include/python3.9/UNKNOWN
2021-04-28T14:42:40.7934336Z sysconfig: /opt/hostedtoolcache/Python/3.9.4/x64/include/python3.9
2021-04-28T14:42:40.7935037Z WARNING: Additional context:
2021-04-28T14:42:40.7935517Z user = False
2021-04-28T14:42:40.7935896Z home = None
2021-04-28T14:42:40.7936278Z root = None
2021-04-28T14:42:40.7936655Z prefix = None
2021-04-28T14:42:40.8675892Z Processing /home/runner/work/tinuous/tinuous
2021-04-28T14:42:40.8680533Z   DEPRECATION: A future pip version will change local packages to be built in-place without first copying to a temporary directory. We recommend you use --use-feature=in-tree-build to test your packages with this new behavior before it becomes the default.
2021-04-28T14:42:40.8682764Z    pip 21.3 will remove support for this functionality. You can find discussion regarding this at https://github.com/pypa/pip/issues/7555.
2021-04-28T14:42:41.0551476Z   Installing build dependencies: started
2021-04-28T14:42:43.8387623Z   Installing build dependencies: finished with status 'done'
2021-04-28T14:42:43.8419162Z   Getting requirements to build wheel: started
2021-04-28T14:42:44.1219579Z   Getting requirements to build wheel: finished with status 'done'
2021-04-28T14:42:44.1268363Z     Preparing wheel metadata: started
2021-04-28T14:42:44.3534113Z     Preparing wheel metadata: finished with status 'done'
2021-04-28T14:42:44.4896424Z Collecting click-loglevel~=0.2
2021-04-28T14:42:44.5390009Z   Downloading click_loglevel-0.3.0-py3-none-any.whl (5.0 kB)
2021-04-28T14:42:44.5879170Z Collecting PyGithub~=1.53
2021-04-28T14:42:44.6141480Z   Downloading PyGithub-1.55-py3-none-any.whl (291 kB)
2021-04-28T14:42:44.7087767Z Collecting datalad~=0.14
2021-04-28T14:42:44.7310029Z   Downloading datalad-0.14.2.tar.gz (1.6 MB)
2021-04-28T14:42:45.1148670Z   Installing build dependencies: started
2021-04-28T14:42:47.3605345Z   Installing build dependencies: finished with status 'done'
2021-04-28T14:42:47.3653364Z   Getting requirements to build wheel: started
2021-04-28T14:42:47.7248967Z   Getting requirements to build wheel: finished with status 'done'
2021-04-28T14:42:47.7270379Z     Preparing wheel metadata: started
2021-04-28T14:42:48.1445107Z     Preparing wheel metadata: finished with status 'done'
2021-04-28T14:42:48.2991533Z Collecting pydantic~=1.7
2021-04-28T14:42:48.3222801Z   Downloading pydantic-1.8.1-cp39-cp39-manylinux2014_x86_64.whl (11.3 MB)
2021-04-28T14:42:48.6035288Z Collecting click~=7.0
2021-04-28T14:42:48.6126451Z   Downloading click-7.1.2-py2.py3-none-any.whl (82 kB)
2021-04-28T14:42:48.6493855Z Collecting python-dateutil~=2.7
2021-04-28T14:42:48.6577137Z   Downloading python_dateutil-2.8.1-py2.py3-none-any.whl (227 kB)
2021-04-28T14:42:48.7711588Z Collecting PyYAML~=5.0
2021-04-28T14:42:48.7796780Z   Downloading PyYAML-5.4.1-cp39-cp39-manylinux1_x86_64.whl (630 kB)
2021-04-28T14:42:48.8560433Z Collecting requests~=2.20
2021-04-28T14:42:48.8979911Z   Downloading requests-2.25.1-py2.py3-none-any.whl (61 kB)
2021-04-28T14:42:48.9225733Z Collecting in-place~=0.4
2021-04-28T14:42:48.9307751Z   Downloading in_place-0.5.0-py3-none-any.whl (9.1 kB)
2021-04-28T14:42:49.1092977Z Collecting iso8601
2021-04-28T14:42:49.1094295Z   Downloading iso8601-0.1.14-py2.py3-none-any.whl (9.5 kB)
2021-04-28T14:42:49.1234268Z Collecting distro
2021-04-28T14:42:49.1311069Z   Downloading distro-1.5.0-py2.py3-none-any.whl (18 kB)
2021-04-28T14:42:49.1619232Z Collecting fasteners>=0.14
2021-04-28T14:42:49.1715668Z   Downloading fasteners-0.16-py2.py3-none-any.whl (28 kB)
2021-04-28T14:42:49.2109733Z Collecting patool>=1.7
2021-04-28T14:42:49.2209460Z   Downloading patool-1.12-py2.py3-none-any.whl (77 kB)
2021-04-28T14:42:49.2647078Z Collecting annexremote
2021-04-28T14:42:49.2767923Z   Downloading annexremote-1.5.0-py3-none-any.whl (25 kB)
2021-04-28T14:42:49.3034636Z Collecting jsmin
2021-04-28T14:42:49.3142992Z   Downloading jsmin-2.2.2.tar.gz (12 kB)
2021-04-28T14:42:49.7281860Z Collecting whoosh
2021-04-28T14:42:49.7428219Z   Downloading Whoosh-2.7.4-py2.py3-none-any.whl (468 kB)
2021-04-28T14:42:49.7773126Z Collecting chardet>=3.0.4
2021-04-28T14:42:49.7887300Z   Downloading chardet-4.0.0-py2.py3-none-any.whl (178 kB)
2021-04-28T14:42:49.8483210Z Collecting keyrings.alt
2021-04-28T14:42:49.8647419Z   Downloading keyrings.alt-4.0.2-py3-none-any.whl (20 kB)
2021-04-28T14:42:49.9559767Z Collecting simplejson
2021-04-28T14:42:49.9656697Z   Downloading simplejson-3.17.2.tar.gz (83 kB)
2021-04-28T14:42:50.2341660Z Collecting boto
2021-04-28T14:42:50.2455121Z   Downloading boto-2.49.0-py2.py3-none-any.whl (1.4 MB)
2021-04-28T14:42:50.3135357Z Collecting humanize
2021-04-28T14:42:50.3208998Z   Downloading humanize-3.4.1-py3-none-any.whl (73 kB)
2021-04-28T14:42:50.4388877Z Collecting tqdm
2021-04-28T14:42:50.4499387Z   Downloading tqdm-4.60.0-py2.py3-none-any.whl (75 kB)
2021-04-28T14:42:50.5437899Z Collecting msgpack
2021-04-28T14:42:50.5518282Z   Downloading msgpack-1.0.2-cp39-cp39-manylinux1_x86_64.whl (294 kB)
2021-04-28T14:42:50.5829794Z Collecting wrapt
2021-04-28T14:42:50.5907317Z   Downloading wrapt-1.12.1.tar.gz (27 kB)
2021-04-28T14:42:50.8810016Z Collecting keyring>=8.0
2021-04-28T14:42:50.9040677Z   Downloading keyring-23.0.1-py3-none-any.whl (33 kB)
2021-04-28T14:42:51.0412436Z Collecting appdirs
2021-04-28T14:42:51.0546542Z   Downloading appdirs-1.4.4-py2.py3-none-any.whl (9.6 kB)
2021-04-28T14:42:51.0916457Z Collecting six
2021-04-28T14:42:51.1106711Z   Downloading six-1.15.0-py2.py3-none-any.whl (10 kB)
2021-04-28T14:42:51.1602799Z Collecting SecretStorage>=3.2
2021-04-28T14:42:51.1679752Z   Downloading SecretStorage-3.3.1-py3-none-any.whl (15 kB)
2021-04-28T14:42:51.1939201Z Collecting jeepney>=0.4.2
2021-04-28T14:42:51.2090239Z   Downloading jeepney-0.6.0-py3-none-any.whl (45 kB)
2021-04-28T14:42:51.2897956Z Collecting importlib-metadata>=3.6
2021-04-28T14:42:51.3144250Z   Downloading importlib_metadata-4.0.1-py3-none-any.whl (16 kB)
2021-04-28T14:42:51.3751817Z Collecting zipp>=0.5
2021-04-28T14:42:51.3852811Z   Downloading zipp-3.4.1-py3-none-any.whl (5.2 kB)
2021-04-28T14:42:51.4334497Z Collecting typing-extensions>=3.7.4.3
2021-04-28T14:42:51.4417026Z   Downloading typing_extensions-3.7.4.3-py3-none-any.whl (22 kB)
2021-04-28T14:42:51.5081193Z Collecting pyjwt>=2.0
2021-04-28T14:42:51.5183434Z   Downloading PyJWT-2.1.0-py3-none-any.whl (16 kB)
2021-04-28T14:42:51.5790041Z Collecting pynacl>=1.4.0
2021-04-28T14:42:51.6040420Z   Downloading PyNaCl-1.4.0-cp35-abi3-manylinux1_x86_64.whl (961 kB)
2021-04-28T14:42:51.6549017Z Collecting deprecated
2021-04-28T14:42:51.6656076Z   Downloading Deprecated-1.2.12-py2.py3-none-any.whl (9.5 kB)
2021-04-28T14:42:51.9939200Z Collecting cffi>=1.4.1
2021-04-28T14:42:52.0041589Z   Downloading cffi-1.14.5-cp39-cp39-manylinux1_x86_64.whl (406 kB)
2021-04-28T14:42:52.0381735Z Collecting pycparser
2021-04-28T14:42:52.0597289Z   Downloading pycparser-2.20-py2.py3-none-any.whl (112 kB)
2021-04-28T14:42:52.1234789Z Collecting certifi>=2017.4.17
2021-04-28T14:42:52.1361712Z   Downloading certifi-2020.12.5-py2.py3-none-any.whl (147 kB)
2021-04-28T14:42:52.2003804Z Collecting urllib3<1.27,>=1.21.1
2021-04-28T14:42:52.2087068Z   Downloading urllib3-1.26.4-py2.py3-none-any.whl (153 kB)
2021-04-28T14:42:52.2597838Z Collecting idna<3,>=2.5
2021-04-28T14:42:52.3242664Z   Downloading idna-2.10-py2.py3-none-any.whl (58 kB)
2021-04-28T14:42:52.7586336Z Collecting cryptography>=2.0
2021-04-28T14:42:52.7722255Z   Downloading cryptography-3.4.7-cp36-abi3-manylinux2014_x86_64.whl (3.2 MB)
2021-04-28T14:42:52.9248631Z Collecting future
2021-04-28T14:42:52.9425154Z   Downloading future-0.18.2.tar.gz (829 kB)
2021-04-28T14:42:53.3299968Z Requirement already satisfied: setuptools in /opt/hostedtoolcache/Python/3.9.4/x64/lib/python3.9/site-packages (from humanize->datalad~=0.14->tinuous==0+untagged.1.g17256e8) (49.2.1)
2021-04-28T14:42:53.4347809Z Building wheels for collected packages: tinuous, datalad, wrapt, future, jsmin, simplejson
2021-04-28T14:42:53.4359687Z   Building wheel for tinuous (PEP 517): started
2021-04-28T14:42:53.7098786Z   Building wheel for tinuous (PEP 517): finished with status 'done'
2021-04-28T14:42:53.7108418Z   Created wheel for tinuous: filename=tinuous-0+untagged.1.g17256e8-py3-none-any.whl size=14472 sha256=6996a9abf64a0682de2adbd62788ebfdc13d74f21fa543f78536b2be8ca22008
2021-04-28T14:42:53.7111203Z   Stored in directory: /tmp/pip-ephem-wheel-cache-6dec3a0b/wheels/90/c4/03/917c42adcde0fda113460da55703d811beff51352ae68a48ef
2021-04-28T14:42:53.7144988Z   Building wheel for datalad (PEP 517): started
2021-04-28T14:42:54.5099950Z   Building wheel for datalad (PEP 517): finished with status 'done'
2021-04-28T14:42:54.5169163Z   Created wheel for datalad: filename=datalad-0.14.2-py3-none-any.whl size=1603393 sha256=a37fb836fdb328bad012ba052f405cc2b496242e7e6fd68ef81f813ec0345bfd
2021-04-28T14:42:54.5173465Z   Stored in directory: /home/runner/.cache/pip/wheels/d8/48/3f/12d27b732161b109efb697a979af55e8c1808ea87d68839bda
2021-04-28T14:42:54.5228101Z   Building wheel for wrapt (setup.py): started
2021-04-28T14:42:55.5359185Z   Building wheel for wrapt (setup.py): finished with status 'done'
2021-04-28T14:42:55.5414277Z   Created wheel for wrapt: filename=wrapt-1.12.1-cp39-cp39-linux_x86_64.whl size=78695 sha256=9d6ba36ec72176bc7443f685cc8c6a220a9dc05bc42fbbf2329d949d6502c64d
2021-04-28T14:42:55.5416816Z   Stored in directory: /home/runner/.cache/pip/wheels/98/23/68/efe259aaca055e93b08e74fbe512819c69a2155c11ba3c0f10
2021-04-28T14:42:55.5418255Z   Building wheel for future (setup.py): started
2021-04-28T14:42:55.9636000Z   Building wheel for future (setup.py): finished with status 'done'
2021-04-28T14:42:55.9659365Z   Created wheel for future: filename=future-0.18.2-py3-none-any.whl size=491059 sha256=0e7f6c76746057f4ef614ac0c464174807974782d711217f39666d4d98963a8f
2021-04-28T14:42:55.9661365Z   Stored in directory: /home/runner/.cache/pip/wheels/2f/a0/d3/4030d9f80e6b3be787f19fc911b8e7aa462986a40ab1e4bb94
2021-04-28T14:42:55.9705132Z   Building wheel for jsmin (setup.py): started
2021-04-28T14:42:57.1484537Z   Building wheel for jsmin (setup.py): finished with status 'done'
2021-04-28T14:42:57.1491546Z   Created wheel for jsmin: filename=jsmin-2.2.2-py3-none-any.whl size=13920 sha256=05f3cdd50dfa07145b915f43493e55a81dbf5a6ad1323defb3ca6b56e42dc05c
2021-04-28T14:42:57.1493582Z   Stored in directory: /home/runner/.cache/pip/wheels/40/dd/1e/fa3c36f3dda73beb0d0d2cd44ca9bf5119ea8881e99fc45e6d
2021-04-28T14:42:57.1520326Z   Building wheel for simplejson (setup.py): started
2021-04-28T14:42:58.4674378Z   Building wheel for simplejson (setup.py): finished with status 'done'
2021-04-28T14:42:58.4684635Z   Created wheel for simplejson: filename=simplejson-3.17.2-cp39-cp39-linux_x86_64.whl size=135303 sha256=46acc9e1adfcaf3a6858f9b7d492d08c96dd77efb6b3e7a9547a2a766e3cf461
2021-04-28T14:42:58.4686803Z   Stored in directory: /home/runner/.cache/pip/wheels/a2/c7/6a/2dabbded050716dd50faef2145e3ffa509b0d3895899c599f5
2021-04-28T14:42:58.4709424Z Successfully built tinuous datalad wrapt future jsmin simplejson
2021-04-28T14:42:58.8356259Z Installing collected packages: pycparser, cffi, zipp, wrapt, urllib3, six, jeepney, idna, cryptography, chardet, certifi, SecretStorage, requests, pynacl, pyjwt, importlib-metadata, future, deprecated, whoosh, typing-extensions, tqdm, simplejson, PyGithub, patool, msgpack, keyrings.alt, keyring, jsmin, iso8601, humanize, fasteners, distro, click, boto, appdirs, annexremote, PyYAML, python-dateutil, pydantic, in-place, datalad, click-loglevel, tinuous
2021-04-28T14:43:02.4591203Z WARNING: Value for scheme.headers does not match. Please report this to <https://github.com/pypa/pip/issues/9617>
2021-04-28T14:43:02.4593158Z distutils: /opt/hostedtoolcache/Python/3.9.4/x64/include/python3.9/UNKNOWN
2021-04-28T14:43:02.4594214Z sysconfig: /opt/hostedtoolcache/Python/3.9.4/x64/include/python3.9
2021-04-28T14:43:02.4595150Z WARNING: Additional context:
2021-04-28T14:43:02.4595750Z user = False
2021-04-28T14:43:02.4596263Z home = None
2021-04-28T14:43:02.4596751Z root = None
2021-04-28T14:43:02.4597264Z prefix = None
2021-04-28T14:43:02.4733107Z Successfully installed PyGithub-1.55 PyYAML-5.4.1 SecretStorage-3.3.1 annexremote-1.5.0 appdirs-1.4.4 boto-2.49.0 certifi-2020.12.5 cffi-1.14.5 chardet-4.0.0 click-7.1.2 click-loglevel-0.3.0 cryptography-3.4.7 datalad-0.14.2 deprecated-1.2.12 distro-1.5.0 fasteners-0.16 future-0.18.2 humanize-3.4.1 idna-2.10 importlib-metadata-4.0.1 in-place-0.5.0 iso8601-0.1.14 jeepney-0.6.0 jsmin-2.2.2 keyring-23.0.1 keyrings.alt-4.0.2 msgpack-1.0.2 patool-1.12 pycparser-2.20 pydantic-1.8.1 pyjwt-2.1.0 pynacl-1.4.0 python-dateutil-2.8.1 requests-2.25.1 simplejson-3.17.2 six-1.15.0 tinuous-0+untagged.1.g17256e8 tqdm-4.60.0 typing-extensions-3.7.4.3 urllib3-1.26.4 whoosh-2.7.4 wrapt-1.12.1 zipp-3.4.1
2021-04-28T14:43:02.6183645Z ##[group]Run tinuous --help
2021-04-28T14:43:02.6184128Z [36;1mtinuous --help[0m
2021-04-28T14:43:02.6224076Z shell: /usr/bin/bash -e {0}
2021-04-28T14:43:02.6224437Z env:
2021-04-28T14:43:02.6224955Z   pythonLocation: /opt/hostedtoolcache/Python/3.9.4/x64
2021-04-28T14:43:02.6225641Z   LD_LIBRARY_PATH: /opt/hostedtoolcache/Python/3.9.4/x64/lib
2021-04-28T14:43:02.6226159Z ##[endgroup]
2021-04-28T14:43:02.7289219Z It is highly recommended to configure Git before using DataLad. Set both 'user.name' and 'user.email' configuration variables.
2021-04-28T14:43:02.7291226Z It is highly recommended to configure Git before using DataLad. Set both 'user.name' and 'user.email' configuration variables.
2021-04-28T14:43:03.2078523Z Usage: tinuous [OPTIONS] COMMAND [ARGS]...
2021-04-28T14:43:03.2078950Z 
2021-04-28T14:43:03.2079521Z   Download build logs from GitHub Actions, Travis, and Appveyor
2021-04-28T14:43:03.2079980Z 
2021-04-28T14:43:03.2080319Z Options:
2021-04-28T14:43:03.2081553Z   -c, --config FILE               Read configuration from the given file
2021-04-28T14:43:03.2082248Z                                   [default: config.yml]
2021-04-28T14:43:03.2082587Z 
2021-04-28T14:43:03.2083302Z   -l, --log-level [NOTSET|DEBUG|INFO|WARNING|ERROR|CRITICAL]
2021-04-28T14:43:03.2084002Z                                   Set logging level  [default: INFO]
2021-04-28T14:43:03.2084775Z   --help                          Show this message and exit.
2021-04-28T14:43:03.2085148Z 
2021-04-28T14:43:03.2085505Z Commands:
2021-04-28T14:43:03.2085921Z   fetch     Download logs
2021-04-28T14:43:03.2086449Z   sanitize  Sanitize secrets in logs
2021-04-28T14:43:03.2687835Z ##[group]Run python -m pip install mypy
2021-04-28T14:43:03.2688406Z [36;1mpython -m pip install mypy[0m
2021-04-28T14:43:03.2734584Z shell: /usr/bin/bash -e {0}
2021-04-28T14:43:03.2734957Z env:
2021-04-28T14:43:03.2735530Z   pythonLocation: /opt/hostedtoolcache/Python/3.9.4/x64
2021-04-28T14:43:03.2736264Z   LD_LIBRARY_PATH: /opt/hostedtoolcache/Python/3.9.4/x64/lib
2021-04-28T14:43:03.2736796Z ##[endgroup]
2021-04-28T14:43:03.5585347Z WARNING: Value for scheme.headers does not match. Please report this to <https://github.com/pypa/pip/issues/9617>
2021-04-28T14:43:03.5586515Z distutils: /opt/hostedtoolcache/Python/3.9.4/x64/include/python3.9/UNKNOWN
2021-04-28T14:43:03.5587408Z sysconfig: /opt/hostedtoolcache/Python/3.9.4/x64/include/python3.9
2021-04-28T14:43:03.5588114Z WARNING: Additional context:
2021-04-28T14:43:03.5588578Z user = False
2021-04-28T14:43:03.5588967Z home = None
2021-04-28T14:43:03.5589331Z root = None
2021-04-28T14:43:03.5589720Z prefix = None
2021-04-28T14:43:03.7802280Z Collecting mypy
2021-04-28T14:43:03.9127537Z   Downloading mypy-0.812-cp39-cp39-manylinux2010_x86_64.whl (22.7 MB)
2021-04-28T14:43:04.6746793Z Collecting mypy-extensions<0.5.0,>=0.4.3
2021-04-28T14:43:04.7684798Z   Downloading mypy_extensions-0.4.3-py2.py3-none-any.whl (4.5 kB)
2021-04-28T14:43:04.7725151Z Requirement already satisfied: typing-extensions>=3.7.4 in /opt/hostedtoolcache/Python/3.9.4/x64/lib/python3.9/site-packages (from mypy) (3.7.4.3)
2021-04-28T14:43:04.8786560Z Collecting typed-ast<1.5.0,>=1.4.0
2021-04-28T14:43:04.9155487Z   Downloading typed_ast-1.4.3-cp39-cp39-manylinux1_x86_64.whl (769 kB)
2021-04-28T14:43:05.2492445Z Installing collected packages: typed-ast, mypy-extensions, mypy
2021-04-28T14:43:06.6370490Z WARNING: Value for scheme.headers does not match. Please report this to <https://github.com/pypa/pip/issues/9617>
2021-04-28T14:43:06.6371525Z distutils: /opt/hostedtoolcache/Python/3.9.4/x64/include/python3.9/UNKNOWN
2021-04-28T14:43:06.6372320Z sysconfig: /opt/hostedtoolcache/Python/3.9.4/x64/include/python3.9
2021-04-28T14:43:06.6372948Z WARNING: Additional context:
2021-04-28T14:43:06.6373351Z user = False
2021-04-28T14:43:06.6373691Z home = None
2021-04-28T14:43:06.6374007Z root = None
2021-04-28T14:43:06.6374347Z prefix = None
2021-04-28T14:43:06.6463778Z Successfully installed mypy-0.812 mypy-extensions-0.4.3 typed-ast-1.4.3
2021-04-28T14:43:06.7066353Z ##[group]Run mypy src
2021-04-28T14:43:06.7066808Z [36;1mmypy src[0m
2021-04-28T14:43:06.7103919Z shell: /usr/bin/bash -e {0}
2021-04-28T14:43:06.7104279Z env:
2021-04-28T14:43:06.7104794Z   pythonLocation: /opt/hostedtoolcache/Python/3.9.4/x64
2021-04-28T14:43:06.7105478Z   LD_LIBRARY_PATH: /opt/hostedtoolcache/Python/3.9.4/x64/lib
2021-04-28T14:43:06.7105991Z ##[endgroup]
2021-04-28T14:43:10.3950911Z Success: no issues found in 2 source files
2021-04-28T14:43:10.7492373Z Post job cleanup.
2021-04-28T14:43:10.8353062Z [command]/usr/bin/git version
2021-04-28T14:43:10.8423626Z git version 2.31.1
2021-04-28T14:43:10.8454772Z [command]/usr/bin/git config --local --name-only --get-regexp core\.sshCommand
2021-04-28T14:43:10.8491803Z [command]/usr/bin/git submodule foreach --recursive git config --local --name-only --get-regexp 'core\.sshCommand' && git config --local --unset-all 'core.sshCommand' || :
2021-04-28T14:43:10.8718941Z [command]/usr/bin/git config --local --name-only --get-regexp http\.https\:\/\/github\.com\/\.extraheader
2021-04-28T14:43:10.8748184Z http.https://github.com/.extraheader
2021-04-28T14:43:10.8757062Z [command]/usr/bin/git config --local --unset-all http.https://github.com/.extraheader
2021-04-28T14:43:10.8792846Z [command]/usr/bin/git submodule foreach --recursive git config --local --name-only --get-regexp 'http\.https\:\/\/github\.com\/\.extraheader' && git config --local --unset-all 'http.https://github.com/.extraheader' || :
2021-04-28T14:43:10.9075866Z Cleaning up orphan processes
