2021-06-14T15:48:22.7093310Z ##[section]Starting: Request a runner to run this job
2021-06-14T15:48:22.9355910Z Can't find any online and idle self-hosted runner in current repository that matches the required labels: 'ubuntu-latest'
2021-06-14T15:48:22.9671424Z Can't find any online and idle self-hosted runner in current repository's organization account that matches the required labels: 'ubuntu-latest'
2021-06-14T15:48:23.0796893Z Found online and idle hosted runner in current repository's organization account that matches the required labels: 'ubuntu-latest'
2021-06-14T15:48:23.2039031Z ##[section]Finishing: Request a runner to run this job
2021-06-14T15:48:31.4853713Z Current runner version: '2.278.0'
2021-06-14T15:48:31.4883527Z ##[group]Operating System
2021-06-14T15:48:31.4884652Z Ubuntu
2021-06-14T15:48:31.4885323Z 20.04.2
2021-06-14T15:48:31.4885798Z LTS
2021-06-14T15:48:31.4886254Z ##[endgroup]
2021-06-14T15:48:31.4886892Z ##[group]Virtual Environment
2021-06-14T15:48:31.4887561Z Environment: ubuntu-20.04
2021-06-14T15:48:31.4888161Z Version: 20210606.1
2021-06-14T15:48:31.4889174Z Included Software: https://github.com/actions/virtual-environments/blob/ubuntu20/20210606.1/images/linux/Ubuntu2004-README.md
2021-06-14T15:48:31.4890836Z Image Release: https://github.com/actions/virtual-environments/releases/tag/ubuntu20%2F20210606.1
2021-06-14T15:48:31.4891932Z ##[endgroup]
2021-06-14T15:48:31.4894324Z ##[group]GITHUB_TOKEN Permissions
2021-06-14T15:48:31.4895633Z Actions: write
2021-06-14T15:48:31.4896197Z Checks: write
2021-06-14T15:48:31.4896737Z Contents: write
2021-06-14T15:48:31.4897371Z Deployments: write
2021-06-14T15:48:31.4898066Z Discussions: write
2021-06-14T15:48:31.4898667Z Issues: write
2021-06-14T15:48:31.4899160Z Metadata: read
2021-06-14T15:48:31.4899760Z Packages: write
2021-06-14T15:48:31.4900506Z PullRequests: write
2021-06-14T15:48:31.4901241Z RepositoryProjects: write
2021-06-14T15:48:31.4901932Z SecurityEvents: write
2021-06-14T15:48:31.4902578Z Statuses: write
2021-06-14T15:48:31.4903287Z ##[endgroup]
2021-06-14T15:48:31.4907199Z Prepare workflow directory
2021-06-14T15:48:31.5653403Z Prepare all required actions
2021-06-14T15:48:31.5666375Z Getting action download info
2021-06-14T15:48:32.0027064Z Download action repository 'actions/checkout@v2'
2021-06-14T15:48:33.9433914Z Download action repository 'actions/setup-python@v2'
2021-06-14T15:48:34.0963744Z Download action repository 'codecov/codecov-action@v1'
2021-06-14T15:48:34.4256724Z ##[group]Run actions/checkout@v2
2021-06-14T15:48:34.4257894Z with:
2021-06-14T15:48:34.4258469Z   fetch-depth: 0
2021-06-14T15:48:34.4259213Z   repository: con/tinuous
2021-06-14T15:48:34.4260641Z   token: ***
2021-06-14T15:48:34.4261241Z   ssh-strict: true
2021-06-14T15:48:34.4261963Z   persist-credentials: true
2021-06-14T15:48:34.4262661Z   clean: true
2021-06-14T15:48:34.4263165Z   lfs: false
2021-06-14T15:48:34.4263811Z   submodules: false
2021-06-14T15:48:34.4264460Z ##[endgroup]
2021-06-14T15:48:34.6756405Z Syncing repository: con/tinuous
2021-06-14T15:48:34.6758105Z ##[group]Getting Git version info
2021-06-14T15:48:34.6759555Z Working directory is '/home/runner/work/tinuous/tinuous'
2021-06-14T15:48:34.6831937Z [command]/usr/bin/git version
2021-06-14T15:48:34.6958736Z git version 2.31.1
2021-06-14T15:48:35.3016452Z ##[endgroup]
2021-06-14T15:48:35.3017816Z Deleting the contents of '/home/runner/work/tinuous/tinuous'
2021-06-14T15:48:35.3020986Z ##[group]Initializing the repository
2021-06-14T15:48:35.3022060Z [command]/usr/bin/git init /home/runner/work/tinuous/tinuous
2021-06-14T15:48:35.3023398Z hint: Using 'master' as the name for the initial branch. This default branch name
2021-06-14T15:48:35.3024798Z hint: is subject to change. To configure the initial branch name to use in all
2021-06-14T15:48:35.3025823Z hint: of your new repositories, which will suppress this warning, call:
2021-06-14T15:48:35.3026590Z hint: 
2021-06-14T15:48:35.3027541Z hint: 	git config --global init.defaultBranch <name>
2021-06-14T15:48:35.3028317Z hint: 
2021-06-14T15:48:35.3029860Z hint: Names commonly chosen instead of 'master' are 'main', 'trunk' and
2021-06-14T15:48:35.3032386Z hint: 'development'. The just-created branch can be renamed via this command:
2021-06-14T15:48:35.3033323Z hint: 
2021-06-14T15:48:35.3034325Z hint: 	git branch -m <name>
2021-06-14T15:48:35.3035261Z Initialized empty Git repository in /home/runner/work/tinuous/tinuous/.git/
2021-06-14T15:48:35.3036377Z [command]/usr/bin/git remote add origin https://github.com/con/tinuous
2021-06-14T15:48:35.3037492Z ##[endgroup]
2021-06-14T15:48:35.3038317Z ##[group]Disabling automatic garbage collection
2021-06-14T15:48:35.3039882Z [command]/usr/bin/git config --local gc.auto 0
2021-06-14T15:48:35.3041637Z ##[endgroup]
2021-06-14T15:48:35.3043892Z ##[group]Setting up auth
2021-06-14T15:48:35.3045324Z [command]/usr/bin/git config --local --name-only --get-regexp core\.sshCommand
2021-06-14T15:48:35.3047358Z [command]/usr/bin/git submodule foreach --recursive git config --local --name-only --get-regexp 'core\.sshCommand' && git config --local --unset-all 'core.sshCommand' || :
2021-06-14T15:48:35.3049246Z [command]/usr/bin/git config --local --name-only --get-regexp http\.https\:\/\/github\.com\/\.extraheader
2021-06-14T15:48:35.3053387Z [command]/usr/bin/git submodule foreach --recursive git config --local --name-only --get-regexp 'http\.https\:\/\/github\.com\/\.extraheader' && git config --local --unset-all 'http.https://github.com/.extraheader' || :
2021-06-14T15:48:35.3055657Z [command]/usr/bin/git config --local http.https://github.com/.extraheader AUTHORIZATION: basic ***
2021-06-14T15:48:35.3056819Z ##[endgroup]
2021-06-14T15:48:35.3057553Z ##[group]Fetching the repository
2021-06-14T15:48:35.3059254Z [command]/usr/bin/git -c protocol.version=2 fetch --prune --progress --no-recurse-submodules origin +refs/heads/*:refs/remotes/origin/* +refs/tags/*:refs/tags/*
2021-06-14T15:48:35.3062813Z remote: Enumerating objects: 751, done.        
2021-06-14T15:48:35.3063648Z remote: Counting objects:   0% (1/405)        
2021-06-14T15:48:35.3064432Z remote: Counting objects:   1% (5/405)        
2021-06-14T15:48:35.3065446Z remote: Counting objects:   2% (9/405)        
2021-06-14T15:48:35.3066418Z remote: Counting objects:   3% (13/405)        
2021-06-14T15:48:35.3067049Z remote: Counting objects:   4% (17/405)        
2021-06-14T15:48:35.3067652Z remote: Counting objects:   5% (21/405)        
2021-06-14T15:48:35.3068494Z remote: Counting objects:   6% (25/405)        
2021-06-14T15:48:35.3069159Z remote: Counting objects:   7% (29/405)        
2021-06-14T15:48:35.3070697Z remote: Counting objects:   8% (33/405)        
2021-06-14T15:48:35.3071399Z remote: Counting objects:   9% (37/405)        
2021-06-14T15:48:35.3075224Z remote: Counting objects:  10% (41/405)        
2021-06-14T15:48:35.3076078Z remote: Counting objects:  11% (45/405)        
2021-06-14T15:48:35.3076862Z remote: Counting objects:  12% (49/405)        
2021-06-14T15:48:35.3077607Z remote: Counting objects:  13% (53/405)        
2021-06-14T15:48:35.3078366Z remote: Counting objects:  14% (57/405)        
2021-06-14T15:48:35.3079267Z remote: Counting objects:  15% (61/405)        
2021-06-14T15:48:35.3081358Z remote: Counting objects:  16% (65/405)        
2021-06-14T15:48:35.3082270Z remote: Counting objects:  17% (69/405)        
2021-06-14T15:48:35.3083040Z remote: Counting objects:  18% (73/405)        
2021-06-14T15:48:35.3083829Z remote: Counting objects:  19% (77/405)        
2021-06-14T15:48:35.3084721Z remote: Counting objects:  20% (81/405)        
2021-06-14T15:48:35.3085452Z remote: Counting objects:  21% (86/405)        
2021-06-14T15:48:35.3086178Z remote: Counting objects:  22% (90/405)        
2021-06-14T15:48:35.3086899Z remote: Counting objects:  23% (94/405)        
2021-06-14T15:48:35.3087618Z remote: Counting objects:  24% (98/405)        
2021-06-14T15:48:35.3088324Z remote: Counting objects:  25% (102/405)        
2021-06-14T15:48:35.3089059Z remote: Counting objects:  26% (106/405)        
2021-06-14T15:48:35.3089777Z remote: Counting objects:  27% (110/405)        
2021-06-14T15:48:35.3092009Z remote: Counting objects:  28% (114/405)        
2021-06-14T15:48:35.3092820Z remote: Counting objects:  29% (118/405)        
2021-06-14T15:48:35.3093594Z remote: Counting objects:  30% (122/405)        
2021-06-14T15:48:35.3094657Z remote: Counting objects:  31% (126/405)        
2021-06-14T15:48:35.3095387Z remote: Counting objects:  32% (130/405)        
2021-06-14T15:48:35.3096114Z remote: Counting objects:  33% (134/405)        
2021-06-14T15:48:35.3096850Z remote: Counting objects:  34% (138/405)        
2021-06-14T15:48:35.3097578Z remote: Counting objects:  35% (142/405)        
2021-06-14T15:48:35.3098553Z remote: Counting objects:  36% (146/405)        
2021-06-14T15:48:35.3099294Z remote: Counting objects:  37% (150/405)        
2021-06-14T15:48:35.3101206Z remote: Counting objects:  38% (154/405)        
2021-06-14T15:48:35.3103259Z remote: Counting objects:  39% (158/405)        
2021-06-14T15:48:35.3104143Z remote: Counting objects:  40% (162/405)        
2021-06-14T15:48:35.3104825Z remote: Counting objects:  41% (167/405)        
2021-06-14T15:48:35.3105611Z remote: Counting objects:  42% (171/405)        
2021-06-14T15:48:35.3106429Z remote: Counting objects:  43% (175/405)        
2021-06-14T15:48:35.3107340Z remote: Counting objects:  44% (179/405)        
2021-06-14T15:48:35.3108075Z remote: Counting objects:  45% (183/405)        
2021-06-14T15:48:35.3108992Z remote: Counting objects:  46% (187/405)        
2021-06-14T15:48:35.3109931Z remote: Counting objects:  47% (191/405)        
2021-06-14T15:48:35.3112493Z remote: Counting objects:  48% (195/405)        
2021-06-14T15:48:35.3113306Z remote: Counting objects:  49% (199/405)        
2021-06-14T15:48:35.3114120Z remote: Counting objects:  50% (203/405)        
2021-06-14T15:48:35.3114884Z remote: Counting objects:  51% (207/405)        
2021-06-14T15:48:35.3115818Z remote: Counting objects:  52% (211/405)        
2021-06-14T15:48:35.3116576Z remote: Counting objects:  53% (215/405)        
2021-06-14T15:48:35.3117317Z remote: Counting objects:  54% (219/405)        
2021-06-14T15:48:35.3118064Z remote: Counting objects:  55% (223/405)        
2021-06-14T15:48:35.3118895Z remote: Counting objects:  56% (227/405)        
2021-06-14T15:48:35.3119642Z remote: Counting objects:  57% (231/405)        
2021-06-14T15:48:35.3120962Z remote: Counting objects:  58% (235/405)        
2021-06-14T15:48:35.3121923Z remote: Counting objects:  59% (239/405)        
2021-06-14T15:48:35.3122784Z remote: Counting objects:  60% (243/405)        
2021-06-14T15:48:35.3123713Z remote: Counting objects:  61% (248/405)        
2021-06-14T15:48:35.3124480Z remote: Counting objects:  62% (252/405)        
2021-06-14T15:48:35.3125245Z remote: Counting objects:  63% (256/405)        
2021-06-14T15:48:35.3125983Z remote: Counting objects:  64% (260/405)        
2021-06-14T15:48:35.3126727Z remote: Counting objects:  65% (264/405)        
2021-06-14T15:48:35.3127460Z remote: Counting objects:  66% (268/405)        
2021-06-14T15:48:35.3128503Z remote: Counting objects:  67% (272/405)        
2021-06-14T15:48:35.3129267Z remote: Counting objects:  68% (276/405)        
2021-06-14T15:48:35.3131166Z remote: Counting objects:  69% (280/405)        
2021-06-14T15:48:35.3132049Z remote: Counting objects:  70% (284/405)        
2021-06-14T15:48:35.3132834Z remote: Counting objects:  71% (288/405)        
2021-06-14T15:48:35.3133609Z remote: Counting objects:  72% (292/405)        
2021-06-14T15:48:35.3134549Z remote: Counting objects:  73% (296/405)        
2021-06-14T15:48:35.3135304Z remote: Counting objects:  74% (300/405)        
2021-06-14T15:48:35.3136040Z remote: Counting objects:  75% (304/405)        
2021-06-14T15:48:35.3136806Z remote: Counting objects:  76% (308/405)        
2021-06-14T15:48:35.3137535Z remote: Counting objects:  77% (312/405)        
2021-06-14T15:48:35.3138287Z remote: Counting objects:  78% (316/405)        
2021-06-14T15:48:35.3139038Z remote: Counting objects:  79% (320/405)        
2021-06-14T15:48:35.3139938Z remote: Counting objects:  80% (324/405)        
2021-06-14T15:48:35.3141122Z remote: Counting objects:  81% (329/405)        
2021-06-14T15:48:35.3141906Z remote: Counting objects:  82% (333/405)        
2021-06-14T15:48:35.3142662Z remote: Counting objects:  83% (337/405)        
2021-06-14T15:48:35.3143606Z remote: Counting objects:  84% (341/405)        
2021-06-14T15:48:35.3144499Z remote: Counting objects:  85% (345/405)        
2021-06-14T15:48:35.3145231Z remote: Counting objects:  86% (349/405)        
2021-06-14T15:48:35.3145951Z remote: Counting objects:  87% (353/405)        
2021-06-14T15:48:35.3146655Z remote: Counting objects:  88% (357/405)        
2021-06-14T15:48:35.3147591Z remote: Counting objects:  89% (361/405)        
2021-06-14T15:48:35.3148346Z remote: Counting objects:  90% (365/405)        
2021-06-14T15:48:35.3149088Z remote: Counting objects:  91% (369/405)        
2021-06-14T15:48:35.3151173Z remote: Counting objects:  92% (373/405)        
2021-06-14T15:48:35.3152386Z remote: Counting objects:  93% (377/405)        
2021-06-14T15:48:35.3153190Z remote: Counting objects:  94% (381/405)        
2021-06-14T15:48:35.3154113Z remote: Counting objects:  95% (385/405)        
2021-06-14T15:48:35.3154853Z remote: Counting objects:  96% (389/405)        
2021-06-14T15:48:35.3155587Z remote: Counting objects:  97% (393/405)        
2021-06-14T15:48:35.3156313Z remote: Counting objects:  98% (397/405)        
2021-06-14T15:48:35.3157044Z remote: Counting objects:  99% (401/405)        
2021-06-14T15:48:35.3157950Z remote: Counting objects: 100% (405/405)        
2021-06-14T15:48:35.3158660Z remote: Counting objects: 100% (405/405), done.        
2021-06-14T15:48:35.3159428Z remote: Compressing objects:   0% (1/203)        
2021-06-14T15:48:35.3160749Z remote: Compressing objects:   1% (3/203)        
2021-06-14T15:48:35.3162080Z remote: Compressing objects:   2% (5/203)        
2021-06-14T15:48:35.3162943Z remote: Compressing objects:   3% (7/203)        
2021-06-14T15:48:35.3164318Z remote: Compressing objects:   4% (9/203)        
2021-06-14T15:48:35.3165068Z remote: Compressing objects:   5% (11/203)        
2021-06-14T15:48:35.3165805Z remote: Compressing objects:   6% (13/203)        
2021-06-14T15:48:35.3166549Z remote: Compressing objects:   7% (15/203)        
2021-06-14T15:48:35.3167292Z remote: Compressing objects:   8% (17/203)        
2021-06-14T15:48:35.3168165Z remote: Compressing objects:   9% (19/203)        
2021-06-14T15:48:35.3168980Z remote: Compressing objects:  10% (21/203)        
2021-06-14T15:48:35.3169906Z remote: Compressing objects:  11% (23/203)        
2021-06-14T15:48:35.3172835Z remote: Compressing objects:  12% (25/203)        
2021-06-14T15:48:35.3173716Z remote: Compressing objects:  13% (27/203)        
2021-06-14T15:48:35.3174518Z remote: Compressing objects:  14% (29/203)        
2021-06-14T15:48:35.3175480Z remote: Compressing objects:  15% (31/203)        
2021-06-14T15:48:35.3176238Z remote: Compressing objects:  16% (33/203)        
2021-06-14T15:48:35.3176994Z remote: Compressing objects:  17% (35/203)        
2021-06-14T15:48:35.3177757Z remote: Compressing objects:  18% (37/203)        
2021-06-14T15:48:35.3178512Z remote: Compressing objects:  19% (39/203)        
2021-06-14T15:48:35.3179278Z remote: Compressing objects:  20% (41/203)        
2021-06-14T15:48:35.3181432Z remote: Compressing objects:  21% (43/203)        
2021-06-14T15:48:35.3182369Z remote: Compressing objects:  22% (45/203)        
2021-06-14T15:48:35.3206144Z remote: Compressing objects:  23% (47/203)        
2021-06-14T15:48:35.3315162Z remote: Compressing objects:  24% (49/203)        
2021-06-14T15:48:35.3317997Z remote: Compressing objects:  25% (51/203)        
2021-06-14T15:48:35.3318747Z remote: Compressing objects:  26% (53/203)        
2021-06-14T15:48:35.3319601Z remote: Compressing objects:  27% (55/203)        
2021-06-14T15:48:35.3320846Z remote: Compressing objects:  28% (57/203)        
2021-06-14T15:48:35.3321541Z remote: Compressing objects:  29% (59/203)        
2021-06-14T15:48:35.3322235Z remote: Compressing objects:  30% (61/203)        
2021-06-14T15:48:35.3322910Z remote: Compressing objects:  31% (63/203)        
2021-06-14T15:48:35.3323773Z remote: Compressing objects:  32% (65/203)        
2021-06-14T15:48:35.3324693Z remote: Compressing objects:  33% (67/203)        
2021-06-14T15:48:35.3325532Z remote: Compressing objects:  34% (70/203)        
2021-06-14T15:48:35.3326536Z remote: Compressing objects:  35% (72/203)        
2021-06-14T15:48:35.3327388Z remote: Compressing objects:  36% (74/203)        
2021-06-14T15:48:35.3328197Z remote: Compressing objects:  37% (76/203)        
2021-06-14T15:48:35.3329441Z remote: Compressing objects:  38% (78/203)        
2021-06-14T15:48:35.3331291Z remote: Compressing objects:  39% (80/203)        
2021-06-14T15:48:35.3332183Z remote: Compressing objects:  40% (82/203)        
2021-06-14T15:48:35.3332998Z remote: Compressing objects:  41% (84/203)        
2021-06-14T15:48:35.3333824Z remote: Compressing objects:  42% (86/203)        
2021-06-14T15:48:35.3334638Z remote: Compressing objects:  43% (88/203)        
2021-06-14T15:48:35.3335466Z remote: Compressing objects:  44% (90/203)        
2021-06-14T15:48:35.3336294Z remote: Compressing objects:  45% (92/203)        
2021-06-14T15:48:35.3337099Z remote: Compressing objects:  46% (94/203)        
2021-06-14T15:48:35.3337927Z remote: Compressing objects:  47% (96/203)        
2021-06-14T15:48:35.3338770Z remote: Compressing objects:  48% (98/203)        
2021-06-14T15:48:35.3339765Z remote: Compressing objects:  49% (100/203)        
2021-06-14T15:48:35.3341817Z remote: Compressing objects:  50% (102/203)        
2021-06-14T15:48:35.3342674Z remote: Compressing objects:  51% (104/203)        
2021-06-14T15:48:35.3343510Z remote: Compressing objects:  52% (106/203)        
2021-06-14T15:48:35.3344344Z remote: Compressing objects:  53% (108/203)        
2021-06-14T15:48:35.3345162Z remote: Compressing objects:  54% (110/203)        
2021-06-14T15:48:35.3345999Z remote: Compressing objects:  55% (112/203)        
2021-06-14T15:48:35.3346814Z remote: Compressing objects:  56% (114/203)        
2021-06-14T15:48:35.3347648Z remote: Compressing objects:  57% (116/203)        
2021-06-14T15:48:35.3348477Z remote: Compressing objects:  58% (118/203)        
2021-06-14T15:48:35.3349294Z remote: Compressing objects:  59% (120/203)        
2021-06-14T15:48:35.3350713Z remote: Compressing objects:  60% (122/203)        
2021-06-14T15:48:35.3351607Z remote: Compressing objects:  61% (124/203)        
2021-06-14T15:48:35.3352452Z remote: Compressing objects:  62% (126/203)        
2021-06-14T15:48:35.3353281Z remote: Compressing objects:  63% (128/203)        
2021-06-14T15:48:35.3354112Z remote: Compressing objects:  64% (130/203)        
2021-06-14T15:48:35.3354954Z remote: Compressing objects:  65% (132/203)        
2021-06-14T15:48:35.3355787Z remote: Compressing objects:  66% (134/203)        
2021-06-14T15:48:35.3356607Z remote: Compressing objects:  67% (137/203)        
2021-06-14T15:48:35.3357477Z remote: Compressing objects:  68% (139/203)        
2021-06-14T15:48:35.3358291Z remote: Compressing objects:  69% (141/203)        
2021-06-14T15:48:35.3359474Z remote: Compressing objects:  70% (143/203)        
2021-06-14T15:48:35.3361196Z remote: Compressing objects:  71% (145/203)        
2021-06-14T15:48:35.3361922Z remote: Compressing objects:  72% (147/203)        
2021-06-14T15:48:35.3362847Z remote: Compressing objects:  73% (149/203)        
2021-06-14T15:48:35.3379110Z remote: Compressing objects:  74% (151/203)        
2021-06-14T15:48:35.3379801Z remote: Compressing objects:  75% (153/203)        
2021-06-14T15:48:35.3381945Z remote: Compressing objects:  76% (155/203)        
2021-06-14T15:48:35.3382646Z remote: Compressing objects:  77% (157/203)        
2021-06-14T15:48:35.3383598Z remote: Compressing objects:  78% (159/203)        
2021-06-14T15:48:35.3384483Z remote: Compressing objects:  79% (161/203)        
2021-06-14T15:48:35.3385282Z remote: Compressing objects:  80% (163/203)        
2021-06-14T15:48:35.3386070Z remote: Compressing objects:  81% (165/203)        
2021-06-14T15:48:35.3386870Z remote: Compressing objects:  82% (167/203)        
2021-06-14T15:48:35.3387676Z remote: Compressing objects:  83% (169/203)        
2021-06-14T15:48:35.3388459Z remote: Compressing objects:  84% (171/203)        
2021-06-14T15:48:35.3389344Z remote: Compressing objects:  85% (173/203)        
2021-06-14T15:48:35.3392108Z remote: Compressing objects:  86% (175/203)        
2021-06-14T15:48:35.3392987Z remote: Compressing objects:  87% (177/203)        
2021-06-14T15:48:35.3393667Z remote: Compressing objects:  88% (179/203)        
2021-06-14T15:48:35.3394560Z remote: Compressing objects:  89% (181/203)        
2021-06-14T15:48:35.3395234Z remote: Compressing objects:  90% (183/203)        
2021-06-14T15:48:35.3396124Z remote: Compressing objects:  91% (185/203)        
2021-06-14T15:48:35.3396950Z remote: Compressing objects:  92% (187/203)        
2021-06-14T15:48:35.3397826Z remote: Compressing objects:  93% (189/203)        
2021-06-14T15:48:35.3398637Z remote: Compressing objects:  94% (191/203)        
2021-06-14T15:48:35.3399463Z remote: Compressing objects:  95% (193/203)        
2021-06-14T15:48:35.3400634Z remote: Compressing objects:  96% (195/203)        
2021-06-14T15:48:35.3401467Z remote: Compressing objects:  97% (197/203)        
2021-06-14T15:48:35.3402301Z remote: Compressing objects:  98% (199/203)        
2021-06-14T15:48:35.3403269Z remote: Compressing objects:  99% (201/203)        
2021-06-14T15:48:35.3404123Z remote: Compressing objects: 100% (203/203)        
2021-06-14T15:48:35.3405848Z remote: Compressing objects: 100% (203/203), done.        
2021-06-14T15:48:35.3406840Z Receiving objects:   0% (1/751)
2021-06-14T15:48:35.3407581Z Receiving objects:   1% (8/751)
2021-06-14T15:48:35.3408457Z Receiving objects:   2% (16/751)
2021-06-14T15:48:35.3409165Z Receiving objects:   3% (23/751)
2021-06-14T15:48:35.3409847Z Receiving objects:   4% (31/751)
2021-06-14T15:48:35.3410760Z Receiving objects:   5% (38/751)
2021-06-14T15:48:35.3411486Z Receiving objects:   6% (46/751)
2021-06-14T15:48:35.3412196Z Receiving objects:   7% (53/751)
2021-06-14T15:48:35.3412922Z Receiving objects:   8% (61/751)
2021-06-14T15:48:35.3413625Z Receiving objects:   9% (68/751)
2021-06-14T15:48:35.3414346Z Receiving objects:  10% (76/751)
2021-06-14T15:48:35.3415230Z Receiving objects:  11% (83/751)
2021-06-14T15:48:35.3416002Z Receiving objects:  12% (91/751)
2021-06-14T15:48:35.3416805Z Receiving objects:  13% (98/751)
2021-06-14T15:48:35.3417470Z Receiving objects:  14% (106/751)
2021-06-14T15:48:35.3418064Z Receiving objects:  15% (113/751)
2021-06-14T15:48:35.3418665Z Receiving objects:  16% (121/751)
2021-06-14T15:48:35.3419401Z Receiving objects:  17% (128/751)
2021-06-14T15:48:35.3420131Z Receiving objects:  18% (136/751)
2021-06-14T15:48:35.3420843Z Receiving objects:  19% (143/751)
2021-06-14T15:48:35.3421567Z Receiving objects:  20% (151/751)
2021-06-14T15:48:35.3422287Z Receiving objects:  21% (158/751)
2021-06-14T15:48:35.3422992Z Receiving objects:  22% (166/751)
2021-06-14T15:48:35.3423716Z Receiving objects:  23% (173/751)
2021-06-14T15:48:35.3424417Z Receiving objects:  24% (181/751)
2021-06-14T15:48:35.3425152Z Receiving objects:  25% (188/751)
2021-06-14T15:48:35.3425864Z Receiving objects:  26% (196/751)
2021-06-14T15:48:35.3429840Z Receiving objects:  27% (203/751)
2021-06-14T15:48:35.3430461Z Receiving objects:  28% (211/751)
2021-06-14T15:48:35.3431029Z Receiving objects:  29% (218/751)
2021-06-14T15:48:35.3431810Z Receiving objects:  30% (226/751)
2021-06-14T15:48:35.3432520Z Receiving objects:  31% (233/751)
2021-06-14T15:48:35.3433255Z Receiving objects:  32% (241/751)
2021-06-14T15:48:35.3433975Z Receiving objects:  33% (248/751)
2021-06-14T15:48:35.3434678Z Receiving objects:  34% (256/751)
2021-06-14T15:48:35.3435395Z Receiving objects:  35% (263/751)
2021-06-14T15:48:35.3436099Z Receiving objects:  36% (271/751)
2021-06-14T15:48:35.3436820Z Receiving objects:  37% (278/751)
2021-06-14T15:48:35.3437550Z Receiving objects:  38% (286/751)
2021-06-14T15:48:35.3438258Z Receiving objects:  39% (293/751)
2021-06-14T15:48:35.3438977Z Receiving objects:  40% (301/751)
2021-06-14T15:48:35.3439851Z Receiving objects:  41% (308/751)
2021-06-14T15:48:35.3440767Z Receiving objects:  42% (316/751)
2021-06-14T15:48:35.3441485Z Receiving objects:  43% (323/751)
2021-06-14T15:48:35.3442203Z Receiving objects:  44% (331/751)
2021-06-14T15:48:35.3442924Z Receiving objects:  45% (338/751)
2021-06-14T15:48:35.3443627Z Receiving objects:  46% (346/751)
2021-06-14T15:48:35.3444498Z Receiving objects:  47% (353/751)
2021-06-14T15:48:35.3445397Z Receiving objects:  48% (361/751)
2021-06-14T15:48:35.3446091Z Receiving objects:  49% (368/751)
2021-06-14T15:48:35.3446788Z Receiving objects:  50% (376/751)
2021-06-14T15:48:35.3447471Z Receiving objects:  51% (384/751)
2021-06-14T15:48:35.3448171Z Receiving objects:  52% (391/751)
2021-06-14T15:48:35.3448872Z Receiving objects:  53% (399/751)
2021-06-14T15:48:35.3449734Z Receiving objects:  54% (406/751)
2021-06-14T15:48:35.3450456Z Receiving objects:  55% (414/751)
2021-06-14T15:48:35.3451155Z Receiving objects:  56% (421/751)
2021-06-14T15:48:35.3451877Z Receiving objects:  57% (429/751)
2021-06-14T15:48:35.3452598Z Receiving objects:  58% (436/751)
2021-06-14T15:48:35.3453308Z Receiving objects:  59% (444/751)
2021-06-14T15:48:35.3454037Z Receiving objects:  60% (451/751)
2021-06-14T15:48:35.3454748Z Receiving objects:  61% (459/751)
2021-06-14T15:48:35.3455470Z Receiving objects:  62% (466/751)
2021-06-14T15:48:35.3456190Z Receiving objects:  63% (474/751)
2021-06-14T15:48:35.3456901Z Receiving objects:  64% (481/751)
2021-06-14T15:48:35.3457632Z Receiving objects:  65% (489/751)
2021-06-14T15:48:35.3458334Z Receiving objects:  66% (496/751)
2021-06-14T15:48:35.3459056Z Receiving objects:  67% (504/751)
2021-06-14T15:48:35.3459784Z Receiving objects:  68% (511/751)
2021-06-14T15:48:35.3460490Z Receiving objects:  69% (519/751)
2021-06-14T15:48:35.3461188Z Receiving objects:  70% (526/751)
2021-06-14T15:48:35.3461754Z Receiving objects:  71% (534/751)
2021-06-14T15:48:35.3462467Z Receiving objects:  72% (541/751)
2021-06-14T15:48:35.3466013Z Receiving objects:  73% (549/751)
2021-06-14T15:48:35.3466586Z Receiving objects:  74% (556/751)
2021-06-14T15:48:35.3467333Z Receiving objects:  75% (564/751)
2021-06-14T15:48:35.3468037Z Receiving objects:  76% (571/751)
2021-06-14T15:48:35.3468882Z Receiving objects:  77% (579/751)
2021-06-14T15:48:35.3469768Z Receiving objects:  78% (586/751)
2021-06-14T15:48:35.3470525Z Receiving objects:  79% (594/751)
2021-06-14T15:48:35.3471156Z Receiving objects:  80% (601/751)
2021-06-14T15:48:35.3471913Z Receiving objects:  81% (609/751)
2021-06-14T15:48:35.3472631Z Receiving objects:  82% (616/751)
2021-06-14T15:48:35.3473334Z Receiving objects:  83% (624/751)
2021-06-14T15:48:35.3474056Z Receiving objects:  84% (631/751)
2021-06-14T15:48:35.3474772Z Receiving objects:  85% (639/751)
2021-06-14T15:48:35.3475479Z Receiving objects:  86% (646/751)
2021-06-14T15:48:35.3476191Z Receiving objects:  87% (654/751)
2021-06-14T15:48:35.3476895Z Receiving objects:  88% (661/751)
2021-06-14T15:48:35.3477617Z Receiving objects:  89% (669/751)
2021-06-14T15:48:35.3478333Z Receiving objects:  90% (676/751)
2021-06-14T15:48:35.3479039Z Receiving objects:  91% (684/751)
2021-06-14T15:48:35.3479935Z Receiving objects:  92% (691/751)
2021-06-14T15:48:35.3480819Z Receiving objects:  93% (699/751)
2021-06-14T15:48:35.3481854Z Receiving objects:  94% (706/751)
2021-06-14T15:48:35.3482439Z Receiving objects:  95% (714/751)
2021-06-14T15:48:35.3483156Z Receiving objects:  96% (721/751)
2021-06-14T15:48:35.3484839Z remote: Total 751 (delta 220), reused 261 (delta 174), pack-reused 346        
2021-06-14T15:48:35.3485710Z Receiving objects:  97% (729/751)
2021-06-14T15:48:35.3486429Z Receiving objects:  98% (736/751)
2021-06-14T15:48:35.3487123Z Receiving objects:  99% (744/751)
2021-06-14T15:48:35.3487801Z Receiving objects: 100% (751/751)
2021-06-14T15:48:35.3488759Z Receiving objects: 100% (751/751), 207.72 KiB | 18.88 MiB/s, done.
2021-06-14T15:48:35.3489670Z Resolving deltas:   0% (0/400)
2021-06-14T15:48:35.3490226Z Resolving deltas:   1% (4/400)
2021-06-14T15:48:35.3490788Z Resolving deltas:   2% (8/400)
2021-06-14T15:48:35.3491338Z Resolving deltas:   3% (12/400)
2021-06-14T15:48:35.3491910Z Resolving deltas:   4% (16/400)
2021-06-14T15:48:35.3492476Z Resolving deltas:   5% (20/400)
2021-06-14T15:48:35.3493047Z Resolving deltas:   6% (24/400)
2021-06-14T15:48:35.3493766Z Resolving deltas:   7% (28/400)
2021-06-14T15:48:35.3494389Z Resolving deltas:   8% (32/400)
2021-06-14T15:48:35.3495087Z Resolving deltas:   9% (36/400)
2021-06-14T15:48:35.3495974Z Resolving deltas:  10% (40/400)
2021-06-14T15:48:35.3496677Z Resolving deltas:  11% (44/400)
2021-06-14T15:48:35.3497358Z Resolving deltas:  12% (48/400)
2021-06-14T15:48:35.3498060Z Resolving deltas:  13% (52/400)
2021-06-14T15:48:35.3498763Z Resolving deltas:  14% (56/400)
2021-06-14T15:48:35.3499450Z Resolving deltas:  15% (60/400)
2021-06-14T15:48:35.3500150Z Resolving deltas:  16% (64/400)
2021-06-14T15:48:35.3501387Z Resolving deltas:  17% (68/400)
2021-06-14T15:48:35.3501961Z Resolving deltas:  18% (72/400)
2021-06-14T15:48:35.3502655Z Resolving deltas:  19% (76/400)
2021-06-14T15:48:35.3503358Z Resolving deltas:  20% (80/400)
2021-06-14T15:48:35.3504215Z Resolving deltas:  21% (84/400)
2021-06-14T15:48:35.3504886Z Resolving deltas:  22% (88/400)
2021-06-14T15:48:35.3506823Z Resolving deltas:  23% (92/400)
2021-06-14T15:48:35.3507699Z Resolving deltas:  24% (96/400)
2021-06-14T15:48:35.3508428Z Resolving deltas:  25% (100/400)
2021-06-14T15:48:35.3509172Z Resolving deltas:  26% (104/400)
2021-06-14T15:48:35.3510051Z Resolving deltas:  27% (108/400)
2021-06-14T15:48:35.3510770Z Resolving deltas:  28% (112/400)
2021-06-14T15:48:35.3511372Z Resolving deltas:  29% (116/400)
2021-06-14T15:48:35.3512177Z Resolving deltas:  30% (120/400)
2021-06-14T15:48:35.3512751Z Resolving deltas:  31% (124/400)
2021-06-14T15:48:35.3513306Z Resolving deltas:  32% (128/400)
2021-06-14T15:48:35.3513875Z Resolving deltas:  33% (132/400)
2021-06-14T15:48:35.3514635Z Resolving deltas:  34% (136/400)
2021-06-14T15:48:35.3515347Z Resolving deltas:  35% (140/400)
2021-06-14T15:48:35.3516038Z Resolving deltas:  36% (144/400)
2021-06-14T15:48:35.3516930Z Resolving deltas:  37% (148/400)
2021-06-14T15:48:35.3517764Z Resolving deltas:  38% (152/400)
2021-06-14T15:48:35.3518504Z Resolving deltas:  39% (156/400)
2021-06-14T15:48:35.3519190Z Resolving deltas:  40% (160/400)
2021-06-14T15:48:35.3520027Z Resolving deltas:  41% (164/400)
2021-06-14T15:48:35.3520835Z Resolving deltas:  42% (168/400)
2021-06-14T15:48:35.3522966Z Resolving deltas:  43% (172/400)
2021-06-14T15:48:35.3523532Z Resolving deltas:  44% (176/400)
2021-06-14T15:48:35.3524097Z Resolving deltas:  45% (180/400)
2021-06-14T15:48:35.3524650Z Resolving deltas:  46% (184/400)
2021-06-14T15:48:35.3526043Z Resolving deltas:  47% (188/400)
2021-06-14T15:48:35.3526695Z Resolving deltas:  48% (192/400)
2021-06-14T15:48:35.3527272Z Resolving deltas:  49% (196/400)
2021-06-14T15:48:35.3527826Z Resolving deltas:  50% (200/400)
2021-06-14T15:48:35.3528685Z Resolving deltas:  51% (204/400)
2021-06-14T15:48:35.3529733Z Resolving deltas:  52% (208/400)
2021-06-14T15:48:35.3530623Z Resolving deltas:  53% (212/400)
2021-06-14T15:48:35.3531469Z Resolving deltas:  54% (216/400)
2021-06-14T15:48:35.3532046Z Resolving deltas:  55% (220/400)
2021-06-14T15:48:35.3532777Z Resolving deltas:  56% (224/400)
2021-06-14T15:48:35.3533335Z Resolving deltas:  57% (228/400)
2021-06-14T15:48:35.3534310Z Resolving deltas:  58% (232/400)
2021-06-14T15:48:35.3535107Z Resolving deltas:  59% (236/400)
2021-06-14T15:48:35.3535775Z Resolving deltas:  60% (240/400)
2021-06-14T15:48:35.3536458Z Resolving deltas:  61% (244/400)
2021-06-14T15:48:35.3537117Z Resolving deltas:  62% (248/400)
2021-06-14T15:48:35.3537801Z Resolving deltas:  63% (252/400)
2021-06-14T15:48:35.3538484Z Resolving deltas:  64% (256/400)
2021-06-14T15:48:35.3539146Z Resolving deltas:  65% (260/400)
2021-06-14T15:48:35.3539827Z Resolving deltas:  66% (264/400)
2021-06-14T15:48:35.3540707Z Resolving deltas:  67% (268/400)
2021-06-14T15:48:35.3541422Z Resolving deltas:  68% (272/400)
2021-06-14T15:48:35.3542127Z Resolving deltas:  69% (276/400)
2021-06-14T15:48:35.3542812Z Resolving deltas:  70% (280/400)
2021-06-14T15:48:35.3543734Z Resolving deltas:  71% (284/400)
2021-06-14T15:48:35.3544401Z Resolving deltas:  72% (288/400)
2021-06-14T15:48:35.3545087Z Resolving deltas:  73% (292/400)
2021-06-14T15:48:35.3545768Z Resolving deltas:  74% (296/400)
2021-06-14T15:48:35.3546430Z Resolving deltas:  75% (300/400)
2021-06-14T15:48:35.3547328Z Resolving deltas:  76% (304/400)
2021-06-14T15:48:35.3548000Z Resolving deltas:  77% (308/400)
2021-06-14T15:48:35.3548692Z Resolving deltas:  78% (312/400)
2021-06-14T15:48:35.3549371Z Resolving deltas:  79% (316/400)
2021-06-14T15:48:35.3550437Z Resolving deltas:  80% (320/400)
2021-06-14T15:48:35.3551061Z Resolving deltas:  81% (324/400)
2021-06-14T15:48:35.3551744Z Resolving deltas:  82% (328/400)
2021-06-14T15:48:35.3552454Z Resolving deltas:  83% (332/400)
2021-06-14T15:48:35.3553158Z Resolving deltas:  84% (336/400)
2021-06-14T15:48:35.3554014Z Resolving deltas:  85% (340/400)
2021-06-14T15:48:35.3554695Z Resolving deltas:  86% (344/400)
2021-06-14T15:48:35.3555359Z Resolving deltas:  87% (348/400)
2021-06-14T15:48:35.3556052Z Resolving deltas:  88% (352/400)
2021-06-14T15:48:35.3556739Z Resolving deltas:  89% (356/400)
2021-06-14T15:48:35.3557407Z Resolving deltas:  90% (360/400)
2021-06-14T15:48:35.3558087Z Resolving deltas:  91% (364/400)
2021-06-14T15:48:35.3558768Z Resolving deltas:  92% (368/400)
2021-06-14T15:48:35.3559451Z Resolving deltas:  93% (372/400)
2021-06-14T15:48:35.3560131Z Resolving deltas:  94% (376/400)
2021-06-14T15:48:35.3560929Z Resolving deltas:  95% (380/400)
2021-06-14T15:48:35.3561576Z Resolving deltas:  96% (384/400)
2021-06-14T15:48:35.3562132Z Resolving deltas:  97% (388/400)
2021-06-14T15:48:35.3562842Z Resolving deltas:  98% (392/400)
2021-06-14T15:48:35.3563547Z Resolving deltas:  99% (396/400)
2021-06-14T15:48:35.3564440Z Resolving deltas: 100% (400/400)
2021-06-14T15:48:35.3565139Z Resolving deltas: 100% (400/400), done.
2021-06-14T15:48:35.3565966Z From https://github.com/con/tinuous
2021-06-14T15:48:35.3567532Z  * [new branch]      delay-config      -> origin/delay-config
2021-06-14T15:48:35.3569001Z  * [new branch]      gh-55             -> origin/gh-55
2021-06-14T15:48:35.3570311Z  * [new branch]      master            -> origin/master
2021-06-14T15:48:35.3571529Z  * [new branch]      no-extra-search   -> origin/no-extra-search
2021-06-14T15:48:35.3572778Z  * [new branch]      regex-link        -> origin/regex-link
2021-06-14T15:48:35.3574021Z  * [new branch]      test-appveyor     -> origin/test-appveyor
2021-06-14T15:48:35.3575354Z  * [new branch]      test-wkspec-match -> origin/test-wkspec-match
2021-06-14T15:48:35.3576603Z  * [new branch]      timestamp         -> origin/timestamp
2021-06-14T15:48:35.3577639Z  * [new tag]         0.1.0             -> 0.1.0
2021-06-14T15:48:35.3578558Z  * [new tag]         0.2.0             -> 0.2.0
2021-06-14T15:48:35.3579466Z  * [new tag]         0.3.0             -> 0.3.0
2021-06-14T15:48:35.3580552Z [command]/usr/bin/git branch --list --remote origin/regex-link
2021-06-14T15:48:35.3581590Z   origin/regex-link
2021-06-14T15:48:35.3582736Z [command]/usr/bin/git rev-parse refs/remotes/origin/regex-link
2021-06-14T15:48:35.3583824Z 8737b5a2e96bbdaa865ac3a6b9e07cca22615a67
2021-06-14T15:48:35.3584798Z ##[endgroup]
2021-06-14T15:48:35.3585577Z ##[group]Determining the checkout info
2021-06-14T15:48:35.3586330Z ##[endgroup]
2021-06-14T15:48:35.3587040Z ##[group]Checking out the ref
2021-06-14T15:48:35.3588351Z [command]/usr/bin/git checkout --progress --force -B regex-link refs/remotes/origin/regex-link
2021-06-14T15:48:35.3589776Z Switched to a new branch 'regex-link'
2021-06-14T15:48:35.3591082Z Branch 'regex-link' set up to track remote branch 'regex-link' from 'origin'.
2021-06-14T15:48:35.3592014Z ##[endgroup]
2021-06-14T15:48:35.3592952Z [command]/usr/bin/git log -1 --format='%H'
2021-06-14T15:48:35.3594152Z '8737b5a2e96bbdaa865ac3a6b9e07cca22615a67'
2021-06-14T15:48:35.3698289Z ##[group]Run actions/setup-python@v2
2021-06-14T15:48:35.3698910Z with:
2021-06-14T15:48:35.3699405Z   python-version: 3.8
2021-06-14T15:48:35.3700609Z   token: ***
2021-06-14T15:48:35.3701099Z ##[endgroup]
2021-06-14T15:48:35.4524940Z Successfully setup CPython (3.8.10)
2021-06-14T15:48:35.4595348Z ##[group]Run python -m pip install --upgrade pip wheel
2021-06-14T15:48:35.4596209Z [36;1mpython -m pip install --upgrade pip wheel[0m
2021-06-14T15:48:35.4597226Z [36;1mpython -m pip install --upgrade --upgrade-strategy=eager tox[0m
2021-06-14T15:48:35.4648040Z shell: /usr/bin/bash -e {0}
2021-06-14T15:48:35.4648517Z env:
2021-06-14T15:48:35.4649145Z   pythonLocation: /opt/hostedtoolcache/Python/3.8.10/x64
2021-06-14T15:48:35.4649948Z   LD_LIBRARY_PATH: /opt/hostedtoolcache/Python/3.8.10/x64/lib
2021-06-14T15:48:35.4650833Z ##[endgroup]
2021-06-14T15:48:36.0997407Z Requirement already satisfied: pip in /opt/hostedtoolcache/Python/3.8.10/x64/lib/python3.8/site-packages (21.1.2)
2021-06-14T15:48:36.3199213Z Collecting wheel
2021-06-14T15:48:36.3461049Z   Downloading wheel-0.36.2-py2.py3-none-any.whl (35 kB)
2021-06-14T15:48:36.4085514Z Installing collected packages: wheel
2021-06-14T15:48:36.4494710Z Successfully installed wheel-0.36.2
2021-06-14T15:48:37.2464852Z Collecting tox
2021-06-14T15:48:37.2667905Z   Downloading tox-3.23.1-py2.py3-none-any.whl (85 kB)
2021-06-14T15:48:37.3413099Z Collecting pluggy>=0.12.0
2021-06-14T15:48:37.3461651Z   Downloading pluggy-0.13.1-py2.py3-none-any.whl (18 kB)
2021-06-14T15:48:37.5998477Z Collecting virtualenv!=20.0.0,!=20.0.1,!=20.0.2,!=20.0.3,!=20.0.4,!=20.0.5,!=20.0.6,!=20.0.7,>=16.0.0
2021-06-14T15:48:37.6051660Z   Downloading virtualenv-20.4.7-py2.py3-none-any.whl (7.2 MB)
2021-06-14T15:48:37.7661065Z Collecting toml>=0.9.4
2021-06-14T15:48:37.7707856Z   Downloading toml-0.10.2-py2.py3-none-any.whl (16 kB)
2021-06-14T15:48:37.8046772Z Collecting filelock>=3.0.0
2021-06-14T15:48:37.8094710Z   Downloading filelock-3.0.12-py3-none-any.whl (7.6 kB)
2021-06-14T15:48:37.8458540Z Collecting six>=1.14.0
2021-06-14T15:48:37.8508452Z   Downloading six-1.16.0-py2.py3-none-any.whl (11 kB)
2021-06-14T15:48:37.9090858Z Collecting packaging>=14
2021-06-14T15:48:37.9142199Z   Downloading packaging-20.9-py2.py3-none-any.whl (40 kB)
2021-06-14T15:48:37.9776786Z Collecting py>=1.4.17
2021-06-14T15:48:37.9832892Z   Downloading py-1.10.0-py2.py3-none-any.whl (97 kB)
2021-06-14T15:48:38.0828773Z Collecting pyparsing>=2.0.2
2021-06-14T15:48:38.0891962Z   Downloading pyparsing-2.4.7-py2.py3-none-any.whl (67 kB)
2021-06-14T15:48:38.1785796Z Collecting distlib<1,>=0.3.1
2021-06-14T15:48:38.1840393Z   Downloading distlib-0.3.2-py2.py3-none-any.whl (338 kB)
2021-06-14T15:48:38.2413379Z Collecting appdirs<2,>=1.4.3
2021-06-14T15:48:38.2475785Z   Downloading appdirs-1.4.4-py2.py3-none-any.whl (9.6 kB)
2021-06-14T15:48:38.3776795Z Installing collected packages: six, pyparsing, filelock, distlib, appdirs, virtualenv, toml, py, pluggy, packaging, tox
2021-06-14T15:48:39.9428283Z Successfully installed appdirs-1.4.4 distlib-0.3.2 filelock-3.0.12 packaging-20.9 pluggy-0.13.1 py-1.10.0 pyparsing-2.4.7 six-1.16.0 toml-0.10.2 tox-3.23.1 virtualenv-20.4.7
2021-06-14T15:48:39.9603441Z ##[group]Run tox -e lint
2021-06-14T15:48:39.9604004Z [36;1mtox -e lint[0m
2021-06-14T15:48:39.9653080Z shell: /usr/bin/bash -e {0}
2021-06-14T15:48:39.9653534Z env:
2021-06-14T15:48:39.9654143Z   pythonLocation: /opt/hostedtoolcache/Python/3.8.10/x64
2021-06-14T15:48:39.9654952Z   LD_LIBRARY_PATH: /opt/hostedtoolcache/Python/3.8.10/x64/lib
2021-06-14T15:48:39.9655548Z ##[endgroup]
2021-06-14T15:48:40.2350464Z lint create: /home/runner/work/tinuous/tinuous/.tox/lint
2021-06-14T15:48:40.9670794Z lint installdeps: flake8~=3.7, flake8-bugbear, flake8-builtins~=1.4, flake8-import-order-jwodder, flake8-unused-arguments
2021-06-14T15:48:45.5639827Z lint installed: attrs==21.2.0,flake8==3.9.2,flake8-bugbear==21.4.3,flake8-builtins==1.5.3,flake8-import-order==0.18.1,flake8-import-order-jwodder==0.1.0,flake8-unused-arguments==0.0.6,mccabe==0.6.1,pycodestyle==2.7.0,pyflakes==2.3.1
2021-06-14T15:48:45.5650264Z lint run-test-pre: PYTHONHASHSEED='4196124501'
2021-06-14T15:48:45.5655261Z lint run-test: commands[0] | flake8 --config=tox.ini src test
2021-06-14T15:48:46.8243119Z ___________________________________ summary ____________________________________
2021-06-14T15:48:46.8305947Z   lint: commands succeeded
2021-06-14T15:48:46.8335546Z   congratulations :)
2021-06-14T15:48:46.8590725Z Post job cleanup.
2021-06-14T15:48:46.9803500Z [command]/usr/bin/git version
2021-06-14T15:48:46.9853473Z git version 2.31.1
2021-06-14T15:48:46.9895703Z [command]/usr/bin/git config --local --name-only --get-regexp core\.sshCommand
2021-06-14T15:48:46.9930618Z [command]/usr/bin/git submodule foreach --recursive git config --local --name-only --get-regexp 'core\.sshCommand' && git config --local --unset-all 'core.sshCommand' || :
2021-06-14T15:48:47.0189054Z [command]/usr/bin/git config --local --name-only --get-regexp http\.https\:\/\/github\.com\/\.extraheader
2021-06-14T15:48:47.0215508Z http.https://github.com/.extraheader
2021-06-14T15:48:47.0226805Z [command]/usr/bin/git config --local --unset-all http.https://github.com/.extraheader
2021-06-14T15:48:47.0264154Z [command]/usr/bin/git submodule foreach --recursive git config --local --name-only --get-regexp 'http\.https\:\/\/github\.com\/\.extraheader' && git config --local --unset-all 'http.https://github.com/.extraheader' || :
2021-06-14T15:48:47.0588098Z Cleaning up orphan processes
