2023-11-09T17:19:39.6128320Z Requested labels: ubuntu-latest
2023-11-09T17:19:39.6128692Z Job defined at: con/tinuous/.github/workflows/test.yml@refs/pull/176/merge
2023-11-09T17:19:39.6128830Z Waiting for a runner to pick up this job...
2023-11-09T17:19:40.1283067Z Job is waiting for a hosted runner to come online.
2023-11-09T17:19:44.0401399Z Job is about to start running on the hosted runner: GitHub Actions 13 (hosted)
2023-11-09T17:19:47.2457556Z Current runner version: '2.311.0'
2023-11-09T17:19:47.2497954Z ##[group]Operating System
2023-11-09T17:19:47.2498935Z Ubuntu
2023-11-09T17:19:47.2499419Z 22.04.3
2023-11-09T17:19:47.2499974Z LTS
2023-11-09T17:19:47.2500477Z ##[endgroup]
2023-11-09T17:19:47.2501013Z ##[group]Runner Image
2023-11-09T17:19:47.2501720Z Image: ubuntu-22.04
2023-11-09T17:19:47.2502335Z Version: 20231030.2.0
2023-11-09T17:19:47.2504246Z Included Software: https://github.com/actions/runner-images/blob/ubuntu22/20231030.2/images/linux/Ubuntu2204-Readme.md
2023-11-09T17:19:47.2506592Z Image Release: https://github.com/actions/runner-images/releases/tag/ubuntu22%2F20231030.2
2023-11-09T17:19:47.2508445Z ##[endgroup]
2023-11-09T17:19:47.2509049Z ##[group]Runner Image Provisioner
2023-11-09T17:19:47.2509820Z 2.0.312.1
2023-11-09T17:19:47.2510352Z ##[endgroup]
2023-11-09T17:19:47.2513676Z ##[group]GITHUB_TOKEN Permissions
2023-11-09T17:19:47.2516517Z Actions: write
2023-11-09T17:19:47.2517465Z Checks: write
2023-11-09T17:19:47.2518397Z Contents: write
2023-11-09T17:19:47.2519165Z Deployments: write
2023-11-09T17:19:47.2519843Z Discussions: write
2023-11-09T17:19:47.2520498Z Issues: write
2023-11-09T17:19:47.2521045Z Metadata: read
2023-11-09T17:19:47.2521637Z Packages: write
2023-11-09T17:19:47.2522355Z Pages: write
2023-11-09T17:19:47.2522893Z PullRequests: write
2023-11-09T17:19:47.2523936Z RepositoryProjects: write
2023-11-09T17:19:47.2524891Z SecurityEvents: write
2023-11-09T17:19:47.2525529Z Statuses: write
2023-11-09T17:19:47.2526174Z ##[endgroup]
2023-11-09T17:19:47.2531817Z Secret source: Actions
2023-11-09T17:19:47.2532733Z Prepare workflow directory
2023-11-09T17:19:47.3559716Z Prepare all required actions
2023-11-09T17:19:47.3843396Z Getting action download info
2023-11-09T17:19:47.6135882Z Download action repository 'actions/checkout@v4' (SHA:b4ffde65f46336ab88eb53be808477a3936bae11)
2023-11-09T17:19:47.8062646Z Download action repository 'actions/setup-python@v4' (SHA:65d7f2d534ac1bc67fcd62888c5f4f3d2cb2b236)
2023-11-09T17:19:47.9387997Z Download action repository 'codecov/codecov-action@v3' (SHA:eaaf4bedf32dbdc6b720b63067d99c4d77d6047d)
2023-11-09T17:19:48.4427245Z Complete job name: test (3.8, lint)
2023-11-09T17:19:48.5926927Z ##[group]Run actions/checkout@v4
2023-11-09T17:19:48.5927704Z with:
2023-11-09T17:19:48.5928081Z   fetch-depth: 0
2023-11-09T17:19:48.5928546Z   repository: con/tinuous
2023-11-09T17:19:48.5929435Z   token: ***
2023-11-09T17:19:48.5929870Z   ssh-strict: true
2023-11-09T17:19:48.5930371Z   persist-credentials: true
2023-11-09T17:19:48.5930904Z   clean: true
2023-11-09T17:19:48.5931346Z   sparse-checkout-cone-mode: true
2023-11-09T17:19:48.5931949Z   fetch-tags: false
2023-11-09T17:19:48.5932418Z   show-progress: true
2023-11-09T17:19:48.5932864Z   lfs: false
2023-11-09T17:19:48.5933454Z   submodules: false
2023-11-09T17:19:48.5933916Z   set-safe-directory: true
2023-11-09T17:19:48.5934597Z ##[endgroup]
2023-11-09T17:19:48.9893246Z Syncing repository: con/tinuous
2023-11-09T17:19:48.9895849Z ##[group]Getting Git version info
2023-11-09T17:19:48.9896998Z Working directory is '/home/runner/work/tinuous/tinuous'
2023-11-09T17:19:48.9899392Z [command]/usr/bin/git version
2023-11-09T17:19:49.0080588Z git version 2.42.0
2023-11-09T17:19:49.0127986Z ##[endgroup]
2023-11-09T17:19:49.0178182Z Temporarily overriding HOME='/home/runner/work/_temp/e241e9a4-d30a-45fe-838b-6ce9986857b0' before making global git config changes
2023-11-09T17:19:49.0182254Z Adding repository directory to the temporary git global config as a safe directory
2023-11-09T17:19:49.0191860Z [command]/usr/bin/git config --global --add safe.directory /home/runner/work/tinuous/tinuous
2023-11-09T17:19:49.0252085Z Deleting the contents of '/home/runner/work/tinuous/tinuous'
2023-11-09T17:19:49.0276165Z ##[group]Initializing the repository
2023-11-09T17:19:49.0277989Z [command]/usr/bin/git init /home/runner/work/tinuous/tinuous
2023-11-09T17:19:49.0394835Z hint: Using 'master' as the name for the initial branch. This default branch name
2023-11-09T17:19:49.0400039Z hint: is subject to change. To configure the initial branch name to use in all
2023-11-09T17:19:49.0403501Z hint: of your new repositories, which will suppress this warning, call:
2023-11-09T17:19:49.0404812Z hint: 
2023-11-09T17:19:49.0406129Z hint: 	git config --global init.defaultBranch <name>
2023-11-09T17:19:49.0407253Z hint: 
2023-11-09T17:19:49.0408593Z hint: Names commonly chosen instead of 'master' are 'main', 'trunk' and
2023-11-09T17:19:49.0410329Z hint: 'development'. The just-created branch can be renamed via this command:
2023-11-09T17:19:49.0411792Z hint: 
2023-11-09T17:19:49.0412541Z hint: 	git branch -m <name>
2023-11-09T17:19:49.0432970Z Initialized empty Git repository in /home/runner/work/tinuous/tinuous/.git/
2023-11-09T17:19:49.0445212Z [command]/usr/bin/git remote add origin https://github.com/con/tinuous
2023-11-09T17:19:49.0494744Z ##[endgroup]
2023-11-09T17:19:49.0495937Z ##[group]Disabling automatic garbage collection
2023-11-09T17:19:49.0497962Z [command]/usr/bin/git config --local gc.auto 0
2023-11-09T17:19:49.0535569Z ##[endgroup]
2023-11-09T17:19:49.0536592Z ##[group]Setting up auth
2023-11-09T17:19:49.0542689Z [command]/usr/bin/git config --local --name-only --get-regexp core\.sshCommand
2023-11-09T17:19:49.0583704Z [command]/usr/bin/git submodule foreach --recursive sh -c "git config --local --name-only --get-regexp 'core\.sshCommand' && git config --local --unset-all 'core.sshCommand' || :"
2023-11-09T17:19:49.1105795Z [command]/usr/bin/git config --local --name-only --get-regexp http\.https\:\/\/github\.com\/\.extraheader
2023-11-09T17:19:49.1144018Z [command]/usr/bin/git submodule foreach --recursive sh -c "git config --local --name-only --get-regexp 'http\.https\:\/\/github\.com\/\.extraheader' && git config --local --unset-all 'http.https://github.com/.extraheader' || :"
2023-11-09T17:19:49.1568953Z [command]/usr/bin/git config --local http.https://github.com/.extraheader AUTHORIZATION: basic ***
2023-11-09T17:19:49.1598478Z ##[endgroup]
2023-11-09T17:19:49.1599291Z ##[group]Fetching the repository
2023-11-09T17:19:49.1603841Z [command]/usr/bin/git -c protocol.version=2 fetch --prune --no-recurse-submodules origin +refs/heads/*:refs/remotes/origin/* +refs/tags/*:refs/tags/* +deef52bf5d75e7d1321e27516bbdc04b7ab94383:refs/remotes/pull/176/merge
2023-11-09T17:19:49.6190420Z From https://github.com/con/tinuous
2023-11-09T17:19:49.6213699Z  * [new branch]      gh-55                                    -> origin/gh-55
2023-11-09T17:19:49.6214884Z  * [new branch]      ghtoken                                  -> origin/ghtoken
2023-11-09T17:19:49.6216048Z  * [new branch]      headers                                  -> origin/headers
2023-11-09T17:19:49.6217185Z  * [new branch]      master                                   -> origin/master
2023-11-09T17:19:49.6218359Z  * [new branch]      mypy-import                              -> origin/mypy-import
2023-11-09T17:19:49.6219663Z  * [new branch]      no-extra-search                          -> origin/no-extra-search
2023-11-09T17:19:49.6220963Z  * [new branch]      pragmata                                 -> origin/pragmata
2023-11-09T17:19:49.6222132Z  * [new branch]      py312                                    -> origin/py312
2023-11-09T17:19:49.6223317Z  * [new branch]      test-appveyor                            -> origin/test-appveyor
2023-11-09T17:19:49.6225163Z  * [new branch]      updates                                  -> origin/updates
2023-11-09T17:19:49.6226263Z  * [new tag]         0.1.0                                    -> 0.1.0
2023-11-09T17:19:49.6227234Z  * [new tag]         0.2.0                                    -> 0.2.0
2023-11-09T17:19:49.6228213Z  * [new tag]         0.3.0                                    -> 0.3.0
2023-11-09T17:19:49.6230041Z  * [new tag]         0.4.0                                    -> 0.4.0
2023-11-09T17:19:49.6231090Z  * [new tag]         0.5.0                                    -> 0.5.0
2023-11-09T17:19:49.6232127Z  * [new tag]         0.5.1                                    -> 0.5.1
2023-11-09T17:19:49.6233736Z  * [new tag]         0.5.2                                    -> 0.5.2
2023-11-09T17:19:49.6234720Z  * [new tag]         0.5.3                                    -> 0.5.3
2023-11-09T17:19:49.6235672Z  * [new tag]         0.5.4                                    -> 0.5.4
2023-11-09T17:19:49.6236644Z  * [new tag]         0.6.0                                    -> 0.6.0
2023-11-09T17:19:49.6238406Z  * [new tag]         0.6.1                                    -> 0.6.1
2023-11-09T17:19:49.6239544Z  * [new ref]         deef52bf5d75e7d1321e27516bbdc04b7ab94383 -> pull/176/merge
2023-11-09T17:19:49.6241874Z ##[endgroup]
2023-11-09T17:19:49.6242605Z ##[group]Determining the checkout info
2023-11-09T17:19:49.6243489Z ##[endgroup]
2023-11-09T17:19:49.6244175Z ##[group]Checking out the ref
2023-11-09T17:19:49.6245147Z [command]/usr/bin/git checkout --progress --force refs/remotes/pull/176/merge
2023-11-09T17:19:49.6246252Z Note: switching to 'refs/remotes/pull/176/merge'.
2023-11-09T17:19:49.6246829Z 
2023-11-09T17:19:49.6247397Z You are in 'detached HEAD' state. You can look around, make experimental
2023-11-09T17:19:49.6248631Z changes and commit them, and you can discard any commits you make in this
2023-11-09T17:19:49.6249799Z state without impacting any branches by switching back to a branch.
2023-11-09T17:19:49.6250521Z 
2023-11-09T17:19:49.6250970Z If you want to create a new branch to retain commits you create, you may
2023-11-09T17:19:49.6252190Z do so (now or later) by using -c with the switch command. Example:
2023-11-09T17:19:49.6252865Z 
2023-11-09T17:19:49.6253117Z   git switch -c <new-branch-name>
2023-11-09T17:19:49.6253512Z 
2023-11-09T17:19:49.6253685Z Or undo this operation with:
2023-11-09T17:19:49.6254065Z 
2023-11-09T17:19:49.6254208Z   git switch -
2023-11-09T17:19:49.6254477Z 
2023-11-09T17:19:49.6254995Z Turn off this advice by setting config variable advice.detachedHead to false
2023-11-09T17:19:49.6255838Z 
2023-11-09T17:19:49.6256813Z HEAD is now at deef52b Merge 7c3a530a6de1338bf3b2e1042ce58d425bfd9ca8 into c9b9a9ac80bbb4debecb9f33f832eabd926318fa
2023-11-09T17:19:49.6259252Z ##[endgroup]
2023-11-09T17:19:49.6260752Z [command]/usr/bin/git log -1 --format='%H'
2023-11-09T17:19:49.6261574Z 'deef52bf5d75e7d1321e27516bbdc04b7ab94383'
2023-11-09T17:19:49.6673154Z ##[group]Run actions/setup-python@v4
2023-11-09T17:19:49.6674175Z with:
2023-11-09T17:19:49.6674716Z   python-version: 3.8
2023-11-09T17:19:49.6675204Z   check-latest: false
2023-11-09T17:19:49.6675966Z   token: ***
2023-11-09T17:19:49.6676496Z   update-environment: true
2023-11-09T17:19:49.6677437Z   allow-prereleases: false
2023-11-09T17:19:49.6677943Z ##[endgroup]
2023-11-09T17:19:50.0886141Z ##[group]Installed versions
2023-11-09T17:19:50.1014641Z Successfully set up CPython (3.8.18)
2023-11-09T17:19:50.1017461Z ##[endgroup]
2023-11-09T17:19:50.1198078Z ##[group]Run python -m pip install --upgrade pip wheel
2023-11-09T17:19:50.1199115Z [36;1mpython -m pip install --upgrade pip wheel[0m
2023-11-09T17:19:50.1199944Z [36;1mpython -m pip install --upgrade --upgrade-strategy=eager tox[0m
2023-11-09T17:19:50.1270844Z shell: /usr/bin/bash -e {0}
2023-11-09T17:19:50.1271314Z env:
2023-11-09T17:19:50.1271796Z   pythonLocation: /opt/hostedtoolcache/Python/3.8.18/x64
2023-11-09T17:19:50.1272814Z   PKG_CONFIG_PATH: /opt/hostedtoolcache/Python/3.8.18/x64/lib/pkgconfig
2023-11-09T17:19:50.1273615Z   Python_ROOT_DIR: /opt/hostedtoolcache/Python/3.8.18/x64
2023-11-09T17:19:50.1274680Z   Python2_ROOT_DIR: /opt/hostedtoolcache/Python/3.8.18/x64
2023-11-09T17:19:50.1275406Z   Python3_ROOT_DIR: /opt/hostedtoolcache/Python/3.8.18/x64
2023-11-09T17:19:50.1276132Z   LD_LIBRARY_PATH: /opt/hostedtoolcache/Python/3.8.18/x64/lib
2023-11-09T17:19:50.1276964Z ##[endgroup]
2023-11-09T17:19:51.3422838Z Requirement already satisfied: pip in /opt/hostedtoolcache/Python/3.8.18/x64/lib/python3.8/site-packages (23.0.1)
2023-11-09T17:19:51.5808490Z Collecting pip
2023-11-09T17:19:51.6972348Z   Downloading pip-23.3.1-py3-none-any.whl.metadata (3.5 kB)
2023-11-09T17:19:51.7702015Z Collecting wheel
2023-11-09T17:19:51.7841145Z   Downloading wheel-0.41.3-py3-none-any.whl.metadata (2.2 kB)
2023-11-09T17:19:51.8027232Z Downloading pip-23.3.1-py3-none-any.whl (2.1 MB)
2023-11-09T17:19:51.8990967Z    ━━━━━━━━━━━━━━━━━━━━━━━━━━━━━━━━━━━━━━━━ 2.1/2.1 MB 23.0 MB/s eta 0:00:00
2023-11-09T17:19:51.9073018Z Downloading wheel-0.41.3-py3-none-any.whl (65 kB)
2023-11-09T17:19:51.9191075Z    ━━━━━━━━━━━━━━━━━━━━━━━━━━━━━━━━━━━━━━━━ 65.8/65.8 kB 8.5 MB/s eta 0:00:00
2023-11-09T17:19:51.9917985Z Installing collected packages: wheel, pip
2023-11-09T17:19:52.0598882Z   Attempting uninstall: pip
2023-11-09T17:19:52.0604315Z     Found existing installation: pip 23.0.1
2023-11-09T17:19:52.1504713Z     Uninstalling pip-23.0.1:
2023-11-09T17:19:52.2275039Z       Successfully uninstalled pip-23.0.1
2023-11-09T17:19:53.8253287Z Successfully installed pip-23.3.1 wheel-0.41.3
2023-11-09T17:19:55.1695316Z Collecting tox
2023-11-09T17:19:55.2810686Z   Downloading tox-4.11.3-py3-none-any.whl.metadata (5.0 kB)
2023-11-09T17:19:55.3770658Z Collecting cachetools>=5.3.1 (from tox)
2023-11-09T17:19:55.3831292Z   Downloading cachetools-5.3.2-py3-none-any.whl.metadata (5.2 kB)
2023-11-09T17:19:55.4167476Z Collecting chardet>=5.2 (from tox)
2023-11-09T17:19:55.4227956Z   Downloading chardet-5.2.0-py3-none-any.whl.metadata (3.4 kB)
2023-11-09T17:19:55.4681824Z Collecting colorama>=0.4.6 (from tox)
2023-11-09T17:19:55.4768060Z   Downloading colorama-0.4.6-py2.py3-none-any.whl (25 kB)
2023-11-09T17:19:55.5423838Z Collecting filelock>=3.12.3 (from tox)
2023-11-09T17:19:55.5489435Z   Downloading filelock-3.13.1-py3-none-any.whl.metadata (2.8 kB)
2023-11-09T17:19:55.6027605Z Collecting packaging>=23.1 (from tox)
2023-11-09T17:19:55.6104148Z   Downloading packaging-23.2-py3-none-any.whl.metadata (3.2 kB)
2023-11-09T17:19:55.6595494Z Collecting platformdirs>=3.10 (from tox)
2023-11-09T17:19:55.6661510Z   Downloading platformdirs-3.11.0-py3-none-any.whl.metadata (11 kB)
2023-11-09T17:19:55.7088824Z Collecting pluggy>=1.3 (from tox)
2023-11-09T17:19:55.7160365Z   Downloading pluggy-1.3.0-py3-none-any.whl.metadata (4.3 kB)
2023-11-09T17:19:55.7517798Z Collecting pyproject-api>=1.6.1 (from tox)
2023-11-09T17:19:55.7576225Z   Downloading pyproject_api-1.6.1-py3-none-any.whl.metadata (2.8 kB)
2023-11-09T17:19:55.8014410Z Collecting tomli>=2.0.1 (from tox)
2023-11-09T17:19:55.8076851Z   Downloading tomli-2.0.1-py3-none-any.whl (12 kB)
2023-11-09T17:19:55.9664469Z Collecting virtualenv>=20.24.3 (from tox)
2023-11-09T17:19:55.9738147Z   Downloading virtualenv-20.24.6-py3-none-any.whl.metadata (4.5 kB)
2023-11-09T17:19:56.1183550Z Collecting distlib<1,>=0.3.7 (from virtualenv>=20.24.3->tox)
2023-11-09T17:19:56.1258073Z   Downloading distlib-0.3.7-py2.py3-none-any.whl.metadata (5.1 kB)
2023-11-09T17:19:56.1636338Z Downloading tox-4.11.3-py3-none-any.whl (153 kB)
2023-11-09T17:19:56.1795663Z    ━━━━━━━━━━━━━━━━━━━━━━━━━━━━━━━━━━━━━━━━ 153.8/153.8 kB 13.3 MB/s eta 0:00:00
2023-11-09T17:19:56.1871998Z Downloading cachetools-5.3.2-py3-none-any.whl (9.3 kB)
2023-11-09T17:19:56.1983759Z Downloading chardet-5.2.0-py3-none-any.whl (199 kB)
2023-11-09T17:19:56.2160283Z    ━━━━━━━━━━━━━━━━━━━━━━━━━━━━━━━━━━━━━━━━ 199.4/199.4 kB 16.7 MB/s eta 0:00:00
2023-11-09T17:19:56.2227518Z Downloading filelock-3.13.1-py3-none-any.whl (11 kB)
2023-11-09T17:19:56.2339464Z Downloading packaging-23.2-py3-none-any.whl (53 kB)
2023-11-09T17:19:56.2419396Z    ━━━━━━━━━━━━━━━━━━━━━━━━━━━━━━━━━━━━━━━━ 53.0/53.0 kB 10.2 MB/s eta 0:00:00
2023-11-09T17:19:56.2498300Z Downloading platformdirs-3.11.0-py3-none-any.whl (17 kB)
2023-11-09T17:19:56.2628824Z Downloading pluggy-1.3.0-py3-none-any.whl (18 kB)
2023-11-09T17:19:56.2761507Z Downloading pyproject_api-1.6.1-py3-none-any.whl (12 kB)
2023-11-09T17:19:56.2876542Z Downloading virtualenv-20.24.6-py3-none-any.whl (3.8 MB)
2023-11-09T17:19:56.3424133Z    ━━━━━━━━━━━━━━━━━━━━━━━━━━━━━━━━━━━━━━━━ 3.8/3.8 MB 74.2 MB/s eta 0:00:00
2023-11-09T17:19:56.3493048Z Downloading distlib-0.3.7-py2.py3-none-any.whl (468 kB)
2023-11-09T17:19:56.3665730Z    ━━━━━━━━━━━━━━━━━━━━━━━━━━━━━━━━━━━━━━━━ 468.9/468.9 kB 35.4 MB/s eta 0:00:00
2023-11-09T17:19:56.6171548Z Installing collected packages: distlib, tomli, pluggy, platformdirs, packaging, filelock, colorama, chardet, cachetools, virtualenv, pyproject-api, tox
2023-11-09T17:19:57.5621047Z Successfully installed cachetools-5.3.2 chardet-5.2.0 colorama-0.4.6 distlib-0.3.7 filelock-3.13.1 packaging-23.2 platformdirs-3.11.0 pluggy-1.3.0 pyproject-api-1.6.1 tomli-2.0.1 tox-4.11.3 virtualenv-20.24.6
2023-11-09T17:19:57.7704831Z ##[group]Run tox -e lint
2023-11-09T17:19:57.7705334Z [36;1mtox -e lint[0m
2023-11-09T17:19:57.7750633Z shell: /usr/bin/bash -e {0}
2023-11-09T17:19:57.7751051Z env:
2023-11-09T17:19:57.7751506Z   pythonLocation: /opt/hostedtoolcache/Python/3.8.18/x64
2023-11-09T17:19:57.7752329Z   PKG_CONFIG_PATH: /opt/hostedtoolcache/Python/3.8.18/x64/lib/pkgconfig
2023-11-09T17:19:57.7753146Z   Python_ROOT_DIR: /opt/hostedtoolcache/Python/3.8.18/x64
2023-11-09T17:19:57.7754069Z   Python2_ROOT_DIR: /opt/hostedtoolcache/Python/3.8.18/x64
2023-11-09T17:19:57.7754769Z   Python3_ROOT_DIR: /opt/hostedtoolcache/Python/3.8.18/x64
2023-11-09T17:19:57.7755670Z   LD_LIBRARY_PATH: /opt/hostedtoolcache/Python/3.8.18/x64/lib
2023-11-09T17:19:57.7756416Z ##[endgroup]
2023-11-09T17:19:58.7107486Z lint: install_deps> python -I -m pip install flake8 flake8-bugbear flake8-builtins flake8-unused-arguments
2023-11-09T17:20:01.5232144Z lint: freeze> python -m pip freeze --all
2023-11-09T17:20:02.0618783Z lint: attrs==23.1.0,flake8==6.1.0,flake8-bugbear==23.9.16,flake8-builtins==2.2.0,flake8-unused-arguments==0.0.13,mccabe==0.7.0,pip==23.3.1,pycodestyle==2.11.1,pyflakes==3.1.0,setuptools==68.2.2,wheel==0.41.2
2023-11-09T17:20:02.0626118Z lint: commands[0]> flake8 --config=tox.ini src test
2023-11-09T17:20:03.1864709Z   lint: OK (4.96=setup[3.84]+cmd[1.12] seconds)
2023-11-09T17:20:03.1865675Z   congratulations :) (5.18 seconds)
2023-11-09T17:20:03.2411956Z Post job cleanup.
2023-11-09T17:20:03.4714211Z Post job cleanup.
2023-11-09T17:20:03.6307919Z [command]/usr/bin/git version
2023-11-09T17:20:03.6308652Z git version 2.42.0
2023-11-09T17:20:03.6367911Z Temporarily overriding HOME='/home/runner/work/_temp/6aa7fdc8-a413-45b7-ae67-d31681f5c231' before making global git config changes
2023-11-09T17:20:03.6370018Z Adding repository directory to the temporary git global config as a safe directory
2023-11-09T17:20:03.6479482Z [command]/usr/bin/git config --global --add safe.directory /home/runner/work/tinuous/tinuous
2023-11-09T17:20:03.6482285Z [command]/usr/bin/git config --local --name-only --get-regexp core\.sshCommand
2023-11-09T17:20:03.6536047Z [command]/usr/bin/git submodule foreach --recursive sh -c "git config --local --name-only --get-regexp 'core\.sshCommand' && git config --local --unset-all 'core.sshCommand' || :"
2023-11-09T17:20:03.6857258Z [command]/usr/bin/git config --local --name-only --get-regexp http\.https\:\/\/github\.com\/\.extraheader
2023-11-09T17:20:03.6888796Z http.https://github.com/.extraheader
2023-11-09T17:20:03.6906951Z [command]/usr/bin/git config --local --unset-all http.https://github.com/.extraheader
2023-11-09T17:20:03.6949433Z [command]/usr/bin/git submodule foreach --recursive sh -c "git config --local --name-only --get-regexp 'http\.https\:\/\/github\.com\/\.extraheader' && git config --local --unset-all 'http.https://github.com/.extraheader' || :"
2023-11-09T17:20:03.7790578Z Cleaning up orphan processes
