2023-11-09T17:19:39.7169262Z Requested labels: ubuntu-latest
2023-11-09T17:19:39.7169504Z Job defined at: con/tinuous/.github/workflows/test.yml@refs/pull/176/merge
2023-11-09T17:19:39.7169616Z Waiting for a runner to pick up this job...
2023-11-09T17:19:40.1433026Z Job is waiting for a hosted runner to come online.
2023-11-09T17:19:42.7194857Z Job is about to start running on the hosted runner: GitHub Actions 20 (hosted)
2023-11-09T17:19:45.3575516Z Current runner version: '2.311.0'
2023-11-09T17:19:45.3607871Z ##[group]Operating System
2023-11-09T17:19:45.3608717Z Ubuntu
2023-11-09T17:19:45.3609318Z 22.04.3
2023-11-09T17:19:45.3609805Z LTS
2023-11-09T17:19:45.3610274Z ##[endgroup]
2023-11-09T17:19:45.3610825Z ##[group]Runner Image
2023-11-09T17:19:45.3611428Z Image: ubuntu-22.04
2023-11-09T17:19:45.3611983Z Version: 20231030.2.0
2023-11-09T17:19:45.3613369Z Included Software: https://github.com/actions/runner-images/blob/ubuntu22/20231030.2/images/linux/Ubuntu2204-Readme.md
2023-11-09T17:19:45.3615369Z Image Release: https://github.com/actions/runner-images/releases/tag/ubuntu22%2F20231030.2
2023-11-09T17:19:45.3616564Z ##[endgroup]
2023-11-09T17:19:45.3617207Z ##[group]Runner Image Provisioner
2023-11-09T17:19:45.3617832Z 2.0.312.1
2023-11-09T17:19:45.3618322Z ##[endgroup]
2023-11-09T17:19:45.3621835Z ##[group]GITHUB_TOKEN Permissions
2023-11-09T17:19:45.3624033Z Actions: write
2023-11-09T17:19:45.3624810Z Checks: write
2023-11-09T17:19:45.3625525Z Contents: write
2023-11-09T17:19:45.3626263Z Deployments: write
2023-11-09T17:19:45.3626795Z Discussions: write
2023-11-09T17:19:45.3627361Z Issues: write
2023-11-09T17:19:45.3627946Z Metadata: read
2023-11-09T17:19:45.3628432Z Packages: write
2023-11-09T17:19:45.3628970Z Pages: write
2023-11-09T17:19:45.3629584Z PullRequests: write
2023-11-09T17:19:45.3630142Z RepositoryProjects: write
2023-11-09T17:19:45.3630801Z SecurityEvents: write
2023-11-09T17:19:45.3631439Z Statuses: write
2023-11-09T17:19:45.3631931Z ##[endgroup]
2023-11-09T17:19:45.3635732Z Secret source: Actions
2023-11-09T17:19:45.3636660Z Prepare workflow directory
2023-11-09T17:19:45.4402497Z Prepare all required actions
2023-11-09T17:19:45.4593875Z Getting action download info
2023-11-09T17:19:45.6970384Z Download action repository 'actions/checkout@v4' (SHA:b4ffde65f46336ab88eb53be808477a3936bae11)
2023-11-09T17:19:45.8417634Z Download action repository 'actions/setup-python@v4' (SHA:65d7f2d534ac1bc67fcd62888c5f4f3d2cb2b236)
2023-11-09T17:19:45.9146034Z Download action repository 'codecov/codecov-action@v3' (SHA:eaaf4bedf32dbdc6b720b63067d99c4d77d6047d)
2023-11-09T17:19:46.7077396Z Complete job name: test (3.8, typing)
2023-11-09T17:19:46.8165922Z ##[group]Run actions/checkout@v4
2023-11-09T17:19:46.8166535Z with:
2023-11-09T17:19:46.8166903Z   fetch-depth: 0
2023-11-09T17:19:46.8167339Z   repository: con/tinuous
2023-11-09T17:19:46.8168096Z   token: ***
2023-11-09T17:19:46.8168485Z   ssh-strict: true
2023-11-09T17:19:46.8168944Z   persist-credentials: true
2023-11-09T17:19:46.8169440Z   clean: true
2023-11-09T17:19:46.8169860Z   sparse-checkout-cone-mode: true
2023-11-09T17:19:46.8170422Z   fetch-tags: false
2023-11-09T17:19:46.8170867Z   show-progress: true
2023-11-09T17:19:46.8171295Z   lfs: false
2023-11-09T17:19:46.8171682Z   submodules: false
2023-11-09T17:19:46.8172131Z   set-safe-directory: true
2023-11-09T17:19:46.8172597Z ##[endgroup]
2023-11-09T17:19:47.1185896Z Syncing repository: con/tinuous
2023-11-09T17:19:47.1187943Z ##[group]Getting Git version info
2023-11-09T17:19:47.1188791Z Working directory is '/home/runner/work/tinuous/tinuous'
2023-11-09T17:19:47.1189719Z [command]/usr/bin/git version
2023-11-09T17:19:47.1347468Z git version 2.42.0
2023-11-09T17:19:47.1422636Z ##[endgroup]
2023-11-09T17:19:47.1436672Z Temporarily overriding HOME='/home/runner/work/_temp/5713ebe5-edad-4d6c-8966-bd6f831d8d89' before making global git config changes
2023-11-09T17:19:47.1438140Z Adding repository directory to the temporary git global config as a safe directory
2023-11-09T17:19:47.1439395Z [command]/usr/bin/git config --global --add safe.directory /home/runner/work/tinuous/tinuous
2023-11-09T17:19:47.1479103Z Deleting the contents of '/home/runner/work/tinuous/tinuous'
2023-11-09T17:19:47.1494484Z ##[group]Initializing the repository
2023-11-09T17:19:47.1495446Z [command]/usr/bin/git init /home/runner/work/tinuous/tinuous
2023-11-09T17:19:47.1576919Z hint: Using 'master' as the name for the initial branch. This default branch name
2023-11-09T17:19:47.1582404Z hint: is subject to change. To configure the initial branch name to use in all
2023-11-09T17:19:47.1586335Z hint: of your new repositories, which will suppress this warning, call:
2023-11-09T17:19:47.1589760Z hint: 
2023-11-09T17:19:47.1592942Z hint: 	git config --global init.defaultBranch <name>
2023-11-09T17:19:47.1596023Z hint: 
2023-11-09T17:19:47.1599118Z hint: Names commonly chosen instead of 'master' are 'main', 'trunk' and
2023-11-09T17:19:47.1602668Z hint: 'development'. The just-created branch can be renamed via this command:
2023-11-09T17:19:47.1606575Z hint: 
2023-11-09T17:19:47.1609615Z hint: 	git branch -m <name>
2023-11-09T17:19:47.1629881Z Initialized empty Git repository in /home/runner/work/tinuous/tinuous/.git/
2023-11-09T17:19:47.1648838Z [command]/usr/bin/git remote add origin https://github.com/con/tinuous
2023-11-09T17:19:47.1682735Z ##[endgroup]
2023-11-09T17:19:47.1683876Z ##[group]Disabling automatic garbage collection
2023-11-09T17:19:47.1689776Z [command]/usr/bin/git config --local gc.auto 0
2023-11-09T17:19:47.1722966Z ##[endgroup]
2023-11-09T17:19:47.1725017Z ##[group]Setting up auth
2023-11-09T17:19:47.1734397Z [command]/usr/bin/git config --local --name-only --get-regexp core\.sshCommand
2023-11-09T17:19:47.1770141Z [command]/usr/bin/git submodule foreach --recursive sh -c "git config --local --name-only --get-regexp 'core\.sshCommand' && git config --local --unset-all 'core.sshCommand' || :"
2023-11-09T17:19:47.2231419Z [command]/usr/bin/git config --local --name-only --get-regexp http\.https\:\/\/github\.com\/\.extraheader
2023-11-09T17:19:47.2238519Z [command]/usr/bin/git submodule foreach --recursive sh -c "git config --local --name-only --get-regexp 'http\.https\:\/\/github\.com\/\.extraheader' && git config --local --unset-all 'http.https://github.com/.extraheader' || :"
2023-11-09T17:19:47.2457926Z [command]/usr/bin/git config --local http.https://github.com/.extraheader AUTHORIZATION: basic ***
2023-11-09T17:19:47.2508635Z ##[endgroup]
2023-11-09T17:19:47.2512290Z ##[group]Fetching the repository
2023-11-09T17:19:47.2527120Z [command]/usr/bin/git -c protocol.version=2 fetch --prune --no-recurse-submodules origin +refs/heads/*:refs/remotes/origin/* +refs/tags/*:refs/tags/* +deef52bf5d75e7d1321e27516bbdc04b7ab94383:refs/remotes/pull/176/merge
2023-11-09T17:19:47.9987438Z From https://github.com/con/tinuous
2023-11-09T17:19:47.9989106Z  * [new branch]      gh-55                                    -> origin/gh-55
2023-11-09T17:19:47.9990447Z  * [new branch]      ghtoken                                  -> origin/ghtoken
2023-11-09T17:19:47.9991712Z  * [new branch]      headers                                  -> origin/headers
2023-11-09T17:19:48.0053184Z  * [new branch]      master                                   -> origin/master
2023-11-09T17:19:48.0054319Z  * [new branch]      mypy-import                              -> origin/mypy-import
2023-11-09T17:19:48.0055484Z  * [new branch]      no-extra-search                          -> origin/no-extra-search
2023-11-09T17:19:48.0056769Z  * [new branch]      pragmata                                 -> origin/pragmata
2023-11-09T17:19:48.0057795Z  * [new branch]      py312                                    -> origin/py312
2023-11-09T17:19:48.0059061Z  * [new branch]      test-appveyor                            -> origin/test-appveyor
2023-11-09T17:19:48.0060536Z  * [new branch]      updates                                  -> origin/updates
2023-11-09T17:19:48.0061680Z  * [new tag]         0.1.0                                    -> 0.1.0
2023-11-09T17:19:48.0062827Z  * [new tag]         0.2.0                                    -> 0.2.0
2023-11-09T17:19:48.0063837Z  * [new tag]         0.3.0                                    -> 0.3.0
2023-11-09T17:19:48.0064699Z  * [new tag]         0.4.0                                    -> 0.4.0
2023-11-09T17:19:48.0065644Z  * [new tag]         0.5.0                                    -> 0.5.0
2023-11-09T17:19:48.0066642Z  * [new tag]         0.5.1                                    -> 0.5.1
2023-11-09T17:19:48.0067838Z  * [new tag]         0.5.2                                    -> 0.5.2
2023-11-09T17:19:48.0068705Z  * [new tag]         0.5.3                                    -> 0.5.3
2023-11-09T17:19:48.0069694Z  * [new tag]         0.5.4                                    -> 0.5.4
2023-11-09T17:19:48.0070602Z  * [new tag]         0.6.0                                    -> 0.6.0
2023-11-09T17:19:48.0071458Z  * [new tag]         0.6.1                                    -> 0.6.1
2023-11-09T17:19:48.0072564Z  * [new ref]         deef52bf5d75e7d1321e27516bbdc04b7ab94383 -> pull/176/merge
2023-11-09T17:19:48.0116420Z ##[endgroup]
2023-11-09T17:19:48.0117234Z ##[group]Determining the checkout info
2023-11-09T17:19:48.0118166Z ##[endgroup]
2023-11-09T17:19:48.0118872Z ##[group]Checking out the ref
2023-11-09T17:19:48.0119913Z [command]/usr/bin/git checkout --progress --force refs/remotes/pull/176/merge
2023-11-09T17:19:48.0181866Z Note: switching to 'refs/remotes/pull/176/merge'.
2023-11-09T17:19:48.0183071Z 
2023-11-09T17:19:48.0183801Z You are in 'detached HEAD' state. You can look around, make experimental
2023-11-09T17:19:48.0185205Z changes and commit them, and you can discard any commits you make in this
2023-11-09T17:19:48.0186486Z state without impacting any branches by switching back to a branch.
2023-11-09T17:19:48.0187268Z 
2023-11-09T17:19:48.0188644Z If you want to create a new branch to retain commits you create, you may
2023-11-09T17:19:48.0190006Z do so (now or later) by using -c with the switch command. Example:
2023-11-09T17:19:48.0190669Z 
2023-11-09T17:19:48.0191021Z   git switch -c <new-branch-name>
2023-11-09T17:19:48.0191531Z 
2023-11-09T17:19:48.0191851Z Or undo this operation with:
2023-11-09T17:19:48.0192356Z 
2023-11-09T17:19:48.0192601Z   git switch -
2023-11-09T17:19:48.0192986Z 
2023-11-09T17:19:48.0193585Z Turn off this advice by setting config variable advice.detachedHead to false
2023-11-09T17:19:48.0194321Z 
2023-11-09T17:19:48.0202990Z HEAD is now at deef52b Merge 7c3a530a6de1338bf3b2e1042ce58d425bfd9ca8 into c9b9a9ac80bbb4debecb9f33f832eabd926318fa
2023-11-09T17:19:48.0224292Z ##[endgroup]
2023-11-09T17:19:48.0265044Z [command]/usr/bin/git log -1 --format='%H'
2023-11-09T17:19:48.0297337Z 'deef52bf5d75e7d1321e27516bbdc04b7ab94383'
2023-11-09T17:19:48.0922178Z ##[group]Run actions/setup-python@v4
2023-11-09T17:19:48.0922670Z with:
2023-11-09T17:19:48.0922972Z   python-version: 3.8
2023-11-09T17:19:48.0923330Z   check-latest: false
2023-11-09T17:19:48.0923931Z   token: ***
2023-11-09T17:19:48.0924269Z   update-environment: true
2023-11-09T17:19:48.0924686Z   allow-prereleases: false
2023-11-09T17:19:48.0925065Z ##[endgroup]
2023-11-09T17:19:48.3957827Z ##[group]Installed versions
2023-11-09T17:19:48.4048924Z Successfully set up CPython (3.8.18)
2023-11-09T17:19:48.4049699Z ##[endgroup]
2023-11-09T17:19:48.4185422Z ##[group]Run python -m pip install --upgrade pip wheel
2023-11-09T17:19:48.4186193Z [36;1mpython -m pip install --upgrade pip wheel[0m
2023-11-09T17:19:48.4187012Z [36;1mpython -m pip install --upgrade --upgrade-strategy=eager tox[0m
2023-11-09T17:19:48.4246416Z shell: /usr/bin/bash -e {0}
2023-11-09T17:19:48.4246860Z env:
2023-11-09T17:19:48.4247282Z   pythonLocation: /opt/hostedtoolcache/Python/3.8.18/x64
2023-11-09T17:19:48.4248095Z   PKG_CONFIG_PATH: /opt/hostedtoolcache/Python/3.8.18/x64/lib/pkgconfig
2023-11-09T17:19:48.4248893Z   Python_ROOT_DIR: /opt/hostedtoolcache/Python/3.8.18/x64
2023-11-09T17:19:48.4249586Z   Python2_ROOT_DIR: /opt/hostedtoolcache/Python/3.8.18/x64
2023-11-09T17:19:48.4250291Z   Python3_ROOT_DIR: /opt/hostedtoolcache/Python/3.8.18/x64
2023-11-09T17:19:48.4251012Z   LD_LIBRARY_PATH: /opt/hostedtoolcache/Python/3.8.18/x64/lib
2023-11-09T17:19:48.4251599Z ##[endgroup]
2023-11-09T17:19:51.1347365Z Requirement already satisfied: pip in /opt/hostedtoolcache/Python/3.8.18/x64/lib/python3.8/site-packages (23.0.1)
2023-11-09T17:19:51.3345188Z Collecting pip
2023-11-09T17:19:51.4420770Z   Downloading pip-23.3.1-py3-none-any.whl.metadata (3.5 kB)
2023-11-09T17:19:51.4989686Z Collecting wheel
2023-11-09T17:19:51.5118844Z   Downloading wheel-0.41.3-py3-none-any.whl.metadata (2.2 kB)
2023-11-09T17:19:51.5329217Z Downloading pip-23.3.1-py3-none-any.whl (2.1 MB)
2023-11-09T17:19:51.7786676Z    ━━━━━━━━━━━━━━━━━━━━━━━━━━━━━━━━━━━━━━━━ 2.1/2.1 MB 8.9 MB/s eta 0:00:00
2023-11-09T17:19:51.7916252Z Downloading wheel-0.41.3-py3-none-any.whl (65 kB)
2023-11-09T17:19:51.7983049Z    ━━━━━━━━━━━━━━━━━━━━━━━━━━━━━━━━━━━━━━━━ 65.8/65.8 kB 14.2 MB/s eta 0:00:00
2023-11-09T17:19:51.8586807Z Installing collected packages: wheel, pip
2023-11-09T17:19:51.9095156Z   Attempting uninstall: pip
2023-11-09T17:19:51.9103413Z     Found existing installation: pip 23.0.1
2023-11-09T17:19:51.9796373Z     Uninstalling pip-23.0.1:
2023-11-09T17:19:52.0296877Z       Successfully uninstalled pip-23.0.1
2023-11-09T17:19:53.2372491Z Successfully installed pip-23.3.1 wheel-0.41.3
2023-11-09T17:19:54.2554413Z Collecting tox
2023-11-09T17:19:54.3516630Z   Downloading tox-4.11.3-py3-none-any.whl.metadata (5.0 kB)
2023-11-09T17:19:54.4319676Z Collecting cachetools>=5.3.1 (from tox)
2023-11-09T17:19:54.4422159Z   Downloading cachetools-5.3.2-py3-none-any.whl.metadata (5.2 kB)
2023-11-09T17:19:54.4726020Z Collecting chardet>=5.2 (from tox)
2023-11-09T17:19:54.4825788Z   Downloading chardet-5.2.0-py3-none-any.whl.metadata (3.4 kB)
2023-11-09T17:19:54.5195528Z Collecting colorama>=0.4.6 (from tox)
2023-11-09T17:19:54.5295928Z   Downloading colorama-0.4.6-py2.py3-none-any.whl (25 kB)
2023-11-09T17:19:54.5801877Z Collecting filelock>=3.12.3 (from tox)
2023-11-09T17:19:54.5908220Z   Downloading filelock-3.13.1-py3-none-any.whl.metadata (2.8 kB)
2023-11-09T17:19:54.6324364Z Collecting packaging>=23.1 (from tox)
2023-11-09T17:19:54.6428953Z   Downloading packaging-23.2-py3-none-any.whl.metadata (3.2 kB)
2023-11-09T17:19:54.6825239Z Collecting platformdirs>=3.10 (from tox)
2023-11-09T17:19:54.6924755Z   Downloading platformdirs-3.11.0-py3-none-any.whl.metadata (11 kB)
2023-11-09T17:19:54.7262204Z Collecting pluggy>=1.3 (from tox)
2023-11-09T17:19:54.7360496Z   Downloading pluggy-1.3.0-py3-none-any.whl.metadata (4.3 kB)
2023-11-09T17:19:54.7667368Z Collecting pyproject-api>=1.6.1 (from tox)
2023-11-09T17:19:54.7783325Z   Downloading pyproject_api-1.6.1-py3-none-any.whl.metadata (2.8 kB)
2023-11-09T17:19:54.8112592Z Collecting tomli>=2.0.1 (from tox)
2023-11-09T17:19:54.8257326Z   Downloading tomli-2.0.1-py3-none-any.whl (12 kB)
2023-11-09T17:19:54.9492009Z Collecting virtualenv>=20.24.3 (from tox)
2023-11-09T17:19:54.9594016Z   Downloading virtualenv-20.24.6-py3-none-any.whl.metadata (4.5 kB)
2023-11-09T17:19:55.0669804Z Collecting distlib<1,>=0.3.7 (from virtualenv>=20.24.3->tox)
2023-11-09T17:19:55.0777960Z   Downloading distlib-0.3.7-py2.py3-none-any.whl.metadata (5.1 kB)
2023-11-09T17:19:55.1115580Z Downloading tox-4.11.3-py3-none-any.whl (153 kB)
2023-11-09T17:19:55.1295697Z    ━━━━━━━━━━━━━━━━━━━━━━━━━━━━━━━━━━━━━━━━ 153.8/153.8 kB 10.2 MB/s eta 0:00:00
2023-11-09T17:19:55.1401883Z Downloading cachetools-5.3.2-py3-none-any.whl (9.3 kB)
2023-11-09T17:19:55.1552798Z Downloading chardet-5.2.0-py3-none-any.whl (199 kB)
2023-11-09T17:19:55.1619607Z    ━━━━━━━━━━━━━━━━━━━━━━━━━━━━━━━━━━━━━━━━ 199.4/199.4 kB 49.9 MB/s eta 0:00:00
2023-11-09T17:19:55.1940598Z Downloading filelock-3.13.1-py3-none-any.whl (11 kB)
2023-11-09T17:19:55.2077397Z Downloading packaging-23.2-py3-none-any.whl (53 kB)
2023-11-09T17:19:55.2138057Z    ━━━━━━━━━━━━━━━━━━━━━━━━━━━━━━━━━━━━━━━━ 53.0/53.0 kB 11.8 MB/s eta 0:00:00
2023-11-09T17:19:55.2254532Z Downloading platformdirs-3.11.0-py3-none-any.whl (17 kB)
2023-11-09T17:19:55.2393112Z Downloading pluggy-1.3.0-py3-none-any.whl (18 kB)
2023-11-09T17:19:55.2530735Z Downloading pyproject_api-1.6.1-py3-none-any.whl (12 kB)
2023-11-09T17:19:55.2705131Z Downloading virtualenv-20.24.6-py3-none-any.whl (3.8 MB)
2023-11-09T17:19:55.3134602Z    ━━━━━━━━━━━━━━━━━━━━━━━━━━━━━━━━━━━━━━━━ 3.8/3.8 MB 94.3 MB/s eta 0:00:00
2023-11-09T17:19:55.3271090Z Downloading distlib-0.3.7-py2.py3-none-any.whl (468 kB)
2023-11-09T17:19:55.3410303Z    ━━━━━━━━━━━━━━━━━━━━━━━━━━━━━━━━━━━━━━━━ 468.9/468.9 kB 40.1 MB/s eta 0:00:00
2023-11-09T17:19:55.5131089Z Installing collected packages: distlib, tomli, pluggy, platformdirs, packaging, filelock, colorama, chardet, cachetools, virtualenv, pyproject-api, tox
2023-11-09T17:19:56.1766126Z Successfully installed cachetools-5.3.2 chardet-5.2.0 colorama-0.4.6 distlib-0.3.7 filelock-3.13.1 packaging-23.2 platformdirs-3.11.0 pluggy-1.3.0 pyproject-api-1.6.1 tomli-2.0.1 tox-4.11.3 virtualenv-20.24.6
2023-11-09T17:19:56.3273233Z ##[group]Run tox -e typing
2023-11-09T17:19:56.3273679Z [36;1mtox -e typing[0m
2023-11-09T17:19:56.3313062Z shell: /usr/bin/bash -e {0}
2023-11-09T17:19:56.3313478Z env:
2023-11-09T17:19:56.3313911Z   pythonLocation: /opt/hostedtoolcache/Python/3.8.18/x64
2023-11-09T17:19:56.3314721Z   PKG_CONFIG_PATH: /opt/hostedtoolcache/Python/3.8.18/x64/lib/pkgconfig
2023-11-09T17:19:56.3315523Z   Python_ROOT_DIR: /opt/hostedtoolcache/Python/3.8.18/x64
2023-11-09T17:19:56.3316239Z   Python2_ROOT_DIR: /opt/hostedtoolcache/Python/3.8.18/x64
2023-11-09T17:19:56.3316946Z   Python3_ROOT_DIR: /opt/hostedtoolcache/Python/3.8.18/x64
2023-11-09T17:19:56.3317668Z   LD_LIBRARY_PATH: /opt/hostedtoolcache/Python/3.8.18/x64/lib
2023-11-09T17:19:56.3318243Z ##[endgroup]
2023-11-09T17:19:57.1924252Z typing: install_deps> python -I -m pip install mypy pytest pytest-cov pytest-mock types-python-dateutil types-PyYAML types-requests
2023-11-09T17:20:02.8008469Z .pkg: install_requires> python -I -m pip install 'setuptools>=46.4.0' versioningit
2023-11-09T17:20:04.8253918Z .pkg: _optional_hooks> python /opt/hostedtoolcache/Python/3.8.18/x64/lib/python3.8/site-packages/pyproject_api/_backend.py True setuptools.build_meta
2023-11-09T17:20:05.1960652Z .pkg: get_requires_for_build_sdist> python /opt/hostedtoolcache/Python/3.8.18/x64/lib/python3.8/site-packages/pyproject_api/_backend.py True setuptools.build_meta
2023-11-09T17:20:05.3232051Z .pkg: get_requires_for_build_wheel> python /opt/hostedtoolcache/Python/3.8.18/x64/lib/python3.8/site-packages/pyproject_api/_backend.py True setuptools.build_meta
2023-11-09T17:20:05.3987291Z .pkg: install_requires_for_build_wheel> python -I -m pip install wheel
2023-11-09T17:20:06.0322427Z .pkg: freeze> python -m pip freeze --all
2023-11-09T17:20:06.4167309Z .pkg: importlib-metadata==6.8.0,packaging==23.2,pip==23.3.1,setuptools==68.2.2,tomli==2.0.1,versioningit==2.2.1,wheel==0.41.2,zipp==3.17.0
2023-11-09T17:20:06.4174362Z .pkg: prepare_metadata_for_build_wheel> python /opt/hostedtoolcache/Python/3.8.18/x64/lib/python3.8/site-packages/pyproject_api/_backend.py True setuptools.build_meta
2023-11-09T17:20:06.6302251Z .pkg: build_sdist> python /opt/hostedtoolcache/Python/3.8.18/x64/lib/python3.8/site-packages/pyproject_api/_backend.py True setuptools.build_meta
2023-11-09T17:20:06.7240509Z typing: install_package_deps> python -I -m pip install 'PyYAML>=5.0' 'click-loglevel~=0.2' 'click>=7.0' 'in-place~=1.0' 'pydantic~=2.0' 'python-dateutil~=2.7' 'python-dotenv<2.0,>=0.11' 'requests~=2.20' 'typing-extensions; python_version < "3.9"'
2023-11-09T17:20:10.4669946Z typing: install_package> python -I -m pip install --force-reinstall --no-deps /home/runner/work/tinuous/tinuous/.tox/.tmp/package/1/tinuous-0.6.1.post57+gdeef52b.tar.gz
2023-11-09T17:20:15.1927761Z typing: freeze> python -m pip freeze --all
2023-11-09T17:20:15.6083973Z typing: annotated-types==0.6.0,certifi==2023.7.22,charset-normalizer==3.3.2,click==8.1.7,click-loglevel==0.5.0,coverage==7.3.2,exceptiongroup==1.1.3,idna==3.4,in-place==1.0.0,iniconfig==2.0.0,mypy==1.6.1,mypy-extensions==1.0.0,packaging==23.2,pip==23.3.1,pluggy==1.3.0,pydantic==2.4.2,pydantic_core==2.10.1,pytest==7.4.3,pytest-cov==4.1.0,pytest-mock==3.12.0,python-dateutil==2.8.2,python-dotenv==1.0.0,PyYAML==6.0.1,requests==2.31.0,setuptools==68.2.2,six==1.16.0,tinuous @ file:///home/runner/work/tinuous/tinuous/.tox/.tmp/package/1/tinuous-0.6.1.post57%2Bgdeef52b.tar.gz#sha256=27c5c08799e1c0f31d9bbf754524ba4fbbff79634dac5b4b31e0a8ab8cd496a9,tomli==2.0.1,types-python-dateutil==2.8.19.14,types-PyYAML==6.0.12.12,types-requests==2.31.0.10,typing_extensions==4.8.0,urllib3==2.0.7,wheel==0.41.2
2023-11-09T17:20:15.6090752Z typing: commands[0]> mypy src test
2023-11-09T17:20:22.8202794Z Success: no issues found in 15 source files
2023-11-09T17:20:22.8314867Z .pkg: _exit> python /opt/hostedtoolcache/Python/3.8.18/x64/lib/python3.8/site-packages/pyproject_api/_backend.py True setuptools.build_meta
2023-11-09T17:20:22.8607931Z   typing: OK (25.97=setup[18.75]+cmd[7.22] seconds)
2023-11-09T17:20:22.8609318Z   congratulations :) (26.17 seconds)
2023-11-09T17:20:22.9032270Z Post job cleanup.
2023-11-09T17:20:23.0694037Z Post job cleanup.
2023-11-09T17:20:23.1629791Z [command]/usr/bin/git version
2023-11-09T17:20:23.1683973Z git version 2.42.0
2023-11-09T17:20:23.1733288Z Temporarily overriding HOME='/home/runner/work/_temp/0ecaf0d6-1775-4911-91dc-12cb712728b7' before making global git config changes
2023-11-09T17:20:23.1734879Z Adding repository directory to the temporary git global config as a safe directory
2023-11-09T17:20:23.1739675Z [command]/usr/bin/git config --global --add safe.directory /home/runner/work/tinuous/tinuous
2023-11-09T17:20:23.1785314Z [command]/usr/bin/git config --local --name-only --get-regexp core\.sshCommand
2023-11-09T17:20:23.1823269Z [command]/usr/bin/git submodule foreach --recursive sh -c "git config --local --name-only --get-regexp 'core\.sshCommand' && git config --local --unset-all 'core.sshCommand' || :"
2023-11-09T17:20:23.2081621Z [command]/usr/bin/git config --local --name-only --get-regexp http\.https\:\/\/github\.com\/\.extraheader
2023-11-09T17:20:23.2103383Z http.https://github.com/.extraheader
2023-11-09T17:20:23.2116614Z [command]/usr/bin/git config --local --unset-all http.https://github.com/.extraheader
2023-11-09T17:20:23.2146806Z [command]/usr/bin/git submodule foreach --recursive sh -c "git config --local --name-only --get-regexp 'http\.https\:\/\/github\.com\/\.extraheader' && git config --local --unset-all 'http.https://github.com/.extraheader' || :"
2023-11-09T17:20:23.2798099Z Cleaning up orphan processes
