2021-05-13T18:24:45.0217250Z ##[section]Starting: Request a runner to run this job
2021-05-13T18:24:46.0085947Z Can't find any online and idle self-hosted runner in current repository that matches the required labels: 'ubuntu-latest'
2021-05-13T18:24:46.0086049Z Can't find any online and idle self-hosted runner in current repository's account/organization that matches the required labels: 'ubuntu-latest'
2021-05-13T18:24:46.0086476Z Found online and idle hosted runner in current repository's account/organization that matches the required labels: 'ubuntu-latest'
2021-05-13T18:24:46.2784970Z ##[section]Finishing: Request a runner to run this job
2021-05-13T18:24:53.2220103Z Current runner version: '2.278.0'
2021-05-13T18:24:53.2246232Z ##[group]Operating System
2021-05-13T18:24:53.2247229Z Ubuntu
2021-05-13T18:24:53.2247687Z 20.04.2
2021-05-13T18:24:53.2248612Z LTS
2021-05-13T18:24:53.2249161Z ##[endgroup]
2021-05-13T18:24:53.2249841Z ##[group]Virtual Environment
2021-05-13T18:24:53.2250546Z Environment: ubuntu-20.04
2021-05-13T18:24:53.2251203Z Version: 20210510.0
2021-05-13T18:24:53.2252316Z Included Software: https://github.com/actions/virtual-environments/blob/ubuntu20/20210510.0/images/linux/Ubuntu2004-README.md
2021-05-13T18:24:53.2253905Z Image Release: https://github.com/actions/virtual-environments/releases/tag/ubuntu20%2F20210510.0
2021-05-13T18:24:53.2254936Z ##[endgroup]
2021-05-13T18:24:53.2257075Z ##[group]GITHUB_TOKEN Permissions
2021-05-13T18:24:53.2258406Z Actions: write
2021-05-13T18:24:53.2259071Z Checks: write
2021-05-13T18:24:53.2259636Z Contents: write
2021-05-13T18:24:53.2260279Z Deployments: write
2021-05-13T18:24:53.2261000Z Issues: write
2021-05-13T18:24:53.2261613Z Metadata: read
2021-05-13T18:24:53.2262191Z Packages: write
2021-05-13T18:24:53.2262859Z PullRequests: write
2021-05-13T18:24:53.2263554Z RepositoryProjects: write
2021-05-13T18:24:53.2264318Z SecurityEvents: write
2021-05-13T18:24:53.2265000Z Statuses: write
2021-05-13T18:24:53.2265677Z ##[endgroup]
2021-05-13T18:24:53.2268667Z Prepare workflow directory
2021-05-13T18:24:53.2923129Z Prepare all required actions
2021-05-13T18:24:53.2935449Z Getting action download info
2021-05-13T18:24:54.3334380Z Download action repository 'actions/checkout@v2'
2021-05-13T18:24:56.2961918Z Download action repository 'actions/setup-python@v2'
2021-05-13T18:24:56.6272633Z ##[group]Run actions/checkout@v2
2021-05-13T18:24:56.6273365Z with:
2021-05-13T18:24:56.6273917Z   repository: con/tinuous
2021-05-13T18:24:56.6274952Z   token: ***
2021-05-13T18:24:56.6275489Z   ssh-strict: true
2021-05-13T18:24:56.6276130Z   persist-credentials: true
2021-05-13T18:24:56.6276763Z   clean: true
2021-05-13T18:24:56.6277282Z   fetch-depth: 1
2021-05-13T18:24:56.6277831Z   lfs: false
2021-05-13T18:24:56.6278343Z   submodules: false
2021-05-13T18:24:56.6278893Z ##[endgroup]
2021-05-13T18:24:56.8697369Z Syncing repository: con/tinuous
2021-05-13T18:24:56.8698328Z ##[group]Getting Git version info
2021-05-13T18:24:56.8699636Z Working directory is '/home/runner/work/tinuous/tinuous'
2021-05-13T18:24:56.8733247Z [command]/usr/bin/git version
2021-05-13T18:24:56.8898737Z git version 2.31.1
2021-05-13T18:24:56.8928667Z ##[endgroup]
2021-05-13T18:24:56.8936243Z Deleting the contents of '/home/runner/work/tinuous/tinuous'
2021-05-13T18:24:56.8940637Z ##[group]Initializing the repository
2021-05-13T18:24:56.8944738Z [command]/usr/bin/git init /home/runner/work/tinuous/tinuous
2021-05-13T18:24:56.9018265Z hint: Using 'master' as the name for the initial branch. This default branch name
2021-05-13T18:24:57.2851917Z hint: is subject to change. To configure the initial branch name to use in all
2021-05-13T18:24:57.2856282Z hint: of your new repositories, which will suppress this warning, call:
2021-05-13T18:24:57.2857896Z hint: 
2021-05-13T18:24:57.2860706Z hint: 	git config --global init.defaultBranch <name>
2021-05-13T18:24:57.2862949Z hint: 
2021-05-13T18:24:57.2865395Z hint: Names commonly chosen instead of 'master' are 'main', 'trunk' and
2021-05-13T18:24:57.2867879Z hint: 'development'. The just-created branch can be renamed via this command:
2021-05-13T18:24:57.2870293Z hint: 
2021-05-13T18:24:57.2872751Z hint: 	git branch -m <name>
2021-05-13T18:24:57.2875019Z Initialized empty Git repository in /home/runner/work/tinuous/tinuous/.git/
2021-05-13T18:24:57.2877695Z [command]/usr/bin/git remote add origin https://github.com/con/tinuous
2021-05-13T18:24:57.2880535Z ##[endgroup]
2021-05-13T18:24:57.2882871Z ##[group]Disabling automatic garbage collection
2021-05-13T18:24:57.2884890Z [command]/usr/bin/git config --local gc.auto 0
2021-05-13T18:24:57.2886910Z ##[endgroup]
2021-05-13T18:24:57.2893682Z ##[group]Setting up auth
2021-05-13T18:24:57.2895358Z [command]/usr/bin/git config --local --name-only --get-regexp core\.sshCommand
2021-05-13T18:24:57.2897213Z [command]/usr/bin/git submodule foreach --recursive git config --local --name-only --get-regexp 'core\.sshCommand' && git config --local --unset-all 'core.sshCommand' || :
2021-05-13T18:24:57.2899073Z [command]/usr/bin/git config --local --name-only --get-regexp http\.https\:\/\/github\.com\/\.extraheader
2021-05-13T18:24:57.2901319Z [command]/usr/bin/git submodule foreach --recursive git config --local --name-only --get-regexp 'http\.https\:\/\/github\.com\/\.extraheader' && git config --local --unset-all 'http.https://github.com/.extraheader' || :
2021-05-13T18:24:57.2903493Z [command]/usr/bin/git config --local http.https://github.com/.extraheader AUTHORIZATION: basic ***
2021-05-13T18:24:57.2904627Z ##[endgroup]
2021-05-13T18:24:57.2905385Z ##[group]Fetching the repository
2021-05-13T18:24:57.2907237Z [command]/usr/bin/git -c protocol.version=2 fetch --no-tags --prune --progress --no-recurse-submodules --depth=1 origin +178ed8148763f73e85460c02859eace4b28f250e:refs/remotes/origin/gh-43
2021-05-13T18:24:57.2908771Z remote: Enumerating objects: 24, done.        
2021-05-13T18:24:57.2909592Z remote: Counting objects:   4% (1/24)        
2021-05-13T18:24:57.2910373Z remote: Counting objects:   8% (2/24)        
2021-05-13T18:24:57.2911400Z remote: Counting objects:  12% (3/24)        
2021-05-13T18:24:57.2912177Z remote: Counting objects:  16% (4/24)        
2021-05-13T18:24:57.2912938Z remote: Counting objects:  20% (5/24)        
2021-05-13T18:24:57.2913717Z remote: Counting objects:  25% (6/24)        
2021-05-13T18:24:57.2914644Z remote: Counting objects:  29% (7/24)        
2021-05-13T18:24:57.2915433Z remote: Counting objects:  33% (8/24)        
2021-05-13T18:24:57.2916679Z remote: Counting objects:  37% (9/24)        
2021-05-13T18:24:57.2928264Z remote: Counting objects:  41% (10/24)        
2021-05-13T18:24:57.2929040Z remote: Counting objects:  45% (11/24)        
2021-05-13T18:24:57.2929776Z remote: Counting objects:  50% (12/24)        
2021-05-13T18:24:57.2930819Z remote: Counting objects:  54% (13/24)        
2021-05-13T18:24:57.2931591Z remote: Counting objects:  58% (14/24)        
2021-05-13T18:24:57.2932371Z remote: Counting objects:  62% (15/24)        
2021-05-13T18:24:57.2933225Z remote: Counting objects:  66% (16/24)        
2021-05-13T18:24:57.2933896Z remote: Counting objects:  70% (17/24)        
2021-05-13T18:24:57.2934562Z remote: Counting objects:  75% (18/24)        
2021-05-13T18:24:57.2935209Z remote: Counting objects:  79% (19/24)        
2021-05-13T18:24:57.2935886Z remote: Counting objects:  83% (20/24)        
2021-05-13T18:24:57.2936537Z remote: Counting objects:  87% (21/24)        
2021-05-13T18:24:57.2937202Z remote: Counting objects:  91% (22/24)        
2021-05-13T18:24:57.2937856Z remote: Counting objects:  95% (23/24)        
2021-05-13T18:24:57.2938518Z remote: Counting objects: 100% (24/24)        
2021-05-13T18:24:57.2939339Z remote: Counting objects: 100% (24/24), done.        
2021-05-13T18:24:57.2958005Z remote: Compressing objects:   5% (1/19)        
2021-05-13T18:24:57.2958908Z remote: Compressing objects:  10% (2/19)        
2021-05-13T18:24:57.2959683Z remote: Compressing objects:  15% (3/19)        
2021-05-13T18:24:57.2960462Z remote: Compressing objects:  21% (4/19)        
2021-05-13T18:24:57.2961233Z remote: Compressing objects:  26% (5/19)        
2021-05-13T18:24:57.2961984Z remote: Compressing objects:  31% (6/19)        
2021-05-13T18:24:57.2962796Z remote: Compressing objects:  36% (7/19)        
2021-05-13T18:24:57.2963545Z remote: Compressing objects:  42% (8/19)        
2021-05-13T18:24:57.2964328Z remote: Compressing objects:  47% (9/19)        
2021-05-13T18:24:57.2965103Z remote: Compressing objects:  52% (10/19)        
2021-05-13T18:24:57.2965860Z remote: Compressing objects:  57% (11/19)        
2021-05-13T18:24:57.2966631Z remote: Compressing objects:  63% (12/19)        
2021-05-13T18:24:57.2967383Z remote: Compressing objects:  68% (13/19)        
2021-05-13T18:24:57.2968532Z remote: Compressing objects:  73% (14/19)        
2021-05-13T18:24:57.2969302Z remote: Compressing objects:  78% (15/19)        
2021-05-13T18:24:57.2970048Z remote: Compressing objects:  84% (16/19)        
2021-05-13T18:24:57.2970804Z remote: Compressing objects:  89% (17/19)        
2021-05-13T18:24:57.2971570Z remote: Compressing objects:  94% (18/19)        
2021-05-13T18:24:57.2972321Z remote: Compressing objects: 100% (19/19)        
2021-05-13T18:24:57.2973115Z remote: Compressing objects: 100% (19/19), done.        
2021-05-13T18:24:57.2974337Z remote: Total 24 (delta 1), reused 17 (delta 1), pack-reused 0        
2021-05-13T18:24:57.2975245Z From https://github.com/con/tinuous
2021-05-13T18:24:57.2976413Z  * [new ref]         178ed8148763f73e85460c02859eace4b28f250e -> origin/gh-43
2021-05-13T18:24:57.2977291Z ##[endgroup]
2021-05-13T18:24:57.2978009Z ##[group]Determining the checkout info
2021-05-13T18:24:57.2978698Z ##[endgroup]
2021-05-13T18:24:57.2979352Z ##[group]Checking out the ref
2021-05-13T18:24:57.2980481Z [command]/usr/bin/git checkout --progress --force -B gh-43 refs/remotes/origin/gh-43
2021-05-13T18:24:57.2981528Z Switched to a new branch 'gh-43'
2021-05-13T18:24:57.2982536Z Branch 'gh-43' set up to track remote branch 'gh-43' from 'origin'.
2021-05-13T18:24:57.2983300Z ##[endgroup]
2021-05-13T18:24:57.2984121Z [command]/usr/bin/git log -1 --format='%H'
2021-05-13T18:24:57.2985097Z '178ed8148763f73e85460c02859eace4b28f250e'
2021-05-13T18:24:57.3129733Z ##[group]Run actions/setup-python@v2
2021-05-13T18:24:57.3130313Z with:
2021-05-13T18:24:57.3130804Z   python-version: 3.8
2021-05-13T18:24:57.3131752Z   token: ***
2021-05-13T18:24:57.3132229Z ##[endgroup]
2021-05-13T18:24:57.3861287Z Successfully setup CPython (3.8.10)
2021-05-13T18:24:57.3923659Z ##[group]Run python -m pip install --upgrade pip wheel
2021-05-13T18:24:57.3924490Z [36;1mpython -m pip install --upgrade pip wheel[0m
2021-05-13T18:24:57.3925127Z [36;1mpython -m pip install .[0m
2021-05-13T18:24:57.3974110Z shell: /usr/bin/bash -e {0}
2021-05-13T18:24:57.3974653Z env:
2021-05-13T18:24:57.3975365Z   pythonLocation: /opt/hostedtoolcache/Python/3.8.10/x64
2021-05-13T18:24:57.3976263Z   LD_LIBRARY_PATH: /opt/hostedtoolcache/Python/3.8.10/x64/lib
2021-05-13T18:24:57.3976965Z ##[endgroup]
2021-05-13T18:24:59.4507602Z Requirement already satisfied: pip in /opt/hostedtoolcache/Python/3.8.10/x64/lib/python3.8/site-packages (21.1.1)
2021-05-13T18:24:59.6756098Z Collecting wheel
2021-05-13T18:24:59.7368844Z   Downloading wheel-0.36.2-py2.py3-none-any.whl (35 kB)
2021-05-13T18:24:59.8061203Z Installing collected packages: wheel
2021-05-13T18:24:59.8442218Z Successfully installed wheel-0.36.2
2021-05-13T18:25:00.3880776Z Processing /home/runner/work/tinuous/tinuous
2021-05-13T18:25:00.3894546Z   DEPRECATION: A future pip version will change local packages to be built in-place without first copying to a temporary directory. We recommend you use --use-feature=in-tree-build to test your packages with this new behavior before it becomes the default.
2021-05-13T18:25:00.3897718Z    pip 21.3 will remove support for this functionality. You can find discussion regarding this at https://github.com/pypa/pip/issues/7555.
2021-05-13T18:25:01.4999847Z   Installing build dependencies: started
2021-05-13T18:25:04.1729030Z   Installing build dependencies: finished with status 'done'
2021-05-13T18:25:04.1779307Z   Getting requirements to build wheel: started
2021-05-13T18:25:04.7220091Z   Getting requirements to build wheel: finished with status 'done'
2021-05-13T18:25:04.7248719Z     Preparing wheel metadata: started
2021-05-13T18:25:05.0230269Z     Preparing wheel metadata: finished with status 'done'
2021-05-13T18:25:05.1092595Z Collecting in-place~=0.4
2021-05-13T18:25:05.1669932Z   Downloading in_place-0.5.0-py3-none-any.whl (9.1 kB)
2021-05-13T18:25:05.2226326Z Collecting PyGithub~=1.53
2021-05-13T18:25:05.2365082Z   Downloading PyGithub-1.55-py3-none-any.whl (291 kB)
2021-05-13T18:25:05.3097449Z Collecting click-loglevel~=0.2
2021-05-13T18:25:05.3238378Z   Downloading click_loglevel-0.3.0-py3-none-any.whl (5.0 kB)
2021-05-13T18:25:05.3654802Z Collecting datalad~=0.14
2021-05-13T18:25:05.3820476Z   Downloading datalad-0.14.4.tar.gz (1.6 MB)
2021-05-13T18:25:05.8615688Z   Installing build dependencies: started
2021-05-13T18:25:08.3023074Z   Installing build dependencies: finished with status 'done'
2021-05-13T18:25:08.3107400Z   Getting requirements to build wheel: started
2021-05-13T18:25:08.7085920Z   Getting requirements to build wheel: finished with status 'done'
2021-05-13T18:25:08.7117946Z     Preparing wheel metadata: started
2021-05-13T18:25:09.1675414Z     Preparing wheel metadata: finished with status 'done'
2021-05-13T18:25:09.2174382Z Collecting click~=7.0
2021-05-13T18:25:09.2317740Z   Downloading click-7.1.2-py2.py3-none-any.whl (82 kB)
2021-05-13T18:25:09.2754074Z Collecting python-dateutil~=2.7
2021-05-13T18:25:09.2875005Z   Downloading python_dateutil-2.8.1-py2.py3-none-any.whl (227 kB)
2021-05-13T18:25:09.7993369Z Collecting PyYAML~=5.0
2021-05-13T18:25:09.8050403Z   Downloading PyYAML-5.4.1-cp38-cp38-manylinux1_x86_64.whl (662 kB)
2021-05-13T18:25:09.8051539Z Collecting pydantic~=1.7
2021-05-13T18:25:09.8052905Z   Downloading pydantic-1.8.2-cp38-cp38-manylinux2014_x86_64.whl (13.7 MB)
2021-05-13T18:25:10.1857962Z Collecting requests~=2.20
2021-05-13T18:25:10.1997985Z   Downloading requests-2.25.1-py2.py3-none-any.whl (61 kB)
2021-05-13T18:25:10.3808233Z Collecting fasteners>=0.14
2021-05-13T18:25:10.3949645Z   Downloading fasteners-0.16-py2.py3-none-any.whl (28 kB)
2021-05-13T18:25:10.4212094Z Collecting annexremote
2021-05-13T18:25:10.4357927Z   Downloading annexremote-1.5.0-py3-none-any.whl (25 kB)
2021-05-13T18:25:10.4716105Z Collecting humanize
2021-05-13T18:25:10.5152250Z   Downloading humanize-3.5.0-py3-none-any.whl (73 kB)
2021-05-13T18:25:10.5433443Z Collecting distro
2021-05-13T18:25:10.5591380Z   Downloading distro-1.5.0-py2.py3-none-any.whl (18 kB)
2021-05-13T18:25:10.6568819Z Collecting whoosh
2021-05-13T18:25:10.6715446Z   Downloading Whoosh-2.7.4-py2.py3-none-any.whl (468 kB)
2021-05-13T18:25:10.7150879Z Collecting keyrings.alt
2021-05-13T18:25:10.7298875Z   Downloading keyrings.alt-4.0.2-py3-none-any.whl (20 kB)
2021-05-13T18:25:10.7563290Z Collecting wrapt
2021-05-13T18:25:10.7703334Z   Downloading wrapt-1.12.1.tar.gz (27 kB)
2021-05-13T18:25:11.5463555Z Collecting simplejson
2021-05-13T18:25:11.5604029Z   Downloading simplejson-3.17.2-cp38-cp38-manylinux2010_x86_64.whl (137 kB)
2021-05-13T18:25:11.5889860Z Collecting jsmin
2021-05-13T18:25:11.6041489Z   Downloading jsmin-2.2.2.tar.gz (12 kB)
2021-05-13T18:25:11.8387541Z Collecting patool>=1.7
2021-05-13T18:25:11.8552061Z   Downloading patool-1.12-py2.py3-none-any.whl (77 kB)
2021-05-13T18:25:11.9378486Z Collecting msgpack
2021-05-13T18:25:11.9516344Z   Downloading msgpack-1.0.2-cp38-cp38-manylinux1_x86_64.whl (302 kB)
2021-05-13T18:25:11.9805628Z Collecting appdirs
2021-05-13T18:25:11.9943673Z   Downloading appdirs-1.4.4-py2.py3-none-any.whl (9.6 kB)
2021-05-13T18:25:12.0208450Z Collecting iso8601
2021-05-13T18:25:12.0444390Z   Downloading iso8601-0.1.14-py2.py3-none-any.whl (9.5 kB)
2021-05-13T18:25:12.1017623Z Collecting boto
2021-05-13T18:25:12.1159350Z   Downloading boto-2.49.0-py2.py3-none-any.whl (1.4 MB)
2021-05-13T18:25:12.1719492Z Collecting chardet>=3.0.4
2021-05-13T18:25:12.1885310Z   Downloading chardet-4.0.0-py2.py3-none-any.whl (178 kB)
2021-05-13T18:25:12.2970629Z Collecting keyring>=8.0
2021-05-13T18:25:12.3109040Z   Downloading keyring-23.0.1-py3-none-any.whl (33 kB)
2021-05-13T18:25:12.4321049Z Collecting tqdm
2021-05-13T18:25:12.4485373Z   Downloading tqdm-4.60.0-py2.py3-none-any.whl (75 kB)
2021-05-13T18:25:12.4918894Z Collecting six
2021-05-13T18:25:12.5055746Z   Downloading six-1.16.0-py2.py3-none-any.whl (11 kB)
2021-05-13T18:25:12.6103795Z Collecting importlib-metadata>=3.6
2021-05-13T18:25:12.6287498Z   Downloading importlib_metadata-4.0.1-py3-none-any.whl (16 kB)
2021-05-13T18:25:12.6569331Z Collecting jeepney>=0.4.2
2021-05-13T18:25:12.6715954Z   Downloading jeepney-0.6.0-py3-none-any.whl (45 kB)
2021-05-13T18:25:12.7031736Z Collecting SecretStorage>=3.2
2021-05-13T18:25:12.7177201Z   Downloading SecretStorage-3.3.1-py3-none-any.whl (15 kB)
2021-05-13T18:25:12.7871609Z Collecting zipp>=0.5
2021-05-13T18:25:12.8012341Z   Downloading zipp-3.4.1-py3-none-any.whl (5.2 kB)
2021-05-13T18:25:12.8488861Z Collecting typing-extensions>=3.7.4.3
2021-05-13T18:25:12.8631070Z   Downloading typing_extensions-3.10.0.0-py3-none-any.whl (26 kB)
2021-05-13T18:25:12.9489666Z Collecting pynacl>=1.4.0
2021-05-13T18:25:12.9612850Z   Downloading PyNaCl-1.4.0-cp35-abi3-manylinux1_x86_64.whl (961 kB)
2021-05-13T18:25:13.0308889Z Collecting pyjwt>=2.0
2021-05-13T18:25:13.0445168Z   Downloading PyJWT-2.1.0-py3-none-any.whl (16 kB)
2021-05-13T18:25:13.1015053Z Collecting deprecated
2021-05-13T18:25:13.1155435Z   Downloading Deprecated-1.2.12-py2.py3-none-any.whl (9.5 kB)
2021-05-13T18:25:13.5012824Z Collecting cffi>=1.4.1
2021-05-13T18:25:13.5165337Z   Downloading cffi-1.14.5-cp38-cp38-manylinux1_x86_64.whl (411 kB)
2021-05-13T18:25:13.5527567Z Collecting pycparser
2021-05-13T18:25:13.5666190Z   Downloading pycparser-2.20-py2.py3-none-any.whl (112 kB)
2021-05-13T18:25:13.6255391Z Collecting idna<3,>=2.5
2021-05-13T18:25:13.6391271Z   Downloading idna-2.10-py2.py3-none-any.whl (58 kB)
2021-05-13T18:25:13.7048620Z Collecting urllib3<1.27,>=1.21.1
2021-05-13T18:25:13.7187994Z   Downloading urllib3-1.26.4-py2.py3-none-any.whl (153 kB)
2021-05-13T18:25:13.7606765Z Collecting certifi>=2017.4.17
2021-05-13T18:25:13.7747376Z   Downloading certifi-2020.12.5-py2.py3-none-any.whl (147 kB)
2021-05-13T18:25:14.2516451Z Collecting cryptography>=2.0
2021-05-13T18:25:14.2828029Z   Downloading cryptography-3.4.7-cp36-abi3-manylinux2014_x86_64.whl (3.2 MB)
2021-05-13T18:25:14.4641231Z Collecting future
2021-05-13T18:25:14.4778280Z   Downloading future-0.18.2.tar.gz (829 kB)
2021-05-13T18:25:14.9305434Z Requirement already satisfied: setuptools in /opt/hostedtoolcache/Python/3.8.10/x64/lib/python3.8/site-packages (from humanize->datalad~=0.14->tinuous==0+untagged.1.g178ed81) (56.0.0)
2021-05-13T18:25:15.0529727Z Building wheels for collected packages: tinuous, datalad, wrapt, future, jsmin
2021-05-13T18:25:15.0541547Z   Building wheel for tinuous (PEP 517): started
2021-05-13T18:25:15.3940414Z   Building wheel for tinuous (PEP 517): finished with status 'done'
2021-05-13T18:25:15.3958146Z   Created wheel for tinuous: filename=tinuous-0+untagged.1.g178ed81-py3-none-any.whl size=14947 sha256=ccd38de120ad9cdf4c82856eaf9e49ce5fcb2a22338526614bbb925e3691ddc2
2021-05-13T18:25:15.3962305Z   Stored in directory: /tmp/pip-ephem-wheel-cache-mu3x1yza/wheels/c3/66/fd/aa40fe57fc56b6eafce6be9c19ebd0e1315c64984fda7c47af
2021-05-13T18:25:15.3994205Z   Building wheel for datalad (PEP 517): started
2021-05-13T18:25:16.2870882Z   Building wheel for datalad (PEP 517): finished with status 'done'
2021-05-13T18:25:16.2942475Z   Created wheel for datalad: filename=datalad-0.14.4-py3-none-any.whl size=1609958 sha256=d2313dbb5aad0f737fdece9278367cf52f62f5f505d088eefafd21f1a99aeaca
2021-05-13T18:25:16.2946976Z   Stored in directory: /home/runner/.cache/pip/wheels/34/c1/81/3bb458a421d4285e47451d1e18d29134133d1a64a24c38e78f
2021-05-13T18:25:16.3013642Z   Building wheel for wrapt (setup.py): started
2021-05-13T18:25:17.8388152Z   Building wheel for wrapt (setup.py): finished with status 'done'
2021-05-13T18:25:17.8395828Z   Created wheel for wrapt: filename=wrapt-1.12.1-cp38-cp38-linux_x86_64.whl size=81804 sha256=15256f7eed7ff0023622653ac7936d251fa203db4dd98b71e44270193690c62a
2021-05-13T18:25:17.8398099Z   Stored in directory: /home/runner/.cache/pip/wheels/5f/fd/9e/b6cf5890494cb8ef0b5eaff72e5d55a70fb56316007d6dfe73
2021-05-13T18:25:17.8423212Z   Building wheel for future (setup.py): started
2021-05-13T18:25:18.3063867Z   Building wheel for future (setup.py): finished with status 'done'
2021-05-13T18:25:18.3090084Z   Created wheel for future: filename=future-0.18.2-py3-none-any.whl size=491059 sha256=9db6065db84200f8f0f6d0af81bbafeacf1ed954b7724d82fc3f92f26c6bbdf0
2021-05-13T18:25:18.3094695Z   Stored in directory: /home/runner/.cache/pip/wheels/8e/70/28/3d6ccd6e315f65f245da085482a2e1c7d14b90b30f239e2cf4
2021-05-13T18:25:18.3139890Z   Building wheel for jsmin (setup.py): started
2021-05-13T18:25:19.5243618Z   Building wheel for jsmin (setup.py): finished with status 'done'
2021-05-13T18:25:19.5249415Z   Created wheel for jsmin: filename=jsmin-2.2.2-py3-none-any.whl size=13920 sha256=e962ed9b601c9180a8dd7a4d227c820a8cb3ca9ae8ac368c7493b438589e208f
2021-05-13T18:25:19.5251639Z   Stored in directory: /home/runner/.cache/pip/wheels/65/b7/04/fc4b059d177fd88f3ca362ad372a15e364b0c5433121c7b135
2021-05-13T18:25:19.5275344Z Successfully built tinuous datalad wrapt future jsmin
2021-05-13T18:25:19.9155993Z Installing collected packages: pycparser, cffi, zipp, wrapt, urllib3, six, jeepney, idna, cryptography, chardet, certifi, SecretStorage, requests, pynacl, pyjwt, importlib-metadata, future, deprecated, whoosh, typing-extensions, tqdm, simplejson, PyGithub, patool, msgpack, keyrings.alt, keyring, jsmin, iso8601, humanize, fasteners, distro, click, boto, appdirs, annexremote, PyYAML, python-dateutil, pydantic, in-place, datalad, click-loglevel, tinuous
2021-05-13T18:25:24.2015958Z Successfully installed PyGithub-1.55 PyYAML-5.4.1 SecretStorage-3.3.1 annexremote-1.5.0 appdirs-1.4.4 boto-2.49.0 certifi-2020.12.5 cffi-1.14.5 chardet-4.0.0 click-7.1.2 click-loglevel-0.3.0 cryptography-3.4.7 datalad-0.14.4 deprecated-1.2.12 distro-1.5.0 fasteners-0.16 future-0.18.2 humanize-3.5.0 idna-2.10 importlib-metadata-4.0.1 in-place-0.5.0 iso8601-0.1.14 jeepney-0.6.0 jsmin-2.2.2 keyring-23.0.1 keyrings.alt-4.0.2 msgpack-1.0.2 patool-1.12 pycparser-2.20 pydantic-1.8.2 pyjwt-2.1.0 pynacl-1.4.0 python-dateutil-2.8.1 requests-2.25.1 simplejson-3.17.2 six-1.16.0 tinuous-0+untagged.1.g178ed81 tqdm-4.60.0 typing-extensions-3.10.0.0 urllib3-1.26.4 whoosh-2.7.4 wrapt-1.12.1 zipp-3.4.1
2021-05-13T18:25:24.3455679Z ##[group]Run tinuous --help
2021-05-13T18:25:24.3456294Z [36;1mtinuous --help[0m
2021-05-13T18:25:24.3500205Z shell: /usr/bin/bash -e {0}
2021-05-13T18:25:24.3500644Z env:
2021-05-13T18:25:24.3501249Z   pythonLocation: /opt/hostedtoolcache/Python/3.8.10/x64
2021-05-13T18:25:24.3502162Z   LD_LIBRARY_PATH: /opt/hostedtoolcache/Python/3.8.10/x64/lib
2021-05-13T18:25:24.3502874Z ##[endgroup]
2021-05-13T18:25:24.4911407Z It is highly recommended to configure Git before using DataLad. Set both 'user.name' and 'user.email' configuration variables.
2021-05-13T18:25:24.4913506Z It is highly recommended to configure Git before using DataLad. Set both 'user.name' and 'user.email' configuration variables.
2021-05-13T18:25:25.3296460Z Usage: tinuous [OPTIONS] COMMAND [ARGS]...
2021-05-13T18:25:25.3297319Z 
2021-05-13T18:25:25.3298509Z   Download build logs from GitHub Actions, Travis, and Appveyor
2021-05-13T18:25:25.3299057Z 
2021-05-13T18:25:25.3299444Z Options:
2021-05-13T18:25:25.3300847Z   -c, --config FILE               Read configuration from the given file
2021-05-13T18:25:25.3301644Z                                   [default: config.yml]
2021-05-13T18:25:25.3302019Z 
2021-05-13T18:25:25.3302793Z   -l, --log-level [NOTSET|DEBUG|INFO|WARNING|ERROR|CRITICAL]
2021-05-13T18:25:25.3303562Z                                   Set logging level  [default: INFO]
2021-05-13T18:25:25.3304354Z   --help                          Show this message and exit.
2021-05-13T18:25:25.3304760Z 
2021-05-13T18:25:25.3305200Z Commands:
2021-05-13T18:25:25.3305672Z   fetch     Download logs
2021-05-13T18:25:25.3306285Z   sanitize  Sanitize secrets in logs
2021-05-13T18:25:25.3947917Z ##[group]Run python -m pip install mypy
2021-05-13T18:25:25.3948740Z [36;1mpython -m pip install mypy[0m
2021-05-13T18:25:25.4007181Z shell: /usr/bin/bash -e {0}
2021-05-13T18:25:25.4007950Z env:
2021-05-13T18:25:25.4008686Z   pythonLocation: /opt/hostedtoolcache/Python/3.8.10/x64
2021-05-13T18:25:25.4009682Z   LD_LIBRARY_PATH: /opt/hostedtoolcache/Python/3.8.10/x64/lib
2021-05-13T18:25:25.4011421Z ##[endgroup]
2021-05-13T18:25:25.9692282Z Collecting mypy
2021-05-13T18:25:26.0283353Z   Downloading mypy-0.812-cp38-cp38-manylinux2010_x86_64.whl (22.5 MB)
2021-05-13T18:25:26.9306805Z Requirement already satisfied: typing-extensions>=3.7.4 in /opt/hostedtoolcache/Python/3.8.10/x64/lib/python3.8/site-packages (from mypy) (3.10.0.0)
2021-05-13T18:25:26.9498700Z Collecting mypy-extensions<0.5.0,>=0.4.3
2021-05-13T18:25:26.9633918Z   Downloading mypy_extensions-0.4.3-py2.py3-none-any.whl (4.5 kB)
2021-05-13T18:25:27.0965048Z Collecting typed-ast<1.5.0,>=1.4.0
2021-05-13T18:25:27.1115917Z   Downloading typed_ast-1.4.3-cp38-cp38-manylinux1_x86_64.whl (774 kB)
2021-05-13T18:25:27.4832929Z Installing collected packages: typed-ast, mypy-extensions, mypy
2021-05-13T18:25:29.0541015Z Successfully installed mypy-0.812 mypy-extensions-0.4.3 typed-ast-1.4.3
2021-05-13T18:25:29.1186321Z ##[group]Run mypy src
2021-05-13T18:25:29.1186826Z [36;1mmypy src[0m
2021-05-13T18:25:29.1227526Z shell: /usr/bin/bash -e {0}
2021-05-13T18:25:29.1227960Z env:
2021-05-13T18:25:29.1228538Z   pythonLocation: /opt/hostedtoolcache/Python/3.8.10/x64
2021-05-13T18:25:29.1229342Z   LD_LIBRARY_PATH: /opt/hostedtoolcache/Python/3.8.10/x64/lib
2021-05-13T18:25:29.1229935Z ##[endgroup]
2021-05-13T18:25:33.1782389Z Success: no issues found in 2 source files
2021-05-13T18:25:33.4887494Z Post job cleanup.
2021-05-13T18:25:33.5874211Z [command]/usr/bin/git version
2021-05-13T18:25:33.5943549Z git version 2.31.1
2021-05-13T18:25:33.5979550Z [command]/usr/bin/git config --local --name-only --get-regexp core\.sshCommand
2021-05-13T18:25:33.6023951Z [command]/usr/bin/git submodule foreach --recursive git config --local --name-only --get-regexp 'core\.sshCommand' && git config --local --unset-all 'core.sshCommand' || :
2021-05-13T18:25:33.6287504Z [command]/usr/bin/git config --local --name-only --get-regexp http\.https\:\/\/github\.com\/\.extraheader
2021-05-13T18:25:33.6323691Z http.https://github.com/.extraheader
2021-05-13T18:25:33.6334273Z [command]/usr/bin/git config --local --unset-all http.https://github.com/.extraheader
2021-05-13T18:25:33.6375065Z [command]/usr/bin/git submodule foreach --recursive git config --local --name-only --get-regexp 'http\.https\:\/\/github\.com\/\.extraheader' && git config --local --unset-all 'http.https://github.com/.extraheader' || :
2021-05-13T18:25:33.6685751Z Cleaning up orphan processes
