2025-07-24T20:53:49.1506225Z Current runner version: '2.326.0'
2025-07-24T20:53:49.1530956Z ##[group]Runner Image Provisioner
2025-07-24T20:53:49.1531862Z Hosted Compute Agent
2025-07-24T20:53:49.1532907Z Version: 20250711.363
2025-07-24T20:53:49.1533578Z Commit: 6785254374ce925a23743850c1cb91912ce5c14c
2025-07-24T20:53:49.1534220Z Build Date: 2025-07-11T20:04:25Z
2025-07-24T20:53:49.1534868Z ##[endgroup]
2025-07-24T20:53:49.1535412Z ##[group]Operating System
2025-07-24T20:53:49.1535990Z Ubuntu
2025-07-24T20:53:49.1536523Z 24.04.2
2025-07-24T20:53:49.1536957Z LTS
2025-07-24T20:53:49.1537415Z ##[endgroup]
2025-07-24T20:53:49.1537853Z ##[group]Runner Image
2025-07-24T20:53:49.1538494Z Image: ubuntu-24.04
2025-07-24T20:53:49.1539001Z Version: 20250720.1.0
2025-07-24T20:53:49.1540089Z Included Software: https://github.com/actions/runner-images/blob/ubuntu24/20250720.1/images/ubuntu/Ubuntu2404-Readme.md
2025-07-24T20:53:49.1541711Z Image Release: https://github.com/actions/runner-images/releases/tag/ubuntu24%2F20250720.1
2025-07-24T20:53:49.1543144Z ##[endgroup]
2025-07-24T20:53:49.1545648Z ##[group]GITHUB_TOKEN Permissions
2025-07-24T20:53:49.1547987Z Actions: write
2025-07-24T20:53:49.1548602Z Attestations: write
2025-07-24T20:53:49.1549166Z Checks: write
2025-07-24T20:53:49.1549732Z Contents: write
2025-07-24T20:53:49.1550244Z Deployments: write
2025-07-24T20:53:49.1550728Z Discussions: write
2025-07-24T20:53:49.1551340Z Issues: write
2025-07-24T20:53:49.1551828Z Metadata: read
2025-07-24T20:53:49.1552432Z Models: read
2025-07-24T20:53:49.1552984Z Packages: write
2025-07-24T20:53:49.1553477Z Pages: write
2025-07-24T20:53:49.1553934Z PullRequests: write
2025-07-24T20:53:49.1554542Z RepositoryProjects: write
2025-07-24T20:53:49.1555336Z SecurityEvents: write
2025-07-24T20:53:49.1556000Z Statuses: write
2025-07-24T20:53:49.1556585Z ##[endgroup]
2025-07-24T20:53:49.1558632Z Secret source: Actions
2025-07-24T20:53:49.1559383Z Prepare workflow directory
2025-07-24T20:53:49.1891400Z Prepare all required actions
2025-07-24T20:53:49.1929844Z Getting action download info
2025-07-24T20:53:49.6241747Z ##[group]Download immutable action package 'actions/checkout@v4'
2025-07-24T20:53:49.6243062Z Version: 4.2.2
2025-07-24T20:53:49.6244226Z Digest: sha256:ccb2698953eaebd21c7bf6268a94f9c26518a7e38e27e0b83c1fe1ad049819b1
2025-07-24T20:53:49.6245587Z Source commit SHA: 11bd71901bbe5b1630ceea73d27597364c9af683
2025-07-24T20:53:49.6246348Z ##[endgroup]
2025-07-24T20:53:49.7113992Z ##[group]Download immutable action package 'actions/setup-python@v5'
2025-07-24T20:53:49.7114888Z Version: 5.6.0
2025-07-24T20:53:49.7115697Z Digest: sha256:0b35a0c11c97499e4e0576589036d450b9f5f9da74b7774225b3614b57324404
2025-07-24T20:53:49.7116767Z Source commit SHA: a26af69be951a213d495a4c3e4e4022e16d87065
2025-07-24T20:53:49.7117519Z ##[endgroup]
2025-07-24T20:53:49.9504546Z Download action repository 'codecov/codecov-action@v5' (SHA:18283e04ce6e62d37312384ff67231eb8fd56d24)
2025-07-24T20:53:50.3128623Z Getting action download info
2025-07-24T20:53:50.4456548Z ##[group]Download immutable action package 'actions/github-script@v7'
2025-07-24T20:53:50.4457812Z Version: 7.0.1
2025-07-24T20:53:50.4458929Z Digest: sha256:bce02966afe3a75123f766b765abe432fac5464b74976015dc06b811ac9054c7
2025-07-24T20:53:50.4460489Z Source commit SHA: 60a0d83039c74a4aee543508d2ffcb1c3799cdea
2025-07-24T20:53:50.4461529Z ##[endgroup]
2025-07-24T20:53:50.6954250Z Complete job name: test (3.9, py)
2025-07-24T20:53:50.7734156Z ##[group]Run actions/checkout@v4
2025-07-24T20:53:50.7735428Z with:
2025-07-24T20:53:50.7736145Z   fetch-depth: 0
2025-07-24T20:53:50.7736923Z   repository: con/tinuous
2025-07-24T20:53:50.7738029Z   token: ***
2025-07-24T20:53:50.7738751Z   ssh-strict: true
2025-07-24T20:53:50.7739510Z   ssh-user: git
2025-07-24T20:53:50.7740279Z   persist-credentials: true
2025-07-24T20:53:50.7741141Z   clean: true
2025-07-24T20:53:50.7741915Z   sparse-checkout-cone-mode: true
2025-07-24T20:53:50.7743085Z   fetch-tags: false
2025-07-24T20:53:50.7743870Z   show-progress: true
2025-07-24T20:53:50.7744658Z   lfs: false
2025-07-24T20:53:50.7745632Z   submodules: false
2025-07-24T20:53:50.7746422Z   set-safe-directory: true
2025-07-24T20:53:50.7747563Z ##[endgroup]
2025-07-24T20:53:50.8826506Z Syncing repository: con/tinuous
2025-07-24T20:53:50.8828824Z ##[group]Getting Git version info
2025-07-24T20:53:50.8830029Z Working directory is '/home/runner/work/tinuous/tinuous'
2025-07-24T20:53:50.8831809Z [command]/usr/bin/git version
2025-07-24T20:53:50.8861700Z git version 2.50.1
2025-07-24T20:53:50.8888384Z ##[endgroup]
2025-07-24T20:53:50.8903791Z Temporarily overriding HOME='/home/runner/work/_temp/923ee165-f757-4570-bcdb-0d6f9f8c5823' before making global git config changes
2025-07-24T20:53:50.8906709Z Adding repository directory to the temporary git global config as a safe directory
2025-07-24T20:53:50.8909872Z [command]/usr/bin/git config --global --add safe.directory /home/runner/work/tinuous/tinuous
2025-07-24T20:53:50.8943533Z Deleting the contents of '/home/runner/work/tinuous/tinuous'
2025-07-24T20:53:50.8947220Z ##[group]Initializing the repository
2025-07-24T20:53:50.8950920Z [command]/usr/bin/git init /home/runner/work/tinuous/tinuous
2025-07-24T20:53:50.9027316Z hint: Using 'master' as the name for the initial branch. This default branch name
2025-07-24T20:53:50.9030352Z hint: is subject to change. To configure the initial branch name to use in all
2025-07-24T20:53:50.9032330Z hint: of your new repositories, which will suppress this warning, call:
2025-07-24T20:53:50.9033592Z hint:
2025-07-24T20:53:50.9034526Z hint: 	git config --global init.defaultBranch <name>
2025-07-24T20:53:50.9036043Z hint:
2025-07-24T20:53:50.9037078Z hint: Names commonly chosen instead of 'master' are 'main', 'trunk' and
2025-07-24T20:53:50.9038726Z hint: 'development'. The just-created branch can be renamed via this command:
2025-07-24T20:53:50.9040484Z hint:
2025-07-24T20:53:50.9041204Z hint: 	git branch -m <name>
2025-07-24T20:53:50.9042224Z hint:
2025-07-24T20:53:50.9043354Z hint: Disable this message with "git config set advice.defaultBranchName false"
2025-07-24T20:53:50.9045110Z Initialized empty Git repository in /home/runner/work/tinuous/tinuous/.git/
2025-07-24T20:53:50.9047861Z [command]/usr/bin/git remote add origin https://github.com/con/tinuous
2025-07-24T20:53:50.9075277Z ##[endgroup]
2025-07-24T20:53:50.9076581Z ##[group]Disabling automatic garbage collection
2025-07-24T20:53:50.9078670Z [command]/usr/bin/git config --local gc.auto 0
2025-07-24T20:53:50.9107141Z ##[endgroup]
2025-07-24T20:53:50.9108374Z ##[group]Setting up auth
2025-07-24T20:53:50.9113587Z [command]/usr/bin/git config --local --name-only --get-regexp core\.sshCommand
2025-07-24T20:53:50.9143074Z [command]/usr/bin/git submodule foreach --recursive sh -c "git config --local --name-only --get-regexp 'core\.sshCommand' && git config --local --unset-all 'core.sshCommand' || :"
2025-07-24T20:53:50.9409841Z [command]/usr/bin/git config --local --name-only --get-regexp http\.https\:\/\/github\.com\/\.extraheader
2025-07-24T20:53:50.9439355Z [command]/usr/bin/git submodule foreach --recursive sh -c "git config --local --name-only --get-regexp 'http\.https\:\/\/github\.com\/\.extraheader' && git config --local --unset-all 'http.https://github.com/.extraheader' || :"
2025-07-24T20:53:50.9656569Z [command]/usr/bin/git config --local http.https://github.com/.extraheader AUTHORIZATION: basic ***
2025-07-24T20:53:50.9700679Z ##[endgroup]
2025-07-24T20:53:50.9703654Z ##[group]Fetching the repository
2025-07-24T20:53:50.9714933Z [command]/usr/bin/git -c protocol.version=2 fetch --prune --no-recurse-submodules origin +refs/heads/*:refs/remotes/origin/* +refs/tags/*:refs/tags/* +5dbf65acc273c53dc8b2acf83adc4d1714a9dae2:refs/remotes/pull/211/merge
2025-07-24T20:53:51.3251236Z From https://github.com/con/tinuous
2025-07-24T20:53:51.3255382Z  * [new branch]      bf-circleci                              -> origin/bf-circleci
2025-07-24T20:53:51.3257986Z  * [new branch]      gh-55                                    -> origin/gh-55
2025-07-24T20:53:51.3260280Z  * [new branch]      master                                   -> origin/master
2025-07-24T20:53:51.3263318Z  * [new branch]      no-extra-search                          -> origin/no-extra-search
2025-07-24T20:53:51.3265910Z  * [new branch]      pragmata                                 -> origin/pragmata
2025-07-24T20:53:51.3268478Z  * [new branch]      test-appveyor                            -> origin/test-appveyor
2025-07-24T20:53:51.3270792Z  * [new tag]         0.1.0                                    -> 0.1.0
2025-07-24T20:53:51.3272897Z  * [new tag]         0.2.0                                    -> 0.2.0
2025-07-24T20:53:51.3274869Z  * [new tag]         0.3.0                                    -> 0.3.0
2025-07-24T20:53:51.3276828Z  * [new tag]         0.4.0                                    -> 0.4.0
2025-07-24T20:53:51.3278744Z  * [new tag]         0.5.0                                    -> 0.5.0
2025-07-24T20:53:51.3280677Z  * [new tag]         0.5.1                                    -> 0.5.1
2025-07-24T20:53:51.3283025Z  * [new tag]         0.5.2                                    -> 0.5.2
2025-07-24T20:53:51.3284280Z  * [new tag]         0.5.3                                    -> 0.5.3
2025-07-24T20:53:51.3285480Z  * [new tag]         0.5.4                                    -> 0.5.4
2025-07-24T20:53:51.3286682Z  * [new tag]         0.6.0                                    -> 0.6.0
2025-07-24T20:53:51.3287872Z  * [new tag]         0.6.1                                    -> 0.6.1
2025-07-24T20:53:51.3289063Z  * [new tag]         0.7.0                                    -> 0.7.0
2025-07-24T20:53:51.3290432Z  * [new ref]         5dbf65acc273c53dc8b2acf83adc4d1714a9dae2 -> pull/211/merge
2025-07-24T20:53:51.3315446Z ##[endgroup]
2025-07-24T20:53:51.3317595Z ##[group]Determining the checkout info
2025-07-24T20:53:51.3320025Z ##[endgroup]
2025-07-24T20:53:51.3323358Z [command]/usr/bin/git sparse-checkout disable
2025-07-24T20:53:51.3361938Z [command]/usr/bin/git config --local --unset-all extensions.worktreeConfig
2025-07-24T20:53:51.3391478Z ##[group]Checking out the ref
2025-07-24T20:53:51.3394973Z [command]/usr/bin/git checkout --progress --force refs/remotes/pull/211/merge
2025-07-24T20:53:51.3445168Z Note: switching to 'refs/remotes/pull/211/merge'.
2025-07-24T20:53:51.3446482Z 
2025-07-24T20:53:51.3447517Z You are in 'detached HEAD' state. You can look around, make experimental
2025-07-24T20:53:51.3449572Z changes and commit them, and you can discard any commits you make in this
2025-07-24T20:53:51.3451168Z state without impacting any branches by switching back to a branch.
2025-07-24T20:53:51.3452765Z 
2025-07-24T20:53:51.3453479Z If you want to create a new branch to retain commits you create, you may
2025-07-24T20:53:51.3454931Z do so (now or later) by using -c with the switch command. Example:
2025-07-24T20:53:51.3455751Z 
2025-07-24T20:53:51.3456114Z   git switch -c <new-branch-name>
2025-07-24T20:53:51.3456688Z 
2025-07-24T20:53:51.3457196Z Or undo this operation with:
2025-07-24T20:53:51.3457769Z 
2025-07-24T20:53:51.3458106Z   git switch -
2025-07-24T20:53:51.3458526Z 
2025-07-24T20:53:51.3459218Z Turn off this advice by setting config variable advice.detachedHead to false
2025-07-24T20:53:51.3460192Z 
2025-07-24T20:53:51.3461297Z HEAD is now at 5dbf65a Merge 11245bdc470bab96de6c4828fc76f1273796cc81 into fe72f741cc1eb180020d3122eaff7b8c0fc3efab
2025-07-24T20:53:51.3464735Z ##[endgroup]
2025-07-24T20:53:51.3490326Z [command]/usr/bin/git log -1 --format=%H
2025-07-24T20:53:51.3512236Z 5dbf65acc273c53dc8b2acf83adc4d1714a9dae2
2025-07-24T20:53:51.3783907Z ##[group]Run actions/setup-python@v5
2025-07-24T20:53:51.3784874Z with:
2025-07-24T20:53:51.3785524Z   python-version: 3.9
2025-07-24T20:53:51.3786289Z   check-latest: false
2025-07-24T20:53:51.3787264Z   token: ***
2025-07-24T20:53:51.3787959Z   update-environment: true
2025-07-24T20:53:51.3788786Z   allow-prereleases: false
2025-07-24T20:53:51.3789618Z   freethreaded: false
2025-07-24T20:53:51.3790369Z ##[endgroup]
2025-07-24T20:53:51.5513073Z ##[group]Installed versions
2025-07-24T20:53:51.5608803Z Successfully set up CPython (3.9.23)
2025-07-24T20:53:51.5611500Z ##[endgroup]
2025-07-24T20:53:51.5753528Z ##[group]Run python -m pip install --upgrade pip wheel
2025-07-24T20:53:51.5754900Z [36;1mpython -m pip install --upgrade pip wheel[0m
2025-07-24T20:53:51.5756294Z [36;1mpython -m pip install --upgrade --upgrade-strategy=eager tox[0m
2025-07-24T20:53:51.5796003Z shell: /usr/bin/bash -e {0}
2025-07-24T20:53:51.5796878Z env:
2025-07-24T20:53:51.5797774Z   pythonLocation: /opt/hostedtoolcache/Python/3.9.23/x64
2025-07-24T20:53:51.5799252Z   PKG_CONFIG_PATH: /opt/hostedtoolcache/Python/3.9.23/x64/lib/pkgconfig
2025-07-24T20:53:51.5800687Z   Python_ROOT_DIR: /opt/hostedtoolcache/Python/3.9.23/x64
2025-07-24T20:53:51.5802186Z   Python2_ROOT_DIR: /opt/hostedtoolcache/Python/3.9.23/x64
2025-07-24T20:53:51.5803514Z   Python3_ROOT_DIR: /opt/hostedtoolcache/Python/3.9.23/x64
2025-07-24T20:53:51.5804847Z   LD_LIBRARY_PATH: /opt/hostedtoolcache/Python/3.9.23/x64/lib
2025-07-24T20:53:51.5806003Z ##[endgroup]
2025-07-24T20:53:52.1343099Z Requirement already satisfied: pip in /opt/hostedtoolcache/Python/3.9.23/x64/lib/python3.9/site-packages (25.1.1)
2025-07-24T20:53:52.2124378Z Collecting wheel
2025-07-24T20:53:52.2297513Z   Downloading wheel-0.45.1-py3-none-any.whl.metadata (2.3 kB)
2025-07-24T20:53:52.2392524Z Downloading wheel-0.45.1-py3-none-any.whl (72 kB)
2025-07-24T20:53:52.2646060Z Installing collected packages: wheel
2025-07-24T20:53:52.3113203Z Successfully installed wheel-0.45.1
2025-07-24T20:53:52.8364086Z Collecting tox
2025-07-24T20:53:52.8481215Z   Downloading tox-4.28.1-py3-none-any.whl.metadata (3.6 kB)
2025-07-24T20:53:52.8707581Z Collecting cachetools>=6.1 (from tox)
2025-07-24T20:53:52.8752710Z   Downloading cachetools-6.1.0-py3-none-any.whl.metadata (5.4 kB)
2025-07-24T20:53:52.8896966Z Collecting chardet>=5.2 (from tox)
2025-07-24T20:53:52.8945784Z   Downloading chardet-5.2.0-py3-none-any.whl.metadata (3.4 kB)
2025-07-24T20:53:52.9126056Z Collecting colorama>=0.4.6 (from tox)
2025-07-24T20:53:52.9176949Z   Downloading colorama-0.4.6-py2.py3-none-any.whl.metadata (17 kB)
2025-07-24T20:53:52.9391289Z Collecting filelock>=3.18 (from tox)
2025-07-24T20:53:52.9437391Z   Downloading filelock-3.18.0-py3-none-any.whl.metadata (2.9 kB)
2025-07-24T20:53:52.9653182Z Collecting packaging>=25 (from tox)
2025-07-24T20:53:52.9727208Z   Downloading packaging-25.0-py3-none-any.whl.metadata (3.3 kB)
2025-07-24T20:53:52.9913494Z Collecting platformdirs>=4.3.8 (from tox)
2025-07-24T20:53:52.9960966Z   Downloading platformdirs-4.3.8-py3-none-any.whl.metadata (12 kB)
2025-07-24T20:53:53.0129583Z Collecting pluggy>=1.6 (from tox)
2025-07-24T20:53:53.0172893Z   Downloading pluggy-1.6.0-py3-none-any.whl.metadata (4.8 kB)
2025-07-24T20:53:53.0324077Z Collecting pyproject-api>=1.9.1 (from tox)
2025-07-24T20:53:53.0370950Z   Downloading pyproject_api-1.9.1-py3-none-any.whl.metadata (2.7 kB)
2025-07-24T20:53:53.0561022Z Collecting tomli>=2.2.1 (from tox)
2025-07-24T20:53:53.0605177Z   Downloading tomli-2.2.1-py3-none-any.whl.metadata (10 kB)
2025-07-24T20:53:53.0812506Z Collecting typing-extensions>=4.14.1 (from tox)
2025-07-24T20:53:53.0861306Z   Downloading typing_extensions-4.14.1-py3-none-any.whl.metadata (3.0 kB)
2025-07-24T20:53:53.1342114Z Collecting virtualenv>=20.31.2 (from tox)
2025-07-24T20:53:53.1393100Z   Downloading virtualenv-20.32.0-py3-none-any.whl.metadata (4.5 kB)
2025-07-24T20:53:53.1673616Z Collecting distlib<1,>=0.3.7 (from virtualenv>=20.31.2->tox)
2025-07-24T20:53:53.1716921Z   Downloading distlib-0.4.0-py2.py3-none-any.whl.metadata (5.2 kB)
2025-07-24T20:53:53.1869758Z Downloading tox-4.28.1-py3-none-any.whl (173 kB)
2025-07-24T20:53:53.1981859Z Downloading cachetools-6.1.0-py3-none-any.whl (11 kB)
2025-07-24T20:53:53.2046435Z Downloading chardet-5.2.0-py3-none-any.whl (199 kB)
2025-07-24T20:53:53.2118775Z Downloading colorama-0.4.6-py2.py3-none-any.whl (25 kB)
2025-07-24T20:53:53.2200081Z Downloading filelock-3.18.0-py3-none-any.whl (16 kB)
2025-07-24T20:53:53.2270841Z Downloading packaging-25.0-py3-none-any.whl (66 kB)
2025-07-24T20:53:53.2337553Z Downloading platformdirs-4.3.8-py3-none-any.whl (18 kB)
2025-07-24T20:53:53.2399955Z Downloading pluggy-1.6.0-py3-none-any.whl (20 kB)
2025-07-24T20:53:53.2463740Z Downloading pyproject_api-1.9.1-py3-none-any.whl (13 kB)
2025-07-24T20:53:53.2527846Z Downloading tomli-2.2.1-py3-none-any.whl (14 kB)
2025-07-24T20:53:53.2591395Z Downloading typing_extensions-4.14.1-py3-none-any.whl (43 kB)
2025-07-24T20:53:53.2655092Z Downloading virtualenv-20.32.0-py3-none-any.whl (6.1 MB)
2025-07-24T20:53:53.2967108Z    ━━━━━━━━━━━━━━━━━━━━━━━━━━━━━━━━━━━━━━━━ 6.1/6.1 MB 210.2 MB/s eta 0:00:00
2025-07-24T20:53:53.3014562Z Downloading distlib-0.4.0-py2.py3-none-any.whl (469 kB)
2025-07-24T20:53:53.3534134Z Installing collected packages: distlib, typing-extensions, tomli, pluggy, platformdirs, packaging, filelock, colorama, chardet, cachetools, virtualenv, pyproject-api, tox
2025-07-24T20:53:54.0266345Z 
2025-07-24T20:53:54.0308576Z Successfully installed cachetools-6.1.0 chardet-5.2.0 colorama-0.4.6 distlib-0.4.0 filelock-3.18.0 packaging-25.0 platformdirs-4.3.8 pluggy-1.6.0 pyproject-api-1.9.1 tomli-2.2.1 tox-4.28.1 typing-extensions-4.14.1 virtualenv-20.32.0
2025-07-24T20:53:54.0961337Z ##[group]Run tox -e py -- --cov-report=xml
2025-07-24T20:53:54.0961707Z [36;1mtox -e py -- --cov-report=xml[0m
2025-07-24T20:53:54.0990556Z shell: /usr/bin/bash -e {0}
2025-07-24T20:53:54.0990815Z env:
2025-07-24T20:53:54.0991066Z   pythonLocation: /opt/hostedtoolcache/Python/3.9.23/x64
2025-07-24T20:53:54.0991471Z   PKG_CONFIG_PATH: /opt/hostedtoolcache/Python/3.9.23/x64/lib/pkgconfig
2025-07-24T20:53:54.0991861Z   Python_ROOT_DIR: /opt/hostedtoolcache/Python/3.9.23/x64
2025-07-24T20:53:54.0992382Z   Python2_ROOT_DIR: /opt/hostedtoolcache/Python/3.9.23/x64
2025-07-24T20:53:54.0992727Z   Python3_ROOT_DIR: /opt/hostedtoolcache/Python/3.9.23/x64
2025-07-24T20:53:54.0993076Z   LD_LIBRARY_PATH: /opt/hostedtoolcache/Python/3.9.23/x64/lib
2025-07-24T20:53:54.0993375Z ##[endgroup]
2025-07-24T20:53:55.2018953Z py: install_deps> python -I -m pip install pytest pytest-cov pytest-mock
2025-07-24T20:53:58.1211125Z .pkg: install_requires> python -I -m pip install 'setuptools>=46.4.0' versioningit
2025-07-24T20:53:59.3315575Z .pkg: _optional_hooks> python /opt/hostedtoolcache/Python/3.9.23/x64/lib/python3.9/site-packages/pyproject_api/_backend.py True setuptools.build_meta
2025-07-24T20:53:59.7845420Z .pkg: get_requires_for_build_sdist> python /opt/hostedtoolcache/Python/3.9.23/x64/lib/python3.9/site-packages/pyproject_api/_backend.py True setuptools.build_meta
2025-07-24T20:54:00.0444741Z .pkg: get_requires_for_build_wheel> python /opt/hostedtoolcache/Python/3.9.23/x64/lib/python3.9/site-packages/pyproject_api/_backend.py True setuptools.build_meta
2025-07-24T20:54:00.2784841Z .pkg: freeze> python -m pip freeze --all
2025-07-24T20:54:00.5171025Z .pkg: importlib_metadata==8.7.0,packaging==25.0,pip==25.1.1,setuptools==80.9.0,tomli==2.2.1,versioningit==3.3.0,zipp==3.23.0
2025-07-24T20:54:00.5177441Z .pkg: prepare_metadata_for_build_wheel> python /opt/hostedtoolcache/Python/3.9.23/x64/lib/python3.9/site-packages/pyproject_api/_backend.py True setuptools.build_meta
2025-07-24T20:54:00.7986677Z .pkg: build_sdist> python /opt/hostedtoolcache/Python/3.9.23/x64/lib/python3.9/site-packages/pyproject_api/_backend.py True setuptools.build_meta
2025-07-24T20:54:01.0649056Z py: install_package_deps> python -I -m pip install 'PyYAML>=5.0' 'click-loglevel~=0.2' 'click>=7.0' 'ghtoken~=0.1' 'in_place~=1.0' 'pydantic~=2.0' 'python-dateutil~=2.7' 'python-dotenv<2.0,>=0.11' 'requests~=2.20' 'typing_extensions; python_version < "3.9"'
2025-07-24T20:54:04.5252156Z py: install_package> python -I -m pip install --force-reinstall --no-deps /home/runner/work/tinuous/tinuous/.tox/.tmp/package/1/tinuous-0.7.0.post14+g5dbf65a.tar.gz
2025-07-24T20:54:06.8260578Z py: freeze> python -m pip freeze --all
2025-07-24T20:54:07.0817282Z py: annotated-types==0.7.0,certifi==2025.7.14,charset-normalizer==3.4.2,click==8.1.8,click-loglevel==0.6.1,coverage==7.10.0,exceptiongroup==1.3.0,ghtoken==0.1.2,idna==3.10,in_place==1.0.1,iniconfig==2.1.0,packaging==25.0,pip==25.1.1,pluggy==1.6.0,pydantic==2.11.7,pydantic_core==2.33.2,Pygments==2.19.2,pytest==8.4.1,pytest-cov==6.2.1,pytest-mock==3.14.1,python-dateutil==2.9.0.post0,python-dotenv==1.1.1,PyYAML==6.0.2,requests==2.32.4,ruamel.yaml==0.18.14,ruamel.yaml.clib==0.2.12,setuptools==80.9.0,six==1.17.0,tinuous @ file:///home/runner/work/tinuous/tinuous/.tox/.tmp/package/1/tinuous-0.7.0.post14%2Bg5dbf65a.tar.gz#sha256=b87be30ff0b262afdeebe463c5a73010e3be09eb3257db7163ca51f3a4ba88a9,tomli==2.2.1,typing-inspection==0.4.1,typing_extensions==4.14.1,urllib3==2.5.0
2025-07-24T20:54:07.0823015Z py: commands[0]> tinuous --help
2025-07-24T20:54:07.5161232Z Usage: tinuous [OPTIONS] COMMAND [ARGS]...
2025-07-24T20:54:07.5161933Z 
2025-07-24T20:54:07.5162460Z   Download build logs from GitHub Actions, Travis, Appveyor, and CircleCI
2025-07-24T20:54:07.5162901Z 
2025-07-24T20:54:07.5163016Z Options:
2025-07-24T20:54:07.5163444Z   -V, --version                   Show the version and exit.
2025-07-24T20:54:07.5164006Z   -c, --config FILE               Read configuration from the given file
2025-07-24T20:54:07.5164959Z                                   [default: tinuous.yaml]
2025-07-24T20:54:07.5165537Z   -E, --env FILE                  Load environment variables from given .env
2025-07-24T20:54:07.5166005Z                                   file
2025-07-24T20:54:07.5166443Z   -l, --log-level [NOTSET|DEBUG|INFO|WARNING|ERROR|CRITICAL]
2025-07-24T20:54:07.5166947Z                                   Set logging level  [default: INFO]
2025-07-24T20:54:07.5167431Z   --help                          Show this message and exit.
2025-07-24T20:54:07.5167744Z 
2025-07-24T20:54:07.5167858Z Commands:
2025-07-24T20:54:07.5168126Z   fetch         Download logs
2025-07-24T20:54:07.5168514Z   fetch-commit  Download logs for a specific commit
2025-07-24T20:54:07.5168965Z   sanitize      Sanitize secrets in logs
2025-07-24T20:54:07.5469541Z py: commands[1]> pytest --cov-report=xml test
2025-07-24T20:54:09.0277293Z ============================= test session starts ==============================
2025-07-24T20:54:09.0278156Z platform linux -- Python 3.9.23, pytest-8.4.1, pluggy-1.6.0
2025-07-24T20:54:09.0278581Z cachedir: .tox/py/.pytest_cache
2025-07-24T20:54:09.0278913Z rootdir: /home/runner/work/tinuous/tinuous
2025-07-24T20:54:09.0279231Z configfile: tox.ini
2025-07-24T20:54:09.0279489Z plugins: cov-6.2.1, mock-3.14.1
2025-07-24T20:54:09.0279777Z collected 64 items
2025-07-24T20:54:09.0279925Z 
2025-07-24T20:54:09.0746339Z test/test_base.py .........                                              [ 14%]
2025-07-24T20:54:09.0851745Z test/test_config.py ........                                             [ 26%]
2025-07-24T20:54:09.1043490Z test/test_state.py ........                                              [ 39%]
2025-07-24T20:54:09.4432968Z test/test_util.py .......................................                [100%]
2025-07-24T20:54:09.4434877Z 
2025-07-24T20:54:09.4435163Z ================================ tests coverage ================================
2025-07-24T20:54:09.4435874Z _______________ coverage: platform linux, python 3.9.23-final-0 ________________
2025-07-24T20:54:09.4436384Z 
2025-07-24T20:54:09.4436580Z Coverage XML written to file coverage.xml
2025-07-24T20:54:09.4437099Z ============================== 64 passed in 0.81s ==============================
2025-07-24T20:54:09.5037580Z   py: OK (14.67=setup[12.25]+cmd[0.46,1.95] seconds)
2025-07-24T20:54:09.5038094Z   congratulations :) (14.87 seconds)
2025-07-24T20:54:09.5606272Z ##[group]Run codecov/codecov-action@v5
2025-07-24T20:54:09.5606576Z with:
2025-07-24T20:54:09.5606759Z   fail_ci_if_error: false
2025-07-24T20:54:09.5607298Z   token: ***
2025-07-24T20:54:09.5607491Z   name: 3.9
2025-07-24T20:54:09.5607675Z   disable_file_fixes: false
2025-07-24T20:54:09.5607901Z   disable_search: false
2025-07-24T20:54:09.5608117Z   disable_safe_directory: false
2025-07-24T20:54:09.5608531Z   disable_telem: false
2025-07-24T20:54:09.5608729Z   dry_run: false
2025-07-24T20:54:09.5608908Z   git_service: github
2025-07-24T20:54:09.5609109Z   gcov_executable: gcov
2025-07-24T20:54:09.5609320Z   handle_no_reports_found: false
2025-07-24T20:54:09.5609552Z   recurse_submodules: false
2025-07-24T20:54:09.5609778Z   run_command: upload-coverage
2025-07-24T20:54:09.5610005Z   skip_validation: false
2025-07-24T20:54:09.5610229Z   use_legacy_upload_endpoint: false
2025-07-24T20:54:09.5610467Z   use_oidc: false
2025-07-24T20:54:09.5610657Z   use_pypi: false
2025-07-24T20:54:09.5610875Z   verbose: false
2025-07-24T20:54:09.5611052Z   version: latest
2025-07-24T20:54:09.5611229Z env:
2025-07-24T20:54:09.5611463Z   pythonLocation: /opt/hostedtoolcache/Python/3.9.23/x64
2025-07-24T20:54:09.5611876Z   PKG_CONFIG_PATH: /opt/hostedtoolcache/Python/3.9.23/x64/lib/pkgconfig
2025-07-24T20:54:09.5612428Z   Python_ROOT_DIR: /opt/hostedtoolcache/Python/3.9.23/x64
2025-07-24T20:54:09.5612769Z   Python2_ROOT_DIR: /opt/hostedtoolcache/Python/3.9.23/x64
2025-07-24T20:54:09.5613127Z   Python3_ROOT_DIR: /opt/hostedtoolcache/Python/3.9.23/x64
2025-07-24T20:54:09.5613483Z   LD_LIBRARY_PATH: /opt/hostedtoolcache/Python/3.9.23/x64/lib
2025-07-24T20:54:09.5613784Z ##[endgroup]
2025-07-24T20:54:09.5687061Z ##[group]Run CC_ACTION_VERSION=$(cat ${GITHUB_ACTION_PATH}/src/version)
2025-07-24T20:54:09.5687514Z [36;1mCC_ACTION_VERSION=$(cat ${GITHUB_ACTION_PATH}/src/version)[0m
2025-07-24T20:54:09.5687924Z [36;1mecho -e "\033[0;32m==>\033[0m Running Action version $CC_ACTION_VERSION"[0m
2025-07-24T20:54:09.5717557Z shell: /usr/bin/bash --noprofile --norc -e -o pipefail {0}
2025-07-24T20:54:09.5717885Z env:
2025-07-24T20:54:09.5718135Z   pythonLocation: /opt/hostedtoolcache/Python/3.9.23/x64
2025-07-24T20:54:09.5718540Z   PKG_CONFIG_PATH: /opt/hostedtoolcache/Python/3.9.23/x64/lib/pkgconfig
2025-07-24T20:54:09.5718930Z   Python_ROOT_DIR: /opt/hostedtoolcache/Python/3.9.23/x64
2025-07-24T20:54:09.5719271Z   Python2_ROOT_DIR: /opt/hostedtoolcache/Python/3.9.23/x64
2025-07-24T20:54:09.5719625Z   Python3_ROOT_DIR: /opt/hostedtoolcache/Python/3.9.23/x64
2025-07-24T20:54:09.5719982Z   LD_LIBRARY_PATH: /opt/hostedtoolcache/Python/3.9.23/x64/lib
2025-07-24T20:54:09.5720270Z ##[endgroup]
2025-07-24T20:54:09.5781162Z [0;32m==>[0m Running Action version 5.4.3
2025-07-24T20:54:09.5826133Z ##[group]Run git config --global --add safe.directory "/home/runner/work/tinuous/tinuous"
2025-07-24T20:54:09.5826684Z [36;1mgit config --global --add safe.directory "/home/runner/work/tinuous/tinuous"[0m
2025-07-24T20:54:09.5827160Z [36;1mgit config --global --add safe.directory "$GITHUB_WORKSPACE"[0m
2025-07-24T20:54:09.5853482Z shell: /usr/bin/bash --noprofile --norc -e -o pipefail {0}
2025-07-24T20:54:09.5853798Z env:
2025-07-24T20:54:09.5854055Z   pythonLocation: /opt/hostedtoolcache/Python/3.9.23/x64
2025-07-24T20:54:09.5854446Z   PKG_CONFIG_PATH: /opt/hostedtoolcache/Python/3.9.23/x64/lib/pkgconfig
2025-07-24T20:54:09.5854847Z   Python_ROOT_DIR: /opt/hostedtoolcache/Python/3.9.23/x64
2025-07-24T20:54:09.5855201Z   Python2_ROOT_DIR: /opt/hostedtoolcache/Python/3.9.23/x64
2025-07-24T20:54:09.5855543Z   Python3_ROOT_DIR: /opt/hostedtoolcache/Python/3.9.23/x64
2025-07-24T20:54:09.5855906Z   LD_LIBRARY_PATH: /opt/hostedtoolcache/Python/3.9.23/x64/lib
2025-07-24T20:54:09.5856236Z ##[endgroup]
2025-07-24T20:54:09.5953852Z ##[group]Run CC_FORK="false"
2025-07-24T20:54:09.5954109Z [36;1mCC_FORK="false"[0m
2025-07-24T20:54:09.5954787Z [36;1mif [ -n "$GITHUB_EVENT_PULL_REQUEST_HEAD_REPO_FULL_NAME" ] && [ "$GITHUB_EVENT_PULL_REQUEST_HEAD_REPO_FULL_NAME" != "$GITHUB_REPOSITORY" ];[0m
2025-07-24T20:54:09.5955302Z [36;1mthen[0m
2025-07-24T20:54:09.5955604Z [36;1m  echo -e "\033[0;32m==>\033[0m Fork detected"[0m
2025-07-24T20:54:09.5955921Z [36;1m  CC_FORK="true"[0m
2025-07-24T20:54:09.5956125Z [36;1mfi[0m
2025-07-24T20:54:09.5956332Z [36;1mecho "CC_FORK=$CC_FORK" >> "$GITHUB_ENV"[0m
2025-07-24T20:54:09.5982118Z shell: /usr/bin/bash --noprofile --norc -e -o pipefail {0}
2025-07-24T20:54:09.5982636Z env:
2025-07-24T20:54:09.5982875Z   pythonLocation: /opt/hostedtoolcache/Python/3.9.23/x64
2025-07-24T20:54:09.5983270Z   PKG_CONFIG_PATH: /opt/hostedtoolcache/Python/3.9.23/x64/lib/pkgconfig
2025-07-24T20:54:09.5983651Z   Python_ROOT_DIR: /opt/hostedtoolcache/Python/3.9.23/x64
2025-07-24T20:54:09.5983986Z   Python2_ROOT_DIR: /opt/hostedtoolcache/Python/3.9.23/x64
2025-07-24T20:54:09.5984325Z   Python3_ROOT_DIR: /opt/hostedtoolcache/Python/3.9.23/x64
2025-07-24T20:54:09.5984667Z   LD_LIBRARY_PATH: /opt/hostedtoolcache/Python/3.9.23/x64/lib
2025-07-24T20:54:09.5985014Z   GITHUB_EVENT_PULL_REQUEST_HEAD_LABEL: con:bf-circleci
2025-07-24T20:54:09.5985356Z   GITHUB_EVENT_PULL_REQUEST_HEAD_REPO_FULL_NAME: con/tinuous
2025-07-24T20:54:09.5985664Z   GITHUB_REPOSITORY: con/tinuous
2025-07-24T20:54:09.5985898Z ##[endgroup]
2025-07-24T20:54:09.6084887Z ##[group]Run actions/github-script@v7
2025-07-24T20:54:09.6085140Z with:
2025-07-24T20:54:09.6085655Z   script: if (process.env.CC_USE_OIDC === 'true' && process.env.CC_FORK != 'true') {
  const id_token = await core.getIDToken(process.env.CC_OIDC_AUDIENCE)
  return id_token
}

2025-07-24T20:54:09.6086380Z   github-token: ***
2025-07-24T20:54:09.6086581Z   debug: false
2025-07-24T20:54:09.6086787Z   user-agent: actions/github-script
2025-07-24T20:54:09.6087040Z   result-encoding: json
2025-07-24T20:54:09.6087235Z   retries: 0
2025-07-24T20:54:09.6087451Z   retry-exempt-status-codes: 400,401,403,404,422
2025-07-24T20:54:09.6087711Z env:
2025-07-24T20:54:09.6087957Z   pythonLocation: /opt/hostedtoolcache/Python/3.9.23/x64
2025-07-24T20:54:09.6088371Z   PKG_CONFIG_PATH: /opt/hostedtoolcache/Python/3.9.23/x64/lib/pkgconfig
2025-07-24T20:54:09.6088763Z   Python_ROOT_DIR: /opt/hostedtoolcache/Python/3.9.23/x64
2025-07-24T20:54:09.6089110Z   Python2_ROOT_DIR: /opt/hostedtoolcache/Python/3.9.23/x64
2025-07-24T20:54:09.6089462Z   Python3_ROOT_DIR: /opt/hostedtoolcache/Python/3.9.23/x64
2025-07-24T20:54:09.6089808Z   LD_LIBRARY_PATH: /opt/hostedtoolcache/Python/3.9.23/x64/lib
2025-07-24T20:54:09.6090113Z   CC_FORK: false
2025-07-24T20:54:09.6090330Z   CC_OIDC_AUDIENCE: https://codecov.io
2025-07-24T20:54:09.6090584Z   CC_USE_OIDC: false
2025-07-24T20:54:09.6090783Z ##[endgroup]
2025-07-24T20:54:09.7039433Z ##[group]Run if [ "false" == 'true' ] && [ "$CC_FORK" != 'true' ];
2025-07-24T20:54:09.7039845Z [36;1mif [ "false" == 'true' ] && [ "$CC_FORK" != 'true' ];[0m
2025-07-24T20:54:09.7040131Z [36;1mthen[0m
2025-07-24T20:54:09.7040370Z [36;1m  echo "CC_TOKEN=$CC_OIDC_TOKEN" >> "$GITHUB_ENV"[0m
2025-07-24T20:54:09.7040676Z [36;1melif [ -n "" ];[0m
2025-07-24T20:54:09.7040887Z [36;1mthen[0m
2025-07-24T20:54:09.7041113Z [36;1m  echo -e "\033[0;32m==>\033[0m Token set from env"[0m
2025-07-24T20:54:09.7041414Z [36;1m    echo "CC_TOKEN=" >> "$GITHUB_ENV"[0m
2025-07-24T20:54:09.7041662Z [36;1melse[0m
2025-07-24T20:54:09.7041958Z [36;1m  if [ -n "***" ];[0m
2025-07-24T20:54:09.7042484Z [36;1m  then[0m
2025-07-24T20:54:09.7042729Z [36;1m    echo -e "\033[0;32m==>\033[0m Token set from input"[0m
2025-07-24T20:54:09.7043165Z [36;1m    CC_TOKEN=$(echo "***" | tr -d '\n')[0m
2025-07-24T20:54:09.7043466Z [36;1m    echo "CC_TOKEN=$CC_TOKEN" >> "$GITHUB_ENV"[0m
2025-07-24T20:54:09.7043727Z [36;1m  fi[0m
2025-07-24T20:54:09.7043898Z [36;1mfi[0m
2025-07-24T20:54:09.7072330Z shell: /usr/bin/bash --noprofile --norc -e -o pipefail {0}
2025-07-24T20:54:09.7072665Z env:
2025-07-24T20:54:09.7072916Z   pythonLocation: /opt/hostedtoolcache/Python/3.9.23/x64
2025-07-24T20:54:09.7073487Z   PKG_CONFIG_PATH: /opt/hostedtoolcache/Python/3.9.23/x64/lib/pkgconfig
2025-07-24T20:54:09.7073889Z   Python_ROOT_DIR: /opt/hostedtoolcache/Python/3.9.23/x64
2025-07-24T20:54:09.7074230Z   Python2_ROOT_DIR: /opt/hostedtoolcache/Python/3.9.23/x64
2025-07-24T20:54:09.7074575Z   Python3_ROOT_DIR: /opt/hostedtoolcache/Python/3.9.23/x64
2025-07-24T20:54:09.7074931Z   LD_LIBRARY_PATH: /opt/hostedtoolcache/Python/3.9.23/x64/lib
2025-07-24T20:54:09.7075224Z   CC_FORK: false
2025-07-24T20:54:09.7075545Z   CC_OIDC_TOKEN: 
2025-07-24T20:54:09.7075758Z   CC_OIDC_AUDIENCE: https://codecov.io
2025-07-24T20:54:09.7076013Z ##[endgroup]
2025-07-24T20:54:09.7125237Z [0;32m==>[0m Token set from input
2025-07-24T20:54:09.7164498Z ##[group]Run if [ -z "$CC_BRANCH" ] && [ -z "$CC_TOKEN" ] && [ "$CC_FORK" == 'true' ]
2025-07-24T20:54:09.7164955Z [36;1mif [ -z "$CC_BRANCH" ] && [ -z "$CC_TOKEN" ] && [ "$CC_FORK" == 'true' ][0m
2025-07-24T20:54:09.7165279Z [36;1mthen[0m
2025-07-24T20:54:09.7165651Z [36;1m  echo -e "\033[0;32m==>\033[0m Fork detected, setting branch to $GITHUB_EVENT_PULL_REQUEST_HEAD_LABEL"[0m
2025-07-24T20:54:09.7166126Z [36;1m  TOKENLESS="$GITHUB_EVENT_PULL_REQUEST_HEAD_LABEL"[0m
2025-07-24T20:54:09.7166465Z [36;1m  CC_BRANCH="$GITHUB_EVENT_PULL_REQUEST_HEAD_LABEL"[0m
2025-07-24T20:54:09.7166789Z [36;1m  echo "TOKENLESS=$TOKENLESS" >> "$GITHUB_ENV"[0m
2025-07-24T20:54:09.7167059Z [36;1mfi[0m
2025-07-24T20:54:09.7167226Z [36;1m[0m
2025-07-24T20:54:09.7167439Z [36;1mecho "CC_BRANCH=$CC_BRANCH" >> "$GITHUB_ENV"[0m
2025-07-24T20:54:09.7194298Z shell: /usr/bin/bash --noprofile --norc -e -o pipefail {0}
2025-07-24T20:54:09.7194626Z env:
2025-07-24T20:54:09.7194874Z   pythonLocation: /opt/hostedtoolcache/Python/3.9.23/x64
2025-07-24T20:54:09.7195280Z   PKG_CONFIG_PATH: /opt/hostedtoolcache/Python/3.9.23/x64/lib/pkgconfig
2025-07-24T20:54:09.7195701Z   Python_ROOT_DIR: /opt/hostedtoolcache/Python/3.9.23/x64
2025-07-24T20:54:09.7196053Z   Python2_ROOT_DIR: /opt/hostedtoolcache/Python/3.9.23/x64
2025-07-24T20:54:09.7196414Z   Python3_ROOT_DIR: /opt/hostedtoolcache/Python/3.9.23/x64
2025-07-24T20:54:09.7196773Z   LD_LIBRARY_PATH: /opt/hostedtoolcache/Python/3.9.23/x64/lib
2025-07-24T20:54:09.7197070Z   CC_FORK: false
2025-07-24T20:54:09.7197340Z   CC_TOKEN: ***
2025-07-24T20:54:09.7197532Z   CC_BRANCH: 
2025-07-24T20:54:09.7197764Z   GITHUB_EVENT_PULL_REQUEST_HEAD_LABEL: con:bf-circleci
2025-07-24T20:54:09.7198121Z   GITHUB_EVENT_PULL_REQUEST_HEAD_REPO_FULL_NAME: con/tinuous
2025-07-24T20:54:09.7198434Z   GITHUB_REPOSITORY: con/tinuous
2025-07-24T20:54:09.7198664Z ##[endgroup]
2025-07-24T20:54:09.7265690Z ##[group]Run if [ -z "$CC_SHA" ];
2025-07-24T20:54:09.7265956Z [36;1mif [ -z "$CC_SHA" ];[0m
2025-07-24T20:54:09.7266177Z [36;1mthen[0m
2025-07-24T20:54:09.7266401Z [36;1m  CC_SHA="$GITHUB_EVENT_PULL_REQUEST_HEAD_SHA"[0m
2025-07-24T20:54:09.7266668Z [36;1mfi[0m
2025-07-24T20:54:09.7266923Z [36;1mif [ -z "$CC_PR" ] && [ "${GITHUB_EVENT_NAME}" == "pull_request_target" ];[0m
2025-07-24T20:54:09.7267239Z [36;1mthen[0m
2025-07-24T20:54:09.7267454Z [36;1m  CC_PR="$GITHUB_EVENT_NUMBER"[0m
2025-07-24T20:54:09.7267693Z [36;1mfi[0m
2025-07-24T20:54:09.7267858Z [36;1m[0m
2025-07-24T20:54:09.7268055Z [36;1mecho "CC_SHA=$CC_SHA" >> "$GITHUB_ENV"[0m
2025-07-24T20:54:09.7268329Z [36;1mecho "CC_PR=$CC_PR" >> "$GITHUB_ENV"[0m
2025-07-24T20:54:09.7293805Z shell: /usr/bin/bash --noprofile --norc -e -o pipefail {0}
2025-07-24T20:54:09.7294122Z env:
2025-07-24T20:54:09.7294369Z   pythonLocation: /opt/hostedtoolcache/Python/3.9.23/x64
2025-07-24T20:54:09.7294788Z   PKG_CONFIG_PATH: /opt/hostedtoolcache/Python/3.9.23/x64/lib/pkgconfig
2025-07-24T20:54:09.7295181Z   Python_ROOT_DIR: /opt/hostedtoolcache/Python/3.9.23/x64
2025-07-24T20:54:09.7295531Z   Python2_ROOT_DIR: /opt/hostedtoolcache/Python/3.9.23/x64
2025-07-24T20:54:09.7295873Z   Python3_ROOT_DIR: /opt/hostedtoolcache/Python/3.9.23/x64
2025-07-24T20:54:09.7296225Z   LD_LIBRARY_PATH: /opt/hostedtoolcache/Python/3.9.23/x64/lib
2025-07-24T20:54:09.7296514Z   CC_FORK: false
2025-07-24T20:54:09.7296919Z   CC_TOKEN: ***
2025-07-24T20:54:09.7297112Z   CC_BRANCH: 
2025-07-24T20:54:09.7297281Z   CC_PR: 
2025-07-24T20:54:09.7297443Z   CC_SHA: 
2025-07-24T20:54:09.7297623Z   GITHUB_EVENT_NAME: pull_request
2025-07-24T20:54:09.7297861Z   GITHUB_EVENT_NUMBER: 211
2025-07-24T20:54:09.7298190Z   GITHUB_EVENT_PULL_REQUEST_HEAD_SHA: 11245bdc470bab96de6c4828fc76f1273796cc81
2025-07-24T20:54:09.7298537Z ##[endgroup]
2025-07-24T20:54:09.7373377Z ##[group]Run ${GITHUB_ACTION_PATH}/dist/codecov.sh
2025-07-24T20:54:09.7373915Z [36;1m${GITHUB_ACTION_PATH}/dist/codecov.sh[0m
2025-07-24T20:54:09.7400023Z shell: /usr/bin/bash --noprofile --norc -e -o pipefail {0}
2025-07-24T20:54:09.7400345Z env:
2025-07-24T20:54:09.7400588Z   pythonLocation: /opt/hostedtoolcache/Python/3.9.23/x64
2025-07-24T20:54:09.7400993Z   PKG_CONFIG_PATH: /opt/hostedtoolcache/Python/3.9.23/x64/lib/pkgconfig
2025-07-24T20:54:09.7401383Z   Python_ROOT_DIR: /opt/hostedtoolcache/Python/3.9.23/x64
2025-07-24T20:54:09.7401727Z   Python2_ROOT_DIR: /opt/hostedtoolcache/Python/3.9.23/x64
2025-07-24T20:54:09.7402320Z   Python3_ROOT_DIR: /opt/hostedtoolcache/Python/3.9.23/x64
2025-07-24T20:54:09.7402690Z   LD_LIBRARY_PATH: /opt/hostedtoolcache/Python/3.9.23/x64/lib
2025-07-24T20:54:09.7402979Z   CC_FORK: false
2025-07-24T20:54:09.7403243Z   CC_TOKEN: ***
2025-07-24T20:54:09.7403434Z   CC_BRANCH: 
2025-07-24T20:54:09.7403641Z   CC_SHA: 11245bdc470bab96de6c4828fc76f1273796cc81
2025-07-24T20:54:09.7403912Z   CC_PR: 
2025-07-24T20:54:09.7404070Z   CC_BASE_SHA: 
2025-07-24T20:54:09.7404248Z   CC_BINARY: 
2025-07-24T20:54:09.7404417Z   CC_BUILD: 
2025-07-24T20:54:09.7404584Z   CC_BUILD_URL: 
2025-07-24T20:54:09.7404759Z   CC_CODE: 
2025-07-24T20:54:09.7404916Z   CC_DIR: 
2025-07-24T20:54:09.7405098Z   CC_DISABLE_FILE_FIXES: false
2025-07-24T20:54:09.7405323Z   CC_DISABLE_SEARCH: false
2025-07-24T20:54:09.7405531Z   CC_DISABLE_TELEM: false
2025-07-24T20:54:09.7405735Z   CC_DRY_RUN: false
2025-07-24T20:54:09.7405921Z   CC_ENTERPRISE_URL: 
2025-07-24T20:54:09.7406114Z   CC_ENV: 
2025-07-24T20:54:09.7406281Z   CC_EXCLUDES: 
2025-07-24T20:54:09.7406456Z   CC_FAIL_ON_ERROR: false
2025-07-24T20:54:09.7406650Z   CC_FILES: 
2025-07-24T20:54:09.7406808Z   CC_FLAGS: 
2025-07-24T20:54:09.7406976Z   CC_FORCE: 
2025-07-24T20:54:09.7407143Z   CC_GCOV_ARGS: 
2025-07-24T20:54:09.7407326Z   CC_GCOV_EXECUTABLE: gcov
2025-07-24T20:54:09.7407534Z   CC_GCOV_IGNORE: 
2025-07-24T20:54:09.7407710Z   CC_GCOV_INCLUDE: 
2025-07-24T20:54:09.7407905Z   CC_GIT_SERVICE: github
2025-07-24T20:54:09.7408133Z   CC_HANDLE_NO_REPORTS_FOUND: false
2025-07-24T20:54:09.7408366Z   CC_JOB_CODE: 
2025-07-24T20:54:09.7408555Z   CC_LEGACY: false
2025-07-24T20:54:09.7408745Z   CC_NAME: 3.9
2025-07-24T20:54:09.7408940Z   CC_NETWORK_FILTER: 
2025-07-24T20:54:09.7409137Z   CC_NETWORK_PREFIX: 
2025-07-24T20:54:09.7409320Z   CC_NETWORK_ROOT_FOLDER: 
2025-07-24T20:54:09.7409521Z   CC_OS: 
2025-07-24T20:54:09.7409680Z   CC_PARENT_SHA: 
2025-07-24T20:54:09.7409904Z   CC_PLUGINS: 
2025-07-24T20:54:09.7410097Z   CC_RECURSE_SUBMODULES: false
2025-07-24T20:54:09.7410312Z   CC_REPORT_TYPE: 
2025-07-24T20:54:09.7410503Z   CC_RUN_CMD: upload-coverage
2025-07-24T20:54:09.7410721Z   CC_SERVICE: github
2025-07-24T20:54:09.7410916Z   CC_SKIP_VALIDATION: false
2025-07-24T20:54:09.7411115Z   CC_SLUG: 
2025-07-24T20:54:09.7411285Z   CC_SWIFT_PROJECT: 
2025-07-24T20:54:09.7411469Z   CC_USE_PYPI: false
2025-07-24T20:54:09.7411652Z   CC_VERBOSE: false
2025-07-24T20:54:09.7411834Z   CC_VERSION: latest
2025-07-24T20:54:09.7412123Z   CC_YML_PATH: 
2025-07-24T20:54:09.7412309Z ##[endgroup]
2025-07-24T20:54:09.7480873Z      _____          _
2025-07-24T20:54:09.7481250Z     / ____|        | |
2025-07-24T20:54:09.7481502Z    | |     ___   __| | ___  ___ _____   __
2025-07-24T20:54:09.7481782Z    | |    / _ \ / _` |/ _ \/ __/ _ \ \ / /
2025-07-24T20:54:09.7482254Z    | |___| (_) | (_| |  __/ (_| (_) \ V /
2025-07-24T20:54:09.7482524Z     \_____\___/ \__,_|\___|\___\___/ \_/
2025-07-24T20:54:09.7483018Z                            [0;31m Wrapper-0.2.1[0m
2025-07-24T20:54:09.7483508Z                                   
2025-07-24T20:54:09.7535121Z [0;32m==>[0m Detected [0;36mlinux[0m
2025-07-24T20:54:09.7535928Z [0;32m ->[0m Downloading [0;36mhttps://cli.codecov.io/latest/linux/codecov[0m
2025-07-24T20:54:09.7588614Z   % Total    % Received % Xferd  Average Speed   Time    Time     Time  Current
2025-07-24T20:54:09.7589223Z                                  Dload  Upload   Total   Spent    Left  Speed
2025-07-24T20:54:09.7589808Z 
2025-07-24T20:54:09.8788056Z   0     0    0     0    0     0      0      0 --:--:-- --:--:-- --:--:--     0
2025-07-24T20:54:09.8788676Z 100 10.6M  100 10.6M    0     0  88.8M      0 --:--:-- --:--:-- --:--:-- 89.6M
2025-07-24T20:54:09.8815306Z [0;32m==>[0m Finishing downloading [0;36mlinux:latest[0m
2025-07-24T20:54:09.9289437Z       Version: [0;36mv11.0.3[0m
2025-07-24T20:54:09.9289968Z  
2025-07-24T20:54:10.0888130Z gpg: directory '/home/runner/.gnupg' created
2025-07-24T20:54:10.0891431Z gpg: keybox '/home/runner/.gnupg/pubring.kbx' created
2025-07-24T20:54:10.0912477Z gpg: /home/runner/.gnupg/trustdb.gpg: trustdb created
2025-07-24T20:54:10.0913455Z gpg: key 806BB28AED779869: public key "Codecov Uploader (Codecov Uploader Verification Key) <security@codecov.io>" imported
2025-07-24T20:54:10.1171607Z gpg: Total number processed: 1
2025-07-24T20:54:10.1172295Z gpg:               imported: 1
2025-07-24T20:54:10.1178330Z [0;32m==>[0m Verifying GPG signature integrity
2025-07-24T20:54:10.1179357Z [0;32m ->[0m Downloading [0;36mhttps://cli.codecov.io/latest/linux/codecov.SHA256SUM[0m
2025-07-24T20:54:10.1180417Z [0;32m ->[0m Downloading [0;36mhttps://cli.codecov.io/latest/linux/codecov.SHA256SUM.sig[0m
2025-07-24T20:54:10.1181063Z  
2025-07-24T20:54:10.2097385Z gpg: Signature made Thu May 29 21:23:31 2025 UTC
2025-07-24T20:54:10.2098065Z gpg:                using RSA key 27034E7FDB850E0BBC2C62FF806BB28AED779869
2025-07-24T20:54:10.2100316Z gpg: Good signature from "Codecov Uploader (Codecov Uploader Verification Key) <security@codecov.io>" [unknown]
2025-07-24T20:54:10.2101405Z gpg: WARNING: This key is not certified with a trusted signature!
2025-07-24T20:54:10.2102339Z gpg:          There is no indication that the signature belongs to the owner.
2025-07-24T20:54:10.2103402Z Primary key fingerprint: 2703 4E7F DB85 0E0B BC2C  62FF 806B B28A ED77 9869
2025-07-24T20:54:10.3272821Z codecov: OK
2025-07-24T20:54:10.3283150Z [0;32m==>[0m CLI integrity verified
2025-07-24T20:54:10.3283544Z 
2025-07-24T20:54:10.3364264Z [0;32m ->[0m Token of length 36 detected
2025-07-24T20:54:10.3939333Z [0;32m==>[0m Running upload-coverage
2025-07-24T20:54:10.3950783Z       [0;36m./codecov  upload-coverage -t <redacted> --git-service github --sha 11245bdc470bab96de6c4828fc76f1273796cc81 --gcov-executable gcov --name 3.9[0m
2025-07-24T20:54:10.7407717Z info - 2025-07-24 20:54:10,740 -- ci service found: github-actions
2025-07-24T20:54:10.7821734Z warning - 2025-07-24 20:54:10,781 -- xcrun is not installed or can't be found.
2025-07-24T20:54:10.8528176Z warning - 2025-07-24 20:54:10,852 -- No gcov data found.
2025-07-24T20:54:10.8532607Z warning - 2025-07-24 20:54:10,853 -- coverage.py is not installed or can't be found.
2025-07-24T20:54:10.8704191Z info - 2025-07-24 20:54:10,870 -- Found 1 coverage files to report
2025-07-24T20:54:10.8705048Z info - 2025-07-24 20:54:10,870 -- > /home/runner/work/tinuous/tinuous/coverage.xml
2025-07-24T20:54:11.5039048Z info - 2025-07-24 20:54:11,503 -- Your upload is now processing. When finished, results will be available at: https://app.codecov.io/github/con/tinuous/commit/11245bdc470bab96de6c4828fc76f1273796cc81
2025-07-24T20:54:11.6487958Z info - 2025-07-24 20:54:11,648 -- Process Upload complete
2025-07-24T20:54:11.7982289Z Post job cleanup.
2025-07-24T20:54:11.9577195Z Post job cleanup.
2025-07-24T20:54:12.0532385Z [command]/usr/bin/git version
2025-07-24T20:54:12.0575469Z git version 2.50.1
2025-07-24T20:54:12.0614229Z Copying '/home/runner/.gitconfig' to '/home/runner/work/_temp/aa116da4-1677-4287-a06f-9408a347cceb/.gitconfig'
2025-07-24T20:54:12.0624291Z Temporarily overriding HOME='/home/runner/work/_temp/aa116da4-1677-4287-a06f-9408a347cceb' before making global git config changes
2025-07-24T20:54:12.0625553Z Adding repository directory to the temporary git global config as a safe directory
2025-07-24T20:54:12.0630840Z [command]/usr/bin/git config --global --add safe.directory /home/runner/work/tinuous/tinuous
2025-07-24T20:54:12.0668540Z [command]/usr/bin/git config --local --name-only --get-regexp core\.sshCommand
2025-07-24T20:54:12.0701941Z [command]/usr/bin/git submodule foreach --recursive sh -c "git config --local --name-only --get-regexp 'core\.sshCommand' && git config --local --unset-all 'core.sshCommand' || :"
2025-07-24T20:54:12.0929611Z [command]/usr/bin/git config --local --name-only --get-regexp http\.https\:\/\/github\.com\/\.extraheader
2025-07-24T20:54:12.0951379Z http.https://github.com/.extraheader
2025-07-24T20:54:12.0964739Z [command]/usr/bin/git config --local --unset-all http.https://github.com/.extraheader
2025-07-24T20:54:12.0997429Z [command]/usr/bin/git submodule foreach --recursive sh -c "git config --local --name-only --get-regexp 'http\.https\:\/\/github\.com\/\.extraheader' && git config --local --unset-all 'http.https://github.com/.extraheader' || :"
2025-07-24T20:54:12.1330305Z Cleaning up orphan processes
