2025-07-24T20:53:49.2968377Z Current runner version: '2.326.0'
2025-07-24T20:53:49.3004130Z ##[group]Runner Image Provisioner
2025-07-24T20:53:49.3005593Z Hosted Compute Agent
2025-07-24T20:53:49.3006657Z Version: 20250711.363
2025-07-24T20:53:49.3007647Z Commit: 6785254374ce925a23743850c1cb91912ce5c14c
2025-07-24T20:53:49.3008955Z Build Date: 2025-07-11T20:04:25Z
2025-07-24T20:53:49.3009966Z ##[endgroup]
2025-07-24T20:53:49.3010871Z ##[group]Operating System
2025-07-24T20:53:49.3012032Z Ubuntu
2025-07-24T20:53:49.3012770Z 24.04.2
2025-07-24T20:53:49.3013504Z LTS
2025-07-24T20:53:49.3014676Z ##[endgroup]
2025-07-24T20:53:49.3015531Z ##[group]Runner Image
2025-07-24T20:53:49.3016524Z Image: ubuntu-24.04
2025-07-24T20:53:49.3017515Z Version: 20250720.1.0
2025-07-24T20:53:49.3019219Z Included Software: https://github.com/actions/runner-images/blob/ubuntu24/20250720.1/images/ubuntu/Ubuntu2404-Readme.md
2025-07-24T20:53:49.3021924Z Image Release: https://github.com/actions/runner-images/releases/tag/ubuntu24%2F20250720.1
2025-07-24T20:53:49.3023867Z ##[endgroup]
2025-07-24T20:53:49.3028242Z ##[group]GITHUB_TOKEN Permissions
2025-07-24T20:53:49.3031039Z Actions: write
2025-07-24T20:53:49.3032069Z Attestations: write
2025-07-24T20:53:49.3032972Z Checks: write
2025-07-24T20:53:49.3034053Z Contents: write
2025-07-24T20:53:49.3034983Z Deployments: write
2025-07-24T20:53:49.3035843Z Discussions: write
2025-07-24T20:53:49.3036936Z Issues: write
2025-07-24T20:53:49.3037801Z Metadata: read
2025-07-24T20:53:49.3038661Z Models: read
2025-07-24T20:53:49.3039777Z Packages: write
2025-07-24T20:53:49.3040691Z Pages: write
2025-07-24T20:53:49.3041586Z PullRequests: write
2025-07-24T20:53:49.3042720Z RepositoryProjects: write
2025-07-24T20:53:49.3043975Z SecurityEvents: write
2025-07-24T20:53:49.3045065Z Statuses: write
2025-07-24T20:53:49.3046077Z ##[endgroup]
2025-07-24T20:53:49.3049386Z Secret source: Actions
2025-07-24T20:53:49.3050654Z Prepare workflow directory
2025-07-24T20:53:49.3531911Z Prepare all required actions
2025-07-24T20:53:49.3588271Z Getting action download info
2025-07-24T20:53:49.5854657Z ##[group]Download immutable action package 'actions/checkout@v4'
2025-07-24T20:53:49.5855707Z Version: 4.2.2
2025-07-24T20:53:49.5856827Z Digest: sha256:ccb2698953eaebd21c7bf6268a94f9c26518a7e38e27e0b83c1fe1ad049819b1
2025-07-24T20:53:49.5857994Z Source commit SHA: 11bd71901bbe5b1630ceea73d27597364c9af683
2025-07-24T20:53:49.5858751Z ##[endgroup]
2025-07-24T20:53:49.7133294Z ##[group]Download immutable action package 'actions/setup-python@v5'
2025-07-24T20:53:49.7134396Z Version: 5.6.0
2025-07-24T20:53:49.7135205Z Digest: sha256:0b35a0c11c97499e4e0576589036d450b9f5f9da74b7774225b3614b57324404
2025-07-24T20:53:49.7136161Z Source commit SHA: a26af69be951a213d495a4c3e4e4022e16d87065
2025-07-24T20:53:49.7136844Z ##[endgroup]
2025-07-24T20:53:49.9611456Z Download action repository 'codecov/codecov-action@v5' (SHA:18283e04ce6e62d37312384ff67231eb8fd56d24)
2025-07-24T20:53:50.1592882Z Getting action download info
2025-07-24T20:53:50.2705997Z ##[group]Download immutable action package 'actions/github-script@v7'
2025-07-24T20:53:50.2706851Z Version: 7.0.1
2025-07-24T20:53:50.2707520Z Digest: sha256:bce02966afe3a75123f766b765abe432fac5464b74976015dc06b811ac9054c7
2025-07-24T20:53:50.2708415Z Source commit SHA: 60a0d83039c74a4aee543508d2ffcb1c3799cdea
2025-07-24T20:53:50.2709029Z ##[endgroup]
2025-07-24T20:53:50.5213003Z Complete job name: test (pypy-3.8, py)
2025-07-24T20:53:50.5927577Z ##[group]Run actions/checkout@v4
2025-07-24T20:53:50.5928502Z with:
2025-07-24T20:53:50.5928878Z   fetch-depth: 0
2025-07-24T20:53:50.5929290Z   repository: con/tinuous
2025-07-24T20:53:50.5929936Z   token: ***
2025-07-24T20:53:50.5930311Z   ssh-strict: true
2025-07-24T20:53:50.5930691Z   ssh-user: git
2025-07-24T20:53:50.5931075Z   persist-credentials: true
2025-07-24T20:53:50.5931513Z   clean: true
2025-07-24T20:53:50.5931896Z   sparse-checkout-cone-mode: true
2025-07-24T20:53:50.5932377Z   fetch-tags: false
2025-07-24T20:53:50.5932766Z   show-progress: true
2025-07-24T20:53:50.5933158Z   lfs: false
2025-07-24T20:53:50.5933978Z   submodules: false
2025-07-24T20:53:50.5934404Z   set-safe-directory: true
2025-07-24T20:53:50.5935154Z ##[endgroup]
2025-07-24T20:53:50.7027076Z Syncing repository: con/tinuous
2025-07-24T20:53:50.7029031Z ##[group]Getting Git version info
2025-07-24T20:53:50.7029744Z Working directory is '/home/runner/work/tinuous/tinuous'
2025-07-24T20:53:50.7030846Z [command]/usr/bin/git version
2025-07-24T20:53:50.7098280Z git version 2.50.1
2025-07-24T20:53:50.7124825Z ##[endgroup]
2025-07-24T20:53:50.7139118Z Temporarily overriding HOME='/home/runner/work/_temp/62270dda-4436-401a-9c3d-713a0f2a9c0f' before making global git config changes
2025-07-24T20:53:50.7140583Z Adding repository directory to the temporary git global config as a safe directory
2025-07-24T20:53:50.7144571Z [command]/usr/bin/git config --global --add safe.directory /home/runner/work/tinuous/tinuous
2025-07-24T20:53:50.7179103Z Deleting the contents of '/home/runner/work/tinuous/tinuous'
2025-07-24T20:53:50.7183213Z ##[group]Initializing the repository
2025-07-24T20:53:50.7188279Z [command]/usr/bin/git init /home/runner/work/tinuous/tinuous
2025-07-24T20:53:50.7261776Z hint: Using 'master' as the name for the initial branch. This default branch name
2025-07-24T20:53:50.7263198Z hint: is subject to change. To configure the initial branch name to use in all
2025-07-24T20:53:50.7264790Z hint: of your new repositories, which will suppress this warning, call:
2025-07-24T20:53:50.7265726Z hint:
2025-07-24T20:53:50.7266429Z hint: 	git config --global init.defaultBranch <name>
2025-07-24T20:53:50.7267497Z hint:
2025-07-24T20:53:50.7268499Z hint: Names commonly chosen instead of 'master' are 'main', 'trunk' and
2025-07-24T20:53:50.7270192Z hint: 'development'. The just-created branch can be renamed via this command:
2025-07-24T20:53:50.7271549Z hint:
2025-07-24T20:53:50.7272257Z hint: 	git branch -m <name>
2025-07-24T20:53:50.7273021Z hint:
2025-07-24T20:53:50.7274310Z hint: Disable this message with "git config set advice.defaultBranchName false"
2025-07-24T20:53:50.7276162Z Initialized empty Git repository in /home/runner/work/tinuous/tinuous/.git/
2025-07-24T20:53:50.7279109Z [command]/usr/bin/git remote add origin https://github.com/con/tinuous
2025-07-24T20:53:50.7312065Z ##[endgroup]
2025-07-24T20:53:50.7313322Z ##[group]Disabling automatic garbage collection
2025-07-24T20:53:50.7317064Z [command]/usr/bin/git config --local gc.auto 0
2025-07-24T20:53:50.7346068Z ##[endgroup]
2025-07-24T20:53:50.7347345Z ##[group]Setting up auth
2025-07-24T20:53:50.7353540Z [command]/usr/bin/git config --local --name-only --get-regexp core\.sshCommand
2025-07-24T20:53:50.7385487Z [command]/usr/bin/git submodule foreach --recursive sh -c "git config --local --name-only --get-regexp 'core\.sshCommand' && git config --local --unset-all 'core.sshCommand' || :"
2025-07-24T20:53:50.7653149Z [command]/usr/bin/git config --local --name-only --get-regexp http\.https\:\/\/github\.com\/\.extraheader
2025-07-24T20:53:50.7683501Z [command]/usr/bin/git submodule foreach --recursive sh -c "git config --local --name-only --get-regexp 'http\.https\:\/\/github\.com\/\.extraheader' && git config --local --unset-all 'http.https://github.com/.extraheader' || :"
2025-07-24T20:53:50.7902912Z [command]/usr/bin/git config --local http.https://github.com/.extraheader AUTHORIZATION: basic ***
2025-07-24T20:53:50.7946124Z ##[endgroup]
2025-07-24T20:53:50.7947218Z ##[group]Fetching the repository
2025-07-24T20:53:50.7955745Z [command]/usr/bin/git -c protocol.version=2 fetch --prune --no-recurse-submodules origin +refs/heads/*:refs/remotes/origin/* +refs/tags/*:refs/tags/* +5dbf65acc273c53dc8b2acf83adc4d1714a9dae2:refs/remotes/pull/211/merge
2025-07-24T20:53:51.0209882Z From https://github.com/con/tinuous
2025-07-24T20:53:51.0212955Z  * [new branch]      bf-circleci                              -> origin/bf-circleci
2025-07-24T20:53:51.0214960Z  * [new branch]      gh-55                                    -> origin/gh-55
2025-07-24T20:53:51.0216607Z  * [new branch]      master                                   -> origin/master
2025-07-24T20:53:51.0218734Z  * [new branch]      no-extra-search                          -> origin/no-extra-search
2025-07-24T20:53:51.0220517Z  * [new branch]      pragmata                                 -> origin/pragmata
2025-07-24T20:53:51.0222400Z  * [new branch]      test-appveyor                            -> origin/test-appveyor
2025-07-24T20:53:51.0224502Z  * [new tag]         0.1.0                                    -> 0.1.0
2025-07-24T20:53:51.0225942Z  * [new tag]         0.2.0                                    -> 0.2.0
2025-07-24T20:53:51.0227453Z  * [new tag]         0.3.0                                    -> 0.3.0
2025-07-24T20:53:51.0229294Z  * [new tag]         0.4.0                                    -> 0.4.0
2025-07-24T20:53:51.0232331Z  * [new tag]         0.5.0                                    -> 0.5.0
2025-07-24T20:53:51.0234213Z  * [new tag]         0.5.1                                    -> 0.5.1
2025-07-24T20:53:51.0235846Z  * [new tag]         0.5.2                                    -> 0.5.2
2025-07-24T20:53:51.0237339Z  * [new tag]         0.5.3                                    -> 0.5.3
2025-07-24T20:53:51.0238868Z  * [new tag]         0.5.4                                    -> 0.5.4
2025-07-24T20:53:51.0240422Z  * [new tag]         0.6.0                                    -> 0.6.0
2025-07-24T20:53:51.0241940Z  * [new tag]         0.6.1                                    -> 0.6.1
2025-07-24T20:53:51.0243436Z  * [new tag]         0.7.0                                    -> 0.7.0
2025-07-24T20:53:51.0245614Z  * [new ref]         5dbf65acc273c53dc8b2acf83adc4d1714a9dae2 -> pull/211/merge
2025-07-24T20:53:51.0285348Z ##[endgroup]
2025-07-24T20:53:51.0287119Z ##[group]Determining the checkout info
2025-07-24T20:53:51.0288671Z ##[endgroup]
2025-07-24T20:53:51.0294430Z [command]/usr/bin/git sparse-checkout disable
2025-07-24T20:53:51.0346040Z [command]/usr/bin/git config --local --unset-all extensions.worktreeConfig
2025-07-24T20:53:51.0380397Z ##[group]Checking out the ref
2025-07-24T20:53:51.0385534Z [command]/usr/bin/git checkout --progress --force refs/remotes/pull/211/merge
2025-07-24T20:53:51.0438748Z Note: switching to 'refs/remotes/pull/211/merge'.
2025-07-24T20:53:51.0440629Z 
2025-07-24T20:53:51.0442288Z You are in 'detached HEAD' state. You can look around, make experimental
2025-07-24T20:53:51.0446892Z changes and commit them, and you can discard any commits you make in this
2025-07-24T20:53:51.0449064Z state without impacting any branches by switching back to a branch.
2025-07-24T20:53:51.0450343Z 
2025-07-24T20:53:51.0451284Z If you want to create a new branch to retain commits you create, you may
2025-07-24T20:53:51.0453289Z do so (now or later) by using -c with the switch command. Example:
2025-07-24T20:53:51.0454816Z 
2025-07-24T20:53:51.0455486Z   git switch -c <new-branch-name>
2025-07-24T20:53:51.0456456Z 
2025-07-24T20:53:51.0457102Z Or undo this operation with:
2025-07-24T20:53:51.0458002Z 
2025-07-24T20:53:51.0458620Z   git switch -
2025-07-24T20:53:51.0459331Z 
2025-07-24T20:53:51.0460254Z Turn off this advice by setting config variable advice.detachedHead to false
2025-07-24T20:53:51.0461509Z 
2025-07-24T20:53:51.0462874Z HEAD is now at 5dbf65a Merge 11245bdc470bab96de6c4828fc76f1273796cc81 into fe72f741cc1eb180020d3122eaff7b8c0fc3efab
2025-07-24T20:53:51.0468164Z ##[endgroup]
2025-07-24T20:53:51.0499465Z [command]/usr/bin/git log -1 --format=%H
2025-07-24T20:53:51.0523543Z 5dbf65acc273c53dc8b2acf83adc4d1714a9dae2
2025-07-24T20:53:51.0794289Z ##[group]Run actions/setup-python@v5
2025-07-24T20:53:51.0795267Z with:
2025-07-24T20:53:51.0795962Z   python-version: pypy-3.8
2025-07-24T20:53:51.0796783Z   check-latest: false
2025-07-24T20:53:51.0797745Z   token: ***
2025-07-24T20:53:51.0798475Z   update-environment: true
2025-07-24T20:53:51.0799303Z   allow-prereleases: false
2025-07-24T20:53:51.0800115Z   freethreaded: false
2025-07-24T20:53:51.0800860Z ##[endgroup]
2025-07-24T20:53:51.2476595Z ##[group]Installed versions
2025-07-24T20:53:51.2552767Z PyPy version 3.8 (x) was not found in the local cache
2025-07-24T20:53:51.3399572Z Downloading PyPy from "https://downloads.python.org/pypy/pypy3.8-v7.3.11-linux64.tar.bz2" ...
2025-07-24T20:53:51.5526955Z Extracting downloaded archive...
2025-07-24T20:53:51.5636113Z [command]/usr/bin/tar x --warning=no-unknown-keyword --overwrite -C /home/runner/work/_temp/227eb555-98d7-43f5-a89e-944a9235d29d -f /home/runner/work/_temp/7819ae84-e3c0-4f28-99e4-6c5de8f9cd2a
2025-07-24T20:53:56.3301036Z Creating symlinks...
2025-07-24T20:53:56.3302599Z Installing and updating pip
2025-07-24T20:53:56.3305123Z [command]/opt/hostedtoolcache/PyPy/3.8.16/x64/bin/python -m ensurepip
2025-07-24T20:53:59.8309574Z Looking in links: /tmp/tmpwr76yfjd
2025-07-24T20:53:59.8749294Z Processing /tmp/tmpwr76yfjd/setuptools-58.1.0-py3-none-any.whl
2025-07-24T20:53:59.9015378Z Processing /tmp/tmpwr76yfjd/pip-22.0.4-py3-none-any.whl
2025-07-24T20:54:00.1285404Z Installing collected packages: setuptools, pip
2025-07-24T20:54:02.2040256Z Successfully installed pip-22.0.4 setuptools-58.1.0
2025-07-24T20:54:02.2225364Z [command]/opt/hostedtoolcache/PyPy/3.8.16/x64/bin/python -m pip install --ignore-installed pip
2025-07-24T20:54:03.4074179Z Collecting pip
2025-07-24T20:54:03.4370836Z   Downloading pip-25.0.1-py3-none-any.whl (1.8 MB)
2025-07-24T20:54:03.5180765Z      ━━━━━━━━━━━━━━━━━━━━━━━━━━━━━━━━━━━━━━━━ 1.8/1.8 MB 25.3 MB/s eta 0:00:00
2025-07-24T20:54:03.6251288Z Installing collected packages: pip
2025-07-24T20:54:04.8909322Z Successfully installed pip-25.0.1
2025-07-24T20:54:05.1460201Z WARNING: You are using pip version 22.0.4; however, version 25.0.1 is available.
2025-07-24T20:54:05.1621087Z You should consider upgrading via the '/opt/hostedtoolcache/PyPy/3.8.16/x64/bin/python -m pip install --upgrade pip' command.
2025-07-24T20:54:05.1622178Z Successfully set up PyPy 7.3.11 with Python (3.8.16)
2025-07-24T20:54:05.1623293Z ##[endgroup]
2025-07-24T20:54:05.1782124Z ##[group]Run python -m pip install --upgrade pip wheel
2025-07-24T20:54:05.1782610Z [36;1mpython -m pip install --upgrade pip wheel[0m
2025-07-24T20:54:05.1783002Z [36;1mpython -m pip install --upgrade --upgrade-strategy=eager tox[0m
2025-07-24T20:54:05.1818054Z shell: /usr/bin/bash -e {0}
2025-07-24T20:54:05.1818311Z env:
2025-07-24T20:54:05.1818555Z   pythonLocation: /opt/hostedtoolcache/PyPy/3.8.16/x64
2025-07-24T20:54:05.1818909Z   Python_ROOT_DIR: /opt/hostedtoolcache/PyPy/3.8.16/x64
2025-07-24T20:54:05.1819246Z   Python2_ROOT_DIR: /opt/hostedtoolcache/PyPy/3.8.16/x64
2025-07-24T20:54:05.1819584Z   Python3_ROOT_DIR: /opt/hostedtoolcache/PyPy/3.8.16/x64
2025-07-24T20:54:05.1819973Z   PKG_CONFIG_PATH: /opt/hostedtoolcache/PyPy/3.8.16/x64/bin/lib/pkgconfig
2025-07-24T20:54:05.1820306Z ##[endgroup]
2025-07-24T20:54:05.9385598Z Requirement already satisfied: pip in /opt/hostedtoolcache/PyPy/3.8.16/x64/lib/pypy3.8/site-packages (22.0.4)
2025-07-24T20:54:06.0678510Z Collecting pip
2025-07-24T20:54:06.0839944Z   Downloading pip-25.0.1-py3-none-any.whl.metadata (3.7 kB)
2025-07-24T20:54:06.1509740Z Collecting wheel
2025-07-24T20:54:06.1578193Z   Downloading wheel-0.45.1-py3-none-any.whl.metadata (2.3 kB)
2025-07-24T20:54:06.2074777Z Downloading pip-25.0.1-py3-none-any.whl (1.8 MB)
2025-07-24T20:54:06.2368464Z    ━━━━━━━━━━━━━━━━━━━━━━━━━━━━━━━━━━━━━━━━ 1.8/1.8 MB 103.2 MB/s eta 0:00:00
2025-07-24T20:54:06.2483467Z Downloading wheel-0.45.1-py3-none-any.whl (72 kB)
2025-07-24T20:54:06.3073953Z Installing collected packages: wheel, pip
2025-07-24T20:54:06.3751544Z   Attempting uninstall: pip
2025-07-24T20:54:06.3771655Z     Found existing installation: pip 22.0.4
2025-07-24T20:54:06.5027778Z     Uninstalling pip-22.0.4:
2025-07-24T20:54:06.6151073Z       Successfully uninstalled pip-22.0.4
2025-07-24T20:54:07.8908526Z Successfully installed pip-25.0.1 wheel-0.45.1
2025-07-24T20:54:08.8618717Z Collecting tox
2025-07-24T20:54:08.8799059Z   Downloading tox-4.25.0-py3-none-any.whl.metadata (3.7 kB)
2025-07-24T20:54:08.9688526Z Collecting cachetools>=5.5.1 (from tox)
2025-07-24T20:54:08.9794799Z   Downloading cachetools-5.5.2-py3-none-any.whl.metadata (5.4 kB)
2025-07-24T20:54:09.0048324Z Collecting chardet>=5.2 (from tox)
2025-07-24T20:54:09.0137732Z   Downloading chardet-5.2.0-py3-none-any.whl.metadata (3.4 kB)
2025-07-24T20:54:09.0622604Z Collecting colorama>=0.4.6 (from tox)
2025-07-24T20:54:09.0728381Z   Downloading colorama-0.4.6-py2.py3-none-any.whl.metadata (17 kB)
2025-07-24T20:54:09.1213387Z Collecting filelock>=3.16.1 (from tox)
2025-07-24T20:54:09.1279575Z   Downloading filelock-3.16.1-py3-none-any.whl.metadata (2.9 kB)
2025-07-24T20:54:09.1743558Z Collecting packaging>=24.2 (from tox)
2025-07-24T20:54:09.1874109Z   Downloading packaging-25.0-py3-none-any.whl.metadata (3.3 kB)
2025-07-24T20:54:09.2283545Z Collecting platformdirs>=4.3.6 (from tox)
2025-07-24T20:54:09.2355882Z   Downloading platformdirs-4.3.6-py3-none-any.whl.metadata (11 kB)
2025-07-24T20:54:09.2660541Z Collecting pluggy>=1.5 (from tox)
2025-07-24T20:54:09.2730089Z   Downloading pluggy-1.5.0-py3-none-any.whl.metadata (4.8 kB)
2025-07-24T20:54:09.3061118Z Collecting pyproject-api>=1.8 (from tox)
2025-07-24T20:54:09.3132118Z   Downloading pyproject_api-1.8.0-py3-none-any.whl.metadata (2.7 kB)
2025-07-24T20:54:09.3458253Z Collecting tomli>=2.2.1 (from tox)
2025-07-24T20:54:09.3516378Z   Downloading tomli-2.2.1-py3-none-any.whl.metadata (10 kB)
2025-07-24T20:54:09.3910707Z Collecting typing-extensions>=4.12.2 (from tox)
2025-07-24T20:54:09.3946106Z   Downloading typing_extensions-4.13.2-py3-none-any.whl.metadata (3.0 kB)
2025-07-24T20:54:09.4792605Z Collecting virtualenv>=20.29.1 (from tox)
2025-07-24T20:54:09.4856383Z   Downloading virtualenv-20.32.0-py3-none-any.whl.metadata (4.5 kB)
2025-07-24T20:54:09.5577862Z Collecting distlib<1,>=0.3.7 (from virtualenv>=20.29.1->tox)
2025-07-24T20:54:09.5637476Z   Downloading distlib-0.4.0-py2.py3-none-any.whl.metadata (5.2 kB)
2025-07-24T20:54:09.5834870Z Downloading tox-4.25.0-py3-none-any.whl (172 kB)
2025-07-24T20:54:09.5997686Z Downloading cachetools-5.5.2-py3-none-any.whl (10 kB)
2025-07-24T20:54:09.6084151Z Downloading chardet-5.2.0-py3-none-any.whl (199 kB)
2025-07-24T20:54:09.6176582Z Downloading colorama-0.4.6-py2.py3-none-any.whl (25 kB)
2025-07-24T20:54:09.6277035Z Downloading filelock-3.16.1-py3-none-any.whl (16 kB)
2025-07-24T20:54:09.6367854Z Downloading packaging-25.0-py3-none-any.whl (66 kB)
2025-07-24T20:54:09.6462707Z Downloading platformdirs-4.3.6-py3-none-any.whl (18 kB)
2025-07-24T20:54:09.6548723Z Downloading pluggy-1.5.0-py3-none-any.whl (20 kB)
2025-07-24T20:54:09.6640101Z Downloading pyproject_api-1.8.0-py3-none-any.whl (13 kB)
2025-07-24T20:54:09.6729640Z Downloading tomli-2.2.1-py3-none-any.whl (14 kB)
2025-07-24T20:54:09.6815034Z Downloading typing_extensions-4.13.2-py3-none-any.whl (45 kB)
2025-07-24T20:54:09.6901857Z Downloading virtualenv-20.32.0-py3-none-any.whl (6.1 MB)
2025-07-24T20:54:09.7626147Z    ━━━━━━━━━━━━━━━━━━━━━━━━━━━━━━━━━━━━━━━━ 6.1/6.1 MB 93.0 MB/s eta 0:00:00
2025-07-24T20:54:09.7688842Z Downloading distlib-0.4.0-py2.py3-none-any.whl (469 kB)
2025-07-24T20:54:09.9254697Z Installing collected packages: distlib, typing-extensions, tomli, pluggy, platformdirs, packaging, filelock, colorama, chardet, cachetools, virtualenv, pyproject-api, tox
2025-07-24T20:54:10.9887264Z Successfully installed cachetools-5.5.2 chardet-5.2.0 colorama-0.4.6 distlib-0.4.0 filelock-3.16.1 packaging-25.0 platformdirs-4.3.6 pluggy-1.5.0 pyproject-api-1.8.0 tomli-2.2.1 tox-4.25.0 typing-extensions-4.13.2 virtualenv-20.32.0
2025-07-24T20:54:11.0096926Z ##[group]Run tox -e py -- --cov-report=xml
2025-07-24T20:54:11.0097304Z [36;1mtox -e py -- --cov-report=xml[0m
2025-07-24T20:54:11.0125716Z shell: /usr/bin/bash -e {0}
2025-07-24T20:54:11.0125946Z env:
2025-07-24T20:54:11.0126181Z   pythonLocation: /opt/hostedtoolcache/PyPy/3.8.16/x64
2025-07-24T20:54:11.0126546Z   Python_ROOT_DIR: /opt/hostedtoolcache/PyPy/3.8.16/x64
2025-07-24T20:54:11.0126901Z   Python2_ROOT_DIR: /opt/hostedtoolcache/PyPy/3.8.16/x64
2025-07-24T20:54:11.0127257Z   Python3_ROOT_DIR: /opt/hostedtoolcache/PyPy/3.8.16/x64
2025-07-24T20:54:11.0127819Z   PKG_CONFIG_PATH: /opt/hostedtoolcache/PyPy/3.8.16/x64/bin/lib/pkgconfig
2025-07-24T20:54:11.0128150Z ##[endgroup]
2025-07-24T20:54:12.2612573Z py: install_deps> python -I -m pip install pytest pytest-cov pytest-mock
2025-07-24T20:54:15.8234031Z .pkg: install_requires> python -I -m pip install 'setuptools>=46.4.0' versioningit
2025-07-24T20:54:18.0301423Z .pkg: _optional_hooks> python /opt/hostedtoolcache/PyPy/3.8.16/x64/lib/pypy3.8/site-packages/pyproject_api/_backend.py True setuptools.build_meta
2025-07-24T20:54:18.4871424Z .pkg: get_requires_for_build_sdist> python /opt/hostedtoolcache/PyPy/3.8.16/x64/lib/pypy3.8/site-packages/pyproject_api/_backend.py True setuptools.build_meta
2025-07-24T20:54:19.0894777Z .pkg: get_requires_for_build_wheel> python /opt/hostedtoolcache/PyPy/3.8.16/x64/lib/pypy3.8/site-packages/pyproject_api/_backend.py True setuptools.build_meta
2025-07-24T20:54:19.6709338Z .pkg: freeze> python -m pip freeze --all
2025-07-24T20:54:20.1772541Z .pkg: cffi==1.15.1,greenlet==0.4.13,hpy==0.0.4.dev179+g9b5d200,importlib_metadata==8.5.0,packaging==25.0,pip==25.0.1,readline==6.2.4.1,setuptools==75.3.2,tomli==2.2.1,versioningit==3.3.0,wheel==0.45.1,zipp==3.20.2
2025-07-24T20:54:20.1781433Z .pkg: prepare_metadata_for_build_wheel> python /opt/hostedtoolcache/PyPy/3.8.16/x64/lib/pypy3.8/site-packages/pyproject_api/_backend.py True setuptools.build_meta
2025-07-24T20:54:20.8373255Z .pkg: build_sdist> python /opt/hostedtoolcache/PyPy/3.8.16/x64/lib/pypy3.8/site-packages/pyproject_api/_backend.py True setuptools.build_meta
2025-07-24T20:54:21.4645799Z py: install_package_deps> python -I -m pip install 'PyYAML>=5.0' 'click-loglevel~=0.2' 'click>=7.0' 'ghtoken~=0.1' 'in-place~=1.0' 'pydantic~=2.0' 'python-dateutil~=2.7' 'python-dotenv<2.0,>=0.11' 'requests~=2.20' 'typing-extensions; python_version < "3.9"'
2025-07-24T20:55:59.9138004Z py: install_package> python -I -m pip install --force-reinstall --no-deps /home/runner/work/tinuous/tinuous/.tox/.tmp/package/1/tinuous-0.7.0.post14+g5dbf65a.tar.gz
2025-07-24T20:56:05.6481557Z py: freeze> python -m pip freeze --all
2025-07-24T20:56:06.2222529Z py: annotated-types==0.7.0,certifi==2025.7.14,cffi==1.15.1,charset-normalizer==3.4.2,click==8.1.8,click-loglevel==0.6.1,coverage==7.6.1,exceptiongroup==1.3.0,ghtoken==0.1.2,greenlet==0.4.13,hpy==0.0.4.dev179+g9b5d200,idna==3.10,in_place==1.0.1,iniconfig==2.1.0,packaging==25.0,pip==25.0.1,pluggy==1.5.0,pydantic==2.10.6,pydantic_core==2.27.2,pytest==8.3.5,pytest-cov==5.0.0,pytest-mock==3.14.1,python-dateutil==2.9.0.post0,python-dotenv==1.0.1,PyYAML==6.0.2,readline==6.2.4.1,requests==2.32.4,ruamel.yaml==0.18.14,setuptools==75.3.2,six==1.17.0,tinuous @ file:///home/runner/work/tinuous/tinuous/.tox/.tmp/package/1/tinuous-0.7.0.post14%2Bg5dbf65a.tar.gz#sha256=e720d7275d00b9d635ce39720d208212fc28b330a566e6bbca924126a16c7f52,tomli==2.2.1,typing_extensions==4.13.2,urllib3==2.2.3,wheel==0.45.1
2025-07-24T20:56:06.2233869Z py: commands[0]> tinuous --help
2025-07-24T20:56:07.1215123Z Usage: tinuous [OPTIONS] COMMAND [ARGS]...
2025-07-24T20:56:07.1215450Z 
2025-07-24T20:56:07.1215745Z   Download build logs from GitHub Actions, Travis, Appveyor, and CircleCI
2025-07-24T20:56:07.1216185Z 
2025-07-24T20:56:07.1216287Z Options:
2025-07-24T20:56:07.1216653Z   -V, --version                   Show the version and exit.
2025-07-24T20:56:07.1217185Z   -c, --config FILE               Read configuration from the given file
2025-07-24T20:56:07.1218135Z                                   [default: tinuous.yaml]
2025-07-24T20:56:07.1218657Z   -E, --env FILE                  Load environment variables from given .env
2025-07-24T20:56:07.1219132Z                                   file
2025-07-24T20:56:07.1219572Z   -l, --log-level [NOTSET|DEBUG|INFO|WARNING|ERROR|CRITICAL]
2025-07-24T20:56:07.1220063Z                                   Set logging level  [default: INFO]
2025-07-24T20:56:07.1220532Z   --help                          Show this message and exit.
2025-07-24T20:56:07.1220842Z 
2025-07-24T20:56:07.1221158Z Commands:
2025-07-24T20:56:07.1221418Z   fetch         Download logs
2025-07-24T20:56:07.1221810Z   fetch-commit  Download logs for a specific commit
2025-07-24T20:56:07.1222263Z   sanitize      Sanitize secrets in logs
2025-07-24T20:56:07.1314675Z py: commands[1]> pytest --cov-report=xml test
2025-07-24T20:56:11.7972181Z ============================= test session starts ==============================
2025-07-24T20:56:11.7973425Z platform linux -- Python 3.8.16[pypy-7.3.11-final], pytest-8.3.5, pluggy-1.5.0
2025-07-24T20:56:11.7975117Z cachedir: .tox/py/.pytest_cache
2025-07-24T20:56:11.7975587Z rootdir: /home/runner/work/tinuous/tinuous
2025-07-24T20:56:11.7976039Z configfile: tox.ini
2025-07-24T20:56:11.7976383Z plugins: cov-5.0.0, mock-3.14.1
2025-07-24T20:56:11.7976754Z collected 64 items
2025-07-24T20:56:11.7976949Z 
2025-07-24T20:56:11.9251661Z test/test_base.py .........                                              [ 14%]
2025-07-24T20:56:12.0275695Z test/test_config.py ........                                             [ 26%]
2025-07-24T20:56:12.2291425Z test/test_state.py ........                                              [ 39%]
2025-07-24T20:56:13.6295481Z test/test_util.py .......................................                [100%]
2025-07-24T20:56:13.6296040Z 
2025-07-24T20:56:13.6296408Z ---------- coverage: platform linux, python 3.8.16-final-0 -----------
2025-07-24T20:56:13.6297176Z Coverage XML written to file coverage.xml
2025-07-24T20:56:13.6297625Z 
2025-07-24T20:56:13.6297636Z 
2025-07-24T20:56:13.6297890Z ============================== 64 passed in 5.51s ==============================
2025-07-24T20:56:13.6456745Z   py: OK (122.10=setup[114.68]+cmd[0.91,6.51] seconds)
2025-07-24T20:56:13.6457269Z   congratulations :) (122.28 seconds)
2025-07-24T20:56:13.6763252Z ##[group]Run codecov/codecov-action@v5
2025-07-24T20:56:13.6763531Z with:
2025-07-24T20:56:13.6763874Z   fail_ci_if_error: false
2025-07-24T20:56:13.6764270Z   token: ***
2025-07-24T20:56:13.6764450Z   name: pypy-3.8
2025-07-24T20:56:13.6764653Z   disable_file_fixes: false
2025-07-24T20:56:13.6764867Z   disable_search: false
2025-07-24T20:56:13.6765070Z   disable_safe_directory: false
2025-07-24T20:56:13.6765275Z   disable_telem: false
2025-07-24T20:56:13.6765463Z   dry_run: false
2025-07-24T20:56:13.6765632Z   git_service: github
2025-07-24T20:56:13.6765820Z   gcov_executable: gcov
2025-07-24T20:56:13.6766023Z   handle_no_reports_found: false
2025-07-24T20:56:13.6766241Z   recurse_submodules: false
2025-07-24T20:56:13.6766454Z   run_command: upload-coverage
2025-07-24T20:56:13.6766667Z   skip_validation: false
2025-07-24T20:56:13.6766878Z   use_legacy_upload_endpoint: false
2025-07-24T20:56:13.6767099Z   use_oidc: false
2025-07-24T20:56:13.6767272Z   use_pypi: false
2025-07-24T20:56:13.6767475Z   verbose: false
2025-07-24T20:56:13.6767646Z   version: latest
2025-07-24T20:56:13.6767818Z env:
2025-07-24T20:56:13.6768038Z   pythonLocation: /opt/hostedtoolcache/PyPy/3.8.16/x64
2025-07-24T20:56:13.6768377Z   Python_ROOT_DIR: /opt/hostedtoolcache/PyPy/3.8.16/x64
2025-07-24T20:56:13.6768707Z   Python2_ROOT_DIR: /opt/hostedtoolcache/PyPy/3.8.16/x64
2025-07-24T20:56:13.6769029Z   Python3_ROOT_DIR: /opt/hostedtoolcache/PyPy/3.8.16/x64
2025-07-24T20:56:13.6769402Z   PKG_CONFIG_PATH: /opt/hostedtoolcache/PyPy/3.8.16/x64/bin/lib/pkgconfig
2025-07-24T20:56:13.6769744Z ##[endgroup]
2025-07-24T20:56:13.6844378Z ##[group]Run CC_ACTION_VERSION=$(cat ${GITHUB_ACTION_PATH}/src/version)
2025-07-24T20:56:13.6844810Z [36;1mCC_ACTION_VERSION=$(cat ${GITHUB_ACTION_PATH}/src/version)[0m
2025-07-24T20:56:13.6845212Z [36;1mecho -e "\033[0;32m==>\033[0m Running Action version $CC_ACTION_VERSION"[0m
2025-07-24T20:56:13.6874354Z shell: /usr/bin/bash --noprofile --norc -e -o pipefail {0}
2025-07-24T20:56:13.6874670Z env:
2025-07-24T20:56:13.6874901Z   pythonLocation: /opt/hostedtoolcache/PyPy/3.8.16/x64
2025-07-24T20:56:13.6875241Z   Python_ROOT_DIR: /opt/hostedtoolcache/PyPy/3.8.16/x64
2025-07-24T20:56:13.6875583Z   Python2_ROOT_DIR: /opt/hostedtoolcache/PyPy/3.8.16/x64
2025-07-24T20:56:13.6876075Z   Python3_ROOT_DIR: /opt/hostedtoolcache/PyPy/3.8.16/x64
2025-07-24T20:56:13.6876442Z   PKG_CONFIG_PATH: /opt/hostedtoolcache/PyPy/3.8.16/x64/bin/lib/pkgconfig
2025-07-24T20:56:13.6876765Z ##[endgroup]
2025-07-24T20:56:13.6936648Z [0;32m==>[0m Running Action version 5.4.3
2025-07-24T20:56:13.6979393Z ##[group]Run git config --global --add safe.directory "/home/runner/work/tinuous/tinuous"
2025-07-24T20:56:13.6979923Z [36;1mgit config --global --add safe.directory "/home/runner/work/tinuous/tinuous"[0m
2025-07-24T20:56:13.6980369Z [36;1mgit config --global --add safe.directory "$GITHUB_WORKSPACE"[0m
2025-07-24T20:56:13.7005818Z shell: /usr/bin/bash --noprofile --norc -e -o pipefail {0}
2025-07-24T20:56:13.7006129Z env:
2025-07-24T20:56:13.7006360Z   pythonLocation: /opt/hostedtoolcache/PyPy/3.8.16/x64
2025-07-24T20:56:13.7006704Z   Python_ROOT_DIR: /opt/hostedtoolcache/PyPy/3.8.16/x64
2025-07-24T20:56:13.7007031Z   Python2_ROOT_DIR: /opt/hostedtoolcache/PyPy/3.8.16/x64
2025-07-24T20:56:13.7007364Z   Python3_ROOT_DIR: /opt/hostedtoolcache/PyPy/3.8.16/x64
2025-07-24T20:56:13.7007726Z   PKG_CONFIG_PATH: /opt/hostedtoolcache/PyPy/3.8.16/x64/bin/lib/pkgconfig
2025-07-24T20:56:13.7008052Z ##[endgroup]
2025-07-24T20:56:13.7101456Z ##[group]Run CC_FORK="false"
2025-07-24T20:56:13.7101694Z [36;1mCC_FORK="false"[0m
2025-07-24T20:56:13.7102179Z [36;1mif [ -n "$GITHUB_EVENT_PULL_REQUEST_HEAD_REPO_FULL_NAME" ] && [ "$GITHUB_EVENT_PULL_REQUEST_HEAD_REPO_FULL_NAME" != "$GITHUB_REPOSITORY" ];[0m
2025-07-24T20:56:13.7102679Z [36;1mthen[0m
2025-07-24T20:56:13.7102893Z [36;1m  echo -e "\033[0;32m==>\033[0m Fork detected"[0m
2025-07-24T20:56:13.7103185Z [36;1m  CC_FORK="true"[0m
2025-07-24T20:56:13.7103386Z [36;1mfi[0m
2025-07-24T20:56:13.7103983Z [36;1mecho "CC_FORK=$CC_FORK" >> "$GITHUB_ENV"[0m
2025-07-24T20:56:13.7128837Z shell: /usr/bin/bash --noprofile --norc -e -o pipefail {0}
2025-07-24T20:56:13.7129177Z env:
2025-07-24T20:56:13.7129412Z   pythonLocation: /opt/hostedtoolcache/PyPy/3.8.16/x64
2025-07-24T20:56:13.7129756Z   Python_ROOT_DIR: /opt/hostedtoolcache/PyPy/3.8.16/x64
2025-07-24T20:56:13.7130073Z   Python2_ROOT_DIR: /opt/hostedtoolcache/PyPy/3.8.16/x64
2025-07-24T20:56:13.7130406Z   Python3_ROOT_DIR: /opt/hostedtoolcache/PyPy/3.8.16/x64
2025-07-24T20:56:13.7130778Z   PKG_CONFIG_PATH: /opt/hostedtoolcache/PyPy/3.8.16/x64/bin/lib/pkgconfig
2025-07-24T20:56:13.7131152Z   GITHUB_EVENT_PULL_REQUEST_HEAD_LABEL: con:bf-circleci
2025-07-24T20:56:13.7131483Z   GITHUB_EVENT_PULL_REQUEST_HEAD_REPO_FULL_NAME: con/tinuous
2025-07-24T20:56:13.7131778Z   GITHUB_REPOSITORY: con/tinuous
2025-07-24T20:56:13.7131993Z ##[endgroup]
2025-07-24T20:56:13.7232000Z ##[group]Run actions/github-script@v7
2025-07-24T20:56:13.7232237Z with:
2025-07-24T20:56:13.7232753Z   script: if (process.env.CC_USE_OIDC === 'true' && process.env.CC_FORK != 'true') {
  const id_token = await core.getIDToken(process.env.CC_OIDC_AUDIENCE)
  return id_token
}

2025-07-24T20:56:13.7233466Z   github-token: ***
2025-07-24T20:56:13.7233825Z   debug: false
2025-07-24T20:56:13.7234023Z   user-agent: actions/github-script
2025-07-24T20:56:13.7248438Z   result-encoding: json
2025-07-24T20:56:13.7248774Z   retries: 0
2025-07-24T20:56:13.7249107Z   retry-exempt-status-codes: 400,401,403,404,422
2025-07-24T20:56:13.7249486Z env:
2025-07-24T20:56:13.7249718Z   pythonLocation: /opt/hostedtoolcache/PyPy/3.8.16/x64
2025-07-24T20:56:13.7250072Z   Python_ROOT_DIR: /opt/hostedtoolcache/PyPy/3.8.16/x64
2025-07-24T20:56:13.7250403Z   Python2_ROOT_DIR: /opt/hostedtoolcache/PyPy/3.8.16/x64
2025-07-24T20:56:13.7250732Z   Python3_ROOT_DIR: /opt/hostedtoolcache/PyPy/3.8.16/x64
2025-07-24T20:56:13.7251120Z   PKG_CONFIG_PATH: /opt/hostedtoolcache/PyPy/3.8.16/x64/bin/lib/pkgconfig
2025-07-24T20:56:13.7251451Z   CC_FORK: false
2025-07-24T20:56:13.7251661Z   CC_OIDC_AUDIENCE: https://codecov.io
2025-07-24T20:56:13.7251905Z   CC_USE_OIDC: false
2025-07-24T20:56:13.7252092Z ##[endgroup]
2025-07-24T20:56:13.8192592Z ##[group]Run if [ "false" == 'true' ] && [ "$CC_FORK" != 'true' ];
2025-07-24T20:56:13.8193171Z [36;1mif [ "false" == 'true' ] && [ "$CC_FORK" != 'true' ];[0m
2025-07-24T20:56:13.8193441Z [36;1mthen[0m
2025-07-24T20:56:13.8193956Z [36;1m  echo "CC_TOKEN=$CC_OIDC_TOKEN" >> "$GITHUB_ENV"[0m
2025-07-24T20:56:13.8194239Z [36;1melif [ -n "" ];[0m
2025-07-24T20:56:13.8194435Z [36;1mthen[0m
2025-07-24T20:56:13.8194651Z [36;1m  echo -e "\033[0;32m==>\033[0m Token set from env"[0m
2025-07-24T20:56:13.8194949Z [36;1m    echo "CC_TOKEN=" >> "$GITHUB_ENV"[0m
2025-07-24T20:56:13.8195188Z [36;1melse[0m
2025-07-24T20:56:13.8195541Z [36;1m  if [ -n "***" ];[0m
2025-07-24T20:56:13.8195744Z [36;1m  then[0m
2025-07-24T20:56:13.8195989Z [36;1m    echo -e "\033[0;32m==>\033[0m Token set from input"[0m
2025-07-24T20:56:13.8196393Z [36;1m    CC_TOKEN=$(echo "***" | tr -d '\n')[0m
2025-07-24T20:56:13.8196677Z [36;1m    echo "CC_TOKEN=$CC_TOKEN" >> "$GITHUB_ENV"[0m
2025-07-24T20:56:13.8196932Z [36;1m  fi[0m
2025-07-24T20:56:13.8197102Z [36;1mfi[0m
2025-07-24T20:56:13.8224867Z shell: /usr/bin/bash --noprofile --norc -e -o pipefail {0}
2025-07-24T20:56:13.8225164Z env:
2025-07-24T20:56:13.8225394Z   pythonLocation: /opt/hostedtoolcache/PyPy/3.8.16/x64
2025-07-24T20:56:13.8225729Z   Python_ROOT_DIR: /opt/hostedtoolcache/PyPy/3.8.16/x64
2025-07-24T20:56:13.8226060Z   Python2_ROOT_DIR: /opt/hostedtoolcache/PyPy/3.8.16/x64
2025-07-24T20:56:13.8226377Z   Python3_ROOT_DIR: /opt/hostedtoolcache/PyPy/3.8.16/x64
2025-07-24T20:56:13.8226736Z   PKG_CONFIG_PATH: /opt/hostedtoolcache/PyPy/3.8.16/x64/bin/lib/pkgconfig
2025-07-24T20:56:13.8227056Z   CC_FORK: false
2025-07-24T20:56:13.8227225Z   CC_OIDC_TOKEN: 
2025-07-24T20:56:13.8227423Z   CC_OIDC_AUDIENCE: https://codecov.io
2025-07-24T20:56:13.8227835Z ##[endgroup]
2025-07-24T20:56:13.8274416Z [0;32m==>[0m Token set from input
2025-07-24T20:56:13.8312586Z ##[group]Run if [ -z "$CC_BRANCH" ] && [ -z "$CC_TOKEN" ] && [ "$CC_FORK" == 'true' ]
2025-07-24T20:56:13.8313009Z [36;1mif [ -z "$CC_BRANCH" ] && [ -z "$CC_TOKEN" ] && [ "$CC_FORK" == 'true' ][0m
2025-07-24T20:56:13.8313318Z [36;1mthen[0m
2025-07-24T20:56:13.8313897Z [36;1m  echo -e "\033[0;32m==>\033[0m Fork detected, setting branch to $GITHUB_EVENT_PULL_REQUEST_HEAD_LABEL"[0m
2025-07-24T20:56:13.8314379Z [36;1m  TOKENLESS="$GITHUB_EVENT_PULL_REQUEST_HEAD_LABEL"[0m
2025-07-24T20:56:13.8314707Z [36;1m  CC_BRANCH="$GITHUB_EVENT_PULL_REQUEST_HEAD_LABEL"[0m
2025-07-24T20:56:13.8315021Z [36;1m  echo "TOKENLESS=$TOKENLESS" >> "$GITHUB_ENV"[0m
2025-07-24T20:56:13.8315279Z [36;1mfi[0m
2025-07-24T20:56:13.8315438Z [36;1m[0m
2025-07-24T20:56:13.8315640Z [36;1mecho "CC_BRANCH=$CC_BRANCH" >> "$GITHUB_ENV"[0m
2025-07-24T20:56:13.8340298Z shell: /usr/bin/bash --noprofile --norc -e -o pipefail {0}
2025-07-24T20:56:13.8340604Z env:
2025-07-24T20:56:13.8340833Z   pythonLocation: /opt/hostedtoolcache/PyPy/3.8.16/x64
2025-07-24T20:56:13.8341165Z   Python_ROOT_DIR: /opt/hostedtoolcache/PyPy/3.8.16/x64
2025-07-24T20:56:13.8341501Z   Python2_ROOT_DIR: /opt/hostedtoolcache/PyPy/3.8.16/x64
2025-07-24T20:56:13.8341826Z   Python3_ROOT_DIR: /opt/hostedtoolcache/PyPy/3.8.16/x64
2025-07-24T20:56:13.8342207Z   PKG_CONFIG_PATH: /opt/hostedtoolcache/PyPy/3.8.16/x64/bin/lib/pkgconfig
2025-07-24T20:56:13.8342530Z   CC_FORK: false
2025-07-24T20:56:13.8342783Z   CC_TOKEN: ***
2025-07-24T20:56:13.8342951Z   CC_BRANCH: 
2025-07-24T20:56:13.8343163Z   GITHUB_EVENT_PULL_REQUEST_HEAD_LABEL: con:bf-circleci
2025-07-24T20:56:13.8343497Z   GITHUB_EVENT_PULL_REQUEST_HEAD_REPO_FULL_NAME: con/tinuous
2025-07-24T20:56:13.8344101Z   GITHUB_REPOSITORY: con/tinuous
2025-07-24T20:56:13.8344324Z ##[endgroup]
2025-07-24T20:56:13.8410997Z ##[group]Run if [ -z "$CC_SHA" ];
2025-07-24T20:56:13.8411258Z [36;1mif [ -z "$CC_SHA" ];[0m
2025-07-24T20:56:13.8411469Z [36;1mthen[0m
2025-07-24T20:56:13.8411686Z [36;1m  CC_SHA="$GITHUB_EVENT_PULL_REQUEST_HEAD_SHA"[0m
2025-07-24T20:56:13.8411948Z [36;1mfi[0m
2025-07-24T20:56:13.8412200Z [36;1mif [ -z "$CC_PR" ] && [ "${GITHUB_EVENT_NAME}" == "pull_request_target" ];[0m
2025-07-24T20:56:13.8412670Z [36;1mthen[0m
2025-07-24T20:56:13.8412853Z [36;1m  CC_PR="$GITHUB_EVENT_NUMBER"[0m
2025-07-24T20:56:13.8413080Z [36;1mfi[0m
2025-07-24T20:56:13.8413236Z [36;1m[0m
2025-07-24T20:56:13.8413417Z [36;1mecho "CC_SHA=$CC_SHA" >> "$GITHUB_ENV"[0m
2025-07-24T20:56:13.8413902Z [36;1mecho "CC_PR=$CC_PR" >> "$GITHUB_ENV"[0m
2025-07-24T20:56:13.8438832Z shell: /usr/bin/bash --noprofile --norc -e -o pipefail {0}
2025-07-24T20:56:13.8439137Z env:
2025-07-24T20:56:13.8439361Z   pythonLocation: /opt/hostedtoolcache/PyPy/3.8.16/x64
2025-07-24T20:56:13.8439706Z   Python_ROOT_DIR: /opt/hostedtoolcache/PyPy/3.8.16/x64
2025-07-24T20:56:13.8440023Z   Python2_ROOT_DIR: /opt/hostedtoolcache/PyPy/3.8.16/x64
2025-07-24T20:56:13.8440356Z   Python3_ROOT_DIR: /opt/hostedtoolcache/PyPy/3.8.16/x64
2025-07-24T20:56:13.8440729Z   PKG_CONFIG_PATH: /opt/hostedtoolcache/PyPy/3.8.16/x64/bin/lib/pkgconfig
2025-07-24T20:56:13.8441045Z   CC_FORK: false
2025-07-24T20:56:13.8441314Z   CC_TOKEN: ***
2025-07-24T20:56:13.8441483Z   CC_BRANCH: 
2025-07-24T20:56:13.8441641Z   CC_PR: 
2025-07-24T20:56:13.8441790Z   CC_SHA: 
2025-07-24T20:56:13.8441952Z   GITHUB_EVENT_NAME: pull_request
2025-07-24T20:56:13.8442186Z   GITHUB_EVENT_NUMBER: 211
2025-07-24T20:56:13.8442502Z   GITHUB_EVENT_PULL_REQUEST_HEAD_SHA: 11245bdc470bab96de6c4828fc76f1273796cc81
2025-07-24T20:56:13.8442841Z ##[endgroup]
2025-07-24T20:56:13.8514939Z ##[group]Run ${GITHUB_ACTION_PATH}/dist/codecov.sh
2025-07-24T20:56:13.8515272Z [36;1m${GITHUB_ACTION_PATH}/dist/codecov.sh[0m
2025-07-24T20:56:13.8540003Z shell: /usr/bin/bash --noprofile --norc -e -o pipefail {0}
2025-07-24T20:56:13.8540307Z env:
2025-07-24T20:56:13.8540534Z   pythonLocation: /opt/hostedtoolcache/PyPy/3.8.16/x64
2025-07-24T20:56:13.8541043Z   Python_ROOT_DIR: /opt/hostedtoolcache/PyPy/3.8.16/x64
2025-07-24T20:56:13.8541387Z   Python2_ROOT_DIR: /opt/hostedtoolcache/PyPy/3.8.16/x64
2025-07-24T20:56:13.8541707Z   Python3_ROOT_DIR: /opt/hostedtoolcache/PyPy/3.8.16/x64
2025-07-24T20:56:13.8542085Z   PKG_CONFIG_PATH: /opt/hostedtoolcache/PyPy/3.8.16/x64/bin/lib/pkgconfig
2025-07-24T20:56:13.8542406Z   CC_FORK: false
2025-07-24T20:56:13.8542672Z   CC_TOKEN: ***
2025-07-24T20:56:13.8542845Z   CC_BRANCH: 
2025-07-24T20:56:13.8543052Z   CC_SHA: 11245bdc470bab96de6c4828fc76f1273796cc81
2025-07-24T20:56:13.8543297Z   CC_PR: 
2025-07-24T20:56:13.8543455Z   CC_BASE_SHA: 
2025-07-24T20:56:13.8543827Z   CC_BINARY: 
2025-07-24T20:56:13.8543997Z   CC_BUILD: 
2025-07-24T20:56:13.8544156Z   CC_BUILD_URL: 
2025-07-24T20:56:13.8544341Z   CC_CODE: 
2025-07-24T20:56:13.8544489Z   CC_DIR: 
2025-07-24T20:56:13.8544660Z   CC_DISABLE_FILE_FIXES: false
2025-07-24T20:56:13.8544877Z   CC_DISABLE_SEARCH: false
2025-07-24T20:56:13.8545085Z   CC_DISABLE_TELEM: false
2025-07-24T20:56:13.8545277Z   CC_DRY_RUN: false
2025-07-24T20:56:13.8545455Z   CC_ENTERPRISE_URL: 
2025-07-24T20:56:13.8545626Z   CC_ENV: 
2025-07-24T20:56:13.8545788Z   CC_EXCLUDES: 
2025-07-24T20:56:13.8545961Z   CC_FAIL_ON_ERROR: false
2025-07-24T20:56:13.8546147Z   CC_FILES: 
2025-07-24T20:56:13.8546304Z   CC_FLAGS: 
2025-07-24T20:56:13.8546451Z   CC_FORCE: 
2025-07-24T20:56:13.8546603Z   CC_GCOV_ARGS: 
2025-07-24T20:56:13.8546777Z   CC_GCOV_EXECUTABLE: gcov
2025-07-24T20:56:13.8546970Z   CC_GCOV_IGNORE: 
2025-07-24T20:56:13.8547141Z   CC_GCOV_INCLUDE: 
2025-07-24T20:56:13.8547311Z   CC_GIT_SERVICE: github
2025-07-24T20:56:13.8547521Z   CC_HANDLE_NO_REPORTS_FOUND: false
2025-07-24T20:56:13.8547737Z   CC_JOB_CODE: 
2025-07-24T20:56:13.8547904Z   CC_LEGACY: false
2025-07-24T20:56:13.8548076Z   CC_NAME: pypy-3.8
2025-07-24T20:56:13.8548245Z   CC_NETWORK_FILTER: 
2025-07-24T20:56:13.8548427Z   CC_NETWORK_PREFIX: 
2025-07-24T20:56:13.8548604Z   CC_NETWORK_ROOT_FOLDER: 
2025-07-24T20:56:13.8548795Z   CC_OS: 
2025-07-24T20:56:13.8548948Z   CC_PARENT_SHA: 
2025-07-24T20:56:13.8549111Z   CC_PLUGINS: 
2025-07-24T20:56:13.8549286Z   CC_RECURSE_SUBMODULES: false
2025-07-24T20:56:13.8549482Z   CC_REPORT_TYPE: 
2025-07-24T20:56:13.8549809Z   CC_RUN_CMD: upload-coverage
2025-07-24T20:56:13.8550015Z   CC_SERVICE: github
2025-07-24T20:56:13.8550195Z   CC_SKIP_VALIDATION: false
2025-07-24T20:56:13.8550388Z   CC_SLUG: 
2025-07-24T20:56:13.8550543Z   CC_SWIFT_PROJECT: 
2025-07-24T20:56:13.8550723Z   CC_USE_PYPI: false
2025-07-24T20:56:13.8550899Z   CC_VERBOSE: false
2025-07-24T20:56:13.8551066Z   CC_VERSION: latest
2025-07-24T20:56:13.8551238Z   CC_YML_PATH: 
2025-07-24T20:56:13.8551397Z ##[endgroup]
2025-07-24T20:56:13.8617806Z      _____          _
2025-07-24T20:56:13.8618163Z     / ____|        | |
2025-07-24T20:56:13.8618499Z    | |     ___   __| | ___  ___ _____   __
2025-07-24T20:56:13.8618895Z    | |    / _ \ / _` |/ _ \/ __/ _ \ \ / /
2025-07-24T20:56:13.8619318Z    | |___| (_) | (_| |  __/ (_| (_) \ V /
2025-07-24T20:56:13.8619707Z     \_____\___/ \__,_|\___|\___\___/ \_/
2025-07-24T20:56:13.8620384Z                            [0;31m Wrapper-0.2.1[0m
2025-07-24T20:56:13.8620819Z                                   
2025-07-24T20:56:13.8673133Z [0;32m==>[0m Detected [0;36mlinux[0m
2025-07-24T20:56:13.8674121Z [0;32m ->[0m Downloading [0;36mhttps://cli.codecov.io/latest/linux/codecov[0m
2025-07-24T20:56:13.8726927Z   % Total    % Received % Xferd  Average Speed   Time    Time     Time  Current
2025-07-24T20:56:13.8727576Z                                  Dload  Upload   Total   Spent    Left  Speed
2025-07-24T20:56:13.8727904Z 
2025-07-24T20:56:13.9580849Z   0     0    0     0    0     0      0      0 --:--:-- --:--:-- --:--:--     0
2025-07-24T20:56:13.9581302Z 100 10.6M  100 10.6M    0     0   124M      0 --:--:-- --:--:-- --:--:--  125M
2025-07-24T20:56:13.9607559Z [0;32m==>[0m Finishing downloading [0;36mlinux:latest[0m
2025-07-24T20:56:14.0095904Z       Version: [0;36mv11.0.3[0m
2025-07-24T20:56:14.0096677Z  
2025-07-24T20:56:14.1312517Z gpg: directory '/home/runner/.gnupg' created
2025-07-24T20:56:14.1352731Z gpg: keybox '/home/runner/.gnupg/pubring.kbx' created
2025-07-24T20:56:14.1506516Z gpg: /home/runner/.gnupg/trustdb.gpg: trustdb created
2025-07-24T20:56:14.1507521Z gpg: key 806BB28AED779869: public key "Codecov Uploader (Codecov Uploader Verification Key) <security@codecov.io>" imported
2025-07-24T20:56:14.1846064Z gpg: Total number processed: 1
2025-07-24T20:56:14.1846501Z gpg:               imported: 1
2025-07-24T20:56:14.1853027Z [0;32m==>[0m Verifying GPG signature integrity
2025-07-24T20:56:14.1854305Z [0;32m ->[0m Downloading [0;36mhttps://cli.codecov.io/latest/linux/codecov.SHA256SUM[0m
2025-07-24T20:56:14.1855348Z [0;32m ->[0m Downloading [0;36mhttps://cli.codecov.io/latest/linux/codecov.SHA256SUM.sig[0m
2025-07-24T20:56:14.1855987Z  
2025-07-24T20:56:14.2954715Z gpg: Signature made Thu May 29 21:23:31 2025 UTC
2025-07-24T20:56:14.2955393Z gpg:                using RSA key 27034E7FDB850E0BBC2C62FF806BB28AED779869
2025-07-24T20:56:14.2958012Z gpg: Good signature from "Codecov Uploader (Codecov Uploader Verification Key) <security@codecov.io>" [unknown]
2025-07-24T20:56:14.2959101Z gpg: WARNING: This key is not certified with a trusted signature!
2025-07-24T20:56:14.2959906Z gpg:          There is no indication that the signature belongs to the owner.
2025-07-24T20:56:14.2960704Z Primary key fingerprint: 2703 4E7F DB85 0E0B BC2C  62FF 806B B28A ED77 9869
2025-07-24T20:56:14.3679481Z codecov: OK
2025-07-24T20:56:14.3690793Z [0;32m==>[0m CLI integrity verified
2025-07-24T20:56:14.3691099Z 
2025-07-24T20:56:14.3774426Z [0;32m ->[0m Token of length 36 detected
2025-07-24T20:56:14.4350008Z [0;32m==>[0m Running upload-coverage
2025-07-24T20:56:14.4360237Z       [0;36m./codecov  upload-coverage -t <redacted> --git-service github --sha 11245bdc470bab96de6c4828fc76f1273796cc81 --gcov-executable gcov --name pypy-3.8[0m
2025-07-24T20:56:14.7800899Z info - 2025-07-24 20:56:14,779 -- ci service found: github-actions
2025-07-24T20:56:14.8215468Z warning - 2025-07-24 20:56:14,821 -- xcrun is not installed or can't be found.
2025-07-24T20:56:14.8866822Z warning - 2025-07-24 20:56:14,886 -- No gcov data found.
2025-07-24T20:56:14.8871487Z warning - 2025-07-24 20:56:14,886 -- coverage.py is not installed or can't be found.
2025-07-24T20:56:14.9040087Z info - 2025-07-24 20:56:14,903 -- Found 1 coverage files to report
2025-07-24T20:56:14.9040902Z info - 2025-07-24 20:56:14,903 -- > /home/runner/work/tinuous/tinuous/coverage.xml
2025-07-24T20:56:15.4337803Z info - 2025-07-24 20:56:15,433 -- Your upload is now processing. When finished, results will be available at: https://app.codecov.io/github/con/tinuous/commit/11245bdc470bab96de6c4828fc76f1273796cc81
2025-07-24T20:56:15.5614664Z info - 2025-07-24 20:56:15,561 -- Process Upload complete
2025-07-24T20:56:15.6945689Z Post job cleanup.
2025-07-24T20:56:15.8560639Z Post job cleanup.
2025-07-24T20:56:15.9503101Z [command]/usr/bin/git version
2025-07-24T20:56:15.9547261Z git version 2.50.1
2025-07-24T20:56:15.9586276Z Copying '/home/runner/.gitconfig' to '/home/runner/work/_temp/076e951e-8621-4344-a108-371e240dee73/.gitconfig'
2025-07-24T20:56:15.9595929Z Temporarily overriding HOME='/home/runner/work/_temp/076e951e-8621-4344-a108-371e240dee73' before making global git config changes
2025-07-24T20:56:15.9597226Z Adding repository directory to the temporary git global config as a safe directory
2025-07-24T20:56:15.9601659Z [command]/usr/bin/git config --global --add safe.directory /home/runner/work/tinuous/tinuous
2025-07-24T20:56:15.9637101Z [command]/usr/bin/git config --local --name-only --get-regexp core\.sshCommand
2025-07-24T20:56:15.9669196Z [command]/usr/bin/git submodule foreach --recursive sh -c "git config --local --name-only --get-regexp 'core\.sshCommand' && git config --local --unset-all 'core.sshCommand' || :"
2025-07-24T20:56:15.9896232Z [command]/usr/bin/git config --local --name-only --get-regexp http\.https\:\/\/github\.com\/\.extraheader
2025-07-24T20:56:15.9917665Z http.https://github.com/.extraheader
2025-07-24T20:56:15.9931302Z [command]/usr/bin/git config --local --unset-all http.https://github.com/.extraheader
2025-07-24T20:56:15.9963785Z [command]/usr/bin/git submodule foreach --recursive sh -c "git config --local --name-only --get-regexp 'http\.https\:\/\/github\.com\/\.extraheader' && git config --local --unset-all 'http.https://github.com/.extraheader' || :"
2025-07-24T20:56:16.0311396Z Cleaning up orphan processes
