2021-05-14T13:51:20.5626540Z ##[section]Starting: Request a runner to run this job
2021-05-14T13:51:20.7496074Z Can't find any online and idle self-hosted runner in current repository that matches the required labels: 'ubuntu-latest'
2021-05-14T13:51:20.7496169Z Can't find any online and idle self-hosted runner in current repository's account/organization that matches the required labels: 'ubuntu-latest'
2021-05-14T13:51:20.7496368Z Found online and idle hosted runner in current repository's account/organization that matches the required labels: 'ubuntu-latest'
2021-05-14T13:51:20.8995245Z ##[section]Finishing: Request a runner to run this job
2021-05-14T13:51:25.6272175Z Current runner version: '2.278.0'
2021-05-14T13:51:25.6299199Z ##[group]Operating System
2021-05-14T13:51:25.6300153Z Ubuntu
2021-05-14T13:51:25.6300556Z 20.04.2
2021-05-14T13:51:25.6300979Z LTS
2021-05-14T13:51:25.6301439Z ##[endgroup]
2021-05-14T13:51:25.6301989Z ##[group]Virtual Environment
2021-05-14T13:51:25.6302607Z Environment: ubuntu-20.04
2021-05-14T13:51:25.6303148Z Version: 20210510.0
2021-05-14T13:51:25.6304064Z Included Software: https://github.com/actions/virtual-environments/blob/ubuntu20/20210510.0/images/linux/Ubuntu2004-README.md
2021-05-14T13:51:25.6305393Z Image Release: https://github.com/actions/virtual-environments/releases/tag/ubuntu20%2F20210510.0
2021-05-14T13:51:25.6306260Z ##[endgroup]
2021-05-14T13:51:25.6308055Z ##[group]GITHUB_TOKEN Permissions
2021-05-14T13:51:25.6309265Z Actions: write
2021-05-14T13:51:25.6309824Z Checks: write
2021-05-14T13:51:25.6310286Z Contents: write
2021-05-14T13:51:25.6310829Z Deployments: write
2021-05-14T13:51:25.6311430Z Issues: write
2021-05-14T13:51:25.6311955Z Metadata: read
2021-05-14T13:51:25.6312452Z Packages: write
2021-05-14T13:51:25.6313008Z PullRequests: write
2021-05-14T13:51:25.6424754Z RepositoryProjects: write
2021-05-14T13:51:25.6425413Z SecurityEvents: write
2021-05-14T13:51:25.6425952Z Statuses: write
2021-05-14T13:51:25.6426717Z ##[endgroup]
2021-05-14T13:51:25.6430062Z Prepare workflow directory
2021-05-14T13:51:25.7042183Z Prepare all required actions
2021-05-14T13:51:25.7052562Z Getting action download info
2021-05-14T13:51:26.0863341Z Download action repository 'actions/checkout@v2'
2021-05-14T13:51:28.2290269Z Download action repository 'actions/setup-python@v2'
2021-05-14T13:51:28.9221969Z ##[group]Run actions/checkout@v2
2021-05-14T13:51:28.9222598Z with:
2021-05-14T13:51:28.9222986Z   repository: con/tinuous
2021-05-14T13:51:28.9223834Z   token: ***
2021-05-14T13:51:28.9224192Z   ssh-strict: true
2021-05-14T13:51:28.9224668Z   persist-credentials: true
2021-05-14T13:51:28.9225105Z   clean: true
2021-05-14T13:51:28.9225471Z   fetch-depth: 1
2021-05-14T13:51:28.9225841Z   lfs: false
2021-05-14T13:51:28.9226210Z   submodules: false
2021-05-14T13:51:28.9226575Z ##[endgroup]
2021-05-14T13:51:29.1758708Z Syncing repository: con/tinuous
2021-05-14T13:51:29.7288351Z ##[group]Getting Git version info
2021-05-14T13:51:29.7289719Z Working directory is '/home/runner/work/tinuous/tinuous'
2021-05-14T13:51:29.7290391Z [command]/usr/bin/git version
2021-05-14T13:51:29.7290848Z git version 2.31.1
2021-05-14T13:51:29.7291775Z ##[endgroup]
2021-05-14T13:51:29.7293023Z Deleting the contents of '/home/runner/work/tinuous/tinuous'
2021-05-14T13:51:29.7294430Z ##[group]Initializing the repository
2021-05-14T13:51:29.7295108Z [command]/usr/bin/git init /home/runner/work/tinuous/tinuous
2021-05-14T13:51:29.7296117Z hint: Using 'master' as the name for the initial branch. This default branch name
2021-05-14T13:51:29.7296958Z hint: is subject to change. To configure the initial branch name to use in all
2021-05-14T13:51:29.7297771Z hint: of your new repositories, which will suppress this warning, call:
2021-05-14T13:51:29.7298385Z hint: 
2021-05-14T13:51:29.7299112Z hint: 	git config --global init.defaultBranch <name>
2021-05-14T13:51:29.7299655Z hint: 
2021-05-14T13:51:29.7300384Z hint: Names commonly chosen instead of 'master' are 'main', 'trunk' and
2021-05-14T13:51:29.7301382Z hint: 'development'. The just-created branch can be renamed via this command:
2021-05-14T13:51:29.7302000Z hint: 
2021-05-14T13:51:29.7302525Z hint: 	git branch -m <name>
2021-05-14T13:51:29.7303205Z Initialized empty Git repository in /home/runner/work/tinuous/tinuous/.git/
2021-05-14T13:51:29.7304083Z [command]/usr/bin/git remote add origin https://github.com/con/tinuous
2021-05-14T13:51:29.7304756Z ##[endgroup]
2021-05-14T13:51:29.7305310Z ##[group]Disabling automatic garbage collection
2021-05-14T13:51:29.7306115Z [command]/usr/bin/git config --local gc.auto 0
2021-05-14T13:51:29.7306636Z ##[endgroup]
2021-05-14T13:51:29.7308343Z ##[group]Setting up auth
2021-05-14T13:51:29.7309501Z [command]/usr/bin/git config --local --name-only --get-regexp core\.sshCommand
2021-05-14T13:51:29.7310995Z [command]/usr/bin/git submodule foreach --recursive git config --local --name-only --get-regexp 'core\.sshCommand' && git config --local --unset-all 'core.sshCommand' || :
2021-05-14T13:51:29.7312537Z [command]/usr/bin/git config --local --name-only --get-regexp http\.https\:\/\/github\.com\/\.extraheader
2021-05-14T13:51:29.7314431Z [command]/usr/bin/git submodule foreach --recursive git config --local --name-only --get-regexp 'http\.https\:\/\/github\.com\/\.extraheader' && git config --local --unset-all 'http.https://github.com/.extraheader' || :
2021-05-14T13:51:29.7317310Z [command]/usr/bin/git config --local http.https://github.com/.extraheader AUTHORIZATION: basic ***
2021-05-14T13:51:29.7318257Z ##[endgroup]
2021-05-14T13:51:29.7319201Z ##[group]Fetching the repository
2021-05-14T13:51:29.7323695Z [command]/usr/bin/git -c protocol.version=2 fetch --no-tags --prune --progress --no-recurse-submodules --depth=1 origin +9a9d5762c18052974db7efd3810bea7a63d5e936:refs/remotes/pull/47/merge
2021-05-14T13:51:29.7325323Z remote: Enumerating objects: 24, done.        
2021-05-14T13:51:29.7325918Z remote: Counting objects:   4% (1/24)        
2021-05-14T13:51:29.7326450Z remote: Counting objects:   8% (2/24)        
2021-05-14T13:51:29.7326995Z remote: Counting objects:  12% (3/24)        
2021-05-14T13:51:29.7327528Z remote: Counting objects:  16% (4/24)        
2021-05-14T13:51:29.7328074Z remote: Counting objects:  20% (5/24)        
2021-05-14T13:51:29.7328683Z remote: Counting objects:  25% (6/24)        
2021-05-14T13:51:29.7329348Z remote: Counting objects:  29% (7/24)        
2021-05-14T13:51:29.7329867Z remote: Counting objects:  33% (8/24)        
2021-05-14T13:51:29.7330364Z remote: Counting objects:  37% (9/24)        
2021-05-14T13:51:29.7330862Z remote: Counting objects:  41% (10/24)        
2021-05-14T13:51:29.7331340Z remote: Counting objects:  45% (11/24)        
2021-05-14T13:51:29.7331832Z remote: Counting objects:  50% (12/24)        
2021-05-14T13:51:29.7332324Z remote: Counting objects:  54% (13/24)        
2021-05-14T13:51:29.7332818Z remote: Counting objects:  58% (14/24)        
2021-05-14T13:51:29.7333297Z remote: Counting objects:  62% (15/24)        
2021-05-14T13:51:29.7333787Z remote: Counting objects:  66% (16/24)        
2021-05-14T13:51:29.7334269Z remote: Counting objects:  70% (17/24)        
2021-05-14T13:51:29.7334754Z remote: Counting objects:  75% (18/24)        
2021-05-14T13:51:29.7335246Z remote: Counting objects:  79% (19/24)        
2021-05-14T13:51:29.7335736Z remote: Counting objects:  83% (20/24)        
2021-05-14T13:51:29.7336230Z remote: Counting objects:  87% (21/24)        
2021-05-14T13:51:29.7336705Z remote: Counting objects:  91% (22/24)        
2021-05-14T13:51:29.7337983Z remote: Counting objects:  95% (23/24)        
2021-05-14T13:51:29.7338594Z remote: Counting objects: 100% (24/24)        
2021-05-14T13:51:29.7339189Z remote: Counting objects: 100% (24/24), done.        
2021-05-14T13:51:29.7339810Z remote: Compressing objects:   5% (1/19)        
2021-05-14T13:51:29.7340431Z remote: Compressing objects:  10% (2/19)        
2021-05-14T13:51:29.7341236Z remote: Compressing objects:  15% (3/19)        
2021-05-14T13:51:29.7341903Z remote: Compressing objects:  21% (4/19)        
2021-05-14T13:51:29.7342441Z remote: Compressing objects:  26% (5/19)        
2021-05-14T13:51:29.7342965Z remote: Compressing objects:  31% (6/19)        
2021-05-14T13:51:29.7343501Z remote: Compressing objects:  36% (7/19)        
2021-05-14T13:51:29.7344024Z remote: Compressing objects:  42% (8/19)        
2021-05-14T13:51:29.7344566Z remote: Compressing objects:  47% (9/19)        
2021-05-14T13:51:29.7345099Z remote: Compressing objects:  52% (10/19)        
2021-05-14T13:51:29.7345639Z remote: Compressing objects:  57% (11/19)        
2021-05-14T13:51:29.7346166Z remote: Compressing objects:  63% (12/19)        
2021-05-14T13:51:29.7346704Z remote: Compressing objects:  68% (13/19)        
2021-05-14T13:51:29.7347565Z remote: Compressing objects:  73% (14/19)        
2021-05-14T13:51:29.7348131Z remote: Compressing objects:  78% (15/19)        
2021-05-14T13:51:29.7348708Z remote: Compressing objects:  84% (16/19)        
2021-05-14T13:51:29.7349264Z remote: Compressing objects:  89% (17/19)        
2021-05-14T13:51:29.7349836Z remote: Compressing objects:  94% (18/19)        
2021-05-14T13:51:29.7350393Z remote: Compressing objects: 100% (19/19)        
2021-05-14T13:51:29.7351059Z remote: Compressing objects: 100% (19/19), done.        
2021-05-14T13:51:29.7351987Z remote: Total 24 (delta 1), reused 16 (delta 1), pack-reused 0        
2021-05-14T13:51:29.7352648Z From https://github.com/con/tinuous
2021-05-14T13:51:29.7353592Z  * [new ref]         9a9d5762c18052974db7efd3810bea7a63d5e936 -> pull/47/merge
2021-05-14T13:51:29.7354244Z ##[endgroup]
2021-05-14T13:51:29.7355505Z ##[group]Determining the checkout info
2021-05-14T13:51:29.7355996Z ##[endgroup]
2021-05-14T13:51:29.7356435Z ##[group]Checking out the ref
2021-05-14T13:51:29.7357301Z [command]/usr/bin/git checkout --progress --force refs/remotes/pull/47/merge
2021-05-14T13:51:29.7358173Z Note: switching to 'refs/remotes/pull/47/merge'.
2021-05-14T13:51:29.7358549Z 
2021-05-14T13:51:29.7359249Z You are in 'detached HEAD' state. You can look around, make experimental
2021-05-14T13:51:29.7360004Z changes and commit them, and you can discard any commits you make in this
2021-05-14T13:51:29.7360721Z state without impacting any branches by switching back to a branch.
2021-05-14T13:51:29.7361162Z 
2021-05-14T13:51:29.7361786Z If you want to create a new branch to retain commits you create, you may
2021-05-14T13:51:29.7362716Z do so (now or later) by using -c with the switch command. Example:
2021-05-14T13:51:29.7363129Z 
2021-05-14T13:51:29.7363709Z   git switch -c <new-branch-name>
2021-05-14T13:51:29.7364051Z 
2021-05-14T13:51:29.7364407Z Or undo this operation with:
2021-05-14T13:51:29.7364706Z 
2021-05-14T13:51:29.7365162Z   git switch -
2021-05-14T13:51:29.7365411Z 
2021-05-14T13:51:29.7366001Z Turn off this advice by setting config variable advice.detachedHead to false
2021-05-14T13:51:29.7366515Z 
2021-05-14T13:51:29.7367400Z HEAD is now at 9a9d576 Merge 1f1979dfa6ae1d4e81b790be9164c48e60d88f35 into cd3be4a76aff5ca5c6199e6d843aedbc49e36024
2021-05-14T13:51:29.7368391Z ##[endgroup]
2021-05-14T13:51:29.7369008Z [command]/usr/bin/git log -1 --format='%H'
2021-05-14T13:51:29.7418992Z '9a9d5762c18052974db7efd3810bea7a63d5e936'
2021-05-14T13:51:29.7564874Z ##[group]Run actions/setup-python@v2
2021-05-14T13:51:29.7565470Z with:
2021-05-14T13:51:29.7565915Z   python-version: 3.9
2021-05-14T13:51:29.7566792Z   token: ***
2021-05-14T13:51:29.7567340Z ##[endgroup]
2021-05-14T13:51:29.8123680Z Successfully setup CPython (3.9.5)
2021-05-14T13:51:29.8205812Z ##[group]Run python -m pip install --upgrade pip wheel
2021-05-14T13:51:29.8206572Z [36;1mpython -m pip install --upgrade pip wheel[0m
2021-05-14T13:51:29.8207152Z [36;1mpython -m pip install .[0m
2021-05-14T13:51:29.8250513Z shell: /usr/bin/bash -e {0}
2021-05-14T13:51:29.8250985Z env:
2021-05-14T13:51:29.8251553Z   pythonLocation: /opt/hostedtoolcache/Python/3.9.5/x64
2021-05-14T13:51:29.8252363Z   LD_LIBRARY_PATH: /opt/hostedtoolcache/Python/3.9.5/x64/lib
2021-05-14T13:51:29.8253034Z ##[endgroup]
2021-05-14T13:51:30.3553331Z Requirement already satisfied: pip in /opt/hostedtoolcache/Python/3.9.5/x64/lib/python3.9/site-packages (21.1.1)
2021-05-14T13:51:30.5690598Z Collecting wheel
2021-05-14T13:51:30.6232922Z   Downloading wheel-0.36.2-py2.py3-none-any.whl (35 kB)
2021-05-14T13:51:30.6758194Z Installing collected packages: wheel
2021-05-14T13:51:30.7088119Z Successfully installed wheel-0.36.2
2021-05-14T13:51:31.2218115Z Processing /home/runner/work/tinuous/tinuous
2021-05-14T13:51:31.2223060Z   DEPRECATION: A future pip version will change local packages to be built in-place without first copying to a temporary directory. We recommend you use --use-feature=in-tree-build to test your packages with this new behavior before it becomes the default.
2021-05-14T13:51:31.2225623Z    pip 21.3 will remove support for this functionality. You can find discussion regarding this at https://github.com/pypa/pip/issues/7555.
2021-05-14T13:51:31.4718171Z   Installing build dependencies: started
2021-05-14T13:51:33.9632441Z   Installing build dependencies: finished with status 'done'
2021-05-14T13:51:33.9658911Z   Getting requirements to build wheel: started
2021-05-14T13:51:34.2796631Z   Getting requirements to build wheel: finished with status 'done'
2021-05-14T13:51:34.2803978Z     Preparing wheel metadata: started
2021-05-14T13:51:34.5237577Z     Preparing wheel metadata: finished with status 'done'
2021-05-14T13:51:34.6276497Z Collecting click~=7.0
2021-05-14T13:51:34.6782707Z   Downloading click-7.1.2-py2.py3-none-any.whl (82 kB)
2021-05-14T13:51:34.7178674Z Collecting in-place~=0.4
2021-05-14T13:51:34.7309633Z   Downloading in_place-0.5.0-py3-none-any.whl (9.1 kB)
2021-05-14T13:51:34.8250389Z Collecting requests~=2.20
2021-05-14T13:51:34.8361887Z   Downloading requests-2.25.1-py2.py3-none-any.whl (61 kB)
2021-05-14T13:51:34.8684379Z Collecting click-loglevel~=0.2
2021-05-14T13:51:34.8792844Z   Downloading click_loglevel-0.3.0-py3-none-any.whl (5.0 kB)
2021-05-14T13:51:34.9326867Z Collecting PyGithub~=1.55
2021-05-14T13:51:34.9447645Z   Downloading PyGithub-1.55-py3-none-any.whl (291 kB)
2021-05-14T13:51:35.1802039Z Collecting pydantic~=1.7
2021-05-14T13:51:35.1989497Z   Downloading pydantic-1.8.2-cp39-cp39-manylinux2014_x86_64.whl (11.3 MB)
2021-05-14T13:51:35.7651152Z Collecting PyYAML~=5.0
2021-05-14T13:51:35.7775518Z   Downloading PyYAML-5.4.1-cp39-cp39-manylinux1_x86_64.whl (630 kB)
2021-05-14T13:51:35.8327635Z Collecting datalad~=0.14
2021-05-14T13:51:35.8583111Z   Downloading datalad-0.14.4.tar.gz (1.6 MB)
2021-05-14T13:51:36.1961822Z   Installing build dependencies: started
2021-05-14T13:51:39.2288798Z   Installing build dependencies: finished with status 'done'
2021-05-14T13:51:39.2300640Z   Getting requirements to build wheel: started
2021-05-14T13:51:39.2302095Z   Getting requirements to build wheel: finished with status 'done'
2021-05-14T13:51:39.2303048Z     Preparing wheel metadata: started
2021-05-14T13:51:39.4344845Z     Preparing wheel metadata: finished with status 'done'
2021-05-14T13:51:39.4770499Z Collecting python-dateutil~=2.7
2021-05-14T13:51:39.4935222Z   Downloading python_dateutil-2.8.1-py2.py3-none-any.whl (227 kB)
2021-05-14T13:51:39.6849107Z Collecting humanize
2021-05-14T13:51:39.6971533Z   Downloading humanize-3.5.0-py3-none-any.whl (73 kB)
2021-05-14T13:51:39.8247986Z Collecting tqdm
2021-05-14T13:51:39.8361976Z   Downloading tqdm-4.60.0-py2.py3-none-any.whl (75 kB)
2021-05-14T13:51:39.8675628Z Collecting jsmin
2021-05-14T13:51:39.8790461Z   Downloading jsmin-2.2.2.tar.gz (12 kB)
2021-05-14T13:51:40.2601397Z Collecting iso8601
2021-05-14T13:51:40.2710893Z   Downloading iso8601-0.1.14-py2.py3-none-any.whl (9.5 kB)
2021-05-14T13:51:40.3021412Z Collecting annexremote
2021-05-14T13:51:40.3166210Z   Downloading annexremote-1.5.0-py3-none-any.whl (25 kB)
2021-05-14T13:51:40.4456722Z Collecting keyring>=8.0
2021-05-14T13:51:40.4573603Z   Downloading keyring-23.0.1-py3-none-any.whl (33 kB)
2021-05-14T13:51:40.4970821Z Collecting keyrings.alt
2021-05-14T13:51:40.5087349Z   Downloading keyrings.alt-4.0.2-py3-none-any.whl (20 kB)
2021-05-14T13:51:40.5373411Z Collecting chardet>=3.0.4
2021-05-14T13:51:40.5489655Z   Downloading chardet-4.0.0-py2.py3-none-any.whl (178 kB)
2021-05-14T13:51:40.5844180Z Collecting fasteners>=0.14
2021-05-14T13:51:40.5957840Z   Downloading fasteners-0.16-py2.py3-none-any.whl (28 kB)
2021-05-14T13:51:40.6309033Z Collecting wrapt
2021-05-14T13:51:40.6427532Z   Downloading wrapt-1.12.1.tar.gz (27 kB)
2021-05-14T13:51:40.8852009Z Collecting distro
2021-05-14T13:51:40.8964913Z   Downloading distro-1.5.0-py2.py3-none-any.whl (18 kB)
2021-05-14T13:51:41.0192808Z Collecting simplejson
2021-05-14T13:51:41.0446122Z   Downloading simplejson-3.17.2.tar.gz (83 kB)
2021-05-14T13:51:41.3829848Z Collecting whoosh
2021-05-14T13:51:41.3972992Z   Downloading Whoosh-2.7.4-py2.py3-none-any.whl (468 kB)
2021-05-14T13:51:41.4916975Z Collecting msgpack
2021-05-14T13:51:41.5041098Z   Downloading msgpack-1.0.2-cp39-cp39-manylinux1_x86_64.whl (294 kB)
2021-05-14T13:51:41.5352866Z Collecting appdirs
2021-05-14T13:51:41.5467978Z   Downloading appdirs-1.4.4-py2.py3-none-any.whl (9.6 kB)
2021-05-14T13:51:41.5722295Z Collecting patool>=1.7
2021-05-14T13:51:41.5841408Z   Downloading patool-1.12-py2.py3-none-any.whl (77 kB)
2021-05-14T13:51:41.6582809Z Collecting boto
2021-05-14T13:51:41.6727092Z   Downloading boto-2.49.0-py2.py3-none-any.whl (1.4 MB)
2021-05-14T13:51:41.7476981Z Collecting six
2021-05-14T13:51:41.7590123Z   Downloading six-1.16.0-py2.py3-none-any.whl (11 kB)
2021-05-14T13:51:41.8732179Z Collecting importlib-metadata>=3.6
2021-05-14T13:51:41.8844585Z   Downloading importlib_metadata-4.0.1-py3-none-any.whl (16 kB)
2021-05-14T13:51:41.9601165Z Collecting jeepney>=0.4.2
2021-05-14T13:51:41.9717751Z   Downloading jeepney-0.6.0-py3-none-any.whl (45 kB)
2021-05-14T13:51:42.0194402Z Collecting SecretStorage>=3.2
2021-05-14T13:51:42.0307975Z   Downloading SecretStorage-3.3.1-py3-none-any.whl (15 kB)
2021-05-14T13:51:42.1044664Z Collecting zipp>=0.5
2021-05-14T13:51:42.1156628Z   Downloading zipp-3.4.1-py3-none-any.whl (5.2 kB)
2021-05-14T13:51:42.1640676Z Collecting typing-extensions>=3.7.4.3
2021-05-14T13:51:42.1777918Z   Downloading typing_extensions-3.10.0.0-py3-none-any.whl (26 kB)
2021-05-14T13:51:42.2571773Z Collecting pynacl>=1.4.0
2021-05-14T13:51:42.2715511Z   Downloading PyNaCl-1.4.0-cp35-abi3-manylinux1_x86_64.whl (961 kB)
2021-05-14T13:51:42.3420507Z Collecting deprecated
2021-05-14T13:51:42.3533757Z   Downloading Deprecated-1.2.12-py2.py3-none-any.whl (9.5 kB)
2021-05-14T13:51:42.4028668Z Collecting pyjwt>=2.0
2021-05-14T13:51:42.4140914Z   Downloading PyJWT-2.1.0-py3-none-any.whl (16 kB)
2021-05-14T13:51:42.7941343Z Collecting cffi>=1.4.1
2021-05-14T13:51:42.8072724Z   Downloading cffi-1.14.5-cp39-cp39-manylinux1_x86_64.whl (406 kB)
2021-05-14T13:51:42.8461739Z Collecting pycparser
2021-05-14T13:51:42.8576888Z   Downloading pycparser-2.20-py2.py3-none-any.whl (112 kB)
2021-05-14T13:51:42.9202639Z Collecting idna<3,>=2.5
2021-05-14T13:51:42.9318094Z   Downloading idna-2.10-py2.py3-none-any.whl (58 kB)
2021-05-14T13:51:42.9794861Z Collecting certifi>=2017.4.17
2021-05-14T13:51:43.0056975Z   Downloading certifi-2020.12.5-py2.py3-none-any.whl (147 kB)
2021-05-14T13:51:43.0792532Z Collecting urllib3<1.27,>=1.21.1
2021-05-14T13:51:43.1058664Z   Downloading urllib3-1.26.4-py2.py3-none-any.whl (153 kB)
2021-05-14T13:51:43.6058345Z Collecting cryptography>=2.0
2021-05-14T13:51:43.6216039Z   Downloading cryptography-3.4.7-cp36-abi3-manylinux2014_x86_64.whl (3.2 MB)
2021-05-14T13:51:43.7992276Z Collecting future
2021-05-14T13:51:43.8137641Z   Downloading future-0.18.2.tar.gz (829 kB)
2021-05-14T13:51:44.2577016Z Requirement already satisfied: setuptools in /opt/hostedtoolcache/Python/3.9.5/x64/lib/python3.9/site-packages (from humanize->datalad~=0.14->tinuous==0+untagged.1.g9a9d576) (56.0.0)
2021-05-14T13:51:44.3849944Z Building wheels for collected packages: tinuous, datalad, wrapt, future, jsmin, simplejson
2021-05-14T13:51:44.3860815Z   Building wheel for tinuous (PEP 517): started
2021-05-14T13:51:44.6716431Z   Building wheel for tinuous (PEP 517): finished with status 'done'
2021-05-14T13:51:44.6719158Z   Created wheel for tinuous: filename=tinuous-0+untagged.1.g9a9d576-py3-none-any.whl size=15677 sha256=3864a9da60f9cfafa53b0e607ab993a886e8c8632b20b9af27ad4ed3b1c407b5
2021-05-14T13:51:44.6722667Z   Stored in directory: /tmp/pip-ephem-wheel-cache-27iim701/wheels/90/c4/03/917c42adcde0fda113460da55703d811beff51352ae68a48ef
2021-05-14T13:51:44.6727941Z   Building wheel for datalad (PEP 517): started
2021-05-14T13:51:45.5586091Z   Building wheel for datalad (PEP 517): finished with status 'done'
2021-05-14T13:51:45.5643581Z   Created wheel for datalad: filename=datalad-0.14.4-py3-none-any.whl size=1609958 sha256=566967aa5e86e5fd36fa728ffb395bb4061effec2fd12bdb93d1ebeb70efacbe
2021-05-14T13:51:45.5645947Z   Stored in directory: /home/runner/.cache/pip/wheels/f4/51/73/6dcbbd3e7a6946b7c84144d1b958618b67acce32b4bafee435
2021-05-14T13:51:45.5697575Z   Building wheel for wrapt (setup.py): started
2021-05-14T13:51:46.7291928Z   Building wheel for wrapt (setup.py): finished with status 'done'
2021-05-14T13:51:46.7340316Z   Created wheel for wrapt: filename=wrapt-1.12.1-cp39-cp39-linux_x86_64.whl size=78691 sha256=bfe9ceff543d9e437f02c7af39eae65b8961fc484216255f430b4f1e79d71b70
2021-05-14T13:51:46.7342529Z   Stored in directory: /home/runner/.cache/pip/wheels/98/23/68/efe259aaca055e93b08e74fbe512819c69a2155c11ba3c0f10
2021-05-14T13:51:46.7343798Z   Building wheel for future (setup.py): started
2021-05-14T13:51:47.1812136Z   Building wheel for future (setup.py): finished with status 'done'
2021-05-14T13:51:47.1839374Z   Created wheel for future: filename=future-0.18.2-py3-none-any.whl size=491059 sha256=cd2c83650dd85c1355ea115b03c3451a0de55f346ecf2c8ccaf15f5d22b06b3b
2021-05-14T13:51:47.1843053Z   Stored in directory: /home/runner/.cache/pip/wheels/2f/a0/d3/4030d9f80e6b3be787f19fc911b8e7aa462986a40ab1e4bb94
2021-05-14T13:51:47.1885862Z   Building wheel for jsmin (setup.py): started
2021-05-14T13:51:48.4236516Z   Building wheel for jsmin (setup.py): finished with status 'done'
2021-05-14T13:51:48.4242021Z   Created wheel for jsmin: filename=jsmin-2.2.2-py3-none-any.whl size=13920 sha256=ac7713e66c6c99ea12e86638f953bac4d78147e4154bac2e33eed3b5a0d98b28
2021-05-14T13:51:48.4244319Z   Stored in directory: /home/runner/.cache/pip/wheels/40/dd/1e/fa3c36f3dda73beb0d0d2cd44ca9bf5119ea8881e99fc45e6d
2021-05-14T13:51:48.4268274Z   Building wheel for simplejson (setup.py): started
2021-05-14T13:51:49.9004542Z   Building wheel for simplejson (setup.py): finished with status 'done'
2021-05-14T13:51:49.9012766Z   Created wheel for simplejson: filename=simplejson-3.17.2-cp39-cp39-linux_x86_64.whl size=135299 sha256=c93a86ab52ffe722f51eb7677d0731b028df1888bf5c480afb7c79b8320d959e
2021-05-14T13:51:49.9015031Z   Stored in directory: /home/runner/.cache/pip/wheels/a2/c7/6a/2dabbded050716dd50faef2145e3ffa509b0d3895899c599f5
2021-05-14T13:51:49.9035645Z Successfully built tinuous datalad wrapt future jsmin simplejson
2021-05-14T13:51:50.2852631Z Installing collected packages: pycparser, cffi, zipp, wrapt, urllib3, six, jeepney, idna, cryptography, chardet, certifi, SecretStorage, requests, pynacl, pyjwt, importlib-metadata, future, deprecated, whoosh, typing-extensions, tqdm, simplejson, PyGithub, patool, msgpack, keyrings.alt, keyring, jsmin, iso8601, humanize, fasteners, distro, click, boto, appdirs, annexremote, PyYAML, python-dateutil, pydantic, in-place, datalad, click-loglevel, tinuous
2021-05-14T13:51:54.3118384Z Successfully installed PyGithub-1.55 PyYAML-5.4.1 SecretStorage-3.3.1 annexremote-1.5.0 appdirs-1.4.4 boto-2.49.0 certifi-2020.12.5 cffi-1.14.5 chardet-4.0.0 click-7.1.2 click-loglevel-0.3.0 cryptography-3.4.7 datalad-0.14.4 deprecated-1.2.12 distro-1.5.0 fasteners-0.16 future-0.18.2 humanize-3.5.0 idna-2.10 importlib-metadata-4.0.1 in-place-0.5.0 iso8601-0.1.14 jeepney-0.6.0 jsmin-2.2.2 keyring-23.0.1 keyrings.alt-4.0.2 msgpack-1.0.2 patool-1.12 pycparser-2.20 pydantic-1.8.2 pyjwt-2.1.0 pynacl-1.4.0 python-dateutil-2.8.1 requests-2.25.1 simplejson-3.17.2 six-1.16.0 tinuous-0+untagged.1.g9a9d576 tqdm-4.60.0 typing-extensions-3.10.0.0 urllib3-1.26.4 whoosh-2.7.4 wrapt-1.12.1 zipp-3.4.1
2021-05-14T13:51:54.4475707Z ##[group]Run tinuous --help
2021-05-14T13:51:54.4476268Z [36;1mtinuous --help[0m
2021-05-14T13:51:54.4516270Z shell: /usr/bin/bash -e {0}
2021-05-14T13:51:54.4516660Z env:
2021-05-14T13:51:54.4517176Z   pythonLocation: /opt/hostedtoolcache/Python/3.9.5/x64
2021-05-14T13:51:54.4517890Z   LD_LIBRARY_PATH: /opt/hostedtoolcache/Python/3.9.5/x64/lib
2021-05-14T13:51:54.4518409Z ##[endgroup]
2021-05-14T13:51:54.5591915Z It is highly recommended to configure Git before using DataLad. Set both 'user.name' and 'user.email' configuration variables.
2021-05-14T13:51:54.5594124Z It is highly recommended to configure Git before using DataLad. Set both 'user.name' and 'user.email' configuration variables.
2021-05-14T13:51:55.2173632Z Usage: tinuous [OPTIONS] COMMAND [ARGS]...
2021-05-14T13:51:55.2174354Z 
2021-05-14T13:51:55.2175097Z   Download build logs from GitHub Actions, Travis, and Appveyor
2021-05-14T13:51:55.2175678Z 
2021-05-14T13:51:55.2176249Z Options:
2021-05-14T13:51:55.2177787Z   -c, --config FILE               Read configuration from the given file
2021-05-14T13:51:55.2178716Z                                   [default: config.yml]
2021-05-14T13:51:55.2179204Z 
2021-05-14T13:51:55.2180187Z   -l, --log-level [NOTSET|DEBUG|INFO|WARNING|ERROR|CRITICAL]
2021-05-14T13:51:55.2181194Z                                   Set logging level  [default: INFO]
2021-05-14T13:51:55.2182141Z   --help                          Show this message and exit.
2021-05-14T13:51:55.2182665Z 
2021-05-14T13:51:55.2183145Z Commands:
2021-05-14T13:51:55.2183691Z   fetch     Download logs
2021-05-14T13:51:55.2184306Z   sanitize  Sanitize secrets in logs
2021-05-14T13:51:55.2729196Z ##[group]Run python -m pip install mypy
2021-05-14T13:51:55.2729803Z [36;1mpython -m pip install mypy[0m
2021-05-14T13:51:55.2770216Z shell: /usr/bin/bash -e {0}
2021-05-14T13:51:55.2770579Z env:
2021-05-14T13:51:55.2771074Z   pythonLocation: /opt/hostedtoolcache/Python/3.9.5/x64
2021-05-14T13:51:55.2771763Z   LD_LIBRARY_PATH: /opt/hostedtoolcache/Python/3.9.5/x64/lib
2021-05-14T13:51:55.2772258Z ##[endgroup]
2021-05-14T13:51:55.8593180Z Collecting mypy
2021-05-14T13:51:55.9000483Z   Downloading mypy-0.812-cp39-cp39-manylinux2010_x86_64.whl (22.7 MB)
2021-05-14T13:51:56.6247708Z Collecting mypy-extensions<0.5.0,>=0.4.3
2021-05-14T13:51:56.6338842Z   Downloading mypy_extensions-0.4.3-py2.py3-none-any.whl (4.5 kB)
2021-05-14T13:51:56.6374958Z Requirement already satisfied: typing-extensions>=3.7.4 in /opt/hostedtoolcache/Python/3.9.5/x64/lib/python3.9/site-packages (from mypy) (3.10.0.0)
2021-05-14T13:51:56.7585600Z Collecting typed-ast<1.5.0,>=1.4.0
2021-05-14T13:51:56.7703329Z   Downloading typed_ast-1.4.3-cp39-cp39-manylinux1_x86_64.whl (769 kB)
2021-05-14T13:51:57.1711235Z Installing collected packages: typed-ast, mypy-extensions, mypy
2021-05-14T13:51:58.7413075Z Successfully installed mypy-0.812 mypy-extensions-0.4.3 typed-ast-1.4.3
2021-05-14T13:51:58.7999047Z ##[group]Run mypy src
2021-05-14T13:51:58.7999518Z [36;1mmypy src[0m
2021-05-14T13:51:58.8049328Z shell: /usr/bin/bash -e {0}
2021-05-14T13:51:58.8049715Z env:
2021-05-14T13:51:58.8050265Z   pythonLocation: /opt/hostedtoolcache/Python/3.9.5/x64
2021-05-14T13:51:58.8050994Z   LD_LIBRARY_PATH: /opt/hostedtoolcache/Python/3.9.5/x64/lib
2021-05-14T13:51:58.8051526Z ##[endgroup]
2021-05-14T13:52:03.1451159Z Success: no issues found in 2 source files
2021-05-14T13:52:03.4407334Z Post job cleanup.
2021-05-14T13:52:03.5408995Z [command]/usr/bin/git version
2021-05-14T13:52:03.5475438Z git version 2.31.1
2021-05-14T13:52:03.5496208Z [command]/usr/bin/git config --local --name-only --get-regexp core\.sshCommand
2021-05-14T13:52:03.5533110Z [command]/usr/bin/git submodule foreach --recursive git config --local --name-only --get-regexp 'core\.sshCommand' && git config --local --unset-all 'core.sshCommand' || :
2021-05-14T13:52:03.5757978Z [command]/usr/bin/git config --local --name-only --get-regexp http\.https\:\/\/github\.com\/\.extraheader
2021-05-14T13:52:03.5783564Z http.https://github.com/.extraheader
2021-05-14T13:52:03.5790950Z [command]/usr/bin/git config --local --unset-all http.https://github.com/.extraheader
2021-05-14T13:52:03.5824532Z [command]/usr/bin/git submodule foreach --recursive git config --local --name-only --get-regexp 'http\.https\:\/\/github\.com\/\.extraheader' && git config --local --unset-all 'http.https://github.com/.extraheader' || :
2021-05-14T13:52:03.6082978Z Cleaning up orphan processes
