2021-08-11T14:45:22.6403721Z Found online and idle hosted runner(s) in the current repository's organization account that matches the required labels: 'ubuntu-latest'
2021-08-11T14:45:22.6403775Z Waiting for a hosted runner in 'organization' to pick this job...
2021-08-11T14:45:29.1428524Z Current runner version: '2.280.1'
2021-08-11T14:45:29.1459299Z ##[group]Operating System
2021-08-11T14:45:29.1460244Z Ubuntu
2021-08-11T14:45:29.1460782Z 20.04.2
2021-08-11T14:45:29.1461216Z LTS
2021-08-11T14:45:29.1461733Z ##[endgroup]
2021-08-11T14:45:29.1462295Z ##[group]Virtual Environment
2021-08-11T14:45:29.1463004Z Environment: ubuntu-20.04
2021-08-11T14:45:29.1463804Z Version: 20210810.1
2021-08-11T14:45:29.1464834Z Included Software: https://github.com/actions/virtual-environments/blob/ubuntu20/20210810.1/images/linux/Ubuntu2004-README.md
2021-08-11T14:45:29.1466308Z Image Release: https://github.com/actions/virtual-environments/releases/tag/ubuntu20%2F20210810.1
2021-08-11T14:45:29.1467238Z ##[endgroup]
2021-08-11T14:45:29.1467952Z ##[group]Virtual Environment Provisioner
2021-08-11T14:45:29.1468618Z 1.0.0.0-master-20210802-2
2021-08-11T14:45:29.1469657Z ##[endgroup]
2021-08-11T14:45:29.1471664Z ##[group]GITHUB_TOKEN Permissions
2021-08-11T14:45:29.1473118Z Actions: write
2021-08-11T14:45:29.1473756Z Checks: write
2021-08-11T14:45:29.1474261Z Contents: write
2021-08-11T14:45:29.1474865Z Deployments: write
2021-08-11T14:45:29.1475462Z Discussions: write
2021-08-11T14:45:29.1476244Z Issues: write
2021-08-11T14:45:29.1476989Z Metadata: read
2021-08-11T14:45:29.1477508Z Packages: write
2021-08-11T14:45:29.1478119Z PullRequests: write
2021-08-11T14:45:29.1478747Z RepositoryProjects: write
2021-08-11T14:45:29.1479429Z SecurityEvents: write
2021-08-11T14:45:29.1479983Z Statuses: write
2021-08-11T14:45:29.1480681Z ##[endgroup]
2021-08-11T14:45:29.1483740Z Prepare workflow directory
2021-08-11T14:45:29.2194694Z Prepare all required actions
2021-08-11T14:45:29.2205745Z Getting action download info
2021-08-11T14:45:29.6275187Z Download action repository 'actions/checkout@v2' (SHA:5a4ac9002d0be2fb38bd78e4b4dbde5606d7042f)
2021-08-11T14:45:31.6562447Z Download action repository 'actions/setup-python@v2' (SHA:dc73133d4da04e56a135ae2246682783cc7c7cb6)
2021-08-11T14:45:32.1167747Z Download action repository 'codecov/codecov-action@v1' (SHA:29386c70ef20e286228c72b668a06fd0e8399192)
2021-08-11T14:45:32.7608551Z ##[group]Run actions/checkout@v2
2021-08-11T14:45:32.7609226Z with:
2021-08-11T14:45:32.7609686Z   fetch-depth: 0
2021-08-11T14:45:32.7610135Z   repository: con/tinuous
2021-08-11T14:45:32.7611058Z   token: ***
2021-08-11T14:45:32.7611463Z   ssh-strict: true
2021-08-11T14:45:32.7612040Z   persist-credentials: true
2021-08-11T14:45:32.7612536Z   clean: true
2021-08-11T14:45:32.7612947Z   lfs: false
2021-08-11T14:45:32.7613340Z   submodules: false
2021-08-11T14:45:32.7613797Z ##[endgroup]
2021-08-11T14:45:33.6847301Z Syncing repository: con/tinuous
2021-08-11T14:45:33.6848810Z ##[group]Getting Git version info
2021-08-11T14:45:33.6849833Z Working directory is '/home/runner/work/tinuous/tinuous'
2021-08-11T14:45:33.6851459Z [command]/usr/bin/git version
2021-08-11T14:45:33.6851865Z git version 2.32.0
2021-08-11T14:45:33.6853601Z ##[endgroup]
2021-08-11T14:45:33.6854466Z Deleting the contents of '/home/runner/work/tinuous/tinuous'
2021-08-11T14:45:33.6856670Z ##[group]Initializing the repository
2021-08-11T14:45:33.6857385Z [command]/usr/bin/git init /home/runner/work/tinuous/tinuous
2021-08-11T14:45:33.6859613Z hint: Using 'master' as the name for the initial branch. This default branch name
2021-08-11T14:45:33.6860512Z hint: is subject to change. To configure the initial branch name to use in all
2021-08-11T14:45:33.6861375Z hint: of your new repositories, which will suppress this warning, call:
2021-08-11T14:45:33.6862469Z hint: 
2021-08-11T14:45:33.6863237Z hint: 	git config --global init.defaultBranch <name>
2021-08-11T14:45:33.6863831Z hint: 
2021-08-11T14:45:33.6864607Z hint: Names commonly chosen instead of 'master' are 'main', 'trunk' and
2021-08-11T14:45:33.6865632Z hint: 'development'. The just-created branch can be renamed via this command:
2021-08-11T14:45:33.6866277Z hint: 
2021-08-11T14:45:33.6866901Z hint: 	git branch -m <name>
2021-08-11T14:45:33.6868211Z Initialized empty Git repository in /home/runner/work/tinuous/tinuous/.git/
2021-08-11T14:45:33.6869906Z [command]/usr/bin/git remote add origin https://github.com/con/tinuous
2021-08-11T14:45:33.6931483Z ##[endgroup]
2021-08-11T14:45:33.6936964Z ##[group]Disabling automatic garbage collection
2021-08-11T14:45:33.6938247Z [command]/usr/bin/git config --local gc.auto 0
2021-08-11T14:45:33.6939353Z ##[endgroup]
2021-08-11T14:45:33.6942055Z ##[group]Setting up auth
2021-08-11T14:45:33.6943132Z [command]/usr/bin/git config --local --name-only --get-regexp core\.sshCommand
2021-08-11T14:45:33.6944796Z [command]/usr/bin/git submodule foreach --recursive git config --local --name-only --get-regexp 'core\.sshCommand' && git config --local --unset-all 'core.sshCommand' || :
2021-08-11T14:45:33.6946525Z [command]/usr/bin/git config --local --name-only --get-regexp http\.https\:\/\/github\.com\/\.extraheader
2021-08-11T14:45:33.6953810Z [command]/usr/bin/git submodule foreach --recursive git config --local --name-only --get-regexp 'http\.https\:\/\/github\.com\/\.extraheader' && git config --local --unset-all 'http.https://github.com/.extraheader' || :
2021-08-11T14:45:33.6964532Z [command]/usr/bin/git config --local http.https://github.com/.extraheader AUTHORIZATION: basic ***
2021-08-11T14:45:33.6966355Z ##[endgroup]
2021-08-11T14:45:33.6967718Z ##[group]Fetching the repository
2021-08-11T14:45:33.6969303Z [command]/usr/bin/git -c protocol.version=2 fetch --prune --progress --no-recurse-submodules origin +refs/heads/*:refs/remotes/origin/* +refs/tags/*:refs/tags/*
2021-08-11T14:45:33.6971227Z remote: Enumerating objects: 859, done.        
2021-08-11T14:45:33.6972178Z remote: Counting objects:   0% (1/513)        
2021-08-11T14:45:33.6972628Z remote: Counting objects:   1% (6/513)        
2021-08-11T14:45:33.6973069Z remote: Counting objects:   2% (11/513)        
2021-08-11T14:45:33.6974429Z remote: Counting objects:   3% (16/513)        
2021-08-11T14:45:33.6974879Z remote: Counting objects:   4% (21/513)        
2021-08-11T14:45:33.6975303Z remote: Counting objects:   5% (26/513)        
2021-08-11T14:45:33.6975916Z remote: Counting objects:   6% (31/513)        
2021-08-11T14:45:33.6976376Z remote: Counting objects:   7% (36/513)        
2021-08-11T14:45:33.6976806Z remote: Counting objects:   8% (42/513)        
2021-08-11T14:45:33.6977227Z remote: Counting objects:   9% (47/513)        
2021-08-11T14:45:33.6977657Z remote: Counting objects:  10% (52/513)        
2021-08-11T14:45:33.6978316Z remote: Counting objects:  11% (57/513)        
2021-08-11T14:45:33.6978756Z remote: Counting objects:  12% (62/513)        
2021-08-11T14:45:33.6979193Z remote: Counting objects:  13% (67/513)        
2021-08-11T14:45:33.6979627Z remote: Counting objects:  14% (72/513)        
2021-08-11T14:45:33.6980070Z remote: Counting objects:  15% (77/513)        
2021-08-11T14:45:33.6980511Z remote: Counting objects:  16% (83/513)        
2021-08-11T14:45:33.6981107Z remote: Counting objects:  17% (88/513)        
2021-08-11T14:45:33.6981532Z remote: Counting objects:  18% (93/513)        
2021-08-11T14:45:33.6981980Z remote: Counting objects:  19% (98/513)        
2021-08-11T14:45:33.6982765Z remote: Counting objects:  20% (103/513)        
2021-08-11T14:45:33.6983189Z remote: Counting objects:  21% (108/513)        
2021-08-11T14:45:33.6983628Z remote: Counting objects:  22% (113/513)        
2021-08-11T14:45:33.6984055Z remote: Counting objects:  23% (118/513)        
2021-08-11T14:45:33.6984491Z remote: Counting objects:  24% (124/513)        
2021-08-11T14:45:33.6984915Z remote: Counting objects:  25% (129/513)        
2021-08-11T14:45:33.6985345Z remote: Counting objects:  26% (134/513)        
2021-08-11T14:45:33.6985938Z remote: Counting objects:  27% (139/513)        
2021-08-11T14:45:33.6986371Z remote: Counting objects:  28% (144/513)        
2021-08-11T14:45:33.6986790Z remote: Counting objects:  29% (149/513)        
2021-08-11T14:45:33.6987200Z remote: Counting objects:  30% (154/513)        
2021-08-11T14:45:33.6987968Z remote: Counting objects:  31% (160/513)        
2021-08-11T14:45:33.6988690Z remote: Counting objects:  32% (165/513)        
2021-08-11T14:45:33.6989513Z remote: Counting objects:  33% (170/513)        
2021-08-11T14:45:33.6989963Z remote: Counting objects:  34% (175/513)        
2021-08-11T14:45:33.6991635Z remote: Counting objects:  35% (180/513)        
2021-08-11T14:45:33.6992193Z remote: Counting objects:  36% (185/513)        
2021-08-11T14:45:33.6992731Z remote: Counting objects:  37% (190/513)        
2021-08-11T14:45:33.6993276Z remote: Counting objects:  38% (195/513)        
2021-08-11T14:45:33.6993814Z remote: Counting objects:  39% (201/513)        
2021-08-11T14:45:33.6994359Z remote: Counting objects:  40% (206/513)        
2021-08-11T14:45:33.6994899Z remote: Counting objects:  41% (211/513)        
2021-08-11T14:45:33.6995593Z remote: Counting objects:  42% (216/513)        
2021-08-11T14:45:33.6996724Z remote: Counting objects:  43% (221/513)        
2021-08-11T14:45:33.6997485Z remote: Counting objects:  44% (226/513)        
2021-08-11T14:45:33.6998150Z remote: Counting objects:  45% (231/513)        
2021-08-11T14:45:33.6998598Z remote: Counting objects:  46% (236/513)        
2021-08-11T14:45:33.6999035Z remote: Counting objects:  47% (242/513)        
2021-08-11T14:45:33.6999494Z remote: Counting objects:  48% (247/513)        
2021-08-11T14:45:33.7000095Z remote: Counting objects:  49% (252/513)        
2021-08-11T14:45:33.7000703Z remote: Counting objects:  50% (257/513)        
2021-08-11T14:45:33.7001295Z remote: Counting objects:  51% (262/513)        
2021-08-11T14:45:33.7001713Z remote: Counting objects:  52% (267/513)        
2021-08-11T14:45:33.7002145Z remote: Counting objects:  53% (272/513)        
2021-08-11T14:45:33.7002568Z remote: Counting objects:  54% (278/513)        
2021-08-11T14:45:33.7002998Z remote: Counting objects:  55% (283/513)        
2021-08-11T14:45:33.7003420Z remote: Counting objects:  56% (288/513)        
2021-08-11T14:45:33.7003856Z remote: Counting objects:  57% (293/513)        
2021-08-11T14:45:33.7004285Z remote: Counting objects:  58% (298/513)        
2021-08-11T14:45:33.7004948Z remote: Counting objects:  59% (303/513)        
2021-08-11T14:45:33.7005410Z remote: Counting objects:  60% (308/513)        
2021-08-11T14:45:33.7005834Z remote: Counting objects:  61% (313/513)        
2021-08-11T14:45:33.7006280Z remote: Counting objects:  62% (319/513)        
2021-08-11T14:45:33.7006709Z remote: Counting objects:  63% (324/513)        
2021-08-11T14:45:33.7007128Z remote: Counting objects:  64% (329/513)        
2021-08-11T14:45:33.7007742Z remote: Counting objects:  65% (334/513)        
2021-08-11T14:45:33.7009007Z remote: Counting objects:  66% (339/513)        
2021-08-11T14:45:33.7009491Z remote: Counting objects:  67% (344/513)        
2021-08-11T14:45:33.7010500Z remote: Counting objects:  68% (349/513)        
2021-08-11T14:45:33.7010961Z remote: Counting objects:  69% (354/513)        
2021-08-11T14:45:33.7011724Z remote: Counting objects:  70% (360/513)        
2021-08-11T14:45:33.7012158Z remote: Counting objects:  71% (365/513)        
2021-08-11T14:45:33.7012660Z remote: Counting objects:  72% (370/513)        
2021-08-11T14:45:33.7013087Z remote: Counting objects:  73% (375/513)        
2021-08-11T14:45:33.7013520Z remote: Counting objects:  74% (380/513)        
2021-08-11T14:45:33.7013948Z remote: Counting objects:  75% (385/513)        
2021-08-11T14:45:33.7014540Z remote: Counting objects:  76% (390/513)        
2021-08-11T14:45:33.7014957Z remote: Counting objects:  77% (396/513)        
2021-08-11T14:45:33.7015377Z remote: Counting objects:  78% (401/513)        
2021-08-11T14:45:33.7015967Z remote: Counting objects:  79% (406/513)        
2021-08-11T14:45:33.7016395Z remote: Counting objects:  80% (411/513)        
2021-08-11T14:45:33.7016818Z remote: Counting objects:  81% (416/513)        
2021-08-11T14:45:33.7017234Z remote: Counting objects:  82% (421/513)        
2021-08-11T14:45:33.7018021Z remote: Counting objects:  83% (426/513)        
2021-08-11T14:45:33.7018481Z remote: Counting objects:  84% (431/513)        
2021-08-11T14:45:33.7019267Z remote: Counting objects:  85% (437/513)        
2021-08-11T14:45:33.7019711Z remote: Counting objects:  86% (442/513)        
2021-08-11T14:45:33.7020157Z remote: Counting objects:  87% (447/513)        
2021-08-11T14:45:33.7020601Z remote: Counting objects:  88% (452/513)        
2021-08-11T14:45:33.7021517Z remote: Counting objects:  89% (457/513)        
2021-08-11T14:45:33.7021930Z remote: Counting objects:  90% (462/513)        
2021-08-11T14:45:33.7022336Z remote: Counting objects:  91% (467/513)        
2021-08-11T14:45:33.7022920Z remote: Counting objects:  92% (472/513)        
2021-08-11T14:45:33.7023744Z remote: Counting objects:  93% (478/513)        
2021-08-11T14:45:33.7024230Z remote: Counting objects:  94% (483/513)        
2021-08-11T14:45:33.7024649Z remote: Counting objects:  95% (488/513)        
2021-08-11T14:45:33.7025070Z remote: Counting objects:  96% (493/513)        
2021-08-11T14:45:33.7025484Z remote: Counting objects:  97% (498/513)        
2021-08-11T14:45:33.7026087Z remote: Counting objects:  98% (503/513)        
2021-08-11T14:45:33.7026497Z remote: Counting objects:  99% (508/513)        
2021-08-11T14:45:33.7027270Z remote: Counting objects: 100% (513/513)        
2021-08-11T14:45:33.7028125Z remote: Counting objects: 100% (513/513), done.        
2021-08-11T14:45:33.7028656Z remote: Compressing objects:   0% (1/267)        
2021-08-11T14:45:33.7029421Z remote: Compressing objects:   1% (3/267)        
2021-08-11T14:45:33.7029955Z remote: Compressing objects:   2% (6/267)        
2021-08-11T14:45:33.7030490Z remote: Compressing objects:   3% (9/267)        
2021-08-11T14:45:33.7031521Z remote: Compressing objects:   4% (11/267)        
2021-08-11T14:45:33.7032002Z remote: Compressing objects:   5% (14/267)        
2021-08-11T14:45:33.7032461Z remote: Compressing objects:   6% (17/267)        
2021-08-11T14:45:33.7032935Z remote: Compressing objects:   7% (19/267)        
2021-08-11T14:45:33.7033401Z remote: Compressing objects:   8% (22/267)        
2021-08-11T14:45:33.7033963Z remote: Compressing objects:   9% (25/267)        
2021-08-11T14:45:33.7034452Z remote: Compressing objects:  10% (27/267)        
2021-08-11T14:45:33.7034904Z remote: Compressing objects:  11% (30/267)        
2021-08-11T14:45:33.7035452Z remote: Compressing objects:  12% (33/267)        
2021-08-11T14:45:33.7035914Z remote: Compressing objects:  13% (35/267)        
2021-08-11T14:45:33.7036387Z remote: Compressing objects:  14% (38/267)        
2021-08-11T14:45:33.7036862Z remote: Compressing objects:  15% (41/267)        
2021-08-11T14:45:33.7037319Z remote: Compressing objects:  16% (43/267)        
2021-08-11T14:45:33.7038160Z remote: Compressing objects:  17% (46/267)        
2021-08-11T14:45:33.7039260Z remote: Compressing objects:  18% (49/267)        
2021-08-11T14:45:33.7039810Z remote: Compressing objects:  19% (51/267)        
2021-08-11T14:45:33.7040345Z remote: Compressing objects:  20% (54/267)        
2021-08-11T14:45:33.7040893Z remote: Compressing objects:  21% (57/267)        
2021-08-11T14:45:33.7041628Z remote: Compressing objects:  22% (59/267)        
2021-08-11T14:45:33.7042696Z remote: Compressing objects:  23% (62/267)        
2021-08-11T14:45:33.7043168Z remote: Compressing objects:  24% (65/267)        
2021-08-11T14:45:33.7043770Z remote: Compressing objects:  25% (67/267)        
2021-08-11T14:45:33.7044246Z remote: Compressing objects:  26% (70/267)        
2021-08-11T14:45:33.7044702Z remote: Compressing objects:  27% (73/267)        
2021-08-11T14:45:33.7045260Z remote: Compressing objects:  28% (75/267)        
2021-08-11T14:45:33.7045707Z remote: Compressing objects:  29% (78/267)        
2021-08-11T14:45:33.7046161Z remote: Compressing objects:  30% (81/267)        
2021-08-11T14:45:33.7046606Z remote: Compressing objects:  31% (83/267)        
2021-08-11T14:45:33.7047054Z remote: Compressing objects:  32% (86/267)        
2021-08-11T14:45:33.7047564Z remote: Compressing objects:  33% (89/267)        
2021-08-11T14:45:33.7048565Z remote: Compressing objects:  34% (91/267)        
2021-08-11T14:45:33.7049056Z remote: Compressing objects:  35% (94/267)        
2021-08-11T14:45:33.7049526Z remote: Compressing objects:  36% (97/267)        
2021-08-11T14:45:33.7050556Z remote: Compressing objects:  37% (99/267)        
2021-08-11T14:45:33.7051088Z remote: Compressing objects:  38% (102/267)        
2021-08-11T14:45:33.7051929Z remote: Compressing objects:  39% (105/267)        
2021-08-11T14:45:33.7052390Z remote: Compressing objects:  40% (107/267)        
2021-08-11T14:45:33.7052858Z remote: Compressing objects:  41% (110/267)        
2021-08-11T14:45:33.7053329Z remote: Compressing objects:  42% (113/267)        
2021-08-11T14:45:33.7053959Z remote: Compressing objects:  43% (115/267)        
2021-08-11T14:45:33.7054420Z remote: Compressing objects:  44% (118/267)        
2021-08-11T14:45:33.7054871Z remote: Compressing objects:  45% (121/267)        
2021-08-11T14:45:33.7055328Z remote: Compressing objects:  46% (123/267)        
2021-08-11T14:45:33.7055784Z remote: Compressing objects:  47% (126/267)        
2021-08-11T14:45:33.7056430Z remote: Compressing objects:  48% (129/267)        
2021-08-11T14:45:33.7056897Z remote: Compressing objects:  49% (131/267)        
2021-08-11T14:45:33.7057363Z remote: Compressing objects:  50% (134/267)        
2021-08-11T14:45:33.7057831Z remote: Compressing objects:  51% (137/267)        
2021-08-11T14:45:33.7058534Z remote: Compressing objects:  52% (139/267)        
2021-08-11T14:45:33.7059038Z remote: Compressing objects:  53% (142/267)        
2021-08-11T14:45:33.7059681Z remote: Compressing objects:  54% (145/267)        
2021-08-11T14:45:33.7060180Z remote: Compressing objects:  55% (147/267)        
2021-08-11T14:45:33.7060667Z remote: Compressing objects:  56% (150/267)        
2021-08-11T14:45:33.7061338Z remote: Compressing objects:  57% (153/267)        
2021-08-11T14:45:33.7061806Z remote: Compressing objects:  58% (155/267)        
2021-08-11T14:45:33.7062293Z remote: Compressing objects:  59% (158/267)        
2021-08-11T14:45:33.7062874Z remote: Compressing objects:  60% (161/267)        
2021-08-11T14:45:33.7063354Z remote: Compressing objects:  61% (163/267)        
2021-08-11T14:45:33.7063819Z remote: Compressing objects:  62% (166/267)        
2021-08-11T14:45:33.7064282Z remote: Compressing objects:  63% (169/267)        
2021-08-11T14:45:33.7064924Z remote: Compressing objects:  64% (171/267)        
2021-08-11T14:45:33.7065371Z remote: Compressing objects:  65% (174/267)        
2021-08-11T14:45:33.7065823Z remote: Compressing objects:  66% (177/267)        
2021-08-11T14:45:33.7066274Z remote: Compressing objects:  67% (179/267)        
2021-08-11T14:45:33.7066730Z remote: Compressing objects:  68% (182/267)        
2021-08-11T14:45:33.7067189Z remote: Compressing objects:  69% (185/267)        
2021-08-11T14:45:33.7067639Z remote: Compressing objects:  70% (187/267)        
2021-08-11T14:45:33.7068302Z remote: Compressing objects:  71% (190/267)        
2021-08-11T14:45:33.7068797Z remote: Compressing objects:  72% (193/267)        
2021-08-11T14:45:33.7069714Z remote: Compressing objects:  73% (195/267)        
2021-08-11T14:45:33.7070398Z remote: Compressing objects:  74% (198/267)        
2021-08-11T14:45:33.7071223Z remote: Compressing objects:  75% (201/267)        
2021-08-11T14:45:33.7071684Z remote: Compressing objects:  76% (203/267)        
2021-08-11T14:45:33.7072134Z remote: Compressing objects:  77% (206/267)        
2021-08-11T14:45:33.7072584Z remote: Compressing objects:  78% (209/267)        
2021-08-11T14:45:33.7073266Z remote: Compressing objects:  79% (211/267)        
2021-08-11T14:45:33.7073892Z remote: Compressing objects:  80% (214/267)        
2021-08-11T14:45:33.7074353Z remote: Compressing objects:  81% (217/267)        
2021-08-11T14:45:33.7074820Z remote: Compressing objects:  82% (219/267)        
2021-08-11T14:45:33.7075286Z remote: Compressing objects:  83% (222/267)        
2021-08-11T14:45:33.7075765Z remote: Compressing objects:  84% (225/267)        
2021-08-11T14:45:33.7076360Z remote: Compressing objects:  85% (227/267)        
2021-08-11T14:45:33.7076826Z remote: Compressing objects:  86% (230/267)        
2021-08-11T14:45:33.7077304Z remote: Compressing objects:  87% (233/267)        
2021-08-11T14:45:33.7077977Z remote: Compressing objects:  88% (235/267)        
2021-08-11T14:45:33.7078660Z remote: Compressing objects:  89% (238/267)        
2021-08-11T14:45:33.7079164Z remote: Compressing objects:  90% (241/267)        
2021-08-11T14:45:33.7079657Z remote: Compressing objects:  91% (243/267)        
2021-08-11T14:45:33.7080166Z remote: Compressing objects:  92% (246/267)        
2021-08-11T14:45:33.7080678Z remote: Compressing objects:  93% (249/267)        
2021-08-11T14:45:33.7081354Z remote: Compressing objects:  94% (251/267)        
2021-08-11T14:45:33.7081826Z remote: Compressing objects:  95% (254/267)        
2021-08-11T14:45:33.7082287Z remote: Compressing objects:  96% (257/267)        
2021-08-11T14:45:33.7082760Z remote: Compressing objects:  97% (259/267)        
2021-08-11T14:45:33.7083240Z remote: Compressing objects:  98% (262/267)        
2021-08-11T14:45:33.7083715Z remote: Compressing objects:  99% (265/267)        
2021-08-11T14:45:33.7084525Z remote: Compressing objects: 100% (267/267)        
2021-08-11T14:45:33.7085024Z remote: Compressing objects: 100% (267/267), done.        
2021-08-11T14:45:33.7085519Z Receiving objects:   0% (1/859)
2021-08-11T14:45:33.7085900Z Receiving objects:   1% (9/859)
2021-08-11T14:45:33.7086296Z Receiving objects:   2% (18/859)
2021-08-11T14:45:33.7086678Z Receiving objects:   3% (26/859)
2021-08-11T14:45:33.7087070Z Receiving objects:   4% (35/859)
2021-08-11T14:45:33.7087623Z Receiving objects:   5% (43/859)
2021-08-11T14:45:33.7088216Z Receiving objects:   6% (52/859)
2021-08-11T14:45:33.7088609Z Receiving objects:   7% (61/859)
2021-08-11T14:45:33.7089012Z Receiving objects:   8% (69/859)
2021-08-11T14:45:33.7089592Z Receiving objects:   9% (78/859)
2021-08-11T14:45:33.7090014Z Receiving objects:  10% (86/859)
2021-08-11T14:45:33.7090506Z Receiving objects:  11% (95/859)
2021-08-11T14:45:33.7090950Z Receiving objects:  12% (104/859)
2021-08-11T14:45:33.7092362Z Receiving objects:  13% (112/859)
2021-08-11T14:45:33.7092867Z Receiving objects:  14% (121/859)
2021-08-11T14:45:33.7093363Z Receiving objects:  15% (129/859)
2021-08-11T14:45:33.7093845Z Receiving objects:  16% (138/859)
2021-08-11T14:45:33.7094343Z Receiving objects:  17% (147/859)
2021-08-11T14:45:33.7094974Z Receiving objects:  18% (155/859)
2021-08-11T14:45:33.7095713Z Receiving objects:  19% (164/859)
2021-08-11T14:45:33.7096443Z Receiving objects:  20% (172/859)
2021-08-11T14:45:33.7096936Z Receiving objects:  21% (181/859)
2021-08-11T14:45:33.7097518Z Receiving objects:  22% (189/859)
2021-08-11T14:45:33.7099821Z Receiving objects:  23% (198/859)
2021-08-11T14:45:33.7100259Z Receiving objects:  24% (207/859)
2021-08-11T14:45:33.7100850Z Receiving objects:  25% (215/859)
2021-08-11T14:45:33.7101766Z Receiving objects:  26% (224/859)
2021-08-11T14:45:33.7102171Z Receiving objects:  27% (232/859)
2021-08-11T14:45:33.7102568Z Receiving objects:  28% (241/859)
2021-08-11T14:45:33.7102949Z Receiving objects:  29% (250/859)
2021-08-11T14:45:33.7103340Z Receiving objects:  30% (258/859)
2021-08-11T14:45:33.7103719Z Receiving objects:  31% (267/859)
2021-08-11T14:45:33.7104107Z Receiving objects:  32% (275/859)
2021-08-11T14:45:33.7105672Z Receiving objects:  33% (284/859)
2021-08-11T14:45:33.7106069Z Receiving objects:  34% (293/859)
2021-08-11T14:45:33.7106453Z Receiving objects:  35% (301/859)
2021-08-11T14:45:33.7107031Z Receiving objects:  36% (310/859)
2021-08-11T14:45:33.7107675Z Receiving objects:  37% (318/859)
2021-08-11T14:45:33.7108339Z Receiving objects:  38% (327/859)
2021-08-11T14:45:33.7108797Z Receiving objects:  39% (336/859)
2021-08-11T14:45:33.7109453Z Receiving objects:  40% (344/859)
2021-08-11T14:45:33.7110236Z Receiving objects:  41% (353/859)
2021-08-11T14:45:33.7110836Z Receiving objects:  42% (361/859)
2021-08-11T14:45:33.7111552Z Receiving objects:  43% (370/859)
2021-08-11T14:45:33.7111943Z Receiving objects:  44% (378/859)
2021-08-11T14:45:33.7112338Z Receiving objects:  45% (387/859)
2021-08-11T14:45:33.7112716Z Receiving objects:  46% (396/859)
2021-08-11T14:45:33.7113111Z Receiving objects:  47% (404/859)
2021-08-11T14:45:33.7113507Z Receiving objects:  48% (413/859)
2021-08-11T14:45:33.7113888Z Receiving objects:  49% (421/859)
2021-08-11T14:45:33.7114282Z Receiving objects:  50% (430/859)
2021-08-11T14:45:33.7114661Z Receiving objects:  51% (439/859)
2021-08-11T14:45:33.7115057Z Receiving objects:  52% (447/859)
2021-08-11T14:45:33.7115437Z Receiving objects:  53% (456/859)
2021-08-11T14:45:33.7115835Z Receiving objects:  54% (464/859)
2021-08-11T14:45:33.7116213Z Receiving objects:  55% (473/859)
2021-08-11T14:45:33.7116606Z Receiving objects:  56% (482/859)
2021-08-11T14:45:33.7116989Z Receiving objects:  57% (490/859)
2021-08-11T14:45:33.7117558Z Receiving objects:  58% (499/859)
2021-08-11T14:45:33.7118184Z Receiving objects:  59% (507/859)
2021-08-11T14:45:33.7118639Z Receiving objects:  60% (516/859)
2021-08-11T14:45:33.7119100Z Receiving objects:  61% (524/859)
2021-08-11T14:45:33.7119544Z Receiving objects:  62% (533/859)
2021-08-11T14:45:33.7120005Z Receiving objects:  63% (542/859)
2021-08-11T14:45:33.7120447Z Receiving objects:  64% (550/859)
2021-08-11T14:45:33.7120906Z Receiving objects:  65% (559/859)
2021-08-11T14:45:33.7121632Z Receiving objects:  66% (567/859)
2021-08-11T14:45:33.7122109Z Receiving objects:  67% (576/859)
2021-08-11T14:45:33.7122512Z Receiving objects:  68% (585/859)
2021-08-11T14:45:33.7122906Z Receiving objects:  69% (593/859)
2021-08-11T14:45:33.7123312Z Receiving objects:  70% (602/859)
2021-08-11T14:45:33.7123703Z Receiving objects:  71% (610/859)
2021-08-11T14:45:33.7124115Z Receiving objects:  72% (619/859)
2021-08-11T14:45:33.7124506Z Receiving objects:  73% (628/859)
2021-08-11T14:45:33.7124910Z Receiving objects:  74% (636/859)
2021-08-11T14:45:33.7125297Z Receiving objects:  75% (645/859)
2021-08-11T14:45:33.7125795Z Receiving objects:  76% (653/859)
2021-08-11T14:45:33.7126205Z Receiving objects:  77% (662/859)
2021-08-11T14:45:33.7126609Z Receiving objects:  78% (671/859)
2021-08-11T14:45:33.7126999Z Receiving objects:  79% (679/859)
2021-08-11T14:45:33.7127402Z Receiving objects:  80% (688/859)
2021-08-11T14:45:33.7128344Z Receiving objects:  81% (696/859)
2021-08-11T14:45:33.7128996Z Receiving objects:  82% (705/859)
2021-08-11T14:45:33.7129617Z Receiving objects:  83% (713/859)
2021-08-11T14:45:33.7130059Z Receiving objects:  84% (722/859)
2021-08-11T14:45:33.7133222Z Receiving objects:  85% (731/859)
2021-08-11T14:45:33.7133633Z Receiving objects:  86% (739/859)
2021-08-11T14:45:33.7134037Z Receiving objects:  87% (748/859)
2021-08-11T14:45:33.7134458Z Receiving objects:  88% (756/859)
2021-08-11T14:45:33.7134868Z Receiving objects:  89% (765/859)
2021-08-11T14:45:33.7164482Z Receiving objects:  90% (774/859)
2021-08-11T14:45:33.7165715Z Receiving objects:  91% (782/859)
2021-08-11T14:45:33.7236279Z Receiving objects:  92% (791/859)
2021-08-11T14:45:33.7236719Z Receiving objects:  93% (799/859)
2021-08-11T14:45:33.7240212Z remote: Total 859 (delta 284), reused 320 (delta 204), pack-reused 346        
2021-08-11T14:45:33.7241084Z Receiving objects:  94% (808/859)
2021-08-11T14:45:33.7241477Z Receiving objects:  95% (817/859)
2021-08-11T14:45:33.7243341Z Receiving objects:  96% (825/859)
2021-08-11T14:45:33.7245955Z Receiving objects:  97% (834/859)
2021-08-11T14:45:33.7246343Z Receiving objects:  98% (842/859)
2021-08-11T14:45:33.7247904Z Receiving objects:  99% (851/859)
2021-08-11T14:45:33.7248501Z Receiving objects: 100% (859/859)
2021-08-11T14:45:33.7248981Z Receiving objects: 100% (859/859), 228.20 KiB | 2.00 MiB/s, done.
2021-08-11T14:45:33.7249438Z Resolving deltas:   0% (0/464)
2021-08-11T14:45:33.7250705Z Resolving deltas:   1% (5/464)
2021-08-11T14:45:33.7251588Z Resolving deltas:   2% (10/464)
2021-08-11T14:45:33.7252077Z Resolving deltas:   3% (14/464)
2021-08-11T14:45:33.7252609Z Resolving deltas:   4% (19/464)
2021-08-11T14:45:33.7252992Z Resolving deltas:   5% (24/464)
2021-08-11T14:45:33.7254027Z Resolving deltas:   6% (28/464)
2021-08-11T14:45:33.7254414Z Resolving deltas:   7% (33/464)
2021-08-11T14:45:33.7255151Z Resolving deltas:   8% (38/464)
2021-08-11T14:45:33.7255531Z Resolving deltas:   9% (42/464)
2021-08-11T14:45:33.7256937Z Resolving deltas:  10% (47/464)
2021-08-11T14:45:33.7261615Z Resolving deltas:  11% (52/464)
2021-08-11T14:45:33.7267052Z Resolving deltas:  12% (56/464)
2021-08-11T14:45:33.7267648Z Resolving deltas:  13% (61/464)
2021-08-11T14:45:33.7271202Z Resolving deltas:  14% (65/464)
2021-08-11T14:45:33.7274506Z Resolving deltas:  15% (70/464)
2021-08-11T14:45:33.7277103Z Resolving deltas:  16% (75/464)
2021-08-11T14:45:33.7281677Z Resolving deltas:  17% (79/464)
2021-08-11T14:45:33.7285025Z Resolving deltas:  18% (84/464)
2021-08-11T14:45:33.7305520Z Resolving deltas:  19% (89/464)
2021-08-11T14:45:33.7306172Z Resolving deltas:  20% (93/464)
2021-08-11T14:45:33.7307156Z Resolving deltas:  21% (98/464)
2021-08-11T14:45:33.7307648Z Resolving deltas:  22% (103/464)
2021-08-11T14:45:33.7312711Z Resolving deltas:  23% (107/464)
2021-08-11T14:45:33.7316316Z Resolving deltas:  24% (112/464)
2021-08-11T14:45:33.7392094Z Resolving deltas:  25% (116/464)
2021-08-11T14:45:33.7392607Z Resolving deltas:  26% (121/464)
2021-08-11T14:45:33.7392977Z Resolving deltas:  27% (126/464)
2021-08-11T14:45:33.7394669Z Resolving deltas:  28% (130/464)
2021-08-11T14:45:33.7395175Z Resolving deltas:  29% (135/464)
2021-08-11T14:45:33.7395641Z Resolving deltas:  30% (140/464)
2021-08-11T14:45:33.7396122Z Resolving deltas:  31% (144/464)
2021-08-11T14:45:33.7396590Z Resolving deltas:  32% (149/464)
2021-08-11T14:45:33.7397389Z Resolving deltas:  33% (154/464)
2021-08-11T14:45:33.7397784Z Resolving deltas:  34% (158/464)
2021-08-11T14:45:33.7398765Z Resolving deltas:  35% (163/464)
2021-08-11T14:45:33.7399200Z Resolving deltas:  36% (168/464)
2021-08-11T14:45:33.7399620Z Resolving deltas:  37% (172/464)
2021-08-11T14:45:33.7400229Z Resolving deltas:  38% (177/464)
2021-08-11T14:45:33.7400832Z Resolving deltas:  39% (181/464)
2021-08-11T14:45:33.7401440Z Resolving deltas:  40% (186/464)
2021-08-11T14:45:33.7401986Z Resolving deltas:  41% (191/464)
2021-08-11T14:45:33.7402357Z Resolving deltas:  42% (195/464)
2021-08-11T14:45:33.7402717Z Resolving deltas:  43% (200/464)
2021-08-11T14:45:33.7403089Z Resolving deltas:  44% (205/464)
2021-08-11T14:45:33.7403449Z Resolving deltas:  45% (209/464)
2021-08-11T14:45:33.7403820Z Resolving deltas:  46% (214/464)
2021-08-11T14:45:33.7404191Z Resolving deltas:  47% (219/464)
2021-08-11T14:45:33.7404549Z Resolving deltas:  48% (223/464)
2021-08-11T14:45:33.7404919Z Resolving deltas:  49% (228/464)
2021-08-11T14:45:33.7405278Z Resolving deltas:  50% (232/464)
2021-08-11T14:45:33.7405656Z Resolving deltas:  51% (237/464)
2021-08-11T14:45:33.7406015Z Resolving deltas:  52% (242/464)
2021-08-11T14:45:33.7406385Z Resolving deltas:  53% (246/464)
2021-08-11T14:45:33.7406755Z Resolving deltas:  54% (251/464)
2021-08-11T14:45:33.7407132Z Resolving deltas:  55% (256/464)
2021-08-11T14:45:33.7407673Z Resolving deltas:  56% (260/464)
2021-08-11T14:45:33.7408306Z Resolving deltas:  57% (265/464)
2021-08-11T14:45:33.7408710Z Resolving deltas:  58% (270/464)
2021-08-11T14:45:33.7409131Z Resolving deltas:  59% (274/464)
2021-08-11T14:45:33.7409548Z Resolving deltas:  60% (279/464)
2021-08-11T14:45:33.7410145Z Resolving deltas:  61% (284/464)
2021-08-11T14:45:33.7410574Z Resolving deltas:  62% (288/464)
2021-08-11T14:45:33.7411314Z Resolving deltas:  63% (293/464)
2021-08-11T14:45:33.7411867Z Resolving deltas:  64% (297/464)
2021-08-11T14:45:33.7412226Z Resolving deltas:  65% (302/464)
2021-08-11T14:45:33.7412597Z Resolving deltas:  66% (307/464)
2021-08-11T14:45:33.7413126Z Resolving deltas:  67% (311/464)
2021-08-11T14:45:33.7413484Z Resolving deltas:  68% (316/464)
2021-08-11T14:45:33.7413832Z Resolving deltas:  69% (321/464)
2021-08-11T14:45:33.7414192Z Resolving deltas:  70% (325/464)
2021-08-11T14:45:33.7414642Z Resolving deltas:  71% (330/464)
2021-08-11T14:45:33.7415007Z Resolving deltas:  72% (335/464)
2021-08-11T14:45:33.7415368Z Resolving deltas:  73% (339/464)
2021-08-11T14:45:33.7415717Z Resolving deltas:  74% (344/464)
2021-08-11T14:45:33.7416080Z Resolving deltas:  75% (348/464)
2021-08-11T14:45:33.7416553Z Resolving deltas:  76% (353/464)
2021-08-11T14:45:33.7416926Z Resolving deltas:  77% (358/464)
2021-08-11T14:45:33.7417284Z Resolving deltas:  78% (362/464)
2021-08-11T14:45:33.7418096Z Resolving deltas:  79% (367/464)
2021-08-11T14:45:33.7418504Z Resolving deltas:  80% (372/464)
2021-08-11T14:45:33.7418921Z Resolving deltas:  81% (376/464)
2021-08-11T14:45:33.7419325Z Resolving deltas:  82% (381/464)
2021-08-11T14:45:33.7419738Z Resolving deltas:  83% (386/464)
2021-08-11T14:45:33.7420148Z Resolving deltas:  84% (390/464)
2021-08-11T14:45:33.7420552Z Resolving deltas:  85% (395/464)
2021-08-11T14:45:33.7429928Z Resolving deltas:  86% (400/464)
2021-08-11T14:45:33.7430401Z Resolving deltas:  87% (404/464)
2021-08-11T14:45:33.7441822Z Resolving deltas:  88% (409/464)
2021-08-11T14:45:33.7442239Z Resolving deltas:  89% (413/464)
2021-08-11T14:45:33.7442729Z Resolving deltas:  90% (418/464)
2021-08-11T14:45:33.7448818Z Resolving deltas:  91% (423/464)
2021-08-11T14:45:33.7449421Z Resolving deltas:  92% (427/464)
2021-08-11T14:45:33.7449845Z Resolving deltas:  93% (432/464)
2021-08-11T14:45:33.7450257Z Resolving deltas:  94% (437/464)
2021-08-11T14:45:33.7450679Z Resolving deltas:  95% (441/464)
2021-08-11T14:45:33.7460522Z Resolving deltas:  96% (446/464)
2021-08-11T14:45:33.7461369Z Resolving deltas:  97% (451/464)
2021-08-11T14:45:33.7461937Z Resolving deltas:  98% (455/464)
2021-08-11T14:45:33.7462396Z Resolving deltas:  99% (460/464)
2021-08-11T14:45:33.7463193Z Resolving deltas: 100% (464/464)
2021-08-11T14:45:33.7463695Z Resolving deltas: 100% (464/464), done.
2021-08-11T14:45:33.7663955Z From https://github.com/con/tinuous
2021-08-11T14:45:33.7664911Z  * [new branch]      gh-130          -> origin/gh-130
2021-08-11T14:45:33.7665727Z  * [new branch]      gh-55           -> origin/gh-55
2021-08-11T14:45:33.7666417Z  * [new branch]      gh-92           -> origin/gh-92
2021-08-11T14:45:33.7667055Z  * [new branch]      master          -> origin/master
2021-08-11T14:45:33.7667808Z  * [new branch]      no-extra-search -> origin/no-extra-search
2021-08-11T14:45:33.7668643Z  * [new branch]      test-appveyor   -> origin/test-appveyor
2021-08-11T14:45:33.7669621Z  * [new tag]         0.1.0           -> 0.1.0
2021-08-11T14:45:33.7670137Z  * [new tag]         0.2.0           -> 0.2.0
2021-08-11T14:45:33.7670627Z  * [new tag]         0.3.0           -> 0.3.0
2021-08-11T14:45:33.7671121Z  * [new tag]         0.4.0           -> 0.4.0
2021-08-11T14:45:33.7671617Z  * [new tag]         0.5.0           -> 0.5.0
2021-08-11T14:45:33.7687027Z [command]/usr/bin/git branch --list --remote origin/gh-130
2021-08-11T14:45:33.7712572Z   origin/gh-130
2021-08-11T14:45:33.7723235Z [command]/usr/bin/git rev-parse refs/remotes/origin/gh-130
2021-08-11T14:45:33.7744316Z 7e64d8cefd65dea83c98757953ed421ef4a3e546
2021-08-11T14:45:33.7748453Z ##[endgroup]
2021-08-11T14:45:33.7750081Z ##[group]Determining the checkout info
2021-08-11T14:45:33.7751131Z ##[endgroup]
2021-08-11T14:45:33.7752754Z ##[group]Checking out the ref
2021-08-11T14:45:33.7756736Z [command]/usr/bin/git checkout --progress --force -B gh-130 refs/remotes/origin/gh-130
2021-08-11T14:45:33.7826071Z Switched to a new branch 'gh-130'
2021-08-11T14:45:33.7831220Z Branch 'gh-130' set up to track remote branch 'gh-130' from 'origin'.
2021-08-11T14:45:33.7837143Z ##[endgroup]
2021-08-11T14:45:33.7874291Z [command]/usr/bin/git log -1 --format='%H'
2021-08-11T14:45:33.7895786Z '7e64d8cefd65dea83c98757953ed421ef4a3e546'
2021-08-11T14:45:33.8022546Z ##[group]Run actions/setup-python@v2
2021-08-11T14:45:33.8023460Z with:
2021-08-11T14:45:33.8023820Z   python-version: 3.8
2021-08-11T14:45:33.8024632Z   token: ***
2021-08-11T14:45:33.8025261Z ##[endgroup]
2021-08-11T14:45:33.8632991Z Successfully setup CPython (3.8.11)
2021-08-11T14:45:33.8706307Z ##[group]Run python -m pip install --upgrade pip wheel
2021-08-11T14:45:33.8707139Z [36;1mpython -m pip install --upgrade pip wheel[0m
2021-08-11T14:45:33.8708152Z [36;1mpython -m pip install --upgrade --upgrade-strategy=eager tox[0m
2021-08-11T14:45:33.8753563Z shell: /usr/bin/bash -e {0}
2021-08-11T14:45:33.8753936Z env:
2021-08-11T14:45:33.8754655Z   pythonLocation: /opt/hostedtoolcache/Python/3.8.11/x64
2021-08-11T14:45:33.8755615Z   LD_LIBRARY_PATH: /opt/hostedtoolcache/Python/3.8.11/x64/lib
2021-08-11T14:45:33.8756084Z ##[endgroup]
2021-08-11T14:45:38.1604965Z Requirement already satisfied: pip in /opt/hostedtoolcache/Python/3.8.11/x64/lib/python3.8/site-packages (21.2.3)
2021-08-11T14:45:38.4116007Z Collecting wheel
2021-08-11T14:45:38.4704421Z   Downloading wheel-0.37.0-py2.py3-none-any.whl (35 kB)
2021-08-11T14:45:38.5457244Z Installing collected packages: wheel
2021-08-11T14:45:38.5861598Z Successfully installed wheel-0.37.0
2021-08-11T14:45:39.5627457Z Collecting tox
2021-08-11T14:45:39.6080383Z   Downloading tox-3.24.1-py2.py3-none-any.whl (85 kB)
2021-08-11T14:45:39.6978404Z Collecting pluggy>=0.12.0
2021-08-11T14:45:39.7085713Z   Downloading pluggy-0.13.1-py2.py3-none-any.whl (18 kB)
2021-08-11T14:45:39.9724880Z Collecting virtualenv!=20.0.0,!=20.0.1,!=20.0.2,!=20.0.3,!=20.0.4,!=20.0.5,!=20.0.6,!=20.0.7,>=16.0.0
2021-08-11T14:45:39.9843231Z   Downloading virtualenv-20.7.2-py2.py3-none-any.whl (5.3 MB)
2021-08-11T14:45:40.1193648Z Collecting toml>=0.9.4
2021-08-11T14:45:40.1306647Z   Downloading toml-0.10.2-py2.py3-none-any.whl (16 kB)
2021-08-11T14:45:40.1853695Z Collecting py>=1.4.17
2021-08-11T14:45:40.1965630Z   Downloading py-1.10.0-py2.py3-none-any.whl (97 kB)
2021-08-11T14:45:40.2336466Z Collecting filelock>=3.0.0
2021-08-11T14:45:40.2468203Z   Downloading filelock-3.0.12-py3-none-any.whl (7.6 kB)
2021-08-11T14:45:40.3048961Z Collecting packaging>=14
2021-08-11T14:45:40.3184143Z   Downloading packaging-21.0-py3-none-any.whl (40 kB)
2021-08-11T14:45:40.3586413Z Collecting six>=1.14.0
2021-08-11T14:45:40.3695071Z   Downloading six-1.16.0-py2.py3-none-any.whl (11 kB)
2021-08-11T14:45:40.4816725Z Collecting pyparsing>=2.0.2
2021-08-11T14:45:40.4955997Z   Downloading pyparsing-2.4.7-py2.py3-none-any.whl (67 kB)
2021-08-11T14:45:40.5769120Z Collecting distlib<1,>=0.3.1
2021-08-11T14:45:40.5886685Z   Downloading distlib-0.3.2-py2.py3-none-any.whl (338 kB)
2021-08-11T14:45:40.6268572Z Collecting backports.entry-points-selectable>=1.0.4
2021-08-11T14:45:40.6376838Z   Downloading backports.entry_points_selectable-1.1.0-py2.py3-none-any.whl (6.2 kB)
2021-08-11T14:45:40.6692599Z Collecting platformdirs<3,>=2
2021-08-11T14:45:40.6804324Z   Downloading platformdirs-2.2.0-py3-none-any.whl (13 kB)
2021-08-11T14:45:40.8607335Z Installing collected packages: six, pyparsing, platformdirs, filelock, distlib, backports.entry-points-selectable, virtualenv, toml, py, pluggy, packaging, tox
2021-08-11T14:45:41.4859412Z Successfully installed backports.entry-points-selectable-1.1.0 distlib-0.3.2 filelock-3.0.12 packaging-21.0 platformdirs-2.2.0 pluggy-0.13.1 py-1.10.0 pyparsing-2.4.7 six-1.16.0 toml-0.10.2 tox-3.24.1 virtualenv-20.7.2
2021-08-11T14:45:41.7202633Z ##[group]Run tox -e lint
2021-08-11T14:45:41.7203271Z [36;1mtox -e lint[0m
2021-08-11T14:45:41.7242035Z shell: /usr/bin/bash -e {0}
2021-08-11T14:45:41.7242526Z env:
2021-08-11T14:45:41.7243985Z   pythonLocation: /opt/hostedtoolcache/Python/3.8.11/x64
2021-08-11T14:45:41.7245209Z   LD_LIBRARY_PATH: /opt/hostedtoolcache/Python/3.8.11/x64/lib
2021-08-11T14:45:41.7247582Z ##[endgroup]
2021-08-11T14:45:42.0494764Z lint create: /home/runner/work/tinuous/tinuous/.tox/lint
2021-08-11T14:45:42.9133787Z lint installdeps: flake8~=3.7, flake8-bugbear, flake8-builtins~=1.4, flake8-import-order-jwodder, flake8-unused-arguments
2021-08-11T14:45:47.4329353Z lint installed: attrs==21.2.0,flake8==3.9.2,flake8-bugbear==21.4.3,flake8-builtins==1.5.3,flake8-import-order==0.18.1,flake8-import-order-jwodder==0.1.0,flake8-unused-arguments==0.0.6,mccabe==0.6.1,pycodestyle==2.7.0,pyflakes==2.3.1
2021-08-11T14:45:47.4340066Z lint run-test-pre: PYTHONHASHSEED='3064279065'
2021-08-11T14:45:47.4341318Z lint run-test: commands[0] | flake8 --config=tox.ini src test
2021-08-11T14:45:49.2525576Z ___________________________________ summary ____________________________________
2021-08-11T14:45:49.2526447Z   lint: commands succeeded
2021-08-11T14:45:49.2527130Z   congratulations :)
2021-08-11T14:45:49.2824607Z Post job cleanup.
2021-08-11T14:45:49.4000421Z [command]/usr/bin/git version
2021-08-11T14:45:49.4041729Z git version 2.32.0
2021-08-11T14:45:49.4082809Z [command]/usr/bin/git config --local --name-only --get-regexp core\.sshCommand
2021-08-11T14:45:49.4117610Z [command]/usr/bin/git submodule foreach --recursive git config --local --name-only --get-regexp 'core\.sshCommand' && git config --local --unset-all 'core.sshCommand' || :
2021-08-11T14:45:49.4360569Z [command]/usr/bin/git config --local --name-only --get-regexp http\.https\:\/\/github\.com\/\.extraheader
2021-08-11T14:45:49.4391005Z http.https://github.com/.extraheader
2021-08-11T14:45:49.4392848Z [command]/usr/bin/git config --local --unset-all http.https://github.com/.extraheader
2021-08-11T14:45:49.4426077Z [command]/usr/bin/git submodule foreach --recursive git config --local --name-only --get-regexp 'http\.https\:\/\/github\.com\/\.extraheader' && git config --local --unset-all 'http.https://github.com/.extraheader' || :
2021-08-11T14:45:49.4728197Z Cleaning up orphan processes
