2023-04-27T16:16:23.8777712Z Requested labels: ubuntu-latest
2023-04-27T16:16:23.8778081Z Job defined at: con/tinuous/.github/workflows/test.yml@refs/heads/master
2023-04-27T16:16:23.8778224Z Waiting for a runner to pick up this job...
2023-04-27T16:16:24.5342244Z Job is waiting for a hosted runner to come online.
2023-04-27T16:16:26.9575348Z Job is about to start running on the hosted runner: GitHub Actions 12 (hosted)
2023-04-27T16:16:29.7458362Z Current runner version: '2.303.0'
2023-04-27T16:16:29.7493914Z ##[group]Operating System
2023-04-27T16:16:29.7495167Z Ubuntu
2023-04-27T16:16:29.7495536Z 22.04.2
2023-04-27T16:16:29.7495938Z LTS
2023-04-27T16:16:29.7496305Z ##[endgroup]
2023-04-27T16:16:29.7496945Z ##[group]Runner Image
2023-04-27T16:16:29.7497324Z Image: ubuntu-22.04
2023-04-27T16:16:29.7497725Z Version: 20230426.1
2023-04-27T16:16:29.7498647Z Included Software: https://github.com/actions/runner-images/blob/ubuntu22/20230426.1/images/linux/Ubuntu2204-Readme.md
2023-04-27T16:16:29.7499327Z Image Release: https://github.com/actions/runner-images/releases/tag/ubuntu22%2F20230426.1
2023-04-27T16:16:29.7499838Z ##[endgroup]
2023-04-27T16:16:29.7500244Z ##[group]Runner Image Provisioner
2023-04-27T16:16:29.7501384Z 2.0.159.1
2023-04-27T16:16:29.7501711Z ##[endgroup]
2023-04-27T16:16:29.7502831Z ##[group]GITHUB_TOKEN Permissions
2023-04-27T16:16:29.7503595Z Actions: write
2023-04-27T16:16:29.7504041Z Checks: write
2023-04-27T16:16:29.7504650Z Contents: write
2023-04-27T16:16:29.7505133Z Deployments: write
2023-04-27T16:16:29.7505544Z Discussions: write
2023-04-27T16:16:29.7505957Z Issues: write
2023-04-27T16:16:29.7506328Z Metadata: read
2023-04-27T16:16:29.7506634Z Packages: write
2023-04-27T16:16:29.7507005Z Pages: write
2023-04-27T16:16:29.7507459Z PullRequests: write
2023-04-27T16:16:29.7507813Z RepositoryProjects: write
2023-04-27T16:16:29.7508260Z SecurityEvents: write
2023-04-27T16:16:29.7508635Z Statuses: write
2023-04-27T16:16:29.7508944Z ##[endgroup]
2023-04-27T16:16:29.7514436Z Secret source: Actions
2023-04-27T16:16:29.7515064Z Prepare workflow directory
2023-04-27T16:16:29.8484927Z Prepare all required actions
2023-04-27T16:16:29.8733530Z Getting action download info
2023-04-27T16:16:30.1516263Z Download action repository 'actions/checkout@v3' (SHA:8e5e7e5ab8b370d6c329ec480221332ada57f0ab)
2023-04-27T16:16:30.8357551Z Download action repository 'actions/setup-python@v4' (SHA:57ded4d7d5e986d7296eab16560982c6dd7c923b)
2023-04-27T16:16:31.4625312Z Download action repository 'codecov/codecov-action@v3' (SHA:894ff025c7b54547a9a2a1e9f228beae737ad3c2)
2023-04-27T16:16:32.2017824Z Complete job name: test (3.10, py)
2023-04-27T16:16:32.3615112Z ##[group]Run actions/checkout@v3
2023-04-27T16:16:32.3615488Z with:
2023-04-27T16:16:32.3615713Z   fetch-depth: 0
2023-04-27T16:16:32.3615941Z   repository: con/tinuous
2023-04-27T16:16:32.3616456Z   token: ***
2023-04-27T16:16:32.3616913Z   ssh-strict: true
2023-04-27T16:16:32.3617168Z   persist-credentials: true
2023-04-27T16:16:32.3617419Z   clean: true
2023-04-27T16:16:32.3617628Z   lfs: false
2023-04-27T16:16:32.3617860Z   submodules: false
2023-04-27T16:16:32.3618436Z   set-safe-directory: true
2023-04-27T16:16:32.3618674Z ##[endgroup]
2023-04-27T16:16:32.6753445Z Syncing repository: con/tinuous
2023-04-27T16:16:32.6755614Z ##[group]Getting Git version info
2023-04-27T16:16:32.6756133Z Working directory is '/home/runner/work/tinuous/tinuous'
2023-04-27T16:16:32.6757769Z [command]/usr/bin/git version
2023-04-27T16:16:32.6836756Z git version 2.40.1
2023-04-27T16:16:32.6927415Z ##[endgroup]
2023-04-27T16:16:32.6945280Z Temporarily overriding HOME='/home/runner/work/_temp/ff8496fa-5764-4a0e-ae5c-ed6eccbd93cf' before making global git config changes
2023-04-27T16:16:32.6945974Z Adding repository directory to the temporary git global config as a safe directory
2023-04-27T16:16:32.6946649Z [command]/usr/bin/git config --global --add safe.directory /home/runner/work/tinuous/tinuous
2023-04-27T16:16:32.7010849Z Deleting the contents of '/home/runner/work/tinuous/tinuous'
2023-04-27T16:16:32.7019206Z ##[group]Initializing the repository
2023-04-27T16:16:32.7036152Z [command]/usr/bin/git init /home/runner/work/tinuous/tinuous
2023-04-27T16:16:32.7157815Z hint: Using 'master' as the name for the initial branch. This default branch name
2023-04-27T16:16:32.7158669Z hint: is subject to change. To configure the initial branch name to use in all
2023-04-27T16:16:32.7159625Z hint: of your new repositories, which will suppress this warning, call:
2023-04-27T16:16:32.7160634Z hint: 
2023-04-27T16:16:32.7161714Z hint: 	git config --global init.defaultBranch <name>
2023-04-27T16:16:32.7162246Z hint: 
2023-04-27T16:16:32.7163099Z hint: Names commonly chosen instead of 'master' are 'main', 'trunk' and
2023-04-27T16:16:32.7163848Z hint: 'development'. The just-created branch can be renamed via this command:
2023-04-27T16:16:32.7164592Z hint: 
2023-04-27T16:16:32.7165248Z hint: 	git branch -m <name>
2023-04-27T16:16:32.7171758Z Initialized empty Git repository in /home/runner/work/tinuous/tinuous/.git/
2023-04-27T16:16:32.7189571Z [command]/usr/bin/git remote add origin https://github.com/con/tinuous
2023-04-27T16:16:32.7242708Z ##[endgroup]
2023-04-27T16:16:32.7243493Z ##[group]Disabling automatic garbage collection
2023-04-27T16:16:32.7246025Z [command]/usr/bin/git config --local gc.auto 0
2023-04-27T16:16:32.7369228Z ##[endgroup]
2023-04-27T16:16:32.7369668Z ##[group]Setting up auth
2023-04-27T16:16:32.7370223Z [command]/usr/bin/git config --local --name-only --get-regexp core\.sshCommand
2023-04-27T16:16:32.7371545Z [command]/usr/bin/git submodule foreach --recursive sh -c "git config --local --name-only --get-regexp 'core\.sshCommand' && git config --local --unset-all 'core.sshCommand' || :"
2023-04-27T16:16:32.7868659Z [command]/usr/bin/git config --local --name-only --get-regexp http\.https\:\/\/github\.com\/\.extraheader
2023-04-27T16:16:32.7870025Z [command]/usr/bin/git submodule foreach --recursive sh -c "git config --local --name-only --get-regexp 'http\.https\:\/\/github\.com\/\.extraheader' && git config --local --unset-all 'http.https://github.com/.extraheader' || :"
2023-04-27T16:16:32.8139656Z [command]/usr/bin/git config --local http.https://github.com/.extraheader AUTHORIZATION: basic ***
2023-04-27T16:16:32.8182254Z ##[endgroup]
2023-04-27T16:16:32.8185666Z ##[group]Fetching the repository
2023-04-27T16:16:32.8194926Z [command]/usr/bin/git -c protocol.version=2 fetch --prune --progress --no-recurse-submodules origin +refs/heads/*:refs/remotes/origin/* +refs/tags/*:refs/tags/*
2023-04-27T16:16:33.2464352Z remote: Enumerating objects: 1157, done.        
2023-04-27T16:16:33.2471311Z remote: Counting objects:   0% (1/379)        
2023-04-27T16:16:33.2481535Z remote: Counting objects:   1% (4/379)        
2023-04-27T16:16:33.2486028Z remote: Counting objects:   2% (8/379)        
2023-04-27T16:16:33.2490055Z remote: Counting objects:   3% (12/379)        
2023-04-27T16:16:33.2493787Z remote: Counting objects:   4% (16/379)        
2023-04-27T16:16:33.2498269Z remote: Counting objects:   5% (19/379)        
2023-04-27T16:16:33.2502658Z remote: Counting objects:   6% (23/379)        
2023-04-27T16:16:33.2506521Z remote: Counting objects:   7% (27/379)        
2023-04-27T16:16:33.2510261Z remote: Counting objects:   8% (31/379)        
2023-04-27T16:16:33.2515011Z remote: Counting objects:   9% (35/379)        
2023-04-27T16:16:33.2518779Z remote: Counting objects:  10% (38/379)        
2023-04-27T16:16:33.2522503Z remote: Counting objects:  11% (42/379)        
2023-04-27T16:16:33.2526260Z remote: Counting objects:  12% (46/379)        
2023-04-27T16:16:33.2529910Z remote: Counting objects:  13% (50/379)        
2023-04-27T16:16:33.2533456Z remote: Counting objects:  14% (54/379)        
2023-04-27T16:16:33.2537262Z remote: Counting objects:  15% (57/379)        
2023-04-27T16:16:33.2541688Z remote: Counting objects:  16% (61/379)        
2023-04-27T16:16:33.2545993Z remote: Counting objects:  17% (65/379)        
2023-04-27T16:16:33.2550012Z remote: Counting objects:  18% (69/379)        
2023-04-27T16:16:33.2553988Z remote: Counting objects:  19% (73/379)        
2023-04-27T16:16:33.2559088Z remote: Counting objects:  20% (76/379)        
2023-04-27T16:16:33.2563592Z remote: Counting objects:  21% (80/379)        
2023-04-27T16:16:33.2567689Z remote: Counting objects:  22% (84/379)        
2023-04-27T16:16:33.2571704Z remote: Counting objects:  23% (88/379)        
2023-04-27T16:16:33.2575907Z remote: Counting objects:  24% (91/379)        
2023-04-27T16:16:33.2580623Z remote: Counting objects:  25% (95/379)        
2023-04-27T16:16:33.2581288Z remote: Counting objects:  26% (99/379)        
2023-04-27T16:16:33.2581840Z remote: Counting objects:  27% (103/379)        
2023-04-27T16:16:33.2582412Z remote: Counting objects:  28% (107/379)        
2023-04-27T16:16:33.2582844Z remote: Counting objects:  29% (110/379)        
2023-04-27T16:16:33.2583271Z remote: Counting objects:  30% (114/379)        
2023-04-27T16:16:33.2586308Z remote: Counting objects:  31% (118/379)        
2023-04-27T16:16:33.2587239Z remote: Counting objects:  32% (122/379)        
2023-04-27T16:16:33.2592874Z remote: Counting objects:  33% (126/379)        
2023-04-27T16:16:33.2593550Z remote: Counting objects:  34% (129/379)        
2023-04-27T16:16:33.2594208Z remote: Counting objects:  35% (133/379)        
2023-04-27T16:16:33.2594545Z remote: Counting objects:  36% (137/379)        
2023-04-27T16:16:33.2595020Z remote: Counting objects:  37% (141/379)        
2023-04-27T16:16:33.2595326Z remote: Counting objects:  38% (145/379)        
2023-04-27T16:16:33.2595715Z remote: Counting objects:  39% (148/379)        
2023-04-27T16:16:33.2596005Z remote: Counting objects:  40% (152/379)        
2023-04-27T16:16:33.2596288Z remote: Counting objects:  41% (156/379)        
2023-04-27T16:16:33.2596552Z remote: Counting objects:  42% (160/379)        
2023-04-27T16:16:33.2596833Z remote: Counting objects:  43% (163/379)        
2023-04-27T16:16:33.2597115Z remote: Counting objects:  44% (167/379)        
2023-04-27T16:16:33.2597376Z remote: Counting objects:  45% (171/379)        
2023-04-27T16:16:33.2598959Z remote: Counting objects:  46% (175/379)        
2023-04-27T16:16:33.2599341Z remote: Counting objects:  47% (179/379)        
2023-04-27T16:16:33.2599627Z remote: Counting objects:  48% (182/379)        
2023-04-27T16:16:33.2600317Z remote: Counting objects:  49% (186/379)        
2023-04-27T16:16:33.2600630Z remote: Counting objects:  50% (190/379)        
2023-04-27T16:16:33.2600931Z remote: Counting objects:  51% (194/379)        
2023-04-27T16:16:33.2601242Z remote: Counting objects:  52% (198/379)        
2023-04-27T16:16:33.2602990Z remote: Counting objects:  53% (201/379)        
2023-04-27T16:16:33.2604241Z remote: Counting objects:  54% (205/379)        
2023-04-27T16:16:33.2604519Z remote: Counting objects:  55% (209/379)        
2023-04-27T16:16:33.2604810Z remote: Counting objects:  56% (213/379)        
2023-04-27T16:16:33.2605095Z remote: Counting objects:  57% (217/379)        
2023-04-27T16:16:33.2605519Z remote: Counting objects:  58% (220/379)        
2023-04-27T16:16:33.2605953Z remote: Counting objects:  59% (224/379)        
2023-04-27T16:16:33.2606223Z remote: Counting objects:  60% (228/379)        
2023-04-27T16:16:33.2606477Z remote: Counting objects:  61% (232/379)        
2023-04-27T16:16:33.2606907Z remote: Counting objects:  62% (235/379)        
2023-04-27T16:16:33.2607325Z remote: Counting objects:  63% (239/379)        
2023-04-27T16:16:33.2607734Z remote: Counting objects:  64% (243/379)        
2023-04-27T16:16:33.2607979Z remote: Counting objects:  65% (247/379)        
2023-04-27T16:16:33.2608241Z remote: Counting objects:  66% (251/379)        
2023-04-27T16:16:33.2608493Z remote: Counting objects:  67% (254/379)        
2023-04-27T16:16:33.2608745Z remote: Counting objects:  68% (258/379)        
2023-04-27T16:16:33.2608986Z remote: Counting objects:  69% (262/379)        
2023-04-27T16:16:33.2609242Z remote: Counting objects:  70% (266/379)        
2023-04-27T16:16:33.2609497Z remote: Counting objects:  71% (270/379)        
2023-04-27T16:16:33.2609735Z remote: Counting objects:  72% (273/379)        
2023-04-27T16:16:33.2609987Z remote: Counting objects:  73% (277/379)        
2023-04-27T16:16:33.2610241Z remote: Counting objects:  74% (281/379)        
2023-04-27T16:16:33.2610479Z remote: Counting objects:  75% (285/379)        
2023-04-27T16:16:33.2610733Z remote: Counting objects:  76% (289/379)        
2023-04-27T16:16:33.2610994Z remote: Counting objects:  77% (292/379)        
2023-04-27T16:16:33.2611462Z remote: Counting objects:  78% (296/379)        
2023-04-27T16:16:33.2611723Z remote: Counting objects:  79% (300/379)        
2023-04-27T16:16:33.2611978Z remote: Counting objects:  80% (304/379)        
2023-04-27T16:16:33.2612234Z remote: Counting objects:  81% (307/379)        
2023-04-27T16:16:33.2612473Z remote: Counting objects:  82% (311/379)        
2023-04-27T16:16:33.2612726Z remote: Counting objects:  83% (315/379)        
2023-04-27T16:16:33.2612980Z remote: Counting objects:  84% (319/379)        
2023-04-27T16:16:33.2613217Z remote: Counting objects:  85% (323/379)        
2023-04-27T16:16:33.2613466Z remote: Counting objects:  86% (326/379)        
2023-04-27T16:16:33.2613901Z remote: Counting objects:  87% (330/379)        
2023-04-27T16:16:33.2614148Z remote: Counting objects:  88% (334/379)        
2023-04-27T16:16:33.2614588Z remote: Counting objects:  89% (338/379)        
2023-04-27T16:16:33.2615043Z remote: Counting objects:  90% (342/379)        
2023-04-27T16:16:33.2615309Z remote: Counting objects:  91% (345/379)        
2023-04-27T16:16:33.2615595Z remote: Counting objects:  92% (349/379)        
2023-04-27T16:16:33.2615870Z remote: Counting objects:  93% (353/379)        
2023-04-27T16:16:33.2616147Z remote: Counting objects:  94% (357/379)        
2023-04-27T16:16:33.2616411Z remote: Counting objects:  95% (361/379)        
2023-04-27T16:16:33.2617070Z remote: Counting objects:  96% (364/379)        
2023-04-27T16:16:33.2617360Z remote: Counting objects:  97% (368/379)        
2023-04-27T16:16:33.2617632Z remote: Counting objects:  98% (372/379)        
2023-04-27T16:16:33.2617921Z remote: Counting objects:  99% (376/379)        
2023-04-27T16:16:33.2618215Z remote: Counting objects: 100% (379/379)        
2023-04-27T16:16:33.2618502Z remote: Counting objects: 100% (379/379), done.        
2023-04-27T16:16:33.2618825Z remote: Compressing objects:   0% (1/244)        
2023-04-27T16:16:33.2619134Z remote: Compressing objects:   1% (3/244)        
2023-04-27T16:16:33.2619603Z remote: Compressing objects:   2% (5/244)        
2023-04-27T16:16:33.2620035Z remote: Compressing objects:   3% (8/244)        
2023-04-27T16:16:33.2645360Z remote: Compressing objects:   4% (10/244)        
2023-04-27T16:16:33.2645855Z remote: Compressing objects:   5% (13/244)        
2023-04-27T16:16:33.2646175Z remote: Compressing objects:   6% (15/244)        
2023-04-27T16:16:33.2646510Z remote: Compressing objects:   7% (18/244)        
2023-04-27T16:16:33.2646909Z remote: Compressing objects:   8% (20/244)        
2023-04-27T16:16:33.2647293Z remote: Compressing objects:   9% (22/244)        
2023-04-27T16:16:33.2647727Z remote: Compressing objects:  10% (25/244)        
2023-04-27T16:16:33.2648242Z remote: Compressing objects:  11% (27/244)        
2023-04-27T16:16:33.2648574Z remote: Compressing objects:  12% (30/244)        
2023-04-27T16:16:33.2648879Z remote: Compressing objects:  13% (32/244)        
2023-04-27T16:16:33.2651729Z remote: Compressing objects:  14% (35/244)        
2023-04-27T16:16:33.2653063Z remote: Compressing objects:  15% (37/244)        
2023-04-27T16:16:33.2654776Z remote: Compressing objects:  16% (40/244)        
2023-04-27T16:16:33.2655295Z remote: Compressing objects:  17% (42/244)        
2023-04-27T16:16:33.2655675Z remote: Compressing objects:  18% (44/244)        
2023-04-27T16:16:33.2656018Z remote: Compressing objects:  19% (47/244)        
2023-04-27T16:16:33.2656313Z remote: Compressing objects:  20% (49/244)        
2023-04-27T16:16:33.2656819Z remote: Compressing objects:  21% (52/244)        
2023-04-27T16:16:33.2657138Z remote: Compressing objects:  22% (54/244)        
2023-04-27T16:16:33.2657434Z remote: Compressing objects:  23% (57/244)        
2023-04-27T16:16:33.2657747Z remote: Compressing objects:  24% (59/244)        
2023-04-27T16:16:33.2658057Z remote: Compressing objects:  25% (61/244)        
2023-04-27T16:16:33.2658513Z remote: Compressing objects:  26% (64/244)        
2023-04-27T16:16:33.2659467Z remote: Compressing objects:  27% (66/244)        
2023-04-27T16:16:33.2659750Z remote: Compressing objects:  28% (69/244)        
2023-04-27T16:16:33.2660040Z remote: Compressing objects:  29% (71/244)        
2023-04-27T16:16:33.2660308Z remote: Compressing objects:  30% (74/244)        
2023-04-27T16:16:33.2660590Z remote: Compressing objects:  31% (76/244)        
2023-04-27T16:16:33.2660872Z remote: Compressing objects:  32% (79/244)        
2023-04-27T16:16:33.2661137Z remote: Compressing objects:  33% (81/244)        
2023-04-27T16:16:33.2661417Z remote: Compressing objects:  34% (83/244)        
2023-04-27T16:16:33.2661697Z remote: Compressing objects:  35% (86/244)        
2023-04-27T16:16:33.2661961Z remote: Compressing objects:  36% (88/244)        
2023-04-27T16:16:33.2662240Z remote: Compressing objects:  37% (91/244)        
2023-04-27T16:16:33.2662520Z remote: Compressing objects:  38% (93/244)        
2023-04-27T16:16:33.2662800Z remote: Compressing objects:  39% (96/244)        
2023-04-27T16:16:33.2663073Z remote: Compressing objects:  40% (98/244)        
2023-04-27T16:16:33.2663361Z remote: Compressing objects:  41% (101/244)        
2023-04-27T16:16:33.2663701Z remote: Compressing objects:  42% (103/244)        
2023-04-27T16:16:33.2663984Z remote: Compressing objects:  43% (105/244)        
2023-04-27T16:16:33.2664273Z remote: Compressing objects:  44% (108/244)        
2023-04-27T16:16:33.2664564Z remote: Compressing objects:  45% (110/244)        
2023-04-27T16:16:33.2664832Z remote: Compressing objects:  46% (113/244)        
2023-04-27T16:16:33.2665118Z remote: Compressing objects:  47% (115/244)        
2023-04-27T16:16:33.2665403Z remote: Compressing objects:  48% (118/244)        
2023-04-27T16:16:33.2704111Z remote: Compressing objects:  49% (120/244)        
2023-04-27T16:16:33.2704472Z remote: Compressing objects:  50% (122/244)        
2023-04-27T16:16:33.2704794Z remote: Compressing objects:  51% (125/244)        
2023-04-27T16:16:33.2705112Z remote: Compressing objects:  52% (127/244)        
2023-04-27T16:16:33.2705425Z remote: Compressing objects:  53% (130/244)        
2023-04-27T16:16:33.2706301Z remote: Compressing objects:  54% (132/244)        
2023-04-27T16:16:33.2706628Z remote: Compressing objects:  55% (135/244)        
2023-04-27T16:16:33.2706905Z remote: Compressing objects:  56% (137/244)        
2023-04-27T16:16:33.2707201Z remote: Compressing objects:  57% (140/244)        
2023-04-27T16:16:33.2707653Z remote: Compressing objects:  58% (142/244)        
2023-04-27T16:16:33.2707935Z remote: Compressing objects:  59% (144/244)        
2023-04-27T16:16:33.2708230Z remote: Compressing objects:  60% (147/244)        
2023-04-27T16:16:33.2708688Z remote: Compressing objects:  61% (149/244)        
2023-04-27T16:16:33.2709169Z remote: Compressing objects:  62% (152/244)        
2023-04-27T16:16:33.2709473Z remote: Compressing objects:  63% (154/244)        
2023-04-27T16:16:33.2709759Z remote: Compressing objects:  64% (157/244)        
2023-04-27T16:16:33.2710068Z remote: Compressing objects:  65% (159/244)        
2023-04-27T16:16:33.2710366Z remote: Compressing objects:  66% (162/244)        
2023-04-27T16:16:33.2710657Z remote: Compressing objects:  67% (164/244)        
2023-04-27T16:16:33.2710957Z remote: Compressing objects:  68% (166/244)        
2023-04-27T16:16:33.2711260Z remote: Compressing objects:  69% (169/244)        
2023-04-27T16:16:33.2711543Z remote: Compressing objects:  70% (171/244)        
2023-04-27T16:16:33.2712035Z remote: Compressing objects:  71% (174/244)        
2023-04-27T16:16:33.2712481Z remote: Compressing objects:  72% (176/244)        
2023-04-27T16:16:33.2712904Z remote: Compressing objects:  73% (179/244)        
2023-04-27T16:16:33.2713177Z remote: Compressing objects:  74% (181/244)        
2023-04-27T16:16:33.2713448Z remote: Compressing objects:  75% (183/244)        
2023-04-27T16:16:33.2713721Z remote: Compressing objects:  76% (186/244)        
2023-04-27T16:16:33.2713977Z remote: Compressing objects:  77% (188/244)        
2023-04-27T16:16:33.2714399Z remote: Compressing objects:  78% (191/244)        
2023-04-27T16:16:33.2714672Z remote: Compressing objects:  79% (193/244)        
2023-04-27T16:16:33.2714934Z remote: Compressing objects:  80% (196/244)        
2023-04-27T16:16:33.2715205Z remote: Compressing objects:  81% (198/244)        
2023-04-27T16:16:33.2715475Z remote: Compressing objects:  82% (201/244)        
2023-04-27T16:16:33.2715733Z remote: Compressing objects:  83% (203/244)        
2023-04-27T16:16:33.2716008Z remote: Compressing objects:  84% (205/244)        
2023-04-27T16:16:33.2716277Z remote: Compressing objects:  85% (208/244)        
2023-04-27T16:16:33.2716553Z remote: Compressing objects:  86% (210/244)        
2023-04-27T16:16:33.2716810Z remote: Compressing objects:  87% (213/244)        
2023-04-27T16:16:33.2717080Z remote: Compressing objects:  88% (215/244)        
2023-04-27T16:16:33.2717349Z remote: Compressing objects:  89% (218/244)        
2023-04-27T16:16:33.2717638Z remote: Compressing objects:  90% (220/244)        
2023-04-27T16:16:33.2717919Z remote: Compressing objects:  91% (223/244)        
2023-04-27T16:16:33.2718182Z remote: Compressing objects:  92% (225/244)        
2023-04-27T16:16:33.2718456Z remote: Compressing objects:  93% (227/244)        
2023-04-27T16:16:33.2718731Z remote: Compressing objects:  94% (230/244)        
2023-04-27T16:16:33.2718990Z remote: Compressing objects:  95% (232/244)        
2023-04-27T16:16:33.2719263Z remote: Compressing objects:  96% (235/244)        
2023-04-27T16:16:33.2719534Z remote: Compressing objects:  97% (237/244)        
2023-04-27T16:16:33.2719791Z remote: Compressing objects:  98% (240/244)        
2023-04-27T16:16:33.2720063Z remote: Compressing objects:  99% (242/244)        
2023-04-27T16:16:33.2720336Z remote: Compressing objects: 100% (244/244)        
2023-04-27T16:16:33.2720624Z remote: Compressing objects: 100% (244/244), done.        
2023-04-27T16:16:33.2833512Z Receiving objects:   0% (1/1157)
2023-04-27T16:16:33.2836468Z Receiving objects:   1% (12/1157)
2023-04-27T16:16:33.2840816Z Receiving objects:   2% (24/1157)
2023-04-27T16:16:33.2962001Z Receiving objects:   3% (35/1157)
2023-04-27T16:16:33.2962741Z Receiving objects:   4% (47/1157)
2023-04-27T16:16:33.3021829Z Receiving objects:   5% (58/1157)
2023-04-27T16:16:33.3022438Z Receiving objects:   6% (70/1157)
2023-04-27T16:16:33.3106238Z Receiving objects:   7% (81/1157)
2023-04-27T16:16:33.3110808Z Receiving objects:   8% (93/1157)
2023-04-27T16:16:33.3120621Z Receiving objects:   9% (105/1157)
2023-04-27T16:16:33.3120912Z Receiving objects:  10% (116/1157)
2023-04-27T16:16:33.3121175Z Receiving objects:  11% (128/1157)
2023-04-27T16:16:33.3125101Z Receiving objects:  12% (139/1157)
2023-04-27T16:16:33.3125388Z Receiving objects:  13% (151/1157)
2023-04-27T16:16:33.3125652Z Receiving objects:  14% (162/1157)
2023-04-27T16:16:33.3125908Z Receiving objects:  15% (174/1157)
2023-04-27T16:16:33.3126169Z Receiving objects:  16% (186/1157)
2023-04-27T16:16:33.3129329Z Receiving objects:  17% (197/1157)
2023-04-27T16:16:33.3133163Z Receiving objects:  18% (209/1157)
2023-04-27T16:16:33.3133683Z Receiving objects:  19% (220/1157)
2023-04-27T16:16:33.3134159Z Receiving objects:  20% (232/1157)
2023-04-27T16:16:33.3274461Z Receiving objects:  21% (243/1157)
2023-04-27T16:16:33.3274797Z Receiving objects:  22% (255/1157)
2023-04-27T16:16:33.3336905Z Receiving objects:  23% (267/1157)
2023-04-27T16:16:33.3337947Z Receiving objects:  24% (278/1157)
2023-04-27T16:16:33.3410008Z Receiving objects:  25% (290/1157)
2023-04-27T16:16:33.3410872Z Receiving objects:  26% (301/1157)
2023-04-27T16:16:33.3411825Z Receiving objects:  27% (313/1157)
2023-04-27T16:16:33.3413580Z Receiving objects:  28% (324/1157)
2023-04-27T16:16:33.3418852Z Receiving objects:  29% (336/1157)
2023-04-27T16:16:33.3419474Z Receiving objects:  30% (348/1157)
2023-04-27T16:16:33.3419825Z Receiving objects:  31% (359/1157)
2023-04-27T16:16:33.3420143Z Receiving objects:  32% (371/1157)
2023-04-27T16:16:33.3424869Z Receiving objects:  33% (382/1157)
2023-04-27T16:16:33.3426783Z Receiving objects:  34% (394/1157)
2023-04-27T16:16:33.3427953Z Receiving objects:  35% (405/1157)
2023-04-27T16:16:33.3429052Z Receiving objects:  36% (417/1157)
2023-04-27T16:16:33.3430888Z Receiving objects:  37% (429/1157)
2023-04-27T16:16:33.3432939Z Receiving objects:  38% (440/1157)
2023-04-27T16:16:33.3435381Z Receiving objects:  39% (452/1157)
2023-04-27T16:16:33.3437618Z Receiving objects:  40% (463/1157)
2023-04-27T16:16:33.3442811Z Receiving objects:  41% (475/1157)
2023-04-27T16:16:33.3443530Z Receiving objects:  42% (486/1157)
2023-04-27T16:16:33.3444779Z Receiving objects:  43% (498/1157)
2023-04-27T16:16:33.3445275Z Receiving objects:  44% (510/1157)
2023-04-27T16:16:33.3446390Z Receiving objects:  45% (521/1157)
2023-04-27T16:16:33.3478156Z Receiving objects:  46% (533/1157)
2023-04-27T16:16:33.3478774Z Receiving objects:  47% (544/1157)
2023-04-27T16:16:33.3480748Z Receiving objects:  48% (556/1157)
2023-04-27T16:16:33.3481514Z Receiving objects:  49% (567/1157)
2023-04-27T16:16:33.3482618Z Receiving objects:  50% (579/1157)
2023-04-27T16:16:33.3483063Z Receiving objects:  51% (591/1157)
2023-04-27T16:16:33.3483635Z Receiving objects:  52% (602/1157)
2023-04-27T16:16:33.3484665Z Receiving objects:  53% (614/1157)
2023-04-27T16:16:33.3485324Z Receiving objects:  54% (625/1157)
2023-04-27T16:16:33.3486344Z Receiving objects:  55% (637/1157)
2023-04-27T16:16:33.3487296Z Receiving objects:  56% (648/1157)
2023-04-27T16:16:33.3488175Z Receiving objects:  57% (660/1157)
2023-04-27T16:16:33.3488723Z Receiving objects:  58% (672/1157)
2023-04-27T16:16:33.3489661Z Receiving objects:  59% (683/1157)
2023-04-27T16:16:33.3490498Z Receiving objects:  60% (695/1157)
2023-04-27T16:16:33.3491240Z Receiving objects:  61% (706/1157)
2023-04-27T16:16:33.3491632Z Receiving objects:  62% (718/1157)
2023-04-27T16:16:33.3492908Z Receiving objects:  63% (729/1157)
2023-04-27T16:16:33.3494163Z Receiving objects:  64% (741/1157)
2023-04-27T16:16:33.3495221Z Receiving objects:  65% (753/1157)
2023-04-27T16:16:33.3590551Z Receiving objects:  66% (764/1157)
2023-04-27T16:16:33.3591063Z Receiving objects:  67% (776/1157)
2023-04-27T16:16:33.3599876Z Receiving objects:  68% (787/1157)
2023-04-27T16:16:33.3650693Z Receiving objects:  69% (799/1157)
2023-04-27T16:16:33.3651264Z Receiving objects:  70% (810/1157)
2023-04-27T16:16:33.3651695Z Receiving objects:  71% (822/1157)
2023-04-27T16:16:33.3656272Z Receiving objects:  72% (834/1157)
2023-04-27T16:16:33.3727263Z Receiving objects:  73% (845/1157)
2023-04-27T16:16:33.3729504Z Receiving objects:  74% (857/1157)
2023-04-27T16:16:33.3735406Z Receiving objects:  75% (868/1157)
2023-04-27T16:16:33.3765701Z Receiving objects:  76% (880/1157)
2023-04-27T16:16:33.3766537Z Receiving objects:  77% (891/1157)
2023-04-27T16:16:33.3767465Z Receiving objects:  78% (903/1157)
2023-04-27T16:16:33.3767963Z Receiving objects:  79% (915/1157)
2023-04-27T16:16:33.3768731Z Receiving objects:  80% (926/1157)
2023-04-27T16:16:33.3769237Z Receiving objects:  81% (938/1157)
2023-04-27T16:16:33.3769907Z Receiving objects:  82% (949/1157)
2023-04-27T16:16:33.3770585Z Receiving objects:  83% (961/1157)
2023-04-27T16:16:33.3771265Z Receiving objects:  84% (972/1157)
2023-04-27T16:16:33.3771779Z Receiving objects:  85% (984/1157)
2023-04-27T16:16:33.3772434Z Receiving objects:  86% (996/1157)
2023-04-27T16:16:33.3772940Z Receiving objects:  87% (1007/1157)
2023-04-27T16:16:33.3773609Z Receiving objects:  88% (1019/1157)
2023-04-27T16:16:33.3774251Z Receiving objects:  89% (1030/1157)
2023-04-27T16:16:33.3775469Z Receiving objects:  90% (1042/1157)
2023-04-27T16:16:33.3775975Z Receiving objects:  91% (1053/1157)
2023-04-27T16:16:33.3776907Z Receiving objects:  92% (1065/1157)
2023-04-27T16:16:33.3777554Z Receiving objects:  93% (1077/1157)
2023-04-27T16:16:33.3778625Z remote: Total 1157 (delta 158), reused 198 (delta 114), pack-reused 778        
2023-04-27T16:16:33.3779303Z Receiving objects:  94% (1088/1157)
2023-04-27T16:16:33.3780001Z Receiving objects:  95% (1100/1157)
2023-04-27T16:16:33.3786282Z Receiving objects:  96% (1111/1157)
2023-04-27T16:16:33.3788549Z Receiving objects:  97% (1123/1157)
2023-04-27T16:16:33.3789458Z Receiving objects:  98% (1134/1157)
2023-04-27T16:16:33.3793870Z Receiving objects:  99% (1146/1157)
2023-04-27T16:16:33.3809365Z Receiving objects: 100% (1157/1157)
2023-04-27T16:16:33.3810284Z Receiving objects: 100% (1157/1157), 295.85 KiB | 2.99 MiB/s, done.
2023-04-27T16:16:33.3810973Z Resolving deltas:   0% (0/627)
2023-04-27T16:16:33.3813405Z Resolving deltas:   1% (7/627)
2023-04-27T16:16:33.3813991Z Resolving deltas:   2% (13/627)
2023-04-27T16:16:33.3815096Z Resolving deltas:   3% (19/627)
2023-04-27T16:16:33.3815695Z Resolving deltas:   4% (26/627)
2023-04-27T16:16:33.3816437Z Resolving deltas:   5% (32/627)
2023-04-27T16:16:33.3818406Z Resolving deltas:   6% (38/627)
2023-04-27T16:16:33.3819203Z Resolving deltas:   7% (44/627)
2023-04-27T16:16:33.3819730Z Resolving deltas:   8% (51/627)
2023-04-27T16:16:33.3820441Z Resolving deltas:   9% (57/627)
2023-04-27T16:16:33.3820982Z Resolving deltas:  10% (63/627)
2023-04-27T16:16:33.3821692Z Resolving deltas:  11% (69/627)
2023-04-27T16:16:33.3823142Z Resolving deltas:  12% (76/627)
2023-04-27T16:16:33.3823926Z Resolving deltas:  13% (82/627)
2023-04-27T16:16:33.3824610Z Resolving deltas:  14% (88/627)
2023-04-27T16:16:33.3825409Z Resolving deltas:  15% (95/627)
2023-04-27T16:16:33.3826004Z Resolving deltas:  16% (101/627)
2023-04-27T16:16:33.3826686Z Resolving deltas:  17% (107/627)
2023-04-27T16:16:33.3828061Z Resolving deltas:  18% (113/627)
2023-04-27T16:16:33.3829369Z Resolving deltas:  19% (120/627)
2023-04-27T16:16:33.3830009Z Resolving deltas:  20% (126/627)
2023-04-27T16:16:33.3830811Z Resolving deltas:  21% (132/627)
2023-04-27T16:16:33.3831436Z Resolving deltas:  22% (138/627)
2023-04-27T16:16:33.3832194Z Resolving deltas:  23% (145/627)
2023-04-27T16:16:33.3833695Z Resolving deltas:  24% (151/627)
2023-04-27T16:16:33.3836081Z Resolving deltas:  25% (157/627)
2023-04-27T16:16:33.3838148Z Resolving deltas:  26% (164/627)
2023-04-27T16:16:33.3839058Z Resolving deltas:  27% (170/627)
2023-04-27T16:16:33.3839674Z Resolving deltas:  28% (176/627)
2023-04-27T16:16:33.3841768Z Resolving deltas:  29% (182/627)
2023-04-27T16:16:33.3843337Z Resolving deltas:  30% (189/627)
2023-04-27T16:16:33.3845065Z Resolving deltas:  31% (195/627)
2023-04-27T16:16:33.3845691Z Resolving deltas:  32% (201/627)
2023-04-27T16:16:33.3846483Z Resolving deltas:  33% (207/627)
2023-04-27T16:16:33.3847892Z Resolving deltas:  34% (214/627)
2023-04-27T16:16:33.3850003Z Resolving deltas:  35% (220/627)
2023-04-27T16:16:33.3851567Z Resolving deltas:  36% (226/627)
2023-04-27T16:16:33.3853293Z Resolving deltas:  37% (232/627)
2023-04-27T16:16:33.3854855Z Resolving deltas:  38% (239/627)
2023-04-27T16:16:33.3857096Z Resolving deltas:  39% (245/627)
2023-04-27T16:16:33.3858889Z Resolving deltas:  40% (251/627)
2023-04-27T16:16:33.3859828Z Resolving deltas:  41% (258/627)
2023-04-27T16:16:33.3860479Z Resolving deltas:  42% (264/627)
2023-04-27T16:16:33.3861325Z Resolving deltas:  43% (270/627)
2023-04-27T16:16:33.3865579Z Resolving deltas:  44% (276/627)
2023-04-27T16:16:33.3871274Z Resolving deltas:  45% (283/627)
2023-04-27T16:16:33.3873207Z Resolving deltas:  46% (289/627)
2023-04-27T16:16:33.3883244Z Resolving deltas:  47% (295/627)
2023-04-27T16:16:33.3895935Z Resolving deltas:  48% (301/627)
2023-04-27T16:16:33.3905687Z Resolving deltas:  49% (308/627)
2023-04-27T16:16:33.3912702Z Resolving deltas:  50% (314/627)
2023-04-27T16:16:33.3919833Z Resolving deltas:  51% (320/627)
2023-04-27T16:16:33.3921445Z Resolving deltas:  52% (327/627)
2023-04-27T16:16:33.3922443Z Resolving deltas:  53% (333/627)
2023-04-27T16:16:33.3924005Z Resolving deltas:  54% (339/627)
2023-04-27T16:16:33.3929490Z Resolving deltas:  55% (345/627)
2023-04-27T16:16:33.3930337Z Resolving deltas:  56% (352/627)
2023-04-27T16:16:33.3931142Z Resolving deltas:  57% (358/627)
2023-04-27T16:16:33.3931662Z Resolving deltas:  58% (364/627)
2023-04-27T16:16:33.3932817Z Resolving deltas:  59% (370/627)
2023-04-27T16:16:33.3933345Z Resolving deltas:  60% (377/627)
2023-04-27T16:16:33.3934059Z Resolving deltas:  61% (383/627)
2023-04-27T16:16:33.3934609Z Resolving deltas:  62% (389/627)
2023-04-27T16:16:33.3939677Z Resolving deltas:  63% (396/627)
2023-04-27T16:16:33.3940361Z Resolving deltas:  64% (402/627)
2023-04-27T16:16:33.3941136Z Resolving deltas:  65% (408/627)
2023-04-27T16:16:33.3941667Z Resolving deltas:  66% (414/627)
2023-04-27T16:16:33.3943289Z Resolving deltas:  67% (421/627)
2023-04-27T16:16:33.3943907Z Resolving deltas:  68% (427/627)
2023-04-27T16:16:33.3944663Z Resolving deltas:  69% (433/627)
2023-04-27T16:16:33.3945261Z Resolving deltas:  70% (439/627)
2023-04-27T16:16:33.3947923Z Resolving deltas:  71% (446/627)
2023-04-27T16:16:33.3954436Z Resolving deltas:  72% (452/627)
2023-04-27T16:16:33.3958430Z Resolving deltas:  73% (458/627)
2023-04-27T16:16:33.3964763Z Resolving deltas:  74% (464/627)
2023-04-27T16:16:33.3966285Z Resolving deltas:  75% (471/627)
2023-04-27T16:16:33.3967183Z Resolving deltas:  76% (477/627)
2023-04-27T16:16:33.3967709Z Resolving deltas:  77% (483/627)
2023-04-27T16:16:33.3968422Z Resolving deltas:  78% (490/627)
2023-04-27T16:16:33.3968908Z Resolving deltas:  79% (496/627)
2023-04-27T16:16:33.3969784Z Resolving deltas:  80% (502/627)
2023-04-27T16:16:33.3970281Z Resolving deltas:  81% (508/627)
2023-04-27T16:16:33.3971083Z Resolving deltas:  82% (515/627)
2023-04-27T16:16:33.3973708Z Resolving deltas:  83% (521/627)
2023-04-27T16:16:33.3976235Z Resolving deltas:  84% (527/627)
2023-04-27T16:16:33.3987834Z Resolving deltas:  85% (533/627)
2023-04-27T16:16:33.3995491Z Resolving deltas:  86% (540/627)
2023-04-27T16:16:33.4008083Z Resolving deltas:  87% (546/627)
2023-04-27T16:16:33.4017164Z Resolving deltas:  88% (552/627)
2023-04-27T16:16:33.4020281Z Resolving deltas:  89% (559/627)
2023-04-27T16:16:33.4023558Z Resolving deltas:  90% (565/627)
2023-04-27T16:16:33.4026576Z Resolving deltas:  91% (571/627)
2023-04-27T16:16:33.4029364Z Resolving deltas:  92% (577/627)
2023-04-27T16:16:33.4034155Z Resolving deltas:  93% (584/627)
2023-04-27T16:16:33.4040374Z Resolving deltas:  94% (590/627)
2023-04-27T16:16:33.4049138Z Resolving deltas:  95% (596/627)
2023-04-27T16:16:33.4055763Z Resolving deltas:  96% (602/627)
2023-04-27T16:16:33.4058931Z Resolving deltas:  97% (609/627)
2023-04-27T16:16:33.4062510Z Resolving deltas:  98% (615/627)
2023-04-27T16:16:33.4068461Z Resolving deltas:  99% (621/627)
2023-04-27T16:16:33.4068735Z Resolving deltas: 100% (627/627)
2023-04-27T16:16:33.4068991Z Resolving deltas: 100% (627/627), done.
2023-04-27T16:16:33.4206754Z From https://github.com/con/tinuous
2023-04-27T16:16:33.4224480Z  * [new branch]      gh-124          -> origin/gh-124
2023-04-27T16:16:33.4236230Z  * [new branch]      gh-55           -> origin/gh-55
2023-04-27T16:16:33.4237222Z  * [new branch]      master          -> origin/master
2023-04-27T16:16:33.4238304Z  * [new branch]      no-extra-search -> origin/no-extra-search
2023-04-27T16:16:33.4239085Z  * [new branch]      test-appveyor   -> origin/test-appveyor
2023-04-27T16:16:33.4239962Z  * [new tag]         0.1.0           -> 0.1.0
2023-04-27T16:16:33.4240583Z  * [new tag]         0.2.0           -> 0.2.0
2023-04-27T16:16:33.4241402Z  * [new tag]         0.3.0           -> 0.3.0
2023-04-27T16:16:33.4241972Z  * [new tag]         0.4.0           -> 0.4.0
2023-04-27T16:16:33.4243168Z  * [new tag]         0.5.0           -> 0.5.0
2023-04-27T16:16:33.4243500Z  * [new tag]         0.5.1           -> 0.5.1
2023-04-27T16:16:33.4243825Z  * [new tag]         0.5.2           -> 0.5.2
2023-04-27T16:16:33.4244127Z  * [new tag]         0.5.3           -> 0.5.3
2023-04-27T16:16:33.4244478Z  * [new tag]         0.5.4           -> 0.5.4
2023-04-27T16:16:33.4244799Z  * [new tag]         0.6.0           -> 0.6.0
2023-04-27T16:16:33.4245101Z  * [new tag]         0.6.1           -> 0.6.1
2023-04-27T16:16:33.4272953Z [command]/usr/bin/git branch --list --remote origin/master
2023-04-27T16:16:33.4311798Z   origin/master
2023-04-27T16:16:33.4322473Z [command]/usr/bin/git rev-parse refs/remotes/origin/master
2023-04-27T16:16:33.4353459Z 5e88fd1737f10db36e14dd02fd03be38793d26b6
2023-04-27T16:16:33.4359860Z ##[endgroup]
2023-04-27T16:16:33.4360597Z ##[group]Determining the checkout info
2023-04-27T16:16:33.4361566Z ##[endgroup]
2023-04-27T16:16:33.4362586Z ##[group]Checking out the ref
2023-04-27T16:16:33.4366644Z [command]/usr/bin/git checkout --progress --force -B master refs/remotes/origin/master
2023-04-27T16:16:33.4443371Z Reset branch 'master'
2023-04-27T16:16:33.4448934Z branch 'master' set up to track 'origin/master'.
2023-04-27T16:16:33.4453515Z ##[endgroup]
2023-04-27T16:16:33.4504343Z [command]/usr/bin/git log -1 --format='%H'
2023-04-27T16:16:33.4538290Z '5e88fd1737f10db36e14dd02fd03be38793d26b6'
2023-04-27T16:16:33.4970287Z ##[group]Run actions/setup-python@v4
2023-04-27T16:16:33.4970600Z with:
2023-04-27T16:16:33.4970831Z   python-version: 3.10
2023-04-27T16:16:33.4971089Z   check-latest: false
2023-04-27T16:16:33.4971546Z   token: ***
2023-04-27T16:16:33.4971802Z   update-environment: true
2023-04-27T16:16:33.4972235Z   allow-prereleases: false
2023-04-27T16:16:33.4972457Z ##[endgroup]
2023-04-27T16:16:33.6979581Z ##[group]Installed versions
2023-04-27T16:16:33.7088601Z Successfully set up CPython (3.10.11)
2023-04-27T16:16:33.7089647Z ##[endgroup]
2023-04-27T16:16:33.7240873Z ##[group]Run python -m pip install --upgrade pip wheel
2023-04-27T16:16:33.7241355Z [36;1mpython -m pip install --upgrade pip wheel[0m
2023-04-27T16:16:33.7241732Z [36;1mpython -m pip install --upgrade --upgrade-strategy=eager tox[0m
2023-04-27T16:16:33.7308777Z shell: /usr/bin/bash -e {0}
2023-04-27T16:16:33.7309012Z env:
2023-04-27T16:16:33.7309289Z   pythonLocation: /opt/hostedtoolcache/Python/3.10.11/x64
2023-04-27T16:16:33.7309641Z   PKG_CONFIG_PATH: /opt/hostedtoolcache/Python/3.10.11/x64/lib/pkgconfig
2023-04-27T16:16:33.7309984Z   Python_ROOT_DIR: /opt/hostedtoolcache/Python/3.10.11/x64
2023-04-27T16:16:33.7310290Z   Python2_ROOT_DIR: /opt/hostedtoolcache/Python/3.10.11/x64
2023-04-27T16:16:33.7310629Z   Python3_ROOT_DIR: /opt/hostedtoolcache/Python/3.10.11/x64
2023-04-27T16:16:33.7310952Z   LD_LIBRARY_PATH: /opt/hostedtoolcache/Python/3.10.11/x64/lib
2023-04-27T16:16:33.7311202Z ##[endgroup]
2023-04-27T16:16:37.4311024Z Requirement already satisfied: pip in /opt/hostedtoolcache/Python/3.10.11/x64/lib/python3.10/site-packages (23.0.1)
2023-04-27T16:16:37.6795372Z Collecting pip
2023-04-27T16:16:37.8197004Z   Downloading pip-23.1.2-py3-none-any.whl (2.1 MB)
2023-04-27T16:16:37.9748961Z      ‚îÅ‚îÅ‚îÅ‚îÅ‚îÅ‚îÅ‚îÅ‚îÅ‚îÅ‚îÅ‚îÅ‚îÅ‚îÅ‚îÅ‚îÅ‚îÅ‚îÅ‚îÅ‚îÅ‚îÅ‚îÅ‚îÅ‚îÅ‚îÅ‚îÅ‚îÅ‚îÅ‚îÅ‚îÅ‚îÅ‚îÅ‚îÅ‚îÅ‚îÅ‚îÅ‚îÅ‚îÅ‚îÅ‚îÅ‚îÅ 2.1/2.1 MB 13.9 MB/s eta 0:00:00
2023-04-27T16:16:38.0440921Z Collecting wheel
2023-04-27T16:16:38.0546357Z   Downloading wheel-0.40.0-py3-none-any.whl (64 kB)
2023-04-27T16:16:38.0618902Z      ‚îÅ‚îÅ‚îÅ‚îÅ‚îÅ‚îÅ‚îÅ‚îÅ‚îÅ‚îÅ‚îÅ‚îÅ‚îÅ‚îÅ‚îÅ‚îÅ‚îÅ‚îÅ‚îÅ‚îÅ‚îÅ‚îÅ‚îÅ‚îÅ‚îÅ‚îÅ‚îÅ‚îÅ‚îÅ‚îÅ‚îÅ‚îÅ‚îÅ‚îÅ‚îÅ‚îÅ‚îÅ‚îÅ‚îÅ‚îÅ 64.5/64.5 kB 12.6 MB/s eta 0:00:00
2023-04-27T16:16:38.1459556Z Installing collected packages: wheel, pip
2023-04-27T16:16:38.2012342Z   Attempting uninstall: pip
2023-04-27T16:16:38.2020261Z     Found existing installation: pip 23.0.1
2023-04-27T16:16:38.3229702Z     Uninstalling pip-23.0.1:
2023-04-27T16:16:38.3763131Z       Successfully uninstalled pip-23.0.1
2023-04-27T16:16:39.7420204Z Successfully installed pip-23.1.2 wheel-0.40.0
2023-04-27T16:16:40.8523873Z Collecting tox
2023-04-27T16:16:40.9863814Z   Downloading tox-4.5.1-py3-none-any.whl (148 kB)
2023-04-27T16:16:41.0321325Z      ‚îÅ‚îÅ‚îÅ‚îÅ‚îÅ‚îÅ‚îÅ‚îÅ‚îÅ‚îÅ‚îÅ‚îÅ‚îÅ‚îÅ‚îÅ‚îÅ‚îÅ‚îÅ‚îÅ‚îÅ‚îÅ‚îÅ‚îÅ‚îÅ‚îÅ‚îÅ‚îÅ‚îÅ‚îÅ‚îÅ‚îÅ‚îÅ‚îÅ‚îÅ‚îÅ‚îÅ‚îÅ‚îÅ‚îÅ 149.0/149.0 kB 3.5 MB/s eta 0:00:00
2023-04-27T16:16:41.1241192Z Collecting cachetools>=5.3 (from tox)
2023-04-27T16:16:41.1372879Z   Downloading cachetools-5.3.0-py3-none-any.whl (9.3 kB)
2023-04-27T16:16:41.1705017Z Collecting chardet>=5.1 (from tox)
2023-04-27T16:16:41.1831739Z   Downloading chardet-5.1.0-py3-none-any.whl (199 kB)
2023-04-27T16:16:41.2050874Z      ‚îÅ‚îÅ‚îÅ‚îÅ‚îÅ‚îÅ‚îÅ‚îÅ‚îÅ‚îÅ‚îÅ‚îÅ‚îÅ‚îÅ‚îÅ‚îÅ‚îÅ‚îÅ‚îÅ‚îÅ‚îÅ‚îÅ‚îÅ‚îÅ‚îÅ‚îÅ‚îÅ‚îÅ‚îÅ‚îÅ‚îÅ‚îÅ‚îÅ‚îÅ‚îÅ‚îÅ‚îÅ‚îÅ 199.1/199.1 kB 10.2 MB/s eta 0:00:00
2023-04-27T16:16:41.2597185Z Collecting colorama>=0.4.6 (from tox)
2023-04-27T16:16:41.2726314Z   Downloading colorama-0.4.6-py2.py3-none-any.whl (25 kB)
2023-04-27T16:16:41.3202707Z Collecting filelock>=3.11 (from tox)
2023-04-27T16:16:41.3328472Z   Downloading filelock-3.12.0-py3-none-any.whl (10 kB)
2023-04-27T16:16:41.3825798Z Collecting packaging>=23.1 (from tox)
2023-04-27T16:16:41.3951913Z   Downloading packaging-23.1-py3-none-any.whl (48 kB)
2023-04-27T16:16:41.4023376Z      ‚îÅ‚îÅ‚îÅ‚îÅ‚îÅ‚îÅ‚îÅ‚îÅ‚îÅ‚îÅ‚îÅ‚îÅ‚îÅ‚îÅ‚îÅ‚îÅ‚îÅ‚îÅ‚îÅ‚îÅ‚îÅ‚îÅ‚îÅ‚îÅ‚îÅ‚îÅ‚îÅ‚îÅ‚îÅ‚îÅ‚îÅ‚îÅ‚îÅ‚îÅ‚îÅ‚îÅ‚îÅ‚îÅ‚îÅ‚îÅ 48.9/48.9 kB 10.5 MB/s eta 0:00:00
2023-04-27T16:16:41.4410761Z Collecting platformdirs>=3.2 (from tox)
2023-04-27T16:16:41.4608194Z   Downloading platformdirs-3.4.0-py3-none-any.whl (15 kB)
2023-04-27T16:16:41.5015906Z Collecting pluggy>=1 (from tox)
2023-04-27T16:16:41.5139394Z   Downloading pluggy-1.0.0-py2.py3-none-any.whl (13 kB)
2023-04-27T16:16:41.5449018Z Collecting pyproject-api>=1.5.1 (from tox)
2023-04-27T16:16:41.5589312Z   Downloading pyproject_api-1.5.1-py3-none-any.whl (12 kB)
2023-04-27T16:16:41.5992035Z Collecting tomli>=2.0.1 (from tox)
2023-04-27T16:16:41.6110286Z   Downloading tomli-2.0.1-py3-none-any.whl (12 kB)
2023-04-27T16:16:41.7613283Z Collecting virtualenv>=20.21 (from tox)
2023-04-27T16:16:41.7744219Z   Downloading virtualenv-20.22.0-py3-none-any.whl (3.2 MB)
2023-04-27T16:16:41.9588104Z      ‚îÅ‚îÅ‚îÅ‚îÅ‚îÅ‚îÅ‚îÅ‚îÅ‚îÅ‚îÅ‚îÅ‚îÅ‚îÅ‚îÅ‚îÅ‚îÅ‚îÅ‚îÅ‚îÅ‚îÅ‚îÅ‚îÅ‚îÅ‚îÅ‚îÅ‚îÅ‚îÅ‚îÅ‚îÅ‚îÅ‚îÅ‚îÅ‚îÅ‚îÅ‚îÅ‚îÅ‚îÅ‚îÅ‚îÅ‚îÅ 3.2/3.2 MB 17.9 MB/s eta 0:00:00
2023-04-27T16:16:42.0987862Z Collecting distlib<1,>=0.3.6 (from virtualenv>=20.21->tox)
2023-04-27T16:16:42.1105948Z   Downloading distlib-0.3.6-py2.py3-none-any.whl (468 kB)
2023-04-27T16:16:42.1325429Z      ‚îÅ‚îÅ‚îÅ‚îÅ‚îÅ‚îÅ‚îÅ‚îÅ‚îÅ‚îÅ‚îÅ‚îÅ‚îÅ‚îÅ‚îÅ‚îÅ‚îÅ‚îÅ‚îÅ‚îÅ‚îÅ‚îÅ‚îÅ‚îÅ‚îÅ‚îÅ‚îÅ‚îÅ‚îÅ‚îÅ‚îÅ‚îÅ‚îÅ‚îÅ‚îÅ‚îÅ‚îÅ‚îÅ 468.5/468.5 kB 25.6 MB/s eta 0:00:00
2023-04-27T16:16:42.3344883Z Installing collected packages: distlib, tomli, pluggy, platformdirs, packaging, filelock, colorama, chardet, cachetools, virtualenv, pyproject-api, tox
2023-04-27T16:16:43.0783736Z Successfully installed cachetools-5.3.0 chardet-5.1.0 colorama-0.4.6 distlib-0.3.6 filelock-3.12.0 packaging-23.1 platformdirs-3.4.0 pluggy-1.0.0 pyproject-api-1.5.1 tomli-2.0.1 tox-4.5.1 virtualenv-20.22.0
2023-04-27T16:16:43.2631895Z ##[group]Run tox -e py -- --cov-report=xml
2023-04-27T16:16:43.2632196Z [36;1mtox -e py -- --cov-report=xml[0m
2023-04-27T16:16:43.2681781Z shell: /usr/bin/bash -e {0}
2023-04-27T16:16:43.2681981Z env:
2023-04-27T16:16:43.2682205Z   pythonLocation: /opt/hostedtoolcache/Python/3.10.11/x64
2023-04-27T16:16:43.2682513Z   PKG_CONFIG_PATH: /opt/hostedtoolcache/Python/3.10.11/x64/lib/pkgconfig
2023-04-27T16:16:43.2682810Z   Python_ROOT_DIR: /opt/hostedtoolcache/Python/3.10.11/x64
2023-04-27T16:16:43.2683074Z   Python2_ROOT_DIR: /opt/hostedtoolcache/Python/3.10.11/x64
2023-04-27T16:16:43.2683345Z   Python3_ROOT_DIR: /opt/hostedtoolcache/Python/3.10.11/x64
2023-04-27T16:16:43.2683627Z   LD_LIBRARY_PATH: /opt/hostedtoolcache/Python/3.10.11/x64/lib
2023-04-27T16:16:43.2683839Z ##[endgroup]
2023-04-27T16:16:45.7882390Z py: install_deps> python -I -m pip install pytest pytest-cov pytest-mock
2023-04-27T16:16:49.3306481Z .pkg: install_requires> python -I -m pip install 'setuptools>=46.4.0' versioningit
2023-04-27T16:16:51.1767690Z .pkg: _optional_hooks> python /opt/hostedtoolcache/Python/3.10.11/x64/lib/python3.10/site-packages/pyproject_api/_backend.py True setuptools.build_meta
2023-04-27T16:16:51.4329375Z .pkg: get_requires_for_build_sdist> python /opt/hostedtoolcache/Python/3.10.11/x64/lib/python3.10/site-packages/pyproject_api/_backend.py True setuptools.build_meta
2023-04-27T16:16:51.6277757Z .pkg: freeze> python -m pip freeze --all
2023-04-27T16:16:52.0142679Z .pkg: packaging==23.1,pip==23.1,setuptools==67.6.1,tomli==2.0.1,versioningit==2.2.0,wheel==0.40.0
2023-04-27T16:16:52.0146792Z .pkg: prepare_metadata_for_build_wheel> python /opt/hostedtoolcache/Python/3.10.11/x64/lib/python3.10/site-packages/pyproject_api/_backend.py True setuptools.build_meta
2023-04-27T16:16:52.1603699Z .pkg: build_sdist> python /opt/hostedtoolcache/Python/3.10.11/x64/lib/python3.10/site-packages/pyproject_api/_backend.py True setuptools.build_meta
2023-04-27T16:16:52.2492198Z py: install_package_deps> python -I -m pip install 'PyGithub~=1.55' 'PyYAML>=5.0' 'click-loglevel~=0.2' 'click>=7.0' 'in-place~=0.4' 'pydantic~=1.7' 'python-dateutil~=2.7' 'python-dotenv<2.0,>=0.11' 'requests~=2.20'
2023-04-27T16:16:57.9337251Z py: install_package> python -I -m pip install --force-reinstall --no-deps /home/runner/work/tinuous/tinuous/.tox/.tmp/package/1/tinuous-0.6.1.post15+g5e88fd1.tar.gz
2023-04-27T16:17:02.7753643Z py: freeze> python -m pip freeze --all
2023-04-27T16:17:03.2571057Z py: certifi==2022.12.7,cffi==1.15.1,charset-normalizer==3.1.0,click==8.1.3,click-loglevel==0.4.0.post1,coverage==7.2.3,cryptography==40.0.2,Deprecated==1.2.13,exceptiongroup==1.1.1,idna==3.4,in-place==0.5.0,iniconfig==2.0.0,packaging==23.1,pip==23.1,pluggy==1.0.0,pycparser==2.21,pydantic==1.10.7,PyGithub==1.58.1,PyJWT==2.6.0,PyNaCl==1.5.0,pytest==7.3.1,pytest-cov==4.0.0,pytest-mock==3.10.0,python-dateutil==2.8.2,python-dotenv==1.0.0,PyYAML==6.0,requests==2.29.0,setuptools==67.6.1,six==1.16.0,tinuous @ file:///home/runner/work/tinuous/tinuous/.tox/.tmp/package/1/tinuous-0.6.1.post15%2Bg5e88fd1.tar.gz#sha256=2857eaa44c8d4b37c78ed6281f7e9f6993466231fcd6ad4f2126b79ba4a8b4da,tomli==2.0.1,typing_extensions==4.5.0,urllib3==1.26.15,wheel==0.40.0,wrapt==1.15.0
2023-04-27T16:17:03.2575452Z py: commands[0]> tinuous --help
2023-04-27T16:17:03.6279857Z Usage: tinuous [OPTIONS] COMMAND [ARGS]...
2023-04-27T16:17:03.6280552Z 
2023-04-27T16:17:03.6282399Z   Download build logs from GitHub Actions, Travis, and Appveyor
2023-04-27T16:17:03.6283103Z 
2023-04-27T16:17:03.6384880Z Options:
2023-04-27T16:17:03.6385494Z   -V, --version                   Show the version and exit.
2023-04-27T16:17:03.6386055Z   -c, --config FILE               Read configuration from the given file
2023-04-27T16:17:03.6386366Z                                   [default: tinuous.yaml]
2023-04-27T16:17:03.6386745Z   -E, --env FILE                  Load environment variables from given .env
2023-04-27T16:17:03.6387012Z                                   file
2023-04-27T16:17:03.6387821Z   -l, --log-level [NOTSET|DEBUG|INFO|WARNING|ERROR|CRITICAL]
2023-04-27T16:17:03.6388203Z                                   Set logging level  [default: INFO]
2023-04-27T16:17:03.6388569Z   --help                          Show this message and exit.
2023-04-27T16:17:03.6388719Z 
2023-04-27T16:17:03.6388798Z Commands:
2023-04-27T16:17:03.6388997Z   fetch     Download logs
2023-04-27T16:17:03.6389230Z   sanitize  Sanitize secrets in logs
2023-04-27T16:17:03.6679486Z py: commands[1]> pytest --cov-report=xml test
2023-04-27T16:17:05.4219751Z ============================= test session starts ==============================
2023-04-27T16:17:05.4220402Z platform linux -- Python 3.10.11, pytest-7.3.1, pluggy-1.0.0
2023-04-27T16:17:05.4220677Z cachedir: .tox/py/.pytest_cache
2023-04-27T16:17:05.4220944Z rootdir: /home/runner/work/tinuous/tinuous
2023-04-27T16:17:05.4221156Z configfile: tox.ini
2023-04-27T16:17:05.4221420Z plugins: cov-4.0.0, mock-3.10.0
2023-04-27T16:17:05.4221635Z collected 63 items
2023-04-27T16:17:05.4221788Z 
2023-04-27T16:17:05.4421110Z test/test_base.py .........                                              [ 14%]
2023-04-27T16:17:05.4615153Z test/test_config.py ........                                             [ 26%]
2023-04-27T16:17:05.4901078Z test/test_state.py .......                                               [ 38%]
2023-04-27T16:17:05.8209930Z test/test_util.py .......................................                [100%]
2023-04-27T16:17:05.8210221Z 
2023-04-27T16:17:05.8211080Z ---------- coverage: platform linux, python 3.10.11-final-0 ----------
2023-04-27T16:17:05.8211676Z Coverage XML written to file coverage.xml
2023-04-27T16:17:05.8211981Z 
2023-04-27T16:17:05.8212380Z 
2023-04-27T16:17:05.8213384Z ============================== 63 passed in 0.95s ==============================
2023-04-27T16:17:05.9133306Z .pkg: _exit> python /opt/hostedtoolcache/Python/3.10.11/x64/lib/python3.10/site-packages/pyproject_api/_backend.py True setuptools.build_meta
2023-04-27T16:17:05.9572416Z   py: OK (20.51=setup[17.86]+cmd[0.41,2.24] seconds)
2023-04-27T16:17:05.9573941Z   congratulations :) (22.39 seconds)
2023-04-27T16:17:06.0322420Z ##[group]Run codecov/codecov-action@v3
2023-04-27T16:17:06.0322709Z with:
2023-04-27T16:17:06.0322905Z   fail_ci_if_error: false
2023-04-27T16:17:06.0323108Z env:
2023-04-27T16:17:06.0323360Z   pythonLocation: /opt/hostedtoolcache/Python/3.10.11/x64
2023-04-27T16:17:06.0323697Z   PKG_CONFIG_PATH: /opt/hostedtoolcache/Python/3.10.11/x64/lib/pkgconfig
2023-04-27T16:17:06.0324023Z   Python_ROOT_DIR: /opt/hostedtoolcache/Python/3.10.11/x64
2023-04-27T16:17:06.0324317Z   Python2_ROOT_DIR: /opt/hostedtoolcache/Python/3.10.11/x64
2023-04-27T16:17:06.0324792Z   Python3_ROOT_DIR: /opt/hostedtoolcache/Python/3.10.11/x64
2023-04-27T16:17:06.0325094Z   LD_LIBRARY_PATH: /opt/hostedtoolcache/Python/3.10.11/x64/lib
2023-04-27T16:17:06.0325320Z ##[endgroup]
2023-04-27T16:17:06.2030653Z ==> linux OS detected
2023-04-27T16:17:06.6873513Z https://uploader.codecov.io/latest/linux/codecov.SHA256SUM
2023-04-27T16:17:06.8185957Z ==> SHASUM file signed by key id 806bb28aed779869
2023-04-27T16:17:07.0594281Z ==> Uploader SHASUM verified (02b055414cc124203ab061ffc45f5497ca39ede5e63a06717a6981c32d7b425f  codecov)
2023-04-27T16:17:07.0617271Z ==> Running version latest
2023-04-27T16:17:07.1755517Z ==> Running version v0.5.0
2023-04-27T16:17:07.1778364Z [command]/home/runner/work/_actions/codecov/codecov-action/v3/dist/codecov -n  -Q github-action-3.1.3
2023-04-27T16:17:07.4422325Z [2023-04-27T16:17:07.440Z] ['info'] 
2023-04-27T16:17:07.4422924Z      _____          _
2023-04-27T16:17:07.4423366Z     / ____|        | |
2023-04-27T16:17:07.4423731Z    | |     ___   __| | ___  ___ _____   __
2023-04-27T16:17:07.4424089Z    | |    / _ \ / _` |/ _ \/ __/ _ \ \ / /
2023-04-27T16:17:07.4424525Z    | |___| (_) | (_| |  __/ (_| (_) \ V /
2023-04-27T16:17:07.4425381Z     \_____\___/ \__,_|\___|\___\___/ \_/
2023-04-27T16:17:07.4425746Z 
2023-04-27T16:17:07.4426027Z   Codecov report uploader 0.5.0
2023-04-27T16:17:07.4493555Z [2023-04-27T16:17:07.448Z] ['info'] => Project root located at: /home/runner/work/tinuous/tinuous
2023-04-27T16:17:07.4526379Z [2023-04-27T16:17:07.452Z] ['info'] -> No token specified or token is empty
2023-04-27T16:17:07.4605053Z [2023-04-27T16:17:07.460Z] ['info'] Searching for coverage files...
2023-04-27T16:17:07.5837677Z [2023-04-27T16:17:07.583Z] ['info'] Warning: Some files located via search were excluded from upload.
2023-04-27T16:17:07.5839127Z [2023-04-27T16:17:07.583Z] ['info'] If Codecov did not locate your files, please review https://docs.codecov.com/docs/supported-report-formats
2023-04-27T16:17:07.5841347Z [2023-04-27T16:17:07.583Z] ['info'] => Found 1 possible coverage files:
2023-04-27T16:17:07.5841593Z   coverage.xml
2023-04-27T16:17:07.5846635Z [2023-04-27T16:17:07.584Z] ['info'] Processing /home/runner/work/tinuous/tinuous/coverage.xml...
2023-04-27T16:17:07.5897608Z [2023-04-27T16:17:07.589Z] ['info'] Detected GitHub Actions as the CI provider.
2023-04-27T16:17:08.1881704Z [2023-04-27T16:17:08.187Z] ['info'] Pinging Codecov: https://codecov.io/upload/v4?package=github-action-3.1.3-uploader-0.5.0&token=*******&branch=master&build=4822058635&build_url=https%3A%2F%2Fgithub.com%2Fcon%2Ftinuous%2Factions%2Fruns%2F4822058635&commit=5e88fd1737f10db36e14dd02fd03be38793d26b6&job=Test&pr=&service=github-actions&slug=con%2Ftinuous&name=&tag=&flags=&parent=
2023-04-27T16:17:38.3016216Z [2023-04-27T16:17:38.300Z] ['error'] There was an error running the uploader: Error uploading to https://codecov.io: Error: There was an error fetching the storage URL during POST: 502 - 
2023-04-27T16:17:38.3018982Z <html><head>
2023-04-27T16:17:38.3019400Z <meta http-equiv="content-type" content="text/html;charset=utf-8">
2023-04-27T16:17:38.3019680Z <title>502 Server Error</title>
2023-04-27T16:17:38.3019894Z </head>
2023-04-27T16:17:38.3020102Z <body text=#000000 bgcolor=#ffffff>
2023-04-27T16:17:38.3020326Z <h1>Error: Server Error</h1>
2023-04-27T16:17:38.3020696Z <h2>The server encountered a temporary error and could not complete your request.<p>Please try again in 30 seconds.</h2>
2023-04-27T16:17:38.3021750Z <h2></h2>
2023-04-27T16:17:38.3021947Z </body></html>
2023-04-27T16:17:38.3022070Z 
2023-04-27T16:17:38.3314207Z Post job cleanup.
2023-04-27T16:17:38.5173978Z Post job cleanup.
2023-04-27T16:17:38.6471921Z [command]/usr/bin/git version
2023-04-27T16:17:38.6535699Z git version 2.40.1
2023-04-27T16:17:38.6608910Z Temporarily overriding HOME='/home/runner/work/_temp/5302beec-db20-4582-a4ba-21bd8f3d4011' before making global git config changes
2023-04-27T16:17:38.6613054Z Adding repository directory to the temporary git global config as a safe directory
2023-04-27T16:17:38.6622770Z [command]/usr/bin/git config --global --add safe.directory /home/runner/work/tinuous/tinuous
2023-04-27T16:17:38.6676109Z [command]/usr/bin/git config --local --name-only --get-regexp core\.sshCommand
2023-04-27T16:17:38.6764156Z [command]/usr/bin/git submodule foreach --recursive sh -c "git config --local --name-only --get-regexp 'core\.sshCommand' && git config --local --unset-all 'core.sshCommand' || :"
2023-04-27T16:17:38.7140344Z [command]/usr/bin/git config --local --name-only --get-regexp http\.https\:\/\/github\.com\/\.extraheader
2023-04-27T16:17:38.7172442Z http.https://github.com/.extraheader
2023-04-27T16:17:38.7199499Z [command]/usr/bin/git config --local --unset-all http.https://github.com/.extraheader
2023-04-27T16:17:38.7259748Z [command]/usr/bin/git submodule foreach --recursive sh -c "git config --local --name-only --get-regexp 'http\.https\:\/\/github\.com\/\.extraheader' && git config --local --unset-all 'http.https://github.com/.extraheader' || :"
2023-04-27T16:17:38.7809695Z Cleaning up orphan processes
