2023-04-27T16:16:23.8669541Z Requested labels: ubuntu-latest
2023-04-27T16:16:23.8669798Z Job defined at: con/tinuous/.github/workflows/test.yml@refs/heads/master
2023-04-27T16:16:23.8669892Z Waiting for a runner to pick up this job...
2023-04-27T16:16:24.5783977Z Job is waiting for a hosted runner to come online.
2023-04-27T16:16:26.7963633Z Job is about to start running on the hosted runner: GitHub Actions 11 (hosted)
2023-04-27T16:16:29.3566533Z Current runner version: '2.303.0'
2023-04-27T16:16:29.3592031Z ##[group]Operating System
2023-04-27T16:16:29.3592566Z Ubuntu
2023-04-27T16:16:29.3592790Z 22.04.2
2023-04-27T16:16:29.3593127Z LTS
2023-04-27T16:16:29.3593404Z ##[endgroup]
2023-04-27T16:16:29.3593679Z ##[group]Runner Image
2023-04-27T16:16:29.3594011Z Image: ubuntu-22.04
2023-04-27T16:16:29.3594347Z Version: 20230426.1
2023-04-27T16:16:29.3594800Z Included Software: https://github.com/actions/runner-images/blob/ubuntu22/20230426.1/images/linux/Ubuntu2204-Readme.md
2023-04-27T16:16:29.3595409Z Image Release: https://github.com/actions/runner-images/releases/tag/ubuntu22%2F20230426.1
2023-04-27T16:16:29.3595832Z ##[endgroup]
2023-04-27T16:16:29.3596113Z ##[group]Runner Image Provisioner
2023-04-27T16:16:29.3596453Z 2.0.161.1
2023-04-27T16:16:29.3596731Z ##[endgroup]
2023-04-27T16:16:29.3597605Z ##[group]GITHUB_TOKEN Permissions
2023-04-27T16:16:29.3598220Z Actions: write
2023-04-27T16:16:29.3598501Z Checks: write
2023-04-27T16:16:29.3599008Z Contents: write
2023-04-27T16:16:29.3599370Z Deployments: write
2023-04-27T16:16:29.3599704Z Discussions: write
2023-04-27T16:16:29.3599969Z Issues: write
2023-04-27T16:16:29.3600258Z Metadata: read
2023-04-27T16:16:29.3600552Z Packages: write
2023-04-27T16:16:29.3600870Z Pages: write
2023-04-27T16:16:29.3601149Z PullRequests: write
2023-04-27T16:16:29.3601497Z RepositoryProjects: write
2023-04-27T16:16:29.3602090Z SecurityEvents: write
2023-04-27T16:16:29.3602355Z Statuses: write
2023-04-27T16:16:29.3602677Z ##[endgroup]
2023-04-27T16:16:29.3606566Z Secret source: Actions
2023-04-27T16:16:29.3606993Z Prepare workflow directory
2023-04-27T16:16:29.4359420Z Prepare all required actions
2023-04-27T16:16:29.4545812Z Getting action download info
2023-04-27T16:16:29.7230759Z Download action repository 'actions/checkout@v3' (SHA:8e5e7e5ab8b370d6c329ec480221332ada57f0ab)
2023-04-27T16:16:30.6062733Z Download action repository 'actions/setup-python@v4' (SHA:57ded4d7d5e986d7296eab16560982c6dd7c923b)
2023-04-27T16:16:31.4244575Z Download action repository 'codecov/codecov-action@v3' (SHA:894ff025c7b54547a9a2a1e9f228beae737ad3c2)
2023-04-27T16:16:32.4182863Z Complete job name: test (3.11, py)
2023-04-27T16:16:32.5334234Z ##[group]Run actions/checkout@v3
2023-04-27T16:16:32.5334508Z with:
2023-04-27T16:16:32.5334707Z   fetch-depth: 0
2023-04-27T16:16:32.5334925Z   repository: con/tinuous
2023-04-27T16:16:32.5335384Z   token: ***
2023-04-27T16:16:32.5335570Z   ssh-strict: true
2023-04-27T16:16:32.5335805Z   persist-credentials: true
2023-04-27T16:16:32.5336027Z   clean: true
2023-04-27T16:16:32.5336205Z   lfs: false
2023-04-27T16:16:32.5336397Z   submodules: false
2023-04-27T16:16:32.5336627Z   set-safe-directory: true
2023-04-27T16:16:32.5336847Z ##[endgroup]
2023-04-27T16:16:32.7855749Z Syncing repository: con/tinuous
2023-04-27T16:16:32.7857437Z ##[group]Getting Git version info
2023-04-27T16:16:32.7857897Z Working directory is '/home/runner/work/tinuous/tinuous'
2023-04-27T16:16:32.7858376Z [command]/usr/bin/git version
2023-04-27T16:16:32.7930664Z git version 2.40.1
2023-04-27T16:16:32.7959881Z ##[endgroup]
2023-04-27T16:16:32.7978456Z Temporarily overriding HOME='/home/runner/work/_temp/77e97557-00ff-4021-ac9d-b98a993685a6' before making global git config changes
2023-04-27T16:16:32.7978943Z Adding repository directory to the temporary git global config as a safe directory
2023-04-27T16:16:32.7982283Z [command]/usr/bin/git config --global --add safe.directory /home/runner/work/tinuous/tinuous
2023-04-27T16:16:32.8026114Z Deleting the contents of '/home/runner/work/tinuous/tinuous'
2023-04-27T16:16:32.8031479Z ##[group]Initializing the repository
2023-04-27T16:16:32.8035112Z [command]/usr/bin/git init /home/runner/work/tinuous/tinuous
2023-04-27T16:16:32.8135431Z hint: Using 'master' as the name for the initial branch. This default branch name
2023-04-27T16:16:32.8136387Z hint: is subject to change. To configure the initial branch name to use in all
2023-04-27T16:16:32.8136991Z hint: of your new repositories, which will suppress this warning, call:
2023-04-27T16:16:32.8137596Z hint: 
2023-04-27T16:16:32.8138040Z hint: 	git config --global init.defaultBranch <name>
2023-04-27T16:16:32.8138293Z hint: 
2023-04-27T16:16:32.8138622Z hint: Names commonly chosen instead of 'master' are 'main', 'trunk' and
2023-04-27T16:16:32.8139055Z hint: 'development'. The just-created branch can be renamed via this command:
2023-04-27T16:16:32.8139309Z hint: 
2023-04-27T16:16:32.8139546Z hint: 	git branch -m <name>
2023-04-27T16:16:32.8147078Z Initialized empty Git repository in /home/runner/work/tinuous/tinuous/.git/
2023-04-27T16:16:32.8160783Z [command]/usr/bin/git remote add origin https://github.com/con/tinuous
2023-04-27T16:16:32.8200010Z ##[endgroup]
2023-04-27T16:16:32.8200640Z ##[group]Disabling automatic garbage collection
2023-04-27T16:16:32.8204044Z [command]/usr/bin/git config --local gc.auto 0
2023-04-27T16:16:32.8234043Z ##[endgroup]
2023-04-27T16:16:32.8234552Z ##[group]Setting up auth
2023-04-27T16:16:32.8242854Z [command]/usr/bin/git config --local --name-only --get-regexp core\.sshCommand
2023-04-27T16:16:32.8273684Z [command]/usr/bin/git submodule foreach --recursive sh -c "git config --local --name-only --get-regexp 'core\.sshCommand' && git config --local --unset-all 'core.sshCommand' || :"
2023-04-27T16:16:32.8623784Z [command]/usr/bin/git config --local --name-only --get-regexp http\.https\:\/\/github\.com\/\.extraheader
2023-04-27T16:16:32.8649033Z [command]/usr/bin/git submodule foreach --recursive sh -c "git config --local --name-only --get-regexp 'http\.https\:\/\/github\.com\/\.extraheader' && git config --local --unset-all 'http.https://github.com/.extraheader' || :"
2023-04-27T16:16:32.8875540Z [command]/usr/bin/git config --local http.https://github.com/.extraheader AUTHORIZATION: basic ***
2023-04-27T16:16:32.8908058Z ##[endgroup]
2023-04-27T16:16:32.8908874Z ##[group]Fetching the repository
2023-04-27T16:16:32.8919427Z [command]/usr/bin/git -c protocol.version=2 fetch --prune --progress --no-recurse-submodules origin +refs/heads/*:refs/remotes/origin/* +refs/tags/*:refs/tags/*
2023-04-27T16:16:33.6113019Z remote: Enumerating objects: 1157, done.        
2023-04-27T16:16:33.6118639Z remote: Counting objects:   0% (1/379)        
2023-04-27T16:16:33.6124789Z remote: Counting objects:   1% (4/379)        
2023-04-27T16:16:33.6128910Z remote: Counting objects:   2% (8/379)        
2023-04-27T16:16:33.6135967Z remote: Counting objects:   3% (12/379)        
2023-04-27T16:16:33.6136470Z remote: Counting objects:   4% (16/379)        
2023-04-27T16:16:33.6137196Z remote: Counting objects:   5% (19/379)        
2023-04-27T16:16:33.6137506Z remote: Counting objects:   6% (23/379)        
2023-04-27T16:16:33.6137767Z remote: Counting objects:   7% (27/379)        
2023-04-27T16:16:33.6138011Z remote: Counting objects:   8% (31/379)        
2023-04-27T16:16:33.6138251Z remote: Counting objects:   9% (35/379)        
2023-04-27T16:16:33.6138485Z remote: Counting objects:  10% (38/379)        
2023-04-27T16:16:33.6138725Z remote: Counting objects:  11% (42/379)        
2023-04-27T16:16:33.6138985Z remote: Counting objects:  12% (46/379)        
2023-04-27T16:16:33.6139217Z remote: Counting objects:  13% (50/379)        
2023-04-27T16:16:33.6139448Z remote: Counting objects:  14% (54/379)        
2023-04-27T16:16:33.6139687Z remote: Counting objects:  15% (57/379)        
2023-04-27T16:16:33.6139913Z remote: Counting objects:  16% (61/379)        
2023-04-27T16:16:33.6140147Z remote: Counting objects:  17% (65/379)        
2023-04-27T16:16:33.6140379Z remote: Counting objects:  18% (69/379)        
2023-04-27T16:16:33.6140615Z remote: Counting objects:  19% (73/379)        
2023-04-27T16:16:33.6140835Z remote: Counting objects:  20% (76/379)        
2023-04-27T16:16:33.6141434Z remote: Counting objects:  21% (80/379)        
2023-04-27T16:16:33.6141681Z remote: Counting objects:  22% (84/379)        
2023-04-27T16:16:33.6141904Z remote: Counting objects:  23% (88/379)        
2023-04-27T16:16:33.6142138Z remote: Counting objects:  24% (91/379)        
2023-04-27T16:16:33.6142716Z remote: Counting objects:  25% (95/379)        
2023-04-27T16:16:33.6142937Z remote: Counting objects:  26% (99/379)        
2023-04-27T16:16:33.6143186Z remote: Counting objects:  27% (103/379)        
2023-04-27T16:16:33.6143463Z remote: Counting objects:  28% (107/379)        
2023-04-27T16:16:33.6143766Z remote: Counting objects:  29% (110/379)        
2023-04-27T16:16:33.6144006Z remote: Counting objects:  30% (114/379)        
2023-04-27T16:16:33.6144240Z remote: Counting objects:  31% (118/379)        
2023-04-27T16:16:33.6144477Z remote: Counting objects:  32% (122/379)        
2023-04-27T16:16:33.6144714Z remote: Counting objects:  33% (126/379)        
2023-04-27T16:16:33.6144948Z remote: Counting objects:  34% (129/379)        
2023-04-27T16:16:33.6145186Z remote: Counting objects:  35% (133/379)        
2023-04-27T16:16:33.6145413Z remote: Counting objects:  36% (137/379)        
2023-04-27T16:16:33.6145639Z remote: Counting objects:  37% (141/379)        
2023-04-27T16:16:33.6145873Z remote: Counting objects:  38% (145/379)        
2023-04-27T16:16:33.6146111Z remote: Counting objects:  39% (148/379)        
2023-04-27T16:16:33.6146341Z remote: Counting objects:  40% (152/379)        
2023-04-27T16:16:33.6146574Z remote: Counting objects:  41% (156/379)        
2023-04-27T16:16:33.6146810Z remote: Counting objects:  42% (160/379)        
2023-04-27T16:16:33.6147030Z remote: Counting objects:  43% (163/379)        
2023-04-27T16:16:33.6147262Z remote: Counting objects:  44% (167/379)        
2023-04-27T16:16:33.6147494Z remote: Counting objects:  45% (171/379)        
2023-04-27T16:16:33.6147724Z remote: Counting objects:  46% (175/379)        
2023-04-27T16:16:33.6147945Z remote: Counting objects:  47% (179/379)        
2023-04-27T16:16:33.6148178Z remote: Counting objects:  48% (182/379)        
2023-04-27T16:16:33.6148411Z remote: Counting objects:  49% (186/379)        
2023-04-27T16:16:33.6148633Z remote: Counting objects:  50% (190/379)        
2023-04-27T16:16:33.6148869Z remote: Counting objects:  51% (194/379)        
2023-04-27T16:16:33.6149100Z remote: Counting objects:  52% (198/379)        
2023-04-27T16:16:33.6149440Z remote: Counting objects:  53% (201/379)        
2023-04-27T16:16:33.6149682Z remote: Counting objects:  54% (205/379)        
2023-04-27T16:16:33.6149912Z remote: Counting objects:  55% (209/379)        
2023-04-27T16:16:33.6150136Z remote: Counting objects:  56% (213/379)        
2023-04-27T16:16:33.6150373Z remote: Counting objects:  57% (217/379)        
2023-04-27T16:16:33.6150611Z remote: Counting objects:  58% (220/379)        
2023-04-27T16:16:33.6150841Z remote: Counting objects:  59% (224/379)        
2023-04-27T16:16:33.6151070Z remote: Counting objects:  60% (228/379)        
2023-04-27T16:16:33.6151305Z remote: Counting objects:  61% (232/379)        
2023-04-27T16:16:33.6151537Z remote: Counting objects:  62% (235/379)        
2023-04-27T16:16:33.6151763Z remote: Counting objects:  63% (239/379)        
2023-04-27T16:16:33.6152138Z remote: Counting objects:  64% (243/379)        
2023-04-27T16:16:33.6152379Z remote: Counting objects:  65% (247/379)        
2023-04-27T16:16:33.6152616Z remote: Counting objects:  66% (251/379)        
2023-04-27T16:16:33.6152844Z remote: Counting objects:  67% (254/379)        
2023-04-27T16:16:33.6153079Z remote: Counting objects:  68% (258/379)        
2023-04-27T16:16:33.6153312Z remote: Counting objects:  69% (262/379)        
2023-04-27T16:16:33.6153536Z remote: Counting objects:  70% (266/379)        
2023-04-27T16:16:33.6153766Z remote: Counting objects:  71% (270/379)        
2023-04-27T16:16:33.6153995Z remote: Counting objects:  72% (273/379)        
2023-04-27T16:16:33.6154231Z remote: Counting objects:  73% (277/379)        
2023-04-27T16:16:33.6154457Z remote: Counting objects:  74% (281/379)        
2023-04-27T16:16:33.6154690Z remote: Counting objects:  75% (285/379)        
2023-04-27T16:16:33.6154927Z remote: Counting objects:  76% (289/379)        
2023-04-27T16:16:33.6155149Z remote: Counting objects:  77% (292/379)        
2023-04-27T16:16:33.6155475Z remote: Counting objects:  78% (296/379)        
2023-04-27T16:16:33.6155712Z remote: Counting objects:  79% (300/379)        
2023-04-27T16:16:33.6155932Z remote: Counting objects:  80% (304/379)        
2023-04-27T16:16:33.6156156Z remote: Counting objects:  81% (307/379)        
2023-04-27T16:16:33.6156388Z remote: Counting objects:  82% (311/379)        
2023-04-27T16:16:33.6156608Z remote: Counting objects:  83% (315/379)        
2023-04-27T16:16:33.6156841Z remote: Counting objects:  84% (319/379)        
2023-04-27T16:16:33.6157069Z remote: Counting objects:  85% (323/379)        
2023-04-27T16:16:33.6157302Z remote: Counting objects:  86% (326/379)        
2023-04-27T16:16:33.6157529Z remote: Counting objects:  87% (330/379)        
2023-04-27T16:16:33.6157765Z remote: Counting objects:  88% (334/379)        
2023-04-27T16:16:33.6157996Z remote: Counting objects:  89% (338/379)        
2023-04-27T16:16:33.6158219Z remote: Counting objects:  90% (342/379)        
2023-04-27T16:16:33.6158452Z remote: Counting objects:  91% (345/379)        
2023-04-27T16:16:33.6158687Z remote: Counting objects:  92% (349/379)        
2023-04-27T16:16:33.6158909Z remote: Counting objects:  93% (353/379)        
2023-04-27T16:16:33.6159139Z remote: Counting objects:  94% (357/379)        
2023-04-27T16:16:33.6159370Z remote: Counting objects:  95% (361/379)        
2023-04-27T16:16:33.6159592Z remote: Counting objects:  96% (364/379)        
2023-04-27T16:16:33.6159825Z remote: Counting objects:  97% (368/379)        
2023-04-27T16:16:33.6160056Z remote: Counting objects:  98% (372/379)        
2023-04-27T16:16:33.6160291Z remote: Counting objects:  99% (376/379)        
2023-04-27T16:16:33.6160515Z remote: Counting objects: 100% (379/379)        
2023-04-27T16:16:33.6160765Z remote: Counting objects: 100% (379/379), done.        
2023-04-27T16:16:33.6161049Z remote: Compressing objects:   0% (1/244)        
2023-04-27T16:16:33.6161304Z remote: Compressing objects:   1% (3/244)        
2023-04-27T16:16:33.6161563Z remote: Compressing objects:   2% (5/244)        
2023-04-27T16:16:33.6162108Z remote: Compressing objects:   3% (8/244)        
2023-04-27T16:16:33.6162368Z remote: Compressing objects:   4% (10/244)        
2023-04-27T16:16:33.6162639Z remote: Compressing objects:   5% (13/244)        
2023-04-27T16:16:33.6162911Z remote: Compressing objects:   6% (15/244)        
2023-04-27T16:16:33.6380330Z remote: Compressing objects:   7% (18/244)        
2023-04-27T16:16:33.6380658Z remote: Compressing objects:   8% (20/244)        
2023-04-27T16:16:33.6380925Z remote: Compressing objects:   9% (22/244)        
2023-04-27T16:16:33.6381190Z remote: Compressing objects:  10% (25/244)        
2023-04-27T16:16:33.6381440Z remote: Compressing objects:  11% (27/244)        
2023-04-27T16:16:33.6381698Z remote: Compressing objects:  12% (30/244)        
2023-04-27T16:16:33.6381959Z remote: Compressing objects:  13% (32/244)        
2023-04-27T16:16:33.6382222Z remote: Compressing objects:  14% (35/244)        
2023-04-27T16:16:33.6382480Z remote: Compressing objects:  15% (37/244)        
2023-04-27T16:16:33.6382745Z remote: Compressing objects:  16% (40/244)        
2023-04-27T16:16:33.6382997Z remote: Compressing objects:  17% (42/244)        
2023-04-27T16:16:33.6383280Z remote: Compressing objects:  18% (44/244)        
2023-04-27T16:16:33.6383535Z remote: Compressing objects:  19% (47/244)        
2023-04-27T16:16:33.6383780Z remote: Compressing objects:  20% (49/244)        
2023-04-27T16:16:33.6384017Z remote: Compressing objects:  21% (52/244)        
2023-04-27T16:16:33.6384262Z remote: Compressing objects:  22% (54/244)        
2023-04-27T16:16:33.6384506Z remote: Compressing objects:  23% (57/244)        
2023-04-27T16:16:33.6384748Z remote: Compressing objects:  24% (59/244)        
2023-04-27T16:16:33.6384982Z remote: Compressing objects:  25% (61/244)        
2023-04-27T16:16:33.6385232Z remote: Compressing objects:  26% (64/244)        
2023-04-27T16:16:33.6385845Z remote: Compressing objects:  27% (66/244)        
2023-04-27T16:16:33.6386086Z remote: Compressing objects:  28% (69/244)        
2023-04-27T16:16:33.6386341Z remote: Compressing objects:  29% (71/244)        
2023-04-27T16:16:33.6386589Z remote: Compressing objects:  30% (74/244)        
2023-04-27T16:16:33.6386827Z remote: Compressing objects:  31% (76/244)        
2023-04-27T16:16:33.6387075Z remote: Compressing objects:  32% (79/244)        
2023-04-27T16:16:33.6387323Z remote: Compressing objects:  33% (81/244)        
2023-04-27T16:16:33.6387562Z remote: Compressing objects:  34% (83/244)        
2023-04-27T16:16:33.6387807Z remote: Compressing objects:  35% (86/244)        
2023-04-27T16:16:33.6388058Z remote: Compressing objects:  36% (88/244)        
2023-04-27T16:16:33.6388312Z remote: Compressing objects:  37% (91/244)        
2023-04-27T16:16:33.6388544Z remote: Compressing objects:  38% (93/244)        
2023-04-27T16:16:33.6388793Z remote: Compressing objects:  39% (96/244)        
2023-04-27T16:16:33.6389039Z remote: Compressing objects:  40% (98/244)        
2023-04-27T16:16:33.6389285Z remote: Compressing objects:  41% (101/244)        
2023-04-27T16:16:33.6389551Z remote: Compressing objects:  42% (103/244)        
2023-04-27T16:16:33.6389811Z remote: Compressing objects:  43% (105/244)        
2023-04-27T16:16:33.6390058Z remote: Compressing objects:  44% (108/244)        
2023-04-27T16:16:33.6390312Z remote: Compressing objects:  45% (110/244)        
2023-04-27T16:16:33.6390571Z remote: Compressing objects:  46% (113/244)        
2023-04-27T16:16:33.6390826Z remote: Compressing objects:  47% (115/244)        
2023-04-27T16:16:33.6391066Z remote: Compressing objects:  48% (118/244)        
2023-04-27T16:16:33.6391316Z remote: Compressing objects:  49% (120/244)        
2023-04-27T16:16:33.6391565Z remote: Compressing objects:  50% (122/244)        
2023-04-27T16:16:33.6391801Z remote: Compressing objects:  51% (125/244)        
2023-04-27T16:16:33.6392052Z remote: Compressing objects:  52% (127/244)        
2023-04-27T16:16:33.6392307Z remote: Compressing objects:  53% (130/244)        
2023-04-27T16:16:33.6392818Z remote: Compressing objects:  54% (132/244)        
2023-04-27T16:16:33.6393073Z remote: Compressing objects:  55% (135/244)        
2023-04-27T16:16:33.6393324Z remote: Compressing objects:  56% (137/244)        
2023-04-27T16:16:33.6393560Z remote: Compressing objects:  57% (140/244)        
2023-04-27T16:16:33.6393806Z remote: Compressing objects:  58% (142/244)        
2023-04-27T16:16:33.6394055Z remote: Compressing objects:  59% (144/244)        
2023-04-27T16:16:33.6394305Z remote: Compressing objects:  60% (147/244)        
2023-04-27T16:16:33.6394541Z remote: Compressing objects:  61% (149/244)        
2023-04-27T16:16:33.6596572Z remote: Compressing objects:  62% (152/244)        
2023-04-27T16:16:33.6596978Z remote: Compressing objects:  63% (154/244)        
2023-04-27T16:16:33.6597327Z remote: Compressing objects:  64% (157/244)        
2023-04-27T16:16:33.6597699Z remote: Compressing objects:  65% (159/244)        
2023-04-27T16:16:33.6597976Z remote: Compressing objects:  66% (162/244)        
2023-04-27T16:16:33.6598254Z remote: Compressing objects:  67% (164/244)        
2023-04-27T16:16:33.6598571Z remote: Compressing objects:  68% (166/244)        
2023-04-27T16:16:33.6600844Z remote: Compressing objects:  69% (169/244)        
2023-04-27T16:16:33.6601132Z remote: Compressing objects:  70% (171/244)        
2023-04-27T16:16:33.6601428Z remote: Compressing objects:  71% (174/244)        
2023-04-27T16:16:33.6601925Z remote: Compressing objects:  72% (176/244)        
2023-04-27T16:16:33.6602197Z remote: Compressing objects:  73% (179/244)        
2023-04-27T16:16:33.6602543Z remote: Compressing objects:  74% (181/244)        
2023-04-27T16:16:33.6602812Z remote: Compressing objects:  75% (183/244)        
2023-04-27T16:16:33.6603129Z remote: Compressing objects:  76% (186/244)        
2023-04-27T16:16:33.6603459Z remote: Compressing objects:  77% (188/244)        
2023-04-27T16:16:33.6604134Z remote: Compressing objects:  78% (191/244)        
2023-04-27T16:16:33.6604451Z remote: Compressing objects:  79% (193/244)        
2023-04-27T16:16:33.6604745Z remote: Compressing objects:  80% (196/244)        
2023-04-27T16:16:33.6605060Z remote: Compressing objects:  81% (198/244)        
2023-04-27T16:16:33.6605351Z remote: Compressing objects:  82% (201/244)        
2023-04-27T16:16:33.6605589Z remote: Compressing objects:  83% (203/244)        
2023-04-27T16:16:33.6605838Z remote: Compressing objects:  84% (205/244)        
2023-04-27T16:16:33.6606155Z remote: Compressing objects:  85% (208/244)        
2023-04-27T16:16:33.6606492Z remote: Compressing objects:  86% (210/244)        
2023-04-27T16:16:33.6606795Z remote: Compressing objects:  87% (213/244)        
2023-04-27T16:16:33.6607071Z remote: Compressing objects:  88% (215/244)        
2023-04-27T16:16:33.6607312Z remote: Compressing objects:  89% (218/244)        
2023-04-27T16:16:33.6607658Z remote: Compressing objects:  90% (220/244)        
2023-04-27T16:16:33.6607984Z remote: Compressing objects:  91% (223/244)        
2023-04-27T16:16:33.6608317Z remote: Compressing objects:  92% (225/244)        
2023-04-27T16:16:33.6608622Z remote: Compressing objects:  93% (227/244)        
2023-04-27T16:16:33.6608884Z remote: Compressing objects:  94% (230/244)        
2023-04-27T16:16:33.6609197Z remote: Compressing objects:  95% (232/244)        
2023-04-27T16:16:33.6609508Z remote: Compressing objects:  96% (235/244)        
2023-04-27T16:16:33.6609810Z remote: Compressing objects:  97% (237/244)        
2023-04-27T16:16:33.6610070Z remote: Compressing objects:  98% (240/244)        
2023-04-27T16:16:33.6610377Z remote: Compressing objects:  99% (242/244)        
2023-04-27T16:16:33.6610671Z remote: Compressing objects: 100% (244/244)        
2023-04-27T16:16:33.6611002Z remote: Compressing objects: 100% (244/244), done.        
2023-04-27T16:16:33.6686086Z Receiving objects:   0% (1/1157)
2023-04-27T16:16:33.6686370Z Receiving objects:   1% (12/1157)
2023-04-27T16:16:33.6686622Z Receiving objects:   2% (24/1157)
2023-04-27T16:16:33.6912123Z Receiving objects:   3% (35/1157)
2023-04-27T16:16:33.6912660Z Receiving objects:   4% (47/1157)
2023-04-27T16:16:33.7128315Z Receiving objects:   5% (58/1157)
2023-04-27T16:16:33.7128589Z Receiving objects:   6% (70/1157)
2023-04-27T16:16:33.7179955Z Receiving objects:   7% (81/1157)
2023-04-27T16:16:33.7184152Z Receiving objects:   8% (93/1157)
2023-04-27T16:16:33.7192945Z Receiving objects:   9% (105/1157)
2023-04-27T16:16:33.7195557Z Receiving objects:  10% (116/1157)
2023-04-27T16:16:33.7197533Z Receiving objects:  11% (128/1157)
2023-04-27T16:16:33.7200772Z Receiving objects:  12% (139/1157)
2023-04-27T16:16:33.7204345Z Receiving objects:  13% (151/1157)
2023-04-27T16:16:33.7205986Z Receiving objects:  14% (162/1157)
2023-04-27T16:16:33.7207711Z Receiving objects:  15% (174/1157)
2023-04-27T16:16:33.7209353Z Receiving objects:  16% (186/1157)
2023-04-27T16:16:33.7212522Z Receiving objects:  17% (197/1157)
2023-04-27T16:16:33.7215573Z Receiving objects:  18% (209/1157)
2023-04-27T16:16:33.7217392Z Receiving objects:  19% (220/1157)
2023-04-27T16:16:33.7219633Z Receiving objects:  20% (232/1157)
2023-04-27T16:16:33.7441908Z Receiving objects:  21% (243/1157)
2023-04-27T16:16:33.7445888Z Receiving objects:  22% (255/1157)
2023-04-27T16:16:33.7656218Z Receiving objects:  23% (267/1157)
2023-04-27T16:16:33.7659478Z Receiving objects:  24% (278/1157)
2023-04-27T16:16:33.7707149Z Receiving objects:  25% (290/1157)
2023-04-27T16:16:33.7709140Z Receiving objects:  26% (301/1157)
2023-04-27T16:16:33.7710858Z Receiving objects:  27% (313/1157)
2023-04-27T16:16:33.7714248Z Receiving objects:  28% (324/1157)
2023-04-27T16:16:33.7716547Z Receiving objects:  29% (336/1157)
2023-04-27T16:16:33.7718445Z Receiving objects:  30% (348/1157)
2023-04-27T16:16:33.7720212Z Receiving objects:  31% (359/1157)
2023-04-27T16:16:33.7723371Z Receiving objects:  32% (371/1157)
2023-04-27T16:16:33.7725164Z Receiving objects:  33% (382/1157)
2023-04-27T16:16:33.7727210Z Receiving objects:  34% (394/1157)
2023-04-27T16:16:33.7729563Z Receiving objects:  35% (405/1157)
2023-04-27T16:16:33.7733094Z Receiving objects:  36% (417/1157)
2023-04-27T16:16:33.7741289Z Receiving objects:  37% (429/1157)
2023-04-27T16:16:33.7743402Z Receiving objects:  38% (440/1157)
2023-04-27T16:16:33.7745510Z Receiving objects:  39% (452/1157)
2023-04-27T16:16:33.7747238Z Receiving objects:  40% (463/1157)
2023-04-27T16:16:33.7748979Z Receiving objects:  41% (475/1157)
2023-04-27T16:16:33.7750717Z Receiving objects:  42% (486/1157)
2023-04-27T16:16:33.7752371Z Receiving objects:  43% (498/1157)
2023-04-27T16:16:33.7754614Z Receiving objects:  44% (510/1157)
2023-04-27T16:16:33.7756609Z Receiving objects:  45% (521/1157)
2023-04-27T16:16:33.7766869Z Receiving objects:  46% (533/1157)
2023-04-27T16:16:33.7768824Z Receiving objects:  47% (544/1157)
2023-04-27T16:16:33.7772106Z Receiving objects:  48% (556/1157)
2023-04-27T16:16:33.7775709Z Receiving objects:  49% (567/1157)
2023-04-27T16:16:33.7779702Z Receiving objects:  50% (579/1157)
2023-04-27T16:16:33.7782191Z Receiving objects:  51% (591/1157)
2023-04-27T16:16:33.7784089Z Receiving objects:  52% (602/1157)
2023-04-27T16:16:33.7786119Z Receiving objects:  53% (614/1157)
2023-04-27T16:16:33.7788049Z Receiving objects:  54% (625/1157)
2023-04-27T16:16:33.7790424Z Receiving objects:  55% (637/1157)
2023-04-27T16:16:33.7792517Z Receiving objects:  56% (648/1157)
2023-04-27T16:16:33.7794773Z Receiving objects:  57% (660/1157)
2023-04-27T16:16:33.7796279Z Receiving objects:  58% (672/1157)
2023-04-27T16:16:33.7798481Z Receiving objects:  59% (683/1157)
2023-04-27T16:16:33.7802989Z Receiving objects:  60% (695/1157)
2023-04-27T16:16:33.7807264Z Receiving objects:  61% (706/1157)
2023-04-27T16:16:33.7973865Z Receiving objects:  62% (718/1157)
2023-04-27T16:16:33.7978116Z Receiving objects:  63% (729/1157)
2023-04-27T16:16:33.7981989Z Receiving objects:  64% (741/1157)
2023-04-27T16:16:33.7986035Z Receiving objects:  65% (753/1157)
2023-04-27T16:16:33.7989779Z Receiving objects:  66% (764/1157)
2023-04-27T16:16:33.7993276Z Receiving objects:  67% (776/1157)
2023-04-27T16:16:33.7996786Z Receiving objects:  68% (787/1157)
2023-04-27T16:16:33.8185979Z Receiving objects:  69% (799/1157)
2023-04-27T16:16:33.8189513Z Receiving objects:  70% (810/1157)
2023-04-27T16:16:33.8193157Z Receiving objects:  71% (822/1157)
2023-04-27T16:16:33.8196318Z Receiving objects:  72% (834/1157)
2023-04-27T16:16:33.8200058Z Receiving objects:  73% (845/1157)
2023-04-27T16:16:33.8203436Z Receiving objects:  74% (857/1157)
2023-04-27T16:16:33.8207126Z Receiving objects:  75% (868/1157)
2023-04-27T16:16:33.8209850Z Receiving objects:  76% (880/1157)
2023-04-27T16:16:33.8212114Z Receiving objects:  77% (891/1157)
2023-04-27T16:16:33.8235924Z Receiving objects:  78% (903/1157)
2023-04-27T16:16:33.8238817Z Receiving objects:  79% (915/1157)
2023-04-27T16:16:33.8247137Z Receiving objects:  80% (926/1157)
2023-04-27T16:16:33.8250224Z Receiving objects:  81% (938/1157)
2023-04-27T16:16:33.8276842Z Receiving objects:  82% (949/1157)
2023-04-27T16:16:33.8277441Z remote: Total 1157 (delta 158), reused 198 (delta 114), pack-reused 778        
2023-04-27T16:16:33.8282454Z Receiving objects:  83% (961/1157)
2023-04-27T16:16:33.8286153Z Receiving objects:  84% (972/1157)
2023-04-27T16:16:33.8290186Z Receiving objects:  85% (984/1157)
2023-04-27T16:16:33.8293242Z Receiving objects:  86% (996/1157)
2023-04-27T16:16:33.8296311Z Receiving objects:  87% (1007/1157)
2023-04-27T16:16:33.8298769Z Receiving objects:  88% (1019/1157)
2023-04-27T16:16:33.8301246Z Receiving objects:  89% (1030/1157)
2023-04-27T16:16:33.8303978Z Receiving objects:  90% (1042/1157)
2023-04-27T16:16:33.8306686Z Receiving objects:  91% (1053/1157)
2023-04-27T16:16:33.8310290Z Receiving objects:  92% (1065/1157)
2023-04-27T16:16:33.8317441Z Receiving objects:  93% (1077/1157)
2023-04-27T16:16:33.8321529Z Receiving objects:  94% (1088/1157)
2023-04-27T16:16:33.8327179Z Receiving objects:  95% (1100/1157)
2023-04-27T16:16:33.8334257Z Receiving objects:  96% (1111/1157)
2023-04-27T16:16:33.8338867Z Receiving objects:  97% (1123/1157)
2023-04-27T16:16:33.8341182Z Receiving objects:  98% (1134/1157)
2023-04-27T16:16:33.8345683Z Receiving objects:  99% (1146/1157)
2023-04-27T16:16:33.8348216Z Receiving objects: 100% (1157/1157)
2023-04-27T16:16:33.8348498Z Receiving objects: 100% (1157/1157), 295.87 KiB | 1.73 MiB/s, done.
2023-04-27T16:16:33.8353948Z Resolving deltas:   0% (0/627)
2023-04-27T16:16:33.8356412Z Resolving deltas:   1% (7/627)
2023-04-27T16:16:33.8358785Z Resolving deltas:   2% (13/627)
2023-04-27T16:16:33.8361117Z Resolving deltas:   3% (19/627)
2023-04-27T16:16:33.8363628Z Resolving deltas:   4% (26/627)
2023-04-27T16:16:33.8365819Z Resolving deltas:   5% (32/627)
2023-04-27T16:16:33.8368052Z Resolving deltas:   6% (38/627)
2023-04-27T16:16:33.8370239Z Resolving deltas:   7% (44/627)
2023-04-27T16:16:33.8372441Z Resolving deltas:   8% (51/627)
2023-04-27T16:16:33.8374552Z Resolving deltas:   9% (57/627)
2023-04-27T16:16:33.8376775Z Resolving deltas:  10% (63/627)
2023-04-27T16:16:33.8379104Z Resolving deltas:  11% (69/627)
2023-04-27T16:16:33.8381475Z Resolving deltas:  12% (76/627)
2023-04-27T16:16:33.8383665Z Resolving deltas:  13% (82/627)
2023-04-27T16:16:33.8385959Z Resolving deltas:  14% (88/627)
2023-04-27T16:16:33.8388214Z Resolving deltas:  15% (95/627)
2023-04-27T16:16:33.8390430Z Resolving deltas:  16% (101/627)
2023-04-27T16:16:33.8392718Z Resolving deltas:  17% (107/627)
2023-04-27T16:16:33.8395047Z Resolving deltas:  18% (113/627)
2023-04-27T16:16:33.8397292Z Resolving deltas:  19% (120/627)
2023-04-27T16:16:33.8399453Z Resolving deltas:  20% (126/627)
2023-04-27T16:16:33.8402160Z Resolving deltas:  21% (132/627)
2023-04-27T16:16:33.8407066Z Resolving deltas:  22% (138/627)
2023-04-27T16:16:33.8409343Z Resolving deltas:  23% (145/627)
2023-04-27T16:16:33.8411636Z Resolving deltas:  24% (151/627)
2023-04-27T16:16:33.8413771Z Resolving deltas:  25% (157/627)
2023-04-27T16:16:33.8419767Z Resolving deltas:  26% (164/627)
2023-04-27T16:16:33.8426304Z Resolving deltas:  27% (170/627)
2023-04-27T16:16:33.8432013Z Resolving deltas:  28% (176/627)
2023-04-27T16:16:33.8438965Z Resolving deltas:  29% (182/627)
2023-04-27T16:16:33.8442778Z Resolving deltas:  30% (189/627)
2023-04-27T16:16:33.8445446Z Resolving deltas:  31% (195/627)
2023-04-27T16:16:33.8448281Z Resolving deltas:  32% (201/627)
2023-04-27T16:16:33.8451235Z Resolving deltas:  33% (207/627)
2023-04-27T16:16:33.8455604Z Resolving deltas:  34% (214/627)
2023-04-27T16:16:33.8459901Z Resolving deltas:  35% (220/627)
2023-04-27T16:16:33.8463441Z Resolving deltas:  36% (226/627)
2023-04-27T16:16:33.8468193Z Resolving deltas:  37% (232/627)
2023-04-27T16:16:33.8471656Z Resolving deltas:  38% (239/627)
2023-04-27T16:16:33.8475438Z Resolving deltas:  39% (245/627)
2023-04-27T16:16:33.8478880Z Resolving deltas:  40% (251/627)
2023-04-27T16:16:33.8482594Z Resolving deltas:  41% (258/627)
2023-04-27T16:16:33.8485945Z Resolving deltas:  42% (264/627)
2023-04-27T16:16:33.8495152Z Resolving deltas:  43% (270/627)
2023-04-27T16:16:33.8505941Z Resolving deltas:  44% (276/627)
2023-04-27T16:16:33.8512716Z Resolving deltas:  45% (283/627)
2023-04-27T16:16:33.8519247Z Resolving deltas:  46% (289/627)
2023-04-27T16:16:33.8526242Z Resolving deltas:  47% (295/627)
2023-04-27T16:16:33.8533678Z Resolving deltas:  48% (301/627)
2023-04-27T16:16:33.8540553Z Resolving deltas:  49% (308/627)
2023-04-27T16:16:33.8548372Z Resolving deltas:  50% (314/627)
2023-04-27T16:16:33.8552084Z Resolving deltas:  51% (320/627)
2023-04-27T16:16:33.8559650Z Resolving deltas:  52% (327/627)
2023-04-27T16:16:33.8565741Z Resolving deltas:  53% (333/627)
2023-04-27T16:16:33.8570597Z Resolving deltas:  54% (339/627)
2023-04-27T16:16:33.8577318Z Resolving deltas:  55% (345/627)
2023-04-27T16:16:33.8589857Z Resolving deltas:  56% (352/627)
2023-04-27T16:16:33.8598950Z Resolving deltas:  57% (358/627)
2023-04-27T16:16:33.8608244Z Resolving deltas:  58% (364/627)
2023-04-27T16:16:33.8614637Z Resolving deltas:  59% (370/627)
2023-04-27T16:16:33.8619991Z Resolving deltas:  60% (377/627)
2023-04-27T16:16:33.8631397Z Resolving deltas:  61% (383/627)
2023-04-27T16:16:33.8638444Z Resolving deltas:  62% (389/627)
2023-04-27T16:16:33.8640950Z Resolving deltas:  63% (396/627)
2023-04-27T16:16:33.8645175Z Resolving deltas:  64% (402/627)
2023-04-27T16:16:33.8650878Z Resolving deltas:  65% (408/627)
2023-04-27T16:16:33.8655096Z Resolving deltas:  66% (414/627)
2023-04-27T16:16:33.8657581Z Resolving deltas:  67% (421/627)
2023-04-27T16:16:33.8659995Z Resolving deltas:  68% (427/627)
2023-04-27T16:16:33.8662148Z Resolving deltas:  69% (433/627)
2023-04-27T16:16:33.8664471Z Resolving deltas:  70% (439/627)
2023-04-27T16:16:33.8666632Z Resolving deltas:  71% (446/627)
2023-04-27T16:16:33.8668736Z Resolving deltas:  72% (452/627)
2023-04-27T16:16:33.8677263Z Resolving deltas:  73% (458/627)
2023-04-27T16:16:33.8681161Z Resolving deltas:  74% (464/627)
2023-04-27T16:16:33.8683720Z Resolving deltas:  75% (471/627)
2023-04-27T16:16:33.8685987Z Resolving deltas:  76% (477/627)
2023-04-27T16:16:33.8688122Z Resolving deltas:  77% (483/627)
2023-04-27T16:16:33.8690327Z Resolving deltas:  78% (490/627)
2023-04-27T16:16:33.8692587Z Resolving deltas:  79% (496/627)
2023-04-27T16:16:33.8695245Z Resolving deltas:  80% (502/627)
2023-04-27T16:16:33.8701208Z Resolving deltas:  81% (508/627)
2023-04-27T16:16:33.8709006Z Resolving deltas:  82% (515/627)
2023-04-27T16:16:33.8717310Z Resolving deltas:  83% (521/627)
2023-04-27T16:16:33.8723820Z Resolving deltas:  84% (527/627)
2023-04-27T16:16:33.8728236Z Resolving deltas:  85% (533/627)
2023-04-27T16:16:33.8730586Z Resolving deltas:  86% (540/627)
2023-04-27T16:16:33.8732969Z Resolving deltas:  87% (546/627)
2023-04-27T16:16:33.8735259Z Resolving deltas:  88% (552/627)
2023-04-27T16:16:33.8737488Z Resolving deltas:  89% (559/627)
2023-04-27T16:16:33.8739736Z Resolving deltas:  90% (565/627)
2023-04-27T16:16:33.8742014Z Resolving deltas:  91% (571/627)
2023-04-27T16:16:33.8744890Z Resolving deltas:  92% (577/627)
2023-04-27T16:16:33.8750021Z Resolving deltas:  93% (584/627)
2023-04-27T16:16:33.8759550Z Resolving deltas:  94% (590/627)
2023-04-27T16:16:33.8764491Z Resolving deltas:  95% (596/627)
2023-04-27T16:16:33.8771124Z Resolving deltas:  96% (602/627)
2023-04-27T16:16:33.8778014Z Resolving deltas:  97% (609/627)
2023-04-27T16:16:33.8782808Z Resolving deltas:  98% (615/627)
2023-04-27T16:16:33.8789498Z Resolving deltas:  99% (621/627)
2023-04-27T16:16:33.8798715Z Resolving deltas: 100% (627/627)
2023-04-27T16:16:33.8799073Z Resolving deltas: 100% (627/627), done.
2023-04-27T16:16:33.8923894Z From https://github.com/con/tinuous
2023-04-27T16:16:33.8924539Z  * [new branch]      gh-124          -> origin/gh-124
2023-04-27T16:16:33.8924952Z  * [new branch]      gh-55           -> origin/gh-55
2023-04-27T16:16:33.8925345Z  * [new branch]      master          -> origin/master
2023-04-27T16:16:33.8925788Z  * [new branch]      no-extra-search -> origin/no-extra-search
2023-04-27T16:16:33.8926266Z  * [new branch]      test-appveyor   -> origin/test-appveyor
2023-04-27T16:16:33.8926669Z  * [new tag]         0.1.0           -> 0.1.0
2023-04-27T16:16:33.8927043Z  * [new tag]         0.2.0           -> 0.2.0
2023-04-27T16:16:33.8927391Z  * [new tag]         0.3.0           -> 0.3.0
2023-04-27T16:16:33.8927725Z  * [new tag]         0.4.0           -> 0.4.0
2023-04-27T16:16:33.8938956Z  * [new tag]         0.5.0           -> 0.5.0
2023-04-27T16:16:33.8939352Z  * [new tag]         0.5.1           -> 0.5.1
2023-04-27T16:16:33.8939692Z  * [new tag]         0.5.2           -> 0.5.2
2023-04-27T16:16:33.8940047Z  * [new tag]         0.5.3           -> 0.5.3
2023-04-27T16:16:33.8940394Z  * [new tag]         0.5.4           -> 0.5.4
2023-04-27T16:16:33.8940735Z  * [new tag]         0.6.0           -> 0.6.0
2023-04-27T16:16:33.8941065Z  * [new tag]         0.6.1           -> 0.6.1
2023-04-27T16:16:33.8978857Z [command]/usr/bin/git branch --list --remote origin/master
2023-04-27T16:16:33.9006056Z   origin/master
2023-04-27T16:16:33.9025348Z [command]/usr/bin/git rev-parse refs/remotes/origin/master
2023-04-27T16:16:33.9044569Z 5e88fd1737f10db36e14dd02fd03be38793d26b6
2023-04-27T16:16:33.9049748Z ##[endgroup]
2023-04-27T16:16:33.9050373Z ##[group]Determining the checkout info
2023-04-27T16:16:33.9053000Z ##[endgroup]
2023-04-27T16:16:33.9054452Z ##[group]Checking out the ref
2023-04-27T16:16:33.9059553Z [command]/usr/bin/git checkout --progress --force -B master refs/remotes/origin/master
2023-04-27T16:16:33.9118573Z Reset branch 'master'
2023-04-27T16:16:33.9121438Z branch 'master' set up to track 'origin/master'.
2023-04-27T16:16:33.9127153Z ##[endgroup]
2023-04-27T16:16:33.9168384Z [command]/usr/bin/git log -1 --format='%H'
2023-04-27T16:16:33.9194575Z '5e88fd1737f10db36e14dd02fd03be38793d26b6'
2023-04-27T16:16:33.9519376Z ##[group]Run actions/setup-python@v4
2023-04-27T16:16:33.9519613Z with:
2023-04-27T16:16:33.9519812Z   python-version: 3.11
2023-04-27T16:16:33.9520010Z   check-latest: false
2023-04-27T16:16:33.9520384Z   token: ***
2023-04-27T16:16:33.9520599Z   update-environment: true
2023-04-27T16:16:33.9520829Z   allow-prereleases: false
2023-04-27T16:16:33.9521018Z ##[endgroup]
2023-04-27T16:16:34.1173738Z ##[group]Installed versions
2023-04-27T16:16:34.1253734Z Successfully set up CPython (3.11.3)
2023-04-27T16:16:34.1254521Z ##[endgroup]
2023-04-27T16:16:34.1378404Z ##[group]Run python -m pip install --upgrade pip wheel
2023-04-27T16:16:34.1378795Z [36;1mpython -m pip install --upgrade pip wheel[0m
2023-04-27T16:16:34.1379125Z [36;1mpython -m pip install --upgrade --upgrade-strategy=eager tox[0m
2023-04-27T16:16:34.1437782Z shell: /usr/bin/bash -e {0}
2023-04-27T16:16:34.1438000Z env:
2023-04-27T16:16:34.1438270Z   pythonLocation: /opt/hostedtoolcache/Python/3.11.3/x64
2023-04-27T16:16:34.1438616Z   PKG_CONFIG_PATH: /opt/hostedtoolcache/Python/3.11.3/x64/lib/pkgconfig
2023-04-27T16:16:34.1438939Z   Python_ROOT_DIR: /opt/hostedtoolcache/Python/3.11.3/x64
2023-04-27T16:16:34.1439240Z   Python2_ROOT_DIR: /opt/hostedtoolcache/Python/3.11.3/x64
2023-04-27T16:16:34.1439554Z   Python3_ROOT_DIR: /opt/hostedtoolcache/Python/3.11.3/x64
2023-04-27T16:16:34.1439847Z   LD_LIBRARY_PATH: /opt/hostedtoolcache/Python/3.11.3/x64/lib
2023-04-27T16:16:34.1440101Z ##[endgroup]
2023-04-27T16:16:42.1103515Z Requirement already satisfied: pip in /opt/hostedtoolcache/Python/3.11.3/x64/lib/python3.11/site-packages (22.3.1)
2023-04-27T16:16:42.4419639Z Collecting pip
2023-04-27T16:16:42.5599687Z   Downloading pip-23.1.2-py3-none-any.whl (2.1 MB)
2023-04-27T16:16:42.7919090Z      ‚îÅ‚îÅ‚îÅ‚îÅ‚îÅ‚îÅ‚îÅ‚îÅ‚îÅ‚îÅ‚îÅ‚îÅ‚îÅ‚îÅ‚îÅ‚îÅ‚îÅ‚îÅ‚îÅ‚îÅ‚îÅ‚îÅ‚îÅ‚îÅ‚îÅ‚îÅ‚îÅ‚îÅ‚îÅ‚îÅ‚îÅ‚îÅ‚îÅ‚îÅ‚îÅ‚îÅ‚îÅ‚îÅ‚îÅ‚îÅ 2.1/2.1 MB 9.0 MB/s eta 0:00:00
2023-04-27T16:16:42.8551382Z Collecting wheel
2023-04-27T16:16:42.8661039Z   Downloading wheel-0.40.0-py3-none-any.whl (64 kB)
2023-04-27T16:16:42.8709702Z      ‚îÅ‚îÅ‚îÅ‚îÅ‚îÅ‚îÅ‚îÅ‚îÅ‚îÅ‚îÅ‚îÅ‚îÅ‚îÅ‚îÅ‚îÅ‚îÅ‚îÅ‚îÅ‚îÅ‚îÅ‚îÅ‚îÅ‚îÅ‚îÅ‚îÅ‚îÅ‚îÅ‚îÅ‚îÅ‚îÅ‚îÅ‚îÅ‚îÅ‚îÅ‚îÅ‚îÅ‚îÅ‚îÅ‚îÅ‚îÅ 64.5/64.5 kB 21.4 MB/s eta 0:00:00
2023-04-27T16:16:42.9220100Z Installing collected packages: wheel, pip
2023-04-27T16:16:42.9992250Z   Attempting uninstall: pip
2023-04-27T16:16:43.0014311Z     Found existing installation: pip 22.3.1
2023-04-27T16:16:43.0714687Z     Uninstalling pip-22.3.1:
2023-04-27T16:16:43.1140131Z       Successfully uninstalled pip-22.3.1
2023-04-27T16:16:44.3310280Z Successfully installed pip-23.1.2 wheel-0.40.0
2023-04-27T16:16:45.2485344Z Collecting tox
2023-04-27T16:16:45.3631890Z   Downloading tox-4.5.1-py3-none-any.whl (148 kB)
2023-04-27T16:16:45.4115992Z      ‚îÅ‚îÅ‚îÅ‚îÅ‚îÅ‚îÅ‚îÅ‚îÅ‚îÅ‚îÅ‚îÅ‚îÅ‚îÅ‚îÅ‚îÅ‚îÅ‚îÅ‚îÅ‚îÅ‚îÅ‚îÅ‚îÅ‚îÅ‚îÅ‚îÅ‚îÅ‚îÅ‚îÅ‚îÅ‚îÅ‚îÅ‚îÅ‚îÅ‚îÅ‚îÅ‚îÅ‚îÅ‚îÅ‚îÅ 149.0/149.0 kB 3.2 MB/s eta 0:00:00
2023-04-27T16:16:45.4735582Z Collecting cachetools>=5.3 (from tox)
2023-04-27T16:16:45.4841707Z   Downloading cachetools-5.3.0-py3-none-any.whl (9.3 kB)
2023-04-27T16:16:45.5089593Z Collecting chardet>=5.1 (from tox)
2023-04-27T16:16:45.5194564Z   Downloading chardet-5.1.0-py3-none-any.whl (199 kB)
2023-04-27T16:16:45.5502120Z      ‚îÅ‚îÅ‚îÅ‚îÅ‚îÅ‚îÅ‚îÅ‚îÅ‚îÅ‚îÅ‚îÅ‚îÅ‚îÅ‚îÅ‚îÅ‚îÅ‚îÅ‚îÅ‚îÅ‚îÅ‚îÅ‚îÅ‚îÅ‚îÅ‚îÅ‚îÅ‚îÅ‚îÅ‚îÅ‚îÅ‚îÅ‚îÅ‚îÅ‚îÅ‚îÅ‚îÅ‚îÅ‚îÅ‚îÅ 199.1/199.1 kB 6.8 MB/s eta 0:00:00
2023-04-27T16:16:45.5824472Z Collecting colorama>=0.4.6 (from tox)
2023-04-27T16:16:45.5933701Z   Downloading colorama-0.4.6-py2.py3-none-any.whl (25 kB)
2023-04-27T16:16:45.6307529Z Collecting filelock>=3.11 (from tox)
2023-04-27T16:16:45.6416692Z   Downloading filelock-3.12.0-py3-none-any.whl (10 kB)
2023-04-27T16:16:45.6804343Z Collecting packaging>=23.1 (from tox)
2023-04-27T16:16:45.6913764Z   Downloading packaging-23.1-py3-none-any.whl (48 kB)
2023-04-27T16:16:45.6989170Z      ‚îÅ‚îÅ‚îÅ‚îÅ‚îÅ‚îÅ‚îÅ‚îÅ‚îÅ‚îÅ‚îÅ‚îÅ‚îÅ‚îÅ‚îÅ‚îÅ‚îÅ‚îÅ‚îÅ‚îÅ‚îÅ‚îÅ‚îÅ‚îÅ‚îÅ‚îÅ‚îÅ‚îÅ‚îÅ‚îÅ‚îÅ‚îÅ‚îÅ‚îÅ‚îÅ‚îÅ‚îÅ‚îÅ‚îÅ‚îÅ 48.9/48.9 kB 7.1 MB/s eta 0:00:00
2023-04-27T16:16:45.7289989Z Collecting platformdirs>=3.2 (from tox)
2023-04-27T16:16:45.7408834Z   Downloading platformdirs-3.4.0-py3-none-any.whl (15 kB)
2023-04-27T16:16:45.7718631Z Collecting pluggy>=1 (from tox)
2023-04-27T16:16:45.7824966Z   Downloading pluggy-1.0.0-py2.py3-none-any.whl (13 kB)
2023-04-27T16:16:45.8098537Z Collecting pyproject-api>=1.5.1 (from tox)
2023-04-27T16:16:45.8210809Z   Downloading pyproject_api-1.5.1-py3-none-any.whl (12 kB)
2023-04-27T16:16:45.9251165Z Collecting virtualenv>=20.21 (from tox)
2023-04-27T16:16:45.9356609Z   Downloading virtualenv-20.22.0-py3-none-any.whl (3.2 MB)
2023-04-27T16:16:46.1632048Z      ‚îÅ‚îÅ‚îÅ‚îÅ‚îÅ‚îÅ‚îÅ‚îÅ‚îÅ‚îÅ‚îÅ‚îÅ‚îÅ‚îÅ‚îÅ‚îÅ‚îÅ‚îÅ‚îÅ‚îÅ‚îÅ‚îÅ‚îÅ‚îÅ‚îÅ‚îÅ‚îÅ‚îÅ‚îÅ‚îÅ‚îÅ‚îÅ‚îÅ‚îÅ‚îÅ‚îÅ‚îÅ‚îÅ‚îÅ‚îÅ 3.2/3.2 MB 14.4 MB/s eta 0:00:00
2023-04-27T16:16:46.2619736Z Collecting distlib<1,>=0.3.6 (from virtualenv>=20.21->tox)
2023-04-27T16:16:46.2722888Z   Downloading distlib-0.3.6-py2.py3-none-any.whl (468 kB)
2023-04-27T16:16:46.2935965Z      ‚îÅ‚îÅ‚îÅ‚îÅ‚îÅ‚îÅ‚îÅ‚îÅ‚îÅ‚îÅ‚îÅ‚îÅ‚îÅ‚îÅ‚îÅ‚îÅ‚îÅ‚îÅ‚îÅ‚îÅ‚îÅ‚îÅ‚îÅ‚îÅ‚îÅ‚îÅ‚îÅ‚îÅ‚îÅ‚îÅ‚îÅ‚îÅ‚îÅ‚îÅ‚îÅ‚îÅ‚îÅ‚îÅ 468.5/468.5 kB 24.4 MB/s eta 0:00:00
2023-04-27T16:16:46.4461748Z Installing collected packages: distlib, pluggy, platformdirs, packaging, filelock, colorama, chardet, cachetools, virtualenv, pyproject-api, tox
2023-04-27T16:16:47.0935557Z Successfully installed cachetools-5.3.0 chardet-5.1.0 colorama-0.4.6 distlib-0.3.6 filelock-3.12.0 packaging-23.1 platformdirs-3.4.0 pluggy-1.0.0 pyproject-api-1.5.1 tox-4.5.1 virtualenv-20.22.0
2023-04-27T16:16:47.2777499Z ##[group]Run tox -e py -- --cov-report=xml
2023-04-27T16:16:47.2777789Z [36;1mtox -e py -- --cov-report=xml[0m
2023-04-27T16:16:47.2830914Z shell: /usr/bin/bash -e {0}
2023-04-27T16:16:47.2831151Z env:
2023-04-27T16:16:47.2831400Z   pythonLocation: /opt/hostedtoolcache/Python/3.11.3/x64
2023-04-27T16:16:47.2831737Z   PKG_CONFIG_PATH: /opt/hostedtoolcache/Python/3.11.3/x64/lib/pkgconfig
2023-04-27T16:16:47.2832068Z   Python_ROOT_DIR: /opt/hostedtoolcache/Python/3.11.3/x64
2023-04-27T16:16:47.2832362Z   Python2_ROOT_DIR: /opt/hostedtoolcache/Python/3.11.3/x64
2023-04-27T16:16:47.2832658Z   Python3_ROOT_DIR: /opt/hostedtoolcache/Python/3.11.3/x64
2023-04-27T16:16:47.2832957Z   LD_LIBRARY_PATH: /opt/hostedtoolcache/Python/3.11.3/x64/lib
2023-04-27T16:16:47.2833191Z ##[endgroup]
2023-04-27T16:16:48.2485056Z py: install_deps> python -I -m pip install pytest pytest-cov pytest-mock
2023-04-27T16:16:51.2420951Z .pkg: install_requires> python -I -m pip install 'setuptools>=46.4.0' versioningit
2023-04-27T16:16:52.9143727Z .pkg: _optional_hooks> python /opt/hostedtoolcache/Python/3.11.3/x64/lib/python3.11/site-packages/pyproject_api/_backend.py True setuptools.build_meta
2023-04-27T16:16:53.2594398Z .pkg: get_requires_for_build_sdist> python /opt/hostedtoolcache/Python/3.11.3/x64/lib/python3.11/site-packages/pyproject_api/_backend.py True setuptools.build_meta
2023-04-27T16:16:53.4381085Z .pkg: freeze> python -m pip freeze --all
2023-04-27T16:16:53.7829862Z .pkg: packaging==23.1,pip==23.1,setuptools==67.6.1,versioningit==2.2.0,wheel==0.40.0
2023-04-27T16:16:53.7842865Z .pkg: prepare_metadata_for_build_wheel> python /opt/hostedtoolcache/Python/3.11.3/x64/lib/python3.11/site-packages/pyproject_api/_backend.py True setuptools.build_meta
2023-04-27T16:16:53.9295576Z .pkg: build_sdist> python /opt/hostedtoolcache/Python/3.11.3/x64/lib/python3.11/site-packages/pyproject_api/_backend.py True setuptools.build_meta
2023-04-27T16:16:54.0011730Z py: install_package_deps> python -I -m pip install 'PyGithub~=1.55' 'PyYAML>=5.0' 'click-loglevel~=0.2' 'click>=7.0' 'in-place~=0.4' 'pydantic~=1.7' 'python-dateutil~=2.7' 'python-dotenv<2.0,>=0.11' 'requests~=2.20'
2023-04-27T16:16:58.9694845Z py: install_package> python -I -m pip install --force-reinstall --no-deps /home/runner/work/tinuous/tinuous/.tox/.tmp/package/1/tinuous-0.6.1.post15+g5e88fd1.tar.gz
2023-04-27T16:17:03.1129919Z py: freeze> python -m pip freeze --all
2023-04-27T16:17:03.5022821Z py: certifi==2022.12.7,cffi==1.15.1,charset-normalizer==3.1.0,click==8.1.3,click-loglevel==0.4.0.post1,coverage==7.2.3,cryptography==40.0.2,Deprecated==1.2.13,idna==3.4,in-place==0.5.0,iniconfig==2.0.0,packaging==23.1,pip==23.1,pluggy==1.0.0,pycparser==2.21,pydantic==1.10.7,PyGithub==1.58.1,PyJWT==2.6.0,PyNaCl==1.5.0,pytest==7.3.1,pytest-cov==4.0.0,pytest-mock==3.10.0,python-dateutil==2.8.2,python-dotenv==1.0.0,PyYAML==6.0,requests==2.29.0,setuptools==67.6.1,six==1.16.0,tinuous @ file:///home/runner/work/tinuous/tinuous/.tox/.tmp/package/1/tinuous-0.6.1.post15%2Bg5e88fd1.tar.gz#sha256=7d0d35fe1889cd5961ef23e87ccf0356a99a1a1773402eb66dbb7045738b5612,typing_extensions==4.5.0,urllib3==1.26.15,wheel==0.40.0,wrapt==1.15.0
2023-04-27T16:17:03.5027728Z py: commands[0]> tinuous --help
2023-04-27T16:17:03.8133555Z Usage: tinuous [OPTIONS] COMMAND [ARGS]...
2023-04-27T16:17:03.8134013Z 
2023-04-27T16:17:03.8181230Z   Download build logs from GitHub Actions, Travis, and Appveyor
2023-04-27T16:17:03.8181461Z 
2023-04-27T16:17:03.8181534Z Options:
2023-04-27T16:17:03.8181976Z   -V, --version                   Show the version and exit.
2023-04-27T16:17:03.8182364Z   -c, --config FILE               Read configuration from the given file
2023-04-27T16:17:03.8182673Z                                   [default: tinuous.yaml]
2023-04-27T16:17:03.8183032Z   -E, --env FILE                  Load environment variables from given .env
2023-04-27T16:17:03.8183304Z                                   file
2023-04-27T16:17:03.8183626Z   -l, --log-level [NOTSET|DEBUG|INFO|WARNING|ERROR|CRITICAL]
2023-04-27T16:17:03.8184276Z                                   Set logging level  [default: INFO]
2023-04-27T16:17:03.8184624Z   --help                          Show this message and exit.
2023-04-27T16:17:03.8184800Z 
2023-04-27T16:17:03.8184872Z Commands:
2023-04-27T16:17:03.8185062Z   fetch     Download logs
2023-04-27T16:17:03.8185278Z   sanitize  Sanitize secrets in logs
2023-04-27T16:17:03.8523386Z py: commands[1]> pytest --cov-report=xml test
2023-04-27T16:17:05.4681212Z ============================= test session starts ==============================
2023-04-27T16:17:05.4682934Z platform linux -- Python 3.11.3, pytest-7.3.1, pluggy-1.0.0
2023-04-27T16:17:05.4683390Z cachedir: .tox/py/.pytest_cache
2023-04-27T16:17:05.4683720Z rootdir: /home/runner/work/tinuous/tinuous
2023-04-27T16:17:05.4684128Z configfile: tox.ini
2023-04-27T16:17:05.4684925Z plugins: cov-4.0.0, mock-3.10.0
2023-04-27T16:17:05.4685186Z collected 63 items
2023-04-27T16:17:05.4685317Z 
2023-04-27T16:17:05.4823101Z test/test_base.py .........                                              [ 14%]
2023-04-27T16:17:05.4945678Z test/test_config.py ........                                             [ 26%]
2023-04-27T16:17:05.5146884Z test/test_state.py .......                                               [ 38%]
2023-04-27T16:17:05.7425787Z test/test_util.py .......................................                [100%]
2023-04-27T16:17:05.7426182Z 
2023-04-27T16:17:05.7426806Z ---------- coverage: platform linux, python 3.11.3-final-0 -----------
2023-04-27T16:17:05.7427587Z Coverage XML written to file coverage.xml
2023-04-27T16:17:05.7427796Z 
2023-04-27T16:17:05.7427803Z 
2023-04-27T16:17:05.7427944Z ============================== 63 passed in 0.74s ==============================
2023-04-27T16:17:05.8203403Z .pkg: _exit> python /opt/hostedtoolcache/Python/3.11.3/x64/lib/python3.11/site-packages/pyproject_api/_backend.py True setuptools.build_meta
2023-04-27T16:17:05.8482928Z   py: OK (17.82=setup[15.51]+cmd[0.35,1.96] seconds)
2023-04-27T16:17:05.8483418Z   congratulations :) (18.20 seconds)
2023-04-27T16:17:05.8786367Z ##[group]Run codecov/codecov-action@v3
2023-04-27T16:17:05.8786599Z with:
2023-04-27T16:17:05.8786787Z   fail_ci_if_error: false
2023-04-27T16:17:05.8787128Z env:
2023-04-27T16:17:05.8787366Z   pythonLocation: /opt/hostedtoolcache/Python/3.11.3/x64
2023-04-27T16:17:05.8787699Z   PKG_CONFIG_PATH: /opt/hostedtoolcache/Python/3.11.3/x64/lib/pkgconfig
2023-04-27T16:17:05.8788019Z   Python_ROOT_DIR: /opt/hostedtoolcache/Python/3.11.3/x64
2023-04-27T16:17:05.8788306Z   Python2_ROOT_DIR: /opt/hostedtoolcache/Python/3.11.3/x64
2023-04-27T16:17:05.8788598Z   Python3_ROOT_DIR: /opt/hostedtoolcache/Python/3.11.3/x64
2023-04-27T16:17:05.8788894Z   LD_LIBRARY_PATH: /opt/hostedtoolcache/Python/3.11.3/x64/lib
2023-04-27T16:17:05.8789128Z ##[endgroup]
2023-04-27T16:17:06.0486775Z ==> linux OS detected
2023-04-27T16:17:06.4766312Z https://uploader.codecov.io/latest/linux/codecov.SHA256SUM
2023-04-27T16:17:06.6213301Z ==> SHASUM file signed by key id 806bb28aed779869
2023-04-27T16:17:06.8381959Z ==> Uploader SHASUM verified (02b055414cc124203ab061ffc45f5497ca39ede5e63a06717a6981c32d7b425f  codecov)
2023-04-27T16:17:06.8415101Z ==> Running version latest
2023-04-27T16:17:07.0235677Z ==> Running version v0.5.0
2023-04-27T16:17:07.0247575Z [command]/home/runner/work/_actions/codecov/codecov-action/v3/dist/codecov -n  -Q github-action-3.1.3
2023-04-27T16:17:07.2432507Z [2023-04-27T16:17:07.241Z] ['info'] 
2023-04-27T16:17:07.2469134Z      _____          _
2023-04-27T16:17:07.2470074Z     / ____|        | |
2023-04-27T16:17:07.2470513Z    | |     ___   __| | ___  ___ _____   __
2023-04-27T16:17:07.2471248Z    | |    / _ \ / _` |/ _ \/ __/ _ \ \ / /
2023-04-27T16:17:07.2471694Z    | |___| (_) | (_| |  __/ (_| (_) \ V /
2023-04-27T16:17:07.2472337Z     \_____\___/ \__,_|\___|\___\___/ \_/
2023-04-27T16:17:07.2472630Z 
2023-04-27T16:17:07.2473133Z   Codecov report uploader 0.5.0
2023-04-27T16:17:07.2552098Z [2023-04-27T16:17:07.250Z] ['info'] => Project root located at: /home/runner/work/tinuous/tinuous
2023-04-27T16:17:07.2552901Z [2023-04-27T16:17:07.253Z] ['info'] -> No token specified or token is empty
2023-04-27T16:17:07.2612434Z [2023-04-27T16:17:07.260Z] ['info'] Searching for coverage files...
2023-04-27T16:17:07.3676914Z [2023-04-27T16:17:07.366Z] ['info'] Warning: Some files located via search were excluded from upload.
2023-04-27T16:17:07.3680992Z [2023-04-27T16:17:07.367Z] ['info'] If Codecov did not locate your files, please review https://docs.codecov.com/docs/supported-report-formats
2023-04-27T16:17:07.3684826Z [2023-04-27T16:17:07.368Z] ['info'] => Found 1 possible coverage files:
2023-04-27T16:17:07.3685215Z   coverage.xml
2023-04-27T16:17:07.3689042Z [2023-04-27T16:17:07.368Z] ['info'] Processing /home/runner/work/tinuous/tinuous/coverage.xml...
2023-04-27T16:17:07.3728130Z [2023-04-27T16:17:07.372Z] ['info'] Detected GitHub Actions as the CI provider.
2023-04-27T16:17:08.2118998Z [2023-04-27T16:17:08.211Z] ['info'] Pinging Codecov: https://codecov.io/upload/v4?package=github-action-3.1.3-uploader-0.5.0&token=*******&branch=master&build=4822058635&build_url=https%3A%2F%2Fgithub.com%2Fcon%2Ftinuous%2Factions%2Fruns%2F4822058635&commit=5e88fd1737f10db36e14dd02fd03be38793d26b6&job=Test&pr=&service=github-actions&slug=con%2Ftinuous&name=&tag=&flags=&parent=
2023-04-27T16:17:08.6820095Z [2023-04-27T16:17:08.681Z] ['info'] https://app.codecov.io/github/con/tinuous/commit/5e88fd1737f10db36e14dd02fd03be38793d26b6
2023-04-27T16:17:08.6824292Z https://storage.googleapis.com/codecov/v4/raw/2023-04-27/0010CBA6D851417C00BB0BC3FC5895F9/5e88fd1737f10db36e14dd02fd03be38793d26b6/354bbfda-09e7-4d50-bb6e-88b7a315c3f6.txt?X-Amz-Algorithm=AWS4-HMAC-SHA256&X-Amz-Credential=GOOG1EJOGFN2JQ4OCTGA2MU5AEIT7OT5Z7HTFOAN2SPG4NWSN2UJYOY5U6LZQ%2F20230427%2FUS%2Fs3%2Faws4_request&X-Amz-Date=20230427T161708Z&X-Amz-Expires=10&X-Amz-SignedHeaders=host&X-Amz-Signature=c121aa24d701f38f9a51b31af931643871f8f8a3fc5d8adf4c34c8e56911522d
2023-04-27T16:17:08.6828996Z [2023-04-27T16:17:08.681Z] ['info'] Uploading...
2023-04-27T16:17:09.0955833Z [2023-04-27T16:17:09.095Z] ['info'] {"status":"success","resultURL":"https://app.codecov.io/github/con/tinuous/commit/5e88fd1737f10db36e14dd02fd03be38793d26b6"}
2023-04-27T16:17:09.1263867Z Post job cleanup.
2023-04-27T16:17:09.2864350Z Post job cleanup.
2023-04-27T16:17:09.3921316Z [command]/usr/bin/git version
2023-04-27T16:17:09.3970592Z git version 2.40.1
2023-04-27T16:17:09.4018090Z Temporarily overriding HOME='/home/runner/work/_temp/41b5917c-2ced-402f-9913-0f402b5f4dcc' before making global git config changes
2023-04-27T16:17:09.4019129Z Adding repository directory to the temporary git global config as a safe directory
2023-04-27T16:17:09.4024818Z [command]/usr/bin/git config --global --add safe.directory /home/runner/work/tinuous/tinuous
2023-04-27T16:17:09.4064626Z [command]/usr/bin/git config --local --name-only --get-regexp core\.sshCommand
2023-04-27T16:17:09.4098813Z [command]/usr/bin/git submodule foreach --recursive sh -c "git config --local --name-only --get-regexp 'core\.sshCommand' && git config --local --unset-all 'core.sshCommand' || :"
2023-04-27T16:17:09.4371797Z [command]/usr/bin/git config --local --name-only --get-regexp http\.https\:\/\/github\.com\/\.extraheader
2023-04-27T16:17:09.4407216Z http.https://github.com/.extraheader
2023-04-27T16:17:09.4419452Z [command]/usr/bin/git config --local --unset-all http.https://github.com/.extraheader
2023-04-27T16:17:09.4460191Z [command]/usr/bin/git submodule foreach --recursive sh -c "git config --local --name-only --get-regexp 'http\.https\:\/\/github\.com\/\.extraheader' && git config --local --unset-all 'http.https://github.com/.extraheader' || :"
2023-04-27T16:17:09.4989662Z Cleaning up orphan processes
