2023-04-27T16:16:23.8863790Z Requested labels: ubuntu-latest
2023-04-27T16:16:23.8863990Z Job defined at: con/tinuous/.github/workflows/test.yml@refs/heads/master
2023-04-27T16:16:23.8864070Z Waiting for a runner to pick up this job...
2023-04-27T16:16:24.6476433Z Job is waiting for a hosted runner to come online.
2023-04-27T16:16:27.8442249Z Job is about to start running on the hosted runner: GitHub Actions 13 (hosted)
2023-04-27T16:16:30.8249198Z Current runner version: '2.303.0'
2023-04-27T16:16:30.8277973Z ##[group]Operating System
2023-04-27T16:16:30.8278533Z Ubuntu
2023-04-27T16:16:30.8278928Z 22.04.2
2023-04-27T16:16:30.8279172Z LTS
2023-04-27T16:16:30.8279472Z ##[endgroup]
2023-04-27T16:16:30.8279799Z ##[group]Runner Image
2023-04-27T16:16:30.8280103Z Image: ubuntu-22.04
2023-04-27T16:16:30.8280474Z Version: 20230426.1
2023-04-27T16:16:30.8281004Z Included Software: https://github.com/actions/runner-images/blob/ubuntu22/20230426.1/images/linux/Ubuntu2204-Readme.md
2023-04-27T16:16:30.8281610Z Image Release: https://github.com/actions/runner-images/releases/tag/ubuntu22%2F20230426.1
2023-04-27T16:16:30.8282054Z ##[endgroup]
2023-04-27T16:16:30.8282412Z ##[group]Runner Image Provisioner
2023-04-27T16:16:30.8282782Z 2.0.159.1
2023-04-27T16:16:30.8283026Z ##[endgroup]
2023-04-27T16:16:30.8284006Z ##[group]GITHUB_TOKEN Permissions
2023-04-27T16:16:30.8284630Z Actions: write
2023-04-27T16:16:30.8284990Z Checks: write
2023-04-27T16:16:30.8285490Z Contents: write
2023-04-27T16:16:30.8285944Z Deployments: write
2023-04-27T16:16:30.8286233Z Discussions: write
2023-04-27T16:16:30.8286555Z Issues: write
2023-04-27T16:16:30.8286884Z Metadata: read
2023-04-27T16:16:30.8287156Z Packages: write
2023-04-27T16:16:30.8287504Z Pages: write
2023-04-27T16:16:30.8287849Z PullRequests: write
2023-04-27T16:16:30.8288166Z RepositoryProjects: write
2023-04-27T16:16:30.8288538Z SecurityEvents: write
2023-04-27T16:16:30.8289153Z Statuses: write
2023-04-27T16:16:30.8289470Z ##[endgroup]
2023-04-27T16:16:30.8293280Z Secret source: Actions
2023-04-27T16:16:30.8293807Z Prepare workflow directory
2023-04-27T16:16:30.9019008Z Prepare all required actions
2023-04-27T16:16:30.9204524Z Getting action download info
2023-04-27T16:16:31.1765984Z Download action repository 'actions/checkout@v3' (SHA:8e5e7e5ab8b370d6c329ec480221332ada57f0ab)
2023-04-27T16:16:31.7741026Z Download action repository 'actions/setup-python@v4' (SHA:57ded4d7d5e986d7296eab16560982c6dd7c923b)
2023-04-27T16:16:32.2660738Z Download action repository 'codecov/codecov-action@v3' (SHA:894ff025c7b54547a9a2a1e9f228beae737ad3c2)
2023-04-27T16:16:32.8369344Z Complete job name: test (3.8, lint)
2023-04-27T16:16:32.9496337Z ##[group]Run actions/checkout@v3
2023-04-27T16:16:32.9496674Z with:
2023-04-27T16:16:32.9496885Z   fetch-depth: 0
2023-04-27T16:16:32.9497114Z   repository: con/tinuous
2023-04-27T16:16:32.9497629Z   token: ***
2023-04-27T16:16:32.9497837Z   ssh-strict: true
2023-04-27T16:16:32.9498070Z   persist-credentials: true
2023-04-27T16:16:32.9498287Z   clean: true
2023-04-27T16:16:32.9498478Z   lfs: false
2023-04-27T16:16:32.9498679Z   submodules: false
2023-04-27T16:16:32.9498894Z   set-safe-directory: true
2023-04-27T16:16:32.9499125Z ##[endgroup]
2023-04-27T16:16:33.2028469Z Syncing repository: con/tinuous
2023-04-27T16:16:33.2030401Z ##[group]Getting Git version info
2023-04-27T16:16:33.2030997Z Working directory is '/home/runner/work/tinuous/tinuous'
2023-04-27T16:16:33.2031519Z [command]/usr/bin/git version
2023-04-27T16:16:33.2095671Z git version 2.40.1
2023-04-27T16:16:33.2123339Z ##[endgroup]
2023-04-27T16:16:33.2143725Z Temporarily overriding HOME='/home/runner/work/_temp/8575ecd7-205f-4a31-b9b8-ec7d63b3aa00' before making global git config changes
2023-04-27T16:16:33.2144222Z Adding repository directory to the temporary git global config as a safe directory
2023-04-27T16:16:33.2148993Z [command]/usr/bin/git config --global --add safe.directory /home/runner/work/tinuous/tinuous
2023-04-27T16:16:33.2235898Z Deleting the contents of '/home/runner/work/tinuous/tinuous'
2023-04-27T16:16:33.2241618Z ##[group]Initializing the repository
2023-04-27T16:16:33.2245429Z [command]/usr/bin/git init /home/runner/work/tinuous/tinuous
2023-04-27T16:16:33.2372361Z hint: Using 'master' as the name for the initial branch. This default branch name
2023-04-27T16:16:33.2373173Z hint: is subject to change. To configure the initial branch name to use in all
2023-04-27T16:16:33.2374144Z hint: of your new repositories, which will suppress this warning, call:
2023-04-27T16:16:33.2374857Z hint: 
2023-04-27T16:16:33.2375367Z hint: 	git config --global init.defaultBranch <name>
2023-04-27T16:16:33.2375644Z hint: 
2023-04-27T16:16:33.2376001Z hint: Names commonly chosen instead of 'master' are 'main', 'trunk' and
2023-04-27T16:16:33.2376454Z hint: 'development'. The just-created branch can be renamed via this command:
2023-04-27T16:16:33.2376723Z hint: 
2023-04-27T16:16:33.2376971Z hint: 	git branch -m <name>
2023-04-27T16:16:33.2405982Z Initialized empty Git repository in /home/runner/work/tinuous/tinuous/.git/
2023-04-27T16:16:33.2407216Z [command]/usr/bin/git remote add origin https://github.com/con/tinuous
2023-04-27T16:16:33.2454383Z ##[endgroup]
2023-04-27T16:16:33.2454861Z ##[group]Disabling automatic garbage collection
2023-04-27T16:16:33.2455436Z [command]/usr/bin/git config --local gc.auto 0
2023-04-27T16:16:33.2490539Z ##[endgroup]
2023-04-27T16:16:33.2490927Z ##[group]Setting up auth
2023-04-27T16:16:33.2495141Z [command]/usr/bin/git config --local --name-only --get-regexp core\.sshCommand
2023-04-27T16:16:33.2529735Z [command]/usr/bin/git submodule foreach --recursive sh -c "git config --local --name-only --get-regexp 'core\.sshCommand' && git config --local --unset-all 'core.sshCommand' || :"
2023-04-27T16:16:33.2923177Z [command]/usr/bin/git config --local --name-only --get-regexp http\.https\:\/\/github\.com\/\.extraheader
2023-04-27T16:16:33.2956336Z [command]/usr/bin/git submodule foreach --recursive sh -c "git config --local --name-only --get-regexp 'http\.https\:\/\/github\.com\/\.extraheader' && git config --local --unset-all 'http.https://github.com/.extraheader' || :"
2023-04-27T16:16:33.3185659Z [command]/usr/bin/git config --local http.https://github.com/.extraheader AUTHORIZATION: basic ***
2023-04-27T16:16:33.3228335Z ##[endgroup]
2023-04-27T16:16:33.3229122Z ##[group]Fetching the repository
2023-04-27T16:16:33.3239833Z [command]/usr/bin/git -c protocol.version=2 fetch --prune --progress --no-recurse-submodules origin +refs/heads/*:refs/remotes/origin/* +refs/tags/*:refs/tags/*
2023-04-27T16:16:33.7541064Z remote: Enumerating objects: 1157, done.        
2023-04-27T16:16:33.7545463Z remote: Counting objects:   0% (1/379)        
2023-04-27T16:16:33.7546352Z remote: Counting objects:   1% (4/379)        
2023-04-27T16:16:33.7546821Z remote: Counting objects:   2% (8/379)        
2023-04-27T16:16:33.7547555Z remote: Counting objects:   3% (12/379)        
2023-04-27T16:16:33.7548080Z remote: Counting objects:   4% (16/379)        
2023-04-27T16:16:33.7548736Z remote: Counting objects:   5% (19/379)        
2023-04-27T16:16:33.7549189Z remote: Counting objects:   6% (23/379)        
2023-04-27T16:16:33.7549823Z remote: Counting objects:   7% (27/379)        
2023-04-27T16:16:33.7550258Z remote: Counting objects:   8% (31/379)        
2023-04-27T16:16:33.7550867Z remote: Counting objects:   9% (35/379)        
2023-04-27T16:16:33.7551358Z remote: Counting objects:  10% (38/379)        
2023-04-27T16:16:33.7551984Z remote: Counting objects:  11% (42/379)        
2023-04-27T16:16:33.7552422Z remote: Counting objects:  12% (46/379)        
2023-04-27T16:16:33.7553055Z remote: Counting objects:  13% (50/379)        
2023-04-27T16:16:33.7553486Z remote: Counting objects:  14% (54/379)        
2023-04-27T16:16:33.7554106Z remote: Counting objects:  15% (57/379)        
2023-04-27T16:16:33.7554519Z remote: Counting objects:  16% (61/379)        
2023-04-27T16:16:33.7555132Z remote: Counting objects:  17% (65/379)        
2023-04-27T16:16:33.7555559Z remote: Counting objects:  18% (69/379)        
2023-04-27T16:16:33.7556221Z remote: Counting objects:  19% (73/379)        
2023-04-27T16:16:33.7556636Z remote: Counting objects:  20% (76/379)        
2023-04-27T16:16:33.7557263Z remote: Counting objects:  21% (80/379)        
2023-04-27T16:16:33.7557720Z remote: Counting objects:  22% (84/379)        
2023-04-27T16:16:33.7558352Z remote: Counting objects:  23% (88/379)        
2023-04-27T16:16:33.7558767Z remote: Counting objects:  24% (91/379)        
2023-04-27T16:16:33.7559686Z remote: Counting objects:  25% (95/379)        
2023-04-27T16:16:33.7560120Z remote: Counting objects:  26% (99/379)        
2023-04-27T16:16:33.7560734Z remote: Counting objects:  27% (103/379)        
2023-04-27T16:16:33.7561261Z remote: Counting objects:  28% (107/379)        
2023-04-27T16:16:33.7561894Z remote: Counting objects:  29% (110/379)        
2023-04-27T16:16:33.7562340Z remote: Counting objects:  30% (114/379)        
2023-04-27T16:16:33.7562950Z remote: Counting objects:  31% (118/379)        
2023-04-27T16:16:33.7563384Z remote: Counting objects:  32% (122/379)        
2023-04-27T16:16:33.7564012Z remote: Counting objects:  33% (126/379)        
2023-04-27T16:16:33.7564442Z remote: Counting objects:  34% (129/379)        
2023-04-27T16:16:33.7565049Z remote: Counting objects:  35% (133/379)        
2023-04-27T16:16:33.7565477Z remote: Counting objects:  36% (137/379)        
2023-04-27T16:16:33.7566097Z remote: Counting objects:  37% (141/379)        
2023-04-27T16:16:33.7566527Z remote: Counting objects:  38% (145/379)        
2023-04-27T16:16:33.7567207Z remote: Counting objects:  39% (148/379)        
2023-04-27T16:16:33.7567647Z remote: Counting objects:  40% (152/379)        
2023-04-27T16:16:33.7568266Z remote: Counting objects:  41% (156/379)        
2023-04-27T16:16:33.7568683Z remote: Counting objects:  42% (160/379)        
2023-04-27T16:16:33.7569596Z remote: Counting objects:  43% (163/379)        
2023-04-27T16:16:33.7570032Z remote: Counting objects:  44% (167/379)        
2023-04-27T16:16:33.7570656Z remote: Counting objects:  45% (171/379)        
2023-04-27T16:16:33.7571075Z remote: Counting objects:  46% (175/379)        
2023-04-27T16:16:33.7571696Z remote: Counting objects:  47% (179/379)        
2023-04-27T16:16:33.7572124Z remote: Counting objects:  48% (182/379)        
2023-04-27T16:16:33.7572740Z remote: Counting objects:  49% (186/379)        
2023-04-27T16:16:33.7573173Z remote: Counting objects:  50% (190/379)        
2023-04-27T16:16:33.7573800Z remote: Counting objects:  51% (194/379)        
2023-04-27T16:16:33.7574227Z remote: Counting objects:  52% (198/379)        
2023-04-27T16:16:33.7575521Z remote: Counting objects:  53% (201/379)        
2023-04-27T16:16:33.7575784Z remote: Counting objects:  54% (205/379)        
2023-04-27T16:16:33.7576047Z remote: Counting objects:  55% (209/379)        
2023-04-27T16:16:33.7576310Z remote: Counting objects:  56% (213/379)        
2023-04-27T16:16:33.7576566Z remote: Counting objects:  57% (217/379)        
2023-04-27T16:16:33.7576826Z remote: Counting objects:  58% (220/379)        
2023-04-27T16:16:33.7577087Z remote: Counting objects:  59% (224/379)        
2023-04-27T16:16:33.7577333Z remote: Counting objects:  60% (228/379)        
2023-04-27T16:16:33.7577589Z remote: Counting objects:  61% (232/379)        
2023-04-27T16:16:33.7577852Z remote: Counting objects:  62% (235/379)        
2023-04-27T16:16:33.7578115Z remote: Counting objects:  63% (239/379)        
2023-04-27T16:16:33.7578372Z remote: Counting objects:  64% (243/379)        
2023-04-27T16:16:33.7578737Z remote: Counting objects:  65% (247/379)        
2023-04-27T16:16:33.7579004Z remote: Counting objects:  66% (251/379)        
2023-04-27T16:16:33.7579265Z remote: Counting objects:  67% (254/379)        
2023-04-27T16:16:33.7579513Z remote: Counting objects:  68% (258/379)        
2023-04-27T16:16:33.7579774Z remote: Counting objects:  69% (262/379)        
2023-04-27T16:16:33.7580034Z remote: Counting objects:  70% (266/379)        
2023-04-27T16:16:33.7580279Z remote: Counting objects:  71% (270/379)        
2023-04-27T16:16:33.7580536Z remote: Counting objects:  72% (273/379)        
2023-04-27T16:16:33.7580797Z remote: Counting objects:  73% (277/379)        
2023-04-27T16:16:33.7581042Z remote: Counting objects:  74% (281/379)        
2023-04-27T16:16:33.7581300Z remote: Counting objects:  75% (285/379)        
2023-04-27T16:16:33.7581558Z remote: Counting objects:  76% (289/379)        
2023-04-27T16:16:33.7581817Z remote: Counting objects:  77% (292/379)        
2023-04-27T16:16:33.7582203Z remote: Counting objects:  78% (296/379)        
2023-04-27T16:16:33.7582465Z remote: Counting objects:  79% (300/379)        
2023-04-27T16:16:33.7582729Z remote: Counting objects:  80% (304/379)        
2023-04-27T16:16:33.7582981Z remote: Counting objects:  81% (307/379)        
2023-04-27T16:16:33.7583236Z remote: Counting objects:  82% (311/379)        
2023-04-27T16:16:33.7583557Z remote: Counting objects:  83% (315/379)        
2023-04-27T16:16:33.7583807Z remote: Counting objects:  84% (319/379)        
2023-04-27T16:16:33.7584062Z remote: Counting objects:  85% (323/379)        
2023-04-27T16:16:33.7584330Z remote: Counting objects:  86% (326/379)        
2023-04-27T16:16:33.7584576Z remote: Counting objects:  87% (330/379)        
2023-04-27T16:16:33.7585197Z remote: Counting objects:  88% (334/379)        
2023-04-27T16:16:33.7642297Z remote: Counting objects:  89% (338/379)        
2023-04-27T16:16:33.7644090Z remote: Counting objects:  90% (342/379)        
2023-04-27T16:16:33.7644539Z remote: Counting objects:  91% (345/379)        
2023-04-27T16:16:33.7645126Z remote: Counting objects:  92% (349/379)        
2023-04-27T16:16:33.7645595Z remote: Counting objects:  93% (353/379)        
2023-04-27T16:16:33.7646375Z remote: Counting objects:  94% (357/379)        
2023-04-27T16:16:33.7646890Z remote: Counting objects:  95% (361/379)        
2023-04-27T16:16:33.7647476Z remote: Counting objects:  96% (364/379)        
2023-04-27T16:16:33.7648044Z remote: Counting objects:  97% (368/379)        
2023-04-27T16:16:33.7648701Z remote: Counting objects:  98% (372/379)        
2023-04-27T16:16:33.7649360Z remote: Counting objects:  99% (376/379)        
2023-04-27T16:16:33.7649902Z remote: Counting objects: 100% (379/379)        
2023-04-27T16:16:33.7650590Z remote: Counting objects: 100% (379/379), done.        
2023-04-27T16:16:33.7651092Z remote: Compressing objects:   0% (1/244)        
2023-04-27T16:16:33.7651631Z remote: Compressing objects:   1% (3/244)        
2023-04-27T16:16:33.7652119Z remote: Compressing objects:   2% (5/244)        
2023-04-27T16:16:33.7653498Z remote: Compressing objects:   3% (8/244)        
2023-04-27T16:16:33.7654004Z remote: Compressing objects:   4% (10/244)        
2023-04-27T16:16:33.7654587Z remote: Compressing objects:   5% (13/244)        
2023-04-27T16:16:33.7783617Z remote: Compressing objects:   6% (15/244)        
2023-04-27T16:16:33.7784582Z remote: Compressing objects:   7% (18/244)        
2023-04-27T16:16:33.7785825Z remote: Compressing objects:   8% (20/244)        
2023-04-27T16:16:33.7786981Z remote: Compressing objects:   9% (22/244)        
2023-04-27T16:16:33.7788128Z remote: Compressing objects:  10% (25/244)        
2023-04-27T16:16:33.7789283Z remote: Compressing objects:  11% (27/244)        
2023-04-27T16:16:33.7790433Z remote: Compressing objects:  12% (30/244)        
2023-04-27T16:16:33.7791599Z remote: Compressing objects:  13% (32/244)        
2023-04-27T16:16:33.7792733Z remote: Compressing objects:  14% (35/244)        
2023-04-27T16:16:33.7793857Z remote: Compressing objects:  15% (37/244)        
2023-04-27T16:16:33.7795086Z remote: Compressing objects:  16% (40/244)        
2023-04-27T16:16:33.7796179Z remote: Compressing objects:  17% (42/244)        
2023-04-27T16:16:33.7797294Z remote: Compressing objects:  18% (44/244)        
2023-04-27T16:16:33.7798409Z remote: Compressing objects:  19% (47/244)        
2023-04-27T16:16:33.7799552Z remote: Compressing objects:  20% (49/244)        
2023-04-27T16:16:33.7800657Z remote: Compressing objects:  21% (52/244)        
2023-04-27T16:16:33.7801790Z remote: Compressing objects:  22% (54/244)        
2023-04-27T16:16:33.7802890Z remote: Compressing objects:  23% (57/244)        
2023-04-27T16:16:33.7804011Z remote: Compressing objects:  24% (59/244)        
2023-04-27T16:16:33.7805121Z remote: Compressing objects:  25% (61/244)        
2023-04-27T16:16:33.7806248Z remote: Compressing objects:  26% (64/244)        
2023-04-27T16:16:33.7807430Z remote: Compressing objects:  27% (66/244)        
2023-04-27T16:16:33.7808570Z remote: Compressing objects:  28% (69/244)        
2023-04-27T16:16:33.7809922Z remote: Compressing objects:  29% (71/244)        
2023-04-27T16:16:33.7810973Z remote: Compressing objects:  30% (74/244)        
2023-04-27T16:16:33.7811394Z remote: Compressing objects:  31% (76/244)        
2023-04-27T16:16:33.7811923Z remote: Compressing objects:  32% (79/244)        
2023-04-27T16:16:33.7812481Z remote: Compressing objects:  33% (81/244)        
2023-04-27T16:16:33.7813162Z remote: Compressing objects:  34% (83/244)        
2023-04-27T16:16:33.7813877Z remote: Compressing objects:  35% (86/244)        
2023-04-27T16:16:33.7814581Z remote: Compressing objects:  36% (88/244)        
2023-04-27T16:16:33.7815282Z remote: Compressing objects:  37% (91/244)        
2023-04-27T16:16:33.7815938Z remote: Compressing objects:  38% (93/244)        
2023-04-27T16:16:33.7816575Z remote: Compressing objects:  39% (96/244)        
2023-04-27T16:16:33.7817234Z remote: Compressing objects:  40% (98/244)        
2023-04-27T16:16:33.7817924Z remote: Compressing objects:  41% (101/244)        
2023-04-27T16:16:33.7818600Z remote: Compressing objects:  42% (103/244)        
2023-04-27T16:16:33.7819312Z remote: Compressing objects:  43% (105/244)        
2023-04-27T16:16:33.7819948Z remote: Compressing objects:  44% (108/244)        
2023-04-27T16:16:33.7820655Z remote: Compressing objects:  45% (110/244)        
2023-04-27T16:16:33.7821316Z remote: Compressing objects:  46% (113/244)        
2023-04-27T16:16:33.7821934Z remote: Compressing objects:  47% (115/244)        
2023-04-27T16:16:33.7822704Z remote: Compressing objects:  48% (118/244)        
2023-04-27T16:16:33.7823360Z remote: Compressing objects:  49% (120/244)        
2023-04-27T16:16:33.7824106Z remote: Compressing objects:  50% (122/244)        
2023-04-27T16:16:33.7825018Z remote: Compressing objects:  51% (125/244)        
2023-04-27T16:16:33.7825351Z remote: Compressing objects:  52% (127/244)        
2023-04-27T16:16:33.7826089Z remote: Compressing objects:  53% (130/244)        
2023-04-27T16:16:33.7827034Z remote: Compressing objects:  54% (132/244)        
2023-04-27T16:16:33.7827422Z remote: Compressing objects:  55% (135/244)        
2023-04-27T16:16:33.7828145Z remote: Compressing objects:  56% (137/244)        
2023-04-27T16:16:33.7828870Z remote: Compressing objects:  57% (140/244)        
2023-04-27T16:16:33.7829525Z remote: Compressing objects:  58% (142/244)        
2023-04-27T16:16:33.7830149Z remote: Compressing objects:  59% (144/244)        
2023-04-27T16:16:33.7830860Z remote: Compressing objects:  60% (147/244)        
2023-04-27T16:16:33.7831506Z remote: Compressing objects:  61% (149/244)        
2023-04-27T16:16:33.7832193Z remote: Compressing objects:  62% (152/244)        
2023-04-27T16:16:33.7832876Z remote: Compressing objects:  63% (154/244)        
2023-04-27T16:16:33.7833595Z remote: Compressing objects:  64% (157/244)        
2023-04-27T16:16:33.7834276Z remote: Compressing objects:  65% (159/244)        
2023-04-27T16:16:33.7834974Z remote: Compressing objects:  66% (162/244)        
2023-04-27T16:16:33.7837079Z remote: Compressing objects:  67% (164/244)        
2023-04-27T16:16:33.7837796Z remote: Compressing objects:  68% (166/244)        
2023-04-27T16:16:33.7841458Z remote: Compressing objects:  69% (169/244)        
2023-04-27T16:16:33.7842116Z remote: Compressing objects:  70% (171/244)        
2023-04-27T16:16:33.7842858Z remote: Compressing objects:  71% (174/244)        
2023-04-27T16:16:33.7843356Z remote: Compressing objects:  72% (176/244)        
2023-04-27T16:16:33.7844049Z remote: Compressing objects:  73% (179/244)        
2023-04-27T16:16:33.7845939Z remote: Compressing objects:  74% (181/244)        
2023-04-27T16:16:33.7847344Z remote: Compressing objects:  75% (183/244)        
2023-04-27T16:16:33.7847622Z remote: Compressing objects:  76% (186/244)        
2023-04-27T16:16:33.7847899Z remote: Compressing objects:  77% (188/244)        
2023-04-27T16:16:33.7848400Z remote: Compressing objects:  78% (191/244)        
2023-04-27T16:16:33.7848673Z remote: Compressing objects:  79% (193/244)        
2023-04-27T16:16:33.7849202Z remote: Compressing objects:  80% (196/244)        
2023-04-27T16:16:33.7849463Z remote: Compressing objects:  81% (198/244)        
2023-04-27T16:16:33.7849741Z remote: Compressing objects:  82% (201/244)        
2023-04-27T16:16:33.7850015Z remote: Compressing objects:  83% (203/244)        
2023-04-27T16:16:33.7850290Z remote: Compressing objects:  84% (205/244)        
2023-04-27T16:16:33.7850547Z remote: Compressing objects:  85% (208/244)        
2023-04-27T16:16:33.7850817Z remote: Compressing objects:  86% (210/244)        
2023-04-27T16:16:33.7851088Z remote: Compressing objects:  87% (213/244)        
2023-04-27T16:16:33.7851342Z remote: Compressing objects:  88% (215/244)        
2023-04-27T16:16:33.7851616Z remote: Compressing objects:  89% (218/244)        
2023-04-27T16:16:33.7851886Z remote: Compressing objects:  90% (220/244)        
2023-04-27T16:16:33.7852184Z remote: Compressing objects:  91% (223/244)        
2023-04-27T16:16:33.7852461Z remote: Compressing objects:  92% (225/244)        
2023-04-27T16:16:33.7852717Z remote: Compressing objects:  93% (227/244)        
2023-04-27T16:16:33.7852988Z remote: Compressing objects:  94% (230/244)        
2023-04-27T16:16:33.7853258Z remote: Compressing objects:  95% (232/244)        
2023-04-27T16:16:33.7853514Z remote: Compressing objects:  96% (235/244)        
2023-04-27T16:16:33.7853785Z remote: Compressing objects:  97% (237/244)        
2023-04-27T16:16:33.7854060Z remote: Compressing objects:  98% (240/244)        
2023-04-27T16:16:33.7854331Z remote: Compressing objects:  99% (242/244)        
2023-04-27T16:16:33.7854589Z remote: Compressing objects: 100% (244/244)        
2023-04-27T16:16:33.7854878Z remote: Compressing objects: 100% (244/244), done.        
2023-04-27T16:16:33.7873680Z Receiving objects:   0% (1/1157)
2023-04-27T16:16:33.7873938Z Receiving objects:   1% (12/1157)
2023-04-27T16:16:33.7874192Z Receiving objects:   2% (24/1157)
2023-04-27T16:16:33.8172196Z Receiving objects:   3% (35/1157)
2023-04-27T16:16:33.8173877Z Receiving objects:   4% (47/1157)
2023-04-27T16:16:33.8174293Z Receiving objects:   5% (58/1157)
2023-04-27T16:16:33.8175071Z Receiving objects:   6% (70/1157)
2023-04-27T16:16:33.8175846Z Receiving objects:   7% (81/1157)
2023-04-27T16:16:33.8176534Z Receiving objects:   8% (93/1157)
2023-04-27T16:16:33.8177311Z Receiving objects:   9% (105/1157)
2023-04-27T16:16:33.8178004Z Receiving objects:  10% (116/1157)
2023-04-27T16:16:33.8178615Z Receiving objects:  11% (128/1157)
2023-04-27T16:16:33.8179544Z Receiving objects:  12% (139/1157)
2023-04-27T16:16:33.8180226Z Receiving objects:  13% (151/1157)
2023-04-27T16:16:33.8180773Z Receiving objects:  14% (162/1157)
2023-04-27T16:16:33.8181519Z Receiving objects:  15% (174/1157)
2023-04-27T16:16:33.8182066Z Receiving objects:  16% (186/1157)
2023-04-27T16:16:33.8182742Z Receiving objects:  17% (197/1157)
2023-04-27T16:16:33.8183316Z Receiving objects:  18% (209/1157)
2023-04-27T16:16:33.8183910Z Receiving objects:  19% (220/1157)
2023-04-27T16:16:33.8184591Z Receiving objects:  20% (232/1157)
2023-04-27T16:16:33.8397652Z Receiving objects:  21% (243/1157)
2023-04-27T16:16:33.8398881Z Receiving objects:  22% (255/1157)
2023-04-27T16:16:33.8452205Z Receiving objects:  23% (267/1157)
2023-04-27T16:16:33.8456029Z Receiving objects:  24% (278/1157)
2023-04-27T16:16:33.8460712Z Receiving objects:  25% (290/1157)
2023-04-27T16:16:33.8461020Z Receiving objects:  26% (301/1157)
2023-04-27T16:16:33.8461299Z Receiving objects:  27% (313/1157)
2023-04-27T16:16:33.8461559Z Receiving objects:  28% (324/1157)
2023-04-27T16:16:33.8461832Z Receiving objects:  29% (336/1157)
2023-04-27T16:16:33.8462209Z Receiving objects:  30% (348/1157)
2023-04-27T16:16:33.8462735Z Receiving objects:  31% (359/1157)
2023-04-27T16:16:33.8466391Z Receiving objects:  32% (371/1157)
2023-04-27T16:16:33.8466702Z Receiving objects:  33% (382/1157)
2023-04-27T16:16:33.8467284Z Receiving objects:  34% (394/1157)
2023-04-27T16:16:33.8467557Z Receiving objects:  35% (405/1157)
2023-04-27T16:16:33.8468340Z Receiving objects:  36% (417/1157)
2023-04-27T16:16:33.8468615Z Receiving objects:  37% (429/1157)
2023-04-27T16:16:33.8468870Z Receiving objects:  38% (440/1157)
2023-04-27T16:16:33.8470282Z Receiving objects:  39% (452/1157)
2023-04-27T16:16:33.8471001Z Receiving objects:  40% (463/1157)
2023-04-27T16:16:33.8471230Z Receiving objects:  41% (475/1157)
2023-04-27T16:16:33.8472292Z Receiving objects:  42% (486/1157)
2023-04-27T16:16:33.8473305Z Receiving objects:  43% (498/1157)
2023-04-27T16:16:33.8474145Z Receiving objects:  44% (510/1157)
2023-04-27T16:16:33.8475068Z Receiving objects:  45% (521/1157)
2023-04-27T16:16:33.8484918Z Receiving objects:  46% (533/1157)
2023-04-27T16:16:33.8485176Z Receiving objects:  47% (544/1157)
2023-04-27T16:16:33.8485401Z Receiving objects:  48% (556/1157)
2023-04-27T16:16:33.8487377Z Receiving objects:  49% (567/1157)
2023-04-27T16:16:33.8494022Z Receiving objects:  50% (579/1157)
2023-04-27T16:16:33.8494321Z Receiving objects:  51% (591/1157)
2023-04-27T16:16:33.8494561Z Receiving objects:  52% (602/1157)
2023-04-27T16:16:33.8494799Z Receiving objects:  53% (614/1157)
2023-04-27T16:16:33.8495042Z Receiving objects:  54% (625/1157)
2023-04-27T16:16:33.8495263Z Receiving objects:  55% (637/1157)
2023-04-27T16:16:33.8495497Z Receiving objects:  56% (648/1157)
2023-04-27T16:16:33.8495734Z Receiving objects:  57% (660/1157)
2023-04-27T16:16:33.8495954Z Receiving objects:  58% (672/1157)
2023-04-27T16:16:33.8497365Z Receiving objects:  59% (683/1157)
2023-04-27T16:16:33.8498545Z Receiving objects:  60% (695/1157)
2023-04-27T16:16:33.8499334Z Receiving objects:  61% (706/1157)
2023-04-27T16:16:33.8499769Z Receiving objects:  62% (718/1157)
2023-04-27T16:16:33.8500090Z Receiving objects:  63% (729/1157)
2023-04-27T16:16:33.8708798Z Receiving objects:  64% (741/1157)
2023-04-27T16:16:33.8709176Z Receiving objects:  65% (753/1157)
2023-04-27T16:16:33.8709475Z Receiving objects:  66% (764/1157)
2023-04-27T16:16:33.8710651Z Receiving objects:  67% (776/1157)
2023-04-27T16:16:33.8714095Z Receiving objects:  68% (787/1157)
2023-04-27T16:16:33.8714434Z Receiving objects:  69% (799/1157)
2023-04-27T16:16:33.8715641Z Receiving objects:  70% (810/1157)
2023-04-27T16:16:33.8718654Z Receiving objects:  71% (822/1157)
2023-04-27T16:16:33.8718949Z Receiving objects:  72% (834/1157)
2023-04-27T16:16:33.8761345Z Receiving objects:  73% (845/1157)
2023-04-27T16:16:33.8772548Z Receiving objects:  74% (857/1157)
2023-04-27T16:16:33.8776268Z Receiving objects:  75% (868/1157)
2023-04-27T16:16:33.8778828Z Receiving objects:  76% (880/1157)
2023-04-27T16:16:33.8780768Z Receiving objects:  77% (891/1157)
2023-04-27T16:16:33.8783181Z Receiving objects:  78% (903/1157)
2023-04-27T16:16:33.8785868Z Receiving objects:  79% (915/1157)
2023-04-27T16:16:33.8792461Z Receiving objects:  80% (926/1157)
2023-04-27T16:16:33.8792762Z Receiving objects:  81% (938/1157)
2023-04-27T16:16:33.8795880Z Receiving objects:  82% (949/1157)
2023-04-27T16:16:33.8797630Z remote: Total 1157 (delta 158), reused 198 (delta 114), pack-reused 778        
2023-04-27T16:16:33.8799038Z Receiving objects:  83% (961/1157)
2023-04-27T16:16:33.8801538Z Receiving objects:  84% (972/1157)
2023-04-27T16:16:33.8802757Z Receiving objects:  85% (984/1157)
2023-04-27T16:16:33.8803007Z Receiving objects:  86% (996/1157)
2023-04-27T16:16:33.8803248Z Receiving objects:  87% (1007/1157)
2023-04-27T16:16:33.8803478Z Receiving objects:  88% (1019/1157)
2023-04-27T16:16:33.8803721Z Receiving objects:  89% (1030/1157)
2023-04-27T16:16:33.8803962Z Receiving objects:  90% (1042/1157)
2023-04-27T16:16:33.8804188Z Receiving objects:  91% (1053/1157)
2023-04-27T16:16:33.8804819Z Receiving objects:  92% (1065/1157)
2023-04-27T16:16:33.8808576Z Receiving objects:  93% (1077/1157)
2023-04-27T16:16:33.8809442Z Receiving objects:  94% (1088/1157)
2023-04-27T16:16:33.8812214Z Receiving objects:  95% (1100/1157)
2023-04-27T16:16:33.8816141Z Receiving objects:  96% (1111/1157)
2023-04-27T16:16:33.8818098Z Receiving objects:  97% (1123/1157)
2023-04-27T16:16:33.8818362Z Receiving objects:  98% (1134/1157)
2023-04-27T16:16:33.8820461Z Receiving objects:  99% (1146/1157)
2023-04-27T16:16:33.8821371Z Receiving objects: 100% (1157/1157)
2023-04-27T16:16:33.8830313Z Receiving objects: 100% (1157/1157), 295.88 KiB | 3.05 MiB/s, done.
2023-04-27T16:16:33.8831343Z Resolving deltas:   0% (0/627)
2023-04-27T16:16:33.8831592Z Resolving deltas:   1% (7/627)
2023-04-27T16:16:33.8831828Z Resolving deltas:   2% (13/627)
2023-04-27T16:16:33.8832049Z Resolving deltas:   3% (19/627)
2023-04-27T16:16:33.8832279Z Resolving deltas:   4% (26/627)
2023-04-27T16:16:33.8833907Z Resolving deltas:   5% (32/627)
2023-04-27T16:16:33.8834178Z Resolving deltas:   6% (38/627)
2023-04-27T16:16:33.8834407Z Resolving deltas:   7% (44/627)
2023-04-27T16:16:33.8834639Z Resolving deltas:   8% (51/627)
2023-04-27T16:16:33.8834854Z Resolving deltas:   9% (57/627)
2023-04-27T16:16:33.8835098Z Resolving deltas:  10% (63/627)
2023-04-27T16:16:33.8835331Z Resolving deltas:  11% (69/627)
2023-04-27T16:16:33.8835569Z Resolving deltas:  12% (76/627)
2023-04-27T16:16:33.8835785Z Resolving deltas:  13% (82/627)
2023-04-27T16:16:33.8836009Z Resolving deltas:  14% (88/627)
2023-04-27T16:16:33.8836298Z Resolving deltas:  15% (95/627)
2023-04-27T16:16:33.8836518Z Resolving deltas:  16% (101/627)
2023-04-27T16:16:33.8836759Z Resolving deltas:  17% (107/627)
2023-04-27T16:16:33.8836998Z Resolving deltas:  18% (113/627)
2023-04-27T16:16:33.8837219Z Resolving deltas:  19% (120/627)
2023-04-27T16:16:33.8838041Z Resolving deltas:  20% (126/627)
2023-04-27T16:16:33.8838281Z Resolving deltas:  21% (132/627)
2023-04-27T16:16:33.8839090Z Resolving deltas:  22% (138/627)
2023-04-27T16:16:33.8839325Z Resolving deltas:  23% (145/627)
2023-04-27T16:16:33.8839557Z Resolving deltas:  24% (151/627)
2023-04-27T16:16:33.8839773Z Resolving deltas:  25% (157/627)
2023-04-27T16:16:33.8840009Z Resolving deltas:  26% (164/627)
2023-04-27T16:16:33.8843096Z Resolving deltas:  27% (170/627)
2023-04-27T16:16:33.8846453Z Resolving deltas:  28% (176/627)
2023-04-27T16:16:33.8852435Z Resolving deltas:  29% (182/627)
2023-04-27T16:16:33.8854354Z Resolving deltas:  30% (189/627)
2023-04-27T16:16:33.8854608Z Resolving deltas:  31% (195/627)
2023-04-27T16:16:33.8854830Z Resolving deltas:  32% (201/627)
2023-04-27T16:16:33.8855059Z Resolving deltas:  33% (207/627)
2023-04-27T16:16:33.8857441Z Resolving deltas:  34% (214/627)
2023-04-27T16:16:33.8859946Z Resolving deltas:  35% (220/627)
2023-04-27T16:16:33.8860602Z Resolving deltas:  36% (226/627)
2023-04-27T16:16:33.8863765Z Resolving deltas:  37% (232/627)
2023-04-27T16:16:33.8864025Z Resolving deltas:  38% (239/627)
2023-04-27T16:16:33.8867255Z Resolving deltas:  39% (245/627)
2023-04-27T16:16:33.8868475Z Resolving deltas:  40% (251/627)
2023-04-27T16:16:33.8868720Z Resolving deltas:  41% (258/627)
2023-04-27T16:16:33.8870641Z Resolving deltas:  42% (264/627)
2023-04-27T16:16:33.8876912Z Resolving deltas:  43% (270/627)
2023-04-27T16:16:33.8883214Z Resolving deltas:  44% (276/627)
2023-04-27T16:16:33.8889394Z Resolving deltas:  45% (283/627)
2023-04-27T16:16:33.8893530Z Resolving deltas:  46% (289/627)
2023-04-27T16:16:33.8896861Z Resolving deltas:  47% (295/627)
2023-04-27T16:16:33.8899717Z Resolving deltas:  48% (301/627)
2023-04-27T16:16:33.8902706Z Resolving deltas:  49% (308/627)
2023-04-27T16:16:33.8907001Z Resolving deltas:  50% (314/627)
2023-04-27T16:16:33.8913068Z Resolving deltas:  51% (320/627)
2023-04-27T16:16:33.8916775Z Resolving deltas:  52% (327/627)
2023-04-27T16:16:33.8920752Z Resolving deltas:  53% (333/627)
2023-04-27T16:16:33.8925805Z Resolving deltas:  54% (339/627)
2023-04-27T16:16:33.8928188Z Resolving deltas:  55% (345/627)
2023-04-27T16:16:33.8934183Z Resolving deltas:  56% (352/627)
2023-04-27T16:16:33.8943475Z Resolving deltas:  57% (358/627)
2023-04-27T16:16:33.8951430Z Resolving deltas:  58% (364/627)
2023-04-27T16:16:33.8958882Z Resolving deltas:  59% (370/627)
2023-04-27T16:16:33.8965580Z Resolving deltas:  60% (377/627)
2023-04-27T16:16:33.8967306Z Resolving deltas:  61% (383/627)
2023-04-27T16:16:33.8971159Z Resolving deltas:  62% (389/627)
2023-04-27T16:16:33.8971991Z Resolving deltas:  63% (396/627)
2023-04-27T16:16:33.8977851Z Resolving deltas:  64% (402/627)
2023-04-27T16:16:33.8978719Z Resolving deltas:  65% (408/627)
2023-04-27T16:16:33.8979149Z Resolving deltas:  66% (414/627)
2023-04-27T16:16:33.8979431Z Resolving deltas:  67% (421/627)
2023-04-27T16:16:33.8979736Z Resolving deltas:  68% (427/627)
2023-04-27T16:16:33.8980040Z Resolving deltas:  69% (433/627)
2023-04-27T16:16:33.8980300Z Resolving deltas:  70% (439/627)
2023-04-27T16:16:33.8980635Z Resolving deltas:  71% (446/627)
2023-04-27T16:16:33.8987995Z Resolving deltas:  72% (452/627)
2023-04-27T16:16:33.8988331Z Resolving deltas:  73% (458/627)
2023-04-27T16:16:33.8988589Z Resolving deltas:  74% (464/627)
2023-04-27T16:16:33.8988909Z Resolving deltas:  75% (471/627)
2023-04-27T16:16:33.8989304Z Resolving deltas:  76% (477/627)
2023-04-27T16:16:33.8989558Z Resolving deltas:  77% (483/627)
2023-04-27T16:16:33.8989871Z Resolving deltas:  78% (490/627)
2023-04-27T16:16:33.8992490Z Resolving deltas:  79% (496/627)
2023-04-27T16:16:33.8996959Z Resolving deltas:  80% (502/627)
2023-04-27T16:16:33.9003545Z Resolving deltas:  81% (508/627)
2023-04-27T16:16:33.9007541Z Resolving deltas:  82% (515/627)
2023-04-27T16:16:33.9012400Z Resolving deltas:  83% (521/627)
2023-04-27T16:16:33.9012730Z Resolving deltas:  84% (527/627)
2023-04-27T16:16:33.9013111Z Resolving deltas:  85% (533/627)
2023-04-27T16:16:33.9013429Z Resolving deltas:  86% (540/627)
2023-04-27T16:16:33.9013692Z Resolving deltas:  87% (546/627)
2023-04-27T16:16:33.9015030Z Resolving deltas:  88% (552/627)
2023-04-27T16:16:33.9015436Z Resolving deltas:  89% (559/627)
2023-04-27T16:16:33.9015693Z Resolving deltas:  90% (565/627)
2023-04-27T16:16:33.9016470Z Resolving deltas:  91% (571/627)
2023-04-27T16:16:33.9022802Z Resolving deltas:  92% (577/627)
2023-04-27T16:16:33.9025087Z Resolving deltas:  93% (584/627)
2023-04-27T16:16:33.9028398Z Resolving deltas:  94% (590/627)
2023-04-27T16:16:33.9033743Z Resolving deltas:  95% (596/627)
2023-04-27T16:16:33.9036897Z Resolving deltas:  96% (602/627)
2023-04-27T16:16:33.9041350Z Resolving deltas:  97% (609/627)
2023-04-27T16:16:33.9045056Z Resolving deltas:  98% (615/627)
2023-04-27T16:16:33.9047297Z Resolving deltas:  99% (621/627)
2023-04-27T16:16:33.9047568Z Resolving deltas: 100% (627/627)
2023-04-27T16:16:33.9047891Z Resolving deltas: 100% (627/627), done.
2023-04-27T16:16:33.9186341Z From https://github.com/con/tinuous
2023-04-27T16:16:33.9187470Z  * [new branch]      gh-124          -> origin/gh-124
2023-04-27T16:16:33.9188322Z  * [new branch]      gh-55           -> origin/gh-55
2023-04-27T16:16:33.9191566Z  * [new branch]      master          -> origin/master
2023-04-27T16:16:33.9192283Z  * [new branch]      no-extra-search -> origin/no-extra-search
2023-04-27T16:16:33.9193197Z  * [new branch]      test-appveyor   -> origin/test-appveyor
2023-04-27T16:16:33.9193845Z  * [new tag]         0.1.0           -> 0.1.0
2023-04-27T16:16:33.9194630Z  * [new tag]         0.2.0           -> 0.2.0
2023-04-27T16:16:33.9198174Z  * [new tag]         0.3.0           -> 0.3.0
2023-04-27T16:16:33.9198743Z  * [new tag]         0.4.0           -> 0.4.0
2023-04-27T16:16:33.9199655Z  * [new tag]         0.5.0           -> 0.5.0
2023-04-27T16:16:33.9200241Z  * [new tag]         0.5.1           -> 0.5.1
2023-04-27T16:16:33.9200996Z  * [new tag]         0.5.2           -> 0.5.2
2023-04-27T16:16:33.9201510Z  * [new tag]         0.5.3           -> 0.5.3
2023-04-27T16:16:33.9202282Z  * [new tag]         0.5.4           -> 0.5.4
2023-04-27T16:16:33.9202881Z  * [new tag]         0.6.0           -> 0.6.0
2023-04-27T16:16:33.9203635Z  * [new tag]         0.6.1           -> 0.6.1
2023-04-27T16:16:33.9232188Z [command]/usr/bin/git branch --list --remote origin/master
2023-04-27T16:16:33.9262222Z   origin/master
2023-04-27T16:16:33.9272798Z [command]/usr/bin/git rev-parse refs/remotes/origin/master
2023-04-27T16:16:33.9299659Z 5e88fd1737f10db36e14dd02fd03be38793d26b6
2023-04-27T16:16:33.9320124Z ##[endgroup]
2023-04-27T16:16:33.9320824Z ##[group]Determining the checkout info
2023-04-27T16:16:33.9321746Z ##[endgroup]
2023-04-27T16:16:33.9322372Z ##[group]Checking out the ref
2023-04-27T16:16:33.9323412Z [command]/usr/bin/git checkout --progress --force -B master refs/remotes/origin/master
2023-04-27T16:16:33.9388213Z Reset branch 'master'
2023-04-27T16:16:33.9388956Z branch 'master' set up to track 'origin/master'.
2023-04-27T16:16:33.9391260Z ##[endgroup]
2023-04-27T16:16:33.9424271Z [command]/usr/bin/git log -1 --format='%H'
2023-04-27T16:16:33.9441639Z '5e88fd1737f10db36e14dd02fd03be38793d26b6'
2023-04-27T16:16:33.9743679Z ##[group]Run actions/setup-python@v4
2023-04-27T16:16:33.9743975Z with:
2023-04-27T16:16:33.9744247Z   python-version: 3.8
2023-04-27T16:16:33.9744587Z   check-latest: false
2023-04-27T16:16:33.9745047Z   token: ***
2023-04-27T16:16:33.9745357Z   update-environment: true
2023-04-27T16:16:33.9745672Z   allow-prereleases: false
2023-04-27T16:16:33.9745917Z ##[endgroup]
2023-04-27T16:16:34.1401326Z ##[group]Installed versions
2023-04-27T16:16:34.1477514Z Successfully set up CPython (3.8.16)
2023-04-27T16:16:34.1478462Z ##[endgroup]
2023-04-27T16:16:34.1738833Z ##[group]Run python -m pip install --upgrade pip wheel
2023-04-27T16:16:34.1739265Z [36;1mpython -m pip install --upgrade pip wheel[0m
2023-04-27T16:16:34.1739599Z [36;1mpython -m pip install --upgrade --upgrade-strategy=eager tox[0m
2023-04-27T16:16:34.1799563Z shell: /usr/bin/bash -e {0}
2023-04-27T16:16:34.1799823Z env:
2023-04-27T16:16:34.1800092Z   pythonLocation: /opt/hostedtoolcache/Python/3.8.16/x64
2023-04-27T16:16:34.1800450Z   PKG_CONFIG_PATH: /opt/hostedtoolcache/Python/3.8.16/x64/lib/pkgconfig
2023-04-27T16:16:34.1800794Z   Python_ROOT_DIR: /opt/hostedtoolcache/Python/3.8.16/x64
2023-04-27T16:16:34.1801100Z   Python2_ROOT_DIR: /opt/hostedtoolcache/Python/3.8.16/x64
2023-04-27T16:16:34.1801438Z   Python3_ROOT_DIR: /opt/hostedtoolcache/Python/3.8.16/x64
2023-04-27T16:16:34.1801756Z   LD_LIBRARY_PATH: /opt/hostedtoolcache/Python/3.8.16/x64/lib
2023-04-27T16:16:34.1802020Z ##[endgroup]
2023-04-27T16:16:38.9026967Z Requirement already satisfied: pip in /opt/hostedtoolcache/Python/3.8.16/x64/lib/python3.8/site-packages (22.0.4)
2023-04-27T16:16:39.1658224Z Collecting pip
2023-04-27T16:16:39.3098730Z   Downloading pip-23.1.2-py3-none-any.whl (2.1 MB)
2023-04-27T16:16:39.4079375Z      ━━━━━━━━━━━━━━━━━━━━━━━━━━━━━━━━━━━━━━━━ 2.1/2.1 MB 22.6 MB/s eta 0:00:00
2023-04-27T16:16:39.4828725Z Collecting wheel
2023-04-27T16:16:39.5003091Z   Downloading wheel-0.40.0-py3-none-any.whl (64 kB)
2023-04-27T16:16:39.5060837Z      ━━━━━━━━━━━━━━━━━━━━━━━━━━━━━━━━━━━━━━━━ 64.5/64.5 kB 19.0 MB/s eta 0:00:00
2023-04-27T16:16:39.5796857Z Installing collected packages: wheel, pip
2023-04-27T16:16:39.6278007Z   Attempting uninstall: pip
2023-04-27T16:16:39.6288174Z     Found existing installation: pip 22.0.4
2023-04-27T16:16:39.7185392Z     Uninstalling pip-22.0.4:
2023-04-27T16:16:39.7893759Z       Successfully uninstalled pip-22.0.4
2023-04-27T16:16:40.9268294Z Successfully installed pip-23.1.2 wheel-0.40.0
2023-04-27T16:16:42.9048296Z Collecting tox
2023-04-27T16:16:43.0323006Z   Downloading tox-4.5.1-py3-none-any.whl (148 kB)
2023-04-27T16:16:43.0755289Z      ━━━━━━━━━━━━━━━━━━━━━━━━━━━━━━━━━━━━━━━ 149.0/149.0 kB 3.8 MB/s eta 0:00:00
2023-04-27T16:16:43.1556858Z Collecting cachetools>=5.3 (from tox)
2023-04-27T16:16:43.1737367Z   Downloading cachetools-5.3.0-py3-none-any.whl (9.3 kB)
2023-04-27T16:16:43.2122976Z Collecting chardet>=5.1 (from tox)
2023-04-27T16:16:43.2320548Z   Downloading chardet-5.1.0-py3-none-any.whl (199 kB)
2023-04-27T16:16:43.2549730Z      ━━━━━━━━━━━━━━━━━━━━━━━━━━━━━━━━━━━━━━━ 199.1/199.1 kB 9.9 MB/s eta 0:00:00
2023-04-27T16:16:43.2991004Z Collecting colorama>=0.4.6 (from tox)
2023-04-27T16:16:43.3160691Z   Downloading colorama-0.4.6-py2.py3-none-any.whl (25 kB)
2023-04-27T16:16:43.3663686Z Collecting filelock>=3.11 (from tox)
2023-04-27T16:16:43.3832768Z   Downloading filelock-3.12.0-py3-none-any.whl (10 kB)
2023-04-27T16:16:43.4362971Z Collecting packaging>=23.1 (from tox)
2023-04-27T16:16:43.4529328Z   Downloading packaging-23.1-py3-none-any.whl (48 kB)
2023-04-27T16:16:43.4602962Z      ━━━━━━━━━━━━━━━━━━━━━━━━━━━━━━━━━━━━━━━━ 48.9/48.9 kB 9.0 MB/s eta 0:00:00
2023-04-27T16:16:43.5078258Z Collecting platformdirs>=3.2 (from tox)
2023-04-27T16:16:43.5254296Z   Downloading platformdirs-3.4.0-py3-none-any.whl (15 kB)
2023-04-27T16:16:43.5679936Z Collecting pluggy>=1 (from tox)
2023-04-27T16:16:43.5855406Z   Downloading pluggy-1.0.0-py2.py3-none-any.whl (13 kB)
2023-04-27T16:16:43.6236845Z Collecting pyproject-api>=1.5.1 (from tox)
2023-04-27T16:16:43.6413644Z   Downloading pyproject_api-1.5.1-py3-none-any.whl (12 kB)
2023-04-27T16:16:43.6837444Z Collecting tomli>=2.0.1 (from tox)
2023-04-27T16:16:43.7012265Z   Downloading tomli-2.0.1-py3-none-any.whl (12 kB)
2023-04-27T16:16:43.8372459Z Collecting virtualenv>=20.21 (from tox)
2023-04-27T16:16:43.8566862Z   Downloading virtualenv-20.22.0-py3-none-any.whl (3.2 MB)
2023-04-27T16:16:44.0802892Z      ━━━━━━━━━━━━━━━━━━━━━━━━━━━━━━━━━━━━━━━━ 3.2/3.2 MB 14.7 MB/s eta 0:00:00
2023-04-27T16:16:44.2050385Z Collecting distlib<1,>=0.3.6 (from virtualenv>=20.21->tox)
2023-04-27T16:16:44.2238005Z   Downloading distlib-0.3.6-py2.py3-none-any.whl (468 kB)
2023-04-27T16:16:44.2490101Z      ━━━━━━━━━━━━━━━━━━━━━━━━━━━━━━━━━━━━━━ 468.5/468.5 kB 21.2 MB/s eta 0:00:00
2023-04-27T16:16:44.4145932Z Installing collected packages: distlib, tomli, pluggy, platformdirs, packaging, filelock, colorama, chardet, cachetools, virtualenv, pyproject-api, tox
2023-04-27T16:16:45.0908474Z Successfully installed cachetools-5.3.0 chardet-5.1.0 colorama-0.4.6 distlib-0.3.6 filelock-3.12.0 packaging-23.1 platformdirs-3.4.0 pluggy-1.0.0 pyproject-api-1.5.1 tomli-2.0.1 tox-4.5.1 virtualenv-20.22.0
2023-04-27T16:16:45.7298096Z ##[group]Run tox -e lint
2023-04-27T16:16:45.7298383Z [36;1mtox -e lint[0m
2023-04-27T16:16:45.7351719Z shell: /usr/bin/bash -e {0}
2023-04-27T16:16:45.7351935Z env:
2023-04-27T16:16:45.7352201Z   pythonLocation: /opt/hostedtoolcache/Python/3.8.16/x64
2023-04-27T16:16:45.7352552Z   PKG_CONFIG_PATH: /opt/hostedtoolcache/Python/3.8.16/x64/lib/pkgconfig
2023-04-27T16:16:45.7352882Z   Python_ROOT_DIR: /opt/hostedtoolcache/Python/3.8.16/x64
2023-04-27T16:16:45.7353206Z   Python2_ROOT_DIR: /opt/hostedtoolcache/Python/3.8.16/x64
2023-04-27T16:16:45.7353521Z   Python3_ROOT_DIR: /opt/hostedtoolcache/Python/3.8.16/x64
2023-04-27T16:16:45.7353827Z   LD_LIBRARY_PATH: /opt/hostedtoolcache/Python/3.8.16/x64/lib
2023-04-27T16:16:45.7354089Z ##[endgroup]
2023-04-27T16:16:46.6757225Z lint: install_deps> python -I -m pip install flake8 flake8-bugbear flake8-builtins flake8-unused-arguments
2023-04-27T16:16:49.5571626Z lint: freeze> python -m pip freeze --all
2023-04-27T16:16:49.9521907Z lint: attrs==23.1.0,flake8==6.0.0,flake8-bugbear==23.3.23,flake8-builtins==2.1.0,flake8-unused-arguments==0.0.13,mccabe==0.7.0,pip==23.1,pycodestyle==2.10.0,pyflakes==3.0.1,setuptools==67.6.1,wheel==0.40.0
2023-04-27T16:16:49.9522674Z lint: commands[0]> flake8 --config=tox.ini src test
2023-04-27T16:16:51.2391667Z   lint: OK (4.86=setup[3.58]+cmd[1.29] seconds)
2023-04-27T16:16:51.2392323Z   congratulations :) (5.31 seconds)
2023-04-27T16:16:51.2856748Z Post job cleanup.
2023-04-27T16:16:51.4499523Z Post job cleanup.
2023-04-27T16:16:51.5554118Z [command]/usr/bin/git version
2023-04-27T16:16:51.5604906Z git version 2.40.1
2023-04-27T16:16:51.5662404Z Temporarily overriding HOME='/home/runner/work/_temp/291816e5-db09-411c-8638-4c566a089b2c' before making global git config changes
2023-04-27T16:16:51.5667171Z Adding repository directory to the temporary git global config as a safe directory
2023-04-27T16:16:51.5675954Z [command]/usr/bin/git config --global --add safe.directory /home/runner/work/tinuous/tinuous
2023-04-27T16:16:51.5725891Z [command]/usr/bin/git config --local --name-only --get-regexp core\.sshCommand
2023-04-27T16:16:51.5772503Z [command]/usr/bin/git submodule foreach --recursive sh -c "git config --local --name-only --get-regexp 'core\.sshCommand' && git config --local --unset-all 'core.sshCommand' || :"
2023-04-27T16:16:51.6027178Z [command]/usr/bin/git config --local --name-only --get-regexp http\.https\:\/\/github\.com\/\.extraheader
2023-04-27T16:16:51.6055847Z http.https://github.com/.extraheader
2023-04-27T16:16:51.6068136Z [command]/usr/bin/git config --local --unset-all http.https://github.com/.extraheader
2023-04-27T16:16:51.6103832Z [command]/usr/bin/git submodule foreach --recursive sh -c "git config --local --name-only --get-regexp 'http\.https\:\/\/github\.com\/\.extraheader' && git config --local --unset-all 'http.https://github.com/.extraheader' || :"
2023-04-27T16:16:51.6518208Z Cleaning up orphan processes
