2021-06-11T16:06:33.2924598Z ##[section]Starting: Request a runner to run this job
2021-06-11T16:06:34.1462713Z Can't find any online and idle self-hosted runner in current repository that matches the required labels: 'ubuntu-latest'
2021-06-11T16:06:34.1462842Z Can't find any online and idle self-hosted runner in current repository's account/organization that matches the required labels: 'ubuntu-latest'
2021-06-11T16:06:34.1463015Z Found online and idle hosted runner in current repository's account/organization that matches the required labels: 'ubuntu-latest'
2021-06-11T16:06:34.3315820Z ##[section]Finishing: Request a runner to run this job
2021-06-11T16:06:41.7133013Z Current runner version: '2.278.0'
2021-06-11T16:06:41.7158903Z ##[group]Operating System
2021-06-11T16:06:41.7159826Z Ubuntu
2021-06-11T16:06:41.7160235Z 20.04.2
2021-06-11T16:06:41.7160675Z LTS
2021-06-11T16:06:41.7161127Z ##[endgroup]
2021-06-11T16:06:41.7161690Z ##[group]Virtual Environment
2021-06-11T16:06:41.7162288Z Environment: ubuntu-20.04
2021-06-11T16:06:41.7162848Z Version: 20210606.1
2021-06-11T16:06:41.7163775Z Included Software: https://github.com/actions/virtual-environments/blob/ubuntu20/20210606.1/images/linux/Ubuntu2004-README.md
2021-06-11T16:06:41.7165119Z Image Release: https://github.com/actions/virtual-environments/releases/tag/ubuntu20%2F20210606.1
2021-06-11T16:06:41.7165989Z ##[endgroup]
2021-06-11T16:06:41.7167820Z ##[group]GITHUB_TOKEN Permissions
2021-06-11T16:06:41.7168983Z Actions: write
2021-06-11T16:06:41.7169519Z Checks: write
2021-06-11T16:06:41.7170006Z Contents: write
2021-06-11T16:06:41.7170557Z Deployments: write
2021-06-11T16:06:41.7171187Z Discussions: write
2021-06-11T16:06:41.7171724Z Issues: write
2021-06-11T16:06:41.7172200Z Metadata: read
2021-06-11T16:06:41.7172731Z Packages: write
2021-06-11T16:06:41.7173237Z PullRequests: write
2021-06-11T16:06:41.7173869Z RepositoryProjects: write
2021-06-11T16:06:41.7174454Z SecurityEvents: write
2021-06-11T16:06:41.7175028Z Statuses: write
2021-06-11T16:06:41.7175638Z ##[endgroup]
2021-06-11T16:06:41.7178397Z Prepare workflow directory
2021-06-11T16:06:41.7765013Z Prepare all required actions
2021-06-11T16:06:41.7775583Z Getting action download info
2021-06-11T16:06:42.1726491Z Download action repository 'actions/checkout@v2'
2021-06-11T16:06:43.8899787Z Download action repository 'actions/setup-python@v2'
2021-06-11T16:06:44.4256762Z Download action repository 'codecov/codecov-action@v1'
2021-06-11T16:06:45.0227564Z ##[group]Run actions/checkout@v2
2021-06-11T16:06:45.0228134Z with:
2021-06-11T16:06:45.0228497Z   fetch-depth: 0
2021-06-11T16:06:45.0228911Z   repository: con/tinuous
2021-06-11T16:06:45.0229760Z   token: ***
2021-06-11T16:06:45.0230134Z   ssh-strict: true
2021-06-11T16:06:45.0230614Z   persist-credentials: true
2021-06-11T16:06:45.0231235Z   clean: true
2021-06-11T16:06:45.0231561Z   lfs: false
2021-06-11T16:06:45.0231934Z   submodules: false
2021-06-11T16:06:45.0232309Z ##[endgroup]
2021-06-11T16:06:45.8986558Z Syncing repository: con/tinuous
2021-06-11T16:06:45.8987271Z ##[group]Getting Git version info
2021-06-11T16:06:45.8988348Z Working directory is '/home/runner/work/tinuous/tinuous'
2021-06-11T16:06:45.8991663Z [command]/usr/bin/git version
2021-06-11T16:06:45.8994182Z git version 2.31.1
2021-06-11T16:06:45.8997862Z ##[endgroup]
2021-06-11T16:06:45.8998576Z Deleting the contents of '/home/runner/work/tinuous/tinuous'
2021-06-11T16:06:45.9000392Z ##[group]Initializing the repository
2021-06-11T16:06:45.9001024Z [command]/usr/bin/git init /home/runner/work/tinuous/tinuous
2021-06-11T16:06:45.9003174Z hint: Using 'master' as the name for the initial branch. This default branch name
2021-06-11T16:06:45.9005344Z hint: is subject to change. To configure the initial branch name to use in all
2021-06-11T16:06:45.9008824Z hint: of your new repositories, which will suppress this warning, call:
2021-06-11T16:06:45.9011172Z hint: 
2021-06-11T16:06:45.9011936Z hint: 	git config --global init.defaultBranch <name>
2021-06-11T16:06:45.9012429Z hint: 
2021-06-11T16:06:45.9013096Z hint: Names commonly chosen instead of 'master' are 'main', 'trunk' and
2021-06-11T16:06:45.9016983Z hint: 'development'. The just-created branch can be renamed via this command:
2021-06-11T16:06:45.9017584Z hint: 
2021-06-11T16:06:45.9018112Z hint: 	git branch -m <name>
2021-06-11T16:06:45.9018725Z Initialized empty Git repository in /home/runner/work/tinuous/tinuous/.git/
2021-06-11T16:06:45.9020597Z [command]/usr/bin/git remote add origin https://github.com/con/tinuous
2021-06-11T16:06:45.9021255Z ##[endgroup]
2021-06-11T16:06:45.9021778Z ##[group]Disabling automatic garbage collection
2021-06-11T16:06:45.9022557Z [command]/usr/bin/git config --local gc.auto 0
2021-06-11T16:06:45.9024030Z ##[endgroup]
2021-06-11T16:06:45.9029038Z ##[group]Setting up auth
2021-06-11T16:06:45.9034263Z [command]/usr/bin/git config --local --name-only --get-regexp core\.sshCommand
2021-06-11T16:06:45.9035744Z [command]/usr/bin/git submodule foreach --recursive git config --local --name-only --get-regexp 'core\.sshCommand' && git config --local --unset-all 'core.sshCommand' || :
2021-06-11T16:06:45.9037737Z [command]/usr/bin/git config --local --name-only --get-regexp http\.https\:\/\/github\.com\/\.extraheader
2021-06-11T16:06:45.9040068Z [command]/usr/bin/git submodule foreach --recursive git config --local --name-only --get-regexp 'http\.https\:\/\/github\.com\/\.extraheader' && git config --local --unset-all 'http.https://github.com/.extraheader' || :
2021-06-11T16:06:45.9042907Z [command]/usr/bin/git config --local http.https://github.com/.extraheader AUTHORIZATION: basic ***
2021-06-11T16:06:45.9043730Z ##[endgroup]
2021-06-11T16:06:45.9044191Z ##[group]Fetching the repository
2021-06-11T16:06:45.9046777Z [command]/usr/bin/git -c protocol.version=2 fetch --prune --progress --no-recurse-submodules origin +refs/heads/*:refs/remotes/origin/* +refs/tags/*:refs/tags/*
2021-06-11T16:06:45.9048292Z remote: Enumerating objects: 619, done.        
2021-06-11T16:06:45.9048833Z remote: Counting objects:   0% (1/273)        
2021-06-11T16:06:45.9049807Z remote: Counting objects:   1% (3/273)        
2021-06-11T16:06:45.9050303Z remote: Counting objects:   2% (6/273)        
2021-06-11T16:06:45.9051282Z remote: Counting objects:   3% (9/273)        
2021-06-11T16:06:45.9052248Z remote: Counting objects:   4% (11/273)        
2021-06-11T16:06:45.9052760Z remote: Counting objects:   5% (14/273)        
2021-06-11T16:06:45.9053940Z remote: Counting objects:   6% (17/273)        
2021-06-11T16:06:45.9055275Z remote: Counting objects:   7% (20/273)        
2021-06-11T16:06:45.9055777Z remote: Counting objects:   8% (22/273)        
2021-06-11T16:06:45.9056267Z remote: Counting objects:   9% (25/273)        
2021-06-11T16:06:45.9056754Z remote: Counting objects:  10% (28/273)        
2021-06-11T16:06:45.9057240Z remote: Counting objects:  11% (31/273)        
2021-06-11T16:06:45.9057715Z remote: Counting objects:  12% (33/273)        
2021-06-11T16:06:45.9058203Z remote: Counting objects:  13% (36/273)        
2021-06-11T16:06:45.9058688Z remote: Counting objects:  14% (39/273)        
2021-06-11T16:06:45.9059166Z remote: Counting objects:  15% (41/273)        
2021-06-11T16:06:45.9059647Z remote: Counting objects:  16% (44/273)        
2021-06-11T16:06:45.9060618Z remote: Counting objects:  17% (47/273)        
2021-06-11T16:06:45.9061113Z remote: Counting objects:  18% (50/273)        
2021-06-11T16:06:45.9061596Z remote: Counting objects:  19% (52/273)        
2021-06-11T16:06:45.9062565Z remote: Counting objects:  20% (55/273)        
2021-06-11T16:06:45.9063066Z remote: Counting objects:  21% (58/273)        
2021-06-11T16:06:45.9063554Z remote: Counting objects:  22% (61/273)        
2021-06-11T16:06:45.9064055Z remote: Counting objects:  23% (63/273)        
2021-06-11T16:06:45.9064526Z remote: Counting objects:  24% (66/273)        
2021-06-11T16:06:45.9065009Z remote: Counting objects:  25% (69/273)        
2021-06-11T16:06:45.9065487Z remote: Counting objects:  26% (71/273)        
2021-06-11T16:06:45.9065971Z remote: Counting objects:  27% (74/273)        
2021-06-11T16:06:45.9066450Z remote: Counting objects:  28% (77/273)        
2021-06-11T16:06:45.9067422Z remote: Counting objects:  29% (80/273)        
2021-06-11T16:06:45.9067924Z remote: Counting objects:  30% (82/273)        
2021-06-11T16:06:45.9068410Z remote: Counting objects:  31% (85/273)        
2021-06-11T16:06:45.9068902Z remote: Counting objects:  32% (88/273)        
2021-06-11T16:06:45.9069384Z remote: Counting objects:  33% (91/273)        
2021-06-11T16:06:45.9069870Z remote: Counting objects:  34% (93/273)        
2021-06-11T16:06:45.9070345Z remote: Counting objects:  35% (96/273)        
2021-06-11T16:06:45.9071078Z remote: Counting objects:  36% (99/273)        
2021-06-11T16:06:45.9072303Z remote: Counting objects:  37% (102/273)        
2021-06-11T16:06:45.9072804Z remote: Counting objects:  38% (104/273)        
2021-06-11T16:06:45.9073287Z remote: Counting objects:  39% (107/273)        
2021-06-11T16:06:45.9073777Z remote: Counting objects:  40% (110/273)        
2021-06-11T16:06:45.9074256Z remote: Counting objects:  41% (112/273)        
2021-06-11T16:06:45.9075272Z remote: Counting objects:  42% (115/273)        
2021-06-11T16:06:45.9075787Z remote: Counting objects:  43% (118/273)        
2021-06-11T16:06:45.9076269Z remote: Counting objects:  44% (121/273)        
2021-06-11T16:06:45.9076764Z remote: Counting objects:  45% (123/273)        
2021-06-11T16:06:45.9077246Z remote: Counting objects:  46% (126/273)        
2021-06-11T16:06:45.9077735Z remote: Counting objects:  47% (129/273)        
2021-06-11T16:06:45.9078213Z remote: Counting objects:  48% (132/273)        
2021-06-11T16:06:45.9079277Z remote: Counting objects:  49% (134/273)        
2021-06-11T16:06:45.9079767Z remote: Counting objects:  50% (137/273)        
2021-06-11T16:06:45.9080257Z remote: Counting objects:  51% (140/273)        
2021-06-11T16:06:45.9080742Z remote: Counting objects:  52% (142/273)        
2021-06-11T16:06:45.9081212Z remote: Counting objects:  53% (145/273)        
2021-06-11T16:06:45.9081694Z remote: Counting objects:  54% (148/273)        
2021-06-11T16:06:45.9082715Z remote: Counting objects:  55% (151/273)        
2021-06-11T16:06:45.9083213Z remote: Counting objects:  56% (153/273)        
2021-06-11T16:06:45.9083688Z remote: Counting objects:  57% (156/273)        
2021-06-11T16:06:45.9084176Z remote: Counting objects:  58% (159/273)        
2021-06-11T16:06:45.9084776Z remote: Counting objects:  59% (162/273)        
2021-06-11T16:06:45.9085822Z remote: Counting objects:  60% (164/273)        
2021-06-11T16:06:45.9086321Z remote: Counting objects:  61% (167/273)        
2021-06-11T16:06:45.9086817Z remote: Counting objects:  62% (170/273)        
2021-06-11T16:06:45.9087308Z remote: Counting objects:  63% (172/273)        
2021-06-11T16:06:45.9087785Z remote: Counting objects:  64% (175/273)        
2021-06-11T16:06:45.9088772Z remote: Counting objects:  65% (178/273)        
2021-06-11T16:06:45.9089265Z remote: Counting objects:  66% (181/273)        
2021-06-11T16:06:45.9089746Z remote: Counting objects:  67% (183/273)        
2021-06-11T16:06:45.9090233Z remote: Counting objects:  68% (186/273)        
2021-06-11T16:06:45.9090710Z remote: Counting objects:  69% (189/273)        
2021-06-11T16:06:45.9091204Z remote: Counting objects:  70% (192/273)        
2021-06-11T16:06:45.9091680Z remote: Counting objects:  71% (194/273)        
2021-06-11T16:06:45.9092693Z remote: Counting objects:  72% (197/273)        
2021-06-11T16:06:45.9093173Z remote: Counting objects:  73% (200/273)        
2021-06-11T16:06:45.9093663Z remote: Counting objects:  74% (203/273)        
2021-06-11T16:06:45.9094149Z remote: Counting objects:  75% (205/273)        
2021-06-11T16:06:45.9094630Z remote: Counting objects:  76% (208/273)        
2021-06-11T16:06:45.9095117Z remote: Counting objects:  77% (211/273)        
2021-06-11T16:06:45.9096069Z remote: Counting objects:  78% (213/273)        
2021-06-11T16:06:45.9096572Z remote: Counting objects:  79% (216/273)        
2021-06-11T16:06:45.9097050Z remote: Counting objects:  80% (219/273)        
2021-06-11T16:06:45.9097540Z remote: Counting objects:  81% (222/273)        
2021-06-11T16:06:45.9098506Z remote: Counting objects:  82% (224/273)        
2021-06-11T16:06:45.9099561Z remote: Counting objects:  83% (227/273)        
2021-06-11T16:06:45.9100544Z remote: Counting objects:  84% (230/273)        
2021-06-11T16:06:45.9101499Z remote: Counting objects:  85% (233/273)        
2021-06-11T16:06:45.9101993Z remote: Counting objects:  86% (235/273)        
2021-06-11T16:06:45.9102470Z remote: Counting objects:  87% (238/273)        
2021-06-11T16:06:45.9103447Z remote: Counting objects:  88% (241/273)        
2021-06-11T16:06:45.9104060Z remote: Counting objects:  89% (243/273)        
2021-06-11T16:06:45.9104543Z remote: Counting objects:  90% (246/273)        
2021-06-11T16:06:45.9105531Z remote: Counting objects:  91% (249/273)        
2021-06-11T16:06:45.9106025Z remote: Counting objects:  92% (252/273)        
2021-06-11T16:06:45.9107006Z remote: Counting objects:  93% (254/273)        
2021-06-11T16:06:45.9107971Z remote: Counting objects:  94% (257/273)        
2021-06-11T16:06:45.9109883Z remote: Counting objects:  95% (260/273)        
2021-06-11T16:06:45.9110366Z remote: Counting objects:  96% (263/273)        
2021-06-11T16:06:45.9111064Z remote: Counting objects:  97% (265/273)        
2021-06-11T16:06:45.9111555Z remote: Counting objects:  98% (268/273)        
2021-06-11T16:06:45.9117406Z remote: Counting objects:  99% (271/273)        
2021-06-11T16:06:45.9117923Z remote: Counting objects: 100% (273/273)        
2021-06-11T16:06:45.9118915Z remote: Counting objects: 100% (273/273), done.        
2021-06-11T16:06:45.9119479Z remote: Compressing objects:   0% (1/131)        
2021-06-11T16:06:45.9120061Z remote: Compressing objects:   1% (2/131)        
2021-06-11T16:06:45.9120597Z remote: Compressing objects:   2% (3/131)        
2021-06-11T16:06:45.9121624Z remote: Compressing objects:   3% (4/131)        
2021-06-11T16:06:45.9122164Z remote: Compressing objects:   4% (6/131)        
2021-06-11T16:06:45.9122680Z remote: Compressing objects:   5% (7/131)        
2021-06-11T16:06:45.9123204Z remote: Compressing objects:   6% (8/131)        
2021-06-11T16:06:45.9123725Z remote: Compressing objects:   7% (10/131)        
2021-06-11T16:06:45.9124751Z remote: Compressing objects:   8% (11/131)        
2021-06-11T16:06:45.9125416Z remote: Compressing objects:   9% (12/131)        
2021-06-11T16:06:45.9125961Z remote: Compressing objects:  10% (14/131)        
2021-06-11T16:06:45.9126500Z remote: Compressing objects:  11% (15/131)        
2021-06-11T16:06:45.9127558Z remote: Compressing objects:  12% (16/131)        
2021-06-11T16:06:45.9128105Z remote: Compressing objects:  13% (18/131)        
2021-06-11T16:06:45.9128628Z remote: Compressing objects:  14% (19/131)        
2021-06-11T16:06:45.9129162Z remote: Compressing objects:  15% (20/131)        
2021-06-11T16:06:45.9130183Z remote: Compressing objects:  16% (21/131)        
2021-06-11T16:06:45.9130725Z remote: Compressing objects:  17% (23/131)        
2021-06-11T16:06:45.9131245Z remote: Compressing objects:  18% (24/131)        
2021-06-11T16:06:45.9132282Z remote: Compressing objects:  19% (25/131)        
2021-06-11T16:06:45.9132826Z remote: Compressing objects:  20% (27/131)        
2021-06-11T16:06:45.9133348Z remote: Compressing objects:  21% (28/131)        
2021-06-11T16:06:45.9133887Z remote: Compressing objects:  22% (29/131)        
2021-06-11T16:06:45.9134888Z remote: Compressing objects:  23% (31/131)        
2021-06-11T16:06:45.9135429Z remote: Compressing objects:  24% (32/131)        
2021-06-11T16:06:45.9136445Z remote: Compressing objects:  25% (33/131)        
2021-06-11T16:06:45.9136991Z remote: Compressing objects:  26% (35/131)        
2021-06-11T16:06:45.9137511Z remote: Compressing objects:  27% (36/131)        
2021-06-11T16:06:45.9138044Z remote: Compressing objects:  28% (37/131)        
2021-06-11T16:06:45.9139042Z remote: Compressing objects:  29% (38/131)        
2021-06-11T16:06:45.9139584Z remote: Compressing objects:  30% (40/131)        
2021-06-11T16:06:45.9140121Z remote: Compressing objects:  31% (41/131)        
2021-06-11T16:06:45.9140639Z remote: Compressing objects:  32% (42/131)        
2021-06-11T16:06:45.9142447Z remote: Compressing objects:  33% (44/131)        
2021-06-11T16:06:45.9143431Z remote: Compressing objects:  34% (45/131)        
2021-06-11T16:06:45.9143998Z remote: Compressing objects:  35% (46/131)        
2021-06-11T16:06:45.9144519Z remote: Compressing objects:  36% (48/131)        
2021-06-11T16:06:45.9145549Z remote: Compressing objects:  37% (49/131)        
2021-06-11T16:06:45.9146087Z remote: Compressing objects:  38% (50/131)        
2021-06-11T16:06:45.9147243Z remote: Compressing objects:  39% (52/131)        
2021-06-11T16:06:45.9147784Z remote: Compressing objects:  40% (53/131)        
2021-06-11T16:06:45.9148303Z remote: Compressing objects:  41% (54/131)        
2021-06-11T16:06:45.9149376Z remote: Compressing objects:  42% (56/131)        
2021-06-11T16:06:45.9151388Z remote: Compressing objects:  43% (57/131)        
2021-06-11T16:06:45.9152012Z remote: Compressing objects:  44% (58/131)        
2021-06-11T16:06:45.9152532Z remote: Compressing objects:  45% (59/131)        
2021-06-11T16:06:45.9153070Z remote: Compressing objects:  46% (61/131)        
2021-06-11T16:06:45.9153607Z remote: Compressing objects:  47% (62/131)        
2021-06-11T16:06:45.9154978Z remote: Compressing objects:  48% (63/131)        
2021-06-11T16:06:45.9155516Z remote: Compressing objects:  49% (65/131)        
2021-06-11T16:06:45.9156036Z remote: Compressing objects:  50% (66/131)        
2021-06-11T16:06:45.9156572Z remote: Compressing objects:  51% (67/131)        
2021-06-11T16:06:45.9157095Z remote: Compressing objects:  52% (69/131)        
2021-06-11T16:06:45.9157624Z remote: Compressing objects:  53% (70/131)        
2021-06-11T16:06:45.9158141Z remote: Compressing objects:  54% (71/131)        
2021-06-11T16:06:45.9158672Z remote: Compressing objects:  55% (73/131)        
2021-06-11T16:06:45.9159206Z remote: Compressing objects:  56% (74/131)        
2021-06-11T16:06:45.9159724Z remote: Compressing objects:  57% (75/131)        
2021-06-11T16:06:45.9160254Z remote: Compressing objects:  58% (76/131)        
2021-06-11T16:06:45.9160772Z remote: Compressing objects:  59% (78/131)        
2021-06-11T16:06:45.9161303Z remote: Compressing objects:  60% (79/131)        
2021-06-11T16:06:45.9166131Z remote: Compressing objects:  61% (80/131)        
2021-06-11T16:06:45.9166688Z remote: Compressing objects:  62% (82/131)        
2021-06-11T16:06:45.9167210Z remote: Compressing objects:  63% (83/131)        
2021-06-11T16:06:45.9167747Z remote: Compressing objects:  64% (84/131)        
2021-06-11T16:06:45.9168279Z remote: Compressing objects:  65% (86/131)        
2021-06-11T16:06:45.9168803Z remote: Compressing objects:  66% (87/131)        
2021-06-11T16:06:45.9169333Z remote: Compressing objects:  67% (88/131)        
2021-06-11T16:06:45.9169851Z remote: Compressing objects:  68% (90/131)        
2021-06-11T16:06:45.9170378Z remote: Compressing objects:  69% (91/131)        
2021-06-11T16:06:45.9170897Z remote: Compressing objects:  70% (92/131)        
2021-06-11T16:06:45.9171433Z remote: Compressing objects:  71% (94/131)        
2021-06-11T16:06:45.9171951Z remote: Compressing objects:  72% (95/131)        
2021-06-11T16:06:45.9172484Z remote: Compressing objects:  73% (96/131)        
2021-06-11T16:06:45.9173015Z remote: Compressing objects:  74% (97/131)        
2021-06-11T16:06:45.9173531Z remote: Compressing objects:  75% (99/131)        
2021-06-11T16:06:45.9174065Z remote: Compressing objects:  76% (100/131)        
2021-06-11T16:06:45.9174593Z remote: Compressing objects:  77% (101/131)        
2021-06-11T16:06:45.9175127Z remote: Compressing objects:  78% (103/131)        
2021-06-11T16:06:45.9175651Z remote: Compressing objects:  79% (104/131)        
2021-06-11T16:06:45.9176187Z remote: Compressing objects:  80% (105/131)        
2021-06-11T16:06:45.9176709Z remote: Compressing objects:  81% (107/131)        
2021-06-11T16:06:45.9177243Z remote: Compressing objects:  82% (108/131)        
2021-06-11T16:06:45.9177779Z remote: Compressing objects:  83% (109/131)        
2021-06-11T16:06:45.9178301Z remote: Compressing objects:  84% (111/131)        
2021-06-11T16:06:45.9178835Z remote: Compressing objects:  85% (112/131)        
2021-06-11T16:06:45.9179366Z remote: Compressing objects:  86% (113/131)        
2021-06-11T16:06:45.9179984Z remote: Compressing objects:  87% (114/131)        
2021-06-11T16:06:45.9180563Z remote: Compressing objects:  88% (116/131)        
2021-06-11T16:06:45.9181080Z remote: Compressing objects:  89% (117/131)        
2021-06-11T16:06:45.9181711Z remote: Compressing objects:  90% (118/131)        
2021-06-11T16:06:45.9182246Z remote: Compressing objects:  91% (120/131)        
2021-06-11T16:06:45.9182770Z remote: Compressing objects:  92% (121/131)        
2021-06-11T16:06:45.9183301Z remote: Compressing objects:  93% (122/131)        
2021-06-11T16:06:45.9183825Z remote: Compressing objects:  94% (124/131)        
2021-06-11T16:06:45.9184359Z remote: Compressing objects:  95% (125/131)        
2021-06-11T16:06:45.9184881Z remote: Compressing objects:  96% (126/131)        
2021-06-11T16:06:45.9185413Z remote: Compressing objects:  97% (128/131)        
2021-06-11T16:06:45.9185930Z remote: Compressing objects:  98% (129/131)        
2021-06-11T16:06:45.9186465Z remote: Compressing objects:  99% (130/131)        
2021-06-11T16:06:45.9186999Z remote: Compressing objects: 100% (131/131)        
2021-06-11T16:06:45.9187548Z remote: Compressing objects: 100% (131/131), done.        
2021-06-11T16:06:45.9188061Z Receiving objects:   0% (1/619)
2021-06-11T16:06:45.9188496Z Receiving objects:   1% (7/619)
2021-06-11T16:06:45.9188936Z Receiving objects:   2% (13/619)
2021-06-11T16:06:45.9189369Z Receiving objects:   3% (19/619)
2021-06-11T16:06:45.9189805Z Receiving objects:   4% (25/619)
2021-06-11T16:06:45.9190232Z Receiving objects:   5% (31/619)
2021-06-11T16:06:45.9190666Z Receiving objects:   6% (38/619)
2021-06-11T16:06:45.9191244Z Receiving objects:   7% (44/619)
2021-06-11T16:06:45.9191681Z Receiving objects:   8% (50/619)
2021-06-11T16:06:45.9192120Z Receiving objects:   9% (56/619)
2021-06-11T16:06:45.9192547Z Receiving objects:  10% (62/619)
2021-06-11T16:06:45.9192985Z Receiving objects:  11% (69/619)
2021-06-11T16:06:45.9193531Z Receiving objects:  12% (75/619)
2021-06-11T16:06:45.9193974Z Receiving objects:  13% (81/619)
2021-06-11T16:06:45.9194400Z Receiving objects:  14% (87/619)
2021-06-11T16:06:45.9194839Z Receiving objects:  15% (93/619)
2021-06-11T16:06:45.9195317Z Receiving objects:  16% (100/619)
2021-06-11T16:06:45.9195771Z Receiving objects:  17% (106/619)
2021-06-11T16:06:45.9196203Z Receiving objects:  18% (112/619)
2021-06-11T16:06:45.9196641Z Receiving objects:  19% (118/619)
2021-06-11T16:06:45.9197066Z Receiving objects:  20% (124/619)
2021-06-11T16:06:45.9197507Z Receiving objects:  21% (130/619)
2021-06-11T16:06:45.9197947Z Receiving objects:  22% (137/619)
2021-06-11T16:06:45.9198373Z Receiving objects:  23% (143/619)
2021-06-11T16:06:45.9198812Z Receiving objects:  24% (149/619)
2021-06-11T16:06:45.9199238Z Receiving objects:  25% (155/619)
2021-06-11T16:06:45.9199680Z Receiving objects:  26% (161/619)
2021-06-11T16:06:45.9200111Z Receiving objects:  27% (168/619)
2021-06-11T16:06:45.9200554Z Receiving objects:  28% (174/619)
2021-06-11T16:06:45.9200980Z Receiving objects:  29% (180/619)
2021-06-11T16:06:45.9201419Z Receiving objects:  30% (186/619)
2021-06-11T16:06:45.9309842Z Receiving objects:  31% (192/619)
2021-06-11T16:06:45.9310344Z Receiving objects:  32% (199/619)
2021-06-11T16:06:45.9310963Z Receiving objects:  33% (205/619)
2021-06-11T16:06:45.9311512Z Receiving objects:  34% (211/619)
2021-06-11T16:06:45.9311949Z Receiving objects:  35% (217/619)
2021-06-11T16:06:45.9312395Z Receiving objects:  36% (223/619)
2021-06-11T16:06:45.9312823Z Receiving objects:  37% (230/619)
2021-06-11T16:06:45.9313263Z Receiving objects:  38% (236/619)
2021-06-11T16:06:45.9313691Z Receiving objects:  39% (242/619)
2021-06-11T16:06:45.9314136Z Receiving objects:  40% (248/619)
2021-06-11T16:06:45.9314573Z Receiving objects:  41% (254/619)
2021-06-11T16:06:45.9315002Z Receiving objects:  42% (260/619)
2021-06-11T16:06:45.9315453Z Receiving objects:  43% (267/619)
2021-06-11T16:06:45.9315878Z Receiving objects:  44% (273/619)
2021-06-11T16:06:45.9316331Z Receiving objects:  45% (279/619)
2021-06-11T16:06:45.9331051Z Receiving objects:  46% (285/619)
2021-06-11T16:06:45.9331645Z Receiving objects:  47% (291/619)
2021-06-11T16:06:45.9332085Z Receiving objects:  48% (298/619)
2021-06-11T16:06:45.9332709Z Receiving objects:  49% (304/619)
2021-06-11T16:06:45.9333141Z Receiving objects:  50% (310/619)
2021-06-11T16:06:45.9333587Z Receiving objects:  51% (316/619)
2021-06-11T16:06:45.9334028Z Receiving objects:  52% (322/619)
2021-06-11T16:06:45.9334455Z Receiving objects:  53% (329/619)
2021-06-11T16:06:45.9334898Z Receiving objects:  54% (335/619)
2021-06-11T16:06:45.9335325Z Receiving objects:  55% (341/619)
2021-06-11T16:06:45.9336454Z remote: Total 619 (delta 142), reused 175 (delta 125), pack-reused 346        
2021-06-11T16:06:45.9337006Z Receiving objects:  56% (347/619)
2021-06-11T16:06:45.9340839Z Receiving objects:  57% (353/619)
2021-06-11T16:06:45.9341309Z Receiving objects:  58% (360/619)
2021-06-11T16:06:45.9341771Z Receiving objects:  59% (366/619)
2021-06-11T16:06:45.9342199Z Receiving objects:  60% (372/619)
2021-06-11T16:06:45.9342643Z Receiving objects:  61% (378/619)
2021-06-11T16:06:45.9343083Z Receiving objects:  62% (384/619)
2021-06-11T16:06:45.9343512Z Receiving objects:  63% (390/619)
2021-06-11T16:06:45.9343959Z Receiving objects:  64% (397/619)
2021-06-11T16:06:45.9344386Z Receiving objects:  65% (403/619)
2021-06-11T16:06:45.9344828Z Receiving objects:  66% (409/619)
2021-06-11T16:06:45.9345255Z Receiving objects:  67% (415/619)
2021-06-11T16:06:45.9345694Z Receiving objects:  68% (421/619)
2021-06-11T16:06:45.9351237Z Receiving objects:  69% (428/619)
2021-06-11T16:06:45.9351853Z Receiving objects:  70% (434/619)
2021-06-11T16:06:45.9352297Z Receiving objects:  71% (440/619)
2021-06-11T16:06:45.9352744Z Receiving objects:  72% (446/619)
2021-06-11T16:06:45.9353192Z Receiving objects:  73% (452/619)
2021-06-11T16:06:45.9353622Z Receiving objects:  74% (459/619)
2021-06-11T16:06:45.9354070Z Receiving objects:  75% (465/619)
2021-06-11T16:06:45.9354650Z Receiving objects:  76% (471/619)
2021-06-11T16:06:45.9355100Z Receiving objects:  77% (477/619)
2021-06-11T16:06:45.9355529Z Receiving objects:  78% (483/619)
2021-06-11T16:06:45.9355971Z Receiving objects:  79% (490/619)
2021-06-11T16:06:45.9356405Z Receiving objects:  80% (496/619)
2021-06-11T16:06:45.9356847Z Receiving objects:  81% (502/619)
2021-06-11T16:06:45.9357273Z Receiving objects:  82% (508/619)
2021-06-11T16:06:45.9357715Z Receiving objects:  83% (514/619)
2021-06-11T16:06:45.9358159Z Receiving objects:  84% (520/619)
2021-06-11T16:06:45.9358585Z Receiving objects:  85% (527/619)
2021-06-11T16:06:45.9359021Z Receiving objects:  86% (533/619)
2021-06-11T16:06:45.9359446Z Receiving objects:  87% (539/619)
2021-06-11T16:06:45.9359887Z Receiving objects:  88% (545/619)
2021-06-11T16:06:45.9360317Z Receiving objects:  89% (551/619)
2021-06-11T16:06:45.9360755Z Receiving objects:  90% (558/619)
2021-06-11T16:06:45.9361183Z Receiving objects:  91% (564/619)
2021-06-11T16:06:45.9361629Z Receiving objects:  92% (570/619)
2021-06-11T16:06:45.9362057Z Receiving objects:  93% (576/619)
2021-06-11T16:06:45.9362499Z Receiving objects:  94% (582/619)
2021-06-11T16:06:45.9362927Z Receiving objects:  95% (589/619)
2021-06-11T16:06:45.9363375Z Receiving objects:  96% (595/619)
2021-06-11T16:06:45.9363815Z Receiving objects:  97% (601/619)
2021-06-11T16:06:45.9364242Z Receiving objects:  98% (607/619)
2021-06-11T16:06:45.9364686Z Receiving objects:  99% (613/619)
2021-06-11T16:06:45.9365122Z Receiving objects: 100% (619/619)
2021-06-11T16:06:45.9365622Z Receiving objects: 100% (619/619), 178.90 KiB | 2.35 MiB/s, done.
2021-06-11T16:06:45.9366105Z Resolving deltas:   0% (0/322)
2021-06-11T16:06:45.9366583Z Resolving deltas:   1% (4/322)
2021-06-11T16:06:45.9367049Z Resolving deltas:   2% (7/322)
2021-06-11T16:06:45.9367544Z Resolving deltas:   3% (10/322)
2021-06-11T16:06:45.9367964Z Resolving deltas:   4% (13/322)
2021-06-11T16:06:45.9368394Z Resolving deltas:   5% (17/322)
2021-06-11T16:06:45.9368828Z Resolving deltas:   6% (20/322)
2021-06-11T16:06:45.9369243Z Resolving deltas:   7% (23/322)
2021-06-11T16:06:45.9369671Z Resolving deltas:   8% (26/322)
2021-06-11T16:06:45.9370081Z Resolving deltas:   9% (29/322)
2021-06-11T16:06:45.9370577Z Resolving deltas:  10% (33/322)
2021-06-11T16:06:45.9370995Z Resolving deltas:  11% (36/322)
2021-06-11T16:06:45.9371419Z Resolving deltas:  12% (39/322)
2021-06-11T16:06:45.9371835Z Resolving deltas:  13% (42/322)
2021-06-11T16:06:45.9372260Z Resolving deltas:  14% (46/322)
2021-06-11T16:06:45.9372675Z Resolving deltas:  15% (49/322)
2021-06-11T16:06:45.9373101Z Resolving deltas:  16% (52/322)
2021-06-11T16:06:45.9373511Z Resolving deltas:  17% (55/322)
2021-06-11T16:06:45.9373941Z Resolving deltas:  18% (58/322)
2021-06-11T16:06:45.9374366Z Resolving deltas:  19% (62/322)
2021-06-11T16:06:45.9374778Z Resolving deltas:  20% (65/322)
2021-06-11T16:06:45.9375205Z Resolving deltas:  21% (68/322)
2021-06-11T16:06:45.9375620Z Resolving deltas:  22% (71/322)
2021-06-11T16:06:45.9376047Z Resolving deltas:  23% (75/322)
2021-06-11T16:06:45.9376462Z Resolving deltas:  24% (78/322)
2021-06-11T16:06:45.9376886Z Resolving deltas:  25% (81/322)
2021-06-11T16:06:45.9377305Z Resolving deltas:  26% (84/322)
2021-06-11T16:06:45.9377735Z Resolving deltas:  27% (87/322)
2021-06-11T16:06:45.9378150Z Resolving deltas:  28% (91/322)
2021-06-11T16:06:45.9378576Z Resolving deltas:  29% (94/322)
2021-06-11T16:06:45.9379003Z Resolving deltas:  30% (97/322)
2021-06-11T16:06:45.9379418Z Resolving deltas:  31% (100/322)
2021-06-11T16:06:45.9379850Z Resolving deltas:  32% (104/322)
2021-06-11T16:06:45.9380269Z Resolving deltas:  33% (107/322)
2021-06-11T16:06:45.9380698Z Resolving deltas:  34% (110/322)
2021-06-11T16:06:45.9381114Z Resolving deltas:  35% (113/322)
2021-06-11T16:06:45.9381540Z Resolving deltas:  36% (116/322)
2021-06-11T16:06:45.9382112Z Resolving deltas:  37% (120/322)
2021-06-11T16:06:45.9382541Z Resolving deltas:  38% (123/322)
2021-06-11T16:06:45.9383068Z Resolving deltas:  39% (126/322)
2021-06-11T16:06:45.9383505Z Resolving deltas:  40% (129/322)
2021-06-11T16:06:45.9383921Z Resolving deltas:  41% (133/322)
2021-06-11T16:06:45.9384354Z Resolving deltas:  42% (136/322)
2021-06-11T16:06:45.9384784Z Resolving deltas:  43% (139/322)
2021-06-11T16:06:45.9385207Z Resolving deltas:  44% (142/322)
2021-06-11T16:06:45.9385637Z Resolving deltas:  45% (145/322)
2021-06-11T16:06:45.9386052Z Resolving deltas:  46% (149/322)
2021-06-11T16:06:45.9386481Z Resolving deltas:  47% (152/322)
2021-06-11T16:06:45.9386902Z Resolving deltas:  48% (155/322)
2021-06-11T16:06:45.9387333Z Resolving deltas:  49% (158/322)
2021-06-11T16:06:45.9387750Z Resolving deltas:  50% (161/322)
2021-06-11T16:06:45.9388177Z Resolving deltas:  51% (165/322)
2021-06-11T16:06:45.9388594Z Resolving deltas:  52% (168/322)
2021-06-11T16:06:45.9389026Z Resolving deltas:  53% (171/322)
2021-06-11T16:06:45.9389444Z Resolving deltas:  54% (174/322)
2021-06-11T16:06:45.9389877Z Resolving deltas:  55% (178/322)
2021-06-11T16:06:45.9390316Z Resolving deltas:  56% (181/322)
2021-06-11T16:06:45.9390736Z Resolving deltas:  57% (184/322)
2021-06-11T16:06:45.9391992Z Resolving deltas:  58% (187/322)
2021-06-11T16:06:45.9392417Z Resolving deltas:  59% (190/322)
2021-06-11T16:06:45.9392853Z Resolving deltas:  60% (194/322)
2021-06-11T16:06:45.9393280Z Resolving deltas:  61% (197/322)
2021-06-11T16:06:45.9393705Z Resolving deltas:  62% (200/322)
2021-06-11T16:06:45.9394119Z Resolving deltas:  63% (203/322)
2021-06-11T16:06:45.9394550Z Resolving deltas:  64% (207/322)
2021-06-11T16:06:45.9394970Z Resolving deltas:  65% (210/322)
2021-06-11T16:06:45.9395398Z Resolving deltas:  66% (213/322)
2021-06-11T16:06:45.9395828Z Resolving deltas:  67% (216/322)
2021-06-11T16:06:45.9396242Z Resolving deltas:  68% (219/322)
2021-06-11T16:06:45.9396667Z Resolving deltas:  69% (223/322)
2021-06-11T16:06:45.9397085Z Resolving deltas:  70% (226/322)
2021-06-11T16:06:45.9397515Z Resolving deltas:  71% (229/322)
2021-06-11T16:06:45.9397933Z Resolving deltas:  72% (232/322)
2021-06-11T16:06:45.9398362Z Resolving deltas:  73% (236/322)
2021-06-11T16:06:45.9398778Z Resolving deltas:  74% (239/322)
2021-06-11T16:06:45.9399207Z Resolving deltas:  75% (242/322)
2021-06-11T16:06:45.9399619Z Resolving deltas:  76% (245/322)
2021-06-11T16:06:45.9400134Z Resolving deltas:  77% (248/322)
2021-06-11T16:06:45.9400550Z Resolving deltas:  78% (252/322)
2021-06-11T16:06:45.9400981Z Resolving deltas:  79% (255/322)
2021-06-11T16:06:45.9401411Z Resolving deltas:  80% (258/322)
2021-06-11T16:06:45.9401830Z Resolving deltas:  81% (261/322)
2021-06-11T16:06:45.9402258Z Resolving deltas:  82% (265/322)
2021-06-11T16:06:45.9402675Z Resolving deltas:  83% (268/322)
2021-06-11T16:06:45.9403106Z Resolving deltas:  84% (271/322)
2021-06-11T16:06:45.9403522Z Resolving deltas:  85% (274/322)
2021-06-11T16:06:45.9403953Z Resolving deltas:  86% (277/322)
2021-06-11T16:06:45.9404374Z Resolving deltas:  87% (281/322)
2021-06-11T16:06:45.9404811Z Resolving deltas:  88% (284/322)
2021-06-11T16:06:45.9405239Z Resolving deltas:  89% (287/322)
2021-06-11T16:06:45.9405674Z Resolving deltas:  90% (290/322)
2021-06-11T16:06:45.9406089Z Resolving deltas:  91% (294/322)
2021-06-11T16:06:45.9406520Z Resolving deltas:  92% (297/322)
2021-06-11T16:06:45.9406959Z Resolving deltas:  93% (300/322)
2021-06-11T16:06:45.9407375Z Resolving deltas:  94% (303/322)
2021-06-11T16:06:45.9407807Z Resolving deltas:  95% (306/322)
2021-06-11T16:06:45.9408226Z Resolving deltas:  96% (310/322)
2021-06-11T16:06:45.9408656Z Resolving deltas:  97% (313/322)
2021-06-11T16:06:45.9409261Z Resolving deltas:  98% (316/322)
2021-06-11T16:06:45.9409776Z Resolving deltas:  99% (319/322)
2021-06-11T16:06:45.9410201Z Resolving deltas: 100% (322/322)
2021-06-11T16:06:45.9410657Z Resolving deltas: 100% (322/322), done.
2021-06-11T16:06:45.9411200Z From https://github.com/con/tinuous
2021-06-11T16:06:45.9412423Z  * [new branch]      docfix01       -> origin/docfix01
2021-06-11T16:06:45.9413214Z  * [new branch]      gh-55          -> origin/gh-55
2021-06-11T16:06:45.9413862Z  * [new branch]      gh-93          -> origin/gh-93
2021-06-11T16:06:45.9414496Z  * [new branch]      gh-94          -> origin/gh-94
2021-06-11T16:06:45.9415147Z  * [new branch]      master         -> origin/master
2021-06-11T16:06:45.9415940Z  * [new branch]      optional-types -> origin/optional-types
2021-06-11T16:06:45.9416746Z  * [new branch]      redo-state     -> origin/redo-state
2021-06-11T16:06:45.9417545Z  * [new branch]      rename-config  -> origin/rename-config
2021-06-11T16:06:45.9418367Z  * [new branch]      test-appveyor  -> origin/test-appveyor
2021-06-11T16:06:45.9419043Z  * [new tag]         0.1.0          -> 0.1.0
2021-06-11T16:06:45.9419561Z  * [new tag]         0.2.0          -> 0.2.0
2021-06-11T16:06:45.9420272Z [command]/usr/bin/git branch --list --remote origin/rename-config
2021-06-11T16:06:45.9436586Z   origin/rename-config
2021-06-11T16:06:45.9437406Z [command]/usr/bin/git rev-parse refs/remotes/origin/rename-config
2021-06-11T16:06:45.9438153Z 20eee91d4f3e2d39a6e7104c26596683744a8014
2021-06-11T16:06:45.9438825Z ##[endgroup]
2021-06-11T16:06:45.9439303Z ##[group]Determining the checkout info
2021-06-11T16:06:45.9439767Z ##[endgroup]
2021-06-11T16:06:45.9440188Z ##[group]Checking out the ref
2021-06-11T16:06:45.9441140Z [command]/usr/bin/git checkout --progress --force -B rename-config refs/remotes/origin/rename-config
2021-06-11T16:06:45.9442076Z Switched to a new branch 'rename-config'
2021-06-11T16:06:45.9442964Z Branch 'rename-config' set up to track remote branch 'rename-config' from 'origin'.
2021-06-11T16:06:45.9443596Z ##[endgroup]
2021-06-11T16:06:45.9457069Z [command]/usr/bin/git log -1 --format='%H'
2021-06-11T16:06:45.9486500Z '20eee91d4f3e2d39a6e7104c26596683744a8014'
2021-06-11T16:06:45.9637445Z ##[group]Run actions/setup-python@v2
2021-06-11T16:06:45.9637891Z with:
2021-06-11T16:06:45.9638275Z   python-version: 3.8
2021-06-11T16:06:45.9639068Z   token: ***
2021-06-11T16:06:45.9639414Z ##[endgroup]
2021-06-11T16:06:46.0199295Z Successfully setup CPython (3.8.10)
2021-06-11T16:06:46.0273583Z ##[group]Run python -m pip install --upgrade pip wheel
2021-06-11T16:06:46.0274374Z [36;1mpython -m pip install --upgrade pip wheel[0m
2021-06-11T16:06:46.0275089Z [36;1mpython -m pip install --upgrade --upgrade-strategy=eager tox[0m
2021-06-11T16:06:46.0316913Z shell: /usr/bin/bash -e {0}
2021-06-11T16:06:46.0317334Z env:
2021-06-11T16:06:46.0318039Z   pythonLocation: /opt/hostedtoolcache/Python/3.8.10/x64
2021-06-11T16:06:46.0318773Z   LD_LIBRARY_PATH: /opt/hostedtoolcache/Python/3.8.10/x64/lib
2021-06-11T16:06:46.0319387Z ##[endgroup]
2021-06-11T16:06:46.5219276Z Requirement already satisfied: pip in /opt/hostedtoolcache/Python/3.8.10/x64/lib/python3.8/site-packages (21.1.2)
2021-06-11T16:06:46.7159401Z Collecting wheel
2021-06-11T16:06:46.7592355Z   Downloading wheel-0.36.2-py2.py3-none-any.whl (35 kB)
2021-06-11T16:06:46.8167149Z Installing collected packages: wheel
2021-06-11T16:06:46.8483702Z Successfully installed wheel-0.36.2
2021-06-11T16:06:47.4939894Z Collecting tox
2021-06-11T16:06:47.5405850Z   Downloading tox-3.23.1-py2.py3-none-any.whl (85 kB)
2021-06-11T16:06:47.7921019Z Collecting virtualenv!=20.0.0,!=20.0.1,!=20.0.2,!=20.0.3,!=20.0.4,!=20.0.5,!=20.0.6,!=20.0.7,>=16.0.0
2021-06-11T16:06:47.8018555Z   Downloading virtualenv-20.4.7-py2.py3-none-any.whl (7.2 MB)
2021-06-11T16:06:48.2256729Z Collecting py>=1.4.17
2021-06-11T16:06:48.2372532Z   Downloading py-1.10.0-py2.py3-none-any.whl (97 kB)
2021-06-11T16:06:48.2725616Z Collecting six>=1.14.0
2021-06-11T16:06:48.2840830Z   Downloading six-1.16.0-py2.py3-none-any.whl (11 kB)
2021-06-11T16:06:48.3189191Z Collecting pluggy>=0.12.0
2021-06-11T16:06:48.3334429Z   Downloading pluggy-0.13.1-py2.py3-none-any.whl (18 kB)
2021-06-11T16:06:48.3842357Z Collecting packaging>=14
2021-06-11T16:06:48.3958272Z   Downloading packaging-20.9-py2.py3-none-any.whl (40 kB)
2021-06-11T16:06:48.4235216Z Collecting toml>=0.9.4
2021-06-11T16:06:48.4407244Z   Downloading toml-0.10.2-py2.py3-none-any.whl (16 kB)
2021-06-11T16:06:48.4753081Z Collecting filelock>=3.0.0
2021-06-11T16:06:48.4929185Z   Downloading filelock-3.0.12-py3-none-any.whl (7.6 kB)
2021-06-11T16:06:48.5666774Z Collecting pyparsing>=2.0.2
2021-06-11T16:06:48.5899960Z   Downloading pyparsing-2.4.7-py2.py3-none-any.whl (67 kB)
2021-06-11T16:06:48.6590382Z Collecting appdirs<2,>=1.4.3
2021-06-11T16:06:48.6704179Z   Downloading appdirs-1.4.4-py2.py3-none-any.whl (9.6 kB)
2021-06-11T16:06:48.7067655Z Collecting distlib<1,>=0.3.1
2021-06-11T16:06:48.7190043Z   Downloading distlib-0.3.2-py2.py3-none-any.whl (338 kB)
2021-06-11T16:06:48.8207954Z Installing collected packages: six, pyparsing, filelock, distlib, appdirs, virtualenv, toml, py, pluggy, packaging, tox
2021-06-11T16:06:49.3345546Z Successfully installed appdirs-1.4.4 distlib-0.3.2 filelock-3.0.12 packaging-20.9 pluggy-0.13.1 py-1.10.0 pyparsing-2.4.7 six-1.16.0 toml-0.10.2 tox-3.23.1 virtualenv-20.4.7
2021-06-11T16:06:49.4120269Z ##[group]Run tox -e py -- --cov-report=xml
2021-06-11T16:06:49.4120864Z [36;1mtox -e py -- --cov-report=xml[0m
2021-06-11T16:06:49.4159252Z shell: /usr/bin/bash -e {0}
2021-06-11T16:06:49.4159627Z env:
2021-06-11T16:06:49.4160158Z   pythonLocation: /opt/hostedtoolcache/Python/3.8.10/x64
2021-06-11T16:06:49.4160868Z   LD_LIBRARY_PATH: /opt/hostedtoolcache/Python/3.8.10/x64/lib
2021-06-11T16:06:49.4161392Z ##[endgroup]
2021-06-11T16:06:49.6072903Z .package create: /home/runner/work/tinuous/tinuous/.tox/.package
2021-06-11T16:06:50.1657465Z .package installdeps: setuptools >= 46.4.0, wheel ~= 0.32
2021-06-11T16:06:53.5722361Z py create: /home/runner/work/tinuous/tinuous/.tox/py
2021-06-11T16:06:53.8089497Z py installdeps: pytest~=6.0, pytest-cov~=2.0, pytest-mock~=3.0
2021-06-11T16:06:57.0138800Z py inst: /home/runner/work/tinuous/tinuous/.tox/.tmp/package/1/tinuous-0.2.0+57.g20eee91.tar.gz
2021-06-11T16:07:06.7636579Z py installed: attrs==21.2.0,certifi==2021.5.30,cffi==1.14.5,chardet==4.0.0,click==8.0.1,click-loglevel==0.4.0.post1,coverage==5.5,Deprecated==1.2.12,idna==2.10,in-place==0.5.0,iniconfig==1.1.1,packaging==20.9,pluggy==0.13.1,py==1.10.0,pycparser==2.20,pydantic==1.8.2,PyGithub==1.55,PyJWT==2.1.0,PyNaCl==1.4.0,pyparsing==2.4.7,pytest==6.2.4,pytest-cov==2.12.1,pytest-mock==3.6.1,python-dateutil==2.8.1,python-dotenv==0.17.1,PyYAML==5.4.1,requests==2.25.1,six==1.16.0,tinuous @ file:///home/runner/work/tinuous/tinuous/.tox/.tmp/package/1/tinuous-0.2.0%2B57.g20eee91.tar.gz,toml==0.10.2,typing-extensions==3.10.0.0,urllib3==1.26.5,wrapt==1.12.1
2021-06-11T16:07:06.7644382Z py run-test-pre: PYTHONHASHSEED='1387626441'
2021-06-11T16:07:06.7651140Z py run-test: commands[0] | tinuous --help
2021-06-11T16:07:07.0304613Z Usage: tinuous [OPTIONS] COMMAND [ARGS]...
2021-06-11T16:07:07.0305108Z 
2021-06-11T16:07:07.0305690Z   Download build logs from GitHub Actions, Travis, and Appveyor
2021-06-11T16:07:07.0306161Z 
2021-06-11T16:07:07.0306504Z Options:
2021-06-11T16:07:07.0307678Z   -V, --version                   Show the version and exit.
2021-06-11T16:07:07.0308585Z   -c, --config FILE               Read configuration from the given file
2021-06-11T16:07:07.0309299Z                                   [default: tinuous.yaml]
2021-06-11T16:07:07.0310172Z   -E, --env FILE                  Load environment variables from given .env
2021-06-11T16:07:07.0310991Z                                   file
2021-06-11T16:07:07.0311770Z   -l, --log-level [NOTSET|DEBUG|INFO|WARNING|ERROR|CRITICAL]
2021-06-11T16:07:07.0312459Z                                   Set logging level  [default: 20]
2021-06-11T16:07:07.0313232Z   --help                          Show this message and exit.
2021-06-11T16:07:07.0313607Z 
2021-06-11T16:07:07.0313946Z Commands:
2021-06-11T16:07:07.0314378Z   fetch     Download logs
2021-06-11T16:07:07.0314893Z   sanitize  Sanitize secrets in logs
2021-06-11T16:07:07.0622134Z py run-test: commands[1] | pytest --cov-report=xml test
2021-06-11T16:07:08.0781961Z ============================= test session starts ==============================
2021-06-11T16:07:08.0785457Z platform linux -- Python 3.8.10, pytest-6.2.4, py-1.10.0, pluggy-0.13.1
2021-06-11T16:07:08.0786361Z cachedir: .tox/py/.pytest_cache
2021-06-11T16:07:08.0787160Z rootdir: /home/runner/work/tinuous/tinuous, configfile: tox.ini
2021-06-11T16:07:08.0788030Z plugins: cov-2.12.1, mock-3.6.1
2021-06-11T16:07:08.0788618Z collected 30 items
2021-06-11T16:07:08.0789025Z 
2021-06-11T16:07:08.0911856Z test/test_config.py ........                                             [ 26%]
2021-06-11T16:07:08.2752556Z test/test_util.py ......................                                 [100%]
2021-06-11T16:07:08.2752922Z 
2021-06-11T16:07:08.2754048Z ---------- coverage: platform linux, python 3.8.10-final-0 -----------
2021-06-11T16:07:08.2754704Z Coverage XML written to file coverage.xml
2021-06-11T16:07:08.2755051Z 
2021-06-11T16:07:08.2755249Z 
2021-06-11T16:07:08.2755848Z ============================== 30 passed in 0.65s ==============================
2021-06-11T16:07:08.3300015Z ___________________________________ summary ____________________________________
2021-06-11T16:07:08.3300574Z   py: commands succeeded
2021-06-11T16:07:08.3301023Z   congratulations :)
2021-06-11T16:07:08.3630356Z ##[group]Run codecov/codecov-action@v1
2021-06-11T16:07:08.3630976Z with:
2021-06-11T16:07:08.3631351Z   fail_ci_if_error: false
2021-06-11T16:07:08.3631720Z env:
2021-06-11T16:07:08.3632221Z   pythonLocation: /opt/hostedtoolcache/Python/3.8.10/x64
2021-06-11T16:07:08.3632928Z   LD_LIBRARY_PATH: /opt/hostedtoolcache/Python/3.8.10/x64/lib
2021-06-11T16:07:08.3633442Z ##[endgroup]
2021-06-11T16:07:08.4184880Z [command]/usr/bin/bash codecov.sh -n  -F  -Q github-action-v1.5.2
2021-06-11T16:07:08.4255217Z 
2021-06-11T16:07:08.4255974Z   _____          _
2021-06-11T16:07:08.4256392Z  / ____|        | |
2021-06-11T16:07:08.4257213Z | |     ___   __| | ___  ___ _____   __
2021-06-11T16:07:08.4257641Z | |    / _ \ / _` |/ _ \/ __/ _ \ \ / /
2021-06-11T16:07:08.4257975Z | |___| (_) | (_| |  __/ (_| (_) \ V /
2021-06-11T16:07:08.4258351Z  \_____\___/ \__,_|\___|\___\___/ \_/
2021-06-11T16:07:08.4259305Z                               Bash-1.0.3
2021-06-11T16:07:08.4259573Z 
2021-06-11T16:07:08.4259912Z 
2021-06-11T16:07:08.4283233Z [0;36m==>[0m git version 2.31.1 found
2021-06-11T16:07:08.4402681Z [0;36m==>[0m curl 7.68.0 (x86_64-pc-linux-gnu) libcurl/7.68.0 OpenSSL/1.1.1f zlib/1.2.11 brotli/1.0.7 libidn2/2.2.0 libpsl/0.21.0 (+libidn2/2.2.0) libssh/0.9.3/openssl/zlib nghttp2/1.40.0 librtmp/2.3
2021-06-11T16:07:08.4403936Z Release-Date: 2020-01-08
2021-06-11T16:07:08.4405275Z Protocols: dict file ftp ftps gopher http https imap imaps ldap ldaps pop3 pop3s rtmp rtsp scp sftp smb smbs smtp smtps telnet tftp 
2021-06-11T16:07:08.4406740Z Features: AsynchDNS brotli GSS-API HTTP2 HTTPS-proxy IDN IPv6 Kerberos Largefile libz NTLM NTLM_WB PSL SPNEGO SSL TLS-SRP UnixSockets
2021-06-11T16:07:08.4407735Z [0;90m==>[0m GitHub Actions detected.
2021-06-11T16:07:08.4408171Z     Env vars used:
2021-06-11T16:07:08.4408677Z       -> GITHUB_ACTIONS:    true
2021-06-11T16:07:08.4409209Z       -> GITHUB_HEAD_REF:   
2021-06-11T16:07:08.4409824Z       -> GITHUB_REF:        refs/heads/rename-config
2021-06-11T16:07:08.4410504Z       -> GITHUB_REPOSITORY: con/tinuous
2021-06-11T16:07:08.4414338Z       -> GITHUB_RUN_ID:     929141950
2021-06-11T16:07:08.4415164Z       -> GITHUB_SHA:        20eee91d4f3e2d39a6e7104c26596683744a8014
2021-06-11T16:07:08.4415915Z       -> GITHUB_WORKFLOW:   Test
2021-06-11T16:07:08.4575183Z     [0;90mproject root:[0m .
2021-06-11T16:07:08.4644737Z     [0;90mYaml found at:[0m codecov.yml
2021-06-11T16:07:08.5041651Z [0;90m==>[0m Running gcov in . [0;90m(disable via -X gcov)[0m
2021-06-11T16:07:08.5180935Z [0;90m==>[0m Searching for coverage reports in:
2021-06-11T16:07:08.5182292Z     [0;32m+[0m .
2021-06-11T16:07:08.5253823Z     [0;90m->[0m Found 1 reports
2021-06-11T16:07:08.5254880Z [0;90m==>[0m Detecting git/mercurial file structure
2021-06-11T16:07:08.5330672Z [0;90m==>[0m Reading reports
2021-06-11T16:07:08.5397009Z     [0;32m+[0m ./coverage.xml [0;90mbytes=39126[0m
2021-06-11T16:07:08.5425940Z [0;90m==>[0m Appending adjustments
2021-06-11T16:07:08.5426886Z     [0;36mhttps://docs.codecov.io/docs/fixing-reports[0m
2021-06-11T16:07:08.5522944Z     [0;90m->[0m No adjustments found
2021-06-11T16:07:08.5523643Z [0;90m==>[0m Gzipping contents
2021-06-11T16:07:08.5573095Z         4.0K	/tmp/codecov.PUtMQe.gz
2021-06-11T16:07:08.5595288Z [0;90m==>[0m Uploading reports
2021-06-11T16:07:08.5595998Z     [0;90murl:[0m https://codecov.io
2021-06-11T16:07:08.5597692Z     [0;90mquery:[0m branch=rename-config&commit=20eee91d4f3e2d39a6e7104c26596683744a8014&build=929141950&build_url=http%3A%2F%2Fgithub.com%2Fcon%2Ftinuous%2Factions%2Fruns%2F929141950&name=&tag=&slug=con%2Ftinuous&service=github-actions&flags=&pr=&job=Test&cmd_args=n,F,Q
2021-06-11T16:07:08.5632465Z [0;90m->[0m  Pinging Codecov
2021-06-11T16:07:08.5634912Z https://codecov.io/upload/v4?package=github-action-v1.5.2-1.0.3&token=secret&branch=rename-config&commit=20eee91d4f3e2d39a6e7104c26596683744a8014&build=929141950&build_url=http%3A%2F%2Fgithub.com%2Fcon%2Ftinuous%2Factions%2Fruns%2F929141950&name=&tag=&slug=con%2Ftinuous&service=github-actions&flags=&pr=&job=Test&cmd_args=n,F,Q
2021-06-11T16:07:09.0959130Z [0;90m->[0m  Uploading to
2021-06-11T16:07:09.0963645Z https://storage.googleapis.com/codecov/v4/raw/2021-06-11/0010CBA6D851417C00BB0BC3FC5895F9/20eee91d4f3e2d39a6e7104c26596683744a8014/d3fcaec4-1f86-4f98-abe0-f11e3054df74.txt?X-Amz-Algorithm=AWS4-HMAC-SHA256&X-Amz-Credential=GOOG1EKKHVKCKHW7KBCGM7IHR55T63V2PAVJWLVFNITJHDU5G6R5IRN3LMWJA%2F20210611%2FUS%2Fs3%2Faws4_request&X-Amz-Date=20210611T160709Z&X-Amz-Expires=10&X-Amz-SignedHeaders=host&X-Amz-Signature=4b53bf5eeac03877608dd02d2292a9166df69948b79b661171f543cef9201beb
2021-06-11T16:07:09.1046868Z   % Total    % Received % Xferd  Average Speed   Time    Time     Time  Current
2021-06-11T16:07:09.1047951Z                                  Dload  Upload   Total   Spent    Left  Speed
2021-06-11T16:07:09.1048490Z 
2021-06-11T16:07:09.2539136Z   0     0    0     0    0     0      0      0 --:--:-- --:--:-- --:--:--     0
2021-06-11T16:07:09.2540020Z 100  3344    0     0  100  3344      0  22442 --:--:-- --:--:-- --:--:-- 22442
2021-06-11T16:07:09.2593882Z     [0;32m->[0m Reports have been successfully queued for processing at [0;36mhttps://codecov.io/github/con/tinuous/commit/20eee91d4f3e2d39a6e7104c26596683744a8014[0m
2021-06-11T16:07:09.2724935Z Post job cleanup.
2021-06-11T16:07:09.3758312Z [command]/usr/bin/git version
2021-06-11T16:07:09.3800049Z git version 2.31.1
2021-06-11T16:07:09.3831300Z [command]/usr/bin/git config --local --name-only --get-regexp core\.sshCommand
2021-06-11T16:07:09.3863859Z [command]/usr/bin/git submodule foreach --recursive git config --local --name-only --get-regexp 'core\.sshCommand' && git config --local --unset-all 'core.sshCommand' || :
2021-06-11T16:07:09.4078657Z [command]/usr/bin/git config --local --name-only --get-regexp http\.https\:\/\/github\.com\/\.extraheader
2021-06-11T16:07:09.4112045Z http.https://github.com/.extraheader
2021-06-11T16:07:09.4113870Z [command]/usr/bin/git config --local --unset-all http.https://github.com/.extraheader
2021-06-11T16:07:09.4141647Z [command]/usr/bin/git submodule foreach --recursive git config --local --name-only --get-regexp 'http\.https\:\/\/github\.com\/\.extraheader' && git config --local --unset-all 'http.https://github.com/.extraheader' || :
2021-06-11T16:07:09.4411714Z Cleaning up orphan processes
