2023-04-27T15:59:20.5738331Z Requested labels: ubuntu-latest
2023-04-27T15:59:20.5738628Z Job defined at: con/tinuous/.github/workflows/test.yml@refs/heads/enh-codespell
2023-04-27T15:59:20.5738766Z Waiting for a runner to pick up this job...
2023-04-27T15:59:20.9510601Z Job is waiting for a hosted runner to come online.
2023-04-27T15:59:24.1599987Z Job is about to start running on the hosted runner: GitHub Actions 5 (hosted)
2023-04-27T15:59:27.3091694Z Current runner version: '2.303.0'
2023-04-27T15:59:27.3126178Z ##[group]Operating System
2023-04-27T15:59:27.3126810Z Ubuntu
2023-04-27T15:59:27.3127234Z 22.04.2
2023-04-27T15:59:27.3127494Z LTS
2023-04-27T15:59:27.3127830Z ##[endgroup]
2023-04-27T15:59:27.3128171Z ##[group]Runner Image
2023-04-27T15:59:27.3128502Z Image: ubuntu-22.04
2023-04-27T15:59:27.3128900Z Version: 20230426.1
2023-04-27T15:59:27.3129460Z Included Software: https://github.com/actions/runner-images/blob/ubuntu22/20230426.1/images/linux/Ubuntu2204-Readme.md
2023-04-27T15:59:27.3130091Z Image Release: https://github.com/actions/runner-images/releases/tag/ubuntu22%2F20230426.1
2023-04-27T15:59:27.3130565Z ##[endgroup]
2023-04-27T15:59:27.3130931Z ##[group]Runner Image Provisioner
2023-04-27T15:59:27.3131364Z 2.0.161.1
2023-04-27T15:59:27.3131630Z ##[endgroup]
2023-04-27T15:59:27.3132654Z ##[group]GITHUB_TOKEN Permissions
2023-04-27T15:59:27.3133325Z Actions: write
2023-04-27T15:59:27.3133785Z Checks: write
2023-04-27T15:59:27.3134336Z Contents: write
2023-04-27T15:59:27.3134975Z Deployments: write
2023-04-27T15:59:27.3135280Z Discussions: write
2023-04-27T15:59:27.3135612Z Issues: write
2023-04-27T15:59:27.3135932Z Metadata: read
2023-04-27T15:59:27.3136214Z Packages: write
2023-04-27T15:59:27.3136595Z Pages: write
2023-04-27T15:59:27.3136935Z PullRequests: write
2023-04-27T15:59:27.3137252Z RepositoryProjects: write
2023-04-27T15:59:27.3137626Z SecurityEvents: write
2023-04-27T15:59:27.3137978Z Statuses: write
2023-04-27T15:59:27.3138304Z ##[endgroup]
2023-04-27T15:59:27.3142469Z Secret source: Actions
2023-04-27T15:59:27.3143014Z Prepare workflow directory
2023-04-27T15:59:27.4150082Z Prepare all required actions
2023-04-27T15:59:27.4405938Z Getting action download info
2023-04-27T15:59:27.7346872Z Download action repository 'actions/checkout@v3' (SHA:8e5e7e5ab8b370d6c329ec480221332ada57f0ab)
2023-04-27T15:59:28.4322780Z Download action repository 'actions/setup-python@v4' (SHA:57ded4d7d5e986d7296eab16560982c6dd7c923b)
2023-04-27T15:59:29.0122744Z Download action repository 'codecov/codecov-action@v3' (SHA:894ff025c7b54547a9a2a1e9f228beae737ad3c2)
2023-04-27T15:59:29.7852336Z Complete job name: test (3.8, py)
2023-04-27T15:59:29.9227272Z ##[group]Run actions/checkout@v3
2023-04-27T15:59:29.9227746Z with:
2023-04-27T15:59:29.9228021Z   fetch-depth: 0
2023-04-27T15:59:29.9228336Z   repository: con/tinuous
2023-04-27T15:59:29.9228911Z   token: ***
2023-04-27T15:59:29.9229302Z   ssh-strict: true
2023-04-27T15:59:29.9229574Z   persist-credentials: true
2023-04-27T15:59:29.9229895Z   clean: true
2023-04-27T15:59:29.9230195Z   lfs: false
2023-04-27T15:59:29.9230437Z   submodules: false
2023-04-27T15:59:29.9230801Z   set-safe-directory: true
2023-04-27T15:59:29.9231132Z ##[endgroup]
2023-04-27T15:59:30.3041538Z Syncing repository: con/tinuous
2023-04-27T15:59:30.3043470Z ##[group]Getting Git version info
2023-04-27T15:59:30.3044077Z Working directory is '/home/runner/work/tinuous/tinuous'
2023-04-27T15:59:30.3044653Z [command]/usr/bin/git version
2023-04-27T15:59:30.3176624Z git version 2.40.1
2023-04-27T15:59:30.3224691Z ##[endgroup]
2023-04-27T15:59:30.3254686Z Temporarily overriding HOME='/home/runner/work/_temp/ac96692e-b7b5-47e0-b5c6-59a5426fda89' before making global git config changes
2023-04-27T15:59:30.3258081Z Adding repository directory to the temporary git global config as a safe directory
2023-04-27T15:59:30.3258744Z [command]/usr/bin/git config --global --add safe.directory /home/runner/work/tinuous/tinuous
2023-04-27T15:59:30.3325101Z Deleting the contents of '/home/runner/work/tinuous/tinuous'
2023-04-27T15:59:30.3334024Z ##[group]Initializing the repository
2023-04-27T15:59:30.3339261Z [command]/usr/bin/git init /home/runner/work/tinuous/tinuous
2023-04-27T15:59:30.3462650Z hint: Using 'master' as the name for the initial branch. This default branch name
2023-04-27T15:59:30.3463719Z hint: is subject to change. To configure the initial branch name to use in all
2023-04-27T15:59:30.3465012Z hint: of your new repositories, which will suppress this warning, call:
2023-04-27T15:59:30.3465723Z hint: 
2023-04-27T15:59:30.3466225Z hint: 	git config --global init.defaultBranch <name>
2023-04-27T15:59:30.3466522Z hint: 
2023-04-27T15:59:30.3467160Z hint: Names commonly chosen instead of 'master' are 'main', 'trunk' and
2023-04-27T15:59:30.3467931Z hint: 'development'. The just-created branch can be renamed via this command:
2023-04-27T15:59:30.3468259Z hint: 
2023-04-27T15:59:30.3468535Z hint: 	git branch -m <name>
2023-04-27T15:59:30.3501030Z Initialized empty Git repository in /home/runner/work/tinuous/tinuous/.git/
2023-04-27T15:59:30.3550055Z [command]/usr/bin/git remote add origin https://github.com/con/tinuous
2023-04-27T15:59:30.3599074Z ##[endgroup]
2023-04-27T15:59:30.3614546Z ##[group]Disabling automatic garbage collection
2023-04-27T15:59:30.3615069Z [command]/usr/bin/git config --local gc.auto 0
2023-04-27T15:59:30.3647385Z ##[endgroup]
2023-04-27T15:59:30.3647862Z ##[group]Setting up auth
2023-04-27T15:59:30.3658586Z [command]/usr/bin/git config --local --name-only --get-regexp core\.sshCommand
2023-04-27T15:59:30.3736566Z [command]/usr/bin/git submodule foreach --recursive sh -c "git config --local --name-only --get-regexp 'core\.sshCommand' && git config --local --unset-all 'core.sshCommand' || :"
2023-04-27T15:59:30.4319792Z [command]/usr/bin/git config --local --name-only --get-regexp http\.https\:\/\/github\.com\/\.extraheader
2023-04-27T15:59:30.4364999Z [command]/usr/bin/git submodule foreach --recursive sh -c "git config --local --name-only --get-regexp 'http\.https\:\/\/github\.com\/\.extraheader' && git config --local --unset-all 'http.https://github.com/.extraheader' || :"
2023-04-27T15:59:30.4683680Z [command]/usr/bin/git config --local http.https://github.com/.extraheader AUTHORIZATION: basic ***
2023-04-27T15:59:30.4759031Z ##[endgroup]
2023-04-27T15:59:30.4759939Z ##[group]Fetching the repository
2023-04-27T15:59:30.4760993Z [command]/usr/bin/git -c protocol.version=2 fetch --prune --progress --no-recurse-submodules origin +refs/heads/*:refs/remotes/origin/* +refs/tags/*:refs/tags/*
2023-04-27T15:59:31.0508658Z remote: Enumerating objects: 1155, done.        
2023-04-27T15:59:31.0510271Z remote: Counting objects:   0% (1/377)        
2023-04-27T15:59:31.0511416Z remote: Counting objects:   1% (4/377)        
2023-04-27T15:59:31.0511897Z remote: Counting objects:   2% (8/377)        
2023-04-27T15:59:31.0517075Z remote: Counting objects:   3% (12/377)        
2023-04-27T15:59:31.0517705Z remote: Counting objects:   4% (16/377)        
2023-04-27T15:59:31.0518378Z remote: Counting objects:   5% (19/377)        
2023-04-27T15:59:31.0518815Z remote: Counting objects:   6% (23/377)        
2023-04-27T15:59:31.0519096Z remote: Counting objects:   7% (27/377)        
2023-04-27T15:59:31.0519532Z remote: Counting objects:   8% (31/377)        
2023-04-27T15:59:31.0521410Z remote: Counting objects:   9% (34/377)        
2023-04-27T15:59:31.0522568Z remote: Counting objects:  10% (38/377)        
2023-04-27T15:59:31.0523093Z remote: Counting objects:  11% (42/377)        
2023-04-27T15:59:31.0523771Z remote: Counting objects:  12% (46/377)        
2023-04-27T15:59:31.0524535Z remote: Counting objects:  13% (50/377)        
2023-04-27T15:59:31.0526254Z remote: Counting objects:  14% (53/377)        
2023-04-27T15:59:31.0527142Z remote: Counting objects:  15% (57/377)        
2023-04-27T15:59:31.0528063Z remote: Counting objects:  16% (61/377)        
2023-04-27T15:59:31.0530750Z remote: Counting objects:  17% (65/377)        
2023-04-27T15:59:31.0532528Z remote: Counting objects:  18% (68/377)        
2023-04-27T15:59:31.0533100Z remote: Counting objects:  19% (72/377)        
2023-04-27T15:59:31.0533415Z remote: Counting objects:  20% (76/377)        
2023-04-27T15:59:31.0533709Z remote: Counting objects:  21% (80/377)        
2023-04-27T15:59:31.0534039Z remote: Counting objects:  22% (83/377)        
2023-04-27T15:59:31.0534494Z remote: Counting objects:  23% (87/377)        
2023-04-27T15:59:31.0534811Z remote: Counting objects:  24% (91/377)        
2023-04-27T15:59:31.0535673Z remote: Counting objects:  25% (95/377)        
2023-04-27T15:59:31.0537882Z remote: Counting objects:  26% (99/377)        
2023-04-27T15:59:31.0538543Z remote: Counting objects:  27% (102/377)        
2023-04-27T15:59:31.0539644Z remote: Counting objects:  28% (106/377)        
2023-04-27T15:59:31.0540275Z remote: Counting objects:  29% (110/377)        
2023-04-27T15:59:31.0540994Z remote: Counting objects:  30% (114/377)        
2023-04-27T15:59:31.0541518Z remote: Counting objects:  31% (117/377)        
2023-04-27T15:59:31.0542040Z remote: Counting objects:  32% (121/377)        
2023-04-27T15:59:31.0542396Z remote: Counting objects:  33% (125/377)        
2023-04-27T15:59:31.0542679Z remote: Counting objects:  34% (129/377)        
2023-04-27T15:59:31.0543029Z remote: Counting objects:  35% (132/377)        
2023-04-27T15:59:31.0543585Z remote: Counting objects:  36% (136/377)        
2023-04-27T15:59:31.0544140Z remote: Counting objects:  37% (140/377)        
2023-04-27T15:59:31.0544518Z remote: Counting objects:  38% (144/377)        
2023-04-27T15:59:31.0544929Z remote: Counting objects:  39% (148/377)        
2023-04-27T15:59:31.0545319Z remote: Counting objects:  40% (151/377)        
2023-04-27T15:59:31.0545947Z remote: Counting objects:  41% (155/377)        
2023-04-27T15:59:31.0546488Z remote: Counting objects:  42% (159/377)        
2023-04-27T15:59:31.0546889Z remote: Counting objects:  43% (163/377)        
2023-04-27T15:59:31.0547293Z remote: Counting objects:  44% (166/377)        
2023-04-27T15:59:31.0547929Z remote: Counting objects:  45% (170/377)        
2023-04-27T15:59:31.0548234Z remote: Counting objects:  46% (174/377)        
2023-04-27T15:59:31.0548542Z remote: Counting objects:  47% (178/377)        
2023-04-27T15:59:31.0548844Z remote: Counting objects:  48% (181/377)        
2023-04-27T15:59:31.0549698Z remote: Counting objects:  49% (185/377)        
2023-04-27T15:59:31.0550177Z remote: Counting objects:  50% (189/377)        
2023-04-27T15:59:31.0551080Z remote: Counting objects:  51% (193/377)        
2023-04-27T15:59:31.0551845Z remote: Counting objects:  52% (197/377)        
2023-04-27T15:59:31.0552537Z remote: Counting objects:  53% (200/377)        
2023-04-27T15:59:31.0552993Z remote: Counting objects:  54% (204/377)        
2023-04-27T15:59:31.0553641Z remote: Counting objects:  55% (208/377)        
2023-04-27T15:59:31.0554184Z remote: Counting objects:  56% (212/377)        
2023-04-27T15:59:31.0554960Z remote: Counting objects:  57% (215/377)        
2023-04-27T15:59:31.0555614Z remote: Counting objects:  58% (219/377)        
2023-04-27T15:59:31.0556784Z remote: Counting objects:  59% (223/377)        
2023-04-27T15:59:31.0557698Z remote: Counting objects:  60% (227/377)        
2023-04-27T15:59:31.0558816Z remote: Counting objects:  61% (230/377)        
2023-04-27T15:59:31.0559576Z remote: Counting objects:  62% (234/377)        
2023-04-27T15:59:31.0560659Z remote: Counting objects:  63% (238/377)        
2023-04-27T15:59:31.0561397Z remote: Counting objects:  64% (242/377)        
2023-04-27T15:59:31.0562036Z remote: Counting objects:  65% (246/377)        
2023-04-27T15:59:31.0562896Z remote: Counting objects:  66% (249/377)        
2023-04-27T15:59:31.0563345Z remote: Counting objects:  67% (253/377)        
2023-04-27T15:59:31.0563914Z remote: Counting objects:  68% (257/377)        
2023-04-27T15:59:31.0564533Z remote: Counting objects:  69% (261/377)        
2023-04-27T15:59:31.0565288Z remote: Counting objects:  70% (264/377)        
2023-04-27T15:59:31.0566065Z remote: Counting objects:  71% (268/377)        
2023-04-27T15:59:31.0566764Z remote: Counting objects:  72% (272/377)        
2023-04-27T15:59:31.0567437Z remote: Counting objects:  73% (276/377)        
2023-04-27T15:59:31.0568129Z remote: Counting objects:  74% (279/377)        
2023-04-27T15:59:31.0568604Z remote: Counting objects:  75% (283/377)        
2023-04-27T15:59:31.0569708Z remote: Counting objects:  76% (287/377)        
2023-04-27T15:59:31.0570538Z remote: Counting objects:  77% (291/377)        
2023-04-27T15:59:31.0571250Z remote: Counting objects:  78% (295/377)        
2023-04-27T15:59:31.0571670Z remote: Counting objects:  79% (298/377)        
2023-04-27T15:59:31.0572356Z remote: Counting objects:  80% (302/377)        
2023-04-27T15:59:31.0573210Z remote: Counting objects:  81% (306/377)        
2023-04-27T15:59:31.0573853Z remote: Counting objects:  82% (310/377)        
2023-04-27T15:59:31.0574682Z remote: Counting objects:  83% (313/377)        
2023-04-27T15:59:31.0576104Z remote: Counting objects:  84% (317/377)        
2023-04-27T15:59:31.0576525Z remote: Counting objects:  85% (321/377)        
2023-04-27T15:59:31.0578160Z remote: Counting objects:  86% (325/377)        
2023-04-27T15:59:31.0579650Z remote: Counting objects:  87% (328/377)        
2023-04-27T15:59:31.0580451Z remote: Counting objects:  88% (332/377)        
2023-04-27T15:59:31.0581409Z remote: Counting objects:  89% (336/377)        
2023-04-27T15:59:31.0582037Z remote: Counting objects:  90% (340/377)        
2023-04-27T15:59:31.0582787Z remote: Counting objects:  91% (344/377)        
2023-04-27T15:59:31.0583493Z remote: Counting objects:  92% (347/377)        
2023-04-27T15:59:31.0584285Z remote: Counting objects:  93% (351/377)        
2023-04-27T15:59:31.0585580Z remote: Counting objects:  94% (355/377)        
2023-04-27T15:59:31.0586247Z remote: Counting objects:  95% (359/377)        
2023-04-27T15:59:31.0587290Z remote: Counting objects:  96% (362/377)        
2023-04-27T15:59:31.0588126Z remote: Counting objects:  97% (366/377)        
2023-04-27T15:59:31.0588735Z remote: Counting objects:  98% (370/377)        
2023-04-27T15:59:31.0589561Z remote: Counting objects:  99% (374/377)        
2023-04-27T15:59:31.0590819Z remote: Counting objects: 100% (377/377)        
2023-04-27T15:59:31.0592174Z remote: Counting objects: 100% (377/377), done.        
2023-04-27T15:59:31.0593049Z remote: Compressing objects:   0% (1/243)        
2023-04-27T15:59:31.0594130Z remote: Compressing objects:   1% (3/243)        
2023-04-27T15:59:31.0595100Z remote: Compressing objects:   2% (5/243)        
2023-04-27T15:59:31.0602996Z remote: Compressing objects:   3% (8/243)        
2023-04-27T15:59:31.0603882Z remote: Compressing objects:   4% (10/243)        
2023-04-27T15:59:31.0604301Z remote: Compressing objects:   5% (13/243)        
2023-04-27T15:59:31.0604996Z remote: Compressing objects:   6% (15/243)        
2023-04-27T15:59:31.0606950Z remote: Compressing objects:   7% (18/243)        
2023-04-27T15:59:31.0607478Z remote: Compressing objects:   8% (20/243)        
2023-04-27T15:59:31.0607848Z remote: Compressing objects:   9% (22/243)        
2023-04-27T15:59:31.0608409Z remote: Compressing objects:  10% (25/243)        
2023-04-27T15:59:31.0609150Z remote: Compressing objects:  11% (27/243)        
2023-04-27T15:59:31.0610281Z remote: Compressing objects:  12% (30/243)        
2023-04-27T15:59:31.0611304Z remote: Compressing objects:  13% (32/243)        
2023-04-27T15:59:31.0612432Z remote: Compressing objects:  14% (35/243)        
2023-04-27T15:59:31.0613218Z remote: Compressing objects:  15% (37/243)        
2023-04-27T15:59:31.0614108Z remote: Compressing objects:  16% (39/243)        
2023-04-27T15:59:31.0615026Z remote: Compressing objects:  17% (42/243)        
2023-04-27T15:59:31.0616024Z remote: Compressing objects:  18% (44/243)        
2023-04-27T15:59:31.0617343Z remote: Compressing objects:  19% (47/243)        
2023-04-27T15:59:31.0635240Z remote: Compressing objects:  20% (49/243)        
2023-04-27T15:59:31.0636285Z remote: Compressing objects:  21% (52/243)        
2023-04-27T15:59:31.0638080Z remote: Compressing objects:  22% (54/243)        
2023-04-27T15:59:31.0669895Z remote: Compressing objects:  23% (56/243)        
2023-04-27T15:59:31.0671037Z remote: Compressing objects:  24% (59/243)        
2023-04-27T15:59:31.0671665Z remote: Compressing objects:  25% (61/243)        
2023-04-27T15:59:31.0672480Z remote: Compressing objects:  26% (64/243)        
2023-04-27T15:59:31.0673299Z remote: Compressing objects:  27% (66/243)        
2023-04-27T15:59:31.0674655Z remote: Compressing objects:  28% (69/243)        
2023-04-27T15:59:31.0675413Z remote: Compressing objects:  29% (71/243)        
2023-04-27T15:59:31.0675881Z remote: Compressing objects:  30% (73/243)        
2023-04-27T15:59:31.0677049Z remote: Compressing objects:  31% (76/243)        
2023-04-27T15:59:31.0681534Z remote: Compressing objects:  32% (78/243)        
2023-04-27T15:59:31.0682391Z remote: Compressing objects:  33% (81/243)        
2023-04-27T15:59:31.0683343Z remote: Compressing objects:  34% (83/243)        
2023-04-27T15:59:31.0683979Z remote: Compressing objects:  35% (86/243)        
2023-04-27T15:59:31.0684833Z remote: Compressing objects:  36% (88/243)        
2023-04-27T15:59:31.0685469Z remote: Compressing objects:  37% (90/243)        
2023-04-27T15:59:31.0686337Z remote: Compressing objects:  38% (93/243)        
2023-04-27T15:59:31.0686956Z remote: Compressing objects:  39% (95/243)        
2023-04-27T15:59:31.0687828Z remote: Compressing objects:  40% (98/243)        
2023-04-27T15:59:31.0688477Z remote: Compressing objects:  41% (100/243)        
2023-04-27T15:59:31.0689512Z remote: Compressing objects:  42% (103/243)        
2023-04-27T15:59:31.0690134Z remote: Compressing objects:  43% (105/243)        
2023-04-27T15:59:31.0691006Z remote: Compressing objects:  44% (107/243)        
2023-04-27T15:59:31.0691663Z remote: Compressing objects:  45% (110/243)        
2023-04-27T15:59:31.0692546Z remote: Compressing objects:  46% (112/243)        
2023-04-27T15:59:31.0693145Z remote: Compressing objects:  47% (115/243)        
2023-04-27T15:59:31.0694211Z remote: Compressing objects:  48% (117/243)        
2023-04-27T15:59:31.0694840Z remote: Compressing objects:  49% (120/243)        
2023-04-27T15:59:31.0695946Z remote: Compressing objects:  50% (122/243)        
2023-04-27T15:59:31.0696555Z remote: Compressing objects:  51% (124/243)        
2023-04-27T15:59:31.0697491Z remote: Compressing objects:  52% (127/243)        
2023-04-27T15:59:31.0698230Z remote: Compressing objects:  53% (129/243)        
2023-04-27T15:59:31.0699475Z remote: Compressing objects:  54% (132/243)        
2023-04-27T15:59:31.0700208Z remote: Compressing objects:  55% (134/243)        
2023-04-27T15:59:31.0701158Z remote: Compressing objects:  56% (137/243)        
2023-04-27T15:59:31.0701836Z remote: Compressing objects:  57% (139/243)        
2023-04-27T15:59:31.0702744Z remote: Compressing objects:  58% (141/243)        
2023-04-27T15:59:31.0704258Z remote: Compressing objects:  59% (144/243)        
2023-04-27T15:59:31.0704965Z remote: Compressing objects:  60% (146/243)        
2023-04-27T15:59:31.0705879Z remote: Compressing objects:  61% (149/243)        
2023-04-27T15:59:31.0706516Z remote: Compressing objects:  62% (151/243)        
2023-04-27T15:59:31.0707428Z remote: Compressing objects:  63% (154/243)        
2023-04-27T15:59:31.0718300Z remote: Compressing objects:  64% (156/243)        
2023-04-27T15:59:31.0732851Z remote: Compressing objects:  65% (158/243)        
2023-04-27T15:59:31.0734050Z remote: Compressing objects:  66% (161/243)        
2023-04-27T15:59:31.0734605Z remote: Compressing objects:  67% (163/243)        
2023-04-27T15:59:31.0735320Z remote: Compressing objects:  68% (166/243)        
2023-04-27T15:59:31.0736291Z remote: Compressing objects:  69% (168/243)        
2023-04-27T15:59:31.0737284Z remote: Compressing objects:  70% (171/243)        
2023-04-27T15:59:31.0738316Z remote: Compressing objects:  71% (173/243)        
2023-04-27T15:59:31.0739196Z remote: Compressing objects:  72% (175/243)        
2023-04-27T15:59:31.0740031Z remote: Compressing objects:  73% (178/243)        
2023-04-27T15:59:31.0740975Z remote: Compressing objects:  74% (180/243)        
2023-04-27T15:59:31.0741818Z remote: Compressing objects:  75% (183/243)        
2023-04-27T15:59:31.0742747Z remote: Compressing objects:  76% (185/243)        
2023-04-27T15:59:31.0743655Z remote: Compressing objects:  77% (188/243)        
2023-04-27T15:59:31.0744682Z remote: Compressing objects:  78% (190/243)        
2023-04-27T15:59:31.0745899Z remote: Compressing objects:  79% (192/243)        
2023-04-27T15:59:31.0747102Z remote: Compressing objects:  80% (195/243)        
2023-04-27T15:59:31.0777394Z remote: Compressing objects:  81% (197/243)        
2023-04-27T15:59:31.0778189Z remote: Compressing objects:  82% (200/243)        
2023-04-27T15:59:31.0779199Z remote: Compressing objects:  83% (202/243)        
2023-04-27T15:59:31.0781344Z remote: Compressing objects:  84% (205/243)        
2023-04-27T15:59:31.0782269Z remote: Compressing objects:  85% (207/243)        
2023-04-27T15:59:31.0782879Z remote: Compressing objects:  86% (209/243)        
2023-04-27T15:59:31.0784309Z remote: Compressing objects:  87% (212/243)        
2023-04-27T15:59:31.0785328Z remote: Compressing objects:  88% (214/243)        
2023-04-27T15:59:31.0786222Z remote: Compressing objects:  89% (217/243)        
2023-04-27T15:59:31.0787407Z remote: Compressing objects:  90% (219/243)        
2023-04-27T15:59:31.0788351Z remote: Compressing objects:  91% (222/243)        
2023-04-27T15:59:31.0789000Z remote: Compressing objects:  92% (224/243)        
2023-04-27T15:59:31.0790025Z remote: Compressing objects:  93% (226/243)        
2023-04-27T15:59:31.0790789Z remote: Compressing objects:  94% (229/243)        
2023-04-27T15:59:31.0791666Z remote: Compressing objects:  95% (231/243)        
2023-04-27T15:59:31.0792272Z remote: Compressing objects:  96% (234/243)        
2023-04-27T15:59:31.0793743Z remote: Compressing objects:  97% (236/243)        
2023-04-27T15:59:31.0808693Z remote: Compressing objects:  98% (239/243)        
2023-04-27T15:59:31.0810191Z remote: Compressing objects:  99% (241/243)        
2023-04-27T15:59:31.0810891Z remote: Compressing objects: 100% (243/243)        
2023-04-27T15:59:31.0812283Z remote: Compressing objects: 100% (243/243), done.        
2023-04-27T15:59:31.0827973Z Receiving objects:   0% (1/1155)
2023-04-27T15:59:31.0829729Z Receiving objects:   1% (12/1155)
2023-04-27T15:59:31.0830784Z Receiving objects:   2% (24/1155)
2023-04-27T15:59:31.0832494Z Receiving objects:   3% (35/1155)
2023-04-27T15:59:31.0834631Z Receiving objects:   4% (47/1155)
2023-04-27T15:59:31.0876571Z Receiving objects:   5% (58/1155)
2023-04-27T15:59:31.0876887Z Receiving objects:   6% (70/1155)
2023-04-27T15:59:31.0967266Z Receiving objects:   7% (81/1155)
2023-04-27T15:59:31.0969277Z Receiving objects:   8% (93/1155)
2023-04-27T15:59:31.0978459Z Receiving objects:   9% (104/1155)
2023-04-27T15:59:31.0979528Z Receiving objects:  10% (116/1155)
2023-04-27T15:59:31.0980205Z Receiving objects:  11% (128/1155)
2023-04-27T15:59:31.0981346Z Receiving objects:  12% (139/1155)
2023-04-27T15:59:31.0984095Z Receiving objects:  13% (151/1155)
2023-04-27T15:59:31.0985404Z Receiving objects:  14% (162/1155)
2023-04-27T15:59:31.0986492Z Receiving objects:  15% (174/1155)
2023-04-27T15:59:31.0988190Z Receiving objects:  16% (185/1155)
2023-04-27T15:59:31.0995003Z Receiving objects:  17% (197/1155)
2023-04-27T15:59:31.0995320Z Receiving objects:  18% (208/1155)
2023-04-27T15:59:31.0996082Z Receiving objects:  19% (220/1155)
2023-04-27T15:59:31.0998088Z Receiving objects:  20% (231/1155)
2023-04-27T15:59:31.1001666Z Receiving objects:  21% (243/1155)
2023-04-27T15:59:31.1002916Z Receiving objects:  22% (255/1155)
2023-04-27T15:59:31.1051030Z Receiving objects:  23% (266/1155)
2023-04-27T15:59:31.1051356Z Receiving objects:  24% (278/1155)
2023-04-27T15:59:31.1068808Z Receiving objects:  25% (289/1155)
2023-04-27T15:59:31.1069605Z Receiving objects:  26% (301/1155)
2023-04-27T15:59:31.1070826Z Receiving objects:  27% (312/1155)
2023-04-27T15:59:31.1071296Z Receiving objects:  28% (324/1155)
2023-04-27T15:59:31.1071814Z Receiving objects:  29% (335/1155)
2023-04-27T15:59:31.1072716Z Receiving objects:  30% (347/1155)
2023-04-27T15:59:31.1073636Z Receiving objects:  31% (359/1155)
2023-04-27T15:59:31.1074446Z Receiving objects:  32% (370/1155)
2023-04-27T15:59:31.1075320Z Receiving objects:  33% (382/1155)
2023-04-27T15:59:31.1076109Z Receiving objects:  34% (393/1155)
2023-04-27T15:59:31.1162101Z Receiving objects:  35% (405/1155)
2023-04-27T15:59:31.1162931Z Receiving objects:  36% (416/1155)
2023-04-27T15:59:31.1164062Z Receiving objects:  37% (428/1155)
2023-04-27T15:59:31.1166213Z Receiving objects:  38% (439/1155)
2023-04-27T15:59:31.1167340Z Receiving objects:  39% (451/1155)
2023-04-27T15:59:31.1167967Z Receiving objects:  40% (462/1155)
2023-04-27T15:59:31.1168866Z Receiving objects:  41% (474/1155)
2023-04-27T15:59:31.1169496Z Receiving objects:  42% (486/1155)
2023-04-27T15:59:31.1175651Z Receiving objects:  43% (497/1155)
2023-04-27T15:59:31.1176235Z Receiving objects:  44% (509/1155)
2023-04-27T15:59:31.1177006Z Receiving objects:  45% (520/1155)
2023-04-27T15:59:31.1184100Z Receiving objects:  46% (532/1155)
2023-04-27T15:59:31.1184364Z Receiving objects:  47% (543/1155)
2023-04-27T15:59:31.1186549Z Receiving objects:  48% (555/1155)
2023-04-27T15:59:31.1193513Z Receiving objects:  49% (566/1155)
2023-04-27T15:59:31.1195450Z Receiving objects:  50% (578/1155)
2023-04-27T15:59:31.1196491Z Receiving objects:  51% (590/1155)
2023-04-27T15:59:31.1198378Z Receiving objects:  52% (601/1155)
2023-04-27T15:59:31.1205392Z Receiving objects:  53% (613/1155)
2023-04-27T15:59:31.1210688Z Receiving objects:  54% (624/1155)
2023-04-27T15:59:31.1211808Z Receiving objects:  55% (636/1155)
2023-04-27T15:59:31.1212943Z Receiving objects:  56% (647/1155)
2023-04-27T15:59:31.1213198Z Receiving objects:  57% (659/1155)
2023-04-27T15:59:31.1213420Z Receiving objects:  58% (670/1155)
2023-04-27T15:59:31.1213657Z Receiving objects:  59% (682/1155)
2023-04-27T15:59:31.1213892Z Receiving objects:  60% (693/1155)
2023-04-27T15:59:31.1214116Z Receiving objects:  61% (705/1155)
2023-04-27T15:59:31.1214353Z Receiving objects:  62% (717/1155)
2023-04-27T15:59:31.1215004Z Receiving objects:  63% (728/1155)
2023-04-27T15:59:31.1215239Z Receiving objects:  64% (740/1155)
2023-04-27T15:59:31.1215490Z Receiving objects:  65% (751/1155)
2023-04-27T15:59:31.1215932Z Receiving objects:  66% (763/1155)
2023-04-27T15:59:31.1216176Z Receiving objects:  67% (774/1155)
2023-04-27T15:59:31.1216896Z Receiving objects:  68% (786/1155)
2023-04-27T15:59:31.1217202Z Receiving objects:  69% (797/1155)
2023-04-27T15:59:31.1218782Z Receiving objects:  70% (809/1155)
2023-04-27T15:59:31.1220142Z Receiving objects:  71% (821/1155)
2023-04-27T15:59:31.1220479Z Receiving objects:  72% (832/1155)
2023-04-27T15:59:31.1245028Z Receiving objects:  73% (844/1155)
2023-04-27T15:59:31.1245784Z Receiving objects:  74% (855/1155)
2023-04-27T15:59:31.1247484Z Receiving objects:  75% (867/1155)
2023-04-27T15:59:31.1248258Z Receiving objects:  76% (878/1155)
2023-04-27T15:59:31.1249010Z Receiving objects:  77% (890/1155)
2023-04-27T15:59:31.1258130Z Receiving objects:  78% (901/1155)
2023-04-27T15:59:31.1258771Z Receiving objects:  79% (913/1155)
2023-04-27T15:59:31.1261897Z Receiving objects:  80% (924/1155)
2023-04-27T15:59:31.1262592Z Receiving objects:  81% (936/1155)
2023-04-27T15:59:31.1263900Z Receiving objects:  82% (948/1155)
2023-04-27T15:59:31.1267159Z Receiving objects:  83% (959/1155)
2023-04-27T15:59:31.1394191Z Receiving objects:  84% (971/1155)
2023-04-27T15:59:31.1394478Z Receiving objects:  85% (982/1155)
2023-04-27T15:59:31.1394740Z Receiving objects:  86% (994/1155)
2023-04-27T15:59:31.1395000Z Receiving objects:  87% (1005/1155)
2023-04-27T15:59:31.1395245Z Receiving objects:  88% (1017/1155)
2023-04-27T15:59:31.1395509Z Receiving objects:  89% (1028/1155)
2023-04-27T15:59:31.1398181Z Receiving objects:  90% (1040/1155)
2023-04-27T15:59:31.1398469Z Receiving objects:  91% (1052/1155)
2023-04-27T15:59:31.1398717Z Receiving objects:  92% (1063/1155)
2023-04-27T15:59:31.1398978Z Receiving objects:  93% (1075/1155)
2023-04-27T15:59:31.1399785Z remote: Total 1155 (delta 158), reused 197 (delta 113), pack-reused 778        
2023-04-27T15:59:31.1400086Z Receiving objects:  94% (1086/1155)
2023-04-27T15:59:31.1400339Z Receiving objects:  95% (1098/1155)
2023-04-27T15:59:31.1400899Z Receiving objects:  96% (1109/1155)
2023-04-27T15:59:31.1401135Z Receiving objects:  97% (1121/1155)
2023-04-27T15:59:31.1402294Z Receiving objects:  98% (1132/1155)
2023-04-27T15:59:31.1402614Z Receiving objects:  99% (1144/1155)
2023-04-27T15:59:31.1402852Z Receiving objects: 100% (1155/1155)
2023-04-27T15:59:31.1403139Z Receiving objects: 100% (1155/1155), 294.56 KiB | 5.17 MiB/s, done.
2023-04-27T15:59:31.1403428Z Resolving deltas:   0% (0/627)
2023-04-27T15:59:31.1403664Z Resolving deltas:   1% (7/627)
2023-04-27T15:59:31.1403922Z Resolving deltas:   2% (13/627)
2023-04-27T15:59:31.1404169Z Resolving deltas:   3% (19/627)
2023-04-27T15:59:31.1404419Z Resolving deltas:   4% (26/627)
2023-04-27T15:59:31.1404649Z Resolving deltas:   5% (32/627)
2023-04-27T15:59:31.1404893Z Resolving deltas:   6% (38/627)
2023-04-27T15:59:31.1405138Z Resolving deltas:   7% (44/627)
2023-04-27T15:59:31.1405370Z Resolving deltas:   8% (51/627)
2023-04-27T15:59:31.1405612Z Resolving deltas:   9% (57/627)
2023-04-27T15:59:31.1406766Z Resolving deltas:  10% (63/627)
2023-04-27T15:59:31.1407010Z Resolving deltas:  11% (69/627)
2023-04-27T15:59:31.1407269Z Resolving deltas:  12% (76/627)
2023-04-27T15:59:31.1407514Z Resolving deltas:  13% (82/627)
2023-04-27T15:59:31.1407742Z Resolving deltas:  14% (88/627)
2023-04-27T15:59:31.1407983Z Resolving deltas:  15% (95/627)
2023-04-27T15:59:31.1408233Z Resolving deltas:  16% (101/627)
2023-04-27T15:59:31.1408468Z Resolving deltas:  17% (107/627)
2023-04-27T15:59:31.1408714Z Resolving deltas:  18% (113/627)
2023-04-27T15:59:31.1408964Z Resolving deltas:  19% (120/627)
2023-04-27T15:59:31.1409199Z Resolving deltas:  20% (126/627)
2023-04-27T15:59:31.1410259Z Resolving deltas:  21% (132/627)
2023-04-27T15:59:31.1411309Z Resolving deltas:  22% (138/627)
2023-04-27T15:59:31.1411573Z Resolving deltas:  23% (145/627)
2023-04-27T15:59:31.1411813Z Resolving deltas:  24% (151/627)
2023-04-27T15:59:31.1412058Z Resolving deltas:  25% (157/627)
2023-04-27T15:59:31.1412316Z Resolving deltas:  26% (164/627)
2023-04-27T15:59:31.1412554Z Resolving deltas:  27% (170/627)
2023-04-27T15:59:31.1412804Z Resolving deltas:  28% (176/627)
2023-04-27T15:59:31.1419011Z Resolving deltas:  29% (182/627)
2023-04-27T15:59:31.1419493Z Resolving deltas:  30% (189/627)
2023-04-27T15:59:31.1419919Z Resolving deltas:  31% (195/627)
2023-04-27T15:59:31.1420177Z Resolving deltas:  32% (201/627)
2023-04-27T15:59:31.1420416Z Resolving deltas:  33% (207/627)
2023-04-27T15:59:31.1429404Z Resolving deltas:  34% (214/627)
2023-04-27T15:59:31.1429690Z Resolving deltas:  35% (220/627)
2023-04-27T15:59:31.1434013Z Resolving deltas:  36% (226/627)
2023-04-27T15:59:31.1434381Z Resolving deltas:  37% (232/627)
2023-04-27T15:59:31.1434648Z Resolving deltas:  38% (239/627)
2023-04-27T15:59:31.1435828Z Resolving deltas:  39% (245/627)
2023-04-27T15:59:31.1436101Z Resolving deltas:  40% (251/627)
2023-04-27T15:59:31.1436373Z Resolving deltas:  41% (258/627)
2023-04-27T15:59:31.1441257Z Resolving deltas:  42% (264/627)
2023-04-27T15:59:31.1441529Z Resolving deltas:  43% (270/627)
2023-04-27T15:59:31.1447322Z Resolving deltas:  44% (276/627)
2023-04-27T15:59:31.1450903Z Resolving deltas:  45% (283/627)
2023-04-27T15:59:31.1455051Z Resolving deltas:  46% (289/627)
2023-04-27T15:59:31.1459202Z Resolving deltas:  47% (295/627)
2023-04-27T15:59:31.1464041Z Resolving deltas:  48% (301/627)
2023-04-27T15:59:31.1467444Z Resolving deltas:  49% (308/627)
2023-04-27T15:59:31.1473232Z Resolving deltas:  50% (314/627)
2023-04-27T15:59:31.1475678Z Resolving deltas:  51% (320/627)
2023-04-27T15:59:31.1480439Z Resolving deltas:  52% (327/627)
2023-04-27T15:59:31.1490166Z Resolving deltas:  53% (333/627)
2023-04-27T15:59:31.1497607Z Resolving deltas:  54% (339/627)
2023-04-27T15:59:31.1501143Z Resolving deltas:  55% (345/627)
2023-04-27T15:59:31.1505783Z Resolving deltas:  56% (352/627)
2023-04-27T15:59:31.1515714Z Resolving deltas:  57% (358/627)
2023-04-27T15:59:31.1525068Z Resolving deltas:  58% (364/627)
2023-04-27T15:59:31.1533843Z Resolving deltas:  59% (370/627)
2023-04-27T15:59:31.1540476Z Resolving deltas:  60% (377/627)
2023-04-27T15:59:31.1545726Z Resolving deltas:  61% (383/627)
2023-04-27T15:59:31.1546245Z Resolving deltas:  62% (389/627)
2023-04-27T15:59:31.1550353Z Resolving deltas:  63% (396/627)
2023-04-27T15:59:31.1553195Z Resolving deltas:  64% (402/627)
2023-04-27T15:59:31.1558676Z Resolving deltas:  65% (408/627)
2023-04-27T15:59:31.1558953Z Resolving deltas:  66% (414/627)
2023-04-27T15:59:31.1559201Z Resolving deltas:  67% (421/627)
2023-04-27T15:59:31.1559432Z Resolving deltas:  68% (427/627)
2023-04-27T15:59:31.1559676Z Resolving deltas:  69% (433/627)
2023-04-27T15:59:31.1559918Z Resolving deltas:  70% (439/627)
2023-04-27T15:59:31.1560144Z Resolving deltas:  71% (446/627)
2023-04-27T15:59:31.1560386Z Resolving deltas:  72% (452/627)
2023-04-27T15:59:31.1564848Z Resolving deltas:  73% (458/627)
2023-04-27T15:59:31.1565105Z Resolving deltas:  74% (464/627)
2023-04-27T15:59:31.1565344Z Resolving deltas:  75% (471/627)
2023-04-27T15:59:31.1565599Z Resolving deltas:  76% (477/627)
2023-04-27T15:59:31.1565826Z Resolving deltas:  77% (483/627)
2023-04-27T15:59:31.1566072Z Resolving deltas:  78% (490/627)
2023-04-27T15:59:31.1566315Z Resolving deltas:  79% (496/627)
2023-04-27T15:59:31.1568394Z Resolving deltas:  80% (502/627)
2023-04-27T15:59:31.1571172Z Resolving deltas:  81% (508/627)
2023-04-27T15:59:31.1578293Z Resolving deltas:  82% (515/627)
2023-04-27T15:59:31.1583201Z Resolving deltas:  83% (521/627)
2023-04-27T15:59:31.1593362Z Resolving deltas:  84% (527/627)
2023-04-27T15:59:31.1593680Z Resolving deltas:  85% (533/627)
2023-04-27T15:59:31.1593960Z Resolving deltas:  86% (540/627)
2023-04-27T15:59:31.1594222Z Resolving deltas:  87% (546/627)
2023-04-27T15:59:31.1594807Z Resolving deltas:  88% (552/627)
2023-04-27T15:59:31.1595043Z Resolving deltas:  89% (559/627)
2023-04-27T15:59:31.1595260Z Resolving deltas:  90% (565/627)
2023-04-27T15:59:31.1595494Z Resolving deltas:  91% (571/627)
2023-04-27T15:59:31.1597657Z Resolving deltas:  92% (577/627)
2023-04-27T15:59:31.1598798Z Resolving deltas:  93% (584/627)
2023-04-27T15:59:31.1605714Z Resolving deltas:  94% (590/627)
2023-04-27T15:59:31.1608882Z Resolving deltas:  95% (596/627)
2023-04-27T15:59:31.1611840Z Resolving deltas:  96% (602/627)
2023-04-27T15:59:31.1617076Z Resolving deltas:  97% (609/627)
2023-04-27T15:59:31.1620404Z Resolving deltas:  98% (615/627)
2023-04-27T15:59:31.1641428Z Resolving deltas:  99% (621/627)
2023-04-27T15:59:31.1642864Z Resolving deltas: 100% (627/627)
2023-04-27T15:59:31.1643159Z Resolving deltas: 100% (627/627), done.
2023-04-27T15:59:31.1883870Z From https://github.com/con/tinuous
2023-04-27T15:59:31.1885464Z  * [new branch]      cleanup         -> origin/cleanup
2023-04-27T15:59:31.1886505Z  * [new branch]      enh-codespell   -> origin/enh-codespell
2023-04-27T15:59:31.1887435Z  * [new branch]      gh-124          -> origin/gh-124
2023-04-27T15:59:31.1888843Z  * [new branch]      gh-55           -> origin/gh-55
2023-04-27T15:59:31.1889999Z  * [new branch]      master          -> origin/master
2023-04-27T15:59:31.1891076Z  * [new branch]      no-extra-search -> origin/no-extra-search
2023-04-27T15:59:31.1965478Z  * [new branch]      test-appveyor   -> origin/test-appveyor
2023-04-27T15:59:31.1966435Z  * [new tag]         0.1.0           -> 0.1.0
2023-04-27T15:59:31.1966780Z  * [new tag]         0.2.0           -> 0.2.0
2023-04-27T15:59:31.1967245Z  * [new tag]         0.3.0           -> 0.3.0
2023-04-27T15:59:31.1967616Z  * [new tag]         0.4.0           -> 0.4.0
2023-04-27T15:59:31.1968222Z  * [new tag]         0.5.0           -> 0.5.0
2023-04-27T15:59:31.1968559Z  * [new tag]         0.5.1           -> 0.5.1
2023-04-27T15:59:31.1969135Z  * [new tag]         0.5.2           -> 0.5.2
2023-04-27T15:59:31.1969638Z  * [new tag]         0.5.3           -> 0.5.3
2023-04-27T15:59:31.1970124Z  * [new tag]         0.5.4           -> 0.5.4
2023-04-27T15:59:31.1970441Z  * [new tag]         0.6.0           -> 0.6.0
2023-04-27T15:59:31.1971073Z  * [new tag]         0.6.1           -> 0.6.1
2023-04-27T15:59:31.2028399Z [command]/usr/bin/git branch --list --remote origin/enh-codespell
2023-04-27T15:59:31.2060438Z   origin/enh-codespell
2023-04-27T15:59:31.2086865Z [command]/usr/bin/git rev-parse refs/remotes/origin/enh-codespell
2023-04-27T15:59:31.2110070Z 12b0eb5044689730edd3652618e5571f51ba6d1c
2023-04-27T15:59:31.2120333Z ##[endgroup]
2023-04-27T15:59:31.2120785Z ##[group]Determining the checkout info
2023-04-27T15:59:31.2124735Z ##[endgroup]
2023-04-27T15:59:31.2125559Z ##[group]Checking out the ref
2023-04-27T15:59:31.2132149Z [command]/usr/bin/git checkout --progress --force -B enh-codespell refs/remotes/origin/enh-codespell
2023-04-27T15:59:31.2203661Z Switched to a new branch 'enh-codespell'
2023-04-27T15:59:31.2206959Z branch 'enh-codespell' set up to track 'origin/enh-codespell'.
2023-04-27T15:59:31.2214777Z ##[endgroup]
2023-04-27T15:59:31.2258927Z [command]/usr/bin/git log -1 --format='%H'
2023-04-27T15:59:31.2287871Z '12b0eb5044689730edd3652618e5571f51ba6d1c'
2023-04-27T15:59:31.2664792Z ##[group]Run actions/setup-python@v4
2023-04-27T15:59:31.2665449Z with:
2023-04-27T15:59:31.2665832Z   python-version: 3.8
2023-04-27T15:59:31.2666404Z   check-latest: false
2023-04-27T15:59:31.2666953Z   token: ***
2023-04-27T15:59:31.2667187Z   update-environment: true
2023-04-27T15:59:31.2667626Z   allow-prereleases: false
2023-04-27T15:59:31.2667845Z ##[endgroup]
2023-04-27T15:59:31.4762406Z ##[group]Installed versions
2023-04-27T15:59:31.4887686Z Successfully set up CPython (3.8.16)
2023-04-27T15:59:31.4888617Z ##[endgroup]
2023-04-27T15:59:31.5088301Z ##[group]Run python -m pip install --upgrade pip wheel
2023-04-27T15:59:31.5088925Z [36;1mpython -m pip install --upgrade pip wheel[0m
2023-04-27T15:59:31.5089275Z [36;1mpython -m pip install --upgrade --upgrade-strategy=eager tox[0m
2023-04-27T15:59:31.5159675Z shell: /usr/bin/bash -e {0}
2023-04-27T15:59:31.5159930Z env:
2023-04-27T15:59:31.5160240Z   pythonLocation: /opt/hostedtoolcache/Python/3.8.16/x64
2023-04-27T15:59:31.5160609Z   PKG_CONFIG_PATH: /opt/hostedtoolcache/Python/3.8.16/x64/lib/pkgconfig
2023-04-27T15:59:31.5160928Z   Python_ROOT_DIR: /opt/hostedtoolcache/Python/3.8.16/x64
2023-04-27T15:59:31.5161578Z   Python2_ROOT_DIR: /opt/hostedtoolcache/Python/3.8.16/x64
2023-04-27T15:59:31.5161937Z   Python3_ROOT_DIR: /opt/hostedtoolcache/Python/3.8.16/x64
2023-04-27T15:59:31.5162239Z   LD_LIBRARY_PATH: /opt/hostedtoolcache/Python/3.8.16/x64/lib
2023-04-27T15:59:31.5162505Z ##[endgroup]
2023-04-27T15:59:35.5160106Z Requirement already satisfied: pip in /opt/hostedtoolcache/Python/3.8.16/x64/lib/python3.8/site-packages (22.0.4)
2023-04-27T15:59:35.8338337Z Collecting pip
2023-04-27T15:59:35.9480641Z   Downloading pip-23.1.2-py3-none-any.whl (2.1 MB)
2023-04-27T15:59:36.0407887Z      ‚îÅ‚îÅ‚îÅ‚îÅ‚îÅ‚îÅ‚îÅ‚îÅ‚îÅ‚îÅ‚îÅ‚îÅ‚îÅ‚îÅ‚îÅ‚îÅ‚îÅ‚îÅ‚îÅ‚îÅ‚îÅ‚îÅ‚îÅ‚îÅ‚îÅ‚îÅ‚îÅ‚îÅ‚îÅ‚îÅ‚îÅ‚îÅ‚îÅ‚îÅ‚îÅ‚îÅ‚îÅ‚îÅ‚îÅ‚îÅ 2.1/2.1 MB 23.3 MB/s eta 0:00:00
2023-04-27T15:59:36.1161766Z Collecting wheel
2023-04-27T15:59:36.1224341Z   Downloading wheel-0.40.0-py3-none-any.whl (64 kB)
2023-04-27T15:59:36.1306583Z      ‚îÅ‚îÅ‚îÅ‚îÅ‚îÅ‚îÅ‚îÅ‚îÅ‚îÅ‚îÅ‚îÅ‚îÅ‚îÅ‚îÅ‚îÅ‚îÅ‚îÅ‚îÅ‚îÅ‚îÅ‚îÅ‚îÅ‚îÅ‚îÅ‚îÅ‚îÅ‚îÅ‚îÅ‚îÅ‚îÅ‚îÅ‚îÅ‚îÅ‚îÅ‚îÅ‚îÅ‚îÅ‚îÅ‚îÅ‚îÅ 64.5/64.5 kB 11.0 MB/s eta 0:00:00
2023-04-27T15:59:36.2175721Z Installing collected packages: wheel, pip
2023-04-27T15:59:36.2756896Z   Attempting uninstall: pip
2023-04-27T15:59:36.2767071Z     Found existing installation: pip 22.0.4
2023-04-27T15:59:36.3864168Z     Uninstalling pip-22.0.4:
2023-04-27T15:59:36.4875181Z       Successfully uninstalled pip-22.0.4
2023-04-27T15:59:37.9320186Z Successfully installed pip-23.1.2 wheel-0.40.0
2023-04-27T15:59:40.0496920Z Collecting tox
2023-04-27T15:59:40.1579960Z   Downloading tox-4.5.1-py3-none-any.whl (148 kB)
2023-04-27T15:59:40.2137016Z      ‚îÅ‚îÅ‚îÅ‚îÅ‚îÅ‚îÅ‚îÅ‚îÅ‚îÅ‚îÅ‚îÅ‚îÅ‚îÅ‚îÅ‚îÅ‚îÅ‚îÅ‚îÅ‚îÅ‚îÅ‚îÅ‚îÅ‚îÅ‚îÅ‚îÅ‚îÅ‚îÅ‚îÅ‚îÅ‚îÅ‚îÅ‚îÅ‚îÅ‚îÅ‚îÅ‚îÅ‚îÅ‚îÅ‚îÅ 149.0/149.0 kB 2.8 MB/s eta 0:00:00
2023-04-27T15:59:40.3115742Z Collecting cachetools>=5.3 (from tox)
2023-04-27T15:59:40.3178448Z   Downloading cachetools-5.3.0-py3-none-any.whl (9.3 kB)
2023-04-27T15:59:40.3443729Z Collecting chardet>=5.1 (from tox)
2023-04-27T15:59:40.3497674Z   Downloading chardet-5.1.0-py3-none-any.whl (199 kB)
2023-04-27T15:59:40.3632285Z      ‚îÅ‚îÅ‚îÅ‚îÅ‚îÅ‚îÅ‚îÅ‚îÅ‚îÅ‚îÅ‚îÅ‚îÅ‚îÅ‚îÅ‚îÅ‚îÅ‚îÅ‚îÅ‚îÅ‚îÅ‚îÅ‚îÅ‚îÅ‚îÅ‚îÅ‚îÅ‚îÅ‚îÅ‚îÅ‚îÅ‚îÅ‚îÅ‚îÅ‚îÅ‚îÅ‚îÅ‚îÅ‚îÅ 199.1/199.1 kB 19.8 MB/s eta 0:00:00
2023-04-27T15:59:40.4067518Z Collecting colorama>=0.4.6 (from tox)
2023-04-27T15:59:40.4139051Z   Downloading colorama-0.4.6-py2.py3-none-any.whl (25 kB)
2023-04-27T15:59:40.4640332Z Collecting filelock>=3.11 (from tox)
2023-04-27T15:59:40.4693937Z   Downloading filelock-3.12.0-py3-none-any.whl (10 kB)
2023-04-27T15:59:40.5219280Z Collecting packaging>=23.1 (from tox)
2023-04-27T15:59:40.5282040Z   Downloading packaging-23.1-py3-none-any.whl (48 kB)
2023-04-27T15:59:40.5359643Z      ‚îÅ‚îÅ‚îÅ‚îÅ‚îÅ‚îÅ‚îÅ‚îÅ‚îÅ‚îÅ‚îÅ‚îÅ‚îÅ‚îÅ‚îÅ‚îÅ‚îÅ‚îÅ‚îÅ‚îÅ‚îÅ‚îÅ‚îÅ‚îÅ‚îÅ‚îÅ‚îÅ‚îÅ‚îÅ‚îÅ‚îÅ‚îÅ‚îÅ‚îÅ‚îÅ‚îÅ‚îÅ‚îÅ‚îÅ‚îÅ 48.9/48.9 kB 9.1 MB/s eta 0:00:00
2023-04-27T15:59:40.5955263Z Collecting platformdirs>=3.2 (from tox)
2023-04-27T15:59:40.6020879Z   Downloading platformdirs-3.4.0-py3-none-any.whl (15 kB)
2023-04-27T15:59:40.6391179Z Collecting pluggy>=1 (from tox)
2023-04-27T15:59:40.6452790Z   Downloading pluggy-1.0.0-py2.py3-none-any.whl (13 kB)
2023-04-27T15:59:40.6743782Z Collecting pyproject-api>=1.5.1 (from tox)
2023-04-27T15:59:40.6803902Z   Downloading pyproject_api-1.5.1-py3-none-any.whl (12 kB)
2023-04-27T15:59:40.7166099Z Collecting tomli>=2.0.1 (from tox)
2023-04-27T15:59:40.7241841Z   Downloading tomli-2.0.1-py3-none-any.whl (12 kB)
2023-04-27T15:59:40.8923378Z Collecting virtualenv>=20.21 (from tox)
2023-04-27T15:59:40.8987807Z   Downloading virtualenv-20.22.0-py3-none-any.whl (3.2 MB)
2023-04-27T15:59:40.9499753Z      ‚îÅ‚îÅ‚îÅ‚îÅ‚îÅ‚îÅ‚îÅ‚îÅ‚îÅ‚îÅ‚îÅ‚îÅ‚îÅ‚îÅ‚îÅ‚îÅ‚îÅ‚îÅ‚îÅ‚îÅ‚îÅ‚îÅ‚îÅ‚îÅ‚îÅ‚îÅ‚îÅ‚îÅ‚îÅ‚îÅ‚îÅ‚îÅ‚îÅ‚îÅ‚îÅ‚îÅ‚îÅ‚îÅ‚îÅ‚îÅ 3.2/3.2 MB 69.5 MB/s eta 0:00:00
2023-04-27T15:59:41.0983268Z Collecting distlib<1,>=0.3.6 (from virtualenv>=20.21->tox)
2023-04-27T15:59:41.1038815Z   Downloading distlib-0.3.6-py2.py3-none-any.whl (468 kB)
2023-04-27T15:59:41.1161032Z      ‚îÅ‚îÅ‚îÅ‚îÅ‚îÅ‚îÅ‚îÅ‚îÅ‚îÅ‚îÅ‚îÅ‚îÅ‚îÅ‚îÅ‚îÅ‚îÅ‚îÅ‚îÅ‚îÅ‚îÅ‚îÅ‚îÅ‚îÅ‚îÅ‚îÅ‚îÅ‚îÅ‚îÅ‚îÅ‚îÅ‚îÅ‚îÅ‚îÅ‚îÅ‚îÅ‚îÅ‚îÅ‚îÅ 468.5/468.5 kB 53.4 MB/s eta 0:00:00
2023-04-27T15:59:41.3246224Z Installing collected packages: distlib, tomli, pluggy, platformdirs, packaging, filelock, colorama, chardet, cachetools, virtualenv, pyproject-api, tox
2023-04-27T15:59:42.1735146Z Successfully installed cachetools-5.3.0 chardet-5.1.0 colorama-0.4.6 distlib-0.3.6 filelock-3.12.0 packaging-23.1 platformdirs-3.4.0 pluggy-1.0.0 pyproject-api-1.5.1 tomli-2.0.1 tox-4.5.1 virtualenv-20.22.0
2023-04-27T15:59:42.8742028Z ##[group]Run tox -e py -- --cov-report=xml
2023-04-27T15:59:42.8742351Z [36;1mtox -e py -- --cov-report=xml[0m
2023-04-27T15:59:42.8798708Z shell: /usr/bin/bash -e {0}
2023-04-27T15:59:42.8798927Z env:
2023-04-27T15:59:42.8799172Z   pythonLocation: /opt/hostedtoolcache/Python/3.8.16/x64
2023-04-27T15:59:42.8799507Z   PKG_CONFIG_PATH: /opt/hostedtoolcache/Python/3.8.16/x64/lib/pkgconfig
2023-04-27T15:59:42.8799832Z   Python_ROOT_DIR: /opt/hostedtoolcache/Python/3.8.16/x64
2023-04-27T15:59:42.8800280Z   Python2_ROOT_DIR: /opt/hostedtoolcache/Python/3.8.16/x64
2023-04-27T15:59:42.8800619Z   Python3_ROOT_DIR: /opt/hostedtoolcache/Python/3.8.16/x64
2023-04-27T15:59:42.8801076Z   LD_LIBRARY_PATH: /opt/hostedtoolcache/Python/3.8.16/x64/lib
2023-04-27T15:59:42.8801317Z ##[endgroup]
2023-04-27T15:59:43.9692614Z py: install_deps> python -I -m pip install pytest pytest-cov pytest-mock
2023-04-27T15:59:48.2354294Z .pkg: install_requires> python -I -m pip install 'setuptools>=46.4.0' versioningit
2023-04-27T15:59:50.9034335Z .pkg: _optional_hooks> python /opt/hostedtoolcache/Python/3.8.16/x64/lib/python3.8/site-packages/pyproject_api/_backend.py True setuptools.build_meta
2023-04-27T15:59:51.3345970Z .pkg: get_requires_for_build_sdist> python /opt/hostedtoolcache/Python/3.8.16/x64/lib/python3.8/site-packages/pyproject_api/_backend.py True setuptools.build_meta
2023-04-27T15:59:51.5808575Z .pkg: freeze> python -m pip freeze --all
2023-04-27T15:59:52.0571342Z .pkg: importlib-metadata==6.6.0,packaging==23.1,pip==23.1,setuptools==67.6.1,tomli==2.0.1,versioningit==2.2.0,wheel==0.40.0,zipp==3.15.0
2023-04-27T15:59:52.0579329Z .pkg: prepare_metadata_for_build_wheel> python /opt/hostedtoolcache/Python/3.8.16/x64/lib/python3.8/site-packages/pyproject_api/_backend.py True setuptools.build_meta
2023-04-27T15:59:52.2464512Z .pkg: build_sdist> python /opt/hostedtoolcache/Python/3.8.16/x64/lib/python3.8/site-packages/pyproject_api/_backend.py True setuptools.build_meta
2023-04-27T15:59:52.3644576Z py: install_package_deps> python -I -m pip install 'PyGithub~=1.55' 'PyYAML>=5.0' 'click-loglevel~=0.2' 'click>=7.0' 'in-place~=0.4' 'pydantic~=1.7' 'python-dateutil~=2.7' 'python-dotenv<2.0,>=0.11' 'requests~=2.20'
2023-04-27T15:59:59.0209608Z py: install_package> python -I -m pip install --force-reinstall --no-deps /home/runner/work/tinuous/tinuous/.tox/.tmp/package/1/tinuous-0.6.1.post13+g12b0eb5.tar.gz
2023-04-27T16:00:06.0251340Z py: freeze> python -m pip freeze --all
2023-04-27T16:00:06.5489214Z py: certifi==2022.12.7,cffi==1.15.1,charset-normalizer==3.1.0,click==8.1.3,click-loglevel==0.4.0.post1,coverage==7.2.3,cryptography==40.0.2,Deprecated==1.2.13,exceptiongroup==1.1.1,idna==3.4,in-place==0.5.0,iniconfig==2.0.0,packaging==23.1,pip==23.1,pluggy==1.0.0,pycparser==2.21,pydantic==1.10.7,PyGithub==1.58.1,PyJWT==2.6.0,PyNaCl==1.5.0,pytest==7.3.1,pytest-cov==4.0.0,pytest-mock==3.10.0,python-dateutil==2.8.2,python-dotenv==1.0.0,PyYAML==6.0,requests==2.29.0,setuptools==67.6.1,six==1.16.0,tinuous @ file:///home/runner/work/tinuous/tinuous/.tox/.tmp/package/1/tinuous-0.6.1.post13%2Bg12b0eb5.tar.gz#sha256=79a235fb54f1d6a603d15a20bc492f5433a2a0e60efffd4224038f69905c348d,tomli==2.0.1,typing_extensions==4.5.0,urllib3==1.26.15,wheel==0.40.0,wrapt==1.15.0
2023-04-27T16:00:06.5500134Z py: commands[0]> tinuous --help
2023-04-27T16:00:06.9368500Z Usage: tinuous [OPTIONS] COMMAND [ARGS]...
2023-04-27T16:00:06.9369256Z 
2023-04-27T16:00:06.9369796Z   Download build logs from GitHub Actions, Travis, and Appveyor
2023-04-27T16:00:06.9370223Z 
2023-04-27T16:00:06.9421373Z Options:
2023-04-27T16:00:06.9425101Z   -V, --version                   Show the version and exit.
2023-04-27T16:00:06.9425759Z   -c, --config FILE               Read configuration from the given file
2023-04-27T16:00:06.9426150Z                                   [default: tinuous.yaml]
2023-04-27T16:00:06.9426650Z   -E, --env FILE                  Load environment variables from given .env
2023-04-27T16:00:06.9426978Z                                   file
2023-04-27T16:00:06.9427925Z   -l, --log-level [NOTSET|DEBUG|INFO|WARNING|ERROR|CRITICAL]
2023-04-27T16:00:06.9428351Z                                   Set logging level  [default: INFO]
2023-04-27T16:00:06.9428790Z   --help                          Show this message and exit.
2023-04-27T16:00:06.9428995Z 
2023-04-27T16:00:06.9429089Z Commands:
2023-04-27T16:00:06.9429342Z   fetch     Download logs
2023-04-27T16:00:06.9429630Z   sanitize  Sanitize secrets in logs
2023-04-27T16:00:06.9765690Z py: commands[1]> pytest --cov-report=xml test
2023-04-27T16:00:08.6947421Z ============================= test session starts ==============================
2023-04-27T16:00:08.6948618Z platform linux -- Python 3.8.16, pytest-7.3.1, pluggy-1.0.0
2023-04-27T16:00:08.6949073Z cachedir: .tox/py/.pytest_cache
2023-04-27T16:00:08.6949798Z rootdir: /home/runner/work/tinuous/tinuous
2023-04-27T16:00:08.6950165Z configfile: tox.ini
2023-04-27T16:00:08.6950617Z plugins: cov-4.0.0, mock-3.10.0
2023-04-27T16:00:08.6950980Z collected 63 items
2023-04-27T16:00:08.6951246Z 
2023-04-27T16:00:08.7165749Z test/test_base.py .........                                              [ 14%]
2023-04-27T16:00:08.7417590Z test/test_config.py ........                                             [ 26%]
2023-04-27T16:00:08.7734491Z test/test_state.py .......                                               [ 38%]
2023-04-27T16:00:09.1624359Z test/test_util.py .......................................                [100%]
2023-04-27T16:00:09.1624820Z 
2023-04-27T16:00:09.1625467Z ---------- coverage: platform linux, python 3.8.16-final-0 -----------
2023-04-27T16:00:09.1625963Z Coverage XML written to file coverage.xml
2023-04-27T16:00:09.1626235Z 
2023-04-27T16:00:09.1626315Z 
2023-04-27T16:00:09.1626553Z ============================== 63 passed in 1.13s ==============================
2023-04-27T16:00:09.2420321Z .pkg: _exit> python /opt/hostedtoolcache/Python/3.8.16/x64/lib/python3.8/site-packages/pyproject_api/_backend.py True setuptools.build_meta
2023-04-27T16:00:09.2861231Z   py: OK (25.76=setup[23.07]+cmd[0.42,2.26] seconds)
2023-04-27T16:00:09.2862020Z   congratulations :) (26.11 seconds)
2023-04-27T16:00:09.3379041Z ##[group]Run codecov/codecov-action@v3
2023-04-27T16:00:09.3379332Z with:
2023-04-27T16:00:09.3379720Z   fail_ci_if_error: false
2023-04-27T16:00:09.3379943Z env:
2023-04-27T16:00:09.3380220Z   pythonLocation: /opt/hostedtoolcache/Python/3.8.16/x64
2023-04-27T16:00:09.3380588Z   PKG_CONFIG_PATH: /opt/hostedtoolcache/Python/3.8.16/x64/lib/pkgconfig
2023-04-27T16:00:09.3380946Z   Python_ROOT_DIR: /opt/hostedtoolcache/Python/3.8.16/x64
2023-04-27T16:00:09.3381268Z   Python2_ROOT_DIR: /opt/hostedtoolcache/Python/3.8.16/x64
2023-04-27T16:00:09.3381668Z   Python3_ROOT_DIR: /opt/hostedtoolcache/Python/3.8.16/x64
2023-04-27T16:00:09.3382008Z   LD_LIBRARY_PATH: /opt/hostedtoolcache/Python/3.8.16/x64/lib
2023-04-27T16:00:09.3382285Z ##[endgroup]
2023-04-27T16:00:09.5499322Z ==> linux OS detected
2023-04-27T16:00:10.0971294Z https://uploader.codecov.io/latest/linux/codecov.SHA256SUM
2023-04-27T16:00:10.2203740Z ==> SHASUM file signed by key id 806bb28aed779869
2023-04-27T16:00:10.5118565Z ==> Uploader SHASUM verified (02b055414cc124203ab061ffc45f5497ca39ede5e63a06717a6981c32d7b425f  codecov)
2023-04-27T16:00:10.5121282Z ==> Running version latest
2023-04-27T16:00:10.6538311Z ==> Running version v0.5.0
2023-04-27T16:00:10.6572913Z [command]/home/runner/work/_actions/codecov/codecov-action/v3/dist/codecov -n  -Q github-action-3.1.3
2023-04-27T16:00:10.9677492Z [2023-04-27T16:00:10.965Z] ['info'] 
2023-04-27T16:00:10.9678811Z      _____          _
2023-04-27T16:00:10.9679457Z     / ____|        | |
2023-04-27T16:00:10.9680571Z    | |     ___   __| | ___  ___ _____   __
2023-04-27T16:00:10.9680902Z    | |    / _ \ / _` |/ _ \/ __/ _ \ \ / /
2023-04-27T16:00:10.9681530Z    | |___| (_) | (_| |  __/ (_| (_) \ V /
2023-04-27T16:00:10.9682215Z     \_____\___/ \__,_|\___|\___\___/ \_/
2023-04-27T16:00:10.9682624Z 
2023-04-27T16:00:10.9682885Z   Codecov report uploader 0.5.0
2023-04-27T16:00:10.9759025Z [2023-04-27T16:00:10.975Z] ['info'] => Project root located at: /home/runner/work/tinuous/tinuous
2023-04-27T16:00:10.9792509Z [2023-04-27T16:00:10.978Z] ['info'] -> No token specified or token is empty
2023-04-27T16:00:10.9881483Z [2023-04-27T16:00:10.987Z] ['info'] Searching for coverage files...
2023-04-27T16:00:11.1309870Z [2023-04-27T16:00:11.130Z] ['info'] Warning: Some files located via search were excluded from upload.
2023-04-27T16:00:11.1316765Z [2023-04-27T16:00:11.131Z] ['info'] If Codecov did not locate your files, please review https://docs.codecov.com/docs/supported-report-formats
2023-04-27T16:00:11.1323717Z [2023-04-27T16:00:11.132Z] ['info'] => Found 1 possible coverage files:
2023-04-27T16:00:11.1324397Z   coverage.xml
2023-04-27T16:00:11.1333627Z [2023-04-27T16:00:11.132Z] ['info'] Processing /home/runner/work/tinuous/tinuous/coverage.xml...
2023-04-27T16:00:11.1386782Z [2023-04-27T16:00:11.138Z] ['info'] Detected GitHub Actions as the CI provider.
2023-04-27T16:00:11.3691125Z [2023-04-27T16:00:11.368Z] ['info'] Pinging Codecov: https://codecov.io/upload/v4?package=github-action-3.1.3-uploader-0.5.0&token=*******&branch=enh-codespell&build=4821885592&build_url=https%3A%2F%2Fgithub.com%2Fcon%2Ftinuous%2Factions%2Fruns%2F4821885592&commit=12b0eb5044689730edd3652618e5571f51ba6d1c&job=Test&pr=&service=github-actions&slug=con%2Ftinuous&name=&tag=&flags=&parent=
2023-04-27T16:00:11.8616231Z [2023-04-27T16:00:11.861Z] ['info'] https://app.codecov.io/github/con/tinuous/commit/12b0eb5044689730edd3652618e5571f51ba6d1c
2023-04-27T16:00:11.8619066Z https://storage.googleapis.com/codecov/v4/raw/2023-04-27/0010CBA6D851417C00BB0BC3FC5895F9/12b0eb5044689730edd3652618e5571f51ba6d1c/d1ec559a-de83-4944-9d1e-fb7a16f96fc5.txt?X-Amz-Algorithm=AWS4-HMAC-SHA256&X-Amz-Credential=GOOG1EJOGFN2JQ4OCTGA2MU5AEIT7OT5Z7HTFOAN2SPG4NWSN2UJYOY5U6LZQ%2F20230427%2FUS%2Fs3%2Faws4_request&X-Amz-Date=20230427T160011Z&X-Amz-Expires=10&X-Amz-SignedHeaders=host&X-Amz-Signature=7448da2304a30aaa28ac81c1b292c5dc397b1fdd654833e6e9ef26aa120f384f
2023-04-27T16:00:11.8625369Z [2023-04-27T16:00:11.862Z] ['info'] Uploading...
2023-04-27T16:00:12.1641807Z [2023-04-27T16:00:12.163Z] ['info'] {"status":"success","resultURL":"https://app.codecov.io/github/con/tinuous/commit/12b0eb5044689730edd3652618e5571f51ba6d1c"}
2023-04-27T16:00:12.2014439Z Post job cleanup.
2023-04-27T16:00:12.4025139Z Post job cleanup.
2023-04-27T16:00:12.5462907Z [command]/usr/bin/git version
2023-04-27T16:00:12.5550626Z git version 2.40.1
2023-04-27T16:00:12.5643062Z Temporarily overriding HOME='/home/runner/work/_temp/4886026f-8563-4bfc-9d38-2898a284dc8f' before making global git config changes
2023-04-27T16:00:12.5647663Z Adding repository directory to the temporary git global config as a safe directory
2023-04-27T16:00:12.5659177Z [command]/usr/bin/git config --global --add safe.directory /home/runner/work/tinuous/tinuous
2023-04-27T16:00:12.5723211Z [command]/usr/bin/git config --local --name-only --get-regexp core\.sshCommand
2023-04-27T16:00:12.5777141Z [command]/usr/bin/git submodule foreach --recursive sh -c "git config --local --name-only --get-regexp 'core\.sshCommand' && git config --local --unset-all 'core.sshCommand' || :"
2023-04-27T16:00:12.6120379Z [command]/usr/bin/git config --local --name-only --get-regexp http\.https\:\/\/github\.com\/\.extraheader
2023-04-27T16:00:12.6146405Z http.https://github.com/.extraheader
2023-04-27T16:00:12.6161452Z [command]/usr/bin/git config --local --unset-all http.https://github.com/.extraheader
2023-04-27T16:00:12.6205074Z [command]/usr/bin/git submodule foreach --recursive sh -c "git config --local --name-only --get-regexp 'http\.https\:\/\/github\.com\/\.extraheader' && git config --local --unset-all 'http.https://github.com/.extraheader' || :"
2023-04-27T16:00:12.6797490Z Cleaning up orphan processes
